[2024-02-17T21:04:35.667+0000][7][gc,init] CardTable entry size: 512
[2024-02-17T21:04:35.667+0000][7][gc     ] Using G1
[2024-02-17T21:04:35.759+0000][7][gc,init] Version: 18.0.1.1+2-6 (release)
[2024-02-17T21:04:35.759+0000][7][gc,init] CPUs: 8 total, 8 available
[2024-02-17T21:04:35.759+0000][7][gc,init] Memory: 19737M
[2024-02-17T21:04:35.759+0000][7][gc,init] Large Page Support: Disabled
[2024-02-17T21:04:35.759+0000][7][gc,init] NUMA Support: Disabled
[2024-02-17T21:04:35.759+0000][7][gc,init] Compressed Oops: Enabled (32-bit)
[2024-02-17T21:04:35.759+0000][7][gc,init] Heap Region Size: 4M
[2024-02-17T21:04:35.759+0000][7][gc,init] Heap Min Capacity: 1G
[2024-02-17T21:04:35.759+0000][7][gc,init] Heap Initial Capacity: 1G
[2024-02-17T21:04:35.759+0000][7][gc,init] Heap Max Capacity: 1G
[2024-02-17T21:04:35.759+0000][7][gc,init] Pre-touch: Enabled
[2024-02-17T21:04:35.759+0000][7][gc,init] Parallel Workers: 8
[2024-02-17T21:04:35.759+0000][7][gc,init] Concurrent Workers: 2
[2024-02-17T21:04:35.759+0000][7][gc,init] Concurrent Refinement Workers: 8
[2024-02-17T21:04:35.759+0000][7][gc,init] Periodic GC: Disabled
[2024-02-17T21:04:35.759+0000][7][gc,metaspace] CDS archive(s) mapped at: [0x0000000800000000-0x0000000800baf000-0x0000000800baf000), size 12251136, SharedBaseAddress: 0x0000000800000000, ArchiveRelocationMode: 0.
[2024-02-17T21:04:35.759+0000][7][gc,metaspace] Compressed class space mapped at: 0x0000000800c00000-0x0000000840c00000, reserved size: 1073741824
[2024-02-17T21:04:35.759+0000][7][gc,metaspace] Narrow klass base: 0x0000000800000000, Narrow klass shift: 0, Narrow klass range: 0x100000000
[2024-02-17T21:04:36.196+0000][7][safepoint   ] Safepoint "ICBufferFull", Time since last: 431817603 ns, Reaching safepoint: 151035 ns, At safepoint: 2274 ns, Total: 153309 ns
[2024-02-17T21:04:36.633+0000][7][safepoint   ] Safepoint "ICBufferFull", Time since last: 437013642 ns, Reaching safepoint: 150097 ns, At safepoint: 2072 ns, Total: 152169 ns
[2024-02-17T21:04:36.691+0000][7][gc,start    ] GC(0) Pause Young (Normal) (G1 Evacuation Pause)
[2024-02-17T21:04:36.691+0000][7][gc,task     ] GC(0) Using 8 workers of 8 for evacuation
[2024-02-17T21:04:36.691+0000][7][gc,age      ] GC(0) Desired survivor size 4194304 bytes, new threshold 15 (max threshold 15)
[2024-02-17T21:04:36.695+0000][7][gc,phases   ] GC(0)   Pre Evacuate Collection Set: 0.1ms
[2024-02-17T21:04:36.695+0000][7][gc,phases   ] GC(0)   Merge Heap Roots: 0.0ms
[2024-02-17T21:04:36.695+0000][7][gc,phases   ] GC(0)   Evacuate Collection Set: 3.6ms
[2024-02-17T21:04:36.695+0000][7][gc,phases   ] GC(0)   Post Evacuate Collection Set: 0.5ms
[2024-02-17T21:04:36.695+0000][7][gc,phases   ] GC(0)   Other: 0.1ms
[2024-02-17T21:04:36.695+0000][7][gc,age      ] GC(0) Age table with threshold 15 (max threshold 15)
[2024-02-17T21:04:36.695+0000][7][gc,age      ] GC(0) - age   1:    6407216 bytes,    6407216 total
[2024-02-17T21:04:36.695+0000][7][gc,heap     ] GC(0) Eden regions: 12->0(11)
[2024-02-17T21:04:36.695+0000][7][gc,heap     ] GC(0) Survivor regions: 0->2(2)
[2024-02-17T21:04:36.695+0000][7][gc,heap     ] GC(0) Old regions: 0->0
[2024-02-17T21:04:36.695+0000][7][gc,heap     ] GC(0) Archive regions: 2->2
[2024-02-17T21:04:36.695+0000][7][gc,heap     ] GC(0) Humongous regions: 0->0
[2024-02-17T21:04:36.695+0000][7][gc,metaspace] GC(0) Metaspace: 12182K(12608K)->12182K(12608K) NonClass: 10733K(10944K)->10733K(10944K) Class: 1449K(1664K)->1449K(1664K)
[2024-02-17T21:04:36.695+0000][7][gc          ] GC(0) Pause Young (Normal) (G1 Evacuation Pause) 51M->10M(1024M) 4.555ms
[2024-02-17T21:04:36.695+0000][7][gc,cpu      ] GC(0) User=0.02s Sys=0.00s Real=0.01s
[2024-02-17T21:04:36.695+0000][7][safepoint   ] Safepoint "G1CollectForAllocation", Time since last: 57324169 ns, Reaching safepoint: 36521 ns, At safepoint: 4597045 ns, Total: 4633566 ns
[2024-02-17T21:04:37.474+0000][7][gc,start    ] GC(1) Pause Young (Normal) (G1 Evacuation Pause)
[2024-02-17T21:04:37.474+0000][7][gc,task     ] GC(1) Using 8 workers of 8 for evacuation
[2024-02-17T21:04:37.474+0000][7][gc,age      ] GC(1) Desired survivor size 4194304 bytes, new threshold 1 (max threshold 15)
[2024-02-17T21:04:37.480+0000][7][gc,phases   ] GC(1)   Pre Evacuate Collection Set: 0.1ms
[2024-02-17T21:04:37.480+0000][7][gc,phases   ] GC(1)   Merge Heap Roots: 0.0ms
[2024-02-17T21:04:37.480+0000][7][gc,phases   ] GC(1)   Evacuate Collection Set: 5.2ms
[2024-02-17T21:04:37.480+0000][7][gc,phases   ] GC(1)   Post Evacuate Collection Set: 0.6ms
[2024-02-17T21:04:37.480+0000][7][gc,phases   ] GC(1)   Other: 0.1ms
[2024-02-17T21:04:37.480+0000][7][gc,age      ] GC(1) Age table with threshold 1 (max threshold 15)
[2024-02-17T21:04:37.480+0000][7][gc,age      ] GC(1) - age   1:    1393760 bytes,    1393760 total
[2024-02-17T21:04:37.480+0000][7][gc,heap     ] GC(1) Eden regions: 11->0(20)
[2024-02-17T21:04:37.480+0000][7][gc,heap     ] GC(1) Survivor regions: 2->1(2)
[2024-02-17T21:04:37.480+0000][7][gc,heap     ] GC(1) Old regions: 0->2
[2024-02-17T21:04:37.480+0000][7][gc,heap     ] GC(1) Archive regions: 2->2
[2024-02-17T21:04:37.480+0000][7][gc,heap     ] GC(1) Humongous regions: 0->0
[2024-02-17T21:04:37.480+0000][7][gc,metaspace] GC(1) Metaspace: 15532K(15872K)->15532K(15872K) NonClass: 13749K(13952K)->13749K(13952K) Class: 1782K(1920K)->1782K(1920K)
[2024-02-17T21:04:37.480+0000][7][gc          ] GC(1) Pause Young (Normal) (G1 Evacuation Pause) 54M->11M(1024M) 6.111ms
[2024-02-17T21:04:37.480+0000][7][gc,cpu      ] GC(1) User=0.04s Sys=0.00s Real=0.01s
[2024-02-17T21:04:37.480+0000][7][safepoint   ] Safepoint "G1CollectForAllocation", Time since last: 778091508 ns, Reaching safepoint: 133698 ns, At safepoint: 6157347 ns, Total: 6291045 ns
[2024-02-17T21:04:37.834+0000][7][safepoint   ] Safepoint "ICBufferFull", Time since last: 353667982 ns, Reaching safepoint: 146637 ns, At safepoint: 2804 ns, Total: 149441 ns
[2024-02-17T21:04:37.855+0000][7][gc,start    ] GC(2) Pause Young (Normal) (G1 Evacuation Pause)
[2024-02-17T21:04:37.855+0000][7][gc,task     ] GC(2) Using 8 workers of 8 for evacuation
[2024-02-17T21:04:37.855+0000][7][gc,age      ] GC(2) Desired survivor size 6291456 bytes, new threshold 15 (max threshold 15)
[2024-02-17T21:04:37.857+0000][7][gc,phases   ] GC(2)   Pre Evacuate Collection Set: 0.0ms
[2024-02-17T21:04:37.857+0000][7][gc,phases   ] GC(2)   Merge Heap Roots: 0.0ms
[2024-02-17T21:04:37.857+0000][7][gc,phases   ] GC(2)   Evacuate Collection Set: 1.8ms
[2024-02-17T21:04:37.857+0000][7][gc,phases   ] GC(2)   Post Evacuate Collection Set: 0.7ms
[2024-02-17T21:04:37.857+0000][7][gc,phases   ] GC(2)   Other: 0.1ms
[2024-02-17T21:04:37.857+0000][7][gc,age      ] GC(2) Age table with threshold 15 (max threshold 15)
[2024-02-17T21:04:37.857+0000][7][gc,age      ] GC(2) - age   1:    1743968 bytes,    1743968 total
[2024-02-17T21:04:37.857+0000][7][gc,age      ] GC(2) - age   2:    1281336 bytes,    3025304 total
[2024-02-17T21:04:37.857+0000][7][gc,heap     ] GC(2) Eden regions: 20->0(152)
[2024-02-17T21:04:37.857+0000][7][gc,heap     ] GC(2) Survivor regions: 1->1(3)
[2024-02-17T21:04:37.857+0000][7][gc,heap     ] GC(2) Old regions: 2->2
[2024-02-17T21:04:37.857+0000][7][gc,heap     ] GC(2) Archive regions: 2->2
[2024-02-17T21:04:37.857+0000][7][gc,heap     ] GC(2) Humongous regions: 0->0
[2024-02-17T21:04:37.857+0000][7][gc,metaspace] GC(2) Metaspace: 17146K(17472K)->17146K(17472K) NonClass: 15196K(15360K)->15196K(15360K) Class: 1950K(2112K)->1950K(2112K)
[2024-02-17T21:04:37.857+0000][7][gc          ] GC(2) Pause Young (Normal) (G1 Evacuation Pause) 91M->13M(1024M) 2.784ms
[2024-02-17T21:04:37.857+0000][7][gc,cpu      ] GC(2) User=0.01s Sys=0.00s Real=0.00s
[2024-02-17T21:04:37.857+0000][7][safepoint   ] Safepoint "G1CollectForAllocation", Time since last: 21035866 ns, Reaching safepoint: 106567 ns, At safepoint: 2819176 ns, Total: 2925743 ns
[2024-02-17T21:04:38.134+0000][7][gc,start    ] GC(3) Pause Young (Concurrent Start) (Metadata GC Threshold)
[2024-02-17T21:04:38.134+0000][7][gc,task     ] GC(3) Using 8 workers of 8 for evacuation
[2024-02-17T21:04:38.134+0000][7][gc,age      ] GC(3) Desired survivor size 41943040 bytes, new threshold 15 (max threshold 15)
[2024-02-17T21:04:38.136+0000][7][gc,phases   ] GC(3)   Pre Evacuate Collection Set: 0.1ms
[2024-02-17T21:04:38.136+0000][7][gc,phases   ] GC(3)   Merge Heap Roots: 0.0ms
[2024-02-17T21:04:38.136+0000][7][gc,phases   ] GC(3)   Evacuate Collection Set: 1.8ms
[2024-02-17T21:04:38.136+0000][7][gc,phases   ] GC(3)   Post Evacuate Collection Set: 0.2ms
[2024-02-17T21:04:38.136+0000][7][gc,phases   ] GC(3)   Other: 0.1ms
[2024-02-17T21:04:38.136+0000][7][gc,age      ] GC(3) Age table with threshold 15 (max threshold 15)
[2024-02-17T21:04:38.136+0000][7][gc,age      ] GC(3) - age   1:    1238952 bytes,    1238952 total
[2024-02-17T21:04:38.136+0000][7][gc,age      ] GC(3) - age   2:    1546152 bytes,    2785104 total
[2024-02-17T21:04:38.136+0000][7][gc,age      ] GC(3) - age   3:    1280848 bytes,    4065952 total
[2024-02-17T21:04:38.136+0000][7][gc,heap     ] GC(3) Eden regions: 17->0(151)
[2024-02-17T21:04:38.136+0000][7][gc,heap     ] GC(3) Survivor regions: 1->2(20)
[2024-02-17T21:04:38.136+0000][7][gc,heap     ] GC(3) Old regions: 2->2
[2024-02-17T21:04:38.136+0000][7][gc,heap     ] GC(3) Archive regions: 2->2
[2024-02-17T21:04:38.136+0000][7][gc,heap     ] GC(3) Humongous regions: 0->0
[2024-02-17T21:04:38.136+0000][7][gc,metaspace] GC(3) Metaspace: 21109K(21504K)->21109K(21504K) NonClass: 18749K(18944K)->18749K(18944K) Class: 2359K(2560K)->2359K(2560K)
[2024-02-17T21:04:38.136+0000][7][gc          ] GC(3) Pause Young (Concurrent Start) (Metadata GC Threshold) 78M->14M(1024M) 2.405ms
[2024-02-17T21:04:38.136+0000][7][gc,cpu      ] GC(3) User=0.02s Sys=0.00s Real=0.01s
[2024-02-17T21:04:38.136+0000][7][gc          ] GC(4) Concurrent Mark Cycle
[2024-02-17T21:04:38.136+0000][7][gc,marking  ] GC(4) Concurrent Clear Claimed Marks
[2024-02-17T21:04:38.136+0000][7][gc,marking  ] GC(4) Concurrent Clear Claimed Marks 0.020ms
[2024-02-17T21:04:38.136+0000][7][gc,marking  ] GC(4) Concurrent Scan Root Regions
[2024-02-17T21:04:38.136+0000][7][safepoint   ] Safepoint "CollectForMetadataAllocation", Time since last: 276041356 ns, Reaching safepoint: 120411 ns, At safepoint: 2511280 ns, Total: 2631691 ns
[2024-02-17T21:04:38.138+0000][7][gc,marking  ] GC(4) Concurrent Scan Root Regions 2.019ms
[2024-02-17T21:04:38.138+0000][7][gc,marking  ] GC(4) Concurrent Mark
[2024-02-17T21:04:38.138+0000][7][gc,marking  ] GC(4) Concurrent Mark From Roots
[2024-02-17T21:04:38.138+0000][7][gc,task     ] GC(4) Using 2 workers of 2 for marking
[2024-02-17T21:04:38.143+0000][7][gc,marking  ] GC(4) Concurrent Mark From Roots 4.678ms
[2024-02-17T21:04:38.143+0000][7][gc,marking  ] GC(4) Concurrent Preclean
[2024-02-17T21:04:38.143+0000][7][gc,marking  ] GC(4) Concurrent Preclean 0.017ms
[2024-02-17T21:04:38.143+0000][7][gc,start    ] GC(4) Pause Remark
[2024-02-17T21:04:38.147+0000][7][gc          ] GC(4) Pause Remark 16M->16M(1024M) 3.853ms
[2024-02-17T21:04:38.147+0000][7][gc,cpu      ] GC(4) User=0.01s Sys=0.01s Real=0.00s
[2024-02-17T21:04:38.147+0000][7][safepoint   ] Safepoint "G1Concurrent", Time since last: 6766138 ns, Reaching safepoint: 89310 ns, At safepoint: 3918282 ns, Total: 4007592 ns
[2024-02-17T21:04:38.147+0000][7][gc,marking  ] GC(4) Concurrent Mark 8.804ms
[2024-02-17T21:04:38.147+0000][7][gc,marking  ] GC(4) Concurrent Rebuild Remembered Sets
[2024-02-17T21:04:38.149+0000][7][gc,marking  ] GC(4) Concurrent Rebuild Remembered Sets 2.000ms
[2024-02-17T21:04:38.149+0000][7][gc,start    ] GC(4) Pause Cleanup
[2024-02-17T21:04:38.149+0000][7][gc          ] GC(4) Pause Cleanup 18M->18M(1024M) 0.051ms
[2024-02-17T21:04:38.149+0000][7][gc,cpu      ] GC(4) User=0.00s Sys=0.00s Real=0.00s
[2024-02-17T21:04:38.149+0000][7][safepoint   ] Safepoint "G1Concurrent", Time since last: 2113503 ns, Reaching safepoint: 82126 ns, At safepoint: 72949 ns, Total: 155075 ns
[2024-02-17T21:04:38.149+0000][7][gc,marking  ] GC(4) Concurrent Cleanup for Next Mark
[2024-02-17T21:04:38.151+0000][7][gc,marking  ] GC(4) Concurrent Cleanup for Next Mark 1.527ms
[2024-02-17T21:04:38.151+0000][7][gc          ] GC(4) Concurrent Mark Cycle 14.687ms
[2024-02-17T21:04:38.871+0000][7][safepoint   ] Safepoint "ICBufferFull", Time since last: 721900017 ns, Reaching safepoint: 151677 ns, At safepoint: 3642 ns, Total: 155319 ns
[2024-02-17T21:04:39.404+0000][7][gc,start    ] GC(5) Pause Young (Normal) (G1 Evacuation Pause)
[2024-02-17T21:04:39.404+0000][7][gc,task     ] GC(5) Using 8 workers of 8 for evacuation
[2024-02-17T21:04:39.404+0000][7][gc,age      ] GC(5) Desired survivor size 41943040 bytes, new threshold 15 (max threshold 15)
[2024-02-17T21:04:39.412+0000][7][gc,phases   ] GC(5)   Pre Evacuate Collection Set: 0.1ms
[2024-02-17T21:04:39.412+0000][7][gc,phases   ] GC(5)   Merge Heap Roots: 0.0ms
[2024-02-17T21:04:39.412+0000][7][gc,phases   ] GC(5)   Evacuate Collection Set: 6.9ms
[2024-02-17T21:04:39.412+0000][7][gc,phases   ] GC(5)   Post Evacuate Collection Set: 0.6ms
[2024-02-17T21:04:39.412+0000][7][gc,phases   ] GC(5)   Other: 0.1ms
[2024-02-17T21:04:39.412+0000][7][gc,age      ] GC(5) Age table with threshold 15 (max threshold 15)
[2024-02-17T21:04:39.412+0000][7][gc,age      ] GC(5) - age   1:    9512064 bytes,    9512064 total
[2024-02-17T21:04:39.412+0000][7][gc,age      ] GC(5) - age   2:    1221328 bytes,   10733392 total
[2024-02-17T21:04:39.412+0000][7][gc,age      ] GC(5) - age   3:    1541792 bytes,   12275184 total
[2024-02-17T21:04:39.412+0000][7][gc,age      ] GC(5) - age   4:    1254120 bytes,   13529304 total
[2024-02-17T21:04:39.412+0000][7][gc,heap     ] GC(5) Eden regions: 151->0(149)
[2024-02-17T21:04:39.412+0000][7][gc,heap     ] GC(5) Survivor regions: 2->4(20)
[2024-02-17T21:04:39.412+0000][7][gc,heap     ] GC(5) Old regions: 2->2
[2024-02-17T21:04:39.412+0000][7][gc,heap     ] GC(5) Archive regions: 2->2
[2024-02-17T21:04:39.412+0000][7][gc,heap     ] GC(5) Humongous regions: 0->0
[2024-02-17T21:04:39.412+0000][7][gc,metaspace] GC(5) Metaspace: 29690K(30272K)->29690K(30272K) NonClass: 26278K(26624K)->26278K(26624K) Class: 3411K(3648K)->3411K(3648K)
[2024-02-17T21:04:39.412+0000][7][gc          ] GC(5) Pause Young (Normal) (G1 Evacuation Pause) 618M->23M(1024M) 7.816ms
[2024-02-17T21:04:39.412+0000][7][gc,cpu      ] GC(5) User=0.04s Sys=0.00s Real=0.00s
[2024-02-17T21:04:39.412+0000][7][safepoint   ] Safepoint "G1CollectForAllocation", Time since last: 532923659 ns, Reaching safepoint: 128850 ns, At safepoint: 7854471 ns, Total: 7983321 ns
[2024-02-17T21:04:40.287+0000][7][safepoint   ] Safepoint "ICBufferFull", Time since last: 874264646 ns, Reaching safepoint: 117861 ns, At safepoint: 2924 ns, Total: 120785 ns
[2024-02-17T21:04:40.512+0000][7][gc,start    ] GC(6) Pause Young (Concurrent Start) (Metadata GC Threshold)
[2024-02-17T21:04:40.512+0000][7][gc,task     ] GC(6) Using 8 workers of 8 for evacuation
[2024-02-17T21:04:40.512+0000][7][gc,age      ] GC(6) Desired survivor size 41943040 bytes, new threshold 15 (max threshold 15)
[2024-02-17T21:04:40.520+0000][7][gc,phases   ] GC(6)   Pre Evacuate Collection Set: 0.1ms
[2024-02-17T21:04:40.520+0000][7][gc,phases   ] GC(6)   Merge Heap Roots: 0.0ms
[2024-02-17T21:04:40.520+0000][7][gc,phases   ] GC(6)   Evacuate Collection Set: 7.8ms
[2024-02-17T21:04:40.520+0000][7][gc,phases   ] GC(6)   Post Evacuate Collection Set: 0.6ms
[2024-02-17T21:04:40.520+0000][7][gc,phases   ] GC(6)   Other: 0.1ms
[2024-02-17T21:04:40.520+0000][7][gc,age      ] GC(6) Age table with threshold 15 (max threshold 15)
[2024-02-17T21:04:40.520+0000][7][gc,age      ] GC(6) - age   1:    4652976 bytes,    4652976 total
[2024-02-17T21:04:40.520+0000][7][gc,age      ] GC(6) - age   2:    8857856 bytes,   13510832 total
[2024-02-17T21:04:40.520+0000][7][gc,age      ] GC(6) - age   3:    1198568 bytes,   14709400 total
[2024-02-17T21:04:40.520+0000][7][gc,age      ] GC(6) - age   4:    1478832 bytes,   16188232 total
[2024-02-17T21:04:40.520+0000][7][gc,age      ] GC(6) - age   5:    1242792 bytes,   17431024 total
[2024-02-17T21:04:40.520+0000][7][gc,heap     ] GC(6) Eden regions: 144->0(148)
[2024-02-17T21:04:40.520+0000][7][gc,heap     ] GC(6) Survivor regions: 4->5(20)
[2024-02-17T21:04:40.520+0000][7][gc,heap     ] GC(6) Old regions: 2->2
[2024-02-17T21:04:40.520+0000][7][gc,heap     ] GC(6) Archive regions: 2->2
[2024-02-17T21:04:40.520+0000][7][gc,heap     ] GC(6) Humongous regions: 0->0
[2024-02-17T21:04:40.520+0000][7][gc,metaspace] GC(6) Metaspace: 35150K(35968K)->35150K(35968K) NonClass: 31030K(31488K)->31030K(31488K) Class: 4119K(4480K)->4119K(4480K)
[2024-02-17T21:04:40.521+0000][7][gc          ] GC(6) Pause Young (Concurrent Start) (Metadata GC Threshold) 599M->27M(1024M) 8.929ms
[2024-02-17T21:04:40.521+0000][7][gc,cpu      ] GC(6) User=0.05s Sys=0.00s Real=0.01s
[2024-02-17T21:04:40.521+0000][7][gc          ] GC(7) Concurrent Mark Cycle
[2024-02-17T21:04:40.521+0000][7][gc,marking  ] GC(7) Concurrent Clear Claimed Marks
[2024-02-17T21:04:40.521+0000][7][safepoint   ] Safepoint "CollectForMetadataAllocation", Time since last: 224920107 ns, Reaching safepoint: 88789 ns, At safepoint: 9020944 ns, Total: 9109733 ns
[2024-02-17T21:04:40.521+0000][7][gc,marking  ] GC(7) Concurrent Clear Claimed Marks 0.058ms
[2024-02-17T21:04:40.521+0000][7][gc,marking  ] GC(7) Concurrent Scan Root Regions
[2024-02-17T21:04:40.524+0000][7][gc,marking  ] GC(7) Concurrent Scan Root Regions 3.558ms
[2024-02-17T21:04:40.524+0000][7][gc,marking  ] GC(7) Concurrent Mark
[2024-02-17T21:04:40.524+0000][7][gc,marking  ] GC(7) Concurrent Mark From Roots
[2024-02-17T21:04:40.524+0000][7][gc,task     ] GC(7) Using 2 workers of 2 for marking
[2024-02-17T21:04:40.529+0000][7][gc,marking  ] GC(7) Concurrent Mark From Roots 4.723ms
[2024-02-17T21:04:40.529+0000][7][gc,marking  ] GC(7) Concurrent Preclean
[2024-02-17T21:04:40.529+0000][7][gc,marking  ] GC(7) Concurrent Preclean 0.032ms
[2024-02-17T21:04:40.529+0000][7][gc,start    ] GC(7) Pause Remark
[2024-02-17T21:04:40.531+0000][7][gc          ] GC(7) Pause Remark 29M->29M(1024M) 2.298ms
[2024-02-17T21:04:40.531+0000][7][gc,cpu      ] GC(7) User=0.01s Sys=0.00s Real=0.00s
[2024-02-17T21:04:40.531+0000][7][safepoint   ] Safepoint "G1Concurrent", Time since last: 8435642 ns, Reaching safepoint: 95831 ns, At safepoint: 2353439 ns, Total: 2449270 ns
[2024-02-17T21:04:40.531+0000][7][gc,marking  ] GC(7) Concurrent Mark 7.276ms
[2024-02-17T21:04:40.532+0000][7][gc,marking  ] GC(7) Concurrent Rebuild Remembered Sets
[2024-02-17T21:04:40.534+0000][7][gc,marking  ] GC(7) Concurrent Rebuild Remembered Sets 2.466ms
[2024-02-17T21:04:40.534+0000][7][gc,start    ] GC(7) Pause Cleanup
[2024-02-17T21:04:40.534+0000][7][gc          ] GC(7) Pause Cleanup 29M->29M(1024M) 0.056ms
[2024-02-17T21:04:40.534+0000][7][gc,cpu      ] GC(7) User=0.00s Sys=0.00s Real=0.00s
[2024-02-17T21:04:40.534+0000][7][safepoint   ] Safepoint "G1Concurrent", Time since last: 2547790 ns, Reaching safepoint: 82227 ns, At safepoint: 76515 ns, Total: 158742 ns
[2024-02-17T21:04:40.534+0000][7][gc,marking  ] GC(7) Concurrent Cleanup for Next Mark
[2024-02-17T21:04:40.536+0000][7][gc,marking  ] GC(7) Concurrent Cleanup for Next Mark 1.513ms
[2024-02-17T21:04:40.536+0000][7][gc          ] GC(7) Concurrent Mark Cycle 15.227ms
[2024-02-17T21:04:41.304+0000][7][safepoint   ] Safepoint "ICBufferFull", Time since last: 769271264 ns, Reaching safepoint: 208480 ns, At safepoint: 5861 ns, Total: 214341 ns
[2024-02-17T21:04:41.919+0000][7][safepoint   ] Safepoint "ICBufferFull", Time since last: 614947295 ns, Reaching safepoint: 163789 ns, At safepoint: 3714 ns, Total: 167503 ns
[2024-02-17T21:04:42.484+0000][7][safepoint   ] Safepoint "ICBufferFull", Time since last: 565025604 ns, Reaching safepoint: 105326 ns, At safepoint: 2396 ns, Total: 107722 ns
[2024-02-17T21:04:43.268+0000][7][gc,start    ] GC(8) Pause Young (Concurrent Start) (Metadata GC Threshold)
[2024-02-17T21:04:43.268+0000][7][gc,task     ] GC(8) Using 8 workers of 8 for evacuation
[2024-02-17T21:04:43.268+0000][7][gc,age      ] GC(8) Desired survivor size 41943040 bytes, new threshold 15 (max threshold 15)
[2024-02-17T21:04:43.295+0000][7][gc,phases   ] GC(8)   Pre Evacuate Collection Set: 0.2ms
[2024-02-17T21:04:43.295+0000][7][gc,phases   ] GC(8)   Merge Heap Roots: 0.0ms
[2024-02-17T21:04:43.295+0000][7][gc,phases   ] GC(8)   Evacuate Collection Set: 22.1ms
[2024-02-17T21:04:43.295+0000][7][gc,phases   ] GC(8)   Post Evacuate Collection Set: 5.4ms
[2024-02-17T21:04:43.295+0000][7][gc,phases   ] GC(8)   Other: 0.1ms
[2024-02-17T21:04:43.295+0000][7][gc,age      ] GC(8) Age table with threshold 15 (max threshold 15)
[2024-02-17T21:04:43.295+0000][7][gc,age      ] GC(8) - age   1:   24596072 bytes,   24596072 total
[2024-02-17T21:04:43.296+0000][7][gc,age      ] GC(8) - age   2:    4452448 bytes,   29048520 total
[2024-02-17T21:04:43.296+0000][7][gc,age      ] GC(8) - age   3:    8776256 bytes,   37824776 total
[2024-02-17T21:04:43.296+0000][7][gc,age      ] GC(8) - age   4:    1189248 bytes,   39014024 total
[2024-02-17T21:04:43.296+0000][7][gc,age      ] GC(8) - age   5:    1472744 bytes,   40486768 total
[2024-02-17T21:04:43.296+0000][7][gc,age      ] GC(8) - age   6:    1228384 bytes,   41715152 total
[2024-02-17T21:04:43.296+0000][7][gc,heap     ] GC(8) Eden regions: 101->0(142)
[2024-02-17T21:04:43.296+0000][7][gc,heap     ] GC(8) Survivor regions: 5->11(20)
[2024-02-17T21:04:43.296+0000][7][gc,heap     ] GC(8) Old regions: 2->2
[2024-02-17T21:04:43.296+0000][7][gc,heap     ] GC(8) Archive regions: 2->2
[2024-02-17T21:04:43.296+0000][7][gc,heap     ] GC(8) Humongous regions: 0->0
[2024-02-17T21:04:43.296+0000][7][gc,metaspace] GC(8) Metaspace: 58666K(60096K)->58666K(60096K) NonClass: 51111K(51968K)->51111K(51968K) Class: 7555K(8128K)->7555K(8128K)
[2024-02-17T21:04:43.296+0000][7][gc          ] GC(8) Pause Young (Concurrent Start) (Metadata GC Threshold) 429M->51M(1024M) 27.940ms
[2024-02-17T21:04:43.296+0000][7][gc,cpu      ] GC(8) User=0.15s Sys=0.00s Real=0.03s
[2024-02-17T21:04:43.296+0000][7][gc          ] GC(9) Concurrent Mark Cycle
[2024-02-17T21:04:43.296+0000][7][gc,marking  ] GC(9) Concurrent Clear Claimed Marks
[2024-02-17T21:04:43.296+0000][7][safepoint   ] Safepoint "CollectForMetadataAllocation", Time since last: 783572400 ns, Reaching safepoint: 142348 ns, At safepoint: 28049682 ns, Total: 28192030 ns
[2024-02-17T21:04:43.296+0000][7][gc,marking  ] GC(9) Concurrent Clear Claimed Marks 0.100ms
[2024-02-17T21:04:43.296+0000][7][gc,marking  ] GC(9) Concurrent Scan Root Regions
[2024-02-17T21:04:43.310+0000][7][gc,marking  ] GC(9) Concurrent Scan Root Regions 14.689ms
[2024-02-17T21:04:43.310+0000][7][gc,marking  ] GC(9) Concurrent Mark
[2024-02-17T21:04:43.310+0000][7][gc,marking  ] GC(9) Concurrent Mark From Roots
[2024-02-17T21:04:43.310+0000][7][gc,task     ] GC(9) Using 2 workers of 2 for marking
[2024-02-17T21:04:43.317+0000][7][gc,marking  ] GC(9) Concurrent Mark From Roots 6.782ms
[2024-02-17T21:04:43.317+0000][7][gc,marking  ] GC(9) Concurrent Preclean
[2024-02-17T21:04:43.317+0000][7][gc,marking  ] GC(9) Concurrent Preclean 0.047ms
[2024-02-17T21:04:43.317+0000][7][gc,start    ] GC(9) Pause Remark
[2024-02-17T21:04:43.320+0000][7][gc          ] GC(9) Pause Remark 53M->53M(1024M) 2.756ms
[2024-02-17T21:04:43.320+0000][7][gc,cpu      ] GC(9) User=0.01s Sys=0.00s Real=0.00s
[2024-02-17T21:04:43.320+0000][7][safepoint   ] Safepoint "G1Concurrent", Time since last: 21716073 ns, Reaching safepoint: 96006 ns, At safepoint: 2818322 ns, Total: 2914328 ns
[2024-02-17T21:04:43.320+0000][7][gc,marking  ] GC(9) Concurrent Mark 9.847ms
[2024-02-17T21:04:43.320+0000][7][gc,marking  ] GC(9) Concurrent Rebuild Remembered Sets
[2024-02-17T21:04:43.323+0000][7][gc,marking  ] GC(9) Concurrent Rebuild Remembered Sets 2.413ms
[2024-02-17T21:04:43.323+0000][7][gc,start    ] GC(9) Pause Cleanup
[2024-02-17T21:04:43.323+0000][7][gc          ] GC(9) Pause Cleanup 53M->53M(1024M) 0.068ms
[2024-02-17T21:04:43.323+0000][7][gc,cpu      ] GC(9) User=0.00s Sys=0.00s Real=0.00s
[2024-02-17T21:04:43.323+0000][7][safepoint   ] Safepoint "G1Concurrent", Time since last: 2536055 ns, Reaching safepoint: 89874 ns, At safepoint: 97194 ns, Total: 187068 ns
[2024-02-17T21:04:43.323+0000][7][gc,marking  ] GC(9) Concurrent Cleanup for Next Mark
[2024-02-17T21:04:43.325+0000][7][gc,marking  ] GC(9) Concurrent Cleanup for Next Mark 1.587ms
[2024-02-17T21:04:43.325+0000][7][gc          ] GC(9) Concurrent Mark Cycle 29.081ms
[2024-02-17T21:04:44.019+0000][7][safepoint   ] Safepoint "ICBufferFull", Time since last: 695550941 ns, Reaching safepoint: 223021 ns, At safepoint: 4333 ns, Total: 227354 ns
[2024-02-17T21:04:44.649+0000][7][safepoint   ] Safepoint "ICBufferFull", Time since last: 630000581 ns, Reaching safepoint: 193601 ns, At safepoint: 2278 ns, Total: 195879 ns
[2024-02-17T21:04:45.693+0000][7][safepoint   ] Safepoint "Cleanup", Time since last: 1042833800 ns, Reaching safepoint: 1029859 ns, At safepoint: 6658 ns, Total: 1036517 ns
[2024-02-17T21:04:46.541+0000][7][safepoint   ] Safepoint "ICBufferFull", Time since last: 847785640 ns, Reaching safepoint: 417099 ns, At safepoint: 11159 ns, Total: 428258 ns
[2024-02-17T21:04:47.429+0000][7][safepoint   ] Safepoint "ICBufferFull", Time since last: 887046819 ns, Reaching safepoint: 462016 ns, At safepoint: 7634 ns, Total: 469650 ns
[2024-02-17T21:04:47.451+0000][7][gc,start    ] GC(10) Pause Young (Concurrent Start) (Metadata GC Threshold)
[2024-02-17T21:04:47.451+0000][7][gc,task     ] GC(10) Using 8 workers of 8 for evacuation
[2024-02-17T21:04:47.451+0000][7][gc,age      ] GC(10) Desired survivor size 41943040 bytes, new threshold 15 (max threshold 15)
[2024-02-17T21:04:47.497+0000][7][gc,phases   ] GC(10)   Pre Evacuate Collection Set: 0.3ms
[2024-02-17T21:04:47.497+0000][7][gc,phases   ] GC(10)   Merge Heap Roots: 0.0ms
[2024-02-17T21:04:47.497+0000][7][gc,phases   ] GC(10)   Evacuate Collection Set: 36.7ms
[2024-02-17T21:04:47.497+0000][7][gc,phases   ] GC(10)   Post Evacuate Collection Set: 8.2ms
[2024-02-17T21:04:47.497+0000][7][gc,phases   ] GC(10)   Other: 0.1ms
[2024-02-17T21:04:47.497+0000][7][gc,age      ] GC(10) Age table with threshold 15 (max threshold 15)
[2024-02-17T21:04:47.497+0000][7][gc,age      ] GC(10) - age   1:   17322336 bytes,   17322336 total
[2024-02-17T21:04:47.497+0000][7][gc,age      ] GC(10) - age   2:   23970472 bytes,   41292808 total
[2024-02-17T21:04:47.497+0000][7][gc,age      ] GC(10) - age   3:    4422720 bytes,   45715528 total
[2024-02-17T21:04:47.497+0000][7][gc,age      ] GC(10) - age   4:    8741408 bytes,   54456936 total
[2024-02-17T21:04:47.497+0000][7][gc,age      ] GC(10) - age   5:    1184904 bytes,   55641840 total
[2024-02-17T21:04:47.497+0000][7][gc,age      ] GC(10) - age   6:    1468632 bytes,   57110472 total
[2024-02-17T21:04:47.497+0000][7][gc,age      ] GC(10) - age   7:    1225472 bytes,   58335944 total
[2024-02-17T21:04:47.497+0000][7][gc,heap     ] GC(10) Eden regions: 120->0(138)
[2024-02-17T21:04:47.497+0000][7][gc,heap     ] GC(10) Survivor regions: 11->15(20)
[2024-02-17T21:04:47.497+0000][7][gc,heap     ] GC(10) Old regions: 2->2
[2024-02-17T21:04:47.497+0000][7][gc,heap     ] GC(10) Archive regions: 2->2
[2024-02-17T21:04:47.497+0000][7][gc,heap     ] GC(10) Humongous regions: 0->0
[2024-02-17T21:04:47.497+0000][7][gc,metaspace] GC(10) Metaspace: 97654K(100608K)->97654K(100608K) NonClass: 84412K(85888K)->84412K(85888K) Class: 13242K(14720K)->13242K(14720K)
[2024-02-17T21:04:47.497+0000][7][gc          ] GC(10) Pause Young (Concurrent Start) (Metadata GC Threshold) 529M->70M(1024M) 45.463ms
[2024-02-17T21:04:47.497+0000][7][gc,cpu      ] GC(10) User=0.19s Sys=0.00s Real=0.05s
[2024-02-17T21:04:47.497+0000][7][gc          ] GC(11) Concurrent Mark Cycle
[2024-02-17T21:04:47.497+0000][7][gc,marking  ] GC(11) Concurrent Clear Claimed Marks
[2024-02-17T21:04:47.497+0000][7][safepoint   ] Safepoint "CollectForMetadataAllocation", Time since last: 22709145 ns, Reaching safepoint: 54384 ns, At safepoint: 45570490 ns, Total: 45624874 ns
[2024-02-17T21:04:47.497+0000][7][gc,marking  ] GC(11) Concurrent Clear Claimed Marks 0.392ms
[2024-02-17T21:04:47.497+0000][7][gc,marking  ] GC(11) Concurrent Scan Root Regions
[2024-02-17T21:04:47.522+0000][7][safepoint   ] Safepoint "CollectForMetadataAllocation", Time since last: 24760078 ns, Reaching safepoint: 37200 ns, At safepoint: 54438 ns, Total: 91638 ns
[2024-02-17T21:04:47.522+0000][7][gc,marking  ] GC(11) Concurrent Scan Root Regions 24.882ms
[2024-02-17T21:04:47.522+0000][7][gc,marking  ] GC(11) Concurrent Mark
[2024-02-17T21:04:47.522+0000][7][gc,marking  ] GC(11) Concurrent Mark From Roots
[2024-02-17T21:04:47.522+0000][7][gc,task     ] GC(11) Using 2 workers of 2 for marking
[2024-02-17T21:04:47.528+0000][7][gc,marking  ] GC(11) Concurrent Mark From Roots 5.406ms
[2024-02-17T21:04:47.528+0000][7][gc,marking  ] GC(11) Concurrent Preclean
[2024-02-17T21:04:47.528+0000][7][gc,marking  ] GC(11) Concurrent Preclean 0.028ms
[2024-02-17T21:04:47.528+0000][7][gc,start    ] GC(11) Pause Remark
[2024-02-17T21:04:47.532+0000][7][gc          ] GC(11) Pause Remark 72M->72M(1024M) 3.617ms
[2024-02-17T21:04:47.532+0000][7][gc,cpu      ] GC(11) User=0.02s Sys=0.00s Real=0.00s
[2024-02-17T21:04:47.532+0000][7][safepoint   ] Safepoint "G1Concurrent", Time since last: 5947060 ns, Reaching safepoint: 671146 ns, At safepoint: 3701718 ns, Total: 4372864 ns
[2024-02-17T21:04:47.532+0000][7][gc,marking  ] GC(11) Concurrent Mark 9.908ms
[2024-02-17T21:04:47.532+0000][7][gc,marking  ] GC(11) Concurrent Rebuild Remembered Sets
[2024-02-17T21:04:47.535+0000][7][gc,marking  ] GC(11) Concurrent Rebuild Remembered Sets 2.660ms
[2024-02-17T21:04:47.535+0000][7][gc,start    ] GC(11) Pause Cleanup
[2024-02-17T21:04:47.535+0000][7][gc          ] GC(11) Pause Cleanup 72M->72M(1024M) 0.063ms
[2024-02-17T21:04:47.535+0000][7][gc,cpu      ] GC(11) User=0.00s Sys=0.00s Real=0.00s
[2024-02-17T21:04:47.535+0000][7][safepoint   ] Safepoint "G1Concurrent", Time since last: 2766114 ns, Reaching safepoint: 159273 ns, At safepoint: 92328 ns, Total: 251601 ns
[2024-02-17T21:04:47.535+0000][7][gc,marking  ] GC(11) Concurrent Cleanup for Next Mark
[2024-02-17T21:04:47.536+0000][7][gc,marking  ] GC(11) Concurrent Cleanup for Next Mark 1.076ms
[2024-02-17T21:04:47.536+0000][7][gc          ] GC(11) Concurrent Mark Cycle 39.370ms
[2024-02-17T21:04:47.706+0000][7][safepoint   ] Safepoint "ICBufferFull", Time since last: 171187713 ns, Reaching safepoint: 170739 ns, At safepoint: 3910 ns, Total: 174649 ns
[2024-02-17T21:04:47.819+0000][7][safepoint   ] Safepoint "ICBufferFull", Time since last: 112092889 ns, Reaching safepoint: 131443 ns, At safepoint: 3524 ns, Total: 134967 ns
[2024-02-17T21:04:48.349+0000][7][safepoint   ] Safepoint "ICBufferFull", Time since last: 529860075 ns, Reaching safepoint: 154763 ns, At safepoint: 3406 ns, Total: 158169 ns
[2024-02-17T21:04:48.688+0000][7][safepoint   ] Safepoint "ICBufferFull", Time since last: 338921999 ns, Reaching safepoint: 142245 ns, At safepoint: 3965 ns, Total: 146210 ns
[2024-02-17T21:04:48.984+0000][7][safepoint   ] Safepoint "ICBufferFull", Time since last: 295795771 ns, Reaching safepoint: 135135 ns, At safepoint: 5612 ns, Total: 140747 ns
[2024-02-17T21:04:49.142+0000][7][safepoint   ] Safepoint "ICBufferFull", Time since last: 157693376 ns, Reaching safepoint: 151806 ns, At safepoint: 16355 ns, Total: 168161 ns
[2024-02-17T21:04:49.268+0000][7][safepoint   ] Safepoint "ICBufferFull", Time since last: 126153258 ns, Reaching safepoint: 109377 ns, At safepoint: 3447 ns, Total: 112824 ns
[2024-02-17T21:04:49.376+0000][7][safepoint   ] Safepoint "ICBufferFull", Time since last: 107553829 ns, Reaching safepoint: 263540 ns, At safepoint: 14048 ns, Total: 277588 ns
[2024-02-17T21:04:49.675+0000][7][safepoint   ] Safepoint "ICBufferFull", Time since last: 297402737 ns, Reaching safepoint: 1482762 ns, At safepoint: 23147 ns, Total: 1505909 ns
[2024-02-17T21:04:49.931+0000][7][safepoint   ] Safepoint "ICBufferFull", Time since last: 256588875 ns, Reaching safepoint: 209255 ns, At safepoint: 4909 ns, Total: 214164 ns
[2024-02-17T21:04:49.932+0000][7][safepoint   ] Safepoint "ICBufferFull", Time since last: 390750 ns, Reaching safepoint: 98701 ns, At safepoint: 11361 ns, Total: 110062 ns
[2024-02-17T21:04:50.534+0000][7][safepoint   ] Safepoint "ICBufferFull", Time since last: 601922114 ns, Reaching safepoint: 279028 ns, At safepoint: 6087 ns, Total: 285115 ns
[2024-02-17T21:04:51.185+0000][7][gc,start    ] GC(12) Pause Young (Normal) (G1 Evacuation Pause)
[2024-02-17T21:04:51.185+0000][7][gc,task     ] GC(12) Using 8 workers of 8 for evacuation
[2024-02-17T21:04:51.185+0000][7][gc,age      ] GC(12) Desired survivor size 41943040 bytes, new threshold 3 (max threshold 15)
[2024-02-17T21:04:51.232+0000][7][gc,phases   ] GC(12)   Pre Evacuate Collection Set: 0.1ms
[2024-02-17T21:04:51.232+0000][7][gc,phases   ] GC(12)   Merge Heap Roots: 0.1ms
[2024-02-17T21:04:51.232+0000][7][gc,phases   ] GC(12)   Evacuate Collection Set: 44.8ms
[2024-02-17T21:04:51.232+0000][7][gc,phases   ] GC(12)   Post Evacuate Collection Set: 2.4ms
[2024-02-17T21:04:51.232+0000][7][gc,phases   ] GC(12)   Other: 0.1ms
[2024-02-17T21:04:51.232+0000][7][gc,age      ] GC(12) Age table with threshold 3 (max threshold 15)
[2024-02-17T21:04:51.232+0000][7][gc,age      ] GC(12) - age   1:   16010464 bytes,   16010464 total
[2024-02-17T21:04:51.232+0000][7][gc,age      ] GC(12) - age   2:   16641248 bytes,   32651712 total
[2024-02-17T21:04:51.232+0000][7][gc,age      ] GC(12) - age   3:   23742384 bytes,   56394096 total
[2024-02-17T21:04:51.232+0000][7][gc,heap     ] GC(12) Eden regions: 138->0(138)
[2024-02-17T21:04:51.232+0000][7][gc,heap     ] GC(12) Survivor regions: 15->15(20)
[2024-02-17T21:04:51.232+0000][7][gc,heap     ] GC(12) Old regions: 2->6
[2024-02-17T21:04:51.232+0000][7][gc,heap     ] GC(12) Archive regions: 2->2
[2024-02-17T21:04:51.232+0000][7][gc,heap     ] GC(12) Humongous regions: 0->0
[2024-02-17T21:04:51.232+0000][7][gc,metaspace] GC(12) Metaspace: 111141K(114496K)->111141K(114496K) NonClass: 96042K(97728K)->96042K(97728K) Class: 15098K(16768K)->15098K(16768K)
[2024-02-17T21:04:51.232+0000][7][gc          ] GC(12) Pause Young (Normal) (G1 Evacuation Pause) 622M->86M(1024M) 47.738ms
[2024-02-17T21:04:51.232+0000][7][gc,cpu      ] GC(12) User=0.19s Sys=0.01s Real=0.04s
[2024-02-17T21:04:51.232+0000][7][safepoint   ] Safepoint "G1CollectForAllocation", Time since last: 650396317 ns, Reaching safepoint: 136485 ns, At safepoint: 47813776 ns, Total: 47950261 ns
[2024-02-17T21:04:52.176+0000][7][safepoint   ] Safepoint "ICBufferFull", Time since last: 943464835 ns, Reaching safepoint: 163150 ns, At safepoint: 5683 ns, Total: 168833 ns
[2024-02-17T21:04:52.313+0000][7][gc,start    ] GC(13) Pause Young (Normal) (G1 Evacuation Pause)
[2024-02-17T21:04:52.314+0000][7][gc,task     ] GC(13) Using 8 workers of 8 for evacuation
[2024-02-17T21:04:52.314+0000][7][gc,age      ] GC(13) Desired survivor size 41943040 bytes, new threshold 3 (max threshold 15)
[2024-02-17T21:04:52.343+0000][7][gc,phases   ] GC(13)   Pre Evacuate Collection Set: 0.1ms
[2024-02-17T21:04:52.343+0000][7][gc,phases   ] GC(13)   Merge Heap Roots: 0.1ms
[2024-02-17T21:04:52.343+0000][7][gc,phases   ] GC(13)   Evacuate Collection Set: 23.3ms
[2024-02-17T21:04:52.343+0000][7][gc,phases   ] GC(13)   Post Evacuate Collection Set: 5.8ms
[2024-02-17T21:04:52.343+0000][7][gc,phases   ] GC(13)   Other: 0.1ms
[2024-02-17T21:04:52.343+0000][7][gc,age      ] GC(13) Age table with threshold 3 (max threshold 15)
[2024-02-17T21:04:52.343+0000][7][gc,age      ] GC(13) - age   1:    4824056 bytes,    4824056 total
[2024-02-17T21:04:52.343+0000][7][gc,age      ] GC(13) - age   2:   15342520 bytes,   20166576 total
[2024-02-17T21:04:52.343+0000][7][gc,age      ] GC(13) - age   3:   16624304 bytes,   36790880 total
[2024-02-17T21:04:52.343+0000][7][gc,heap     ] GC(13) Eden regions: 138->0(142)
[2024-02-17T21:04:52.343+0000][7][gc,heap     ] GC(13) Survivor regions: 15->11(20)
[2024-02-17T21:04:52.343+0000][7][gc,heap     ] GC(13) Old regions: 6->12
[2024-02-17T21:04:52.343+0000][7][gc,heap     ] GC(13) Archive regions: 2->2
[2024-02-17T21:04:52.343+0000][7][gc,heap     ] GC(13) Humongous regions: 0->0
[2024-02-17T21:04:52.343+0000][7][gc,metaspace] GC(13) Metaspace: 114077K(117440K)->114077K(117440K) NonClass: 98551K(100224K)->98551K(100224K) Class: 15525K(17216K)->15525K(17216K)
[2024-02-17T21:04:52.343+0000][7][gc          ] GC(13) Pause Young (Normal) (G1 Evacuation Pause) 638M->91M(1024M) 29.427ms
[2024-02-17T21:04:52.343+0000][7][gc,cpu      ] GC(13) User=0.16s Sys=0.00s Real=0.04s
[2024-02-17T21:04:52.343+0000][7][safepoint   ] Safepoint "G1CollectForAllocation", Time since last: 137225047 ns, Reaching safepoint: 107755 ns, At safepoint: 29517494 ns, Total: 29625249 ns
[2024-02-17T21:04:52.627+0000][7][safepoint   ] Safepoint "ICBufferFull", Time since last: 283552683 ns, Reaching safepoint: 124910 ns, At safepoint: 4759 ns, Total: 129669 ns
[2024-02-17T21:04:52.742+0000][7][safepoint   ] Safepoint "ICBufferFull", Time since last: 114763529 ns, Reaching safepoint: 192854 ns, At safepoint: 5546 ns, Total: 198400 ns
[2024-02-17T21:04:52.909+0000][7][safepoint   ] Safepoint "ICBufferFull", Time since last: 167195879 ns, Reaching safepoint: 148665 ns, At safepoint: 3242 ns, Total: 151907 ns
[2024-02-17T21:04:53.306+0000][7][gc,start    ] GC(14) Pause Young (Normal) (G1 Evacuation Pause)
[2024-02-17T21:04:53.306+0000][7][gc,task     ] GC(14) Using 8 workers of 8 for evacuation
[2024-02-17T21:04:53.306+0000][7][gc,age      ] GC(14) Desired survivor size 41943040 bytes, new threshold 15 (max threshold 15)
[2024-02-17T21:04:53.321+0000][7][gc,phases   ] GC(14)   Pre Evacuate Collection Set: 0.1ms
[2024-02-17T21:04:53.321+0000][7][gc,phases   ] GC(14)   Merge Heap Roots: 0.1ms
[2024-02-17T21:04:53.321+0000][7][gc,phases   ] GC(14)   Evacuate Collection Set: 13.6ms
[2024-02-17T21:04:53.321+0000][7][gc,phases   ] GC(14)   Post Evacuate Collection Set: 1.2ms
[2024-02-17T21:04:53.321+0000][7][gc,phases   ] GC(14)   Other: 0.1ms
[2024-02-17T21:04:53.321+0000][7][gc,age      ] GC(14) Age table with threshold 15 (max threshold 15)
[2024-02-17T21:04:53.321+0000][7][gc,age      ] GC(14) - age   1:    8589568 bytes,    8589568 total
[2024-02-17T21:04:53.321+0000][7][gc,age      ] GC(14) - age   2:    2753368 bytes,   11342936 total
[2024-02-17T21:04:53.321+0000][7][gc,age      ] GC(14) - age   3:   14357040 bytes,   25699976 total
[2024-02-17T21:04:53.321+0000][7][gc,age      ] GC(14) - age   4:   16623448 bytes,   42323424 total
[2024-02-17T21:04:53.321+0000][7][gc,heap     ] GC(14) Eden regions: 142->0(142)
[2024-02-17T21:04:53.321+0000][7][gc,heap     ] GC(14) Survivor regions: 11->11(20)
[2024-02-17T21:04:53.321+0000][7][gc,heap     ] GC(14) Old regions: 12->12
[2024-02-17T21:04:53.321+0000][7][gc,heap     ] GC(14) Archive regions: 2->2
[2024-02-17T21:04:53.321+0000][7][gc,heap     ] GC(14) Humongous regions: 0->0
[2024-02-17T21:04:53.321+0000][7][gc,metaspace] GC(14) Metaspace: 115834K(119232K)->115834K(119232K) NonClass: 100089K(101824K)->100089K(101824K) Class: 15745K(17408K)->15745K(17408K)
[2024-02-17T21:04:53.321+0000][7][gc          ] GC(14) Pause Young (Normal) (G1 Evacuation Pause) 659M->94M(1024M) 15.172ms
[2024-02-17T21:04:53.321+0000][7][gc,cpu      ] GC(14) User=0.11s Sys=0.00s Real=0.01s
[2024-02-17T21:04:53.321+0000][7][safepoint   ] Safepoint "G1CollectForAllocation", Time since last: 396509771 ns, Reaching safepoint: 51906 ns, At safepoint: 15235520 ns, Total: 15287426 ns
[2024-02-17T21:04:54.074+0000][7][gc,start    ] GC(15) Pause Young (Normal) (G1 Evacuation Pause)
[2024-02-17T21:04:54.074+0000][7][gc,task     ] GC(15) Using 8 workers of 8 for evacuation
[2024-02-17T21:04:54.074+0000][7][gc,age      ] GC(15) Desired survivor size 41943040 bytes, new threshold 4 (max threshold 15)
[2024-02-17T21:04:54.090+0000][7][gc,phases   ] GC(15)   Pre Evacuate Collection Set: 0.1ms
[2024-02-17T21:04:54.090+0000][7][gc,phases   ] GC(15)   Merge Heap Roots: 0.1ms
[2024-02-17T21:04:54.090+0000][7][gc,phases   ] GC(15)   Evacuate Collection Set: 14.3ms
[2024-02-17T21:04:54.090+0000][7][gc,phases   ] GC(15)   Post Evacuate Collection Set: 1.1ms
[2024-02-17T21:04:54.090+0000][7][gc,phases   ] GC(15)   Other: 0.1ms
[2024-02-17T21:04:54.090+0000][7][gc,age      ] GC(15) Age table with threshold 4 (max threshold 15)
[2024-02-17T21:04:54.090+0000][7][gc,age      ] GC(15) - age   1:    4021072 bytes,    4021072 total
[2024-02-17T21:04:54.090+0000][7][gc,age      ] GC(15) - age   2:    7021576 bytes,   11042648 total
[2024-02-17T21:04:54.090+0000][7][gc,age      ] GC(15) - age   3:    2753304 bytes,   13795952 total
[2024-02-17T21:04:54.090+0000][7][gc,age      ] GC(15) - age   4:   14331976 bytes,   28127928 total
[2024-02-17T21:04:54.090+0000][7][gc,heap     ] GC(15) Eden regions: 142->0(145)
[2024-02-17T21:04:54.090+0000][7][gc,heap     ] GC(15) Survivor regions: 11->8(20)
[2024-02-17T21:04:54.090+0000][7][gc,heap     ] GC(15) Old regions: 12->16
[2024-02-17T21:04:54.090+0000][7][gc,heap     ] GC(15) Archive regions: 2->2
[2024-02-17T21:04:54.090+0000][7][gc,heap     ] GC(15) Humongous regions: 0->0
[2024-02-17T21:04:54.090+0000][7][gc,metaspace] GC(15) Metaspace: 115840K(119232K)->115840K(119232K) NonClass: 100095K(101824K)->100095K(101824K) Class: 15745K(17408K)->15745K(17408K)
[2024-02-17T21:04:54.090+0000][7][gc          ] GC(15) Pause Young (Normal) (G1 Evacuation Pause) 662M->96M(1024M) 15.819ms
[2024-02-17T21:04:54.090+0000][7][gc,cpu      ] GC(15) User=0.11s Sys=0.01s Real=0.02s
[2024-02-17T21:04:54.090+0000][7][safepoint   ] Safepoint "G1CollectForAllocation", Time since last: 753467917 ns, Reaching safepoint: 38025 ns, At safepoint: 15886366 ns, Total: 15924391 ns
[2024-02-17T21:04:54.900+0000][7][gc,start    ] GC(16) Pause Young (Normal) (G1 Evacuation Pause)
[2024-02-17T21:04:54.900+0000][7][gc,task     ] GC(16) Using 8 workers of 8 for evacuation
[2024-02-17T21:04:54.900+0000][7][gc,age      ] GC(16) Desired survivor size 41943040 bytes, new threshold 15 (max threshold 15)
[2024-02-17T21:04:54.910+0000][7][gc,phases   ] GC(16)   Pre Evacuate Collection Set: 0.1ms
[2024-02-17T21:04:54.911+0000][7][gc,phases   ] GC(16)   Merge Heap Roots: 0.1ms
[2024-02-17T21:04:54.911+0000][7][gc,phases   ] GC(16)   Evacuate Collection Set: 8.9ms
[2024-02-17T21:04:54.911+0000][7][gc,phases   ] GC(16)   Post Evacuate Collection Set: 1.5ms
[2024-02-17T21:04:54.911+0000][7][gc,phases   ] GC(16)   Other: 0.1ms
[2024-02-17T21:04:54.911+0000][7][gc,age      ] GC(16) Age table with threshold 15 (max threshold 15)
[2024-02-17T21:04:54.911+0000][7][gc,age      ] GC(16) - age   1:    4710864 bytes,    4710864 total
[2024-02-17T21:04:54.911+0000][7][gc,age      ] GC(16) - age   2:    1821592 bytes,    6532456 total
[2024-02-17T21:04:54.911+0000][7][gc,age      ] GC(16) - age   3:    7019136 bytes,   13551592 total
[2024-02-17T21:04:54.911+0000][7][gc,age      ] GC(16) - age   4:    2751192 bytes,   16302784 total
[2024-02-17T21:04:54.911+0000][7][gc,age      ] GC(16) - age   5:   14331792 bytes,   30634576 total
[2024-02-17T21:04:54.911+0000][7][gc,heap     ] GC(16) Eden regions: 145->0(144)
[2024-02-17T21:04:54.911+0000][7][gc,heap     ] GC(16) Survivor regions: 8->9(20)
[2024-02-17T21:04:54.911+0000][7][gc,heap     ] GC(16) Old regions: 16->16
[2024-02-17T21:04:54.911+0000][7][gc,heap     ] GC(16) Archive regions: 2->2
[2024-02-17T21:04:54.911+0000][7][gc,heap     ] GC(16) Humongous regions: 0->0
[2024-02-17T21:04:54.911+0000][7][gc,metaspace] GC(16) Metaspace: 115884K(119296K)->115884K(119296K) NonClass: 100138K(101888K)->100138K(101888K) Class: 15745K(17408K)->15745K(17408K)
[2024-02-17T21:04:54.911+0000][7][gc          ] GC(16) Pause Young (Normal) (G1 Evacuation Pause) 676M->99M(1024M) 10.955ms
[2024-02-17T21:04:54.911+0000][7][gc,cpu      ] GC(16) User=0.05s Sys=0.00s Real=0.01s
[2024-02-17T21:04:54.911+0000][7][safepoint   ] Safepoint "G1CollectForAllocation", Time since last: 809547673 ns, Reaching safepoint: 90554 ns, At safepoint: 11062262 ns, Total: 11152816 ns
[2024-02-17T21:04:55.911+0000][7][safepoint   ] Safepoint "Cleanup", Time since last: 1000103340 ns, Reaching safepoint: 74885 ns, At safepoint: 4114 ns, Total: 78999 ns
[2024-02-17T21:04:56.818+0000][7][safepoint   ] Safepoint "ICBufferFull", Time since last: 906583828 ns, Reaching safepoint: 150723 ns, At safepoint: 9545 ns, Total: 160268 ns
[2024-02-17T21:04:58.057+0000][7][safepoint   ] Safepoint "Cleanup", Time since last: 1239226919 ns, Reaching safepoint: 222496 ns, At safepoint: 4656 ns, Total: 227152 ns
[2024-02-17T21:04:58.266+0000][7][safepoint   ] Safepoint "ICBufferFull", Time since last: 208354984 ns, Reaching safepoint: 138229 ns, At safepoint: 4634 ns, Total: 142863 ns
[2024-02-17T21:04:59.266+0000][7][safepoint   ] Safepoint "Cleanup", Time since last: 1000205661 ns, Reaching safepoint: 189668 ns, At safepoint: 13969 ns, Total: 203637 ns
[2024-02-17T21:05:00.534+0000][7][safepoint   ] Safepoint "Cleanup", Time since last: 1253409966 ns, Reaching safepoint: 14222754 ns, At safepoint: 36589 ns, Total: 14259343 ns
[2024-02-17T21:05:00.660+0000][7][safepoint   ] Safepoint "ICBufferFull", Time since last: 125806077 ns, Reaching safepoint: 187021 ns, At safepoint: 5213 ns, Total: 192234 ns
[2024-02-17T21:05:02.065+0000][7][safepoint   ] Safepoint "Cleanup", Time since last: 1404482543 ns, Reaching safepoint: 266783 ns, At safepoint: 17131 ns, Total: 283914 ns
[2024-02-17T21:05:03.065+0000][7][safepoint   ] Safepoint "Cleanup", Time since last: 1000300913 ns, Reaching safepoint: 90796 ns, At safepoint: 8636 ns, Total: 99432 ns
[2024-02-17T21:05:03.556+0000][7][gc,start    ] GC(17) Pause Young (Normal) (G1 Evacuation Pause)
[2024-02-17T21:05:03.556+0000][7][gc,task     ] GC(17) Using 8 workers of 8 for evacuation
[2024-02-17T21:05:03.556+0000][7][gc,age      ] GC(17) Desired survivor size 41943040 bytes, new threshold 15 (max threshold 15)
[2024-02-17T21:05:03.568+0000][7][gc,phases   ] GC(17)   Pre Evacuate Collection Set: 0.1ms
[2024-02-17T21:05:03.568+0000][7][gc,phases   ] GC(17)   Merge Heap Roots: 0.1ms
[2024-02-17T21:05:03.568+0000][7][gc,phases   ] GC(17)   Evacuate Collection Set: 10.2ms
[2024-02-17T21:05:03.568+0000][7][gc,phases   ] GC(17)   Post Evacuate Collection Set: 1.3ms
[2024-02-17T21:05:03.568+0000][7][gc,phases   ] GC(17)   Other: 0.1ms
[2024-02-17T21:05:03.568+0000][7][gc,age      ] GC(17) Age table with threshold 15 (max threshold 15)
[2024-02-17T21:05:03.568+0000][7][gc,age      ] GC(17) - age   1:    2715728 bytes,    2715728 total
[2024-02-17T21:05:03.568+0000][7][gc,age      ] GC(17) - age   2:      84256 bytes,    2799984 total
[2024-02-17T21:05:03.568+0000][7][gc,age      ] GC(17) - age   4:    5223968 bytes,    8023952 total
[2024-02-17T21:05:03.568+0000][7][gc,age      ] GC(17) - age   5:    1106496 bytes,    9130448 total
[2024-02-17T21:05:03.568+0000][7][gc,age      ] GC(17) - age   6:   12618136 bytes,   21748584 total
[2024-02-17T21:05:03.568+0000][7][gc,heap     ] GC(17) Eden regions: 144->0(147)
[2024-02-17T21:05:03.568+0000][7][gc,heap     ] GC(17) Survivor regions: 9->6(20)
[2024-02-17T21:05:03.568+0000][7][gc,heap     ] GC(17) Old regions: 16->16
[2024-02-17T21:05:03.568+0000][7][gc,heap     ] GC(17) Archive regions: 2->2
[2024-02-17T21:05:03.568+0000][7][gc,heap     ] GC(17) Humongous regions: 0->0
[2024-02-17T21:05:03.568+0000][7][gc,metaspace] GC(17) Metaspace: 118942K(122496K)->118942K(122496K) NonClass: 102772K(104576K)->102772K(104576K) Class: 16169K(17920K)->16169K(17920K)
[2024-02-17T21:05:03.568+0000][7][gc          ] GC(17) Pause Young (Normal) (G1 Evacuation Pause) 675M->90M(1024M) 12.065ms
[2024-02-17T21:05:03.568+0000][7][gc,cpu      ] GC(17) User=0.08s Sys=0.00s Real=0.01s
[2024-02-17T21:05:03.568+0000][7][safepoint   ] Safepoint "G1CollectForAllocation", Time since last: 490587000 ns, Reaching safepoint: 111348 ns, At safepoint: 12172971 ns, Total: 12284319 ns
[2024-02-17T21:05:03.900+0000][7][safepoint   ] Safepoint "ICBufferFull", Time since last: 331985113 ns, Reaching safepoint: 218976 ns, At safepoint: 11455 ns, Total: 230431 ns
[2024-02-17T21:05:04.900+0000][7][safepoint   ] Safepoint "Cleanup", Time since last: 1000151279 ns, Reaching safepoint: 173312 ns, At safepoint: 10722 ns, Total: 184034 ns
[2024-02-17T21:05:05.995+0000][7][safepoint   ] Safepoint "Cleanup", Time since last: 1094420033 ns, Reaching safepoint: 194135 ns, At safepoint: 14762 ns, Total: 208897 ns
[2024-02-17T21:05:06.549+0000][7][safepoint   ] Safepoint "ICBufferFull", Time since last: 554289299 ns, Reaching safepoint: 156518 ns, At safepoint: 5210 ns, Total: 161728 ns
[2024-02-17T21:05:07.550+0000][7][safepoint   ] Safepoint "Cleanup", Time since last: 1000301136 ns, Reaching safepoint: 189524 ns, At safepoint: 8691 ns, Total: 198215 ns
[2024-02-17T21:05:08.550+0000][7][safepoint   ] Safepoint "Cleanup", Time since last: 1000197169 ns, Reaching safepoint: 67109 ns, At safepoint: 16273 ns, Total: 83382 ns
[2024-02-17T21:05:09.550+0000][7][safepoint   ] Safepoint "Cleanup", Time since last: 1000132520 ns, Reaching safepoint: 99437 ns, At safepoint: 7980 ns, Total: 107417 ns
[2024-02-17T21:05:10.551+0000][7][safepoint   ] Safepoint "Cleanup", Time since last: 1000139221 ns, Reaching safepoint: 177868 ns, At safepoint: 6838 ns, Total: 184706 ns
[2024-02-17T21:05:11.551+0000][7][safepoint   ] Safepoint "Cleanup", Time since last: 1000158775 ns, Reaching safepoint: 80386 ns, At safepoint: 11467 ns, Total: 91853 ns
[2024-02-17T21:05:12.551+0000][7][safepoint   ] Safepoint "Cleanup", Time since last: 1000168877 ns, Reaching safepoint: 105829 ns, At safepoint: 11512 ns, Total: 117341 ns
[2024-02-17T21:05:13.552+0000][7][safepoint   ] Safepoint "Cleanup", Time since last: 1000259363 ns, Reaching safepoint: 89268 ns, At safepoint: 11292 ns, Total: 100560 ns
[2024-02-17T21:05:15.552+0000][7][safepoint   ] Safepoint "Cleanup", Time since last: 2000348671 ns, Reaching safepoint: 99892 ns, At safepoint: 5687 ns, Total: 105579 ns
[2024-02-17T21:05:16.553+0000][7][safepoint   ] Safepoint "Cleanup", Time since last: 1000359182 ns, Reaching safepoint: 118415 ns, At safepoint: 11067 ns, Total: 129482 ns
[2024-02-17T21:05:18.553+0000][7][safepoint   ] Safepoint "Cleanup", Time since last: 2000218461 ns, Reaching safepoint: 78885 ns, At safepoint: 5350 ns, Total: 84235 ns
[2024-02-17T21:05:19.553+0000][7][safepoint   ] Safepoint "Cleanup", Time since last: 1000213805 ns, Reaching safepoint: 114784 ns, At safepoint: 9817 ns, Total: 124601 ns
[2024-02-17T21:05:20.554+0000][7][safepoint   ] Safepoint "Cleanup", Time since last: 1000135084 ns, Reaching safepoint: 81433 ns, At safepoint: 7978 ns, Total: 89411 ns
[2024-02-17T21:05:21.554+0000][7][safepoint   ] Safepoint "Cleanup", Time since last: 1000156554 ns, Reaching safepoint: 109188 ns, At safepoint: 4864 ns, Total: 114052 ns
[2024-02-17T21:05:22.554+0000][7][safepoint   ] Safepoint "Cleanup", Time since last: 1000227651 ns, Reaching safepoint: 103272 ns, At safepoint: 11098 ns, Total: 114370 ns
[2024-02-17T21:05:23.554+0000][7][safepoint   ] Safepoint "Cleanup", Time since last: 1000255896 ns, Reaching safepoint: 86085 ns, At safepoint: 11527 ns, Total: 97612 ns
[2024-02-17T21:05:24.555+0000][7][safepoint   ] Safepoint "Cleanup", Time since last: 1000127434 ns, Reaching safepoint: 59211 ns, At safepoint: 7471 ns, Total: 66682 ns
[2024-02-17T21:05:27.555+0000][7][safepoint   ] Safepoint "Cleanup", Time since last: 3000257324 ns, Reaching safepoint: 73836 ns, At safepoint: 6007 ns, Total: 79843 ns
[2024-02-17T21:05:28.555+0000][7][safepoint   ] Safepoint "Cleanup", Time since last: 1000136184 ns, Reaching safepoint: 96754 ns, At safepoint: 8999 ns, Total: 105753 ns
[2024-02-17T21:05:30.556+0000][7][safepoint   ] Safepoint "Cleanup", Time since last: 2000346948 ns, Reaching safepoint: 71217 ns, At safepoint: 6794 ns, Total: 78011 ns
[2024-02-17T21:05:31.556+0000][7][safepoint   ] Safepoint "Cleanup", Time since last: 1000111209 ns, Reaching safepoint: 80813 ns, At safepoint: 5159 ns, Total: 85972 ns
[2024-02-17T21:05:32.556+0000][7][safepoint   ] Safepoint "Cleanup", Time since last: 1000190713 ns, Reaching safepoint: 53230 ns, At safepoint: 6231 ns, Total: 59461 ns
[2024-02-17T21:05:33.556+0000][7][safepoint   ] Safepoint "Cleanup", Time since last: 1000111509 ns, Reaching safepoint: 86123 ns, At safepoint: 4070 ns, Total: 90193 ns
[2024-02-17T21:05:34.557+0000][7][safepoint   ] Safepoint "Cleanup", Time since last: 1000192274 ns, Reaching safepoint: 69659 ns, At safepoint: 8282 ns, Total: 77941 ns
[2024-02-17T21:05:35.557+0000][7][safepoint   ] Safepoint "Cleanup", Time since last: 1000208001 ns, Reaching safepoint: 61462 ns, At safepoint: 5640 ns, Total: 67102 ns
[2024-02-17T21:05:36.557+0000][7][safepoint   ] Safepoint "Cleanup", Time since last: 1000134895 ns, Reaching safepoint: 57172 ns, At safepoint: 4717 ns, Total: 61889 ns
[2024-02-17T21:05:38.557+0000][7][safepoint   ] Safepoint "Cleanup", Time since last: 2000178536 ns, Reaching safepoint: 41799 ns, At safepoint: 4246 ns, Total: 46045 ns
[2024-02-17T21:05:39.558+0000][7][safepoint   ] Safepoint "Cleanup", Time since last: 1000118252 ns, Reaching safepoint: 136163 ns, At safepoint: 3588 ns, Total: 139751 ns
[2024-02-17T21:05:40.558+0000][7][safepoint   ] Safepoint "Cleanup", Time since last: 1000152299 ns, Reaching safepoint: 87992 ns, At safepoint: 4630 ns, Total: 92622 ns
[2024-02-17T21:05:41.558+0000][7][safepoint   ] Safepoint "Cleanup", Time since last: 1000244466 ns, Reaching safepoint: 87271 ns, At safepoint: 8498 ns, Total: 95769 ns
[2024-02-17T21:05:42.558+0000][7][safepoint   ] Safepoint "Cleanup", Time since last: 1000130866 ns, Reaching safepoint: 72043 ns, At safepoint: 4040 ns, Total: 76083 ns
[2024-02-17T21:05:43.559+0000][7][safepoint   ] Safepoint "Cleanup", Time since last: 1000206144 ns, Reaching safepoint: 114107 ns, At safepoint: 7914 ns, Total: 122021 ns
[2024-02-17T21:05:44.559+0000][7][safepoint   ] Safepoint "Cleanup", Time since last: 1000139321 ns, Reaching safepoint: 82141 ns, At safepoint: 7492 ns, Total: 89633 ns
[2024-02-17T21:05:45.559+0000][7][safepoint   ] Safepoint "Cleanup", Time since last: 1000147378 ns, Reaching safepoint: 66208 ns, At safepoint: 3652 ns, Total: 69860 ns
[2024-02-17T21:05:46.559+0000][7][safepoint   ] Safepoint "Cleanup", Time since last: 1000147124 ns, Reaching safepoint: 90996 ns, At safepoint: 10057 ns, Total: 101053 ns
[2024-02-17T21:05:47.560+0000][7][safepoint   ] Safepoint "Cleanup", Time since last: 1000288097 ns, Reaching safepoint: 86988 ns, At safepoint: 12915 ns, Total: 99903 ns
[2024-02-17T21:05:48.560+0000][7][safepoint   ] Safepoint "Cleanup", Time since last: 1000264389 ns, Reaching safepoint: 85549 ns, At safepoint: 8738 ns, Total: 94287 ns
[2024-02-17T21:05:49.560+0000][7][safepoint   ] Safepoint "Cleanup", Time since last: 1000251586 ns, Reaching safepoint: 86377 ns, At safepoint: 10763 ns, Total: 97140 ns
[2024-02-17T21:05:50.561+0000][7][safepoint   ] Safepoint "Cleanup", Time since last: 1000280511 ns, Reaching safepoint: 80027 ns, At safepoint: 8639 ns, Total: 88666 ns
[2024-02-17T21:05:51.561+0000][7][safepoint   ] Safepoint "Cleanup", Time since last: 1000137421 ns, Reaching safepoint: 112886 ns, At safepoint: 17024 ns, Total: 129910 ns
[2024-02-17T21:05:52.561+0000][7][safepoint   ] Safepoint "Cleanup", Time since last: 1000278190 ns, Reaching safepoint: 106831 ns, At safepoint: 9945 ns, Total: 116776 ns
[2024-02-17T21:05:54.562+0000][7][safepoint   ] Safepoint "Cleanup", Time since last: 2000408956 ns, Reaching safepoint: 73426 ns, At safepoint: 5673 ns, Total: 79099 ns
[2024-02-17T21:05:55.562+0000][7][safepoint   ] Safepoint "Cleanup", Time since last: 1000233533 ns, Reaching safepoint: 110519 ns, At safepoint: 12458 ns, Total: 122977 ns
[2024-02-17T21:05:57.563+0000][7][safepoint   ] Safepoint "Cleanup", Time since last: 2000319179 ns, Reaching safepoint: 101127 ns, At safepoint: 4920 ns, Total: 106047 ns
[2024-02-17T21:05:58.563+0000][7][safepoint   ] Safepoint "Cleanup", Time since last: 1000127600 ns, Reaching safepoint: 56891 ns, At safepoint: 2970 ns, Total: 59861 ns
[2024-02-17T21:05:59.563+0000][7][safepoint   ] Safepoint "Cleanup", Time since last: 1000110402 ns, Reaching safepoint: 45515 ns, At safepoint: 4003 ns, Total: 49518 ns
[2024-02-17T21:06:00.563+0000][7][safepoint   ] Safepoint "Cleanup", Time since last: 1000068307 ns, Reaching safepoint: 97133 ns, At safepoint: 4040 ns, Total: 101173 ns
[2024-02-17T21:06:01.564+0000][7][safepoint   ] Safepoint "Cleanup", Time since last: 1000208533 ns, Reaching safepoint: 57484 ns, At safepoint: 9917 ns, Total: 67401 ns
[2024-02-17T21:06:03.516+0000][7][safepoint   ] Safepoint "Cleanup", Time since last: 1952875676 ns, Reaching safepoint: 37632 ns, At safepoint: 3880 ns, Total: 41512 ns
[2024-02-17T21:06:04.517+0000][7][safepoint   ] Safepoint "Cleanup", Time since last: 1000186142 ns, Reaching safepoint: 108684 ns, At safepoint: 7552 ns, Total: 116236 ns
[2024-02-17T21:06:05.517+0000][7][safepoint   ] Safepoint "Cleanup", Time since last: 1000180888 ns, Reaching safepoint: 50766 ns, At safepoint: 9406 ns, Total: 60172 ns
[2024-02-17T21:06:06.517+0000][7][safepoint   ] Safepoint "Cleanup", Time since last: 1000131246 ns, Reaching safepoint: 82556 ns, At safepoint: 14975 ns, Total: 97531 ns
[2024-02-17T21:06:07.517+0000][7][safepoint   ] Safepoint "Cleanup", Time since last: 1000131980 ns, Reaching safepoint: 89784 ns, At safepoint: 12428 ns, Total: 102212 ns
[2024-02-17T21:06:08.518+0000][7][safepoint   ] Safepoint "Cleanup", Time since last: 1000128373 ns, Reaching safepoint: 87564 ns, At safepoint: 3980 ns, Total: 91544 ns
[2024-02-17T21:06:09.518+0000][7][safepoint   ] Safepoint "Cleanup", Time since last: 1000109832 ns, Reaching safepoint: 126363 ns, At safepoint: 4741 ns, Total: 131104 ns
[2024-02-17T21:06:10.518+0000][7][safepoint   ] Safepoint "Cleanup", Time since last: 1000115804 ns, Reaching safepoint: 89507 ns, At safepoint: 7571 ns, Total: 97078 ns
[2024-02-17T21:06:12.519+0000][7][safepoint   ] Safepoint "Cleanup", Time since last: 2000405000 ns, Reaching safepoint: 70611 ns, At safepoint: 13218 ns, Total: 83829 ns
[2024-02-17T21:06:13.519+0000][7][safepoint   ] Safepoint "Cleanup", Time since last: 1000118747 ns, Reaching safepoint: 78065 ns, At safepoint: 11975 ns, Total: 90040 ns
[2024-02-17T21:06:15.519+0000][7][safepoint   ] Safepoint "Cleanup", Time since last: 2000256917 ns, Reaching safepoint: 77517 ns, At safepoint: 5715 ns, Total: 83232 ns
[2024-02-17T21:06:16.519+0000][7][safepoint   ] Safepoint "Cleanup", Time since last: 1000136555 ns, Reaching safepoint: 165530 ns, At safepoint: 7296 ns, Total: 172826 ns
[2024-02-17T21:06:18.520+0000][7][safepoint   ] Safepoint "Cleanup", Time since last: 2000250818 ns, Reaching safepoint: 76502 ns, At safepoint: 5118 ns, Total: 81620 ns
[2024-02-17T21:06:19.520+0000][7][safepoint   ] Safepoint "Cleanup", Time since last: 1000155914 ns, Reaching safepoint: 91353 ns, At safepoint: 7799 ns, Total: 99152 ns
[2024-02-17T21:06:20.520+0000][7][safepoint   ] Safepoint "Cleanup", Time since last: 1000120097 ns, Reaching safepoint: 78214 ns, At safepoint: 4419 ns, Total: 82633 ns
[2024-02-17T21:06:21.521+0000][7][safepoint   ] Safepoint "Cleanup", Time since last: 1000205825 ns, Reaching safepoint: 171183 ns, At safepoint: 20552 ns, Total: 191735 ns
[2024-02-17T21:06:22.521+0000][7][safepoint   ] Safepoint "Cleanup", Time since last: 1000133424 ns, Reaching safepoint: 50935 ns, At safepoint: 3614 ns, Total: 54549 ns
[2024-02-17T21:06:24.521+0000][7][safepoint   ] Safepoint "Cleanup", Time since last: 2000207712 ns, Reaching safepoint: 52128 ns, At safepoint: 4807 ns, Total: 56935 ns
[2024-02-17T21:06:27.522+0000][7][safepoint   ] Safepoint "Cleanup", Time since last: 3000292208 ns, Reaching safepoint: 124394 ns, At safepoint: 8527 ns, Total: 132921 ns
[2024-02-17T21:06:28.522+0000][7][safepoint   ] Safepoint "Cleanup", Time since last: 1000135504 ns, Reaching safepoint: 95448 ns, At safepoint: 6103 ns, Total: 101551 ns
[2024-02-17T21:06:30.522+0000][7][safepoint   ] Safepoint "Cleanup", Time since last: 2000316520 ns, Reaching safepoint: 91226 ns, At safepoint: 6849 ns, Total: 98075 ns
[2024-02-17T21:06:31.523+0000][7][safepoint   ] Safepoint "Cleanup", Time since last: 1000252063 ns, Reaching safepoint: 96106 ns, At safepoint: 7529 ns, Total: 103635 ns
[2024-02-17T21:06:33.523+0000][7][safepoint   ] Safepoint "Cleanup", Time since last: 2000216896 ns, Reaching safepoint: 150017 ns, At safepoint: 7951 ns, Total: 157968 ns
[2024-02-17T21:06:34.523+0000][7][safepoint   ] Safepoint "Cleanup", Time since last: 1000142044 ns, Reaching safepoint: 63254 ns, At safepoint: 6472 ns, Total: 69726 ns
[2024-02-17T21:06:35.523+0000][7][safepoint   ] Safepoint "Cleanup", Time since last: 1000213025 ns, Reaching safepoint: 63824 ns, At safepoint: 16244 ns, Total: 80068 ns
[2024-02-17T21:06:36.524+0000][7][safepoint   ] Safepoint "Cleanup", Time since last: 1000253624 ns, Reaching safepoint: 89190 ns, At safepoint: 11557 ns, Total: 100747 ns
[2024-02-17T21:06:39.524+0000][7][safepoint   ] Safepoint "Cleanup", Time since last: 3000394907 ns, Reaching safepoint: 122349 ns, At safepoint: 8315 ns, Total: 130664 ns
[2024-02-17T21:06:40.525+0000][7][safepoint   ] Safepoint "Cleanup", Time since last: 1000276570 ns, Reaching safepoint: 95422 ns, At safepoint: 12193 ns, Total: 107615 ns
[2024-02-17T21:06:42.525+0000][7][safepoint   ] Safepoint "Cleanup", Time since last: 2000358102 ns, Reaching safepoint: 137058 ns, At safepoint: 8730 ns, Total: 145788 ns
[2024-02-17T21:06:43.525+0000][7][safepoint   ] Safepoint "Cleanup", Time since last: 1000157615 ns, Reaching safepoint: 75191 ns, At safepoint: 7012 ns, Total: 82203 ns
[2024-02-17T21:06:45.526+0000][7][safepoint   ] Safepoint "Cleanup", Time since last: 2000341938 ns, Reaching safepoint: 72326 ns, At safepoint: 6146 ns, Total: 78472 ns
[2024-02-17T21:06:46.526+0000][7][safepoint   ] Safepoint "Cleanup", Time since last: 1000230925 ns, Reaching safepoint: 102509 ns, At safepoint: 12059 ns, Total: 114568 ns
[2024-02-17T21:06:47.527+0000][7][safepoint   ] Safepoint "Cleanup", Time since last: 1000295901 ns, Reaching safepoint: 95338 ns, At safepoint: 12101 ns, Total: 107439 ns
[2024-02-17T21:06:48.527+0000][7][safepoint   ] Safepoint "Cleanup", Time since last: 1000138494 ns, Reaching safepoint: 69622 ns, At safepoint: 5727 ns, Total: 75349 ns
[2024-02-17T21:06:49.527+0000][7][safepoint   ] Safepoint "Cleanup", Time since last: 1000115826 ns, Reaching safepoint: 75352 ns, At safepoint: 9115 ns, Total: 84467 ns
[2024-02-17T21:06:50.527+0000][7][safepoint   ] Safepoint "Cleanup", Time since last: 1000244860 ns, Reaching safepoint: 78559 ns, At safepoint: 11594 ns, Total: 90153 ns
[2024-02-17T21:06:51.528+0000][7][safepoint   ] Safepoint "Cleanup", Time since last: 1000152485 ns, Reaching safepoint: 94731 ns, At safepoint: 12895 ns, Total: 107626 ns
[2024-02-17T21:06:52.528+0000][7][safepoint   ] Safepoint "Cleanup", Time since last: 1000126180 ns, Reaching safepoint: 70106 ns, At safepoint: 4141 ns, Total: 74247 ns
[2024-02-17T21:06:53.528+0000][7][safepoint   ] Safepoint "Cleanup", Time since last: 1000197971 ns, Reaching safepoint: 54555 ns, At safepoint: 7008 ns, Total: 61563 ns
[2024-02-17T21:06:54.528+0000][7][safepoint   ] Safepoint "Cleanup", Time since last: 1000123098 ns, Reaching safepoint: 63535 ns, At safepoint: 8250 ns, Total: 71785 ns
[2024-02-17T21:06:55.529+0000][7][safepoint   ] Safepoint "Cleanup", Time since last: 1000134487 ns, Reaching safepoint: 79953 ns, At safepoint: 10858 ns, Total: 90811 ns
[2024-02-17T21:06:57.529+0000][7][safepoint   ] Safepoint "Cleanup", Time since last: 2000208910 ns, Reaching safepoint: 62109 ns, At safepoint: 3800 ns, Total: 65909 ns
[2024-02-17T21:06:58.599+0000][7][safepoint   ] Safepoint "Cleanup", Time since last: 1069935763 ns, Reaching safepoint: 211333 ns, At safepoint: 16543 ns, Total: 227876 ns
[2024-02-17T21:06:59.599+0000][7][safepoint   ] Safepoint "Cleanup", Time since last: 1000144704 ns, Reaching safepoint: 87258 ns, At safepoint: 12498 ns, Total: 99756 ns
[2024-02-17T21:07:00.599+0000][7][safepoint   ] Safepoint "Cleanup", Time since last: 1000153073 ns, Reaching safepoint: 113712 ns, At safepoint: 7880 ns, Total: 121592 ns
[2024-02-17T21:07:03.508+0000][7][safepoint   ] Safepoint "Cleanup", Time since last: 2908486665 ns, Reaching safepoint: 72809 ns, At safepoint: 5609 ns, Total: 78418 ns
[2024-02-17T21:07:04.508+0000][7][safepoint   ] Safepoint "Cleanup", Time since last: 1000135628 ns, Reaching safepoint: 58521 ns, At safepoint: 4031 ns, Total: 62552 ns
[2024-02-17T21:07:05.509+0000][7][safepoint   ] Safepoint "Cleanup", Time since last: 1000235528 ns, Reaching safepoint: 137815 ns, At safepoint: 14532 ns, Total: 152347 ns
[2024-02-17T21:07:06.509+0000][7][safepoint   ] Safepoint "Cleanup", Time since last: 1000155486 ns, Reaching safepoint: 76601 ns, At safepoint: 12720 ns, Total: 89321 ns
[2024-02-17T21:07:07.509+0000][7][safepoint   ] Safepoint "Cleanup", Time since last: 1000143121 ns, Reaching safepoint: 78093 ns, At safepoint: 5145 ns, Total: 83238 ns
[2024-02-17T21:07:08.509+0000][7][safepoint   ] Safepoint "Cleanup", Time since last: 1000266653 ns, Reaching safepoint: 99421 ns, At safepoint: 10339 ns, Total: 109760 ns
[2024-02-17T21:07:09.510+0000][7][safepoint   ] Safepoint "Cleanup", Time since last: 1000135609 ns, Reaching safepoint: 73744 ns, At safepoint: 7623 ns, Total: 81367 ns
[2024-02-17T21:07:10.510+0000][7][safepoint   ] Safepoint "Cleanup", Time since last: 1000206643 ns, Reaching safepoint: 99223 ns, At safepoint: 7448 ns, Total: 106671 ns
[2024-02-17T21:07:11.510+0000][7][safepoint   ] Safepoint "Cleanup", Time since last: 1000142956 ns, Reaching safepoint: 101125 ns, At safepoint: 8710 ns, Total: 109835 ns
[2024-02-17T21:07:13.511+0000][7][safepoint   ] Safepoint "Cleanup", Time since last: 2000316066 ns, Reaching safepoint: 113656 ns, At safepoint: 9182 ns, Total: 122838 ns
[2024-02-17T21:07:15.511+0000][7][safepoint   ] Safepoint "Cleanup", Time since last: 2000206270 ns, Reaching safepoint: 90754 ns, At safepoint: 10522 ns, Total: 101276 ns
[2024-02-17T21:07:16.511+0000][7][safepoint   ] Safepoint "Cleanup", Time since last: 1000119622 ns, Reaching safepoint: 78721 ns, At safepoint: 22736 ns, Total: 101457 ns
[2024-02-17T21:07:17.511+0000][7][safepoint   ] Safepoint "Cleanup", Time since last: 1000143543 ns, Reaching safepoint: 98252 ns, At safepoint: 6543 ns, Total: 104795 ns
[2024-02-17T21:07:18.512+0000][7][safepoint   ] Safepoint "Cleanup", Time since last: 1000137404 ns, Reaching safepoint: 145182 ns, At safepoint: 7669 ns, Total: 152851 ns
[2024-02-17T21:07:19.512+0000][7][safepoint   ] Safepoint "Cleanup", Time since last: 1000150624 ns, Reaching safepoint: 94016 ns, At safepoint: 6085 ns, Total: 100101 ns
[2024-02-17T21:07:20.512+0000][7][safepoint   ] Safepoint "Cleanup", Time since last: 1000143196 ns, Reaching safepoint: 73251 ns, At safepoint: 6172 ns, Total: 79423 ns
[2024-02-17T21:07:21.512+0000][7][safepoint   ] Safepoint "Cleanup", Time since last: 1000141443 ns, Reaching safepoint: 66042 ns, At safepoint: 5030 ns, Total: 71072 ns
[2024-02-17T21:07:22.513+0000][7][safepoint   ] Safepoint "Cleanup", Time since last: 1000142509 ns, Reaching safepoint: 141983 ns, At safepoint: 9914 ns, Total: 151897 ns
[2024-02-17T21:07:23.513+0000][7][safepoint   ] Safepoint "Cleanup", Time since last: 1000269466 ns, Reaching safepoint: 145056 ns, At safepoint: 7708 ns, Total: 152764 ns
[2024-02-17T21:07:24.513+0000][7][safepoint   ] Safepoint "Cleanup", Time since last: 1000217609 ns, Reaching safepoint: 72924 ns, At safepoint: 13139 ns, Total: 86063 ns
[2024-02-17T21:07:25.514+0000][7][safepoint   ] Safepoint "Cleanup", Time since last: 1000152163 ns, Reaching safepoint: 63898 ns, At safepoint: 8147 ns, Total: 72045 ns
[2024-02-17T21:07:27.514+0000][7][safepoint   ] Safepoint "Cleanup", Time since last: 2000277703 ns, Reaching safepoint: 73016 ns, At safepoint: 8231 ns, Total: 81247 ns
[2024-02-17T21:07:28.514+0000][7][safepoint   ] Safepoint "Cleanup", Time since last: 1000259353 ns, Reaching safepoint: 100123 ns, At safepoint: 22199 ns, Total: 122322 ns
[2024-02-17T21:07:29.515+0000][7][safepoint   ] Safepoint "Cleanup", Time since last: 1000167535 ns, Reaching safepoint: 94344 ns, At safepoint: 7921 ns, Total: 102265 ns
[2024-02-17T21:07:30.515+0000][7][safepoint   ] Safepoint "Cleanup", Time since last: 1000148527 ns, Reaching safepoint: 130011 ns, At safepoint: 14875 ns, Total: 144886 ns
[2024-02-17T21:07:30.533+0000][7][gc,start    ] GC(18) Pause Young (Normal) (G1 Evacuation Pause)
[2024-02-17T21:07:30.533+0000][7][gc,task     ] GC(18) Using 8 workers of 8 for evacuation
[2024-02-17T21:07:30.533+0000][7][gc,age      ] GC(18) Desired survivor size 41943040 bytes, new threshold 15 (max threshold 15)
[2024-02-17T21:07:30.547+0000][7][gc,phases   ] GC(18)   Pre Evacuate Collection Set: 0.1ms
[2024-02-17T21:07:30.547+0000][7][gc,phases   ] GC(18)   Merge Heap Roots: 0.1ms
[2024-02-17T21:07:30.547+0000][7][gc,phases   ] GC(18)   Evacuate Collection Set: 11.8ms
[2024-02-17T21:07:30.547+0000][7][gc,phases   ] GC(18)   Post Evacuate Collection Set: 1.4ms
[2024-02-17T21:07:30.547+0000][7][gc,phases   ] GC(18)   Other: 0.1ms
[2024-02-17T21:07:30.547+0000][7][gc,age      ] GC(18) Age table with threshold 15 (max threshold 15)
[2024-02-17T21:07:30.547+0000][7][gc,age      ] GC(18) - age   1:    2965040 bytes,    2965040 total
[2024-02-17T21:07:30.547+0000][7][gc,age      ] GC(18) - age   2:    1848000 bytes,    4813040 total
[2024-02-17T21:07:30.547+0000][7][gc,age      ] GC(18) - age   3:      84256 bytes,    4897296 total
[2024-02-17T21:07:30.547+0000][7][gc,age      ] GC(18) - age   5:    5218152 bytes,   10115448 total
[2024-02-17T21:07:30.547+0000][7][gc,age      ] GC(18) - age   6:    1106240 bytes,   11221688 total
[2024-02-17T21:07:30.547+0000][7][gc,age      ] GC(18) - age   7:   12596360 bytes,   23818048 total
[2024-02-17T21:07:30.547+0000][7][gc,heap     ] GC(18) Eden regions: 147->0(146)
[2024-02-17T21:07:30.547+0000][7][gc,heap     ] GC(18) Survivor regions: 6->7(20)
[2024-02-17T21:07:30.547+0000][7][gc,heap     ] GC(18) Old regions: 16->16
[2024-02-17T21:07:30.547+0000][7][gc,heap     ] GC(18) Archive regions: 2->2
[2024-02-17T21:07:30.547+0000][7][gc,heap     ] GC(18) Humongous regions: 0->0
[2024-02-17T21:07:30.547+0000][7][gc,metaspace] GC(18) Metaspace: 122413K(125952K)->122413K(125952K) NonClass: 106085K(107904K)->106085K(107904K) Class: 16327K(18048K)->16327K(18048K)
[2024-02-17T21:07:30.547+0000][7][gc          ] GC(18) Pause Young (Normal) (G1 Evacuation Pause) 678M->91M(1024M) 13.855ms
[2024-02-17T21:07:30.547+0000][7][gc,cpu      ] GC(18) User=0.10s Sys=0.00s Real=0.02s
[2024-02-17T21:07:30.547+0000][7][safepoint   ] Safepoint "G1CollectForAllocation", Time since last: 17805099 ns, Reaching safepoint: 72962 ns, At safepoint: 13947620 ns, Total: 14020582 ns
[2024-02-17T21:07:31.547+0000][7][safepoint   ] Safepoint "Cleanup", Time since last: 1000127781 ns, Reaching safepoint: 106122 ns, At safepoint: 10784 ns, Total: 116906 ns
[2024-02-17T21:07:33.547+0000][7][safepoint   ] Safepoint "Cleanup", Time since last: 2000253225 ns, Reaching safepoint: 77302 ns, At safepoint: 3346 ns, Total: 80648 ns
[2024-02-17T21:07:34.548+0000][7][safepoint   ] Safepoint "Cleanup", Time since last: 1000255550 ns, Reaching safepoint: 101140 ns, At safepoint: 8540 ns, Total: 109680 ns
[2024-02-17T21:07:35.548+0000][7][safepoint   ] Safepoint "Cleanup", Time since last: 1000149734 ns, Reaching safepoint: 66554 ns, At safepoint: 7346 ns, Total: 73900 ns
[2024-02-17T21:07:39.549+0000][7][safepoint   ] Safepoint "Cleanup", Time since last: 4000610852 ns, Reaching safepoint: 159683 ns, At safepoint: 6344 ns, Total: 166027 ns
[2024-02-17T21:07:41.549+0000][7][safepoint   ] Safepoint "Cleanup", Time since last: 2000470579 ns, Reaching safepoint: 83906 ns, At safepoint: 10582 ns, Total: 94488 ns
[2024-02-17T21:07:42.550+0000][7][safepoint   ] Safepoint "Cleanup", Time since last: 1000259278 ns, Reaching safepoint: 75091 ns, At safepoint: 8143 ns, Total: 83234 ns
[2024-02-17T21:07:43.550+0000][7][safepoint   ] Safepoint "Cleanup", Time since last: 1000212748 ns, Reaching safepoint: 78881 ns, At safepoint: 6895 ns, Total: 85776 ns
[2024-02-17T21:07:45.551+0000][7][safepoint   ] Safepoint "Cleanup", Time since last: 2000471336 ns, Reaching safepoint: 90950 ns, At safepoint: 10183 ns, Total: 101133 ns
[2024-02-17T21:07:47.551+0000][7][safepoint   ] Safepoint "Cleanup", Time since last: 2000305824 ns, Reaching safepoint: 67441 ns, At safepoint: 9622 ns, Total: 77063 ns
[2024-02-17T21:07:48.551+0000][7][safepoint   ] Safepoint "Cleanup", Time since last: 1000108393 ns, Reaching safepoint: 50971 ns, At safepoint: 3706 ns, Total: 54677 ns
[2024-02-17T21:07:49.551+0000][7][safepoint   ] Safepoint "Cleanup", Time since last: 1000140024 ns, Reaching safepoint: 87386 ns, At safepoint: 11100 ns, Total: 98486 ns
[2024-02-17T21:07:50.552+0000][7][safepoint   ] Safepoint "Cleanup", Time since last: 1000177884 ns, Reaching safepoint: 71588 ns, At safepoint: 10234 ns, Total: 81822 ns
[2024-02-17T21:07:51.552+0000][7][safepoint   ] Safepoint "Cleanup", Time since last: 1000185807 ns, Reaching safepoint: 78724 ns, At safepoint: 9213 ns, Total: 87937 ns
[2024-02-17T21:07:52.552+0000][7][safepoint   ] Safepoint "Cleanup", Time since last: 1000259469 ns, Reaching safepoint: 102186 ns, At safepoint: 8682 ns, Total: 110868 ns
[2024-02-17T21:07:54.553+0000][7][safepoint   ] Safepoint "Cleanup", Time since last: 2000352023 ns, Reaching safepoint: 173144 ns, At safepoint: 9205 ns, Total: 182349 ns
[2024-02-17T21:07:55.553+0000][7][safepoint   ] Safepoint "Cleanup", Time since last: 1000281996 ns, Reaching safepoint: 91245 ns, At safepoint: 10376 ns, Total: 101621 ns
[2024-02-17T21:07:57.554+0000][7][safepoint   ] Safepoint "Cleanup", Time since last: 2000440552 ns, Reaching safepoint: 64011 ns, At safepoint: 6916 ns, Total: 70927 ns
[2024-02-17T21:08:01.082+0000][7][safepoint   ] Safepoint "Cleanup", Time since last: 1000253636 ns, Reaching safepoint: 69202 ns, At safepoint: 8203 ns, Total: 77405 ns
[2024-02-17T21:08:03.021+0000][7][safepoint   ] Safepoint "Cleanup", Time since last: 1939232955 ns, Reaching safepoint: 150677 ns, At safepoint: 7777 ns, Total: 158454 ns
[2024-02-17T21:08:04.021+0000][7][safepoint   ] Safepoint "Cleanup", Time since last: 1000151489 ns, Reaching safepoint: 130070 ns, At safepoint: 13217 ns, Total: 143287 ns
[2024-02-17T21:08:06.022+0000][7][safepoint   ] Safepoint "Cleanup", Time since last: 2000389151 ns, Reaching safepoint: 141355 ns, At safepoint: 9759 ns, Total: 151114 ns
[2024-02-17T21:08:07.022+0000][7][safepoint   ] Safepoint "Cleanup", Time since last: 1000279077 ns, Reaching safepoint: 84609 ns, At safepoint: 10692 ns, Total: 95301 ns
[2024-02-17T21:08:08.023+0000][7][safepoint   ] Safepoint "Cleanup", Time since last: 1000269620 ns, Reaching safepoint: 79351 ns, At safepoint: 9018 ns, Total: 88369 ns
[2024-02-17T21:08:10.023+0000][7][safepoint   ] Safepoint "Cleanup", Time since last: 2000364200 ns, Reaching safepoint: 123597 ns, At safepoint: 11396 ns, Total: 134993 ns
[2024-02-17T21:08:11.024+0000][7][safepoint   ] Safepoint "Cleanup", Time since last: 1000286487 ns, Reaching safepoint: 77284 ns, At safepoint: 10492 ns, Total: 87776 ns
[2024-02-17T21:08:13.024+0000][7][safepoint   ] Safepoint "Cleanup", Time since last: 2000315752 ns, Reaching safepoint: 92894 ns, At safepoint: 11778 ns, Total: 104672 ns
[2024-02-17T21:08:15.025+0000][7][safepoint   ] Safepoint "Cleanup", Time since last: 2000336067 ns, Reaching safepoint: 173383 ns, At safepoint: 16182 ns, Total: 189565 ns
[2024-02-17T21:08:16.025+0000][7][safepoint   ] Safepoint "Cleanup", Time since last: 1000271018 ns, Reaching safepoint: 99310 ns, At safepoint: 10651 ns, Total: 109961 ns
[2024-02-17T21:08:18.025+0000][7][safepoint   ] Safepoint "Cleanup", Time since last: 2000376894 ns, Reaching safepoint: 139545 ns, At safepoint: 9404 ns, Total: 148949 ns
[2024-02-17T21:08:19.026+0000][7][safepoint   ] Safepoint "Cleanup", Time since last: 1000266434 ns, Reaching safepoint: 86715 ns, At safepoint: 8823 ns, Total: 95538 ns
[2024-02-17T21:08:21.026+0000][7][safepoint   ] Safepoint "Cleanup", Time since last: 2000345276 ns, Reaching safepoint: 88273 ns, At safepoint: 9763 ns, Total: 98036 ns
[2024-02-17T21:08:22.027+0000][7][safepoint   ] Safepoint "Cleanup", Time since last: 1000248453 ns, Reaching safepoint: 142041 ns, At safepoint: 10294 ns, Total: 152335 ns
[2024-02-17T21:08:23.027+0000][7][safepoint   ] Safepoint "Cleanup", Time since last: 1000162252 ns, Reaching safepoint: 92780 ns, At safepoint: 9749 ns, Total: 102529 ns
[2024-02-17T21:08:24.027+0000][7][safepoint   ] Safepoint "Cleanup", Time since last: 1000163819 ns, Reaching safepoint: 234971 ns, At safepoint: 8661 ns, Total: 243632 ns
[2024-02-17T21:08:26.028+0000][7][safepoint   ] Safepoint "Cleanup", Time since last: 2000347596 ns, Reaching safepoint: 78457 ns, At safepoint: 8623 ns, Total: 87080 ns
[2024-02-17T21:08:27.028+0000][7][safepoint   ] Safepoint "Cleanup", Time since last: 1000147457 ns, Reaching safepoint: 68614 ns, At safepoint: 7933 ns, Total: 76547 ns
[2024-02-17T21:08:28.028+0000][7][safepoint   ] Safepoint "Cleanup", Time since last: 1000169267 ns, Reaching safepoint: 102403 ns, At safepoint: 7753 ns, Total: 110156 ns
[2024-02-17T21:08:31.029+0000][7][safepoint   ] Safepoint "Cleanup", Time since last: 3000613305 ns, Reaching safepoint: 93410 ns, At safepoint: 8461 ns, Total: 101871 ns
[2024-02-17T21:08:33.029+0000][7][safepoint   ] Safepoint "Cleanup", Time since last: 2000343948 ns, Reaching safepoint: 52341 ns, At safepoint: 15131 ns, Total: 67472 ns
[2024-02-17T21:08:34.030+0000][7][safepoint   ] Safepoint "Cleanup", Time since last: 1000210351 ns, Reaching safepoint: 71989 ns, At safepoint: 12505 ns, Total: 84494 ns
[2024-02-17T21:08:36.030+0000][7][safepoint   ] Safepoint "Cleanup", Time since last: 2000347277 ns, Reaching safepoint: 109578 ns, At safepoint: 6627 ns, Total: 116205 ns
[2024-02-17T21:08:37.030+0000][7][safepoint   ] Safepoint "Cleanup", Time since last: 1000173177 ns, Reaching safepoint: 100859 ns, At safepoint: 11160 ns, Total: 112019 ns
[2024-02-17T21:08:39.031+0000][7][safepoint   ] Safepoint "Cleanup", Time since last: 2000230805 ns, Reaching safepoint: 68970 ns, At safepoint: 8171 ns, Total: 77141 ns
[2024-02-17T21:08:40.031+0000][7][safepoint   ] Safepoint "Cleanup", Time since last: 1000222642 ns, Reaching safepoint: 109298 ns, At safepoint: 12440 ns, Total: 121738 ns
[2024-02-17T21:08:41.031+0000][7][safepoint   ] Safepoint "Cleanup", Time since last: 1000161003 ns, Reaching safepoint: 98737 ns, At safepoint: 8822 ns, Total: 107559 ns
[2024-02-17T21:08:43.032+0000][7][safepoint   ] Safepoint "Cleanup", Time since last: 2000257076 ns, Reaching safepoint: 267249 ns, At safepoint: 13259 ns, Total: 280508 ns
[2024-02-17T21:08:46.033+0000][7][safepoint   ] Safepoint "Cleanup", Time since last: 3000622523 ns, Reaching safepoint: 96091 ns, At safepoint: 10400 ns, Total: 106491 ns
[2024-02-17T21:08:48.033+0000][7][safepoint   ] Safepoint "Cleanup", Time since last: 2000347389 ns, Reaching safepoint: 115803 ns, At safepoint: 7727 ns, Total: 123530 ns
[2024-02-17T21:08:49.033+0000][7][safepoint   ] Safepoint "Cleanup", Time since last: 1000119028 ns, Reaching safepoint: 52435 ns, At safepoint: 4727 ns, Total: 57162 ns
[2024-02-17T21:08:51.034+0000][7][safepoint   ] Safepoint "Cleanup", Time since last: 2000391727 ns, Reaching safepoint: 143024 ns, At safepoint: 14246 ns, Total: 157270 ns
[2024-02-17T21:08:52.034+0000][7][safepoint   ] Safepoint "Cleanup", Time since last: 1000119163 ns, Reaching safepoint: 57964 ns, At safepoint: 3826 ns, Total: 61790 ns
[2024-02-17T21:08:53.034+0000][7][safepoint   ] Safepoint "Cleanup", Time since last: 1000120890 ns, Reaching safepoint: 157292 ns, At safepoint: 29280 ns, Total: 186572 ns
[2024-02-17T21:08:54.035+0000][7][safepoint   ] Safepoint "Cleanup", Time since last: 1000140184 ns, Reaching safepoint: 64483 ns, At safepoint: 23032 ns, Total: 87515 ns
[2024-02-17T21:08:55.035+0000][7][safepoint   ] Safepoint "Cleanup", Time since last: 1000141109 ns, Reaching safepoint: 89656 ns, At safepoint: 9864 ns, Total: 99520 ns
[2024-02-17T21:08:56.035+0000][7][safepoint   ] Safepoint "Cleanup", Time since last: 1000147114 ns, Reaching safepoint: 71791 ns, At safepoint: 7461 ns, Total: 79252 ns
[2024-02-17T21:08:57.035+0000][7][safepoint   ] Safepoint "Cleanup", Time since last: 1000133988 ns, Reaching safepoint: 101833 ns, At safepoint: 6007 ns, Total: 107840 ns
[2024-02-17T21:08:58.035+0000][7][safepoint   ] Safepoint "Cleanup", Time since last: 1000126301 ns, Reaching safepoint: 89962 ns, At safepoint: 8014 ns, Total: 97976 ns
[2024-02-17T21:09:00.036+0000][7][safepoint   ] Safepoint "Cleanup", Time since last: 2000228105 ns, Reaching safepoint: 75368 ns, At safepoint: 13884 ns, Total: 89252 ns
[2024-02-17T21:09:01.036+0000][7][safepoint   ] Safepoint "Cleanup", Time since last: 1000262262 ns, Reaching safepoint: 80467 ns, At safepoint: 11806 ns, Total: 92273 ns
[2024-02-17T21:09:03.037+0000][7][safepoint   ] Safepoint "Cleanup", Time since last: 2000346138 ns, Reaching safepoint: 83076 ns, At safepoint: 7516 ns, Total: 90592 ns
[2024-02-17T21:09:04.037+0000][7][safepoint   ] Safepoint "Cleanup", Time since last: 1000260717 ns, Reaching safepoint: 101542 ns, At safepoint: 21356 ns, Total: 122898 ns
[2024-02-17T21:09:06.037+0000][7][safepoint   ] Safepoint "Cleanup", Time since last: 2000340460 ns, Reaching safepoint: 74401 ns, At safepoint: 15794 ns, Total: 90195 ns
[2024-02-17T21:09:07.038+0000][7][safepoint   ] Safepoint "Cleanup", Time since last: 1000228203 ns, Reaching safepoint: 91082 ns, At safepoint: 11775 ns, Total: 102857 ns
[2024-02-17T21:09:08.038+0000][7][safepoint   ] Safepoint "Cleanup", Time since last: 1000212562 ns, Reaching safepoint: 294750 ns, At safepoint: 10922 ns, Total: 305672 ns
[2024-02-17T21:09:09.039+0000][7][safepoint   ] Safepoint "Cleanup", Time since last: 1000207315 ns, Reaching safepoint: 73581 ns, At safepoint: 11047 ns, Total: 84628 ns
[2024-02-17T21:09:10.039+0000][7][safepoint   ] Safepoint "Cleanup", Time since last: 1000244419 ns, Reaching safepoint: 77462 ns, At safepoint: 12013 ns, Total: 89475 ns
[2024-02-17T21:09:16.040+0000][7][safepoint   ] Safepoint "Cleanup", Time since last: 6000995038 ns, Reaching safepoint: 87272 ns, At safepoint: 10630 ns, Total: 97902 ns
[2024-02-17T21:09:18.040+0000][7][safepoint   ] Safepoint "Cleanup", Time since last: 2000354358 ns, Reaching safepoint: 130252 ns, At safepoint: 12326 ns, Total: 142578 ns
[2024-02-17T21:09:19.041+0000][7][safepoint   ] Safepoint "Cleanup", Time since last: 1000246045 ns, Reaching safepoint: 101461 ns, At safepoint: 12971 ns, Total: 114432 ns
[2024-02-17T21:09:21.041+0000][7][safepoint   ] Safepoint "Cleanup", Time since last: 2000317633 ns, Reaching safepoint: 79104 ns, At safepoint: 7016 ns, Total: 86120 ns
[2024-02-17T21:09:22.041+0000][7][safepoint   ] Safepoint "Cleanup", Time since last: 1000123432 ns, Reaching safepoint: 90145 ns, At safepoint: 7141 ns, Total: 97286 ns
[2024-02-17T21:09:24.042+0000][7][safepoint   ] Safepoint "Cleanup", Time since last: 2000222797 ns, Reaching safepoint: 69274 ns, At safepoint: 5861 ns, Total: 75135 ns
[2024-02-17T21:09:25.042+0000][7][safepoint   ] Safepoint "Cleanup", Time since last: 1000150428 ns, Reaching safepoint: 75359 ns, At safepoint: 8426 ns, Total: 83785 ns
[2024-02-17T21:09:26.042+0000][7][safepoint   ] Safepoint "Cleanup", Time since last: 1000151616 ns, Reaching safepoint: 40489 ns, At safepoint: 3671 ns, Total: 44160 ns
[2024-02-17T21:09:27.042+0000][7][safepoint   ] Safepoint "Cleanup", Time since last: 1000125292 ns, Reaching safepoint: 35884 ns, At safepoint: 3819 ns, Total: 39703 ns
[2024-02-17T21:09:31.043+0000][7][safepoint   ] Safepoint "Cleanup", Time since last: 4000305696 ns, Reaching safepoint: 109763 ns, At safepoint: 5988 ns, Total: 115751 ns
[2024-02-17T21:09:33.043+0000][7][safepoint   ] Safepoint "Cleanup", Time since last: 2000211532 ns, Reaching safepoint: 153364 ns, At safepoint: 7618 ns, Total: 160982 ns
[2024-02-17T21:09:34.043+0000][7][safepoint   ] Safepoint "Cleanup", Time since last: 1000145064 ns, Reaching safepoint: 69690 ns, At safepoint: 7387 ns, Total: 77077 ns
[2024-02-17T21:09:36.044+0000][7][safepoint   ] Safepoint "Cleanup", Time since last: 2000226447 ns, Reaching safepoint: 46902 ns, At safepoint: 4242 ns, Total: 51144 ns
[2024-02-17T21:09:40.044+0000][7][safepoint   ] Safepoint "Cleanup", Time since last: 4000471036 ns, Reaching safepoint: 60142 ns, At safepoint: 6033 ns, Total: 66175 ns
[2024-02-17T21:09:42.044+0000][7][safepoint   ] Safepoint "Cleanup", Time since last: 2000200791 ns, Reaching safepoint: 58973 ns, At safepoint: 7523 ns, Total: 66496 ns
[2024-02-17T21:09:43.045+0000][7][safepoint   ] Safepoint "Cleanup", Time since last: 1000146757 ns, Reaching safepoint: 89865 ns, At safepoint: 21668 ns, Total: 111533 ns
[2024-02-17T21:09:45.045+0000][7][safepoint   ] Safepoint "Cleanup", Time since last: 2000328728 ns, Reaching safepoint: 77010 ns, At safepoint: 6743 ns, Total: 83753 ns
[2024-02-17T21:09:46.045+0000][7][safepoint   ] Safepoint "Cleanup", Time since last: 1000237875 ns, Reaching safepoint: 83383 ns, At safepoint: 13800 ns, Total: 97183 ns
[2024-02-17T21:09:48.046+0000][7][safepoint   ] Safepoint "Cleanup", Time since last: 2000456912 ns, Reaching safepoint: 66583 ns, At safepoint: 7268 ns, Total: 73851 ns
[2024-02-17T21:09:50.046+0000][7][safepoint   ] Safepoint "Cleanup", Time since last: 2000323181 ns, Reaching safepoint: 70836 ns, At safepoint: 5845 ns, Total: 76681 ns
[2024-02-17T21:09:51.047+0000][7][safepoint   ] Safepoint "Cleanup", Time since last: 1000127109 ns, Reaching safepoint: 130601 ns, At safepoint: 6247 ns, Total: 136848 ns
[2024-02-17T21:09:52.047+0000][7][safepoint   ] Safepoint "Cleanup", Time since last: 1000145064 ns, Reaching safepoint: 82420 ns, At safepoint: 8079 ns, Total: 90499 ns
[2024-02-17T21:09:54.047+0000][7][safepoint   ] Safepoint "Cleanup", Time since last: 2000237099 ns, Reaching safepoint: 215993 ns, At safepoint: 8732 ns, Total: 224725 ns
[2024-02-17T21:09:55.048+0000][7][safepoint   ] Safepoint "Cleanup", Time since last: 1000221633 ns, Reaching safepoint: 108057 ns, At safepoint: 13304 ns, Total: 121361 ns
[2024-02-17T21:09:57.048+0000][7][safepoint   ] Safepoint "Cleanup", Time since last: 2000293881 ns, Reaching safepoint: 81252 ns, At safepoint: 9803 ns, Total: 91055 ns
[2024-02-17T21:09:58.048+0000][7][safepoint   ] Safepoint "Cleanup", Time since last: 1000255301 ns, Reaching safepoint: 81614 ns, At safepoint: 10923 ns, Total: 92537 ns
[2024-02-17T21:10:00.049+0000][7][safepoint   ] Safepoint "Cleanup", Time since last: 2000235061 ns, Reaching safepoint: 92010 ns, At safepoint: 17074 ns, Total: 109084 ns
[2024-02-17T21:10:01.049+0000][7][safepoint   ] Safepoint "Cleanup", Time since last: 1000142063 ns, Reaching safepoint: 82352 ns, At safepoint: 7741 ns, Total: 90093 ns
[2024-02-17T21:10:02.049+0000][7][safepoint   ] Safepoint "Cleanup", Time since last: 1000282192 ns, Reaching safepoint: 96410 ns, At safepoint: 12250 ns, Total: 108660 ns
[2024-02-17T21:10:03.050+0000][7][safepoint   ] Safepoint "Cleanup", Time since last: 1000153313 ns, Reaching safepoint: 104688 ns, At safepoint: 18969 ns, Total: 123657 ns
[2024-02-17T21:10:04.050+0000][7][safepoint   ] Safepoint "Cleanup", Time since last: 1000237447 ns, Reaching safepoint: 77118 ns, At safepoint: 8631 ns, Total: 85749 ns
[2024-02-17T21:10:06.050+0000][7][safepoint   ] Safepoint "Cleanup", Time since last: 2000233455 ns, Reaching safepoint: 68134 ns, At safepoint: 19250 ns, Total: 87384 ns
[2024-02-17T21:10:07.050+0000][7][safepoint   ] Safepoint "Cleanup", Time since last: 1000126005 ns, Reaching safepoint: 75702 ns, At safepoint: 8656 ns, Total: 84358 ns
[2024-02-17T21:10:08.051+0000][7][safepoint   ] Safepoint "Cleanup", Time since last: 1000148904 ns, Reaching safepoint: 74585 ns, At safepoint: 6217 ns, Total: 80802 ns
[2024-02-17T21:10:09.051+0000][7][safepoint   ] Safepoint "Cleanup", Time since last: 1000130208 ns, Reaching safepoint: 69933 ns, At safepoint: 7682 ns, Total: 77615 ns
[2024-02-17T21:10:09.707+0000][7][gc,start    ] GC(19) Pause Young (Normal) (G1 Evacuation Pause)
[2024-02-17T21:10:09.707+0000][7][gc,task     ] GC(19) Using 8 workers of 8 for evacuation
[2024-02-17T21:10:09.707+0000][7][gc,age      ] GC(19) Desired survivor size 41943040 bytes, new threshold 15 (max threshold 15)
[2024-02-17T21:10:09.722+0000][7][gc,phases   ] GC(19)   Pre Evacuate Collection Set: 0.1ms
[2024-02-17T21:10:09.723+0000][7][gc,phases   ] GC(19)   Merge Heap Roots: 0.2ms
[2024-02-17T21:10:09.723+0000][7][gc,phases   ] GC(19)   Evacuate Collection Set: 13.3ms
[2024-02-17T21:10:09.723+0000][7][gc,phases   ] GC(19)   Post Evacuate Collection Set: 1.8ms
[2024-02-17T21:10:09.723+0000][7][gc,phases   ] GC(19)   Other: 0.1ms
[2024-02-17T21:10:09.723+0000][7][gc,age      ] GC(19) Age table with threshold 15 (max threshold 15)
[2024-02-17T21:10:09.723+0000][7][gc,age      ] GC(19) - age   1:    2111216 bytes,    2111216 total
[2024-02-17T21:10:09.723+0000][7][gc,age      ] GC(19) - age   2:    1387008 bytes,    3498224 total
[2024-02-17T21:10:09.723+0000][7][gc,age      ] GC(19) - age   3:    1832208 bytes,    5330432 total
[2024-02-17T21:10:09.723+0000][7][gc,age      ] GC(19) - age   4:      84256 bytes,    5414688 total
[2024-02-17T21:10:09.723+0000][7][gc,age      ] GC(19) - age   6:    5217488 bytes,   10632176 total
[2024-02-17T21:10:09.723+0000][7][gc,age      ] GC(19) - age   7:    1106240 bytes,   11738416 total
[2024-02-17T21:10:09.723+0000][7][gc,age      ] GC(19) - age   8:   12186536 bytes,   23924952 total
[2024-02-17T21:10:09.723+0000][7][gc,heap     ] GC(19) Eden regions: 146->0(146)
[2024-02-17T21:10:09.723+0000][7][gc,heap     ] GC(19) Survivor regions: 7->7(20)
[2024-02-17T21:10:09.723+0000][7][gc,heap     ] GC(19) Old regions: 16->16
[2024-02-17T21:10:09.723+0000][7][gc,heap     ] GC(19) Archive regions: 2->2
[2024-02-17T21:10:09.723+0000][7][gc,heap     ] GC(19) Humongous regions: 0->0
[2024-02-17T21:10:09.723+0000][7][gc,metaspace] GC(19) Metaspace: 123368K(126912K)->123368K(126912K) NonClass: 107035K(108800K)->107035K(108800K) Class: 16332K(18112K)->16332K(18112K)
[2024-02-17T21:10:09.723+0000][7][gc          ] GC(19) Pause Young (Normal) (G1 Evacuation Pause) 675M->91M(1024M) 15.790ms
[2024-02-17T21:10:09.723+0000][7][gc,cpu      ] GC(19) User=0.11s Sys=0.00s Real=0.02s
[2024-02-17T21:10:09.723+0000][7][safepoint   ] Safepoint "G1CollectForAllocation", Time since last: 655868604 ns, Reaching safepoint: 71202 ns, At safepoint: 15895382 ns, Total: 15966584 ns
[2024-02-17T21:10:10.723+0000][7][safepoint   ] Safepoint "Cleanup", Time since last: 1000109086 ns, Reaching safepoint: 41963 ns, At safepoint: 4622 ns, Total: 46585 ns
[2024-02-17T21:10:12.723+0000][7][safepoint   ] Safepoint "Cleanup", Time since last: 2000225114 ns, Reaching safepoint: 53747 ns, At safepoint: 5288 ns, Total: 59035 ns
[2024-02-17T21:10:13.723+0000][7][safepoint   ] Safepoint "Cleanup", Time since last: 1000137277 ns, Reaching safepoint: 62205 ns, At safepoint: 8406 ns, Total: 70611 ns
[2024-02-17T21:10:15.038+0000][7][safepoint   ] Safepoint "Cleanup", Time since last: 1314417291 ns, Reaching safepoint: 50342 ns, At safepoint: 10856 ns, Total: 61198 ns
[2024-02-17T21:10:16.038+0000][7][safepoint   ] Safepoint "Cleanup", Time since last: 1000227052 ns, Reaching safepoint: 134285 ns, At safepoint: 12069 ns, Total: 146354 ns
[2024-02-17T21:10:18.039+0000][7][safepoint   ] Safepoint "Cleanup", Time since last: 2000187821 ns, Reaching safepoint: 55498 ns, At safepoint: 5190 ns, Total: 60688 ns
[2024-02-17T21:10:19.039+0000][7][safepoint   ] Safepoint "Cleanup", Time since last: 1000152989 ns, Reaching safepoint: 61438 ns, At safepoint: 4815 ns, Total: 66253 ns
[2024-02-17T21:10:21.039+0000][7][safepoint   ] Safepoint "Cleanup", Time since last: 2000222257 ns, Reaching safepoint: 94450 ns, At safepoint: 9713 ns, Total: 104163 ns
[2024-02-17T21:10:22.039+0000][7][safepoint   ] Safepoint "Cleanup", Time since last: 1000142116 ns, Reaching safepoint: 85912 ns, At safepoint: 7020 ns, Total: 92932 ns
[2024-02-17T21:10:24.040+0000][7][safepoint   ] Safepoint "Cleanup", Time since last: 2000213164 ns, Reaching safepoint: 68665 ns, At safepoint: 8491 ns, Total: 77156 ns
[2024-02-17T21:10:27.040+0000][7][safepoint   ] Safepoint "Cleanup", Time since last: 3000484779 ns, Reaching safepoint: 61806 ns, At safepoint: 6592 ns, Total: 68398 ns
[2024-02-17T21:10:28.040+0000][7][safepoint   ] Safepoint "Cleanup", Time since last: 1000264423 ns, Reaching safepoint: 74994 ns, At safepoint: 9301 ns, Total: 84295 ns
[2024-02-17T21:10:31.041+0000][7][safepoint   ] Safepoint "Cleanup", Time since last: 3000629226 ns, Reaching safepoint: 81246 ns, At safepoint: 10234 ns, Total: 91480 ns
[2024-02-17T21:10:33.042+0000][7][safepoint   ] Safepoint "Cleanup", Time since last: 2000222487 ns, Reaching safepoint: 128945 ns, At safepoint: 9225 ns, Total: 138170 ns
[2024-02-17T21:10:34.042+0000][7][safepoint   ] Safepoint "Cleanup", Time since last: 1000253405 ns, Reaching safepoint: 73757 ns, At safepoint: 7532 ns, Total: 81289 ns
[2024-02-17T21:10:36.042+0000][7][safepoint   ] Safepoint "Cleanup", Time since last: 2000318219 ns, Reaching safepoint: 69616 ns, At safepoint: 6219 ns, Total: 75835 ns
[2024-02-17T21:10:37.043+0000][7][safepoint   ] Safepoint "Cleanup", Time since last: 1000160009 ns, Reaching safepoint: 126128 ns, At safepoint: 7669 ns, Total: 133797 ns
[2024-02-17T21:10:42.043+0000][7][safepoint   ] Safepoint "Cleanup", Time since last: 5000504003 ns, Reaching safepoint: 53906 ns, At safepoint: 5939 ns, Total: 59845 ns
[2024-02-17T21:10:43.043+0000][7][safepoint   ] Safepoint "Cleanup", Time since last: 1000147268 ns, Reaching safepoint: 69098 ns, At safepoint: 7187 ns, Total: 76285 ns
[2024-02-17T21:10:45.044+0000][7][safepoint   ] Safepoint "Cleanup", Time since last: 2000229677 ns, Reaching safepoint: 84113 ns, At safepoint: 6907 ns, Total: 91020 ns
[2024-02-17T21:10:46.044+0000][7][safepoint   ] Safepoint "Cleanup", Time since last: 1000119582 ns, Reaching safepoint: 50267 ns, At safepoint: 3344 ns, Total: 53611 ns
[2024-02-17T21:10:48.044+0000][7][safepoint   ] Safepoint "Cleanup", Time since last: 2000352632 ns, Reaching safepoint: 63647 ns, At safepoint: 4808 ns, Total: 68455 ns
[2024-02-17T21:10:49.045+0000][7][safepoint   ] Safepoint "Cleanup", Time since last: 1000190586 ns, Reaching safepoint: 60374 ns, At safepoint: 6206 ns, Total: 66580 ns
[2024-02-17T21:10:55.046+0000][7][safepoint   ] Safepoint "Cleanup", Time since last: 6000977802 ns, Reaching safepoint: 103719 ns, At safepoint: 8286 ns, Total: 112005 ns
[2024-02-17T21:10:56.046+0000][7][safepoint   ] Safepoint "Cleanup", Time since last: 1000152257 ns, Reaching safepoint: 126194 ns, At safepoint: 6086 ns, Total: 132280 ns
[2024-02-17T21:11:00.047+0000][7][safepoint   ] Safepoint "Cleanup", Time since last: 4000655098 ns, Reaching safepoint: 119054 ns, At safepoint: 12957 ns, Total: 132011 ns
[2024-02-17T21:11:01.047+0000][7][safepoint   ] Safepoint "Cleanup", Time since last: 1000123169 ns, Reaching safepoint: 58624 ns, At safepoint: 5233 ns, Total: 63857 ns
[2024-02-17T21:11:03.047+0000][7][safepoint   ] Safepoint "Cleanup", Time since last: 2000243857 ns, Reaching safepoint: 70590 ns, At safepoint: 6712 ns, Total: 77302 ns
[2024-02-17T21:11:07.048+0000][7][safepoint   ] Safepoint "Cleanup", Time since last: 4000588959 ns, Reaching safepoint: 91954 ns, At safepoint: 8650 ns, Total: 100604 ns
[2024-02-17T21:11:08.048+0000][7][safepoint   ] Safepoint "Cleanup", Time since last: 1000150895 ns, Reaching safepoint: 49306 ns, At safepoint: 14536 ns, Total: 63842 ns
[2024-02-17T21:11:12.049+0000][7][safepoint   ] Safepoint "Cleanup", Time since last: 4000633110 ns, Reaching safepoint: 157581 ns, At safepoint: 11836 ns, Total: 169417 ns
[2024-02-17T21:11:13.049+0000][7][safepoint   ] Safepoint "Cleanup", Time since last: 1000114672 ns, Reaching safepoint: 79627 ns, At safepoint: 9191 ns, Total: 88818 ns
[2024-02-17T21:11:15.050+0000][7][safepoint   ] Safepoint "Cleanup", Time since last: 2000367727 ns, Reaching safepoint: 75883 ns, At safepoint: 9053 ns, Total: 84936 ns
[2024-02-17T21:11:16.050+0000][7][safepoint   ] Safepoint "Cleanup", Time since last: 1000266603 ns, Reaching safepoint: 88310 ns, At safepoint: 7957 ns, Total: 96267 ns
[2024-02-17T21:11:18.050+0000][7][safepoint   ] Safepoint "Cleanup", Time since last: 2000346886 ns, Reaching safepoint: 51466 ns, At safepoint: 7499 ns, Total: 58965 ns
[2024-02-17T21:11:19.051+0000][7][safepoint   ] Safepoint "Cleanup", Time since last: 1000117310 ns, Reaching safepoint: 61360 ns, At safepoint: 4808 ns, Total: 66168 ns
[2024-02-17T21:11:21.051+0000][7][safepoint   ] Safepoint "Cleanup", Time since last: 2000296238 ns, Reaching safepoint: 133153 ns, At safepoint: 6527 ns, Total: 139680 ns
[2024-02-17T21:11:22.051+0000][7][safepoint   ] Safepoint "Cleanup", Time since last: 1000211963 ns, Reaching safepoint: 56020 ns, At safepoint: 13229 ns, Total: 69249 ns
[2024-02-17T21:11:30.052+0000][7][safepoint   ] Safepoint "Cleanup", Time since last: 8000677097 ns, Reaching safepoint: 68384 ns, At safepoint: 7727 ns, Total: 76111 ns
[2024-02-17T21:11:31.052+0000][7][safepoint   ] Safepoint "Cleanup", Time since last: 1000145586 ns, Reaching safepoint: 101156 ns, At safepoint: 7009 ns, Total: 108165 ns
[2024-02-17T21:11:32.053+0000][7][safepoint   ] Safepoint "Cleanup", Time since last: 1000181633 ns, Reaching safepoint: 91346 ns, At safepoint: 7770 ns, Total: 99116 ns
[2024-02-17T21:11:39.053+0000][7][safepoint   ] Safepoint "Cleanup", Time since last: 7000756705 ns, Reaching safepoint: 135028 ns, At safepoint: 14780 ns, Total: 149808 ns
[2024-02-17T21:11:41.054+0000][7][safepoint   ] Safepoint "Cleanup", Time since last: 2000234437 ns, Reaching safepoint: 80358 ns, At safepoint: 6510 ns, Total: 86868 ns
[2024-02-17T21:11:42.054+0000][7][safepoint   ] Safepoint "Cleanup", Time since last: 1000155118 ns, Reaching safepoint: 102129 ns, At safepoint: 7038 ns, Total: 109167 ns
[2024-02-17T21:11:43.054+0000][7][safepoint   ] Safepoint "Cleanup", Time since last: 1000151993 ns, Reaching safepoint: 103903 ns, At safepoint: 8261 ns, Total: 112164 ns
[2024-02-17T21:11:45.055+0000][7][safepoint   ] Safepoint "Cleanup", Time since last: 2000319673 ns, Reaching safepoint: 111104 ns, At safepoint: 9571 ns, Total: 120675 ns
[2024-02-17T21:11:46.055+0000][7][safepoint   ] Safepoint "Cleanup", Time since last: 1000138373 ns, Reaching safepoint: 78188 ns, At safepoint: 8584 ns, Total: 86772 ns
[2024-02-17T21:11:48.055+0000][7][safepoint   ] Safepoint "Cleanup", Time since last: 2000261540 ns, Reaching safepoint: 110736 ns, At safepoint: 10792 ns, Total: 121528 ns
[2024-02-17T21:11:51.056+0000][7][safepoint   ] Safepoint "Cleanup", Time since last: 3000440018 ns, Reaching safepoint: 84051 ns, At safepoint: 10678 ns, Total: 94729 ns
[2024-02-17T21:11:52.056+0000][7][safepoint   ] Safepoint "Cleanup", Time since last: 1000147363 ns, Reaching safepoint: 63299 ns, At safepoint: 6552 ns, Total: 69851 ns
[2024-02-17T21:11:54.056+0000][7][safepoint   ] Safepoint "Cleanup", Time since last: 2000207505 ns, Reaching safepoint: 60985 ns, At safepoint: 6051 ns, Total: 67036 ns
[2024-02-17T21:11:55.057+0000][7][safepoint   ] Safepoint "Cleanup", Time since last: 1000137748 ns, Reaching safepoint: 93119 ns, At safepoint: 16103 ns, Total: 109222 ns
[2024-02-17T21:11:57.057+0000][7][safepoint   ] Safepoint "Cleanup", Time since last: 2000321050 ns, Reaching safepoint: 262839 ns, At safepoint: 10999 ns, Total: 273838 ns
[2024-02-17T21:11:58.058+0000][7][safepoint   ] Safepoint "Cleanup", Time since last: 1000208535 ns, Reaching safepoint: 86688 ns, At safepoint: 8525 ns, Total: 95213 ns
[2024-02-17T21:12:00.058+0000][7][safepoint   ] Safepoint "Cleanup", Time since last: 2000225659 ns, Reaching safepoint: 68326 ns, At safepoint: 6158 ns, Total: 74484 ns
[2024-02-17T21:12:03.058+0000][7][safepoint   ] Safepoint "Cleanup", Time since last: 3000514686 ns, Reaching safepoint: 96258 ns, At safepoint: 8609 ns, Total: 104867 ns
[2024-02-17T21:12:04.059+0000][7][safepoint   ] Safepoint "Cleanup", Time since last: 1000127825 ns, Reaching safepoint: 56515 ns, At safepoint: 10484 ns, Total: 66999 ns
[2024-02-17T21:12:06.059+0000][7][safepoint   ] Safepoint "Cleanup", Time since last: 2000176809 ns, Reaching safepoint: 134468 ns, At safepoint: 5928 ns, Total: 140396 ns
[2024-02-17T21:12:07.120+0000][7][safepoint   ] Safepoint "Cleanup", Time since last: 1060868378 ns, Reaching safepoint: 104852 ns, At safepoint: 7538 ns, Total: 112390 ns
[2024-02-17T21:12:08.120+0000][7][safepoint   ] Safepoint "Cleanup", Time since last: 1000132656 ns, Reaching safepoint: 71331 ns, At safepoint: 7769 ns, Total: 79100 ns
[2024-02-17T21:12:09.120+0000][7][safepoint   ] Safepoint "Cleanup", Time since last: 1000123532 ns, Reaching safepoint: 68437 ns, At safepoint: 9041 ns, Total: 77478 ns
[2024-02-17T21:12:13.116+0000][7][safepoint   ] Safepoint "Cleanup", Time since last: 3995397593 ns, Reaching safepoint: 77927 ns, At safepoint: 8013 ns, Total: 85940 ns
[2024-02-17T21:12:14.116+0000][7][safepoint   ] Safepoint "Cleanup", Time since last: 1000150636 ns, Reaching safepoint: 77130 ns, At safepoint: 6714 ns, Total: 83844 ns
[2024-02-17T21:12:15.116+0000][7][safepoint   ] Safepoint "Cleanup", Time since last: 1000138980 ns, Reaching safepoint: 60120 ns, At safepoint: 5738 ns, Total: 65858 ns
[2024-02-17T21:12:16.116+0000][7][safepoint   ] Safepoint "Cleanup", Time since last: 1000143939 ns, Reaching safepoint: 68869 ns, At safepoint: 8135 ns, Total: 77004 ns
[2024-02-17T21:12:18.117+0000][7][safepoint   ] Safepoint "Cleanup", Time since last: 2000231119 ns, Reaching safepoint: 68734 ns, At safepoint: 5437 ns, Total: 74171 ns
[2024-02-17T21:12:21.117+0000][7][safepoint   ] Safepoint "Cleanup", Time since last: 3000369294 ns, Reaching safepoint: 135605 ns, At safepoint: 15156 ns, Total: 150761 ns
[2024-02-17T21:12:22.118+0000][7][safepoint   ] Safepoint "Cleanup", Time since last: 1000226889 ns, Reaching safepoint: 77212 ns, At safepoint: 11044 ns, Total: 88256 ns
[2024-02-17T21:12:23.118+0000][7][safepoint   ] Safepoint "Cleanup", Time since last: 1000151234 ns, Reaching safepoint: 56745 ns, At safepoint: 6244 ns, Total: 62989 ns
[2024-02-17T21:12:24.118+0000][7][safepoint   ] Safepoint "Cleanup", Time since last: 1000137871 ns, Reaching safepoint: 80767 ns, At safepoint: 6036 ns, Total: 86803 ns
[2024-02-17T21:12:27.119+0000][7][safepoint   ] Safepoint "Cleanup", Time since last: 3000427256 ns, Reaching safepoint: 134315 ns, At safepoint: 22000 ns, Total: 156315 ns
[2024-02-17T21:12:28.119+0000][7][safepoint   ] Safepoint "Cleanup", Time since last: 1000170864 ns, Reaching safepoint: 62882 ns, At safepoint: 5505 ns, Total: 68387 ns
[2024-02-17T21:12:30.119+0000][7][safepoint   ] Safepoint "Cleanup", Time since last: 2000243503 ns, Reaching safepoint: 60442 ns, At safepoint: 8899 ns, Total: 69341 ns
[2024-02-17T21:12:32.120+0000][7][safepoint   ] Safepoint "Cleanup", Time since last: 2000266336 ns, Reaching safepoint: 86345 ns, At safepoint: 9675 ns, Total: 96020 ns
[2024-02-17T21:12:33.120+0000][7][safepoint   ] Safepoint "Cleanup", Time since last: 1000215447 ns, Reaching safepoint: 99215 ns, At safepoint: 8898 ns, Total: 108113 ns
[2024-02-17T21:12:34.120+0000][7][safepoint   ] Safepoint "Cleanup", Time since last: 1000139907 ns, Reaching safepoint: 79131 ns, At safepoint: 6993 ns, Total: 86124 ns
[2024-02-17T21:12:36.121+0000][7][safepoint   ] Safepoint "Cleanup", Time since last: 2000457792 ns, Reaching safepoint: 85350 ns, At safepoint: 11071 ns, Total: 96421 ns
[2024-02-17T21:12:37.121+0000][7][safepoint   ] Safepoint "Cleanup", Time since last: 1000232528 ns, Reaching safepoint: 81317 ns, At safepoint: 8155 ns, Total: 89472 ns
[2024-02-17T21:12:38.121+0000][7][safepoint   ] Safepoint "Cleanup", Time since last: 1000245641 ns, Reaching safepoint: 75681 ns, At safepoint: 6918 ns, Total: 82599 ns
[2024-02-17T21:12:39.121+0000][7][safepoint   ] Safepoint "Cleanup", Time since last: 1000122589 ns, Reaching safepoint: 59012 ns, At safepoint: 2878 ns, Total: 61890 ns
[2024-02-17T21:12:40.122+0000][7][safepoint   ] Safepoint "Cleanup", Time since last: 1000132006 ns, Reaching safepoint: 76420 ns, At safepoint: 6697 ns, Total: 83117 ns
[2024-02-17T21:12:42.122+0000][7][safepoint   ] Safepoint "Cleanup", Time since last: 2000274016 ns, Reaching safepoint: 34768 ns, At safepoint: 5602 ns, Total: 40370 ns
[2024-02-17T21:12:43.122+0000][7][safepoint   ] Safepoint "Cleanup", Time since last: 1000218156 ns, Reaching safepoint: 66864 ns, At safepoint: 10993 ns, Total: 77857 ns
[2024-02-17T21:12:45.123+0000][7][safepoint   ] Safepoint "Cleanup", Time since last: 2000190816 ns, Reaching safepoint: 88940 ns, At safepoint: 9188 ns, Total: 98128 ns
[2024-02-17T21:12:46.123+0000][7][safepoint   ] Safepoint "Cleanup", Time since last: 1000156165 ns, Reaching safepoint: 59617 ns, At safepoint: 10431 ns, Total: 70048 ns
[2024-02-17T21:12:51.123+0000][7][safepoint   ] Safepoint "Cleanup", Time since last: 5000484877 ns, Reaching safepoint: 56055 ns, At safepoint: 4058 ns, Total: 60113 ns
[2024-02-17T21:12:52.124+0000][7][safepoint   ] Safepoint "Cleanup", Time since last: 1000138664 ns, Reaching safepoint: 135707 ns, At safepoint: 6572 ns, Total: 142279 ns
[2024-02-17T21:12:55.124+0000][7][safepoint   ] Safepoint "Cleanup", Time since last: 3000272353 ns, Reaching safepoint: 77344 ns, At safepoint: 5528 ns, Total: 82872 ns
[2024-02-17T21:12:56.124+0000][7][safepoint   ] Safepoint "Cleanup", Time since last: 1000148146 ns, Reaching safepoint: 76839 ns, At safepoint: 6589 ns, Total: 83428 ns
[2024-02-17T21:12:57.124+0000][7][safepoint   ] Safepoint "Cleanup", Time since last: 1000138459 ns, Reaching safepoint: 77725 ns, At safepoint: 7141 ns, Total: 84866 ns
[2024-02-17T21:12:58.125+0000][7][safepoint   ] Safepoint "Cleanup", Time since last: 1000143166 ns, Reaching safepoint: 84674 ns, At safepoint: 8990 ns, Total: 93664 ns
[2024-02-17T21:13:00.037+0000][7][gc,start    ] GC(20) Pause Young (Normal) (G1 Evacuation Pause)
[2024-02-17T21:13:00.037+0000][7][gc,task     ] GC(20) Using 8 workers of 8 for evacuation
[2024-02-17T21:13:00.037+0000][7][gc,age      ] GC(20) Desired survivor size 41943040 bytes, new threshold 15 (max threshold 15)
[2024-02-17T21:13:00.051+0000][7][gc,phases   ] GC(20)   Pre Evacuate Collection Set: 0.1ms
[2024-02-17T21:13:00.051+0000][7][gc,phases   ] GC(20)   Merge Heap Roots: 0.1ms
[2024-02-17T21:13:00.051+0000][7][gc,phases   ] GC(20)   Evacuate Collection Set: 12.2ms
[2024-02-17T21:13:00.051+0000][7][gc,phases   ] GC(20)   Post Evacuate Collection Set: 2.2ms
[2024-02-17T21:13:00.051+0000][7][gc,phases   ] GC(20)   Other: 0.1ms
[2024-02-17T21:13:00.051+0000][7][gc,age      ] GC(20) Age table with threshold 15 (max threshold 15)
[2024-02-17T21:13:00.051+0000][7][gc,age      ] GC(20) - age   1:    1233744 bytes,    1233744 total
[2024-02-17T21:13:00.051+0000][7][gc,age      ] GC(20) - age   2:     617456 bytes,    1851200 total
[2024-02-17T21:13:00.051+0000][7][gc,age      ] GC(20) - age   3:    1371232 bytes,    3222432 total
[2024-02-17T21:13:00.051+0000][7][gc,age      ] GC(20) - age   4:    1831960 bytes,    5054392 total
[2024-02-17T21:13:00.051+0000][7][gc,age      ] GC(20) - age   5:      84256 bytes,    5138648 total
[2024-02-17T21:13:00.051+0000][7][gc,age      ] GC(20) - age   7:    5217488 bytes,   10356136 total
[2024-02-17T21:13:00.051+0000][7][gc,age      ] GC(20) - age   8:    1106240 bytes,   11462376 total
[2024-02-17T21:13:00.051+0000][7][gc,age      ] GC(20) - age   9:   12178664 bytes,   23641040 total
[2024-02-17T21:13:00.051+0000][7][gc,heap     ] GC(20) Eden regions: 146->0(147)
[2024-02-17T21:13:00.051+0000][7][gc,heap     ] GC(20) Survivor regions: 7->6(20)
[2024-02-17T21:13:00.052+0000][7][gc,heap     ] GC(20) Old regions: 16->16
[2024-02-17T21:13:00.052+0000][7][gc,heap     ] GC(20) Archive regions: 2->2
[2024-02-17T21:13:00.052+0000][7][gc,heap     ] GC(20) Humongous regions: 0->0
[2024-02-17T21:13:00.052+0000][7][gc,metaspace] GC(20) Metaspace: 123954K(127552K)->123954K(127552K) NonClass: 107619K(109440K)->107619K(109440K) Class: 16334K(18112K)->16334K(18112K)
[2024-02-17T21:13:00.052+0000][7][gc          ] GC(20) Pause Young (Normal) (G1 Evacuation Pause) 675M->90M(1024M) 14.971ms
[2024-02-17T21:13:00.052+0000][7][gc,cpu      ] GC(20) User=0.10s Sys=0.00s Real=0.02s
[2024-02-17T21:13:00.052+0000][7][safepoint   ] Safepoint "G1CollectForAllocation", Time since last: 1911774317 ns, Reaching safepoint: 66131 ns, At safepoint: 15070532 ns, Total: 15136663 ns
[2024-02-17T21:13:03.052+0000][7][safepoint   ] Safepoint "Cleanup", Time since last: 3000386943 ns, Reaching safepoint: 160187 ns, At safepoint: 6989 ns, Total: 167176 ns
[2024-02-17T21:13:04.053+0000][7][safepoint   ] Safepoint "Cleanup", Time since last: 1000248705 ns, Reaching safepoint: 87885 ns, At safepoint: 8389 ns, Total: 96274 ns
[2024-02-17T21:13:07.053+0000][7][safepoint   ] Safepoint "Cleanup", Time since last: 3000422903 ns, Reaching safepoint: 51894 ns, At safepoint: 3339 ns, Total: 55233 ns
[2024-02-17T21:13:09.053+0000][7][safepoint   ] Safepoint "Cleanup", Time since last: 2000254011 ns, Reaching safepoint: 77578 ns, At safepoint: 6029 ns, Total: 83607 ns
[2024-02-17T21:13:12.054+0000][7][safepoint   ] Safepoint "Cleanup", Time since last: 3000436202 ns, Reaching safepoint: 62763 ns, At safepoint: 5126 ns, Total: 67889 ns
[2024-02-17T21:13:16.054+0000][7][safepoint   ] Safepoint "Cleanup", Time since last: 4000389760 ns, Reaching safepoint: 89427 ns, At safepoint: 7380 ns, Total: 96807 ns
[2024-02-17T21:13:22.055+0000][7][safepoint   ] Safepoint "Cleanup", Time since last: 6000571121 ns, Reaching safepoint: 73292 ns, At safepoint: 5410 ns, Total: 78702 ns
[2024-02-17T21:13:24.055+0000][7][safepoint   ] Safepoint "Cleanup", Time since last: 2000250344 ns, Reaching safepoint: 52725 ns, At safepoint: 3658 ns, Total: 56383 ns
[2024-02-17T21:13:27.056+0000][7][safepoint   ] Safepoint "Cleanup", Time since last: 3000338490 ns, Reaching safepoint: 123502 ns, At safepoint: 14129 ns, Total: 137631 ns
[2024-02-17T21:13:28.056+0000][7][safepoint   ] Safepoint "Cleanup", Time since last: 1000114280 ns, Reaching safepoint: 64458 ns, At safepoint: 6349 ns, Total: 70807 ns
[2024-02-17T21:13:30.056+0000][7][safepoint   ] Safepoint "Cleanup", Time since last: 2000182460 ns, Reaching safepoint: 162953 ns, At safepoint: 7212 ns, Total: 170165 ns
[2024-02-17T21:13:31.056+0000][7][safepoint   ] Safepoint "Cleanup", Time since last: 1000114776 ns, Reaching safepoint: 47933 ns, At safepoint: 3309 ns, Total: 51242 ns
[2024-02-17T21:13:33.057+0000][7][safepoint   ] Safepoint "Cleanup", Time since last: 2000196052 ns, Reaching safepoint: 138563 ns, At safepoint: 6985 ns, Total: 145548 ns
[2024-02-17T21:13:34.057+0000][7][safepoint   ] Safepoint "Cleanup", Time since last: 1000129380 ns, Reaching safepoint: 147014 ns, At safepoint: 12862 ns, Total: 159876 ns
[2024-02-17T21:13:36.057+0000][7][safepoint   ] Safepoint "Cleanup", Time since last: 2000212637 ns, Reaching safepoint: 63312 ns, At safepoint: 6522 ns, Total: 69834 ns
[2024-02-17T21:13:40.058+0000][7][safepoint   ] Safepoint "Cleanup", Time since last: 4000556663 ns, Reaching safepoint: 92630 ns, At safepoint: 11464 ns, Total: 104094 ns
[2024-02-17T21:13:43.058+0000][7][safepoint   ] Safepoint "Cleanup", Time since last: 3000249547 ns, Reaching safepoint: 66552 ns, At safepoint: 7500 ns, Total: 74052 ns
[2024-02-17T21:13:51.059+0000][7][safepoint   ] Safepoint "Cleanup", Time since last: 8000727784 ns, Reaching safepoint: 147700 ns, At safepoint: 10758 ns, Total: 158458 ns
[2024-02-17T21:13:52.060+0000][7][safepoint   ] Safepoint "Cleanup", Time since last: 1000206039 ns, Reaching safepoint: 68807 ns, At safepoint: 8000 ns, Total: 76807 ns
[2024-02-17T21:13:54.060+0000][7][safepoint   ] Safepoint "Cleanup", Time since last: 2000349714 ns, Reaching safepoint: 150150 ns, At safepoint: 13397 ns, Total: 163547 ns
[2024-02-17T21:13:56.061+0000][7][safepoint   ] Safepoint "Cleanup", Time since last: 2000426748 ns, Reaching safepoint: 91888 ns, At safepoint: 11151 ns, Total: 103039 ns
[2024-02-17T21:13:57.061+0000][7][safepoint   ] Safepoint "Cleanup", Time since last: 1000247674 ns, Reaching safepoint: 66572 ns, At safepoint: 9566 ns, Total: 76138 ns
[2024-02-17T21:14:03.062+0000][7][safepoint   ] Safepoint "Cleanup", Time since last: 6001011111 ns, Reaching safepoint: 132294 ns, At safepoint: 9196 ns, Total: 141490 ns
[2024-02-17T21:14:04.062+0000][7][safepoint   ] Safepoint "Cleanup", Time since last: 1000266154 ns, Reaching safepoint: 88136 ns, At safepoint: 7181 ns, Total: 95317 ns
[2024-02-17T21:14:06.063+0000][7][safepoint   ] Safepoint "Cleanup", Time since last: 2000215833 ns, Reaching safepoint: 132327 ns, At safepoint: 6351 ns, Total: 138678 ns
[2024-02-17T21:14:10.063+0000][7][safepoint   ] Safepoint "Cleanup", Time since last: 4000505613 ns, Reaching safepoint: 94419 ns, At safepoint: 11366 ns, Total: 105785 ns
[2024-02-17T21:14:12.064+0000][7][safepoint   ] Safepoint "Cleanup", Time since last: 2000464151 ns, Reaching safepoint: 67973 ns, At safepoint: 6978 ns, Total: 74951 ns
[2024-02-17T21:14:13.064+0000][7][safepoint   ] Safepoint "Cleanup", Time since last: 1000143782 ns, Reaching safepoint: 68320 ns, At safepoint: 6313 ns, Total: 74633 ns
[2024-02-17T21:14:15.065+0000][7][safepoint   ] Safepoint "Cleanup", Time since last: 2000419009 ns, Reaching safepoint: 86235 ns, At safepoint: 9081 ns, Total: 95316 ns
[2024-02-17T21:14:19.065+0000][7][safepoint   ] Safepoint "Cleanup", Time since last: 4000695340 ns, Reaching safepoint: 75851 ns, At safepoint: 9549 ns, Total: 85400 ns
[2024-02-17T21:14:21.066+0000][7][safepoint   ] Safepoint "Cleanup", Time since last: 2000465093 ns, Reaching safepoint: 78749 ns, At safepoint: 8504 ns, Total: 87253 ns
[2024-02-17T21:14:22.066+0000][7][safepoint   ] Safepoint "Cleanup", Time since last: 1000288081 ns, Reaching safepoint: 76288 ns, At safepoint: 7971 ns, Total: 84259 ns
[2024-02-17T21:14:26.067+0000][7][safepoint   ] Safepoint "Cleanup", Time since last: 4000471760 ns, Reaching safepoint: 74332 ns, At safepoint: 11822 ns, Total: 86154 ns
[2024-02-17T21:14:27.067+0000][7][safepoint   ] Safepoint "Cleanup", Time since last: 1000134852 ns, Reaching safepoint: 134238 ns, At safepoint: 7006 ns, Total: 141244 ns
[2024-02-17T21:14:28.068+0000][7][safepoint   ] Safepoint "Cleanup", Time since last: 1000272280 ns, Reaching safepoint: 83543 ns, At safepoint: 10736 ns, Total: 94279 ns
[2024-02-17T21:14:30.068+0000][7][safepoint   ] Safepoint "Cleanup", Time since last: 2000305816 ns, Reaching safepoint: 60273 ns, At safepoint: 6477 ns, Total: 66750 ns
[2024-02-17T21:14:31.068+0000][7][safepoint   ] Safepoint "Cleanup", Time since last: 1000245083 ns, Reaching safepoint: 89874 ns, At safepoint: 8019 ns, Total: 97893 ns
[2024-02-17T21:14:33.069+0000][7][safepoint   ] Safepoint "Cleanup", Time since last: 2000539629 ns, Reaching safepoint: 92204 ns, At safepoint: 17577 ns, Total: 109781 ns
[2024-02-17T21:14:40.070+0000][7][safepoint   ] Safepoint "Cleanup", Time since last: 7001230635 ns, Reaching safepoint: 122388 ns, At safepoint: 11269 ns, Total: 133657 ns
[2024-02-17T21:14:42.071+0000][7][safepoint   ] Safepoint "Cleanup", Time since last: 2000221465 ns, Reaching safepoint: 69363 ns, At safepoint: 7926 ns, Total: 77289 ns
[2024-02-17T21:14:43.075+0000][7][safepoint   ] Safepoint "Cleanup", Time since last: 1004164300 ns, Reaching safepoint: 110697 ns, At safepoint: 10468 ns, Total: 121165 ns
[2024-02-17T21:14:45.075+0000][7][safepoint   ] Safepoint "Cleanup", Time since last: 2000241292 ns, Reaching safepoint: 99033 ns, At safepoint: 3751 ns, Total: 102784 ns
[2024-02-17T21:14:48.076+0000][7][safepoint   ] Safepoint "Cleanup", Time since last: 3000531784 ns, Reaching safepoint: 71478 ns, At safepoint: 7980 ns, Total: 79458 ns
[2024-02-17T21:14:50.076+0000][7][safepoint   ] Safepoint "Cleanup", Time since last: 2000490949 ns, Reaching safepoint: 88820 ns, At safepoint: 12349 ns, Total: 101169 ns
[2024-02-17T21:14:52.077+0000][7][safepoint   ] Safepoint "Cleanup", Time since last: 2000434234 ns, Reaching safepoint: 123386 ns, At safepoint: 11726 ns, Total: 135112 ns
[2024-02-17T21:14:54.077+0000][7][safepoint   ] Safepoint "Cleanup", Time since last: 2000415597 ns, Reaching safepoint: 60693 ns, At safepoint: 10896 ns, Total: 71589 ns
[2024-02-17T21:14:55.078+0000][7][safepoint   ] Safepoint "Cleanup", Time since last: 1000264537 ns, Reaching safepoint: 127566 ns, At safepoint: 11391 ns, Total: 138957 ns
[2024-02-17T21:14:56.078+0000][7][safepoint   ] Safepoint "Cleanup", Time since last: 1000278858 ns, Reaching safepoint: 102160 ns, At safepoint: 8556 ns, Total: 110716 ns
[2024-02-17T21:14:57.079+0000][7][safepoint   ] Safepoint "Cleanup", Time since last: 1000132172 ns, Reaching safepoint: 143323 ns, At safepoint: 9160 ns, Total: 152483 ns
[2024-02-17T21:14:58.079+0000][7][safepoint   ] Safepoint "Cleanup", Time since last: 1000227332 ns, Reaching safepoint: 84830 ns, At safepoint: 10528 ns, Total: 95358 ns
[2024-02-17T21:15:03.080+0000][7][safepoint   ] Safepoint "Cleanup", Time since last: 5000858224 ns, Reaching safepoint: 78956 ns, At safepoint: 6267 ns, Total: 85223 ns
[2024-02-17T21:15:04.080+0000][7][safepoint   ] Safepoint "Cleanup", Time since last: 1000151530 ns, Reaching safepoint: 93249 ns, At safepoint: 8448 ns, Total: 101697 ns
[2024-02-17T21:15:07.081+0000][7][safepoint   ] Safepoint "Cleanup", Time since last: 3000377909 ns, Reaching safepoint: 83803 ns, At safepoint: 10015 ns, Total: 93818 ns
[2024-02-17T21:15:10.081+0000][7][safepoint   ] Safepoint "Cleanup", Time since last: 3000518493 ns, Reaching safepoint: 88460 ns, At safepoint: 7717 ns, Total: 96177 ns
[2024-02-17T21:15:16.082+0000][7][safepoint   ] Safepoint "Cleanup", Time since last: 6000977569 ns, Reaching safepoint: 111184 ns, At safepoint: 11732 ns, Total: 122916 ns
[2024-02-17T21:15:18.083+0000][7][safepoint   ] Safepoint "Cleanup", Time since last: 2000375484 ns, Reaching safepoint: 62672 ns, At safepoint: 10735 ns, Total: 73407 ns
[2024-02-17T21:15:22.084+0000][7][safepoint   ] Safepoint "Cleanup", Time since last: 4000755329 ns, Reaching safepoint: 74229 ns, At safepoint: 9102 ns, Total: 83331 ns
[2024-02-17T21:15:27.084+0000][7][safepoint   ] Safepoint "Cleanup", Time since last: 5000690899 ns, Reaching safepoint: 129243 ns, At safepoint: 7971 ns, Total: 137214 ns
[2024-02-17T21:15:28.085+0000][7][safepoint   ] Safepoint "Cleanup", Time since last: 1000219320 ns, Reaching safepoint: 80878 ns, At safepoint: 11376 ns, Total: 92254 ns
[2024-02-17T21:15:30.085+0000][7][safepoint   ] Safepoint "Cleanup", Time since last: 2000437897 ns, Reaching safepoint: 127919 ns, At safepoint: 7642 ns, Total: 135561 ns
[2024-02-17T21:15:31.086+0000][7][safepoint   ] Safepoint "Cleanup", Time since last: 1000232922 ns, Reaching safepoint: 110648 ns, At safepoint: 11901 ns, Total: 122549 ns
[2024-02-17T21:15:33.086+0000][7][safepoint   ] Safepoint "Cleanup", Time since last: 2000414288 ns, Reaching safepoint: 94806 ns, At safepoint: 9122 ns, Total: 103928 ns
[2024-02-17T21:15:34.087+0000][7][safepoint   ] Safepoint "Cleanup", Time since last: 1000288499 ns, Reaching safepoint: 81895 ns, At safepoint: 11283 ns, Total: 93178 ns
[2024-02-17T21:15:36.087+0000][7][safepoint   ] Safepoint "Cleanup", Time since last: 2000356507 ns, Reaching safepoint: 77713 ns, At safepoint: 5672 ns, Total: 83385 ns
[2024-02-17T21:15:39.088+0000][7][safepoint   ] Safepoint "Cleanup", Time since last: 3000457839 ns, Reaching safepoint: 110261 ns, At safepoint: 8942 ns, Total: 119203 ns
[2024-02-17T21:15:42.088+0000][7][safepoint   ] Safepoint "Cleanup", Time since last: 3000496439 ns, Reaching safepoint: 140764 ns, At safepoint: 15305 ns, Total: 156069 ns
[2024-02-17T21:15:43.089+0000][7][safepoint   ] Safepoint "Cleanup", Time since last: 1000276981 ns, Reaching safepoint: 86264 ns, At safepoint: 8537 ns, Total: 94801 ns
[2024-02-17T21:15:45.046+0000][7][gc,start    ] GC(21) Pause Young (Normal) (G1 Evacuation Pause)
[2024-02-17T21:15:45.046+0000][7][gc,task     ] GC(21) Using 8 workers of 8 for evacuation
[2024-02-17T21:15:45.046+0000][7][gc,age      ] GC(21) Desired survivor size 41943040 bytes, new threshold 15 (max threshold 15)
[2024-02-17T21:15:45.062+0000][7][gc,phases   ] GC(21)   Pre Evacuate Collection Set: 0.1ms
[2024-02-17T21:15:45.062+0000][7][gc,phases   ] GC(21)   Merge Heap Roots: 0.1ms
[2024-02-17T21:15:45.062+0000][7][gc,phases   ] GC(21)   Evacuate Collection Set: 14.4ms
[2024-02-17T21:15:45.062+0000][7][gc,phases   ] GC(21)   Post Evacuate Collection Set: 1.7ms
[2024-02-17T21:15:45.062+0000][7][gc,phases   ] GC(21)   Other: 0.1ms
[2024-02-17T21:15:45.062+0000][7][gc,age      ] GC(21) Age table with threshold 15 (max threshold 15)
[2024-02-17T21:15:45.062+0000][7][gc,age      ] GC(21) - age   1:    1920000 bytes,    1920000 total
[2024-02-17T21:15:45.062+0000][7][gc,age      ] GC(21) - age   2:      76752 bytes,    1996752 total
[2024-02-17T21:15:45.062+0000][7][gc,age      ] GC(21) - age   3:     363480 bytes,    2360232 total
[2024-02-17T21:15:45.062+0000][7][gc,age      ] GC(21) - age   4:    1358984 bytes,    3719216 total
[2024-02-17T21:15:45.063+0000][7][gc,age      ] GC(21) - age   5:    1831368 bytes,    5550584 total
[2024-02-17T21:15:45.063+0000][7][gc,age      ] GC(21) - age   6:      84256 bytes,    5634840 total
[2024-02-17T21:15:45.063+0000][7][gc,age      ] GC(21) - age   8:    5217488 bytes,   10852328 total
[2024-02-17T21:15:45.063+0000][7][gc,age      ] GC(21) - age   9:    1106240 bytes,   11958568 total
[2024-02-17T21:15:45.063+0000][7][gc,age      ] GC(21) - age  10:   12114072 bytes,   24072640 total
[2024-02-17T21:15:45.063+0000][7][gc,heap     ] GC(21) Eden regions: 147->0(146)
[2024-02-17T21:15:45.063+0000][7][gc,heap     ] GC(21) Survivor regions: 6->7(20)
[2024-02-17T21:15:45.063+0000][7][gc,heap     ] GC(21) Old regions: 16->16
[2024-02-17T21:15:45.063+0000][7][gc,heap     ] GC(21) Archive regions: 2->2
[2024-02-17T21:15:45.063+0000][7][gc,heap     ] GC(21) Humongous regions: 0->0
[2024-02-17T21:15:45.063+0000][7][gc,metaspace] GC(21) Metaspace: 124363K(127872K)->124363K(127872K) NonClass: 107980K(109760K)->107980K(109760K) Class: 16382K(18112K)->16382K(18112K)
[2024-02-17T21:15:45.063+0000][7][gc          ] GC(21) Pause Young (Normal) (G1 Evacuation Pause) 678M->92M(1024M) 16.814ms
[2024-02-17T21:15:45.063+0000][7][gc,cpu      ] GC(21) User=0.11s Sys=0.00s Real=0.02s
[2024-02-17T21:15:45.063+0000][7][safepoint   ] Safepoint "G1CollectForAllocation", Time since last: 1957162577 ns, Reaching safepoint: 54490 ns, At safepoint: 16918979 ns, Total: 16973469 ns
[2024-02-17T21:15:46.063+0000][7][safepoint   ] Safepoint "Cleanup", Time since last: 1000179857 ns, Reaching safepoint: 146973 ns, At safepoint: 13238 ns, Total: 160211 ns
[2024-02-17T21:15:51.064+0000][7][safepoint   ] Safepoint "Cleanup", Time since last: 5000765174 ns, Reaching safepoint: 143868 ns, At safepoint: 7733 ns, Total: 151601 ns
[2024-02-17T21:15:52.064+0000][7][safepoint   ] Safepoint "Cleanup", Time since last: 1000247687 ns, Reaching safepoint: 90169 ns, At safepoint: 7622 ns, Total: 97791 ns
[2024-02-17T21:15:54.065+0000][7][safepoint   ] Safepoint "Cleanup", Time since last: 2000296564 ns, Reaching safepoint: 131941 ns, At safepoint: 17997 ns, Total: 149938 ns
[2024-02-17T21:15:55.065+0000][7][safepoint   ] Safepoint "Cleanup", Time since last: 1000254750 ns, Reaching safepoint: 80208 ns, At safepoint: 8700 ns, Total: 88908 ns
[2024-02-17T21:15:58.066+0000][7][safepoint   ] Safepoint "Cleanup", Time since last: 3000414382 ns, Reaching safepoint: 134666 ns, At safepoint: 9048 ns, Total: 143714 ns
[2024-02-17T21:16:03.066+0000][7][safepoint   ] Safepoint "Cleanup", Time since last: 5000629028 ns, Reaching safepoint: 140164 ns, At safepoint: 15399 ns, Total: 155563 ns
[2024-02-17T21:16:04.067+0000][7][safepoint   ] Safepoint "Cleanup", Time since last: 1000247482 ns, Reaching safepoint: 83761 ns, At safepoint: 7296 ns, Total: 91057 ns
[2024-02-17T21:16:07.067+0000][7][safepoint   ] Safepoint "Cleanup", Time since last: 3000405092 ns, Reaching safepoint: 80034 ns, At safepoint: 10986 ns, Total: 91020 ns
[2024-02-17T21:16:10.068+0000][7][safepoint   ] Safepoint "Cleanup", Time since last: 3000410058 ns, Reaching safepoint: 76137 ns, At safepoint: 8415 ns, Total: 84552 ns
[2024-02-17T21:16:15.069+0000][7][safepoint   ] Safepoint "Cleanup", Time since last: 5000762815 ns, Reaching safepoint: 51155 ns, At safepoint: 7135 ns, Total: 58290 ns
[2024-02-17T21:16:16.069+0000][7][safepoint   ] Safepoint "Cleanup", Time since last: 1000201360 ns, Reaching safepoint: 72791 ns, At safepoint: 11698 ns, Total: 84489 ns
[2024-02-17T21:16:19.069+0000][7][safepoint   ] Safepoint "Cleanup", Time since last: 3000469082 ns, Reaching safepoint: 61305 ns, At safepoint: 5697 ns, Total: 67002 ns
[2024-02-17T21:16:21.070+0000][7][safepoint   ] Safepoint "Cleanup", Time since last: 2000316739 ns, Reaching safepoint: 127714 ns, At safepoint: 7478 ns, Total: 135192 ns
[2024-02-17T21:16:22.070+0000][7][safepoint   ] Safepoint "Cleanup", Time since last: 1000143501 ns, Reaching safepoint: 120340 ns, At safepoint: 19659 ns, Total: 139999 ns
[2024-02-17T21:16:23.070+0000][7][safepoint   ] Safepoint "Cleanup", Time since last: 1000260817 ns, Reaching safepoint: 87693 ns, At safepoint: 10658 ns, Total: 98351 ns
[2024-02-17T21:16:28.071+0000][7][safepoint   ] Safepoint "Cleanup", Time since last: 5000579010 ns, Reaching safepoint: 95869 ns, At safepoint: 8662 ns, Total: 104531 ns
[2024-02-17T21:16:33.072+0000][7][safepoint   ] Safepoint "Cleanup", Time since last: 5000770446 ns, Reaching safepoint: 117880 ns, At safepoint: 9059 ns, Total: 126939 ns
[2024-02-17T21:16:34.072+0000][7][safepoint   ] Safepoint "Cleanup", Time since last: 1000255993 ns, Reaching safepoint: 90679 ns, At safepoint: 8316 ns, Total: 98995 ns
[2024-02-17T21:16:36.073+0000][7][safepoint   ] Safepoint "Cleanup", Time since last: 2000434546 ns, Reaching safepoint: 126247 ns, At safepoint: 12350 ns, Total: 138597 ns
[2024-02-17T21:16:37.073+0000][7][safepoint   ] Safepoint "Cleanup", Time since last: 1000238446 ns, Reaching safepoint: 65118 ns, At safepoint: 6805 ns, Total: 71923 ns
[2024-02-17T21:16:39.074+0000][7][safepoint   ] Safepoint "Cleanup", Time since last: 2000204534 ns, Reaching safepoint: 56580 ns, At safepoint: 3548 ns, Total: 60128 ns
[2024-02-17T21:16:43.074+0000][7][safepoint   ] Safepoint "Cleanup", Time since last: 4000535452 ns, Reaching safepoint: 194869 ns, At safepoint: 10615 ns, Total: 205484 ns
[2024-02-17T21:16:45.075+0000][7][safepoint   ] Safepoint "Cleanup", Time since last: 2000218673 ns, Reaching safepoint: 45922 ns, At safepoint: 2853 ns, Total: 48775 ns
[2024-02-17T21:16:51.075+0000][7][safepoint   ] Safepoint "Cleanup", Time since last: 6000508790 ns, Reaching safepoint: 29660 ns, At safepoint: 3069 ns, Total: 32729 ns
[2024-02-17T21:16:55.076+0000][7][safepoint   ] Safepoint "Cleanup", Time since last: 4000431164 ns, Reaching safepoint: 92250 ns, At safepoint: 3812 ns, Total: 96062 ns
[2024-02-17T21:16:57.076+0000][7][safepoint   ] Safepoint "Cleanup", Time since last: 2000288796 ns, Reaching safepoint: 42313 ns, At safepoint: 4384 ns, Total: 46697 ns
[2024-02-17T21:17:03.077+0000][7][safepoint   ] Safepoint "Cleanup", Time since last: 6000529118 ns, Reaching safepoint: 147499 ns, At safepoint: 7604 ns, Total: 155103 ns
[2024-02-17T21:17:04.077+0000][7][safepoint   ] Safepoint "Cleanup", Time since last: 1000199045 ns, Reaching safepoint: 44326 ns, At safepoint: 10810 ns, Total: 55136 ns
[2024-02-17T21:17:10.078+0000][7][safepoint   ] Safepoint "Cleanup", Time since last: 6000738860 ns, Reaching safepoint: 74787 ns, At safepoint: 7793 ns, Total: 82580 ns
[2024-02-17T21:17:12.078+0000][7][safepoint   ] Safepoint "Cleanup", Time since last: 2000495069 ns, Reaching safepoint: 93780 ns, At safepoint: 9651 ns, Total: 103431 ns
[2024-02-17T21:17:21.079+0000][7][safepoint   ] Safepoint "Cleanup", Time since last: 9000964884 ns, Reaching safepoint: 122611 ns, At safepoint: 8462 ns, Total: 131073 ns
[2024-02-17T21:17:22.080+0000][7][safepoint   ] Safepoint "Cleanup", Time since last: 1000118563 ns, Reaching safepoint: 39888 ns, At safepoint: 10133 ns, Total: 50021 ns
[2024-02-17T21:17:25.080+0000][7][safepoint   ] Safepoint "Cleanup", Time since last: 3000304948 ns, Reaching safepoint: 67233 ns, At safepoint: 9522 ns, Total: 76755 ns
[2024-02-17T21:17:30.081+0000][7][safepoint   ] Safepoint "Cleanup", Time since last: 5000758485 ns, Reaching safepoint: 70194 ns, At safepoint: 7201 ns, Total: 77395 ns
[2024-02-17T21:17:31.081+0000][7][safepoint   ] Safepoint "Cleanup", Time since last: 1000138799 ns, Reaching safepoint: 73421 ns, At safepoint: 6639 ns, Total: 80060 ns
[2024-02-17T21:17:33.081+0000][7][safepoint   ] Safepoint "Cleanup", Time since last: 2000222639 ns, Reaching safepoint: 127377 ns, At safepoint: 8768 ns, Total: 136145 ns
[2024-02-17T21:17:39.082+0000][7][safepoint   ] Safepoint "Cleanup", Time since last: 6001001641 ns, Reaching safepoint: 72579 ns, At safepoint: 10033 ns, Total: 82612 ns
[2024-02-17T21:17:40.083+0000][7][safepoint   ] Safepoint "Cleanup", Time since last: 1000164412 ns, Reaching safepoint: 127983 ns, At safepoint: 13354 ns, Total: 141337 ns
[2024-02-17T21:17:43.083+0000][7][safepoint   ] Safepoint "Cleanup", Time since last: 3000305695 ns, Reaching safepoint: 129437 ns, At safepoint: 4566 ns, Total: 134003 ns
[2024-02-17T21:17:51.084+0000][7][safepoint   ] Safepoint "Cleanup", Time since last: 8001087013 ns, Reaching safepoint: 144048 ns, At safepoint: 9972 ns, Total: 154020 ns
[2024-02-17T21:17:57.085+0000][7][safepoint   ] Safepoint "Cleanup", Time since last: 6000876832 ns, Reaching safepoint: 119079 ns, At safepoint: 9734 ns, Total: 128813 ns
[2024-02-17T21:17:58.086+0000][7][safepoint   ] Safepoint "Cleanup", Time since last: 1000275480 ns, Reaching safepoint: 86409 ns, At safepoint: 8223 ns, Total: 94632 ns
[2024-02-17T21:18:03.087+0000][7][safepoint   ] Safepoint "Cleanup", Time since last: 5000711618 ns, Reaching safepoint: 67100 ns, At safepoint: 9905 ns, Total: 77005 ns
[2024-02-17T21:18:04.087+0000][7][safepoint   ] Safepoint "Cleanup", Time since last: 1000140429 ns, Reaching safepoint: 86544 ns, At safepoint: 6811 ns, Total: 93355 ns
[2024-02-17T21:18:06.087+0000][7][safepoint   ] Safepoint "Cleanup", Time since last: 2000223371 ns, Reaching safepoint: 227871 ns, At safepoint: 21948 ns, Total: 249819 ns
[2024-02-17T21:18:07.088+0000][7][safepoint   ] Safepoint "Cleanup", Time since last: 1000123816 ns, Reaching safepoint: 60641 ns, At safepoint: 4738 ns, Total: 65379 ns
[2024-02-17T21:18:09.088+0000][7][safepoint   ] Safepoint "Cleanup", Time since last: 2000196937 ns, Reaching safepoint: 57625 ns, At safepoint: 5560 ns, Total: 63185 ns
[2024-02-17T21:18:16.089+0000][7][safepoint   ] Safepoint "Cleanup", Time since last: 7000991798 ns, Reaching safepoint: 76544 ns, At safepoint: 7563 ns, Total: 84107 ns
[2024-02-17T21:18:19.089+0000][7][safepoint   ] Safepoint "Cleanup", Time since last: 3000314065 ns, Reaching safepoint: 66227 ns, At safepoint: 5640 ns, Total: 71867 ns
[2024-02-17T21:18:21.090+0000][7][safepoint   ] Safepoint "Cleanup", Time since last: 2000327204 ns, Reaching safepoint: 57545 ns, At safepoint: 3531 ns, Total: 61076 ns
[2024-02-17T21:18:22.090+0000][7][safepoint   ] Safepoint "Cleanup", Time since last: 1000141854 ns, Reaching safepoint: 77312 ns, At safepoint: 6563 ns, Total: 83875 ns
[2024-02-17T21:18:27.093+0000][7][gc,start    ] GC(22) Pause Young (Normal) (G1 Evacuation Pause)
[2024-02-17T21:18:27.093+0000][7][gc,task     ] GC(22) Using 8 workers of 8 for evacuation
[2024-02-17T21:18:27.093+0000][7][gc,age      ] GC(22) Desired survivor size 41943040 bytes, new threshold 15 (max threshold 15)
[2024-02-17T21:18:27.124+0000][7][gc,phases   ] GC(22)   Pre Evacuate Collection Set: 0.1ms
[2024-02-17T21:18:27.124+0000][7][gc,phases   ] GC(22)   Merge Heap Roots: 0.2ms
[2024-02-17T21:18:27.124+0000][7][gc,phases   ] GC(22)   Evacuate Collection Set: 27.0ms
[2024-02-17T21:18:27.124+0000][7][gc,phases   ] GC(22)   Post Evacuate Collection Set: 3.9ms
[2024-02-17T21:18:27.124+0000][7][gc,phases   ] GC(22)   Other: 0.1ms
[2024-02-17T21:18:27.124+0000][7][gc,age      ] GC(22) Age table with threshold 15 (max threshold 15)
[2024-02-17T21:18:27.124+0000][7][gc,age      ] GC(22) - age   1:     964736 bytes,     964736 total
[2024-02-17T21:18:27.124+0000][7][gc,age      ] GC(22) - age   2:     217848 bytes,    1182584 total
[2024-02-17T21:18:27.124+0000][7][gc,age      ] GC(22) - age   3:      75248 bytes,    1257832 total
[2024-02-17T21:18:27.124+0000][7][gc,age      ] GC(22) - age   4:     363040 bytes,    1620872 total
[2024-02-17T21:18:27.124+0000][7][gc,age      ] GC(22) - age   5:    1358824 bytes,    2979696 total
[2024-02-17T21:18:27.124+0000][7][gc,age      ] GC(22) - age   6:    1831368 bytes,    4811064 total
[2024-02-17T21:18:27.124+0000][7][gc,age      ] GC(22) - age   7:      84256 bytes,    4895320 total
[2024-02-17T21:18:27.124+0000][7][gc,age      ] GC(22) - age   9:    5217488 bytes,   10112808 total
[2024-02-17T21:18:27.124+0000][7][gc,age      ] GC(22) - age  10:    1106240 bytes,   11219048 total
[2024-02-17T21:18:27.124+0000][7][gc,age      ] GC(22) - age  11:   12113688 bytes,   23332736 total
[2024-02-17T21:18:27.124+0000][7][gc,heap     ] GC(22) Eden regions: 146->0(146)
[2024-02-17T21:18:27.124+0000][7][gc,heap     ] GC(22) Survivor regions: 7->7(20)
[2024-02-17T21:18:27.124+0000][7][gc,heap     ] GC(22) Old regions: 16->16
[2024-02-17T21:18:27.124+0000][7][gc,heap     ] GC(22) Archive regions: 2->2
[2024-02-17T21:18:27.124+0000][7][gc,heap     ] GC(22) Humongous regions: 0->0
[2024-02-17T21:18:27.124+0000][7][gc,metaspace] GC(22) Metaspace: 124526K(128064K)->124526K(128064K) NonClass: 108143K(109952K)->108143K(109952K) Class: 16382K(18112K)->16382K(18112K)
[2024-02-17T21:18:27.124+0000][7][gc          ] GC(22) Pause Young (Normal) (G1 Evacuation Pause) 676M->91M(1024M) 31.681ms
[2024-02-17T21:18:27.124+0000][7][gc,cpu      ] GC(22) User=0.09s Sys=0.00s Real=0.03s
[2024-02-17T21:18:27.124+0000][7][safepoint   ] Safepoint "G1CollectForAllocation", Time since last: 5002699711 ns, Reaching safepoint: 71879 ns, At safepoint: 31774666 ns, Total: 31846545 ns
[2024-02-17T21:18:28.125+0000][7][safepoint   ] Safepoint "Cleanup", Time since last: 1000098303 ns, Reaching safepoint: 85904 ns, At safepoint: 15068 ns, Total: 100972 ns
[2024-02-17T21:18:33.125+0000][7][safepoint   ] Safepoint "Cleanup", Time since last: 5000673362 ns, Reaching safepoint: 71723 ns, At safepoint: 5978 ns, Total: 77701 ns
[2024-02-17T21:18:34.126+0000][7][safepoint   ] Safepoint "Cleanup", Time since last: 1000219523 ns, Reaching safepoint: 118955 ns, At safepoint: 22442 ns, Total: 141397 ns
[2024-02-17T21:18:39.127+0000][7][safepoint   ] Safepoint "Cleanup", Time since last: 5000729571 ns, Reaching safepoint: 66496 ns, At safepoint: 15377 ns, Total: 81873 ns
[2024-02-17T21:18:42.127+0000][7][safepoint   ] Safepoint "Cleanup", Time since last: 3000328452 ns, Reaching safepoint: 110320 ns, At safepoint: 9044 ns, Total: 119364 ns
[2024-02-17T21:18:46.128+0000][7][safepoint   ] Safepoint "Cleanup", Time since last: 4000552461 ns, Reaching safepoint: 60134 ns, At safepoint: 10472 ns, Total: 70606 ns
[2024-02-17T21:18:51.128+0000][7][safepoint   ] Safepoint "Cleanup", Time since last: 5000709568 ns, Reaching safepoint: 61594 ns, At safepoint: 5586 ns, Total: 67180 ns
[2024-02-17T21:18:54.129+0000][7][safepoint   ] Safepoint "Cleanup", Time since last: 3000597262 ns, Reaching safepoint: 55903 ns, At safepoint: 5876 ns, Total: 61779 ns
[2024-02-17T21:18:58.130+0000][7][safepoint   ] Safepoint "Cleanup", Time since last: 4000663878 ns, Reaching safepoint: 82986 ns, At safepoint: 10308 ns, Total: 93294 ns
[2024-02-17T21:19:03.131+0000][7][safepoint   ] Safepoint "Cleanup", Time since last: 5000669960 ns, Reaching safepoint: 51804 ns, At safepoint: 4197 ns, Total: 56001 ns
[2024-02-17T21:19:04.131+0000][7][safepoint   ] Safepoint "Cleanup", Time since last: 1000125117 ns, Reaching safepoint: 64190 ns, At safepoint: 14097 ns, Total: 78287 ns
[2024-02-17T21:19:10.131+0000][7][safepoint   ] Safepoint "Cleanup", Time since last: 6000641744 ns, Reaching safepoint: 64939 ns, At safepoint: 7233 ns, Total: 72172 ns
[2024-02-17T21:19:15.132+0000][7][safepoint   ] Safepoint "Cleanup", Time since last: 5000770870 ns, Reaching safepoint: 76927 ns, At safepoint: 9546 ns, Total: 86473 ns
[2024-02-17T21:19:18.133+0000][7][safepoint   ] Safepoint "Cleanup", Time since last: 3000517454 ns, Reaching safepoint: 63067 ns, At safepoint: 5809 ns, Total: 68876 ns
[2024-02-17T21:19:21.133+0000][7][safepoint   ] Safepoint "Cleanup", Time since last: 3000529916 ns, Reaching safepoint: 58401 ns, At safepoint: 5321 ns, Total: 63722 ns
[2024-02-17T21:19:30.135+0000][7][safepoint   ] Safepoint "Cleanup", Time since last: 9001031677 ns, Reaching safepoint: 43696 ns, At safepoint: 6527 ns, Total: 50223 ns
[2024-02-17T21:19:31.135+0000][7][safepoint   ] Safepoint "Cleanup", Time since last: 1000146708 ns, Reaching safepoint: 82420 ns, At safepoint: 7132 ns, Total: 89552 ns
[2024-02-17T21:19:33.135+0000][7][safepoint   ] Safepoint "Cleanup", Time since last: 2000343885 ns, Reaching safepoint: 68554 ns, At safepoint: 8208 ns, Total: 76762 ns
[2024-02-17T21:19:36.136+0000][7][safepoint   ] Safepoint "Cleanup", Time since last: 3000632162 ns, Reaching safepoint: 61817 ns, At safepoint: 6877 ns, Total: 68694 ns
[2024-02-17T21:19:42.137+0000][7][safepoint   ] Safepoint "Cleanup", Time since last: 6000982123 ns, Reaching safepoint: 57552 ns, At safepoint: 5429 ns, Total: 62981 ns
[2024-02-17T21:19:43.137+0000][7][safepoint   ] Safepoint "Cleanup", Time since last: 1000243223 ns, Reaching safepoint: 91845 ns, At safepoint: 9436 ns, Total: 101281 ns
[2024-02-17T21:19:45.138+0000][7][safepoint   ] Safepoint "Cleanup", Time since last: 2000338303 ns, Reaching safepoint: 86003 ns, At safepoint: 7778 ns, Total: 93781 ns
[2024-02-17T21:19:51.139+0000][7][safepoint   ] Safepoint "Cleanup", Time since last: 6000781640 ns, Reaching safepoint: 62818 ns, At safepoint: 7684 ns, Total: 70502 ns
[2024-02-17T21:19:52.139+0000][7][safepoint   ] Safepoint "Cleanup", Time since last: 1000150631 ns, Reaching safepoint: 57337 ns, At safepoint: 5908 ns, Total: 63245 ns
[2024-02-17T21:19:57.139+0000][7][safepoint   ] Safepoint "Cleanup", Time since last: 5000559647 ns, Reaching safepoint: 68846 ns, At safepoint: 8120 ns, Total: 76966 ns
[2024-02-17T21:20:03.141+0000][7][safepoint   ] Safepoint "Cleanup", Time since last: 6001064770 ns, Reaching safepoint: 40285 ns, At safepoint: 4368 ns, Total: 44653 ns
[2024-02-17T21:20:10.142+0000][7][safepoint   ] Safepoint "Cleanup", Time since last: 7000878446 ns, Reaching safepoint: 70622 ns, At safepoint: 8877 ns, Total: 79499 ns
[2024-02-17T21:20:15.142+0000][7][safepoint   ] Safepoint "Cleanup", Time since last: 5000582697 ns, Reaching safepoint: 52622 ns, At safepoint: 4319 ns, Total: 56941 ns
[2024-02-17T21:20:19.143+0000][7][safepoint   ] Safepoint "Cleanup", Time since last: 4000445517 ns, Reaching safepoint: 99292 ns, At safepoint: 11044 ns, Total: 110336 ns
[2024-02-17T21:20:25.143+0000][7][safepoint   ] Safepoint "Cleanup", Time since last: 6000576986 ns, Reaching safepoint: 73066 ns, At safepoint: 7840 ns, Total: 80906 ns
[2024-02-17T21:20:28.144+0000][7][safepoint   ] Safepoint "Cleanup", Time since last: 3000335387 ns, Reaching safepoint: 51993 ns, At safepoint: 5975 ns, Total: 57968 ns
[2024-02-17T21:20:30.144+0000][7][safepoint   ] Safepoint "Cleanup", Time since last: 2000402378 ns, Reaching safepoint: 92523 ns, At safepoint: 12040 ns, Total: 104563 ns
[2024-02-17T21:20:48.147+0000][7][safepoint   ] Safepoint "Cleanup", Time since last: 18002426265 ns, Reaching safepoint: 154045 ns, At safepoint: 18813 ns, Total: 172858 ns
[2024-02-17T21:20:51.147+0000][7][safepoint   ] Safepoint "Cleanup", Time since last: 3000338091 ns, Reaching safepoint: 83143 ns, At safepoint: 6220 ns, Total: 89363 ns
[2024-02-17T21:20:53.148+0000][7][safepoint   ] Safepoint "Cleanup", Time since last: 2000216243 ns, Reaching safepoint: 78030 ns, At safepoint: 7158 ns, Total: 85188 ns
[2024-02-17T21:20:55.148+0000][7][safepoint   ] Safepoint "Cleanup", Time since last: 2000423575 ns, Reaching safepoint: 75413 ns, At safepoint: 7499 ns, Total: 82912 ns
[2024-02-17T21:20:56.148+0000][7][safepoint   ] Safepoint "Cleanup", Time since last: 1000279501 ns, Reaching safepoint: 68929 ns, At safepoint: 7832 ns, Total: 76761 ns
[2024-02-17T21:20:58.149+0000][7][safepoint   ] Safepoint "Cleanup", Time since last: 2000416393 ns, Reaching safepoint: 69572 ns, At safepoint: 9890 ns, Total: 79462 ns
[2024-02-17T21:21:00.149+0000][7][safepoint   ] Safepoint "Cleanup", Time since last: 2000342387 ns, Reaching safepoint: 136712 ns, At safepoint: 8555 ns, Total: 145267 ns
[2024-02-17T21:21:03.150+0000][7][safepoint   ] Safepoint "Cleanup", Time since last: 3000616919 ns, Reaching safepoint: 84945 ns, At safepoint: 10305 ns, Total: 95250 ns
[2024-02-17T21:21:07.151+0000][7][safepoint   ] Safepoint "Cleanup", Time since last: 4000423619 ns, Reaching safepoint: 76087 ns, At safepoint: 5482 ns, Total: 81569 ns
[2024-02-17T21:21:18.152+0000][7][safepoint   ] Safepoint "Cleanup", Time since last: 11001146522 ns, Reaching safepoint: 140890 ns, At safepoint: 8460 ns, Total: 149350 ns
[2024-02-17T21:21:21.152+0000][7][safepoint   ] Safepoint "Cleanup", Time since last: 3000315485 ns, Reaching safepoint: 65471 ns, At safepoint: 8942 ns, Total: 74413 ns
[2024-02-17T21:21:24.094+0000][7][gc,start    ] GC(23) Pause Young (Normal) (G1 Evacuation Pause)
[2024-02-17T21:21:24.095+0000][7][gc,task     ] GC(23) Using 8 workers of 8 for evacuation
[2024-02-17T21:21:24.095+0000][7][gc,age      ] GC(23) Desired survivor size 41943040 bytes, new threshold 15 (max threshold 15)
[2024-02-17T21:21:24.111+0000][7][gc,phases   ] GC(23)   Pre Evacuate Collection Set: 0.1ms
[2024-02-17T21:21:24.111+0000][7][gc,phases   ] GC(23)   Merge Heap Roots: 0.1ms
[2024-02-17T21:21:24.111+0000][7][gc,phases   ] GC(23)   Evacuate Collection Set: 14.0ms
[2024-02-17T21:21:24.111+0000][7][gc,phases   ] GC(23)   Post Evacuate Collection Set: 2.0ms
[2024-02-17T21:21:24.111+0000][7][gc,phases   ] GC(23)   Other: 0.1ms
[2024-02-17T21:21:24.111+0000][7][gc,age      ] GC(23) Age table with threshold 15 (max threshold 15)
[2024-02-17T21:21:24.111+0000][7][gc,age      ] GC(23) - age   1:    1278352 bytes,    1278352 total
[2024-02-17T21:21:24.111+0000][7][gc,age      ] GC(23) - age   2:      28040 bytes,    1306392 total
[2024-02-17T21:21:24.111+0000][7][gc,age      ] GC(23) - age   3:     210672 bytes,    1517064 total
[2024-02-17T21:21:24.111+0000][7][gc,age      ] GC(23) - age   4:      74648 bytes,    1591712 total
[2024-02-17T21:21:24.111+0000][7][gc,age      ] GC(23) - age   5:     363008 bytes,    1954720 total
[2024-02-17T21:21:24.111+0000][7][gc,age      ] GC(23) - age   6:    1358688 bytes,    3313408 total
[2024-02-17T21:21:24.111+0000][7][gc,age      ] GC(23) - age   7:    1831368 bytes,    5144776 total
[2024-02-17T21:21:24.111+0000][7][gc,age      ] GC(23) - age   8:      84256 bytes,    5229032 total
[2024-02-17T21:21:24.111+0000][7][gc,age      ] GC(23) - age  10:    5217488 bytes,   10446520 total
[2024-02-17T21:21:24.111+0000][7][gc,age      ] GC(23) - age  11:    1106240 bytes,   11552760 total
[2024-02-17T21:21:24.111+0000][7][gc,age      ] GC(23) - age  12:   12113480 bytes,   23666240 total
[2024-02-17T21:21:24.111+0000][7][gc,heap     ] GC(23) Eden regions: 146->0(146)
[2024-02-17T21:21:24.111+0000][7][gc,heap     ] GC(23) Survivor regions: 7->7(20)
[2024-02-17T21:21:24.111+0000][7][gc,heap     ] GC(23) Old regions: 16->16
[2024-02-17T21:21:24.111+0000][7][gc,heap     ] GC(23) Archive regions: 2->2
[2024-02-17T21:21:24.111+0000][7][gc,heap     ] GC(23) Humongous regions: 0->0
[2024-02-17T21:21:24.111+0000][7][gc,metaspace] GC(23) Metaspace: 124685K(128192K)->124685K(128192K) NonClass: 108301K(110080K)->108301K(110080K) Class: 16384K(18112K)->16384K(18112K)
[2024-02-17T21:21:24.111+0000][7][gc          ] GC(23) Pause Young (Normal) (G1 Evacuation Pause) 675M->91M(1024M) 16.716ms
[2024-02-17T21:21:24.111+0000][7][gc,cpu      ] GC(23) User=0.11s Sys=0.00s Real=0.02s
[2024-02-17T21:21:24.111+0000][7][safepoint   ] Safepoint "G1CollectForAllocation", Time since last: 2942050789 ns, Reaching safepoint: 52891 ns, At safepoint: 16829606 ns, Total: 16882497 ns
[2024-02-17T21:21:31.112+0000][7][safepoint   ] Safepoint "Cleanup", Time since last: 7000733135 ns, Reaching safepoint: 88791 ns, At safepoint: 15952 ns, Total: 104743 ns
[2024-02-17T21:21:33.113+0000][7][safepoint   ] Safepoint "Cleanup", Time since last: 2000336466 ns, Reaching safepoint: 84912 ns, At safepoint: 7706 ns, Total: 92618 ns
[2024-02-17T21:21:37.113+0000][7][safepoint   ] Safepoint "Cleanup", Time since last: 4000674222 ns, Reaching safepoint: 76141 ns, At safepoint: 10048 ns, Total: 86189 ns
[2024-02-17T21:21:38.114+0000][7][safepoint   ] Safepoint "Cleanup", Time since last: 1000134509 ns, Reaching safepoint: 62881 ns, At safepoint: 7041 ns, Total: 69922 ns
[2024-02-17T21:21:51.115+0000][7][safepoint   ] Safepoint "Cleanup", Time since last: 13001406921 ns, Reaching safepoint: 85791 ns, At safepoint: 6313 ns, Total: 92104 ns
[2024-02-17T21:21:52.115+0000][7][safepoint   ] Safepoint "Cleanup", Time since last: 1000223403 ns, Reaching safepoint: 70785 ns, At safepoint: 6898 ns, Total: 77683 ns
[2024-02-17T21:21:53.116+0000][7][safepoint   ] Safepoint "Cleanup", Time since last: 1000169606 ns, Reaching safepoint: 73224 ns, At safepoint: 10106 ns, Total: 83330 ns
[2024-02-17T21:21:55.116+0000][7][safepoint   ] Safepoint "Cleanup", Time since last: 2000265367 ns, Reaching safepoint: 90239 ns, At safepoint: 7434 ns, Total: 97673 ns
[2024-02-17T21:22:00.117+0000][7][safepoint   ] Safepoint "Cleanup", Time since last: 5000907530 ns, Reaching safepoint: 71588 ns, At safepoint: 5728 ns, Total: 77316 ns
[2024-02-17T21:22:03.117+0000][7][safepoint   ] Safepoint "Cleanup", Time since last: 3000497516 ns, Reaching safepoint: 61340 ns, At safepoint: 4275 ns, Total: 65615 ns
[2024-02-17T21:22:04.158+0000][7][safepoint   ] Safepoint "Cleanup", Time since last: 1040393052 ns, Reaching safepoint: 127355 ns, At safepoint: 8743 ns, Total: 136098 ns
[2024-02-17T21:22:06.158+0000][7][safepoint   ] Safepoint "Cleanup", Time since last: 2000338227 ns, Reaching safepoint: 49666 ns, At safepoint: 3265 ns, Total: 52931 ns
[2024-02-17T21:22:12.159+0000][7][safepoint   ] Safepoint "Cleanup", Time since last: 6000719699 ns, Reaching safepoint: 67680 ns, At safepoint: 12732 ns, Total: 80412 ns
[2024-02-17T21:22:13.160+0000][7][safepoint   ] Safepoint "Cleanup", Time since last: 1000259636 ns, Reaching safepoint: 73617 ns, At safepoint: 10350 ns, Total: 83967 ns
[2024-02-17T21:22:18.160+0000][7][safepoint   ] Safepoint "Cleanup", Time since last: 5000633132 ns, Reaching safepoint: 69282 ns, At safepoint: 7037 ns, Total: 76319 ns
[2024-02-17T21:22:19.161+0000][7][safepoint   ] Safepoint "Cleanup", Time since last: 1000262807 ns, Reaching safepoint: 82140 ns, At safepoint: 7200 ns, Total: 89340 ns
[2024-02-17T21:22:22.161+0000][7][safepoint   ] Safepoint "Cleanup", Time since last: 3000567171 ns, Reaching safepoint: 66577 ns, At safepoint: 6775 ns, Total: 73352 ns
[2024-02-17T21:22:24.162+0000][7][safepoint   ] Safepoint "Cleanup", Time since last: 2000341713 ns, Reaching safepoint: 45910 ns, At safepoint: 3620 ns, Total: 49530 ns
[2024-02-17T21:22:27.162+0000][7][safepoint   ] Safepoint "Cleanup", Time since last: 3000405921 ns, Reaching safepoint: 65321 ns, At safepoint: 5002 ns, Total: 70323 ns
[2024-02-17T21:22:30.162+0000][7][safepoint   ] Safepoint "Cleanup", Time since last: 3000283309 ns, Reaching safepoint: 76232 ns, At safepoint: 6976 ns, Total: 83208 ns
[2024-02-17T21:22:31.163+0000][7][safepoint   ] Safepoint "Cleanup", Time since last: 1000171387 ns, Reaching safepoint: 85453 ns, At safepoint: 9609 ns, Total: 95062 ns
[2024-02-17T21:22:33.163+0000][7][safepoint   ] Safepoint "Cleanup", Time since last: 2000223228 ns, Reaching safepoint: 70219 ns, At safepoint: 6043 ns, Total: 76262 ns
[2024-02-17T21:22:34.163+0000][7][safepoint   ] Safepoint "Cleanup", Time since last: 1000149957 ns, Reaching safepoint: 59446 ns, At safepoint: 8088 ns, Total: 67534 ns
[2024-02-17T21:22:36.164+0000][7][safepoint   ] Safepoint "Cleanup", Time since last: 2000245363 ns, Reaching safepoint: 84859 ns, At safepoint: 7961 ns, Total: 92820 ns
[2024-02-17T21:22:48.166+0000][7][safepoint   ] Safepoint "Cleanup", Time since last: 12001943271 ns, Reaching safepoint: 103910 ns, At safepoint: 5291 ns, Total: 109201 ns
[2024-02-17T21:22:49.166+0000][7][safepoint   ] Safepoint "Cleanup", Time since last: 1000237483 ns, Reaching safepoint: 92441 ns, At safepoint: 10772 ns, Total: 103213 ns
[2024-02-17T21:22:51.167+0000][7][safepoint   ] Safepoint "Cleanup", Time since last: 2000437759 ns, Reaching safepoint: 72441 ns, At safepoint: 9336 ns, Total: 81777 ns
[2024-02-17T21:22:54.167+0000][7][safepoint   ] Safepoint "Cleanup", Time since last: 3000531717 ns, Reaching safepoint: 52796 ns, At safepoint: 5881 ns, Total: 58677 ns
[2024-02-17T21:22:55.167+0000][7][safepoint   ] Safepoint "Cleanup", Time since last: 1000163334 ns, Reaching safepoint: 68393 ns, At safepoint: 8352 ns, Total: 76745 ns
[2024-02-17T21:22:56.168+0000][7][safepoint   ] Safepoint "Cleanup", Time since last: 1000251283 ns, Reaching safepoint: 89295 ns, At safepoint: 8615 ns, Total: 97910 ns
[2024-02-17T21:22:57.168+0000][7][safepoint   ] Safepoint "Cleanup", Time since last: 1000156546 ns, Reaching safepoint: 66248 ns, At safepoint: 5510 ns, Total: 71758 ns
[2024-02-17T21:23:03.169+0000][7][safepoint   ] Safepoint "Cleanup", Time since last: 6000935554 ns, Reaching safepoint: 104675 ns, At safepoint: 11643 ns, Total: 116318 ns
[2024-02-17T21:23:04.169+0000][7][safepoint   ] Safepoint "Cleanup", Time since last: 1000289077 ns, Reaching safepoint: 86282 ns, At safepoint: 8704 ns, Total: 94986 ns
[2024-02-17T21:23:12.171+0000][7][safepoint   ] Safepoint "Cleanup", Time since last: 8001118156 ns, Reaching safepoint: 82921 ns, At safepoint: 11242 ns, Total: 94163 ns
[2024-02-17T21:23:21.172+0000][7][safepoint   ] Safepoint "Cleanup", Time since last: 9001249729 ns, Reaching safepoint: 73704 ns, At safepoint: 7944 ns, Total: 81648 ns
[2024-02-17T21:23:37.174+0000][7][safepoint   ] Safepoint "Cleanup", Time since last: 16002307763 ns, Reaching safepoint: 76399 ns, At safepoint: 10197 ns, Total: 86596 ns
[2024-02-17T21:23:48.176+0000][7][safepoint   ] Safepoint "Cleanup", Time since last: 11001216288 ns, Reaching safepoint: 110750 ns, At safepoint: 12518 ns, Total: 123268 ns
[2024-02-17T21:23:53.177+0000][7][safepoint   ] Safepoint "Cleanup", Time since last: 5000867121 ns, Reaching safepoint: 85159 ns, At safepoint: 6168 ns, Total: 91327 ns
[2024-02-17T21:24:00.178+0000][7][safepoint   ] Safepoint "Cleanup", Time since last: 7001250313 ns, Reaching safepoint: 84161 ns, At safepoint: 8175 ns, Total: 92336 ns
[2024-02-17T21:24:03.179+0000][7][safepoint   ] Safepoint "Cleanup", Time since last: 3000552783 ns, Reaching safepoint: 92390 ns, At safepoint: 10761 ns, Total: 103151 ns
[2024-02-17T21:24:07.179+0000][7][safepoint   ] Safepoint "Cleanup", Time since last: 4000563609 ns, Reaching safepoint: 91942 ns, At safepoint: 8562 ns, Total: 100504 ns
[2024-02-17T21:24:21.182+0000][7][safepoint   ] Safepoint "Cleanup", Time since last: 14002601323 ns, Reaching safepoint: 65943 ns, At safepoint: 6896 ns, Total: 72839 ns
[2024-02-17T21:24:25.183+0000][7][safepoint   ] Safepoint "Cleanup", Time since last: 4000600239 ns, Reaching safepoint: 90899 ns, At safepoint: 10433 ns, Total: 101332 ns
[2024-02-17T21:24:26.183+0000][7][safepoint   ] Safepoint "Cleanup", Time since last: 1000162853 ns, Reaching safepoint: 75952 ns, At safepoint: 9699 ns, Total: 85651 ns
[2024-02-17T21:24:37.185+0000][7][safepoint   ] Safepoint "Cleanup", Time since last: 11002280359 ns, Reaching safepoint: 86716 ns, At safepoint: 8399 ns, Total: 95115 ns
[2024-02-17T21:24:48.187+0000][7][safepoint   ] Safepoint "Cleanup", Time since last: 11001388058 ns, Reaching safepoint: 39938 ns, At safepoint: 3718 ns, Total: 43656 ns
[2024-02-17T21:24:49.187+0000][7][safepoint   ] Safepoint "Cleanup", Time since last: 1000134311 ns, Reaching safepoint: 85616 ns, At safepoint: 9989 ns, Total: 95605 ns
[2024-02-17T21:24:51.097+0000][7][gc,start    ] GC(24) Pause Young (Normal) (G1 Evacuation Pause)
[2024-02-17T21:24:51.097+0000][7][gc,task     ] GC(24) Using 8 workers of 8 for evacuation
[2024-02-17T21:24:51.097+0000][7][gc,age      ] GC(24) Desired survivor size 41943040 bytes, new threshold 15 (max threshold 15)
[2024-02-17T21:24:51.113+0000][7][gc,phases   ] GC(24)   Pre Evacuate Collection Set: 0.1ms
[2024-02-17T21:24:51.113+0000][7][gc,phases   ] GC(24)   Merge Heap Roots: 0.1ms
[2024-02-17T21:24:51.113+0000][7][gc,phases   ] GC(24)   Evacuate Collection Set: 13.8ms
[2024-02-17T21:24:51.113+0000][7][gc,phases   ] GC(24)   Post Evacuate Collection Set: 1.7ms
[2024-02-17T21:24:51.113+0000][7][gc,phases   ] GC(24)   Other: 0.1ms
[2024-02-17T21:24:51.113+0000][7][gc,age      ] GC(24) Age table with threshold 15 (max threshold 15)
[2024-02-17T21:24:51.113+0000][7][gc,age      ] GC(24) - age   1:    1515992 bytes,    1515992 total
[2024-02-17T21:24:51.113+0000][7][gc,age      ] GC(24) - age   2:      23304 bytes,    1539296 total
[2024-02-17T21:24:51.113+0000][7][gc,age      ] GC(24) - age   3:      27208 bytes,    1566504 total
[2024-02-17T21:24:51.113+0000][7][gc,age      ] GC(24) - age   4:     209832 bytes,    1776336 total
[2024-02-17T21:24:51.113+0000][7][gc,age      ] GC(24) - age   5:      74464 bytes,    1850800 total
[2024-02-17T21:24:51.113+0000][7][gc,age      ] GC(24) - age   6:     362816 bytes,    2213616 total
[2024-02-17T21:24:51.113+0000][7][gc,age      ] GC(24) - age   7:    1313296 bytes,    3526912 total
[2024-02-17T21:24:51.113+0000][7][gc,age      ] GC(24) - age   8:    1750632 bytes,    5277544 total
[2024-02-17T21:24:51.113+0000][7][gc,age      ] GC(24) - age   9:      84256 bytes,    5361800 total
[2024-02-17T21:24:51.113+0000][7][gc,age      ] GC(24) - age  11:    5210288 bytes,   10572088 total
[2024-02-17T21:24:51.113+0000][7][gc,age      ] GC(24) - age  12:    1021072 bytes,   11593160 total
[2024-02-17T21:24:51.113+0000][7][gc,age      ] GC(24) - age  13:   11897928 bytes,   23491088 total
[2024-02-17T21:24:51.113+0000][7][gc,heap     ] GC(24) Eden regions: 146->0(146)
[2024-02-17T21:24:51.113+0000][7][gc,heap     ] GC(24) Survivor regions: 7->7(20)
[2024-02-17T21:24:51.113+0000][7][gc,heap     ] GC(24) Old regions: 16->16
[2024-02-17T21:24:51.113+0000][7][gc,heap     ] GC(24) Archive regions: 2->2
[2024-02-17T21:24:51.113+0000][7][gc,heap     ] GC(24) Humongous regions: 0->0
[2024-02-17T21:24:51.113+0000][7][gc,metaspace] GC(24) Metaspace: 124772K(128256K)->124772K(128256K) NonClass: 108386K(110144K)->108386K(110144K) Class: 16385K(18112K)->16385K(18112K)
[2024-02-17T21:24:51.113+0000][7][gc          ] GC(24) Pause Young (Normal) (G1 Evacuation Pause) 675M->91M(1024M) 16.203ms
[2024-02-17T21:24:51.113+0000][7][gc,cpu      ] GC(24) User=0.11s Sys=0.00s Real=0.02s
[2024-02-17T21:24:51.113+0000][7][safepoint   ] Safepoint "G1CollectForAllocation", Time since last: 1910191093 ns, Reaching safepoint: 60809 ns, At safepoint: 16305084 ns, Total: 16365893 ns
[2024-02-17T21:24:54.114+0000][7][safepoint   ] Safepoint "Cleanup", Time since last: 3000441533 ns, Reaching safepoint: 142641 ns, At safepoint: 23196 ns, Total: 165837 ns
[2024-02-17T21:24:55.114+0000][7][safepoint   ] Safepoint "Cleanup", Time since last: 1000258974 ns, Reaching safepoint: 82254 ns, At safepoint: 8419 ns, Total: 90673 ns
[2024-02-17T21:24:57.115+0000][7][safepoint   ] Safepoint "Cleanup", Time since last: 2000345697 ns, Reaching safepoint: 74594 ns, At safepoint: 10752 ns, Total: 85346 ns
[2024-02-17T21:25:01.583+0000][7][safepoint   ] Safepoint "Cleanup", Time since last: 6000855617 ns, Reaching safepoint: 156364 ns, At safepoint: 27831 ns, Total: 184195 ns
[2024-02-17T21:25:12.585+0000][7][safepoint   ] Safepoint "Cleanup", Time since last: 11001670039 ns, Reaching safepoint: 81671 ns, At safepoint: 8159 ns, Total: 89830 ns
[2024-02-17T21:25:19.586+0000][7][safepoint   ] Safepoint "Cleanup", Time since last: 7000909656 ns, Reaching safepoint: 75870 ns, At safepoint: 11343 ns, Total: 87213 ns
[2024-02-17T21:25:21.587+0000][7][safepoint   ] Safepoint "Cleanup", Time since last: 2000468690 ns, Reaching safepoint: 96640 ns, At safepoint: 20640 ns, Total: 117280 ns
[2024-02-17T21:25:23.587+0000][7][safepoint   ] Safepoint "Cleanup", Time since last: 2000390771 ns, Reaching safepoint: 83350 ns, At safepoint: 9155 ns, Total: 92505 ns
[2024-02-17T21:25:24.587+0000][7][safepoint   ] Safepoint "Cleanup", Time since last: 1000240766 ns, Reaching safepoint: 91202 ns, At safepoint: 10273 ns, Total: 101475 ns
[2024-02-17T21:25:25.588+0000][7][safepoint   ] Safepoint "Cleanup", Time since last: 1000214809 ns, Reaching safepoint: 55259 ns, At safepoint: 10733 ns, Total: 65992 ns
[2024-02-17T21:25:28.588+0000][7][safepoint   ] Safepoint "Cleanup", Time since last: 3000519378 ns, Reaching safepoint: 132952 ns, At safepoint: 8729 ns, Total: 141681 ns
[2024-02-17T21:25:40.590+0000][7][safepoint   ] Safepoint "Cleanup", Time since last: 12001509086 ns, Reaching safepoint: 137816 ns, At safepoint: 7419 ns, Total: 145235 ns
[2024-02-17T21:25:41.590+0000][7][safepoint   ] Safepoint "Cleanup", Time since last: 1000143822 ns, Reaching safepoint: 101788 ns, At safepoint: 10922 ns, Total: 112710 ns
[2024-02-17T21:25:48.591+0000][7][safepoint   ] Safepoint "Cleanup", Time since last: 7000775977 ns, Reaching safepoint: 79338 ns, At safepoint: 10655 ns, Total: 89993 ns
[2024-02-17T21:25:49.591+0000][7][safepoint   ] Safepoint "Cleanup", Time since last: 1000182236 ns, Reaching safepoint: 108842 ns, At safepoint: 7130 ns, Total: 115972 ns
[2024-02-17T21:25:52.592+0000][7][safepoint   ] Safepoint "Cleanup", Time since last: 3000445071 ns, Reaching safepoint: 62662 ns, At safepoint: 4742 ns, Total: 67404 ns
[2024-02-17T21:25:53.592+0000][7][safepoint   ] Safepoint "Cleanup", Time since last: 1000122658 ns, Reaching safepoint: 68142 ns, At safepoint: 6780 ns, Total: 74922 ns
[2024-02-17T21:25:54.592+0000][7][safepoint   ] Safepoint "Cleanup", Time since last: 1000147152 ns, Reaching safepoint: 67746 ns, At safepoint: 8829 ns, Total: 76575 ns
[2024-02-17T21:25:55.593+0000][7][safepoint   ] Safepoint "Cleanup", Time since last: 1000149390 ns, Reaching safepoint: 71851 ns, At safepoint: 8719 ns, Total: 80570 ns
[2024-02-17T21:25:58.593+0000][7][safepoint   ] Safepoint "Cleanup", Time since last: 3000502307 ns, Reaching safepoint: 131406 ns, At safepoint: 7793 ns, Total: 139199 ns
[2024-02-17T21:25:59.594+0000][7][safepoint   ] Safepoint "Cleanup", Time since last: 1000213774 ns, Reaching safepoint: 202180 ns, At safepoint: 15809 ns, Total: 217989 ns
[2024-02-17T21:26:00.594+0000][7][safepoint   ] Safepoint "Cleanup", Time since last: 1000142979 ns, Reaching safepoint: 102262 ns, At safepoint: 7772 ns, Total: 110034 ns
[2024-02-17T21:26:02.552+0000][7][safepoint   ] Safepoint "Cleanup", Time since last: 1958088176 ns, Reaching safepoint: 145210 ns, At safepoint: 11195 ns, Total: 156405 ns
[2024-02-17T21:26:04.553+0000][7][safepoint   ] Safepoint "Cleanup", Time since last: 2000285472 ns, Reaching safepoint: 145402 ns, At safepoint: 9544 ns, Total: 154946 ns
[2024-02-17T21:26:05.553+0000][7][safepoint   ] Safepoint "Cleanup", Time since last: 1000258774 ns, Reaching safepoint: 67916 ns, At safepoint: 7177 ns, Total: 75093 ns
[2024-02-17T21:26:10.554+0000][7][safepoint   ] Safepoint "Cleanup", Time since last: 5000828288 ns, Reaching safepoint: 134036 ns, At safepoint: 8176 ns, Total: 142212 ns
[2024-02-17T21:26:13.554+0000][7][safepoint   ] Safepoint "Cleanup", Time since last: 3000255702 ns, Reaching safepoint: 107409 ns, At safepoint: 28164 ns, Total: 135573 ns
[2024-02-17T21:26:16.555+0000][7][safepoint   ] Safepoint "Cleanup", Time since last: 3000270793 ns, Reaching safepoint: 134484 ns, At safepoint: 7767 ns, Total: 142251 ns
[2024-02-17T21:26:17.701+0000][7][safepoint   ] Safepoint "Cleanup", Time since last: 1146016125 ns, Reaching safepoint: 73770 ns, At safepoint: 5648 ns, Total: 79418 ns
[2024-02-17T21:26:21.701+0000][7][safepoint   ] Safepoint "Cleanup", Time since last: 4000622261 ns, Reaching safepoint: 77000 ns, At safepoint: 24528 ns, Total: 101528 ns
[2024-02-17T21:26:22.702+0000][7][safepoint   ] Safepoint "Cleanup", Time since last: 1000146800 ns, Reaching safepoint: 71030 ns, At safepoint: 6689 ns, Total: 77719 ns
[2024-02-17T21:26:25.702+0000][7][safepoint   ] Safepoint "Cleanup", Time since last: 3000301418 ns, Reaching safepoint: 59346 ns, At safepoint: 5805 ns, Total: 65151 ns
[2024-02-17T21:26:28.703+0000][7][safepoint   ] Safepoint "Cleanup", Time since last: 3000489243 ns, Reaching safepoint: 104196 ns, At safepoint: 11295 ns, Total: 115491 ns
[2024-02-17T21:26:31.703+0000][7][safepoint   ] Safepoint "Cleanup", Time since last: 3000391237 ns, Reaching safepoint: 79652 ns, At safepoint: 8145 ns, Total: 87797 ns
[2024-02-17T21:26:34.704+0000][7][safepoint   ] Safepoint "Cleanup", Time since last: 3000522436 ns, Reaching safepoint: 86865 ns, At safepoint: 11492 ns, Total: 98357 ns
[2024-02-17T21:26:37.705+0000][7][safepoint   ] Safepoint "Cleanup", Time since last: 3000649938 ns, Reaching safepoint: 85755 ns, At safepoint: 8822 ns, Total: 94577 ns
[2024-02-17T21:26:41.705+0000][7][safepoint   ] Safepoint "Cleanup", Time since last: 4000503317 ns, Reaching safepoint: 81448 ns, At safepoint: 9064 ns, Total: 90512 ns
[2024-02-17T21:26:42.705+0000][7][safepoint   ] Safepoint "Cleanup", Time since last: 1000241607 ns, Reaching safepoint: 82171 ns, At safepoint: 8479 ns, Total: 90650 ns
[2024-02-17T21:26:46.094+0000][7][safepoint   ] Safepoint "Cleanup", Time since last: 4000582810 ns, Reaching safepoint: 71211 ns, At safepoint: 10662 ns, Total: 81873 ns
[2024-02-17T21:26:49.094+0000][7][safepoint   ] Safepoint "Cleanup", Time since last: 3000417958 ns, Reaching safepoint: 60227 ns, At safepoint: 5679 ns, Total: 65906 ns
[2024-02-17T21:26:58.096+0000][7][safepoint   ] Safepoint "Cleanup", Time since last: 9001688202 ns, Reaching safepoint: 107918 ns, At safepoint: 7836 ns, Total: 115754 ns
[2024-02-17T21:26:59.096+0000][7][safepoint   ] Safepoint "Cleanup", Time since last: 1000235924 ns, Reaching safepoint: 84545 ns, At safepoint: 10085 ns, Total: 94630 ns
[2024-02-17T21:27:01.097+0000][7][safepoint   ] Safepoint "Cleanup", Time since last: 2000458738 ns, Reaching safepoint: 84224 ns, At safepoint: 10412 ns, Total: 94636 ns
[2024-02-17T21:27:07.098+0000][7][safepoint   ] Safepoint "Cleanup", Time since last: 6001025590 ns, Reaching safepoint: 80408 ns, At safepoint: 10505 ns, Total: 90913 ns
[2024-02-17T21:27:08.098+0000][7][safepoint   ] Safepoint "Cleanup", Time since last: 1000140732 ns, Reaching safepoint: 76749 ns, At safepoint: 7959 ns, Total: 84708 ns
[2024-02-17T21:27:10.099+0000][7][safepoint   ] Safepoint "Cleanup", Time since last: 2000433199 ns, Reaching safepoint: 71453 ns, At safepoint: 12265 ns, Total: 83718 ns
[2024-02-17T21:27:20.100+0000][7][safepoint   ] Safepoint "Cleanup", Time since last: 10001577011 ns, Reaching safepoint: 80631 ns, At safepoint: 7884 ns, Total: 88515 ns
[2024-02-17T21:27:28.102+0000][7][safepoint   ] Safepoint "Cleanup", Time since last: 8001089318 ns, Reaching safepoint: 39980 ns, At safepoint: 4367 ns, Total: 44347 ns
[2024-02-17T21:27:34.102+0000][7][safepoint   ] Safepoint "Cleanup", Time since last: 6000591526 ns, Reaching safepoint: 71023 ns, At safepoint: 6409 ns, Total: 77432 ns
[2024-02-17T21:27:46.104+0000][7][safepoint   ] Safepoint "Cleanup", Time since last: 12001863942 ns, Reaching safepoint: 91376 ns, At safepoint: 7623 ns, Total: 98999 ns
[2024-02-17T21:27:47.105+0000][7][safepoint   ] Safepoint "Cleanup", Time since last: 1000228204 ns, Reaching safepoint: 86927 ns, At safepoint: 11774 ns, Total: 98701 ns
[2024-02-17T21:27:58.106+0000][7][safepoint   ] Safepoint "Cleanup", Time since last: 11001150563 ns, Reaching safepoint: 64829 ns, At safepoint: 6352 ns, Total: 71181 ns
[2024-02-17T21:28:01.106+0000][7][safepoint   ] Safepoint "Cleanup", Time since last: 3000530330 ns, Reaching safepoint: 90059 ns, At safepoint: 8326 ns, Total: 98385 ns
[2024-02-17T21:28:07.351+0000][7][gc,start    ] GC(25) Pause Young (Normal) (G1 Evacuation Pause)
[2024-02-17T21:28:07.351+0000][7][gc,task     ] GC(25) Using 8 workers of 8 for evacuation
[2024-02-17T21:28:07.351+0000][7][gc,age      ] GC(25) Desired survivor size 41943040 bytes, new threshold 15 (max threshold 15)
[2024-02-17T21:28:07.366+0000][7][gc,phases   ] GC(25)   Pre Evacuate Collection Set: 0.1ms
[2024-02-17T21:28:07.366+0000][7][gc,phases   ] GC(25)   Merge Heap Roots: 0.1ms
[2024-02-17T21:28:07.366+0000][7][gc,phases   ] GC(25)   Evacuate Collection Set: 13.0ms
[2024-02-17T21:28:07.366+0000][7][gc,phases   ] GC(25)   Post Evacuate Collection Set: 1.6ms
[2024-02-17T21:28:07.366+0000][7][gc,phases   ] GC(25)   Other: 0.1ms
[2024-02-17T21:28:07.366+0000][7][gc,age      ] GC(25) Age table with threshold 15 (max threshold 15)
[2024-02-17T21:28:07.366+0000][7][gc,age      ] GC(25) - age   1:    1162112 bytes,    1162112 total
[2024-02-17T21:28:07.366+0000][7][gc,age      ] GC(25) - age   2:      20016 bytes,    1182128 total
[2024-02-17T21:28:07.366+0000][7][gc,age      ] GC(25) - age   3:      21800 bytes,    1203928 total
[2024-02-17T21:28:07.366+0000][7][gc,age      ] GC(25) - age   4:      27144 bytes,    1231072 total
[2024-02-17T21:28:07.366+0000][7][gc,age      ] GC(25) - age   5:     206200 bytes,    1437272 total
[2024-02-17T21:28:07.366+0000][7][gc,age      ] GC(25) - age   6:      74464 bytes,    1511736 total
[2024-02-17T21:28:07.366+0000][7][gc,age      ] GC(25) - age   7:     362816 bytes,    1874552 total
[2024-02-17T21:28:07.366+0000][7][gc,age      ] GC(25) - age   8:    1174192 bytes,    3048744 total
[2024-02-17T21:28:07.366+0000][7][gc,age      ] GC(25) - age   9:    1734480 bytes,    4783224 total
[2024-02-17T21:28:07.366+0000][7][gc,age      ] GC(25) - age  10:      84256 bytes,    4867480 total
[2024-02-17T21:28:07.366+0000][7][gc,age      ] GC(25) - age  12:    5210288 bytes,   10077768 total
[2024-02-17T21:28:07.366+0000][7][gc,age      ] GC(25) - age  13:    1021072 bytes,   11098840 total
[2024-02-17T21:28:07.366+0000][7][gc,age      ] GC(25) - age  14:   11897664 bytes,   22996504 total
[2024-02-17T21:28:07.366+0000][7][gc,heap     ] GC(25) Eden regions: 146->0(146)
[2024-02-17T21:28:07.366+0000][7][gc,heap     ] GC(25) Survivor regions: 7->7(20)
[2024-02-17T21:28:07.366+0000][7][gc,heap     ] GC(25) Old regions: 16->16
[2024-02-17T21:28:07.366+0000][7][gc,heap     ] GC(25) Archive regions: 2->2
[2024-02-17T21:28:07.366+0000][7][gc,heap     ] GC(25) Humongous regions: 0->0
[2024-02-17T21:28:07.366+0000][7][gc,metaspace] GC(25) Metaspace: 124833K(128320K)->124833K(128320K) NonClass: 108448K(110208K)->108448K(110208K) Class: 16385K(18112K)->16385K(18112K)
[2024-02-17T21:28:07.366+0000][7][gc          ] GC(25) Pause Young (Normal) (G1 Evacuation Pause) 675M->91M(1024M) 15.286ms
[2024-02-17T21:28:07.366+0000][7][gc,cpu      ] GC(25) User=0.10s Sys=0.00s Real=0.02s
[2024-02-17T21:28:07.366+0000][7][safepoint   ] Safepoint "G1CollectForAllocation", Time since last: 6244354177 ns, Reaching safepoint: 54467 ns, At safepoint: 15380881 ns, Total: 15435348 ns
[2024-02-17T21:28:11.367+0000][7][safepoint   ] Safepoint "Cleanup", Time since last: 4000490607 ns, Reaching safepoint: 88799 ns, At safepoint: 7650 ns, Total: 96449 ns
[2024-02-17T21:28:17.368+0000][7][safepoint   ] Safepoint "Cleanup", Time since last: 6001152671 ns, Reaching safepoint: 73825 ns, At safepoint: 7497 ns, Total: 81322 ns
[2024-02-17T21:28:22.369+0000][7][safepoint   ] Safepoint "Cleanup", Time since last: 5000952042 ns, Reaching safepoint: 83529 ns, At safepoint: 11595 ns, Total: 95124 ns
[2024-02-17T21:28:40.371+0000][7][safepoint   ] Safepoint "Cleanup", Time since last: 18002309887 ns, Reaching safepoint: 77026 ns, At safepoint: 8628 ns, Total: 85654 ns
[2024-02-17T21:28:41.372+0000][7][safepoint   ] Safepoint "Cleanup", Time since last: 1000157756 ns, Reaching safepoint: 52149 ns, At safepoint: 6491 ns, Total: 58640 ns
[2024-02-17T21:28:46.372+0000][7][safepoint   ] Safepoint "Cleanup", Time since last: 5000581773 ns, Reaching safepoint: 60352 ns, At safepoint: 8880 ns, Total: 69232 ns
[2024-02-17T21:28:51.373+0000][7][safepoint   ] Safepoint "Cleanup", Time since last: 5000476383 ns, Reaching safepoint: 54239 ns, At safepoint: 5119 ns, Total: 59358 ns
[2024-02-17T21:28:52.373+0000][7][safepoint   ] Safepoint "Cleanup", Time since last: 1000246657 ns, Reaching safepoint: 99240 ns, At safepoint: 11276 ns, Total: 110516 ns
[2024-02-17T21:29:01.374+0000][7][safepoint   ] Safepoint "Cleanup", Time since last: 9001018348 ns, Reaching safepoint: 105447 ns, At safepoint: 5474 ns, Total: 110921 ns
[2024-02-17T21:29:10.376+0000][7][safepoint   ] Safepoint "Cleanup", Time since last: 9001188468 ns, Reaching safepoint: 80296 ns, At safepoint: 8846 ns, Total: 89142 ns
[2024-02-17T21:29:11.376+0000][7][safepoint   ] Safepoint "Cleanup", Time since last: 1000152049 ns, Reaching safepoint: 84056 ns, At safepoint: 10562 ns, Total: 94618 ns
[2024-02-17T21:29:19.377+0000][7][safepoint   ] Safepoint "Cleanup", Time since last: 8000800102 ns, Reaching safepoint: 72443 ns, At safepoint: 7033 ns, Total: 79476 ns
[2024-02-17T21:29:30.378+0000][7][safepoint   ] Safepoint "Cleanup", Time since last: 11001072023 ns, Reaching safepoint: 72406 ns, At safepoint: 7225 ns, Total: 79631 ns
[2024-02-17T21:29:31.378+0000][7][safepoint   ] Safepoint "Cleanup", Time since last: 1000206112 ns, Reaching safepoint: 72928 ns, At safepoint: 8994 ns, Total: 81922 ns
[2024-02-17T21:29:34.379+0000][7][safepoint   ] Safepoint "Cleanup", Time since last: 3000560412 ns, Reaching safepoint: 86355 ns, At safepoint: 12215 ns, Total: 98570 ns
[2024-02-17T21:29:37.379+0000][7][safepoint   ] Safepoint "Cleanup", Time since last: 3000377931 ns, Reaching safepoint: 71192 ns, At safepoint: 7726 ns, Total: 78918 ns
[2024-02-17T21:29:40.380+0000][7][safepoint   ] Safepoint "Cleanup", Time since last: 3000517163 ns, Reaching safepoint: 84658 ns, At safepoint: 8680 ns, Total: 93338 ns
[2024-02-17T21:29:51.382+0000][7][safepoint   ] Safepoint "Cleanup", Time since last: 11001702664 ns, Reaching safepoint: 84282 ns, At safepoint: 9007 ns, Total: 93289 ns
[2024-02-17T21:29:53.902+0000][7][safepoint   ] Safepoint "Cleanup", Time since last: 4606653278 ns, Reaching safepoint: 66978 ns, At safepoint: 8667 ns, Total: 75645 ns
[2024-02-17T21:29:58.903+0000][7][safepoint   ] Safepoint "Cleanup", Time since last: 5000801994 ns, Reaching safepoint: 57875 ns, At safepoint: 6295 ns, Total: 64170 ns
[2024-02-17T21:30:10.904+0000][7][safepoint   ] Safepoint "Cleanup", Time since last: 12001480989 ns, Reaching safepoint: 46346 ns, At safepoint: 3438 ns, Total: 49784 ns
[2024-02-17T21:30:11.905+0000][7][safepoint   ] Safepoint "Cleanup", Time since last: 1000194194 ns, Reaching safepoint: 69655 ns, At safepoint: 8364 ns, Total: 78019 ns
[2024-02-17T21:30:19.906+0000][7][safepoint   ] Safepoint "Cleanup", Time since last: 8001023745 ns, Reaching safepoint: 60669 ns, At safepoint: 5773 ns, Total: 66442 ns
[2024-02-17T21:30:26.906+0000][7][safepoint   ] Safepoint "Cleanup", Time since last: 7000807609 ns, Reaching safepoint: 63494 ns, At safepoint: 5276 ns, Total: 68770 ns
[2024-02-17T21:30:36.482+0000][7][safepoint   ] Safepoint "Cleanup", Time since last: 10000906957 ns, Reaching safepoint: 50453 ns, At safepoint: 6082 ns, Total: 56535 ns
[2024-02-17T21:30:37.482+0000][7][safepoint   ] Safepoint "Cleanup", Time since last: 1000138416 ns, Reaching safepoint: 48992 ns, At safepoint: 5877 ns, Total: 54869 ns
[2024-02-17T21:30:44.483+0000][7][safepoint   ] Safepoint "Cleanup", Time since last: 7000638972 ns, Reaching safepoint: 80602 ns, At safepoint: 7049 ns, Total: 87651 ns
[2024-02-17T21:30:49.483+0000][7][safepoint   ] Safepoint "Cleanup", Time since last: 5000524245 ns, Reaching safepoint: 67547 ns, At safepoint: 8177 ns, Total: 75724 ns
[2024-02-17T21:30:53.484+0000][7][safepoint   ] Safepoint "Cleanup", Time since last: 4000391686 ns, Reaching safepoint: 90701 ns, At safepoint: 6771 ns, Total: 97472 ns
[2024-02-17T21:30:55.484+0000][7][safepoint   ] Safepoint "Cleanup", Time since last: 2000258081 ns, Reaching safepoint: 167500 ns, At safepoint: 13493 ns, Total: 180993 ns
[2024-02-17T21:30:56.484+0000][7][safepoint   ] Safepoint "Cleanup", Time since last: 1000137881 ns, Reaching safepoint: 63337 ns, At safepoint: 6015 ns, Total: 69352 ns
[2024-02-17T21:30:58.485+0000][7][safepoint   ] Safepoint "Cleanup", Time since last: 2000212502 ns, Reaching safepoint: 64740 ns, At safepoint: 5844 ns, Total: 70584 ns
[2024-02-17T21:31:01.485+0000][7][safepoint   ] Safepoint "Cleanup", Time since last: 3000346793 ns, Reaching safepoint: 113392 ns, At safepoint: 6379 ns, Total: 119771 ns
[2024-02-17T21:31:04.486+0000][7][safepoint   ] Safepoint "Cleanup", Time since last: 3000273193 ns, Reaching safepoint: 137848 ns, At safepoint: 5848 ns, Total: 143696 ns
[2024-02-17T21:31:07.535+0000][7][gc,start    ] GC(26) Pause Young (Normal) (G1 Evacuation Pause)
[2024-02-17T21:31:07.536+0000][7][gc,task     ] GC(26) Using 8 workers of 8 for evacuation
[2024-02-17T21:31:07.536+0000][7][gc,age      ] GC(26) Desired survivor size 41943040 bytes, new threshold 15 (max threshold 15)
[2024-02-17T21:31:07.551+0000][7][gc,phases   ] GC(26)   Pre Evacuate Collection Set: 0.1ms
[2024-02-17T21:31:07.552+0000][7][gc,phases   ] GC(26)   Merge Heap Roots: 0.1ms
[2024-02-17T21:31:07.552+0000][7][gc,phases   ] GC(26)   Evacuate Collection Set: 13.8ms
[2024-02-17T21:31:07.552+0000][7][gc,phases   ] GC(26)   Post Evacuate Collection Set: 1.8ms
[2024-02-17T21:31:07.552+0000][7][gc,phases   ] GC(26)   Other: 0.1ms
[2024-02-17T21:31:07.552+0000][7][gc,age      ] GC(26) Age table with threshold 15 (max threshold 15)
[2024-02-17T21:31:07.552+0000][7][gc,age      ] GC(26) - age   1:     902272 bytes,     902272 total
[2024-02-17T21:31:07.552+0000][7][gc,age      ] GC(26) - age   2:      29784 bytes,     932056 total
[2024-02-17T21:31:07.552+0000][7][gc,age      ] GC(26) - age   3:      17776 bytes,     949832 total
[2024-02-17T21:31:07.552+0000][7][gc,age      ] GC(26) - age   4:      21616 bytes,     971448 total
[2024-02-17T21:31:07.552+0000][7][gc,age      ] GC(26) - age   5:      27008 bytes,     998456 total
[2024-02-17T21:31:07.552+0000][7][gc,age      ] GC(26) - age   6:     206200 bytes,    1204656 total
[2024-02-17T21:31:07.552+0000][7][gc,age      ] GC(26) - age   7:      74168 bytes,    1278824 total
[2024-02-17T21:31:07.552+0000][7][gc,age      ] GC(26) - age   8:     362816 bytes,    1641640 total
[2024-02-17T21:31:07.552+0000][7][gc,age      ] GC(26) - age   9:    1174192 bytes,    2815832 total
[2024-02-17T21:31:07.552+0000][7][gc,age      ] GC(26) - age  10:    1734480 bytes,    4550312 total
[2024-02-17T21:31:07.552+0000][7][gc,age      ] GC(26) - age  11:      84256 bytes,    4634568 total
[2024-02-17T21:31:07.552+0000][7][gc,age      ] GC(26) - age  13:    5210288 bytes,    9844856 total
[2024-02-17T21:31:07.552+0000][7][gc,age      ] GC(26) - age  14:    1021072 bytes,   10865928 total
[2024-02-17T21:31:07.552+0000][7][gc,age      ] GC(26) - age  15:   11897664 bytes,   22763592 total
[2024-02-17T21:31:07.552+0000][7][gc,heap     ] GC(26) Eden regions: 146->0(147)
[2024-02-17T21:31:07.552+0000][7][gc,heap     ] GC(26) Survivor regions: 7->6(20)
[2024-02-17T21:31:07.552+0000][7][gc,heap     ] GC(26) Old regions: 16->16
[2024-02-17T21:31:07.552+0000][7][gc,heap     ] GC(26) Archive regions: 2->2
[2024-02-17T21:31:07.552+0000][7][gc,heap     ] GC(26) Humongous regions: 0->0
[2024-02-17T21:31:07.552+0000][7][gc,metaspace] GC(26) Metaspace: 124851K(128320K)->124851K(128320K) NonClass: 108465K(110208K)->108465K(110208K) Class: 16385K(18112K)->16385K(18112K)
[2024-02-17T21:31:07.552+0000][7][gc          ] GC(26) Pause Young (Normal) (G1 Evacuation Pause) 675M->90M(1024M) 16.377ms
[2024-02-17T21:31:07.552+0000][7][gc,cpu      ] GC(26) User=0.10s Sys=0.00s Real=0.01s
[2024-02-17T21:31:07.552+0000][7][safepoint   ] Safepoint "G1CollectForAllocation", Time since last: 3049791108 ns, Reaching safepoint: 44797 ns, At safepoint: 16490266 ns, Total: 16535063 ns
[2024-02-17T21:31:17.770+0000][7][safepoint   ] Safepoint "Cleanup", Time since last: 9001177006 ns, Reaching safepoint: 70561 ns, At safepoint: 6965 ns, Total: 77526 ns
[2024-02-17T21:31:18.770+0000][7][safepoint   ] Safepoint "Cleanup", Time since last: 1000127730 ns, Reaching safepoint: 65955 ns, At safepoint: 5021 ns, Total: 70976 ns
[2024-02-17T21:31:26.771+0000][7][safepoint   ] Safepoint "Cleanup", Time since last: 8000965670 ns, Reaching safepoint: 65122 ns, At safepoint: 5565 ns, Total: 70687 ns
[2024-02-17T21:31:32.772+0000][7][safepoint   ] Safepoint "Cleanup", Time since last: 6000729489 ns, Reaching safepoint: 62598 ns, At safepoint: 8019 ns, Total: 70617 ns
[2024-02-17T21:31:38.773+0000][7][safepoint   ] Safepoint "Cleanup", Time since last: 6000818028 ns, Reaching safepoint: 48042 ns, At safepoint: 4838 ns, Total: 52880 ns
[2024-02-17T21:31:39.773+0000][7][safepoint   ] Safepoint "Cleanup", Time since last: 1000242472 ns, Reaching safepoint: 73058 ns, At safepoint: 6152 ns, Total: 79210 ns
[2024-02-17T21:31:44.774+0000][7][safepoint   ] Safepoint "Cleanup", Time since last: 5000769342 ns, Reaching safepoint: 60955 ns, At safepoint: 11063 ns, Total: 72018 ns
[2024-02-17T21:31:45.774+0000][7][safepoint   ] Safepoint "Cleanup", Time since last: 1000140901 ns, Reaching safepoint: 64816 ns, At safepoint: 8173 ns, Total: 72989 ns
[2024-02-17T21:31:48.775+0000][7][safepoint   ] Safepoint "Cleanup", Time since last: 3000428425 ns, Reaching safepoint: 67029 ns, At safepoint: 8207 ns, Total: 75236 ns
[2024-02-17T21:31:53.545+0000][7][safepoint   ] Safepoint "Cleanup", Time since last: 3001090246 ns, Reaching safepoint: 49458 ns, At safepoint: 5022 ns, Total: 54480 ns
[2024-02-17T21:31:55.545+0000][7][safepoint   ] Safepoint "Cleanup", Time since last: 2000333157 ns, Reaching safepoint: 59493 ns, At safepoint: 6857 ns, Total: 66350 ns
[2024-02-17T21:32:01.546+0000][7][safepoint   ] Safepoint "Cleanup", Time since last: 6000697175 ns, Reaching safepoint: 143375 ns, At safepoint: 18576 ns, Total: 161951 ns
[2024-02-17T21:32:08.547+0000][7][safepoint   ] Safepoint "Cleanup", Time since last: 7001141598 ns, Reaching safepoint: 77669 ns, At safepoint: 15231 ns, Total: 92900 ns
[2024-02-17T21:32:09.548+0000][7][safepoint   ] Safepoint "Cleanup", Time since last: 1000166141 ns, Reaching safepoint: 64630 ns, At safepoint: 7762 ns, Total: 72392 ns
[2024-02-17T21:32:10.548+0000][7][safepoint   ] Safepoint "Cleanup", Time since last: 1000150939 ns, Reaching safepoint: 52634 ns, At safepoint: 5091 ns, Total: 57725 ns
[2024-02-17T21:32:13.548+0000][7][safepoint   ] Safepoint "Cleanup", Time since last: 3000481306 ns, Reaching safepoint: 89443 ns, At safepoint: 10886 ns, Total: 100329 ns
[2024-02-17T21:32:16.549+0000][7][safepoint   ] Safepoint "Cleanup", Time since last: 3000372510 ns, Reaching safepoint: 62907 ns, At safepoint: 3002 ns, Total: 65909 ns
[2024-02-17T21:32:36.674+0000][7][safepoint   ] Safepoint "Cleanup", Time since last: 19002523990 ns, Reaching safepoint: 87690 ns, At safepoint: 12009 ns, Total: 99699 ns
[2024-02-17T21:32:50.676+0000][7][safepoint   ] Safepoint "Cleanup", Time since last: 14002009013 ns, Reaching safepoint: 64652 ns, At safepoint: 6135 ns, Total: 70787 ns
[2024-02-17T21:32:51.676+0000][7][safepoint   ] Safepoint "Cleanup", Time since last: 1000143305 ns, Reaching safepoint: 63045 ns, At safepoint: 5696 ns, Total: 68741 ns
[2024-02-17T21:33:04.070+0000][7][safepoint   ] Safepoint "Cleanup", Time since last: 11001260358 ns, Reaching safepoint: 72406 ns, At safepoint: 7247 ns, Total: 79653 ns
[2024-02-17T21:33:11.071+0000][7][safepoint   ] Safepoint "Cleanup", Time since last: 7000829293 ns, Reaching safepoint: 73262 ns, At safepoint: 12527 ns, Total: 85789 ns
[2024-02-17T21:33:19.072+0000][7][safepoint   ] Safepoint "Cleanup", Time since last: 8001193474 ns, Reaching safepoint: 75539 ns, At safepoint: 6079 ns, Total: 81618 ns
[2024-02-17T21:33:20.072+0000][7][safepoint   ] Safepoint "Cleanup", Time since last: 1000224830 ns, Reaching safepoint: 84197 ns, At safepoint: 11557 ns, Total: 95754 ns
[2024-02-17T21:33:22.073+0000][7][safepoint   ] Safepoint "Cleanup", Time since last: 2000435008 ns, Reaching safepoint: 91624 ns, At safepoint: 7979 ns, Total: 99603 ns
[2024-02-17T21:33:23.073+0000][7][safepoint   ] Safepoint "Cleanup", Time since last: 1000235538 ns, Reaching safepoint: 67837 ns, At safepoint: 7872 ns, Total: 75709 ns
[2024-02-17T21:33:29.074+0000][7][safepoint   ] Safepoint "Cleanup", Time since last: 6000616350 ns, Reaching safepoint: 74236 ns, At safepoint: 8159 ns, Total: 82395 ns
[2024-02-17T21:33:44.076+0000][7][safepoint   ] Safepoint "Cleanup", Time since last: 15001623980 ns, Reaching safepoint: 65566 ns, At safepoint: 6098 ns, Total: 71664 ns
[2024-02-17T21:33:46.076+0000][7][safepoint   ] Safepoint "Cleanup", Time since last: 2000282373 ns, Reaching safepoint: 63064 ns, At safepoint: 6405 ns, Total: 69469 ns
[2024-02-17T21:33:52.077+0000][7][safepoint   ] Safepoint "Cleanup", Time since last: 6000963585 ns, Reaching safepoint: 60111 ns, At safepoint: 6915 ns, Total: 67026 ns
[2024-02-17T21:33:56.078+0000][7][safepoint   ] Safepoint "Cleanup", Time since last: 4000531937 ns, Reaching safepoint: 87906 ns, At safepoint: 10234 ns, Total: 98140 ns
[2024-02-17T21:34:04.079+0000][7][safepoint   ] Safepoint "Cleanup", Time since last: 8001211588 ns, Reaching safepoint: 119871 ns, At safepoint: 11358 ns, Total: 131229 ns
[2024-02-17T21:34:10.080+0000][7][safepoint   ] Safepoint "Cleanup", Time since last: 6001138562 ns, Reaching safepoint: 62640 ns, At safepoint: 8548 ns, Total: 71188 ns
[2024-02-17T21:34:18.081+0000][7][safepoint   ] Safepoint "Cleanup", Time since last: 8001241186 ns, Reaching safepoint: 89919 ns, At safepoint: 8126 ns, Total: 98045 ns
[2024-02-17T21:34:22.082+0000][7][safepoint   ] Safepoint "Cleanup", Time since last: 4000482026 ns, Reaching safepoint: 58054 ns, At safepoint: 6301 ns, Total: 64355 ns
[2024-02-17T21:34:34.012+0000][7][gc,start    ] GC(27) Pause Young (Normal) (G1 Evacuation Pause)
[2024-02-17T21:34:34.012+0000][7][gc,task     ] GC(27) Using 8 workers of 8 for evacuation
[2024-02-17T21:34:34.012+0000][7][gc,age      ] GC(27) Desired survivor size 41943040 bytes, new threshold 15 (max threshold 15)
[2024-02-17T21:34:34.030+0000][7][gc,phases   ] GC(27)   Pre Evacuate Collection Set: 0.1ms
[2024-02-17T21:34:34.030+0000][7][gc,phases   ] GC(27)   Merge Heap Roots: 0.1ms
[2024-02-17T21:34:34.030+0000][7][gc,phases   ] GC(27)   Evacuate Collection Set: 16.0ms
[2024-02-17T21:34:34.030+0000][7][gc,phases   ] GC(27)   Post Evacuate Collection Set: 1.5ms
[2024-02-17T21:34:34.030+0000][7][gc,phases   ] GC(27)   Other: 0.1ms
[2024-02-17T21:34:34.030+0000][7][gc,age      ] GC(27) Age table with threshold 15 (max threshold 15)
[2024-02-17T21:34:34.030+0000][7][gc,age      ] GC(27) - age   1:    1794608 bytes,    1794608 total
[2024-02-17T21:34:34.030+0000][7][gc,age      ] GC(27) - age   2:       9776 bytes,    1804384 total
[2024-02-17T21:34:34.030+0000][7][gc,age      ] GC(27) - age   3:      27264 bytes,    1831648 total
[2024-02-17T21:34:34.030+0000][7][gc,age      ] GC(27) - age   4:       9632 bytes,    1841280 total
[2024-02-17T21:34:34.030+0000][7][gc,age      ] GC(27) - age   5:      21616 bytes,    1862896 total
[2024-02-17T21:34:34.030+0000][7][gc,age      ] GC(27) - age   6:      26984 bytes,    1889880 total
[2024-02-17T21:34:34.030+0000][7][gc,age      ] GC(27) - age   7:     206072 bytes,    2095952 total
[2024-02-17T21:34:34.030+0000][7][gc,age      ] GC(27) - age   8:      74168 bytes,    2170120 total
[2024-02-17T21:34:34.030+0000][7][gc,age      ] GC(27) - age   9:     362720 bytes,    2532840 total
[2024-02-17T21:34:34.030+0000][7][gc,age      ] GC(27) - age  10:    1174192 bytes,    3707032 total
[2024-02-17T21:34:34.030+0000][7][gc,age      ] GC(27) - age  11:    1734440 bytes,    5441472 total
[2024-02-17T21:34:34.030+0000][7][gc,age      ] GC(27) - age  12:      84256 bytes,    5525728 total
[2024-02-17T21:34:34.030+0000][7][gc,age      ] GC(27) - age  14:    5210288 bytes,   10736016 total
[2024-02-17T21:34:34.030+0000][7][gc,age      ] GC(27) - age  15:    1021072 bytes,   11757088 total
[2024-02-17T21:34:34.030+0000][7][gc,heap     ] GC(27) Eden regions: 147->0(149)
[2024-02-17T21:34:34.030+0000][7][gc,heap     ] GC(27) Survivor regions: 6->4(20)
[2024-02-17T21:34:34.030+0000][7][gc,heap     ] GC(27) Old regions: 16->19
[2024-02-17T21:34:34.030+0000][7][gc,heap     ] GC(27) Archive regions: 2->2
[2024-02-17T21:34:34.030+0000][7][gc,heap     ] GC(27) Humongous regions: 0->0
[2024-02-17T21:34:34.030+0000][7][gc,metaspace] GC(27) Metaspace: 124897K(128384K)->124897K(128384K) NonClass: 108511K(110272K)->108511K(110272K) Class: 16385K(18112K)->16385K(18112K)
[2024-02-17T21:34:34.030+0000][7][gc          ] GC(27) Pause Young (Normal) (G1 Evacuation Pause) 678M->91M(1024M) 18.136ms
[2024-02-17T21:34:34.030+0000][7][gc,cpu      ] GC(27) User=0.12s Sys=0.00s Real=0.02s
[2024-02-17T21:34:34.030+0000][7][safepoint   ] Safepoint "G1CollectForAllocation", Time since last: 11930116566 ns, Reaching safepoint: 51278 ns, At safepoint: 18226181 ns, Total: 18277459 ns
[2024-02-17T21:34:35.031+0000][7][safepoint   ] Safepoint "Cleanup", Time since last: 1000140398 ns, Reaching safepoint: 104271 ns, At safepoint: 5380 ns, Total: 109651 ns
[2024-02-17T21:34:37.031+0000][7][safepoint   ] Safepoint "Cleanup", Time since last: 2000234620 ns, Reaching safepoint: 58183 ns, At safepoint: 7417 ns, Total: 65600 ns
[2024-02-17T21:34:40.031+0000][7][safepoint   ] Safepoint "Cleanup", Time since last: 3000320295 ns, Reaching safepoint: 56633 ns, At safepoint: 6246 ns, Total: 62879 ns
[2024-02-17T21:34:46.032+0000][7][safepoint   ] Safepoint "Cleanup", Time since last: 6001036156 ns, Reaching safepoint: 76668 ns, At safepoint: 6904 ns, Total: 83572 ns
[2024-02-17T21:34:50.033+0000][7][safepoint   ] Safepoint "Cleanup", Time since last: 4000352148 ns, Reaching safepoint: 94315 ns, At safepoint: 4445 ns, Total: 98760 ns
[2024-02-17T21:34:52.033+0000][7][safepoint   ] Safepoint "Cleanup", Time since last: 2000221386 ns, Reaching safepoint: 44271 ns, At safepoint: 4492 ns, Total: 48763 ns
[2024-02-17T21:34:54.034+0000][7][safepoint   ] Safepoint "Cleanup", Time since last: 2000230752 ns, Reaching safepoint: 106402 ns, At safepoint: 23782 ns, Total: 130184 ns
[2024-02-17T21:34:56.034+0000][7][safepoint   ] Safepoint "Cleanup", Time since last: 2000255346 ns, Reaching safepoint: 84965 ns, At safepoint: 12505 ns, Total: 97470 ns
[2024-02-17T21:34:58.034+0000][7][safepoint   ] Safepoint "Cleanup", Time since last: 2000248466 ns, Reaching safepoint: 48418 ns, At safepoint: 4604 ns, Total: 53022 ns
[2024-02-17T21:35:04.035+0000][7][safepoint   ] Safepoint "Cleanup", Time since last: 6000564342 ns, Reaching safepoint: 68437 ns, At safepoint: 6802 ns, Total: 75239 ns
[2024-02-17T21:35:13.036+0000][7][safepoint   ] Safepoint "Cleanup", Time since last: 9001000186 ns, Reaching safepoint: 68797 ns, At safepoint: 3057 ns, Total: 71854 ns
[2024-02-17T21:35:25.037+0000][7][safepoint   ] Safepoint "Cleanup", Time since last: 12001338798 ns, Reaching safepoint: 70379 ns, At safepoint: 4223 ns, Total: 74602 ns
[2024-02-17T21:35:34.038+0000][7][safepoint   ] Safepoint "Cleanup", Time since last: 9000791333 ns, Reaching safepoint: 102163 ns, At safepoint: 27427 ns, Total: 129590 ns
[2024-02-17T21:35:39.039+0000][7][safepoint   ] Safepoint "Cleanup", Time since last: 5000571080 ns, Reaching safepoint: 82704 ns, At safepoint: 16830 ns, Total: 99534 ns
[2024-02-17T21:35:41.039+0000][7][safepoint   ] Safepoint "Cleanup", Time since last: 2000253939 ns, Reaching safepoint: 65790 ns, At safepoint: 8728 ns, Total: 74518 ns
[2024-02-17T21:35:52.041+0000][7][safepoint   ] Safepoint "Cleanup", Time since last: 11001512443 ns, Reaching safepoint: 62725 ns, At safepoint: 6746 ns, Total: 69471 ns
[2024-02-17T21:36:04.042+0000][7][safepoint   ] Safepoint "Cleanup", Time since last: 12001179510 ns, Reaching safepoint: 80496 ns, At safepoint: 6492 ns, Total: 86988 ns
[2024-02-17T21:36:05.042+0000][7][safepoint   ] Safepoint "Cleanup", Time since last: 1000120251 ns, Reaching safepoint: 41488 ns, At safepoint: 4389 ns, Total: 45877 ns
[2024-02-17T21:36:07.043+0000][7][safepoint   ] Safepoint "Cleanup", Time since last: 2000191350 ns, Reaching safepoint: 74529 ns, At safepoint: 8608 ns, Total: 83137 ns
[2024-02-17T21:36:10.043+0000][7][safepoint   ] Safepoint "Cleanup", Time since last: 3000355134 ns, Reaching safepoint: 73731 ns, At safepoint: 8683 ns, Total: 82414 ns
[2024-02-17T21:36:11.043+0000][7][safepoint   ] Safepoint "Cleanup", Time since last: 1000158128 ns, Reaching safepoint: 76085 ns, At safepoint: 6755 ns, Total: 82840 ns
[2024-02-17T21:36:16.044+0000][7][safepoint   ] Safepoint "Cleanup", Time since last: 5000964847 ns, Reaching safepoint: 86594 ns, At safepoint: 7122 ns, Total: 93716 ns
[2024-02-17T21:36:22.045+0000][7][safepoint   ] Safepoint "Cleanup", Time since last: 6000719244 ns, Reaching safepoint: 74446 ns, At safepoint: 7672 ns, Total: 82118 ns
[2024-02-17T21:36:23.045+0000][7][safepoint   ] Safepoint "Cleanup", Time since last: 1000224267 ns, Reaching safepoint: 88630 ns, At safepoint: 8404 ns, Total: 97034 ns
[2024-02-17T21:36:28.046+0000][7][safepoint   ] Safepoint "Cleanup", Time since last: 5000448330 ns, Reaching safepoint: 64132 ns, At safepoint: 10875 ns, Total: 75007 ns
[2024-02-17T21:36:29.046+0000][7][safepoint   ] Safepoint "Cleanup", Time since last: 1000155079 ns, Reaching safepoint: 88454 ns, At safepoint: 8116 ns, Total: 96570 ns
[2024-02-17T21:36:59.050+0000][7][safepoint   ] Safepoint "Cleanup", Time since last: 30003380709 ns, Reaching safepoint: 55157 ns, At safepoint: 7203 ns, Total: 62360 ns
[2024-02-17T21:37:04.050+0000][7][safepoint   ] Safepoint "Cleanup", Time since last: 5000430712 ns, Reaching safepoint: 55480 ns, At safepoint: 5262 ns, Total: 60742 ns
[2024-02-17T21:37:22.052+0000][7][safepoint   ] Safepoint "Cleanup", Time since last: 18001970278 ns, Reaching safepoint: 100484 ns, At safepoint: 6238 ns, Total: 106722 ns
[2024-02-17T21:37:23.052+0000][7][safepoint   ] Safepoint "Cleanup", Time since last: 1000120054 ns, Reaching safepoint: 73095 ns, At safepoint: 3611 ns, Total: 76706 ns
[2024-02-17T21:37:28.053+0000][7][safepoint   ] Safepoint "Cleanup", Time since last: 5000582177 ns, Reaching safepoint: 54582 ns, At safepoint: 5529 ns, Total: 60111 ns
[2024-02-17T21:37:31.054+0000][7][safepoint   ] Safepoint "Cleanup", Time since last: 3000459683 ns, Reaching safepoint: 68128 ns, At safepoint: 8132 ns, Total: 76260 ns
[2024-02-17T21:37:43.055+0000][7][safepoint   ] Safepoint "Cleanup", Time since last: 12001156667 ns, Reaching safepoint: 93703 ns, At safepoint: 18208 ns, Total: 111911 ns
[2024-02-17T21:37:53.056+0000][7][safepoint   ] Safepoint "Cleanup", Time since last: 10001307943 ns, Reaching safepoint: 89626 ns, At safepoint: 10423 ns, Total: 100049 ns
[2024-02-17T21:37:58.057+0000][7][safepoint   ] Safepoint "Cleanup", Time since last: 5000643156 ns, Reaching safepoint: 69536 ns, At safepoint: 8220 ns, Total: 77756 ns
[2024-02-17T21:38:01.057+0000][7][safepoint   ] Safepoint "Cleanup", Time since last: 3000432692 ns, Reaching safepoint: 71747 ns, At safepoint: 7947 ns, Total: 79694 ns
[2024-02-17T21:38:04.058+0000][7][safepoint   ] Safepoint "Cleanup", Time since last: 3000268816 ns, Reaching safepoint: 93074 ns, At safepoint: 30136 ns, Total: 123210 ns
[2024-02-17T21:38:04.522+0000][7][gc,start    ] GC(28) Pause Young (Normal) (G1 Evacuation Pause)
[2024-02-17T21:38:04.522+0000][7][gc,task     ] GC(28) Using 8 workers of 8 for evacuation
[2024-02-17T21:38:04.522+0000][7][gc,age      ] GC(28) Desired survivor size 41943040 bytes, new threshold 15 (max threshold 15)
[2024-02-17T21:38:04.532+0000][7][gc,phases   ] GC(28)   Pre Evacuate Collection Set: 0.1ms
[2024-02-17T21:38:04.532+0000][7][gc,phases   ] GC(28)   Merge Heap Roots: 0.1ms
[2024-02-17T21:38:04.532+0000][7][gc,phases   ] GC(28)   Evacuate Collection Set: 8.4ms
[2024-02-17T21:38:04.532+0000][7][gc,phases   ] GC(28)   Post Evacuate Collection Set: 1.2ms
[2024-02-17T21:38:04.532+0000][7][gc,phases   ] GC(28)   Other: 0.1ms
[2024-02-17T21:38:04.532+0000][7][gc,age      ] GC(28) Age table with threshold 15 (max threshold 15)
[2024-02-17T21:38:04.532+0000][7][gc,age      ] GC(28) - age   1:    1134392 bytes,    1134392 total
[2024-02-17T21:38:04.532+0000][7][gc,age      ] GC(28) - age   2:      37440 bytes,    1171832 total
[2024-02-17T21:38:04.532+0000][7][gc,age      ] GC(28) - age   3:       7472 bytes,    1179304 total
[2024-02-17T21:38:04.532+0000][7][gc,age      ] GC(28) - age   4:      23088 bytes,    1202392 total
[2024-02-17T21:38:04.532+0000][7][gc,age      ] GC(28) - age   5:       8792 bytes,    1211184 total
[2024-02-17T21:38:04.532+0000][7][gc,age      ] GC(28) - age   6:      21040 bytes,    1232224 total
[2024-02-17T21:38:04.532+0000][7][gc,age      ] GC(28) - age   7:      26600 bytes,    1258824 total
[2024-02-17T21:38:04.532+0000][7][gc,age      ] GC(28) - age   8:     206040 bytes,    1464864 total
[2024-02-17T21:38:04.532+0000][7][gc,age      ] GC(28) - age   9:      74168 bytes,    1539032 total
[2024-02-17T21:38:04.532+0000][7][gc,age      ] GC(28) - age  10:     362720 bytes,    1901752 total
[2024-02-17T21:38:04.532+0000][7][gc,age      ] GC(28) - age  11:    1174008 bytes,    3075760 total
[2024-02-17T21:38:04.532+0000][7][gc,age      ] GC(28) - age  12:    1734440 bytes,    4810200 total
[2024-02-17T21:38:04.532+0000][7][gc,age      ] GC(28) - age  13:      84256 bytes,    4894456 total
[2024-02-17T21:38:04.532+0000][7][gc,age      ] GC(28) - age  15:    5210288 bytes,   10104744 total
[2024-02-17T21:38:04.532+0000][7][gc,heap     ] GC(28) Eden regions: 149->0(150)
[2024-02-17T21:38:04.532+0000][7][gc,heap     ] GC(28) Survivor regions: 4->3(20)
[2024-02-17T21:38:04.532+0000][7][gc,heap     ] GC(28) Old regions: 19->19
[2024-02-17T21:38:04.532+0000][7][gc,heap     ] GC(28) Archive regions: 2->2
[2024-02-17T21:38:04.532+0000][7][gc,heap     ] GC(28) Humongous regions: 0->0
[2024-02-17T21:38:04.532+0000][7][gc,metaspace] GC(28) Metaspace: 124953K(128512K)->124953K(128512K) NonClass: 108565K(110400K)->108565K(110400K) Class: 16387K(18112K)->16387K(18112K)
[2024-02-17T21:38:04.532+0000][7][gc          ] GC(28) Pause Young (Normal) (G1 Evacuation Pause) 687M->90M(1024M) 10.282ms
[2024-02-17T21:38:04.532+0000][7][gc,cpu      ] GC(28) User=0.05s Sys=0.00s Real=0.01s
[2024-02-17T21:38:04.532+0000][7][safepoint   ] Safepoint "G1CollectForAllocation", Time since last: 463521915 ns, Reaching safepoint: 92405 ns, At safepoint: 10426835 ns, Total: 10519240 ns
[2024-02-17T21:38:11.533+0000][7][safepoint   ] Safepoint "Cleanup", Time since last: 7000726873 ns, Reaching safepoint: 92475 ns, At safepoint: 5882 ns, Total: 98357 ns
[2024-02-17T21:38:16.533+0000][7][safepoint   ] Safepoint "Cleanup", Time since last: 5000592828 ns, Reaching safepoint: 66590 ns, At safepoint: 6827 ns, Total: 73417 ns
[2024-02-17T21:38:31.535+0000][7][safepoint   ] Safepoint "Cleanup", Time since last: 15001383910 ns, Reaching safepoint: 54645 ns, At safepoint: 5590 ns, Total: 60235 ns
[2024-02-17T21:38:34.535+0000][7][safepoint   ] Safepoint "Cleanup", Time since last: 3000492068 ns, Reaching safepoint: 69862 ns, At safepoint: 6850 ns, Total: 76712 ns
[2024-02-17T21:38:40.536+0000][7][safepoint   ] Safepoint "Cleanup", Time since last: 6000950509 ns, Reaching safepoint: 88541 ns, At safepoint: 8163 ns, Total: 96704 ns
[2024-02-17T21:38:41.537+0000][7][safepoint   ] Safepoint "Cleanup", Time since last: 1000259355 ns, Reaching safepoint: 84342 ns, At safepoint: 8479 ns, Total: 92821 ns
[2024-02-17T21:38:52.538+0000][7][safepoint   ] Safepoint "Cleanup", Time since last: 11001065592 ns, Reaching safepoint: 61646 ns, At safepoint: 8417 ns, Total: 70063 ns
[2024-02-17T21:38:53.538+0000][7][safepoint   ] Safepoint "Cleanup", Time since last: 1000159710 ns, Reaching safepoint: 72309 ns, At safepoint: 7098 ns, Total: 79407 ns
[2024-02-17T21:38:55.538+0000][7][safepoint   ] Safepoint "Cleanup", Time since last: 2000223630 ns, Reaching safepoint: 62181 ns, At safepoint: 7137 ns, Total: 69318 ns
[2024-02-17T21:38:58.539+0000][7][safepoint   ] Safepoint "Cleanup", Time since last: 3000292071 ns, Reaching safepoint: 67681 ns, At safepoint: 5696 ns, Total: 73377 ns
[2024-02-17T21:39:04.540+0000][7][safepoint   ] Safepoint "Cleanup", Time since last: 6000685670 ns, Reaching safepoint: 72238 ns, At safepoint: 6537 ns, Total: 78775 ns
[2024-02-17T21:39:10.540+0000][7][safepoint   ] Safepoint "Cleanup", Time since last: 6000583417 ns, Reaching safepoint: 78623 ns, At safepoint: 7138 ns, Total: 85761 ns
[2024-02-17T21:39:14.786+0000][7][safepoint   ] Safepoint "Cleanup", Time since last: 5000521711 ns, Reaching safepoint: 85939 ns, At safepoint: 9977 ns, Total: 95916 ns
[2024-02-17T21:39:21.787+0000][7][safepoint   ] Safepoint "Cleanup", Time since last: 7000754577 ns, Reaching safepoint: 78194 ns, At safepoint: 7260 ns, Total: 85454 ns
[2024-02-17T21:39:33.788+0000][7][safepoint   ] Safepoint "Cleanup", Time since last: 12001095650 ns, Reaching safepoint: 56423 ns, At safepoint: 5360 ns, Total: 61783 ns
[2024-02-17T21:39:36.789+0000][7][safepoint   ] Safepoint "Cleanup", Time since last: 3000400593 ns, Reaching safepoint: 93870 ns, At safepoint: 7014 ns, Total: 100884 ns
[2024-02-17T21:39:39.462+0000][7][safepoint   ] Safepoint "Cleanup", Time since last: 2672678829 ns, Reaching safepoint: 98363 ns, At safepoint: 5094 ns, Total: 103457 ns
[2024-02-17T21:39:40.462+0000][7][safepoint   ] Safepoint "Cleanup", Time since last: 1000125224 ns, Reaching safepoint: 85463 ns, At safepoint: 6624 ns, Total: 92087 ns
[2024-02-17T21:39:43.462+0000][7][safepoint   ] Safepoint "Cleanup", Time since last: 3000390866 ns, Reaching safepoint: 71117 ns, At safepoint: 4989 ns, Total: 76106 ns
[2024-02-17T21:39:51.464+0000][7][safepoint   ] Safepoint "Cleanup", Time since last: 8001133275 ns, Reaching safepoint: 80075 ns, At safepoint: 11032 ns, Total: 91107 ns
[2024-02-17T21:39:53.464+0000][7][safepoint   ] Safepoint "Cleanup", Time since last: 2000300271 ns, Reaching safepoint: 82876 ns, At safepoint: 8535 ns, Total: 91411 ns
[2024-02-17T21:39:54.464+0000][7][safepoint   ] Safepoint "Cleanup", Time since last: 1000156038 ns, Reaching safepoint: 57519 ns, At safepoint: 6613 ns, Total: 64132 ns
[2024-02-17T21:39:55.464+0000][7][safepoint   ] Safepoint "Cleanup", Time since last: 1000129787 ns, Reaching safepoint: 53901 ns, At safepoint: 5507 ns, Total: 59408 ns
[2024-02-17T21:39:57.465+0000][7][safepoint   ] Safepoint "Cleanup", Time since last: 2000311694 ns, Reaching safepoint: 63892 ns, At safepoint: 9715 ns, Total: 73607 ns
[2024-02-17T21:40:03.466+0000][7][safepoint   ] Safepoint "Cleanup", Time since last: 6000797546 ns, Reaching safepoint: 74138 ns, At safepoint: 6428 ns, Total: 80566 ns
[2024-02-17T21:40:09.467+0000][7][safepoint   ] Safepoint "Cleanup", Time since last: 6000824366 ns, Reaching safepoint: 54852 ns, At safepoint: 5232 ns, Total: 60084 ns
[2024-02-17T21:40:12.467+0000][7][safepoint   ] Safepoint "Cleanup", Time since last: 3000474992 ns, Reaching safepoint: 98888 ns, At safepoint: 8232 ns, Total: 107120 ns
[2024-02-17T21:40:15.467+0000][7][safepoint   ] Safepoint "Cleanup", Time since last: 3000303971 ns, Reaching safepoint: 90812 ns, At safepoint: 10087 ns, Total: 100899 ns
[2024-02-17T21:40:21.468+0000][7][safepoint   ] Safepoint "Cleanup", Time since last: 6000534705 ns, Reaching safepoint: 54988 ns, At safepoint: 4628 ns, Total: 59616 ns
[2024-02-17T21:40:22.468+0000][7][safepoint   ] Safepoint "Cleanup", Time since last: 1000132421 ns, Reaching safepoint: 104784 ns, At safepoint: 6753 ns, Total: 111537 ns
[2024-02-17T21:40:27.469+0000][7][safepoint   ] Safepoint "Cleanup", Time since last: 5000615420 ns, Reaching safepoint: 81206 ns, At safepoint: 7684 ns, Total: 88890 ns
[2024-02-17T21:40:33.008+0000][7][safepoint   ] Safepoint "Cleanup", Time since last: 6000813310 ns, Reaching safepoint: 100903 ns, At safepoint: 6785 ns, Total: 107688 ns
[2024-02-17T21:40:51.009+0000][7][safepoint   ] Safepoint "Cleanup", Time since last: 18001538104 ns, Reaching safepoint: 66037 ns, At safepoint: 7225 ns, Total: 73262 ns
[2024-02-17T21:41:03.011+0000][7][safepoint   ] Safepoint "Cleanup", Time since last: 12001566130 ns, Reaching safepoint: 81079 ns, At safepoint: 12123 ns, Total: 93202 ns
[2024-02-17T21:41:05.012+0000][7][safepoint   ] Safepoint "Cleanup", Time since last: 2000457377 ns, Reaching safepoint: 79928 ns, At safepoint: 8775 ns, Total: 88703 ns
[2024-02-17T21:41:15.014+0000][7][safepoint   ] Safepoint "Cleanup", Time since last: 10002008107 ns, Reaching safepoint: 121295 ns, At safepoint: 7137 ns, Total: 128432 ns
[2024-02-17T21:41:33.016+0000][7][safepoint   ] Safepoint "Cleanup", Time since last: 18002230482 ns, Reaching safepoint: 57587 ns, At safepoint: 5458 ns, Total: 63045 ns
[2024-02-17T21:41:36.016+0000][7][safepoint   ] Safepoint "Cleanup", Time since last: 3000411498 ns, Reaching safepoint: 51806 ns, At safepoint: 4874 ns, Total: 56680 ns
[2024-02-17T21:41:45.376+0000][7][gc,start    ] GC(29) Pause Young (Normal) (G1 Evacuation Pause)
[2024-02-17T21:41:45.376+0000][7][gc,task     ] GC(29) Using 8 workers of 8 for evacuation
[2024-02-17T21:41:45.376+0000][7][gc,age      ] GC(29) Desired survivor size 41943040 bytes, new threshold 15 (max threshold 15)
[2024-02-17T21:41:45.384+0000][7][gc,phases   ] GC(29)   Pre Evacuate Collection Set: 0.1ms
[2024-02-17T21:41:45.384+0000][7][gc,phases   ] GC(29)   Merge Heap Roots: 0.1ms
[2024-02-17T21:41:45.384+0000][7][gc,phases   ] GC(29)   Evacuate Collection Set: 7.0ms
[2024-02-17T21:41:45.384+0000][7][gc,phases   ] GC(29)   Post Evacuate Collection Set: 1.0ms
[2024-02-17T21:41:45.384+0000][7][gc,phases   ] GC(29)   Other: 0.1ms
[2024-02-17T21:41:45.384+0000][7][gc,age      ] GC(29) Age table with threshold 15 (max threshold 15)
[2024-02-17T21:41:45.384+0000][7][gc,age      ] GC(29) - age   1:    1835696 bytes,    1835696 total
[2024-02-17T21:41:45.384+0000][7][gc,age      ] GC(29) - age   2:      31848 bytes,    1867544 total
[2024-02-17T21:41:45.384+0000][7][gc,age      ] GC(29) - age   3:      26744 bytes,    1894288 total
[2024-02-17T21:41:45.384+0000][7][gc,age      ] GC(29) - age   4:       7472 bytes,    1901760 total
[2024-02-17T21:41:45.384+0000][7][gc,age      ] GC(29) - age   5:      23088 bytes,    1924848 total
[2024-02-17T21:41:45.384+0000][7][gc,age      ] GC(29) - age   6:       8792 bytes,    1933640 total
[2024-02-17T21:41:45.384+0000][7][gc,age      ] GC(29) - age   7:      21040 bytes,    1954680 total
[2024-02-17T21:41:45.384+0000][7][gc,age      ] GC(29) - age   8:      26600 bytes,    1981280 total
[2024-02-17T21:41:45.384+0000][7][gc,age      ] GC(29) - age   9:     206040 bytes,    2187320 total
[2024-02-17T21:41:45.384+0000][7][gc,age      ] GC(29) - age  10:      74168 bytes,    2261488 total
[2024-02-17T21:41:45.384+0000][7][gc,age      ] GC(29) - age  11:     362720 bytes,    2624208 total
[2024-02-17T21:41:45.384+0000][7][gc,age      ] GC(29) - age  12:    1174008 bytes,    3798216 total
[2024-02-17T21:41:45.384+0000][7][gc,age      ] GC(29) - age  13:    1734440 bytes,    5532656 total
[2024-02-17T21:41:45.384+0000][7][gc,age      ] GC(29) - age  14:      84256 bytes,    5616912 total
[2024-02-17T21:41:45.384+0000][7][gc,heap     ] GC(29) Eden regions: 150->0(151)
[2024-02-17T21:41:45.384+0000][7][gc,heap     ] GC(29) Survivor regions: 3->2(20)
[2024-02-17T21:41:45.384+0000][7][gc,heap     ] GC(29) Old regions: 19->21
[2024-02-17T21:41:45.384+0000][7][gc,heap     ] GC(29) Archive regions: 2->2
[2024-02-17T21:41:45.384+0000][7][gc,heap     ] GC(29) Humongous regions: 0->0
[2024-02-17T21:41:45.384+0000][7][gc,metaspace] GC(29) Metaspace: 124986K(128512K)->124986K(128512K) NonClass: 108598K(110400K)->108598K(110400K) Class: 16387K(18112K)->16387K(18112K)
[2024-02-17T21:41:45.384+0000][7][gc          ] GC(29) Pause Young (Normal) (G1 Evacuation Pause) 690M->91M(1024M) 8.561ms
[2024-02-17T21:41:45.384+0000][7][gc,cpu      ] GC(29) User=0.05s Sys=0.00s Real=0.01s
[2024-02-17T21:41:45.384+0000][7][safepoint   ] Safepoint "G1CollectForAllocation", Time since last: 8779244045 ns, Reaching safepoint: 39211 ns, At safepoint: 8650592 ns, Total: 8689803 ns
[2024-02-17T21:41:52.385+0000][7][safepoint   ] Safepoint "Cleanup", Time since last: 7000812304 ns, Reaching safepoint: 55762 ns, At safepoint: 6061 ns, Total: 61823 ns
[2024-02-17T21:42:03.386+0000][7][safepoint   ] Safepoint "Cleanup", Time since last: 11000943802 ns, Reaching safepoint: 87588 ns, At safepoint: 7411 ns, Total: 94999 ns
[2024-02-17T21:42:09.387+0000][7][safepoint   ] Safepoint "Cleanup", Time since last: 6000599572 ns, Reaching safepoint: 123358 ns, At safepoint: 6531 ns, Total: 129889 ns
[2024-02-17T21:42:20.838+0000][7][safepoint   ] Safepoint "Cleanup", Time since last: 12001313826 ns, Reaching safepoint: 147983 ns, At safepoint: 7773 ns, Total: 155756 ns
[2024-02-17T21:42:21.838+0000][7][safepoint   ] Safepoint "Cleanup", Time since last: 1000145546 ns, Reaching safepoint: 55867 ns, At safepoint: 6010 ns, Total: 61877 ns
[2024-02-17T21:42:49.842+0000][7][safepoint   ] Safepoint "Cleanup", Time since last: 28003556180 ns, Reaching safepoint: 72080 ns, At safepoint: 7421 ns, Total: 79501 ns
[2024-02-17T21:42:56.843+0000][7][safepoint   ] Safepoint "Cleanup", Time since last: 7000690037 ns, Reaching safepoint: 56492 ns, At safepoint: 6767 ns, Total: 63259 ns
[2024-02-17T21:42:57.843+0000][7][safepoint   ] Safepoint "Cleanup", Time since last: 1000131511 ns, Reaching safepoint: 128368 ns, At safepoint: 7804 ns, Total: 136172 ns
[2024-02-17T21:42:59.843+0000][7][safepoint   ] Safepoint "Cleanup", Time since last: 2000240001 ns, Reaching safepoint: 61919 ns, At safepoint: 7469 ns, Total: 69388 ns
[2024-02-17T21:43:02.844+0000][7][safepoint   ] Safepoint "Cleanup", Time since last: 3000310268 ns, Reaching safepoint: 55926 ns, At safepoint: 7082 ns, Total: 63008 ns
[2024-02-17T21:43:35.847+0000][7][safepoint   ] Safepoint "Cleanup", Time since last: 33003439707 ns, Reaching safepoint: 68279 ns, At safepoint: 9954 ns, Total: 78233 ns
[2024-02-17T21:43:38.847+0000][7][safepoint   ] Safepoint "Cleanup", Time since last: 3000267121 ns, Reaching safepoint: 63363 ns, At safepoint: 6553 ns, Total: 69916 ns
[2024-02-17T21:43:41.848+0000][7][safepoint   ] Safepoint "Cleanup", Time since last: 3000305040 ns, Reaching safepoint: 54463 ns, At safepoint: 5433 ns, Total: 59896 ns
[2024-02-17T21:43:45.848+0000][7][safepoint   ] Safepoint "Cleanup", Time since last: 4000591413 ns, Reaching safepoint: 66659 ns, At safepoint: 6319 ns, Total: 72978 ns
[2024-02-17T21:43:56.850+0000][7][safepoint   ] Safepoint "Cleanup", Time since last: 11001462363 ns, Reaching safepoint: 46142 ns, At safepoint: 3706 ns, Total: 49848 ns
[2024-02-17T21:43:57.850+0000][7][safepoint   ] Safepoint "Cleanup", Time since last: 1000103102 ns, Reaching safepoint: 39565 ns, At safepoint: 3548 ns, Total: 43113 ns
[2024-02-17T21:44:14.852+0000][7][safepoint   ] Safepoint "Cleanup", Time since last: 17001558709 ns, Reaching safepoint: 63749 ns, At safepoint: 5857 ns, Total: 69606 ns
[2024-02-17T21:44:20.853+0000][7][safepoint   ] Safepoint "Cleanup", Time since last: 6000924124 ns, Reaching safepoint: 93858 ns, At safepoint: 5837 ns, Total: 99695 ns
[2024-02-17T21:44:33.854+0000][7][safepoint   ] Safepoint "Cleanup", Time since last: 13001599324 ns, Reaching safepoint: 67528 ns, At safepoint: 8175 ns, Total: 75703 ns
[2024-02-17T21:44:41.855+0000][7][safepoint   ] Safepoint "Cleanup", Time since last: 8000838658 ns, Reaching safepoint: 103944 ns, At safepoint: 7275 ns, Total: 111219 ns
[2024-02-17T21:44:45.856+0000][7][safepoint   ] Safepoint "Cleanup", Time since last: 4000386172 ns, Reaching safepoint: 100096 ns, At safepoint: 7078 ns, Total: 107174 ns
[2024-02-17T21:44:47.856+0000][7][safepoint   ] Safepoint "Cleanup", Time since last: 2000276800 ns, Reaching safepoint: 58539 ns, At safepoint: 8598 ns, Total: 67137 ns
[2024-02-17T21:44:53.857+0000][7][safepoint   ] Safepoint "Cleanup", Time since last: 6000815644 ns, Reaching safepoint: 52388 ns, At safepoint: 9204 ns, Total: 61592 ns
[2024-02-17T21:44:54.857+0000][7][safepoint   ] Safepoint "Cleanup", Time since last: 1000123258 ns, Reaching safepoint: 116521 ns, At safepoint: 29441 ns, Total: 145962 ns
[2024-02-17T21:44:57.929+0000][7][safepoint   ] Safepoint "Cleanup", Time since last: 2000281434 ns, Reaching safepoint: 129527 ns, At safepoint: 7108 ns, Total: 136635 ns
[2024-02-17T21:44:58.929+0000][7][safepoint   ] Safepoint "Cleanup", Time since last: 1000212243 ns, Reaching safepoint: 160596 ns, At safepoint: 11256 ns, Total: 171852 ns
[2024-02-17T21:45:03.929+0000][7][safepoint   ] Safepoint "Cleanup", Time since last: 5000518728 ns, Reaching safepoint: 59923 ns, At safepoint: 5412 ns, Total: 65335 ns
[2024-02-17T21:45:16.173+0000][7][gc,start    ] GC(30) Pause Young (Normal) (G1 Evacuation Pause)
[2024-02-17T21:45:16.173+0000][7][gc,task     ] GC(30) Using 8 workers of 8 for evacuation
[2024-02-17T21:45:16.173+0000][7][gc,age      ] GC(30) Desired survivor size 41943040 bytes, new threshold 15 (max threshold 15)
[2024-02-17T21:45:16.182+0000][7][gc,phases   ] GC(30)   Pre Evacuate Collection Set: 0.1ms
[2024-02-17T21:45:16.182+0000][7][gc,phases   ] GC(30)   Merge Heap Roots: 0.1ms
[2024-02-17T21:45:16.182+0000][7][gc,phases   ] GC(30)   Evacuate Collection Set: 6.9ms
[2024-02-17T21:45:16.182+0000][7][gc,phases   ] GC(30)   Post Evacuate Collection Set: 1.1ms
[2024-02-17T21:45:16.182+0000][7][gc,phases   ] GC(30)   Other: 0.1ms
[2024-02-17T21:45:16.182+0000][7][gc,age      ] GC(30) Age table with threshold 15 (max threshold 15)
[2024-02-17T21:45:16.182+0000][7][gc,age      ] GC(30) - age   1:    1384112 bytes,    1384112 total
[2024-02-17T21:45:16.182+0000][7][gc,age      ] GC(30) - age   2:      16120 bytes,    1400232 total
[2024-02-17T21:45:16.182+0000][7][gc,age      ] GC(30) - age   3:      18128 bytes,    1418360 total
[2024-02-17T21:45:16.182+0000][7][gc,age      ] GC(30) - age   4:      26744 bytes,    1445104 total
[2024-02-17T21:45:16.182+0000][7][gc,age      ] GC(30) - age   5:       7472 bytes,    1452576 total
[2024-02-17T21:45:16.182+0000][7][gc,age      ] GC(30) - age   6:      22904 bytes,    1475480 total
[2024-02-17T21:45:16.182+0000][7][gc,age      ] GC(30) - age   7:       8760 bytes,    1484240 total
[2024-02-17T21:45:16.182+0000][7][gc,age      ] GC(30) - age   8:      21040 bytes,    1505280 total
[2024-02-17T21:45:16.182+0000][7][gc,age      ] GC(30) - age   9:      26600 bytes,    1531880 total
[2024-02-17T21:45:16.182+0000][7][gc,age      ] GC(30) - age  10:     206040 bytes,    1737920 total
[2024-02-17T21:45:16.182+0000][7][gc,age      ] GC(30) - age  11:      74168 bytes,    1812088 total
[2024-02-17T21:45:16.182+0000][7][gc,age      ] GC(30) - age  12:     362720 bytes,    2174808 total
[2024-02-17T21:45:16.182+0000][7][gc,age      ] GC(30) - age  13:    1174008 bytes,    3348816 total
[2024-02-17T21:45:16.182+0000][7][gc,age      ] GC(30) - age  14:    1734440 bytes,    5083256 total
[2024-02-17T21:45:16.182+0000][7][gc,age      ] GC(30) - age  15:      84256 bytes,    5167512 total
[2024-02-17T21:45:16.182+0000][7][gc,heap     ] GC(30) Eden regions: 151->0(151)
[2024-02-17T21:45:16.182+0000][7][gc,heap     ] GC(30) Survivor regions: 2->2(20)
[2024-02-17T21:45:16.182+0000][7][gc,heap     ] GC(30) Old regions: 21->21
[2024-02-17T21:45:16.182+0000][7][gc,heap     ] GC(30) Archive regions: 2->2
[2024-02-17T21:45:16.182+0000][7][gc,heap     ] GC(30) Humongous regions: 0->0
[2024-02-17T21:45:16.182+0000][7][gc,metaspace] GC(30) Metaspace: 125026K(128576K)->125026K(128576K) NonClass: 108638K(110464K)->108638K(110464K) Class: 16388K(18112K)->16388K(18112K)
[2024-02-17T21:45:16.182+0000][7][gc          ] GC(30) Pause Young (Normal) (G1 Evacuation Pause) 695M->90M(1024M) 8.618ms
[2024-02-17T21:45:16.182+0000][7][gc,cpu      ] GC(30) User=0.04s Sys=0.00s Real=0.01s
[2024-02-17T21:45:16.182+0000][7][safepoint   ] Safepoint "G1CollectForAllocation", Time since last: 12243626981 ns, Reaching safepoint: 70893 ns, At safepoint: 8721382 ns, Total: 8792275 ns
[2024-02-17T21:45:31.184+0000][7][safepoint   ] Safepoint "Cleanup", Time since last: 15002192949 ns, Reaching safepoint: 98096 ns, At safepoint: 6433 ns, Total: 104529 ns
[2024-02-17T21:45:49.187+0000][7][safepoint   ] Safepoint "Cleanup", Time since last: 18002613835 ns, Reaching safepoint: 50631 ns, At safepoint: 5818 ns, Total: 56449 ns
[2024-02-17T21:45:58.188+0000][7][safepoint   ] Safepoint "Cleanup", Time since last: 9001369637 ns, Reaching safepoint: 138669 ns, At safepoint: 9001 ns, Total: 147670 ns
[2024-02-17T21:46:04.189+0000][7][safepoint   ] Safepoint "Cleanup", Time since last: 6000586355 ns, Reaching safepoint: 89718 ns, At safepoint: 16695 ns, Total: 106413 ns
[2024-02-17T21:46:11.190+0000][7][safepoint   ] Safepoint "Cleanup", Time since last: 7000640377 ns, Reaching safepoint: 56253 ns, At safepoint: 30549 ns, Total: 86802 ns
[2024-02-17T21:46:39.193+0000][7][safepoint   ] Safepoint "Cleanup", Time since last: 28003540014 ns, Reaching safepoint: 57750 ns, At safepoint: 6638 ns, Total: 64388 ns
[2024-02-17T21:46:40.194+0000][7][safepoint   ] Safepoint "Cleanup", Time since last: 1000209109 ns, Reaching safepoint: 62358 ns, At safepoint: 7472 ns, Total: 69830 ns
[2024-02-17T21:46:46.631+0000][7][safepoint   ] Safepoint "Cleanup", Time since last: 6437437051 ns, Reaching safepoint: 42231 ns, At safepoint: 2409 ns, Total: 44640 ns
[2024-02-17T21:46:47.632+0000][7][safepoint   ] Safepoint "Cleanup", Time since last: 1000228527 ns, Reaching safepoint: 101590 ns, At safepoint: 9410 ns, Total: 111000 ns
[2024-02-17T21:46:49.632+0000][7][safepoint   ] Safepoint "Cleanup", Time since last: 2000398480 ns, Reaching safepoint: 83129 ns, At safepoint: 5041 ns, Total: 88170 ns
[2024-02-17T21:46:52.632+0000][7][safepoint   ] Safepoint "Cleanup", Time since last: 3000371451 ns, Reaching safepoint: 72999 ns, At safepoint: 5722 ns, Total: 78721 ns
[2024-02-17T21:47:28.637+0000][7][safepoint   ] Safepoint "Cleanup", Time since last: 36004579219 ns, Reaching safepoint: 100104 ns, At safepoint: 9004 ns, Total: 109108 ns
[2024-02-17T21:47:31.902+0000][7][safepoint   ] Safepoint "Cleanup", Time since last: 3265243736 ns, Reaching safepoint: 78937 ns, At safepoint: 6832 ns, Total: 85769 ns
[2024-02-17T21:47:52.906+0000][7][safepoint   ] Safepoint "Cleanup", Time since last: 21002990769 ns, Reaching safepoint: 97239 ns, At safepoint: 5429 ns, Total: 102668 ns
[2024-02-17T21:47:57.906+0000][7][safepoint   ] Safepoint "Cleanup", Time since last: 5000635454 ns, Reaching safepoint: 86371 ns, At safepoint: 10578 ns, Total: 96949 ns
[2024-02-17T21:48:03.907+0000][7][safepoint   ] Safepoint "Cleanup", Time since last: 6000844767 ns, Reaching safepoint: 166856 ns, At safepoint: 20779 ns, Total: 187635 ns
[2024-02-17T21:48:18.909+0000][7][safepoint   ] Safepoint "Cleanup", Time since last: 15001566958 ns, Reaching safepoint: 95305 ns, At safepoint: 6826 ns, Total: 102131 ns
[2024-02-17T21:48:21.909+0000][7][safepoint   ] Safepoint "Cleanup", Time since last: 3000257967 ns, Reaching safepoint: 72893 ns, At safepoint: 4847 ns, Total: 77740 ns
[2024-02-17T21:48:22.910+0000][7][safepoint   ] Safepoint "Cleanup", Time since last: 1000122817 ns, Reaching safepoint: 52620 ns, At safepoint: 6638 ns, Total: 59258 ns
[2024-02-17T21:48:40.912+0000][7][safepoint   ] Safepoint "Cleanup", Time since last: 18002309092 ns, Reaching safepoint: 107152 ns, At safepoint: 9964 ns, Total: 117116 ns
[2024-02-17T21:48:41.912+0000][7][safepoint   ] Safepoint "Cleanup", Time since last: 1000261662 ns, Reaching safepoint: 74170 ns, At safepoint: 9803 ns, Total: 83973 ns
[2024-02-17T21:48:53.944+0000][7][gc,start    ] GC(31) Pause Young (Normal) (G1 Evacuation Pause)
[2024-02-17T21:48:53.944+0000][7][gc,task     ] GC(31) Using 8 workers of 8 for evacuation
[2024-02-17T21:48:53.944+0000][7][gc,age      ] GC(31) Desired survivor size 41943040 bytes, new threshold 15 (max threshold 15)
[2024-02-17T21:48:53.951+0000][7][gc,phases   ] GC(31)   Pre Evacuate Collection Set: 0.1ms
[2024-02-17T21:48:53.951+0000][7][gc,phases   ] GC(31)   Merge Heap Roots: 0.1ms
[2024-02-17T21:48:53.951+0000][7][gc,phases   ] GC(31)   Evacuate Collection Set: 6.0ms
[2024-02-17T21:48:53.951+0000][7][gc,phases   ] GC(31)   Post Evacuate Collection Set: 1.2ms
[2024-02-17T21:48:53.951+0000][7][gc,phases   ] GC(31)   Other: 0.1ms
[2024-02-17T21:48:53.951+0000][7][gc,age      ] GC(31) Age table with threshold 15 (max threshold 15)
[2024-02-17T21:48:53.951+0000][7][gc,age      ] GC(31) - age   1:     633440 bytes,     633440 total
[2024-02-17T21:48:53.951+0000][7][gc,age      ] GC(31) - age   2:      24408 bytes,     657848 total
[2024-02-17T21:48:53.951+0000][7][gc,age      ] GC(31) - age   3:      14072 bytes,     671920 total
[2024-02-17T21:48:53.951+0000][7][gc,age      ] GC(31) - age   4:      18128 bytes,     690048 total
[2024-02-17T21:48:53.951+0000][7][gc,age      ] GC(31) - age   5:      26744 bytes,     716792 total
[2024-02-17T21:48:53.951+0000][7][gc,age      ] GC(31) - age   6:       7472 bytes,     724264 total
[2024-02-17T21:48:53.951+0000][7][gc,age      ] GC(31) - age   7:      22904 bytes,     747168 total
[2024-02-17T21:48:53.951+0000][7][gc,age      ] GC(31) - age   8:       8760 bytes,     755928 total
[2024-02-17T21:48:53.951+0000][7][gc,age      ] GC(31) - age   9:      21040 bytes,     776968 total
[2024-02-17T21:48:53.951+0000][7][gc,age      ] GC(31) - age  10:      26600 bytes,     803568 total
[2024-02-17T21:48:53.951+0000][7][gc,age      ] GC(31) - age  11:     206040 bytes,    1009608 total
[2024-02-17T21:48:53.951+0000][7][gc,age      ] GC(31) - age  12:      74168 bytes,    1083776 total
[2024-02-17T21:48:53.951+0000][7][gc,age      ] GC(31) - age  13:     362720 bytes,    1446496 total
[2024-02-17T21:48:53.951+0000][7][gc,age      ] GC(31) - age  14:    1174008 bytes,    2620504 total
[2024-02-17T21:48:53.951+0000][7][gc,age      ] GC(31) - age  15:    1734440 bytes,    4354944 total
[2024-02-17T21:48:53.951+0000][7][gc,heap     ] GC(31) Eden regions: 151->0(151)
[2024-02-17T21:48:53.951+0000][7][gc,heap     ] GC(31) Survivor regions: 2->2(20)
[2024-02-17T21:48:53.951+0000][7][gc,heap     ] GC(31) Old regions: 21->21
[2024-02-17T21:48:53.951+0000][7][gc,heap     ] GC(31) Archive regions: 2->2
[2024-02-17T21:48:53.951+0000][7][gc,heap     ] GC(31) Humongous regions: 0->0
[2024-02-17T21:48:53.951+0000][7][gc,metaspace] GC(31) Metaspace: 125078K(128576K)->125078K(128576K) NonClass: 108689K(110464K)->108689K(110464K) Class: 16388K(18112K)->16388K(18112K)
[2024-02-17T21:48:53.951+0000][7][gc          ] GC(31) Pause Young (Normal) (G1 Evacuation Pause) 694M->89M(1024M) 7.785ms
[2024-02-17T21:48:53.951+0000][7][gc,cpu      ] GC(31) User=0.03s Sys=0.00s Real=0.01s
[2024-02-17T21:48:53.951+0000][7][safepoint   ] Safepoint "G1CollectForAllocation", Time since last: 12031142349 ns, Reaching safepoint: 39414 ns, At safepoint: 7901148 ns, Total: 7940562 ns
[2024-02-17T21:49:03.953+0000][7][safepoint   ] Safepoint "Cleanup", Time since last: 10001656461 ns, Reaching safepoint: 106428 ns, At safepoint: 6795 ns, Total: 113223 ns
[2024-02-17T21:49:04.953+0000][7][safepoint   ] Safepoint "Cleanup", Time since last: 1000132490 ns, Reaching safepoint: 67986 ns, At safepoint: 8980 ns, Total: 76966 ns
[2024-02-17T21:49:06.954+0000][7][safepoint   ] Safepoint "Cleanup", Time since last: 2000227813 ns, Reaching safepoint: 102179 ns, At safepoint: 27025 ns, Total: 129204 ns
[2024-02-17T21:49:15.955+0000][7][safepoint   ] Safepoint "Cleanup", Time since last: 9001232861 ns, Reaching safepoint: 52694 ns, At safepoint: 5669 ns, Total: 58363 ns
[2024-02-17T21:49:30.957+0000][7][safepoint   ] Safepoint "Cleanup", Time since last: 15001955848 ns, Reaching safepoint: 101676 ns, At safepoint: 12404 ns, Total: 114080 ns
[2024-02-17T21:49:33.957+0000][7][safepoint   ] Safepoint "Cleanup", Time since last: 3000328972 ns, Reaching safepoint: 72566 ns, At safepoint: 4096 ns, Total: 76662 ns
[2024-02-17T21:49:35.958+0000][7][safepoint   ] Safepoint "Cleanup", Time since last: 2000197376 ns, Reaching safepoint: 63623 ns, At safepoint: 5531 ns, Total: 69154 ns
[2024-02-17T21:49:40.958+0000][7][safepoint   ] Safepoint "Cleanup", Time since last: 5000581361 ns, Reaching safepoint: 90811 ns, At safepoint: 29138 ns, Total: 119949 ns
[2024-02-17T21:49:45.959+0000][7][safepoint   ] Safepoint "Cleanup", Time since last: 5000736322 ns, Reaching safepoint: 79155 ns, At safepoint: 9544 ns, Total: 88699 ns
[2024-02-17T21:49:51.960+0000][7][safepoint   ] Safepoint "Cleanup", Time since last: 6000751380 ns, Reaching safepoint: 68398 ns, At safepoint: 9690 ns, Total: 78088 ns
[2024-02-17T21:49:54.961+0000][7][safepoint   ] Safepoint "Cleanup", Time since last: 3000388389 ns, Reaching safepoint: 66535 ns, At safepoint: 8086 ns, Total: 74621 ns
[2024-02-17T21:50:01.961+0000][7][safepoint   ] Safepoint "Cleanup", Time since last: 7000675726 ns, Reaching safepoint: 69756 ns, At safepoint: 6310 ns, Total: 76066 ns
[2024-02-17T21:50:03.962+0000][7][safepoint   ] Safepoint "Cleanup", Time since last: 2000191500 ns, Reaching safepoint: 65336 ns, At safepoint: 6036 ns, Total: 71372 ns
[2024-02-17T21:50:15.963+0000][7][safepoint   ] Safepoint "Cleanup", Time since last: 12001506822 ns, Reaching safepoint: 44965 ns, At safepoint: 9660 ns, Total: 54625 ns
[2024-02-17T21:50:18.964+0000][7][safepoint   ] Safepoint "Cleanup", Time since last: 3000427805 ns, Reaching safepoint: 83819 ns, At safepoint: 7572 ns, Total: 91391 ns
[2024-02-17T21:50:21.964+0000][7][safepoint   ] Safepoint "Cleanup", Time since last: 3000488318 ns, Reaching safepoint: 115722 ns, At safepoint: 18822 ns, Total: 134544 ns
[2024-02-17T21:50:33.966+0000][7][safepoint   ] Safepoint "Cleanup", Time since last: 12001545840 ns, Reaching safepoint: 85926 ns, At safepoint: 10075 ns, Total: 96001 ns
[2024-02-17T21:51:03.970+0000][7][safepoint   ] Safepoint "Cleanup", Time since last: 30003617500 ns, Reaching safepoint: 67372 ns, At safepoint: 6881 ns, Total: 74253 ns
[2024-02-17T21:51:09.970+0000][7][safepoint   ] Safepoint "Cleanup", Time since last: 6000548942 ns, Reaching safepoint: 95663 ns, At safepoint: 5426 ns, Total: 101089 ns
[2024-02-17T21:51:10.971+0000][7][safepoint   ] Safepoint "Cleanup", Time since last: 1000188466 ns, Reaching safepoint: 81272 ns, At safepoint: 8813 ns, Total: 90085 ns
[2024-02-17T21:51:13.971+0000][7][safepoint   ] Safepoint "Cleanup", Time since last: 3000678195 ns, Reaching safepoint: 84862 ns, At safepoint: 7848 ns, Total: 92710 ns
[2024-02-17T21:51:18.972+0000][7][safepoint   ] Safepoint "Cleanup", Time since last: 5000907144 ns, Reaching safepoint: 59057 ns, At safepoint: 7265 ns, Total: 66322 ns
[2024-02-17T21:51:21.973+0000][7][safepoint   ] Safepoint "Cleanup", Time since last: 3000485084 ns, Reaching safepoint: 104150 ns, At safepoint: 12090 ns, Total: 116240 ns
[2024-02-17T21:51:23.973+0000][7][safepoint   ] Safepoint "Cleanup", Time since last: 2000320986 ns, Reaching safepoint: 86570 ns, At safepoint: 11854 ns, Total: 98424 ns
[2024-02-17T21:51:32.975+0000][7][safepoint   ] Safepoint "Cleanup", Time since last: 9001375452 ns, Reaching safepoint: 83669 ns, At safepoint: 8666 ns, Total: 92335 ns
[2024-02-17T21:51:48.976+0000][7][safepoint   ] Safepoint "Cleanup", Time since last: 16001544299 ns, Reaching safepoint: 78656 ns, At safepoint: 4822 ns, Total: 83478 ns
[2024-02-17T21:51:57.940+0000][7][gc,start    ] GC(32) Pause Young (Normal) (G1 Evacuation Pause)
[2024-02-17T21:51:57.940+0000][7][gc,task     ] GC(32) Using 8 workers of 8 for evacuation
[2024-02-17T21:51:57.940+0000][7][gc,age      ] GC(32) Desired survivor size 41943040 bytes, new threshold 15 (max threshold 15)
[2024-02-17T21:51:57.948+0000][7][gc,phases   ] GC(32)   Pre Evacuate Collection Set: 0.1ms
[2024-02-17T21:51:57.948+0000][7][gc,phases   ] GC(32)   Merge Heap Roots: 0.1ms
[2024-02-17T21:51:57.948+0000][7][gc,phases   ] GC(32)   Evacuate Collection Set: 6.5ms
[2024-02-17T21:51:57.948+0000][7][gc,phases   ] GC(32)   Post Evacuate Collection Set: 1.1ms
[2024-02-17T21:51:57.948+0000][7][gc,phases   ] GC(32)   Other: 0.1ms
[2024-02-17T21:51:57.948+0000][7][gc,age      ] GC(32) Age table with threshold 15 (max threshold 15)
[2024-02-17T21:51:57.948+0000][7][gc,age      ] GC(32) - age   1:    1101912 bytes,    1101912 total
[2024-02-17T21:51:57.948+0000][7][gc,age      ] GC(32) - age   2:       3608 bytes,    1105520 total
[2024-02-17T21:51:57.948+0000][7][gc,age      ] GC(32) - age   3:      14424 bytes,    1119944 total
[2024-02-17T21:51:57.948+0000][7][gc,age      ] GC(32) - age   4:      14008 bytes,    1133952 total
[2024-02-17T21:51:57.948+0000][7][gc,age      ] GC(32) - age   5:      17632 bytes,    1151584 total
[2024-02-17T21:51:57.948+0000][7][gc,age      ] GC(32) - age   6:      26744 bytes,    1178328 total
[2024-02-17T21:51:57.948+0000][7][gc,age      ] GC(32) - age   7:       7472 bytes,    1185800 total
[2024-02-17T21:51:57.948+0000][7][gc,age      ] GC(32) - age   8:      22904 bytes,    1208704 total
[2024-02-17T21:51:57.948+0000][7][gc,age      ] GC(32) - age   9:       8760 bytes,    1217464 total
[2024-02-17T21:51:57.948+0000][7][gc,age      ] GC(32) - age  10:      21040 bytes,    1238504 total
[2024-02-17T21:51:57.948+0000][7][gc,age      ] GC(32) - age  11:      26600 bytes,    1265104 total
[2024-02-17T21:51:57.948+0000][7][gc,age      ] GC(32) - age  12:     206040 bytes,    1471144 total
[2024-02-17T21:51:57.948+0000][7][gc,age      ] GC(32) - age  13:      74168 bytes,    1545312 total
[2024-02-17T21:51:57.948+0000][7][gc,age      ] GC(32) - age  14:     362720 bytes,    1908032 total
[2024-02-17T21:51:57.948+0000][7][gc,age      ] GC(32) - age  15:    1174008 bytes,    3082040 total
[2024-02-17T21:51:57.948+0000][7][gc,heap     ] GC(32) Eden regions: 151->0(152)
[2024-02-17T21:51:57.948+0000][7][gc,heap     ] GC(32) Survivor regions: 2->1(20)
[2024-02-17T21:51:57.948+0000][7][gc,heap     ] GC(32) Old regions: 21->21
[2024-02-17T21:51:57.948+0000][7][gc,heap     ] GC(32) Archive regions: 2->2
[2024-02-17T21:51:57.948+0000][7][gc,heap     ] GC(32) Humongous regions: 0->0
[2024-02-17T21:51:57.948+0000][7][gc,metaspace] GC(32) Metaspace: 125117K(128640K)->125117K(128640K) NonClass: 108728K(110528K)->108728K(110528K) Class: 16389K(18112K)->16389K(18112K)
[2024-02-17T21:51:57.948+0000][7][gc          ] GC(32) Pause Young (Normal) (G1 Evacuation Pause) 693M->90M(1024M) 8.218ms
[2024-02-17T21:51:57.948+0000][7][gc,cpu      ] GC(32) User=0.04s Sys=0.00s Real=0.00s
[2024-02-17T21:51:57.948+0000][7][safepoint   ] Safepoint "G1CollectForAllocation", Time since last: 8963652136 ns, Reaching safepoint: 66182 ns, At safepoint: 8313546 ns, Total: 8379728 ns
[2024-02-17T21:52:03.949+0000][7][safepoint   ] Safepoint "Cleanup", Time since last: 6000628758 ns, Reaching safepoint: 75466 ns, At safepoint: 6301 ns, Total: 81767 ns
[2024-02-17T21:52:12.950+0000][7][safepoint   ] Safepoint "Cleanup", Time since last: 9000874640 ns, Reaching safepoint: 70464 ns, At safepoint: 19554 ns, Total: 90018 ns
[2024-02-17T21:52:24.952+0000][7][safepoint   ] Safepoint "Cleanup", Time since last: 12001571475 ns, Reaching safepoint: 78694 ns, At safepoint: 9302 ns, Total: 87996 ns
[2024-02-17T21:52:36.953+0000][7][safepoint   ] Safepoint "Cleanup", Time since last: 12001609698 ns, Reaching safepoint: 98031 ns, At safepoint: 10825 ns, Total: 108856 ns
[2024-02-17T21:52:51.955+0000][7][safepoint   ] Safepoint "Cleanup", Time since last: 15001713255 ns, Reaching safepoint: 82644 ns, At safepoint: 7216 ns, Total: 89860 ns
[2024-02-17T21:52:55.956+0000][7][safepoint   ] Safepoint "Cleanup", Time since last: 4000490821 ns, Reaching safepoint: 66867 ns, At safepoint: 13281 ns, Total: 80148 ns
[2024-02-17T21:53:06.957+0000][7][safepoint   ] Safepoint "Cleanup", Time since last: 11001310856 ns, Reaching safepoint: 53886 ns, At safepoint: 5439 ns, Total: 59325 ns
[2024-02-17T21:53:12.958+0000][7][safepoint   ] Safepoint "Cleanup", Time since last: 6000473869 ns, Reaching safepoint: 57077 ns, At safepoint: 7432 ns, Total: 64509 ns
[2024-02-17T21:53:17.702+0000][7][safepoint   ] Safepoint "Cleanup", Time since last: 4743773016 ns, Reaching safepoint: 83514 ns, At safepoint: 5829 ns, Total: 89343 ns
[2024-02-17T21:53:23.702+0000][7][safepoint   ] Safepoint "Cleanup", Time since last: 6000630806 ns, Reaching safepoint: 68514 ns, At safepoint: 8705 ns, Total: 77219 ns
[2024-02-17T21:53:31.704+0000][7][safepoint   ] Safepoint "Cleanup", Time since last: 8001468426 ns, Reaching safepoint: 80494 ns, At safepoint: 7420 ns, Total: 87914 ns
[2024-02-17T21:53:34.704+0000][7][safepoint   ] Safepoint "Cleanup", Time since last: 3000465216 ns, Reaching safepoint: 65736 ns, At safepoint: 7548 ns, Total: 73284 ns
[2024-02-17T21:53:49.706+0000][7][safepoint   ] Safepoint "Cleanup", Time since last: 15001595782 ns, Reaching safepoint: 81078 ns, At safepoint: 7743 ns, Total: 88821 ns
[2024-02-17T21:53:52.707+0000][7][safepoint   ] Safepoint "Cleanup", Time since last: 3000291549 ns, Reaching safepoint: 76781 ns, At safepoint: 6768 ns, Total: 83549 ns
[2024-02-17T21:54:01.707+0000][7][safepoint   ] Safepoint "Cleanup", Time since last: 9000803972 ns, Reaching safepoint: 119374 ns, At safepoint: 6951 ns, Total: 126325 ns
[2024-02-17T21:54:07.708+0000][7][safepoint   ] Safepoint "Cleanup", Time since last: 6000694761 ns, Reaching safepoint: 74632 ns, At safepoint: 5863 ns, Total: 80495 ns
[2024-02-17T21:54:10.709+0000][7][safepoint   ] Safepoint "Cleanup", Time since last: 3000468671 ns, Reaching safepoint: 62375 ns, At safepoint: 7456 ns, Total: 69831 ns
[2024-02-17T21:54:13.709+0000][7][safepoint   ] Safepoint "Cleanup", Time since last: 3000290712 ns, Reaching safepoint: 76204 ns, At safepoint: 15772 ns, Total: 91976 ns
[2024-02-17T21:54:16.710+0000][7][safepoint   ] Safepoint "Cleanup", Time since last: 3000310035 ns, Reaching safepoint: 77539 ns, At safepoint: 10351 ns, Total: 87890 ns
[2024-02-17T21:54:19.710+0000][7][safepoint   ] Safepoint "Cleanup", Time since last: 3000327689 ns, Reaching safepoint: 60493 ns, At safepoint: 8184 ns, Total: 68677 ns
[2024-02-17T21:54:22.710+0000][7][safepoint   ] Safepoint "Cleanup", Time since last: 3000446198 ns, Reaching safepoint: 75628 ns, At safepoint: 7123 ns, Total: 82751 ns
[2024-02-17T21:54:25.711+0000][7][safepoint   ] Safepoint "Cleanup", Time since last: 3000616938 ns, Reaching safepoint: 71400 ns, At safepoint: 8891 ns, Total: 80291 ns
[2024-02-17T21:54:31.712+0000][7][safepoint   ] Safepoint "Cleanup", Time since last: 6000880127 ns, Reaching safepoint: 75522 ns, At safepoint: 6676 ns, Total: 82198 ns
[2024-02-17T21:54:48.939+0000][7][gc,start    ] GC(33) Pause Young (Normal) (G1 Evacuation Pause)
[2024-02-17T21:54:48.939+0000][7][gc,task     ] GC(33) Using 8 workers of 8 for evacuation
[2024-02-17T21:54:48.939+0000][7][gc,age      ] GC(33) Desired survivor size 41943040 bytes, new threshold 15 (max threshold 15)
[2024-02-17T21:54:48.943+0000][7][gc,phases   ] GC(33)   Pre Evacuate Collection Set: 0.1ms
[2024-02-17T21:54:48.943+0000][7][gc,phases   ] GC(33)   Merge Heap Roots: 0.1ms
[2024-02-17T21:54:48.943+0000][7][gc,phases   ] GC(33)   Evacuate Collection Set: 3.0ms
[2024-02-17T21:54:48.943+0000][7][gc,phases   ] GC(33)   Post Evacuate Collection Set: 0.6ms
[2024-02-17T21:54:48.943+0000][7][gc,phases   ] GC(33)   Other: 0.1ms
[2024-02-17T21:54:48.943+0000][7][gc,age      ] GC(33) Age table with threshold 15 (max threshold 15)
[2024-02-17T21:54:48.943+0000][7][gc,age      ] GC(33) - age   1:     999104 bytes,     999104 total
[2024-02-17T21:54:48.943+0000][7][gc,age      ] GC(33) - age   2:       7264 bytes,    1006368 total
[2024-02-17T21:54:48.943+0000][7][gc,age      ] GC(33) - age   3:       2776 bytes,    1009144 total
[2024-02-17T21:54:48.943+0000][7][gc,age      ] GC(33) - age   4:      14232 bytes,    1023376 total
[2024-02-17T21:54:48.943+0000][7][gc,age      ] GC(33) - age   5:      14008 bytes,    1037384 total
[2024-02-17T21:54:48.943+0000][7][gc,age      ] GC(33) - age   6:      12392 bytes,    1049776 total
[2024-02-17T21:54:48.943+0000][7][gc,age      ] GC(33) - age   7:      26720 bytes,    1076496 total
[2024-02-17T21:54:48.943+0000][7][gc,age      ] GC(33) - age   8:       7472 bytes,    1083968 total
[2024-02-17T21:54:48.943+0000][7][gc,age      ] GC(33) - age   9:      22904 bytes,    1106872 total
[2024-02-17T21:54:48.943+0000][7][gc,age      ] GC(33) - age  10:       8760 bytes,    1115632 total
[2024-02-17T21:54:48.943+0000][7][gc,age      ] GC(33) - age  11:      21040 bytes,    1136672 total
[2024-02-17T21:54:48.943+0000][7][gc,age      ] GC(33) - age  12:      26600 bytes,    1163272 total
[2024-02-17T21:54:48.943+0000][7][gc,age      ] GC(33) - age  13:     205904 bytes,    1369176 total
[2024-02-17T21:54:48.943+0000][7][gc,age      ] GC(33) - age  14:      74168 bytes,    1443344 total
[2024-02-17T21:54:48.943+0000][7][gc,age      ] GC(33) - age  15:     362720 bytes,    1806064 total
[2024-02-17T21:54:48.943+0000][7][gc,heap     ] GC(33) Eden regions: 152->0(152)
[2024-02-17T21:54:48.943+0000][7][gc,heap     ] GC(33) Survivor regions: 1->1(20)
[2024-02-17T21:54:48.943+0000][7][gc,heap     ] GC(33) Old regions: 21->22
[2024-02-17T21:54:48.943+0000][7][gc,heap     ] GC(33) Archive regions: 2->2
[2024-02-17T21:54:48.943+0000][7][gc,heap     ] GC(33) Humongous regions: 0->0
[2024-02-17T21:54:48.943+0000][7][gc,metaspace] GC(33) Metaspace: 125156K(128640K)->125156K(128640K) NonClass: 108765K(110528K)->108765K(110528K) Class: 16391K(18112K)->16391K(18112K)
[2024-02-17T21:54:48.943+0000][7][gc          ] GC(33) Pause Young (Normal) (G1 Evacuation Pause) 698M->89M(1024M) 4.047ms
[2024-02-17T21:54:48.943+0000][7][gc,cpu      ] GC(33) User=0.02s Sys=0.00s Real=0.00s
[2024-02-17T21:54:48.943+0000][7][safepoint   ] Safepoint "G1CollectForAllocation", Time since last: 17227239899 ns, Reaching safepoint: 25712 ns, At safepoint: 4119882 ns, Total: 4145594 ns
[2024-02-17T21:54:49.944+0000][7][safepoint   ] Safepoint "Cleanup", Time since last: 1000106089 ns, Reaching safepoint: 70320 ns, At safepoint: 6690 ns, Total: 77010 ns
[2024-02-17T21:54:52.944+0000][7][safepoint   ] Safepoint "Cleanup", Time since last: 3000421726 ns, Reaching safepoint: 77969 ns, At safepoint: 7930 ns, Total: 85899 ns
[2024-02-17T21:54:53.944+0000][7][safepoint   ] Safepoint "Cleanup", Time since last: 1000145356 ns, Reaching safepoint: 83978 ns, At safepoint: 19154 ns, Total: 103132 ns
[2024-02-17T21:55:03.945+0000][7][safepoint   ] Safepoint "Cleanup", Time since last: 10000919291 ns, Reaching safepoint: 82339 ns, At safepoint: 10237 ns, Total: 92576 ns
[2024-02-17T21:55:21.948+0000][7][safepoint   ] Safepoint "Cleanup", Time since last: 18002187602 ns, Reaching safepoint: 64390 ns, At safepoint: 10575 ns, Total: 74965 ns
[2024-02-17T21:55:22.948+0000][7][safepoint   ] Safepoint "Cleanup", Time since last: 1000152977 ns, Reaching safepoint: 83254 ns, At safepoint: 6330 ns, Total: 89584 ns
[2024-02-17T21:55:51.951+0000][7][safepoint   ] Safepoint "Cleanup", Time since last: 29003364733 ns, Reaching safepoint: 60366 ns, At safepoint: 5690 ns, Total: 66056 ns
[2024-02-17T21:56:03.953+0000][7][safepoint   ] Safepoint "Cleanup", Time since last: 12001602529 ns, Reaching safepoint: 73951 ns, At safepoint: 10996 ns, Total: 84947 ns
[2024-02-17T21:56:21.955+0000][7][safepoint   ] Safepoint "Cleanup", Time since last: 18002060283 ns, Reaching safepoint: 117388 ns, At safepoint: 5847 ns, Total: 123235 ns
[2024-02-17T21:56:24.956+0000][7][safepoint   ] Safepoint "Cleanup", Time since last: 3000522535 ns, Reaching safepoint: 85268 ns, At safepoint: 15997 ns, Total: 101265 ns
[2024-02-17T21:56:25.956+0000][7][safepoint   ] Safepoint "Cleanup", Time since last: 1000151389 ns, Reaching safepoint: 62931 ns, At safepoint: 6776 ns, Total: 69707 ns
[2024-02-17T21:56:30.957+0000][7][safepoint   ] Safepoint "Cleanup", Time since last: 5000593965 ns, Reaching safepoint: 83539 ns, At safepoint: 6136 ns, Total: 89675 ns
[2024-02-17T21:56:31.957+0000][7][safepoint   ] Safepoint "Cleanup", Time since last: 1000223707 ns, Reaching safepoint: 105603 ns, At safepoint: 15935 ns, Total: 121538 ns
[2024-02-17T21:57:03.962+0000][7][safepoint   ] Safepoint "Cleanup", Time since last: 32004392435 ns, Reaching safepoint: 66826 ns, At safepoint: 6986 ns, Total: 73812 ns
[2024-02-17T21:57:37.881+0000][7][gc,start    ] GC(34) Pause Young (Normal) (G1 Evacuation Pause)
[2024-02-17T21:57:37.881+0000][7][gc,task     ] GC(34) Using 8 workers of 8 for evacuation
[2024-02-17T21:57:37.881+0000][7][gc,age      ] GC(34) Desired survivor size 41943040 bytes, new threshold 15 (max threshold 15)
[2024-02-17T21:57:37.884+0000][7][gc,phases   ] GC(34)   Pre Evacuate Collection Set: 0.1ms
[2024-02-17T21:57:37.884+0000][7][gc,phases   ] GC(34)   Merge Heap Roots: 0.1ms
[2024-02-17T21:57:37.884+0000][7][gc,phases   ] GC(34)   Evacuate Collection Set: 2.6ms
[2024-02-17T21:57:37.884+0000][7][gc,phases   ] GC(34)   Post Evacuate Collection Set: 0.8ms
[2024-02-17T21:57:37.884+0000][7][gc,phases   ] GC(34)   Other: 0.1ms
[2024-02-17T21:57:37.884+0000][7][gc,age      ] GC(34) Age table with threshold 15 (max threshold 15)
[2024-02-17T21:57:37.884+0000][7][gc,age      ] GC(34) - age   1:    1711960 bytes,    1711960 total
[2024-02-17T21:57:37.884+0000][7][gc,age      ] GC(34) - age   2:       4064 bytes,    1716024 total
[2024-02-17T21:57:37.884+0000][7][gc,age      ] GC(34) - age   3:       4968 bytes,    1720992 total
[2024-02-17T21:57:37.885+0000][7][gc,age      ] GC(34) - age   4:       2648 bytes,    1723640 total
[2024-02-17T21:57:37.885+0000][7][gc,age      ] GC(34) - age   5:      10056 bytes,    1733696 total
[2024-02-17T21:57:37.885+0000][7][gc,age      ] GC(34) - age   6:      13824 bytes,    1747520 total
[2024-02-17T21:57:37.885+0000][7][gc,age      ] GC(34) - age   7:      11976 bytes,    1759496 total
[2024-02-17T21:57:37.885+0000][7][gc,age      ] GC(34) - age   8:      26720 bytes,    1786216 total
[2024-02-17T21:57:37.885+0000][7][gc,age      ] GC(34) - age   9:       7472 bytes,    1793688 total
[2024-02-17T21:57:37.885+0000][7][gc,age      ] GC(34) - age  10:      22904 bytes,    1816592 total
[2024-02-17T21:57:37.885+0000][7][gc,age      ] GC(34) - age  11:       8760 bytes,    1825352 total
[2024-02-17T21:57:37.885+0000][7][gc,age      ] GC(34) - age  12:      21040 bytes,    1846392 total
[2024-02-17T21:57:37.885+0000][7][gc,age      ] GC(34) - age  13:      26600 bytes,    1872992 total
[2024-02-17T21:57:37.885+0000][7][gc,age      ] GC(34) - age  14:     205904 bytes,    2078896 total
[2024-02-17T21:57:37.885+0000][7][gc,age      ] GC(34) - age  15:      74168 bytes,    2153064 total
[2024-02-17T21:57:37.885+0000][7][gc,heap     ] GC(34) Eden regions: 152->0(152)
[2024-02-17T21:57:37.885+0000][7][gc,heap     ] GC(34) Survivor regions: 1->1(20)
[2024-02-17T21:57:37.885+0000][7][gc,heap     ] GC(34) Old regions: 22->22
[2024-02-17T21:57:37.885+0000][7][gc,heap     ] GC(34) Archive regions: 2->2
[2024-02-17T21:57:37.885+0000][7][gc,heap     ] GC(34) Humongous regions: 0->0
[2024-02-17T21:57:37.885+0000][7][gc,metaspace] GC(34) Metaspace: 125180K(128704K)->125180K(128704K) NonClass: 108788K(110592K)->108788K(110592K) Class: 16391K(18112K)->16391K(18112K)
[2024-02-17T21:57:37.885+0000][7][gc          ] GC(34) Pause Young (Normal) (G1 Evacuation Pause) 697M->90M(1024M) 3.991ms
[2024-02-17T21:57:37.885+0000][7][gc,cpu      ] GC(34) User=0.02s Sys=0.00s Real=0.00s
[2024-02-17T21:57:37.885+0000][7][safepoint   ] Safepoint "G1CollectForAllocation", Time since last: 33918992949 ns, Reaching safepoint: 44219 ns, At safepoint: 4076802 ns, Total: 4121021 ns
[2024-02-17T21:58:37.891+0000][7][safepoint   ] Safepoint "Cleanup", Time since last: 60005929412 ns, Reaching safepoint: 60714 ns, At safepoint: 5781 ns, Total: 66495 ns
[2024-02-17T21:58:49.893+0000][7][safepoint   ] Safepoint "Cleanup", Time since last: 12002337003 ns, Reaching safepoint: 79301 ns, At safepoint: 10155 ns, Total: 89456 ns
[2024-02-17T21:59:01.895+0000][7][safepoint   ] Safepoint "Cleanup", Time since last: 12001476155 ns, Reaching safepoint: 71156 ns, At safepoint: 3895 ns, Total: 75051 ns
[2024-02-17T21:59:13.897+0000][7][safepoint   ] Safepoint "Cleanup", Time since last: 12002248546 ns, Reaching safepoint: 99642 ns, At safepoint: 6727 ns, Total: 106369 ns
[2024-02-17T22:00:03.903+0000][7][safepoint   ] Safepoint "Cleanup", Time since last: 50005951021 ns, Reaching safepoint: 103700 ns, At safepoint: 12235 ns, Total: 115935 ns
[2024-02-17T22:00:10.904+0000][7][safepoint   ] Safepoint "Cleanup", Time since last: 7000657134 ns, Reaching safepoint: 86517 ns, At safepoint: 6638 ns, Total: 93155 ns
[2024-02-17T22:00:25.311+0000][7][gc,start    ] GC(35) Pause Young (Normal) (G1 Evacuation Pause)
[2024-02-17T22:00:25.311+0000][7][gc,task     ] GC(35) Using 8 workers of 8 for evacuation
[2024-02-17T22:00:25.311+0000][7][gc,age      ] GC(35) Desired survivor size 41943040 bytes, new threshold 15 (max threshold 15)
[2024-02-17T22:00:25.315+0000][7][gc,phases   ] GC(35)   Pre Evacuate Collection Set: 0.2ms
[2024-02-17T22:00:25.315+0000][7][gc,phases   ] GC(35)   Merge Heap Roots: 0.1ms
[2024-02-17T22:00:25.315+0000][7][gc,phases   ] GC(35)   Evacuate Collection Set: 3.0ms
[2024-02-17T22:00:25.315+0000][7][gc,phases   ] GC(35)   Post Evacuate Collection Set: 0.9ms
[2024-02-17T22:00:25.315+0000][7][gc,phases   ] GC(35)   Other: 0.1ms
[2024-02-17T22:00:25.315+0000][7][gc,age      ] GC(35) Age table with threshold 15 (max threshold 15)
[2024-02-17T22:00:25.315+0000][7][gc,age      ] GC(35) - age   1:    1518376 bytes,    1518376 total
[2024-02-17T22:00:25.315+0000][7][gc,age      ] GC(35) - age   2:      18928 bytes,    1537304 total
[2024-02-17T22:00:25.315+0000][7][gc,age      ] GC(35) - age   3:       2920 bytes,    1540224 total
[2024-02-17T22:00:25.315+0000][7][gc,age      ] GC(35) - age   4:       4712 bytes,    1544936 total
[2024-02-17T22:00:25.315+0000][7][gc,age      ] GC(35) - age   5:       2648 bytes,    1547584 total
[2024-02-17T22:00:25.315+0000][7][gc,age      ] GC(35) - age   6:      10056 bytes,    1557640 total
[2024-02-17T22:00:25.315+0000][7][gc,age      ] GC(35) - age   7:      13824 bytes,    1571464 total
[2024-02-17T22:00:25.315+0000][7][gc,age      ] GC(35) - age   8:      11888 bytes,    1583352 total
[2024-02-17T22:00:25.315+0000][7][gc,age      ] GC(35) - age   9:      26720 bytes,    1610072 total
[2024-02-17T22:00:25.315+0000][7][gc,age      ] GC(35) - age  10:       7472 bytes,    1617544 total
[2024-02-17T22:00:25.315+0000][7][gc,age      ] GC(35) - age  11:      22904 bytes,    1640448 total
[2024-02-17T22:00:25.315+0000][7][gc,age      ] GC(35) - age  12:       8760 bytes,    1649208 total
[2024-02-17T22:00:25.315+0000][7][gc,age      ] GC(35) - age  13:      21040 bytes,    1670248 total
[2024-02-17T22:00:25.315+0000][7][gc,age      ] GC(35) - age  14:      26568 bytes,    1696816 total
[2024-02-17T22:00:25.315+0000][7][gc,age      ] GC(35) - age  15:     205904 bytes,    1902720 total
[2024-02-17T22:00:25.315+0000][7][gc,heap     ] GC(35) Eden regions: 152->0(152)
[2024-02-17T22:00:25.315+0000][7][gc,heap     ] GC(35) Survivor regions: 1->1(20)
[2024-02-17T22:00:25.315+0000][7][gc,heap     ] GC(35) Old regions: 22->22
[2024-02-17T22:00:25.315+0000][7][gc,heap     ] GC(35) Archive regions: 2->2
[2024-02-17T22:00:25.315+0000][7][gc,heap     ] GC(35) Humongous regions: 0->0
[2024-02-17T22:00:25.315+0000][7][gc,metaspace] GC(35) Metaspace: 125190K(128704K)->125190K(128704K) NonClass: 108798K(110592K)->108798K(110592K) Class: 16392K(18112K)->16392K(18112K)
[2024-02-17T22:00:25.315+0000][7][gc          ] GC(35) Pause Young (Normal) (G1 Evacuation Pause) 698M->90M(1024M) 4.559ms
[2024-02-17T22:00:25.315+0000][7][gc,cpu      ] GC(35) User=0.02s Sys=0.00s Real=0.00s
[2024-02-17T22:00:25.315+0000][7][safepoint   ] Safepoint "G1CollectForAllocation", Time since last: 14406512511 ns, Reaching safepoint: 81202 ns, At safepoint: 4667814 ns, Total: 4749016 ns
[2024-02-17T22:00:43.318+0000][7][safepoint   ] Safepoint "Cleanup", Time since last: 18002313644 ns, Reaching safepoint: 82019 ns, At safepoint: 10974 ns, Total: 92993 ns
[2024-02-17T22:00:52.319+0000][7][safepoint   ] Safepoint "Cleanup", Time since last: 9001388629 ns, Reaching safepoint: 68633 ns, At safepoint: 7751 ns, Total: 76384 ns
[2024-02-17T22:01:04.320+0000][7][safepoint   ] Safepoint "Cleanup", Time since last: 12001335929 ns, Reaching safepoint: 89731 ns, At safepoint: 10348 ns, Total: 100079 ns
[2024-02-17T22:01:23.323+0000][7][safepoint   ] Safepoint "Cleanup", Time since last: 19002962508 ns, Reaching safepoint: 82972 ns, At safepoint: 10740 ns, Total: 93712 ns
[2024-02-17T22:01:52.328+0000][7][safepoint   ] Safepoint "Cleanup", Time since last: 29004427091 ns, Reaching safepoint: 72304 ns, At safepoint: 10269 ns, Total: 82573 ns
[2024-02-17T22:01:58.329+0000][7][safepoint   ] Safepoint "Cleanup", Time since last: 6000793306 ns, Reaching safepoint: 98352 ns, At safepoint: 8206 ns, Total: 106558 ns
[2024-02-17T22:02:04.330+0000][7][safepoint   ] Safepoint "Cleanup", Time since last: 6001214078 ns, Reaching safepoint: 87146 ns, At safepoint: 7931 ns, Total: 95077 ns
[2024-02-17T22:02:14.332+0000][7][safepoint   ] Safepoint "Cleanup", Time since last: 10001444716 ns, Reaching safepoint: 87983 ns, At safepoint: 8098 ns, Total: 96081 ns
[2024-02-17T22:02:19.333+0000][7][safepoint   ] Safepoint "Cleanup", Time since last: 5000749185 ns, Reaching safepoint: 85621 ns, At safepoint: 7113 ns, Total: 92734 ns
[2024-02-17T22:02:58.338+0000][7][safepoint   ] Safepoint "Cleanup", Time since last: 39004986888 ns, Reaching safepoint: 106908 ns, At safepoint: 19108 ns, Total: 126016 ns
[2024-02-17T22:03:04.339+0000][7][safepoint   ] Safepoint "Cleanup", Time since last: 6000980811 ns, Reaching safepoint: 60775 ns, At safepoint: 10106 ns, Total: 70881 ns
[2024-02-17T22:03:21.974+0000][7][gc,start    ] GC(36) Pause Young (Normal) (G1 Evacuation Pause)
[2024-02-17T22:03:21.974+0000][7][gc,task     ] GC(36) Using 8 workers of 8 for evacuation
[2024-02-17T22:03:21.974+0000][7][gc,age      ] GC(36) Desired survivor size 41943040 bytes, new threshold 15 (max threshold 15)
[2024-02-17T22:03:21.977+0000][7][gc,phases   ] GC(36)   Pre Evacuate Collection Set: 0.1ms
[2024-02-17T22:03:21.977+0000][7][gc,phases   ] GC(36)   Merge Heap Roots: 0.1ms
[2024-02-17T22:03:21.977+0000][7][gc,phases   ] GC(36)   Evacuate Collection Set: 2.1ms
[2024-02-17T22:03:21.977+0000][7][gc,phases   ] GC(36)   Post Evacuate Collection Set: 0.8ms
[2024-02-17T22:03:21.977+0000][7][gc,phases   ] GC(36)   Other: 0.1ms
[2024-02-17T22:03:21.977+0000][7][gc,age      ] GC(36) Age table with threshold 15 (max threshold 15)
[2024-02-17T22:03:21.977+0000][7][gc,age      ] GC(36) - age   1:    1140832 bytes,    1140832 total
[2024-02-17T22:03:21.977+0000][7][gc,age      ] GC(36) - age   2:       4456 bytes,    1145288 total
[2024-02-17T22:03:21.977+0000][7][gc,age      ] GC(36) - age   3:      16904 bytes,    1162192 total
[2024-02-17T22:03:21.977+0000][7][gc,age      ] GC(36) - age   4:       2736 bytes,    1164928 total
[2024-02-17T22:03:21.977+0000][7][gc,age      ] GC(36) - age   5:       4712 bytes,    1169640 total
[2024-02-17T22:03:21.977+0000][7][gc,age      ] GC(36) - age   6:       2456 bytes,    1172096 total
[2024-02-17T22:03:21.977+0000][7][gc,age      ] GC(36) - age   7:      10056 bytes,    1182152 total
[2024-02-17T22:03:21.977+0000][7][gc,age      ] GC(36) - age   8:      13824 bytes,    1195976 total
[2024-02-17T22:03:21.977+0000][7][gc,age      ] GC(36) - age   9:      11704 bytes,    1207680 total
[2024-02-17T22:03:21.977+0000][7][gc,age      ] GC(36) - age  10:      26720 bytes,    1234400 total
[2024-02-17T22:03:21.977+0000][7][gc,age      ] GC(36) - age  11:       7472 bytes,    1241872 total
[2024-02-17T22:03:21.977+0000][7][gc,age      ] GC(36) - age  12:      22904 bytes,    1264776 total
[2024-02-17T22:03:21.977+0000][7][gc,age      ] GC(36) - age  13:       8760 bytes,    1273536 total
[2024-02-17T22:03:21.977+0000][7][gc,age      ] GC(36) - age  14:      21040 bytes,    1294576 total
[2024-02-17T22:03:21.977+0000][7][gc,age      ] GC(36) - age  15:      26568 bytes,    1321144 total
[2024-02-17T22:03:21.977+0000][7][gc,heap     ] GC(36) Eden regions: 152->0(152)
[2024-02-17T22:03:21.977+0000][7][gc,heap     ] GC(36) Survivor regions: 1->1(20)
[2024-02-17T22:03:21.977+0000][7][gc,heap     ] GC(36) Old regions: 22->22
[2024-02-17T22:03:21.977+0000][7][gc,heap     ] GC(36) Archive regions: 2->2
[2024-02-17T22:03:21.977+0000][7][gc,heap     ] GC(36) Humongous regions: 0->0
[2024-02-17T22:03:21.977+0000][7][gc,metaspace] GC(36) Metaspace: 125212K(128704K)->125212K(128704K) NonClass: 108819K(110592K)->108819K(110592K) Class: 16392K(18112K)->16392K(18112K)
[2024-02-17T22:03:21.977+0000][7][gc          ] GC(36) Pause Young (Normal) (G1 Evacuation Pause) 698M->90M(1024M) 3.510ms
[2024-02-17T22:03:21.977+0000][7][gc,cpu      ] GC(36) User=0.02s Sys=0.00s Real=0.01s
[2024-02-17T22:03:21.977+0000][7][safepoint   ] Safepoint "G1CollectForAllocation", Time since last: 17634886397 ns, Reaching safepoint: 55792 ns, At safepoint: 3599566 ns, Total: 3655358 ns
[2024-02-17T22:03:36.979+0000][7][safepoint   ] Safepoint "Cleanup", Time since last: 15001878448 ns, Reaching safepoint: 63847 ns, At safepoint: 8061 ns, Total: 71908 ns
[2024-02-17T22:03:43.980+0000][7][safepoint   ] Safepoint "Cleanup", Time since last: 7000998733 ns, Reaching safepoint: 141733 ns, At safepoint: 10059 ns, Total: 151792 ns
[2024-02-17T22:04:03.983+0000][7][safepoint   ] Safepoint "Cleanup", Time since last: 20002552842 ns, Reaching safepoint: 87361 ns, At safepoint: 10635 ns, Total: 97996 ns
[2024-02-17T22:04:18.985+0000][7][safepoint   ] Safepoint "Cleanup", Time since last: 15002284539 ns, Reaching safepoint: 135049 ns, At safepoint: 7351 ns, Total: 142400 ns
[2024-02-17T22:04:21.986+0000][7][safepoint   ] Safepoint "Cleanup", Time since last: 3000479298 ns, Reaching safepoint: 55302 ns, At safepoint: 5267 ns, Total: 60569 ns
[2024-02-17T22:04:30.987+0000][7][safepoint   ] Safepoint "Cleanup", Time since last: 9001304125 ns, Reaching safepoint: 68867 ns, At safepoint: 5822 ns, Total: 74689 ns
[2024-02-17T22:04:38.988+0000][7][safepoint   ] Safepoint "Cleanup", Time since last: 8000865692 ns, Reaching safepoint: 63915 ns, At safepoint: 5262 ns, Total: 69177 ns
[2024-02-17T22:04:50.067+0000][7][safepoint   ] Safepoint "Cleanup", Time since last: 12001110029 ns, Reaching safepoint: 97801 ns, At safepoint: 11427 ns, Total: 109228 ns
[2024-02-17T22:04:54.069+0000][7][safepoint   ] Safepoint "Cleanup", Time since last: 4002355790 ns, Reaching safepoint: 123820 ns, At safepoint: 48082 ns, Total: 171902 ns
[2024-02-17T22:05:07.071+0000][7][safepoint   ] Safepoint "Cleanup", Time since last: 13001285131 ns, Reaching safepoint: 115782 ns, At safepoint: 22484 ns, Total: 138266 ns
[2024-02-17T22:05:09.071+0000][7][safepoint   ] Safepoint "Cleanup", Time since last: 2000224906 ns, Reaching safepoint: 241712 ns, At safepoint: 10959 ns, Total: 252671 ns
[2024-02-17T22:05:10.116+0000][7][safepoint   ] Safepoint "Cleanup", Time since last: 1044785628 ns, Reaching safepoint: 94013 ns, At safepoint: 6472 ns, Total: 100485 ns
[2024-02-17T22:05:12.116+0000][7][safepoint   ] Safepoint "Cleanup", Time since last: 2000338243 ns, Reaching safepoint: 62296 ns, At safepoint: 5424 ns, Total: 67720 ns
[2024-02-17T22:05:15.117+0000][7][safepoint   ] Safepoint "Cleanup", Time since last: 3000273645 ns, Reaching safepoint: 62797 ns, At safepoint: 7692 ns, Total: 70489 ns
[2024-02-17T22:05:20.452+0000][7][safepoint   ] Safepoint "Cleanup", Time since last: 6000633270 ns, Reaching safepoint: 129036 ns, At safepoint: 9624 ns, Total: 138660 ns
[2024-02-17T22:05:21.452+0000][7][safepoint   ] Safepoint "Cleanup", Time since last: 1000163450 ns, Reaching safepoint: 63004 ns, At safepoint: 6499 ns, Total: 69503 ns
[2024-02-17T22:05:23.452+0000][7][safepoint   ] Safepoint "Cleanup", Time since last: 2000222019 ns, Reaching safepoint: 82386 ns, At safepoint: 5837 ns, Total: 88223 ns
[2024-02-17T22:05:51.467+0000][7][safepoint   ] Safepoint "Cleanup", Time since last: 27003176086 ns, Reaching safepoint: 82100 ns, At safepoint: 8066 ns, Total: 90166 ns
[2024-02-17T22:06:01.468+0000][7][safepoint   ] Safepoint "Cleanup", Time since last: 10000954433 ns, Reaching safepoint: 124982 ns, At safepoint: 9979 ns, Total: 134961 ns
[2024-02-17T22:06:02.469+0000][7][safepoint   ] Safepoint "Cleanup", Time since last: 1000175926 ns, Reaching safepoint: 85986 ns, At safepoint: 8494 ns, Total: 94480 ns
[2024-02-17T22:06:03.469+0000][7][safepoint   ] Safepoint "Cleanup", Time since last: 1000160272 ns, Reaching safepoint: 97688 ns, At safepoint: 9672 ns, Total: 107360 ns
[2024-02-17T22:06:10.470+0000][7][safepoint   ] Safepoint "Cleanup", Time since last: 7000627972 ns, Reaching safepoint: 67260 ns, At safepoint: 6149 ns, Total: 73409 ns
[2024-02-17T22:06:12.470+0000][7][safepoint   ] Safepoint "Cleanup", Time since last: 2000224400 ns, Reaching safepoint: 60223 ns, At safepoint: 6973 ns, Total: 67196 ns
[2024-02-17T22:06:15.367+0000][7][gc,start    ] GC(37) Pause Young (Normal) (G1 Evacuation Pause)
[2024-02-17T22:06:15.367+0000][7][gc,task     ] GC(37) Using 8 workers of 8 for evacuation
[2024-02-17T22:06:15.367+0000][7][gc,age      ] GC(37) Desired survivor size 41943040 bytes, new threshold 15 (max threshold 15)
[2024-02-17T22:06:15.371+0000][7][gc,phases   ] GC(37)   Pre Evacuate Collection Set: 0.1ms
[2024-02-17T22:06:15.371+0000][7][gc,phases   ] GC(37)   Merge Heap Roots: 0.1ms
[2024-02-17T22:06:15.371+0000][7][gc,phases   ] GC(37)   Evacuate Collection Set: 2.0ms
[2024-02-17T22:06:15.371+0000][7][gc,phases   ] GC(37)   Post Evacuate Collection Set: 0.9ms
[2024-02-17T22:06:15.371+0000][7][gc,phases   ] GC(37)   Other: 0.1ms
[2024-02-17T22:06:15.371+0000][7][gc,age      ] GC(37) Age table with threshold 15 (max threshold 15)
[2024-02-17T22:06:15.371+0000][7][gc,age      ] GC(37) - age   1:     673648 bytes,     673648 total
[2024-02-17T22:06:15.371+0000][7][gc,age      ] GC(37) - age   2:       8800 bytes,     682448 total
[2024-02-17T22:06:15.371+0000][7][gc,age      ] GC(37) - age   3:       1520 bytes,     683968 total
[2024-02-17T22:06:15.371+0000][7][gc,age      ] GC(37) - age   4:       4072 bytes,     688040 total
[2024-02-17T22:06:15.371+0000][7][gc,age      ] GC(37) - age   5:       2608 bytes,     690648 total
[2024-02-17T22:06:15.371+0000][7][gc,age      ] GC(37) - age   6:       4232 bytes,     694880 total
[2024-02-17T22:06:15.371+0000][7][gc,age      ] GC(37) - age   7:       2456 bytes,     697336 total
[2024-02-17T22:06:15.371+0000][7][gc,age      ] GC(37) - age   8:       4552 bytes,     701888 total
[2024-02-17T22:06:15.371+0000][7][gc,age      ] GC(37) - age   9:       5808 bytes,     707696 total
[2024-02-17T22:06:15.371+0000][7][gc,age      ] GC(37) - age  10:      11704 bytes,     719400 total
[2024-02-17T22:06:15.371+0000][7][gc,age      ] GC(37) - age  11:      23328 bytes,     742728 total
[2024-02-17T22:06:15.371+0000][7][gc,age      ] GC(37) - age  12:       7472 bytes,     750200 total
[2024-02-17T22:06:15.371+0000][7][gc,age      ] GC(37) - age  13:      22904 bytes,     773104 total
[2024-02-17T22:06:15.371+0000][7][gc,age      ] GC(37) - age  14:       8760 bytes,     781864 total
[2024-02-17T22:06:15.371+0000][7][gc,age      ] GC(37) - age  15:      20848 bytes,     802712 total
[2024-02-17T22:06:15.371+0000][7][gc,heap     ] GC(37) Eden regions: 152->0(152)
[2024-02-17T22:06:15.371+0000][7][gc,heap     ] GC(37) Survivor regions: 1->1(20)
[2024-02-17T22:06:15.371+0000][7][gc,heap     ] GC(37) Old regions: 22->22
[2024-02-17T22:06:15.371+0000][7][gc,heap     ] GC(37) Archive regions: 2->2
[2024-02-17T22:06:15.371+0000][7][gc,heap     ] GC(37) Humongous regions: 0->0
[2024-02-17T22:06:15.371+0000][7][gc,metaspace] GC(37) Metaspace: 125236K(128704K)->125236K(128704K) NonClass: 108842K(110592K)->108842K(110592K) Class: 16393K(18112K)->16393K(18112K)
[2024-02-17T22:06:15.371+0000][7][gc          ] GC(37) Pause Young (Normal) (G1 Evacuation Pause) 698M->89M(1024M) 3.528ms
[2024-02-17T22:06:15.371+0000][7][gc,cpu      ] GC(37) User=0.02s Sys=0.00s Real=0.00s
[2024-02-17T22:06:15.371+0000][7][safepoint   ] Safepoint "G1CollectForAllocation", Time since last: 2897275201 ns, Reaching safepoint: 63570 ns, At safepoint: 3619579 ns, Total: 3683149 ns
[2024-02-17T22:06:22.372+0000][7][safepoint   ] Safepoint "Cleanup", Time since last: 7001032612 ns, Reaching safepoint: 48242 ns, At safepoint: 6917 ns, Total: 55159 ns
[2024-02-17T22:06:25.372+0000][7][safepoint   ] Safepoint "Cleanup", Time since last: 3000267057 ns, Reaching safepoint: 56353 ns, At safepoint: 5366 ns, Total: 61719 ns
[2024-02-17T22:06:34.373+0000][7][safepoint   ] Safepoint "Cleanup", Time since last: 9000897766 ns, Reaching safepoint: 68517 ns, At safepoint: 10682 ns, Total: 79199 ns
[2024-02-17T22:06:42.375+0000][7][safepoint   ] Safepoint "Cleanup", Time since last: 8001240699 ns, Reaching safepoint: 62502 ns, At safepoint: 9269 ns, Total: 71771 ns
[2024-02-17T22:06:50.376+0000][7][safepoint   ] Safepoint "Cleanup", Time since last: 8000983755 ns, Reaching safepoint: 63447 ns, At safepoint: 8261 ns, Total: 71708 ns
[2024-02-17T22:06:51.376+0000][7][safepoint   ] Safepoint "Cleanup", Time since last: 1000128740 ns, Reaching safepoint: 55875 ns, At safepoint: 6275 ns, Total: 62150 ns
[2024-02-17T22:07:03.377+0000][7][safepoint   ] Safepoint "Cleanup", Time since last: 12000983192 ns, Reaching safepoint: 122867 ns, At safepoint: 6713 ns, Total: 129580 ns
[2024-02-17T22:07:33.380+0000][7][safepoint   ] Safepoint "Cleanup", Time since last: 30003059173 ns, Reaching safepoint: 70700 ns, At safepoint: 6552 ns, Total: 77252 ns
[2024-02-17T22:07:52.382+0000][7][safepoint   ] Safepoint "Cleanup", Time since last: 19001736461 ns, Reaching safepoint: 45693 ns, At safepoint: 4664 ns, Total: 50357 ns
[2024-02-17T22:07:54.382+0000][7][safepoint   ] Safepoint "Cleanup", Time since last: 2000323047 ns, Reaching safepoint: 125044 ns, At safepoint: 7987 ns, Total: 133031 ns
[2024-02-17T22:08:03.383+0000][7][safepoint   ] Safepoint "Cleanup", Time since last: 9000897077 ns, Reaching safepoint: 51533 ns, At safepoint: 3905 ns, Total: 55438 ns
[2024-02-17T22:08:46.388+0000][7][safepoint   ] Safepoint "Cleanup", Time since last: 43004142324 ns, Reaching safepoint: 168990 ns, At safepoint: 8959 ns, Total: 177949 ns
[2024-02-17T22:08:51.388+0000][7][safepoint   ] Safepoint "Cleanup", Time since last: 5000516058 ns, Reaching safepoint: 117952 ns, At safepoint: 6010 ns, Total: 123962 ns
[2024-02-17T22:09:03.389+0000][7][safepoint   ] Safepoint "Cleanup", Time since last: 12001043191 ns, Reaching safepoint: 133537 ns, At safepoint: 3953 ns, Total: 137490 ns
[2024-02-17T22:09:04.390+0000][7][safepoint   ] Safepoint "Cleanup", Time since last: 1000106189 ns, Reaching safepoint: 61224 ns, At safepoint: 6317 ns, Total: 67541 ns
[2024-02-17T22:09:36.393+0000][7][safepoint   ] Safepoint "Cleanup", Time since last: 32002814542 ns, Reaching safepoint: 53575 ns, At safepoint: 5193 ns, Total: 58768 ns
[2024-02-17T22:09:46.394+0000][7][safepoint   ] Safepoint "Cleanup", Time since last: 10000919415 ns, Reaching safepoint: 59958 ns, At safepoint: 6064 ns, Total: 66022 ns
[2024-02-17T22:09:54.466+0000][7][gc,start    ] GC(38) Pause Young (Normal) (G1 Evacuation Pause)
[2024-02-17T22:09:54.467+0000][7][gc,task     ] GC(38) Using 8 workers of 8 for evacuation
[2024-02-17T22:09:54.467+0000][7][gc,age      ] GC(38) Desired survivor size 41943040 bytes, new threshold 15 (max threshold 15)
[2024-02-17T22:09:54.470+0000][7][gc,phases   ] GC(38)   Pre Evacuate Collection Set: 0.1ms
[2024-02-17T22:09:54.470+0000][7][gc,phases   ] GC(38)   Merge Heap Roots: 0.1ms
[2024-02-17T22:09:54.470+0000][7][gc,phases   ] GC(38)   Evacuate Collection Set: 2.2ms
[2024-02-17T22:09:54.470+0000][7][gc,phases   ] GC(38)   Post Evacuate Collection Set: 1.4ms
[2024-02-17T22:09:54.470+0000][7][gc,phases   ] GC(38)   Other: 0.1ms
[2024-02-17T22:09:54.470+0000][7][gc,age      ] GC(38) Age table with threshold 15 (max threshold 15)
[2024-02-17T22:09:54.470+0000][7][gc,age      ] GC(38) - age   1:    1147432 bytes,    1147432 total
[2024-02-17T22:09:54.470+0000][7][gc,age      ] GC(38) - age   2:     336480 bytes,    1483912 total
[2024-02-17T22:09:54.470+0000][7][gc,age      ] GC(38) - age   3:       7064 bytes,    1490976 total
[2024-02-17T22:09:54.470+0000][7][gc,age      ] GC(38) - age   4:       1200 bytes,    1492176 total
[2024-02-17T22:09:54.470+0000][7][gc,age      ] GC(38) - age   5:       4072 bytes,    1496248 total
[2024-02-17T22:09:54.470+0000][7][gc,age      ] GC(38) - age   6:       2608 bytes,    1498856 total
[2024-02-17T22:09:54.470+0000][7][gc,age      ] GC(38) - age   7:       4232 bytes,    1503088 total
[2024-02-17T22:09:54.470+0000][7][gc,age      ] GC(38) - age   8:       2456 bytes,    1505544 total
[2024-02-17T22:09:54.470+0000][7][gc,age      ] GC(38) - age   9:       4552 bytes,    1510096 total
[2024-02-17T22:09:54.470+0000][7][gc,age      ] GC(38) - age  10:       5808 bytes,    1515904 total
[2024-02-17T22:09:54.470+0000][7][gc,age      ] GC(38) - age  11:      11704 bytes,    1527608 total
[2024-02-17T22:09:54.470+0000][7][gc,age      ] GC(38) - age  12:      23328 bytes,    1550936 total
[2024-02-17T22:09:54.470+0000][7][gc,age      ] GC(38) - age  13:       7472 bytes,    1558408 total
[2024-02-17T22:09:54.470+0000][7][gc,age      ] GC(38) - age  14:      22904 bytes,    1581312 total
[2024-02-17T22:09:54.471+0000][7][gc,age      ] GC(38) - age  15:       8576 bytes,    1589888 total
[2024-02-17T22:09:54.471+0000][7][gc,heap     ] GC(38) Eden regions: 152->0(152)
[2024-02-17T22:09:54.471+0000][7][gc,heap     ] GC(38) Survivor regions: 1->1(20)
[2024-02-17T22:09:54.471+0000][7][gc,heap     ] GC(38) Old regions: 22->22
[2024-02-17T22:09:54.471+0000][7][gc,heap     ] GC(38) Archive regions: 2->2
[2024-02-17T22:09:54.471+0000][7][gc,heap     ] GC(38) Humongous regions: 0->0
[2024-02-17T22:09:54.471+0000][7][gc,metaspace] GC(38) Metaspace: 125272K(128768K)->125272K(128768K) NonClass: 108879K(110656K)->108879K(110656K) Class: 16393K(18112K)->16393K(18112K)
[2024-02-17T22:09:54.471+0000][7][gc          ] GC(38) Pause Young (Normal) (G1 Evacuation Pause) 697M->90M(1024M) 4.097ms
[2024-02-17T22:09:54.471+0000][7][gc,cpu      ] GC(38) User=0.01s Sys=0.00s Real=0.00s
[2024-02-17T22:09:54.471+0000][7][safepoint   ] Safepoint "G1CollectForAllocation", Time since last: 8072867132 ns, Reaching safepoint: 62268 ns, At safepoint: 4178016 ns, Total: 4240284 ns
[2024-02-17T22:10:03.471+0000][7][safepoint   ] Safepoint "Cleanup", Time since last: 9000704700 ns, Reaching safepoint: 62535 ns, At safepoint: 5449 ns, Total: 67984 ns
[2024-02-17T22:10:27.473+0000][7][safepoint   ] Safepoint "Cleanup", Time since last: 24002003277 ns, Reaching safepoint: 34679 ns, At safepoint: 2870 ns, Total: 37549 ns
[2024-02-17T22:11:02.477+0000][7][safepoint   ] Safepoint "Cleanup", Time since last: 35003813355 ns, Reaching safepoint: 128470 ns, At safepoint: 11057 ns, Total: 139527 ns
[2024-02-17T22:11:03.478+0000][7][safepoint   ] Safepoint "Cleanup", Time since last: 1000163779 ns, Reaching safepoint: 83846 ns, At safepoint: 14058 ns, Total: 97904 ns
[2024-02-17T22:11:06.478+0000][7][safepoint   ] Safepoint "Cleanup", Time since last: 3000278243 ns, Reaching safepoint: 68611 ns, At safepoint: 5839 ns, Total: 74450 ns
[2024-02-17T22:11:15.479+0000][7][safepoint   ] Safepoint "Cleanup", Time since last: 9001339138 ns, Reaching safepoint: 49229 ns, At safepoint: 5665 ns, Total: 54894 ns
[2024-02-17T22:11:18.480+0000][7][safepoint   ] Safepoint "Cleanup", Time since last: 3000553136 ns, Reaching safepoint: 67287 ns, At safepoint: 4820 ns, Total: 72107 ns
[2024-02-17T22:11:21.480+0000][7][safepoint   ] Safepoint "Cleanup", Time since last: 3000365186 ns, Reaching safepoint: 64678 ns, At safepoint: 8221 ns, Total: 72899 ns
[2024-02-17T22:11:27.481+0000][7][safepoint   ] Safepoint "Cleanup", Time since last: 6000563345 ns, Reaching safepoint: 57982 ns, At safepoint: 6616 ns, Total: 64598 ns
[2024-02-17T22:11:33.482+0000][7][safepoint   ] Safepoint "Cleanup", Time since last: 6000595255 ns, Reaching safepoint: 63712 ns, At safepoint: 7920 ns, Total: 71632 ns
[2024-02-17T22:11:51.484+0000][7][safepoint   ] Safepoint "Cleanup", Time since last: 18002044231 ns, Reaching safepoint: 79688 ns, At safepoint: 7181 ns, Total: 86869 ns
[2024-02-17T22:12:00.485+0000][7][safepoint   ] Safepoint "Cleanup", Time since last: 9000677019 ns, Reaching safepoint: 55430 ns, At safepoint: 4893 ns, Total: 60323 ns
[2024-02-17T22:12:16.486+0000][7][safepoint   ] Safepoint "Cleanup", Time since last: 16001298776 ns, Reaching safepoint: 61622 ns, At safepoint: 6974 ns, Total: 68596 ns
[2024-02-17T22:12:57.491+0000][7][safepoint   ] Safepoint "Cleanup", Time since last: 41004529263 ns, Reaching safepoint: 62723 ns, At safepoint: 4902 ns, Total: 67625 ns
[2024-02-17T22:13:03.448+0000][7][safepoint   ] Safepoint "Cleanup", Time since last: 5957686978 ns, Reaching safepoint: 55459 ns, At safepoint: 5928 ns, Total: 61387 ns
[2024-02-17T22:13:04.782+0000][7][safepoint   ] Safepoint "Cleanup", Time since last: 1333514513 ns, Reaching safepoint: 112111 ns, At safepoint: 9469 ns, Total: 121580 ns
[2024-02-17T22:13:27.402+0000][7][gc,start    ] GC(39) Pause Young (Normal) (G1 Evacuation Pause)
[2024-02-17T22:13:27.402+0000][7][gc,task     ] GC(39) Using 8 workers of 8 for evacuation
[2024-02-17T22:13:27.402+0000][7][gc,age      ] GC(39) Desired survivor size 41943040 bytes, new threshold 15 (max threshold 15)
[2024-02-17T22:13:27.404+0000][7][gc,phases   ] GC(39)   Pre Evacuate Collection Set: 0.1ms
[2024-02-17T22:13:27.404+0000][7][gc,phases   ] GC(39)   Merge Heap Roots: 0.1ms
[2024-02-17T22:13:27.404+0000][7][gc,phases   ] GC(39)   Evacuate Collection Set: 1.2ms
[2024-02-17T22:13:27.404+0000][7][gc,phases   ] GC(39)   Post Evacuate Collection Set: 0.9ms
[2024-02-17T22:13:27.404+0000][7][gc,phases   ] GC(39)   Other: 0.1ms
[2024-02-17T22:13:27.404+0000][7][gc,age      ] GC(39) Age table with threshold 15 (max threshold 15)
[2024-02-17T22:13:27.404+0000][7][gc,age      ] GC(39) - age   1:     549544 bytes,     549544 total
[2024-02-17T22:13:27.404+0000][7][gc,age      ] GC(39) - age   2:      12424 bytes,     561968 total
[2024-02-17T22:13:27.404+0000][7][gc,age      ] GC(39) - age   3:     272240 bytes,     834208 total
[2024-02-17T22:13:27.404+0000][7][gc,age      ] GC(39) - age   4:       6744 bytes,     840952 total
[2024-02-17T22:13:27.404+0000][7][gc,age      ] GC(39) - age   5:       1136 bytes,     842088 total
[2024-02-17T22:13:27.404+0000][7][gc,age      ] GC(39) - age   6:       3944 bytes,     846032 total
[2024-02-17T22:13:27.404+0000][7][gc,age      ] GC(39) - age   7:       2608 bytes,     848640 total
[2024-02-17T22:13:27.404+0000][7][gc,age      ] GC(39) - age   8:       4232 bytes,     852872 total
[2024-02-17T22:13:27.404+0000][7][gc,age      ] GC(39) - age   9:       2456 bytes,     855328 total
[2024-02-17T22:13:27.404+0000][7][gc,age      ] GC(39) - age  10:       4552 bytes,     859880 total
[2024-02-17T22:13:27.404+0000][7][gc,age      ] GC(39) - age  11:       5808 bytes,     865688 total
[2024-02-17T22:13:27.404+0000][7][gc,age      ] GC(39) - age  12:      11704 bytes,     877392 total
[2024-02-17T22:13:27.404+0000][7][gc,age      ] GC(39) - age  13:      23328 bytes,     900720 total
[2024-02-17T22:13:27.404+0000][7][gc,age      ] GC(39) - age  14:       7472 bytes,     908192 total
[2024-02-17T22:13:27.404+0000][7][gc,age      ] GC(39) - age  15:      22904 bytes,     931096 total
[2024-02-17T22:13:27.404+0000][7][gc,heap     ] GC(39) Eden regions: 152->0(152)
[2024-02-17T22:13:27.404+0000][7][gc,heap     ] GC(39) Survivor regions: 1->1(20)
[2024-02-17T22:13:27.404+0000][7][gc,heap     ] GC(39) Old regions: 22->22
[2024-02-17T22:13:27.404+0000][7][gc,heap     ] GC(39) Archive regions: 2->2
[2024-02-17T22:13:27.404+0000][7][gc,heap     ] GC(39) Humongous regions: 0->0
[2024-02-17T22:13:27.404+0000][7][gc,metaspace] GC(39) Metaspace: 125277K(128768K)->125277K(128768K) NonClass: 108883K(110656K)->108883K(110656K) Class: 16393K(18112K)->16393K(18112K)
[2024-02-17T22:13:27.404+0000][7][gc          ] GC(39) Pause Young (Normal) (G1 Evacuation Pause) 698M->89M(1024M) 2.820ms
[2024-02-17T22:13:27.405+0000][7][gc,cpu      ] GC(39) User=0.00s Sys=0.01s Real=0.00s
[2024-02-17T22:13:27.405+0000][7][safepoint   ] Safepoint "G1CollectForAllocation", Time since last: 22619608440 ns, Reaching safepoint: 48030 ns, At safepoint: 2907306 ns, Total: 2955336 ns
[2024-02-17T22:13:36.406+0000][7][safepoint   ] Safepoint "Cleanup", Time since last: 9000858080 ns, Reaching safepoint: 140029 ns, At safepoint: 8144 ns, Total: 148173 ns
[2024-02-17T22:14:49.415+0000][7][safepoint   ] Safepoint "Cleanup", Time since last: 73009703998 ns, Reaching safepoint: 89909 ns, At safepoint: 8676 ns, Total: 98585 ns
[2024-02-17T22:14:55.416+0000][7][safepoint   ] Safepoint "Cleanup", Time since last: 6000953986 ns, Reaching safepoint: 96823 ns, At safepoint: 12254 ns, Total: 109077 ns
[2024-02-17T22:15:10.418+0000][7][safepoint   ] Safepoint "Cleanup", Time since last: 15001258566 ns, Reaching safepoint: 49530 ns, At safepoint: 5322 ns, Total: 54852 ns
[2024-02-17T22:15:12.418+0000][7][safepoint   ] Safepoint "Cleanup", Time since last: 2000201732 ns, Reaching safepoint: 51530 ns, At safepoint: 6033 ns, Total: 57563 ns
[2024-02-17T22:15:13.418+0000][7][safepoint   ] Safepoint "Cleanup", Time since last: 1000159003 ns, Reaching safepoint: 103987 ns, At safepoint: 3759 ns, Total: 107746 ns
[2024-02-17T22:15:21.419+0000][7][safepoint   ] Safepoint "Cleanup", Time since last: 8000703166 ns, Reaching safepoint: 33250 ns, At safepoint: 5261 ns, Total: 38511 ns
[2024-02-17T22:15:28.420+0000][7][safepoint   ] Safepoint "Cleanup", Time since last: 7000707686 ns, Reaching safepoint: 79384 ns, At safepoint: 7953 ns, Total: 87337 ns
[2024-02-17T22:15:43.421+0000][7][safepoint   ] Safepoint "Cleanup", Time since last: 15001551905 ns, Reaching safepoint: 85344 ns, At safepoint: 10397 ns, Total: 95741 ns
[2024-02-17T22:15:45.422+0000][7][safepoint   ] Safepoint "Cleanup", Time since last: 2000354958 ns, Reaching safepoint: 56365 ns, At safepoint: 7365 ns, Total: 63730 ns
[2024-02-17T22:16:18.902+0000][7][gc,start    ] GC(40) Pause Young (Normal) (G1 Evacuation Pause)
[2024-02-17T22:16:18.902+0000][7][gc,task     ] GC(40) Using 8 workers of 8 for evacuation
[2024-02-17T22:16:18.902+0000][7][gc,age      ] GC(40) Desired survivor size 41943040 bytes, new threshold 15 (max threshold 15)
[2024-02-17T22:16:18.905+0000][7][gc,phases   ] GC(40)   Pre Evacuate Collection Set: 0.1ms
[2024-02-17T22:16:18.905+0000][7][gc,phases   ] GC(40)   Merge Heap Roots: 0.1ms
[2024-02-17T22:16:18.905+0000][7][gc,phases   ] GC(40)   Evacuate Collection Set: 1.7ms
[2024-02-17T22:16:18.905+0000][7][gc,phases   ] GC(40)   Post Evacuate Collection Set: 0.7ms
[2024-02-17T22:16:18.905+0000][7][gc,phases   ] GC(40)   Other: 0.1ms
[2024-02-17T22:16:18.905+0000][7][gc,age      ] GC(40) Age table with threshold 15 (max threshold 15)
[2024-02-17T22:16:18.905+0000][7][gc,age      ] GC(40) - age   1:    1732472 bytes,    1732472 total
[2024-02-17T22:16:18.905+0000][7][gc,age      ] GC(40) - age   2:     121552 bytes,    1854024 total
[2024-02-17T22:16:18.905+0000][7][gc,age      ] GC(40) - age   3:       9800 bytes,    1863824 total
[2024-02-17T22:16:18.905+0000][7][gc,age      ] GC(40) - age   4:     268032 bytes,    2131856 total
[2024-02-17T22:16:18.905+0000][7][gc,age      ] GC(40) - age   5:       6496 bytes,    2138352 total
[2024-02-17T22:16:18.905+0000][7][gc,age      ] GC(40) - age   6:       1008 bytes,    2139360 total
[2024-02-17T22:16:18.905+0000][7][gc,age      ] GC(40) - age   7:       3528 bytes,    2142888 total
[2024-02-17T22:16:18.905+0000][7][gc,age      ] GC(40) - age   8:       2608 bytes,    2145496 total
[2024-02-17T22:16:18.905+0000][7][gc,age      ] GC(40) - age   9:       4232 bytes,    2149728 total
[2024-02-17T22:16:18.905+0000][7][gc,age      ] GC(40) - age  10:       2456 bytes,    2152184 total
[2024-02-17T22:16:18.905+0000][7][gc,age      ] GC(40) - age  11:       4552 bytes,    2156736 total
[2024-02-17T22:16:18.905+0000][7][gc,age      ] GC(40) - age  12:       5808 bytes,    2162544 total
[2024-02-17T22:16:18.905+0000][7][gc,age      ] GC(40) - age  13:      11704 bytes,    2174248 total
[2024-02-17T22:16:18.905+0000][7][gc,age      ] GC(40) - age  14:      23328 bytes,    2197576 total
[2024-02-17T22:16:18.905+0000][7][gc,age      ] GC(40) - age  15:       7472 bytes,    2205048 total
[2024-02-17T22:16:18.905+0000][7][gc,heap     ] GC(40) Eden regions: 152->0(152)
[2024-02-17T22:16:18.905+0000][7][gc,heap     ] GC(40) Survivor regions: 1->1(20)
[2024-02-17T22:16:18.905+0000][7][gc,heap     ] GC(40) Old regions: 22->22
[2024-02-17T22:16:18.905+0000][7][gc,heap     ] GC(40) Archive regions: 2->2
[2024-02-17T22:16:18.905+0000][7][gc,heap     ] GC(40) Humongous regions: 0->0
[2024-02-17T22:16:18.905+0000][7][gc,metaspace] GC(40) Metaspace: 125319K(128768K)->125319K(128768K) NonClass: 108925K(110656K)->108925K(110656K) Class: 16394K(18112K)->16394K(18112K)
[2024-02-17T22:16:18.905+0000][7][gc          ] GC(40) Pause Young (Normal) (G1 Evacuation Pause) 697M->90M(1024M) 3.059ms
[2024-02-17T22:16:18.905+0000][7][gc,cpu      ] GC(40) User=0.01s Sys=0.00s Real=0.00s
[2024-02-17T22:16:18.905+0000][7][safepoint   ] Safepoint "G1CollectForAllocation", Time since last: 33480413365 ns, Reaching safepoint: 48848 ns, At safepoint: 3137726 ns, Total: 3186574 ns
[2024-02-17T22:16:21.906+0000][7][safepoint   ] Safepoint "Cleanup", Time since last: 3000400353 ns, Reaching safepoint: 70650 ns, At safepoint: 10482 ns, Total: 81132 ns
[2024-02-17T22:18:03.178+0000][7][safepoint   ] Safepoint "Cleanup", Time since last: 102011830629 ns, Reaching safepoint: 69249 ns, At safepoint: 7482 ns, Total: 76731 ns
[2024-02-17T22:18:33.182+0000][7][safepoint   ] Safepoint "Cleanup", Time since last: 30003863725 ns, Reaching safepoint: 61471 ns, At safepoint: 7049 ns, Total: 68520 ns
[2024-02-17T22:18:41.788+0000][7][safepoint   ] Safepoint "Cleanup", Time since last: 8605485538 ns, Reaching safepoint: 138091 ns, At safepoint: 5372 ns, Total: 143463 ns
[2024-02-17T22:18:42.788+0000][7][safepoint   ] Safepoint "Cleanup", Time since last: 1000143689 ns, Reaching safepoint: 127578 ns, At safepoint: 6337 ns, Total: 133915 ns
[2024-02-17T22:18:44.789+0000][7][safepoint   ] Safepoint "Cleanup", Time since last: 2000504801 ns, Reaching safepoint: 85899 ns, At safepoint: 7930 ns, Total: 93829 ns
[2024-02-17T22:18:46.789+0000][7][safepoint   ] Safepoint "Cleanup", Time since last: 2000214658 ns, Reaching safepoint: 66424 ns, At safepoint: 8959 ns, Total: 75383 ns
[2024-02-17T22:18:50.789+0000][7][safepoint   ] Safepoint "Cleanup", Time since last: 4000420403 ns, Reaching safepoint: 67074 ns, At safepoint: 6748 ns, Total: 73822 ns
[2024-02-17T22:18:53.790+0000][7][safepoint   ] Safepoint "Cleanup", Time since last: 3000322746 ns, Reaching safepoint: 73736 ns, At safepoint: 8304 ns, Total: 82040 ns
[2024-02-17T22:18:56.790+0000][7][safepoint   ] Safepoint "Cleanup", Time since last: 3000376059 ns, Reaching safepoint: 71589 ns, At safepoint: 5956 ns, Total: 77545 ns
[2024-02-17T22:18:59.791+0000][7][safepoint   ] Safepoint "Cleanup", Time since last: 3000419954 ns, Reaching safepoint: 50560 ns, At safepoint: 4437 ns, Total: 54997 ns
[2024-02-17T22:19:02.791+0000][7][safepoint   ] Safepoint "Cleanup", Time since last: 3000570557 ns, Reaching safepoint: 60823 ns, At safepoint: 4766 ns, Total: 65589 ns
[2024-02-17T22:19:05.773+0000][7][gc,start    ] GC(41) Pause Young (Normal) (G1 Evacuation Pause)
[2024-02-17T22:19:05.773+0000][7][gc,task     ] GC(41) Using 8 workers of 8 for evacuation
[2024-02-17T22:19:05.773+0000][7][gc,age      ] GC(41) Desired survivor size 41943040 bytes, new threshold 15 (max threshold 15)
[2024-02-17T22:19:05.776+0000][7][gc,phases   ] GC(41)   Pre Evacuate Collection Set: 0.1ms
[2024-02-17T22:19:05.776+0000][7][gc,phases   ] GC(41)   Merge Heap Roots: 0.1ms
[2024-02-17T22:19:05.776+0000][7][gc,phases   ] GC(41)   Evacuate Collection Set: 1.6ms
[2024-02-17T22:19:05.776+0000][7][gc,phases   ] GC(41)   Post Evacuate Collection Set: 0.8ms
[2024-02-17T22:19:05.776+0000][7][gc,phases   ] GC(41)   Other: 0.1ms
[2024-02-17T22:19:05.776+0000][7][gc,age      ] GC(41) Age table with threshold 15 (max threshold 15)
[2024-02-17T22:19:05.776+0000][7][gc,age      ] GC(41) - age   1:    1175832 bytes,    1175832 total
[2024-02-17T22:19:05.776+0000][7][gc,age      ] GC(41) - age   2:      25576 bytes,    1201408 total
[2024-02-17T22:19:05.776+0000][7][gc,age      ] GC(41) - age   3:     120440 bytes,    1321848 total
[2024-02-17T22:19:05.776+0000][7][gc,age      ] GC(41) - age   4:       9736 bytes,    1331584 total
[2024-02-17T22:19:05.776+0000][7][gc,age      ] GC(41) - age   5:     267560 bytes,    1599144 total
[2024-02-17T22:19:05.776+0000][7][gc,age      ] GC(41) - age   6:       6312 bytes,    1605456 total
[2024-02-17T22:19:05.776+0000][7][gc,age      ] GC(41) - age   7:       1008 bytes,    1606464 total
[2024-02-17T22:19:05.776+0000][7][gc,age      ] GC(41) - age   8:       3528 bytes,    1609992 total
[2024-02-17T22:19:05.776+0000][7][gc,age      ] GC(41) - age   9:       2608 bytes,    1612600 total
[2024-02-17T22:19:05.776+0000][7][gc,age      ] GC(41) - age  10:       4232 bytes,    1616832 total
[2024-02-17T22:19:05.776+0000][7][gc,age      ] GC(41) - age  11:       2456 bytes,    1619288 total
[2024-02-17T22:19:05.776+0000][7][gc,age      ] GC(41) - age  12:       4552 bytes,    1623840 total
[2024-02-17T22:19:05.776+0000][7][gc,age      ] GC(41) - age  13:       5808 bytes,    1629648 total
[2024-02-17T22:19:05.776+0000][7][gc,age      ] GC(41) - age  14:      11704 bytes,    1641352 total
[2024-02-17T22:19:05.776+0000][7][gc,age      ] GC(41) - age  15:      23328 bytes,    1664680 total
[2024-02-17T22:19:05.776+0000][7][gc,heap     ] GC(41) Eden regions: 152->0(152)
[2024-02-17T22:19:05.776+0000][7][gc,heap     ] GC(41) Survivor regions: 1->1(20)
[2024-02-17T22:19:05.776+0000][7][gc,heap     ] GC(41) Old regions: 22->22
[2024-02-17T22:19:05.776+0000][7][gc,heap     ] GC(41) Archive regions: 2->2
[2024-02-17T22:19:05.776+0000][7][gc,heap     ] GC(41) Humongous regions: 0->0
[2024-02-17T22:19:05.776+0000][7][gc,metaspace] GC(41) Metaspace: 125357K(128832K)->125357K(128832K) NonClass: 108957K(110720K)->108957K(110720K) Class: 16400K(18112K)->16400K(18112K)
[2024-02-17T22:19:05.776+0000][7][gc          ] GC(41) Pause Young (Normal) (G1 Evacuation Pause) 698M->90M(1024M) 3.052ms
[2024-02-17T22:19:05.776+0000][7][gc,cpu      ] GC(41) User=0.01s Sys=0.01s Real=0.00s
[2024-02-17T22:19:05.776+0000][7][safepoint   ] Safepoint "G1CollectForAllocation", Time since last: 2981767585 ns, Reaching safepoint: 54163 ns, At safepoint: 3143236 ns, Total: 3197399 ns
[2024-02-17T22:19:08.777+0000][7][safepoint   ] Safepoint "Cleanup", Time since last: 3000291913 ns, Reaching safepoint: 72054 ns, At safepoint: 19515 ns, Total: 91569 ns
[2024-02-17T22:19:17.246+0000][7][safepoint   ] Safepoint "Cleanup", Time since last: 9000900820 ns, Reaching safepoint: 65533 ns, At safepoint: 7920 ns, Total: 73453 ns
[2024-02-17T22:19:20.247+0000][7][safepoint   ] Safepoint "Cleanup", Time since last: 3000378290 ns, Reaching safepoint: 53659 ns, At safepoint: 4692 ns, Total: 58351 ns
[2024-02-17T22:19:21.247+0000][7][safepoint   ] Safepoint "Cleanup", Time since last: 1000105431 ns, Reaching safepoint: 37136 ns, At safepoint: 3096 ns, Total: 40232 ns
[2024-02-17T22:19:23.247+0000][7][safepoint   ] Safepoint "Cleanup", Time since last: 2000292294 ns, Reaching safepoint: 108084 ns, At safepoint: 22606 ns, Total: 130690 ns
[2024-02-17T22:19:24.248+0000][7][safepoint   ] Safepoint "Cleanup", Time since last: 1000161846 ns, Reaching safepoint: 79252 ns, At safepoint: 5776 ns, Total: 85028 ns
[2024-02-17T22:19:29.248+0000][7][safepoint   ] Safepoint "Cleanup", Time since last: 5000655654 ns, Reaching safepoint: 83003 ns, At safepoint: 16218 ns, Total: 99221 ns
[2024-02-17T22:19:30.249+0000][7][safepoint   ] Safepoint "Cleanup", Time since last: 1000237693 ns, Reaching safepoint: 73792 ns, At safepoint: 7763 ns, Total: 81555 ns
[2024-02-17T22:19:32.249+0000][7][safepoint   ] Safepoint "Cleanup", Time since last: 2000470401 ns, Reaching safepoint: 62873 ns, At safepoint: 6470 ns, Total: 69343 ns
[2024-02-17T22:19:44.251+0000][7][safepoint   ] Safepoint "Cleanup", Time since last: 12001412862 ns, Reaching safepoint: 65849 ns, At safepoint: 5281 ns, Total: 71130 ns
[2024-02-17T22:19:48.674+0000][7][safepoint   ] Safepoint "Cleanup", Time since last: 3000637431 ns, Reaching safepoint: 43716 ns, At safepoint: 3845 ns, Total: 47561 ns
[2024-02-17T22:19:54.675+0000][7][safepoint   ] Safepoint "Cleanup", Time since last: 6000518689 ns, Reaching safepoint: 66135 ns, At safepoint: 5903 ns, Total: 72038 ns
[2024-02-17T22:19:55.675+0000][7][safepoint   ] Safepoint "Cleanup", Time since last: 1000165099 ns, Reaching safepoint: 97418 ns, At safepoint: 14354 ns, Total: 111772 ns
[2024-02-17T22:20:03.676+0000][7][safepoint   ] Safepoint "Cleanup", Time since last: 8000828181 ns, Reaching safepoint: 73859 ns, At safepoint: 7292 ns, Total: 81151 ns
[2024-02-17T22:20:09.677+0000][7][safepoint   ] Safepoint "Cleanup", Time since last: 6000778022 ns, Reaching safepoint: 58238 ns, At safepoint: 7874 ns, Total: 66112 ns
[2024-02-17T22:20:18.678+0000][7][safepoint   ] Safepoint "Cleanup", Time since last: 9000956784 ns, Reaching safepoint: 47018 ns, At safepoint: 5275 ns, Total: 52293 ns
[2024-02-17T22:20:27.679+0000][7][safepoint   ] Safepoint "Cleanup", Time since last: 9001297024 ns, Reaching safepoint: 90166 ns, At safepoint: 8958 ns, Total: 99124 ns
[2024-02-17T22:20:36.680+0000][7][safepoint   ] Safepoint "Cleanup", Time since last: 9000908649 ns, Reaching safepoint: 65654 ns, At safepoint: 6140 ns, Total: 71794 ns
[2024-02-17T22:20:48.682+0000][7][safepoint   ] Safepoint "Cleanup", Time since last: 12001504638 ns, Reaching safepoint: 72893 ns, At safepoint: 7488 ns, Total: 80381 ns
[2024-02-17T22:21:06.685+0000][7][safepoint   ] Safepoint "Cleanup", Time since last: 18002862226 ns, Reaching safepoint: 77544 ns, At safepoint: 7938 ns, Total: 85482 ns
[2024-02-17T22:21:13.686+0000][7][safepoint   ] Safepoint "Cleanup", Time since last: 7001167387 ns, Reaching safepoint: 93663 ns, At safepoint: 7712 ns, Total: 101375 ns
[2024-02-17T22:21:24.688+0000][7][safepoint   ] Safepoint "Cleanup", Time since last: 11001501225 ns, Reaching safepoint: 63101 ns, At safepoint: 5479 ns, Total: 68580 ns
[2024-02-17T22:21:30.688+0000][7][safepoint   ] Safepoint "Cleanup", Time since last: 6000578237 ns, Reaching safepoint: 71769 ns, At safepoint: 6523 ns, Total: 78292 ns
[2024-02-17T22:21:42.689+0000][7][safepoint   ] Safepoint "Cleanup", Time since last: 12001097302 ns, Reaching safepoint: 70097 ns, At safepoint: 4932 ns, Total: 75029 ns
[2024-02-17T22:21:45.690+0000][7][safepoint   ] Safepoint "Cleanup", Time since last: 3000445214 ns, Reaching safepoint: 62249 ns, At safepoint: 6548 ns, Total: 68797 ns
[2024-02-17T22:22:00.692+0000][7][safepoint   ] Safepoint "Cleanup", Time since last: 15002082754 ns, Reaching safepoint: 67419 ns, At safepoint: 7188 ns, Total: 74607 ns
[2024-02-17T22:22:03.692+0000][7][safepoint   ] Safepoint "Cleanup", Time since last: 3000325854 ns, Reaching safepoint: 81283 ns, At safepoint: 9083 ns, Total: 90366 ns
[2024-02-17T22:22:24.923+0000][7][gc,start    ] GC(42) Pause Young (Normal) (G1 Evacuation Pause)
[2024-02-17T22:22:24.923+0000][7][gc,task     ] GC(42) Using 8 workers of 8 for evacuation
[2024-02-17T22:22:24.923+0000][7][gc,age      ] GC(42) Desired survivor size 41943040 bytes, new threshold 15 (max threshold 15)
[2024-02-17T22:22:24.926+0000][7][gc,phases   ] GC(42)   Pre Evacuate Collection Set: 0.1ms
[2024-02-17T22:22:24.926+0000][7][gc,phases   ] GC(42)   Merge Heap Roots: 0.1ms
[2024-02-17T22:22:24.926+0000][7][gc,phases   ] GC(42)   Evacuate Collection Set: 1.8ms
[2024-02-17T22:22:24.926+0000][7][gc,phases   ] GC(42)   Post Evacuate Collection Set: 0.8ms
[2024-02-17T22:22:24.926+0000][7][gc,phases   ] GC(42)   Other: 0.1ms
[2024-02-17T22:22:24.926+0000][7][gc,age      ] GC(42) Age table with threshold 15 (max threshold 15)
[2024-02-17T22:22:24.926+0000][7][gc,age      ] GC(42) - age   1:    1172328 bytes,    1172328 total
[2024-02-17T22:22:24.926+0000][7][gc,age      ] GC(42) - age   2:     308560 bytes,    1480888 total
[2024-02-17T22:22:24.926+0000][7][gc,age      ] GC(42) - age   3:      23240 bytes,    1504128 total
[2024-02-17T22:22:24.926+0000][7][gc,age      ] GC(42) - age   4:     119696 bytes,    1623824 total
[2024-02-17T22:22:24.926+0000][7][gc,age      ] GC(42) - age   5:       9672 bytes,    1633496 total
[2024-02-17T22:22:24.926+0000][7][gc,age      ] GC(42) - age   6:     259152 bytes,    1892648 total
[2024-02-17T22:22:24.926+0000][7][gc,age      ] GC(42) - age   7:       6312 bytes,    1898960 total
[2024-02-17T22:22:24.926+0000][7][gc,age      ] GC(42) - age   8:       1008 bytes,    1899968 total
[2024-02-17T22:22:24.926+0000][7][gc,age      ] GC(42) - age   9:       3528 bytes,    1903496 total
[2024-02-17T22:22:24.926+0000][7][gc,age      ] GC(42) - age  10:       2608 bytes,    1906104 total
[2024-02-17T22:22:24.926+0000][7][gc,age      ] GC(42) - age  11:       4232 bytes,    1910336 total
[2024-02-17T22:22:24.926+0000][7][gc,age      ] GC(42) - age  12:       2456 bytes,    1912792 total
[2024-02-17T22:22:24.926+0000][7][gc,age      ] GC(42) - age  13:       4552 bytes,    1917344 total
[2024-02-17T22:22:24.926+0000][7][gc,age      ] GC(42) - age  14:       5808 bytes,    1923152 total
[2024-02-17T22:22:24.926+0000][7][gc,age      ] GC(42) - age  15:      11704 bytes,    1934856 total
[2024-02-17T22:22:24.926+0000][7][gc,heap     ] GC(42) Eden regions: 152->0(152)
[2024-02-17T22:22:24.926+0000][7][gc,heap     ] GC(42) Survivor regions: 1->1(20)
[2024-02-17T22:22:24.926+0000][7][gc,heap     ] GC(42) Old regions: 22->22
[2024-02-17T22:22:24.926+0000][7][gc,heap     ] GC(42) Archive regions: 2->2
[2024-02-17T22:22:24.926+0000][7][gc,heap     ] GC(42) Humongous regions: 0->0
[2024-02-17T22:22:24.926+0000][7][gc,metaspace] GC(42) Metaspace: 125377K(128832K)->125377K(128832K) NonClass: 108977K(110720K)->108977K(110720K) Class: 16400K(18112K)->16400K(18112K)
[2024-02-17T22:22:24.927+0000][7][gc          ] GC(42) Pause Young (Normal) (G1 Evacuation Pause) 698M->90M(1024M) 3.255ms
[2024-02-17T22:22:24.927+0000][7][gc,cpu      ] GC(42) User=0.01s Sys=0.00s Real=0.01s
[2024-02-17T22:22:24.927+0000][7][safepoint   ] Safepoint "G1CollectForAllocation", Time since last: 21230725011 ns, Reaching safepoint: 72012 ns, At safepoint: 3351619 ns, Total: 3423631 ns
[2024-02-17T22:22:30.928+0000][7][safepoint   ] Safepoint "Cleanup", Time since last: 6000925270 ns, Reaching safepoint: 79002 ns, At safepoint: 6591 ns, Total: 85593 ns
[2024-02-17T22:22:36.928+0000][7][safepoint   ] Safepoint "Cleanup", Time since last: 6000545298 ns, Reaching safepoint: 77199 ns, At safepoint: 8742 ns, Total: 85941 ns
[2024-02-17T22:23:00.932+0000][7][safepoint   ] Safepoint "Cleanup", Time since last: 24003499097 ns, Reaching safepoint: 36690 ns, At safepoint: 3639 ns, Total: 40329 ns
[2024-02-17T22:23:03.932+0000][7][safepoint   ] Safepoint "Cleanup", Time since last: 3000280685 ns, Reaching safepoint: 81588 ns, At safepoint: 6757 ns, Total: 88345 ns
[2024-02-17T22:23:33.936+0000][7][safepoint   ] Safepoint "Cleanup", Time since last: 30004217185 ns, Reaching safepoint: 73504 ns, At safepoint: 6988 ns, Total: 80492 ns
[2024-02-17T22:24:18.942+0000][7][safepoint   ] Safepoint "Cleanup", Time since last: 45005548212 ns, Reaching safepoint: 80516 ns, At safepoint: 6947 ns, Total: 87463 ns
[2024-02-17T22:24:33.944+0000][7][safepoint   ] Safepoint "Cleanup", Time since last: 15002058225 ns, Reaching safepoint: 84082 ns, At safepoint: 13756 ns, Total: 97838 ns
[2024-02-17T22:24:37.945+0000][7][safepoint   ] Safepoint "Cleanup", Time since last: 4000429719 ns, Reaching safepoint: 69241 ns, At safepoint: 6594 ns, Total: 75835 ns
[2024-02-17T22:24:48.946+0000][7][safepoint   ] Safepoint "Cleanup", Time since last: 11001475457 ns, Reaching safepoint: 68097 ns, At safepoint: 11388 ns, Total: 79485 ns
[2024-02-17T22:25:03.948+0000][7][safepoint   ] Safepoint "Cleanup", Time since last: 15001845921 ns, Reaching safepoint: 85325 ns, At safepoint: 10336 ns, Total: 95661 ns
[2024-02-17T22:25:15.950+0000][7][safepoint   ] Safepoint "Cleanup", Time since last: 12001668819 ns, Reaching safepoint: 69345 ns, At safepoint: 5172 ns, Total: 74517 ns
[2024-02-17T22:25:18.951+0000][7][safepoint   ] Safepoint "Cleanup", Time since last: 3000485550 ns, Reaching safepoint: 93062 ns, At safepoint: 10548 ns, Total: 103610 ns
[2024-02-17T22:25:36.952+0000][7][safepoint   ] Safepoint "Cleanup", Time since last: 18001846430 ns, Reaching safepoint: 79875 ns, At safepoint: 6843 ns, Total: 86718 ns
[2024-02-17T22:25:55.204+0000][7][gc,start    ] GC(43) Pause Young (Normal) (G1 Evacuation Pause)
[2024-02-17T22:25:55.204+0000][7][gc,task     ] GC(43) Using 8 workers of 8 for evacuation
[2024-02-17T22:25:55.204+0000][7][gc,age      ] GC(43) Desired survivor size 41943040 bytes, new threshold 15 (max threshold 15)
[2024-02-17T22:25:55.208+0000][7][gc,phases   ] GC(43)   Pre Evacuate Collection Set: 0.1ms
[2024-02-17T22:25:55.208+0000][7][gc,phases   ] GC(43)   Merge Heap Roots: 0.1ms
[2024-02-17T22:25:55.208+0000][7][gc,phases   ] GC(43)   Evacuate Collection Set: 2.2ms
[2024-02-17T22:25:55.208+0000][7][gc,phases   ] GC(43)   Post Evacuate Collection Set: 1.1ms
[2024-02-17T22:25:55.208+0000][7][gc,phases   ] GC(43)   Other: 0.1ms
[2024-02-17T22:25:55.208+0000][7][gc,age      ] GC(43) Age table with threshold 15 (max threshold 15)
[2024-02-17T22:25:55.208+0000][7][gc,age      ] GC(43) - age   1:    1853448 bytes,    1853448 total
[2024-02-17T22:25:55.208+0000][7][gc,age      ] GC(43) - age   2:       3528 bytes,    1856976 total
[2024-02-17T22:25:55.208+0000][7][gc,age      ] GC(43) - age   3:     307096 bytes,    2164072 total
[2024-02-17T22:25:55.208+0000][7][gc,age      ] GC(43) - age   4:      18648 bytes,    2182720 total
[2024-02-17T22:25:55.208+0000][7][gc,age      ] GC(43) - age   5:     119696 bytes,    2302416 total
[2024-02-17T22:25:55.208+0000][7][gc,age      ] GC(43) - age   6:       9672 bytes,    2312088 total
[2024-02-17T22:25:55.208+0000][7][gc,age      ] GC(43) - age   7:     259120 bytes,    2571208 total
[2024-02-17T22:25:55.208+0000][7][gc,age      ] GC(43) - age   8:       6312 bytes,    2577520 total
[2024-02-17T22:25:55.208+0000][7][gc,age      ] GC(43) - age   9:       1008 bytes,    2578528 total
[2024-02-17T22:25:55.208+0000][7][gc,age      ] GC(43) - age  10:       3528 bytes,    2582056 total
[2024-02-17T22:25:55.208+0000][7][gc,age      ] GC(43) - age  11:       2608 bytes,    2584664 total
[2024-02-17T22:25:55.208+0000][7][gc,age      ] GC(43) - age  12:       4232 bytes,    2588896 total
[2024-02-17T22:25:55.208+0000][7][gc,age      ] GC(43) - age  13:       2456 bytes,    2591352 total
[2024-02-17T22:25:55.208+0000][7][gc,age      ] GC(43) - age  14:       4552 bytes,    2595904 total
[2024-02-17T22:25:55.208+0000][7][gc,age      ] GC(43) - age  15:       5808 bytes,    2601712 total
[2024-02-17T22:25:55.208+0000][7][gc,heap     ] GC(43) Eden regions: 152->0(152)
[2024-02-17T22:25:55.208+0000][7][gc,heap     ] GC(43) Survivor regions: 1->1(20)
[2024-02-17T22:25:55.208+0000][7][gc,heap     ] GC(43) Old regions: 22->22
[2024-02-17T22:25:55.208+0000][7][gc,heap     ] GC(43) Archive regions: 2->2
[2024-02-17T22:25:55.208+0000][7][gc,heap     ] GC(43) Humongous regions: 0->0
[2024-02-17T22:25:55.208+0000][7][gc,metaspace] GC(43) Metaspace: 125395K(128896K)->125395K(128896K) NonClass: 108995K(110784K)->108995K(110784K) Class: 16400K(18112K)->16400K(18112K)
[2024-02-17T22:25:55.208+0000][7][gc          ] GC(43) Pause Young (Normal) (G1 Evacuation Pause) 698M->91M(1024M) 4.094ms
[2024-02-17T22:25:55.208+0000][7][gc,cpu      ] GC(43) User=0.02s Sys=0.00s Real=0.00s
[2024-02-17T22:25:55.208+0000][7][safepoint   ] Safepoint "G1CollectForAllocation", Time since last: 18251396130 ns, Reaching safepoint: 60862 ns, At safepoint: 4192468 ns, Total: 4253330 ns
[2024-02-17T22:26:31.213+0000][7][safepoint   ] Safepoint "Cleanup", Time since last: 36004315306 ns, Reaching safepoint: 84086 ns, At safepoint: 6018 ns, Total: 90104 ns
[2024-02-17T22:27:04.217+0000][7][safepoint   ] Safepoint "Cleanup", Time since last: 33003964336 ns, Reaching safepoint: 101941 ns, At safepoint: 20629 ns, Total: 122570 ns
[2024-02-17T22:27:52.222+0000][7][safepoint   ] Safepoint "Cleanup", Time since last: 48004967125 ns, Reaching safepoint: 84639 ns, At safepoint: 9888 ns, Total: 94527 ns
[2024-02-17T22:28:52.228+0000][7][safepoint   ] Safepoint "Cleanup", Time since last: 60006254943 ns, Reaching safepoint: 79474 ns, At safepoint: 7548 ns, Total: 87022 ns
[2024-02-17T22:29:34.909+0000][7][gc,start    ] GC(44) Pause Young (Normal) (G1 Evacuation Pause)
[2024-02-17T22:29:34.909+0000][7][gc,task     ] GC(44) Using 8 workers of 8 for evacuation
[2024-02-17T22:29:34.909+0000][7][gc,age      ] GC(44) Desired survivor size 41943040 bytes, new threshold 15 (max threshold 15)
[2024-02-17T22:29:34.913+0000][7][gc,phases   ] GC(44)   Pre Evacuate Collection Set: 0.1ms
[2024-02-17T22:29:34.913+0000][7][gc,phases   ] GC(44)   Merge Heap Roots: 0.1ms
[2024-02-17T22:29:34.913+0000][7][gc,phases   ] GC(44)   Evacuate Collection Set: 1.9ms
[2024-02-17T22:29:34.913+0000][7][gc,phases   ] GC(44)   Post Evacuate Collection Set: 0.9ms
[2024-02-17T22:29:34.913+0000][7][gc,phases   ] GC(44)   Other: 0.1ms
[2024-02-17T22:29:34.913+0000][7][gc,age      ] GC(44) Age table with threshold 15 (max threshold 15)
[2024-02-17T22:29:34.913+0000][7][gc,age      ] GC(44) - age   1:    1167848 bytes,    1167848 total
[2024-02-17T22:29:34.913+0000][7][gc,age      ] GC(44) - age   2:      17288 bytes,    1185136 total
[2024-02-17T22:29:34.913+0000][7][gc,age      ] GC(44) - age   3:       1800 bytes,    1186936 total
[2024-02-17T22:29:34.913+0000][7][gc,age      ] GC(44) - age   4:     306848 bytes,    1493784 total
[2024-02-17T22:29:34.913+0000][7][gc,age      ] GC(44) - age   5:      18624 bytes,    1512408 total
[2024-02-17T22:29:34.913+0000][7][gc,age      ] GC(44) - age   6:     119480 bytes,    1631888 total
[2024-02-17T22:29:34.913+0000][7][gc,age      ] GC(44) - age   7:       9672 bytes,    1641560 total
[2024-02-17T22:29:34.913+0000][7][gc,age      ] GC(44) - age   8:     250688 bytes,    1892248 total
[2024-02-17T22:29:34.913+0000][7][gc,age      ] GC(44) - age   9:       6312 bytes,    1898560 total
[2024-02-17T22:29:34.913+0000][7][gc,age      ] GC(44) - age  10:       1008 bytes,    1899568 total
[2024-02-17T22:29:34.913+0000][7][gc,age      ] GC(44) - age  11:       3528 bytes,    1903096 total
[2024-02-17T22:29:34.913+0000][7][gc,age      ] GC(44) - age  12:       2608 bytes,    1905704 total
[2024-02-17T22:29:34.913+0000][7][gc,age      ] GC(44) - age  13:       4232 bytes,    1909936 total
[2024-02-17T22:29:34.913+0000][7][gc,age      ] GC(44) - age  14:       2456 bytes,    1912392 total
[2024-02-17T22:29:34.913+0000][7][gc,age      ] GC(44) - age  15:       4552 bytes,    1916944 total
[2024-02-17T22:29:34.913+0000][7][gc,heap     ] GC(44) Eden regions: 152->0(152)
[2024-02-17T22:29:34.913+0000][7][gc,heap     ] GC(44) Survivor regions: 1->1(20)
[2024-02-17T22:29:34.913+0000][7][gc,heap     ] GC(44) Old regions: 22->22
[2024-02-17T22:29:34.913+0000][7][gc,heap     ] GC(44) Archive regions: 2->2
[2024-02-17T22:29:34.913+0000][7][gc,heap     ] GC(44) Humongous regions: 0->0
[2024-02-17T22:29:34.913+0000][7][gc,metaspace] GC(44) Metaspace: 125414K(128960K)->125414K(128960K) NonClass: 109014K(110848K)->109014K(110848K) Class: 16400K(18112K)->16400K(18112K)
[2024-02-17T22:29:34.913+0000][7][gc          ] GC(44) Pause Young (Normal) (G1 Evacuation Pause) 699M->90M(1024M) 3.490ms
[2024-02-17T22:29:34.913+0000][7][gc,cpu      ] GC(44) User=0.01s Sys=0.00s Real=0.01s
[2024-02-17T22:29:34.913+0000][7][safepoint   ] Safepoint "G1CollectForAllocation", Time since last: 42681187561 ns, Reaching safepoint: 78758 ns, At safepoint: 3590450 ns, Total: 3669208 ns
[2024-02-17T22:29:36.913+0000][7][safepoint   ] Safepoint "Cleanup", Time since last: 2000391963 ns, Reaching safepoint: 75586 ns, At safepoint: 7234 ns, Total: 82820 ns
[2024-02-17T22:29:42.914+0000][7][safepoint   ] Safepoint "Cleanup", Time since last: 6000848214 ns, Reaching safepoint: 81522 ns, At safepoint: 20738 ns, Total: 102260 ns
[2024-02-17T22:29:51.915+0000][7][safepoint   ] Safepoint "Cleanup", Time since last: 9001095326 ns, Reaching safepoint: 61921 ns, At safepoint: 7386 ns, Total: 69307 ns
[2024-02-17T22:30:03.917+0000][7][safepoint   ] Safepoint "Cleanup", Time since last: 12001162855 ns, Reaching safepoint: 44672 ns, At safepoint: 6124 ns, Total: 50796 ns
[2024-02-17T22:31:03.925+0000][7][safepoint   ] Safepoint "Cleanup", Time since last: 60008342574 ns, Reaching safepoint: 52535 ns, At safepoint: 4163 ns, Total: 56698 ns
[2024-02-17T22:31:12.926+0000][7][safepoint   ] Safepoint "Cleanup", Time since last: 9001261042 ns, Reaching safepoint: 63800 ns, At safepoint: 5950 ns, Total: 69750 ns
[2024-02-17T22:32:03.933+0000][7][safepoint   ] Safepoint "Cleanup", Time since last: 51006602210 ns, Reaching safepoint: 68638 ns, At safepoint: 8576 ns, Total: 77214 ns
[2024-02-17T22:32:48.938+0000][7][safepoint   ] Safepoint "Cleanup", Time since last: 45005008001 ns, Reaching safepoint: 64408 ns, At safepoint: 4803 ns, Total: 69211 ns
[2024-02-17T22:33:00.940+0000][7][safepoint   ] Safepoint "Cleanup", Time since last: 12001461002 ns, Reaching safepoint: 58143 ns, At safepoint: 5983 ns, Total: 64126 ns
[2024-02-17T22:33:03.940+0000][7][safepoint   ] Safepoint "Cleanup", Time since last: 3000257924 ns, Reaching safepoint: 76769 ns, At safepoint: 21175 ns, Total: 97944 ns
[2024-02-17T22:33:06.642+0000][7][gc,start    ] GC(45) Pause Young (Normal) (G1 Evacuation Pause)
[2024-02-17T22:33:06.642+0000][7][gc,task     ] GC(45) Using 8 workers of 8 for evacuation
[2024-02-17T22:33:06.642+0000][7][gc,age      ] GC(45) Desired survivor size 41943040 bytes, new threshold 15 (max threshold 15)
[2024-02-17T22:33:06.645+0000][7][gc,phases   ] GC(45)   Pre Evacuate Collection Set: 0.1ms
[2024-02-17T22:33:06.645+0000][7][gc,phases   ] GC(45)   Merge Heap Roots: 0.1ms
[2024-02-17T22:33:06.645+0000][7][gc,phases   ] GC(45)   Evacuate Collection Set: 1.4ms
[2024-02-17T22:33:06.645+0000][7][gc,phases   ] GC(45)   Post Evacuate Collection Set: 0.9ms
[2024-02-17T22:33:06.645+0000][7][gc,phases   ] GC(45)   Other: 0.1ms
[2024-02-17T22:33:06.645+0000][7][gc,age      ] GC(45) Age table with threshold 15 (max threshold 15)
[2024-02-17T22:33:06.645+0000][7][gc,age      ] GC(45) - age   1:     820464 bytes,     820464 total
[2024-02-17T22:33:06.645+0000][7][gc,age      ] GC(45) - age   2:      10632 bytes,     831096 total
[2024-02-17T22:33:06.645+0000][7][gc,age      ] GC(45) - age   3:      14144 bytes,     845240 total
[2024-02-17T22:33:06.645+0000][7][gc,age      ] GC(45) - age   4:       1736 bytes,     846976 total
[2024-02-17T22:33:06.645+0000][7][gc,age      ] GC(45) - age   5:     306720 bytes,    1153696 total
[2024-02-17T22:33:06.645+0000][7][gc,age      ] GC(45) - age   6:      18624 bytes,    1172320 total
[2024-02-17T22:33:06.645+0000][7][gc,age      ] GC(45) - age   7:     119480 bytes,    1291800 total
[2024-02-17T22:33:06.645+0000][7][gc,age      ] GC(45) - age   8:       9488 bytes,    1301288 total
[2024-02-17T22:33:06.645+0000][7][gc,age      ] GC(45) - age   9:     250688 bytes,    1551976 total
[2024-02-17T22:33:06.645+0000][7][gc,age      ] GC(45) - age  10:       6312 bytes,    1558288 total
[2024-02-17T22:33:06.645+0000][7][gc,age      ] GC(45) - age  11:       1008 bytes,    1559296 total
[2024-02-17T22:33:06.645+0000][7][gc,age      ] GC(45) - age  12:       3528 bytes,    1562824 total
[2024-02-17T22:33:06.645+0000][7][gc,age      ] GC(45) - age  13:       2608 bytes,    1565432 total
[2024-02-17T22:33:06.645+0000][7][gc,age      ] GC(45) - age  14:       4232 bytes,    1569664 total
[2024-02-17T22:33:06.645+0000][7][gc,age      ] GC(45) - age  15:       2456 bytes,    1572120 total
[2024-02-17T22:33:06.645+0000][7][gc,heap     ] GC(45) Eden regions: 152->0(152)
[2024-02-17T22:33:06.645+0000][7][gc,heap     ] GC(45) Survivor regions: 1->1(20)
[2024-02-17T22:33:06.645+0000][7][gc,heap     ] GC(45) Old regions: 22->22
[2024-02-17T22:33:06.645+0000][7][gc,heap     ] GC(45) Archive regions: 2->2
[2024-02-17T22:33:06.645+0000][7][gc,heap     ] GC(45) Humongous regions: 0->0
[2024-02-17T22:33:06.645+0000][7][gc,metaspace] GC(45) Metaspace: 125455K(128960K)->125455K(128960K) NonClass: 109055K(110848K)->109055K(110848K) Class: 16400K(18112K)->16400K(18112K)
[2024-02-17T22:33:06.645+0000][7][gc          ] GC(45) Pause Young (Normal) (G1 Evacuation Pause) 698M->90M(1024M) 2.991ms
[2024-02-17T22:33:06.645+0000][7][gc,cpu      ] GC(45) User=0.01s Sys=0.01s Real=0.01s
[2024-02-17T22:33:06.645+0000][7][safepoint   ] Safepoint "G1CollectForAllocation", Time since last: 2701808392 ns, Reaching safepoint: 71275 ns, At safepoint: 3092896 ns, Total: 3164171 ns
[2024-02-17T22:33:25.648+0000][7][safepoint   ] Safepoint "Cleanup", Time since last: 19002673049 ns, Reaching safepoint: 65667 ns, At safepoint: 6618 ns, Total: 72285 ns
[2024-02-17T22:34:03.652+0000][7][safepoint   ] Safepoint "Cleanup", Time since last: 38004497936 ns, Reaching safepoint: 82919 ns, At safepoint: 7798 ns, Total: 90717 ns
[2024-02-17T22:34:43.626+0000][7][safepoint   ] Safepoint "Cleanup", Time since last: 39973184815 ns, Reaching safepoint: 189709 ns, At safepoint: 23287 ns, Total: 212996 ns
[2024-02-17T22:35:03.628+0000][7][safepoint   ] Safepoint "Cleanup", Time since last: 20002500249 ns, Reaching safepoint: 125753 ns, At safepoint: 11411 ns, Total: 137164 ns
[2024-02-17T22:35:12.630+0000][7][safepoint   ] Safepoint "Cleanup", Time since last: 9001177267 ns, Reaching safepoint: 125214 ns, At safepoint: 8793 ns, Total: 134007 ns
[2024-02-17T22:36:03.636+0000][7][safepoint   ] Safepoint "Cleanup", Time since last: 51006300876 ns, Reaching safepoint: 58451 ns, At safepoint: 5821 ns, Total: 64272 ns
[2024-02-17T22:36:19.638+0000][7][safepoint   ] Safepoint "Cleanup", Time since last: 16001939054 ns, Reaching safepoint: 83912 ns, At safepoint: 12851 ns, Total: 96763 ns
[2024-02-17T22:36:31.640+0000][7][safepoint   ] Safepoint "Cleanup", Time since last: 12001889686 ns, Reaching safepoint: 78860 ns, At safepoint: 7164 ns, Total: 86024 ns
[2024-02-17T22:36:37.641+0000][7][safepoint   ] Safepoint "Cleanup", Time since last: 6000658560 ns, Reaching safepoint: 105688 ns, At safepoint: 17683 ns, Total: 123371 ns
[2024-02-17T22:36:45.621+0000][7][gc,start    ] GC(46) Pause Young (Normal) (G1 Evacuation Pause)
[2024-02-17T22:36:45.621+0000][7][gc,task     ] GC(46) Using 8 workers of 8 for evacuation
[2024-02-17T22:36:45.621+0000][7][gc,age      ] GC(46) Desired survivor size 41943040 bytes, new threshold 15 (max threshold 15)
[2024-02-17T22:36:45.624+0000][7][gc,phases   ] GC(46)   Pre Evacuate Collection Set: 0.1ms
[2024-02-17T22:36:45.624+0000][7][gc,phases   ] GC(46)   Merge Heap Roots: 0.1ms
[2024-02-17T22:36:45.624+0000][7][gc,phases   ] GC(46)   Evacuate Collection Set: 1.9ms
[2024-02-17T22:36:45.624+0000][7][gc,phases   ] GC(46)   Post Evacuate Collection Set: 0.9ms
[2024-02-17T22:36:45.624+0000][7][gc,phases   ] GC(46)   Other: 0.1ms
[2024-02-17T22:36:45.624+0000][7][gc,age      ] GC(46) Age table with threshold 15 (max threshold 15)
[2024-02-17T22:36:45.624+0000][7][gc,age      ] GC(46) - age   1:    1403520 bytes,    1403520 total
[2024-02-17T22:36:45.624+0000][7][gc,age      ] GC(46) - age   2:      10464 bytes,    1413984 total
[2024-02-17T22:36:45.624+0000][7][gc,age      ] GC(46) - age   3:       8608 bytes,    1422592 total
[2024-02-17T22:36:45.624+0000][7][gc,age      ] GC(46) - age   4:       9744 bytes,    1432336 total
[2024-02-17T22:36:45.624+0000][7][gc,age      ] GC(46) - age   5:       1344 bytes,    1433680 total
[2024-02-17T22:36:45.624+0000][7][gc,age      ] GC(46) - age   6:     290432 bytes,    1724112 total
[2024-02-17T22:36:45.624+0000][7][gc,age      ] GC(46) - age   7:      18208 bytes,    1742320 total
[2024-02-17T22:36:45.624+0000][7][gc,age      ] GC(46) - age   8:     119480 bytes,    1861800 total
[2024-02-17T22:36:45.624+0000][7][gc,age      ] GC(46) - age   9:       9488 bytes,    1871288 total
[2024-02-17T22:36:45.624+0000][7][gc,age      ] GC(46) - age  10:     250688 bytes,    2121976 total
[2024-02-17T22:36:45.625+0000][7][gc,age      ] GC(46) - age  11:       6312 bytes,    2128288 total
[2024-02-17T22:36:45.625+0000][7][gc,age      ] GC(46) - age  12:       1008 bytes,    2129296 total
[2024-02-17T22:36:45.625+0000][7][gc,age      ] GC(46) - age  13:       3528 bytes,    2132824 total
[2024-02-17T22:36:45.625+0000][7][gc,age      ] GC(46) - age  14:       2608 bytes,    2135432 total
[2024-02-17T22:36:45.625+0000][7][gc,age      ] GC(46) - age  15:       4232 bytes,    2139664 total
[2024-02-17T22:36:45.625+0000][7][gc,heap     ] GC(46) Eden regions: 152->0(152)
[2024-02-17T22:36:45.625+0000][7][gc,heap     ] GC(46) Survivor regions: 1->1(20)
[2024-02-17T22:36:45.625+0000][7][gc,heap     ] GC(46) Old regions: 22->22
[2024-02-17T22:36:45.625+0000][7][gc,heap     ] GC(46) Archive regions: 2->2
[2024-02-17T22:36:45.625+0000][7][gc,heap     ] GC(46) Humongous regions: 0->0
[2024-02-17T22:36:45.625+0000][7][gc,metaspace] GC(46) Metaspace: 125460K(128960K)->125460K(128960K) NonClass: 109060K(110848K)->109060K(110848K) Class: 16400K(18112K)->16400K(18112K)
[2024-02-17T22:36:45.625+0000][7][gc          ] GC(46) Pause Young (Normal) (G1 Evacuation Pause) 698M->91M(1024M) 3.505ms
[2024-02-17T22:36:45.625+0000][7][gc,cpu      ] GC(46) User=0.02s Sys=0.00s Real=0.01s
[2024-02-17T22:36:45.625+0000][7][safepoint   ] Safepoint "G1CollectForAllocation", Time since last: 7980158022 ns, Reaching safepoint: 56224 ns, At safepoint: 3607821 ns, Total: 3664045 ns
[2024-02-17T22:37:03.627+0000][7][safepoint   ] Safepoint "Cleanup", Time since last: 18002565165 ns, Reaching safepoint: 69781 ns, At safepoint: 8584 ns, Total: 78365 ns
[2024-02-17T22:37:13.629+0000][7][safepoint   ] Safepoint "Cleanup", Time since last: 10001074350 ns, Reaching safepoint: 96539 ns, At safepoint: 9355 ns, Total: 105894 ns
[2024-02-17T22:37:30.631+0000][7][safepoint   ] Safepoint "Cleanup", Time since last: 17002004832 ns, Reaching safepoint: 57128 ns, At safepoint: 7664 ns, Total: 64792 ns
[2024-02-17T22:37:34.631+0000][7][safepoint   ] Safepoint "Cleanup", Time since last: 4000676246 ns, Reaching safepoint: 79188 ns, At safepoint: 7940 ns, Total: 87128 ns
[2024-02-17T22:37:43.633+0000][7][safepoint   ] Safepoint "Cleanup", Time since last: 9001350336 ns, Reaching safepoint: 133827 ns, At safepoint: 7220 ns, Total: 141047 ns
[2024-02-17T22:38:03.635+0000][7][safepoint   ] Safepoint "Cleanup", Time since last: 20002392201 ns, Reaching safepoint: 71599 ns, At safepoint: 7583 ns, Total: 79182 ns
[2024-02-17T22:38:07.636+0000][7][safepoint   ] Safepoint "Cleanup", Time since last: 4000451079 ns, Reaching safepoint: 94375 ns, At safepoint: 8818 ns, Total: 103193 ns
[2024-02-17T22:38:13.636+0000][7][safepoint   ] Safepoint "Cleanup", Time since last: 6000510644 ns, Reaching safepoint: 66029 ns, At safepoint: 8887 ns, Total: 74916 ns
[2024-02-17T22:38:18.637+0000][7][safepoint   ] Safepoint "Cleanup", Time since last: 5000470760 ns, Reaching safepoint: 123329 ns, At safepoint: 7670 ns, Total: 130999 ns
[2024-02-17T22:38:25.638+0000][7][safepoint   ] Safepoint "Cleanup", Time since last: 7000974119 ns, Reaching safepoint: 86315 ns, At safepoint: 11843 ns, Total: 98158 ns
[2024-02-17T22:38:31.639+0000][7][safepoint   ] Safepoint "Cleanup", Time since last: 6000713778 ns, Reaching safepoint: 72999 ns, At safepoint: 5386 ns, Total: 78385 ns
[2024-02-17T22:38:37.639+0000][7][safepoint   ] Safepoint "Cleanup", Time since last: 6000515565 ns, Reaching safepoint: 59606 ns, At safepoint: 5082 ns, Total: 64688 ns
[2024-02-17T22:38:49.641+0000][7][safepoint   ] Safepoint "Cleanup", Time since last: 12001081674 ns, Reaching safepoint: 78892 ns, At safepoint: 6462 ns, Total: 85354 ns
[2024-02-17T22:39:03.642+0000][7][safepoint   ] Safepoint "Cleanup", Time since last: 14001304035 ns, Reaching safepoint: 129319 ns, At safepoint: 9281 ns, Total: 138600 ns
[2024-02-17T22:39:13.644+0000][7][safepoint   ] Safepoint "Cleanup", Time since last: 10001414342 ns, Reaching safepoint: 56570 ns, At safepoint: 8660 ns, Total: 65230 ns
[2024-02-17T22:40:04.314+0000][7][safepoint   ] Safepoint "Cleanup", Time since last: 50669976432 ns, Reaching safepoint: 76058 ns, At safepoint: 6835 ns, Total: 82893 ns
[2024-02-17T22:40:13.314+0000][7][safepoint   ] Safepoint "Cleanup", Time since last: 9000748129 ns, Reaching safepoint: 75413 ns, At safepoint: 6367 ns, Total: 81780 ns
[2024-02-17T22:40:18.655+0000][7][gc,start    ] GC(47) Pause Young (Normal) (G1 Evacuation Pause)
[2024-02-17T22:40:18.655+0000][7][gc,task     ] GC(47) Using 8 workers of 8 for evacuation
[2024-02-17T22:40:18.655+0000][7][gc,age      ] GC(47) Desired survivor size 41943040 bytes, new threshold 15 (max threshold 15)
[2024-02-17T22:40:18.659+0000][7][gc,phases   ] GC(47)   Pre Evacuate Collection Set: 0.1ms
[2024-02-17T22:40:18.659+0000][7][gc,phases   ] GC(47)   Merge Heap Roots: 0.1ms
[2024-02-17T22:40:18.659+0000][7][gc,phases   ] GC(47)   Evacuate Collection Set: 2.9ms
[2024-02-17T22:40:18.659+0000][7][gc,phases   ] GC(47)   Post Evacuate Collection Set: 0.9ms
[2024-02-17T22:40:18.659+0000][7][gc,phases   ] GC(47)   Other: 0.1ms
[2024-02-17T22:40:18.659+0000][7][gc,age      ] GC(47) Age table with threshold 15 (max threshold 15)
[2024-02-17T22:40:18.659+0000][7][gc,age      ] GC(47) - age   1:    1314640 bytes,    1314640 total
[2024-02-17T22:40:18.659+0000][7][gc,age      ] GC(47) - age   2:       8576 bytes,    1323216 total
[2024-02-17T22:40:18.659+0000][7][gc,age      ] GC(47) - age   3:       9120 bytes,    1332336 total
[2024-02-17T22:40:18.659+0000][7][gc,age      ] GC(47) - age   4:       8336 bytes,    1340672 total
[2024-02-17T22:40:18.659+0000][7][gc,age      ] GC(47) - age   5:       9744 bytes,    1350416 total
[2024-02-17T22:40:18.659+0000][7][gc,age      ] GC(47) - age   6:       1344 bytes,    1351760 total
[2024-02-17T22:40:18.659+0000][7][gc,age      ] GC(47) - age   7:     290432 bytes,    1642192 total
[2024-02-17T22:40:18.659+0000][7][gc,age      ] GC(47) - age   8:      18208 bytes,    1660400 total
[2024-02-17T22:40:18.659+0000][7][gc,age      ] GC(47) - age   9:     119480 bytes,    1779880 total
[2024-02-17T22:40:18.659+0000][7][gc,age      ] GC(47) - age  10:       9488 bytes,    1789368 total
[2024-02-17T22:40:18.659+0000][7][gc,age      ] GC(47) - age  11:     250688 bytes,    2040056 total
[2024-02-17T22:40:18.659+0000][7][gc,age      ] GC(47) - age  12:       6312 bytes,    2046368 total
[2024-02-17T22:40:18.659+0000][7][gc,age      ] GC(47) - age  13:       1008 bytes,    2047376 total
[2024-02-17T22:40:18.659+0000][7][gc,age      ] GC(47) - age  14:       3528 bytes,    2050904 total
[2024-02-17T22:40:18.659+0000][7][gc,age      ] GC(47) - age  15:       2608 bytes,    2053512 total
[2024-02-17T22:40:18.659+0000][7][gc,heap     ] GC(47) Eden regions: 152->0(152)
[2024-02-17T22:40:18.659+0000][7][gc,heap     ] GC(47) Survivor regions: 1->1(20)
[2024-02-17T22:40:18.659+0000][7][gc,heap     ] GC(47) Old regions: 22->22
[2024-02-17T22:40:18.659+0000][7][gc,heap     ] GC(47) Archive regions: 2->2
[2024-02-17T22:40:18.659+0000][7][gc,heap     ] GC(47) Humongous regions: 0->0
[2024-02-17T22:40:18.659+0000][7][gc,metaspace] GC(47) Metaspace: 125478K(128960K)->125478K(128960K) NonClass: 109078K(110848K)->109078K(110848K) Class: 16400K(18112K)->16400K(18112K)
[2024-02-17T22:40:18.659+0000][7][gc          ] GC(47) Pause Young (Normal) (G1 Evacuation Pause) 699M->91M(1024M) 4.485ms
[2024-02-17T22:40:18.659+0000][7][gc,cpu      ] GC(47) User=0.01s Sys=0.00s Real=0.00s
[2024-02-17T22:40:18.659+0000][7][safepoint   ] Safepoint "G1CollectForAllocation", Time since last: 5340184436 ns, Reaching safepoint: 58654 ns, At safepoint: 4584622 ns, Total: 4643276 ns
[2024-02-17T22:40:40.662+0000][7][safepoint   ] Safepoint "Cleanup", Time since last: 22002224576 ns, Reaching safepoint: 61614 ns, At safepoint: 6716 ns, Total: 68330 ns
[2024-02-17T22:41:01.665+0000][7][safepoint   ] Safepoint "Cleanup", Time since last: 21002908874 ns, Reaching safepoint: 64938 ns, At safepoint: 5976 ns, Total: 70914 ns
[2024-02-17T22:41:03.665+0000][7][safepoint   ] Safepoint "Cleanup", Time since last: 2000384110 ns, Reaching safepoint: 97408 ns, At safepoint: 20753 ns, Total: 118161 ns
[2024-02-17T22:41:06.666+0000][7][safepoint   ] Safepoint "Cleanup", Time since last: 3000494789 ns, Reaching safepoint: 55236 ns, At safepoint: 5915 ns, Total: 61151 ns
[2024-02-17T22:41:13.666+0000][7][safepoint   ] Safepoint "Cleanup", Time since last: 7000623923 ns, Reaching safepoint: 95850 ns, At safepoint: 11520 ns, Total: 107370 ns
[2024-02-17T22:41:15.667+0000][7][safepoint   ] Safepoint "Cleanup", Time since last: 2000333179 ns, Reaching safepoint: 68292 ns, At safepoint: 9456 ns, Total: 77748 ns
[2024-02-17T22:41:19.667+0000][7][safepoint   ] Safepoint "Cleanup", Time since last: 4000477918 ns, Reaching safepoint: 83364 ns, At safepoint: 7701 ns, Total: 91065 ns
[2024-02-17T22:41:22.668+0000][7][safepoint   ] Safepoint "Cleanup", Time since last: 3000429695 ns, Reaching safepoint: 91047 ns, At safepoint: 10001 ns, Total: 101048 ns
[2024-02-17T22:42:01.673+0000][7][safepoint   ] Safepoint "Cleanup", Time since last: 39005257224 ns, Reaching safepoint: 96260 ns, At safepoint: 7816 ns, Total: 104076 ns
[2024-02-17T22:42:03.674+0000][7][safepoint   ] Safepoint "Cleanup", Time since last: 2000440187 ns, Reaching safepoint: 76300 ns, At safepoint: 8857 ns, Total: 85157 ns
[2024-02-17T22:42:07.675+0000][7][safepoint   ] Safepoint "Cleanup", Time since last: 4000799901 ns, Reaching safepoint: 87202 ns, At safepoint: 8633 ns, Total: 95835 ns
[2024-02-17T22:42:12.676+0000][7][safepoint   ] Safepoint "Cleanup", Time since last: 5000895391 ns, Reaching safepoint: 120051 ns, At safepoint: 7550 ns, Total: 127601 ns
[2024-02-17T22:42:18.676+0000][7][safepoint   ] Safepoint "Cleanup", Time since last: 6000618515 ns, Reaching safepoint: 79124 ns, At safepoint: 9124 ns, Total: 88248 ns
[2024-02-17T22:42:25.678+0000][7][safepoint   ] Safepoint "Cleanup", Time since last: 7001115198 ns, Reaching safepoint: 73417 ns, At safepoint: 8032 ns, Total: 81449 ns
[2024-02-17T22:42:42.680+0000][7][safepoint   ] Safepoint "Cleanup", Time since last: 17002445900 ns, Reaching safepoint: 139304 ns, At safepoint: 11296 ns, Total: 150600 ns
[2024-02-17T22:42:49.681+0000][7][safepoint   ] Safepoint "Cleanup", Time since last: 7000790624 ns, Reaching safepoint: 166581 ns, At safepoint: 5525 ns, Total: 172106 ns
[2024-02-17T22:43:03.682+0000][7][safepoint   ] Safepoint "Cleanup", Time since last: 14001146340 ns, Reaching safepoint: 62281 ns, At safepoint: 5699 ns, Total: 67980 ns
[2024-02-17T22:43:25.685+0000][7][safepoint   ] Safepoint "Cleanup", Time since last: 22002278561 ns, Reaching safepoint: 61385 ns, At safepoint: 7854 ns, Total: 69239 ns
[2024-02-17T22:43:27.685+0000][7][safepoint   ] Safepoint "Cleanup", Time since last: 2000331526 ns, Reaching safepoint: 47183 ns, At safepoint: 5347 ns, Total: 52530 ns
[2024-02-17T22:43:28.685+0000][7][safepoint   ] Safepoint "Cleanup", Time since last: 1000165390 ns, Reaching safepoint: 64452 ns, At safepoint: 6333 ns, Total: 70785 ns
[2024-02-17T22:43:30.686+0000][7][safepoint   ] Safepoint "Cleanup", Time since last: 2000343835 ns, Reaching safepoint: 54548 ns, At safepoint: 4842 ns, Total: 59390 ns
[2024-02-17T22:43:48.662+0000][7][gc,start    ] GC(48) Pause Young (Normal) (G1 Evacuation Pause)
[2024-02-17T22:43:48.662+0000][7][gc,task     ] GC(48) Using 8 workers of 8 for evacuation
[2024-02-17T22:43:48.662+0000][7][gc,age      ] GC(48) Desired survivor size 41943040 bytes, new threshold 15 (max threshold 15)
[2024-02-17T22:43:48.665+0000][7][gc,phases   ] GC(48)   Pre Evacuate Collection Set: 0.1ms
[2024-02-17T22:43:48.665+0000][7][gc,phases   ] GC(48)   Merge Heap Roots: 0.1ms
[2024-02-17T22:43:48.665+0000][7][gc,phases   ] GC(48)   Evacuate Collection Set: 1.9ms
[2024-02-17T22:43:48.665+0000][7][gc,phases   ] GC(48)   Post Evacuate Collection Set: 0.7ms
[2024-02-17T22:43:48.665+0000][7][gc,phases   ] GC(48)   Other: 0.1ms
[2024-02-17T22:43:48.665+0000][7][gc,age      ] GC(48) Age table with threshold 15 (max threshold 15)
[2024-02-17T22:43:48.665+0000][7][gc,age      ] GC(48) - age   1:    1735192 bytes,    1735192 total
[2024-02-17T22:43:48.665+0000][7][gc,age      ] GC(48) - age   2:       3264 bytes,    1738456 total
[2024-02-17T22:43:48.665+0000][7][gc,age      ] GC(48) - age   3:       6376 bytes,    1744832 total
[2024-02-17T22:43:48.665+0000][7][gc,age      ] GC(48) - age   4:        912 bytes,    1745744 total
[2024-02-17T22:43:48.665+0000][7][gc,age      ] GC(48) - age   5:       8336 bytes,    1754080 total
[2024-02-17T22:43:48.665+0000][7][gc,age      ] GC(48) - age   6:       9744 bytes,    1763824 total
[2024-02-17T22:43:48.665+0000][7][gc,age      ] GC(48) - age   7:       1344 bytes,    1765168 total
[2024-02-17T22:43:48.665+0000][7][gc,age      ] GC(48) - age   8:     290432 bytes,    2055600 total
[2024-02-17T22:43:48.665+0000][7][gc,age      ] GC(48) - age   9:      18208 bytes,    2073808 total
[2024-02-17T22:43:48.665+0000][7][gc,age      ] GC(48) - age  10:     119480 bytes,    2193288 total
[2024-02-17T22:43:48.665+0000][7][gc,age      ] GC(48) - age  11:       9488 bytes,    2202776 total
[2024-02-17T22:43:48.665+0000][7][gc,age      ] GC(48) - age  12:     250688 bytes,    2453464 total
[2024-02-17T22:43:48.665+0000][7][gc,age      ] GC(48) - age  13:       6312 bytes,    2459776 total
[2024-02-17T22:43:48.665+0000][7][gc,age      ] GC(48) - age  14:       1008 bytes,    2460784 total
[2024-02-17T22:43:48.665+0000][7][gc,age      ] GC(48) - age  15:       3528 bytes,    2464312 total
[2024-02-17T22:43:48.665+0000][7][gc,heap     ] GC(48) Eden regions: 152->0(152)
[2024-02-17T22:43:48.665+0000][7][gc,heap     ] GC(48) Survivor regions: 1->1(20)
[2024-02-17T22:43:48.665+0000][7][gc,heap     ] GC(48) Old regions: 22->22
[2024-02-17T22:43:48.665+0000][7][gc,heap     ] GC(48) Archive regions: 2->2
[2024-02-17T22:43:48.665+0000][7][gc,heap     ] GC(48) Humongous regions: 0->0
[2024-02-17T22:43:48.665+0000][7][gc,metaspace] GC(48) Metaspace: 125484K(128960K)->125484K(128960K) NonClass: 109084K(110848K)->109084K(110848K) Class: 16400K(18112K)->16400K(18112K)
[2024-02-17T22:43:48.665+0000][7][gc          ] GC(48) Pause Young (Normal) (G1 Evacuation Pause) 699M->91M(1024M) 3.188ms
[2024-02-17T22:43:48.665+0000][7][gc,cpu      ] GC(48) User=0.01s Sys=0.00s Real=0.01s
[2024-02-17T22:43:48.665+0000][7][safepoint   ] Safepoint "G1CollectForAllocation", Time since last: 17975857252 ns, Reaching safepoint: 71562 ns, At safepoint: 3282743 ns, Total: 3354305 ns
[2024-02-17T22:43:51.665+0000][7][safepoint   ] Safepoint "Cleanup", Time since last: 3000284640 ns, Reaching safepoint: 94852 ns, At safepoint: 25400 ns, Total: 120252 ns
[2024-02-17T22:44:13.668+0000][7][safepoint   ] Safepoint "Cleanup", Time since last: 22002889454 ns, Reaching safepoint: 76417 ns, At safepoint: 8882 ns, Total: 85299 ns
[2024-02-17T22:44:31.670+0000][7][safepoint   ] Safepoint "Cleanup", Time since last: 18001951394 ns, Reaching safepoint: 75323 ns, At safepoint: 11607 ns, Total: 86930 ns
[2024-02-17T22:44:43.671+0000][7][safepoint   ] Safepoint "Cleanup", Time since last: 12000983770 ns, Reaching safepoint: 76423 ns, At safepoint: 9296 ns, Total: 85719 ns
[2024-02-17T22:45:37.678+0000][7][safepoint   ] Safepoint "Cleanup", Time since last: 54006584965 ns, Reaching safepoint: 81016 ns, At safepoint: 9627 ns, Total: 90643 ns
[2024-02-17T22:46:03.681+0000][7][safepoint   ] Safepoint "Cleanup", Time since last: 26002372209 ns, Reaching safepoint: 345441 ns, At safepoint: 8037 ns, Total: 353478 ns
[2024-02-17T22:46:43.685+0000][7][safepoint   ] Safepoint "Cleanup", Time since last: 40003597800 ns, Reaching safepoint: 68628 ns, At safepoint: 11222 ns, Total: 79850 ns
[2024-02-17T22:46:45.685+0000][7][safepoint   ] Safepoint "Cleanup", Time since last: 2000187462 ns, Reaching safepoint: 66334 ns, At safepoint: 10777 ns, Total: 77111 ns
[2024-02-17T22:46:51.718+0000][7][gc,start    ] GC(49) Pause Young (Normal) (G1 Evacuation Pause)
[2024-02-17T22:46:51.718+0000][7][gc,task     ] GC(49) Using 8 workers of 8 for evacuation
[2024-02-17T22:46:51.718+0000][7][gc,age      ] GC(49) Desired survivor size 41943040 bytes, new threshold 15 (max threshold 15)
[2024-02-17T22:46:51.720+0000][7][gc,phases   ] GC(49)   Pre Evacuate Collection Set: 0.1ms
[2024-02-17T22:46:51.720+0000][7][gc,phases   ] GC(49)   Merge Heap Roots: 0.1ms
[2024-02-17T22:46:51.720+0000][7][gc,phases   ] GC(49)   Evacuate Collection Set: 1.5ms
[2024-02-17T22:46:51.720+0000][7][gc,phases   ] GC(49)   Post Evacuate Collection Set: 0.7ms
[2024-02-17T22:46:51.720+0000][7][gc,phases   ] GC(49)   Other: 0.1ms
[2024-02-17T22:46:51.720+0000][7][gc,age      ] GC(49) Age table with threshold 15 (max threshold 15)
[2024-02-17T22:46:51.720+0000][7][gc,age      ] GC(49) - age   1:    1698736 bytes,    1698736 total
[2024-02-17T22:46:51.720+0000][7][gc,age      ] GC(49) - age   2:      46280 bytes,    1745016 total
[2024-02-17T22:46:51.720+0000][7][gc,age      ] GC(49) - age   3:       1672 bytes,    1746688 total
[2024-02-17T22:46:51.720+0000][7][gc,age      ] GC(49) - age   4:       2208 bytes,    1748896 total
[2024-02-17T22:46:51.720+0000][7][gc,age      ] GC(49) - age   5:        912 bytes,    1749808 total
[2024-02-17T22:46:51.720+0000][7][gc,age      ] GC(49) - age   6:       8304 bytes,    1758112 total
[2024-02-17T22:46:51.720+0000][7][gc,age      ] GC(49) - age   7:       1512 bytes,    1759624 total
[2024-02-17T22:46:51.720+0000][7][gc,age      ] GC(49) - age   8:       1344 bytes,    1760968 total
[2024-02-17T22:46:51.720+0000][7][gc,age      ] GC(49) - age   9:     290432 bytes,    2051400 total
[2024-02-17T22:46:51.721+0000][7][gc,age      ] GC(49) - age  10:      18208 bytes,    2069608 total
[2024-02-17T22:46:51.721+0000][7][gc,age      ] GC(49) - age  11:     119480 bytes,    2189088 total
[2024-02-17T22:46:51.721+0000][7][gc,age      ] GC(49) - age  12:       9488 bytes,    2198576 total
[2024-02-17T22:46:51.721+0000][7][gc,age      ] GC(49) - age  13:     250688 bytes,    2449264 total
[2024-02-17T22:46:51.721+0000][7][gc,age      ] GC(49) - age  14:       6312 bytes,    2455576 total
[2024-02-17T22:46:51.721+0000][7][gc,age      ] GC(49) - age  15:       1008 bytes,    2456584 total
[2024-02-17T22:46:51.721+0000][7][gc,heap     ] GC(49) Eden regions: 152->0(152)
[2024-02-17T22:46:51.721+0000][7][gc,heap     ] GC(49) Survivor regions: 1->1(20)
[2024-02-17T22:46:51.721+0000][7][gc,heap     ] GC(49) Old regions: 22->22
[2024-02-17T22:46:51.721+0000][7][gc,heap     ] GC(49) Archive regions: 2->2
[2024-02-17T22:46:51.721+0000][7][gc,heap     ] GC(49) Humongous regions: 0->0
[2024-02-17T22:46:51.721+0000][7][gc,metaspace] GC(49) Metaspace: 125486K(128960K)->125486K(128960K) NonClass: 109086K(110848K)->109086K(110848K) Class: 16400K(18112K)->16400K(18112K)
[2024-02-17T22:46:51.721+0000][7][gc          ] GC(49) Pause Young (Normal) (G1 Evacuation Pause) 699M->91M(1024M) 2.664ms
[2024-02-17T22:46:51.721+0000][7][gc,cpu      ] GC(49) User=0.02s Sys=0.00s Real=0.00s
[2024-02-17T22:46:51.721+0000][7][safepoint   ] Safepoint "G1CollectForAllocation", Time since last: 6033062492 ns, Reaching safepoint: 56000 ns, At safepoint: 2743604 ns, Total: 2799604 ns
[2024-02-17T22:47:03.722+0000][7][safepoint   ] Safepoint "Cleanup", Time since last: 12001132245 ns, Reaching safepoint: 84481 ns, At safepoint: 9792 ns, Total: 94273 ns
[2024-02-17T22:47:28.724+0000][7][safepoint   ] Safepoint "Cleanup", Time since last: 25002460774 ns, Reaching safepoint: 57966 ns, At safepoint: 5310 ns, Total: 63276 ns
[2024-02-17T22:47:30.725+0000][7][safepoint   ] Safepoint "Cleanup", Time since last: 2000195301 ns, Reaching safepoint: 67291 ns, At safepoint: 24052 ns, Total: 91343 ns
[2024-02-17T22:48:04.281+0000][7][safepoint   ] Safepoint "Cleanup", Time since last: 33003451264 ns, Reaching safepoint: 72805 ns, At safepoint: 5200 ns, Total: 78005 ns
[2024-02-17T22:48:48.286+0000][7][safepoint   ] Safepoint "Cleanup", Time since last: 44004551569 ns, Reaching safepoint: 55721 ns, At safepoint: 6880 ns, Total: 62601 ns
[2024-02-17T22:49:52.292+0000][7][safepoint   ] Safepoint "Cleanup", Time since last: 64006270033 ns, Reaching safepoint: 55762 ns, At safepoint: 4605 ns, Total: 60367 ns
[2024-02-17T22:50:04.294+0000][7][safepoint   ] Safepoint "Cleanup", Time since last: 12001438540 ns, Reaching safepoint: 124011 ns, At safepoint: 26310 ns, Total: 150321 ns
[2024-02-17T22:50:13.245+0000][7][gc,start    ] GC(50) Pause Young (Normal) (G1 Evacuation Pause)
[2024-02-17T22:50:13.245+0000][7][gc,task     ] GC(50) Using 8 workers of 8 for evacuation
[2024-02-17T22:50:13.245+0000][7][gc,age      ] GC(50) Desired survivor size 41943040 bytes, new threshold 15 (max threshold 15)
[2024-02-17T22:50:13.248+0000][7][gc,phases   ] GC(50)   Pre Evacuate Collection Set: 0.1ms
[2024-02-17T22:50:13.248+0000][7][gc,phases   ] GC(50)   Merge Heap Roots: 0.1ms
[2024-02-17T22:50:13.248+0000][7][gc,phases   ] GC(50)   Evacuate Collection Set: 1.8ms
[2024-02-17T22:50:13.248+0000][7][gc,phases   ] GC(50)   Post Evacuate Collection Set: 0.7ms
[2024-02-17T22:50:13.248+0000][7][gc,phases   ] GC(50)   Other: 0.1ms
[2024-02-17T22:50:13.248+0000][7][gc,age      ] GC(50) Age table with threshold 15 (max threshold 15)
[2024-02-17T22:50:13.248+0000][7][gc,age      ] GC(50) - age   1:    1797112 bytes,    1797112 total
[2024-02-17T22:50:13.248+0000][7][gc,age      ] GC(50) - age   2:      14808 bytes,    1811920 total
[2024-02-17T22:50:13.248+0000][7][gc,age      ] GC(50) - age   3:      43216 bytes,    1855136 total
[2024-02-17T22:50:13.248+0000][7][gc,age      ] GC(50) - age   4:       1248 bytes,    1856384 total
[2024-02-17T22:50:13.248+0000][7][gc,age      ] GC(50) - age   5:       1816 bytes,    1858200 total
[2024-02-17T22:50:13.248+0000][7][gc,age      ] GC(50) - age   6:        912 bytes,    1859112 total
[2024-02-17T22:50:13.248+0000][7][gc,age      ] GC(50) - age   7:       8304 bytes,    1867416 total
[2024-02-17T22:50:13.248+0000][7][gc,age      ] GC(50) - age   8:       1512 bytes,    1868928 total
[2024-02-17T22:50:13.248+0000][7][gc,age      ] GC(50) - age   9:       1344 bytes,    1870272 total
[2024-02-17T22:50:13.248+0000][7][gc,age      ] GC(50) - age  10:     290432 bytes,    2160704 total
[2024-02-17T22:50:13.248+0000][7][gc,age      ] GC(50) - age  11:      18208 bytes,    2178912 total
[2024-02-17T22:50:13.248+0000][7][gc,age      ] GC(50) - age  12:     119480 bytes,    2298392 total
[2024-02-17T22:50:13.248+0000][7][gc,age      ] GC(50) - age  13:       9488 bytes,    2307880 total
[2024-02-17T22:50:13.248+0000][7][gc,age      ] GC(50) - age  14:     250688 bytes,    2558568 total
[2024-02-17T22:50:13.248+0000][7][gc,age      ] GC(50) - age  15:       6312 bytes,    2564880 total
[2024-02-17T22:50:13.248+0000][7][gc,heap     ] GC(50) Eden regions: 152->0(152)
[2024-02-17T22:50:13.248+0000][7][gc,heap     ] GC(50) Survivor regions: 1->1(20)
[2024-02-17T22:50:13.248+0000][7][gc,heap     ] GC(50) Old regions: 22->22
[2024-02-17T22:50:13.248+0000][7][gc,heap     ] GC(50) Archive regions: 2->2
[2024-02-17T22:50:13.248+0000][7][gc,heap     ] GC(50) Humongous regions: 0->0
[2024-02-17T22:50:13.248+0000][7][gc,metaspace] GC(50) Metaspace: 125493K(128960K)->125493K(128960K) NonClass: 109092K(110848K)->109092K(110848K) Class: 16400K(18112K)->16400K(18112K)
[2024-02-17T22:50:13.248+0000][7][gc          ] GC(50) Pause Young (Normal) (G1 Evacuation Pause) 699M->91M(1024M) 3.102ms
[2024-02-17T22:50:13.248+0000][7][gc,cpu      ] GC(50) User=0.02s Sys=0.01s Real=0.00s
[2024-02-17T22:50:13.249+0000][7][safepoint   ] Safepoint "G1CollectForAllocation", Time since last: 8951469999 ns, Reaching safepoint: 42812 ns, At safepoint: 3193136 ns, Total: 3235948 ns
[2024-02-17T22:50:22.249+0000][7][safepoint   ] Safepoint "Cleanup", Time since last: 9000852940 ns, Reaching safepoint: 61964 ns, At safepoint: 5515 ns, Total: 67479 ns
[2024-02-17T22:51:31.256+0000][7][safepoint   ] Safepoint "Cleanup", Time since last: 69006883514 ns, Reaching safepoint: 61098 ns, At safepoint: 6557 ns, Total: 67655 ns
[2024-02-17T22:51:44.273+0000][7][safepoint   ] Safepoint "Cleanup", Time since last: 13016889003 ns, Reaching safepoint: 82529 ns, At safepoint: 8223 ns, Total: 90752 ns
[2024-02-17T22:52:04.275+0000][7][safepoint   ] Safepoint "Cleanup", Time since last: 20001783258 ns, Reaching safepoint: 85331 ns, At safepoint: 5728 ns, Total: 91059 ns
[2024-02-17T22:52:08.276+0000][7][safepoint   ] Safepoint "Cleanup", Time since last: 4000517991 ns, Reaching safepoint: 62183 ns, At safepoint: 11344 ns, Total: 73527 ns
[2024-02-17T22:52:33.034+0000][7][safepoint   ] Safepoint "Cleanup", Time since last: 24758266829 ns, Reaching safepoint: 71080 ns, At safepoint: 7018 ns, Total: 78098 ns
[2024-02-17T22:53:43.244+0000][7][gc,start    ] GC(51) Pause Young (Normal) (G1 Evacuation Pause)
[2024-02-17T22:53:43.244+0000][7][gc,task     ] GC(51) Using 8 workers of 8 for evacuation
[2024-02-17T22:53:43.244+0000][7][gc,age      ] GC(51) Desired survivor size 41943040 bytes, new threshold 15 (max threshold 15)
[2024-02-17T22:53:43.246+0000][7][gc,phases   ] GC(51)   Pre Evacuate Collection Set: 0.1ms
[2024-02-17T22:53:43.246+0000][7][gc,phases   ] GC(51)   Merge Heap Roots: 0.1ms
[2024-02-17T22:53:43.246+0000][7][gc,phases   ] GC(51)   Evacuate Collection Set: 1.5ms
[2024-02-17T22:53:43.246+0000][7][gc,phases   ] GC(51)   Post Evacuate Collection Set: 0.7ms
[2024-02-17T22:53:43.246+0000][7][gc,phases   ] GC(51)   Other: 0.1ms
[2024-02-17T22:53:43.246+0000][7][gc,age      ] GC(51) Age table with threshold 15 (max threshold 15)
[2024-02-17T22:53:43.246+0000][7][gc,age      ] GC(51) - age   1:    1013744 bytes,    1013744 total
[2024-02-17T22:53:43.246+0000][7][gc,age      ] GC(51) - age   2:       3392 bytes,    1017136 total
[2024-02-17T22:53:43.246+0000][7][gc,age      ] GC(51) - age   3:      13016 bytes,    1030152 total
[2024-02-17T22:53:43.246+0000][7][gc,age      ] GC(51) - age   4:      43152 bytes,    1073304 total
[2024-02-17T22:53:43.246+0000][7][gc,age      ] GC(51) - age   5:       1248 bytes,    1074552 total
[2024-02-17T22:53:43.246+0000][7][gc,age      ] GC(51) - age   6:       1816 bytes,    1076368 total
[2024-02-17T22:53:43.246+0000][7][gc,age      ] GC(51) - age   7:        912 bytes,    1077280 total
[2024-02-17T22:53:43.246+0000][7][gc,age      ] GC(51) - age   8:       8304 bytes,    1085584 total
[2024-02-17T22:53:43.246+0000][7][gc,age      ] GC(51) - age   9:       1512 bytes,    1087096 total
[2024-02-17T22:53:43.246+0000][7][gc,age      ] GC(51) - age  10:       1344 bytes,    1088440 total
[2024-02-17T22:53:43.246+0000][7][gc,age      ] GC(51) - age  11:     290432 bytes,    1378872 total
[2024-02-17T22:53:43.246+0000][7][gc,age      ] GC(51) - age  12:      18208 bytes,    1397080 total
[2024-02-17T22:53:43.246+0000][7][gc,age      ] GC(51) - age  13:     119480 bytes,    1516560 total
[2024-02-17T22:53:43.246+0000][7][gc,age      ] GC(51) - age  14:       9488 bytes,    1526048 total
[2024-02-17T22:53:43.246+0000][7][gc,age      ] GC(51) - age  15:     250688 bytes,    1776736 total
[2024-02-17T22:53:43.246+0000][7][gc,heap     ] GC(51) Eden regions: 152->0(152)
[2024-02-17T22:53:43.246+0000][7][gc,heap     ] GC(51) Survivor regions: 1->1(20)
[2024-02-17T22:53:43.246+0000][7][gc,heap     ] GC(51) Old regions: 22->22
[2024-02-17T22:53:43.246+0000][7][gc,heap     ] GC(51) Archive regions: 2->2
[2024-02-17T22:53:43.246+0000][7][gc,heap     ] GC(51) Humongous regions: 0->0
[2024-02-17T22:53:43.246+0000][7][gc,metaspace] GC(51) Metaspace: 125509K(129024K)->125509K(129024K) NonClass: 109109K(110912K)->109109K(110912K) Class: 16400K(18112K)->16400K(18112K)
[2024-02-17T22:53:43.247+0000][7][gc          ] GC(51) Pause Young (Normal) (G1 Evacuation Pause) 699M->90M(1024M) 2.793ms
[2024-02-17T22:53:43.247+0000][7][gc,cpu      ] GC(51) User=0.01s Sys=0.00s Real=0.01s
[2024-02-17T22:53:43.247+0000][7][safepoint   ] Safepoint "G1CollectForAllocation", Time since last: 70209451825 ns, Reaching safepoint: 57536 ns, At safepoint: 2906278 ns, Total: 2963814 ns
[2024-02-17T22:53:56.248+0000][7][safepoint   ] Safepoint "Cleanup", Time since last: 13001253460 ns, Reaching safepoint: 65071 ns, At safepoint: 8480 ns, Total: 73551 ns
[2024-02-17T22:54:25.505+0000][7][safepoint   ] Safepoint "Cleanup", Time since last: 30002892954 ns, Reaching safepoint: 82390 ns, At safepoint: 9668 ns, Total: 92058 ns
[2024-02-17T22:54:57.451+0000][7][safepoint   ] Safepoint "Cleanup", Time since last: 31003100364 ns, Reaching safepoint: 63302 ns, At safepoint: 8006 ns, Total: 71308 ns
[2024-02-17T22:55:05.452+0000][7][safepoint   ] Safepoint "Cleanup", Time since last: 8000626323 ns, Reaching safepoint: 93671 ns, At safepoint: 6695 ns, Total: 100366 ns
[2024-02-17T22:55:17.453+0000][7][safepoint   ] Safepoint "Cleanup", Time since last: 12001423420 ns, Reaching safepoint: 74439 ns, At safepoint: 20870 ns, Total: 95309 ns
[2024-02-17T22:55:21.454+0000][7][safepoint   ] Safepoint "Cleanup", Time since last: 4000482832 ns, Reaching safepoint: 159011 ns, At safepoint: 21139 ns, Total: 180150 ns
[2024-02-17T22:55:26.454+0000][7][safepoint   ] Safepoint "Cleanup", Time since last: 5000432646 ns, Reaching safepoint: 94312 ns, At safepoint: 6233 ns, Total: 100545 ns
[2024-02-17T22:55:41.456+0000][7][safepoint   ] Safepoint "Cleanup", Time since last: 15001383260 ns, Reaching safepoint: 88166 ns, At safepoint: 8180 ns, Total: 96346 ns
[2024-02-17T22:55:52.457+0000][7][safepoint   ] Safepoint "Cleanup", Time since last: 11001210556 ns, Reaching safepoint: 73596 ns, At safepoint: 5382 ns, Total: 78978 ns
[2024-02-17T22:56:01.458+0000][7][safepoint   ] Safepoint "Cleanup", Time since last: 9000967044 ns, Reaching safepoint: 53082 ns, At safepoint: 7498 ns, Total: 60580 ns
[2024-02-17T22:56:22.460+0000][7][safepoint   ] Safepoint "Cleanup", Time since last: 21002195011 ns, Reaching safepoint: 44655 ns, At safepoint: 21225 ns, Total: 65880 ns
[2024-02-17T22:56:40.472+0000][7][gc,start    ] GC(52) Pause Young (Normal) (G1 Evacuation Pause)
[2024-02-17T22:56:40.472+0000][7][gc,task     ] GC(52) Using 8 workers of 8 for evacuation
[2024-02-17T22:56:40.472+0000][7][gc,age      ] GC(52) Desired survivor size 41943040 bytes, new threshold 15 (max threshold 15)
[2024-02-17T22:56:40.475+0000][7][gc,phases   ] GC(52)   Pre Evacuate Collection Set: 0.1ms
[2024-02-17T22:56:40.475+0000][7][gc,phases   ] GC(52)   Merge Heap Roots: 0.1ms
[2024-02-17T22:56:40.475+0000][7][gc,phases   ] GC(52)   Evacuate Collection Set: 2.2ms
[2024-02-17T22:56:40.475+0000][7][gc,phases   ] GC(52)   Post Evacuate Collection Set: 0.7ms
[2024-02-17T22:56:40.475+0000][7][gc,phases   ] GC(52)   Other: 0.1ms
[2024-02-17T22:56:40.475+0000][7][gc,age      ] GC(52) Age table with threshold 15 (max threshold 15)
[2024-02-17T22:56:40.475+0000][7][gc,age      ] GC(52) - age   1:    1324240 bytes,    1324240 total
[2024-02-17T22:56:40.475+0000][7][gc,age      ] GC(52) - age   2:       4832 bytes,    1329072 total
[2024-02-17T22:56:40.475+0000][7][gc,age      ] GC(52) - age   3:        920 bytes,    1329992 total
[2024-02-17T22:56:40.475+0000][7][gc,age      ] GC(52) - age   4:        440 bytes,    1330432 total
[2024-02-17T22:56:40.475+0000][7][gc,age      ] GC(52) - age   5:      35008 bytes,    1365440 total
[2024-02-17T22:56:40.475+0000][7][gc,age      ] GC(52) - age   6:       1224 bytes,    1366664 total
[2024-02-17T22:56:40.475+0000][7][gc,age      ] GC(52) - age   7:       1400 bytes,    1368064 total
[2024-02-17T22:56:40.475+0000][7][gc,age      ] GC(52) - age   8:        912 bytes,    1368976 total
[2024-02-17T22:56:40.475+0000][7][gc,age      ] GC(52) - age   9:       8304 bytes,    1377280 total
[2024-02-17T22:56:40.475+0000][7][gc,age      ] GC(52) - age  10:       1512 bytes,    1378792 total
[2024-02-17T22:56:40.475+0000][7][gc,age      ] GC(52) - age  11:       1344 bytes,    1380136 total
[2024-02-17T22:56:40.475+0000][7][gc,age      ] GC(52) - age  12:     290296 bytes,    1670432 total
[2024-02-17T22:56:40.475+0000][7][gc,age      ] GC(52) - age  13:      18208 bytes,    1688640 total
[2024-02-17T22:56:40.475+0000][7][gc,age      ] GC(52) - age  14:     119480 bytes,    1808120 total
[2024-02-17T22:56:40.475+0000][7][gc,age      ] GC(52) - age  15:       9488 bytes,    1817608 total
[2024-02-17T22:56:40.475+0000][7][gc,heap     ] GC(52) Eden regions: 152->0(152)
[2024-02-17T22:56:40.475+0000][7][gc,heap     ] GC(52) Survivor regions: 1->1(20)
[2024-02-17T22:56:40.475+0000][7][gc,heap     ] GC(52) Old regions: 22->22
[2024-02-17T22:56:40.475+0000][7][gc,heap     ] GC(52) Archive regions: 2->2
[2024-02-17T22:56:40.475+0000][7][gc,heap     ] GC(52) Humongous regions: 0->0
[2024-02-17T22:56:40.475+0000][7][gc,metaspace] GC(52) Metaspace: 125522K(129024K)->125522K(129024K) NonClass: 109122K(110912K)->109122K(110912K) Class: 16400K(18112K)->16400K(18112K)
[2024-02-17T22:56:40.475+0000][7][gc          ] GC(52) Pause Young (Normal) (G1 Evacuation Pause) 698M->91M(1024M) 3.519ms
[2024-02-17T22:56:40.475+0000][7][gc,cpu      ] GC(52) User=0.02s Sys=0.00s Real=0.01s
[2024-02-17T22:56:40.475+0000][7][safepoint   ] Safepoint "G1CollectForAllocation", Time since last: 18011501847 ns, Reaching safepoint: 46053 ns, At safepoint: 3611814 ns, Total: 3657867 ns
[2024-02-17T22:56:41.476+0000][7][safepoint   ] Safepoint "Cleanup", Time since last: 1000100426 ns, Reaching safepoint: 36932 ns, At safepoint: 2667 ns, Total: 39599 ns
[2024-02-17T22:56:55.477+0000][7][safepoint   ] Safepoint "Cleanup", Time since last: 14001569485 ns, Reaching safepoint: 60717 ns, At safepoint: 5549 ns, Total: 66266 ns
[2024-02-17T22:57:53.483+0000][7][safepoint   ] Safepoint "Cleanup", Time since last: 58005909627 ns, Reaching safepoint: 62274 ns, At safepoint: 4146 ns, Total: 66420 ns
[2024-02-17T22:59:04.490+0000][7][safepoint   ] Safepoint "Cleanup", Time since last: 71006721291 ns, Reaching safepoint: 64830 ns, At safepoint: 5365 ns, Total: 70195 ns
[2024-02-17T22:59:37.494+0000][7][safepoint   ] Safepoint "Cleanup", Time since last: 33003639277 ns, Reaching safepoint: 83265 ns, At safepoint: 9911 ns, Total: 93176 ns
[2024-02-17T22:59:52.447+0000][7][gc,start    ] GC(53) Pause Young (Normal) (G1 Evacuation Pause)
[2024-02-17T22:59:52.447+0000][7][gc,task     ] GC(53) Using 8 workers of 8 for evacuation
[2024-02-17T22:59:52.447+0000][7][gc,age      ] GC(53) Desired survivor size 41943040 bytes, new threshold 15 (max threshold 15)
[2024-02-17T22:59:52.450+0000][7][gc,phases   ] GC(53)   Pre Evacuate Collection Set: 0.1ms
[2024-02-17T22:59:52.450+0000][7][gc,phases   ] GC(53)   Merge Heap Roots: 0.1ms
[2024-02-17T22:59:52.450+0000][7][gc,phases   ] GC(53)   Evacuate Collection Set: 1.6ms
[2024-02-17T22:59:52.450+0000][7][gc,phases   ] GC(53)   Post Evacuate Collection Set: 0.9ms
[2024-02-17T22:59:52.450+0000][7][gc,phases   ] GC(53)   Other: 0.1ms
[2024-02-17T22:59:52.450+0000][7][gc,age      ] GC(53) Age table with threshold 15 (max threshold 15)
[2024-02-17T22:59:52.450+0000][7][gc,age      ] GC(53) - age   1:    1293256 bytes,    1293256 total
[2024-02-17T22:59:52.450+0000][7][gc,age      ] GC(53) - age   2:      24232 bytes,    1317488 total
[2024-02-17T22:59:52.450+0000][7][gc,age      ] GC(53) - age   3:       3096 bytes,    1320584 total
[2024-02-17T22:59:52.450+0000][7][gc,age      ] GC(53) - age   4:        608 bytes,    1321192 total
[2024-02-17T22:59:52.450+0000][7][gc,age      ] GC(53) - age   5:        440 bytes,    1321632 total
[2024-02-17T22:59:52.450+0000][7][gc,age      ] GC(53) - age   6:      35008 bytes,    1356640 total
[2024-02-17T22:59:52.450+0000][7][gc,age      ] GC(53) - age   7:       1224 bytes,    1357864 total
[2024-02-17T22:59:52.450+0000][7][gc,age      ] GC(53) - age   8:       1400 bytes,    1359264 total
[2024-02-17T22:59:52.450+0000][7][gc,age      ] GC(53) - age   9:        912 bytes,    1360176 total
[2024-02-17T22:59:52.450+0000][7][gc,age      ] GC(53) - age  10:       8304 bytes,    1368480 total
[2024-02-17T22:59:52.450+0000][7][gc,age      ] GC(53) - age  11:       1512 bytes,    1369992 total
[2024-02-17T22:59:52.450+0000][7][gc,age      ] GC(53) - age  12:       1344 bytes,    1371336 total
[2024-02-17T22:59:52.450+0000][7][gc,age      ] GC(53) - age  13:     290296 bytes,    1661632 total
[2024-02-17T22:59:52.450+0000][7][gc,age      ] GC(53) - age  14:      18208 bytes,    1679840 total
[2024-02-17T22:59:52.450+0000][7][gc,age      ] GC(53) - age  15:     119480 bytes,    1799320 total
[2024-02-17T22:59:52.450+0000][7][gc,heap     ] GC(53) Eden regions: 152->0(152)
[2024-02-17T22:59:52.450+0000][7][gc,heap     ] GC(53) Survivor regions: 1->1(20)
[2024-02-17T22:59:52.450+0000][7][gc,heap     ] GC(53) Old regions: 22->22
[2024-02-17T22:59:52.450+0000][7][gc,heap     ] GC(53) Archive regions: 2->2
[2024-02-17T22:59:52.450+0000][7][gc,heap     ] GC(53) Humongous regions: 0->0
[2024-02-17T22:59:52.450+0000][7][gc,metaspace] GC(53) Metaspace: 125525K(129024K)->125525K(129024K) NonClass: 109125K(110912K)->109125K(110912K) Class: 16400K(18112K)->16400K(18112K)
[2024-02-17T22:59:52.450+0000][7][gc          ] GC(53) Pause Young (Normal) (G1 Evacuation Pause) 699M->91M(1024M) 3.085ms
[2024-02-17T22:59:52.450+0000][7][gc,cpu      ] GC(53) User=0.01s Sys=0.00s Real=0.00s
[2024-02-17T22:59:52.450+0000][7][safepoint   ] Safepoint "G1CollectForAllocation", Time since last: 14953260093 ns, Reaching safepoint: 62211 ns, At safepoint: 3180967 ns, Total: 3243178 ns
[2024-02-17T22:59:56.451+0000][7][safepoint   ] Safepoint "Cleanup", Time since last: 4000324372 ns, Reaching safepoint: 67498 ns, At safepoint: 7966 ns, Total: 75464 ns
[2024-02-17T23:00:38.455+0000][7][safepoint   ] Safepoint "Cleanup", Time since last: 42004531946 ns, Reaching safepoint: 73231 ns, At safepoint: 9651 ns, Total: 82882 ns
[2024-02-17T23:00:44.456+0000][7][safepoint   ] Safepoint "Cleanup", Time since last: 6000905954 ns, Reaching safepoint: 71769 ns, At safepoint: 5640 ns, Total: 77409 ns
[2024-02-17T23:00:53.458+0000][7][safepoint   ] Safepoint "Cleanup", Time since last: 9001387517 ns, Reaching safepoint: 69413 ns, At safepoint: 7160 ns, Total: 76573 ns
[2024-02-17T23:01:14.460+0000][7][safepoint   ] Safepoint "Cleanup", Time since last: 21001919281 ns, Reaching safepoint: 75361 ns, At safepoint: 8625 ns, Total: 83986 ns
[2024-02-17T23:01:20.460+0000][7][safepoint   ] Safepoint "Cleanup", Time since last: 6000527732 ns, Reaching safepoint: 64817 ns, At safepoint: 6100 ns, Total: 70917 ns
[2024-02-19T21:25:28.117+0000][7][safepoint   ] Safepoint "Cleanup", Time since last: 87292801369 ns, Reaching safepoint: 131363 ns, At safepoint: 10193 ns, Total: 141556 ns
[2024-02-19T21:25:29.118+0000][7][safepoint   ] Safepoint "Cleanup", Time since last: 1000097022 ns, Reaching safepoint: 101262 ns, At safepoint: 3695 ns, Total: 104957 ns
[2024-02-19T21:25:30.150+0000][7][safepoint   ] Safepoint "Cleanup", Time since last: 1032656163 ns, Reaching safepoint: 104738 ns, At safepoint: 3202 ns, Total: 107940 ns
[2024-02-19T21:25:30.350+0000][7][safepoint   ] Safepoint "ICBufferFull", Time since last: 199441710 ns, Reaching safepoint: 452155 ns, At safepoint: 14197 ns, Total: 466352 ns
[2024-02-19T21:25:30.357+0000][7][safepoint   ] Safepoint "ICBufferFull", Time since last: 6032207 ns, Reaching safepoint: 353003 ns, At safepoint: 19725 ns, Total: 372728 ns
[2024-02-19T21:25:31.492+0000][7][safepoint   ] Safepoint "Cleanup", Time since last: 1135414870 ns, Reaching safepoint: 137552 ns, At safepoint: 6204 ns, Total: 143756 ns
[2024-02-19T21:25:32.492+0000][7][safepoint   ] Safepoint "Cleanup", Time since last: 1000196319 ns, Reaching safepoint: 47107 ns, At safepoint: 5666 ns, Total: 52773 ns
[2024-02-19T21:25:33.116+0000][7][gc,start    ] GC(54) Pause Young (Normal) (G1 Evacuation Pause)
[2024-02-19T21:25:33.116+0000][7][gc,task     ] GC(54) Using 8 workers of 8 for evacuation
[2024-02-19T21:25:33.116+0000][7][gc,age      ] GC(54) Desired survivor size 41943040 bytes, new threshold 15 (max threshold 15)
[2024-02-19T21:25:33.119+0000][7][gc,phases   ] GC(54)   Pre Evacuate Collection Set: 0.1ms
[2024-02-19T21:25:33.119+0000][7][gc,phases   ] GC(54)   Merge Heap Roots: 0.1ms
[2024-02-19T21:25:33.119+0000][7][gc,phases   ] GC(54)   Evacuate Collection Set: 2.1ms
[2024-02-19T21:25:33.119+0000][7][gc,phases   ] GC(54)   Post Evacuate Collection Set: 0.5ms
[2024-02-19T21:25:33.119+0000][7][gc,phases   ] GC(54)   Other: 0.1ms
[2024-02-19T21:25:33.119+0000][7][gc,age      ] GC(54) Age table with threshold 15 (max threshold 15)
[2024-02-19T21:25:33.119+0000][7][gc,age      ] GC(54) - age   1:    2767336 bytes,    2767336 total
[2024-02-19T21:25:33.119+0000][7][gc,age      ] GC(54) - age   2:       2856 bytes,    2770192 total
[2024-02-19T21:25:33.119+0000][7][gc,age      ] GC(54) - age   3:      13424 bytes,    2783616 total
[2024-02-19T21:25:33.119+0000][7][gc,age      ] GC(54) - age   4:       2800 bytes,    2786416 total
[2024-02-19T21:25:33.119+0000][7][gc,age      ] GC(54) - age   5:        608 bytes,    2787024 total
[2024-02-19T21:25:33.119+0000][7][gc,age      ] GC(54) - age   6:        256 bytes,    2787280 total
[2024-02-19T21:25:33.119+0000][7][gc,age      ] GC(54) - age   7:      34824 bytes,    2822104 total
[2024-02-19T21:25:33.119+0000][7][gc,age      ] GC(54) - age   8:       1224 bytes,    2823328 total
[2024-02-19T21:25:33.119+0000][7][gc,age      ] GC(54) - age   9:       1400 bytes,    2824728 total
[2024-02-19T21:25:33.119+0000][7][gc,age      ] GC(54) - age  10:        912 bytes,    2825640 total
[2024-02-19T21:25:33.119+0000][7][gc,age      ] GC(54) - age  11:       8304 bytes,    2833944 total
[2024-02-19T21:25:33.119+0000][7][gc,age      ] GC(54) - age  12:       1408 bytes,    2835352 total
[2024-02-19T21:25:33.119+0000][7][gc,age      ] GC(54) - age  13:       1344 bytes,    2836696 total
[2024-02-19T21:25:33.119+0000][7][gc,age      ] GC(54) - age  14:      47288 bytes,    2883984 total
[2024-02-19T21:25:33.119+0000][7][gc,age      ] GC(54) - age  15:       1744 bytes,    2885728 total
[2024-02-19T21:25:33.119+0000][7][gc,heap     ] GC(54) Eden regions: 152->0(152)
[2024-02-19T21:25:33.119+0000][7][gc,heap     ] GC(54) Survivor regions: 1->1(20)
[2024-02-19T21:25:33.119+0000][7][gc,heap     ] GC(54) Old regions: 22->22
[2024-02-19T21:25:33.119+0000][7][gc,heap     ] GC(54) Archive regions: 2->2
[2024-02-19T21:25:33.119+0000][7][gc,heap     ] GC(54) Humongous regions: 0->0
[2024-02-19T21:25:33.119+0000][7][gc,metaspace] GC(54) Metaspace: 126831K(130496K)->126831K(130496K) NonClass: 110239K(112128K)->110239K(112128K) Class: 16592K(18368K)->16592K(18368K)
[2024-02-19T21:25:33.119+0000][7][gc          ] GC(54) Pause Young (Normal) (G1 Evacuation Pause) 699M->92M(1024M) 3.009ms
[2024-02-19T21:25:33.119+0000][7][gc,cpu      ] GC(54) User=0.01s Sys=0.00s Real=0.01s
[2024-02-19T21:25:33.119+0000][7][safepoint   ] Safepoint "G1CollectForAllocation", Time since last: 623806671 ns, Reaching safepoint: 49205 ns, At safepoint: 3073617 ns, Total: 3122822 ns
[2024-02-19T21:25:34.120+0000][7][safepoint   ] Safepoint "Cleanup", Time since last: 1000184255 ns, Reaching safepoint: 144147 ns, At safepoint: 14130 ns, Total: 158277 ns
[2024-02-19T21:25:35.120+0000][7][safepoint   ] Safepoint "Cleanup", Time since last: 1000114386 ns, Reaching safepoint: 108131 ns, At safepoint: 3693 ns, Total: 111824 ns
[2024-02-19T21:25:36.120+0000][7][safepoint   ] Safepoint "Cleanup", Time since last: 1000098879 ns, Reaching safepoint: 110504 ns, At safepoint: 5883 ns, Total: 116387 ns
[2024-02-19T21:25:40.121+0000][7][safepoint   ] Safepoint "Cleanup", Time since last: 4000378414 ns, Reaching safepoint: 56443 ns, At safepoint: 3955 ns, Total: 60398 ns
[2024-02-19T21:25:45.121+0000][7][safepoint   ] Safepoint "Cleanup", Time since last: 5000528396 ns, Reaching safepoint: 136875 ns, At safepoint: 5377 ns, Total: 142252 ns
[2024-02-19T21:25:46.121+0000][7][safepoint   ] Safepoint "Cleanup", Time since last: 1000102356 ns, Reaching safepoint: 58718 ns, At safepoint: 4990 ns, Total: 63708 ns
[2024-02-19T21:25:47.122+0000][7][safepoint   ] Safepoint "Cleanup", Time since last: 1000109886 ns, Reaching safepoint: 51029 ns, At safepoint: 3852 ns, Total: 54881 ns
[2024-02-19T21:25:51.122+0000][7][safepoint   ] Safepoint "Cleanup", Time since last: 4000457935 ns, Reaching safepoint: 66796 ns, At safepoint: 4843 ns, Total: 71639 ns
[2024-02-19T21:25:54.122+0000][7][safepoint   ] Safepoint "Cleanup", Time since last: 3000238369 ns, Reaching safepoint: 76589 ns, At safepoint: 3859 ns, Total: 80448 ns
[2024-02-19T21:25:58.123+0000][7][safepoint   ] Safepoint "Cleanup", Time since last: 4000366471 ns, Reaching safepoint: 78929 ns, At safepoint: 7681 ns, Total: 86610 ns
[2024-02-19T21:25:59.123+0000][7][safepoint   ] Safepoint "Cleanup", Time since last: 1000179244 ns, Reaching safepoint: 48735 ns, At safepoint: 9951 ns, Total: 58686 ns
[2024-02-19T21:26:00.123+0000][7][safepoint   ] Safepoint "Cleanup", Time since last: 1000106602 ns, Reaching safepoint: 99780 ns, At safepoint: 4920 ns, Total: 104700 ns
[2024-02-19T21:26:01.124+0000][7][safepoint   ] Safepoint "Cleanup", Time since last: 1000123743 ns, Reaching safepoint: 39315 ns, At safepoint: 3438 ns, Total: 42753 ns
[2024-02-19T21:26:03.124+0000][7][safepoint   ] Safepoint "Cleanup", Time since last: 2000213923 ns, Reaching safepoint: 55459 ns, At safepoint: 3352 ns, Total: 58811 ns
[2024-02-19T21:26:10.125+0000][7][safepoint   ] Safepoint "Cleanup", Time since last: 7000745164 ns, Reaching safepoint: 48214 ns, At safepoint: 5178 ns, Total: 53392 ns
[2024-02-19T21:26:16.125+0000][7][safepoint   ] Safepoint "Cleanup", Time since last: 6000618888 ns, Reaching safepoint: 50148 ns, At safepoint: 4860 ns, Total: 55008 ns
[2024-02-19T21:26:31.127+0000][7][safepoint   ] Safepoint "Cleanup", Time since last: 15001653064 ns, Reaching safepoint: 86147 ns, At safepoint: 9890 ns, Total: 96037 ns
[2024-02-19T21:26:34.878+0000][7][safepoint   ] Safepoint "Cleanup", Time since last: 3000561414 ns, Reaching safepoint: 116353 ns, At safepoint: 12456 ns, Total: 128809 ns
[2024-02-19T21:26:45.879+0000][7][safepoint   ] Safepoint "Cleanup", Time since last: 11001744231 ns, Reaching safepoint: 86887 ns, At safepoint: 9747 ns, Total: 96634 ns
[2024-02-19T21:26:52.880+0000][7][safepoint   ] Safepoint "Cleanup", Time since last: 7000743628 ns, Reaching safepoint: 87670 ns, At safepoint: 7486 ns, Total: 95156 ns
[2024-02-19T21:26:57.881+0000][7][safepoint   ] Safepoint "Cleanup", Time since last: 5000623785 ns, Reaching safepoint: 176193 ns, At safepoint: 21415 ns, Total: 197608 ns
[2024-02-19T21:27:16.883+0000][7][safepoint   ] Safepoint "Cleanup", Time since last: 19002299916 ns, Reaching safepoint: 84777 ns, At safepoint: 7437 ns, Total: 92214 ns
[2024-02-19T21:27:22.884+0000][7][safepoint   ] Safepoint "Cleanup", Time since last: 6000526809 ns, Reaching safepoint: 131444 ns, At safepoint: 10336 ns, Total: 141780 ns
[2024-02-19T21:27:40.886+0000][7][safepoint   ] Safepoint "Cleanup", Time since last: 18001726843 ns, Reaching safepoint: 78064 ns, At safepoint: 7263 ns, Total: 85327 ns
[2024-02-19T21:27:45.887+0000][7][safepoint   ] Safepoint "Cleanup", Time since last: 5000697018 ns, Reaching safepoint: 141447 ns, At safepoint: 7378 ns, Total: 148825 ns
[2024-02-19T21:28:04.889+0000][7][safepoint   ] Safepoint "Cleanup", Time since last: 19002216512 ns, Reaching safepoint: 84919 ns, At safepoint: 7884 ns, Total: 92803 ns
[2024-02-19T21:28:21.891+0000][7][safepoint   ] Safepoint "Cleanup", Time since last: 17002079919 ns, Reaching safepoint: 84380 ns, At safepoint: 11819 ns, Total: 96199 ns
[2024-02-19T21:28:33.893+0000][7][safepoint   ] Safepoint "Cleanup", Time since last: 12001016103 ns, Reaching safepoint: 180362 ns, At safepoint: 24193 ns, Total: 204555 ns
[2024-02-19T21:28:43.915+0000][7][safepoint   ] Safepoint "Cleanup", Time since last: 10022765536 ns, Reaching safepoint: 49445 ns, At safepoint: 11993 ns, Total: 61438 ns
[2024-02-19T21:28:44.916+0000][7][safepoint   ] Safepoint "Cleanup", Time since last: 1000217905 ns, Reaching safepoint: 108379 ns, At safepoint: 12660 ns, Total: 121039 ns
[2024-02-19T21:28:58.304+0000][7][gc,start    ] GC(55) Pause Young (Normal) (G1 Evacuation Pause)
[2024-02-19T21:28:58.304+0000][7][gc,task     ] GC(55) Using 8 workers of 8 for evacuation
[2024-02-19T21:28:58.304+0000][7][gc,age      ] GC(55) Desired survivor size 41943040 bytes, new threshold 15 (max threshold 15)
[2024-02-19T21:28:58.308+0000][7][gc,phases   ] GC(55)   Pre Evacuate Collection Set: 0.1ms
[2024-02-19T21:28:58.308+0000][7][gc,phases   ] GC(55)   Merge Heap Roots: 0.1ms
[2024-02-19T21:28:58.308+0000][7][gc,phases   ] GC(55)   Evacuate Collection Set: 2.8ms
[2024-02-19T21:28:58.308+0000][7][gc,phases   ] GC(55)   Post Evacuate Collection Set: 0.8ms
[2024-02-19T21:28:58.308+0000][7][gc,phases   ] GC(55)   Other: 0.1ms
[2024-02-19T21:28:58.308+0000][7][gc,age      ] GC(55) Age table with threshold 15 (max threshold 15)
[2024-02-19T21:28:58.308+0000][7][gc,age      ] GC(55) - age   1:    1995000 bytes,    1995000 total
[2024-02-19T21:28:58.308+0000][7][gc,age      ] GC(55) - age   2:    1848320 bytes,    3843320 total
[2024-02-19T21:28:58.308+0000][7][gc,age      ] GC(55) - age   3:        936 bytes,    3844256 total
[2024-02-19T21:28:58.308+0000][7][gc,age      ] GC(55) - age   4:       9064 bytes,    3853320 total
[2024-02-19T21:28:58.308+0000][7][gc,age      ] GC(55) - age   5:       2800 bytes,    3856120 total
[2024-02-19T21:28:58.308+0000][7][gc,age      ] GC(55) - age   6:        216 bytes,    3856336 total
[2024-02-19T21:28:58.308+0000][7][gc,age      ] GC(55) - age   7:        224 bytes,    3856560 total
[2024-02-19T21:28:58.308+0000][7][gc,age      ] GC(55) - age   8:      34824 bytes,    3891384 total
[2024-02-19T21:28:58.308+0000][7][gc,age      ] GC(55) - age   9:       1224 bytes,    3892608 total
[2024-02-19T21:28:58.308+0000][7][gc,age      ] GC(55) - age  10:       1400 bytes,    3894008 total
[2024-02-19T21:28:58.308+0000][7][gc,age      ] GC(55) - age  11:        912 bytes,    3894920 total
[2024-02-19T21:28:58.308+0000][7][gc,age      ] GC(55) - age  12:       8304 bytes,    3903224 total
[2024-02-19T21:28:58.308+0000][7][gc,age      ] GC(55) - age  13:       1408 bytes,    3904632 total
[2024-02-19T21:28:58.308+0000][7][gc,age      ] GC(55) - age  14:       1344 bytes,    3905976 total
[2024-02-19T21:28:58.308+0000][7][gc,age      ] GC(55) - age  15:      47224 bytes,    3953200 total
[2024-02-19T21:28:58.308+0000][7][gc,heap     ] GC(55) Eden regions: 152->0(152)
[2024-02-19T21:28:58.308+0000][7][gc,heap     ] GC(55) Survivor regions: 1->1(20)
[2024-02-19T21:28:58.308+0000][7][gc,heap     ] GC(55) Old regions: 22->22
[2024-02-19T21:28:58.308+0000][7][gc,heap     ] GC(55) Archive regions: 2->2
[2024-02-19T21:28:58.308+0000][7][gc,heap     ] GC(55) Humongous regions: 0->0
[2024-02-19T21:28:58.308+0000][7][gc,metaspace] GC(55) Metaspace: 126854K(130496K)->126854K(130496K) NonClass: 110262K(112128K)->110262K(112128K) Class: 16592K(18368K)->16592K(18368K)
[2024-02-19T21:28:58.308+0000][7][gc          ] GC(55) Pause Young (Normal) (G1 Evacuation Pause) 700M->93M(1024M) 4.306ms
[2024-02-19T21:28:58.308+0000][7][gc,cpu      ] GC(55) User=0.03s Sys=0.00s Real=0.01s
[2024-02-19T21:28:58.308+0000][7][safepoint   ] Safepoint "G1CollectForAllocation", Time since last: 13388245033 ns, Reaching safepoint: 67235 ns, At safepoint: 4396571 ns, Total: 4463806 ns
[2024-02-19T21:29:16.311+0000][7][safepoint   ] Safepoint "Cleanup", Time since last: 18002476601 ns, Reaching safepoint: 119672 ns, At safepoint: 21803 ns, Total: 141475 ns
[2024-02-19T21:29:45.314+0000][7][safepoint   ] Safepoint "Cleanup", Time since last: 29003338688 ns, Reaching safepoint: 107382 ns, At safepoint: 6601 ns, Total: 113983 ns
[2024-02-19T21:30:45.321+0000][7][safepoint   ] Safepoint "Cleanup", Time since last: 60006723705 ns, Reaching safepoint: 108461 ns, At safepoint: 7245 ns, Total: 115706 ns
[2024-02-19T21:31:04.325+0000][7][safepoint   ] Safepoint "Cleanup", Time since last: 19003453867 ns, Reaching safepoint: 91851 ns, At safepoint: 8445 ns, Total: 100296 ns
[2024-02-19T21:31:10.326+0000][7][safepoint   ] Safepoint "Cleanup", Time since last: 6001044692 ns, Reaching safepoint: 130109 ns, At safepoint: 7671 ns, Total: 137780 ns
[2024-02-19T21:31:16.327+0000][7][safepoint   ] Safepoint "Cleanup", Time since last: 6001152739 ns, Reaching safepoint: 105981 ns, At safepoint: 11486 ns, Total: 117467 ns
[2024-02-19T21:31:43.331+0000][7][safepoint   ] Safepoint "Cleanup", Time since last: 27003848539 ns, Reaching safepoint: 101136 ns, At safepoint: 9115 ns, Total: 110251 ns
[2024-02-19T21:32:27.919+0000][7][gc,start    ] GC(56) Pause Young (Normal) (G1 Evacuation Pause)
[2024-02-19T21:32:27.919+0000][7][gc,task     ] GC(56) Using 8 workers of 8 for evacuation
[2024-02-19T21:32:27.919+0000][7][gc,age      ] GC(56) Desired survivor size 41943040 bytes, new threshold 15 (max threshold 15)
[2024-02-19T21:32:27.922+0000][7][gc,phases   ] GC(56)   Pre Evacuate Collection Set: 0.1ms
[2024-02-19T21:32:27.922+0000][7][gc,phases   ] GC(56)   Merge Heap Roots: 0.1ms
[2024-02-19T21:32:27.922+0000][7][gc,phases   ] GC(56)   Evacuate Collection Set: 2.5ms
[2024-02-19T21:32:27.922+0000][7][gc,phases   ] GC(56)   Post Evacuate Collection Set: 1.0ms
[2024-02-19T21:32:27.922+0000][7][gc,phases   ] GC(56)   Other: 0.1ms
[2024-02-19T21:32:27.922+0000][7][gc,age      ] GC(56) Age table with threshold 15 (max threshold 15)
[2024-02-19T21:32:27.922+0000][7][gc,age      ] GC(56) - age   1:     825576 bytes,     825576 total
[2024-02-19T21:32:27.922+0000][7][gc,age      ] GC(56) - age   2:     163936 bytes,     989512 total
[2024-02-19T21:32:27.922+0000][7][gc,age      ] GC(56) - age   3:    1846424 bytes,    2835936 total
[2024-02-19T21:32:27.922+0000][7][gc,age      ] GC(56) - age   4:        936 bytes,    2836872 total
[2024-02-19T21:32:27.922+0000][7][gc,age      ] GC(56) - age   5:       8880 bytes,    2845752 total
[2024-02-19T21:32:27.922+0000][7][gc,age      ] GC(56) - age   6:       2800 bytes,    2848552 total
[2024-02-19T21:32:27.922+0000][7][gc,age      ] GC(56) - age   7:        216 bytes,    2848768 total
[2024-02-19T21:32:27.922+0000][7][gc,age      ] GC(56) - age   8:        224 bytes,    2848992 total
[2024-02-19T21:32:27.922+0000][7][gc,age      ] GC(56) - age   9:      34824 bytes,    2883816 total
[2024-02-19T21:32:27.922+0000][7][gc,age      ] GC(56) - age  10:       1224 bytes,    2885040 total
[2024-02-19T21:32:27.923+0000][7][gc,age      ] GC(56) - age  11:       1400 bytes,    2886440 total
[2024-02-19T21:32:27.923+0000][7][gc,age      ] GC(56) - age  12:        912 bytes,    2887352 total
[2024-02-19T21:32:27.923+0000][7][gc,age      ] GC(56) - age  13:       8304 bytes,    2895656 total
[2024-02-19T21:32:27.923+0000][7][gc,age      ] GC(56) - age  14:       1408 bytes,    2897064 total
[2024-02-19T21:32:27.923+0000][7][gc,age      ] GC(56) - age  15:       1344 bytes,    2898408 total
[2024-02-19T21:32:27.923+0000][7][gc,heap     ] GC(56) Eden regions: 152->0(152)
[2024-02-19T21:32:27.923+0000][7][gc,heap     ] GC(56) Survivor regions: 1->1(20)
[2024-02-19T21:32:27.923+0000][7][gc,heap     ] GC(56) Old regions: 22->22
[2024-02-19T21:32:27.923+0000][7][gc,heap     ] GC(56) Archive regions: 2->2
[2024-02-19T21:32:27.923+0000][7][gc,heap     ] GC(56) Humongous regions: 0->0
[2024-02-19T21:32:27.923+0000][7][gc,metaspace] GC(56) Metaspace: 126888K(130560K)->126888K(130560K) NonClass: 110295K(112192K)->110295K(112192K) Class: 16592K(18368K)->16592K(18368K)
[2024-02-19T21:32:27.923+0000][7][gc          ] GC(56) Pause Young (Normal) (G1 Evacuation Pause) 701M->92M(1024M) 4.103ms
[2024-02-19T21:32:27.923+0000][7][gc,cpu      ] GC(56) User=0.02s Sys=0.00s Real=0.00s
[2024-02-19T21:32:27.923+0000][7][safepoint   ] Safepoint "G1CollectForAllocation", Time since last: 44587111826 ns, Reaching safepoint: 112879 ns, At safepoint: 4202389 ns, Total: 4315268 ns
[2024-02-19T21:32:45.925+0000][7][safepoint   ] Safepoint "Cleanup", Time since last: 18001904274 ns, Reaching safepoint: 126608 ns, At safepoint: 7557 ns, Total: 134165 ns
[2024-02-19T21:33:44.931+0000][7][safepoint   ] Safepoint "Cleanup", Time since last: 59006300964 ns, Reaching safepoint: 86973 ns, At safepoint: 9887 ns, Total: 96860 ns
[2024-02-19T21:33:45.931+0000][7][safepoint   ] Safepoint "Cleanup", Time since last: 1000153555 ns, Reaching safepoint: 130391 ns, At safepoint: 6271 ns, Total: 136662 ns
[2024-02-19T21:33:57.933+0000][7][safepoint   ] Safepoint "Cleanup", Time since last: 12001174012 ns, Reaching safepoint: 131101 ns, At safepoint: 7439 ns, Total: 138540 ns
[2024-02-19T21:34:03.933+0000][7][safepoint   ] Safepoint "Cleanup", Time since last: 6000633144 ns, Reaching safepoint: 72851 ns, At safepoint: 5169 ns, Total: 78020 ns
[2024-02-19T21:34:33.937+0000][7][safepoint   ] Safepoint "Cleanup", Time since last: 30003004101 ns, Reaching safepoint: 65478 ns, At safepoint: 6247 ns, Total: 71725 ns
[2024-02-19T21:34:45.938+0000][7][safepoint   ] Safepoint "Cleanup", Time since last: 12001746303 ns, Reaching safepoint: 124952 ns, At safepoint: 9515 ns, Total: 134467 ns
[2024-02-19T21:35:04.940+0000][7][safepoint   ] Safepoint "Cleanup", Time since last: 19002042183 ns, Reaching safepoint: 63384 ns, At safepoint: 7209 ns, Total: 70593 ns
[2024-02-19T21:35:34.944+0000][7][safepoint   ] Safepoint "Cleanup", Time since last: 30002962156 ns, Reaching safepoint: 86024 ns, At safepoint: 8224 ns, Total: 94248 ns
[2024-02-19T21:35:36.944+0000][7][safepoint   ] Safepoint "Cleanup", Time since last: 2000269811 ns, Reaching safepoint: 144171 ns, At safepoint: 8516 ns, Total: 152687 ns
[2024-02-19T21:35:55.158+0000][7][gc,start    ] GC(57) Pause Young (Normal) (G1 Evacuation Pause)
[2024-02-19T21:35:55.158+0000][7][gc,task     ] GC(57) Using 8 workers of 8 for evacuation
[2024-02-19T21:35:55.158+0000][7][gc,age      ] GC(57) Desired survivor size 41943040 bytes, new threshold 15 (max threshold 15)
[2024-02-19T21:35:55.162+0000][7][gc,phases   ] GC(57)   Pre Evacuate Collection Set: 0.2ms
[2024-02-19T21:35:55.162+0000][7][gc,phases   ] GC(57)   Merge Heap Roots: 0.2ms
[2024-02-19T21:35:55.162+0000][7][gc,phases   ] GC(57)   Evacuate Collection Set: 3.2ms
[2024-02-19T21:35:55.162+0000][7][gc,phases   ] GC(57)   Post Evacuate Collection Set: 0.8ms
[2024-02-19T21:35:55.162+0000][7][gc,phases   ] GC(57)   Other: 0.1ms
[2024-02-19T21:35:55.162+0000][7][gc,age      ] GC(57) Age table with threshold 15 (max threshold 15)
[2024-02-19T21:35:55.163+0000][7][gc,age      ] GC(57) - age   1:    1973208 bytes,    1973208 total
[2024-02-19T21:35:55.163+0000][7][gc,age      ] GC(57) - age   2:      11376 bytes,    1984584 total
[2024-02-19T21:35:55.163+0000][7][gc,age      ] GC(57) - age   3:      97824 bytes,    2082408 total
[2024-02-19T21:35:55.163+0000][7][gc,age      ] GC(57) - age   4:    1838224 bytes,    3920632 total
[2024-02-19T21:35:55.163+0000][7][gc,age      ] GC(57) - age   5:        752 bytes,    3921384 total
[2024-02-19T21:35:55.163+0000][7][gc,age      ] GC(57) - age   6:       8848 bytes,    3930232 total
[2024-02-19T21:35:55.163+0000][7][gc,age      ] GC(57) - age   7:       2800 bytes,    3933032 total
[2024-02-19T21:35:55.163+0000][7][gc,age      ] GC(57) - age   8:        216 bytes,    3933248 total
[2024-02-19T21:35:55.163+0000][7][gc,age      ] GC(57) - age   9:        224 bytes,    3933472 total
[2024-02-19T21:35:55.163+0000][7][gc,age      ] GC(57) - age  10:      34824 bytes,    3968296 total
[2024-02-19T21:35:55.163+0000][7][gc,age      ] GC(57) - age  11:       1224 bytes,    3969520 total
[2024-02-19T21:35:55.163+0000][7][gc,age      ] GC(57) - age  12:       1400 bytes,    3970920 total
[2024-02-19T21:35:55.163+0000][7][gc,age      ] GC(57) - age  13:        912 bytes,    3971832 total
[2024-02-19T21:35:55.163+0000][7][gc,age      ] GC(57) - age  14:       8304 bytes,    3980136 total
[2024-02-19T21:35:55.163+0000][7][gc,age      ] GC(57) - age  15:       1408 bytes,    3981544 total
[2024-02-19T21:35:55.163+0000][7][gc,heap     ] GC(57) Eden regions: 152->0(152)
[2024-02-19T21:35:55.163+0000][7][gc,heap     ] GC(57) Survivor regions: 1->1(20)
[2024-02-19T21:35:55.163+0000][7][gc,heap     ] GC(57) Old regions: 22->22
[2024-02-19T21:35:55.163+0000][7][gc,heap     ] GC(57) Archive regions: 2->2
[2024-02-19T21:35:55.163+0000][7][gc,heap     ] GC(57) Humongous regions: 0->0
[2024-02-19T21:35:55.163+0000][7][gc,metaspace] GC(57) Metaspace: 126933K(130560K)->126933K(130560K) NonClass: 110341K(112192K)->110341K(112192K) Class: 16592K(18368K)->16592K(18368K)
[2024-02-19T21:35:55.163+0000][7][gc          ] GC(57) Pause Young (Normal) (G1 Evacuation Pause) 700M->93M(1024M) 4.784ms
[2024-02-19T21:35:55.163+0000][7][gc,cpu      ] GC(57) User=0.02s Sys=0.00s Real=0.00s
[2024-02-19T21:35:55.163+0000][7][safepoint   ] Safepoint "G1CollectForAllocation", Time since last: 18213814141 ns, Reaching safepoint: 75318 ns, At safepoint: 4883982 ns, Total: 4959300 ns
[2024-02-19T21:35:56.163+0000][7][safepoint   ] Safepoint "Cleanup", Time since last: 1000210455 ns, Reaching safepoint: 70895 ns, At safepoint: 7822 ns, Total: 78717 ns
[2024-02-19T21:36:07.164+0000][7][safepoint   ] Safepoint "Cleanup", Time since last: 11001048796 ns, Reaching safepoint: 66429 ns, At safepoint: 6411 ns, Total: 72840 ns
[2024-02-19T21:36:22.166+0000][7][safepoint   ] Safepoint "Cleanup", Time since last: 15001426077 ns, Reaching safepoint: 80803 ns, At safepoint: 6325 ns, Total: 87128 ns
[2024-02-19T21:36:35.167+0000][7][safepoint   ] Safepoint "Cleanup", Time since last: 13001521073 ns, Reaching safepoint: 87355 ns, At safepoint: 8236 ns, Total: 95591 ns
[2024-02-19T21:36:40.168+0000][7][safepoint   ] Safepoint "Cleanup", Time since last: 5000687326 ns, Reaching safepoint: 45876 ns, At safepoint: 4660 ns, Total: 50536 ns
[2024-02-19T21:36:46.169+0000][7][safepoint   ] Safepoint "Cleanup", Time since last: 6000678631 ns, Reaching safepoint: 73354 ns, At safepoint: 5952 ns, Total: 79306 ns
[2024-02-19T21:36:47.169+0000][7][safepoint   ] Safepoint "Cleanup", Time since last: 1000259514 ns, Reaching safepoint: 78724 ns, At safepoint: 11220 ns, Total: 89944 ns
[2024-02-19T21:37:50.178+0000][7][safepoint   ] Safepoint "Cleanup", Time since last: 63008909536 ns, Reaching safepoint: 57120 ns, At safepoint: 5276 ns, Total: 62396 ns
[2024-02-19T21:37:58.179+0000][7][safepoint   ] Safepoint "Cleanup", Time since last: 8000786203 ns, Reaching safepoint: 77122 ns, At safepoint: 8974 ns, Total: 86096 ns
[2024-02-19T21:38:01.180+0000][7][safepoint   ] Safepoint "Cleanup", Time since last: 3000566580 ns, Reaching safepoint: 91228 ns, At safepoint: 9358 ns, Total: 100586 ns
[2024-02-19T21:38:05.180+0000][7][safepoint   ] Safepoint "Cleanup", Time since last: 4000452128 ns, Reaching safepoint: 63599 ns, At safepoint: 9167 ns, Total: 72766 ns
[2024-02-19T21:38:16.182+0000][7][safepoint   ] Safepoint "Cleanup", Time since last: 11001411235 ns, Reaching safepoint: 66292 ns, At safepoint: 7130 ns, Total: 73422 ns
[2024-02-19T21:39:20.193+0000][7][gc,start    ] GC(58) Pause Young (Normal) (G1 Evacuation Pause)
[2024-02-19T21:39:20.193+0000][7][gc,task     ] GC(58) Using 8 workers of 8 for evacuation
[2024-02-19T21:39:20.193+0000][7][gc,age      ] GC(58) Desired survivor size 41943040 bytes, new threshold 15 (max threshold 15)
[2024-02-19T21:39:20.197+0000][7][gc,phases   ] GC(58)   Pre Evacuate Collection Set: 0.1ms
[2024-02-19T21:39:20.197+0000][7][gc,phases   ] GC(58)   Merge Heap Roots: 0.1ms
[2024-02-19T21:39:20.197+0000][7][gc,phases   ] GC(58)   Evacuate Collection Set: 2.4ms
[2024-02-19T21:39:20.197+0000][7][gc,phases   ] GC(58)   Post Evacuate Collection Set: 1.3ms
[2024-02-19T21:39:20.197+0000][7][gc,phases   ] GC(58)   Other: 0.1ms
[2024-02-19T21:39:20.197+0000][7][gc,age      ] GC(58) Age table with threshold 15 (max threshold 15)
[2024-02-19T21:39:20.197+0000][7][gc,age      ] GC(58) - age   1:     872712 bytes,     872712 total
[2024-02-19T21:39:20.197+0000][7][gc,age      ] GC(58) - age   2:     128736 bytes,    1001448 total
[2024-02-19T21:39:20.197+0000][7][gc,age      ] GC(58) - age   3:       9544 bytes,    1010992 total
[2024-02-19T21:39:20.197+0000][7][gc,age      ] GC(58) - age   4:      93992 bytes,    1104984 total
[2024-02-19T21:39:20.197+0000][7][gc,age      ] GC(58) - age   5:    1838224 bytes,    2943208 total
[2024-02-19T21:39:20.197+0000][7][gc,age      ] GC(58) - age   6:        752 bytes,    2943960 total
[2024-02-19T21:39:20.197+0000][7][gc,age      ] GC(58) - age   7:       8464 bytes,    2952424 total
[2024-02-19T21:39:20.197+0000][7][gc,age      ] GC(58) - age   8:       2800 bytes,    2955224 total
[2024-02-19T21:39:20.197+0000][7][gc,age      ] GC(58) - age   9:        216 bytes,    2955440 total
[2024-02-19T21:39:20.197+0000][7][gc,age      ] GC(58) - age  10:        224 bytes,    2955664 total
[2024-02-19T21:39:20.197+0000][7][gc,age      ] GC(58) - age  11:      34824 bytes,    2990488 total
[2024-02-19T21:39:20.197+0000][7][gc,age      ] GC(58) - age  12:       1224 bytes,    2991712 total
[2024-02-19T21:39:20.197+0000][7][gc,age      ] GC(58) - age  13:       1400 bytes,    2993112 total
[2024-02-19T21:39:20.197+0000][7][gc,age      ] GC(58) - age  14:        912 bytes,    2994024 total
[2024-02-19T21:39:20.197+0000][7][gc,age      ] GC(58) - age  15:       8304 bytes,    3002328 total
[2024-02-19T21:39:20.197+0000][7][gc,heap     ] GC(58) Eden regions: 152->0(152)
[2024-02-19T21:39:20.197+0000][7][gc,heap     ] GC(58) Survivor regions: 1->1(20)
[2024-02-19T21:39:20.197+0000][7][gc,heap     ] GC(58) Old regions: 22->22
[2024-02-19T21:39:20.197+0000][7][gc,heap     ] GC(58) Archive regions: 2->2
[2024-02-19T21:39:20.197+0000][7][gc,heap     ] GC(58) Humongous regions: 0->0
[2024-02-19T21:39:20.197+0000][7][gc,metaspace] GC(58) Metaspace: 126943K(130560K)->126943K(130560K) NonClass: 110351K(112192K)->110351K(112192K) Class: 16592K(18368K)->16592K(18368K)
[2024-02-19T21:39:20.197+0000][7][gc          ] GC(58) Pause Young (Normal) (G1 Evacuation Pause) 701M->92M(1024M) 4.299ms
[2024-02-19T21:39:20.197+0000][7][gc,cpu      ] GC(58) User=0.02s Sys=0.00s Real=0.00s
[2024-02-19T21:39:20.197+0000][7][safepoint   ] Safepoint "G1CollectForAllocation", Time since last: 66374358496 ns, Reaching safepoint: 66217 ns, At safepoint: 4393043 ns, Total: 4459260 ns
[2024-02-19T21:39:32.198+0000][7][safepoint   ] Safepoint "Cleanup", Time since last: 12001015814 ns, Reaching safepoint: 65355 ns, At safepoint: 5907 ns, Total: 71262 ns
[2024-02-19T21:39:47.200+0000][7][safepoint   ] Safepoint "Cleanup", Time since last: 15001348797 ns, Reaching safepoint: 53219 ns, At safepoint: 5242 ns, Total: 58461 ns
[2024-02-19T21:40:02.201+0000][7][safepoint   ] Safepoint "Cleanup", Time since last: 15001439637 ns, Reaching safepoint: 67860 ns, At safepoint: 6056 ns, Total: 73916 ns
[2024-02-19T21:40:26.204+0000][7][safepoint   ] Safepoint "Cleanup", Time since last: 24002827608 ns, Reaching safepoint: 100558 ns, At safepoint: 38260 ns, Total: 138818 ns
[2024-02-19T21:40:32.205+0000][7][safepoint   ] Safepoint "Cleanup", Time since last: 6000525461 ns, Reaching safepoint: 65156 ns, At safepoint: 6518 ns, Total: 71674 ns
[2024-02-19T21:40:43.206+0000][7][safepoint   ] Safepoint "Cleanup", Time since last: 11000989729 ns, Reaching safepoint: 110004 ns, At safepoint: 11181 ns, Total: 121185 ns
[2024-02-19T21:40:51.207+0000][7][safepoint   ] Safepoint "Cleanup", Time since last: 8000890975 ns, Reaching safepoint: 72369 ns, At safepoint: 7849 ns, Total: 80218 ns
[2024-02-19T21:40:53.207+0000][7][safepoint   ] Safepoint "Cleanup", Time since last: 2000261705 ns, Reaching safepoint: 56761 ns, At safepoint: 5829 ns, Total: 62590 ns
[2024-02-19T21:41:01.208+0000][7][safepoint   ] Safepoint "Cleanup", Time since last: 8001227431 ns, Reaching safepoint: 62866 ns, At safepoint: 7794 ns, Total: 70660 ns
[2024-02-19T21:41:02.209+0000][7][safepoint   ] Safepoint "Cleanup", Time since last: 1000143197 ns, Reaching safepoint: 68657 ns, At safepoint: 7145 ns, Total: 75802 ns
[2024-02-19T21:41:17.211+0000][7][safepoint   ] Safepoint "Cleanup", Time since last: 15001891847 ns, Reaching safepoint: 79581 ns, At safepoint: 7688 ns, Total: 87269 ns
[2024-02-19T21:41:42.120+0000][7][safepoint   ] Safepoint "Cleanup", Time since last: 27002996688 ns, Reaching safepoint: 122796 ns, At safepoint: 6406 ns, Total: 129202 ns
[2024-02-19T21:41:43.121+0000][7][safepoint   ] Safepoint "Cleanup", Time since last: 1000207676 ns, Reaching safepoint: 72441 ns, At safepoint: 7776 ns, Total: 80217 ns
[2024-02-19T21:42:12.124+0000][7][safepoint   ] Safepoint "Cleanup", Time since last: 29002975057 ns, Reaching safepoint: 111773 ns, At safepoint: 12439 ns, Total: 124212 ns
[2024-02-19T21:42:14.465+0000][7][gc,start    ] GC(59) Pause Young (Normal) (G1 Evacuation Pause)
[2024-02-19T21:42:14.466+0000][7][gc,task     ] GC(59) Using 8 workers of 8 for evacuation
[2024-02-19T21:42:14.466+0000][7][gc,age      ] GC(59) Desired survivor size 41943040 bytes, new threshold 15 (max threshold 15)
[2024-02-19T21:42:14.470+0000][7][gc,phases   ] GC(59)   Pre Evacuate Collection Set: 0.2ms
[2024-02-19T21:42:14.470+0000][7][gc,phases   ] GC(59)   Merge Heap Roots: 0.1ms
[2024-02-19T21:42:14.470+0000][7][gc,phases   ] GC(59)   Evacuate Collection Set: 3.0ms
[2024-02-19T21:42:14.470+0000][7][gc,phases   ] GC(59)   Post Evacuate Collection Set: 1.4ms
[2024-02-19T21:42:14.470+0000][7][gc,phases   ] GC(59)   Other: 0.2ms
[2024-02-19T21:42:14.471+0000][7][gc,age      ] GC(59) Age table with threshold 15 (max threshold 15)
[2024-02-19T21:42:14.471+0000][7][gc,age      ] GC(59) - age   1:    1081736 bytes,    1081736 total
[2024-02-19T21:42:14.471+0000][7][gc,age      ] GC(59) - age   2:      31224 bytes,    1112960 total
[2024-02-19T21:42:14.471+0000][7][gc,age      ] GC(59) - age   3:     126896 bytes,    1239856 total
[2024-02-19T21:42:14.471+0000][7][gc,age      ] GC(59) - age   4:       9416 bytes,    1249272 total
[2024-02-19T21:42:14.471+0000][7][gc,age      ] GC(59) - age   5:      93992 bytes,    1343264 total
[2024-02-19T21:42:14.471+0000][7][gc,age      ] GC(59) - age   6:    1631888 bytes,    2975152 total
[2024-02-19T21:42:14.471+0000][7][gc,age      ] GC(59) - age   7:        752 bytes,    2975904 total
[2024-02-19T21:42:14.471+0000][7][gc,age      ] GC(59) - age   8:       8432 bytes,    2984336 total
[2024-02-19T21:42:14.471+0000][7][gc,age      ] GC(59) - age   9:       2800 bytes,    2987136 total
[2024-02-19T21:42:14.471+0000][7][gc,age      ] GC(59) - age  10:        216 bytes,    2987352 total
[2024-02-19T21:42:14.471+0000][7][gc,age      ] GC(59) - age  11:        224 bytes,    2987576 total
[2024-02-19T21:42:14.471+0000][7][gc,age      ] GC(59) - age  12:      34824 bytes,    3022400 total
[2024-02-19T21:42:14.471+0000][7][gc,age      ] GC(59) - age  13:       1224 bytes,    3023624 total
[2024-02-19T21:42:14.471+0000][7][gc,age      ] GC(59) - age  14:       1400 bytes,    3025024 total
[2024-02-19T21:42:14.471+0000][7][gc,age      ] GC(59) - age  15:        912 bytes,    3025936 total
[2024-02-19T21:42:14.471+0000][7][gc,heap     ] GC(59) Eden regions: 152->0(152)
[2024-02-19T21:42:14.471+0000][7][gc,heap     ] GC(59) Survivor regions: 1->1(20)
[2024-02-19T21:42:14.471+0000][7][gc,heap     ] GC(59) Old regions: 22->22
[2024-02-19T21:42:14.471+0000][7][gc,heap     ] GC(59) Archive regions: 2->2
[2024-02-19T21:42:14.471+0000][7][gc,heap     ] GC(59) Humongous regions: 0->0
[2024-02-19T21:42:14.471+0000][7][gc,metaspace] GC(59) Metaspace: 126944K(130560K)->126944K(130560K) NonClass: 110352K(112192K)->110352K(112192K) Class: 16592K(18368K)->16592K(18368K)
[2024-02-19T21:42:14.471+0000][7][gc          ] GC(59) Pause Young (Normal) (G1 Evacuation Pause) 700M->92M(1024M) 5.268ms
[2024-02-19T21:42:14.471+0000][7][gc,cpu      ] GC(59) User=0.03s Sys=0.00s Real=0.00s
[2024-02-19T21:42:14.471+0000][7][safepoint   ] Safepoint "G1CollectForAllocation", Time since last: 2341579570 ns, Reaching safepoint: 92751 ns, At safepoint: 5377345 ns, Total: 5470096 ns
[2024-02-19T21:42:41.473+0000][7][safepoint   ] Safepoint "Cleanup", Time since last: 27002551348 ns, Reaching safepoint: 132040 ns, At safepoint: 14100 ns, Total: 146140 ns
[2024-02-19T21:43:09.831+0000][7][safepoint   ] Safepoint "Cleanup", Time since last: 30002923588 ns, Reaching safepoint: 154094 ns, At safepoint: 13855 ns, Total: 167949 ns
[2024-02-19T21:43:24.832+0000][7][safepoint   ] Safepoint "Cleanup", Time since last: 15001667032 ns, Reaching safepoint: 141644 ns, At safepoint: 9438 ns, Total: 151082 ns
[2024-02-19T21:43:57.836+0000][7][safepoint   ] Safepoint "Cleanup", Time since last: 33003648205 ns, Reaching safepoint: 59383 ns, At safepoint: 7710 ns, Total: 67093 ns
[2024-02-19T21:43:59.198+0000][7][safepoint   ] Safepoint "Cleanup", Time since last: 1361370130 ns, Reaching safepoint: 85290 ns, At safepoint: 7631 ns, Total: 92921 ns
[2024-02-19T21:44:43.202+0000][7][safepoint   ] Safepoint "Cleanup", Time since last: 44004095025 ns, Reaching safepoint: 106703 ns, At safepoint: 7368 ns, Total: 114071 ns
[2024-02-19T21:44:48.019+0000][7][safepoint   ] Safepoint "Cleanup", Time since last: 4000403318 ns, Reaching safepoint: 58827 ns, At safepoint: 6739 ns, Total: 65566 ns
[2024-02-19T21:45:14.022+0000][7][safepoint   ] Safepoint "Cleanup", Time since last: 26003060921 ns, Reaching safepoint: 90841 ns, At safepoint: 10203 ns, Total: 101044 ns
[2024-02-19T21:45:36.025+0000][7][safepoint   ] Safepoint "Cleanup", Time since last: 22002399785 ns, Reaching safepoint: 74944 ns, At safepoint: 8624 ns, Total: 83568 ns
[2024-02-19T21:45:40.025+0000][7][safepoint   ] Safepoint "Cleanup", Time since last: 4000400583 ns, Reaching safepoint: 154371 ns, At safepoint: 15103 ns, Total: 169474 ns
[2024-02-19T21:45:40.667+0000][7][gc,start    ] GC(60) Pause Young (Normal) (G1 Evacuation Pause)
[2024-02-19T21:45:40.667+0000][7][gc,task     ] GC(60) Using 8 workers of 8 for evacuation
[2024-02-19T21:45:40.667+0000][7][gc,age      ] GC(60) Desired survivor size 41943040 bytes, new threshold 15 (max threshold 15)
[2024-02-19T21:45:40.670+0000][7][gc,phases   ] GC(60)   Pre Evacuate Collection Set: 0.1ms
[2024-02-19T21:45:40.670+0000][7][gc,phases   ] GC(60)   Merge Heap Roots: 0.1ms
[2024-02-19T21:45:40.670+0000][7][gc,phases   ] GC(60)   Evacuate Collection Set: 2.3ms
[2024-02-19T21:45:40.670+0000][7][gc,phases   ] GC(60)   Post Evacuate Collection Set: 0.7ms
[2024-02-19T21:45:40.670+0000][7][gc,phases   ] GC(60)   Other: 0.1ms
[2024-02-19T21:45:40.670+0000][7][gc,age      ] GC(60) Age table with threshold 15 (max threshold 15)
[2024-02-19T21:45:40.670+0000][7][gc,age      ] GC(60) - age   1:     653760 bytes,     653760 total
[2024-02-19T21:45:40.670+0000][7][gc,age      ] GC(60) - age   2:       4432 bytes,     658192 total
[2024-02-19T21:45:40.670+0000][7][gc,age      ] GC(60) - age   3:      29496 bytes,     687688 total
[2024-02-19T21:45:40.670+0000][7][gc,age      ] GC(60) - age   4:     117680 bytes,     805368 total
[2024-02-19T21:45:40.670+0000][7][gc,age      ] GC(60) - age   5:       9416 bytes,     814784 total
[2024-02-19T21:45:40.670+0000][7][gc,age      ] GC(60) - age   6:      93432 bytes,     908216 total
[2024-02-19T21:45:40.670+0000][7][gc,age      ] GC(60) - age   7:    1631888 bytes,    2540104 total
[2024-02-19T21:45:40.670+0000][7][gc,age      ] GC(60) - age   8:        568 bytes,    2540672 total
[2024-02-19T21:45:40.670+0000][7][gc,age      ] GC(60) - age   9:       8432 bytes,    2549104 total
[2024-02-19T21:45:40.670+0000][7][gc,age      ] GC(60) - age  10:       2800 bytes,    2551904 total
[2024-02-19T21:45:40.670+0000][7][gc,age      ] GC(60) - age  11:        216 bytes,    2552120 total
[2024-02-19T21:45:40.670+0000][7][gc,age      ] GC(60) - age  12:        224 bytes,    2552344 total
[2024-02-19T21:45:40.670+0000][7][gc,age      ] GC(60) - age  13:      34824 bytes,    2587168 total
[2024-02-19T21:45:40.670+0000][7][gc,age      ] GC(60) - age  14:       1224 bytes,    2588392 total
[2024-02-19T21:45:40.670+0000][7][gc,age      ] GC(60) - age  15:       1400 bytes,    2589792 total
[2024-02-19T21:45:40.670+0000][7][gc,heap     ] GC(60) Eden regions: 152->0(152)
[2024-02-19T21:45:40.670+0000][7][gc,heap     ] GC(60) Survivor regions: 1->1(20)
[2024-02-19T21:45:40.670+0000][7][gc,heap     ] GC(60) Old regions: 22->22
[2024-02-19T21:45:40.670+0000][7][gc,heap     ] GC(60) Archive regions: 2->2
[2024-02-19T21:45:40.670+0000][7][gc,heap     ] GC(60) Humongous regions: 0->0
[2024-02-19T21:45:40.670+0000][7][gc,metaspace] GC(60) Metaspace: 126963K(130624K)->126963K(130624K) NonClass: 110371K(112256K)->110371K(112256K) Class: 16592K(18368K)->16592K(18368K)
[2024-02-19T21:45:40.670+0000][7][gc          ] GC(60) Pause Young (Normal) (G1 Evacuation Pause) 700M->92M(1024M) 3.579ms
[2024-02-19T21:45:40.670+0000][7][gc,cpu      ] GC(60) User=0.01s Sys=0.00s Real=0.01s
[2024-02-19T21:45:40.671+0000][7][safepoint   ] Safepoint "G1CollectForAllocation", Time since last: 641488184 ns, Reaching safepoint: 63408 ns, At safepoint: 3668089 ns, Total: 3731497 ns
[2024-02-19T21:46:31.925+0000][7][safepoint   ] Safepoint "Cleanup", Time since last: 46004320953 ns, Reaching safepoint: 69584 ns, At safepoint: 8277 ns, Total: 77861 ns
[2024-02-19T21:48:30.937+0000][7][safepoint   ] Safepoint "Cleanup", Time since last: 119011638306 ns, Reaching safepoint: 84012 ns, At safepoint: 6396 ns, Total: 90408 ns
[2024-02-19T21:48:34.938+0000][7][safepoint   ] Safepoint "Cleanup", Time since last: 4000509633 ns, Reaching safepoint: 63585 ns, At safepoint: 7809 ns, Total: 71394 ns
[2024-02-19T21:48:39.938+0000][7][safepoint   ] Safepoint "Cleanup", Time since last: 5000497004 ns, Reaching safepoint: 84956 ns, At safepoint: 12100 ns, Total: 97056 ns
[2024-02-19T21:48:42.906+0000][7][gc,start    ] GC(61) Pause Young (Normal) (G1 Evacuation Pause)
[2024-02-19T21:48:42.906+0000][7][gc,task     ] GC(61) Using 8 workers of 8 for evacuation
[2024-02-19T21:48:42.906+0000][7][gc,age      ] GC(61) Desired survivor size 41943040 bytes, new threshold 15 (max threshold 15)
[2024-02-19T21:48:42.910+0000][7][gc,phases   ] GC(61)   Pre Evacuate Collection Set: 0.1ms
[2024-02-19T21:48:42.910+0000][7][gc,phases   ] GC(61)   Merge Heap Roots: 0.1ms
[2024-02-19T21:48:42.910+0000][7][gc,phases   ] GC(61)   Evacuate Collection Set: 2.7ms
[2024-02-19T21:48:42.910+0000][7][gc,phases   ] GC(61)   Post Evacuate Collection Set: 0.8ms
[2024-02-19T21:48:42.910+0000][7][gc,phases   ] GC(61)   Other: 0.1ms
[2024-02-19T21:48:42.910+0000][7][gc,age      ] GC(61) Age table with threshold 15 (max threshold 15)
[2024-02-19T21:48:42.910+0000][7][gc,age      ] GC(61) - age   1:     817336 bytes,     817336 total
[2024-02-19T21:48:42.910+0000][7][gc,age      ] GC(61) - age   2:      13056 bytes,     830392 total
[2024-02-19T21:48:42.910+0000][7][gc,age      ] GC(61) - age   3:       2472 bytes,     832864 total
[2024-02-19T21:48:42.910+0000][7][gc,age      ] GC(61) - age   4:      25424 bytes,     858288 total
[2024-02-19T21:48:42.910+0000][7][gc,age      ] GC(61) - age   5:     117616 bytes,     975904 total
[2024-02-19T21:48:42.910+0000][7][gc,age      ] GC(61) - age   6:       9416 bytes,     985320 total
[2024-02-19T21:48:42.910+0000][7][gc,age      ] GC(61) - age   7:      93432 bytes,    1078752 total
[2024-02-19T21:48:42.910+0000][7][gc,age      ] GC(61) - age   8:    1631704 bytes,    2710456 total
[2024-02-19T21:48:42.910+0000][7][gc,age      ] GC(61) - age   9:        568 bytes,    2711024 total
[2024-02-19T21:48:42.910+0000][7][gc,age      ] GC(61) - age  10:       8432 bytes,    2719456 total
[2024-02-19T21:48:42.910+0000][7][gc,age      ] GC(61) - age  11:       2800 bytes,    2722256 total
[2024-02-19T21:48:42.910+0000][7][gc,age      ] GC(61) - age  12:        216 bytes,    2722472 total
[2024-02-19T21:48:42.910+0000][7][gc,age      ] GC(61) - age  13:        224 bytes,    2722696 total
[2024-02-19T21:48:42.910+0000][7][gc,age      ] GC(61) - age  14:      34824 bytes,    2757520 total
[2024-02-19T21:48:42.910+0000][7][gc,age      ] GC(61) - age  15:       1224 bytes,    2758744 total
[2024-02-19T21:48:42.910+0000][7][gc,heap     ] GC(61) Eden regions: 152->0(152)
[2024-02-19T21:48:42.910+0000][7][gc,heap     ] GC(61) Survivor regions: 1->1(20)
[2024-02-19T21:48:42.910+0000][7][gc,heap     ] GC(61) Old regions: 22->22
[2024-02-19T21:48:42.910+0000][7][gc,heap     ] GC(61) Archive regions: 2->2
[2024-02-19T21:48:42.910+0000][7][gc,heap     ] GC(61) Humongous regions: 0->0
[2024-02-19T21:48:42.910+0000][7][gc,metaspace] GC(61) Metaspace: 126964K(130624K)->126964K(130624K) NonClass: 110372K(112256K)->110372K(112256K) Class: 16592K(18368K)->16592K(18368K)
[2024-02-19T21:48:42.910+0000][7][gc          ] GC(61) Pause Young (Normal) (G1 Evacuation Pause) 700M->92M(1024M) 4.188ms
[2024-02-19T21:48:42.911+0000][7][gc,cpu      ] GC(61) User=0.03s Sys=0.00s Real=0.00s
[2024-02-19T21:48:42.911+0000][7][safepoint   ] Safepoint "G1CollectForAllocation", Time since last: 2968024107 ns, Reaching safepoint: 58086 ns, At safepoint: 4309696 ns, Total: 4367782 ns
[2024-02-19T21:48:49.911+0000][7][safepoint   ] Safepoint "Cleanup", Time since last: 7000815941 ns, Reaching safepoint: 42826 ns, At safepoint: 3055 ns, Total: 45881 ns
[2024-02-19T21:49:03.913+0000][7][safepoint   ] Safepoint "Cleanup", Time since last: 14001392577 ns, Reaching safepoint: 129300 ns, At safepoint: 32738 ns, Total: 162038 ns
[2024-02-19T21:49:47.005+0000][7][safepoint   ] Safepoint "Cleanup", Time since last: 43092090758 ns, Reaching safepoint: 88135 ns, At safepoint: 8015 ns, Total: 96150 ns
[2024-02-19T21:49:48.018+0000][7][safepoint   ] Safepoint "Cleanup", Time since last: 1012374979 ns, Reaching safepoint: 60062 ns, At safepoint: 5238 ns, Total: 65300 ns
[2024-02-19T21:49:58.019+0000][7][safepoint   ] Safepoint "Cleanup", Time since last: 10001314731 ns, Reaching safepoint: 81506 ns, At safepoint: 5487 ns, Total: 86993 ns
[2024-02-19T21:50:04.020+0000][7][safepoint   ] Safepoint "Cleanup", Time since last: 6000898406 ns, Reaching safepoint: 82355 ns, At safepoint: 22333 ns, Total: 104688 ns
[2024-02-19T21:50:13.021+0000][7][safepoint   ] Safepoint "Cleanup", Time since last: 9000835301 ns, Reaching safepoint: 47696 ns, At safepoint: 4854 ns, Total: 52550 ns
[2024-02-19T21:50:55.025+0000][7][safepoint   ] Safepoint "Cleanup", Time since last: 42004398034 ns, Reaching safepoint: 54404 ns, At safepoint: 6262 ns, Total: 60666 ns
[2024-02-19T21:51:24.932+0000][7][gc,start    ] GC(62) Pause Young (Normal) (G1 Evacuation Pause)
[2024-02-19T21:51:24.932+0000][7][gc,task     ] GC(62) Using 8 workers of 8 for evacuation
[2024-02-19T21:51:24.932+0000][7][gc,age      ] GC(62) Desired survivor size 41943040 bytes, new threshold 15 (max threshold 15)
[2024-02-19T21:51:24.936+0000][7][gc,phases   ] GC(62)   Pre Evacuate Collection Set: 0.1ms
[2024-02-19T21:51:24.936+0000][7][gc,phases   ] GC(62)   Merge Heap Roots: 0.1ms
[2024-02-19T21:51:24.936+0000][7][gc,phases   ] GC(62)   Evacuate Collection Set: 2.5ms
[2024-02-19T21:51:24.936+0000][7][gc,phases   ] GC(62)   Post Evacuate Collection Set: 0.6ms
[2024-02-19T21:51:24.936+0000][7][gc,phases   ] GC(62)   Other: 0.1ms
[2024-02-19T21:51:24.936+0000][7][gc,age      ] GC(62) Age table with threshold 15 (max threshold 15)
[2024-02-19T21:51:24.936+0000][7][gc,age      ] GC(62) - age   1:    1854648 bytes,    1854648 total
[2024-02-19T21:51:24.936+0000][7][gc,age      ] GC(62) - age   2:       5144 bytes,    1859792 total
[2024-02-19T21:51:24.936+0000][7][gc,age      ] GC(62) - age   3:      11544 bytes,    1871336 total
[2024-02-19T21:51:24.936+0000][7][gc,age      ] GC(62) - age   4:       2288 bytes,    1873624 total
[2024-02-19T21:51:24.936+0000][7][gc,age      ] GC(62) - age   5:      17408 bytes,    1891032 total
[2024-02-19T21:51:24.936+0000][7][gc,age      ] GC(62) - age   6:     117616 bytes,    2008648 total
[2024-02-19T21:51:24.936+0000][7][gc,age      ] GC(62) - age   7:       9416 bytes,    2018064 total
[2024-02-19T21:51:24.936+0000][7][gc,age      ] GC(62) - age   8:      93432 bytes,    2111496 total
[2024-02-19T21:51:24.936+0000][7][gc,age      ] GC(62) - age   9:    1631576 bytes,    3743072 total
[2024-02-19T21:51:24.936+0000][7][gc,age      ] GC(62) - age  10:        568 bytes,    3743640 total
[2024-02-19T21:51:24.936+0000][7][gc,age      ] GC(62) - age  11:       8432 bytes,    3752072 total
[2024-02-19T21:51:24.936+0000][7][gc,age      ] GC(62) - age  12:       2800 bytes,    3754872 total
[2024-02-19T21:51:24.936+0000][7][gc,age      ] GC(62) - age  13:        216 bytes,    3755088 total
[2024-02-19T21:51:24.936+0000][7][gc,age      ] GC(62) - age  14:        224 bytes,    3755312 total
[2024-02-19T21:51:24.936+0000][7][gc,age      ] GC(62) - age  15:      34824 bytes,    3790136 total
[2024-02-19T21:51:24.936+0000][7][gc,heap     ] GC(62) Eden regions: 152->0(152)
[2024-02-19T21:51:24.936+0000][7][gc,heap     ] GC(62) Survivor regions: 1->1(20)
[2024-02-19T21:51:24.936+0000][7][gc,heap     ] GC(62) Old regions: 22->22
[2024-02-19T21:51:24.936+0000][7][gc,heap     ] GC(62) Archive regions: 2->2
[2024-02-19T21:51:24.936+0000][7][gc,heap     ] GC(62) Humongous regions: 0->0
[2024-02-19T21:51:24.936+0000][7][gc,metaspace] GC(62) Metaspace: 126977K(130624K)->126977K(130624K) NonClass: 110383K(112256K)->110383K(112256K) Class: 16593K(18368K)->16593K(18368K)
[2024-02-19T21:51:24.936+0000][7][gc          ] GC(62) Pause Young (Normal) (G1 Evacuation Pause) 700M->93M(1024M) 3.627ms
[2024-02-19T21:51:24.936+0000][7][gc,cpu      ] GC(62) User=0.01s Sys=0.00s Real=0.00s
[2024-02-19T21:51:24.936+0000][7][safepoint   ] Safepoint "G1CollectForAllocation", Time since last: 29906627432 ns, Reaching safepoint: 82521 ns, At safepoint: 3706003 ns, Total: 3788524 ns
[2024-02-19T21:51:33.937+0000][7][safepoint   ] Safepoint "Cleanup", Time since last: 9000828220 ns, Reaching safepoint: 118816 ns, At safepoint: 7212 ns, Total: 126028 ns
[2024-02-19T21:51:34.937+0000][7][safepoint   ] Safepoint "Cleanup", Time since last: 1000147151 ns, Reaching safepoint: 66042 ns, At safepoint: 4446 ns, Total: 70488 ns
[2024-02-19T21:51:43.938+0000][7][safepoint   ] Safepoint "Cleanup", Time since last: 9001039089 ns, Reaching safepoint: 112313 ns, At safepoint: 6794 ns, Total: 119107 ns
[2024-02-19T21:51:58.940+0000][7][safepoint   ] Safepoint "Cleanup", Time since last: 15001403920 ns, Reaching safepoint: 72887 ns, At safepoint: 6589 ns, Total: 79476 ns
[2024-02-19T21:52:46.944+0000][7][safepoint   ] Safepoint "Cleanup", Time since last: 48004652444 ns, Reaching safepoint: 102146 ns, At safepoint: 8952 ns, Total: 111098 ns
[2024-02-19T21:53:03.946+0000][7][safepoint   ] Safepoint "Cleanup", Time since last: 17001870523 ns, Reaching safepoint: 75005 ns, At safepoint: 29403 ns, Total: 104408 ns
[2024-02-19T21:53:45.954+0000][7][safepoint   ] Safepoint "Cleanup", Time since last: 42006163644 ns, Reaching safepoint: 1589715 ns, At safepoint: 30619 ns, Total: 1620334 ns
[2024-02-19T21:53:46.954+0000][7][safepoint   ] Safepoint "Cleanup", Time since last: 1000245809 ns, Reaching safepoint: 76907 ns, At safepoint: 7737 ns, Total: 84644 ns
[2024-02-19T21:53:55.956+0000][7][safepoint   ] Safepoint "Cleanup", Time since last: 9001642472 ns, Reaching safepoint: 113585 ns, At safepoint: 12204 ns, Total: 125789 ns
[2024-02-19T21:54:03.957+0000][7][safepoint   ] Safepoint "Cleanup", Time since last: 8000663770 ns, Reaching safepoint: 57517 ns, At safepoint: 4794 ns, Total: 62311 ns
[2024-02-19T21:54:10.003+0000][7][gc,start    ] GC(63) Pause Young (Normal) (G1 Evacuation Pause)
[2024-02-19T21:54:10.003+0000][7][gc,task     ] GC(63) Using 8 workers of 8 for evacuation
[2024-02-19T21:54:10.003+0000][7][gc,age      ] GC(63) Desired survivor size 41943040 bytes, new threshold 15 (max threshold 15)
[2024-02-19T21:54:10.007+0000][7][gc,phases   ] GC(63)   Pre Evacuate Collection Set: 0.1ms
[2024-02-19T21:54:10.007+0000][7][gc,phases   ] GC(63)   Merge Heap Roots: 0.1ms
[2024-02-19T21:54:10.007+0000][7][gc,phases   ] GC(63)   Evacuate Collection Set: 2.8ms
[2024-02-19T21:54:10.007+0000][7][gc,phases   ] GC(63)   Post Evacuate Collection Set: 1.0ms
[2024-02-19T21:54:10.007+0000][7][gc,phases   ] GC(63)   Other: 0.1ms
[2024-02-19T21:54:10.007+0000][7][gc,age      ] GC(63) Age table with threshold 15 (max threshold 15)
[2024-02-19T21:54:10.007+0000][7][gc,age      ] GC(63) - age   1:     946256 bytes,     946256 total
[2024-02-19T21:54:10.007+0000][7][gc,age      ] GC(63) - age   2:      12920 bytes,     959176 total
[2024-02-19T21:54:10.007+0000][7][gc,age      ] GC(63) - age   3:       3768 bytes,     962944 total
[2024-02-19T21:54:10.007+0000][7][gc,age      ] GC(63) - age   4:       3336 bytes,     966280 total
[2024-02-19T21:54:10.007+0000][7][gc,age      ] GC(63) - age   5:       2288 bytes,     968568 total
[2024-02-19T21:54:10.007+0000][7][gc,age      ] GC(63) - age   6:      17408 bytes,     985976 total
[2024-02-19T21:54:10.007+0000][7][gc,age      ] GC(63) - age   7:     117616 bytes,    1103592 total
[2024-02-19T21:54:10.007+0000][7][gc,age      ] GC(63) - age   8:       9416 bytes,    1113008 total
[2024-02-19T21:54:10.007+0000][7][gc,age      ] GC(63) - age   9:      93432 bytes,    1206440 total
[2024-02-19T21:54:10.007+0000][7][gc,age      ] GC(63) - age  10:    1631576 bytes,    2838016 total
[2024-02-19T21:54:10.007+0000][7][gc,age      ] GC(63) - age  11:        568 bytes,    2838584 total
[2024-02-19T21:54:10.007+0000][7][gc,age      ] GC(63) - age  12:       8432 bytes,    2847016 total
[2024-02-19T21:54:10.007+0000][7][gc,age      ] GC(63) - age  13:       2800 bytes,    2849816 total
[2024-02-19T21:54:10.007+0000][7][gc,age      ] GC(63) - age  14:        216 bytes,    2850032 total
[2024-02-19T21:54:10.007+0000][7][gc,age      ] GC(63) - age  15:        224 bytes,    2850256 total
[2024-02-19T21:54:10.007+0000][7][gc,heap     ] GC(63) Eden regions: 152->0(152)
[2024-02-19T21:54:10.007+0000][7][gc,heap     ] GC(63) Survivor regions: 1->1(20)
[2024-02-19T21:54:10.007+0000][7][gc,heap     ] GC(63) Old regions: 22->22
[2024-02-19T21:54:10.007+0000][7][gc,heap     ] GC(63) Archive regions: 2->2
[2024-02-19T21:54:10.007+0000][7][gc,heap     ] GC(63) Humongous regions: 0->0
[2024-02-19T21:54:10.007+0000][7][gc,metaspace] GC(63) Metaspace: 126980K(130624K)->126980K(130624K) NonClass: 110386K(112256K)->110386K(112256K) Class: 16593K(18368K)->16593K(18368K)
[2024-02-19T21:54:10.007+0000][7][gc          ] GC(63) Pause Young (Normal) (G1 Evacuation Pause) 701M->92M(1024M) 4.481ms
[2024-02-19T21:54:10.007+0000][7][gc,cpu      ] GC(63) User=0.02s Sys=0.00s Real=0.00s
[2024-02-19T21:54:10.007+0000][7][safepoint   ] Safepoint "G1CollectForAllocation", Time since last: 6045596592 ns, Reaching safepoint: 91185 ns, At safepoint: 4583197 ns, Total: 4674382 ns
[2024-02-19T21:54:25.009+0000][7][safepoint   ] Safepoint "Cleanup", Time since last: 15001426633 ns, Reaching safepoint: 45667 ns, At safepoint: 3950 ns, Total: 49617 ns
[2024-02-19T21:54:38.011+0000][7][safepoint   ] Safepoint "Cleanup", Time since last: 13001732243 ns, Reaching safepoint: 78727 ns, At safepoint: 43792 ns, Total: 122519 ns
[2024-02-19T21:54:46.012+0000][7][safepoint   ] Safepoint "Cleanup", Time since last: 8001040009 ns, Reaching safepoint: 89115 ns, At safepoint: 5796 ns, Total: 94911 ns
[2024-02-19T21:54:55.013+0000][7][safepoint   ] Safepoint "Cleanup", Time since last: 9000928320 ns, Reaching safepoint: 124954 ns, At safepoint: 5077 ns, Total: 130031 ns
[2024-02-19T21:56:34.024+0000][7][safepoint   ] Safepoint "Cleanup", Time since last: 99011542813 ns, Reaching safepoint: 69972 ns, At safepoint: 4935 ns, Total: 74907 ns
[2024-02-19T21:56:43.025+0000][7][safepoint   ] Safepoint "Cleanup", Time since last: 9000894539 ns, Reaching safepoint: 87011 ns, At safepoint: 13318 ns, Total: 100329 ns
[2024-02-19T21:56:50.026+0000][7][safepoint   ] Safepoint "Cleanup", Time since last: 7000854900 ns, Reaching safepoint: 68654 ns, At safepoint: 39765 ns, Total: 108419 ns
[2024-02-19T21:56:51.924+0000][7][gc,start    ] GC(64) Pause Young (Normal) (G1 Evacuation Pause)
[2024-02-19T21:56:51.924+0000][7][gc,task     ] GC(64) Using 8 workers of 8 for evacuation
[2024-02-19T21:56:51.924+0000][7][gc,age      ] GC(64) Desired survivor size 41943040 bytes, new threshold 15 (max threshold 15)
[2024-02-19T21:56:51.927+0000][7][gc,phases   ] GC(64)   Pre Evacuate Collection Set: 0.1ms
[2024-02-19T21:56:51.927+0000][7][gc,phases   ] GC(64)   Merge Heap Roots: 0.1ms
[2024-02-19T21:56:51.927+0000][7][gc,phases   ] GC(64)   Evacuate Collection Set: 2.5ms
[2024-02-19T21:56:51.927+0000][7][gc,phases   ] GC(64)   Post Evacuate Collection Set: 0.8ms
[2024-02-19T21:56:51.927+0000][7][gc,phases   ] GC(64)   Other: 0.1ms
[2024-02-19T21:56:51.927+0000][7][gc,age      ] GC(64) Age table with threshold 15 (max threshold 15)
[2024-02-19T21:56:51.927+0000][7][gc,age      ] GC(64) - age   1:     334520 bytes,     334520 total
[2024-02-19T21:56:51.927+0000][7][gc,age      ] GC(64) - age   2:       2776 bytes,     337296 total
[2024-02-19T21:56:51.928+0000][7][gc,age      ] GC(64) - age   3:      10376 bytes,     347672 total
[2024-02-19T21:56:51.928+0000][7][gc,age      ] GC(64) - age   4:       3704 bytes,     351376 total
[2024-02-19T21:56:51.928+0000][7][gc,age      ] GC(64) - age   5:       2648 bytes,     354024 total
[2024-02-19T21:56:51.928+0000][7][gc,age      ] GC(64) - age   6:       2288 bytes,     356312 total
[2024-02-19T21:56:51.928+0000][7][gc,age      ] GC(64) - age   7:      17024 bytes,     373336 total
[2024-02-19T21:56:51.928+0000][7][gc,age      ] GC(64) - age   8:     117584 bytes,     490920 total
[2024-02-19T21:56:51.928+0000][7][gc,age      ] GC(64) - age   9:       9416 bytes,     500336 total
[2024-02-19T21:56:51.928+0000][7][gc,age      ] GC(64) - age  10:      93432 bytes,     593768 total
[2024-02-19T21:56:51.928+0000][7][gc,age      ] GC(64) - age  11:    1631576 bytes,    2225344 total
[2024-02-19T21:56:51.928+0000][7][gc,age      ] GC(64) - age  12:        568 bytes,    2225912 total
[2024-02-19T21:56:51.928+0000][7][gc,age      ] GC(64) - age  13:       8432 bytes,    2234344 total
[2024-02-19T21:56:51.928+0000][7][gc,age      ] GC(64) - age  14:       2800 bytes,    2237144 total
[2024-02-19T21:56:51.928+0000][7][gc,age      ] GC(64) - age  15:        216 bytes,    2237360 total
[2024-02-19T21:56:51.928+0000][7][gc,heap     ] GC(64) Eden regions: 152->0(152)
[2024-02-19T21:56:51.928+0000][7][gc,heap     ] GC(64) Survivor regions: 1->1(20)
[2024-02-19T21:56:51.928+0000][7][gc,heap     ] GC(64) Old regions: 22->22
[2024-02-19T21:56:51.928+0000][7][gc,heap     ] GC(64) Archive regions: 2->2
[2024-02-19T21:56:51.928+0000][7][gc,heap     ] GC(64) Humongous regions: 0->0
[2024-02-19T21:56:51.928+0000][7][gc,metaspace] GC(64) Metaspace: 126985K(130624K)->126985K(130624K) NonClass: 110391K(112256K)->110391K(112256K) Class: 16593K(18368K)->16593K(18368K)
[2024-02-19T21:56:51.928+0000][7][gc          ] GC(64) Pause Young (Normal) (G1 Evacuation Pause) 700M->91M(1024M) 4.067ms
[2024-02-19T21:56:51.928+0000][7][gc,cpu      ] GC(64) User=0.02s Sys=0.00s Real=0.00s
[2024-02-19T21:56:51.928+0000][7][safepoint   ] Safepoint "G1CollectForAllocation", Time since last: 1897188212 ns, Reaching safepoint: 75244 ns, At safepoint: 4167249 ns, Total: 4242493 ns
[2024-02-19T21:57:07.929+0000][7][safepoint   ] Safepoint "Cleanup", Time since last: 16001393791 ns, Reaching safepoint: 106292 ns, At safepoint: 6933 ns, Total: 113225 ns
[2024-02-19T21:57:10.930+0000][7][safepoint   ] Safepoint "Cleanup", Time since last: 3000402544 ns, Reaching safepoint: 77736 ns, At safepoint: 11158 ns, Total: 88894 ns
[2024-02-19T21:57:33.932+0000][7][safepoint   ] Safepoint "Cleanup", Time since last: 23002445988 ns, Reaching safepoint: 144141 ns, At safepoint: 20068 ns, Total: 164209 ns
[2024-02-19T21:57:34.933+0000][7][safepoint   ] Safepoint "Cleanup", Time since last: 1000149814 ns, Reaching safepoint: 80987 ns, At safepoint: 17347 ns, Total: 98334 ns
[2024-02-19T21:58:45.940+0000][7][safepoint   ] Safepoint "Cleanup", Time since last: 71007490673 ns, Reaching safepoint: 89762 ns, At safepoint: 13706 ns, Total: 103468 ns
[2024-02-19T21:59:42.960+0000][7][gc,start    ] GC(65) Pause Young (Normal) (G1 Evacuation Pause)
[2024-02-19T21:59:42.960+0000][7][gc,task     ] GC(65) Using 8 workers of 8 for evacuation
[2024-02-19T21:59:42.960+0000][7][gc,age      ] GC(65) Desired survivor size 41943040 bytes, new threshold 15 (max threshold 15)
[2024-02-19T21:59:42.964+0000][7][gc,phases   ] GC(65)   Pre Evacuate Collection Set: 0.1ms
[2024-02-19T21:59:42.964+0000][7][gc,phases   ] GC(65)   Merge Heap Roots: 0.1ms
[2024-02-19T21:59:42.964+0000][7][gc,phases   ] GC(65)   Evacuate Collection Set: 2.6ms
[2024-02-19T21:59:42.964+0000][7][gc,phases   ] GC(65)   Post Evacuate Collection Set: 0.8ms
[2024-02-19T21:59:42.964+0000][7][gc,phases   ] GC(65)   Other: 0.1ms
[2024-02-19T21:59:42.964+0000][7][gc,age      ] GC(65) Age table with threshold 15 (max threshold 15)
[2024-02-19T21:59:42.964+0000][7][gc,age      ] GC(65) - age   1:    1041144 bytes,    1041144 total
[2024-02-19T21:59:42.964+0000][7][gc,age      ] GC(65) - age   2:       3864 bytes,    1045008 total
[2024-02-19T21:59:42.964+0000][7][gc,age      ] GC(65) - age   3:        952 bytes,    1045960 total
[2024-02-19T21:59:42.964+0000][7][gc,age      ] GC(65) - age   4:       2000 bytes,    1047960 total
[2024-02-19T21:59:42.964+0000][7][gc,age      ] GC(65) - age   5:        184 bytes,    1048144 total
[2024-02-19T21:59:42.964+0000][7][gc,age      ] GC(65) - age   6:       2256 bytes,    1050400 total
[2024-02-19T21:59:42.964+0000][7][gc,age      ] GC(65) - age   7:       2288 bytes,    1052688 total
[2024-02-19T21:59:42.964+0000][7][gc,age      ] GC(65) - age   8:      17024 bytes,    1069712 total
[2024-02-19T21:59:42.964+0000][7][gc,age      ] GC(65) - age   9:     117400 bytes,    1187112 total
[2024-02-19T21:59:42.964+0000][7][gc,age      ] GC(65) - age  10:       9416 bytes,    1196528 total
[2024-02-19T21:59:42.964+0000][7][gc,age      ] GC(65) - age  11:      93432 bytes,    1289960 total
[2024-02-19T21:59:42.964+0000][7][gc,age      ] GC(65) - age  12:    1631576 bytes,    2921536 total
[2024-02-19T21:59:42.964+0000][7][gc,age      ] GC(65) - age  13:        568 bytes,    2922104 total
[2024-02-19T21:59:42.964+0000][7][gc,age      ] GC(65) - age  14:       8432 bytes,    2930536 total
[2024-02-19T21:59:42.964+0000][7][gc,age      ] GC(65) - age  15:       2800 bytes,    2933336 total
[2024-02-19T21:59:42.964+0000][7][gc,heap     ] GC(65) Eden regions: 152->0(152)
[2024-02-19T21:59:42.964+0000][7][gc,heap     ] GC(65) Survivor regions: 1->1(20)
[2024-02-19T21:59:42.964+0000][7][gc,heap     ] GC(65) Old regions: 22->22
[2024-02-19T21:59:42.964+0000][7][gc,heap     ] GC(65) Archive regions: 2->2
[2024-02-19T21:59:42.964+0000][7][gc,heap     ] GC(65) Humongous regions: 0->0
[2024-02-19T21:59:42.964+0000][7][gc,metaspace] GC(65) Metaspace: 126986K(130624K)->126986K(130624K) NonClass: 110392K(112256K)->110392K(112256K) Class: 16593K(18368K)->16593K(18368K)
[2024-02-19T21:59:42.964+0000][7][gc          ] GC(65) Pause Young (Normal) (G1 Evacuation Pause) 699M->92M(1024M) 4.023ms
[2024-02-19T21:59:42.964+0000][7][gc,cpu      ] GC(65) User=0.01s Sys=0.01s Real=0.01s
[2024-02-19T21:59:42.964+0000][7][safepoint   ] Safepoint "G1CollectForAllocation", Time since last: 57019651146 ns, Reaching safepoint: 80644 ns, At safepoint: 4173698 ns, Total: 4254342 ns
[2024-02-19T22:00:39.972+0000][7][safepoint   ] Safepoint "Cleanup", Time since last: 57007351340 ns, Reaching safepoint: 123129 ns, At safepoint: 24619 ns, Total: 147748 ns
[2024-02-19T22:00:45.972+0000][7][safepoint   ] Safepoint "Cleanup", Time since last: 6000642113 ns, Reaching safepoint: 71696 ns, At safepoint: 17288 ns, Total: 88984 ns
[2024-02-19T22:01:25.979+0000][7][safepoint   ] Safepoint "Cleanup", Time since last: 40006142854 ns, Reaching safepoint: 97557 ns, At safepoint: 6608 ns, Total: 104165 ns
[2024-02-19T22:01:34.980+0000][7][safepoint   ] Safepoint "Cleanup", Time since last: 9000916209 ns, Reaching safepoint: 80733 ns, At safepoint: 7496 ns, Total: 88229 ns
[2024-02-19T22:01:55.981+0000][7][safepoint   ] Safepoint "Cleanup", Time since last: 21001824318 ns, Reaching safepoint: 63158 ns, At safepoint: 6142 ns, Total: 69300 ns
[2024-02-19T22:01:58.982+0000][7][safepoint   ] Safepoint "Cleanup", Time since last: 3000326414 ns, Reaching safepoint: 65812 ns, At safepoint: 5270 ns, Total: 71082 ns
[2024-02-19T22:02:21.944+0000][7][gc,start    ] GC(66) Pause Young (Normal) (G1 Evacuation Pause)
[2024-02-19T22:02:21.944+0000][7][gc,task     ] GC(66) Using 8 workers of 8 for evacuation
[2024-02-19T22:02:21.944+0000][7][gc,age      ] GC(66) Desired survivor size 41943040 bytes, new threshold 15 (max threshold 15)
[2024-02-19T22:02:21.947+0000][7][gc,phases   ] GC(66)   Pre Evacuate Collection Set: 0.1ms
[2024-02-19T22:02:21.947+0000][7][gc,phases   ] GC(66)   Merge Heap Roots: 0.1ms
[2024-02-19T22:02:21.947+0000][7][gc,phases   ] GC(66)   Evacuate Collection Set: 1.9ms
[2024-02-19T22:02:21.947+0000][7][gc,phases   ] GC(66)   Post Evacuate Collection Set: 0.6ms
[2024-02-19T22:02:21.947+0000][7][gc,phases   ] GC(66)   Other: 0.1ms
[2024-02-19T22:02:21.947+0000][7][gc,age      ] GC(66) Age table with threshold 15 (max threshold 15)
[2024-02-19T22:02:21.947+0000][7][gc,age      ] GC(66) - age   1:     396936 bytes,     396936 total
[2024-02-19T22:02:21.947+0000][7][gc,age      ] GC(66) - age   2:      16688 bytes,     413624 total
[2024-02-19T22:02:21.947+0000][7][gc,age      ] GC(66) - age   3:       2712 bytes,     416336 total
[2024-02-19T22:02:21.947+0000][7][gc,age      ] GC(66) - age   4:        888 bytes,     417224 total
[2024-02-19T22:02:21.947+0000][7][gc,age      ] GC(66) - age   5:       1872 bytes,     419096 total
[2024-02-19T22:02:21.947+0000][7][gc,age      ] GC(66) - age   6:        184 bytes,     419280 total
[2024-02-19T22:02:21.947+0000][7][gc,age      ] GC(66) - age   7:       2256 bytes,     421536 total
[2024-02-19T22:02:21.947+0000][7][gc,age      ] GC(66) - age   8:       2288 bytes,     423824 total
[2024-02-19T22:02:21.947+0000][7][gc,age      ] GC(66) - age   9:      17024 bytes,     440848 total
[2024-02-19T22:02:21.947+0000][7][gc,age      ] GC(66) - age  10:     117216 bytes,     558064 total
[2024-02-19T22:02:21.947+0000][7][gc,age      ] GC(66) - age  11:       9416 bytes,     567480 total
[2024-02-19T22:02:21.947+0000][7][gc,age      ] GC(66) - age  12:      93432 bytes,     660912 total
[2024-02-19T22:02:21.947+0000][7][gc,age      ] GC(66) - age  13:    1631576 bytes,    2292488 total
[2024-02-19T22:02:21.947+0000][7][gc,age      ] GC(66) - age  14:        568 bytes,    2293056 total
[2024-02-19T22:02:21.947+0000][7][gc,age      ] GC(66) - age  15:       8432 bytes,    2301488 total
[2024-02-19T22:02:21.947+0000][7][gc,heap     ] GC(66) Eden regions: 152->0(152)
[2024-02-19T22:02:21.947+0000][7][gc,heap     ] GC(66) Survivor regions: 1->1(20)
[2024-02-19T22:02:21.947+0000][7][gc,heap     ] GC(66) Old regions: 22->22
[2024-02-19T22:02:21.947+0000][7][gc,heap     ] GC(66) Archive regions: 2->2
[2024-02-19T22:02:21.947+0000][7][gc,heap     ] GC(66) Humongous regions: 0->0
[2024-02-19T22:02:21.947+0000][7][gc,metaspace] GC(66) Metaspace: 127003K(130688K)->127003K(130688K) NonClass: 110409K(112320K)->110409K(112320K) Class: 16593K(18368K)->16593K(18368K)
[2024-02-19T22:02:21.947+0000][7][gc          ] GC(66) Pause Young (Normal) (G1 Evacuation Pause) 700M->91M(1024M) 3.045ms
[2024-02-19T22:02:21.947+0000][7][gc,cpu      ] GC(66) User=0.01s Sys=0.00s Real=0.00s
[2024-02-19T22:02:21.947+0000][7][safepoint   ] Safepoint "G1CollectForAllocation", Time since last: 22962179959 ns, Reaching safepoint: 54360 ns, At safepoint: 3130131 ns, Total: 3184491 ns
[2024-02-19T22:03:45.956+0000][7][safepoint   ] Safepoint "Cleanup", Time since last: 84008701309 ns, Reaching safepoint: 77088 ns, At safepoint: 5495 ns, Total: 82583 ns
[2024-02-19T22:04:45.963+0000][7][safepoint   ] Safepoint "Cleanup", Time since last: 60006730963 ns, Reaching safepoint: 97689 ns, At safepoint: 6194 ns, Total: 103883 ns
[2024-02-19T22:04:48.963+0000][7][safepoint   ] Safepoint "Cleanup", Time since last: 3000297860 ns, Reaching safepoint: 91277 ns, At safepoint: 7851 ns, Total: 99128 ns
[2024-02-19T22:05:03.965+0000][7][safepoint   ] Safepoint "Cleanup", Time since last: 15001410661 ns, Reaching safepoint: 59296 ns, At safepoint: 6028 ns, Total: 65324 ns
[2024-02-19T22:05:04.965+0000][7][safepoint   ] Safepoint "Cleanup", Time since last: 1000138861 ns, Reaching safepoint: 80199 ns, At safepoint: 6664 ns, Total: 86863 ns
[2024-02-19T22:05:06.976+0000][7][gc,start    ] GC(67) Pause Young (Normal) (G1 Evacuation Pause)
[2024-02-19T22:05:06.976+0000][7][gc,task     ] GC(67) Using 8 workers of 8 for evacuation
[2024-02-19T22:05:06.976+0000][7][gc,age      ] GC(67) Desired survivor size 41943040 bytes, new threshold 15 (max threshold 15)
[2024-02-19T22:05:06.980+0000][7][gc,phases   ] GC(67)   Pre Evacuate Collection Set: 0.2ms
[2024-02-19T22:05:06.980+0000][7][gc,phases   ] GC(67)   Merge Heap Roots: 0.2ms
[2024-02-19T22:05:06.980+0000][7][gc,phases   ] GC(67)   Evacuate Collection Set: 2.5ms
[2024-02-19T22:05:06.980+0000][7][gc,phases   ] GC(67)   Post Evacuate Collection Set: 0.8ms
[2024-02-19T22:05:06.980+0000][7][gc,phases   ] GC(67)   Other: 0.2ms
[2024-02-19T22:05:06.980+0000][7][gc,age      ] GC(67) Age table with threshold 15 (max threshold 15)
[2024-02-19T22:05:06.980+0000][7][gc,age      ] GC(67) - age   1:    1305560 bytes,    1305560 total
[2024-02-19T22:05:06.980+0000][7][gc,age      ] GC(67) - age   2:      11608 bytes,    1317168 total
[2024-02-19T22:05:06.980+0000][7][gc,age      ] GC(67) - age   3:       6136 bytes,    1323304 total
[2024-02-19T22:05:06.980+0000][7][gc,age      ] GC(67) - age   4:       1624 bytes,    1324928 total
[2024-02-19T22:05:06.980+0000][7][gc,age      ] GC(67) - age   5:        888 bytes,    1325816 total
[2024-02-19T22:05:06.980+0000][7][gc,age      ] GC(67) - age   6:       1872 bytes,    1327688 total
[2024-02-19T22:05:06.980+0000][7][gc,age      ] GC(67) - age   7:        184 bytes,    1327872 total
[2024-02-19T22:05:06.980+0000][7][gc,age      ] GC(67) - age   8:       2224 bytes,    1330096 total
[2024-02-19T22:05:06.980+0000][7][gc,age      ] GC(67) - age   9:       2288 bytes,    1332384 total
[2024-02-19T22:05:06.980+0000][7][gc,age      ] GC(67) - age  10:      17024 bytes,    1349408 total
[2024-02-19T22:05:06.980+0000][7][gc,age      ] GC(67) - age  11:     117216 bytes,    1466624 total
[2024-02-19T22:05:06.980+0000][7][gc,age      ] GC(67) - age  12:       9416 bytes,    1476040 total
[2024-02-19T22:05:06.980+0000][7][gc,age      ] GC(67) - age  13:      93432 bytes,    1569472 total
[2024-02-19T22:05:06.980+0000][7][gc,age      ] GC(67) - age  14:    1631576 bytes,    3201048 total
[2024-02-19T22:05:06.980+0000][7][gc,age      ] GC(67) - age  15:        568 bytes,    3201616 total
[2024-02-19T22:05:06.980+0000][7][gc,heap     ] GC(67) Eden regions: 152->0(152)
[2024-02-19T22:05:06.980+0000][7][gc,heap     ] GC(67) Survivor regions: 1->1(20)
[2024-02-19T22:05:06.980+0000][7][gc,heap     ] GC(67) Old regions: 22->22
[2024-02-19T22:05:06.980+0000][7][gc,heap     ] GC(67) Archive regions: 2->2
[2024-02-19T22:05:06.980+0000][7][gc,heap     ] GC(67) Humongous regions: 0->0
[2024-02-19T22:05:06.980+0000][7][gc,metaspace] GC(67) Metaspace: 127005K(130688K)->127005K(130688K) NonClass: 110411K(112320K)->110411K(112320K) Class: 16593K(18368K)->16593K(18368K)
[2024-02-19T22:05:06.980+0000][7][gc          ] GC(67) Pause Young (Normal) (G1 Evacuation Pause) 699M->92M(1024M) 4.179ms
[2024-02-19T22:05:06.980+0000][7][gc,cpu      ] GC(67) User=0.02s Sys=0.01s Real=0.00s
[2024-02-19T22:05:06.980+0000][7][safepoint   ] Safepoint "G1CollectForAllocation", Time since last: 2010683862 ns, Reaching safepoint: 53269 ns, At safepoint: 4273907 ns, Total: 4327176 ns
[2024-02-19T22:05:45.984+0000][7][safepoint   ] Safepoint "Cleanup", Time since last: 39004321018 ns, Reaching safepoint: 65921 ns, At safepoint: 8999 ns, Total: 74920 ns
[2024-02-19T22:05:46.985+0000][7][safepoint   ] Safepoint "Cleanup", Time since last: 1000115535 ns, Reaching safepoint: 77711 ns, At safepoint: 7703 ns, Total: 85414 ns
[2024-02-19T22:05:55.986+0000][7][safepoint   ] Safepoint "Cleanup", Time since last: 9000868028 ns, Reaching safepoint: 79002 ns, At safepoint: 6093 ns, Total: 85095 ns
[2024-02-19T22:06:25.989+0000][7][safepoint   ] Safepoint "Cleanup", Time since last: 30003152760 ns, Reaching safepoint: 70057 ns, At safepoint: 5708 ns, Total: 75765 ns
[2024-02-19T22:06:31.990+0000][7][safepoint   ] Safepoint "Cleanup", Time since last: 6000707692 ns, Reaching safepoint: 101910 ns, At safepoint: 11277 ns, Total: 113187 ns
[2024-02-19T22:06:36.990+0000][7][safepoint   ] Safepoint "Cleanup", Time since last: 5000650980 ns, Reaching safepoint: 78390 ns, At safepoint: 11463 ns, Total: 89853 ns
[2024-02-19T22:07:45.997+0000][7][safepoint   ] Safepoint "Cleanup", Time since last: 69007055663 ns, Reaching safepoint: 120583 ns, At safepoint: 6522 ns, Total: 127105 ns
[2024-02-19T22:07:51.964+0000][7][gc,start    ] GC(68) Pause Young (Normal) (G1 Evacuation Pause)
[2024-02-19T22:07:51.965+0000][7][gc,task     ] GC(68) Using 8 workers of 8 for evacuation
[2024-02-19T22:07:51.965+0000][7][gc,age      ] GC(68) Desired survivor size 41943040 bytes, new threshold 15 (max threshold 15)
[2024-02-19T22:07:51.969+0000][7][gc,phases   ] GC(68)   Pre Evacuate Collection Set: 0.1ms
[2024-02-19T22:07:51.969+0000][7][gc,phases   ] GC(68)   Merge Heap Roots: 0.1ms
[2024-02-19T22:07:51.969+0000][7][gc,phases   ] GC(68)   Evacuate Collection Set: 3.0ms
[2024-02-19T22:07:51.969+0000][7][gc,phases   ] GC(68)   Post Evacuate Collection Set: 0.9ms
[2024-02-19T22:07:51.969+0000][7][gc,phases   ] GC(68)   Other: 0.1ms
[2024-02-19T22:07:51.969+0000][7][gc,age      ] GC(68) Age table with threshold 15 (max threshold 15)
[2024-02-19T22:07:51.969+0000][7][gc,age      ] GC(68) - age   1:    1319352 bytes,    1319352 total
[2024-02-19T22:07:51.969+0000][7][gc,age      ] GC(68) - age   2:       2840 bytes,    1322192 total
[2024-02-19T22:07:51.969+0000][7][gc,age      ] GC(68) - age   3:       1896 bytes,    1324088 total
[2024-02-19T22:07:51.969+0000][7][gc,age      ] GC(68) - age   4:       2320 bytes,    1326408 total
[2024-02-19T22:07:51.969+0000][7][gc,age      ] GC(68) - age   5:       1560 bytes,    1327968 total
[2024-02-19T22:07:51.969+0000][7][gc,age      ] GC(68) - age   6:        888 bytes,    1328856 total
[2024-02-19T22:07:51.969+0000][7][gc,age      ] GC(68) - age   7:       1872 bytes,    1330728 total
[2024-02-19T22:07:51.969+0000][7][gc,age      ] GC(68) - age   8:        184 bytes,    1330912 total
[2024-02-19T22:07:51.969+0000][7][gc,age      ] GC(68) - age   9:       2224 bytes,    1333136 total
[2024-02-19T22:07:51.969+0000][7][gc,age      ] GC(68) - age  10:       2288 bytes,    1335424 total
[2024-02-19T22:07:51.969+0000][7][gc,age      ] GC(68) - age  11:      17024 bytes,    1352448 total
[2024-02-19T22:07:51.969+0000][7][gc,age      ] GC(68) - age  12:     117216 bytes,    1469664 total
[2024-02-19T22:07:51.969+0000][7][gc,age      ] GC(68) - age  13:       9232 bytes,    1478896 total
[2024-02-19T22:07:51.969+0000][7][gc,age      ] GC(68) - age  14:      93432 bytes,    1572328 total
[2024-02-19T22:07:51.969+0000][7][gc,age      ] GC(68) - age  15:    1631576 bytes,    3203904 total
[2024-02-19T22:07:51.969+0000][7][gc,heap     ] GC(68) Eden regions: 152->0(152)
[2024-02-19T22:07:51.969+0000][7][gc,heap     ] GC(68) Survivor regions: 1->1(20)
[2024-02-19T22:07:51.969+0000][7][gc,heap     ] GC(68) Old regions: 22->22
[2024-02-19T22:07:51.969+0000][7][gc,heap     ] GC(68) Archive regions: 2->2
[2024-02-19T22:07:51.969+0000][7][gc,heap     ] GC(68) Humongous regions: 0->0
[2024-02-19T22:07:51.969+0000][7][gc,metaspace] GC(68) Metaspace: 127010K(130688K)->127010K(130688K) NonClass: 110416K(112320K)->110416K(112320K) Class: 16593K(18368K)->16593K(18368K)
[2024-02-19T22:07:51.969+0000][7][gc          ] GC(68) Pause Young (Normal) (G1 Evacuation Pause) 700M->92M(1024M) 4.516ms
[2024-02-19T22:07:51.969+0000][7][gc,cpu      ] GC(68) User=0.02s Sys=0.01s Real=0.00s
[2024-02-19T22:07:51.969+0000][7][safepoint   ] Safepoint "G1CollectForAllocation", Time since last: 5966926277 ns, Reaching safepoint: 49626 ns, At safepoint: 4618420 ns, Total: 4668046 ns
[2024-02-19T22:08:45.975+0000][7][safepoint   ] Safepoint "Cleanup", Time since last: 54005399019 ns, Reaching safepoint: 170256 ns, At safepoint: 6863 ns, Total: 177119 ns
[2024-02-19T22:09:45.980+0000][7][safepoint   ] Safepoint "Cleanup", Time since last: 60005497889 ns, Reaching safepoint: 81865 ns, At safepoint: 4934 ns, Total: 86799 ns
[2024-02-19T22:10:33.990+0000][7][gc,start    ] GC(69) Pause Young (Normal) (G1 Evacuation Pause)
[2024-02-19T22:10:33.990+0000][7][gc,task     ] GC(69) Using 8 workers of 8 for evacuation
[2024-02-19T22:10:33.990+0000][7][gc,age      ] GC(69) Desired survivor size 41943040 bytes, new threshold 15 (max threshold 15)
[2024-02-19T22:10:33.994+0000][7][gc,phases   ] GC(69)   Pre Evacuate Collection Set: 0.1ms
[2024-02-19T22:10:33.994+0000][7][gc,phases   ] GC(69)   Merge Heap Roots: 0.1ms
[2024-02-19T22:10:33.994+0000][7][gc,phases   ] GC(69)   Evacuate Collection Set: 2.4ms
[2024-02-19T22:10:33.994+0000][7][gc,phases   ] GC(69)   Post Evacuate Collection Set: 0.9ms
[2024-02-19T22:10:33.994+0000][7][gc,phases   ] GC(69)   Other: 0.1ms
[2024-02-19T22:10:33.994+0000][7][gc,age      ] GC(69) Age table with threshold 15 (max threshold 15)
[2024-02-19T22:10:33.994+0000][7][gc,age      ] GC(69) - age   1:    1100616 bytes,    1100616 total
[2024-02-19T22:10:33.994+0000][7][gc,age      ] GC(69) - age   2:      15200 bytes,    1115816 total
[2024-02-19T22:10:33.994+0000][7][gc,age      ] GC(69) - age   3:       1328 bytes,    1117144 total
[2024-02-19T22:10:33.994+0000][7][gc,age      ] GC(69) - age   4:       1040 bytes,    1118184 total
[2024-02-19T22:10:33.994+0000][7][gc,age      ] GC(69) - age   5:       2256 bytes,    1120440 total
[2024-02-19T22:10:33.994+0000][7][gc,age      ] GC(69) - age   6:       1560 bytes,    1122000 total
[2024-02-19T22:10:33.994+0000][7][gc,age      ] GC(69) - age   7:        888 bytes,    1122888 total
[2024-02-19T22:10:33.994+0000][7][gc,age      ] GC(69) - age   8:       1872 bytes,    1124760 total
[2024-02-19T22:10:33.994+0000][7][gc,age      ] GC(69) - age   9:        184 bytes,    1124944 total
[2024-02-19T22:10:33.994+0000][7][gc,age      ] GC(69) - age  10:       2032 bytes,    1126976 total
[2024-02-19T22:10:33.994+0000][7][gc,age      ] GC(69) - age  11:       2288 bytes,    1129264 total
[2024-02-19T22:10:33.994+0000][7][gc,age      ] GC(69) - age  12:      17024 bytes,    1146288 total
[2024-02-19T22:10:33.994+0000][7][gc,age      ] GC(69) - age  13:     117216 bytes,    1263504 total
[2024-02-19T22:10:33.994+0000][7][gc,age      ] GC(69) - age  14:       9232 bytes,    1272736 total
[2024-02-19T22:10:33.994+0000][7][gc,age      ] GC(69) - age  15:      93432 bytes,    1366168 total
[2024-02-19T22:10:33.994+0000][7][gc,heap     ] GC(69) Eden regions: 152->0(152)
[2024-02-19T22:10:33.994+0000][7][gc,heap     ] GC(69) Survivor regions: 1->1(20)
[2024-02-19T22:10:33.994+0000][7][gc,heap     ] GC(69) Old regions: 22->22
[2024-02-19T22:10:33.994+0000][7][gc,heap     ] GC(69) Archive regions: 2->2
[2024-02-19T22:10:33.994+0000][7][gc,heap     ] GC(69) Humongous regions: 0->0
[2024-02-19T22:10:33.994+0000][7][gc,metaspace] GC(69) Metaspace: 127011K(130688K)->127011K(130688K) NonClass: 110417K(112320K)->110417K(112320K) Class: 16593K(18368K)->16593K(18368K)
[2024-02-19T22:10:33.994+0000][7][gc          ] GC(69) Pause Young (Normal) (G1 Evacuation Pause) 700M->92M(1024M) 3.931ms
[2024-02-19T22:10:33.994+0000][7][gc,cpu      ] GC(69) User=0.02s Sys=0.00s Real=0.01s
[2024-02-19T22:10:33.994+0000][7][safepoint   ] Safepoint "G1CollectForAllocation", Time since last: 48009564349 ns, Reaching safepoint: 60053 ns, At safepoint: 4030487 ns, Total: 4090540 ns
[2024-02-19T22:10:45.995+0000][7][safepoint   ] Safepoint "Cleanup", Time since last: 12001099987 ns, Reaching safepoint: 146095 ns, At safepoint: 6505 ns, Total: 152600 ns
[2024-02-19T22:11:50.057+0000][7][safepoint   ] Safepoint "Cleanup", Time since last: 64062158555 ns, Reaching safepoint: 89646 ns, At safepoint: 5172 ns, Total: 94818 ns
[2024-02-19T22:13:04.065+0000][7][safepoint   ] Safepoint "Cleanup", Time since last: 74007757579 ns, Reaching safepoint: 86062 ns, At safepoint: 38257 ns, Total: 124319 ns
[2024-02-19T22:13:19.019+0000][7][gc,start    ] GC(70) Pause Young (Normal) (G1 Evacuation Pause)
[2024-02-19T22:13:19.019+0000][7][gc,task     ] GC(70) Using 8 workers of 8 for evacuation
[2024-02-19T22:13:19.019+0000][7][gc,age      ] GC(70) Desired survivor size 41943040 bytes, new threshold 15 (max threshold 15)
[2024-02-19T22:13:19.021+0000][7][gc,phases   ] GC(70)   Pre Evacuate Collection Set: 0.1ms
[2024-02-19T22:13:19.021+0000][7][gc,phases   ] GC(70)   Merge Heap Roots: 0.1ms
[2024-02-19T22:13:19.021+0000][7][gc,phases   ] GC(70)   Evacuate Collection Set: 1.5ms
[2024-02-19T22:13:19.021+0000][7][gc,phases   ] GC(70)   Post Evacuate Collection Set: 0.7ms
[2024-02-19T22:13:19.021+0000][7][gc,phases   ] GC(70)   Other: 0.1ms
[2024-02-19T22:13:19.021+0000][7][gc,age      ] GC(70) Age table with threshold 15 (max threshold 15)
[2024-02-19T22:13:19.021+0000][7][gc,age      ] GC(70) - age   1:    1433544 bytes,    1433544 total
[2024-02-19T22:13:19.021+0000][7][gc,age      ] GC(70) - age   2:       3096 bytes,    1436640 total
[2024-02-19T22:13:19.021+0000][7][gc,age      ] GC(70) - age   3:      13064 bytes,    1449704 total
[2024-02-19T22:13:19.021+0000][7][gc,age      ] GC(70) - age   4:        944 bytes,    1450648 total
[2024-02-19T22:13:19.021+0000][7][gc,age      ] GC(70) - age   5:        848 bytes,    1451496 total
[2024-02-19T22:13:19.021+0000][7][gc,age      ] GC(70) - age   6:       1864 bytes,    1453360 total
[2024-02-19T22:13:19.021+0000][7][gc,age      ] GC(70) - age   7:       1496 bytes,    1454856 total
[2024-02-19T22:13:19.021+0000][7][gc,age      ] GC(70) - age   8:        888 bytes,    1455744 total
[2024-02-19T22:13:19.021+0000][7][gc,age      ] GC(70) - age   9:       1872 bytes,    1457616 total
[2024-02-19T22:13:19.021+0000][7][gc,age      ] GC(70) - age  10:        184 bytes,    1457800 total
[2024-02-19T22:13:19.021+0000][7][gc,age      ] GC(70) - age  11:       2032 bytes,    1459832 total
[2024-02-19T22:13:19.021+0000][7][gc,age      ] GC(70) - age  12:       2288 bytes,    1462120 total
[2024-02-19T22:13:19.022+0000][7][gc,age      ] GC(70) - age  13:      17024 bytes,    1479144 total
[2024-02-19T22:13:19.022+0000][7][gc,age      ] GC(70) - age  14:     117216 bytes,    1596360 total
[2024-02-19T22:13:19.022+0000][7][gc,age      ] GC(70) - age  15:       9232 bytes,    1605592 total
[2024-02-19T22:13:19.022+0000][7][gc,heap     ] GC(70) Eden regions: 152->0(152)
[2024-02-19T22:13:19.022+0000][7][gc,heap     ] GC(70) Survivor regions: 1->1(20)
[2024-02-19T22:13:19.022+0000][7][gc,heap     ] GC(70) Old regions: 22->22
[2024-02-19T22:13:19.022+0000][7][gc,heap     ] GC(70) Archive regions: 2->2
[2024-02-19T22:13:19.022+0000][7][gc,heap     ] GC(70) Humongous regions: 0->0
[2024-02-19T22:13:19.022+0000][7][gc,metaspace] GC(70) Metaspace: 127014K(130688K)->127014K(130688K) NonClass: 110421K(112320K)->110421K(112320K) Class: 16593K(18368K)->16593K(18368K)
[2024-02-19T22:13:19.022+0000][7][gc          ] GC(70) Pause Young (Normal) (G1 Evacuation Pause) 700M->92M(1024M) 2.765ms
[2024-02-19T22:13:19.022+0000][7][gc,cpu      ] GC(70) User=0.02s Sys=0.00s Real=0.01s
[2024-02-19T22:13:19.022+0000][7][safepoint   ] Safepoint "G1CollectForAllocation", Time since last: 14953436620 ns, Reaching safepoint: 77442 ns, At safepoint: 2855152 ns, Total: 2932594 ns
[2024-02-19T22:13:46.025+0000][7][safepoint   ] Safepoint "Cleanup", Time since last: 27002834795 ns, Reaching safepoint: 86118 ns, At safepoint: 7617 ns, Total: 93735 ns
[2024-02-19T22:14:34.029+0000][7][safepoint   ] Safepoint "Cleanup", Time since last: 48004548047 ns, Reaching safepoint: 105249 ns, At safepoint: 8642 ns, Total: 113891 ns
[2024-02-19T22:14:49.031+0000][7][safepoint   ] Safepoint "Cleanup", Time since last: 15001682307 ns, Reaching safepoint: 123447 ns, At safepoint: 8052 ns, Total: 131499 ns
[2024-02-19T22:14:55.032+0000][7][safepoint   ] Safepoint "Cleanup", Time since last: 6000916380 ns, Reaching safepoint: 115234 ns, At safepoint: 16065 ns, Total: 131299 ns
[2024-02-19T22:15:20.034+0000][7][safepoint   ] Safepoint "Cleanup", Time since last: 25002120937 ns, Reaching safepoint: 81464 ns, At safepoint: 35271 ns, Total: 116735 ns
[2024-02-19T22:15:46.037+0000][7][safepoint   ] Safepoint "Cleanup", Time since last: 26002705600 ns, Reaching safepoint: 64407 ns, At safepoint: 7499 ns, Total: 71906 ns
[2024-02-19T22:15:50.038+0000][7][safepoint   ] Safepoint "Cleanup", Time since last: 4000606236 ns, Reaching safepoint: 86743 ns, At safepoint: 9568 ns, Total: 96311 ns
[2024-02-19T22:16:01.019+0000][7][gc,start    ] GC(71) Pause Young (Normal) (G1 Evacuation Pause)
[2024-02-19T22:16:01.019+0000][7][gc,task     ] GC(71) Using 8 workers of 8 for evacuation
[2024-02-19T22:16:01.019+0000][7][gc,age      ] GC(71) Desired survivor size 41943040 bytes, new threshold 15 (max threshold 15)
[2024-02-19T22:16:01.021+0000][7][gc,phases   ] GC(71)   Pre Evacuate Collection Set: 0.1ms
[2024-02-19T22:16:01.021+0000][7][gc,phases   ] GC(71)   Merge Heap Roots: 0.1ms
[2024-02-19T22:16:01.021+0000][7][gc,phases   ] GC(71)   Evacuate Collection Set: 1.1ms
[2024-02-19T22:16:01.021+0000][7][gc,phases   ] GC(71)   Post Evacuate Collection Set: 0.7ms
[2024-02-19T22:16:01.021+0000][7][gc,phases   ] GC(71)   Other: 0.1ms
[2024-02-19T22:16:01.021+0000][7][gc,age      ] GC(71) Age table with threshold 15 (max threshold 15)
[2024-02-19T22:16:01.021+0000][7][gc,age      ] GC(71) - age   1:     941608 bytes,     941608 total
[2024-02-19T22:16:01.021+0000][7][gc,age      ] GC(71) - age   2:      10832 bytes,     952440 total
[2024-02-19T22:16:01.021+0000][7][gc,age      ] GC(71) - age   3:        568 bytes,     953008 total
[2024-02-19T22:16:01.021+0000][7][gc,age      ] GC(71) - age   4:       3896 bytes,     956904 total
[2024-02-19T22:16:01.021+0000][7][gc,age      ] GC(71) - age   5:        192 bytes,     957096 total
[2024-02-19T22:16:01.021+0000][7][gc,age      ] GC(71) - age   6:        424 bytes,     957520 total
[2024-02-19T22:16:01.021+0000][7][gc,age      ] GC(71) - age   7:       1680 bytes,     959200 total
[2024-02-19T22:16:01.021+0000][7][gc,age      ] GC(71) - age   8:       1080 bytes,     960280 total
[2024-02-19T22:16:01.021+0000][7][gc,age      ] GC(71) - age   9:        888 bytes,     961168 total
[2024-02-19T22:16:01.021+0000][7][gc,age      ] GC(71) - age  10:       1872 bytes,     963040 total
[2024-02-19T22:16:01.021+0000][7][gc,age      ] GC(71) - age  11:        184 bytes,     963224 total
[2024-02-19T22:16:01.021+0000][7][gc,age      ] GC(71) - age  12:       2032 bytes,     965256 total
[2024-02-19T22:16:01.021+0000][7][gc,age      ] GC(71) - age  13:       2288 bytes,     967544 total
[2024-02-19T22:16:01.021+0000][7][gc,age      ] GC(71) - age  14:      17024 bytes,     984568 total
[2024-02-19T22:16:01.021+0000][7][gc,age      ] GC(71) - age  15:     117216 bytes,    1101784 total
[2024-02-19T22:16:01.021+0000][7][gc,heap     ] GC(71) Eden regions: 152->0(152)
[2024-02-19T22:16:01.021+0000][7][gc,heap     ] GC(71) Survivor regions: 1->1(20)
[2024-02-19T22:16:01.021+0000][7][gc,heap     ] GC(71) Old regions: 22->22
[2024-02-19T22:16:01.021+0000][7][gc,heap     ] GC(71) Archive regions: 2->2
[2024-02-19T22:16:01.021+0000][7][gc,heap     ] GC(71) Humongous regions: 0->0
[2024-02-19T22:16:01.021+0000][7][gc,metaspace] GC(71) Metaspace: 127030K(130688K)->127030K(130688K) NonClass: 110436K(112320K)->110436K(112320K) Class: 16594K(18368K)->16594K(18368K)
[2024-02-19T22:16:01.021+0000][7][gc          ] GC(71) Pause Young (Normal) (G1 Evacuation Pause) 700M->92M(1024M) 2.434ms
[2024-02-19T22:16:01.022+0000][7][gc,cpu      ] GC(71) User=0.01s Sys=0.00s Real=0.01s
[2024-02-19T22:16:01.022+0000][7][safepoint   ] Safepoint "G1CollectForAllocation", Time since last: 10981133231 ns, Reaching safepoint: 56876 ns, At safepoint: 2529753 ns, Total: 2586629 ns
[2024-02-19T22:16:47.027+0000][7][safepoint   ] Safepoint "Cleanup", Time since last: 46004817673 ns, Reaching safepoint: 292707 ns, At safepoint: 14079 ns, Total: 306786 ns
[2024-02-19T22:18:14.036+0000][7][safepoint   ] Safepoint "Cleanup", Time since last: 87008816021 ns, Reaching safepoint: 74991 ns, At safepoint: 4156 ns, Total: 79147 ns
[2024-02-19T22:18:16.036+0000][7][safepoint   ] Safepoint "Cleanup", Time since last: 2000407599 ns, Reaching safepoint: 133511 ns, At safepoint: 14395 ns, Total: 147906 ns
[2024-02-19T22:18:17.036+0000][7][safepoint   ] Safepoint "Cleanup", Time since last: 1000116975 ns, Reaching safepoint: 65140 ns, At safepoint: 8001 ns, Total: 73141 ns
[2024-02-19T22:18:19.037+0000][7][safepoint   ] Safepoint "Cleanup", Time since last: 2000225850 ns, Reaching safepoint: 147881 ns, At safepoint: 9204 ns, Total: 157085 ns
[2024-02-19T22:18:20.037+0000][7][safepoint   ] Safepoint "Cleanup", Time since last: 1000140204 ns, Reaching safepoint: 64555 ns, At safepoint: 6492 ns, Total: 71047 ns
[2024-02-19T22:18:23.037+0000][7][safepoint   ] Safepoint "Cleanup", Time since last: 3000414485 ns, Reaching safepoint: 114799 ns, At safepoint: 10666 ns, Total: 125465 ns
[2024-02-19T22:18:25.038+0000][7][safepoint   ] Safepoint "Cleanup", Time since last: 2000216390 ns, Reaching safepoint: 109364 ns, At safepoint: 7594 ns, Total: 116958 ns
[2024-02-19T22:18:26.038+0000][7][safepoint   ] Safepoint "Cleanup", Time since last: 1000127284 ns, Reaching safepoint: 76187 ns, At safepoint: 5640 ns, Total: 81827 ns
[2024-02-19T22:18:33.039+0000][7][safepoint   ] Safepoint "Cleanup", Time since last: 7000621389 ns, Reaching safepoint: 131425 ns, At safepoint: 7946 ns, Total: 139371 ns
[2024-02-19T22:18:34.039+0000][7][safepoint   ] Safepoint "Cleanup", Time since last: 1000169297 ns, Reaching safepoint: 294379 ns, At safepoint: 37005 ns, Total: 331384 ns
[2024-02-19T22:18:35.040+0000][7][safepoint   ] Safepoint "Cleanup", Time since last: 1000233812 ns, Reaching safepoint: 167950 ns, At safepoint: 8292 ns, Total: 176242 ns
[2024-02-19T22:18:36.040+0000][7][safepoint   ] Safepoint "Cleanup", Time since last: 1000149918 ns, Reaching safepoint: 67299 ns, At safepoint: 5694 ns, Total: 72993 ns
[2024-02-19T22:18:46.023+0000][7][gc,start    ] GC(72) Pause Young (Normal) (G1 Evacuation Pause)
[2024-02-19T22:18:46.023+0000][7][gc,task     ] GC(72) Using 8 workers of 8 for evacuation
[2024-02-19T22:18:46.023+0000][7][gc,age      ] GC(72) Desired survivor size 41943040 bytes, new threshold 15 (max threshold 15)
[2024-02-19T22:18:46.024+0000][7][gc,phases   ] GC(72)   Pre Evacuate Collection Set: 0.1ms
[2024-02-19T22:18:46.024+0000][7][gc,phases   ] GC(72)   Merge Heap Roots: 0.0ms
[2024-02-19T22:18:46.024+0000][7][gc,phases   ] GC(72)   Evacuate Collection Set: 1.1ms
[2024-02-19T22:18:46.024+0000][7][gc,phases   ] GC(72)   Post Evacuate Collection Set: 0.5ms
[2024-02-19T22:18:46.024+0000][7][gc,phases   ] GC(72)   Other: 0.1ms
[2024-02-19T22:18:46.024+0000][7][gc,age      ] GC(72) Age table with threshold 15 (max threshold 15)
[2024-02-19T22:18:46.024+0000][7][gc,age      ] GC(72) - age   1:    1145776 bytes,    1145776 total
[2024-02-19T22:18:46.024+0000][7][gc,age      ] GC(72) - age   2:       6216 bytes,    1151992 total
[2024-02-19T22:18:46.024+0000][7][gc,age      ] GC(72) - age   3:       9256 bytes,    1161248 total
[2024-02-19T22:18:46.024+0000][7][gc,age      ] GC(72) - age   4:        376 bytes,    1161624 total
[2024-02-19T22:18:46.024+0000][7][gc,age      ] GC(72) - age   5:        440 bytes,    1162064 total
[2024-02-19T22:18:46.024+0000][7][gc,age      ] GC(72) - age   6:        192 bytes,    1162256 total
[2024-02-19T22:18:46.024+0000][7][gc,age      ] GC(72) - age   7:        424 bytes,    1162680 total
[2024-02-19T22:18:46.024+0000][7][gc,age      ] GC(72) - age   8:       1680 bytes,    1164360 total
[2024-02-19T22:18:46.024+0000][7][gc,age      ] GC(72) - age   9:       1080 bytes,    1165440 total
[2024-02-19T22:18:46.024+0000][7][gc,age      ] GC(72) - age  10:        888 bytes,    1166328 total
[2024-02-19T22:18:46.025+0000][7][gc,age      ] GC(72) - age  11:       1872 bytes,    1168200 total
[2024-02-19T22:18:46.025+0000][7][gc,age      ] GC(72) - age  12:        184 bytes,    1168384 total
[2024-02-19T22:18:46.025+0000][7][gc,age      ] GC(72) - age  13:       2032 bytes,    1170416 total
[2024-02-19T22:18:46.025+0000][7][gc,age      ] GC(72) - age  14:       2104 bytes,    1172520 total
[2024-02-19T22:18:46.025+0000][7][gc,age      ] GC(72) - age  15:      17024 bytes,    1189544 total
[2024-02-19T22:18:46.025+0000][7][gc,heap     ] GC(72) Eden regions: 152->0(152)
[2024-02-19T22:18:46.025+0000][7][gc,heap     ] GC(72) Survivor regions: 1->1(20)
[2024-02-19T22:18:46.025+0000][7][gc,heap     ] GC(72) Old regions: 22->22
[2024-02-19T22:18:46.025+0000][7][gc,heap     ] GC(72) Archive regions: 2->2
[2024-02-19T22:18:46.025+0000][7][gc,heap     ] GC(72) Humongous regions: 0->0
[2024-02-19T22:18:46.025+0000][7][gc,metaspace] GC(72) Metaspace: 127033K(130688K)->127033K(130688K) NonClass: 110438K(112320K)->110438K(112320K) Class: 16594K(18368K)->16594K(18368K)
[2024-02-19T22:18:46.025+0000][7][gc          ] GC(72) Pause Young (Normal) (G1 Evacuation Pause) 700M->92M(1024M) 2.064ms
[2024-02-19T22:18:46.025+0000][7][gc,cpu      ] GC(72) User=0.00s Sys=0.00s Real=0.00s
[2024-02-19T22:18:46.025+0000][7][safepoint   ] Safepoint "G1CollectForAllocation", Time since last: 9982556876 ns, Reaching safepoint: 61547 ns, At safepoint: 2133287 ns, Total: 2194834 ns
[2024-02-19T22:20:46.037+0000][7][safepoint   ] Safepoint "Cleanup", Time since last: 120012593569 ns, Reaching safepoint: 92491 ns, At safepoint: 17573 ns, Total: 110064 ns
[2024-02-19T22:21:13.040+0000][7][safepoint   ] Safepoint "Cleanup", Time since last: 27002947651 ns, Reaching safepoint: 90148 ns, At safepoint: 8849 ns, Total: 98997 ns
[2024-02-19T22:21:25.577+0000][7][gc,start    ] GC(73) Pause Young (Normal) (G1 Evacuation Pause)
[2024-02-19T22:21:25.577+0000][7][gc,task     ] GC(73) Using 8 workers of 8 for evacuation
[2024-02-19T22:21:25.577+0000][7][gc,age      ] GC(73) Desired survivor size 41943040 bytes, new threshold 15 (max threshold 15)
[2024-02-19T22:21:25.580+0000][7][gc,phases   ] GC(73)   Pre Evacuate Collection Set: 0.1ms
[2024-02-19T22:21:25.580+0000][7][gc,phases   ] GC(73)   Merge Heap Roots: 0.1ms
[2024-02-19T22:21:25.580+0000][7][gc,phases   ] GC(73)   Evacuate Collection Set: 1.3ms
[2024-02-19T22:21:25.580+0000][7][gc,phases   ] GC(73)   Post Evacuate Collection Set: 0.9ms
[2024-02-19T22:21:25.580+0000][7][gc,phases   ] GC(73)   Other: 0.2ms
[2024-02-19T22:21:25.580+0000][7][gc,age      ] GC(73) Age table with threshold 15 (max threshold 15)
[2024-02-19T22:21:25.580+0000][7][gc,age      ] GC(73) - age   1:     603304 bytes,     603304 total
[2024-02-19T22:21:25.580+0000][7][gc,age      ] GC(73) - age   2:      14328 bytes,     617632 total
[2024-02-19T22:21:25.580+0000][7][gc,age      ] GC(73) - age   3:       3368 bytes,     621000 total
[2024-02-19T22:21:25.580+0000][7][gc,age      ] GC(73) - age   4:       9064 bytes,     630064 total
[2024-02-19T22:21:25.580+0000][7][gc,age      ] GC(73) - age   5:        376 bytes,     630440 total
[2024-02-19T22:21:25.580+0000][7][gc,age      ] GC(73) - age   6:        440 bytes,     630880 total
[2024-02-19T22:21:25.580+0000][7][gc,age      ] GC(73) - age   7:        192 bytes,     631072 total
[2024-02-19T22:21:25.580+0000][7][gc,age      ] GC(73) - age   8:        424 bytes,     631496 total
[2024-02-19T22:21:25.580+0000][7][gc,age      ] GC(73) - age   9:       1680 bytes,     633176 total
[2024-02-19T22:21:25.580+0000][7][gc,age      ] GC(73) - age  10:       1080 bytes,     634256 total
[2024-02-19T22:21:25.580+0000][7][gc,age      ] GC(73) - age  11:        888 bytes,     635144 total
[2024-02-19T22:21:25.580+0000][7][gc,age      ] GC(73) - age  12:       1872 bytes,     637016 total
[2024-02-19T22:21:25.580+0000][7][gc,age      ] GC(73) - age  13:        184 bytes,     637200 total
[2024-02-19T22:21:25.580+0000][7][gc,age      ] GC(73) - age  14:       2032 bytes,     639232 total
[2024-02-19T22:21:25.580+0000][7][gc,age      ] GC(73) - age  15:       2104 bytes,     641336 total
[2024-02-19T22:21:25.580+0000][7][gc,heap     ] GC(73) Eden regions: 152->0(152)
[2024-02-19T22:21:25.580+0000][7][gc,heap     ] GC(73) Survivor regions: 1->1(20)
[2024-02-19T22:21:25.580+0000][7][gc,heap     ] GC(73) Old regions: 22->22
[2024-02-19T22:21:25.580+0000][7][gc,heap     ] GC(73) Archive regions: 2->2
[2024-02-19T22:21:25.580+0000][7][gc,heap     ] GC(73) Humongous regions: 0->0
[2024-02-19T22:21:25.580+0000][7][gc,metaspace] GC(73) Metaspace: 127037K(130688K)->127037K(130688K) NonClass: 110441K(112320K)->110441K(112320K) Class: 16595K(18368K)->16595K(18368K)
[2024-02-19T22:21:25.580+0000][7][gc          ] GC(73) Pause Young (Normal) (G1 Evacuation Pause) 700M->92M(1024M) 3.004ms
[2024-02-19T22:21:25.580+0000][7][gc,cpu      ] GC(73) User=0.01s Sys=0.00s Real=0.00s
[2024-02-19T22:21:25.580+0000][7][safepoint   ] Safepoint "G1CollectForAllocation", Time since last: 12536384572 ns, Reaching safepoint: 100482 ns, At safepoint: 3119759 ns, Total: 3220241 ns
[2024-02-19T22:21:37.581+0000][7][safepoint   ] Safepoint "Cleanup", Time since last: 12000970193 ns, Reaching safepoint: 89633 ns, At safepoint: 10498 ns, Total: 100131 ns
[2024-02-19T22:21:43.582+0000][7][safepoint   ] Safepoint "Cleanup", Time since last: 6000706259 ns, Reaching safepoint: 58914 ns, At safepoint: 7271 ns, Total: 66185 ns
[2024-02-19T22:21:49.583+0000][7][safepoint   ] Safepoint "Cleanup", Time since last: 6001044946 ns, Reaching safepoint: 103715 ns, At safepoint: 11487 ns, Total: 115202 ns
[2024-02-19T22:22:34.588+0000][7][safepoint   ] Safepoint "Cleanup", Time since last: 45004988968 ns, Reaching safepoint: 73764 ns, At safepoint: 37084 ns, Total: 110848 ns
[2024-02-19T22:23:13.592+0000][7][safepoint   ] Safepoint "Cleanup", Time since last: 39004081118 ns, Reaching safepoint: 86095 ns, At safepoint: 6402 ns, Total: 92497 ns
[2024-02-19T22:23:55.597+0000][7][safepoint   ] Safepoint "Cleanup", Time since last: 42004532708 ns, Reaching safepoint: 117554 ns, At safepoint: 9897 ns, Total: 127451 ns
[2024-02-19T22:24:13.035+0000][7][gc,start    ] GC(74) Pause Young (Normal) (G1 Evacuation Pause)
[2024-02-19T22:24:13.035+0000][7][gc,task     ] GC(74) Using 8 workers of 8 for evacuation
[2024-02-19T22:24:13.035+0000][7][gc,age      ] GC(74) Desired survivor size 41943040 bytes, new threshold 15 (max threshold 15)
[2024-02-19T22:24:13.037+0000][7][gc,phases   ] GC(74)   Pre Evacuate Collection Set: 0.1ms
[2024-02-19T22:24:13.037+0000][7][gc,phases   ] GC(74)   Merge Heap Roots: 0.1ms
[2024-02-19T22:24:13.037+0000][7][gc,phases   ] GC(74)   Evacuate Collection Set: 1.2ms
[2024-02-19T22:24:13.037+0000][7][gc,phases   ] GC(74)   Post Evacuate Collection Set: 0.7ms
[2024-02-19T22:24:13.037+0000][7][gc,phases   ] GC(74)   Other: 0.1ms
[2024-02-19T22:24:13.037+0000][7][gc,age      ] GC(74) Age table with threshold 15 (max threshold 15)
[2024-02-19T22:24:13.037+0000][7][gc,age      ] GC(74) - age   1:    1008224 bytes,    1008224 total
[2024-02-19T22:24:13.037+0000][7][gc,age      ] GC(74) - age   2:       2816 bytes,    1011040 total
[2024-02-19T22:24:13.037+0000][7][gc,age      ] GC(74) - age   3:      12096 bytes,    1023136 total
[2024-02-19T22:24:13.037+0000][7][gc,age      ] GC(74) - age   4:       2600 bytes,    1025736 total
[2024-02-19T22:24:13.037+0000][7][gc,age      ] GC(74) - age   5:        984 bytes,    1026720 total
[2024-02-19T22:24:13.037+0000][7][gc,age      ] GC(74) - age   6:        376 bytes,    1027096 total
[2024-02-19T22:24:13.037+0000][7][gc,age      ] GC(74) - age   7:        256 bytes,    1027352 total
[2024-02-19T22:24:13.037+0000][7][gc,age      ] GC(74) - age   8:        192 bytes,    1027544 total
[2024-02-19T22:24:13.037+0000][7][gc,age      ] GC(74) - age   9:        424 bytes,    1027968 total
[2024-02-19T22:24:13.037+0000][7][gc,age      ] GC(74) - age  10:       1680 bytes,    1029648 total
[2024-02-19T22:24:13.037+0000][7][gc,age      ] GC(74) - age  11:       1080 bytes,    1030728 total
[2024-02-19T22:24:13.037+0000][7][gc,age      ] GC(74) - age  12:        888 bytes,    1031616 total
[2024-02-19T22:24:13.037+0000][7][gc,age      ] GC(74) - age  13:       1872 bytes,    1033488 total
[2024-02-19T22:24:13.037+0000][7][gc,age      ] GC(74) - age  14:        184 bytes,    1033672 total
[2024-02-19T22:24:13.037+0000][7][gc,age      ] GC(74) - age  15:       2032 bytes,    1035704 total
[2024-02-19T22:24:13.037+0000][7][gc,heap     ] GC(74) Eden regions: 152->0(152)
[2024-02-19T22:24:13.037+0000][7][gc,heap     ] GC(74) Survivor regions: 1->1(20)
[2024-02-19T22:24:13.037+0000][7][gc,heap     ] GC(74) Old regions: 22->22
[2024-02-19T22:24:13.037+0000][7][gc,heap     ] GC(74) Archive regions: 2->2
[2024-02-19T22:24:13.037+0000][7][gc,heap     ] GC(74) Humongous regions: 0->0
[2024-02-19T22:24:13.037+0000][7][gc,metaspace] GC(74) Metaspace: 127050K(130688K)->127050K(130688K) NonClass: 110454K(112320K)->110454K(112320K) Class: 16595K(18368K)->16595K(18368K)
[2024-02-19T22:24:13.037+0000][7][gc          ] GC(74) Pause Young (Normal) (G1 Evacuation Pause) 700M->92M(1024M) 2.450ms
[2024-02-19T22:24:13.037+0000][7][gc,cpu      ] GC(74) User=0.01s Sys=0.00s Real=0.00s
[2024-02-19T22:24:13.037+0000][7][safepoint   ] Safepoint "G1CollectForAllocation", Time since last: 17437715852 ns, Reaching safepoint: 76670 ns, At safepoint: 2548470 ns, Total: 2625140 ns
[2024-02-19T22:24:49.041+0000][7][safepoint   ] Safepoint "Cleanup", Time since last: 36003699398 ns, Reaching safepoint: 63192 ns, At safepoint: 8538 ns, Total: 71730 ns
[2024-02-19T22:25:29.045+0000][7][safepoint   ] Safepoint "Cleanup", Time since last: 40003848649 ns, Reaching safepoint: 100923 ns, At safepoint: 9020 ns, Total: 109943 ns
[2024-02-19T22:25:31.045+0000][7][safepoint   ] Safepoint "Cleanup", Time since last: 2000236949 ns, Reaching safepoint: 82029 ns, At safepoint: 7943 ns, Total: 89972 ns
[2024-02-19T22:25:46.047+0000][7][safepoint   ] Safepoint "Cleanup", Time since last: 15001302605 ns, Reaching safepoint: 161937 ns, At safepoint: 13381 ns, Total: 175318 ns
[2024-02-19T22:26:11.297+0000][7][safepoint   ] Safepoint "Cleanup", Time since last: 25249627852 ns, Reaching safepoint: 192898 ns, At safepoint: 7543 ns, Total: 200441 ns
[2024-02-19T22:26:49.015+0000][7][gc,start    ] GC(75) Pause Young (Normal) (G1 Evacuation Pause)
[2024-02-19T22:26:49.015+0000][7][gc,task     ] GC(75) Using 8 workers of 8 for evacuation
[2024-02-19T22:26:49.015+0000][7][gc,age      ] GC(75) Desired survivor size 41943040 bytes, new threshold 15 (max threshold 15)
[2024-02-19T22:26:49.018+0000][7][gc,phases   ] GC(75)   Pre Evacuate Collection Set: 0.1ms
[2024-02-19T22:26:49.018+0000][7][gc,phases   ] GC(75)   Merge Heap Roots: 0.1ms
[2024-02-19T22:26:49.018+0000][7][gc,phases   ] GC(75)   Evacuate Collection Set: 1.5ms
[2024-02-19T22:26:49.018+0000][7][gc,phases   ] GC(75)   Post Evacuate Collection Set: 0.7ms
[2024-02-19T22:26:49.018+0000][7][gc,phases   ] GC(75)   Other: 0.1ms
[2024-02-19T22:26:49.018+0000][7][gc,age      ] GC(75) Age table with threshold 15 (max threshold 15)
[2024-02-19T22:26:49.018+0000][7][gc,age      ] GC(75) - age   1:    1467088 bytes,    1467088 total
[2024-02-19T22:26:49.018+0000][7][gc,age      ] GC(75) - age   2:      11064 bytes,    1478152 total
[2024-02-19T22:26:49.018+0000][7][gc,age      ] GC(75) - age   3:        824 bytes,    1478976 total
[2024-02-19T22:26:49.018+0000][7][gc,age      ] GC(75) - age   4:      11904 bytes,    1490880 total
[2024-02-19T22:26:49.018+0000][7][gc,age      ] GC(75) - age   5:       1216 bytes,    1492096 total
[2024-02-19T22:26:49.018+0000][7][gc,age      ] GC(75) - age   6:        504 bytes,    1492600 total
[2024-02-19T22:26:49.018+0000][7][gc,age      ] GC(75) - age   7:        376 bytes,    1492976 total
[2024-02-19T22:26:49.018+0000][7][gc,age      ] GC(75) - age   8:        256 bytes,    1493232 total
[2024-02-19T22:26:49.018+0000][7][gc,age      ] GC(75) - age   9:        160 bytes,    1493392 total
[2024-02-19T22:26:49.018+0000][7][gc,age      ] GC(75) - age  10:        424 bytes,    1493816 total
[2024-02-19T22:26:49.018+0000][7][gc,age      ] GC(75) - age  11:       1680 bytes,    1495496 total
[2024-02-19T22:26:49.018+0000][7][gc,age      ] GC(75) - age  12:       1080 bytes,    1496576 total
[2024-02-19T22:26:49.018+0000][7][gc,age      ] GC(75) - age  13:        888 bytes,    1497464 total
[2024-02-19T22:26:49.018+0000][7][gc,age      ] GC(75) - age  14:       1872 bytes,    1499336 total
[2024-02-19T22:26:49.018+0000][7][gc,age      ] GC(75) - age  15:        184 bytes,    1499520 total
[2024-02-19T22:26:49.018+0000][7][gc,heap     ] GC(75) Eden regions: 152->0(152)
[2024-02-19T22:26:49.018+0000][7][gc,heap     ] GC(75) Survivor regions: 1->1(20)
[2024-02-19T22:26:49.018+0000][7][gc,heap     ] GC(75) Old regions: 22->22
[2024-02-19T22:26:49.018+0000][7][gc,heap     ] GC(75) Archive regions: 2->2
[2024-02-19T22:26:49.018+0000][7][gc,heap     ] GC(75) Humongous regions: 0->0
[2024-02-19T22:26:49.018+0000][7][gc,metaspace] GC(75) Metaspace: 127053K(130688K)->127053K(130688K) NonClass: 110457K(112320K)->110457K(112320K) Class: 16595K(18368K)->16595K(18368K)
[2024-02-19T22:26:49.018+0000][7][gc          ] GC(75) Pause Young (Normal) (G1 Evacuation Pause) 700M->92M(1024M) 2.835ms
[2024-02-19T22:26:49.018+0000][7][gc,cpu      ] GC(75) User=0.01s Sys=0.00s Real=0.00s
[2024-02-19T22:26:49.018+0000][7][safepoint   ] Safepoint "G1CollectForAllocation", Time since last: 37718413476 ns, Reaching safepoint: 67366 ns, At safepoint: 2940320 ns, Total: 3007686 ns
[2024-02-19T22:27:03.019+0000][7][safepoint   ] Safepoint "Cleanup", Time since last: 14001251295 ns, Reaching safepoint: 66585 ns, At safepoint: 6351 ns, Total: 72936 ns
[2024-02-19T22:28:44.030+0000][7][safepoint   ] Safepoint "Cleanup", Time since last: 101010237099 ns, Reaching safepoint: 70075 ns, At safepoint: 37888 ns, Total: 107963 ns
[2024-02-19T22:28:50.031+0000][7][safepoint   ] Safepoint "Cleanup", Time since last: 6000746767 ns, Reaching safepoint: 209605 ns, At safepoint: 14849 ns, Total: 224454 ns
[2024-02-19T22:29:02.032+0000][7][safepoint   ] Safepoint "Cleanup", Time since last: 12001185813 ns, Reaching safepoint: 129074 ns, At safepoint: 48120 ns, Total: 177194 ns
[2024-02-19T22:29:08.033+0000][7][safepoint   ] Safepoint "Cleanup", Time since last: 6000563083 ns, Reaching safepoint: 67493 ns, At safepoint: 6211 ns, Total: 73704 ns
[2024-02-19T22:29:31.025+0000][7][gc,start    ] GC(76) Pause Young (Normal) (G1 Evacuation Pause)
[2024-02-19T22:29:31.025+0000][7][gc,task     ] GC(76) Using 8 workers of 8 for evacuation
[2024-02-19T22:29:31.025+0000][7][gc,age      ] GC(76) Desired survivor size 41943040 bytes, new threshold 15 (max threshold 15)
[2024-02-19T22:29:31.027+0000][7][gc,phases   ] GC(76)   Pre Evacuate Collection Set: 0.1ms
[2024-02-19T22:29:31.027+0000][7][gc,phases   ] GC(76)   Merge Heap Roots: 0.1ms
[2024-02-19T22:29:31.028+0000][7][gc,phases   ] GC(76)   Evacuate Collection Set: 1.5ms
[2024-02-19T22:29:31.028+0000][7][gc,phases   ] GC(76)   Post Evacuate Collection Set: 1.0ms
[2024-02-19T22:29:31.028+0000][7][gc,phases   ] GC(76)   Other: 0.1ms
[2024-02-19T22:29:31.028+0000][7][gc,age      ] GC(76) Age table with threshold 15 (max threshold 15)
[2024-02-19T22:29:31.028+0000][7][gc,age      ] GC(76) - age   1:    1095808 bytes,    1095808 total
[2024-02-19T22:29:31.028+0000][7][gc,age      ] GC(76) - age   2:     159504 bytes,    1255312 total
[2024-02-19T22:29:31.028+0000][7][gc,age      ] GC(76) - age   3:       8848 bytes,    1264160 total
[2024-02-19T22:29:31.028+0000][7][gc,age      ] GC(76) - age   4:        760 bytes,    1264920 total
[2024-02-19T22:29:31.028+0000][7][gc,age      ] GC(76) - age   5:       8448 bytes,    1273368 total
[2024-02-19T22:29:31.028+0000][7][gc,age      ] GC(76) - age   6:       1152 bytes,    1274520 total
[2024-02-19T22:29:31.028+0000][7][gc,age      ] GC(76) - age   7:        112 bytes,    1274632 total
[2024-02-19T22:29:31.028+0000][7][gc,age      ] GC(76) - age   8:        376 bytes,    1275008 total
[2024-02-19T22:29:31.028+0000][7][gc,age      ] GC(76) - age   9:        256 bytes,    1275264 total
[2024-02-19T22:29:31.028+0000][7][gc,age      ] GC(76) - age  10:        160 bytes,    1275424 total
[2024-02-19T22:29:31.028+0000][7][gc,age      ] GC(76) - age  11:        424 bytes,    1275848 total
[2024-02-19T22:29:31.028+0000][7][gc,age      ] GC(76) - age  12:       1680 bytes,    1277528 total
[2024-02-19T22:29:31.028+0000][7][gc,age      ] GC(76) - age  13:       1080 bytes,    1278608 total
[2024-02-19T22:29:31.028+0000][7][gc,age      ] GC(76) - age  14:        888 bytes,    1279496 total
[2024-02-19T22:29:31.028+0000][7][gc,age      ] GC(76) - age  15:       1872 bytes,    1281368 total
[2024-02-19T22:29:31.028+0000][7][gc,heap     ] GC(76) Eden regions: 152->0(152)
[2024-02-19T22:29:31.028+0000][7][gc,heap     ] GC(76) Survivor regions: 1->1(20)
[2024-02-19T22:29:31.028+0000][7][gc,heap     ] GC(76) Old regions: 22->22
[2024-02-19T22:29:31.028+0000][7][gc,heap     ] GC(76) Archive regions: 2->2
[2024-02-19T22:29:31.028+0000][7][gc,heap     ] GC(76) Humongous regions: 0->0
[2024-02-19T22:29:31.028+0000][7][gc,metaspace] GC(76) Metaspace: 127053K(130688K)->127053K(130688K) NonClass: 110458K(112320K)->110458K(112320K) Class: 16595K(18368K)->16595K(18368K)
[2024-02-19T22:29:31.028+0000][7][gc          ] GC(76) Pause Young (Normal) (G1 Evacuation Pause) 700M->92M(1024M) 3.317ms
[2024-02-19T22:29:31.028+0000][7][gc,cpu      ] GC(76) User=0.01s Sys=0.00s Real=0.00s
[2024-02-19T22:29:31.028+0000][7][safepoint   ] Safepoint "G1CollectForAllocation", Time since last: 22991740417 ns, Reaching safepoint: 74222 ns, At safepoint: 3432664 ns, Total: 3506886 ns
[2024-02-19T22:29:56.030+0000][7][safepoint   ] Safepoint "Cleanup", Time since last: 25002157420 ns, Reaching safepoint: 92537 ns, At safepoint: 13053 ns, Total: 105590 ns
[2024-02-19T22:29:59.031+0000][7][safepoint   ] Safepoint "Cleanup", Time since last: 3000521243 ns, Reaching safepoint: 108395 ns, At safepoint: 9662 ns, Total: 118057 ns
[2024-02-19T22:30:35.035+0000][7][safepoint   ] Safepoint "Cleanup", Time since last: 36003730556 ns, Reaching safepoint: 186164 ns, At safepoint: 103803 ns, Total: 289967 ns
[2024-02-19T22:31:35.041+0000][7][safepoint   ] Safepoint "Cleanup", Time since last: 60006225597 ns, Reaching safepoint: 71081 ns, At safepoint: 5688 ns, Total: 76769 ns
[2024-02-19T22:31:44.042+0000][7][safepoint   ] Safepoint "Cleanup", Time since last: 9000825892 ns, Reaching safepoint: 58060 ns, At safepoint: 32534 ns, Total: 90594 ns
[2024-02-19T22:31:47.043+0000][7][safepoint   ] Safepoint "Cleanup", Time since last: 3000302123 ns, Reaching safepoint: 119794 ns, At safepoint: 19475 ns, Total: 139269 ns
[2024-02-19T22:32:04.045+0000][7][safepoint   ] Safepoint "Cleanup", Time since last: 17001975883 ns, Reaching safepoint: 104533 ns, At safepoint: 28925 ns, Total: 133458 ns
[2024-02-19T22:32:13.081+0000][7][gc,start    ] GC(77) Pause Young (Normal) (G1 Evacuation Pause)
[2024-02-19T22:32:13.081+0000][7][gc,task     ] GC(77) Using 8 workers of 8 for evacuation
[2024-02-19T22:32:13.081+0000][7][gc,age      ] GC(77) Desired survivor size 41943040 bytes, new threshold 15 (max threshold 15)
[2024-02-19T22:32:13.084+0000][7][gc,phases   ] GC(77)   Pre Evacuate Collection Set: 0.1ms
[2024-02-19T22:32:13.084+0000][7][gc,phases   ] GC(77)   Merge Heap Roots: 0.1ms
[2024-02-19T22:32:13.084+0000][7][gc,phases   ] GC(77)   Evacuate Collection Set: 1.7ms
[2024-02-19T22:32:13.084+0000][7][gc,phases   ] GC(77)   Post Evacuate Collection Set: 1.2ms
[2024-02-19T22:32:13.084+0000][7][gc,phases   ] GC(77)   Other: 0.1ms
[2024-02-19T22:32:13.084+0000][7][gc,age      ] GC(77) Age table with threshold 15 (max threshold 15)
[2024-02-19T22:32:13.084+0000][7][gc,age      ] GC(77) - age   1:    1532944 bytes,    1532944 total
[2024-02-19T22:32:13.084+0000][7][gc,age      ] GC(77) - age   2:     212928 bytes,    1745872 total
[2024-02-19T22:32:13.084+0000][7][gc,age      ] GC(77) - age   3:     157808 bytes,    1903680 total
[2024-02-19T22:32:13.084+0000][7][gc,age      ] GC(77) - age   4:       8784 bytes,    1912464 total
[2024-02-19T22:32:13.084+0000][7][gc,age      ] GC(77) - age   5:        760 bytes,    1913224 total
[2024-02-19T22:32:13.084+0000][7][gc,age      ] GC(77) - age   6:       8448 bytes,    1921672 total
[2024-02-19T22:32:13.084+0000][7][gc,age      ] GC(77) - age   7:       1152 bytes,    1922824 total
[2024-02-19T22:32:13.084+0000][7][gc,age      ] GC(77) - age   8:        112 bytes,    1922936 total
[2024-02-19T22:32:13.084+0000][7][gc,age      ] GC(77) - age   9:        376 bytes,    1923312 total
[2024-02-19T22:32:13.084+0000][7][gc,age      ] GC(77) - age  10:        256 bytes,    1923568 total
[2024-02-19T22:32:13.084+0000][7][gc,age      ] GC(77) - age  11:        160 bytes,    1923728 total
[2024-02-19T22:32:13.084+0000][7][gc,age      ] GC(77) - age  12:        424 bytes,    1924152 total
[2024-02-19T22:32:13.084+0000][7][gc,age      ] GC(77) - age  13:       1680 bytes,    1925832 total
[2024-02-19T22:32:13.084+0000][7][gc,age      ] GC(77) - age  14:       1080 bytes,    1926912 total
[2024-02-19T22:32:13.084+0000][7][gc,age      ] GC(77) - age  15:        888 bytes,    1927800 total
[2024-02-19T22:32:13.084+0000][7][gc,heap     ] GC(77) Eden regions: 152->0(152)
[2024-02-19T22:32:13.084+0000][7][gc,heap     ] GC(77) Survivor regions: 1->1(20)
[2024-02-19T22:32:13.084+0000][7][gc,heap     ] GC(77) Old regions: 22->22
[2024-02-19T22:32:13.084+0000][7][gc,heap     ] GC(77) Archive regions: 2->2
[2024-02-19T22:32:13.084+0000][7][gc,heap     ] GC(77) Humongous regions: 0->0
[2024-02-19T22:32:13.084+0000][7][gc,metaspace] GC(77) Metaspace: 127055K(130688K)->127055K(130688K) NonClass: 110459K(112320K)->110459K(112320K) Class: 16595K(18368K)->16595K(18368K)
[2024-02-19T22:32:13.084+0000][7][gc          ] GC(77) Pause Young (Normal) (G1 Evacuation Pause) 700M->93M(1024M) 3.571ms
[2024-02-19T22:32:13.084+0000][7][gc,cpu      ] GC(77) User=0.01s Sys=0.00s Real=0.00s
[2024-02-19T22:32:13.084+0000][7][safepoint   ] Safepoint "G1CollectForAllocation", Time since last: 9036041532 ns, Reaching safepoint: 61589 ns, At safepoint: 3657267 ns, Total: 3718856 ns
[2024-02-19T22:32:35.087+0000][7][safepoint   ] Safepoint "Cleanup", Time since last: 22002357468 ns, Reaching safepoint: 97203 ns, At safepoint: 7832 ns, Total: 105035 ns
[2024-02-19T22:32:36.087+0000][7][safepoint   ] Safepoint "Cleanup", Time since last: 1000230181 ns, Reaching safepoint: 124201 ns, At safepoint: 19313 ns, Total: 143514 ns
[2024-02-19T22:32:46.089+0000][7][safepoint   ] Safepoint "Cleanup", Time since last: 10001289954 ns, Reaching safepoint: 85235 ns, At safepoint: 5188 ns, Total: 90423 ns
[2024-02-19T22:33:11.091+0000][7][safepoint   ] Safepoint "Cleanup", Time since last: 25002353830 ns, Reaching safepoint: 57515 ns, At safepoint: 33643 ns, Total: 91158 ns
[2024-02-19T22:33:45.095+0000][7][safepoint   ] Safepoint "Cleanup", Time since last: 34003396843 ns, Reaching safepoint: 65626 ns, At safepoint: 6929 ns, Total: 72555 ns
[2024-02-19T22:33:49.095+0000][7][safepoint   ] Safepoint "Cleanup", Time since last: 4000359008 ns, Reaching safepoint: 87221 ns, At safepoint: 14771 ns, Total: 101992 ns
[2024-02-19T22:34:02.096+0000][7][safepoint   ] Safepoint "Cleanup", Time since last: 13001169483 ns, Reaching safepoint: 58889 ns, At safepoint: 5245 ns, Total: 64134 ns
[2024-02-19T22:34:40.100+0000][7][safepoint   ] Safepoint "Cleanup", Time since last: 38004083478 ns, Reaching safepoint: 89684 ns, At safepoint: 6051 ns, Total: 95735 ns
[2024-02-19T22:34:43.101+0000][7][safepoint   ] Safepoint "Cleanup", Time since last: 3000305365 ns, Reaching safepoint: 76045 ns, At safepoint: 11411 ns, Total: 87456 ns
[2024-02-19T22:34:49.101+0000][7][safepoint   ] Safepoint "Cleanup", Time since last: 6000550708 ns, Reaching safepoint: 53417 ns, At safepoint: 5082 ns, Total: 58499 ns
[2024-02-19T22:34:52.321+0000][7][gc,start    ] GC(78) Pause Young (Normal) (G1 Evacuation Pause)
[2024-02-19T22:34:52.321+0000][7][gc,task     ] GC(78) Using 8 workers of 8 for evacuation
[2024-02-19T22:34:52.321+0000][7][gc,age      ] GC(78) Desired survivor size 41943040 bytes, new threshold 15 (max threshold 15)
[2024-02-19T22:34:52.324+0000][7][gc,phases   ] GC(78)   Pre Evacuate Collection Set: 0.1ms
[2024-02-19T22:34:52.324+0000][7][gc,phases   ] GC(78)   Merge Heap Roots: 0.1ms
[2024-02-19T22:34:52.324+0000][7][gc,phases   ] GC(78)   Evacuate Collection Set: 1.6ms
[2024-02-19T22:34:52.324+0000][7][gc,phases   ] GC(78)   Post Evacuate Collection Set: 0.7ms
[2024-02-19T22:34:52.324+0000][7][gc,phases   ] GC(78)   Other: 0.1ms
[2024-02-19T22:34:52.324+0000][7][gc,age      ] GC(78) Age table with threshold 15 (max threshold 15)
[2024-02-19T22:34:52.324+0000][7][gc,age      ] GC(78) - age   1:     731168 bytes,     731168 total
[2024-02-19T22:34:52.324+0000][7][gc,age      ] GC(78) - age   2:      10320 bytes,     741488 total
[2024-02-19T22:34:52.324+0000][7][gc,age      ] GC(78) - age   3:     116008 bytes,     857496 total
[2024-02-19T22:34:52.324+0000][7][gc,age      ] GC(78) - age   4:     156504 bytes,    1014000 total
[2024-02-19T22:34:52.324+0000][7][gc,age      ] GC(78) - age   5:       8784 bytes,    1022784 total
[2024-02-19T22:34:52.324+0000][7][gc,age      ] GC(78) - age   6:        576 bytes,    1023360 total
[2024-02-19T22:34:52.324+0000][7][gc,age      ] GC(78) - age   7:       8448 bytes,    1031808 total
[2024-02-19T22:34:52.324+0000][7][gc,age      ] GC(78) - age   8:       1152 bytes,    1032960 total
[2024-02-19T22:34:52.324+0000][7][gc,age      ] GC(78) - age   9:        112 bytes,    1033072 total
[2024-02-19T22:34:52.324+0000][7][gc,age      ] GC(78) - age  10:        344 bytes,    1033416 total
[2024-02-19T22:34:52.324+0000][7][gc,age      ] GC(78) - age  11:        256 bytes,    1033672 total
[2024-02-19T22:34:52.324+0000][7][gc,age      ] GC(78) - age  12:        160 bytes,    1033832 total
[2024-02-19T22:34:52.324+0000][7][gc,age      ] GC(78) - age  13:        424 bytes,    1034256 total
[2024-02-19T22:34:52.324+0000][7][gc,age      ] GC(78) - age  14:       1680 bytes,    1035936 total
[2024-02-19T22:34:52.324+0000][7][gc,age      ] GC(78) - age  15:       1080 bytes,    1037016 total
[2024-02-19T22:34:52.324+0000][7][gc,heap     ] GC(78) Eden regions: 152->0(152)
[2024-02-19T22:34:52.324+0000][7][gc,heap     ] GC(78) Survivor regions: 1->1(20)
[2024-02-19T22:34:52.324+0000][7][gc,heap     ] GC(78) Old regions: 22->22
[2024-02-19T22:34:52.324+0000][7][gc,heap     ] GC(78) Archive regions: 2->2
[2024-02-19T22:34:52.324+0000][7][gc,heap     ] GC(78) Humongous regions: 0->0
[2024-02-19T22:34:52.324+0000][7][gc,metaspace] GC(78) Metaspace: 127055K(130688K)->127055K(130688K) NonClass: 110460K(112320K)->110460K(112320K) Class: 16595K(18368K)->16595K(18368K)
[2024-02-19T22:34:52.324+0000][7][gc          ] GC(78) Pause Young (Normal) (G1 Evacuation Pause) 701M->92M(1024M) 2.908ms
[2024-02-19T22:34:52.324+0000][7][gc,cpu      ] GC(78) User=0.01s Sys=0.00s Real=0.00s
[2024-02-19T22:34:52.324+0000][7][safepoint   ] Safepoint "G1CollectForAllocation", Time since last: 3219515491 ns, Reaching safepoint: 79650 ns, At safepoint: 3000410 ns, Total: 3080060 ns
[2024-02-19T22:35:55.331+0000][7][safepoint   ] Safepoint "Cleanup", Time since last: 63006475803 ns, Reaching safepoint: 88267 ns, At safepoint: 13754 ns, Total: 102021 ns
[2024-02-19T22:36:19.334+0000][7][safepoint   ] Safepoint "Cleanup", Time since last: 24003124200 ns, Reaching safepoint: 78449 ns, At safepoint: 35872 ns, Total: 114321 ns
[2024-02-19T22:37:11.339+0000][7][safepoint   ] Safepoint "Cleanup", Time since last: 52005369473 ns, Reaching safepoint: 84766 ns, At safepoint: 6035 ns, Total: 90801 ns
[2024-02-19T22:37:31.342+0000][7][safepoint   ] Safepoint "Cleanup", Time since last: 20002190328 ns, Reaching safepoint: 71410 ns, At safepoint: 34348 ns, Total: 105758 ns
[2024-02-19T22:37:40.042+0000][7][gc,start    ] GC(79) Pause Young (Normal) (G1 Evacuation Pause)
[2024-02-19T22:37:40.042+0000][7][gc,task     ] GC(79) Using 8 workers of 8 for evacuation
[2024-02-19T22:37:40.042+0000][7][gc,age      ] GC(79) Desired survivor size 41943040 bytes, new threshold 15 (max threshold 15)
[2024-02-19T22:37:40.045+0000][7][gc,phases   ] GC(79)   Pre Evacuate Collection Set: 0.1ms
[2024-02-19T22:37:40.045+0000][7][gc,phases   ] GC(79)   Merge Heap Roots: 0.1ms
[2024-02-19T22:37:40.045+0000][7][gc,phases   ] GC(79)   Evacuate Collection Set: 1.9ms
[2024-02-19T22:37:40.045+0000][7][gc,phases   ] GC(79)   Post Evacuate Collection Set: 0.8ms
[2024-02-19T22:37:40.045+0000][7][gc,phases   ] GC(79)   Other: 0.1ms
[2024-02-19T22:37:40.045+0000][7][gc,age      ] GC(79) Age table with threshold 15 (max threshold 15)
[2024-02-19T22:37:40.045+0000][7][gc,age      ] GC(79) - age   1:    1065016 bytes,    1065016 total
[2024-02-19T22:37:40.045+0000][7][gc,age      ] GC(79) - age   2:     114568 bytes,    1179584 total
[2024-02-19T22:37:40.045+0000][7][gc,age      ] GC(79) - age   3:       8264 bytes,    1187848 total
[2024-02-19T22:37:40.045+0000][7][gc,age      ] GC(79) - age   4:     112232 bytes,    1300080 total
[2024-02-19T22:37:40.045+0000][7][gc,age      ] GC(79) - age   5:     156440 bytes,    1456520 total
[2024-02-19T22:37:40.045+0000][7][gc,age      ] GC(79) - age   6:       8784 bytes,    1465304 total
[2024-02-19T22:37:40.045+0000][7][gc,age      ] GC(79) - age   7:        576 bytes,    1465880 total
[2024-02-19T22:37:40.045+0000][7][gc,age      ] GC(79) - age   8:       8448 bytes,    1474328 total
[2024-02-19T22:37:40.045+0000][7][gc,age      ] GC(79) - age   9:        768 bytes,    1475096 total
[2024-02-19T22:37:40.045+0000][7][gc,age      ] GC(79) - age  10:        112 bytes,    1475208 total
[2024-02-19T22:37:40.045+0000][7][gc,age      ] GC(79) - age  11:        344 bytes,    1475552 total
[2024-02-19T22:37:40.045+0000][7][gc,age      ] GC(79) - age  12:        256 bytes,    1475808 total
[2024-02-19T22:37:40.045+0000][7][gc,age      ] GC(79) - age  13:        160 bytes,    1475968 total
[2024-02-19T22:37:40.045+0000][7][gc,age      ] GC(79) - age  14:        424 bytes,    1476392 total
[2024-02-19T22:37:40.045+0000][7][gc,age      ] GC(79) - age  15:       1496 bytes,    1477888 total
[2024-02-19T22:37:40.045+0000][7][gc,heap     ] GC(79) Eden regions: 152->0(152)
[2024-02-19T22:37:40.045+0000][7][gc,heap     ] GC(79) Survivor regions: 1->1(20)
[2024-02-19T22:37:40.045+0000][7][gc,heap     ] GC(79) Old regions: 22->22
[2024-02-19T22:37:40.045+0000][7][gc,heap     ] GC(79) Archive regions: 2->2
[2024-02-19T22:37:40.045+0000][7][gc,heap     ] GC(79) Humongous regions: 0->0
[2024-02-19T22:37:40.045+0000][7][gc,metaspace] GC(79) Metaspace: 127067K(130688K)->127067K(130688K) NonClass: 110472K(112320K)->110472K(112320K) Class: 16595K(18368K)->16595K(18368K)
[2024-02-19T22:37:40.045+0000][7][gc          ] GC(79) Pause Young (Normal) (G1 Evacuation Pause) 700M->93M(1024M) 3.478ms
[2024-02-19T22:37:40.045+0000][7][gc,cpu      ] GC(79) User=0.01s Sys=0.01s Real=0.00s
[2024-02-19T22:37:40.045+0000][7][safepoint   ] Safepoint "G1CollectForAllocation", Time since last: 8699904404 ns, Reaching safepoint: 78732 ns, At safepoint: 3580691 ns, Total: 3659423 ns
[2024-02-19T22:38:04.048+0000][7][safepoint   ] Safepoint "Cleanup", Time since last: 24002624992 ns, Reaching safepoint: 125285 ns, At safepoint: 9675 ns, Total: 134960 ns
[2024-02-19T22:38:34.051+0000][7][safepoint   ] Safepoint "Cleanup", Time since last: 30002595084 ns, Reaching safepoint: 72022 ns, At safepoint: 9307 ns, Total: 81329 ns
[2024-02-19T22:38:46.052+0000][7][safepoint   ] Safepoint "Cleanup", Time since last: 12001294050 ns, Reaching safepoint: 91423 ns, At safepoint: 11219 ns, Total: 102642 ns
[2024-02-19T22:39:46.057+0000][7][safepoint   ] Safepoint "Cleanup", Time since last: 60005361586 ns, Reaching safepoint: 82665 ns, At safepoint: 18554 ns, Total: 101219 ns
[2024-02-19T22:40:25.064+0000][7][gc,start    ] GC(80) Pause Young (Normal) (G1 Evacuation Pause)
[2024-02-19T22:40:25.064+0000][7][gc,task     ] GC(80) Using 8 workers of 8 for evacuation
[2024-02-19T22:40:25.064+0000][7][gc,age      ] GC(80) Desired survivor size 41943040 bytes, new threshold 15 (max threshold 15)
[2024-02-19T22:40:25.066+0000][7][gc,phases   ] GC(80)   Pre Evacuate Collection Set: 0.1ms
[2024-02-19T22:40:25.066+0000][7][gc,phases   ] GC(80)   Merge Heap Roots: 0.1ms
[2024-02-19T22:40:25.066+0000][7][gc,phases   ] GC(80)   Evacuate Collection Set: 1.6ms
[2024-02-19T22:40:25.066+0000][7][gc,phases   ] GC(80)   Post Evacuate Collection Set: 0.7ms
[2024-02-19T22:40:25.066+0000][7][gc,phases   ] GC(80)   Other: 0.1ms
[2024-02-19T22:40:25.066+0000][7][gc,age      ] GC(80) Age table with threshold 15 (max threshold 15)
[2024-02-19T22:40:25.066+0000][7][gc,age      ] GC(80) - age   1:    1774032 bytes,    1774032 total
[2024-02-19T22:40:25.067+0000][7][gc,age      ] GC(80) - age   2:      28680 bytes,    1802712 total
[2024-02-19T22:40:25.067+0000][7][gc,age      ] GC(80) - age   3:     113376 bytes,    1916088 total
[2024-02-19T22:40:25.067+0000][7][gc,age      ] GC(80) - age   4:       8264 bytes,    1924352 total
[2024-02-19T22:40:25.067+0000][7][gc,age      ] GC(80) - age   5:     104216 bytes,    2028568 total
[2024-02-19T22:40:25.067+0000][7][gc,age      ] GC(80) - age   6:     156440 bytes,    2185008 total
[2024-02-19T22:40:25.067+0000][7][gc,age      ] GC(80) - age   7:       8784 bytes,    2193792 total
[2024-02-19T22:40:25.067+0000][7][gc,age      ] GC(80) - age   8:        576 bytes,    2194368 total
[2024-02-19T22:40:25.067+0000][7][gc,age      ] GC(80) - age   9:       8448 bytes,    2202816 total
[2024-02-19T22:40:25.067+0000][7][gc,age      ] GC(80) - age  10:        768 bytes,    2203584 total
[2024-02-19T22:40:25.067+0000][7][gc,age      ] GC(80) - age  11:        112 bytes,    2203696 total
[2024-02-19T22:40:25.067+0000][7][gc,age      ] GC(80) - age  12:        344 bytes,    2204040 total
[2024-02-19T22:40:25.067+0000][7][gc,age      ] GC(80) - age  13:        256 bytes,    2204296 total
[2024-02-19T22:40:25.067+0000][7][gc,age      ] GC(80) - age  14:        160 bytes,    2204456 total
[2024-02-19T22:40:25.067+0000][7][gc,age      ] GC(80) - age  15:        424 bytes,    2204880 total
[2024-02-19T22:40:25.067+0000][7][gc,heap     ] GC(80) Eden regions: 152->0(152)
[2024-02-19T22:40:25.067+0000][7][gc,heap     ] GC(80) Survivor regions: 1->1(20)
[2024-02-19T22:40:25.067+0000][7][gc,heap     ] GC(80) Old regions: 22->22
[2024-02-19T22:40:25.067+0000][7][gc,heap     ] GC(80) Archive regions: 2->2
[2024-02-19T22:40:25.067+0000][7][gc,heap     ] GC(80) Humongous regions: 0->0
[2024-02-19T22:40:25.067+0000][7][gc,metaspace] GC(80) Metaspace: 127098K(130752K)->127098K(130752K) NonClass: 110502K(112384K)->110502K(112384K) Class: 16595K(18368K)->16595K(18368K)
[2024-02-19T22:40:25.067+0000][7][gc          ] GC(80) Pause Young (Normal) (G1 Evacuation Pause) 701M->93M(1024M) 2.953ms
[2024-02-19T22:40:25.067+0000][7][gc,cpu      ] GC(80) User=0.01s Sys=0.00s Real=0.00s
[2024-02-19T22:40:25.067+0000][7][safepoint   ] Safepoint "G1CollectForAllocation", Time since last: 39006221807 ns, Reaching safepoint: 46466 ns, At safepoint: 3045515 ns, Total: 3091981 ns
[2024-02-19T22:41:46.075+0000][7][safepoint   ] Safepoint "Cleanup", Time since last: 81008520598 ns, Reaching safepoint: 76627 ns, At safepoint: 8555 ns, Total: 85182 ns
[2024-02-19T22:41:47.076+0000][7][safepoint   ] Safepoint "Cleanup", Time since last: 1000170519 ns, Reaching safepoint: 61892 ns, At safepoint: 7193 ns, Total: 69085 ns
[2024-02-19T22:41:51.076+0000][7][safepoint   ] Safepoint "Cleanup", Time since last: 4000619798 ns, Reaching safepoint: 103347 ns, At safepoint: 10501 ns, Total: 113848 ns
[2024-02-19T22:43:01.161+0000][7][gc,start    ] GC(81) Pause Young (Normal) (G1 Evacuation Pause)
[2024-02-19T22:43:01.161+0000][7][gc,task     ] GC(81) Using 8 workers of 8 for evacuation
[2024-02-19T22:43:01.161+0000][7][gc,age      ] GC(81) Desired survivor size 41943040 bytes, new threshold 15 (max threshold 15)
[2024-02-19T22:43:01.163+0000][7][gc,phases   ] GC(81)   Pre Evacuate Collection Set: 0.1ms
[2024-02-19T22:43:01.163+0000][7][gc,phases   ] GC(81)   Merge Heap Roots: 0.1ms
[2024-02-19T22:43:01.163+0000][7][gc,phases   ] GC(81)   Evacuate Collection Set: 1.4ms
[2024-02-19T22:43:01.163+0000][7][gc,phases   ] GC(81)   Post Evacuate Collection Set: 0.8ms
[2024-02-19T22:43:01.163+0000][7][gc,phases   ] GC(81)   Other: 0.1ms
[2024-02-19T22:43:01.163+0000][7][gc,age      ] GC(81) Age table with threshold 15 (max threshold 15)
[2024-02-19T22:43:01.163+0000][7][gc,age      ] GC(81) - age   1:     764160 bytes,     764160 total
[2024-02-19T22:43:01.163+0000][7][gc,age      ] GC(81) - age   2:      12728 bytes,     776888 total
[2024-02-19T22:43:01.163+0000][7][gc,age      ] GC(81) - age   3:      27120 bytes,     804008 total
[2024-02-19T22:43:01.164+0000][7][gc,age      ] GC(81) - age   4:     112952 bytes,     916960 total
[2024-02-19T22:43:01.164+0000][7][gc,age      ] GC(81) - age   5:       8200 bytes,     925160 total
[2024-02-19T22:43:01.164+0000][7][gc,age      ] GC(81) - age   6:     103824 bytes,    1028984 total
[2024-02-19T22:43:01.164+0000][7][gc,age      ] GC(81) - age   7:     156440 bytes,    1185424 total
[2024-02-19T22:43:01.164+0000][7][gc,age      ] GC(81) - age   8:       8784 bytes,    1194208 total
[2024-02-19T22:43:01.164+0000][7][gc,age      ] GC(81) - age   9:        576 bytes,    1194784 total
[2024-02-19T22:43:01.164+0000][7][gc,age      ] GC(81) - age  10:       8448 bytes,    1203232 total
[2024-02-19T22:43:01.164+0000][7][gc,age      ] GC(81) - age  11:        768 bytes,    1204000 total
[2024-02-19T22:43:01.164+0000][7][gc,age      ] GC(81) - age  12:        112 bytes,    1204112 total
[2024-02-19T22:43:01.164+0000][7][gc,age      ] GC(81) - age  13:        344 bytes,    1204456 total
[2024-02-19T22:43:01.164+0000][7][gc,age      ] GC(81) - age  14:        256 bytes,    1204712 total
[2024-02-19T22:43:01.164+0000][7][gc,age      ] GC(81) - age  15:        160 bytes,    1204872 total
[2024-02-19T22:43:01.164+0000][7][gc,heap     ] GC(81) Eden regions: 152->0(152)
[2024-02-19T22:43:01.164+0000][7][gc,heap     ] GC(81) Survivor regions: 1->1(20)
[2024-02-19T22:43:01.164+0000][7][gc,heap     ] GC(81) Old regions: 22->22
[2024-02-19T22:43:01.164+0000][7][gc,heap     ] GC(81) Archive regions: 2->2
[2024-02-19T22:43:01.164+0000][7][gc,heap     ] GC(81) Humongous regions: 0->0
[2024-02-19T22:43:01.164+0000][7][gc,metaspace] GC(81) Metaspace: 127099K(130752K)->127099K(130752K) NonClass: 110503K(112384K)->110503K(112384K) Class: 16595K(18368K)->16595K(18368K)
[2024-02-19T22:43:01.164+0000][7][gc          ] GC(81) Pause Young (Normal) (G1 Evacuation Pause) 701M->92M(1024M) 2.888ms
[2024-02-19T22:43:01.164+0000][7][gc,cpu      ] GC(81) User=0.01s Sys=0.00s Real=0.00s
[2024-02-19T22:43:01.164+0000][7][safepoint   ] Safepoint "G1CollectForAllocation", Time since last: 70084334925 ns, Reaching safepoint: 102247 ns, At safepoint: 2986767 ns, Total: 3089014 ns
[2024-02-19T22:44:45.174+0000][7][safepoint   ] Safepoint "Cleanup", Time since last: 104010015910 ns, Reaching safepoint: 63528 ns, At safepoint: 5656 ns, Total: 69184 ns
[2024-02-19T22:45:43.180+0000][7][safepoint   ] Safepoint "Cleanup", Time since last: 58006419414 ns, Reaching safepoint: 75077 ns, At safepoint: 9425 ns, Total: 84502 ns
[2024-02-19T22:45:49.085+0000][7][gc,start    ] GC(82) Pause Young (Normal) (G1 Evacuation Pause)
[2024-02-19T22:45:49.085+0000][7][gc,task     ] GC(82) Using 8 workers of 8 for evacuation
[2024-02-19T22:45:49.085+0000][7][gc,age      ] GC(82) Desired survivor size 41943040 bytes, new threshold 15 (max threshold 15)
[2024-02-19T22:45:49.087+0000][7][gc,phases   ] GC(82)   Pre Evacuate Collection Set: 0.1ms
[2024-02-19T22:45:49.087+0000][7][gc,phases   ] GC(82)   Merge Heap Roots: 0.1ms
[2024-02-19T22:45:49.088+0000][7][gc,phases   ] GC(82)   Evacuate Collection Set: 1.5ms
[2024-02-19T22:45:49.088+0000][7][gc,phases   ] GC(82)   Post Evacuate Collection Set: 0.8ms
[2024-02-19T22:45:49.088+0000][7][gc,phases   ] GC(82)   Other: 0.1ms
[2024-02-19T22:45:49.088+0000][7][gc,age      ] GC(82) Age table with threshold 15 (max threshold 15)
[2024-02-19T22:45:49.088+0000][7][gc,age      ] GC(82) - age   1:    1203136 bytes,    1203136 total
[2024-02-19T22:45:49.088+0000][7][gc,age      ] GC(82) - age   2:       2928 bytes,    1206064 total
[2024-02-19T22:45:49.088+0000][7][gc,age      ] GC(82) - age   3:       2664 bytes,    1208728 total
[2024-02-19T22:45:49.088+0000][7][gc,age      ] GC(82) - age   4:      26504 bytes,    1235232 total
[2024-02-19T22:45:49.088+0000][7][gc,age      ] GC(82) - age   5:     112208 bytes,    1347440 total
[2024-02-19T22:45:49.088+0000][7][gc,age      ] GC(82) - age   6:       8200 bytes,    1355640 total
[2024-02-19T22:45:49.088+0000][7][gc,age      ] GC(82) - age   7:     103824 bytes,    1459464 total
[2024-02-19T22:45:49.088+0000][7][gc,age      ] GC(82) - age   8:     156440 bytes,    1615904 total
[2024-02-19T22:45:49.088+0000][7][gc,age      ] GC(82) - age   9:       8600 bytes,    1624504 total
[2024-02-19T22:45:49.088+0000][7][gc,age      ] GC(82) - age  10:        576 bytes,    1625080 total
[2024-02-19T22:45:49.088+0000][7][gc,age      ] GC(82) - age  11:       8448 bytes,    1633528 total
[2024-02-19T22:45:49.088+0000][7][gc,age      ] GC(82) - age  12:        768 bytes,    1634296 total
[2024-02-19T22:45:49.088+0000][7][gc,age      ] GC(82) - age  13:        112 bytes,    1634408 total
[2024-02-19T22:45:49.088+0000][7][gc,age      ] GC(82) - age  14:        344 bytes,    1634752 total
[2024-02-19T22:45:49.088+0000][7][gc,age      ] GC(82) - age  15:        256 bytes,    1635008 total
[2024-02-19T22:45:49.088+0000][7][gc,heap     ] GC(82) Eden regions: 152->0(152)
[2024-02-19T22:45:49.088+0000][7][gc,heap     ] GC(82) Survivor regions: 1->1(20)
[2024-02-19T22:45:49.088+0000][7][gc,heap     ] GC(82) Old regions: 22->22
[2024-02-19T22:45:49.088+0000][7][gc,heap     ] GC(82) Archive regions: 2->2
[2024-02-19T22:45:49.088+0000][7][gc,heap     ] GC(82) Humongous regions: 0->0
[2024-02-19T22:45:49.088+0000][7][gc,metaspace] GC(82) Metaspace: 127103K(130752K)->127103K(130752K) NonClass: 110507K(112384K)->110507K(112384K) Class: 16595K(18368K)->16595K(18368K)
[2024-02-19T22:45:49.088+0000][7][gc          ] GC(82) Pause Young (Normal) (G1 Evacuation Pause) 700M->93M(1024M) 2.993ms
[2024-02-19T22:45:49.088+0000][7][gc,cpu      ] GC(82) User=0.01s Sys=0.00s Real=0.00s
[2024-02-19T22:45:49.088+0000][7][safepoint   ] Safepoint "G1CollectForAllocation", Time since last: 5904292300 ns, Reaching safepoint: 67362 ns, At safepoint: 3150957 ns, Total: 3218319 ns
[2024-02-19T22:46:05.089+0000][7][safepoint   ] Safepoint "Cleanup", Time since last: 16001514842 ns, Reaching safepoint: 58014 ns, At safepoint: 7384 ns, Total: 65398 ns
[2024-02-19T22:46:46.094+0000][7][safepoint   ] Safepoint "Cleanup", Time since last: 41004142492 ns, Reaching safepoint: 84126 ns, At safepoint: 12693 ns, Total: 96819 ns
[2024-02-19T22:47:46.099+0000][7][safepoint   ] Safepoint "Cleanup", Time since last: 60005676354 ns, Reaching safepoint: 141989 ns, At safepoint: 7266 ns, Total: 149255 ns
[2024-02-19T22:48:25.163+0000][7][gc,start    ] GC(83) Pause Young (Normal) (G1 Evacuation Pause)
[2024-02-19T22:48:25.164+0000][7][gc,task     ] GC(83) Using 8 workers of 8 for evacuation
[2024-02-19T22:48:25.164+0000][7][gc,age      ] GC(83) Desired survivor size 41943040 bytes, new threshold 15 (max threshold 15)
[2024-02-19T22:48:25.166+0000][7][gc,phases   ] GC(83)   Pre Evacuate Collection Set: 0.1ms
[2024-02-19T22:48:25.166+0000][7][gc,phases   ] GC(83)   Merge Heap Roots: 0.1ms
[2024-02-19T22:48:25.166+0000][7][gc,phases   ] GC(83)   Evacuate Collection Set: 1.5ms
[2024-02-19T22:48:25.166+0000][7][gc,phases   ] GC(83)   Post Evacuate Collection Set: 0.7ms
[2024-02-19T22:48:25.166+0000][7][gc,phases   ] GC(83)   Other: 0.1ms
[2024-02-19T22:48:25.166+0000][7][gc,age      ] GC(83) Age table with threshold 15 (max threshold 15)
[2024-02-19T22:48:25.166+0000][7][gc,age      ] GC(83) - age   1:    1750336 bytes,    1750336 total
[2024-02-19T22:48:25.166+0000][7][gc,age      ] GC(83) - age   2:      11080 bytes,    1761416 total
[2024-02-19T22:48:25.166+0000][7][gc,age      ] GC(83) - age   3:        960 bytes,    1762376 total
[2024-02-19T22:48:25.166+0000][7][gc,age      ] GC(83) - age   4:       1968 bytes,    1764344 total
[2024-02-19T22:48:25.166+0000][7][gc,age      ] GC(83) - age   5:      22984 bytes,    1787328 total
[2024-02-19T22:48:25.166+0000][7][gc,age      ] GC(83) - age   6:     112048 bytes,    1899376 total
[2024-02-19T22:48:25.166+0000][7][gc,age      ] GC(83) - age   7:        184 bytes,    1899560 total
[2024-02-19T22:48:25.166+0000][7][gc,age      ] GC(83) - age   8:     103824 bytes,    2003384 total
[2024-02-19T22:48:25.166+0000][7][gc,age      ] GC(83) - age   9:     156440 bytes,    2159824 total
[2024-02-19T22:48:25.166+0000][7][gc,age      ] GC(83) - age  10:       8600 bytes,    2168424 total
[2024-02-19T22:48:25.166+0000][7][gc,age      ] GC(83) - age  11:        576 bytes,    2169000 total
[2024-02-19T22:48:25.166+0000][7][gc,age      ] GC(83) - age  12:       8448 bytes,    2177448 total
[2024-02-19T22:48:25.166+0000][7][gc,age      ] GC(83) - age  13:        768 bytes,    2178216 total
[2024-02-19T22:48:25.166+0000][7][gc,age      ] GC(83) - age  14:        112 bytes,    2178328 total
[2024-02-19T22:48:25.166+0000][7][gc,age      ] GC(83) - age  15:        344 bytes,    2178672 total
[2024-02-19T22:48:25.166+0000][7][gc,heap     ] GC(83) Eden regions: 152->0(152)
[2024-02-19T22:48:25.166+0000][7][gc,heap     ] GC(83) Survivor regions: 1->1(20)
[2024-02-19T22:48:25.166+0000][7][gc,heap     ] GC(83) Old regions: 22->22
[2024-02-19T22:48:25.166+0000][7][gc,heap     ] GC(83) Archive regions: 2->2
[2024-02-19T22:48:25.166+0000][7][gc,heap     ] GC(83) Humongous regions: 0->0
[2024-02-19T22:48:25.166+0000][7][gc,metaspace] GC(83) Metaspace: 127104K(130752K)->127104K(130752K) NonClass: 110508K(112384K)->110508K(112384K) Class: 16595K(18368K)->16595K(18368K)
[2024-02-19T22:48:25.166+0000][7][gc          ] GC(83) Pause Young (Normal) (G1 Evacuation Pause) 701M->93M(1024M) 2.733ms
[2024-02-19T22:48:25.166+0000][7][gc,cpu      ] GC(83) User=0.02s Sys=0.00s Real=0.00s
[2024-02-19T22:48:25.166+0000][7][safepoint   ] Safepoint "G1CollectForAllocation", Time since last: 39063920892 ns, Reaching safepoint: 49270 ns, At safepoint: 2812725 ns, Total: 2861995 ns
[2024-02-19T22:50:16.178+0000][7][safepoint   ] Safepoint "Cleanup", Time since last: 111011182131 ns, Reaching safepoint: 87415 ns, At safepoint: 19481 ns, Total: 106896 ns
[2024-02-19T22:50:59.139+0000][7][safepoint   ] Safepoint "Cleanup", Time since last: 42961454927 ns, Reaching safepoint: 212341 ns, At safepoint: 7589 ns, Total: 219930 ns
[2024-02-19T22:51:10.108+0000][7][gc,start    ] GC(84) Pause Young (Normal) (G1 Evacuation Pause)
[2024-02-19T22:51:10.108+0000][7][gc,task     ] GC(84) Using 8 workers of 8 for evacuation
[2024-02-19T22:51:10.108+0000][7][gc,age      ] GC(84) Desired survivor size 41943040 bytes, new threshold 15 (max threshold 15)
[2024-02-19T22:51:10.111+0000][7][gc,phases   ] GC(84)   Pre Evacuate Collection Set: 0.1ms
[2024-02-19T22:51:10.111+0000][7][gc,phases   ] GC(84)   Merge Heap Roots: 0.1ms
[2024-02-19T22:51:10.111+0000][7][gc,phases   ] GC(84)   Evacuate Collection Set: 1.5ms
[2024-02-19T22:51:10.111+0000][7][gc,phases   ] GC(84)   Post Evacuate Collection Set: 0.8ms
[2024-02-19T22:51:10.111+0000][7][gc,phases   ] GC(84)   Other: 0.1ms
[2024-02-19T22:51:10.111+0000][7][gc,age      ] GC(84) Age table with threshold 15 (max threshold 15)
[2024-02-19T22:51:10.111+0000][7][gc,age      ] GC(84) - age   1:     883424 bytes,     883424 total
[2024-02-19T22:51:10.111+0000][7][gc,age      ] GC(84) - age   2:      14512 bytes,     897936 total
[2024-02-19T22:51:10.111+0000][7][gc,age      ] GC(84) - age   3:       9800 bytes,     907736 total
[2024-02-19T22:51:10.111+0000][7][gc,age      ] GC(84) - age   4:        896 bytes,     908632 total
[2024-02-19T22:51:10.111+0000][7][gc,age      ] GC(84) - age   5:       1224 bytes,     909856 total
[2024-02-19T22:51:10.111+0000][7][gc,age      ] GC(84) - age   6:      22984 bytes,     932840 total
[2024-02-19T22:51:10.111+0000][7][gc,age      ] GC(84) - age   7:     112048 bytes,    1044888 total
[2024-02-19T22:51:10.111+0000][7][gc,age      ] GC(84) - age   8:        184 bytes,    1045072 total
[2024-02-19T22:51:10.111+0000][7][gc,age      ] GC(84) - age   9:     103824 bytes,    1148896 total
[2024-02-19T22:51:10.111+0000][7][gc,age      ] GC(84) - age  10:     156440 bytes,    1305336 total
[2024-02-19T22:51:10.111+0000][7][gc,age      ] GC(84) - age  11:       8600 bytes,    1313936 total
[2024-02-19T22:51:10.111+0000][7][gc,age      ] GC(84) - age  12:        576 bytes,    1314512 total
[2024-02-19T22:51:10.111+0000][7][gc,age      ] GC(84) - age  13:       8448 bytes,    1322960 total
[2024-02-19T22:51:10.111+0000][7][gc,age      ] GC(84) - age  14:        768 bytes,    1323728 total
[2024-02-19T22:51:10.111+0000][7][gc,age      ] GC(84) - age  15:        112 bytes,    1323840 total
[2024-02-19T22:51:10.111+0000][7][gc,heap     ] GC(84) Eden regions: 152->0(152)
[2024-02-19T22:51:10.111+0000][7][gc,heap     ] GC(84) Survivor regions: 1->1(20)
[2024-02-19T22:51:10.111+0000][7][gc,heap     ] GC(84) Old regions: 22->22
[2024-02-19T22:51:10.111+0000][7][gc,heap     ] GC(84) Archive regions: 2->2
[2024-02-19T22:51:10.111+0000][7][gc,heap     ] GC(84) Humongous regions: 0->0
[2024-02-19T22:51:10.111+0000][7][gc,metaspace] GC(84) Metaspace: 127104K(130752K)->127104K(130752K) NonClass: 110509K(112384K)->110509K(112384K) Class: 16595K(18368K)->16595K(18368K)
[2024-02-19T22:51:10.111+0000][7][gc          ] GC(84) Pause Young (Normal) (G1 Evacuation Pause) 701M->92M(1024M) 2.907ms
[2024-02-19T22:51:10.111+0000][7][gc,cpu      ] GC(84) User=0.01s Sys=0.00s Real=0.00s
[2024-02-19T22:51:10.111+0000][7][safepoint   ] Safepoint "G1CollectForAllocation", Time since last: 10968910186 ns, Reaching safepoint: 53696 ns, At safepoint: 3000037 ns, Total: 3053733 ns
[2024-02-19T22:53:55.127+0000][7][gc,start    ] GC(85) Pause Young (Normal) (G1 Evacuation Pause)
[2024-02-19T22:53:55.127+0000][7][gc,task     ] GC(85) Using 8 workers of 8 for evacuation
[2024-02-19T22:53:55.127+0000][7][gc,age      ] GC(85) Desired survivor size 41943040 bytes, new threshold 15 (max threshold 15)
[2024-02-19T22:53:55.130+0000][7][gc,phases   ] GC(85)   Pre Evacuate Collection Set: 0.1ms
[2024-02-19T22:53:55.130+0000][7][gc,phases   ] GC(85)   Merge Heap Roots: 0.1ms
[2024-02-19T22:53:55.130+0000][7][gc,phases   ] GC(85)   Evacuate Collection Set: 1.6ms
[2024-02-19T22:53:55.130+0000][7][gc,phases   ] GC(85)   Post Evacuate Collection Set: 0.7ms
[2024-02-19T22:53:55.130+0000][7][gc,phases   ] GC(85)   Other: 0.1ms
[2024-02-19T22:53:55.130+0000][7][gc,age      ] GC(85) Age table with threshold 15 (max threshold 15)
[2024-02-19T22:53:55.130+0000][7][gc,age      ] GC(85) - age   1:    1374904 bytes,    1374904 total
[2024-02-19T22:53:55.130+0000][7][gc,age      ] GC(85) - age   2:       2320 bytes,    1377224 total
[2024-02-19T22:53:55.130+0000][7][gc,age      ] GC(85) - age   3:       4328 bytes,    1381552 total
[2024-02-19T22:53:55.130+0000][7][gc,age      ] GC(85) - age   4:       9248 bytes,    1390800 total
[2024-02-19T22:53:55.130+0000][7][gc,age      ] GC(85) - age   5:        768 bytes,    1391568 total
[2024-02-19T22:53:55.130+0000][7][gc,age      ] GC(85) - age   6:       1224 bytes,    1392792 total
[2024-02-19T22:53:55.130+0000][7][gc,age      ] GC(85) - age   7:      22984 bytes,    1415776 total
[2024-02-19T22:53:55.130+0000][7][gc,age      ] GC(85) - age   8:     112048 bytes,    1527824 total
[2024-02-19T22:53:55.130+0000][7][gc,age      ] GC(85) - age   9:        184 bytes,    1528008 total
[2024-02-19T22:53:55.130+0000][7][gc,age      ] GC(85) - age  10:     103824 bytes,    1631832 total
[2024-02-19T22:53:55.130+0000][7][gc,age      ] GC(85) - age  11:     156440 bytes,    1788272 total
[2024-02-19T22:53:55.130+0000][7][gc,age      ] GC(85) - age  12:       8416 bytes,    1796688 total
[2024-02-19T22:53:55.130+0000][7][gc,age      ] GC(85) - age  13:        576 bytes,    1797264 total
[2024-02-19T22:53:55.130+0000][7][gc,age      ] GC(85) - age  14:       8448 bytes,    1805712 total
[2024-02-19T22:53:55.130+0000][7][gc,age      ] GC(85) - age  15:        768 bytes,    1806480 total
[2024-02-19T22:53:55.130+0000][7][gc,heap     ] GC(85) Eden regions: 152->0(152)
[2024-02-19T22:53:55.130+0000][7][gc,heap     ] GC(85) Survivor regions: 1->1(20)
[2024-02-19T22:53:55.130+0000][7][gc,heap     ] GC(85) Old regions: 22->22
[2024-02-19T22:53:55.130+0000][7][gc,heap     ] GC(85) Archive regions: 2->2
[2024-02-19T22:53:55.130+0000][7][gc,heap     ] GC(85) Humongous regions: 0->0
[2024-02-19T22:53:55.130+0000][7][gc,metaspace] GC(85) Metaspace: 127117K(130752K)->127117K(130752K) NonClass: 110522K(112384K)->110522K(112384K) Class: 16595K(18368K)->16595K(18368K)
[2024-02-19T22:53:55.130+0000][7][gc          ] GC(85) Pause Young (Normal) (G1 Evacuation Pause) 700M->93M(1024M) 2.905ms
[2024-02-19T22:53:55.130+0000][7][gc,cpu      ] GC(85) User=0.02s Sys=0.00s Real=0.00s
[2024-02-19T22:53:55.130+0000][7][safepoint   ] Safepoint "G1CollectForAllocation", Time since last: 165016090775 ns, Reaching safepoint: 60732 ns, At safepoint: 2994960 ns, Total: 3055692 ns
[2024-02-19T22:55:46.147+0000][7][safepoint   ] Safepoint "Cleanup", Time since last: 111016531782 ns, Reaching safepoint: 103980 ns, At safepoint: 10277 ns, Total: 114257 ns
[2024-02-19T22:56:31.699+0000][7][gc,start    ] GC(86) Pause Young (Normal) (G1 Evacuation Pause)
[2024-02-19T22:56:31.699+0000][7][gc,task     ] GC(86) Using 8 workers of 8 for evacuation
[2024-02-19T22:56:31.699+0000][7][gc,age      ] GC(86) Desired survivor size 41943040 bytes, new threshold 15 (max threshold 15)
[2024-02-19T22:56:31.702+0000][7][gc,phases   ] GC(86)   Pre Evacuate Collection Set: 0.1ms
[2024-02-19T22:56:31.702+0000][7][gc,phases   ] GC(86)   Merge Heap Roots: 0.1ms
[2024-02-19T22:56:31.702+0000][7][gc,phases   ] GC(86)   Evacuate Collection Set: 2.0ms
[2024-02-19T22:56:31.702+0000][7][gc,phases   ] GC(86)   Post Evacuate Collection Set: 0.9ms
[2024-02-19T22:56:31.702+0000][7][gc,phases   ] GC(86)   Other: 0.1ms
[2024-02-19T22:56:31.702+0000][7][gc,age      ] GC(86) Age table with threshold 15 (max threshold 15)
[2024-02-19T22:56:31.702+0000][7][gc,age      ] GC(86) - age   1:    1518520 bytes,    1518520 total
[2024-02-19T22:56:31.702+0000][7][gc,age      ] GC(86) - age   2:       4080 bytes,    1522600 total
[2024-02-19T22:56:31.702+0000][7][gc,age      ] GC(86) - age   3:        416 bytes,    1523016 total
[2024-02-19T22:56:31.702+0000][7][gc,age      ] GC(86) - age   4:       3840 bytes,    1526856 total
[2024-02-19T22:56:31.702+0000][7][gc,age      ] GC(86) - age   5:       8376 bytes,    1535232 total
[2024-02-19T22:56:31.702+0000][7][gc,age      ] GC(86) - age   6:        768 bytes,    1536000 total
[2024-02-19T22:56:31.702+0000][7][gc,age      ] GC(86) - age   7:        968 bytes,    1536968 total
[2024-02-19T22:56:31.702+0000][7][gc,age      ] GC(86) - age   8:      22600 bytes,    1559568 total
[2024-02-19T22:56:31.702+0000][7][gc,age      ] GC(86) - age   9:     112016 bytes,    1671584 total
[2024-02-19T22:56:31.702+0000][7][gc,age      ] GC(86) - age  10:        184 bytes,    1671768 total
[2024-02-19T22:56:31.702+0000][7][gc,age      ] GC(86) - age  11:     103824 bytes,    1775592 total
[2024-02-19T22:56:31.702+0000][7][gc,age      ] GC(86) - age  12:     156440 bytes,    1932032 total
[2024-02-19T22:56:31.702+0000][7][gc,age      ] GC(86) - age  13:       8416 bytes,    1940448 total
[2024-02-19T22:56:31.702+0000][7][gc,age      ] GC(86) - age  14:        576 bytes,    1941024 total
[2024-02-19T22:56:31.702+0000][7][gc,age      ] GC(86) - age  15:       8448 bytes,    1949472 total
[2024-02-19T22:56:31.702+0000][7][gc,heap     ] GC(86) Eden regions: 152->0(152)
[2024-02-19T22:56:31.702+0000][7][gc,heap     ] GC(86) Survivor regions: 1->1(20)
[2024-02-19T22:56:31.702+0000][7][gc,heap     ] GC(86) Old regions: 22->22
[2024-02-19T22:56:31.702+0000][7][gc,heap     ] GC(86) Archive regions: 2->2
[2024-02-19T22:56:31.702+0000][7][gc,heap     ] GC(86) Humongous regions: 0->0
[2024-02-19T22:56:31.702+0000][7][gc,metaspace] GC(86) Metaspace: 127121K(130752K)->127121K(130752K) NonClass: 110525K(112384K)->110525K(112384K) Class: 16595K(18368K)->16595K(18368K)
[2024-02-19T22:56:31.702+0000][7][gc          ] GC(86) Pause Young (Normal) (G1 Evacuation Pause) 701M->93M(1024M) 3.599ms
[2024-02-19T22:56:31.702+0000][7][gc,cpu      ] GC(86) User=0.02s Sys=0.00s Real=0.01s
[2024-02-19T22:56:31.702+0000][7][safepoint   ] Safepoint "G1CollectForAllocation", Time since last: 45551756451 ns, Reaching safepoint: 60724 ns, At safepoint: 3702002 ns, Total: 3762726 ns
[2024-02-19T22:56:45.705+0000][7][safepoint   ] Safepoint "Cleanup", Time since last: 14002411781 ns, Reaching safepoint: 114362 ns, At safepoint: 13151 ns, Total: 127513 ns
[2024-02-19T22:57:37.714+0000][7][safepoint   ] Safepoint "Cleanup", Time since last: 52009115474 ns, Reaching safepoint: 116688 ns, At safepoint: 9227 ns, Total: 125915 ns
[2024-02-19T22:57:38.715+0000][7][safepoint   ] Safepoint "Cleanup", Time since last: 1000155012 ns, Reaching safepoint: 74323 ns, At safepoint: 9186 ns, Total: 83509 ns
[2024-02-19T22:58:04.719+0000][7][safepoint   ] Safepoint "Cleanup", Time since last: 26004576045 ns, Reaching safepoint: 76403 ns, At safepoint: 8626 ns, Total: 85029 ns
[2024-02-19T22:58:52.728+0000][7][safepoint   ] Safepoint "Cleanup", Time since last: 48008597210 ns, Reaching safepoint: 123399 ns, At safepoint: 13758 ns, Total: 137157 ns
[2024-02-19T22:58:59.729+0000][7][safepoint   ] Safepoint "Cleanup", Time since last: 7000909662 ns, Reaching safepoint: 77048 ns, At safepoint: 8148 ns, Total: 85196 ns
[2024-02-19T22:59:45.189+0000][7][gc,start    ] GC(87) Pause Young (Normal) (G1 Evacuation Pause)
[2024-02-19T22:59:45.189+0000][7][gc,task     ] GC(87) Using 8 workers of 8 for evacuation
[2024-02-19T22:59:45.189+0000][7][gc,age      ] GC(87) Desired survivor size 41943040 bytes, new threshold 15 (max threshold 15)
[2024-02-19T22:59:45.192+0000][7][gc,phases   ] GC(87)   Pre Evacuate Collection Set: 0.2ms
[2024-02-19T22:59:45.192+0000][7][gc,phases   ] GC(87)   Merge Heap Roots: 0.1ms
[2024-02-19T22:59:45.192+0000][7][gc,phases   ] GC(87)   Evacuate Collection Set: 1.9ms
[2024-02-19T22:59:45.192+0000][7][gc,phases   ] GC(87)   Post Evacuate Collection Set: 0.9ms
[2024-02-19T22:59:45.192+0000][7][gc,phases   ] GC(87)   Other: 0.1ms
[2024-02-19T22:59:45.192+0000][7][gc,age      ] GC(87) Age table with threshold 15 (max threshold 15)
[2024-02-19T22:59:45.192+0000][7][gc,age      ] GC(87) - age   1:    1303488 bytes,    1303488 total
[2024-02-19T22:59:45.192+0000][7][gc,age      ] GC(87) - age   2:      12464 bytes,    1315952 total
[2024-02-19T22:59:45.192+0000][7][gc,age      ] GC(87) - age   3:       1888 bytes,    1317840 total
[2024-02-19T22:59:45.192+0000][7][gc,age      ] GC(87) - age   4:        352 bytes,    1318192 total
[2024-02-19T22:59:45.192+0000][7][gc,age      ] GC(87) - age   5:        192 bytes,    1318384 total
[2024-02-19T22:59:45.192+0000][7][gc,age      ] GC(87) - age   6:        360 bytes,    1318744 total
[2024-02-19T22:59:45.192+0000][7][gc,age      ] GC(87) - age   7:        312 bytes,    1319056 total
[2024-02-19T22:59:45.192+0000][7][gc,age      ] GC(87) - age   8:        968 bytes,    1320024 total
[2024-02-19T22:59:45.192+0000][7][gc,age      ] GC(87) - age   9:      22600 bytes,    1342624 total
[2024-02-19T22:59:45.192+0000][7][gc,age      ] GC(87) - age  10:     112016 bytes,    1454640 total
[2024-02-19T22:59:45.192+0000][7][gc,age      ] GC(87) - age  11:        184 bytes,    1454824 total
[2024-02-19T22:59:45.192+0000][7][gc,age      ] GC(87) - age  12:     103824 bytes,    1558648 total
[2024-02-19T22:59:45.192+0000][7][gc,age      ] GC(87) - age  13:     156440 bytes,    1715088 total
[2024-02-19T22:59:45.192+0000][7][gc,age      ] GC(87) - age  14:       8416 bytes,    1723504 total
[2024-02-19T22:59:45.192+0000][7][gc,age      ] GC(87) - age  15:        576 bytes,    1724080 total
[2024-02-19T22:59:45.192+0000][7][gc,heap     ] GC(87) Eden regions: 152->0(152)
[2024-02-19T22:59:45.192+0000][7][gc,heap     ] GC(87) Survivor regions: 1->1(20)
[2024-02-19T22:59:45.192+0000][7][gc,heap     ] GC(87) Old regions: 22->22
[2024-02-19T22:59:45.192+0000][7][gc,heap     ] GC(87) Archive regions: 2->2
[2024-02-19T22:59:45.192+0000][7][gc,heap     ] GC(87) Humongous regions: 0->0
[2024-02-19T22:59:45.192+0000][7][gc,metaspace] GC(87) Metaspace: 127122K(130752K)->127122K(130752K) NonClass: 110526K(112384K)->110526K(112384K) Class: 16595K(18368K)->16595K(18368K)
[2024-02-19T22:59:45.192+0000][7][gc          ] GC(87) Pause Young (Normal) (G1 Evacuation Pause) 701M->93M(1024M) 3.648ms
[2024-02-19T22:59:45.192+0000][7][gc,cpu      ] GC(87) User=0.01s Sys=0.01s Real=0.01s
[2024-02-19T22:59:45.192+0000][7][safepoint   ] Safepoint "G1CollectForAllocation", Time since last: 45459586918 ns, Reaching safepoint: 99026 ns, At safepoint: 3753094 ns, Total: 3852120 ns
[2024-02-19T23:00:17.198+0000][7][safepoint   ] Safepoint "Cleanup", Time since last: 32005426319 ns, Reaching safepoint: 87534 ns, At safepoint: 12689 ns, Total: 100223 ns
[2024-02-19T23:00:18.198+0000][7][safepoint   ] Safepoint "Cleanup", Time since last: 1000296520 ns, Reaching safepoint: 88925 ns, At safepoint: 12701 ns, Total: 101626 ns
[2024-02-19T23:00:34.202+0000][7][safepoint   ] Safepoint "Cleanup", Time since last: 16003107899 ns, Reaching safepoint: 113552 ns, At safepoint: 11679 ns, Total: 125231 ns
[2024-02-19T23:03:04.145+0000][7][gc,start    ] GC(88) Pause Young (Normal) (G1 Evacuation Pause)
[2024-02-19T23:03:04.145+0000][7][gc,task     ] GC(88) Using 8 workers of 8 for evacuation
[2024-02-19T23:03:04.145+0000][7][gc,age      ] GC(88) Desired survivor size 41943040 bytes, new threshold 15 (max threshold 15)
[2024-02-19T23:03:04.148+0000][7][gc,phases   ] GC(88)   Pre Evacuate Collection Set: 0.1ms
[2024-02-19T23:03:04.148+0000][7][gc,phases   ] GC(88)   Merge Heap Roots: 0.1ms
[2024-02-19T23:03:04.148+0000][7][gc,phases   ] GC(88)   Evacuate Collection Set: 1.2ms
[2024-02-19T23:03:04.148+0000][7][gc,phases   ] GC(88)   Post Evacuate Collection Set: 0.7ms
[2024-02-19T23:03:04.148+0000][7][gc,phases   ] GC(88)   Other: 0.1ms
[2024-02-19T23:03:04.148+0000][7][gc,age      ] GC(88) Age table with threshold 15 (max threshold 15)
[2024-02-19T23:03:04.148+0000][7][gc,age      ] GC(88) - age   1:     685680 bytes,     685680 total
[2024-02-19T23:03:04.148+0000][7][gc,age      ] GC(88) - age   2:       6048 bytes,     691728 total
[2024-02-19T23:03:04.148+0000][7][gc,age      ] GC(88) - age   3:      10192 bytes,     701920 total
[2024-02-19T23:03:04.148+0000][7][gc,age      ] GC(88) - age   4:        904 bytes,     702824 total
[2024-02-19T23:03:04.148+0000][7][gc,age      ] GC(88) - age   5:        224 bytes,     703048 total
[2024-02-19T23:03:04.148+0000][7][gc,age      ] GC(88) - age   6:        128 bytes,     703176 total
[2024-02-19T23:03:04.148+0000][7][gc,age      ] GC(88) - age   7:        176 bytes,     703352 total
[2024-02-19T23:03:04.148+0000][7][gc,age      ] GC(88) - age   8:        312 bytes,     703664 total
[2024-02-19T23:03:04.148+0000][7][gc,age      ] GC(88) - age   9:        968 bytes,     704632 total
[2024-02-19T23:03:04.148+0000][7][gc,age      ] GC(88) - age  10:      22600 bytes,     727232 total
[2024-02-19T23:03:04.148+0000][7][gc,age      ] GC(88) - age  11:     112016 bytes,     839248 total
[2024-02-19T23:03:04.148+0000][7][gc,age      ] GC(88) - age  12:        184 bytes,     839432 total
[2024-02-19T23:03:04.148+0000][7][gc,age      ] GC(88) - age  13:     103824 bytes,     943256 total
[2024-02-19T23:03:04.148+0000][7][gc,age      ] GC(88) - age  14:     156336 bytes,    1099592 total
[2024-02-19T23:03:04.148+0000][7][gc,age      ] GC(88) - age  15:       8416 bytes,    1108008 total
[2024-02-19T23:03:04.148+0000][7][gc,heap     ] GC(88) Eden regions: 152->0(152)
[2024-02-19T23:03:04.148+0000][7][gc,heap     ] GC(88) Survivor regions: 1->1(20)
[2024-02-19T23:03:04.148+0000][7][gc,heap     ] GC(88) Old regions: 22->22
[2024-02-19T23:03:04.148+0000][7][gc,heap     ] GC(88) Archive regions: 2->2
[2024-02-19T23:03:04.148+0000][7][gc,heap     ] GC(88) Humongous regions: 0->0
[2024-02-19T23:03:04.148+0000][7][gc,metaspace] GC(88) Metaspace: 127129K(130752K)->127129K(130752K) NonClass: 110534K(112384K)->110534K(112384K) Class: 16595K(18368K)->16595K(18368K)
[2024-02-19T23:03:04.148+0000][7][gc          ] GC(88) Pause Young (Normal) (G1 Evacuation Pause) 701M->92M(1024M) 2.602ms
[2024-02-19T23:03:04.148+0000][7][gc,cpu      ] GC(88) User=0.01s Sys=0.00s Real=0.00s
[2024-02-19T23:03:04.148+0000][7][safepoint   ] Safepoint "G1CollectForAllocation", Time since last: 149943562671 ns, Reaching safepoint: 69727 ns, At safepoint: 2696345 ns, Total: 2766072 ns
[2024-02-19T23:03:54.156+0000][7][safepoint   ] Safepoint "Cleanup", Time since last: 50008456548 ns, Reaching safepoint: 92309 ns, At safepoint: 46052 ns, Total: 138361 ns
[2024-02-19T23:04:16.160+0000][7][safepoint   ] Safepoint "Cleanup", Time since last: 22003294453 ns, Reaching safepoint: 131238 ns, At safepoint: 30703 ns, Total: 161941 ns
[2024-02-19T23:04:46.165+0000][7][safepoint   ] Safepoint "Cleanup", Time since last: 30005135730 ns, Reaching safepoint: 101096 ns, At safepoint: 7079 ns, Total: 108175 ns
[2024-02-19T23:06:34.152+0000][7][gc,start    ] GC(89) Pause Young (Normal) (G1 Evacuation Pause)
[2024-02-19T23:06:34.152+0000][7][gc,task     ] GC(89) Using 8 workers of 8 for evacuation
[2024-02-19T23:06:34.153+0000][7][gc,age      ] GC(89) Desired survivor size 41943040 bytes, new threshold 15 (max threshold 15)
[2024-02-19T23:06:34.155+0000][7][gc,phases   ] GC(89)   Pre Evacuate Collection Set: 0.1ms
[2024-02-19T23:06:34.155+0000][7][gc,phases   ] GC(89)   Merge Heap Roots: 0.1ms
[2024-02-19T23:06:34.155+0000][7][gc,phases   ] GC(89)   Evacuate Collection Set: 1.2ms
[2024-02-19T23:06:34.155+0000][7][gc,phases   ] GC(89)   Post Evacuate Collection Set: 0.8ms
[2024-02-19T23:06:34.155+0000][7][gc,phases   ] GC(89)   Other: 0.1ms
[2024-02-19T23:06:34.155+0000][7][gc,age      ] GC(89) Age table with threshold 15 (max threshold 15)
[2024-02-19T23:06:34.155+0000][7][gc,age      ] GC(89) - age   1:     962752 bytes,     962752 total
[2024-02-19T23:06:34.155+0000][7][gc,age      ] GC(89) - age   2:       9896 bytes,     972648 total
[2024-02-19T23:06:34.155+0000][7][gc,age      ] GC(89) - age   3:       4584 bytes,     977232 total
[2024-02-19T23:06:34.155+0000][7][gc,age      ] GC(89) - age   4:       9416 bytes,     986648 total
[2024-02-19T23:06:34.155+0000][7][gc,age      ] GC(89) - age   5:        352 bytes,     987000 total
[2024-02-19T23:06:34.155+0000][7][gc,age      ] GC(89) - age   6:        160 bytes,     987160 total
[2024-02-19T23:06:34.155+0000][7][gc,age      ] GC(89) - age   8:         80 bytes,     987240 total
[2024-02-19T23:06:34.155+0000][7][gc,age      ] GC(89) - age   9:        312 bytes,     987552 total
[2024-02-19T23:06:34.155+0000][7][gc,age      ] GC(89) - age  10:        840 bytes,     988392 total
[2024-02-19T23:06:34.155+0000][7][gc,age      ] GC(89) - age  11:      22600 bytes,    1010992 total
[2024-02-19T23:06:34.155+0000][7][gc,age      ] GC(89) - age  12:     112016 bytes,    1123008 total
[2024-02-19T23:06:34.155+0000][7][gc,age      ] GC(89) - age  14:     103824 bytes,    1226832 total
[2024-02-19T23:06:34.155+0000][7][gc,age      ] GC(89) - age  15:     156336 bytes,    1383168 total
[2024-02-19T23:06:34.155+0000][7][gc,heap     ] GC(89) Eden regions: 152->0(152)
[2024-02-19T23:06:34.155+0000][7][gc,heap     ] GC(89) Survivor regions: 1->1(20)
[2024-02-19T23:06:34.155+0000][7][gc,heap     ] GC(89) Old regions: 22->22
[2024-02-19T23:06:34.155+0000][7][gc,heap     ] GC(89) Archive regions: 2->2
[2024-02-19T23:06:34.155+0000][7][gc,heap     ] GC(89) Humongous regions: 0->0
[2024-02-19T23:06:34.155+0000][7][gc,metaspace] GC(89) Metaspace: 127130K(130752K)->127130K(130752K) NonClass: 110535K(112384K)->110535K(112384K) Class: 16595K(18368K)->16595K(18368K)
[2024-02-19T23:06:34.155+0000][7][gc          ] GC(89) Pause Young (Normal) (G1 Evacuation Pause) 700M->93M(1024M) 2.707ms
[2024-02-19T23:06:34.155+0000][7][gc,cpu      ] GC(89) User=0.01s Sys=0.00s Real=0.00s
[2024-02-19T23:06:34.155+0000][7][safepoint   ] Safepoint "G1CollectForAllocation", Time since last: 107987190328 ns, Reaching safepoint: 70758 ns, At safepoint: 2800440 ns, Total: 2871198 ns
[2024-02-19T23:07:05.160+0000][7][safepoint   ] Safepoint "Cleanup", Time since last: 31005063718 ns, Reaching safepoint: 92005 ns, At safepoint: 7802 ns, Total: 99807 ns
[2024-02-19T23:07:34.165+0000][7][safepoint   ] Safepoint "Cleanup", Time since last: 29004619575 ns, Reaching safepoint: 141126 ns, At safepoint: 7194 ns, Total: 148320 ns
[2024-02-19T23:08:45.177+0000][7][safepoint   ] Safepoint "Cleanup", Time since last: 71012199083 ns, Reaching safepoint: 94663 ns, At safepoint: 8378 ns, Total: 103041 ns
[2024-02-19T23:09:45.188+0000][7][safepoint   ] Safepoint "Cleanup", Time since last: 60010390724 ns, Reaching safepoint: 131470 ns, At safepoint: 13217 ns, Total: 144687 ns
[2024-02-19T23:09:47.188+0000][7][safepoint   ] Safepoint "Cleanup", Time since last: 2000188586 ns, Reaching safepoint: 113988 ns, At safepoint: 9092 ns, Total: 123080 ns
[2024-02-19T23:10:04.158+0000][7][gc,start    ] GC(90) Pause Young (Normal) (G1 Evacuation Pause)
[2024-02-19T23:10:04.158+0000][7][gc,task     ] GC(90) Using 8 workers of 8 for evacuation
[2024-02-19T23:10:04.158+0000][7][gc,age      ] GC(90) Desired survivor size 41943040 bytes, new threshold 15 (max threshold 15)
[2024-02-19T23:10:04.161+0000][7][gc,phases   ] GC(90)   Pre Evacuate Collection Set: 0.1ms
[2024-02-19T23:10:04.161+0000][7][gc,phases   ] GC(90)   Merge Heap Roots: 0.1ms
[2024-02-19T23:10:04.161+0000][7][gc,phases   ] GC(90)   Evacuate Collection Set: 1.5ms
[2024-02-19T23:10:04.161+0000][7][gc,phases   ] GC(90)   Post Evacuate Collection Set: 0.9ms
[2024-02-19T23:10:04.161+0000][7][gc,phases   ] GC(90)   Other: 0.1ms
[2024-02-19T23:10:04.161+0000][7][gc,age      ] GC(90) Age table with threshold 15 (max threshold 15)
[2024-02-19T23:10:04.161+0000][7][gc,age      ] GC(90) - age   1:    1108488 bytes,    1108488 total
[2024-02-19T23:10:04.161+0000][7][gc,age      ] GC(90) - age   2:       2216 bytes,    1110704 total
[2024-02-19T23:10:04.161+0000][7][gc,age      ] GC(90) - age   3:        640 bytes,    1111344 total
[2024-02-19T23:10:04.161+0000][7][gc,age      ] GC(90) - age   4:       1064 bytes,    1112408 total
[2024-02-19T23:10:04.161+0000][7][gc,age      ] GC(90) - age   5:       1400 bytes,    1113808 total
[2024-02-19T23:10:04.161+0000][7][gc,age      ] GC(90) - age   6:        352 bytes,    1114160 total
[2024-02-19T23:10:04.161+0000][7][gc,age      ] GC(90) - age   7:        160 bytes,    1114320 total
[2024-02-19T23:10:04.161+0000][7][gc,age      ] GC(90) - age   9:         80 bytes,    1114400 total
[2024-02-19T23:10:04.161+0000][7][gc,age      ] GC(90) - age  10:        312 bytes,    1114712 total
[2024-02-19T23:10:04.161+0000][7][gc,age      ] GC(90) - age  11:        840 bytes,    1115552 total
[2024-02-19T23:10:04.161+0000][7][gc,age      ] GC(90) - age  12:      22600 bytes,    1138152 total
[2024-02-19T23:10:04.161+0000][7][gc,age      ] GC(90) - age  13:     112016 bytes,    1250168 total
[2024-02-19T23:10:04.161+0000][7][gc,age      ] GC(90) - age  15:     103824 bytes,    1353992 total
[2024-02-19T23:10:04.161+0000][7][gc,heap     ] GC(90) Eden regions: 152->0(152)
[2024-02-19T23:10:04.161+0000][7][gc,heap     ] GC(90) Survivor regions: 1->1(20)
[2024-02-19T23:10:04.161+0000][7][gc,heap     ] GC(90) Old regions: 22->22
[2024-02-19T23:10:04.161+0000][7][gc,heap     ] GC(90) Archive regions: 2->2
[2024-02-19T23:10:04.161+0000][7][gc,heap     ] GC(90) Humongous regions: 0->0
[2024-02-19T23:10:04.161+0000][7][gc,metaspace] GC(90) Metaspace: 127136K(130752K)->127136K(130752K) NonClass: 110540K(112384K)->110540K(112384K) Class: 16595K(18368K)->16595K(18368K)
[2024-02-19T23:10:04.161+0000][7][gc          ] GC(90) Pause Young (Normal) (G1 Evacuation Pause) 701M->93M(1024M) 3.188ms
[2024-02-19T23:10:04.161+0000][7][gc,cpu      ] GC(90) User=0.01s Sys=0.01s Real=0.01s
[2024-02-19T23:10:04.161+0000][7][safepoint   ] Safepoint "G1CollectForAllocation", Time since last: 16969727912 ns, Reaching safepoint: 57646 ns, At safepoint: 3296773 ns, Total: 3354419 ns
[2024-02-19T23:10:11.162+0000][7][safepoint   ] Safepoint "Cleanup", Time since last: 7001037646 ns, Reaching safepoint: 90119 ns, At safepoint: 9265 ns, Total: 99384 ns
[2024-02-19T23:10:13.163+0000][7][safepoint   ] Safepoint "Cleanup", Time since last: 2000445060 ns, Reaching safepoint: 92162 ns, At safepoint: 10398 ns, Total: 102560 ns
[2024-02-19T23:11:45.178+0000][7][safepoint   ] Safepoint "Cleanup", Time since last: 92014547996 ns, Reaching safepoint: 120973 ns, At safepoint: 9672 ns, Total: 130645 ns
[2024-02-19T23:11:47.178+0000][7][safepoint   ] Safepoint "Cleanup", Time since last: 2000454079 ns, Reaching safepoint: 86233 ns, At safepoint: 13139 ns, Total: 99372 ns
[2024-02-19T23:12:45.187+0000][7][safepoint   ] Safepoint "Cleanup", Time since last: 58008669037 ns, Reaching safepoint: 110235 ns, At safepoint: 17057 ns, Total: 127292 ns
[2024-02-19T23:13:28.166+0000][7][gc,start    ] GC(91) Pause Young (Normal) (G1 Evacuation Pause)
[2024-02-19T23:13:28.166+0000][7][gc,task     ] GC(91) Using 8 workers of 8 for evacuation
[2024-02-19T23:13:28.166+0000][7][gc,age      ] GC(91) Desired survivor size 41943040 bytes, new threshold 15 (max threshold 15)
[2024-02-19T23:13:28.169+0000][7][gc,phases   ] GC(91)   Pre Evacuate Collection Set: 0.1ms
[2024-02-19T23:13:28.169+0000][7][gc,phases   ] GC(91)   Merge Heap Roots: 0.1ms
[2024-02-19T23:13:28.169+0000][7][gc,phases   ] GC(91)   Evacuate Collection Set: 1.7ms
[2024-02-19T23:13:28.169+0000][7][gc,phases   ] GC(91)   Post Evacuate Collection Set: 0.9ms
[2024-02-19T23:13:28.169+0000][7][gc,phases   ] GC(91)   Other: 0.1ms
[2024-02-19T23:13:28.169+0000][7][gc,age      ] GC(91) Age table with threshold 15 (max threshold 15)
[2024-02-19T23:13:28.169+0000][7][gc,age      ] GC(91) - age   1:    1385840 bytes,    1385840 total
[2024-02-19T23:13:28.169+0000][7][gc,age      ] GC(91) - age   2:      13288 bytes,    1399128 total
[2024-02-19T23:13:28.169+0000][7][gc,age      ] GC(91) - age   3:        968 bytes,    1400096 total
[2024-02-19T23:13:28.169+0000][7][gc,age      ] GC(91) - age   4:         96 bytes,    1400192 total
[2024-02-19T23:13:28.169+0000][7][gc,age      ] GC(91) - age   5:        672 bytes,    1400864 total
[2024-02-19T23:13:28.169+0000][7][gc,age      ] GC(91) - age   6:       1400 bytes,    1402264 total
[2024-02-19T23:13:28.169+0000][7][gc,age      ] GC(91) - age   7:        352 bytes,    1402616 total
[2024-02-19T23:13:28.169+0000][7][gc,age      ] GC(91) - age   8:        160 bytes,    1402776 total
[2024-02-19T23:13:28.169+0000][7][gc,age      ] GC(91) - age  10:         80 bytes,    1402856 total
[2024-02-19T23:13:28.169+0000][7][gc,age      ] GC(91) - age  11:        312 bytes,    1403168 total
[2024-02-19T23:13:28.169+0000][7][gc,age      ] GC(91) - age  12:        840 bytes,    1404008 total
[2024-02-19T23:13:28.169+0000][7][gc,age      ] GC(91) - age  13:      22600 bytes,    1426608 total
[2024-02-19T23:13:28.169+0000][7][gc,age      ] GC(91) - age  14:     112016 bytes,    1538624 total
[2024-02-19T23:13:28.169+0000][7][gc,heap     ] GC(91) Eden regions: 152->0(152)
[2024-02-19T23:13:28.169+0000][7][gc,heap     ] GC(91) Survivor regions: 1->1(20)
[2024-02-19T23:13:28.169+0000][7][gc,heap     ] GC(91) Old regions: 22->22
[2024-02-19T23:13:28.169+0000][7][gc,heap     ] GC(91) Archive regions: 2->2
[2024-02-19T23:13:28.169+0000][7][gc,heap     ] GC(91) Humongous regions: 0->0
[2024-02-19T23:13:28.169+0000][7][gc,metaspace] GC(91) Metaspace: 127139K(130752K)->127139K(130752K) NonClass: 110543K(112384K)->110543K(112384K) Class: 16595K(18368K)->16595K(18368K)
[2024-02-19T23:13:28.169+0000][7][gc          ] GC(91) Pause Young (Normal) (G1 Evacuation Pause) 701M->93M(1024M) 3.174ms
[2024-02-19T23:13:28.169+0000][7][gc,cpu      ] GC(91) User=0.01s Sys=0.00s Real=0.00s
[2024-02-19T23:13:28.169+0000][7][safepoint   ] Safepoint "G1CollectForAllocation", Time since last: 42978933481 ns, Reaching safepoint: 65762 ns, At safepoint: 3266988 ns, Total: 3332750 ns
[2024-02-19T23:13:50.172+0000][7][safepoint   ] Safepoint "Cleanup", Time since last: 22002929118 ns, Reaching safepoint: 203838 ns, At safepoint: 8307 ns, Total: 212145 ns
[2024-02-19T23:13:51.770+0000][7][gc,heap,exit] Heap
[2024-02-19T23:13:51.770+0000][7][gc,heap,exit]  garbage-first heap   total 1048576K, used 188895K [0x00000000c0000000, 0x0000000100000000)
[2024-02-19T23:13:51.770+0000][7][gc,heap,exit]   region size 4096K, 24 young (98304K), 1 survivors (4096K)
[2024-02-19T23:13:51.770+0000][7][gc,heap,exit]  Metaspace       used 127888K, committed 131520K, reserved 1179648K
[2024-02-19T23:13:51.770+0000][7][gc,heap,exit]   class space    used 16725K, committed 18496K, reserved 1048576K
