[2024-01-02T00:30:34.190+0000][7][gc,init] CardTable entry size: 512
[2024-01-02T00:30:34.190+0000][7][gc     ] Using G1
[2024-01-02T00:30:34.287+0000][7][gc,init] Version: 18.0.1.1+2-6 (release)
[2024-01-02T00:30:34.287+0000][7][gc,init] CPUs: 8 total, 8 available
[2024-01-02T00:30:34.287+0000][7][gc,init] Memory: 19737M
[2024-01-02T00:30:34.287+0000][7][gc,init] Large Page Support: Disabled
[2024-01-02T00:30:34.287+0000][7][gc,init] NUMA Support: Disabled
[2024-01-02T00:30:34.287+0000][7][gc,init] Compressed Oops: Enabled (32-bit)
[2024-01-02T00:30:34.287+0000][7][gc,init] Heap Region Size: 4M
[2024-01-02T00:30:34.287+0000][7][gc,init] Heap Min Capacity: 1G
[2024-01-02T00:30:34.287+0000][7][gc,init] Heap Initial Capacity: 1G
[2024-01-02T00:30:34.287+0000][7][gc,init] Heap Max Capacity: 1G
[2024-01-02T00:30:34.287+0000][7][gc,init] Pre-touch: Enabled
[2024-01-02T00:30:34.287+0000][7][gc,init] Parallel Workers: 8
[2024-01-02T00:30:34.287+0000][7][gc,init] Concurrent Workers: 2
[2024-01-02T00:30:34.287+0000][7][gc,init] Concurrent Refinement Workers: 8
[2024-01-02T00:30:34.287+0000][7][gc,init] Periodic GC: Disabled
[2024-01-02T00:30:34.288+0000][7][gc,metaspace] CDS archive(s) mapped at: [0x0000000800000000-0x0000000800baf000-0x0000000800baf000), size 12251136, SharedBaseAddress: 0x0000000800000000, ArchiveRelocationMode: 0.
[2024-01-02T00:30:34.288+0000][7][gc,metaspace] Compressed class space mapped at: 0x0000000800c00000-0x0000000840c00000, reserved size: 1073741824
[2024-01-02T00:30:34.288+0000][7][gc,metaspace] Narrow klass base: 0x0000000800000000, Narrow klass shift: 0, Narrow klass range: 0x100000000
[2024-01-02T00:30:34.710+0000][7][safepoint   ] Safepoint "ICBufferFull", Time since last: 416498889 ns, Reaching safepoint: 110818 ns, At safepoint: 2010 ns, Total: 112828 ns
[2024-01-02T00:30:35.267+0000][7][safepoint   ] Safepoint "ICBufferFull", Time since last: 556692654 ns, Reaching safepoint: 105122 ns, At safepoint: 3871 ns, Total: 108993 ns
[2024-01-02T00:30:35.317+0000][7][gc,start    ] GC(0) Pause Young (Normal) (G1 Evacuation Pause)
[2024-01-02T00:30:35.317+0000][7][gc,task     ] GC(0) Using 8 workers of 8 for evacuation
[2024-01-02T00:30:35.317+0000][7][gc,age      ] GC(0) Desired survivor size 4194304 bytes, new threshold 15 (max threshold 15)
[2024-01-02T00:30:35.322+0000][7][gc,phases   ] GC(0)   Pre Evacuate Collection Set: 0.1ms
[2024-01-02T00:30:35.322+0000][7][gc,phases   ] GC(0)   Merge Heap Roots: 0.0ms
[2024-01-02T00:30:35.322+0000][7][gc,phases   ] GC(0)   Evacuate Collection Set: 3.8ms
[2024-01-02T00:30:35.322+0000][7][gc,phases   ] GC(0)   Post Evacuate Collection Set: 0.5ms
[2024-01-02T00:30:35.322+0000][7][gc,phases   ] GC(0)   Other: 0.1ms
[2024-01-02T00:30:35.322+0000][7][gc,age      ] GC(0) Age table with threshold 15 (max threshold 15)
[2024-01-02T00:30:35.322+0000][7][gc,age      ] GC(0) - age   1:    6372216 bytes,    6372216 total
[2024-01-02T00:30:35.322+0000][7][gc,heap     ] GC(0) Eden regions: 12->0(11)
[2024-01-02T00:30:35.322+0000][7][gc,heap     ] GC(0) Survivor regions: 0->2(2)
[2024-01-02T00:30:35.322+0000][7][gc,heap     ] GC(0) Old regions: 0->0
[2024-01-02T00:30:35.322+0000][7][gc,heap     ] GC(0) Archive regions: 2->2
[2024-01-02T00:30:35.322+0000][7][gc,heap     ] GC(0) Humongous regions: 0->0
[2024-01-02T00:30:35.322+0000][7][gc,metaspace] GC(0) Metaspace: 12249K(12608K)->12249K(12608K) NonClass: 10792K(10944K)->10792K(10944K) Class: 1457K(1664K)->1457K(1664K)
[2024-01-02T00:30:35.322+0000][7][gc          ] GC(0) Pause Young (Normal) (G1 Evacuation Pause) 51M->10M(1024M) 4.607ms
[2024-01-02T00:30:35.322+0000][7][gc,cpu      ] GC(0) User=0.02s Sys=0.00s Real=0.00s
[2024-01-02T00:30:35.322+0000][7][safepoint   ] Safepoint "G1CollectForAllocation", Time since last: 50489327 ns, Reaching safepoint: 47684 ns, At safepoint: 4647400 ns, Total: 4695084 ns
[2024-01-02T00:30:35.900+0000][7][safepoint   ] Safepoint "ICBufferFull", Time since last: 577715471 ns, Reaching safepoint: 134870 ns, At safepoint: 3299 ns, Total: 138169 ns
[2024-01-02T00:30:35.946+0000][7][gc,start    ] GC(1) Pause Young (Normal) (G1 Evacuation Pause)
[2024-01-02T00:30:35.946+0000][7][gc,task     ] GC(1) Using 8 workers of 8 for evacuation
[2024-01-02T00:30:35.946+0000][7][gc,age      ] GC(1) Desired survivor size 4194304 bytes, new threshold 1 (max threshold 15)
[2024-01-02T00:30:35.951+0000][7][gc,phases   ] GC(1)   Pre Evacuate Collection Set: 0.1ms
[2024-01-02T00:30:35.951+0000][7][gc,phases   ] GC(1)   Merge Heap Roots: 0.0ms
[2024-01-02T00:30:35.951+0000][7][gc,phases   ] GC(1)   Evacuate Collection Set: 4.3ms
[2024-01-02T00:30:35.951+0000][7][gc,phases   ] GC(1)   Post Evacuate Collection Set: 1.0ms
[2024-01-02T00:30:35.951+0000][7][gc,phases   ] GC(1)   Other: 0.1ms
[2024-01-02T00:30:35.951+0000][7][gc,age      ] GC(1) Age table with threshold 1 (max threshold 15)
[2024-01-02T00:30:35.951+0000][7][gc,age      ] GC(1) - age   1:    1317400 bytes,    1317400 total
[2024-01-02T00:30:35.951+0000][7][gc,heap     ] GC(1) Eden regions: 11->0(20)
[2024-01-02T00:30:35.951+0000][7][gc,heap     ] GC(1) Survivor regions: 2->1(2)
[2024-01-02T00:30:35.951+0000][7][gc,heap     ] GC(1) Old regions: 0->2
[2024-01-02T00:30:35.951+0000][7][gc,heap     ] GC(1) Archive regions: 2->2
[2024-01-02T00:30:35.951+0000][7][gc,heap     ] GC(1) Humongous regions: 0->0
[2024-01-02T00:30:35.951+0000][7][gc,metaspace] GC(1) Metaspace: 15394K(15744K)->15394K(15744K) NonClass: 13624K(13824K)->13624K(13824K) Class: 1769K(1920K)->1769K(1920K)
[2024-01-02T00:30:35.951+0000][7][gc          ] GC(1) Pause Young (Normal) (G1 Evacuation Pause) 54M->11M(1024M) 5.634ms
[2024-01-02T00:30:35.951+0000][7][gc,cpu      ] GC(1) User=0.02s Sys=0.00s Real=0.01s
[2024-01-02T00:30:35.951+0000][7][safepoint   ] Safepoint "G1CollectForAllocation", Time since last: 45898334 ns, Reaching safepoint: 45221 ns, At safepoint: 5674015 ns, Total: 5719236 ns
[2024-01-02T00:30:36.386+0000][7][gc,start    ] GC(2) Pause Young (Normal) (G1 Evacuation Pause)
[2024-01-02T00:30:36.386+0000][7][gc,task     ] GC(2) Using 8 workers of 8 for evacuation
[2024-01-02T00:30:36.386+0000][7][gc,age      ] GC(2) Desired survivor size 6291456 bytes, new threshold 15 (max threshold 15)
[2024-01-02T00:30:36.388+0000][7][gc,phases   ] GC(2)   Pre Evacuate Collection Set: 0.1ms
[2024-01-02T00:30:36.388+0000][7][gc,phases   ] GC(2)   Merge Heap Roots: 0.0ms
[2024-01-02T00:30:36.388+0000][7][gc,phases   ] GC(2)   Evacuate Collection Set: 1.9ms
[2024-01-02T00:30:36.388+0000][7][gc,phases   ] GC(2)   Post Evacuate Collection Set: 0.3ms
[2024-01-02T00:30:36.388+0000][7][gc,phases   ] GC(2)   Other: 0.0ms
[2024-01-02T00:30:36.388+0000][7][gc,age      ] GC(2) Age table with threshold 15 (max threshold 15)
[2024-01-02T00:30:36.388+0000][7][gc,age      ] GC(2) - age   1:    2286816 bytes,    2286816 total
[2024-01-02T00:30:36.388+0000][7][gc,age      ] GC(2) - age   2:    1251648 bytes,    3538464 total
[2024-01-02T00:30:36.388+0000][7][gc,heap     ] GC(2) Eden regions: 20->0(152)
[2024-01-02T00:30:36.388+0000][7][gc,heap     ] GC(2) Survivor regions: 1->1(3)
[2024-01-02T00:30:36.388+0000][7][gc,heap     ] GC(2) Old regions: 2->2
[2024-01-02T00:30:36.388+0000][7][gc,heap     ] GC(2) Archive regions: 2->2
[2024-01-02T00:30:36.388+0000][7][gc,heap     ] GC(2) Humongous regions: 0->0
[2024-01-02T00:30:36.388+0000][7][gc,metaspace] GC(2) Metaspace: 17002K(17408K)->17002K(17408K) NonClass: 15065K(15296K)->15065K(15296K) Class: 1936K(2112K)->1936K(2112K)
[2024-01-02T00:30:36.388+0000][7][gc          ] GC(2) Pause Young (Normal) (G1 Evacuation Pause) 91M->13M(1024M) 2.486ms
[2024-01-02T00:30:36.388+0000][7][gc,cpu      ] GC(2) User=0.01s Sys=0.00s Real=0.01s
[2024-01-02T00:30:36.388+0000][7][safepoint   ] Safepoint "G1CollectForAllocation", Time since last: 434481639 ns, Reaching safepoint: 149174 ns, At safepoint: 2521270 ns, Total: 2670444 ns
[2024-01-02T00:30:36.724+0000][7][gc,start    ] GC(3) Pause Young (Concurrent Start) (Metadata GC Threshold)
[2024-01-02T00:30:36.724+0000][7][gc,task     ] GC(3) Using 8 workers of 8 for evacuation
[2024-01-02T00:30:36.724+0000][7][gc,age      ] GC(3) Desired survivor size 41943040 bytes, new threshold 15 (max threshold 15)
[2024-01-02T00:30:36.727+0000][7][gc,phases   ] GC(3)   Pre Evacuate Collection Set: 0.1ms
[2024-01-02T00:30:36.727+0000][7][gc,phases   ] GC(3)   Merge Heap Roots: 0.0ms
[2024-01-02T00:30:36.727+0000][7][gc,phases   ] GC(3)   Evacuate Collection Set: 2.4ms
[2024-01-02T00:30:36.727+0000][7][gc,phases   ] GC(3)   Post Evacuate Collection Set: 0.3ms
[2024-01-02T00:30:36.727+0000][7][gc,phases   ] GC(3)   Other: 0.1ms
[2024-01-02T00:30:36.727+0000][7][gc,age      ] GC(3) Age table with threshold 15 (max threshold 15)
[2024-01-02T00:30:36.727+0000][7][gc,age      ] GC(3) - age   1:    1270776 bytes,    1270776 total
[2024-01-02T00:30:36.727+0000][7][gc,age      ] GC(3) - age   2:    1545304 bytes,    2816080 total
[2024-01-02T00:30:36.727+0000][7][gc,age      ] GC(3) - age   3:    1251128 bytes,    4067208 total
[2024-01-02T00:30:36.727+0000][7][gc,heap     ] GC(3) Eden regions: 14->0(151)
[2024-01-02T00:30:36.727+0000][7][gc,heap     ] GC(3) Survivor regions: 1->2(20)
[2024-01-02T00:30:36.727+0000][7][gc,heap     ] GC(3) Old regions: 2->2
[2024-01-02T00:30:36.727+0000][7][gc,heap     ] GC(3) Archive regions: 2->2
[2024-01-02T00:30:36.727+0000][7][gc,heap     ] GC(3) Humongous regions: 0->0
[2024-01-02T00:30:36.727+0000][7][gc,metaspace] GC(3) Metaspace: 21114K(21504K)->21114K(21504K) NonClass: 18743K(18944K)->18743K(18944K) Class: 2370K(2560K)->2370K(2560K)
[2024-01-02T00:30:36.727+0000][7][gc          ] GC(3) Pause Young (Concurrent Start) (Metadata GC Threshold) 67M->14M(1024M) 3.196ms
[2024-01-02T00:30:36.727+0000][7][gc,cpu      ] GC(3) User=0.01s Sys=0.00s Real=0.00s
[2024-01-02T00:30:36.727+0000][7][gc          ] GC(4) Concurrent Mark Cycle
[2024-01-02T00:30:36.727+0000][7][gc,marking  ] GC(4) Concurrent Clear Claimed Marks
[2024-01-02T00:30:36.727+0000][7][gc,marking  ] GC(4) Concurrent Clear Claimed Marks 0.019ms
[2024-01-02T00:30:36.727+0000][7][gc,marking  ] GC(4) Concurrent Scan Root Regions
[2024-01-02T00:30:36.727+0000][7][safepoint   ] Safepoint "CollectForMetadataAllocation", Time since last: 335014460 ns, Reaching safepoint: 136595 ns, At safepoint: 3301840 ns, Total: 3438435 ns
[2024-01-02T00:30:36.729+0000][7][gc,marking  ] GC(4) Concurrent Scan Root Regions 2.247ms
[2024-01-02T00:30:36.729+0000][7][gc,marking  ] GC(4) Concurrent Mark
[2024-01-02T00:30:36.729+0000][7][gc,marking  ] GC(4) Concurrent Mark From Roots
[2024-01-02T00:30:36.729+0000][7][gc,task     ] GC(4) Using 2 workers of 2 for marking
[2024-01-02T00:30:36.735+0000][7][gc,marking  ] GC(4) Concurrent Mark From Roots 5.616ms
[2024-01-02T00:30:36.735+0000][7][gc,marking  ] GC(4) Concurrent Preclean
[2024-01-02T00:30:36.735+0000][7][gc,marking  ] GC(4) Concurrent Preclean 0.031ms
[2024-01-02T00:30:36.735+0000][7][gc,start    ] GC(4) Pause Remark
[2024-01-02T00:30:36.739+0000][7][gc          ] GC(4) Pause Remark 16M->16M(1024M) 3.679ms
[2024-01-02T00:30:36.739+0000][7][gc,cpu      ] GC(4) User=0.02s Sys=0.00s Real=0.01s
[2024-01-02T00:30:36.739+0000][7][safepoint   ] Safepoint "G1Concurrent", Time since last: 8002571 ns, Reaching safepoint: 35134 ns, At safepoint: 3772831 ns, Total: 3807965 ns
[2024-01-02T00:30:36.739+0000][7][gc,marking  ] GC(4) Concurrent Mark 9.568ms
[2024-01-02T00:30:36.739+0000][7][gc,marking  ] GC(4) Concurrent Rebuild Remembered Sets
[2024-01-02T00:30:36.744+0000][7][gc,marking  ] GC(4) Concurrent Rebuild Remembered Sets 4.828ms
[2024-01-02T00:30:36.744+0000][7][gc,start    ] GC(4) Pause Cleanup
[2024-01-02T00:30:36.744+0000][7][gc          ] GC(4) Pause Cleanup 18M->18M(1024M) 0.090ms
[2024-01-02T00:30:36.744+0000][7][gc,cpu      ] GC(4) User=0.00s Sys=0.00s Real=0.00s
[2024-01-02T00:30:36.744+0000][7][safepoint   ] Safepoint "G1Concurrent", Time since last: 4957985 ns, Reaching safepoint: 100135 ns, At safepoint: 138274 ns, Total: 238409 ns
[2024-01-02T00:30:36.744+0000][7][gc,marking  ] GC(4) Concurrent Cleanup for Next Mark
[2024-01-02T00:30:36.745+0000][7][gc,marking  ] GC(4) Concurrent Cleanup for Next Mark 1.274ms
[2024-01-02T00:30:36.745+0000][7][gc          ] GC(4) Concurrent Mark Cycle 18.420ms
[2024-01-02T00:30:37.431+0000][7][safepoint   ] Safepoint "ICBufferFull", Time since last: 687055068 ns, Reaching safepoint: 125983 ns, At safepoint: 2159 ns, Total: 128142 ns
[2024-01-02T00:30:38.092+0000][7][safepoint   ] Safepoint "ICBufferFull", Time since last: 660813421 ns, Reaching safepoint: 204573 ns, At safepoint: 2626 ns, Total: 207199 ns
[2024-01-02T00:30:38.299+0000][7][gc,start    ] GC(5) Pause Young (Normal) (G1 Evacuation Pause)
[2024-01-02T00:30:38.299+0000][7][gc,task     ] GC(5) Using 8 workers of 8 for evacuation
[2024-01-02T00:30:38.299+0000][7][gc,age      ] GC(5) Desired survivor size 41943040 bytes, new threshold 15 (max threshold 15)
[2024-01-02T00:30:38.304+0000][7][gc,phases   ] GC(5)   Pre Evacuate Collection Set: 0.1ms
[2024-01-02T00:30:38.304+0000][7][gc,phases   ] GC(5)   Merge Heap Roots: 0.0ms
[2024-01-02T00:30:38.304+0000][7][gc,phases   ] GC(5)   Evacuate Collection Set: 3.9ms
[2024-01-02T00:30:38.304+0000][7][gc,phases   ] GC(5)   Post Evacuate Collection Set: 0.6ms
[2024-01-02T00:30:38.304+0000][7][gc,phases   ] GC(5)   Other: 0.1ms
[2024-01-02T00:30:38.304+0000][7][gc,age      ] GC(5) Age table with threshold 15 (max threshold 15)
[2024-01-02T00:30:38.304+0000][7][gc,age      ] GC(5) - age   1:    9290512 bytes,    9290512 total
[2024-01-02T00:30:38.304+0000][7][gc,age      ] GC(5) - age   2:    1241584 bytes,   10532096 total
[2024-01-02T00:30:38.304+0000][7][gc,age      ] GC(5) - age   3:    1540912 bytes,   12073008 total
[2024-01-02T00:30:38.304+0000][7][gc,age      ] GC(5) - age   4:    1224600 bytes,   13297608 total
[2024-01-02T00:30:38.304+0000][7][gc,heap     ] GC(5) Eden regions: 151->0(149)
[2024-01-02T00:30:38.304+0000][7][gc,heap     ] GC(5) Survivor regions: 2->4(20)
[2024-01-02T00:30:38.304+0000][7][gc,heap     ] GC(5) Old regions: 2->2
[2024-01-02T00:30:38.304+0000][7][gc,heap     ] GC(5) Archive regions: 2->2
[2024-01-02T00:30:38.304+0000][7][gc,heap     ] GC(5) Humongous regions: 0->0
[2024-01-02T00:30:38.304+0000][7][gc,metaspace] GC(5) Metaspace: 29738K(30336K)->29738K(30336K) NonClass: 26312K(26624K)->26312K(26624K) Class: 3425K(3712K)->3425K(3712K)
[2024-01-02T00:30:38.304+0000][7][gc          ] GC(5) Pause Young (Normal) (G1 Evacuation Pause) 618M->23M(1024M) 4.807ms
[2024-01-02T00:30:38.304+0000][7][gc,cpu      ] GC(5) User=0.02s Sys=0.00s Real=0.00s
[2024-01-02T00:30:38.304+0000][7][safepoint   ] Safepoint "G1CollectForAllocation", Time since last: 207293245 ns, Reaching safepoint: 59491 ns, At safepoint: 4842922 ns, Total: 4902413 ns
[2024-01-02T00:30:39.124+0000][7][safepoint   ] Safepoint "ICBufferFull", Time since last: 819597153 ns, Reaching safepoint: 112694 ns, At safepoint: 3644 ns, Total: 116338 ns
[2024-01-02T00:30:39.180+0000][7][gc,start    ] GC(6) Pause Young (Concurrent Start) (Metadata GC Threshold)
[2024-01-02T00:30:39.180+0000][7][gc,task     ] GC(6) Using 8 workers of 8 for evacuation
[2024-01-02T00:30:39.180+0000][7][gc,age      ] GC(6) Desired survivor size 41943040 bytes, new threshold 15 (max threshold 15)
[2024-01-02T00:30:39.187+0000][7][gc,phases   ] GC(6)   Pre Evacuate Collection Set: 0.2ms
[2024-01-02T00:30:39.187+0000][7][gc,phases   ] GC(6)   Merge Heap Roots: 0.0ms
[2024-01-02T00:30:39.187+0000][7][gc,phases   ] GC(6)   Evacuate Collection Set: 5.8ms
[2024-01-02T00:30:39.187+0000][7][gc,phases   ] GC(6)   Post Evacuate Collection Set: 0.5ms
[2024-01-02T00:30:39.187+0000][7][gc,phases   ] GC(6)   Other: 0.1ms
[2024-01-02T00:30:39.187+0000][7][gc,age      ] GC(6) Age table with threshold 15 (max threshold 15)
[2024-01-02T00:30:39.187+0000][7][gc,age      ] GC(6) - age   1:    4578304 bytes,    4578304 total
[2024-01-02T00:30:39.187+0000][7][gc,age      ] GC(6) - age   2:    8995632 bytes,   13573936 total
[2024-01-02T00:30:39.187+0000][7][gc,age      ] GC(6) - age   3:    1218784 bytes,   14792720 total
[2024-01-02T00:30:39.187+0000][7][gc,age      ] GC(6) - age   4:    1477856 bytes,   16270576 total
[2024-01-02T00:30:39.187+0000][7][gc,age      ] GC(6) - age   5:    1213432 bytes,   17484008 total
[2024-01-02T00:30:39.187+0000][7][gc,heap     ] GC(6) Eden regions: 102->0(148)
[2024-01-02T00:30:39.187+0000][7][gc,heap     ] GC(6) Survivor regions: 4->5(20)
[2024-01-02T00:30:39.187+0000][7][gc,heap     ] GC(6) Old regions: 2->2
[2024-01-02T00:30:39.187+0000][7][gc,heap     ] GC(6) Archive regions: 2->2
[2024-01-02T00:30:39.187+0000][7][gc,heap     ] GC(6) Humongous regions: 0->0
[2024-01-02T00:30:39.187+0000][7][gc,metaspace] GC(6) Metaspace: 35023K(35840K)->35023K(35840K) NonClass: 30924K(31360K)->30924K(31360K) Class: 4099K(4480K)->4099K(4480K)
[2024-01-02T00:30:39.187+0000][7][gc          ] GC(6) Pause Young (Concurrent Start) (Metadata GC Threshold) 431M->27M(1024M) 6.860ms
[2024-01-02T00:30:39.187+0000][7][gc,cpu      ] GC(6) User=0.04s Sys=0.00s Real=0.00s
[2024-01-02T00:30:39.187+0000][7][gc          ] GC(7) Concurrent Mark Cycle
[2024-01-02T00:30:39.187+0000][7][gc,marking  ] GC(7) Concurrent Clear Claimed Marks
[2024-01-02T00:30:39.187+0000][7][safepoint   ] Safepoint "CollectForMetadataAllocation", Time since last: 56160284 ns, Reaching safepoint: 117557 ns, At safepoint: 6956317 ns, Total: 7073874 ns
[2024-01-02T00:30:39.187+0000][7][gc,marking  ] GC(7) Concurrent Clear Claimed Marks 0.048ms
[2024-01-02T00:30:39.187+0000][7][gc,marking  ] GC(7) Concurrent Scan Root Regions
[2024-01-02T00:30:39.191+0000][7][gc,marking  ] GC(7) Concurrent Scan Root Regions 3.553ms
[2024-01-02T00:30:39.191+0000][7][gc,marking  ] GC(7) Concurrent Mark
[2024-01-02T00:30:39.191+0000][7][gc,marking  ] GC(7) Concurrent Mark From Roots
[2024-01-02T00:30:39.191+0000][7][gc,task     ] GC(7) Using 2 workers of 2 for marking
[2024-01-02T00:30:39.197+0000][7][gc,marking  ] GC(7) Concurrent Mark From Roots 6.473ms
[2024-01-02T00:30:39.197+0000][7][gc,marking  ] GC(7) Concurrent Preclean
[2024-01-02T00:30:39.197+0000][7][gc,marking  ] GC(7) Concurrent Preclean 0.055ms
[2024-01-02T00:30:39.198+0000][7][gc,start    ] GC(7) Pause Remark
[2024-01-02T00:30:39.199+0000][7][gc          ] GC(7) Pause Remark 29M->29M(1024M) 1.908ms
[2024-01-02T00:30:39.200+0000][7][gc,cpu      ] GC(7) User=0.02s Sys=0.00s Real=0.00s
[2024-01-02T00:30:39.200+0000][7][safepoint   ] Safepoint "G1Concurrent", Time since last: 10233266 ns, Reaching safepoint: 90212 ns, At safepoint: 1968385 ns, Total: 2058597 ns
[2024-01-02T00:30:39.200+0000][7][gc,marking  ] GC(7) Concurrent Mark 8.683ms
[2024-01-02T00:30:39.200+0000][7][gc,marking  ] GC(7) Concurrent Rebuild Remembered Sets
[2024-01-02T00:30:39.202+0000][7][gc,marking  ] GC(7) Concurrent Rebuild Remembered Sets 2.404ms
[2024-01-02T00:30:39.202+0000][7][gc,start    ] GC(7) Pause Cleanup
[2024-01-02T00:30:39.202+0000][7][gc          ] GC(7) Pause Cleanup 29M->29M(1024M) 0.056ms
[2024-01-02T00:30:39.202+0000][7][gc,cpu      ] GC(7) User=0.00s Sys=0.00s Real=0.00s
[2024-01-02T00:30:39.202+0000][7][safepoint   ] Safepoint "G1Concurrent", Time since last: 2509533 ns, Reaching safepoint: 147182 ns, At safepoint: 78388 ns, Total: 225570 ns
[2024-01-02T00:30:39.202+0000][7][gc,marking  ] GC(7) Concurrent Cleanup for Next Mark
[2024-01-02T00:30:39.203+0000][7][gc,marking  ] GC(7) Concurrent Cleanup for Next Mark 0.838ms
[2024-01-02T00:30:39.203+0000][7][gc          ] GC(7) Concurrent Mark Cycle 15.969ms
[2024-01-02T00:30:39.913+0000][7][safepoint   ] Safepoint "ICBufferFull", Time since last: 710042800 ns, Reaching safepoint: 236188 ns, At safepoint: 4213 ns, Total: 240401 ns
[2024-01-02T00:30:41.010+0000][7][safepoint   ] Safepoint "ICBufferFull", Time since last: 1096953796 ns, Reaching safepoint: 170765 ns, At safepoint: 3175 ns, Total: 173940 ns
[2024-01-02T00:30:41.404+0000][7][safepoint   ] Safepoint "ICBufferFull", Time since last: 393777618 ns, Reaching safepoint: 147091 ns, At safepoint: 3469 ns, Total: 150560 ns
[2024-01-02T00:30:42.070+0000][7][gc,start    ] GC(8) Pause Young (Concurrent Start) (Metadata GC Threshold)
[2024-01-02T00:30:42.070+0000][7][gc,task     ] GC(8) Using 8 workers of 8 for evacuation
[2024-01-02T00:30:42.070+0000][7][gc,age      ] GC(8) Desired survivor size 41943040 bytes, new threshold 15 (max threshold 15)
[2024-01-02T00:30:42.089+0000][7][gc,phases   ] GC(8)   Pre Evacuate Collection Set: 0.2ms
[2024-01-02T00:30:42.089+0000][7][gc,phases   ] GC(8)   Merge Heap Roots: 0.0ms
[2024-01-02T00:30:42.089+0000][7][gc,phases   ] GC(8)   Evacuate Collection Set: 16.5ms
[2024-01-02T00:30:42.089+0000][7][gc,phases   ] GC(8)   Post Evacuate Collection Set: 1.6ms
[2024-01-02T00:30:42.089+0000][7][gc,phases   ] GC(8)   Other: 0.1ms
[2024-01-02T00:30:42.089+0000][7][gc,age      ] GC(8) Age table with threshold 15 (max threshold 15)
[2024-01-02T00:30:42.089+0000][7][gc,age      ] GC(8) - age   1:   24610288 bytes,   24610288 total
[2024-01-02T00:30:42.089+0000][7][gc,age      ] GC(8) - age   2:    4298768 bytes,   28909056 total
[2024-01-02T00:30:42.089+0000][7][gc,age      ] GC(8) - age   3:    8911584 bytes,   37820640 total
[2024-01-02T00:30:42.089+0000][7][gc,age      ] GC(8) - age   4:    1208992 bytes,   39029632 total
[2024-01-02T00:30:42.089+0000][7][gc,age      ] GC(8) - age   5:    1471800 bytes,   40501432 total
[2024-01-02T00:30:42.089+0000][7][gc,age      ] GC(8) - age   6:    1199088 bytes,   41700520 total
[2024-01-02T00:30:42.089+0000][7][gc,heap     ] GC(8) Eden regions: 101->0(142)
[2024-01-02T00:30:42.089+0000][7][gc,heap     ] GC(8) Survivor regions: 5->11(20)
[2024-01-02T00:30:42.089+0000][7][gc,heap     ] GC(8) Old regions: 2->2
[2024-01-02T00:30:42.089+0000][7][gc,heap     ] GC(8) Archive regions: 2->2
[2024-01-02T00:30:42.089+0000][7][gc,heap     ] GC(8) Humongous regions: 0->0
[2024-01-02T00:30:42.089+0000][7][gc,metaspace] GC(8) Metaspace: 58591K(59968K)->58591K(59968K) NonClass: 51055K(51840K)->51055K(51840K) Class: 7536K(8128K)->7536K(8128K)
[2024-01-02T00:30:42.089+0000][7][gc          ] GC(8) Pause Young (Concurrent Start) (Metadata GC Threshold) 429M->50M(1024M) 18.485ms
[2024-01-02T00:30:42.089+0000][7][gc,cpu      ] GC(8) User=0.13s Sys=0.00s Real=0.02s
[2024-01-02T00:30:42.089+0000][7][gc          ] GC(9) Concurrent Mark Cycle
[2024-01-02T00:30:42.089+0000][7][gc,marking  ] GC(9) Concurrent Clear Claimed Marks
[2024-01-02T00:30:42.089+0000][7][safepoint   ] Safepoint "CollectForMetadataAllocation", Time since last: 666527152 ns, Reaching safepoint: 138327 ns, At safepoint: 18582274 ns, Total: 18720601 ns
[2024-01-02T00:30:42.089+0000][7][gc,marking  ] GC(9) Concurrent Clear Claimed Marks 0.103ms
[2024-01-02T00:30:42.089+0000][7][gc,marking  ] GC(9) Concurrent Scan Root Regions
[2024-01-02T00:30:42.104+0000][7][gc,marking  ] GC(9) Concurrent Scan Root Regions 15.184ms
[2024-01-02T00:30:42.104+0000][7][gc,marking  ] GC(9) Concurrent Mark
[2024-01-02T00:30:42.104+0000][7][gc,marking  ] GC(9) Concurrent Mark From Roots
[2024-01-02T00:30:42.104+0000][7][gc,task     ] GC(9) Using 2 workers of 2 for marking
[2024-01-02T00:30:42.109+0000][7][safepoint   ] Safepoint "CollectForMetadataAllocation", Time since last: 20521353 ns, Reaching safepoint: 39244 ns, At safepoint: 56895 ns, Total: 96139 ns
[2024-01-02T00:30:42.110+0000][7][gc,marking  ] GC(9) Concurrent Mark From Roots 5.797ms
[2024-01-02T00:30:42.110+0000][7][gc,marking  ] GC(9) Concurrent Preclean
[2024-01-02T00:30:42.110+0000][7][gc,marking  ] GC(9) Concurrent Preclean 0.044ms
[2024-01-02T00:30:42.110+0000][7][gc,start    ] GC(9) Pause Remark
[2024-01-02T00:30:42.115+0000][7][gc          ] GC(9) Pause Remark 52M->52M(1024M) 4.678ms
[2024-01-02T00:30:42.115+0000][7][gc,cpu      ] GC(9) User=0.01s Sys=0.00s Real=0.00s
[2024-01-02T00:30:42.115+0000][7][safepoint   ] Safepoint "G1Concurrent", Time since last: 600449 ns, Reaching safepoint: 83911 ns, At safepoint: 4751179 ns, Total: 4835090 ns
[2024-01-02T00:30:42.115+0000][7][gc,marking  ] GC(9) Concurrent Mark 11.130ms
[2024-01-02T00:30:42.115+0000][7][gc,marking  ] GC(9) Concurrent Rebuild Remembered Sets
[2024-01-02T00:30:42.118+0000][7][gc,marking  ] GC(9) Concurrent Rebuild Remembered Sets 2.676ms
[2024-01-02T00:30:42.118+0000][7][gc,start    ] GC(9) Pause Cleanup
[2024-01-02T00:30:42.118+0000][7][gc          ] GC(9) Pause Cleanup 52M->52M(1024M) 0.070ms
[2024-01-02T00:30:42.118+0000][7][gc,cpu      ] GC(9) User=0.00s Sys=0.00s Real=0.00s
[2024-01-02T00:30:42.118+0000][7][safepoint   ] Safepoint "G1Concurrent", Time since last: 3157230 ns, Reaching safepoint: 160513 ns, At safepoint: 107914 ns, Total: 268427 ns
[2024-01-02T00:30:42.118+0000][7][gc,marking  ] GC(9) Concurrent Cleanup for Next Mark
[2024-01-02T00:30:42.120+0000][7][gc,marking  ] GC(9) Concurrent Cleanup for Next Mark 1.944ms
[2024-01-02T00:30:42.120+0000][7][gc          ] GC(9) Concurrent Mark Cycle 31.555ms
[2024-01-02T00:30:42.994+0000][7][safepoint   ] Safepoint "ICBufferFull", Time since last: 875102950 ns, Reaching safepoint: 131442 ns, At safepoint: 3145 ns, Total: 134587 ns
[2024-01-02T00:30:44.559+0000][7][safepoint   ] Safepoint "ICBufferFull", Time since last: 1564159443 ns, Reaching safepoint: 830485 ns, At safepoint: 4711 ns, Total: 835196 ns
[2024-01-02T00:30:45.177+0000][7][safepoint   ] Safepoint "ICBufferFull", Time since last: 618328155 ns, Reaching safepoint: 189972 ns, At safepoint: 2792 ns, Total: 192764 ns
[2024-01-02T00:30:45.866+0000][7][safepoint   ] Safepoint "ICBufferFull", Time since last: 688706414 ns, Reaching safepoint: 313965 ns, At safepoint: 3317 ns, Total: 317282 ns
[2024-01-02T00:30:45.988+0000][7][gc,start    ] GC(10) Pause Young (Concurrent Start) (Metadata GC Threshold)
[2024-01-02T00:30:45.988+0000][7][gc,task     ] GC(10) Using 8 workers of 8 for evacuation
[2024-01-02T00:30:45.988+0000][7][gc,age      ] GC(10) Desired survivor size 41943040 bytes, new threshold 15 (max threshold 15)
[2024-01-02T00:30:46.017+0000][7][gc,phases   ] GC(10)   Pre Evacuate Collection Set: 0.2ms
[2024-01-02T00:30:46.017+0000][7][gc,phases   ] GC(10)   Merge Heap Roots: 0.1ms
[2024-01-02T00:30:46.017+0000][7][gc,phases   ] GC(10)   Evacuate Collection Set: 27.0ms
[2024-01-02T00:30:46.017+0000][7][gc,phases   ] GC(10)   Post Evacuate Collection Set: 1.8ms
[2024-01-02T00:30:46.017+0000][7][gc,phases   ] GC(10)   Other: 0.1ms
[2024-01-02T00:30:46.017+0000][7][gc,age      ] GC(10) Age table with threshold 15 (max threshold 15)
[2024-01-02T00:30:46.017+0000][7][gc,age      ] GC(10) - age   1:   17398384 bytes,   17398384 total
[2024-01-02T00:30:46.017+0000][7][gc,age      ] GC(10) - age   2:   23979200 bytes,   41377584 total
[2024-01-02T00:30:46.017+0000][7][gc,age      ] GC(10) - age   3:    4271768 bytes,   45649352 total
[2024-01-02T00:30:46.017+0000][7][gc,age      ] GC(10) - age   4:    8873880 bytes,   54523232 total
[2024-01-02T00:30:46.017+0000][7][gc,age      ] GC(10) - age   5:    1204616 bytes,   55727848 total
[2024-01-02T00:30:46.017+0000][7][gc,age      ] GC(10) - age   6:    1467720 bytes,   57195568 total
[2024-01-02T00:30:46.017+0000][7][gc,age      ] GC(10) - age   7:    1196528 bytes,   58392096 total
[2024-01-02T00:30:46.017+0000][7][gc,heap     ] GC(10) Eden regions: 119->0(138)
[2024-01-02T00:30:46.017+0000][7][gc,heap     ] GC(10) Survivor regions: 11->15(20)
[2024-01-02T00:30:46.017+0000][7][gc,heap     ] GC(10) Old regions: 2->2
[2024-01-02T00:30:46.017+0000][7][gc,heap     ] GC(10) Archive regions: 2->2
[2024-01-02T00:30:46.017+0000][7][gc,heap     ] GC(10) Humongous regions: 0->0
[2024-01-02T00:30:46.017+0000][7][gc,metaspace] GC(10) Metaspace: 97633K(100608K)->97633K(100608K) NonClass: 84407K(85888K)->84407K(85888K) Class: 13226K(14720K)->13226K(14720K)
[2024-01-02T00:30:46.017+0000][7][gc          ] GC(10) Pause Young (Concurrent Start) (Metadata GC Threshold) 524M->68M(1024M) 29.378ms
[2024-01-02T00:30:46.017+0000][7][gc          ] GC(11) Concurrent Mark Cycle
[2024-01-02T00:30:46.017+0000][7][gc,cpu      ] GC(10) User=0.14s Sys=0.00s Real=0.03s
[2024-01-02T00:30:46.017+0000][7][gc,marking  ] GC(11) Concurrent Clear Claimed Marks
[2024-01-02T00:30:46.017+0000][7][safepoint   ] Safepoint "CollectForMetadataAllocation", Time since last: 121237834 ns, Reaching safepoint: 284967 ns, At safepoint: 29505802 ns, Total: 29790769 ns
[2024-01-02T00:30:46.017+0000][7][gc,marking  ] GC(11) Concurrent Clear Claimed Marks 0.300ms
[2024-01-02T00:30:46.017+0000][7][gc,marking  ] GC(11) Concurrent Scan Root Regions
[2024-01-02T00:30:46.038+0000][7][gc,marking  ] GC(11) Concurrent Scan Root Regions 20.282ms
[2024-01-02T00:30:46.038+0000][7][gc,marking  ] GC(11) Concurrent Mark
[2024-01-02T00:30:46.038+0000][7][gc,marking  ] GC(11) Concurrent Mark From Roots
[2024-01-02T00:30:46.038+0000][7][gc,task     ] GC(11) Using 2 workers of 2 for marking
[2024-01-02T00:30:46.040+0000][7][safepoint   ] Safepoint "CollectForMetadataAllocation", Time since last: 23077128 ns, Reaching safepoint: 36493 ns, At safepoint: 50617 ns, Total: 87110 ns
[2024-01-02T00:30:46.043+0000][7][gc,marking  ] GC(11) Concurrent Mark From Roots 5.403ms
[2024-01-02T00:30:46.043+0000][7][gc,marking  ] GC(11) Concurrent Preclean
[2024-01-02T00:30:46.043+0000][7][gc,marking  ] GC(11) Concurrent Preclean 0.042ms
[2024-01-02T00:30:46.044+0000][7][gc,start    ] GC(11) Pause Remark
[2024-01-02T00:30:46.047+0000][7][gc          ] GC(11) Pause Remark 70M->70M(1024M) 2.981ms
[2024-01-02T00:30:46.047+0000][7][gc,cpu      ] GC(11) User=0.01s Sys=0.00s Real=0.00s
[2024-01-02T00:30:46.047+0000][7][safepoint   ] Safepoint "G1Concurrent", Time since last: 2908280 ns, Reaching safepoint: 604537 ns, At safepoint: 3043094 ns, Total: 3647631 ns
[2024-01-02T00:30:46.047+0000][7][gc,marking  ] GC(11) Concurrent Mark 9.190ms
[2024-01-02T00:30:46.047+0000][7][gc,marking  ] GC(11) Concurrent Rebuild Remembered Sets
[2024-01-02T00:30:46.049+0000][7][gc,marking  ] GC(11) Concurrent Rebuild Remembered Sets 2.416ms
[2024-01-02T00:30:46.050+0000][7][gc,start    ] GC(11) Pause Cleanup
[2024-01-02T00:30:46.050+0000][7][gc          ] GC(11) Pause Cleanup 70M->70M(1024M) 0.065ms
[2024-01-02T00:30:46.050+0000][7][gc,cpu      ] GC(11) User=0.00s Sys=0.00s Real=0.00s
[2024-01-02T00:30:46.050+0000][7][safepoint   ] Safepoint "G1Concurrent", Time since last: 2591004 ns, Reaching safepoint: 162398 ns, At safepoint: 94373 ns, Total: 256771 ns
[2024-01-02T00:30:46.050+0000][7][gc,marking  ] GC(11) Concurrent Cleanup for Next Mark
[2024-01-02T00:30:46.050+0000][7][gc,marking  ] GC(11) Concurrent Cleanup for Next Mark 0.750ms
[2024-01-02T00:30:46.050+0000][7][gc          ] GC(11) Concurrent Mark Cycle 33.454ms
[2024-01-02T00:30:46.272+0000][7][safepoint   ] Safepoint "ICBufferFull", Time since last: 222026171 ns, Reaching safepoint: 117420 ns, At safepoint: 2726 ns, Total: 120146 ns
[2024-01-02T00:30:46.641+0000][7][safepoint   ] Safepoint "ICBufferFull", Time since last: 369247945 ns, Reaching safepoint: 187639 ns, At safepoint: 3460 ns, Total: 191099 ns
[2024-01-02T00:30:46.940+0000][7][safepoint   ] Safepoint "ICBufferFull", Time since last: 298770997 ns, Reaching safepoint: 214771 ns, At safepoint: 3480 ns, Total: 218251 ns
[2024-01-02T00:30:47.303+0000][7][safepoint   ] Safepoint "ICBufferFull", Time since last: 362757155 ns, Reaching safepoint: 208646 ns, At safepoint: 4638 ns, Total: 213284 ns
[2024-01-02T00:30:47.483+0000][7][safepoint   ] Safepoint "ICBufferFull", Time since last: 179122520 ns, Reaching safepoint: 198606 ns, At safepoint: 6622 ns, Total: 205228 ns
[2024-01-02T00:30:47.638+0000][7][safepoint   ] Safepoint "ICBufferFull", Time since last: 155304089 ns, Reaching safepoint: 176862 ns, At safepoint: 8638 ns, Total: 185500 ns
[2024-01-02T00:30:47.932+0000][7][safepoint   ] Safepoint "ICBufferFull", Time since last: 294074585 ns, Reaching safepoint: 286252 ns, At safepoint: 14583 ns, Total: 300835 ns
[2024-01-02T00:30:48.125+0000][7][safepoint   ] Safepoint "ICBufferFull", Time since last: 192363589 ns, Reaching safepoint: 201498 ns, At safepoint: 7135 ns, Total: 208633 ns
[2024-01-02T00:30:48.274+0000][7][safepoint   ] Safepoint "ICBufferFull", Time since last: 149239357 ns, Reaching safepoint: 239006 ns, At safepoint: 9470 ns, Total: 248476 ns
[2024-01-02T00:30:48.362+0000][7][safepoint   ] Safepoint "ICBufferFull", Time since last: 87553927 ns, Reaching safepoint: 139241 ns, At safepoint: 4149 ns, Total: 143390 ns
[2024-01-02T00:30:48.422+0000][7][safepoint   ] Safepoint "ICBufferFull", Time since last: 59747039 ns, Reaching safepoint: 173460 ns, At safepoint: 9793 ns, Total: 183253 ns
[2024-01-02T00:30:50.350+0000][7][safepoint   ] Safepoint "Cleanup", Time since last: 1928043129 ns, Reaching safepoint: 125942 ns, At safepoint: 5091 ns, Total: 131033 ns
[2024-01-02T00:30:50.775+0000][7][safepoint   ] Safepoint "ICBufferFull", Time since last: 424920388 ns, Reaching safepoint: 220605 ns, At safepoint: 8515 ns, Total: 229120 ns
[2024-01-02T00:30:51.776+0000][7][safepoint   ] Safepoint "Cleanup", Time since last: 1000127566 ns, Reaching safepoint: 208854 ns, At safepoint: 10425 ns, Total: 219279 ns
[2024-01-02T00:30:52.776+0000][7][safepoint   ] Safepoint "Cleanup", Time since last: 1000165241 ns, Reaching safepoint: 98377 ns, At safepoint: 9479 ns, Total: 107856 ns
[2024-01-02T00:30:53.826+0000][7][safepoint   ] Safepoint "ICBufferFull", Time since last: 1049349540 ns, Reaching safepoint: 132389 ns, At safepoint: 5368 ns, Total: 137757 ns
[2024-01-02T00:30:54.826+0000][7][safepoint   ] Safepoint "Cleanup", Time since last: 1000234814 ns, Reaching safepoint: 206542 ns, At safepoint: 12000 ns, Total: 218542 ns
[2024-01-02T00:30:55.826+0000][7][safepoint   ] Safepoint "Cleanup", Time since last: 1000249579 ns, Reaching safepoint: 93711 ns, At safepoint: 10381 ns, Total: 104092 ns
[2024-01-02T00:30:56.827+0000][7][safepoint   ] Safepoint "Cleanup", Time since last: 1000155119 ns, Reaching safepoint: 113521 ns, At safepoint: 8130 ns, Total: 121651 ns
[2024-01-02T00:30:58.827+0000][7][safepoint   ] Safepoint "Cleanup", Time since last: 2000260611 ns, Reaching safepoint: 85649 ns, At safepoint: 7875 ns, Total: 93524 ns
[2024-01-02T00:30:59.827+0000][7][safepoint   ] Safepoint "Cleanup", Time since last: 1000217740 ns, Reaching safepoint: 188680 ns, At safepoint: 8940 ns, Total: 197620 ns
[2024-01-02T00:31:00.828+0000][7][safepoint   ] Safepoint "Cleanup", Time since last: 1000122141 ns, Reaching safepoint: 107994 ns, At safepoint: 13160 ns, Total: 121154 ns
[2024-01-02T00:31:02.828+0000][7][safepoint   ] Safepoint "Cleanup", Time since last: 2000268729 ns, Reaching safepoint: 97154 ns, At safepoint: 16376 ns, Total: 113530 ns
[2024-01-02T00:31:03.828+0000][7][safepoint   ] Safepoint "Cleanup", Time since last: 1000172050 ns, Reaching safepoint: 88277 ns, At safepoint: 11173 ns, Total: 99450 ns
[2024-01-02T00:31:05.829+0000][7][safepoint   ] Safepoint "Cleanup", Time since last: 2000319808 ns, Reaching safepoint: 189641 ns, At safepoint: 13126 ns, Total: 202767 ns
[2024-01-02T00:31:06.829+0000][7][safepoint   ] Safepoint "Cleanup", Time since last: 1000241470 ns, Reaching safepoint: 113839 ns, At safepoint: 9973 ns, Total: 123812 ns
[2024-01-02T00:31:08.830+0000][7][safepoint   ] Safepoint "Cleanup", Time since last: 2000322374 ns, Reaching safepoint: 96726 ns, At safepoint: 12722 ns, Total: 109448 ns
[2024-01-02T00:31:09.830+0000][7][safepoint   ] Safepoint "Cleanup", Time since last: 1000274268 ns, Reaching safepoint: 74948 ns, At safepoint: 7525 ns, Total: 82473 ns
[2024-01-02T00:31:10.830+0000][7][safepoint   ] Safepoint "Cleanup", Time since last: 1000250390 ns, Reaching safepoint: 92400 ns, At safepoint: 10574 ns, Total: 102974 ns
[2024-01-02T00:31:11.831+0000][7][safepoint   ] Safepoint "Cleanup", Time since last: 1000225210 ns, Reaching safepoint: 138699 ns, At safepoint: 10022 ns, Total: 148721 ns
[2024-01-02T00:31:12.416+0000][7][gc,start    ] GC(12) Pause Young (Normal) (G1 Evacuation Pause)
[2024-01-02T00:31:12.416+0000][7][gc,task     ] GC(12) Using 8 workers of 8 for evacuation
[2024-01-02T00:31:12.416+0000][7][gc,age      ] GC(12) Desired survivor size 41943040 bytes, new threshold 3 (max threshold 15)
[2024-01-02T00:31:12.462+0000][7][gc,phases   ] GC(12)   Pre Evacuate Collection Set: 0.2ms
[2024-01-02T00:31:12.462+0000][7][gc,phases   ] GC(12)   Merge Heap Roots: 0.1ms
[2024-01-02T00:31:12.462+0000][7][gc,phases   ] GC(12)   Evacuate Collection Set: 42.7ms
[2024-01-02T00:31:12.462+0000][7][gc,phases   ] GC(12)   Post Evacuate Collection Set: 2.6ms
[2024-01-02T00:31:12.462+0000][7][gc,phases   ] GC(12)   Other: 0.1ms
[2024-01-02T00:31:12.462+0000][7][gc,age      ] GC(12) Age table with threshold 3 (max threshold 15)
[2024-01-02T00:31:12.462+0000][7][gc,age      ] GC(12) - age   1:   21322776 bytes,   21322776 total
[2024-01-02T00:31:12.462+0000][7][gc,age      ] GC(12) - age   2:   16646760 bytes,   37969536 total
[2024-01-02T00:31:12.462+0000][7][gc,age      ] GC(12) - age   3:   23726472 bytes,   61696008 total
[2024-01-02T00:31:12.462+0000][7][gc,heap     ] GC(12) Eden regions: 138->0(137)
[2024-01-02T00:31:12.462+0000][7][gc,heap     ] GC(12) Survivor regions: 15->16(20)
[2024-01-02T00:31:12.462+0000][7][gc,heap     ] GC(12) Old regions: 2->6
[2024-01-02T00:31:12.462+0000][7][gc,heap     ] GC(12) Archive regions: 2->2
[2024-01-02T00:31:12.462+0000][7][gc,heap     ] GC(12) Humongous regions: 0->0
[2024-01-02T00:31:12.462+0000][7][gc,metaspace] GC(12) Metaspace: 118930K(122368K)->118930K(122368K) NonClass: 102717K(104448K)->102717K(104448K) Class: 16212K(17920K)->16212K(17920K)
[2024-01-02T00:31:12.462+0000][7][gc          ] GC(12) Pause Young (Normal) (G1 Evacuation Pause) 620M->90M(1024M) 45.914ms
[2024-01-02T00:31:12.462+0000][7][gc,cpu      ] GC(12) User=0.34s Sys=0.00s Real=0.04s
[2024-01-02T00:31:12.462+0000][7][safepoint   ] Safepoint "G1CollectForAllocation", Time since last: 584971091 ns, Reaching safepoint: 81993 ns, At safepoint: 46012385 ns, Total: 46094378 ns
[2024-01-02T00:31:13.462+0000][7][safepoint   ] Safepoint "Cleanup", Time since last: 1000109437 ns, Reaching safepoint: 92810 ns, At safepoint: 9908 ns, Total: 102718 ns
[2024-01-02T00:31:15.462+0000][7][safepoint   ] Safepoint "Cleanup", Time since last: 2000335905 ns, Reaching safepoint: 94940 ns, At safepoint: 7149 ns, Total: 102089 ns
[2024-01-02T00:31:16.463+0000][7][safepoint   ] Safepoint "Cleanup", Time since last: 1000253153 ns, Reaching safepoint: 74942 ns, At safepoint: 10240 ns, Total: 85182 ns
[2024-01-02T00:31:17.463+0000][7][safepoint   ] Safepoint "Cleanup", Time since last: 1000147684 ns, Reaching safepoint: 119931 ns, At safepoint: 7963 ns, Total: 127894 ns
[2024-01-02T00:31:18.463+0000][7][safepoint   ] Safepoint "Cleanup", Time since last: 1000162650 ns, Reaching safepoint: 64110 ns, At safepoint: 36872 ns, Total: 100982 ns
[2024-01-02T00:31:19.464+0000][7][safepoint   ] Safepoint "Cleanup", Time since last: 1000165620 ns, Reaching safepoint: 68223 ns, At safepoint: 14500 ns, Total: 82723 ns
[2024-01-02T00:31:28.465+0000][7][safepoint   ] Safepoint "Cleanup", Time since last: 9000841001 ns, Reaching safepoint: 111735 ns, At safepoint: 5194 ns, Total: 116929 ns
[2024-01-02T00:31:29.683+0000][7][gc,heap,exit] Heap
[2024-01-02T00:31:29.683+0000][7][gc,heap,exit]  garbage-first heap   total 1048576K, used 165434K [0x00000000c0000000, 0x0000000100000000)
[2024-01-02T00:31:29.683+0000][7][gc,heap,exit]   region size 4096K, 34 young (139264K), 16 survivors (65536K)
[2024-01-02T00:31:29.683+0000][7][gc,heap,exit]  Metaspace       used 119995K, committed 123392K, reserved 1179648K
[2024-01-02T00:31:29.683+0000][7][gc,heap,exit]   class space    used 16382K, committed 18048K, reserved 1048576K
