[2024-02-04T23:10:44.458+0000][7][gc,init] CardTable entry size: 512
[2024-02-04T23:10:44.458+0000][7][gc     ] Using G1
[2024-02-04T23:10:44.555+0000][7][gc,init] Version: 18.0.1.1+2-6 (release)
[2024-02-04T23:10:44.555+0000][7][gc,init] CPUs: 8 total, 8 available
[2024-02-04T23:10:44.555+0000][7][gc,init] Memory: 19737M
[2024-02-04T23:10:44.555+0000][7][gc,init] Large Page Support: Disabled
[2024-02-04T23:10:44.555+0000][7][gc,init] NUMA Support: Disabled
[2024-02-04T23:10:44.555+0000][7][gc,init] Compressed Oops: Enabled (32-bit)
[2024-02-04T23:10:44.555+0000][7][gc,init] Heap Region Size: 4M
[2024-02-04T23:10:44.555+0000][7][gc,init] Heap Min Capacity: 1G
[2024-02-04T23:10:44.555+0000][7][gc,init] Heap Initial Capacity: 1G
[2024-02-04T23:10:44.555+0000][7][gc,init] Heap Max Capacity: 1G
[2024-02-04T23:10:44.555+0000][7][gc,init] Pre-touch: Enabled
[2024-02-04T23:10:44.555+0000][7][gc,init] Parallel Workers: 8
[2024-02-04T23:10:44.555+0000][7][gc,init] Concurrent Workers: 2
[2024-02-04T23:10:44.555+0000][7][gc,init] Concurrent Refinement Workers: 8
[2024-02-04T23:10:44.555+0000][7][gc,init] Periodic GC: Disabled
[2024-02-04T23:10:44.555+0000][7][gc,metaspace] CDS archive(s) mapped at: [0x0000000800000000-0x0000000800baf000-0x0000000800baf000), size 12251136, SharedBaseAddress: 0x0000000800000000, ArchiveRelocationMode: 0.
[2024-02-04T23:10:44.555+0000][7][gc,metaspace] Compressed class space mapped at: 0x0000000800c00000-0x0000000840c00000, reserved size: 1073741824
[2024-02-04T23:10:44.555+0000][7][gc,metaspace] Narrow klass base: 0x0000000800000000, Narrow klass shift: 0, Narrow klass range: 0x100000000
[2024-02-04T23:10:44.984+0000][7][safepoint   ] Safepoint "ICBufferFull", Time since last: 423663140 ns, Reaching safepoint: 126073 ns, At safepoint: 4346 ns, Total: 130419 ns
[2024-02-04T23:10:45.453+0000][7][safepoint   ] Safepoint "ICBufferFull", Time since last: 468571878 ns, Reaching safepoint: 94517 ns, At safepoint: 3758 ns, Total: 98275 ns
[2024-02-04T23:10:45.559+0000][7][gc,start    ] GC(0) Pause Young (Normal) (G1 Evacuation Pause)
[2024-02-04T23:10:45.559+0000][7][gc,task     ] GC(0) Using 8 workers of 8 for evacuation
[2024-02-04T23:10:45.559+0000][7][gc,age      ] GC(0) Desired survivor size 4194304 bytes, new threshold 15 (max threshold 15)
[2024-02-04T23:10:45.563+0000][7][gc,phases   ] GC(0)   Pre Evacuate Collection Set: 0.1ms
[2024-02-04T23:10:45.564+0000][7][gc,phases   ] GC(0)   Merge Heap Roots: 0.0ms
[2024-02-04T23:10:45.564+0000][7][gc,phases   ] GC(0)   Evacuate Collection Set: 4.0ms
[2024-02-04T23:10:45.564+0000][7][gc,phases   ] GC(0)   Post Evacuate Collection Set: 0.5ms
[2024-02-04T23:10:45.564+0000][7][gc,phases   ] GC(0)   Other: 0.1ms
[2024-02-04T23:10:45.564+0000][7][gc,age      ] GC(0) Age table with threshold 15 (max threshold 15)
[2024-02-04T23:10:45.564+0000][7][gc,age      ] GC(0) - age   1:    6355512 bytes,    6355512 total
[2024-02-04T23:10:45.564+0000][7][gc,heap     ] GC(0) Eden regions: 12->0(11)
[2024-02-04T23:10:45.564+0000][7][gc,heap     ] GC(0) Survivor regions: 0->2(2)
[2024-02-04T23:10:45.564+0000][7][gc,heap     ] GC(0) Old regions: 0->0
[2024-02-04T23:10:45.564+0000][7][gc,heap     ] GC(0) Archive regions: 2->2
[2024-02-04T23:10:45.564+0000][7][gc,heap     ] GC(0) Humongous regions: 0->0
[2024-02-04T23:10:45.564+0000][7][gc,metaspace] GC(0) Metaspace: 12105K(12416K)->12105K(12416K) NonClass: 10662K(10880K)->10662K(10880K) Class: 1443K(1536K)->1443K(1536K)
[2024-02-04T23:10:45.564+0000][7][gc          ] GC(0) Pause Young (Normal) (G1 Evacuation Pause) 51M->10M(1024M) 4.920ms
[2024-02-04T23:10:45.564+0000][7][gc,cpu      ] GC(0) User=0.03s Sys=0.00s Real=0.01s
[2024-02-04T23:10:45.564+0000][7][safepoint   ] Safepoint "G1CollectForAllocation", Time since last: 105946668 ns, Reaching safepoint: 49132 ns, At safepoint: 4962284 ns, Total: 5011416 ns
[2024-02-04T23:10:46.339+0000][7][gc,start    ] GC(1) Pause Young (Normal) (G1 Evacuation Pause)
[2024-02-04T23:10:46.339+0000][7][gc,task     ] GC(1) Using 8 workers of 8 for evacuation
[2024-02-04T23:10:46.339+0000][7][gc,age      ] GC(1) Desired survivor size 4194304 bytes, new threshold 1 (max threshold 15)
[2024-02-04T23:10:46.344+0000][7][gc,phases   ] GC(1)   Pre Evacuate Collection Set: 0.1ms
[2024-02-04T23:10:46.344+0000][7][gc,phases   ] GC(1)   Merge Heap Roots: 0.0ms
[2024-02-04T23:10:46.344+0000][7][gc,phases   ] GC(1)   Evacuate Collection Set: 3.8ms
[2024-02-04T23:10:46.344+0000][7][gc,phases   ] GC(1)   Post Evacuate Collection Set: 0.9ms
[2024-02-04T23:10:46.344+0000][7][gc,phases   ] GC(1)   Other: 0.1ms
[2024-02-04T23:10:46.344+0000][7][gc,age      ] GC(1) Age table with threshold 1 (max threshold 15)
[2024-02-04T23:10:46.344+0000][7][gc,age      ] GC(1) - age   1:    1343320 bytes,    1343320 total
[2024-02-04T23:10:46.344+0000][7][gc,heap     ] GC(1) Eden regions: 11->0(20)
[2024-02-04T23:10:46.344+0000][7][gc,heap     ] GC(1) Survivor regions: 2->1(2)
[2024-02-04T23:10:46.344+0000][7][gc,heap     ] GC(1) Old regions: 0->2
[2024-02-04T23:10:46.344+0000][7][gc,heap     ] GC(1) Archive regions: 2->2
[2024-02-04T23:10:46.344+0000][7][gc,heap     ] GC(1) Humongous regions: 0->0
[2024-02-04T23:10:46.344+0000][7][gc,metaspace] GC(1) Metaspace: 15383K(15744K)->15383K(15744K) NonClass: 13619K(13824K)->13619K(13824K) Class: 1764K(1920K)->1764K(1920K)
[2024-02-04T23:10:46.344+0000][7][gc          ] GC(1) Pause Young (Normal) (G1 Evacuation Pause) 54M->11M(1024M) 5.016ms
[2024-02-04T23:10:46.344+0000][7][gc,cpu      ] GC(1) User=0.03s Sys=0.00s Real=0.01s
[2024-02-04T23:10:46.344+0000][7][safepoint   ] Safepoint "G1CollectForAllocation", Time since last: 774777964 ns, Reaching safepoint: 171637 ns, At safepoint: 5056308 ns, Total: 5227945 ns
[2024-02-04T23:10:46.703+0000][7][safepoint   ] Safepoint "ICBufferFull", Time since last: 359296499 ns, Reaching safepoint: 193136 ns, At safepoint: 3103 ns, Total: 196239 ns
[2024-02-04T23:10:46.720+0000][7][gc,start    ] GC(2) Pause Young (Normal) (G1 Evacuation Pause)
[2024-02-04T23:10:46.720+0000][7][gc,task     ] GC(2) Using 8 workers of 8 for evacuation
[2024-02-04T23:10:46.720+0000][7][gc,age      ] GC(2) Desired survivor size 6291456 bytes, new threshold 15 (max threshold 15)
[2024-02-04T23:10:46.722+0000][7][gc,phases   ] GC(2)   Pre Evacuate Collection Set: 0.1ms
[2024-02-04T23:10:46.722+0000][7][gc,phases   ] GC(2)   Merge Heap Roots: 0.0ms
[2024-02-04T23:10:46.722+0000][7][gc,phases   ] GC(2)   Evacuate Collection Set: 1.7ms
[2024-02-04T23:10:46.722+0000][7][gc,phases   ] GC(2)   Post Evacuate Collection Set: 0.2ms
[2024-02-04T23:10:46.722+0000][7][gc,phases   ] GC(2)   Other: 0.1ms
[2024-02-04T23:10:46.722+0000][7][gc,age      ] GC(2) Age table with threshold 15 (max threshold 15)
[2024-02-04T23:10:46.722+0000][7][gc,age      ] GC(2) - age   1:    1925392 bytes,    1925392 total
[2024-02-04T23:10:46.722+0000][7][gc,age      ] GC(2) - age   2:    1253560 bytes,    3178952 total
[2024-02-04T23:10:46.722+0000][7][gc,heap     ] GC(2) Eden regions: 20->0(152)
[2024-02-04T23:10:46.722+0000][7][gc,heap     ] GC(2) Survivor regions: 1->1(3)
[2024-02-04T23:10:46.722+0000][7][gc,heap     ] GC(2) Old regions: 2->2
[2024-02-04T23:10:46.722+0000][7][gc,heap     ] GC(2) Archive regions: 2->2
[2024-02-04T23:10:46.722+0000][7][gc,heap     ] GC(2) Humongous regions: 0->0
[2024-02-04T23:10:46.722+0000][7][gc,metaspace] GC(2) Metaspace: 16992K(17408K)->16992K(17408K) NonClass: 15061K(15296K)->15061K(15296K) Class: 1931K(2112K)->1931K(2112K)
[2024-02-04T23:10:46.722+0000][7][gc          ] GC(2) Pause Young (Normal) (G1 Evacuation Pause) 91M->13M(1024M) 2.199ms
[2024-02-04T23:10:46.722+0000][7][gc,cpu      ] GC(2) User=0.01s Sys=0.00s Real=0.00s
[2024-02-04T23:10:46.722+0000][7][safepoint   ] Safepoint "G1CollectForAllocation", Time since last: 16892502 ns, Reaching safepoint: 34590 ns, At safepoint: 2231938 ns, Total: 2266528 ns
[2024-02-04T23:10:47.046+0000][7][gc,start    ] GC(3) Pause Young (Concurrent Start) (Metadata GC Threshold)
[2024-02-04T23:10:47.046+0000][7][gc,task     ] GC(3) Using 8 workers of 8 for evacuation
[2024-02-04T23:10:47.046+0000][7][gc,age      ] GC(3) Desired survivor size 41943040 bytes, new threshold 15 (max threshold 15)
[2024-02-04T23:10:47.049+0000][7][gc,phases   ] GC(3)   Pre Evacuate Collection Set: 0.1ms
[2024-02-04T23:10:47.049+0000][7][gc,phases   ] GC(3)   Merge Heap Roots: 0.0ms
[2024-02-04T23:10:47.049+0000][7][gc,phases   ] GC(3)   Evacuate Collection Set: 1.7ms
[2024-02-04T23:10:47.049+0000][7][gc,phases   ] GC(3)   Post Evacuate Collection Set: 0.4ms
[2024-02-04T23:10:47.049+0000][7][gc,phases   ] GC(3)   Other: 0.1ms
[2024-02-04T23:10:47.049+0000][7][gc,age      ] GC(3) Age table with threshold 15 (max threshold 15)
[2024-02-04T23:10:47.049+0000][7][gc,age      ] GC(3) - age   1:    1265336 bytes,    1265336 total
[2024-02-04T23:10:47.049+0000][7][gc,age      ] GC(3) - age   2:    1545888 bytes,    2811224 total
[2024-02-04T23:10:47.049+0000][7][gc,age      ] GC(3) - age   3:    1253040 bytes,    4064264 total
[2024-02-04T23:10:47.049+0000][7][gc,heap     ] GC(3) Eden regions: 17->0(151)
[2024-02-04T23:10:47.049+0000][7][gc,heap     ] GC(3) Survivor regions: 1->2(20)
[2024-02-04T23:10:47.049+0000][7][gc,heap     ] GC(3) Old regions: 2->2
[2024-02-04T23:10:47.049+0000][7][gc,heap     ] GC(3) Archive regions: 2->2
[2024-02-04T23:10:47.049+0000][7][gc,heap     ] GC(3) Humongous regions: 0->0
[2024-02-04T23:10:47.049+0000][7][gc,metaspace] GC(3) Metaspace: 21106K(21504K)->21106K(21504K) NonClass: 18741K(19008K)->18741K(19008K) Class: 2365K(2496K)->2365K(2496K)
[2024-02-04T23:10:47.049+0000][7][gc          ] GC(3) Pause Young (Concurrent Start) (Metadata GC Threshold) 78M->14M(1024M) 2.422ms
[2024-02-04T23:10:47.049+0000][7][gc,cpu      ] GC(3) User=0.01s Sys=0.00s Real=0.01s
[2024-02-04T23:10:47.049+0000][7][gc          ] GC(4) Concurrent Mark Cycle
[2024-02-04T23:10:47.049+0000][7][safepoint   ] Safepoint "CollectForMetadataAllocation", Time since last: 323997914 ns, Reaching safepoint: 95309 ns, At safepoint: 2500221 ns, Total: 2595530 ns
[2024-02-04T23:10:47.049+0000][7][gc,marking  ] GC(4) Concurrent Clear Claimed Marks
[2024-02-04T23:10:47.049+0000][7][gc,marking  ] GC(4) Concurrent Clear Claimed Marks 0.026ms
[2024-02-04T23:10:47.049+0000][7][gc,marking  ] GC(4) Concurrent Scan Root Regions
[2024-02-04T23:10:47.051+0000][7][gc,marking  ] GC(4) Concurrent Scan Root Regions 2.015ms
[2024-02-04T23:10:47.051+0000][7][gc,marking  ] GC(4) Concurrent Mark
[2024-02-04T23:10:47.051+0000][7][gc,marking  ] GC(4) Concurrent Mark From Roots
[2024-02-04T23:10:47.051+0000][7][gc,task     ] GC(4) Using 2 workers of 2 for marking
[2024-02-04T23:10:47.057+0000][7][gc,marking  ] GC(4) Concurrent Mark From Roots 6.185ms
[2024-02-04T23:10:47.057+0000][7][gc,marking  ] GC(4) Concurrent Preclean
[2024-02-04T23:10:47.057+0000][7][gc,marking  ] GC(4) Concurrent Preclean 0.024ms
[2024-02-04T23:10:47.057+0000][7][gc,start    ] GC(4) Pause Remark
[2024-02-04T23:10:47.060+0000][7][gc          ] GC(4) Pause Remark 16M->16M(1024M) 2.908ms
[2024-02-04T23:10:47.060+0000][7][gc,cpu      ] GC(4) User=0.02s Sys=0.00s Real=0.01s
[2024-02-04T23:10:47.060+0000][7][safepoint   ] Safepoint "G1Concurrent", Time since last: 8361746 ns, Reaching safepoint: 94967 ns, At safepoint: 2977483 ns, Total: 3072450 ns
[2024-02-04T23:10:47.060+0000][7][gc,marking  ] GC(4) Concurrent Mark 9.363ms
[2024-02-04T23:10:47.060+0000][7][gc,marking  ] GC(4) Concurrent Rebuild Remembered Sets
[2024-02-04T23:10:47.063+0000][7][gc,marking  ] GC(4) Concurrent Rebuild Remembered Sets 2.429ms
[2024-02-04T23:10:47.063+0000][7][gc,start    ] GC(4) Pause Cleanup
[2024-02-04T23:10:47.063+0000][7][gc          ] GC(4) Pause Cleanup 18M->18M(1024M) 0.061ms
[2024-02-04T23:10:47.063+0000][7][gc,cpu      ] GC(4) User=0.00s Sys=0.00s Real=0.00s
[2024-02-04T23:10:47.063+0000][7][safepoint   ] Safepoint "G1Concurrent", Time since last: 2536647 ns, Reaching safepoint: 219978 ns, At safepoint: 85092 ns, Total: 305070 ns
[2024-02-04T23:10:47.063+0000][7][gc,marking  ] GC(4) Concurrent Cleanup for Next Mark
[2024-02-04T23:10:47.065+0000][7][gc,marking  ] GC(4) Concurrent Cleanup for Next Mark 1.963ms
[2024-02-04T23:10:47.065+0000][7][gc          ] GC(4) Concurrent Mark Cycle 16.298ms
[2024-02-04T23:10:47.808+0000][7][safepoint   ] Safepoint "ICBufferFull", Time since last: 745049286 ns, Reaching safepoint: 118878 ns, At safepoint: 1918 ns, Total: 120796 ns
[2024-02-04T23:10:48.417+0000][7][gc,start    ] GC(5) Pause Young (Normal) (G1 Evacuation Pause)
[2024-02-04T23:10:48.417+0000][7][gc,task     ] GC(5) Using 8 workers of 8 for evacuation
[2024-02-04T23:10:48.417+0000][7][gc,age      ] GC(5) Desired survivor size 41943040 bytes, new threshold 15 (max threshold 15)
[2024-02-04T23:10:48.422+0000][7][gc,phases   ] GC(5)   Pre Evacuate Collection Set: 0.0ms
[2024-02-04T23:10:48.422+0000][7][gc,phases   ] GC(5)   Merge Heap Roots: 0.0ms
[2024-02-04T23:10:48.422+0000][7][gc,phases   ] GC(5)   Evacuate Collection Set: 4.8ms
[2024-02-04T23:10:48.422+0000][7][gc,phases   ] GC(5)   Post Evacuate Collection Set: 0.6ms
[2024-02-04T23:10:48.422+0000][7][gc,phases   ] GC(5)   Other: 0.1ms
[2024-02-04T23:10:48.422+0000][7][gc,age      ] GC(5) Age table with threshold 15 (max threshold 15)
[2024-02-04T23:10:48.422+0000][7][gc,age      ] GC(5) - age   1:    9863000 bytes,    9863000 total
[2024-02-04T23:10:48.422+0000][7][gc,age      ] GC(5) - age   2:    1242432 bytes,   11105432 total
[2024-02-04T23:10:48.422+0000][7][gc,age      ] GC(5) - age   3:    1541464 bytes,   12646896 total
[2024-02-04T23:10:48.422+0000][7][gc,age      ] GC(5) - age   4:    1226544 bytes,   13873440 total
[2024-02-04T23:10:48.422+0000][7][gc,heap     ] GC(5) Eden regions: 151->0(149)
[2024-02-04T23:10:48.422+0000][7][gc,heap     ] GC(5) Survivor regions: 2->4(20)
[2024-02-04T23:10:48.422+0000][7][gc,heap     ] GC(5) Old regions: 2->2
[2024-02-04T23:10:48.422+0000][7][gc,heap     ] GC(5) Archive regions: 2->2
[2024-02-04T23:10:48.422+0000][7][gc,heap     ] GC(5) Humongous regions: 0->0
[2024-02-04T23:10:48.422+0000][7][gc,metaspace] GC(5) Metaspace: 29598K(30208K)->29598K(30208K) NonClass: 26195K(26560K)->26195K(26560K) Class: 3403K(3648K)->3403K(3648K)
[2024-02-04T23:10:48.423+0000][7][gc          ] GC(5) Pause Young (Normal) (G1 Evacuation Pause) 618M->23M(1024M) 5.693ms
[2024-02-04T23:10:48.423+0000][7][gc,cpu      ] GC(5) User=0.03s Sys=0.00s Real=0.01s
[2024-02-04T23:10:48.423+0000][7][safepoint   ] Safepoint "G1CollectForAllocation", Time since last: 608358702 ns, Reaching safepoint: 102091 ns, At safepoint: 5726992 ns, Total: 5829083 ns
[2024-02-04T23:10:49.552+0000][7][safepoint   ] Safepoint "ICBufferFull", Time since last: 1129091525 ns, Reaching safepoint: 117818 ns, At safepoint: 2321 ns, Total: 120139 ns
[2024-02-04T23:10:49.592+0000][7][gc,start    ] GC(6) Pause Young (Concurrent Start) (Metadata GC Threshold)
[2024-02-04T23:10:49.592+0000][7][gc,task     ] GC(6) Using 8 workers of 8 for evacuation
[2024-02-04T23:10:49.592+0000][7][gc,age      ] GC(6) Desired survivor size 41943040 bytes, new threshold 15 (max threshold 15)
[2024-02-04T23:10:49.601+0000][7][gc,phases   ] GC(6)   Pre Evacuate Collection Set: 0.1ms
[2024-02-04T23:10:49.601+0000][7][gc,phases   ] GC(6)   Merge Heap Roots: 0.0ms
[2024-02-04T23:10:49.601+0000][7][gc,phases   ] GC(6)   Evacuate Collection Set: 7.5ms
[2024-02-04T23:10:49.601+0000][7][gc,phases   ] GC(6)   Post Evacuate Collection Set: 0.7ms
[2024-02-04T23:10:49.601+0000][7][gc,phases   ] GC(6)   Other: 0.1ms
[2024-02-04T23:10:49.601+0000][7][gc,age      ] GC(6) Age table with threshold 15 (max threshold 15)
[2024-02-04T23:10:49.601+0000][7][gc,age      ] GC(6) - age   1:    4650312 bytes,    4650312 total
[2024-02-04T23:10:49.601+0000][7][gc,age      ] GC(6) - age   2:    8856000 bytes,   13506312 total
[2024-02-04T23:10:49.601+0000][7][gc,age      ] GC(6) - age   3:    1219576 bytes,   14725888 total
[2024-02-04T23:10:49.601+0000][7][gc,age      ] GC(6) - age   4:    1478440 bytes,   16204328 total
[2024-02-04T23:10:49.601+0000][7][gc,age      ] GC(6) - age   5:    1215344 bytes,   17419672 total
[2024-02-04T23:10:49.601+0000][7][gc,heap     ] GC(6) Eden regions: 144->0(148)
[2024-02-04T23:10:49.601+0000][7][gc,heap     ] GC(6) Survivor regions: 4->5(20)
[2024-02-04T23:10:49.601+0000][7][gc,heap     ] GC(6) Old regions: 2->2
[2024-02-04T23:10:49.601+0000][7][gc,heap     ] GC(6) Archive regions: 2->2
[2024-02-04T23:10:49.601+0000][7][gc,heap     ] GC(6) Humongous regions: 0->0
[2024-02-04T23:10:49.601+0000][7][gc,metaspace] GC(6) Metaspace: 35053K(35840K)->35053K(35840K) NonClass: 30942K(31360K)->30942K(31360K) Class: 4110K(4480K)->4110K(4480K)
[2024-02-04T23:10:49.601+0000][7][gc          ] GC(6) Pause Young (Concurrent Start) (Metadata GC Threshold) 599M->27M(1024M) 8.666ms
[2024-02-04T23:10:49.601+0000][7][gc,cpu      ] GC(6) User=0.04s Sys=0.00s Real=0.01s
[2024-02-04T23:10:49.601+0000][7][gc          ] GC(7) Concurrent Mark Cycle
[2024-02-04T23:10:49.601+0000][7][gc,marking  ] GC(7) Concurrent Clear Claimed Marks
[2024-02-04T23:10:49.601+0000][7][safepoint   ] Safepoint "CollectForMetadataAllocation", Time since last: 40456197 ns, Reaching safepoint: 63637 ns, At safepoint: 8785848 ns, Total: 8849485 ns
[2024-02-04T23:10:49.601+0000][7][gc,marking  ] GC(7) Concurrent Clear Claimed Marks 0.050ms
[2024-02-04T23:10:49.601+0000][7][gc,marking  ] GC(7) Concurrent Scan Root Regions
[2024-02-04T23:10:49.607+0000][7][gc,marking  ] GC(7) Concurrent Scan Root Regions 6.260ms
[2024-02-04T23:10:49.607+0000][7][gc,marking  ] GC(7) Concurrent Mark
[2024-02-04T23:10:49.607+0000][7][gc,marking  ] GC(7) Concurrent Mark From Roots
[2024-02-04T23:10:49.607+0000][7][gc,task     ] GC(7) Using 2 workers of 2 for marking
[2024-02-04T23:10:49.613+0000][7][gc,marking  ] GC(7) Concurrent Mark From Roots 5.872ms
[2024-02-04T23:10:49.613+0000][7][gc,marking  ] GC(7) Concurrent Preclean
[2024-02-04T23:10:49.613+0000][7][gc,marking  ] GC(7) Concurrent Preclean 0.030ms
[2024-02-04T23:10:49.613+0000][7][gc,start    ] GC(7) Pause Remark
[2024-02-04T23:10:49.616+0000][7][gc          ] GC(7) Pause Remark 29M->29M(1024M) 2.497ms
[2024-02-04T23:10:49.616+0000][7][gc,cpu      ] GC(7) User=0.02s Sys=0.00s Real=0.00s
[2024-02-04T23:10:49.616+0000][7][safepoint   ] Safepoint "G1Concurrent", Time since last: 12298026 ns, Reaching safepoint: 25596 ns, At safepoint: 2558725 ns, Total: 2584321 ns
[2024-02-04T23:10:49.616+0000][7][gc,marking  ] GC(7) Concurrent Mark 8.585ms
[2024-02-04T23:10:49.616+0000][7][gc,marking  ] GC(7) Concurrent Rebuild Remembered Sets
[2024-02-04T23:10:49.619+0000][7][gc,marking  ] GC(7) Concurrent Rebuild Remembered Sets 2.540ms
[2024-02-04T23:10:49.619+0000][7][gc,start    ] GC(7) Pause Cleanup
[2024-02-04T23:10:49.619+0000][7][gc          ] GC(7) Pause Cleanup 29M->29M(1024M) 0.067ms
[2024-02-04T23:10:49.619+0000][7][gc,cpu      ] GC(7) User=0.00s Sys=0.00s Real=0.00s
[2024-02-04T23:10:49.619+0000][7][safepoint   ] Safepoint "G1Concurrent", Time since last: 2643164 ns, Reaching safepoint: 92577 ns, At safepoint: 89655 ns, Total: 182232 ns
[2024-02-04T23:10:49.619+0000][7][gc,marking  ] GC(7) Concurrent Cleanup for Next Mark
[2024-02-04T23:10:49.621+0000][7][gc,marking  ] GC(7) Concurrent Cleanup for Next Mark 2.349ms
[2024-02-04T23:10:49.621+0000][7][gc          ] GC(7) Concurrent Mark Cycle 20.217ms
[2024-02-04T23:10:50.476+0000][7][safepoint   ] Safepoint "ICBufferFull", Time since last: 857277711 ns, Reaching safepoint: 194765 ns, At safepoint: 4538 ns, Total: 199303 ns
[2024-02-04T23:10:51.594+0000][7][safepoint   ] Safepoint "ICBufferFull", Time since last: 1117125711 ns, Reaching safepoint: 279097 ns, At safepoint: 4296 ns, Total: 283393 ns
[2024-02-04T23:10:52.256+0000][7][safepoint   ] Safepoint "ICBufferFull", Time since last: 662514872 ns, Reaching safepoint: 168839 ns, At safepoint: 12183 ns, Total: 181022 ns
[2024-02-04T23:10:53.314+0000][7][gc,start    ] GC(8) Pause Young (Concurrent Start) (Metadata GC Threshold)
[2024-02-04T23:10:53.314+0000][7][gc,task     ] GC(8) Using 8 workers of 8 for evacuation
[2024-02-04T23:10:53.314+0000][7][gc,age      ] GC(8) Desired survivor size 41943040 bytes, new threshold 15 (max threshold 15)
[2024-02-04T23:10:53.342+0000][7][gc,phases   ] GC(8)   Pre Evacuate Collection Set: 0.2ms
[2024-02-04T23:10:53.342+0000][7][gc,phases   ] GC(8)   Merge Heap Roots: 0.0ms
[2024-02-04T23:10:53.342+0000][7][gc,phases   ] GC(8)   Evacuate Collection Set: 26.4ms
[2024-02-04T23:10:53.342+0000][7][gc,phases   ] GC(8)   Post Evacuate Collection Set: 1.6ms
[2024-02-04T23:10:53.342+0000][7][gc,phases   ] GC(8)   Other: 0.1ms
[2024-02-04T23:10:53.342+0000][7][gc,age      ] GC(8) Age table with threshold 15 (max threshold 15)
[2024-02-04T23:10:53.342+0000][7][gc,age      ] GC(8) - age   1:   24601592 bytes,   24601592 total
[2024-02-04T23:10:53.342+0000][7][gc,age      ] GC(8) - age   2:    4455592 bytes,   29057184 total
[2024-02-04T23:10:53.342+0000][7][gc,age      ] GC(8) - age   3:    8774912 bytes,   37832096 total
[2024-02-04T23:10:53.342+0000][7][gc,age      ] GC(8) - age   4:    1209744 bytes,   39041840 total
[2024-02-04T23:10:53.342+0000][7][gc,age      ] GC(8) - age   5:    1472320 bytes,   40514160 total
[2024-02-04T23:10:53.342+0000][7][gc,age      ] GC(8) - age   6:    1201032 bytes,   41715192 total
[2024-02-04T23:10:53.342+0000][7][gc,heap     ] GC(8) Eden regions: 101->0(142)
[2024-02-04T23:10:53.342+0000][7][gc,heap     ] GC(8) Survivor regions: 5->11(20)
[2024-02-04T23:10:53.342+0000][7][gc,heap     ] GC(8) Old regions: 2->2
[2024-02-04T23:10:53.342+0000][7][gc,heap     ] GC(8) Archive regions: 2->2
[2024-02-04T23:10:53.342+0000][7][gc,heap     ] GC(8) Humongous regions: 0->0
[2024-02-04T23:10:53.342+0000][7][gc,metaspace] GC(8) Metaspace: 58524K(59968K)->58524K(59968K) NonClass: 50986K(51776K)->50986K(51776K) Class: 7537K(8192K)->7537K(8192K)
[2024-02-04T23:10:53.342+0000][7][gc          ] GC(8) Pause Young (Concurrent Start) (Metadata GC Threshold) 429M->50M(1024M) 28.441ms
[2024-02-04T23:10:53.342+0000][7][gc,cpu      ] GC(8) User=0.15s Sys=0.00s Real=0.03s
[2024-02-04T23:10:53.342+0000][7][gc          ] GC(9) Concurrent Mark Cycle
[2024-02-04T23:10:53.342+0000][7][gc,marking  ] GC(9) Concurrent Clear Claimed Marks
[2024-02-04T23:10:53.342+0000][7][safepoint   ] Safepoint "CollectForMetadataAllocation", Time since last: 1057318264 ns, Reaching safepoint: 101195 ns, At safepoint: 28536999 ns, Total: 28638194 ns
[2024-02-04T23:10:53.342+0000][7][gc,marking  ] GC(9) Concurrent Clear Claimed Marks 0.091ms
[2024-02-04T23:10:53.342+0000][7][gc,marking  ] GC(9) Concurrent Scan Root Regions
[2024-02-04T23:10:53.357+0000][7][gc,marking  ] GC(9) Concurrent Scan Root Regions 14.802ms
[2024-02-04T23:10:53.357+0000][7][gc,marking  ] GC(9) Concurrent Mark
[2024-02-04T23:10:53.357+0000][7][gc,marking  ] GC(9) Concurrent Mark From Roots
[2024-02-04T23:10:53.357+0000][7][gc,task     ] GC(9) Using 2 workers of 2 for marking
[2024-02-04T23:10:53.363+0000][7][gc,marking  ] GC(9) Concurrent Mark From Roots 5.883ms
[2024-02-04T23:10:53.363+0000][7][gc,marking  ] GC(9) Concurrent Preclean
[2024-02-04T23:10:53.363+0000][7][gc,marking  ] GC(9) Concurrent Preclean 0.035ms
[2024-02-04T23:10:53.363+0000][7][gc,start    ] GC(9) Pause Remark
[2024-02-04T23:10:53.369+0000][7][gc          ] GC(9) Pause Remark 52M->52M(1024M) 5.672ms
[2024-02-04T23:10:53.369+0000][7][gc,cpu      ] GC(9) User=0.01s Sys=0.00s Real=0.01s
[2024-02-04T23:10:53.369+0000][7][safepoint   ] Safepoint "G1Concurrent", Time since last: 20914214 ns, Reaching safepoint: 134842 ns, At safepoint: 5805253 ns, Total: 5940095 ns
[2024-02-04T23:10:53.369+0000][7][gc,marking  ] GC(9) Concurrent Mark 11.964ms
[2024-02-04T23:10:53.369+0000][7][gc,marking  ] GC(9) Concurrent Rebuild Remembered Sets
[2024-02-04T23:10:53.372+0000][7][gc,marking  ] GC(9) Concurrent Rebuild Remembered Sets 2.571ms
[2024-02-04T23:10:53.372+0000][7][gc,start    ] GC(9) Pause Cleanup
[2024-02-04T23:10:53.372+0000][7][gc          ] GC(9) Pause Cleanup 52M->52M(1024M) 0.074ms
[2024-02-04T23:10:53.372+0000][7][gc,cpu      ] GC(9) User=0.00s Sys=0.00s Real=0.00s
[2024-02-04T23:10:53.372+0000][7][safepoint   ] Safepoint "G1Concurrent", Time since last: 2682277 ns, Reaching safepoint: 88722 ns, At safepoint: 100186 ns, Total: 188908 ns
[2024-02-04T23:10:53.372+0000][7][gc,marking  ] GC(9) Concurrent Cleanup for Next Mark
[2024-02-04T23:10:53.374+0000][7][gc,marking  ] GC(9) Concurrent Cleanup for Next Mark 2.389ms
[2024-02-04T23:10:53.375+0000][7][gc          ] GC(9) Concurrent Mark Cycle 32.259ms
[2024-02-04T23:10:54.100+0000][7][safepoint   ] Safepoint "ICBufferFull", Time since last: 727963456 ns, Reaching safepoint: 220817 ns, At safepoint: 2538 ns, Total: 223355 ns
[2024-02-04T23:10:55.124+0000][7][safepoint   ] Safepoint "Cleanup", Time since last: 1023754535 ns, Reaching safepoint: 90618 ns, At safepoint: 1955 ns, Total: 92573 ns
[2024-02-04T23:10:56.426+0000][7][safepoint   ] Safepoint "Cleanup", Time since last: 1300489103 ns, Reaching safepoint: 996093 ns, At safepoint: 5115 ns, Total: 1001208 ns
[2024-02-04T23:10:56.976+0000][7][safepoint   ] Safepoint "ICBufferFull", Time since last: 549990840 ns, Reaching safepoint: 128501 ns, At safepoint: 4090 ns, Total: 132591 ns
[2024-02-04T23:10:57.748+0000][7][safepoint   ] Safepoint "ICBufferFull", Time since last: 771944479 ns, Reaching safepoint: 289408 ns, At safepoint: 5097 ns, Total: 294505 ns
[2024-02-04T23:10:57.832+0000][7][gc,start    ] GC(10) Pause Young (Concurrent Start) (Metadata GC Threshold)
[2024-02-04T23:10:57.832+0000][7][gc,task     ] GC(10) Using 8 workers of 8 for evacuation
[2024-02-04T23:10:57.832+0000][7][gc,age      ] GC(10) Desired survivor size 41943040 bytes, new threshold 15 (max threshold 15)
[2024-02-04T23:10:57.863+0000][7][gc,phases   ] GC(10)   Pre Evacuate Collection Set: 0.2ms
[2024-02-04T23:10:57.863+0000][7][gc,phases   ] GC(10)   Merge Heap Roots: 0.0ms
[2024-02-04T23:10:57.863+0000][7][gc,phases   ] GC(10)   Evacuate Collection Set: 27.5ms
[2024-02-04T23:10:57.863+0000][7][gc,phases   ] GC(10)   Post Evacuate Collection Set: 2.7ms
[2024-02-04T23:10:57.863+0000][7][gc,phases   ] GC(10)   Other: 0.0ms
[2024-02-04T23:10:57.863+0000][7][gc,age      ] GC(10) Age table with threshold 15 (max threshold 15)
[2024-02-04T23:10:57.863+0000][7][gc,age      ] GC(10) - age   1:   17413808 bytes,   17413808 total
[2024-02-04T23:10:57.863+0000][7][gc,age      ] GC(10) - age   2:   23960168 bytes,   41373976 total
[2024-02-04T23:10:57.863+0000][7][gc,age      ] GC(10) - age   3:    4419848 bytes,   45793824 total
[2024-02-04T23:10:57.863+0000][7][gc,age      ] GC(10) - age   4:    8739904 bytes,   54533728 total
[2024-02-04T23:10:57.863+0000][7][gc,age      ] GC(10) - age   5:    1205464 bytes,   55739192 total
[2024-02-04T23:10:57.863+0000][7][gc,age      ] GC(10) - age   6:    1468336 bytes,   57207528 total
[2024-02-04T23:10:57.863+0000][7][gc,age      ] GC(10) - age   7:    1198040 bytes,   58405568 total
[2024-02-04T23:10:57.863+0000][7][gc,heap     ] GC(10) Eden regions: 119->0(138)
[2024-02-04T23:10:57.863+0000][7][gc,heap     ] GC(10) Survivor regions: 11->15(20)
[2024-02-04T23:10:57.863+0000][7][gc,heap     ] GC(10) Old regions: 2->2
[2024-02-04T23:10:57.863+0000][7][gc,heap     ] GC(10) Archive regions: 2->2
[2024-02-04T23:10:57.863+0000][7][gc,heap     ] GC(10) Humongous regions: 0->0
[2024-02-04T23:10:57.863+0000][7][gc,metaspace] GC(10) Metaspace: 97586K(100480K)->97586K(100480K) NonClass: 84395K(85888K)->84395K(85888K) Class: 13191K(14592K)->13191K(14592K)
[2024-02-04T23:10:57.863+0000][7][gc          ] GC(10) Pause Young (Concurrent Start) (Metadata GC Threshold) 524M->68M(1024M) 30.671ms
[2024-02-04T23:10:57.863+0000][7][gc          ] GC(11) Concurrent Mark Cycle
[2024-02-04T23:10:57.863+0000][7][gc,cpu      ] GC(10) User=0.17s Sys=0.00s Real=0.03s
[2024-02-04T23:10:57.863+0000][7][gc,marking  ] GC(11) Concurrent Clear Claimed Marks
[2024-02-04T23:10:57.863+0000][7][safepoint   ] Safepoint "CollectForMetadataAllocation", Time since last: 83867023 ns, Reaching safepoint: 274043 ns, At safepoint: 30817500 ns, Total: 31091543 ns
[2024-02-04T23:10:57.863+0000][7][gc,marking  ] GC(11) Concurrent Clear Claimed Marks 0.286ms
[2024-02-04T23:10:57.863+0000][7][gc,marking  ] GC(11) Concurrent Scan Root Regions
[2024-02-04T23:10:57.890+0000][7][gc,marking  ] GC(11) Concurrent Scan Root Regions 26.868ms
[2024-02-04T23:10:57.890+0000][7][gc,marking  ] GC(11) Concurrent Mark
[2024-02-04T23:10:57.890+0000][7][gc,marking  ] GC(11) Concurrent Mark From Roots
[2024-02-04T23:10:57.890+0000][7][gc,task     ] GC(11) Using 2 workers of 2 for marking
[2024-02-04T23:10:57.896+0000][7][gc,marking  ] GC(11) Concurrent Mark From Roots 6.037ms
[2024-02-04T23:10:57.896+0000][7][gc,marking  ] GC(11) Concurrent Preclean
[2024-02-04T23:10:57.896+0000][7][gc,marking  ] GC(11) Concurrent Preclean 0.045ms
[2024-02-04T23:10:57.896+0000][7][gc,start    ] GC(11) Pause Remark
[2024-02-04T23:10:57.899+0000][7][gc          ] GC(11) Pause Remark 71M->71M(1024M) 3.269ms
[2024-02-04T23:10:57.900+0000][7][gc,cpu      ] GC(11) User=0.01s Sys=0.00s Real=0.01s
[2024-02-04T23:10:57.900+0000][7][safepoint   ] Safepoint "G1Concurrent", Time since last: 33257078 ns, Reaching safepoint: 57854 ns, At safepoint: 3336277 ns, Total: 3394131 ns
[2024-02-04T23:10:57.900+0000][7][gc,marking  ] GC(11) Concurrent Mark 9.559ms
[2024-02-04T23:10:57.900+0000][7][gc,marking  ] GC(11) Concurrent Rebuild Remembered Sets
[2024-02-04T23:10:57.902+0000][7][gc,marking  ] GC(11) Concurrent Rebuild Remembered Sets 2.811ms
[2024-02-04T23:10:57.902+0000][7][gc,start    ] GC(11) Pause Cleanup
[2024-02-04T23:10:57.903+0000][7][gc          ] GC(11) Pause Cleanup 71M->71M(1024M) 0.053ms
[2024-02-04T23:10:57.903+0000][7][gc,cpu      ] GC(11) User=0.00s Sys=0.00s Real=0.00s
[2024-02-04T23:10:57.903+0000][7][safepoint   ] Safepoint "G1Concurrent", Time since last: 2878591 ns, Reaching safepoint: 86780 ns, At safepoint: 74329 ns, Total: 161109 ns
[2024-02-04T23:10:57.903+0000][7][gc,marking  ] GC(11) Concurrent Cleanup for Next Mark
[2024-02-04T23:10:57.904+0000][7][gc,marking  ] GC(11) Concurrent Cleanup for Next Mark 1.395ms
[2024-02-04T23:10:57.904+0000][7][gc          ] GC(11) Concurrent Mark Cycle 41.236ms
[2024-02-04T23:10:58.111+0000][7][safepoint   ] Safepoint "ICBufferFull", Time since last: 208485490 ns, Reaching safepoint: 121061 ns, At safepoint: 3003 ns, Total: 124064 ns
[2024-02-04T23:10:58.443+0000][7][safepoint   ] Safepoint "ICBufferFull", Time since last: 331532393 ns, Reaching safepoint: 151370 ns, At safepoint: 7810 ns, Total: 159180 ns
[2024-02-04T23:10:58.836+0000][7][safepoint   ] Safepoint "ICBufferFull", Time since last: 392722331 ns, Reaching safepoint: 150870 ns, At safepoint: 4662 ns, Total: 155532 ns
[2024-02-04T23:10:59.428+0000][7][safepoint   ] Safepoint "ICBufferFull", Time since last: 592121337 ns, Reaching safepoint: 141442 ns, At safepoint: 3946 ns, Total: 145388 ns
[2024-02-04T23:10:59.703+0000][7][safepoint   ] Safepoint "ICBufferFull", Time since last: 272972593 ns, Reaching safepoint: 2445199 ns, At safepoint: 23874 ns, Total: 2469073 ns
[2024-02-04T23:10:59.978+0000][7][safepoint   ] Safepoint "ICBufferFull", Time since last: 274558221 ns, Reaching safepoint: 235068 ns, At safepoint: 9228 ns, Total: 244296 ns
[2024-02-04T23:11:00.257+0000][7][safepoint   ] Safepoint "ICBufferFull", Time since last: 274109708 ns, Reaching safepoint: 4574913 ns, At safepoint: 55711 ns, Total: 4630624 ns
[2024-02-04T23:11:00.697+0000][7][safepoint   ] Safepoint "ICBufferFull", Time since last: 439923550 ns, Reaching safepoint: 208315 ns, At safepoint: 5463 ns, Total: 213778 ns
[2024-02-04T23:11:01.467+0000][7][safepoint   ] Safepoint "ICBufferFull", Time since last: 769851077 ns, Reaching safepoint: 185350 ns, At safepoint: 5598 ns, Total: 190948 ns
[2024-02-04T23:11:02.069+0000][7][safepoint   ] Safepoint "ICBufferFull", Time since last: 601780057 ns, Reaching safepoint: 280890 ns, At safepoint: 22724 ns, Total: 303614 ns
[2024-02-04T23:11:02.418+0000][7][safepoint   ] Safepoint "ICBufferFull", Time since last: 347827880 ns, Reaching safepoint: 1323292 ns, At safepoint: 37545 ns, Total: 1360837 ns
[2024-02-04T23:11:02.854+0000][7][safepoint   ] Safepoint "ICBufferFull", Time since last: 434043497 ns, Reaching safepoint: 1697158 ns, At safepoint: 16248 ns, Total: 1713406 ns
[2024-02-04T23:11:03.255+0000][7][safepoint   ] Safepoint "ICBufferFull", Time since last: 400916116 ns, Reaching safepoint: 160969 ns, At safepoint: 5135 ns, Total: 166104 ns
[2024-02-04T23:11:04.256+0000][7][safepoint   ] Safepoint "Cleanup", Time since last: 1000155424 ns, Reaching safepoint: 235985 ns, At safepoint: 6515 ns, Total: 242500 ns
[2024-02-04T23:11:05.256+0000][7][safepoint   ] Safepoint "Cleanup", Time since last: 1000153062 ns, Reaching safepoint: 69520 ns, At safepoint: 3955 ns, Total: 73475 ns
[2024-02-04T23:11:06.256+0000][7][safepoint   ] Safepoint "Cleanup", Time since last: 1000124079 ns, Reaching safepoint: 134428 ns, At safepoint: 12021 ns, Total: 146449 ns
[2024-02-04T23:11:07.256+0000][7][safepoint   ] Safepoint "Cleanup", Time since last: 1000150165 ns, Reaching safepoint: 49672 ns, At safepoint: 4354 ns, Total: 54026 ns
[2024-02-04T23:11:07.500+0000][7][safepoint   ] Safepoint "ICBufferFull", Time since last: 243186120 ns, Reaching safepoint: 215514 ns, At safepoint: 11597 ns, Total: 227111 ns
[2024-02-04T23:11:07.500+0000][7][safepoint   ] Safepoint "ICBufferFull", Time since last: 70517 ns, Reaching safepoint: 155236 ns, At safepoint: 6492 ns, Total: 161728 ns
[2024-02-04T23:11:08.500+0000][7][safepoint   ] Safepoint "Cleanup", Time since last: 1000085284 ns, Reaching safepoint: 85064 ns, At safepoint: 4001 ns, Total: 89065 ns
[2024-02-04T23:11:09.500+0000][7][safepoint   ] Safepoint "Cleanup", Time since last: 1000086070 ns, Reaching safepoint: 63602 ns, At safepoint: 3514 ns, Total: 67116 ns
[2024-02-04T23:11:10.581+0000][7][safepoint   ] Safepoint "ICBufferFull", Time since last: 1080348332 ns, Reaching safepoint: 373522 ns, At safepoint: 29701 ns, Total: 403223 ns
[2024-02-04T23:11:11.581+0000][7][safepoint   ] Safepoint "Cleanup", Time since last: 1000157304 ns, Reaching safepoint: 142780 ns, At safepoint: 4022 ns, Total: 146802 ns
[2024-02-04T23:11:12.582+0000][7][safepoint   ] Safepoint "Cleanup", Time since last: 1000185722 ns, Reaching safepoint: 105005 ns, At safepoint: 11147 ns, Total: 116152 ns
[2024-02-04T23:11:13.582+0000][7][safepoint   ] Safepoint "Cleanup", Time since last: 1000274159 ns, Reaching safepoint: 122415 ns, At safepoint: 11204 ns, Total: 133619 ns
[2024-02-04T23:11:14.582+0000][7][safepoint   ] Safepoint "Cleanup", Time since last: 1000190934 ns, Reaching safepoint: 80418 ns, At safepoint: 8323 ns, Total: 88741 ns
[2024-02-04T23:11:15.583+0000][7][safepoint   ] Safepoint "Cleanup", Time since last: 1000180090 ns, Reaching safepoint: 55238 ns, At safepoint: 7085 ns, Total: 62323 ns
[2024-02-04T23:11:16.583+0000][7][safepoint   ] Safepoint "Cleanup", Time since last: 1000213283 ns, Reaching safepoint: 138414 ns, At safepoint: 6583 ns, Total: 144997 ns
[2024-02-04T23:11:16.871+0000][7][safepoint   ] Safepoint "ICBufferFull", Time since last: 288181964 ns, Reaching safepoint: 159879 ns, At safepoint: 2733 ns, Total: 162612 ns
[2024-02-04T23:11:18.351+0000][7][safepoint   ] Safepoint "Cleanup", Time since last: 1479363662 ns, Reaching safepoint: 123279 ns, At safepoint: 17737 ns, Total: 141016 ns
[2024-02-04T23:11:19.351+0000][7][safepoint   ] Safepoint "Cleanup", Time since last: 1000115656 ns, Reaching safepoint: 88817 ns, At safepoint: 5935 ns, Total: 94752 ns
[2024-02-04T23:11:20.351+0000][7][safepoint   ] Safepoint "Cleanup", Time since last: 1000136238 ns, Reaching safepoint: 126536 ns, At safepoint: 8881 ns, Total: 135417 ns
[2024-02-04T23:11:22.352+0000][7][safepoint   ] Safepoint "Cleanup", Time since last: 2000219026 ns, Reaching safepoint: 144386 ns, At safepoint: 7497 ns, Total: 151883 ns
[2024-02-04T23:11:23.352+0000][7][safepoint   ] Safepoint "Cleanup", Time since last: 1000132614 ns, Reaching safepoint: 206206 ns, At safepoint: 9636 ns, Total: 215842 ns
[2024-02-04T23:11:25.353+0000][7][safepoint   ] Safepoint "Cleanup", Time since last: 2000274149 ns, Reaching safepoint: 176555 ns, At safepoint: 13028 ns, Total: 189583 ns
[2024-02-04T23:11:26.353+0000][7][safepoint   ] Safepoint "Cleanup", Time since last: 1000242971 ns, Reaching safepoint: 73300 ns, At safepoint: 7693 ns, Total: 80993 ns
[2024-02-04T23:11:27.353+0000][7][safepoint   ] Safepoint "Cleanup", Time since last: 1000130628 ns, Reaching safepoint: 75918 ns, At safepoint: 5693 ns, Total: 81611 ns
[2024-02-04T23:11:28.353+0000][7][safepoint   ] Safepoint "Cleanup", Time since last: 1000108035 ns, Reaching safepoint: 51588 ns, At safepoint: 16091 ns, Total: 67679 ns
[2024-02-04T23:11:29.354+0000][7][safepoint   ] Safepoint "Cleanup", Time since last: 1000144200 ns, Reaching safepoint: 154338 ns, At safepoint: 7236 ns, Total: 161574 ns
[2024-02-04T23:11:30.354+0000][7][safepoint   ] Safepoint "Cleanup", Time since last: 1000245217 ns, Reaching safepoint: 112472 ns, At safepoint: 10138 ns, Total: 122610 ns
[2024-02-04T23:11:32.349+0000][7][safepoint   ] Safepoint "Cleanup", Time since last: 1994786578 ns, Reaching safepoint: 55451 ns, At safepoint: 2961 ns, Total: 58412 ns
[2024-02-04T23:11:34.349+0000][7][safepoint   ] Safepoint "Cleanup", Time since last: 2000164341 ns, Reaching safepoint: 37425 ns, At safepoint: 4605 ns, Total: 42030 ns
[2024-02-04T23:11:35.349+0000][7][safepoint   ] Safepoint "Cleanup", Time since last: 1000121915 ns, Reaching safepoint: 225953 ns, At safepoint: 19880 ns, Total: 245833 ns
[2024-02-04T23:11:37.350+0000][7][safepoint   ] Safepoint "Cleanup", Time since last: 2000211403 ns, Reaching safepoint: 49769 ns, At safepoint: 9068 ns, Total: 58837 ns
[2024-02-04T23:11:38.350+0000][7][safepoint   ] Safepoint "Cleanup", Time since last: 1000118883 ns, Reaching safepoint: 78194 ns, At safepoint: 4499 ns, Total: 82693 ns
[2024-02-04T23:11:41.350+0000][7][safepoint   ] Safepoint "Cleanup", Time since last: 3000425914 ns, Reaching safepoint: 174513 ns, At safepoint: 12413 ns, Total: 186926 ns
[2024-02-04T23:11:42.351+0000][7][safepoint   ] Safepoint "Cleanup", Time since last: 1000120893 ns, Reaching safepoint: 77299 ns, At safepoint: 17056 ns, Total: 94355 ns
[2024-02-04T23:11:43.351+0000][7][safepoint   ] Safepoint "Cleanup", Time since last: 1000129611 ns, Reaching safepoint: 145807 ns, At safepoint: 8013 ns, Total: 153820 ns
[2024-02-04T23:11:44.351+0000][7][safepoint   ] Safepoint "Cleanup", Time since last: 1000233549 ns, Reaching safepoint: 88800 ns, At safepoint: 6944 ns, Total: 95744 ns
[2024-02-04T23:11:46.352+0000][7][safepoint   ] Safepoint "Cleanup", Time since last: 2000316377 ns, Reaching safepoint: 138218 ns, At safepoint: 7100 ns, Total: 145318 ns
[2024-02-04T23:11:46.402+0000][7][gc,start    ] GC(12) Pause Young (Normal) (G1 Evacuation Pause)
[2024-02-04T23:11:46.403+0000][7][gc,task     ] GC(12) Using 8 workers of 8 for evacuation
[2024-02-04T23:11:46.403+0000][7][gc,age      ] GC(12) Desired survivor size 41943040 bytes, new threshold 3 (max threshold 15)
[2024-02-04T23:11:46.444+0000][7][gc,phases   ] GC(12)   Pre Evacuate Collection Set: 0.1ms
[2024-02-04T23:11:46.444+0000][7][gc,phases   ] GC(12)   Merge Heap Roots: 0.1ms
[2024-02-04T23:11:46.444+0000][7][gc,phases   ] GC(12)   Evacuate Collection Set: 38.4ms
[2024-02-04T23:11:46.444+0000][7][gc,phases   ] GC(12)   Post Evacuate Collection Set: 2.8ms
[2024-02-04T23:11:46.444+0000][7][gc,phases   ] GC(12)   Other: 0.1ms
[2024-02-04T23:11:46.444+0000][7][gc,age      ] GC(12) Age table with threshold 3 (max threshold 15)
[2024-02-04T23:11:46.444+0000][7][gc,age      ] GC(12) - age   1:   23383568 bytes,   23383568 total
[2024-02-04T23:11:46.444+0000][7][gc,age      ] GC(12) - age   2:   16539504 bytes,   39923072 total
[2024-02-04T23:11:46.444+0000][7][gc,age      ] GC(12) - age   3:   23707696 bytes,   63630768 total
[2024-02-04T23:11:46.444+0000][7][gc,heap     ] GC(12) Eden regions: 138->0(136)
[2024-02-04T23:11:46.444+0000][7][gc,heap     ] GC(12) Survivor regions: 15->17(20)
[2024-02-04T23:11:46.444+0000][7][gc,heap     ] GC(12) Old regions: 2->6
[2024-02-04T23:11:46.444+0000][7][gc,heap     ] GC(12) Archive regions: 2->2
[2024-02-04T23:11:46.444+0000][7][gc,heap     ] GC(12) Humongous regions: 0->0
[2024-02-04T23:11:46.444+0000][7][gc,metaspace] GC(12) Metaspace: 119526K(122816K)->119526K(122816K) NonClass: 103384K(105088K)->103384K(105088K) Class: 16142K(17728K)->16142K(17728K)
[2024-02-04T23:11:46.444+0000][7][gc          ] GC(12) Pause Young (Normal) (G1 Evacuation Pause) 620M->92M(1024M) 41.689ms
[2024-02-04T23:11:46.444+0000][7][gc,cpu      ] GC(12) User=0.31s Sys=0.00s Real=0.04s
[2024-02-04T23:11:46.444+0000][7][safepoint   ] Safepoint "G1CollectForAllocation", Time since last: 50608050 ns, Reaching safepoint: 156142 ns, At safepoint: 41794135 ns, Total: 41950277 ns
[2024-02-04T23:11:47.445+0000][7][safepoint   ] Safepoint "Cleanup", Time since last: 1000218215 ns, Reaching safepoint: 135374 ns, At safepoint: 10498 ns, Total: 145872 ns
[2024-02-04T23:11:49.445+0000][7][safepoint   ] Safepoint "Cleanup", Time since last: 2000349105 ns, Reaching safepoint: 60781 ns, At safepoint: 5740 ns, Total: 66521 ns
[2024-02-04T23:11:50.445+0000][7][safepoint   ] Safepoint "Cleanup", Time since last: 1000244539 ns, Reaching safepoint: 67835 ns, At safepoint: 9322 ns, Total: 77157 ns
[2024-02-04T23:11:52.446+0000][7][safepoint   ] Safepoint "Cleanup", Time since last: 2000280092 ns, Reaching safepoint: 71293 ns, At safepoint: 8901 ns, Total: 80194 ns
[2024-02-04T23:11:53.446+0000][7][safepoint   ] Safepoint "Cleanup", Time since last: 1000195050 ns, Reaching safepoint: 76407 ns, At safepoint: 9559 ns, Total: 85966 ns
[2024-02-04T23:11:55.447+0000][7][safepoint   ] Safepoint "Cleanup", Time since last: 2000389045 ns, Reaching safepoint: 122552 ns, At safepoint: 10844 ns, Total: 133396 ns
[2024-02-04T23:11:57.447+0000][7][safepoint   ] Safepoint "Cleanup", Time since last: 2000332218 ns, Reaching safepoint: 96046 ns, At safepoint: 20078 ns, Total: 116124 ns
[2024-02-04T23:11:58.447+0000][7][safepoint   ] Safepoint "Cleanup", Time since last: 1000210863 ns, Reaching safepoint: 67395 ns, At safepoint: 7662 ns, Total: 75057 ns
[2024-02-04T23:11:59.448+0000][7][safepoint   ] Safepoint "Cleanup", Time since last: 1000194154 ns, Reaching safepoint: 109019 ns, At safepoint: 8256 ns, Total: 117275 ns
[2024-02-04T23:12:00.448+0000][7][safepoint   ] Safepoint "Cleanup", Time since last: 1000134289 ns, Reaching safepoint: 81948 ns, At safepoint: 6642 ns, Total: 88590 ns
[2024-02-04T23:12:01.448+0000][7][safepoint   ] Safepoint "Cleanup", Time since last: 1000138135 ns, Reaching safepoint: 45820 ns, At safepoint: 3896 ns, Total: 49716 ns
[2024-02-04T23:12:02.448+0000][7][safepoint   ] Safepoint "Cleanup", Time since last: 1000147043 ns, Reaching safepoint: 84762 ns, At safepoint: 10638 ns, Total: 95400 ns
[2024-02-04T23:12:04.449+0000][7][safepoint   ] Safepoint "Cleanup", Time since last: 2000283646 ns, Reaching safepoint: 139115 ns, At safepoint: 11212 ns, Total: 150327 ns
[2024-02-04T23:12:05.449+0000][7][safepoint   ] Safepoint "Cleanup", Time since last: 1000114535 ns, Reaching safepoint: 82151 ns, At safepoint: 7044 ns, Total: 89195 ns
[2024-02-04T23:12:07.449+0000][7][safepoint   ] Safepoint "Cleanup", Time since last: 2000231647 ns, Reaching safepoint: 140404 ns, At safepoint: 6902 ns, Total: 147306 ns
[2024-02-04T23:12:10.450+0000][7][safepoint   ] Safepoint "Cleanup", Time since last: 3000498259 ns, Reaching safepoint: 114496 ns, At safepoint: 9992 ns, Total: 124488 ns
[2024-02-04T23:12:11.450+0000][7][safepoint   ] Safepoint "Cleanup", Time since last: 1000243889 ns, Reaching safepoint: 149622 ns, At safepoint: 10067 ns, Total: 159689 ns
[2024-02-04T23:12:12.451+0000][7][safepoint   ] Safepoint "Cleanup", Time since last: 1000212848 ns, Reaching safepoint: 67219 ns, At safepoint: 8530 ns, Total: 75749 ns
[2024-02-04T23:12:13.451+0000][7][safepoint   ] Safepoint "Cleanup", Time since last: 1000140779 ns, Reaching safepoint: 157480 ns, At safepoint: 5693 ns, Total: 163173 ns
[2024-02-04T23:12:14.451+0000][7][safepoint   ] Safepoint "Cleanup", Time since last: 1000221104 ns, Reaching safepoint: 79695 ns, At safepoint: 7079 ns, Total: 86774 ns
[2024-02-04T23:12:15.451+0000][7][safepoint   ] Safepoint "Cleanup", Time since last: 1000150308 ns, Reaching safepoint: 63771 ns, At safepoint: 7838 ns, Total: 71609 ns
[2024-02-04T23:12:16.452+0000][7][safepoint   ] Safepoint "Cleanup", Time since last: 1000206935 ns, Reaching safepoint: 70740 ns, At safepoint: 8562 ns, Total: 79302 ns
[2024-02-04T23:12:17.452+0000][7][safepoint   ] Safepoint "Cleanup", Time since last: 1000223167 ns, Reaching safepoint: 182452 ns, At safepoint: 13289 ns, Total: 195741 ns
[2024-02-04T23:12:19.452+0000][7][safepoint   ] Safepoint "Cleanup", Time since last: 2000294611 ns, Reaching safepoint: 60494 ns, At safepoint: 3305 ns, Total: 63799 ns
[2024-02-04T23:12:22.453+0000][7][safepoint   ] Safepoint "Cleanup", Time since last: 3000582534 ns, Reaching safepoint: 83302 ns, At safepoint: 7772 ns, Total: 91074 ns
[2024-02-04T23:12:23.453+0000][7][safepoint   ] Safepoint "Cleanup", Time since last: 1000145078 ns, Reaching safepoint: 81381 ns, At safepoint: 6148 ns, Total: 87529 ns
[2024-02-04T23:12:25.454+0000][7][safepoint   ] Safepoint "Cleanup", Time since last: 2000348738 ns, Reaching safepoint: 79552 ns, At safepoint: 7248 ns, Total: 86800 ns
[2024-02-04T23:12:27.454+0000][7][safepoint   ] Safepoint "Cleanup", Time since last: 2000346716 ns, Reaching safepoint: 125282 ns, At safepoint: 19865 ns, Total: 145147 ns
[2024-02-04T23:12:28.455+0000][7][safepoint   ] Safepoint "Cleanup", Time since last: 1000213766 ns, Reaching safepoint: 62973 ns, At safepoint: 8916 ns, Total: 71889 ns
[2024-02-04T23:12:29.455+0000][7][safepoint   ] Safepoint "Cleanup", Time since last: 1000118784 ns, Reaching safepoint: 47155 ns, At safepoint: 3072 ns, Total: 50227 ns
[2024-02-04T23:12:30.455+0000][7][safepoint   ] Safepoint "Cleanup", Time since last: 1000231664 ns, Reaching safepoint: 85036 ns, At safepoint: 7740 ns, Total: 92776 ns
[2024-02-04T23:12:31.455+0000][7][safepoint   ] Safepoint "Cleanup", Time since last: 1000220050 ns, Reaching safepoint: 52179 ns, At safepoint: 6519 ns, Total: 58698 ns
[2024-02-04T23:12:32.456+0000][7][safepoint   ] Safepoint "Cleanup", Time since last: 1000145208 ns, Reaching safepoint: 64141 ns, At safepoint: 9378 ns, Total: 73519 ns
[2024-02-04T23:12:34.353+0000][7][safepoint   ] Safepoint "Cleanup", Time since last: 1897632978 ns, Reaching safepoint: 130707 ns, At safepoint: 11304 ns, Total: 142011 ns
[2024-02-04T23:12:35.354+0000][7][safepoint   ] Safepoint "Cleanup", Time since last: 1000228584 ns, Reaching safepoint: 285313 ns, At safepoint: 14743 ns, Total: 300056 ns
[2024-02-04T23:12:36.354+0000][7][safepoint   ] Safepoint "Cleanup", Time since last: 1000164148 ns, Reaching safepoint: 65828 ns, At safepoint: 7673 ns, Total: 73501 ns
[2024-02-04T23:12:37.358+0000][7][safepoint   ] Safepoint "Cleanup", Time since last: 1003938361 ns, Reaching safepoint: 72647 ns, At safepoint: 6811 ns, Total: 79458 ns
[2024-02-04T23:12:38.358+0000][7][safepoint   ] Safepoint "Cleanup", Time since last: 1000151129 ns, Reaching safepoint: 58482 ns, At safepoint: 5521 ns, Total: 64003 ns
[2024-02-04T23:12:40.359+0000][7][safepoint   ] Safepoint "Cleanup", Time since last: 2000200114 ns, Reaching safepoint: 124244 ns, At safepoint: 14974 ns, Total: 139218 ns
[2024-02-04T23:12:41.359+0000][7][safepoint   ] Safepoint "Cleanup", Time since last: 1000141988 ns, Reaching safepoint: 57568 ns, At safepoint: 3408 ns, Total: 60976 ns
[2024-02-04T23:12:42.359+0000][7][safepoint   ] Safepoint "Cleanup", Time since last: 1000136738 ns, Reaching safepoint: 44695 ns, At safepoint: 3759 ns, Total: 48454 ns
[2024-02-04T23:12:43.359+0000][7][safepoint   ] Safepoint "Cleanup", Time since last: 1000095654 ns, Reaching safepoint: 28962 ns, At safepoint: 6749 ns, Total: 35711 ns
[2024-02-04T23:12:44.359+0000][7][safepoint   ] Safepoint "Cleanup", Time since last: 1000122414 ns, Reaching safepoint: 76173 ns, At safepoint: 20048 ns, Total: 96221 ns
[2024-02-04T23:12:46.360+0000][7][safepoint   ] Safepoint "Cleanup", Time since last: 2000270410 ns, Reaching safepoint: 122639 ns, At safepoint: 10836 ns, Total: 133475 ns
[2024-02-04T23:12:47.360+0000][7][safepoint   ] Safepoint "Cleanup", Time since last: 1000133325 ns, Reaching safepoint: 89943 ns, At safepoint: 7101 ns, Total: 97044 ns
[2024-02-04T23:12:49.360+0000][7][safepoint   ] Safepoint "Cleanup", Time since last: 2000217282 ns, Reaching safepoint: 92409 ns, At safepoint: 6429 ns, Total: 98838 ns
[2024-02-04T23:12:50.361+0000][7][safepoint   ] Safepoint "Cleanup", Time since last: 1000130924 ns, Reaching safepoint: 73643 ns, At safepoint: 7541 ns, Total: 81184 ns
[2024-02-04T23:12:52.361+0000][7][safepoint   ] Safepoint "Cleanup", Time since last: 2000364426 ns, Reaching safepoint: 60438 ns, At safepoint: 5938 ns, Total: 66376 ns
[2024-02-04T23:12:53.361+0000][7][safepoint   ] Safepoint "Cleanup", Time since last: 1000250614 ns, Reaching safepoint: 133646 ns, At safepoint: 11731 ns, Total: 145377 ns
[2024-02-04T23:12:55.362+0000][7][safepoint   ] Safepoint "Cleanup", Time since last: 2000296730 ns, Reaching safepoint: 138891 ns, At safepoint: 8134 ns, Total: 147025 ns
[2024-02-04T23:12:56.362+0000][7][safepoint   ] Safepoint "Cleanup", Time since last: 1000132983 ns, Reaching safepoint: 66475 ns, At safepoint: 7383 ns, Total: 73858 ns
[2024-02-04T23:12:57.362+0000][7][safepoint   ] Safepoint "Cleanup", Time since last: 1000117258 ns, Reaching safepoint: 54799 ns, At safepoint: 5893 ns, Total: 60692 ns
[2024-02-04T23:12:58.363+0000][7][safepoint   ] Safepoint "Cleanup", Time since last: 1000219910 ns, Reaching safepoint: 84846 ns, At safepoint: 8269 ns, Total: 93115 ns
[2024-02-04T23:12:59.363+0000][7][safepoint   ] Safepoint "Cleanup", Time since last: 1000229947 ns, Reaching safepoint: 160036 ns, At safepoint: 11966 ns, Total: 172002 ns
[2024-02-04T23:13:00.363+0000][7][safepoint   ] Safepoint "Cleanup", Time since last: 1000151727 ns, Reaching safepoint: 88373 ns, At safepoint: 6266 ns, Total: 94639 ns
[2024-02-04T23:13:01.363+0000][7][safepoint   ] Safepoint "Cleanup", Time since last: 1000159823 ns, Reaching safepoint: 142762 ns, At safepoint: 9615 ns, Total: 152377 ns
[2024-02-04T23:13:02.364+0000][7][safepoint   ] Safepoint "Cleanup", Time since last: 1000151476 ns, Reaching safepoint: 95194 ns, At safepoint: 6627 ns, Total: 101821 ns
[2024-02-04T23:13:04.364+0000][7][safepoint   ] Safepoint "Cleanup", Time since last: 2000221133 ns, Reaching safepoint: 91991 ns, At safepoint: 6002 ns, Total: 97993 ns
[2024-02-04T23:13:05.364+0000][7][safepoint   ] Safepoint "Cleanup", Time since last: 1000173857 ns, Reaching safepoint: 106152 ns, At safepoint: 10428 ns, Total: 116580 ns
[2024-02-04T23:13:07.365+0000][7][safepoint   ] Safepoint "Cleanup", Time since last: 2000206621 ns, Reaching safepoint: 144590 ns, At safepoint: 12253 ns, Total: 156843 ns
[2024-02-04T23:13:08.365+0000][7][safepoint   ] Safepoint "Cleanup", Time since last: 1000226186 ns, Reaching safepoint: 89652 ns, At safepoint: 10391 ns, Total: 100043 ns
[2024-02-04T23:13:09.365+0000][7][safepoint   ] Safepoint "Cleanup", Time since last: 1000140265 ns, Reaching safepoint: 91151 ns, At safepoint: 12721 ns, Total: 103872 ns
[2024-02-04T23:13:10.366+0000][7][safepoint   ] Safepoint "Cleanup", Time since last: 1000132765 ns, Reaching safepoint: 75691 ns, At safepoint: 6203 ns, Total: 81894 ns
[2024-02-04T23:13:11.366+0000][7][safepoint   ] Safepoint "Cleanup", Time since last: 1000135992 ns, Reaching safepoint: 105039 ns, At safepoint: 6692 ns, Total: 111731 ns
[2024-02-04T23:13:13.366+0000][7][safepoint   ] Safepoint "Cleanup", Time since last: 2000251023 ns, Reaching safepoint: 138871 ns, At safepoint: 16118 ns, Total: 154989 ns
[2024-02-04T23:13:16.367+0000][7][safepoint   ] Safepoint "Cleanup", Time since last: 3000504854 ns, Reaching safepoint: 77088 ns, At safepoint: 5504 ns, Total: 82592 ns
[2024-02-04T23:13:17.367+0000][7][safepoint   ] Safepoint "Cleanup", Time since last: 1000135220 ns, Reaching safepoint: 65900 ns, At safepoint: 5588 ns, Total: 71488 ns
[2024-02-04T23:13:20.367+0000][7][safepoint   ] Safepoint "Cleanup", Time since last: 3000411054 ns, Reaching safepoint: 76035 ns, At safepoint: 9041 ns, Total: 85076 ns
[2024-02-04T23:13:22.368+0000][7][safepoint   ] Safepoint "Cleanup", Time since last: 2000212027 ns, Reaching safepoint: 72839 ns, At safepoint: 9151 ns, Total: 81990 ns
[2024-02-04T23:13:23.368+0000][7][safepoint   ] Safepoint "Cleanup", Time since last: 1000138023 ns, Reaching safepoint: 77258 ns, At safepoint: 8167 ns, Total: 85425 ns
[2024-02-04T23:13:25.368+0000][7][safepoint   ] Safepoint "Cleanup", Time since last: 2000272104 ns, Reaching safepoint: 46557 ns, At safepoint: 10629 ns, Total: 57186 ns
[2024-02-04T23:13:27.369+0000][7][safepoint   ] Safepoint "Cleanup", Time since last: 2000331487 ns, Reaching safepoint: 83777 ns, At safepoint: 5809 ns, Total: 89586 ns
[2024-02-04T23:13:28.369+0000][7][safepoint   ] Safepoint "Cleanup", Time since last: 1000123181 ns, Reaching safepoint: 138675 ns, At safepoint: 10134 ns, Total: 148809 ns
[2024-02-04T23:13:29.369+0000][7][safepoint   ] Safepoint "Cleanup", Time since last: 1000277267 ns, Reaching safepoint: 130562 ns, At safepoint: 11847 ns, Total: 142409 ns
[2024-02-04T23:13:31.370+0000][7][safepoint   ] Safepoint "Cleanup", Time since last: 2000385271 ns, Reaching safepoint: 144831 ns, At safepoint: 8740 ns, Total: 153571 ns
[2024-02-04T23:13:32.370+0000][7][safepoint   ] Safepoint "Cleanup", Time since last: 1000227578 ns, Reaching safepoint: 99646 ns, At safepoint: 8868 ns, Total: 108514 ns
[2024-02-04T23:13:34.371+0000][7][safepoint   ] Safepoint "Cleanup", Time since last: 2000323499 ns, Reaching safepoint: 131416 ns, At safepoint: 5710 ns, Total: 137126 ns
[2024-02-04T23:13:35.371+0000][7][safepoint   ] Safepoint "Cleanup", Time since last: 1000126735 ns, Reaching safepoint: 136788 ns, At safepoint: 21524 ns, Total: 158312 ns
[2024-02-04T23:13:37.371+0000][7][safepoint   ] Safepoint "Cleanup", Time since last: 2000340298 ns, Reaching safepoint: 94214 ns, At safepoint: 7952 ns, Total: 102166 ns
[2024-02-04T23:13:38.372+0000][7][safepoint   ] Safepoint "Cleanup", Time since last: 1000267664 ns, Reaching safepoint: 80192 ns, At safepoint: 11227 ns, Total: 91419 ns
[2024-02-04T23:13:40.372+0000][7][safepoint   ] Safepoint "Cleanup", Time since last: 2000285389 ns, Reaching safepoint: 134611 ns, At safepoint: 12548 ns, Total: 147159 ns
[2024-02-04T23:13:41.373+0000][7][safepoint   ] Safepoint "Cleanup", Time since last: 1000266065 ns, Reaching safepoint: 84634 ns, At safepoint: 8007 ns, Total: 92641 ns
[2024-02-04T23:13:46.373+0000][7][safepoint   ] Safepoint "Cleanup", Time since last: 5000447287 ns, Reaching safepoint: 104596 ns, At safepoint: 5210 ns, Total: 109806 ns
[2024-02-04T23:13:47.373+0000][7][safepoint   ] Safepoint "Cleanup", Time since last: 1000101656 ns, Reaching safepoint: 78616 ns, At safepoint: 7494 ns, Total: 86110 ns
[2024-02-04T23:13:48.374+0000][7][safepoint   ] Safepoint "Cleanup", Time since last: 1000125417 ns, Reaching safepoint: 83430 ns, At safepoint: 4799 ns, Total: 88229 ns
[2024-02-04T23:13:49.374+0000][7][safepoint   ] Safepoint "Cleanup", Time since last: 1000129837 ns, Reaching safepoint: 49921 ns, At safepoint: 4580 ns, Total: 54501 ns
[2024-02-04T23:13:50.374+0000][7][safepoint   ] Safepoint "Cleanup", Time since last: 1000105450 ns, Reaching safepoint: 73949 ns, At safepoint: 13679 ns, Total: 87628 ns
[2024-02-04T23:13:52.374+0000][7][safepoint   ] Safepoint "Cleanup", Time since last: 2000234903 ns, Reaching safepoint: 78735 ns, At safepoint: 13921 ns, Total: 92656 ns
[2024-02-04T23:13:53.375+0000][7][safepoint   ] Safepoint "Cleanup", Time since last: 1000144044 ns, Reaching safepoint: 118726 ns, At safepoint: 6805 ns, Total: 125531 ns
[2024-02-04T23:13:55.375+0000][7][safepoint   ] Safepoint "Cleanup", Time since last: 2000204408 ns, Reaching safepoint: 69260 ns, At safepoint: 5560 ns, Total: 74820 ns
[2024-02-04T23:13:58.375+0000][7][safepoint   ] Safepoint "Cleanup", Time since last: 3000437598 ns, Reaching safepoint: 109100 ns, At safepoint: 9845 ns, Total: 118945 ns
[2024-02-04T23:13:59.376+0000][7][safepoint   ] Safepoint "Cleanup", Time since last: 1000234503 ns, Reaching safepoint: 115570 ns, At safepoint: 11831 ns, Total: 127401 ns
[2024-02-04T23:14:00.376+0000][7][safepoint   ] Safepoint "Cleanup", Time since last: 1000231067 ns, Reaching safepoint: 75447 ns, At safepoint: 12923 ns, Total: 88370 ns
[2024-02-04T23:14:01.376+0000][7][safepoint   ] Safepoint "Cleanup", Time since last: 1000148326 ns, Reaching safepoint: 108584 ns, At safepoint: 12121 ns, Total: 120705 ns
[2024-02-04T23:14:02.377+0000][7][safepoint   ] Safepoint "Cleanup", Time since last: 1000129821 ns, Reaching safepoint: 54092 ns, At safepoint: 4379 ns, Total: 58471 ns
[2024-02-04T23:14:04.377+0000][7][safepoint   ] Safepoint "Cleanup", Time since last: 2000200903 ns, Reaching safepoint: 51713 ns, At safepoint: 5723 ns, Total: 57436 ns
[2024-02-04T23:14:05.377+0000][7][safepoint   ] Safepoint "Cleanup", Time since last: 1000127738 ns, Reaching safepoint: 84280 ns, At safepoint: 10070 ns, Total: 94350 ns
[2024-02-04T23:14:06.377+0000][7][safepoint   ] Safepoint "Cleanup", Time since last: 1000259747 ns, Reaching safepoint: 82683 ns, At safepoint: 8977 ns, Total: 91660 ns
[2024-02-04T23:14:07.378+0000][7][safepoint   ] Safepoint "Cleanup", Time since last: 1000208911 ns, Reaching safepoint: 209803 ns, At safepoint: 11144 ns, Total: 220947 ns
[2024-02-04T23:14:10.378+0000][7][safepoint   ] Safepoint "Cleanup", Time since last: 3000405951 ns, Reaching safepoint: 58854 ns, At safepoint: 3864 ns, Total: 62718 ns
[2024-02-04T23:14:11.378+0000][7][safepoint   ] Safepoint "Cleanup", Time since last: 1000116737 ns, Reaching safepoint: 77130 ns, At safepoint: 7629 ns, Total: 84759 ns
[2024-02-04T23:14:12.379+0000][7][safepoint   ] Safepoint "Cleanup", Time since last: 1000143485 ns, Reaching safepoint: 55818 ns, At safepoint: 6531 ns, Total: 62349 ns
[2024-02-04T23:14:13.379+0000][7][safepoint   ] Safepoint "Cleanup", Time since last: 1000139571 ns, Reaching safepoint: 55146 ns, At safepoint: 3879 ns, Total: 59025 ns
[2024-02-04T23:14:16.379+0000][7][safepoint   ] Safepoint "Cleanup", Time since last: 3000356474 ns, Reaching safepoint: 85138 ns, At safepoint: 7467 ns, Total: 92605 ns
[2024-02-04T23:14:17.380+0000][7][safepoint   ] Safepoint "Cleanup", Time since last: 1000107710 ns, Reaching safepoint: 77692 ns, At safepoint: 7365 ns, Total: 85057 ns
[2024-02-04T23:14:19.380+0000][7][safepoint   ] Safepoint "Cleanup", Time since last: 2000181955 ns, Reaching safepoint: 62662 ns, At safepoint: 5889 ns, Total: 68551 ns
[2024-02-04T23:14:20.380+0000][7][safepoint   ] Safepoint "Cleanup", Time since last: 1000199179 ns, Reaching safepoint: 123584 ns, At safepoint: 9362 ns, Total: 132946 ns
[2024-02-04T23:14:22.380+0000][7][safepoint   ] Safepoint "Cleanup", Time since last: 2000181088 ns, Reaching safepoint: 121603 ns, At safepoint: 3932 ns, Total: 125535 ns
[2024-02-04T23:14:23.381+0000][7][safepoint   ] Safepoint "Cleanup", Time since last: 1000126227 ns, Reaching safepoint: 65710 ns, At safepoint: 6625 ns, Total: 72335 ns
[2024-02-04T23:14:25.381+0000][7][safepoint   ] Safepoint "Cleanup", Time since last: 2000325809 ns, Reaching safepoint: 97919 ns, At safepoint: 7629 ns, Total: 105548 ns
[2024-02-04T23:14:29.382+0000][7][safepoint   ] Safepoint "Cleanup", Time since last: 4000483910 ns, Reaching safepoint: 109019 ns, At safepoint: 8436 ns, Total: 117455 ns
[2024-02-04T23:14:30.382+0000][7][safepoint   ] Safepoint "Cleanup", Time since last: 1000118386 ns, Reaching safepoint: 51337 ns, At safepoint: 4313 ns, Total: 55650 ns
[2024-02-04T23:14:31.382+0000][7][safepoint   ] Safepoint "Cleanup", Time since last: 1000122143 ns, Reaching safepoint: 61850 ns, At safepoint: 4660 ns, Total: 66510 ns
[2024-02-04T23:14:34.382+0000][7][safepoint   ] Safepoint "Cleanup", Time since last: 3000273450 ns, Reaching safepoint: 50155 ns, At safepoint: 9688 ns, Total: 59843 ns
[2024-02-04T23:14:35.383+0000][7][safepoint   ] Safepoint "Cleanup", Time since last: 1000213234 ns, Reaching safepoint: 76656 ns, At safepoint: 19578 ns, Total: 96234 ns
[2024-02-04T23:14:37.383+0000][7][safepoint   ] Safepoint "Cleanup", Time since last: 2000313112 ns, Reaching safepoint: 49511 ns, At safepoint: 6096 ns, Total: 55607 ns
[2024-02-04T23:14:38.383+0000][7][safepoint   ] Safepoint "Cleanup", Time since last: 1000138107 ns, Reaching safepoint: 79980 ns, At safepoint: 7423 ns, Total: 87403 ns
[2024-02-04T23:14:40.384+0000][7][safepoint   ] Safepoint "Cleanup", Time since last: 2000293338 ns, Reaching safepoint: 38078 ns, At safepoint: 4186 ns, Total: 42264 ns
[2024-02-04T23:14:41.384+0000][7][safepoint   ] Safepoint "Cleanup", Time since last: 1000115273 ns, Reaching safepoint: 98835 ns, At safepoint: 11639 ns, Total: 110474 ns
[2024-02-04T23:14:43.384+0000][7][safepoint   ] Safepoint "Cleanup", Time since last: 2000276311 ns, Reaching safepoint: 78762 ns, At safepoint: 21856 ns, Total: 100618 ns
[2024-02-04T23:14:46.385+0000][7][safepoint   ] Safepoint "Cleanup", Time since last: 3000302230 ns, Reaching safepoint: 185331 ns, At safepoint: 13862 ns, Total: 199193 ns
[2024-02-04T23:14:47.385+0000][7][safepoint   ] Safepoint "Cleanup", Time since last: 1000135011 ns, Reaching safepoint: 106417 ns, At safepoint: 7286 ns, Total: 113703 ns
[2024-02-04T23:14:49.385+0000][7][safepoint   ] Safepoint "Cleanup", Time since last: 2000291587 ns, Reaching safepoint: 95478 ns, At safepoint: 21380 ns, Total: 116858 ns
[2024-02-04T23:14:53.386+0000][7][safepoint   ] Safepoint "Cleanup", Time since last: 4000665758 ns, Reaching safepoint: 154714 ns, At safepoint: 5861 ns, Total: 160575 ns
[2024-02-04T23:14:57.387+0000][7][safepoint   ] Safepoint "Cleanup", Time since last: 4000586017 ns, Reaching safepoint: 67415 ns, At safepoint: 7653 ns, Total: 75068 ns
[2024-02-04T23:14:58.383+0000][7][gc,start    ] GC(13) Pause Young (Normal) (G1 Evacuation Pause)
[2024-02-04T23:14:58.384+0000][7][gc,task     ] GC(13) Using 8 workers of 8 for evacuation
[2024-02-04T23:14:58.384+0000][7][gc,age      ] GC(13) Desired survivor size 41943040 bytes, new threshold 3 (max threshold 15)
[2024-02-04T23:14:58.419+0000][7][gc,phases   ] GC(13)   Pre Evacuate Collection Set: 0.1ms
[2024-02-04T23:14:58.419+0000][7][gc,phases   ] GC(13)   Merge Heap Roots: 0.1ms
[2024-02-04T23:14:58.419+0000][7][gc,phases   ] GC(13)   Evacuate Collection Set: 32.9ms
[2024-02-04T23:14:58.419+0000][7][gc,phases   ] GC(13)   Post Evacuate Collection Set: 2.2ms
[2024-02-04T23:14:58.419+0000][7][gc,phases   ] GC(13)   Other: 0.1ms
[2024-02-04T23:14:58.419+0000][7][gc,age      ] GC(13) Age table with threshold 3 (max threshold 15)
[2024-02-04T23:14:58.419+0000][7][gc,age      ] GC(13) - age   1:    1371392 bytes,    1371392 total
[2024-02-04T23:14:58.419+0000][7][gc,age      ] GC(13) - age   2:   21093360 bytes,   22464752 total
[2024-02-04T23:14:58.419+0000][7][gc,age      ] GC(13) - age   3:   16538576 bytes,   39003328 total
[2024-02-04T23:14:58.419+0000][7][gc,heap     ] GC(13) Eden regions: 136->0(143)
[2024-02-04T23:14:58.419+0000][7][gc,heap     ] GC(13) Survivor regions: 17->10(20)
[2024-02-04T23:14:58.419+0000][7][gc,heap     ] GC(13) Old regions: 6->12
[2024-02-04T23:14:58.419+0000][7][gc,heap     ] GC(13) Archive regions: 2->2
[2024-02-04T23:14:58.419+0000][7][gc,heap     ] GC(13) Humongous regions: 0->0
[2024-02-04T23:14:58.419+0000][7][gc,metaspace] GC(13) Metaspace: 121307K(124608K)->121307K(124608K) NonClass: 105163K(106880K)->105163K(106880K) Class: 16144K(17728K)->16144K(17728K)
[2024-02-04T23:14:58.419+0000][7][gc          ] GC(13) Pause Young (Normal) (G1 Evacuation Pause) 636M->89M(1024M) 35.606ms
[2024-02-04T23:14:58.419+0000][7][gc,cpu      ] GC(13) User=0.26s Sys=0.00s Real=0.03s
[2024-02-04T23:14:58.419+0000][7][safepoint   ] Safepoint "G1CollectForAllocation", Time since last: 996543434 ns, Reaching safepoint: 57563 ns, At safepoint: 35686385 ns, Total: 35743948 ns
[2024-02-04T23:14:59.419+0000][7][safepoint   ] Safepoint "Cleanup", Time since last: 1000100972 ns, Reaching safepoint: 118805 ns, At safepoint: 8883 ns, Total: 127688 ns
[2024-02-04T23:15:00.420+0000][7][safepoint   ] Safepoint "Cleanup", Time since last: 1000155249 ns, Reaching safepoint: 75937 ns, At safepoint: 8026 ns, Total: 83963 ns
[2024-02-04T23:15:01.420+0000][7][safepoint   ] Safepoint "Cleanup", Time since last: 1000136050 ns, Reaching safepoint: 68099 ns, At safepoint: 8382 ns, Total: 76481 ns
[2024-02-04T23:15:05.421+0000][7][safepoint   ] Safepoint "Cleanup", Time since last: 4000640830 ns, Reaching safepoint: 106232 ns, At safepoint: 9512 ns, Total: 115744 ns
[2024-02-04T23:15:07.421+0000][7][safepoint   ] Safepoint "Cleanup", Time since last: 2000413955 ns, Reaching safepoint: 106714 ns, At safepoint: 6573 ns, Total: 113287 ns
[2024-02-04T23:15:08.421+0000][7][safepoint   ] Safepoint "Cleanup", Time since last: 1000251741 ns, Reaching safepoint: 72769 ns, At safepoint: 8812 ns, Total: 81581 ns
[2024-02-04T23:15:10.378+0000][7][safepoint   ] Safepoint "Cleanup", Time since last: 1956495570 ns, Reaching safepoint: 76505 ns, At safepoint: 6073 ns, Total: 82578 ns
[2024-02-04T23:15:11.443+0000][7][safepoint   ] Safepoint "Cleanup", Time since last: 1064730528 ns, Reaching safepoint: 194770 ns, At safepoint: 12158 ns, Total: 206928 ns
[2024-02-04T23:15:13.443+0000][7][safepoint   ] Safepoint "Cleanup", Time since last: 2000234908 ns, Reaching safepoint: 90789 ns, At safepoint: 10297 ns, Total: 101086 ns
[2024-02-04T23:15:16.444+0000][7][safepoint   ] Safepoint "Cleanup", Time since last: 3000409793 ns, Reaching safepoint: 65440 ns, At safepoint: 5742 ns, Total: 71182 ns
[2024-02-04T23:15:17.444+0000][7][safepoint   ] Safepoint "Cleanup", Time since last: 1000226443 ns, Reaching safepoint: 82190 ns, At safepoint: 8178 ns, Total: 90368 ns
[2024-02-04T23:15:19.444+0000][7][safepoint   ] Safepoint "Cleanup", Time since last: 2000249188 ns, Reaching safepoint: 130280 ns, At safepoint: 9713 ns, Total: 139993 ns
[2024-02-04T23:15:20.445+0000][7][safepoint   ] Safepoint "Cleanup", Time since last: 1000145426 ns, Reaching safepoint: 71847 ns, At safepoint: 6229 ns, Total: 78076 ns
[2024-02-04T23:15:22.445+0000][7][safepoint   ] Safepoint "Cleanup", Time since last: 2000282653 ns, Reaching safepoint: 60760 ns, At safepoint: 6755 ns, Total: 67515 ns
[2024-02-04T23:15:23.445+0000][7][safepoint   ] Safepoint "Cleanup", Time since last: 1000239231 ns, Reaching safepoint: 184767 ns, At safepoint: 13186 ns, Total: 197953 ns
[2024-02-04T23:15:25.446+0000][7][safepoint   ] Safepoint "Cleanup", Time since last: 2000351130 ns, Reaching safepoint: 83178 ns, At safepoint: 7566 ns, Total: 90744 ns
[2024-02-04T23:15:27.446+0000][7][safepoint   ] Safepoint "Cleanup", Time since last: 2000370832 ns, Reaching safepoint: 104793 ns, At safepoint: 8109 ns, Total: 112902 ns
[2024-02-04T23:15:28.447+0000][7][safepoint   ] Safepoint "Cleanup", Time since last: 1000113646 ns, Reaching safepoint: 49351 ns, At safepoint: 4102 ns, Total: 53453 ns
[2024-02-04T23:15:29.447+0000][7][safepoint   ] Safepoint "Cleanup", Time since last: 1000193071 ns, Reaching safepoint: 69499 ns, At safepoint: 13064 ns, Total: 82563 ns
[2024-02-04T23:15:30.447+0000][7][safepoint   ] Safepoint "Cleanup", Time since last: 1000205098 ns, Reaching safepoint: 53645 ns, At safepoint: 6242 ns, Total: 59887 ns
[2024-02-04T23:15:31.447+0000][7][safepoint   ] Safepoint "Cleanup", Time since last: 1000246928 ns, Reaching safepoint: 74361 ns, At safepoint: 9354 ns, Total: 83715 ns
[2024-02-04T23:15:32.448+0000][7][safepoint   ] Safepoint "Cleanup", Time since last: 1000142025 ns, Reaching safepoint: 67912 ns, At safepoint: 7397 ns, Total: 75309 ns
[2024-02-04T23:15:34.448+0000][7][safepoint   ] Safepoint "Cleanup", Time since last: 2000251936 ns, Reaching safepoint: 116385 ns, At safepoint: 6619 ns, Total: 123004 ns
[2024-02-04T23:15:35.448+0000][7][safepoint   ] Safepoint "Cleanup", Time since last: 1000222600 ns, Reaching safepoint: 112997 ns, At safepoint: 11733 ns, Total: 124730 ns
[2024-02-04T23:15:37.449+0000][7][safepoint   ] Safepoint "Cleanup", Time since last: 2000231309 ns, Reaching safepoint: 92859 ns, At safepoint: 6649 ns, Total: 99508 ns
[2024-02-04T23:15:38.449+0000][7][safepoint   ] Safepoint "Cleanup", Time since last: 1000198016 ns, Reaching safepoint: 76646 ns, At safepoint: 7527 ns, Total: 84173 ns
[2024-02-04T23:15:40.450+0000][7][safepoint   ] Safepoint "Cleanup", Time since last: 2000400449 ns, Reaching safepoint: 185077 ns, At safepoint: 11768 ns, Total: 196845 ns
[2024-02-04T23:15:41.450+0000][7][safepoint   ] Safepoint "Cleanup", Time since last: 1000142739 ns, Reaching safepoint: 57769 ns, At safepoint: 6249 ns, Total: 64018 ns
[2024-02-04T23:15:46.451+0000][7][safepoint   ] Safepoint "Cleanup", Time since last: 5000737534 ns, Reaching safepoint: 94632 ns, At safepoint: 10261 ns, Total: 104893 ns
[2024-02-04T23:15:47.451+0000][7][safepoint   ] Safepoint "Cleanup", Time since last: 1000147397 ns, Reaching safepoint: 90193 ns, At safepoint: 11223 ns, Total: 101416 ns
[2024-02-04T23:15:49.451+0000][7][safepoint   ] Safepoint "Cleanup", Time since last: 2000231204 ns, Reaching safepoint: 53580 ns, At safepoint: 11239 ns, Total: 64819 ns
[2024-02-04T23:15:52.452+0000][7][safepoint   ] Safepoint "Cleanup", Time since last: 3000383054 ns, Reaching safepoint: 123289 ns, At safepoint: 7735 ns, Total: 131024 ns
[2024-02-04T23:15:53.452+0000][7][safepoint   ] Safepoint "Cleanup", Time since last: 1000145228 ns, Reaching safepoint: 69149 ns, At safepoint: 9039 ns, Total: 78188 ns
[2024-02-04T23:15:58.452+0000][7][safepoint   ] Safepoint "Cleanup", Time since last: 5000486907 ns, Reaching safepoint: 62089 ns, At safepoint: 11160 ns, Total: 73249 ns
[2024-02-04T23:16:00.453+0000][7][safepoint   ] Safepoint "Cleanup", Time since last: 2000213187 ns, Reaching safepoint: 168934 ns, At safepoint: 11238 ns, Total: 180172 ns
[2024-02-04T23:16:01.453+0000][7][safepoint   ] Safepoint "Cleanup", Time since last: 1000242049 ns, Reaching safepoint: 77017 ns, At safepoint: 9675 ns, Total: 86692 ns
[2024-02-04T23:16:04.454+0000][7][safepoint   ] Safepoint "Cleanup", Time since last: 3000436468 ns, Reaching safepoint: 75933 ns, At safepoint: 5651 ns, Total: 81584 ns
[2024-02-04T23:16:05.454+0000][7][safepoint   ] Safepoint "Cleanup", Time since last: 1000126108 ns, Reaching safepoint: 93416 ns, At safepoint: 9894 ns, Total: 103310 ns
[2024-02-04T23:16:07.454+0000][7][safepoint   ] Safepoint "Cleanup", Time since last: 2000366689 ns, Reaching safepoint: 113021 ns, At safepoint: 5552 ns, Total: 118573 ns
[2024-02-04T23:16:08.455+0000][7][safepoint   ] Safepoint "Cleanup", Time since last: 1000238028 ns, Reaching safepoint: 81108 ns, At safepoint: 9664 ns, Total: 90772 ns
[2024-02-04T23:16:10.455+0000][7][safepoint   ] Safepoint "Cleanup", Time since last: 2000410917 ns, Reaching safepoint: 87557 ns, At safepoint: 7058 ns, Total: 94615 ns
[2024-02-04T23:16:13.456+0000][7][safepoint   ] Safepoint "Cleanup", Time since last: 3000303639 ns, Reaching safepoint: 59960 ns, At safepoint: 3522 ns, Total: 63482 ns
[2024-02-04T23:16:14.456+0000][7][safepoint   ] Safepoint "Cleanup", Time since last: 1000225474 ns, Reaching safepoint: 96405 ns, At safepoint: 8010 ns, Total: 104415 ns
[2024-02-04T23:16:16.456+0000][7][safepoint   ] Safepoint "Cleanup", Time since last: 2000206753 ns, Reaching safepoint: 94759 ns, At safepoint: 13827 ns, Total: 108586 ns
[2024-02-04T23:16:17.456+0000][7][safepoint   ] Safepoint "Cleanup", Time since last: 1000135170 ns, Reaching safepoint: 53449 ns, At safepoint: 12428 ns, Total: 65877 ns
[2024-02-04T23:16:19.457+0000][7][safepoint   ] Safepoint "Cleanup", Time since last: 2000343894 ns, Reaching safepoint: 100669 ns, At safepoint: 6705 ns, Total: 107374 ns
[2024-02-04T23:16:22.457+0000][7][safepoint   ] Safepoint "Cleanup", Time since last: 3000372347 ns, Reaching safepoint: 100437 ns, At safepoint: 7847 ns, Total: 108284 ns
[2024-02-04T23:16:23.458+0000][7][safepoint   ] Safepoint "Cleanup", Time since last: 1000255292 ns, Reaching safepoint: 109976 ns, At safepoint: 10627 ns, Total: 120603 ns
[2024-02-04T23:16:25.458+0000][7][safepoint   ] Safepoint "Cleanup", Time since last: 2000201805 ns, Reaching safepoint: 72131 ns, At safepoint: 4180 ns, Total: 76311 ns
[2024-02-04T23:16:26.458+0000][7][safepoint   ] Safepoint "Cleanup", Time since last: 1000115148 ns, Reaching safepoint: 46592 ns, At safepoint: 5004 ns, Total: 51596 ns
[2024-02-04T23:16:27.458+0000][7][safepoint   ] Safepoint "Cleanup", Time since last: 1000126099 ns, Reaching safepoint: 79129 ns, At safepoint: 4378 ns, Total: 83507 ns
[2024-02-04T23:16:28.459+0000][7][safepoint   ] Safepoint "Cleanup", Time since last: 1000125142 ns, Reaching safepoint: 45262 ns, At safepoint: 3751 ns, Total: 49013 ns
[2024-02-04T23:16:29.459+0000][7][safepoint   ] Safepoint "Cleanup", Time since last: 1000117531 ns, Reaching safepoint: 140348 ns, At safepoint: 21445 ns, Total: 161793 ns
[2024-02-04T23:16:31.459+0000][7][safepoint   ] Safepoint "Cleanup", Time since last: 2000481679 ns, Reaching safepoint: 69547 ns, At safepoint: 5938 ns, Total: 75485 ns
[2024-02-04T23:16:34.460+0000][7][safepoint   ] Safepoint "Cleanup", Time since last: 3000381051 ns, Reaching safepoint: 73536 ns, At safepoint: 5850 ns, Total: 79386 ns
[2024-02-04T23:16:46.462+0000][7][safepoint   ] Safepoint "Cleanup", Time since last: 12001599354 ns, Reaching safepoint: 50226 ns, At safepoint: 3234 ns, Total: 53460 ns
[2024-02-04T23:16:47.462+0000][7][safepoint   ] Safepoint "Cleanup", Time since last: 1000234373 ns, Reaching safepoint: 72018 ns, At safepoint: 7471 ns, Total: 79489 ns
[2024-02-04T23:16:49.462+0000][7][safepoint   ] Safepoint "Cleanup", Time since last: 2000328783 ns, Reaching safepoint: 63878 ns, At safepoint: 7014 ns, Total: 70892 ns
[2024-02-04T23:16:52.463+0000][7][safepoint   ] Safepoint "Cleanup", Time since last: 3000576194 ns, Reaching safepoint: 64747 ns, At safepoint: 9876 ns, Total: 74623 ns
[2024-02-04T23:16:53.463+0000][7][safepoint   ] Safepoint "Cleanup", Time since last: 1000124148 ns, Reaching safepoint: 50680 ns, At safepoint: 6902 ns, Total: 57582 ns
[2024-02-04T23:16:55.463+0000][7][safepoint   ] Safepoint "Cleanup", Time since last: 2000238503 ns, Reaching safepoint: 57524 ns, At safepoint: 12788 ns, Total: 70312 ns
[2024-02-04T23:16:57.464+0000][7][safepoint   ] Safepoint "Cleanup", Time since last: 2000201773 ns, Reaching safepoint: 83485 ns, At safepoint: 11459 ns, Total: 94944 ns
[2024-02-04T23:16:58.464+0000][7][safepoint   ] Safepoint "Cleanup", Time since last: 1000151967 ns, Reaching safepoint: 56671 ns, At safepoint: 8222 ns, Total: 64893 ns
[2024-02-04T23:16:59.464+0000][7][safepoint   ] Safepoint "Cleanup", Time since last: 1000151736 ns, Reaching safepoint: 77687 ns, At safepoint: 7795 ns, Total: 85482 ns
[2024-02-04T23:17:00.464+0000][7][safepoint   ] Safepoint "Cleanup", Time since last: 1000214357 ns, Reaching safepoint: 70636 ns, At safepoint: 7632 ns, Total: 78268 ns
[2024-02-04T23:17:01.465+0000][7][safepoint   ] Safepoint "Cleanup", Time since last: 1000128423 ns, Reaching safepoint: 69734 ns, At safepoint: 7541 ns, Total: 77275 ns
[2024-02-04T23:17:04.465+0000][7][safepoint   ] Safepoint "Cleanup", Time since last: 3000458067 ns, Reaching safepoint: 49812 ns, At safepoint: 8625 ns, Total: 58437 ns
[2024-02-04T23:17:05.465+0000][7][safepoint   ] Safepoint "Cleanup", Time since last: 1000113334 ns, Reaching safepoint: 57877 ns, At safepoint: 6380 ns, Total: 64257 ns
[2024-02-04T23:17:07.466+0000][7][safepoint   ] Safepoint "Cleanup", Time since last: 2000326649 ns, Reaching safepoint: 96898 ns, At safepoint: 7999 ns, Total: 104897 ns
[2024-02-04T23:17:10.466+0000][7][safepoint   ] Safepoint "Cleanup", Time since last: 3000339337 ns, Reaching safepoint: 147442 ns, At safepoint: 9709 ns, Total: 157151 ns
[2024-02-04T23:17:11.467+0000][7][safepoint   ] Safepoint "Cleanup", Time since last: 1000151338 ns, Reaching safepoint: 89887 ns, At safepoint: 7359 ns, Total: 97246 ns
[2024-02-04T23:17:12.467+0000][7][safepoint   ] Safepoint "Cleanup", Time since last: 1000149988 ns, Reaching safepoint: 70401 ns, At safepoint: 5230 ns, Total: 75631 ns
[2024-02-04T23:17:13.467+0000][7][safepoint   ] Safepoint "Cleanup", Time since last: 1000125254 ns, Reaching safepoint: 60141 ns, At safepoint: 4996 ns, Total: 65137 ns
[2024-02-04T23:17:16.467+0000][7][safepoint   ] Safepoint "Cleanup", Time since last: 3000304749 ns, Reaching safepoint: 105545 ns, At safepoint: 5412 ns, Total: 110957 ns
[2024-02-04T23:17:17.468+0000][7][safepoint   ] Safepoint "Cleanup", Time since last: 1000101506 ns, Reaching safepoint: 86682 ns, At safepoint: 11010 ns, Total: 97692 ns
[2024-02-04T23:17:19.468+0000][7][safepoint   ] Safepoint "Cleanup", Time since last: 2000281493 ns, Reaching safepoint: 56877 ns, At safepoint: 6787 ns, Total: 63664 ns
[2024-02-04T23:17:22.468+0000][7][safepoint   ] Safepoint "Cleanup", Time since last: 3000399197 ns, Reaching safepoint: 82653 ns, At safepoint: 7994 ns, Total: 90647 ns
[2024-02-04T23:17:23.469+0000][7][safepoint   ] Safepoint "Cleanup", Time since last: 1000286154 ns, Reaching safepoint: 72196 ns, At safepoint: 10093 ns, Total: 82289 ns
[2024-02-04T23:17:24.469+0000][7][safepoint   ] Safepoint "Cleanup", Time since last: 1000223257 ns, Reaching safepoint: 77453 ns, At safepoint: 7488 ns, Total: 84941 ns
[2024-02-04T23:17:25.469+0000][7][safepoint   ] Safepoint "Cleanup", Time since last: 1000201485 ns, Reaching safepoint: 74827 ns, At safepoint: 7368 ns, Total: 82195 ns
[2024-02-04T23:17:27.470+0000][7][safepoint   ] Safepoint "Cleanup", Time since last: 2000323431 ns, Reaching safepoint: 62807 ns, At safepoint: 7515 ns, Total: 70322 ns
[2024-02-04T23:17:28.470+0000][7][safepoint   ] Safepoint "Cleanup", Time since last: 1000222039 ns, Reaching safepoint: 58362 ns, At safepoint: 9627 ns, Total: 67989 ns
[2024-02-04T23:17:30.470+0000][7][safepoint   ] Safepoint "Cleanup", Time since last: 2000207935 ns, Reaching safepoint: 226257 ns, At safepoint: 14169 ns, Total: 240426 ns
[2024-02-04T23:17:31.471+0000][7][safepoint   ] Safepoint "Cleanup", Time since last: 1000246272 ns, Reaching safepoint: 83387 ns, At safepoint: 6205 ns, Total: 89592 ns
[2024-02-04T23:17:32.471+0000][7][safepoint   ] Safepoint "Cleanup", Time since last: 1000127857 ns, Reaching safepoint: 71154 ns, At safepoint: 5978 ns, Total: 77132 ns
[2024-02-04T23:17:34.471+0000][7][safepoint   ] Safepoint "Cleanup", Time since last: 2000209184 ns, Reaching safepoint: 69948 ns, At safepoint: 5211 ns, Total: 75159 ns
[2024-02-04T23:17:35.472+0000][7][safepoint   ] Safepoint "Cleanup", Time since last: 1000140942 ns, Reaching safepoint: 106657 ns, At safepoint: 9353 ns, Total: 116010 ns
[2024-02-04T23:17:37.472+0000][7][safepoint   ] Safepoint "Cleanup", Time since last: 2000223695 ns, Reaching safepoint: 92111 ns, At safepoint: 8212 ns, Total: 100323 ns
[2024-02-04T23:17:40.473+0000][7][safepoint   ] Safepoint "Cleanup", Time since last: 3000313006 ns, Reaching safepoint: 295263 ns, At safepoint: 11536 ns, Total: 306799 ns
[2024-02-04T23:17:41.473+0000][7][safepoint   ] Safepoint "Cleanup", Time since last: 1000214218 ns, Reaching safepoint: 125642 ns, At safepoint: 8224 ns, Total: 133866 ns
[2024-02-04T23:17:46.474+0000][7][safepoint   ] Safepoint "Cleanup", Time since last: 5000745006 ns, Reaching safepoint: 51771 ns, At safepoint: 11581 ns, Total: 63352 ns
[2024-02-04T23:17:47.474+0000][7][safepoint   ] Safepoint "Cleanup", Time since last: 1000262480 ns, Reaching safepoint: 79700 ns, At safepoint: 7575 ns, Total: 87275 ns
[2024-02-04T23:17:49.474+0000][7][safepoint   ] Safepoint "Cleanup", Time since last: 2000405133 ns, Reaching safepoint: 69455 ns, At safepoint: 7137 ns, Total: 76592 ns
[2024-02-04T23:17:52.475+0000][7][safepoint   ] Safepoint "Cleanup", Time since last: 3000489345 ns, Reaching safepoint: 130946 ns, At safepoint: 4337 ns, Total: 135283 ns
[2024-02-04T23:17:53.475+0000][7][safepoint   ] Safepoint "Cleanup", Time since last: 1000114412 ns, Reaching safepoint: 88592 ns, At safepoint: 6719 ns, Total: 95311 ns
[2024-02-04T23:17:58.476+0000][7][safepoint   ] Safepoint "Cleanup", Time since last: 5000452726 ns, Reaching safepoint: 47389 ns, At safepoint: 5242 ns, Total: 52631 ns
[2024-02-04T23:17:59.476+0000][7][safepoint   ] Safepoint "Cleanup", Time since last: 1000115393 ns, Reaching safepoint: 60181 ns, At safepoint: 8037 ns, Total: 68218 ns
[2024-02-04T23:18:01.476+0000][7][safepoint   ] Safepoint "Cleanup", Time since last: 2000227863 ns, Reaching safepoint: 64590 ns, At safepoint: 7058 ns, Total: 71648 ns
[2024-02-04T23:18:02.477+0000][7][safepoint   ] Safepoint "Cleanup", Time since last: 1000125295 ns, Reaching safepoint: 70819 ns, At safepoint: 16063 ns, Total: 86882 ns
[2024-02-04T23:18:04.477+0000][7][safepoint   ] Safepoint "Cleanup", Time since last: 2000253290 ns, Reaching safepoint: 60805 ns, At safepoint: 7385 ns, Total: 68190 ns
[2024-02-04T23:18:07.477+0000][7][safepoint   ] Safepoint "Cleanup", Time since last: 3000376102 ns, Reaching safepoint: 92621 ns, At safepoint: 8310 ns, Total: 100931 ns
[2024-02-04T23:18:10.478+0000][7][safepoint   ] Safepoint "Cleanup", Time since last: 3000366803 ns, Reaching safepoint: 190320 ns, At safepoint: 10026 ns, Total: 200346 ns
[2024-02-04T23:18:10.607+0000][7][gc,start    ] GC(14) Pause Young (Normal) (G1 Evacuation Pause)
[2024-02-04T23:18:10.607+0000][7][gc,task     ] GC(14) Using 8 workers of 8 for evacuation
[2024-02-04T23:18:10.607+0000][7][gc,age      ] GC(14) Desired survivor size 41943040 bytes, new threshold 15 (max threshold 15)
[2024-02-04T23:18:10.630+0000][7][gc,phases   ] GC(14)   Pre Evacuate Collection Set: 0.1ms
[2024-02-04T23:18:10.630+0000][7][gc,phases   ] GC(14)   Merge Heap Roots: 0.1ms
[2024-02-04T23:18:10.630+0000][7][gc,phases   ] GC(14)   Evacuate Collection Set: 21.0ms
[2024-02-04T23:18:10.630+0000][7][gc,phases   ] GC(14)   Post Evacuate Collection Set: 1.9ms
[2024-02-04T23:18:10.630+0000][7][gc,phases   ] GC(14)   Other: 0.1ms
[2024-02-04T23:18:10.630+0000][7][gc,age      ] GC(14) Age table with threshold 15 (max threshold 15)
[2024-02-04T23:18:10.630+0000][7][gc,age      ] GC(14) - age   1:    1554080 bytes,    1554080 total
[2024-02-04T23:18:10.631+0000][7][gc,age      ] GC(14) - age   2:     155176 bytes,    1709256 total
[2024-02-04T23:18:10.631+0000][7][gc,age      ] GC(14) - age   3:   20775584 bytes,   22484840 total
[2024-02-04T23:18:10.631+0000][7][gc,age      ] GC(14) - age   4:   16538496 bytes,   39023336 total
[2024-02-04T23:18:10.631+0000][7][gc,heap     ] GC(14) Eden regions: 143->0(142)
[2024-02-04T23:18:10.631+0000][7][gc,heap     ] GC(14) Survivor regions: 10->11(20)
[2024-02-04T23:18:10.631+0000][7][gc,heap     ] GC(14) Old regions: 12->12
[2024-02-04T23:18:10.631+0000][7][gc,heap     ] GC(14) Archive regions: 2->2
[2024-02-04T23:18:10.631+0000][7][gc,heap     ] GC(14) Humongous regions: 0->0
[2024-02-04T23:18:10.631+0000][7][gc,metaspace] GC(14) Metaspace: 122297K(125568K)->122297K(125568K) NonClass: 106150K(107840K)->106150K(107840K) Class: 16147K(17728K)->16147K(17728K)
[2024-02-04T23:18:10.631+0000][7][gc          ] GC(14) Pause Young (Normal) (G1 Evacuation Pause) 661M->92M(1024M) 23.558ms
[2024-02-04T23:18:10.631+0000][7][gc,cpu      ] GC(14) User=0.16s Sys=0.00s Real=0.03s
[2024-02-04T23:18:10.631+0000][7][safepoint   ] Safepoint "G1CollectForAllocation", Time since last: 129059715 ns, Reaching safepoint: 69204 ns, At safepoint: 23661720 ns, Total: 23730924 ns
[2024-02-04T23:18:16.632+0000][7][safepoint   ] Safepoint "Cleanup", Time since last: 6000762227 ns, Reaching safepoint: 98223 ns, At safepoint: 6197 ns, Total: 104420 ns
[2024-02-04T23:18:20.632+0000][7][safepoint   ] Safepoint "Cleanup", Time since last: 4000383951 ns, Reaching safepoint: 94043 ns, At safepoint: 7010 ns, Total: 101053 ns
[2024-02-04T23:18:22.632+0000][7][safepoint   ] Safepoint "Cleanup", Time since last: 2000227862 ns, Reaching safepoint: 72397 ns, At safepoint: 7717 ns, Total: 80114 ns
[2024-02-04T23:18:23.633+0000][7][safepoint   ] Safepoint "Cleanup", Time since last: 1000130059 ns, Reaching safepoint: 63964 ns, At safepoint: 5020 ns, Total: 68984 ns
[2024-02-04T23:18:25.633+0000][7][safepoint   ] Safepoint "Cleanup", Time since last: 2000218980 ns, Reaching safepoint: 100680 ns, At safepoint: 8516 ns, Total: 109196 ns
[2024-02-04T23:18:27.633+0000][7][safepoint   ] Safepoint "Cleanup", Time since last: 2000328517 ns, Reaching safepoint: 62680 ns, At safepoint: 9821 ns, Total: 72501 ns
[2024-02-04T23:18:28.634+0000][7][safepoint   ] Safepoint "Cleanup", Time since last: 1000252362 ns, Reaching safepoint: 82841 ns, At safepoint: 7802 ns, Total: 90643 ns
[2024-02-04T23:18:29.634+0000][7][safepoint   ] Safepoint "Cleanup", Time since last: 1000253386 ns, Reaching safepoint: 88562 ns, At safepoint: 9178 ns, Total: 97740 ns
[2024-02-04T23:18:30.634+0000][7][safepoint   ] Safepoint "Cleanup", Time since last: 1000217402 ns, Reaching safepoint: 68979 ns, At safepoint: 7547 ns, Total: 76526 ns
[2024-02-04T23:18:31.635+0000][7][safepoint   ] Safepoint "Cleanup", Time since last: 1000260841 ns, Reaching safepoint: 81916 ns, At safepoint: 7857 ns, Total: 89773 ns
[2024-02-04T23:18:34.635+0000][7][safepoint   ] Safepoint "Cleanup", Time since last: 3000532477 ns, Reaching safepoint: 68936 ns, At safepoint: 7087 ns, Total: 76023 ns
[2024-02-04T23:18:37.636+0000][7][safepoint   ] Safepoint "Cleanup", Time since last: 3000414307 ns, Reaching safepoint: 104549 ns, At safepoint: 18602 ns, Total: 123151 ns
[2024-02-04T23:18:40.636+0000][7][safepoint   ] Safepoint "Cleanup", Time since last: 3000483417 ns, Reaching safepoint: 105094 ns, At safepoint: 8461 ns, Total: 113555 ns
[2024-02-04T23:18:42.637+0000][7][safepoint   ] Safepoint "Cleanup", Time since last: 2000223214 ns, Reaching safepoint: 60030 ns, At safepoint: 4795 ns, Total: 64825 ns
[2024-02-04T23:18:43.637+0000][7][safepoint   ] Safepoint "Cleanup", Time since last: 1000210332 ns, Reaching safepoint: 55283 ns, At safepoint: 8961 ns, Total: 64244 ns
[2024-02-04T23:18:46.637+0000][7][safepoint   ] Safepoint "Cleanup", Time since last: 3000337430 ns, Reaching safepoint: 73724 ns, At safepoint: 7316 ns, Total: 81040 ns
[2024-02-04T23:18:47.638+0000][7][safepoint   ] Safepoint "Cleanup", Time since last: 1000138369 ns, Reaching safepoint: 45898 ns, At safepoint: 5841 ns, Total: 51739 ns
[2024-02-04T23:18:55.638+0000][7][safepoint   ] Safepoint "Cleanup", Time since last: 8000877174 ns, Reaching safepoint: 62177 ns, At safepoint: 5820 ns, Total: 67997 ns
[2024-02-04T23:18:57.639+0000][7][safepoint   ] Safepoint "Cleanup", Time since last: 2000199429 ns, Reaching safepoint: 57786 ns, At safepoint: 5425 ns, Total: 63211 ns
[2024-02-04T23:18:58.639+0000][7][safepoint   ] Safepoint "Cleanup", Time since last: 1000130079 ns, Reaching safepoint: 77285 ns, At safepoint: 7411 ns, Total: 84696 ns
[2024-02-04T23:18:59.639+0000][7][safepoint   ] Safepoint "Cleanup", Time since last: 1000148048 ns, Reaching safepoint: 45900 ns, At safepoint: 4112 ns, Total: 50012 ns
[2024-02-04T23:19:04.640+0000][7][safepoint   ] Safepoint "Cleanup", Time since last: 5000477328 ns, Reaching safepoint: 89395 ns, At safepoint: 12811 ns, Total: 102206 ns
[2024-02-04T23:19:07.355+0000][7][safepoint   ] Safepoint "Cleanup", Time since last: 2714744149 ns, Reaching safepoint: 168783 ns, At safepoint: 7689 ns, Total: 176472 ns
[2024-02-04T23:19:08.355+0000][7][safepoint   ] Safepoint "Cleanup", Time since last: 1000115424 ns, Reaching safepoint: 118092 ns, At safepoint: 7836 ns, Total: 125928 ns
[2024-02-04T23:19:11.355+0000][7][safepoint   ] Safepoint "Cleanup", Time since last: 3000522928 ns, Reaching safepoint: 80156 ns, At safepoint: 6959 ns, Total: 87115 ns
[2024-02-04T23:19:14.356+0000][7][safepoint   ] Safepoint "Cleanup", Time since last: 3000319604 ns, Reaching safepoint: 87720 ns, At safepoint: 12051 ns, Total: 99771 ns
[2024-02-04T23:19:17.356+0000][7][safepoint   ] Safepoint "Cleanup", Time since last: 3000410090 ns, Reaching safepoint: 92593 ns, At safepoint: 9971 ns, Total: 102564 ns
[2024-02-04T23:19:23.357+0000][7][safepoint   ] Safepoint "Cleanup", Time since last: 6000650013 ns, Reaching safepoint: 119781 ns, At safepoint: 5918 ns, Total: 125699 ns
[2024-02-04T23:19:25.358+0000][7][safepoint   ] Safepoint "Cleanup", Time since last: 2000288384 ns, Reaching safepoint: 115706 ns, At safepoint: 9995 ns, Total: 125701 ns
[2024-02-04T23:19:29.358+0000][7][safepoint   ] Safepoint "Cleanup", Time since last: 4000452133 ns, Reaching safepoint: 114042 ns, At safepoint: 7035 ns, Total: 121077 ns
[2024-02-04T23:19:35.359+0000][7][safepoint   ] Safepoint "Cleanup", Time since last: 6000922045 ns, Reaching safepoint: 97238 ns, At safepoint: 5874 ns, Total: 103112 ns
[2024-02-04T23:19:38.360+0000][7][safepoint   ] Safepoint "Cleanup", Time since last: 3000398168 ns, Reaching safepoint: 81052 ns, At safepoint: 14001 ns, Total: 95053 ns
[2024-02-04T23:19:41.360+0000][7][safepoint   ] Safepoint "Cleanup", Time since last: 3000337777 ns, Reaching safepoint: 109781 ns, At safepoint: 8445 ns, Total: 118226 ns
[2024-02-04T23:19:43.361+0000][7][safepoint   ] Safepoint "Cleanup", Time since last: 2000247700 ns, Reaching safepoint: 99219 ns, At safepoint: 10738 ns, Total: 109957 ns
[2024-02-04T23:19:44.361+0000][7][safepoint   ] Safepoint "Cleanup", Time since last: 1000261831 ns, Reaching safepoint: 74318 ns, At safepoint: 11425 ns, Total: 85743 ns
[2024-02-04T23:19:45.361+0000][7][safepoint   ] Safepoint "Cleanup", Time since last: 1000132846 ns, Reaching safepoint: 87289 ns, At safepoint: 12379 ns, Total: 99668 ns
[2024-02-04T23:19:47.361+0000][7][safepoint   ] Safepoint "Cleanup", Time since last: 2000305856 ns, Reaching safepoint: 69320 ns, At safepoint: 9314 ns, Total: 78634 ns
[2024-02-04T23:19:50.362+0000][7][safepoint   ] Safepoint "Cleanup", Time since last: 3000420285 ns, Reaching safepoint: 80414 ns, At safepoint: 14592 ns, Total: 95006 ns
[2024-02-04T23:19:53.363+0000][7][safepoint   ] Safepoint "Cleanup", Time since last: 3000601314 ns, Reaching safepoint: 75238 ns, At safepoint: 7652 ns, Total: 82890 ns
[2024-02-04T23:19:59.364+0000][7][safepoint   ] Safepoint "Cleanup", Time since last: 6000954437 ns, Reaching safepoint: 99422 ns, At safepoint: 6198 ns, Total: 105620 ns
[2024-02-04T23:20:00.364+0000][7][safepoint   ] Safepoint "Cleanup", Time since last: 1000144302 ns, Reaching safepoint: 68308 ns, At safepoint: 6880 ns, Total: 75188 ns
[2024-02-04T23:20:05.365+0000][7][safepoint   ] Safepoint "Cleanup", Time since last: 5000527250 ns, Reaching safepoint: 97578 ns, At safepoint: 9030 ns, Total: 106608 ns
[2024-02-04T23:20:07.365+0000][7][safepoint   ] Safepoint "Cleanup", Time since last: 2000339710 ns, Reaching safepoint: 70463 ns, At safepoint: 6903 ns, Total: 77366 ns
[2024-02-04T23:20:11.366+0000][7][safepoint   ] Safepoint "Cleanup", Time since last: 4000567609 ns, Reaching safepoint: 97719 ns, At safepoint: 7337 ns, Total: 105056 ns
[2024-02-04T23:20:17.366+0000][7][safepoint   ] Safepoint "Cleanup", Time since last: 6000515738 ns, Reaching safepoint: 84401 ns, At safepoint: 6255 ns, Total: 90656 ns
[2024-02-04T23:20:18.366+0000][7][safepoint   ] Safepoint "Cleanup", Time since last: 1000122129 ns, Reaching safepoint: 70937 ns, At safepoint: 6553 ns, Total: 77490 ns
[2024-02-04T23:20:23.367+0000][7][safepoint   ] Safepoint "Cleanup", Time since last: 5000630174 ns, Reaching safepoint: 94913 ns, At safepoint: 16717 ns, Total: 111630 ns
[2024-02-04T23:20:29.368+0000][7][safepoint   ] Safepoint "Cleanup", Time since last: 6000595864 ns, Reaching safepoint: 119635 ns, At safepoint: 8743 ns, Total: 128378 ns
[2024-02-04T23:20:35.369+0000][7][safepoint   ] Safepoint "Cleanup", Time since last: 6000586014 ns, Reaching safepoint: 119306 ns, At safepoint: 13550 ns, Total: 132856 ns
[2024-02-04T23:20:38.369+0000][7][safepoint   ] Safepoint "Cleanup", Time since last: 3000301619 ns, Reaching safepoint: 165362 ns, At safepoint: 9358 ns, Total: 174720 ns
[2024-02-04T23:20:40.370+0000][7][safepoint   ] Safepoint "Cleanup", Time since last: 2000317802 ns, Reaching safepoint: 44794 ns, At safepoint: 3581 ns, Total: 48375 ns
[2024-02-04T23:20:41.370+0000][7][safepoint   ] Safepoint "Cleanup", Time since last: 1000217818 ns, Reaching safepoint: 77695 ns, At safepoint: 15372 ns, Total: 93067 ns
[2024-02-04T23:20:45.370+0000][7][safepoint   ] Safepoint "Cleanup", Time since last: 4000517851 ns, Reaching safepoint: 94437 ns, At safepoint: 14233 ns, Total: 108670 ns
[2024-02-04T23:20:47.371+0000][7][safepoint   ] Safepoint "Cleanup", Time since last: 2000328827 ns, Reaching safepoint: 63989 ns, At safepoint: 6140 ns, Total: 70129 ns
[2024-02-04T23:20:48.371+0000][7][safepoint   ] Safepoint "Cleanup", Time since last: 1000139241 ns, Reaching safepoint: 61742 ns, At safepoint: 5389 ns, Total: 67131 ns
[2024-02-04T23:20:53.372+0000][7][safepoint   ] Safepoint "Cleanup", Time since last: 5000659511 ns, Reaching safepoint: 71181 ns, At safepoint: 5105 ns, Total: 76286 ns
[2024-02-04T23:20:56.372+0000][7][safepoint   ] Safepoint "Cleanup", Time since last: 3000319551 ns, Reaching safepoint: 97056 ns, At safepoint: 19491 ns, Total: 116547 ns
[2024-02-04T23:20:59.373+0000][7][safepoint   ] Safepoint "Cleanup", Time since last: 3000340510 ns, Reaching safepoint: 93262 ns, At safepoint: 8646 ns, Total: 101908 ns
[2024-02-04T23:21:05.373+0000][7][safepoint   ] Safepoint "Cleanup", Time since last: 6000628007 ns, Reaching safepoint: 61947 ns, At safepoint: 9304 ns, Total: 71251 ns
[2024-02-04T23:21:07.374+0000][7][safepoint   ] Safepoint "Cleanup", Time since last: 2000215457 ns, Reaching safepoint: 74651 ns, At safepoint: 4974 ns, Total: 79625 ns
[2024-02-04T23:21:08.374+0000][7][safepoint   ] Safepoint "Cleanup", Time since last: 1000135240 ns, Reaching safepoint: 45157 ns, At safepoint: 11261 ns, Total: 56418 ns
[2024-02-04T23:21:11.374+0000][7][safepoint   ] Safepoint "Cleanup", Time since last: 3000403248 ns, Reaching safepoint: 60914 ns, At safepoint: 4914 ns, Total: 65828 ns
[2024-02-04T23:21:14.375+0000][7][safepoint   ] Safepoint "Cleanup", Time since last: 3000389282 ns, Reaching safepoint: 70897 ns, At safepoint: 10217 ns, Total: 81114 ns
[2024-02-04T23:21:15.375+0000][7][safepoint   ] Safepoint "Cleanup", Time since last: 1000156377 ns, Reaching safepoint: 88930 ns, At safepoint: 10459 ns, Total: 99389 ns
[2024-02-04T23:21:17.376+0000][7][safepoint   ] Safepoint "Cleanup", Time since last: 2000366769 ns, Reaching safepoint: 128768 ns, At safepoint: 9903 ns, Total: 138671 ns
[2024-02-04T23:21:18.376+0000][7][safepoint   ] Safepoint "Cleanup", Time since last: 1000263217 ns, Reaching safepoint: 88039 ns, At safepoint: 8595 ns, Total: 96634 ns
[2024-02-04T23:21:20.376+0000][7][safepoint   ] Safepoint "Cleanup", Time since last: 2000342689 ns, Reaching safepoint: 71233 ns, At safepoint: 21308 ns, Total: 92541 ns
[2024-02-04T23:21:23.377+0000][7][safepoint   ] Safepoint "Cleanup", Time since last: 3000365044 ns, Reaching safepoint: 108517 ns, At safepoint: 9247 ns, Total: 117764 ns
[2024-02-04T23:21:26.377+0000][7][safepoint   ] Safepoint "Cleanup", Time since last: 3000502272 ns, Reaching safepoint: 114338 ns, At safepoint: 6469 ns, Total: 120807 ns
[2024-02-04T23:21:34.418+0000][7][gc,start    ] GC(15) Pause Young (Normal) (G1 Evacuation Pause)
[2024-02-04T23:21:34.418+0000][7][gc,task     ] GC(15) Using 8 workers of 8 for evacuation
[2024-02-04T23:21:34.418+0000][7][gc,age      ] GC(15) Desired survivor size 41943040 bytes, new threshold 15 (max threshold 15)
[2024-02-04T23:21:34.439+0000][7][gc,phases   ] GC(15)   Pre Evacuate Collection Set: 0.1ms
[2024-02-04T23:21:34.439+0000][7][gc,phases   ] GC(15)   Merge Heap Roots: 0.1ms
[2024-02-04T23:21:34.439+0000][7][gc,phases   ] GC(15)   Evacuate Collection Set: 19.2ms
[2024-02-04T23:21:34.439+0000][7][gc,phases   ] GC(15)   Post Evacuate Collection Set: 1.9ms
[2024-02-04T23:21:34.439+0000][7][gc,phases   ] GC(15)   Other: 0.1ms
[2024-02-04T23:21:34.439+0000][7][gc,age      ] GC(15) Age table with threshold 15 (max threshold 15)
[2024-02-04T23:21:34.439+0000][7][gc,age      ] GC(15) - age   1:    1386320 bytes,    1386320 total
[2024-02-04T23:21:34.439+0000][7][gc,age      ] GC(15) - age   2:     395376 bytes,    1781696 total
[2024-02-04T23:21:34.439+0000][7][gc,age      ] GC(15) - age   3:     153072 bytes,    1934768 total
[2024-02-04T23:21:34.439+0000][7][gc,age      ] GC(15) - age   4:   20645448 bytes,   22580216 total
[2024-02-04T23:21:34.439+0000][7][gc,age      ] GC(15) - age   5:   16538400 bytes,   39118616 total
[2024-02-04T23:21:34.439+0000][7][gc,heap     ] GC(15) Eden regions: 142->0(142)
[2024-02-04T23:21:34.439+0000][7][gc,heap     ] GC(15) Survivor regions: 11->11(20)
[2024-02-04T23:21:34.439+0000][7][gc,heap     ] GC(15) Old regions: 12->12
[2024-02-04T23:21:34.439+0000][7][gc,heap     ] GC(15) Archive regions: 2->2
[2024-02-04T23:21:34.439+0000][7][gc,heap     ] GC(15) Humongous regions: 0->0
[2024-02-04T23:21:34.439+0000][7][gc,metaspace] GC(15) Metaspace: 123038K(126336K)->123038K(126336K) NonClass: 106832K(108544K)->106832K(108544K) Class: 16205K(17792K)->16205K(17792K)
[2024-02-04T23:21:34.439+0000][7][gc          ] GC(15) Pause Young (Normal) (G1 Evacuation Pause) 660M->91M(1024M) 21.651ms
[2024-02-04T23:21:34.439+0000][7][gc,cpu      ] GC(15) User=0.16s Sys=0.00s Real=0.03s
[2024-02-04T23:21:34.439+0000][7][safepoint   ] Safepoint "G1CollectForAllocation", Time since last: 8040103113 ns, Reaching safepoint: 61197 ns, At safepoint: 21759833 ns, Total: 21821030 ns
[2024-02-04T23:21:35.440+0000][7][safepoint   ] Safepoint "Cleanup", Time since last: 1000092494 ns, Reaching safepoint: 92759 ns, At safepoint: 12079 ns, Total: 104838 ns
[2024-02-04T23:21:37.440+0000][7][safepoint   ] Safepoint "Cleanup", Time since last: 2000251878 ns, Reaching safepoint: 80417 ns, At safepoint: 6528 ns, Total: 86945 ns
[2024-02-04T23:21:38.440+0000][7][safepoint   ] Safepoint "Cleanup", Time since last: 1000152769 ns, Reaching safepoint: 74293 ns, At safepoint: 7944 ns, Total: 82237 ns
[2024-02-04T23:21:40.441+0000][7][safepoint   ] Safepoint "Cleanup", Time since last: 2000240167 ns, Reaching safepoint: 98771 ns, At safepoint: 13111 ns, Total: 111882 ns
[2024-02-04T23:21:41.441+0000][7][safepoint   ] Safepoint "Cleanup", Time since last: 1000131851 ns, Reaching safepoint: 75730 ns, At safepoint: 6782 ns, Total: 82512 ns
[2024-02-04T23:21:46.442+0000][7][safepoint   ] Safepoint "Cleanup", Time since last: 5000766641 ns, Reaching safepoint: 143377 ns, At safepoint: 6588 ns, Total: 149965 ns
[2024-02-04T23:21:47.442+0000][7][safepoint   ] Safepoint "Cleanup", Time since last: 1000120290 ns, Reaching safepoint: 67694 ns, At safepoint: 7172 ns, Total: 74866 ns
[2024-02-04T23:21:49.442+0000][7][safepoint   ] Safepoint "Cleanup", Time since last: 2000225967 ns, Reaching safepoint: 88914 ns, At safepoint: 11219 ns, Total: 100133 ns
[2024-02-04T23:21:52.443+0000][7][safepoint   ] Safepoint "Cleanup", Time since last: 3000502078 ns, Reaching safepoint: 74169 ns, At safepoint: 7526 ns, Total: 81695 ns
[2024-02-04T23:21:53.443+0000][7][safepoint   ] Safepoint "Cleanup", Time since last: 1000136290 ns, Reaching safepoint: 76117 ns, At safepoint: 7104 ns, Total: 83221 ns
[2024-02-04T23:21:58.444+0000][7][safepoint   ] Safepoint "Cleanup", Time since last: 5000639298 ns, Reaching safepoint: 80150 ns, At safepoint: 6118 ns, Total: 86268 ns
[2024-02-04T23:21:59.444+0000][7][safepoint   ] Safepoint "Cleanup", Time since last: 1000128209 ns, Reaching safepoint: 66722 ns, At safepoint: 5950 ns, Total: 72672 ns
[2024-02-04T23:22:00.444+0000][7][safepoint   ] Safepoint "Cleanup", Time since last: 1000152471 ns, Reaching safepoint: 67172 ns, At safepoint: 7570 ns, Total: 74742 ns
[2024-02-04T23:22:02.444+0000][7][safepoint   ] Safepoint "Cleanup", Time since last: 2000208025 ns, Reaching safepoint: 46615 ns, At safepoint: 12368 ns, Total: 58983 ns
[2024-02-04T23:22:04.445+0000][7][safepoint   ] Safepoint "Cleanup", Time since last: 2000267920 ns, Reaching safepoint: 49809 ns, At safepoint: 6949 ns, Total: 56758 ns
[2024-02-04T23:22:05.445+0000][7][safepoint   ] Safepoint "Cleanup", Time since last: 1000239750 ns, Reaching safepoint: 90468 ns, At safepoint: 10727 ns, Total: 101195 ns
[2024-02-04T23:22:07.445+0000][7][safepoint   ] Safepoint "Cleanup", Time since last: 2000342077 ns, Reaching safepoint: 68523 ns, At safepoint: 5511 ns, Total: 74034 ns
[2024-02-04T23:22:10.446+0000][7][safepoint   ] Safepoint "Cleanup", Time since last: 3000363218 ns, Reaching safepoint: 105125 ns, At safepoint: 5852 ns, Total: 110977 ns
[2024-02-04T23:22:11.446+0000][7][safepoint   ] Safepoint "Cleanup", Time since last: 1000245307 ns, Reaching safepoint: 80206 ns, At safepoint: 11652 ns, Total: 91858 ns
[2024-02-04T23:22:16.447+0000][7][safepoint   ] Safepoint "Cleanup", Time since last: 5000742310 ns, Reaching safepoint: 91634 ns, At safepoint: 7105 ns, Total: 98739 ns
[2024-02-04T23:22:17.447+0000][7][safepoint   ] Safepoint "Cleanup", Time since last: 1000136409 ns, Reaching safepoint: 70424 ns, At safepoint: 6432 ns, Total: 76856 ns
[2024-02-04T23:22:29.448+0000][7][safepoint   ] Safepoint "Cleanup", Time since last: 12001003205 ns, Reaching safepoint: 53830 ns, At safepoint: 3685 ns, Total: 57515 ns
[2024-02-04T23:22:35.449+0000][7][safepoint   ] Safepoint "Cleanup", Time since last: 6000543066 ns, Reaching safepoint: 87817 ns, At safepoint: 6582 ns, Total: 94399 ns
[2024-02-04T23:22:40.450+0000][7][safepoint   ] Safepoint "Cleanup", Time since last: 5000549655 ns, Reaching safepoint: 72168 ns, At safepoint: 5192 ns, Total: 77360 ns
[2024-02-04T23:22:41.450+0000][7][safepoint   ] Safepoint "Cleanup", Time since last: 1000235647 ns, Reaching safepoint: 95624 ns, At safepoint: 7481 ns, Total: 103105 ns
[2024-02-04T23:22:43.450+0000][7][safepoint   ] Safepoint "Cleanup", Time since last: 2000316452 ns, Reaching safepoint: 58533 ns, At safepoint: 5230 ns, Total: 63763 ns
[2024-02-04T23:22:44.451+0000][7][safepoint   ] Safepoint "Cleanup", Time since last: 1000145814 ns, Reaching safepoint: 65031 ns, At safepoint: 7008 ns, Total: 72039 ns
[2024-02-04T23:22:46.451+0000][7][safepoint   ] Safepoint "Cleanup", Time since last: 2000302050 ns, Reaching safepoint: 84248 ns, At safepoint: 4841 ns, Total: 89089 ns
[2024-02-04T23:22:52.452+0000][7][safepoint   ] Safepoint "Cleanup", Time since last: 6000491557 ns, Reaching safepoint: 95952 ns, At safepoint: 5485 ns, Total: 101437 ns
[2024-02-04T23:22:58.452+0000][7][safepoint   ] Safepoint "Cleanup", Time since last: 6000541338 ns, Reaching safepoint: 114818 ns, At safepoint: 6691 ns, Total: 121509 ns
[2024-02-04T23:22:59.452+0000][7][safepoint   ] Safepoint "Cleanup", Time since last: 1000105255 ns, Reaching safepoint: 52264 ns, At safepoint: 5778 ns, Total: 58042 ns
[2024-02-04T23:23:04.453+0000][7][safepoint   ] Safepoint "Cleanup", Time since last: 5000412891 ns, Reaching safepoint: 42531 ns, At safepoint: 4543 ns, Total: 47074 ns
[2024-02-04T23:23:05.453+0000][7][safepoint   ] Safepoint "Cleanup", Time since last: 1000148002 ns, Reaching safepoint: 62224 ns, At safepoint: 6275 ns, Total: 68499 ns
[2024-02-04T23:23:07.454+0000][7][safepoint   ] Safepoint "Cleanup", Time since last: 2000401553 ns, Reaching safepoint: 105421 ns, At safepoint: 5966 ns, Total: 111387 ns
[2024-02-04T23:23:10.454+0000][7][safepoint   ] Safepoint "Cleanup", Time since last: 3000558989 ns, Reaching safepoint: 160910 ns, At safepoint: 7780 ns, Total: 168690 ns
[2024-02-04T23:23:16.455+0000][7][safepoint   ] Safepoint "Cleanup", Time since last: 6000560491 ns, Reaching safepoint: 90848 ns, At safepoint: 5873 ns, Total: 96721 ns
[2024-02-04T23:23:19.455+0000][7][safepoint   ] Safepoint "Cleanup", Time since last: 3000324400 ns, Reaching safepoint: 96395 ns, At safepoint: 6442 ns, Total: 102837 ns
[2024-02-04T23:23:28.456+0000][7][safepoint   ] Safepoint "Cleanup", Time since last: 9000797183 ns, Reaching safepoint: 90002 ns, At safepoint: 16787 ns, Total: 106789 ns
[2024-02-04T23:23:29.456+0000][7][safepoint   ] Safepoint "Cleanup", Time since last: 1000129730 ns, Reaching safepoint: 45654 ns, At safepoint: 4578 ns, Total: 50232 ns
[2024-02-04T23:23:30.457+0000][7][safepoint   ] Safepoint "Cleanup", Time since last: 1000132104 ns, Reaching safepoint: 59862 ns, At safepoint: 5657 ns, Total: 65519 ns
[2024-02-04T23:23:34.457+0000][7][safepoint   ] Safepoint "Cleanup", Time since last: 4000403934 ns, Reaching safepoint: 78467 ns, At safepoint: 5870 ns, Total: 84337 ns
[2024-02-04T23:23:40.458+0000][7][safepoint   ] Safepoint "Cleanup", Time since last: 6000956318 ns, Reaching safepoint: 80005 ns, At safepoint: 7223 ns, Total: 87228 ns
[2024-02-04T23:23:53.460+0000][7][safepoint   ] Safepoint "Cleanup", Time since last: 13001611995 ns, Reaching safepoint: 101932 ns, At safepoint: 6763 ns, Total: 108695 ns
[2024-02-04T23:23:55.460+0000][7][safepoint   ] Safepoint "Cleanup", Time since last: 2000304392 ns, Reaching safepoint: 62161 ns, At safepoint: 11197 ns, Total: 73358 ns
[2024-02-04T23:23:58.461+0000][7][safepoint   ] Safepoint "Cleanup", Time since last: 3000281404 ns, Reaching safepoint: 87680 ns, At safepoint: 15574 ns, Total: 103254 ns
[2024-02-04T23:23:59.461+0000][7][safepoint   ] Safepoint "Cleanup", Time since last: 1000215957 ns, Reaching safepoint: 100290 ns, At safepoint: 8012 ns, Total: 108302 ns
[2024-02-04T23:24:04.462+0000][7][safepoint   ] Safepoint "Cleanup", Time since last: 5000487595 ns, Reaching safepoint: 94248 ns, At safepoint: 4613 ns, Total: 98861 ns
[2024-02-04T23:24:05.462+0000][7][safepoint   ] Safepoint "Cleanup", Time since last: 1000128158 ns, Reaching safepoint: 90450 ns, At safepoint: 10808 ns, Total: 101258 ns
[2024-02-04T23:24:06.819+0000][7][safepoint   ] Safepoint "Cleanup", Time since last: 1357218028 ns, Reaching safepoint: 108118 ns, At safepoint: 9206 ns, Total: 117324 ns
[2024-02-04T23:24:07.820+0000][7][safepoint   ] Safepoint "Cleanup", Time since last: 1000298109 ns, Reaching safepoint: 126537 ns, At safepoint: 7396 ns, Total: 133933 ns
[2024-02-04T23:24:10.820+0000][7][safepoint   ] Safepoint "Cleanup", Time since last: 3000326087 ns, Reaching safepoint: 134445 ns, At safepoint: 6507 ns, Total: 140952 ns
[2024-02-04T23:24:11.820+0000][7][safepoint   ] Safepoint "Cleanup", Time since last: 1000119041 ns, Reaching safepoint: 75403 ns, At safepoint: 9284 ns, Total: 84687 ns
[2024-02-04T23:24:13.821+0000][7][safepoint   ] Safepoint "Cleanup", Time since last: 2000301442 ns, Reaching safepoint: 103956 ns, At safepoint: 5731 ns, Total: 109687 ns
[2024-02-04T23:24:16.821+0000][7][safepoint   ] Safepoint "Cleanup", Time since last: 3000278921 ns, Reaching safepoint: 117620 ns, At safepoint: 8396 ns, Total: 126016 ns
[2024-02-04T23:24:17.821+0000][7][safepoint   ] Safepoint "Cleanup", Time since last: 1000142513 ns, Reaching safepoint: 73437 ns, At safepoint: 5870 ns, Total: 79307 ns
[2024-02-04T23:24:19.822+0000][7][safepoint   ] Safepoint "Cleanup", Time since last: 2000293120 ns, Reaching safepoint: 75544 ns, At safepoint: 7173 ns, Total: 82717 ns
[2024-02-04T23:24:22.822+0000][7][safepoint   ] Safepoint "Cleanup", Time since last: 3000286395 ns, Reaching safepoint: 141309 ns, At safepoint: 6876 ns, Total: 148185 ns
[2024-02-04T23:24:23.822+0000][7][safepoint   ] Safepoint "Cleanup", Time since last: 1000145882 ns, Reaching safepoint: 102299 ns, At safepoint: 6576 ns, Total: 108875 ns
[2024-02-04T23:24:25.823+0000][7][safepoint   ] Safepoint "Cleanup", Time since last: 2000239521 ns, Reaching safepoint: 95183 ns, At safepoint: 11246 ns, Total: 106429 ns
[2024-02-04T23:24:27.823+0000][7][safepoint   ] Safepoint "Cleanup", Time since last: 2000294917 ns, Reaching safepoint: 120153 ns, At safepoint: 14212 ns, Total: 134365 ns
[2024-02-04T23:24:32.824+0000][7][safepoint   ] Safepoint "Cleanup", Time since last: 5000502120 ns, Reaching safepoint: 126355 ns, At safepoint: 17431 ns, Total: 143786 ns
[2024-02-04T23:24:40.825+0000][7][safepoint   ] Safepoint "Cleanup", Time since last: 8000755489 ns, Reaching safepoint: 107581 ns, At safepoint: 13894 ns, Total: 121475 ns
[2024-02-04T23:24:46.826+0000][7][safepoint   ] Safepoint "Cleanup", Time since last: 6001028190 ns, Reaching safepoint: 95987 ns, At safepoint: 6650 ns, Total: 102637 ns
[2024-02-04T23:24:49.827+0000][7][safepoint   ] Safepoint "Cleanup", Time since last: 3000599661 ns, Reaching safepoint: 75166 ns, At safepoint: 9760 ns, Total: 84926 ns
[2024-02-04T23:24:50.827+0000][7][safepoint   ] Safepoint "Cleanup", Time since last: 1000261639 ns, Reaching safepoint: 79579 ns, At safepoint: 8027 ns, Total: 87606 ns
[2024-02-04T23:24:53.419+0000][7][safepoint   ] Safepoint "Cleanup", Time since last: 2591709866 ns, Reaching safepoint: 164039 ns, At safepoint: 6896 ns, Total: 170935 ns
[2024-02-04T23:24:57.422+0000][7][gc,start    ] GC(16) Pause Young (Normal) (G1 Evacuation Pause)
[2024-02-04T23:24:57.422+0000][7][gc,task     ] GC(16) Using 8 workers of 8 for evacuation
[2024-02-04T23:24:57.422+0000][7][gc,age      ] GC(16) Desired survivor size 41943040 bytes, new threshold 15 (max threshold 15)
[2024-02-04T23:24:57.447+0000][7][gc,phases   ] GC(16)   Pre Evacuate Collection Set: 0.1ms
[2024-02-04T23:24:57.447+0000][7][gc,phases   ] GC(16)   Merge Heap Roots: 0.1ms
[2024-02-04T23:24:57.447+0000][7][gc,phases   ] GC(16)   Evacuate Collection Set: 21.5ms
[2024-02-04T23:24:57.447+0000][7][gc,phases   ] GC(16)   Post Evacuate Collection Set: 2.3ms
[2024-02-04T23:24:57.447+0000][7][gc,phases   ] GC(16)   Other: 0.1ms
[2024-02-04T23:24:57.447+0000][7][gc,age      ] GC(16) Age table with threshold 15 (max threshold 15)
[2024-02-04T23:24:57.447+0000][7][gc,age      ] GC(16) - age   1:    1273960 bytes,    1273960 total
[2024-02-04T23:24:57.447+0000][7][gc,age      ] GC(16) - age   2:     155872 bytes,    1429832 total
[2024-02-04T23:24:57.447+0000][7][gc,age      ] GC(16) - age   3:     204864 bytes,    1634696 total
[2024-02-04T23:24:57.447+0000][7][gc,age      ] GC(16) - age   4:     152880 bytes,    1787576 total
[2024-02-04T23:24:57.447+0000][7][gc,age      ] GC(16) - age   5:   20644032 bytes,   22431608 total
[2024-02-04T23:24:57.447+0000][7][gc,age      ] GC(16) - age   6:   16538216 bytes,   38969824 total
[2024-02-04T23:24:57.447+0000][7][gc,heap     ] GC(16) Eden regions: 142->0(143)
[2024-02-04T23:24:57.447+0000][7][gc,heap     ] GC(16) Survivor regions: 11->10(20)
[2024-02-04T23:24:57.447+0000][7][gc,heap     ] GC(16) Old regions: 12->12
[2024-02-04T23:24:57.447+0000][7][gc,heap     ] GC(16) Archive regions: 2->2
[2024-02-04T23:24:57.447+0000][7][gc,heap     ] GC(16) Humongous regions: 0->0
[2024-02-04T23:24:57.447+0000][7][gc,metaspace] GC(16) Metaspace: 123362K(126592K)->123362K(126592K) NonClass: 107152K(108800K)->107152K(108800K) Class: 16210K(17792K)->16210K(17792K)
[2024-02-04T23:24:57.447+0000][7][gc          ] GC(16) Pause Young (Normal) (G1 Evacuation Pause) 659M->89M(1024M) 24.413ms
[2024-02-04T23:24:57.447+0000][7][gc,cpu      ] GC(16) User=0.16s Sys=0.00s Real=0.02s
[2024-02-04T23:24:57.447+0000][7][safepoint   ] Safepoint "G1CollectForAllocation", Time since last: 4003534552 ns, Reaching safepoint: 70674 ns, At safepoint: 24503084 ns, Total: 24573758 ns
[2024-02-04T23:24:59.447+0000][7][safepoint   ] Safepoint "Cleanup", Time since last: 2000157449 ns, Reaching safepoint: 67338 ns, At safepoint: 5057 ns, Total: 72395 ns
[2024-02-04T23:25:01.447+0000][7][safepoint   ] Safepoint "Cleanup", Time since last: 2000204879 ns, Reaching safepoint: 83857 ns, At safepoint: 7810 ns, Total: 91667 ns
[2024-02-04T23:25:02.448+0000][7][safepoint   ] Safepoint "Cleanup", Time since last: 1000132722 ns, Reaching safepoint: 105061 ns, At safepoint: 17752 ns, Total: 122813 ns
[2024-02-04T23:25:04.448+0000][7][safepoint   ] Safepoint "Cleanup", Time since last: 2000252162 ns, Reaching safepoint: 113366 ns, At safepoint: 19934 ns, Total: 133300 ns
[2024-02-04T23:25:05.448+0000][7][safepoint   ] Safepoint "Cleanup", Time since last: 1000220970 ns, Reaching safepoint: 67666 ns, At safepoint: 9111 ns, Total: 76777 ns
[2024-02-04T23:25:07.449+0000][7][safepoint   ] Safepoint "Cleanup", Time since last: 2000215339 ns, Reaching safepoint: 46927 ns, At safepoint: 3960 ns, Total: 50887 ns
[2024-02-04T23:25:10.418+0000][7][safepoint   ] Safepoint "Cleanup", Time since last: 2969678546 ns, Reaching safepoint: 134953 ns, At safepoint: 6904 ns, Total: 141857 ns
[2024-02-04T23:25:11.419+0000][7][safepoint   ] Safepoint "Cleanup", Time since last: 1000238890 ns, Reaching safepoint: 92993 ns, At safepoint: 9177 ns, Total: 102170 ns
[2024-02-04T23:25:12.419+0000][7][safepoint   ] Safepoint "Cleanup", Time since last: 1000149902 ns, Reaching safepoint: 79970 ns, At safepoint: 6177 ns, Total: 86147 ns
[2024-02-04T23:25:13.419+0000][7][safepoint   ] Safepoint "Cleanup", Time since last: 1000233877 ns, Reaching safepoint: 111321 ns, At safepoint: 13556 ns, Total: 124877 ns
[2024-02-04T23:25:16.420+0000][7][safepoint   ] Safepoint "Cleanup", Time since last: 3000316262 ns, Reaching safepoint: 145975 ns, At safepoint: 12985 ns, Total: 158960 ns
[2024-02-04T23:25:28.495+0000][7][safepoint   ] Safepoint "Cleanup", Time since last: 12075407176 ns, Reaching safepoint: 108111 ns, At safepoint: 5245 ns, Total: 113356 ns
[2024-02-04T23:25:29.495+0000][7][safepoint   ] Safepoint "Cleanup", Time since last: 1000097904 ns, Reaching safepoint: 65132 ns, At safepoint: 7918 ns, Total: 73050 ns
[2024-02-04T23:25:30.496+0000][7][safepoint   ] Safepoint "Cleanup", Time since last: 1000121345 ns, Reaching safepoint: 122846 ns, At safepoint: 24216 ns, Total: 147062 ns
[2024-02-04T23:25:31.496+0000][7][safepoint   ] Safepoint "Cleanup", Time since last: 1000260362 ns, Reaching safepoint: 77896 ns, At safepoint: 9260 ns, Total: 87156 ns
[2024-02-04T23:25:32.496+0000][7][safepoint   ] Safepoint "Cleanup", Time since last: 1000176248 ns, Reaching safepoint: 68530 ns, At safepoint: 6651 ns, Total: 75181 ns
[2024-02-04T23:25:34.497+0000][7][safepoint   ] Safepoint "Cleanup", Time since last: 2000245219 ns, Reaching safepoint: 107525 ns, At safepoint: 8226 ns, Total: 115751 ns
[2024-02-04T23:25:35.497+0000][7][safepoint   ] Safepoint "Cleanup", Time since last: 1000140387 ns, Reaching safepoint: 70982 ns, At safepoint: 6226 ns, Total: 77208 ns
[2024-02-04T23:25:40.498+0000][7][safepoint   ] Safepoint "Cleanup", Time since last: 5000802985 ns, Reaching safepoint: 105086 ns, At safepoint: 20073 ns, Total: 125159 ns
[2024-02-04T23:25:42.498+0000][7][safepoint   ] Safepoint "Cleanup", Time since last: 2000469199 ns, Reaching safepoint: 76328 ns, At safepoint: 7001 ns, Total: 83329 ns
[2024-02-04T23:25:46.499+0000][7][safepoint   ] Safepoint "Cleanup", Time since last: 4000522448 ns, Reaching safepoint: 93597 ns, At safepoint: 6448 ns, Total: 100045 ns
[2024-02-04T23:25:47.499+0000][7][safepoint   ] Safepoint "Cleanup", Time since last: 1000154610 ns, Reaching safepoint: 66311 ns, At safepoint: 7813 ns, Total: 74124 ns
[2024-02-04T23:25:52.500+0000][7][safepoint   ] Safepoint "Cleanup", Time since last: 5000478822 ns, Reaching safepoint: 91126 ns, At safepoint: 16349 ns, Total: 107475 ns
[2024-02-04T23:25:57.500+0000][7][safepoint   ] Safepoint "Cleanup", Time since last: 5000451952 ns, Reaching safepoint: 84732 ns, At safepoint: 5088 ns, Total: 89820 ns
[2024-02-04T23:25:58.501+0000][7][safepoint   ] Safepoint "Cleanup", Time since last: 1000114315 ns, Reaching safepoint: 133233 ns, At safepoint: 9449 ns, Total: 142682 ns
[2024-02-04T23:25:59.501+0000][7][safepoint   ] Safepoint "Cleanup", Time since last: 1000221712 ns, Reaching safepoint: 76262 ns, At safepoint: 17953 ns, Total: 94215 ns
[2024-02-04T23:26:01.501+0000][7][safepoint   ] Safepoint "Cleanup", Time since last: 2000437719 ns, Reaching safepoint: 64371 ns, At safepoint: 7125 ns, Total: 71496 ns
[2024-02-04T23:26:07.502+0000][7][safepoint   ] Safepoint "Cleanup", Time since last: 6000809772 ns, Reaching safepoint: 77400 ns, At safepoint: 4211 ns, Total: 81611 ns
[2024-02-04T23:26:10.503+0000][7][safepoint   ] Safepoint "Cleanup", Time since last: 3000448282 ns, Reaching safepoint: 96178 ns, At safepoint: 6043 ns, Total: 102221 ns
[2024-02-04T23:26:19.504+0000][7][safepoint   ] Safepoint "Cleanup", Time since last: 9000987369 ns, Reaching safepoint: 164953 ns, At safepoint: 7698 ns, Total: 172651 ns
[2024-02-04T23:26:20.504+0000][7][safepoint   ] Safepoint "Cleanup", Time since last: 1000144381 ns, Reaching safepoint: 91598 ns, At safepoint: 6978 ns, Total: 98576 ns
[2024-02-04T23:26:23.505+0000][7][safepoint   ] Safepoint "Cleanup", Time since last: 3000322939 ns, Reaching safepoint: 103611 ns, At safepoint: 6773 ns, Total: 110384 ns
[2024-02-04T23:26:25.505+0000][7][safepoint   ] Safepoint "Cleanup", Time since last: 2000342269 ns, Reaching safepoint: 88380 ns, At safepoint: 6407 ns, Total: 94787 ns
[2024-02-04T23:26:28.506+0000][7][safepoint   ] Safepoint "Cleanup", Time since last: 3000274108 ns, Reaching safepoint: 124689 ns, At safepoint: 22087 ns, Total: 146776 ns
[2024-02-04T23:26:30.506+0000][7][safepoint   ] Safepoint "Cleanup", Time since last: 2000330388 ns, Reaching safepoint: 69819 ns, At safepoint: 8002 ns, Total: 77821 ns
[2024-02-04T23:26:34.507+0000][7][safepoint   ] Safepoint "Cleanup", Time since last: 4000630070 ns, Reaching safepoint: 135788 ns, At safepoint: 6115 ns, Total: 141903 ns
[2024-02-04T23:26:35.507+0000][7][safepoint   ] Safepoint "Cleanup", Time since last: 1000154649 ns, Reaching safepoint: 78814 ns, At safepoint: 7531 ns, Total: 86345 ns
[2024-02-04T23:26:37.507+0000][7][safepoint   ] Safepoint "Cleanup", Time since last: 2000225504 ns, Reaching safepoint: 99582 ns, At safepoint: 5668 ns, Total: 105250 ns
[2024-02-04T23:26:46.508+0000][7][safepoint   ] Safepoint "Cleanup", Time since last: 9000724245 ns, Reaching safepoint: 82161 ns, At safepoint: 7310 ns, Total: 89471 ns
[2024-02-04T23:26:47.508+0000][7][safepoint   ] Safepoint "Cleanup", Time since last: 1000168305 ns, Reaching safepoint: 61862 ns, At safepoint: 9125 ns, Total: 70987 ns
[2024-02-04T23:26:52.509+0000][7][safepoint   ] Safepoint "Cleanup", Time since last: 5000866596 ns, Reaching safepoint: 88465 ns, At safepoint: 8041 ns, Total: 96506 ns
[2024-02-04T23:26:53.510+0000][7][safepoint   ] Safepoint "Cleanup", Time since last: 1000216395 ns, Reaching safepoint: 51955 ns, At safepoint: 5107 ns, Total: 57062 ns
[2024-02-04T23:26:57.511+0000][7][safepoint   ] Safepoint "Cleanup", Time since last: 4000815805 ns, Reaching safepoint: 112231 ns, At safepoint: 6796 ns, Total: 119027 ns
[2024-02-04T23:26:58.511+0000][7][safepoint   ] Safepoint "Cleanup", Time since last: 1000245346 ns, Reaching safepoint: 102614 ns, At safepoint: 8158 ns, Total: 110772 ns
[2024-02-04T23:27:02.512+0000][7][safepoint   ] Safepoint "Cleanup", Time since last: 4000693177 ns, Reaching safepoint: 215528 ns, At safepoint: 8873 ns, Total: 224401 ns
[2024-02-04T23:27:04.512+0000][7][safepoint   ] Safepoint "Cleanup", Time since last: 2000195116 ns, Reaching safepoint: 79008 ns, At safepoint: 5409 ns, Total: 84417 ns
[2024-02-04T23:27:05.512+0000][7][safepoint   ] Safepoint "Cleanup", Time since last: 1000137007 ns, Reaching safepoint: 78776 ns, At safepoint: 6308 ns, Total: 85084 ns
[2024-02-04T23:27:06.513+0000][7][safepoint   ] Safepoint "Cleanup", Time since last: 1000143744 ns, Reaching safepoint: 78177 ns, At safepoint: 8109 ns, Total: 86286 ns
[2024-02-04T23:27:07.513+0000][7][safepoint   ] Safepoint "Cleanup", Time since last: 1000129904 ns, Reaching safepoint: 114326 ns, At safepoint: 8024 ns, Total: 122350 ns
[2024-02-04T23:27:08.513+0000][7][safepoint   ] Safepoint "Cleanup", Time since last: 1000127999 ns, Reaching safepoint: 65330 ns, At safepoint: 8295 ns, Total: 73625 ns
[2024-02-04T23:27:13.514+0000][7][safepoint   ] Safepoint "Cleanup", Time since last: 5000623324 ns, Reaching safepoint: 165939 ns, At safepoint: 12661 ns, Total: 178600 ns
[2024-02-04T23:27:16.514+0000][7][safepoint   ] Safepoint "Cleanup", Time since last: 3000336466 ns, Reaching safepoint: 147997 ns, At safepoint: 22756 ns, Total: 170753 ns
[2024-02-04T23:27:28.516+0000][7][safepoint   ] Safepoint "Cleanup", Time since last: 12001248969 ns, Reaching safepoint: 116164 ns, At safepoint: 8138 ns, Total: 124302 ns
[2024-02-04T23:27:29.516+0000][7][safepoint   ] Safepoint "Cleanup", Time since last: 1000204985 ns, Reaching safepoint: 71916 ns, At safepoint: 9337 ns, Total: 81253 ns
[2024-02-04T23:27:31.516+0000][7][safepoint   ] Safepoint "Cleanup", Time since last: 2000228426 ns, Reaching safepoint: 65801 ns, At safepoint: 11133 ns, Total: 76934 ns
[2024-02-04T23:27:32.517+0000][7][safepoint   ] Safepoint "Cleanup", Time since last: 1000125743 ns, Reaching safepoint: 57213 ns, At safepoint: 7130 ns, Total: 64343 ns
[2024-02-04T23:27:34.517+0000][7][safepoint   ] Safepoint "Cleanup", Time since last: 2000289552 ns, Reaching safepoint: 38771 ns, At safepoint: 5162 ns, Total: 43933 ns
[2024-02-04T23:27:40.518+0000][7][safepoint   ] Safepoint "Cleanup", Time since last: 6000903296 ns, Reaching safepoint: 105811 ns, At safepoint: 9849 ns, Total: 115660 ns
[2024-02-04T23:27:49.519+0000][7][safepoint   ] Safepoint "Cleanup", Time since last: 9001011618 ns, Reaching safepoint: 107467 ns, At safepoint: 6738 ns, Total: 114205 ns
[2024-02-04T23:27:52.519+0000][7][safepoint   ] Safepoint "Cleanup", Time since last: 3000361392 ns, Reaching safepoint: 86267 ns, At safepoint: 6165 ns, Total: 92432 ns
[2024-02-04T23:28:01.520+0000][7][safepoint   ] Safepoint "Cleanup", Time since last: 9000841499 ns, Reaching safepoint: 96798 ns, At safepoint: 27680 ns, Total: 124478 ns
[2024-02-04T23:28:07.521+0000][7][safepoint   ] Safepoint "Cleanup", Time since last: 6000670899 ns, Reaching safepoint: 103525 ns, At safepoint: 5917 ns, Total: 109442 ns
[2024-02-04T23:28:17.523+0000][7][safepoint   ] Safepoint "Cleanup", Time since last: 10001887176 ns, Reaching safepoint: 101930 ns, At safepoint: 6832 ns, Total: 108762 ns
[2024-02-04T23:28:22.412+0000][7][gc,start    ] GC(17) Pause Young (Normal) (G1 Evacuation Pause)
[2024-02-04T23:28:22.412+0000][7][gc,task     ] GC(17) Using 8 workers of 8 for evacuation
[2024-02-04T23:28:22.412+0000][7][gc,age      ] GC(17) Desired survivor size 41943040 bytes, new threshold 15 (max threshold 15)
[2024-02-04T23:28:22.437+0000][7][gc,phases   ] GC(17)   Pre Evacuate Collection Set: 0.1ms
[2024-02-04T23:28:22.437+0000][7][gc,phases   ] GC(17)   Merge Heap Roots: 0.1ms
[2024-02-04T23:28:22.437+0000][7][gc,phases   ] GC(17)   Evacuate Collection Set: 22.2ms
[2024-02-04T23:28:22.437+0000][7][gc,phases   ] GC(17)   Post Evacuate Collection Set: 1.9ms
[2024-02-04T23:28:22.437+0000][7][gc,phases   ] GC(17)   Other: 0.1ms
[2024-02-04T23:28:22.437+0000][7][gc,age      ] GC(17) Age table with threshold 15 (max threshold 15)
[2024-02-04T23:28:22.437+0000][7][gc,age      ] GC(17) - age   1:    1171096 bytes,    1171096 total
[2024-02-04T23:28:22.437+0000][7][gc,age      ] GC(17) - age   2:     479696 bytes,    1650792 total
[2024-02-04T23:28:22.437+0000][7][gc,age      ] GC(17) - age   3:     154328 bytes,    1805120 total
[2024-02-04T23:28:22.437+0000][7][gc,age      ] GC(17) - age   4:     204680 bytes,    2009800 total
[2024-02-04T23:28:22.437+0000][7][gc,age      ] GC(17) - age   5:     152696 bytes,    2162496 total
[2024-02-04T23:28:22.437+0000][7][gc,age      ] GC(17) - age   6:   20643824 bytes,   22806320 total
[2024-02-04T23:28:22.437+0000][7][gc,age      ] GC(17) - age   7:   16537912 bytes,   39344232 total
[2024-02-04T23:28:22.437+0000][7][gc,heap     ] GC(17) Eden regions: 143->0(143)
[2024-02-04T23:28:22.437+0000][7][gc,heap     ] GC(17) Survivor regions: 10->10(20)
[2024-02-04T23:28:22.437+0000][7][gc,heap     ] GC(17) Old regions: 12->12
[2024-02-04T23:28:22.437+0000][7][gc,heap     ] GC(17) Archive regions: 2->2
[2024-02-04T23:28:22.437+0000][7][gc,heap     ] GC(17) Humongous regions: 0->0
[2024-02-04T23:28:22.437+0000][7][gc,metaspace] GC(17) Metaspace: 123612K(126912K)->123612K(126912K) NonClass: 107399K(109120K)->107399K(109120K) Class: 16212K(17792K)->16212K(17792K)
[2024-02-04T23:28:22.437+0000][7][gc          ] GC(17) Pause Young (Normal) (G1 Evacuation Pause) 661M->89M(1024M) 24.705ms
[2024-02-04T23:28:22.437+0000][7][gc,cpu      ] GC(17) User=0.17s Sys=0.00s Real=0.02s
[2024-02-04T23:28:22.437+0000][7][safepoint   ] Safepoint "G1CollectForAllocation", Time since last: 4889018126 ns, Reaching safepoint: 64118 ns, At safepoint: 24790448 ns, Total: 24854566 ns
[2024-02-04T23:28:23.437+0000][7][safepoint   ] Safepoint "Cleanup", Time since last: 1000116925 ns, Reaching safepoint: 62699 ns, At safepoint: 6106 ns, Total: 68805 ns
[2024-02-04T23:28:25.438+0000][7][safepoint   ] Safepoint "Cleanup", Time since last: 2000234300 ns, Reaching safepoint: 57175 ns, At safepoint: 5108 ns, Total: 62283 ns
[2024-02-04T23:28:28.438+0000][7][safepoint   ] Safepoint "Cleanup", Time since last: 3000469742 ns, Reaching safepoint: 66692 ns, At safepoint: 9035 ns, Total: 75727 ns
[2024-02-04T23:28:29.438+0000][7][safepoint   ] Safepoint "Cleanup", Time since last: 1000262450 ns, Reaching safepoint: 80125 ns, At safepoint: 7089 ns, Total: 87214 ns
[2024-02-04T23:28:31.439+0000][7][safepoint   ] Safepoint "Cleanup", Time since last: 2000237200 ns, Reaching safepoint: 69281 ns, At safepoint: 5563 ns, Total: 74844 ns
[2024-02-04T23:28:32.439+0000][7][safepoint   ] Safepoint "Cleanup", Time since last: 1000207362 ns, Reaching safepoint: 64112 ns, At safepoint: 7753 ns, Total: 71865 ns
[2024-02-04T23:28:34.439+0000][7][safepoint   ] Safepoint "Cleanup", Time since last: 2000233958 ns, Reaching safepoint: 51351 ns, At safepoint: 10886 ns, Total: 62237 ns
[2024-02-04T23:28:35.440+0000][7][safepoint   ] Safepoint "Cleanup", Time since last: 1000166710 ns, Reaching safepoint: 77250 ns, At safepoint: 8017 ns, Total: 85267 ns
[2024-02-04T23:28:40.440+0000][7][safepoint   ] Safepoint "Cleanup", Time since last: 5000454121 ns, Reaching safepoint: 82711 ns, At safepoint: 7023 ns, Total: 89734 ns
[2024-02-04T23:28:47.441+0000][7][safepoint   ] Safepoint "Cleanup", Time since last: 7000850124 ns, Reaching safepoint: 99385 ns, At safepoint: 6131 ns, Total: 105516 ns
[2024-02-04T23:28:49.441+0000][7][safepoint   ] Safepoint "Cleanup", Time since last: 2000222533 ns, Reaching safepoint: 82602 ns, At safepoint: 10525 ns, Total: 93127 ns
[2024-02-04T23:28:52.442+0000][7][safepoint   ] Safepoint "Cleanup", Time since last: 3000429053 ns, Reaching safepoint: 72962 ns, At safepoint: 6122 ns, Total: 79084 ns
[2024-02-04T23:28:53.442+0000][7][safepoint   ] Safepoint "Cleanup", Time since last: 1000260411 ns, Reaching safepoint: 154267 ns, At safepoint: 14319 ns, Total: 168586 ns
[2024-02-04T23:28:55.443+0000][7][safepoint   ] Safepoint "Cleanup", Time since last: 2000438948 ns, Reaching safepoint: 105872 ns, At safepoint: 6471 ns, Total: 112343 ns
[2024-02-04T23:29:01.444+0000][7][safepoint   ] Safepoint "Cleanup", Time since last: 6000684949 ns, Reaching safepoint: 127955 ns, At safepoint: 6715 ns, Total: 134670 ns
[2024-02-04T23:29:02.444+0000][7][safepoint   ] Safepoint "Cleanup", Time since last: 1000153558 ns, Reaching safepoint: 63928 ns, At safepoint: 7478 ns, Total: 71406 ns
[2024-02-04T23:29:07.445+0000][7][safepoint   ] Safepoint "Cleanup", Time since last: 5000504124 ns, Reaching safepoint: 93181 ns, At safepoint: 6834 ns, Total: 100015 ns
[2024-02-04T23:29:10.445+0000][7][safepoint   ] Safepoint "Cleanup", Time since last: 3000491093 ns, Reaching safepoint: 158612 ns, At safepoint: 6792 ns, Total: 165404 ns
[2024-02-04T23:29:11.445+0000][7][safepoint   ] Safepoint "Cleanup", Time since last: 1000139611 ns, Reaching safepoint: 76608 ns, At safepoint: 6971 ns, Total: 83579 ns
[2024-02-04T23:29:16.446+0000][7][safepoint   ] Safepoint "Cleanup", Time since last: 5000806375 ns, Reaching safepoint: 68658 ns, At safepoint: 8082 ns, Total: 76740 ns
[2024-02-04T23:29:17.447+0000][7][safepoint   ] Safepoint "Cleanup", Time since last: 1000266243 ns, Reaching safepoint: 98600 ns, At safepoint: 10859 ns, Total: 109459 ns
[2024-02-04T23:29:19.447+0000][7][safepoint   ] Safepoint "Cleanup", Time since last: 2000463968 ns, Reaching safepoint: 104094 ns, At safepoint: 7371 ns, Total: 111465 ns
[2024-02-04T23:29:22.448+0000][7][safepoint   ] Safepoint "Cleanup", Time since last: 3000386542 ns, Reaching safepoint: 97969 ns, At safepoint: 7240 ns, Total: 105209 ns
[2024-02-04T23:29:23.448+0000][7][safepoint   ] Safepoint "Cleanup", Time since last: 1000216486 ns, Reaching safepoint: 87663 ns, At safepoint: 8575 ns, Total: 96238 ns
[2024-02-04T23:29:25.449+0000][7][safepoint   ] Safepoint "Cleanup", Time since last: 2000510498 ns, Reaching safepoint: 126975 ns, At safepoint: 7791 ns, Total: 134766 ns
[2024-02-04T23:29:28.449+0000][7][safepoint   ] Safepoint "Cleanup", Time since last: 3000597104 ns, Reaching safepoint: 75271 ns, At safepoint: 6423 ns, Total: 81694 ns
[2024-02-04T23:29:31.450+0000][7][safepoint   ] Safepoint "Cleanup", Time since last: 3000592313 ns, Reaching safepoint: 81787 ns, At safepoint: 8053 ns, Total: 89840 ns
[2024-02-04T23:29:40.452+0000][7][safepoint   ] Safepoint "Cleanup", Time since last: 9001496498 ns, Reaching safepoint: 91180 ns, At safepoint: 7071 ns, Total: 98251 ns
[2024-02-04T23:29:41.452+0000][7][safepoint   ] Safepoint "Cleanup", Time since last: 1000145543 ns, Reaching safepoint: 77539 ns, At safepoint: 10677 ns, Total: 88216 ns
[2024-02-04T23:29:42.452+0000][7][safepoint   ] Safepoint "Cleanup", Time since last: 1000166388 ns, Reaching safepoint: 75986 ns, At safepoint: 10134 ns, Total: 86120 ns
[2024-02-04T23:29:46.453+0000][7][safepoint   ] Safepoint "Cleanup", Time since last: 4000585882 ns, Reaching safepoint: 96131 ns, At safepoint: 5983 ns, Total: 102114 ns
[2024-02-04T23:29:59.455+0000][7][safepoint   ] Safepoint "Cleanup", Time since last: 13002537479 ns, Reaching safepoint: 116773 ns, At safepoint: 8833 ns, Total: 125606 ns
[2024-02-04T23:30:00.456+0000][7][safepoint   ] Safepoint "Cleanup", Time since last: 1000132464 ns, Reaching safepoint: 60779 ns, At safepoint: 9018 ns, Total: 69797 ns
[2024-02-04T23:30:07.457+0000][7][safepoint   ] Safepoint "Cleanup", Time since last: 7001018845 ns, Reaching safepoint: 105590 ns, At safepoint: 8752 ns, Total: 114342 ns
[2024-02-04T23:30:10.457+0000][7][safepoint   ] Safepoint "Cleanup", Time since last: 3000456870 ns, Reaching safepoint: 128233 ns, At safepoint: 8881 ns, Total: 137114 ns
[2024-02-04T23:30:11.458+0000][7][safepoint   ] Safepoint "Cleanup", Time since last: 1000254897 ns, Reaching safepoint: 76663 ns, At safepoint: 8479 ns, Total: 85142 ns
[2024-02-04T23:30:16.459+0000][7][safepoint   ] Safepoint "Cleanup", Time since last: 5001044771 ns, Reaching safepoint: 88683 ns, At safepoint: 7423 ns, Total: 96106 ns
[2024-02-04T23:30:17.459+0000][7][safepoint   ] Safepoint "Cleanup", Time since last: 1000206545 ns, Reaching safepoint: 72816 ns, At safepoint: 8271 ns, Total: 81087 ns
[2024-02-04T23:30:28.461+0000][7][safepoint   ] Safepoint "Cleanup", Time since last: 11001405575 ns, Reaching safepoint: 81515 ns, At safepoint: 6295 ns, Total: 87810 ns
[2024-02-04T23:30:29.461+0000][7][safepoint   ] Safepoint "Cleanup", Time since last: 1000142416 ns, Reaching safepoint: 68401 ns, At safepoint: 8510 ns, Total: 76911 ns
[2024-02-04T23:30:35.462+0000][7][safepoint   ] Safepoint "Cleanup", Time since last: 6000956783 ns, Reaching safepoint: 87741 ns, At safepoint: 8738 ns, Total: 96479 ns
[2024-02-04T23:30:37.462+0000][7][safepoint   ] Safepoint "Cleanup", Time since last: 2000314110 ns, Reaching safepoint: 69989 ns, At safepoint: 4386 ns, Total: 74375 ns
[2024-02-04T23:30:40.463+0000][7][safepoint   ] Safepoint "Cleanup", Time since last: 3000556385 ns, Reaching safepoint: 72759 ns, At safepoint: 5440 ns, Total: 78199 ns
[2024-02-04T23:30:47.464+0000][7][safepoint   ] Safepoint "Cleanup", Time since last: 7000915781 ns, Reaching safepoint: 98163 ns, At safepoint: 7143 ns, Total: 105306 ns
[2024-02-04T23:30:59.465+0000][7][safepoint   ] Safepoint "Cleanup", Time since last: 12001352235 ns, Reaching safepoint: 71502 ns, At safepoint: 7021 ns, Total: 78523 ns
[2024-02-04T23:31:07.467+0000][7][safepoint   ] Safepoint "Cleanup", Time since last: 8001300174 ns, Reaching safepoint: 86480 ns, At safepoint: 5115 ns, Total: 91595 ns
[2024-02-04T23:31:08.467+0000][7][safepoint   ] Safepoint "Cleanup", Time since last: 1000207881 ns, Reaching safepoint: 62745 ns, At safepoint: 14100 ns, Total: 76845 ns
[2024-02-04T23:31:10.468+0000][7][safepoint   ] Safepoint "Cleanup", Time since last: 2000396340 ns, Reaching safepoint: 66060 ns, At safepoint: 7427 ns, Total: 73487 ns
[2024-02-04T23:31:19.469+0000][7][safepoint   ] Safepoint "Cleanup", Time since last: 9001206161 ns, Reaching safepoint: 87147 ns, At safepoint: 6109 ns, Total: 93256 ns
[2024-02-04T23:31:23.470+0000][7][safepoint   ] Safepoint "Cleanup", Time since last: 4000650956 ns, Reaching safepoint: 102882 ns, At safepoint: 11260 ns, Total: 114142 ns
[2024-02-04T23:31:28.471+0000][7][safepoint   ] Safepoint "Cleanup", Time since last: 5000942138 ns, Reaching safepoint: 104292 ns, At safepoint: 7879 ns, Total: 112171 ns
[2024-02-04T23:31:30.471+0000][7][safepoint   ] Safepoint "Cleanup", Time since last: 2000462238 ns, Reaching safepoint: 66576 ns, At safepoint: 7188 ns, Total: 73764 ns
[2024-02-04T23:31:31.472+0000][7][safepoint   ] Safepoint "Cleanup", Time since last: 1000227760 ns, Reaching safepoint: 81188 ns, At safepoint: 8596 ns, Total: 89784 ns
[2024-02-04T23:31:34.472+0000][7][safepoint   ] Safepoint "Cleanup", Time since last: 3000379921 ns, Reaching safepoint: 95718 ns, At safepoint: 8061 ns, Total: 103779 ns
[2024-02-04T23:31:37.473+0000][7][safepoint   ] Safepoint "Cleanup", Time since last: 3000432960 ns, Reaching safepoint: 108540 ns, At safepoint: 7279 ns, Total: 115819 ns
[2024-02-04T23:31:43.429+0000][7][gc,start    ] GC(18) Pause Young (Normal) (G1 Evacuation Pause)
[2024-02-04T23:31:43.430+0000][7][gc,task     ] GC(18) Using 8 workers of 8 for evacuation
[2024-02-04T23:31:43.430+0000][7][gc,age      ] GC(18) Desired survivor size 41943040 bytes, new threshold 15 (max threshold 15)
[2024-02-04T23:31:43.454+0000][7][gc,phases   ] GC(18)   Pre Evacuate Collection Set: 0.1ms
[2024-02-04T23:31:43.454+0000][7][gc,phases   ] GC(18)   Merge Heap Roots: 0.1ms
[2024-02-04T23:31:43.454+0000][7][gc,phases   ] GC(18)   Evacuate Collection Set: 21.8ms
[2024-02-04T23:31:43.454+0000][7][gc,phases   ] GC(18)   Post Evacuate Collection Set: 2.3ms
[2024-02-04T23:31:43.454+0000][7][gc,phases   ] GC(18)   Other: 0.1ms
[2024-02-04T23:31:43.454+0000][7][gc,age      ] GC(18) Age table with threshold 15 (max threshold 15)
[2024-02-04T23:31:43.454+0000][7][gc,age      ] GC(18) - age   1:    1342184 bytes,    1342184 total
[2024-02-04T23:31:43.454+0000][7][gc,age      ] GC(18) - age   2:      29000 bytes,    1371184 total
[2024-02-04T23:31:43.454+0000][7][gc,age      ] GC(18) - age   3:     238624 bytes,    1609808 total
[2024-02-04T23:31:43.454+0000][7][gc,age      ] GC(18) - age   4:     150264 bytes,    1760072 total
[2024-02-04T23:31:43.454+0000][7][gc,age      ] GC(18) - age   5:     202888 bytes,    1962960 total
[2024-02-04T23:31:43.454+0000][7][gc,age      ] GC(18) - age   6:     152312 bytes,    2115272 total
[2024-02-04T23:31:43.454+0000][7][gc,age      ] GC(18) - age   7:   20198032 bytes,   22313304 total
[2024-02-04T23:31:43.454+0000][7][gc,age      ] GC(18) - age   8:   15851328 bytes,   38164632 total
[2024-02-04T23:31:43.454+0000][7][gc,heap     ] GC(18) Eden regions: 143->0(143)
[2024-02-04T23:31:43.454+0000][7][gc,heap     ] GC(18) Survivor regions: 10->10(20)
[2024-02-04T23:31:43.454+0000][7][gc,heap     ] GC(18) Old regions: 12->12
[2024-02-04T23:31:43.454+0000][7][gc,heap     ] GC(18) Archive regions: 2->2
[2024-02-04T23:31:43.454+0000][7][gc,heap     ] GC(18) Humongous regions: 0->0
[2024-02-04T23:31:43.454+0000][7][gc,metaspace] GC(18) Metaspace: 123701K(126976K)->123701K(126976K) NonClass: 107489K(109184K)->107489K(109184K) Class: 16212K(17792K)->16212K(17792K)
[2024-02-04T23:31:43.454+0000][7][gc          ] GC(18) Pause Young (Normal) (G1 Evacuation Pause) 661M->89M(1024M) 24.685ms
[2024-02-04T23:31:43.454+0000][7][gc,cpu      ] GC(18) User=0.18s Sys=0.00s Real=0.02s
[2024-02-04T23:31:43.454+0000][7][safepoint   ] Safepoint "G1CollectForAllocation", Time since last: 5956776030 ns, Reaching safepoint: 45177 ns, At safepoint: 24774032 ns, Total: 24819209 ns
[2024-02-04T23:31:46.455+0000][7][safepoint   ] Safepoint "Cleanup", Time since last: 3000473528 ns, Reaching safepoint: 90079 ns, At safepoint: 8540 ns, Total: 98619 ns
[2024-02-04T23:31:52.456+0000][7][safepoint   ] Safepoint "Cleanup", Time since last: 6000816017 ns, Reaching safepoint: 141426 ns, At safepoint: 10922 ns, Total: 152348 ns
[2024-02-04T23:31:53.456+0000][7][safepoint   ] Safepoint "Cleanup", Time since last: 1000169123 ns, Reaching safepoint: 86698 ns, At safepoint: 10546 ns, Total: 97244 ns
[2024-02-04T23:31:59.457+0000][7][safepoint   ] Safepoint "Cleanup", Time since last: 6000949612 ns, Reaching safepoint: 121538 ns, At safepoint: 8640 ns, Total: 130178 ns
[2024-02-04T23:32:07.458+0000][7][safepoint   ] Safepoint "Cleanup", Time since last: 8001288911 ns, Reaching safepoint: 88578 ns, At safepoint: 5055 ns, Total: 93633 ns
[2024-02-04T23:32:11.459+0000][7][safepoint   ] Safepoint "Cleanup", Time since last: 4000559820 ns, Reaching safepoint: 124030 ns, At safepoint: 6905 ns, Total: 130935 ns
[2024-02-04T23:32:13.460+0000][7][safepoint   ] Safepoint "Cleanup", Time since last: 2000349557 ns, Reaching safepoint: 101059 ns, At safepoint: 6744 ns, Total: 107803 ns
[2024-02-04T23:32:15.460+0000][7][safepoint   ] Safepoint "Cleanup", Time since last: 2000346494 ns, Reaching safepoint: 102055 ns, At safepoint: 8778 ns, Total: 110833 ns
[2024-02-04T23:32:16.460+0000][7][safepoint   ] Safepoint "Cleanup", Time since last: 1000140733 ns, Reaching safepoint: 45125 ns, At safepoint: 6953 ns, Total: 52078 ns
[2024-02-04T23:32:17.461+0000][7][safepoint   ] Safepoint "Cleanup", Time since last: 1000212981 ns, Reaching safepoint: 77545 ns, At safepoint: 9802 ns, Total: 87347 ns
[2024-02-04T23:32:27.463+0000][7][safepoint   ] Safepoint "Cleanup", Time since last: 10001906280 ns, Reaching safepoint: 119039 ns, At safepoint: 15369 ns, Total: 134408 ns
[2024-02-04T23:32:28.463+0000][7][safepoint   ] Safepoint "Cleanup", Time since last: 1000147111 ns, Reaching safepoint: 64277 ns, At safepoint: 5493 ns, Total: 69770 ns
[2024-02-04T23:32:34.464+0000][7][safepoint   ] Safepoint "Cleanup", Time since last: 6000723323 ns, Reaching safepoint: 145899 ns, At safepoint: 9990 ns, Total: 155889 ns
[2024-02-04T23:32:46.465+0000][7][safepoint   ] Safepoint "Cleanup", Time since last: 12001046912 ns, Reaching safepoint: 125263 ns, At safepoint: 7475 ns, Total: 132738 ns
[2024-02-04T23:32:48.402+0000][7][safepoint   ] Safepoint "Cleanup", Time since last: 1936477304 ns, Reaching safepoint: 171874 ns, At safepoint: 12077 ns, Total: 183951 ns
[2024-02-04T23:32:53.402+0000][7][safepoint   ] Safepoint "Cleanup", Time since last: 5000708817 ns, Reaching safepoint: 107932 ns, At safepoint: 5570 ns, Total: 113502 ns
[2024-02-04T23:33:07.404+0000][7][safepoint   ] Safepoint "Cleanup", Time since last: 14001728196 ns, Reaching safepoint: 125523 ns, At safepoint: 9053 ns, Total: 134576 ns
[2024-02-04T23:33:08.404+0000][7][safepoint   ] Safepoint "Cleanup", Time since last: 1000120077 ns, Reaching safepoint: 83265 ns, At safepoint: 9668 ns, Total: 92933 ns
[2024-02-04T23:33:11.405+0000][7][safepoint   ] Safepoint "Cleanup", Time since last: 3000503260 ns, Reaching safepoint: 85965 ns, At safepoint: 7883 ns, Total: 93848 ns
[2024-02-04T23:33:12.405+0000][7][safepoint   ] Safepoint "Cleanup", Time since last: 1000220630 ns, Reaching safepoint: 63799 ns, At safepoint: 7354 ns, Total: 71153 ns
[2024-02-04T23:33:35.408+0000][7][safepoint   ] Safepoint "Cleanup", Time since last: 23002912736 ns, Reaching safepoint: 70473 ns, At safepoint: 6605 ns, Total: 77078 ns
[2024-02-04T23:33:53.411+0000][7][safepoint   ] Safepoint "Cleanup", Time since last: 18002831324 ns, Reaching safepoint: 125364 ns, At safepoint: 8454 ns, Total: 133818 ns
[2024-02-04T23:33:59.412+0000][7][safepoint   ] Safepoint "Cleanup", Time since last: 6000707307 ns, Reaching safepoint: 63703 ns, At safepoint: 6338 ns, Total: 70041 ns
[2024-02-04T23:34:07.414+0000][7][safepoint   ] Safepoint "Cleanup", Time since last: 8001363147 ns, Reaching safepoint: 86832 ns, At safepoint: 11376 ns, Total: 98208 ns
[2024-02-04T23:34:11.415+0000][7][safepoint   ] Safepoint "Cleanup", Time since last: 4000866830 ns, Reaching safepoint: 129019 ns, At safepoint: 7273 ns, Total: 136292 ns
[2024-02-04T23:34:17.416+0000][7][safepoint   ] Safepoint "Cleanup", Time since last: 6001020883 ns, Reaching safepoint: 73465 ns, At safepoint: 9581 ns, Total: 83046 ns
[2024-02-04T23:34:18.416+0000][7][safepoint   ] Safepoint "Cleanup", Time since last: 1000276830 ns, Reaching safepoint: 70636 ns, At safepoint: 8124 ns, Total: 78760 ns
[2024-02-04T23:34:23.417+0000][7][safepoint   ] Safepoint "Cleanup", Time since last: 5000864218 ns, Reaching safepoint: 125498 ns, At safepoint: 7604 ns, Total: 133102 ns
[2024-02-04T23:34:29.418+0000][7][safepoint   ] Safepoint "Cleanup", Time since last: 6001027263 ns, Reaching safepoint: 68531 ns, At safepoint: 4874 ns, Total: 73405 ns
[2024-02-04T23:34:41.421+0000][7][safepoint   ] Safepoint "Cleanup", Time since last: 12002385807 ns, Reaching safepoint: 87101 ns, At safepoint: 8027 ns, Total: 95128 ns
[2024-02-04T23:34:59.424+0000][7][safepoint   ] Safepoint "Cleanup", Time since last: 18003395520 ns, Reaching safepoint: 123087 ns, At safepoint: 13355 ns, Total: 136442 ns
[2024-02-04T23:35:00.424+0000][7][safepoint   ] Safepoint "Cleanup", Time since last: 1000165161 ns, Reaching safepoint: 79401 ns, At safepoint: 9964 ns, Total: 89365 ns
[2024-02-04T23:35:05.425+0000][7][safepoint   ] Safepoint "Cleanup", Time since last: 5001004458 ns, Reaching safepoint: 107508 ns, At safepoint: 9729 ns, Total: 117237 ns
[2024-02-04T23:35:07.426+0000][7][safepoint   ] Safepoint "Cleanup", Time since last: 2000417814 ns, Reaching safepoint: 120340 ns, At safepoint: 9246 ns, Total: 129586 ns
[2024-02-04T23:35:10.463+0000][7][gc,start    ] GC(19) Pause Young (Normal) (G1 Evacuation Pause)
[2024-02-04T23:35:10.463+0000][7][gc,task     ] GC(19) Using 8 workers of 8 for evacuation
[2024-02-04T23:35:10.463+0000][7][gc,age      ] GC(19) Desired survivor size 41943040 bytes, new threshold 15 (max threshold 15)
[2024-02-04T23:35:10.487+0000][7][gc,phases   ] GC(19)   Pre Evacuate Collection Set: 0.1ms
[2024-02-04T23:35:10.487+0000][7][gc,phases   ] GC(19)   Merge Heap Roots: 0.1ms
[2024-02-04T23:35:10.487+0000][7][gc,phases   ] GC(19)   Evacuate Collection Set: 21.2ms
[2024-02-04T23:35:10.487+0000][7][gc,phases   ] GC(19)   Post Evacuate Collection Set: 2.2ms
[2024-02-04T23:35:10.487+0000][7][gc,phases   ] GC(19)   Other: 0.1ms
[2024-02-04T23:35:10.487+0000][7][gc,age      ] GC(19) Age table with threshold 15 (max threshold 15)
[2024-02-04T23:35:10.487+0000][7][gc,age      ] GC(19) - age   1:    1854280 bytes,    1854280 total
[2024-02-04T23:35:10.487+0000][7][gc,age      ] GC(19) - age   2:     121480 bytes,    1975760 total
[2024-02-04T23:35:10.487+0000][7][gc,age      ] GC(19) - age   3:      26680 bytes,    2002440 total
[2024-02-04T23:35:10.487+0000][7][gc,age      ] GC(19) - age   4:     238440 bytes,    2240880 total
[2024-02-04T23:35:10.487+0000][7][gc,age      ] GC(19) - age   5:     150264 bytes,    2391144 total
[2024-02-04T23:35:10.487+0000][7][gc,age      ] GC(19) - age   6:     202888 bytes,    2594032 total
[2024-02-04T23:35:10.487+0000][7][gc,age      ] GC(19) - age   7:     152312 bytes,    2746344 total
[2024-02-04T23:35:10.487+0000][7][gc,age      ] GC(19) - age   8:   20197768 bytes,   22944112 total
[2024-02-04T23:35:10.487+0000][7][gc,age      ] GC(19) - age   9:   15851328 bytes,   38795440 total
[2024-02-04T23:35:10.487+0000][7][gc,heap     ] GC(19) Eden regions: 143->0(142)
[2024-02-04T23:35:10.487+0000][7][gc,heap     ] GC(19) Survivor regions: 10->11(20)
[2024-02-04T23:35:10.487+0000][7][gc,heap     ] GC(19) Old regions: 12->12
[2024-02-04T23:35:10.487+0000][7][gc,heap     ] GC(19) Archive regions: 2->2
[2024-02-04T23:35:10.487+0000][7][gc,heap     ] GC(19) Humongous regions: 0->0
[2024-02-04T23:35:10.487+0000][7][gc,metaspace] GC(19) Metaspace: 123820K(127104K)->123820K(127104K) NonClass: 107608K(109312K)->107608K(109312K) Class: 16212K(17792K)->16212K(17792K)
[2024-02-04T23:35:10.487+0000][7][gc          ] GC(19) Pause Young (Normal) (G1 Evacuation Pause) 661M->90M(1024M) 23.951ms
[2024-02-04T23:35:10.487+0000][7][gc,cpu      ] GC(19) User=0.18s Sys=0.00s Real=0.02s
[2024-02-04T23:35:10.487+0000][7][safepoint   ] Safepoint "G1CollectForAllocation", Time since last: 3036827001 ns, Reaching safepoint: 125721 ns, At safepoint: 24040927 ns, Total: 24166648 ns
[2024-02-04T23:35:11.487+0000][7][safepoint   ] Safepoint "Cleanup", Time since last: 1000223163 ns, Reaching safepoint: 101027 ns, At safepoint: 12071 ns, Total: 113098 ns
[2024-02-04T23:35:16.488+0000][7][safepoint   ] Safepoint "Cleanup", Time since last: 5000593808 ns, Reaching safepoint: 85593 ns, At safepoint: 6532 ns, Total: 92125 ns
[2024-02-04T23:35:19.489+0000][7][safepoint   ] Safepoint "Cleanup", Time since last: 3000522434 ns, Reaching safepoint: 87683 ns, At safepoint: 8696 ns, Total: 96379 ns
[2024-02-04T23:35:22.489+0000][7][safepoint   ] Safepoint "Cleanup", Time since last: 3000652323 ns, Reaching safepoint: 88057 ns, At safepoint: 6675 ns, Total: 94732 ns
[2024-02-04T23:35:23.490+0000][7][safepoint   ] Safepoint "Cleanup", Time since last: 1000252655 ns, Reaching safepoint: 83940 ns, At safepoint: 8629 ns, Total: 92569 ns
[2024-02-04T23:35:25.490+0000][7][safepoint   ] Safepoint "Cleanup", Time since last: 2000436729 ns, Reaching safepoint: 101706 ns, At safepoint: 7980 ns, Total: 109686 ns
[2024-02-04T23:35:29.491+0000][7][safepoint   ] Safepoint "Cleanup", Time since last: 4000785466 ns, Reaching safepoint: 88416 ns, At safepoint: 10613 ns, Total: 99029 ns
[2024-02-04T23:35:31.492+0000][7][safepoint   ] Safepoint "Cleanup", Time since last: 2000340057 ns, Reaching safepoint: 65808 ns, At safepoint: 8006 ns, Total: 73814 ns
[2024-02-04T23:35:34.492+0000][7][safepoint   ] Safepoint "Cleanup", Time since last: 3000477789 ns, Reaching safepoint: 97559 ns, At safepoint: 12393 ns, Total: 109952 ns
[2024-02-04T23:35:58.496+0000][7][safepoint   ] Safepoint "Cleanup", Time since last: 24003962752 ns, Reaching safepoint: 91474 ns, At safepoint: 8325 ns, Total: 99799 ns
[2024-02-04T23:36:04.497+0000][7][safepoint   ] Safepoint "Cleanup", Time since last: 6000757280 ns, Reaching safepoint: 102315 ns, At safepoint: 7907 ns, Total: 110222 ns
[2024-02-04T23:36:07.498+0000][7][safepoint   ] Safepoint "Cleanup", Time since last: 3000636400 ns, Reaching safepoint: 91909 ns, At safepoint: 6700 ns, Total: 98609 ns
[2024-02-04T23:36:16.500+0000][7][safepoint   ] Safepoint "Cleanup", Time since last: 9001664764 ns, Reaching safepoint: 107550 ns, At safepoint: 10059 ns, Total: 117609 ns
[2024-02-04T23:36:23.501+0000][7][safepoint   ] Safepoint "Cleanup", Time since last: 7001055730 ns, Reaching safepoint: 51991 ns, At safepoint: 4430 ns, Total: 56421 ns
[2024-02-04T23:36:25.501+0000][7][safepoint   ] Safepoint "Cleanup", Time since last: 2000441200 ns, Reaching safepoint: 112715 ns, At safepoint: 7379 ns, Total: 120094 ns
[2024-02-04T23:36:26.502+0000][7][safepoint   ] Safepoint "Cleanup", Time since last: 1000256010 ns, Reaching safepoint: 84943 ns, At safepoint: 7876 ns, Total: 92819 ns
[2024-02-04T23:36:35.503+0000][7][safepoint   ] Safepoint "Cleanup", Time since last: 9001651381 ns, Reaching safepoint: 135338 ns, At safepoint: 8599 ns, Total: 143937 ns
[2024-02-04T23:36:46.505+0000][7][safepoint   ] Safepoint "Cleanup", Time since last: 11001642626 ns, Reaching safepoint: 64594 ns, At safepoint: 8076 ns, Total: 72670 ns
[2024-02-04T23:36:53.507+0000][7][safepoint   ] Safepoint "Cleanup", Time since last: 7001375325 ns, Reaching safepoint: 112320 ns, At safepoint: 8065 ns, Total: 120385 ns
[2024-02-04T23:36:55.507+0000][7][safepoint   ] Safepoint "Cleanup", Time since last: 2000366197 ns, Reaching safepoint: 104024 ns, At safepoint: 13829 ns, Total: 117853 ns
[2024-02-04T23:36:59.508+0000][7][safepoint   ] Safepoint "Cleanup", Time since last: 4000623867 ns, Reaching safepoint: 84529 ns, At safepoint: 7336 ns, Total: 91865 ns
[2024-02-04T23:37:07.509+0000][7][safepoint   ] Safepoint "Cleanup", Time since last: 8001396980 ns, Reaching safepoint: 117814 ns, At safepoint: 7782 ns, Total: 125596 ns
[2024-02-04T23:37:08.510+0000][7][safepoint   ] Safepoint "Cleanup", Time since last: 1000253845 ns, Reaching safepoint: 70078 ns, At safepoint: 10617 ns, Total: 80695 ns
[2024-02-04T23:37:12.511+0000][7][safepoint   ] Safepoint "Cleanup", Time since last: 4000744402 ns, Reaching safepoint: 73624 ns, At safepoint: 10347 ns, Total: 83971 ns
[2024-02-04T23:37:16.511+0000][7][safepoint   ] Safepoint "Cleanup", Time since last: 4000604554 ns, Reaching safepoint: 111874 ns, At safepoint: 10098 ns, Total: 121972 ns
[2024-02-04T23:37:17.512+0000][7][safepoint   ] Safepoint "Cleanup", Time since last: 1000216145 ns, Reaching safepoint: 77904 ns, At safepoint: 10155 ns, Total: 88059 ns
[2024-02-04T23:37:22.512+0000][7][safepoint   ] Safepoint "Cleanup", Time since last: 5000733497 ns, Reaching safepoint: 91419 ns, At safepoint: 8286 ns, Total: 99705 ns
[2024-02-04T23:37:23.513+0000][7][safepoint   ] Safepoint "Cleanup", Time since last: 1000259617 ns, Reaching safepoint: 75255 ns, At safepoint: 11425 ns, Total: 86680 ns
[2024-02-04T23:37:26.513+0000][7][safepoint   ] Safepoint "Cleanup", Time since last: 3000415900 ns, Reaching safepoint: 103591 ns, At safepoint: 7303 ns, Total: 110894 ns
[2024-02-04T23:37:27.514+0000][7][safepoint   ] Safepoint "Cleanup", Time since last: 1000235972 ns, Reaching safepoint: 70605 ns, At safepoint: 11533 ns, Total: 82138 ns
[2024-02-04T23:37:34.515+0000][7][safepoint   ] Safepoint "Cleanup", Time since last: 7001176442 ns, Reaching safepoint: 57065 ns, At safepoint: 6987 ns, Total: 64052 ns
[2024-02-04T23:37:45.516+0000][7][safepoint   ] Safepoint "Cleanup", Time since last: 11001313911 ns, Reaching safepoint: 105019 ns, At safepoint: 12521 ns, Total: 117540 ns
[2024-02-04T23:37:47.517+0000][7][safepoint   ] Safepoint "Cleanup", Time since last: 2000355388 ns, Reaching safepoint: 129214 ns, At safepoint: 16683 ns, Total: 145897 ns
[2024-02-04T23:37:52.518+0000][7][safepoint   ] Safepoint "Cleanup", Time since last: 5001006458 ns, Reaching safepoint: 93494 ns, At safepoint: 9979 ns, Total: 103473 ns
[2024-02-04T23:37:53.518+0000][7][safepoint   ] Safepoint "Cleanup", Time since last: 1000237915 ns, Reaching safepoint: 76129 ns, At safepoint: 11653 ns, Total: 87782 ns
[2024-02-04T23:37:59.519+0000][7][safepoint   ] Safepoint "Cleanup", Time since last: 6000939490 ns, Reaching safepoint: 71418 ns, At safepoint: 5283 ns, Total: 76701 ns
[2024-02-04T23:38:04.520+0000][7][safepoint   ] Safepoint "Cleanup", Time since last: 5000490280 ns, Reaching safepoint: 96919 ns, At safepoint: 8036 ns, Total: 104955 ns
[2024-02-04T23:38:05.520+0000][7][safepoint   ] Safepoint "Cleanup", Time since last: 1000121475 ns, Reaching safepoint: 53121 ns, At safepoint: 4181 ns, Total: 57302 ns
[2024-02-04T23:38:07.520+0000][7][safepoint   ] Safepoint "Cleanup", Time since last: 2000195542 ns, Reaching safepoint: 44209 ns, At safepoint: 3815 ns, Total: 48024 ns
[2024-02-04T23:38:10.521+0000][7][safepoint   ] Safepoint "Cleanup", Time since last: 3000353443 ns, Reaching safepoint: 126305 ns, At safepoint: 18529 ns, Total: 144834 ns
[2024-02-04T23:38:11.521+0000][7][safepoint   ] Safepoint "Cleanup", Time since last: 1000142117 ns, Reaching safepoint: 56319 ns, At safepoint: 5975 ns, Total: 62294 ns
[2024-02-04T23:38:16.522+0000][7][safepoint   ] Safepoint "Cleanup", Time since last: 5000731687 ns, Reaching safepoint: 100857 ns, At safepoint: 18591 ns, Total: 119448 ns
[2024-02-04T23:38:28.488+0000][7][gc,start    ] GC(20) Pause Young (Normal) (G1 Evacuation Pause)
[2024-02-04T23:38:28.488+0000][7][gc,task     ] GC(20) Using 8 workers of 8 for evacuation
[2024-02-04T23:38:28.488+0000][7][gc,age      ] GC(20) Desired survivor size 41943040 bytes, new threshold 15 (max threshold 15)
[2024-02-04T23:38:28.514+0000][7][gc,phases   ] GC(20)   Pre Evacuate Collection Set: 0.1ms
[2024-02-04T23:38:28.514+0000][7][gc,phases   ] GC(20)   Merge Heap Roots: 0.1ms
[2024-02-04T23:38:28.514+0000][7][gc,phases   ] GC(20)   Evacuate Collection Set: 23.5ms
[2024-02-04T23:38:28.514+0000][7][gc,phases   ] GC(20)   Post Evacuate Collection Set: 2.0ms
[2024-02-04T23:38:28.514+0000][7][gc,phases   ] GC(20)   Other: 0.1ms
[2024-02-04T23:38:28.514+0000][7][gc,age      ] GC(20) Age table with threshold 15 (max threshold 15)
[2024-02-04T23:38:28.514+0000][7][gc,age      ] GC(20) - age   1:    1725032 bytes,    1725032 total
[2024-02-04T23:38:28.514+0000][7][gc,age      ] GC(20) - age   2:       8552 bytes,    1733584 total
[2024-02-04T23:38:28.514+0000][7][gc,age      ] GC(20) - age   3:     120360 bytes,    1853944 total
[2024-02-04T23:38:28.514+0000][7][gc,age      ] GC(20) - age   4:      26680 bytes,    1880624 total
[2024-02-04T23:38:28.514+0000][7][gc,age      ] GC(20) - age   5:     238080 bytes,    2118704 total
[2024-02-04T23:38:28.514+0000][7][gc,age      ] GC(20) - age   6:     150136 bytes,    2268840 total
[2024-02-04T23:38:28.514+0000][7][gc,age      ] GC(20) - age   7:     202888 bytes,    2471728 total
[2024-02-04T23:38:28.514+0000][7][gc,age      ] GC(20) - age   8:     152312 bytes,    2624040 total
[2024-02-04T23:38:28.514+0000][7][gc,age      ] GC(20) - age   9:   20197768 bytes,   22821808 total
[2024-02-04T23:38:28.514+0000][7][gc,age      ] GC(20) - age  10:   15851328 bytes,   38673136 total
[2024-02-04T23:38:28.514+0000][7][gc,heap     ] GC(20) Eden regions: 142->0(143)
[2024-02-04T23:38:28.514+0000][7][gc,heap     ] GC(20) Survivor regions: 11->10(20)
[2024-02-04T23:38:28.514+0000][7][gc,heap     ] GC(20) Old regions: 12->12
[2024-02-04T23:38:28.514+0000][7][gc,heap     ] GC(20) Archive regions: 2->2
[2024-02-04T23:38:28.514+0000][7][gc,heap     ] GC(20) Humongous regions: 0->0
[2024-02-04T23:38:28.514+0000][7][gc,metaspace] GC(20) Metaspace: 123851K(127168K)->123851K(127168K) NonClass: 107637K(109376K)->107637K(109376K) Class: 16213K(17792K)->16213K(17792K)
[2024-02-04T23:38:28.514+0000][7][gc          ] GC(20) Pause Young (Normal) (G1 Evacuation Pause) 658M->89M(1024M) 25.986ms
[2024-02-04T23:38:28.514+0000][7][gc,cpu      ] GC(20) User=0.15s Sys=0.00s Real=0.02s
[2024-02-04T23:38:28.514+0000][7][safepoint   ] Safepoint "G1CollectForAllocation", Time since last: 11966463834 ns, Reaching safepoint: 122399 ns, At safepoint: 26072939 ns, Total: 26195338 ns
[2024-02-04T23:38:29.515+0000][7][safepoint   ] Safepoint "Cleanup", Time since last: 1000232687 ns, Reaching safepoint: 74616 ns, At safepoint: 7161 ns, Total: 81777 ns
[2024-02-04T23:38:35.516+0000][7][safepoint   ] Safepoint "Cleanup", Time since last: 6000948611 ns, Reaching safepoint: 82411 ns, At safepoint: 7668 ns, Total: 90079 ns
[2024-02-04T23:38:36.516+0000][7][safepoint   ] Safepoint "Cleanup", Time since last: 1000172996 ns, Reaching safepoint: 81262 ns, At safepoint: 7776 ns, Total: 89038 ns
[2024-02-04T23:38:40.517+0000][7][safepoint   ] Safepoint "Cleanup", Time since last: 4000568859 ns, Reaching safepoint: 101124 ns, At safepoint: 7765 ns, Total: 108889 ns
[2024-02-04T23:38:46.518+0000][7][safepoint   ] Safepoint "Cleanup", Time since last: 6000893992 ns, Reaching safepoint: 99351 ns, At safepoint: 6675 ns, Total: 106026 ns
[2024-02-04T23:38:52.519+0000][7][safepoint   ] Safepoint "Cleanup", Time since last: 6001074182 ns, Reaching safepoint: 95975 ns, At safepoint: 6233 ns, Total: 102208 ns
[2024-02-04T23:38:53.519+0000][7][safepoint   ] Safepoint "Cleanup", Time since last: 1000263058 ns, Reaching safepoint: 76316 ns, At safepoint: 8174 ns, Total: 84490 ns
[2024-02-04T23:38:59.520+0000][7][safepoint   ] Safepoint "Cleanup", Time since last: 6000648591 ns, Reaching safepoint: 109005 ns, At safepoint: 6929 ns, Total: 115934 ns
[2024-02-04T23:39:07.521+0000][7][safepoint   ] Safepoint "Cleanup", Time since last: 8001166771 ns, Reaching safepoint: 135594 ns, At safepoint: 8899 ns, Total: 144493 ns
[2024-02-04T23:39:22.524+0000][7][safepoint   ] Safepoint "Cleanup", Time since last: 15002283178 ns, Reaching safepoint: 69051 ns, At safepoint: 5721 ns, Total: 74772 ns
[2024-02-04T23:39:23.524+0000][7][safepoint   ] Safepoint "Cleanup", Time since last: 1000136569 ns, Reaching safepoint: 56930 ns, At safepoint: 13438 ns, Total: 70368 ns
[2024-02-04T23:39:35.525+0000][7][safepoint   ] Safepoint "Cleanup", Time since last: 12001411330 ns, Reaching safepoint: 64244 ns, At safepoint: 7422 ns, Total: 71666 ns
[2024-02-04T23:39:40.526+0000][7][safepoint   ] Safepoint "Cleanup", Time since last: 5000766131 ns, Reaching safepoint: 108027 ns, At safepoint: 14110 ns, Total: 122137 ns
[2024-02-04T23:40:04.529+0000][7][safepoint   ] Safepoint "Cleanup", Time since last: 24002581062 ns, Reaching safepoint: 100626 ns, At safepoint: 21565 ns, Total: 122191 ns
[2024-02-04T23:40:07.530+0000][7][safepoint   ] Safepoint "Cleanup", Time since last: 3000477226 ns, Reaching safepoint: 134047 ns, At safepoint: 8116 ns, Total: 142163 ns
[2024-02-04T23:40:17.531+0000][7][safepoint   ] Safepoint "Cleanup", Time since last: 10001663867 ns, Reaching safepoint: 133823 ns, At safepoint: 8738 ns, Total: 142561 ns
[2024-02-04T23:40:20.532+0000][7][safepoint   ] Safepoint "Cleanup", Time since last: 3000550561 ns, Reaching safepoint: 71286 ns, At safepoint: 8064 ns, Total: 79350 ns
[2024-02-04T23:40:22.532+0000][7][safepoint   ] Safepoint "Cleanup", Time since last: 2000306161 ns, Reaching safepoint: 45275 ns, At safepoint: 8157 ns, Total: 53432 ns
[2024-02-04T23:40:23.533+0000][7][safepoint   ] Safepoint "Cleanup", Time since last: 1000250919 ns, Reaching safepoint: 76473 ns, At safepoint: 11212 ns, Total: 87685 ns
[2024-02-04T23:40:29.534+0000][7][safepoint   ] Safepoint "Cleanup", Time since last: 6001162000 ns, Reaching safepoint: 66522 ns, At safepoint: 8178 ns, Total: 74700 ns
[2024-02-04T23:40:35.535+0000][7][safepoint   ] Safepoint "Cleanup", Time since last: 6001095564 ns, Reaching safepoint: 73302 ns, At safepoint: 7444 ns, Total: 80746 ns
[2024-02-04T23:40:37.536+0000][7][safepoint   ] Safepoint "Cleanup", Time since last: 2000350799 ns, Reaching safepoint: 93122 ns, At safepoint: 20936 ns, Total: 114058 ns
[2024-02-04T23:40:41.536+0000][7][safepoint   ] Safepoint "Cleanup", Time since last: 4000548238 ns, Reaching safepoint: 71392 ns, At safepoint: 6176 ns, Total: 77568 ns
[2024-02-04T23:40:59.539+0000][7][safepoint   ] Safepoint "Cleanup", Time since last: 18002735129 ns, Reaching safepoint: 73544 ns, At safepoint: 7727 ns, Total: 81271 ns
[2024-02-04T23:41:04.540+0000][7][safepoint   ] Safepoint "Cleanup", Time since last: 5000681368 ns, Reaching safepoint: 66680 ns, At safepoint: 8213 ns, Total: 74893 ns
[2024-02-04T23:41:05.540+0000][7][safepoint   ] Safepoint "Cleanup", Time since last: 1000155600 ns, Reaching safepoint: 73471 ns, At safepoint: 8982 ns, Total: 82453 ns
[2024-02-04T23:41:07.540+0000][7][safepoint   ] Safepoint "Cleanup", Time since last: 2000335245 ns, Reaching safepoint: 79417 ns, At safepoint: 10853 ns, Total: 90270 ns
[2024-02-04T23:41:22.543+0000][7][safepoint   ] Safepoint "Cleanup", Time since last: 15002532097 ns, Reaching safepoint: 106484 ns, At safepoint: 7249 ns, Total: 113733 ns
[2024-02-04T23:41:23.543+0000][7][safepoint   ] Safepoint "Cleanup", Time since last: 1000265264 ns, Reaching safepoint: 81616 ns, At safepoint: 11839 ns, Total: 93455 ns
[2024-02-04T23:41:31.545+0000][7][safepoint   ] Safepoint "Cleanup", Time since last: 8001137742 ns, Reaching safepoint: 93873 ns, At safepoint: 15022 ns, Total: 108895 ns
[2024-02-04T23:41:32.545+0000][7][safepoint   ] Safepoint "Cleanup", Time since last: 1000131182 ns, Reaching safepoint: 74936 ns, At safepoint: 5206 ns, Total: 80142 ns
[2024-02-04T23:41:34.545+0000][7][safepoint   ] Safepoint "Cleanup", Time since last: 2000356769 ns, Reaching safepoint: 72003 ns, At safepoint: 4506 ns, Total: 76509 ns
[2024-02-04T23:41:41.547+0000][7][safepoint   ] Safepoint "Cleanup", Time since last: 7001195273 ns, Reaching safepoint: 114785 ns, At safepoint: 7643 ns, Total: 122428 ns
[2024-02-04T23:41:47.548+0000][7][safepoint   ] Safepoint "Cleanup", Time since last: 6000903174 ns, Reaching safepoint: 99244 ns, At safepoint: 7537 ns, Total: 106781 ns
[2024-02-04T23:41:52.548+0000][7][safepoint   ] Safepoint "Cleanup", Time since last: 5000481882 ns, Reaching safepoint: 163188 ns, At safepoint: 6395 ns, Total: 169583 ns
[2024-02-04T23:41:52.556+0000][7][gc,start    ] GC(21) Pause Young (Normal) (G1 Evacuation Pause)
[2024-02-04T23:41:52.556+0000][7][gc,task     ] GC(21) Using 8 workers of 8 for evacuation
[2024-02-04T23:41:52.556+0000][7][gc,age      ] GC(21) Desired survivor size 41943040 bytes, new threshold 15 (max threshold 15)
[2024-02-04T23:41:52.572+0000][7][gc,phases   ] GC(21)   Pre Evacuate Collection Set: 0.1ms
[2024-02-04T23:41:52.572+0000][7][gc,phases   ] GC(21)   Merge Heap Roots: 0.1ms
[2024-02-04T23:41:52.572+0000][7][gc,phases   ] GC(21)   Evacuate Collection Set: 14.4ms
[2024-02-04T23:41:52.572+0000][7][gc,phases   ] GC(21)   Post Evacuate Collection Set: 1.7ms
[2024-02-04T23:41:52.572+0000][7][gc,phases   ] GC(21)   Other: 0.1ms
[2024-02-04T23:41:52.572+0000][7][gc,age      ] GC(21) Age table with threshold 15 (max threshold 15)
[2024-02-04T23:41:52.572+0000][7][gc,age      ] GC(21) - age   1:    1744944 bytes,    1744944 total
[2024-02-04T23:41:52.572+0000][7][gc,age      ] GC(21) - age   2:      11608 bytes,    1756552 total
[2024-02-04T23:41:52.572+0000][7][gc,age      ] GC(21) - age   3:       6376 bytes,    1762928 total
[2024-02-04T23:41:52.572+0000][7][gc,age      ] GC(21) - age   4:     116504 bytes,    1879432 total
[2024-02-04T23:41:52.572+0000][7][gc,age      ] GC(21) - age   5:      26104 bytes,    1905536 total
[2024-02-04T23:41:52.572+0000][7][gc,age      ] GC(21) - age   6:     237544 bytes,    2143080 total
[2024-02-04T23:41:52.572+0000][7][gc,age      ] GC(21) - age   7:     149920 bytes,    2293000 total
[2024-02-04T23:41:52.572+0000][7][gc,age      ] GC(21) - age   8:     202888 bytes,    2495888 total
[2024-02-04T23:41:52.572+0000][7][gc,age      ] GC(21) - age   9:     152312 bytes,    2648200 total
[2024-02-04T23:41:52.572+0000][7][gc,age      ] GC(21) - age  10:   20197768 bytes,   22845968 total
[2024-02-04T23:41:52.572+0000][7][gc,age      ] GC(21) - age  11:   15851064 bytes,   38697032 total
[2024-02-04T23:41:52.572+0000][7][gc,heap     ] GC(21) Eden regions: 143->0(142)
[2024-02-04T23:41:52.572+0000][7][gc,heap     ] GC(21) Survivor regions: 10->11(20)
[2024-02-04T23:41:52.572+0000][7][gc,heap     ] GC(21) Old regions: 12->12
[2024-02-04T23:41:52.572+0000][7][gc,heap     ] GC(21) Archive regions: 2->2
[2024-02-04T23:41:52.572+0000][7][gc,heap     ] GC(21) Humongous regions: 0->0
[2024-02-04T23:41:52.572+0000][7][gc,metaspace] GC(21) Metaspace: 123902K(127168K)->123902K(127168K) NonClass: 107689K(109376K)->107689K(109376K) Class: 16213K(17792K)->16213K(17792K)
[2024-02-04T23:41:52.572+0000][7][gc          ] GC(21) Pause Young (Normal) (G1 Evacuation Pause) 661M->90M(1024M) 16.560ms
[2024-02-04T23:41:52.572+0000][7][gc,cpu      ] GC(21) User=0.11s Sys=0.00s Real=0.02s
[2024-02-04T23:41:52.572+0000][7][safepoint   ] Safepoint "G1CollectForAllocation", Time since last: 7248220 ns, Reaching safepoint: 97031 ns, At safepoint: 16630847 ns, Total: 16727878 ns
[2024-02-04T23:42:07.574+0000][7][safepoint   ] Safepoint "Cleanup", Time since last: 15001803619 ns, Reaching safepoint: 110795 ns, At safepoint: 20539 ns, Total: 131334 ns
[2024-02-04T23:42:08.575+0000][7][safepoint   ] Safepoint "Cleanup", Time since last: 1000262075 ns, Reaching safepoint: 86508 ns, At safepoint: 8707 ns, Total: 95215 ns
[2024-02-04T23:42:11.575+0000][7][safepoint   ] Safepoint "Cleanup", Time since last: 3000470977 ns, Reaching safepoint: 69705 ns, At safepoint: 4358 ns, Total: 74063 ns
[2024-02-04T23:42:17.576+0000][7][safepoint   ] Safepoint "Cleanup", Time since last: 6000609014 ns, Reaching safepoint: 92591 ns, At safepoint: 10780 ns, Total: 103371 ns
[2024-02-04T23:42:34.578+0000][7][safepoint   ] Safepoint "Cleanup", Time since last: 17002431179 ns, Reaching safepoint: 75027 ns, At safepoint: 5483 ns, Total: 80510 ns
[2024-02-04T23:42:40.579+0000][7][safepoint   ] Safepoint "Cleanup", Time since last: 6000960604 ns, Reaching safepoint: 100749 ns, At safepoint: 5338 ns, Total: 106087 ns
[2024-02-04T23:42:46.580+0000][7][safepoint   ] Safepoint "Cleanup", Time since last: 6000670979 ns, Reaching safepoint: 49088 ns, At safepoint: 5078 ns, Total: 54166 ns
[2024-02-04T23:43:04.583+0000][7][safepoint   ] Safepoint "Cleanup", Time since last: 18002512805 ns, Reaching safepoint: 107047 ns, At safepoint: 6891 ns, Total: 113938 ns
[2024-02-04T23:43:05.583+0000][7][safepoint   ] Safepoint "Cleanup", Time since last: 1000132930 ns, Reaching safepoint: 74639 ns, At safepoint: 8807 ns, Total: 83446 ns
[2024-02-04T23:43:07.583+0000][7][safepoint   ] Safepoint "Cleanup", Time since last: 2000327722 ns, Reaching safepoint: 68033 ns, At safepoint: 6451 ns, Total: 74484 ns
[2024-02-04T23:43:10.584+0000][7][safepoint   ] Safepoint "Cleanup", Time since last: 3000542264 ns, Reaching safepoint: 97461 ns, At safepoint: 8614 ns, Total: 106075 ns
[2024-02-04T23:43:29.586+0000][7][safepoint   ] Safepoint "Cleanup", Time since last: 19002291266 ns, Reaching safepoint: 81237 ns, At safepoint: 9516 ns, Total: 90753 ns
[2024-02-04T23:43:30.587+0000][7][safepoint   ] Safepoint "Cleanup", Time since last: 1000158381 ns, Reaching safepoint: 44343 ns, At safepoint: 3251 ns, Total: 47594 ns
[2024-02-04T23:43:34.587+0000][7][safepoint   ] Safepoint "Cleanup", Time since last: 4000482703 ns, Reaching safepoint: 98909 ns, At safepoint: 10552 ns, Total: 109461 ns
[2024-02-04T23:43:47.589+0000][7][safepoint   ] Safepoint "Cleanup", Time since last: 13001690083 ns, Reaching safepoint: 108841 ns, At safepoint: 10240 ns, Total: 119081 ns
[2024-02-04T23:43:58.591+0000][7][safepoint   ] Safepoint "Cleanup", Time since last: 11001667611 ns, Reaching safepoint: 66431 ns, At safepoint: 7332 ns, Total: 73763 ns
[2024-02-04T23:44:04.592+0000][7][safepoint   ] Safepoint "Cleanup", Time since last: 6000804094 ns, Reaching safepoint: 74359 ns, At safepoint: 10375 ns, Total: 84734 ns
[2024-02-04T23:44:05.718+0000][7][safepoint   ] Safepoint "Cleanup", Time since last: 1125952193 ns, Reaching safepoint: 114311 ns, At safepoint: 11137 ns, Total: 125448 ns
[2024-02-04T23:44:07.718+0000][7][safepoint   ] Safepoint "Cleanup", Time since last: 2000475336 ns, Reaching safepoint: 73387 ns, At safepoint: 9516 ns, Total: 82903 ns
[2024-02-04T23:44:08.719+0000][7][safepoint   ] Safepoint "Cleanup", Time since last: 1000271107 ns, Reaching safepoint: 105421 ns, At safepoint: 12047 ns, Total: 117468 ns
[2024-02-04T23:44:10.719+0000][7][safepoint   ] Safepoint "Cleanup", Time since last: 2000389895 ns, Reaching safepoint: 67040 ns, At safepoint: 7621 ns, Total: 74661 ns
[2024-02-04T23:44:11.719+0000][7][safepoint   ] Safepoint "Cleanup", Time since last: 1000215406 ns, Reaching safepoint: 82949 ns, At safepoint: 10427 ns, Total: 93376 ns
[2024-02-04T23:44:16.846+0000][7][safepoint   ] Safepoint "Cleanup", Time since last: 5126602072 ns, Reaching safepoint: 27713 ns, At safepoint: 8965 ns, Total: 36678 ns
[2024-02-04T23:44:29.423+0000][7][safepoint   ] Safepoint "Cleanup", Time since last: 12576820880 ns, Reaching safepoint: 130942 ns, At safepoint: 7695 ns, Total: 138637 ns
[2024-02-04T23:44:38.424+0000][7][safepoint   ] Safepoint "Cleanup", Time since last: 9001174878 ns, Reaching safepoint: 100612 ns, At safepoint: 6621 ns, Total: 107233 ns
[2024-02-04T23:44:47.426+0000][7][safepoint   ] Safepoint "Cleanup", Time since last: 9001623552 ns, Reaching safepoint: 66538 ns, At safepoint: 5356 ns, Total: 71894 ns
[2024-02-04T23:44:50.427+0000][7][safepoint   ] Safepoint "Cleanup", Time since last: 3000667501 ns, Reaching safepoint: 106284 ns, At safepoint: 12211 ns, Total: 118495 ns
[2024-02-04T23:44:53.428+0000][7][safepoint   ] Safepoint "Cleanup", Time since last: 3000613819 ns, Reaching safepoint: 71819 ns, At safepoint: 8012 ns, Total: 79831 ns
[2024-02-04T23:45:07.429+0000][7][safepoint   ] Safepoint "Cleanup", Time since last: 14001677996 ns, Reaching safepoint: 109184 ns, At safepoint: 6567 ns, Total: 115751 ns
[2024-02-04T23:45:17.431+0000][7][safepoint   ] Safepoint "Cleanup", Time since last: 10001679364 ns, Reaching safepoint: 87069 ns, At safepoint: 6524 ns, Total: 93593 ns
[2024-02-04T23:45:22.499+0000][7][gc,start    ] GC(22) Pause Young (Normal) (G1 Evacuation Pause)
[2024-02-04T23:45:22.499+0000][7][gc,task     ] GC(22) Using 8 workers of 8 for evacuation
[2024-02-04T23:45:22.499+0000][7][gc,age      ] GC(22) Desired survivor size 41943040 bytes, new threshold 15 (max threshold 15)
[2024-02-04T23:45:22.523+0000][7][gc,phases   ] GC(22)   Pre Evacuate Collection Set: 0.1ms
[2024-02-04T23:45:22.523+0000][7][gc,phases   ] GC(22)   Merge Heap Roots: 0.1ms
[2024-02-04T23:45:22.523+0000][7][gc,phases   ] GC(22)   Evacuate Collection Set: 20.7ms
[2024-02-04T23:45:22.523+0000][7][gc,phases   ] GC(22)   Post Evacuate Collection Set: 2.1ms
[2024-02-04T23:45:22.523+0000][7][gc,phases   ] GC(22)   Other: 0.1ms
[2024-02-04T23:45:22.523+0000][7][gc,age      ] GC(22) Age table with threshold 15 (max threshold 15)
[2024-02-04T23:45:22.523+0000][7][gc,age      ] GC(22) - age   1:     839976 bytes,     839976 total
[2024-02-04T23:45:22.523+0000][7][gc,age      ] GC(22) - age   2:      14376 bytes,     854352 total
[2024-02-04T23:45:22.523+0000][7][gc,age      ] GC(22) - age   3:       8432 bytes,     862784 total
[2024-02-04T23:45:22.523+0000][7][gc,age      ] GC(22) - age   4:       5744 bytes,     868528 total
[2024-02-04T23:45:22.523+0000][7][gc,age      ] GC(22) - age   5:     116504 bytes,     985032 total
[2024-02-04T23:45:22.523+0000][7][gc,age      ] GC(22) - age   6:      26104 bytes,    1011136 total
[2024-02-04T23:45:22.523+0000][7][gc,age      ] GC(22) - age   7:     237544 bytes,    1248680 total
[2024-02-04T23:45:22.523+0000][7][gc,age      ] GC(22) - age   8:     149920 bytes,    1398600 total
[2024-02-04T23:45:22.523+0000][7][gc,age      ] GC(22) - age   9:     202888 bytes,    1601488 total
[2024-02-04T23:45:22.523+0000][7][gc,age      ] GC(22) - age  10:     152312 bytes,    1753800 total
[2024-02-04T23:45:22.523+0000][7][gc,age      ] GC(22) - age  11:   20197768 bytes,   21951568 total
[2024-02-04T23:45:22.523+0000][7][gc,age      ] GC(22) - age  12:   15851064 bytes,   37802632 total
[2024-02-04T23:45:22.523+0000][7][gc,heap     ] GC(22) Eden regions: 142->0(143)
[2024-02-04T23:45:22.523+0000][7][gc,heap     ] GC(22) Survivor regions: 11->10(20)
[2024-02-04T23:45:22.523+0000][7][gc,heap     ] GC(22) Old regions: 12->12
[2024-02-04T23:45:22.523+0000][7][gc,heap     ] GC(22) Archive regions: 2->2
[2024-02-04T23:45:22.523+0000][7][gc,heap     ] GC(22) Humongous regions: 0->0
[2024-02-04T23:45:22.523+0000][7][gc,metaspace] GC(22) Metaspace: 123913K(127232K)->123913K(127232K) NonClass: 107700K(109440K)->107700K(109440K) Class: 16213K(17792K)->16213K(17792K)
[2024-02-04T23:45:22.523+0000][7][gc          ] GC(22) Pause Young (Normal) (G1 Evacuation Pause) 658M->89M(1024M) 23.447ms
[2024-02-04T23:45:22.523+0000][7][gc,cpu      ] GC(22) User=0.16s Sys=0.01s Real=0.02s
[2024-02-04T23:45:22.523+0000][7][safepoint   ] Safepoint "G1CollectForAllocation", Time since last: 5068165989 ns, Reaching safepoint: 79149 ns, At safepoint: 23537095 ns, Total: 23616244 ns
[2024-02-04T23:45:29.524+0000][7][safepoint   ] Safepoint "Cleanup", Time since last: 7000801046 ns, Reaching safepoint: 52524 ns, At safepoint: 6080 ns, Total: 58604 ns
[2024-02-04T23:45:35.524+0000][7][safepoint   ] Safepoint "Cleanup", Time since last: 6000579325 ns, Reaching safepoint: 105767 ns, At safepoint: 8904 ns, Total: 114671 ns
[2024-02-04T23:45:40.525+0000][7][safepoint   ] Safepoint "Cleanup", Time since last: 5000719569 ns, Reaching safepoint: 73707 ns, At safepoint: 5865 ns, Total: 79572 ns
[2024-02-04T23:45:46.526+0000][7][safepoint   ] Safepoint "Cleanup", Time since last: 6001130490 ns, Reaching safepoint: 98738 ns, At safepoint: 6033 ns, Total: 104771 ns
[2024-02-04T23:45:47.527+0000][7][safepoint   ] Safepoint "Cleanup", Time since last: 1000155787 ns, Reaching safepoint: 74894 ns, At safepoint: 5438 ns, Total: 80332 ns
[2024-02-04T23:45:59.529+0000][7][safepoint   ] Safepoint "Cleanup", Time since last: 12001783469 ns, Reaching safepoint: 68575 ns, At safepoint: 10471 ns, Total: 79046 ns
[2024-02-04T23:46:07.530+0000][7][safepoint   ] Safepoint "Cleanup", Time since last: 8001351611 ns, Reaching safepoint: 84126 ns, At safepoint: 6362 ns, Total: 90488 ns
[2024-02-04T23:46:10.531+0000][7][safepoint   ] Safepoint "Cleanup", Time since last: 3000576679 ns, Reaching safepoint: 90522 ns, At safepoint: 9402 ns, Total: 99924 ns
[2024-02-04T23:46:28.533+0000][7][safepoint   ] Safepoint "Cleanup", Time since last: 18002108573 ns, Reaching safepoint: 154857 ns, At safepoint: 7559 ns, Total: 162416 ns
[2024-02-04T23:46:29.533+0000][7][safepoint   ] Safepoint "Cleanup", Time since last: 1000273900 ns, Reaching safepoint: 83971 ns, At safepoint: 7789 ns, Total: 91760 ns
[2024-02-04T23:46:34.534+0000][7][safepoint   ] Safepoint "Cleanup", Time since last: 5000937293 ns, Reaching safepoint: 87830 ns, At safepoint: 7548 ns, Total: 95378 ns
[2024-02-04T23:46:37.535+0000][7][safepoint   ] Safepoint "Cleanup", Time since last: 3000481899 ns, Reaching safepoint: 142936 ns, At safepoint: 15454 ns, Total: 158390 ns
[2024-02-04T23:46:41.536+0000][7][safepoint   ] Safepoint "Cleanup", Time since last: 4000722460 ns, Reaching safepoint: 119236 ns, At safepoint: 7196 ns, Total: 126432 ns
[2024-02-04T23:46:43.536+0000][7][safepoint   ] Safepoint "Cleanup", Time since last: 2000218630 ns, Reaching safepoint: 63541 ns, At safepoint: 7905 ns, Total: 71446 ns
[2024-02-04T23:46:46.537+0000][7][safepoint   ] Safepoint "Cleanup", Time since last: 3000457540 ns, Reaching safepoint: 80255 ns, At safepoint: 7190 ns, Total: 87445 ns
[2024-02-04T23:46:47.537+0000][7][safepoint   ] Safepoint "Cleanup", Time since last: 1000280048 ns, Reaching safepoint: 79945 ns, At safepoint: 10773 ns, Total: 90718 ns
[2024-02-04T23:46:49.538+0000][7][safepoint   ] Safepoint "Cleanup", Time since last: 2000471536 ns, Reaching safepoint: 73882 ns, At safepoint: 7605 ns, Total: 81487 ns
[2024-02-04T23:46:53.538+0000][7][safepoint   ] Safepoint "Cleanup", Time since last: 4000659019 ns, Reaching safepoint: 149238 ns, At safepoint: 21491 ns, Total: 170729 ns
[2024-02-04T23:46:55.539+0000][7][safepoint   ] Safepoint "Cleanup", Time since last: 2000433812 ns, Reaching safepoint: 137235 ns, At safepoint: 7451 ns, Total: 144686 ns
[2024-02-04T23:46:58.540+0000][7][safepoint   ] Safepoint "Cleanup", Time since last: 3000618044 ns, Reaching safepoint: 68829 ns, At safepoint: 10698 ns, Total: 79527 ns
[2024-02-04T23:47:07.541+0000][7][safepoint   ] Safepoint "Cleanup", Time since last: 9001366113 ns, Reaching safepoint: 102083 ns, At safepoint: 5747 ns, Total: 107830 ns
[2024-02-04T23:47:10.542+0000][7][safepoint   ] Safepoint "Cleanup", Time since last: 3000628661 ns, Reaching safepoint: 97231 ns, At safepoint: 6358 ns, Total: 103589 ns
[2024-02-04T23:47:12.542+0000][7][safepoint   ] Safepoint "Cleanup", Time since last: 2000425907 ns, Reaching safepoint: 70515 ns, At safepoint: 10914 ns, Total: 81429 ns
[2024-02-04T23:47:16.543+0000][7][safepoint   ] Safepoint "Cleanup", Time since last: 4000601278 ns, Reaching safepoint: 83816 ns, At safepoint: 8363 ns, Total: 92179 ns
[2024-02-04T23:47:27.545+0000][7][safepoint   ] Safepoint "Cleanup", Time since last: 11001655046 ns, Reaching safepoint: 101306 ns, At safepoint: 9322 ns, Total: 110628 ns
[2024-02-04T23:47:29.545+0000][7][safepoint   ] Safepoint "Cleanup", Time since last: 2000405083 ns, Reaching safepoint: 69750 ns, At safepoint: 7650 ns, Total: 77400 ns
[2024-02-04T23:47:46.548+0000][7][safepoint   ] Safepoint "Cleanup", Time since last: 17002972133 ns, Reaching safepoint: 95869 ns, At safepoint: 5942 ns, Total: 101811 ns
[2024-02-04T23:47:47.549+0000][7][safepoint   ] Safepoint "Cleanup", Time since last: 1000270230 ns, Reaching safepoint: 72928 ns, At safepoint: 10484 ns, Total: 83412 ns
[2024-02-04T23:47:52.550+0000][7][safepoint   ] Safepoint "Cleanup", Time since last: 5000908086 ns, Reaching safepoint: 89865 ns, At safepoint: 8289 ns, Total: 98154 ns
[2024-02-04T23:47:53.550+0000][7][safepoint   ] Safepoint "Cleanup", Time since last: 1000233977 ns, Reaching safepoint: 67905 ns, At safepoint: 8372 ns, Total: 76277 ns
[2024-02-04T23:47:55.551+0000][7][safepoint   ] Safepoint "Cleanup", Time since last: 2000400213 ns, Reaching safepoint: 78690 ns, At safepoint: 8531 ns, Total: 87221 ns
[2024-02-04T23:47:56.551+0000][7][safepoint   ] Safepoint "Cleanup", Time since last: 1000212119 ns, Reaching safepoint: 72855 ns, At safepoint: 8132 ns, Total: 80987 ns
[2024-02-04T23:47:58.551+0000][7][safepoint   ] Safepoint "Cleanup", Time since last: 2000479559 ns, Reaching safepoint: 107038 ns, At safepoint: 6853 ns, Total: 113891 ns
[2024-02-04T23:48:07.553+0000][7][safepoint   ] Safepoint "Cleanup", Time since last: 9001315288 ns, Reaching safepoint: 98582 ns, At safepoint: 8581 ns, Total: 107163 ns
[2024-02-04T23:48:11.554+0000][7][safepoint   ] Safepoint "Cleanup", Time since last: 4000591941 ns, Reaching safepoint: 52557 ns, At safepoint: 7543 ns, Total: 60100 ns
[2024-02-04T23:48:19.555+0000][7][safepoint   ] Safepoint "Cleanup", Time since last: 8001488798 ns, Reaching safepoint: 51221 ns, At safepoint: 5817 ns, Total: 57038 ns
[2024-02-04T23:48:20.555+0000][7][safepoint   ] Safepoint "Cleanup", Time since last: 1000219660 ns, Reaching safepoint: 73543 ns, At safepoint: 14449 ns, Total: 87992 ns
[2024-02-04T23:48:22.556+0000][7][safepoint   ] Safepoint "Cleanup", Time since last: 2000206845 ns, Reaching safepoint: 82276 ns, At safepoint: 15306 ns, Total: 97582 ns
[2024-02-04T23:48:28.556+0000][7][safepoint   ] Safepoint "Cleanup", Time since last: 6000573000 ns, Reaching safepoint: 109618 ns, At safepoint: 6336 ns, Total: 115954 ns
[2024-02-04T23:48:29.557+0000][7][safepoint   ] Safepoint "Cleanup", Time since last: 1000155377 ns, Reaching safepoint: 37653 ns, At safepoint: 3817 ns, Total: 41470 ns
[2024-02-04T23:48:30.557+0000][7][safepoint   ] Safepoint "Cleanup", Time since last: 1000138678 ns, Reaching safepoint: 70224 ns, At safepoint: 7852 ns, Total: 78076 ns
[2024-02-04T23:48:35.557+0000][7][safepoint   ] Safepoint "Cleanup", Time since last: 5000511789 ns, Reaching safepoint: 96312 ns, At safepoint: 7097 ns, Total: 103409 ns
[2024-02-04T23:48:46.632+0000][7][gc,start    ] GC(23) Pause Young (Normal) (G1 Evacuation Pause)
[2024-02-04T23:48:46.632+0000][7][gc,task     ] GC(23) Using 8 workers of 8 for evacuation
[2024-02-04T23:48:46.632+0000][7][gc,age      ] GC(23) Desired survivor size 41943040 bytes, new threshold 15 (max threshold 15)
[2024-02-04T23:48:46.656+0000][7][gc,phases   ] GC(23)   Pre Evacuate Collection Set: 0.1ms
[2024-02-04T23:48:46.656+0000][7][gc,phases   ] GC(23)   Merge Heap Roots: 0.1ms
[2024-02-04T23:48:46.656+0000][7][gc,phases   ] GC(23)   Evacuate Collection Set: 20.6ms
[2024-02-04T23:48:46.656+0000][7][gc,phases   ] GC(23)   Post Evacuate Collection Set: 3.0ms
[2024-02-04T23:48:46.656+0000][7][gc,phases   ] GC(23)   Other: 0.1ms
[2024-02-04T23:48:46.656+0000][7][gc,age      ] GC(23) Age table with threshold 15 (max threshold 15)
[2024-02-04T23:48:46.656+0000][7][gc,age      ] GC(23) - age   1:    1047104 bytes,    1047104 total
[2024-02-04T23:48:46.656+0000][7][gc,age      ] GC(23) - age   2:       3496 bytes,    1050600 total
[2024-02-04T23:48:46.656+0000][7][gc,age      ] GC(23) - age   3:      12040 bytes,    1062640 total
[2024-02-04T23:48:46.656+0000][7][gc,age      ] GC(23) - age   4:       8304 bytes,    1070944 total
[2024-02-04T23:48:46.656+0000][7][gc,age      ] GC(23) - age   5:       5744 bytes,    1076688 total
[2024-02-04T23:48:46.656+0000][7][gc,age      ] GC(23) - age   6:     116504 bytes,    1193192 total
[2024-02-04T23:48:46.656+0000][7][gc,age      ] GC(23) - age   7:      26104 bytes,    1219296 total
[2024-02-04T23:48:46.656+0000][7][gc,age      ] GC(23) - age   8:     237544 bytes,    1456840 total
[2024-02-04T23:48:46.656+0000][7][gc,age      ] GC(23) - age   9:     149920 bytes,    1606760 total
[2024-02-04T23:48:46.656+0000][7][gc,age      ] GC(23) - age  10:     202888 bytes,    1809648 total
[2024-02-04T23:48:46.656+0000][7][gc,age      ] GC(23) - age  11:     152312 bytes,    1961960 total
[2024-02-04T23:48:46.656+0000][7][gc,age      ] GC(23) - age  12:   20197512 bytes,   22159472 total
[2024-02-04T23:48:46.656+0000][7][gc,age      ] GC(23) - age  13:   15851064 bytes,   38010536 total
[2024-02-04T23:48:46.656+0000][7][gc,heap     ] GC(23) Eden regions: 143->0(143)
[2024-02-04T23:48:46.656+0000][7][gc,heap     ] GC(23) Survivor regions: 10->10(20)
[2024-02-04T23:48:46.656+0000][7][gc,heap     ] GC(23) Old regions: 12->12
[2024-02-04T23:48:46.656+0000][7][gc,heap     ] GC(23) Archive regions: 2->2
[2024-02-04T23:48:46.656+0000][7][gc,heap     ] GC(23) Humongous regions: 0->0
[2024-02-04T23:48:46.656+0000][7][gc,metaspace] GC(23) Metaspace: 123973K(127296K)->123973K(127296K) NonClass: 107757K(109504K)->107757K(109504K) Class: 16215K(17792K)->16215K(17792K)
[2024-02-04T23:48:46.657+0000][7][gc          ] GC(23) Pause Young (Normal) (G1 Evacuation Pause) 661M->89M(1024M) 24.180ms
[2024-02-04T23:48:46.657+0000][7][gc,cpu      ] GC(23) User=0.16s Sys=0.00s Real=0.02s
[2024-02-04T23:48:46.657+0000][7][safepoint   ] Safepoint "G1CollectForAllocation", Time since last: 11074829020 ns, Reaching safepoint: 51020 ns, At safepoint: 24262550 ns, Total: 24313570 ns
[2024-02-04T23:48:52.657+0000][7][safepoint   ] Safepoint "Cleanup", Time since last: 6000647899 ns, Reaching safepoint: 160999 ns, At safepoint: 11680 ns, Total: 172679 ns
[2024-02-04T23:48:58.658+0000][7][safepoint   ] Safepoint "Cleanup", Time since last: 6000643733 ns, Reaching safepoint: 52745 ns, At safepoint: 5246 ns, Total: 57991 ns
[2024-02-04T23:49:07.660+0000][7][safepoint   ] Safepoint "Cleanup", Time since last: 9001531532 ns, Reaching safepoint: 94925 ns, At safepoint: 7798 ns, Total: 102723 ns
[2024-02-04T23:49:10.660+0000][7][safepoint   ] Safepoint "Cleanup", Time since last: 3000271349 ns, Reaching safepoint: 50540 ns, At safepoint: 3028 ns, Total: 53568 ns
[2024-02-04T23:49:19.661+0000][7][safepoint   ] Safepoint "Cleanup", Time since last: 9001036316 ns, Reaching safepoint: 82073 ns, At safepoint: 10828 ns, Total: 92901 ns
[2024-02-04T23:49:28.663+0000][7][safepoint   ] Safepoint "Cleanup", Time since last: 9001438815 ns, Reaching safepoint: 122319 ns, At safepoint: 8569 ns, Total: 130888 ns
[2024-02-04T23:49:29.663+0000][7][safepoint   ] Safepoint "Cleanup", Time since last: 1000244792 ns, Reaching safepoint: 75424 ns, At safepoint: 8347 ns, Total: 83771 ns
[2024-02-04T23:49:34.664+0000][7][safepoint   ] Safepoint "Cleanup", Time since last: 5000567778 ns, Reaching safepoint: 133392 ns, At safepoint: 19801 ns, Total: 153193 ns
[2024-02-04T23:49:40.665+0000][7][safepoint   ] Safepoint "Cleanup", Time since last: 6000626032 ns, Reaching safepoint: 90597 ns, At safepoint: 7950 ns, Total: 98547 ns
[2024-02-04T23:49:41.665+0000][7][safepoint   ] Safepoint "Cleanup", Time since last: 1000147037 ns, Reaching safepoint: 60611 ns, At safepoint: 5800 ns, Total: 66411 ns
[2024-02-04T23:49:59.667+0000][7][safepoint   ] Safepoint "Cleanup", Time since last: 18002473943 ns, Reaching safepoint: 119057 ns, At safepoint: 10688 ns, Total: 129745 ns
[2024-02-04T23:50:07.669+0000][7][safepoint   ] Safepoint "Cleanup", Time since last: 8001163855 ns, Reaching safepoint: 89647 ns, At safepoint: 8839 ns, Total: 98486 ns
[2024-02-04T23:50:17.670+0000][7][safepoint   ] Safepoint "Cleanup", Time since last: 10001634948 ns, Reaching safepoint: 89068 ns, At safepoint: 9543 ns, Total: 98611 ns
[2024-02-04T23:50:22.671+0000][7][safepoint   ] Safepoint "Cleanup", Time since last: 5000539206 ns, Reaching safepoint: 90289 ns, At safepoint: 7421 ns, Total: 97710 ns
[2024-02-04T23:50:52.674+0000][7][safepoint   ] Safepoint "Cleanup", Time since last: 30003378786 ns, Reaching safepoint: 96579 ns, At safepoint: 10312 ns, Total: 106891 ns
[2024-02-04T23:50:55.675+0000][7][safepoint   ] Safepoint "Cleanup", Time since last: 3000443602 ns, Reaching safepoint: 83174 ns, At safepoint: 8692 ns, Total: 91866 ns
[2024-02-04T23:50:59.675+0000][7][safepoint   ] Safepoint "Cleanup", Time since last: 4000353208 ns, Reaching safepoint: 67778 ns, At safepoint: 7403 ns, Total: 75181 ns
[2024-02-04T23:51:10.677+0000][7][safepoint   ] Safepoint "Cleanup", Time since last: 11001033040 ns, Reaching safepoint: 120257 ns, At safepoint: 7340 ns, Total: 127597 ns
[2024-02-04T23:51:16.677+0000][7][safepoint   ] Safepoint "Cleanup", Time since last: 6000581024 ns, Reaching safepoint: 132763 ns, At safepoint: 5474 ns, Total: 138237 ns
[2024-02-04T23:51:31.679+0000][7][safepoint   ] Safepoint "Cleanup", Time since last: 15002096317 ns, Reaching safepoint: 63572 ns, At safepoint: 7031 ns, Total: 70603 ns
[2024-02-04T23:51:34.680+0000][7][safepoint   ] Safepoint "Cleanup", Time since last: 3000285440 ns, Reaching safepoint: 75597 ns, At safepoint: 7167 ns, Total: 82764 ns
[2024-02-04T23:51:52.682+0000][7][safepoint   ] Safepoint "Cleanup", Time since last: 18001730837 ns, Reaching safepoint: 99175 ns, At safepoint: 7601 ns, Total: 106776 ns
[2024-02-04T23:52:07.593+0000][7][gc,start    ] GC(24) Pause Young (Normal) (G1 Evacuation Pause)
[2024-02-04T23:52:07.593+0000][7][gc,task     ] GC(24) Using 8 workers of 8 for evacuation
[2024-02-04T23:52:07.593+0000][7][gc,age      ] GC(24) Desired survivor size 41943040 bytes, new threshold 15 (max threshold 15)
[2024-02-04T23:52:07.618+0000][7][gc,phases   ] GC(24)   Pre Evacuate Collection Set: 0.1ms
[2024-02-04T23:52:07.618+0000][7][gc,phases   ] GC(24)   Merge Heap Roots: 0.1ms
[2024-02-04T23:52:07.618+0000][7][gc,phases   ] GC(24)   Evacuate Collection Set: 22.5ms
[2024-02-04T23:52:07.618+0000][7][gc,phases   ] GC(24)   Post Evacuate Collection Set: 2.4ms
[2024-02-04T23:52:07.618+0000][7][gc,phases   ] GC(24)   Other: 0.1ms
[2024-02-04T23:52:07.618+0000][7][gc,age      ] GC(24) Age table with threshold 15 (max threshold 15)
[2024-02-04T23:52:07.618+0000][7][gc,age      ] GC(24) - age   1:    1140368 bytes,    1140368 total
[2024-02-04T23:52:07.618+0000][7][gc,age      ] GC(24) - age   2:      14504 bytes,    1154872 total
[2024-02-04T23:52:07.618+0000][7][gc,age      ] GC(24) - age   3:       2480 bytes,    1157352 total
[2024-02-04T23:52:07.618+0000][7][gc,age      ] GC(24) - age   4:       8096 bytes,    1165448 total
[2024-02-04T23:52:07.618+0000][7][gc,age      ] GC(24) - age   5:       8304 bytes,    1173752 total
[2024-02-04T23:52:07.618+0000][7][gc,age      ] GC(24) - age   6:       5712 bytes,    1179464 total
[2024-02-04T23:52:07.618+0000][7][gc,age      ] GC(24) - age   7:     116120 bytes,    1295584 total
[2024-02-04T23:52:07.618+0000][7][gc,age      ] GC(24) - age   8:      26104 bytes,    1321688 total
[2024-02-04T23:52:07.618+0000][7][gc,age      ] GC(24) - age   9:     237544 bytes,    1559232 total
[2024-02-04T23:52:07.618+0000][7][gc,age      ] GC(24) - age  10:     149920 bytes,    1709152 total
[2024-02-04T23:52:07.618+0000][7][gc,age      ] GC(24) - age  11:     202888 bytes,    1912040 total
[2024-02-04T23:52:07.618+0000][7][gc,age      ] GC(24) - age  12:     152312 bytes,    2064352 total
[2024-02-04T23:52:07.618+0000][7][gc,age      ] GC(24) - age  13:   20197512 bytes,   22261864 total
[2024-02-04T23:52:07.618+0000][7][gc,age      ] GC(24) - age  14:   15851064 bytes,   38112928 total
[2024-02-04T23:52:07.618+0000][7][gc,heap     ] GC(24) Eden regions: 143->0(143)
[2024-02-04T23:52:07.618+0000][7][gc,heap     ] GC(24) Survivor regions: 10->10(20)
[2024-02-04T23:52:07.618+0000][7][gc,heap     ] GC(24) Old regions: 12->12
[2024-02-04T23:52:07.618+0000][7][gc,heap     ] GC(24) Archive regions: 2->2
[2024-02-04T23:52:07.618+0000][7][gc,heap     ] GC(24) Humongous regions: 0->0
[2024-02-04T23:52:07.618+0000][7][gc,metaspace] GC(24) Metaspace: 124012K(127296K)->124012K(127296K) NonClass: 107797K(109504K)->107797K(109504K) Class: 16215K(17792K)->16215K(17792K)
[2024-02-04T23:52:07.618+0000][7][gc          ] GC(24) Pause Young (Normal) (G1 Evacuation Pause) 661M->89M(1024M) 25.655ms
[2024-02-04T23:52:07.618+0000][7][gc,cpu      ] GC(24) User=0.17s Sys=0.00s Real=0.02s
[2024-02-04T23:52:07.618+0000][7][safepoint   ] Safepoint "G1CollectForAllocation", Time since last: 14910711137 ns, Reaching safepoint: 100637 ns, At safepoint: 25744348 ns, Total: 25844985 ns
[2024-02-04T23:52:11.619+0000][7][safepoint   ] Safepoint "Cleanup", Time since last: 4000367823 ns, Reaching safepoint: 59011 ns, At safepoint: 5795 ns, Total: 64806 ns
[2024-02-04T23:52:15.619+0000][7][safepoint   ] Safepoint "Cleanup", Time since last: 4000568989 ns, Reaching safepoint: 76627 ns, At safepoint: 5423 ns, Total: 82050 ns
[2024-02-04T23:52:17.620+0000][7][safepoint   ] Safepoint "Cleanup", Time since last: 2000196510 ns, Reaching safepoint: 64376 ns, At safepoint: 6904 ns, Total: 71280 ns
[2024-02-04T23:52:34.622+0000][7][safepoint   ] Safepoint "Cleanup", Time since last: 17002068866 ns, Reaching safepoint: 109804 ns, At safepoint: 6921 ns, Total: 116725 ns
[2024-02-04T23:53:04.625+0000][7][safepoint   ] Safepoint "Cleanup", Time since last: 30003111776 ns, Reaching safepoint: 120855 ns, At safepoint: 7766 ns, Total: 128621 ns
[2024-02-04T23:53:07.626+0000][7][safepoint   ] Safepoint "Cleanup", Time since last: 3000639383 ns, Reaching safepoint: 113567 ns, At safepoint: 6989 ns, Total: 120556 ns
[2024-02-04T23:53:10.626+0000][7][safepoint   ] Safepoint "Cleanup", Time since last: 3000372728 ns, Reaching safepoint: 93397 ns, At safepoint: 5948 ns, Total: 99345 ns
[2024-02-04T23:53:13.627+0000][7][safepoint   ] Safepoint "Cleanup", Time since last: 3000366280 ns, Reaching safepoint: 50573 ns, At safepoint: 4515 ns, Total: 55088 ns
[2024-02-04T23:53:16.627+0000][7][safepoint   ] Safepoint "Cleanup", Time since last: 3000530463 ns, Reaching safepoint: 139925 ns, At safepoint: 15528 ns, Total: 155453 ns
[2024-02-04T23:53:22.628+0000][7][safepoint   ] Safepoint "Cleanup", Time since last: 6000543936 ns, Reaching safepoint: 141902 ns, At safepoint: 5747 ns, Total: 147649 ns
[2024-02-04T23:53:29.629+0000][7][safepoint   ] Safepoint "Cleanup", Time since last: 7000636669 ns, Reaching safepoint: 81752 ns, At safepoint: 8557 ns, Total: 90309 ns
[2024-02-04T23:53:36.630+0000][7][safepoint   ] Safepoint "Cleanup", Time since last: 7000640696 ns, Reaching safepoint: 85283 ns, At safepoint: 20513 ns, Total: 105796 ns
[2024-02-04T23:54:02.518+0000][7][safepoint   ] Safepoint "Cleanup", Time since last: 25888494218 ns, Reaching safepoint: 124910 ns, At safepoint: 11823 ns, Total: 136733 ns
[2024-02-04T23:54:07.519+0000][7][safepoint   ] Safepoint "Cleanup", Time since last: 5000762980 ns, Reaching safepoint: 158860 ns, At safepoint: 6522 ns, Total: 165382 ns
[2024-02-04T23:54:20.520+0000][7][safepoint   ] Safepoint "Cleanup", Time since last: 13001230046 ns, Reaching safepoint: 85120 ns, At safepoint: 7224 ns, Total: 92344 ns
[2024-02-04T23:54:35.522+0000][7][safepoint   ] Safepoint "Cleanup", Time since last: 15001472614 ns, Reaching safepoint: 91709 ns, At safepoint: 6020 ns, Total: 97729 ns
[2024-02-04T23:54:38.522+0000][7][safepoint   ] Safepoint "Cleanup", Time since last: 3000398887 ns, Reaching safepoint: 96891 ns, At safepoint: 5159 ns, Total: 102050 ns
[2024-02-04T23:55:07.527+0000][7][safepoint   ] Safepoint "Cleanup", Time since last: 29004258633 ns, Reaching safepoint: 93990 ns, At safepoint: 10691 ns, Total: 104681 ns
[2024-02-04T23:55:11.527+0000][7][safepoint   ] Safepoint "Cleanup", Time since last: 4000526766 ns, Reaching safepoint: 83134 ns, At safepoint: 7708 ns, Total: 90842 ns
[2024-02-04T23:55:13.528+0000][7][safepoint   ] Safepoint "Cleanup", Time since last: 2000229178 ns, Reaching safepoint: 82970 ns, At safepoint: 11292 ns, Total: 94262 ns
[2024-02-04T23:55:15.528+0000][7][safepoint   ] Safepoint "Cleanup", Time since last: 2000318349 ns, Reaching safepoint: 132154 ns, At safepoint: 17788 ns, Total: 149942 ns
[2024-02-04T23:55:17.529+0000][7][safepoint   ] Safepoint "Cleanup", Time since last: 2000226042 ns, Reaching safepoint: 84702 ns, At safepoint: 8584 ns, Total: 93286 ns
[2024-02-04T23:55:23.530+0000][7][safepoint   ] Safepoint "Cleanup", Time since last: 6000921062 ns, Reaching safepoint: 108132 ns, At safepoint: 11258 ns, Total: 119390 ns
[2024-02-04T23:55:35.029+0000][7][gc,start    ] GC(25) Pause Young (Normal) (G1 Evacuation Pause)
[2024-02-04T23:55:35.029+0000][7][gc,task     ] GC(25) Using 8 workers of 8 for evacuation
[2024-02-04T23:55:35.029+0000][7][gc,age      ] GC(25) Desired survivor size 41943040 bytes, new threshold 15 (max threshold 15)
[2024-02-04T23:55:35.052+0000][7][gc,phases   ] GC(25)   Pre Evacuate Collection Set: 0.1ms
[2024-02-04T23:55:35.052+0000][7][gc,phases   ] GC(25)   Merge Heap Roots: 0.1ms
[2024-02-04T23:55:35.052+0000][7][gc,phases   ] GC(25)   Evacuate Collection Set: 20.7ms
[2024-02-04T23:55:35.052+0000][7][gc,phases   ] GC(25)   Post Evacuate Collection Set: 2.2ms
[2024-02-04T23:55:35.052+0000][7][gc,phases   ] GC(25)   Other: 0.1ms
[2024-02-04T23:55:35.052+0000][7][gc,age      ] GC(25) Age table with threshold 15 (max threshold 15)
[2024-02-04T23:55:35.052+0000][7][gc,age      ] GC(25) - age   1:    1458520 bytes,    1458520 total
[2024-02-04T23:55:35.052+0000][7][gc,age      ] GC(25) - age   2:      14992 bytes,    1473512 total
[2024-02-04T23:55:35.052+0000][7][gc,age      ] GC(25) - age   3:      12560 bytes,    1486072 total
[2024-02-04T23:55:35.052+0000][7][gc,age      ] GC(25) - age   4:       2480 bytes,    1488552 total
[2024-02-04T23:55:35.052+0000][7][gc,age      ] GC(25) - age   5:       8096 bytes,    1496648 total
[2024-02-04T23:55:35.052+0000][7][gc,age      ] GC(25) - age   6:       8216 bytes,    1504864 total
[2024-02-04T23:55:35.052+0000][7][gc,age      ] GC(25) - age   7:       5688 bytes,    1510552 total
[2024-02-04T23:55:35.052+0000][7][gc,age      ] GC(25) - age   8:     116120 bytes,    1626672 total
[2024-02-04T23:55:35.052+0000][7][gc,age      ] GC(25) - age   9:      26104 bytes,    1652776 total
[2024-02-04T23:55:35.052+0000][7][gc,age      ] GC(25) - age  10:     237544 bytes,    1890320 total
[2024-02-04T23:55:35.052+0000][7][gc,age      ] GC(25) - age  11:     149920 bytes,    2040240 total
[2024-02-04T23:55:35.052+0000][7][gc,age      ] GC(25) - age  12:     202888 bytes,    2243128 total
[2024-02-04T23:55:35.052+0000][7][gc,age      ] GC(25) - age  13:     152312 bytes,    2395440 total
[2024-02-04T23:55:35.052+0000][7][gc,age      ] GC(25) - age  14:   20197368 bytes,   22592808 total
[2024-02-04T23:55:35.052+0000][7][gc,age      ] GC(25) - age  15:   15851064 bytes,   38443872 total
[2024-02-04T23:55:35.052+0000][7][gc,heap     ] GC(25) Eden regions: 143->0(143)
[2024-02-04T23:55:35.052+0000][7][gc,heap     ] GC(25) Survivor regions: 10->10(20)
[2024-02-04T23:55:35.052+0000][7][gc,heap     ] GC(25) Old regions: 12->12
[2024-02-04T23:55:35.052+0000][7][gc,heap     ] GC(25) Archive regions: 2->2
[2024-02-04T23:55:35.052+0000][7][gc,heap     ] GC(25) Humongous regions: 0->0
[2024-02-04T23:55:35.052+0000][7][gc,metaspace] GC(25) Metaspace: 124067K(127360K)->124067K(127360K) NonClass: 107850K(109568K)->107850K(109568K) Class: 16216K(17792K)->16216K(17792K)
[2024-02-04T23:55:35.052+0000][7][gc          ] GC(25) Pause Young (Normal) (G1 Evacuation Pause) 661M->89M(1024M) 23.527ms
[2024-02-04T23:55:35.052+0000][7][gc,cpu      ] GC(25) User=0.18s Sys=0.00s Real=0.02s
[2024-02-04T23:55:35.052+0000][7][safepoint   ] Safepoint "G1CollectForAllocation", Time since last: 11499173131 ns, Reaching safepoint: 65329 ns, At safepoint: 23619202 ns, Total: 23684531 ns
[2024-02-04T23:55:41.053+0000][7][safepoint   ] Safepoint "Cleanup", Time since last: 6000841408 ns, Reaching safepoint: 89108 ns, At safepoint: 7846 ns, Total: 96954 ns
[2024-02-04T23:55:43.054+0000][7][safepoint   ] Safepoint "Cleanup", Time since last: 2000510536 ns, Reaching safepoint: 99181 ns, At safepoint: 12001 ns, Total: 111182 ns
[2024-02-04T23:55:56.056+0000][7][safepoint   ] Safepoint "Cleanup", Time since last: 13002281424 ns, Reaching safepoint: 122402 ns, At safepoint: 7811 ns, Total: 130213 ns
[2024-02-04T23:55:59.057+0000][7][safepoint   ] Safepoint "Cleanup", Time since last: 3000405699 ns, Reaching safepoint: 105152 ns, At safepoint: 8141 ns, Total: 113293 ns
[2024-02-04T23:56:06.058+0000][7][safepoint   ] Safepoint "Cleanup", Time since last: 7000975671 ns, Reaching safepoint: 78257 ns, At safepoint: 7941 ns, Total: 86198 ns
[2024-02-04T23:56:08.058+0000][7][safepoint   ] Safepoint "Cleanup", Time since last: 2000318794 ns, Reaching safepoint: 102084 ns, At safepoint: 6217 ns, Total: 108301 ns
[2024-02-04T23:56:20.060+0000][7][safepoint   ] Safepoint "Cleanup", Time since last: 12001056739 ns, Reaching safepoint: 82174 ns, At safepoint: 4820 ns, Total: 86994 ns
[2024-02-04T23:56:23.060+0000][7][safepoint   ] Safepoint "Cleanup", Time since last: 3000293246 ns, Reaching safepoint: 63004 ns, At safepoint: 5194 ns, Total: 68198 ns
[2024-02-04T23:56:29.061+0000][7][safepoint   ] Safepoint "Cleanup", Time since last: 6000668206 ns, Reaching safepoint: 58094 ns, At safepoint: 7347 ns, Total: 65441 ns
[2024-02-04T23:56:44.063+0000][7][safepoint   ] Safepoint "Cleanup", Time since last: 15002201974 ns, Reaching safepoint: 87020 ns, At safepoint: 9883 ns, Total: 96903 ns
[2024-02-04T23:56:50.064+0000][7][safepoint   ] Safepoint "Cleanup", Time since last: 6000725813 ns, Reaching safepoint: 92594 ns, At safepoint: 6237 ns, Total: 98831 ns
[2024-02-04T23:56:56.065+0000][7][safepoint   ] Safepoint "Cleanup", Time since last: 6000647410 ns, Reaching safepoint: 128287 ns, At safepoint: 8366 ns, Total: 136653 ns
[2024-02-04T23:57:08.066+0000][7][safepoint   ] Safepoint "Cleanup", Time since last: 12001309645 ns, Reaching safepoint: 100940 ns, At safepoint: 5007 ns, Total: 105947 ns
[2024-02-04T23:57:17.067+0000][7][safepoint   ] Safepoint "Cleanup", Time since last: 9000803197 ns, Reaching safepoint: 107574 ns, At safepoint: 5476 ns, Total: 113050 ns
[2024-02-04T23:57:35.069+0000][7][safepoint   ] Safepoint "Cleanup", Time since last: 18001637001 ns, Reaching safepoint: 101717 ns, At safepoint: 7783 ns, Total: 109500 ns
[2024-02-04T23:58:08.072+0000][7][safepoint   ] Safepoint "Cleanup", Time since last: 33002930637 ns, Reaching safepoint: 126298 ns, At safepoint: 8515 ns, Total: 134813 ns
[2024-02-04T23:58:11.072+0000][7][safepoint   ] Safepoint "Cleanup", Time since last: 3000348954 ns, Reaching safepoint: 77184 ns, At safepoint: 9631 ns, Total: 86815 ns
[2024-02-04T23:58:23.074+0000][7][safepoint   ] Safepoint "Cleanup", Time since last: 12001343446 ns, Reaching safepoint: 228556 ns, At safepoint: 6146 ns, Total: 234702 ns
[2024-02-04T23:58:30.075+0000][7][safepoint   ] Safepoint "Cleanup", Time since last: 7001092335 ns, Reaching safepoint: 78884 ns, At safepoint: 8426 ns, Total: 87310 ns
[2024-02-04T23:58:58.568+0000][7][gc,start    ] GC(26) Pause Young (Normal) (G1 Evacuation Pause)
[2024-02-04T23:58:58.568+0000][7][gc,task     ] GC(26) Using 8 workers of 8 for evacuation
[2024-02-04T23:58:58.568+0000][7][gc,age      ] GC(26) Desired survivor size 41943040 bytes, new threshold 15 (max threshold 15)
[2024-02-04T23:58:58.593+0000][7][gc,phases   ] GC(26)   Pre Evacuate Collection Set: 0.1ms
[2024-02-04T23:58:58.593+0000][7][gc,phases   ] GC(26)   Merge Heap Roots: 0.1ms
[2024-02-04T23:58:58.593+0000][7][gc,phases   ] GC(26)   Evacuate Collection Set: 23.1ms
[2024-02-04T23:58:58.593+0000][7][gc,phases   ] GC(26)   Post Evacuate Collection Set: 2.0ms
[2024-02-04T23:58:58.593+0000][7][gc,phases   ] GC(26)   Other: 0.1ms
[2024-02-04T23:58:58.593+0000][7][gc,age      ] GC(26) Age table with threshold 15 (max threshold 15)
[2024-02-04T23:58:58.593+0000][7][gc,age      ] GC(26) - age   1:    1612320 bytes,    1612320 total
[2024-02-04T23:58:58.593+0000][7][gc,age      ] GC(26) - age   2:      15048 bytes,    1627368 total
[2024-02-04T23:58:58.593+0000][7][gc,age      ] GC(26) - age   3:      13432 bytes,    1640800 total
[2024-02-04T23:58:58.593+0000][7][gc,age      ] GC(26) - age   4:      11712 bytes,    1652512 total
[2024-02-04T23:58:58.593+0000][7][gc,age      ] GC(26) - age   5:       2480 bytes,    1654992 total
[2024-02-04T23:58:58.593+0000][7][gc,age      ] GC(26) - age   6:       7704 bytes,    1662696 total
[2024-02-04T23:58:58.593+0000][7][gc,age      ] GC(26) - age   7:       8216 bytes,    1670912 total
[2024-02-04T23:58:58.593+0000][7][gc,age      ] GC(26) - age   8:       5688 bytes,    1676600 total
[2024-02-04T23:58:58.593+0000][7][gc,age      ] GC(26) - age   9:     116120 bytes,    1792720 total
[2024-02-04T23:58:58.593+0000][7][gc,age      ] GC(26) - age  10:      26104 bytes,    1818824 total
[2024-02-04T23:58:58.593+0000][7][gc,age      ] GC(26) - age  11:     237544 bytes,    2056368 total
[2024-02-04T23:58:58.593+0000][7][gc,age      ] GC(26) - age  12:     149920 bytes,    2206288 total
[2024-02-04T23:58:58.593+0000][7][gc,age      ] GC(26) - age  13:     202888 bytes,    2409176 total
[2024-02-04T23:58:58.593+0000][7][gc,age      ] GC(26) - age  14:     152312 bytes,    2561488 total
[2024-02-04T23:58:58.593+0000][7][gc,age      ] GC(26) - age  15:   20197368 bytes,   22758856 total
[2024-02-04T23:58:58.593+0000][7][gc,heap     ] GC(26) Eden regions: 143->0(147)
[2024-02-04T23:58:58.593+0000][7][gc,heap     ] GC(26) Survivor regions: 10->6(20)
[2024-02-04T23:58:58.593+0000][7][gc,heap     ] GC(26) Old regions: 12->16
[2024-02-04T23:58:58.593+0000][7][gc,heap     ] GC(26) Archive regions: 2->2
[2024-02-04T23:58:58.593+0000][7][gc,heap     ] GC(26) Humongous regions: 0->0
[2024-02-04T23:58:58.593+0000][7][gc,metaspace] GC(26) Metaspace: 124088K(127360K)->124088K(127360K) NonClass: 107871K(109568K)->107871K(109568K) Class: 16216K(17792K)->16216K(17792K)
[2024-02-04T23:58:58.593+0000][7][gc          ] GC(26) Pause Young (Normal) (G1 Evacuation Pause) 661M->89M(1024M) 25.654ms
[2024-02-04T23:58:58.594+0000][7][gc,cpu      ] GC(26) User=0.17s Sys=0.01s Real=0.02s
[2024-02-04T23:58:58.594+0000][7][safepoint   ] Safepoint "G1CollectForAllocation", Time since last: 28492759093 ns, Reaching safepoint: 132995 ns, At safepoint: 25738195 ns, Total: 25871190 ns
[2024-02-04T23:59:10.595+0000][7][safepoint   ] Safepoint "Cleanup", Time since last: 12001422453 ns, Reaching safepoint: 119552 ns, At safepoint: 8348 ns, Total: 127900 ns
[2024-02-04T23:59:16.596+0000][7][safepoint   ] Safepoint "Cleanup", Time since last: 6000561584 ns, Reaching safepoint: 103494 ns, At safepoint: 33642 ns, Total: 137136 ns
[2024-02-04T23:59:17.596+0000][7][safepoint   ] Safepoint "Cleanup", Time since last: 1000170207 ns, Reaching safepoint: 62100 ns, At safepoint: 8035 ns, Total: 70135 ns
[2024-02-04T23:59:23.597+0000][7][safepoint   ] Safepoint "Cleanup", Time since last: 6000600877 ns, Reaching safepoint: 60756 ns, At safepoint: 4437 ns, Total: 65193 ns
[2024-02-04T23:59:27.597+0000][7][safepoint   ] Safepoint "Cleanup", Time since last: 4000610164 ns, Reaching safepoint: 104639 ns, At safepoint: 11717 ns, Total: 116356 ns
[2024-02-04T23:59:30.598+0000][7][safepoint   ] Safepoint "Cleanup", Time since last: 3000521563 ns, Reaching safepoint: 73497 ns, At safepoint: 8468 ns, Total: 81965 ns
[2024-02-04T23:59:52.601+0000][7][safepoint   ] Safepoint "Cleanup", Time since last: 22002845962 ns, Reaching safepoint: 61872 ns, At safepoint: 6882 ns, Total: 68754 ns
[2024-02-05T00:00:01.602+0000][7][safepoint   ] Safepoint "Cleanup", Time since last: 9000905799 ns, Reaching safepoint: 86003 ns, At safepoint: 7995 ns, Total: 93998 ns
[2024-02-05T00:00:01.771+0000][7][safepoint   ] Safepoint "ICBufferFull", Time since last: 169258052 ns, Reaching safepoint: 187338 ns, At safepoint: 3978 ns, Total: 191316 ns
[2024-02-05T00:00:02.830+0000][7][safepoint   ] Safepoint "Cleanup", Time since last: 1058017937 ns, Reaching safepoint: 196078 ns, At safepoint: 11316 ns, Total: 207394 ns
[2024-02-05T00:00:04.830+0000][7][safepoint   ] Safepoint "Cleanup", Time since last: 2000315699 ns, Reaching safepoint: 141385 ns, At safepoint: 8137 ns, Total: 149522 ns
[2024-02-05T00:00:05.830+0000][7][safepoint   ] Safepoint "Cleanup", Time since last: 1000222002 ns, Reaching safepoint: 109204 ns, At safepoint: 7294 ns, Total: 116498 ns
[2024-02-05T00:00:07.831+0000][7][safepoint   ] Safepoint "Cleanup", Time since last: 2000308289 ns, Reaching safepoint: 146925 ns, At safepoint: 23013 ns, Total: 169938 ns
[2024-02-05T00:00:08.831+0000][7][safepoint   ] Safepoint "Cleanup", Time since last: 1000163503 ns, Reaching safepoint: 83514 ns, At safepoint: 8859 ns, Total: 92373 ns
[2024-02-05T00:00:10.832+0000][7][safepoint   ] Safepoint "Cleanup", Time since last: 2000341005 ns, Reaching safepoint: 84830 ns, At safepoint: 8780 ns, Total: 93610 ns
[2024-02-05T00:00:11.832+0000][7][safepoint   ] Safepoint "Cleanup", Time since last: 1000152202 ns, Reaching safepoint: 97188 ns, At safepoint: 10007 ns, Total: 107195 ns
[2024-02-05T00:00:13.832+0000][7][safepoint   ] Safepoint "Cleanup", Time since last: 2000230407 ns, Reaching safepoint: 46158 ns, At safepoint: 4019 ns, Total: 50177 ns
[2024-02-05T00:00:15.832+0000][7][safepoint   ] Safepoint "Cleanup", Time since last: 2000204279 ns, Reaching safepoint: 127438 ns, At safepoint: 11767 ns, Total: 139205 ns
[2024-02-05T00:00:16.833+0000][7][safepoint   ] Safepoint "Cleanup", Time since last: 1000145196 ns, Reaching safepoint: 118166 ns, At safepoint: 9036 ns, Total: 127202 ns
[2024-02-05T00:00:19.833+0000][7][safepoint   ] Safepoint "Cleanup", Time since last: 3000426336 ns, Reaching safepoint: 83864 ns, At safepoint: 6055 ns, Total: 89919 ns
[2024-02-05T00:00:22.834+0000][7][safepoint   ] Safepoint "Cleanup", Time since last: 3000482893 ns, Reaching safepoint: 121231 ns, At safepoint: 11009 ns, Total: 132240 ns
[2024-02-05T00:00:25.835+0000][7][safepoint   ] Safepoint "Cleanup", Time since last: 3000584360 ns, Reaching safepoint: 288115 ns, At safepoint: 21541 ns, Total: 309656 ns
[2024-02-05T00:00:28.835+0000][7][safepoint   ] Safepoint "Cleanup", Time since last: 3000371832 ns, Reaching safepoint: 113470 ns, At safepoint: 7926 ns, Total: 121396 ns
[2024-02-05T00:00:34.836+0000][7][safepoint   ] Safepoint "Cleanup", Time since last: 6000681070 ns, Reaching safepoint: 58968 ns, At safepoint: 3967 ns, Total: 62935 ns
[2024-02-05T00:00:35.836+0000][7][safepoint   ] Safepoint "Cleanup", Time since last: 1000138213 ns, Reaching safepoint: 70545 ns, At safepoint: 6943 ns, Total: 77488 ns
[2024-02-05T00:00:37.837+0000][7][safepoint   ] Safepoint "Cleanup", Time since last: 2000193293 ns, Reaching safepoint: 93297 ns, At safepoint: 5333 ns, Total: 98630 ns
[2024-02-05T00:00:40.837+0000][7][safepoint   ] Safepoint "Cleanup", Time since last: 3000304957 ns, Reaching safepoint: 57112 ns, At safepoint: 3174 ns, Total: 60286 ns
[2024-02-05T00:00:46.838+0000][7][safepoint   ] Safepoint "Cleanup", Time since last: 6000701043 ns, Reaching safepoint: 98964 ns, At safepoint: 8625 ns, Total: 107589 ns
[2024-02-05T00:00:47.838+0000][7][safepoint   ] Safepoint "Cleanup", Time since last: 1000238891 ns, Reaching safepoint: 78170 ns, At safepoint: 8118 ns, Total: 86288 ns
[2024-02-05T00:00:49.838+0000][7][safepoint   ] Safepoint "Cleanup", Time since last: 2000290897 ns, Reaching safepoint: 95128 ns, At safepoint: 6528 ns, Total: 101656 ns
[2024-02-05T00:00:52.839+0000][7][safepoint   ] Safepoint "Cleanup", Time since last: 3000490453 ns, Reaching safepoint: 88055 ns, At safepoint: 9537 ns, Total: 97592 ns
[2024-02-05T00:00:57.840+0000][7][safepoint   ] Safepoint "Cleanup", Time since last: 5000642265 ns, Reaching safepoint: 87414 ns, At safepoint: 40020 ns, Total: 127434 ns
[2024-02-05T00:00:59.840+0000][7][safepoint   ] Safepoint "Cleanup", Time since last: 2000215229 ns, Reaching safepoint: 98252 ns, At safepoint: 25334 ns, Total: 123586 ns
[2024-02-05T00:01:01.841+0000][7][safepoint   ] Safepoint "Cleanup", Time since last: 2000244453 ns, Reaching safepoint: 122684 ns, At safepoint: 37124 ns, Total: 159808 ns
[2024-02-05T00:01:04.841+0000][7][safepoint   ] Safepoint "Cleanup", Time since last: 3000296200 ns, Reaching safepoint: 57819 ns, At safepoint: 4196 ns, Total: 62015 ns
[2024-02-05T00:01:07.841+0000][7][safepoint   ] Safepoint "Cleanup", Time since last: 3000349836 ns, Reaching safepoint: 103072 ns, At safepoint: 6799 ns, Total: 109871 ns
[2024-02-05T00:01:10.842+0000][7][safepoint   ] Safepoint "Cleanup", Time since last: 3000339169 ns, Reaching safepoint: 170028 ns, At safepoint: 12902 ns, Total: 182930 ns
[2024-02-05T00:01:11.842+0000][7][safepoint   ] Safepoint "Cleanup", Time since last: 1000211660 ns, Reaching safepoint: 72336 ns, At safepoint: 8153 ns, Total: 80489 ns
[2024-02-05T00:01:16.843+0000][7][safepoint   ] Safepoint "Cleanup", Time since last: 5000744380 ns, Reaching safepoint: 84809 ns, At safepoint: 5210 ns, Total: 90019 ns
[2024-02-05T00:01:22.844+0000][7][safepoint   ] Safepoint "Cleanup", Time since last: 6000750969 ns, Reaching safepoint: 96134 ns, At safepoint: 8356 ns, Total: 104490 ns
[2024-02-05T00:01:28.845+0000][7][safepoint   ] Safepoint "Cleanup", Time since last: 6000671813 ns, Reaching safepoint: 92316 ns, At safepoint: 9225 ns, Total: 101541 ns
[2024-02-05T00:01:34.845+0000][7][safepoint   ] Safepoint "Cleanup", Time since last: 6000587033 ns, Reaching safepoint: 68105 ns, At safepoint: 6796 ns, Total: 74901 ns
[2024-02-05T00:01:40.846+0000][7][safepoint   ] Safepoint "Cleanup", Time since last: 6001024212 ns, Reaching safepoint: 91176 ns, At safepoint: 38892 ns, Total: 130068 ns
[2024-02-05T00:01:43.847+0000][7][safepoint   ] Safepoint "Cleanup", Time since last: 3000455987 ns, Reaching safepoint: 176315 ns, At safepoint: 17912 ns, Total: 194227 ns
[2024-02-05T00:01:45.848+0000][7][safepoint   ] Safepoint "Cleanup", Time since last: 2000340123 ns, Reaching safepoint: 115470 ns, At safepoint: 40059 ns, Total: 155529 ns
[2024-02-05T00:01:58.849+0000][7][safepoint   ] Safepoint "Cleanup", Time since last: 13001089676 ns, Reaching safepoint: 127000 ns, At safepoint: 5857 ns, Total: 132857 ns
[2024-02-05T00:02:00.849+0000][7][safepoint   ] Safepoint "Cleanup", Time since last: 2000315381 ns, Reaching safepoint: 78969 ns, At safepoint: 27127 ns, Total: 106096 ns
[2024-02-05T00:02:04.821+0000][7][gc,start    ] GC(27) Pause Young (Normal) (G1 Evacuation Pause)
[2024-02-05T00:02:04.821+0000][7][gc,task     ] GC(27) Using 8 workers of 8 for evacuation
[2024-02-05T00:02:04.821+0000][7][gc,age      ] GC(27) Desired survivor size 41943040 bytes, new threshold 15 (max threshold 15)
[2024-02-05T00:02:04.837+0000][7][gc,phases   ] GC(27)   Pre Evacuate Collection Set: 0.1ms
[2024-02-05T00:02:04.837+0000][7][gc,phases   ] GC(27)   Merge Heap Roots: 0.1ms
[2024-02-05T00:02:04.837+0000][7][gc,phases   ] GC(27)   Evacuate Collection Set: 14.3ms
[2024-02-05T00:02:04.837+0000][7][gc,phases   ] GC(27)   Post Evacuate Collection Set: 1.3ms
[2024-02-05T00:02:04.837+0000][7][gc,phases   ] GC(27)   Other: 0.1ms
[2024-02-05T00:02:04.837+0000][7][gc,age      ] GC(27) Age table with threshold 15 (max threshold 15)
[2024-02-05T00:02:04.837+0000][7][gc,age      ] GC(27) - age   1:    3312432 bytes,    3312432 total
[2024-02-05T00:02:04.837+0000][7][gc,age      ] GC(27) - age   2:       4376 bytes,    3316808 total
[2024-02-05T00:02:04.837+0000][7][gc,age      ] GC(27) - age   3:      12680 bytes,    3329488 total
[2024-02-05T00:02:04.837+0000][7][gc,age      ] GC(27) - age   4:       9608 bytes,    3339096 total
[2024-02-05T00:02:04.837+0000][7][gc,age      ] GC(27) - age   5:      11712 bytes,    3350808 total
[2024-02-05T00:02:04.837+0000][7][gc,age      ] GC(27) - age   6:       2480 bytes,    3353288 total
[2024-02-05T00:02:04.837+0000][7][gc,age      ] GC(27) - age   7:       7672 bytes,    3360960 total
[2024-02-05T00:02:04.837+0000][7][gc,age      ] GC(27) - age   8:       8216 bytes,    3369176 total
[2024-02-05T00:02:04.837+0000][7][gc,age      ] GC(27) - age   9:       5688 bytes,    3374864 total
[2024-02-05T00:02:04.837+0000][7][gc,age      ] GC(27) - age  10:     116120 bytes,    3490984 total
[2024-02-05T00:02:04.837+0000][7][gc,age      ] GC(27) - age  11:      25912 bytes,    3516896 total
[2024-02-05T00:02:04.837+0000][7][gc,age      ] GC(27) - age  12:      48448 bytes,    3565344 total
[2024-02-05T00:02:04.837+0000][7][gc,age      ] GC(27) - age  13:     149920 bytes,    3715264 total
[2024-02-05T00:02:04.837+0000][7][gc,age      ] GC(27) - age  14:     202632 bytes,    3917896 total
[2024-02-05T00:02:04.837+0000][7][gc,age      ] GC(27) - age  15:     152312 bytes,    4070208 total
[2024-02-05T00:02:04.837+0000][7][gc,heap     ] GC(27) Eden regions: 147->0(151)
[2024-02-05T00:02:04.837+0000][7][gc,heap     ] GC(27) Survivor regions: 6->2(20)
[2024-02-05T00:02:04.837+0000][7][gc,heap     ] GC(27) Old regions: 16->21
[2024-02-05T00:02:04.837+0000][7][gc,heap     ] GC(27) Archive regions: 2->2
[2024-02-05T00:02:04.837+0000][7][gc,heap     ] GC(27) Humongous regions: 0->0
[2024-02-05T00:02:04.837+0000][7][gc,metaspace] GC(27) Metaspace: 125244K(128704K)->125244K(128704K) NonClass: 108836K(110656K)->108836K(110656K) Class: 16408K(18048K)->16408K(18048K)
[2024-02-05T00:02:04.837+0000][7][gc          ] GC(27) Pause Young (Normal) (G1 Evacuation Pause) 677M->92M(1024M) 16.233ms
[2024-02-05T00:02:04.837+0000][7][gc,cpu      ] GC(27) User=0.10s Sys=0.00s Real=0.01s
[2024-02-05T00:02:04.837+0000][7][safepoint   ] Safepoint "G1CollectForAllocation", Time since last: 3971612103 ns, Reaching safepoint: 52614 ns, At safepoint: 16324738 ns, Total: 16377352 ns
[2024-02-05T00:02:07.838+0000][7][safepoint   ] Safepoint "Cleanup", Time since last: 3000366334 ns, Reaching safepoint: 107715 ns, At safepoint: 7366 ns, Total: 115081 ns
[2024-02-05T00:02:12.839+0000][7][safepoint   ] Safepoint "Cleanup", Time since last: 5000776271 ns, Reaching safepoint: 110965 ns, At safepoint: 10331 ns, Total: 121296 ns
[2024-02-05T00:02:22.840+0000][7][safepoint   ] Safepoint "Cleanup", Time since last: 10001265932 ns, Reaching safepoint: 98105 ns, At safepoint: 9392 ns, Total: 107497 ns
[2024-02-05T00:02:34.841+0000][7][safepoint   ] Safepoint "Cleanup", Time since last: 12001301130 ns, Reaching safepoint: 66363 ns, At safepoint: 7274 ns, Total: 73637 ns
[2024-02-05T00:02:35.842+0000][7][safepoint   ] Safepoint "Cleanup", Time since last: 1000171666 ns, Reaching safepoint: 74932 ns, At safepoint: 7353 ns, Total: 82285 ns
[2024-02-05T00:02:58.844+0000][7][safepoint   ] Safepoint "Cleanup", Time since last: 23002471228 ns, Reaching safepoint: 87563 ns, At safepoint: 7115 ns, Total: 94678 ns
[2024-02-05T00:03:07.846+0000][7][safepoint   ] Safepoint "Cleanup", Time since last: 9001241224 ns, Reaching safepoint: 97678 ns, At safepoint: 8340 ns, Total: 106018 ns
[2024-02-05T00:03:16.847+0000][7][safepoint   ] Safepoint "Cleanup", Time since last: 9001399869 ns, Reaching safepoint: 89838 ns, At safepoint: 6077 ns, Total: 95915 ns
[2024-02-05T00:03:22.848+0000][7][safepoint   ] Safepoint "Cleanup", Time since last: 6000610372 ns, Reaching safepoint: 93918 ns, At safepoint: 27067 ns, Total: 120985 ns
[2024-02-05T00:03:27.848+0000][7][safepoint   ] Safepoint "Cleanup", Time since last: 5000499483 ns, Reaching safepoint: 99221 ns, At safepoint: 10609 ns, Total: 109830 ns
[2024-02-05T00:03:28.853+0000][7][safepoint   ] Safepoint "Cleanup", Time since last: 1004239694 ns, Reaching safepoint: 60596 ns, At safepoint: 5825 ns, Total: 66421 ns
[2024-02-05T00:03:29.853+0000][7][safepoint   ] Safepoint "Cleanup", Time since last: 1000233788 ns, Reaching safepoint: 67419 ns, At safepoint: 14119 ns, Total: 81538 ns
[2024-02-05T00:03:34.854+0000][7][safepoint   ] Safepoint "Cleanup", Time since last: 5000551366 ns, Reaching safepoint: 85891 ns, At safepoint: 5305 ns, Total: 91196 ns
[2024-02-05T00:03:40.855+0000][7][safepoint   ] Safepoint "Cleanup", Time since last: 6000775000 ns, Reaching safepoint: 119725 ns, At safepoint: 7937 ns, Total: 127662 ns
[2024-02-05T00:03:43.855+0000][7][safepoint   ] Safepoint "Cleanup", Time since last: 3000600745 ns, Reaching safepoint: 71338 ns, At safepoint: 8415 ns, Total: 79753 ns
[2024-02-05T00:03:46.856+0000][7][safepoint   ] Safepoint "Cleanup", Time since last: 3000421204 ns, Reaching safepoint: 114624 ns, At safepoint: 7341 ns, Total: 121965 ns
[2024-02-05T00:03:47.856+0000][7][safepoint   ] Safepoint "Cleanup", Time since last: 1000165795 ns, Reaching safepoint: 71215 ns, At safepoint: 9007 ns, Total: 80222 ns
[2024-02-05T00:03:52.857+0000][7][safepoint   ] Safepoint "Cleanup", Time since last: 5000623520 ns, Reaching safepoint: 114804 ns, At safepoint: 8102 ns, Total: 122906 ns
[2024-02-05T00:04:04.858+0000][7][safepoint   ] Safepoint "Cleanup", Time since last: 12001278192 ns, Reaching safepoint: 94368 ns, At safepoint: 8928 ns, Total: 103296 ns
[2024-02-05T00:04:07.859+0000][7][safepoint   ] Safepoint "Cleanup", Time since last: 3000304650 ns, Reaching safepoint: 99089 ns, At safepoint: 8323 ns, Total: 107412 ns
[2024-02-05T00:04:46.863+0000][7][safepoint   ] Safepoint "Cleanup", Time since last: 39004352648 ns, Reaching safepoint: 101479 ns, At safepoint: 7558 ns, Total: 109037 ns
[2024-02-05T00:04:59.864+0000][7][safepoint   ] Safepoint "Cleanup", Time since last: 13001289092 ns, Reaching safepoint: 82631 ns, At safepoint: 10188 ns, Total: 92819 ns
[2024-02-05T00:05:04.865+0000][7][safepoint   ] Safepoint "Cleanup", Time since last: 5000546625 ns, Reaching safepoint: 155056 ns, At safepoint: 24810 ns, Total: 179866 ns
[2024-02-05T00:05:07.866+0000][7][safepoint   ] Safepoint "Cleanup", Time since last: 3000533041 ns, Reaching safepoint: 86724 ns, At safepoint: 10221 ns, Total: 96945 ns
[2024-02-05T00:05:10.866+0000][7][safepoint   ] Safepoint "Cleanup", Time since last: 3000328133 ns, Reaching safepoint: 84802 ns, At safepoint: 10151 ns, Total: 94953 ns
[2024-02-05T00:05:31.868+0000][7][safepoint   ] Safepoint "Cleanup", Time since last: 21001704184 ns, Reaching safepoint: 54111 ns, At safepoint: 5922 ns, Total: 60033 ns
[2024-02-05T00:05:35.868+0000][7][safepoint   ] Safepoint "Cleanup", Time since last: 4000403126 ns, Reaching safepoint: 61102 ns, At safepoint: 7371 ns, Total: 68473 ns
[2024-02-05T00:05:46.574+0000][7][gc,start    ] GC(28) Pause Young (Normal) (G1 Evacuation Pause)
[2024-02-05T00:05:46.574+0000][7][gc,task     ] GC(28) Using 8 workers of 8 for evacuation
[2024-02-05T00:05:46.574+0000][7][gc,age      ] GC(28) Desired survivor size 41943040 bytes, new threshold 15 (max threshold 15)
[2024-02-05T00:05:46.581+0000][7][gc,phases   ] GC(28)   Pre Evacuate Collection Set: 0.1ms
[2024-02-05T00:05:46.581+0000][7][gc,phases   ] GC(28)   Merge Heap Roots: 0.1ms
[2024-02-05T00:05:46.581+0000][7][gc,phases   ] GC(28)   Evacuate Collection Set: 6.1ms
[2024-02-05T00:05:46.581+0000][7][gc,phases   ] GC(28)   Post Evacuate Collection Set: 0.8ms
[2024-02-05T00:05:46.581+0000][7][gc,phases   ] GC(28)   Other: 0.1ms
[2024-02-05T00:05:46.581+0000][7][gc,age      ] GC(28) Age table with threshold 15 (max threshold 15)
[2024-02-05T00:05:46.581+0000][7][gc,age      ] GC(28) - age   1:    1036224 bytes,    1036224 total
[2024-02-05T00:05:46.581+0000][7][gc,age      ] GC(28) - age   2:    1563328 bytes,    2599552 total
[2024-02-05T00:05:46.581+0000][7][gc,age      ] GC(28) - age   3:       2072 bytes,    2601624 total
[2024-02-05T00:05:46.581+0000][7][gc,age      ] GC(28) - age   4:      12584 bytes,    2614208 total
[2024-02-05T00:05:46.581+0000][7][gc,age      ] GC(28) - age   5:       9608 bytes,    2623816 total
[2024-02-05T00:05:46.581+0000][7][gc,age      ] GC(28) - age   6:       6472 bytes,    2630288 total
[2024-02-05T00:05:46.581+0000][7][gc,age      ] GC(28) - age   7:       2480 bytes,    2632768 total
[2024-02-05T00:05:46.581+0000][7][gc,age      ] GC(28) - age   8:       7672 bytes,    2640440 total
[2024-02-05T00:05:46.581+0000][7][gc,age      ] GC(28) - age   9:       8216 bytes,    2648656 total
[2024-02-05T00:05:46.581+0000][7][gc,age      ] GC(28) - age  10:       5688 bytes,    2654344 total
[2024-02-05T00:05:46.581+0000][7][gc,age      ] GC(28) - age  11:     115936 bytes,    2770280 total
[2024-02-05T00:05:46.581+0000][7][gc,age      ] GC(28) - age  12:      25912 bytes,    2796192 total
[2024-02-05T00:05:46.581+0000][7][gc,age      ] GC(28) - age  13:      48448 bytes,    2844640 total
[2024-02-05T00:05:46.581+0000][7][gc,age      ] GC(28) - age  14:     149920 bytes,    2994560 total
[2024-02-05T00:05:46.581+0000][7][gc,age      ] GC(28) - age  15:     202632 bytes,    3197192 total
[2024-02-05T00:05:46.581+0000][7][gc,heap     ] GC(28) Eden regions: 151->0(152)
[2024-02-05T00:05:46.581+0000][7][gc,heap     ] GC(28) Survivor regions: 2->1(20)
[2024-02-05T00:05:46.581+0000][7][gc,heap     ] GC(28) Old regions: 21->21
[2024-02-05T00:05:46.581+0000][7][gc,heap     ] GC(28) Archive regions: 2->2
[2024-02-05T00:05:46.581+0000][7][gc,heap     ] GC(28) Humongous regions: 0->0
[2024-02-05T00:05:46.581+0000][7][gc,metaspace] GC(28) Metaspace: 125292K(128768K)->125292K(128768K) NonClass: 108882K(110720K)->108882K(110720K) Class: 16410K(18048K)->16410K(18048K)
[2024-02-05T00:05:46.581+0000][7][gc          ] GC(28) Pause Young (Normal) (G1 Evacuation Pause) 696M->91M(1024M) 7.502ms
[2024-02-05T00:05:46.581+0000][7][gc,cpu      ] GC(28) User=0.03s Sys=0.00s Real=0.01s
[2024-02-05T00:05:46.581+0000][7][safepoint   ] Safepoint "G1CollectForAllocation", Time since last: 10705074324 ns, Reaching safepoint: 78788 ns, At safepoint: 7598456 ns, Total: 7677244 ns
[2024-02-05T00:05:47.581+0000][7][safepoint   ] Safepoint "Cleanup", Time since last: 1000114832 ns, Reaching safepoint: 59168 ns, At safepoint: 7560 ns, Total: 66728 ns
[2024-02-05T00:05:55.582+0000][7][safepoint   ] Safepoint "Cleanup", Time since last: 8000936173 ns, Reaching safepoint: 86476 ns, At safepoint: 6253 ns, Total: 92729 ns
[2024-02-05T00:05:59.583+0000][7][safepoint   ] Safepoint "Cleanup", Time since last: 4000490852 ns, Reaching safepoint: 85121 ns, At safepoint: 7406 ns, Total: 92527 ns
[2024-02-05T00:06:07.584+0000][7][safepoint   ] Safepoint "Cleanup", Time since last: 8000890161 ns, Reaching safepoint: 95259 ns, At safepoint: 4755 ns, Total: 100014 ns
[2024-02-05T00:06:35.586+0000][7][safepoint   ] Safepoint "Cleanup", Time since last: 28002417301 ns, Reaching safepoint: 85659 ns, At safepoint: 6838 ns, Total: 92497 ns
[2024-02-05T00:06:38.587+0000][7][safepoint   ] Safepoint "Cleanup", Time since last: 3000346324 ns, Reaching safepoint: 64820 ns, At safepoint: 10250 ns, Total: 75070 ns
[2024-02-05T00:06:49.588+0000][7][safepoint   ] Safepoint "Cleanup", Time since last: 11000988389 ns, Reaching safepoint: 73273 ns, At safepoint: 5768 ns, Total: 79041 ns
[2024-02-05T00:06:50.588+0000][7][safepoint   ] Safepoint "Cleanup", Time since last: 1000129986 ns, Reaching safepoint: 61444 ns, At safepoint: 7723 ns, Total: 69167 ns
[2024-02-05T00:07:07.590+0000][7][safepoint   ] Safepoint "Cleanup", Time since last: 17002129741 ns, Reaching safepoint: 98409 ns, At safepoint: 6691 ns, Total: 105100 ns
[2024-02-05T00:07:23.592+0000][7][safepoint   ] Safepoint "Cleanup", Time since last: 16001349192 ns, Reaching safepoint: 107758 ns, At safepoint: 20613 ns, Total: 128371 ns
[2024-02-05T00:07:31.593+0000][7][safepoint   ] Safepoint "Cleanup", Time since last: 8000742360 ns, Reaching safepoint: 58647 ns, At safepoint: 6109 ns, Total: 64756 ns
[2024-02-05T00:07:46.594+0000][7][safepoint   ] Safepoint "Cleanup", Time since last: 15001712763 ns, Reaching safepoint: 77525 ns, At safepoint: 11237 ns, Total: 88762 ns
[2024-02-05T00:07:47.595+0000][7][safepoint   ] Safepoint "Cleanup", Time since last: 1000203621 ns, Reaching safepoint: 65565 ns, At safepoint: 8865 ns, Total: 74430 ns
[2024-02-05T00:07:58.596+0000][7][safepoint   ] Safepoint "Cleanup", Time since last: 11001128661 ns, Reaching safepoint: 105051 ns, At safepoint: 6561 ns, Total: 111612 ns
[2024-02-05T00:07:59.596+0000][7][safepoint   ] Safepoint "Cleanup", Time since last: 1000151455 ns, Reaching safepoint: 76502 ns, At safepoint: 7847 ns, Total: 84349 ns
[2024-02-05T00:08:07.597+0000][7][safepoint   ] Safepoint "Cleanup", Time since last: 8000697226 ns, Reaching safepoint: 119874 ns, At safepoint: 7419 ns, Total: 127293 ns
[2024-02-05T00:08:11.598+0000][7][safepoint   ] Safepoint "Cleanup", Time since last: 4000408630 ns, Reaching safepoint: 84716 ns, At safepoint: 6443 ns, Total: 91159 ns
[2024-02-05T00:08:28.600+0000][7][safepoint   ] Safepoint "Cleanup", Time since last: 17002040752 ns, Reaching safepoint: 116273 ns, At safepoint: 6459 ns, Total: 122732 ns
[2024-02-05T00:08:59.604+0000][7][safepoint   ] Safepoint "Cleanup", Time since last: 31003892577 ns, Reaching safepoint: 72235 ns, At safepoint: 5706 ns, Total: 77941 ns
[2024-02-05T00:09:16.614+0000][7][gc,start    ] GC(29) Pause Young (Normal) (G1 Evacuation Pause)
[2024-02-05T00:09:16.614+0000][7][gc,task     ] GC(29) Using 8 workers of 8 for evacuation
[2024-02-05T00:09:16.614+0000][7][gc,age      ] GC(29) Desired survivor size 41943040 bytes, new threshold 15 (max threshold 15)
[2024-02-05T00:09:16.620+0000][7][gc,phases   ] GC(29)   Pre Evacuate Collection Set: 0.1ms
[2024-02-05T00:09:16.620+0000][7][gc,phases   ] GC(29)   Merge Heap Roots: 0.1ms
[2024-02-05T00:09:16.620+0000][7][gc,phases   ] GC(29)   Evacuate Collection Set: 3.9ms
[2024-02-05T00:09:16.620+0000][7][gc,phases   ] GC(29)   Post Evacuate Collection Set: 1.3ms
[2024-02-05T00:09:16.620+0000][7][gc,phases   ] GC(29)   Other: 0.2ms
[2024-02-05T00:09:16.620+0000][7][gc,age      ] GC(29) Age table with threshold 15 (max threshold 15)
[2024-02-05T00:09:16.620+0000][7][gc,age      ] GC(29) - age   1:    1743800 bytes,    1743800 total
[2024-02-05T00:09:16.620+0000][7][gc,age      ] GC(29) - age   2:       8344 bytes,    1752144 total
[2024-02-05T00:09:16.620+0000][7][gc,age      ] GC(29) - age   3:    1561120 bytes,    3313264 total
[2024-02-05T00:09:16.620+0000][7][gc,age      ] GC(29) - age   4:       2072 bytes,    3315336 total
[2024-02-05T00:09:16.620+0000][7][gc,age      ] GC(29) - age   5:      12584 bytes,    3327920 total
[2024-02-05T00:09:16.620+0000][7][gc,age      ] GC(29) - age   6:       9608 bytes,    3337528 total
[2024-02-05T00:09:16.620+0000][7][gc,age      ] GC(29) - age   7:       6472 bytes,    3344000 total
[2024-02-05T00:09:16.620+0000][7][gc,age      ] GC(29) - age   8:       2480 bytes,    3346480 total
[2024-02-05T00:09:16.620+0000][7][gc,age      ] GC(29) - age   9:       7672 bytes,    3354152 total
[2024-02-05T00:09:16.620+0000][7][gc,age      ] GC(29) - age  10:       8032 bytes,    3362184 total
[2024-02-05T00:09:16.620+0000][7][gc,age      ] GC(29) - age  11:       5688 bytes,    3367872 total
[2024-02-05T00:09:16.620+0000][7][gc,age      ] GC(29) - age  12:     115936 bytes,    3483808 total
[2024-02-05T00:09:16.620+0000][7][gc,age      ] GC(29) - age  13:      25912 bytes,    3509720 total
[2024-02-05T00:09:16.620+0000][7][gc,age      ] GC(29) - age  14:      48448 bytes,    3558168 total
[2024-02-05T00:09:16.620+0000][7][gc,age      ] GC(29) - age  15:     149920 bytes,    3708088 total
[2024-02-05T00:09:16.620+0000][7][gc,heap     ] GC(29) Eden regions: 152->0(151)
[2024-02-05T00:09:16.620+0000][7][gc,heap     ] GC(29) Survivor regions: 1->2(20)
[2024-02-05T00:09:16.620+0000][7][gc,heap     ] GC(29) Old regions: 21->22
[2024-02-05T00:09:16.620+0000][7][gc,heap     ] GC(29) Archive regions: 2->2
[2024-02-05T00:09:16.620+0000][7][gc,heap     ] GC(29) Humongous regions: 0->0
[2024-02-05T00:09:16.620+0000][7][gc,metaspace] GC(29) Metaspace: 125314K(128768K)->125314K(128768K) NonClass: 108903K(110720K)->108903K(110720K) Class: 16410K(18048K)->16410K(18048K)
[2024-02-05T00:09:16.620+0000][7][gc          ] GC(29) Pause Young (Normal) (G1 Evacuation Pause) 699M->92M(1024M) 6.101ms
[2024-02-05T00:09:16.620+0000][7][gc,cpu      ] GC(29) User=0.03s Sys=0.00s Real=0.01s
[2024-02-05T00:09:16.620+0000][7][safepoint   ] Safepoint "G1CollectForAllocation", Time since last: 17010272006 ns, Reaching safepoint: 59243 ns, At safepoint: 6219601 ns, Total: 6278844 ns
[2024-02-05T00:09:22.621+0000][7][safepoint   ] Safepoint "Cleanup", Time since last: 6000822238 ns, Reaching safepoint: 84322 ns, At safepoint: 7936 ns, Total: 92258 ns
[2024-02-05T00:09:28.622+0000][7][safepoint   ] Safepoint "Cleanup", Time since last: 6001040338 ns, Reaching safepoint: 86605 ns, At safepoint: 7373 ns, Total: 93978 ns
[2024-02-05T00:09:41.624+0000][7][safepoint   ] Safepoint "Cleanup", Time since last: 13001616006 ns, Reaching safepoint: 134902 ns, At safepoint: 6148 ns, Total: 141050 ns
[2024-02-05T00:09:45.625+0000][7][safepoint   ] Safepoint "Cleanup", Time since last: 4000496997 ns, Reaching safepoint: 52881 ns, At safepoint: 5300 ns, Total: 58181 ns
[2024-02-05T00:10:05.627+0000][7][safepoint   ] Safepoint "Cleanup", Time since last: 20001875507 ns, Reaching safepoint: 73799 ns, At safepoint: 8785 ns, Total: 82584 ns
[2024-02-05T00:10:07.627+0000][7][safepoint   ] Safepoint "Cleanup", Time since last: 2000300797 ns, Reaching safepoint: 78368 ns, At safepoint: 5383 ns, Total: 83751 ns
[2024-02-05T00:10:18.697+0000][7][safepoint   ] Safepoint "Cleanup", Time since last: 11070060929 ns, Reaching safepoint: 106385 ns, At safepoint: 8516 ns, Total: 114901 ns
[2024-02-05T00:10:29.699+0000][7][safepoint   ] Safepoint "Cleanup", Time since last: 11001589221 ns, Reaching safepoint: 100234 ns, At safepoint: 8057 ns, Total: 108291 ns
[2024-02-05T00:10:52.702+0000][7][safepoint   ] Safepoint "Cleanup", Time since last: 23002427936 ns, Reaching safepoint: 302438 ns, At safepoint: 16958 ns, Total: 319396 ns
[2024-02-05T00:10:58.702+0000][7][safepoint   ] Safepoint "Cleanup", Time since last: 6000676195 ns, Reaching safepoint: 79798 ns, At safepoint: 10316 ns, Total: 90114 ns
[2024-02-05T00:11:01.703+0000][7][safepoint   ] Safepoint "Cleanup", Time since last: 3000414304 ns, Reaching safepoint: 47401 ns, At safepoint: 5063 ns, Total: 52464 ns
[2024-02-05T00:11:08.703+0000][7][safepoint   ] Safepoint "Cleanup", Time since last: 7000571672 ns, Reaching safepoint: 86237 ns, At safepoint: 7025 ns, Total: 93262 ns
[2024-02-05T00:11:10.704+0000][7][safepoint   ] Safepoint "Cleanup", Time since last: 2000176326 ns, Reaching safepoint: 52532 ns, At safepoint: 26841 ns, Total: 79373 ns
[2024-02-05T00:11:13.704+0000][7][safepoint   ] Safepoint "Cleanup", Time since last: 3000291862 ns, Reaching safepoint: 78747 ns, At safepoint: 8967 ns, Total: 87714 ns
[2024-02-05T00:11:14.704+0000][7][safepoint   ] Safepoint "Cleanup", Time since last: 1000139010 ns, Reaching safepoint: 74923 ns, At safepoint: 10425 ns, Total: 85348 ns
[2024-02-05T00:11:16.705+0000][7][safepoint   ] Safepoint "Cleanup", Time since last: 2000332634 ns, Reaching safepoint: 107046 ns, At safepoint: 9109 ns, Total: 116155 ns
[2024-02-05T00:11:29.707+0000][7][safepoint   ] Safepoint "Cleanup", Time since last: 13001803411 ns, Reaching safepoint: 97015 ns, At safepoint: 18925 ns, Total: 115940 ns
[2024-02-05T00:11:46.708+0000][7][safepoint   ] Safepoint "Cleanup", Time since last: 17001444650 ns, Reaching safepoint: 83173 ns, At safepoint: 4863 ns, Total: 88036 ns
[2024-02-05T00:11:52.709+0000][7][safepoint   ] Safepoint "Cleanup", Time since last: 6000582332 ns, Reaching safepoint: 108247 ns, At safepoint: 12579 ns, Total: 120826 ns
[2024-02-05T00:11:53.709+0000][7][safepoint   ] Safepoint "Cleanup", Time since last: 1000142659 ns, Reaching safepoint: 58184 ns, At safepoint: 8147 ns, Total: 66331 ns
[2024-02-05T00:11:58.710+0000][7][safepoint   ] Safepoint "Cleanup", Time since last: 5000598056 ns, Reaching safepoint: 110390 ns, At safepoint: 6411 ns, Total: 116801 ns
[2024-02-05T00:12:03.711+0000][7][safepoint   ] Safepoint "Cleanup", Time since last: 5000634168 ns, Reaching safepoint: 73347 ns, At safepoint: 5261 ns, Total: 78608 ns
[2024-02-05T00:12:04.711+0000][7][safepoint   ] Safepoint "Cleanup", Time since last: 1000237045 ns, Reaching safepoint: 86222 ns, At safepoint: 7753 ns, Total: 93975 ns
[2024-02-05T00:12:07.711+0000][7][safepoint   ] Safepoint "Cleanup", Time since last: 3000496377 ns, Reaching safepoint: 82174 ns, At safepoint: 16362 ns, Total: 98536 ns
[2024-02-05T00:12:46.603+0000][7][gc,start    ] GC(30) Pause Young (Normal) (G1 Evacuation Pause)
[2024-02-05T00:12:46.603+0000][7][gc,task     ] GC(30) Using 8 workers of 8 for evacuation
[2024-02-05T00:12:46.603+0000][7][gc,age      ] GC(30) Desired survivor size 41943040 bytes, new threshold 15 (max threshold 15)
[2024-02-05T00:12:46.607+0000][7][gc,phases   ] GC(30)   Pre Evacuate Collection Set: 0.1ms
[2024-02-05T00:12:46.607+0000][7][gc,phases   ] GC(30)   Merge Heap Roots: 0.1ms
[2024-02-05T00:12:46.607+0000][7][gc,phases   ] GC(30)   Evacuate Collection Set: 3.2ms
[2024-02-05T00:12:46.608+0000][7][gc,phases   ] GC(30)   Post Evacuate Collection Set: 1.0ms
[2024-02-05T00:12:46.608+0000][7][gc,phases   ] GC(30)   Other: 0.1ms
[2024-02-05T00:12:46.608+0000][7][gc,age      ] GC(30) Age table with threshold 15 (max threshold 15)
[2024-02-05T00:12:46.608+0000][7][gc,age      ] GC(30) - age   1:    1840560 bytes,    1840560 total
[2024-02-05T00:12:46.608+0000][7][gc,age      ] GC(30) - age   2:       5208 bytes,    1845768 total
[2024-02-05T00:12:46.608+0000][7][gc,age      ] GC(30) - age   3:       6960 bytes,    1852728 total
[2024-02-05T00:12:46.608+0000][7][gc,age      ] GC(30) - age   4:    1545856 bytes,    3398584 total
[2024-02-05T00:12:46.608+0000][7][gc,age      ] GC(30) - age   5:       1680 bytes,    3400264 total
[2024-02-05T00:12:46.608+0000][7][gc,age      ] GC(30) - age   6:      12584 bytes,    3412848 total
[2024-02-05T00:12:46.608+0000][7][gc,age      ] GC(30) - age   7:       9008 bytes,    3421856 total
[2024-02-05T00:12:46.608+0000][7][gc,age      ] GC(30) - age   8:       6472 bytes,    3428328 total
[2024-02-05T00:12:46.608+0000][7][gc,age      ] GC(30) - age   9:       2480 bytes,    3430808 total
[2024-02-05T00:12:46.608+0000][7][gc,age      ] GC(30) - age  10:       7672 bytes,    3438480 total
[2024-02-05T00:12:46.608+0000][7][gc,age      ] GC(30) - age  11:       8032 bytes,    3446512 total
[2024-02-05T00:12:46.608+0000][7][gc,age      ] GC(30) - age  12:       5688 bytes,    3452200 total
[2024-02-05T00:12:46.608+0000][7][gc,age      ] GC(30) - age  13:     115936 bytes,    3568136 total
[2024-02-05T00:12:46.608+0000][7][gc,age      ] GC(30) - age  14:      25912 bytes,    3594048 total
[2024-02-05T00:12:46.608+0000][7][gc,age      ] GC(30) - age  15:      48448 bytes,    3642496 total
[2024-02-05T00:12:46.608+0000][7][gc,heap     ] GC(30) Eden regions: 151->0(152)
[2024-02-05T00:12:46.608+0000][7][gc,heap     ] GC(30) Survivor regions: 2->1(20)
[2024-02-05T00:12:46.608+0000][7][gc,heap     ] GC(30) Old regions: 22->22
[2024-02-05T00:12:46.608+0000][7][gc,heap     ] GC(30) Archive regions: 2->2
[2024-02-05T00:12:46.608+0000][7][gc,heap     ] GC(30) Humongous regions: 0->0
[2024-02-05T00:12:46.608+0000][7][gc,metaspace] GC(30) Metaspace: 125355K(128768K)->125355K(128768K) NonClass: 108943K(110720K)->108943K(110720K) Class: 16411K(18048K)->16411K(18048K)
[2024-02-05T00:12:46.608+0000][7][gc          ] GC(30) Pause Young (Normal) (G1 Evacuation Pause) 696M->92M(1024M) 4.826ms
[2024-02-05T00:12:46.608+0000][7][gc,cpu      ] GC(30) User=0.02s Sys=0.01s Real=0.01s
[2024-02-05T00:12:46.608+0000][7][safepoint   ] Safepoint "G1CollectForAllocation", Time since last: 38891378889 ns, Reaching safepoint: 41279 ns, At safepoint: 4938428 ns, Total: 4979707 ns
[2024-02-05T00:12:59.610+0000][7][safepoint   ] Safepoint "Cleanup", Time since last: 13001613379 ns, Reaching safepoint: 103208 ns, At safepoint: 7399 ns, Total: 110607 ns
[2024-02-05T00:13:04.610+0000][7][safepoint   ] Safepoint "Cleanup", Time since last: 5000513562 ns, Reaching safepoint: 58312 ns, At safepoint: 5342 ns, Total: 63654 ns
[2024-02-05T00:13:07.611+0000][7][safepoint   ] Safepoint "Cleanup", Time since last: 3000371703 ns, Reaching safepoint: 158385 ns, At safepoint: 6840 ns, Total: 165225 ns
[2024-02-05T00:13:23.612+0000][7][safepoint   ] Safepoint "Cleanup", Time since last: 16001684724 ns, Reaching safepoint: 110792 ns, At safepoint: 6678 ns, Total: 117470 ns
[2024-02-05T00:13:29.613+0000][7][safepoint   ] Safepoint "Cleanup", Time since last: 6000897175 ns, Reaching safepoint: 78754 ns, At safepoint: 9293 ns, Total: 88047 ns
[2024-02-05T00:13:37.615+0000][7][safepoint   ] Safepoint "Cleanup", Time since last: 8001156292 ns, Reaching safepoint: 107768 ns, At safepoint: 7047 ns, Total: 114815 ns
[2024-02-05T00:13:46.616+0000][7][safepoint   ] Safepoint "Cleanup", Time since last: 9001081181 ns, Reaching safepoint: 74128 ns, At safepoint: 6219 ns, Total: 80347 ns
[2024-02-05T00:13:52.617+0000][7][safepoint   ] Safepoint "Cleanup", Time since last: 6000623322 ns, Reaching safepoint: 86033 ns, At safepoint: 10802 ns, Total: 96835 ns
[2024-02-05T00:14:04.618+0000][7][safepoint   ] Safepoint "Cleanup", Time since last: 12001033989 ns, Reaching safepoint: 117035 ns, At safepoint: 9731 ns, Total: 126766 ns
[2024-02-05T00:14:05.618+0000][7][safepoint   ] Safepoint "Cleanup", Time since last: 1000154551 ns, Reaching safepoint: 84757 ns, At safepoint: 6251 ns, Total: 91008 ns
[2024-02-05T00:14:07.618+0000][7][safepoint   ] Safepoint "Cleanup", Time since last: 2000398984 ns, Reaching safepoint: 102613 ns, At safepoint: 7397 ns, Total: 110010 ns
[2024-02-05T00:14:10.619+0000][7][safepoint   ] Safepoint "Cleanup", Time since last: 3000521117 ns, Reaching safepoint: 78005 ns, At safepoint: 6739 ns, Total: 84744 ns
[2024-02-05T00:14:17.620+0000][7][safepoint   ] Safepoint "Cleanup", Time since last: 7000707592 ns, Reaching safepoint: 80925 ns, At safepoint: 10968 ns, Total: 91893 ns
[2024-02-05T00:14:22.620+0000][7][safepoint   ] Safepoint "Cleanup", Time since last: 5000486738 ns, Reaching safepoint: 71983 ns, At safepoint: 5116 ns, Total: 77099 ns
[2024-02-05T00:14:59.624+0000][7][safepoint   ] Safepoint "Cleanup", Time since last: 37003660171 ns, Reaching safepoint: 69347 ns, At safepoint: 9075 ns, Total: 78422 ns
[2024-02-05T00:15:07.625+0000][7][safepoint   ] Safepoint "Cleanup", Time since last: 8000780141 ns, Reaching safepoint: 82850 ns, At safepoint: 6644 ns, Total: 89494 ns
[2024-02-05T00:15:10.626+0000][7][safepoint   ] Safepoint "Cleanup", Time since last: 3000417171 ns, Reaching safepoint: 69080 ns, At safepoint: 5169 ns, Total: 74249 ns
[2024-02-05T00:15:18.627+0000][7][safepoint   ] Safepoint "Cleanup", Time since last: 8001102841 ns, Reaching safepoint: 64448 ns, At safepoint: 7336 ns, Total: 71784 ns
[2024-02-05T00:15:29.628+0000][7][safepoint   ] Safepoint "Cleanup", Time since last: 11000945636 ns, Reaching safepoint: 92894 ns, At safepoint: 21482 ns, Total: 114376 ns
[2024-02-05T00:15:31.628+0000][7][safepoint   ] Safepoint "Cleanup", Time since last: 2000312185 ns, Reaching safepoint: 116360 ns, At safepoint: 10891 ns, Total: 127251 ns
[2024-02-05T00:15:32.629+0000][7][safepoint   ] Safepoint "Cleanup", Time since last: 1000243182 ns, Reaching safepoint: 128931 ns, At safepoint: 9776 ns, Total: 138707 ns
[2024-02-05T00:15:34.629+0000][7][safepoint   ] Safepoint "Cleanup", Time since last: 2000241848 ns, Reaching safepoint: 118725 ns, At safepoint: 36032 ns, Total: 154757 ns
[2024-02-05T00:15:37.629+0000][7][safepoint   ] Safepoint "Cleanup", Time since last: 3000355767 ns, Reaching safepoint: 97365 ns, At safepoint: 10064 ns, Total: 107429 ns
[2024-02-05T00:15:46.631+0000][7][safepoint   ] Safepoint "Cleanup", Time since last: 9001088759 ns, Reaching safepoint: 121990 ns, At safepoint: 7783 ns, Total: 129773 ns
[2024-02-05T00:15:55.632+0000][7][safepoint   ] Safepoint "Cleanup", Time since last: 9000968929 ns, Reaching safepoint: 85849 ns, At safepoint: 5916 ns, Total: 91765 ns
[2024-02-05T00:15:58.632+0000][7][safepoint   ] Safepoint "Cleanup", Time since last: 3000305696 ns, Reaching safepoint: 105788 ns, At safepoint: 4852 ns, Total: 110640 ns
[2024-02-05T00:15:59.632+0000][7][safepoint   ] Safepoint "Cleanup", Time since last: 1000133697 ns, Reaching safepoint: 58116 ns, At safepoint: 6191 ns, Total: 64307 ns
[2024-02-05T00:16:07.633+0000][7][safepoint   ] Safepoint "Cleanup", Time since last: 8000781250 ns, Reaching safepoint: 77258 ns, At safepoint: 7776 ns, Total: 85034 ns
[2024-02-05T00:16:23.389+0000][7][gc,start    ] GC(31) Pause Young (Normal) (G1 Evacuation Pause)
[2024-02-05T00:16:23.389+0000][7][gc,task     ] GC(31) Using 8 workers of 8 for evacuation
[2024-02-05T00:16:23.389+0000][7][gc,age      ] GC(31) Desired survivor size 41943040 bytes, new threshold 15 (max threshold 15)
[2024-02-05T00:16:23.394+0000][7][gc,phases   ] GC(31)   Pre Evacuate Collection Set: 0.1ms
[2024-02-05T00:16:23.394+0000][7][gc,phases   ] GC(31)   Merge Heap Roots: 0.1ms
[2024-02-05T00:16:23.394+0000][7][gc,phases   ] GC(31)   Evacuate Collection Set: 3.4ms
[2024-02-05T00:16:23.394+0000][7][gc,phases   ] GC(31)   Post Evacuate Collection Set: 0.9ms
[2024-02-05T00:16:23.394+0000][7][gc,phases   ] GC(31)   Other: 0.1ms
[2024-02-05T00:16:23.394+0000][7][gc,age      ] GC(31) Age table with threshold 15 (max threshold 15)
[2024-02-05T00:16:23.394+0000][7][gc,age      ] GC(31) - age   1:     874480 bytes,     874480 total
[2024-02-05T00:16:23.394+0000][7][gc,age      ] GC(31) - age   2:     274224 bytes,    1148704 total
[2024-02-05T00:16:23.394+0000][7][gc,age      ] GC(31) - age   3:       2848 bytes,    1151552 total
[2024-02-05T00:16:23.394+0000][7][gc,age      ] GC(31) - age   4:       6784 bytes,    1158336 total
[2024-02-05T00:16:23.394+0000][7][gc,age      ] GC(31) - age   5:    1531304 bytes,    2689640 total
[2024-02-05T00:16:23.394+0000][7][gc,age      ] GC(31) - age   6:       1680 bytes,    2691320 total
[2024-02-05T00:16:23.394+0000][7][gc,age      ] GC(31) - age   7:      12584 bytes,    2703904 total
[2024-02-05T00:16:23.394+0000][7][gc,age      ] GC(31) - age   8:       9008 bytes,    2712912 total
[2024-02-05T00:16:23.394+0000][7][gc,age      ] GC(31) - age   9:       6472 bytes,    2719384 total
[2024-02-05T00:16:23.394+0000][7][gc,age      ] GC(31) - age  10:       2480 bytes,    2721864 total
[2024-02-05T00:16:23.394+0000][7][gc,age      ] GC(31) - age  11:       7672 bytes,    2729536 total
[2024-02-05T00:16:23.394+0000][7][gc,age      ] GC(31) - age  12:       8032 bytes,    2737568 total
[2024-02-05T00:16:23.394+0000][7][gc,age      ] GC(31) - age  13:       5504 bytes,    2743072 total
[2024-02-05T00:16:23.394+0000][7][gc,age      ] GC(31) - age  14:     115936 bytes,    2859008 total
[2024-02-05T00:16:23.394+0000][7][gc,age      ] GC(31) - age  15:      25912 bytes,    2884920 total
[2024-02-05T00:16:23.394+0000][7][gc,heap     ] GC(31) Eden regions: 152->0(152)
[2024-02-05T00:16:23.394+0000][7][gc,heap     ] GC(31) Survivor regions: 1->1(20)
[2024-02-05T00:16:23.394+0000][7][gc,heap     ] GC(31) Old regions: 22->22
[2024-02-05T00:16:23.394+0000][7][gc,heap     ] GC(31) Archive regions: 2->2
[2024-02-05T00:16:23.394+0000][7][gc,heap     ] GC(31) Humongous regions: 0->0
[2024-02-05T00:16:23.394+0000][7][gc,metaspace] GC(31) Metaspace: 125414K(128832K)->125414K(128832K) NonClass: 109001K(110784K)->109001K(110784K) Class: 16412K(18048K)->16412K(18048K)
[2024-02-05T00:16:23.394+0000][7][gc          ] GC(31) Pause Young (Normal) (G1 Evacuation Pause) 700M->92M(1024M) 4.941ms
[2024-02-05T00:16:23.394+0000][7][gc,cpu      ] GC(31) User=0.02s Sys=0.00s Real=0.00s
[2024-02-05T00:16:23.394+0000][7][safepoint   ] Safepoint "G1CollectForAllocation", Time since last: 15755442236 ns, Reaching safepoint: 80921 ns, At safepoint: 5059599 ns, Total: 5140520 ns
[2024-02-05T00:16:25.394+0000][7][safepoint   ] Safepoint "Cleanup", Time since last: 2000200059 ns, Reaching safepoint: 79062 ns, At safepoint: 8941 ns, Total: 88003 ns
[2024-02-05T00:16:59.398+0000][7][safepoint   ] Safepoint "Cleanup", Time since last: 34004004974 ns, Reaching safepoint: 92243 ns, At safepoint: 6464 ns, Total: 98707 ns
[2024-02-05T00:17:05.399+0000][7][safepoint   ] Safepoint "Cleanup", Time since last: 6000891809 ns, Reaching safepoint: 99242 ns, At safepoint: 6504 ns, Total: 105746 ns
[2024-02-05T00:17:07.400+0000][7][safepoint   ] Safepoint "Cleanup", Time since last: 2000347245 ns, Reaching safepoint: 88190 ns, At safepoint: 6679 ns, Total: 94869 ns
[2024-02-05T00:17:17.401+0000][7][safepoint   ] Safepoint "Cleanup", Time since last: 10000938088 ns, Reaching safepoint: 101284 ns, At safepoint: 6726 ns, Total: 108010 ns
[2024-02-05T00:17:38.404+0000][7][safepoint   ] Safepoint "Cleanup", Time since last: 21002859595 ns, Reaching safepoint: 90786 ns, At safepoint: 9701 ns, Total: 100487 ns
[2024-02-05T00:17:53.405+0000][7][safepoint   ] Safepoint "Cleanup", Time since last: 15001345188 ns, Reaching safepoint: 113663 ns, At safepoint: 10155 ns, Total: 123818 ns
[2024-02-05T00:18:07.408+0000][7][safepoint   ] Safepoint "Cleanup", Time since last: 14002357949 ns, Reaching safepoint: 110257 ns, At safepoint: 21637 ns, Total: 131894 ns
[2024-02-05T00:18:11.408+0000][7][safepoint   ] Safepoint "Cleanup", Time since last: 4000417784 ns, Reaching safepoint: 77233 ns, At safepoint: 11210 ns, Total: 88443 ns
[2024-02-05T00:18:17.409+0000][7][safepoint   ] Safepoint "Cleanup", Time since last: 6000790515 ns, Reaching safepoint: 82283 ns, At safepoint: 42147 ns, Total: 124430 ns
[2024-02-05T00:18:56.413+0000][7][safepoint   ] Safepoint "Cleanup", Time since last: 39004255323 ns, Reaching safepoint: 108563 ns, At safepoint: 12729 ns, Total: 121292 ns
[2024-02-05T00:19:05.415+0000][7][safepoint   ] Safepoint "Cleanup", Time since last: 9001386149 ns, Reaching safepoint: 101892 ns, At safepoint: 9141 ns, Total: 111033 ns
[2024-02-05T00:19:07.415+0000][7][safepoint   ] Safepoint "Cleanup", Time since last: 2000424775 ns, Reaching safepoint: 112174 ns, At safepoint: 11655 ns, Total: 123829 ns
[2024-02-05T00:19:26.418+0000][7][safepoint   ] Safepoint "Cleanup", Time since last: 19002035635 ns, Reaching safepoint: 118788 ns, At safepoint: 22871 ns, Total: 141659 ns
[2024-02-05T00:19:29.418+0000][7][safepoint   ] Safepoint "Cleanup", Time since last: 3000338979 ns, Reaching safepoint: 97041 ns, At safepoint: 6556 ns, Total: 103597 ns
[2024-02-05T00:19:55.592+0000][7][gc,start    ] GC(32) Pause Young (Normal) (G1 Evacuation Pause)
[2024-02-05T00:19:55.593+0000][7][gc,task     ] GC(32) Using 8 workers of 8 for evacuation
[2024-02-05T00:19:55.593+0000][7][gc,age      ] GC(32) Desired survivor size 41943040 bytes, new threshold 15 (max threshold 15)
[2024-02-05T00:19:55.598+0000][7][gc,phases   ] GC(32)   Pre Evacuate Collection Set: 0.2ms
[2024-02-05T00:19:55.598+0000][7][gc,phases   ] GC(32)   Merge Heap Roots: 0.1ms
[2024-02-05T00:19:55.598+0000][7][gc,phases   ] GC(32)   Evacuate Collection Set: 3.5ms
[2024-02-05T00:19:55.598+0000][7][gc,phases   ] GC(32)   Post Evacuate Collection Set: 1.1ms
[2024-02-05T00:19:55.598+0000][7][gc,phases   ] GC(32)   Other: 0.1ms
[2024-02-05T00:19:55.598+0000][7][gc,age      ] GC(32) Age table with threshold 15 (max threshold 15)
[2024-02-05T00:19:55.598+0000][7][gc,age      ] GC(32) - age   1:     963392 bytes,     963392 total
[2024-02-05T00:19:55.598+0000][7][gc,age      ] GC(32) - age   2:      22192 bytes,     985584 total
[2024-02-05T00:19:55.598+0000][7][gc,age      ] GC(32) - age   3:     241152 bytes,    1226736 total
[2024-02-05T00:19:55.598+0000][7][gc,age      ] GC(32) - age   4:       2720 bytes,    1229456 total
[2024-02-05T00:19:55.598+0000][7][gc,age      ] GC(32) - age   5:       6784 bytes,    1236240 total
[2024-02-05T00:19:55.598+0000][7][gc,age      ] GC(32) - age   6:    1380376 bytes,    2616616 total
[2024-02-05T00:19:55.598+0000][7][gc,age      ] GC(32) - age   7:       1680 bytes,    2618296 total
[2024-02-05T00:19:55.598+0000][7][gc,age      ] GC(32) - age   8:      12584 bytes,    2630880 total
[2024-02-05T00:19:55.598+0000][7][gc,age      ] GC(32) - age   9:       8976 bytes,    2639856 total
[2024-02-05T00:19:55.598+0000][7][gc,age      ] GC(32) - age  10:       6472 bytes,    2646328 total
[2024-02-05T00:19:55.598+0000][7][gc,age      ] GC(32) - age  11:       2480 bytes,    2648808 total
[2024-02-05T00:19:55.598+0000][7][gc,age      ] GC(32) - age  12:       7488 bytes,    2656296 total
[2024-02-05T00:19:55.598+0000][7][gc,age      ] GC(32) - age  13:       8032 bytes,    2664328 total
[2024-02-05T00:19:55.598+0000][7][gc,age      ] GC(32) - age  14:       5504 bytes,    2669832 total
[2024-02-05T00:19:55.598+0000][7][gc,age      ] GC(32) - age  15:     115424 bytes,    2785256 total
[2024-02-05T00:19:55.598+0000][7][gc,heap     ] GC(32) Eden regions: 152->0(152)
[2024-02-05T00:19:55.598+0000][7][gc,heap     ] GC(32) Survivor regions: 1->1(20)
[2024-02-05T00:19:55.598+0000][7][gc,heap     ] GC(32) Old regions: 22->22
[2024-02-05T00:19:55.598+0000][7][gc,heap     ] GC(32) Archive regions: 2->2
[2024-02-05T00:19:55.598+0000][7][gc,heap     ] GC(32) Humongous regions: 0->0
[2024-02-05T00:19:55.598+0000][7][gc,metaspace] GC(32) Metaspace: 125426K(128896K)->125426K(128896K) NonClass: 109013K(110848K)->109013K(110848K) Class: 16412K(18048K)->16412K(18048K)
[2024-02-05T00:19:55.598+0000][7][gc          ] GC(32) Pause Young (Normal) (G1 Evacuation Pause) 700M->92M(1024M) 5.428ms
[2024-02-05T00:19:55.598+0000][7][gc,cpu      ] GC(32) User=0.03s Sys=0.00s Real=0.00s
[2024-02-05T00:19:55.598+0000][7][safepoint   ] Safepoint "G1CollectForAllocation", Time since last: 26174266237 ns, Reaching safepoint: 96085 ns, At safepoint: 5526100 ns, Total: 5622185 ns
[2024-02-05T00:20:29.602+0000][7][safepoint   ] Safepoint "Cleanup", Time since last: 34003761859 ns, Reaching safepoint: 84405 ns, At safepoint: 11867 ns, Total: 96272 ns
[2024-02-05T00:20:41.603+0000][7][safepoint   ] Safepoint "Cleanup", Time since last: 12001193487 ns, Reaching safepoint: 114339 ns, At safepoint: 11061 ns, Total: 125400 ns
[2024-02-05T00:20:59.605+0000][7][safepoint   ] Safepoint "Cleanup", Time since last: 18001575026 ns, Reaching safepoint: 65341 ns, At safepoint: 7671 ns, Total: 73012 ns
[2024-02-05T00:21:04.606+0000][7][safepoint   ] Safepoint "Cleanup", Time since last: 5000667446 ns, Reaching safepoint: 141971 ns, At safepoint: 7585 ns, Total: 149556 ns
[2024-02-05T00:21:05.606+0000][7][safepoint   ] Safepoint "Cleanup", Time since last: 1000135165 ns, Reaching safepoint: 66427 ns, At safepoint: 9194 ns, Total: 75621 ns
[2024-02-05T00:21:07.606+0000][7][safepoint   ] Safepoint "Cleanup", Time since last: 2000215731 ns, Reaching safepoint: 58725 ns, At safepoint: 5692 ns, Total: 64417 ns
[2024-02-05T00:21:18.220+0000][7][safepoint   ] Safepoint "Cleanup", Time since last: 10613414967 ns, Reaching safepoint: 113797 ns, At safepoint: 8383 ns, Total: 122180 ns
[2024-02-05T00:21:29.221+0000][7][safepoint   ] Safepoint "Cleanup", Time since last: 11000998525 ns, Reaching safepoint: 66153 ns, At safepoint: 8433 ns, Total: 74586 ns
[2024-02-05T00:21:46.645+0000][7][safepoint   ] Safepoint "Cleanup", Time since last: 17423721502 ns, Reaching safepoint: 129287 ns, At safepoint: 32718 ns, Total: 162005 ns
[2024-02-05T00:22:07.648+0000][7][safepoint   ] Safepoint "Cleanup", Time since last: 21002791755 ns, Reaching safepoint: 109727 ns, At safepoint: 6088 ns, Total: 115815 ns
[2024-02-05T00:22:34.650+0000][7][safepoint   ] Safepoint "Cleanup", Time since last: 27002648522 ns, Reaching safepoint: 169641 ns, At safepoint: 20977 ns, Total: 190618 ns
[2024-02-05T00:22:37.651+0000][7][safepoint   ] Safepoint "Cleanup", Time since last: 3000506323 ns, Reaching safepoint: 73824 ns, At safepoint: 5714 ns, Total: 79538 ns
[2024-02-05T00:22:38.651+0000][7][safepoint   ] Safepoint "Cleanup", Time since last: 1000122996 ns, Reaching safepoint: 68948 ns, At safepoint: 20535 ns, Total: 89483 ns
[2024-02-05T00:23:07.654+0000][7][safepoint   ] Safepoint "Cleanup", Time since last: 29003031314 ns, Reaching safepoint: 61033 ns, At safepoint: 6515 ns, Total: 67548 ns
[2024-02-05T00:23:34.611+0000][7][gc,start    ] GC(33) Pause Young (Normal) (G1 Evacuation Pause)
[2024-02-05T00:23:34.611+0000][7][gc,task     ] GC(33) Using 8 workers of 8 for evacuation
[2024-02-05T00:23:34.611+0000][7][gc,age      ] GC(33) Desired survivor size 41943040 bytes, new threshold 15 (max threshold 15)
[2024-02-05T00:23:34.616+0000][7][gc,phases   ] GC(33)   Pre Evacuate Collection Set: 0.1ms
[2024-02-05T00:23:34.616+0000][7][gc,phases   ] GC(33)   Merge Heap Roots: 0.1ms
[2024-02-05T00:23:34.616+0000][7][gc,phases   ] GC(33)   Evacuate Collection Set: 4.4ms
[2024-02-05T00:23:34.616+0000][7][gc,phases   ] GC(33)   Post Evacuate Collection Set: 0.9ms
[2024-02-05T00:23:34.616+0000][7][gc,phases   ] GC(33)   Other: 0.1ms
[2024-02-05T00:23:34.616+0000][7][gc,age      ] GC(33) Age table with threshold 15 (max threshold 15)
[2024-02-05T00:23:34.616+0000][7][gc,age      ] GC(33) - age   1:    1459176 bytes,    1459176 total
[2024-02-05T00:23:34.616+0000][7][gc,age      ] GC(33) - age   2:     103232 bytes,    1562408 total
[2024-02-05T00:23:34.616+0000][7][gc,age      ] GC(33) - age   3:      20128 bytes,    1582536 total
[2024-02-05T00:23:34.616+0000][7][gc,age      ] GC(33) - age   4:     237264 bytes,    1819800 total
[2024-02-05T00:23:34.616+0000][7][gc,age      ] GC(33) - age   5:       2536 bytes,    1822336 total
[2024-02-05T00:23:34.616+0000][7][gc,age      ] GC(33) - age   6:       6600 bytes,    1828936 total
[2024-02-05T00:23:34.616+0000][7][gc,age      ] GC(33) - age   7:    1380344 bytes,    3209280 total
[2024-02-05T00:23:34.616+0000][7][gc,age      ] GC(33) - age   8:       1680 bytes,    3210960 total
[2024-02-05T00:23:34.616+0000][7][gc,age      ] GC(33) - age   9:       7080 bytes,    3218040 total
[2024-02-05T00:23:34.616+0000][7][gc,age      ] GC(33) - age  10:       8976 bytes,    3227016 total
[2024-02-05T00:23:34.616+0000][7][gc,age      ] GC(33) - age  11:       6472 bytes,    3233488 total
[2024-02-05T00:23:34.616+0000][7][gc,age      ] GC(33) - age  12:       2480 bytes,    3235968 total
[2024-02-05T00:23:34.616+0000][7][gc,age      ] GC(33) - age  13:       7488 bytes,    3243456 total
[2024-02-05T00:23:34.616+0000][7][gc,age      ] GC(33) - age  14:       8032 bytes,    3251488 total
[2024-02-05T00:23:34.616+0000][7][gc,age      ] GC(33) - age  15:       5504 bytes,    3256992 total
[2024-02-05T00:23:34.616+0000][7][gc,heap     ] GC(33) Eden regions: 152->0(152)
[2024-02-05T00:23:34.616+0000][7][gc,heap     ] GC(33) Survivor regions: 1->1(20)
[2024-02-05T00:23:34.616+0000][7][gc,heap     ] GC(33) Old regions: 22->22
[2024-02-05T00:23:34.616+0000][7][gc,heap     ] GC(33) Archive regions: 2->2
[2024-02-05T00:23:34.616+0000][7][gc,heap     ] GC(33) Humongous regions: 0->0
[2024-02-05T00:23:34.616+0000][7][gc,metaspace] GC(33) Metaspace: 125443K(128896K)->125443K(128896K) NonClass: 109030K(110848K)->109030K(110848K) Class: 16412K(18048K)->16412K(18048K)
[2024-02-05T00:23:34.617+0000][7][gc          ] GC(33) Pause Young (Normal) (G1 Evacuation Pause) 700M->92M(1024M) 5.919ms
[2024-02-05T00:23:34.617+0000][7][gc,cpu      ] GC(33) User=0.02s Sys=0.00s Real=0.00s
[2024-02-05T00:23:34.617+0000][7][safepoint   ] Safepoint "G1CollectForAllocation", Time since last: 26956284160 ns, Reaching safepoint: 60406 ns, At safepoint: 6071402 ns, Total: 6131808 ns
[2024-02-05T00:23:41.618+0000][7][safepoint   ] Safepoint "Cleanup", Time since last: 7001037594 ns, Reaching safepoint: 203795 ns, At safepoint: 23514 ns, Total: 227309 ns
[2024-02-05T00:24:04.620+0000][7][safepoint   ] Safepoint "Cleanup", Time since last: 23002447268 ns, Reaching safepoint: 75623 ns, At safepoint: 7503 ns, Total: 83126 ns
[2024-02-05T00:24:05.621+0000][7][safepoint   ] Safepoint "Cleanup", Time since last: 1000125575 ns, Reaching safepoint: 64534 ns, At safepoint: 7295 ns, Total: 71829 ns
[2024-02-05T00:24:07.621+0000][7][safepoint   ] Safepoint "Cleanup", Time since last: 2000248632 ns, Reaching safepoint: 107964 ns, At safepoint: 6245 ns, Total: 114209 ns
[2024-02-05T00:24:13.622+0000][7][safepoint   ] Safepoint "Cleanup", Time since last: 6000681437 ns, Reaching safepoint: 72898 ns, At safepoint: 4649 ns, Total: 77547 ns
[2024-02-05T00:24:23.623+0000][7][safepoint   ] Safepoint "Cleanup", Time since last: 10000962840 ns, Reaching safepoint: 114155 ns, At safepoint: 9633 ns, Total: 123788 ns
[2024-02-05T00:24:53.626+0000][7][safepoint   ] Safepoint "Cleanup", Time since last: 30002853462 ns, Reaching safepoint: 116742 ns, At safepoint: 8660 ns, Total: 125402 ns
[2024-02-05T00:24:58.627+0000][7][safepoint   ] Safepoint "Cleanup", Time since last: 5000672974 ns, Reaching safepoint: 74300 ns, At safepoint: 8883 ns, Total: 83183 ns
[2024-02-05T00:25:07.628+0000][7][safepoint   ] Safepoint "Cleanup", Time since last: 9001200903 ns, Reaching safepoint: 93653 ns, At safepoint: 7903 ns, Total: 101556 ns
[2024-02-05T00:25:16.629+0000][7][safepoint   ] Safepoint "Cleanup", Time since last: 9000879394 ns, Reaching safepoint: 312125 ns, At safepoint: 41466 ns, Total: 353591 ns
[2024-02-05T00:26:07.635+0000][7][safepoint   ] Safepoint "Cleanup", Time since last: 51005537941 ns, Reaching safepoint: 107637 ns, At safepoint: 7115 ns, Total: 114752 ns
[2024-02-05T00:27:05.269+0000][7][gc,start    ] GC(34) Pause Young (Normal) (G1 Evacuation Pause)
[2024-02-05T00:27:05.269+0000][7][gc,task     ] GC(34) Using 8 workers of 8 for evacuation
[2024-02-05T00:27:05.269+0000][7][gc,age      ] GC(34) Desired survivor size 41943040 bytes, new threshold 15 (max threshold 15)
[2024-02-05T00:27:05.274+0000][7][gc,phases   ] GC(34)   Pre Evacuate Collection Set: 0.1ms
[2024-02-05T00:27:05.274+0000][7][gc,phases   ] GC(34)   Merge Heap Roots: 0.1ms
[2024-02-05T00:27:05.274+0000][7][gc,phases   ] GC(34)   Evacuate Collection Set: 3.1ms
[2024-02-05T00:27:05.274+0000][7][gc,phases   ] GC(34)   Post Evacuate Collection Set: 0.9ms
[2024-02-05T00:27:05.274+0000][7][gc,phases   ] GC(34)   Other: 0.1ms
[2024-02-05T00:27:05.274+0000][7][gc,age      ] GC(34) Age table with threshold 15 (max threshold 15)
[2024-02-05T00:27:05.274+0000][7][gc,age      ] GC(34) - age   1:     957936 bytes,     957936 total
[2024-02-05T00:27:05.274+0000][7][gc,age      ] GC(34) - age   2:       7280 bytes,     965216 total
[2024-02-05T00:27:05.274+0000][7][gc,age      ] GC(34) - age   3:     100208 bytes,    1065424 total
[2024-02-05T00:27:05.274+0000][7][gc,age      ] GC(34) - age   4:      20128 bytes,    1085552 total
[2024-02-05T00:27:05.274+0000][7][gc,age      ] GC(34) - age   5:     236712 bytes,    1322264 total
[2024-02-05T00:27:05.274+0000][7][gc,age      ] GC(34) - age   6:       2536 bytes,    1324800 total
[2024-02-05T00:27:05.274+0000][7][gc,age      ] GC(34) - age   7:       6600 bytes,    1331400 total
[2024-02-05T00:27:05.274+0000][7][gc,age      ] GC(34) - age   8:    1370680 bytes,    2702080 total
[2024-02-05T00:27:05.274+0000][7][gc,age      ] GC(34) - age   9:       1680 bytes,    2703760 total
[2024-02-05T00:27:05.274+0000][7][gc,age      ] GC(34) - age  10:       7080 bytes,    2710840 total
[2024-02-05T00:27:05.274+0000][7][gc,age      ] GC(34) - age  11:       8976 bytes,    2719816 total
[2024-02-05T00:27:05.274+0000][7][gc,age      ] GC(34) - age  12:       6472 bytes,    2726288 total
[2024-02-05T00:27:05.274+0000][7][gc,age      ] GC(34) - age  13:       2480 bytes,    2728768 total
[2024-02-05T00:27:05.274+0000][7][gc,age      ] GC(34) - age  14:       7488 bytes,    2736256 total
[2024-02-05T00:27:05.274+0000][7][gc,age      ] GC(34) - age  15:       8032 bytes,    2744288 total
[2024-02-05T00:27:05.274+0000][7][gc,heap     ] GC(34) Eden regions: 152->0(152)
[2024-02-05T00:27:05.274+0000][7][gc,heap     ] GC(34) Survivor regions: 1->1(20)
[2024-02-05T00:27:05.274+0000][7][gc,heap     ] GC(34) Old regions: 22->22
[2024-02-05T00:27:05.274+0000][7][gc,heap     ] GC(34) Archive regions: 2->2
[2024-02-05T00:27:05.274+0000][7][gc,heap     ] GC(34) Humongous regions: 0->0
[2024-02-05T00:27:05.274+0000][7][gc,metaspace] GC(34) Metaspace: 125517K(128960K)->125517K(128960K) NonClass: 109092K(110912K)->109092K(110912K) Class: 16424K(18048K)->16424K(18048K)
[2024-02-05T00:27:05.274+0000][7][gc          ] GC(34) Pause Young (Normal) (G1 Evacuation Pause) 700M->92M(1024M) 4.846ms
[2024-02-05T00:27:05.274+0000][7][gc,cpu      ] GC(34) User=0.02s Sys=0.00s Real=0.00s
[2024-02-05T00:27:05.274+0000][7][safepoint   ] Safepoint "G1CollectForAllocation", Time since last: 57634101002 ns, Reaching safepoint: 82215 ns, At safepoint: 4958322 ns, Total: 5040537 ns
[2024-02-05T00:27:08.274+0000][7][safepoint   ] Safepoint "Cleanup", Time since last: 3000258293 ns, Reaching safepoint: 106827 ns, At safepoint: 9195 ns, Total: 116022 ns
[2024-02-05T00:27:17.275+0000][7][safepoint   ] Safepoint "Cleanup", Time since last: 9000893881 ns, Reaching safepoint: 88400 ns, At safepoint: 26095 ns, Total: 114495 ns
[2024-02-05T00:27:24.276+0000][7][safepoint   ] Safepoint "Cleanup", Time since last: 7000648309 ns, Reaching safepoint: 110687 ns, At safepoint: 37678 ns, Total: 148365 ns
[2024-02-05T00:27:50.279+0000][7][safepoint   ] Safepoint "Cleanup", Time since last: 26002973775 ns, Reaching safepoint: 74493 ns, At safepoint: 6522 ns, Total: 81015 ns
[2024-02-05T00:28:05.281+0000][7][safepoint   ] Safepoint "Cleanup", Time since last: 15001381271 ns, Reaching safepoint: 116198 ns, At safepoint: 12106 ns, Total: 128304 ns
[2024-02-05T00:28:18.282+0000][7][safepoint   ] Safepoint "Cleanup", Time since last: 13001454039 ns, Reaching safepoint: 101433 ns, At safepoint: 8500 ns, Total: 109933 ns
[2024-02-05T00:28:29.284+0000][7][safepoint   ] Safepoint "Cleanup", Time since last: 11001244870 ns, Reaching safepoint: 59462 ns, At safepoint: 32791 ns, Total: 92253 ns
[2024-02-05T00:28:59.287+0000][7][safepoint   ] Safepoint "Cleanup", Time since last: 30003694945 ns, Reaching safepoint: 131512 ns, At safepoint: 6309 ns, Total: 137821 ns
[2024-02-05T00:29:11.289+0000][7][safepoint   ] Safepoint "Cleanup", Time since last: 12001259057 ns, Reaching safepoint: 99700 ns, At safepoint: 8199 ns, Total: 107899 ns
[2024-02-05T00:29:14.289+0000][7][safepoint   ] Safepoint "Cleanup", Time since last: 3000369282 ns, Reaching safepoint: 125501 ns, At safepoint: 10932 ns, Total: 136433 ns
[2024-02-05T00:29:23.291+0000][7][safepoint   ] Safepoint "Cleanup", Time since last: 9001185365 ns, Reaching safepoint: 59340 ns, At safepoint: 5716 ns, Total: 65056 ns
[2024-02-05T00:30:08.295+0000][7][safepoint   ] Safepoint "Cleanup", Time since last: 45004856502 ns, Reaching safepoint: 94538 ns, At safepoint: 7296 ns, Total: 101834 ns
[2024-02-05T00:30:11.296+0000][7][safepoint   ] Safepoint "Cleanup", Time since last: 3000281791 ns, Reaching safepoint: 61189 ns, At safepoint: 7561 ns, Total: 68750 ns
[2024-02-05T00:30:35.299+0000][7][safepoint   ] Safepoint "Cleanup", Time since last: 24003129684 ns, Reaching safepoint: 57489 ns, At safepoint: 8566 ns, Total: 66055 ns
[2024-02-05T00:30:36.299+0000][7][safepoint   ] Safepoint "Cleanup", Time since last: 1000275639 ns, Reaching safepoint: 62184 ns, At safepoint: 7355 ns, Total: 69539 ns
[2024-02-05T00:30:38.300+0000][7][safepoint   ] Safepoint "Cleanup", Time since last: 2000216592 ns, Reaching safepoint: 95073 ns, At safepoint: 5853 ns, Total: 100926 ns
[2024-02-05T00:30:40.631+0000][7][gc,start    ] GC(35) Pause Young (Normal) (G1 Evacuation Pause)
[2024-02-05T00:30:40.631+0000][7][gc,task     ] GC(35) Using 8 workers of 8 for evacuation
[2024-02-05T00:30:40.631+0000][7][gc,age      ] GC(35) Desired survivor size 41943040 bytes, new threshold 15 (max threshold 15)
[2024-02-05T00:30:40.635+0000][7][gc,phases   ] GC(35)   Pre Evacuate Collection Set: 0.1ms
[2024-02-05T00:30:40.635+0000][7][gc,phases   ] GC(35)   Merge Heap Roots: 0.1ms
[2024-02-05T00:30:40.635+0000][7][gc,phases   ] GC(35)   Evacuate Collection Set: 3.1ms
[2024-02-05T00:30:40.635+0000][7][gc,phases   ] GC(35)   Post Evacuate Collection Set: 1.0ms
[2024-02-05T00:30:40.635+0000][7][gc,phases   ] GC(35)   Other: 0.1ms
[2024-02-05T00:30:40.635+0000][7][gc,age      ] GC(35) Age table with threshold 15 (max threshold 15)
[2024-02-05T00:30:40.635+0000][7][gc,age      ] GC(35) - age   1:     668896 bytes,     668896 total
[2024-02-05T00:30:40.635+0000][7][gc,age      ] GC(35) - age   2:      56128 bytes,     725024 total
[2024-02-05T00:30:40.635+0000][7][gc,age      ] GC(35) - age   3:       5384 bytes,     730408 total
[2024-02-05T00:30:40.635+0000][7][gc,age      ] GC(35) - age   4:     100184 bytes,     830592 total
[2024-02-05T00:30:40.635+0000][7][gc,age      ] GC(35) - age   5:      19944 bytes,     850536 total
[2024-02-05T00:30:40.635+0000][7][gc,age      ] GC(35) - age   6:     228312 bytes,    1078848 total
[2024-02-05T00:30:40.635+0000][7][gc,age      ] GC(35) - age   7:       2536 bytes,    1081384 total
[2024-02-05T00:30:40.635+0000][7][gc,age      ] GC(35) - age   8:       6600 bytes,    1087984 total
[2024-02-05T00:30:40.635+0000][7][gc,age      ] GC(35) - age   9:    1326552 bytes,    2414536 total
[2024-02-05T00:30:40.635+0000][7][gc,age      ] GC(35) - age  10:       1680 bytes,    2416216 total
[2024-02-05T00:30:40.635+0000][7][gc,age      ] GC(35) - age  11:       7080 bytes,    2423296 total
[2024-02-05T00:30:40.635+0000][7][gc,age      ] GC(35) - age  12:       8976 bytes,    2432272 total
[2024-02-05T00:30:40.635+0000][7][gc,age      ] GC(35) - age  13:       6472 bytes,    2438744 total
[2024-02-05T00:30:40.635+0000][7][gc,age      ] GC(35) - age  14:       2480 bytes,    2441224 total
[2024-02-05T00:30:40.636+0000][7][gc,age      ] GC(35) - age  15:       7488 bytes,    2448712 total
[2024-02-05T00:30:40.636+0000][7][gc,heap     ] GC(35) Eden regions: 152->0(152)
[2024-02-05T00:30:40.636+0000][7][gc,heap     ] GC(35) Survivor regions: 1->1(20)
[2024-02-05T00:30:40.636+0000][7][gc,heap     ] GC(35) Old regions: 22->22
[2024-02-05T00:30:40.636+0000][7][gc,heap     ] GC(35) Archive regions: 2->2
[2024-02-05T00:30:40.636+0000][7][gc,heap     ] GC(35) Humongous regions: 0->0
[2024-02-05T00:30:40.636+0000][7][gc,metaspace] GC(35) Metaspace: 125540K(129024K)->125540K(129024K) NonClass: 109115K(110976K)->109115K(110976K) Class: 16424K(18048K)->16424K(18048K)
[2024-02-05T00:30:40.636+0000][7][gc          ] GC(35) Pause Young (Normal) (G1 Evacuation Pause) 700M->91M(1024M) 4.757ms
[2024-02-05T00:30:40.636+0000][7][gc,cpu      ] GC(35) User=0.01s Sys=0.01s Real=0.00s
[2024-02-05T00:30:40.636+0000][7][safepoint   ] Safepoint "G1CollectForAllocation", Time since last: 2331035158 ns, Reaching safepoint: 65982 ns, At safepoint: 4850230 ns, Total: 4916212 ns
[2024-02-05T00:30:59.638+0000][7][safepoint   ] Safepoint "Cleanup", Time since last: 19001895281 ns, Reaching safepoint: 88979 ns, At safepoint: 8544 ns, Total: 97523 ns
[2024-02-05T00:31:07.638+0000][7][safepoint   ] Safepoint "Cleanup", Time since last: 8000774420 ns, Reaching safepoint: 71036 ns, At safepoint: 5432 ns, Total: 76468 ns
[2024-02-05T00:31:53.643+0000][7][safepoint   ] Safepoint "Cleanup", Time since last: 46004591953 ns, Reaching safepoint: 76649 ns, At safepoint: 6866 ns, Total: 83515 ns
[2024-02-05T00:32:07.645+0000][7][safepoint   ] Safepoint "Cleanup", Time since last: 14001253753 ns, Reaching safepoint: 92805 ns, At safepoint: 5608 ns, Total: 98413 ns
[2024-02-05T00:32:10.645+0000][7][safepoint   ] Safepoint "Cleanup", Time since last: 3000282876 ns, Reaching safepoint: 76014 ns, At safepoint: 8186 ns, Total: 84200 ns
[2024-02-05T00:32:34.647+0000][7][safepoint   ] Safepoint "Cleanup", Time since last: 24002216525 ns, Reaching safepoint: 68443 ns, At safepoint: 9481 ns, Total: 77924 ns
[2024-02-05T00:32:58.649+0000][7][safepoint   ] Safepoint "Cleanup", Time since last: 24002166828 ns, Reaching safepoint: 78995 ns, At safepoint: 11684 ns, Total: 90679 ns
[2024-02-05T00:33:07.651+0000][7][safepoint   ] Safepoint "Cleanup", Time since last: 9001387883 ns, Reaching safepoint: 106237 ns, At safepoint: 12050 ns, Total: 118287 ns
[2024-02-05T00:33:29.653+0000][7][safepoint   ] Safepoint "Cleanup", Time since last: 22001977898 ns, Reaching safepoint: 106903 ns, At safepoint: 6904 ns, Total: 113807 ns
[2024-02-05T00:33:49.655+0000][7][safepoint   ] Safepoint "Cleanup", Time since last: 20002324339 ns, Reaching safepoint: 77936 ns, At safepoint: 4857 ns, Total: 82793 ns
[2024-02-05T00:33:53.656+0000][7][safepoint   ] Safepoint "Cleanup", Time since last: 4000364396 ns, Reaching safepoint: 98186 ns, At safepoint: 9832 ns, Total: 108018 ns
[2024-02-05T00:34:16.647+0000][7][gc,start    ] GC(36) Pause Young (Normal) (G1 Evacuation Pause)
[2024-02-05T00:34:16.647+0000][7][gc,task     ] GC(36) Using 8 workers of 8 for evacuation
[2024-02-05T00:34:16.647+0000][7][gc,age      ] GC(36) Desired survivor size 41943040 bytes, new threshold 15 (max threshold 15)
[2024-02-05T00:34:16.652+0000][7][gc,phases   ] GC(36)   Pre Evacuate Collection Set: 0.1ms
[2024-02-05T00:34:16.652+0000][7][gc,phases   ] GC(36)   Merge Heap Roots: 0.1ms
[2024-02-05T00:34:16.652+0000][7][gc,phases   ] GC(36)   Evacuate Collection Set: 3.2ms
[2024-02-05T00:34:16.652+0000][7][gc,phases   ] GC(36)   Post Evacuate Collection Set: 1.0ms
[2024-02-05T00:34:16.652+0000][7][gc,phases   ] GC(36)   Other: 0.1ms
[2024-02-05T00:34:16.652+0000][7][gc,age      ] GC(36) Age table with threshold 15 (max threshold 15)
[2024-02-05T00:34:16.652+0000][7][gc,age      ] GC(36) - age   1:    1282920 bytes,    1282920 total
[2024-02-05T00:34:16.652+0000][7][gc,age      ] GC(36) - age   2:       4048 bytes,    1286968 total
[2024-02-05T00:34:16.652+0000][7][gc,age      ] GC(36) - age   3:      54088 bytes,    1341056 total
[2024-02-05T00:34:16.652+0000][7][gc,age      ] GC(36) - age   4:       1472 bytes,    1342528 total
[2024-02-05T00:34:16.652+0000][7][gc,age      ] GC(36) - age   5:     100120 bytes,    1442648 total
[2024-02-05T00:34:16.652+0000][7][gc,age      ] GC(36) - age   6:      19944 bytes,    1462592 total
[2024-02-05T00:34:16.652+0000][7][gc,age      ] GC(36) - age   7:     228280 bytes,    1690872 total
[2024-02-05T00:34:16.652+0000][7][gc,age      ] GC(36) - age   8:       2536 bytes,    1693408 total
[2024-02-05T00:34:16.652+0000][7][gc,age      ] GC(36) - age   9:       6600 bytes,    1700008 total
[2024-02-05T00:34:16.652+0000][7][gc,age      ] GC(36) - age  10:    1318536 bytes,    3018544 total
[2024-02-05T00:34:16.652+0000][7][gc,age      ] GC(36) - age  11:       1680 bytes,    3020224 total
[2024-02-05T00:34:16.652+0000][7][gc,age      ] GC(36) - age  12:       7080 bytes,    3027304 total
[2024-02-05T00:34:16.652+0000][7][gc,age      ] GC(36) - age  13:       8976 bytes,    3036280 total
[2024-02-05T00:34:16.652+0000][7][gc,age      ] GC(36) - age  14:       6472 bytes,    3042752 total
[2024-02-05T00:34:16.652+0000][7][gc,age      ] GC(36) - age  15:       2480 bytes,    3045232 total
[2024-02-05T00:34:16.652+0000][7][gc,heap     ] GC(36) Eden regions: 152->0(152)
[2024-02-05T00:34:16.652+0000][7][gc,heap     ] GC(36) Survivor regions: 1->1(20)
[2024-02-05T00:34:16.652+0000][7][gc,heap     ] GC(36) Old regions: 22->22
[2024-02-05T00:34:16.652+0000][7][gc,heap     ] GC(36) Archive regions: 2->2
[2024-02-05T00:34:16.652+0000][7][gc,heap     ] GC(36) Humongous regions: 0->0
[2024-02-05T00:34:16.652+0000][7][gc,metaspace] GC(36) Metaspace: 125551K(129024K)->125551K(129024K) NonClass: 109126K(110976K)->109126K(110976K) Class: 16424K(18048K)->16424K(18048K)
[2024-02-05T00:34:16.652+0000][7][gc          ] GC(36) Pause Young (Normal) (G1 Evacuation Pause) 699M->92M(1024M) 4.846ms
[2024-02-05T00:34:16.652+0000][7][gc,cpu      ] GC(36) User=0.03s Sys=0.00s Real=0.01s
[2024-02-05T00:34:16.652+0000][7][safepoint   ] Safepoint "G1CollectForAllocation", Time since last: 22990959129 ns, Reaching safepoint: 45175 ns, At safepoint: 4941519 ns, Total: 4986694 ns
[2024-02-05T00:34:17.652+0000][7][safepoint   ] Safepoint "Cleanup", Time since last: 1000108405 ns, Reaching safepoint: 54741 ns, At safepoint: 4944 ns, Total: 59685 ns
[2024-02-05T00:34:22.653+0000][7][safepoint   ] Safepoint "Cleanup", Time since last: 5000450831 ns, Reaching safepoint: 76553 ns, At safepoint: 6934 ns, Total: 83487 ns
[2024-02-05T00:34:23.653+0000][7][safepoint   ] Safepoint "Cleanup", Time since last: 1000158328 ns, Reaching safepoint: 69137 ns, At safepoint: 7801 ns, Total: 76938 ns
[2024-02-05T00:34:28.654+0000][7][safepoint   ] Safepoint "Cleanup", Time since last: 5000653422 ns, Reaching safepoint: 91426 ns, At safepoint: 5616 ns, Total: 97042 ns
[2024-02-05T00:34:29.654+0000][7][safepoint   ] Safepoint "Cleanup", Time since last: 1000129523 ns, Reaching safepoint: 57814 ns, At safepoint: 5869 ns, Total: 63683 ns
[2024-02-05T00:35:07.658+0000][7][safepoint   ] Safepoint "Cleanup", Time since last: 38004065079 ns, Reaching safepoint: 132181 ns, At safepoint: 23156 ns, Total: 155337 ns
[2024-02-05T00:35:41.661+0000][7][safepoint   ] Safepoint "Cleanup", Time since last: 34002975587 ns, Reaching safepoint: 72029 ns, At safepoint: 5231 ns, Total: 77260 ns
[2024-02-05T00:35:42.661+0000][7][safepoint   ] Safepoint "Cleanup", Time since last: 1000211592 ns, Reaching safepoint: 66103 ns, At safepoint: 12844 ns, Total: 78947 ns
[2024-02-05T00:35:46.662+0000][7][safepoint   ] Safepoint "Cleanup", Time since last: 4000483842 ns, Reaching safepoint: 104855 ns, At safepoint: 6015 ns, Total: 110870 ns
[2024-02-05T00:35:47.662+0000][7][safepoint   ] Safepoint "Cleanup", Time since last: 1000136666 ns, Reaching safepoint: 72322 ns, At safepoint: 5447 ns, Total: 77769 ns
[2024-02-05T00:36:05.664+0000][7][safepoint   ] Safepoint "Cleanup", Time since last: 18001848410 ns, Reaching safepoint: 101852 ns, At safepoint: 7353 ns, Total: 109205 ns
[2024-02-05T00:36:10.665+0000][7][safepoint   ] Safepoint "Cleanup", Time since last: 5000632466 ns, Reaching safepoint: 129526 ns, At safepoint: 12217 ns, Total: 141743 ns
[2024-02-05T00:36:11.665+0000][7][safepoint   ] Safepoint "Cleanup", Time since last: 1000236450 ns, Reaching safepoint: 136071 ns, At safepoint: 10917 ns, Total: 146988 ns
[2024-02-05T00:36:19.666+0000][7][safepoint   ] Safepoint "Cleanup", Time since last: 8000736512 ns, Reaching safepoint: 81824 ns, At safepoint: 7072 ns, Total: 88896 ns
[2024-02-05T00:36:23.667+0000][7][safepoint   ] Safepoint "Cleanup", Time since last: 4000416656 ns, Reaching safepoint: 130780 ns, At safepoint: 10519 ns, Total: 141299 ns
[2024-02-05T00:36:38.673+0000][7][safepoint   ] Safepoint "Cleanup", Time since last: 15006493295 ns, Reaching safepoint: 109241 ns, At safepoint: 10765 ns, Total: 120006 ns
[2024-02-05T00:37:07.677+0000][7][safepoint   ] Safepoint "Cleanup", Time since last: 29003326248 ns, Reaching safepoint: 110323 ns, At safepoint: 11227 ns, Total: 121550 ns
[2024-02-05T00:37:28.679+0000][7][safepoint   ] Safepoint "Cleanup", Time since last: 21002540556 ns, Reaching safepoint: 65309 ns, At safepoint: 5898 ns, Total: 71207 ns
[2024-02-05T00:37:49.654+0000][7][gc,start    ] GC(37) Pause Young (Normal) (G1 Evacuation Pause)
[2024-02-05T00:37:49.654+0000][7][gc,task     ] GC(37) Using 8 workers of 8 for evacuation
[2024-02-05T00:37:49.654+0000][7][gc,age      ] GC(37) Desired survivor size 41943040 bytes, new threshold 15 (max threshold 15)
[2024-02-05T00:37:49.659+0000][7][gc,phases   ] GC(37)   Pre Evacuate Collection Set: 0.1ms
[2024-02-05T00:37:49.659+0000][7][gc,phases   ] GC(37)   Merge Heap Roots: 0.1ms
[2024-02-05T00:37:49.659+0000][7][gc,phases   ] GC(37)   Evacuate Collection Set: 3.7ms
[2024-02-05T00:37:49.659+0000][7][gc,phases   ] GC(37)   Post Evacuate Collection Set: 0.8ms
[2024-02-05T00:37:49.659+0000][7][gc,phases   ] GC(37)   Other: 0.1ms
[2024-02-05T00:37:49.659+0000][7][gc,age      ] GC(37) Age table with threshold 15 (max threshold 15)
[2024-02-05T00:37:49.659+0000][7][gc,age      ] GC(37) - age   1:     790448 bytes,     790448 total
[2024-02-05T00:37:49.659+0000][7][gc,age      ] GC(37) - age   2:       7360 bytes,     797808 total
[2024-02-05T00:37:49.659+0000][7][gc,age      ] GC(37) - age   3:       3128 bytes,     800936 total
[2024-02-05T00:37:49.659+0000][7][gc,age      ] GC(37) - age   4:      53840 bytes,     854776 total
[2024-02-05T00:37:49.659+0000][7][gc,age      ] GC(37) - age   5:       1472 bytes,     856248 total
[2024-02-05T00:37:49.659+0000][7][gc,age      ] GC(37) - age   6:     100120 bytes,     956368 total
[2024-02-05T00:37:49.659+0000][7][gc,age      ] GC(37) - age   7:      19848 bytes,     976216 total
[2024-02-05T00:37:49.659+0000][7][gc,age      ] GC(37) - age   8:     228280 bytes,    1204496 total
[2024-02-05T00:37:49.659+0000][7][gc,age      ] GC(37) - age   9:       2536 bytes,    1207032 total
[2024-02-05T00:37:49.659+0000][7][gc,age      ] GC(37) - age  10:       6600 bytes,    1213632 total
[2024-02-05T00:37:49.659+0000][7][gc,age      ] GC(37) - age  11:    1318536 bytes,    2532168 total
[2024-02-05T00:37:49.659+0000][7][gc,age      ] GC(37) - age  12:       1680 bytes,    2533848 total
[2024-02-05T00:37:49.659+0000][7][gc,age      ] GC(37) - age  13:       7080 bytes,    2540928 total
[2024-02-05T00:37:49.659+0000][7][gc,age      ] GC(37) - age  14:       8976 bytes,    2549904 total
[2024-02-05T00:37:49.659+0000][7][gc,age      ] GC(37) - age  15:       6472 bytes,    2556376 total
[2024-02-05T00:37:49.659+0000][7][gc,heap     ] GC(37) Eden regions: 152->0(152)
[2024-02-05T00:37:49.659+0000][7][gc,heap     ] GC(37) Survivor regions: 1->1(20)
[2024-02-05T00:37:49.659+0000][7][gc,heap     ] GC(37) Old regions: 22->22
[2024-02-05T00:37:49.659+0000][7][gc,heap     ] GC(37) Archive regions: 2->2
[2024-02-05T00:37:49.659+0000][7][gc,heap     ] GC(37) Humongous regions: 0->0
[2024-02-05T00:37:49.659+0000][7][gc,metaspace] GC(37) Metaspace: 125578K(129024K)->125578K(129024K) NonClass: 109152K(110976K)->109152K(110976K) Class: 16425K(18048K)->16425K(18048K)
[2024-02-05T00:37:49.659+0000][7][gc          ] GC(37) Pause Young (Normal) (G1 Evacuation Pause) 700M->92M(1024M) 5.131ms
[2024-02-05T00:37:49.659+0000][7][gc,cpu      ] GC(37) User=0.02s Sys=0.00s Real=0.00s
[2024-02-05T00:37:49.659+0000][7][safepoint   ] Safepoint "G1CollectForAllocation", Time since last: 20974397603 ns, Reaching safepoint: 55783 ns, At safepoint: 5228062 ns, Total: 5283845 ns
[2024-02-05T00:38:11.661+0000][7][safepoint   ] Safepoint "Cleanup", Time since last: 22002007728 ns, Reaching safepoint: 97248 ns, At safepoint: 5837 ns, Total: 103085 ns
[2024-02-05T00:38:23.665+0000][7][safepoint   ] Safepoint "Cleanup", Time since last: 12003119072 ns, Reaching safepoint: 334081 ns, At safepoint: 5851 ns, Total: 339932 ns
[2024-02-05T00:38:28.665+0000][7][safepoint   ] Safepoint "Cleanup", Time since last: 5000515261 ns, Reaching safepoint: 110852 ns, At safepoint: 17630 ns, Total: 128482 ns
[2024-02-05T00:38:35.666+0000][7][safepoint   ] Safepoint "Cleanup", Time since last: 7000604771 ns, Reaching safepoint: 119801 ns, At safepoint: 23840 ns, Total: 143641 ns
[2024-02-05T00:38:59.669+0000][7][safepoint   ] Safepoint "Cleanup", Time since last: 24002752048 ns, Reaching safepoint: 72927 ns, At safepoint: 5525 ns, Total: 78452 ns
[2024-02-05T00:39:07.670+0000][7][safepoint   ] Safepoint "Cleanup", Time since last: 8000995821 ns, Reaching safepoint: 105777 ns, At safepoint: 7353 ns, Total: 113130 ns
[2024-02-05T00:39:47.675+0000][7][safepoint   ] Safepoint "Cleanup", Time since last: 40005379628 ns, Reaching safepoint: 92518 ns, At safepoint: 8158 ns, Total: 100676 ns
[2024-02-05T00:40:16.059+0000][7][safepoint   ] Safepoint "Cleanup", Time since last: 20214059792 ns, Reaching safepoint: 106265 ns, At safepoint: 7206 ns, Total: 113471 ns
[2024-02-05T00:40:33.061+0000][7][safepoint   ] Safepoint "Cleanup", Time since last: 17002320389 ns, Reaching safepoint: 89431 ns, At safepoint: 9528 ns, Total: 98959 ns
[2024-02-05T21:54:15.599+0000][7][safepoint   ] Safepoint "Cleanup", Time since last: 5491820788 ns, Reaching safepoint: 50942 ns, At safepoint: 4241 ns, Total: 55183 ns
[2024-02-05T21:54:16.599+0000][7][safepoint   ] Safepoint "Cleanup", Time since last: 1000119649 ns, Reaching safepoint: 44857 ns, At safepoint: 4461 ns, Total: 49318 ns
[2024-02-05T21:54:17.710+0000][7][safepoint   ] Safepoint "Cleanup", Time since last: 1111200335 ns, Reaching safepoint: 50712 ns, At safepoint: 3802 ns, Total: 54514 ns
[2024-02-05T21:54:18.710+0000][7][safepoint   ] Safepoint "Cleanup", Time since last: 1000141272 ns, Reaching safepoint: 171527 ns, At safepoint: 8985 ns, Total: 180512 ns
[2024-02-05T21:54:19.710+0000][7][safepoint   ] Safepoint "Cleanup", Time since last: 1000108698 ns, Reaching safepoint: 60389 ns, At safepoint: 5574 ns, Total: 65963 ns
[2024-02-05T21:54:20.711+0000][7][safepoint   ] Safepoint "Cleanup", Time since last: 1000140569 ns, Reaching safepoint: 51715 ns, At safepoint: 4755 ns, Total: 56470 ns
[2024-02-05T21:54:21.711+0000][7][safepoint   ] Safepoint "Cleanup", Time since last: 1000131505 ns, Reaching safepoint: 48556 ns, At safepoint: 3951 ns, Total: 52507 ns
[2024-02-05T21:54:26.712+0000][7][safepoint   ] Safepoint "Cleanup", Time since last: 5000628423 ns, Reaching safepoint: 73450 ns, At safepoint: 4848 ns, Total: 78298 ns
[2024-02-05T21:54:35.713+0000][7][safepoint   ] Safepoint "Cleanup", Time since last: 9001140963 ns, Reaching safepoint: 70407 ns, At safepoint: 12658 ns, Total: 83065 ns
[2024-02-05T21:54:39.713+0000][7][safepoint   ] Safepoint "Cleanup", Time since last: 4000577897 ns, Reaching safepoint: 54233 ns, At safepoint: 11931 ns, Total: 66164 ns
[2024-02-05T21:54:44.714+0000][7][safepoint   ] Safepoint "Cleanup", Time since last: 5000764789 ns, Reaching safepoint: 72411 ns, At safepoint: 8311 ns, Total: 80722 ns
[2024-02-05T21:54:45.715+0000][7][safepoint   ] Safepoint "Cleanup", Time since last: 1000200121 ns, Reaching safepoint: 60963 ns, At safepoint: 7640 ns, Total: 68603 ns
[2024-02-05T21:54:50.715+0000][7][safepoint   ] Safepoint "Cleanup", Time since last: 5000421160 ns, Reaching safepoint: 155403 ns, At safepoint: 16309 ns, Total: 171712 ns
[2024-02-05T21:54:52.715+0000][7][safepoint   ] Safepoint "Cleanup", Time since last: 2000285392 ns, Reaching safepoint: 64102 ns, At safepoint: 6382 ns, Total: 70484 ns
[2024-02-05T21:54:53.716+0000][7][safepoint   ] Safepoint "Cleanup", Time since last: 1000141242 ns, Reaching safepoint: 88754 ns, At safepoint: 5859 ns, Total: 94613 ns
[2024-02-05T21:54:56.628+0000][7][gc,start    ] GC(38) Pause Young (Normal) (G1 Evacuation Pause)
[2024-02-05T21:54:56.628+0000][7][gc,task     ] GC(38) Using 8 workers of 8 for evacuation
[2024-02-05T21:54:56.628+0000][7][gc,age      ] GC(38) Desired survivor size 41943040 bytes, new threshold 15 (max threshold 15)
[2024-02-05T21:54:56.631+0000][7][gc,phases   ] GC(38)   Pre Evacuate Collection Set: 0.1ms
[2024-02-05T21:54:56.631+0000][7][gc,phases   ] GC(38)   Merge Heap Roots: 0.1ms
[2024-02-05T21:54:56.631+0000][7][gc,phases   ] GC(38)   Evacuate Collection Set: 2.1ms
[2024-02-05T21:54:56.631+0000][7][gc,phases   ] GC(38)   Post Evacuate Collection Set: 0.6ms
[2024-02-05T21:54:56.631+0000][7][gc,phases   ] GC(38)   Other: 0.1ms
[2024-02-05T21:54:56.631+0000][7][gc,age      ] GC(38) Age table with threshold 15 (max threshold 15)
[2024-02-05T21:54:56.631+0000][7][gc,age      ] GC(38) - age   1:    1728928 bytes,    1728928 total
[2024-02-05T21:54:56.631+0000][7][gc,age      ] GC(38) - age   2:       3480 bytes,    1732408 total
[2024-02-05T21:54:56.631+0000][7][gc,age      ] GC(38) - age   3:       2088 bytes,    1734496 total
[2024-02-05T21:54:56.631+0000][7][gc,age      ] GC(38) - age   4:       3128 bytes,    1737624 total
[2024-02-05T21:54:56.631+0000][7][gc,age      ] GC(38) - age   5:      48960 bytes,    1786584 total
[2024-02-05T21:54:56.631+0000][7][gc,age      ] GC(38) - age   6:       1336 bytes,    1787920 total
[2024-02-05T21:54:56.631+0000][7][gc,age      ] GC(38) - age   7:      32504 bytes,    1820424 total
[2024-02-05T21:54:56.631+0000][7][gc,age      ] GC(38) - age   8:      19848 bytes,    1840272 total
[2024-02-05T21:54:56.631+0000][7][gc,age      ] GC(38) - age   9:     224256 bytes,    2064528 total
[2024-02-05T21:54:56.631+0000][7][gc,age      ] GC(38) - age  10:       2536 bytes,    2067064 total
[2024-02-05T21:54:56.631+0000][7][gc,age      ] GC(38) - age  11:       6600 bytes,    2073664 total
[2024-02-05T21:54:56.631+0000][7][gc,age      ] GC(38) - age  12:    1128824 bytes,    3202488 total
[2024-02-05T21:54:56.631+0000][7][gc,age      ] GC(38) - age  13:       1680 bytes,    3204168 total
[2024-02-05T21:54:56.631+0000][7][gc,age      ] GC(38) - age  14:       7080 bytes,    3211248 total
[2024-02-05T21:54:56.631+0000][7][gc,age      ] GC(38) - age  15:       8976 bytes,    3220224 total
[2024-02-05T21:54:56.631+0000][7][gc,heap     ] GC(38) Eden regions: 152->0(152)
[2024-02-05T21:54:56.631+0000][7][gc,heap     ] GC(38) Survivor regions: 1->1(20)
[2024-02-05T21:54:56.631+0000][7][gc,heap     ] GC(38) Old regions: 22->22
[2024-02-05T21:54:56.631+0000][7][gc,heap     ] GC(38) Archive regions: 2->2
[2024-02-05T21:54:56.631+0000][7][gc,heap     ] GC(38) Humongous regions: 0->0
[2024-02-05T21:54:56.631+0000][7][gc,metaspace] GC(38) Metaspace: 125777K(129216K)->125777K(129216K) NonClass: 109321K(111168K)->109321K(111168K) Class: 16455K(18048K)->16455K(18048K)
[2024-02-05T21:54:56.632+0000][7][gc          ] GC(38) Pause Young (Normal) (G1 Evacuation Pause) 700M->92M(1024M) 3.097ms
[2024-02-05T21:54:56.632+0000][7][gc,cpu      ] GC(38) User=0.02s Sys=0.00s Real=0.00s
[2024-02-05T21:54:56.632+0000][7][safepoint   ] Safepoint "G1CollectForAllocation", Time since last: 2912568797 ns, Reaching safepoint: 100663 ns, At safepoint: 3178096 ns, Total: 3278759 ns
[2024-02-05T21:55:02.633+0000][7][safepoint   ] Safepoint "Cleanup", Time since last: 6000953813 ns, Reaching safepoint: 67354 ns, At safepoint: 8944 ns, Total: 76298 ns
[2024-02-05T21:55:03.633+0000][7][safepoint   ] Safepoint "Cleanup", Time since last: 1000173794 ns, Reaching safepoint: 61605 ns, At safepoint: 11627 ns, Total: 73232 ns
[2024-02-05T21:55:09.634+0000][7][safepoint   ] Safepoint "Cleanup", Time since last: 6000908753 ns, Reaching safepoint: 80796 ns, At safepoint: 5844 ns, Total: 86640 ns
[2024-02-05T21:55:10.634+0000][7][safepoint   ] Safepoint "Cleanup", Time since last: 1000197901 ns, Reaching safepoint: 49934 ns, At safepoint: 5027 ns, Total: 54961 ns
[2024-02-05T21:55:30.636+0000][7][safepoint   ] Safepoint "Cleanup", Time since last: 20002309668 ns, Reaching safepoint: 99275 ns, At safepoint: 8127 ns, Total: 107402 ns
[2024-02-05T21:55:52.640+0000][7][safepoint   ] Safepoint "Cleanup", Time since last: 22003301369 ns, Reaching safepoint: 69035 ns, At safepoint: 4076 ns, Total: 73111 ns
[2024-02-05T21:56:03.642+0000][7][safepoint   ] Safepoint "Cleanup", Time since last: 11001635609 ns, Reaching safepoint: 119361 ns, At safepoint: 9229 ns, Total: 128590 ns
[2024-02-05T21:56:21.644+0000][7][safepoint   ] Safepoint "Cleanup", Time since last: 18002260368 ns, Reaching safepoint: 132693 ns, At safepoint: 17264 ns, Total: 149957 ns
[2024-02-05T21:56:23.645+0000][7][safepoint   ] Safepoint "Cleanup", Time since last: 2000427923 ns, Reaching safepoint: 85057 ns, At safepoint: 16462 ns, Total: 101519 ns
[2024-02-05T21:56:30.646+0000][7][safepoint   ] Safepoint "Cleanup", Time since last: 7000984758 ns, Reaching safepoint: 109044 ns, At safepoint: 11245 ns, Total: 120289 ns
[2024-02-05T21:56:32.646+0000][7][safepoint   ] Safepoint "Cleanup", Time since last: 2000378481 ns, Reaching safepoint: 50083 ns, At safepoint: 7652 ns, Total: 57735 ns
[2024-02-05T21:56:52.650+0000][7][safepoint   ] Safepoint "Cleanup", Time since last: 20003328560 ns, Reaching safepoint: 133946 ns, At safepoint: 7762 ns, Total: 141708 ns
[2024-02-05T21:57:06.651+0000][7][safepoint   ] Safepoint "Cleanup", Time since last: 14001779526 ns, Reaching safepoint: 87436 ns, At safepoint: 46102 ns, Total: 133538 ns
[2024-02-05T21:57:15.653+0000][7][safepoint   ] Safepoint "Cleanup", Time since last: 9001394164 ns, Reaching safepoint: 135761 ns, At safepoint: 10855 ns, Total: 146616 ns
[2024-02-05T21:57:17.654+0000][7][safepoint   ] Safepoint "Cleanup", Time since last: 2000344745 ns, Reaching safepoint: 171466 ns, At safepoint: 11211 ns, Total: 182677 ns
[2024-02-05T21:57:36.656+0000][7][safepoint   ] Safepoint "Cleanup", Time since last: 19001968530 ns, Reaching safepoint: 140579 ns, At safepoint: 8115 ns, Total: 148694 ns
[2024-02-05T21:57:47.626+0000][7][gc,start    ] GC(39) Pause Young (Normal) (G1 Evacuation Pause)
[2024-02-05T21:57:47.626+0000][7][gc,task     ] GC(39) Using 8 workers of 8 for evacuation
[2024-02-05T21:57:47.626+0000][7][gc,age      ] GC(39) Desired survivor size 41943040 bytes, new threshold 15 (max threshold 15)
[2024-02-05T21:57:47.630+0000][7][gc,phases   ] GC(39)   Pre Evacuate Collection Set: 0.1ms
[2024-02-05T21:57:47.630+0000][7][gc,phases   ] GC(39)   Merge Heap Roots: 0.4ms
[2024-02-05T21:57:47.630+0000][7][gc,phases   ] GC(39)   Evacuate Collection Set: 3.0ms
[2024-02-05T21:57:47.630+0000][7][gc,phases   ] GC(39)   Post Evacuate Collection Set: 1.0ms
[2024-02-05T21:57:47.630+0000][7][gc,phases   ] GC(39)   Other: 0.1ms
[2024-02-05T21:57:47.630+0000][7][gc,age      ] GC(39) Age table with threshold 15 (max threshold 15)
[2024-02-05T21:57:47.630+0000][7][gc,age      ] GC(39) - age   1:     583256 bytes,     583256 total
[2024-02-05T21:57:47.630+0000][7][gc,age      ] GC(39) - age   2:     689408 bytes,    1272664 total
[2024-02-05T21:57:47.630+0000][7][gc,age      ] GC(39) - age   3:       2904 bytes,    1275568 total
[2024-02-05T21:57:47.630+0000][7][gc,age      ] GC(39) - age   4:       1840 bytes,    1277408 total
[2024-02-05T21:57:47.630+0000][7][gc,age      ] GC(39) - age   5:       3128 bytes,    1280536 total
[2024-02-05T21:57:47.630+0000][7][gc,age      ] GC(39) - age   6:      48632 bytes,    1329168 total
[2024-02-05T21:57:47.630+0000][7][gc,age      ] GC(39) - age   7:       1336 bytes,    1330504 total
[2024-02-05T21:57:47.630+0000][7][gc,age      ] GC(39) - age   8:      32248 bytes,    1362752 total
[2024-02-05T21:57:47.630+0000][7][gc,age      ] GC(39) - age   9:      19848 bytes,    1382600 total
[2024-02-05T21:57:47.631+0000][7][gc,age      ] GC(39) - age  10:     224256 bytes,    1606856 total
[2024-02-05T21:57:47.631+0000][7][gc,age      ] GC(39) - age  11:       2536 bytes,    1609392 total
[2024-02-05T21:57:47.631+0000][7][gc,age      ] GC(39) - age  12:       6600 bytes,    1615992 total
[2024-02-05T21:57:47.631+0000][7][gc,age      ] GC(39) - age  13:    1128824 bytes,    2744816 total
[2024-02-05T21:57:47.631+0000][7][gc,age      ] GC(39) - age  14:       1680 bytes,    2746496 total
[2024-02-05T21:57:47.631+0000][7][gc,age      ] GC(39) - age  15:       7080 bytes,    2753576 total
[2024-02-05T21:57:47.631+0000][7][gc,heap     ] GC(39) Eden regions: 152->0(152)
[2024-02-05T21:57:47.631+0000][7][gc,heap     ] GC(39) Survivor regions: 1->1(20)
[2024-02-05T21:57:47.631+0000][7][gc,heap     ] GC(39) Old regions: 22->22
[2024-02-05T21:57:47.631+0000][7][gc,heap     ] GC(39) Archive regions: 2->2
[2024-02-05T21:57:47.631+0000][7][gc,heap     ] GC(39) Humongous regions: 0->0
[2024-02-05T21:57:47.631+0000][7][gc,metaspace] GC(39) Metaspace: 125789K(129216K)->125789K(129216K) NonClass: 109333K(111168K)->109333K(111168K) Class: 16455K(18048K)->16455K(18048K)
[2024-02-05T21:57:47.631+0000][7][gc          ] GC(39) Pause Young (Normal) (G1 Evacuation Pause) 700M->92M(1024M) 5.009ms
[2024-02-05T21:57:47.631+0000][7][gc,cpu      ] GC(39) User=0.03s Sys=0.00s Real=0.00s
[2024-02-05T21:57:47.631+0000][7][safepoint   ] Safepoint "G1CollectForAllocation", Time since last: 10969843988 ns, Reaching safepoint: 48010 ns, At safepoint: 5120441 ns, Total: 5168451 ns
[2024-02-05T21:57:51.631+0000][7][safepoint   ] Safepoint "Cleanup", Time since last: 4000619396 ns, Reaching safepoint: 87898 ns, At safepoint: 9141 ns, Total: 97039 ns
[2024-02-05T21:57:52.632+0000][7][safepoint   ] Safepoint "Cleanup", Time since last: 1000231181 ns, Reaching safepoint: 110153 ns, At safepoint: 8675 ns, Total: 118828 ns
[2024-02-05T21:57:53.632+0000][7][safepoint   ] Safepoint "Cleanup", Time since last: 1000148398 ns, Reaching safepoint: 164405 ns, At safepoint: 17874 ns, Total: 182279 ns
[2024-02-05T21:57:54.632+0000][7][safepoint   ] Safepoint "Cleanup", Time since last: 1000230157 ns, Reaching safepoint: 79322 ns, At safepoint: 10972 ns, Total: 90294 ns
[2024-02-05T21:58:02.634+0000][7][safepoint   ] Safepoint "Cleanup", Time since last: 8001254694 ns, Reaching safepoint: 169075 ns, At safepoint: 33070 ns, Total: 202145 ns
[2024-02-05T21:58:03.634+0000][7][safepoint   ] Safepoint "Cleanup", Time since last: 1000254798 ns, Reaching safepoint: 80133 ns, At safepoint: 8819 ns, Total: 88952 ns
[2024-02-05T21:58:14.636+0000][7][safepoint   ] Safepoint "Cleanup", Time since last: 11001240736 ns, Reaching safepoint: 156556 ns, At safepoint: 13499 ns, Total: 170055 ns
[2024-02-05T21:58:18.636+0000][7][safepoint   ] Safepoint "Cleanup", Time since last: 4000625033 ns, Reaching safepoint: 76480 ns, At safepoint: 10637 ns, Total: 87117 ns
[2024-02-05T21:58:44.640+0000][7][safepoint   ] Safepoint "Cleanup", Time since last: 26003329093 ns, Reaching safepoint: 140865 ns, At safepoint: 9081 ns, Total: 149946 ns
[2024-02-05T21:59:20.644+0000][7][safepoint   ] Safepoint "Cleanup", Time since last: 36003933822 ns, Reaching safepoint: 106010 ns, At safepoint: 14369 ns, Total: 120379 ns
[2024-02-05T21:59:21.644+0000][7][safepoint   ] Safepoint "Cleanup", Time since last: 1000138275 ns, Reaching safepoint: 143201 ns, At safepoint: 23508 ns, Total: 166709 ns
[2024-02-05T21:59:52.647+0000][7][safepoint   ] Safepoint "Cleanup", Time since last: 31003169214 ns, Reaching safepoint: 85447 ns, At safepoint: 18915 ns, Total: 104362 ns
[2024-02-05T21:59:54.648+0000][7][safepoint   ] Safepoint "Cleanup", Time since last: 2000314959 ns, Reaching safepoint: 110231 ns, At safepoint: 7732 ns, Total: 117963 ns
[2024-02-05T22:00:01.649+0000][7][safepoint   ] Safepoint "Cleanup", Time since last: 7001031232 ns, Reaching safepoint: 123817 ns, At safepoint: 11200 ns, Total: 135017 ns
[2024-02-05T22:00:03.649+0000][7][safepoint   ] Safepoint "Cleanup", Time since last: 2000268919 ns, Reaching safepoint: 66916 ns, At safepoint: 4680 ns, Total: 71596 ns
[2024-02-05T22:00:44.656+0000][7][gc,start    ] GC(40) Pause Young (Normal) (G1 Evacuation Pause)
[2024-02-05T22:00:44.656+0000][7][gc,task     ] GC(40) Using 8 workers of 8 for evacuation
[2024-02-05T22:00:44.656+0000][7][gc,age      ] GC(40) Desired survivor size 41943040 bytes, new threshold 15 (max threshold 15)
[2024-02-05T22:00:44.661+0000][7][gc,phases   ] GC(40)   Pre Evacuate Collection Set: 0.1ms
[2024-02-05T22:00:44.661+0000][7][gc,phases   ] GC(40)   Merge Heap Roots: 0.1ms
[2024-02-05T22:00:44.661+0000][7][gc,phases   ] GC(40)   Evacuate Collection Set: 3.3ms
[2024-02-05T22:00:44.661+0000][7][gc,phases   ] GC(40)   Post Evacuate Collection Set: 1.3ms
[2024-02-05T22:00:44.661+0000][7][gc,phases   ] GC(40)   Other: 0.1ms
[2024-02-05T22:00:44.661+0000][7][gc,age      ] GC(40) Age table with threshold 15 (max threshold 15)
[2024-02-05T22:00:44.661+0000][7][gc,age      ] GC(40) - age   1:    1381488 bytes,    1381488 total
[2024-02-05T22:00:44.661+0000][7][gc,age      ] GC(40) - age   2:       3352 bytes,    1384840 total
[2024-02-05T22:00:44.661+0000][7][gc,age      ] GC(40) - age   3:     623016 bytes,    2007856 total
[2024-02-05T22:00:44.661+0000][7][gc,age      ] GC(40) - age   4:       2712 bytes,    2010568 total
[2024-02-05T22:00:44.661+0000][7][gc,age      ] GC(40) - age   5:       1840 bytes,    2012408 total
[2024-02-05T22:00:44.661+0000][7][gc,age      ] GC(40) - age   6:       3128 bytes,    2015536 total
[2024-02-05T22:00:44.661+0000][7][gc,age      ] GC(40) - age   7:      48632 bytes,    2064168 total
[2024-02-05T22:00:44.661+0000][7][gc,age      ] GC(40) - age   8:       1336 bytes,    2065504 total
[2024-02-05T22:00:44.661+0000][7][gc,age      ] GC(40) - age   9:      19248 bytes,    2084752 total
[2024-02-05T22:00:44.661+0000][7][gc,age      ] GC(40) - age  10:      19848 bytes,    2104600 total
[2024-02-05T22:00:44.661+0000][7][gc,age      ] GC(40) - age  11:     224256 bytes,    2328856 total
[2024-02-05T22:00:44.661+0000][7][gc,age      ] GC(40) - age  12:       2536 bytes,    2331392 total
[2024-02-05T22:00:44.661+0000][7][gc,age      ] GC(40) - age  13:       6600 bytes,    2337992 total
[2024-02-05T22:00:44.661+0000][7][gc,age      ] GC(40) - age  14:    1128824 bytes,    3466816 total
[2024-02-05T22:00:44.661+0000][7][gc,age      ] GC(40) - age  15:       1680 bytes,    3468496 total
[2024-02-05T22:00:44.661+0000][7][gc,heap     ] GC(40) Eden regions: 152->0(152)
[2024-02-05T22:00:44.661+0000][7][gc,heap     ] GC(40) Survivor regions: 1->1(20)
[2024-02-05T22:00:44.661+0000][7][gc,heap     ] GC(40) Old regions: 22->22
[2024-02-05T22:00:44.661+0000][7][gc,heap     ] GC(40) Archive regions: 2->2
[2024-02-05T22:00:44.662+0000][7][gc,heap     ] GC(40) Humongous regions: 0->0
[2024-02-05T22:00:44.662+0000][7][gc,metaspace] GC(40) Metaspace: 125813K(129216K)->125813K(129216K) NonClass: 109357K(111168K)->109357K(111168K) Class: 16455K(18048K)->16455K(18048K)
[2024-02-05T22:00:44.662+0000][7][gc          ] GC(40) Pause Young (Normal) (G1 Evacuation Pause) 700M->92M(1024M) 5.183ms
[2024-02-05T22:00:44.662+0000][7][gc,cpu      ] GC(40) User=0.03s Sys=0.00s Real=0.00s
[2024-02-05T22:00:44.662+0000][7][safepoint   ] Safepoint "G1CollectForAllocation", Time since last: 41006856872 ns, Reaching safepoint: 87604 ns, At safepoint: 5279129 ns, Total: 5366733 ns
[2024-02-05T22:00:52.663+0000][7][safepoint   ] Safepoint "Cleanup", Time since last: 8001037647 ns, Reaching safepoint: 130056 ns, At safepoint: 9198 ns, Total: 139254 ns
[2024-02-05T22:00:59.664+0000][7][safepoint   ] Safepoint "Cleanup", Time since last: 7000983486 ns, Reaching safepoint: 73039 ns, At safepoint: 9074 ns, Total: 82113 ns
[2024-02-05T22:01:02.664+0000][7][safepoint   ] Safepoint "Cleanup", Time since last: 3000454093 ns, Reaching safepoint: 156329 ns, At safepoint: 12580 ns, Total: 168909 ns
[2024-02-05T22:01:08.665+0000][7][safepoint   ] Safepoint "Cleanup", Time since last: 6000554628 ns, Reaching safepoint: 94549 ns, At safepoint: 12202 ns, Total: 106751 ns
[2024-02-05T22:01:14.666+0000][7][safepoint   ] Safepoint "Cleanup", Time since last: 6000615138 ns, Reaching safepoint: 89045 ns, At safepoint: 12478 ns, Total: 101523 ns
[2024-02-05T22:01:20.666+0000][7][safepoint   ] Safepoint "Cleanup", Time since last: 6000487868 ns, Reaching safepoint: 143306 ns, At safepoint: 11074 ns, Total: 154380 ns
[2024-02-05T22:01:21.667+0000][7][safepoint   ] Safepoint "Cleanup", Time since last: 1000113636 ns, Reaching safepoint: 136397 ns, At safepoint: 20126 ns, Total: 156523 ns
[2024-02-05T22:01:39.669+0000][7][safepoint   ] Safepoint "Cleanup", Time since last: 18002392542 ns, Reaching safepoint: 73283 ns, At safepoint: 9664 ns, Total: 82947 ns
[2024-02-05T22:01:50.671+0000][7][safepoint   ] Safepoint "Cleanup", Time since last: 11001250909 ns, Reaching safepoint: 151989 ns, At safepoint: 10317 ns, Total: 162306 ns
[2024-02-05T22:01:52.608+0000][7][safepoint   ] Safepoint "Cleanup", Time since last: 1937766691 ns, Reaching safepoint: 43499 ns, At safepoint: 6379 ns, Total: 49878 ns
[2024-02-05T22:01:53.609+0000][7][safepoint   ] Safepoint "Cleanup", Time since last: 1000133244 ns, Reaching safepoint: 276738 ns, At safepoint: 16941 ns, Total: 293679 ns
[2024-02-05T22:02:03.610+0000][7][safepoint   ] Safepoint "Cleanup", Time since last: 10001045688 ns, Reaching safepoint: 196163 ns, At safepoint: 14863 ns, Total: 211026 ns
[2024-02-05T22:02:06.611+0000][7][safepoint   ] Safepoint "Cleanup", Time since last: 3000286580 ns, Reaching safepoint: 126322 ns, At safepoint: 24149 ns, Total: 150471 ns
[2024-02-05T22:02:21.612+0000][7][safepoint   ] Safepoint "Cleanup", Time since last: 15001660853 ns, Reaching safepoint: 101312 ns, At safepoint: 7450 ns, Total: 108762 ns
[2024-02-05T22:02:48.616+0000][7][safepoint   ] Safepoint "Cleanup", Time since last: 27003337310 ns, Reaching safepoint: 101819 ns, At safepoint: 8411 ns, Total: 110230 ns
[2024-02-05T22:02:52.616+0000][7][safepoint   ] Safepoint "Cleanup", Time since last: 4000417400 ns, Reaching safepoint: 104119 ns, At safepoint: 26102 ns, Total: 130221 ns
[2024-02-05T22:03:03.618+0000][7][safepoint   ] Safepoint "Cleanup", Time since last: 11001917481 ns, Reaching safepoint: 139978 ns, At safepoint: 15945 ns, Total: 155923 ns
[2024-02-05T22:03:39.622+0000][7][safepoint   ] Safepoint "Cleanup", Time since last: 36003871023 ns, Reaching safepoint: 165092 ns, At safepoint: 19130 ns, Total: 184222 ns
[2024-02-05T22:03:45.730+0000][7][safepoint   ] Safepoint "Cleanup", Time since last: 6107300389 ns, Reaching safepoint: 74497 ns, At safepoint: 5644 ns, Total: 80141 ns
[2024-02-05T22:03:50.730+0000][7][safepoint   ] Safepoint "Cleanup", Time since last: 5000418209 ns, Reaching safepoint: 100926 ns, At safepoint: 7324 ns, Total: 108250 ns
[2024-02-05T22:03:52.592+0000][7][safepoint   ] Safepoint "Cleanup", Time since last: 1861119847 ns, Reaching safepoint: 36394 ns, At safepoint: 5358 ns, Total: 41752 ns
[2024-02-05T22:03:53.592+0000][7][safepoint   ] Safepoint "Cleanup", Time since last: 1000142974 ns, Reaching safepoint: 70278 ns, At safepoint: 10084 ns, Total: 80362 ns
[2024-02-05T22:03:57.592+0000][7][safepoint   ] Safepoint "Cleanup", Time since last: 4000482675 ns, Reaching safepoint: 86898 ns, At safepoint: 7719 ns, Total: 94617 ns
[2024-02-05T22:04:03.593+0000][7][safepoint   ] Safepoint "Cleanup", Time since last: 6000947345 ns, Reaching safepoint: 115807 ns, At safepoint: 7360 ns, Total: 123167 ns
[2024-02-05T22:04:09.594+0000][7][safepoint   ] Safepoint "Cleanup", Time since last: 6000863166 ns, Reaching safepoint: 76665 ns, At safepoint: 7659 ns, Total: 84324 ns
[2024-02-05T22:04:14.665+0000][7][gc,start    ] GC(41) Pause Young (Normal) (G1 Evacuation Pause)
[2024-02-05T22:04:14.665+0000][7][gc,task     ] GC(41) Using 8 workers of 8 for evacuation
[2024-02-05T22:04:14.665+0000][7][gc,age      ] GC(41) Desired survivor size 41943040 bytes, new threshold 15 (max threshold 15)
[2024-02-05T22:04:14.670+0000][7][gc,phases   ] GC(41)   Pre Evacuate Collection Set: 0.2ms
[2024-02-05T22:04:14.670+0000][7][gc,phases   ] GC(41)   Merge Heap Roots: 0.1ms
[2024-02-05T22:04:14.670+0000][7][gc,phases   ] GC(41)   Evacuate Collection Set: 3.6ms
[2024-02-05T22:04:14.670+0000][7][gc,phases   ] GC(41)   Post Evacuate Collection Set: 0.9ms
[2024-02-05T22:04:14.670+0000][7][gc,phases   ] GC(41)   Other: 0.1ms
[2024-02-05T22:04:14.670+0000][7][gc,age      ] GC(41) Age table with threshold 15 (max threshold 15)
[2024-02-05T22:04:14.670+0000][7][gc,age      ] GC(41) - age   1:     836688 bytes,     836688 total
[2024-02-05T22:04:14.670+0000][7][gc,age      ] GC(41) - age   2:     113712 bytes,     950400 total
[2024-02-05T22:04:14.670+0000][7][gc,age      ] GC(41) - age   3:       1968 bytes,     952368 total
[2024-02-05T22:04:14.670+0000][7][gc,age      ] GC(41) - age   4:     613592 bytes,    1565960 total
[2024-02-05T22:04:14.670+0000][7][gc,age      ] GC(41) - age   5:       2584 bytes,    1568544 total
[2024-02-05T22:04:14.670+0000][7][gc,age      ] GC(41) - age   6:       1808 bytes,    1570352 total
[2024-02-05T22:04:14.670+0000][7][gc,age      ] GC(41) - age   7:       2744 bytes,    1573096 total
[2024-02-05T22:04:14.670+0000][7][gc,age      ] GC(41) - age   8:      48632 bytes,    1621728 total
[2024-02-05T22:04:14.670+0000][7][gc,age      ] GC(41) - age   9:       1336 bytes,    1623064 total
[2024-02-05T22:04:14.670+0000][7][gc,age      ] GC(41) - age  10:      19248 bytes,    1642312 total
[2024-02-05T22:04:14.670+0000][7][gc,age      ] GC(41) - age  11:      19848 bytes,    1662160 total
[2024-02-05T22:04:14.670+0000][7][gc,age      ] GC(41) - age  12:     224256 bytes,    1886416 total
[2024-02-05T22:04:14.670+0000][7][gc,age      ] GC(41) - age  13:       2536 bytes,    1888952 total
[2024-02-05T22:04:14.670+0000][7][gc,age      ] GC(41) - age  14:       6600 bytes,    1895552 total
[2024-02-05T22:04:14.670+0000][7][gc,age      ] GC(41) - age  15:    1128824 bytes,    3024376 total
[2024-02-05T22:04:14.670+0000][7][gc,heap     ] GC(41) Eden regions: 152->0(152)
[2024-02-05T22:04:14.670+0000][7][gc,heap     ] GC(41) Survivor regions: 1->1(20)
[2024-02-05T22:04:14.670+0000][7][gc,heap     ] GC(41) Old regions: 22->22
[2024-02-05T22:04:14.670+0000][7][gc,heap     ] GC(41) Archive regions: 2->2
[2024-02-05T22:04:14.670+0000][7][gc,heap     ] GC(41) Humongous regions: 0->0
[2024-02-05T22:04:14.670+0000][7][gc,metaspace] GC(41) Metaspace: 125829K(129216K)->125829K(129216K) NonClass: 109373K(111168K)->109373K(111168K) Class: 16455K(18048K)->16455K(18048K)
[2024-02-05T22:04:14.670+0000][7][gc          ] GC(41) Pause Young (Normal) (G1 Evacuation Pause) 700M->92M(1024M) 5.299ms
[2024-02-05T22:04:14.670+0000][7][gc,cpu      ] GC(41) User=0.02s Sys=0.00s Real=0.00s
[2024-02-05T22:04:14.670+0000][7][safepoint   ] Safepoint "G1CollectForAllocation", Time since last: 5070413351 ns, Reaching safepoint: 98830 ns, At safepoint: 5411741 ns, Total: 5510571 ns
[2024-02-05T22:04:47.674+0000][7][safepoint   ] Safepoint "Cleanup", Time since last: 33003654851 ns, Reaching safepoint: 241638 ns, At safepoint: 17331 ns, Total: 258969 ns
[2024-02-05T22:04:50.675+0000][7][safepoint   ] Safepoint "Cleanup", Time since last: 3000348457 ns, Reaching safepoint: 109360 ns, At safepoint: 8477 ns, Total: 117837 ns
[2024-02-05T22:04:57.675+0000][7][safepoint   ] Safepoint "Cleanup", Time since last: 7000681787 ns, Reaching safepoint: 110501 ns, At safepoint: 22261 ns, Total: 132762 ns
[2024-02-05T22:05:15.678+0000][7][safepoint   ] Safepoint "Cleanup", Time since last: 18001920357 ns, Reaching safepoint: 139983 ns, At safepoint: 11051 ns, Total: 151034 ns
[2024-02-05T22:05:50.681+0000][7][safepoint   ] Safepoint "Cleanup", Time since last: 35003468851 ns, Reaching safepoint: 129669 ns, At safepoint: 31171 ns, Total: 160840 ns
[2024-02-05T22:05:52.681+0000][7][safepoint   ] Safepoint "Cleanup", Time since last: 2000215466 ns, Reaching safepoint: 81575 ns, At safepoint: 6712 ns, Total: 88287 ns
[2024-02-05T22:06:52.688+0000][7][safepoint   ] Safepoint "Cleanup", Time since last: 60006308025 ns, Reaching safepoint: 124666 ns, At safepoint: 12026 ns, Total: 136692 ns
[2024-02-05T22:07:53.665+0000][7][gc,start    ] GC(42) Pause Young (Normal) (G1 Evacuation Pause)
[2024-02-05T22:07:53.665+0000][7][gc,task     ] GC(42) Using 8 workers of 8 for evacuation
[2024-02-05T22:07:53.665+0000][7][gc,age      ] GC(42) Desired survivor size 41943040 bytes, new threshold 15 (max threshold 15)
[2024-02-05T22:07:53.670+0000][7][gc,phases   ] GC(42)   Pre Evacuate Collection Set: 0.1ms
[2024-02-05T22:07:53.670+0000][7][gc,phases   ] GC(42)   Merge Heap Roots: 0.1ms
[2024-02-05T22:07:53.670+0000][7][gc,phases   ] GC(42)   Evacuate Collection Set: 3.7ms
[2024-02-05T22:07:53.670+0000][7][gc,phases   ] GC(42)   Post Evacuate Collection Set: 0.9ms
[2024-02-05T22:07:53.670+0000][7][gc,phases   ] GC(42)   Other: 0.1ms
[2024-02-05T22:07:53.670+0000][7][gc,age      ] GC(42) Age table with threshold 15 (max threshold 15)
[2024-02-05T22:07:53.670+0000][7][gc,age      ] GC(42) - age   1:    1072344 bytes,    1072344 total
[2024-02-05T22:07:53.670+0000][7][gc,age      ] GC(42) - age   2:      46728 bytes,    1119072 total
[2024-02-05T22:07:53.670+0000][7][gc,age      ] GC(42) - age   3:     112400 bytes,    1231472 total
[2024-02-05T22:07:53.670+0000][7][gc,age      ] GC(42) - age   4:       1968 bytes,    1233440 total
[2024-02-05T22:07:53.670+0000][7][gc,age      ] GC(42) - age   5:     610520 bytes,    1843960 total
[2024-02-05T22:07:53.670+0000][7][gc,age      ] GC(42) - age   6:       2400 bytes,    1846360 total
[2024-02-05T22:07:53.670+0000][7][gc,age      ] GC(42) - age   7:       1808 bytes,    1848168 total
[2024-02-05T22:07:53.670+0000][7][gc,age      ] GC(42) - age   8:       2744 bytes,    1850912 total
[2024-02-05T22:07:53.670+0000][7][gc,age      ] GC(42) - age   9:      48632 bytes,    1899544 total
[2024-02-05T22:07:53.670+0000][7][gc,age      ] GC(42) - age  10:       1152 bytes,    1900696 total
[2024-02-05T22:07:53.670+0000][7][gc,age      ] GC(42) - age  11:      19248 bytes,    1919944 total
[2024-02-05T22:07:53.670+0000][7][gc,age      ] GC(42) - age  12:      19848 bytes,    1939792 total
[2024-02-05T22:07:53.670+0000][7][gc,age      ] GC(42) - age  13:     224256 bytes,    2164048 total
[2024-02-05T22:07:53.670+0000][7][gc,age      ] GC(42) - age  14:       2536 bytes,    2166584 total
[2024-02-05T22:07:53.670+0000][7][gc,age      ] GC(42) - age  15:       6600 bytes,    2173184 total
[2024-02-05T22:07:53.670+0000][7][gc,heap     ] GC(42) Eden regions: 152->0(152)
[2024-02-05T22:07:53.670+0000][7][gc,heap     ] GC(42) Survivor regions: 1->1(20)
[2024-02-05T22:07:53.670+0000][7][gc,heap     ] GC(42) Old regions: 22->22
[2024-02-05T22:07:53.670+0000][7][gc,heap     ] GC(42) Archive regions: 2->2
[2024-02-05T22:07:53.670+0000][7][gc,heap     ] GC(42) Humongous regions: 0->0
[2024-02-05T22:07:53.670+0000][7][gc,metaspace] GC(42) Metaspace: 125870K(129280K)->125870K(129280K) NonClass: 109414K(111232K)->109414K(111232K) Class: 16455K(18048K)->16455K(18048K)
[2024-02-05T22:07:53.670+0000][7][gc          ] GC(42) Pause Young (Normal) (G1 Evacuation Pause) 700M->92M(1024M) 5.302ms
[2024-02-05T22:07:53.670+0000][7][gc,cpu      ] GC(42) User=0.03s Sys=0.00s Real=0.00s
[2024-02-05T22:07:53.670+0000][7][safepoint   ] Safepoint "G1CollectForAllocation", Time since last: 60977019670 ns, Reaching safepoint: 79621 ns, At safepoint: 5409297 ns, Total: 5488918 ns
[2024-02-05T22:07:57.671+0000][7][safepoint   ] Safepoint "Cleanup", Time since last: 4000454881 ns, Reaching safepoint: 73575 ns, At safepoint: 8036 ns, Total: 81611 ns
[2024-02-05T22:08:26.675+0000][7][safepoint   ] Safepoint "Cleanup", Time since last: 29003433250 ns, Reaching safepoint: 250629 ns, At safepoint: 15985 ns, Total: 266614 ns
[2024-02-05T22:08:27.675+0000][7][safepoint   ] Safepoint "Cleanup", Time since last: 1000140953 ns, Reaching safepoint: 121030 ns, At safepoint: 7385 ns, Total: 128415 ns
[2024-02-05T22:08:40.676+0000][7][safepoint   ] Safepoint "Cleanup", Time since last: 13001300266 ns, Reaching safepoint: 86315 ns, At safepoint: 12456 ns, Total: 98771 ns
[2024-02-05T22:09:27.683+0000][7][safepoint   ] Safepoint "Cleanup", Time since last: 47006145434 ns, Reaching safepoint: 128689 ns, At safepoint: 8036 ns, Total: 136725 ns
[2024-02-05T22:09:29.683+0000][7][safepoint   ] Safepoint "Cleanup", Time since last: 2000260872 ns, Reaching safepoint: 102528 ns, At safepoint: 7906 ns, Total: 110434 ns
[2024-02-05T22:09:39.685+0000][7][safepoint   ] Safepoint "Cleanup", Time since last: 10001639919 ns, Reaching safepoint: 74909 ns, At safepoint: 8284 ns, Total: 83193 ns
[2024-02-05T22:09:50.686+0000][7][safepoint   ] Safepoint "Cleanup", Time since last: 11001611390 ns, Reaching safepoint: 135180 ns, At safepoint: 6511 ns, Total: 141691 ns
[2024-02-05T22:10:28.690+0000][7][safepoint   ] Safepoint "Cleanup", Time since last: 38003771232 ns, Reaching safepoint: 93194 ns, At safepoint: 6839 ns, Total: 100033 ns
[2024-02-05T22:10:38.691+0000][7][safepoint   ] Safepoint "Cleanup", Time since last: 10001066590 ns, Reaching safepoint: 54421 ns, At safepoint: 7218 ns, Total: 61639 ns
[2024-02-05T22:10:52.693+0000][7][safepoint   ] Safepoint "Cleanup", Time since last: 14001715786 ns, Reaching safepoint: 112142 ns, At safepoint: 11173 ns, Total: 123315 ns
[2024-02-05T22:11:14.696+0000][7][safepoint   ] Safepoint "Cleanup", Time since last: 22002185626 ns, Reaching safepoint: 85370 ns, At safepoint: 11578 ns, Total: 96948 ns
[2024-02-05T22:11:20.813+0000][7][gc,start    ] GC(43) Pause Young (Normal) (G1 Evacuation Pause)
[2024-02-05T22:11:20.813+0000][7][gc,task     ] GC(43) Using 8 workers of 8 for evacuation
[2024-02-05T22:11:20.813+0000][7][gc,age      ] GC(43) Desired survivor size 41943040 bytes, new threshold 15 (max threshold 15)
[2024-02-05T22:11:20.817+0000][7][gc,phases   ] GC(43)   Pre Evacuate Collection Set: 0.1ms
[2024-02-05T22:11:20.817+0000][7][gc,phases   ] GC(43)   Merge Heap Roots: 0.1ms
[2024-02-05T22:11:20.817+0000][7][gc,phases   ] GC(43)   Evacuate Collection Set: 2.0ms
[2024-02-05T22:11:20.817+0000][7][gc,phases   ] GC(43)   Post Evacuate Collection Set: 1.0ms
[2024-02-05T22:11:20.817+0000][7][gc,phases   ] GC(43)   Other: 0.1ms
[2024-02-05T22:11:20.817+0000][7][gc,age      ] GC(43) Age table with threshold 15 (max threshold 15)
[2024-02-05T22:11:20.817+0000][7][gc,age      ] GC(43) - age   1:     946040 bytes,     946040 total
[2024-02-05T22:11:20.817+0000][7][gc,age      ] GC(43) - age   2:       6296 bytes,     952336 total
[2024-02-05T22:11:20.817+0000][7][gc,age      ] GC(43) - age   3:      45048 bytes,     997384 total
[2024-02-05T22:11:20.817+0000][7][gc,age      ] GC(43) - age   4:     112272 bytes,    1109656 total
[2024-02-05T22:11:20.817+0000][7][gc,age      ] GC(43) - age   5:       1968 bytes,    1111624 total
[2024-02-05T22:11:20.817+0000][7][gc,age      ] GC(43) - age   6:     568800 bytes,    1680424 total
[2024-02-05T22:11:20.817+0000][7][gc,age      ] GC(43) - age   7:       2400 bytes,    1682824 total
[2024-02-05T22:11:20.817+0000][7][gc,age      ] GC(43) - age   8:       1808 bytes,    1684632 total
[2024-02-05T22:11:20.817+0000][7][gc,age      ] GC(43) - age   9:       2744 bytes,    1687376 total
[2024-02-05T22:11:20.817+0000][7][gc,age      ] GC(43) - age  10:      48632 bytes,    1736008 total
[2024-02-05T22:11:20.817+0000][7][gc,age      ] GC(43) - age  11:       1152 bytes,    1737160 total
[2024-02-05T22:11:20.817+0000][7][gc,age      ] GC(43) - age  12:      19248 bytes,    1756408 total
[2024-02-05T22:11:20.817+0000][7][gc,age      ] GC(43) - age  13:      19848 bytes,    1776256 total
[2024-02-05T22:11:20.817+0000][7][gc,age      ] GC(43) - age  14:     224256 bytes,    2000512 total
[2024-02-05T22:11:20.817+0000][7][gc,age      ] GC(43) - age  15:       2536 bytes,    2003048 total
[2024-02-05T22:11:20.817+0000][7][gc,heap     ] GC(43) Eden regions: 152->0(152)
[2024-02-05T22:11:20.817+0000][7][gc,heap     ] GC(43) Survivor regions: 1->1(20)
[2024-02-05T22:11:20.817+0000][7][gc,heap     ] GC(43) Old regions: 22->22
[2024-02-05T22:11:20.817+0000][7][gc,heap     ] GC(43) Archive regions: 2->2
[2024-02-05T22:11:20.817+0000][7][gc,heap     ] GC(43) Humongous regions: 0->0
[2024-02-05T22:11:20.817+0000][7][gc,metaspace] GC(43) Metaspace: 125893K(129280K)->125893K(129280K) NonClass: 109437K(111232K)->109437K(111232K) Class: 16455K(18048K)->16455K(18048K)
[2024-02-05T22:11:20.817+0000][7][gc          ] GC(43) Pause Young (Normal) (G1 Evacuation Pause) 700M->92M(1024M) 3.658ms
[2024-02-05T22:11:20.817+0000][7][gc,cpu      ] GC(43) User=0.02s Sys=0.00s Real=0.01s
[2024-02-05T22:11:20.817+0000][7][safepoint   ] Safepoint "G1CollectForAllocation", Time since last: 6117400178 ns, Reaching safepoint: 88237 ns, At safepoint: 3758514 ns, Total: 3846751 ns
[2024-02-05T22:11:21.817+0000][7][safepoint   ] Safepoint "Cleanup", Time since last: 1000228036 ns, Reaching safepoint: 77889 ns, At safepoint: 8511 ns, Total: 86400 ns
[2024-02-05T22:11:23.818+0000][7][safepoint   ] Safepoint "Cleanup", Time since last: 2000443236 ns, Reaching safepoint: 104734 ns, At safepoint: 7498 ns, Total: 112232 ns
[2024-02-05T22:11:44.820+0000][7][safepoint   ] Safepoint "Cleanup", Time since last: 21002081123 ns, Reaching safepoint: 107804 ns, At safepoint: 32398 ns, Total: 140202 ns
[2024-02-05T22:12:05.822+0000][7][safepoint   ] Safepoint "Cleanup", Time since last: 21002239960 ns, Reaching safepoint: 71547 ns, At safepoint: 6140 ns, Total: 77687 ns
[2024-02-05T22:12:32.826+0000][7][safepoint   ] Safepoint "Cleanup", Time since last: 27003456744 ns, Reaching safepoint: 144846 ns, At safepoint: 8321 ns, Total: 153167 ns
[2024-02-05T22:12:56.828+0000][7][safepoint   ] Safepoint "Cleanup", Time since last: 24002368837 ns, Reaching safepoint: 45463 ns, At safepoint: 5818 ns, Total: 51281 ns
[2024-02-05T22:13:05.704+0000][7][safepoint   ] Safepoint "Cleanup", Time since last: 8875778857 ns, Reaching safepoint: 69464 ns, At safepoint: 4776 ns, Total: 74240 ns
[2024-02-05T22:13:08.705+0000][7][safepoint   ] Safepoint "Cleanup", Time since last: 3000311408 ns, Reaching safepoint: 104235 ns, At safepoint: 33914 ns, Total: 138149 ns
[2024-02-05T22:13:14.705+0000][7][safepoint   ] Safepoint "Cleanup", Time since last: 6000627883 ns, Reaching safepoint: 78374 ns, At safepoint: 10070 ns, Total: 88444 ns
[2024-02-05T22:13:17.706+0000][7][safepoint   ] Safepoint "Cleanup", Time since last: 3000391596 ns, Reaching safepoint: 76967 ns, At safepoint: 6775 ns, Total: 83742 ns
[2024-02-05T22:13:21.706+0000][7][safepoint   ] Safepoint "Cleanup", Time since last: 4000396501 ns, Reaching safepoint: 78019 ns, At safepoint: 8101 ns, Total: 86120 ns
[2024-02-05T22:13:44.709+0000][7][safepoint   ] Safepoint "Cleanup", Time since last: 23002848694 ns, Reaching safepoint: 149015 ns, At safepoint: 10143 ns, Total: 159158 ns
[2024-02-05T22:13:50.710+0000][7][safepoint   ] Safepoint "Cleanup", Time since last: 6000964175 ns, Reaching safepoint: 117505 ns, At safepoint: 9671 ns, Total: 127176 ns
[2024-02-05T22:14:13.713+0000][7][safepoint   ] Safepoint "Cleanup", Time since last: 23002373617 ns, Reaching safepoint: 63246 ns, At safepoint: 6211 ns, Total: 69457 ns
[2024-02-05T22:14:27.715+0000][7][safepoint   ] Safepoint "Cleanup", Time since last: 14001591689 ns, Reaching safepoint: 105158 ns, At safepoint: 13889 ns, Total: 119047 ns
[2024-02-05T22:14:49.717+0000][7][safepoint   ] Safepoint "Cleanup", Time since last: 22002842081 ns, Reaching safepoint: 111006 ns, At safepoint: 19854 ns, Total: 130860 ns
[2024-02-05T22:14:52.718+0000][7][safepoint   ] Safepoint "Cleanup", Time since last: 3000345775 ns, Reaching safepoint: 108114 ns, At safepoint: 6751 ns, Total: 114865 ns
[2024-02-05T22:14:56.710+0000][7][gc,start    ] GC(44) Pause Young (Normal) (G1 Evacuation Pause)
[2024-02-05T22:14:56.710+0000][7][gc,task     ] GC(44) Using 8 workers of 8 for evacuation
[2024-02-05T22:14:56.710+0000][7][gc,age      ] GC(44) Desired survivor size 41943040 bytes, new threshold 15 (max threshold 15)
[2024-02-05T22:14:56.713+0000][7][gc,phases   ] GC(44)   Pre Evacuate Collection Set: 0.1ms
[2024-02-05T22:14:56.713+0000][7][gc,phases   ] GC(44)   Merge Heap Roots: 0.1ms
[2024-02-05T22:14:56.713+0000][7][gc,phases   ] GC(44)   Evacuate Collection Set: 2.1ms
[2024-02-05T22:14:56.713+0000][7][gc,phases   ] GC(44)   Post Evacuate Collection Set: 0.7ms
[2024-02-05T22:14:56.713+0000][7][gc,phases   ] GC(44)   Other: 0.1ms
[2024-02-05T22:14:56.713+0000][7][gc,age      ] GC(44) Age table with threshold 15 (max threshold 15)
[2024-02-05T22:14:56.713+0000][7][gc,age      ] GC(44) - age   1:    1291656 bytes,    1291656 total
[2024-02-05T22:14:56.713+0000][7][gc,age      ] GC(44) - age   2:      15144 bytes,    1306800 total
[2024-02-05T22:14:56.713+0000][7][gc,age      ] GC(44) - age   3:        872 bytes,    1307672 total
[2024-02-05T22:14:56.713+0000][7][gc,age      ] GC(44) - age   4:      44920 bytes,    1352592 total
[2024-02-05T22:14:56.713+0000][7][gc,age      ] GC(44) - age   5:     112272 bytes,    1464864 total
[2024-02-05T22:14:56.713+0000][7][gc,age      ] GC(44) - age   6:       1968 bytes,    1466832 total
[2024-02-05T22:14:56.713+0000][7][gc,age      ] GC(44) - age   7:     566944 bytes,    2033776 total
[2024-02-05T22:14:56.713+0000][7][gc,age      ] GC(44) - age   8:       2400 bytes,    2036176 total
[2024-02-05T22:14:56.713+0000][7][gc,age      ] GC(44) - age   9:       1808 bytes,    2037984 total
[2024-02-05T22:14:56.713+0000][7][gc,age      ] GC(44) - age  10:       2744 bytes,    2040728 total
[2024-02-05T22:14:56.713+0000][7][gc,age      ] GC(44) - age  11:      40504 bytes,    2081232 total
[2024-02-05T22:14:56.713+0000][7][gc,age      ] GC(44) - age  12:       1152 bytes,    2082384 total
[2024-02-05T22:14:56.713+0000][7][gc,age      ] GC(44) - age  13:      19248 bytes,    2101632 total
[2024-02-05T22:14:56.713+0000][7][gc,age      ] GC(44) - age  14:      19664 bytes,    2121296 total
[2024-02-05T22:14:56.713+0000][7][gc,age      ] GC(44) - age  15:     224256 bytes,    2345552 total
[2024-02-05T22:14:56.713+0000][7][gc,heap     ] GC(44) Eden regions: 152->0(152)
[2024-02-05T22:14:56.713+0000][7][gc,heap     ] GC(44) Survivor regions: 1->1(20)
[2024-02-05T22:14:56.713+0000][7][gc,heap     ] GC(44) Old regions: 22->22
[2024-02-05T22:14:56.713+0000][7][gc,heap     ] GC(44) Archive regions: 2->2
[2024-02-05T22:14:56.713+0000][7][gc,heap     ] GC(44) Humongous regions: 0->0
[2024-02-05T22:14:56.713+0000][7][gc,metaspace] GC(44) Metaspace: 125906K(129280K)->125906K(129280K) NonClass: 109448K(111232K)->109448K(111232K) Class: 16457K(18048K)->16457K(18048K)
[2024-02-05T22:14:56.713+0000][7][gc          ] GC(44) Pause Young (Normal) (G1 Evacuation Pause) 700M->93M(1024M) 3.466ms
[2024-02-05T22:14:56.713+0000][7][gc,cpu      ] GC(44) User=0.01s Sys=0.01s Real=0.00s
[2024-02-05T22:14:56.713+0000][7][safepoint   ] Safepoint "G1CollectForAllocation", Time since last: 3991674461 ns, Reaching safepoint: 94053 ns, At safepoint: 3577548 ns, Total: 3671601 ns
[2024-02-05T22:15:44.718+0000][7][safepoint   ] Safepoint "Cleanup", Time since last: 48004431058 ns, Reaching safepoint: 84250 ns, At safepoint: 8316 ns, Total: 92566 ns
[2024-02-05T22:15:47.718+0000][7][safepoint   ] Safepoint "Cleanup", Time since last: 3000388835 ns, Reaching safepoint: 75531 ns, At safepoint: 7460 ns, Total: 82991 ns
[2024-02-05T22:15:52.719+0000][7][safepoint   ] Safepoint "Cleanup", Time since last: 5000490976 ns, Reaching safepoint: 126047 ns, At safepoint: 9409 ns, Total: 135456 ns
[2024-02-05T22:16:14.722+0000][7][safepoint   ] Safepoint "Cleanup", Time since last: 22002900790 ns, Reaching safepoint: 115496 ns, At safepoint: 10312 ns, Total: 125808 ns
[2024-02-05T22:16:20.723+0000][7][safepoint   ] Safepoint "Cleanup", Time since last: 6000668897 ns, Reaching safepoint: 122368 ns, At safepoint: 8173 ns, Total: 130541 ns
[2024-02-05T22:16:21.723+0000][7][safepoint   ] Safepoint "Cleanup", Time since last: 1000134726 ns, Reaching safepoint: 55303 ns, At safepoint: 5678 ns, Total: 60981 ns
[2024-02-05T22:16:23.723+0000][7][safepoint   ] Safepoint "Cleanup", Time since last: 2000217929 ns, Reaching safepoint: 88019 ns, At safepoint: 8223 ns, Total: 96242 ns
[2024-02-05T22:16:44.726+0000][7][safepoint   ] Safepoint "Cleanup", Time since last: 21002629076 ns, Reaching safepoint: 85542 ns, At safepoint: 7613 ns, Total: 93155 ns
[2024-02-05T22:17:08.729+0000][7][safepoint   ] Safepoint "Cleanup", Time since last: 24002464037 ns, Reaching safepoint: 84924 ns, At safepoint: 7626 ns, Total: 92550 ns
[2024-02-05T22:17:09.729+0000][7][safepoint   ] Safepoint "Cleanup", Time since last: 1000116391 ns, Reaching safepoint: 67872 ns, At safepoint: 6659 ns, Total: 74531 ns
[2024-02-05T22:17:14.729+0000][7][safepoint   ] Safepoint "Cleanup", Time since last: 5000604500 ns, Reaching safepoint: 116761 ns, At safepoint: 25517 ns, Total: 142278 ns
[2024-02-05T22:17:15.730+0000][7][safepoint   ] Safepoint "Cleanup", Time since last: 1000108863 ns, Reaching safepoint: 68356 ns, At safepoint: 6616 ns, Total: 74972 ns
[2024-02-05T22:17:59.735+0000][7][safepoint   ] Safepoint "Cleanup", Time since last: 44005073800 ns, Reaching safepoint: 103374 ns, At safepoint: 10330 ns, Total: 113704 ns
[2024-02-05T22:18:08.736+0000][7][safepoint   ] Safepoint "Cleanup", Time since last: 9000789168 ns, Reaching safepoint: 114437 ns, At safepoint: 25092 ns, Total: 139529 ns
[2024-02-05T22:18:29.678+0000][7][gc,start    ] GC(45) Pause Young (Normal) (G1 Evacuation Pause)
[2024-02-05T22:18:29.678+0000][7][gc,task     ] GC(45) Using 8 workers of 8 for evacuation
[2024-02-05T22:18:29.678+0000][7][gc,age      ] GC(45) Desired survivor size 41943040 bytes, new threshold 15 (max threshold 15)
[2024-02-05T22:18:29.681+0000][7][gc,phases   ] GC(45)   Pre Evacuate Collection Set: 0.1ms
[2024-02-05T22:18:29.681+0000][7][gc,phases   ] GC(45)   Merge Heap Roots: 0.1ms
[2024-02-05T22:18:29.681+0000][7][gc,phases   ] GC(45)   Evacuate Collection Set: 1.5ms
[2024-02-05T22:18:29.681+0000][7][gc,phases   ] GC(45)   Post Evacuate Collection Set: 0.9ms
[2024-02-05T22:18:29.681+0000][7][gc,phases   ] GC(45)   Other: 0.1ms
[2024-02-05T22:18:29.681+0000][7][gc,age      ] GC(45) Age table with threshold 15 (max threshold 15)
[2024-02-05T22:18:29.681+0000][7][gc,age      ] GC(45) - age   1:     372312 bytes,     372312 total
[2024-02-05T22:18:29.681+0000][7][gc,age      ] GC(45) - age   2:      21624 bytes,     393936 total
[2024-02-05T22:18:29.681+0000][7][gc,age      ] GC(45) - age   3:      14024 bytes,     407960 total
[2024-02-05T22:18:29.681+0000][7][gc,age      ] GC(45) - age   4:        872 bytes,     408832 total
[2024-02-05T22:18:29.681+0000][7][gc,age      ] GC(45) - age   5:      44920 bytes,     453752 total
[2024-02-05T22:18:29.681+0000][7][gc,age      ] GC(45) - age   6:     112272 bytes,     566024 total
[2024-02-05T22:18:29.681+0000][7][gc,age      ] GC(45) - age   7:       1968 bytes,     567992 total
[2024-02-05T22:18:29.681+0000][7][gc,age      ] GC(45) - age   8:     566944 bytes,    1134936 total
[2024-02-05T22:18:29.681+0000][7][gc,age      ] GC(45) - age   9:       2400 bytes,    1137336 total
[2024-02-05T22:18:29.681+0000][7][gc,age      ] GC(45) - age  10:       1808 bytes,    1139144 total
[2024-02-05T22:18:29.681+0000][7][gc,age      ] GC(45) - age  11:       2744 bytes,    1141888 total
[2024-02-05T22:18:29.681+0000][7][gc,age      ] GC(45) - age  12:      40504 bytes,    1182392 total
[2024-02-05T22:18:29.681+0000][7][gc,age      ] GC(45) - age  13:       1152 bytes,    1183544 total
[2024-02-05T22:18:29.681+0000][7][gc,age      ] GC(45) - age  14:      19248 bytes,    1202792 total
[2024-02-05T22:18:29.681+0000][7][gc,age      ] GC(45) - age  15:      19664 bytes,    1222456 total
[2024-02-05T22:18:29.681+0000][7][gc,heap     ] GC(45) Eden regions: 152->0(152)
[2024-02-05T22:18:29.681+0000][7][gc,heap     ] GC(45) Survivor regions: 1->1(20)
[2024-02-05T22:18:29.681+0000][7][gc,heap     ] GC(45) Old regions: 22->22
[2024-02-05T22:18:29.681+0000][7][gc,heap     ] GC(45) Archive regions: 2->2
[2024-02-05T22:18:29.681+0000][7][gc,heap     ] GC(45) Humongous regions: 0->0
[2024-02-05T22:18:29.681+0000][7][gc,metaspace] GC(45) Metaspace: 125921K(129280K)->125921K(129280K) NonClass: 109464K(111232K)->109464K(111232K) Class: 16457K(18048K)->16457K(18048K)
[2024-02-05T22:18:29.681+0000][7][gc          ] GC(45) Pause Young (Normal) (G1 Evacuation Pause) 701M->92M(1024M) 3.168ms
[2024-02-05T22:18:29.681+0000][7][gc,cpu      ] GC(45) User=0.01s Sys=0.00s Real=0.00s
[2024-02-05T22:18:29.681+0000][7][safepoint   ] Safepoint "G1CollectForAllocation", Time since last: 20942020187 ns, Reaching safepoint: 40655 ns, At safepoint: 3285384 ns, Total: 3326039 ns
[2024-02-05T22:19:32.687+0000][7][safepoint   ] Safepoint "Cleanup", Time since last: 63005808715 ns, Reaching safepoint: 154067 ns, At safepoint: 10266 ns, Total: 164333 ns
[2024-02-05T22:19:45.689+0000][7][safepoint   ] Safepoint "Cleanup", Time since last: 13001365097 ns, Reaching safepoint: 65772 ns, At safepoint: 5584 ns, Total: 71356 ns
[2024-02-05T22:20:05.691+0000][7][safepoint   ] Safepoint "Cleanup", Time since last: 20002027610 ns, Reaching safepoint: 92900 ns, At safepoint: 9935 ns, Total: 102835 ns
[2024-02-05T22:20:51.695+0000][7][safepoint   ] Safepoint "Cleanup", Time since last: 46004193780 ns, Reaching safepoint: 74937 ns, At safepoint: 6005 ns, Total: 80942 ns
[2024-02-05T22:20:59.696+0000][7][safepoint   ] Safepoint "Cleanup", Time since last: 8000824474 ns, Reaching safepoint: 77191 ns, At safepoint: 7181 ns, Total: 84372 ns
[2024-02-05T22:21:03.697+0000][7][safepoint   ] Safepoint "Cleanup", Time since last: 4000652460 ns, Reaching safepoint: 114050 ns, At safepoint: 7738 ns, Total: 121788 ns
[2024-02-05T22:21:15.698+0000][7][safepoint   ] Safepoint "Cleanup", Time since last: 12001493873 ns, Reaching safepoint: 59105 ns, At safepoint: 6758 ns, Total: 65863 ns
[2024-02-05T22:21:33.700+0000][7][safepoint   ] Safepoint "Cleanup", Time since last: 18001602954 ns, Reaching safepoint: 98488 ns, At safepoint: 7956 ns, Total: 106444 ns
[2024-02-05T22:22:02.721+0000][7][gc,start    ] GC(46) Pause Young (Normal) (G1 Evacuation Pause)
[2024-02-05T22:22:02.721+0000][7][gc,task     ] GC(46) Using 8 workers of 8 for evacuation
[2024-02-05T22:22:02.721+0000][7][gc,age      ] GC(46) Desired survivor size 41943040 bytes, new threshold 15 (max threshold 15)
[2024-02-05T22:22:02.724+0000][7][gc,phases   ] GC(46)   Pre Evacuate Collection Set: 0.1ms
[2024-02-05T22:22:02.724+0000][7][gc,phases   ] GC(46)   Merge Heap Roots: 0.1ms
[2024-02-05T22:22:02.724+0000][7][gc,phases   ] GC(46)   Evacuate Collection Set: 1.7ms
[2024-02-05T22:22:02.724+0000][7][gc,phases   ] GC(46)   Post Evacuate Collection Set: 1.3ms
[2024-02-05T22:22:02.724+0000][7][gc,phases   ] GC(46)   Other: 0.1ms
[2024-02-05T22:22:02.724+0000][7][gc,age      ] GC(46) Age table with threshold 15 (max threshold 15)
[2024-02-05T22:22:02.724+0000][7][gc,age      ] GC(46) - age   1:    1357888 bytes,    1357888 total
[2024-02-05T22:22:02.724+0000][7][gc,age      ] GC(46) - age   2:      10128 bytes,    1368016 total
[2024-02-05T22:22:02.724+0000][7][gc,age      ] GC(46) - age   3:      11936 bytes,    1379952 total
[2024-02-05T22:22:02.724+0000][7][gc,age      ] GC(46) - age   4:      13064 bytes,    1393016 total
[2024-02-05T22:22:02.724+0000][7][gc,age      ] GC(46) - age   5:        872 bytes,    1393888 total
[2024-02-05T22:22:02.724+0000][7][gc,age      ] GC(46) - age   6:      44888 bytes,    1438776 total
[2024-02-05T22:22:02.724+0000][7][gc,age      ] GC(46) - age   7:     112088 bytes,    1550864 total
[2024-02-05T22:22:02.724+0000][7][gc,age      ] GC(46) - age   8:       1968 bytes,    1552832 total
[2024-02-05T22:22:02.724+0000][7][gc,age      ] GC(46) - age   9:     566944 bytes,    2119776 total
[2024-02-05T22:22:02.724+0000][7][gc,age      ] GC(46) - age  10:       2400 bytes,    2122176 total
[2024-02-05T22:22:02.724+0000][7][gc,age      ] GC(46) - age  11:       1808 bytes,    2123984 total
[2024-02-05T22:22:02.724+0000][7][gc,age      ] GC(46) - age  12:       2744 bytes,    2126728 total
[2024-02-05T22:22:02.724+0000][7][gc,age      ] GC(46) - age  13:      40504 bytes,    2167232 total
[2024-02-05T22:22:02.724+0000][7][gc,age      ] GC(46) - age  14:       1152 bytes,    2168384 total
[2024-02-05T22:22:02.724+0000][7][gc,age      ] GC(46) - age  15:      19248 bytes,    2187632 total
[2024-02-05T22:22:02.724+0000][7][gc,heap     ] GC(46) Eden regions: 152->0(152)
[2024-02-05T22:22:02.724+0000][7][gc,heap     ] GC(46) Survivor regions: 1->1(20)
[2024-02-05T22:22:02.724+0000][7][gc,heap     ] GC(46) Old regions: 22->22
[2024-02-05T22:22:02.725+0000][7][gc,heap     ] GC(46) Archive regions: 2->2
[2024-02-05T22:22:02.725+0000][7][gc,heap     ] GC(46) Humongous regions: 0->0
[2024-02-05T22:22:02.725+0000][7][gc,metaspace] GC(46) Metaspace: 125952K(129344K)->125952K(129344K) NonClass: 109494K(111296K)->109494K(111296K) Class: 16457K(18048K)->16457K(18048K)
[2024-02-05T22:22:02.725+0000][7][gc          ] GC(46) Pause Young (Normal) (G1 Evacuation Pause) 700M->93M(1024M) 3.575ms
[2024-02-05T22:22:02.725+0000][7][gc,cpu      ] GC(46) User=0.01s Sys=0.00s Real=0.01s
[2024-02-05T22:22:02.725+0000][7][safepoint   ] Safepoint "G1CollectForAllocation", Time since last: 29020969814 ns, Reaching safepoint: 80133 ns, At safepoint: 3669828 ns, Total: 3749961 ns
[2024-02-05T22:22:52.730+0000][7][safepoint   ] Safepoint "Cleanup", Time since last: 50005248874 ns, Reaching safepoint: 102058 ns, At safepoint: 7378 ns, Total: 109436 ns
[2024-02-05T22:23:08.732+0000][7][safepoint   ] Safepoint "Cleanup", Time since last: 16001504074 ns, Reaching safepoint: 191640 ns, At safepoint: 21061 ns, Total: 212701 ns
[2024-02-05T22:23:15.733+0000][7][safepoint   ] Safepoint "Cleanup", Time since last: 7000766317 ns, Reaching safepoint: 67367 ns, At safepoint: 39419 ns, Total: 106786 ns
[2024-02-05T22:23:26.734+0000][7][safepoint   ] Safepoint "Cleanup", Time since last: 11001487295 ns, Reaching safepoint: 71063 ns, At safepoint: 8373 ns, Total: 79436 ns
[2024-02-05T22:23:52.737+0000][7][safepoint   ] Safepoint "Cleanup", Time since last: 26002676438 ns, Reaching safepoint: 69975 ns, At safepoint: 7085 ns, Total: 77060 ns
[2024-02-05T22:24:09.739+0000][7][safepoint   ] Safepoint "Cleanup", Time since last: 17001739663 ns, Reaching safepoint: 120846 ns, At safepoint: 8221 ns, Total: 129067 ns
[2024-02-05T22:24:14.739+0000][7][safepoint   ] Safepoint "Cleanup", Time since last: 5000463977 ns, Reaching safepoint: 148134 ns, At safepoint: 10782 ns, Total: 158916 ns
[2024-02-05T22:24:15.740+0000][7][safepoint   ] Safepoint "Cleanup", Time since last: 1000142586 ns, Reaching safepoint: 65727 ns, At safepoint: 6359 ns, Total: 72086 ns
[2024-02-05T22:24:27.741+0000][7][safepoint   ] Safepoint "Cleanup", Time since last: 12001200868 ns, Reaching safepoint: 100117 ns, At safepoint: 7837 ns, Total: 107954 ns
[2024-02-05T22:24:33.742+0000][7][safepoint   ] Safepoint "Cleanup", Time since last: 6000971397 ns, Reaching safepoint: 100028 ns, At safepoint: 8562 ns, Total: 108590 ns
[2024-02-05T22:24:41.743+0000][7][safepoint   ] Safepoint "Cleanup", Time since last: 8000781353 ns, Reaching safepoint: 97123 ns, At safepoint: 5947 ns, Total: 103070 ns
[2024-02-05T22:24:52.744+0000][7][safepoint   ] Safepoint "Cleanup", Time since last: 11000973258 ns, Reaching safepoint: 112429 ns, At safepoint: 22387 ns, Total: 134816 ns
[2024-02-05T22:24:57.745+0000][7][safepoint   ] Safepoint "Cleanup", Time since last: 5000567177 ns, Reaching safepoint: 86691 ns, At safepoint: 6134 ns, Total: 92825 ns
[2024-02-05T22:25:04.746+0000][7][safepoint   ] Safepoint "Cleanup", Time since last: 7000827492 ns, Reaching safepoint: 88742 ns, At safepoint: 6560 ns, Total: 95302 ns
[2024-02-05T22:25:32.781+0000][7][gc,start    ] GC(47) Pause Young (Normal) (G1 Evacuation Pause)
[2024-02-05T22:25:32.781+0000][7][gc,task     ] GC(47) Using 8 workers of 8 for evacuation
[2024-02-05T22:25:32.781+0000][7][gc,age      ] GC(47) Desired survivor size 41943040 bytes, new threshold 15 (max threshold 15)
[2024-02-05T22:25:32.785+0000][7][gc,phases   ] GC(47)   Pre Evacuate Collection Set: 0.1ms
[2024-02-05T22:25:32.785+0000][7][gc,phases   ] GC(47)   Merge Heap Roots: 0.1ms
[2024-02-05T22:25:32.785+0000][7][gc,phases   ] GC(47)   Evacuate Collection Set: 2.2ms
[2024-02-05T22:25:32.785+0000][7][gc,phases   ] GC(47)   Post Evacuate Collection Set: 1.4ms
[2024-02-05T22:25:32.785+0000][7][gc,phases   ] GC(47)   Other: 0.1ms
[2024-02-05T22:25:32.785+0000][7][gc,age      ] GC(47) Age table with threshold 15 (max threshold 15)
[2024-02-05T22:25:32.785+0000][7][gc,age      ] GC(47) - age   1:    1611144 bytes,    1611144 total
[2024-02-05T22:25:32.785+0000][7][gc,age      ] GC(47) - age   2:       5792 bytes,    1616936 total
[2024-02-05T22:25:32.785+0000][7][gc,age      ] GC(47) - age   3:       9128 bytes,    1626064 total
[2024-02-05T22:25:32.785+0000][7][gc,age      ] GC(47) - age   4:       8608 bytes,    1634672 total
[2024-02-05T22:25:32.785+0000][7][gc,age      ] GC(47) - age   5:      12400 bytes,    1647072 total
[2024-02-05T22:25:32.785+0000][7][gc,age      ] GC(47) - age   6:        872 bytes,    1647944 total
[2024-02-05T22:25:32.785+0000][7][gc,age      ] GC(47) - age   7:      42392 bytes,    1690336 total
[2024-02-05T22:25:32.785+0000][7][gc,age      ] GC(47) - age   8:     112088 bytes,    1802424 total
[2024-02-05T22:25:32.785+0000][7][gc,age      ] GC(47) - age   9:       1968 bytes,    1804392 total
[2024-02-05T22:25:32.785+0000][7][gc,age      ] GC(47) - age  10:     377272 bytes,    2181664 total
[2024-02-05T22:25:32.785+0000][7][gc,age      ] GC(47) - age  11:       2296 bytes,    2183960 total
[2024-02-05T22:25:32.785+0000][7][gc,age      ] GC(47) - age  12:       1808 bytes,    2185768 total
[2024-02-05T22:25:32.785+0000][7][gc,age      ] GC(47) - age  13:       2744 bytes,    2188512 total
[2024-02-05T22:25:32.785+0000][7][gc,age      ] GC(47) - age  14:      40504 bytes,    2229016 total
[2024-02-05T22:25:32.785+0000][7][gc,age      ] GC(47) - age  15:       1152 bytes,    2230168 total
[2024-02-05T22:25:32.785+0000][7][gc,heap     ] GC(47) Eden regions: 152->0(152)
[2024-02-05T22:25:32.785+0000][7][gc,heap     ] GC(47) Survivor regions: 1->1(20)
[2024-02-05T22:25:32.785+0000][7][gc,heap     ] GC(47) Old regions: 22->22
[2024-02-05T22:25:32.785+0000][7][gc,heap     ] GC(47) Archive regions: 2->2
[2024-02-05T22:25:32.785+0000][7][gc,heap     ] GC(47) Humongous regions: 0->0
[2024-02-05T22:25:32.785+0000][7][gc,metaspace] GC(47) Metaspace: 125986K(129344K)->125986K(129344K) NonClass: 109524K(111296K)->109524K(111296K) Class: 16461K(18048K)->16461K(18048K)
[2024-02-05T22:25:32.785+0000][7][gc          ] GC(47) Pause Young (Normal) (G1 Evacuation Pause) 701M->93M(1024M) 4.323ms
[2024-02-05T22:25:32.785+0000][7][gc,cpu      ] GC(47) User=0.02s Sys=0.00s Real=0.01s
[2024-02-05T22:25:32.785+0000][7][safepoint   ] Safepoint "G1CollectForAllocation", Time since last: 28035193180 ns, Reaching safepoint: 94063 ns, At safepoint: 4423631 ns, Total: 4517694 ns
[2024-02-05T22:25:44.786+0000][7][safepoint   ] Safepoint "Cleanup", Time since last: 12000974654 ns, Reaching safepoint: 67735 ns, At safepoint: 8109 ns, Total: 75844 ns
[2024-02-05T22:25:52.787+0000][7][safepoint   ] Safepoint "Cleanup", Time since last: 8000756938 ns, Reaching safepoint: 90073 ns, At safepoint: 6398 ns, Total: 96471 ns
[2024-02-05T22:26:02.788+0000][7][safepoint   ] Safepoint "Cleanup", Time since last: 10000930725 ns, Reaching safepoint: 130850 ns, At safepoint: 6927 ns, Total: 137777 ns
[2024-02-05T22:26:52.794+0000][7][safepoint   ] Safepoint "Cleanup", Time since last: 50005894773 ns, Reaching safepoint: 77579 ns, At safepoint: 7682 ns, Total: 85261 ns
[2024-02-05T22:27:15.797+0000][7][safepoint   ] Safepoint "Cleanup", Time since last: 23002338457 ns, Reaching safepoint: 80329 ns, At safepoint: 7959 ns, Total: 88288 ns
[2024-02-05T22:27:44.799+0000][7][safepoint   ] Safepoint "Cleanup", Time since last: 29002654818 ns, Reaching safepoint: 89202 ns, At safepoint: 6161 ns, Total: 95363 ns
[2024-02-05T22:27:51.800+0000][7][safepoint   ] Safepoint "Cleanup", Time since last: 7000676033 ns, Reaching safepoint: 160988 ns, At safepoint: 13795 ns, Total: 174783 ns
[2024-02-05T22:28:20.804+0000][7][safepoint   ] Safepoint "Cleanup", Time since last: 29003102270 ns, Reaching safepoint: 201475 ns, At safepoint: 11871 ns, Total: 213346 ns
[2024-02-05T22:28:47.953+0000][7][safepoint   ] Safepoint "Cleanup", Time since last: 26340161995 ns, Reaching safepoint: 137261 ns, At safepoint: 14701 ns, Total: 151962 ns
[2024-02-05T22:28:53.955+0000][7][safepoint   ] Safepoint "Cleanup", Time since last: 6001113074 ns, Reaching safepoint: 94008 ns, At safepoint: 14331 ns, Total: 108339 ns
[2024-02-05T22:28:54.629+0000][7][gc,start    ] GC(48) Pause Young (Normal) (G1 Evacuation Pause)
[2024-02-05T22:28:54.629+0000][7][gc,task     ] GC(48) Using 8 workers of 8 for evacuation
[2024-02-05T22:28:54.629+0000][7][gc,age      ] GC(48) Desired survivor size 41943040 bytes, new threshold 15 (max threshold 15)
[2024-02-05T22:28:54.632+0000][7][gc,phases   ] GC(48)   Pre Evacuate Collection Set: 0.1ms
[2024-02-05T22:28:54.632+0000][7][gc,phases   ] GC(48)   Merge Heap Roots: 0.1ms
[2024-02-05T22:28:54.632+0000][7][gc,phases   ] GC(48)   Evacuate Collection Set: 2.0ms
[2024-02-05T22:28:54.632+0000][7][gc,phases   ] GC(48)   Post Evacuate Collection Set: 0.9ms
[2024-02-05T22:28:54.632+0000][7][gc,phases   ] GC(48)   Other: 0.1ms
[2024-02-05T22:28:54.632+0000][7][gc,age      ] GC(48) Age table with threshold 15 (max threshold 15)
[2024-02-05T22:28:54.632+0000][7][gc,age      ] GC(48) - age   1:    1137448 bytes,    1137448 total
[2024-02-05T22:28:54.632+0000][7][gc,age      ] GC(48) - age   2:     233632 bytes,    1371080 total
[2024-02-05T22:28:54.632+0000][7][gc,age      ] GC(48) - age   3:       2432 bytes,    1373512 total
[2024-02-05T22:28:54.632+0000][7][gc,age      ] GC(48) - age   4:       9000 bytes,    1382512 total
[2024-02-05T22:28:54.632+0000][7][gc,age      ] GC(48) - age   5:       8584 bytes,    1391096 total
[2024-02-05T22:28:54.632+0000][7][gc,age      ] GC(48) - age   6:      12400 bytes,    1403496 total
[2024-02-05T22:28:54.632+0000][7][gc,age      ] GC(48) - age   7:        856 bytes,    1404352 total
[2024-02-05T22:28:54.632+0000][7][gc,age      ] GC(48) - age   8:      22920 bytes,    1427272 total
[2024-02-05T22:28:54.632+0000][7][gc,age      ] GC(48) - age   9:      17664 bytes,    1444936 total
[2024-02-05T22:28:54.632+0000][7][gc,age      ] GC(48) - age  10:       1968 bytes,    1446904 total
[2024-02-05T22:28:54.632+0000][7][gc,age      ] GC(48) - age  11:     368792 bytes,    1815696 total
[2024-02-05T22:28:54.632+0000][7][gc,age      ] GC(48) - age  12:       2296 bytes,    1817992 total
[2024-02-05T22:28:54.632+0000][7][gc,age      ] GC(48) - age  13:       1808 bytes,    1819800 total
[2024-02-05T22:28:54.632+0000][7][gc,age      ] GC(48) - age  14:       2744 bytes,    1822544 total
[2024-02-05T22:28:54.632+0000][7][gc,age      ] GC(48) - age  15:      40504 bytes,    1863048 total
[2024-02-05T22:28:54.632+0000][7][gc,heap     ] GC(48) Eden regions: 152->0(152)
[2024-02-05T22:28:54.632+0000][7][gc,heap     ] GC(48) Survivor regions: 1->1(20)
[2024-02-05T22:28:54.632+0000][7][gc,heap     ] GC(48) Old regions: 22->22
[2024-02-05T22:28:54.632+0000][7][gc,heap     ] GC(48) Archive regions: 2->2
[2024-02-05T22:28:54.632+0000][7][gc,heap     ] GC(48) Humongous regions: 0->0
[2024-02-05T22:28:54.632+0000][7][gc,metaspace] GC(48) Metaspace: 126016K(129472K)->126016K(129472K) NonClass: 109555K(111424K)->109555K(111424K) Class: 16461K(18048K)->16461K(18048K)
[2024-02-05T22:28:54.632+0000][7][gc          ] GC(48) Pause Young (Normal) (G1 Evacuation Pause) 701M->92M(1024M) 3.535ms
[2024-02-05T22:28:54.632+0000][7][gc,cpu      ] GC(48) User=0.02s Sys=0.00s Real=0.01s
[2024-02-05T22:28:54.632+0000][7][safepoint   ] Safepoint "G1CollectForAllocation", Time since last: 674223556 ns, Reaching safepoint: 44512 ns, At safepoint: 3636107 ns, Total: 3680619 ns
[2024-02-05T22:29:33.637+0000][7][safepoint   ] Safepoint "Cleanup", Time since last: 39004204356 ns, Reaching safepoint: 68633 ns, At safepoint: 6221 ns, Total: 74854 ns
[2024-02-05T22:29:37.637+0000][7][safepoint   ] Safepoint "Cleanup", Time since last: 4000388423 ns, Reaching safepoint: 62174 ns, At safepoint: 5681 ns, Total: 67855 ns
[2024-02-05T22:29:53.639+0000][7][safepoint   ] Safepoint "Cleanup", Time since last: 16002052332 ns, Reaching safepoint: 98632 ns, At safepoint: 10997 ns, Total: 109629 ns
[2024-02-05T22:30:01.640+0000][7][safepoint   ] Safepoint "Cleanup", Time since last: 8000640221 ns, Reaching safepoint: 109977 ns, At safepoint: 7667 ns, Total: 117644 ns
[2024-02-05T22:30:51.646+0000][7][safepoint   ] Safepoint "Cleanup", Time since last: 50005802061 ns, Reaching safepoint: 111733 ns, At safepoint: 10373 ns, Total: 122106 ns
[2024-02-05T22:31:15.649+0000][7][safepoint   ] Safepoint "Cleanup", Time since last: 24002357140 ns, Reaching safepoint: 82448 ns, At safepoint: 9476 ns, Total: 91924 ns
[2024-02-05T22:31:36.651+0000][7][safepoint   ] Safepoint "Cleanup", Time since last: 21002837537 ns, Reaching safepoint: 105557 ns, At safepoint: 16936 ns, Total: 122493 ns
[2024-02-05T22:31:36.675+0000][7][gc,start    ] GC(49) Pause Young (Normal) (G1 Evacuation Pause)
[2024-02-05T22:31:36.675+0000][7][gc,task     ] GC(49) Using 8 workers of 8 for evacuation
[2024-02-05T22:31:36.675+0000][7][gc,age      ] GC(49) Desired survivor size 41943040 bytes, new threshold 15 (max threshold 15)
[2024-02-05T22:31:36.678+0000][7][gc,phases   ] GC(49)   Pre Evacuate Collection Set: 0.1ms
[2024-02-05T22:31:36.678+0000][7][gc,phases   ] GC(49)   Merge Heap Roots: 0.1ms
[2024-02-05T22:31:36.678+0000][7][gc,phases   ] GC(49)   Evacuate Collection Set: 1.6ms
[2024-02-05T22:31:36.678+0000][7][gc,phases   ] GC(49)   Post Evacuate Collection Set: 0.8ms
[2024-02-05T22:31:36.678+0000][7][gc,phases   ] GC(49)   Other: 0.1ms
[2024-02-05T22:31:36.678+0000][7][gc,age      ] GC(49) Age table with threshold 15 (max threshold 15)
[2024-02-05T22:31:36.678+0000][7][gc,age      ] GC(49) - age   1:     930400 bytes,     930400 total
[2024-02-05T22:31:36.678+0000][7][gc,age      ] GC(49) - age   2:      86040 bytes,    1016440 total
[2024-02-05T22:31:36.678+0000][7][gc,age      ] GC(49) - age   3:     231616 bytes,    1248056 total
[2024-02-05T22:31:36.678+0000][7][gc,age      ] GC(49) - age   4:       1392 bytes,    1249448 total
[2024-02-05T22:31:36.678+0000][7][gc,age      ] GC(49) - age   5:       9000 bytes,    1258448 total
[2024-02-05T22:31:36.678+0000][7][gc,age      ] GC(49) - age   6:       8584 bytes,    1267032 total
[2024-02-05T22:31:36.678+0000][7][gc,age      ] GC(49) - age   7:      12368 bytes,    1279400 total
[2024-02-05T22:31:36.678+0000][7][gc,age      ] GC(49) - age   8:        856 bytes,    1280256 total
[2024-02-05T22:31:36.678+0000][7][gc,age      ] GC(49) - age   9:      22920 bytes,    1303176 total
[2024-02-05T22:31:36.678+0000][7][gc,age      ] GC(49) - age  10:        696 bytes,    1303872 total
[2024-02-05T22:31:36.678+0000][7][gc,age      ] GC(49) - age  11:       1968 bytes,    1305840 total
[2024-02-05T22:31:36.678+0000][7][gc,age      ] GC(49) - age  12:     368792 bytes,    1674632 total
[2024-02-05T22:31:36.678+0000][7][gc,age      ] GC(49) - age  13:       2296 bytes,    1676928 total
[2024-02-05T22:31:36.678+0000][7][gc,age      ] GC(49) - age  14:       1808 bytes,    1678736 total
[2024-02-05T22:31:36.678+0000][7][gc,age      ] GC(49) - age  15:       2744 bytes,    1681480 total
[2024-02-05T22:31:36.678+0000][7][gc,heap     ] GC(49) Eden regions: 152->0(152)
[2024-02-05T22:31:36.678+0000][7][gc,heap     ] GC(49) Survivor regions: 1->1(20)
[2024-02-05T22:31:36.678+0000][7][gc,heap     ] GC(49) Old regions: 22->22
[2024-02-05T22:31:36.678+0000][7][gc,heap     ] GC(49) Archive regions: 2->2
[2024-02-05T22:31:36.678+0000][7][gc,heap     ] GC(49) Humongous regions: 0->0
[2024-02-05T22:31:36.678+0000][7][gc,metaspace] GC(49) Metaspace: 126069K(129472K)->126069K(129472K) NonClass: 109608K(111424K)->109608K(111424K) Class: 16461K(18048K)->16461K(18048K)
[2024-02-05T22:31:36.678+0000][7][gc          ] GC(49) Pause Young (Normal) (G1 Evacuation Pause) 700M->92M(1024M) 3.090ms
[2024-02-05T22:31:36.678+0000][7][gc,cpu      ] GC(49) User=0.01s Sys=0.01s Real=0.00s
[2024-02-05T22:31:36.678+0000][7][safepoint   ] Safepoint "G1CollectForAllocation", Time since last: 23693916 ns, Reaching safepoint: 49103 ns, At safepoint: 3185058 ns, Total: 3234161 ns
[2024-02-05T22:31:45.680+0000][7][safepoint   ] Safepoint "Cleanup", Time since last: 9001264054 ns, Reaching safepoint: 70778 ns, At safepoint: 5959 ns, Total: 76737 ns
[2024-02-05T22:31:53.681+0000][7][safepoint   ] Safepoint "Cleanup", Time since last: 8000755817 ns, Reaching safepoint: 90423 ns, At safepoint: 45116 ns, Total: 135539 ns
[2024-02-05T22:32:15.683+0000][7][safepoint   ] Safepoint "Cleanup", Time since last: 22002002408 ns, Reaching safepoint: 84124 ns, At safepoint: 6909 ns, Total: 91033 ns
[2024-02-05T22:32:27.684+0000][7][safepoint   ] Safepoint "Cleanup", Time since last: 12001244278 ns, Reaching safepoint: 75722 ns, At safepoint: 6876 ns, Total: 82598 ns
[2024-02-05T22:33:03.688+0000][7][safepoint   ] Safepoint "Cleanup", Time since last: 36003751970 ns, Reaching safepoint: 71472 ns, At safepoint: 37440 ns, Total: 108912 ns
[2024-02-05T22:33:50.693+0000][7][safepoint   ] Safepoint "Cleanup", Time since last: 47005326286 ns, Reaching safepoint: 104847 ns, At safepoint: 7815 ns, Total: 112662 ns
[2024-02-05T22:33:53.694+0000][7][safepoint   ] Safepoint "Cleanup", Time since last: 3000361974 ns, Reaching safepoint: 91032 ns, At safepoint: 20792 ns, Total: 111824 ns
[2024-02-05T22:34:27.560+0000][7][gc,start    ] GC(50) Pause Young (Normal) (G1 Evacuation Pause)
[2024-02-05T22:34:27.560+0000][7][gc,task     ] GC(50) Using 8 workers of 8 for evacuation
[2024-02-05T22:34:27.560+0000][7][gc,age      ] GC(50) Desired survivor size 41943040 bytes, new threshold 15 (max threshold 15)
[2024-02-05T22:34:27.563+0000][7][gc,phases   ] GC(50)   Pre Evacuate Collection Set: 0.1ms
[2024-02-05T22:34:27.563+0000][7][gc,phases   ] GC(50)   Merge Heap Roots: 0.1ms
[2024-02-05T22:34:27.563+0000][7][gc,phases   ] GC(50)   Evacuate Collection Set: 1.8ms
[2024-02-05T22:34:27.563+0000][7][gc,phases   ] GC(50)   Post Evacuate Collection Set: 0.7ms
[2024-02-05T22:34:27.563+0000][7][gc,phases   ] GC(50)   Other: 0.1ms
[2024-02-05T22:34:27.563+0000][7][gc,age      ] GC(50) Age table with threshold 15 (max threshold 15)
[2024-02-05T22:34:27.563+0000][7][gc,age      ] GC(50) - age   1:    1395904 bytes,    1395904 total
[2024-02-05T22:34:27.563+0000][7][gc,age      ] GC(50) - age   2:     102944 bytes,    1498848 total
[2024-02-05T22:34:27.563+0000][7][gc,age      ] GC(50) - age   3:      83832 bytes,    1582680 total
[2024-02-05T22:34:27.563+0000][7][gc,age      ] GC(50) - age   4:     231616 bytes,    1814296 total
[2024-02-05T22:34:27.563+0000][7][gc,age      ] GC(50) - age   5:       1392 bytes,    1815688 total
[2024-02-05T22:34:27.563+0000][7][gc,age      ] GC(50) - age   6:       9000 bytes,    1824688 total
[2024-02-05T22:34:27.563+0000][7][gc,age      ] GC(50) - age   7:       8584 bytes,    1833272 total
[2024-02-05T22:34:27.563+0000][7][gc,age      ] GC(50) - age   8:      12368 bytes,    1845640 total
[2024-02-05T22:34:27.563+0000][7][gc,age      ] GC(50) - age   9:        856 bytes,    1846496 total
[2024-02-05T22:34:27.563+0000][7][gc,age      ] GC(50) - age  10:      22856 bytes,    1869352 total
[2024-02-05T22:34:27.563+0000][7][gc,age      ] GC(50) - age  11:        632 bytes,    1869984 total
[2024-02-05T22:34:27.563+0000][7][gc,age      ] GC(50) - age  12:       1968 bytes,    1871952 total
[2024-02-05T22:34:27.563+0000][7][gc,age      ] GC(50) - age  13:     368792 bytes,    2240744 total
[2024-02-05T22:34:27.563+0000][7][gc,age      ] GC(50) - age  14:       2296 bytes,    2243040 total
[2024-02-05T22:34:27.563+0000][7][gc,age      ] GC(50) - age  15:       1808 bytes,    2244848 total
[2024-02-05T22:34:27.563+0000][7][gc,heap     ] GC(50) Eden regions: 152->0(152)
[2024-02-05T22:34:27.563+0000][7][gc,heap     ] GC(50) Survivor regions: 1->1(20)
[2024-02-05T22:34:27.563+0000][7][gc,heap     ] GC(50) Old regions: 22->22
[2024-02-05T22:34:27.563+0000][7][gc,heap     ] GC(50) Archive regions: 2->2
[2024-02-05T22:34:27.563+0000][7][gc,heap     ] GC(50) Humongous regions: 0->0
[2024-02-05T22:34:27.563+0000][7][gc,metaspace] GC(50) Metaspace: 126105K(129536K)->126105K(129536K) NonClass: 109643K(111488K)->109643K(111488K) Class: 16461K(18048K)->16461K(18048K)
[2024-02-05T22:34:27.563+0000][7][gc          ] GC(50) Pause Young (Normal) (G1 Evacuation Pause) 700M->93M(1024M) 3.088ms
[2024-02-05T22:34:27.563+0000][7][gc,cpu      ] GC(50) User=0.02s Sys=0.00s Real=0.00s
[2024-02-05T22:34:27.563+0000][7][safepoint   ] Safepoint "G1CollectForAllocation", Time since last: 33866200247 ns, Reaching safepoint: 35323 ns, At safepoint: 3186259 ns, Total: 3221582 ns
[2024-02-05T22:34:53.565+0000][7][safepoint   ] Safepoint "Cleanup", Time since last: 26002042093 ns, Reaching safepoint: 51691 ns, At safepoint: 4734 ns, Total: 56425 ns
[2024-02-05T22:35:53.571+0000][7][safepoint   ] Safepoint "Cleanup", Time since last: 60005575749 ns, Reaching safepoint: 81883 ns, At safepoint: 8358 ns, Total: 90241 ns
[2024-02-05T22:36:07.572+0000][7][safepoint   ] Safepoint "Cleanup", Time since last: 14001314055 ns, Reaching safepoint: 115073 ns, At safepoint: 39552 ns, Total: 154625 ns
[2024-02-05T22:37:09.555+0000][7][gc,start    ] GC(51) Pause Young (Normal) (G1 Evacuation Pause)
[2024-02-05T22:37:09.555+0000][7][gc,task     ] GC(51) Using 8 workers of 8 for evacuation
[2024-02-05T22:37:09.555+0000][7][gc,age      ] GC(51) Desired survivor size 41943040 bytes, new threshold 15 (max threshold 15)
[2024-02-05T22:37:09.558+0000][7][gc,phases   ] GC(51)   Pre Evacuate Collection Set: 0.1ms
[2024-02-05T22:37:09.558+0000][7][gc,phases   ] GC(51)   Merge Heap Roots: 0.1ms
[2024-02-05T22:37:09.558+0000][7][gc,phases   ] GC(51)   Evacuate Collection Set: 1.6ms
[2024-02-05T22:37:09.558+0000][7][gc,phases   ] GC(51)   Post Evacuate Collection Set: 0.8ms
[2024-02-05T22:37:09.558+0000][7][gc,phases   ] GC(51)   Other: 0.1ms
[2024-02-05T22:37:09.558+0000][7][gc,age      ] GC(51) Age table with threshold 15 (max threshold 15)
[2024-02-05T22:37:09.558+0000][7][gc,age      ] GC(51) - age   1:     855760 bytes,     855760 total
[2024-02-05T22:37:09.558+0000][7][gc,age      ] GC(51) - age   2:      22824 bytes,     878584 total
[2024-02-05T22:37:09.558+0000][7][gc,age      ] GC(51) - age   3:     100136 bytes,     978720 total
[2024-02-05T22:37:09.558+0000][7][gc,age      ] GC(51) - age   4:      83576 bytes,    1062296 total
[2024-02-05T22:37:09.558+0000][7][gc,age      ] GC(51) - age   5:     228360 bytes,    1290656 total
[2024-02-05T22:37:09.558+0000][7][gc,age      ] GC(51) - age   6:       1392 bytes,    1292048 total
[2024-02-05T22:37:09.558+0000][7][gc,age      ] GC(51) - age   7:       9000 bytes,    1301048 total
[2024-02-05T22:37:09.558+0000][7][gc,age      ] GC(51) - age   8:       8584 bytes,    1309632 total
[2024-02-05T22:37:09.558+0000][7][gc,age      ] GC(51) - age   9:      12336 bytes,    1321968 total
[2024-02-05T22:37:09.558+0000][7][gc,age      ] GC(51) - age  10:        856 bytes,    1322824 total
[2024-02-05T22:37:09.558+0000][7][gc,age      ] GC(51) - age  11:      22856 bytes,    1345680 total
[2024-02-05T22:37:09.558+0000][7][gc,age      ] GC(51) - age  12:        632 bytes,    1346312 total
[2024-02-05T22:37:09.558+0000][7][gc,age      ] GC(51) - age  13:       1968 bytes,    1348280 total
[2024-02-05T22:37:09.558+0000][7][gc,age      ] GC(51) - age  14:     368792 bytes,    1717072 total
[2024-02-05T22:37:09.558+0000][7][gc,age      ] GC(51) - age  15:       2296 bytes,    1719368 total
[2024-02-05T22:37:09.558+0000][7][gc,heap     ] GC(51) Eden regions: 152->0(152)
[2024-02-05T22:37:09.558+0000][7][gc,heap     ] GC(51) Survivor regions: 1->1(20)
[2024-02-05T22:37:09.558+0000][7][gc,heap     ] GC(51) Old regions: 22->22
[2024-02-05T22:37:09.558+0000][7][gc,heap     ] GC(51) Archive regions: 2->2
[2024-02-05T22:37:09.558+0000][7][gc,heap     ] GC(51) Humongous regions: 0->0
[2024-02-05T22:37:09.558+0000][7][gc,metaspace] GC(51) Metaspace: 126109K(129536K)->126109K(129536K) NonClass: 109648K(111488K)->109648K(111488K) Class: 16461K(18048K)->16461K(18048K)
[2024-02-05T22:37:09.558+0000][7][gc          ] GC(51) Pause Young (Normal) (G1 Evacuation Pause) 701M->92M(1024M) 3.043ms
[2024-02-05T22:37:09.558+0000][7][gc,cpu      ] GC(51) User=0.01s Sys=0.00s Real=0.00s
[2024-02-05T22:37:09.559+0000][7][safepoint   ] Safepoint "G1CollectForAllocation", Time since last: 61982851154 ns, Reaching safepoint: 46180 ns, At safepoint: 3136603 ns, Total: 3182783 ns
[2024-02-05T22:37:43.562+0000][7][safepoint   ] Safepoint "Cleanup", Time since last: 34003616162 ns, Reaching safepoint: 91755 ns, At safepoint: 13233 ns, Total: 104988 ns
[2024-02-05T22:38:16.565+0000][7][safepoint   ] Safepoint "Cleanup", Time since last: 33003156521 ns, Reaching safepoint: 59707 ns, At safepoint: 38083 ns, Total: 97790 ns
[2024-02-05T22:40:22.342+0000][7][gc,start    ] GC(52) Pause Young (Normal) (G1 Evacuation Pause)
[2024-02-05T22:40:22.342+0000][7][gc,task     ] GC(52) Using 8 workers of 8 for evacuation
[2024-02-05T22:40:22.342+0000][7][gc,age      ] GC(52) Desired survivor size 41943040 bytes, new threshold 15 (max threshold 15)
[2024-02-05T22:40:22.344+0000][7][gc,phases   ] GC(52)   Pre Evacuate Collection Set: 0.1ms
[2024-02-05T22:40:22.344+0000][7][gc,phases   ] GC(52)   Merge Heap Roots: 0.1ms
[2024-02-05T22:40:22.344+0000][7][gc,phases   ] GC(52)   Evacuate Collection Set: 1.7ms
[2024-02-05T22:40:22.344+0000][7][gc,phases   ] GC(52)   Post Evacuate Collection Set: 0.7ms
[2024-02-05T22:40:22.344+0000][7][gc,phases   ] GC(52)   Other: 0.1ms
[2024-02-05T22:40:22.344+0000][7][gc,age      ] GC(52) Age table with threshold 15 (max threshold 15)
[2024-02-05T22:40:22.344+0000][7][gc,age      ] GC(52) - age   1:    1851856 bytes,    1851856 total
[2024-02-05T22:40:22.344+0000][7][gc,age      ] GC(52) - age   2:      23384 bytes,    1875240 total
[2024-02-05T22:40:22.344+0000][7][gc,age      ] GC(52) - age   3:      21184 bytes,    1896424 total
[2024-02-05T22:40:22.344+0000][7][gc,age      ] GC(52) - age   4:      99888 bytes,    1996312 total
[2024-02-05T22:40:22.344+0000][7][gc,age      ] GC(52) - age   5:      83576 bytes,    2079888 total
[2024-02-05T22:40:22.344+0000][7][gc,age      ] GC(52) - age   6:     227968 bytes,    2307856 total
[2024-02-05T22:40:22.344+0000][7][gc,age      ] GC(52) - age   7:       1392 bytes,    2309248 total
[2024-02-05T22:40:22.344+0000][7][gc,age      ] GC(52) - age   8:       9000 bytes,    2318248 total
[2024-02-05T22:40:22.344+0000][7][gc,age      ] GC(52) - age   9:       8584 bytes,    2326832 total
[2024-02-05T22:40:22.344+0000][7][gc,age      ] GC(52) - age  10:      12336 bytes,    2339168 total
[2024-02-05T22:40:22.344+0000][7][gc,age      ] GC(52) - age  11:        856 bytes,    2340024 total
[2024-02-05T22:40:22.344+0000][7][gc,age      ] GC(52) - age  12:      22856 bytes,    2362880 total
[2024-02-05T22:40:22.344+0000][7][gc,age      ] GC(52) - age  13:        632 bytes,    2363512 total
[2024-02-05T22:40:22.344+0000][7][gc,age      ] GC(52) - age  14:       1968 bytes,    2365480 total
[2024-02-05T22:40:22.344+0000][7][gc,age      ] GC(52) - age  15:     368792 bytes,    2734272 total
[2024-02-05T22:40:22.344+0000][7][gc,heap     ] GC(52) Eden regions: 152->0(152)
[2024-02-05T22:40:22.344+0000][7][gc,heap     ] GC(52) Survivor regions: 1->1(20)
[2024-02-05T22:40:22.344+0000][7][gc,heap     ] GC(52) Old regions: 22->22
[2024-02-05T22:40:22.345+0000][7][gc,heap     ] GC(52) Archive regions: 2->2
[2024-02-05T22:40:22.345+0000][7][gc,heap     ] GC(52) Humongous regions: 0->0
[2024-02-05T22:40:22.345+0000][7][gc,metaspace] GC(52) Metaspace: 126113K(129536K)->126113K(129536K) NonClass: 109652K(111488K)->109652K(111488K) Class: 16461K(18048K)->16461K(18048K)
[2024-02-05T22:40:22.345+0000][7][gc          ] GC(52) Pause Young (Normal) (G1 Evacuation Pause) 700M->93M(1024M) 2.982ms
[2024-02-05T22:40:22.345+0000][7][gc,cpu      ] GC(52) User=0.02s Sys=0.00s Real=0.01s
[2024-02-05T22:40:22.345+0000][7][safepoint   ] Safepoint "G1CollectForAllocation", Time since last: 125776002168 ns, Reaching safepoint: 50028 ns, At safepoint: 3068269 ns, Total: 3118297 ns
[2024-02-05T22:40:54.349+0000][7][safepoint   ] Safepoint "Cleanup", Time since last: 32003642333 ns, Reaching safepoint: 322188 ns, At safepoint: 37047 ns, Total: 359235 ns
[2024-02-05T22:42:46.361+0000][7][safepoint   ] Safepoint "Cleanup", Time since last: 112012526926 ns, Reaching safepoint: 117462 ns, At safepoint: 19000 ns, Total: 136462 ns
[2024-02-05T22:43:17.364+0000][7][safepoint   ] Safepoint "Cleanup", Time since last: 31003078838 ns, Reaching safepoint: 69282 ns, At safepoint: 9015 ns, Total: 78297 ns
[2024-02-05T22:43:22.365+0000][7][safepoint   ] Safepoint "Cleanup", Time since last: 5000537616 ns, Reaching safepoint: 70450 ns, At safepoint: 44435 ns, Total: 114885 ns
[2024-02-05T22:43:46.368+0000][7][safepoint   ] Safepoint "Cleanup", Time since last: 24002881367 ns, Reaching safepoint: 42854 ns, At safepoint: 3801 ns, Total: 46655 ns
[2024-02-05T22:43:51.642+0000][7][gc,start    ] GC(53) Pause Young (Normal) (G1 Evacuation Pause)
[2024-02-05T22:43:51.642+0000][7][gc,task     ] GC(53) Using 8 workers of 8 for evacuation
[2024-02-05T22:43:51.642+0000][7][gc,age      ] GC(53) Desired survivor size 41943040 bytes, new threshold 15 (max threshold 15)
[2024-02-05T22:43:51.646+0000][7][gc,phases   ] GC(53)   Pre Evacuate Collection Set: 0.1ms
[2024-02-05T22:43:51.646+0000][7][gc,phases   ] GC(53)   Merge Heap Roots: 0.1ms
[2024-02-05T22:43:51.646+0000][7][gc,phases   ] GC(53)   Evacuate Collection Set: 2.3ms
[2024-02-05T22:43:51.646+0000][7][gc,phases   ] GC(53)   Post Evacuate Collection Set: 0.9ms
[2024-02-05T22:43:51.646+0000][7][gc,phases   ] GC(53)   Other: 0.1ms
[2024-02-05T22:43:51.646+0000][7][gc,age      ] GC(53) Age table with threshold 15 (max threshold 15)
[2024-02-05T22:43:51.646+0000][7][gc,age      ] GC(53) - age   1:     966392 bytes,     966392 total
[2024-02-05T22:43:51.646+0000][7][gc,age      ] GC(53) - age   2:       3992 bytes,     970384 total
[2024-02-05T22:43:51.646+0000][7][gc,age      ] GC(53) - age   3:      21312 bytes,     991696 total
[2024-02-05T22:43:51.646+0000][7][gc,age      ] GC(53) - age   4:      20888 bytes,    1012584 total
[2024-02-05T22:43:51.646+0000][7][gc,age      ] GC(53) - age   5:      99144 bytes,    1111728 total
[2024-02-05T22:43:51.646+0000][7][gc,age      ] GC(53) - age   6:      83480 bytes,    1195208 total
[2024-02-05T22:43:51.646+0000][7][gc,age      ] GC(53) - age   7:     211168 bytes,    1406376 total
[2024-02-05T22:43:51.646+0000][7][gc,age      ] GC(53) - age   8:       1392 bytes,    1407768 total
[2024-02-05T22:43:51.646+0000][7][gc,age      ] GC(53) - age   9:       9000 bytes,    1416768 total
[2024-02-05T22:43:51.646+0000][7][gc,age      ] GC(53) - age  10:       8464 bytes,    1425232 total
[2024-02-05T22:43:51.646+0000][7][gc,age      ] GC(53) - age  11:      12336 bytes,    1437568 total
[2024-02-05T22:43:51.646+0000][7][gc,age      ] GC(53) - age  12:        856 bytes,    1438424 total
[2024-02-05T22:43:51.646+0000][7][gc,age      ] GC(53) - age  13:      22856 bytes,    1461280 total
[2024-02-05T22:43:51.646+0000][7][gc,age      ] GC(53) - age  14:        632 bytes,    1461912 total
[2024-02-05T22:43:51.646+0000][7][gc,age      ] GC(53) - age  15:       1968 bytes,    1463880 total
[2024-02-05T22:43:51.646+0000][7][gc,heap     ] GC(53) Eden regions: 152->0(152)
[2024-02-05T22:43:51.646+0000][7][gc,heap     ] GC(53) Survivor regions: 1->1(20)
[2024-02-05T22:43:51.646+0000][7][gc,heap     ] GC(53) Old regions: 22->22
[2024-02-05T22:43:51.646+0000][7][gc,heap     ] GC(53) Archive regions: 2->2
[2024-02-05T22:43:51.646+0000][7][gc,heap     ] GC(53) Humongous regions: 0->0
[2024-02-05T22:43:51.646+0000][7][gc,metaspace] GC(53) Metaspace: 126151K(129536K)->126151K(129536K) NonClass: 109686K(111488K)->109686K(111488K) Class: 16464K(18048K)->16464K(18048K)
[2024-02-05T22:43:51.646+0000][7][gc          ] GC(53) Pause Young (Normal) (G1 Evacuation Pause) 701M->92M(1024M) 3.960ms
[2024-02-05T22:43:51.646+0000][7][gc,cpu      ] GC(53) User=0.02s Sys=0.00s Real=0.01s
[2024-02-05T22:43:51.646+0000][7][safepoint   ] Safepoint "G1CollectForAllocation", Time since last: 5273806613 ns, Reaching safepoint: 105125 ns, At safepoint: 4070602 ns, Total: 4175727 ns
[2024-02-05T22:43:53.646+0000][7][safepoint   ] Safepoint "Cleanup", Time since last: 2000259628 ns, Reaching safepoint: 87257 ns, At safepoint: 9634 ns, Total: 96891 ns
[2024-02-05T22:44:40.652+0000][7][safepoint   ] Safepoint "Cleanup", Time since last: 47005320460 ns, Reaching safepoint: 123457 ns, At safepoint: 11485 ns, Total: 134942 ns
[2024-02-05T22:46:04.662+0000][7][safepoint   ] Safepoint "Cleanup", Time since last: 84009988952 ns, Reaching safepoint: 120041 ns, At safepoint: 12763 ns, Total: 132804 ns
[2024-02-05T22:46:45.667+0000][7][safepoint   ] Safepoint "Cleanup", Time since last: 41004947462 ns, Reaching safepoint: 93087 ns, At safepoint: 11957 ns, Total: 105044 ns
[2024-02-05T22:46:46.667+0000][7][safepoint   ] Safepoint "Cleanup", Time since last: 1000231299 ns, Reaching safepoint: 65024 ns, At safepoint: 6292 ns, Total: 71316 ns
[2024-02-05T22:46:51.668+0000][7][safepoint   ] Safepoint "Cleanup", Time since last: 5000500755 ns, Reaching safepoint: 138758 ns, At safepoint: 32047 ns, Total: 170805 ns
[2024-02-05T22:46:58.669+0000][7][safepoint   ] Safepoint "Cleanup", Time since last: 7000645778 ns, Reaching safepoint: 50280 ns, At safepoint: 7526 ns, Total: 57806 ns
[2024-02-05T22:47:24.589+0000][7][gc,start    ] GC(54) Pause Young (Normal) (G1 Evacuation Pause)
[2024-02-05T22:47:24.589+0000][7][gc,task     ] GC(54) Using 8 workers of 8 for evacuation
[2024-02-05T22:47:24.589+0000][7][gc,age      ] GC(54) Desired survivor size 41943040 bytes, new threshold 15 (max threshold 15)
[2024-02-05T22:47:24.594+0000][7][gc,phases   ] GC(54)   Pre Evacuate Collection Set: 0.2ms
[2024-02-05T22:47:24.594+0000][7][gc,phases   ] GC(54)   Merge Heap Roots: 0.1ms
[2024-02-05T22:47:24.594+0000][7][gc,phases   ] GC(54)   Evacuate Collection Set: 3.2ms
[2024-02-05T22:47:24.594+0000][7][gc,phases   ] GC(54)   Post Evacuate Collection Set: 1.1ms
[2024-02-05T22:47:24.594+0000][7][gc,phases   ] GC(54)   Other: 0.1ms
[2024-02-05T22:47:24.594+0000][7][gc,age      ] GC(54) Age table with threshold 15 (max threshold 15)
[2024-02-05T22:47:24.594+0000][7][gc,age      ] GC(54) - age   1:    1501184 bytes,    1501184 total
[2024-02-05T22:47:24.594+0000][7][gc,age      ] GC(54) - age   2:      33056 bytes,    1534240 total
[2024-02-05T22:47:24.594+0000][7][gc,age      ] GC(54) - age   3:       1912 bytes,    1536152 total
[2024-02-05T22:47:24.594+0000][7][gc,age      ] GC(54) - age   4:      18176 bytes,    1554328 total
[2024-02-05T22:47:24.594+0000][7][gc,age      ] GC(54) - age   5:      20888 bytes,    1575216 total
[2024-02-05T22:47:24.594+0000][7][gc,age      ] GC(54) - age   6:      99144 bytes,    1674360 total
[2024-02-05T22:47:24.594+0000][7][gc,age      ] GC(54) - age   7:      83480 bytes,    1757840 total
[2024-02-05T22:47:24.594+0000][7][gc,age      ] GC(54) - age   8:     211168 bytes,    1969008 total
[2024-02-05T22:47:24.594+0000][7][gc,age      ] GC(54) - age   9:       1392 bytes,    1970400 total
[2024-02-05T22:47:24.594+0000][7][gc,age      ] GC(54) - age  10:       9000 bytes,    1979400 total
[2024-02-05T22:47:24.594+0000][7][gc,age      ] GC(54) - age  11:       8464 bytes,    1987864 total
[2024-02-05T22:47:24.594+0000][7][gc,age      ] GC(54) - age  12:      12336 bytes,    2000200 total
[2024-02-05T22:47:24.594+0000][7][gc,age      ] GC(54) - age  13:        856 bytes,    2001056 total
[2024-02-05T22:47:24.594+0000][7][gc,age      ] GC(54) - age  14:      22672 bytes,    2023728 total
[2024-02-05T22:47:24.594+0000][7][gc,age      ] GC(54) - age  15:        632 bytes,    2024360 total
[2024-02-05T22:47:24.594+0000][7][gc,heap     ] GC(54) Eden regions: 152->0(152)
[2024-02-05T22:47:24.594+0000][7][gc,heap     ] GC(54) Survivor regions: 1->1(20)
[2024-02-05T22:47:24.594+0000][7][gc,heap     ] GC(54) Old regions: 22->22
[2024-02-05T22:47:24.594+0000][7][gc,heap     ] GC(54) Archive regions: 2->2
[2024-02-05T22:47:24.594+0000][7][gc,heap     ] GC(54) Humongous regions: 0->0
[2024-02-05T22:47:24.594+0000][7][gc,metaspace] GC(54) Metaspace: 126151K(129536K)->126151K(129536K) NonClass: 109686K(111488K)->109686K(111488K) Class: 16464K(18048K)->16464K(18048K)
[2024-02-05T22:47:24.594+0000][7][gc          ] GC(54) Pause Young (Normal) (G1 Evacuation Pause) 700M->93M(1024M) 5.119ms
[2024-02-05T22:47:24.594+0000][7][gc,cpu      ] GC(54) User=0.02s Sys=0.00s Real=0.01s
[2024-02-05T22:47:24.594+0000][7][safepoint   ] Safepoint "G1CollectForAllocation", Time since last: 25919800298 ns, Reaching safepoint: 235087 ns, At safepoint: 5228056 ns, Total: 5463143 ns
[2024-02-05T22:47:27.594+0000][7][safepoint   ] Safepoint "Cleanup", Time since last: 3000298755 ns, Reaching safepoint: 114677 ns, At safepoint: 11108 ns, Total: 125785 ns
[2024-02-05T22:47:28.595+0000][7][safepoint   ] Safepoint "Cleanup", Time since last: 1000203630 ns, Reaching safepoint: 77610 ns, At safepoint: 13153 ns, Total: 90763 ns
[2024-02-05T22:48:22.600+0000][7][safepoint   ] Safepoint "Cleanup", Time since last: 54004951499 ns, Reaching safepoint: 47908 ns, At safepoint: 26929 ns, Total: 74837 ns
[2024-02-05T22:48:53.603+0000][7][safepoint   ] Safepoint "Cleanup", Time since last: 31003581714 ns, Reaching safepoint: 98635 ns, At safepoint: 7422 ns, Total: 106057 ns
[2024-02-05T22:49:34.608+0000][7][safepoint   ] Safepoint "Cleanup", Time since last: 41004490109 ns, Reaching safepoint: 91707 ns, At safepoint: 11276 ns, Total: 102983 ns
[2024-02-05T22:49:58.611+0000][7][safepoint   ] Safepoint "Cleanup", Time since last: 24002867762 ns, Reaching safepoint: 142800 ns, At safepoint: 26349 ns, Total: 169149 ns
[2024-02-05T22:50:04.612+0000][7][safepoint   ] Safepoint "Cleanup", Time since last: 6000803444 ns, Reaching safepoint: 63568 ns, At safepoint: 8119 ns, Total: 71687 ns
[2024-02-05T22:50:51.677+0000][7][gc,start    ] GC(55) Pause Young (Normal) (G1 Evacuation Pause)
[2024-02-05T22:50:51.677+0000][7][gc,task     ] GC(55) Using 8 workers of 8 for evacuation
[2024-02-05T22:50:51.677+0000][7][gc,age      ] GC(55) Desired survivor size 41943040 bytes, new threshold 15 (max threshold 15)
[2024-02-05T22:50:51.679+0000][7][gc,phases   ] GC(55)   Pre Evacuate Collection Set: 0.1ms
[2024-02-05T22:50:51.679+0000][7][gc,phases   ] GC(55)   Merge Heap Roots: 0.1ms
[2024-02-05T22:50:51.679+0000][7][gc,phases   ] GC(55)   Evacuate Collection Set: 1.7ms
[2024-02-05T22:50:51.679+0000][7][gc,phases   ] GC(55)   Post Evacuate Collection Set: 0.6ms
[2024-02-05T22:50:51.679+0000][7][gc,phases   ] GC(55)   Other: 0.1ms
[2024-02-05T22:50:51.679+0000][7][gc,age      ] GC(55) Age table with threshold 15 (max threshold 15)
[2024-02-05T22:50:51.679+0000][7][gc,age      ] GC(55) - age   1:    1694736 bytes,    1694736 total
[2024-02-05T22:50:51.679+0000][7][gc,age      ] GC(55) - age   2:      28464 bytes,    1723200 total
[2024-02-05T22:50:51.679+0000][7][gc,age      ] GC(55) - age   3:      32032 bytes,    1755232 total
[2024-02-05T22:50:51.679+0000][7][gc,age      ] GC(55) - age   4:       1616 bytes,    1756848 total
[2024-02-05T22:50:51.679+0000][7][gc,age      ] GC(55) - age   5:      17992 bytes,    1774840 total
[2024-02-05T22:50:51.679+0000][7][gc,age      ] GC(55) - age   6:      20888 bytes,    1795728 total
[2024-02-05T22:50:51.679+0000][7][gc,age      ] GC(55) - age   7:      99144 bytes,    1894872 total
[2024-02-05T22:50:51.679+0000][7][gc,age      ] GC(55) - age   8:      83480 bytes,    1978352 total
[2024-02-05T22:50:51.679+0000][7][gc,age      ] GC(55) - age   9:     211168 bytes,    2189520 total
[2024-02-05T22:50:51.679+0000][7][gc,age      ] GC(55) - age  10:       1392 bytes,    2190912 total
[2024-02-05T22:50:51.679+0000][7][gc,age      ] GC(55) - age  11:       9000 bytes,    2199912 total
[2024-02-05T22:50:51.679+0000][7][gc,age      ] GC(55) - age  12:       8464 bytes,    2208376 total
[2024-02-05T22:50:51.679+0000][7][gc,age      ] GC(55) - age  13:      12336 bytes,    2220712 total
[2024-02-05T22:50:51.679+0000][7][gc,age      ] GC(55) - age  14:        856 bytes,    2221568 total
[2024-02-05T22:50:51.679+0000][7][gc,age      ] GC(55) - age  15:      22672 bytes,    2244240 total
[2024-02-05T22:50:51.679+0000][7][gc,heap     ] GC(55) Eden regions: 152->0(152)
[2024-02-05T22:50:51.679+0000][7][gc,heap     ] GC(55) Survivor regions: 1->1(20)
[2024-02-05T22:50:51.679+0000][7][gc,heap     ] GC(55) Old regions: 22->22
[2024-02-05T22:50:51.679+0000][7][gc,heap     ] GC(55) Archive regions: 2->2
[2024-02-05T22:50:51.680+0000][7][gc,heap     ] GC(55) Humongous regions: 0->0
[2024-02-05T22:50:51.680+0000][7][gc,metaspace] GC(55) Metaspace: 126153K(129536K)->126153K(129536K) NonClass: 109688K(111488K)->109688K(111488K) Class: 16464K(18048K)->16464K(18048K)
[2024-02-05T22:50:51.680+0000][7][gc          ] GC(55) Pause Young (Normal) (G1 Evacuation Pause) 701M->93M(1024M) 2.709ms
[2024-02-05T22:50:51.680+0000][7][gc,cpu      ] GC(55) User=0.02s Sys=0.00s Real=0.00s
[2024-02-05T22:50:51.680+0000][7][safepoint   ] Safepoint "G1CollectForAllocation", Time since last: 47064894130 ns, Reaching safepoint: 47227 ns, At safepoint: 2780810 ns, Total: 2828037 ns
[2024-02-05T22:50:59.681+0000][7][safepoint   ] Safepoint "Cleanup", Time since last: 8000895346 ns, Reaching safepoint: 78974 ns, At safepoint: 7387 ns, Total: 86361 ns
[2024-02-05T22:51:46.686+0000][7][safepoint   ] Safepoint "Cleanup", Time since last: 47005547132 ns, Reaching safepoint: 93026 ns, At safepoint: 13202 ns, Total: 106228 ns
[2024-02-05T22:51:58.688+0000][7][safepoint   ] Safepoint "Cleanup", Time since last: 12001664537 ns, Reaching safepoint: 115104 ns, At safepoint: 34937 ns, Total: 150041 ns
[2024-02-05T22:52:15.690+0000][7][safepoint   ] Safepoint "Cleanup", Time since last: 17002089262 ns, Reaching safepoint: 41184 ns, At safepoint: 8550 ns, Total: 49734 ns
[2024-02-05T22:52:21.691+0000][7][safepoint   ] Safepoint "Cleanup", Time since last: 6001012093 ns, Reaching safepoint: 118008 ns, At safepoint: 15878 ns, Total: 133886 ns
[2024-02-05T22:52:53.696+0000][7][safepoint   ] Safepoint "Cleanup", Time since last: 32004213349 ns, Reaching safepoint: 97650 ns, At safepoint: 8340 ns, Total: 105990 ns
[2024-02-05T22:54:15.705+0000][7][safepoint   ] Safepoint "Cleanup", Time since last: 82009027135 ns, Reaching safepoint: 77034 ns, At safepoint: 11725 ns, Total: 88759 ns
[2024-02-05T22:54:16.705+0000][7][safepoint   ] Safepoint "Cleanup", Time since last: 1000151359 ns, Reaching safepoint: 42871 ns, At safepoint: 3421 ns, Total: 46292 ns
[2024-02-05T22:54:18.609+0000][7][gc,start    ] GC(56) Pause Young (Normal) (G1 Evacuation Pause)
[2024-02-05T22:54:18.609+0000][7][gc,task     ] GC(56) Using 8 workers of 8 for evacuation
[2024-02-05T22:54:18.609+0000][7][gc,age      ] GC(56) Desired survivor size 41943040 bytes, new threshold 15 (max threshold 15)
[2024-02-05T22:54:18.612+0000][7][gc,phases   ] GC(56)   Pre Evacuate Collection Set: 0.1ms
[2024-02-05T22:54:18.612+0000][7][gc,phases   ] GC(56)   Merge Heap Roots: 0.1ms
[2024-02-05T22:54:18.612+0000][7][gc,phases   ] GC(56)   Evacuate Collection Set: 1.9ms
[2024-02-05T22:54:18.612+0000][7][gc,phases   ] GC(56)   Post Evacuate Collection Set: 0.9ms
[2024-02-05T22:54:18.612+0000][7][gc,phases   ] GC(56)   Other: 0.1ms
[2024-02-05T22:54:18.612+0000][7][gc,age      ] GC(56) Age table with threshold 15 (max threshold 15)
[2024-02-05T22:54:18.612+0000][7][gc,age      ] GC(56) - age   1:    1289928 bytes,    1289928 total
[2024-02-05T22:54:18.612+0000][7][gc,age      ] GC(56) - age   2:       2984 bytes,    1292912 total
[2024-02-05T22:54:18.612+0000][7][gc,age      ] GC(56) - age   3:      26544 bytes,    1319456 total
[2024-02-05T22:54:18.612+0000][7][gc,age      ] GC(56) - age   4:      30872 bytes,    1350328 total
[2024-02-05T22:54:18.612+0000][7][gc,age      ] GC(56) - age   5:       1616 bytes,    1351944 total
[2024-02-05T22:54:18.612+0000][7][gc,age      ] GC(56) - age   6:      17992 bytes,    1369936 total
[2024-02-05T22:54:18.612+0000][7][gc,age      ] GC(56) - age   7:      18776 bytes,    1388712 total
[2024-02-05T22:54:18.612+0000][7][gc,age      ] GC(56) - age   8:      99112 bytes,    1487824 total
[2024-02-05T22:54:18.612+0000][7][gc,age      ] GC(56) - age   9:      83480 bytes,    1571304 total
[2024-02-05T22:54:18.612+0000][7][gc,age      ] GC(56) - age  10:     210624 bytes,    1781928 total
[2024-02-05T22:54:18.612+0000][7][gc,age      ] GC(56) - age  11:       1392 bytes,    1783320 total
[2024-02-05T22:54:18.612+0000][7][gc,age      ] GC(56) - age  12:        984 bytes,    1784304 total
[2024-02-05T22:54:18.612+0000][7][gc,age      ] GC(56) - age  13:       8464 bytes,    1792768 total
[2024-02-05T22:54:18.612+0000][7][gc,age      ] GC(56) - age  14:      12336 bytes,    1805104 total
[2024-02-05T22:54:18.612+0000][7][gc,age      ] GC(56) - age  15:        856 bytes,    1805960 total
[2024-02-05T22:54:18.612+0000][7][gc,heap     ] GC(56) Eden regions: 152->0(152)
[2024-02-05T22:54:18.612+0000][7][gc,heap     ] GC(56) Survivor regions: 1->1(20)
[2024-02-05T22:54:18.612+0000][7][gc,heap     ] GC(56) Old regions: 22->22
[2024-02-05T22:54:18.612+0000][7][gc,heap     ] GC(56) Archive regions: 2->2
[2024-02-05T22:54:18.612+0000][7][gc,heap     ] GC(56) Humongous regions: 0->0
[2024-02-05T22:54:18.612+0000][7][gc,metaspace] GC(56) Metaspace: 126428K(129856K)->126428K(129856K) NonClass: 109911K(111744K)->109911K(111744K) Class: 16516K(18112K)->16516K(18112K)
[2024-02-05T22:54:18.612+0000][7][gc          ] GC(56) Pause Young (Normal) (G1 Evacuation Pause) 701M->93M(1024M) 3.380ms
[2024-02-05T22:54:18.612+0000][7][gc,cpu      ] GC(56) User=0.02s Sys=0.00s Real=0.01s
[2024-02-05T22:54:18.612+0000][7][safepoint   ] Safepoint "G1CollectForAllocation", Time since last: 1903653869 ns, Reaching safepoint: 44480 ns, At safepoint: 3495586 ns, Total: 3540066 ns
[2024-02-05T22:54:19.613+0000][7][safepoint   ] Safepoint "Cleanup", Time since last: 1000209080 ns, Reaching safepoint: 173339 ns, At safepoint: 13120 ns, Total: 186459 ns
[2024-02-05T22:54:43.615+0000][7][safepoint   ] Safepoint "Cleanup", Time since last: 24002234209 ns, Reaching safepoint: 111203 ns, At safepoint: 27428 ns, Total: 138631 ns
[2024-02-05T22:56:34.628+0000][7][safepoint   ] Safepoint "Cleanup", Time since last: 111013062929 ns, Reaching safepoint: 126591 ns, At safepoint: 15884 ns, Total: 142475 ns
[2024-02-05T22:56:52.630+0000][7][safepoint   ] Safepoint "Cleanup", Time since last: 18001993923 ns, Reaching safepoint: 94069 ns, At safepoint: 8504 ns, Total: 102573 ns
[2024-02-05T22:57:16.633+0000][7][safepoint   ] Safepoint "Cleanup", Time since last: 24002568621 ns, Reaching safepoint: 96864 ns, At safepoint: 7362 ns, Total: 104226 ns
[2024-02-05T22:57:40.318+0000][7][gc,start    ] GC(57) Pause Young (Normal) (G1 Evacuation Pause)
[2024-02-05T22:57:40.318+0000][7][gc,task     ] GC(57) Using 8 workers of 8 for evacuation
[2024-02-05T22:57:40.318+0000][7][gc,age      ] GC(57) Desired survivor size 41943040 bytes, new threshold 15 (max threshold 15)
[2024-02-05T22:57:40.321+0000][7][gc,phases   ] GC(57)   Pre Evacuate Collection Set: 0.1ms
[2024-02-05T22:57:40.321+0000][7][gc,phases   ] GC(57)   Merge Heap Roots: 0.1ms
[2024-02-05T22:57:40.321+0000][7][gc,phases   ] GC(57)   Evacuate Collection Set: 1.8ms
[2024-02-05T22:57:40.321+0000][7][gc,phases   ] GC(57)   Post Evacuate Collection Set: 0.7ms
[2024-02-05T22:57:40.321+0000][7][gc,phases   ] GC(57)   Other: 0.1ms
[2024-02-05T22:57:40.321+0000][7][gc,age      ] GC(57) Age table with threshold 15 (max threshold 15)
[2024-02-05T22:57:40.321+0000][7][gc,age      ] GC(57) - age   1:    1515240 bytes,    1515240 total
[2024-02-05T22:57:40.321+0000][7][gc,age      ] GC(57) - age   2:     255760 bytes,    1771000 total
[2024-02-05T22:57:40.321+0000][7][gc,age      ] GC(57) - age   3:        328 bytes,    1771328 total
[2024-02-05T22:57:40.321+0000][7][gc,age      ] GC(57) - age   4:      22984 bytes,    1794312 total
[2024-02-05T22:57:40.321+0000][7][gc,age      ] GC(57) - age   5:      30872 bytes,    1825184 total
[2024-02-05T22:57:40.321+0000][7][gc,age      ] GC(57) - age   6:       1224 bytes,    1826408 total
[2024-02-05T22:57:40.321+0000][7][gc,age      ] GC(57) - age   7:      17992 bytes,    1844400 total
[2024-02-05T22:57:40.321+0000][7][gc,age      ] GC(57) - age   8:      18776 bytes,    1863176 total
[2024-02-05T22:57:40.321+0000][7][gc,age      ] GC(57) - age   9:      99112 bytes,    1962288 total
[2024-02-05T22:57:40.321+0000][7][gc,age      ] GC(57) - age  10:      83480 bytes,    2045768 total
[2024-02-05T22:57:40.321+0000][7][gc,age      ] GC(57) - age  11:     210624 bytes,    2256392 total
[2024-02-05T22:57:40.321+0000][7][gc,age      ] GC(57) - age  12:       1392 bytes,    2257784 total
[2024-02-05T22:57:40.321+0000][7][gc,age      ] GC(57) - age  13:        984 bytes,    2258768 total
[2024-02-05T22:57:40.321+0000][7][gc,age      ] GC(57) - age  14:       8280 bytes,    2267048 total
[2024-02-05T22:57:40.321+0000][7][gc,age      ] GC(57) - age  15:      12336 bytes,    2279384 total
[2024-02-05T22:57:40.321+0000][7][gc,heap     ] GC(57) Eden regions: 152->0(152)
[2024-02-05T22:57:40.321+0000][7][gc,heap     ] GC(57) Survivor regions: 1->1(20)
[2024-02-05T22:57:40.321+0000][7][gc,heap     ] GC(57) Old regions: 22->22
[2024-02-05T22:57:40.321+0000][7][gc,heap     ] GC(57) Archive regions: 2->2
[2024-02-05T22:57:40.321+0000][7][gc,heap     ] GC(57) Humongous regions: 0->0
[2024-02-05T22:57:40.321+0000][7][gc,metaspace] GC(57) Metaspace: 126448K(129856K)->126448K(129856K) NonClass: 109931K(111744K)->109931K(111744K) Class: 16516K(18112K)->16516K(18112K)
[2024-02-05T22:57:40.321+0000][7][gc          ] GC(57) Pause Young (Normal) (G1 Evacuation Pause) 701M->93M(1024M) 2.990ms
[2024-02-05T22:57:40.321+0000][7][gc,cpu      ] GC(57) User=0.02s Sys=0.00s Real=0.00s
[2024-02-05T22:57:40.321+0000][7][safepoint   ] Safepoint "G1CollectForAllocation", Time since last: 23685007148 ns, Reaching safepoint: 60763 ns, At safepoint: 3070353 ns, Total: 3131116 ns
[2024-02-05T22:58:40.917+0000][7][safepoint   ] Safepoint "Cleanup", Time since last: 60595814570 ns, Reaching safepoint: 112032 ns, At safepoint: 8538 ns, Total: 120570 ns
[2024-02-05T22:59:21.923+0000][7][safepoint   ] Safepoint "Cleanup", Time since last: 41006144078 ns, Reaching safepoint: 87277 ns, At safepoint: 8972 ns, Total: 96249 ns
[2024-02-05T23:00:03.928+0000][7][safepoint   ] Safepoint "Cleanup", Time since last: 42005096907 ns, Reaching safepoint: 115758 ns, At safepoint: 7265 ns, Total: 123023 ns
[2024-02-05T23:00:58.936+0000][7][safepoint   ] Safepoint "Cleanup", Time since last: 55007509121 ns, Reaching safepoint: 157111 ns, At safepoint: 7586 ns, Total: 164697 ns
[2024-02-05T23:01:18.181+0000][7][gc,start    ] GC(58) Pause Young (Normal) (G1 Evacuation Pause)
[2024-02-05T23:01:18.181+0000][7][gc,task     ] GC(58) Using 8 workers of 8 for evacuation
[2024-02-05T23:01:18.181+0000][7][gc,age      ] GC(58) Desired survivor size 41943040 bytes, new threshold 15 (max threshold 15)
[2024-02-05T23:01:18.184+0000][7][gc,phases   ] GC(58)   Pre Evacuate Collection Set: 0.1ms
[2024-02-05T23:01:18.184+0000][7][gc,phases   ] GC(58)   Merge Heap Roots: 0.1ms
[2024-02-05T23:01:18.184+0000][7][gc,phases   ] GC(58)   Evacuate Collection Set: 1.5ms
[2024-02-05T23:01:18.184+0000][7][gc,phases   ] GC(58)   Post Evacuate Collection Set: 1.0ms
[2024-02-05T23:01:18.184+0000][7][gc,phases   ] GC(58)   Other: 0.1ms
[2024-02-05T23:01:18.184+0000][7][gc,age      ] GC(58) Age table with threshold 15 (max threshold 15)
[2024-02-05T23:01:18.184+0000][7][gc,age      ] GC(58) - age   1:     647152 bytes,     647152 total
[2024-02-05T23:01:18.184+0000][7][gc,age      ] GC(58) - age   2:       6440 bytes,     653592 total
[2024-02-05T23:01:18.184+0000][7][gc,age      ] GC(58) - age   3:     244784 bytes,     898376 total
[2024-02-05T23:01:18.184+0000][7][gc,age      ] GC(58) - age   4:        328 bytes,     898704 total
[2024-02-05T23:01:18.184+0000][7][gc,age      ] GC(58) - age   5:      22800 bytes,     921504 total
[2024-02-05T23:01:18.184+0000][7][gc,age      ] GC(58) - age   6:      30656 bytes,     952160 total
[2024-02-05T23:01:18.184+0000][7][gc,age      ] GC(58) - age   7:       1224 bytes,     953384 total
[2024-02-05T23:01:18.184+0000][7][gc,age      ] GC(58) - age   8:      17992 bytes,     971376 total
[2024-02-05T23:01:18.184+0000][7][gc,age      ] GC(58) - age   9:      18776 bytes,     990152 total
[2024-02-05T23:01:18.184+0000][7][gc,age      ] GC(58) - age  10:      99112 bytes,    1089264 total
[2024-02-05T23:01:18.184+0000][7][gc,age      ] GC(58) - age  11:      83480 bytes,    1172744 total
[2024-02-05T23:01:18.184+0000][7][gc,age      ] GC(58) - age  12:     210624 bytes,    1383368 total
[2024-02-05T23:01:18.184+0000][7][gc,age      ] GC(58) - age  13:       1392 bytes,    1384760 total
[2024-02-05T23:01:18.184+0000][7][gc,age      ] GC(58) - age  14:        984 bytes,    1385744 total
[2024-02-05T23:01:18.184+0000][7][gc,age      ] GC(58) - age  15:       8280 bytes,    1394024 total
[2024-02-05T23:01:18.184+0000][7][gc,heap     ] GC(58) Eden regions: 152->0(152)
[2024-02-05T23:01:18.184+0000][7][gc,heap     ] GC(58) Survivor regions: 1->1(20)
[2024-02-05T23:01:18.184+0000][7][gc,heap     ] GC(58) Old regions: 22->22
[2024-02-05T23:01:18.184+0000][7][gc,heap     ] GC(58) Archive regions: 2->2
[2024-02-05T23:01:18.184+0000][7][gc,heap     ] GC(58) Humongous regions: 0->0
[2024-02-05T23:01:18.184+0000][7][gc,metaspace] GC(58) Metaspace: 126463K(129856K)->126463K(129856K) NonClass: 109946K(111744K)->109946K(111744K) Class: 16516K(18112K)->16516K(18112K)
[2024-02-05T23:01:18.184+0000][7][gc          ] GC(58) Pause Young (Normal) (G1 Evacuation Pause) 701M->92M(1024M) 3.263ms
[2024-02-05T23:01:18.184+0000][7][gc,cpu      ] GC(58) User=0.01s Sys=0.00s Real=0.01s
[2024-02-05T23:01:18.184+0000][7][safepoint   ] Safepoint "G1CollectForAllocation", Time since last: 19244948095 ns, Reaching safepoint: 56383 ns, At safepoint: 3375441 ns, Total: 3431824 ns
[2024-02-05T23:01:59.189+0000][7][safepoint   ] Safepoint "Cleanup", Time since last: 41004687636 ns, Reaching safepoint: 60847 ns, At safepoint: 36719 ns, Total: 97566 ns
[2024-02-05T23:03:40.201+0000][7][safepoint   ] Safepoint "Cleanup", Time since last: 101012103114 ns, Reaching safepoint: 116751 ns, At safepoint: 7132 ns, Total: 123883 ns
[2024-02-05T23:03:52.203+0000][7][safepoint   ] Safepoint "Cleanup", Time since last: 12001639952 ns, Reaching safepoint: 113315 ns, At safepoint: 11474 ns, Total: 124789 ns
[2024-02-05T23:03:54.442+0000][7][safepoint   ] Safepoint "Cleanup", Time since last: 2239066796 ns, Reaching safepoint: 105231 ns, At safepoint: 10463 ns, Total: 115694 ns
[2024-02-05T23:04:16.445+0000][7][safepoint   ] Safepoint "Cleanup", Time since last: 22002079443 ns, Reaching safepoint: 60792 ns, At safepoint: 6769 ns, Total: 67561 ns
[2024-02-05T23:04:22.446+0000][7][safepoint   ] Safepoint "Cleanup", Time since last: 6000979713 ns, Reaching safepoint: 130628 ns, At safepoint: 5999 ns, Total: 136627 ns
[2024-02-05T23:04:48.647+0000][7][gc,start    ] GC(59) Pause Young (Normal) (G1 Evacuation Pause)
[2024-02-05T23:04:48.647+0000][7][gc,task     ] GC(59) Using 8 workers of 8 for evacuation
[2024-02-05T23:04:48.647+0000][7][gc,age      ] GC(59) Desired survivor size 41943040 bytes, new threshold 15 (max threshold 15)
[2024-02-05T23:04:48.651+0000][7][gc,phases   ] GC(59)   Pre Evacuate Collection Set: 0.1ms
[2024-02-05T23:04:48.651+0000][7][gc,phases   ] GC(59)   Merge Heap Roots: 0.1ms
[2024-02-05T23:04:48.651+0000][7][gc,phases   ] GC(59)   Evacuate Collection Set: 2.2ms
[2024-02-05T23:04:48.651+0000][7][gc,phases   ] GC(59)   Post Evacuate Collection Set: 1.2ms
[2024-02-05T23:04:48.651+0000][7][gc,phases   ] GC(59)   Other: 0.1ms
[2024-02-05T23:04:48.651+0000][7][gc,age      ] GC(59) Age table with threshold 15 (max threshold 15)
[2024-02-05T23:04:48.651+0000][7][gc,age      ] GC(59) - age   1:    1344920 bytes,    1344920 total
[2024-02-05T23:04:48.651+0000][7][gc,age      ] GC(59) - age   2:       4672 bytes,    1349592 total
[2024-02-05T23:04:48.651+0000][7][gc,age      ] GC(59) - age   3:        904 bytes,    1350496 total
[2024-02-05T23:04:48.651+0000][7][gc,age      ] GC(59) - age   4:     244696 bytes,    1595192 total
[2024-02-05T23:04:48.651+0000][7][gc,age      ] GC(59) - age   5:        328 bytes,    1595520 total
[2024-02-05T23:04:48.651+0000][7][gc,age      ] GC(59) - age   6:      22616 bytes,    1618136 total
[2024-02-05T23:04:48.651+0000][7][gc,age      ] GC(59) - age   7:      30272 bytes,    1648408 total
[2024-02-05T23:04:48.651+0000][7][gc,age      ] GC(59) - age   8:       1224 bytes,    1649632 total
[2024-02-05T23:04:48.651+0000][7][gc,age      ] GC(59) - age   9:      17992 bytes,    1667624 total
[2024-02-05T23:04:48.651+0000][7][gc,age      ] GC(59) - age  10:      18776 bytes,    1686400 total
[2024-02-05T23:04:48.651+0000][7][gc,age      ] GC(59) - age  11:      99112 bytes,    1785512 total
[2024-02-05T23:04:48.651+0000][7][gc,age      ] GC(59) - age  12:      83480 bytes,    1868992 total
[2024-02-05T23:04:48.651+0000][7][gc,age      ] GC(59) - age  13:     210624 bytes,    2079616 total
[2024-02-05T23:04:48.651+0000][7][gc,age      ] GC(59) - age  14:       1392 bytes,    2081008 total
[2024-02-05T23:04:48.651+0000][7][gc,age      ] GC(59) - age  15:        984 bytes,    2081992 total
[2024-02-05T23:04:48.651+0000][7][gc,heap     ] GC(59) Eden regions: 152->0(152)
[2024-02-05T23:04:48.651+0000][7][gc,heap     ] GC(59) Survivor regions: 1->1(20)
[2024-02-05T23:04:48.651+0000][7][gc,heap     ] GC(59) Old regions: 22->22
[2024-02-05T23:04:48.651+0000][7][gc,heap     ] GC(59) Archive regions: 2->2
[2024-02-05T23:04:48.651+0000][7][gc,heap     ] GC(59) Humongous regions: 0->0
[2024-02-05T23:04:48.651+0000][7][gc,metaspace] GC(59) Metaspace: 126469K(129856K)->126469K(129856K) NonClass: 109952K(111744K)->109952K(111744K) Class: 16516K(18112K)->16516K(18112K)
[2024-02-05T23:04:48.651+0000][7][gc          ] GC(59) Pause Young (Normal) (G1 Evacuation Pause) 700M->93M(1024M) 4.201ms
[2024-02-05T23:04:48.651+0000][7][gc,cpu      ] GC(59) User=0.02s Sys=0.00s Real=0.00s
[2024-02-05T23:04:48.651+0000][7][safepoint   ] Safepoint "G1CollectForAllocation", Time since last: 26201051358 ns, Reaching safepoint: 60653 ns, At safepoint: 4309545 ns, Total: 4370198 ns
[2024-02-05T23:04:53.652+0000][7][safepoint   ] Safepoint "Cleanup", Time since last: 5000674140 ns, Reaching safepoint: 82169 ns, At safepoint: 9789 ns, Total: 91958 ns
[2024-02-05T23:04:58.653+0000][7][safepoint   ] Safepoint "Cleanup", Time since last: 5000543808 ns, Reaching safepoint: 116405 ns, At safepoint: 10323 ns, Total: 126728 ns
[2024-02-05T23:05:53.659+0000][7][safepoint   ] Safepoint "Cleanup", Time since last: 55006152104 ns, Reaching safepoint: 120064 ns, At safepoint: 9532 ns, Total: 129596 ns
[2024-02-05T23:06:04.660+0000][7][safepoint   ] Safepoint "Cleanup", Time since last: 11001086043 ns, Reaching safepoint: 125016 ns, At safepoint: 10113 ns, Total: 135129 ns
[2024-02-05T23:06:16.662+0000][7][safepoint   ] Safepoint "Cleanup", Time since last: 12001438839 ns, Reaching safepoint: 109363 ns, At safepoint: 6311 ns, Total: 115674 ns
[2024-02-05T23:07:40.672+0000][7][safepoint   ] Safepoint "Cleanup", Time since last: 84009996872 ns, Reaching safepoint: 118061 ns, At safepoint: 7571 ns, Total: 125632 ns
[2024-02-05T23:08:16.464+0000][7][gc,start    ] GC(60) Pause Young (Normal) (G1 Evacuation Pause)
[2024-02-05T23:08:16.464+0000][7][gc,task     ] GC(60) Using 8 workers of 8 for evacuation
[2024-02-05T23:08:16.464+0000][7][gc,age      ] GC(60) Desired survivor size 41943040 bytes, new threshold 15 (max threshold 15)
[2024-02-05T23:08:16.466+0000][7][gc,phases   ] GC(60)   Pre Evacuate Collection Set: 0.1ms
[2024-02-05T23:08:16.466+0000][7][gc,phases   ] GC(60)   Merge Heap Roots: 0.1ms
[2024-02-05T23:08:16.466+0000][7][gc,phases   ] GC(60)   Evacuate Collection Set: 1.3ms
[2024-02-05T23:08:16.466+0000][7][gc,phases   ] GC(60)   Post Evacuate Collection Set: 0.5ms
[2024-02-05T23:08:16.466+0000][7][gc,phases   ] GC(60)   Other: 0.1ms
[2024-02-05T23:08:16.466+0000][7][gc,age      ] GC(60) Age table with threshold 15 (max threshold 15)
[2024-02-05T23:08:16.466+0000][7][gc,age      ] GC(60) - age   1:    1699336 bytes,    1699336 total
[2024-02-05T23:08:16.466+0000][7][gc,age      ] GC(60) - age   2:       6368 bytes,    1705704 total
[2024-02-05T23:08:16.466+0000][7][gc,age      ] GC(60) - age   3:       3616 bytes,    1709320 total
[2024-02-05T23:08:16.466+0000][7][gc,age      ] GC(60) - age   4:        840 bytes,    1710160 total
[2024-02-05T23:08:16.466+0000][7][gc,age      ] GC(60) - age   5:     244696 bytes,    1954856 total
[2024-02-05T23:08:16.466+0000][7][gc,age      ] GC(60) - age   6:        328 bytes,    1955184 total
[2024-02-05T23:08:16.466+0000][7][gc,age      ] GC(60) - age   7:      22616 bytes,    1977800 total
[2024-02-05T23:08:16.466+0000][7][gc,age      ] GC(60) - age   8:      30272 bytes,    2008072 total
[2024-02-05T23:08:16.466+0000][7][gc,age      ] GC(60) - age   9:       1224 bytes,    2009296 total
[2024-02-05T23:08:16.466+0000][7][gc,age      ] GC(60) - age  10:      17992 bytes,    2027288 total
[2024-02-05T23:08:16.466+0000][7][gc,age      ] GC(60) - age  11:      18776 bytes,    2046064 total
[2024-02-05T23:08:16.466+0000][7][gc,age      ] GC(60) - age  12:      99112 bytes,    2145176 total
[2024-02-05T23:08:16.466+0000][7][gc,age      ] GC(60) - age  13:      83480 bytes,    2228656 total
[2024-02-05T23:08:16.466+0000][7][gc,age      ] GC(60) - age  14:     210624 bytes,    2439280 total
[2024-02-05T23:08:16.466+0000][7][gc,age      ] GC(60) - age  15:       1392 bytes,    2440672 total
[2024-02-05T23:08:16.466+0000][7][gc,heap     ] GC(60) Eden regions: 152->0(152)
[2024-02-05T23:08:16.466+0000][7][gc,heap     ] GC(60) Survivor regions: 1->1(20)
[2024-02-05T23:08:16.466+0000][7][gc,heap     ] GC(60) Old regions: 22->22
[2024-02-05T23:08:16.466+0000][7][gc,heap     ] GC(60) Archive regions: 2->2
[2024-02-05T23:08:16.466+0000][7][gc,heap     ] GC(60) Humongous regions: 0->0
[2024-02-05T23:08:16.466+0000][7][gc,metaspace] GC(60) Metaspace: 126470K(129856K)->126470K(129856K) NonClass: 109953K(111744K)->109953K(111744K) Class: 16516K(18112K)->16516K(18112K)
[2024-02-05T23:08:16.466+0000][7][gc          ] GC(60) Pause Young (Normal) (G1 Evacuation Pause) 701M->93M(1024M) 2.269ms
[2024-02-05T23:08:16.466+0000][7][gc,cpu      ] GC(60) User=0.01s Sys=0.00s Real=0.00s
[2024-02-05T23:08:16.466+0000][7][safepoint   ] Safepoint "G1CollectForAllocation", Time since last: 35792116277 ns, Reaching safepoint: 46631 ns, At safepoint: 2339182 ns, Total: 2385813 ns
[2024-02-05T23:09:59.479+0000][7][safepoint   ] Safepoint "Cleanup", Time since last: 103013128770 ns, Reaching safepoint: 83321 ns, At safepoint: 7141 ns, Total: 90462 ns
[2024-02-05T23:10:04.480+0000][7][safepoint   ] Safepoint "Cleanup", Time since last: 5000450128 ns, Reaching safepoint: 48201 ns, At safepoint: 3979 ns, Total: 52180 ns
[2024-02-05T23:10:10.481+0000][7][safepoint   ] Safepoint "Cleanup", Time since last: 6000571192 ns, Reaching safepoint: 57616 ns, At safepoint: 6774 ns, Total: 64390 ns
[2024-02-05T23:10:16.481+0000][7][safepoint   ] Safepoint "Cleanup", Time since last: 6000787974 ns, Reaching safepoint: 86192 ns, At safepoint: 9421 ns, Total: 95613 ns
[2024-02-05T23:10:46.486+0000][7][safepoint   ] Safepoint "Cleanup", Time since last: 30004033721 ns, Reaching safepoint: 113835 ns, At safepoint: 6637 ns, Total: 120472 ns
[2024-02-05T23:10:59.488+0000][7][safepoint   ] Safepoint "Cleanup", Time since last: 13001876124 ns, Reaching safepoint: 97998 ns, At safepoint: 9194 ns, Total: 107192 ns
[2024-02-05T23:11:04.488+0000][7][safepoint   ] Safepoint "Cleanup", Time since last: 5000468259 ns, Reaching safepoint: 76793 ns, At safepoint: 6256 ns, Total: 83049 ns
[2024-02-05T23:11:16.490+0000][7][safepoint   ] Safepoint "Cleanup", Time since last: 12001380246 ns, Reaching safepoint: 82734 ns, At safepoint: 11596 ns, Total: 94330 ns
[2024-02-05T23:11:51.697+0000][7][gc,start    ] GC(61) Pause Young (Normal) (G1 Evacuation Pause)
[2024-02-05T23:11:51.697+0000][7][gc,task     ] GC(61) Using 8 workers of 8 for evacuation
[2024-02-05T23:11:51.697+0000][7][gc,age      ] GC(61) Desired survivor size 41943040 bytes, new threshold 15 (max threshold 15)
[2024-02-05T23:11:51.700+0000][7][gc,phases   ] GC(61)   Pre Evacuate Collection Set: 0.1ms
[2024-02-05T23:11:51.700+0000][7][gc,phases   ] GC(61)   Merge Heap Roots: 0.1ms
[2024-02-05T23:11:51.700+0000][7][gc,phases   ] GC(61)   Evacuate Collection Set: 1.6ms
[2024-02-05T23:11:51.700+0000][7][gc,phases   ] GC(61)   Post Evacuate Collection Set: 0.9ms
[2024-02-05T23:11:51.700+0000][7][gc,phases   ] GC(61)   Other: 0.1ms
[2024-02-05T23:11:51.700+0000][7][gc,age      ] GC(61) Age table with threshold 15 (max threshold 15)
[2024-02-05T23:11:51.700+0000][7][gc,age      ] GC(61) - age   1:    1121912 bytes,    1121912 total
[2024-02-05T23:11:51.700+0000][7][gc,age      ] GC(61) - age   2:       3800 bytes,    1125712 total
[2024-02-05T23:11:51.700+0000][7][gc,age      ] GC(61) - age   3:       4128 bytes,    1129840 total
[2024-02-05T23:11:51.700+0000][7][gc,age      ] GC(61) - age   4:       2384 bytes,    1132224 total
[2024-02-05T23:11:51.700+0000][7][gc,age      ] GC(61) - age   5:        448 bytes,    1132672 total
[2024-02-05T23:11:51.700+0000][7][gc,age      ] GC(61) - age   6:     243768 bytes,    1376440 total
[2024-02-05T23:11:51.700+0000][7][gc,age      ] GC(61) - age   7:        328 bytes,    1376768 total
[2024-02-05T23:11:51.700+0000][7][gc,age      ] GC(61) - age   8:      22616 bytes,    1399384 total
[2024-02-05T23:11:51.700+0000][7][gc,age      ] GC(61) - age   9:      30272 bytes,    1429656 total
[2024-02-05T23:11:51.700+0000][7][gc,age      ] GC(61) - age  10:       1224 bytes,    1430880 total
[2024-02-05T23:11:51.700+0000][7][gc,age      ] GC(61) - age  11:      17992 bytes,    1448872 total
[2024-02-05T23:11:51.700+0000][7][gc,age      ] GC(61) - age  12:      18776 bytes,    1467648 total
[2024-02-05T23:11:51.700+0000][7][gc,age      ] GC(61) - age  13:      99112 bytes,    1566760 total
[2024-02-05T23:11:51.700+0000][7][gc,age      ] GC(61) - age  14:      83480 bytes,    1650240 total
[2024-02-05T23:11:51.700+0000][7][gc,age      ] GC(61) - age  15:     210600 bytes,    1860840 total
[2024-02-05T23:11:51.700+0000][7][gc,heap     ] GC(61) Eden regions: 152->0(152)
[2024-02-05T23:11:51.700+0000][7][gc,heap     ] GC(61) Survivor regions: 1->1(20)
[2024-02-05T23:11:51.700+0000][7][gc,heap     ] GC(61) Old regions: 22->22
[2024-02-05T23:11:51.700+0000][7][gc,heap     ] GC(61) Archive regions: 2->2
[2024-02-05T23:11:51.700+0000][7][gc,heap     ] GC(61) Humongous regions: 0->0
[2024-02-05T23:11:51.700+0000][7][gc,metaspace] GC(61) Metaspace: 126478K(129920K)->126478K(129920K) NonClass: 109961K(111808K)->109961K(111808K) Class: 16516K(18112K)->16516K(18112K)
[2024-02-05T23:11:51.700+0000][7][gc          ] GC(61) Pause Young (Normal) (G1 Evacuation Pause) 701M->93M(1024M) 3.055ms
[2024-02-05T23:11:51.700+0000][7][gc,cpu      ] GC(61) User=0.01s Sys=0.00s Real=0.00s
[2024-02-05T23:11:51.700+0000][7][safepoint   ] Safepoint "G1CollectForAllocation", Time since last: 35207119391 ns, Reaching safepoint: 89775 ns, At safepoint: 3148331 ns, Total: 3238106 ns
[2024-02-05T23:11:53.700+0000][7][safepoint   ] Safepoint "Cleanup", Time since last: 2000322179 ns, Reaching safepoint: 91661 ns, At safepoint: 7288 ns, Total: 98949 ns
[2024-02-05T23:13:48.714+0000][7][safepoint   ] Safepoint "Cleanup", Time since last: 115013448809 ns, Reaching safepoint: 83699 ns, At safepoint: 7453 ns, Total: 91152 ns
[2024-02-05T23:13:57.715+0000][7][safepoint   ] Safepoint "Cleanup", Time since last: 9001272912 ns, Reaching safepoint: 84116 ns, At safepoint: 7528 ns, Total: 91644 ns
[2024-02-05T23:14:09.717+0000][7][safepoint   ] Safepoint "Cleanup", Time since last: 12001223703 ns, Reaching safepoint: 61942 ns, At safepoint: 6720 ns, Total: 68662 ns
[2024-02-05T23:14:45.721+0000][7][safepoint   ] Safepoint "Cleanup", Time since last: 36004447270 ns, Reaching safepoint: 95992 ns, At safepoint: 40866 ns, Total: 136858 ns
[2024-02-05T23:15:21.705+0000][7][gc,start    ] GC(62) Pause Young (Normal) (G1 Evacuation Pause)
[2024-02-05T23:15:21.705+0000][7][gc,task     ] GC(62) Using 8 workers of 8 for evacuation
[2024-02-05T23:15:21.705+0000][7][gc,age      ] GC(62) Desired survivor size 41943040 bytes, new threshold 15 (max threshold 15)
[2024-02-05T23:15:21.708+0000][7][gc,phases   ] GC(62)   Pre Evacuate Collection Set: 0.1ms
[2024-02-05T23:15:21.708+0000][7][gc,phases   ] GC(62)   Merge Heap Roots: 0.1ms
[2024-02-05T23:15:21.708+0000][7][gc,phases   ] GC(62)   Evacuate Collection Set: 1.7ms
[2024-02-05T23:15:21.708+0000][7][gc,phases   ] GC(62)   Post Evacuate Collection Set: 0.7ms
[2024-02-05T23:15:21.708+0000][7][gc,phases   ] GC(62)   Other: 0.1ms
[2024-02-05T23:15:21.708+0000][7][gc,age      ] GC(62) Age table with threshold 15 (max threshold 15)
[2024-02-05T23:15:21.708+0000][7][gc,age      ] GC(62) - age   1:    1359744 bytes,    1359744 total
[2024-02-05T23:15:21.708+0000][7][gc,age      ] GC(62) - age   2:      10984 bytes,    1370728 total
[2024-02-05T23:15:21.708+0000][7][gc,age      ] GC(62) - age   3:        664 bytes,    1371392 total
[2024-02-05T23:15:21.708+0000][7][gc,age      ] GC(62) - age   4:        992 bytes,    1372384 total
[2024-02-05T23:15:21.708+0000][7][gc,age      ] GC(62) - age   5:       2320 bytes,    1374704 total
[2024-02-05T23:15:21.708+0000][7][gc,age      ] GC(62) - age   6:        448 bytes,    1375152 total
[2024-02-05T23:15:21.708+0000][7][gc,age      ] GC(62) - age   7:     243768 bytes,    1618920 total
[2024-02-05T23:15:21.708+0000][7][gc,age      ] GC(62) - age   8:        328 bytes,    1619248 total
[2024-02-05T23:15:21.708+0000][7][gc,age      ] GC(62) - age   9:      22616 bytes,    1641864 total
[2024-02-05T23:15:21.708+0000][7][gc,age      ] GC(62) - age  10:      30272 bytes,    1672136 total
[2024-02-05T23:15:21.708+0000][7][gc,age      ] GC(62) - age  11:       1224 bytes,    1673360 total
[2024-02-05T23:15:21.708+0000][7][gc,age      ] GC(62) - age  12:      17992 bytes,    1691352 total
[2024-02-05T23:15:21.708+0000][7][gc,age      ] GC(62) - age  13:      18776 bytes,    1710128 total
[2024-02-05T23:15:21.708+0000][7][gc,age      ] GC(62) - age  14:      99112 bytes,    1809240 total
[2024-02-05T23:15:21.708+0000][7][gc,age      ] GC(62) - age  15:      83480 bytes,    1892720 total
[2024-02-05T23:15:21.708+0000][7][gc,heap     ] GC(62) Eden regions: 152->0(152)
[2024-02-05T23:15:21.708+0000][7][gc,heap     ] GC(62) Survivor regions: 1->1(20)
[2024-02-05T23:15:21.708+0000][7][gc,heap     ] GC(62) Old regions: 22->22
[2024-02-05T23:15:21.708+0000][7][gc,heap     ] GC(62) Archive regions: 2->2
[2024-02-05T23:15:21.708+0000][7][gc,heap     ] GC(62) Humongous regions: 0->0
[2024-02-05T23:15:21.708+0000][7][gc,metaspace] GC(62) Metaspace: 126479K(129920K)->126479K(129920K) NonClass: 109963K(111808K)->109963K(111808K) Class: 16516K(18112K)->16516K(18112K)
[2024-02-05T23:15:21.708+0000][7][gc          ] GC(62) Pause Young (Normal) (G1 Evacuation Pause) 701M->93M(1024M) 3.034ms
[2024-02-05T23:15:21.708+0000][7][gc,cpu      ] GC(62) User=0.01s Sys=0.00s Real=0.00s
[2024-02-05T23:15:21.708+0000][7][safepoint   ] Safepoint "G1CollectForAllocation", Time since last: 35983447600 ns, Reaching safepoint: 58219 ns, At safepoint: 3145728 ns, Total: 3203947 ns
[2024-02-05T23:15:30.709+0000][7][safepoint   ] Safepoint "Cleanup", Time since last: 9000942775 ns, Reaching safepoint: 101696 ns, At safepoint: 16975 ns, Total: 118671 ns
[2024-02-05T23:15:52.712+0000][7][safepoint   ] Safepoint "Cleanup", Time since last: 22002913652 ns, Reaching safepoint: 94155 ns, At safepoint: 11803 ns, Total: 105958 ns
[2024-02-05T23:17:53.728+0000][7][safepoint   ] Safepoint "Cleanup", Time since last: 121016207232 ns, Reaching safepoint: 116276 ns, At safepoint: 10109 ns, Total: 126385 ns
[2024-02-05T23:17:58.729+0000][7][safepoint   ] Safepoint "Cleanup", Time since last: 5000797498 ns, Reaching safepoint: 92240 ns, At safepoint: 8902 ns, Total: 101142 ns
[2024-02-05T23:18:03.730+0000][7][safepoint   ] Safepoint "Cleanup", Time since last: 5000598442 ns, Reaching safepoint: 74064 ns, At safepoint: 11221 ns, Total: 85285 ns
[2024-02-05T23:18:51.721+0000][7][gc,start    ] GC(63) Pause Young (Normal) (G1 Evacuation Pause)
[2024-02-05T23:18:51.721+0000][7][gc,task     ] GC(63) Using 8 workers of 8 for evacuation
[2024-02-05T23:18:51.721+0000][7][gc,age      ] GC(63) Desired survivor size 41943040 bytes, new threshold 15 (max threshold 15)
[2024-02-05T23:18:51.724+0000][7][gc,phases   ] GC(63)   Pre Evacuate Collection Set: 0.1ms
[2024-02-05T23:18:51.724+0000][7][gc,phases   ] GC(63)   Merge Heap Roots: 0.1ms
[2024-02-05T23:18:51.724+0000][7][gc,phases   ] GC(63)   Evacuate Collection Set: 1.3ms
[2024-02-05T23:18:51.724+0000][7][gc,phases   ] GC(63)   Post Evacuate Collection Set: 0.7ms
[2024-02-05T23:18:51.724+0000][7][gc,phases   ] GC(63)   Other: 0.1ms
[2024-02-05T23:18:51.724+0000][7][gc,age      ] GC(63) Age table with threshold 15 (max threshold 15)
[2024-02-05T23:18:51.724+0000][7][gc,age      ] GC(63) - age   1:     730112 bytes,     730112 total
[2024-02-05T23:18:51.724+0000][7][gc,age      ] GC(63) - age   2:      14080 bytes,     744192 total
[2024-02-05T23:18:51.724+0000][7][gc,age      ] GC(63) - age   3:       9384 bytes,     753576 total
[2024-02-05T23:18:51.724+0000][7][gc,age      ] GC(63) - age   4:        664 bytes,     754240 total
[2024-02-05T23:18:51.724+0000][7][gc,age      ] GC(63) - age   5:        992 bytes,     755232 total
[2024-02-05T23:18:51.724+0000][7][gc,age      ] GC(63) - age   6:       2320 bytes,     757552 total
[2024-02-05T23:18:51.724+0000][7][gc,age      ] GC(63) - age   7:        448 bytes,     758000 total
[2024-02-05T23:18:51.724+0000][7][gc,age      ] GC(63) - age   8:     243768 bytes,    1001768 total
[2024-02-05T23:18:51.724+0000][7][gc,age      ] GC(63) - age   9:        328 bytes,    1002096 total
[2024-02-05T23:18:51.724+0000][7][gc,age      ] GC(63) - age  10:      22616 bytes,    1024712 total
[2024-02-05T23:18:51.724+0000][7][gc,age      ] GC(63) - age  11:      30272 bytes,    1054984 total
[2024-02-05T23:18:51.724+0000][7][gc,age      ] GC(63) - age  12:       1224 bytes,    1056208 total
[2024-02-05T23:18:51.724+0000][7][gc,age      ] GC(63) - age  13:      17992 bytes,    1074200 total
[2024-02-05T23:18:51.724+0000][7][gc,age      ] GC(63) - age  14:      18776 bytes,    1092976 total
[2024-02-05T23:18:51.724+0000][7][gc,age      ] GC(63) - age  15:      99112 bytes,    1192088 total
[2024-02-05T23:18:51.724+0000][7][gc,heap     ] GC(63) Eden regions: 152->0(152)
[2024-02-05T23:18:51.724+0000][7][gc,heap     ] GC(63) Survivor regions: 1->1(20)
[2024-02-05T23:18:51.724+0000][7][gc,heap     ] GC(63) Old regions: 22->22
[2024-02-05T23:18:51.724+0000][7][gc,heap     ] GC(63) Archive regions: 2->2
[2024-02-05T23:18:51.724+0000][7][gc,heap     ] GC(63) Humongous regions: 0->0
[2024-02-05T23:18:51.724+0000][7][gc,metaspace] GC(63) Metaspace: 126482K(129920K)->126482K(129920K) NonClass: 109965K(111808K)->109965K(111808K) Class: 16516K(18112K)->16516K(18112K)
[2024-02-05T23:18:51.724+0000][7][gc          ] GC(63) Pause Young (Normal) (G1 Evacuation Pause) 701M->93M(1024M) 2.663ms
[2024-02-05T23:18:51.724+0000][7][gc,cpu      ] GC(63) User=0.01s Sys=0.00s Real=0.01s
[2024-02-05T23:18:51.724+0000][7][safepoint   ] Safepoint "G1CollectForAllocation", Time since last: 47991289264 ns, Reaching safepoint: 69513 ns, At safepoint: 2774527 ns, Total: 2844040 ns
[2024-02-05T23:19:16.727+0000][7][safepoint   ] Safepoint "Cleanup", Time since last: 25003074259 ns, Reaching safepoint: 84868 ns, At safepoint: 8619 ns, Total: 93487 ns
[2024-02-05T23:19:51.731+0000][7][safepoint   ] Safepoint "Cleanup", Time since last: 35004199771 ns, Reaching safepoint: 101290 ns, At safepoint: 9276 ns, Total: 110566 ns
[2024-02-05T23:20:04.733+0000][7][safepoint   ] Safepoint "Cleanup", Time since last: 13001307417 ns, Reaching safepoint: 179728 ns, At safepoint: 44270 ns, Total: 223998 ns
[2024-02-05T23:20:19.735+0000][7][safepoint   ] Safepoint "Cleanup", Time since last: 15002238052 ns, Reaching safepoint: 85255 ns, At safepoint: 11376 ns, Total: 96631 ns
[2024-02-05T23:20:59.740+0000][7][safepoint   ] Safepoint "Cleanup", Time since last: 40004496602 ns, Reaching safepoint: 153042 ns, At safepoint: 8125 ns, Total: 161167 ns
[2024-02-05T23:22:12.749+0000][7][safepoint   ] Safepoint "Cleanup", Time since last: 73008666119 ns, Reaching safepoint: 112379 ns, At safepoint: 9164 ns, Total: 121543 ns
[2024-02-05T23:22:15.749+0000][7][safepoint   ] Safepoint "Cleanup", Time since last: 3000461492 ns, Reaching safepoint: 135717 ns, At safepoint: 34644 ns, Total: 170361 ns
[2024-02-05T23:22:21.701+0000][7][gc,start    ] GC(64) Pause Young (Normal) (G1 Evacuation Pause)
[2024-02-05T23:22:21.701+0000][7][gc,task     ] GC(64) Using 8 workers of 8 for evacuation
[2024-02-05T23:22:21.701+0000][7][gc,age      ] GC(64) Desired survivor size 41943040 bytes, new threshold 15 (max threshold 15)
[2024-02-05T23:22:21.704+0000][7][gc,phases   ] GC(64)   Pre Evacuate Collection Set: 0.1ms
[2024-02-05T23:22:21.705+0000][7][gc,phases   ] GC(64)   Merge Heap Roots: 0.1ms
[2024-02-05T23:22:21.705+0000][7][gc,phases   ] GC(64)   Evacuate Collection Set: 1.7ms
[2024-02-05T23:22:21.705+0000][7][gc,phases   ] GC(64)   Post Evacuate Collection Set: 1.0ms
[2024-02-05T23:22:21.705+0000][7][gc,phases   ] GC(64)   Other: 0.1ms
[2024-02-05T23:22:21.705+0000][7][gc,age      ] GC(64) Age table with threshold 15 (max threshold 15)
[2024-02-05T23:22:21.705+0000][7][gc,age      ] GC(64) - age   1:    1198864 bytes,    1198864 total
[2024-02-05T23:22:21.705+0000][7][gc,age      ] GC(64) - age   2:       1792 bytes,    1200656 total
[2024-02-05T23:22:21.705+0000][7][gc,age      ] GC(64) - age   3:       3792 bytes,    1204448 total
[2024-02-05T23:22:21.705+0000][7][gc,age      ] GC(64) - age   4:       8576 bytes,    1213024 total
[2024-02-05T23:22:21.705+0000][7][gc,age      ] GC(64) - age   5:        664 bytes,    1213688 total
[2024-02-05T23:22:21.705+0000][7][gc,age      ] GC(64) - age   6:        608 bytes,    1214296 total
[2024-02-05T23:22:21.705+0000][7][gc,age      ] GC(64) - age   7:       2288 bytes,    1216584 total
[2024-02-05T23:22:21.705+0000][7][gc,age      ] GC(64) - age   8:        448 bytes,    1217032 total
[2024-02-05T23:22:21.705+0000][7][gc,age      ] GC(64) - age   9:     243768 bytes,    1460800 total
[2024-02-05T23:22:21.705+0000][7][gc,age      ] GC(64) - age  10:        328 bytes,    1461128 total
[2024-02-05T23:22:21.705+0000][7][gc,age      ] GC(64) - age  11:      22616 bytes,    1483744 total
[2024-02-05T23:22:21.705+0000][7][gc,age      ] GC(64) - age  12:      30240 bytes,    1513984 total
[2024-02-05T23:22:21.705+0000][7][gc,age      ] GC(64) - age  13:       1224 bytes,    1515208 total
[2024-02-05T23:22:21.705+0000][7][gc,age      ] GC(64) - age  14:      17992 bytes,    1533200 total
[2024-02-05T23:22:21.705+0000][7][gc,age      ] GC(64) - age  15:      18776 bytes,    1551976 total
[2024-02-05T23:22:21.705+0000][7][gc,heap     ] GC(64) Eden regions: 152->0(152)
[2024-02-05T23:22:21.705+0000][7][gc,heap     ] GC(64) Survivor regions: 1->1(20)
[2024-02-05T23:22:21.705+0000][7][gc,heap     ] GC(64) Old regions: 22->22
[2024-02-05T23:22:21.705+0000][7][gc,heap     ] GC(64) Archive regions: 2->2
[2024-02-05T23:22:21.705+0000][7][gc,heap     ] GC(64) Humongous regions: 0->0
[2024-02-05T23:22:21.705+0000][7][gc,metaspace] GC(64) Metaspace: 126485K(129920K)->126485K(129920K) NonClass: 109968K(111808K)->109968K(111808K) Class: 16516K(18112K)->16516K(18112K)
[2024-02-05T23:22:21.705+0000][7][gc          ] GC(64) Pause Young (Normal) (G1 Evacuation Pause) 701M->93M(1024M) 3.354ms
[2024-02-05T23:22:21.705+0000][7][gc,cpu      ] GC(64) User=0.01s Sys=0.00s Real=0.01s
[2024-02-05T23:22:21.705+0000][7][safepoint   ] Safepoint "G1CollectForAllocation", Time since last: 5951869650 ns, Reaching safepoint: 84427 ns, At safepoint: 3452781 ns, Total: 3537208 ns
[2024-02-05T23:22:53.709+0000][7][safepoint   ] Safepoint "Cleanup", Time since last: 32003986393 ns, Reaching safepoint: 116455 ns, At safepoint: 15040 ns, Total: 131495 ns
[2024-02-05T23:23:40.715+0000][7][safepoint   ] Safepoint "Cleanup", Time since last: 47005971701 ns, Reaching safepoint: 80561 ns, At safepoint: 44242 ns, Total: 124803 ns
[2024-02-05T23:24:53.722+0000][7][safepoint   ] Safepoint "Cleanup", Time since last: 73007158051 ns, Reaching safepoint: 76661 ns, At safepoint: 8999 ns, Total: 85660 ns
[2024-02-05T23:25:22.726+0000][7][safepoint   ] Safepoint "Cleanup", Time since last: 29003635406 ns, Reaching safepoint: 77410 ns, At safepoint: 10514 ns, Total: 87924 ns
[2024-02-05T23:25:50.729+0000][7][safepoint   ] Safepoint "Cleanup", Time since last: 28002754681 ns, Reaching safepoint: 114862 ns, At safepoint: 12090 ns, Total: 126952 ns
[2024-02-05T23:25:51.715+0000][7][gc,start    ] GC(65) Pause Young (Normal) (G1 Evacuation Pause)
[2024-02-05T23:25:51.715+0000][7][gc,task     ] GC(65) Using 8 workers of 8 for evacuation
[2024-02-05T23:25:51.715+0000][7][gc,age      ] GC(65) Desired survivor size 41943040 bytes, new threshold 15 (max threshold 15)
[2024-02-05T23:25:51.718+0000][7][gc,phases   ] GC(65)   Pre Evacuate Collection Set: 0.1ms
[2024-02-05T23:25:51.718+0000][7][gc,phases   ] GC(65)   Merge Heap Roots: 0.1ms
[2024-02-05T23:25:51.718+0000][7][gc,phases   ] GC(65)   Evacuate Collection Set: 2.0ms
[2024-02-05T23:25:51.718+0000][7][gc,phases   ] GC(65)   Post Evacuate Collection Set: 0.9ms
[2024-02-05T23:25:51.718+0000][7][gc,phases   ] GC(65)   Other: 0.1ms
[2024-02-05T23:25:51.718+0000][7][gc,age      ] GC(65) Age table with threshold 15 (max threshold 15)
[2024-02-05T23:25:51.718+0000][7][gc,age      ] GC(65) - age   1:    1609064 bytes,    1609064 total
[2024-02-05T23:25:51.718+0000][7][gc,age      ] GC(65) - age   2:       3464 bytes,    1612528 total
[2024-02-05T23:25:51.718+0000][7][gc,age      ] GC(65) - age   3:        728 bytes,    1613256 total
[2024-02-05T23:25:51.718+0000][7][gc,age      ] GC(65) - age   4:        592 bytes,    1613848 total
[2024-02-05T23:25:51.718+0000][7][gc,age      ] GC(65) - age   5:       8184 bytes,    1622032 total
[2024-02-05T23:25:51.718+0000][7][gc,age      ] GC(65) - age   6:        480 bytes,    1622512 total
[2024-02-05T23:25:51.718+0000][7][gc,age      ] GC(65) - age   7:        608 bytes,    1623120 total
[2024-02-05T23:25:51.718+0000][7][gc,age      ] GC(65) - age   8:       2288 bytes,    1625408 total
[2024-02-05T23:25:51.718+0000][7][gc,age      ] GC(65) - age   9:        448 bytes,    1625856 total
[2024-02-05T23:25:51.718+0000][7][gc,age      ] GC(65) - age  10:     243768 bytes,    1869624 total
[2024-02-05T23:25:51.718+0000][7][gc,age      ] GC(65) - age  11:        328 bytes,    1869952 total
[2024-02-05T23:25:51.718+0000][7][gc,age      ] GC(65) - age  12:      22616 bytes,    1892568 total
[2024-02-05T23:25:51.718+0000][7][gc,age      ] GC(65) - age  13:      30240 bytes,    1922808 total
[2024-02-05T23:25:51.718+0000][7][gc,age      ] GC(65) - age  14:       1224 bytes,    1924032 total
[2024-02-05T23:25:51.718+0000][7][gc,age      ] GC(65) - age  15:      17912 bytes,    1941944 total
[2024-02-05T23:25:51.718+0000][7][gc,heap     ] GC(65) Eden regions: 152->0(152)
[2024-02-05T23:25:51.718+0000][7][gc,heap     ] GC(65) Survivor regions: 1->1(20)
[2024-02-05T23:25:51.719+0000][7][gc,heap     ] GC(65) Old regions: 22->22
[2024-02-05T23:25:51.719+0000][7][gc,heap     ] GC(65) Archive regions: 2->2
[2024-02-05T23:25:51.719+0000][7][gc,heap     ] GC(65) Humongous regions: 0->0
[2024-02-05T23:25:51.719+0000][7][gc,metaspace] GC(65) Metaspace: 126485K(129920K)->126485K(129920K) NonClass: 109969K(111808K)->109969K(111808K) Class: 16516K(18112K)->16516K(18112K)
[2024-02-05T23:25:51.719+0000][7][gc          ] GC(65) Pause Young (Normal) (G1 Evacuation Pause) 701M->93M(1024M) 3.566ms
[2024-02-05T23:25:51.719+0000][7][gc,cpu      ] GC(65) User=0.02s Sys=0.00s Real=0.00s
[2024-02-05T23:25:51.719+0000][7][safepoint   ] Safepoint "G1CollectForAllocation", Time since last: 986052456 ns, Reaching safepoint: 58669 ns, At safepoint: 3681483 ns, Total: 3740152 ns
[2024-02-05T23:26:16.721+0000][7][safepoint   ] Safepoint "Cleanup", Time since last: 25002722453 ns, Reaching safepoint: 68846 ns, At safepoint: 8517 ns, Total: 77363 ns
[2024-02-05T23:28:58.739+0000][7][safepoint   ] Safepoint "Cleanup", Time since last: 162017771158 ns, Reaching safepoint: 120050 ns, At safepoint: 11481 ns, Total: 131531 ns
[2024-02-05T23:29:15.811+0000][7][gc,start    ] GC(66) Pause Young (Normal) (G1 Evacuation Pause)
[2024-02-05T23:29:15.811+0000][7][gc,task     ] GC(66) Using 8 workers of 8 for evacuation
[2024-02-05T23:29:15.811+0000][7][gc,age      ] GC(66) Desired survivor size 41943040 bytes, new threshold 15 (max threshold 15)
[2024-02-05T23:29:15.814+0000][7][gc,phases   ] GC(66)   Pre Evacuate Collection Set: 0.1ms
[2024-02-05T23:29:15.814+0000][7][gc,phases   ] GC(66)   Merge Heap Roots: 0.1ms
[2024-02-05T23:29:15.814+0000][7][gc,phases   ] GC(66)   Evacuate Collection Set: 1.2ms
[2024-02-05T23:29:15.814+0000][7][gc,phases   ] GC(66)   Post Evacuate Collection Set: 0.8ms
[2024-02-05T23:29:15.814+0000][7][gc,phases   ] GC(66)   Other: 0.1ms
[2024-02-05T23:29:15.814+0000][7][gc,age      ] GC(66) Age table with threshold 15 (max threshold 15)
[2024-02-05T23:29:15.814+0000][7][gc,age      ] GC(66) - age   1:    1451752 bytes,    1451752 total
[2024-02-05T23:29:15.814+0000][7][gc,age      ] GC(66) - age   2:     162760 bytes,    1614512 total
[2024-02-05T23:29:15.814+0000][7][gc,age      ] GC(66) - age   3:       1328 bytes,    1615840 total
[2024-02-05T23:29:15.814+0000][7][gc,age      ] GC(66) - age   4:        728 bytes,    1616568 total
[2024-02-05T23:29:15.814+0000][7][gc,age      ] GC(66) - age   5:        408 bytes,    1616976 total
[2024-02-05T23:29:15.814+0000][7][gc,age      ] GC(66) - age   6:       8184 bytes,    1625160 total
[2024-02-05T23:29:15.814+0000][7][gc,age      ] GC(66) - age   7:        480 bytes,    1625640 total
[2024-02-05T23:29:15.814+0000][7][gc,age      ] GC(66) - age   8:        608 bytes,    1626248 total
[2024-02-05T23:29:15.814+0000][7][gc,age      ] GC(66) - age   9:       2288 bytes,    1628536 total
[2024-02-05T23:29:15.814+0000][7][gc,age      ] GC(66) - age  10:        448 bytes,    1628984 total
[2024-02-05T23:29:15.814+0000][7][gc,age      ] GC(66) - age  11:     243768 bytes,    1872752 total
[2024-02-05T23:29:15.814+0000][7][gc,age      ] GC(66) - age  12:        328 bytes,    1873080 total
[2024-02-05T23:29:15.814+0000][7][gc,age      ] GC(66) - age  13:      22616 bytes,    1895696 total
[2024-02-05T23:29:15.814+0000][7][gc,age      ] GC(66) - age  14:      30240 bytes,    1925936 total
[2024-02-05T23:29:15.814+0000][7][gc,age      ] GC(66) - age  15:       1224 bytes,    1927160 total
[2024-02-05T23:29:15.814+0000][7][gc,heap     ] GC(66) Eden regions: 152->0(152)
[2024-02-05T23:29:15.814+0000][7][gc,heap     ] GC(66) Survivor regions: 1->1(20)
[2024-02-05T23:29:15.814+0000][7][gc,heap     ] GC(66) Old regions: 22->22
[2024-02-05T23:29:15.814+0000][7][gc,heap     ] GC(66) Archive regions: 2->2
[2024-02-05T23:29:15.814+0000][7][gc,heap     ] GC(66) Humongous regions: 0->0
[2024-02-05T23:29:15.814+0000][7][gc,metaspace] GC(66) Metaspace: 126486K(129920K)->126486K(129920K) NonClass: 109970K(111808K)->109970K(111808K) Class: 16516K(18112K)->16516K(18112K)
[2024-02-05T23:29:15.814+0000][7][gc          ] GC(66) Pause Young (Normal) (G1 Evacuation Pause) 701M->93M(1024M) 2.444ms
[2024-02-05T23:29:15.814+0000][7][gc,cpu      ] GC(66) User=0.01s Sys=0.00s Real=0.01s
[2024-02-05T23:29:15.814+0000][7][safepoint   ] Safepoint "G1CollectForAllocation", Time since last: 17071934496 ns, Reaching safepoint: 24744 ns, At safepoint: 2515365 ns, Total: 2540109 ns
[2024-02-05T23:29:34.816+0000][7][safepoint   ] Safepoint "Cleanup", Time since last: 19002105410 ns, Reaching safepoint: 62890 ns, At safepoint: 8672 ns, Total: 71562 ns
[2024-02-05T23:29:57.819+0000][7][safepoint   ] Safepoint "Cleanup", Time since last: 23002914289 ns, Reaching safepoint: 114512 ns, At safepoint: 31287 ns, Total: 145799 ns
[2024-02-05T23:30:51.825+0000][7][safepoint   ] Safepoint "Cleanup", Time since last: 54005873365 ns, Reaching safepoint: 122929 ns, At safepoint: 11025 ns, Total: 133954 ns
[2024-02-05T23:32:46.232+0000][7][gc,start    ] GC(67) Pause Young (Normal) (G1 Evacuation Pause)
[2024-02-05T23:32:46.232+0000][7][gc,task     ] GC(67) Using 8 workers of 8 for evacuation
[2024-02-05T23:32:46.232+0000][7][gc,age      ] GC(67) Desired survivor size 41943040 bytes, new threshold 15 (max threshold 15)
[2024-02-05T23:32:46.235+0000][7][gc,phases   ] GC(67)   Pre Evacuate Collection Set: 0.2ms
[2024-02-05T23:32:46.235+0000][7][gc,phases   ] GC(67)   Merge Heap Roots: 0.1ms
[2024-02-05T23:32:46.235+0000][7][gc,phases   ] GC(67)   Evacuate Collection Set: 1.7ms
[2024-02-05T23:32:46.235+0000][7][gc,phases   ] GC(67)   Post Evacuate Collection Set: 0.7ms
[2024-02-05T23:32:46.235+0000][7][gc,phases   ] GC(67)   Other: 0.1ms
[2024-02-05T23:32:46.235+0000][7][gc,age      ] GC(67) Age table with threshold 15 (max threshold 15)
[2024-02-05T23:32:46.235+0000][7][gc,age      ] GC(67) - age   1:    1100936 bytes,    1100936 total
[2024-02-05T23:32:46.235+0000][7][gc,age      ] GC(67) - age   2:       2816 bytes,    1103752 total
[2024-02-05T23:32:46.235+0000][7][gc,age      ] GC(67) - age   3:     105456 bytes,    1209208 total
[2024-02-05T23:32:46.235+0000][7][gc,age      ] GC(67) - age   4:        480 bytes,    1209688 total
[2024-02-05T23:32:46.235+0000][7][gc,age      ] GC(67) - age   5:        432 bytes,    1210120 total
[2024-02-05T23:32:46.235+0000][7][gc,age      ] GC(67) - age   6:        344 bytes,    1210464 total
[2024-02-05T23:32:46.235+0000][7][gc,age      ] GC(67) - age   7:       8184 bytes,    1218648 total
[2024-02-05T23:32:46.235+0000][7][gc,age      ] GC(67) - age   8:        480 bytes,    1219128 total
[2024-02-05T23:32:46.235+0000][7][gc,age      ] GC(67) - age   9:        424 bytes,    1219552 total
[2024-02-05T23:32:46.235+0000][7][gc,age      ] GC(67) - age  10:       2288 bytes,    1221840 total
[2024-02-05T23:32:46.235+0000][7][gc,age      ] GC(67) - age  11:        448 bytes,    1222288 total
[2024-02-05T23:32:46.235+0000][7][gc,age      ] GC(67) - age  12:     243768 bytes,    1466056 total
[2024-02-05T23:32:46.235+0000][7][gc,age      ] GC(67) - age  13:        328 bytes,    1466384 total
[2024-02-05T23:32:46.235+0000][7][gc,age      ] GC(67) - age  14:      22616 bytes,    1489000 total
[2024-02-05T23:32:46.235+0000][7][gc,age      ] GC(67) - age  15:      30240 bytes,    1519240 total
[2024-02-05T23:32:46.235+0000][7][gc,heap     ] GC(67) Eden regions: 152->0(152)
[2024-02-05T23:32:46.235+0000][7][gc,heap     ] GC(67) Survivor regions: 1->1(20)
[2024-02-05T23:32:46.235+0000][7][gc,heap     ] GC(67) Old regions: 22->22
[2024-02-05T23:32:46.235+0000][7][gc,heap     ] GC(67) Archive regions: 2->2
[2024-02-05T23:32:46.235+0000][7][gc,heap     ] GC(67) Humongous regions: 0->0
[2024-02-05T23:32:46.235+0000][7][gc,metaspace] GC(67) Metaspace: 126498K(129920K)->126498K(129920K) NonClass: 109981K(111808K)->109981K(111808K) Class: 16516K(18112K)->16516K(18112K)
[2024-02-05T23:32:46.235+0000][7][gc          ] GC(67) Pause Young (Normal) (G1 Evacuation Pause) 701M->93M(1024M) 3.090ms
[2024-02-05T23:32:46.235+0000][7][gc,cpu      ] GC(67) User=0.01s Sys=0.00s Real=0.00s
[2024-02-05T23:32:46.235+0000][7][safepoint   ] Safepoint "G1CollectForAllocation", Time since last: 114407045955 ns, Reaching safepoint: 65129 ns, At safepoint: 3199406 ns, Total: 3264535 ns
[2024-02-05T23:34:54.250+0000][7][safepoint   ] Safepoint "Cleanup", Time since last: 128014244703 ns, Reaching safepoint: 111491 ns, At safepoint: 11398 ns, Total: 122889 ns
[2024-02-05T23:35:16.252+0000][7][safepoint   ] Safepoint "Cleanup", Time since last: 22002484122 ns, Reaching safepoint: 61121 ns, At safepoint: 7825 ns, Total: 68946 ns
[2024-02-05T23:35:46.256+0000][7][safepoint   ] Safepoint "Cleanup", Time since last: 30003575471 ns, Reaching safepoint: 110757 ns, At safepoint: 6460 ns, Total: 117217 ns
[2024-02-05T23:35:54.257+0000][7][safepoint   ] Safepoint "Cleanup", Time since last: 8001048736 ns, Reaching safepoint: 275311 ns, At safepoint: 10300 ns, Total: 285611 ns
[2024-02-05T23:36:15.916+0000][7][gc,start    ] GC(68) Pause Young (Normal) (G1 Evacuation Pause)
[2024-02-05T23:36:15.916+0000][7][gc,task     ] GC(68) Using 8 workers of 8 for evacuation
[2024-02-05T23:36:15.916+0000][7][gc,age      ] GC(68) Desired survivor size 41943040 bytes, new threshold 15 (max threshold 15)
[2024-02-05T23:36:15.920+0000][7][gc,phases   ] GC(68)   Pre Evacuate Collection Set: 0.1ms
[2024-02-05T23:36:15.920+0000][7][gc,phases   ] GC(68)   Merge Heap Roots: 0.1ms
[2024-02-05T23:36:15.920+0000][7][gc,phases   ] GC(68)   Evacuate Collection Set: 2.4ms
[2024-02-05T23:36:15.920+0000][7][gc,phases   ] GC(68)   Post Evacuate Collection Set: 0.8ms
[2024-02-05T23:36:15.920+0000][7][gc,phases   ] GC(68)   Other: 0.1ms
[2024-02-05T23:36:15.920+0000][7][gc,age      ] GC(68) Age table with threshold 15 (max threshold 15)
[2024-02-05T23:36:15.920+0000][7][gc,age      ] GC(68) - age   1:    1469960 bytes,    1469960 total
[2024-02-05T23:36:15.920+0000][7][gc,age      ] GC(68) - age   2:     117752 bytes,    1587712 total
[2024-02-05T23:36:15.920+0000][7][gc,age      ] GC(68) - age   3:        664 bytes,    1588376 total
[2024-02-05T23:36:15.920+0000][7][gc,age      ] GC(68) - age   4:     102384 bytes,    1690760 total
[2024-02-05T23:36:15.920+0000][7][gc,age      ] GC(68) - age   5:        416 bytes,    1691176 total
[2024-02-05T23:36:15.920+0000][7][gc,age      ] GC(68) - age   6:        432 bytes,    1691608 total
[2024-02-05T23:36:15.920+0000][7][gc,age      ] GC(68) - age   7:        344 bytes,    1691952 total
[2024-02-05T23:36:15.920+0000][7][gc,age      ] GC(68) - age   8:       8160 bytes,    1700112 total
[2024-02-05T23:36:15.920+0000][7][gc,age      ] GC(68) - age   9:        480 bytes,    1700592 total
[2024-02-05T23:36:15.920+0000][7][gc,age      ] GC(68) - age  10:        424 bytes,    1701016 total
[2024-02-05T23:36:15.920+0000][7][gc,age      ] GC(68) - age  11:       2288 bytes,    1703304 total
[2024-02-05T23:36:15.920+0000][7][gc,age      ] GC(68) - age  12:        448 bytes,    1703752 total
[2024-02-05T23:36:15.920+0000][7][gc,age      ] GC(68) - age  13:     243584 bytes,    1947336 total
[2024-02-05T23:36:15.920+0000][7][gc,age      ] GC(68) - age  14:        328 bytes,    1947664 total
[2024-02-05T23:36:15.920+0000][7][gc,age      ] GC(68) - age  15:      22616 bytes,    1970280 total
[2024-02-05T23:36:15.920+0000][7][gc,heap     ] GC(68) Eden regions: 152->0(152)
[2024-02-05T23:36:15.920+0000][7][gc,heap     ] GC(68) Survivor regions: 1->1(20)
[2024-02-05T23:36:15.920+0000][7][gc,heap     ] GC(68) Old regions: 22->23
[2024-02-05T23:36:15.920+0000][7][gc,heap     ] GC(68) Archive regions: 2->2
[2024-02-05T23:36:15.920+0000][7][gc,heap     ] GC(68) Humongous regions: 0->0
[2024-02-05T23:36:15.920+0000][7][gc,metaspace] GC(68) Metaspace: 126521K(129920K)->126521K(129920K) NonClass: 110005K(111808K)->110005K(111808K) Class: 16516K(18112K)->16516K(18112K)
[2024-02-05T23:36:15.920+0000][7][gc          ] GC(68) Pause Young (Normal) (G1 Evacuation Pause) 701M->93M(1024M) 3.864ms
[2024-02-05T23:36:15.920+0000][7][gc,cpu      ] GC(68) User=0.02s Sys=0.00s Real=0.00s
[2024-02-05T23:36:15.920+0000][7][safepoint   ] Safepoint "G1CollectForAllocation", Time since last: 21658647439 ns, Reaching safepoint: 43460 ns, At safepoint: 3965727 ns, Total: 4009187 ns
[2024-02-05T23:36:53.925+0000][7][safepoint   ] Safepoint "Cleanup", Time since last: 38005233591 ns, Reaching safepoint: 53162 ns, At safepoint: 6687 ns, Total: 59849 ns
[2024-02-05T23:38:53.940+0000][7][safepoint   ] Safepoint "Cleanup", Time since last: 120014697254 ns, Reaching safepoint: 91221 ns, At safepoint: 6927 ns, Total: 98148 ns
[2024-02-05T23:39:43.316+0000][7][gc,start    ] GC(69) Pause Young (Normal) (G1 Evacuation Pause)
[2024-02-05T23:39:43.316+0000][7][gc,task     ] GC(69) Using 8 workers of 8 for evacuation
[2024-02-05T23:39:43.316+0000][7][gc,age      ] GC(69) Desired survivor size 41943040 bytes, new threshold 15 (max threshold 15)
[2024-02-05T23:39:43.319+0000][7][gc,phases   ] GC(69)   Pre Evacuate Collection Set: 0.2ms
[2024-02-05T23:39:43.319+0000][7][gc,phases   ] GC(69)   Merge Heap Roots: 0.1ms
[2024-02-05T23:39:43.319+0000][7][gc,phases   ] GC(69)   Evacuate Collection Set: 1.6ms
[2024-02-05T23:39:43.319+0000][7][gc,phases   ] GC(69)   Post Evacuate Collection Set: 0.9ms
[2024-02-05T23:39:43.319+0000][7][gc,phases   ] GC(69)   Other: 0.1ms
[2024-02-05T23:39:43.319+0000][7][gc,age      ] GC(69) Age table with threshold 15 (max threshold 15)
[2024-02-05T23:39:43.319+0000][7][gc,age      ] GC(69) - age   1:     636416 bytes,     636416 total
[2024-02-05T23:39:43.319+0000][7][gc,age      ] GC(69) - age   2:      32248 bytes,     668664 total
[2024-02-05T23:39:43.319+0000][7][gc,age      ] GC(69) - age   3:     115544 bytes,     784208 total
[2024-02-05T23:39:43.319+0000][7][gc,age      ] GC(69) - age   4:        568 bytes,     784776 total
[2024-02-05T23:39:43.319+0000][7][gc,age      ] GC(69) - age   5:     102016 bytes,     886792 total
[2024-02-05T23:39:43.319+0000][7][gc,age      ] GC(69) - age   6:        416 bytes,     887208 total
[2024-02-05T23:39:43.319+0000][7][gc,age      ] GC(69) - age   7:        432 bytes,     887640 total
[2024-02-05T23:39:43.319+0000][7][gc,age      ] GC(69) - age   8:        344 bytes,     887984 total
[2024-02-05T23:39:43.319+0000][7][gc,age      ] GC(69) - age   9:       8160 bytes,     896144 total
[2024-02-05T23:39:43.319+0000][7][gc,age      ] GC(69) - age  10:        480 bytes,     896624 total
[2024-02-05T23:39:43.319+0000][7][gc,age      ] GC(69) - age  11:        424 bytes,     897048 total
[2024-02-05T23:39:43.319+0000][7][gc,age      ] GC(69) - age  12:       2288 bytes,     899336 total
[2024-02-05T23:39:43.319+0000][7][gc,age      ] GC(69) - age  13:        448 bytes,     899784 total
[2024-02-05T23:39:43.319+0000][7][gc,age      ] GC(69) - age  14:     243480 bytes,    1143264 total
[2024-02-05T23:39:43.319+0000][7][gc,age      ] GC(69) - age  15:        328 bytes,    1143592 total
[2024-02-05T23:39:43.319+0000][7][gc,heap     ] GC(69) Eden regions: 152->0(152)
[2024-02-05T23:39:43.319+0000][7][gc,heap     ] GC(69) Survivor regions: 1->1(20)
[2024-02-05T23:39:43.319+0000][7][gc,heap     ] GC(69) Old regions: 23->23
[2024-02-05T23:39:43.319+0000][7][gc,heap     ] GC(69) Archive regions: 2->2
[2024-02-05T23:39:43.319+0000][7][gc,heap     ] GC(69) Humongous regions: 0->0
[2024-02-05T23:39:43.319+0000][7][gc,metaspace] GC(69) Metaspace: 126533K(129920K)->126533K(129920K) NonClass: 110015K(111808K)->110015K(111808K) Class: 16517K(18112K)->16517K(18112K)
[2024-02-05T23:39:43.319+0000][7][gc          ] GC(69) Pause Young (Normal) (G1 Evacuation Pause) 701M->93M(1024M) 3.175ms
[2024-02-05T23:39:43.319+0000][7][gc,cpu      ] GC(69) User=0.01s Sys=0.00s Real=0.00s
[2024-02-05T23:39:43.319+0000][7][safepoint   ] Safepoint "G1CollectForAllocation", Time since last: 49375662936 ns, Reaching safepoint: 88518 ns, At safepoint: 3277981 ns, Total: 3366499 ns
[2024-02-05T23:39:54.320+0000][7][safepoint   ] Safepoint "Cleanup", Time since last: 11001124001 ns, Reaching safepoint: 114875 ns, At safepoint: 13088 ns, Total: 127963 ns
[2024-02-05T23:39:58.321+0000][7][safepoint   ] Safepoint "Cleanup", Time since last: 4000359385 ns, Reaching safepoint: 48720 ns, At safepoint: 11290 ns, Total: 60010 ns
[2024-02-05T23:40:28.325+0000][7][safepoint   ] Safepoint "Cleanup", Time since last: 30003683230 ns, Reaching safepoint: 80879 ns, At safepoint: 8248 ns, Total: 89127 ns
[2024-02-05T23:40:59.329+0000][7][safepoint   ] Safepoint "Cleanup", Time since last: 31004227135 ns, Reaching safepoint: 133448 ns, At safepoint: 13248 ns, Total: 146696 ns
[2024-02-05T23:42:46.343+0000][7][safepoint   ] Safepoint "Cleanup", Time since last: 107014398896 ns, Reaching safepoint: 86883 ns, At safepoint: 44523 ns, Total: 131406 ns
[2024-02-05T23:43:15.844+0000][7][gc,start    ] GC(70) Pause Young (Normal) (G1 Evacuation Pause)
[2024-02-05T23:43:15.844+0000][7][gc,task     ] GC(70) Using 8 workers of 8 for evacuation
[2024-02-05T23:43:15.844+0000][7][gc,age      ] GC(70) Desired survivor size 41943040 bytes, new threshold 15 (max threshold 15)
[2024-02-05T23:43:15.847+0000][7][gc,phases   ] GC(70)   Pre Evacuate Collection Set: 0.2ms
[2024-02-05T23:43:15.847+0000][7][gc,phases   ] GC(70)   Merge Heap Roots: 0.1ms
[2024-02-05T23:43:15.847+0000][7][gc,phases   ] GC(70)   Evacuate Collection Set: 1.7ms
[2024-02-05T23:43:15.847+0000][7][gc,phases   ] GC(70)   Post Evacuate Collection Set: 0.9ms
[2024-02-05T23:43:15.847+0000][7][gc,phases   ] GC(70)   Other: 0.1ms
[2024-02-05T23:43:15.847+0000][7][gc,age      ] GC(70) Age table with threshold 15 (max threshold 15)
[2024-02-05T23:43:15.847+0000][7][gc,age      ] GC(70) - age   1:    1003216 bytes,    1003216 total
[2024-02-05T23:43:15.847+0000][7][gc,age      ] GC(70) - age   2:       2400 bytes,    1005616 total
[2024-02-05T23:43:15.847+0000][7][gc,age      ] GC(70) - age   3:      22280 bytes,    1027896 total
[2024-02-05T23:43:15.847+0000][7][gc,age      ] GC(70) - age   4:     114544 bytes,    1142440 total
[2024-02-05T23:43:15.847+0000][7][gc,age      ] GC(70) - age   5:        568 bytes,    1143008 total
[2024-02-05T23:43:15.847+0000][7][gc,age      ] GC(70) - age   6:     101808 bytes,    1244816 total
[2024-02-05T23:43:15.847+0000][7][gc,age      ] GC(70) - age   8:        432 bytes,    1245248 total
[2024-02-05T23:43:15.847+0000][7][gc,age      ] GC(70) - age   9:        344 bytes,    1245592 total
[2024-02-05T23:43:15.847+0000][7][gc,age      ] GC(70) - age  10:       8160 bytes,    1253752 total
[2024-02-05T23:43:15.847+0000][7][gc,age      ] GC(70) - age  11:        480 bytes,    1254232 total
[2024-02-05T23:43:15.847+0000][7][gc,age      ] GC(70) - age  12:        424 bytes,    1254656 total
[2024-02-05T23:43:15.847+0000][7][gc,age      ] GC(70) - age  13:       2288 bytes,    1256944 total
[2024-02-05T23:43:15.848+0000][7][gc,age      ] GC(70) - age  14:        448 bytes,    1257392 total
[2024-02-05T23:43:15.848+0000][7][gc,age      ] GC(70) - age  15:     243480 bytes,    1500872 total
[2024-02-05T23:43:15.848+0000][7][gc,heap     ] GC(70) Eden regions: 152->0(152)
[2024-02-05T23:43:15.848+0000][7][gc,heap     ] GC(70) Survivor regions: 1->1(20)
[2024-02-05T23:43:15.848+0000][7][gc,heap     ] GC(70) Old regions: 23->23
[2024-02-05T23:43:15.848+0000][7][gc,heap     ] GC(70) Archive regions: 2->2
[2024-02-05T23:43:15.848+0000][7][gc,heap     ] GC(70) Humongous regions: 0->0
[2024-02-05T23:43:15.848+0000][7][gc,metaspace] GC(70) Metaspace: 126540K(129920K)->126540K(129920K) NonClass: 110023K(111808K)->110023K(111808K) Class: 16517K(18112K)->16517K(18112K)
[2024-02-05T23:43:15.848+0000][7][gc          ] GC(70) Pause Young (Normal) (G1 Evacuation Pause) 701M->93M(1024M) 3.322ms
[2024-02-05T23:43:15.848+0000][7][gc,cpu      ] GC(70) User=0.02s Sys=0.00s Real=0.00s
[2024-02-05T23:43:15.848+0000][7][safepoint   ] Safepoint "G1CollectForAllocation", Time since last: 29500621399 ns, Reaching safepoint: 136196 ns, At safepoint: 3414720 ns, Total: 3550916 ns
[2024-02-05T23:43:53.853+0000][7][safepoint   ] Safepoint "Cleanup", Time since last: 38005411274 ns, Reaching safepoint: 84872 ns, At safepoint: 8878 ns, Total: 93750 ns
[2024-02-05T23:46:42.777+0000][7][gc,start    ] GC(71) Pause Young (Normal) (G1 Evacuation Pause)
[2024-02-05T23:46:42.777+0000][7][gc,task     ] GC(71) Using 8 workers of 8 for evacuation
[2024-02-05T23:46:42.777+0000][7][gc,age      ] GC(71) Desired survivor size 41943040 bytes, new threshold 15 (max threshold 15)
[2024-02-05T23:46:42.780+0000][7][gc,phases   ] GC(71)   Pre Evacuate Collection Set: 0.2ms
[2024-02-05T23:46:42.780+0000][7][gc,phases   ] GC(71)   Merge Heap Roots: 0.1ms
[2024-02-05T23:46:42.780+0000][7][gc,phases   ] GC(71)   Evacuate Collection Set: 1.9ms
[2024-02-05T23:46:42.780+0000][7][gc,phases   ] GC(71)   Post Evacuate Collection Set: 1.0ms
[2024-02-05T23:46:42.780+0000][7][gc,phases   ] GC(71)   Other: 0.1ms
[2024-02-05T23:46:42.780+0000][7][gc,age      ] GC(71) Age table with threshold 15 (max threshold 15)
[2024-02-05T23:46:42.780+0000][7][gc,age      ] GC(71) - age   1:    1276240 bytes,    1276240 total
[2024-02-05T23:46:42.780+0000][7][gc,age      ] GC(71) - age   2:       4520 bytes,    1280760 total
[2024-02-05T23:46:42.780+0000][7][gc,age      ] GC(71) - age   3:       1712 bytes,    1282472 total
[2024-02-05T23:46:42.780+0000][7][gc,age      ] GC(71) - age   4:      19208 bytes,    1301680 total
[2024-02-05T23:46:42.780+0000][7][gc,age      ] GC(71) - age   5:     114544 bytes,    1416224 total
[2024-02-05T23:46:42.780+0000][7][gc,age      ] GC(71) - age   6:        384 bytes,    1416608 total
[2024-02-05T23:46:42.781+0000][7][gc,age      ] GC(71) - age   7:     101808 bytes,    1518416 total
[2024-02-05T23:46:42.781+0000][7][gc,age      ] GC(71) - age   9:        432 bytes,    1518848 total
[2024-02-05T23:46:42.781+0000][7][gc,age      ] GC(71) - age  10:        344 bytes,    1519192 total
[2024-02-05T23:46:42.781+0000][7][gc,age      ] GC(71) - age  11:       8160 bytes,    1527352 total
[2024-02-05T23:46:42.781+0000][7][gc,age      ] GC(71) - age  12:        480 bytes,    1527832 total
[2024-02-05T23:46:42.781+0000][7][gc,age      ] GC(71) - age  13:        424 bytes,    1528256 total
[2024-02-05T23:46:42.781+0000][7][gc,age      ] GC(71) - age  14:       2288 bytes,    1530544 total
[2024-02-05T23:46:42.781+0000][7][gc,age      ] GC(71) - age  15:        448 bytes,    1530992 total
[2024-02-05T23:46:42.781+0000][7][gc,heap     ] GC(71) Eden regions: 152->0(152)
[2024-02-05T23:46:42.781+0000][7][gc,heap     ] GC(71) Survivor regions: 1->1(20)
[2024-02-05T23:46:42.781+0000][7][gc,heap     ] GC(71) Old regions: 23->23
[2024-02-05T23:46:42.781+0000][7][gc,heap     ] GC(71) Archive regions: 2->2
[2024-02-05T23:46:42.781+0000][7][gc,heap     ] GC(71) Humongous regions: 0->0
[2024-02-05T23:46:42.781+0000][7][gc,metaspace] GC(71) Metaspace: 126542K(129920K)->126542K(129920K) NonClass: 110025K(111808K)->110025K(111808K) Class: 16517K(18112K)->16517K(18112K)
[2024-02-05T23:46:42.781+0000][7][gc          ] GC(71) Pause Young (Normal) (G1 Evacuation Pause) 701M->93M(1024M) 3.740ms
[2024-02-05T23:46:42.781+0000][7][gc,cpu      ] GC(71) User=0.02s Sys=0.00s Real=0.00s
[2024-02-05T23:46:42.781+0000][7][safepoint   ] Safepoint "G1CollectForAllocation", Time since last: 168923646469 ns, Reaching safepoint: 68142 ns, At safepoint: 3845086 ns, Total: 3913228 ns
[2024-02-05T23:48:58.798+0000][7][safepoint   ] Safepoint "Cleanup", Time since last: 136017291933 ns, Reaching safepoint: 107347 ns, At safepoint: 9737 ns, Total: 117084 ns
[2024-02-05T23:50:03.961+0000][7][gc,start    ] GC(72) Pause Young (Normal) (G1 Evacuation Pause)
[2024-02-05T23:50:03.961+0000][7][gc,task     ] GC(72) Using 8 workers of 8 for evacuation
[2024-02-05T23:50:03.961+0000][7][gc,age      ] GC(72) Desired survivor size 41943040 bytes, new threshold 15 (max threshold 15)
[2024-02-05T23:50:03.963+0000][7][gc,phases   ] GC(72)   Pre Evacuate Collection Set: 0.1ms
[2024-02-05T23:50:03.963+0000][7][gc,phases   ] GC(72)   Merge Heap Roots: 0.1ms
[2024-02-05T23:50:03.963+0000][7][gc,phases   ] GC(72)   Evacuate Collection Set: 1.2ms
[2024-02-05T23:50:03.963+0000][7][gc,phases   ] GC(72)   Post Evacuate Collection Set: 0.8ms
[2024-02-05T23:50:03.963+0000][7][gc,phases   ] GC(72)   Other: 0.1ms
[2024-02-05T23:50:03.963+0000][7][gc,age      ] GC(72) Age table with threshold 15 (max threshold 15)
[2024-02-05T23:50:03.964+0000][7][gc,age      ] GC(72) - age   1:     883840 bytes,     883840 total
[2024-02-05T23:50:03.964+0000][7][gc,age      ] GC(72) - age   2:      14248 bytes,     898088 total
[2024-02-05T23:50:03.964+0000][7][gc,age      ] GC(72) - age   3:       2624 bytes,     900712 total
[2024-02-05T23:50:03.964+0000][7][gc,age      ] GC(72) - age   4:       1584 bytes,     902296 total
[2024-02-05T23:50:03.964+0000][7][gc,age      ] GC(72) - age   5:      19024 bytes,     921320 total
[2024-02-05T23:50:03.964+0000][7][gc,age      ] GC(72) - age   6:     114544 bytes,    1035864 total
[2024-02-05T23:50:03.964+0000][7][gc,age      ] GC(72) - age   7:        384 bytes,    1036248 total
[2024-02-05T23:50:03.964+0000][7][gc,age      ] GC(72) - age   8:     101808 bytes,    1138056 total
[2024-02-05T23:50:03.964+0000][7][gc,age      ] GC(72) - age  10:        432 bytes,    1138488 total
[2024-02-05T23:50:03.964+0000][7][gc,age      ] GC(72) - age  11:        344 bytes,    1138832 total
[2024-02-05T23:50:03.964+0000][7][gc,age      ] GC(72) - age  12:       8160 bytes,    1146992 total
[2024-02-05T23:50:03.964+0000][7][gc,age      ] GC(72) - age  13:        480 bytes,    1147472 total
[2024-02-05T23:50:03.964+0000][7][gc,age      ] GC(72) - age  14:        424 bytes,    1147896 total
[2024-02-05T23:50:03.964+0000][7][gc,age      ] GC(72) - age  15:       2288 bytes,    1150184 total
[2024-02-05T23:50:03.964+0000][7][gc,heap     ] GC(72) Eden regions: 152->0(152)
[2024-02-05T23:50:03.964+0000][7][gc,heap     ] GC(72) Survivor regions: 1->1(20)
[2024-02-05T23:50:03.964+0000][7][gc,heap     ] GC(72) Old regions: 23->23
[2024-02-05T23:50:03.964+0000][7][gc,heap     ] GC(72) Archive regions: 2->2
[2024-02-05T23:50:03.964+0000][7][gc,heap     ] GC(72) Humongous regions: 0->0
[2024-02-05T23:50:03.964+0000][7][gc,metaspace] GC(72) Metaspace: 126549K(129920K)->126549K(129920K) NonClass: 110031K(111808K)->110031K(111808K) Class: 16518K(18112K)->16518K(18112K)
[2024-02-05T23:50:03.964+0000][7][gc          ] GC(72) Pause Young (Normal) (G1 Evacuation Pause) 701M->93M(1024M) 2.667ms
[2024-02-05T23:50:03.964+0000][7][gc,cpu      ] GC(72) User=0.01s Sys=0.01s Real=0.01s
[2024-02-05T23:50:03.964+0000][7][safepoint   ] Safepoint "G1CollectForAllocation", Time since last: 65162769425 ns, Reaching safepoint: 95040 ns, At safepoint: 2766901 ns, Total: 2861941 ns
[2024-02-05T23:50:52.971+0000][7][safepoint   ] Safepoint "Cleanup", Time since last: 49007021231 ns, Reaching safepoint: 91324 ns, At safepoint: 45234 ns, Total: 136558 ns
[2024-02-05T23:50:53.971+0000][7][safepoint   ] Safepoint "Cleanup", Time since last: 1000225780 ns, Reaching safepoint: 66866 ns, At safepoint: 8270 ns, Total: 75136 ns
[2024-02-05T23:53:04.989+0000][7][safepoint   ] Safepoint "Cleanup", Time since last: 131018012671 ns, Reaching safepoint: 96334 ns, At safepoint: 13132 ns, Total: 109466 ns
[2024-02-05T23:53:28.993+0000][7][safepoint   ] Safepoint "Cleanup", Time since last: 24003598863 ns, Reaching safepoint: 74709 ns, At safepoint: 33385 ns, Total: 108094 ns
[2024-02-05T23:53:39.826+0000][7][gc,start    ] GC(73) Pause Young (Normal) (G1 Evacuation Pause)
[2024-02-05T23:53:39.826+0000][7][gc,task     ] GC(73) Using 8 workers of 8 for evacuation
[2024-02-05T23:53:39.826+0000][7][gc,age      ] GC(73) Desired survivor size 41943040 bytes, new threshold 15 (max threshold 15)
[2024-02-05T23:53:39.829+0000][7][gc,phases   ] GC(73)   Pre Evacuate Collection Set: 0.2ms
[2024-02-05T23:53:39.829+0000][7][gc,phases   ] GC(73)   Merge Heap Roots: 0.1ms
[2024-02-05T23:53:39.829+0000][7][gc,phases   ] GC(73)   Evacuate Collection Set: 1.4ms
[2024-02-05T23:53:39.829+0000][7][gc,phases   ] GC(73)   Post Evacuate Collection Set: 0.8ms
[2024-02-05T23:53:39.829+0000][7][gc,phases   ] GC(73)   Other: 0.1ms
[2024-02-05T23:53:39.829+0000][7][gc,age      ] GC(73) Age table with threshold 15 (max threshold 15)
[2024-02-05T23:53:39.829+0000][7][gc,age      ] GC(73) - age   1:     661040 bytes,     661040 total
[2024-02-05T23:53:39.829+0000][7][gc,age      ] GC(73) - age   2:       1936 bytes,     662976 total
[2024-02-05T23:53:39.829+0000][7][gc,age      ] GC(73) - age   3:       3968 bytes,     666944 total
[2024-02-05T23:53:39.829+0000][7][gc,age      ] GC(73) - age   4:       1384 bytes,     668328 total
[2024-02-05T23:53:39.829+0000][7][gc,age      ] GC(73) - age   5:       1400 bytes,     669728 total
[2024-02-05T23:53:39.829+0000][7][gc,age      ] GC(73) - age   6:      19024 bytes,     688752 total
[2024-02-05T23:53:39.829+0000][7][gc,age      ] GC(73) - age   7:     114512 bytes,     803264 total
[2024-02-05T23:53:39.829+0000][7][gc,age      ] GC(73) - age   8:        384 bytes,     803648 total
[2024-02-05T23:53:39.829+0000][7][gc,age      ] GC(73) - age   9:     101808 bytes,     905456 total
[2024-02-05T23:53:39.829+0000][7][gc,age      ] GC(73) - age  11:        432 bytes,     905888 total
[2024-02-05T23:53:39.829+0000][7][gc,age      ] GC(73) - age  12:        344 bytes,     906232 total
[2024-02-05T23:53:39.829+0000][7][gc,age      ] GC(73) - age  13:       8160 bytes,     914392 total
[2024-02-05T23:53:39.829+0000][7][gc,age      ] GC(73) - age  14:        480 bytes,     914872 total
[2024-02-05T23:53:39.829+0000][7][gc,age      ] GC(73) - age  15:        424 bytes,     915296 total
[2024-02-05T23:53:39.829+0000][7][gc,heap     ] GC(73) Eden regions: 152->0(152)
[2024-02-05T23:53:39.829+0000][7][gc,heap     ] GC(73) Survivor regions: 1->1(20)
[2024-02-05T23:53:39.829+0000][7][gc,heap     ] GC(73) Old regions: 23->23
[2024-02-05T23:53:39.829+0000][7][gc,heap     ] GC(73) Archive regions: 2->2
[2024-02-05T23:53:39.829+0000][7][gc,heap     ] GC(73) Humongous regions: 0->0
[2024-02-05T23:53:39.829+0000][7][gc,metaspace] GC(73) Metaspace: 126562K(129984K)->126562K(129984K) NonClass: 110044K(111872K)->110044K(111872K) Class: 16518K(18112K)->16518K(18112K)
[2024-02-05T23:53:39.829+0000][7][gc          ] GC(73) Pause Young (Normal) (G1 Evacuation Pause) 701M->93M(1024M) 2.898ms
[2024-02-05T23:53:39.829+0000][7][gc,cpu      ] GC(73) User=0.02s Sys=0.00s Real=0.00s
[2024-02-05T23:53:39.829+0000][7][safepoint   ] Safepoint "G1CollectForAllocation", Time since last: 10832716372 ns, Reaching safepoint: 94122 ns, At safepoint: 3002485 ns, Total: 3096607 ns
[2024-02-05T23:54:16.833+0000][7][safepoint   ] Safepoint "Cleanup", Time since last: 37003857753 ns, Reaching safepoint: 86833 ns, At safepoint: 8807 ns, Total: 95640 ns
[2024-02-05T23:55:53.844+0000][7][safepoint   ] Safepoint "Cleanup", Time since last: 97011613597 ns, Reaching safepoint: 66167 ns, At safepoint: 6131 ns, Total: 72298 ns
[2024-02-05T23:56:51.843+0000][7][gc,start    ] GC(74) Pause Young (Normal) (G1 Evacuation Pause)
[2024-02-05T23:56:51.843+0000][7][gc,task     ] GC(74) Using 8 workers of 8 for evacuation
[2024-02-05T23:56:51.843+0000][7][gc,age      ] GC(74) Desired survivor size 41943040 bytes, new threshold 15 (max threshold 15)
[2024-02-05T23:56:51.845+0000][7][gc,phases   ] GC(74)   Pre Evacuate Collection Set: 0.1ms
[2024-02-05T23:56:51.845+0000][7][gc,phases   ] GC(74)   Merge Heap Roots: 0.1ms
[2024-02-05T23:56:51.845+0000][7][gc,phases   ] GC(74)   Evacuate Collection Set: 1.5ms
[2024-02-05T23:56:51.845+0000][7][gc,phases   ] GC(74)   Post Evacuate Collection Set: 0.7ms
[2024-02-05T23:56:51.845+0000][7][gc,phases   ] GC(74)   Other: 0.1ms
[2024-02-05T23:56:51.845+0000][7][gc,age      ] GC(74) Age table with threshold 15 (max threshold 15)
[2024-02-05T23:56:51.845+0000][7][gc,age      ] GC(74) - age   1:    1719928 bytes,    1719928 total
[2024-02-05T23:56:51.845+0000][7][gc,age      ] GC(74) - age   2:       4176 bytes,    1724104 total
[2024-02-05T23:56:51.845+0000][7][gc,age      ] GC(74) - age   3:        952 bytes,    1725056 total
[2024-02-05T23:56:51.845+0000][7][gc,age      ] GC(74) - age   4:        704 bytes,    1725760 total
[2024-02-05T23:56:51.845+0000][7][gc,age      ] GC(74) - age   5:        992 bytes,    1726752 total
[2024-02-05T23:56:51.845+0000][7][gc,age      ] GC(74) - age   6:       1216 bytes,    1727968 total
[2024-02-05T23:56:51.845+0000][7][gc,age      ] GC(74) - age   7:      16912 bytes,    1744880 total
[2024-02-05T23:56:51.845+0000][7][gc,age      ] GC(74) - age   8:     114512 bytes,    1859392 total
[2024-02-05T23:56:51.845+0000][7][gc,age      ] GC(74) - age   9:        384 bytes,    1859776 total
[2024-02-05T23:56:51.845+0000][7][gc,age      ] GC(74) - age  10:     101808 bytes,    1961584 total
[2024-02-05T23:56:51.845+0000][7][gc,age      ] GC(74) - age  12:        432 bytes,    1962016 total
[2024-02-05T23:56:51.845+0000][7][gc,age      ] GC(74) - age  13:        344 bytes,    1962360 total
[2024-02-05T23:56:51.845+0000][7][gc,age      ] GC(74) - age  14:       8160 bytes,    1970520 total
[2024-02-05T23:56:51.845+0000][7][gc,age      ] GC(74) - age  15:        480 bytes,    1971000 total
[2024-02-05T23:56:51.845+0000][7][gc,heap     ] GC(74) Eden regions: 152->0(152)
[2024-02-05T23:56:51.845+0000][7][gc,heap     ] GC(74) Survivor regions: 1->1(20)
[2024-02-05T23:56:51.845+0000][7][gc,heap     ] GC(74) Old regions: 23->23
[2024-02-05T23:56:51.845+0000][7][gc,heap     ] GC(74) Archive regions: 2->2
[2024-02-05T23:56:51.845+0000][7][gc,heap     ] GC(74) Humongous regions: 0->0
[2024-02-05T23:56:51.845+0000][7][gc,metaspace] GC(74) Metaspace: 126563K(129984K)->126563K(129984K) NonClass: 110045K(111872K)->110045K(111872K) Class: 16518K(18112K)->16518K(18112K)
[2024-02-05T23:56:51.845+0000][7][gc          ] GC(74) Pause Young (Normal) (G1 Evacuation Pause) 701M->94M(1024M) 2.791ms
[2024-02-05T23:56:51.845+0000][7][gc,cpu      ] GC(74) User=0.02s Sys=0.00s Real=0.01s
[2024-02-05T23:56:51.845+0000][7][safepoint   ] Safepoint "G1CollectForAllocation", Time since last: 57998007725 ns, Reaching safepoint: 59003 ns, At safepoint: 2884597 ns, Total: 2943600 ns
[2024-02-06T00:00:01.869+0000][7][safepoint   ] Safepoint "Cleanup", Time since last: 190023167823 ns, Reaching safepoint: 161682 ns, At safepoint: 8649 ns, Total: 170331 ns
[2024-02-06T00:00:03.869+0000][7][safepoint   ] Safepoint "Cleanup", Time since last: 2000299645 ns, Reaching safepoint: 165048 ns, At safepoint: 12098 ns, Total: 177146 ns
[2024-02-06T00:00:04.870+0000][7][safepoint   ] Safepoint "Cleanup", Time since last: 1000252172 ns, Reaching safepoint: 92544 ns, At safepoint: 8470 ns, Total: 101014 ns
[2024-02-06T00:00:12.871+0000][7][safepoint   ] Safepoint "Cleanup", Time since last: 8001100815 ns, Reaching safepoint: 120705 ns, At safepoint: 6279 ns, Total: 126984 ns
[2024-02-06T00:00:13.405+0000][7][gc,start    ] GC(75) Pause Young (Normal) (G1 Evacuation Pause)
[2024-02-06T00:00:13.405+0000][7][gc,task     ] GC(75) Using 8 workers of 8 for evacuation
[2024-02-06T00:00:13.405+0000][7][gc,age      ] GC(75) Desired survivor size 41943040 bytes, new threshold 15 (max threshold 15)
[2024-02-06T00:00:13.409+0000][7][gc,phases   ] GC(75)   Pre Evacuate Collection Set: 0.1ms
[2024-02-06T00:00:13.409+0000][7][gc,phases   ] GC(75)   Merge Heap Roots: 0.1ms
[2024-02-06T00:00:13.409+0000][7][gc,phases   ] GC(75)   Evacuate Collection Set: 2.3ms
[2024-02-06T00:00:13.409+0000][7][gc,phases   ] GC(75)   Post Evacuate Collection Set: 0.9ms
[2024-02-06T00:00:13.409+0000][7][gc,phases   ] GC(75)   Other: 0.1ms
[2024-02-06T00:00:13.409+0000][7][gc,age      ] GC(75) Age table with threshold 15 (max threshold 15)
[2024-02-06T00:00:13.409+0000][7][gc,age      ] GC(75) - age   1:    2066056 bytes,    2066056 total
[2024-02-06T00:00:13.409+0000][7][gc,age      ] GC(75) - age   2:     158312 bytes,    2224368 total
[2024-02-06T00:00:13.409+0000][7][gc,age      ] GC(75) - age   3:       2576 bytes,    2226944 total
[2024-02-06T00:00:13.409+0000][7][gc,age      ] GC(75) - age   4:        640 bytes,    2227584 total
[2024-02-06T00:00:13.409+0000][7][gc,age      ] GC(75) - age   5:        704 bytes,    2228288 total
[2024-02-06T00:00:13.409+0000][7][gc,age      ] GC(75) - age   6:        808 bytes,    2229096 total
[2024-02-06T00:00:13.409+0000][7][gc,age      ] GC(75) - age   7:       1216 bytes,    2230312 total
[2024-02-06T00:00:13.409+0000][7][gc,age      ] GC(75) - age   8:      16912 bytes,    2247224 total
[2024-02-06T00:00:13.409+0000][7][gc,age      ] GC(75) - age   9:     114488 bytes,    2361712 total
[2024-02-06T00:00:13.409+0000][7][gc,age      ] GC(75) - age  10:        384 bytes,    2362096 total
[2024-02-06T00:00:13.409+0000][7][gc,age      ] GC(75) - age  11:     101808 bytes,    2463904 total
[2024-02-06T00:00:13.409+0000][7][gc,age      ] GC(75) - age  13:        432 bytes,    2464336 total
[2024-02-06T00:00:13.409+0000][7][gc,age      ] GC(75) - age  14:        344 bytes,    2464680 total
[2024-02-06T00:00:13.409+0000][7][gc,age      ] GC(75) - age  15:        144 bytes,    2464824 total
[2024-02-06T00:00:13.409+0000][7][gc,heap     ] GC(75) Eden regions: 152->0(152)
[2024-02-06T00:00:13.409+0000][7][gc,heap     ] GC(75) Survivor regions: 1->1(20)
[2024-02-06T00:00:13.409+0000][7][gc,heap     ] GC(75) Old regions: 23->23
[2024-02-06T00:00:13.409+0000][7][gc,heap     ] GC(75) Archive regions: 2->2
[2024-02-06T00:00:13.409+0000][7][gc,heap     ] GC(75) Humongous regions: 0->0
[2024-02-06T00:00:13.409+0000][7][gc,metaspace] GC(75) Metaspace: 126816K(130240K)->126816K(130240K) NonClass: 110250K(112064K)->110250K(112064K) Class: 16565K(18176K)->16565K(18176K)
[2024-02-06T00:00:13.409+0000][7][gc          ] GC(75) Pause Young (Normal) (G1 Evacuation Pause) 702M->94M(1024M) 3.935ms
[2024-02-06T00:00:13.409+0000][7][gc,cpu      ] GC(75) User=0.02s Sys=0.00s Real=0.00s
[2024-02-06T00:00:13.409+0000][7][safepoint   ] Safepoint "G1CollectForAllocation", Time since last: 534300716 ns, Reaching safepoint: 59477 ns, At safepoint: 4046568 ns, Total: 4106045 ns
[2024-02-06T00:00:14.409+0000][7][safepoint   ] Safepoint "Cleanup", Time since last: 1000126420 ns, Reaching safepoint: 88025 ns, At safepoint: 7934 ns, Total: 95959 ns
[2024-02-06T00:00:15.410+0000][7][safepoint   ] Safepoint "Cleanup", Time since last: 1000143088 ns, Reaching safepoint: 64177 ns, At safepoint: 7116 ns, Total: 71293 ns
[2024-02-06T00:00:16.410+0000][7][safepoint   ] Safepoint "Cleanup", Time since last: 1000248842 ns, Reaching safepoint: 102236 ns, At safepoint: 7771 ns, Total: 110007 ns
[2024-02-06T00:00:17.458+0000][7][safepoint   ] Safepoint "Cleanup", Time since last: 1047920501 ns, Reaching safepoint: 113099 ns, At safepoint: 12182 ns, Total: 125281 ns
[2024-02-06T00:01:10.467+0000][7][safepoint   ] Safepoint "Cleanup", Time since last: 53008427544 ns, Reaching safepoint: 125670 ns, At safepoint: 10364 ns, Total: 136034 ns
[2024-02-06T00:01:13.467+0000][7][safepoint   ] Safepoint "Cleanup", Time since last: 3000529704 ns, Reaching safepoint: 115833 ns, At safepoint: 14601 ns, Total: 130434 ns
[2024-02-06T00:01:16.468+0000][7][safepoint   ] Safepoint "Cleanup", Time since last: 3000412873 ns, Reaching safepoint: 83000 ns, At safepoint: 10933 ns, Total: 93933 ns
[2024-02-06T00:01:34.470+0000][7][safepoint   ] Safepoint "Cleanup", Time since last: 18002547149 ns, Reaching safepoint: 89392 ns, At safepoint: 8872 ns, Total: 98264 ns
[2024-02-06T00:01:35.471+0000][7][safepoint   ] Safepoint "Cleanup", Time since last: 1000280887 ns, Reaching safepoint: 110465 ns, At safepoint: 11023 ns, Total: 121488 ns
[2024-02-06T00:01:53.473+0000][7][safepoint   ] Safepoint "Cleanup", Time since last: 18002017960 ns, Reaching safepoint: 76499 ns, At safepoint: 48088 ns, Total: 124587 ns
[2024-02-06T00:02:22.477+0000][7][safepoint   ] Safepoint "Cleanup", Time since last: 29003654364 ns, Reaching safepoint: 87866 ns, At safepoint: 9081 ns, Total: 96947 ns
[2024-02-06T00:03:16.484+0000][7][safepoint   ] Safepoint "Cleanup", Time since last: 54007118110 ns, Reaching safepoint: 85659 ns, At safepoint: 41066 ns, Total: 126725 ns
[2024-02-06T00:03:22.485+0000][7][safepoint   ] Safepoint "Cleanup", Time since last: 6000916186 ns, Reaching safepoint: 120865 ns, At safepoint: 13200 ns, Total: 134065 ns
[2024-02-06T00:03:40.825+0000][7][gc,start    ] GC(76) Pause Young (Normal) (G1 Evacuation Pause)
[2024-02-06T00:03:40.825+0000][7][gc,task     ] GC(76) Using 8 workers of 8 for evacuation
[2024-02-06T00:03:40.825+0000][7][gc,age      ] GC(76) Desired survivor size 41943040 bytes, new threshold 15 (max threshold 15)
[2024-02-06T00:03:40.828+0000][7][gc,phases   ] GC(76)   Pre Evacuate Collection Set: 0.1ms
[2024-02-06T00:03:40.828+0000][7][gc,phases   ] GC(76)   Merge Heap Roots: 0.1ms
[2024-02-06T00:03:40.828+0000][7][gc,phases   ] GC(76)   Evacuate Collection Set: 1.5ms
[2024-02-06T00:03:40.828+0000][7][gc,phases   ] GC(76)   Post Evacuate Collection Set: 0.7ms
[2024-02-06T00:03:40.828+0000][7][gc,phases   ] GC(76)   Other: 0.1ms
[2024-02-06T00:03:40.828+0000][7][gc,age      ] GC(76) Age table with threshold 15 (max threshold 15)
[2024-02-06T00:03:40.828+0000][7][gc,age      ] GC(76) - age   1:    1835928 bytes,    1835928 total
[2024-02-06T00:03:40.828+0000][7][gc,age      ] GC(76) - age   2:     390352 bytes,    2226280 total
[2024-02-06T00:03:40.828+0000][7][gc,age      ] GC(76) - age   3:     156104 bytes,    2382384 total
[2024-02-06T00:03:40.828+0000][7][gc,age      ] GC(76) - age   4:       1472 bytes,    2383856 total
[2024-02-06T00:03:40.828+0000][7][gc,age      ] GC(76) - age   5:        640 bytes,    2384496 total
[2024-02-06T00:03:40.828+0000][7][gc,age      ] GC(76) - age   6:        704 bytes,    2385200 total
[2024-02-06T00:03:40.828+0000][7][gc,age      ] GC(76) - age   7:        392 bytes,    2385592 total
[2024-02-06T00:03:40.828+0000][7][gc,age      ] GC(76) - age   8:       1216 bytes,    2386808 total
[2024-02-06T00:03:40.828+0000][7][gc,age      ] GC(76) - age   9:      16912 bytes,    2403720 total
[2024-02-06T00:03:40.828+0000][7][gc,age      ] GC(76) - age  10:     114488 bytes,    2518208 total
[2024-02-06T00:03:40.828+0000][7][gc,age      ] GC(76) - age  11:        384 bytes,    2518592 total
[2024-02-06T00:03:40.828+0000][7][gc,age      ] GC(76) - age  12:     101808 bytes,    2620400 total
[2024-02-06T00:03:40.828+0000][7][gc,age      ] GC(76) - age  14:        432 bytes,    2620832 total
[2024-02-06T00:03:40.828+0000][7][gc,age      ] GC(76) - age  15:        344 bytes,    2621176 total
[2024-02-06T00:03:40.828+0000][7][gc,heap     ] GC(76) Eden regions: 152->0(152)
[2024-02-06T00:03:40.828+0000][7][gc,heap     ] GC(76) Survivor regions: 1->1(20)
[2024-02-06T00:03:40.828+0000][7][gc,heap     ] GC(76) Old regions: 23->23
[2024-02-06T00:03:40.828+0000][7][gc,heap     ] GC(76) Archive regions: 2->2
[2024-02-06T00:03:40.828+0000][7][gc,heap     ] GC(76) Humongous regions: 0->0
[2024-02-06T00:03:40.828+0000][7][gc,metaspace] GC(76) Metaspace: 126829K(130240K)->126829K(130240K) NonClass: 110262K(112064K)->110262K(112064K) Class: 16566K(18176K)->16566K(18176K)
[2024-02-06T00:03:40.828+0000][7][gc          ] GC(76) Pause Young (Normal) (G1 Evacuation Pause) 702M->94M(1024M) 2.765ms
[2024-02-06T00:03:40.828+0000][7][gc,cpu      ] GC(76) User=0.02s Sys=0.00s Real=0.00s
[2024-02-06T00:03:40.828+0000][7][safepoint   ] Safepoint "G1CollectForAllocation", Time since last: 18340282219 ns, Reaching safepoint: 57616 ns, At safepoint: 2848573 ns, Total: 2906189 ns
[2024-02-06T00:03:45.829+0000][7][safepoint   ] Safepoint "Cleanup", Time since last: 5000455490 ns, Reaching safepoint: 52804 ns, At safepoint: 33304 ns, Total: 86108 ns
[2024-02-06T00:03:53.830+0000][7][safepoint   ] Safepoint "Cleanup", Time since last: 8001060736 ns, Reaching safepoint: 98734 ns, At safepoint: 7441 ns, Total: 106175 ns
[2024-02-06T00:04:04.832+0000][7][safepoint   ] Safepoint "Cleanup", Time since last: 11001436595 ns, Reaching safepoint: 178102 ns, At safepoint: 16435 ns, Total: 194537 ns
[2024-02-06T00:05:19.843+0000][7][safepoint   ] Safepoint "Cleanup", Time since last: 75011325703 ns, Reaching safepoint: 127183 ns, At safepoint: 8613 ns, Total: 135796 ns
[2024-02-06T00:05:34.845+0000][7][safepoint   ] Safepoint "Cleanup", Time since last: 15002188397 ns, Reaching safepoint: 96092 ns, At safepoint: 50225 ns, Total: 146317 ns
[2024-02-06T00:05:35.846+0000][7][safepoint   ] Safepoint "Cleanup", Time since last: 1000238934 ns, Reaching safepoint: 84221 ns, At safepoint: 8000 ns, Total: 92221 ns
[2024-02-06T00:05:53.848+0000][7][safepoint   ] Safepoint "Cleanup", Time since last: 18002426089 ns, Reaching safepoint: 109222 ns, At safepoint: 9178 ns, Total: 118400 ns
[2024-02-06T00:06:28.853+0000][7][safepoint   ] Safepoint "Cleanup", Time since last: 35004712578 ns, Reaching safepoint: 78377 ns, At safepoint: 7589 ns, Total: 85966 ns
[2024-02-06T00:06:52.857+0000][7][safepoint   ] Safepoint "Cleanup", Time since last: 24003407716 ns, Reaching safepoint: 87406 ns, At safepoint: 8493 ns, Total: 95899 ns
[2024-02-06T00:07:03.887+0000][7][gc,start    ] GC(77) Pause Young (Normal) (G1 Evacuation Pause)
[2024-02-06T00:07:03.887+0000][7][gc,task     ] GC(77) Using 8 workers of 8 for evacuation
[2024-02-06T00:07:03.887+0000][7][gc,age      ] GC(77) Desired survivor size 41943040 bytes, new threshold 15 (max threshold 15)
[2024-02-06T00:07:03.889+0000][7][gc,phases   ] GC(77)   Pre Evacuate Collection Set: 0.1ms
[2024-02-06T00:07:03.889+0000][7][gc,phases   ] GC(77)   Merge Heap Roots: 0.1ms
[2024-02-06T00:07:03.889+0000][7][gc,phases   ] GC(77)   Evacuate Collection Set: 1.4ms
[2024-02-06T00:07:03.889+0000][7][gc,phases   ] GC(77)   Post Evacuate Collection Set: 0.7ms
[2024-02-06T00:07:03.889+0000][7][gc,phases   ] GC(77)   Other: 0.1ms
[2024-02-06T00:07:03.889+0000][7][gc,age      ] GC(77) Age table with threshold 15 (max threshold 15)
[2024-02-06T00:07:03.889+0000][7][gc,age      ] GC(77) - age   1:     895392 bytes,     895392 total
[2024-02-06T00:07:03.889+0000][7][gc,age      ] GC(77) - age   2:       4264 bytes,     899656 total
[2024-02-06T00:07:03.890+0000][7][gc,age      ] GC(77) - age   3:     388368 bytes,    1288024 total
[2024-02-06T00:07:03.890+0000][7][gc,age      ] GC(77) - age   4:     152360 bytes,    1440384 total
[2024-02-06T00:07:03.890+0000][7][gc,age      ] GC(77) - age   5:       1472 bytes,    1441856 total
[2024-02-06T00:07:03.890+0000][7][gc,age      ] GC(77) - age   6:        456 bytes,    1442312 total
[2024-02-06T00:07:03.890+0000][7][gc,age      ] GC(77) - age   7:        704 bytes,    1443016 total
[2024-02-06T00:07:03.890+0000][7][gc,age      ] GC(77) - age   8:        392 bytes,    1443408 total
[2024-02-06T00:07:03.890+0000][7][gc,age      ] GC(77) - age   9:       1184 bytes,    1444592 total
[2024-02-06T00:07:03.890+0000][7][gc,age      ] GC(77) - age  10:      16912 bytes,    1461504 total
[2024-02-06T00:07:03.890+0000][7][gc,age      ] GC(77) - age  11:     114488 bytes,    1575992 total
[2024-02-06T00:07:03.890+0000][7][gc,age      ] GC(77) - age  12:        384 bytes,    1576376 total
[2024-02-06T00:07:03.890+0000][7][gc,age      ] GC(77) - age  13:     101808 bytes,    1678184 total
[2024-02-06T00:07:03.890+0000][7][gc,age      ] GC(77) - age  15:        432 bytes,    1678616 total
[2024-02-06T00:07:03.890+0000][7][gc,heap     ] GC(77) Eden regions: 152->0(152)
[2024-02-06T00:07:03.890+0000][7][gc,heap     ] GC(77) Survivor regions: 1->1(20)
[2024-02-06T00:07:03.890+0000][7][gc,heap     ] GC(77) Old regions: 23->23
[2024-02-06T00:07:03.890+0000][7][gc,heap     ] GC(77) Archive regions: 2->2
[2024-02-06T00:07:03.890+0000][7][gc,heap     ] GC(77) Humongous regions: 0->0
[2024-02-06T00:07:03.890+0000][7][gc,metaspace] GC(77) Metaspace: 126832K(130240K)->126832K(130240K) NonClass: 110266K(112064K)->110266K(112064K) Class: 16566K(18176K)->16566K(18176K)
[2024-02-06T00:07:03.890+0000][7][gc          ] GC(77) Pause Young (Normal) (G1 Evacuation Pause) 702M->94M(1024M) 2.745ms
[2024-02-06T00:07:03.890+0000][7][gc,cpu      ] GC(77) User=0.01s Sys=0.00s Real=0.00s
[2024-02-06T00:07:03.890+0000][7][safepoint   ] Safepoint "G1CollectForAllocation", Time since last: 11030243693 ns, Reaching safepoint: 71878 ns, At safepoint: 2839120 ns, Total: 2910998 ns
[2024-02-06T00:07:10.891+0000][7][safepoint   ] Safepoint "Cleanup", Time since last: 7001219452 ns, Reaching safepoint: 124383 ns, At safepoint: 9901 ns, Total: 134284 ns
[2024-02-06T00:07:16.892+0000][7][safepoint   ] Safepoint "Cleanup", Time since last: 6000751495 ns, Reaching safepoint: 73209 ns, At safepoint: 7593 ns, Total: 80802 ns
[2024-02-06T00:07:17.892+0000][7][safepoint   ] Safepoint "Cleanup", Time since last: 1000165608 ns, Reaching safepoint: 72936 ns, At safepoint: 8649 ns, Total: 81585 ns
[2024-02-06T00:07:57.897+0000][7][safepoint   ] Safepoint "Cleanup", Time since last: 40005013951 ns, Reaching safepoint: 86219 ns, At safepoint: 10044 ns, Total: 96263 ns
[2024-02-06T00:08:53.906+0000][7][safepoint   ] Safepoint "Cleanup", Time since last: 56008430080 ns, Reaching safepoint: 106689 ns, At safepoint: 10777 ns, Total: 117466 ns
[2024-02-06T00:10:30.873+0000][7][gc,start    ] GC(78) Pause Young (Normal) (G1 Evacuation Pause)
[2024-02-06T00:10:30.873+0000][7][gc,task     ] GC(78) Using 8 workers of 8 for evacuation
[2024-02-06T00:10:30.873+0000][7][gc,age      ] GC(78) Desired survivor size 41943040 bytes, new threshold 15 (max threshold 15)
[2024-02-06T00:10:30.875+0000][7][gc,phases   ] GC(78)   Pre Evacuate Collection Set: 0.1ms
[2024-02-06T00:10:30.875+0000][7][gc,phases   ] GC(78)   Merge Heap Roots: 0.1ms
[2024-02-06T00:10:30.875+0000][7][gc,phases   ] GC(78)   Evacuate Collection Set: 1.6ms
[2024-02-06T00:10:30.875+0000][7][gc,phases   ] GC(78)   Post Evacuate Collection Set: 0.7ms
[2024-02-06T00:10:30.875+0000][7][gc,phases   ] GC(78)   Other: 0.1ms
[2024-02-06T00:10:30.875+0000][7][gc,age      ] GC(78) Age table with threshold 15 (max threshold 15)
[2024-02-06T00:10:30.875+0000][7][gc,age      ] GC(78) - age   1:    1070896 bytes,    1070896 total
[2024-02-06T00:10:30.875+0000][7][gc,age      ] GC(78) - age   2:       4688 bytes,    1075584 total
[2024-02-06T00:10:30.875+0000][7][gc,age      ] GC(78) - age   3:       2280 bytes,    1077864 total
[2024-02-06T00:10:30.875+0000][7][gc,age      ] GC(78) - age   4:     388240 bytes,    1466104 total
[2024-02-06T00:10:30.875+0000][7][gc,age      ] GC(78) - age   5:     151968 bytes,    1618072 total
[2024-02-06T00:10:30.875+0000][7][gc,age      ] GC(78) - age   6:       1288 bytes,    1619360 total
[2024-02-06T00:10:30.875+0000][7][gc,age      ] GC(78) - age   7:        456 bytes,    1619816 total
[2024-02-06T00:10:30.875+0000][7][gc,age      ] GC(78) - age   8:        704 bytes,    1620520 total
[2024-02-06T00:10:30.875+0000][7][gc,age      ] GC(78) - age   9:        392 bytes,    1620912 total
[2024-02-06T00:10:30.875+0000][7][gc,age      ] GC(78) - age  10:       1184 bytes,    1622096 total
[2024-02-06T00:10:30.875+0000][7][gc,age      ] GC(78) - age  11:      16912 bytes,    1639008 total
[2024-02-06T00:10:30.875+0000][7][gc,age      ] GC(78) - age  12:     114488 bytes,    1753496 total
[2024-02-06T00:10:30.875+0000][7][gc,age      ] GC(78) - age  13:        384 bytes,    1753880 total
[2024-02-06T00:10:30.875+0000][7][gc,age      ] GC(78) - age  14:     101808 bytes,    1855688 total
[2024-02-06T00:10:30.875+0000][7][gc,heap     ] GC(78) Eden regions: 152->0(152)
[2024-02-06T00:10:30.875+0000][7][gc,heap     ] GC(78) Survivor regions: 1->1(20)
[2024-02-06T00:10:30.875+0000][7][gc,heap     ] GC(78) Old regions: 23->23
[2024-02-06T00:10:30.875+0000][7][gc,heap     ] GC(78) Archive regions: 2->2
[2024-02-06T00:10:30.875+0000][7][gc,heap     ] GC(78) Humongous regions: 0->0
[2024-02-06T00:10:30.875+0000][7][gc,metaspace] GC(78) Metaspace: 126837K(130240K)->126837K(130240K) NonClass: 110271K(112064K)->110271K(112064K) Class: 16566K(18176K)->16566K(18176K)
[2024-02-06T00:10:30.876+0000][7][gc          ] GC(78) Pause Young (Normal) (G1 Evacuation Pause) 702M->94M(1024M) 2.931ms
[2024-02-06T00:10:30.876+0000][7][gc,cpu      ] GC(78) User=0.02s Sys=0.00s Real=0.00s
[2024-02-06T00:10:30.876+0000][7][safepoint   ] Safepoint "G1CollectForAllocation", Time since last: 96966720290 ns, Reaching safepoint: 53500 ns, At safepoint: 3026881 ns, Total: 3080381 ns
[2024-02-06T00:11:04.879+0000][7][safepoint   ] Safepoint "Cleanup", Time since last: 34003179947 ns, Reaching safepoint: 85588 ns, At safepoint: 25825 ns, Total: 111413 ns
[2024-02-06T00:11:58.884+0000][7][safepoint   ] Safepoint "Cleanup", Time since last: 54004882714 ns, Reaching safepoint: 71997 ns, At safepoint: 36892 ns, Total: 108889 ns
[2024-02-06T00:13:53.400+0000][7][gc,start    ] GC(79) Pause Young (Normal) (G1 Evacuation Pause)
[2024-02-06T00:13:53.400+0000][7][gc,task     ] GC(79) Using 8 workers of 8 for evacuation
[2024-02-06T00:13:53.400+0000][7][gc,age      ] GC(79) Desired survivor size 41943040 bytes, new threshold 15 (max threshold 15)
[2024-02-06T00:13:53.404+0000][7][gc,phases   ] GC(79)   Pre Evacuate Collection Set: 0.1ms
[2024-02-06T00:13:53.404+0000][7][gc,phases   ] GC(79)   Merge Heap Roots: 0.1ms
[2024-02-06T00:13:53.404+0000][7][gc,phases   ] GC(79)   Evacuate Collection Set: 2.7ms
[2024-02-06T00:13:53.404+0000][7][gc,phases   ] GC(79)   Post Evacuate Collection Set: 1.0ms
[2024-02-06T00:13:53.404+0000][7][gc,phases   ] GC(79)   Other: 0.1ms
[2024-02-06T00:13:53.404+0000][7][gc,age      ] GC(79) Age table with threshold 15 (max threshold 15)
[2024-02-06T00:13:53.404+0000][7][gc,age      ] GC(79) - age   1:    1385056 bytes,    1385056 total
[2024-02-06T00:13:53.404+0000][7][gc,age      ] GC(79) - age   2:      10936 bytes,    1395992 total
[2024-02-06T00:13:53.404+0000][7][gc,age      ] GC(79) - age   3:       3440 bytes,    1399432 total
[2024-02-06T00:13:53.404+0000][7][gc,age      ] GC(79) - age   4:       1432 bytes,    1400864 total
[2024-02-06T00:13:53.404+0000][7][gc,age      ] GC(79) - age   5:     388176 bytes,    1789040 total
[2024-02-06T00:13:53.404+0000][7][gc,age      ] GC(79) - age   6:     151784 bytes,    1940824 total
[2024-02-06T00:13:53.404+0000][7][gc,age      ] GC(79) - age   7:       1288 bytes,    1942112 total
[2024-02-06T00:13:53.404+0000][7][gc,age      ] GC(79) - age   8:        456 bytes,    1942568 total
[2024-02-06T00:13:53.404+0000][7][gc,age      ] GC(79) - age   9:        704 bytes,    1943272 total
[2024-02-06T00:13:53.404+0000][7][gc,age      ] GC(79) - age  10:        392 bytes,    1943664 total
[2024-02-06T00:13:53.404+0000][7][gc,age      ] GC(79) - age  11:       1184 bytes,    1944848 total
[2024-02-06T00:13:53.404+0000][7][gc,age      ] GC(79) - age  12:      16912 bytes,    1961760 total
[2024-02-06T00:13:53.404+0000][7][gc,age      ] GC(79) - age  13:     114488 bytes,    2076248 total
[2024-02-06T00:13:53.404+0000][7][gc,age      ] GC(79) - age  14:        384 bytes,    2076632 total
[2024-02-06T00:13:53.404+0000][7][gc,age      ] GC(79) - age  15:     101808 bytes,    2178440 total
[2024-02-06T00:13:53.404+0000][7][gc,heap     ] GC(79) Eden regions: 152->0(152)
[2024-02-06T00:13:53.404+0000][7][gc,heap     ] GC(79) Survivor regions: 1->1(20)
[2024-02-06T00:13:53.404+0000][7][gc,heap     ] GC(79) Old regions: 23->23
[2024-02-06T00:13:53.404+0000][7][gc,heap     ] GC(79) Archive regions: 2->2
[2024-02-06T00:13:53.404+0000][7][gc,heap     ] GC(79) Humongous regions: 0->0
[2024-02-06T00:13:53.404+0000][7][gc,metaspace] GC(79) Metaspace: 126841K(130240K)->126841K(130240K) NonClass: 110274K(112064K)->110274K(112064K) Class: 16566K(18176K)->16566K(18176K)
[2024-02-06T00:13:53.404+0000][7][gc          ] GC(79) Pause Young (Normal) (G1 Evacuation Pause) 702M->94M(1024M) 4.361ms
[2024-02-06T00:13:53.404+0000][7][gc,cpu      ] GC(79) User=0.02s Sys=0.00s Real=0.01s
[2024-02-06T00:13:53.404+0000][7][safepoint   ] Safepoint "G1CollectForAllocation", Time since last: 114515550528 ns, Reaching safepoint: 90545 ns, At safepoint: 4464912 ns, Total: 4555457 ns
[2024-02-06T00:14:10.406+0000][7][safepoint   ] Safepoint "Cleanup", Time since last: 17001500765 ns, Reaching safepoint: 88259 ns, At safepoint: 5779 ns, Total: 94038 ns
[2024-02-06T00:14:18.407+0000][7][safepoint   ] Safepoint "Cleanup", Time since last: 8000851792 ns, Reaching safepoint: 75949 ns, At safepoint: 7850 ns, Total: 83799 ns
[2024-02-06T00:17:15.956+0000][7][gc,start    ] GC(80) Pause Young (Normal) (G1 Evacuation Pause)
[2024-02-06T00:17:15.956+0000][7][gc,task     ] GC(80) Using 8 workers of 8 for evacuation
[2024-02-06T00:17:15.957+0000][7][gc,age      ] GC(80) Desired survivor size 41943040 bytes, new threshold 15 (max threshold 15)
[2024-02-06T00:17:15.962+0000][7][gc,phases   ] GC(80)   Pre Evacuate Collection Set: 0.2ms
[2024-02-06T00:17:15.962+0000][7][gc,phases   ] GC(80)   Merge Heap Roots: 0.1ms
[2024-02-06T00:17:15.962+0000][7][gc,phases   ] GC(80)   Evacuate Collection Set: 3.5ms
[2024-02-06T00:17:15.962+0000][7][gc,phases   ] GC(80)   Post Evacuate Collection Set: 1.2ms
[2024-02-06T00:17:15.962+0000][7][gc,phases   ] GC(80)   Other: 0.1ms
[2024-02-06T00:17:15.962+0000][7][gc,age      ] GC(80) Age table with threshold 15 (max threshold 15)
[2024-02-06T00:17:15.962+0000][7][gc,age      ] GC(80) - age   1:    1733664 bytes,    1733664 total
[2024-02-06T00:17:15.962+0000][7][gc,age      ] GC(80) - age   2:      12792 bytes,    1746456 total
[2024-02-06T00:17:15.962+0000][7][gc,age      ] GC(80) - age   3:       9504 bytes,    1755960 total
[2024-02-06T00:17:15.962+0000][7][gc,age      ] GC(80) - age   4:        368 bytes,    1756328 total
[2024-02-06T00:17:15.962+0000][7][gc,age      ] GC(80) - age   5:       1248 bytes,    1757576 total
[2024-02-06T00:17:15.962+0000][7][gc,age      ] GC(80) - age   6:     337592 bytes,    2095168 total
[2024-02-06T00:17:15.962+0000][7][gc,age      ] GC(80) - age   7:     143768 bytes,    2238936 total
[2024-02-06T00:17:15.962+0000][7][gc,age      ] GC(80) - age   8:       1288 bytes,    2240224 total
[2024-02-06T00:17:15.962+0000][7][gc,age      ] GC(80) - age   9:        456 bytes,    2240680 total
[2024-02-06T00:17:15.962+0000][7][gc,age      ] GC(80) - age  10:        704 bytes,    2241384 total
[2024-02-06T00:17:15.962+0000][7][gc,age      ] GC(80) - age  11:        392 bytes,    2241776 total
[2024-02-06T00:17:15.962+0000][7][gc,age      ] GC(80) - age  12:       1184 bytes,    2242960 total
[2024-02-06T00:17:15.962+0000][7][gc,age      ] GC(80) - age  13:      16912 bytes,    2259872 total
[2024-02-06T00:17:15.962+0000][7][gc,age      ] GC(80) - age  14:     114488 bytes,    2374360 total
[2024-02-06T00:17:15.962+0000][7][gc,age      ] GC(80) - age  15:        384 bytes,    2374744 total
[2024-02-06T00:17:15.962+0000][7][gc,heap     ] GC(80) Eden regions: 152->0(152)
[2024-02-06T00:17:15.962+0000][7][gc,heap     ] GC(80) Survivor regions: 1->1(20)
[2024-02-06T00:17:15.962+0000][7][gc,heap     ] GC(80) Old regions: 23->23
[2024-02-06T00:17:15.962+0000][7][gc,heap     ] GC(80) Archive regions: 2->2
[2024-02-06T00:17:15.962+0000][7][gc,heap     ] GC(80) Humongous regions: 0->0
[2024-02-06T00:17:15.962+0000][7][gc,metaspace] GC(80) Metaspace: 126841K(130240K)->126841K(130240K) NonClass: 110274K(112064K)->110274K(112064K) Class: 16566K(18176K)->16566K(18176K)
[2024-02-06T00:17:15.962+0000][7][gc          ] GC(80) Pause Young (Normal) (G1 Evacuation Pause) 702M->94M(1024M) 5.505ms
[2024-02-06T00:17:15.962+0000][7][gc,cpu      ] GC(80) User=0.02s Sys=0.00s Real=0.00s
[2024-02-06T00:17:15.962+0000][7][safepoint   ] Safepoint "G1CollectForAllocation", Time since last: 177549821310 ns, Reaching safepoint: 46644 ns, At safepoint: 5596384 ns, Total: 5643028 ns
[2024-02-06T00:17:28.964+0000][7][safepoint   ] Safepoint "Cleanup", Time since last: 13001539227 ns, Reaching safepoint: 104414 ns, At safepoint: 6693 ns, Total: 111107 ns
[2024-02-06T00:18:53.971+0000][7][safepoint   ] Safepoint "Cleanup", Time since last: 85007681094 ns, Reaching safepoint: 69638 ns, At safepoint: 4108 ns, Total: 73746 ns
[2024-02-06T00:19:53.977+0000][7][safepoint   ] Safepoint "Cleanup", Time since last: 60005269030 ns, Reaching safepoint: 80109 ns, At safepoint: 40314 ns, Total: 120423 ns
[2024-02-06T00:20:40.769+0000][7][gc,start    ] GC(81) Pause Young (Normal) (G1 Evacuation Pause)
[2024-02-06T00:20:40.769+0000][7][gc,task     ] GC(81) Using 8 workers of 8 for evacuation
[2024-02-06T00:20:40.769+0000][7][gc,age      ] GC(81) Desired survivor size 41943040 bytes, new threshold 15 (max threshold 15)
[2024-02-06T00:20:40.772+0000][7][gc,phases   ] GC(81)   Pre Evacuate Collection Set: 0.1ms
[2024-02-06T00:20:40.772+0000][7][gc,phases   ] GC(81)   Merge Heap Roots: 0.1ms
[2024-02-06T00:20:40.772+0000][7][gc,phases   ] GC(81)   Evacuate Collection Set: 1.9ms
[2024-02-06T00:20:40.772+0000][7][gc,phases   ] GC(81)   Post Evacuate Collection Set: 0.8ms
[2024-02-06T00:20:40.772+0000][7][gc,phases   ] GC(81)   Other: 0.1ms
[2024-02-06T00:20:40.772+0000][7][gc,age      ] GC(81) Age table with threshold 15 (max threshold 15)
[2024-02-06T00:20:40.772+0000][7][gc,age      ] GC(81) - age   1:    1607808 bytes,    1607808 total
[2024-02-06T00:20:40.772+0000][7][gc,age      ] GC(81) - age   2:       8152 bytes,    1615960 total
[2024-02-06T00:20:40.772+0000][7][gc,age      ] GC(81) - age   3:       9896 bytes,    1625856 total
[2024-02-06T00:20:40.772+0000][7][gc,age      ] GC(81) - age   4:       1296 bytes,    1627152 total
[2024-02-06T00:20:40.772+0000][7][gc,age      ] GC(81) - age   5:        368 bytes,    1627520 total
[2024-02-06T00:20:40.772+0000][7][gc,age      ] GC(81) - age   6:        864 bytes,    1628384 total
[2024-02-06T00:20:40.772+0000][7][gc,age      ] GC(81) - age   7:     337592 bytes,    1965976 total
[2024-02-06T00:20:40.772+0000][7][gc,age      ] GC(81) - age   8:     143768 bytes,    2109744 total
[2024-02-06T00:20:40.772+0000][7][gc,age      ] GC(81) - age   9:       1288 bytes,    2111032 total
[2024-02-06T00:20:40.772+0000][7][gc,age      ] GC(81) - age  10:        456 bytes,    2111488 total
[2024-02-06T00:20:40.772+0000][7][gc,age      ] GC(81) - age  11:        704 bytes,    2112192 total
[2024-02-06T00:20:40.772+0000][7][gc,age      ] GC(81) - age  12:        392 bytes,    2112584 total
[2024-02-06T00:20:40.772+0000][7][gc,age      ] GC(81) - age  13:       1184 bytes,    2113768 total
[2024-02-06T00:20:40.772+0000][7][gc,age      ] GC(81) - age  14:      16912 bytes,    2130680 total
[2024-02-06T00:20:40.772+0000][7][gc,age      ] GC(81) - age  15:     114488 bytes,    2245168 total
[2024-02-06T00:20:40.772+0000][7][gc,heap     ] GC(81) Eden regions: 152->0(152)
[2024-02-06T00:20:40.772+0000][7][gc,heap     ] GC(81) Survivor regions: 1->1(20)
[2024-02-06T00:20:40.772+0000][7][gc,heap     ] GC(81) Old regions: 23->23
[2024-02-06T00:20:40.772+0000][7][gc,heap     ] GC(81) Archive regions: 2->2
[2024-02-06T00:20:40.772+0000][7][gc,heap     ] GC(81) Humongous regions: 0->0
[2024-02-06T00:20:40.772+0000][7][gc,metaspace] GC(81) Metaspace: 126850K(130240K)->126850K(130240K) NonClass: 110284K(112064K)->110284K(112064K) Class: 16566K(18176K)->16566K(18176K)
[2024-02-06T00:20:40.772+0000][7][gc          ] GC(81) Pause Young (Normal) (G1 Evacuation Pause) 702M->94M(1024M) 3.356ms
[2024-02-06T00:20:40.772+0000][7][gc,cpu      ] GC(81) User=0.02s Sys=0.00s Real=0.01s
[2024-02-06T00:20:40.772+0000][7][safepoint   ] Safepoint "G1CollectForAllocation", Time since last: 46792118326 ns, Reaching safepoint: 59012 ns, At safepoint: 3458245 ns, Total: 3517257 ns
[2024-02-06T00:21:17.776+0000][7][safepoint   ] Safepoint "Cleanup", Time since last: 37003371729 ns, Reaching safepoint: 58558 ns, At safepoint: 29684 ns, Total: 88242 ns
[2024-02-06T00:23:34.789+0000][7][safepoint   ] Safepoint "Cleanup", Time since last: 137013375990 ns, Reaching safepoint: 64979 ns, At safepoint: 7842 ns, Total: 72821 ns
[2024-02-06T00:24:09.914+0000][7][gc,start    ] GC(82) Pause Young (Normal) (G1 Evacuation Pause)
[2024-02-06T00:24:09.914+0000][7][gc,task     ] GC(82) Using 8 workers of 8 for evacuation
[2024-02-06T00:24:09.914+0000][7][gc,age      ] GC(82) Desired survivor size 41943040 bytes, new threshold 15 (max threshold 15)
[2024-02-06T00:24:09.916+0000][7][gc,phases   ] GC(82)   Pre Evacuate Collection Set: 0.1ms
[2024-02-06T00:24:09.916+0000][7][gc,phases   ] GC(82)   Merge Heap Roots: 0.1ms
[2024-02-06T00:24:09.916+0000][7][gc,phases   ] GC(82)   Evacuate Collection Set: 1.3ms
[2024-02-06T00:24:09.916+0000][7][gc,phases   ] GC(82)   Post Evacuate Collection Set: 0.7ms
[2024-02-06T00:24:09.916+0000][7][gc,phases   ] GC(82)   Other: 0.1ms
[2024-02-06T00:24:09.916+0000][7][gc,age      ] GC(82) Age table with threshold 15 (max threshold 15)
[2024-02-06T00:24:09.916+0000][7][gc,age      ] GC(82) - age   1:     904176 bytes,     904176 total
[2024-02-06T00:24:09.916+0000][7][gc,age      ] GC(82) - age   2:       4072 bytes,     908248 total
[2024-02-06T00:24:09.916+0000][7][gc,age      ] GC(82) - age   3:       4768 bytes,     913016 total
[2024-02-06T00:24:09.916+0000][7][gc,age      ] GC(82) - age   4:        856 bytes,     913872 total
[2024-02-06T00:24:09.916+0000][7][gc,age      ] GC(82) - age   5:       1232 bytes,     915104 total
[2024-02-06T00:24:09.916+0000][7][gc,age      ] GC(82) - age   6:        368 bytes,     915472 total
[2024-02-06T00:24:09.916+0000][7][gc,age      ] GC(82) - age   7:        832 bytes,     916304 total
[2024-02-06T00:24:09.916+0000][7][gc,age      ] GC(82) - age   8:     337592 bytes,    1253896 total
[2024-02-06T00:24:09.916+0000][7][gc,age      ] GC(82) - age   9:     143768 bytes,    1397664 total
[2024-02-06T00:24:09.916+0000][7][gc,age      ] GC(82) - age  10:       1288 bytes,    1398952 total
[2024-02-06T00:24:09.916+0000][7][gc,age      ] GC(82) - age  11:        456 bytes,    1399408 total
[2024-02-06T00:24:09.916+0000][7][gc,age      ] GC(82) - age  12:        704 bytes,    1400112 total
[2024-02-06T00:24:09.917+0000][7][gc,age      ] GC(82) - age  13:        392 bytes,    1400504 total
[2024-02-06T00:24:09.917+0000][7][gc,age      ] GC(82) - age  14:       1184 bytes,    1401688 total
[2024-02-06T00:24:09.917+0000][7][gc,age      ] GC(82) - age  15:      16912 bytes,    1418600 total
[2024-02-06T00:24:09.917+0000][7][gc,heap     ] GC(82) Eden regions: 152->0(152)
[2024-02-06T00:24:09.917+0000][7][gc,heap     ] GC(82) Survivor regions: 1->1(20)
[2024-02-06T00:24:09.917+0000][7][gc,heap     ] GC(82) Old regions: 23->23
[2024-02-06T00:24:09.917+0000][7][gc,heap     ] GC(82) Archive regions: 2->2
[2024-02-06T00:24:09.917+0000][7][gc,heap     ] GC(82) Humongous regions: 0->0
[2024-02-06T00:24:09.917+0000][7][gc,metaspace] GC(82) Metaspace: 126854K(130240K)->126854K(130240K) NonClass: 110288K(112064K)->110288K(112064K) Class: 16566K(18176K)->16566K(18176K)
[2024-02-06T00:24:09.917+0000][7][gc          ] GC(82) Pause Young (Normal) (G1 Evacuation Pause) 702M->94M(1024M) 2.590ms
[2024-02-06T00:24:09.917+0000][7][gc,cpu      ] GC(82) User=0.01s Sys=0.00s Real=0.00s
[2024-02-06T00:24:09.917+0000][7][safepoint   ] Safepoint "G1CollectForAllocation", Time since last: 35124599085 ns, Reaching safepoint: 44179 ns, At safepoint: 2678950 ns, Total: 2723129 ns
[2024-02-06T00:24:53.921+0000][7][safepoint   ] Safepoint "Cleanup", Time since last: 44004620286 ns, Reaching safepoint: 95140 ns, At safepoint: 7291 ns, Total: 102431 ns
[2024-02-06T00:25:04.923+0000][7][safepoint   ] Safepoint "Cleanup", Time since last: 11001178698 ns, Reaching safepoint: 85579 ns, At safepoint: 11433 ns, Total: 97012 ns
[2024-02-06T00:25:50.929+0000][7][safepoint   ] Safepoint "Cleanup", Time since last: 46005817258 ns, Reaching safepoint: 64616 ns, At safepoint: 7460 ns, Total: 72076 ns
[2024-02-06T00:25:51.929+0000][7][safepoint   ] Safepoint "Cleanup", Time since last: 1000179583 ns, Reaching safepoint: 71559 ns, At safepoint: 15210 ns, Total: 86769 ns
[2024-02-06T00:25:58.930+0000][7][safepoint   ] Safepoint "Cleanup", Time since last: 7000796588 ns, Reaching safepoint: 111646 ns, At safepoint: 7099 ns, Total: 118745 ns
[2024-02-06T00:26:09.931+0000][7][safepoint   ] Safepoint "Cleanup", Time since last: 11001688775 ns, Reaching safepoint: 74504 ns, At safepoint: 9841 ns, Total: 84345 ns
[2024-02-06T00:26:53.936+0000][7][safepoint   ] Safepoint "Cleanup", Time since last: 44004531868 ns, Reaching safepoint: 94593 ns, At safepoint: 7272 ns, Total: 101865 ns
[2024-02-06T00:27:33.926+0000][7][gc,start    ] GC(83) Pause Young (Normal) (G1 Evacuation Pause)
[2024-02-06T00:27:33.926+0000][7][gc,task     ] GC(83) Using 8 workers of 8 for evacuation
[2024-02-06T00:27:33.926+0000][7][gc,age      ] GC(83) Desired survivor size 41943040 bytes, new threshold 15 (max threshold 15)
[2024-02-06T00:27:33.928+0000][7][gc,phases   ] GC(83)   Pre Evacuate Collection Set: 0.1ms
[2024-02-06T00:27:33.928+0000][7][gc,phases   ] GC(83)   Merge Heap Roots: 0.1ms
[2024-02-06T00:27:33.928+0000][7][gc,phases   ] GC(83)   Evacuate Collection Set: 1.3ms
[2024-02-06T00:27:33.928+0000][7][gc,phases   ] GC(83)   Post Evacuate Collection Set: 0.8ms
[2024-02-06T00:27:33.928+0000][7][gc,phases   ] GC(83)   Other: 0.1ms
[2024-02-06T00:27:33.928+0000][7][gc,age      ] GC(83) Age table with threshold 15 (max threshold 15)
[2024-02-06T00:27:33.928+0000][7][gc,age      ] GC(83) - age   1:    1290784 bytes,    1290784 total
[2024-02-06T00:27:33.928+0000][7][gc,age      ] GC(83) - age   2:      11920 bytes,    1302704 total
[2024-02-06T00:27:33.928+0000][7][gc,age      ] GC(83) - age   3:       1160 bytes,    1303864 total
[2024-02-06T00:27:33.928+0000][7][gc,age      ] GC(83) - age   4:       1016 bytes,    1304880 total
[2024-02-06T00:27:33.928+0000][7][gc,age      ] GC(83) - age   5:        856 bytes,    1305736 total
[2024-02-06T00:27:33.928+0000][7][gc,age      ] GC(83) - age   6:        840 bytes,    1306576 total
[2024-02-06T00:27:33.928+0000][7][gc,age      ] GC(83) - age   7:        184 bytes,    1306760 total
[2024-02-06T00:27:33.928+0000][7][gc,age      ] GC(83) - age   8:        832 bytes,    1307592 total
[2024-02-06T00:27:33.928+0000][7][gc,age      ] GC(83) - age   9:     322800 bytes,    1630392 total
[2024-02-06T00:27:33.928+0000][7][gc,age      ] GC(83) - age  10:     143768 bytes,    1774160 total
[2024-02-06T00:27:33.928+0000][7][gc,age      ] GC(83) - age  11:       1288 bytes,    1775448 total
[2024-02-06T00:27:33.928+0000][7][gc,age      ] GC(83) - age  12:        456 bytes,    1775904 total
[2024-02-06T00:27:33.928+0000][7][gc,age      ] GC(83) - age  13:        704 bytes,    1776608 total
[2024-02-06T00:27:33.928+0000][7][gc,age      ] GC(83) - age  14:        392 bytes,    1777000 total
[2024-02-06T00:27:33.928+0000][7][gc,age      ] GC(83) - age  15:       1184 bytes,    1778184 total
[2024-02-06T00:27:33.928+0000][7][gc,heap     ] GC(83) Eden regions: 152->0(152)
[2024-02-06T00:27:33.928+0000][7][gc,heap     ] GC(83) Survivor regions: 1->1(20)
[2024-02-06T00:27:33.928+0000][7][gc,heap     ] GC(83) Old regions: 23->23
[2024-02-06T00:27:33.928+0000][7][gc,heap     ] GC(83) Archive regions: 2->2
[2024-02-06T00:27:33.928+0000][7][gc,heap     ] GC(83) Humongous regions: 0->0
[2024-02-06T00:27:33.928+0000][7][gc,metaspace] GC(83) Metaspace: 126858K(130240K)->126858K(130240K) NonClass: 110292K(112064K)->110292K(112064K) Class: 16566K(18176K)->16566K(18176K)
[2024-02-06T00:27:33.928+0000][7][gc          ] GC(83) Pause Young (Normal) (G1 Evacuation Pause) 702M->94M(1024M) 2.638ms
[2024-02-06T00:27:33.929+0000][7][gc,cpu      ] GC(83) User=0.02s Sys=0.00s Real=0.00s
[2024-02-06T00:27:33.929+0000][7][safepoint   ] Safepoint "G1CollectForAllocation", Time since last: 39989626280 ns, Reaching safepoint: 70194 ns, At safepoint: 2729454 ns, Total: 2799648 ns
[2024-02-06T00:27:53.931+0000][7][safepoint   ] Safepoint "Cleanup", Time since last: 20002187869 ns, Reaching safepoint: 115756 ns, At safepoint: 7137 ns, Total: 122893 ns
[2024-02-06T00:28:53.938+0000][7][safepoint   ] Safepoint "Cleanup", Time since last: 60006781476 ns, Reaching safepoint: 106759 ns, At safepoint: 9136 ns, Total: 115895 ns
[2024-02-06T00:28:57.938+0000][7][safepoint   ] Safepoint "Cleanup", Time since last: 4000555239 ns, Reaching safepoint: 58831 ns, At safepoint: 6687 ns, Total: 65518 ns
[2024-02-06T00:29:53.945+0000][7][safepoint   ] Safepoint "Cleanup", Time since last: 56006241015 ns, Reaching safepoint: 66220 ns, At safepoint: 12971 ns, Total: 79191 ns
[2024-02-06T00:30:53.951+0000][7][safepoint   ] Safepoint "Cleanup", Time since last: 60006602755 ns, Reaching safepoint: 107558 ns, At safepoint: 8713 ns, Total: 116271 ns
[2024-02-06T00:30:57.949+0000][7][gc,start    ] GC(84) Pause Young (Normal) (G1 Evacuation Pause)
[2024-02-06T00:30:57.949+0000][7][gc,task     ] GC(84) Using 8 workers of 8 for evacuation
[2024-02-06T00:30:57.949+0000][7][gc,age      ] GC(84) Desired survivor size 41943040 bytes, new threshold 15 (max threshold 15)
[2024-02-06T00:30:57.952+0000][7][gc,phases   ] GC(84)   Pre Evacuate Collection Set: 0.1ms
[2024-02-06T00:30:57.952+0000][7][gc,phases   ] GC(84)   Merge Heap Roots: 0.1ms
[2024-02-06T00:30:57.952+0000][7][gc,phases   ] GC(84)   Evacuate Collection Set: 1.3ms
[2024-02-06T00:30:57.952+0000][7][gc,phases   ] GC(84)   Post Evacuate Collection Set: 0.7ms
[2024-02-06T00:30:57.952+0000][7][gc,phases   ] GC(84)   Other: 0.1ms
[2024-02-06T00:30:57.952+0000][7][gc,age      ] GC(84) Age table with threshold 15 (max threshold 15)
[2024-02-06T00:30:57.952+0000][7][gc,age      ] GC(84) - age   1:     977080 bytes,     977080 total
[2024-02-06T00:30:57.952+0000][7][gc,age      ] GC(84) - age   2:     107624 bytes,    1084704 total
[2024-02-06T00:30:57.952+0000][7][gc,age      ] GC(84) - age   3:        968 bytes,    1085672 total
[2024-02-06T00:30:57.952+0000][7][gc,age      ] GC(84) - age   4:        968 bytes,    1086640 total
[2024-02-06T00:30:57.952+0000][7][gc,age      ] GC(84) - age   5:       1016 bytes,    1087656 total
[2024-02-06T00:30:57.952+0000][7][gc,age      ] GC(84) - age   6:        856 bytes,    1088512 total
[2024-02-06T00:30:57.952+0000][7][gc,age      ] GC(84) - age   7:        840 bytes,    1089352 total
[2024-02-06T00:30:57.952+0000][7][gc,age      ] GC(84) - age   8:        184 bytes,    1089536 total
[2024-02-06T00:30:57.952+0000][7][gc,age      ] GC(84) - age   9:        832 bytes,    1090368 total
[2024-02-06T00:30:57.952+0000][7][gc,age      ] GC(84) - age  10:     322800 bytes,    1413168 total
[2024-02-06T00:30:57.952+0000][7][gc,age      ] GC(84) - age  11:     143768 bytes,    1556936 total
[2024-02-06T00:30:57.952+0000][7][gc,age      ] GC(84) - age  12:       1288 bytes,    1558224 total
[2024-02-06T00:30:57.952+0000][7][gc,age      ] GC(84) - age  13:        456 bytes,    1558680 total
[2024-02-06T00:30:57.952+0000][7][gc,age      ] GC(84) - age  14:        704 bytes,    1559384 total
[2024-02-06T00:30:57.952+0000][7][gc,age      ] GC(84) - age  15:        392 bytes,    1559776 total
[2024-02-06T00:30:57.952+0000][7][gc,heap     ] GC(84) Eden regions: 152->0(152)
[2024-02-06T00:30:57.952+0000][7][gc,heap     ] GC(84) Survivor regions: 1->1(20)
[2024-02-06T00:30:57.952+0000][7][gc,heap     ] GC(84) Old regions: 23->23
[2024-02-06T00:30:57.952+0000][7][gc,heap     ] GC(84) Archive regions: 2->2
[2024-02-06T00:30:57.952+0000][7][gc,heap     ] GC(84) Humongous regions: 0->0
[2024-02-06T00:30:57.952+0000][7][gc,metaspace] GC(84) Metaspace: 126873K(130304K)->126873K(130304K) NonClass: 110306K(112128K)->110306K(112128K) Class: 16566K(18176K)->16566K(18176K)
[2024-02-06T00:30:57.952+0000][7][gc          ] GC(84) Pause Young (Normal) (G1 Evacuation Pause) 702M->94M(1024M) 2.699ms
[2024-02-06T00:30:57.952+0000][7][gc,cpu      ] GC(84) User=0.01s Sys=0.00s Real=0.01s
[2024-02-06T00:30:57.952+0000][7][safepoint   ] Safepoint "G1CollectForAllocation", Time since last: 3997816417 ns, Reaching safepoint: 72504 ns, At safepoint: 2805749 ns, Total: 2878253 ns
[2024-02-06T00:32:53.964+0000][7][safepoint   ] Safepoint "Cleanup", Time since last: 116012122325 ns, Reaching safepoint: 94971 ns, At safepoint: 6080 ns, Total: 101051 ns
[2024-02-06T00:33:53.971+0000][7][safepoint   ] Safepoint "Cleanup", Time since last: 60006504948 ns, Reaching safepoint: 83697 ns, At safepoint: 7688 ns, Total: 91385 ns
[2024-02-06T00:34:21.965+0000][7][gc,start    ] GC(85) Pause Young (Normal) (G1 Evacuation Pause)
[2024-02-06T00:34:21.965+0000][7][gc,task     ] GC(85) Using 8 workers of 8 for evacuation
[2024-02-06T00:34:21.965+0000][7][gc,age      ] GC(85) Desired survivor size 41943040 bytes, new threshold 15 (max threshold 15)
[2024-02-06T00:34:21.967+0000][7][gc,phases   ] GC(85)   Pre Evacuate Collection Set: 0.1ms
[2024-02-06T00:34:21.967+0000][7][gc,phases   ] GC(85)   Merge Heap Roots: 0.1ms
[2024-02-06T00:34:21.967+0000][7][gc,phases   ] GC(85)   Evacuate Collection Set: 1.6ms
[2024-02-06T00:34:21.967+0000][7][gc,phases   ] GC(85)   Post Evacuate Collection Set: 0.7ms
[2024-02-06T00:34:21.967+0000][7][gc,phases   ] GC(85)   Other: 0.1ms
[2024-02-06T00:34:21.967+0000][7][gc,age      ] GC(85) Age table with threshold 15 (max threshold 15)
[2024-02-06T00:34:21.967+0000][7][gc,age      ] GC(85) - age   1:    1366792 bytes,    1366792 total
[2024-02-06T00:34:21.967+0000][7][gc,age      ] GC(85) - age   2:      69952 bytes,    1436744 total
[2024-02-06T00:34:21.967+0000][7][gc,age      ] GC(85) - age   3:     105672 bytes,    1542416 total
[2024-02-06T00:34:21.967+0000][7][gc,age      ] GC(85) - age   4:         88 bytes,    1542504 total
[2024-02-06T00:34:21.967+0000][7][gc,age      ] GC(85) - age   5:        968 bytes,    1543472 total
[2024-02-06T00:34:21.967+0000][7][gc,age      ] GC(85) - age   6:       1016 bytes,    1544488 total
[2024-02-06T00:34:21.967+0000][7][gc,age      ] GC(85) - age   7:        824 bytes,    1545312 total
[2024-02-06T00:34:21.967+0000][7][gc,age      ] GC(85) - age   8:        840 bytes,    1546152 total
[2024-02-06T00:34:21.967+0000][7][gc,age      ] GC(85) - age   9:        184 bytes,    1546336 total
[2024-02-06T00:34:21.967+0000][7][gc,age      ] GC(85) - age  10:        832 bytes,    1547168 total
[2024-02-06T00:34:21.967+0000][7][gc,age      ] GC(85) - age  11:     322800 bytes,    1869968 total
[2024-02-06T00:34:21.967+0000][7][gc,age      ] GC(85) - age  12:     143768 bytes,    2013736 total
[2024-02-06T00:34:21.967+0000][7][gc,age      ] GC(85) - age  13:       1288 bytes,    2015024 total
[2024-02-06T00:34:21.967+0000][7][gc,age      ] GC(85) - age  14:        456 bytes,    2015480 total
[2024-02-06T00:34:21.968+0000][7][gc,age      ] GC(85) - age  15:        704 bytes,    2016184 total
[2024-02-06T00:34:21.968+0000][7][gc,heap     ] GC(85) Eden regions: 152->0(152)
[2024-02-06T00:34:21.968+0000][7][gc,heap     ] GC(85) Survivor regions: 1->1(20)
[2024-02-06T00:34:21.968+0000][7][gc,heap     ] GC(85) Old regions: 23->23
[2024-02-06T00:34:21.968+0000][7][gc,heap     ] GC(85) Archive regions: 2->2
[2024-02-06T00:34:21.968+0000][7][gc,heap     ] GC(85) Humongous regions: 0->0
[2024-02-06T00:34:21.968+0000][7][gc,metaspace] GC(85) Metaspace: 126884K(130304K)->126884K(130304K) NonClass: 110318K(112128K)->110318K(112128K) Class: 16566K(18176K)->16566K(18176K)
[2024-02-06T00:34:21.968+0000][7][gc          ] GC(85) Pause Young (Normal) (G1 Evacuation Pause) 702M->94M(1024M) 2.779ms
[2024-02-06T00:34:21.968+0000][7][gc,cpu      ] GC(85) User=0.01s Sys=0.00s Real=0.00s
[2024-02-06T00:34:21.968+0000][7][safepoint   ] Safepoint "G1CollectForAllocation", Time since last: 27993769080 ns, Reaching safepoint: 70691 ns, At safepoint: 2862495 ns, Total: 2933186 ns
[2024-02-06T00:34:45.970+0000][7][safepoint   ] Safepoint "Cleanup", Time since last: 24002240652 ns, Reaching safepoint: 133554 ns, At safepoint: 32679 ns, Total: 166233 ns
[2024-02-06T00:35:53.978+0000][7][safepoint   ] Safepoint "Cleanup", Time since last: 68007840825 ns, Reaching safepoint: 242265 ns, At safepoint: 12754 ns, Total: 255019 ns
[2024-02-06T00:36:35.983+0000][7][safepoint   ] Safepoint "Cleanup", Time since last: 42004861393 ns, Reaching safepoint: 121641 ns, At safepoint: 6778 ns, Total: 128419 ns
[2024-02-06T00:36:45.984+0000][7][safepoint   ] Safepoint "Cleanup", Time since last: 10000821179 ns, Reaching safepoint: 43240 ns, At safepoint: 5437 ns, Total: 48677 ns
[2024-02-06T00:36:53.985+0000][7][safepoint   ] Safepoint "Cleanup", Time since last: 8000947560 ns, Reaching safepoint: 183864 ns, At safepoint: 15098 ns, Total: 198962 ns
[2024-02-06T00:37:50.376+0000][7][gc,start    ] GC(86) Pause Young (Normal) (G1 Evacuation Pause)
[2024-02-06T00:37:50.376+0000][7][gc,task     ] GC(86) Using 8 workers of 8 for evacuation
[2024-02-06T00:37:50.376+0000][7][gc,age      ] GC(86) Desired survivor size 41943040 bytes, new threshold 15 (max threshold 15)
[2024-02-06T00:37:50.379+0000][7][gc,phases   ] GC(86)   Pre Evacuate Collection Set: 0.1ms
[2024-02-06T00:37:50.379+0000][7][gc,phases   ] GC(86)   Merge Heap Roots: 0.1ms
[2024-02-06T00:37:50.379+0000][7][gc,phases   ] GC(86)   Evacuate Collection Set: 1.9ms
[2024-02-06T00:37:50.379+0000][7][gc,phases   ] GC(86)   Post Evacuate Collection Set: 0.8ms
[2024-02-06T00:37:50.379+0000][7][gc,phases   ] GC(86)   Other: 0.1ms
[2024-02-06T00:37:50.379+0000][7][gc,age      ] GC(86) Age table with threshold 15 (max threshold 15)
[2024-02-06T00:37:50.379+0000][7][gc,age      ] GC(86) - age   1:    1377520 bytes,    1377520 total
[2024-02-06T00:37:50.379+0000][7][gc,age      ] GC(86) - age   2:      88920 bytes,    1466440 total
[2024-02-06T00:37:50.379+0000][7][gc,age      ] GC(86) - age   3:      67936 bytes,    1534376 total
[2024-02-06T00:37:50.379+0000][7][gc,age      ] GC(86) - age   4:     102600 bytes,    1636976 total
[2024-02-06T00:37:50.379+0000][7][gc,age      ] GC(86) - age   5:         88 bytes,    1637064 total
[2024-02-06T00:37:50.379+0000][7][gc,age      ] GC(86) - age   6:        968 bytes,    1638032 total
[2024-02-06T00:37:50.379+0000][7][gc,age      ] GC(86) - age   7:        832 bytes,    1638864 total
[2024-02-06T00:37:50.379+0000][7][gc,age      ] GC(86) - age   8:        824 bytes,    1639688 total
[2024-02-06T00:37:50.379+0000][7][gc,age      ] GC(86) - age   9:        840 bytes,    1640528 total
[2024-02-06T00:37:50.379+0000][7][gc,age      ] GC(86) - age  11:        832 bytes,    1641360 total
[2024-02-06T00:37:50.379+0000][7][gc,age      ] GC(86) - age  12:     322800 bytes,    1964160 total
[2024-02-06T00:37:50.379+0000][7][gc,age      ] GC(86) - age  13:     143768 bytes,    2107928 total
[2024-02-06T00:37:50.379+0000][7][gc,age      ] GC(86) - age  14:       1288 bytes,    2109216 total
[2024-02-06T00:37:50.379+0000][7][gc,age      ] GC(86) - age  15:        456 bytes,    2109672 total
[2024-02-06T00:37:50.379+0000][7][gc,heap     ] GC(86) Eden regions: 152->0(152)
[2024-02-06T00:37:50.379+0000][7][gc,heap     ] GC(86) Survivor regions: 1->1(20)
[2024-02-06T00:37:50.379+0000][7][gc,heap     ] GC(86) Old regions: 23->23
[2024-02-06T00:37:50.379+0000][7][gc,heap     ] GC(86) Archive regions: 2->2
[2024-02-06T00:37:50.379+0000][7][gc,heap     ] GC(86) Humongous regions: 0->0
[2024-02-06T00:37:50.379+0000][7][gc,metaspace] GC(86) Metaspace: 126886K(130304K)->126886K(130304K) NonClass: 110320K(112128K)->110320K(112128K) Class: 16566K(18176K)->16566K(18176K)
[2024-02-06T00:37:50.379+0000][7][gc          ] GC(86) Pause Young (Normal) (G1 Evacuation Pause) 702M->94M(1024M) 3.421ms
[2024-02-06T00:37:50.379+0000][7][gc,cpu      ] GC(86) User=0.02s Sys=0.00s Real=0.00s
[2024-02-06T00:37:50.380+0000][7][safepoint   ] Safepoint "G1CollectForAllocation", Time since last: 56390698679 ns, Reaching safepoint: 77172 ns, At safepoint: 3679570 ns, Total: 3756742 ns
[2024-02-06T00:37:54.380+0000][7][safepoint   ] Safepoint "Cleanup", Time since last: 4000367204 ns, Reaching safepoint: 65530 ns, At safepoint: 10286 ns, Total: 75816 ns
[2024-02-06T00:40:46.400+0000][7][safepoint   ] Safepoint "Cleanup", Time since last: 172019925183 ns, Reaching safepoint: 79607 ns, At safepoint: 9171 ns, Total: 88778 ns
[2024-02-06T00:40:47.400+0000][7][safepoint   ] Safepoint "Cleanup", Time since last: 1000157817 ns, Reaching safepoint: 102363 ns, At safepoint: 9369 ns, Total: 111732 ns
[2024-02-06T00:40:54.401+0000][7][safepoint   ] Safepoint "Cleanup", Time since last: 7000998312 ns, Reaching safepoint: 110962 ns, At safepoint: 9589 ns, Total: 120551 ns
[2024-02-06T00:41:09.961+0000][7][gc,start    ] GC(87) Pause Young (Normal) (G1 Evacuation Pause)
[2024-02-06T00:41:09.961+0000][7][gc,task     ] GC(87) Using 8 workers of 8 for evacuation
[2024-02-06T00:41:09.961+0000][7][gc,age      ] GC(87) Desired survivor size 41943040 bytes, new threshold 15 (max threshold 15)
[2024-02-06T00:41:09.964+0000][7][gc,phases   ] GC(87)   Pre Evacuate Collection Set: 0.1ms
[2024-02-06T00:41:09.964+0000][7][gc,phases   ] GC(87)   Merge Heap Roots: 0.1ms
[2024-02-06T00:41:09.964+0000][7][gc,phases   ] GC(87)   Evacuate Collection Set: 1.2ms
[2024-02-06T00:41:09.964+0000][7][gc,phases   ] GC(87)   Post Evacuate Collection Set: 0.7ms
[2024-02-06T00:41:09.964+0000][7][gc,phases   ] GC(87)   Other: 0.1ms
[2024-02-06T00:41:09.964+0000][7][gc,age      ] GC(87) Age table with threshold 15 (max threshold 15)
[2024-02-06T00:41:09.964+0000][7][gc,age      ] GC(87) - age   1:     690720 bytes,     690720 total
[2024-02-06T00:41:09.964+0000][7][gc,age      ] GC(87) - age   2:       6008 bytes,     696728 total
[2024-02-06T00:41:09.964+0000][7][gc,age      ] GC(87) - age   3:      86376 bytes,     783104 total
[2024-02-06T00:41:09.964+0000][7][gc,age      ] GC(87) - age   4:      67872 bytes,     850976 total
[2024-02-06T00:41:09.964+0000][7][gc,age      ] GC(87) - age   5:     102024 bytes,     953000 total
[2024-02-06T00:41:09.964+0000][7][gc,age      ] GC(87) - age   6:         24 bytes,     953024 total
[2024-02-06T00:41:09.964+0000][7][gc,age      ] GC(87) - age   7:        584 bytes,     953608 total
[2024-02-06T00:41:09.964+0000][7][gc,age      ] GC(87) - age   8:        832 bytes,     954440 total
[2024-02-06T00:41:09.964+0000][7][gc,age      ] GC(87) - age   9:        640 bytes,     955080 total
[2024-02-06T00:41:09.964+0000][7][gc,age      ] GC(87) - age  10:        840 bytes,     955920 total
[2024-02-06T00:41:09.964+0000][7][gc,age      ] GC(87) - age  12:        832 bytes,     956752 total
[2024-02-06T00:41:09.964+0000][7][gc,age      ] GC(87) - age  13:     314784 bytes,    1271536 total
[2024-02-06T00:41:09.964+0000][7][gc,age      ] GC(87) - age  14:     143768 bytes,    1415304 total
[2024-02-06T00:41:09.964+0000][7][gc,age      ] GC(87) - age  15:       1288 bytes,    1416592 total
[2024-02-06T00:41:09.964+0000][7][gc,heap     ] GC(87) Eden regions: 152->0(152)
[2024-02-06T00:41:09.964+0000][7][gc,heap     ] GC(87) Survivor regions: 1->1(20)
[2024-02-06T00:41:09.964+0000][7][gc,heap     ] GC(87) Old regions: 23->23
[2024-02-06T00:41:09.964+0000][7][gc,heap     ] GC(87) Archive regions: 2->2
[2024-02-06T00:41:09.964+0000][7][gc,heap     ] GC(87) Humongous regions: 0->0
[2024-02-06T00:41:09.964+0000][7][gc,metaspace] GC(87) Metaspace: 126962K(130368K)->126962K(130368K) NonClass: 110396K(112192K)->110396K(112192K) Class: 16566K(18176K)->16566K(18176K)
[2024-02-06T00:41:09.964+0000][7][gc          ] GC(87) Pause Young (Normal) (G1 Evacuation Pause) 702M->94M(1024M) 2.589ms
[2024-02-06T00:41:09.964+0000][7][gc,cpu      ] GC(87) User=0.01s Sys=0.01s Real=0.01s
[2024-02-06T00:41:09.964+0000][7][safepoint   ] Safepoint "G1CollectForAllocation", Time since last: 15559767459 ns, Reaching safepoint: 79094 ns, At safepoint: 2690090 ns, Total: 2769184 ns
[2024-02-06T00:41:41.968+0000][7][safepoint   ] Safepoint "Cleanup", Time since last: 32003420932 ns, Reaching safepoint: 153253 ns, At safepoint: 16102 ns, Total: 169355 ns
[2024-02-06T00:43:35.981+0000][7][safepoint   ] Safepoint "Cleanup", Time since last: 114013361360 ns, Reaching safepoint: 171707 ns, At safepoint: 9374 ns, Total: 181081 ns
[2024-02-06T00:44:34.483+0000][7][gc,start    ] GC(88) Pause Young (Normal) (G1 Evacuation Pause)
[2024-02-06T00:44:34.483+0000][7][gc,task     ] GC(88) Using 8 workers of 8 for evacuation
[2024-02-06T00:44:34.483+0000][7][gc,age      ] GC(88) Desired survivor size 41943040 bytes, new threshold 15 (max threshold 15)
[2024-02-06T00:44:34.486+0000][7][gc,phases   ] GC(88)   Pre Evacuate Collection Set: 0.1ms
[2024-02-06T00:44:34.486+0000][7][gc,phases   ] GC(88)   Merge Heap Roots: 0.1ms
[2024-02-06T00:44:34.486+0000][7][gc,phases   ] GC(88)   Evacuate Collection Set: 1.6ms
[2024-02-06T00:44:34.486+0000][7][gc,phases   ] GC(88)   Post Evacuate Collection Set: 0.9ms
[2024-02-06T00:44:34.486+0000][7][gc,phases   ] GC(88)   Other: 0.1ms
[2024-02-06T00:44:34.486+0000][7][gc,age      ] GC(88) Age table with threshold 15 (max threshold 15)
[2024-02-06T00:44:34.486+0000][7][gc,age      ] GC(88) - age   1:     782464 bytes,     782464 total
[2024-02-06T00:44:34.486+0000][7][gc,age      ] GC(88) - age   2:       5920 bytes,     788384 total
[2024-02-06T00:44:34.486+0000][7][gc,age      ] GC(88) - age   3:       4152 bytes,     792536 total
[2024-02-06T00:44:34.486+0000][7][gc,age      ] GC(88) - age   4:      86128 bytes,     878664 total
[2024-02-06T00:44:34.486+0000][7][gc,age      ] GC(88) - age   5:      67872 bytes,     946536 total
[2024-02-06T00:44:34.486+0000][7][gc,age      ] GC(88) - age   6:      94008 bytes,    1040544 total
[2024-02-06T00:44:34.486+0000][7][gc,age      ] GC(88) - age   8:        584 bytes,    1041128 total
[2024-02-06T00:44:34.486+0000][7][gc,age      ] GC(88) - age   9:        832 bytes,    1041960 total
[2024-02-06T00:44:34.486+0000][7][gc,age      ] GC(88) - age  10:        640 bytes,    1042600 total
[2024-02-06T00:44:34.486+0000][7][gc,age      ] GC(88) - age  11:        840 bytes,    1043440 total
[2024-02-06T00:44:34.486+0000][7][gc,age      ] GC(88) - age  13:        832 bytes,    1044272 total
[2024-02-06T00:44:34.486+0000][7][gc,age      ] GC(88) - age  14:     314784 bytes,    1359056 total
[2024-02-06T00:44:34.486+0000][7][gc,age      ] GC(88) - age  15:     143768 bytes,    1502824 total
[2024-02-06T00:44:34.486+0000][7][gc,heap     ] GC(88) Eden regions: 152->0(152)
[2024-02-06T00:44:34.486+0000][7][gc,heap     ] GC(88) Survivor regions: 1->1(20)
[2024-02-06T00:44:34.486+0000][7][gc,heap     ] GC(88) Old regions: 23->23
[2024-02-06T00:44:34.486+0000][7][gc,heap     ] GC(88) Archive regions: 2->2
[2024-02-06T00:44:34.486+0000][7][gc,heap     ] GC(88) Humongous regions: 0->0
[2024-02-06T00:44:34.486+0000][7][gc,metaspace] GC(88) Metaspace: 126962K(130368K)->126962K(130368K) NonClass: 110396K(112192K)->110396K(112192K) Class: 16566K(18176K)->16566K(18176K)
[2024-02-06T00:44:34.486+0000][7][gc          ] GC(88) Pause Young (Normal) (G1 Evacuation Pause) 702M->94M(1024M) 3.207ms
[2024-02-06T00:44:34.486+0000][7][gc,cpu      ] GC(88) User=0.01s Sys=0.01s Real=0.01s
[2024-02-06T00:44:34.486+0000][7][safepoint   ] Safepoint "G1CollectForAllocation", Time since last: 58501824027 ns, Reaching safepoint: 111937 ns, At safepoint: 3311174 ns, Total: 3423111 ns
[2024-02-06T00:44:52.489+0000][7][safepoint   ] Safepoint "Cleanup", Time since last: 18002764460 ns, Reaching safepoint: 81204 ns, At safepoint: 43562 ns, Total: 124766 ns
[2024-02-06T00:48:03.986+0000][7][gc,start    ] GC(89) Pause Young (Normal) (G1 Evacuation Pause)
[2024-02-06T00:48:03.986+0000][7][gc,task     ] GC(89) Using 8 workers of 8 for evacuation
[2024-02-06T00:48:03.986+0000][7][gc,age      ] GC(89) Desired survivor size 41943040 bytes, new threshold 15 (max threshold 15)
[2024-02-06T00:48:03.987+0000][7][gc,phases   ] GC(89)   Pre Evacuate Collection Set: 0.1ms
[2024-02-06T00:48:03.987+0000][7][gc,phases   ] GC(89)   Merge Heap Roots: 0.1ms
[2024-02-06T00:48:03.988+0000][7][gc,phases   ] GC(89)   Evacuate Collection Set: 1.0ms
[2024-02-06T00:48:03.988+0000][7][gc,phases   ] GC(89)   Post Evacuate Collection Set: 0.6ms
[2024-02-06T00:48:03.988+0000][7][gc,phases   ] GC(89)   Other: 0.1ms
[2024-02-06T00:48:03.988+0000][7][gc,age      ] GC(89) Age table with threshold 15 (max threshold 15)
[2024-02-06T00:48:03.988+0000][7][gc,age      ] GC(89) - age   1:     913416 bytes,     913416 total
[2024-02-06T00:48:03.988+0000][7][gc,age      ] GC(89) - age   2:      10376 bytes,     923792 total
[2024-02-06T00:48:03.988+0000][7][gc,age      ] GC(89) - age   3:       4320 bytes,     928112 total
[2024-02-06T00:48:03.988+0000][7][gc,age      ] GC(89) - age   4:        408 bytes,     928520 total
[2024-02-06T00:48:03.988+0000][7][gc,age      ] GC(89) - age   5:      86064 bytes,    1014584 total
[2024-02-06T00:48:03.988+0000][7][gc,age      ] GC(89) - age   6:      67872 bytes,    1082456 total
[2024-02-06T00:48:03.988+0000][7][gc,age      ] GC(89) - age   7:      94008 bytes,    1176464 total
[2024-02-06T00:48:03.988+0000][7][gc,age      ] GC(89) - age   9:        584 bytes,    1177048 total
[2024-02-06T00:48:03.988+0000][7][gc,age      ] GC(89) - age  10:        832 bytes,    1177880 total
[2024-02-06T00:48:03.988+0000][7][gc,age      ] GC(89) - age  11:        640 bytes,    1178520 total
[2024-02-06T00:48:03.988+0000][7][gc,age      ] GC(89) - age  12:        840 bytes,    1179360 total
[2024-02-06T00:48:03.988+0000][7][gc,age      ] GC(89) - age  14:        832 bytes,    1180192 total
[2024-02-06T00:48:03.988+0000][7][gc,age      ] GC(89) - age  15:     314784 bytes,    1494976 total
[2024-02-06T00:48:03.988+0000][7][gc,heap     ] GC(89) Eden regions: 152->0(152)
[2024-02-06T00:48:03.988+0000][7][gc,heap     ] GC(89) Survivor regions: 1->1(20)
[2024-02-06T00:48:03.988+0000][7][gc,heap     ] GC(89) Old regions: 23->23
[2024-02-06T00:48:03.988+0000][7][gc,heap     ] GC(89) Archive regions: 2->2
[2024-02-06T00:48:03.988+0000][7][gc,heap     ] GC(89) Humongous regions: 0->0
[2024-02-06T00:48:03.988+0000][7][gc,metaspace] GC(89) Metaspace: 126963K(130368K)->126963K(130368K) NonClass: 110396K(112192K)->110396K(112192K) Class: 16566K(18176K)->16566K(18176K)
[2024-02-06T00:48:03.988+0000][7][gc          ] GC(89) Pause Young (Normal) (G1 Evacuation Pause) 702M->94M(1024M) 2.016ms
[2024-02-06T00:48:03.988+0000][7][gc,cpu      ] GC(89) User=0.01s Sys=0.00s Real=0.00s
[2024-02-06T00:48:03.988+0000][7][safepoint   ] Safepoint "G1CollectForAllocation", Time since last: 191496226404 ns, Reaching safepoint: 109975 ns, At safepoint: 2087432 ns, Total: 2197407 ns
[2024-02-06T00:48:22.990+0000][7][safepoint   ] Safepoint "Cleanup", Time since last: 19001962537 ns, Reaching safepoint: 69866 ns, At safepoint: 6167 ns, Total: 76033 ns
[2024-02-06T00:48:41.992+0000][7][safepoint   ] Safepoint "Cleanup", Time since last: 19001835722 ns, Reaching safepoint: 61695 ns, At safepoint: 34281 ns, Total: 95976 ns
[2024-02-06T00:49:10.994+0000][7][safepoint   ] Safepoint "Cleanup", Time since last: 29002499658 ns, Reaching safepoint: 62526 ns, At safepoint: 6535 ns, Total: 69061 ns
[2024-02-06T00:49:35.997+0000][7][safepoint   ] Safepoint "Cleanup", Time since last: 25002626809 ns, Reaching safepoint: 71775 ns, At safepoint: 8704 ns, Total: 80479 ns
[2024-02-06T00:50:04.087+0000][7][safepoint   ] Safepoint "Cleanup", Time since last: 28090022774 ns, Reaching safepoint: 100633 ns, At safepoint: 4272 ns, Total: 104905 ns
[2024-02-06T00:50:06.084+0000][7][safepoint   ] Safepoint "Cleanup", Time since last: 1997203571 ns, Reaching safepoint: 77692 ns, At safepoint: 9652 ns, Total: 87344 ns
[2024-02-06T00:50:22.086+0000][7][safepoint   ] Safepoint "Cleanup", Time since last: 16001710508 ns, Reaching safepoint: 155111 ns, At safepoint: 12298 ns, Total: 167409 ns
[2024-02-06T00:51:27.991+0000][7][gc,start    ] GC(90) Pause Young (Normal) (G1 Evacuation Pause)
[2024-02-06T00:51:27.992+0000][7][gc,task     ] GC(90) Using 8 workers of 8 for evacuation
[2024-02-06T00:51:27.992+0000][7][gc,age      ] GC(90) Desired survivor size 41943040 bytes, new threshold 15 (max threshold 15)
[2024-02-06T00:51:27.994+0000][7][gc,phases   ] GC(90)   Pre Evacuate Collection Set: 0.1ms
[2024-02-06T00:51:27.994+0000][7][gc,phases   ] GC(90)   Merge Heap Roots: 0.1ms
[2024-02-06T00:51:27.994+0000][7][gc,phases   ] GC(90)   Evacuate Collection Set: 1.7ms
[2024-02-06T00:51:27.994+0000][7][gc,phases   ] GC(90)   Post Evacuate Collection Set: 0.8ms
[2024-02-06T00:51:27.994+0000][7][gc,phases   ] GC(90)   Other: 0.1ms
[2024-02-06T00:51:27.994+0000][7][gc,age      ] GC(90) Age table with threshold 15 (max threshold 15)
[2024-02-06T00:51:27.994+0000][7][gc,age      ] GC(90) - age   1:    1165656 bytes,    1165656 total
[2024-02-06T00:51:27.995+0000][7][gc,age      ] GC(90) - age   2:      13696 bytes,    1179352 total
[2024-02-06T00:51:27.995+0000][7][gc,age      ] GC(90) - age   3:       8504 bytes,    1187856 total
[2024-02-06T00:51:27.995+0000][7][gc,age      ] GC(90) - age   4:       3568 bytes,    1191424 total
[2024-02-06T00:51:27.995+0000][7][gc,age      ] GC(90) - age   5:        224 bytes,    1191648 total
[2024-02-06T00:51:27.995+0000][7][gc,age      ] GC(90) - age   6:      78016 bytes,    1269664 total
[2024-02-06T00:51:27.995+0000][7][gc,age      ] GC(90) - age   7:      67872 bytes,    1337536 total
[2024-02-06T00:51:27.995+0000][7][gc,age      ] GC(90) - age   8:      94008 bytes,    1431544 total
[2024-02-06T00:51:27.995+0000][7][gc,age      ] GC(90) - age  10:        584 bytes,    1432128 total
[2024-02-06T00:51:27.995+0000][7][gc,age      ] GC(90) - age  11:        832 bytes,    1432960 total
[2024-02-06T00:51:27.995+0000][7][gc,age      ] GC(90) - age  12:        640 bytes,    1433600 total
[2024-02-06T00:51:27.995+0000][7][gc,age      ] GC(90) - age  13:        840 bytes,    1434440 total
[2024-02-06T00:51:27.995+0000][7][gc,age      ] GC(90) - age  15:        832 bytes,    1435272 total
[2024-02-06T00:51:27.995+0000][7][gc,heap     ] GC(90) Eden regions: 152->0(152)
[2024-02-06T00:51:27.995+0000][7][gc,heap     ] GC(90) Survivor regions: 1->1(20)
[2024-02-06T00:51:27.995+0000][7][gc,heap     ] GC(90) Old regions: 23->23
[2024-02-06T00:51:27.995+0000][7][gc,heap     ] GC(90) Archive regions: 2->2
[2024-02-06T00:51:27.995+0000][7][gc,heap     ] GC(90) Humongous regions: 0->0
[2024-02-06T00:51:27.995+0000][7][gc,metaspace] GC(90) Metaspace: 126977K(130368K)->126977K(130368K) NonClass: 110409K(112192K)->110409K(112192K) Class: 16568K(18176K)->16568K(18176K)
[2024-02-06T00:51:27.995+0000][7][gc          ] GC(90) Pause Young (Normal) (G1 Evacuation Pause) 702M->94M(1024M) 3.211ms
[2024-02-06T00:51:27.995+0000][7][gc,cpu      ] GC(90) User=0.02s Sys=0.00s Real=0.01s
[2024-02-06T00:51:27.995+0000][7][safepoint   ] Safepoint "G1CollectForAllocation", Time since last: 65905141418 ns, Reaching safepoint: 58827 ns, At safepoint: 3304520 ns, Total: 3363347 ns
[2024-02-06T00:51:53.997+0000][7][safepoint   ] Safepoint "Cleanup", Time since last: 26002369215 ns, Reaching safepoint: 90373 ns, At safepoint: 22321 ns, Total: 112694 ns
[2024-02-06T00:53:41.009+0000][7][safepoint   ] Safepoint "Cleanup", Time since last: 107011216918 ns, Reaching safepoint: 92527 ns, At safepoint: 36500 ns, Total: 129027 ns
[2024-02-06T00:54:17.013+0000][7][safepoint   ] Safepoint "Cleanup", Time since last: 36003809003 ns, Reaching safepoint: 116296 ns, At safepoint: 55137 ns, Total: 171433 ns
[2024-02-06T00:54:46.039+0000][7][gc,start    ] GC(91) Pause Young (Normal) (G1 Evacuation Pause)
[2024-02-06T00:54:46.039+0000][7][gc,task     ] GC(91) Using 8 workers of 8 for evacuation
[2024-02-06T00:54:46.039+0000][7][gc,age      ] GC(91) Desired survivor size 41943040 bytes, new threshold 15 (max threshold 15)
[2024-02-06T00:54:46.041+0000][7][gc,phases   ] GC(91)   Pre Evacuate Collection Set: 0.1ms
[2024-02-06T00:54:46.041+0000][7][gc,phases   ] GC(91)   Merge Heap Roots: 0.1ms
[2024-02-06T00:54:46.041+0000][7][gc,phases   ] GC(91)   Evacuate Collection Set: 1.6ms
[2024-02-06T00:54:46.041+0000][7][gc,phases   ] GC(91)   Post Evacuate Collection Set: 0.7ms
[2024-02-06T00:54:46.041+0000][7][gc,phases   ] GC(91)   Other: 0.1ms
[2024-02-06T00:54:46.041+0000][7][gc,age      ] GC(91) Age table with threshold 15 (max threshold 15)
[2024-02-06T00:54:46.041+0000][7][gc,age      ] GC(91) - age   1:    1335568 bytes,    1335568 total
[2024-02-06T00:54:46.041+0000][7][gc,age      ] GC(91) - age   2:       4632 bytes,    1340200 total
[2024-02-06T00:54:46.041+0000][7][gc,age      ] GC(91) - age   3:      10776 bytes,    1350976 total
[2024-02-06T00:54:46.041+0000][7][gc,age      ] GC(91) - age   4:        128 bytes,    1351104 total
[2024-02-06T00:54:46.041+0000][7][gc,age      ] GC(91) - age   5:       3176 bytes,    1354280 total
[2024-02-06T00:54:46.041+0000][7][gc,age      ] GC(91) - age   6:        224 bytes,    1354504 total
[2024-02-06T00:54:46.041+0000][7][gc,age      ] GC(91) - age   7:      75376 bytes,    1429880 total
[2024-02-06T00:54:46.041+0000][7][gc,age      ] GC(91) - age   8:      67872 bytes,    1497752 total
[2024-02-06T00:54:46.041+0000][7][gc,age      ] GC(91) - age   9:      94008 bytes,    1591760 total
[2024-02-06T00:54:46.041+0000][7][gc,age      ] GC(91) - age  11:        584 bytes,    1592344 total
[2024-02-06T00:54:46.041+0000][7][gc,age      ] GC(91) - age  12:        832 bytes,    1593176 total
[2024-02-06T00:54:46.041+0000][7][gc,age      ] GC(91) - age  13:        640 bytes,    1593816 total
[2024-02-06T00:54:46.041+0000][7][gc,age      ] GC(91) - age  14:        840 bytes,    1594656 total
[2024-02-06T00:54:46.041+0000][7][gc,heap     ] GC(91) Eden regions: 152->0(152)
[2024-02-06T00:54:46.041+0000][7][gc,heap     ] GC(91) Survivor regions: 1->1(20)
[2024-02-06T00:54:46.041+0000][7][gc,heap     ] GC(91) Old regions: 23->23
[2024-02-06T00:54:46.041+0000][7][gc,heap     ] GC(91) Archive regions: 2->2
[2024-02-06T00:54:46.041+0000][7][gc,heap     ] GC(91) Humongous regions: 0->0
[2024-02-06T00:54:46.041+0000][7][gc,metaspace] GC(91) Metaspace: 126978K(130368K)->126978K(130368K) NonClass: 110410K(112192K)->110410K(112192K) Class: 16568K(18176K)->16568K(18176K)
[2024-02-06T00:54:46.041+0000][7][gc          ] GC(91) Pause Young (Normal) (G1 Evacuation Pause) 702M->94M(1024M) 2.888ms
[2024-02-06T00:54:46.041+0000][7][gc,cpu      ] GC(91) User=0.01s Sys=0.00s Real=0.00s
[2024-02-06T00:54:46.041+0000][7][safepoint   ] Safepoint "G1CollectForAllocation", Time since last: 29025902705 ns, Reaching safepoint: 55510 ns, At safepoint: 2976725 ns, Total: 3032235 ns
[2024-02-06T00:56:56.055+0000][7][safepoint   ] Safepoint "Cleanup", Time since last: 130013520923 ns, Reaching safepoint: 101842 ns, At safepoint: 8010 ns, Total: 109852 ns
[2024-02-06T00:57:46.060+0000][7][safepoint   ] Safepoint "Cleanup", Time since last: 50005119144 ns, Reaching safepoint: 70701 ns, At safepoint: 38438 ns, Total: 109139 ns
[2024-02-06T00:57:54.061+0000][7][safepoint   ] Safepoint "Cleanup", Time since last: 8000744896 ns, Reaching safepoint: 63052 ns, At safepoint: 5189 ns, Total: 68241 ns
[2024-02-06T00:58:11.005+0000][7][gc,start    ] GC(92) Pause Young (Normal) (G1 Evacuation Pause)
[2024-02-06T00:58:11.005+0000][7][gc,task     ] GC(92) Using 8 workers of 8 for evacuation
[2024-02-06T00:58:11.005+0000][7][gc,age      ] GC(92) Desired survivor size 41943040 bytes, new threshold 15 (max threshold 15)
[2024-02-06T00:58:11.008+0000][7][gc,phases   ] GC(92)   Pre Evacuate Collection Set: 0.1ms
[2024-02-06T00:58:11.008+0000][7][gc,phases   ] GC(92)   Merge Heap Roots: 0.1ms
[2024-02-06T00:58:11.008+0000][7][gc,phases   ] GC(92)   Evacuate Collection Set: 1.5ms
[2024-02-06T00:58:11.008+0000][7][gc,phases   ] GC(92)   Post Evacuate Collection Set: 0.8ms
[2024-02-06T00:58:11.008+0000][7][gc,phases   ] GC(92)   Other: 0.1ms
[2024-02-06T00:58:11.008+0000][7][gc,age      ] GC(92) Age table with threshold 15 (max threshold 15)
[2024-02-06T00:58:11.008+0000][7][gc,age      ] GC(92) - age   1:    1197688 bytes,    1197688 total
[2024-02-06T00:58:11.008+0000][7][gc,age      ] GC(92) - age   2:     158424 bytes,    1356112 total
[2024-02-06T00:58:11.008+0000][7][gc,age      ] GC(92) - age   3:       2816 bytes,    1358928 total
[2024-02-06T00:58:11.008+0000][7][gc,age      ] GC(92) - age   4:       9048 bytes,    1367976 total
[2024-02-06T00:58:11.008+0000][7][gc,age      ] GC(92) - age   5:         64 bytes,    1368040 total
[2024-02-06T00:58:11.008+0000][7][gc,age      ] GC(92) - age   6:       3176 bytes,    1371216 total
[2024-02-06T00:58:11.008+0000][7][gc,age      ] GC(92) - age   7:        224 bytes,    1371440 total
[2024-02-06T00:58:11.008+0000][7][gc,age      ] GC(92) - age   8:      75376 bytes,    1446816 total
[2024-02-06T00:58:11.008+0000][7][gc,age      ] GC(92) - age   9:      67872 bytes,    1514688 total
[2024-02-06T00:58:11.008+0000][7][gc,age      ] GC(92) - age  10:      94008 bytes,    1608696 total
[2024-02-06T00:58:11.008+0000][7][gc,age      ] GC(92) - age  12:        584 bytes,    1609280 total
[2024-02-06T00:58:11.008+0000][7][gc,age      ] GC(92) - age  13:        832 bytes,    1610112 total
[2024-02-06T00:58:11.008+0000][7][gc,age      ] GC(92) - age  14:        640 bytes,    1610752 total
[2024-02-06T00:58:11.008+0000][7][gc,age      ] GC(92) - age  15:        840 bytes,    1611592 total
[2024-02-06T00:58:11.008+0000][7][gc,heap     ] GC(92) Eden regions: 152->0(152)
[2024-02-06T00:58:11.008+0000][7][gc,heap     ] GC(92) Survivor regions: 1->1(20)
[2024-02-06T00:58:11.008+0000][7][gc,heap     ] GC(92) Old regions: 23->23
[2024-02-06T00:58:11.008+0000][7][gc,heap     ] GC(92) Archive regions: 2->2
[2024-02-06T00:58:11.008+0000][7][gc,heap     ] GC(92) Humongous regions: 0->0
[2024-02-06T00:58:11.008+0000][7][gc,metaspace] GC(92) Metaspace: 126978K(130368K)->126978K(130368K) NonClass: 110410K(112192K)->110410K(112192K) Class: 16568K(18176K)->16568K(18176K)
[2024-02-06T00:58:11.008+0000][7][gc          ] GC(92) Pause Young (Normal) (G1 Evacuation Pause) 702M->94M(1024M) 2.809ms
[2024-02-06T00:58:11.008+0000][7][gc,cpu      ] GC(92) User=0.02s Sys=0.01s Real=0.00s
[2024-02-06T00:58:11.008+0000][7][safepoint   ] Safepoint "G1CollectForAllocation", Time since last: 16943929906 ns, Reaching safepoint: 73330 ns, At safepoint: 2927386 ns, Total: 3000716 ns
[2024-02-06T00:59:54.018+0000][7][safepoint   ] Safepoint "Cleanup", Time since last: 103009387523 ns, Reaching safepoint: 89534 ns, At safepoint: 11636 ns, Total: 101170 ns
[2024-02-06T01:01:22.491+0000][7][gc,start    ] GC(93) Pause Young (Normal) (G1 Evacuation Pause)
[2024-02-06T01:01:22.491+0000][7][gc,task     ] GC(93) Using 8 workers of 8 for evacuation
[2024-02-06T01:01:22.491+0000][7][gc,age      ] GC(93) Desired survivor size 41943040 bytes, new threshold 15 (max threshold 15)
[2024-02-06T01:01:22.493+0000][7][gc,phases   ] GC(93)   Pre Evacuate Collection Set: 0.1ms
[2024-02-06T01:01:22.493+0000][7][gc,phases   ] GC(93)   Merge Heap Roots: 0.1ms
[2024-02-06T01:01:22.493+0000][7][gc,phases   ] GC(93)   Evacuate Collection Set: 1.1ms
[2024-02-06T01:01:22.493+0000][7][gc,phases   ] GC(93)   Post Evacuate Collection Set: 0.5ms
[2024-02-06T01:01:22.493+0000][7][gc,phases   ] GC(93)   Other: 0.1ms
[2024-02-06T01:01:22.493+0000][7][gc,age      ] GC(93) Age table with threshold 15 (max threshold 15)
[2024-02-06T01:01:22.493+0000][7][gc,age      ] GC(93) - age   1:    1422616 bytes,    1422616 total
[2024-02-06T01:01:22.493+0000][7][gc,age      ] GC(93) - age   2:      12592 bytes,    1435208 total
[2024-02-06T01:01:22.493+0000][7][gc,age      ] GC(93) - age   3:     155936 bytes,    1591144 total
[2024-02-06T01:01:22.493+0000][7][gc,age      ] GC(93) - age   4:       1632 bytes,    1592776 total
[2024-02-06T01:01:22.493+0000][7][gc,age      ] GC(93) - age   5:       9048 bytes,    1601824 total
[2024-02-06T01:01:22.493+0000][7][gc,age      ] GC(93) - age   6:         64 bytes,    1601888 total
[2024-02-06T01:01:22.493+0000][7][gc,age      ] GC(93) - age   7:       2792 bytes,    1604680 total
[2024-02-06T01:01:22.493+0000][7][gc,age      ] GC(93) - age   8:        224 bytes,    1604904 total
[2024-02-06T01:01:22.493+0000][7][gc,age      ] GC(93) - age   9:      75376 bytes,    1680280 total
[2024-02-06T01:01:22.493+0000][7][gc,age      ] GC(93) - age  10:      67872 bytes,    1748152 total
[2024-02-06T01:01:22.493+0000][7][gc,age      ] GC(93) - age  11:      94008 bytes,    1842160 total
[2024-02-06T01:01:22.493+0000][7][gc,age      ] GC(93) - age  13:        584 bytes,    1842744 total
[2024-02-06T01:01:22.493+0000][7][gc,age      ] GC(93) - age  14:        832 bytes,    1843576 total
[2024-02-06T01:01:22.493+0000][7][gc,age      ] GC(93) - age  15:        640 bytes,    1844216 total
[2024-02-06T01:01:22.493+0000][7][gc,heap     ] GC(93) Eden regions: 152->0(152)
[2024-02-06T01:01:22.493+0000][7][gc,heap     ] GC(93) Survivor regions: 1->1(20)
[2024-02-06T01:01:22.493+0000][7][gc,heap     ] GC(93) Old regions: 23->23
[2024-02-06T01:01:22.493+0000][7][gc,heap     ] GC(93) Archive regions: 2->2
[2024-02-06T01:01:22.493+0000][7][gc,heap     ] GC(93) Humongous regions: 0->0
[2024-02-06T01:01:22.493+0000][7][gc,metaspace] GC(93) Metaspace: 126978K(130368K)->126978K(130368K) NonClass: 110410K(112192K)->110410K(112192K) Class: 16568K(18176K)->16568K(18176K)
[2024-02-06T01:01:22.493+0000][7][gc          ] GC(93) Pause Young (Normal) (G1 Evacuation Pause) 702M->94M(1024M) 2.040ms
[2024-02-06T01:01:22.493+0000][7][gc,cpu      ] GC(93) User=0.01s Sys=0.00s Real=0.01s
[2024-02-06T01:01:22.493+0000][7][safepoint   ] Safepoint "G1CollectForAllocation", Time since last: 88473021866 ns, Reaching safepoint: 38008 ns, At safepoint: 2112020 ns, Total: 2150028 ns
[2024-02-06T01:03:22.504+0000][7][safepoint   ] Safepoint "Cleanup", Time since last: 120011391230 ns, Reaching safepoint: 66564 ns, At safepoint: 4108 ns, Total: 70672 ns
[2024-02-06T01:04:52.824+0000][7][gc,start    ] GC(94) Pause Young (Normal) (G1 Evacuation Pause)
[2024-02-06T01:04:52.824+0000][7][gc,task     ] GC(94) Using 8 workers of 8 for evacuation
[2024-02-06T01:04:52.824+0000][7][gc,age      ] GC(94) Desired survivor size 41943040 bytes, new threshold 15 (max threshold 15)
[2024-02-06T01:04:52.827+0000][7][gc,phases   ] GC(94)   Pre Evacuate Collection Set: 0.1ms
[2024-02-06T01:04:52.827+0000][7][gc,phases   ] GC(94)   Merge Heap Roots: 0.1ms
[2024-02-06T01:04:52.827+0000][7][gc,phases   ] GC(94)   Evacuate Collection Set: 1.5ms
[2024-02-06T01:04:52.827+0000][7][gc,phases   ] GC(94)   Post Evacuate Collection Set: 0.6ms
[2024-02-06T01:04:52.827+0000][7][gc,phases   ] GC(94)   Other: 0.1ms
[2024-02-06T01:04:52.827+0000][7][gc,age      ] GC(94) Age table with threshold 15 (max threshold 15)
[2024-02-06T01:04:52.827+0000][7][gc,age      ] GC(94) - age   1:    1952392 bytes,    1952392 total
[2024-02-06T01:04:52.827+0000][7][gc,age      ] GC(94) - age   2:      12432 bytes,    1964824 total
[2024-02-06T01:04:52.827+0000][7][gc,age      ] GC(94) - age   3:        376 bytes,    1965200 total
[2024-02-06T01:04:52.827+0000][7][gc,age      ] GC(94) - age   4:     146120 bytes,    2111320 total
[2024-02-06T01:04:52.827+0000][7][gc,age      ] GC(94) - age   5:       1632 bytes,    2112952 total
[2024-02-06T01:04:52.827+0000][7][gc,age      ] GC(94) - age   6:       9048 bytes,    2122000 total
[2024-02-06T01:04:52.827+0000][7][gc,age      ] GC(94) - age   7:         64 bytes,    2122064 total
[2024-02-06T01:04:52.827+0000][7][gc,age      ] GC(94) - age   8:       2608 bytes,    2124672 total
[2024-02-06T01:04:52.827+0000][7][gc,age      ] GC(94) - age   9:        224 bytes,    2124896 total
[2024-02-06T01:04:52.827+0000][7][gc,age      ] GC(94) - age  10:      75376 bytes,    2200272 total
[2024-02-06T01:04:52.827+0000][7][gc,age      ] GC(94) - age  11:      67872 bytes,    2268144 total
[2024-02-06T01:04:52.827+0000][7][gc,age      ] GC(94) - age  12:      94008 bytes,    2362152 total
[2024-02-06T01:04:52.827+0000][7][gc,age      ] GC(94) - age  14:        584 bytes,    2362736 total
[2024-02-06T01:04:52.827+0000][7][gc,age      ] GC(94) - age  15:        832 bytes,    2363568 total
[2024-02-06T01:04:52.827+0000][7][gc,heap     ] GC(94) Eden regions: 152->0(152)
[2024-02-06T01:04:52.827+0000][7][gc,heap     ] GC(94) Survivor regions: 1->1(20)
[2024-02-06T01:04:52.827+0000][7][gc,heap     ] GC(94) Old regions: 23->23
[2024-02-06T01:04:52.827+0000][7][gc,heap     ] GC(94) Archive regions: 2->2
[2024-02-06T01:04:52.827+0000][7][gc,heap     ] GC(94) Humongous regions: 0->0
[2024-02-06T01:04:52.827+0000][7][gc,metaspace] GC(94) Metaspace: 126979K(130368K)->126979K(130368K) NonClass: 110411K(112192K)->110411K(112192K) Class: 16568K(18176K)->16568K(18176K)
[2024-02-06T01:04:52.827+0000][7][gc          ] GC(94) Pause Young (Normal) (G1 Evacuation Pause) 702M->95M(1024M) 2.792ms
[2024-02-06T01:04:52.827+0000][7][gc,cpu      ] GC(94) User=0.02s Sys=0.00s Real=0.00s
[2024-02-06T01:04:52.827+0000][7][safepoint   ] Safepoint "G1CollectForAllocation", Time since last: 90320110219 ns, Reaching safepoint: 49627 ns, At safepoint: 2889464 ns, Total: 2939091 ns
[2024-02-06T01:07:52.845+0000][7][safepoint   ] Safepoint "Cleanup", Time since last: 180018021004 ns, Reaching safepoint: 69289 ns, At safepoint: 41468 ns, Total: 110757 ns
[2024-02-06T01:08:10.848+0000][7][safepoint   ] Safepoint "Cleanup", Time since last: 18002192676 ns, Reaching safepoint: 96033 ns, At safepoint: 11789 ns, Total: 107822 ns
[2024-02-06T01:08:11.848+0000][7][safepoint   ] Safepoint "Cleanup", Time since last: 1000132334 ns, Reaching safepoint: 59879 ns, At safepoint: 6205 ns, Total: 66084 ns
[2024-02-06T01:08:13.848+0000][7][safepoint   ] Safepoint "Cleanup", Time since last: 2000230332 ns, Reaching safepoint: 88264 ns, At safepoint: 10060 ns, Total: 98324 ns
[2024-02-06T01:08:15.849+0000][7][safepoint   ] Safepoint "Cleanup", Time since last: 2000217517 ns, Reaching safepoint: 62853 ns, At safepoint: 32607 ns, Total: 95460 ns
[2024-02-06T01:08:16.053+0000][7][gc,start    ] GC(95) Pause Young (Normal) (G1 Evacuation Pause)
[2024-02-06T01:08:16.053+0000][7][gc,task     ] GC(95) Using 8 workers of 8 for evacuation
[2024-02-06T01:08:16.053+0000][7][gc,age      ] GC(95) Desired survivor size 41943040 bytes, new threshold 15 (max threshold 15)
[2024-02-06T01:08:16.057+0000][7][gc,phases   ] GC(95)   Pre Evacuate Collection Set: 0.1ms
[2024-02-06T01:08:16.057+0000][7][gc,phases   ] GC(95)   Merge Heap Roots: 0.1ms
[2024-02-06T01:08:16.057+0000][7][gc,phases   ] GC(95)   Evacuate Collection Set: 2.2ms
[2024-02-06T01:08:16.057+0000][7][gc,phases   ] GC(95)   Post Evacuate Collection Set: 1.5ms
[2024-02-06T01:08:16.057+0000][7][gc,phases   ] GC(95)   Other: 0.1ms
[2024-02-06T01:08:16.057+0000][7][gc,age      ] GC(95) Age table with threshold 15 (max threshold 15)
[2024-02-06T01:08:16.057+0000][7][gc,age      ] GC(95) - age   1:     823824 bytes,     823824 total
[2024-02-06T01:08:16.057+0000][7][gc,age      ] GC(95) - age   2:      13688 bytes,     837512 total
[2024-02-06T01:08:16.057+0000][7][gc,age      ] GC(95) - age   3:       1848 bytes,     839360 total
[2024-02-06T01:08:16.057+0000][7][gc,age      ] GC(95) - age   5:     146120 bytes,     985480 total
[2024-02-06T01:08:16.057+0000][7][gc,age      ] GC(95) - age   6:       1600 bytes,     987080 total
[2024-02-06T01:08:16.057+0000][7][gc,age      ] GC(95) - age   7:       9048 bytes,     996128 total
[2024-02-06T01:08:16.057+0000][7][gc,age      ] GC(95) - age   8:         64 bytes,     996192 total
[2024-02-06T01:08:16.057+0000][7][gc,age      ] GC(95) - age   9:       2608 bytes,     998800 total
[2024-02-06T01:08:16.057+0000][7][gc,age      ] GC(95) - age  10:        224 bytes,     999024 total
[2024-02-06T01:08:16.057+0000][7][gc,age      ] GC(95) - age  11:      75376 bytes,    1074400 total
[2024-02-06T01:08:16.057+0000][7][gc,age      ] GC(95) - age  12:      67872 bytes,    1142272 total
[2024-02-06T01:08:16.057+0000][7][gc,age      ] GC(95) - age  13:      94008 bytes,    1236280 total
[2024-02-06T01:08:16.057+0000][7][gc,age      ] GC(95) - age  15:        584 bytes,    1236864 total
[2024-02-06T01:08:16.057+0000][7][gc,heap     ] GC(95) Eden regions: 152->0(152)
[2024-02-06T01:08:16.057+0000][7][gc,heap     ] GC(95) Survivor regions: 1->1(20)
[2024-02-06T01:08:16.057+0000][7][gc,heap     ] GC(95) Old regions: 23->23
[2024-02-06T01:08:16.057+0000][7][gc,heap     ] GC(95) Archive regions: 2->2
[2024-02-06T01:08:16.057+0000][7][gc,heap     ] GC(95) Humongous regions: 0->0
[2024-02-06T01:08:16.057+0000][7][gc,metaspace] GC(95) Metaspace: 126980K(130368K)->126980K(130368K) NonClass: 110412K(112192K)->110412K(112192K) Class: 16568K(18176K)->16568K(18176K)
[2024-02-06T01:08:16.057+0000][7][gc          ] GC(95) Pause Young (Normal) (G1 Evacuation Pause) 703M->94M(1024M) 4.421ms
[2024-02-06T01:08:16.057+0000][7][gc,cpu      ] GC(95) User=0.02s Sys=0.01s Real=0.00s
[2024-02-06T01:08:16.057+0000][7][safepoint   ] Safepoint "G1CollectForAllocation", Time since last: 204009921 ns, Reaching safepoint: 66048 ns, At safepoint: 4544753 ns, Total: 4610801 ns
[2024-02-06T01:08:17.057+0000][7][safepoint   ] Safepoint "Cleanup", Time since last: 1000117646 ns, Reaching safepoint: 86202 ns, At safepoint: 6252 ns, Total: 92454 ns
[2024-02-06T01:08:18.058+0000][7][safepoint   ] Safepoint "Cleanup", Time since last: 1000146890 ns, Reaching safepoint: 64999 ns, At safepoint: 11379 ns, Total: 76378 ns
[2024-02-06T01:08:25.058+0000][7][safepoint   ] Safepoint "Cleanup", Time since last: 7000618350 ns, Reaching safepoint: 89216 ns, At safepoint: 10799 ns, Total: 100015 ns
[2024-02-06T01:08:29.059+0000][7][safepoint   ] Safepoint "Cleanup", Time since last: 4000403741 ns, Reaching safepoint: 101849 ns, At safepoint: 6900 ns, Total: 108749 ns
[2024-02-06T01:08:31.059+0000][7][safepoint   ] Safepoint "Cleanup", Time since last: 2000307902 ns, Reaching safepoint: 90964 ns, At safepoint: 10540 ns, Total: 101504 ns
[2024-02-06T01:08:34.060+0000][7][safepoint   ] Safepoint "Cleanup", Time since last: 3000308608 ns, Reaching safepoint: 88237 ns, At safepoint: 7686 ns, Total: 95923 ns
[2024-02-06T01:08:35.060+0000][7][safepoint   ] Safepoint "Cleanup", Time since last: 1000119063 ns, Reaching safepoint: 68692 ns, At safepoint: 5756 ns, Total: 74448 ns
[2024-02-06T01:08:36.060+0000][7][safepoint   ] Safepoint "Cleanup", Time since last: 1000129915 ns, Reaching safepoint: 83565 ns, At safepoint: 8789 ns, Total: 92354 ns
[2024-02-06T01:08:41.061+0000][7][safepoint   ] Safepoint "Cleanup", Time since last: 5000545489 ns, Reaching safepoint: 95850 ns, At safepoint: 15723 ns, Total: 111573 ns
[2024-02-06T01:08:47.061+0000][7][safepoint   ] Safepoint "Cleanup", Time since last: 6000654229 ns, Reaching safepoint: 62483 ns, At safepoint: 32625 ns, Total: 95108 ns
[2024-02-06T01:08:48.062+0000][7][safepoint   ] Safepoint "Cleanup", Time since last: 1000130455 ns, Reaching safepoint: 62225 ns, At safepoint: 5777 ns, Total: 68002 ns
[2024-02-06T01:08:54.063+0000][7][safepoint   ] Safepoint "Cleanup", Time since last: 6000905902 ns, Reaching safepoint: 118563 ns, At safepoint: 10628 ns, Total: 129191 ns
[2024-02-06T01:09:04.064+0000][7][safepoint   ] Safepoint "Cleanup", Time since last: 10001060612 ns, Reaching safepoint: 75041 ns, At safepoint: 10396 ns, Total: 85437 ns
[2024-02-06T01:11:37.063+0000][7][gc,start    ] GC(96) Pause Young (Normal) (G1 Evacuation Pause)
[2024-02-06T01:11:37.063+0000][7][gc,task     ] GC(96) Using 8 workers of 8 for evacuation
[2024-02-06T01:11:37.063+0000][7][gc,age      ] GC(96) Desired survivor size 41943040 bytes, new threshold 15 (max threshold 15)
[2024-02-06T01:11:37.065+0000][7][gc,phases   ] GC(96)   Pre Evacuate Collection Set: 0.1ms
[2024-02-06T01:11:37.065+0000][7][gc,phases   ] GC(96)   Merge Heap Roots: 0.1ms
[2024-02-06T01:11:37.065+0000][7][gc,phases   ] GC(96)   Evacuate Collection Set: 1.3ms
[2024-02-06T01:11:37.065+0000][7][gc,phases   ] GC(96)   Post Evacuate Collection Set: 0.6ms
[2024-02-06T01:11:37.065+0000][7][gc,phases   ] GC(96)   Other: 0.1ms
[2024-02-06T01:11:37.065+0000][7][gc,age      ] GC(96) Age table with threshold 15 (max threshold 15)
[2024-02-06T01:11:37.065+0000][7][gc,age      ] GC(96) - age   1:     924504 bytes,     924504 total
[2024-02-06T01:11:37.065+0000][7][gc,age      ] GC(96) - age   2:       9552 bytes,     934056 total
[2024-02-06T01:11:37.065+0000][7][gc,age      ] GC(96) - age   3:      11456 bytes,     945512 total
[2024-02-06T01:11:37.065+0000][7][gc,age      ] GC(96) - age   4:        904 bytes,     946416 total
[2024-02-06T01:11:37.065+0000][7][gc,age      ] GC(96) - age   6:     145728 bytes,    1092144 total
[2024-02-06T01:11:37.065+0000][7][gc,age      ] GC(96) - age   7:       1568 bytes,    1093712 total
[2024-02-06T01:11:37.065+0000][7][gc,age      ] GC(96) - age   8:       9048 bytes,    1102760 total
[2024-02-06T01:11:37.065+0000][7][gc,age      ] GC(96) - age   9:         64 bytes,    1102824 total
[2024-02-06T01:11:37.065+0000][7][gc,age      ] GC(96) - age  10:       2608 bytes,    1105432 total
[2024-02-06T01:11:37.065+0000][7][gc,age      ] GC(96) - age  11:        224 bytes,    1105656 total
[2024-02-06T01:11:37.065+0000][7][gc,age      ] GC(96) - age  12:      75376 bytes,    1181032 total
[2024-02-06T01:11:37.065+0000][7][gc,age      ] GC(96) - age  13:      67872 bytes,    1248904 total
[2024-02-06T01:11:37.065+0000][7][gc,age      ] GC(96) - age  14:      93824 bytes,    1342728 total
[2024-02-06T01:11:37.065+0000][7][gc,heap     ] GC(96) Eden regions: 152->0(152)
[2024-02-06T01:11:37.065+0000][7][gc,heap     ] GC(96) Survivor regions: 1->1(20)
[2024-02-06T01:11:37.065+0000][7][gc,heap     ] GC(96) Old regions: 23->23
[2024-02-06T01:11:37.065+0000][7][gc,heap     ] GC(96) Archive regions: 2->2
[2024-02-06T01:11:37.065+0000][7][gc,heap     ] GC(96) Humongous regions: 0->0
[2024-02-06T01:11:37.065+0000][7][gc,metaspace] GC(96) Metaspace: 126981K(130368K)->126981K(130368K) NonClass: 110413K(112192K)->110413K(112192K) Class: 16568K(18176K)->16568K(18176K)
[2024-02-06T01:11:37.065+0000][7][gc          ] GC(96) Pause Young (Normal) (G1 Evacuation Pause) 702M->94M(1024M) 2.535ms
[2024-02-06T01:11:37.065+0000][7][gc,cpu      ] GC(96) User=0.02s Sys=0.00s Real=0.01s
[2024-02-06T01:11:37.065+0000][7][safepoint   ] Safepoint "G1CollectForAllocation", Time since last: 152998980493 ns, Reaching safepoint: 63656 ns, At safepoint: 2622637 ns, Total: 2686293 ns
[2024-02-06T01:11:54.068+0000][7][safepoint   ] Safepoint "Cleanup", Time since last: 17002253477 ns, Reaching safepoint: 92721 ns, At safepoint: 6401 ns, Total: 99122 ns
[2024-02-06T01:13:54.079+0000][7][safepoint   ] Safepoint "Cleanup", Time since last: 120011099841 ns, Reaching safepoint: 90300 ns, At safepoint: 9588 ns, Total: 99888 ns
[2024-02-06T01:15:03.039+0000][7][gc,start    ] GC(97) Pause Young (Normal) (G1 Evacuation Pause)
[2024-02-06T01:15:03.039+0000][7][gc,task     ] GC(97) Using 8 workers of 8 for evacuation
[2024-02-06T01:15:03.039+0000][7][gc,age      ] GC(97) Desired survivor size 41943040 bytes, new threshold 15 (max threshold 15)
[2024-02-06T01:15:03.042+0000][7][gc,phases   ] GC(97)   Pre Evacuate Collection Set: 0.1ms
[2024-02-06T01:15:03.042+0000][7][gc,phases   ] GC(97)   Merge Heap Roots: 0.1ms
[2024-02-06T01:15:03.042+0000][7][gc,phases   ] GC(97)   Evacuate Collection Set: 1.5ms
[2024-02-06T01:15:03.042+0000][7][gc,phases   ] GC(97)   Post Evacuate Collection Set: 0.8ms
[2024-02-06T01:15:03.042+0000][7][gc,phases   ] GC(97)   Other: 0.1ms
[2024-02-06T01:15:03.042+0000][7][gc,age      ] GC(97) Age table with threshold 15 (max threshold 15)
[2024-02-06T01:15:03.042+0000][7][gc,age      ] GC(97) - age   1:     653824 bytes,     653824 total
[2024-02-06T01:15:03.042+0000][7][gc,age      ] GC(97) - age   2:      11264 bytes,     665088 total
[2024-02-06T01:15:03.042+0000][7][gc,age      ] GC(97) - age   3:       8232 bytes,     673320 total
[2024-02-06T01:15:03.042+0000][7][gc,age      ] GC(97) - age   4:       8320 bytes,     681640 total
[2024-02-06T01:15:03.042+0000][7][gc,age      ] GC(97) - age   5:        904 bytes,     682544 total
[2024-02-06T01:15:03.042+0000][7][gc,age      ] GC(97) - age   7:     145728 bytes,     828272 total
[2024-02-06T01:15:03.042+0000][7][gc,age      ] GC(97) - age   8:       1568 bytes,     829840 total
[2024-02-06T01:15:03.042+0000][7][gc,age      ] GC(97) - age   9:       9048 bytes,     838888 total
[2024-02-06T01:15:03.042+0000][7][gc,age      ] GC(97) - age  10:         64 bytes,     838952 total
[2024-02-06T01:15:03.042+0000][7][gc,age      ] GC(97) - age  11:       2608 bytes,     841560 total
[2024-02-06T01:15:03.042+0000][7][gc,age      ] GC(97) - age  12:        224 bytes,     841784 total
[2024-02-06T01:15:03.042+0000][7][gc,age      ] GC(97) - age  13:      75376 bytes,     917160 total
[2024-02-06T01:15:03.042+0000][7][gc,age      ] GC(97) - age  14:      67872 bytes,     985032 total
[2024-02-06T01:15:03.042+0000][7][gc,age      ] GC(97) - age  15:      93824 bytes,    1078856 total
[2024-02-06T01:15:03.042+0000][7][gc,heap     ] GC(97) Eden regions: 152->0(152)
[2024-02-06T01:15:03.042+0000][7][gc,heap     ] GC(97) Survivor regions: 1->1(20)
[2024-02-06T01:15:03.042+0000][7][gc,heap     ] GC(97) Old regions: 23->23
[2024-02-06T01:15:03.042+0000][7][gc,heap     ] GC(97) Archive regions: 2->2
[2024-02-06T01:15:03.042+0000][7][gc,heap     ] GC(97) Humongous regions: 0->0
[2024-02-06T01:15:03.042+0000][7][gc,metaspace] GC(97) Metaspace: 126981K(130368K)->126981K(130368K) NonClass: 110413K(112192K)->110413K(112192K) Class: 16568K(18176K)->16568K(18176K)
[2024-02-06T01:15:03.042+0000][7][gc          ] GC(97) Pause Young (Normal) (G1 Evacuation Pause) 702M->94M(1024M) 2.861ms
[2024-02-06T01:15:03.042+0000][7][gc,cpu      ] GC(97) User=0.01s Sys=0.00s Real=0.00s
[2024-02-06T01:15:03.042+0000][7][safepoint   ] Safepoint "G1CollectForAllocation", Time since last: 68959841521 ns, Reaching safepoint: 55553 ns, At safepoint: 2961442 ns, Total: 3016995 ns
[2024-02-06T01:15:17.043+0000][7][safepoint   ] Safepoint "Cleanup", Time since last: 14001143772 ns, Reaching safepoint: 42751 ns, At safepoint: 41074 ns, Total: 83825 ns
[2024-02-06T01:15:54.047+0000][7][safepoint   ] Safepoint "Cleanup", Time since last: 37003707457 ns, Reaching safepoint: 111780 ns, At safepoint: 12132 ns, Total: 123912 ns
[2024-02-06T01:16:11.048+0000][7][safepoint   ] Safepoint "Cleanup", Time since last: 17001342202 ns, Reaching safepoint: 82692 ns, At safepoint: 6733 ns, Total: 89425 ns
[2024-02-06T01:18:22.338+0000][7][gc,start    ] GC(98) Pause Young (Normal) (G1 Evacuation Pause)
[2024-02-06T01:18:22.338+0000][7][gc,task     ] GC(98) Using 8 workers of 8 for evacuation
[2024-02-06T01:18:22.338+0000][7][gc,age      ] GC(98) Desired survivor size 41943040 bytes, new threshold 15 (max threshold 15)
[2024-02-06T01:18:22.340+0000][7][gc,phases   ] GC(98)   Pre Evacuate Collection Set: 0.1ms
[2024-02-06T01:18:22.340+0000][7][gc,phases   ] GC(98)   Merge Heap Roots: 0.0ms
[2024-02-06T01:18:22.340+0000][7][gc,phases   ] GC(98)   Evacuate Collection Set: 0.9ms
[2024-02-06T01:18:22.340+0000][7][gc,phases   ] GC(98)   Post Evacuate Collection Set: 0.5ms
[2024-02-06T01:18:22.340+0000][7][gc,phases   ] GC(98)   Other: 0.1ms
[2024-02-06T01:18:22.340+0000][7][gc,age      ] GC(98) Age table with threshold 15 (max threshold 15)
[2024-02-06T01:18:22.340+0000][7][gc,age      ] GC(98) - age   1:    1105016 bytes,    1105016 total
[2024-02-06T01:18:22.340+0000][7][gc,age      ] GC(98) - age   2:       4272 bytes,    1109288 total
[2024-02-06T01:18:22.340+0000][7][gc,age      ] GC(98) - age   3:       9336 bytes,    1118624 total
[2024-02-06T01:18:22.340+0000][7][gc,age      ] GC(98) - age   4:        184 bytes,    1118808 total
[2024-02-06T01:18:22.340+0000][7][gc,age      ] GC(98) - age   5:       8320 bytes,    1127128 total
[2024-02-06T01:18:22.340+0000][7][gc,age      ] GC(98) - age   6:        720 bytes,    1127848 total
[2024-02-06T01:18:22.340+0000][7][gc,age      ] GC(98) - age   8:     145704 bytes,    1273552 total
[2024-02-06T01:18:22.340+0000][7][gc,age      ] GC(98) - age   9:       1568 bytes,    1275120 total
[2024-02-06T01:18:22.340+0000][7][gc,age      ] GC(98) - age  10:       9048 bytes,    1284168 total
[2024-02-06T01:18:22.340+0000][7][gc,age      ] GC(98) - age  11:         64 bytes,    1284232 total
[2024-02-06T01:18:22.340+0000][7][gc,age      ] GC(98) - age  12:       2608 bytes,    1286840 total
[2024-02-06T01:18:22.340+0000][7][gc,age      ] GC(98) - age  13:        224 bytes,    1287064 total
[2024-02-06T01:18:22.340+0000][7][gc,age      ] GC(98) - age  14:      75376 bytes,    1362440 total
[2024-02-06T01:18:22.340+0000][7][gc,age      ] GC(98) - age  15:      67872 bytes,    1430312 total
[2024-02-06T01:18:22.340+0000][7][gc,heap     ] GC(98) Eden regions: 152->0(152)
[2024-02-06T01:18:22.340+0000][7][gc,heap     ] GC(98) Survivor regions: 1->1(20)
[2024-02-06T01:18:22.340+0000][7][gc,heap     ] GC(98) Old regions: 23->23
[2024-02-06T01:18:22.340+0000][7][gc,heap     ] GC(98) Archive regions: 2->2
[2024-02-06T01:18:22.340+0000][7][gc,heap     ] GC(98) Humongous regions: 0->0
[2024-02-06T01:18:22.340+0000][7][gc,metaspace] GC(98) Metaspace: 126982K(130368K)->126982K(130368K) NonClass: 110414K(112192K)->110414K(112192K) Class: 16568K(18176K)->16568K(18176K)
[2024-02-06T01:18:22.340+0000][7][gc          ] GC(98) Pause Young (Normal) (G1 Evacuation Pause) 702M->94M(1024M) 1.784ms
[2024-02-06T01:18:22.340+0000][7][gc,cpu      ] GC(98) User=0.00s Sys=0.00s Real=0.00s
[2024-02-06T01:18:22.340+0000][7][safepoint   ] Safepoint "G1CollectForAllocation", Time since last: 131289559742 ns, Reaching safepoint: 32938 ns, At safepoint: 1850282 ns, Total: 1883220 ns
[2024-02-06T01:21:46.156+0000][7][gc,start    ] GC(99) Pause Young (Normal) (G1 Evacuation Pause)
[2024-02-06T01:21:46.156+0000][7][gc,task     ] GC(99) Using 8 workers of 8 for evacuation
[2024-02-06T01:21:46.156+0000][7][gc,age      ] GC(99) Desired survivor size 41943040 bytes, new threshold 15 (max threshold 15)
[2024-02-06T01:21:46.158+0000][7][gc,phases   ] GC(99)   Pre Evacuate Collection Set: 0.1ms
[2024-02-06T01:21:46.158+0000][7][gc,phases   ] GC(99)   Merge Heap Roots: 0.1ms
[2024-02-06T01:21:46.158+0000][7][gc,phases   ] GC(99)   Evacuate Collection Set: 1.4ms
[2024-02-06T01:21:46.158+0000][7][gc,phases   ] GC(99)   Post Evacuate Collection Set: 0.8ms
[2024-02-06T01:21:46.158+0000][7][gc,phases   ] GC(99)   Other: 0.1ms
[2024-02-06T01:21:46.158+0000][7][gc,age      ] GC(99) Age table with threshold 15 (max threshold 15)
[2024-02-06T01:21:46.158+0000][7][gc,age      ] GC(99) - age   1:     963768 bytes,     963768 total
[2024-02-06T01:21:46.158+0000][7][gc,age      ] GC(99) - age   2:       2328 bytes,     966096 total
[2024-02-06T01:21:46.158+0000][7][gc,age      ] GC(99) - age   3:       3632 bytes,     969728 total
[2024-02-06T01:21:46.158+0000][7][gc,age      ] GC(99) - age   4:       8592 bytes,     978320 total
[2024-02-06T01:21:46.158+0000][7][gc,age      ] GC(99) - age   6:       8136 bytes,     986456 total
[2024-02-06T01:21:46.158+0000][7][gc,age      ] GC(99) - age   7:        304 bytes,     986760 total
[2024-02-06T01:21:46.158+0000][7][gc,age      ] GC(99) - age   9:     145704 bytes,    1132464 total
[2024-02-06T01:21:46.158+0000][7][gc,age      ] GC(99) - age  10:       1568 bytes,    1134032 total
[2024-02-06T01:21:46.158+0000][7][gc,age      ] GC(99) - age  11:       9048 bytes,    1143080 total
[2024-02-06T01:21:46.158+0000][7][gc,age      ] GC(99) - age  12:         64 bytes,    1143144 total
[2024-02-06T01:21:46.158+0000][7][gc,age      ] GC(99) - age  13:       2608 bytes,    1145752 total
[2024-02-06T01:21:46.158+0000][7][gc,age      ] GC(99) - age  14:        224 bytes,    1145976 total
[2024-02-06T01:21:46.158+0000][7][gc,age      ] GC(99) - age  15:      75376 bytes,    1221352 total
[2024-02-06T01:21:46.158+0000][7][gc,heap     ] GC(99) Eden regions: 152->0(152)
[2024-02-06T01:21:46.158+0000][7][gc,heap     ] GC(99) Survivor regions: 1->1(20)
[2024-02-06T01:21:46.158+0000][7][gc,heap     ] GC(99) Old regions: 23->23
[2024-02-06T01:21:46.158+0000][7][gc,heap     ] GC(99) Archive regions: 2->2
[2024-02-06T01:21:46.158+0000][7][gc,heap     ] GC(99) Humongous regions: 0->0
[2024-02-06T01:21:46.158+0000][7][gc,metaspace] GC(99) Metaspace: 126982K(130368K)->126982K(130368K) NonClass: 110414K(112192K)->110414K(112192K) Class: 16568K(18176K)->16568K(18176K)
[2024-02-06T01:21:46.158+0000][7][gc          ] GC(99) Pause Young (Normal) (G1 Evacuation Pause) 702M->94M(1024M) 2.781ms
[2024-02-06T01:21:46.159+0000][7][gc,cpu      ] GC(99) User=0.01s Sys=0.00s Real=0.00s
[2024-02-06T01:21:46.159+0000][7][safepoint   ] Safepoint "G1CollectForAllocation", Time since last: 203815803570 ns, Reaching safepoint: 47503 ns, At safepoint: 2878742 ns, Total: 2926245 ns
[2024-02-06T01:21:54.160+0000][7][safepoint   ] Safepoint "Cleanup", Time since last: 8001201972 ns, Reaching safepoint: 94371 ns, At safepoint: 11916 ns, Total: 106287 ns
[2024-02-06T01:22:54.167+0000][7][safepoint   ] Safepoint "Cleanup", Time since last: 60006576319 ns, Reaching safepoint: 113786 ns, At safepoint: 7989 ns, Total: 121775 ns
[2024-02-06T01:23:11.169+0000][7][safepoint   ] Safepoint "Cleanup", Time since last: 17001990021 ns, Reaching safepoint: 92818 ns, At safepoint: 7988 ns, Total: 100806 ns
[2024-02-06T01:23:54.173+0000][7][safepoint   ] Safepoint "Cleanup", Time since last: 43004304908 ns, Reaching safepoint: 89509 ns, At safepoint: 8624 ns, Total: 98133 ns
[2024-02-06T01:24:54.180+0000][7][safepoint   ] Safepoint "Cleanup", Time since last: 60006469439 ns, Reaching safepoint: 74767 ns, At safepoint: 33313 ns, Total: 108080 ns
[2024-02-06T01:25:10.102+0000][7][gc,start    ] GC(100) Pause Young (Normal) (G1 Evacuation Pause)
[2024-02-06T01:25:10.103+0000][7][gc,task     ] GC(100) Using 8 workers of 8 for evacuation
[2024-02-06T01:25:10.103+0000][7][gc,age      ] GC(100) Desired survivor size 41943040 bytes, new threshold 15 (max threshold 15)
[2024-02-06T01:25:10.105+0000][7][gc,phases   ] GC(100)   Pre Evacuate Collection Set: 0.1ms
[2024-02-06T01:25:10.105+0000][7][gc,phases   ] GC(100)   Merge Heap Roots: 0.1ms
[2024-02-06T01:25:10.105+0000][7][gc,phases   ] GC(100)   Evacuate Collection Set: 1.7ms
[2024-02-06T01:25:10.105+0000][7][gc,phases   ] GC(100)   Post Evacuate Collection Set: 0.8ms
[2024-02-06T01:25:10.105+0000][7][gc,phases   ] GC(100)   Other: 0.1ms
[2024-02-06T01:25:10.105+0000][7][gc,age      ] GC(100) Age table with threshold 15 (max threshold 15)
[2024-02-06T01:25:10.105+0000][7][gc,age      ] GC(100) - age   1:    1246024 bytes,    1246024 total
[2024-02-06T01:25:10.105+0000][7][gc,age      ] GC(100) - age   2:      11608 bytes,    1257632 total
[2024-02-06T01:25:10.105+0000][7][gc,age      ] GC(100) - age   3:        184 bytes,    1257816 total
[2024-02-06T01:25:10.105+0000][7][gc,age      ] GC(100) - age   4:        376 bytes,    1258192 total
[2024-02-06T01:25:10.105+0000][7][gc,age      ] GC(100) - age   5:       8200 bytes,    1266392 total
[2024-02-06T01:25:10.105+0000][7][gc,age      ] GC(100) - age   7:       8136 bytes,    1274528 total
[2024-02-06T01:25:10.105+0000][7][gc,age      ] GC(100) - age   8:        304 bytes,    1274832 total
[2024-02-06T01:25:10.105+0000][7][gc,age      ] GC(100) - age  10:     145704 bytes,    1420536 total
[2024-02-06T01:25:10.105+0000][7][gc,age      ] GC(100) - age  11:       1568 bytes,    1422104 total
[2024-02-06T01:25:10.105+0000][7][gc,age      ] GC(100) - age  12:       9048 bytes,    1431152 total
[2024-02-06T01:25:10.105+0000][7][gc,age      ] GC(100) - age  13:         64 bytes,    1431216 total
[2024-02-06T01:25:10.105+0000][7][gc,age      ] GC(100) - age  14:       2608 bytes,    1433824 total
[2024-02-06T01:25:10.105+0000][7][gc,age      ] GC(100) - age  15:        224 bytes,    1434048 total
[2024-02-06T01:25:10.105+0000][7][gc,heap     ] GC(100) Eden regions: 152->0(152)
[2024-02-06T01:25:10.105+0000][7][gc,heap     ] GC(100) Survivor regions: 1->1(20)
[2024-02-06T01:25:10.105+0000][7][gc,heap     ] GC(100) Old regions: 23->23
[2024-02-06T01:25:10.106+0000][7][gc,heap     ] GC(100) Archive regions: 2->2
[2024-02-06T01:25:10.106+0000][7][gc,heap     ] GC(100) Humongous regions: 0->0
[2024-02-06T01:25:10.106+0000][7][gc,metaspace] GC(100) Metaspace: 126982K(130368K)->126982K(130368K) NonClass: 110414K(112192K)->110414K(112192K) Class: 16568K(18176K)->16568K(18176K)
[2024-02-06T01:25:10.106+0000][7][gc          ] GC(100) Pause Young (Normal) (G1 Evacuation Pause) 702M->94M(1024M) 3.088ms
[2024-02-06T01:25:10.106+0000][7][gc,cpu      ] GC(100) User=0.01s Sys=0.00s Real=0.01s
[2024-02-06T01:25:10.106+0000][7][safepoint   ] Safepoint "G1CollectForAllocation", Time since last: 15922752321 ns, Reaching safepoint: 56251 ns, At safepoint: 3181485 ns, Total: 3237736 ns
[2024-02-06T01:25:11.183+0000][7][safepoint   ] Safepoint "Cleanup", Time since last: 1076696782 ns, Reaching safepoint: 216594 ns, At safepoint: 8708 ns, Total: 225302 ns
[2024-02-06T01:28:10.201+0000][7][safepoint   ] Safepoint "Cleanup", Time since last: 179018294886 ns, Reaching safepoint: 84894 ns, At safepoint: 5362 ns, Total: 90256 ns
[2024-02-06T01:28:25.113+0000][7][gc,start    ] GC(101) Pause Young (Normal) (G1 Evacuation Pause)
[2024-02-06T01:28:25.113+0000][7][gc,task     ] GC(101) Using 8 workers of 8 for evacuation
[2024-02-06T01:28:25.113+0000][7][gc,age      ] GC(101) Desired survivor size 41943040 bytes, new threshold 15 (max threshold 15)
[2024-02-06T01:28:25.115+0000][7][gc,phases   ] GC(101)   Pre Evacuate Collection Set: 0.1ms
[2024-02-06T01:28:25.115+0000][7][gc,phases   ] GC(101)   Merge Heap Roots: 0.1ms
[2024-02-06T01:28:25.115+0000][7][gc,phases   ] GC(101)   Evacuate Collection Set: 1.7ms
[2024-02-06T01:28:25.115+0000][7][gc,phases   ] GC(101)   Post Evacuate Collection Set: 0.7ms
[2024-02-06T01:28:25.115+0000][7][gc,phases   ] GC(101)   Other: 0.1ms
[2024-02-06T01:28:25.115+0000][7][gc,age      ] GC(101) Age table with threshold 15 (max threshold 15)
[2024-02-06T01:28:25.115+0000][7][gc,age      ] GC(101) - age   1:    1622840 bytes,    1622840 total
[2024-02-06T01:28:25.115+0000][7][gc,age      ] GC(101) - age   2:       6056 bytes,    1628896 total
[2024-02-06T01:28:25.115+0000][7][gc,age      ] GC(101) - age   3:       1448 bytes,    1630344 total
[2024-02-06T01:28:25.115+0000][7][gc,age      ] GC(101) - age   4:        184 bytes,    1630528 total
[2024-02-06T01:28:25.115+0000][7][gc,age      ] GC(101) - age   5:        376 bytes,    1630904 total
[2024-02-06T01:28:25.115+0000][7][gc,age      ] GC(101) - age   6:       8200 bytes,    1639104 total
[2024-02-06T01:28:25.115+0000][7][gc,age      ] GC(101) - age   8:       8136 bytes,    1647240 total
[2024-02-06T01:28:25.115+0000][7][gc,age      ] GC(101) - age   9:        304 bytes,    1647544 total
[2024-02-06T01:28:25.115+0000][7][gc,age      ] GC(101) - age  11:     145704 bytes,    1793248 total
[2024-02-06T01:28:25.115+0000][7][gc,age      ] GC(101) - age  12:       1568 bytes,    1794816 total
[2024-02-06T01:28:25.115+0000][7][gc,age      ] GC(101) - age  13:       9048 bytes,    1803864 total
[2024-02-06T01:28:25.115+0000][7][gc,age      ] GC(101) - age  14:         64 bytes,    1803928 total
[2024-02-06T01:28:25.115+0000][7][gc,age      ] GC(101) - age  15:       2608 bytes,    1806536 total
[2024-02-06T01:28:25.115+0000][7][gc,heap     ] GC(101) Eden regions: 152->0(152)
[2024-02-06T01:28:25.116+0000][7][gc,heap     ] GC(101) Survivor regions: 1->1(20)
[2024-02-06T01:28:25.116+0000][7][gc,heap     ] GC(101) Old regions: 23->23
[2024-02-06T01:28:25.116+0000][7][gc,heap     ] GC(101) Archive regions: 2->2
[2024-02-06T01:28:25.116+0000][7][gc,heap     ] GC(101) Humongous regions: 0->0
[2024-02-06T01:28:25.116+0000][7][gc,metaspace] GC(101) Metaspace: 126983K(130368K)->126983K(130368K) NonClass: 110415K(112192K)->110415K(112192K) Class: 16568K(18176K)->16568K(18176K)
[2024-02-06T01:28:25.116+0000][7][gc          ] GC(101) Pause Young (Normal) (G1 Evacuation Pause) 702M->95M(1024M) 2.978ms
[2024-02-06T01:28:25.116+0000][7][gc,cpu      ] GC(101) User=0.01s Sys=0.00s Real=0.00s
[2024-02-06T01:28:25.116+0000][7][safepoint   ] Safepoint "G1CollectForAllocation", Time since last: 14911566299 ns, Reaching safepoint: 59738 ns, At safepoint: 3069934 ns, Total: 3129672 ns
[2024-02-06T01:28:35.117+0000][7][safepoint   ] Safepoint "Cleanup", Time since last: 10000807630 ns, Reaching safepoint: 117526 ns, At safepoint: 12321 ns, Total: 129847 ns
[2024-02-06T01:29:14.791+0000][7][safepoint   ] Safepoint "Cleanup", Time since last: 39673882112 ns, Reaching safepoint: 92565 ns, At safepoint: 5513 ns, Total: 98078 ns
[2024-02-06T01:29:17.732+0000][7][safepoint   ] Safepoint "Cleanup", Time since last: 2941667398 ns, Reaching safepoint: 78049 ns, At safepoint: 10276 ns, Total: 88325 ns
[2024-02-06T01:29:58.737+0000][7][safepoint   ] Safepoint "Cleanup", Time since last: 41004391965 ns, Reaching safepoint: 87503 ns, At safepoint: 5300 ns, Total: 92803 ns
[2024-02-06T01:30:53.743+0000][7][safepoint   ] Safepoint "Cleanup", Time since last: 55005620234 ns, Reaching safepoint: 110761 ns, At safepoint: 11074 ns, Total: 121835 ns
[2024-02-06T01:31:50.321+0000][7][gc,start    ] GC(102) Pause Young (Normal) (G1 Evacuation Pause)
[2024-02-06T01:31:50.321+0000][7][gc,task     ] GC(102) Using 8 workers of 8 for evacuation
[2024-02-06T01:31:50.321+0000][7][gc,age      ] GC(102) Desired survivor size 41943040 bytes, new threshold 15 (max threshold 15)
[2024-02-06T01:31:50.324+0000][7][gc,phases   ] GC(102)   Pre Evacuate Collection Set: 0.1ms
[2024-02-06T01:31:50.324+0000][7][gc,phases   ] GC(102)   Merge Heap Roots: 0.1ms
[2024-02-06T01:31:50.324+0000][7][gc,phases   ] GC(102)   Evacuate Collection Set: 1.7ms
[2024-02-06T01:31:50.324+0000][7][gc,phases   ] GC(102)   Post Evacuate Collection Set: 0.8ms
[2024-02-06T01:31:50.324+0000][7][gc,phases   ] GC(102)   Other: 0.1ms
[2024-02-06T01:31:50.324+0000][7][gc,age      ] GC(102) Age table with threshold 15 (max threshold 15)
[2024-02-06T01:31:50.324+0000][7][gc,age      ] GC(102) - age   1:    1366152 bytes,    1366152 total
[2024-02-06T01:31:50.324+0000][7][gc,age      ] GC(102) - age   2:      96120 bytes,    1462272 total
[2024-02-06T01:31:50.324+0000][7][gc,age      ] GC(102) - age   3:       4456 bytes,    1466728 total
[2024-02-06T01:31:50.324+0000][7][gc,age      ] GC(102) - age   4:        480 bytes,    1467208 total
[2024-02-06T01:31:50.324+0000][7][gc,age      ] GC(102) - age   5:        184 bytes,    1467392 total
[2024-02-06T01:31:50.324+0000][7][gc,age      ] GC(102) - age   6:        376 bytes,    1467768 total
[2024-02-06T01:31:50.324+0000][7][gc,age      ] GC(102) - age   7:       8200 bytes,    1475968 total
[2024-02-06T01:31:50.324+0000][7][gc,age      ] GC(102) - age   9:       8136 bytes,    1484104 total
[2024-02-06T01:31:50.324+0000][7][gc,age      ] GC(102) - age  10:        304 bytes,    1484408 total
[2024-02-06T01:31:50.324+0000][7][gc,age      ] GC(102) - age  12:     145520 bytes,    1629928 total
[2024-02-06T01:31:50.324+0000][7][gc,age      ] GC(102) - age  13:       1568 bytes,    1631496 total
[2024-02-06T01:31:50.324+0000][7][gc,age      ] GC(102) - age  14:       9048 bytes,    1640544 total
[2024-02-06T01:31:50.324+0000][7][gc,age      ] GC(102) - age  15:         64 bytes,    1640608 total
[2024-02-06T01:31:50.324+0000][7][gc,heap     ] GC(102) Eden regions: 152->0(152)
[2024-02-06T01:31:50.324+0000][7][gc,heap     ] GC(102) Survivor regions: 1->1(20)
[2024-02-06T01:31:50.324+0000][7][gc,heap     ] GC(102) Old regions: 23->23
[2024-02-06T01:31:50.324+0000][7][gc,heap     ] GC(102) Archive regions: 2->2
[2024-02-06T01:31:50.324+0000][7][gc,heap     ] GC(102) Humongous regions: 0->0
[2024-02-06T01:31:50.324+0000][7][gc,metaspace] GC(102) Metaspace: 126983K(130368K)->126983K(130368K) NonClass: 110415K(112192K)->110415K(112192K) Class: 16568K(18176K)->16568K(18176K)
[2024-02-06T01:31:50.324+0000][7][gc          ] GC(102) Pause Young (Normal) (G1 Evacuation Pause) 703M->94M(1024M) 3.143ms
[2024-02-06T01:31:50.324+0000][7][gc,cpu      ] GC(102) User=0.01s Sys=0.01s Real=0.01s
[2024-02-06T01:31:50.324+0000][7][safepoint   ] Safepoint "G1CollectForAllocation", Time since last: 56578539708 ns, Reaching safepoint: 93183 ns, At safepoint: 3238449 ns, Total: 3331632 ns
[2024-02-06T01:32:41.330+0000][7][safepoint   ] Safepoint "Cleanup", Time since last: 51005569350 ns, Reaching safepoint: 65130 ns, At safepoint: 40184 ns, Total: 105314 ns
[2024-02-06T01:35:04.200+0000][7][gc,start    ] GC(103) Pause Young (Normal) (G1 Evacuation Pause)
[2024-02-06T01:35:04.200+0000][7][gc,task     ] GC(103) Using 8 workers of 8 for evacuation
[2024-02-06T01:35:04.200+0000][7][gc,age      ] GC(103) Desired survivor size 41943040 bytes, new threshold 15 (max threshold 15)
[2024-02-06T01:35:04.202+0000][7][gc,phases   ] GC(103)   Pre Evacuate Collection Set: 0.1ms
[2024-02-06T01:35:04.202+0000][7][gc,phases   ] GC(103)   Merge Heap Roots: 0.1ms
[2024-02-06T01:35:04.202+0000][7][gc,phases   ] GC(103)   Evacuate Collection Set: 1.5ms
[2024-02-06T01:35:04.202+0000][7][gc,phases   ] GC(103)   Post Evacuate Collection Set: 0.6ms
[2024-02-06T01:35:04.202+0000][7][gc,phases   ] GC(103)   Other: 0.1ms
[2024-02-06T01:35:04.202+0000][7][gc,age      ] GC(103) Age table with threshold 15 (max threshold 15)
[2024-02-06T01:35:04.202+0000][7][gc,age      ] GC(103) - age   1:    1828320 bytes,    1828320 total
[2024-02-06T01:35:04.202+0000][7][gc,age      ] GC(103) - age   2:     128688 bytes,    1957008 total
[2024-02-06T01:35:04.202+0000][7][gc,age      ] GC(103) - age   3:      93352 bytes,    2050360 total
[2024-02-06T01:35:04.202+0000][7][gc,age      ] GC(103) - age   4:       1200 bytes,    2051560 total
[2024-02-06T01:35:04.202+0000][7][gc,age      ] GC(103) - age   5:        416 bytes,    2051976 total
[2024-02-06T01:35:04.202+0000][7][gc,age      ] GC(103) - age   7:        376 bytes,    2052352 total
[2024-02-06T01:35:04.202+0000][7][gc,age      ] GC(103) - age   8:       8200 bytes,    2060552 total
[2024-02-06T01:35:04.202+0000][7][gc,age      ] GC(103) - age  10:       8136 bytes,    2068688 total
[2024-02-06T01:35:04.202+0000][7][gc,age      ] GC(103) - age  11:        304 bytes,    2068992 total
[2024-02-06T01:35:04.202+0000][7][gc,age      ] GC(103) - age  13:     145520 bytes,    2214512 total
[2024-02-06T01:35:04.202+0000][7][gc,age      ] GC(103) - age  14:       1568 bytes,    2216080 total
[2024-02-06T01:35:04.202+0000][7][gc,age      ] GC(103) - age  15:       9048 bytes,    2225128 total
[2024-02-06T01:35:04.202+0000][7][gc,heap     ] GC(103) Eden regions: 152->0(152)
[2024-02-06T01:35:04.202+0000][7][gc,heap     ] GC(103) Survivor regions: 1->1(20)
[2024-02-06T01:35:04.202+0000][7][gc,heap     ] GC(103) Old regions: 23->23
[2024-02-06T01:35:04.202+0000][7][gc,heap     ] GC(103) Archive regions: 2->2
[2024-02-06T01:35:04.202+0000][7][gc,heap     ] GC(103) Humongous regions: 0->0
[2024-02-06T01:35:04.202+0000][7][gc,metaspace] GC(103) Metaspace: 126983K(130368K)->126983K(130368K) NonClass: 110415K(112192K)->110415K(112192K) Class: 16568K(18176K)->16568K(18176K)
[2024-02-06T01:35:04.202+0000][7][gc          ] GC(103) Pause Young (Normal) (G1 Evacuation Pause) 702M->95M(1024M) 2.479ms
[2024-02-06T01:35:04.202+0000][7][gc,cpu      ] GC(103) User=0.01s Sys=0.00s Real=0.00s
[2024-02-06T01:35:04.203+0000][7][safepoint   ] Safepoint "G1CollectForAllocation", Time since last: 142869779258 ns, Reaching safepoint: 101547 ns, At safepoint: 2561874 ns, Total: 2663421 ns
[2024-02-06T01:38:00.219+0000][7][safepoint   ] Safepoint "Cleanup", Time since last: 176016802563 ns, Reaching safepoint: 68879 ns, At safepoint: 35536 ns, Total: 104415 ns
[2024-02-06T01:38:34.146+0000][7][gc,start    ] GC(104) Pause Young (Normal) (G1 Evacuation Pause)
[2024-02-06T01:38:34.146+0000][7][gc,task     ] GC(104) Using 8 workers of 8 for evacuation
[2024-02-06T01:38:34.146+0000][7][gc,age      ] GC(104) Desired survivor size 41943040 bytes, new threshold 15 (max threshold 15)
[2024-02-06T01:38:34.149+0000][7][gc,phases   ] GC(104)   Pre Evacuate Collection Set: 0.1ms
[2024-02-06T01:38:34.149+0000][7][gc,phases   ] GC(104)   Merge Heap Roots: 0.1ms
[2024-02-06T01:38:34.149+0000][7][gc,phases   ] GC(104)   Evacuate Collection Set: 2.3ms
[2024-02-06T01:38:34.149+0000][7][gc,phases   ] GC(104)   Post Evacuate Collection Set: 0.8ms
[2024-02-06T01:38:34.149+0000][7][gc,phases   ] GC(104)   Other: 0.1ms
[2024-02-06T01:38:34.149+0000][7][gc,age      ] GC(104) Age table with threshold 15 (max threshold 15)
[2024-02-06T01:38:34.149+0000][7][gc,age      ] GC(104) - age   1:    1647608 bytes,    1647608 total
[2024-02-06T01:38:34.149+0000][7][gc,age      ] GC(104) - age   2:      26552 bytes,    1674160 total
[2024-02-06T01:38:34.149+0000][7][gc,age      ] GC(104) - age   3:     126016 bytes,    1800176 total
[2024-02-06T01:38:34.149+0000][7][gc,age      ] GC(104) - age   4:      93288 bytes,    1893464 total
[2024-02-06T01:38:34.149+0000][7][gc,age      ] GC(104) - age   5:       1200 bytes,    1894664 total
[2024-02-06T01:38:34.149+0000][7][gc,age      ] GC(104) - age   6:        416 bytes,    1895080 total
[2024-02-06T01:38:34.149+0000][7][gc,age      ] GC(104) - age   8:        376 bytes,    1895456 total
[2024-02-06T01:38:34.149+0000][7][gc,age      ] GC(104) - age   9:       8200 bytes,    1903656 total
[2024-02-06T01:38:34.149+0000][7][gc,age      ] GC(104) - age  11:       8136 bytes,    1911792 total
[2024-02-06T01:38:34.149+0000][7][gc,age      ] GC(104) - age  12:        304 bytes,    1912096 total
[2024-02-06T01:38:34.149+0000][7][gc,age      ] GC(104) - age  14:     145520 bytes,    2057616 total
[2024-02-06T01:38:34.149+0000][7][gc,age      ] GC(104) - age  15:       1568 bytes,    2059184 total
[2024-02-06T01:38:34.149+0000][7][gc,heap     ] GC(104) Eden regions: 152->0(152)
[2024-02-06T01:38:34.149+0000][7][gc,heap     ] GC(104) Survivor regions: 1->1(20)
[2024-02-06T01:38:34.149+0000][7][gc,heap     ] GC(104) Old regions: 23->23
[2024-02-06T01:38:34.149+0000][7][gc,heap     ] GC(104) Archive regions: 2->2
[2024-02-06T01:38:34.149+0000][7][gc,heap     ] GC(104) Humongous regions: 0->0
[2024-02-06T01:38:34.149+0000][7][gc,metaspace] GC(104) Metaspace: 126983K(130368K)->126983K(130368K) NonClass: 110415K(112192K)->110415K(112192K) Class: 16568K(18176K)->16568K(18176K)
[2024-02-06T01:38:34.149+0000][7][gc          ] GC(104) Pause Young (Normal) (G1 Evacuation Pause) 703M->95M(1024M) 3.688ms
[2024-02-06T01:38:34.149+0000][7][gc,cpu      ] GC(104) User=0.02s Sys=0.00s Real=0.00s
[2024-02-06T01:38:34.149+0000][7][safepoint   ] Safepoint "G1CollectForAllocation", Time since last: 33926099335 ns, Reaching safepoint: 48343 ns, At safepoint: 3800485 ns, Total: 3848828 ns
[2024-02-06T01:41:58.131+0000][7][gc,start    ] GC(105) Pause Young (Normal) (G1 Evacuation Pause)
[2024-02-06T01:41:58.131+0000][7][gc,task     ] GC(105) Using 8 workers of 8 for evacuation
[2024-02-06T01:41:58.131+0000][7][gc,age      ] GC(105) Desired survivor size 41943040 bytes, new threshold 15 (max threshold 15)
[2024-02-06T01:41:58.134+0000][7][gc,phases   ] GC(105)   Pre Evacuate Collection Set: 0.1ms
[2024-02-06T01:41:58.134+0000][7][gc,phases   ] GC(105)   Merge Heap Roots: 0.1ms
[2024-02-06T01:41:58.134+0000][7][gc,phases   ] GC(105)   Evacuate Collection Set: 2.0ms
[2024-02-06T01:41:58.134+0000][7][gc,phases   ] GC(105)   Post Evacuate Collection Set: 0.8ms
[2024-02-06T01:41:58.134+0000][7][gc,phases   ] GC(105)   Other: 0.1ms
[2024-02-06T01:41:58.134+0000][7][gc,age      ] GC(105) Age table with threshold 15 (max threshold 15)
[2024-02-06T01:41:58.134+0000][7][gc,age      ] GC(105) - age   1:    1484144 bytes,    1484144 total
[2024-02-06T01:41:58.134+0000][7][gc,age      ] GC(105) - age   2:      15664 bytes,    1499808 total
[2024-02-06T01:41:58.134+0000][7][gc,age      ] GC(105) - age   3:      24528 bytes,    1524336 total
[2024-02-06T01:41:58.134+0000][7][gc,age      ] GC(105) - age   4:     125304 bytes,    1649640 total
[2024-02-06T01:41:58.134+0000][7][gc,age      ] GC(105) - age   5:      93104 bytes,    1742744 total
[2024-02-06T01:41:58.134+0000][7][gc,age      ] GC(105) - age   6:        808 bytes,    1743552 total
[2024-02-06T01:41:58.134+0000][7][gc,age      ] GC(105) - age   9:        376 bytes,    1743928 total
[2024-02-06T01:41:58.134+0000][7][gc,age      ] GC(105) - age  10:       8200 bytes,    1752128 total
[2024-02-06T01:41:58.134+0000][7][gc,age      ] GC(105) - age  12:       8136 bytes,    1760264 total
[2024-02-06T01:41:58.134+0000][7][gc,age      ] GC(105) - age  13:        304 bytes,    1760568 total
[2024-02-06T01:41:58.134+0000][7][gc,age      ] GC(105) - age  15:     145520 bytes,    1906088 total
[2024-02-06T01:41:58.134+0000][7][gc,heap     ] GC(105) Eden regions: 152->0(152)
[2024-02-06T01:41:58.134+0000][7][gc,heap     ] GC(105) Survivor regions: 1->1(20)
[2024-02-06T01:41:58.134+0000][7][gc,heap     ] GC(105) Old regions: 23->23
[2024-02-06T01:41:58.134+0000][7][gc,heap     ] GC(105) Archive regions: 2->2
[2024-02-06T01:41:58.134+0000][7][gc,heap     ] GC(105) Humongous regions: 0->0
[2024-02-06T01:41:58.134+0000][7][gc,metaspace] GC(105) Metaspace: 126984K(130368K)->126984K(130368K) NonClass: 110416K(112192K)->110416K(112192K) Class: 16568K(18176K)->16568K(18176K)
[2024-02-06T01:41:58.134+0000][7][gc          ] GC(105) Pause Young (Normal) (G1 Evacuation Pause) 703M->95M(1024M) 3.382ms
[2024-02-06T01:41:58.134+0000][7][gc,cpu      ] GC(105) User=0.02s Sys=0.00s Real=0.01s
[2024-02-06T01:41:58.134+0000][7][safepoint   ] Safepoint "G1CollectForAllocation", Time since last: 203981531109 ns, Reaching safepoint: 67612 ns, At safepoint: 3481771 ns, Total: 3549383 ns
[2024-02-06T01:43:29.144+0000][7][safepoint   ] Safepoint "Cleanup", Time since last: 91009204974 ns, Reaching safepoint: 65657 ns, At safepoint: 4751 ns, Total: 70408 ns
[2024-02-06T01:43:41.145+0000][7][safepoint   ] Safepoint "Cleanup", Time since last: 12001013500 ns, Reaching safepoint: 68071 ns, At safepoint: 6932 ns, Total: 75003 ns
[2024-02-06T01:43:42.145+0000][7][safepoint   ] Safepoint "Cleanup", Time since last: 1000148043 ns, Reaching safepoint: 61356 ns, At safepoint: 6348 ns, Total: 67704 ns
[2024-02-06T01:43:58.147+0000][7][safepoint   ] Safepoint "Cleanup", Time since last: 16001720553 ns, Reaching safepoint: 137285 ns, At safepoint: 6324 ns, Total: 143609 ns
[2024-02-06T01:44:47.152+0000][7][safepoint   ] Safepoint "Cleanup", Time since last: 49004864956 ns, Reaching safepoint: 65638 ns, At safepoint: 37214 ns, Total: 102852 ns
[2024-02-06T01:45:13.133+0000][7][gc,start    ] GC(106) Pause Young (Normal) (G1 Evacuation Pause)
[2024-02-06T01:45:13.133+0000][7][gc,task     ] GC(106) Using 8 workers of 8 for evacuation
[2024-02-06T01:45:13.133+0000][7][gc,age      ] GC(106) Desired survivor size 41943040 bytes, new threshold 15 (max threshold 15)
[2024-02-06T01:45:13.136+0000][7][gc,phases   ] GC(106)   Pre Evacuate Collection Set: 0.1ms
[2024-02-06T01:45:13.136+0000][7][gc,phases   ] GC(106)   Merge Heap Roots: 0.1ms
[2024-02-06T01:45:13.136+0000][7][gc,phases   ] GC(106)   Evacuate Collection Set: 1.9ms
[2024-02-06T01:45:13.136+0000][7][gc,phases   ] GC(106)   Post Evacuate Collection Set: 0.8ms
[2024-02-06T01:45:13.137+0000][7][gc,phases   ] GC(106)   Other: 0.1ms
[2024-02-06T01:45:13.137+0000][7][gc,age      ] GC(106) Age table with threshold 15 (max threshold 15)
[2024-02-06T01:45:13.137+0000][7][gc,age      ] GC(106) - age   1:     485288 bytes,     485288 total
[2024-02-06T01:45:13.137+0000][7][gc,age      ] GC(106) - age   2:       5544 bytes,     490832 total
[2024-02-06T01:45:13.137+0000][7][gc,age      ] GC(106) - age   3:       5704 bytes,     496536 total
[2024-02-06T01:45:13.137+0000][7][gc,age      ] GC(106) - age   4:      21296 bytes,     517832 total
[2024-02-06T01:45:13.137+0000][7][gc,age      ] GC(106) - age   5:     124824 bytes,     642656 total
[2024-02-06T01:45:13.137+0000][7][gc,age      ] GC(106) - age   6:      93104 bytes,     735760 total
[2024-02-06T01:45:13.137+0000][7][gc,age      ] GC(106) - age   7:        808 bytes,     736568 total
[2024-02-06T01:45:13.137+0000][7][gc,age      ] GC(106) - age  10:        376 bytes,     736944 total
[2024-02-06T01:45:13.137+0000][7][gc,age      ] GC(106) - age  11:       8200 bytes,     745144 total
[2024-02-06T01:45:13.137+0000][7][gc,age      ] GC(106) - age  13:       8136 bytes,     753280 total
[2024-02-06T01:45:13.137+0000][7][gc,age      ] GC(106) - age  14:        304 bytes,     753584 total
[2024-02-06T01:45:13.137+0000][7][gc,heap     ] GC(106) Eden regions: 152->0(152)
[2024-02-06T01:45:13.137+0000][7][gc,heap     ] GC(106) Survivor regions: 1->1(20)
[2024-02-06T01:45:13.137+0000][7][gc,heap     ] GC(106) Old regions: 23->23
[2024-02-06T01:45:13.137+0000][7][gc,heap     ] GC(106) Archive regions: 2->2
[2024-02-06T01:45:13.137+0000][7][gc,heap     ] GC(106) Humongous regions: 0->0
[2024-02-06T01:45:13.137+0000][7][gc,metaspace] GC(106) Metaspace: 127046K(130432K)->127046K(130432K) NonClass: 110477K(112256K)->110477K(112256K) Class: 16568K(18176K)->16568K(18176K)
[2024-02-06T01:45:13.137+0000][7][gc          ] GC(106) Pause Young (Normal) (G1 Evacuation Pause) 703M->94M(1024M) 3.373ms
[2024-02-06T01:45:13.137+0000][7][gc,cpu      ] GC(106) User=0.01s Sys=0.00s Real=0.00s
[2024-02-06T01:45:13.137+0000][7][safepoint   ] Safepoint "G1CollectForAllocation", Time since last: 25981331150 ns, Reaching safepoint: 64293 ns, At safepoint: 3464940 ns, Total: 3529233 ns
[2024-02-06T01:48:34.818+0000][7][gc,start    ] GC(107) Pause Young (Normal) (G1 Evacuation Pause)
[2024-02-06T01:48:34.818+0000][7][gc,task     ] GC(107) Using 8 workers of 8 for evacuation
[2024-02-06T01:48:34.818+0000][7][gc,age      ] GC(107) Desired survivor size 41943040 bytes, new threshold 15 (max threshold 15)
[2024-02-06T01:48:34.821+0000][7][gc,phases   ] GC(107)   Pre Evacuate Collection Set: 0.1ms
[2024-02-06T01:48:34.821+0000][7][gc,phases   ] GC(107)   Merge Heap Roots: 0.1ms
[2024-02-06T01:48:34.821+0000][7][gc,phases   ] GC(107)   Evacuate Collection Set: 1.3ms
[2024-02-06T01:48:34.821+0000][7][gc,phases   ] GC(107)   Post Evacuate Collection Set: 0.7ms
[2024-02-06T01:48:34.821+0000][7][gc,phases   ] GC(107)   Other: 0.1ms
[2024-02-06T01:48:34.821+0000][7][gc,age      ] GC(107) Age table with threshold 15 (max threshold 15)
[2024-02-06T01:48:34.821+0000][7][gc,age      ] GC(107) - age   1:    1927272 bytes,    1927272 total
[2024-02-06T01:48:34.821+0000][7][gc,age      ] GC(107) - age   2:       6176 bytes,    1933448 total
[2024-02-06T01:48:34.821+0000][7][gc,age      ] GC(107) - age   3:       2200 bytes,    1935648 total
[2024-02-06T01:48:34.821+0000][7][gc,age      ] GC(107) - age   4:       5640 bytes,    1941288 total
[2024-02-06T01:48:34.821+0000][7][gc,age      ] GC(107) - age   5:      21296 bytes,    1962584 total
[2024-02-06T01:48:34.821+0000][7][gc,age      ] GC(107) - age   6:     124824 bytes,    2087408 total
[2024-02-06T01:48:34.821+0000][7][gc,age      ] GC(107) - age   7:      93104 bytes,    2180512 total
[2024-02-06T01:48:34.821+0000][7][gc,age      ] GC(107) - age   8:        808 bytes,    2181320 total
[2024-02-06T01:48:34.821+0000][7][gc,age      ] GC(107) - age  11:        376 bytes,    2181696 total
[2024-02-06T01:48:34.821+0000][7][gc,age      ] GC(107) - age  12:       8200 bytes,    2189896 total
[2024-02-06T01:48:34.821+0000][7][gc,age      ] GC(107) - age  14:       8136 bytes,    2198032 total
[2024-02-06T01:48:34.821+0000][7][gc,age      ] GC(107) - age  15:        304 bytes,    2198336 total
[2024-02-06T01:48:34.821+0000][7][gc,heap     ] GC(107) Eden regions: 152->0(152)
[2024-02-06T01:48:34.821+0000][7][gc,heap     ] GC(107) Survivor regions: 1->1(20)
[2024-02-06T01:48:34.821+0000][7][gc,heap     ] GC(107) Old regions: 23->23
[2024-02-06T01:48:34.821+0000][7][gc,heap     ] GC(107) Archive regions: 2->2
[2024-02-06T01:48:34.821+0000][7][gc,heap     ] GC(107) Humongous regions: 0->0
[2024-02-06T01:48:34.821+0000][7][gc,metaspace] GC(107) Metaspace: 127046K(130432K)->127046K(130432K) NonClass: 110477K(112256K)->110477K(112256K) Class: 16568K(18176K)->16568K(18176K)
[2024-02-06T01:48:34.821+0000][7][gc          ] GC(107) Pause Young (Normal) (G1 Evacuation Pause) 702M->95M(1024M) 2.553ms
[2024-02-06T01:48:34.821+0000][7][gc,cpu      ] GC(107) User=0.02s Sys=0.00s Real=0.00s
[2024-02-06T01:48:34.821+0000][7][safepoint   ] Safepoint "G1CollectForAllocation", Time since last: 201681482999 ns, Reaching safepoint: 43559 ns, At safepoint: 2633187 ns, Total: 2676746 ns
[2024-02-06T01:51:53.192+0000][7][gc,start    ] GC(108) Pause Young (Normal) (G1 Evacuation Pause)
[2024-02-06T01:51:53.192+0000][7][gc,task     ] GC(108) Using 8 workers of 8 for evacuation
[2024-02-06T01:51:53.192+0000][7][gc,age      ] GC(108) Desired survivor size 41943040 bytes, new threshold 15 (max threshold 15)
[2024-02-06T01:51:53.196+0000][7][gc,phases   ] GC(108)   Pre Evacuate Collection Set: 0.1ms
[2024-02-06T01:51:53.196+0000][7][gc,phases   ] GC(108)   Merge Heap Roots: 0.1ms
[2024-02-06T01:51:53.196+0000][7][gc,phases   ] GC(108)   Evacuate Collection Set: 2.3ms
[2024-02-06T01:51:53.196+0000][7][gc,phases   ] GC(108)   Post Evacuate Collection Set: 0.6ms
[2024-02-06T01:51:53.196+0000][7][gc,phases   ] GC(108)   Other: 0.1ms
[2024-02-06T01:51:53.196+0000][7][gc,age      ] GC(108) Age table with threshold 15 (max threshold 15)
[2024-02-06T01:51:53.196+0000][7][gc,age      ] GC(108) - age   1:    1740616 bytes,    1740616 total
[2024-02-06T01:51:53.196+0000][7][gc,age      ] GC(108) - age   2:       2328 bytes,    1742944 total
[2024-02-06T01:51:53.196+0000][7][gc,age      ] GC(108) - age   3:       4984 bytes,    1747928 total
[2024-02-06T01:51:53.196+0000][7][gc,age      ] GC(108) - age   4:       1192 bytes,    1749120 total
[2024-02-06T01:51:53.196+0000][7][gc,age      ] GC(108) - age   5:       5640 bytes,    1754760 total
[2024-02-06T01:51:53.196+0000][7][gc,age      ] GC(108) - age   6:      21296 bytes,    1776056 total
[2024-02-06T01:51:53.196+0000][7][gc,age      ] GC(108) - age   7:     124792 bytes,    1900848 total
[2024-02-06T01:51:53.196+0000][7][gc,age      ] GC(108) - age   8:      93104 bytes,    1993952 total
[2024-02-06T01:51:53.196+0000][7][gc,age      ] GC(108) - age   9:        808 bytes,    1994760 total
[2024-02-06T01:51:53.196+0000][7][gc,age      ] GC(108) - age  12:        376 bytes,    1995136 total
[2024-02-06T01:51:53.196+0000][7][gc,age      ] GC(108) - age  13:       8200 bytes,    2003336 total
[2024-02-06T01:51:53.196+0000][7][gc,age      ] GC(108) - age  15:       8136 bytes,    2011472 total
[2024-02-06T01:51:53.196+0000][7][gc,heap     ] GC(108) Eden regions: 152->0(152)
[2024-02-06T01:51:53.196+0000][7][gc,heap     ] GC(108) Survivor regions: 1->1(20)
[2024-02-06T01:51:53.196+0000][7][gc,heap     ] GC(108) Old regions: 23->23
[2024-02-06T01:51:53.196+0000][7][gc,heap     ] GC(108) Archive regions: 2->2
[2024-02-06T01:51:53.196+0000][7][gc,heap     ] GC(108) Humongous regions: 0->0
[2024-02-06T01:51:53.196+0000][7][gc,metaspace] GC(108) Metaspace: 127046K(130432K)->127046K(130432K) NonClass: 110477K(112256K)->110477K(112256K) Class: 16568K(18176K)->16568K(18176K)
[2024-02-06T01:51:53.196+0000][7][gc          ] GC(108) Pause Young (Normal) (G1 Evacuation Pause) 703M->95M(1024M) 3.512ms
[2024-02-06T01:51:53.196+0000][7][gc,cpu      ] GC(108) User=0.02s Sys=0.00s Real=0.00s
[2024-02-06T01:51:53.196+0000][7][safepoint   ] Safepoint "G1CollectForAllocation", Time since last: 198371412799 ns, Reaching safepoint: 41653 ns, At safepoint: 3664003 ns, Total: 3705656 ns
[2024-02-06T01:51:54.196+0000][7][safepoint   ] Safepoint "Cleanup", Time since last: 1000091522 ns, Reaching safepoint: 57348 ns, At safepoint: 8120 ns, Total: 65468 ns
[2024-02-06T01:52:54.202+0000][7][safepoint   ] Safepoint "Cleanup", Time since last: 60006200533 ns, Reaching safepoint: 99389 ns, At safepoint: 10830 ns, Total: 110219 ns
[2024-02-06T01:54:16.211+0000][7][safepoint   ] Safepoint "Cleanup", Time since last: 82008163683 ns, Reaching safepoint: 121957 ns, At safepoint: 25756 ns, Total: 147713 ns
[2024-02-06T01:54:17.211+0000][7][safepoint   ] Safepoint "Cleanup", Time since last: 1000197818 ns, Reaching safepoint: 68481 ns, At safepoint: 6942 ns, Total: 75423 ns
[2024-02-06T01:55:04.267+0000][7][gc,start    ] GC(109) Pause Young (Normal) (G1 Evacuation Pause)
[2024-02-06T01:55:04.267+0000][7][gc,task     ] GC(109) Using 8 workers of 8 for evacuation
[2024-02-06T01:55:04.267+0000][7][gc,age      ] GC(109) Desired survivor size 41943040 bytes, new threshold 15 (max threshold 15)
[2024-02-06T01:55:04.269+0000][7][gc,phases   ] GC(109)   Pre Evacuate Collection Set: 0.1ms
[2024-02-06T01:55:04.269+0000][7][gc,phases   ] GC(109)   Merge Heap Roots: 0.0ms
[2024-02-06T01:55:04.269+0000][7][gc,phases   ] GC(109)   Evacuate Collection Set: 1.1ms
[2024-02-06T01:55:04.269+0000][7][gc,phases   ] GC(109)   Post Evacuate Collection Set: 0.6ms
[2024-02-06T01:55:04.269+0000][7][gc,phases   ] GC(109)   Other: 0.1ms
[2024-02-06T01:55:04.269+0000][7][gc,age      ] GC(109) Age table with threshold 15 (max threshold 15)
[2024-02-06T01:55:04.269+0000][7][gc,age      ] GC(109) - age   1:    2012688 bytes,    2012688 total
[2024-02-06T01:55:04.269+0000][7][gc,age      ] GC(109) - age   2:       3984 bytes,    2016672 total
[2024-02-06T01:55:04.269+0000][7][gc,age      ] GC(109) - age   3:        216 bytes,    2016888 total
[2024-02-06T01:55:04.269+0000][7][gc,age      ] GC(109) - age   4:       1392 bytes,    2018280 total
[2024-02-06T01:55:04.269+0000][7][gc,age      ] GC(109) - age   5:        504 bytes,    2018784 total
[2024-02-06T01:55:04.269+0000][7][gc,age      ] GC(109) - age   6:       5520 bytes,    2024304 total
[2024-02-06T01:55:04.269+0000][7][gc,age      ] GC(109) - age   7:      18632 bytes,    2042936 total
[2024-02-06T01:55:04.269+0000][7][gc,age      ] GC(109) - age   8:     124792 bytes,    2167728 total
[2024-02-06T01:55:04.269+0000][7][gc,age      ] GC(109) - age   9:      93104 bytes,    2260832 total
[2024-02-06T01:55:04.269+0000][7][gc,age      ] GC(109) - age  10:        624 bytes,    2261456 total
[2024-02-06T01:55:04.269+0000][7][gc,age      ] GC(109) - age  13:        376 bytes,    2261832 total
[2024-02-06T01:55:04.269+0000][7][gc,age      ] GC(109) - age  14:       8016 bytes,    2269848 total
[2024-02-06T01:55:04.269+0000][7][gc,heap     ] GC(109) Eden regions: 152->0(152)
[2024-02-06T01:55:04.269+0000][7][gc,heap     ] GC(109) Survivor regions: 1->1(20)
[2024-02-06T01:55:04.269+0000][7][gc,heap     ] GC(109) Old regions: 23->23
[2024-02-06T01:55:04.269+0000][7][gc,heap     ] GC(109) Archive regions: 2->2
[2024-02-06T01:55:04.269+0000][7][gc,heap     ] GC(109) Humongous regions: 0->0
[2024-02-06T01:55:04.269+0000][7][gc,metaspace] GC(109) Metaspace: 127047K(130432K)->127047K(130432K) NonClass: 110478K(112256K)->110478K(112256K) Class: 16568K(18176K)->16568K(18176K)
[2024-02-06T01:55:04.269+0000][7][gc          ] GC(109) Pause Young (Normal) (G1 Evacuation Pause) 703M->95M(1024M) 2.062ms
[2024-02-06T01:55:04.269+0000][7][gc,cpu      ] GC(109) User=0.00s Sys=0.00s Real=0.00s
[2024-02-06T01:55:04.269+0000][7][safepoint   ] Safepoint "G1CollectForAllocation", Time since last: 47056215663 ns, Reaching safepoint: 55499 ns, At safepoint: 2130542 ns, Total: 2186041 ns
[2024-02-06T01:58:28.217+0000][7][gc,start    ] GC(110) Pause Young (Normal) (G1 Evacuation Pause)
[2024-02-06T01:58:28.217+0000][7][gc,task     ] GC(110) Using 8 workers of 8 for evacuation
[2024-02-06T01:58:28.217+0000][7][gc,age      ] GC(110) Desired survivor size 41943040 bytes, new threshold 15 (max threshold 15)
[2024-02-06T01:58:28.219+0000][7][gc,phases   ] GC(110)   Pre Evacuate Collection Set: 0.1ms
[2024-02-06T01:58:28.219+0000][7][gc,phases   ] GC(110)   Merge Heap Roots: 0.1ms
[2024-02-06T01:58:28.219+0000][7][gc,phases   ] GC(110)   Evacuate Collection Set: 1.2ms
[2024-02-06T01:58:28.219+0000][7][gc,phases   ] GC(110)   Post Evacuate Collection Set: 0.5ms
[2024-02-06T01:58:28.219+0000][7][gc,phases   ] GC(110)   Other: 0.1ms
[2024-02-06T01:58:28.219+0000][7][gc,age      ] GC(110) Age table with threshold 15 (max threshold 15)
[2024-02-06T01:58:28.219+0000][7][gc,age      ] GC(110) - age   1:    1853568 bytes,    1853568 total
[2024-02-06T01:58:28.219+0000][7][gc,age      ] GC(110) - age   2:     159520 bytes,    2013088 total
[2024-02-06T01:58:28.219+0000][7][gc,age      ] GC(110) - age   3:       1840 bytes,    2014928 total
[2024-02-06T01:58:28.219+0000][7][gc,age      ] GC(110) - age   4:         24 bytes,    2014952 total
[2024-02-06T01:58:28.219+0000][7][gc,age      ] GC(110) - age   5:       1392 bytes,    2016344 total
[2024-02-06T01:58:28.219+0000][7][gc,age      ] GC(110) - age   6:        120 bytes,    2016464 total
[2024-02-06T01:58:28.219+0000][7][gc,age      ] GC(110) - age   7:       5520 bytes,    2021984 total
[2024-02-06T01:58:28.219+0000][7][gc,age      ] GC(110) - age   8:      18632 bytes,    2040616 total
[2024-02-06T01:58:28.219+0000][7][gc,age      ] GC(110) - age   9:     124792 bytes,    2165408 total
[2024-02-06T01:58:28.219+0000][7][gc,age      ] GC(110) - age  10:      93104 bytes,    2258512 total
[2024-02-06T01:58:28.219+0000][7][gc,age      ] GC(110) - age  11:        624 bytes,    2259136 total
[2024-02-06T01:58:28.219+0000][7][gc,age      ] GC(110) - age  14:        376 bytes,    2259512 total
[2024-02-06T01:58:28.219+0000][7][gc,age      ] GC(110) - age  15:       8016 bytes,    2267528 total
[2024-02-06T01:58:28.219+0000][7][gc,heap     ] GC(110) Eden regions: 152->0(152)
[2024-02-06T01:58:28.219+0000][7][gc,heap     ] GC(110) Survivor regions: 1->1(20)
[2024-02-06T01:58:28.219+0000][7][gc,heap     ] GC(110) Old regions: 23->23
[2024-02-06T01:58:28.219+0000][7][gc,heap     ] GC(110) Archive regions: 2->2
[2024-02-06T01:58:28.219+0000][7][gc,heap     ] GC(110) Humongous regions: 0->0
[2024-02-06T01:58:28.219+0000][7][gc,metaspace] GC(110) Metaspace: 127050K(130432K)->127050K(130432K) NonClass: 110481K(112256K)->110481K(112256K) Class: 16568K(18176K)->16568K(18176K)
[2024-02-06T01:58:28.219+0000][7][gc          ] GC(110) Pause Young (Normal) (G1 Evacuation Pause) 703M->95M(1024M) 2.090ms
[2024-02-06T01:58:28.219+0000][7][gc,cpu      ] GC(110) User=0.01s Sys=0.01s Real=0.00s
[2024-02-06T01:58:28.219+0000][7][safepoint   ] Safepoint "G1CollectForAllocation", Time since last: 203947336326 ns, Reaching safepoint: 43456 ns, At safepoint: 2155752 ns, Total: 2199208 ns
[2024-02-06T01:59:54.228+0000][7][safepoint   ] Safepoint "Cleanup", Time since last: 86009121746 ns, Reaching safepoint: 110217 ns, At safepoint: 7230 ns, Total: 117447 ns
[2024-02-06T02:01:46.259+0000][7][gc,start    ] GC(111) Pause Young (Normal) (G1 Evacuation Pause)
[2024-02-06T02:01:46.259+0000][7][gc,task     ] GC(111) Using 8 workers of 8 for evacuation
[2024-02-06T02:01:46.259+0000][7][gc,age      ] GC(111) Desired survivor size 41943040 bytes, new threshold 15 (max threshold 15)
[2024-02-06T02:01:46.262+0000][7][gc,phases   ] GC(111)   Pre Evacuate Collection Set: 0.1ms
[2024-02-06T02:01:46.262+0000][7][gc,phases   ] GC(111)   Merge Heap Roots: 0.1ms
[2024-02-06T02:01:46.262+0000][7][gc,phases   ] GC(111)   Evacuate Collection Set: 1.1ms
[2024-02-06T02:01:46.262+0000][7][gc,phases   ] GC(111)   Post Evacuate Collection Set: 0.7ms
[2024-02-06T02:01:46.262+0000][7][gc,phases   ] GC(111)   Other: 0.1ms
[2024-02-06T02:01:46.262+0000][7][gc,age      ] GC(111) Age table with threshold 15 (max threshold 15)
[2024-02-06T02:01:46.262+0000][7][gc,age      ] GC(111) - age   1:    1690712 bytes,    1690712 total
[2024-02-06T02:01:46.262+0000][7][gc,age      ] GC(111) - age   2:      11248 bytes,    1701960 total
[2024-02-06T02:01:46.262+0000][7][gc,age      ] GC(111) - age   3:     156952 bytes,    1858912 total
[2024-02-06T02:01:46.262+0000][7][gc,age      ] GC(111) - age   4:        808 bytes,    1859720 total
[2024-02-06T02:01:46.262+0000][7][gc,age      ] GC(111) - age   5:         24 bytes,    1859744 total
[2024-02-06T02:01:46.262+0000][7][gc,age      ] GC(111) - age   6:       1208 bytes,    1860952 total
[2024-02-06T02:01:46.262+0000][7][gc,age      ] GC(111) - age   7:         88 bytes,    1861040 total
[2024-02-06T02:01:46.262+0000][7][gc,age      ] GC(111) - age   8:       5336 bytes,    1866376 total
[2024-02-06T02:01:46.262+0000][7][gc,age      ] GC(111) - age   9:      18632 bytes,    1885008 total
[2024-02-06T02:01:46.262+0000][7][gc,age      ] GC(111) - age  10:     124792 bytes,    2009800 total
[2024-02-06T02:01:46.262+0000][7][gc,age      ] GC(111) - age  11:      93104 bytes,    2102904 total
[2024-02-06T02:01:46.262+0000][7][gc,age      ] GC(111) - age  12:        624 bytes,    2103528 total
[2024-02-06T02:01:46.262+0000][7][gc,age      ] GC(111) - age  15:        376 bytes,    2103904 total
[2024-02-06T02:01:46.262+0000][7][gc,heap     ] GC(111) Eden regions: 152->0(152)
[2024-02-06T02:01:46.262+0000][7][gc,heap     ] GC(111) Survivor regions: 1->1(20)
[2024-02-06T02:01:46.262+0000][7][gc,heap     ] GC(111) Old regions: 23->23
[2024-02-06T02:01:46.262+0000][7][gc,heap     ] GC(111) Archive regions: 2->2
[2024-02-06T02:01:46.262+0000][7][gc,heap     ] GC(111) Humongous regions: 0->0
[2024-02-06T02:01:46.262+0000][7][gc,metaspace] GC(111) Metaspace: 127052K(130432K)->127052K(130432K) NonClass: 110484K(112256K)->110484K(112256K) Class: 16568K(18176K)->16568K(18176K)
[2024-02-06T02:01:46.262+0000][7][gc          ] GC(111) Pause Young (Normal) (G1 Evacuation Pause) 703M->95M(1024M) 2.336ms
[2024-02-06T02:01:46.262+0000][7][gc,cpu      ] GC(111) User=0.01s Sys=0.00s Real=0.00s
[2024-02-06T02:01:46.262+0000][7][safepoint   ] Safepoint "G1CollectForAllocation", Time since last: 112031091078 ns, Reaching safepoint: 38811 ns, At safepoint: 2419509 ns, Total: 2458320 ns
[2024-02-06T02:05:07.179+0000][7][gc,start    ] GC(112) Pause Young (Normal) (G1 Evacuation Pause)
[2024-02-06T02:05:07.179+0000][7][gc,task     ] GC(112) Using 8 workers of 8 for evacuation
[2024-02-06T02:05:07.179+0000][7][gc,age      ] GC(112) Desired survivor size 41943040 bytes, new threshold 15 (max threshold 15)
[2024-02-06T02:05:07.181+0000][7][gc,phases   ] GC(112)   Pre Evacuate Collection Set: 0.1ms
[2024-02-06T02:05:07.181+0000][7][gc,phases   ] GC(112)   Merge Heap Roots: 0.1ms
[2024-02-06T02:05:07.181+0000][7][gc,phases   ] GC(112)   Evacuate Collection Set: 1.0ms
[2024-02-06T02:05:07.181+0000][7][gc,phases   ] GC(112)   Post Evacuate Collection Set: 0.7ms
[2024-02-06T02:05:07.181+0000][7][gc,phases   ] GC(112)   Other: 0.1ms
[2024-02-06T02:05:07.181+0000][7][gc,age      ] GC(112) Age table with threshold 15 (max threshold 15)
[2024-02-06T02:05:07.181+0000][7][gc,age      ] GC(112) - age   1:     408432 bytes,     408432 total
[2024-02-06T02:05:07.181+0000][7][gc,age      ] GC(112) - age   2:      12232 bytes,     420664 total
[2024-02-06T02:05:07.181+0000][7][gc,age      ] GC(112) - age   3:       8648 bytes,     429312 total
[2024-02-06T02:05:07.181+0000][7][gc,age      ] GC(112) - age   4:     153560 bytes,     582872 total
[2024-02-06T02:05:07.181+0000][7][gc,age      ] GC(112) - age   5:        808 bytes,     583680 total
[2024-02-06T02:05:07.181+0000][7][gc,age      ] GC(112) - age   6:         24 bytes,     583704 total
[2024-02-06T02:05:07.181+0000][7][gc,age      ] GC(112) - age   7:       1208 bytes,     584912 total
[2024-02-06T02:05:07.181+0000][7][gc,age      ] GC(112) - age   8:         88 bytes,     585000 total
[2024-02-06T02:05:07.181+0000][7][gc,age      ] GC(112) - age   9:       5336 bytes,     590336 total
[2024-02-06T02:05:07.181+0000][7][gc,age      ] GC(112) - age  10:      18632 bytes,     608968 total
[2024-02-06T02:05:07.181+0000][7][gc,age      ] GC(112) - age  11:     124792 bytes,     733760 total
[2024-02-06T02:05:07.181+0000][7][gc,age      ] GC(112) - age  12:      93104 bytes,     826864 total
[2024-02-06T02:05:07.181+0000][7][gc,age      ] GC(112) - age  13:        624 bytes,     827488 total
[2024-02-06T02:05:07.181+0000][7][gc,heap     ] GC(112) Eden regions: 152->0(152)
[2024-02-06T02:05:07.181+0000][7][gc,heap     ] GC(112) Survivor regions: 1->1(20)
[2024-02-06T02:05:07.181+0000][7][gc,heap     ] GC(112) Old regions: 23->23
[2024-02-06T02:05:07.181+0000][7][gc,heap     ] GC(112) Archive regions: 2->2
[2024-02-06T02:05:07.181+0000][7][gc,heap     ] GC(112) Humongous regions: 0->0
[2024-02-06T02:05:07.181+0000][7][gc,metaspace] GC(112) Metaspace: 127056K(130432K)->127056K(130432K) NonClass: 110487K(112256K)->110487K(112256K) Class: 16568K(18176K)->16568K(18176K)
[2024-02-06T02:05:07.182+0000][7][gc          ] GC(112) Pause Young (Normal) (G1 Evacuation Pause) 703M->94M(1024M) 2.263ms
[2024-02-06T02:05:07.182+0000][7][gc,cpu      ] GC(112) User=0.00s Sys=0.00s Real=0.00s
[2024-02-06T02:05:07.182+0000][7][safepoint   ] Safepoint "G1CollectForAllocation", Time since last: 200917393363 ns, Reaching safepoint: 49639 ns, At safepoint: 2358730 ns, Total: 2408369 ns
[2024-02-06T02:06:54.192+0000][7][safepoint   ] Safepoint "Cleanup", Time since last: 107009994719 ns, Reaching safepoint: 99913 ns, At safepoint: 12022 ns, Total: 111935 ns
[2024-02-06T02:07:59.199+0000][7][safepoint   ] Safepoint "Cleanup", Time since last: 65006889572 ns, Reaching safepoint: 92853 ns, At safepoint: 11894 ns, Total: 104747 ns
[2024-02-06T02:08:29.025+0000][7][gc,start    ] GC(113) Pause Young (Normal) (G1 Evacuation Pause)
[2024-02-06T02:08:29.025+0000][7][gc,task     ] GC(113) Using 8 workers of 8 for evacuation
[2024-02-06T02:08:29.025+0000][7][gc,age      ] GC(113) Desired survivor size 41943040 bytes, new threshold 15 (max threshold 15)
[2024-02-06T02:08:29.028+0000][7][gc,phases   ] GC(113)   Pre Evacuate Collection Set: 0.1ms
[2024-02-06T02:08:29.028+0000][7][gc,phases   ] GC(113)   Merge Heap Roots: 0.1ms
[2024-02-06T02:08:29.028+0000][7][gc,phases   ] GC(113)   Evacuate Collection Set: 1.8ms
[2024-02-06T02:08:29.028+0000][7][gc,phases   ] GC(113)   Post Evacuate Collection Set: 0.9ms
[2024-02-06T02:08:29.028+0000][7][gc,phases   ] GC(113)   Other: 0.1ms
[2024-02-06T02:08:29.028+0000][7][gc,age      ] GC(113) Age table with threshold 15 (max threshold 15)
[2024-02-06T02:08:29.028+0000][7][gc,age      ] GC(113) - age   1:    1846208 bytes,    1846208 total
[2024-02-06T02:08:29.028+0000][7][gc,age      ] GC(113) - age   2:       4640 bytes,    1850848 total
[2024-02-06T02:08:29.028+0000][7][gc,age      ] GC(113) - age   3:      10008 bytes,    1860856 total
[2024-02-06T02:08:29.028+0000][7][gc,age      ] GC(113) - age   4:        568 bytes,    1861424 total
[2024-02-06T02:08:29.028+0000][7][gc,age      ] GC(113) - age   5:     153560 bytes,    2014984 total
[2024-02-06T02:08:29.028+0000][7][gc,age      ] GC(113) - age   6:        808 bytes,    2015792 total
[2024-02-06T02:08:29.028+0000][7][gc,age      ] GC(113) - age   7:         24 bytes,    2015816 total
[2024-02-06T02:08:29.028+0000][7][gc,age      ] GC(113) - age   8:       1208 bytes,    2017024 total
[2024-02-06T02:08:29.028+0000][7][gc,age      ] GC(113) - age   9:         88 bytes,    2017112 total
[2024-02-06T02:08:29.029+0000][7][gc,age      ] GC(113) - age  10:       5336 bytes,    2022448 total
[2024-02-06T02:08:29.029+0000][7][gc,age      ] GC(113) - age  11:      18632 bytes,    2041080 total
[2024-02-06T02:08:29.029+0000][7][gc,age      ] GC(113) - age  12:     124792 bytes,    2165872 total
[2024-02-06T02:08:29.029+0000][7][gc,age      ] GC(113) - age  13:      93104 bytes,    2258976 total
[2024-02-06T02:08:29.029+0000][7][gc,age      ] GC(113) - age  14:        624 bytes,    2259600 total
[2024-02-06T02:08:29.029+0000][7][gc,heap     ] GC(113) Eden regions: 152->0(152)
[2024-02-06T02:08:29.029+0000][7][gc,heap     ] GC(113) Survivor regions: 1->1(20)
[2024-02-06T02:08:29.029+0000][7][gc,heap     ] GC(113) Old regions: 23->23
[2024-02-06T02:08:29.029+0000][7][gc,heap     ] GC(113) Archive regions: 2->2
[2024-02-06T02:08:29.029+0000][7][gc,heap     ] GC(113) Humongous regions: 0->0
[2024-02-06T02:08:29.029+0000][7][gc,metaspace] GC(113) Metaspace: 127056K(130432K)->127056K(130432K) NonClass: 110487K(112256K)->110487K(112256K) Class: 16568K(18176K)->16568K(18176K)
[2024-02-06T02:08:29.029+0000][7][gc          ] GC(113) Pause Young (Normal) (G1 Evacuation Pause) 702M->95M(1024M) 3.283ms
[2024-02-06T02:08:29.029+0000][7][gc,cpu      ] GC(113) User=0.01s Sys=0.00s Real=0.00s
[2024-02-06T02:08:29.029+0000][7][safepoint   ] Safepoint "G1CollectForAllocation", Time since last: 29826566513 ns, Reaching safepoint: 50074 ns, At safepoint: 3373844 ns, Total: 3423918 ns
[2024-02-06T02:09:47.037+0000][7][safepoint   ] Safepoint "Cleanup", Time since last: 78007827155 ns, Reaching safepoint: 89499 ns, At safepoint: 44574 ns, Total: 134073 ns
[2024-02-06T02:11:46.289+0000][7][gc,start    ] GC(114) Pause Young (Normal) (G1 Evacuation Pause)
[2024-02-06T02:11:46.289+0000][7][gc,task     ] GC(114) Using 8 workers of 8 for evacuation
[2024-02-06T02:11:46.289+0000][7][gc,age      ] GC(114) Desired survivor size 41943040 bytes, new threshold 15 (max threshold 15)
[2024-02-06T02:11:46.291+0000][7][gc,phases   ] GC(114)   Pre Evacuate Collection Set: 0.1ms
[2024-02-06T02:11:46.291+0000][7][gc,phases   ] GC(114)   Merge Heap Roots: 0.0ms
[2024-02-06T02:11:46.291+0000][7][gc,phases   ] GC(114)   Evacuate Collection Set: 1.2ms
[2024-02-06T02:11:46.291+0000][7][gc,phases   ] GC(114)   Post Evacuate Collection Set: 0.6ms
[2024-02-06T02:11:46.291+0000][7][gc,phases   ] GC(114)   Other: 0.1ms
[2024-02-06T02:11:46.291+0000][7][gc,age      ] GC(114) Age table with threshold 15 (max threshold 15)
[2024-02-06T02:11:46.291+0000][7][gc,age      ] GC(114) - age   1:    2120448 bytes,    2120448 total
[2024-02-06T02:11:46.291+0000][7][gc,age      ] GC(114) - age   2:       3240 bytes,    2123688 total
[2024-02-06T02:11:46.291+0000][7][gc,age      ] GC(114) - age   3:       3552 bytes,    2127240 total
[2024-02-06T02:11:46.291+0000][7][gc,age      ] GC(114) - age   4:       8768 bytes,    2136008 total
[2024-02-06T02:11:46.291+0000][7][gc,age      ] GC(114) - age   5:        384 bytes,    2136392 total
[2024-02-06T02:11:46.291+0000][7][gc,age      ] GC(114) - age   6:     153112 bytes,    2289504 total
[2024-02-06T02:11:46.291+0000][7][gc,age      ] GC(114) - age   7:        776 bytes,    2290280 total
[2024-02-06T02:11:46.291+0000][7][gc,age      ] GC(114) - age   8:         24 bytes,    2290304 total
[2024-02-06T02:11:46.291+0000][7][gc,age      ] GC(114) - age   9:       1208 bytes,    2291512 total
[2024-02-06T02:11:46.291+0000][7][gc,age      ] GC(114) - age  10:         88 bytes,    2291600 total
[2024-02-06T02:11:46.291+0000][7][gc,age      ] GC(114) - age  11:       5336 bytes,    2296936 total
[2024-02-06T02:11:46.291+0000][7][gc,age      ] GC(114) - age  12:      18632 bytes,    2315568 total
[2024-02-06T02:11:46.291+0000][7][gc,age      ] GC(114) - age  13:     124792 bytes,    2440360 total
[2024-02-06T02:11:46.291+0000][7][gc,age      ] GC(114) - age  14:      93104 bytes,    2533464 total
[2024-02-06T02:11:46.291+0000][7][gc,age      ] GC(114) - age  15:        624 bytes,    2534088 total
[2024-02-06T02:11:46.291+0000][7][gc,heap     ] GC(114) Eden regions: 152->0(152)
[2024-02-06T02:11:46.291+0000][7][gc,heap     ] GC(114) Survivor regions: 1->1(20)
[2024-02-06T02:11:46.291+0000][7][gc,heap     ] GC(114) Old regions: 23->23
[2024-02-06T02:11:46.291+0000][7][gc,heap     ] GC(114) Archive regions: 2->2
[2024-02-06T02:11:46.291+0000][7][gc,heap     ] GC(114) Humongous regions: 0->0
[2024-02-06T02:11:46.291+0000][7][gc,metaspace] GC(114) Metaspace: 127056K(130432K)->127056K(130432K) NonClass: 110487K(112256K)->110487K(112256K) Class: 16568K(18176K)->16568K(18176K)
[2024-02-06T02:11:46.291+0000][7][gc          ] GC(114) Pause Young (Normal) (G1 Evacuation Pause) 703M->96M(1024M) 2.258ms
[2024-02-06T02:11:46.291+0000][7][gc,cpu      ] GC(114) User=0.01s Sys=0.00s Real=0.00s
[2024-02-06T02:11:46.291+0000][7][safepoint   ] Safepoint "G1CollectForAllocation", Time since last: 119251871922 ns, Reaching safepoint: 64303 ns, At safepoint: 2326832 ns, Total: 2391135 ns
[2024-02-06T02:15:10.254+0000][7][gc,start    ] GC(115) Pause Young (Normal) (G1 Evacuation Pause)
[2024-02-06T02:15:10.254+0000][7][gc,task     ] GC(115) Using 8 workers of 8 for evacuation
[2024-02-06T02:15:10.254+0000][7][gc,age      ] GC(115) Desired survivor size 41943040 bytes, new threshold 15 (max threshold 15)
[2024-02-06T02:15:10.257+0000][7][gc,phases   ] GC(115)   Pre Evacuate Collection Set: 0.1ms
[2024-02-06T02:15:10.257+0000][7][gc,phases   ] GC(115)   Merge Heap Roots: 0.1ms
[2024-02-06T02:15:10.257+0000][7][gc,phases   ] GC(115)   Evacuate Collection Set: 1.6ms
[2024-02-06T02:15:10.257+0000][7][gc,phases   ] GC(115)   Post Evacuate Collection Set: 0.7ms
[2024-02-06T02:15:10.257+0000][7][gc,phases   ] GC(115)   Other: 0.1ms
[2024-02-06T02:15:10.257+0000][7][gc,age      ] GC(115) Age table with threshold 15 (max threshold 15)
[2024-02-06T02:15:10.257+0000][7][gc,age      ] GC(115) - age   1:    1866808 bytes,    1866808 total
[2024-02-06T02:15:10.257+0000][7][gc,age      ] GC(115) - age   2:      12072 bytes,    1878880 total
[2024-02-06T02:15:10.257+0000][7][gc,age      ] GC(115) - age   3:        640 bytes,    1879520 total
[2024-02-06T02:15:10.257+0000][7][gc,age      ] GC(115) - age   5:        688 bytes,    1880208 total
[2024-02-06T02:15:10.257+0000][7][gc,age      ] GC(115) - age   6:        384 bytes,    1880592 total
[2024-02-06T02:15:10.257+0000][7][gc,age      ] GC(115) - age   7:     153112 bytes,    2033704 total
[2024-02-06T02:15:10.257+0000][7][gc,age      ] GC(115) - age   8:        776 bytes,    2034480 total
[2024-02-06T02:15:10.257+0000][7][gc,age      ] GC(115) - age   9:         24 bytes,    2034504 total
[2024-02-06T02:15:10.257+0000][7][gc,age      ] GC(115) - age  10:       1208 bytes,    2035712 total
[2024-02-06T02:15:10.257+0000][7][gc,age      ] GC(115) - age  11:         88 bytes,    2035800 total
[2024-02-06T02:15:10.257+0000][7][gc,age      ] GC(115) - age  12:       5336 bytes,    2041136 total
[2024-02-06T02:15:10.257+0000][7][gc,age      ] GC(115) - age  13:      18632 bytes,    2059768 total
[2024-02-06T02:15:10.257+0000][7][gc,age      ] GC(115) - age  14:     124792 bytes,    2184560 total
[2024-02-06T02:15:10.257+0000][7][gc,age      ] GC(115) - age  15:      93104 bytes,    2277664 total
[2024-02-06T02:15:10.257+0000][7][gc,heap     ] GC(115) Eden regions: 152->0(152)
[2024-02-06T02:15:10.257+0000][7][gc,heap     ] GC(115) Survivor regions: 1->1(20)
[2024-02-06T02:15:10.257+0000][7][gc,heap     ] GC(115) Old regions: 23->23
[2024-02-06T02:15:10.257+0000][7][gc,heap     ] GC(115) Archive regions: 2->2
[2024-02-06T02:15:10.257+0000][7][gc,heap     ] GC(115) Humongous regions: 0->0
[2024-02-06T02:15:10.257+0000][7][gc,metaspace] GC(115) Metaspace: 127057K(130432K)->127057K(130432K) NonClass: 110488K(112256K)->110488K(112256K) Class: 16568K(18176K)->16568K(18176K)
[2024-02-06T02:15:10.257+0000][7][gc          ] GC(115) Pause Young (Normal) (G1 Evacuation Pause) 704M->95M(1024M) 2.805ms
[2024-02-06T02:15:10.257+0000][7][gc,cpu      ] GC(115) User=0.02s Sys=0.00s Real=0.00s
[2024-02-06T02:15:10.257+0000][7][safepoint   ] Safepoint "G1CollectForAllocation", Time since last: 203963102822 ns, Reaching safepoint: 50868 ns, At safepoint: 2885544 ns, Total: 2936412 ns
[2024-02-06T02:16:54.268+0000][7][safepoint   ] Safepoint "Cleanup", Time since last: 104010956935 ns, Reaching safepoint: 158673 ns, At safepoint: 31308 ns, Total: 189981 ns
[2024-02-06T02:18:37.218+0000][7][gc,start    ] GC(116) Pause Young (Normal) (G1 Evacuation Pause)
[2024-02-06T02:18:37.218+0000][7][gc,task     ] GC(116) Using 8 workers of 8 for evacuation
[2024-02-06T02:18:37.218+0000][7][gc,age      ] GC(116) Desired survivor size 41943040 bytes, new threshold 15 (max threshold 15)
[2024-02-06T02:18:37.221+0000][7][gc,phases   ] GC(116)   Pre Evacuate Collection Set: 0.4ms
[2024-02-06T02:18:37.221+0000][7][gc,phases   ] GC(116)   Merge Heap Roots: 0.1ms
[2024-02-06T02:18:37.221+0000][7][gc,phases   ] GC(116)   Evacuate Collection Set: 1.7ms
[2024-02-06T02:18:37.221+0000][7][gc,phases   ] GC(116)   Post Evacuate Collection Set: 0.8ms
[2024-02-06T02:18:37.221+0000][7][gc,phases   ] GC(116)   Other: 0.1ms
[2024-02-06T02:18:37.221+0000][7][gc,age      ] GC(116) Age table with threshold 15 (max threshold 15)
[2024-02-06T02:18:37.221+0000][7][gc,age      ] GC(116) - age   1:    1479800 bytes,    1479800 total
[2024-02-06T02:18:37.221+0000][7][gc,age      ] GC(116) - age   2:      13320 bytes,    1493120 total
[2024-02-06T02:18:37.221+0000][7][gc,age      ] GC(116) - age   3:       1720 bytes,    1494840 total
[2024-02-06T02:18:37.221+0000][7][gc,age      ] GC(116) - age   4:        576 bytes,    1495416 total
[2024-02-06T02:18:37.221+0000][7][gc,age      ] GC(116) - age   6:        688 bytes,    1496104 total
[2024-02-06T02:18:37.221+0000][7][gc,age      ] GC(116) - age   8:     152928 bytes,    1649032 total
[2024-02-06T02:18:37.221+0000][7][gc,age      ] GC(116) - age   9:        776 bytes,    1649808 total
[2024-02-06T02:18:37.221+0000][7][gc,age      ] GC(116) - age  10:         24 bytes,    1649832 total
[2024-02-06T02:18:37.221+0000][7][gc,age      ] GC(116) - age  11:       1208 bytes,    1651040 total
[2024-02-06T02:18:37.221+0000][7][gc,age      ] GC(116) - age  12:         88 bytes,    1651128 total
[2024-02-06T02:18:37.221+0000][7][gc,age      ] GC(116) - age  13:       5336 bytes,    1656464 total
[2024-02-06T02:18:37.221+0000][7][gc,age      ] GC(116) - age  14:      18632 bytes,    1675096 total
[2024-02-06T02:18:37.221+0000][7][gc,age      ] GC(116) - age  15:     124792 bytes,    1799888 total
[2024-02-06T02:18:37.221+0000][7][gc,heap     ] GC(116) Eden regions: 152->0(152)
[2024-02-06T02:18:37.221+0000][7][gc,heap     ] GC(116) Survivor regions: 1->1(20)
[2024-02-06T02:18:37.221+0000][7][gc,heap     ] GC(116) Old regions: 23->23
[2024-02-06T02:18:37.221+0000][7][gc,heap     ] GC(116) Archive regions: 2->2
[2024-02-06T02:18:37.221+0000][7][gc,heap     ] GC(116) Humongous regions: 0->0
[2024-02-06T02:18:37.221+0000][7][gc,metaspace] GC(116) Metaspace: 127057K(130432K)->127057K(130432K) NonClass: 110488K(112256K)->110488K(112256K) Class: 16568K(18176K)->16568K(18176K)
[2024-02-06T02:18:37.221+0000][7][gc          ] GC(116) Pause Young (Normal) (G1 Evacuation Pause) 703M->95M(1024M) 3.498ms
[2024-02-06T02:18:37.221+0000][7][gc,cpu      ] GC(116) User=0.01s Sys=0.00s Real=0.00s
[2024-02-06T02:18:37.221+0000][7][safepoint   ] Safepoint "G1CollectForAllocation", Time since last: 102949329409 ns, Reaching safepoint: 69446 ns, At safepoint: 3595987 ns, Total: 3665433 ns
[2024-02-06T02:21:42.240+0000][7][safepoint   ] Safepoint "Cleanup", Time since last: 185019271770 ns, Reaching safepoint: 95067 ns, At safepoint: 8146 ns, Total: 103213 ns
[2024-02-06T02:21:46.554+0000][7][gc,start    ] GC(117) Pause Young (Normal) (G1 Evacuation Pause)
[2024-02-06T02:21:46.554+0000][7][gc,task     ] GC(117) Using 8 workers of 8 for evacuation
[2024-02-06T02:21:46.554+0000][7][gc,age      ] GC(117) Desired survivor size 41943040 bytes, new threshold 15 (max threshold 15)
[2024-02-06T02:21:46.556+0000][7][gc,phases   ] GC(117)   Pre Evacuate Collection Set: 0.1ms
[2024-02-06T02:21:46.556+0000][7][gc,phases   ] GC(117)   Merge Heap Roots: 0.1ms
[2024-02-06T02:21:46.556+0000][7][gc,phases   ] GC(117)   Evacuate Collection Set: 1.5ms
[2024-02-06T02:21:46.556+0000][7][gc,phases   ] GC(117)   Post Evacuate Collection Set: 0.7ms
[2024-02-06T02:21:46.556+0000][7][gc,phases   ] GC(117)   Other: 0.1ms
[2024-02-06T02:21:46.556+0000][7][gc,age      ] GC(117) Age table with threshold 15 (max threshold 15)
[2024-02-06T02:21:46.556+0000][7][gc,age      ] GC(117) - age   1:    1911552 bytes,    1911552 total
[2024-02-06T02:21:46.556+0000][7][gc,age      ] GC(117) - age   2:      10672 bytes,    1922224 total
[2024-02-06T02:21:46.556+0000][7][gc,age      ] GC(117) - age   3:      11464 bytes,    1933688 total
[2024-02-06T02:21:46.556+0000][7][gc,age      ] GC(117) - age   4:        632 bytes,    1934320 total
[2024-02-06T02:21:46.556+0000][7][gc,age      ] GC(117) - age   5:        264 bytes,    1934584 total
[2024-02-06T02:21:46.556+0000][7][gc,age      ] GC(117) - age   7:        656 bytes,    1935240 total
[2024-02-06T02:21:46.556+0000][7][gc,age      ] GC(117) - age   9:     152928 bytes,    2088168 total
[2024-02-06T02:21:46.556+0000][7][gc,age      ] GC(117) - age  10:        776 bytes,    2088944 total
[2024-02-06T02:21:46.556+0000][7][gc,age      ] GC(117) - age  11:         24 bytes,    2088968 total
[2024-02-06T02:21:46.556+0000][7][gc,age      ] GC(117) - age  12:       1208 bytes,    2090176 total
[2024-02-06T02:21:46.556+0000][7][gc,age      ] GC(117) - age  13:         88 bytes,    2090264 total
[2024-02-06T02:21:46.556+0000][7][gc,age      ] GC(117) - age  14:       5336 bytes,    2095600 total
[2024-02-06T02:21:46.556+0000][7][gc,age      ] GC(117) - age  15:      18632 bytes,    2114232 total
[2024-02-06T02:21:46.556+0000][7][gc,heap     ] GC(117) Eden regions: 152->0(152)
[2024-02-06T02:21:46.556+0000][7][gc,heap     ] GC(117) Survivor regions: 1->1(20)
[2024-02-06T02:21:46.556+0000][7][gc,heap     ] GC(117) Old regions: 23->23
[2024-02-06T02:21:46.556+0000][7][gc,heap     ] GC(117) Archive regions: 2->2
[2024-02-06T02:21:46.556+0000][7][gc,heap     ] GC(117) Humongous regions: 0->0
[2024-02-06T02:21:46.556+0000][7][gc,metaspace] GC(117) Metaspace: 127059K(130432K)->127059K(130432K) NonClass: 110490K(112256K)->110490K(112256K) Class: 16568K(18176K)->16568K(18176K)
[2024-02-06T02:21:46.556+0000][7][gc          ] GC(117) Pause Young (Normal) (G1 Evacuation Pause) 703M->95M(1024M) 2.676ms
[2024-02-06T02:21:46.556+0000][7][gc,cpu      ] GC(117) User=0.01s Sys=0.01s Real=0.00s
[2024-02-06T02:21:46.556+0000][7][safepoint   ] Safepoint "G1CollectForAllocation", Time since last: 4313151505 ns, Reaching safepoint: 43627 ns, At safepoint: 2762648 ns, Total: 2806275 ns
[2024-02-06T02:24:53.577+0000][7][safepoint   ] Safepoint "Cleanup", Time since last: 187020303810 ns, Reaching safepoint: 45132 ns, At safepoint: 30141 ns, Total: 75273 ns
[2024-02-06T02:25:10.282+0000][7][gc,start    ] GC(118) Pause Young (Normal) (G1 Evacuation Pause)
[2024-02-06T02:25:10.282+0000][7][gc,task     ] GC(118) Using 8 workers of 8 for evacuation
[2024-02-06T02:25:10.282+0000][7][gc,age      ] GC(118) Desired survivor size 41943040 bytes, new threshold 15 (max threshold 15)
[2024-02-06T02:25:10.285+0000][7][gc,phases   ] GC(118)   Pre Evacuate Collection Set: 0.1ms
[2024-02-06T02:25:10.285+0000][7][gc,phases   ] GC(118)   Merge Heap Roots: 0.1ms
[2024-02-06T02:25:10.285+0000][7][gc,phases   ] GC(118)   Evacuate Collection Set: 2.1ms
[2024-02-06T02:25:10.285+0000][7][gc,phases   ] GC(118)   Post Evacuate Collection Set: 0.7ms
[2024-02-06T02:25:10.285+0000][7][gc,phases   ] GC(118)   Other: 0.1ms
[2024-02-06T02:25:10.285+0000][7][gc,age      ] GC(118) Age table with threshold 15 (max threshold 15)
[2024-02-06T02:25:10.285+0000][7][gc,age      ] GC(118) - age   1:    1368632 bytes,    1368632 total
[2024-02-06T02:25:10.285+0000][7][gc,age      ] GC(118) - age   2:       4216 bytes,    1372848 total
[2024-02-06T02:25:10.285+0000][7][gc,age      ] GC(118) - age   3:       1080 bytes,    1373928 total
[2024-02-06T02:25:10.285+0000][7][gc,age      ] GC(118) - age   4:       8200 bytes,    1382128 total
[2024-02-06T02:25:10.285+0000][7][gc,age      ] GC(118) - age   5:        240 bytes,    1382368 total
[2024-02-06T02:25:10.285+0000][7][gc,age      ] GC(118) - age   6:        264 bytes,    1382632 total
[2024-02-06T02:25:10.285+0000][7][gc,age      ] GC(118) - age   8:        656 bytes,    1383288 total
[2024-02-06T02:25:10.285+0000][7][gc,age      ] GC(118) - age  10:     152928 bytes,    1536216 total
[2024-02-06T02:25:10.285+0000][7][gc,age      ] GC(118) - age  11:        776 bytes,    1536992 total
[2024-02-06T02:25:10.285+0000][7][gc,age      ] GC(118) - age  12:         24 bytes,    1537016 total
[2024-02-06T02:25:10.285+0000][7][gc,age      ] GC(118) - age  13:       1208 bytes,    1538224 total
[2024-02-06T02:25:10.285+0000][7][gc,age      ] GC(118) - age  14:         88 bytes,    1538312 total
[2024-02-06T02:25:10.285+0000][7][gc,age      ] GC(118) - age  15:       5336 bytes,    1543648 total
[2024-02-06T02:25:10.285+0000][7][gc,heap     ] GC(118) Eden regions: 152->0(152)
[2024-02-06T02:25:10.285+0000][7][gc,heap     ] GC(118) Survivor regions: 1->1(20)
[2024-02-06T02:25:10.285+0000][7][gc,heap     ] GC(118) Old regions: 23->23
[2024-02-06T02:25:10.285+0000][7][gc,heap     ] GC(118) Archive regions: 2->2
[2024-02-06T02:25:10.285+0000][7][gc,heap     ] GC(118) Humongous regions: 0->0
[2024-02-06T02:25:10.285+0000][7][gc,metaspace] GC(118) Metaspace: 127059K(130432K)->127059K(130432K) NonClass: 110490K(112256K)->110490K(112256K) Class: 16568K(18176K)->16568K(18176K)
[2024-02-06T02:25:10.285+0000][7][gc          ] GC(118) Pause Young (Normal) (G1 Evacuation Pause) 703M->95M(1024M) 3.426ms
[2024-02-06T02:25:10.285+0000][7][gc,cpu      ] GC(118) User=0.01s Sys=0.00s Real=0.01s
[2024-02-06T02:25:10.285+0000][7][safepoint   ] Safepoint "G1CollectForAllocation", Time since last: 16704688070 ns, Reaching safepoint: 70272 ns, At safepoint: 3526593 ns, Total: 3596865 ns
[2024-02-06T02:26:05.291+0000][7][safepoint   ] Safepoint "Cleanup", Time since last: 55005374027 ns, Reaching safepoint: 79336 ns, At safepoint: 8989 ns, Total: 88325 ns
[2024-02-06T02:28:34.252+0000][7][gc,start    ] GC(119) Pause Young (Normal) (G1 Evacuation Pause)
[2024-02-06T02:28:34.252+0000][7][gc,task     ] GC(119) Using 8 workers of 8 for evacuation
[2024-02-06T02:28:34.252+0000][7][gc,age      ] GC(119) Desired survivor size 41943040 bytes, new threshold 15 (max threshold 15)
[2024-02-06T02:28:34.254+0000][7][gc,phases   ] GC(119)   Pre Evacuate Collection Set: 0.1ms
[2024-02-06T02:28:34.254+0000][7][gc,phases   ] GC(119)   Merge Heap Roots: 0.1ms
[2024-02-06T02:28:34.254+0000][7][gc,phases   ] GC(119)   Evacuate Collection Set: 1.4ms
[2024-02-06T02:28:34.254+0000][7][gc,phases   ] GC(119)   Post Evacuate Collection Set: 0.8ms
[2024-02-06T02:28:34.254+0000][7][gc,phases   ] GC(119)   Other: 0.1ms
[2024-02-06T02:28:34.254+0000][7][gc,age      ] GC(119) Age table with threshold 15 (max threshold 15)
[2024-02-06T02:28:34.254+0000][7][gc,age      ] GC(119) - age   1:    1362816 bytes,    1362816 total
[2024-02-06T02:28:34.254+0000][7][gc,age      ] GC(119) - age   2:       5592 bytes,    1368408 total
[2024-02-06T02:28:34.254+0000][7][gc,age      ] GC(119) - age   3:       1456 bytes,    1369864 total
[2024-02-06T02:28:34.254+0000][7][gc,age      ] GC(119) - age   4:        632 bytes,    1370496 total
[2024-02-06T02:28:34.254+0000][7][gc,age      ] GC(119) - age   5:       8200 bytes,    1378696 total
[2024-02-06T02:28:34.254+0000][7][gc,age      ] GC(119) - age   6:        208 bytes,    1378904 total
[2024-02-06T02:28:34.254+0000][7][gc,age      ] GC(119) - age   7:        264 bytes,    1379168 total
[2024-02-06T02:28:34.254+0000][7][gc,age      ] GC(119) - age   9:        656 bytes,    1379824 total
[2024-02-06T02:28:34.254+0000][7][gc,age      ] GC(119) - age  11:     144912 bytes,    1524736 total
[2024-02-06T02:28:34.254+0000][7][gc,age      ] GC(119) - age  12:        776 bytes,    1525512 total
[2024-02-06T02:28:34.254+0000][7][gc,age      ] GC(119) - age  13:         24 bytes,    1525536 total
[2024-02-06T02:28:34.254+0000][7][gc,age      ] GC(119) - age  14:       1208 bytes,    1526744 total
[2024-02-06T02:28:34.254+0000][7][gc,age      ] GC(119) - age  15:         88 bytes,    1526832 total
[2024-02-06T02:28:34.254+0000][7][gc,heap     ] GC(119) Eden regions: 152->0(152)
[2024-02-06T02:28:34.254+0000][7][gc,heap     ] GC(119) Survivor regions: 1->1(20)
[2024-02-06T02:28:34.254+0000][7][gc,heap     ] GC(119) Old regions: 23->23
[2024-02-06T02:28:34.254+0000][7][gc,heap     ] GC(119) Archive regions: 2->2
[2024-02-06T02:28:34.254+0000][7][gc,heap     ] GC(119) Humongous regions: 0->0
[2024-02-06T02:28:34.254+0000][7][gc,metaspace] GC(119) Metaspace: 127060K(130432K)->127060K(130432K) NonClass: 110491K(112256K)->110491K(112256K) Class: 16568K(18176K)->16568K(18176K)
[2024-02-06T02:28:34.254+0000][7][gc          ] GC(119) Pause Young (Normal) (G1 Evacuation Pause) 703M->95M(1024M) 2.844ms
[2024-02-06T02:28:34.254+0000][7][gc,cpu      ] GC(119) User=0.01s Sys=0.00s Real=0.00s
[2024-02-06T02:28:34.254+0000][7][safepoint   ] Safepoint "G1CollectForAllocation", Time since last: 148960864792 ns, Reaching safepoint: 89376 ns, At safepoint: 2947332 ns, Total: 3036708 ns
[2024-02-06T02:28:43.256+0000][7][safepoint   ] Safepoint "Cleanup", Time since last: 9001118165 ns, Reaching safepoint: 65096 ns, At safepoint: 19150 ns, Total: 84246 ns
[2024-02-06T02:28:46.256+0000][7][safepoint   ] Safepoint "Cleanup", Time since last: 3000266248 ns, Reaching safepoint: 86463 ns, At safepoint: 13725 ns, Total: 100188 ns
[2024-02-06T02:28:47.256+0000][7][safepoint   ] Safepoint "Cleanup", Time since last: 1000131820 ns, Reaching safepoint: 76603 ns, At safepoint: 4997 ns, Total: 81600 ns
[2024-02-06T02:28:52.257+0000][7][safepoint   ] Safepoint "Cleanup", Time since last: 5000546909 ns, Reaching safepoint: 92585 ns, At safepoint: 9836 ns, Total: 102421 ns
[2024-02-06T02:28:53.257+0000][7][safepoint   ] Safepoint "Cleanup", Time since last: 1000136816 ns, Reaching safepoint: 75192 ns, At safepoint: 7768 ns, Total: 82960 ns
[2024-02-06T02:28:54.257+0000][7][safepoint   ] Safepoint "Cleanup", Time since last: 1000157080 ns, Reaching safepoint: 51635 ns, At safepoint: 5923 ns, Total: 57558 ns
[2024-02-06T02:28:55.258+0000][7][safepoint   ] Safepoint "Cleanup", Time since last: 1000153388 ns, Reaching safepoint: 78974 ns, At safepoint: 4805 ns, Total: 83779 ns
[2024-02-06T02:28:59.258+0000][7][safepoint   ] Safepoint "Cleanup", Time since last: 4000659520 ns, Reaching safepoint: 100476 ns, At safepoint: 7165 ns, Total: 107641 ns
[2024-02-06T02:29:04.259+0000][7][safepoint   ] Safepoint "Cleanup", Time since last: 5000746043 ns, Reaching safepoint: 132788 ns, At safepoint: 9816 ns, Total: 142604 ns
[2024-02-06T02:29:05.260+0000][7][safepoint   ] Safepoint "Cleanup", Time since last: 1000243793 ns, Reaching safepoint: 95108 ns, At safepoint: 17624 ns, Total: 112732 ns
[2024-02-06T02:29:06.260+0000][7][safepoint   ] Safepoint "Cleanup", Time since last: 1000141005 ns, Reaching safepoint: 80734 ns, At safepoint: 15454 ns, Total: 96188 ns
[2024-02-06T02:29:07.260+0000][7][safepoint   ] Safepoint "Cleanup", Time since last: 1000182678 ns, Reaching safepoint: 72681 ns, At safepoint: 5362 ns, Total: 78043 ns
[2024-02-06T02:29:17.261+0000][7][safepoint   ] Safepoint "Cleanup", Time since last: 10001065044 ns, Reaching safepoint: 76829 ns, At safepoint: 6625 ns, Total: 83454 ns
[2024-02-06T02:29:19.261+0000][7][safepoint   ] Safepoint "Cleanup", Time since last: 2000232599 ns, Reaching safepoint: 59432 ns, At safepoint: 5981 ns, Total: 65413 ns
[2024-02-06T02:29:20.262+0000][7][safepoint   ] Safepoint "Cleanup", Time since last: 1000118140 ns, Reaching safepoint: 80979 ns, At safepoint: 6917 ns, Total: 87896 ns
[2024-02-06T02:29:23.262+0000][7][safepoint   ] Safepoint "Cleanup", Time since last: 3000396404 ns, Reaching safepoint: 108050 ns, At safepoint: 33641 ns, Total: 141691 ns
[2024-02-06T02:29:54.266+0000][7][safepoint   ] Safepoint "Cleanup", Time since last: 31003302765 ns, Reaching safepoint: 66180 ns, At safepoint: 46479 ns, Total: 112659 ns
[2024-02-06T02:30:13.268+0000][7][safepoint   ] Safepoint "Cleanup", Time since last: 19001812636 ns, Reaching safepoint: 54955 ns, At safepoint: 6933 ns, Total: 61888 ns
[2024-02-06T02:31:22.275+0000][7][safepoint   ] Safepoint "Cleanup", Time since last: 69007475050 ns, Reaching safepoint: 94870 ns, At safepoint: 19316 ns, Total: 114186 ns
[2024-02-06T02:31:46.310+0000][7][gc,start    ] GC(120) Pause Young (Normal) (G1 Evacuation Pause)
[2024-02-06T02:31:46.310+0000][7][gc,task     ] GC(120) Using 8 workers of 8 for evacuation
[2024-02-06T02:31:46.310+0000][7][gc,age      ] GC(120) Desired survivor size 41943040 bytes, new threshold 15 (max threshold 15)
[2024-02-06T02:31:46.316+0000][7][gc,phases   ] GC(120)   Pre Evacuate Collection Set: 0.1ms
[2024-02-06T02:31:46.316+0000][7][gc,phases   ] GC(120)   Merge Heap Roots: 0.1ms
[2024-02-06T02:31:46.316+0000][7][gc,phases   ] GC(120)   Evacuate Collection Set: 3.9ms
[2024-02-06T02:31:46.316+0000][7][gc,phases   ] GC(120)   Post Evacuate Collection Set: 1.7ms
[2024-02-06T02:31:46.316+0000][7][gc,phases   ] GC(120)   Other: 0.1ms
[2024-02-06T02:31:46.316+0000][7][gc,age      ] GC(120) Age table with threshold 15 (max threshold 15)
[2024-02-06T02:31:46.316+0000][7][gc,age      ] GC(120) - age   1:    2224240 bytes,    2224240 total
[2024-02-06T02:31:46.316+0000][7][gc,age      ] GC(120) - age   2:     110560 bytes,    2334800 total
[2024-02-06T02:31:46.316+0000][7][gc,age      ] GC(120) - age   3:       3800 bytes,    2338600 total
[2024-02-06T02:31:46.316+0000][7][gc,age      ] GC(120) - age   4:        184 bytes,    2338784 total
[2024-02-06T02:31:46.316+0000][7][gc,age      ] GC(120) - age   5:        568 bytes,    2339352 total
[2024-02-06T02:31:46.316+0000][7][gc,age      ] GC(120) - age   6:       8016 bytes,    2347368 total
[2024-02-06T02:31:46.316+0000][7][gc,age      ] GC(120) - age   7:        152 bytes,    2347520 total
[2024-02-06T02:31:46.316+0000][7][gc,age      ] GC(120) - age   8:        264 bytes,    2347784 total
[2024-02-06T02:31:46.316+0000][7][gc,age      ] GC(120) - age  10:        656 bytes,    2348440 total
[2024-02-06T02:31:46.316+0000][7][gc,age      ] GC(120) - age  12:     144912 bytes,    2493352 total
[2024-02-06T02:31:46.316+0000][7][gc,age      ] GC(120) - age  13:        592 bytes,    2493944 total
[2024-02-06T02:31:46.316+0000][7][gc,age      ] GC(120) - age  14:         24 bytes,    2493968 total
[2024-02-06T02:31:46.316+0000][7][gc,age      ] GC(120) - age  15:       1120 bytes,    2495088 total
[2024-02-06T02:31:46.316+0000][7][gc,heap     ] GC(120) Eden regions: 152->0(152)
[2024-02-06T02:31:46.316+0000][7][gc,heap     ] GC(120) Survivor regions: 1->1(20)
[2024-02-06T02:31:46.316+0000][7][gc,heap     ] GC(120) Old regions: 23->23
[2024-02-06T02:31:46.316+0000][7][gc,heap     ] GC(120) Archive regions: 2->2
[2024-02-06T02:31:46.316+0000][7][gc,heap     ] GC(120) Humongous regions: 0->0
[2024-02-06T02:31:46.316+0000][7][gc,metaspace] GC(120) Metaspace: 127091K(130496K)->127091K(130496K) NonClass: 110518K(112320K)->110518K(112320K) Class: 16572K(18176K)->16572K(18176K)
[2024-02-06T02:31:46.316+0000][7][gc          ] GC(120) Pause Young (Normal) (G1 Evacuation Pause) 703M->96M(1024M) 6.326ms
[2024-02-06T02:31:46.316+0000][7][gc,cpu      ] GC(120) User=0.02s Sys=0.00s Real=0.01s
[2024-02-06T02:31:46.316+0000][7][safepoint   ] Safepoint "G1CollectForAllocation", Time since last: 24034397287 ns, Reaching safepoint: 76094 ns, At safepoint: 6440146 ns, Total: 6516240 ns
[2024-02-06T02:31:47.316+0000][7][safepoint   ] Safepoint "Cleanup", Time since last: 1000175931 ns, Reaching safepoint: 98020 ns, At safepoint: 18747 ns, Total: 116767 ns
[2024-02-06T02:31:49.317+0000][7][safepoint   ] Safepoint "Cleanup", Time since last: 2000241801 ns, Reaching safepoint: 68476 ns, At safepoint: 7238 ns, Total: 75714 ns
[2024-02-06T02:32:34.322+0000][7][safepoint   ] Safepoint "Cleanup", Time since last: 45005658993 ns, Reaching safepoint: 92150 ns, At safepoint: 16473 ns, Total: 108623 ns
[2024-02-06T02:33:25.329+0000][7][safepoint   ] Safepoint "Cleanup", Time since last: 51006105508 ns, Reaching safepoint: 85452 ns, At safepoint: 6095 ns, Total: 91547 ns
[2024-02-06T02:34:48.337+0000][7][safepoint   ] Safepoint "Cleanup", Time since last: 83008539882 ns, Reaching safepoint: 72628 ns, At safepoint: 39741 ns, Total: 112369 ns
[2024-02-06T02:35:13.267+0000][7][gc,start    ] GC(121) Pause Young (Normal) (G1 Evacuation Pause)
[2024-02-06T02:35:13.267+0000][7][gc,task     ] GC(121) Using 8 workers of 8 for evacuation
[2024-02-06T02:35:13.267+0000][7][gc,age      ] GC(121) Desired survivor size 41943040 bytes, new threshold 15 (max threshold 15)
[2024-02-06T02:35:13.270+0000][7][gc,phases   ] GC(121)   Pre Evacuate Collection Set: 0.1ms
[2024-02-06T02:35:13.270+0000][7][gc,phases   ] GC(121)   Merge Heap Roots: 0.1ms
[2024-02-06T02:35:13.270+0000][7][gc,phases   ] GC(121)   Evacuate Collection Set: 1.9ms
[2024-02-06T02:35:13.270+0000][7][gc,phases   ] GC(121)   Post Evacuate Collection Set: 0.8ms
[2024-02-06T02:35:13.270+0000][7][gc,phases   ] GC(121)   Other: 0.1ms
[2024-02-06T02:35:13.270+0000][7][gc,age      ] GC(121) Age table with threshold 15 (max threshold 15)
[2024-02-06T02:35:13.270+0000][7][gc,age      ] GC(121) - age   1:    1438568 bytes,    1438568 total
[2024-02-06T02:35:13.270+0000][7][gc,age      ] GC(121) - age   2:     115368 bytes,    1553936 total
[2024-02-06T02:35:13.270+0000][7][gc,age      ] GC(121) - age   3:     100496 bytes,    1654432 total
[2024-02-06T02:35:13.270+0000][7][gc,age      ] GC(121) - age   4:        600 bytes,    1655032 total
[2024-02-06T02:35:13.270+0000][7][gc,age      ] GC(121) - age   5:        184 bytes,    1655216 total
[2024-02-06T02:35:13.271+0000][7][gc,age      ] GC(121) - age   6:        384 bytes,    1655600 total
[2024-02-06T02:35:13.271+0000][7][gc,age      ] GC(121) - age   7:       8016 bytes,    1663616 total
[2024-02-06T02:35:13.271+0000][7][gc,age      ] GC(121) - age   8:        152 bytes,    1663768 total
[2024-02-06T02:35:13.271+0000][7][gc,age      ] GC(121) - age   9:        264 bytes,    1664032 total
[2024-02-06T02:35:13.271+0000][7][gc,age      ] GC(121) - age  11:        656 bytes,    1664688 total
[2024-02-06T02:35:13.271+0000][7][gc,age      ] GC(121) - age  13:     144912 bytes,    1809600 total
[2024-02-06T02:35:13.271+0000][7][gc,age      ] GC(121) - age  14:        592 bytes,    1810192 total
[2024-02-06T02:35:13.271+0000][7][gc,age      ] GC(121) - age  15:         24 bytes,    1810216 total
[2024-02-06T02:35:13.271+0000][7][gc,heap     ] GC(121) Eden regions: 152->0(152)
[2024-02-06T02:35:13.271+0000][7][gc,heap     ] GC(121) Survivor regions: 1->1(20)
[2024-02-06T02:35:13.271+0000][7][gc,heap     ] GC(121) Old regions: 23->23
[2024-02-06T02:35:13.271+0000][7][gc,heap     ] GC(121) Archive regions: 2->2
[2024-02-06T02:35:13.271+0000][7][gc,heap     ] GC(121) Humongous regions: 0->0
[2024-02-06T02:35:13.271+0000][7][gc,metaspace] GC(121) Metaspace: 127096K(130496K)->127096K(130496K) NonClass: 110523K(112320K)->110523K(112320K) Class: 16572K(18176K)->16572K(18176K)
[2024-02-06T02:35:13.271+0000][7][gc          ] GC(121) Pause Young (Normal) (G1 Evacuation Pause) 704M->95M(1024M) 3.430ms
[2024-02-06T02:35:13.271+0000][7][gc,cpu      ] GC(121) User=0.02s Sys=0.00s Real=0.00s
[2024-02-06T02:35:13.271+0000][7][safepoint   ] Safepoint "G1CollectForAllocation", Time since last: 24929845905 ns, Reaching safepoint: 60633 ns, At safepoint: 3527698 ns, Total: 3588331 ns
[2024-02-06T02:37:01.282+0000][7][safepoint   ] Safepoint "Cleanup", Time since last: 108010746434 ns, Reaching safepoint: 66415 ns, At safepoint: 7388 ns, Total: 73803 ns
[2024-02-06T02:37:04.282+0000][7][safepoint   ] Safepoint "Cleanup", Time since last: 3000302624 ns, Reaching safepoint: 140567 ns, At safepoint: 10873 ns, Total: 151440 ns
[2024-02-06T02:38:28.480+0000][7][gc,start    ] GC(122) Pause Young (Normal) (G1 Evacuation Pause)
[2024-02-06T02:38:28.480+0000][7][gc,task     ] GC(122) Using 8 workers of 8 for evacuation
[2024-02-06T02:38:28.480+0000][7][gc,age      ] GC(122) Desired survivor size 41943040 bytes, new threshold 15 (max threshold 15)
[2024-02-06T02:38:28.483+0000][7][gc,phases   ] GC(122)   Pre Evacuate Collection Set: 0.1ms
[2024-02-06T02:38:28.483+0000][7][gc,phases   ] GC(122)   Merge Heap Roots: 0.1ms
[2024-02-06T02:38:28.483+0000][7][gc,phases   ] GC(122)   Evacuate Collection Set: 1.6ms
[2024-02-06T02:38:28.483+0000][7][gc,phases   ] GC(122)   Post Evacuate Collection Set: 0.7ms
[2024-02-06T02:38:28.483+0000][7][gc,phases   ] GC(122)   Other: 0.1ms
[2024-02-06T02:38:28.483+0000][7][gc,age      ] GC(122) Age table with threshold 15 (max threshold 15)
[2024-02-06T02:38:28.483+0000][7][gc,age      ] GC(122) - age   1:    1878816 bytes,    1878816 total
[2024-02-06T02:38:28.483+0000][7][gc,age      ] GC(122) - age   2:      53704 bytes,    1932520 total
[2024-02-06T02:38:28.483+0000][7][gc,age      ] GC(122) - age   3:     113096 bytes,    2045616 total
[2024-02-06T02:38:28.483+0000][7][gc,age      ] GC(122) - age   4:     100400 bytes,    2146016 total
[2024-02-06T02:38:28.483+0000][7][gc,age      ] GC(122) - age   5:        600 bytes,    2146616 total
[2024-02-06T02:38:28.483+0000][7][gc,age      ] GC(122) - age   6:        184 bytes,    2146800 total
[2024-02-06T02:38:28.483+0000][7][gc,age      ] GC(122) - age   8:       8016 bytes,    2154816 total
[2024-02-06T02:38:28.483+0000][7][gc,age      ] GC(122) - age   9:        152 bytes,    2154968 total
[2024-02-06T02:38:28.483+0000][7][gc,age      ] GC(122) - age  10:        264 bytes,    2155232 total
[2024-02-06T02:38:28.483+0000][7][gc,age      ] GC(122) - age  12:        656 bytes,    2155888 total
[2024-02-06T02:38:28.483+0000][7][gc,age      ] GC(122) - age  14:     144912 bytes,    2300800 total
[2024-02-06T02:38:28.483+0000][7][gc,age      ] GC(122) - age  15:        592 bytes,    2301392 total
[2024-02-06T02:38:28.483+0000][7][gc,heap     ] GC(122) Eden regions: 152->0(152)
[2024-02-06T02:38:28.483+0000][7][gc,heap     ] GC(122) Survivor regions: 1->1(20)
[2024-02-06T02:38:28.483+0000][7][gc,heap     ] GC(122) Old regions: 23->23
[2024-02-06T02:38:28.483+0000][7][gc,heap     ] GC(122) Archive regions: 2->2
[2024-02-06T02:38:28.483+0000][7][gc,heap     ] GC(122) Humongous regions: 0->0
[2024-02-06T02:38:28.483+0000][7][gc,metaspace] GC(122) Metaspace: 127098K(130496K)->127098K(130496K) NonClass: 110526K(112320K)->110526K(112320K) Class: 16572K(18176K)->16572K(18176K)
[2024-02-06T02:38:28.483+0000][7][gc          ] GC(122) Pause Young (Normal) (G1 Evacuation Pause) 703M->96M(1024M) 2.833ms
[2024-02-06T02:38:28.483+0000][7][gc,cpu      ] GC(122) User=0.01s Sys=0.00s Real=0.00s
[2024-02-06T02:38:28.483+0000][7][safepoint   ] Safepoint "G1CollectForAllocation", Time since last: 84198331058 ns, Reaching safepoint: 103728 ns, At safepoint: 2925243 ns, Total: 3028971 ns
[2024-02-06T02:41:37.507+0000][7][safepoint   ] Safepoint "Cleanup", Time since last: 189023504006 ns, Reaching safepoint: 112071 ns, At safepoint: 12153 ns, Total: 124224 ns
[2024-02-06T02:41:52.336+0000][7][gc,start    ] GC(123) Pause Young (Normal) (G1 Evacuation Pause)
[2024-02-06T02:41:52.336+0000][7][gc,task     ] GC(123) Using 8 workers of 8 for evacuation
[2024-02-06T02:41:52.336+0000][7][gc,age      ] GC(123) Desired survivor size 41943040 bytes, new threshold 15 (max threshold 15)
[2024-02-06T02:41:52.338+0000][7][gc,phases   ] GC(123)   Pre Evacuate Collection Set: 0.1ms
[2024-02-06T02:41:52.338+0000][7][gc,phases   ] GC(123)   Merge Heap Roots: 0.1ms
[2024-02-06T02:41:52.338+0000][7][gc,phases   ] GC(123)   Evacuate Collection Set: 1.5ms
[2024-02-06T02:41:52.338+0000][7][gc,phases   ] GC(123)   Post Evacuate Collection Set: 0.7ms
[2024-02-06T02:41:52.338+0000][7][gc,phases   ] GC(123)   Other: 0.1ms
[2024-02-06T02:41:52.338+0000][7][gc,age      ] GC(123) Age table with threshold 15 (max threshold 15)
[2024-02-06T02:41:52.338+0000][7][gc,age      ] GC(123) - age   1:    1462976 bytes,    1462976 total
[2024-02-06T02:41:52.338+0000][7][gc,age      ] GC(123) - age   2:       3256 bytes,    1466232 total
[2024-02-06T02:41:52.338+0000][7][gc,age      ] GC(123) - age   3:      43272 bytes,    1509504 total
[2024-02-06T02:41:52.338+0000][7][gc,age      ] GC(123) - age   4:     112256 bytes,    1621760 total
[2024-02-06T02:41:52.338+0000][7][gc,age      ] GC(123) - age   5:     100400 bytes,    1722160 total
[2024-02-06T02:41:52.338+0000][7][gc,age      ] GC(123) - age   6:        208 bytes,    1722368 total
[2024-02-06T02:41:52.338+0000][7][gc,age      ] GC(123) - age   9:       8016 bytes,    1730384 total
[2024-02-06T02:41:52.338+0000][7][gc,age      ] GC(123) - age  10:        152 bytes,    1730536 total
[2024-02-06T02:41:52.338+0000][7][gc,age      ] GC(123) - age  11:        264 bytes,    1730800 total
[2024-02-06T02:41:52.338+0000][7][gc,age      ] GC(123) - age  13:        656 bytes,    1731456 total
[2024-02-06T02:41:52.338+0000][7][gc,age      ] GC(123) - age  15:     144912 bytes,    1876368 total
[2024-02-06T02:41:52.338+0000][7][gc,heap     ] GC(123) Eden regions: 152->0(152)
[2024-02-06T02:41:52.338+0000][7][gc,heap     ] GC(123) Survivor regions: 1->1(20)
[2024-02-06T02:41:52.338+0000][7][gc,heap     ] GC(123) Old regions: 23->23
[2024-02-06T02:41:52.338+0000][7][gc,heap     ] GC(123) Archive regions: 2->2
[2024-02-06T02:41:52.338+0000][7][gc,heap     ] GC(123) Humongous regions: 0->0
[2024-02-06T02:41:52.338+0000][7][gc,metaspace] GC(123) Metaspace: 127105K(130496K)->127105K(130496K) NonClass: 110533K(112320K)->110533K(112320K) Class: 16572K(18176K)->16572K(18176K)
[2024-02-06T02:41:52.338+0000][7][gc          ] GC(123) Pause Young (Normal) (G1 Evacuation Pause) 704M->95M(1024M) 2.738ms
[2024-02-06T02:41:52.338+0000][7][gc,cpu      ] GC(123) User=0.02s Sys=0.00s Real=0.00s
[2024-02-06T02:41:52.338+0000][7][safepoint   ] Safepoint "G1CollectForAllocation", Time since last: 14828629378 ns, Reaching safepoint: 68429 ns, At safepoint: 2821660 ns, Total: 2890089 ns
[2024-02-06T02:41:54.339+0000][7][safepoint   ] Safepoint "Cleanup", Time since last: 2000392672 ns, Reaching safepoint: 82118 ns, At safepoint: 12622 ns, Total: 94740 ns
[2024-02-06T02:44:52.358+0000][7][safepoint   ] Safepoint "Cleanup", Time since last: 178019247842 ns, Reaching safepoint: 113328 ns, At safepoint: 27739 ns, Total: 141067 ns
[2024-02-06T02:44:54.359+0000][7][safepoint   ] Safepoint "Cleanup", Time since last: 2000437922 ns, Reaching safepoint: 66648 ns, At safepoint: 7894 ns, Total: 74542 ns
[2024-02-06T02:45:13.965+0000][7][gc,start    ] GC(124) Pause Young (Normal) (G1 Evacuation Pause)
[2024-02-06T02:45:13.965+0000][7][gc,task     ] GC(124) Using 8 workers of 8 for evacuation
[2024-02-06T02:45:13.965+0000][7][gc,age      ] GC(124) Desired survivor size 41943040 bytes, new threshold 15 (max threshold 15)
[2024-02-06T02:45:13.968+0000][7][gc,phases   ] GC(124)   Pre Evacuate Collection Set: 0.1ms
[2024-02-06T02:45:13.968+0000][7][gc,phases   ] GC(124)   Merge Heap Roots: 0.1ms
[2024-02-06T02:45:13.968+0000][7][gc,phases   ] GC(124)   Evacuate Collection Set: 1.8ms
[2024-02-06T02:45:13.968+0000][7][gc,phases   ] GC(124)   Post Evacuate Collection Set: 1.0ms
[2024-02-06T02:45:13.968+0000][7][gc,phases   ] GC(124)   Other: 0.1ms
[2024-02-06T02:45:13.968+0000][7][gc,age      ] GC(124) Age table with threshold 15 (max threshold 15)
[2024-02-06T02:45:13.968+0000][7][gc,age      ] GC(124) - age   1:    1329288 bytes,    1329288 total
[2024-02-06T02:45:13.968+0000][7][gc,age      ] GC(124) - age   2:       4016 bytes,    1333304 total
[2024-02-06T02:45:13.968+0000][7][gc,age      ] GC(124) - age   3:        856 bytes,    1334160 total
[2024-02-06T02:45:13.968+0000][7][gc,age      ] GC(124) - age   4:      40136 bytes,    1374296 total
[2024-02-06T02:45:13.968+0000][7][gc,age      ] GC(124) - age   5:     112256 bytes,    1486552 total
[2024-02-06T02:45:13.968+0000][7][gc,age      ] GC(124) - age   6:      92384 bytes,    1578936 total
[2024-02-06T02:45:13.969+0000][7][gc,age      ] GC(124) - age   7:        208 bytes,    1579144 total
[2024-02-06T02:45:13.969+0000][7][gc,age      ] GC(124) - age  10:       8016 bytes,    1587160 total
[2024-02-06T02:45:13.969+0000][7][gc,age      ] GC(124) - age  11:        152 bytes,    1587312 total
[2024-02-06T02:45:13.969+0000][7][gc,age      ] GC(124) - age  12:        264 bytes,    1587576 total
[2024-02-06T02:45:13.969+0000][7][gc,age      ] GC(124) - age  14:        656 bytes,    1588232 total
[2024-02-06T02:45:13.969+0000][7][gc,heap     ] GC(124) Eden regions: 152->0(152)
[2024-02-06T02:45:13.969+0000][7][gc,heap     ] GC(124) Survivor regions: 1->1(20)
[2024-02-06T02:45:13.969+0000][7][gc,heap     ] GC(124) Old regions: 23->23
[2024-02-06T02:45:13.969+0000][7][gc,heap     ] GC(124) Archive regions: 2->2
[2024-02-06T02:45:13.969+0000][7][gc,heap     ] GC(124) Humongous regions: 0->0
[2024-02-06T02:45:13.969+0000][7][gc,metaspace] GC(124) Metaspace: 127106K(130496K)->127106K(130496K) NonClass: 110533K(112320K)->110533K(112320K) Class: 16572K(18176K)->16572K(18176K)
[2024-02-06T02:45:13.969+0000][7][gc          ] GC(124) Pause Young (Normal) (G1 Evacuation Pause) 703M->95M(1024M) 3.528ms
[2024-02-06T02:45:13.969+0000][7][gc,cpu      ] GC(124) User=0.01s Sys=0.00s Real=0.00s
[2024-02-06T02:45:13.969+0000][7][safepoint   ] Safepoint "G1CollectForAllocation", Time since last: 19606145692 ns, Reaching safepoint: 53212 ns, At safepoint: 3630218 ns, Total: 3683430 ns
[2024-02-06T02:46:53.981+0000][7][safepoint   ] Safepoint "Cleanup", Time since last: 100011747538 ns, Reaching safepoint: 96384 ns, At safepoint: 21192 ns, Total: 117576 ns
[2024-02-06T02:47:53.988+0000][7][safepoint   ] Safepoint "Cleanup", Time since last: 60007367994 ns, Reaching safepoint: 82524 ns, At safepoint: 7844 ns, Total: 90368 ns
[2024-02-06T02:48:22.680+0000][7][gc,start    ] GC(125) Pause Young (Normal) (G1 Evacuation Pause)
[2024-02-06T02:48:22.680+0000][7][gc,task     ] GC(125) Using 8 workers of 8 for evacuation
[2024-02-06T02:48:22.680+0000][7][gc,age      ] GC(125) Desired survivor size 41943040 bytes, new threshold 15 (max threshold 15)
[2024-02-06T02:48:22.683+0000][7][gc,phases   ] GC(125)   Pre Evacuate Collection Set: 0.1ms
[2024-02-06T02:48:22.683+0000][7][gc,phases   ] GC(125)   Merge Heap Roots: 0.1ms
[2024-02-06T02:48:22.683+0000][7][gc,phases   ] GC(125)   Evacuate Collection Set: 1.4ms
[2024-02-06T02:48:22.683+0000][7][gc,phases   ] GC(125)   Post Evacuate Collection Set: 0.6ms
[2024-02-06T02:48:22.683+0000][7][gc,phases   ] GC(125)   Other: 0.1ms
[2024-02-06T02:48:22.683+0000][7][gc,age      ] GC(125) Age table with threshold 15 (max threshold 15)
[2024-02-06T02:48:22.683+0000][7][gc,age      ] GC(125) - age   1:    1843912 bytes,    1843912 total
[2024-02-06T02:48:22.683+0000][7][gc,age      ] GC(125) - age   2:      21888 bytes,    1865800 total
[2024-02-06T02:48:22.683+0000][7][gc,age      ] GC(125) - age   3:       2264 bytes,    1868064 total
[2024-02-06T02:48:22.683+0000][7][gc,age      ] GC(125) - age   4:        696 bytes,    1868760 total
[2024-02-06T02:48:22.683+0000][7][gc,age      ] GC(125) - age   5:      39776 bytes,    1908536 total
[2024-02-06T02:48:22.683+0000][7][gc,age      ] GC(125) - age   6:     111824 bytes,    2020360 total
[2024-02-06T02:48:22.683+0000][7][gc,age      ] GC(125) - age   7:      92384 bytes,    2112744 total
[2024-02-06T02:48:22.683+0000][7][gc,age      ] GC(125) - age   8:        208 bytes,    2112952 total
[2024-02-06T02:48:22.683+0000][7][gc,age      ] GC(125) - age  11:       8016 bytes,    2120968 total
[2024-02-06T02:48:22.683+0000][7][gc,age      ] GC(125) - age  12:        152 bytes,    2121120 total
[2024-02-06T02:48:22.683+0000][7][gc,age      ] GC(125) - age  13:        264 bytes,    2121384 total
[2024-02-06T02:48:22.683+0000][7][gc,age      ] GC(125) - age  15:        656 bytes,    2122040 total
[2024-02-06T02:48:22.683+0000][7][gc,heap     ] GC(125) Eden regions: 152->0(152)
[2024-02-06T02:48:22.683+0000][7][gc,heap     ] GC(125) Survivor regions: 1->1(20)
[2024-02-06T02:48:22.683+0000][7][gc,heap     ] GC(125) Old regions: 23->23
[2024-02-06T02:48:22.683+0000][7][gc,heap     ] GC(125) Archive regions: 2->2
[2024-02-06T02:48:22.683+0000][7][gc,heap     ] GC(125) Humongous regions: 0->0
[2024-02-06T02:48:22.683+0000][7][gc,metaspace] GC(125) Metaspace: 127133K(130496K)->127133K(130496K) NonClass: 110561K(112320K)->110561K(112320K) Class: 16572K(18176K)->16572K(18176K)
[2024-02-06T02:48:22.683+0000][7][gc          ] GC(125) Pause Young (Normal) (G1 Evacuation Pause) 703M->96M(1024M) 2.507ms
[2024-02-06T02:48:22.683+0000][7][gc,cpu      ] GC(125) User=0.01s Sys=0.00s Real=0.00s
[2024-02-06T02:48:22.683+0000][7][safepoint   ] Safepoint "G1CollectForAllocation", Time since last: 28692172441 ns, Reaching safepoint: 40631 ns, At safepoint: 2585721 ns, Total: 2626352 ns
[2024-02-06T02:48:47.685+0000][7][safepoint   ] Safepoint "Cleanup", Time since last: 25002445050 ns, Reaching safepoint: 87825 ns, At safepoint: 44629 ns, Total: 132454 ns
[2024-02-06T02:48:53.686+0000][7][safepoint   ] Safepoint "Cleanup", Time since last: 6000918431 ns, Reaching safepoint: 77530 ns, At safepoint: 40197 ns, Total: 117727 ns
[2024-02-06T02:49:53.693+0000][7][safepoint   ] Safepoint "Cleanup", Time since last: 60006985076 ns, Reaching safepoint: 62594 ns, At safepoint: 3482 ns, Total: 66076 ns
[2024-02-06T02:51:52.352+0000][7][gc,start    ] GC(126) Pause Young (Normal) (G1 Evacuation Pause)
[2024-02-06T02:51:52.352+0000][7][gc,task     ] GC(126) Using 8 workers of 8 for evacuation
[2024-02-06T02:51:52.352+0000][7][gc,age      ] GC(126) Desired survivor size 41943040 bytes, new threshold 15 (max threshold 15)
[2024-02-06T02:51:52.355+0000][7][gc,phases   ] GC(126)   Pre Evacuate Collection Set: 0.1ms
[2024-02-06T02:51:52.355+0000][7][gc,phases   ] GC(126)   Merge Heap Roots: 0.1ms
[2024-02-06T02:51:52.355+0000][7][gc,phases   ] GC(126)   Evacuate Collection Set: 1.6ms
[2024-02-06T02:51:52.355+0000][7][gc,phases   ] GC(126)   Post Evacuate Collection Set: 0.7ms
[2024-02-06T02:51:52.355+0000][7][gc,phases   ] GC(126)   Other: 0.1ms
[2024-02-06T02:51:52.355+0000][7][gc,age      ] GC(126) Age table with threshold 15 (max threshold 15)
[2024-02-06T02:51:52.355+0000][7][gc,age      ] GC(126) - age   1:    1684744 bytes,    1684744 total
[2024-02-06T02:51:52.355+0000][7][gc,age      ] GC(126) - age   2:       3000 bytes,    1687744 total
[2024-02-06T02:51:52.355+0000][7][gc,age      ] GC(126) - age   3:      20488 bytes,    1708232 total
[2024-02-06T02:51:52.355+0000][7][gc,age      ] GC(126) - age   4:        392 bytes,    1708624 total
[2024-02-06T02:51:52.355+0000][7][gc,age      ] GC(126) - age   5:        632 bytes,    1709256 total
[2024-02-06T02:51:52.355+0000][7][gc,age      ] GC(126) - age   6:      39592 bytes,    1748848 total
[2024-02-06T02:51:52.355+0000][7][gc,age      ] GC(126) - age   7:     111824 bytes,    1860672 total
[2024-02-06T02:51:52.355+0000][7][gc,age      ] GC(126) - age   8:      92384 bytes,    1953056 total
[2024-02-06T02:51:52.355+0000][7][gc,age      ] GC(126) - age   9:        208 bytes,    1953264 total
[2024-02-06T02:51:52.355+0000][7][gc,age      ] GC(126) - age  13:        152 bytes,    1953416 total
[2024-02-06T02:51:52.355+0000][7][gc,age      ] GC(126) - age  14:        264 bytes,    1953680 total
[2024-02-06T02:51:52.355+0000][7][gc,heap     ] GC(126) Eden regions: 152->0(152)
[2024-02-06T02:51:52.355+0000][7][gc,heap     ] GC(126) Survivor regions: 1->1(20)
[2024-02-06T02:51:52.355+0000][7][gc,heap     ] GC(126) Old regions: 23->23
[2024-02-06T02:51:52.355+0000][7][gc,heap     ] GC(126) Archive regions: 2->2
[2024-02-06T02:51:52.355+0000][7][gc,heap     ] GC(126) Humongous regions: 0->0
[2024-02-06T02:51:52.355+0000][7][gc,metaspace] GC(126) Metaspace: 127133K(130496K)->127133K(130496K) NonClass: 110561K(112320K)->110561K(112320K) Class: 16572K(18176K)->16572K(18176K)
[2024-02-06T02:51:52.355+0000][7][gc          ] GC(126) Pause Young (Normal) (G1 Evacuation Pause) 704M->95M(1024M) 2.867ms
[2024-02-06T02:51:52.355+0000][7][gc,cpu      ] GC(126) User=0.02s Sys=0.00s Real=0.00s
[2024-02-06T02:51:52.355+0000][7][safepoint   ] Safepoint "G1CollectForAllocation", Time since last: 118658398811 ns, Reaching safepoint: 77081 ns, At safepoint: 2955795 ns, Total: 3032876 ns
[2024-02-06T02:54:17.372+0000][7][safepoint   ] Safepoint "Cleanup", Time since last: 145016809831 ns, Reaching safepoint: 84350 ns, At safepoint: 47229 ns, Total: 131579 ns
[2024-02-06T02:55:04.354+0000][7][gc,start    ] GC(127) Pause Young (Normal) (G1 Evacuation Pause)
[2024-02-06T02:55:04.354+0000][7][gc,task     ] GC(127) Using 8 workers of 8 for evacuation
[2024-02-06T02:55:04.354+0000][7][gc,age      ] GC(127) Desired survivor size 41943040 bytes, new threshold 15 (max threshold 15)
[2024-02-06T02:55:04.356+0000][7][gc,phases   ] GC(127)   Pre Evacuate Collection Set: 0.1ms
[2024-02-06T02:55:04.356+0000][7][gc,phases   ] GC(127)   Merge Heap Roots: 0.1ms
[2024-02-06T02:55:04.356+0000][7][gc,phases   ] GC(127)   Evacuate Collection Set: 1.6ms
[2024-02-06T02:55:04.356+0000][7][gc,phases   ] GC(127)   Post Evacuate Collection Set: 0.7ms
[2024-02-06T02:55:04.356+0000][7][gc,phases   ] GC(127)   Other: 0.1ms
[2024-02-06T02:55:04.357+0000][7][gc,age      ] GC(127) Age table with threshold 15 (max threshold 15)
[2024-02-06T02:55:04.357+0000][7][gc,age      ] GC(127) - age   1:    1444808 bytes,    1444808 total
[2024-02-06T02:55:04.357+0000][7][gc,age      ] GC(127) - age   2:      12544 bytes,    1457352 total
[2024-02-06T02:55:04.357+0000][7][gc,age      ] GC(127) - age   3:        880 bytes,    1458232 total
[2024-02-06T02:55:04.357+0000][7][gc,age      ] GC(127) - age   4:       9040 bytes,    1467272 total
[2024-02-06T02:55:04.357+0000][7][gc,age      ] GC(127) - age   6:        608 bytes,    1467880 total
[2024-02-06T02:55:04.357+0000][7][gc,age      ] GC(127) - age   7:      36952 bytes,    1504832 total
[2024-02-06T02:55:04.357+0000][7][gc,age      ] GC(127) - age   8:     111824 bytes,    1616656 total
[2024-02-06T02:55:04.357+0000][7][gc,age      ] GC(127) - age   9:      92384 bytes,    1709040 total
[2024-02-06T02:55:04.357+0000][7][gc,age      ] GC(127) - age  10:        208 bytes,    1709248 total
[2024-02-06T02:55:04.357+0000][7][gc,age      ] GC(127) - age  14:        152 bytes,    1709400 total
[2024-02-06T02:55:04.357+0000][7][gc,age      ] GC(127) - age  15:        264 bytes,    1709664 total
[2024-02-06T02:55:04.357+0000][7][gc,heap     ] GC(127) Eden regions: 152->0(152)
[2024-02-06T02:55:04.357+0000][7][gc,heap     ] GC(127) Survivor regions: 1->1(20)
[2024-02-06T02:55:04.357+0000][7][gc,heap     ] GC(127) Old regions: 23->23
[2024-02-06T02:55:04.357+0000][7][gc,heap     ] GC(127) Archive regions: 2->2
[2024-02-06T02:55:04.357+0000][7][gc,heap     ] GC(127) Humongous regions: 0->0
[2024-02-06T02:55:04.357+0000][7][gc,metaspace] GC(127) Metaspace: 127133K(130496K)->127133K(130496K) NonClass: 110561K(112320K)->110561K(112320K) Class: 16572K(18176K)->16572K(18176K)
[2024-02-06T02:55:04.357+0000][7][gc          ] GC(127) Pause Young (Normal) (G1 Evacuation Pause) 703M->95M(1024M) 2.844ms
[2024-02-06T02:55:04.357+0000][7][gc,cpu      ] GC(127) User=0.01s Sys=0.00s Real=0.00s
[2024-02-06T02:55:04.357+0000][7][safepoint   ] Safepoint "G1CollectForAllocation", Time since last: 46981845300 ns, Reaching safepoint: 66505 ns, At safepoint: 2929383 ns, Total: 2995888 ns
[2024-02-06T02:55:12.358+0000][7][safepoint   ] Safepoint "Cleanup", Time since last: 8001100860 ns, Reaching safepoint: 77676 ns, At safepoint: 42182 ns, Total: 119858 ns
[2024-02-06T02:57:17.370+0000][7][safepoint   ] Safepoint "Cleanup", Time since last: 125012310497 ns, Reaching safepoint: 75326 ns, At safepoint: 52408 ns, Total: 127734 ns
[2024-02-06T02:58:22.819+0000][7][gc,start    ] GC(128) Pause Young (Normal) (G1 Evacuation Pause)
[2024-02-06T02:58:22.819+0000][7][gc,task     ] GC(128) Using 8 workers of 8 for evacuation
[2024-02-06T02:58:22.819+0000][7][gc,age      ] GC(128) Desired survivor size 41943040 bytes, new threshold 15 (max threshold 15)
[2024-02-06T02:58:22.822+0000][7][gc,phases   ] GC(128)   Pre Evacuate Collection Set: 0.1ms
[2024-02-06T02:58:22.822+0000][7][gc,phases   ] GC(128)   Merge Heap Roots: 0.1ms
[2024-02-06T02:58:22.822+0000][7][gc,phases   ] GC(128)   Evacuate Collection Set: 1.5ms
[2024-02-06T02:58:22.822+0000][7][gc,phases   ] GC(128)   Post Evacuate Collection Set: 0.8ms
[2024-02-06T02:58:22.822+0000][7][gc,phases   ] GC(128)   Other: 0.1ms
[2024-02-06T02:58:22.822+0000][7][gc,age      ] GC(128) Age table with threshold 15 (max threshold 15)
[2024-02-06T02:58:22.822+0000][7][gc,age      ] GC(128) - age   1:    1445752 bytes,    1445752 total
[2024-02-06T02:58:22.822+0000][7][gc,age      ] GC(128) - age   2:     158056 bytes,    1603808 total
[2024-02-06T02:58:22.822+0000][7][gc,age      ] GC(128) - age   3:       9336 bytes,    1613144 total
[2024-02-06T02:58:22.822+0000][7][gc,age      ] GC(128) - age   4:        496 bytes,    1613640 total
[2024-02-06T02:58:22.822+0000][7][gc,age      ] GC(128) - age   5:       9040 bytes,    1622680 total
[2024-02-06T02:58:22.822+0000][7][gc,age      ] GC(128) - age   7:        224 bytes,    1622904 total
[2024-02-06T02:58:22.822+0000][7][gc,age      ] GC(128) - age   8:      36952 bytes,    1659856 total
[2024-02-06T02:58:22.822+0000][7][gc,age      ] GC(128) - age   9:     111824 bytes,    1771680 total
[2024-02-06T02:58:22.822+0000][7][gc,age      ] GC(128) - age  10:      92384 bytes,    1864064 total
[2024-02-06T02:58:22.822+0000][7][gc,age      ] GC(128) - age  11:        208 bytes,    1864272 total
[2024-02-06T02:58:22.822+0000][7][gc,age      ] GC(128) - age  15:        152 bytes,    1864424 total
[2024-02-06T02:58:22.822+0000][7][gc,heap     ] GC(128) Eden regions: 152->0(152)
[2024-02-06T02:58:22.822+0000][7][gc,heap     ] GC(128) Survivor regions: 1->1(20)
[2024-02-06T02:58:22.822+0000][7][gc,heap     ] GC(128) Old regions: 23->23
[2024-02-06T02:58:22.822+0000][7][gc,heap     ] GC(128) Archive regions: 2->2
[2024-02-06T02:58:22.822+0000][7][gc,heap     ] GC(128) Humongous regions: 0->0
[2024-02-06T02:58:22.822+0000][7][gc,metaspace] GC(128) Metaspace: 127133K(130496K)->127133K(130496K) NonClass: 110561K(112320K)->110561K(112320K) Class: 16572K(18176K)->16572K(18176K)
[2024-02-06T02:58:22.822+0000][7][gc          ] GC(128) Pause Young (Normal) (G1 Evacuation Pause) 703M->95M(1024M) 2.975ms
[2024-02-06T02:58:22.822+0000][7][gc,cpu      ] GC(128) User=0.00s Sys=0.02s Real=0.00s
[2024-02-06T02:58:22.822+0000][7][safepoint   ] Safepoint "G1CollectForAllocation", Time since last: 65448804855 ns, Reaching safepoint: 84032 ns, At safepoint: 3069974 ns, Total: 3154006 ns
[2024-02-06T03:01:43.443+0000][7][gc,start    ] GC(129) Pause Young (Normal) (G1 Evacuation Pause)
[2024-02-06T03:01:43.443+0000][7][gc,task     ] GC(129) Using 8 workers of 8 for evacuation
[2024-02-06T03:01:43.443+0000][7][gc,age      ] GC(129) Desired survivor size 41943040 bytes, new threshold 15 (max threshold 15)
[2024-02-06T03:01:43.446+0000][7][gc,phases   ] GC(129)   Pre Evacuate Collection Set: 0.1ms
[2024-02-06T03:01:43.446+0000][7][gc,phases   ] GC(129)   Merge Heap Roots: 0.1ms
[2024-02-06T03:01:43.446+0000][7][gc,phases   ] GC(129)   Evacuate Collection Set: 1.8ms
[2024-02-06T03:01:43.446+0000][7][gc,phases   ] GC(129)   Post Evacuate Collection Set: 0.8ms
[2024-02-06T03:01:43.446+0000][7][gc,phases   ] GC(129)   Other: 0.1ms
[2024-02-06T03:01:43.446+0000][7][gc,age      ] GC(129) Age table with threshold 15 (max threshold 15)
[2024-02-06T03:01:43.446+0000][7][gc,age      ] GC(129) - age   1:    1648992 bytes,    1648992 total
[2024-02-06T03:01:43.446+0000][7][gc,age      ] GC(129) - age   2:      11424 bytes,    1660416 total
[2024-02-06T03:01:43.446+0000][7][gc,age      ] GC(129) - age   3:     156648 bytes,    1817064 total
[2024-02-06T03:01:43.446+0000][7][gc,age      ] GC(129) - age   4:       8528 bytes,    1825592 total
[2024-02-06T03:01:43.446+0000][7][gc,age      ] GC(129) - age   5:        496 bytes,    1826088 total
[2024-02-06T03:01:43.446+0000][7][gc,age      ] GC(129) - age   6:       9040 bytes,    1835128 total
[2024-02-06T03:01:43.446+0000][7][gc,age      ] GC(129) - age   8:        224 bytes,    1835352 total
[2024-02-06T03:01:43.446+0000][7][gc,age      ] GC(129) - age   9:      36952 bytes,    1872304 total
[2024-02-06T03:01:43.446+0000][7][gc,age      ] GC(129) - age  10:     111824 bytes,    1984128 total
[2024-02-06T03:01:43.446+0000][7][gc,age      ] GC(129) - age  11:      92200 bytes,    2076328 total
[2024-02-06T03:01:43.446+0000][7][gc,age      ] GC(129) - age  12:        208 bytes,    2076536 total
[2024-02-06T03:01:43.446+0000][7][gc,heap     ] GC(129) Eden regions: 152->0(152)
[2024-02-06T03:01:43.446+0000][7][gc,heap     ] GC(129) Survivor regions: 1->1(20)
[2024-02-06T03:01:43.446+0000][7][gc,heap     ] GC(129) Old regions: 23->23
[2024-02-06T03:01:43.446+0000][7][gc,heap     ] GC(129) Archive regions: 2->2
[2024-02-06T03:01:43.446+0000][7][gc,heap     ] GC(129) Humongous regions: 0->0
[2024-02-06T03:01:43.446+0000][7][gc,metaspace] GC(129) Metaspace: 127136K(130496K)->127136K(130496K) NonClass: 110563K(112320K)->110563K(112320K) Class: 16572K(18176K)->16572K(18176K)
[2024-02-06T03:01:43.446+0000][7][gc          ] GC(129) Pause Young (Normal) (G1 Evacuation Pause) 703M->96M(1024M) 3.234ms
[2024-02-06T03:01:43.446+0000][7][gc,cpu      ] GC(129) User=0.01s Sys=0.00s Real=0.01s
[2024-02-06T03:01:43.446+0000][7][safepoint   ] Safepoint "G1CollectForAllocation", Time since last: 200620122992 ns, Reaching safepoint: 86709 ns, At safepoint: 3331511 ns, Total: 3418220 ns
[2024-02-06T03:05:01.567+0000][7][gc,start    ] GC(130) Pause Young (Normal) (G1 Evacuation Pause)
[2024-02-06T03:05:01.567+0000][7][gc,task     ] GC(130) Using 8 workers of 8 for evacuation
[2024-02-06T03:05:01.567+0000][7][gc,age      ] GC(130) Desired survivor size 41943040 bytes, new threshold 15 (max threshold 15)
[2024-02-06T03:05:01.570+0000][7][gc,phases   ] GC(130)   Pre Evacuate Collection Set: 0.1ms
[2024-02-06T03:05:01.570+0000][7][gc,phases   ] GC(130)   Merge Heap Roots: 0.1ms
[2024-02-06T03:05:01.570+0000][7][gc,phases   ] GC(130)   Evacuate Collection Set: 1.9ms
[2024-02-06T03:05:01.570+0000][7][gc,phases   ] GC(130)   Post Evacuate Collection Set: 0.9ms
[2024-02-06T03:05:01.570+0000][7][gc,phases   ] GC(130)   Other: 0.1ms
[2024-02-06T03:05:01.570+0000][7][gc,age      ] GC(130) Age table with threshold 15 (max threshold 15)
[2024-02-06T03:05:01.570+0000][7][gc,age      ] GC(130) - age   1:    1665240 bytes,    1665240 total
[2024-02-06T03:05:01.570+0000][7][gc,age      ] GC(130) - age   2:       3400 bytes,    1668640 total
[2024-02-06T03:05:01.571+0000][7][gc,age      ] GC(130) - age   3:       8648 bytes,    1677288 total
[2024-02-06T03:05:01.571+0000][7][gc,age      ] GC(130) - age   4:     153224 bytes,    1830512 total
[2024-02-06T03:05:01.571+0000][7][gc,age      ] GC(130) - age   5:       8528 bytes,    1839040 total
[2024-02-06T03:05:01.571+0000][7][gc,age      ] GC(130) - age   6:        496 bytes,    1839536 total
[2024-02-06T03:05:01.571+0000][7][gc,age      ] GC(130) - age   7:       8856 bytes,    1848392 total
[2024-02-06T03:05:01.571+0000][7][gc,age      ] GC(130) - age   9:        224 bytes,    1848616 total
[2024-02-06T03:05:01.571+0000][7][gc,age      ] GC(130) - age  10:      36952 bytes,    1885568 total
[2024-02-06T03:05:01.571+0000][7][gc,age      ] GC(130) - age  11:     111824 bytes,    1997392 total
[2024-02-06T03:05:01.571+0000][7][gc,age      ] GC(130) - age  12:      92200 bytes,    2089592 total
[2024-02-06T03:05:01.571+0000][7][gc,age      ] GC(130) - age  13:        208 bytes,    2089800 total
[2024-02-06T03:05:01.571+0000][7][gc,heap     ] GC(130) Eden regions: 152->0(152)
[2024-02-06T03:05:01.571+0000][7][gc,heap     ] GC(130) Survivor regions: 1->1(20)
[2024-02-06T03:05:01.571+0000][7][gc,heap     ] GC(130) Old regions: 23->23
[2024-02-06T03:05:01.571+0000][7][gc,heap     ] GC(130) Archive regions: 2->2
[2024-02-06T03:05:01.571+0000][7][gc,heap     ] GC(130) Humongous regions: 0->0
[2024-02-06T03:05:01.571+0000][7][gc,metaspace] GC(130) Metaspace: 127136K(130496K)->127136K(130496K) NonClass: 110563K(112320K)->110563K(112320K) Class: 16572K(18176K)->16572K(18176K)
[2024-02-06T03:05:01.571+0000][7][gc          ] GC(130) Pause Young (Normal) (G1 Evacuation Pause) 704M->96M(1024M) 3.467ms
[2024-02-06T03:05:01.571+0000][7][gc,cpu      ] GC(130) User=0.01s Sys=0.00s Real=0.00s
[2024-02-06T03:05:01.571+0000][7][safepoint   ] Safepoint "G1CollectForAllocation", Time since last: 198121146689 ns, Reaching safepoint: 127392 ns, At safepoint: 3567868 ns, Total: 3695260 ns
[2024-02-06T03:06:22.580+0000][7][safepoint   ] Safepoint "Cleanup", Time since last: 81009089800 ns, Reaching safepoint: 133467 ns, At safepoint: 36748 ns, Total: 170215 ns
[2024-02-06T03:08:22.481+0000][7][gc,start    ] GC(131) Pause Young (Normal) (G1 Evacuation Pause)
[2024-02-06T03:08:22.481+0000][7][gc,task     ] GC(131) Using 8 workers of 8 for evacuation
[2024-02-06T03:08:22.481+0000][7][gc,age      ] GC(131) Desired survivor size 41943040 bytes, new threshold 15 (max threshold 15)
[2024-02-06T03:08:22.485+0000][7][gc,phases   ] GC(131)   Pre Evacuate Collection Set: 0.1ms
[2024-02-06T03:08:22.485+0000][7][gc,phases   ] GC(131)   Merge Heap Roots: 0.1ms
[2024-02-06T03:08:22.485+0000][7][gc,phases   ] GC(131)   Evacuate Collection Set: 2.1ms
[2024-02-06T03:08:22.485+0000][7][gc,phases   ] GC(131)   Post Evacuate Collection Set: 1.3ms
[2024-02-06T03:08:22.485+0000][7][gc,phases   ] GC(131)   Other: 0.1ms
[2024-02-06T03:08:22.485+0000][7][gc,age      ] GC(131) Age table with threshold 15 (max threshold 15)
[2024-02-06T03:08:22.485+0000][7][gc,age      ] GC(131) - age   1:    1779008 bytes,    1779008 total
[2024-02-06T03:08:22.485+0000][7][gc,age      ] GC(131) - age   2:       5992 bytes,    1785000 total
[2024-02-06T03:08:22.485+0000][7][gc,age      ] GC(131) - age   3:        912 bytes,    1785912 total
[2024-02-06T03:08:22.485+0000][7][gc,age      ] GC(131) - age   4:       8584 bytes,    1794496 total
[2024-02-06T03:08:22.485+0000][7][gc,age      ] GC(131) - age   5:     145208 bytes,    1939704 total
[2024-02-06T03:08:22.485+0000][7][gc,age      ] GC(131) - age   6:       8232 bytes,    1947936 total
[2024-02-06T03:08:22.485+0000][7][gc,age      ] GC(131) - age   7:        496 bytes,    1948432 total
[2024-02-06T03:08:22.485+0000][7][gc,age      ] GC(131) - age   8:       8856 bytes,    1957288 total
[2024-02-06T03:08:22.485+0000][7][gc,age      ] GC(131) - age  10:        224 bytes,    1957512 total
[2024-02-06T03:08:22.485+0000][7][gc,age      ] GC(131) - age  11:      36952 bytes,    1994464 total
[2024-02-06T03:08:22.485+0000][7][gc,age      ] GC(131) - age  12:     111824 bytes,    2106288 total
[2024-02-06T03:08:22.485+0000][7][gc,age      ] GC(131) - age  13:      92200 bytes,    2198488 total
[2024-02-06T03:08:22.485+0000][7][gc,age      ] GC(131) - age  14:        208 bytes,    2198696 total
[2024-02-06T03:08:22.485+0000][7][gc,heap     ] GC(131) Eden regions: 152->0(152)
[2024-02-06T03:08:22.485+0000][7][gc,heap     ] GC(131) Survivor regions: 1->1(20)
[2024-02-06T03:08:22.485+0000][7][gc,heap     ] GC(131) Old regions: 23->23
[2024-02-06T03:08:22.485+0000][7][gc,heap     ] GC(131) Archive regions: 2->2
[2024-02-06T03:08:22.485+0000][7][gc,heap     ] GC(131) Humongous regions: 0->0
[2024-02-06T03:08:22.485+0000][7][gc,metaspace] GC(131) Metaspace: 127136K(130496K)->127136K(130496K) NonClass: 110563K(112320K)->110563K(112320K) Class: 16572K(18176K)->16572K(18176K)
[2024-02-06T03:08:22.485+0000][7][gc          ] GC(131) Pause Young (Normal) (G1 Evacuation Pause) 704M->96M(1024M) 4.067ms
[2024-02-06T03:08:22.485+0000][7][gc,cpu      ] GC(131) User=0.01s Sys=0.00s Real=0.01s
[2024-02-06T03:08:22.485+0000][7][safepoint   ] Safepoint "G1CollectForAllocation", Time since last: 119900846259 ns, Reaching safepoint: 92271 ns, At safepoint: 4176772 ns, Total: 4269043 ns
[2024-02-06T03:08:46.488+0000][7][safepoint   ] Safepoint "Cleanup", Time since last: 24002961817 ns, Reaching safepoint: 75963 ns, At safepoint: 7394 ns, Total: 83357 ns
[2024-02-06T03:10:47.503+0000][7][safepoint   ] Safepoint "Cleanup", Time since last: 121014531398 ns, Reaching safepoint: 81229 ns, At safepoint: 39279 ns, Total: 120508 ns
[2024-02-06T03:10:59.504+0000][7][safepoint   ] Safepoint "Cleanup", Time since last: 12001401816 ns, Reaching safepoint: 62986 ns, At safepoint: 6982 ns, Total: 69968 ns
[2024-02-06T03:11:46.470+0000][7][gc,start    ] GC(132) Pause Young (Normal) (G1 Evacuation Pause)
[2024-02-06T03:11:46.470+0000][7][gc,task     ] GC(132) Using 8 workers of 8 for evacuation
[2024-02-06T03:11:46.470+0000][7][gc,age      ] GC(132) Desired survivor size 41943040 bytes, new threshold 15 (max threshold 15)
[2024-02-06T03:11:46.473+0000][7][gc,phases   ] GC(132)   Pre Evacuate Collection Set: 0.1ms
[2024-02-06T03:11:46.473+0000][7][gc,phases   ] GC(132)   Merge Heap Roots: 0.1ms
[2024-02-06T03:11:46.473+0000][7][gc,phases   ] GC(132)   Evacuate Collection Set: 1.6ms
[2024-02-06T03:11:46.473+0000][7][gc,phases   ] GC(132)   Post Evacuate Collection Set: 0.9ms
[2024-02-06T03:11:46.473+0000][7][gc,phases   ] GC(132)   Other: 0.1ms
[2024-02-06T03:11:46.473+0000][7][gc,age      ] GC(132) Age table with threshold 15 (max threshold 15)
[2024-02-06T03:11:46.473+0000][7][gc,age      ] GC(132) - age   1:    1397528 bytes,    1397528 total
[2024-02-06T03:11:46.473+0000][7][gc,age      ] GC(132) - age   2:       3880 bytes,    1401408 total
[2024-02-06T03:11:46.473+0000][7][gc,age      ] GC(132) - age   3:       3632 bytes,    1405040 total
[2024-02-06T03:11:46.473+0000][7][gc,age      ] GC(132) - age   4:         32 bytes,    1405072 total
[2024-02-06T03:11:46.473+0000][7][gc,age      ] GC(132) - age   5:       8520 bytes,    1413592 total
[2024-02-06T03:11:46.473+0000][7][gc,age      ] GC(132) - age   6:     144816 bytes,    1558408 total
[2024-02-06T03:11:46.473+0000][7][gc,age      ] GC(132) - age   7:       8200 bytes,    1566608 total
[2024-02-06T03:11:46.473+0000][7][gc,age      ] GC(132) - age   8:        496 bytes,    1567104 total
[2024-02-06T03:11:46.473+0000][7][gc,age      ] GC(132) - age   9:       8856 bytes,    1575960 total
[2024-02-06T03:11:46.473+0000][7][gc,age      ] GC(132) - age  11:        224 bytes,    1576184 total
[2024-02-06T03:11:46.473+0000][7][gc,age      ] GC(132) - age  12:      36952 bytes,    1613136 total
[2024-02-06T03:11:46.473+0000][7][gc,age      ] GC(132) - age  13:     111824 bytes,    1724960 total
[2024-02-06T03:11:46.473+0000][7][gc,age      ] GC(132) - age  14:      92200 bytes,    1817160 total
[2024-02-06T03:11:46.473+0000][7][gc,age      ] GC(132) - age  15:        208 bytes,    1817368 total
[2024-02-06T03:11:46.473+0000][7][gc,heap     ] GC(132) Eden regions: 152->0(152)
[2024-02-06T03:11:46.473+0000][7][gc,heap     ] GC(132) Survivor regions: 1->1(20)
[2024-02-06T03:11:46.473+0000][7][gc,heap     ] GC(132) Old regions: 23->23
[2024-02-06T03:11:46.473+0000][7][gc,heap     ] GC(132) Archive regions: 2->2
[2024-02-06T03:11:46.473+0000][7][gc,heap     ] GC(132) Humongous regions: 0->0
[2024-02-06T03:11:46.473+0000][7][gc,metaspace] GC(132) Metaspace: 127140K(130560K)->127140K(130560K) NonClass: 110568K(112384K)->110568K(112384K) Class: 16572K(18176K)->16572K(18176K)
[2024-02-06T03:11:46.473+0000][7][gc          ] GC(132) Pause Young (Normal) (G1 Evacuation Pause) 704M->95M(1024M) 3.205ms
[2024-02-06T03:11:46.473+0000][7][gc,cpu      ] GC(132) User=0.01s Sys=0.00s Real=0.01s
[2024-02-06T03:11:46.473+0000][7][safepoint   ] Safepoint "G1CollectForAllocation", Time since last: 46965562373 ns, Reaching safepoint: 67544 ns, At safepoint: 3307527 ns, Total: 3375071 ns
[2024-02-06T03:12:53.481+0000][7][safepoint   ] Safepoint "Cleanup", Time since last: 67008103587 ns, Reaching safepoint: 56945 ns, At safepoint: 23224 ns, Total: 80169 ns
[2024-02-06T03:14:53.495+0000][7][safepoint   ] Safepoint "Cleanup", Time since last: 120013498842 ns, Reaching safepoint: 90845 ns, At safepoint: 3830 ns, Total: 94675 ns
[2024-02-06T03:15:04.793+0000][7][gc,start    ] GC(133) Pause Young (Normal) (G1 Evacuation Pause)
[2024-02-06T03:15:04.793+0000][7][gc,task     ] GC(133) Using 8 workers of 8 for evacuation
[2024-02-06T03:15:04.793+0000][7][gc,age      ] GC(133) Desired survivor size 41943040 bytes, new threshold 15 (max threshold 15)
[2024-02-06T03:15:04.795+0000][7][gc,phases   ] GC(133)   Pre Evacuate Collection Set: 0.1ms
[2024-02-06T03:15:04.795+0000][7][gc,phases   ] GC(133)   Merge Heap Roots: 0.1ms
[2024-02-06T03:15:04.795+0000][7][gc,phases   ] GC(133)   Evacuate Collection Set: 1.1ms
[2024-02-06T03:15:04.795+0000][7][gc,phases   ] GC(133)   Post Evacuate Collection Set: 0.5ms
[2024-02-06T03:15:04.795+0000][7][gc,phases   ] GC(133)   Other: 0.1ms
[2024-02-06T03:15:04.795+0000][7][gc,age      ] GC(133) Age table with threshold 15 (max threshold 15)
[2024-02-06T03:15:04.795+0000][7][gc,age      ] GC(133) - age   1:    1752792 bytes,    1752792 total
[2024-02-06T03:15:04.795+0000][7][gc,age      ] GC(133) - age   2:      11496 bytes,    1764288 total
[2024-02-06T03:15:04.795+0000][7][gc,age      ] GC(133) - age   3:        616 bytes,    1764904 total
[2024-02-06T03:15:04.795+0000][7][gc,age      ] GC(133) - age   4:        272 bytes,    1765176 total
[2024-02-06T03:15:04.795+0000][7][gc,age      ] GC(133) - age   5:         32 bytes,    1765208 total
[2024-02-06T03:15:04.795+0000][7][gc,age      ] GC(133) - age   6:       8520 bytes,    1773728 total
[2024-02-06T03:15:04.795+0000][7][gc,age      ] GC(133) - age   7:     144816 bytes,    1918544 total
[2024-02-06T03:15:04.795+0000][7][gc,age      ] GC(133) - age   8:       8200 bytes,    1926744 total
[2024-02-06T03:15:04.795+0000][7][gc,age      ] GC(133) - age   9:        496 bytes,    1927240 total
[2024-02-06T03:15:04.795+0000][7][gc,age      ] GC(133) - age  10:       8856 bytes,    1936096 total
[2024-02-06T03:15:04.795+0000][7][gc,age      ] GC(133) - age  12:        224 bytes,    1936320 total
[2024-02-06T03:15:04.795+0000][7][gc,age      ] GC(133) - age  13:      36952 bytes,    1973272 total
[2024-02-06T03:15:04.795+0000][7][gc,age      ] GC(133) - age  14:     111592 bytes,    2084864 total
[2024-02-06T03:15:04.795+0000][7][gc,age      ] GC(133) - age  15:      92200 bytes,    2177064 total
[2024-02-06T03:15:04.795+0000][7][gc,heap     ] GC(133) Eden regions: 152->0(152)
[2024-02-06T03:15:04.795+0000][7][gc,heap     ] GC(133) Survivor regions: 1->1(20)
[2024-02-06T03:15:04.795+0000][7][gc,heap     ] GC(133) Old regions: 23->23
[2024-02-06T03:15:04.795+0000][7][gc,heap     ] GC(133) Archive regions: 2->2
[2024-02-06T03:15:04.795+0000][7][gc,heap     ] GC(133) Humongous regions: 0->0
[2024-02-06T03:15:04.795+0000][7][gc,metaspace] GC(133) Metaspace: 127159K(130560K)->127159K(130560K) NonClass: 110583K(112384K)->110583K(112384K) Class: 16575K(18176K)->16575K(18176K)
[2024-02-06T03:15:04.795+0000][7][gc          ] GC(133) Pause Young (Normal) (G1 Evacuation Pause) 703M->96M(1024M) 1.969ms
[2024-02-06T03:15:04.795+0000][7][gc,cpu      ] GC(133) User=0.01s Sys=0.00s Real=0.00s
[2024-02-06T03:15:04.795+0000][7][safepoint   ] Safepoint "G1CollectForAllocation", Time since last: 11297840809 ns, Reaching safepoint: 27810 ns, At safepoint: 2032628 ns, Total: 2060438 ns
[2024-02-06T03:15:31.798+0000][7][safepoint   ] Safepoint "Cleanup", Time since last: 27002629504 ns, Reaching safepoint: 61980 ns, At safepoint: 25609 ns, Total: 87589 ns
[2024-02-06T03:15:53.801+0000][7][safepoint   ] Safepoint "Cleanup", Time since last: 22002830479 ns, Reaching safepoint: 78330 ns, At safepoint: 39474 ns, Total: 117804 ns
[2024-02-06T03:17:11.810+0000][7][safepoint   ] Safepoint "Cleanup", Time since last: 78009526059 ns, Reaching safepoint: 74120 ns, At safepoint: 18795 ns, Total: 92915 ns
[2024-02-06T03:18:23.169+0000][7][gc,start    ] GC(134) Pause Young (Normal) (G1 Evacuation Pause)
[2024-02-06T03:18:23.169+0000][7][gc,task     ] GC(134) Using 8 workers of 8 for evacuation
[2024-02-06T03:18:23.169+0000][7][gc,age      ] GC(134) Desired survivor size 41943040 bytes, new threshold 15 (max threshold 15)
[2024-02-06T03:18:23.171+0000][7][gc,phases   ] GC(134)   Pre Evacuate Collection Set: 0.1ms
[2024-02-06T03:18:23.171+0000][7][gc,phases   ] GC(134)   Merge Heap Roots: 0.1ms
[2024-02-06T03:18:23.171+0000][7][gc,phases   ] GC(134)   Evacuate Collection Set: 1.5ms
[2024-02-06T03:18:23.171+0000][7][gc,phases   ] GC(134)   Post Evacuate Collection Set: 0.6ms
[2024-02-06T03:18:23.171+0000][7][gc,phases   ] GC(134)   Other: 0.1ms
[2024-02-06T03:18:23.171+0000][7][gc,age      ] GC(134) Age table with threshold 15 (max threshold 15)
[2024-02-06T03:18:23.171+0000][7][gc,age      ] GC(134) - age   1:    1923032 bytes,    1923032 total
[2024-02-06T03:18:23.171+0000][7][gc,age      ] GC(134) - age   2:       9136 bytes,    1932168 total
[2024-02-06T03:18:23.171+0000][7][gc,age      ] GC(134) - age   3:       9280 bytes,    1941448 total
[2024-02-06T03:18:23.171+0000][7][gc,age      ] GC(134) - age   5:        208 bytes,    1941656 total
[2024-02-06T03:18:23.171+0000][7][gc,age      ] GC(134) - age   6:         32 bytes,    1941688 total
[2024-02-06T03:18:23.171+0000][7][gc,age      ] GC(134) - age   7:       8136 bytes,    1949824 total
[2024-02-06T03:18:23.171+0000][7][gc,age      ] GC(134) - age   8:     144816 bytes,    2094640 total
[2024-02-06T03:18:23.171+0000][7][gc,age      ] GC(134) - age   9:       8200 bytes,    2102840 total
[2024-02-06T03:18:23.171+0000][7][gc,age      ] GC(134) - age  10:        312 bytes,    2103152 total
[2024-02-06T03:18:23.171+0000][7][gc,age      ] GC(134) - age  11:       8856 bytes,    2112008 total
[2024-02-06T03:18:23.171+0000][7][gc,age      ] GC(134) - age  13:        224 bytes,    2112232 total
[2024-02-06T03:18:23.171+0000][7][gc,age      ] GC(134) - age  14:      36952 bytes,    2149184 total
[2024-02-06T03:18:23.171+0000][7][gc,age      ] GC(134) - age  15:     111592 bytes,    2260776 total
[2024-02-06T03:18:23.171+0000][7][gc,heap     ] GC(134) Eden regions: 152->0(152)
[2024-02-06T03:18:23.171+0000][7][gc,heap     ] GC(134) Survivor regions: 1->1(20)
[2024-02-06T03:18:23.171+0000][7][gc,heap     ] GC(134) Old regions: 23->23
[2024-02-06T03:18:23.171+0000][7][gc,heap     ] GC(134) Archive regions: 2->2
[2024-02-06T03:18:23.172+0000][7][gc,heap     ] GC(134) Humongous regions: 0->0
[2024-02-06T03:18:23.172+0000][7][gc,metaspace] GC(134) Metaspace: 127159K(130560K)->127159K(130560K) NonClass: 110583K(112384K)->110583K(112384K) Class: 16575K(18176K)->16575K(18176K)
[2024-02-06T03:18:23.172+0000][7][gc          ] GC(134) Pause Young (Normal) (G1 Evacuation Pause) 704M->96M(1024M) 2.730ms
[2024-02-06T03:18:23.172+0000][7][gc,cpu      ] GC(134) User=0.02s Sys=0.00s Real=0.01s
[2024-02-06T03:18:23.172+0000][7][safepoint   ] Safepoint "G1CollectForAllocation", Time since last: 71358560377 ns, Reaching safepoint: 91350 ns, At safepoint: 2811801 ns, Total: 2903151 ns
[2024-02-06T03:19:23.177+0000][7][safepoint   ] Safepoint "Cleanup", Time since last: 60005328455 ns, Reaching safepoint: 90456 ns, At safepoint: 7094 ns, Total: 97550 ns
[2024-02-06T03:19:54.181+0000][7][safepoint   ] Safepoint "Cleanup", Time since last: 31003542528 ns, Reaching safepoint: 93330 ns, At safepoint: 6378 ns, Total: 99708 ns
[2024-02-06T03:20:17.184+0000][7][safepoint   ] Safepoint "Cleanup", Time since last: 23002940816 ns, Reaching safepoint: 70996 ns, At safepoint: 33351 ns, Total: 104347 ns
[2024-02-06T03:21:47.544+0000][7][gc,start    ] GC(135) Pause Young (Normal) (G1 Evacuation Pause)
[2024-02-06T03:21:47.544+0000][7][gc,task     ] GC(135) Using 8 workers of 8 for evacuation
[2024-02-06T03:21:47.544+0000][7][gc,age      ] GC(135) Desired survivor size 41943040 bytes, new threshold 15 (max threshold 15)
[2024-02-06T03:21:47.546+0000][7][gc,phases   ] GC(135)   Pre Evacuate Collection Set: 0.1ms
[2024-02-06T03:21:47.546+0000][7][gc,phases   ] GC(135)   Merge Heap Roots: 0.1ms
[2024-02-06T03:21:47.546+0000][7][gc,phases   ] GC(135)   Evacuate Collection Set: 1.3ms
[2024-02-06T03:21:47.546+0000][7][gc,phases   ] GC(135)   Post Evacuate Collection Set: 0.7ms
[2024-02-06T03:21:47.546+0000][7][gc,phases   ] GC(135)   Other: 0.1ms
[2024-02-06T03:21:47.546+0000][7][gc,age      ] GC(135) Age table with threshold 15 (max threshold 15)
[2024-02-06T03:21:47.546+0000][7][gc,age      ] GC(135) - age   1:    1755872 bytes,    1755872 total
[2024-02-06T03:21:47.546+0000][7][gc,age      ] GC(135) - age   2:       3328 bytes,    1759200 total
[2024-02-06T03:21:47.546+0000][7][gc,age      ] GC(135) - age   3:       5880 bytes,    1765080 total
[2024-02-06T03:21:47.546+0000][7][gc,age      ] GC(135) - age   4:       8472 bytes,    1773552 total
[2024-02-06T03:21:47.546+0000][7][gc,age      ] GC(135) - age   6:        208 bytes,    1773760 total
[2024-02-06T03:21:47.546+0000][7][gc,age      ] GC(135) - age   8:       8136 bytes,    1781896 total
[2024-02-06T03:21:47.546+0000][7][gc,age      ] GC(135) - age   9:     144816 bytes,    1926712 total
[2024-02-06T03:21:47.546+0000][7][gc,age      ] GC(135) - age  10:       8016 bytes,    1934728 total
[2024-02-06T03:21:47.546+0000][7][gc,age      ] GC(135) - age  11:        312 bytes,    1935040 total
[2024-02-06T03:21:47.546+0000][7][gc,age      ] GC(135) - age  12:       8856 bytes,    1943896 total
[2024-02-06T03:21:47.546+0000][7][gc,age      ] GC(135) - age  14:        224 bytes,    1944120 total
[2024-02-06T03:21:47.546+0000][7][gc,age      ] GC(135) - age  15:      36952 bytes,    1981072 total
[2024-02-06T03:21:47.546+0000][7][gc,heap     ] GC(135) Eden regions: 152->0(152)
[2024-02-06T03:21:47.546+0000][7][gc,heap     ] GC(135) Survivor regions: 1->1(20)
[2024-02-06T03:21:47.546+0000][7][gc,heap     ] GC(135) Old regions: 23->23
[2024-02-06T03:21:47.546+0000][7][gc,heap     ] GC(135) Archive regions: 2->2
[2024-02-06T03:21:47.546+0000][7][gc,heap     ] GC(135) Humongous regions: 0->0
[2024-02-06T03:21:47.546+0000][7][gc,metaspace] GC(135) Metaspace: 127161K(130560K)->127161K(130560K) NonClass: 110585K(112384K)->110585K(112384K) Class: 16575K(18176K)->16575K(18176K)
[2024-02-06T03:21:47.546+0000][7][gc          ] GC(135) Pause Young (Normal) (G1 Evacuation Pause) 704M->96M(1024M) 2.543ms
[2024-02-06T03:21:47.546+0000][7][gc,cpu      ] GC(135) User=0.01s Sys=0.00s Real=0.00s
[2024-02-06T03:21:47.546+0000][7][safepoint   ] Safepoint "G1CollectForAllocation", Time since last: 90360067673 ns, Reaching safepoint: 45771 ns, At safepoint: 2627853 ns, Total: 2673624 ns
[2024-02-06T03:25:04.925+0000][7][gc,start    ] GC(136) Pause Young (Normal) (G1 Evacuation Pause)
[2024-02-06T03:25:04.925+0000][7][gc,task     ] GC(136) Using 8 workers of 8 for evacuation
[2024-02-06T03:25:04.925+0000][7][gc,age      ] GC(136) Desired survivor size 41943040 bytes, new threshold 15 (max threshold 15)
[2024-02-06T03:25:04.928+0000][7][gc,phases   ] GC(136)   Pre Evacuate Collection Set: 0.1ms
[2024-02-06T03:25:04.928+0000][7][gc,phases   ] GC(136)   Merge Heap Roots: 0.1ms
[2024-02-06T03:25:04.928+0000][7][gc,phases   ] GC(136)   Evacuate Collection Set: 1.5ms
[2024-02-06T03:25:04.928+0000][7][gc,phases   ] GC(136)   Post Evacuate Collection Set: 0.8ms
[2024-02-06T03:25:04.928+0000][7][gc,phases   ] GC(136)   Other: 0.1ms
[2024-02-06T03:25:04.928+0000][7][gc,age      ] GC(136) Age table with threshold 15 (max threshold 15)
[2024-02-06T03:25:04.928+0000][7][gc,age      ] GC(136) - age   1:    1875544 bytes,    1875544 total
[2024-02-06T03:25:04.928+0000][7][gc,age      ] GC(136) - age   2:       3864 bytes,    1879408 total
[2024-02-06T03:25:04.928+0000][7][gc,age      ] GC(136) - age   3:       1016 bytes,    1880424 total
[2024-02-06T03:25:04.928+0000][7][gc,age      ] GC(136) - age   4:       2432 bytes,    1882856 total
[2024-02-06T03:25:04.928+0000][7][gc,age      ] GC(136) - age   7:         24 bytes,    1882880 total
[2024-02-06T03:25:04.928+0000][7][gc,age      ] GC(136) - age   9:        120 bytes,    1883000 total
[2024-02-06T03:25:04.928+0000][7][gc,age      ] GC(136) - age  10:     144816 bytes,    2027816 total
[2024-02-06T03:25:04.928+0000][7][gc,age      ] GC(136) - age  11:       8016 bytes,    2035832 total
[2024-02-06T03:25:04.928+0000][7][gc,age      ] GC(136) - age  12:        312 bytes,    2036144 total
[2024-02-06T03:25:04.928+0000][7][gc,age      ] GC(136) - age  13:       8856 bytes,    2045000 total
[2024-02-06T03:25:04.928+0000][7][gc,age      ] GC(136) - age  15:        224 bytes,    2045224 total
[2024-02-06T03:25:04.928+0000][7][gc,heap     ] GC(136) Eden regions: 152->0(152)
[2024-02-06T03:25:04.928+0000][7][gc,heap     ] GC(136) Survivor regions: 1->1(20)
[2024-02-06T03:25:04.928+0000][7][gc,heap     ] GC(136) Old regions: 23->23
[2024-02-06T03:25:04.928+0000][7][gc,heap     ] GC(136) Archive regions: 2->2
[2024-02-06T03:25:04.928+0000][7][gc,heap     ] GC(136) Humongous regions: 0->0
[2024-02-06T03:25:04.928+0000][7][gc,metaspace] GC(136) Metaspace: 127165K(130560K)->127165K(130560K) NonClass: 110590K(112384K)->110590K(112384K) Class: 16575K(18176K)->16575K(18176K)
[2024-02-06T03:25:04.928+0000][7][gc          ] GC(136) Pause Young (Normal) (G1 Evacuation Pause) 704M->96M(1024M) 2.818ms
[2024-02-06T03:25:04.928+0000][7][gc,cpu      ] GC(136) User=0.02s Sys=0.00s Real=0.00s
[2024-02-06T03:25:04.928+0000][7][safepoint   ] Safepoint "G1CollectForAllocation", Time since last: 197378711975 ns, Reaching safepoint: 53115 ns, At safepoint: 2901111 ns, Total: 2954226 ns
[2024-02-06T03:25:50.934+0000][7][safepoint   ] Safepoint "Cleanup", Time since last: 46006019312 ns, Reaching safepoint: 111398 ns, At safepoint: 21248 ns, Total: 132646 ns
[2024-02-06T03:27:53.952+0000][7][safepoint   ] Safepoint "Cleanup", Time since last: 123017176786 ns, Reaching safepoint: 117818 ns, At safepoint: 16178 ns, Total: 133996 ns
[2024-02-06T03:28:23.311+0000][7][gc,start    ] GC(137) Pause Young (Normal) (G1 Evacuation Pause)
[2024-02-06T03:28:23.311+0000][7][gc,task     ] GC(137) Using 8 workers of 8 for evacuation
[2024-02-06T03:28:23.311+0000][7][gc,age      ] GC(137) Desired survivor size 41943040 bytes, new threshold 15 (max threshold 15)
[2024-02-06T03:28:23.314+0000][7][gc,phases   ] GC(137)   Pre Evacuate Collection Set: 0.1ms
[2024-02-06T03:28:23.314+0000][7][gc,phases   ] GC(137)   Merge Heap Roots: 0.1ms
[2024-02-06T03:28:23.314+0000][7][gc,phases   ] GC(137)   Evacuate Collection Set: 1.7ms
[2024-02-06T03:28:23.314+0000][7][gc,phases   ] GC(137)   Post Evacuate Collection Set: 0.7ms
[2024-02-06T03:28:23.314+0000][7][gc,phases   ] GC(137)   Other: 0.1ms
[2024-02-06T03:28:23.314+0000][7][gc,age      ] GC(137) Age table with threshold 15 (max threshold 15)
[2024-02-06T03:28:23.314+0000][7][gc,age      ] GC(137) - age   1:    1876872 bytes,    1876872 total
[2024-02-06T03:28:23.314+0000][7][gc,age      ] GC(137) - age   2:      22056 bytes,    1898928 total
[2024-02-06T03:28:23.314+0000][7][gc,age      ] GC(137) - age   3:       1296 bytes,    1900224 total
[2024-02-06T03:28:23.314+0000][7][gc,age      ] GC(137) - age   4:        568 bytes,    1900792 total
[2024-02-06T03:28:23.314+0000][7][gc,age      ] GC(137) - age   5:       2432 bytes,    1903224 total
[2024-02-06T03:28:23.314+0000][7][gc,age      ] GC(137) - age   8:         24 bytes,    1903248 total
[2024-02-06T03:28:23.314+0000][7][gc,age      ] GC(137) - age  10:        120 bytes,    1903368 total
[2024-02-06T03:28:23.314+0000][7][gc,age      ] GC(137) - age  11:     144816 bytes,    2048184 total
[2024-02-06T03:28:23.314+0000][7][gc,age      ] GC(137) - age  13:        312 bytes,    2048496 total
[2024-02-06T03:28:23.314+0000][7][gc,age      ] GC(137) - age  14:       8856 bytes,    2057352 total
[2024-02-06T03:28:23.314+0000][7][gc,heap     ] GC(137) Eden regions: 152->0(152)
[2024-02-06T03:28:23.314+0000][7][gc,heap     ] GC(137) Survivor regions: 1->1(20)
[2024-02-06T03:28:23.314+0000][7][gc,heap     ] GC(137) Old regions: 23->23
[2024-02-06T03:28:23.314+0000][7][gc,heap     ] GC(137) Archive regions: 2->2
[2024-02-06T03:28:23.314+0000][7][gc,heap     ] GC(137) Humongous regions: 0->0
[2024-02-06T03:28:23.314+0000][7][gc,metaspace] GC(137) Metaspace: 127166K(130560K)->127166K(130560K) NonClass: 110590K(112384K)->110590K(112384K) Class: 16575K(18176K)->16575K(18176K)
[2024-02-06T03:28:23.314+0000][7][gc          ] GC(137) Pause Young (Normal) (G1 Evacuation Pause) 704M->96M(1024M) 3.052ms
[2024-02-06T03:28:23.314+0000][7][gc,cpu      ] GC(137) User=0.01s Sys=0.00s Real=0.01s
[2024-02-06T03:28:23.315+0000][7][safepoint   ] Safepoint "G1CollectForAllocation", Time since last: 29359715435 ns, Reaching safepoint: 63210 ns, At safepoint: 3145159 ns, Total: 3208369 ns
[2024-02-06T03:31:46.517+0000][7][gc,start    ] GC(138) Pause Young (Normal) (G1 Evacuation Pause)
[2024-02-06T03:31:46.517+0000][7][gc,task     ] GC(138) Using 8 workers of 8 for evacuation
[2024-02-06T03:31:46.517+0000][7][gc,age      ] GC(138) Desired survivor size 41943040 bytes, new threshold 15 (max threshold 15)
[2024-02-06T03:31:46.520+0000][7][gc,phases   ] GC(138)   Pre Evacuate Collection Set: 0.1ms
[2024-02-06T03:31:46.520+0000][7][gc,phases   ] GC(138)   Merge Heap Roots: 0.1ms
[2024-02-06T03:31:46.520+0000][7][gc,phases   ] GC(138)   Evacuate Collection Set: 1.4ms
[2024-02-06T03:31:46.520+0000][7][gc,phases   ] GC(138)   Post Evacuate Collection Set: 0.7ms
[2024-02-06T03:31:46.520+0000][7][gc,phases   ] GC(138)   Other: 0.1ms
[2024-02-06T03:31:46.520+0000][7][gc,age      ] GC(138) Age table with threshold 15 (max threshold 15)
[2024-02-06T03:31:46.520+0000][7][gc,age      ] GC(138) - age   1:    1939352 bytes,    1939352 total
[2024-02-06T03:31:46.520+0000][7][gc,age      ] GC(138) - age   2:     103456 bytes,    2042808 total
[2024-02-06T03:31:46.520+0000][7][gc,age      ] GC(138) - age   3:      20272 bytes,    2063080 total
[2024-02-06T03:31:46.520+0000][7][gc,age      ] GC(138) - age   4:        216 bytes,    2063296 total
[2024-02-06T03:31:46.520+0000][7][gc,age      ] GC(138) - age   5:        568 bytes,    2063864 total
[2024-02-06T03:31:46.520+0000][7][gc,age      ] GC(138) - age   6:       2432 bytes,    2066296 total
[2024-02-06T03:31:46.520+0000][7][gc,age      ] GC(138) - age   9:         24 bytes,    2066320 total
[2024-02-06T03:31:46.520+0000][7][gc,age      ] GC(138) - age  11:        120 bytes,    2066440 total
[2024-02-06T03:31:46.520+0000][7][gc,age      ] GC(138) - age  12:     144816 bytes,    2211256 total
[2024-02-06T03:31:46.520+0000][7][gc,age      ] GC(138) - age  14:        312 bytes,    2211568 total
[2024-02-06T03:31:46.520+0000][7][gc,age      ] GC(138) - age  15:       8856 bytes,    2220424 total
[2024-02-06T03:31:46.520+0000][7][gc,heap     ] GC(138) Eden regions: 152->0(152)
[2024-02-06T03:31:46.520+0000][7][gc,heap     ] GC(138) Survivor regions: 1->1(20)
[2024-02-06T03:31:46.520+0000][7][gc,heap     ] GC(138) Old regions: 23->23
[2024-02-06T03:31:46.520+0000][7][gc,heap     ] GC(138) Archive regions: 2->2
[2024-02-06T03:31:46.520+0000][7][gc,heap     ] GC(138) Humongous regions: 0->0
[2024-02-06T03:31:46.520+0000][7][gc,metaspace] GC(138) Metaspace: 127167K(130560K)->127167K(130560K) NonClass: 110592K(112384K)->110592K(112384K) Class: 16575K(18176K)->16575K(18176K)
[2024-02-06T03:31:46.520+0000][7][gc          ] GC(138) Pause Young (Normal) (G1 Evacuation Pause) 704M->96M(1024M) 2.542ms
[2024-02-06T03:31:46.520+0000][7][gc,cpu      ] GC(138) User=0.01s Sys=0.00s Real=0.00s
[2024-02-06T03:31:46.520+0000][7][safepoint   ] Safepoint "G1CollectForAllocation", Time since last: 203202826585 ns, Reaching safepoint: 45951 ns, At safepoint: 2622157 ns, Total: 2668108 ns
[2024-02-06T03:32:53.527+0000][7][safepoint   ] Safepoint "Cleanup", Time since last: 67006895407 ns, Reaching safepoint: 117825 ns, At safepoint: 10417 ns, Total: 128242 ns
[2024-02-06T03:33:47.534+0000][7][safepoint   ] Safepoint "Cleanup", Time since last: 54006579340 ns, Reaching safepoint: 66414 ns, At safepoint: 6302 ns, Total: 72716 ns
[2024-02-06T03:35:10.465+0000][7][gc,start    ] GC(139) Pause Young (Normal) (G1 Evacuation Pause)
[2024-02-06T03:35:10.465+0000][7][gc,task     ] GC(139) Using 8 workers of 8 for evacuation
[2024-02-06T03:35:10.465+0000][7][gc,age      ] GC(139) Desired survivor size 41943040 bytes, new threshold 15 (max threshold 15)
[2024-02-06T03:35:10.467+0000][7][gc,phases   ] GC(139)   Pre Evacuate Collection Set: 0.1ms
[2024-02-06T03:35:10.467+0000][7][gc,phases   ] GC(139)   Merge Heap Roots: 0.1ms
[2024-02-06T03:35:10.467+0000][7][gc,phases   ] GC(139)   Evacuate Collection Set: 1.6ms
[2024-02-06T03:35:10.467+0000][7][gc,phases   ] GC(139)   Post Evacuate Collection Set: 0.8ms
[2024-02-06T03:35:10.467+0000][7][gc,phases   ] GC(139)   Other: 0.1ms
[2024-02-06T03:35:10.467+0000][7][gc,age      ] GC(139) Age table with threshold 15 (max threshold 15)
[2024-02-06T03:35:10.467+0000][7][gc,age      ] GC(139) - age   1:    1675280 bytes,    1675280 total
[2024-02-06T03:35:10.467+0000][7][gc,age      ] GC(139) - age   2:     108568 bytes,    1783848 total
[2024-02-06T03:35:10.467+0000][7][gc,age      ] GC(139) - age   3:     100384 bytes,    1884232 total
[2024-02-06T03:35:10.467+0000][7][gc,age      ] GC(139) - age   4:      16816 bytes,    1901048 total
[2024-02-06T03:35:10.467+0000][7][gc,age      ] GC(139) - age   5:        216 bytes,    1901264 total
[2024-02-06T03:35:10.467+0000][7][gc,age      ] GC(139) - age   6:        568 bytes,    1901832 total
[2024-02-06T03:35:10.467+0000][7][gc,age      ] GC(139) - age   7:       2432 bytes,    1904264 total
[2024-02-06T03:35:10.467+0000][7][gc,age      ] GC(139) - age  10:         24 bytes,    1904288 total
[2024-02-06T03:35:10.467+0000][7][gc,age      ] GC(139) - age  12:        120 bytes,    1904408 total
[2024-02-06T03:35:10.467+0000][7][gc,age      ] GC(139) - age  13:     144816 bytes,    2049224 total
[2024-02-06T03:35:10.467+0000][7][gc,age      ] GC(139) - age  15:        312 bytes,    2049536 total
[2024-02-06T03:35:10.467+0000][7][gc,heap     ] GC(139) Eden regions: 152->0(152)
[2024-02-06T03:35:10.467+0000][7][gc,heap     ] GC(139) Survivor regions: 1->1(20)
[2024-02-06T03:35:10.467+0000][7][gc,heap     ] GC(139) Old regions: 23->23
[2024-02-06T03:35:10.467+0000][7][gc,heap     ] GC(139) Archive regions: 2->2
[2024-02-06T03:35:10.467+0000][7][gc,heap     ] GC(139) Humongous regions: 0->0
[2024-02-06T03:35:10.467+0000][7][gc,metaspace] GC(139) Metaspace: 127167K(130560K)->127167K(130560K) NonClass: 110592K(112384K)->110592K(112384K) Class: 16575K(18176K)->16575K(18176K)
[2024-02-06T03:35:10.467+0000][7][gc          ] GC(139) Pause Young (Normal) (G1 Evacuation Pause) 704M->96M(1024M) 2.897ms
[2024-02-06T03:35:10.468+0000][7][gc,cpu      ] GC(139) User=0.01s Sys=0.01s Real=0.00s
[2024-02-06T03:35:10.468+0000][7][safepoint   ] Safepoint "G1CollectForAllocation", Time since last: 82930816297 ns, Reaching safepoint: 55392 ns, At safepoint: 3024318 ns, Total: 3079710 ns
[2024-02-06T03:36:46.478+0000][7][safepoint   ] Safepoint "Cleanup", Time since last: 96010751891 ns, Reaching safepoint: 105769 ns, At safepoint: 4591 ns, Total: 110360 ns
[2024-02-06T03:38:29.479+0000][7][gc,start    ] GC(140) Pause Young (Normal) (G1 Evacuation Pause)
[2024-02-06T03:38:29.479+0000][7][gc,task     ] GC(140) Using 8 workers of 8 for evacuation
[2024-02-06T03:38:29.479+0000][7][gc,age      ] GC(140) Desired survivor size 41943040 bytes, new threshold 15 (max threshold 15)
[2024-02-06T03:38:29.482+0000][7][gc,phases   ] GC(140)   Pre Evacuate Collection Set: 0.2ms
[2024-02-06T03:38:29.482+0000][7][gc,phases   ] GC(140)   Merge Heap Roots: 0.1ms
[2024-02-06T03:38:29.482+0000][7][gc,phases   ] GC(140)   Evacuate Collection Set: 1.9ms
[2024-02-06T03:38:29.482+0000][7][gc,phases   ] GC(140)   Post Evacuate Collection Set: 0.9ms
[2024-02-06T03:38:29.483+0000][7][gc,phases   ] GC(140)   Other: 0.1ms
[2024-02-06T03:38:29.483+0000][7][gc,age      ] GC(140) Age table with threshold 15 (max threshold 15)
[2024-02-06T03:38:29.483+0000][7][gc,age      ] GC(140) - age   1:    1291856 bytes,    1291856 total
[2024-02-06T03:38:29.483+0000][7][gc,age      ] GC(140) - age   2:      44936 bytes,    1336792 total
[2024-02-06T03:38:29.483+0000][7][gc,age      ] GC(140) - age   3:     106440 bytes,    1443232 total
[2024-02-06T03:38:29.483+0000][7][gc,age      ] GC(140) - age   4:      92304 bytes,    1535536 total
[2024-02-06T03:38:29.483+0000][7][gc,age      ] GC(140) - age   5:      16816 bytes,    1552352 total
[2024-02-06T03:38:29.483+0000][7][gc,age      ] GC(140) - age   6:        216 bytes,    1552568 total
[2024-02-06T03:38:29.483+0000][7][gc,age      ] GC(140) - age   7:        184 bytes,    1552752 total
[2024-02-06T03:38:29.483+0000][7][gc,age      ] GC(140) - age   8:       2400 bytes,    1555152 total
[2024-02-06T03:38:29.483+0000][7][gc,age      ] GC(140) - age  13:        120 bytes,    1555272 total
[2024-02-06T03:38:29.483+0000][7][gc,age      ] GC(140) - age  14:     144816 bytes,    1700088 total
[2024-02-06T03:38:29.483+0000][7][gc,heap     ] GC(140) Eden regions: 152->0(152)
[2024-02-06T03:38:29.483+0000][7][gc,heap     ] GC(140) Survivor regions: 1->1(20)
[2024-02-06T03:38:29.483+0000][7][gc,heap     ] GC(140) Old regions: 23->23
[2024-02-06T03:38:29.483+0000][7][gc,heap     ] GC(140) Archive regions: 2->2
[2024-02-06T03:38:29.483+0000][7][gc,heap     ] GC(140) Humongous regions: 0->0
[2024-02-06T03:38:29.483+0000][7][gc,metaspace] GC(140) Metaspace: 127168K(130560K)->127168K(130560K) NonClass: 110592K(112384K)->110592K(112384K) Class: 16575K(18176K)->16575K(18176K)
[2024-02-06T03:38:29.483+0000][7][gc          ] GC(140) Pause Young (Normal) (G1 Evacuation Pause) 704M->95M(1024M) 3.555ms
[2024-02-06T03:38:29.483+0000][7][gc,cpu      ] GC(140) User=0.02s Sys=0.00s Real=0.00s
[2024-02-06T03:38:29.483+0000][7][safepoint   ] Safepoint "G1CollectForAllocation", Time since last: 103000549906 ns, Reaching safepoint: 72954 ns, At safepoint: 3678936 ns, Total: 3751890 ns
[2024-02-06T03:38:53.486+0000][7][safepoint   ] Safepoint "Cleanup", Time since last: 24003526070 ns, Reaching safepoint: 121742 ns, At safepoint: 12545 ns, Total: 134287 ns
[2024-02-06T03:39:17.489+0000][7][safepoint   ] Safepoint "Cleanup", Time since last: 24002388858 ns, Reaching safepoint: 59570 ns, At safepoint: 6338 ns, Total: 65908 ns
[2024-02-06T03:40:47.500+0000][7][safepoint   ] Safepoint "Cleanup", Time since last: 90010806718 ns, Reaching safepoint: 60830 ns, At safepoint: 35192 ns, Total: 96022 ns
[2024-02-06T03:40:48.500+0000][7][safepoint   ] Safepoint "Cleanup", Time since last: 1000159145 ns, Reaching safepoint: 144156 ns, At safepoint: 10749 ns, Total: 154905 ns
[2024-02-06T03:40:53.501+0000][7][safepoint   ] Safepoint "Cleanup", Time since last: 5000667156 ns, Reaching safepoint: 63624 ns, At safepoint: 43300 ns, Total: 106924 ns
[2024-02-06T03:41:46.565+0000][7][gc,start    ] GC(141) Pause Young (Normal) (G1 Evacuation Pause)
[2024-02-06T03:41:46.565+0000][7][gc,task     ] GC(141) Using 8 workers of 8 for evacuation
[2024-02-06T03:41:46.565+0000][7][gc,age      ] GC(141) Desired survivor size 41943040 bytes, new threshold 15 (max threshold 15)
[2024-02-06T03:41:46.568+0000][7][gc,phases   ] GC(141)   Pre Evacuate Collection Set: 0.1ms
[2024-02-06T03:41:46.568+0000][7][gc,phases   ] GC(141)   Merge Heap Roots: 0.1ms
[2024-02-06T03:41:46.568+0000][7][gc,phases   ] GC(141)   Evacuate Collection Set: 1.9ms
[2024-02-06T03:41:46.568+0000][7][gc,phases   ] GC(141)   Post Evacuate Collection Set: 0.8ms
[2024-02-06T03:41:46.568+0000][7][gc,phases   ] GC(141)   Other: 0.1ms
[2024-02-06T03:41:46.568+0000][7][gc,age      ] GC(141) Age table with threshold 15 (max threshold 15)
[2024-02-06T03:41:46.568+0000][7][gc,age      ] GC(141) - age   1:    1718400 bytes,    1718400 total
[2024-02-06T03:41:46.568+0000][7][gc,age      ] GC(141) - age   2:      10792 bytes,    1729192 total
[2024-02-06T03:41:46.568+0000][7][gc,age      ] GC(141) - age   3:      42832 bytes,    1772024 total
[2024-02-06T03:41:46.568+0000][7][gc,age      ] GC(141) - age   4:     105368 bytes,    1877392 total
[2024-02-06T03:41:46.568+0000][7][gc,age      ] GC(141) - age   5:      92304 bytes,    1969696 total
[2024-02-06T03:41:46.568+0000][7][gc,age      ] GC(141) - age   6:      16424 bytes,    1986120 total
[2024-02-06T03:41:46.568+0000][7][gc,age      ] GC(141) - age   7:        184 bytes,    1986304 total
[2024-02-06T03:41:46.568+0000][7][gc,age      ] GC(141) - age   8:        184 bytes,    1986488 total
[2024-02-06T03:41:46.568+0000][7][gc,age      ] GC(141) - age   9:       2400 bytes,    1988888 total
[2024-02-06T03:41:46.568+0000][7][gc,age      ] GC(141) - age  14:        120 bytes,    1989008 total
[2024-02-06T03:41:46.568+0000][7][gc,age      ] GC(141) - age  15:     144816 bytes,    2133824 total
[2024-02-06T03:41:46.568+0000][7][gc,heap     ] GC(141) Eden regions: 152->0(152)
[2024-02-06T03:41:46.568+0000][7][gc,heap     ] GC(141) Survivor regions: 1->1(20)
[2024-02-06T03:41:46.568+0000][7][gc,heap     ] GC(141) Old regions: 23->23
[2024-02-06T03:41:46.568+0000][7][gc,heap     ] GC(141) Archive regions: 2->2
[2024-02-06T03:41:46.568+0000][7][gc,heap     ] GC(141) Humongous regions: 0->0
[2024-02-06T03:41:46.568+0000][7][gc,metaspace] GC(141) Metaspace: 127169K(130560K)->127169K(130560K) NonClass: 110593K(112384K)->110593K(112384K) Class: 16575K(18176K)->16575K(18176K)
[2024-02-06T03:41:46.568+0000][7][gc          ] GC(141) Pause Young (Normal) (G1 Evacuation Pause) 703M->96M(1024M) 3.312ms
[2024-02-06T03:41:46.569+0000][7][gc,cpu      ] GC(141) User=0.01s Sys=0.00s Real=0.00s
[2024-02-06T03:41:46.569+0000][7][safepoint   ] Safepoint "G1CollectForAllocation", Time since last: 53064223792 ns, Reaching safepoint: 74816 ns, At safepoint: 3413341 ns, Total: 3488157 ns
[2024-02-06T03:42:34.575+0000][7][safepoint   ] Safepoint "Cleanup", Time since last: 48006662364 ns, Reaching safepoint: 81497 ns, At safepoint: 10540 ns, Total: 92037 ns
[2024-02-06T03:44:25.589+0000][7][safepoint   ] Safepoint "Cleanup", Time since last: 111013447668 ns, Reaching safepoint: 122107 ns, At safepoint: 9424 ns, Total: 131531 ns
[2024-02-06T03:44:27.589+0000][7][safepoint   ] Safepoint "Cleanup", Time since last: 2000322164 ns, Reaching safepoint: 122350 ns, At safepoint: 17791 ns, Total: 140141 ns
[2024-02-06T03:44:28.590+0000][7][safepoint   ] Safepoint "Cleanup", Time since last: 1000250386 ns, Reaching safepoint: 102216 ns, At safepoint: 15345 ns, Total: 117561 ns
[2024-02-06T03:44:53.593+0000][7][safepoint   ] Safepoint "Cleanup", Time since last: 25003291791 ns, Reaching safepoint: 90661 ns, At safepoint: 7910 ns, Total: 98571 ns
[2024-02-06T03:45:07.491+0000][7][gc,start    ] GC(142) Pause Young (Normal) (G1 Evacuation Pause)
[2024-02-06T03:45:07.491+0000][7][gc,task     ] GC(142) Using 8 workers of 8 for evacuation
[2024-02-06T03:45:07.491+0000][7][gc,age      ] GC(142) Desired survivor size 41943040 bytes, new threshold 15 (max threshold 15)
[2024-02-06T03:45:07.494+0000][7][gc,phases   ] GC(142)   Pre Evacuate Collection Set: 0.1ms
[2024-02-06T03:45:07.494+0000][7][gc,phases   ] GC(142)   Merge Heap Roots: 0.1ms
[2024-02-06T03:45:07.494+0000][7][gc,phases   ] GC(142)   Evacuate Collection Set: 2.0ms
[2024-02-06T03:45:07.494+0000][7][gc,phases   ] GC(142)   Post Evacuate Collection Set: 0.9ms
[2024-02-06T03:45:07.494+0000][7][gc,phases   ] GC(142)   Other: 0.1ms
[2024-02-06T03:45:07.494+0000][7][gc,age      ] GC(142) Age table with threshold 15 (max threshold 15)
[2024-02-06T03:45:07.494+0000][7][gc,age      ] GC(142) - age   1:    1278424 bytes,    1278424 total
[2024-02-06T03:45:07.494+0000][7][gc,age      ] GC(142) - age   2:       4816 bytes,    1283240 total
[2024-02-06T03:45:07.494+0000][7][gc,age      ] GC(142) - age   3:        592 bytes,    1283832 total
[2024-02-06T03:45:07.494+0000][7][gc,age      ] GC(142) - age   4:      39760 bytes,    1323592 total
[2024-02-06T03:45:07.494+0000][7][gc,age      ] GC(142) - age   5:     105184 bytes,    1428776 total
[2024-02-06T03:45:07.494+0000][7][gc,age      ] GC(142) - age   6:      92304 bytes,    1521080 total
[2024-02-06T03:45:07.494+0000][7][gc,age      ] GC(142) - age   7:      16240 bytes,    1537320 total
[2024-02-06T03:45:07.494+0000][7][gc,age      ] GC(142) - age   8:        184 bytes,    1537504 total
[2024-02-06T03:45:07.494+0000][7][gc,age      ] GC(142) - age   9:        184 bytes,    1537688 total
[2024-02-06T03:45:07.494+0000][7][gc,age      ] GC(142) - age  10:       2400 bytes,    1540088 total
[2024-02-06T03:45:07.494+0000][7][gc,age      ] GC(142) - age  15:        120 bytes,    1540208 total
[2024-02-06T03:45:07.494+0000][7][gc,heap     ] GC(142) Eden regions: 152->0(152)
[2024-02-06T03:45:07.494+0000][7][gc,heap     ] GC(142) Survivor regions: 1->1(20)
[2024-02-06T03:45:07.494+0000][7][gc,heap     ] GC(142) Old regions: 23->23
[2024-02-06T03:45:07.494+0000][7][gc,heap     ] GC(142) Archive regions: 2->2
[2024-02-06T03:45:07.494+0000][7][gc,heap     ] GC(142) Humongous regions: 0->0
[2024-02-06T03:45:07.494+0000][7][gc,metaspace] GC(142) Metaspace: 127169K(130560K)->127169K(130560K) NonClass: 110593K(112384K)->110593K(112384K) Class: 16575K(18176K)->16575K(18176K)
[2024-02-06T03:45:07.494+0000][7][gc          ] GC(142) Pause Young (Normal) (G1 Evacuation Pause) 704M->95M(1024M) 3.524ms
[2024-02-06T03:45:07.494+0000][7][gc,cpu      ] GC(142) User=0.01s Sys=0.00s Real=0.01s
[2024-02-06T03:45:07.494+0000][7][safepoint   ] Safepoint "G1CollectForAllocation", Time since last: 13897390128 ns, Reaching safepoint: 65586 ns, At safepoint: 3634213 ns, Total: 3699799 ns
[2024-02-06T03:45:11.495+0000][7][safepoint   ] Safepoint "Cleanup", Time since last: 4000544291 ns, Reaching safepoint: 67765 ns, At safepoint: 7561 ns, Total: 75326 ns
[2024-02-06T03:45:32.497+0000][7][safepoint   ] Safepoint "Cleanup", Time since last: 21001992947 ns, Reaching safepoint: 123670 ns, At safepoint: 11977 ns, Total: 135647 ns
[2024-02-06T03:45:34.497+0000][7][safepoint   ] Safepoint "Cleanup", Time since last: 2000327245 ns, Reaching safepoint: 139192 ns, At safepoint: 7076 ns, Total: 146268 ns
[2024-02-06T03:45:35.498+0000][7][safepoint   ] Safepoint "Cleanup", Time since last: 1000231380 ns, Reaching safepoint: 75020 ns, At safepoint: 11820 ns, Total: 86840 ns
[2024-02-06T03:45:41.499+0000][7][safepoint   ] Safepoint "Cleanup", Time since last: 6000943581 ns, Reaching safepoint: 88805 ns, At safepoint: 45096 ns, Total: 133901 ns
[2024-02-06T03:48:22.509+0000][7][gc,start    ] GC(143) Pause Young (Normal) (G1 Evacuation Pause)
[2024-02-06T03:48:22.509+0000][7][gc,task     ] GC(143) Using 8 workers of 8 for evacuation
[2024-02-06T03:48:22.509+0000][7][gc,age      ] GC(143) Desired survivor size 41943040 bytes, new threshold 15 (max threshold 15)
[2024-02-06T03:48:22.511+0000][7][gc,phases   ] GC(143)   Pre Evacuate Collection Set: 0.1ms
[2024-02-06T03:48:22.511+0000][7][gc,phases   ] GC(143)   Merge Heap Roots: 0.1ms
[2024-02-06T03:48:22.511+0000][7][gc,phases   ] GC(143)   Evacuate Collection Set: 1.2ms
[2024-02-06T03:48:22.511+0000][7][gc,phases   ] GC(143)   Post Evacuate Collection Set: 0.7ms
[2024-02-06T03:48:22.511+0000][7][gc,phases   ] GC(143)   Other: 0.1ms
[2024-02-06T03:48:22.511+0000][7][gc,age      ] GC(143) Age table with threshold 15 (max threshold 15)
[2024-02-06T03:48:22.511+0000][7][gc,age      ] GC(143) - age   1:    2134168 bytes,    2134168 total
[2024-02-06T03:48:22.511+0000][7][gc,age      ] GC(143) - age   2:      13672 bytes,    2147840 total
[2024-02-06T03:48:22.511+0000][7][gc,age      ] GC(143) - age   3:       1544 bytes,    2149384 total
[2024-02-06T03:48:22.511+0000][7][gc,age      ] GC(143) - age   4:        504 bytes,    2149888 total
[2024-02-06T03:48:22.511+0000][7][gc,age      ] GC(143) - age   5:      39760 bytes,    2189648 total
[2024-02-06T03:48:22.511+0000][7][gc,age      ] GC(143) - age   6:     105184 bytes,    2294832 total
[2024-02-06T03:48:22.511+0000][7][gc,age      ] GC(143) - age   7:      92304 bytes,    2387136 total
[2024-02-06T03:48:22.511+0000][7][gc,age      ] GC(143) - age   8:       8224 bytes,    2395360 total
[2024-02-06T03:48:22.511+0000][7][gc,age      ] GC(143) - age   9:        184 bytes,    2395544 total
[2024-02-06T03:48:22.511+0000][7][gc,age      ] GC(143) - age  11:       2400 bytes,    2397944 total
[2024-02-06T03:48:22.512+0000][7][gc,heap     ] GC(143) Eden regions: 152->0(152)
[2024-02-06T03:48:22.512+0000][7][gc,heap     ] GC(143) Survivor regions: 1->1(20)
[2024-02-06T03:48:22.512+0000][7][gc,heap     ] GC(143) Old regions: 23->23
[2024-02-06T03:48:22.512+0000][7][gc,heap     ] GC(143) Archive regions: 2->2
[2024-02-06T03:48:22.512+0000][7][gc,heap     ] GC(143) Humongous regions: 0->0
[2024-02-06T03:48:22.512+0000][7][gc,metaspace] GC(143) Metaspace: 127169K(130560K)->127169K(130560K) NonClass: 110593K(112384K)->110593K(112384K) Class: 16575K(18176K)->16575K(18176K)
[2024-02-06T03:48:22.512+0000][7][gc          ] GC(143) Pause Young (Normal) (G1 Evacuation Pause) 703M->96M(1024M) 2.500ms
[2024-02-06T03:48:22.512+0000][7][gc,cpu      ] GC(143) User=0.01s Sys=0.00s Real=0.01s
[2024-02-06T03:48:22.512+0000][7][safepoint   ] Safepoint "G1CollectForAllocation", Time since last: 161010203217 ns, Reaching safepoint: 95604 ns, At safepoint: 2671246 ns, Total: 2766850 ns
[2024-02-06T03:50:46.527+0000][7][safepoint   ] Safepoint "Cleanup", Time since last: 144015269325 ns, Reaching safepoint: 110130 ns, At safepoint: 36380 ns, Total: 146510 ns
[2024-02-06T03:50:47.528+0000][7][safepoint   ] Safepoint "Cleanup", Time since last: 1000152371 ns, Reaching safepoint: 286422 ns, At safepoint: 43025 ns, Total: 329447 ns
[2024-02-06T03:51:46.525+0000][7][gc,start    ] GC(144) Pause Young (Normal) (G1 Evacuation Pause)
[2024-02-06T03:51:46.525+0000][7][gc,task     ] GC(144) Using 8 workers of 8 for evacuation
[2024-02-06T03:51:46.525+0000][7][gc,age      ] GC(144) Desired survivor size 41943040 bytes, new threshold 15 (max threshold 15)
[2024-02-06T03:51:46.528+0000][7][gc,phases   ] GC(144)   Pre Evacuate Collection Set: 0.1ms
[2024-02-06T03:51:46.528+0000][7][gc,phases   ] GC(144)   Merge Heap Roots: 0.1ms
[2024-02-06T03:51:46.528+0000][7][gc,phases   ] GC(144)   Evacuate Collection Set: 2.3ms
[2024-02-06T03:51:46.528+0000][7][gc,phases   ] GC(144)   Post Evacuate Collection Set: 0.7ms
[2024-02-06T03:51:46.528+0000][7][gc,phases   ] GC(144)   Other: 0.1ms
[2024-02-06T03:51:46.528+0000][7][gc,age      ] GC(144) Age table with threshold 15 (max threshold 15)
[2024-02-06T03:51:46.528+0000][7][gc,age      ] GC(144) - age   1:    1737064 bytes,    1737064 total
[2024-02-06T03:51:46.528+0000][7][gc,age      ] GC(144) - age   2:      11504 bytes,    1748568 total
[2024-02-06T03:51:46.528+0000][7][gc,age      ] GC(144) - age   3:      11336 bytes,    1759904 total
[2024-02-06T03:51:46.528+0000][7][gc,age      ] GC(144) - age   4:        576 bytes,    1760480 total
[2024-02-06T03:51:46.528+0000][7][gc,age      ] GC(144) - age   5:        504 bytes,    1760984 total
[2024-02-06T03:51:46.528+0000][7][gc,age      ] GC(144) - age   6:      39696 bytes,    1800680 total
[2024-02-06T03:51:46.528+0000][7][gc,age      ] GC(144) - age   7:     105152 bytes,    1905832 total
[2024-02-06T03:51:46.528+0000][7][gc,age      ] GC(144) - age   8:      92304 bytes,    1998136 total
[2024-02-06T03:51:46.528+0000][7][gc,age      ] GC(144) - age   9:       8224 bytes,    2006360 total
[2024-02-06T03:51:46.528+0000][7][gc,age      ] GC(144) - age  10:        184 bytes,    2006544 total
[2024-02-06T03:51:46.528+0000][7][gc,age      ] GC(144) - age  12:       2400 bytes,    2008944 total
[2024-02-06T03:51:46.528+0000][7][gc,heap     ] GC(144) Eden regions: 152->0(152)
[2024-02-06T03:51:46.528+0000][7][gc,heap     ] GC(144) Survivor regions: 1->1(20)
[2024-02-06T03:51:46.528+0000][7][gc,heap     ] GC(144) Old regions: 23->23
[2024-02-06T03:51:46.528+0000][7][gc,heap     ] GC(144) Archive regions: 2->2
[2024-02-06T03:51:46.528+0000][7][gc,heap     ] GC(144) Humongous regions: 0->0
[2024-02-06T03:51:46.528+0000][7][gc,metaspace] GC(144) Metaspace: 127170K(130560K)->127170K(130560K) NonClass: 110595K(112384K)->110595K(112384K) Class: 16575K(18176K)->16575K(18176K)
[2024-02-06T03:51:46.528+0000][7][gc          ] GC(144) Pause Young (Normal) (G1 Evacuation Pause) 704M->96M(1024M) 3.537ms
[2024-02-06T03:51:46.528+0000][7][gc,cpu      ] GC(144) User=0.02s Sys=0.00s Real=0.00s
[2024-02-06T03:51:46.528+0000][7][safepoint   ] Safepoint "G1CollectForAllocation", Time since last: 58996797274 ns, Reaching safepoint: 45059 ns, At safepoint: 3624466 ns, Total: 3669525 ns
[2024-02-06T03:52:17.531+0000][7][safepoint   ] Safepoint "Cleanup", Time since last: 31002834919 ns, Reaching safepoint: 63057 ns, At safepoint: 5218 ns, Total: 68275 ns
[2024-02-06T03:52:53.535+0000][7][safepoint   ] Safepoint "Cleanup", Time since last: 36003463455 ns, Reaching safepoint: 63047 ns, At safepoint: 6793 ns, Total: 69840 ns
[2024-02-06T03:54:17.544+0000][7][safepoint   ] Safepoint "Cleanup", Time since last: 84009503109 ns, Reaching safepoint: 105160 ns, At safepoint: 6006 ns, Total: 111166 ns
[2024-02-06T03:54:58.538+0000][7][gc,start    ] GC(145) Pause Young (Normal) (G1 Evacuation Pause)
[2024-02-06T03:54:58.538+0000][7][gc,task     ] GC(145) Using 8 workers of 8 for evacuation
[2024-02-06T03:54:58.538+0000][7][gc,age      ] GC(145) Desired survivor size 41943040 bytes, new threshold 15 (max threshold 15)
[2024-02-06T03:54:58.541+0000][7][gc,phases   ] GC(145)   Pre Evacuate Collection Set: 0.1ms
[2024-02-06T03:54:58.541+0000][7][gc,phases   ] GC(145)   Merge Heap Roots: 0.1ms
[2024-02-06T03:54:58.541+0000][7][gc,phases   ] GC(145)   Evacuate Collection Set: 1.5ms
[2024-02-06T03:54:58.541+0000][7][gc,phases   ] GC(145)   Post Evacuate Collection Set: 0.7ms
[2024-02-06T03:54:58.541+0000][7][gc,phases   ] GC(145)   Other: 0.1ms
[2024-02-06T03:54:58.541+0000][7][gc,age      ] GC(145) Age table with threshold 15 (max threshold 15)
[2024-02-06T03:54:58.541+0000][7][gc,age      ] GC(145) - age   1:    1358880 bytes,    1358880 total
[2024-02-06T03:54:58.541+0000][7][gc,age      ] GC(145) - age   2:       4384 bytes,    1363264 total
[2024-02-06T03:54:58.541+0000][7][gc,age      ] GC(145) - age   3:        464 bytes,    1363728 total
[2024-02-06T03:54:58.541+0000][7][gc,age      ] GC(145) - age   4:       8200 bytes,    1371928 total
[2024-02-06T03:54:58.541+0000][7][gc,age      ] GC(145) - age   5:        184 bytes,    1372112 total
[2024-02-06T03:54:58.541+0000][7][gc,age      ] GC(145) - age   6:        504 bytes,    1372616 total
[2024-02-06T03:54:58.541+0000][7][gc,age      ] GC(145) - age   7:      37056 bytes,    1409672 total
[2024-02-06T03:54:58.541+0000][7][gc,age      ] GC(145) - age   8:     105152 bytes,    1514824 total
[2024-02-06T03:54:58.541+0000][7][gc,age      ] GC(145) - age   9:      92304 bytes,    1607128 total
[2024-02-06T03:54:58.541+0000][7][gc,age      ] GC(145) - age  10:       8224 bytes,    1615352 total
[2024-02-06T03:54:58.541+0000][7][gc,age      ] GC(145) - age  13:       2400 bytes,    1617752 total
[2024-02-06T03:54:58.541+0000][7][gc,heap     ] GC(145) Eden regions: 152->0(152)
[2024-02-06T03:54:58.541+0000][7][gc,heap     ] GC(145) Survivor regions: 1->1(20)
[2024-02-06T03:54:58.541+0000][7][gc,heap     ] GC(145) Old regions: 23->23
[2024-02-06T03:54:58.541+0000][7][gc,heap     ] GC(145) Archive regions: 2->2
[2024-02-06T03:54:58.541+0000][7][gc,heap     ] GC(145) Humongous regions: 0->0
[2024-02-06T03:54:58.541+0000][7][gc,metaspace] GC(145) Metaspace: 127171K(130560K)->127171K(130560K) NonClass: 110595K(112384K)->110595K(112384K) Class: 16575K(18176K)->16575K(18176K)
[2024-02-06T03:54:58.541+0000][7][gc          ] GC(145) Pause Young (Normal) (G1 Evacuation Pause) 704M->96M(1024M) 2.854ms
[2024-02-06T03:54:58.541+0000][7][gc,cpu      ] GC(145) User=0.01s Sys=0.00s Real=0.00s
[2024-02-06T03:54:58.541+0000][7][safepoint   ] Safepoint "G1CollectForAllocation", Time since last: 40994120325 ns, Reaching safepoint: 60710 ns, At safepoint: 2943310 ns, Total: 3004020 ns
[2024-02-06T03:58:10.931+0000][7][gc,start    ] GC(146) Pause Young (Normal) (G1 Evacuation Pause)
[2024-02-06T03:58:10.931+0000][7][gc,task     ] GC(146) Using 8 workers of 8 for evacuation
[2024-02-06T03:58:10.931+0000][7][gc,age      ] GC(146) Desired survivor size 41943040 bytes, new threshold 15 (max threshold 15)
[2024-02-06T03:58:10.935+0000][7][gc,phases   ] GC(146)   Pre Evacuate Collection Set: 0.1ms
[2024-02-06T03:58:10.935+0000][7][gc,phases   ] GC(146)   Merge Heap Roots: 0.1ms
[2024-02-06T03:58:10.935+0000][7][gc,phases   ] GC(146)   Evacuate Collection Set: 2.5ms
[2024-02-06T03:58:10.935+0000][7][gc,phases   ] GC(146)   Post Evacuate Collection Set: 0.8ms
[2024-02-06T03:58:10.935+0000][7][gc,phases   ] GC(146)   Other: 0.1ms
[2024-02-06T03:58:10.935+0000][7][gc,age      ] GC(146) Age table with threshold 15 (max threshold 15)
[2024-02-06T03:58:10.935+0000][7][gc,age      ] GC(146) - age   1:    1723432 bytes,    1723432 total
[2024-02-06T03:58:10.935+0000][7][gc,age      ] GC(146) - age   2:     161640 bytes,    1885072 total
[2024-02-06T03:58:10.935+0000][7][gc,age      ] GC(146) - age   3:       1696 bytes,    1886768 total
[2024-02-06T03:58:10.935+0000][7][gc,age      ] GC(146) - age   4:        336 bytes,    1887104 total
[2024-02-06T03:58:10.935+0000][7][gc,age      ] GC(146) - age   5:       8200 bytes,    1895304 total
[2024-02-06T03:58:10.935+0000][7][gc,age      ] GC(146) - age   7:        120 bytes,    1895424 total
[2024-02-06T03:58:10.935+0000][7][gc,age      ] GC(146) - age   8:      37056 bytes,    1932480 total
[2024-02-06T03:58:10.935+0000][7][gc,age      ] GC(146) - age   9:     105152 bytes,    2037632 total
[2024-02-06T03:58:10.935+0000][7][gc,age      ] GC(146) - age  10:      92304 bytes,    2129936 total
[2024-02-06T03:58:10.935+0000][7][gc,age      ] GC(146) - age  11:       8224 bytes,    2138160 total
[2024-02-06T03:58:10.935+0000][7][gc,age      ] GC(146) - age  14:       2400 bytes,    2140560 total
[2024-02-06T03:58:10.935+0000][7][gc,heap     ] GC(146) Eden regions: 152->0(152)
[2024-02-06T03:58:10.935+0000][7][gc,heap     ] GC(146) Survivor regions: 1->1(20)
[2024-02-06T03:58:10.935+0000][7][gc,heap     ] GC(146) Old regions: 23->23
[2024-02-06T03:58:10.935+0000][7][gc,heap     ] GC(146) Archive regions: 2->2
[2024-02-06T03:58:10.935+0000][7][gc,heap     ] GC(146) Humongous regions: 0->0
[2024-02-06T03:58:10.935+0000][7][gc,metaspace] GC(146) Metaspace: 127171K(130560K)->127171K(130560K) NonClass: 110596K(112384K)->110596K(112384K) Class: 16575K(18176K)->16575K(18176K)
[2024-02-06T03:58:10.935+0000][7][gc          ] GC(146) Pause Young (Normal) (G1 Evacuation Pause) 704M->96M(1024M) 4.047ms
[2024-02-06T03:58:10.935+0000][7][gc,cpu      ] GC(146) User=0.02s Sys=0.00s Real=0.01s
[2024-02-06T03:58:10.935+0000][7][safepoint   ] Safepoint "G1CollectForAllocation", Time since last: 192389537994 ns, Reaching safepoint: 70100 ns, At safepoint: 4166788 ns, Total: 4236888 ns
[2024-02-06T03:58:53.941+0000][7][safepoint   ] Safepoint "Cleanup", Time since last: 43005399845 ns, Reaching safepoint: 98605 ns, At safepoint: 12056 ns, Total: 110661 ns
[2024-02-06T04:00:53.956+0000][7][safepoint   ] Safepoint "Cleanup", Time since last: 120015112346 ns, Reaching safepoint: 106677 ns, At safepoint: 9036 ns, Total: 115713 ns
[2024-02-06T04:00:58.956+0000][7][safepoint   ] Safepoint "Cleanup", Time since last: 5000535814 ns, Reaching safepoint: 72471 ns, At safepoint: 10928 ns, Total: 83399 ns
[2024-02-06T04:01:35.329+0000][7][gc,start    ] GC(147) Pause Young (Normal) (G1 Evacuation Pause)
[2024-02-06T04:01:35.329+0000][7][gc,task     ] GC(147) Using 8 workers of 8 for evacuation
[2024-02-06T04:01:35.329+0000][7][gc,age      ] GC(147) Desired survivor size 41943040 bytes, new threshold 15 (max threshold 15)
[2024-02-06T04:01:35.332+0000][7][gc,phases   ] GC(147)   Pre Evacuate Collection Set: 0.2ms
[2024-02-06T04:01:35.332+0000][7][gc,phases   ] GC(147)   Merge Heap Roots: 0.1ms
[2024-02-06T04:01:35.332+0000][7][gc,phases   ] GC(147)   Evacuate Collection Set: 1.6ms
[2024-02-06T04:01:35.332+0000][7][gc,phases   ] GC(147)   Post Evacuate Collection Set: 0.8ms
[2024-02-06T04:01:35.332+0000][7][gc,phases   ] GC(147)   Other: 0.1ms
[2024-02-06T04:01:35.332+0000][7][gc,age      ] GC(147) Age table with threshold 15 (max threshold 15)
[2024-02-06T04:01:35.332+0000][7][gc,age      ] GC(147) - age   1:    1172432 bytes,    1172432 total
[2024-02-06T04:01:35.332+0000][7][gc,age      ] GC(147) - age   2:      11864 bytes,    1184296 total
[2024-02-06T04:01:35.332+0000][7][gc,age      ] GC(147) - age   3:     160072 bytes,    1344368 total
[2024-02-06T04:01:35.332+0000][7][gc,age      ] GC(147) - age   4:        888 bytes,    1345256 total
[2024-02-06T04:01:35.332+0000][7][gc,age      ] GC(147) - age   5:        336 bytes,    1345592 total
[2024-02-06T04:01:35.332+0000][7][gc,age      ] GC(147) - age   6:       8200 bytes,    1353792 total
[2024-02-06T04:01:35.332+0000][7][gc,age      ] GC(147) - age   8:        120 bytes,    1353912 total
[2024-02-06T04:01:35.332+0000][7][gc,age      ] GC(147) - age   9:      37056 bytes,    1390968 total
[2024-02-06T04:01:35.332+0000][7][gc,age      ] GC(147) - age  10:     105152 bytes,    1496120 total
[2024-02-06T04:01:35.332+0000][7][gc,age      ] GC(147) - age  11:      92304 bytes,    1588424 total
[2024-02-06T04:01:35.332+0000][7][gc,age      ] GC(147) - age  12:        208 bytes,    1588632 total
[2024-02-06T04:01:35.332+0000][7][gc,age      ] GC(147) - age  15:       2400 bytes,    1591032 total
[2024-02-06T04:01:35.332+0000][7][gc,heap     ] GC(147) Eden regions: 152->0(152)
[2024-02-06T04:01:35.332+0000][7][gc,heap     ] GC(147) Survivor regions: 1->1(20)
[2024-02-06T04:01:35.332+0000][7][gc,heap     ] GC(147) Old regions: 23->23
[2024-02-06T04:01:35.332+0000][7][gc,heap     ] GC(147) Archive regions: 2->2
[2024-02-06T04:01:35.332+0000][7][gc,heap     ] GC(147) Humongous regions: 0->0
[2024-02-06T04:01:35.332+0000][7][gc,metaspace] GC(147) Metaspace: 127172K(130560K)->127172K(130560K) NonClass: 110596K(112384K)->110596K(112384K) Class: 16575K(18176K)->16575K(18176K)
[2024-02-06T04:01:35.332+0000][7][gc          ] GC(147) Pause Young (Normal) (G1 Evacuation Pause) 704M->96M(1024M) 3.079ms
[2024-02-06T04:01:35.332+0000][7][gc,cpu      ] GC(147) User=0.02s Sys=0.00s Real=0.01s
[2024-02-06T04:01:35.332+0000][7][safepoint   ] Safepoint "G1CollectForAllocation", Time since last: 36372511857 ns, Reaching safepoint: 86178 ns, At safepoint: 3176393 ns, Total: 3262571 ns
[2024-02-06T04:01:54.334+0000][7][safepoint   ] Safepoint "Cleanup", Time since last: 19001943427 ns, Reaching safepoint: 97195 ns, At safepoint: 12910 ns, Total: 110105 ns
[2024-02-06T04:07:50.568+0000][7][gc,start    ] GC(148) Pause Young (Normal) (G1 Evacuation Pause)
[2024-02-06T04:07:50.568+0000][7][gc,task     ] GC(148) Using 8 workers of 8 for evacuation
[2024-02-06T04:07:50.568+0000][7][gc,age      ] GC(148) Desired survivor size 41943040 bytes, new threshold 15 (max threshold 15)
[2024-02-06T04:07:50.571+0000][7][gc,phases   ] GC(148)   Pre Evacuate Collection Set: 0.1ms
[2024-02-06T04:07:50.571+0000][7][gc,phases   ] GC(148)   Merge Heap Roots: 0.1ms
[2024-02-06T04:07:50.571+0000][7][gc,phases   ] GC(148)   Evacuate Collection Set: 1.9ms
[2024-02-06T04:07:50.571+0000][7][gc,phases   ] GC(148)   Post Evacuate Collection Set: 1.0ms
[2024-02-06T04:07:50.571+0000][7][gc,phases   ] GC(148)   Other: 0.1ms
[2024-02-06T04:07:50.571+0000][7][gc,age      ] GC(148) Age table with threshold 15 (max threshold 15)
[2024-02-06T04:07:50.571+0000][7][gc,age      ] GC(148) - age   1:    1583024 bytes,    1583024 total
[2024-02-06T04:07:50.572+0000][7][gc,age      ] GC(148) - age   2:      11208 bytes,    1594232 total
[2024-02-06T04:07:50.572+0000][7][gc,age      ] GC(148) - age   3:       8528 bytes,    1602760 total
[2024-02-06T04:07:50.572+0000][7][gc,age      ] GC(148) - age   4:     151960 bytes,    1754720 total
[2024-02-06T04:07:50.572+0000][7][gc,age      ] GC(148) - age   5:        704 bytes,    1755424 total
[2024-02-06T04:07:50.572+0000][7][gc,age      ] GC(148) - age   6:        336 bytes,    1755760 total
[2024-02-06T04:07:50.572+0000][7][gc,age      ] GC(148) - age   7:       8200 bytes,    1763960 total
[2024-02-06T04:07:50.572+0000][7][gc,age      ] GC(148) - age   9:        120 bytes,    1764080 total
[2024-02-06T04:07:50.572+0000][7][gc,age      ] GC(148) - age  10:      37056 bytes,    1801136 total
[2024-02-06T04:07:50.572+0000][7][gc,age      ] GC(148) - age  11:     105152 bytes,    1906288 total
[2024-02-06T04:07:50.572+0000][7][gc,age      ] GC(148) - age  12:      92304 bytes,    1998592 total
[2024-02-06T04:07:50.572+0000][7][gc,age      ] GC(148) - age  13:        208 bytes,    1998800 total
[2024-02-06T04:07:50.572+0000][7][gc,heap     ] GC(148) Eden regions: 152->0(152)
[2024-02-06T04:07:50.572+0000][7][gc,heap     ] GC(148) Survivor regions: 1->1(20)
[2024-02-06T04:07:50.572+0000][7][gc,heap     ] GC(148) Old regions: 23->23
[2024-02-06T04:07:50.572+0000][7][gc,heap     ] GC(148) Archive regions: 2->2
[2024-02-06T04:07:50.572+0000][7][gc,heap     ] GC(148) Humongous regions: 0->0
[2024-02-06T04:07:50.572+0000][7][gc,metaspace] GC(148) Metaspace: 127172K(130560K)->127172K(130560K) NonClass: 110596K(112384K)->110596K(112384K) Class: 16575K(18176K)->16575K(18176K)
[2024-02-06T04:07:50.572+0000][7][gc          ] GC(148) Pause Young (Normal) (G1 Evacuation Pause) 704M->96M(1024M) 3.592ms
[2024-02-06T04:07:50.572+0000][7][gc,cpu      ] GC(148) User=0.02s Sys=0.00s Real=0.00s
[2024-02-06T04:07:50.572+0000][7][safepoint   ] Safepoint "G1CollectForAllocation", Time since last: 169684362617 ns, Reaching safepoint: 83695 ns, At safepoint: 3697983 ns, Total: 3781678 ns
[2024-02-06T17:35:01.747+0000][7][safepoint   ] Safepoint "Cleanup", Time since last: 11955146642 ns, Reaching safepoint: 34871 ns, At safepoint: 6852 ns, Total: 41723 ns
[2024-02-06T17:35:02.747+0000][7][safepoint   ] Safepoint "Cleanup", Time since last: 1000417817 ns, Reaching safepoint: 60794 ns, At safepoint: 10470 ns, Total: 71264 ns
[2024-02-06T17:35:05.748+0000][7][safepoint   ] Safepoint "Cleanup", Time since last: 3000537232 ns, Reaching safepoint: 97108 ns, At safepoint: 11511 ns, Total: 108619 ns
[2024-02-06T17:35:43.752+0000][7][safepoint   ] Safepoint "Cleanup", Time since last: 38003788559 ns, Reaching safepoint: 82920 ns, At safepoint: 9051 ns, Total: 91971 ns
[2024-02-06T17:35:50.753+0000][7][safepoint   ] Safepoint "Cleanup", Time since last: 7000625371 ns, Reaching safepoint: 104966 ns, At safepoint: 7686 ns, Total: 112652 ns
[2024-02-06T17:35:56.753+0000][7][safepoint   ] Safepoint "Cleanup", Time since last: 6000684020 ns, Reaching safepoint: 53901 ns, At safepoint: 33026 ns, Total: 86927 ns
[2024-02-06T17:36:52.760+0000][7][safepoint   ] Safepoint "Cleanup", Time since last: 56006758157 ns, Reaching safepoint: 158338 ns, At safepoint: 11109 ns, Total: 169447 ns
[2024-02-06T17:37:25.788+0000][7][gc,start    ] GC(149) Pause Young (Normal) (G1 Evacuation Pause)
[2024-02-06T17:37:25.788+0000][7][gc,task     ] GC(149) Using 8 workers of 8 for evacuation
[2024-02-06T17:37:25.788+0000][7][gc,age      ] GC(149) Desired survivor size 41943040 bytes, new threshold 15 (max threshold 15)
[2024-02-06T17:37:25.791+0000][7][gc,phases   ] GC(149)   Pre Evacuate Collection Set: 0.1ms
[2024-02-06T17:37:25.791+0000][7][gc,phases   ] GC(149)   Merge Heap Roots: 0.1ms
[2024-02-06T17:37:25.791+0000][7][gc,phases   ] GC(149)   Evacuate Collection Set: 2.4ms
[2024-02-06T17:37:25.791+0000][7][gc,phases   ] GC(149)   Post Evacuate Collection Set: 0.7ms
[2024-02-06T17:37:25.791+0000][7][gc,phases   ] GC(149)   Other: 0.1ms
[2024-02-06T17:37:25.791+0000][7][gc,age      ] GC(149) Age table with threshold 15 (max threshold 15)
[2024-02-06T17:37:25.791+0000][7][gc,age      ] GC(149) - age   1:    2470272 bytes,    2470272 total
[2024-02-06T17:37:25.791+0000][7][gc,age      ] GC(149) - age   2:       2488 bytes,    2472760 total
[2024-02-06T17:37:25.791+0000][7][gc,age      ] GC(149) - age   3:       9672 bytes,    2482432 total
[2024-02-06T17:37:25.791+0000][7][gc,age      ] GC(149) - age   4:        384 bytes,    2482816 total
[2024-02-06T17:37:25.791+0000][7][gc,age      ] GC(149) - age   5:       9360 bytes,    2492176 total
[2024-02-06T17:37:25.791+0000][7][gc,age      ] GC(149) - age   6:        520 bytes,    2492696 total
[2024-02-06T17:37:25.791+0000][7][gc,age      ] GC(149) - age   7:        336 bytes,    2493032 total
[2024-02-06T17:37:25.791+0000][7][gc,age      ] GC(149) - age   8:       8200 bytes,    2501232 total
[2024-02-06T17:37:25.791+0000][7][gc,age      ] GC(149) - age  11:        128 bytes,    2501360 total
[2024-02-06T17:37:25.791+0000][7][gc,age      ] GC(149) - age  12:      19960 bytes,    2521320 total
[2024-02-06T17:37:25.791+0000][7][gc,age      ] GC(149) - age  13:      91360 bytes,    2612680 total
[2024-02-06T17:37:25.792+0000][7][gc,age      ] GC(149) - age  14:        208 bytes,    2612888 total
[2024-02-06T17:37:25.792+0000][7][gc,heap     ] GC(149) Eden regions: 152->0(152)
[2024-02-06T17:37:25.792+0000][7][gc,heap     ] GC(149) Survivor regions: 1->1(20)
[2024-02-06T17:37:25.792+0000][7][gc,heap     ] GC(149) Old regions: 23->23
[2024-02-06T17:37:25.792+0000][7][gc,heap     ] GC(149) Archive regions: 2->2
[2024-02-06T17:37:25.792+0000][7][gc,heap     ] GC(149) Humongous regions: 0->0
[2024-02-06T17:37:25.792+0000][7][gc,metaspace] GC(149) Metaspace: 127185K(130560K)->127185K(130560K) NonClass: 110609K(112384K)->110609K(112384K) Class: 16576K(18176K)->16576K(18176K)
[2024-02-06T17:37:25.792+0000][7][gc          ] GC(149) Pause Young (Normal) (G1 Evacuation Pause) 704M->96M(1024M) 3.697ms
[2024-02-06T17:37:25.792+0000][7][gc,cpu      ] GC(149) User=0.02s Sys=0.00s Real=0.00s
[2024-02-06T17:37:25.792+0000][7][safepoint   ] Safepoint "G1CollectForAllocation", Time since last: 33027586353 ns, Reaching safepoint: 43655 ns, At safepoint: 3788366 ns, Total: 3832021 ns
[2024-02-06T17:37:26.792+0000][7][safepoint   ] Safepoint "Cleanup", Time since last: 1000161825 ns, Reaching safepoint: 146374 ns, At safepoint: 5570 ns, Total: 151944 ns
[2024-02-06T17:38:00.797+0000][7][safepoint   ] Safepoint "Cleanup", Time since last: 34004497318 ns, Reaching safepoint: 83040 ns, At safepoint: 7338 ns, Total: 90378 ns
[2024-02-06T17:40:01.883+0000][7][gc,start    ] GC(150) Pause Young (Normal) (G1 Evacuation Pause)
[2024-02-06T17:40:01.883+0000][7][gc,task     ] GC(150) Using 8 workers of 8 for evacuation
[2024-02-06T17:40:01.883+0000][7][gc,age      ] GC(150) Desired survivor size 41943040 bytes, new threshold 15 (max threshold 15)
[2024-02-06T17:40:01.886+0000][7][gc,phases   ] GC(150)   Pre Evacuate Collection Set: 0.1ms
[2024-02-06T17:40:01.886+0000][7][gc,phases   ] GC(150)   Merge Heap Roots: 0.1ms
[2024-02-06T17:40:01.886+0000][7][gc,phases   ] GC(150)   Evacuate Collection Set: 1.9ms
[2024-02-06T17:40:01.886+0000][7][gc,phases   ] GC(150)   Post Evacuate Collection Set: 0.9ms
[2024-02-06T17:40:01.886+0000][7][gc,phases   ] GC(150)   Other: 0.1ms
[2024-02-06T17:40:01.886+0000][7][gc,age      ] GC(150) Age table with threshold 15 (max threshold 15)
[2024-02-06T17:40:01.886+0000][7][gc,age      ] GC(150) - age   1:    1554424 bytes,    1554424 total
[2024-02-06T17:40:01.886+0000][7][gc,age      ] GC(150) - age   2:     624744 bytes,    2179168 total
[2024-02-06T17:40:01.886+0000][7][gc,age      ] GC(150) - age   3:        184 bytes,    2179352 total
[2024-02-06T17:40:01.886+0000][7][gc,age      ] GC(150) - age   4:       9424 bytes,    2188776 total
[2024-02-06T17:40:01.886+0000][7][gc,age      ] GC(150) - age   5:        384 bytes,    2189160 total
[2024-02-06T17:40:01.886+0000][7][gc,age      ] GC(150) - age   6:       8968 bytes,    2198128 total
[2024-02-06T17:40:01.886+0000][7][gc,age      ] GC(150) - age   7:        520 bytes,    2198648 total
[2024-02-06T17:40:01.886+0000][7][gc,age      ] GC(150) - age   8:        336 bytes,    2198984 total
[2024-02-06T17:40:01.886+0000][7][gc,age      ] GC(150) - age   9:       8200 bytes,    2207184 total
[2024-02-06T17:40:01.886+0000][7][gc,age      ] GC(150) - age  13:      19832 bytes,    2227016 total
[2024-02-06T17:40:01.886+0000][7][gc,age      ] GC(150) - age  14:      91360 bytes,    2318376 total
[2024-02-06T17:40:01.886+0000][7][gc,age      ] GC(150) - age  15:        208 bytes,    2318584 total
[2024-02-06T17:40:01.886+0000][7][gc,heap     ] GC(150) Eden regions: 152->0(152)
[2024-02-06T17:40:01.886+0000][7][gc,heap     ] GC(150) Survivor regions: 1->1(20)
[2024-02-06T17:40:01.886+0000][7][gc,heap     ] GC(150) Old regions: 23->23
[2024-02-06T17:40:01.886+0000][7][gc,heap     ] GC(150) Archive regions: 2->2
[2024-02-06T17:40:01.886+0000][7][gc,heap     ] GC(150) Humongous regions: 0->0
[2024-02-06T17:40:01.886+0000][7][gc,metaspace] GC(150) Metaspace: 127185K(130560K)->127185K(130560K) NonClass: 110609K(112384K)->110609K(112384K) Class: 16576K(18176K)->16576K(18176K)
[2024-02-06T17:40:01.886+0000][7][gc          ] GC(150) Pause Young (Normal) (G1 Evacuation Pause) 704M->96M(1024M) 3.475ms
[2024-02-06T17:40:01.886+0000][7][gc,cpu      ] GC(150) User=0.02s Sys=0.00s Real=0.00s
[2024-02-06T17:40:01.886+0000][7][safepoint   ] Safepoint "G1CollectForAllocation", Time since last: 121086028584 ns, Reaching safepoint: 173054 ns, At safepoint: 3576499 ns, Total: 3749553 ns
[2024-02-06T17:41:04.897+0000][7][safepoint   ] Safepoint "Cleanup", Time since last: 63010704428 ns, Reaching safepoint: 128082 ns, At safepoint: 10890 ns, Total: 138972 ns
[2024-02-06T17:42:37.642+0000][7][gc,start    ] GC(151) Pause Young (Normal) (G1 Evacuation Pause)
[2024-02-06T17:42:37.642+0000][7][gc,task     ] GC(151) Using 8 workers of 8 for evacuation
[2024-02-06T17:42:37.642+0000][7][gc,age      ] GC(151) Desired survivor size 41943040 bytes, new threshold 15 (max threshold 15)
[2024-02-06T17:42:37.645+0000][7][gc,phases   ] GC(151)   Pre Evacuate Collection Set: 0.1ms
[2024-02-06T17:42:37.645+0000][7][gc,phases   ] GC(151)   Merge Heap Roots: 0.1ms
[2024-02-06T17:42:37.645+0000][7][gc,phases   ] GC(151)   Evacuate Collection Set: 1.9ms
[2024-02-06T17:42:37.646+0000][7][gc,phases   ] GC(151)   Post Evacuate Collection Set: 1.0ms
[2024-02-06T17:42:37.646+0000][7][gc,phases   ] GC(151)   Other: 0.1ms
[2024-02-06T17:42:37.646+0000][7][gc,age      ] GC(151) Age table with threshold 15 (max threshold 15)
[2024-02-06T17:42:37.646+0000][7][gc,age      ] GC(151) - age   1:    1439448 bytes,    1439448 total
[2024-02-06T17:42:37.646+0000][7][gc,age      ] GC(151) - age   2:       4840 bytes,    1444288 total
[2024-02-06T17:42:37.646+0000][7][gc,age      ] GC(151) - age   3:     500008 bytes,    1944296 total
[2024-02-06T17:42:37.646+0000][7][gc,age      ] GC(151) - age   4:        184 bytes,    1944480 total
[2024-02-06T17:42:37.646+0000][7][gc,age      ] GC(151) - age   5:       8552 bytes,    1953032 total
[2024-02-06T17:42:37.646+0000][7][gc,age      ] GC(151) - age   6:        384 bytes,    1953416 total
[2024-02-06T17:42:37.646+0000][7][gc,age      ] GC(151) - age   7:       8968 bytes,    1962384 total
[2024-02-06T17:42:37.646+0000][7][gc,age      ] GC(151) - age   8:        488 bytes,    1962872 total
[2024-02-06T17:42:37.646+0000][7][gc,age      ] GC(151) - age   9:        336 bytes,    1963208 total
[2024-02-06T17:42:37.646+0000][7][gc,age      ] GC(151) - age  10:        184 bytes,    1963392 total
[2024-02-06T17:42:37.646+0000][7][gc,age      ] GC(151) - age  14:        272 bytes,    1963664 total
[2024-02-06T17:42:37.646+0000][7][gc,age      ] GC(151) - age  15:      91360 bytes,    2055024 total
[2024-02-06T17:42:37.646+0000][7][gc,heap     ] GC(151) Eden regions: 152->0(152)
[2024-02-06T17:42:37.646+0000][7][gc,heap     ] GC(151) Survivor regions: 1->1(20)
[2024-02-06T17:42:37.646+0000][7][gc,heap     ] GC(151) Old regions: 23->23
[2024-02-06T17:42:37.646+0000][7][gc,heap     ] GC(151) Archive regions: 2->2
[2024-02-06T17:42:37.646+0000][7][gc,heap     ] GC(151) Humongous regions: 0->0
[2024-02-06T17:42:37.646+0000][7][gc,metaspace] GC(151) Metaspace: 127188K(130560K)->127188K(130560K) NonClass: 110612K(112384K)->110612K(112384K) Class: 16576K(18176K)->16576K(18176K)
[2024-02-06T17:42:37.646+0000][7][gc          ] GC(151) Pause Young (Normal) (G1 Evacuation Pause) 704M->96M(1024M) 3.610ms
[2024-02-06T17:42:37.646+0000][7][gc,cpu      ] GC(151) User=0.02s Sys=0.00s Real=0.00s
[2024-02-06T17:42:37.646+0000][7][safepoint   ] Safepoint "G1CollectForAllocation", Time since last: 92744792120 ns, Reaching safepoint: 114908 ns, At safepoint: 3717017 ns, Total: 3831925 ns
[2024-02-06T17:43:26.655+0000][7][safepoint   ] Safepoint "Cleanup", Time since last: 49009092558 ns, Reaching safepoint: 87580 ns, At safepoint: 9568 ns, Total: 97148 ns
[2024-02-06T17:45:11.839+0000][7][gc,start    ] GC(152) Pause Young (Normal) (G1 Evacuation Pause)
[2024-02-06T17:45:11.839+0000][7][gc,task     ] GC(152) Using 8 workers of 8 for evacuation
[2024-02-06T17:45:11.839+0000][7][gc,age      ] GC(152) Desired survivor size 41943040 bytes, new threshold 15 (max threshold 15)
[2024-02-06T17:45:11.842+0000][7][gc,phases   ] GC(152)   Pre Evacuate Collection Set: 0.1ms
[2024-02-06T17:45:11.842+0000][7][gc,phases   ] GC(152)   Merge Heap Roots: 0.1ms
[2024-02-06T17:45:11.842+0000][7][gc,phases   ] GC(152)   Evacuate Collection Set: 1.5ms
[2024-02-06T17:45:11.842+0000][7][gc,phases   ] GC(152)   Post Evacuate Collection Set: 1.0ms
[2024-02-06T17:45:11.842+0000][7][gc,phases   ] GC(152)   Other: 0.1ms
[2024-02-06T17:45:11.842+0000][7][gc,age      ] GC(152) Age table with threshold 15 (max threshold 15)
[2024-02-06T17:45:11.842+0000][7][gc,age      ] GC(152) - age   1:     952320 bytes,     952320 total
[2024-02-06T17:45:11.842+0000][7][gc,age      ] GC(152) - age   2:     155488 bytes,    1107808 total
[2024-02-06T17:45:11.842+0000][7][gc,age      ] GC(152) - age   3:       2408 bytes,    1110216 total
[2024-02-06T17:45:11.842+0000][7][gc,age      ] GC(152) - age   4:     496680 bytes,    1606896 total
[2024-02-06T17:45:11.842+0000][7][gc,age      ] GC(152) - age   5:        184 bytes,    1607080 total
[2024-02-06T17:45:11.842+0000][7][gc,age      ] GC(152) - age   6:       8552 bytes,    1615632 total
[2024-02-06T17:45:11.842+0000][7][gc,age      ] GC(152) - age   8:       8784 bytes,    1624416 total
[2024-02-06T17:45:11.842+0000][7][gc,age      ] GC(152) - age   9:        488 bytes,    1624904 total
[2024-02-06T17:45:11.842+0000][7][gc,age      ] GC(152) - age  10:        336 bytes,    1625240 total
[2024-02-06T17:45:11.842+0000][7][gc,age      ] GC(152) - age  15:        272 bytes,    1625512 total
[2024-02-06T17:45:11.842+0000][7][gc,heap     ] GC(152) Eden regions: 152->0(152)
[2024-02-06T17:45:11.842+0000][7][gc,heap     ] GC(152) Survivor regions: 1->1(20)
[2024-02-06T17:45:11.842+0000][7][gc,heap     ] GC(152) Old regions: 23->23
[2024-02-06T17:45:11.842+0000][7][gc,heap     ] GC(152) Archive regions: 2->2
[2024-02-06T17:45:11.842+0000][7][gc,heap     ] GC(152) Humongous regions: 0->0
[2024-02-06T17:45:11.842+0000][7][gc,metaspace] GC(152) Metaspace: 127189K(130560K)->127189K(130560K) NonClass: 110613K(112384K)->110613K(112384K) Class: 16576K(18176K)->16576K(18176K)
[2024-02-06T17:45:11.842+0000][7][gc          ] GC(152) Pause Young (Normal) (G1 Evacuation Pause) 704M->96M(1024M) 3.161ms
[2024-02-06T17:45:11.842+0000][7][gc,cpu      ] GC(152) User=0.02s Sys=0.00s Real=0.01s
[2024-02-06T17:45:11.842+0000][7][safepoint   ] Safepoint "G1CollectForAllocation", Time since last: 105184083069 ns, Reaching safepoint: 86247 ns, At safepoint: 3268230 ns, Total: 3354477 ns
[2024-02-06T17:47:43.768+0000][7][gc,start    ] GC(153) Pause Young (Normal) (G1 Evacuation Pause)
[2024-02-06T17:47:43.768+0000][7][gc,task     ] GC(153) Using 8 workers of 8 for evacuation
[2024-02-06T17:47:43.768+0000][7][gc,age      ] GC(153) Desired survivor size 41943040 bytes, new threshold 15 (max threshold 15)
[2024-02-06T17:47:43.771+0000][7][gc,phases   ] GC(153)   Pre Evacuate Collection Set: 0.1ms
[2024-02-06T17:47:43.771+0000][7][gc,phases   ] GC(153)   Merge Heap Roots: 0.1ms
[2024-02-06T17:47:43.771+0000][7][gc,phases   ] GC(153)   Evacuate Collection Set: 1.7ms
[2024-02-06T17:47:43.771+0000][7][gc,phases   ] GC(153)   Post Evacuate Collection Set: 0.9ms
[2024-02-06T17:47:43.771+0000][7][gc,phases   ] GC(153)   Other: 0.1ms
[2024-02-06T17:47:43.771+0000][7][gc,age      ] GC(153) Age table with threshold 15 (max threshold 15)
[2024-02-06T17:47:43.771+0000][7][gc,age      ] GC(153) - age   1:     964000 bytes,     964000 total
[2024-02-06T17:47:43.771+0000][7][gc,age      ] GC(153) - age   2:       5728 bytes,     969728 total
[2024-02-06T17:47:43.771+0000][7][gc,age      ] GC(153) - age   3:     145920 bytes,    1115648 total
[2024-02-06T17:47:43.771+0000][7][gc,age      ] GC(153) - age   4:       1088 bytes,    1116736 total
[2024-02-06T17:47:43.771+0000][7][gc,age      ] GC(153) - age   5:     496496 bytes,    1613232 total
[2024-02-06T17:47:43.771+0000][7][gc,age      ] GC(153) - age   6:        184 bytes,    1613416 total
[2024-02-06T17:47:43.771+0000][7][gc,age      ] GC(153) - age   7:       8552 bytes,    1621968 total
[2024-02-06T17:47:43.772+0000][7][gc,age      ] GC(153) - age   9:       8784 bytes,    1630752 total
[2024-02-06T17:47:43.772+0000][7][gc,age      ] GC(153) - age  10:        488 bytes,    1631240 total
[2024-02-06T17:47:43.772+0000][7][gc,age      ] GC(153) - age  11:        336 bytes,    1631576 total
[2024-02-06T17:47:43.772+0000][7][gc,heap     ] GC(153) Eden regions: 152->0(152)
[2024-02-06T17:47:43.772+0000][7][gc,heap     ] GC(153) Survivor regions: 1->1(20)
[2024-02-06T17:47:43.772+0000][7][gc,heap     ] GC(153) Old regions: 23->23
[2024-02-06T17:47:43.772+0000][7][gc,heap     ] GC(153) Archive regions: 2->2
[2024-02-06T17:47:43.772+0000][7][gc,heap     ] GC(153) Humongous regions: 0->0
[2024-02-06T17:47:43.772+0000][7][gc,metaspace] GC(153) Metaspace: 127189K(130560K)->127189K(130560K) NonClass: 110613K(112384K)->110613K(112384K) Class: 16576K(18176K)->16576K(18176K)
[2024-02-06T17:47:43.772+0000][7][gc          ] GC(153) Pause Young (Normal) (G1 Evacuation Pause) 704M->96M(1024M) 3.191ms
[2024-02-06T17:47:43.772+0000][7][gc,cpu      ] GC(153) User=0.01s Sys=0.00s Real=0.00s
[2024-02-06T17:47:43.772+0000][7][safepoint   ] Safepoint "G1CollectForAllocation", Time since last: 151925927937 ns, Reaching safepoint: 44361 ns, At safepoint: 3295866 ns, Total: 3340227 ns
[2024-02-06T17:48:38.779+0000][7][safepoint   ] Safepoint "Cleanup", Time since last: 55007300959 ns, Reaching safepoint: 105663 ns, At safepoint: 14458 ns, Total: 120121 ns
[2024-02-06T17:50:13.800+0000][7][gc,start    ] GC(154) Pause Young (Normal) (G1 Evacuation Pause)
[2024-02-06T17:50:13.800+0000][7][gc,task     ] GC(154) Using 8 workers of 8 for evacuation
[2024-02-06T17:50:13.800+0000][7][gc,age      ] GC(154) Desired survivor size 41943040 bytes, new threshold 15 (max threshold 15)
[2024-02-06T17:50:13.802+0000][7][gc,phases   ] GC(154)   Pre Evacuate Collection Set: 0.1ms
[2024-02-06T17:50:13.802+0000][7][gc,phases   ] GC(154)   Merge Heap Roots: 0.1ms
[2024-02-06T17:50:13.802+0000][7][gc,phases   ] GC(154)   Evacuate Collection Set: 1.1ms
[2024-02-06T17:50:13.802+0000][7][gc,phases   ] GC(154)   Post Evacuate Collection Set: 0.8ms
[2024-02-06T17:50:13.802+0000][7][gc,phases   ] GC(154)   Other: 0.1ms
[2024-02-06T17:50:13.802+0000][7][gc,age      ] GC(154) Age table with threshold 15 (max threshold 15)
[2024-02-06T17:50:13.802+0000][7][gc,age      ] GC(154) - age   1:     689504 bytes,     689504 total
[2024-02-06T17:50:13.802+0000][7][gc,age      ] GC(154) - age   2:      11064 bytes,     700568 total
[2024-02-06T17:50:13.802+0000][7][gc,age      ] GC(154) - age   3:       4064 bytes,     704632 total
[2024-02-06T17:50:13.802+0000][7][gc,age      ] GC(154) - age   4:     145728 bytes,     850360 total
[2024-02-06T17:50:13.802+0000][7][gc,age      ] GC(154) - age   5:       1024 bytes,     851384 total
[2024-02-06T17:50:13.803+0000][7][gc,age      ] GC(154) - age   6:     496496 bytes,    1347880 total
[2024-02-06T17:50:13.803+0000][7][gc,age      ] GC(154) - age   7:        184 bytes,    1348064 total
[2024-02-06T17:50:13.803+0000][7][gc,age      ] GC(154) - age   8:       8552 bytes,    1356616 total
[2024-02-06T17:50:13.803+0000][7][gc,age      ] GC(154) - age  10:       8784 bytes,    1365400 total
[2024-02-06T17:50:13.803+0000][7][gc,age      ] GC(154) - age  11:        488 bytes,    1365888 total
[2024-02-06T17:50:13.803+0000][7][gc,age      ] GC(154) - age  12:        336 bytes,    1366224 total
[2024-02-06T17:50:13.803+0000][7][gc,heap     ] GC(154) Eden regions: 152->0(152)
[2024-02-06T17:50:13.803+0000][7][gc,heap     ] GC(154) Survivor regions: 1->1(20)
[2024-02-06T17:50:13.803+0000][7][gc,heap     ] GC(154) Old regions: 23->23
[2024-02-06T17:50:13.803+0000][7][gc,heap     ] GC(154) Archive regions: 2->2
[2024-02-06T17:50:13.803+0000][7][gc,heap     ] GC(154) Humongous regions: 0->0
[2024-02-06T17:50:13.803+0000][7][gc,metaspace] GC(154) Metaspace: 127189K(130560K)->127189K(130560K) NonClass: 110613K(112384K)->110613K(112384K) Class: 16576K(18176K)->16576K(18176K)
[2024-02-06T17:50:13.803+0000][7][gc          ] GC(154) Pause Young (Normal) (G1 Evacuation Pause) 704M->95M(1024M) 2.506ms
[2024-02-06T17:50:13.803+0000][7][gc,cpu      ] GC(154) User=0.01s Sys=0.00s Real=0.01s
[2024-02-06T17:50:13.803+0000][7][safepoint   ] Safepoint "G1CollectForAllocation", Time since last: 95020901965 ns, Reaching safepoint: 76507 ns, At safepoint: 2597664 ns, Total: 2674171 ns
[2024-02-06T17:50:59.810+0000][7][safepoint   ] Safepoint "Cleanup", Time since last: 46006846817 ns, Reaching safepoint: 87388 ns, At safepoint: 9521 ns, Total: 96909 ns
[2024-02-06T17:51:16.812+0000][7][safepoint   ] Safepoint "Cleanup", Time since last: 17002720238 ns, Reaching safepoint: 130607 ns, At safepoint: 15701 ns, Total: 146308 ns
[2024-02-06T17:52:49.796+0000][7][gc,start    ] GC(155) Pause Young (Normal) (G1 Evacuation Pause)
[2024-02-06T17:52:49.796+0000][7][gc,task     ] GC(155) Using 8 workers of 8 for evacuation
[2024-02-06T17:52:49.796+0000][7][gc,age      ] GC(155) Desired survivor size 41943040 bytes, new threshold 15 (max threshold 15)
[2024-02-06T17:52:49.799+0000][7][gc,phases   ] GC(155)   Pre Evacuate Collection Set: 0.1ms
[2024-02-06T17:52:49.799+0000][7][gc,phases   ] GC(155)   Merge Heap Roots: 0.1ms
[2024-02-06T17:52:49.799+0000][7][gc,phases   ] GC(155)   Evacuate Collection Set: 1.0ms
[2024-02-06T17:52:49.799+0000][7][gc,phases   ] GC(155)   Post Evacuate Collection Set: 0.8ms
[2024-02-06T17:52:49.799+0000][7][gc,phases   ] GC(155)   Other: 0.1ms
[2024-02-06T17:52:49.799+0000][7][gc,age      ] GC(155) Age table with threshold 15 (max threshold 15)
[2024-02-06T17:52:49.799+0000][7][gc,age      ] GC(155) - age   1:     467624 bytes,     467624 total
[2024-02-06T17:52:49.799+0000][7][gc,age      ] GC(155) - age   2:       1240 bytes,     468864 total
[2024-02-06T17:52:49.799+0000][7][gc,age      ] GC(155) - age   3:       8744 bytes,     477608 total
[2024-02-06T17:52:49.799+0000][7][gc,age      ] GC(155) - age   4:       3744 bytes,     481352 total
[2024-02-06T17:52:49.799+0000][7][gc,age      ] GC(155) - age   5:     144824 bytes,     626176 total
[2024-02-06T17:52:49.799+0000][7][gc,age      ] GC(155) - age   6:        392 bytes,     626568 total
[2024-02-06T17:52:49.799+0000][7][gc,age      ] GC(155) - age   7:     496432 bytes,    1123000 total
[2024-02-06T17:52:49.799+0000][7][gc,age      ] GC(155) - age   8:        184 bytes,    1123184 total
[2024-02-06T17:52:49.799+0000][7][gc,age      ] GC(155) - age   9:       8520 bytes,    1131704 total
[2024-02-06T17:52:49.799+0000][7][gc,age      ] GC(155) - age  11:       8784 bytes,    1140488 total
[2024-02-06T17:52:49.799+0000][7][gc,age      ] GC(155) - age  12:        488 bytes,    1140976 total
[2024-02-06T17:52:49.799+0000][7][gc,age      ] GC(155) - age  13:        336 bytes,    1141312 total
[2024-02-06T17:52:49.799+0000][7][gc,heap     ] GC(155) Eden regions: 152->0(152)
[2024-02-06T17:52:49.799+0000][7][gc,heap     ] GC(155) Survivor regions: 1->1(20)
[2024-02-06T17:52:49.799+0000][7][gc,heap     ] GC(155) Old regions: 23->23
[2024-02-06T17:52:49.799+0000][7][gc,heap     ] GC(155) Archive regions: 2->2
[2024-02-06T17:52:49.799+0000][7][gc,heap     ] GC(155) Humongous regions: 0->0
[2024-02-06T17:52:49.799+0000][7][gc,metaspace] GC(155) Metaspace: 127191K(130560K)->127191K(130560K) NonClass: 110614K(112384K)->110614K(112384K) Class: 16576K(18176K)->16576K(18176K)
[2024-02-06T17:52:49.799+0000][7][gc          ] GC(155) Pause Young (Normal) (G1 Evacuation Pause) 703M->95M(1024M) 2.524ms
[2024-02-06T17:52:49.799+0000][7][gc,cpu      ] GC(155) User=0.01s Sys=0.00s Real=0.00s
[2024-02-06T17:52:49.799+0000][7][safepoint   ] Safepoint "G1CollectForAllocation", Time since last: 92983775133 ns, Reaching safepoint: 67382 ns, At safepoint: 2622825 ns, Total: 2690207 ns
[2024-02-06T17:53:00.801+0000][7][safepoint   ] Safepoint "Cleanup", Time since last: 11001612845 ns, Reaching safepoint: 117021 ns, At safepoint: 8526 ns, Total: 125547 ns
[2024-02-06T17:55:06.817+0000][7][safepoint   ] Safepoint "Cleanup", Time since last: 126016678972 ns, Reaching safepoint: 91751 ns, At safepoint: 44620 ns, Total: 136371 ns
[2024-02-06T17:55:25.831+0000][7][gc,start    ] GC(156) Pause Young (Normal) (G1 Evacuation Pause)
[2024-02-06T17:55:25.831+0000][7][gc,task     ] GC(156) Using 8 workers of 8 for evacuation
[2024-02-06T17:55:25.831+0000][7][gc,age      ] GC(156) Desired survivor size 41943040 bytes, new threshold 15 (max threshold 15)
[2024-02-06T17:55:25.834+0000][7][gc,phases   ] GC(156)   Pre Evacuate Collection Set: 0.1ms
[2024-02-06T17:55:25.834+0000][7][gc,phases   ] GC(156)   Merge Heap Roots: 0.1ms
[2024-02-06T17:55:25.834+0000][7][gc,phases   ] GC(156)   Evacuate Collection Set: 1.6ms
[2024-02-06T17:55:25.834+0000][7][gc,phases   ] GC(156)   Post Evacuate Collection Set: 0.7ms
[2024-02-06T17:55:25.834+0000][7][gc,phases   ] GC(156)   Other: 0.1ms
[2024-02-06T17:55:25.834+0000][7][gc,age      ] GC(156) Age table with threshold 15 (max threshold 15)
[2024-02-06T17:55:25.834+0000][7][gc,age      ] GC(156) - age   1:    1726296 bytes,    1726296 total
[2024-02-06T17:55:25.834+0000][7][gc,age      ] GC(156) - age   2:       2936 bytes,    1729232 total
[2024-02-06T17:55:25.834+0000][7][gc,age      ] GC(156) - age   3:        440 bytes,    1729672 total
[2024-02-06T17:55:25.834+0000][7][gc,age      ] GC(156) - age   4:       8384 bytes,    1738056 total
[2024-02-06T17:55:25.834+0000][7][gc,age      ] GC(156) - age   5:        672 bytes,    1738728 total
[2024-02-06T17:55:25.834+0000][7][gc,age      ] GC(156) - age   6:     144824 bytes,    1883552 total
[2024-02-06T17:55:25.834+0000][7][gc,age      ] GC(156) - age   8:     464128 bytes,    2347680 total
[2024-02-06T17:55:25.834+0000][7][gc,age      ] GC(156) - age  10:       8520 bytes,    2356200 total
[2024-02-06T17:55:25.834+0000][7][gc,age      ] GC(156) - age  12:       8784 bytes,    2364984 total
[2024-02-06T17:55:25.834+0000][7][gc,age      ] GC(156) - age  13:        488 bytes,    2365472 total
[2024-02-06T17:55:25.834+0000][7][gc,age      ] GC(156) - age  14:        336 bytes,    2365808 total
[2024-02-06T17:55:25.834+0000][7][gc,heap     ] GC(156) Eden regions: 152->0(152)
[2024-02-06T17:55:25.834+0000][7][gc,heap     ] GC(156) Survivor regions: 1->1(20)
[2024-02-06T17:55:25.834+0000][7][gc,heap     ] GC(156) Old regions: 23->23
[2024-02-06T17:55:25.834+0000][7][gc,heap     ] GC(156) Archive regions: 2->2
[2024-02-06T17:55:25.834+0000][7][gc,heap     ] GC(156) Humongous regions: 0->0
[2024-02-06T17:55:25.834+0000][7][gc,metaspace] GC(156) Metaspace: 127197K(130560K)->127197K(130560K) NonClass: 110621K(112384K)->110621K(112384K) Class: 16576K(18176K)->16576K(18176K)
[2024-02-06T17:55:25.834+0000][7][gc          ] GC(156) Pause Young (Normal) (G1 Evacuation Pause) 703M->96M(1024M) 2.871ms
[2024-02-06T17:55:25.834+0000][7][gc,cpu      ] GC(156) User=0.02s Sys=0.00s Real=0.01s
[2024-02-06T17:55:25.834+0000][7][safepoint   ] Safepoint "G1CollectForAllocation", Time since last: 19013589544 ns, Reaching safepoint: 112988 ns, At safepoint: 2966912 ns, Total: 3079900 ns
[2024-02-06T17:57:16.851+0000][7][safepoint   ] Safepoint "Cleanup", Time since last: 111017097574 ns, Reaching safepoint: 96907 ns, At safepoint: 6836 ns, Total: 103743 ns
[2024-02-06T17:58:00.127+0000][7][gc,start    ] GC(157) Pause Young (Normal) (G1 Evacuation Pause)
[2024-02-06T17:58:00.127+0000][7][gc,task     ] GC(157) Using 8 workers of 8 for evacuation
[2024-02-06T17:58:00.127+0000][7][gc,age      ] GC(157) Desired survivor size 41943040 bytes, new threshold 15 (max threshold 15)
[2024-02-06T17:58:00.131+0000][7][gc,phases   ] GC(157)   Pre Evacuate Collection Set: 0.1ms
[2024-02-06T17:58:00.131+0000][7][gc,phases   ] GC(157)   Merge Heap Roots: 0.1ms
[2024-02-06T17:58:00.131+0000][7][gc,phases   ] GC(157)   Evacuate Collection Set: 2.0ms
[2024-02-06T17:58:00.131+0000][7][gc,phases   ] GC(157)   Post Evacuate Collection Set: 0.9ms
[2024-02-06T17:58:00.131+0000][7][gc,phases   ] GC(157)   Other: 0.1ms
[2024-02-06T17:58:00.131+0000][7][gc,age      ] GC(157) Age table with threshold 15 (max threshold 15)
[2024-02-06T17:58:00.131+0000][7][gc,age      ] GC(157) - age   1:    1456416 bytes,    1456416 total
[2024-02-06T17:58:00.131+0000][7][gc,age      ] GC(157) - age   2:       6800 bytes,    1463216 total
[2024-02-06T17:58:00.131+0000][7][gc,age      ] GC(157) - age   3:       1936 bytes,    1465152 total
[2024-02-06T17:58:00.131+0000][7][gc,age      ] GC(157) - age   4:        256 bytes,    1465408 total
[2024-02-06T17:58:00.131+0000][7][gc,age      ] GC(157) - age   5:        248 bytes,    1465656 total
[2024-02-06T17:58:00.131+0000][7][gc,age      ] GC(157) - age   6:        568 bytes,    1466224 total
[2024-02-06T17:58:00.131+0000][7][gc,age      ] GC(157) - age   7:      20144 bytes,    1486368 total
[2024-02-06T17:58:00.131+0000][7][gc,age      ] GC(157) - age   9:     463584 bytes,    1949952 total
[2024-02-06T17:58:00.131+0000][7][gc,age      ] GC(157) - age  11:       8520 bytes,    1958472 total
[2024-02-06T17:58:00.131+0000][7][gc,age      ] GC(157) - age  13:       8784 bytes,    1967256 total
[2024-02-06T17:58:00.131+0000][7][gc,age      ] GC(157) - age  14:        488 bytes,    1967744 total
[2024-02-06T17:58:00.131+0000][7][gc,age      ] GC(157) - age  15:        336 bytes,    1968080 total
[2024-02-06T17:58:00.131+0000][7][gc,heap     ] GC(157) Eden regions: 152->0(152)
[2024-02-06T17:58:00.131+0000][7][gc,heap     ] GC(157) Survivor regions: 1->1(20)
[2024-02-06T17:58:00.131+0000][7][gc,heap     ] GC(157) Old regions: 23->23
[2024-02-06T17:58:00.131+0000][7][gc,heap     ] GC(157) Archive regions: 2->2
[2024-02-06T17:58:00.131+0000][7][gc,heap     ] GC(157) Humongous regions: 0->0
[2024-02-06T17:58:00.131+0000][7][gc,metaspace] GC(157) Metaspace: 127197K(130560K)->127197K(130560K) NonClass: 110621K(112384K)->110621K(112384K) Class: 16576K(18176K)->16576K(18176K)
[2024-02-06T17:58:00.131+0000][7][gc          ] GC(157) Pause Young (Normal) (G1 Evacuation Pause) 704M->96M(1024M) 3.642ms
[2024-02-06T17:58:00.131+0000][7][gc,cpu      ] GC(157) User=0.02s Sys=0.00s Real=0.00s
[2024-02-06T17:58:00.131+0000][7][safepoint   ] Safepoint "G1CollectForAllocation", Time since last: 43275739325 ns, Reaching safepoint: 106296 ns, At safepoint: 3752064 ns, Total: 3858360 ns
[2024-02-06T18:00:31.808+0000][7][gc,start    ] GC(158) Pause Young (Normal) (G1 Evacuation Pause)
[2024-02-06T18:00:31.808+0000][7][gc,task     ] GC(158) Using 8 workers of 8 for evacuation
[2024-02-06T18:00:31.808+0000][7][gc,age      ] GC(158) Desired survivor size 41943040 bytes, new threshold 15 (max threshold 15)
[2024-02-06T18:00:31.811+0000][7][gc,phases   ] GC(158)   Pre Evacuate Collection Set: 0.1ms
[2024-02-06T18:00:31.811+0000][7][gc,phases   ] GC(158)   Merge Heap Roots: 0.1ms
[2024-02-06T18:00:31.811+0000][7][gc,phases   ] GC(158)   Evacuate Collection Set: 1.8ms
[2024-02-06T18:00:31.811+0000][7][gc,phases   ] GC(158)   Post Evacuate Collection Set: 0.9ms
[2024-02-06T18:00:31.811+0000][7][gc,phases   ] GC(158)   Other: 0.1ms
[2024-02-06T18:00:31.811+0000][7][gc,age      ] GC(158) Age table with threshold 15 (max threshold 15)
[2024-02-06T18:00:31.811+0000][7][gc,age      ] GC(158) - age   1:    1076728 bytes,    1076728 total
[2024-02-06T18:00:31.811+0000][7][gc,age      ] GC(158) - age   2:     171328 bytes,    1248056 total
[2024-02-06T18:00:31.811+0000][7][gc,age      ] GC(158) - age   3:       4680 bytes,    1252736 total
[2024-02-06T18:00:31.811+0000][7][gc,age      ] GC(158) - age   4:       1744 bytes,    1254480 total
[2024-02-06T18:00:31.811+0000][7][gc,age      ] GC(158) - age   5:        256 bytes,    1254736 total
[2024-02-06T18:00:31.811+0000][7][gc,age      ] GC(158) - age   6:        248 bytes,    1254984 total
[2024-02-06T18:00:31.811+0000][7][gc,age      ] GC(158) - age   7:        568 bytes,    1255552 total
[2024-02-06T18:00:31.811+0000][7][gc,age      ] GC(158) - age   8:      19704 bytes,    1275256 total
[2024-02-06T18:00:31.811+0000][7][gc,age      ] GC(158) - age  10:     463488 bytes,    1738744 total
[2024-02-06T18:00:31.811+0000][7][gc,age      ] GC(158) - age  12:       8520 bytes,    1747264 total
[2024-02-06T18:00:31.811+0000][7][gc,age      ] GC(158) - age  14:       8784 bytes,    1756048 total
[2024-02-06T18:00:31.811+0000][7][gc,age      ] GC(158) - age  15:        488 bytes,    1756536 total
[2024-02-06T18:00:31.811+0000][7][gc,heap     ] GC(158) Eden regions: 152->0(152)
[2024-02-06T18:00:31.811+0000][7][gc,heap     ] GC(158) Survivor regions: 1->1(20)
[2024-02-06T18:00:31.811+0000][7][gc,heap     ] GC(158) Old regions: 23->23
[2024-02-06T18:00:31.811+0000][7][gc,heap     ] GC(158) Archive regions: 2->2
[2024-02-06T18:00:31.811+0000][7][gc,heap     ] GC(158) Humongous regions: 0->0
[2024-02-06T18:00:31.811+0000][7][gc,metaspace] GC(158) Metaspace: 127197K(130560K)->127197K(130560K) NonClass: 110621K(112384K)->110621K(112384K) Class: 16576K(18176K)->16576K(18176K)
[2024-02-06T18:00:31.811+0000][7][gc          ] GC(158) Pause Young (Normal) (G1 Evacuation Pause) 704M->96M(1024M) 3.412ms
[2024-02-06T18:00:31.811+0000][7][gc,cpu      ] GC(158) User=0.01s Sys=0.00s Real=0.00s
[2024-02-06T18:00:31.811+0000][7][safepoint   ] Safepoint "G1CollectForAllocation", Time since last: 151676708827 ns, Reaching safepoint: 76747 ns, At safepoint: 3521072 ns, Total: 3597819 ns
[2024-02-06T18:00:59.815+0000][7][safepoint   ] Safepoint "Cleanup", Time since last: 28003582090 ns, Reaching safepoint: 204999 ns, At safepoint: 11809 ns, Total: 216808 ns
[2024-02-06T18:01:17.818+0000][7][safepoint   ] Safepoint "Cleanup", Time since last: 18002447504 ns, Reaching safepoint: 76816 ns, At safepoint: 12571 ns, Total: 89387 ns
[2024-02-06T18:02:35.829+0000][7][safepoint   ] Safepoint "Cleanup", Time since last: 78011111233 ns, Reaching safepoint: 82842 ns, At safepoint: 44612 ns, Total: 127454 ns
[2024-02-06T18:02:38.829+0000][7][safepoint   ] Safepoint "Cleanup", Time since last: 3000445321 ns, Reaching safepoint: 89931 ns, At safepoint: 9397 ns, Total: 99328 ns
[2024-02-06T18:03:01.823+0000][7][gc,start    ] GC(159) Pause Young (Normal) (G1 Evacuation Pause)
[2024-02-06T18:03:01.823+0000][7][gc,task     ] GC(159) Using 8 workers of 8 for evacuation
[2024-02-06T18:03:01.823+0000][7][gc,age      ] GC(159) Desired survivor size 41943040 bytes, new threshold 15 (max threshold 15)
[2024-02-06T18:03:01.826+0000][7][gc,phases   ] GC(159)   Pre Evacuate Collection Set: 0.1ms
[2024-02-06T18:03:01.826+0000][7][gc,phases   ] GC(159)   Merge Heap Roots: 0.1ms
[2024-02-06T18:03:01.826+0000][7][gc,phases   ] GC(159)   Evacuate Collection Set: 1.7ms
[2024-02-06T18:03:01.826+0000][7][gc,phases   ] GC(159)   Post Evacuate Collection Set: 0.9ms
[2024-02-06T18:03:01.826+0000][7][gc,phases   ] GC(159)   Other: 0.1ms
[2024-02-06T18:03:01.826+0000][7][gc,age      ] GC(159) Age table with threshold 15 (max threshold 15)
[2024-02-06T18:03:01.826+0000][7][gc,age      ] GC(159) - age   1:    1161904 bytes,    1161904 total
[2024-02-06T18:03:01.826+0000][7][gc,age      ] GC(159) - age   2:       1536 bytes,    1163440 total
[2024-02-06T18:03:01.826+0000][7][gc,age      ] GC(159) - age   3:      83856 bytes,    1247296 total
[2024-02-06T18:03:01.826+0000][7][gc,age      ] GC(159) - age   4:       4104 bytes,    1251400 total
[2024-02-06T18:03:01.826+0000][7][gc,age      ] GC(159) - age   5:         32 bytes,    1251432 total
[2024-02-06T18:03:01.826+0000][7][gc,age      ] GC(159) - age   6:         64 bytes,    1251496 total
[2024-02-06T18:03:01.826+0000][7][gc,age      ] GC(159) - age   7:         64 bytes,    1251560 total
[2024-02-06T18:03:01.826+0000][7][gc,age      ] GC(159) - age   8:        568 bytes,    1252128 total
[2024-02-06T18:03:01.826+0000][7][gc,age      ] GC(159) - age   9:        112 bytes,    1252240 total
[2024-02-06T18:03:01.826+0000][7][gc,age      ] GC(159) - age  11:     463488 bytes,    1715728 total
[2024-02-06T18:03:01.826+0000][7][gc,age      ] GC(159) - age  13:       8520 bytes,    1724248 total
[2024-02-06T18:03:01.826+0000][7][gc,age      ] GC(159) - age  15:       8784 bytes,    1733032 total
[2024-02-06T18:03:01.826+0000][7][gc,heap     ] GC(159) Eden regions: 152->0(152)
[2024-02-06T18:03:01.826+0000][7][gc,heap     ] GC(159) Survivor regions: 1->1(20)
[2024-02-06T18:03:01.826+0000][7][gc,heap     ] GC(159) Old regions: 23->23
[2024-02-06T18:03:01.826+0000][7][gc,heap     ] GC(159) Archive regions: 2->2
[2024-02-06T18:03:01.826+0000][7][gc,heap     ] GC(159) Humongous regions: 0->0
[2024-02-06T18:03:01.826+0000][7][gc,metaspace] GC(159) Metaspace: 127198K(130560K)->127198K(130560K) NonClass: 110622K(112384K)->110622K(112384K) Class: 16576K(18176K)->16576K(18176K)
[2024-02-06T18:03:01.826+0000][7][gc          ] GC(159) Pause Young (Normal) (G1 Evacuation Pause) 704M->96M(1024M) 3.276ms
[2024-02-06T18:03:01.826+0000][7][gc,cpu      ] GC(159) User=0.02s Sys=0.00s Real=0.00s
[2024-02-06T18:03:01.826+0000][7][safepoint   ] Safepoint "G1CollectForAllocation", Time since last: 22993529175 ns, Reaching safepoint: 61280 ns, At safepoint: 3386340 ns, Total: 3447620 ns
[2024-02-06T18:03:02.827+0000][7][safepoint   ] Safepoint "Cleanup", Time since last: 1000203137 ns, Reaching safepoint: 99390 ns, At safepoint: 13226 ns, Total: 112616 ns
[2024-02-06T18:05:35.719+0000][7][gc,start    ] GC(160) Pause Young (Normal) (G1 Evacuation Pause)
[2024-02-06T18:05:35.719+0000][7][gc,task     ] GC(160) Using 8 workers of 8 for evacuation
[2024-02-06T18:05:35.719+0000][7][gc,age      ] GC(160) Desired survivor size 41943040 bytes, new threshold 15 (max threshold 15)
[2024-02-06T18:05:35.721+0000][7][gc,phases   ] GC(160)   Pre Evacuate Collection Set: 0.1ms
[2024-02-06T18:05:35.721+0000][7][gc,phases   ] GC(160)   Merge Heap Roots: 0.1ms
[2024-02-06T18:05:35.721+0000][7][gc,phases   ] GC(160)   Evacuate Collection Set: 1.5ms
[2024-02-06T18:05:35.721+0000][7][gc,phases   ] GC(160)   Post Evacuate Collection Set: 0.7ms
[2024-02-06T18:05:35.721+0000][7][gc,phases   ] GC(160)   Other: 0.1ms
[2024-02-06T18:05:35.721+0000][7][gc,age      ] GC(160) Age table with threshold 15 (max threshold 15)
[2024-02-06T18:05:35.721+0000][7][gc,age      ] GC(160) - age   1:    1855088 bytes,    1855088 total
[2024-02-06T18:05:35.721+0000][7][gc,age      ] GC(160) - age   2:     145432 bytes,    2000520 total
[2024-02-06T18:05:35.721+0000][7][gc,age      ] GC(160) - age   3:        416 bytes,    2000936 total
[2024-02-06T18:05:35.721+0000][7][gc,age      ] GC(160) - age   4:      83600 bytes,    2084536 total
[2024-02-06T18:05:35.721+0000][7][gc,age      ] GC(160) - age   5:       1032 bytes,    2085568 total
[2024-02-06T18:05:35.721+0000][7][gc,age      ] GC(160) - age   6:         32 bytes,    2085600 total
[2024-02-06T18:05:35.721+0000][7][gc,age      ] GC(160) - age   7:         64 bytes,    2085664 total
[2024-02-06T18:05:35.721+0000][7][gc,age      ] GC(160) - age   8:         64 bytes,    2085728 total
[2024-02-06T18:05:35.721+0000][7][gc,age      ] GC(160) - age   9:        184 bytes,    2085912 total
[2024-02-06T18:05:35.721+0000][7][gc,age      ] GC(160) - age  10:        112 bytes,    2086024 total
[2024-02-06T18:05:35.721+0000][7][gc,age      ] GC(160) - age  12:     455472 bytes,    2541496 total
[2024-02-06T18:05:35.721+0000][7][gc,age      ] GC(160) - age  14:       8520 bytes,    2550016 total
[2024-02-06T18:05:35.721+0000][7][gc,heap     ] GC(160) Eden regions: 152->0(152)
[2024-02-06T18:05:35.721+0000][7][gc,heap     ] GC(160) Survivor regions: 1->1(20)
[2024-02-06T18:05:35.721+0000][7][gc,heap     ] GC(160) Old regions: 23->23
[2024-02-06T18:05:35.721+0000][7][gc,heap     ] GC(160) Archive regions: 2->2
[2024-02-06T18:05:35.721+0000][7][gc,heap     ] GC(160) Humongous regions: 0->0
[2024-02-06T18:05:35.721+0000][7][gc,metaspace] GC(160) Metaspace: 127203K(130560K)->127203K(130560K) NonClass: 110627K(112384K)->110627K(112384K) Class: 16576K(18176K)->16576K(18176K)
[2024-02-06T18:05:35.721+0000][7][gc          ] GC(160) Pause Young (Normal) (G1 Evacuation Pause) 704M->96M(1024M) 2.699ms
[2024-02-06T18:05:35.721+0000][7][gc,cpu      ] GC(160) User=0.00s Sys=0.00s Real=0.01s
[2024-02-06T18:05:35.722+0000][7][safepoint   ] Safepoint "G1CollectForAllocation", Time since last: 152891988921 ns, Reaching safepoint: 58363 ns, At safepoint: 2783738 ns, Total: 2842101 ns
[2024-02-06T18:08:04.924+0000][7][gc,start    ] GC(161) Pause Young (Normal) (G1 Evacuation Pause)
[2024-02-06T18:08:04.924+0000][7][gc,task     ] GC(161) Using 8 workers of 8 for evacuation
[2024-02-06T18:08:04.924+0000][7][gc,age      ] GC(161) Desired survivor size 41943040 bytes, new threshold 15 (max threshold 15)
[2024-02-06T18:08:04.927+0000][7][gc,phases   ] GC(161)   Pre Evacuate Collection Set: 0.1ms
[2024-02-06T18:08:04.927+0000][7][gc,phases   ] GC(161)   Merge Heap Roots: 0.1ms
[2024-02-06T18:08:04.927+0000][7][gc,phases   ] GC(161)   Evacuate Collection Set: 1.5ms
[2024-02-06T18:08:04.927+0000][7][gc,phases   ] GC(161)   Post Evacuate Collection Set: 0.7ms
[2024-02-06T18:08:04.927+0000][7][gc,phases   ] GC(161)   Other: 0.1ms
[2024-02-06T18:08:04.927+0000][7][gc,age      ] GC(161) Age table with threshold 15 (max threshold 15)
[2024-02-06T18:08:04.927+0000][7][gc,age      ] GC(161) - age   1:    1848616 bytes,    1848616 total
[2024-02-06T18:08:04.927+0000][7][gc,age      ] GC(161) - age   2:      17224 bytes,    1865840 total
[2024-02-06T18:08:04.927+0000][7][gc,age      ] GC(161) - age   3:     143640 bytes,    2009480 total
[2024-02-06T18:08:04.927+0000][7][gc,age      ] GC(161) - age   4:        120 bytes,    2009600 total
[2024-02-06T18:08:04.927+0000][7][gc,age      ] GC(161) - age   5:      83600 bytes,    2093200 total
[2024-02-06T18:08:04.927+0000][7][gc,age      ] GC(161) - age   6:        848 bytes,    2094048 total
[2024-02-06T18:08:04.927+0000][7][gc,age      ] GC(161) - age   7:         32 bytes,    2094080 total
[2024-02-06T18:08:04.927+0000][7][gc,age      ] GC(161) - age   8:         64 bytes,    2094144 total
[2024-02-06T18:08:04.927+0000][7][gc,age      ] GC(161) - age   9:         64 bytes,    2094208 total
[2024-02-06T18:08:04.927+0000][7][gc,age      ] GC(161) - age  10:        184 bytes,    2094392 total
[2024-02-06T18:08:04.927+0000][7][gc,age      ] GC(161) - age  11:        112 bytes,    2094504 total
[2024-02-06T18:08:04.927+0000][7][gc,age      ] GC(161) - age  13:     455472 bytes,    2549976 total
[2024-02-06T18:08:04.927+0000][7][gc,age      ] GC(161) - age  15:       8520 bytes,    2558496 total
[2024-02-06T18:08:04.927+0000][7][gc,heap     ] GC(161) Eden regions: 152->0(152)
[2024-02-06T18:08:04.927+0000][7][gc,heap     ] GC(161) Survivor regions: 1->1(20)
[2024-02-06T18:08:04.927+0000][7][gc,heap     ] GC(161) Old regions: 23->23
[2024-02-06T18:08:04.927+0000][7][gc,heap     ] GC(161) Archive regions: 2->2
[2024-02-06T18:08:04.927+0000][7][gc,heap     ] GC(161) Humongous regions: 0->0
[2024-02-06T18:08:04.927+0000][7][gc,metaspace] GC(161) Metaspace: 127203K(130560K)->127203K(130560K) NonClass: 110627K(112384K)->110627K(112384K) Class: 16576K(18176K)->16576K(18176K)
[2024-02-06T18:08:04.927+0000][7][gc          ] GC(161) Pause Young (Normal) (G1 Evacuation Pause) 704M->97M(1024M) 2.744ms
[2024-02-06T18:08:04.927+0000][7][gc,cpu      ] GC(161) User=0.02s Sys=0.00s Real=0.00s
[2024-02-06T18:08:04.927+0000][7][safepoint   ] Safepoint "G1CollectForAllocation", Time since last: 149202626740 ns, Reaching safepoint: 42436 ns, At safepoint: 2839672 ns, Total: 2882108 ns
[2024-02-06T18:11:06.483+0000][7][gc,start    ] GC(162) Pause Young (Normal) (G1 Evacuation Pause)
[2024-02-06T18:11:06.483+0000][7][gc,task     ] GC(162) Using 8 workers of 8 for evacuation
[2024-02-06T18:11:06.483+0000][7][gc,age      ] GC(162) Desired survivor size 41943040 bytes, new threshold 15 (max threshold 15)
[2024-02-06T18:11:06.485+0000][7][gc,phases   ] GC(162)   Pre Evacuate Collection Set: 0.1ms
[2024-02-06T18:11:06.485+0000][7][gc,phases   ] GC(162)   Merge Heap Roots: 0.0ms
[2024-02-06T18:11:06.485+0000][7][gc,phases   ] GC(162)   Evacuate Collection Set: 1.4ms
[2024-02-06T18:11:06.485+0000][7][gc,phases   ] GC(162)   Post Evacuate Collection Set: 0.5ms
[2024-02-06T18:11:06.485+0000][7][gc,phases   ] GC(162)   Other: 0.1ms
[2024-02-06T18:11:06.485+0000][7][gc,age      ] GC(162) Age table with threshold 15 (max threshold 15)
[2024-02-06T18:11:06.485+0000][7][gc,age      ] GC(162) - age   1:    2256840 bytes,    2256840 total
[2024-02-06T18:11:06.485+0000][7][gc,age      ] GC(162) - age   2:       4208 bytes,    2261048 total
[2024-02-06T18:11:06.485+0000][7][gc,age      ] GC(162) - age   3:      15208 bytes,    2276256 total
[2024-02-06T18:11:06.485+0000][7][gc,age      ] GC(162) - age   4:     142128 bytes,    2418384 total
[2024-02-06T18:11:06.485+0000][7][gc,age      ] GC(162) - age   5:        120 bytes,    2418504 total
[2024-02-06T18:11:06.485+0000][7][gc,age      ] GC(162) - age   6:      75400 bytes,    2493904 total
[2024-02-06T18:11:06.485+0000][7][gc,age      ] GC(162) - age   7:        392 bytes,    2494296 total
[2024-02-06T18:11:06.485+0000][7][gc,age      ] GC(162) - age  11:        184 bytes,    2494480 total
[2024-02-06T18:11:06.485+0000][7][gc,age      ] GC(162) - age  12:        112 bytes,    2494592 total
[2024-02-06T18:11:06.485+0000][7][gc,age      ] GC(162) - age  14:     455472 bytes,    2950064 total
[2024-02-06T18:11:06.485+0000][7][gc,heap     ] GC(162) Eden regions: 152->0(152)
[2024-02-06T18:11:06.485+0000][7][gc,heap     ] GC(162) Survivor regions: 1->1(20)
[2024-02-06T18:11:06.485+0000][7][gc,heap     ] GC(162) Old regions: 23->23
[2024-02-06T18:11:06.485+0000][7][gc,heap     ] GC(162) Archive regions: 2->2
[2024-02-06T18:11:06.485+0000][7][gc,heap     ] GC(162) Humongous regions: 0->0
[2024-02-06T18:11:06.485+0000][7][gc,metaspace] GC(162) Metaspace: 127210K(130560K)->127210K(130560K) NonClass: 110634K(112384K)->110634K(112384K) Class: 16576K(18176K)->16576K(18176K)
[2024-02-06T18:11:06.485+0000][7][gc          ] GC(162) Pause Young (Normal) (G1 Evacuation Pause) 705M->97M(1024M) 2.295ms
[2024-02-06T18:11:06.485+0000][7][gc,cpu      ] GC(162) User=0.01s Sys=0.00s Real=0.00s
[2024-02-06T18:11:06.485+0000][7][safepoint   ] Safepoint "G1CollectForAllocation", Time since last: 180047056182 ns, Reaching safepoint: 42227 ns, At safepoint: 2361789 ns, Total: 2404016 ns
[2024-02-06T18:11:54.492+0000][7][safepoint   ] Safepoint "Cleanup", Time since last: 48006156472 ns, Reaching safepoint: 109451 ns, At safepoint: 19017 ns, Total: 128468 ns
[2024-02-06T18:12:18.495+0000][7][safepoint   ] Safepoint "Cleanup", Time since last: 24003426143 ns, Reaching safepoint: 104424 ns, At safepoint: 11482 ns, Total: 115906 ns
[2024-02-06T18:12:24.496+0000][7][safepoint   ] Safepoint "Cleanup", Time since last: 6000866403 ns, Reaching safepoint: 44175 ns, At safepoint: 4593 ns, Total: 48768 ns
[2024-02-06T18:14:18.571+0000][7][gc,start    ] GC(163) Pause Young (Normal) (G1 Evacuation Pause)
[2024-02-06T18:14:18.571+0000][7][gc,task     ] GC(163) Using 8 workers of 8 for evacuation
[2024-02-06T18:14:18.571+0000][7][gc,age      ] GC(163) Desired survivor size 41943040 bytes, new threshold 15 (max threshold 15)
[2024-02-06T18:14:18.574+0000][7][gc,phases   ] GC(163)   Pre Evacuate Collection Set: 0.1ms
[2024-02-06T18:14:18.574+0000][7][gc,phases   ] GC(163)   Merge Heap Roots: 0.1ms
[2024-02-06T18:14:18.574+0000][7][gc,phases   ] GC(163)   Evacuate Collection Set: 1.8ms
[2024-02-06T18:14:18.574+0000][7][gc,phases   ] GC(163)   Post Evacuate Collection Set: 0.8ms
[2024-02-06T18:14:18.574+0000][7][gc,phases   ] GC(163)   Other: 0.1ms
[2024-02-06T18:14:18.574+0000][7][gc,age      ] GC(163) Age table with threshold 15 (max threshold 15)
[2024-02-06T18:14:18.574+0000][7][gc,age      ] GC(163) - age   1:    1446800 bytes,    1446800 total
[2024-02-06T18:14:18.574+0000][7][gc,age      ] GC(163) - age   2:      11768 bytes,    1458568 total
[2024-02-06T18:14:18.574+0000][7][gc,age      ] GC(163) - age   3:        248 bytes,    1458816 total
[2024-02-06T18:14:18.574+0000][7][gc,age      ] GC(163) - age   4:       6512 bytes,    1465328 total
[2024-02-06T18:14:18.574+0000][7][gc,age      ] GC(163) - age   5:     142064 bytes,    1607392 total
[2024-02-06T18:14:18.574+0000][7][gc,age      ] GC(163) - age   7:      75400 bytes,    1682792 total
[2024-02-06T18:14:18.574+0000][7][gc,age      ] GC(163) - age   8:        392 bytes,    1683184 total
[2024-02-06T18:14:18.574+0000][7][gc,age      ] GC(163) - age  12:        184 bytes,    1683368 total
[2024-02-06T18:14:18.574+0000][7][gc,age      ] GC(163) - age  13:        112 bytes,    1683480 total
[2024-02-06T18:14:18.574+0000][7][gc,age      ] GC(163) - age  15:     455472 bytes,    2138952 total
[2024-02-06T18:14:18.574+0000][7][gc,heap     ] GC(163) Eden regions: 152->0(152)
[2024-02-06T18:14:18.574+0000][7][gc,heap     ] GC(163) Survivor regions: 1->1(20)
[2024-02-06T18:14:18.574+0000][7][gc,heap     ] GC(163) Old regions: 23->23
[2024-02-06T18:14:18.574+0000][7][gc,heap     ] GC(163) Archive regions: 2->2
[2024-02-06T18:14:18.574+0000][7][gc,heap     ] GC(163) Humongous regions: 0->0
[2024-02-06T18:14:18.574+0000][7][gc,metaspace] GC(163) Metaspace: 127211K(130560K)->127211K(130560K) NonClass: 110635K(112384K)->110635K(112384K) Class: 16576K(18176K)->16576K(18176K)
[2024-02-06T18:14:18.574+0000][7][gc          ] GC(163) Pause Young (Normal) (G1 Evacuation Pause) 705M->96M(1024M) 3.168ms
[2024-02-06T18:14:18.574+0000][7][gc,cpu      ] GC(163) User=0.02s Sys=0.01s Real=0.00s
[2024-02-06T18:14:18.574+0000][7][safepoint   ] Safepoint "G1CollectForAllocation", Time since last: 114075112858 ns, Reaching safepoint: 62455 ns, At safepoint: 3264844 ns, Total: 3327299 ns
[2024-02-06T18:17:42.448+0000][7][gc,start    ] GC(164) Pause Young (Normal) (G1 Evacuation Pause)
[2024-02-06T18:17:42.448+0000][7][gc,task     ] GC(164) Using 8 workers of 8 for evacuation
[2024-02-06T18:17:42.448+0000][7][gc,age      ] GC(164) Desired survivor size 41943040 bytes, new threshold 15 (max threshold 15)
[2024-02-06T18:17:42.451+0000][7][gc,phases   ] GC(164)   Pre Evacuate Collection Set: 0.1ms
[2024-02-06T18:17:42.451+0000][7][gc,phases   ] GC(164)   Merge Heap Roots: 0.1ms
[2024-02-06T18:17:42.451+0000][7][gc,phases   ] GC(164)   Evacuate Collection Set: 1.9ms
[2024-02-06T18:17:42.451+0000][7][gc,phases   ] GC(164)   Post Evacuate Collection Set: 0.9ms
[2024-02-06T18:17:42.451+0000][7][gc,phases   ] GC(164)   Other: 0.1ms
[2024-02-06T18:17:42.451+0000][7][gc,age      ] GC(164) Age table with threshold 15 (max threshold 15)
[2024-02-06T18:17:42.451+0000][7][gc,age      ] GC(164) - age   1:    2112200 bytes,    2112200 total
[2024-02-06T18:17:42.451+0000][7][gc,age      ] GC(164) - age   2:      10720 bytes,    2122920 total
[2024-02-06T18:17:42.451+0000][7][gc,age      ] GC(164) - age   3:       1744 bytes,    2124664 total
[2024-02-06T18:17:42.451+0000][7][gc,age      ] GC(164) - age   4:        120 bytes,    2124784 total
[2024-02-06T18:17:42.451+0000][7][gc,age      ] GC(164) - age   5:       3440 bytes,    2128224 total
[2024-02-06T18:17:42.451+0000][7][gc,age      ] GC(164) - age   6:     142064 bytes,    2270288 total
[2024-02-06T18:17:42.452+0000][7][gc,age      ] GC(164) - age   8:      75400 bytes,    2345688 total
[2024-02-06T18:17:42.452+0000][7][gc,age      ] GC(164) - age   9:        392 bytes,    2346080 total
[2024-02-06T18:17:42.452+0000][7][gc,age      ] GC(164) - age  13:        184 bytes,    2346264 total
[2024-02-06T18:17:42.452+0000][7][gc,age      ] GC(164) - age  14:        112 bytes,    2346376 total
[2024-02-06T18:17:42.452+0000][7][gc,heap     ] GC(164) Eden regions: 152->0(152)
[2024-02-06T18:17:42.452+0000][7][gc,heap     ] GC(164) Survivor regions: 1->1(20)
[2024-02-06T18:17:42.452+0000][7][gc,heap     ] GC(164) Old regions: 23->23
[2024-02-06T18:17:42.452+0000][7][gc,heap     ] GC(164) Archive regions: 2->2
[2024-02-06T18:17:42.452+0000][7][gc,heap     ] GC(164) Humongous regions: 0->0
[2024-02-06T18:17:42.452+0000][7][gc,metaspace] GC(164) Metaspace: 127211K(130560K)->127211K(130560K) NonClass: 110635K(112384K)->110635K(112384K) Class: 16576K(18176K)->16576K(18176K)
[2024-02-06T18:17:42.452+0000][7][gc          ] GC(164) Pause Young (Normal) (G1 Evacuation Pause) 704M->97M(1024M) 3.350ms
[2024-02-06T18:17:42.452+0000][7][gc,cpu      ] GC(164) User=0.02s Sys=0.00s Real=0.01s
[2024-02-06T18:17:42.452+0000][7][safepoint   ] Safepoint "G1CollectForAllocation", Time since last: 203873599623 ns, Reaching safepoint: 133591 ns, At safepoint: 3444785 ns, Total: 3578376 ns
[2024-02-06T18:20:59.480+0000][7][safepoint   ] Safepoint "Cleanup", Time since last: 197027742379 ns, Reaching safepoint: 130662 ns, At safepoint: 13786 ns, Total: 144448 ns
[2024-02-06T18:21:00.459+0000][7][gc,start    ] GC(165) Pause Young (Normal) (G1 Evacuation Pause)
[2024-02-06T18:21:00.459+0000][7][gc,task     ] GC(165) Using 8 workers of 8 for evacuation
[2024-02-06T18:21:00.459+0000][7][gc,age      ] GC(165) Desired survivor size 41943040 bytes, new threshold 15 (max threshold 15)
[2024-02-06T18:21:00.461+0000][7][gc,phases   ] GC(165)   Pre Evacuate Collection Set: 0.1ms
[2024-02-06T18:21:00.461+0000][7][gc,phases   ] GC(165)   Merge Heap Roots: 0.1ms
[2024-02-06T18:21:00.461+0000][7][gc,phases   ] GC(165)   Evacuate Collection Set: 1.4ms
[2024-02-06T18:21:00.461+0000][7][gc,phases   ] GC(165)   Post Evacuate Collection Set: 0.7ms
[2024-02-06T18:21:00.461+0000][7][gc,phases   ] GC(165)   Other: 0.1ms
[2024-02-06T18:21:00.461+0000][7][gc,age      ] GC(165) Age table with threshold 15 (max threshold 15)
[2024-02-06T18:21:00.461+0000][7][gc,age      ] GC(165) - age   1:    1441648 bytes,    1441648 total
[2024-02-06T18:21:00.461+0000][7][gc,age      ] GC(165) - age   2:      13544 bytes,    1455192 total
[2024-02-06T18:21:00.461+0000][7][gc,age      ] GC(165) - age   3:       8568 bytes,    1463760 total
[2024-02-06T18:21:00.461+0000][7][gc,age      ] GC(165) - age   4:        672 bytes,    1464432 total
[2024-02-06T18:21:00.461+0000][7][gc,age      ] GC(165) - age   5:        120 bytes,    1464552 total
[2024-02-06T18:21:00.461+0000][7][gc,age      ] GC(165) - age   6:       3256 bytes,    1467808 total
[2024-02-06T18:21:00.461+0000][7][gc,age      ] GC(165) - age   7:     142032 bytes,    1609840 total
[2024-02-06T18:21:00.461+0000][7][gc,age      ] GC(165) - age   9:      75400 bytes,    1685240 total
[2024-02-06T18:21:00.461+0000][7][gc,age      ] GC(165) - age  10:        392 bytes,    1685632 total
[2024-02-06T18:21:00.461+0000][7][gc,age      ] GC(165) - age  14:        184 bytes,    1685816 total
[2024-02-06T18:21:00.461+0000][7][gc,age      ] GC(165) - age  15:        112 bytes,    1685928 total
[2024-02-06T18:21:00.461+0000][7][gc,heap     ] GC(165) Eden regions: 152->0(152)
[2024-02-06T18:21:00.461+0000][7][gc,heap     ] GC(165) Survivor regions: 1->1(20)
[2024-02-06T18:21:00.461+0000][7][gc,heap     ] GC(165) Old regions: 23->23
[2024-02-06T18:21:00.461+0000][7][gc,heap     ] GC(165) Archive regions: 2->2
[2024-02-06T18:21:00.462+0000][7][gc,heap     ] GC(165) Humongous regions: 0->0
[2024-02-06T18:21:00.462+0000][7][gc,metaspace] GC(165) Metaspace: 127212K(130560K)->127212K(130560K) NonClass: 110636K(112384K)->110636K(112384K) Class: 16576K(18176K)->16576K(18176K)
[2024-02-06T18:21:00.462+0000][7][gc          ] GC(165) Pause Young (Normal) (G1 Evacuation Pause) 705M->96M(1024M) 2.685ms
[2024-02-06T18:21:00.462+0000][7][gc,cpu      ] GC(165) User=0.01s Sys=0.00s Real=0.01s
[2024-02-06T18:21:00.462+0000][7][safepoint   ] Safepoint "G1CollectForAllocation", Time since last: 979225863 ns, Reaching safepoint: 60281 ns, At safepoint: 2773843 ns, Total: 2834124 ns
[2024-02-06T18:24:18.460+0000][7][gc,start    ] GC(166) Pause Young (Normal) (G1 Evacuation Pause)
[2024-02-06T18:24:18.460+0000][7][gc,task     ] GC(166) Using 8 workers of 8 for evacuation
[2024-02-06T18:24:18.460+0000][7][gc,age      ] GC(166) Desired survivor size 41943040 bytes, new threshold 15 (max threshold 15)
[2024-02-06T18:24:18.462+0000][7][gc,phases   ] GC(166)   Pre Evacuate Collection Set: 0.1ms
[2024-02-06T18:24:18.462+0000][7][gc,phases   ] GC(166)   Merge Heap Roots: 0.1ms
[2024-02-06T18:24:18.462+0000][7][gc,phases   ] GC(166)   Evacuate Collection Set: 1.3ms
[2024-02-06T18:24:18.462+0000][7][gc,phases   ] GC(166)   Post Evacuate Collection Set: 0.7ms
[2024-02-06T18:24:18.462+0000][7][gc,phases   ] GC(166)   Other: 0.1ms
[2024-02-06T18:24:18.462+0000][7][gc,age      ] GC(166) Age table with threshold 15 (max threshold 15)
[2024-02-06T18:24:18.462+0000][7][gc,age      ] GC(166) - age   1:    1193280 bytes,    1193280 total
[2024-02-06T18:24:18.462+0000][7][gc,age      ] GC(166) - age   2:       3448 bytes,    1196728 total
[2024-02-06T18:24:18.462+0000][7][gc,age      ] GC(166) - age   3:       3320 bytes,    1200048 total
[2024-02-06T18:24:18.462+0000][7][gc,age      ] GC(166) - age   4:       8312 bytes,    1208360 total
[2024-02-06T18:24:18.462+0000][7][gc,age      ] GC(166) - age   5:        488 bytes,    1208848 total
[2024-02-06T18:24:18.462+0000][7][gc,age      ] GC(166) - age   6:        120 bytes,    1208968 total
[2024-02-06T18:24:18.462+0000][7][gc,age      ] GC(166) - age   7:       2872 bytes,    1211840 total
[2024-02-06T18:24:18.462+0000][7][gc,age      ] GC(166) - age   8:     142032 bytes,    1353872 total
[2024-02-06T18:24:18.462+0000][7][gc,age      ] GC(166) - age  10:      75400 bytes,    1429272 total
[2024-02-06T18:24:18.462+0000][7][gc,age      ] GC(166) - age  11:        392 bytes,    1429664 total
[2024-02-06T18:24:18.462+0000][7][gc,age      ] GC(166) - age  15:        184 bytes,    1429848 total
[2024-02-06T18:24:18.462+0000][7][gc,heap     ] GC(166) Eden regions: 152->0(152)
[2024-02-06T18:24:18.462+0000][7][gc,heap     ] GC(166) Survivor regions: 1->1(20)
[2024-02-06T18:24:18.462+0000][7][gc,heap     ] GC(166) Old regions: 23->23
[2024-02-06T18:24:18.462+0000][7][gc,heap     ] GC(166) Archive regions: 2->2
[2024-02-06T18:24:18.462+0000][7][gc,heap     ] GC(166) Humongous regions: 0->0
[2024-02-06T18:24:18.462+0000][7][gc,metaspace] GC(166) Metaspace: 127216K(130624K)->127216K(130624K) NonClass: 110640K(112448K)->110640K(112448K) Class: 16576K(18176K)->16576K(18176K)
[2024-02-06T18:24:18.462+0000][7][gc          ] GC(166) Pause Young (Normal) (G1 Evacuation Pause) 704M->96M(1024M) 2.610ms
[2024-02-06T18:24:18.462+0000][7][gc,cpu      ] GC(166) User=0.01s Sys=0.00s Real=0.01s
[2024-02-06T18:24:18.463+0000][7][safepoint   ] Safepoint "G1CollectForAllocation", Time since last: 197998150169 ns, Reaching safepoint: 67200 ns, At safepoint: 2700256 ns, Total: 2767456 ns
[2024-02-06T18:24:25.464+0000][7][safepoint   ] Safepoint "Cleanup", Time since last: 7000909402 ns, Reaching safepoint: 81590 ns, At safepoint: 9533 ns, Total: 91123 ns
[2024-02-06T18:24:48.467+0000][7][safepoint   ] Safepoint "Cleanup", Time since last: 23003599098 ns, Reaching safepoint: 74568 ns, At safepoint: 37914 ns, Total: 112482 ns
[2024-02-06T18:24:52.468+0000][7][safepoint   ] Safepoint "Cleanup", Time since last: 4000809279 ns, Reaching safepoint: 126814 ns, At safepoint: 9794 ns, Total: 136608 ns
[2024-02-06T18:24:54.469+0000][7][safepoint   ] Safepoint "Cleanup", Time since last: 2000425892 ns, Reaching safepoint: 59887 ns, At safepoint: 12948 ns, Total: 72835 ns
[2024-02-06T18:26:12.481+0000][7][safepoint   ] Safepoint "Cleanup", Time since last: 78011717096 ns, Reaching safepoint: 148376 ns, At safepoint: 10481 ns, Total: 158857 ns
[2024-02-06T18:27:02.488+0000][7][safepoint   ] Safepoint "Cleanup", Time since last: 50006910643 ns, Reaching safepoint: 133152 ns, At safepoint: 13160 ns, Total: 146312 ns
[2024-02-06T18:27:30.469+0000][7][gc,start    ] GC(167) Pause Young (Normal) (G1 Evacuation Pause)
[2024-02-06T18:27:30.469+0000][7][gc,task     ] GC(167) Using 8 workers of 8 for evacuation
[2024-02-06T18:27:30.469+0000][7][gc,age      ] GC(167) Desired survivor size 41943040 bytes, new threshold 15 (max threshold 15)
[2024-02-06T18:27:30.472+0000][7][gc,phases   ] GC(167)   Pre Evacuate Collection Set: 0.1ms
[2024-02-06T18:27:30.472+0000][7][gc,phases   ] GC(167)   Merge Heap Roots: 0.1ms
[2024-02-06T18:27:30.472+0000][7][gc,phases   ] GC(167)   Evacuate Collection Set: 1.2ms
[2024-02-06T18:27:30.472+0000][7][gc,phases   ] GC(167)   Post Evacuate Collection Set: 0.7ms
[2024-02-06T18:27:30.472+0000][7][gc,phases   ] GC(167)   Other: 0.1ms
[2024-02-06T18:27:30.472+0000][7][gc,age      ] GC(167) Age table with threshold 15 (max threshold 15)
[2024-02-06T18:27:30.472+0000][7][gc,age      ] GC(167) - age   1:    1103192 bytes,    1103192 total
[2024-02-06T18:27:30.472+0000][7][gc,age      ] GC(167) - age   2:       2296 bytes,    1105488 total
[2024-02-06T18:27:30.472+0000][7][gc,age      ] GC(167) - age   3:       1688 bytes,    1107176 total
[2024-02-06T18:27:30.472+0000][7][gc,age      ] GC(167) - age   4:        184 bytes,    1107360 total
[2024-02-06T18:27:30.472+0000][7][gc,age      ] GC(167) - age   5:       8016 bytes,    1115376 total
[2024-02-06T18:27:30.472+0000][7][gc,age      ] GC(167) - age   6:         32 bytes,    1115408 total
[2024-02-06T18:27:30.472+0000][7][gc,age      ] GC(167) - age   7:        120 bytes,    1115528 total
[2024-02-06T18:27:30.472+0000][7][gc,age      ] GC(167) - age   8:       2872 bytes,    1118400 total
[2024-02-06T18:27:30.472+0000][7][gc,age      ] GC(167) - age   9:     142032 bytes,    1260432 total
[2024-02-06T18:27:30.472+0000][7][gc,age      ] GC(167) - age  11:      75400 bytes,    1335832 total
[2024-02-06T18:27:30.472+0000][7][gc,age      ] GC(167) - age  12:        208 bytes,    1336040 total
[2024-02-06T18:27:30.472+0000][7][gc,heap     ] GC(167) Eden regions: 152->0(152)
[2024-02-06T18:27:30.472+0000][7][gc,heap     ] GC(167) Survivor regions: 1->1(20)
[2024-02-06T18:27:30.472+0000][7][gc,heap     ] GC(167) Old regions: 23->23
[2024-02-06T18:27:30.472+0000][7][gc,heap     ] GC(167) Archive regions: 2->2
[2024-02-06T18:27:30.472+0000][7][gc,heap     ] GC(167) Humongous regions: 0->0
[2024-02-06T18:27:30.472+0000][7][gc,metaspace] GC(167) Metaspace: 127225K(130624K)->127225K(130624K) NonClass: 110649K(112448K)->110649K(112448K) Class: 16576K(18176K)->16576K(18176K)
[2024-02-06T18:27:30.472+0000][7][gc          ] GC(167) Pause Young (Normal) (G1 Evacuation Pause) 704M->96M(1024M) 2.587ms
[2024-02-06T18:27:30.472+0000][7][gc,cpu      ] GC(167) User=0.01s Sys=0.00s Real=0.01s
[2024-02-06T18:27:30.472+0000][7][safepoint   ] Safepoint "G1CollectForAllocation", Time since last: 27981461414 ns, Reaching safepoint: 48812 ns, At safepoint: 2682810 ns, Total: 2731622 ns
[2024-02-06T18:30:42.503+0000][7][gc,start    ] GC(168) Pause Young (Normal) (G1 Evacuation Pause)
[2024-02-06T18:30:42.504+0000][7][gc,task     ] GC(168) Using 8 workers of 8 for evacuation
[2024-02-06T18:30:42.504+0000][7][gc,age      ] GC(168) Desired survivor size 41943040 bytes, new threshold 15 (max threshold 15)
[2024-02-06T18:30:42.506+0000][7][gc,phases   ] GC(168)   Pre Evacuate Collection Set: 0.1ms
[2024-02-06T18:30:42.506+0000][7][gc,phases   ] GC(168)   Merge Heap Roots: 0.1ms
[2024-02-06T18:30:42.506+0000][7][gc,phases   ] GC(168)   Evacuate Collection Set: 1.2ms
[2024-02-06T18:30:42.506+0000][7][gc,phases   ] GC(168)   Post Evacuate Collection Set: 0.7ms
[2024-02-06T18:30:42.506+0000][7][gc,phases   ] GC(168)   Other: 0.1ms
[2024-02-06T18:30:42.506+0000][7][gc,age      ] GC(168) Age table with threshold 15 (max threshold 15)
[2024-02-06T18:30:42.506+0000][7][gc,age      ] GC(168) - age   1:     892792 bytes,     892792 total
[2024-02-06T18:30:42.506+0000][7][gc,age      ] GC(168) - age   2:       5616 bytes,     898408 total
[2024-02-06T18:30:42.506+0000][7][gc,age      ] GC(168) - age   3:       1016 bytes,     899424 total
[2024-02-06T18:30:42.506+0000][7][gc,age      ] GC(168) - age   4:       1264 bytes,     900688 total
[2024-02-06T18:30:42.506+0000][7][gc,age      ] GC(168) - age   6:       8016 bytes,     908704 total
[2024-02-06T18:30:42.506+0000][7][gc,age      ] GC(168) - age   7:         32 bytes,     908736 total
[2024-02-06T18:30:42.506+0000][7][gc,age      ] GC(168) - age   8:        120 bytes,     908856 total
[2024-02-06T18:30:42.506+0000][7][gc,age      ] GC(168) - age   9:       2872 bytes,     911728 total
[2024-02-06T18:30:42.506+0000][7][gc,age      ] GC(168) - age  10:     142032 bytes,    1053760 total
[2024-02-06T18:30:42.506+0000][7][gc,age      ] GC(168) - age  12:      75400 bytes,    1129160 total
[2024-02-06T18:30:42.506+0000][7][gc,age      ] GC(168) - age  13:        208 bytes,    1129368 total
[2024-02-06T18:30:42.506+0000][7][gc,heap     ] GC(168) Eden regions: 152->0(152)
[2024-02-06T18:30:42.506+0000][7][gc,heap     ] GC(168) Survivor regions: 1->1(20)
[2024-02-06T18:30:42.506+0000][7][gc,heap     ] GC(168) Old regions: 23->23
[2024-02-06T18:30:42.506+0000][7][gc,heap     ] GC(168) Archive regions: 2->2
[2024-02-06T18:30:42.506+0000][7][gc,heap     ] GC(168) Humongous regions: 0->0
[2024-02-06T18:30:42.506+0000][7][gc,metaspace] GC(168) Metaspace: 127225K(130624K)->127225K(130624K) NonClass: 110649K(112448K)->110649K(112448K) Class: 16576K(18176K)->16576K(18176K)
[2024-02-06T18:30:42.506+0000][7][gc          ] GC(168) Pause Young (Normal) (G1 Evacuation Pause) 704M->96M(1024M) 2.431ms
[2024-02-06T18:30:42.506+0000][7][gc,cpu      ] GC(168) User=0.01s Sys=0.00s Real=0.00s
[2024-02-06T18:30:42.506+0000][7][safepoint   ] Safepoint "G1CollectForAllocation", Time since last: 192031585902 ns, Reaching safepoint: 59552 ns, At safepoint: 2520320 ns, Total: 2579872 ns
[2024-02-06T18:31:24.512+0000][7][safepoint   ] Safepoint "Cleanup", Time since last: 42006357847 ns, Reaching safepoint: 121940 ns, At safepoint: 26833 ns, Total: 148773 ns
[2024-02-06T18:34:00.612+0000][7][gc,start    ] GC(169) Pause Young (Normal) (G1 Evacuation Pause)
[2024-02-06T18:34:00.612+0000][7][gc,task     ] GC(169) Using 8 workers of 8 for evacuation
[2024-02-06T18:34:00.612+0000][7][gc,age      ] GC(169) Desired survivor size 41943040 bytes, new threshold 15 (max threshold 15)
[2024-02-06T18:34:00.614+0000][7][gc,phases   ] GC(169)   Pre Evacuate Collection Set: 0.1ms
[2024-02-06T18:34:00.614+0000][7][gc,phases   ] GC(169)   Merge Heap Roots: 0.1ms
[2024-02-06T18:34:00.614+0000][7][gc,phases   ] GC(169)   Evacuate Collection Set: 1.1ms
[2024-02-06T18:34:00.614+0000][7][gc,phases   ] GC(169)   Post Evacuate Collection Set: 0.6ms
[2024-02-06T18:34:00.614+0000][7][gc,phases   ] GC(169)   Other: 0.1ms
[2024-02-06T18:34:00.614+0000][7][gc,age      ] GC(169) Age table with threshold 15 (max threshold 15)
[2024-02-06T18:34:00.614+0000][7][gc,age      ] GC(169) - age   1:    2098248 bytes,    2098248 total
[2024-02-06T18:34:00.614+0000][7][gc,age      ] GC(169) - age   2:       2400 bytes,    2100648 total
[2024-02-06T18:34:00.614+0000][7][gc,age      ] GC(169) - age   3:       4168 bytes,    2104816 total
[2024-02-06T18:34:00.614+0000][7][gc,age      ] GC(169) - age   4:        472 bytes,    2105288 total
[2024-02-06T18:34:00.614+0000][7][gc,age      ] GC(169) - age   5:        368 bytes,    2105656 total
[2024-02-06T18:34:00.614+0000][7][gc,age      ] GC(169) - age   7:       8016 bytes,    2113672 total
[2024-02-06T18:34:00.614+0000][7][gc,age      ] GC(169) - age   9:        120 bytes,    2113792 total
[2024-02-06T18:34:00.614+0000][7][gc,age      ] GC(169) - age  10:       2872 bytes,    2116664 total
[2024-02-06T18:34:00.614+0000][7][gc,age      ] GC(169) - age  11:     142032 bytes,    2258696 total
[2024-02-06T18:34:00.614+0000][7][gc,age      ] GC(169) - age  13:      75400 bytes,    2334096 total
[2024-02-06T18:34:00.614+0000][7][gc,age      ] GC(169) - age  14:        208 bytes,    2334304 total
[2024-02-06T18:34:00.614+0000][7][gc,heap     ] GC(169) Eden regions: 152->0(152)
[2024-02-06T18:34:00.614+0000][7][gc,heap     ] GC(169) Survivor regions: 1->1(20)
[2024-02-06T18:34:00.614+0000][7][gc,heap     ] GC(169) Old regions: 23->23
[2024-02-06T18:34:00.614+0000][7][gc,heap     ] GC(169) Archive regions: 2->2
[2024-02-06T18:34:00.614+0000][7][gc,heap     ] GC(169) Humongous regions: 0->0
[2024-02-06T18:34:00.614+0000][7][gc,metaspace] GC(169) Metaspace: 127227K(130624K)->127227K(130624K) NonClass: 110651K(112448K)->110651K(112448K) Class: 16576K(18176K)->16576K(18176K)
[2024-02-06T18:34:00.614+0000][7][gc          ] GC(169) Pause Young (Normal) (G1 Evacuation Pause) 704M->97M(1024M) 2.142ms
[2024-02-06T18:34:00.614+0000][7][gc,cpu      ] GC(169) User=0.01s Sys=0.00s Real=0.00s
[2024-02-06T18:34:00.614+0000][7][safepoint   ] Safepoint "G1CollectForAllocation", Time since last: 156099696845 ns, Reaching safepoint: 35701 ns, At safepoint: 2209509 ns, Total: 2245210 ns
[2024-02-06T18:35:00.624+0000][7][safepoint   ] Safepoint "Cleanup", Time since last: 60009149058 ns, Reaching safepoint: 88668 ns, At safepoint: 15511 ns, Total: 104179 ns
[2024-02-06T18:36:48.641+0000][7][safepoint   ] Safepoint "Cleanup", Time since last: 108017342303 ns, Reaching safepoint: 103917 ns, At safepoint: 12931 ns, Total: 116848 ns
[2024-02-06T18:37:06.570+0000][7][gc,start    ] GC(170) Pause Young (Normal) (G1 Evacuation Pause)
[2024-02-06T18:37:06.570+0000][7][gc,task     ] GC(170) Using 8 workers of 8 for evacuation
[2024-02-06T18:37:06.570+0000][7][gc,age      ] GC(170) Desired survivor size 41943040 bytes, new threshold 15 (max threshold 15)
[2024-02-06T18:37:06.572+0000][7][gc,phases   ] GC(170)   Pre Evacuate Collection Set: 0.1ms
[2024-02-06T18:37:06.572+0000][7][gc,phases   ] GC(170)   Merge Heap Roots: 0.1ms
[2024-02-06T18:37:06.572+0000][7][gc,phases   ] GC(170)   Evacuate Collection Set: 1.2ms
[2024-02-06T18:37:06.572+0000][7][gc,phases   ] GC(170)   Post Evacuate Collection Set: 0.5ms
[2024-02-06T18:37:06.572+0000][7][gc,phases   ] GC(170)   Other: 0.1ms
[2024-02-06T18:37:06.572+0000][7][gc,age      ] GC(170) Age table with threshold 15 (max threshold 15)
[2024-02-06T18:37:06.572+0000][7][gc,age      ] GC(170) - age   1:    2330800 bytes,    2330800 total
[2024-02-06T18:37:06.572+0000][7][gc,age      ] GC(170) - age   2:      12296 bytes,    2343096 total
[2024-02-06T18:37:06.572+0000][7][gc,age      ] GC(170) - age   3:       1000 bytes,    2344096 total
[2024-02-06T18:37:06.572+0000][7][gc,age      ] GC(170) - age   4:       1096 bytes,    2345192 total
[2024-02-06T18:37:06.572+0000][7][gc,age      ] GC(170) - age   5:        408 bytes,    2345600 total
[2024-02-06T18:37:06.572+0000][7][gc,age      ] GC(170) - age   6:        184 bytes,    2345784 total
[2024-02-06T18:37:06.572+0000][7][gc,age      ] GC(170) - age  10:        120 bytes,    2345904 total
[2024-02-06T18:37:06.572+0000][7][gc,age      ] GC(170) - age  11:        232 bytes,    2346136 total
[2024-02-06T18:37:06.572+0000][7][gc,age      ] GC(170) - age  12:     142032 bytes,    2488168 total
[2024-02-06T18:37:06.572+0000][7][gc,age      ] GC(170) - age  14:      75400 bytes,    2563568 total
[2024-02-06T18:37:06.572+0000][7][gc,age      ] GC(170) - age  15:        208 bytes,    2563776 total
[2024-02-06T18:37:06.572+0000][7][gc,heap     ] GC(170) Eden regions: 152->0(152)
[2024-02-06T18:37:06.572+0000][7][gc,heap     ] GC(170) Survivor regions: 1->1(20)
[2024-02-06T18:37:06.572+0000][7][gc,heap     ] GC(170) Old regions: 23->23
[2024-02-06T18:37:06.572+0000][7][gc,heap     ] GC(170) Archive regions: 2->2
[2024-02-06T18:37:06.572+0000][7][gc,heap     ] GC(170) Humongous regions: 0->0
[2024-02-06T18:37:06.572+0000][7][gc,metaspace] GC(170) Metaspace: 127229K(130624K)->127229K(130624K) NonClass: 110653K(112448K)->110653K(112448K) Class: 16576K(18176K)->16576K(18176K)
[2024-02-06T18:37:06.572+0000][7][gc          ] GC(170) Pause Young (Normal) (G1 Evacuation Pause) 705M->97M(1024M) 2.122ms
[2024-02-06T18:37:06.572+0000][7][gc,cpu      ] GC(170) User=0.01s Sys=0.00s Real=0.00s
[2024-02-06T18:37:06.572+0000][7][safepoint   ] Safepoint "G1CollectForAllocation", Time since last: 17929040891 ns, Reaching safepoint: 43617 ns, At safepoint: 2194260 ns, Total: 2237877 ns
[2024-02-06T21:59:34.814+0000][7][safepoint   ] Safepoint "Cleanup", Time since last: 135962487028 ns, Reaching safepoint: 94638 ns, At safepoint: 31107 ns, Total: 125745 ns
[2024-02-06T21:59:35.815+0000][7][safepoint   ] Safepoint "Cleanup", Time since last: 1000118113 ns, Reaching safepoint: 61931 ns, At safepoint: 6687 ns, Total: 68618 ns
[2024-02-06T21:59:44.815+0000][7][safepoint   ] Safepoint "Cleanup", Time since last: 9000603553 ns, Reaching safepoint: 68078 ns, At safepoint: 7238 ns, Total: 75316 ns
[2024-02-06T22:00:14.818+0000][7][safepoint   ] Safepoint "Cleanup", Time since last: 30002206947 ns, Reaching safepoint: 63902 ns, At safepoint: 7768 ns, Total: 71670 ns
[2024-02-06T22:00:18.834+0000][7][gc,start    ] GC(171) Pause Young (Normal) (G1 Evacuation Pause)
[2024-02-06T22:00:18.834+0000][7][gc,task     ] GC(171) Using 8 workers of 8 for evacuation
[2024-02-06T22:00:18.834+0000][7][gc,age      ] GC(171) Desired survivor size 41943040 bytes, new threshold 15 (max threshold 15)
[2024-02-06T22:00:18.837+0000][7][gc,phases   ] GC(171)   Pre Evacuate Collection Set: 0.1ms
[2024-02-06T22:00:18.837+0000][7][gc,phases   ] GC(171)   Merge Heap Roots: 0.1ms
[2024-02-06T22:00:18.837+0000][7][gc,phases   ] GC(171)   Evacuate Collection Set: 1.6ms
[2024-02-06T22:00:18.837+0000][7][gc,phases   ] GC(171)   Post Evacuate Collection Set: 0.9ms
[2024-02-06T22:00:18.837+0000][7][gc,phases   ] GC(171)   Other: 0.1ms
[2024-02-06T22:00:18.837+0000][7][gc,age      ] GC(171) Age table with threshold 15 (max threshold 15)
[2024-02-06T22:00:18.837+0000][7][gc,age      ] GC(171) - age   1:     982072 bytes,     982072 total
[2024-02-06T22:00:18.837+0000][7][gc,age      ] GC(171) - age   2:     150952 bytes,    1133024 total
[2024-02-06T22:00:18.837+0000][7][gc,age      ] GC(171) - age   3:       1720 bytes,    1134744 total
[2024-02-06T22:00:18.837+0000][7][gc,age      ] GC(171) - age   4:       1000 bytes,    1135744 total
[2024-02-06T22:00:18.837+0000][7][gc,age      ] GC(171) - age   5:        520 bytes,    1136264 total
[2024-02-06T22:00:18.837+0000][7][gc,age      ] GC(171) - age   6:        408 bytes,    1136672 total
[2024-02-06T22:00:18.837+0000][7][gc,age      ] GC(171) - age   7:        152 bytes,    1136824 total
[2024-02-06T22:00:18.837+0000][7][gc,age      ] GC(171) - age  11:        120 bytes,    1136944 total
[2024-02-06T22:00:18.837+0000][7][gc,age      ] GC(171) - age  12:        232 bytes,    1137176 total
[2024-02-06T22:00:18.837+0000][7][gc,age      ] GC(171) - age  13:     142032 bytes,    1279208 total
[2024-02-06T22:00:18.837+0000][7][gc,age      ] GC(171) - age  15:      75400 bytes,    1354608 total
[2024-02-06T22:00:18.837+0000][7][gc,heap     ] GC(171) Eden regions: 152->0(152)
[2024-02-06T22:00:18.837+0000][7][gc,heap     ] GC(171) Survivor regions: 1->1(20)
[2024-02-06T22:00:18.837+0000][7][gc,heap     ] GC(171) Old regions: 23->23
[2024-02-06T22:00:18.837+0000][7][gc,heap     ] GC(171) Archive regions: 2->2
[2024-02-06T22:00:18.837+0000][7][gc,heap     ] GC(171) Humongous regions: 0->0
[2024-02-06T22:00:18.837+0000][7][gc,metaspace] GC(171) Metaspace: 127229K(130624K)->127229K(130624K) NonClass: 110653K(112448K)->110653K(112448K) Class: 16576K(18176K)->16576K(18176K)
[2024-02-06T22:00:18.837+0000][7][gc          ] GC(171) Pause Young (Normal) (G1 Evacuation Pause) 705M->96M(1024M) 3.230ms
[2024-02-06T22:00:18.837+0000][7][gc,cpu      ] GC(171) User=0.01s Sys=0.00s Real=0.00s
[2024-02-06T22:00:18.837+0000][7][safepoint   ] Safepoint "G1CollectForAllocation", Time since last: 4016541834 ns, Reaching safepoint: 72723 ns, At safepoint: 3349529 ns, Total: 3422252 ns
[2024-02-06T22:00:51.841+0000][7][safepoint   ] Safepoint "Cleanup", Time since last: 33003468780 ns, Reaching safepoint: 84038 ns, At safepoint: 8621 ns, Total: 92659 ns
[2024-02-06T22:01:25.845+0000][7][safepoint   ] Safepoint "Cleanup", Time since last: 34003437084 ns, Reaching safepoint: 71889 ns, At safepoint: 39204 ns, Total: 111093 ns
[2024-02-06T22:02:49.485+0000][7][gc,start    ] GC(172) Pause Young (Normal) (G1 Evacuation Pause)
[2024-02-06T22:02:49.485+0000][7][gc,task     ] GC(172) Using 8 workers of 8 for evacuation
[2024-02-06T22:02:49.485+0000][7][gc,age      ] GC(172) Desired survivor size 41943040 bytes, new threshold 15 (max threshold 15)
[2024-02-06T22:02:49.487+0000][7][gc,phases   ] GC(172)   Pre Evacuate Collection Set: 0.2ms
[2024-02-06T22:02:49.487+0000][7][gc,phases   ] GC(172)   Merge Heap Roots: 0.1ms
[2024-02-06T22:02:49.487+0000][7][gc,phases   ] GC(172)   Evacuate Collection Set: 1.6ms
[2024-02-06T22:02:49.487+0000][7][gc,phases   ] GC(172)   Post Evacuate Collection Set: 0.8ms
[2024-02-06T22:02:49.488+0000][7][gc,phases   ] GC(172)   Other: 0.1ms
[2024-02-06T22:02:49.488+0000][7][gc,age      ] GC(172) Age table with threshold 15 (max threshold 15)
[2024-02-06T22:02:49.488+0000][7][gc,age      ] GC(172) - age   1:    1896800 bytes,    1896800 total
[2024-02-06T22:02:49.488+0000][7][gc,age      ] GC(172) - age   2:     142120 bytes,    2038920 total
[2024-02-06T22:02:49.488+0000][7][gc,age      ] GC(172) - age   3:     148672 bytes,    2187592 total
[2024-02-06T22:02:49.488+0000][7][gc,age      ] GC(172) - age   4:        648 bytes,    2188240 total
[2024-02-06T22:02:49.488+0000][7][gc,age      ] GC(172) - age   5:       1000 bytes,    2189240 total
[2024-02-06T22:02:49.488+0000][7][gc,age      ] GC(172) - age   6:        520 bytes,    2189760 total
[2024-02-06T22:02:49.488+0000][7][gc,age      ] GC(172) - age   7:        408 bytes,    2190168 total
[2024-02-06T22:02:49.488+0000][7][gc,age      ] GC(172) - age   8:        120 bytes,    2190288 total
[2024-02-06T22:02:49.488+0000][7][gc,age      ] GC(172) - age  12:        120 bytes,    2190408 total
[2024-02-06T22:02:49.488+0000][7][gc,age      ] GC(172) - age  13:        232 bytes,    2190640 total
[2024-02-06T22:02:49.488+0000][7][gc,age      ] GC(172) - age  14:     142032 bytes,    2332672 total
[2024-02-06T22:02:49.488+0000][7][gc,heap     ] GC(172) Eden regions: 152->0(152)
[2024-02-06T22:02:49.488+0000][7][gc,heap     ] GC(172) Survivor regions: 1->1(20)
[2024-02-06T22:02:49.488+0000][7][gc,heap     ] GC(172) Old regions: 23->23
[2024-02-06T22:02:49.488+0000][7][gc,heap     ] GC(172) Archive regions: 2->2
[2024-02-06T22:02:49.488+0000][7][gc,heap     ] GC(172) Humongous regions: 0->0
[2024-02-06T22:02:49.488+0000][7][gc,metaspace] GC(172) Metaspace: 127233K(130624K)->127233K(130624K) NonClass: 110657K(112448K)->110657K(112448K) Class: 16576K(18176K)->16576K(18176K)
[2024-02-06T22:02:49.488+0000][7][gc          ] GC(172) Pause Young (Normal) (G1 Evacuation Pause) 704M->97M(1024M) 3.049ms
[2024-02-06T22:02:49.488+0000][7][gc,cpu      ] GC(172) User=0.02s Sys=0.00s Real=0.00s
[2024-02-06T22:02:49.488+0000][7][safepoint   ] Safepoint "G1CollectForAllocation", Time since last: 83639910497 ns, Reaching safepoint: 63902 ns, At safepoint: 3143953 ns, Total: 3207855 ns
[2024-02-06T22:05:23.059+0000][7][gc,start    ] GC(173) Pause Young (Normal) (G1 Evacuation Pause)
[2024-02-06T22:05:23.059+0000][7][gc,task     ] GC(173) Using 8 workers of 8 for evacuation
[2024-02-06T22:05:23.059+0000][7][gc,age      ] GC(173) Desired survivor size 41943040 bytes, new threshold 15 (max threshold 15)
[2024-02-06T22:05:23.062+0000][7][gc,phases   ] GC(173)   Pre Evacuate Collection Set: 0.1ms
[2024-02-06T22:05:23.062+0000][7][gc,phases   ] GC(173)   Merge Heap Roots: 0.1ms
[2024-02-06T22:05:23.062+0000][7][gc,phases   ] GC(173)   Evacuate Collection Set: 1.5ms
[2024-02-06T22:05:23.062+0000][7][gc,phases   ] GC(173)   Post Evacuate Collection Set: 0.9ms
[2024-02-06T22:05:23.062+0000][7][gc,phases   ] GC(173)   Other: 0.1ms
[2024-02-06T22:05:23.062+0000][7][gc,age      ] GC(173) Age table with threshold 15 (max threshold 15)
[2024-02-06T22:05:23.062+0000][7][gc,age      ] GC(173) - age   1:    1060392 bytes,    1060392 total
[2024-02-06T22:05:23.062+0000][7][gc,age      ] GC(173) - age   2:       3952 bytes,    1064344 total
[2024-02-06T22:05:23.062+0000][7][gc,age      ] GC(173) - age   3:     140640 bytes,    1204984 total
[2024-02-06T22:05:23.062+0000][7][gc,age      ] GC(173) - age   4:     144680 bytes,    1349664 total
[2024-02-06T22:05:23.062+0000][7][gc,age      ] GC(173) - age   5:        584 bytes,    1350248 total
[2024-02-06T22:05:23.062+0000][7][gc,age      ] GC(173) - age   6:       1000 bytes,    1351248 total
[2024-02-06T22:05:23.062+0000][7][gc,age      ] GC(173) - age   7:        520 bytes,    1351768 total
[2024-02-06T22:05:23.062+0000][7][gc,age      ] GC(173) - age   8:         24 bytes,    1351792 total
[2024-02-06T22:05:23.062+0000][7][gc,age      ] GC(173) - age   9:        120 bytes,    1351912 total
[2024-02-06T22:05:23.062+0000][7][gc,age      ] GC(173) - age  13:        120 bytes,    1352032 total
[2024-02-06T22:05:23.062+0000][7][gc,age      ] GC(173) - age  14:        232 bytes,    1352264 total
[2024-02-06T22:05:23.062+0000][7][gc,age      ] GC(173) - age  15:     142032 bytes,    1494296 total
[2024-02-06T22:05:23.062+0000][7][gc,heap     ] GC(173) Eden regions: 152->0(152)
[2024-02-06T22:05:23.062+0000][7][gc,heap     ] GC(173) Survivor regions: 1->1(20)
[2024-02-06T22:05:23.062+0000][7][gc,heap     ] GC(173) Old regions: 23->23
[2024-02-06T22:05:23.062+0000][7][gc,heap     ] GC(173) Archive regions: 2->2
[2024-02-06T22:05:23.062+0000][7][gc,heap     ] GC(173) Humongous regions: 0->0
[2024-02-06T22:05:23.062+0000][7][gc,metaspace] GC(173) Metaspace: 127233K(130624K)->127233K(130624K) NonClass: 110657K(112448K)->110657K(112448K) Class: 16576K(18176K)->16576K(18176K)
[2024-02-06T22:05:23.062+0000][7][gc          ] GC(173) Pause Young (Normal) (G1 Evacuation Pause) 705M->96M(1024M) 3.073ms
[2024-02-06T22:05:23.062+0000][7][gc,cpu      ] GC(173) User=0.01s Sys=0.01s Real=0.01s
[2024-02-06T22:05:23.062+0000][7][safepoint   ] Safepoint "G1CollectForAllocation", Time since last: 152440581301 ns, Reaching safepoint: 77764 ns, At safepoint: 3176837 ns, Total: 3254601 ns
[2024-02-06T22:06:43.072+0000][7][safepoint   ] Safepoint "Cleanup", Time since last: 80009737625 ns, Reaching safepoint: 100707 ns, At safepoint: 9867 ns, Total: 110574 ns
[2024-02-06T22:08:02.850+0000][7][gc,start    ] GC(174) Pause Young (Normal) (G1 Evacuation Pause)
[2024-02-06T22:08:02.850+0000][7][gc,task     ] GC(174) Using 8 workers of 8 for evacuation
[2024-02-06T22:08:02.850+0000][7][gc,age      ] GC(174) Desired survivor size 41943040 bytes, new threshold 15 (max threshold 15)
[2024-02-06T22:08:02.853+0000][7][gc,phases   ] GC(174)   Pre Evacuate Collection Set: 0.1ms
[2024-02-06T22:08:02.853+0000][7][gc,phases   ] GC(174)   Merge Heap Roots: 0.1ms
[2024-02-06T22:08:02.853+0000][7][gc,phases   ] GC(174)   Evacuate Collection Set: 2.4ms
[2024-02-06T22:08:02.853+0000][7][gc,phases   ] GC(174)   Post Evacuate Collection Set: 0.8ms
[2024-02-06T22:08:02.853+0000][7][gc,phases   ] GC(174)   Other: 0.1ms
[2024-02-06T22:08:02.853+0000][7][gc,age      ] GC(174) Age table with threshold 15 (max threshold 15)
[2024-02-06T22:08:02.853+0000][7][gc,age      ] GC(174) - age   1:    1436384 bytes,    1436384 total
[2024-02-06T22:08:02.853+0000][7][gc,age      ] GC(174) - age   2:       5520 bytes,    1441904 total
[2024-02-06T22:08:02.853+0000][7][gc,age      ] GC(174) - age   3:       1352 bytes,    1443256 total
[2024-02-06T22:08:02.853+0000][7][gc,age      ] GC(174) - age   4:     140320 bytes,    1583576 total
[2024-02-06T22:08:02.853+0000][7][gc,age      ] GC(174) - age   5:     144680 bytes,    1728256 total
[2024-02-06T22:08:02.853+0000][7][gc,age      ] GC(174) - age   6:        400 bytes,    1728656 total
[2024-02-06T22:08:02.853+0000][7][gc,age      ] GC(174) - age   7:       1000 bytes,    1729656 total
[2024-02-06T22:08:02.853+0000][7][gc,age      ] GC(174) - age   8:        520 bytes,    1730176 total
[2024-02-06T22:08:02.853+0000][7][gc,age      ] GC(174) - age   9:         24 bytes,    1730200 total
[2024-02-06T22:08:02.853+0000][7][gc,age      ] GC(174) - age  10:        120 bytes,    1730320 total
[2024-02-06T22:08:02.853+0000][7][gc,age      ] GC(174) - age  14:        120 bytes,    1730440 total
[2024-02-06T22:08:02.853+0000][7][gc,age      ] GC(174) - age  15:        232 bytes,    1730672 total
[2024-02-06T22:08:02.853+0000][7][gc,heap     ] GC(174) Eden regions: 152->0(152)
[2024-02-06T22:08:02.853+0000][7][gc,heap     ] GC(174) Survivor regions: 1->1(20)
[2024-02-06T22:08:02.853+0000][7][gc,heap     ] GC(174) Old regions: 23->23
[2024-02-06T22:08:02.853+0000][7][gc,heap     ] GC(174) Archive regions: 2->2
[2024-02-06T22:08:02.853+0000][7][gc,heap     ] GC(174) Humongous regions: 0->0
[2024-02-06T22:08:02.853+0000][7][gc,metaspace] GC(174) Metaspace: 127233K(130624K)->127233K(130624K) NonClass: 110657K(112448K)->110657K(112448K) Class: 16576K(18176K)->16576K(18176K)
[2024-02-06T22:08:02.853+0000][7][gc          ] GC(174) Pause Young (Normal) (G1 Evacuation Pause) 704M->96M(1024M) 3.961ms
[2024-02-06T22:08:02.854+0000][7][gc,cpu      ] GC(174) User=0.01s Sys=0.00s Real=0.01s
[2024-02-06T22:08:02.854+0000][7][safepoint   ] Safepoint "G1CollectForAllocation", Time since last: 79777272203 ns, Reaching safepoint: 60621 ns, At safepoint: 4077498 ns, Total: 4138119 ns
[2024-02-06T22:11:25.998+0000][7][gc,start    ] GC(175) Pause Young (Normal) (G1 Evacuation Pause)
[2024-02-06T22:11:25.998+0000][7][gc,task     ] GC(175) Using 8 workers of 8 for evacuation
[2024-02-06T22:11:25.998+0000][7][gc,age      ] GC(175) Desired survivor size 41943040 bytes, new threshold 15 (max threshold 15)
[2024-02-06T22:11:26.000+0000][7][gc,phases   ] GC(175)   Pre Evacuate Collection Set: 0.1ms
[2024-02-06T22:11:26.001+0000][7][gc,phases   ] GC(175)   Merge Heap Roots: 0.1ms
[2024-02-06T22:11:26.001+0000][7][gc,phases   ] GC(175)   Evacuate Collection Set: 1.6ms
[2024-02-06T22:11:26.001+0000][7][gc,phases   ] GC(175)   Post Evacuate Collection Set: 0.8ms
[2024-02-06T22:11:26.001+0000][7][gc,phases   ] GC(175)   Other: 0.1ms
[2024-02-06T22:11:26.001+0000][7][gc,age      ] GC(175) Age table with threshold 15 (max threshold 15)
[2024-02-06T22:11:26.001+0000][7][gc,age      ] GC(175) - age   1:    1717344 bytes,    1717344 total
[2024-02-06T22:11:26.001+0000][7][gc,age      ] GC(175) - age   2:       2000 bytes,    1719344 total
[2024-02-06T22:11:26.001+0000][7][gc,age      ] GC(175) - age   3:       3904 bytes,    1723248 total
[2024-02-06T22:11:26.001+0000][7][gc,age      ] GC(175) - age   4:        216 bytes,    1723464 total
[2024-02-06T22:11:26.001+0000][7][gc,age      ] GC(175) - age   5:     140192 bytes,    1863656 total
[2024-02-06T22:11:26.001+0000][7][gc,age      ] GC(175) - age   6:     144680 bytes,    2008336 total
[2024-02-06T22:11:26.001+0000][7][gc,age      ] GC(175) - age   7:        368 bytes,    2008704 total
[2024-02-06T22:11:26.001+0000][7][gc,age      ] GC(175) - age   8:       1000 bytes,    2009704 total
[2024-02-06T22:11:26.001+0000][7][gc,age      ] GC(175) - age   9:        520 bytes,    2010224 total
[2024-02-06T22:11:26.001+0000][7][gc,age      ] GC(175) - age  10:         24 bytes,    2010248 total
[2024-02-06T22:11:26.001+0000][7][gc,age      ] GC(175) - age  11:        120 bytes,    2010368 total
[2024-02-06T22:11:26.001+0000][7][gc,age      ] GC(175) - age  15:        120 bytes,    2010488 total
[2024-02-06T22:11:26.001+0000][7][gc,heap     ] GC(175) Eden regions: 152->0(152)
[2024-02-06T22:11:26.001+0000][7][gc,heap     ] GC(175) Survivor regions: 1->1(20)
[2024-02-06T22:11:26.001+0000][7][gc,heap     ] GC(175) Old regions: 23->23
[2024-02-06T22:11:26.001+0000][7][gc,heap     ] GC(175) Archive regions: 2->2
[2024-02-06T22:11:26.001+0000][7][gc,heap     ] GC(175) Humongous regions: 0->0
[2024-02-06T22:11:26.001+0000][7][gc,metaspace] GC(175) Metaspace: 127233K(130624K)->127233K(130624K) NonClass: 110657K(112448K)->110657K(112448K) Class: 16576K(18176K)->16576K(18176K)
[2024-02-06T22:11:26.001+0000][7][gc          ] GC(175) Pause Young (Normal) (G1 Evacuation Pause) 704M->97M(1024M) 3.107ms
[2024-02-06T22:11:26.001+0000][7][gc,cpu      ] GC(175) User=0.01s Sys=0.01s Real=0.01s
[2024-02-06T22:11:26.001+0000][7][safepoint   ] Safepoint "G1CollectForAllocation", Time since last: 203143957886 ns, Reaching safepoint: 69584 ns, At safepoint: 3210657 ns, Total: 3280241 ns
[2024-02-06T22:14:40.994+0000][7][gc,start    ] GC(176) Pause Young (Normal) (G1 Evacuation Pause)
[2024-02-06T22:14:40.994+0000][7][gc,task     ] GC(176) Using 8 workers of 8 for evacuation
[2024-02-06T22:14:40.994+0000][7][gc,age      ] GC(176) Desired survivor size 41943040 bytes, new threshold 15 (max threshold 15)
[2024-02-06T22:14:40.997+0000][7][gc,phases   ] GC(176)   Pre Evacuate Collection Set: 0.2ms
[2024-02-06T22:14:40.997+0000][7][gc,phases   ] GC(176)   Merge Heap Roots: 0.1ms
[2024-02-06T22:14:40.997+0000][7][gc,phases   ] GC(176)   Evacuate Collection Set: 1.8ms
[2024-02-06T22:14:40.997+0000][7][gc,phases   ] GC(176)   Post Evacuate Collection Set: 1.1ms
[2024-02-06T22:14:40.997+0000][7][gc,phases   ] GC(176)   Other: 0.1ms
[2024-02-06T22:14:40.997+0000][7][gc,age      ] GC(176) Age table with threshold 15 (max threshold 15)
[2024-02-06T22:14:40.997+0000][7][gc,age      ] GC(176) - age   1:    1220384 bytes,    1220384 total
[2024-02-06T22:14:40.997+0000][7][gc,age      ] GC(176) - age   2:       3080 bytes,    1223464 total
[2024-02-06T22:14:40.997+0000][7][gc,age      ] GC(176) - age   3:        504 bytes,    1223968 total
[2024-02-06T22:14:40.997+0000][7][gc,age      ] GC(176) - age   4:       3904 bytes,    1227872 total
[2024-02-06T22:14:40.997+0000][7][gc,age      ] GC(176) - age   5:        216 bytes,    1228088 total
[2024-02-06T22:14:40.997+0000][7][gc,age      ] GC(176) - age   6:     140160 bytes,    1368248 total
[2024-02-06T22:14:40.997+0000][7][gc,age      ] GC(176) - age   7:     144680 bytes,    1512928 total
[2024-02-06T22:14:40.997+0000][7][gc,age      ] GC(176) - age   8:        368 bytes,    1513296 total
[2024-02-06T22:14:40.997+0000][7][gc,age      ] GC(176) - age   9:       1000 bytes,    1514296 total
[2024-02-06T22:14:40.997+0000][7][gc,age      ] GC(176) - age  10:        520 bytes,    1514816 total
[2024-02-06T22:14:40.997+0000][7][gc,age      ] GC(176) - age  11:         24 bytes,    1514840 total
[2024-02-06T22:14:40.997+0000][7][gc,age      ] GC(176) - age  12:        120 bytes,    1514960 total
[2024-02-06T22:14:40.997+0000][7][gc,heap     ] GC(176) Eden regions: 152->0(152)
[2024-02-06T22:14:40.997+0000][7][gc,heap     ] GC(176) Survivor regions: 1->1(20)
[2024-02-06T22:14:40.997+0000][7][gc,heap     ] GC(176) Old regions: 23->23
[2024-02-06T22:14:40.997+0000][7][gc,heap     ] GC(176) Archive regions: 2->2
[2024-02-06T22:14:40.997+0000][7][gc,heap     ] GC(176) Humongous regions: 0->0
[2024-02-06T22:14:40.997+0000][7][gc,metaspace] GC(176) Metaspace: 127233K(130624K)->127233K(130624K) NonClass: 110657K(112448K)->110657K(112448K) Class: 16576K(18176K)->16576K(18176K)
[2024-02-06T22:14:40.997+0000][7][gc          ] GC(176) Pause Young (Normal) (G1 Evacuation Pause) 705M->96M(1024M) 3.675ms
[2024-02-06T22:14:40.997+0000][7][gc,cpu      ] GC(176) User=0.01s Sys=0.00s Real=0.00s
[2024-02-06T22:14:40.997+0000][7][safepoint   ] Safepoint "G1CollectForAllocation", Time since last: 194992600573 ns, Reaching safepoint: 87955 ns, At safepoint: 3792435 ns, Total: 3880390 ns
[2024-02-06T22:17:56.011+0000][7][gc,start    ] GC(177) Pause Young (Normal) (G1 Evacuation Pause)
[2024-02-06T22:17:56.011+0000][7][gc,task     ] GC(177) Using 8 workers of 8 for evacuation
[2024-02-06T22:17:56.011+0000][7][gc,age      ] GC(177) Desired survivor size 41943040 bytes, new threshold 15 (max threshold 15)
[2024-02-06T22:17:56.013+0000][7][gc,phases   ] GC(177)   Pre Evacuate Collection Set: 0.1ms
[2024-02-06T22:17:56.013+0000][7][gc,phases   ] GC(177)   Merge Heap Roots: 0.1ms
[2024-02-06T22:17:56.013+0000][7][gc,phases   ] GC(177)   Evacuate Collection Set: 1.4ms
[2024-02-06T22:17:56.013+0000][7][gc,phases   ] GC(177)   Post Evacuate Collection Set: 0.7ms
[2024-02-06T22:17:56.013+0000][7][gc,phases   ] GC(177)   Other: 0.1ms
[2024-02-06T22:17:56.013+0000][7][gc,age      ] GC(177) Age table with threshold 15 (max threshold 15)
[2024-02-06T22:17:56.013+0000][7][gc,age      ] GC(177) - age   1:     867344 bytes,     867344 total
[2024-02-06T22:17:56.013+0000][7][gc,age      ] GC(177) - age   2:       2856 bytes,     870200 total
[2024-02-06T22:17:56.013+0000][7][gc,age      ] GC(177) - age   3:       1288 bytes,     871488 total
[2024-02-06T22:17:56.013+0000][7][gc,age      ] GC(177) - age   4:        184 bytes,     871672 total
[2024-02-06T22:17:56.013+0000][7][gc,age      ] GC(177) - age   5:        536 bytes,     872208 total
[2024-02-06T22:17:56.013+0000][7][gc,age      ] GC(177) - age   6:        216 bytes,     872424 total
[2024-02-06T22:17:56.013+0000][7][gc,age      ] GC(177) - age   7:     139768 bytes,    1012192 total
[2024-02-06T22:17:56.013+0000][7][gc,age      ] GC(177) - age   8:     144680 bytes,    1156872 total
[2024-02-06T22:17:56.013+0000][7][gc,age      ] GC(177) - age   9:        368 bytes,    1157240 total
[2024-02-06T22:17:56.013+0000][7][gc,age      ] GC(177) - age  10:        816 bytes,    1158056 total
[2024-02-06T22:17:56.013+0000][7][gc,age      ] GC(177) - age  11:        520 bytes,    1158576 total
[2024-02-06T22:17:56.013+0000][7][gc,age      ] GC(177) - age  12:         24 bytes,    1158600 total
[2024-02-06T22:17:56.013+0000][7][gc,age      ] GC(177) - age  13:        120 bytes,    1158720 total
[2024-02-06T22:17:56.013+0000][7][gc,heap     ] GC(177) Eden regions: 152->0(152)
[2024-02-06T22:17:56.013+0000][7][gc,heap     ] GC(177) Survivor regions: 1->1(20)
[2024-02-06T22:17:56.013+0000][7][gc,heap     ] GC(177) Old regions: 23->23
[2024-02-06T22:17:56.013+0000][7][gc,heap     ] GC(177) Archive regions: 2->2
[2024-02-06T22:17:56.013+0000][7][gc,heap     ] GC(177) Humongous regions: 0->0
[2024-02-06T22:17:56.013+0000][7][gc,metaspace] GC(177) Metaspace: 127233K(130624K)->127233K(130624K) NonClass: 110657K(112448K)->110657K(112448K) Class: 16576K(18176K)->16576K(18176K)
[2024-02-06T22:17:56.013+0000][7][gc          ] GC(177) Pause Young (Normal) (G1 Evacuation Pause) 704M->96M(1024M) 2.665ms
[2024-02-06T22:17:56.013+0000][7][gc,cpu      ] GC(177) User=0.01s Sys=0.00s Real=0.01s
[2024-02-06T22:17:56.013+0000][7][safepoint   ] Safepoint "G1CollectForAllocation", Time since last: 195013303545 ns, Reaching safepoint: 64462 ns, At safepoint: 2754363 ns, Total: 2818825 ns
[2024-02-06T22:21:02.232+0000][7][gc,start    ] GC(178) Pause Young (Normal) (G1 Evacuation Pause)
[2024-02-06T22:21:02.232+0000][7][gc,task     ] GC(178) Using 8 workers of 8 for evacuation
[2024-02-06T22:21:02.232+0000][7][gc,age      ] GC(178) Desired survivor size 41943040 bytes, new threshold 15 (max threshold 15)
[2024-02-06T22:21:02.235+0000][7][gc,phases   ] GC(178)   Pre Evacuate Collection Set: 0.1ms
[2024-02-06T22:21:02.235+0000][7][gc,phases   ] GC(178)   Merge Heap Roots: 0.1ms
[2024-02-06T22:21:02.235+0000][7][gc,phases   ] GC(178)   Evacuate Collection Set: 1.7ms
[2024-02-06T22:21:02.235+0000][7][gc,phases   ] GC(178)   Post Evacuate Collection Set: 0.8ms
[2024-02-06T22:21:02.235+0000][7][gc,phases   ] GC(178)   Other: 0.1ms
[2024-02-06T22:21:02.235+0000][7][gc,age      ] GC(178) Age table with threshold 15 (max threshold 15)
[2024-02-06T22:21:02.235+0000][7][gc,age      ] GC(178) - age   1:    1622080 bytes,    1622080 total
[2024-02-06T22:21:02.235+0000][7][gc,age      ] GC(178) - age   2:     205856 bytes,    1827936 total
[2024-02-06T22:21:02.235+0000][7][gc,age      ] GC(178) - age   3:        360 bytes,    1828296 total
[2024-02-06T22:21:02.235+0000][7][gc,age      ] GC(178) - age   4:        280 bytes,    1828576 total
[2024-02-06T22:21:02.235+0000][7][gc,age      ] GC(178) - age   5:        184 bytes,    1828760 total
[2024-02-06T22:21:02.235+0000][7][gc,age      ] GC(178) - age   6:        536 bytes,    1829296 total
[2024-02-06T22:21:02.235+0000][7][gc,age      ] GC(178) - age   7:        184 bytes,    1829480 total
[2024-02-06T22:21:02.235+0000][7][gc,age      ] GC(178) - age   8:     139768 bytes,    1969248 total
[2024-02-06T22:21:02.235+0000][7][gc,age      ] GC(178) - age   9:     144680 bytes,    2113928 total
[2024-02-06T22:21:02.235+0000][7][gc,age      ] GC(178) - age  10:        368 bytes,    2114296 total
[2024-02-06T22:21:02.235+0000][7][gc,age      ] GC(178) - age  11:        816 bytes,    2115112 total
[2024-02-06T22:21:02.235+0000][7][gc,age      ] GC(178) - age  12:        520 bytes,    2115632 total
[2024-02-06T22:21:02.235+0000][7][gc,age      ] GC(178) - age  13:         24 bytes,    2115656 total
[2024-02-06T22:21:02.235+0000][7][gc,age      ] GC(178) - age  14:        120 bytes,    2115776 total
[2024-02-06T22:21:02.235+0000][7][gc,heap     ] GC(178) Eden regions: 152->0(152)
[2024-02-06T22:21:02.235+0000][7][gc,heap     ] GC(178) Survivor regions: 1->1(20)
[2024-02-06T22:21:02.235+0000][7][gc,heap     ] GC(178) Old regions: 23->23
[2024-02-06T22:21:02.235+0000][7][gc,heap     ] GC(178) Archive regions: 2->2
[2024-02-06T22:21:02.235+0000][7][gc,heap     ] GC(178) Humongous regions: 0->0
[2024-02-06T22:21:02.235+0000][7][gc,metaspace] GC(178) Metaspace: 127233K(130624K)->127233K(130624K) NonClass: 110657K(112448K)->110657K(112448K) Class: 16576K(18176K)->16576K(18176K)
[2024-02-06T22:21:02.235+0000][7][gc          ] GC(178) Pause Young (Normal) (G1 Evacuation Pause) 704M->97M(1024M) 3.235ms
[2024-02-06T22:21:02.235+0000][7][gc,cpu      ] GC(178) User=0.01s Sys=0.01s Real=0.01s
[2024-02-06T22:21:02.235+0000][7][safepoint   ] Safepoint "G1CollectForAllocation", Time since last: 186218036021 ns, Reaching safepoint: 43931 ns, At safepoint: 3332340 ns, Total: 3376271 ns
[2024-02-06T22:24:11.256+0000][7][safepoint   ] Safepoint "Cleanup", Time since last: 189021522787 ns, Reaching safepoint: 84671 ns, At safepoint: 10666 ns, Total: 95337 ns
[2024-02-06T22:24:17.032+0000][7][gc,start    ] GC(179) Pause Young (Normal) (G1 Evacuation Pause)
[2024-02-06T22:24:17.032+0000][7][gc,task     ] GC(179) Using 8 workers of 8 for evacuation
[2024-02-06T22:24:17.032+0000][7][gc,age      ] GC(179) Desired survivor size 41943040 bytes, new threshold 15 (max threshold 15)
[2024-02-06T22:24:17.035+0000][7][gc,phases   ] GC(179)   Pre Evacuate Collection Set: 0.3ms
[2024-02-06T22:24:17.036+0000][7][gc,phases   ] GC(179)   Merge Heap Roots: 0.1ms
[2024-02-06T22:24:17.036+0000][7][gc,phases   ] GC(179)   Evacuate Collection Set: 1.9ms
[2024-02-06T22:24:17.036+0000][7][gc,phases   ] GC(179)   Post Evacuate Collection Set: 0.8ms
[2024-02-06T22:24:17.036+0000][7][gc,phases   ] GC(179)   Other: 0.2ms
[2024-02-06T22:24:17.036+0000][7][gc,age      ] GC(179) Age table with threshold 15 (max threshold 15)
[2024-02-06T22:24:17.036+0000][7][gc,age      ] GC(179) - age   1:    1802456 bytes,    1802456 total
[2024-02-06T22:24:17.036+0000][7][gc,age      ] GC(179) - age   2:       3304 bytes,    1805760 total
[2024-02-06T22:24:17.036+0000][7][gc,age      ] GC(179) - age   3:     100976 bytes,    1906736 total
[2024-02-06T22:24:17.036+0000][7][gc,age      ] GC(179) - age   5:        216 bytes,    1906952 total
[2024-02-06T22:24:17.036+0000][7][gc,age      ] GC(179) - age   6:        184 bytes,    1907136 total
[2024-02-06T22:24:17.036+0000][7][gc,age      ] GC(179) - age   7:        152 bytes,    1907288 total
[2024-02-06T22:24:17.036+0000][7][gc,age      ] GC(179) - age   9:     139328 bytes,    2046616 total
[2024-02-06T22:24:17.036+0000][7][gc,age      ] GC(179) - age  10:     144680 bytes,    2191296 total
[2024-02-06T22:24:17.036+0000][7][gc,age      ] GC(179) - age  11:        368 bytes,    2191664 total
[2024-02-06T22:24:17.036+0000][7][gc,age      ] GC(179) - age  12:        816 bytes,    2192480 total
[2024-02-06T22:24:17.036+0000][7][gc,age      ] GC(179) - age  13:        520 bytes,    2193000 total
[2024-02-06T22:24:17.036+0000][7][gc,age      ] GC(179) - age  14:         24 bytes,    2193024 total
[2024-02-06T22:24:17.036+0000][7][gc,age      ] GC(179) - age  15:        120 bytes,    2193144 total
[2024-02-06T22:24:17.036+0000][7][gc,heap     ] GC(179) Eden regions: 152->0(152)
[2024-02-06T22:24:17.036+0000][7][gc,heap     ] GC(179) Survivor regions: 1->1(20)
[2024-02-06T22:24:17.036+0000][7][gc,heap     ] GC(179) Old regions: 23->23
[2024-02-06T22:24:17.036+0000][7][gc,heap     ] GC(179) Archive regions: 2->2
[2024-02-06T22:24:17.036+0000][7][gc,heap     ] GC(179) Humongous regions: 0->0
[2024-02-06T22:24:17.036+0000][7][gc,metaspace] GC(179) Metaspace: 127238K(130688K)->127238K(130688K) NonClass: 110662K(112512K)->110662K(112512K) Class: 16576K(18176K)->16576K(18176K)
[2024-02-06T22:24:17.036+0000][7][gc          ] GC(179) Pause Young (Normal) (G1 Evacuation Pause) 705M->97M(1024M) 3.659ms
[2024-02-06T22:24:17.036+0000][7][gc,cpu      ] GC(179) User=0.02s Sys=0.00s Real=0.00s
[2024-02-06T22:24:17.036+0000][7][safepoint   ] Safepoint "G1CollectForAllocation", Time since last: 5775492984 ns, Reaching safepoint: 90039 ns, At safepoint: 3813821 ns, Total: 3903860 ns
[2024-02-06T22:24:27.037+0000][7][safepoint   ] Safepoint "Cleanup", Time since last: 10001143197 ns, Reaching safepoint: 108076 ns, At safepoint: 11182 ns, Total: 119258 ns
[2024-02-06T22:27:32.062+0000][7][gc,start    ] GC(180) Pause Young (Normal) (G1 Evacuation Pause)
[2024-02-06T22:27:32.063+0000][7][gc,task     ] GC(180) Using 8 workers of 8 for evacuation
[2024-02-06T22:27:32.063+0000][7][gc,age      ] GC(180) Desired survivor size 41943040 bytes, new threshold 15 (max threshold 15)
[2024-02-06T22:27:32.065+0000][7][gc,phases   ] GC(180)   Pre Evacuate Collection Set: 0.1ms
[2024-02-06T22:27:32.066+0000][7][gc,phases   ] GC(180)   Merge Heap Roots: 0.1ms
[2024-02-06T22:27:32.066+0000][7][gc,phases   ] GC(180)   Evacuate Collection Set: 1.4ms
[2024-02-06T22:27:32.066+0000][7][gc,phases   ] GC(180)   Post Evacuate Collection Set: 1.2ms
[2024-02-06T22:27:32.066+0000][7][gc,phases   ] GC(180)   Other: 0.1ms
[2024-02-06T22:27:32.066+0000][7][gc,age      ] GC(180) Age table with threshold 15 (max threshold 15)
[2024-02-06T22:27:32.066+0000][7][gc,age      ] GC(180) - age   1:     962608 bytes,     962608 total
[2024-02-06T22:27:32.066+0000][7][gc,age      ] GC(180) - age   2:     401600 bytes,    1364208 total
[2024-02-06T22:27:32.066+0000][7][gc,age      ] GC(180) - age   3:        776 bytes,    1364984 total
[2024-02-06T22:27:32.066+0000][7][gc,age      ] GC(180) - age   4:      97480 bytes,    1462464 total
[2024-02-06T22:27:32.066+0000][7][gc,age      ] GC(180) - age   6:        216 bytes,    1462680 total
[2024-02-06T22:27:32.066+0000][7][gc,age      ] GC(180) - age   7:        184 bytes,    1462864 total
[2024-02-06T22:27:32.066+0000][7][gc,age      ] GC(180) - age   8:        152 bytes,    1463016 total
[2024-02-06T22:27:32.066+0000][7][gc,age      ] GC(180) - age  10:     139328 bytes,    1602344 total
[2024-02-06T22:27:32.066+0000][7][gc,age      ] GC(180) - age  11:     144680 bytes,    1747024 total
[2024-02-06T22:27:32.066+0000][7][gc,age      ] GC(180) - age  12:        368 bytes,    1747392 total
[2024-02-06T22:27:32.066+0000][7][gc,age      ] GC(180) - age  13:        816 bytes,    1748208 total
[2024-02-06T22:27:32.066+0000][7][gc,age      ] GC(180) - age  14:        520 bytes,    1748728 total
[2024-02-06T22:27:32.066+0000][7][gc,age      ] GC(180) - age  15:         24 bytes,    1748752 total
[2024-02-06T22:27:32.066+0000][7][gc,heap     ] GC(180) Eden regions: 152->0(152)
[2024-02-06T22:27:32.066+0000][7][gc,heap     ] GC(180) Survivor regions: 1->1(20)
[2024-02-06T22:27:32.066+0000][7][gc,heap     ] GC(180) Old regions: 23->23
[2024-02-06T22:27:32.066+0000][7][gc,heap     ] GC(180) Archive regions: 2->2
[2024-02-06T22:27:32.066+0000][7][gc,heap     ] GC(180) Humongous regions: 0->0
[2024-02-06T22:27:32.066+0000][7][gc,metaspace] GC(180) Metaspace: 127240K(130688K)->127240K(130688K) NonClass: 110664K(112512K)->110664K(112512K) Class: 16576K(18176K)->16576K(18176K)
[2024-02-06T22:27:32.066+0000][7][gc          ] GC(180) Pause Young (Normal) (G1 Evacuation Pause) 705M->97M(1024M) 3.333ms
[2024-02-06T22:27:32.066+0000][7][gc,cpu      ] GC(180) User=0.01s Sys=0.00s Real=0.00s
[2024-02-06T22:27:32.066+0000][7][safepoint   ] Safepoint "G1CollectForAllocation", Time since last: 185025289700 ns, Reaching safepoint: 52294 ns, At safepoint: 3456029 ns, Total: 3508323 ns
[2024-02-06T22:30:44.054+0000][7][gc,start    ] GC(181) Pause Young (Normal) (G1 Evacuation Pause)
[2024-02-06T22:30:44.054+0000][7][gc,task     ] GC(181) Using 8 workers of 8 for evacuation
[2024-02-06T22:30:44.054+0000][7][gc,age      ] GC(181) Desired survivor size 41943040 bytes, new threshold 15 (max threshold 15)
[2024-02-06T22:30:44.057+0000][7][gc,phases   ] GC(181)   Pre Evacuate Collection Set: 0.1ms
[2024-02-06T22:30:44.057+0000][7][gc,phases   ] GC(181)   Merge Heap Roots: 0.1ms
[2024-02-06T22:30:44.057+0000][7][gc,phases   ] GC(181)   Evacuate Collection Set: 1.5ms
[2024-02-06T22:30:44.057+0000][7][gc,phases   ] GC(181)   Post Evacuate Collection Set: 0.7ms
[2024-02-06T22:30:44.057+0000][7][gc,phases   ] GC(181)   Other: 0.1ms
[2024-02-06T22:30:44.057+0000][7][gc,age      ] GC(181) Age table with threshold 15 (max threshold 15)
[2024-02-06T22:30:44.057+0000][7][gc,age      ] GC(181) - age   1:     949432 bytes,     949432 total
[2024-02-06T22:30:44.057+0000][7][gc,age      ] GC(181) - age   2:       6208 bytes,     955640 total
[2024-02-06T22:30:44.057+0000][7][gc,age      ] GC(181) - age   3:     399856 bytes,    1355496 total
[2024-02-06T22:30:44.057+0000][7][gc,age      ] GC(181) - age   4:        776 bytes,    1356272 total
[2024-02-06T22:30:44.057+0000][7][gc,age      ] GC(181) - age   5:      97024 bytes,    1453296 total
[2024-02-06T22:30:44.057+0000][7][gc,age      ] GC(181) - age   7:        216 bytes,    1453512 total
[2024-02-06T22:30:44.057+0000][7][gc,age      ] GC(181) - age   8:        184 bytes,    1453696 total
[2024-02-06T22:30:44.057+0000][7][gc,age      ] GC(181) - age   9:        152 bytes,    1453848 total
[2024-02-06T22:30:44.057+0000][7][gc,age      ] GC(181) - age  11:     139328 bytes,    1593176 total
[2024-02-06T22:30:44.057+0000][7][gc,age      ] GC(181) - age  12:     144680 bytes,    1737856 total
[2024-02-06T22:30:44.057+0000][7][gc,age      ] GC(181) - age  13:        368 bytes,    1738224 total
[2024-02-06T22:30:44.057+0000][7][gc,age      ] GC(181) - age  14:        816 bytes,    1739040 total
[2024-02-06T22:30:44.057+0000][7][gc,age      ] GC(181) - age  15:        336 bytes,    1739376 total
[2024-02-06T22:30:44.057+0000][7][gc,heap     ] GC(181) Eden regions: 152->0(152)
[2024-02-06T22:30:44.057+0000][7][gc,heap     ] GC(181) Survivor regions: 1->1(20)
[2024-02-06T22:30:44.057+0000][7][gc,heap     ] GC(181) Old regions: 23->23
[2024-02-06T22:30:44.057+0000][7][gc,heap     ] GC(181) Archive regions: 2->2
[2024-02-06T22:30:44.057+0000][7][gc,heap     ] GC(181) Humongous regions: 0->0
[2024-02-06T22:30:44.057+0000][7][gc,metaspace] GC(181) Metaspace: 127240K(130688K)->127240K(130688K) NonClass: 110664K(112512K)->110664K(112512K) Class: 16576K(18176K)->16576K(18176K)
[2024-02-06T22:30:44.057+0000][7][gc          ] GC(181) Pause Young (Normal) (G1 Evacuation Pause) 705M->96M(1024M) 2.876ms
[2024-02-06T22:30:44.057+0000][7][gc,cpu      ] GC(181) User=0.01s Sys=0.00s Real=0.00s
[2024-02-06T22:30:44.057+0000][7][safepoint   ] Safepoint "G1CollectForAllocation", Time since last: 191987890643 ns, Reaching safepoint: 71463 ns, At safepoint: 2970937 ns, Total: 3042400 ns
[2024-02-06T22:33:56.964+0000][7][gc,start    ] GC(182) Pause Young (Normal) (G1 Evacuation Pause)
[2024-02-06T22:33:56.964+0000][7][gc,task     ] GC(182) Using 8 workers of 8 for evacuation
[2024-02-06T22:33:56.964+0000][7][gc,age      ] GC(182) Desired survivor size 41943040 bytes, new threshold 15 (max threshold 15)
[2024-02-06T22:33:56.966+0000][7][gc,phases   ] GC(182)   Pre Evacuate Collection Set: 0.1ms
[2024-02-06T22:33:56.966+0000][7][gc,phases   ] GC(182)   Merge Heap Roots: 0.0ms
[2024-02-06T22:33:56.966+0000][7][gc,phases   ] GC(182)   Evacuate Collection Set: 1.0ms
[2024-02-06T22:33:56.966+0000][7][gc,phases   ] GC(182)   Post Evacuate Collection Set: 0.6ms
[2024-02-06T22:33:56.966+0000][7][gc,phases   ] GC(182)   Other: 0.1ms
[2024-02-06T22:33:56.966+0000][7][gc,age      ] GC(182) Age table with threshold 15 (max threshold 15)
[2024-02-06T22:33:56.966+0000][7][gc,age      ] GC(182) - age   1:    1732312 bytes,    1732312 total
[2024-02-06T22:33:56.966+0000][7][gc,age      ] GC(182) - age   2:       2192 bytes,    1734504 total
[2024-02-06T22:33:56.966+0000][7][gc,age      ] GC(182) - age   3:       3512 bytes,    1738016 total
[2024-02-06T22:33:56.966+0000][7][gc,age      ] GC(182) - age   4:     399792 bytes,    2137808 total
[2024-02-06T22:33:56.966+0000][7][gc,age      ] GC(182) - age   5:         64 bytes,    2137872 total
[2024-02-06T22:33:56.966+0000][7][gc,age      ] GC(182) - age   6:      96840 bytes,    2234712 total
[2024-02-06T22:33:56.966+0000][7][gc,age      ] GC(182) - age   8:        184 bytes,    2234896 total
[2024-02-06T22:33:56.966+0000][7][gc,age      ] GC(182) - age   9:        184 bytes,    2235080 total
[2024-02-06T22:33:56.966+0000][7][gc,age      ] GC(182) - age  10:        152 bytes,    2235232 total
[2024-02-06T22:33:56.966+0000][7][gc,age      ] GC(182) - age  12:     139328 bytes,    2374560 total
[2024-02-06T22:33:56.966+0000][7][gc,age      ] GC(182) - age  13:     144680 bytes,    2519240 total
[2024-02-06T22:33:56.966+0000][7][gc,age      ] GC(182) - age  14:        368 bytes,    2519608 total
[2024-02-06T22:33:56.966+0000][7][gc,age      ] GC(182) - age  15:        816 bytes,    2520424 total
[2024-02-06T22:33:56.966+0000][7][gc,heap     ] GC(182) Eden regions: 152->0(152)
[2024-02-06T22:33:56.966+0000][7][gc,heap     ] GC(182) Survivor regions: 1->1(20)
[2024-02-06T22:33:56.966+0000][7][gc,heap     ] GC(182) Old regions: 23->23
[2024-02-06T22:33:56.966+0000][7][gc,heap     ] GC(182) Archive regions: 2->2
[2024-02-06T22:33:56.966+0000][7][gc,heap     ] GC(182) Humongous regions: 0->0
[2024-02-06T22:33:56.966+0000][7][gc,metaspace] GC(182) Metaspace: 127241K(130688K)->127241K(130688K) NonClass: 110665K(112512K)->110665K(112512K) Class: 16576K(18176K)->16576K(18176K)
[2024-02-06T22:33:56.966+0000][7][gc          ] GC(182) Pause Young (Normal) (G1 Evacuation Pause) 704M->97M(1024M) 1.962ms
[2024-02-06T22:33:56.966+0000][7][gc,cpu      ] GC(182) User=0.00s Sys=0.00s Real=0.00s
[2024-02-06T22:33:56.966+0000][7][safepoint   ] Safepoint "G1CollectForAllocation", Time since last: 192906859690 ns, Reaching safepoint: 40110 ns, At safepoint: 2030606 ns, Total: 2070716 ns
[2024-02-06T22:37:08.380+0000][7][gc,start    ] GC(183) Pause Young (Normal) (G1 Evacuation Pause)
[2024-02-06T22:37:08.380+0000][7][gc,task     ] GC(183) Using 8 workers of 8 for evacuation
[2024-02-06T22:37:08.380+0000][7][gc,age      ] GC(183) Desired survivor size 41943040 bytes, new threshold 15 (max threshold 15)
[2024-02-06T22:37:08.381+0000][7][gc,phases   ] GC(183)   Pre Evacuate Collection Set: 0.1ms
[2024-02-06T22:37:08.381+0000][7][gc,phases   ] GC(183)   Merge Heap Roots: 0.1ms
[2024-02-06T22:37:08.381+0000][7][gc,phases   ] GC(183)   Evacuate Collection Set: 1.0ms
[2024-02-06T22:37:08.381+0000][7][gc,phases   ] GC(183)   Post Evacuate Collection Set: 0.6ms
[2024-02-06T22:37:08.382+0000][7][gc,phases   ] GC(183)   Other: 0.1ms
[2024-02-06T22:37:08.382+0000][7][gc,age      ] GC(183) Age table with threshold 15 (max threshold 15)
[2024-02-06T22:37:08.382+0000][7][gc,age      ] GC(183) - age   1:    1896352 bytes,    1896352 total
[2024-02-06T22:37:08.382+0000][7][gc,age      ] GC(183) - age   2:       3080 bytes,    1899432 total
[2024-02-06T22:37:08.382+0000][7][gc,age      ] GC(183) - age   3:        712 bytes,    1900144 total
[2024-02-06T22:37:08.382+0000][7][gc,age      ] GC(183) - age   4:        440 bytes,    1900584 total
[2024-02-06T22:37:08.382+0000][7][gc,age      ] GC(183) - age   5:     399792 bytes,    2300376 total
[2024-02-06T22:37:08.382+0000][7][gc,age      ] GC(183) - age   6:         32 bytes,    2300408 total
[2024-02-06T22:37:08.382+0000][7][gc,age      ] GC(183) - age   7:      96840 bytes,    2397248 total
[2024-02-06T22:37:08.382+0000][7][gc,age      ] GC(183) - age   9:        184 bytes,    2397432 total
[2024-02-06T22:37:08.382+0000][7][gc,age      ] GC(183) - age  10:        184 bytes,    2397616 total
[2024-02-06T22:37:08.382+0000][7][gc,age      ] GC(183) - age  11:        152 bytes,    2397768 total
[2024-02-06T22:37:08.382+0000][7][gc,age      ] GC(183) - age  13:     139328 bytes,    2537096 total
[2024-02-06T22:37:08.382+0000][7][gc,age      ] GC(183) - age  14:     144680 bytes,    2681776 total
[2024-02-06T22:37:08.382+0000][7][gc,age      ] GC(183) - age  15:        368 bytes,    2682144 total
[2024-02-06T22:37:08.382+0000][7][gc,heap     ] GC(183) Eden regions: 152->0(152)
[2024-02-06T22:37:08.382+0000][7][gc,heap     ] GC(183) Survivor regions: 1->1(20)
[2024-02-06T22:37:08.382+0000][7][gc,heap     ] GC(183) Old regions: 23->23
[2024-02-06T22:37:08.382+0000][7][gc,heap     ] GC(183) Archive regions: 2->2
[2024-02-06T22:37:08.382+0000][7][gc,heap     ] GC(183) Humongous regions: 0->0
[2024-02-06T22:37:08.382+0000][7][gc,metaspace] GC(183) Metaspace: 127241K(130688K)->127241K(130688K) NonClass: 110665K(112512K)->110665K(112512K) Class: 16576K(18176K)->16576K(18176K)
[2024-02-06T22:37:08.382+0000][7][gc          ] GC(183) Pause Young (Normal) (G1 Evacuation Pause) 705M->97M(1024M) 1.985ms
[2024-02-06T22:37:08.382+0000][7][gc,cpu      ] GC(183) User=0.01s Sys=0.00s Real=0.00s
[2024-02-06T22:37:08.382+0000][7][safepoint   ] Safepoint "G1CollectForAllocation", Time since last: 191413756593 ns, Reaching safepoint: 47262 ns, At safepoint: 2070662 ns, Total: 2117924 ns
[2024-02-06T22:38:15.390+0000][7][safepoint   ] Safepoint "Cleanup", Time since last: 67008558337 ns, Reaching safepoint: 88124 ns, At safepoint: 8483 ns, Total: 96607 ns
[2024-02-06T22:39:15.399+0000][7][safepoint   ] Safepoint "Cleanup", Time since last: 60008265145 ns, Reaching safepoint: 81077 ns, At safepoint: 10570 ns, Total: 91647 ns
[2024-02-06T22:40:26.720+0000][7][gc,start    ] GC(184) Pause Young (Normal) (G1 Evacuation Pause)
[2024-02-06T22:40:26.721+0000][7][gc,task     ] GC(184) Using 8 workers of 8 for evacuation
[2024-02-06T22:40:26.721+0000][7][gc,age      ] GC(184) Desired survivor size 41943040 bytes, new threshold 15 (max threshold 15)
[2024-02-06T22:40:26.723+0000][7][gc,phases   ] GC(184)   Pre Evacuate Collection Set: 0.2ms
[2024-02-06T22:40:26.723+0000][7][gc,phases   ] GC(184)   Merge Heap Roots: 0.1ms
[2024-02-06T22:40:26.723+0000][7][gc,phases   ] GC(184)   Evacuate Collection Set: 1.6ms
[2024-02-06T22:40:26.723+0000][7][gc,phases   ] GC(184)   Post Evacuate Collection Set: 0.8ms
[2024-02-06T22:40:26.723+0000][7][gc,phases   ] GC(184)   Other: 0.1ms
[2024-02-06T22:40:26.723+0000][7][gc,age      ] GC(184) Age table with threshold 15 (max threshold 15)
[2024-02-06T22:40:26.723+0000][7][gc,age      ] GC(184) - age   1:    1199488 bytes,    1199488 total
[2024-02-06T22:40:26.723+0000][7][gc,age      ] GC(184) - age   2:       5632 bytes,    1205120 total
[2024-02-06T22:40:26.723+0000][7][gc,age      ] GC(184) - age   3:        904 bytes,    1206024 total
[2024-02-06T22:40:26.723+0000][7][gc,age      ] GC(184) - age   4:        528 bytes,    1206552 total
[2024-02-06T22:40:26.723+0000][7][gc,age      ] GC(184) - age   5:        440 bytes,    1206992 total
[2024-02-06T22:40:26.723+0000][7][gc,age      ] GC(184) - age   6:     383504 bytes,    1590496 total
[2024-02-06T22:40:26.723+0000][7][gc,age      ] GC(184) - age   7:         32 bytes,    1590528 total
[2024-02-06T22:40:26.723+0000][7][gc,age      ] GC(184) - age   8:      96840 bytes,    1687368 total
[2024-02-06T22:40:26.723+0000][7][gc,age      ] GC(184) - age  10:        184 bytes,    1687552 total
[2024-02-06T22:40:26.723+0000][7][gc,age      ] GC(184) - age  11:        184 bytes,    1687736 total
[2024-02-06T22:40:26.723+0000][7][gc,age      ] GC(184) - age  12:        152 bytes,    1687888 total
[2024-02-06T22:40:26.723+0000][7][gc,age      ] GC(184) - age  14:     139328 bytes,    1827216 total
[2024-02-06T22:40:26.723+0000][7][gc,age      ] GC(184) - age  15:     144680 bytes,    1971896 total
[2024-02-06T22:40:26.723+0000][7][gc,heap     ] GC(184) Eden regions: 152->0(152)
[2024-02-06T22:40:26.723+0000][7][gc,heap     ] GC(184) Survivor regions: 1->1(20)
[2024-02-06T22:40:26.723+0000][7][gc,heap     ] GC(184) Old regions: 23->23
[2024-02-06T22:40:26.723+0000][7][gc,heap     ] GC(184) Archive regions: 2->2
[2024-02-06T22:40:26.723+0000][7][gc,heap     ] GC(184) Humongous regions: 0->0
[2024-02-06T22:40:26.723+0000][7][gc,metaspace] GC(184) Metaspace: 127241K(130688K)->127241K(130688K) NonClass: 110665K(112512K)->110665K(112512K) Class: 16576K(18176K)->16576K(18176K)
[2024-02-06T22:40:26.723+0000][7][gc          ] GC(184) Pause Young (Normal) (G1 Evacuation Pause) 705M->97M(1024M) 2.998ms
[2024-02-06T22:40:26.723+0000][7][gc,cpu      ] GC(184) User=0.01s Sys=0.01s Real=0.00s
[2024-02-06T22:40:26.724+0000][7][safepoint   ] Safepoint "G1CollectForAllocation", Time since last: 71321619923 ns, Reaching safepoint: 161397 ns, At safepoint: 3094487 ns, Total: 3255884 ns
[2024-02-06T22:43:41.103+0000][7][gc,start    ] GC(185) Pause Young (Normal) (G1 Evacuation Pause)
[2024-02-06T22:43:41.103+0000][7][gc,task     ] GC(185) Using 8 workers of 8 for evacuation
[2024-02-06T22:43:41.103+0000][7][gc,age      ] GC(185) Desired survivor size 41943040 bytes, new threshold 15 (max threshold 15)
[2024-02-06T22:43:41.106+0000][7][gc,phases   ] GC(185)   Pre Evacuate Collection Set: 0.1ms
[2024-02-06T22:43:41.106+0000][7][gc,phases   ] GC(185)   Merge Heap Roots: 0.1ms
[2024-02-06T22:43:41.106+0000][7][gc,phases   ] GC(185)   Evacuate Collection Set: 1.4ms
[2024-02-06T22:43:41.106+0000][7][gc,phases   ] GC(185)   Post Evacuate Collection Set: 0.8ms
[2024-02-06T22:43:41.106+0000][7][gc,phases   ] GC(185)   Other: 0.1ms
[2024-02-06T22:43:41.106+0000][7][gc,age      ] GC(185) Age table with threshold 15 (max threshold 15)
[2024-02-06T22:43:41.106+0000][7][gc,age      ] GC(185) - age   1:     846560 bytes,     846560 total
[2024-02-06T22:43:41.106+0000][7][gc,age      ] GC(185) - age   2:       2200 bytes,     848760 total
[2024-02-06T22:43:41.106+0000][7][gc,age      ] GC(185) - age   3:       3608 bytes,     852368 total
[2024-02-06T22:43:41.106+0000][7][gc,age      ] GC(185) - age   4:        216 bytes,     852584 total
[2024-02-06T22:43:41.106+0000][7][gc,age      ] GC(185) - age   5:        528 bytes,     853112 total
[2024-02-06T22:43:41.106+0000][7][gc,age      ] GC(185) - age   6:        440 bytes,     853552 total
[2024-02-06T22:43:41.106+0000][7][gc,age      ] GC(185) - age   7:     383120 bytes,    1236672 total
[2024-02-06T22:43:41.106+0000][7][gc,age      ] GC(185) - age   9:      96840 bytes,    1333512 total
[2024-02-06T22:43:41.106+0000][7][gc,age      ] GC(185) - age  12:        184 bytes,    1333696 total
[2024-02-06T22:43:41.106+0000][7][gc,age      ] GC(185) - age  13:        152 bytes,    1333848 total
[2024-02-06T22:43:41.106+0000][7][gc,age      ] GC(185) - age  15:     139328 bytes,    1473176 total
[2024-02-06T22:43:41.106+0000][7][gc,heap     ] GC(185) Eden regions: 152->0(152)
[2024-02-06T22:43:41.106+0000][7][gc,heap     ] GC(185) Survivor regions: 1->1(20)
[2024-02-06T22:43:41.106+0000][7][gc,heap     ] GC(185) Old regions: 23->23
[2024-02-06T22:43:41.106+0000][7][gc,heap     ] GC(185) Archive regions: 2->2
[2024-02-06T22:43:41.106+0000][7][gc,heap     ] GC(185) Humongous regions: 0->0
[2024-02-06T22:43:41.106+0000][7][gc,metaspace] GC(185) Metaspace: 127244K(130688K)->127244K(130688K) NonClass: 110668K(112512K)->110668K(112512K) Class: 16576K(18176K)->16576K(18176K)
[2024-02-06T22:43:41.106+0000][7][gc          ] GC(185) Pause Young (Normal) (G1 Evacuation Pause) 705M->96M(1024M) 2.814ms
[2024-02-06T22:43:41.106+0000][7][gc,cpu      ] GC(185) User=0.02s Sys=0.00s Real=0.00s
[2024-02-06T22:43:41.106+0000][7][safepoint   ] Safepoint "G1CollectForAllocation", Time since last: 194379613013 ns, Reaching safepoint: 51754 ns, At safepoint: 2917833 ns, Total: 2969587 ns
[2024-02-06T22:46:50.126+0000][7][gc,start    ] GC(186) Pause Young (Normal) (G1 Evacuation Pause)
[2024-02-06T22:46:50.126+0000][7][gc,task     ] GC(186) Using 8 workers of 8 for evacuation
[2024-02-06T22:46:50.126+0000][7][gc,age      ] GC(186) Desired survivor size 41943040 bytes, new threshold 15 (max threshold 15)
[2024-02-06T22:46:50.128+0000][7][gc,phases   ] GC(186)   Pre Evacuate Collection Set: 0.1ms
[2024-02-06T22:46:50.128+0000][7][gc,phases   ] GC(186)   Merge Heap Roots: 0.1ms
[2024-02-06T22:46:50.128+0000][7][gc,phases   ] GC(186)   Evacuate Collection Set: 0.9ms
[2024-02-06T22:46:50.128+0000][7][gc,phases   ] GC(186)   Post Evacuate Collection Set: 0.7ms
[2024-02-06T22:46:50.128+0000][7][gc,phases   ] GC(186)   Other: 0.1ms
[2024-02-06T22:46:50.128+0000][7][gc,age      ] GC(186) Age table with threshold 15 (max threshold 15)
[2024-02-06T22:46:50.128+0000][7][gc,age      ] GC(186) - age   1:     526688 bytes,     526688 total
[2024-02-06T22:46:50.128+0000][7][gc,age      ] GC(186) - age   2:      10800 bytes,     537488 total
[2024-02-06T22:46:50.128+0000][7][gc,age      ] GC(186) - age   3:        336 bytes,     537824 total
[2024-02-06T22:46:50.128+0000][7][gc,age      ] GC(186) - age   4:        216 bytes,     538040 total
[2024-02-06T22:46:50.128+0000][7][gc,age      ] GC(186) - age   5:        216 bytes,     538256 total
[2024-02-06T22:46:50.128+0000][7][gc,age      ] GC(186) - age   6:        136 bytes,     538392 total
[2024-02-06T22:46:50.128+0000][7][gc,age      ] GC(186) - age   7:        440 bytes,     538832 total
[2024-02-06T22:46:50.128+0000][7][gc,age      ] GC(186) - age   8:     383120 bytes,     921952 total
[2024-02-06T22:46:50.128+0000][7][gc,age      ] GC(186) - age  10:      96840 bytes,    1018792 total
[2024-02-06T22:46:50.128+0000][7][gc,age      ] GC(186) - age  13:        184 bytes,    1018976 total
[2024-02-06T22:46:50.128+0000][7][gc,age      ] GC(186) - age  14:        152 bytes,    1019128 total
[2024-02-06T22:46:50.128+0000][7][gc,heap     ] GC(186) Eden regions: 152->0(152)
[2024-02-06T22:46:50.128+0000][7][gc,heap     ] GC(186) Survivor regions: 1->1(20)
[2024-02-06T22:46:50.128+0000][7][gc,heap     ] GC(186) Old regions: 23->23
[2024-02-06T22:46:50.128+0000][7][gc,heap     ] GC(186) Archive regions: 2->2
[2024-02-06T22:46:50.128+0000][7][gc,heap     ] GC(186) Humongous regions: 0->0
[2024-02-06T22:46:50.128+0000][7][gc,metaspace] GC(186) Metaspace: 127244K(130688K)->127244K(130688K) NonClass: 110668K(112512K)->110668K(112512K) Class: 16576K(18176K)->16576K(18176K)
[2024-02-06T22:46:50.128+0000][7][gc          ] GC(186) Pause Young (Normal) (G1 Evacuation Pause) 704M->96M(1024M) 2.155ms
[2024-02-06T22:46:50.128+0000][7][gc,cpu      ] GC(186) User=0.01s Sys=0.00s Real=0.00s
[2024-02-06T22:46:50.128+0000][7][safepoint   ] Safepoint "G1CollectForAllocation", Time since last: 189019910661 ns, Reaching safepoint: 68244 ns, At safepoint: 2243999 ns, Total: 2312243 ns
[2024-02-06T22:50:08.141+0000][7][gc,start    ] GC(187) Pause Young (Normal) (G1 Evacuation Pause)
[2024-02-06T22:50:08.141+0000][7][gc,task     ] GC(187) Using 8 workers of 8 for evacuation
[2024-02-06T22:50:08.141+0000][7][gc,age      ] GC(187) Desired survivor size 41943040 bytes, new threshold 15 (max threshold 15)
[2024-02-06T22:50:08.144+0000][7][gc,phases   ] GC(187)   Pre Evacuate Collection Set: 0.1ms
[2024-02-06T22:50:08.144+0000][7][gc,phases   ] GC(187)   Merge Heap Roots: 0.1ms
[2024-02-06T22:50:08.144+0000][7][gc,phases   ] GC(187)   Evacuate Collection Set: 1.6ms
[2024-02-06T22:50:08.144+0000][7][gc,phases   ] GC(187)   Post Evacuate Collection Set: 0.9ms
[2024-02-06T22:50:08.144+0000][7][gc,phases   ] GC(187)   Other: 0.1ms
[2024-02-06T22:50:08.144+0000][7][gc,age      ] GC(187) Age table with threshold 15 (max threshold 15)
[2024-02-06T22:50:08.144+0000][7][gc,age      ] GC(187) - age   1:    1620296 bytes,    1620296 total
[2024-02-06T22:50:08.144+0000][7][gc,age      ] GC(187) - age   2:       6448 bytes,    1626744 total
[2024-02-06T22:50:08.144+0000][7][gc,age      ] GC(187) - age   3:       9528 bytes,    1636272 total
[2024-02-06T22:50:08.144+0000][7][gc,age      ] GC(187) - age   4:        208 bytes,    1636480 total
[2024-02-06T22:50:08.144+0000][7][gc,age      ] GC(187) - age   5:        216 bytes,    1636696 total
[2024-02-06T22:50:08.144+0000][7][gc,age      ] GC(187) - age   6:        216 bytes,    1636912 total
[2024-02-06T22:50:08.144+0000][7][gc,age      ] GC(187) - age   7:        136 bytes,    1637048 total
[2024-02-06T22:50:08.144+0000][7][gc,age      ] GC(187) - age   8:        256 bytes,    1637304 total
[2024-02-06T22:50:08.144+0000][7][gc,age      ] GC(187) - age   9:     383120 bytes,    2020424 total
[2024-02-06T22:50:08.144+0000][7][gc,age      ] GC(187) - age  11:      96840 bytes,    2117264 total
[2024-02-06T22:50:08.144+0000][7][gc,age      ] GC(187) - age  14:        184 bytes,    2117448 total
[2024-02-06T22:50:08.144+0000][7][gc,age      ] GC(187) - age  15:        152 bytes,    2117600 total
[2024-02-06T22:50:08.144+0000][7][gc,heap     ] GC(187) Eden regions: 152->0(152)
[2024-02-06T22:50:08.144+0000][7][gc,heap     ] GC(187) Survivor regions: 1->1(20)
[2024-02-06T22:50:08.144+0000][7][gc,heap     ] GC(187) Old regions: 23->23
[2024-02-06T22:50:08.144+0000][7][gc,heap     ] GC(187) Archive regions: 2->2
[2024-02-06T22:50:08.144+0000][7][gc,heap     ] GC(187) Humongous regions: 0->0
[2024-02-06T22:50:08.144+0000][7][gc,metaspace] GC(187) Metaspace: 127244K(130688K)->127244K(130688K) NonClass: 110668K(112512K)->110668K(112512K) Class: 16576K(18176K)->16576K(18176K)
[2024-02-06T22:50:08.144+0000][7][gc          ] GC(187) Pause Young (Normal) (G1 Evacuation Pause) 704M->97M(1024M) 3.045ms
[2024-02-06T22:50:08.144+0000][7][gc,cpu      ] GC(187) User=0.01s Sys=0.00s Real=0.00s
[2024-02-06T22:50:08.144+0000][7][safepoint   ] Safepoint "G1CollectForAllocation", Time since last: 198012701066 ns, Reaching safepoint: 53856 ns, At safepoint: 3149037 ns, Total: 3202893 ns
[2024-02-06T22:50:59.151+0000][7][safepoint   ] Safepoint "Cleanup", Time since last: 51006425284 ns, Reaching safepoint: 45830 ns, At safepoint: 23028 ns, Total: 68858 ns
[2024-02-06T22:53:20.141+0000][7][gc,start    ] GC(188) Pause Young (Normal) (G1 Evacuation Pause)
[2024-02-06T22:53:20.141+0000][7][gc,task     ] GC(188) Using 8 workers of 8 for evacuation
[2024-02-06T22:53:20.141+0000][7][gc,age      ] GC(188) Desired survivor size 41943040 bytes, new threshold 15 (max threshold 15)
[2024-02-06T22:53:20.143+0000][7][gc,phases   ] GC(188)   Pre Evacuate Collection Set: 0.1ms
[2024-02-06T22:53:20.143+0000][7][gc,phases   ] GC(188)   Merge Heap Roots: 0.1ms
[2024-02-06T22:53:20.143+0000][7][gc,phases   ] GC(188)   Evacuate Collection Set: 1.4ms
[2024-02-06T22:53:20.143+0000][7][gc,phases   ] GC(188)   Post Evacuate Collection Set: 0.7ms
[2024-02-06T22:53:20.143+0000][7][gc,phases   ] GC(188)   Other: 0.1ms
[2024-02-06T22:53:20.143+0000][7][gc,age      ] GC(188) Age table with threshold 15 (max threshold 15)
[2024-02-06T22:53:20.143+0000][7][gc,age      ] GC(188) - age   1:    1238904 bytes,    1238904 total
[2024-02-06T22:53:20.143+0000][7][gc,age      ] GC(188) - age   2:       3384 bytes,    1242288 total
[2024-02-06T22:53:20.143+0000][7][gc,age      ] GC(188) - age   3:       4880 bytes,    1247168 total
[2024-02-06T22:53:20.143+0000][7][gc,age      ] GC(188) - age   4:       8400 bytes,    1255568 total
[2024-02-06T22:53:20.143+0000][7][gc,age      ] GC(188) - age   5:        208 bytes,    1255776 total
[2024-02-06T22:53:20.143+0000][7][gc,age      ] GC(188) - age   6:        184 bytes,    1255960 total
[2024-02-06T22:53:20.143+0000][7][gc,age      ] GC(188) - age   7:        184 bytes,    1256144 total
[2024-02-06T22:53:20.143+0000][7][gc,age      ] GC(188) - age   8:        136 bytes,    1256280 total
[2024-02-06T22:53:20.143+0000][7][gc,age      ] GC(188) - age   9:        256 bytes,    1256536 total
[2024-02-06T22:53:20.143+0000][7][gc,age      ] GC(188) - age  10:     383120 bytes,    1639656 total
[2024-02-06T22:53:20.143+0000][7][gc,age      ] GC(188) - age  12:      96840 bytes,    1736496 total
[2024-02-06T22:53:20.143+0000][7][gc,heap     ] GC(188) Eden regions: 152->0(152)
[2024-02-06T22:53:20.143+0000][7][gc,heap     ] GC(188) Survivor regions: 1->1(20)
[2024-02-06T22:53:20.143+0000][7][gc,heap     ] GC(188) Old regions: 23->23
[2024-02-06T22:53:20.143+0000][7][gc,heap     ] GC(188) Archive regions: 2->2
[2024-02-06T22:53:20.143+0000][7][gc,heap     ] GC(188) Humongous regions: 0->0
[2024-02-06T22:53:20.143+0000][7][gc,metaspace] GC(188) Metaspace: 127248K(130688K)->127248K(130688K) NonClass: 110672K(112512K)->110672K(112512K) Class: 16576K(18176K)->16576K(18176K)
[2024-02-06T22:53:20.143+0000][7][gc          ] GC(188) Pause Young (Normal) (G1 Evacuation Pause) 705M->97M(1024M) 2.729ms
[2024-02-06T22:53:20.143+0000][7][gc,cpu      ] GC(188) User=0.02s Sys=0.00s Real=0.00s
[2024-02-06T22:53:20.143+0000][7][safepoint   ] Safepoint "G1CollectForAllocation", Time since last: 140989834850 ns, Reaching safepoint: 55727 ns, At safepoint: 2818751 ns, Total: 2874478 ns
[2024-02-06T22:56:15.165+0000][7][safepoint   ] Safepoint "Cleanup", Time since last: 175021945692 ns, Reaching safepoint: 88202 ns, At safepoint: 6062 ns, Total: 94264 ns
[2024-02-06T22:56:32.291+0000][7][gc,start    ] GC(189) Pause Young (Normal) (G1 Evacuation Pause)
[2024-02-06T22:56:32.291+0000][7][gc,task     ] GC(189) Using 8 workers of 8 for evacuation
[2024-02-06T22:56:32.291+0000][7][gc,age      ] GC(189) Desired survivor size 41943040 bytes, new threshold 15 (max threshold 15)
[2024-02-06T22:56:32.293+0000][7][gc,phases   ] GC(189)   Pre Evacuate Collection Set: 0.1ms
[2024-02-06T22:56:32.293+0000][7][gc,phases   ] GC(189)   Merge Heap Roots: 0.1ms
[2024-02-06T22:56:32.293+0000][7][gc,phases   ] GC(189)   Evacuate Collection Set: 1.2ms
[2024-02-06T22:56:32.293+0000][7][gc,phases   ] GC(189)   Post Evacuate Collection Set: 0.9ms
[2024-02-06T22:56:32.293+0000][7][gc,phases   ] GC(189)   Other: 0.1ms
[2024-02-06T22:56:32.294+0000][7][gc,age      ] GC(189) Age table with threshold 15 (max threshold 15)
[2024-02-06T22:56:32.294+0000][7][gc,age      ] GC(189) - age   1:     805624 bytes,     805624 total
[2024-02-06T22:56:32.294+0000][7][gc,age      ] GC(189) - age   2:       2792 bytes,     808416 total
[2024-02-06T22:56:32.294+0000][7][gc,age      ] GC(189) - age   3:        856 bytes,     809272 total
[2024-02-06T22:56:32.294+0000][7][gc,age      ] GC(189) - age   4:       1680 bytes,     810952 total
[2024-02-06T22:56:32.294+0000][7][gc,age      ] GC(189) - age   5:       8400 bytes,     819352 total
[2024-02-06T22:56:32.294+0000][7][gc,age      ] GC(189) - age   6:        208 bytes,     819560 total
[2024-02-06T22:56:32.294+0000][7][gc,age      ] GC(189) - age   8:        184 bytes,     819744 total
[2024-02-06T22:56:32.294+0000][7][gc,age      ] GC(189) - age   9:        136 bytes,     819880 total
[2024-02-06T22:56:32.294+0000][7][gc,age      ] GC(189) - age  10:        256 bytes,     820136 total
[2024-02-06T22:56:32.294+0000][7][gc,age      ] GC(189) - age  11:     383120 bytes,    1203256 total
[2024-02-06T22:56:32.294+0000][7][gc,age      ] GC(189) - age  13:      96840 bytes,    1300096 total
[2024-02-06T22:56:32.294+0000][7][gc,heap     ] GC(189) Eden regions: 152->0(152)
[2024-02-06T22:56:32.294+0000][7][gc,heap     ] GC(189) Survivor regions: 1->1(20)
[2024-02-06T22:56:32.294+0000][7][gc,heap     ] GC(189) Old regions: 23->23
[2024-02-06T22:56:32.294+0000][7][gc,heap     ] GC(189) Archive regions: 2->2
[2024-02-06T22:56:32.294+0000][7][gc,heap     ] GC(189) Humongous regions: 0->0
[2024-02-06T22:56:32.294+0000][7][gc,metaspace] GC(189) Metaspace: 127253K(130688K)->127253K(130688K) NonClass: 110677K(112512K)->110677K(112512K) Class: 16576K(18176K)->16576K(18176K)
[2024-02-06T22:56:32.294+0000][7][gc          ] GC(189) Pause Young (Normal) (G1 Evacuation Pause) 705M->96M(1024M) 2.831ms
[2024-02-06T22:56:32.294+0000][7][gc,cpu      ] GC(189) User=0.02s Sys=0.00s Real=0.01s
[2024-02-06T22:56:32.294+0000][7][safepoint   ] Safepoint "G1CollectForAllocation", Time since last: 17125243345 ns, Reaching safepoint: 90881 ns, At safepoint: 2934759 ns, Total: 3025640 ns
[2024-02-06T22:57:07.299+0000][7][safepoint   ] Safepoint "Cleanup", Time since last: 35004836964 ns, Reaching safepoint: 68413 ns, At safepoint: 38652 ns, Total: 107065 ns
[2024-02-06T22:59:15.316+0000][7][safepoint   ] Safepoint "Cleanup", Time since last: 128017481852 ns, Reaching safepoint: 126069 ns, At safepoint: 16598 ns, Total: 142667 ns
[2024-02-06T22:59:38.320+0000][7][safepoint   ] Safepoint "Cleanup", Time since last: 23003547702 ns, Reaching safepoint: 66842 ns, At safepoint: 8318 ns, Total: 75160 ns
[2024-02-06T22:59:44.168+0000][7][gc,start    ] GC(190) Pause Young (Normal) (G1 Evacuation Pause)
[2024-02-06T22:59:44.168+0000][7][gc,task     ] GC(190) Using 8 workers of 8 for evacuation
[2024-02-06T22:59:44.168+0000][7][gc,age      ] GC(190) Desired survivor size 41943040 bytes, new threshold 15 (max threshold 15)
[2024-02-06T22:59:44.171+0000][7][gc,phases   ] GC(190)   Pre Evacuate Collection Set: 0.1ms
[2024-02-06T22:59:44.171+0000][7][gc,phases   ] GC(190)   Merge Heap Roots: 0.1ms
[2024-02-06T22:59:44.171+0000][7][gc,phases   ] GC(190)   Evacuate Collection Set: 1.7ms
[2024-02-06T22:59:44.171+0000][7][gc,phases   ] GC(190)   Post Evacuate Collection Set: 0.7ms
[2024-02-06T22:59:44.171+0000][7][gc,phases   ] GC(190)   Other: 0.1ms
[2024-02-06T22:59:44.171+0000][7][gc,age      ] GC(190) Age table with threshold 15 (max threshold 15)
[2024-02-06T22:59:44.171+0000][7][gc,age      ] GC(190) - age   1:    1894088 bytes,    1894088 total
[2024-02-06T22:59:44.171+0000][7][gc,age      ] GC(190) - age   2:       4632 bytes,    1898720 total
[2024-02-06T22:59:44.171+0000][7][gc,age      ] GC(190) - age   3:       1032 bytes,    1899752 total
[2024-02-06T22:59:44.171+0000][7][gc,age      ] GC(190) - age   4:        184 bytes,    1899936 total
[2024-02-06T22:59:44.171+0000][7][gc,age      ] GC(190) - age   5:       1680 bytes,    1901616 total
[2024-02-06T22:59:44.171+0000][7][gc,age      ] GC(190) - age   6:        384 bytes,    1902000 total
[2024-02-06T22:59:44.171+0000][7][gc,age      ] GC(190) - age   7:        208 bytes,    1902208 total
[2024-02-06T22:59:44.171+0000][7][gc,age      ] GC(190) - age   9:        184 bytes,    1902392 total
[2024-02-06T22:59:44.171+0000][7][gc,age      ] GC(190) - age  10:        136 bytes,    1902528 total
[2024-02-06T22:59:44.171+0000][7][gc,age      ] GC(190) - age  11:        256 bytes,    1902784 total
[2024-02-06T22:59:44.171+0000][7][gc,age      ] GC(190) - age  12:     382712 bytes,    2285496 total
[2024-02-06T22:59:44.171+0000][7][gc,age      ] GC(190) - age  14:      96840 bytes,    2382336 total
[2024-02-06T22:59:44.171+0000][7][gc,heap     ] GC(190) Eden regions: 152->0(152)
[2024-02-06T22:59:44.171+0000][7][gc,heap     ] GC(190) Survivor regions: 1->1(20)
[2024-02-06T22:59:44.171+0000][7][gc,heap     ] GC(190) Old regions: 23->23
[2024-02-06T22:59:44.171+0000][7][gc,heap     ] GC(190) Archive regions: 2->2
[2024-02-06T22:59:44.171+0000][7][gc,heap     ] GC(190) Humongous regions: 0->0
[2024-02-06T22:59:44.171+0000][7][gc,metaspace] GC(190) Metaspace: 127253K(130688K)->127253K(130688K) NonClass: 110677K(112512K)->110677K(112512K) Class: 16576K(18176K)->16576K(18176K)
[2024-02-06T22:59:44.171+0000][7][gc          ] GC(190) Pause Young (Normal) (G1 Evacuation Pause) 704M->97M(1024M) 2.974ms
[2024-02-06T22:59:44.171+0000][7][gc,cpu      ] GC(190) User=0.02s Sys=0.00s Real=0.00s
[2024-02-06T22:59:44.171+0000][7][safepoint   ] Safepoint "G1CollectForAllocation", Time since last: 5848206522 ns, Reaching safepoint: 115036 ns, At safepoint: 3065425 ns, Total: 3180461 ns
[2024-02-06T23:02:56.213+0000][7][gc,start    ] GC(191) Pause Young (Normal) (G1 Evacuation Pause)
[2024-02-06T23:02:56.213+0000][7][gc,task     ] GC(191) Using 8 workers of 8 for evacuation
[2024-02-06T23:02:56.213+0000][7][gc,age      ] GC(191) Desired survivor size 41943040 bytes, new threshold 15 (max threshold 15)
[2024-02-06T23:02:56.215+0000][7][gc,phases   ] GC(191)   Pre Evacuate Collection Set: 0.1ms
[2024-02-06T23:02:56.215+0000][7][gc,phases   ] GC(191)   Merge Heap Roots: 0.1ms
[2024-02-06T23:02:56.215+0000][7][gc,phases   ] GC(191)   Evacuate Collection Set: 1.4ms
[2024-02-06T23:02:56.215+0000][7][gc,phases   ] GC(191)   Post Evacuate Collection Set: 0.7ms
[2024-02-06T23:02:56.215+0000][7][gc,phases   ] GC(191)   Other: 0.1ms
[2024-02-06T23:02:56.215+0000][7][gc,age      ] GC(191) Age table with threshold 15 (max threshold 15)
[2024-02-06T23:02:56.215+0000][7][gc,age      ] GC(191) - age   1:    1245840 bytes,    1245840 total
[2024-02-06T23:02:56.215+0000][7][gc,age      ] GC(191) - age   2:     143568 bytes,    1389408 total
[2024-02-06T23:02:56.215+0000][7][gc,age      ] GC(191) - age   3:       3448 bytes,    1392856 total
[2024-02-06T23:02:56.216+0000][7][gc,age      ] GC(191) - age   4:        248 bytes,    1393104 total
[2024-02-06T23:02:56.216+0000][7][gc,age      ] GC(191) - age   5:        184 bytes,    1393288 total
[2024-02-06T23:02:56.216+0000][7][gc,age      ] GC(191) - age   6:       1288 bytes,    1394576 total
[2024-02-06T23:02:56.216+0000][7][gc,age      ] GC(191) - age   8:        208 bytes,    1394784 total
[2024-02-06T23:02:56.216+0000][7][gc,age      ] GC(191) - age  11:        136 bytes,    1394920 total
[2024-02-06T23:02:56.216+0000][7][gc,age      ] GC(191) - age  12:        256 bytes,    1395176 total
[2024-02-06T23:02:56.216+0000][7][gc,age      ] GC(191) - age  13:     382712 bytes,    1777888 total
[2024-02-06T23:02:56.216+0000][7][gc,age      ] GC(191) - age  15:      96840 bytes,    1874728 total
[2024-02-06T23:02:56.216+0000][7][gc,heap     ] GC(191) Eden regions: 152->0(152)
[2024-02-06T23:02:56.216+0000][7][gc,heap     ] GC(191) Survivor regions: 1->1(20)
[2024-02-06T23:02:56.216+0000][7][gc,heap     ] GC(191) Old regions: 23->23
[2024-02-06T23:02:56.216+0000][7][gc,heap     ] GC(191) Archive regions: 2->2
[2024-02-06T23:02:56.216+0000][7][gc,heap     ] GC(191) Humongous regions: 0->0
[2024-02-06T23:02:56.216+0000][7][gc,metaspace] GC(191) Metaspace: 127256K(130688K)->127256K(130688K) NonClass: 110680K(112512K)->110680K(112512K) Class: 16576K(18176K)->16576K(18176K)
[2024-02-06T23:02:56.216+0000][7][gc          ] GC(191) Pause Young (Normal) (G1 Evacuation Pause) 705M->97M(1024M) 2.570ms
[2024-02-06T23:02:56.216+0000][7][gc,cpu      ] GC(191) User=0.01s Sys=0.00s Real=0.00s
[2024-02-06T23:02:56.216+0000][7][safepoint   ] Safepoint "G1CollectForAllocation", Time since last: 192041637774 ns, Reaching safepoint: 66433 ns, At safepoint: 2657573 ns, Total: 2724006 ns
[2024-02-06T23:04:15.227+0000][7][safepoint   ] Safepoint "Cleanup", Time since last: 79011310419 ns, Reaching safepoint: 109705 ns, At safepoint: 20675 ns, Total: 130380 ns
[2024-02-06T23:05:41.239+0000][7][safepoint   ] Safepoint "Cleanup", Time since last: 86012070838 ns, Reaching safepoint: 109898 ns, At safepoint: 11228 ns, Total: 121126 ns
[2024-02-06T23:06:02.309+0000][7][gc,start    ] GC(192) Pause Young (Normal) (G1 Evacuation Pause)
[2024-02-06T23:06:02.309+0000][7][gc,task     ] GC(192) Using 8 workers of 8 for evacuation
[2024-02-06T23:06:02.309+0000][7][gc,age      ] GC(192) Desired survivor size 41943040 bytes, new threshold 15 (max threshold 15)
[2024-02-06T23:06:02.312+0000][7][gc,phases   ] GC(192)   Pre Evacuate Collection Set: 0.1ms
[2024-02-06T23:06:02.312+0000][7][gc,phases   ] GC(192)   Merge Heap Roots: 0.1ms
[2024-02-06T23:06:02.312+0000][7][gc,phases   ] GC(192)   Evacuate Collection Set: 1.6ms
[2024-02-06T23:06:02.312+0000][7][gc,phases   ] GC(192)   Post Evacuate Collection Set: 0.9ms
[2024-02-06T23:06:02.312+0000][7][gc,phases   ] GC(192)   Other: 0.1ms
[2024-02-06T23:06:02.312+0000][7][gc,age      ] GC(192) Age table with threshold 15 (max threshold 15)
[2024-02-06T23:06:02.312+0000][7][gc,age      ] GC(192) - age   1:     960800 bytes,     960800 total
[2024-02-06T23:06:02.312+0000][7][gc,age      ] GC(192) - age   2:       4008 bytes,     964808 total
[2024-02-06T23:06:02.312+0000][7][gc,age      ] GC(192) - age   3:     140752 bytes,    1105560 total
[2024-02-06T23:06:02.312+0000][7][gc,age      ] GC(192) - age   5:        248 bytes,    1105808 total
[2024-02-06T23:06:02.312+0000][7][gc,age      ] GC(192) - age   7:       1288 bytes,    1107096 total
[2024-02-06T23:06:02.312+0000][7][gc,age      ] GC(192) - age   9:        208 bytes,    1107304 total
[2024-02-06T23:06:02.312+0000][7][gc,age      ] GC(192) - age  12:        136 bytes,    1107440 total
[2024-02-06T23:06:02.312+0000][7][gc,age      ] GC(192) - age  13:        256 bytes,    1107696 total
[2024-02-06T23:06:02.312+0000][7][gc,age      ] GC(192) - age  14:     382712 bytes,    1490408 total
[2024-02-06T23:06:02.312+0000][7][gc,heap     ] GC(192) Eden regions: 152->0(152)
[2024-02-06T23:06:02.312+0000][7][gc,heap     ] GC(192) Survivor regions: 1->1(20)
[2024-02-06T23:06:02.312+0000][7][gc,heap     ] GC(192) Old regions: 23->23
[2024-02-06T23:06:02.312+0000][7][gc,heap     ] GC(192) Archive regions: 2->2
[2024-02-06T23:06:02.312+0000][7][gc,heap     ] GC(192) Humongous regions: 0->0
[2024-02-06T23:06:02.312+0000][7][gc,metaspace] GC(192) Metaspace: 127256K(130688K)->127256K(130688K) NonClass: 110680K(112512K)->110680K(112512K) Class: 16576K(18176K)->16576K(18176K)
[2024-02-06T23:06:02.312+0000][7][gc          ] GC(192) Pause Young (Normal) (G1 Evacuation Pause) 705M->97M(1024M) 3.208ms
[2024-02-06T23:06:02.312+0000][7][gc,cpu      ] GC(192) User=0.01s Sys=0.00s Real=0.01s
[2024-02-06T23:06:02.313+0000][7][safepoint   ] Safepoint "G1CollectForAllocation", Time since last: 21069813214 ns, Reaching safepoint: 67780 ns, At safepoint: 3318180 ns, Total: 3385960 ns
[2024-02-06T23:07:15.323+0000][7][safepoint   ] Safepoint "Cleanup", Time since last: 73010232996 ns, Reaching safepoint: 110753 ns, At safepoint: 19875 ns, Total: 130628 ns
[2024-02-06T23:09:14.338+0000][7][gc,start    ] GC(193) Pause Young (Normal) (G1 Evacuation Pause)
[2024-02-06T23:09:14.338+0000][7][gc,task     ] GC(193) Using 8 workers of 8 for evacuation
[2024-02-06T23:09:14.338+0000][7][gc,age      ] GC(193) Desired survivor size 41943040 bytes, new threshold 15 (max threshold 15)
[2024-02-06T23:09:14.340+0000][7][gc,phases   ] GC(193)   Pre Evacuate Collection Set: 0.1ms
[2024-02-06T23:09:14.340+0000][7][gc,phases   ] GC(193)   Merge Heap Roots: 0.1ms
[2024-02-06T23:09:14.340+0000][7][gc,phases   ] GC(193)   Evacuate Collection Set: 1.2ms
[2024-02-06T23:09:14.340+0000][7][gc,phases   ] GC(193)   Post Evacuate Collection Set: 0.5ms
[2024-02-06T23:09:14.340+0000][7][gc,phases   ] GC(193)   Other: 0.1ms
[2024-02-06T23:09:14.340+0000][7][gc,age      ] GC(193) Age table with threshold 15 (max threshold 15)
[2024-02-06T23:09:14.340+0000][7][gc,age      ] GC(193) - age   1:    2061472 bytes,    2061472 total
[2024-02-06T23:09:14.340+0000][7][gc,age      ] GC(193) - age   2:      12408 bytes,    2073880 total
[2024-02-06T23:09:14.340+0000][7][gc,age      ] GC(193) - age   3:       1960 bytes,    2075840 total
[2024-02-06T23:09:14.340+0000][7][gc,age      ] GC(193) - age   4:     140072 bytes,    2215912 total
[2024-02-06T23:09:14.340+0000][7][gc,age      ] GC(193) - age   6:        216 bytes,    2216128 total
[2024-02-06T23:09:14.340+0000][7][gc,age      ] GC(193) - age   8:       1288 bytes,    2217416 total
[2024-02-06T23:09:14.340+0000][7][gc,age      ] GC(193) - age  10:        208 bytes,    2217624 total
[2024-02-06T23:09:14.340+0000][7][gc,age      ] GC(193) - age  13:        136 bytes,    2217760 total
[2024-02-06T23:09:14.340+0000][7][gc,age      ] GC(193) - age  14:        256 bytes,    2218016 total
[2024-02-06T23:09:14.340+0000][7][gc,age      ] GC(193) - age  15:     382712 bytes,    2600728 total
[2024-02-06T23:09:14.340+0000][7][gc,heap     ] GC(193) Eden regions: 152->0(152)
[2024-02-06T23:09:14.340+0000][7][gc,heap     ] GC(193) Survivor regions: 1->1(20)
[2024-02-06T23:09:14.340+0000][7][gc,heap     ] GC(193) Old regions: 23->23
[2024-02-06T23:09:14.341+0000][7][gc,heap     ] GC(193) Archive regions: 2->2
[2024-02-06T23:09:14.341+0000][7][gc,heap     ] GC(193) Humongous regions: 0->0
[2024-02-06T23:09:14.341+0000][7][gc,metaspace] GC(193) Metaspace: 127256K(130688K)->127256K(130688K) NonClass: 110680K(112512K)->110680K(112512K) Class: 16576K(18176K)->16576K(18176K)
[2024-02-06T23:09:14.341+0000][7][gc          ] GC(193) Pause Young (Normal) (G1 Evacuation Pause) 705M->98M(1024M) 2.130ms
[2024-02-06T23:09:14.341+0000][7][gc,cpu      ] GC(193) User=0.01s Sys=0.00s Real=0.01s
[2024-02-06T23:09:14.341+0000][7][safepoint   ] Safepoint "G1CollectForAllocation", Time since last: 119015453894 ns, Reaching safepoint: 38189 ns, At safepoint: 2198692 ns, Total: 2236881 ns
[2024-02-06T23:10:59.356+0000][7][safepoint   ] Safepoint "Cleanup", Time since last: 105015182635 ns, Reaching safepoint: 108675 ns, At safepoint: 14602 ns, Total: 123277 ns
[2024-02-06T23:12:32.972+0000][7][gc,start    ] GC(194) Pause Young (Normal) (G1 Evacuation Pause)
[2024-02-06T23:12:32.972+0000][7][gc,task     ] GC(194) Using 8 workers of 8 for evacuation
[2024-02-06T23:12:32.972+0000][7][gc,age      ] GC(194) Desired survivor size 41943040 bytes, new threshold 15 (max threshold 15)
[2024-02-06T23:12:32.975+0000][7][gc,phases   ] GC(194)   Pre Evacuate Collection Set: 0.1ms
[2024-02-06T23:12:32.975+0000][7][gc,phases   ] GC(194)   Merge Heap Roots: 0.1ms
[2024-02-06T23:12:32.975+0000][7][gc,phases   ] GC(194)   Evacuate Collection Set: 1.7ms
[2024-02-06T23:12:32.975+0000][7][gc,phases   ] GC(194)   Post Evacuate Collection Set: 0.8ms
[2024-02-06T23:12:32.975+0000][7][gc,phases   ] GC(194)   Other: 0.1ms
[2024-02-06T23:12:32.975+0000][7][gc,age      ] GC(194) Age table with threshold 15 (max threshold 15)
[2024-02-06T23:12:32.975+0000][7][gc,age      ] GC(194) - age   1:    1578936 bytes,    1578936 total
[2024-02-06T23:12:32.975+0000][7][gc,age      ] GC(194) - age   2:       3304 bytes,    1582240 total
[2024-02-06T23:12:32.975+0000][7][gc,age      ] GC(194) - age   3:       3144 bytes,    1585384 total
[2024-02-06T23:12:32.975+0000][7][gc,age      ] GC(194) - age   4:        992 bytes,    1586376 total
[2024-02-06T23:12:32.975+0000][7][gc,age      ] GC(194) - age   5:     140008 bytes,    1726384 total
[2024-02-06T23:12:32.975+0000][7][gc,age      ] GC(194) - age   7:        184 bytes,    1726568 total
[2024-02-06T23:12:32.975+0000][7][gc,age      ] GC(194) - age   9:       1288 bytes,    1727856 total
[2024-02-06T23:12:32.975+0000][7][gc,age      ] GC(194) - age  11:        208 bytes,    1728064 total
[2024-02-06T23:12:32.975+0000][7][gc,age      ] GC(194) - age  14:        136 bytes,    1728200 total
[2024-02-06T23:12:32.975+0000][7][gc,age      ] GC(194) - age  15:        256 bytes,    1728456 total
[2024-02-06T23:12:32.975+0000][7][gc,heap     ] GC(194) Eden regions: 152->0(152)
[2024-02-06T23:12:32.975+0000][7][gc,heap     ] GC(194) Survivor regions: 1->1(20)
[2024-02-06T23:12:32.975+0000][7][gc,heap     ] GC(194) Old regions: 23->24
[2024-02-06T23:12:32.975+0000][7][gc,heap     ] GC(194) Archive regions: 2->2
[2024-02-06T23:12:32.975+0000][7][gc,heap     ] GC(194) Humongous regions: 0->0
[2024-02-06T23:12:32.975+0000][7][gc,metaspace] GC(194) Metaspace: 127259K(130688K)->127259K(130688K) NonClass: 110683K(112512K)->110683K(112512K) Class: 16576K(18176K)->16576K(18176K)
[2024-02-06T23:12:32.975+0000][7][gc          ] GC(194) Pause Young (Normal) (G1 Evacuation Pause) 706M->97M(1024M) 3.219ms
[2024-02-06T23:12:32.975+0000][7][gc,cpu      ] GC(194) User=0.01s Sys=0.00s Real=0.00s
[2024-02-06T23:12:32.975+0000][7][safepoint   ] Safepoint "G1CollectForAllocation", Time since last: 93616036847 ns, Reaching safepoint: 98550 ns, At safepoint: 3323884 ns, Total: 3422434 ns
[2024-02-06T23:15:44.213+0000][7][gc,start    ] GC(195) Pause Young (Normal) (G1 Evacuation Pause)
[2024-02-06T23:15:44.213+0000][7][gc,task     ] GC(195) Using 8 workers of 8 for evacuation
[2024-02-06T23:15:44.213+0000][7][gc,age      ] GC(195) Desired survivor size 41943040 bytes, new threshold 15 (max threshold 15)
[2024-02-06T23:15:44.216+0000][7][gc,phases   ] GC(195)   Pre Evacuate Collection Set: 0.1ms
[2024-02-06T23:15:44.216+0000][7][gc,phases   ] GC(195)   Merge Heap Roots: 0.1ms
[2024-02-06T23:15:44.216+0000][7][gc,phases   ] GC(195)   Evacuate Collection Set: 1.3ms
[2024-02-06T23:15:44.216+0000][7][gc,phases   ] GC(195)   Post Evacuate Collection Set: 0.7ms
[2024-02-06T23:15:44.216+0000][7][gc,phases   ] GC(195)   Other: 0.1ms
[2024-02-06T23:15:44.216+0000][7][gc,age      ] GC(195) Age table with threshold 15 (max threshold 15)
[2024-02-06T23:15:44.216+0000][7][gc,age      ] GC(195) - age   1:    1084560 bytes,    1084560 total
[2024-02-06T23:15:44.216+0000][7][gc,age      ] GC(195) - age   2:       4336 bytes,    1088896 total
[2024-02-06T23:15:44.216+0000][7][gc,age      ] GC(195) - age   3:        224 bytes,    1089120 total
[2024-02-06T23:15:44.216+0000][7][gc,age      ] GC(195) - age   4:         72 bytes,    1089192 total
[2024-02-06T23:15:44.216+0000][7][gc,age      ] GC(195) - age   5:        600 bytes,    1089792 total
[2024-02-06T23:15:44.216+0000][7][gc,age      ] GC(195) - age   6:     139800 bytes,    1229592 total
[2024-02-06T23:15:44.216+0000][7][gc,age      ] GC(195) - age   8:        184 bytes,    1229776 total
[2024-02-06T23:15:44.216+0000][7][gc,age      ] GC(195) - age  10:       1288 bytes,    1231064 total
[2024-02-06T23:15:44.216+0000][7][gc,age      ] GC(195) - age  12:        208 bytes,    1231272 total
[2024-02-06T23:15:44.216+0000][7][gc,age      ] GC(195) - age  15:        136 bytes,    1231408 total
[2024-02-06T23:15:44.216+0000][7][gc,heap     ] GC(195) Eden regions: 152->0(152)
[2024-02-06T23:15:44.216+0000][7][gc,heap     ] GC(195) Survivor regions: 1->1(20)
[2024-02-06T23:15:44.216+0000][7][gc,heap     ] GC(195) Old regions: 24->24
[2024-02-06T23:15:44.216+0000][7][gc,heap     ] GC(195) Archive regions: 2->2
[2024-02-06T23:15:44.216+0000][7][gc,heap     ] GC(195) Humongous regions: 0->0
[2024-02-06T23:15:44.216+0000][7][gc,metaspace] GC(195) Metaspace: 127259K(130688K)->127259K(130688K) NonClass: 110683K(112512K)->110683K(112512K) Class: 16576K(18176K)->16576K(18176K)
[2024-02-06T23:15:44.216+0000][7][gc          ] GC(195) Pause Young (Normal) (G1 Evacuation Pause) 705M->97M(1024M) 2.597ms
[2024-02-06T23:15:44.216+0000][7][gc,cpu      ] GC(195) User=0.01s Sys=0.00s Real=0.00s
[2024-02-06T23:15:44.216+0000][7][safepoint   ] Safepoint "G1CollectForAllocation", Time since last: 191237821976 ns, Reaching safepoint: 73854 ns, At safepoint: 2685358 ns, Total: 2759212 ns
[2024-02-06T23:18:53.209+0000][7][gc,start    ] GC(196) Pause Young (Normal) (G1 Evacuation Pause)
[2024-02-06T23:18:53.210+0000][7][gc,task     ] GC(196) Using 8 workers of 8 for evacuation
[2024-02-06T23:18:53.210+0000][7][gc,age      ] GC(196) Desired survivor size 41943040 bytes, new threshold 15 (max threshold 15)
[2024-02-06T23:18:53.212+0000][7][gc,phases   ] GC(196)   Pre Evacuate Collection Set: 0.1ms
[2024-02-06T23:18:53.212+0000][7][gc,phases   ] GC(196)   Merge Heap Roots: 0.1ms
[2024-02-06T23:18:53.212+0000][7][gc,phases   ] GC(196)   Evacuate Collection Set: 1.1ms
[2024-02-06T23:18:53.212+0000][7][gc,phases   ] GC(196)   Post Evacuate Collection Set: 0.8ms
[2024-02-06T23:18:53.212+0000][7][gc,phases   ] GC(196)   Other: 0.1ms
[2024-02-06T23:18:53.212+0000][7][gc,age      ] GC(196) Age table with threshold 15 (max threshold 15)
[2024-02-06T23:18:53.212+0000][7][gc,age      ] GC(196) - age   1:     767992 bytes,     767992 total
[2024-02-06T23:18:53.212+0000][7][gc,age      ] GC(196) - age   2:      15096 bytes,     783088 total
[2024-02-06T23:18:53.212+0000][7][gc,age      ] GC(196) - age   3:       1096 bytes,     784184 total
[2024-02-06T23:18:53.212+0000][7][gc,age      ] GC(196) - age   4:        160 bytes,     784344 total
[2024-02-06T23:18:53.212+0000][7][gc,age      ] GC(196) - age   5:         72 bytes,     784416 total
[2024-02-06T23:18:53.212+0000][7][gc,age      ] GC(196) - age   6:        600 bytes,     785016 total
[2024-02-06T23:18:53.212+0000][7][gc,age      ] GC(196) - age   7:     139616 bytes,     924632 total
[2024-02-06T23:18:53.212+0000][7][gc,age      ] GC(196) - age   9:        184 bytes,     924816 total
[2024-02-06T23:18:53.212+0000][7][gc,age      ] GC(196) - age  11:       1288 bytes,     926104 total
[2024-02-06T23:18:53.212+0000][7][gc,age      ] GC(196) - age  13:        208 bytes,     926312 total
[2024-02-06T23:18:53.212+0000][7][gc,heap     ] GC(196) Eden regions: 152->0(152)
[2024-02-06T23:18:53.212+0000][7][gc,heap     ] GC(196) Survivor regions: 1->1(20)
[2024-02-06T23:18:53.212+0000][7][gc,heap     ] GC(196) Old regions: 24->24
[2024-02-06T23:18:53.212+0000][7][gc,heap     ] GC(196) Archive regions: 2->2
[2024-02-06T23:18:53.212+0000][7][gc,heap     ] GC(196) Humongous regions: 0->0
[2024-02-06T23:18:53.212+0000][7][gc,metaspace] GC(196) Metaspace: 127259K(130688K)->127259K(130688K) NonClass: 110683K(112512K)->110683K(112512K) Class: 16576K(18176K)->16576K(18176K)
[2024-02-06T23:18:53.212+0000][7][gc          ] GC(196) Pause Young (Normal) (G1 Evacuation Pause) 705M->97M(1024M) 2.623ms
[2024-02-06T23:18:53.212+0000][7][gc,cpu      ] GC(196) User=0.01s Sys=0.00s Real=0.01s
[2024-02-06T23:18:53.212+0000][7][safepoint   ] Safepoint "G1CollectForAllocation", Time since last: 188993469504 ns, Reaching safepoint: 48576 ns, At safepoint: 2725041 ns, Total: 2773617 ns
[2024-02-06T23:20:59.228+0000][7][safepoint   ] Safepoint "Cleanup", Time since last: 126016080163 ns, Reaching safepoint: 152445 ns, At safepoint: 13939 ns, Total: 166384 ns
[2024-02-06T23:22:14.261+0000][7][gc,start    ] GC(197) Pause Young (Normal) (G1 Evacuation Pause)
[2024-02-06T23:22:14.261+0000][7][gc,task     ] GC(197) Using 8 workers of 8 for evacuation
[2024-02-06T23:22:14.261+0000][7][gc,age      ] GC(197) Desired survivor size 41943040 bytes, new threshold 15 (max threshold 15)
[2024-02-06T23:22:14.264+0000][7][gc,phases   ] GC(197)   Pre Evacuate Collection Set: 0.1ms
[2024-02-06T23:22:14.264+0000][7][gc,phases   ] GC(197)   Merge Heap Roots: 0.1ms
[2024-02-06T23:22:14.264+0000][7][gc,phases   ] GC(197)   Evacuate Collection Set: 1.4ms
[2024-02-06T23:22:14.264+0000][7][gc,phases   ] GC(197)   Post Evacuate Collection Set: 0.7ms
[2024-02-06T23:22:14.264+0000][7][gc,phases   ] GC(197)   Other: 0.1ms
[2024-02-06T23:22:14.264+0000][7][gc,age      ] GC(197) Age table with threshold 15 (max threshold 15)
[2024-02-06T23:22:14.264+0000][7][gc,age      ] GC(197) - age   1:    1408808 bytes,    1408808 total
[2024-02-06T23:22:14.264+0000][7][gc,age      ] GC(197) - age   2:      86520 bytes,    1495328 total
[2024-02-06T23:22:14.264+0000][7][gc,age      ] GC(197) - age   3:       3920 bytes,    1499248 total
[2024-02-06T23:22:14.264+0000][7][gc,age      ] GC(197) - age   4:        280 bytes,    1499528 total
[2024-02-06T23:22:14.264+0000][7][gc,age      ] GC(197) - age   5:         32 bytes,    1499560 total
[2024-02-06T23:22:14.264+0000][7][gc,age      ] GC(197) - age   6:         72 bytes,    1499632 total
[2024-02-06T23:22:14.264+0000][7][gc,age      ] GC(197) - age   7:        184 bytes,    1499816 total
[2024-02-06T23:22:14.264+0000][7][gc,age      ] GC(197) - age   8:     139616 bytes,    1639432 total
[2024-02-06T23:22:14.264+0000][7][gc,age      ] GC(197) - age  10:        184 bytes,    1639616 total
[2024-02-06T23:22:14.264+0000][7][gc,age      ] GC(197) - age  12:       1288 bytes,    1640904 total
[2024-02-06T23:22:14.264+0000][7][gc,age      ] GC(197) - age  14:        208 bytes,    1641112 total
[2024-02-06T23:22:14.264+0000][7][gc,heap     ] GC(197) Eden regions: 152->0(152)
[2024-02-06T23:22:14.264+0000][7][gc,heap     ] GC(197) Survivor regions: 1->1(20)
[2024-02-06T23:22:14.264+0000][7][gc,heap     ] GC(197) Old regions: 24->24
[2024-02-06T23:22:14.264+0000][7][gc,heap     ] GC(197) Archive regions: 2->2
[2024-02-06T23:22:14.264+0000][7][gc,heap     ] GC(197) Humongous regions: 0->0
[2024-02-06T23:22:14.264+0000][7][gc,metaspace] GC(197) Metaspace: 127259K(130688K)->127259K(130688K) NonClass: 110683K(112512K)->110683K(112512K) Class: 16576K(18176K)->16576K(18176K)
[2024-02-06T23:22:14.264+0000][7][gc          ] GC(197) Pause Young (Normal) (G1 Evacuation Pause) 705M->97M(1024M) 2.653ms
[2024-02-06T23:22:14.264+0000][7][gc,cpu      ] GC(197) User=0.01s Sys=0.00s Real=0.00s
[2024-02-06T23:22:14.264+0000][7][safepoint   ] Safepoint "G1CollectForAllocation", Time since last: 75032624833 ns, Reaching safepoint: 70408 ns, At safepoint: 2741561 ns, Total: 2811969 ns
[2024-02-06T23:25:15.288+0000][7][safepoint   ] Safepoint "Cleanup", Time since last: 181024511711 ns, Reaching safepoint: 116476 ns, At safepoint: 13112 ns, Total: 129588 ns
[2024-02-06T23:25:20.762+0000][7][gc,start    ] GC(198) Pause Young (Normal) (G1 Evacuation Pause)
[2024-02-06T23:25:20.762+0000][7][gc,task     ] GC(198) Using 8 workers of 8 for evacuation
[2024-02-06T23:25:20.762+0000][7][gc,age      ] GC(198) Desired survivor size 41943040 bytes, new threshold 15 (max threshold 15)
[2024-02-06T23:25:20.765+0000][7][gc,phases   ] GC(198)   Pre Evacuate Collection Set: 0.1ms
[2024-02-06T23:25:20.765+0000][7][gc,phases   ] GC(198)   Merge Heap Roots: 0.1ms
[2024-02-06T23:25:20.765+0000][7][gc,phases   ] GC(198)   Evacuate Collection Set: 1.6ms
[2024-02-06T23:25:20.765+0000][7][gc,phases   ] GC(198)   Post Evacuate Collection Set: 0.9ms
[2024-02-06T23:25:20.765+0000][7][gc,phases   ] GC(198)   Other: 0.1ms
[2024-02-06T23:25:20.765+0000][7][gc,age      ] GC(198) Age table with threshold 15 (max threshold 15)
[2024-02-06T23:25:20.765+0000][7][gc,age      ] GC(198) - age   1:    1379496 bytes,    1379496 total
[2024-02-06T23:25:20.765+0000][7][gc,age      ] GC(198) - age   2:     108920 bytes,    1488416 total
[2024-02-06T23:25:20.765+0000][7][gc,age      ] GC(198) - age   3:      85752 bytes,    1574168 total
[2024-02-06T23:25:20.765+0000][7][gc,age      ] GC(198) - age   4:        600 bytes,    1574768 total
[2024-02-06T23:25:20.765+0000][7][gc,age      ] GC(198) - age   5:        216 bytes,    1574984 total
[2024-02-06T23:25:20.765+0000][7][gc,age      ] GC(198) - age   6:         32 bytes,    1575016 total
[2024-02-06T23:25:20.765+0000][7][gc,age      ] GC(198) - age   7:         72 bytes,    1575088 total
[2024-02-06T23:25:20.765+0000][7][gc,age      ] GC(198) - age   8:        184 bytes,    1575272 total
[2024-02-06T23:25:20.765+0000][7][gc,age      ] GC(198) - age   9:     139616 bytes,    1714888 total
[2024-02-06T23:25:20.765+0000][7][gc,age      ] GC(198) - age  13:       1288 bytes,    1716176 total
[2024-02-06T23:25:20.765+0000][7][gc,age      ] GC(198) - age  15:        208 bytes,    1716384 total
[2024-02-06T23:25:20.765+0000][7][gc,heap     ] GC(198) Eden regions: 152->0(152)
[2024-02-06T23:25:20.765+0000][7][gc,heap     ] GC(198) Survivor regions: 1->1(20)
[2024-02-06T23:25:20.765+0000][7][gc,heap     ] GC(198) Old regions: 24->24
[2024-02-06T23:25:20.765+0000][7][gc,heap     ] GC(198) Archive regions: 2->2
[2024-02-06T23:25:20.765+0000][7][gc,heap     ] GC(198) Humongous regions: 0->0
[2024-02-06T23:25:20.765+0000][7][gc,metaspace] GC(198) Metaspace: 127259K(130688K)->127259K(130688K) NonClass: 110683K(112512K)->110683K(112512K) Class: 16576K(18176K)->16576K(18176K)
[2024-02-06T23:25:20.765+0000][7][gc          ] GC(198) Pause Young (Normal) (G1 Evacuation Pause) 705M->97M(1024M) 3.129ms
[2024-02-06T23:25:20.765+0000][7][gc,cpu      ] GC(198) User=0.02s Sys=0.00s Real=0.00s
[2024-02-06T23:25:20.765+0000][7][safepoint   ] Safepoint "G1CollectForAllocation", Time since last: 5473598651 ns, Reaching safepoint: 85355 ns, At safepoint: 3233341 ns, Total: 3318696 ns
[2024-02-06T23:28:33.659+0000][7][gc,start    ] GC(199) Pause Young (Normal) (G1 Evacuation Pause)
[2024-02-06T23:28:33.659+0000][7][gc,task     ] GC(199) Using 8 workers of 8 for evacuation
[2024-02-06T23:28:33.659+0000][7][gc,age      ] GC(199) Desired survivor size 41943040 bytes, new threshold 15 (max threshold 15)
[2024-02-06T23:28:33.663+0000][7][gc,phases   ] GC(199)   Pre Evacuate Collection Set: 0.1ms
[2024-02-06T23:28:33.663+0000][7][gc,phases   ] GC(199)   Merge Heap Roots: 0.1ms
[2024-02-06T23:28:33.663+0000][7][gc,phases   ] GC(199)   Evacuate Collection Set: 1.9ms
[2024-02-06T23:28:33.663+0000][7][gc,phases   ] GC(199)   Post Evacuate Collection Set: 1.0ms
[2024-02-06T23:28:33.663+0000][7][gc,phases   ] GC(199)   Other: 0.1ms
[2024-02-06T23:28:33.663+0000][7][gc,age      ] GC(199) Age table with threshold 15 (max threshold 15)
[2024-02-06T23:28:33.663+0000][7][gc,age      ] GC(199) - age   1:    1411776 bytes,    1411776 total
[2024-02-06T23:28:33.663+0000][7][gc,age      ] GC(199) - age   2:      46392 bytes,    1458168 total
[2024-02-06T23:28:33.663+0000][7][gc,age      ] GC(199) - age   3:     106520 bytes,    1564688 total
[2024-02-06T23:28:33.663+0000][7][gc,age      ] GC(199) - age   4:      85136 bytes,    1649824 total
[2024-02-06T23:28:33.663+0000][7][gc,age      ] GC(199) - age   5:        600 bytes,    1650424 total
[2024-02-06T23:28:33.663+0000][7][gc,age      ] GC(199) - age   6:        216 bytes,    1650640 total
[2024-02-06T23:28:33.663+0000][7][gc,age      ] GC(199) - age   7:         32 bytes,    1650672 total
[2024-02-06T23:28:33.663+0000][7][gc,age      ] GC(199) - age   8:         72 bytes,    1650744 total
[2024-02-06T23:28:33.663+0000][7][gc,age      ] GC(199) - age   9:        184 bytes,    1650928 total
[2024-02-06T23:28:33.663+0000][7][gc,age      ] GC(199) - age  10:     139616 bytes,    1790544 total
[2024-02-06T23:28:33.663+0000][7][gc,age      ] GC(199) - age  14:       1288 bytes,    1791832 total
[2024-02-06T23:28:33.663+0000][7][gc,heap     ] GC(199) Eden regions: 152->0(152)
[2024-02-06T23:28:33.663+0000][7][gc,heap     ] GC(199) Survivor regions: 1->1(20)
[2024-02-06T23:28:33.663+0000][7][gc,heap     ] GC(199) Old regions: 24->24
[2024-02-06T23:28:33.663+0000][7][gc,heap     ] GC(199) Archive regions: 2->2
[2024-02-06T23:28:33.663+0000][7][gc,heap     ] GC(199) Humongous regions: 0->0
[2024-02-06T23:28:33.663+0000][7][gc,metaspace] GC(199) Metaspace: 127259K(130688K)->127259K(130688K) NonClass: 110683K(112512K)->110683K(112512K) Class: 16576K(18176K)->16576K(18176K)
[2024-02-06T23:28:33.663+0000][7][gc          ] GC(199) Pause Young (Normal) (G1 Evacuation Pause) 705M->97M(1024M) 3.593ms
[2024-02-06T23:28:33.663+0000][7][gc,cpu      ] GC(199) User=0.01s Sys=0.00s Real=0.01s
[2024-02-06T23:28:33.663+0000][7][safepoint   ] Safepoint "G1CollectForAllocation", Time since last: 192893721972 ns, Reaching safepoint: 52614 ns, At safepoint: 3701536 ns, Total: 3754150 ns
[2024-02-06T23:31:44.307+0000][7][gc,start    ] GC(200) Pause Young (Normal) (G1 Evacuation Pause)
[2024-02-06T23:31:44.307+0000][7][gc,task     ] GC(200) Using 8 workers of 8 for evacuation
[2024-02-06T23:31:44.307+0000][7][gc,age      ] GC(200) Desired survivor size 41943040 bytes, new threshold 15 (max threshold 15)
[2024-02-06T23:31:44.309+0000][7][gc,phases   ] GC(200)   Pre Evacuate Collection Set: 0.1ms
[2024-02-06T23:31:44.309+0000][7][gc,phases   ] GC(200)   Merge Heap Roots: 0.1ms
[2024-02-06T23:31:44.309+0000][7][gc,phases   ] GC(200)   Evacuate Collection Set: 1.7ms
[2024-02-06T23:31:44.309+0000][7][gc,phases   ] GC(200)   Post Evacuate Collection Set: 0.7ms
[2024-02-06T23:31:44.309+0000][7][gc,phases   ] GC(200)   Other: 0.1ms
[2024-02-06T23:31:44.309+0000][7][gc,age      ] GC(200) Age table with threshold 15 (max threshold 15)
[2024-02-06T23:31:44.309+0000][7][gc,age      ] GC(200) - age   1:    1814400 bytes,    1814400 total
[2024-02-06T23:31:44.309+0000][7][gc,age      ] GC(200) - age   2:      10776 bytes,    1825176 total
[2024-02-06T23:31:44.309+0000][7][gc,age      ] GC(200) - age   3:      43472 bytes,    1868648 total
[2024-02-06T23:31:44.309+0000][7][gc,age      ] GC(200) - age   4:     105560 bytes,    1974208 total
[2024-02-06T23:31:44.309+0000][7][gc,age      ] GC(200) - age   5:      85136 bytes,    2059344 total
[2024-02-06T23:31:44.309+0000][7][gc,age      ] GC(200) - age   6:        208 bytes,    2059552 total
[2024-02-06T23:31:44.309+0000][7][gc,age      ] GC(200) - age   9:         72 bytes,    2059624 total
[2024-02-06T23:31:44.309+0000][7][gc,age      ] GC(200) - age  10:        184 bytes,    2059808 total
[2024-02-06T23:31:44.309+0000][7][gc,age      ] GC(200) - age  11:     139616 bytes,    2199424 total
[2024-02-06T23:31:44.310+0000][7][gc,age      ] GC(200) - age  15:       1288 bytes,    2200712 total
[2024-02-06T23:31:44.310+0000][7][gc,heap     ] GC(200) Eden regions: 152->0(152)
[2024-02-06T23:31:44.310+0000][7][gc,heap     ] GC(200) Survivor regions: 1->1(20)
[2024-02-06T23:31:44.310+0000][7][gc,heap     ] GC(200) Old regions: 24->24
[2024-02-06T23:31:44.310+0000][7][gc,heap     ] GC(200) Archive regions: 2->2
[2024-02-06T23:31:44.310+0000][7][gc,heap     ] GC(200) Humongous regions: 0->0
[2024-02-06T23:31:44.310+0000][7][gc,metaspace] GC(200) Metaspace: 127259K(130688K)->127259K(130688K) NonClass: 110683K(112512K)->110683K(112512K) Class: 16576K(18176K)->16576K(18176K)
[2024-02-06T23:31:44.310+0000][7][gc          ] GC(200) Pause Young (Normal) (G1 Evacuation Pause) 705M->98M(1024M) 3.003ms
[2024-02-06T23:31:44.310+0000][7][gc,cpu      ] GC(200) User=0.01s Sys=0.00s Real=0.00s
[2024-02-06T23:31:44.310+0000][7][safepoint   ] Safepoint "G1CollectForAllocation", Time since last: 190643602680 ns, Reaching safepoint: 44986 ns, At safepoint: 3098871 ns, Total: 3143857 ns
[2024-02-06T23:35:02.283+0000][7][gc,start    ] GC(201) Pause Young (Normal) (G1 Evacuation Pause)
[2024-02-06T23:35:02.283+0000][7][gc,task     ] GC(201) Using 8 workers of 8 for evacuation
[2024-02-06T23:35:02.283+0000][7][gc,age      ] GC(201) Desired survivor size 41943040 bytes, new threshold 15 (max threshold 15)
[2024-02-06T23:35:02.286+0000][7][gc,phases   ] GC(201)   Pre Evacuate Collection Set: 0.1ms
[2024-02-06T23:35:02.286+0000][7][gc,phases   ] GC(201)   Merge Heap Roots: 0.1ms
[2024-02-06T23:35:02.286+0000][7][gc,phases   ] GC(201)   Evacuate Collection Set: 1.3ms
[2024-02-06T23:35:02.286+0000][7][gc,phases   ] GC(201)   Post Evacuate Collection Set: 0.7ms
[2024-02-06T23:35:02.286+0000][7][gc,phases   ] GC(201)   Other: 0.1ms
[2024-02-06T23:35:02.286+0000][7][gc,age      ] GC(201) Age table with threshold 15 (max threshold 15)
[2024-02-06T23:35:02.286+0000][7][gc,age      ] GC(201) - age   1:     946872 bytes,     946872 total
[2024-02-06T23:35:02.286+0000][7][gc,age      ] GC(201) - age   2:       4552 bytes,     951424 total
[2024-02-06T23:35:02.286+0000][7][gc,age      ] GC(201) - age   3:       8472 bytes,     959896 total
[2024-02-06T23:35:02.286+0000][7][gc,age      ] GC(201) - age   4:      43216 bytes,    1003112 total
[2024-02-06T23:35:02.286+0000][7][gc,age      ] GC(201) - age   5:     105496 bytes,    1108608 total
[2024-02-06T23:35:02.286+0000][7][gc,age      ] GC(201) - age   6:      85136 bytes,    1193744 total
[2024-02-06T23:35:02.286+0000][7][gc,age      ] GC(201) - age   7:        208 bytes,    1193952 total
[2024-02-06T23:35:02.286+0000][7][gc,age      ] GC(201) - age  10:         72 bytes,    1194024 total
[2024-02-06T23:35:02.286+0000][7][gc,age      ] GC(201) - age  11:        184 bytes,    1194208 total
[2024-02-06T23:35:02.286+0000][7][gc,age      ] GC(201) - age  12:     139616 bytes,    1333824 total
[2024-02-06T23:35:02.286+0000][7][gc,heap     ] GC(201) Eden regions: 152->0(152)
[2024-02-06T23:35:02.286+0000][7][gc,heap     ] GC(201) Survivor regions: 1->1(20)
[2024-02-06T23:35:02.286+0000][7][gc,heap     ] GC(201) Old regions: 24->24
[2024-02-06T23:35:02.286+0000][7][gc,heap     ] GC(201) Archive regions: 2->2
[2024-02-06T23:35:02.286+0000][7][gc,heap     ] GC(201) Humongous regions: 0->0
[2024-02-06T23:35:02.286+0000][7][gc,metaspace] GC(201) Metaspace: 127259K(130688K)->127259K(130688K) NonClass: 110683K(112512K)->110683K(112512K) Class: 16576K(18176K)->16576K(18176K)
[2024-02-06T23:35:02.286+0000][7][gc          ] GC(201) Pause Young (Normal) (G1 Evacuation Pause) 706M->97M(1024M) 2.635ms
[2024-02-06T23:35:02.286+0000][7][gc,cpu      ] GC(201) User=0.01s Sys=0.00s Real=0.00s
[2024-02-06T23:35:02.286+0000][7][safepoint   ] Safepoint "G1CollectForAllocation", Time since last: 197973554250 ns, Reaching safepoint: 72563 ns, At safepoint: 2731621 ns, Total: 2804184 ns
[2024-02-06T23:36:15.295+0000][7][safepoint   ] Safepoint "Cleanup", Time since last: 73009369588 ns, Reaching safepoint: 111541 ns, At safepoint: 9741 ns, Total: 121282 ns
[2024-02-06T23:38:02.470+0000][7][gc,start    ] GC(202) Pause Young (Normal) (G1 Evacuation Pause)
[2024-02-06T23:38:02.470+0000][7][gc,task     ] GC(202) Using 8 workers of 8 for evacuation
[2024-02-06T23:38:02.470+0000][7][gc,age      ] GC(202) Desired survivor size 41943040 bytes, new threshold 15 (max threshold 15)
[2024-02-06T23:38:02.472+0000][7][gc,phases   ] GC(202)   Pre Evacuate Collection Set: 0.1ms
[2024-02-06T23:38:02.472+0000][7][gc,phases   ] GC(202)   Merge Heap Roots: 0.1ms
[2024-02-06T23:38:02.472+0000][7][gc,phases   ] GC(202)   Evacuate Collection Set: 1.1ms
[2024-02-06T23:38:02.472+0000][7][gc,phases   ] GC(202)   Post Evacuate Collection Set: 0.7ms
[2024-02-06T23:38:02.472+0000][7][gc,phases   ] GC(202)   Other: 0.1ms
[2024-02-06T23:38:02.472+0000][7][gc,age      ] GC(202) Age table with threshold 15 (max threshold 15)
[2024-02-06T23:38:02.472+0000][7][gc,age      ] GC(202) - age   1:     685072 bytes,     685072 total
[2024-02-06T23:38:02.472+0000][7][gc,age      ] GC(202) - age   2:       1280 bytes,     686352 total
[2024-02-06T23:38:02.472+0000][7][gc,age      ] GC(202) - age   3:       1376 bytes,     687728 total
[2024-02-06T23:38:02.472+0000][7][gc,age      ] GC(202) - age   4:        200 bytes,     687928 total
[2024-02-06T23:38:02.472+0000][7][gc,age      ] GC(202) - age   5:      40144 bytes,     728072 total
[2024-02-06T23:38:02.472+0000][7][gc,age      ] GC(202) - age   6:     105496 bytes,     833568 total
[2024-02-06T23:38:02.472+0000][7][gc,age      ] GC(202) - age   7:      85136 bytes,     918704 total
[2024-02-06T23:38:02.472+0000][7][gc,age      ] GC(202) - age   8:        208 bytes,     918912 total
[2024-02-06T23:38:02.472+0000][7][gc,age      ] GC(202) - age  11:         72 bytes,     918984 total
[2024-02-06T23:38:02.472+0000][7][gc,age      ] GC(202) - age  12:        184 bytes,     919168 total
[2024-02-06T23:38:02.472+0000][7][gc,age      ] GC(202) - age  13:     139616 bytes,    1058784 total
[2024-02-06T23:38:02.472+0000][7][gc,heap     ] GC(202) Eden regions: 152->0(152)
[2024-02-06T23:38:02.472+0000][7][gc,heap     ] GC(202) Survivor regions: 1->1(20)
[2024-02-06T23:38:02.472+0000][7][gc,heap     ] GC(202) Old regions: 24->24
[2024-02-06T23:38:02.472+0000][7][gc,heap     ] GC(202) Archive regions: 2->2
[2024-02-06T23:38:02.472+0000][7][gc,heap     ] GC(202) Humongous regions: 0->0
[2024-02-06T23:38:02.472+0000][7][gc,metaspace] GC(202) Metaspace: 127260K(130688K)->127260K(130688K) NonClass: 110684K(112512K)->110684K(112512K) Class: 16576K(18176K)->16576K(18176K)
[2024-02-06T23:38:02.472+0000][7][gc          ] GC(202) Pause Young (Normal) (G1 Evacuation Pause) 705M->97M(1024M) 2.448ms
[2024-02-06T23:38:02.472+0000][7][gc,cpu      ] GC(202) User=0.01s Sys=0.00s Real=0.01s
[2024-02-06T23:38:02.472+0000][7][safepoint   ] Safepoint "G1CollectForAllocation", Time since last: 107174225840 ns, Reaching safepoint: 86331 ns, At safepoint: 2541970 ns, Total: 2628301 ns
[2024-02-06T23:41:20.872+0000][7][gc,start    ] GC(203) Pause Young (Normal) (G1 Evacuation Pause)
[2024-02-06T23:41:20.872+0000][7][gc,task     ] GC(203) Using 8 workers of 8 for evacuation
[2024-02-06T23:41:20.872+0000][7][gc,age      ] GC(203) Desired survivor size 41943040 bytes, new threshold 15 (max threshold 15)
[2024-02-06T23:41:20.875+0000][7][gc,phases   ] GC(203)   Pre Evacuate Collection Set: 0.1ms
[2024-02-06T23:41:20.875+0000][7][gc,phases   ] GC(203)   Merge Heap Roots: 0.1ms
[2024-02-06T23:41:20.875+0000][7][gc,phases   ] GC(203)   Evacuate Collection Set: 1.7ms
[2024-02-06T23:41:20.875+0000][7][gc,phases   ] GC(203)   Post Evacuate Collection Set: 0.8ms
[2024-02-06T23:41:20.875+0000][7][gc,phases   ] GC(203)   Other: 0.1ms
[2024-02-06T23:41:20.875+0000][7][gc,age      ] GC(203) Age table with threshold 15 (max threshold 15)
[2024-02-06T23:41:20.875+0000][7][gc,age      ] GC(203) - age   1:    1550808 bytes,    1550808 total
[2024-02-06T23:41:20.875+0000][7][gc,age      ] GC(203) - age   2:       7464 bytes,    1558272 total
[2024-02-06T23:41:20.875+0000][7][gc,age      ] GC(203) - age   4:        560 bytes,    1558832 total
[2024-02-06T23:41:20.875+0000][7][gc,age      ] GC(203) - age   5:        200 bytes,    1559032 total
[2024-02-06T23:41:20.875+0000][7][gc,age      ] GC(203) - age   6:      39960 bytes,    1598992 total
[2024-02-06T23:41:20.875+0000][7][gc,age      ] GC(203) - age   7:     105080 bytes,    1704072 total
[2024-02-06T23:41:20.875+0000][7][gc,age      ] GC(203) - age   8:      85136 bytes,    1789208 total
[2024-02-06T23:41:20.875+0000][7][gc,age      ] GC(203) - age   9:        208 bytes,    1789416 total
[2024-02-06T23:41:20.875+0000][7][gc,age      ] GC(203) - age  12:         72 bytes,    1789488 total
[2024-02-06T23:41:20.875+0000][7][gc,age      ] GC(203) - age  13:        184 bytes,    1789672 total
[2024-02-06T23:41:20.875+0000][7][gc,age      ] GC(203) - age  14:     139616 bytes,    1929288 total
[2024-02-06T23:41:20.875+0000][7][gc,heap     ] GC(203) Eden regions: 152->0(152)
[2024-02-06T23:41:20.875+0000][7][gc,heap     ] GC(203) Survivor regions: 1->1(20)
[2024-02-06T23:41:20.875+0000][7][gc,heap     ] GC(203) Old regions: 24->24
[2024-02-06T23:41:20.875+0000][7][gc,heap     ] GC(203) Archive regions: 2->2
[2024-02-06T23:41:20.875+0000][7][gc,heap     ] GC(203) Humongous regions: 0->0
[2024-02-06T23:41:20.875+0000][7][gc,metaspace] GC(203) Metaspace: 127265K(130688K)->127265K(130688K) NonClass: 110689K(112512K)->110689K(112512K) Class: 16576K(18176K)->16576K(18176K)
[2024-02-06T23:41:20.875+0000][7][gc          ] GC(203) Pause Young (Normal) (G1 Evacuation Pause) 705M->97M(1024M) 3.166ms
[2024-02-06T23:41:20.875+0000][7][gc,cpu      ] GC(203) User=0.02s Sys=0.00s Real=0.00s
[2024-02-06T23:41:20.875+0000][7][safepoint   ] Safepoint "G1CollectForAllocation", Time since last: 198399730390 ns, Reaching safepoint: 91929 ns, At safepoint: 3269656 ns, Total: 3361585 ns
[2024-02-06T23:44:32.328+0000][7][gc,start    ] GC(204) Pause Young (Normal) (G1 Evacuation Pause)
[2024-02-06T23:44:32.328+0000][7][gc,task     ] GC(204) Using 8 workers of 8 for evacuation
[2024-02-06T23:44:32.328+0000][7][gc,age      ] GC(204) Desired survivor size 41943040 bytes, new threshold 15 (max threshold 15)
[2024-02-06T23:44:32.330+0000][7][gc,phases   ] GC(204)   Pre Evacuate Collection Set: 0.1ms
[2024-02-06T23:44:32.330+0000][7][gc,phases   ] GC(204)   Merge Heap Roots: 0.1ms
[2024-02-06T23:44:32.330+0000][7][gc,phases   ] GC(204)   Evacuate Collection Set: 1.1ms
[2024-02-06T23:44:32.330+0000][7][gc,phases   ] GC(204)   Post Evacuate Collection Set: 0.7ms
[2024-02-06T23:44:32.330+0000][7][gc,phases   ] GC(204)   Other: 0.1ms
[2024-02-06T23:44:32.330+0000][7][gc,age      ] GC(204) Age table with threshold 15 (max threshold 15)
[2024-02-06T23:44:32.330+0000][7][gc,age      ] GC(204) - age   1:     783688 bytes,     783688 total
[2024-02-06T23:44:32.330+0000][7][gc,age      ] GC(204) - age   2:      12072 bytes,     795760 total
[2024-02-06T23:44:32.330+0000][7][gc,age      ] GC(204) - age   3:       6080 bytes,     801840 total
[2024-02-06T23:44:32.330+0000][7][gc,age      ] GC(204) - age   5:        528 bytes,     802368 total
[2024-02-06T23:44:32.330+0000][7][gc,age      ] GC(204) - age   6:        200 bytes,     802568 total
[2024-02-06T23:44:32.330+0000][7][gc,age      ] GC(204) - age   7:      39776 bytes,     842344 total
[2024-02-06T23:44:32.330+0000][7][gc,age      ] GC(204) - age   8:     105080 bytes,     947424 total
[2024-02-06T23:44:32.331+0000][7][gc,age      ] GC(204) - age   9:      85136 bytes,    1032560 total
[2024-02-06T23:44:32.331+0000][7][gc,age      ] GC(204) - age  10:        208 bytes,    1032768 total
[2024-02-06T23:44:32.331+0000][7][gc,age      ] GC(204) - age  13:         72 bytes,    1032840 total
[2024-02-06T23:44:32.331+0000][7][gc,age      ] GC(204) - age  14:        184 bytes,    1033024 total
[2024-02-06T23:44:32.331+0000][7][gc,age      ] GC(204) - age  15:     139616 bytes,    1172640 total
[2024-02-06T23:44:32.331+0000][7][gc,heap     ] GC(204) Eden regions: 152->0(152)
[2024-02-06T23:44:32.331+0000][7][gc,heap     ] GC(204) Survivor regions: 1->1(20)
[2024-02-06T23:44:32.331+0000][7][gc,heap     ] GC(204) Old regions: 24->24
[2024-02-06T23:44:32.331+0000][7][gc,heap     ] GC(204) Archive regions: 2->2
[2024-02-06T23:44:32.331+0000][7][gc,heap     ] GC(204) Humongous regions: 0->0
[2024-02-06T23:44:32.331+0000][7][gc,metaspace] GC(204) Metaspace: 127265K(130688K)->127265K(130688K) NonClass: 110689K(112512K)->110689K(112512K) Class: 16576K(18176K)->16576K(18176K)
[2024-02-06T23:44:32.331+0000][7][gc          ] GC(204) Pause Young (Normal) (G1 Evacuation Pause) 705M->97M(1024M) 2.366ms
[2024-02-06T23:44:32.331+0000][7][gc,cpu      ] GC(204) User=0.01s Sys=0.00s Real=0.00s
[2024-02-06T23:44:32.331+0000][7][safepoint   ] Safepoint "G1CollectForAllocation", Time since last: 191452719606 ns, Reaching safepoint: 58131 ns, At safepoint: 2457146 ns, Total: 2515277 ns
[2024-02-06T23:47:41.399+0000][7][gc,start    ] GC(205) Pause Young (Normal) (G1 Evacuation Pause)
[2024-02-06T23:47:41.399+0000][7][gc,task     ] GC(205) Using 8 workers of 8 for evacuation
[2024-02-06T23:47:41.399+0000][7][gc,age      ] GC(205) Desired survivor size 41943040 bytes, new threshold 15 (max threshold 15)
[2024-02-06T23:47:41.401+0000][7][gc,phases   ] GC(205)   Pre Evacuate Collection Set: 0.1ms
[2024-02-06T23:47:41.401+0000][7][gc,phases   ] GC(205)   Merge Heap Roots: 0.1ms
[2024-02-06T23:47:41.401+0000][7][gc,phases   ] GC(205)   Evacuate Collection Set: 1.2ms
[2024-02-06T23:47:41.401+0000][7][gc,phases   ] GC(205)   Post Evacuate Collection Set: 0.7ms
[2024-02-06T23:47:41.401+0000][7][gc,phases   ] GC(205)   Other: 0.1ms
[2024-02-06T23:47:41.401+0000][7][gc,age      ] GC(205) Age table with threshold 15 (max threshold 15)
[2024-02-06T23:47:41.401+0000][7][gc,age      ] GC(205) - age   1:    1920704 bytes,    1920704 total
[2024-02-06T23:47:41.401+0000][7][gc,age      ] GC(205) - age   2:       1640 bytes,    1922344 total
[2024-02-06T23:47:41.401+0000][7][gc,age      ] GC(205) - age   3:       1976 bytes,    1924320 total
[2024-02-06T23:47:41.401+0000][7][gc,age      ] GC(205) - age   4:       3008 bytes,    1927328 total
[2024-02-06T23:47:41.401+0000][7][gc,age      ] GC(205) - age   6:        136 bytes,    1927464 total
[2024-02-06T23:47:41.401+0000][7][gc,age      ] GC(205) - age   7:        200 bytes,    1927664 total
[2024-02-06T23:47:41.401+0000][7][gc,age      ] GC(205) - age   8:      39776 bytes,    1967440 total
[2024-02-06T23:47:41.401+0000][7][gc,age      ] GC(205) - age   9:     105080 bytes,    2072520 total
[2024-02-06T23:47:41.401+0000][7][gc,age      ] GC(205) - age  10:      85136 bytes,    2157656 total
[2024-02-06T23:47:41.401+0000][7][gc,age      ] GC(205) - age  11:        208 bytes,    2157864 total
[2024-02-06T23:47:41.401+0000][7][gc,age      ] GC(205) - age  14:         72 bytes,    2157936 total
[2024-02-06T23:47:41.401+0000][7][gc,heap     ] GC(205) Eden regions: 152->0(152)
[2024-02-06T23:47:41.401+0000][7][gc,heap     ] GC(205) Survivor regions: 1->1(20)
[2024-02-06T23:47:41.401+0000][7][gc,heap     ] GC(205) Old regions: 24->24
[2024-02-06T23:47:41.401+0000][7][gc,heap     ] GC(205) Archive regions: 2->2
[2024-02-06T23:47:41.401+0000][7][gc,heap     ] GC(205) Humongous regions: 0->0
[2024-02-06T23:47:41.401+0000][7][gc,metaspace] GC(205) Metaspace: 127266K(130688K)->127266K(130688K) NonClass: 110690K(112512K)->110690K(112512K) Class: 16576K(18176K)->16576K(18176K)
[2024-02-06T23:47:41.401+0000][7][gc          ] GC(205) Pause Young (Normal) (G1 Evacuation Pause) 705M->98M(1024M) 2.434ms
[2024-02-06T23:47:41.401+0000][7][gc,cpu      ] GC(205) User=0.01s Sys=0.00s Real=0.01s
[2024-02-06T23:47:41.401+0000][7][safepoint   ] Safepoint "G1CollectForAllocation", Time since last: 189067970918 ns, Reaching safepoint: 55339 ns, At safepoint: 2511384 ns, Total: 2566723 ns
[2024-02-06T23:50:51.215+0000][7][gc,start    ] GC(206) Pause Young (Normal) (G1 Evacuation Pause)
[2024-02-06T23:50:51.215+0000][7][gc,task     ] GC(206) Using 8 workers of 8 for evacuation
[2024-02-06T23:50:51.216+0000][7][gc,age      ] GC(206) Desired survivor size 41943040 bytes, new threshold 15 (max threshold 15)
[2024-02-06T23:50:51.219+0000][7][gc,phases   ] GC(206)   Pre Evacuate Collection Set: 0.1ms
[2024-02-06T23:50:51.219+0000][7][gc,phases   ] GC(206)   Merge Heap Roots: 0.1ms
[2024-02-06T23:50:51.219+0000][7][gc,phases   ] GC(206)   Evacuate Collection Set: 1.5ms
[2024-02-06T23:50:51.219+0000][7][gc,phases   ] GC(206)   Post Evacuate Collection Set: 1.1ms
[2024-02-06T23:50:51.219+0000][7][gc,phases   ] GC(206)   Other: 0.2ms
[2024-02-06T23:50:51.219+0000][7][gc,age      ] GC(206) Age table with threshold 15 (max threshold 15)
[2024-02-06T23:50:51.219+0000][7][gc,age      ] GC(206) - age   1:    1353264 bytes,    1353264 total
[2024-02-06T23:50:51.219+0000][7][gc,age      ] GC(206) - age   2:       6384 bytes,    1359648 total
[2024-02-06T23:50:51.219+0000][7][gc,age      ] GC(206) - age   3:         64 bytes,    1359712 total
[2024-02-06T23:50:51.219+0000][7][gc,age      ] GC(206) - age   4:       1784 bytes,    1361496 total
[2024-02-06T23:50:51.219+0000][7][gc,age      ] GC(206) - age   5:       3008 bytes,    1364504 total
[2024-02-06T23:50:51.219+0000][7][gc,age      ] GC(206) - age   7:        136 bytes,    1364640 total
[2024-02-06T23:50:51.219+0000][7][gc,age      ] GC(206) - age   8:        200 bytes,    1364840 total
[2024-02-06T23:50:51.219+0000][7][gc,age      ] GC(206) - age   9:      39776 bytes,    1404616 total
[2024-02-06T23:50:51.219+0000][7][gc,age      ] GC(206) - age  10:     105080 bytes,    1509696 total
[2024-02-06T23:50:51.219+0000][7][gc,age      ] GC(206) - age  11:      85136 bytes,    1594832 total
[2024-02-06T23:50:51.219+0000][7][gc,age      ] GC(206) - age  12:        208 bytes,    1595040 total
[2024-02-06T23:50:51.219+0000][7][gc,age      ] GC(206) - age  15:         72 bytes,    1595112 total
[2024-02-06T23:50:51.219+0000][7][gc,heap     ] GC(206) Eden regions: 152->0(152)
[2024-02-06T23:50:51.219+0000][7][gc,heap     ] GC(206) Survivor regions: 1->1(20)
[2024-02-06T23:50:51.219+0000][7][gc,heap     ] GC(206) Old regions: 24->24
[2024-02-06T23:50:51.219+0000][7][gc,heap     ] GC(206) Archive regions: 2->2
[2024-02-06T23:50:51.219+0000][7][gc,heap     ] GC(206) Humongous regions: 0->0
[2024-02-06T23:50:51.219+0000][7][gc,metaspace] GC(206) Metaspace: 127266K(130688K)->127266K(130688K) NonClass: 110690K(112512K)->110690K(112512K) Class: 16576K(18176K)->16576K(18176K)
[2024-02-06T23:50:51.219+0000][7][gc          ] GC(206) Pause Young (Normal) (G1 Evacuation Pause) 706M->97M(1024M) 3.359ms
[2024-02-06T23:50:51.219+0000][7][gc,cpu      ] GC(206) User=0.01s Sys=0.00s Real=0.00s
[2024-02-06T23:50:51.219+0000][7][safepoint   ] Safepoint "G1CollectForAllocation", Time since last: 189814063212 ns, Reaching safepoint: 102501 ns, At safepoint: 3470019 ns, Total: 3572520 ns
[2024-02-06T23:50:59.221+0000][7][safepoint   ] Safepoint "Cleanup", Time since last: 8001549646 ns, Reaching safepoint: 118648 ns, At safepoint: 7822 ns, Total: 126470 ns
[2024-02-06T23:53:59.371+0000][7][gc,start    ] GC(207) Pause Young (Normal) (G1 Evacuation Pause)
[2024-02-06T23:53:59.371+0000][7][gc,task     ] GC(207) Using 8 workers of 8 for evacuation
[2024-02-06T23:53:59.371+0000][7][gc,age      ] GC(207) Desired survivor size 41943040 bytes, new threshold 15 (max threshold 15)
[2024-02-06T23:53:59.373+0000][7][gc,phases   ] GC(207)   Pre Evacuate Collection Set: 0.1ms
[2024-02-06T23:53:59.373+0000][7][gc,phases   ] GC(207)   Merge Heap Roots: 0.1ms
[2024-02-06T23:53:59.373+0000][7][gc,phases   ] GC(207)   Evacuate Collection Set: 1.1ms
[2024-02-06T23:53:59.373+0000][7][gc,phases   ] GC(207)   Post Evacuate Collection Set: 0.8ms
[2024-02-06T23:53:59.373+0000][7][gc,phases   ] GC(207)   Other: 0.1ms
[2024-02-06T23:53:59.373+0000][7][gc,age      ] GC(207) Age table with threshold 15 (max threshold 15)
[2024-02-06T23:53:59.373+0000][7][gc,age      ] GC(207) - age   1:     843424 bytes,     843424 total
[2024-02-06T23:53:59.373+0000][7][gc,age      ] GC(207) - age   2:      11088 bytes,     854512 total
[2024-02-06T23:53:59.373+0000][7][gc,age      ] GC(207) - age   3:       3656 bytes,     858168 total
[2024-02-06T23:53:59.373+0000][7][gc,age      ] GC(207) - age   5:        888 bytes,     859056 total
[2024-02-06T23:53:59.373+0000][7][gc,age      ] GC(207) - age   6:       3008 bytes,     862064 total
[2024-02-06T23:53:59.373+0000][7][gc,age      ] GC(207) - age   8:        104 bytes,     862168 total
[2024-02-06T23:53:59.373+0000][7][gc,age      ] GC(207) - age   9:        200 bytes,     862368 total
[2024-02-06T23:53:59.373+0000][7][gc,age      ] GC(207) - age  10:      39752 bytes,     902120 total
[2024-02-06T23:53:59.373+0000][7][gc,age      ] GC(207) - age  11:     105080 bytes,    1007200 total
[2024-02-06T23:53:59.373+0000][7][gc,age      ] GC(207) - age  12:      85136 bytes,    1092336 total
[2024-02-06T23:53:59.373+0000][7][gc,age      ] GC(207) - age  13:        208 bytes,    1092544 total
[2024-02-06T23:53:59.373+0000][7][gc,heap     ] GC(207) Eden regions: 152->0(152)
[2024-02-06T23:53:59.373+0000][7][gc,heap     ] GC(207) Survivor regions: 1->1(20)
[2024-02-06T23:53:59.373+0000][7][gc,heap     ] GC(207) Old regions: 24->24
[2024-02-06T23:53:59.373+0000][7][gc,heap     ] GC(207) Archive regions: 2->2
[2024-02-06T23:53:59.373+0000][7][gc,heap     ] GC(207) Humongous regions: 0->0
[2024-02-06T23:53:59.373+0000][7][gc,metaspace] GC(207) Metaspace: 127275K(130688K)->127275K(130688K) NonClass: 110699K(112512K)->110699K(112512K) Class: 16576K(18176K)->16576K(18176K)
[2024-02-06T23:53:59.373+0000][7][gc          ] GC(207) Pause Young (Normal) (G1 Evacuation Pause) 705M->97M(1024M) 2.470ms
[2024-02-06T23:53:59.373+0000][7][gc,cpu      ] GC(207) User=0.01s Sys=0.00s Real=0.01s
[2024-02-06T23:53:59.373+0000][7][safepoint   ] Safepoint "G1CollectForAllocation", Time since last: 180149960368 ns, Reaching safepoint: 82211 ns, At safepoint: 2563285 ns, Total: 2645496 ns
[2024-02-06T23:54:45.380+0000][7][safepoint   ] Safepoint "Cleanup", Time since last: 46006324716 ns, Reaching safepoint: 89620 ns, At safepoint: 9038 ns, Total: 98658 ns
[2024-02-06T23:55:09.383+0000][7][safepoint   ] Safepoint "Cleanup", Time since last: 24003628151 ns, Reaching safepoint: 88856 ns, At safepoint: 8969 ns, Total: 97825 ns
[2024-02-06T23:55:37.388+0000][7][safepoint   ] Safepoint "Cleanup", Time since last: 28004422698 ns, Reaching safepoint: 92366 ns, At safepoint: 49718 ns, Total: 142084 ns
[2024-02-06T23:57:13.217+0000][7][gc,start    ] GC(208) Pause Young (Normal) (G1 Evacuation Pause)
[2024-02-06T23:57:13.217+0000][7][gc,task     ] GC(208) Using 8 workers of 8 for evacuation
[2024-02-06T23:57:13.217+0000][7][gc,age      ] GC(208) Desired survivor size 41943040 bytes, new threshold 15 (max threshold 15)
[2024-02-06T23:57:13.221+0000][7][gc,phases   ] GC(208)   Pre Evacuate Collection Set: 0.1ms
[2024-02-06T23:57:13.221+0000][7][gc,phases   ] GC(208)   Merge Heap Roots: 0.1ms
[2024-02-06T23:57:13.221+0000][7][gc,phases   ] GC(208)   Evacuate Collection Set: 2.1ms
[2024-02-06T23:57:13.221+0000][7][gc,phases   ] GC(208)   Post Evacuate Collection Set: 1.0ms
[2024-02-06T23:57:13.221+0000][7][gc,phases   ] GC(208)   Other: 0.1ms
[2024-02-06T23:57:13.221+0000][7][gc,age      ] GC(208) Age table with threshold 15 (max threshold 15)
[2024-02-06T23:57:13.221+0000][7][gc,age      ] GC(208) - age   1:    1414032 bytes,    1414032 total
[2024-02-06T23:57:13.221+0000][7][gc,age      ] GC(208) - age   2:       2400 bytes,    1416432 total
[2024-02-06T23:57:13.221+0000][7][gc,age      ] GC(208) - age   3:       8456 bytes,    1424888 total
[2024-02-06T23:57:13.221+0000][7][gc,age      ] GC(208) - age   4:        456 bytes,    1425344 total
[2024-02-06T23:57:13.221+0000][7][gc,age      ] GC(208) - age   6:        888 bytes,    1426232 total
[2024-02-06T23:57:13.221+0000][7][gc,age      ] GC(208) - age   7:       2824 bytes,    1429056 total
[2024-02-06T23:57:13.221+0000][7][gc,age      ] GC(208) - age   9:        104 bytes,    1429160 total
[2024-02-06T23:57:13.221+0000][7][gc,age      ] GC(208) - age  10:        200 bytes,    1429360 total
[2024-02-06T23:57:13.221+0000][7][gc,age      ] GC(208) - age  11:      39752 bytes,    1469112 total
[2024-02-06T23:57:13.221+0000][7][gc,age      ] GC(208) - age  12:     105080 bytes,    1574192 total
[2024-02-06T23:57:13.221+0000][7][gc,age      ] GC(208) - age  13:      85136 bytes,    1659328 total
[2024-02-06T23:57:13.221+0000][7][gc,age      ] GC(208) - age  14:        208 bytes,    1659536 total
[2024-02-06T23:57:13.221+0000][7][gc,heap     ] GC(208) Eden regions: 152->0(152)
[2024-02-06T23:57:13.221+0000][7][gc,heap     ] GC(208) Survivor regions: 1->1(20)
[2024-02-06T23:57:13.221+0000][7][gc,heap     ] GC(208) Old regions: 24->24
[2024-02-06T23:57:13.221+0000][7][gc,heap     ] GC(208) Archive regions: 2->2
[2024-02-06T23:57:13.221+0000][7][gc,heap     ] GC(208) Humongous regions: 0->0
[2024-02-06T23:57:13.221+0000][7][gc,metaspace] GC(208) Metaspace: 127278K(130688K)->127278K(130688K) NonClass: 110702K(112512K)->110702K(112512K) Class: 16576K(18176K)->16576K(18176K)
[2024-02-06T23:57:13.221+0000][7][gc          ] GC(208) Pause Young (Normal) (G1 Evacuation Pause) 705M->97M(1024M) 3.805ms
[2024-02-06T23:57:13.221+0000][7][gc,cpu      ] GC(208) User=0.01s Sys=0.01s Real=0.01s
[2024-02-06T23:57:13.221+0000][7][safepoint   ] Safepoint "G1CollectForAllocation", Time since last: 95829224536 ns, Reaching safepoint: 163480 ns, At safepoint: 3918228 ns, Total: 4081708 ns
[2024-02-06T23:58:15.229+0000][7][safepoint   ] Safepoint "Cleanup", Time since last: 62008242498 ns, Reaching safepoint: 115226 ns, At safepoint: 7654 ns, Total: 122880 ns
[2024-02-06T23:59:15.238+0000][7][safepoint   ] Safepoint "Cleanup", Time since last: 60008377854 ns, Reaching safepoint: 103549 ns, At safepoint: 9190 ns, Total: 112739 ns
[2024-02-06T23:59:39.241+0000][7][safepoint   ] Safepoint "Cleanup", Time since last: 24003424155 ns, Reaching safepoint: 56818 ns, At safepoint: 7894 ns, Total: 64712 ns
[2024-02-07T00:00:03.244+0000][7][safepoint   ] Safepoint "Cleanup", Time since last: 24002794673 ns, Reaching safepoint: 119629 ns, At safepoint: 7744 ns, Total: 127373 ns
[2024-02-07T00:00:08.399+0000][7][gc,start    ] GC(209) Pause Young (Normal) (G1 Evacuation Pause)
[2024-02-07T00:00:08.399+0000][7][gc,task     ] GC(209) Using 8 workers of 8 for evacuation
[2024-02-07T00:00:08.399+0000][7][gc,age      ] GC(209) Desired survivor size 41943040 bytes, new threshold 15 (max threshold 15)
[2024-02-07T00:00:08.401+0000][7][gc,phases   ] GC(209)   Pre Evacuate Collection Set: 0.1ms
[2024-02-07T00:00:08.401+0000][7][gc,phases   ] GC(209)   Merge Heap Roots: 0.1ms
[2024-02-07T00:00:08.401+0000][7][gc,phases   ] GC(209)   Evacuate Collection Set: 1.3ms
[2024-02-07T00:00:08.401+0000][7][gc,phases   ] GC(209)   Post Evacuate Collection Set: 0.7ms
[2024-02-07T00:00:08.401+0000][7][gc,phases   ] GC(209)   Other: 0.1ms
[2024-02-07T00:00:08.401+0000][7][gc,age      ] GC(209) Age table with threshold 15 (max threshold 15)
[2024-02-07T00:00:08.401+0000][7][gc,age      ] GC(209) - age   1:    1453208 bytes,    1453208 total
[2024-02-07T00:00:08.401+0000][7][gc,age      ] GC(209) - age   2:       6496 bytes,    1459704 total
[2024-02-07T00:00:08.401+0000][7][gc,age      ] GC(209) - age   3:       1352 bytes,    1461056 total
[2024-02-07T00:00:08.401+0000][7][gc,age      ] GC(209) - age   4:        248 bytes,    1461304 total
[2024-02-07T00:00:08.401+0000][7][gc,age      ] GC(209) - age   7:        888 bytes,    1462192 total
[2024-02-07T00:00:08.401+0000][7][gc,age      ] GC(209) - age   8:       2824 bytes,    1465016 total
[2024-02-07T00:00:08.401+0000][7][gc,age      ] GC(209) - age  10:        104 bytes,    1465120 total
[2024-02-07T00:00:08.401+0000][7][gc,age      ] GC(209) - age  11:        200 bytes,    1465320 total
[2024-02-07T00:00:08.401+0000][7][gc,age      ] GC(209) - age  12:      37112 bytes,    1502432 total
[2024-02-07T00:00:08.401+0000][7][gc,age      ] GC(209) - age  13:     105056 bytes,    1607488 total
[2024-02-07T00:00:08.401+0000][7][gc,age      ] GC(209) - age  14:      85136 bytes,    1692624 total
[2024-02-07T00:00:08.401+0000][7][gc,age      ] GC(209) - age  15:        208 bytes,    1692832 total
[2024-02-07T00:00:08.401+0000][7][gc,heap     ] GC(209) Eden regions: 152->0(152)
[2024-02-07T00:00:08.401+0000][7][gc,heap     ] GC(209) Survivor regions: 1->1(20)
[2024-02-07T00:00:08.401+0000][7][gc,heap     ] GC(209) Old regions: 24->24
[2024-02-07T00:00:08.401+0000][7][gc,heap     ] GC(209) Archive regions: 2->2
[2024-02-07T00:00:08.401+0000][7][gc,heap     ] GC(209) Humongous regions: 0->0
[2024-02-07T00:00:08.401+0000][7][gc,metaspace] GC(209) Metaspace: 127284K(130752K)->127284K(130752K) NonClass: 110708K(112576K)->110708K(112576K) Class: 16576K(18176K)->16576K(18176K)
[2024-02-07T00:00:08.401+0000][7][gc          ] GC(209) Pause Young (Normal) (G1 Evacuation Pause) 705M->97M(1024M) 2.660ms
[2024-02-07T00:00:08.401+0000][7][gc,cpu      ] GC(209) User=0.01s Sys=0.00s Real=0.01s
[2024-02-07T00:00:08.401+0000][7][safepoint   ] Safepoint "G1CollectForAllocation", Time since last: 5154157384 ns, Reaching safepoint: 55246 ns, At safepoint: 2750518 ns, Total: 2805764 ns
[2024-02-07T00:00:15.403+0000][7][safepoint   ] Safepoint "Cleanup", Time since last: 7001068122 ns, Reaching safepoint: 110175 ns, At safepoint: 9873 ns, Total: 120048 ns
[2024-02-07T00:00:59.408+0000][7][safepoint   ] Safepoint "Cleanup", Time since last: 44005250597 ns, Reaching safepoint: 147404 ns, At safepoint: 13906 ns, Total: 161310 ns
[2024-02-07T00:02:15.419+0000][7][safepoint   ] Safepoint "Cleanup", Time since last: 76010510192 ns, Reaching safepoint: 107716 ns, At safepoint: 13486 ns, Total: 121202 ns
[2024-02-07T00:03:20.400+0000][7][gc,start    ] GC(210) Pause Young (Normal) (G1 Evacuation Pause)
[2024-02-07T00:03:20.400+0000][7][gc,task     ] GC(210) Using 8 workers of 8 for evacuation
[2024-02-07T00:03:20.400+0000][7][gc,age      ] GC(210) Desired survivor size 41943040 bytes, new threshold 15 (max threshold 15)
[2024-02-07T00:03:20.403+0000][7][gc,phases   ] GC(210)   Pre Evacuate Collection Set: 0.1ms
[2024-02-07T00:03:20.403+0000][7][gc,phases   ] GC(210)   Merge Heap Roots: 0.1ms
[2024-02-07T00:03:20.403+0000][7][gc,phases   ] GC(210)   Evacuate Collection Set: 1.8ms
[2024-02-07T00:03:20.403+0000][7][gc,phases   ] GC(210)   Post Evacuate Collection Set: 0.8ms
[2024-02-07T00:03:20.403+0000][7][gc,phases   ] GC(210)   Other: 0.1ms
[2024-02-07T00:03:20.403+0000][7][gc,age      ] GC(210) Age table with threshold 15 (max threshold 15)
[2024-02-07T00:03:20.403+0000][7][gc,age      ] GC(210) - age   1:    1962720 bytes,    1962720 total
[2024-02-07T00:03:20.403+0000][7][gc,age      ] GC(210) - age   2:     469776 bytes,    2432496 total
[2024-02-07T00:03:20.403+0000][7][gc,age      ] GC(210) - age   3:       3256 bytes,    2435752 total
[2024-02-07T00:03:20.403+0000][7][gc,age      ] GC(210) - age   4:        472 bytes,    2436224 total
[2024-02-07T00:03:20.403+0000][7][gc,age      ] GC(210) - age   5:        184 bytes,    2436408 total
[2024-02-07T00:03:20.403+0000][7][gc,age      ] GC(210) - age   8:        288 bytes,    2436696 total
[2024-02-07T00:03:20.403+0000][7][gc,age      ] GC(210) - age   9:       2824 bytes,    2439520 total
[2024-02-07T00:03:20.403+0000][7][gc,age      ] GC(210) - age  11:        104 bytes,    2439624 total
[2024-02-07T00:03:20.403+0000][7][gc,age      ] GC(210) - age  12:        200 bytes,    2439824 total
[2024-02-07T00:03:20.403+0000][7][gc,age      ] GC(210) - age  13:      37112 bytes,    2476936 total
[2024-02-07T00:03:20.403+0000][7][gc,age      ] GC(210) - age  14:     105056 bytes,    2581992 total
[2024-02-07T00:03:20.403+0000][7][gc,age      ] GC(210) - age  15:      85136 bytes,    2667128 total
[2024-02-07T00:03:20.403+0000][7][gc,heap     ] GC(210) Eden regions: 152->0(152)
[2024-02-07T00:03:20.403+0000][7][gc,heap     ] GC(210) Survivor regions: 1->1(20)
[2024-02-07T00:03:20.403+0000][7][gc,heap     ] GC(210) Old regions: 24->24
[2024-02-07T00:03:20.403+0000][7][gc,heap     ] GC(210) Archive regions: 2->2
[2024-02-07T00:03:20.403+0000][7][gc,heap     ] GC(210) Humongous regions: 0->0
[2024-02-07T00:03:20.403+0000][7][gc,metaspace] GC(210) Metaspace: 127288K(130752K)->127288K(130752K) NonClass: 110712K(112576K)->110712K(112576K) Class: 16576K(18176K)->16576K(18176K)
[2024-02-07T00:03:20.403+0000][7][gc          ] GC(210) Pause Young (Normal) (G1 Evacuation Pause) 705M->98M(1024M) 3.199ms
[2024-02-07T00:03:20.403+0000][7][gc,cpu      ] GC(210) User=0.01s Sys=0.00s Real=0.00s
[2024-02-07T00:03:20.403+0000][7][safepoint   ] Safepoint "G1CollectForAllocation", Time since last: 64980874602 ns, Reaching safepoint: 126880 ns, At safepoint: 3295792 ns, Total: 3422672 ns
[2024-02-07T00:06:33.437+0000][7][gc,start    ] GC(211) Pause Young (Normal) (G1 Evacuation Pause)
[2024-02-07T00:06:33.437+0000][7][gc,task     ] GC(211) Using 8 workers of 8 for evacuation
[2024-02-07T00:06:33.437+0000][7][gc,age      ] GC(211) Desired survivor size 41943040 bytes, new threshold 15 (max threshold 15)
[2024-02-07T00:06:33.440+0000][7][gc,phases   ] GC(211)   Pre Evacuate Collection Set: 0.2ms
[2024-02-07T00:06:33.440+0000][7][gc,phases   ] GC(211)   Merge Heap Roots: 0.1ms
[2024-02-07T00:06:33.440+0000][7][gc,phases   ] GC(211)   Evacuate Collection Set: 1.4ms
[2024-02-07T00:06:33.440+0000][7][gc,phases   ] GC(211)   Post Evacuate Collection Set: 0.9ms
[2024-02-07T00:06:33.440+0000][7][gc,phases   ] GC(211)   Other: 0.1ms
[2024-02-07T00:06:33.440+0000][7][gc,age      ] GC(211) Age table with threshold 15 (max threshold 15)
[2024-02-07T00:06:33.440+0000][7][gc,age      ] GC(211) - age   1:    1075112 bytes,    1075112 total
[2024-02-07T00:06:33.440+0000][7][gc,age      ] GC(211) - age   2:       4032 bytes,    1079144 total
[2024-02-07T00:06:33.440+0000][7][gc,age      ] GC(211) - age   3:     460712 bytes,    1539856 total
[2024-02-07T00:06:33.440+0000][7][gc,age      ] GC(211) - age   4:        184 bytes,    1540040 total
[2024-02-07T00:06:33.440+0000][7][gc,age      ] GC(211) - age   5:        472 bytes,    1540512 total
[2024-02-07T00:06:33.440+0000][7][gc,age      ] GC(211) - age   6:        184 bytes,    1540696 total
[2024-02-07T00:06:33.440+0000][7][gc,age      ] GC(211) - age   9:        288 bytes,    1540984 total
[2024-02-07T00:06:33.440+0000][7][gc,age      ] GC(211) - age  10:       2824 bytes,    1543808 total
[2024-02-07T00:06:33.440+0000][7][gc,age      ] GC(211) - age  12:        104 bytes,    1543912 total
[2024-02-07T00:06:33.440+0000][7][gc,age      ] GC(211) - age  13:        200 bytes,    1544112 total
[2024-02-07T00:06:33.440+0000][7][gc,age      ] GC(211) - age  14:      37112 bytes,    1581224 total
[2024-02-07T00:06:33.440+0000][7][gc,age      ] GC(211) - age  15:     105056 bytes,    1686280 total
[2024-02-07T00:06:33.440+0000][7][gc,heap     ] GC(211) Eden regions: 152->0(152)
[2024-02-07T00:06:33.440+0000][7][gc,heap     ] GC(211) Survivor regions: 1->1(20)
[2024-02-07T00:06:33.440+0000][7][gc,heap     ] GC(211) Old regions: 24->24
[2024-02-07T00:06:33.440+0000][7][gc,heap     ] GC(211) Archive regions: 2->2
[2024-02-07T00:06:33.440+0000][7][gc,heap     ] GC(211) Humongous regions: 0->0
[2024-02-07T00:06:33.440+0000][7][gc,metaspace] GC(211) Metaspace: 127288K(130752K)->127288K(130752K) NonClass: 110712K(112576K)->110712K(112576K) Class: 16576K(18176K)->16576K(18176K)
[2024-02-07T00:06:33.440+0000][7][gc          ] GC(211) Pause Young (Normal) (G1 Evacuation Pause) 706M->98M(1024M) 3.010ms
[2024-02-07T00:06:33.440+0000][7][gc,cpu      ] GC(211) User=0.01s Sys=0.01s Real=0.01s
[2024-02-07T00:06:33.440+0000][7][safepoint   ] Safepoint "G1CollectForAllocation", Time since last: 193034186819 ns, Reaching safepoint: 58105 ns, At safepoint: 3116510 ns, Total: 3174615 ns
[2024-02-07T00:09:15.464+0000][7][safepoint   ] Safepoint "Cleanup", Time since last: 162023525288 ns, Reaching safepoint: 131941 ns, At safepoint: 10347 ns, Total: 142288 ns
[2024-02-07T00:09:38.530+0000][7][gc,start    ] GC(212) Pause Young (Normal) (G1 Evacuation Pause)
[2024-02-07T00:09:38.530+0000][7][gc,task     ] GC(212) Using 8 workers of 8 for evacuation
[2024-02-07T00:09:38.530+0000][7][gc,age      ] GC(212) Desired survivor size 41943040 bytes, new threshold 15 (max threshold 15)
[2024-02-07T00:09:38.532+0000][7][gc,phases   ] GC(212)   Pre Evacuate Collection Set: 0.1ms
[2024-02-07T00:09:38.532+0000][7][gc,phases   ] GC(212)   Merge Heap Roots: 0.1ms
[2024-02-07T00:09:38.532+0000][7][gc,phases   ] GC(212)   Evacuate Collection Set: 1.1ms
[2024-02-07T00:09:38.532+0000][7][gc,phases   ] GC(212)   Post Evacuate Collection Set: 0.6ms
[2024-02-07T00:09:38.532+0000][7][gc,phases   ] GC(212)   Other: 0.1ms
[2024-02-07T00:09:38.532+0000][7][gc,age      ] GC(212) Age table with threshold 15 (max threshold 15)
[2024-02-07T00:09:38.532+0000][7][gc,age      ] GC(212) - age   1:    2107008 bytes,    2107008 total
[2024-02-07T00:09:38.532+0000][7][gc,age      ] GC(212) - age   2:      12520 bytes,    2119528 total
[2024-02-07T00:09:38.532+0000][7][gc,age      ] GC(212) - age   3:       1688 bytes,    2121216 total
[2024-02-07T00:09:38.532+0000][7][gc,age      ] GC(212) - age   4:     460264 bytes,    2581480 total
[2024-02-07T00:09:38.532+0000][7][gc,age      ] GC(212) - age   6:        472 bytes,    2581952 total
[2024-02-07T00:09:38.532+0000][7][gc,age      ] GC(212) - age   7:        184 bytes,    2582136 total
[2024-02-07T00:09:38.532+0000][7][gc,age      ] GC(212) - age  10:        288 bytes,    2582424 total
[2024-02-07T00:09:38.532+0000][7][gc,age      ] GC(212) - age  11:       2824 bytes,    2585248 total
[2024-02-07T00:09:38.532+0000][7][gc,age      ] GC(212) - age  13:        104 bytes,    2585352 total
[2024-02-07T00:09:38.532+0000][7][gc,age      ] GC(212) - age  14:        200 bytes,    2585552 total
[2024-02-07T00:09:38.532+0000][7][gc,age      ] GC(212) - age  15:      37112 bytes,    2622664 total
[2024-02-07T00:09:38.532+0000][7][gc,heap     ] GC(212) Eden regions: 152->0(152)
[2024-02-07T00:09:38.532+0000][7][gc,heap     ] GC(212) Survivor regions: 1->1(20)
[2024-02-07T00:09:38.532+0000][7][gc,heap     ] GC(212) Old regions: 24->24
[2024-02-07T00:09:38.532+0000][7][gc,heap     ] GC(212) Archive regions: 2->2
[2024-02-07T00:09:38.532+0000][7][gc,heap     ] GC(212) Humongous regions: 0->0
[2024-02-07T00:09:38.532+0000][7][gc,metaspace] GC(212) Metaspace: 127288K(130752K)->127288K(130752K) NonClass: 110712K(112576K)->110712K(112576K) Class: 16576K(18176K)->16576K(18176K)
[2024-02-07T00:09:38.532+0000][7][gc          ] GC(212) Pause Young (Normal) (G1 Evacuation Pause) 706M->98M(1024M) 2.075ms
[2024-02-07T00:09:38.532+0000][7][gc,cpu      ] GC(212) User=0.01s Sys=0.00s Real=0.01s
[2024-02-07T00:09:38.532+0000][7][safepoint   ] Safepoint "G1CollectForAllocation", Time since last: 23066123874 ns, Reaching safepoint: 96947 ns, At safepoint: 2146461 ns, Total: 2243408 ns
[2024-02-07T00:12:53.424+0000][7][gc,start    ] GC(213) Pause Young (Normal) (G1 Evacuation Pause)
[2024-02-07T00:12:53.424+0000][7][gc,task     ] GC(213) Using 8 workers of 8 for evacuation
[2024-02-07T00:12:53.424+0000][7][gc,age      ] GC(213) Desired survivor size 41943040 bytes, new threshold 15 (max threshold 15)
[2024-02-07T00:12:53.427+0000][7][gc,phases   ] GC(213)   Pre Evacuate Collection Set: 0.1ms
[2024-02-07T00:12:53.427+0000][7][gc,phases   ] GC(213)   Merge Heap Roots: 0.1ms
[2024-02-07T00:12:53.427+0000][7][gc,phases   ] GC(213)   Evacuate Collection Set: 1.6ms
[2024-02-07T00:12:53.427+0000][7][gc,phases   ] GC(213)   Post Evacuate Collection Set: 0.8ms
[2024-02-07T00:12:53.427+0000][7][gc,phases   ] GC(213)   Other: 0.1ms
[2024-02-07T00:12:53.427+0000][7][gc,age      ] GC(213) Age table with threshold 15 (max threshold 15)
[2024-02-07T00:12:53.427+0000][7][gc,age      ] GC(213) - age   1:    1548464 bytes,    1548464 total
[2024-02-07T00:12:53.427+0000][7][gc,age      ] GC(213) - age   2:       3464 bytes,    1551928 total
[2024-02-07T00:12:53.427+0000][7][gc,age      ] GC(213) - age   3:      11184 bytes,    1563112 total
[2024-02-07T00:12:53.427+0000][7][gc,age      ] GC(213) - age   4:        848 bytes,    1563960 total
[2024-02-07T00:12:53.427+0000][7][gc,age      ] GC(213) - age   5:     460264 bytes,    2024224 total
[2024-02-07T00:12:53.427+0000][7][gc,age      ] GC(213) - age   7:        440 bytes,    2024664 total
[2024-02-07T00:12:53.427+0000][7][gc,age      ] GC(213) - age   8:        184 bytes,    2024848 total
[2024-02-07T00:12:53.427+0000][7][gc,age      ] GC(213) - age  11:        288 bytes,    2025136 total
[2024-02-07T00:12:53.427+0000][7][gc,age      ] GC(213) - age  12:       2824 bytes,    2027960 total
[2024-02-07T00:12:53.427+0000][7][gc,age      ] GC(213) - age  14:        104 bytes,    2028064 total
[2024-02-07T00:12:53.427+0000][7][gc,age      ] GC(213) - age  15:        200 bytes,    2028264 total
[2024-02-07T00:12:53.427+0000][7][gc,heap     ] GC(213) Eden regions: 152->0(152)
[2024-02-07T00:12:53.427+0000][7][gc,heap     ] GC(213) Survivor regions: 1->1(20)
[2024-02-07T00:12:53.427+0000][7][gc,heap     ] GC(213) Old regions: 24->24
[2024-02-07T00:12:53.427+0000][7][gc,heap     ] GC(213) Archive regions: 2->2
[2024-02-07T00:12:53.427+0000][7][gc,heap     ] GC(213) Humongous regions: 0->0
[2024-02-07T00:12:53.427+0000][7][gc,metaspace] GC(213) Metaspace: 127291K(130752K)->127291K(130752K) NonClass: 110715K(112576K)->110715K(112576K) Class: 16576K(18176K)->16576K(18176K)
[2024-02-07T00:12:53.427+0000][7][gc          ] GC(213) Pause Young (Normal) (G1 Evacuation Pause) 706M->98M(1024M) 2.998ms
[2024-02-07T00:12:53.427+0000][7][gc,cpu      ] GC(213) User=0.01s Sys=0.00s Real=0.00s
[2024-02-07T00:12:53.427+0000][7][safepoint   ] Safepoint "G1CollectForAllocation", Time since last: 194891880307 ns, Reaching safepoint: 59337 ns, At safepoint: 3089007 ns, Total: 3148344 ns
[2024-02-07T00:15:56.551+0000][7][gc,start    ] GC(214) Pause Young (Normal) (G1 Evacuation Pause)
[2024-02-07T00:15:56.551+0000][7][gc,task     ] GC(214) Using 8 workers of 8 for evacuation
[2024-02-07T00:15:56.551+0000][7][gc,age      ] GC(214) Desired survivor size 41943040 bytes, new threshold 15 (max threshold 15)
[2024-02-07T00:15:56.554+0000][7][gc,phases   ] GC(214)   Pre Evacuate Collection Set: 0.2ms
[2024-02-07T00:15:56.554+0000][7][gc,phases   ] GC(214)   Merge Heap Roots: 0.1ms
[2024-02-07T00:15:56.554+0000][7][gc,phases   ] GC(214)   Evacuate Collection Set: 1.3ms
[2024-02-07T00:15:56.554+0000][7][gc,phases   ] GC(214)   Post Evacuate Collection Set: 0.9ms
[2024-02-07T00:15:56.554+0000][7][gc,phases   ] GC(214)   Other: 0.1ms
[2024-02-07T00:15:56.554+0000][7][gc,age      ] GC(214) Age table with threshold 15 (max threshold 15)
[2024-02-07T00:15:56.554+0000][7][gc,age      ] GC(214) - age   1:     998440 bytes,     998440 total
[2024-02-07T00:15:56.554+0000][7][gc,age      ] GC(214) - age   2:       3000 bytes,    1001440 total
[2024-02-07T00:15:56.554+0000][7][gc,age      ] GC(214) - age   3:       1160 bytes,    1002600 total
[2024-02-07T00:15:56.554+0000][7][gc,age      ] GC(214) - age   5:        848 bytes,    1003448 total
[2024-02-07T00:15:56.554+0000][7][gc,age      ] GC(214) - age   6:     410976 bytes,    1414424 total
[2024-02-07T00:15:56.554+0000][7][gc,age      ] GC(214) - age   8:        440 bytes,    1414864 total
[2024-02-07T00:15:56.554+0000][7][gc,age      ] GC(214) - age   9:        184 bytes,    1415048 total
[2024-02-07T00:15:56.554+0000][7][gc,age      ] GC(214) - age  12:        288 bytes,    1415336 total
[2024-02-07T00:15:56.554+0000][7][gc,age      ] GC(214) - age  13:       2824 bytes,    1418160 total
[2024-02-07T00:15:56.554+0000][7][gc,age      ] GC(214) - age  15:        104 bytes,    1418264 total
[2024-02-07T00:15:56.554+0000][7][gc,heap     ] GC(214) Eden regions: 152->0(152)
[2024-02-07T00:15:56.554+0000][7][gc,heap     ] GC(214) Survivor regions: 1->1(20)
[2024-02-07T00:15:56.554+0000][7][gc,heap     ] GC(214) Old regions: 24->24
[2024-02-07T00:15:56.554+0000][7][gc,heap     ] GC(214) Archive regions: 2->2
[2024-02-07T00:15:56.554+0000][7][gc,heap     ] GC(214) Humongous regions: 0->0
[2024-02-07T00:15:56.554+0000][7][gc,metaspace] GC(214) Metaspace: 127291K(130752K)->127291K(130752K) NonClass: 110715K(112576K)->110715K(112576K) Class: 16576K(18176K)->16576K(18176K)
[2024-02-07T00:15:56.554+0000][7][gc          ] GC(214) Pause Young (Normal) (G1 Evacuation Pause) 706M->97M(1024M) 2.914ms
[2024-02-07T00:15:56.554+0000][7][gc,cpu      ] GC(214) User=0.01s Sys=0.01s Real=0.01s
[2024-02-07T00:15:56.554+0000][7][safepoint   ] Safepoint "G1CollectForAllocation", Time since last: 183123817100 ns, Reaching safepoint: 102149 ns, At safepoint: 3023491 ns, Total: 3125640 ns
[2024-02-07T00:19:08.440+0000][7][gc,start    ] GC(215) Pause Young (Normal) (G1 Evacuation Pause)
[2024-02-07T00:19:08.440+0000][7][gc,task     ] GC(215) Using 8 workers of 8 for evacuation
[2024-02-07T00:19:08.440+0000][7][gc,age      ] GC(215) Desired survivor size 41943040 bytes, new threshold 15 (max threshold 15)
[2024-02-07T00:19:08.442+0000][7][gc,phases   ] GC(215)   Pre Evacuate Collection Set: 0.1ms
[2024-02-07T00:19:08.442+0000][7][gc,phases   ] GC(215)   Merge Heap Roots: 0.1ms
[2024-02-07T00:19:08.442+0000][7][gc,phases   ] GC(215)   Evacuate Collection Set: 1.1ms
[2024-02-07T00:19:08.442+0000][7][gc,phases   ] GC(215)   Post Evacuate Collection Set: 0.6ms
[2024-02-07T00:19:08.442+0000][7][gc,phases   ] GC(215)   Other: 0.1ms
[2024-02-07T00:19:08.442+0000][7][gc,age      ] GC(215) Age table with threshold 15 (max threshold 15)
[2024-02-07T00:19:08.442+0000][7][gc,age      ] GC(215) - age   1:    1631320 bytes,    1631320 total
[2024-02-07T00:19:08.442+0000][7][gc,age      ] GC(215) - age   2:       5440 bytes,    1636760 total
[2024-02-07T00:19:08.442+0000][7][gc,age      ] GC(215) - age   3:       1040 bytes,    1637800 total
[2024-02-07T00:19:08.442+0000][7][gc,age      ] GC(215) - age   4:        248 bytes,    1638048 total
[2024-02-07T00:19:08.442+0000][7][gc,age      ] GC(215) - age   6:        664 bytes,    1638712 total
[2024-02-07T00:19:08.442+0000][7][gc,age      ] GC(215) - age   7:     396392 bytes,    2035104 total
[2024-02-07T00:19:08.442+0000][7][gc,age      ] GC(215) - age   9:        440 bytes,    2035544 total
[2024-02-07T00:19:08.442+0000][7][gc,age      ] GC(215) - age  10:        184 bytes,    2035728 total
[2024-02-07T00:19:08.442+0000][7][gc,age      ] GC(215) - age  13:        288 bytes,    2036016 total
[2024-02-07T00:19:08.442+0000][7][gc,age      ] GC(215) - age  14:       2824 bytes,    2038840 total
[2024-02-07T00:19:08.442+0000][7][gc,heap     ] GC(215) Eden regions: 152->0(152)
[2024-02-07T00:19:08.442+0000][7][gc,heap     ] GC(215) Survivor regions: 1->1(20)
[2024-02-07T00:19:08.442+0000][7][gc,heap     ] GC(215) Old regions: 24->24
[2024-02-07T00:19:08.442+0000][7][gc,heap     ] GC(215) Archive regions: 2->2
[2024-02-07T00:19:08.442+0000][7][gc,heap     ] GC(215) Humongous regions: 0->0
[2024-02-07T00:19:08.442+0000][7][gc,metaspace] GC(215) Metaspace: 127291K(130752K)->127291K(130752K) NonClass: 110715K(112576K)->110715K(112576K) Class: 16576K(18176K)->16576K(18176K)
[2024-02-07T00:19:08.442+0000][7][gc          ] GC(215) Pause Young (Normal) (G1 Evacuation Pause) 705M->98M(1024M) 2.092ms
[2024-02-07T00:19:08.442+0000][7][gc,cpu      ] GC(215) User=0.01s Sys=0.00s Real=0.00s
[2024-02-07T00:19:08.442+0000][7][safepoint   ] Safepoint "G1CollectForAllocation", Time since last: 191885818359 ns, Reaching safepoint: 50667 ns, At safepoint: 2161891 ns, Total: 2212558 ns
[2024-02-07T00:20:59.455+0000][7][safepoint   ] Safepoint "Cleanup", Time since last: 111012789988 ns, Reaching safepoint: 83281 ns, At safepoint: 10113 ns, Total: 93394 ns
[2024-02-07T00:22:02.528+0000][7][gc,start    ] GC(216) Pause Young (Normal) (G1 Evacuation Pause)
[2024-02-07T00:22:02.528+0000][7][gc,task     ] GC(216) Using 8 workers of 8 for evacuation
[2024-02-07T00:22:02.528+0000][7][gc,age      ] GC(216) Desired survivor size 41943040 bytes, new threshold 15 (max threshold 15)
[2024-02-07T00:22:02.531+0000][7][gc,phases   ] GC(216)   Pre Evacuate Collection Set: 0.1ms
[2024-02-07T00:22:02.531+0000][7][gc,phases   ] GC(216)   Merge Heap Roots: 0.1ms
[2024-02-07T00:22:02.531+0000][7][gc,phases   ] GC(216)   Evacuate Collection Set: 1.6ms
[2024-02-07T00:22:02.531+0000][7][gc,phases   ] GC(216)   Post Evacuate Collection Set: 0.8ms
[2024-02-07T00:22:02.531+0000][7][gc,phases   ] GC(216)   Other: 0.1ms
[2024-02-07T00:22:02.531+0000][7][gc,age      ] GC(216) Age table with threshold 15 (max threshold 15)
[2024-02-07T00:22:02.531+0000][7][gc,age      ] GC(216) - age   1:    1171560 bytes,    1171560 total
[2024-02-07T00:22:02.531+0000][7][gc,age      ] GC(216) - age   2:      93664 bytes,    1265224 total
[2024-02-07T00:22:02.531+0000][7][gc,age      ] GC(216) - age   3:       4128 bytes,    1269352 total
[2024-02-07T00:22:02.531+0000][7][gc,age      ] GC(216) - age   4:        192 bytes,    1269544 total
[2024-02-07T00:22:02.531+0000][7][gc,age      ] GC(216) - age   5:         64 bytes,    1269608 total
[2024-02-07T00:22:02.531+0000][7][gc,age      ] GC(216) - age   7:        248 bytes,    1269856 total
[2024-02-07T00:22:02.531+0000][7][gc,age      ] GC(216) - age   8:     396392 bytes,    1666248 total
[2024-02-07T00:22:02.531+0000][7][gc,age      ] GC(216) - age  10:        440 bytes,    1666688 total
[2024-02-07T00:22:02.531+0000][7][gc,age      ] GC(216) - age  11:        184 bytes,    1666872 total
[2024-02-07T00:22:02.531+0000][7][gc,age      ] GC(216) - age  14:        288 bytes,    1667160 total
[2024-02-07T00:22:02.531+0000][7][gc,age      ] GC(216) - age  15:       2824 bytes,    1669984 total
[2024-02-07T00:22:02.531+0000][7][gc,heap     ] GC(216) Eden regions: 152->0(152)
[2024-02-07T00:22:02.531+0000][7][gc,heap     ] GC(216) Survivor regions: 1->1(20)
[2024-02-07T00:22:02.531+0000][7][gc,heap     ] GC(216) Old regions: 24->24
[2024-02-07T00:22:02.531+0000][7][gc,heap     ] GC(216) Archive regions: 2->2
[2024-02-07T00:22:02.531+0000][7][gc,heap     ] GC(216) Humongous regions: 0->0
[2024-02-07T00:22:02.531+0000][7][gc,metaspace] GC(216) Metaspace: 127292K(130752K)->127292K(130752K) NonClass: 110716K(112576K)->110716K(112576K) Class: 16576K(18176K)->16576K(18176K)
[2024-02-07T00:22:02.531+0000][7][gc          ] GC(216) Pause Young (Normal) (G1 Evacuation Pause) 706M->98M(1024M) 3.055ms
[2024-02-07T00:22:02.531+0000][7][gc,cpu      ] GC(216) User=0.02s Sys=0.00s Real=0.00s
[2024-02-07T00:22:02.531+0000][7][safepoint   ] Safepoint "G1CollectForAllocation", Time since last: 63072547928 ns, Reaching safepoint: 88181 ns, At safepoint: 3157090 ns, Total: 3245271 ns
[2024-02-07T00:25:05.440+0000][7][gc,start    ] GC(217) Pause Young (Normal) (G1 Evacuation Pause)
[2024-02-07T00:25:05.440+0000][7][gc,task     ] GC(217) Using 8 workers of 8 for evacuation
[2024-02-07T00:25:05.440+0000][7][gc,age      ] GC(217) Desired survivor size 41943040 bytes, new threshold 15 (max threshold 15)
[2024-02-07T00:25:05.442+0000][7][gc,phases   ] GC(217)   Pre Evacuate Collection Set: 0.1ms
[2024-02-07T00:25:05.442+0000][7][gc,phases   ] GC(217)   Merge Heap Roots: 0.1ms
[2024-02-07T00:25:05.442+0000][7][gc,phases   ] GC(217)   Evacuate Collection Set: 0.8ms
[2024-02-07T00:25:05.442+0000][7][gc,phases   ] GC(217)   Post Evacuate Collection Set: 0.6ms
[2024-02-07T00:25:05.442+0000][7][gc,phases   ] GC(217)   Other: 0.1ms
[2024-02-07T00:25:05.442+0000][7][gc,age      ] GC(217) Age table with threshold 15 (max threshold 15)
[2024-02-07T00:25:05.442+0000][7][gc,age      ] GC(217) - age   1:     632984 bytes,     632984 total
[2024-02-07T00:25:05.442+0000][7][gc,age      ] GC(217) - age   2:      97016 bytes,     730000 total
[2024-02-07T00:25:05.442+0000][7][gc,age      ] GC(217) - age   3:      90512 bytes,     820512 total
[2024-02-07T00:25:05.442+0000][7][gc,age      ] GC(217) - age   4:       3816 bytes,     824328 total
[2024-02-07T00:25:05.442+0000][7][gc,age      ] GC(217) - age   8:        248 bytes,     824576 total
[2024-02-07T00:25:05.442+0000][7][gc,age      ] GC(217) - age   9:     396392 bytes,    1220968 total
[2024-02-07T00:25:05.442+0000][7][gc,age      ] GC(217) - age  11:        440 bytes,    1221408 total
[2024-02-07T00:25:05.442+0000][7][gc,age      ] GC(217) - age  12:        184 bytes,    1221592 total
[2024-02-07T00:25:05.442+0000][7][gc,age      ] GC(217) - age  15:        288 bytes,    1221880 total
[2024-02-07T00:25:05.442+0000][7][gc,heap     ] GC(217) Eden regions: 152->0(152)
[2024-02-07T00:25:05.442+0000][7][gc,heap     ] GC(217) Survivor regions: 1->1(20)
[2024-02-07T00:25:05.442+0000][7][gc,heap     ] GC(217) Old regions: 24->24
[2024-02-07T00:25:05.442+0000][7][gc,heap     ] GC(217) Archive regions: 2->2
[2024-02-07T00:25:05.442+0000][7][gc,heap     ] GC(217) Humongous regions: 0->0
[2024-02-07T00:25:05.442+0000][7][gc,metaspace] GC(217) Metaspace: 127292K(130752K)->127292K(130752K) NonClass: 110716K(112576K)->110716K(112576K) Class: 16576K(18176K)->16576K(18176K)
[2024-02-07T00:25:05.442+0000][7][gc          ] GC(217) Pause Young (Normal) (G1 Evacuation Pause) 706M->97M(1024M) 1.889ms
[2024-02-07T00:25:05.442+0000][7][gc,cpu      ] GC(217) User=0.01s Sys=0.00s Real=0.00s
[2024-02-07T00:25:05.442+0000][7][safepoint   ] Safepoint "G1CollectForAllocation", Time since last: 182909204461 ns, Reaching safepoint: 42042 ns, At safepoint: 1965576 ns, Total: 2007618 ns
[2024-02-07T00:27:33.457+0000][7][safepoint   ] Safepoint "Cleanup", Time since last: 148014715015 ns, Reaching safepoint: 118739 ns, At safepoint: 36752 ns, Total: 155491 ns
[2024-02-07T00:27:47.602+0000][7][gc,start    ] GC(218) Pause Young (Normal) (G1 Evacuation Pause)
[2024-02-07T00:27:47.602+0000][7][gc,task     ] GC(218) Using 8 workers of 8 for evacuation
[2024-02-07T00:27:47.602+0000][7][gc,age      ] GC(218) Desired survivor size 41943040 bytes, new threshold 15 (max threshold 15)
[2024-02-07T00:27:47.604+0000][7][gc,phases   ] GC(218)   Pre Evacuate Collection Set: 0.1ms
[2024-02-07T00:27:47.604+0000][7][gc,phases   ] GC(218)   Merge Heap Roots: 0.1ms
[2024-02-07T00:27:47.604+0000][7][gc,phases   ] GC(218)   Evacuate Collection Set: 1.2ms
[2024-02-07T00:27:47.604+0000][7][gc,phases   ] GC(218)   Post Evacuate Collection Set: 0.5ms
[2024-02-07T00:27:47.604+0000][7][gc,phases   ] GC(218)   Other: 0.1ms
[2024-02-07T00:27:47.604+0000][7][gc,age      ] GC(218) Age table with threshold 15 (max threshold 15)
[2024-02-07T00:27:47.604+0000][7][gc,age      ] GC(218) - age   1:    2198944 bytes,    2198944 total
[2024-02-07T00:27:47.604+0000][7][gc,age      ] GC(218) - age   2:      66720 bytes,    2265664 total
[2024-02-07T00:27:47.604+0000][7][gc,age      ] GC(218) - age   3:      94040 bytes,    2359704 total
[2024-02-07T00:27:47.604+0000][7][gc,age      ] GC(218) - age   4:      89880 bytes,    2449584 total
[2024-02-07T00:27:47.604+0000][7][gc,age      ] GC(218) - age   5:        712 bytes,    2450296 total
[2024-02-07T00:27:47.604+0000][7][gc,age      ] GC(218) - age   9:         64 bytes,    2450360 total
[2024-02-07T00:27:47.604+0000][7][gc,age      ] GC(218) - age  10:     396392 bytes,    2846752 total
[2024-02-07T00:27:47.604+0000][7][gc,age      ] GC(218) - age  12:        440 bytes,    2847192 total
[2024-02-07T00:27:47.604+0000][7][gc,age      ] GC(218) - age  13:        184 bytes,    2847376 total
[2024-02-07T00:27:47.604+0000][7][gc,heap     ] GC(218) Eden regions: 152->0(152)
[2024-02-07T00:27:47.604+0000][7][gc,heap     ] GC(218) Survivor regions: 1->1(20)
[2024-02-07T00:27:47.604+0000][7][gc,heap     ] GC(218) Old regions: 24->24
[2024-02-07T00:27:47.604+0000][7][gc,heap     ] GC(218) Archive regions: 2->2
[2024-02-07T00:27:47.604+0000][7][gc,heap     ] GC(218) Humongous regions: 0->0
[2024-02-07T00:27:47.604+0000][7][gc,metaspace] GC(218) Metaspace: 127292K(130752K)->127292K(130752K) NonClass: 110716K(112576K)->110716K(112576K) Class: 16576K(18176K)->16576K(18176K)
[2024-02-07T00:27:47.604+0000][7][gc          ] GC(218) Pause Young (Normal) (G1 Evacuation Pause) 705M->99M(1024M) 2.151ms
[2024-02-07T00:27:47.604+0000][7][gc,cpu      ] GC(218) User=0.01s Sys=0.00s Real=0.00s
[2024-02-07T00:27:47.604+0000][7][safepoint   ] Safepoint "G1CollectForAllocation", Time since last: 14144397491 ns, Reaching safepoint: 47117 ns, At safepoint: 2224998 ns, Total: 2272115 ns
[2024-02-07T00:27:48.604+0000][7][safepoint   ] Safepoint "Cleanup", Time since last: 1000097168 ns, Reaching safepoint: 87878 ns, At safepoint: 10934 ns, Total: 98812 ns
[2024-02-07T00:30:14.451+0000][7][gc,start    ] GC(219) Pause Young (Normal) (G1 Evacuation Pause)
[2024-02-07T00:30:14.451+0000][7][gc,task     ] GC(219) Using 8 workers of 8 for evacuation
[2024-02-07T00:30:14.451+0000][7][gc,age      ] GC(219) Desired survivor size 41943040 bytes, new threshold 15 (max threshold 15)
[2024-02-07T00:30:14.454+0000][7][gc,phases   ] GC(219)   Pre Evacuate Collection Set: 0.1ms
[2024-02-07T00:30:14.454+0000][7][gc,phases   ] GC(219)   Merge Heap Roots: 0.1ms
[2024-02-07T00:30:14.454+0000][7][gc,phases   ] GC(219)   Evacuate Collection Set: 1.9ms
[2024-02-07T00:30:14.454+0000][7][gc,phases   ] GC(219)   Post Evacuate Collection Set: 0.9ms
[2024-02-07T00:30:14.454+0000][7][gc,phases   ] GC(219)   Other: 0.1ms
[2024-02-07T00:30:14.454+0000][7][gc,age      ] GC(219) Age table with threshold 15 (max threshold 15)
[2024-02-07T00:30:14.454+0000][7][gc,age      ] GC(219) - age   1:    1407176 bytes,    1407176 total
[2024-02-07T00:30:14.454+0000][7][gc,age      ] GC(219) - age   2:      14400 bytes,    1421576 total
[2024-02-07T00:30:14.454+0000][7][gc,age      ] GC(219) - age   3:      64696 bytes,    1486272 total
[2024-02-07T00:30:14.455+0000][7][gc,age      ] GC(219) - age   4:      93976 bytes,    1580248 total
[2024-02-07T00:30:14.455+0000][7][gc,age      ] GC(219) - age   5:      89880 bytes,    1670128 total
[2024-02-07T00:30:14.455+0000][7][gc,age      ] GC(219) - age   6:        320 bytes,    1670448 total
[2024-02-07T00:30:14.455+0000][7][gc,age      ] GC(219) - age  10:         64 bytes,    1670512 total
[2024-02-07T00:30:14.455+0000][7][gc,age      ] GC(219) - age  11:     396392 bytes,    2066904 total
[2024-02-07T00:30:14.455+0000][7][gc,age      ] GC(219) - age  13:        440 bytes,    2067344 total
[2024-02-07T00:30:14.455+0000][7][gc,age      ] GC(219) - age  14:        184 bytes,    2067528 total
[2024-02-07T00:30:14.455+0000][7][gc,heap     ] GC(219) Eden regions: 152->0(152)
[2024-02-07T00:30:14.455+0000][7][gc,heap     ] GC(219) Survivor regions: 1->1(20)
[2024-02-07T00:30:14.455+0000][7][gc,heap     ] GC(219) Old regions: 24->24
[2024-02-07T00:30:14.455+0000][7][gc,heap     ] GC(219) Archive regions: 2->2
[2024-02-07T00:30:14.455+0000][7][gc,heap     ] GC(219) Humongous regions: 0->0
[2024-02-07T00:30:14.455+0000][7][gc,metaspace] GC(219) Metaspace: 127292K(130752K)->127292K(130752K) NonClass: 110716K(112576K)->110716K(112576K) Class: 16576K(18176K)->16576K(18176K)
[2024-02-07T00:30:14.455+0000][7][gc          ] GC(219) Pause Young (Normal) (G1 Evacuation Pause) 707M->98M(1024M) 3.434ms
[2024-02-07T00:30:14.455+0000][7][gc,cpu      ] GC(219) User=0.01s Sys=0.00s Real=0.01s
[2024-02-07T00:30:14.455+0000][7][safepoint   ] Safepoint "G1CollectForAllocation", Time since last: 145847156541 ns, Reaching safepoint: 76010 ns, At safepoint: 3538147 ns, Total: 3614157 ns
[2024-02-07T00:30:59.459+0000][7][safepoint   ] Safepoint "Cleanup", Time since last: 45004503397 ns, Reaching safepoint: 142686 ns, At safepoint: 21346 ns, Total: 164032 ns
[2024-02-07T00:32:47.503+0000][7][gc,start    ] GC(220) Pause Young (Normal) (G1 Evacuation Pause)
[2024-02-07T00:32:47.503+0000][7][gc,task     ] GC(220) Using 8 workers of 8 for evacuation
[2024-02-07T00:32:47.503+0000][7][gc,age      ] GC(220) Desired survivor size 41943040 bytes, new threshold 15 (max threshold 15)
[2024-02-07T00:32:47.506+0000][7][gc,phases   ] GC(220)   Pre Evacuate Collection Set: 0.1ms
[2024-02-07T00:32:47.506+0000][7][gc,phases   ] GC(220)   Merge Heap Roots: 0.1ms
[2024-02-07T00:32:47.506+0000][7][gc,phases   ] GC(220)   Evacuate Collection Set: 1.5ms
[2024-02-07T00:32:47.506+0000][7][gc,phases   ] GC(220)   Post Evacuate Collection Set: 0.7ms
[2024-02-07T00:32:47.506+0000][7][gc,phases   ] GC(220)   Other: 0.1ms
[2024-02-07T00:32:47.506+0000][7][gc,age      ] GC(220) Age table with threshold 15 (max threshold 15)
[2024-02-07T00:32:47.506+0000][7][gc,age      ] GC(220) - age   1:    1684880 bytes,    1684880 total
[2024-02-07T00:32:47.506+0000][7][gc,age      ] GC(220) - age   2:       3448 bytes,    1688328 total
[2024-02-07T00:32:47.506+0000][7][gc,age      ] GC(220) - age   3:       3880 bytes,    1692208 total
[2024-02-07T00:32:47.506+0000][7][gc,age      ] GC(220) - age   4:      64696 bytes,    1756904 total
[2024-02-07T00:32:47.506+0000][7][gc,age      ] GC(220) - age   5:      92936 bytes,    1849840 total
[2024-02-07T00:32:47.506+0000][7][gc,age      ] GC(220) - age   6:      89696 bytes,    1939536 total
[2024-02-07T00:32:47.506+0000][7][gc,age      ] GC(220) - age   7:        320 bytes,    1939856 total
[2024-02-07T00:32:47.506+0000][7][gc,age      ] GC(220) - age  11:         64 bytes,    1939920 total
[2024-02-07T00:32:47.506+0000][7][gc,age      ] GC(220) - age  12:     396392 bytes,    2336312 total
[2024-02-07T00:32:47.506+0000][7][gc,age      ] GC(220) - age  14:        440 bytes,    2336752 total
[2024-02-07T00:32:47.506+0000][7][gc,age      ] GC(220) - age  15:        184 bytes,    2336936 total
[2024-02-07T00:32:47.506+0000][7][gc,heap     ] GC(220) Eden regions: 152->0(152)
[2024-02-07T00:32:47.506+0000][7][gc,heap     ] GC(220) Survivor regions: 1->1(20)
[2024-02-07T00:32:47.506+0000][7][gc,heap     ] GC(220) Old regions: 24->24
[2024-02-07T00:32:47.506+0000][7][gc,heap     ] GC(220) Archive regions: 2->2
[2024-02-07T00:32:47.506+0000][7][gc,heap     ] GC(220) Humongous regions: 0->0
[2024-02-07T00:32:47.506+0000][7][gc,metaspace] GC(220) Metaspace: 127295K(130752K)->127295K(130752K) NonClass: 110719K(112576K)->110719K(112576K) Class: 16576K(18176K)->16576K(18176K)
[2024-02-07T00:32:47.506+0000][7][gc          ] GC(220) Pause Young (Normal) (G1 Evacuation Pause) 706M->98M(1024M) 2.731ms
[2024-02-07T00:32:47.506+0000][7][gc,cpu      ] GC(220) User=0.01s Sys=0.00s Real=0.00s
[2024-02-07T00:32:47.506+0000][7][safepoint   ] Safepoint "G1CollectForAllocation", Time since last: 108043920039 ns, Reaching safepoint: 35891 ns, At safepoint: 2831863 ns, Total: 2867754 ns
[2024-02-07T00:35:44.612+0000][7][gc,start    ] GC(221) Pause Young (Normal) (G1 Evacuation Pause)
[2024-02-07T00:35:44.612+0000][7][gc,task     ] GC(221) Using 8 workers of 8 for evacuation
[2024-02-07T00:35:44.612+0000][7][gc,age      ] GC(221) Desired survivor size 41943040 bytes, new threshold 15 (max threshold 15)
[2024-02-07T00:35:44.615+0000][7][gc,phases   ] GC(221)   Pre Evacuate Collection Set: 0.2ms
[2024-02-07T00:35:44.615+0000][7][gc,phases   ] GC(221)   Merge Heap Roots: 0.1ms
[2024-02-07T00:35:44.615+0000][7][gc,phases   ] GC(221)   Evacuate Collection Set: 1.8ms
[2024-02-07T00:35:44.615+0000][7][gc,phases   ] GC(221)   Post Evacuate Collection Set: 1.0ms
[2024-02-07T00:35:44.615+0000][7][gc,phases   ] GC(221)   Other: 0.1ms
[2024-02-07T00:35:44.615+0000][7][gc,age      ] GC(221) Age table with threshold 15 (max threshold 15)
[2024-02-07T00:35:44.615+0000][7][gc,age      ] GC(221) - age   1:    1453368 bytes,    1453368 total
[2024-02-07T00:35:44.615+0000][7][gc,age      ] GC(221) - age   2:       4336 bytes,    1457704 total
[2024-02-07T00:35:44.615+0000][7][gc,age      ] GC(221) - age   3:       1408 bytes,    1459112 total
[2024-02-07T00:35:44.615+0000][7][gc,age      ] GC(221) - age   4:        592 bytes,    1459704 total
[2024-02-07T00:35:44.615+0000][7][gc,age      ] GC(221) - age   5:      64312 bytes,    1524016 total
[2024-02-07T00:35:44.615+0000][7][gc,age      ] GC(221) - age   6:      92872 bytes,    1616888 total
[2024-02-07T00:35:44.615+0000][7][gc,age      ] GC(221) - age   7:      89696 bytes,    1706584 total
[2024-02-07T00:35:44.615+0000][7][gc,age      ] GC(221) - age   8:        320 bytes,    1706904 total
[2024-02-07T00:35:44.615+0000][7][gc,age      ] GC(221) - age  12:         64 bytes,    1706968 total
[2024-02-07T00:35:44.615+0000][7][gc,age      ] GC(221) - age  13:     396392 bytes,    2103360 total
[2024-02-07T00:35:44.615+0000][7][gc,age      ] GC(221) - age  15:        440 bytes,    2103800 total
[2024-02-07T00:35:44.615+0000][7][gc,heap     ] GC(221) Eden regions: 152->0(152)
[2024-02-07T00:35:44.615+0000][7][gc,heap     ] GC(221) Survivor regions: 1->1(20)
[2024-02-07T00:35:44.615+0000][7][gc,heap     ] GC(221) Old regions: 24->24
[2024-02-07T00:35:44.615+0000][7][gc,heap     ] GC(221) Archive regions: 2->2
[2024-02-07T00:35:44.615+0000][7][gc,heap     ] GC(221) Humongous regions: 0->0
[2024-02-07T00:35:44.615+0000][7][gc,metaspace] GC(221) Metaspace: 127295K(130752K)->127295K(130752K) NonClass: 110719K(112576K)->110719K(112576K) Class: 16576K(18176K)->16576K(18176K)
[2024-02-07T00:35:44.615+0000][7][gc          ] GC(221) Pause Young (Normal) (G1 Evacuation Pause) 706M->98M(1024M) 3.526ms
[2024-02-07T00:35:44.615+0000][7][gc,cpu      ] GC(221) User=0.02s Sys=0.00s Real=0.00s
[2024-02-07T00:35:44.616+0000][7][safepoint   ] Safepoint "G1CollectForAllocation", Time since last: 177105679069 ns, Reaching safepoint: 61643 ns, At safepoint: 3639523 ns, Total: 3701166 ns
[2024-02-07T00:37:15.627+0000][7][safepoint   ] Safepoint "Cleanup", Time since last: 91011146965 ns, Reaching safepoint: 120988 ns, At safepoint: 15039 ns, Total: 136027 ns
[2024-02-07T00:38:47.001+0000][7][gc,start    ] GC(222) Pause Young (Normal) (G1 Evacuation Pause)
[2024-02-07T00:38:47.001+0000][7][gc,task     ] GC(222) Using 8 workers of 8 for evacuation
[2024-02-07T00:38:47.001+0000][7][gc,age      ] GC(222) Desired survivor size 41943040 bytes, new threshold 15 (max threshold 15)
[2024-02-07T00:38:47.003+0000][7][gc,phases   ] GC(222)   Pre Evacuate Collection Set: 0.1ms
[2024-02-07T00:38:47.003+0000][7][gc,phases   ] GC(222)   Merge Heap Roots: 0.1ms
[2024-02-07T00:38:47.003+0000][7][gc,phases   ] GC(222)   Evacuate Collection Set: 1.2ms
[2024-02-07T00:38:47.003+0000][7][gc,phases   ] GC(222)   Post Evacuate Collection Set: 0.9ms
[2024-02-07T00:38:47.003+0000][7][gc,phases   ] GC(222)   Other: 0.1ms
[2024-02-07T00:38:47.003+0000][7][gc,age      ] GC(222) Age table with threshold 15 (max threshold 15)
[2024-02-07T00:38:47.003+0000][7][gc,age      ] GC(222) - age   1:     526408 bytes,     526408 total
[2024-02-07T00:38:47.003+0000][7][gc,age      ] GC(222) - age   2:       5968 bytes,     532376 total
[2024-02-07T00:38:47.003+0000][7][gc,age      ] GC(222) - age   3:       1392 bytes,     533768 total
[2024-02-07T00:38:47.003+0000][7][gc,age      ] GC(222) - age   4:        496 bytes,     534264 total
[2024-02-07T00:38:47.003+0000][7][gc,age      ] GC(222) - age   5:        336 bytes,     534600 total
[2024-02-07T00:38:47.003+0000][7][gc,age      ] GC(222) - age   6:      64128 bytes,     598728 total
[2024-02-07T00:38:47.003+0000][7][gc,age      ] GC(222) - age   7:      92872 bytes,     691600 total
[2024-02-07T00:38:47.003+0000][7][gc,age      ] GC(222) - age   8:      89696 bytes,     781296 total
[2024-02-07T00:38:47.003+0000][7][gc,age      ] GC(222) - age   9:        320 bytes,     781616 total
[2024-02-07T00:38:47.003+0000][7][gc,age      ] GC(222) - age  13:         64 bytes,     781680 total
[2024-02-07T00:38:47.003+0000][7][gc,age      ] GC(222) - age  14:     396392 bytes,    1178072 total
[2024-02-07T00:38:47.003+0000][7][gc,heap     ] GC(222) Eden regions: 152->0(152)
[2024-02-07T00:38:47.003+0000][7][gc,heap     ] GC(222) Survivor regions: 1->1(20)
[2024-02-07T00:38:47.003+0000][7][gc,heap     ] GC(222) Old regions: 24->24
[2024-02-07T00:38:47.003+0000][7][gc,heap     ] GC(222) Archive regions: 2->2
[2024-02-07T00:38:47.003+0000][7][gc,heap     ] GC(222) Humongous regions: 0->0
[2024-02-07T00:38:47.003+0000][7][gc,metaspace] GC(222) Metaspace: 127295K(130752K)->127295K(130752K) NonClass: 110719K(112576K)->110719K(112576K) Class: 16576K(18176K)->16576K(18176K)
[2024-02-07T00:38:47.003+0000][7][gc          ] GC(222) Pause Young (Normal) (G1 Evacuation Pause) 706M->97M(1024M) 2.683ms
[2024-02-07T00:38:47.003+0000][7][gc,cpu      ] GC(222) User=0.01s Sys=0.00s Real=0.00s
[2024-02-07T00:38:47.003+0000][7][safepoint   ] Safepoint "G1CollectForAllocation", Time since last: 91373655686 ns, Reaching safepoint: 75484 ns, At safepoint: 2805286 ns, Total: 2880770 ns
[2024-02-07T00:41:50.573+0000][7][gc,start    ] GC(223) Pause Young (Normal) (G1 Evacuation Pause)
[2024-02-07T00:41:50.573+0000][7][gc,task     ] GC(223) Using 8 workers of 8 for evacuation
[2024-02-07T00:41:50.573+0000][7][gc,age      ] GC(223) Desired survivor size 41943040 bytes, new threshold 15 (max threshold 15)
[2024-02-07T00:41:50.575+0000][7][gc,phases   ] GC(223)   Pre Evacuate Collection Set: 0.1ms
[2024-02-07T00:41:50.575+0000][7][gc,phases   ] GC(223)   Merge Heap Roots: 0.1ms
[2024-02-07T00:41:50.575+0000][7][gc,phases   ] GC(223)   Evacuate Collection Set: 1.5ms
[2024-02-07T00:41:50.575+0000][7][gc,phases   ] GC(223)   Post Evacuate Collection Set: 0.7ms
[2024-02-07T00:41:50.575+0000][7][gc,phases   ] GC(223)   Other: 0.1ms
[2024-02-07T00:41:50.575+0000][7][gc,age      ] GC(223) Age table with threshold 15 (max threshold 15)
[2024-02-07T00:41:50.575+0000][7][gc,age      ] GC(223) - age   1:    1861816 bytes,    1861816 total
[2024-02-07T00:41:50.575+0000][7][gc,age      ] GC(223) - age   2:       1208 bytes,    1863024 total
[2024-02-07T00:41:50.575+0000][7][gc,age      ] GC(223) - age   3:       3512 bytes,    1866536 total
[2024-02-07T00:41:50.575+0000][7][gc,age      ] GC(223) - age   4:        280 bytes,    1866816 total
[2024-02-07T00:41:50.575+0000][7][gc,age      ] GC(223) - age   5:        496 bytes,    1867312 total
[2024-02-07T00:41:50.575+0000][7][gc,age      ] GC(223) - age   6:        152 bytes,    1867464 total
[2024-02-07T00:41:50.575+0000][7][gc,age      ] GC(223) - age   7:      64128 bytes,    1931592 total
[2024-02-07T00:41:50.575+0000][7][gc,age      ] GC(223) - age   8:      92456 bytes,    2024048 total
[2024-02-07T00:41:50.575+0000][7][gc,age      ] GC(223) - age   9:      89696 bytes,    2113744 total
[2024-02-07T00:41:50.575+0000][7][gc,age      ] GC(223) - age  10:        296 bytes,    2114040 total
[2024-02-07T00:41:50.575+0000][7][gc,age      ] GC(223) - age  14:         64 bytes,    2114104 total
[2024-02-07T00:41:50.575+0000][7][gc,age      ] GC(223) - age  15:     396392 bytes,    2510496 total
[2024-02-07T00:41:50.575+0000][7][gc,heap     ] GC(223) Eden regions: 152->0(152)
[2024-02-07T00:41:50.575+0000][7][gc,heap     ] GC(223) Survivor regions: 1->1(20)
[2024-02-07T00:41:50.575+0000][7][gc,heap     ] GC(223) Old regions: 24->24
[2024-02-07T00:41:50.575+0000][7][gc,heap     ] GC(223) Archive regions: 2->2
[2024-02-07T00:41:50.575+0000][7][gc,heap     ] GC(223) Humongous regions: 0->0
[2024-02-07T00:41:50.575+0000][7][gc,metaspace] GC(223) Metaspace: 127296K(130752K)->127296K(130752K) NonClass: 110720K(112576K)->110720K(112576K) Class: 16576K(18176K)->16576K(18176K)
[2024-02-07T00:41:50.575+0000][7][gc          ] GC(223) Pause Young (Normal) (G1 Evacuation Pause) 705M->98M(1024M) 2.659ms
[2024-02-07T00:41:50.575+0000][7][gc,cpu      ] GC(223) User=0.01s Sys=0.00s Real=0.00s
[2024-02-07T00:41:50.575+0000][7][safepoint   ] Safepoint "G1CollectForAllocation", Time since last: 183569087170 ns, Reaching safepoint: 71595 ns, At safepoint: 2743606 ns, Total: 2815201 ns
[2024-02-07T00:44:35.531+0000][7][gc,start    ] GC(224) Pause Young (Normal) (G1 Evacuation Pause)
[2024-02-07T00:44:35.531+0000][7][gc,task     ] GC(224) Using 8 workers of 8 for evacuation
[2024-02-07T00:44:35.531+0000][7][gc,age      ] GC(224) Desired survivor size 41943040 bytes, new threshold 15 (max threshold 15)
[2024-02-07T00:44:35.534+0000][7][gc,phases   ] GC(224)   Pre Evacuate Collection Set: 0.2ms
[2024-02-07T00:44:35.534+0000][7][gc,phases   ] GC(224)   Merge Heap Roots: 0.1ms
[2024-02-07T00:44:35.534+0000][7][gc,phases   ] GC(224)   Evacuate Collection Set: 1.9ms
[2024-02-07T00:44:35.534+0000][7][gc,phases   ] GC(224)   Post Evacuate Collection Set: 0.7ms
[2024-02-07T00:44:35.534+0000][7][gc,phases   ] GC(224)   Other: 0.1ms
[2024-02-07T00:44:35.534+0000][7][gc,age      ] GC(224) Age table with threshold 15 (max threshold 15)
[2024-02-07T00:44:35.534+0000][7][gc,age      ] GC(224) - age   1:    2060176 bytes,    2060176 total
[2024-02-07T00:44:35.534+0000][7][gc,age      ] GC(224) - age   2:      12464 bytes,    2072640 total
[2024-02-07T00:44:35.534+0000][7][gc,age      ] GC(224) - age   3:        248 bytes,    2072888 total
[2024-02-07T00:44:35.534+0000][7][gc,age      ] GC(224) - age   4:       3072 bytes,    2075960 total
[2024-02-07T00:44:35.534+0000][7][gc,age      ] GC(224) - age   5:        216 bytes,    2076176 total
[2024-02-07T00:44:35.534+0000][7][gc,age      ] GC(224) - age   6:        496 bytes,    2076672 total
[2024-02-07T00:44:35.534+0000][7][gc,age      ] GC(224) - age   7:        152 bytes,    2076824 total
[2024-02-07T00:44:35.534+0000][7][gc,age      ] GC(224) - age   8:      64128 bytes,    2140952 total
[2024-02-07T00:44:35.534+0000][7][gc,age      ] GC(224) - age   9:      92456 bytes,    2233408 total
[2024-02-07T00:44:35.534+0000][7][gc,age      ] GC(224) - age  10:      89696 bytes,    2323104 total
[2024-02-07T00:44:35.534+0000][7][gc,age      ] GC(224) - age  11:        296 bytes,    2323400 total
[2024-02-07T00:44:35.534+0000][7][gc,age      ] GC(224) - age  15:         64 bytes,    2323464 total
[2024-02-07T00:44:35.534+0000][7][gc,heap     ] GC(224) Eden regions: 152->0(152)
[2024-02-07T00:44:35.534+0000][7][gc,heap     ] GC(224) Survivor regions: 1->1(20)
[2024-02-07T00:44:35.534+0000][7][gc,heap     ] GC(224) Old regions: 24->24
[2024-02-07T00:44:35.534+0000][7][gc,heap     ] GC(224) Archive regions: 2->2
[2024-02-07T00:44:35.534+0000][7][gc,heap     ] GC(224) Humongous regions: 0->0
[2024-02-07T00:44:35.534+0000][7][gc,metaspace] GC(224) Metaspace: 127296K(130752K)->127296K(130752K) NonClass: 110720K(112576K)->110720K(112576K) Class: 16576K(18176K)->16576K(18176K)
[2024-02-07T00:44:35.534+0000][7][gc          ] GC(224) Pause Young (Normal) (G1 Evacuation Pause) 706M->99M(1024M) 3.305ms
[2024-02-07T00:44:35.535+0000][7][gc,cpu      ] GC(224) User=0.02s Sys=0.00s Real=0.01s
[2024-02-07T00:44:35.535+0000][7][safepoint   ] Safepoint "G1CollectForAllocation", Time since last: 164955743768 ns, Reaching safepoint: 133331 ns, At safepoint: 3419333 ns, Total: 3552664 ns
[2024-02-07T00:47:29.563+0000][7][gc,start    ] GC(225) Pause Young (Normal) (G1 Evacuation Pause)
[2024-02-07T00:47:29.563+0000][7][gc,task     ] GC(225) Using 8 workers of 8 for evacuation
[2024-02-07T00:47:29.563+0000][7][gc,age      ] GC(225) Desired survivor size 41943040 bytes, new threshold 15 (max threshold 15)
[2024-02-07T00:47:29.565+0000][7][gc,phases   ] GC(225)   Pre Evacuate Collection Set: 0.1ms
[2024-02-07T00:47:29.565+0000][7][gc,phases   ] GC(225)   Merge Heap Roots: 0.1ms
[2024-02-07T00:47:29.565+0000][7][gc,phases   ] GC(225)   Evacuate Collection Set: 1.2ms
[2024-02-07T00:47:29.565+0000][7][gc,phases   ] GC(225)   Post Evacuate Collection Set: 0.9ms
[2024-02-07T00:47:29.565+0000][7][gc,phases   ] GC(225)   Other: 0.1ms
[2024-02-07T00:47:29.565+0000][7][gc,age      ] GC(225) Age table with threshold 15 (max threshold 15)
[2024-02-07T00:47:29.565+0000][7][gc,age      ] GC(225) - age   1:    1271320 bytes,    1271320 total
[2024-02-07T00:47:29.565+0000][7][gc,age      ] GC(225) - age   2:       3648 bytes,    1274968 total
[2024-02-07T00:47:29.565+0000][7][gc,age      ] GC(225) - age   3:      10048 bytes,    1285016 total
[2024-02-07T00:47:29.565+0000][7][gc,age      ] GC(225) - age   4:        248 bytes,    1285264 total
[2024-02-07T00:47:29.565+0000][7][gc,age      ] GC(225) - age   6:         32 bytes,    1285296 total
[2024-02-07T00:47:29.565+0000][7][gc,age      ] GC(225) - age   7:        104 bytes,    1285400 total
[2024-02-07T00:47:29.565+0000][7][gc,age      ] GC(225) - age   8:        120 bytes,    1285520 total
[2024-02-07T00:47:29.565+0000][7][gc,age      ] GC(225) - age   9:      64128 bytes,    1349648 total
[2024-02-07T00:47:29.565+0000][7][gc,age      ] GC(225) - age  10:      92456 bytes,    1442104 total
[2024-02-07T00:47:29.565+0000][7][gc,age      ] GC(225) - age  11:      89696 bytes,    1531800 total
[2024-02-07T00:47:29.565+0000][7][gc,age      ] GC(225) - age  12:        296 bytes,    1532096 total
[2024-02-07T00:47:29.565+0000][7][gc,heap     ] GC(225) Eden regions: 152->0(152)
[2024-02-07T00:47:29.566+0000][7][gc,heap     ] GC(225) Survivor regions: 1->1(20)
[2024-02-07T00:47:29.566+0000][7][gc,heap     ] GC(225) Old regions: 24->24
[2024-02-07T00:47:29.566+0000][7][gc,heap     ] GC(225) Archive regions: 2->2
[2024-02-07T00:47:29.566+0000][7][gc,heap     ] GC(225) Humongous regions: 0->0
[2024-02-07T00:47:29.566+0000][7][gc,metaspace] GC(225) Metaspace: 127296K(130752K)->127296K(130752K) NonClass: 110720K(112576K)->110720K(112576K) Class: 16576K(18176K)->16576K(18176K)
[2024-02-07T00:47:29.566+0000][7][gc          ] GC(225) Pause Young (Normal) (G1 Evacuation Pause) 707M->98M(1024M) 2.793ms
[2024-02-07T00:47:29.566+0000][7][gc,cpu      ] GC(225) User=0.02s Sys=0.00s Real=0.00s
[2024-02-07T00:47:29.566+0000][7][safepoint   ] Safepoint "G1CollectForAllocation", Time since last: 174028139521 ns, Reaching safepoint: 82602 ns, At safepoint: 2899471 ns, Total: 2982073 ns
[2024-02-07T00:50:18.321+0000][7][gc,start    ] GC(226) Pause Young (Normal) (G1 Evacuation Pause)
[2024-02-07T00:50:18.321+0000][7][gc,task     ] GC(226) Using 8 workers of 8 for evacuation
[2024-02-07T00:50:18.321+0000][7][gc,age      ] GC(226) Desired survivor size 41943040 bytes, new threshold 15 (max threshold 15)
[2024-02-07T00:50:18.323+0000][7][gc,phases   ] GC(226)   Pre Evacuate Collection Set: 0.1ms
[2024-02-07T00:50:18.323+0000][7][gc,phases   ] GC(226)   Merge Heap Roots: 0.1ms
[2024-02-07T00:50:18.323+0000][7][gc,phases   ] GC(226)   Evacuate Collection Set: 1.2ms
[2024-02-07T00:50:18.323+0000][7][gc,phases   ] GC(226)   Post Evacuate Collection Set: 0.6ms
[2024-02-07T00:50:18.323+0000][7][gc,phases   ] GC(226)   Other: 0.1ms
[2024-02-07T00:50:18.323+0000][7][gc,age      ] GC(226) Age table with threshold 15 (max threshold 15)
[2024-02-07T00:50:18.323+0000][7][gc,age      ] GC(226) - age   1:    1074512 bytes,    1074512 total
[2024-02-07T00:50:18.323+0000][7][gc,age      ] GC(226) - age   2:       6696 bytes,    1081208 total
[2024-02-07T00:50:18.323+0000][7][gc,age      ] GC(226) - age   3:        152 bytes,    1081360 total
[2024-02-07T00:50:18.323+0000][7][gc,age      ] GC(226) - age   4:       9512 bytes,    1090872 total
[2024-02-07T00:50:18.323+0000][7][gc,age      ] GC(226) - age   5:        184 bytes,    1091056 total
[2024-02-07T00:50:18.323+0000][7][gc,age      ] GC(226) - age   7:         32 bytes,    1091088 total
[2024-02-07T00:50:18.323+0000][7][gc,age      ] GC(226) - age   8:        104 bytes,    1091192 total
[2024-02-07T00:50:18.323+0000][7][gc,age      ] GC(226) - age   9:        120 bytes,    1091312 total
[2024-02-07T00:50:18.323+0000][7][gc,age      ] GC(226) - age  10:      64128 bytes,    1155440 total
[2024-02-07T00:50:18.323+0000][7][gc,age      ] GC(226) - age  11:      92456 bytes,    1247896 total
[2024-02-07T00:50:18.323+0000][7][gc,age      ] GC(226) - age  12:      89696 bytes,    1337592 total
[2024-02-07T00:50:18.323+0000][7][gc,age      ] GC(226) - age  13:        296 bytes,    1337888 total
[2024-02-07T00:50:18.323+0000][7][gc,heap     ] GC(226) Eden regions: 152->0(152)
[2024-02-07T00:50:18.323+0000][7][gc,heap     ] GC(226) Survivor regions: 1->1(20)
[2024-02-07T00:50:18.323+0000][7][gc,heap     ] GC(226) Old regions: 24->24
[2024-02-07T00:50:18.323+0000][7][gc,heap     ] GC(226) Archive regions: 2->2
[2024-02-07T00:50:18.323+0000][7][gc,heap     ] GC(226) Humongous regions: 0->0
[2024-02-07T00:50:18.323+0000][7][gc,metaspace] GC(226) Metaspace: 127296K(130752K)->127296K(130752K) NonClass: 110720K(112576K)->110720K(112576K) Class: 16576K(18176K)->16576K(18176K)
[2024-02-07T00:50:18.323+0000][7][gc          ] GC(226) Pause Young (Normal) (G1 Evacuation Pause) 706M->98M(1024M) 2.268ms
[2024-02-07T00:50:18.323+0000][7][gc,cpu      ] GC(226) User=0.01s Sys=0.00s Real=0.00s
[2024-02-07T00:50:18.323+0000][7][safepoint   ] Safepoint "G1CollectForAllocation", Time since last: 168754828949 ns, Reaching safepoint: 47413 ns, At safepoint: 2374576 ns, Total: 2421989 ns
[2024-02-07T00:52:44.578+0000][7][gc,start    ] GC(227) Pause Young (Normal) (G1 Evacuation Pause)
[2024-02-07T00:52:44.578+0000][7][gc,task     ] GC(227) Using 8 workers of 8 for evacuation
[2024-02-07T00:52:44.578+0000][7][gc,age      ] GC(227) Desired survivor size 41943040 bytes, new threshold 15 (max threshold 15)
[2024-02-07T00:52:44.581+0000][7][gc,phases   ] GC(227)   Pre Evacuate Collection Set: 0.1ms
[2024-02-07T00:52:44.581+0000][7][gc,phases   ] GC(227)   Merge Heap Roots: 0.1ms
[2024-02-07T00:52:44.581+0000][7][gc,phases   ] GC(227)   Evacuate Collection Set: 1.5ms
[2024-02-07T00:52:44.581+0000][7][gc,phases   ] GC(227)   Post Evacuate Collection Set: 0.7ms
[2024-02-07T00:52:44.581+0000][7][gc,phases   ] GC(227)   Other: 0.1ms
[2024-02-07T00:52:44.581+0000][7][gc,age      ] GC(227) Age table with threshold 15 (max threshold 15)
[2024-02-07T00:52:44.581+0000][7][gc,age      ] GC(227) - age   1:    1551016 bytes,    1551016 total
[2024-02-07T00:52:44.581+0000][7][gc,age      ] GC(227) - age   2:       2768 bytes,    1553784 total
[2024-02-07T00:52:44.581+0000][7][gc,age      ] GC(227) - age   3:       5640 bytes,    1559424 total
[2024-02-07T00:52:44.581+0000][7][gc,age      ] GC(227) - age   4:         88 bytes,    1559512 total
[2024-02-07T00:52:44.581+0000][7][gc,age      ] GC(227) - age   5:       8800 bytes,    1568312 total
[2024-02-07T00:52:44.581+0000][7][gc,age      ] GC(227) - age   6:        184 bytes,    1568496 total
[2024-02-07T00:52:44.581+0000][7][gc,age      ] GC(227) - age   9:        104 bytes,    1568600 total
[2024-02-07T00:52:44.581+0000][7][gc,age      ] GC(227) - age  10:        120 bytes,    1568720 total
[2024-02-07T00:52:44.581+0000][7][gc,age      ] GC(227) - age  11:      64128 bytes,    1632848 total
[2024-02-07T00:52:44.581+0000][7][gc,age      ] GC(227) - age  12:      92272 bytes,    1725120 total
[2024-02-07T00:52:44.581+0000][7][gc,age      ] GC(227) - age  13:      89696 bytes,    1814816 total
[2024-02-07T00:52:44.581+0000][7][gc,age      ] GC(227) - age  14:        296 bytes,    1815112 total
[2024-02-07T00:52:44.581+0000][7][gc,heap     ] GC(227) Eden regions: 152->0(152)
[2024-02-07T00:52:44.581+0000][7][gc,heap     ] GC(227) Survivor regions: 1->1(20)
[2024-02-07T00:52:44.581+0000][7][gc,heap     ] GC(227) Old regions: 24->24
[2024-02-07T00:52:44.581+0000][7][gc,heap     ] GC(227) Archive regions: 2->2
[2024-02-07T00:52:44.581+0000][7][gc,heap     ] GC(227) Humongous regions: 0->0
[2024-02-07T00:52:44.581+0000][7][gc,metaspace] GC(227) Metaspace: 127296K(130752K)->127296K(130752K) NonClass: 110720K(112576K)->110720K(112576K) Class: 16576K(18176K)->16576K(18176K)
[2024-02-07T00:52:44.581+0000][7][gc          ] GC(227) Pause Young (Normal) (G1 Evacuation Pause) 706M->98M(1024M) 2.705ms
[2024-02-07T00:52:44.581+0000][7][gc,cpu      ] GC(227) User=0.01s Sys=0.00s Real=0.01s
[2024-02-07T00:52:44.581+0000][7][safepoint   ] Safepoint "G1CollectForAllocation", Time since last: 146255061826 ns, Reaching safepoint: 87554 ns, At safepoint: 2793409 ns, Total: 2880963 ns
[2024-02-07T00:54:59.567+0000][7][gc,start    ] GC(228) Pause Young (Normal) (G1 Evacuation Pause)
[2024-02-07T00:54:59.567+0000][7][gc,task     ] GC(228) Using 8 workers of 8 for evacuation
[2024-02-07T00:54:59.567+0000][7][gc,age      ] GC(228) Desired survivor size 41943040 bytes, new threshold 15 (max threshold 15)
[2024-02-07T00:54:59.569+0000][7][gc,phases   ] GC(228)   Pre Evacuate Collection Set: 0.1ms
[2024-02-07T00:54:59.569+0000][7][gc,phases   ] GC(228)   Merge Heap Roots: 0.1ms
[2024-02-07T00:54:59.569+0000][7][gc,phases   ] GC(228)   Evacuate Collection Set: 1.4ms
[2024-02-07T00:54:59.569+0000][7][gc,phases   ] GC(228)   Post Evacuate Collection Set: 0.6ms
[2024-02-07T00:54:59.569+0000][7][gc,phases   ] GC(228)   Other: 0.1ms
[2024-02-07T00:54:59.569+0000][7][gc,age      ] GC(228) Age table with threshold 15 (max threshold 15)
[2024-02-07T00:54:59.569+0000][7][gc,age      ] GC(228) - age   1:     626680 bytes,     626680 total
[2024-02-07T00:54:59.569+0000][7][gc,age      ] GC(228) - age   2:       3384 bytes,     630064 total
[2024-02-07T00:54:59.569+0000][7][gc,age      ] GC(228) - age   3:        496 bytes,     630560 total
[2024-02-07T00:54:59.569+0000][7][gc,age      ] GC(228) - age   4:       4160 bytes,     634720 total
[2024-02-07T00:54:59.569+0000][7][gc,age      ] GC(228) - age   5:         88 bytes,     634808 total
[2024-02-07T00:54:59.569+0000][7][gc,age      ] GC(228) - age   6:       8800 bytes,     643608 total
[2024-02-07T00:54:59.569+0000][7][gc,age      ] GC(228) - age   7:        184 bytes,     643792 total
[2024-02-07T00:54:59.569+0000][7][gc,age      ] GC(228) - age  10:        104 bytes,     643896 total
[2024-02-07T00:54:59.569+0000][7][gc,age      ] GC(228) - age  11:        120 bytes,     644016 total
[2024-02-07T00:54:59.569+0000][7][gc,age      ] GC(228) - age  12:      64128 bytes,     708144 total
[2024-02-07T00:54:59.569+0000][7][gc,age      ] GC(228) - age  13:      92272 bytes,     800416 total
[2024-02-07T00:54:59.569+0000][7][gc,age      ] GC(228) - age  14:      89696 bytes,     890112 total
[2024-02-07T00:54:59.569+0000][7][gc,age      ] GC(228) - age  15:        296 bytes,     890408 total
[2024-02-07T00:54:59.569+0000][7][gc,heap     ] GC(228) Eden regions: 152->0(152)
[2024-02-07T00:54:59.569+0000][7][gc,heap     ] GC(228) Survivor regions: 1->1(20)
[2024-02-07T00:54:59.569+0000][7][gc,heap     ] GC(228) Old regions: 24->24
[2024-02-07T00:54:59.569+0000][7][gc,heap     ] GC(228) Archive regions: 2->2
[2024-02-07T00:54:59.569+0000][7][gc,heap     ] GC(228) Humongous regions: 0->0
[2024-02-07T00:54:59.569+0000][7][gc,metaspace] GC(228) Metaspace: 127296K(130752K)->127296K(130752K) NonClass: 110720K(112576K)->110720K(112576K) Class: 16576K(18176K)->16576K(18176K)
[2024-02-07T00:54:59.569+0000][7][gc          ] GC(228) Pause Young (Normal) (G1 Evacuation Pause) 706M->97M(1024M) 2.558ms
[2024-02-07T00:54:59.569+0000][7][gc,cpu      ] GC(228) User=0.01s Sys=0.00s Real=0.00s
[2024-02-07T00:54:59.569+0000][7][safepoint   ] Safepoint "G1CollectForAllocation", Time since last: 134985818087 ns, Reaching safepoint: 62946 ns, At safepoint: 2643981 ns, Total: 2706927 ns
[2024-02-07T00:57:33.073+0000][7][gc,start    ] GC(229) Pause Young (Normal) (G1 Evacuation Pause)
[2024-02-07T00:57:33.073+0000][7][gc,task     ] GC(229) Using 8 workers of 8 for evacuation
[2024-02-07T00:57:33.073+0000][7][gc,age      ] GC(229) Desired survivor size 41943040 bytes, new threshold 15 (max threshold 15)
[2024-02-07T00:57:33.076+0000][7][gc,phases   ] GC(229)   Pre Evacuate Collection Set: 0.1ms
[2024-02-07T00:57:33.076+0000][7][gc,phases   ] GC(229)   Merge Heap Roots: 0.1ms
[2024-02-07T00:57:33.076+0000][7][gc,phases   ] GC(229)   Evacuate Collection Set: 1.3ms
[2024-02-07T00:57:33.076+0000][7][gc,phases   ] GC(229)   Post Evacuate Collection Set: 0.8ms
[2024-02-07T00:57:33.076+0000][7][gc,phases   ] GC(229)   Other: 0.1ms
[2024-02-07T00:57:33.076+0000][7][gc,age      ] GC(229) Age table with threshold 15 (max threshold 15)
[2024-02-07T00:57:33.076+0000][7][gc,age      ] GC(229) - age   1:     956656 bytes,     956656 total
[2024-02-07T00:57:33.076+0000][7][gc,age      ] GC(229) - age   2:       1856 bytes,     958512 total
[2024-02-07T00:57:33.076+0000][7][gc,age      ] GC(229) - age   3:       1272 bytes,     959784 total
[2024-02-07T00:57:33.076+0000][7][gc,age      ] GC(229) - age   4:        216 bytes,     960000 total
[2024-02-07T00:57:33.076+0000][7][gc,age      ] GC(229) - age   5:        704 bytes,     960704 total
[2024-02-07T00:57:33.076+0000][7][gc,age      ] GC(229) - age   6:         88 bytes,     960792 total
[2024-02-07T00:57:33.076+0000][7][gc,age      ] GC(229) - age   7:       8800 bytes,     969592 total
[2024-02-07T00:57:33.076+0000][7][gc,age      ] GC(229) - age  11:        104 bytes,     969696 total
[2024-02-07T00:57:33.076+0000][7][gc,age      ] GC(229) - age  12:        120 bytes,     969816 total
[2024-02-07T00:57:33.076+0000][7][gc,age      ] GC(229) - age  13:      64128 bytes,    1033944 total
[2024-02-07T00:57:33.076+0000][7][gc,age      ] GC(229) - age  14:      92272 bytes,    1126216 total
[2024-02-07T00:57:33.076+0000][7][gc,age      ] GC(229) - age  15:      89696 bytes,    1215912 total
[2024-02-07T00:57:33.076+0000][7][gc,heap     ] GC(229) Eden regions: 152->0(152)
[2024-02-07T00:57:33.076+0000][7][gc,heap     ] GC(229) Survivor regions: 1->1(20)
[2024-02-07T00:57:33.076+0000][7][gc,heap     ] GC(229) Old regions: 24->24
[2024-02-07T00:57:33.076+0000][7][gc,heap     ] GC(229) Archive regions: 2->2
[2024-02-07T00:57:33.076+0000][7][gc,heap     ] GC(229) Humongous regions: 0->0
[2024-02-07T00:57:33.076+0000][7][gc,metaspace] GC(229) Metaspace: 127296K(130752K)->127296K(130752K) NonClass: 110720K(112576K)->110720K(112576K) Class: 16576K(18176K)->16576K(18176K)
[2024-02-07T00:57:33.076+0000][7][gc          ] GC(229) Pause Young (Normal) (G1 Evacuation Pause) 705M->98M(1024M) 2.794ms
[2024-02-07T00:57:33.076+0000][7][gc,cpu      ] GC(229) User=0.01s Sys=0.01s Real=0.00s
[2024-02-07T00:57:33.076+0000][7][safepoint   ] Safepoint "G1CollectForAllocation", Time since last: 153503511083 ns, Reaching safepoint: 93283 ns, At safepoint: 2896359 ns, Total: 2989642 ns
[2024-02-07T00:58:15.081+0000][7][safepoint   ] Safepoint "Cleanup", Time since last: 42005258716 ns, Reaching safepoint: 57882 ns, At safepoint: 9309 ns, Total: 67191 ns
[2024-02-07T01:00:26.658+0000][7][gc,start    ] GC(230) Pause Young (Normal) (G1 Evacuation Pause)
[2024-02-07T01:00:26.658+0000][7][gc,task     ] GC(230) Using 8 workers of 8 for evacuation
[2024-02-07T01:00:26.658+0000][7][gc,age      ] GC(230) Desired survivor size 41943040 bytes, new threshold 15 (max threshold 15)
[2024-02-07T01:00:26.660+0000][7][gc,phases   ] GC(230)   Pre Evacuate Collection Set: 0.1ms
[2024-02-07T01:00:26.660+0000][7][gc,phases   ] GC(230)   Merge Heap Roots: 0.1ms
[2024-02-07T01:00:26.660+0000][7][gc,phases   ] GC(230)   Evacuate Collection Set: 1.2ms
[2024-02-07T01:00:26.660+0000][7][gc,phases   ] GC(230)   Post Evacuate Collection Set: 0.6ms
[2024-02-07T01:00:26.660+0000][7][gc,phases   ] GC(230)   Other: 0.1ms
[2024-02-07T01:00:26.660+0000][7][gc,age      ] GC(230) Age table with threshold 15 (max threshold 15)
[2024-02-07T01:00:26.660+0000][7][gc,age      ] GC(230) - age   1:    2333744 bytes,    2333744 total
[2024-02-07T01:00:26.660+0000][7][gc,age      ] GC(230) - age   2:       7824 bytes,    2341568 total
[2024-02-07T01:00:26.660+0000][7][gc,age      ] GC(230) - age   3:        792 bytes,    2342360 total
[2024-02-07T01:00:26.660+0000][7][gc,age      ] GC(230) - age   4:        720 bytes,    2343080 total
[2024-02-07T01:00:26.660+0000][7][gc,age      ] GC(230) - age   5:         24 bytes,    2343104 total
[2024-02-07T01:00:26.660+0000][7][gc,age      ] GC(230) - age   6:        184 bytes,    2343288 total
[2024-02-07T01:00:26.660+0000][7][gc,age      ] GC(230) - age   7:         64 bytes,    2343352 total
[2024-02-07T01:00:26.660+0000][7][gc,age      ] GC(230) - age   8:       8232 bytes,    2351584 total
[2024-02-07T01:00:26.660+0000][7][gc,age      ] GC(230) - age  12:        104 bytes,    2351688 total
[2024-02-07T01:00:26.660+0000][7][gc,age      ] GC(230) - age  13:        120 bytes,    2351808 total
[2024-02-07T01:00:26.660+0000][7][gc,age      ] GC(230) - age  14:      64128 bytes,    2415936 total
[2024-02-07T01:00:26.660+0000][7][gc,age      ] GC(230) - age  15:      92272 bytes,    2508208 total
[2024-02-07T01:00:26.660+0000][7][gc,heap     ] GC(230) Eden regions: 152->0(152)
[2024-02-07T01:00:26.660+0000][7][gc,heap     ] GC(230) Survivor regions: 1->1(20)
[2024-02-07T01:00:26.660+0000][7][gc,heap     ] GC(230) Old regions: 24->24
[2024-02-07T01:00:26.660+0000][7][gc,heap     ] GC(230) Archive regions: 2->2
[2024-02-07T01:00:26.660+0000][7][gc,heap     ] GC(230) Humongous regions: 0->0
[2024-02-07T01:00:26.660+0000][7][gc,metaspace] GC(230) Metaspace: 127296K(130752K)->127296K(130752K) NonClass: 110720K(112576K)->110720K(112576K) Class: 16576K(18176K)->16576K(18176K)
[2024-02-07T01:00:26.660+0000][7][gc          ] GC(230) Pause Young (Normal) (G1 Evacuation Pause) 706M->99M(1024M) 2.175ms
[2024-02-07T01:00:26.661+0000][7][gc,cpu      ] GC(230) User=0.01s Sys=0.00s Real=0.01s
[2024-02-07T01:00:26.661+0000][7][safepoint   ] Safepoint "G1CollectForAllocation", Time since last: 131577041803 ns, Reaching safepoint: 45519 ns, At safepoint: 2247253 ns, Total: 2292772 ns
[2024-02-07T01:01:15.668+0000][7][safepoint   ] Safepoint "Cleanup", Time since last: 49006927269 ns, Reaching safepoint: 103796 ns, At safepoint: 63973 ns, Total: 167769 ns
[2024-02-07T01:03:27.199+0000][7][gc,start    ] GC(231) Pause Young (Normal) (G1 Evacuation Pause)
[2024-02-07T01:03:27.199+0000][7][gc,task     ] GC(231) Using 8 workers of 8 for evacuation
[2024-02-07T01:03:27.199+0000][7][gc,age      ] GC(231) Desired survivor size 41943040 bytes, new threshold 15 (max threshold 15)
[2024-02-07T01:03:27.201+0000][7][gc,phases   ] GC(231)   Pre Evacuate Collection Set: 0.1ms
[2024-02-07T01:03:27.201+0000][7][gc,phases   ] GC(231)   Merge Heap Roots: 0.1ms
[2024-02-07T01:03:27.201+0000][7][gc,phases   ] GC(231)   Evacuate Collection Set: 1.4ms
[2024-02-07T01:03:27.201+0000][7][gc,phases   ] GC(231)   Post Evacuate Collection Set: 0.8ms
[2024-02-07T01:03:27.201+0000][7][gc,phases   ] GC(231)   Other: 0.1ms
[2024-02-07T01:03:27.201+0000][7][gc,age      ] GC(231) Age table with threshold 15 (max threshold 15)
[2024-02-07T01:03:27.201+0000][7][gc,age      ] GC(231) - age   1:    1208184 bytes,    1208184 total
[2024-02-07T01:03:27.201+0000][7][gc,age      ] GC(231) - age   2:     144296 bytes,    1352480 total
[2024-02-07T01:03:27.201+0000][7][gc,age      ] GC(231) - age   3:       3528 bytes,    1356008 total
[2024-02-07T01:03:27.201+0000][7][gc,age      ] GC(231) - age   4:        216 bytes,    1356224 total
[2024-02-07T01:03:27.201+0000][7][gc,age      ] GC(231) - age   5:         32 bytes,    1356256 total
[2024-02-07T01:03:27.201+0000][7][gc,age      ] GC(231) - age   6:         24 bytes,    1356280 total
[2024-02-07T01:03:27.201+0000][7][gc,age      ] GC(231) - age   9:       8200 bytes,    1364480 total
[2024-02-07T01:03:27.201+0000][7][gc,age      ] GC(231) - age  13:        104 bytes,    1364584 total
[2024-02-07T01:03:27.201+0000][7][gc,age      ] GC(231) - age  14:        120 bytes,    1364704 total
[2024-02-07T01:03:27.201+0000][7][gc,age      ] GC(231) - age  15:      64128 bytes,    1428832 total
[2024-02-07T01:03:27.201+0000][7][gc,heap     ] GC(231) Eden regions: 152->0(152)
[2024-02-07T01:03:27.201+0000][7][gc,heap     ] GC(231) Survivor regions: 1->1(20)
[2024-02-07T01:03:27.201+0000][7][gc,heap     ] GC(231) Old regions: 24->24
[2024-02-07T01:03:27.201+0000][7][gc,heap     ] GC(231) Archive regions: 2->2
[2024-02-07T01:03:27.201+0000][7][gc,heap     ] GC(231) Humongous regions: 0->0
[2024-02-07T01:03:27.201+0000][7][gc,metaspace] GC(231) Metaspace: 127298K(130752K)->127298K(130752K) NonClass: 110722K(112576K)->110722K(112576K) Class: 16576K(18176K)->16576K(18176K)
[2024-02-07T01:03:27.201+0000][7][gc          ] GC(231) Pause Young (Normal) (G1 Evacuation Pause) 707M->98M(1024M) 2.731ms
[2024-02-07T01:03:27.201+0000][7][gc,cpu      ] GC(231) User=0.02s Sys=0.00s Real=0.01s
[2024-02-07T01:03:27.201+0000][7][safepoint   ] Safepoint "G1CollectForAllocation", Time since last: 131530890337 ns, Reaching safepoint: 79137 ns, At safepoint: 2825958 ns, Total: 2905095 ns
[2024-02-07T01:06:27.713+0000][7][gc,start    ] GC(232) Pause Young (Normal) (G1 Evacuation Pause)
[2024-02-07T01:06:27.713+0000][7][gc,task     ] GC(232) Using 8 workers of 8 for evacuation
[2024-02-07T01:06:27.713+0000][7][gc,age      ] GC(232) Desired survivor size 41943040 bytes, new threshold 15 (max threshold 15)
[2024-02-07T01:06:27.715+0000][7][gc,phases   ] GC(232)   Pre Evacuate Collection Set: 0.1ms
[2024-02-07T01:06:27.715+0000][7][gc,phases   ] GC(232)   Merge Heap Roots: 0.1ms
[2024-02-07T01:06:27.715+0000][7][gc,phases   ] GC(232)   Evacuate Collection Set: 1.1ms
[2024-02-07T01:06:27.715+0000][7][gc,phases   ] GC(232)   Post Evacuate Collection Set: 0.5ms
[2024-02-07T01:06:27.715+0000][7][gc,phases   ] GC(232)   Other: 0.1ms
[2024-02-07T01:06:27.715+0000][7][gc,age      ] GC(232) Age table with threshold 15 (max threshold 15)
[2024-02-07T01:06:27.715+0000][7][gc,age      ] GC(232) - age   1:    1908160 bytes,    1908160 total
[2024-02-07T01:06:27.715+0000][7][gc,age      ] GC(232) - age   2:       3064 bytes,    1911224 total
[2024-02-07T01:06:27.715+0000][7][gc,age      ] GC(232) - age   3:     140696 bytes,    2051920 total
[2024-02-07T01:06:27.715+0000][7][gc,age      ] GC(232) - age   4:        392 bytes,    2052312 total
[2024-02-07T01:06:27.715+0000][7][gc,age      ] GC(232) - age   5:         32 bytes,    2052344 total
[2024-02-07T01:06:27.715+0000][7][gc,age      ] GC(232) - age   6:         32 bytes,    2052376 total
[2024-02-07T01:06:27.715+0000][7][gc,age      ] GC(232) - age   7:         24 bytes,    2052400 total
[2024-02-07T01:06:27.715+0000][7][gc,age      ] GC(232) - age  10:       8200 bytes,    2060600 total
[2024-02-07T01:06:27.715+0000][7][gc,age      ] GC(232) - age  14:        104 bytes,    2060704 total
[2024-02-07T01:06:27.715+0000][7][gc,age      ] GC(232) - age  15:        120 bytes,    2060824 total
[2024-02-07T01:06:27.715+0000][7][gc,heap     ] GC(232) Eden regions: 152->0(152)
[2024-02-07T01:06:27.715+0000][7][gc,heap     ] GC(232) Survivor regions: 1->1(20)
[2024-02-07T01:06:27.715+0000][7][gc,heap     ] GC(232) Old regions: 24->24
[2024-02-07T01:06:27.715+0000][7][gc,heap     ] GC(232) Archive regions: 2->2
[2024-02-07T01:06:27.715+0000][7][gc,heap     ] GC(232) Humongous regions: 0->0
[2024-02-07T01:06:27.715+0000][7][gc,metaspace] GC(232) Metaspace: 127298K(130752K)->127298K(130752K) NonClass: 110722K(112576K)->110722K(112576K) Class: 16576K(18176K)->16576K(18176K)
[2024-02-07T01:06:27.715+0000][7][gc          ] GC(232) Pause Young (Normal) (G1 Evacuation Pause) 706M->99M(1024M) 1.978ms
[2024-02-07T01:06:27.715+0000][7][gc,cpu      ] GC(232) User=0.00s Sys=0.00s Real=0.00s
[2024-02-07T01:06:27.715+0000][7][safepoint   ] Safepoint "G1CollectForAllocation", Time since last: 180511686601 ns, Reaching safepoint: 34326 ns, At safepoint: 2040159 ns, Total: 2074485 ns
[2024-02-07T01:07:16.720+0000][7][safepoint   ] Safepoint "Cleanup", Time since last: 49004872927 ns, Reaching safepoint: 108258 ns, At safepoint: 6504 ns, Total: 114762 ns
[2024-02-07T01:09:35.601+0000][7][gc,start    ] GC(233) Pause Young (Normal) (G1 Evacuation Pause)
[2024-02-07T01:09:35.601+0000][7][gc,task     ] GC(233) Using 8 workers of 8 for evacuation
[2024-02-07T01:09:35.601+0000][7][gc,age      ] GC(233) Desired survivor size 41943040 bytes, new threshold 15 (max threshold 15)
[2024-02-07T01:09:35.604+0000][7][gc,phases   ] GC(233)   Pre Evacuate Collection Set: 0.1ms
[2024-02-07T01:09:35.604+0000][7][gc,phases   ] GC(233)   Merge Heap Roots: 0.1ms
[2024-02-07T01:09:35.604+0000][7][gc,phases   ] GC(233)   Evacuate Collection Set: 1.2ms
[2024-02-07T01:09:35.604+0000][7][gc,phases   ] GC(233)   Post Evacuate Collection Set: 0.7ms
[2024-02-07T01:09:35.604+0000][7][gc,phases   ] GC(233)   Other: 0.1ms
[2024-02-07T01:09:35.604+0000][7][gc,age      ] GC(233) Age table with threshold 15 (max threshold 15)
[2024-02-07T01:09:35.604+0000][7][gc,age      ] GC(233) - age   1:    1529688 bytes,    1529688 total
[2024-02-07T01:09:35.604+0000][7][gc,age      ] GC(233) - age   2:       6240 bytes,    1535928 total
[2024-02-07T01:09:35.604+0000][7][gc,age      ] GC(233) - age   3:       1144 bytes,    1537072 total
[2024-02-07T01:09:35.604+0000][7][gc,age      ] GC(233) - age   4:     140696 bytes,    1677768 total
[2024-02-07T01:09:35.604+0000][7][gc,age      ] GC(233) - age   5:        208 bytes,    1677976 total
[2024-02-07T01:09:35.604+0000][7][gc,age      ] GC(233) - age   6:         32 bytes,    1678008 total
[2024-02-07T01:09:35.604+0000][7][gc,age      ] GC(233) - age   7:         32 bytes,    1678040 total
[2024-02-07T01:09:35.604+0000][7][gc,age      ] GC(233) - age   8:         24 bytes,    1678064 total
[2024-02-07T01:09:35.604+0000][7][gc,age      ] GC(233) - age  11:       8200 bytes,    1686264 total
[2024-02-07T01:09:35.604+0000][7][gc,age      ] GC(233) - age  15:        104 bytes,    1686368 total
[2024-02-07T01:09:35.604+0000][7][gc,heap     ] GC(233) Eden regions: 152->0(152)
[2024-02-07T01:09:35.604+0000][7][gc,heap     ] GC(233) Survivor regions: 1->1(20)
[2024-02-07T01:09:35.604+0000][7][gc,heap     ] GC(233) Old regions: 24->24
[2024-02-07T01:09:35.604+0000][7][gc,heap     ] GC(233) Archive regions: 2->2
[2024-02-07T01:09:35.604+0000][7][gc,heap     ] GC(233) Humongous regions: 0->0
[2024-02-07T01:09:35.604+0000][7][gc,metaspace] GC(233) Metaspace: 127298K(130752K)->127298K(130752K) NonClass: 110722K(112576K)->110722K(112576K) Class: 16576K(18176K)->16576K(18176K)
[2024-02-07T01:09:35.604+0000][7][gc          ] GC(233) Pause Young (Normal) (G1 Evacuation Pause) 707M->98M(1024M) 2.411ms
[2024-02-07T01:09:35.604+0000][7][gc,cpu      ] GC(233) User=0.01s Sys=0.01s Real=0.00s
[2024-02-07T01:09:35.604+0000][7][safepoint   ] Safepoint "G1CollectForAllocation", Time since last: 138881065947 ns, Reaching safepoint: 75730 ns, At safepoint: 2517843 ns, Total: 2593573 ns
[2024-02-07T01:11:02.613+0000][7][safepoint   ] Safepoint "Cleanup", Time since last: 87008669242 ns, Reaching safepoint: 70557 ns, At safepoint: 7431 ns, Total: 77988 ns
[2024-02-07T01:12:29.591+0000][7][gc,start    ] GC(234) Pause Young (Normal) (G1 Evacuation Pause)
[2024-02-07T01:12:29.591+0000][7][gc,task     ] GC(234) Using 8 workers of 8 for evacuation
[2024-02-07T01:12:29.591+0000][7][gc,age      ] GC(234) Desired survivor size 41943040 bytes, new threshold 15 (max threshold 15)
[2024-02-07T01:12:29.593+0000][7][gc,phases   ] GC(234)   Pre Evacuate Collection Set: 0.1ms
[2024-02-07T01:12:29.593+0000][7][gc,phases   ] GC(234)   Merge Heap Roots: 0.1ms
[2024-02-07T01:12:29.593+0000][7][gc,phases   ] GC(234)   Evacuate Collection Set: 0.8ms
[2024-02-07T01:12:29.593+0000][7][gc,phases   ] GC(234)   Post Evacuate Collection Set: 0.7ms
[2024-02-07T01:12:29.593+0000][7][gc,phases   ] GC(234)   Other: 0.1ms
[2024-02-07T01:12:29.593+0000][7][gc,age      ] GC(234) Age table with threshold 15 (max threshold 15)
[2024-02-07T01:12:29.593+0000][7][gc,age      ] GC(234) - age   1:     441176 bytes,     441176 total
[2024-02-07T01:12:29.593+0000][7][gc,age      ] GC(234) - age   2:       3088 bytes,     444264 total
[2024-02-07T01:12:29.593+0000][7][gc,age      ] GC(234) - age   3:       3584 bytes,     447848 total
[2024-02-07T01:12:29.593+0000][7][gc,age      ] GC(234) - age   4:        208 bytes,     448056 total
[2024-02-07T01:12:29.593+0000][7][gc,age      ] GC(234) - age   5:     140696 bytes,     588752 total
[2024-02-07T01:12:29.593+0000][7][gc,age      ] GC(234) - age   6:        208 bytes,     588960 total
[2024-02-07T01:12:29.593+0000][7][gc,age      ] GC(234) - age   7:         32 bytes,     588992 total
[2024-02-07T01:12:29.593+0000][7][gc,age      ] GC(234) - age   9:         24 bytes,     589016 total
[2024-02-07T01:12:29.593+0000][7][gc,age      ] GC(234) - age  12:       8016 bytes,     597032 total
[2024-02-07T01:12:29.593+0000][7][gc,heap     ] GC(234) Eden regions: 152->0(152)
[2024-02-07T01:12:29.593+0000][7][gc,heap     ] GC(234) Survivor regions: 1->1(20)
[2024-02-07T01:12:29.593+0000][7][gc,heap     ] GC(234) Old regions: 24->24
[2024-02-07T01:12:29.593+0000][7][gc,heap     ] GC(234) Archive regions: 2->2
[2024-02-07T01:12:29.593+0000][7][gc,heap     ] GC(234) Humongous regions: 0->0
[2024-02-07T01:12:29.593+0000][7][gc,metaspace] GC(234) Metaspace: 127301K(130752K)->127301K(130752K) NonClass: 110725K(112576K)->110725K(112576K) Class: 16576K(18176K)->16576K(18176K)
[2024-02-07T01:12:29.593+0000][7][gc          ] GC(234) Pause Young (Normal) (G1 Evacuation Pause) 706M->97M(1024M) 2.111ms
[2024-02-07T01:12:29.593+0000][7][gc,cpu      ] GC(234) User=0.00s Sys=0.00s Real=0.01s
[2024-02-07T01:12:29.593+0000][7][safepoint   ] Safepoint "G1CollectForAllocation", Time since last: 86978099363 ns, Reaching safepoint: 64332 ns, At safepoint: 2198530 ns, Total: 2262862 ns
[2024-02-07T01:15:15.610+0000][7][safepoint   ] Safepoint "Cleanup", Time since last: 166017368855 ns, Reaching safepoint: 88879 ns, At safepoint: 8832 ns, Total: 97711 ns
[2024-02-07T01:15:35.612+0000][7][gc,start    ] GC(235) Pause Young (Normal) (G1 Evacuation Pause)
[2024-02-07T01:15:35.613+0000][7][gc,task     ] GC(235) Using 8 workers of 8 for evacuation
[2024-02-07T01:15:35.613+0000][7][gc,age      ] GC(235) Desired survivor size 41943040 bytes, new threshold 15 (max threshold 15)
[2024-02-07T01:15:35.616+0000][7][gc,phases   ] GC(235)   Pre Evacuate Collection Set: 0.1ms
[2024-02-07T01:15:35.616+0000][7][gc,phases   ] GC(235)   Merge Heap Roots: 0.1ms
[2024-02-07T01:15:35.616+0000][7][gc,phases   ] GC(235)   Evacuate Collection Set: 1.9ms
[2024-02-07T01:15:35.616+0000][7][gc,phases   ] GC(235)   Post Evacuate Collection Set: 1.0ms
[2024-02-07T01:15:35.616+0000][7][gc,phases   ] GC(235)   Other: 0.1ms
[2024-02-07T01:15:35.616+0000][7][gc,age      ] GC(235) Age table with threshold 15 (max threshold 15)
[2024-02-07T01:15:35.616+0000][7][gc,age      ] GC(235) - age   1:    1529832 bytes,    1529832 total
[2024-02-07T01:15:35.616+0000][7][gc,age      ] GC(235) - age   2:       4248 bytes,    1534080 total
[2024-02-07T01:15:35.616+0000][7][gc,age      ] GC(235) - age   3:        312 bytes,    1534392 total
[2024-02-07T01:15:35.616+0000][7][gc,age      ] GC(235) - age   4:         88 bytes,    1534480 total
[2024-02-07T01:15:35.616+0000][7][gc,age      ] GC(235) - age   5:         24 bytes,    1534504 total
[2024-02-07T01:15:35.616+0000][7][gc,age      ] GC(235) - age   6:     132288 bytes,    1666792 total
[2024-02-07T01:15:35.616+0000][7][gc,age      ] GC(235) - age   7:        208 bytes,    1667000 total
[2024-02-07T01:15:35.616+0000][7][gc,age      ] GC(235) - age  10:         24 bytes,    1667024 total
[2024-02-07T01:15:35.616+0000][7][gc,age      ] GC(235) - age  13:       8016 bytes,    1675040 total
[2024-02-07T01:15:35.616+0000][7][gc,heap     ] GC(235) Eden regions: 152->0(152)
[2024-02-07T01:15:35.616+0000][7][gc,heap     ] GC(235) Survivor regions: 1->1(20)
[2024-02-07T01:15:35.616+0000][7][gc,heap     ] GC(235) Old regions: 24->24
[2024-02-07T01:15:35.616+0000][7][gc,heap     ] GC(235) Archive regions: 2->2
[2024-02-07T01:15:35.616+0000][7][gc,heap     ] GC(235) Humongous regions: 0->0
[2024-02-07T01:15:35.616+0000][7][gc,metaspace] GC(235) Metaspace: 127301K(130752K)->127301K(130752K) NonClass: 110725K(112576K)->110725K(112576K) Class: 16576K(18176K)->16576K(18176K)
[2024-02-07T01:15:35.616+0000][7][gc          ] GC(235) Pause Young (Normal) (G1 Evacuation Pause) 705M->98M(1024M) 3.476ms
[2024-02-07T01:15:35.616+0000][7][gc,cpu      ] GC(235) User=0.01s Sys=0.00s Real=0.00s
[2024-02-07T01:15:35.616+0000][7][safepoint   ] Safepoint "G1CollectForAllocation", Time since last: 20001938468 ns, Reaching safepoint: 52640 ns, At safepoint: 3578524 ns, Total: 3631164 ns
[2024-02-07T01:18:33.316+0000][7][gc,start    ] GC(236) Pause Young (Normal) (G1 Evacuation Pause)
[2024-02-07T01:18:33.316+0000][7][gc,task     ] GC(236) Using 8 workers of 8 for evacuation
[2024-02-07T01:18:33.316+0000][7][gc,age      ] GC(236) Desired survivor size 41943040 bytes, new threshold 15 (max threshold 15)
[2024-02-07T01:18:33.318+0000][7][gc,phases   ] GC(236)   Pre Evacuate Collection Set: 0.2ms
[2024-02-07T01:18:33.318+0000][7][gc,phases   ] GC(236)   Merge Heap Roots: 0.1ms
[2024-02-07T01:18:33.318+0000][7][gc,phases   ] GC(236)   Evacuate Collection Set: 1.3ms
[2024-02-07T01:18:33.318+0000][7][gc,phases   ] GC(236)   Post Evacuate Collection Set: 1.0ms
[2024-02-07T01:18:33.318+0000][7][gc,phases   ] GC(236)   Other: 0.1ms
[2024-02-07T01:18:33.318+0000][7][gc,age      ] GC(236) Age table with threshold 15 (max threshold 15)
[2024-02-07T01:18:33.318+0000][7][gc,age      ] GC(236) - age   1:     804056 bytes,     804056 total
[2024-02-07T01:18:33.318+0000][7][gc,age      ] GC(236) - age   2:       6080 bytes,     810136 total
[2024-02-07T01:18:33.318+0000][7][gc,age      ] GC(236) - age   3:       1128 bytes,     811264 total
[2024-02-07T01:18:33.318+0000][7][gc,age      ] GC(236) - age   5:         88 bytes,     811352 total
[2024-02-07T01:18:33.318+0000][7][gc,age      ] GC(236) - age   6:         24 bytes,     811376 total
[2024-02-07T01:18:33.318+0000][7][gc,age      ] GC(236) - age   7:     132288 bytes,     943664 total
[2024-02-07T01:18:33.318+0000][7][gc,age      ] GC(236) - age   8:        208 bytes,     943872 total
[2024-02-07T01:18:33.318+0000][7][gc,age      ] GC(236) - age  11:         24 bytes,     943896 total
[2024-02-07T01:18:33.318+0000][7][gc,age      ] GC(236) - age  14:       8016 bytes,     951912 total
[2024-02-07T01:18:33.318+0000][7][gc,heap     ] GC(236) Eden regions: 152->0(152)
[2024-02-07T01:18:33.318+0000][7][gc,heap     ] GC(236) Survivor regions: 1->1(20)
[2024-02-07T01:18:33.318+0000][7][gc,heap     ] GC(236) Old regions: 24->24
[2024-02-07T01:18:33.318+0000][7][gc,heap     ] GC(236) Archive regions: 2->2
[2024-02-07T01:18:33.318+0000][7][gc,heap     ] GC(236) Humongous regions: 0->0
[2024-02-07T01:18:33.319+0000][7][gc,metaspace] GC(236) Metaspace: 127301K(130752K)->127301K(130752K) NonClass: 110725K(112576K)->110725K(112576K) Class: 16576K(18176K)->16576K(18176K)
[2024-02-07T01:18:33.319+0000][7][gc          ] GC(236) Pause Young (Normal) (G1 Evacuation Pause) 706M->98M(1024M) 2.984ms
[2024-02-07T01:18:33.319+0000][7][gc,cpu      ] GC(236) User=0.01s Sys=0.00s Real=0.00s
[2024-02-07T01:18:33.319+0000][7][safepoint   ] Safepoint "G1CollectForAllocation", Time since last: 177699426718 ns, Reaching safepoint: 93737 ns, At safepoint: 3091473 ns, Total: 3185210 ns
[2024-02-07T01:20:11.033+0000][7][safepoint   ] Safepoint "Cleanup", Time since last: 97713861069 ns, Reaching safepoint: 150248 ns, At safepoint: 7942 ns, Total: 158190 ns
[2024-02-07T01:20:11.055+0000][7][safepoint   ] Safepoint "ICBufferFull", Time since last: 22303716 ns, Reaching safepoint: 229566 ns, At safepoint: 7218 ns, Total: 236784 ns
[2024-02-07T01:20:11.057+0000][7][safepoint   ] Safepoint "ICBufferFull", Time since last: 1477670 ns, Reaching safepoint: 114978 ns, At safepoint: 9485 ns, Total: 124463 ns
[2024-02-07T01:20:11.081+0000][7][safepoint   ] Safepoint "ICBufferFull", Time since last: 23986158 ns, Reaching safepoint: 175986 ns, At safepoint: 6652 ns, Total: 182638 ns
[2024-02-07T01:20:11.453+0000][7][safepoint   ] Safepoint "ICBufferFull", Time since last: 371998233 ns, Reaching safepoint: 213877 ns, At safepoint: 5506 ns, Total: 219383 ns
[2024-02-07T01:20:12.454+0000][7][safepoint   ] Safepoint "Cleanup", Time since last: 1000222644 ns, Reaching safepoint: 193620 ns, At safepoint: 10002 ns, Total: 203622 ns
[2024-02-07T01:20:14.454+0000][7][safepoint   ] Safepoint "Cleanup", Time since last: 2000245373 ns, Reaching safepoint: 82555 ns, At safepoint: 3903 ns, Total: 86458 ns
[2024-02-07T01:20:15.454+0000][7][safepoint   ] Safepoint "Cleanup", Time since last: 1000191591 ns, Reaching safepoint: 188572 ns, At safepoint: 6299 ns, Total: 194871 ns
[2024-02-07T01:20:16.455+0000][7][safepoint   ] Safepoint "Cleanup", Time since last: 1000135381 ns, Reaching safepoint: 132014 ns, At safepoint: 13220 ns, Total: 145234 ns
[2024-02-07T01:20:17.455+0000][7][safepoint   ] Safepoint "Cleanup", Time since last: 1000155390 ns, Reaching safepoint: 76884 ns, At safepoint: 6946 ns, Total: 83830 ns
[2024-02-07T01:20:18.455+0000][7][safepoint   ] Safepoint "Cleanup", Time since last: 1000187637 ns, Reaching safepoint: 154468 ns, At safepoint: 26826 ns, Total: 181294 ns
[2024-02-07T01:20:21.456+0000][7][safepoint   ] Safepoint "Cleanup", Time since last: 3000411426 ns, Reaching safepoint: 81716 ns, At safepoint: 9057 ns, Total: 90773 ns
[2024-02-07T01:20:24.456+0000][7][safepoint   ] Safepoint "Cleanup", Time since last: 3000277719 ns, Reaching safepoint: 102880 ns, At safepoint: 8321 ns, Total: 111201 ns
[2024-02-07T01:20:26.456+0000][7][safepoint   ] Safepoint "Cleanup", Time since last: 2000233095 ns, Reaching safepoint: 140907 ns, At safepoint: 6930 ns, Total: 147837 ns
[2024-02-07T01:20:27.457+0000][7][safepoint   ] Safepoint "Cleanup", Time since last: 1000141903 ns, Reaching safepoint: 84622 ns, At safepoint: 7683 ns, Total: 92305 ns
[2024-02-07T01:20:29.457+0000][7][safepoint   ] Safepoint "Cleanup", Time since last: 2000236900 ns, Reaching safepoint: 88016 ns, At safepoint: 7716 ns, Total: 95732 ns
[2024-02-07T01:20:33.457+0000][7][safepoint   ] Safepoint "Cleanup", Time since last: 4000387354 ns, Reaching safepoint: 70795 ns, At safepoint: 8143 ns, Total: 78938 ns
[2024-02-07T01:20:39.458+0000][7][safepoint   ] Safepoint "Cleanup", Time since last: 6000621680 ns, Reaching safepoint: 71831 ns, At safepoint: 6626 ns, Total: 78457 ns
[2024-02-07T01:20:45.459+0000][7][safepoint   ] Safepoint "Cleanup", Time since last: 6000599937 ns, Reaching safepoint: 95650 ns, At safepoint: 6570 ns, Total: 102220 ns
[2024-02-07T01:20:46.459+0000][7][safepoint   ] Safepoint "Cleanup", Time since last: 1000123481 ns, Reaching safepoint: 156319 ns, At safepoint: 8484 ns, Total: 164803 ns
[2024-02-07T01:20:49.460+0000][7][safepoint   ] Safepoint "Cleanup", Time since last: 3000318967 ns, Reaching safepoint: 131228 ns, At safepoint: 13904 ns, Total: 145132 ns
[2024-02-07T01:20:52.460+0000][7][safepoint   ] Safepoint "Cleanup", Time since last: 3000262969 ns, Reaching safepoint: 64101 ns, At safepoint: 6086 ns, Total: 70187 ns
[2024-02-07T01:20:54.460+0000][7][safepoint   ] Safepoint "Cleanup", Time since last: 2000203626 ns, Reaching safepoint: 108356 ns, At safepoint: 6505 ns, Total: 114861 ns
[2024-02-07T01:20:57.461+0000][7][safepoint   ] Safepoint "Cleanup", Time since last: 3000298626 ns, Reaching safepoint: 72980 ns, At safepoint: 4217 ns, Total: 77197 ns
[2024-02-07T01:20:59.461+0000][7][safepoint   ] Safepoint "Cleanup", Time since last: 2000198714 ns, Reaching safepoint: 114031 ns, At safepoint: 9492 ns, Total: 123523 ns
[2024-02-07T01:21:00.461+0000][7][safepoint   ] Safepoint "Cleanup", Time since last: 1000166772 ns, Reaching safepoint: 125780 ns, At safepoint: 44107 ns, Total: 169887 ns
[2024-02-07T01:21:02.625+0000][7][gc,start    ] GC(237) Pause Young (Normal) (G1 Evacuation Pause)
[2024-02-07T01:21:02.625+0000][7][gc,task     ] GC(237) Using 8 workers of 8 for evacuation
[2024-02-07T01:21:02.625+0000][7][gc,age      ] GC(237) Desired survivor size 41943040 bytes, new threshold 15 (max threshold 15)
[2024-02-07T01:21:02.629+0000][7][gc,phases   ] GC(237)   Pre Evacuate Collection Set: 0.1ms
[2024-02-07T01:21:02.629+0000][7][gc,phases   ] GC(237)   Merge Heap Roots: 0.1ms
[2024-02-07T01:21:02.629+0000][7][gc,phases   ] GC(237)   Evacuate Collection Set: 3.1ms
[2024-02-07T01:21:02.629+0000][7][gc,phases   ] GC(237)   Post Evacuate Collection Set: 0.9ms
[2024-02-07T01:21:02.629+0000][7][gc,phases   ] GC(237)   Other: 0.1ms
[2024-02-07T01:21:02.629+0000][7][gc,age      ] GC(237) Age table with threshold 15 (max threshold 15)
[2024-02-07T01:21:02.629+0000][7][gc,age      ] GC(237) - age   1:    2917136 bytes,    2917136 total
[2024-02-07T01:21:02.629+0000][7][gc,age      ] GC(237) - age   2:     105464 bytes,    3022600 total
[2024-02-07T01:21:02.629+0000][7][gc,age      ] GC(237) - age   3:       4352 bytes,    3026952 total
[2024-02-07T01:21:02.629+0000][7][gc,age      ] GC(237) - age   4:        216 bytes,    3027168 total
[2024-02-07T01:21:02.629+0000][7][gc,age      ] GC(237) - age   6:         88 bytes,    3027256 total
[2024-02-07T01:21:02.629+0000][7][gc,age      ] GC(237) - age   7:         24 bytes,    3027280 total
[2024-02-07T01:21:02.629+0000][7][gc,age      ] GC(237) - age   8:     131112 bytes,    3158392 total
[2024-02-07T01:21:02.629+0000][7][gc,age      ] GC(237) - age   9:        208 bytes,    3158600 total
[2024-02-07T01:21:02.629+0000][7][gc,age      ] GC(237) - age  12:         24 bytes,    3158624 total
[2024-02-07T01:21:02.629+0000][7][gc,age      ] GC(237) - age  15:       8016 bytes,    3166640 total
[2024-02-07T01:21:02.629+0000][7][gc,heap     ] GC(237) Eden regions: 152->0(152)
[2024-02-07T01:21:02.629+0000][7][gc,heap     ] GC(237) Survivor regions: 1->1(20)
[2024-02-07T01:21:02.629+0000][7][gc,heap     ] GC(237) Old regions: 24->24
[2024-02-07T01:21:02.629+0000][7][gc,heap     ] GC(237) Archive regions: 2->2
[2024-02-07T01:21:02.629+0000][7][gc,heap     ] GC(237) Humongous regions: 0->0
[2024-02-07T01:21:02.629+0000][7][gc,metaspace] GC(237) Metaspace: 128684K(132160K)->128684K(132160K) NonClass: 111836K(113664K)->111836K(113664K) Class: 16847K(18496K)->16847K(18496K)
[2024-02-07T01:21:02.629+0000][7][gc          ] GC(237) Pause Young (Normal) (G1 Evacuation Pause) 706M->100M(1024M) 4.607ms
[2024-02-07T01:21:02.629+0000][7][gc,cpu      ] GC(237) User=0.03s Sys=0.00s Real=0.00s
[2024-02-07T01:21:02.629+0000][7][safepoint   ] Safepoint "G1CollectForAllocation", Time since last: 2163268154 ns, Reaching safepoint: 44283 ns, At safepoint: 4701467 ns, Total: 4745750 ns
[2024-02-07T01:21:06.630+0000][7][safepoint   ] Safepoint "Cleanup", Time since last: 4000361203 ns, Reaching safepoint: 76694 ns, At safepoint: 6819 ns, Total: 83513 ns
[2024-02-07T01:21:08.630+0000][7][safepoint   ] Safepoint "Cleanup", Time since last: 2000209360 ns, Reaching safepoint: 121845 ns, At safepoint: 7809 ns, Total: 129654 ns
[2024-02-07T01:21:09.630+0000][7][safepoint   ] Safepoint "Cleanup", Time since last: 1000136738 ns, Reaching safepoint: 59493 ns, At safepoint: 5367 ns, Total: 64860 ns
[2024-02-07T01:21:14.631+0000][7][safepoint   ] Safepoint "Cleanup", Time since last: 5000468055 ns, Reaching safepoint: 144126 ns, At safepoint: 6460 ns, Total: 150586 ns
[2024-02-07T01:21:15.631+0000][7][safepoint   ] Safepoint "Cleanup", Time since last: 1000193220 ns, Reaching safepoint: 68107 ns, At safepoint: 9572 ns, Total: 77679 ns
[2024-02-07T01:21:21.632+0000][7][safepoint   ] Safepoint "Cleanup", Time since last: 6000632817 ns, Reaching safepoint: 136750 ns, At safepoint: 10415 ns, Total: 147165 ns
[2024-02-07T01:21:26.632+0000][7][safepoint   ] Safepoint "Cleanup", Time since last: 5000450240 ns, Reaching safepoint: 42623 ns, At safepoint: 4191 ns, Total: 46814 ns
[2024-02-07T01:21:35.633+0000][7][safepoint   ] Safepoint "Cleanup", Time since last: 9000875003 ns, Reaching safepoint: 88797 ns, At safepoint: 9365 ns, Total: 98162 ns
[2024-02-07T01:21:54.636+0000][7][safepoint   ] Safepoint "Cleanup", Time since last: 19002081244 ns, Reaching safepoint: 120311 ns, At safepoint: 7379 ns, Total: 127690 ns
[2024-02-07T01:21:59.636+0000][7][safepoint   ] Safepoint "Cleanup", Time since last: 5000501297 ns, Reaching safepoint: 88879 ns, At safepoint: 10523 ns, Total: 99402 ns
[2024-02-07T01:22:05.637+0000][7][safepoint   ] Safepoint "Cleanup", Time since last: 6000567844 ns, Reaching safepoint: 77142 ns, At safepoint: 20822 ns, Total: 97964 ns
[2024-02-07T01:22:08.637+0000][7][safepoint   ] Safepoint "Cleanup", Time since last: 3000314466 ns, Reaching safepoint: 51902 ns, At safepoint: 4803 ns, Total: 56705 ns
[2024-02-07T01:22:14.638+0000][7][safepoint   ] Safepoint "Cleanup", Time since last: 6000486701 ns, Reaching safepoint: 133074 ns, At safepoint: 9358 ns, Total: 142432 ns
[2024-02-07T01:22:15.638+0000][7][safepoint   ] Safepoint "Cleanup", Time since last: 1000156778 ns, Reaching safepoint: 86030 ns, At safepoint: 8763 ns, Total: 94793 ns
[2024-02-07T01:22:20.639+0000][7][safepoint   ] Safepoint "Cleanup", Time since last: 5000516730 ns, Reaching safepoint: 167610 ns, At safepoint: 9195 ns, Total: 176805 ns
[2024-02-07T01:22:27.640+0000][7][safepoint   ] Safepoint "Cleanup", Time since last: 7001043349 ns, Reaching safepoint: 87978 ns, At safepoint: 7828 ns, Total: 95806 ns
[2024-02-07T01:22:31.641+0000][7][safepoint   ] Safepoint "Cleanup", Time since last: 4000391577 ns, Reaching safepoint: 98572 ns, At safepoint: 11540 ns, Total: 110112 ns
[2024-02-07T01:22:32.641+0000][7][safepoint   ] Safepoint "Cleanup", Time since last: 1000126552 ns, Reaching safepoint: 120265 ns, At safepoint: 8066 ns, Total: 128331 ns
[2024-02-07T01:22:38.641+0000][7][safepoint   ] Safepoint "Cleanup", Time since last: 6000534568 ns, Reaching safepoint: 115169 ns, At safepoint: 6712 ns, Total: 121881 ns
[2024-02-07T01:22:39.642+0000][7][safepoint   ] Safepoint "Cleanup", Time since last: 1000141071 ns, Reaching safepoint: 77866 ns, At safepoint: 8433 ns, Total: 86299 ns
[2024-02-07T01:23:03.644+0000][7][safepoint   ] Safepoint "Cleanup", Time since last: 24002007360 ns, Reaching safepoint: 103611 ns, At safepoint: 6547 ns, Total: 110158 ns
[2024-02-07T01:23:09.644+0000][7][safepoint   ] Safepoint "Cleanup", Time since last: 6000546288 ns, Reaching safepoint: 75042 ns, At safepoint: 13452 ns, Total: 88494 ns
[2024-02-07T01:23:15.645+0000][7][safepoint   ] Safepoint "Cleanup", Time since last: 6000597286 ns, Reaching safepoint: 97622 ns, At safepoint: 9426 ns, Total: 107048 ns
[2024-02-07T01:23:27.647+0000][7][safepoint   ] Safepoint "Cleanup", Time since last: 12001572254 ns, Reaching safepoint: 69943 ns, At safepoint: 10366 ns, Total: 80309 ns
[2024-02-07T01:23:56.817+0000][7][gc,start    ] GC(238) Pause Young (Normal) (G1 Evacuation Pause)
[2024-02-07T01:23:56.817+0000][7][gc,task     ] GC(238) Using 8 workers of 8 for evacuation
[2024-02-07T01:23:56.817+0000][7][gc,age      ] GC(238) Desired survivor size 41943040 bytes, new threshold 15 (max threshold 15)
[2024-02-07T01:23:56.820+0000][7][gc,phases   ] GC(238)   Pre Evacuate Collection Set: 0.1ms
[2024-02-07T01:23:56.820+0000][7][gc,phases   ] GC(238)   Merge Heap Roots: 0.1ms
[2024-02-07T01:23:56.820+0000][7][gc,phases   ] GC(238)   Evacuate Collection Set: 1.9ms
[2024-02-07T01:23:56.820+0000][7][gc,phases   ] GC(238)   Post Evacuate Collection Set: 0.6ms
[2024-02-07T01:23:56.820+0000][7][gc,phases   ] GC(238)   Other: 0.1ms
[2024-02-07T01:23:56.820+0000][7][gc,age      ] GC(238) Age table with threshold 15 (max threshold 15)
[2024-02-07T01:23:56.820+0000][7][gc,age      ] GC(238) - age   1:    2127600 bytes,    2127600 total
[2024-02-07T01:23:56.820+0000][7][gc,age      ] GC(238) - age   2:    1766848 bytes,    3894448 total
[2024-02-07T01:23:56.820+0000][7][gc,age      ] GC(238) - age   3:     103680 bytes,    3998128 total
[2024-02-07T01:23:56.820+0000][7][gc,age      ] GC(238) - age   4:       4224 bytes,    4002352 total
[2024-02-07T01:23:56.820+0000][7][gc,age      ] GC(238) - age   5:         32 bytes,    4002384 total
[2024-02-07T01:23:56.820+0000][7][gc,age      ] GC(238) - age   7:         88 bytes,    4002472 total
[2024-02-07T01:23:56.820+0000][7][gc,age      ] GC(238) - age   8:         24 bytes,    4002496 total
[2024-02-07T01:23:56.820+0000][7][gc,age      ] GC(238) - age   9:     131112 bytes,    4133608 total
[2024-02-07T01:23:56.820+0000][7][gc,age      ] GC(238) - age  10:        208 bytes,    4133816 total
[2024-02-07T01:23:56.820+0000][7][gc,age      ] GC(238) - age  13:         24 bytes,    4133840 total
[2024-02-07T01:23:56.820+0000][7][gc,heap     ] GC(238) Eden regions: 152->0(151)
[2024-02-07T01:23:56.820+0000][7][gc,heap     ] GC(238) Survivor regions: 1->2(20)
[2024-02-07T01:23:56.820+0000][7][gc,heap     ] GC(238) Old regions: 24->24
[2024-02-07T01:23:56.820+0000][7][gc,heap     ] GC(238) Archive regions: 2->2
[2024-02-07T01:23:56.820+0000][7][gc,heap     ] GC(238) Humongous regions: 0->0
[2024-02-07T01:23:56.820+0000][7][gc,metaspace] GC(238) Metaspace: 128690K(132160K)->128690K(132160K) NonClass: 111842K(113664K)->111842K(113664K) Class: 16847K(18496K)->16847K(18496K)
[2024-02-07T01:23:56.820+0000][7][gc          ] GC(238) Pause Young (Normal) (G1 Evacuation Pause) 708M->101M(1024M) 2.814ms
[2024-02-07T01:23:56.820+0000][7][gc,cpu      ] GC(238) User=0.02s Sys=0.01s Real=0.01s
[2024-02-07T01:23:56.820+0000][7][safepoint   ] Safepoint "G1CollectForAllocation", Time since last: 29170576974 ns, Reaching safepoint: 34288 ns, At safepoint: 2880805 ns, Total: 2915093 ns
[2024-02-07T01:24:44.825+0000][7][safepoint   ] Safepoint "Cleanup", Time since last: 48004529285 ns, Reaching safepoint: 46749 ns, At safepoint: 5604 ns, Total: 52353 ns
[2024-02-07T01:25:08.828+0000][7][safepoint   ] Safepoint "Cleanup", Time since last: 24002940831 ns, Reaching safepoint: 86749 ns, At safepoint: 12047 ns, Total: 98796 ns
[2024-02-07T01:25:15.829+0000][7][safepoint   ] Safepoint "Cleanup", Time since last: 7000687782 ns, Reaching safepoint: 176952 ns, At safepoint: 21568 ns, Total: 198520 ns
[2024-02-07T01:25:26.830+0000][7][safepoint   ] Safepoint "Cleanup", Time since last: 11001077191 ns, Reaching safepoint: 120843 ns, At safepoint: 38510 ns, Total: 159353 ns
[2024-02-07T01:25:44.832+0000][7][safepoint   ] Safepoint "Cleanup", Time since last: 18001674464 ns, Reaching safepoint: 90882 ns, At safepoint: 19155 ns, Total: 110037 ns
[2024-02-07T01:25:59.833+0000][7][safepoint   ] Safepoint "Cleanup", Time since last: 15001293582 ns, Reaching safepoint: 88019 ns, At safepoint: 5722 ns, Total: 93741 ns
[2024-02-07T01:26:02.834+0000][7][safepoint   ] Safepoint "Cleanup", Time since last: 3000371437 ns, Reaching safepoint: 88446 ns, At safepoint: 9465 ns, Total: 97911 ns
[2024-02-07T01:26:08.834+0000][7][safepoint   ] Safepoint "Cleanup", Time since last: 6000642291 ns, Reaching safepoint: 57586 ns, At safepoint: 6126 ns, Total: 63712 ns
[2024-02-07T01:26:14.835+0000][7][safepoint   ] Safepoint "Cleanup", Time since last: 6000797567 ns, Reaching safepoint: 93814 ns, At safepoint: 6505 ns, Total: 100319 ns
[2024-02-07T01:26:17.836+0000][7][safepoint   ] Safepoint "Cleanup", Time since last: 3000585161 ns, Reaching safepoint: 103287 ns, At safepoint: 16978 ns, Total: 120265 ns
[2024-02-07T01:26:32.837+0000][7][safepoint   ] Safepoint "Cleanup", Time since last: 15001235895 ns, Reaching safepoint: 86515 ns, At safepoint: 5345 ns, Total: 91860 ns
[2024-02-07T01:26:50.839+0000][7][safepoint   ] Safepoint "Cleanup", Time since last: 18001917806 ns, Reaching safepoint: 101413 ns, At safepoint: 23220 ns, Total: 124633 ns
[2024-02-07T01:26:59.617+0000][7][gc,start    ] GC(239) Pause Young (Normal) (G1 Evacuation Pause)
[2024-02-07T01:26:59.617+0000][7][gc,task     ] GC(239) Using 8 workers of 8 for evacuation
[2024-02-07T01:26:59.617+0000][7][gc,age      ] GC(239) Desired survivor size 41943040 bytes, new threshold 15 (max threshold 15)
[2024-02-07T01:26:59.621+0000][7][gc,phases   ] GC(239)   Pre Evacuate Collection Set: 0.1ms
[2024-02-07T01:26:59.621+0000][7][gc,phases   ] GC(239)   Merge Heap Roots: 0.1ms
[2024-02-07T01:26:59.621+0000][7][gc,phases   ] GC(239)   Evacuate Collection Set: 2.8ms
[2024-02-07T01:26:59.621+0000][7][gc,phases   ] GC(239)   Post Evacuate Collection Set: 0.9ms
[2024-02-07T01:26:59.621+0000][7][gc,phases   ] GC(239)   Other: 0.1ms
[2024-02-07T01:26:59.621+0000][7][gc,age      ] GC(239) Age table with threshold 15 (max threshold 15)
[2024-02-07T01:26:59.621+0000][7][gc,age      ] GC(239) - age   1:    1380560 bytes,    1380560 total
[2024-02-07T01:26:59.621+0000][7][gc,age      ] GC(239) - age   2:       5728 bytes,    1386288 total
[2024-02-07T01:26:59.621+0000][7][gc,age      ] GC(239) - age   3:    1655904 bytes,    3042192 total
[2024-02-07T01:26:59.621+0000][7][gc,age      ] GC(239) - age   4:     103280 bytes,    3145472 total
[2024-02-07T01:26:59.621+0000][7][gc,age      ] GC(239) - age   5:        968 bytes,    3146440 total
[2024-02-07T01:26:59.621+0000][7][gc,age      ] GC(239) - age   6:         32 bytes,    3146472 total
[2024-02-07T01:26:59.621+0000][7][gc,age      ] GC(239) - age   8:         88 bytes,    3146560 total
[2024-02-07T01:26:59.621+0000][7][gc,age      ] GC(239) - age   9:         24 bytes,    3146584 total
[2024-02-07T01:26:59.621+0000][7][gc,age      ] GC(239) - age  10:     131112 bytes,    3277696 total
[2024-02-07T01:26:59.621+0000][7][gc,age      ] GC(239) - age  11:        208 bytes,    3277904 total
[2024-02-07T01:26:59.621+0000][7][gc,age      ] GC(239) - age  14:         24 bytes,    3277928 total
[2024-02-07T01:26:59.621+0000][7][gc,heap     ] GC(239) Eden regions: 151->0(152)
[2024-02-07T01:26:59.621+0000][7][gc,heap     ] GC(239) Survivor regions: 2->1(20)
[2024-02-07T01:26:59.621+0000][7][gc,heap     ] GC(239) Old regions: 24->24
[2024-02-07T01:26:59.621+0000][7][gc,heap     ] GC(239) Archive regions: 2->2
[2024-02-07T01:26:59.621+0000][7][gc,heap     ] GC(239) Humongous regions: 0->0
[2024-02-07T01:26:59.621+0000][7][gc,metaspace] GC(239) Metaspace: 128690K(132160K)->128690K(132160K) NonClass: 111843K(113664K)->111843K(113664K) Class: 16847K(18496K)->16847K(18496K)
[2024-02-07T01:26:59.621+0000][7][gc          ] GC(239) Pause Young (Normal) (G1 Evacuation Pause) 705M->100M(1024M) 4.500ms
[2024-02-07T01:26:59.621+0000][7][gc,cpu      ] GC(239) User=0.03s Sys=0.00s Real=0.01s
[2024-02-07T01:26:59.621+0000][7][safepoint   ] Safepoint "G1CollectForAllocation", Time since last: 8777106458 ns, Reaching safepoint: 59943 ns, At safepoint: 4738669 ns, Total: 4798612 ns
[2024-02-07T01:27:28.625+0000][7][safepoint   ] Safepoint "Cleanup", Time since last: 29003153825 ns, Reaching safepoint: 148884 ns, At safepoint: 10154 ns, Total: 159038 ns
[2024-02-07T01:28:11.629+0000][7][safepoint   ] Safepoint "Cleanup", Time since last: 43003970013 ns, Reaching safepoint: 63883 ns, At safepoint: 4424 ns, Total: 68307 ns
[2024-02-07T01:29:14.634+0000][7][safepoint   ] Safepoint "Cleanup", Time since last: 63005676933 ns, Reaching safepoint: 158669 ns, At safepoint: 9807 ns, Total: 168476 ns
[2024-02-07T01:29:15.635+0000][7][safepoint   ] Safepoint "Cleanup", Time since last: 1000123600 ns, Reaching safepoint: 46965 ns, At safepoint: 3382 ns, Total: 50347 ns
[2024-02-07T01:29:54.781+0000][7][gc,start    ] GC(240) Pause Young (Normal) (G1 Evacuation Pause)
[2024-02-07T01:29:54.781+0000][7][gc,task     ] GC(240) Using 8 workers of 8 for evacuation
[2024-02-07T01:29:54.781+0000][7][gc,age      ] GC(240) Desired survivor size 41943040 bytes, new threshold 15 (max threshold 15)
[2024-02-07T01:29:54.784+0000][7][gc,phases   ] GC(240)   Pre Evacuate Collection Set: 0.1ms
[2024-02-07T01:29:54.784+0000][7][gc,phases   ] GC(240)   Merge Heap Roots: 0.1ms
[2024-02-07T01:29:54.784+0000][7][gc,phases   ] GC(240)   Evacuate Collection Set: 2.2ms
[2024-02-07T01:29:54.784+0000][7][gc,phases   ] GC(240)   Post Evacuate Collection Set: 0.6ms
[2024-02-07T01:29:54.784+0000][7][gc,phases   ] GC(240)   Other: 0.1ms
[2024-02-07T01:29:54.784+0000][7][gc,age      ] GC(240) Age table with threshold 15 (max threshold 15)
[2024-02-07T01:29:54.784+0000][7][gc,age      ] GC(240) - age   1:     653896 bytes,     653896 total
[2024-02-07T01:29:54.784+0000][7][gc,age      ] GC(240) - age   2:     220088 bytes,     873984 total
[2024-02-07T01:29:54.784+0000][7][gc,age      ] GC(240) - age   3:       3360 bytes,     877344 total
[2024-02-07T01:29:54.784+0000][7][gc,age      ] GC(240) - age   4:    1632160 bytes,    2509504 total
[2024-02-07T01:29:54.784+0000][7][gc,age      ] GC(240) - age   5:     102736 bytes,    2612240 total
[2024-02-07T01:29:54.784+0000][7][gc,age      ] GC(240) - age   6:        936 bytes,    2613176 total
[2024-02-07T01:29:54.784+0000][7][gc,age      ] GC(240) - age   7:         32 bytes,    2613208 total
[2024-02-07T01:29:54.784+0000][7][gc,age      ] GC(240) - age   9:         88 bytes,    2613296 total
[2024-02-07T01:29:54.784+0000][7][gc,age      ] GC(240) - age  10:         24 bytes,    2613320 total
[2024-02-07T01:29:54.784+0000][7][gc,age      ] GC(240) - age  11:     131112 bytes,    2744432 total
[2024-02-07T01:29:54.784+0000][7][gc,age      ] GC(240) - age  12:        208 bytes,    2744640 total
[2024-02-07T01:29:54.784+0000][7][gc,age      ] GC(240) - age  15:         24 bytes,    2744664 total
[2024-02-07T01:29:54.784+0000][7][gc,heap     ] GC(240) Eden regions: 152->0(152)
[2024-02-07T01:29:54.784+0000][7][gc,heap     ] GC(240) Survivor regions: 1->1(20)
[2024-02-07T01:29:54.784+0000][7][gc,heap     ] GC(240) Old regions: 24->24
[2024-02-07T01:29:54.784+0000][7][gc,heap     ] GC(240) Archive regions: 2->2
[2024-02-07T01:29:54.784+0000][7][gc,heap     ] GC(240) Humongous regions: 0->0
[2024-02-07T01:29:54.784+0000][7][gc,metaspace] GC(240) Metaspace: 128690K(132160K)->128690K(132160K) NonClass: 111843K(113664K)->111843K(113664K) Class: 16847K(18496K)->16847K(18496K)
[2024-02-07T01:29:54.784+0000][7][gc          ] GC(240) Pause Young (Normal) (G1 Evacuation Pause) 708M->100M(1024M) 3.321ms
[2024-02-07T01:29:54.784+0000][7][gc,cpu      ] GC(240) User=0.01s Sys=0.00s Real=0.00s
[2024-02-07T01:29:54.784+0000][7][safepoint   ] Safepoint "G1CollectForAllocation", Time since last: 39145810325 ns, Reaching safepoint: 60643 ns, At safepoint: 3403439 ns, Total: 3464082 ns
[2024-02-07T01:30:15.786+0000][7][safepoint   ] Safepoint "Cleanup", Time since last: 21001767950 ns, Reaching safepoint: 66037 ns, At safepoint: 6254 ns, Total: 72291 ns
[2024-02-07T01:30:37.788+0000][7][safepoint   ] Safepoint "Cleanup", Time since last: 22002023760 ns, Reaching safepoint: 66917 ns, At safepoint: 39173 ns, Total: 106090 ns
[2024-02-07T01:30:59.790+0000][7][safepoint   ] Safepoint "Cleanup", Time since last: 22001812372 ns, Reaching safepoint: 66880 ns, At safepoint: 32575 ns, Total: 99455 ns
[2024-02-07T01:31:09.791+0000][7][safepoint   ] Safepoint "Cleanup", Time since last: 10000820554 ns, Reaching safepoint: 72707 ns, At safepoint: 5605 ns, Total: 78312 ns
[2024-02-07T01:31:35.793+0000][7][safepoint   ] Safepoint "Cleanup", Time since last: 26002491885 ns, Reaching safepoint: 150807 ns, At safepoint: 11659 ns, Total: 162466 ns
[2024-02-07T01:31:36.794+0000][7][safepoint   ] Safepoint "Cleanup", Time since last: 1000126714 ns, Reaching safepoint: 145844 ns, At safepoint: 13518 ns, Total: 159362 ns
[2024-02-07T01:32:59.651+0000][7][gc,start    ] GC(241) Pause Young (Normal) (G1 Evacuation Pause)
[2024-02-07T01:32:59.651+0000][7][gc,task     ] GC(241) Using 8 workers of 8 for evacuation
[2024-02-07T01:32:59.651+0000][7][gc,age      ] GC(241) Desired survivor size 41943040 bytes, new threshold 15 (max threshold 15)
[2024-02-07T01:32:59.654+0000][7][gc,phases   ] GC(241)   Pre Evacuate Collection Set: 0.1ms
[2024-02-07T01:32:59.654+0000][7][gc,phases   ] GC(241)   Merge Heap Roots: 0.1ms
[2024-02-07T01:32:59.655+0000][7][gc,phases   ] GC(241)   Evacuate Collection Set: 2.7ms
[2024-02-07T01:32:59.655+0000][7][gc,phases   ] GC(241)   Post Evacuate Collection Set: 0.8ms
[2024-02-07T01:32:59.655+0000][7][gc,phases   ] GC(241)   Other: 0.1ms
[2024-02-07T01:32:59.655+0000][7][gc,age      ] GC(241) Age table with threshold 15 (max threshold 15)
[2024-02-07T01:32:59.655+0000][7][gc,age      ] GC(241) - age   1:    1340536 bytes,    1340536 total
[2024-02-07T01:32:59.655+0000][7][gc,age      ] GC(241) - age   2:       6576 bytes,    1347112 total
[2024-02-07T01:32:59.655+0000][7][gc,age      ] GC(241) - age   3:     210536 bytes,    1557648 total
[2024-02-07T01:32:59.655+0000][7][gc,age      ] GC(241) - age   4:       3000 bytes,    1560648 total
[2024-02-07T01:32:59.655+0000][7][gc,age      ] GC(241) - age   5:    1631448 bytes,    3192096 total
[2024-02-07T01:32:59.655+0000][7][gc,age      ] GC(241) - age   6:     102736 bytes,    3294832 total
[2024-02-07T01:32:59.655+0000][7][gc,age      ] GC(241) - age   7:        544 bytes,    3295376 total
[2024-02-07T01:32:59.655+0000][7][gc,age      ] GC(241) - age  10:         88 bytes,    3295464 total
[2024-02-07T01:32:59.655+0000][7][gc,age      ] GC(241) - age  11:         24 bytes,    3295488 total
[2024-02-07T01:32:59.655+0000][7][gc,age      ] GC(241) - age  12:     131112 bytes,    3426600 total
[2024-02-07T01:32:59.655+0000][7][gc,age      ] GC(241) - age  13:        208 bytes,    3426808 total
[2024-02-07T01:32:59.655+0000][7][gc,heap     ] GC(241) Eden regions: 152->0(152)
[2024-02-07T01:32:59.655+0000][7][gc,heap     ] GC(241) Survivor regions: 1->1(20)
[2024-02-07T01:32:59.655+0000][7][gc,heap     ] GC(241) Old regions: 24->24
[2024-02-07T01:32:59.655+0000][7][gc,heap     ] GC(241) Archive regions: 2->2
[2024-02-07T01:32:59.655+0000][7][gc,heap     ] GC(241) Humongous regions: 0->0
[2024-02-07T01:32:59.655+0000][7][gc,metaspace] GC(241) Metaspace: 128690K(132160K)->128690K(132160K) NonClass: 111843K(113664K)->111843K(113664K) Class: 16847K(18496K)->16847K(18496K)
[2024-02-07T01:32:59.655+0000][7][gc          ] GC(241) Pause Young (Normal) (G1 Evacuation Pause) 708M->100M(1024M) 4.062ms
[2024-02-07T01:32:59.655+0000][7][gc,cpu      ] GC(241) User=0.02s Sys=0.00s Real=0.01s
[2024-02-07T01:32:59.655+0000][7][safepoint   ] Safepoint "G1CollectForAllocation", Time since last: 82856911043 ns, Reaching safepoint: 51460 ns, At safepoint: 4156098 ns, Total: 4207558 ns
[2024-02-07T01:33:26.657+0000][7][safepoint   ] Safepoint "Cleanup", Time since last: 27002419887 ns, Reaching safepoint: 139215 ns, At safepoint: 10116 ns, Total: 149331 ns
[2024-02-07T01:33:27.658+0000][7][safepoint   ] Safepoint "Cleanup", Time since last: 1000135440 ns, Reaching safepoint: 68873 ns, At safepoint: 8800 ns, Total: 77673 ns
[2024-02-07T01:35:56.699+0000][7][gc,start    ] GC(242) Pause Young (Normal) (G1 Evacuation Pause)
[2024-02-07T01:35:56.699+0000][7][gc,task     ] GC(242) Using 8 workers of 8 for evacuation
[2024-02-07T01:35:56.699+0000][7][gc,age      ] GC(242) Desired survivor size 41943040 bytes, new threshold 15 (max threshold 15)
[2024-02-07T01:35:56.703+0000][7][gc,phases   ] GC(242)   Pre Evacuate Collection Set: 0.1ms
[2024-02-07T01:35:56.703+0000][7][gc,phases   ] GC(242)   Merge Heap Roots: 0.1ms
[2024-02-07T01:35:56.703+0000][7][gc,phases   ] GC(242)   Evacuate Collection Set: 2.0ms
[2024-02-07T01:35:56.703+0000][7][gc,phases   ] GC(242)   Post Evacuate Collection Set: 0.8ms
[2024-02-07T01:35:56.703+0000][7][gc,phases   ] GC(242)   Other: 0.1ms
[2024-02-07T01:35:56.703+0000][7][gc,age      ] GC(242) Age table with threshold 15 (max threshold 15)
[2024-02-07T01:35:56.703+0000][7][gc,age      ] GC(242) - age   1:    1076896 bytes,    1076896 total
[2024-02-07T01:35:56.703+0000][7][gc,age      ] GC(242) - age   2:      21992 bytes,    1098888 total
[2024-02-07T01:35:56.703+0000][7][gc,age      ] GC(242) - age   3:       5584 bytes,    1104472 total
[2024-02-07T01:35:56.703+0000][7][gc,age      ] GC(242) - age   4:     207400 bytes,    1311872 total
[2024-02-07T01:35:56.703+0000][7][gc,age      ] GC(242) - age   5:       2816 bytes,    1314688 total
[2024-02-07T01:35:56.703+0000][7][gc,age      ] GC(242) - age   6:    1631448 bytes,    2946136 total
[2024-02-07T01:35:56.703+0000][7][gc,age      ] GC(242) - age   7:     102736 bytes,    3048872 total
[2024-02-07T01:35:56.703+0000][7][gc,age      ] GC(242) - age   8:        544 bytes,    3049416 total
[2024-02-07T01:35:56.703+0000][7][gc,age      ] GC(242) - age  11:         88 bytes,    3049504 total
[2024-02-07T01:35:56.703+0000][7][gc,age      ] GC(242) - age  12:         24 bytes,    3049528 total
[2024-02-07T01:35:56.703+0000][7][gc,age      ] GC(242) - age  13:     131088 bytes,    3180616 total
[2024-02-07T01:35:56.703+0000][7][gc,age      ] GC(242) - age  14:        208 bytes,    3180824 total
[2024-02-07T01:35:56.703+0000][7][gc,heap     ] GC(242) Eden regions: 152->0(152)
[2024-02-07T01:35:56.703+0000][7][gc,heap     ] GC(242) Survivor regions: 1->1(20)
[2024-02-07T01:35:56.703+0000][7][gc,heap     ] GC(242) Old regions: 24->24
[2024-02-07T01:35:56.703+0000][7][gc,heap     ] GC(242) Archive regions: 2->2
[2024-02-07T01:35:56.703+0000][7][gc,heap     ] GC(242) Humongous regions: 0->0
[2024-02-07T01:35:56.703+0000][7][gc,metaspace] GC(242) Metaspace: 128690K(132160K)->128690K(132160K) NonClass: 111843K(113664K)->111843K(113664K) Class: 16847K(18496K)->16847K(18496K)
[2024-02-07T01:35:56.703+0000][7][gc          ] GC(242) Pause Young (Normal) (G1 Evacuation Pause) 708M->100M(1024M) 3.460ms
[2024-02-07T01:35:56.703+0000][7][gc,cpu      ] GC(242) User=0.01s Sys=0.01s Real=0.01s
[2024-02-07T01:35:56.703+0000][7][safepoint   ] Safepoint "G1CollectForAllocation", Time since last: 149041797432 ns, Reaching safepoint: 63791 ns, At safepoint: 3556592 ns, Total: 3620383 ns
[2024-02-07T01:37:02.709+0000][7][safepoint   ] Safepoint "Cleanup", Time since last: 66006112499 ns, Reaching safepoint: 97203 ns, At safepoint: 5509 ns, Total: 102712 ns
[2024-02-07T01:37:08.710+0000][7][safepoint   ] Safepoint "Cleanup", Time since last: 6000641962 ns, Reaching safepoint: 69019 ns, At safepoint: 18277 ns, Total: 87296 ns
[2024-02-07T01:38:59.702+0000][7][gc,start    ] GC(243) Pause Young (Normal) (G1 Evacuation Pause)
[2024-02-07T01:38:59.702+0000][7][gc,task     ] GC(243) Using 8 workers of 8 for evacuation
[2024-02-07T01:38:59.702+0000][7][gc,age      ] GC(243) Desired survivor size 41943040 bytes, new threshold 15 (max threshold 15)
[2024-02-07T01:38:59.705+0000][7][gc,phases   ] GC(243)   Pre Evacuate Collection Set: 0.1ms
[2024-02-07T01:38:59.705+0000][7][gc,phases   ] GC(243)   Merge Heap Roots: 0.1ms
[2024-02-07T01:38:59.705+0000][7][gc,phases   ] GC(243)   Evacuate Collection Set: 2.4ms
[2024-02-07T01:38:59.705+0000][7][gc,phases   ] GC(243)   Post Evacuate Collection Set: 0.9ms
[2024-02-07T01:38:59.705+0000][7][gc,phases   ] GC(243)   Other: 0.1ms
[2024-02-07T01:38:59.705+0000][7][gc,age      ] GC(243) Age table with threshold 15 (max threshold 15)
[2024-02-07T01:38:59.705+0000][7][gc,age      ] GC(243) - age   1:    1587016 bytes,    1587016 total
[2024-02-07T01:38:59.705+0000][7][gc,age      ] GC(243) - age   2:      14112 bytes,    1601128 total
[2024-02-07T01:38:59.705+0000][7][gc,age      ] GC(243) - age   3:      20616 bytes,    1621744 total
[2024-02-07T01:38:59.705+0000][7][gc,age      ] GC(243) - age   4:       5224 bytes,    1626968 total
[2024-02-07T01:38:59.705+0000][7][gc,age      ] GC(243) - age   5:     207400 bytes,    1834368 total
[2024-02-07T01:38:59.705+0000][7][gc,age      ] GC(243) - age   6:       2632 bytes,    1837000 total
[2024-02-07T01:38:59.705+0000][7][gc,age      ] GC(243) - age   7:    1588704 bytes,    3425704 total
[2024-02-07T01:38:59.705+0000][7][gc,age      ] GC(243) - age   8:     102736 bytes,    3528440 total
[2024-02-07T01:38:59.705+0000][7][gc,age      ] GC(243) - age   9:        544 bytes,    3528984 total
[2024-02-07T01:38:59.705+0000][7][gc,age      ] GC(243) - age  12:         88 bytes,    3529072 total
[2024-02-07T01:38:59.705+0000][7][gc,age      ] GC(243) - age  13:         24 bytes,    3529096 total
[2024-02-07T01:38:59.705+0000][7][gc,age      ] GC(243) - age  14:     131088 bytes,    3660184 total
[2024-02-07T01:38:59.705+0000][7][gc,age      ] GC(243) - age  15:        208 bytes,    3660392 total
[2024-02-07T01:38:59.705+0000][7][gc,heap     ] GC(243) Eden regions: 152->0(152)
[2024-02-07T01:38:59.705+0000][7][gc,heap     ] GC(243) Survivor regions: 1->1(20)
[2024-02-07T01:38:59.705+0000][7][gc,heap     ] GC(243) Old regions: 24->24
[2024-02-07T01:38:59.705+0000][7][gc,heap     ] GC(243) Archive regions: 2->2
[2024-02-07T01:38:59.705+0000][7][gc,heap     ] GC(243) Humongous regions: 0->0
[2024-02-07T01:38:59.705+0000][7][gc,metaspace] GC(243) Metaspace: 128690K(132160K)->128690K(132160K) NonClass: 111843K(113664K)->111843K(113664K) Class: 16847K(18496K)->16847K(18496K)
[2024-02-07T01:38:59.705+0000][7][gc          ] GC(243) Pause Young (Normal) (G1 Evacuation Pause) 708M->100M(1024M) 3.918ms
[2024-02-07T01:38:59.706+0000][7][gc,cpu      ] GC(243) User=0.02s Sys=0.00s Real=0.00s
[2024-02-07T01:38:59.706+0000][7][safepoint   ] Safepoint "G1CollectForAllocation", Time since last: 110991583815 ns, Reaching safepoint: 74368 ns, At safepoint: 4024081 ns, Total: 4098449 ns
[2024-02-07T01:39:57.712+0000][7][safepoint   ] Safepoint "Cleanup", Time since last: 58005889460 ns, Reaching safepoint: 100866 ns, At safepoint: 5972 ns, Total: 106838 ns
[2024-02-07T01:40:59.718+0000][7][safepoint   ] Safepoint "Cleanup", Time since last: 62006300796 ns, Reaching safepoint: 97521 ns, At safepoint: 10988 ns, Total: 108509 ns
[2024-02-07T01:41:56.862+0000][7][gc,start    ] GC(244) Pause Young (Normal) (G1 Evacuation Pause)
[2024-02-07T01:41:56.862+0000][7][gc,task     ] GC(244) Using 8 workers of 8 for evacuation
[2024-02-07T01:41:56.862+0000][7][gc,age      ] GC(244) Desired survivor size 41943040 bytes, new threshold 15 (max threshold 15)
[2024-02-07T01:41:56.865+0000][7][gc,phases   ] GC(244)   Pre Evacuate Collection Set: 0.1ms
[2024-02-07T01:41:56.865+0000][7][gc,phases   ] GC(244)   Merge Heap Roots: 0.0ms
[2024-02-07T01:41:56.865+0000][7][gc,phases   ] GC(244)   Evacuate Collection Set: 1.9ms
[2024-02-07T01:41:56.865+0000][7][gc,phases   ] GC(244)   Post Evacuate Collection Set: 0.6ms
[2024-02-07T01:41:56.865+0000][7][gc,phases   ] GC(244)   Other: 0.1ms
[2024-02-07T01:41:56.865+0000][7][gc,age      ] GC(244) Age table with threshold 15 (max threshold 15)
[2024-02-07T01:41:56.865+0000][7][gc,age      ] GC(244) - age   1:    2076976 bytes,    2076976 total
[2024-02-07T01:41:56.865+0000][7][gc,age      ] GC(244) - age   2:       3128 bytes,    2080104 total
[2024-02-07T01:41:56.865+0000][7][gc,age      ] GC(244) - age   3:      11640 bytes,    2091744 total
[2024-02-07T01:41:56.865+0000][7][gc,age      ] GC(244) - age   4:      19672 bytes,    2111416 total
[2024-02-07T01:41:56.865+0000][7][gc,age      ] GC(244) - age   5:       5224 bytes,    2116640 total
[2024-02-07T01:41:56.865+0000][7][gc,age      ] GC(244) - age   6:     207400 bytes,    2324040 total
[2024-02-07T01:41:56.865+0000][7][gc,age      ] GC(244) - age   7:       2632 bytes,    2326672 total
[2024-02-07T01:41:56.865+0000][7][gc,age      ] GC(244) - age   8:    1588672 bytes,    3915344 total
[2024-02-07T01:41:56.865+0000][7][gc,age      ] GC(244) - age   9:     102736 bytes,    4018080 total
[2024-02-07T01:41:56.865+0000][7][gc,age      ] GC(244) - age  10:        360 bytes,    4018440 total
[2024-02-07T01:41:56.865+0000][7][gc,age      ] GC(244) - age  13:         88 bytes,    4018528 total
[2024-02-07T01:41:56.865+0000][7][gc,age      ] GC(244) - age  14:         24 bytes,    4018552 total
[2024-02-07T01:41:56.865+0000][7][gc,age      ] GC(244) - age  15:     131088 bytes,    4149640 total
[2024-02-07T01:41:56.865+0000][7][gc,heap     ] GC(244) Eden regions: 152->0(151)
[2024-02-07T01:41:56.865+0000][7][gc,heap     ] GC(244) Survivor regions: 1->2(20)
[2024-02-07T01:41:56.865+0000][7][gc,heap     ] GC(244) Old regions: 24->24
[2024-02-07T01:41:56.865+0000][7][gc,heap     ] GC(244) Archive regions: 2->2
[2024-02-07T01:41:56.865+0000][7][gc,heap     ] GC(244) Humongous regions: 0->0
[2024-02-07T01:41:56.865+0000][7][gc,metaspace] GC(244) Metaspace: 128690K(132160K)->128690K(132160K) NonClass: 111843K(113664K)->111843K(113664K) Class: 16847K(18496K)->16847K(18496K)
[2024-02-07T01:41:56.865+0000][7][gc          ] GC(244) Pause Young (Normal) (G1 Evacuation Pause) 708M->101M(1024M) 2.818ms
[2024-02-07T01:41:56.865+0000][7][gc,cpu      ] GC(244) User=0.02s Sys=0.00s Real=0.00s
[2024-02-07T01:41:56.865+0000][7][safepoint   ] Safepoint "G1CollectForAllocation", Time since last: 57143878352 ns, Reaching safepoint: 39906 ns, At safepoint: 2885955 ns, Total: 2925861 ns
[2024-02-07T01:46:47.610+0000][7][gc,start    ] GC(245) Pause Young (Normal) (G1 Evacuation Pause)
[2024-02-07T01:46:47.610+0000][7][gc,task     ] GC(245) Using 8 workers of 8 for evacuation
[2024-02-07T01:46:47.610+0000][7][gc,age      ] GC(245) Desired survivor size 41943040 bytes, new threshold 15 (max threshold 15)
[2024-02-07T01:46:47.613+0000][7][gc,phases   ] GC(245)   Pre Evacuate Collection Set: 0.1ms
[2024-02-07T01:46:47.613+0000][7][gc,phases   ] GC(245)   Merge Heap Roots: 0.1ms
[2024-02-07T01:46:47.613+0000][7][gc,phases   ] GC(245)   Evacuate Collection Set: 1.8ms
[2024-02-07T01:46:47.613+0000][7][gc,phases   ] GC(245)   Post Evacuate Collection Set: 0.6ms
[2024-02-07T01:46:47.613+0000][7][gc,phases   ] GC(245)   Other: 0.1ms
[2024-02-07T01:46:47.613+0000][7][gc,age      ] GC(245) Age table with threshold 15 (max threshold 15)
[2024-02-07T01:46:47.613+0000][7][gc,age      ] GC(245) - age   1:    1745048 bytes,    1745048 total
[2024-02-07T01:46:47.613+0000][7][gc,age      ] GC(245) - age   2:       4248 bytes,    1749296 total
[2024-02-07T01:46:47.613+0000][7][gc,age      ] GC(245) - age   3:       1784 bytes,    1751080 total
[2024-02-07T01:46:47.613+0000][7][gc,age      ] GC(245) - age   4:      11544 bytes,    1762624 total
[2024-02-07T01:46:47.613+0000][7][gc,age      ] GC(245) - age   5:      19672 bytes,    1782296 total
[2024-02-07T01:46:47.613+0000][7][gc,age      ] GC(245) - age   6:       5224 bytes,    1787520 total
[2024-02-07T01:46:47.613+0000][7][gc,age      ] GC(245) - age   7:     207400 bytes,    1994920 total
[2024-02-07T01:46:47.613+0000][7][gc,age      ] GC(245) - age   8:       2632 bytes,    1997552 total
[2024-02-07T01:46:47.613+0000][7][gc,age      ] GC(245) - age   9:    1588584 bytes,    3586136 total
[2024-02-07T01:46:47.613+0000][7][gc,age      ] GC(245) - age  10:     102736 bytes,    3688872 total
[2024-02-07T01:46:47.613+0000][7][gc,age      ] GC(245) - age  11:        360 bytes,    3689232 total
[2024-02-07T01:46:47.613+0000][7][gc,age      ] GC(245) - age  14:         88 bytes,    3689320 total
[2024-02-07T01:46:47.613+0000][7][gc,age      ] GC(245) - age  15:         24 bytes,    3689344 total
[2024-02-07T01:46:47.613+0000][7][gc,heap     ] GC(245) Eden regions: 151->0(152)
[2024-02-07T01:46:47.613+0000][7][gc,heap     ] GC(245) Survivor regions: 2->1(20)
[2024-02-07T01:46:47.613+0000][7][gc,heap     ] GC(245) Old regions: 24->24
[2024-02-07T01:46:47.613+0000][7][gc,heap     ] GC(245) Archive regions: 2->2
[2024-02-07T01:46:47.613+0000][7][gc,heap     ] GC(245) Humongous regions: 0->0
[2024-02-07T01:46:47.613+0000][7][gc,metaspace] GC(245) Metaspace: 128690K(132160K)->128690K(132160K) NonClass: 111843K(113664K)->111843K(113664K) Class: 16847K(18496K)->16847K(18496K)
[2024-02-07T01:46:47.613+0000][7][gc          ] GC(245) Pause Young (Normal) (G1 Evacuation Pause) 705M->101M(1024M) 2.799ms
[2024-02-07T01:46:47.613+0000][7][gc,cpu      ] GC(245) User=0.02s Sys=0.01s Real=0.00s
[2024-02-07T01:46:47.613+0000][7][safepoint   ] Safepoint "G1CollectForAllocation", Time since last: 159383758582 ns, Reaching safepoint: 44239 ns, At safepoint: 2881904 ns, Total: 2926143 ns
[2024-02-07T21:45:23.396+0000][7][safepoint   ] Safepoint "Cleanup", Time since last: 57295489452 ns, Reaching safepoint: 53792 ns, At safepoint: 3390 ns, Total: 57182 ns
[2024-02-07T21:45:24.396+0000][7][safepoint   ] Safepoint "Cleanup", Time since last: 1000129000 ns, Reaching safepoint: 80083 ns, At safepoint: 12816 ns, Total: 92899 ns
[2024-02-07T21:45:26.396+0000][7][safepoint   ] Safepoint "Cleanup", Time since last: 2000278550 ns, Reaching safepoint: 52225 ns, At safepoint: 4127 ns, Total: 56352 ns
[2024-02-07T21:45:38.398+0000][7][safepoint   ] Safepoint "Cleanup", Time since last: 12001072041 ns, Reaching safepoint: 52288 ns, At safepoint: 9399 ns, Total: 61687 ns
[2024-02-07T21:45:56.400+0000][7][safepoint   ] Safepoint "Cleanup", Time since last: 18002220446 ns, Reaching safepoint: 81115 ns, At safepoint: 3753 ns, Total: 84868 ns
[2024-02-07T21:46:23.402+0000][7][safepoint   ] Safepoint "Cleanup", Time since last: 27002408233 ns, Reaching safepoint: 45035 ns, At safepoint: 25079 ns, Total: 70114 ns
[2024-02-07T21:47:17.120+0000][7][gc,start    ] GC(246) Pause Young (Normal) (G1 Evacuation Pause)
[2024-02-07T21:47:17.120+0000][7][gc,task     ] GC(246) Using 8 workers of 8 for evacuation
[2024-02-07T21:47:17.120+0000][7][gc,age      ] GC(246) Desired survivor size 41943040 bytes, new threshold 15 (max threshold 15)
[2024-02-07T21:47:17.123+0000][7][gc,phases   ] GC(246)   Pre Evacuate Collection Set: 0.2ms
[2024-02-07T21:47:17.123+0000][7][gc,phases   ] GC(246)   Merge Heap Roots: 0.1ms
[2024-02-07T21:47:17.123+0000][7][gc,phases   ] GC(246)   Evacuate Collection Set: 2.1ms
[2024-02-07T21:47:17.123+0000][7][gc,phases   ] GC(246)   Post Evacuate Collection Set: 0.8ms
[2024-02-07T21:47:17.123+0000][7][gc,phases   ] GC(246)   Other: 0.1ms
[2024-02-07T21:47:17.123+0000][7][gc,age      ] GC(246) Age table with threshold 15 (max threshold 15)
[2024-02-07T21:47:17.123+0000][7][gc,age      ] GC(246) - age   1:    1418800 bytes,    1418800 total
[2024-02-07T21:47:17.123+0000][7][gc,age      ] GC(246) - age   2:       1472 bytes,    1420272 total
[2024-02-07T21:47:17.123+0000][7][gc,age      ] GC(246) - age   3:       1080 bytes,    1421352 total
[2024-02-07T21:47:17.123+0000][7][gc,age      ] GC(246) - age   4:       1064 bytes,    1422416 total
[2024-02-07T21:47:17.123+0000][7][gc,age      ] GC(246) - age   5:       8384 bytes,    1430800 total
[2024-02-07T21:47:17.123+0000][7][gc,age      ] GC(246) - age   6:         32 bytes,    1430832 total
[2024-02-07T21:47:17.123+0000][7][gc,age      ] GC(246) - age   7:        472 bytes,    1431304 total
[2024-02-07T21:47:17.123+0000][7][gc,age      ] GC(246) - age   8:      32136 bytes,    1463440 total
[2024-02-07T21:47:17.123+0000][7][gc,age      ] GC(246) - age   9:       2632 bytes,    1466072 total
[2024-02-07T21:47:17.123+0000][7][gc,age      ] GC(246) - age  10:    1577688 bytes,    3043760 total
[2024-02-07T21:47:17.123+0000][7][gc,age      ] GC(246) - age  11:     102016 bytes,    3145776 total
[2024-02-07T21:47:17.123+0000][7][gc,age      ] GC(246) - age  12:        360 bytes,    3146136 total
[2024-02-07T21:47:17.123+0000][7][gc,age      ] GC(246) - age  15:         88 bytes,    3146224 total
[2024-02-07T21:47:17.123+0000][7][gc,heap     ] GC(246) Eden regions: 152->0(152)
[2024-02-07T21:47:17.123+0000][7][gc,heap     ] GC(246) Survivor regions: 1->1(20)
[2024-02-07T21:47:17.123+0000][7][gc,heap     ] GC(246) Old regions: 24->24
[2024-02-07T21:47:17.123+0000][7][gc,heap     ] GC(246) Archive regions: 2->2
[2024-02-07T21:47:17.123+0000][7][gc,heap     ] GC(246) Humongous regions: 0->0
[2024-02-07T21:47:17.123+0000][7][gc,metaspace] GC(246) Metaspace: 128712K(132224K)->128712K(132224K) NonClass: 111865K(113728K)->111865K(113728K) Class: 16847K(18496K)->16847K(18496K)
[2024-02-07T21:47:17.124+0000][7][gc          ] GC(246) Pause Young (Normal) (G1 Evacuation Pause) 709M->100M(1024M) 3.525ms
[2024-02-07T21:47:17.124+0000][7][gc,cpu      ] GC(246) User=0.02s Sys=0.00s Real=0.01s
[2024-02-07T21:47:17.124+0000][7][safepoint   ] Safepoint "G1CollectForAllocation", Time since last: 53717469590 ns, Reaching safepoint: 120649 ns, At safepoint: 3625179 ns, Total: 3745828 ns
[2024-02-07T21:47:33.125+0000][7][safepoint   ] Safepoint "Cleanup", Time since last: 16001479401 ns, Reaching safepoint: 72741 ns, At safepoint: 6027 ns, Total: 78768 ns
[2024-02-07T21:47:53.127+0000][7][safepoint   ] Safepoint "Cleanup", Time since last: 20001806234 ns, Reaching safepoint: 99418 ns, At safepoint: 14159 ns, Total: 113577 ns
[2024-02-07T21:48:05.129+0000][7][safepoint   ] Safepoint "Cleanup", Time since last: 12001440170 ns, Reaching safepoint: 148010 ns, At safepoint: 14512 ns, Total: 162522 ns
[2024-02-07T21:48:30.132+0000][7][safepoint   ] Safepoint "Cleanup", Time since last: 25002803623 ns, Reaching safepoint: 100237 ns, At safepoint: 8707 ns, Total: 108944 ns
[2024-02-07T21:50:21.145+0000][7][safepoint   ] Safepoint "Cleanup", Time since last: 111013678662 ns, Reaching safepoint: 101826 ns, At safepoint: 11811 ns, Total: 113637 ns
[2024-02-07T21:50:26.825+0000][7][gc,start    ] GC(247) Pause Young (Normal) (G1 Evacuation Pause)
[2024-02-07T21:50:26.825+0000][7][gc,task     ] GC(247) Using 8 workers of 8 for evacuation
[2024-02-07T21:50:26.825+0000][7][gc,age      ] GC(247) Desired survivor size 41943040 bytes, new threshold 15 (max threshold 15)
[2024-02-07T21:50:26.830+0000][7][gc,phases   ] GC(247)   Pre Evacuate Collection Set: 0.2ms
[2024-02-07T21:50:26.830+0000][7][gc,phases   ] GC(247)   Merge Heap Roots: 0.1ms
[2024-02-07T21:50:26.830+0000][7][gc,phases   ] GC(247)   Evacuate Collection Set: 2.9ms
[2024-02-07T21:50:26.830+0000][7][gc,phases   ] GC(247)   Post Evacuate Collection Set: 1.0ms
[2024-02-07T21:50:26.830+0000][7][gc,phases   ] GC(247)   Other: 0.1ms
[2024-02-07T21:50:26.830+0000][7][gc,age      ] GC(247) Age table with threshold 15 (max threshold 15)
[2024-02-07T21:50:26.830+0000][7][gc,age      ] GC(247) - age   1:    1517896 bytes,    1517896 total
[2024-02-07T21:50:26.830+0000][7][gc,age      ] GC(247) - age   2:     290216 bytes,    1808112 total
[2024-02-07T21:50:26.830+0000][7][gc,age      ] GC(247) - age   4:        952 bytes,    1809064 total
[2024-02-07T21:50:26.830+0000][7][gc,age      ] GC(247) - age   5:       1064 bytes,    1810128 total
[2024-02-07T21:50:26.830+0000][7][gc,age      ] GC(247) - age   6:       8200 bytes,    1818328 total
[2024-02-07T21:50:26.830+0000][7][gc,age      ] GC(247) - age   7:         32 bytes,    1818360 total
[2024-02-07T21:50:26.830+0000][7][gc,age      ] GC(247) - age   8:        472 bytes,    1818832 total
[2024-02-07T21:50:26.830+0000][7][gc,age      ] GC(247) - age   9:        264 bytes,    1819096 total
[2024-02-07T21:50:26.830+0000][7][gc,age      ] GC(247) - age  10:       2632 bytes,    1821728 total
[2024-02-07T21:50:26.830+0000][7][gc,age      ] GC(247) - age  11:    1577688 bytes,    3399416 total
[2024-02-07T21:50:26.830+0000][7][gc,age      ] GC(247) - age  12:     102016 bytes,    3501432 total
[2024-02-07T21:50:26.830+0000][7][gc,age      ] GC(247) - age  13:        360 bytes,    3501792 total
[2024-02-07T21:50:26.830+0000][7][gc,heap     ] GC(247) Eden regions: 152->0(152)
[2024-02-07T21:50:26.830+0000][7][gc,heap     ] GC(247) Survivor regions: 1->1(20)
[2024-02-07T21:50:26.830+0000][7][gc,heap     ] GC(247) Old regions: 24->24
[2024-02-07T21:50:26.830+0000][7][gc,heap     ] GC(247) Archive regions: 2->2
[2024-02-07T21:50:26.830+0000][7][gc,heap     ] GC(247) Humongous regions: 0->0
[2024-02-07T21:50:26.830+0000][7][gc,metaspace] GC(247) Metaspace: 128718K(132224K)->128718K(132224K) NonClass: 111871K(113728K)->111871K(113728K) Class: 16847K(18496K)->16847K(18496K)
[2024-02-07T21:50:26.830+0000][7][gc          ] GC(247) Pause Young (Normal) (G1 Evacuation Pause) 708M->100M(1024M) 4.698ms
[2024-02-07T21:50:26.830+0000][7][gc,cpu      ] GC(247) User=0.02s Sys=0.02s Real=0.01s
[2024-02-07T21:50:26.830+0000][7][safepoint   ] Safepoint "G1CollectForAllocation", Time since last: 5679667361 ns, Reaching safepoint: 49946 ns, At safepoint: 4811098 ns, Total: 4861044 ns
[2024-02-07T21:52:50.850+0000][7][safepoint   ] Safepoint "Cleanup", Time since last: 144019807416 ns, Reaching safepoint: 122939 ns, At safepoint: 7779 ns, Total: 130718 ns
[2024-02-07T21:53:14.853+0000][7][safepoint   ] Safepoint "Cleanup", Time since last: 24003265296 ns, Reaching safepoint: 114654 ns, At safepoint: 10294 ns, Total: 124948 ns
[2024-02-07T21:53:26.159+0000][7][gc,start    ] GC(248) Pause Young (Normal) (G1 Evacuation Pause)
[2024-02-07T21:53:26.159+0000][7][gc,task     ] GC(248) Using 8 workers of 8 for evacuation
[2024-02-07T21:53:26.159+0000][7][gc,age      ] GC(248) Desired survivor size 41943040 bytes, new threshold 15 (max threshold 15)
[2024-02-07T21:53:26.163+0000][7][gc,phases   ] GC(248)   Pre Evacuate Collection Set: 0.1ms
[2024-02-07T21:53:26.163+0000][7][gc,phases   ] GC(248)   Merge Heap Roots: 0.1ms
[2024-02-07T21:53:26.163+0000][7][gc,phases   ] GC(248)   Evacuate Collection Set: 2.5ms
[2024-02-07T21:53:26.163+0000][7][gc,phases   ] GC(248)   Post Evacuate Collection Set: 0.8ms
[2024-02-07T21:53:26.163+0000][7][gc,phases   ] GC(248)   Other: 0.1ms
[2024-02-07T21:53:26.163+0000][7][gc,age      ] GC(248) Age table with threshold 15 (max threshold 15)
[2024-02-07T21:53:26.163+0000][7][gc,age      ] GC(248) - age   1:     813672 bytes,     813672 total
[2024-02-07T21:53:26.163+0000][7][gc,age      ] GC(248) - age   2:     103720 bytes,     917392 total
[2024-02-07T21:53:26.163+0000][7][gc,age      ] GC(248) - age   3:     288160 bytes,    1205552 total
[2024-02-07T21:53:26.163+0000][7][gc,age      ] GC(248) - age   5:        208 bytes,    1205760 total
[2024-02-07T21:53:26.163+0000][7][gc,age      ] GC(248) - age   6:       1064 bytes,    1206824 total
[2024-02-07T21:53:26.163+0000][7][gc,age      ] GC(248) - age   7:       8200 bytes,    1215024 total
[2024-02-07T21:53:26.163+0000][7][gc,age      ] GC(248) - age   9:        472 bytes,    1215496 total
[2024-02-07T21:53:26.163+0000][7][gc,age      ] GC(248) - age  10:        264 bytes,    1215760 total
[2024-02-07T21:53:26.163+0000][7][gc,age      ] GC(248) - age  11:       2632 bytes,    1218392 total
[2024-02-07T21:53:26.163+0000][7][gc,age      ] GC(248) - age  12:    1577688 bytes,    2796080 total
[2024-02-07T21:53:26.163+0000][7][gc,age      ] GC(248) - age  13:     102016 bytes,    2898096 total
[2024-02-07T21:53:26.163+0000][7][gc,age      ] GC(248) - age  14:        360 bytes,    2898456 total
[2024-02-07T21:53:26.163+0000][7][gc,heap     ] GC(248) Eden regions: 152->0(152)
[2024-02-07T21:53:26.163+0000][7][gc,heap     ] GC(248) Survivor regions: 1->1(20)
[2024-02-07T21:53:26.163+0000][7][gc,heap     ] GC(248) Old regions: 24->24
[2024-02-07T21:53:26.163+0000][7][gc,heap     ] GC(248) Archive regions: 2->2
[2024-02-07T21:53:26.163+0000][7][gc,heap     ] GC(248) Humongous regions: 0->0
[2024-02-07T21:53:26.163+0000][7][gc,metaspace] GC(248) Metaspace: 128722K(132224K)->128722K(132224K) NonClass: 111874K(113728K)->111874K(113728K) Class: 16847K(18496K)->16847K(18496K)
[2024-02-07T21:53:26.163+0000][7][gc          ] GC(248) Pause Young (Normal) (G1 Evacuation Pause) 708M->100M(1024M) 3.982ms
[2024-02-07T21:53:26.163+0000][7][gc,cpu      ] GC(248) User=0.02s Sys=0.00s Real=0.01s
[2024-02-07T21:53:26.163+0000][7][safepoint   ] Safepoint "G1CollectForAllocation", Time since last: 11305608419 ns, Reaching safepoint: 76631 ns, At safepoint: 4087603 ns, Total: 4164234 ns
[2024-02-07T21:54:53.172+0000][7][safepoint   ] Safepoint "Cleanup", Time since last: 87008963757 ns, Reaching safepoint: 165282 ns, At safepoint: 17100 ns, Total: 182382 ns
[2024-02-07T21:55:21.175+0000][7][safepoint   ] Safepoint "Cleanup", Time since last: 28002869043 ns, Reaching safepoint: 110795 ns, At safepoint: 12364 ns, Total: 123159 ns
[2024-02-07T21:56:32.261+0000][7][gc,start    ] GC(249) Pause Young (Normal) (G1 Evacuation Pause)
[2024-02-07T21:56:32.261+0000][7][gc,task     ] GC(249) Using 8 workers of 8 for evacuation
[2024-02-07T21:56:32.261+0000][7][gc,age      ] GC(249) Desired survivor size 41943040 bytes, new threshold 15 (max threshold 15)
[2024-02-07T21:56:32.265+0000][7][gc,phases   ] GC(249)   Pre Evacuate Collection Set: 0.1ms
[2024-02-07T21:56:32.265+0000][7][gc,phases   ] GC(249)   Merge Heap Roots: 0.1ms
[2024-02-07T21:56:32.265+0000][7][gc,phases   ] GC(249)   Evacuate Collection Set: 2.8ms
[2024-02-07T21:56:32.265+0000][7][gc,phases   ] GC(249)   Post Evacuate Collection Set: 1.0ms
[2024-02-07T21:56:32.265+0000][7][gc,phases   ] GC(249)   Other: 0.1ms
[2024-02-07T21:56:32.265+0000][7][gc,age      ] GC(249) Age table with threshold 15 (max threshold 15)
[2024-02-07T21:56:32.265+0000][7][gc,age      ] GC(249) - age   1:    1189872 bytes,    1189872 total
[2024-02-07T21:56:32.265+0000][7][gc,age      ] GC(249) - age   2:     124568 bytes,    1314440 total
[2024-02-07T21:56:32.265+0000][7][gc,age      ] GC(249) - age   3:      93480 bytes,    1407920 total
[2024-02-07T21:56:32.265+0000][7][gc,age      ] GC(249) - age   4:     284616 bytes,    1692536 total
[2024-02-07T21:56:32.265+0000][7][gc,age      ] GC(249) - age   6:        208 bytes,    1692744 total
[2024-02-07T21:56:32.265+0000][7][gc,age      ] GC(249) - age   7:       1064 bytes,    1693808 total
[2024-02-07T21:56:32.265+0000][7][gc,age      ] GC(249) - age   8:       8200 bytes,    1702008 total
[2024-02-07T21:56:32.265+0000][7][gc,age      ] GC(249) - age  10:        472 bytes,    1702480 total
[2024-02-07T21:56:32.265+0000][7][gc,age      ] GC(249) - age  11:        264 bytes,    1702744 total
[2024-02-07T21:56:32.265+0000][7][gc,age      ] GC(249) - age  12:       2632 bytes,    1705376 total
[2024-02-07T21:56:32.265+0000][7][gc,age      ] GC(249) - age  13:    1577688 bytes,    3283064 total
[2024-02-07T21:56:32.265+0000][7][gc,age      ] GC(249) - age  14:     102016 bytes,    3385080 total
[2024-02-07T21:56:32.265+0000][7][gc,age      ] GC(249) - age  15:        360 bytes,    3385440 total
[2024-02-07T21:56:32.265+0000][7][gc,heap     ] GC(249) Eden regions: 152->0(152)
[2024-02-07T21:56:32.265+0000][7][gc,heap     ] GC(249) Survivor regions: 1->1(20)
[2024-02-07T21:56:32.265+0000][7][gc,heap     ] GC(249) Old regions: 24->24
[2024-02-07T21:56:32.265+0000][7][gc,heap     ] GC(249) Archive regions: 2->2
[2024-02-07T21:56:32.265+0000][7][gc,heap     ] GC(249) Humongous regions: 0->0
[2024-02-07T21:56:32.265+0000][7][gc,metaspace] GC(249) Metaspace: 128723K(132224K)->128723K(132224K) NonClass: 111875K(113728K)->111875K(113728K) Class: 16847K(18496K)->16847K(18496K)
[2024-02-07T21:56:32.265+0000][7][gc          ] GC(249) Pause Young (Normal) (G1 Evacuation Pause) 708M->100M(1024M) 4.405ms
[2024-02-07T21:56:32.265+0000][7][gc,cpu      ] GC(249) User=0.03s Sys=0.00s Real=0.00s
[2024-02-07T21:56:32.265+0000][7][safepoint   ] Safepoint "G1CollectForAllocation", Time since last: 71085180358 ns, Reaching safepoint: 173662 ns, At safepoint: 4521043 ns, Total: 4694705 ns
[2024-02-07T21:58:05.278+0000][7][safepoint   ] Safepoint "Cleanup", Time since last: 93012929117 ns, Reaching safepoint: 119621 ns, At safepoint: 18081 ns, Total: 137702 ns
[2024-02-07T21:59:41.186+0000][7][gc,start    ] GC(250) Pause Young (Normal) (G1 Evacuation Pause)
[2024-02-07T21:59:41.186+0000][7][gc,task     ] GC(250) Using 8 workers of 8 for evacuation
[2024-02-07T21:59:41.186+0000][7][gc,age      ] GC(250) Desired survivor size 41943040 bytes, new threshold 15 (max threshold 15)
[2024-02-07T21:59:41.191+0000][7][gc,phases   ] GC(250)   Pre Evacuate Collection Set: 0.1ms
[2024-02-07T21:59:41.191+0000][7][gc,phases   ] GC(250)   Merge Heap Roots: 0.1ms
[2024-02-07T21:59:41.191+0000][7][gc,phases   ] GC(250)   Evacuate Collection Set: 3.0ms
[2024-02-07T21:59:41.191+0000][7][gc,phases   ] GC(250)   Post Evacuate Collection Set: 1.0ms
[2024-02-07T21:59:41.191+0000][7][gc,phases   ] GC(250)   Other: 0.1ms
[2024-02-07T21:59:41.191+0000][7][gc,age      ] GC(250) Age table with threshold 15 (max threshold 15)
[2024-02-07T21:59:41.191+0000][7][gc,age      ] GC(250) - age   1:    1465056 bytes,    1465056 total
[2024-02-07T21:59:41.191+0000][7][gc,age      ] GC(250) - age   2:      29992 bytes,    1495048 total
[2024-02-07T21:59:41.191+0000][7][gc,age      ] GC(250) - age   3:     123144 bytes,    1618192 total
[2024-02-07T21:59:41.191+0000][7][gc,age      ] GC(250) - age   4:      93120 bytes,    1711312 total
[2024-02-07T21:59:41.191+0000][7][gc,age      ] GC(250) - age   5:     284616 bytes,    1995928 total
[2024-02-07T21:59:41.191+0000][7][gc,age      ] GC(250) - age   7:        208 bytes,    1996136 total
[2024-02-07T21:59:41.191+0000][7][gc,age      ] GC(250) - age   8:        680 bytes,    1996816 total
[2024-02-07T21:59:41.191+0000][7][gc,age      ] GC(250) - age   9:       8200 bytes,    2005016 total
[2024-02-07T21:59:41.191+0000][7][gc,age      ] GC(250) - age  11:        472 bytes,    2005488 total
[2024-02-07T21:59:41.191+0000][7][gc,age      ] GC(250) - age  12:        264 bytes,    2005752 total
[2024-02-07T21:59:41.191+0000][7][gc,age      ] GC(250) - age  13:       2632 bytes,    2008384 total
[2024-02-07T21:59:41.191+0000][7][gc,age      ] GC(250) - age  14:    1577688 bytes,    3586072 total
[2024-02-07T21:59:41.191+0000][7][gc,age      ] GC(250) - age  15:     102016 bytes,    3688088 total
[2024-02-07T21:59:41.191+0000][7][gc,heap     ] GC(250) Eden regions: 152->0(152)
[2024-02-07T21:59:41.191+0000][7][gc,heap     ] GC(250) Survivor regions: 1->1(20)
[2024-02-07T21:59:41.191+0000][7][gc,heap     ] GC(250) Old regions: 24->24
[2024-02-07T21:59:41.191+0000][7][gc,heap     ] GC(250) Archive regions: 2->2
[2024-02-07T21:59:41.191+0000][7][gc,heap     ] GC(250) Humongous regions: 0->0
[2024-02-07T21:59:41.191+0000][7][gc,metaspace] GC(250) Metaspace: 128723K(132224K)->128723K(132224K) NonClass: 111876K(113728K)->111876K(113728K) Class: 16847K(18496K)->16847K(18496K)
[2024-02-07T21:59:41.191+0000][7][gc          ] GC(250) Pause Young (Normal) (G1 Evacuation Pause) 708M->100M(1024M) 4.662ms
[2024-02-07T21:59:41.191+0000][7][gc,cpu      ] GC(250) User=0.02s Sys=0.00s Real=0.01s
[2024-02-07T21:59:41.191+0000][7][safepoint   ] Safepoint "G1CollectForAllocation", Time since last: 95907870778 ns, Reaching safepoint: 68183 ns, At safepoint: 4766584 ns, Total: 4834767 ns
[2024-02-07T22:00:27.197+0000][7][safepoint   ] Safepoint "Cleanup", Time since last: 46005946061 ns, Reaching safepoint: 69118 ns, At safepoint: 7751 ns, Total: 76869 ns
[2024-02-07T22:02:38.695+0000][7][gc,start    ] GC(251) Pause Young (Normal) (G1 Evacuation Pause)
[2024-02-07T22:02:38.695+0000][7][gc,task     ] GC(251) Using 8 workers of 8 for evacuation
[2024-02-07T22:02:38.695+0000][7][gc,age      ] GC(251) Desired survivor size 41943040 bytes, new threshold 15 (max threshold 15)
[2024-02-07T22:02:38.699+0000][7][gc,phases   ] GC(251)   Pre Evacuate Collection Set: 0.1ms
[2024-02-07T22:02:38.699+0000][7][gc,phases   ] GC(251)   Merge Heap Roots: 0.1ms
[2024-02-07T22:02:38.699+0000][7][gc,phases   ] GC(251)   Evacuate Collection Set: 3.0ms
[2024-02-07T22:02:38.699+0000][7][gc,phases   ] GC(251)   Post Evacuate Collection Set: 0.9ms
[2024-02-07T22:02:38.699+0000][7][gc,phases   ] GC(251)   Other: 0.1ms
[2024-02-07T22:02:38.699+0000][7][gc,age      ] GC(251) Age table with threshold 15 (max threshold 15)
[2024-02-07T22:02:38.699+0000][7][gc,age      ] GC(251) - age   1:    1585696 bytes,    1585696 total
[2024-02-07T22:02:38.699+0000][7][gc,age      ] GC(251) - age   2:       2920 bytes,    1588616 total
[2024-02-07T22:02:38.699+0000][7][gc,age      ] GC(251) - age   3:      28104 bytes,    1616720 total
[2024-02-07T22:02:38.699+0000][7][gc,age      ] GC(251) - age   4:     122400 bytes,    1739120 total
[2024-02-07T22:02:38.699+0000][7][gc,age      ] GC(251) - age   5:      93120 bytes,    1832240 total
[2024-02-07T22:02:38.699+0000][7][gc,age      ] GC(251) - age   6:     276208 bytes,    2108448 total
[2024-02-07T22:02:38.699+0000][7][gc,age      ] GC(251) - age   8:        208 bytes,    2108656 total
[2024-02-07T22:02:38.699+0000][7][gc,age      ] GC(251) - age   9:        680 bytes,    2109336 total
[2024-02-07T22:02:38.699+0000][7][gc,age      ] GC(251) - age  10:       8200 bytes,    2117536 total
[2024-02-07T22:02:38.699+0000][7][gc,age      ] GC(251) - age  12:        472 bytes,    2118008 total
[2024-02-07T22:02:38.699+0000][7][gc,age      ] GC(251) - age  13:        264 bytes,    2118272 total
[2024-02-07T22:02:38.699+0000][7][gc,age      ] GC(251) - age  14:       2632 bytes,    2120904 total
[2024-02-07T22:02:38.699+0000][7][gc,age      ] GC(251) - age  15:    1577688 bytes,    3698592 total
[2024-02-07T22:02:38.699+0000][7][gc,heap     ] GC(251) Eden regions: 152->0(152)
[2024-02-07T22:02:38.699+0000][7][gc,heap     ] GC(251) Survivor regions: 1->1(20)
[2024-02-07T22:02:38.699+0000][7][gc,heap     ] GC(251) Old regions: 24->24
[2024-02-07T22:02:38.699+0000][7][gc,heap     ] GC(251) Archive regions: 2->2
[2024-02-07T22:02:38.699+0000][7][gc,heap     ] GC(251) Humongous regions: 0->0
[2024-02-07T22:02:38.699+0000][7][gc,metaspace] GC(251) Metaspace: 128724K(132224K)->128724K(132224K) NonClass: 111877K(113728K)->111877K(113728K) Class: 16847K(18496K)->16847K(18496K)
[2024-02-07T22:02:38.699+0000][7][gc          ] GC(251) Pause Young (Normal) (G1 Evacuation Pause) 708M->101M(1024M) 4.505ms
[2024-02-07T22:02:38.699+0000][7][gc,cpu      ] GC(251) User=0.03s Sys=0.00s Real=0.00s
[2024-02-07T22:02:38.699+0000][7][safepoint   ] Safepoint "G1CollectForAllocation", Time since last: 131497889325 ns, Reaching safepoint: 54109 ns, At safepoint: 4608380 ns, Total: 4662489 ns
[2024-02-07T22:03:59.711+0000][7][safepoint   ] Safepoint "Cleanup", Time since last: 81011873826 ns, Reaching safepoint: 122332 ns, At safepoint: 13229 ns, Total: 135561 ns
[2024-02-07T22:05:44.192+0000][7][gc,start    ] GC(252) Pause Young (Normal) (G1 Evacuation Pause)
[2024-02-07T22:05:44.192+0000][7][gc,task     ] GC(252) Using 8 workers of 8 for evacuation
[2024-02-07T22:05:44.192+0000][7][gc,age      ] GC(252) Desired survivor size 41943040 bytes, new threshold 15 (max threshold 15)
[2024-02-07T22:05:44.196+0000][7][gc,phases   ] GC(252)   Pre Evacuate Collection Set: 0.1ms
[2024-02-07T22:05:44.196+0000][7][gc,phases   ] GC(252)   Merge Heap Roots: 0.1ms
[2024-02-07T22:05:44.196+0000][7][gc,phases   ] GC(252)   Evacuate Collection Set: 2.9ms
[2024-02-07T22:05:44.196+0000][7][gc,phases   ] GC(252)   Post Evacuate Collection Set: 1.1ms
[2024-02-07T22:05:44.196+0000][7][gc,phases   ] GC(252)   Other: 0.1ms
[2024-02-07T22:05:44.196+0000][7][gc,age      ] GC(252) Age table with threshold 15 (max threshold 15)
[2024-02-07T22:05:44.196+0000][7][gc,age      ] GC(252) - age   1:    1304256 bytes,    1304256 total
[2024-02-07T22:05:44.196+0000][7][gc,age      ] GC(252) - age   2:      12120 bytes,    1316376 total
[2024-02-07T22:05:44.196+0000][7][gc,age      ] GC(252) - age   3:        648 bytes,    1317024 total
[2024-02-07T22:05:44.196+0000][7][gc,age      ] GC(252) - age   4:      24312 bytes,    1341336 total
[2024-02-07T22:05:44.196+0000][7][gc,age      ] GC(252) - age   5:     122400 bytes,    1463736 total
[2024-02-07T22:05:44.196+0000][7][gc,age      ] GC(252) - age   6:      93120 bytes,    1556856 total
[2024-02-07T22:05:44.196+0000][7][gc,age      ] GC(252) - age   7:     243904 bytes,    1800760 total
[2024-02-07T22:05:44.196+0000][7][gc,age      ] GC(252) - age   9:        208 bytes,    1800968 total
[2024-02-07T22:05:44.196+0000][7][gc,age      ] GC(252) - age  10:        680 bytes,    1801648 total
[2024-02-07T22:05:44.196+0000][7][gc,age      ] GC(252) - age  11:       8200 bytes,    1809848 total
[2024-02-07T22:05:44.196+0000][7][gc,age      ] GC(252) - age  13:        288 bytes,    1810136 total
[2024-02-07T22:05:44.196+0000][7][gc,age      ] GC(252) - age  14:        264 bytes,    1810400 total
[2024-02-07T22:05:44.196+0000][7][gc,age      ] GC(252) - age  15:       2632 bytes,    1813032 total
[2024-02-07T22:05:44.196+0000][7][gc,heap     ] GC(252) Eden regions: 152->0(152)
[2024-02-07T22:05:44.196+0000][7][gc,heap     ] GC(252) Survivor regions: 1->1(20)
[2024-02-07T22:05:44.196+0000][7][gc,heap     ] GC(252) Old regions: 24->24
[2024-02-07T22:05:44.196+0000][7][gc,heap     ] GC(252) Archive regions: 2->2
[2024-02-07T22:05:44.196+0000][7][gc,heap     ] GC(252) Humongous regions: 0->0
[2024-02-07T22:05:44.196+0000][7][gc,metaspace] GC(252) Metaspace: 128724K(132224K)->128724K(132224K) NonClass: 111877K(113728K)->111877K(113728K) Class: 16847K(18496K)->16847K(18496K)
[2024-02-07T22:05:44.196+0000][7][gc          ] GC(252) Pause Young (Normal) (G1 Evacuation Pause) 709M->100M(1024M) 4.783ms
[2024-02-07T22:05:44.196+0000][7][gc,cpu      ] GC(252) User=0.03s Sys=0.00s Real=0.00s
[2024-02-07T22:05:44.196+0000][7][safepoint   ] Safepoint "G1CollectForAllocation", Time since last: 104480098764 ns, Reaching safepoint: 89862 ns, At safepoint: 4896358 ns, Total: 4986220 ns
[2024-02-07T22:06:18.201+0000][7][safepoint   ] Safepoint "Cleanup", Time since last: 34004361699 ns, Reaching safepoint: 138824 ns, At safepoint: 19783 ns, Total: 158607 ns
[2024-02-07T22:07:09.208+0000][7][safepoint   ] Safepoint "Cleanup", Time since last: 51006926535 ns, Reaching safepoint: 125265 ns, At safepoint: 10142 ns, Total: 135407 ns
[2024-02-07T22:07:56.214+0000][7][safepoint   ] Safepoint "Cleanup", Time since last: 47005959559 ns, Reaching safepoint: 151836 ns, At safepoint: 15674 ns, Total: 167510 ns
[2024-02-07T22:07:57.215+0000][7][safepoint   ] Safepoint "Cleanup", Time since last: 1000248909 ns, Reaching safepoint: 79385 ns, At safepoint: 9082 ns, Total: 88467 ns
[2024-02-07T22:08:05.658+0000][7][gc,start    ] GC(253) Pause Young (Normal) (G1 Evacuation Pause)
[2024-02-07T22:08:05.658+0000][7][gc,task     ] GC(253) Using 8 workers of 8 for evacuation
[2024-02-07T22:08:05.658+0000][7][gc,age      ] GC(253) Desired survivor size 41943040 bytes, new threshold 15 (max threshold 15)
[2024-02-07T22:08:05.661+0000][7][gc,phases   ] GC(253)   Pre Evacuate Collection Set: 0.1ms
[2024-02-07T22:08:05.661+0000][7][gc,phases   ] GC(253)   Merge Heap Roots: 0.1ms
[2024-02-07T22:08:05.661+0000][7][gc,phases   ] GC(253)   Evacuate Collection Set: 1.9ms
[2024-02-07T22:08:05.661+0000][7][gc,phases   ] GC(253)   Post Evacuate Collection Set: 0.9ms
[2024-02-07T22:08:05.661+0000][7][gc,phases   ] GC(253)   Other: 0.1ms
[2024-02-07T22:08:05.661+0000][7][gc,age      ] GC(253) Age table with threshold 15 (max threshold 15)
[2024-02-07T22:08:05.661+0000][7][gc,age      ] GC(253) - age   1:    1464528 bytes,    1464528 total
[2024-02-07T22:08:05.661+0000][7][gc,age      ] GC(253) - age   2:       6184 bytes,    1470712 total
[2024-02-07T22:08:05.661+0000][7][gc,age      ] GC(253) - age   3:       2056 bytes,    1472768 total
[2024-02-07T22:08:05.662+0000][7][gc,age      ] GC(253) - age   4:        432 bytes,    1473200 total
[2024-02-07T22:08:05.662+0000][7][gc,age      ] GC(253) - age   5:      24312 bytes,    1497512 total
[2024-02-07T22:08:05.662+0000][7][gc,age      ] GC(253) - age   6:     122400 bytes,    1619912 total
[2024-02-07T22:08:05.662+0000][7][gc,age      ] GC(253) - age   7:      93120 bytes,    1713032 total
[2024-02-07T22:08:05.662+0000][7][gc,age      ] GC(253) - age   8:     243904 bytes,    1956936 total
[2024-02-07T22:08:05.662+0000][7][gc,age      ] GC(253) - age  10:        208 bytes,    1957144 total
[2024-02-07T22:08:05.662+0000][7][gc,age      ] GC(253) - age  11:        680 bytes,    1957824 total
[2024-02-07T22:08:05.662+0000][7][gc,age      ] GC(253) - age  12:       8200 bytes,    1966024 total
[2024-02-07T22:08:05.662+0000][7][gc,age      ] GC(253) - age  14:        288 bytes,    1966312 total
[2024-02-07T22:08:05.662+0000][7][gc,age      ] GC(253) - age  15:        264 bytes,    1966576 total
[2024-02-07T22:08:05.662+0000][7][gc,heap     ] GC(253) Eden regions: 152->0(152)
[2024-02-07T22:08:05.662+0000][7][gc,heap     ] GC(253) Survivor regions: 1->1(20)
[2024-02-07T22:08:05.662+0000][7][gc,heap     ] GC(253) Old regions: 24->24
[2024-02-07T22:08:05.662+0000][7][gc,heap     ] GC(253) Archive regions: 2->2
[2024-02-07T22:08:05.662+0000][7][gc,heap     ] GC(253) Humongous regions: 0->0
[2024-02-07T22:08:05.662+0000][7][gc,metaspace] GC(253) Metaspace: 128724K(132224K)->128724K(132224K) NonClass: 111877K(113728K)->111877K(113728K) Class: 16847K(18496K)->16847K(18496K)
[2024-02-07T22:08:05.662+0000][7][gc          ] GC(253) Pause Young (Normal) (G1 Evacuation Pause) 708M->100M(1024M) 3.460ms
[2024-02-07T22:08:05.662+0000][7][gc,cpu      ] GC(253) User=0.02s Sys=0.00s Real=0.01s
[2024-02-07T22:08:05.662+0000][7][safepoint   ] Safepoint "G1CollectForAllocation", Time since last: 8443610600 ns, Reaching safepoint: 84311 ns, At safepoint: 3568345 ns, Total: 3652656 ns
[2024-02-07T22:08:53.669+0000][7][safepoint   ] Safepoint "Cleanup", Time since last: 48007042783 ns, Reaching safepoint: 143975 ns, At safepoint: 12392 ns, Total: 156367 ns
[2024-02-07T22:09:05.671+0000][7][safepoint   ] Safepoint "Cleanup", Time since last: 12001791444 ns, Reaching safepoint: 125970 ns, At safepoint: 7343 ns, Total: 133313 ns
[2024-02-07T22:09:29.675+0000][7][safepoint   ] Safepoint "Cleanup", Time since last: 24004048644 ns, Reaching safepoint: 114706 ns, At safepoint: 15280 ns, Total: 129986 ns
[2024-02-07T22:10:24.227+0000][7][gc,start    ] GC(254) Pause Young (Normal) (G1 Evacuation Pause)
[2024-02-07T22:10:24.227+0000][7][gc,task     ] GC(254) Using 8 workers of 8 for evacuation
[2024-02-07T22:10:24.227+0000][7][gc,age      ] GC(254) Desired survivor size 41943040 bytes, new threshold 15 (max threshold 15)
[2024-02-07T22:10:24.229+0000][7][gc,phases   ] GC(254)   Pre Evacuate Collection Set: 0.1ms
[2024-02-07T22:10:24.229+0000][7][gc,phases   ] GC(254)   Merge Heap Roots: 0.0ms
[2024-02-07T22:10:24.229+0000][7][gc,phases   ] GC(254)   Evacuate Collection Set: 1.1ms
[2024-02-07T22:10:24.229+0000][7][gc,phases   ] GC(254)   Post Evacuate Collection Set: 0.5ms
[2024-02-07T22:10:24.229+0000][7][gc,phases   ] GC(254)   Other: 0.1ms
[2024-02-07T22:10:24.229+0000][7][gc,age      ] GC(254) Age table with threshold 15 (max threshold 15)
[2024-02-07T22:10:24.229+0000][7][gc,age      ] GC(254) - age   1:    1881808 bytes,    1881808 total
[2024-02-07T22:10:24.229+0000][7][gc,age      ] GC(254) - age   2:      10632 bytes,    1892440 total
[2024-02-07T22:10:24.229+0000][7][gc,age      ] GC(254) - age   3:       4456 bytes,    1896896 total
[2024-02-07T22:10:24.229+0000][7][gc,age      ] GC(254) - age   4:       1992 bytes,    1898888 total
[2024-02-07T22:10:24.229+0000][7][gc,age      ] GC(254) - age   5:        432 bytes,    1899320 total
[2024-02-07T22:10:24.229+0000][7][gc,age      ] GC(254) - age   6:      24312 bytes,    1923632 total
[2024-02-07T22:10:24.229+0000][7][gc,age      ] GC(254) - age   7:     122400 bytes,    2046032 total
[2024-02-07T22:10:24.229+0000][7][gc,age      ] GC(254) - age   8:      93120 bytes,    2139152 total
[2024-02-07T22:10:24.229+0000][7][gc,age      ] GC(254) - age   9:     243904 bytes,    2383056 total
[2024-02-07T22:10:24.229+0000][7][gc,age      ] GC(254) - age  11:        208 bytes,    2383264 total
[2024-02-07T22:10:24.229+0000][7][gc,age      ] GC(254) - age  12:        680 bytes,    2383944 total
[2024-02-07T22:10:24.229+0000][7][gc,age      ] GC(254) - age  13:       8200 bytes,    2392144 total
[2024-02-07T22:10:24.229+0000][7][gc,age      ] GC(254) - age  15:        288 bytes,    2392432 total
[2024-02-07T22:10:24.229+0000][7][gc,heap     ] GC(254) Eden regions: 152->0(152)
[2024-02-07T22:10:24.229+0000][7][gc,heap     ] GC(254) Survivor regions: 1->1(20)
[2024-02-07T22:10:24.229+0000][7][gc,heap     ] GC(254) Old regions: 24->24
[2024-02-07T22:10:24.229+0000][7][gc,heap     ] GC(254) Archive regions: 2->2
[2024-02-07T22:10:24.229+0000][7][gc,heap     ] GC(254) Humongous regions: 0->0
[2024-02-07T22:10:24.229+0000][7][gc,metaspace] GC(254) Metaspace: 128726K(132224K)->128726K(132224K) NonClass: 111878K(113728K)->111878K(113728K) Class: 16847K(18496K)->16847K(18496K)
[2024-02-07T22:10:24.229+0000][7][gc          ] GC(254) Pause Young (Normal) (G1 Evacuation Pause) 708M->101M(1024M) 2.012ms
[2024-02-07T22:10:24.229+0000][7][gc,cpu      ] GC(254) User=0.01s Sys=0.00s Real=0.01s
[2024-02-07T22:10:24.229+0000][7][safepoint   ] Safepoint "G1CollectForAllocation", Time since last: 54551491898 ns, Reaching safepoint: 38686 ns, At safepoint: 2076692 ns, Total: 2115378 ns
[2024-02-07T22:10:33.230+0000][7][safepoint   ] Safepoint "Cleanup", Time since last: 9001033348 ns, Reaching safepoint: 118704 ns, At safepoint: 16327 ns, Total: 135031 ns
[2024-02-07T22:12:44.336+0000][7][gc,start    ] GC(255) Pause Young (Normal) (G1 Evacuation Pause)
[2024-02-07T22:12:44.336+0000][7][gc,task     ] GC(255) Using 8 workers of 8 for evacuation
[2024-02-07T22:12:44.336+0000][7][gc,age      ] GC(255) Desired survivor size 41943040 bytes, new threshold 15 (max threshold 15)
[2024-02-07T22:12:44.339+0000][7][gc,phases   ] GC(255)   Pre Evacuate Collection Set: 0.1ms
[2024-02-07T22:12:44.339+0000][7][gc,phases   ] GC(255)   Merge Heap Roots: 0.1ms
[2024-02-07T22:12:44.339+0000][7][gc,phases   ] GC(255)   Evacuate Collection Set: 1.3ms
[2024-02-07T22:12:44.339+0000][7][gc,phases   ] GC(255)   Post Evacuate Collection Set: 1.0ms
[2024-02-07T22:12:44.339+0000][7][gc,phases   ] GC(255)   Other: 0.1ms
[2024-02-07T22:12:44.339+0000][7][gc,age      ] GC(255) Age table with threshold 15 (max threshold 15)
[2024-02-07T22:12:44.339+0000][7][gc,age      ] GC(255) - age   1:     961816 bytes,     961816 total
[2024-02-07T22:12:44.339+0000][7][gc,age      ] GC(255) - age   2:       1528 bytes,     963344 total
[2024-02-07T22:12:44.339+0000][7][gc,age      ] GC(255) - age   3:         64 bytes,     963408 total
[2024-02-07T22:12:44.339+0000][7][gc,age      ] GC(255) - age   4:       3432 bytes,     966840 total
[2024-02-07T22:12:44.339+0000][7][gc,age      ] GC(255) - age   5:       1120 bytes,     967960 total
[2024-02-07T22:12:44.339+0000][7][gc,age      ] GC(255) - age   6:        432 bytes,     968392 total
[2024-02-07T22:12:44.339+0000][7][gc,age      ] GC(255) - age   7:      24312 bytes,     992704 total
[2024-02-07T22:12:44.339+0000][7][gc,age      ] GC(255) - age   8:     122368 bytes,    1115072 total
[2024-02-07T22:12:44.339+0000][7][gc,age      ] GC(255) - age   9:      93120 bytes,    1208192 total
[2024-02-07T22:12:44.339+0000][7][gc,age      ] GC(255) - age  10:     243904 bytes,    1452096 total
[2024-02-07T22:12:44.339+0000][7][gc,age      ] GC(255) - age  12:        208 bytes,    1452304 total
[2024-02-07T22:12:44.339+0000][7][gc,age      ] GC(255) - age  13:        680 bytes,    1452984 total
[2024-02-07T22:12:44.339+0000][7][gc,age      ] GC(255) - age  14:       8200 bytes,    1461184 total
[2024-02-07T22:12:44.339+0000][7][gc,heap     ] GC(255) Eden regions: 152->0(152)
[2024-02-07T22:12:44.339+0000][7][gc,heap     ] GC(255) Survivor regions: 1->1(20)
[2024-02-07T22:12:44.339+0000][7][gc,heap     ] GC(255) Old regions: 24->24
[2024-02-07T22:12:44.339+0000][7][gc,heap     ] GC(255) Archive regions: 2->2
[2024-02-07T22:12:44.339+0000][7][gc,heap     ] GC(255) Humongous regions: 0->0
[2024-02-07T22:12:44.339+0000][7][gc,metaspace] GC(255) Metaspace: 128726K(132224K)->128726K(132224K) NonClass: 111879K(113728K)->111879K(113728K) Class: 16847K(18496K)->16847K(18496K)
[2024-02-07T22:12:44.339+0000][7][gc          ] GC(255) Pause Young (Normal) (G1 Evacuation Pause) 709M->100M(1024M) 3.074ms
[2024-02-07T22:12:44.339+0000][7][gc,cpu      ] GC(255) User=0.01s Sys=0.00s Real=0.00s
[2024-02-07T22:12:44.339+0000][7][safepoint   ] Safepoint "G1CollectForAllocation", Time since last: 131106020695 ns, Reaching safepoint: 72866 ns, At safepoint: 3185223 ns, Total: 3258089 ns
[2024-02-07T22:13:18.345+0000][7][safepoint   ] Safepoint "Cleanup", Time since last: 34005249337 ns, Reaching safepoint: 78216 ns, At safepoint: 60808 ns, Total: 139024 ns
[2024-02-07T22:13:56.350+0000][7][safepoint   ] Safepoint "Cleanup", Time since last: 38005754345 ns, Reaching safepoint: 84259 ns, At safepoint: 8422 ns, Total: 92681 ns
[2024-02-07T22:15:11.236+0000][7][gc,start    ] GC(256) Pause Young (Normal) (G1 Evacuation Pause)
[2024-02-07T22:15:11.236+0000][7][gc,task     ] GC(256) Using 8 workers of 8 for evacuation
[2024-02-07T22:15:11.236+0000][7][gc,age      ] GC(256) Desired survivor size 41943040 bytes, new threshold 15 (max threshold 15)
[2024-02-07T22:15:11.239+0000][7][gc,phases   ] GC(256)   Pre Evacuate Collection Set: 0.1ms
[2024-02-07T22:15:11.239+0000][7][gc,phases   ] GC(256)   Merge Heap Roots: 0.1ms
[2024-02-07T22:15:11.239+0000][7][gc,phases   ] GC(256)   Evacuate Collection Set: 1.5ms
[2024-02-07T22:15:11.239+0000][7][gc,phases   ] GC(256)   Post Evacuate Collection Set: 0.9ms
[2024-02-07T22:15:11.239+0000][7][gc,phases   ] GC(256)   Other: 0.1ms
[2024-02-07T22:15:11.239+0000][7][gc,age      ] GC(256) Age table with threshold 15 (max threshold 15)
[2024-02-07T22:15:11.239+0000][7][gc,age      ] GC(256) - age   1:     877624 bytes,     877624 total
[2024-02-07T22:15:11.239+0000][7][gc,age      ] GC(256) - age   2:      10944 bytes,     888568 total
[2024-02-07T22:15:11.239+0000][7][gc,age      ] GC(256) - age   3:        376 bytes,     888944 total
[2024-02-07T22:15:11.239+0000][7][gc,age      ] GC(256) - age   5:         64 bytes,     889008 total
[2024-02-07T22:15:11.239+0000][7][gc,age      ] GC(256) - age   6:        600 bytes,     889608 total
[2024-02-07T22:15:11.239+0000][7][gc,age      ] GC(256) - age   7:        432 bytes,     890040 total
[2024-02-07T22:15:11.239+0000][7][gc,age      ] GC(256) - age   8:      16296 bytes,     906336 total
[2024-02-07T22:15:11.239+0000][7][gc,age      ] GC(256) - age   9:     122368 bytes,    1028704 total
[2024-02-07T22:15:11.239+0000][7][gc,age      ] GC(256) - age  10:      93120 bytes,    1121824 total
[2024-02-07T22:15:11.239+0000][7][gc,age      ] GC(256) - age  11:     243904 bytes,    1365728 total
[2024-02-07T22:15:11.239+0000][7][gc,age      ] GC(256) - age  13:        208 bytes,    1365936 total
[2024-02-07T22:15:11.239+0000][7][gc,age      ] GC(256) - age  14:        680 bytes,    1366616 total
[2024-02-07T22:15:11.239+0000][7][gc,age      ] GC(256) - age  15:       8016 bytes,    1374632 total
[2024-02-07T22:15:11.239+0000][7][gc,heap     ] GC(256) Eden regions: 152->0(152)
[2024-02-07T22:15:11.239+0000][7][gc,heap     ] GC(256) Survivor regions: 1->1(20)
[2024-02-07T22:15:11.239+0000][7][gc,heap     ] GC(256) Old regions: 24->24
[2024-02-07T22:15:11.239+0000][7][gc,heap     ] GC(256) Archive regions: 2->2
[2024-02-07T22:15:11.239+0000][7][gc,heap     ] GC(256) Humongous regions: 0->0
[2024-02-07T22:15:11.239+0000][7][gc,metaspace] GC(256) Metaspace: 128726K(132224K)->128726K(132224K) NonClass: 111879K(113728K)->111879K(113728K) Class: 16847K(18496K)->16847K(18496K)
[2024-02-07T22:15:11.239+0000][7][gc          ] GC(256) Pause Young (Normal) (G1 Evacuation Pause) 708M->100M(1024M) 3.105ms
[2024-02-07T22:15:11.239+0000][7][gc,cpu      ] GC(256) User=0.01s Sys=0.00s Real=0.00s
[2024-02-07T22:15:11.239+0000][7][safepoint   ] Safepoint "G1CollectForAllocation", Time since last: 74885401113 ns, Reaching safepoint: 85335 ns, At safepoint: 3211266 ns, Total: 3296601 ns
[2024-02-07T22:15:48.244+0000][7][safepoint   ] Safepoint "Cleanup", Time since last: 37004864847 ns, Reaching safepoint: 87230 ns, At safepoint: 9057 ns, Total: 96287 ns
[2024-02-07T22:17:32.280+0000][7][gc,start    ] GC(257) Pause Young (Normal) (G1 Evacuation Pause)
[2024-02-07T22:17:32.280+0000][7][gc,task     ] GC(257) Using 8 workers of 8 for evacuation
[2024-02-07T22:17:32.280+0000][7][gc,age      ] GC(257) Desired survivor size 41943040 bytes, new threshold 15 (max threshold 15)
[2024-02-07T22:17:32.283+0000][7][gc,phases   ] GC(257)   Pre Evacuate Collection Set: 0.1ms
[2024-02-07T22:17:32.283+0000][7][gc,phases   ] GC(257)   Merge Heap Roots: 0.1ms
[2024-02-07T22:17:32.283+0000][7][gc,phases   ] GC(257)   Evacuate Collection Set: 1.7ms
[2024-02-07T22:17:32.283+0000][7][gc,phases   ] GC(257)   Post Evacuate Collection Set: 0.9ms
[2024-02-07T22:17:32.283+0000][7][gc,phases   ] GC(257)   Other: 0.1ms
[2024-02-07T22:17:32.283+0000][7][gc,age      ] GC(257) Age table with threshold 15 (max threshold 15)
[2024-02-07T22:17:32.283+0000][7][gc,age      ] GC(257) - age   1:    1513744 bytes,    1513744 total
[2024-02-07T22:17:32.283+0000][7][gc,age      ] GC(257) - age   2:      13464 bytes,    1527208 total
[2024-02-07T22:17:32.283+0000][7][gc,age      ] GC(257) - age   3:       9272 bytes,    1536480 total
[2024-02-07T22:17:32.283+0000][7][gc,age      ] GC(257) - age   4:        248 bytes,    1536728 total
[2024-02-07T22:17:32.283+0000][7][gc,age      ] GC(257) - age   6:         64 bytes,    1536792 total
[2024-02-07T22:17:32.283+0000][7][gc,age      ] GC(257) - age   7:        600 bytes,    1537392 total
[2024-02-07T22:17:32.283+0000][7][gc,age      ] GC(257) - age   8:         32 bytes,    1537424 total
[2024-02-07T22:17:32.283+0000][7][gc,age      ] GC(257) - age   9:        248 bytes,    1537672 total
[2024-02-07T22:17:32.283+0000][7][gc,age      ] GC(257) - age  10:        440 bytes,    1538112 total
[2024-02-07T22:17:32.283+0000][7][gc,age      ] GC(257) - age  11:      31848 bytes,    1569960 total
[2024-02-07T22:17:32.283+0000][7][gc,age      ] GC(257) - age  12:     243120 bytes,    1813080 total
[2024-02-07T22:17:32.283+0000][7][gc,age      ] GC(257) - age  14:        208 bytes,    1813288 total
[2024-02-07T22:17:32.283+0000][7][gc,age      ] GC(257) - age  15:        680 bytes,    1813968 total
[2024-02-07T22:17:32.283+0000][7][gc,heap     ] GC(257) Eden regions: 152->0(152)
[2024-02-07T22:17:32.283+0000][7][gc,heap     ] GC(257) Survivor regions: 1->1(20)
[2024-02-07T22:17:32.283+0000][7][gc,heap     ] GC(257) Old regions: 24->24
[2024-02-07T22:17:32.283+0000][7][gc,heap     ] GC(257) Archive regions: 2->2
[2024-02-07T22:17:32.283+0000][7][gc,heap     ] GC(257) Humongous regions: 0->0
[2024-02-07T22:17:32.283+0000][7][gc,metaspace] GC(257) Metaspace: 128726K(132224K)->128726K(132224K) NonClass: 111879K(113728K)->111879K(113728K) Class: 16847K(18496K)->16847K(18496K)
[2024-02-07T22:17:32.283+0000][7][gc          ] GC(257) Pause Young (Normal) (G1 Evacuation Pause) 708M->100M(1024M) 3.181ms
[2024-02-07T22:17:32.284+0000][7][gc,cpu      ] GC(257) User=0.02s Sys=0.00s Real=0.01s
[2024-02-07T22:17:32.284+0000][7][safepoint   ] Safepoint "G1CollectForAllocation", Time since last: 104036201652 ns, Reaching safepoint: 57969 ns, At safepoint: 3288852 ns, Total: 3346821 ns
[2024-02-07T22:20:06.200+0000][7][gc,start    ] GC(258) Pause Young (Normal) (G1 Evacuation Pause)
[2024-02-07T22:20:06.200+0000][7][gc,task     ] GC(258) Using 8 workers of 8 for evacuation
[2024-02-07T22:20:06.200+0000][7][gc,age      ] GC(258) Desired survivor size 41943040 bytes, new threshold 15 (max threshold 15)
[2024-02-07T22:20:06.203+0000][7][gc,phases   ] GC(258)   Pre Evacuate Collection Set: 0.1ms
[2024-02-07T22:20:06.203+0000][7][gc,phases   ] GC(258)   Merge Heap Roots: 0.1ms
[2024-02-07T22:20:06.203+0000][7][gc,phases   ] GC(258)   Evacuate Collection Set: 1.6ms
[2024-02-07T22:20:06.203+0000][7][gc,phases   ] GC(258)   Post Evacuate Collection Set: 1.0ms
[2024-02-07T22:20:06.203+0000][7][gc,phases   ] GC(258)   Other: 0.1ms
[2024-02-07T22:20:06.203+0000][7][gc,age      ] GC(258) Age table with threshold 15 (max threshold 15)
[2024-02-07T22:20:06.203+0000][7][gc,age      ] GC(258) - age   1:    1205168 bytes,    1205168 total
[2024-02-07T22:20:06.203+0000][7][gc,age      ] GC(258) - age   2:     239952 bytes,    1445120 total
[2024-02-07T22:20:06.203+0000][7][gc,age      ] GC(258) - age   3:       4104 bytes,    1449224 total
[2024-02-07T22:20:06.203+0000][7][gc,age      ] GC(258) - age   4:        768 bytes,    1449992 total
[2024-02-07T22:20:06.203+0000][7][gc,age      ] GC(258) - age   5:        184 bytes,    1450176 total
[2024-02-07T22:20:06.203+0000][7][gc,age      ] GC(258) - age   8:        216 bytes,    1450392 total
[2024-02-07T22:20:06.203+0000][7][gc,age      ] GC(258) - age   9:         32 bytes,    1450424 total
[2024-02-07T22:20:06.203+0000][7][gc,age      ] GC(258) - age  10:         64 bytes,    1450488 total
[2024-02-07T22:20:06.203+0000][7][gc,age      ] GC(258) - age  11:        184 bytes,    1450672 total
[2024-02-07T22:20:06.203+0000][7][gc,age      ] GC(258) - age  12:      31848 bytes,    1482520 total
[2024-02-07T22:20:06.203+0000][7][gc,age      ] GC(258) - age  13:     243120 bytes,    1725640 total
[2024-02-07T22:20:06.203+0000][7][gc,age      ] GC(258) - age  15:        208 bytes,    1725848 total
[2024-02-07T22:20:06.203+0000][7][gc,heap     ] GC(258) Eden regions: 152->0(152)
[2024-02-07T22:20:06.203+0000][7][gc,heap     ] GC(258) Survivor regions: 1->1(20)
[2024-02-07T22:20:06.203+0000][7][gc,heap     ] GC(258) Old regions: 24->24
[2024-02-07T22:20:06.203+0000][7][gc,heap     ] GC(258) Archive regions: 2->2
[2024-02-07T22:20:06.203+0000][7][gc,heap     ] GC(258) Humongous regions: 0->0
[2024-02-07T22:20:06.203+0000][7][gc,metaspace] GC(258) Metaspace: 128726K(132224K)->128726K(132224K) NonClass: 111879K(113728K)->111879K(113728K) Class: 16847K(18496K)->16847K(18496K)
[2024-02-07T22:20:06.203+0000][7][gc          ] GC(258) Pause Young (Normal) (G1 Evacuation Pause) 708M->100M(1024M) 3.365ms
[2024-02-07T22:20:06.203+0000][7][gc,cpu      ] GC(258) User=0.02s Sys=0.00s Real=0.00s
[2024-02-07T22:20:06.203+0000][7][safepoint   ] Safepoint "G1CollectForAllocation", Time since last: 152720331702 ns, Reaching safepoint: 73655 ns, At safepoint: 3478424 ns, Total: 3552079 ns
[2024-02-07T22:21:00.211+0000][7][safepoint   ] Safepoint "Cleanup", Time since last: 54007764307 ns, Reaching safepoint: 113829 ns, At safepoint: 8048 ns, Total: 121877 ns
[2024-02-07T22:22:06.221+0000][7][safepoint   ] Safepoint "Cleanup", Time since last: 66009814208 ns, Reaching safepoint: 114058 ns, At safepoint: 18053 ns, Total: 132111 ns
[2024-02-07T22:22:31.226+0000][7][safepoint   ] Safepoint "Cleanup", Time since last: 25004527689 ns, Reaching safepoint: 103145 ns, At safepoint: 9430 ns, Total: 112575 ns
[2024-02-07T22:23:06.562+0000][7][gc,start    ] GC(259) Pause Young (Normal) (G1 Evacuation Pause)
[2024-02-07T22:23:06.562+0000][7][gc,task     ] GC(259) Using 8 workers of 8 for evacuation
[2024-02-07T22:23:06.562+0000][7][gc,age      ] GC(259) Desired survivor size 41943040 bytes, new threshold 15 (max threshold 15)
[2024-02-07T22:23:06.564+0000][7][gc,phases   ] GC(259)   Pre Evacuate Collection Set: 0.1ms
[2024-02-07T22:23:06.564+0000][7][gc,phases   ] GC(259)   Merge Heap Roots: 0.1ms
[2024-02-07T22:23:06.564+0000][7][gc,phases   ] GC(259)   Evacuate Collection Set: 1.5ms
[2024-02-07T22:23:06.564+0000][7][gc,phases   ] GC(259)   Post Evacuate Collection Set: 0.7ms
[2024-02-07T22:23:06.564+0000][7][gc,phases   ] GC(259)   Other: 0.1ms
[2024-02-07T22:23:06.564+0000][7][gc,age      ] GC(259) Age table with threshold 15 (max threshold 15)
[2024-02-07T22:23:06.564+0000][7][gc,age      ] GC(259) - age   1:    2028608 bytes,    2028608 total
[2024-02-07T22:23:06.564+0000][7][gc,age      ] GC(259) - age   2:      18792 bytes,    2047400 total
[2024-02-07T22:23:06.564+0000][7][gc,age      ] GC(259) - age   3:      77984 bytes,    2125384 total
[2024-02-07T22:23:06.564+0000][7][gc,age      ] GC(259) - age   4:       3856 bytes,    2129240 total
[2024-02-07T22:23:06.564+0000][7][gc,age      ] GC(259) - age   5:         56 bytes,    2129296 total
[2024-02-07T22:23:06.564+0000][7][gc,age      ] GC(259) - age   6:        184 bytes,    2129480 total
[2024-02-07T22:23:06.564+0000][7][gc,age      ] GC(259) - age  10:         32 bytes,    2129512 total
[2024-02-07T22:23:06.564+0000][7][gc,age      ] GC(259) - age  11:         64 bytes,    2129576 total
[2024-02-07T22:23:06.564+0000][7][gc,age      ] GC(259) - age  12:        152 bytes,    2129728 total
[2024-02-07T22:23:06.564+0000][7][gc,age      ] GC(259) - age  13:        264 bytes,    2129992 total
[2024-02-07T22:23:06.564+0000][7][gc,age      ] GC(259) - age  14:     243120 bytes,    2373112 total
[2024-02-07T22:23:06.564+0000][7][gc,heap     ] GC(259) Eden regions: 152->0(152)
[2024-02-07T22:23:06.564+0000][7][gc,heap     ] GC(259) Survivor regions: 1->1(20)
[2024-02-07T22:23:06.564+0000][7][gc,heap     ] GC(259) Old regions: 24->24
[2024-02-07T22:23:06.564+0000][7][gc,heap     ] GC(259) Archive regions: 2->2
[2024-02-07T22:23:06.564+0000][7][gc,heap     ] GC(259) Humongous regions: 0->0
[2024-02-07T22:23:06.564+0000][7][gc,metaspace] GC(259) Metaspace: 128727K(132224K)->128727K(132224K) NonClass: 111880K(113728K)->111880K(113728K) Class: 16847K(18496K)->16847K(18496K)
[2024-02-07T22:23:06.564+0000][7][gc          ] GC(259) Pause Young (Normal) (G1 Evacuation Pause) 708M->101M(1024M) 2.669ms
[2024-02-07T22:23:06.564+0000][7][gc,cpu      ] GC(259) User=0.01s Sys=0.01s Real=0.01s
[2024-02-07T22:23:06.564+0000][7][safepoint   ] Safepoint "G1CollectForAllocation", Time since last: 35335850422 ns, Reaching safepoint: 50886 ns, At safepoint: 2750034 ns, Total: 2800920 ns
[2024-02-07T22:24:13.574+0000][7][safepoint   ] Safepoint "Cleanup", Time since last: 67010001456 ns, Reaching safepoint: 107849 ns, At safepoint: 12415 ns, Total: 120264 ns
[2024-02-07T22:25:45.588+0000][7][safepoint   ] Safepoint "Cleanup", Time since last: 92013872618 ns, Reaching safepoint: 109471 ns, At safepoint: 14922 ns, Total: 124393 ns
[2024-02-07T22:26:11.490+0000][7][gc,start    ] GC(260) Pause Young (Normal) (G1 Evacuation Pause)
[2024-02-07T22:26:11.490+0000][7][gc,task     ] GC(260) Using 8 workers of 8 for evacuation
[2024-02-07T22:26:11.490+0000][7][gc,age      ] GC(260) Desired survivor size 41943040 bytes, new threshold 15 (max threshold 15)
[2024-02-07T22:26:11.492+0000][7][gc,phases   ] GC(260)   Pre Evacuate Collection Set: 0.1ms
[2024-02-07T22:26:11.492+0000][7][gc,phases   ] GC(260)   Merge Heap Roots: 0.1ms
[2024-02-07T22:26:11.492+0000][7][gc,phases   ] GC(260)   Evacuate Collection Set: 1.2ms
[2024-02-07T22:26:11.492+0000][7][gc,phases   ] GC(260)   Post Evacuate Collection Set: 0.8ms
[2024-02-07T22:26:11.492+0000][7][gc,phases   ] GC(260)   Other: 0.1ms
[2024-02-07T22:26:11.492+0000][7][gc,age      ] GC(260) Age table with threshold 15 (max threshold 15)
[2024-02-07T22:26:11.492+0000][7][gc,age      ] GC(260) - age   1:     498160 bytes,     498160 total
[2024-02-07T22:26:11.492+0000][7][gc,age      ] GC(260) - age   2:     177856 bytes,     676016 total
[2024-02-07T22:26:11.492+0000][7][gc,age      ] GC(260) - age   3:       8328 bytes,     684344 total
[2024-02-07T22:26:11.492+0000][7][gc,age      ] GC(260) - age   4:      76896 bytes,     761240 total
[2024-02-07T22:26:11.492+0000][7][gc,age      ] GC(260) - age   5:        600 bytes,     761840 total
[2024-02-07T22:26:11.492+0000][7][gc,age      ] GC(260) - age   6:         56 bytes,     761896 total
[2024-02-07T22:26:11.492+0000][7][gc,age      ] GC(260) - age   7:        184 bytes,     762080 total
[2024-02-07T22:26:11.492+0000][7][gc,age      ] GC(260) - age  11:         32 bytes,     762112 total
[2024-02-07T22:26:11.492+0000][7][gc,age      ] GC(260) - age  12:         64 bytes,     762176 total
[2024-02-07T22:26:11.492+0000][7][gc,age      ] GC(260) - age  13:        152 bytes,     762328 total
[2024-02-07T22:26:11.493+0000][7][gc,age      ] GC(260) - age  14:        264 bytes,     762592 total
[2024-02-07T22:26:11.493+0000][7][gc,age      ] GC(260) - age  15:     242328 bytes,    1004920 total
[2024-02-07T22:26:11.493+0000][7][gc,heap     ] GC(260) Eden regions: 152->0(152)
[2024-02-07T22:26:11.493+0000][7][gc,heap     ] GC(260) Survivor regions: 1->1(20)
[2024-02-07T22:26:11.493+0000][7][gc,heap     ] GC(260) Old regions: 24->24
[2024-02-07T22:26:11.493+0000][7][gc,heap     ] GC(260) Archive regions: 2->2
[2024-02-07T22:26:11.493+0000][7][gc,heap     ] GC(260) Humongous regions: 0->0
[2024-02-07T22:26:11.493+0000][7][gc,metaspace] GC(260) Metaspace: 128728K(132224K)->128728K(132224K) NonClass: 111880K(113728K)->111880K(113728K) Class: 16847K(18496K)->16847K(18496K)
[2024-02-07T22:26:11.493+0000][7][gc          ] GC(260) Pause Young (Normal) (G1 Evacuation Pause) 709M->100M(1024M) 2.651ms
[2024-02-07T22:26:11.493+0000][7][gc,cpu      ] GC(260) User=0.01s Sys=0.00s Real=0.00s
[2024-02-07T22:26:11.493+0000][7][safepoint   ] Safepoint "G1CollectForAllocation", Time since last: 25901412046 ns, Reaching safepoint: 58117 ns, At safepoint: 2749933 ns, Total: 2808050 ns
[2024-02-07T22:29:18.493+0000][7][gc,start    ] GC(261) Pause Young (Normal) (G1 Evacuation Pause)
[2024-02-07T22:29:18.493+0000][7][gc,task     ] GC(261) Using 8 workers of 8 for evacuation
[2024-02-07T22:29:18.493+0000][7][gc,age      ] GC(261) Desired survivor size 41943040 bytes, new threshold 15 (max threshold 15)
[2024-02-07T22:29:18.500+0000][7][gc,phases   ] GC(261)   Pre Evacuate Collection Set: 0.1ms
[2024-02-07T22:29:18.500+0000][7][gc,phases   ] GC(261)   Merge Heap Roots: 0.1ms
[2024-02-07T22:29:18.500+0000][7][gc,phases   ] GC(261)   Evacuate Collection Set: 4.5ms
[2024-02-07T22:29:18.500+0000][7][gc,phases   ] GC(261)   Post Evacuate Collection Set: 2.1ms
[2024-02-07T22:29:18.500+0000][7][gc,phases   ] GC(261)   Other: 0.1ms
[2024-02-07T22:29:18.500+0000][7][gc,age      ] GC(261) Age table with threshold 15 (max threshold 15)
[2024-02-07T22:29:18.500+0000][7][gc,age      ] GC(261) - age   1:    1289688 bytes,    1289688 total
[2024-02-07T22:29:18.500+0000][7][gc,age      ] GC(261) - age   2:     149568 bytes,    1439256 total
[2024-02-07T22:29:18.500+0000][7][gc,age      ] GC(261) - age   3:     175552 bytes,    1614808 total
[2024-02-07T22:29:18.500+0000][7][gc,age      ] GC(261) - age   4:       8016 bytes,    1622824 total
[2024-02-07T22:29:18.500+0000][7][gc,age      ] GC(261) - age   5:      76584 bytes,    1699408 total
[2024-02-07T22:29:18.500+0000][7][gc,age      ] GC(261) - age   6:        600 bytes,    1700008 total
[2024-02-07T22:29:18.500+0000][7][gc,age      ] GC(261) - age   7:         32 bytes,    1700040 total
[2024-02-07T22:29:18.500+0000][7][gc,age      ] GC(261) - age   8:        184 bytes,    1700224 total
[2024-02-07T22:29:18.500+0000][7][gc,age      ] GC(261) - age  12:         32 bytes,    1700256 total
[2024-02-07T22:29:18.500+0000][7][gc,age      ] GC(261) - age  13:         64 bytes,    1700320 total
[2024-02-07T22:29:18.500+0000][7][gc,age      ] GC(261) - age  14:        152 bytes,    1700472 total
[2024-02-07T22:29:18.500+0000][7][gc,age      ] GC(261) - age  15:        232 bytes,    1700704 total
[2024-02-07T22:29:18.500+0000][7][gc,heap     ] GC(261) Eden regions: 152->0(152)
[2024-02-07T22:29:18.500+0000][7][gc,heap     ] GC(261) Survivor regions: 1->1(20)
[2024-02-07T22:29:18.500+0000][7][gc,heap     ] GC(261) Old regions: 24->24
[2024-02-07T22:29:18.500+0000][7][gc,heap     ] GC(261) Archive regions: 2->2
[2024-02-07T22:29:18.500+0000][7][gc,heap     ] GC(261) Humongous regions: 0->0
[2024-02-07T22:29:18.500+0000][7][gc,metaspace] GC(261) Metaspace: 128728K(132224K)->128728K(132224K) NonClass: 111880K(113728K)->111880K(113728K) Class: 16847K(18496K)->16847K(18496K)
[2024-02-07T22:29:18.500+0000][7][gc          ] GC(261) Pause Young (Normal) (G1 Evacuation Pause) 708M->100M(1024M) 7.252ms
[2024-02-07T22:29:18.500+0000][7][gc,cpu      ] GC(261) User=0.01s Sys=0.00s Real=0.01s
[2024-02-07T22:29:18.500+0000][7][safepoint   ] Safepoint "G1CollectForAllocation", Time since last: 187000030104 ns, Reaching safepoint: 80387 ns, At safepoint: 7350390 ns, Total: 7430777 ns
[2024-02-07T22:30:59.512+0000][7][safepoint   ] Safepoint "Cleanup", Time since last: 101012043485 ns, Reaching safepoint: 106570 ns, At safepoint: 53950 ns, Total: 160520 ns
[2024-02-07T22:32:19.155+0000][7][gc,start    ] GC(262) Pause Young (Normal) (G1 Evacuation Pause)
[2024-02-07T22:32:19.155+0000][7][gc,task     ] GC(262) Using 8 workers of 8 for evacuation
[2024-02-07T22:32:19.155+0000][7][gc,age      ] GC(262) Desired survivor size 41943040 bytes, new threshold 15 (max threshold 15)
[2024-02-07T22:32:19.158+0000][7][gc,phases   ] GC(262)   Pre Evacuate Collection Set: 0.1ms
[2024-02-07T22:32:19.158+0000][7][gc,phases   ] GC(262)   Merge Heap Roots: 0.1ms
[2024-02-07T22:32:19.158+0000][7][gc,phases   ] GC(262)   Evacuate Collection Set: 1.7ms
[2024-02-07T22:32:19.158+0000][7][gc,phases   ] GC(262)   Post Evacuate Collection Set: 0.9ms
[2024-02-07T22:32:19.158+0000][7][gc,phases   ] GC(262)   Other: 0.1ms
[2024-02-07T22:32:19.158+0000][7][gc,age      ] GC(262) Age table with threshold 15 (max threshold 15)
[2024-02-07T22:32:19.158+0000][7][gc,age      ] GC(262) - age   1:    1848648 bytes,    1848648 total
[2024-02-07T22:32:19.158+0000][7][gc,age      ] GC(262) - age   2:       2856 bytes,    1851504 total
[2024-02-07T22:32:19.158+0000][7][gc,age      ] GC(262) - age   3:     148728 bytes,    2000232 total
[2024-02-07T22:32:19.158+0000][7][gc,age      ] GC(262) - age   4:     174592 bytes,    2174824 total
[2024-02-07T22:32:19.158+0000][7][gc,age      ] GC(262) - age   5:       8016 bytes,    2182840 total
[2024-02-07T22:32:19.158+0000][7][gc,age      ] GC(262) - age   6:      76584 bytes,    2259424 total
[2024-02-07T22:32:19.158+0000][7][gc,age      ] GC(262) - age   7:        208 bytes,    2259632 total
[2024-02-07T22:32:19.158+0000][7][gc,age      ] GC(262) - age  13:         32 bytes,    2259664 total
[2024-02-07T22:32:19.158+0000][7][gc,age      ] GC(262) - age  14:         64 bytes,    2259728 total
[2024-02-07T22:32:19.158+0000][7][gc,age      ] GC(262) - age  15:        152 bytes,    2259880 total
[2024-02-07T22:32:19.158+0000][7][gc,heap     ] GC(262) Eden regions: 152->0(152)
[2024-02-07T22:32:19.158+0000][7][gc,heap     ] GC(262) Survivor regions: 1->1(20)
[2024-02-07T22:32:19.158+0000][7][gc,heap     ] GC(262) Old regions: 24->24
[2024-02-07T22:32:19.158+0000][7][gc,heap     ] GC(262) Archive regions: 2->2
[2024-02-07T22:32:19.158+0000][7][gc,heap     ] GC(262) Humongous regions: 0->0
[2024-02-07T22:32:19.158+0000][7][gc,metaspace] GC(262) Metaspace: 128728K(132224K)->128728K(132224K) NonClass: 111880K(113728K)->111880K(113728K) Class: 16847K(18496K)->16847K(18496K)
[2024-02-07T22:32:19.158+0000][7][gc          ] GC(262) Pause Young (Normal) (G1 Evacuation Pause) 708M->101M(1024M) 3.206ms
[2024-02-07T22:32:19.158+0000][7][gc,cpu      ] GC(262) User=0.01s Sys=0.00s Real=0.01s
[2024-02-07T22:32:19.159+0000][7][safepoint   ] Safepoint "G1CollectForAllocation", Time since last: 79642816506 ns, Reaching safepoint: 62180 ns, At safepoint: 3298803 ns, Total: 3360983 ns
[2024-02-07T22:32:34.161+0000][7][safepoint   ] Safepoint "Cleanup", Time since last: 15002076200 ns, Reaching safepoint: 110687 ns, At safepoint: 10436 ns, Total: 121123 ns
[2024-02-07T22:34:06.172+0000][7][safepoint   ] Safepoint "Cleanup", Time since last: 92011026386 ns, Reaching safepoint: 86195 ns, At safepoint: 41290 ns, Total: 127485 ns
[2024-02-07T22:35:21.508+0000][7][gc,start    ] GC(263) Pause Young (Normal) (G1 Evacuation Pause)
[2024-02-07T22:35:21.508+0000][7][gc,task     ] GC(263) Using 8 workers of 8 for evacuation
[2024-02-07T22:35:21.508+0000][7][gc,age      ] GC(263) Desired survivor size 41943040 bytes, new threshold 15 (max threshold 15)
[2024-02-07T22:35:21.511+0000][7][gc,phases   ] GC(263)   Pre Evacuate Collection Set: 0.2ms
[2024-02-07T22:35:21.511+0000][7][gc,phases   ] GC(263)   Merge Heap Roots: 0.1ms
[2024-02-07T22:35:21.511+0000][7][gc,phases   ] GC(263)   Evacuate Collection Set: 1.2ms
[2024-02-07T22:35:21.511+0000][7][gc,phases   ] GC(263)   Post Evacuate Collection Set: 0.8ms
[2024-02-07T22:35:21.511+0000][7][gc,phases   ] GC(263)   Other: 0.1ms
[2024-02-07T22:35:21.511+0000][7][gc,age      ] GC(263) Age table with threshold 15 (max threshold 15)
[2024-02-07T22:35:21.511+0000][7][gc,age      ] GC(263) - age   1:     562872 bytes,     562872 total
[2024-02-07T22:35:21.511+0000][7][gc,age      ] GC(263) - age   2:      22536 bytes,     585408 total
[2024-02-07T22:35:21.511+0000][7][gc,age      ] GC(263) - age   3:        400 bytes,     585808 total
[2024-02-07T22:35:21.511+0000][7][gc,age      ] GC(263) - age   4:     145296 bytes,     731104 total
[2024-02-07T22:35:21.511+0000][7][gc,age      ] GC(263) - age   5:     174328 bytes,     905432 total
[2024-02-07T22:35:21.511+0000][7][gc,age      ] GC(263) - age   6:       8016 bytes,     913448 total
[2024-02-07T22:35:21.511+0000][7][gc,age      ] GC(263) - age   7:      76584 bytes,     990032 total
[2024-02-07T22:35:21.511+0000][7][gc,age      ] GC(263) - age   8:        208 bytes,     990240 total
[2024-02-07T22:35:21.511+0000][7][gc,age      ] GC(263) - age  15:         64 bytes,     990304 total
[2024-02-07T22:35:21.511+0000][7][gc,heap     ] GC(263) Eden regions: 152->0(152)
[2024-02-07T22:35:21.511+0000][7][gc,heap     ] GC(263) Survivor regions: 1->1(20)
[2024-02-07T22:35:21.511+0000][7][gc,heap     ] GC(263) Old regions: 24->24
[2024-02-07T22:35:21.511+0000][7][gc,heap     ] GC(263) Archive regions: 2->2
[2024-02-07T22:35:21.511+0000][7][gc,heap     ] GC(263) Humongous regions: 0->0
[2024-02-07T22:35:21.511+0000][7][gc,metaspace] GC(263) Metaspace: 128728K(132224K)->128728K(132224K) NonClass: 111880K(113728K)->111880K(113728K) Class: 16847K(18496K)->16847K(18496K)
[2024-02-07T22:35:21.511+0000][7][gc          ] GC(263) Pause Young (Normal) (G1 Evacuation Pause) 709M->100M(1024M) 2.649ms
[2024-02-07T22:35:21.511+0000][7][gc,cpu      ] GC(263) User=0.01s Sys=0.01s Real=0.00s
[2024-02-07T22:35:21.511+0000][7][safepoint   ] Safepoint "G1CollectForAllocation", Time since last: 75336249043 ns, Reaching safepoint: 43443 ns, At safepoint: 2749293 ns, Total: 2792736 ns
[2024-02-07T22:35:41.513+0000][7][safepoint   ] Safepoint "Cleanup", Time since last: 20002226184 ns, Reaching safepoint: 88263 ns, At safepoint: 8396 ns, Total: 96659 ns
[2024-02-07T22:36:06.517+0000][7][safepoint   ] Safepoint "Cleanup", Time since last: 25003167465 ns, Reaching safepoint: 106408 ns, At safepoint: 28469 ns, Total: 134877 ns
[2024-02-07T22:38:25.022+0000][7][gc,start    ] GC(264) Pause Young (Normal) (G1 Evacuation Pause)
[2024-02-07T22:38:25.022+0000][7][gc,task     ] GC(264) Using 8 workers of 8 for evacuation
[2024-02-07T22:38:25.022+0000][7][gc,age      ] GC(264) Desired survivor size 41943040 bytes, new threshold 15 (max threshold 15)
[2024-02-07T22:38:25.025+0000][7][gc,phases   ] GC(264)   Pre Evacuate Collection Set: 0.1ms
[2024-02-07T22:38:25.025+0000][7][gc,phases   ] GC(264)   Merge Heap Roots: 0.1ms
[2024-02-07T22:38:25.025+0000][7][gc,phases   ] GC(264)   Evacuate Collection Set: 1.8ms
[2024-02-07T22:38:25.025+0000][7][gc,phases   ] GC(264)   Post Evacuate Collection Set: 0.8ms
[2024-02-07T22:38:25.025+0000][7][gc,phases   ] GC(264)   Other: 0.1ms
[2024-02-07T22:38:25.025+0000][7][gc,age      ] GC(264) Age table with threshold 15 (max threshold 15)
[2024-02-07T22:38:25.025+0000][7][gc,age      ] GC(264) - age   1:    1363760 bytes,    1363760 total
[2024-02-07T22:38:25.025+0000][7][gc,age      ] GC(264) - age   2:      14008 bytes,    1377768 total
[2024-02-07T22:38:25.025+0000][7][gc,age      ] GC(264) - age   3:      11264 bytes,    1389032 total
[2024-02-07T22:38:25.025+0000][7][gc,age      ] GC(264) - age   4:        216 bytes,    1389248 total
[2024-02-07T22:38:25.025+0000][7][gc,age      ] GC(264) - age   5:     145232 bytes,    1534480 total
[2024-02-07T22:38:25.025+0000][7][gc,age      ] GC(264) - age   6:     174328 bytes,    1708808 total
[2024-02-07T22:38:25.025+0000][7][gc,age      ] GC(264) - age   7:       8016 bytes,    1716824 total
[2024-02-07T22:38:25.025+0000][7][gc,age      ] GC(264) - age   8:      76200 bytes,    1793024 total
[2024-02-07T22:38:25.025+0000][7][gc,age      ] GC(264) - age   9:        208 bytes,    1793232 total
[2024-02-07T22:38:25.025+0000][7][gc,heap     ] GC(264) Eden regions: 152->0(152)
[2024-02-07T22:38:25.025+0000][7][gc,heap     ] GC(264) Survivor regions: 1->1(20)
[2024-02-07T22:38:25.025+0000][7][gc,heap     ] GC(264) Old regions: 24->24
[2024-02-07T22:38:25.025+0000][7][gc,heap     ] GC(264) Archive regions: 2->2
[2024-02-07T22:38:25.025+0000][7][gc,heap     ] GC(264) Humongous regions: 0->0
[2024-02-07T22:38:25.025+0000][7][gc,metaspace] GC(264) Metaspace: 128728K(132224K)->128728K(132224K) NonClass: 111880K(113728K)->111880K(113728K) Class: 16847K(18496K)->16847K(18496K)
[2024-02-07T22:38:25.025+0000][7][gc          ] GC(264) Pause Young (Normal) (G1 Evacuation Pause) 708M->100M(1024M) 3.252ms
[2024-02-07T22:38:25.025+0000][7][gc,cpu      ] GC(264) User=0.01s Sys=0.00s Real=0.01s
[2024-02-07T22:38:25.025+0000][7][safepoint   ] Safepoint "G1CollectForAllocation", Time since last: 138505256979 ns, Reaching safepoint: 83457 ns, At safepoint: 3360141 ns, Total: 3443598 ns
[2024-02-07T22:41:30.567+0000][7][gc,start    ] GC(265) Pause Young (Normal) (G1 Evacuation Pause)
[2024-02-07T22:41:30.567+0000][7][gc,task     ] GC(265) Using 8 workers of 8 for evacuation
[2024-02-07T22:41:30.567+0000][7][gc,age      ] GC(265) Desired survivor size 41943040 bytes, new threshold 15 (max threshold 15)
[2024-02-07T22:41:30.569+0000][7][gc,phases   ] GC(265)   Pre Evacuate Collection Set: 0.1ms
[2024-02-07T22:41:30.569+0000][7][gc,phases   ] GC(265)   Merge Heap Roots: 0.1ms
[2024-02-07T22:41:30.569+0000][7][gc,phases   ] GC(265)   Evacuate Collection Set: 1.5ms
[2024-02-07T22:41:30.569+0000][7][gc,phases   ] GC(265)   Post Evacuate Collection Set: 0.6ms
[2024-02-07T22:41:30.569+0000][7][gc,phases   ] GC(265)   Other: 0.1ms
[2024-02-07T22:41:30.569+0000][7][gc,age      ] GC(265) Age table with threshold 15 (max threshold 15)
[2024-02-07T22:41:30.569+0000][7][gc,age      ] GC(265) - age   1:    1816904 bytes,    1816904 total
[2024-02-07T22:41:30.569+0000][7][gc,age      ] GC(265) - age   2:       3496 bytes,    1820400 total
[2024-02-07T22:41:30.569+0000][7][gc,age      ] GC(265) - age   3:      13112 bytes,    1833512 total
[2024-02-07T22:41:30.569+0000][7][gc,age      ] GC(265) - age   4:      10096 bytes,    1843608 total
[2024-02-07T22:41:30.569+0000][7][gc,age      ] GC(265) - age   5:        216 bytes,    1843824 total
[2024-02-07T22:41:30.569+0000][7][gc,age      ] GC(265) - age   6:     145232 bytes,    1989056 total
[2024-02-07T22:41:30.569+0000][7][gc,age      ] GC(265) - age   7:     174296 bytes,    2163352 total
[2024-02-07T22:41:30.569+0000][7][gc,age      ] GC(265) - age   8:       8016 bytes,    2171368 total
[2024-02-07T22:41:30.569+0000][7][gc,age      ] GC(265) - age   9:      76200 bytes,    2247568 total
[2024-02-07T22:41:30.569+0000][7][gc,age      ] GC(265) - age  10:        208 bytes,    2247776 total
[2024-02-07T22:41:30.569+0000][7][gc,heap     ] GC(265) Eden regions: 152->0(152)
[2024-02-07T22:41:30.569+0000][7][gc,heap     ] GC(265) Survivor regions: 1->1(20)
[2024-02-07T22:41:30.569+0000][7][gc,heap     ] GC(265) Old regions: 24->24
[2024-02-07T22:41:30.569+0000][7][gc,heap     ] GC(265) Archive regions: 2->2
[2024-02-07T22:41:30.569+0000][7][gc,heap     ] GC(265) Humongous regions: 0->0
[2024-02-07T22:41:30.569+0000][7][gc,metaspace] GC(265) Metaspace: 128728K(132224K)->128728K(132224K) NonClass: 111880K(113728K)->111880K(113728K) Class: 16847K(18496K)->16847K(18496K)
[2024-02-07T22:41:30.570+0000][7][gc          ] GC(265) Pause Young (Normal) (G1 Evacuation Pause) 708M->101M(1024M) 2.624ms
[2024-02-07T22:41:30.570+0000][7][gc,cpu      ] GC(265) User=0.01s Sys=0.00s Real=0.00s
[2024-02-07T22:41:30.570+0000][7][safepoint   ] Safepoint "G1CollectForAllocation", Time since last: 185541564647 ns, Reaching safepoint: 49516 ns, At safepoint: 2703314 ns, Total: 2752830 ns
[2024-02-07T22:44:33.529+0000][7][gc,start    ] GC(266) Pause Young (Normal) (G1 Evacuation Pause)
[2024-02-07T22:44:33.529+0000][7][gc,task     ] GC(266) Using 8 workers of 8 for evacuation
[2024-02-07T22:44:33.529+0000][7][gc,age      ] GC(266) Desired survivor size 41943040 bytes, new threshold 15 (max threshold 15)
[2024-02-07T22:44:33.531+0000][7][gc,phases   ] GC(266)   Pre Evacuate Collection Set: 0.1ms
[2024-02-07T22:44:33.531+0000][7][gc,phases   ] GC(266)   Merge Heap Roots: 0.1ms
[2024-02-07T22:44:33.531+0000][7][gc,phases   ] GC(266)   Evacuate Collection Set: 1.2ms
[2024-02-07T22:44:33.531+0000][7][gc,phases   ] GC(266)   Post Evacuate Collection Set: 0.9ms
[2024-02-07T22:44:33.531+0000][7][gc,phases   ] GC(266)   Other: 0.1ms
[2024-02-07T22:44:33.531+0000][7][gc,age      ] GC(266) Age table with threshold 15 (max threshold 15)
[2024-02-07T22:44:33.531+0000][7][gc,age      ] GC(266) - age   1:     847552 bytes,     847552 total
[2024-02-07T22:44:33.531+0000][7][gc,age      ] GC(266) - age   2:      12096 bytes,     859648 total
[2024-02-07T22:44:33.531+0000][7][gc,age      ] GC(266) - age   3:        640 bytes,     860288 total
[2024-02-07T22:44:33.531+0000][7][gc,age      ] GC(266) - age   4:      13056 bytes,     873344 total
[2024-02-07T22:44:33.532+0000][7][gc,age      ] GC(266) - age   5:      10032 bytes,     883376 total
[2024-02-07T22:44:33.532+0000][7][gc,age      ] GC(266) - age   6:        216 bytes,     883592 total
[2024-02-07T22:44:33.532+0000][7][gc,age      ] GC(266) - age   7:     128944 bytes,    1012536 total
[2024-02-07T22:44:33.532+0000][7][gc,age      ] GC(266) - age   8:     174296 bytes,    1186832 total
[2024-02-07T22:44:33.532+0000][7][gc,age      ] GC(266) - age   9:       8016 bytes,    1194848 total
[2024-02-07T22:44:33.532+0000][7][gc,age      ] GC(266) - age  10:      76200 bytes,    1271048 total
[2024-02-07T22:44:33.532+0000][7][gc,age      ] GC(266) - age  11:        208 bytes,    1271256 total
[2024-02-07T22:44:33.532+0000][7][gc,heap     ] GC(266) Eden regions: 152->0(152)
[2024-02-07T22:44:33.532+0000][7][gc,heap     ] GC(266) Survivor regions: 1->1(20)
[2024-02-07T22:44:33.532+0000][7][gc,heap     ] GC(266) Old regions: 24->24
[2024-02-07T22:44:33.532+0000][7][gc,heap     ] GC(266) Archive regions: 2->2
[2024-02-07T22:44:33.532+0000][7][gc,heap     ] GC(266) Humongous regions: 0->0
[2024-02-07T22:44:33.532+0000][7][gc,metaspace] GC(266) Metaspace: 128728K(132224K)->128728K(132224K) NonClass: 111880K(113728K)->111880K(113728K) Class: 16847K(18496K)->16847K(18496K)
[2024-02-07T22:44:33.532+0000][7][gc          ] GC(266) Pause Young (Normal) (G1 Evacuation Pause) 709M->100M(1024M) 2.748ms
[2024-02-07T22:44:33.532+0000][7][gc,cpu      ] GC(266) User=0.01s Sys=0.00s Real=0.00s
[2024-02-07T22:44:33.532+0000][7][safepoint   ] Safepoint "G1CollectForAllocation", Time since last: 182959239443 ns, Reaching safepoint: 39149 ns, At safepoint: 2844234 ns, Total: 2883383 ns
[2024-02-07T22:45:25.538+0000][7][safepoint   ] Safepoint "Cleanup", Time since last: 52005930452 ns, Reaching safepoint: 107893 ns, At safepoint: 10757 ns, Total: 118650 ns
[2024-02-07T22:47:30.660+0000][7][gc,start    ] GC(267) Pause Young (Normal) (G1 Evacuation Pause)
[2024-02-07T22:47:30.660+0000][7][gc,task     ] GC(267) Using 8 workers of 8 for evacuation
[2024-02-07T22:47:30.660+0000][7][gc,age      ] GC(267) Desired survivor size 41943040 bytes, new threshold 15 (max threshold 15)
[2024-02-07T22:47:30.662+0000][7][gc,phases   ] GC(267)   Pre Evacuate Collection Set: 0.1ms
[2024-02-07T22:47:30.663+0000][7][gc,phases   ] GC(267)   Merge Heap Roots: 0.1ms
[2024-02-07T22:47:30.663+0000][7][gc,phases   ] GC(267)   Evacuate Collection Set: 1.8ms
[2024-02-07T22:47:30.663+0000][7][gc,phases   ] GC(267)   Post Evacuate Collection Set: 0.8ms
[2024-02-07T22:47:30.663+0000][7][gc,phases   ] GC(267)   Other: 0.1ms
[2024-02-07T22:47:30.663+0000][7][gc,age      ] GC(267) Age table with threshold 15 (max threshold 15)
[2024-02-07T22:47:30.663+0000][7][gc,age      ] GC(267) - age   1:    1271144 bytes,    1271144 total
[2024-02-07T22:47:30.663+0000][7][gc,age      ] GC(267) - age   2:       3600 bytes,    1274744 total
[2024-02-07T22:47:30.663+0000][7][gc,age      ] GC(267) - age   3:       1192 bytes,    1275936 total
[2024-02-07T22:47:30.663+0000][7][gc,age      ] GC(267) - age   4:        384 bytes,    1276320 total
[2024-02-07T22:47:30.663+0000][7][gc,age      ] GC(267) - age   5:       9984 bytes,    1286304 total
[2024-02-07T22:47:30.663+0000][7][gc,age      ] GC(267) - age   6:       9640 bytes,    1295944 total
[2024-02-07T22:47:30.663+0000][7][gc,age      ] GC(267) - age   7:         32 bytes,    1295976 total
[2024-02-07T22:47:30.663+0000][7][gc,age      ] GC(267) - age   8:     120240 bytes,    1416216 total
[2024-02-07T22:47:30.663+0000][7][gc,age      ] GC(267) - age   9:     174296 bytes,    1590512 total
[2024-02-07T22:47:30.663+0000][7][gc,age      ] GC(267) - age  10:       8016 bytes,    1598528 total
[2024-02-07T22:47:30.663+0000][7][gc,age      ] GC(267) - age  11:      76200 bytes,    1674728 total
[2024-02-07T22:47:30.663+0000][7][gc,age      ] GC(267) - age  12:        208 bytes,    1674936 total
[2024-02-07T22:47:30.663+0000][7][gc,heap     ] GC(267) Eden regions: 152->0(152)
[2024-02-07T22:47:30.663+0000][7][gc,heap     ] GC(267) Survivor regions: 1->1(20)
[2024-02-07T22:47:30.663+0000][7][gc,heap     ] GC(267) Old regions: 24->24
[2024-02-07T22:47:30.663+0000][7][gc,heap     ] GC(267) Archive regions: 2->2
[2024-02-07T22:47:30.663+0000][7][gc,heap     ] GC(267) Humongous regions: 0->0
[2024-02-07T22:47:30.663+0000][7][gc,metaspace] GC(267) Metaspace: 128728K(132224K)->128728K(132224K) NonClass: 111880K(113728K)->111880K(113728K) Class: 16847K(18496K)->16847K(18496K)
[2024-02-07T22:47:30.663+0000][7][gc          ] GC(267) Pause Young (Normal) (G1 Evacuation Pause) 708M->100M(1024M) 3.194ms
[2024-02-07T22:47:30.663+0000][7][gc,cpu      ] GC(267) User=0.01s Sys=0.00s Real=0.00s
[2024-02-07T22:47:30.663+0000][7][safepoint   ] Safepoint "G1CollectForAllocation", Time since last: 125121676549 ns, Reaching safepoint: 73167 ns, At safepoint: 3296231 ns, Total: 3369398 ns
[2024-02-07T22:50:08.683+0000][7][safepoint   ] Safepoint "Cleanup", Time since last: 158019728690 ns, Reaching safepoint: 107007 ns, At safepoint: 44961 ns, Total: 151968 ns
[2024-02-07T22:50:30.894+0000][7][gc,start    ] GC(268) Pause Young (Normal) (G1 Evacuation Pause)
[2024-02-07T22:50:30.894+0000][7][gc,task     ] GC(268) Using 8 workers of 8 for evacuation
[2024-02-07T22:50:30.894+0000][7][gc,age      ] GC(268) Desired survivor size 41943040 bytes, new threshold 15 (max threshold 15)
[2024-02-07T22:50:30.896+0000][7][gc,phases   ] GC(268)   Pre Evacuate Collection Set: 0.1ms
[2024-02-07T22:50:30.896+0000][7][gc,phases   ] GC(268)   Merge Heap Roots: 0.0ms
[2024-02-07T22:50:30.896+0000][7][gc,phases   ] GC(268)   Evacuate Collection Set: 1.5ms
[2024-02-07T22:50:30.896+0000][7][gc,phases   ] GC(268)   Post Evacuate Collection Set: 0.7ms
[2024-02-07T22:50:30.896+0000][7][gc,phases   ] GC(268)   Other: 0.1ms
[2024-02-07T22:50:30.896+0000][7][gc,age      ] GC(268) Age table with threshold 15 (max threshold 15)
[2024-02-07T22:50:30.896+0000][7][gc,age      ] GC(268) - age   1:    1875776 bytes,    1875776 total
[2024-02-07T22:50:30.896+0000][7][gc,age      ] GC(268) - age   2:     145576 bytes,    2021352 total
[2024-02-07T22:50:30.896+0000][7][gc,age      ] GC(268) - age   3:        864 bytes,    2022216 total
[2024-02-07T22:50:30.896+0000][7][gc,age      ] GC(268) - age   4:        936 bytes,    2023152 total
[2024-02-07T22:50:30.896+0000][7][gc,age      ] GC(268) - age   5:        384 bytes,    2023536 total
[2024-02-07T22:50:30.896+0000][7][gc,age      ] GC(268) - age   6:       9984 bytes,    2033520 total
[2024-02-07T22:50:30.896+0000][7][gc,age      ] GC(268) - age   7:       9640 bytes,    2043160 total
[2024-02-07T22:50:30.896+0000][7][gc,age      ] GC(268) - age   8:         32 bytes,    2043192 total
[2024-02-07T22:50:30.896+0000][7][gc,age      ] GC(268) - age   9:     120240 bytes,    2163432 total
[2024-02-07T22:50:30.896+0000][7][gc,age      ] GC(268) - age  10:     174296 bytes,    2337728 total
[2024-02-07T22:50:30.896+0000][7][gc,age      ] GC(268) - age  11:       8016 bytes,    2345744 total
[2024-02-07T22:50:30.896+0000][7][gc,age      ] GC(268) - age  12:      76200 bytes,    2421944 total
[2024-02-07T22:50:30.896+0000][7][gc,age      ] GC(268) - age  13:        208 bytes,    2422152 total
[2024-02-07T22:50:30.896+0000][7][gc,heap     ] GC(268) Eden regions: 152->0(152)
[2024-02-07T22:50:30.896+0000][7][gc,heap     ] GC(268) Survivor regions: 1->1(20)
[2024-02-07T22:50:30.896+0000][7][gc,heap     ] GC(268) Old regions: 24->24
[2024-02-07T22:50:30.896+0000][7][gc,heap     ] GC(268) Archive regions: 2->2
[2024-02-07T22:50:30.896+0000][7][gc,heap     ] GC(268) Humongous regions: 0->0
[2024-02-07T22:50:30.896+0000][7][gc,metaspace] GC(268) Metaspace: 128728K(132224K)->128728K(132224K) NonClass: 111880K(113728K)->111880K(113728K) Class: 16847K(18496K)->16847K(18496K)
[2024-02-07T22:50:30.896+0000][7][gc          ] GC(268) Pause Young (Normal) (G1 Evacuation Pause) 708M->101M(1024M) 2.700ms
[2024-02-07T22:50:30.896+0000][7][gc,cpu      ] GC(268) User=0.00s Sys=0.01s Real=0.01s
[2024-02-07T22:50:30.896+0000][7][safepoint   ] Safepoint "G1CollectForAllocation", Time since last: 22210999833 ns, Reaching safepoint: 41009 ns, At safepoint: 2780501 ns, Total: 2821510 ns
[2024-02-07T22:53:33.608+0000][7][gc,start    ] GC(269) Pause Young (Normal) (G1 Evacuation Pause)
[2024-02-07T22:53:33.608+0000][7][gc,task     ] GC(269) Using 8 workers of 8 for evacuation
[2024-02-07T22:53:33.608+0000][7][gc,age      ] GC(269) Desired survivor size 41943040 bytes, new threshold 15 (max threshold 15)
[2024-02-07T22:53:33.610+0000][7][gc,phases   ] GC(269)   Pre Evacuate Collection Set: 0.1ms
[2024-02-07T22:53:33.610+0000][7][gc,phases   ] GC(269)   Merge Heap Roots: 0.1ms
[2024-02-07T22:53:33.610+0000][7][gc,phases   ] GC(269)   Evacuate Collection Set: 1.3ms
[2024-02-07T22:53:33.610+0000][7][gc,phases   ] GC(269)   Post Evacuate Collection Set: 0.7ms
[2024-02-07T22:53:33.610+0000][7][gc,phases   ] GC(269)   Other: 0.1ms
[2024-02-07T22:53:33.610+0000][7][gc,age      ] GC(269) Age table with threshold 15 (max threshold 15)
[2024-02-07T22:53:33.610+0000][7][gc,age      ] GC(269) - age   1:     786856 bytes,     786856 total
[2024-02-07T22:53:33.610+0000][7][gc,age      ] GC(269) - age   2:      11328 bytes,     798184 total
[2024-02-07T22:53:33.610+0000][7][gc,age      ] GC(269) - age   3:     143504 bytes,     941688 total
[2024-02-07T22:53:33.610+0000][7][gc,age      ] GC(269) - age   4:        544 bytes,     942232 total
[2024-02-07T22:53:33.610+0000][7][gc,age      ] GC(269) - age   5:        216 bytes,     942448 total
[2024-02-07T22:53:33.610+0000][7][gc,age      ] GC(269) - age   6:        384 bytes,     942832 total
[2024-02-07T22:53:33.610+0000][7][gc,age      ] GC(269) - age   7:       9800 bytes,     952632 total
[2024-02-07T22:53:33.610+0000][7][gc,age      ] GC(269) - age   8:       9640 bytes,     962272 total
[2024-02-07T22:53:33.610+0000][7][gc,age      ] GC(269) - age   9:         32 bytes,     962304 total
[2024-02-07T22:53:33.610+0000][7][gc,age      ] GC(269) - age  10:     120240 bytes,    1082544 total
[2024-02-07T22:53:33.610+0000][7][gc,age      ] GC(269) - age  11:     174296 bytes,    1256840 total
[2024-02-07T22:53:33.610+0000][7][gc,age      ] GC(269) - age  12:       8016 bytes,    1264856 total
[2024-02-07T22:53:33.610+0000][7][gc,age      ] GC(269) - age  13:      76200 bytes,    1341056 total
[2024-02-07T22:53:33.610+0000][7][gc,age      ] GC(269) - age  14:        208 bytes,    1341264 total
[2024-02-07T22:53:33.610+0000][7][gc,heap     ] GC(269) Eden regions: 152->0(152)
[2024-02-07T22:53:33.610+0000][7][gc,heap     ] GC(269) Survivor regions: 1->1(20)
[2024-02-07T22:53:33.610+0000][7][gc,heap     ] GC(269) Old regions: 24->24
[2024-02-07T22:53:33.610+0000][7][gc,heap     ] GC(269) Archive regions: 2->2
[2024-02-07T22:53:33.610+0000][7][gc,heap     ] GC(269) Humongous regions: 0->0
[2024-02-07T22:53:33.610+0000][7][gc,metaspace] GC(269) Metaspace: 128729K(132224K)->128729K(132224K) NonClass: 111882K(113728K)->111882K(113728K) Class: 16847K(18496K)->16847K(18496K)
[2024-02-07T22:53:33.610+0000][7][gc          ] GC(269) Pause Young (Normal) (G1 Evacuation Pause) 709M->100M(1024M) 2.478ms
[2024-02-07T22:53:33.610+0000][7][gc,cpu      ] GC(269) User=0.01s Sys=0.00s Real=0.00s
[2024-02-07T22:53:33.610+0000][7][safepoint   ] Safepoint "G1CollectForAllocation", Time since last: 182711279710 ns, Reaching safepoint: 71092 ns, At safepoint: 2560621 ns, Total: 2631713 ns
[2024-02-07T22:56:06.628+0000][7][safepoint   ] Safepoint "Cleanup", Time since last: 153017547695 ns, Reaching safepoint: 48867 ns, At safepoint: 23026 ns, Total: 71893 ns
[2024-02-07T22:56:42.585+0000][7][gc,start    ] GC(270) Pause Young (Normal) (G1 Evacuation Pause)
[2024-02-07T22:56:42.585+0000][7][gc,task     ] GC(270) Using 8 workers of 8 for evacuation
[2024-02-07T22:56:42.585+0000][7][gc,age      ] GC(270) Desired survivor size 41943040 bytes, new threshold 15 (max threshold 15)
[2024-02-07T22:56:42.587+0000][7][gc,phases   ] GC(270)   Pre Evacuate Collection Set: 0.2ms
[2024-02-07T22:56:42.587+0000][7][gc,phases   ] GC(270)   Merge Heap Roots: 0.1ms
[2024-02-07T22:56:42.587+0000][7][gc,phases   ] GC(270)   Evacuate Collection Set: 1.5ms
[2024-02-07T22:56:42.587+0000][7][gc,phases   ] GC(270)   Post Evacuate Collection Set: 0.8ms
[2024-02-07T22:56:42.588+0000][7][gc,phases   ] GC(270)   Other: 0.1ms
[2024-02-07T22:56:42.588+0000][7][gc,age      ] GC(270) Age table with threshold 15 (max threshold 15)
[2024-02-07T22:56:42.588+0000][7][gc,age      ] GC(270) - age   1:    1045336 bytes,    1045336 total
[2024-02-07T22:56:42.588+0000][7][gc,age      ] GC(270) - age   2:       3440 bytes,    1048776 total
[2024-02-07T22:56:42.588+0000][7][gc,age      ] GC(270) - age   3:       8416 bytes,    1057192 total
[2024-02-07T22:56:42.588+0000][7][gc,age      ] GC(270) - age   4:     140304 bytes,    1197496 total
[2024-02-07T22:56:42.588+0000][7][gc,age      ] GC(270) - age   5:        480 bytes,    1197976 total
[2024-02-07T22:56:42.588+0000][7][gc,age      ] GC(270) - age   6:        216 bytes,    1198192 total
[2024-02-07T22:56:42.588+0000][7][gc,age      ] GC(270) - age   8:       9616 bytes,    1207808 total
[2024-02-07T22:56:42.588+0000][7][gc,age      ] GC(270) - age   9:       9640 bytes,    1217448 total
[2024-02-07T22:56:42.588+0000][7][gc,age      ] GC(270) - age  10:         32 bytes,    1217480 total
[2024-02-07T22:56:42.588+0000][7][gc,age      ] GC(270) - age  11:     120240 bytes,    1337720 total
[2024-02-07T22:56:42.588+0000][7][gc,age      ] GC(270) - age  12:     174296 bytes,    1512016 total
[2024-02-07T22:56:42.588+0000][7][gc,age      ] GC(270) - age  13:       8016 bytes,    1520032 total
[2024-02-07T22:56:42.588+0000][7][gc,age      ] GC(270) - age  14:      76200 bytes,    1596232 total
[2024-02-07T22:56:42.588+0000][7][gc,age      ] GC(270) - age  15:        208 bytes,    1596440 total
[2024-02-07T22:56:42.588+0000][7][gc,heap     ] GC(270) Eden regions: 152->0(152)
[2024-02-07T22:56:42.588+0000][7][gc,heap     ] GC(270) Survivor regions: 1->1(20)
[2024-02-07T22:56:42.588+0000][7][gc,heap     ] GC(270) Old regions: 24->24
[2024-02-07T22:56:42.588+0000][7][gc,heap     ] GC(270) Archive regions: 2->2
[2024-02-07T22:56:42.588+0000][7][gc,heap     ] GC(270) Humongous regions: 0->0
[2024-02-07T22:56:42.588+0000][7][gc,metaspace] GC(270) Metaspace: 128729K(132224K)->128729K(132224K) NonClass: 111882K(113728K)->111882K(113728K) Class: 16847K(18496K)->16847K(18496K)
[2024-02-07T22:56:42.588+0000][7][gc          ] GC(270) Pause Young (Normal) (G1 Evacuation Pause) 708M->100M(1024M) 3.000ms
[2024-02-07T22:56:42.588+0000][7][gc,cpu      ] GC(270) User=0.02s Sys=0.00s Real=0.00s
[2024-02-07T22:56:42.588+0000][7][safepoint   ] Safepoint "G1CollectForAllocation", Time since last: 35956551426 ns, Reaching safepoint: 72860 ns, At safepoint: 3103056 ns, Total: 3175916 ns
[2024-02-07T22:59:48.599+0000][7][gc,start    ] GC(271) Pause Young (Normal) (G1 Evacuation Pause)
[2024-02-07T22:59:48.599+0000][7][gc,task     ] GC(271) Using 8 workers of 8 for evacuation
[2024-02-07T22:59:48.599+0000][7][gc,age      ] GC(271) Desired survivor size 41943040 bytes, new threshold 15 (max threshold 15)
[2024-02-07T22:59:48.602+0000][7][gc,phases   ] GC(271)   Pre Evacuate Collection Set: 0.1ms
[2024-02-07T22:59:48.602+0000][7][gc,phases   ] GC(271)   Merge Heap Roots: 0.1ms
[2024-02-07T22:59:48.602+0000][7][gc,phases   ] GC(271)   Evacuate Collection Set: 1.6ms
[2024-02-07T22:59:48.602+0000][7][gc,phases   ] GC(271)   Post Evacuate Collection Set: 0.8ms
[2024-02-07T22:59:48.602+0000][7][gc,phases   ] GC(271)   Other: 0.1ms
[2024-02-07T22:59:48.602+0000][7][gc,age      ] GC(271) Age table with threshold 15 (max threshold 15)
[2024-02-07T22:59:48.602+0000][7][gc,age      ] GC(271) - age   1:    1493992 bytes,    1493992 total
[2024-02-07T22:59:48.602+0000][7][gc,age      ] GC(271) - age   2:       5736 bytes,    1499728 total
[2024-02-07T22:59:48.602+0000][7][gc,age      ] GC(271) - age   3:       1304 bytes,    1501032 total
[2024-02-07T22:59:48.602+0000][7][gc,age      ] GC(271) - age   4:       8352 bytes,    1509384 total
[2024-02-07T22:59:48.602+0000][7][gc,age      ] GC(271) - age   5:     131992 bytes,    1641376 total
[2024-02-07T22:59:48.602+0000][7][gc,age      ] GC(271) - age   6:        184 bytes,    1641560 total
[2024-02-07T22:59:48.602+0000][7][gc,age      ] GC(271) - age   7:        216 bytes,    1641776 total
[2024-02-07T22:59:48.602+0000][7][gc,age      ] GC(271) - age   9:       9616 bytes,    1651392 total
[2024-02-07T22:59:48.602+0000][7][gc,age      ] GC(271) - age  10:       9640 bytes,    1661032 total
[2024-02-07T22:59:48.602+0000][7][gc,age      ] GC(271) - age  11:         32 bytes,    1661064 total
[2024-02-07T22:59:48.602+0000][7][gc,age      ] GC(271) - age  12:     120240 bytes,    1781304 total
[2024-02-07T22:59:48.602+0000][7][gc,age      ] GC(271) - age  13:     174296 bytes,    1955600 total
[2024-02-07T22:59:48.602+0000][7][gc,age      ] GC(271) - age  14:       8016 bytes,    1963616 total
[2024-02-07T22:59:48.602+0000][7][gc,age      ] GC(271) - age  15:      76200 bytes,    2039816 total
[2024-02-07T22:59:48.602+0000][7][gc,heap     ] GC(271) Eden regions: 152->0(152)
[2024-02-07T22:59:48.602+0000][7][gc,heap     ] GC(271) Survivor regions: 1->1(20)
[2024-02-07T22:59:48.602+0000][7][gc,heap     ] GC(271) Old regions: 24->24
[2024-02-07T22:59:48.602+0000][7][gc,heap     ] GC(271) Archive regions: 2->2
[2024-02-07T22:59:48.602+0000][7][gc,heap     ] GC(271) Humongous regions: 0->0
[2024-02-07T22:59:48.602+0000][7][gc,metaspace] GC(271) Metaspace: 128729K(132224K)->128729K(132224K) NonClass: 111882K(113728K)->111882K(113728K) Class: 16847K(18496K)->16847K(18496K)
[2024-02-07T22:59:48.602+0000][7][gc          ] GC(271) Pause Young (Normal) (G1 Evacuation Pause) 708M->101M(1024M) 3.091ms
[2024-02-07T22:59:48.602+0000][7][gc,cpu      ] GC(271) User=0.01s Sys=0.00s Real=0.00s
[2024-02-07T22:59:48.602+0000][7][safepoint   ] Safepoint "G1CollectForAllocation", Time since last: 186011084992 ns, Reaching safepoint: 41496 ns, At safepoint: 3195967 ns, Total: 3237463 ns
[2024-02-07T23:02:37.678+0000][7][gc,start    ] GC(272) Pause Young (Normal) (G1 Evacuation Pause)
[2024-02-07T23:02:37.678+0000][7][gc,task     ] GC(272) Using 8 workers of 8 for evacuation
[2024-02-07T23:02:37.678+0000][7][gc,age      ] GC(272) Desired survivor size 41943040 bytes, new threshold 15 (max threshold 15)
[2024-02-07T23:02:37.681+0000][7][gc,phases   ] GC(272)   Pre Evacuate Collection Set: 0.1ms
[2024-02-07T23:02:37.681+0000][7][gc,phases   ] GC(272)   Merge Heap Roots: 0.1ms
[2024-02-07T23:02:37.681+0000][7][gc,phases   ] GC(272)   Evacuate Collection Set: 1.4ms
[2024-02-07T23:02:37.681+0000][7][gc,phases   ] GC(272)   Post Evacuate Collection Set: 0.6ms
[2024-02-07T23:02:37.681+0000][7][gc,phases   ] GC(272)   Other: 0.2ms
[2024-02-07T23:02:37.681+0000][7][gc,age      ] GC(272) Age table with threshold 15 (max threshold 15)
[2024-02-07T23:02:37.681+0000][7][gc,age      ] GC(272) - age   1:    1832768 bytes,    1832768 total
[2024-02-07T23:02:37.681+0000][7][gc,age      ] GC(272) - age   2:       2688 bytes,    1835456 total
[2024-02-07T23:02:37.681+0000][7][gc,age      ] GC(272) - age   3:       3680 bytes,    1839136 total
[2024-02-07T23:02:37.681+0000][7][gc,age      ] GC(272) - age   4:        368 bytes,    1839504 total
[2024-02-07T23:02:37.681+0000][7][gc,age      ] GC(272) - age   5:       8104 bytes,    1847608 total
[2024-02-07T23:02:37.681+0000][7][gc,age      ] GC(272) - age   6:     131600 bytes,    1979208 total
[2024-02-07T23:02:37.681+0000][7][gc,age      ] GC(272) - age   7:        184 bytes,    1979392 total
[2024-02-07T23:02:37.681+0000][7][gc,age      ] GC(272) - age   8:        184 bytes,    1979576 total
[2024-02-07T23:02:37.681+0000][7][gc,age      ] GC(272) - age  10:       9616 bytes,    1989192 total
[2024-02-07T23:02:37.681+0000][7][gc,age      ] GC(272) - age  11:       9640 bytes,    1998832 total
[2024-02-07T23:02:37.681+0000][7][gc,age      ] GC(272) - age  12:         32 bytes,    1998864 total
[2024-02-07T23:02:37.681+0000][7][gc,age      ] GC(272) - age  13:     120240 bytes,    2119104 total
[2024-02-07T23:02:37.681+0000][7][gc,age      ] GC(272) - age  14:     174296 bytes,    2293400 total
[2024-02-07T23:02:37.681+0000][7][gc,age      ] GC(272) - age  15:       8016 bytes,    2301416 total
[2024-02-07T23:02:37.681+0000][7][gc,heap     ] GC(272) Eden regions: 152->0(152)
[2024-02-07T23:02:37.681+0000][7][gc,heap     ] GC(272) Survivor regions: 1->1(20)
[2024-02-07T23:02:37.681+0000][7][gc,heap     ] GC(272) Old regions: 24->24
[2024-02-07T23:02:37.681+0000][7][gc,heap     ] GC(272) Archive regions: 2->2
[2024-02-07T23:02:37.681+0000][7][gc,heap     ] GC(272) Humongous regions: 0->0
[2024-02-07T23:02:37.681+0000][7][gc,metaspace] GC(272) Metaspace: 128730K(132224K)->128730K(132224K) NonClass: 111882K(113728K)->111882K(113728K) Class: 16847K(18496K)->16847K(18496K)
[2024-02-07T23:02:37.681+0000][7][gc          ] GC(272) Pause Young (Normal) (G1 Evacuation Pause) 709M->101M(1024M) 2.601ms
[2024-02-07T23:02:37.681+0000][7][gc,cpu      ] GC(272) User=0.01s Sys=0.00s Real=0.00s
[2024-02-07T23:02:37.681+0000][7][safepoint   ] Safepoint "G1CollectForAllocation", Time since last: 169076009053 ns, Reaching safepoint: 98340 ns, At safepoint: 2687308 ns, Total: 2785648 ns
[2024-02-07T23:04:06.691+0000][7][safepoint   ] Safepoint "Cleanup", Time since last: 89010118365 ns, Reaching safepoint: 68116 ns, At safepoint: 40498 ns, Total: 108614 ns
[2024-02-07T23:05:45.596+0000][7][gc,start    ] GC(273) Pause Young (Normal) (G1 Evacuation Pause)
[2024-02-07T23:05:45.596+0000][7][gc,task     ] GC(273) Using 8 workers of 8 for evacuation
[2024-02-07T23:05:45.596+0000][7][gc,age      ] GC(273) Desired survivor size 41943040 bytes, new threshold 15 (max threshold 15)
[2024-02-07T23:05:45.597+0000][7][gc,phases   ] GC(273)   Pre Evacuate Collection Set: 0.1ms
[2024-02-07T23:05:45.598+0000][7][gc,phases   ] GC(273)   Merge Heap Roots: 0.0ms
[2024-02-07T23:05:45.598+0000][7][gc,phases   ] GC(273)   Evacuate Collection Set: 0.8ms
[2024-02-07T23:05:45.598+0000][7][gc,phases   ] GC(273)   Post Evacuate Collection Set: 0.5ms
[2024-02-07T23:05:45.598+0000][7][gc,phases   ] GC(273)   Other: 0.1ms
[2024-02-07T23:05:45.598+0000][7][gc,age      ] GC(273) Age table with threshold 15 (max threshold 15)
[2024-02-07T23:05:45.598+0000][7][gc,age      ] GC(273) - age   1:     977144 bytes,     977144 total
[2024-02-07T23:05:45.598+0000][7][gc,age      ] GC(273) - age   2:       3536 bytes,     980680 total
[2024-02-07T23:05:45.598+0000][7][gc,age      ] GC(273) - age   3:        320 bytes,     981000 total
[2024-02-07T23:05:45.598+0000][7][gc,age      ] GC(273) - age   4:        416 bytes,     981416 total
[2024-02-07T23:05:45.598+0000][7][gc,age      ] GC(273) - age   5:        184 bytes,     981600 total
[2024-02-07T23:05:45.598+0000][7][gc,age      ] GC(273) - age   6:       8040 bytes,     989640 total
[2024-02-07T23:05:45.598+0000][7][gc,age      ] GC(273) - age   7:     131600 bytes,    1121240 total
[2024-02-07T23:05:45.598+0000][7][gc,age      ] GC(273) - age   8:        184 bytes,    1121424 total
[2024-02-07T23:05:45.598+0000][7][gc,age      ] GC(273) - age  11:       9616 bytes,    1131040 total
[2024-02-07T23:05:45.598+0000][7][gc,age      ] GC(273) - age  12:       9640 bytes,    1140680 total
[2024-02-07T23:05:45.598+0000][7][gc,age      ] GC(273) - age  13:         32 bytes,    1140712 total
[2024-02-07T23:05:45.598+0000][7][gc,age      ] GC(273) - age  14:     120240 bytes,    1260952 total
[2024-02-07T23:05:45.598+0000][7][gc,age      ] GC(273) - age  15:     174296 bytes,    1435248 total
[2024-02-07T23:05:45.598+0000][7][gc,heap     ] GC(273) Eden regions: 152->0(152)
[2024-02-07T23:05:45.598+0000][7][gc,heap     ] GC(273) Survivor regions: 1->1(20)
[2024-02-07T23:05:45.598+0000][7][gc,heap     ] GC(273) Old regions: 24->24
[2024-02-07T23:05:45.598+0000][7][gc,heap     ] GC(273) Archive regions: 2->2
[2024-02-07T23:05:45.598+0000][7][gc,heap     ] GC(273) Humongous regions: 0->0
[2024-02-07T23:05:45.598+0000][7][gc,metaspace] GC(273) Metaspace: 128730K(132224K)->128730K(132224K) NonClass: 111882K(113728K)->111882K(113728K) Class: 16847K(18496K)->16847K(18496K)
[2024-02-07T23:05:45.598+0000][7][gc          ] GC(273) Pause Young (Normal) (G1 Evacuation Pause) 709M->100M(1024M) 1.743ms
[2024-02-07T23:05:45.598+0000][7][gc,cpu      ] GC(273) User=0.01s Sys=0.00s Real=0.01s
[2024-02-07T23:05:45.598+0000][7][safepoint   ] Safepoint "G1CollectForAllocation", Time since last: 98904797043 ns, Reaching safepoint: 40453 ns, At safepoint: 1815388 ns, Total: 1855841 ns
[2024-02-07T23:08:48.674+0000][7][gc,start    ] GC(274) Pause Young (Normal) (G1 Evacuation Pause)
[2024-02-07T23:08:48.674+0000][7][gc,task     ] GC(274) Using 8 workers of 8 for evacuation
[2024-02-07T23:08:48.674+0000][7][gc,age      ] GC(274) Desired survivor size 41943040 bytes, new threshold 15 (max threshold 15)
[2024-02-07T23:08:48.677+0000][7][gc,phases   ] GC(274)   Pre Evacuate Collection Set: 0.1ms
[2024-02-07T23:08:48.677+0000][7][gc,phases   ] GC(274)   Merge Heap Roots: 0.1ms
[2024-02-07T23:08:48.677+0000][7][gc,phases   ] GC(274)   Evacuate Collection Set: 1.3ms
[2024-02-07T23:08:48.677+0000][7][gc,phases   ] GC(274)   Post Evacuate Collection Set: 0.7ms
[2024-02-07T23:08:48.677+0000][7][gc,phases   ] GC(274)   Other: 0.1ms
[2024-02-07T23:08:48.677+0000][7][gc,age      ] GC(274) Age table with threshold 15 (max threshold 15)
[2024-02-07T23:08:48.677+0000][7][gc,age      ] GC(274) - age   1:    1300512 bytes,    1300512 total
[2024-02-07T23:08:48.677+0000][7][gc,age      ] GC(274) - age   2:      12864 bytes,    1313376 total
[2024-02-07T23:08:48.677+0000][7][gc,age      ] GC(274) - age   3:       1272 bytes,    1314648 total
[2024-02-07T23:08:48.677+0000][7][gc,age      ] GC(274) - age   4:        256 bytes,    1314904 total
[2024-02-07T23:08:48.677+0000][7][gc,age      ] GC(274) - age   5:        416 bytes,    1315320 total
[2024-02-07T23:08:48.677+0000][7][gc,age      ] GC(274) - age   6:        184 bytes,    1315504 total
[2024-02-07T23:08:48.677+0000][7][gc,age      ] GC(274) - age   7:       8040 bytes,    1323544 total
[2024-02-07T23:08:48.677+0000][7][gc,age      ] GC(274) - age   8:     131600 bytes,    1455144 total
[2024-02-07T23:08:48.677+0000][7][gc,age      ] GC(274) - age   9:        184 bytes,    1455328 total
[2024-02-07T23:08:48.677+0000][7][gc,age      ] GC(274) - age  12:       9616 bytes,    1464944 total
[2024-02-07T23:08:48.677+0000][7][gc,age      ] GC(274) - age  13:       9640 bytes,    1474584 total
[2024-02-07T23:08:48.677+0000][7][gc,age      ] GC(274) - age  14:         32 bytes,    1474616 total
[2024-02-07T23:08:48.677+0000][7][gc,age      ] GC(274) - age  15:     120240 bytes,    1594856 total
[2024-02-07T23:08:48.677+0000][7][gc,heap     ] GC(274) Eden regions: 152->0(152)
[2024-02-07T23:08:48.677+0000][7][gc,heap     ] GC(274) Survivor regions: 1->1(20)
[2024-02-07T23:08:48.677+0000][7][gc,heap     ] GC(274) Old regions: 24->24
[2024-02-07T23:08:48.677+0000][7][gc,heap     ] GC(274) Archive regions: 2->2
[2024-02-07T23:08:48.677+0000][7][gc,heap     ] GC(274) Humongous regions: 0->0
[2024-02-07T23:08:48.677+0000][7][gc,metaspace] GC(274) Metaspace: 128730K(132224K)->128730K(132224K) NonClass: 111882K(113728K)->111882K(113728K) Class: 16847K(18496K)->16847K(18496K)
[2024-02-07T23:08:48.677+0000][7][gc          ] GC(274) Pause Young (Normal) (G1 Evacuation Pause) 708M->101M(1024M) 2.527ms
[2024-02-07T23:08:48.677+0000][7][gc,cpu      ] GC(274) User=0.02s Sys=0.00s Real=0.01s
[2024-02-07T23:08:48.677+0000][7][safepoint   ] Safepoint "G1CollectForAllocation", Time since last: 183076410569 ns, Reaching safepoint: 70275 ns, At safepoint: 2638207 ns, Total: 2708482 ns
[2024-02-07T23:10:59.693+0000][7][safepoint   ] Safepoint "Cleanup", Time since last: 131015904669 ns, Reaching safepoint: 76474 ns, At safepoint: 6554 ns, Total: 83028 ns
[2024-02-07T23:11:48.956+0000][7][gc,start    ] GC(275) Pause Young (Normal) (G1 Evacuation Pause)
[2024-02-07T23:11:48.956+0000][7][gc,task     ] GC(275) Using 8 workers of 8 for evacuation
[2024-02-07T23:11:48.956+0000][7][gc,age      ] GC(275) Desired survivor size 41943040 bytes, new threshold 15 (max threshold 15)
[2024-02-07T23:11:48.959+0000][7][gc,phases   ] GC(275)   Pre Evacuate Collection Set: 0.1ms
[2024-02-07T23:11:48.959+0000][7][gc,phases   ] GC(275)   Merge Heap Roots: 0.1ms
[2024-02-07T23:11:48.959+0000][7][gc,phases   ] GC(275)   Evacuate Collection Set: 1.2ms
[2024-02-07T23:11:48.959+0000][7][gc,phases   ] GC(275)   Post Evacuate Collection Set: 0.8ms
[2024-02-07T23:11:48.959+0000][7][gc,phases   ] GC(275)   Other: 0.1ms
[2024-02-07T23:11:48.959+0000][7][gc,age      ] GC(275) Age table with threshold 15 (max threshold 15)
[2024-02-07T23:11:48.959+0000][7][gc,age      ] GC(275) - age   1:    1900688 bytes,    1900688 total
[2024-02-07T23:11:48.959+0000][7][gc,age      ] GC(275) - age   2:       2024 bytes,    1902712 total
[2024-02-07T23:11:48.959+0000][7][gc,age      ] GC(275) - age   3:       3552 bytes,    1906264 total
[2024-02-07T23:11:48.959+0000][7][gc,age      ] GC(275) - age   4:        488 bytes,    1906752 total
[2024-02-07T23:11:48.959+0000][7][gc,age      ] GC(275) - age   5:        256 bytes,    1907008 total
[2024-02-07T23:11:48.959+0000][7][gc,age      ] GC(275) - age   6:        384 bytes,    1907392 total
[2024-02-07T23:11:48.959+0000][7][gc,age      ] GC(275) - age   7:        184 bytes,    1907576 total
[2024-02-07T23:11:48.959+0000][7][gc,age      ] GC(275) - age   8:       8016 bytes,    1915592 total
[2024-02-07T23:11:48.959+0000][7][gc,age      ] GC(275) - age   9:     131600 bytes,    2047192 total
[2024-02-07T23:11:48.959+0000][7][gc,age      ] GC(275) - age  10:        184 bytes,    2047376 total
[2024-02-07T23:11:48.959+0000][7][gc,age      ] GC(275) - age  13:       9616 bytes,    2056992 total
[2024-02-07T23:11:48.959+0000][7][gc,age      ] GC(275) - age  14:       9640 bytes,    2066632 total
[2024-02-07T23:11:48.959+0000][7][gc,age      ] GC(275) - age  15:         32 bytes,    2066664 total
[2024-02-07T23:11:48.959+0000][7][gc,heap     ] GC(275) Eden regions: 152->0(152)
[2024-02-07T23:11:48.959+0000][7][gc,heap     ] GC(275) Survivor regions: 1->1(20)
[2024-02-07T23:11:48.959+0000][7][gc,heap     ] GC(275) Old regions: 24->24
[2024-02-07T23:11:48.959+0000][7][gc,heap     ] GC(275) Archive regions: 2->2
[2024-02-07T23:11:48.959+0000][7][gc,heap     ] GC(275) Humongous regions: 0->0
[2024-02-07T23:11:48.959+0000][7][gc,metaspace] GC(275) Metaspace: 128732K(132224K)->128732K(132224K) NonClass: 111885K(113728K)->111885K(113728K) Class: 16847K(18496K)->16847K(18496K)
[2024-02-07T23:11:48.959+0000][7][gc          ] GC(275) Pause Young (Normal) (G1 Evacuation Pause) 708M->101M(1024M) 2.475ms
[2024-02-07T23:11:48.959+0000][7][gc,cpu      ] GC(275) User=0.02s Sys=0.00s Real=0.00s
[2024-02-07T23:11:48.959+0000][7][safepoint   ] Safepoint "G1CollectForAllocation", Time since last: 49263440247 ns, Reaching safepoint: 47065 ns, At safepoint: 2554170 ns, Total: 2601235 ns
[2024-02-07T23:13:06.967+0000][7][safepoint   ] Safepoint "Cleanup", Time since last: 78007606103 ns, Reaching safepoint: 78763 ns, At safepoint: 41875 ns, Total: 120638 ns
[2024-02-07T23:14:51.591+0000][7][gc,start    ] GC(276) Pause Young (Normal) (G1 Evacuation Pause)
[2024-02-07T23:14:51.591+0000][7][gc,task     ] GC(276) Using 8 workers of 8 for evacuation
[2024-02-07T23:14:51.591+0000][7][gc,age      ] GC(276) Desired survivor size 41943040 bytes, new threshold 15 (max threshold 15)
[2024-02-07T23:14:51.593+0000][7][gc,phases   ] GC(276)   Pre Evacuate Collection Set: 0.1ms
[2024-02-07T23:14:51.593+0000][7][gc,phases   ] GC(276)   Merge Heap Roots: 0.1ms
[2024-02-07T23:14:51.593+0000][7][gc,phases   ] GC(276)   Evacuate Collection Set: 1.0ms
[2024-02-07T23:14:51.593+0000][7][gc,phases   ] GC(276)   Post Evacuate Collection Set: 0.8ms
[2024-02-07T23:14:51.593+0000][7][gc,phases   ] GC(276)   Other: 0.1ms
[2024-02-07T23:14:51.593+0000][7][gc,age      ] GC(276) Age table with threshold 15 (max threshold 15)
[2024-02-07T23:14:51.593+0000][7][gc,age      ] GC(276) - age   1:     559976 bytes,     559976 total
[2024-02-07T23:14:51.593+0000][7][gc,age      ] GC(276) - age   2:      11080 bytes,     571056 total
[2024-02-07T23:14:51.593+0000][7][gc,age      ] GC(276) - age   4:       3552 bytes,     574608 total
[2024-02-07T23:14:51.593+0000][7][gc,age      ] GC(276) - age   5:        424 bytes,     575032 total
[2024-02-07T23:14:51.593+0000][7][gc,age      ] GC(276) - age   6:        256 bytes,     575288 total
[2024-02-07T23:14:51.593+0000][7][gc,age      ] GC(276) - age   7:        384 bytes,     575672 total
[2024-02-07T23:14:51.593+0000][7][gc,age      ] GC(276) - age   8:        184 bytes,     575856 total
[2024-02-07T23:14:51.593+0000][7][gc,age      ] GC(276) - age  10:     131600 bytes,     707456 total
[2024-02-07T23:14:51.593+0000][7][gc,age      ] GC(276) - age  11:        184 bytes,     707640 total
[2024-02-07T23:14:51.593+0000][7][gc,age      ] GC(276) - age  14:       9616 bytes,     717256 total
[2024-02-07T23:14:51.593+0000][7][gc,age      ] GC(276) - age  15:       9640 bytes,     726896 total
[2024-02-07T23:14:51.593+0000][7][gc,heap     ] GC(276) Eden regions: 152->0(152)
[2024-02-07T23:14:51.593+0000][7][gc,heap     ] GC(276) Survivor regions: 1->1(20)
[2024-02-07T23:14:51.593+0000][7][gc,heap     ] GC(276) Old regions: 24->24
[2024-02-07T23:14:51.593+0000][7][gc,heap     ] GC(276) Archive regions: 2->2
[2024-02-07T23:14:51.593+0000][7][gc,heap     ] GC(276) Humongous regions: 0->0
[2024-02-07T23:14:51.593+0000][7][gc,metaspace] GC(276) Metaspace: 128732K(132224K)->128732K(132224K) NonClass: 111885K(113728K)->111885K(113728K) Class: 16847K(18496K)->16847K(18496K)
[2024-02-07T23:14:51.593+0000][7][gc          ] GC(276) Pause Young (Normal) (G1 Evacuation Pause) 709M->100M(1024M) 2.498ms
[2024-02-07T23:14:51.593+0000][7][gc,cpu      ] GC(276) User=0.01s Sys=0.00s Real=0.00s
[2024-02-07T23:14:51.593+0000][7][safepoint   ] Safepoint "G1CollectForAllocation", Time since last: 104623722082 ns, Reaching safepoint: 117198 ns, At safepoint: 2622728 ns, Total: 2739926 ns
[2024-02-07T23:17:54.660+0000][7][gc,start    ] GC(277) Pause Young (Normal) (G1 Evacuation Pause)
[2024-02-07T23:17:54.660+0000][7][gc,task     ] GC(277) Using 8 workers of 8 for evacuation
[2024-02-07T23:17:54.660+0000][7][gc,age      ] GC(277) Desired survivor size 41943040 bytes, new threshold 15 (max threshold 15)
[2024-02-07T23:17:54.663+0000][7][gc,phases   ] GC(277)   Pre Evacuate Collection Set: 0.1ms
[2024-02-07T23:17:54.663+0000][7][gc,phases   ] GC(277)   Merge Heap Roots: 0.1ms
[2024-02-07T23:17:54.663+0000][7][gc,phases   ] GC(277)   Evacuate Collection Set: 1.7ms
[2024-02-07T23:17:54.663+0000][7][gc,phases   ] GC(277)   Post Evacuate Collection Set: 0.8ms
[2024-02-07T23:17:54.663+0000][7][gc,phases   ] GC(277)   Other: 0.1ms
[2024-02-07T23:17:54.663+0000][7][gc,age      ] GC(277) Age table with threshold 15 (max threshold 15)
[2024-02-07T23:17:54.663+0000][7][gc,age      ] GC(277) - age   1:    1541232 bytes,    1541232 total
[2024-02-07T23:17:54.663+0000][7][gc,age      ] GC(277) - age   2:       1448 bytes,    1542680 total
[2024-02-07T23:17:54.663+0000][7][gc,age      ] GC(277) - age   3:       9224 bytes,    1551904 total
[2024-02-07T23:17:54.663+0000][7][gc,age      ] GC(277) - age   6:         32 bytes,    1551936 total
[2024-02-07T23:17:54.663+0000][7][gc,age      ] GC(277) - age   7:        256 bytes,    1552192 total
[2024-02-07T23:17:54.663+0000][7][gc,age      ] GC(277) - age   9:        184 bytes,    1552376 total
[2024-02-07T23:17:54.663+0000][7][gc,age      ] GC(277) - age  11:     131600 bytes,    1683976 total
[2024-02-07T23:17:54.663+0000][7][gc,age      ] GC(277) - age  12:        184 bytes,    1684160 total
[2024-02-07T23:17:54.663+0000][7][gc,age      ] GC(277) - age  15:       9616 bytes,    1693776 total
[2024-02-07T23:17:54.663+0000][7][gc,heap     ] GC(277) Eden regions: 152->0(152)
[2024-02-07T23:17:54.663+0000][7][gc,heap     ] GC(277) Survivor regions: 1->1(20)
[2024-02-07T23:17:54.663+0000][7][gc,heap     ] GC(277) Old regions: 24->24
[2024-02-07T23:17:54.663+0000][7][gc,heap     ] GC(277) Archive regions: 2->2
[2024-02-07T23:17:54.663+0000][7][gc,heap     ] GC(277) Humongous regions: 0->0
[2024-02-07T23:17:54.663+0000][7][gc,metaspace] GC(277) Metaspace: 128732K(132224K)->128732K(132224K) NonClass: 111885K(113728K)->111885K(113728K) Class: 16847K(18496K)->16847K(18496K)
[2024-02-07T23:17:54.663+0000][7][gc          ] GC(277) Pause Young (Normal) (G1 Evacuation Pause) 708M->101M(1024M) 3.207ms
[2024-02-07T23:17:54.663+0000][7][gc,cpu      ] GC(277) User=0.02s Sys=0.00s Real=0.00s
[2024-02-07T23:17:54.663+0000][7][safepoint   ] Safepoint "G1CollectForAllocation", Time since last: 183066733069 ns, Reaching safepoint: 94496 ns, At safepoint: 3307526 ns, Total: 3402022 ns
[2024-02-07T23:21:00.676+0000][7][gc,start    ] GC(278) Pause Young (Normal) (G1 Evacuation Pause)
[2024-02-07T23:21:00.676+0000][7][gc,task     ] GC(278) Using 8 workers of 8 for evacuation
[2024-02-07T23:21:00.676+0000][7][gc,age      ] GC(278) Desired survivor size 41943040 bytes, new threshold 15 (max threshold 15)
[2024-02-07T23:21:00.679+0000][7][gc,phases   ] GC(278)   Pre Evacuate Collection Set: 0.1ms
[2024-02-07T23:21:00.679+0000][7][gc,phases   ] GC(278)   Merge Heap Roots: 0.1ms
[2024-02-07T23:21:00.679+0000][7][gc,phases   ] GC(278)   Evacuate Collection Set: 1.7ms
[2024-02-07T23:21:00.679+0000][7][gc,phases   ] GC(278)   Post Evacuate Collection Set: 0.7ms
[2024-02-07T23:21:00.679+0000][7][gc,phases   ] GC(278)   Other: 0.1ms
[2024-02-07T23:21:00.679+0000][7][gc,age      ] GC(278) Age table with threshold 15 (max threshold 15)
[2024-02-07T23:21:00.679+0000][7][gc,age      ] GC(278) - age   1:    1708896 bytes,    1708896 total
[2024-02-07T23:21:00.679+0000][7][gc,age      ] GC(278) - age   2:     248456 bytes,    1957352 total
[2024-02-07T23:21:00.679+0000][7][gc,age      ] GC(278) - age   3:        128 bytes,    1957480 total
[2024-02-07T23:21:00.679+0000][7][gc,age      ] GC(278) - age   4:       8256 bytes,    1965736 total
[2024-02-07T23:21:00.679+0000][7][gc,age      ] GC(278) - age   8:        256 bytes,    1965992 total
[2024-02-07T23:21:00.679+0000][7][gc,age      ] GC(278) - age  10:        184 bytes,    1966176 total
[2024-02-07T23:21:00.679+0000][7][gc,age      ] GC(278) - age  12:     131600 bytes,    2097776 total
[2024-02-07T23:21:00.679+0000][7][gc,age      ] GC(278) - age  13:        184 bytes,    2097960 total
[2024-02-07T23:21:00.679+0000][7][gc,heap     ] GC(278) Eden regions: 152->0(152)
[2024-02-07T23:21:00.679+0000][7][gc,heap     ] GC(278) Survivor regions: 1->1(20)
[2024-02-07T23:21:00.679+0000][7][gc,heap     ] GC(278) Old regions: 24->24
[2024-02-07T23:21:00.679+0000][7][gc,heap     ] GC(278) Archive regions: 2->2
[2024-02-07T23:21:00.679+0000][7][gc,heap     ] GC(278) Humongous regions: 0->0
[2024-02-07T23:21:00.679+0000][7][gc,metaspace] GC(278) Metaspace: 128747K(132224K)->128747K(132224K) NonClass: 111900K(113728K)->111900K(113728K) Class: 16847K(18496K)->16847K(18496K)
[2024-02-07T23:21:00.679+0000][7][gc          ] GC(278) Pause Young (Normal) (G1 Evacuation Pause) 709M->101M(1024M) 3.067ms
[2024-02-07T23:21:00.679+0000][7][gc,cpu      ] GC(278) User=0.01s Sys=0.00s Real=0.00s
[2024-02-07T23:21:00.679+0000][7][safepoint   ] Safepoint "G1CollectForAllocation", Time since last: 186013016138 ns, Reaching safepoint: 72407 ns, At safepoint: 3161454 ns, Total: 3233861 ns
[2024-02-07T23:22:58.692+0000][7][safepoint   ] Safepoint "Cleanup", Time since last: 118012651007 ns, Reaching safepoint: 90460 ns, At safepoint: 7820 ns, Total: 98280 ns
[2024-02-07T23:24:01.728+0000][7][gc,start    ] GC(279) Pause Young (Normal) (G1 Evacuation Pause)
[2024-02-07T23:24:01.728+0000][7][gc,task     ] GC(279) Using 8 workers of 8 for evacuation
[2024-02-07T23:24:01.728+0000][7][gc,age      ] GC(279) Desired survivor size 41943040 bytes, new threshold 15 (max threshold 15)
[2024-02-07T23:24:01.731+0000][7][gc,phases   ] GC(279)   Pre Evacuate Collection Set: 0.1ms
[2024-02-07T23:24:01.731+0000][7][gc,phases   ] GC(279)   Merge Heap Roots: 0.1ms
[2024-02-07T23:24:01.731+0000][7][gc,phases   ] GC(279)   Evacuate Collection Set: 1.5ms
[2024-02-07T23:24:01.731+0000][7][gc,phases   ] GC(279)   Post Evacuate Collection Set: 0.8ms
[2024-02-07T23:24:01.731+0000][7][gc,phases   ] GC(279)   Other: 0.1ms
[2024-02-07T23:24:01.731+0000][7][gc,age      ] GC(279) Age table with threshold 15 (max threshold 15)
[2024-02-07T23:24:01.731+0000][7][gc,age      ] GC(279) - age   1:    2118424 bytes,    2118424 total
[2024-02-07T23:24:01.731+0000][7][gc,age      ] GC(279) - age   2:       6104 bytes,    2124528 total
[2024-02-07T23:24:01.731+0000][7][gc,age      ] GC(279) - age   3:     119152 bytes,    2243680 total
[2024-02-07T23:24:01.731+0000][7][gc,age      ] GC(279) - age   5:       8256 bytes,    2251936 total
[2024-02-07T23:24:01.731+0000][7][gc,age      ] GC(279) - age   9:         72 bytes,    2252008 total
[2024-02-07T23:24:01.731+0000][7][gc,age      ] GC(279) - age  11:        184 bytes,    2252192 total
[2024-02-07T23:24:01.731+0000][7][gc,age      ] GC(279) - age  13:     131600 bytes,    2383792 total
[2024-02-07T23:24:01.731+0000][7][gc,age      ] GC(279) - age  14:        184 bytes,    2383976 total
[2024-02-07T23:24:01.731+0000][7][gc,heap     ] GC(279) Eden regions: 152->0(152)
[2024-02-07T23:24:01.731+0000][7][gc,heap     ] GC(279) Survivor regions: 1->1(20)
[2024-02-07T23:24:01.731+0000][7][gc,heap     ] GC(279) Old regions: 24->24
[2024-02-07T23:24:01.731+0000][7][gc,heap     ] GC(279) Archive regions: 2->2
[2024-02-07T23:24:01.731+0000][7][gc,heap     ] GC(279) Humongous regions: 0->0
[2024-02-07T23:24:01.731+0000][7][gc,metaspace] GC(279) Metaspace: 128747K(132224K)->128747K(132224K) NonClass: 111900K(113728K)->111900K(113728K) Class: 16847K(18496K)->16847K(18496K)
[2024-02-07T23:24:01.731+0000][7][gc          ] GC(279) Pause Young (Normal) (G1 Evacuation Pause) 709M->102M(1024M) 2.767ms
[2024-02-07T23:24:01.731+0000][7][gc,cpu      ] GC(279) User=0.02s Sys=0.00s Real=0.00s
[2024-02-07T23:24:01.731+0000][7][safepoint   ] Safepoint "G1CollectForAllocation", Time since last: 63036049848 ns, Reaching safepoint: 103131 ns, At safepoint: 2848874 ns, Total: 2952005 ns
[2024-02-07T23:27:00.666+0000][7][gc,start    ] GC(280) Pause Young (Normal) (G1 Evacuation Pause)
[2024-02-07T23:27:00.666+0000][7][gc,task     ] GC(280) Using 8 workers of 8 for evacuation
[2024-02-07T23:27:00.666+0000][7][gc,age      ] GC(280) Desired survivor size 41943040 bytes, new threshold 15 (max threshold 15)
[2024-02-07T23:27:00.669+0000][7][gc,phases   ] GC(280)   Pre Evacuate Collection Set: 0.1ms
[2024-02-07T23:27:00.669+0000][7][gc,phases   ] GC(280)   Merge Heap Roots: 0.1ms
[2024-02-07T23:27:00.669+0000][7][gc,phases   ] GC(280)   Evacuate Collection Set: 1.4ms
[2024-02-07T23:27:00.669+0000][7][gc,phases   ] GC(280)   Post Evacuate Collection Set: 0.9ms
[2024-02-07T23:27:00.669+0000][7][gc,phases   ] GC(280)   Other: 0.1ms
[2024-02-07T23:27:00.669+0000][7][gc,age      ] GC(280) Age table with threshold 15 (max threshold 15)
[2024-02-07T23:27:00.669+0000][7][gc,age      ] GC(280) - age   1:     750632 bytes,     750632 total
[2024-02-07T23:27:00.669+0000][7][gc,age      ] GC(280) - age   2:     191400 bytes,     942032 total
[2024-02-07T23:27:00.669+0000][7][gc,age      ] GC(280) - age   3:       2568 bytes,     944600 total
[2024-02-07T23:27:00.669+0000][7][gc,age      ] GC(280) - age   4:     107680 bytes,    1052280 total
[2024-02-07T23:27:00.669+0000][7][gc,age      ] GC(280) - age   6:       8048 bytes,    1060328 total
[2024-02-07T23:27:00.669+0000][7][gc,age      ] GC(280) - age  10:         72 bytes,    1060400 total
[2024-02-07T23:27:00.669+0000][7][gc,age      ] GC(280) - age  12:        184 bytes,    1060584 total
[2024-02-07T23:27:00.669+0000][7][gc,age      ] GC(280) - age  14:     131600 bytes,    1192184 total
[2024-02-07T23:27:00.669+0000][7][gc,age      ] GC(280) - age  15:        184 bytes,    1192368 total
[2024-02-07T23:27:00.669+0000][7][gc,heap     ] GC(280) Eden regions: 152->0(152)
[2024-02-07T23:27:00.669+0000][7][gc,heap     ] GC(280) Survivor regions: 1->1(20)
[2024-02-07T23:27:00.669+0000][7][gc,heap     ] GC(280) Old regions: 24->24
[2024-02-07T23:27:00.669+0000][7][gc,heap     ] GC(280) Archive regions: 2->2
[2024-02-07T23:27:00.669+0000][7][gc,heap     ] GC(280) Humongous regions: 0->0
[2024-02-07T23:27:00.669+0000][7][gc,metaspace] GC(280) Metaspace: 128747K(132224K)->128747K(132224K) NonClass: 111900K(113728K)->111900K(113728K) Class: 16847K(18496K)->16847K(18496K)
[2024-02-07T23:27:00.669+0000][7][gc          ] GC(280) Pause Young (Normal) (G1 Evacuation Pause) 710M->100M(1024M) 2.954ms
[2024-02-07T23:27:00.669+0000][7][gc,cpu      ] GC(280) User=0.02s Sys=0.00s Real=0.00s
[2024-02-07T23:27:00.669+0000][7][safepoint   ] Safepoint "G1CollectForAllocation", Time since last: 178934856765 ns, Reaching safepoint: 77799 ns, At safepoint: 3059815 ns, Total: 3137614 ns
[2024-02-07T23:30:03.694+0000][7][gc,start    ] GC(281) Pause Young (Normal) (G1 Evacuation Pause)
[2024-02-07T23:30:03.694+0000][7][gc,task     ] GC(281) Using 8 workers of 8 for evacuation
[2024-02-07T23:30:03.694+0000][7][gc,age      ] GC(281) Desired survivor size 41943040 bytes, new threshold 15 (max threshold 15)
[2024-02-07T23:30:03.697+0000][7][gc,phases   ] GC(281)   Pre Evacuate Collection Set: 0.1ms
[2024-02-07T23:30:03.697+0000][7][gc,phases   ] GC(281)   Merge Heap Roots: 0.1ms
[2024-02-07T23:30:03.697+0000][7][gc,phases   ] GC(281)   Evacuate Collection Set: 1.8ms
[2024-02-07T23:30:03.697+0000][7][gc,phases   ] GC(281)   Post Evacuate Collection Set: 0.8ms
[2024-02-07T23:30:03.697+0000][7][gc,phases   ] GC(281)   Other: 0.1ms
[2024-02-07T23:30:03.697+0000][7][gc,age      ] GC(281) Age table with threshold 15 (max threshold 15)
[2024-02-07T23:30:03.697+0000][7][gc,age      ] GC(281) - age   1:    1040136 bytes,    1040136 total
[2024-02-07T23:30:03.697+0000][7][gc,age      ] GC(281) - age   2:      47440 bytes,    1087576 total
[2024-02-07T23:30:03.698+0000][7][gc,age      ] GC(281) - age   3:     188456 bytes,    1276032 total
[2024-02-07T23:30:03.698+0000][7][gc,age      ] GC(281) - age   4:       2064 bytes,    1278096 total
[2024-02-07T23:30:03.698+0000][7][gc,age      ] GC(281) - age   5:     107288 bytes,    1385384 total
[2024-02-07T23:30:03.698+0000][7][gc,age      ] GC(281) - age   7:       8048 bytes,    1393432 total
[2024-02-07T23:30:03.698+0000][7][gc,age      ] GC(281) - age  11:         72 bytes,    1393504 total
[2024-02-07T23:30:03.698+0000][7][gc,age      ] GC(281) - age  13:        184 bytes,    1393688 total
[2024-02-07T23:30:03.698+0000][7][gc,age      ] GC(281) - age  15:     131600 bytes,    1525288 total
[2024-02-07T23:30:03.698+0000][7][gc,heap     ] GC(281) Eden regions: 152->0(152)
[2024-02-07T23:30:03.698+0000][7][gc,heap     ] GC(281) Survivor regions: 1->1(20)
[2024-02-07T23:30:03.698+0000][7][gc,heap     ] GC(281) Old regions: 24->24
[2024-02-07T23:30:03.698+0000][7][gc,heap     ] GC(281) Archive regions: 2->2
[2024-02-07T23:30:03.698+0000][7][gc,heap     ] GC(281) Humongous regions: 0->0
[2024-02-07T23:30:03.698+0000][7][gc,metaspace] GC(281) Metaspace: 128747K(132224K)->128747K(132224K) NonClass: 111900K(113728K)->111900K(113728K) Class: 16847K(18496K)->16847K(18496K)
[2024-02-07T23:30:03.698+0000][7][gc          ] GC(281) Pause Young (Normal) (G1 Evacuation Pause) 708M->101M(1024M) 3.236ms
[2024-02-07T23:30:03.698+0000][7][gc,cpu      ] GC(281) User=0.01s Sys=0.00s Real=0.01s
[2024-02-07T23:30:03.698+0000][7][safepoint   ] Safepoint "G1CollectForAllocation", Time since last: 183025076082 ns, Reaching safepoint: 65840 ns, At safepoint: 3332080 ns, Total: 3397920 ns
[2024-02-07T23:30:59.704+0000][7][safepoint   ] Safepoint "Cleanup", Time since last: 56006490523 ns, Reaching safepoint: 79449 ns, At safepoint: 5748 ns, Total: 85197 ns
[2024-02-07T23:31:26.708+0000][7][safepoint   ] Safepoint "Cleanup", Time since last: 27003207391 ns, Reaching safepoint: 69647 ns, At safepoint: 34309 ns, Total: 103956 ns
[2024-02-07T23:33:06.748+0000][7][gc,start    ] GC(282) Pause Young (Normal) (G1 Evacuation Pause)
[2024-02-07T23:33:06.748+0000][7][gc,task     ] GC(282) Using 8 workers of 8 for evacuation
[2024-02-07T23:33:06.748+0000][7][gc,age      ] GC(282) Desired survivor size 41943040 bytes, new threshold 15 (max threshold 15)
[2024-02-07T23:33:06.751+0000][7][gc,phases   ] GC(282)   Pre Evacuate Collection Set: 0.1ms
[2024-02-07T23:33:06.751+0000][7][gc,phases   ] GC(282)   Merge Heap Roots: 0.1ms
[2024-02-07T23:33:06.751+0000][7][gc,phases   ] GC(282)   Evacuate Collection Set: 1.6ms
[2024-02-07T23:33:06.751+0000][7][gc,phases   ] GC(282)   Post Evacuate Collection Set: 0.7ms
[2024-02-07T23:33:06.751+0000][7][gc,phases   ] GC(282)   Other: 0.1ms
[2024-02-07T23:33:06.751+0000][7][gc,age      ] GC(282) Age table with threshold 15 (max threshold 15)
[2024-02-07T23:33:06.751+0000][7][gc,age      ] GC(282) - age   1:    1579688 bytes,    1579688 total
[2024-02-07T23:33:06.751+0000][7][gc,age      ] GC(282) - age   2:       2848 bytes,    1582536 total
[2024-02-07T23:33:06.751+0000][7][gc,age      ] GC(282) - age   3:      46680 bytes,    1629216 total
[2024-02-07T23:33:06.751+0000][7][gc,age      ] GC(282) - age   4:     188456 bytes,    1817672 total
[2024-02-07T23:33:06.751+0000][7][gc,age      ] GC(282) - age   5:       1192 bytes,    1818864 total
[2024-02-07T23:33:06.751+0000][7][gc,age      ] GC(282) - age   6:     107288 bytes,    1926152 total
[2024-02-07T23:33:06.751+0000][7][gc,age      ] GC(282) - age   8:       8016 bytes,    1934168 total
[2024-02-07T23:33:06.751+0000][7][gc,age      ] GC(282) - age  12:         72 bytes,    1934240 total
[2024-02-07T23:33:06.751+0000][7][gc,age      ] GC(282) - age  14:        184 bytes,    1934424 total
[2024-02-07T23:33:06.751+0000][7][gc,heap     ] GC(282) Eden regions: 152->0(152)
[2024-02-07T23:33:06.751+0000][7][gc,heap     ] GC(282) Survivor regions: 1->1(20)
[2024-02-07T23:33:06.751+0000][7][gc,heap     ] GC(282) Old regions: 24->24
[2024-02-07T23:33:06.751+0000][7][gc,heap     ] GC(282) Archive regions: 2->2
[2024-02-07T23:33:06.751+0000][7][gc,heap     ] GC(282) Humongous regions: 0->0
[2024-02-07T23:33:06.751+0000][7][gc,metaspace] GC(282) Metaspace: 128751K(132224K)->128751K(132224K) NonClass: 111903K(113728K)->111903K(113728K) Class: 16847K(18496K)->16847K(18496K)
[2024-02-07T23:33:06.751+0000][7][gc          ] GC(282) Pause Young (Normal) (G1 Evacuation Pause) 709M->101M(1024M) 2.796ms
[2024-02-07T23:33:06.751+0000][7][gc,cpu      ] GC(282) User=0.01s Sys=0.01s Real=0.00s
[2024-02-07T23:33:06.751+0000][7][safepoint   ] Safepoint "G1CollectForAllocation", Time since last: 100040359516 ns, Reaching safepoint: 84372 ns, At safepoint: 2883122 ns, Total: 2967494 ns
[2024-02-07T23:36:06.798+0000][7][gc,start    ] GC(283) Pause Young (Normal) (G1 Evacuation Pause)
[2024-02-07T23:36:06.798+0000][7][gc,task     ] GC(283) Using 8 workers of 8 for evacuation
[2024-02-07T23:36:06.798+0000][7][gc,age      ] GC(283) Desired survivor size 41943040 bytes, new threshold 15 (max threshold 15)
[2024-02-07T23:36:06.800+0000][7][gc,phases   ] GC(283)   Pre Evacuate Collection Set: 0.1ms
[2024-02-07T23:36:06.800+0000][7][gc,phases   ] GC(283)   Merge Heap Roots: 0.1ms
[2024-02-07T23:36:06.800+0000][7][gc,phases   ] GC(283)   Evacuate Collection Set: 1.2ms
[2024-02-07T23:36:06.800+0000][7][gc,phases   ] GC(283)   Post Evacuate Collection Set: 0.6ms
[2024-02-07T23:36:06.800+0000][7][gc,phases   ] GC(283)   Other: 0.1ms
[2024-02-07T23:36:06.800+0000][7][gc,age      ] GC(283) Age table with threshold 15 (max threshold 15)
[2024-02-07T23:36:06.800+0000][7][gc,age      ] GC(283) - age   1:    1828936 bytes,    1828936 total
[2024-02-07T23:36:06.800+0000][7][gc,age      ] GC(283) - age   2:       3936 bytes,    1832872 total
[2024-02-07T23:36:06.800+0000][7][gc,age      ] GC(283) - age   3:        768 bytes,    1833640 total
[2024-02-07T23:36:06.800+0000][7][gc,age      ] GC(283) - age   4:      43312 bytes,    1876952 total
[2024-02-07T23:36:06.800+0000][7][gc,age      ] GC(283) - age   5:     188456 bytes,    2065408 total
[2024-02-07T23:36:06.800+0000][7][gc,age      ] GC(283) - age   6:       1192 bytes,    2066600 total
[2024-02-07T23:36:06.800+0000][7][gc,age      ] GC(283) - age   7:     106904 bytes,    2173504 total
[2024-02-07T23:36:06.800+0000][7][gc,age      ] GC(283) - age   9:       8016 bytes,    2181520 total
[2024-02-07T23:36:06.800+0000][7][gc,age      ] GC(283) - age  13:         72 bytes,    2181592 total
[2024-02-07T23:36:06.800+0000][7][gc,age      ] GC(283) - age  15:        184 bytes,    2181776 total
[2024-02-07T23:36:06.800+0000][7][gc,heap     ] GC(283) Eden regions: 152->0(152)
[2024-02-07T23:36:06.800+0000][7][gc,heap     ] GC(283) Survivor regions: 1->1(20)
[2024-02-07T23:36:06.800+0000][7][gc,heap     ] GC(283) Old regions: 24->24
[2024-02-07T23:36:06.800+0000][7][gc,heap     ] GC(283) Archive regions: 2->2
[2024-02-07T23:36:06.800+0000][7][gc,heap     ] GC(283) Humongous regions: 0->0
[2024-02-07T23:36:06.800+0000][7][gc,metaspace] GC(283) Metaspace: 128751K(132224K)->128751K(132224K) NonClass: 111903K(113728K)->111903K(113728K) Class: 16847K(18496K)->16847K(18496K)
[2024-02-07T23:36:06.800+0000][7][gc          ] GC(283) Pause Young (Normal) (G1 Evacuation Pause) 709M->102M(1024M) 2.269ms
[2024-02-07T23:36:06.800+0000][7][gc,cpu      ] GC(283) User=0.01s Sys=0.00s Real=0.00s
[2024-02-07T23:36:06.800+0000][7][safepoint   ] Safepoint "G1CollectForAllocation", Time since last: 180046987854 ns, Reaching safepoint: 54407 ns, At safepoint: 2366073 ns, Total: 2420480 ns
[2024-02-07T23:39:03.713+0000][7][gc,start    ] GC(284) Pause Young (Normal) (G1 Evacuation Pause)
[2024-02-07T23:39:03.714+0000][7][gc,task     ] GC(284) Using 8 workers of 8 for evacuation
[2024-02-07T23:39:03.714+0000][7][gc,age      ] GC(284) Desired survivor size 41943040 bytes, new threshold 15 (max threshold 15)
[2024-02-07T23:39:03.717+0000][7][gc,phases   ] GC(284)   Pre Evacuate Collection Set: 0.1ms
[2024-02-07T23:39:03.717+0000][7][gc,phases   ] GC(284)   Merge Heap Roots: 0.1ms
[2024-02-07T23:39:03.717+0000][7][gc,phases   ] GC(284)   Evacuate Collection Set: 2.3ms
[2024-02-07T23:39:03.717+0000][7][gc,phases   ] GC(284)   Post Evacuate Collection Set: 0.9ms
[2024-02-07T23:39:03.717+0000][7][gc,phases   ] GC(284)   Other: 0.1ms
[2024-02-07T23:39:03.717+0000][7][gc,age      ] GC(284) Age table with threshold 15 (max threshold 15)
[2024-02-07T23:39:03.717+0000][7][gc,age      ] GC(284) - age   1:     753896 bytes,     753896 total
[2024-02-07T23:39:03.717+0000][7][gc,age      ] GC(284) - age   2:       5760 bytes,     759656 total
[2024-02-07T23:39:03.717+0000][7][gc,age      ] GC(284) - age   3:       1496 bytes,     761152 total
[2024-02-07T23:39:03.717+0000][7][gc,age      ] GC(284) - age   4:        704 bytes,     761856 total
[2024-02-07T23:39:03.717+0000][7][gc,age      ] GC(284) - age   5:      43288 bytes,     805144 total
[2024-02-07T23:39:03.717+0000][7][gc,age      ] GC(284) - age   6:     188456 bytes,     993600 total
[2024-02-07T23:39:03.717+0000][7][gc,age      ] GC(284) - age   7:       1192 bytes,     994792 total
[2024-02-07T23:39:03.717+0000][7][gc,age      ] GC(284) - age   8:     106872 bytes,    1101664 total
[2024-02-07T23:39:03.717+0000][7][gc,age      ] GC(284) - age  10:       8016 bytes,    1109680 total
[2024-02-07T23:39:03.717+0000][7][gc,age      ] GC(284) - age  14:         72 bytes,    1109752 total
[2024-02-07T23:39:03.717+0000][7][gc,heap     ] GC(284) Eden regions: 152->0(152)
[2024-02-07T23:39:03.717+0000][7][gc,heap     ] GC(284) Survivor regions: 1->1(20)
[2024-02-07T23:39:03.717+0000][7][gc,heap     ] GC(284) Old regions: 24->24
[2024-02-07T23:39:03.717+0000][7][gc,heap     ] GC(284) Archive regions: 2->2
[2024-02-07T23:39:03.717+0000][7][gc,heap     ] GC(284) Humongous regions: 0->0
[2024-02-07T23:39:03.717+0000][7][gc,metaspace] GC(284) Metaspace: 128751K(132224K)->128751K(132224K) NonClass: 111903K(113728K)->111903K(113728K) Class: 16847K(18496K)->16847K(18496K)
[2024-02-07T23:39:03.717+0000][7][gc          ] GC(284) Pause Young (Normal) (G1 Evacuation Pause) 710M->100M(1024M) 3.757ms
[2024-02-07T23:39:03.717+0000][7][gc,cpu      ] GC(284) User=0.01s Sys=0.01s Real=0.01s
[2024-02-07T23:39:03.717+0000][7][safepoint   ] Safepoint "G1CollectForAllocation", Time since last: 176913058769 ns, Reaching safepoint: 74987 ns, At safepoint: 3854378 ns, Total: 3929365 ns
[2024-02-07T23:40:59.732+0000][7][safepoint   ] Safepoint "Cleanup", Time since last: 116014277176 ns, Reaching safepoint: 93933 ns, At safepoint: 12271 ns, Total: 106204 ns
[2024-02-07T23:42:06.762+0000][7][gc,start    ] GC(285) Pause Young (Normal) (G1 Evacuation Pause)
[2024-02-07T23:42:06.762+0000][7][gc,task     ] GC(285) Using 8 workers of 8 for evacuation
[2024-02-07T23:42:06.762+0000][7][gc,age      ] GC(285) Desired survivor size 41943040 bytes, new threshold 15 (max threshold 15)
[2024-02-07T23:42:06.764+0000][7][gc,phases   ] GC(285)   Pre Evacuate Collection Set: 0.1ms
[2024-02-07T23:42:06.764+0000][7][gc,phases   ] GC(285)   Merge Heap Roots: 0.1ms
[2024-02-07T23:42:06.764+0000][7][gc,phases   ] GC(285)   Evacuate Collection Set: 1.3ms
[2024-02-07T23:42:06.764+0000][7][gc,phases   ] GC(285)   Post Evacuate Collection Set: 0.7ms
[2024-02-07T23:42:06.764+0000][7][gc,phases   ] GC(285)   Other: 0.1ms
[2024-02-07T23:42:06.764+0000][7][gc,age      ] GC(285) Age table with threshold 15 (max threshold 15)
[2024-02-07T23:42:06.764+0000][7][gc,age      ] GC(285) - age   1:    1243976 bytes,    1243976 total
[2024-02-07T23:42:06.764+0000][7][gc,age      ] GC(285) - age   2:       9704 bytes,    1253680 total
[2024-02-07T23:42:06.764+0000][7][gc,age      ] GC(285) - age   3:       3520 bytes,    1257200 total
[2024-02-07T23:42:06.764+0000][7][gc,age      ] GC(285) - age   4:        400 bytes,    1257600 total
[2024-02-07T23:42:06.764+0000][7][gc,age      ] GC(285) - age   5:        408 bytes,    1258008 total
[2024-02-07T23:42:06.764+0000][7][gc,age      ] GC(285) - age   6:      43288 bytes,    1301296 total
[2024-02-07T23:42:06.764+0000][7][gc,age      ] GC(285) - age   7:     188456 bytes,    1489752 total
[2024-02-07T23:42:06.764+0000][7][gc,age      ] GC(285) - age   8:       1160 bytes,    1490912 total
[2024-02-07T23:42:06.764+0000][7][gc,age      ] GC(285) - age   9:     106872 bytes,    1597784 total
[2024-02-07T23:42:06.764+0000][7][gc,age      ] GC(285) - age  11:       8016 bytes,    1605800 total
[2024-02-07T23:42:06.764+0000][7][gc,age      ] GC(285) - age  15:         72 bytes,    1605872 total
[2024-02-07T23:42:06.764+0000][7][gc,heap     ] GC(285) Eden regions: 152->0(152)
[2024-02-07T23:42:06.764+0000][7][gc,heap     ] GC(285) Survivor regions: 1->1(20)
[2024-02-07T23:42:06.764+0000][7][gc,heap     ] GC(285) Old regions: 24->24
[2024-02-07T23:42:06.764+0000][7][gc,heap     ] GC(285) Archive regions: 2->2
[2024-02-07T23:42:06.764+0000][7][gc,heap     ] GC(285) Humongous regions: 0->0
[2024-02-07T23:42:06.764+0000][7][gc,metaspace] GC(285) Metaspace: 128754K(132224K)->128754K(132224K) NonClass: 111907K(113728K)->111907K(113728K) Class: 16847K(18496K)->16847K(18496K)
[2024-02-07T23:42:06.764+0000][7][gc          ] GC(285) Pause Young (Normal) (G1 Evacuation Pause) 708M->101M(1024M) 2.500ms
[2024-02-07T23:42:06.764+0000][7][gc,cpu      ] GC(285) User=0.01s Sys=0.00s Real=0.00s
[2024-02-07T23:42:06.764+0000][7][safepoint   ] Safepoint "G1CollectForAllocation", Time since last: 67029816985 ns, Reaching safepoint: 52416 ns, At safepoint: 2591846 ns, Total: 2644262 ns
[2024-02-07T23:42:45.769+0000][7][safepoint   ] Safepoint "Cleanup", Time since last: 39004784569 ns, Reaching safepoint: 114560 ns, At safepoint: 13221 ns, Total: 127781 ns
[2024-02-07T23:45:12.775+0000][7][gc,start    ] GC(286) Pause Young (Normal) (G1 Evacuation Pause)
[2024-02-07T23:45:12.775+0000][7][gc,task     ] GC(286) Using 8 workers of 8 for evacuation
[2024-02-07T23:45:12.775+0000][7][gc,age      ] GC(286) Desired survivor size 41943040 bytes, new threshold 15 (max threshold 15)
[2024-02-07T23:45:12.777+0000][7][gc,phases   ] GC(286)   Pre Evacuate Collection Set: 0.1ms
[2024-02-07T23:45:12.777+0000][7][gc,phases   ] GC(286)   Merge Heap Roots: 0.1ms
[2024-02-07T23:45:12.777+0000][7][gc,phases   ] GC(286)   Evacuate Collection Set: 1.3ms
[2024-02-07T23:45:12.777+0000][7][gc,phases   ] GC(286)   Post Evacuate Collection Set: 0.7ms
[2024-02-07T23:45:12.777+0000][7][gc,phases   ] GC(286)   Other: 0.1ms
[2024-02-07T23:45:12.777+0000][7][gc,age      ] GC(286) Age table with threshold 15 (max threshold 15)
[2024-02-07T23:45:12.777+0000][7][gc,age      ] GC(286) - age   1:    1141424 bytes,    1141424 total
[2024-02-07T23:45:12.777+0000][7][gc,age      ] GC(286) - age   2:       3512 bytes,    1144936 total
[2024-02-07T23:45:12.777+0000][7][gc,age      ] GC(286) - age   3:        368 bytes,    1145304 total
[2024-02-07T23:45:12.777+0000][7][gc,age      ] GC(286) - age   4:        384 bytes,    1145688 total
[2024-02-07T23:45:12.777+0000][7][gc,age      ] GC(286) - age   5:        400 bytes,    1146088 total
[2024-02-07T23:45:12.777+0000][7][gc,age      ] GC(286) - age   6:         16 bytes,    1146104 total
[2024-02-07T23:45:12.777+0000][7][gc,age      ] GC(286) - age   7:      43104 bytes,    1189208 total
[2024-02-07T23:45:12.777+0000][7][gc,age      ] GC(286) - age   8:     188456 bytes,    1377664 total
[2024-02-07T23:45:12.777+0000][7][gc,age      ] GC(286) - age   9:       1160 bytes,    1378824 total
[2024-02-07T23:45:12.777+0000][7][gc,age      ] GC(286) - age  10:     106872 bytes,    1485696 total
[2024-02-07T23:45:12.777+0000][7][gc,age      ] GC(286) - age  12:       8016 bytes,    1493712 total
[2024-02-07T23:45:12.777+0000][7][gc,heap     ] GC(286) Eden regions: 152->0(152)
[2024-02-07T23:45:12.777+0000][7][gc,heap     ] GC(286) Survivor regions: 1->1(20)
[2024-02-07T23:45:12.777+0000][7][gc,heap     ] GC(286) Old regions: 24->24
[2024-02-07T23:45:12.777+0000][7][gc,heap     ] GC(286) Archive regions: 2->2
[2024-02-07T23:45:12.777+0000][7][gc,heap     ] GC(286) Humongous regions: 0->0
[2024-02-07T23:45:12.777+0000][7][gc,metaspace] GC(286) Metaspace: 128754K(132224K)->128754K(132224K) NonClass: 111907K(113728K)->111907K(113728K) Class: 16847K(18496K)->16847K(18496K)
[2024-02-07T23:45:12.777+0000][7][gc          ] GC(286) Pause Young (Normal) (G1 Evacuation Pause) 709M->101M(1024M) 2.548ms
[2024-02-07T23:45:12.777+0000][7][gc,cpu      ] GC(286) User=0.01s Sys=0.00s Real=0.01s
[2024-02-07T23:45:12.777+0000][7][safepoint   ] Safepoint "G1CollectForAllocation", Time since last: 147005609023 ns, Reaching safepoint: 64179 ns, At safepoint: 2633240 ns, Total: 2697419 ns
[2024-02-07T23:48:00.817+0000][7][gc,start    ] GC(287) Pause Young (Normal) (G1 Evacuation Pause)
[2024-02-07T23:48:00.817+0000][7][gc,task     ] GC(287) Using 8 workers of 8 for evacuation
[2024-02-07T23:48:00.817+0000][7][gc,age      ] GC(287) Desired survivor size 41943040 bytes, new threshold 15 (max threshold 15)
[2024-02-07T23:48:00.820+0000][7][gc,phases   ] GC(287)   Pre Evacuate Collection Set: 0.1ms
[2024-02-07T23:48:00.820+0000][7][gc,phases   ] GC(287)   Merge Heap Roots: 0.1ms
[2024-02-07T23:48:00.820+0000][7][gc,phases   ] GC(287)   Evacuate Collection Set: 1.5ms
[2024-02-07T23:48:00.820+0000][7][gc,phases   ] GC(287)   Post Evacuate Collection Set: 0.7ms
[2024-02-07T23:48:00.820+0000][7][gc,phases   ] GC(287)   Other: 0.1ms
[2024-02-07T23:48:00.820+0000][7][gc,age      ] GC(287) Age table with threshold 15 (max threshold 15)
[2024-02-07T23:48:00.820+0000][7][gc,age      ] GC(287) - age   1:    1967648 bytes,    1967648 total
[2024-02-07T23:48:00.820+0000][7][gc,age      ] GC(287) - age   2:      13840 bytes,    1981488 total
[2024-02-07T23:48:00.820+0000][7][gc,age      ] GC(287) - age   3:       1112 bytes,    1982600 total
[2024-02-07T23:48:00.820+0000][7][gc,age      ] GC(287) - age   4:        240 bytes,    1982840 total
[2024-02-07T23:48:00.820+0000][7][gc,age      ] GC(287) - age   5:        384 bytes,    1983224 total
[2024-02-07T23:48:00.820+0000][7][gc,age      ] GC(287) - age   6:        216 bytes,    1983440 total
[2024-02-07T23:48:00.820+0000][7][gc,age      ] GC(287) - age   7:         16 bytes,    1983456 total
[2024-02-07T23:48:00.820+0000][7][gc,age      ] GC(287) - age   8:      43104 bytes,    2026560 total
[2024-02-07T23:48:00.820+0000][7][gc,age      ] GC(287) - age   9:     188456 bytes,    2215016 total
[2024-02-07T23:48:00.820+0000][7][gc,age      ] GC(287) - age  10:       1160 bytes,    2216176 total
[2024-02-07T23:48:00.820+0000][7][gc,age      ] GC(287) - age  11:     106872 bytes,    2323048 total
[2024-02-07T23:48:00.820+0000][7][gc,heap     ] GC(287) Eden regions: 152->0(152)
[2024-02-07T23:48:00.820+0000][7][gc,heap     ] GC(287) Survivor regions: 1->1(20)
[2024-02-07T23:48:00.820+0000][7][gc,heap     ] GC(287) Old regions: 24->24
[2024-02-07T23:48:00.820+0000][7][gc,heap     ] GC(287) Archive regions: 2->2
[2024-02-07T23:48:00.820+0000][7][gc,heap     ] GC(287) Humongous regions: 0->0
[2024-02-07T23:48:00.820+0000][7][gc,metaspace] GC(287) Metaspace: 128755K(132224K)->128755K(132224K) NonClass: 111907K(113728K)->111907K(113728K) Class: 16847K(18496K)->16847K(18496K)
[2024-02-07T23:48:00.820+0000][7][gc          ] GC(287) Pause Young (Normal) (G1 Evacuation Pause) 709M->102M(1024M) 2.669ms
[2024-02-07T23:48:00.820+0000][7][gc,cpu      ] GC(287) User=0.01s Sys=0.00s Real=0.00s
[2024-02-07T23:48:00.820+0000][7][safepoint   ] Safepoint "G1CollectForAllocation", Time since last: 168039749595 ns, Reaching safepoint: 48721 ns, At safepoint: 2750616 ns, Total: 2799337 ns
[2024-02-07T23:49:30.833+0000][7][safepoint   ] Safepoint "Cleanup", Time since last: 90012632266 ns, Reaching safepoint: 105248 ns, At safepoint: 9845 ns, Total: 115093 ns
[2024-02-07T23:50:58.851+0000][7][gc,start    ] GC(288) Pause Young (Normal) (G1 Evacuation Pause)
[2024-02-07T23:50:58.851+0000][7][gc,task     ] GC(288) Using 8 workers of 8 for evacuation
[2024-02-07T23:50:58.851+0000][7][gc,age      ] GC(288) Desired survivor size 41943040 bytes, new threshold 15 (max threshold 15)
[2024-02-07T23:50:58.853+0000][7][gc,phases   ] GC(288)   Pre Evacuate Collection Set: 0.1ms
[2024-02-07T23:50:58.853+0000][7][gc,phases   ] GC(288)   Merge Heap Roots: 0.1ms
[2024-02-07T23:50:58.853+0000][7][gc,phases   ] GC(288)   Evacuate Collection Set: 1.1ms
[2024-02-07T23:50:58.853+0000][7][gc,phases   ] GC(288)   Post Evacuate Collection Set: 0.9ms
[2024-02-07T23:50:58.853+0000][7][gc,phases   ] GC(288)   Other: 0.1ms
[2024-02-07T23:50:58.853+0000][7][gc,age      ] GC(288) Age table with threshold 15 (max threshold 15)
[2024-02-07T23:50:58.853+0000][7][gc,age      ] GC(288) - age   1:     327104 bytes,     327104 total
[2024-02-07T23:50:58.853+0000][7][gc,age      ] GC(288) - age   2:     144288 bytes,     471392 total
[2024-02-07T23:50:58.853+0000][7][gc,age      ] GC(288) - age   3:      11792 bytes,     483184 total
[2024-02-07T23:50:58.853+0000][7][gc,age      ] GC(288) - age   4:        768 bytes,     483952 total
[2024-02-07T23:50:58.853+0000][7][gc,age      ] GC(288) - age   5:        240 bytes,     484192 total
[2024-02-07T23:50:58.853+0000][7][gc,age      ] GC(288) - age   6:        384 bytes,     484576 total
[2024-02-07T23:50:58.853+0000][7][gc,age      ] GC(288) - age   7:        216 bytes,     484792 total
[2024-02-07T23:50:58.853+0000][7][gc,age      ] GC(288) - age   8:         16 bytes,     484808 total
[2024-02-07T23:50:58.853+0000][7][gc,age      ] GC(288) - age   9:      42920 bytes,     527728 total
[2024-02-07T23:50:58.853+0000][7][gc,age      ] GC(288) - age  10:     188456 bytes,     716184 total
[2024-02-07T23:50:58.853+0000][7][gc,age      ] GC(288) - age  11:       1160 bytes,     717344 total
[2024-02-07T23:50:58.853+0000][7][gc,age      ] GC(288) - age  12:     106872 bytes,     824216 total
[2024-02-07T23:50:58.853+0000][7][gc,heap     ] GC(288) Eden regions: 152->0(152)
[2024-02-07T23:50:58.854+0000][7][gc,heap     ] GC(288) Survivor regions: 1->1(20)
[2024-02-07T23:50:58.854+0000][7][gc,heap     ] GC(288) Old regions: 24->24
[2024-02-07T23:50:58.854+0000][7][gc,heap     ] GC(288) Archive regions: 2->2
[2024-02-07T23:50:58.854+0000][7][gc,heap     ] GC(288) Humongous regions: 0->0
[2024-02-07T23:50:58.854+0000][7][gc,metaspace] GC(288) Metaspace: 128755K(132224K)->128755K(132224K) NonClass: 111907K(113728K)->111907K(113728K) Class: 16847K(18496K)->16847K(18496K)
[2024-02-07T23:50:58.854+0000][7][gc          ] GC(288) Pause Young (Normal) (G1 Evacuation Pause) 710M->100M(1024M) 2.593ms
[2024-02-07T23:50:58.854+0000][7][gc,cpu      ] GC(288) User=0.02s Sys=0.00s Real=0.00s
[2024-02-07T23:50:58.854+0000][7][safepoint   ] Safepoint "G1CollectForAllocation", Time since last: 88018275009 ns, Reaching safepoint: 40133 ns, At safepoint: 2696852 ns, Total: 2736985 ns
[2024-02-07T23:54:03.755+0000][7][gc,start    ] GC(289) Pause Young (Normal) (G1 Evacuation Pause)
[2024-02-07T23:54:03.755+0000][7][gc,task     ] GC(289) Using 8 workers of 8 for evacuation
[2024-02-07T23:54:03.755+0000][7][gc,age      ] GC(289) Desired survivor size 41943040 bytes, new threshold 15 (max threshold 15)
[2024-02-07T23:54:03.757+0000][7][gc,phases   ] GC(289)   Pre Evacuate Collection Set: 0.1ms
[2024-02-07T23:54:03.757+0000][7][gc,phases   ] GC(289)   Merge Heap Roots: 0.1ms
[2024-02-07T23:54:03.757+0000][7][gc,phases   ] GC(289)   Evacuate Collection Set: 1.4ms
[2024-02-07T23:54:03.757+0000][7][gc,phases   ] GC(289)   Post Evacuate Collection Set: 1.0ms
[2024-02-07T23:54:03.757+0000][7][gc,phases   ] GC(289)   Other: 0.1ms
[2024-02-07T23:54:03.757+0000][7][gc,age      ] GC(289) Age table with threshold 15 (max threshold 15)
[2024-02-07T23:54:03.757+0000][7][gc,age      ] GC(289) - age   1:     995832 bytes,     995832 total
[2024-02-07T23:54:03.757+0000][7][gc,age      ] GC(289) - age   2:       1632 bytes,     997464 total
[2024-02-07T23:54:03.757+0000][7][gc,age      ] GC(289) - age   3:     141048 bytes,    1138512 total
[2024-02-07T23:54:03.757+0000][7][gc,age      ] GC(289) - age   4:      11664 bytes,    1150176 total
[2024-02-07T23:54:03.757+0000][7][gc,age      ] GC(289) - age   5:         80 bytes,    1150256 total
[2024-02-07T23:54:03.757+0000][7][gc,age      ] GC(289) - age   6:        240 bytes,    1150496 total
[2024-02-07T23:54:03.757+0000][7][gc,age      ] GC(289) - age   7:        384 bytes,    1150880 total
[2024-02-07T23:54:03.757+0000][7][gc,age      ] GC(289) - age   8:        184 bytes,    1151064 total
[2024-02-07T23:54:03.757+0000][7][gc,age      ] GC(289) - age   9:         16 bytes,    1151080 total
[2024-02-07T23:54:03.757+0000][7][gc,age      ] GC(289) - age  10:      42920 bytes,    1194000 total
[2024-02-07T23:54:03.757+0000][7][gc,age      ] GC(289) - age  11:     188456 bytes,    1382456 total
[2024-02-07T23:54:03.757+0000][7][gc,age      ] GC(289) - age  12:       1160 bytes,    1383616 total
[2024-02-07T23:54:03.757+0000][7][gc,age      ] GC(289) - age  13:     106872 bytes,    1490488 total
[2024-02-07T23:54:03.757+0000][7][gc,heap     ] GC(289) Eden regions: 152->0(152)
[2024-02-07T23:54:03.757+0000][7][gc,heap     ] GC(289) Survivor regions: 1->1(20)
[2024-02-07T23:54:03.757+0000][7][gc,heap     ] GC(289) Old regions: 24->24
[2024-02-07T23:54:03.757+0000][7][gc,heap     ] GC(289) Archive regions: 2->2
[2024-02-07T23:54:03.757+0000][7][gc,heap     ] GC(289) Humongous regions: 0->0
[2024-02-07T23:54:03.757+0000][7][gc,metaspace] GC(289) Metaspace: 128758K(132224K)->128758K(132224K) NonClass: 111911K(113728K)->111911K(113728K) Class: 16847K(18496K)->16847K(18496K)
[2024-02-07T23:54:03.758+0000][7][gc          ] GC(289) Pause Young (Normal) (G1 Evacuation Pause) 708M->101M(1024M) 3.007ms
[2024-02-07T23:54:03.758+0000][7][gc,cpu      ] GC(289) User=0.01s Sys=0.00s Real=0.01s
[2024-02-07T23:54:03.758+0000][7][safepoint   ] Safepoint "G1CollectForAllocation", Time since last: 184900739147 ns, Reaching safepoint: 85723 ns, At safepoint: 3109988 ns, Total: 3195711 ns
[2024-02-07T23:57:00.812+0000][7][gc,start    ] GC(290) Pause Young (Normal) (G1 Evacuation Pause)
[2024-02-07T23:57:00.812+0000][7][gc,task     ] GC(290) Using 8 workers of 8 for evacuation
[2024-02-07T23:57:00.812+0000][7][gc,age      ] GC(290) Desired survivor size 41943040 bytes, new threshold 15 (max threshold 15)
[2024-02-07T23:57:00.814+0000][7][gc,phases   ] GC(290)   Pre Evacuate Collection Set: 0.1ms
[2024-02-07T23:57:00.814+0000][7][gc,phases   ] GC(290)   Merge Heap Roots: 0.1ms
[2024-02-07T23:57:00.814+0000][7][gc,phases   ] GC(290)   Evacuate Collection Set: 1.5ms
[2024-02-07T23:57:00.814+0000][7][gc,phases   ] GC(290)   Post Evacuate Collection Set: 0.8ms
[2024-02-07T23:57:00.814+0000][7][gc,phases   ] GC(290)   Other: 0.1ms
[2024-02-07T23:57:00.814+0000][7][gc,age      ] GC(290) Age table with threshold 15 (max threshold 15)
[2024-02-07T23:57:00.814+0000][7][gc,age      ] GC(290) - age   1:    1191664 bytes,    1191664 total
[2024-02-07T23:57:00.814+0000][7][gc,age      ] GC(290) - age   2:       2992 bytes,    1194656 total
[2024-02-07T23:57:00.814+0000][7][gc,age      ] GC(290) - age   3:        504 bytes,    1195160 total
[2024-02-07T23:57:00.814+0000][7][gc,age      ] GC(290) - age   4:     140480 bytes,    1335640 total
[2024-02-07T23:57:00.814+0000][7][gc,age      ] GC(290) - age   5:       8592 bytes,    1344232 total
[2024-02-07T23:57:00.814+0000][7][gc,age      ] GC(290) - age   6:         80 bytes,    1344312 total
[2024-02-07T23:57:00.814+0000][7][gc,age      ] GC(290) - age   7:        240 bytes,    1344552 total
[2024-02-07T23:57:00.814+0000][7][gc,age      ] GC(290) - age   9:        184 bytes,    1344736 total
[2024-02-07T23:57:00.814+0000][7][gc,age      ] GC(290) - age  10:         16 bytes,    1344752 total
[2024-02-07T23:57:00.814+0000][7][gc,age      ] GC(290) - age  11:      42920 bytes,    1387672 total
[2024-02-07T23:57:00.814+0000][7][gc,age      ] GC(290) - age  12:     188456 bytes,    1576128 total
[2024-02-07T23:57:00.814+0000][7][gc,age      ] GC(290) - age  13:       1160 bytes,    1577288 total
[2024-02-07T23:57:00.814+0000][7][gc,age      ] GC(290) - age  14:     106872 bytes,    1684160 total
[2024-02-07T23:57:00.814+0000][7][gc,heap     ] GC(290) Eden regions: 152->0(152)
[2024-02-07T23:57:00.814+0000][7][gc,heap     ] GC(290) Survivor regions: 1->1(20)
[2024-02-07T23:57:00.814+0000][7][gc,heap     ] GC(290) Old regions: 24->24
[2024-02-07T23:57:00.814+0000][7][gc,heap     ] GC(290) Archive regions: 2->2
[2024-02-07T23:57:00.814+0000][7][gc,heap     ] GC(290) Humongous regions: 0->0
[2024-02-07T23:57:00.814+0000][7][gc,metaspace] GC(290) Metaspace: 128758K(132224K)->128758K(132224K) NonClass: 111911K(113728K)->111911K(113728K) Class: 16847K(18496K)->16847K(18496K)
[2024-02-07T23:57:00.814+0000][7][gc          ] GC(290) Pause Young (Normal) (G1 Evacuation Pause) 709M->101M(1024M) 2.878ms
[2024-02-07T23:57:00.814+0000][7][gc,cpu      ] GC(290) User=0.02s Sys=0.00s Real=0.00s
[2024-02-07T23:57:00.814+0000][7][safepoint   ] Safepoint "G1CollectForAllocation", Time since last: 177053819345 ns, Reaching safepoint: 82626 ns, At safepoint: 2974341 ns, Total: 3056967 ns
[2024-02-07T23:58:00.822+0000][7][safepoint   ] Safepoint "Cleanup", Time since last: 60007244403 ns, Reaching safepoint: 72225 ns, At safepoint: 11567 ns, Total: 83792 ns
[2024-02-08T00:00:00.895+0000][7][gc,start    ] GC(291) Pause Young (Normal) (G1 Evacuation Pause)
[2024-02-08T00:00:00.895+0000][7][gc,task     ] GC(291) Using 8 workers of 8 for evacuation
[2024-02-08T00:00:00.895+0000][7][gc,age      ] GC(291) Desired survivor size 41943040 bytes, new threshold 15 (max threshold 15)
[2024-02-08T00:00:00.899+0000][7][gc,phases   ] GC(291)   Pre Evacuate Collection Set: 0.1ms
[2024-02-08T00:00:00.899+0000][7][gc,phases   ] GC(291)   Merge Heap Roots: 0.1ms
[2024-02-08T00:00:00.899+0000][7][gc,phases   ] GC(291)   Evacuate Collection Set: 2.6ms
[2024-02-08T00:00:00.899+0000][7][gc,phases   ] GC(291)   Post Evacuate Collection Set: 0.8ms
[2024-02-08T00:00:00.899+0000][7][gc,phases   ] GC(291)   Other: 0.1ms
[2024-02-08T00:00:00.899+0000][7][gc,age      ] GC(291) Age table with threshold 15 (max threshold 15)
[2024-02-08T00:00:00.899+0000][7][gc,age      ] GC(291) - age   1:    2101208 bytes,    2101208 total
[2024-02-08T00:00:00.899+0000][7][gc,age      ] GC(291) - age   2:       5376 bytes,    2106584 total
[2024-02-08T00:00:00.899+0000][7][gc,age      ] GC(291) - age   3:        776 bytes,    2107360 total
[2024-02-08T00:00:00.899+0000][7][gc,age      ] GC(291) - age   4:        184 bytes,    2107544 total
[2024-02-08T00:00:00.899+0000][7][gc,age      ] GC(291) - age   5:     140224 bytes,    2247768 total
[2024-02-08T00:00:00.899+0000][7][gc,age      ] GC(291) - age   6:       8200 bytes,    2255968 total
[2024-02-08T00:00:00.899+0000][7][gc,age      ] GC(291) - age   7:         80 bytes,    2256048 total
[2024-02-08T00:00:00.899+0000][7][gc,age      ] GC(291) - age   8:        208 bytes,    2256256 total
[2024-02-08T00:00:00.899+0000][7][gc,age      ] GC(291) - age  10:        184 bytes,    2256440 total
[2024-02-08T00:00:00.899+0000][7][gc,age      ] GC(291) - age  11:         16 bytes,    2256456 total
[2024-02-08T00:00:00.899+0000][7][gc,age      ] GC(291) - age  12:      42920 bytes,    2299376 total
[2024-02-08T00:00:00.899+0000][7][gc,age      ] GC(291) - age  13:     188432 bytes,    2487808 total
[2024-02-08T00:00:00.899+0000][7][gc,age      ] GC(291) - age  14:       1160 bytes,    2488968 total
[2024-02-08T00:00:00.899+0000][7][gc,age      ] GC(291) - age  15:     106872 bytes,    2595840 total
[2024-02-08T00:00:00.899+0000][7][gc,heap     ] GC(291) Eden regions: 152->0(152)
[2024-02-08T00:00:00.899+0000][7][gc,heap     ] GC(291) Survivor regions: 1->1(20)
[2024-02-08T00:00:00.899+0000][7][gc,heap     ] GC(291) Old regions: 24->24
[2024-02-08T00:00:00.899+0000][7][gc,heap     ] GC(291) Archive regions: 2->2
[2024-02-08T00:00:00.899+0000][7][gc,heap     ] GC(291) Humongous regions: 0->0
[2024-02-08T00:00:00.899+0000][7][gc,metaspace] GC(291) Metaspace: 128761K(132224K)->128761K(132224K) NonClass: 111914K(113728K)->111914K(113728K) Class: 16847K(18496K)->16847K(18496K)
[2024-02-08T00:00:00.899+0000][7][gc          ] GC(291) Pause Young (Normal) (G1 Evacuation Pause) 709M->102M(1024M) 4.182ms
[2024-02-08T00:00:00.899+0000][7][gc,cpu      ] GC(291) User=0.02s Sys=0.00s Real=0.01s
[2024-02-08T00:00:00.899+0000][7][safepoint   ] Safepoint "G1CollectForAllocation", Time since last: 120072805731 ns, Reaching safepoint: 119778 ns, At safepoint: 4412189 ns, Total: 4531967 ns
[2024-02-08T00:00:01.899+0000][7][safepoint   ] Safepoint "Cleanup", Time since last: 1000125757 ns, Reaching safepoint: 70744 ns, At safepoint: 5761 ns, Total: 76505 ns
[2024-02-08T00:01:06.907+0000][7][safepoint   ] Safepoint "Cleanup", Time since last: 65007167644 ns, Reaching safepoint: 136021 ns, At safepoint: 6982 ns, Total: 143003 ns
[2024-02-08T00:03:00.862+0000][7][gc,start    ] GC(292) Pause Young (Normal) (G1 Evacuation Pause)
[2024-02-08T00:03:00.862+0000][7][gc,task     ] GC(292) Using 8 workers of 8 for evacuation
[2024-02-08T00:03:00.862+0000][7][gc,age      ] GC(292) Desired survivor size 41943040 bytes, new threshold 15 (max threshold 15)
[2024-02-08T00:03:00.865+0000][7][gc,phases   ] GC(292)   Pre Evacuate Collection Set: 0.1ms
[2024-02-08T00:03:00.865+0000][7][gc,phases   ] GC(292)   Merge Heap Roots: 0.1ms
[2024-02-08T00:03:00.865+0000][7][gc,phases   ] GC(292)   Evacuate Collection Set: 1.6ms
[2024-02-08T00:03:00.865+0000][7][gc,phases   ] GC(292)   Post Evacuate Collection Set: 0.8ms
[2024-02-08T00:03:00.865+0000][7][gc,phases   ] GC(292)   Other: 0.1ms
[2024-02-08T00:03:00.865+0000][7][gc,age      ] GC(292) Age table with threshold 15 (max threshold 15)
[2024-02-08T00:03:00.865+0000][7][gc,age      ] GC(292) - age   1:    1911640 bytes,    1911640 total
[2024-02-08T00:03:00.865+0000][7][gc,age      ] GC(292) - age   2:      87008 bytes,    1998648 total
[2024-02-08T00:03:00.865+0000][7][gc,age      ] GC(292) - age   3:       3768 bytes,    2002416 total
[2024-02-08T00:03:00.865+0000][7][gc,age      ] GC(292) - age   4:         32 bytes,    2002448 total
[2024-02-08T00:03:00.865+0000][7][gc,age      ] GC(292) - age   6:     140224 bytes,    2142672 total
[2024-02-08T00:03:00.865+0000][7][gc,age      ] GC(292) - age   7:       8200 bytes,    2150872 total
[2024-02-08T00:03:00.865+0000][7][gc,age      ] GC(292) - age   8:         80 bytes,    2150952 total
[2024-02-08T00:03:00.865+0000][7][gc,age      ] GC(292) - age   9:         24 bytes,    2150976 total
[2024-02-08T00:03:00.865+0000][7][gc,age      ] GC(292) - age  11:        184 bytes,    2151160 total
[2024-02-08T00:03:00.865+0000][7][gc,age      ] GC(292) - age  12:         16 bytes,    2151176 total
[2024-02-08T00:03:00.865+0000][7][gc,age      ] GC(292) - age  13:      42920 bytes,    2194096 total
[2024-02-08T00:03:00.865+0000][7][gc,age      ] GC(292) - age  14:     188432 bytes,    2382528 total
[2024-02-08T00:03:00.865+0000][7][gc,age      ] GC(292) - age  15:       1160 bytes,    2383688 total
[2024-02-08T00:03:00.865+0000][7][gc,heap     ] GC(292) Eden regions: 152->0(152)
[2024-02-08T00:03:00.865+0000][7][gc,heap     ] GC(292) Survivor regions: 1->1(20)
[2024-02-08T00:03:00.865+0000][7][gc,heap     ] GC(292) Old regions: 24->24
[2024-02-08T00:03:00.865+0000][7][gc,heap     ] GC(292) Archive regions: 2->2
[2024-02-08T00:03:00.865+0000][7][gc,heap     ] GC(292) Humongous regions: 0->0
[2024-02-08T00:03:00.865+0000][7][gc,metaspace] GC(292) Metaspace: 128766K(132224K)->128766K(132224K) NonClass: 111919K(113728K)->111919K(113728K) Class: 16847K(18496K)->16847K(18496K)
[2024-02-08T00:03:00.865+0000][7][gc          ] GC(292) Pause Young (Normal) (G1 Evacuation Pause) 710M->102M(1024M) 3.036ms
[2024-02-08T00:03:00.865+0000][7][gc,cpu      ] GC(292) User=0.01s Sys=0.00s Real=0.01s
[2024-02-08T00:03:00.865+0000][7][safepoint   ] Safepoint "G1CollectForAllocation", Time since last: 113955046580 ns, Reaching safepoint: 58850 ns, At safepoint: 3123452 ns, Total: 3182302 ns
[2024-02-08T00:05:06.880+0000][7][safepoint   ] Safepoint "Cleanup", Time since last: 126015215371 ns, Reaching safepoint: 92589 ns, At safepoint: 9784 ns, Total: 102373 ns
[2024-02-08T00:06:00.922+0000][7][gc,start    ] GC(293) Pause Young (Normal) (G1 Evacuation Pause)
[2024-02-08T00:06:00.922+0000][7][gc,task     ] GC(293) Using 8 workers of 8 for evacuation
[2024-02-08T00:06:00.922+0000][7][gc,age      ] GC(293) Desired survivor size 41943040 bytes, new threshold 15 (max threshold 15)
[2024-02-08T00:06:00.923+0000][7][gc,phases   ] GC(293)   Pre Evacuate Collection Set: 0.1ms
[2024-02-08T00:06:00.923+0000][7][gc,phases   ] GC(293)   Merge Heap Roots: 0.0ms
[2024-02-08T00:06:00.923+0000][7][gc,phases   ] GC(293)   Evacuate Collection Set: 1.1ms
[2024-02-08T00:06:00.923+0000][7][gc,phases   ] GC(293)   Post Evacuate Collection Set: 0.5ms
[2024-02-08T00:06:00.924+0000][7][gc,phases   ] GC(293)   Other: 0.1ms
[2024-02-08T00:06:00.924+0000][7][gc,age      ] GC(293) Age table with threshold 15 (max threshold 15)
[2024-02-08T00:06:00.924+0000][7][gc,age      ] GC(293) - age   1:    1959704 bytes,    1959704 total
[2024-02-08T00:06:00.924+0000][7][gc,age      ] GC(293) - age   2:      52720 bytes,    2012424 total
[2024-02-08T00:06:00.924+0000][7][gc,age      ] GC(293) - age   3:      74104 bytes,    2086528 total
[2024-02-08T00:06:00.924+0000][7][gc,age      ] GC(293) - age   4:        568 bytes,    2087096 total
[2024-02-08T00:06:00.924+0000][7][gc,age      ] GC(293) - age   5:         32 bytes,    2087128 total
[2024-02-08T00:06:00.924+0000][7][gc,age      ] GC(293) - age   7:     140224 bytes,    2227352 total
[2024-02-08T00:06:00.924+0000][7][gc,age      ] GC(293) - age   8:       8200 bytes,    2235552 total
[2024-02-08T00:06:00.924+0000][7][gc,age      ] GC(293) - age   9:         80 bytes,    2235632 total
[2024-02-08T00:06:00.924+0000][7][gc,age      ] GC(293) - age  13:         16 bytes,    2235648 total
[2024-02-08T00:06:00.924+0000][7][gc,age      ] GC(293) - age  14:      42920 bytes,    2278568 total
[2024-02-08T00:06:00.924+0000][7][gc,age      ] GC(293) - age  15:     188432 bytes,    2467000 total
[2024-02-08T00:06:00.924+0000][7][gc,heap     ] GC(293) Eden regions: 152->0(152)
[2024-02-08T00:06:00.924+0000][7][gc,heap     ] GC(293) Survivor regions: 1->1(20)
[2024-02-08T00:06:00.924+0000][7][gc,heap     ] GC(293) Old regions: 24->24
[2024-02-08T00:06:00.924+0000][7][gc,heap     ] GC(293) Archive regions: 2->2
[2024-02-08T00:06:00.924+0000][7][gc,heap     ] GC(293) Humongous regions: 0->0
[2024-02-08T00:06:00.924+0000][7][gc,metaspace] GC(293) Metaspace: 128766K(132224K)->128766K(132224K) NonClass: 111919K(113728K)->111919K(113728K) Class: 16847K(18496K)->16847K(18496K)
[2024-02-08T00:06:00.924+0000][7][gc          ] GC(293) Pause Young (Normal) (G1 Evacuation Pause) 710M->102M(1024M) 2.030ms
[2024-02-08T00:06:00.924+0000][7][gc,cpu      ] GC(293) User=0.01s Sys=0.00s Real=0.00s
[2024-02-08T00:06:00.924+0000][7][safepoint   ] Safepoint "G1CollectForAllocation", Time since last: 54041237897 ns, Reaching safepoint: 106254 ns, At safepoint: 2095797 ns, Total: 2202051 ns
[2024-02-08T00:06:02.924+0000][7][safepoint   ] Safepoint "Cleanup", Time since last: 2000406140 ns, Reaching safepoint: 84915 ns, At safepoint: 11674 ns, Total: 96589 ns
[2024-02-08T00:09:06.152+0000][7][gc,start    ] GC(294) Pause Young (Normal) (G1 Evacuation Pause)
[2024-02-08T00:09:06.152+0000][7][gc,task     ] GC(294) Using 8 workers of 8 for evacuation
[2024-02-08T00:09:06.152+0000][7][gc,age      ] GC(294) Desired survivor size 41943040 bytes, new threshold 15 (max threshold 15)
[2024-02-08T00:09:06.155+0000][7][gc,phases   ] GC(294)   Pre Evacuate Collection Set: 0.1ms
[2024-02-08T00:09:06.155+0000][7][gc,phases   ] GC(294)   Merge Heap Roots: 0.1ms
[2024-02-08T00:09:06.155+0000][7][gc,phases   ] GC(294)   Evacuate Collection Set: 1.3ms
[2024-02-08T00:09:06.155+0000][7][gc,phases   ] GC(294)   Post Evacuate Collection Set: 0.8ms
[2024-02-08T00:09:06.155+0000][7][gc,phases   ] GC(294)   Other: 0.1ms
[2024-02-08T00:09:06.155+0000][7][gc,age      ] GC(294) Age table with threshold 15 (max threshold 15)
[2024-02-08T00:09:06.155+0000][7][gc,age      ] GC(294) - age   1:     720288 bytes,     720288 total
[2024-02-08T00:09:06.155+0000][7][gc,age      ] GC(294) - age   2:       6552 bytes,     726840 total
[2024-02-08T00:09:06.155+0000][7][gc,age      ] GC(294) - age   3:      50344 bytes,     777184 total
[2024-02-08T00:09:06.155+0000][7][gc,age      ] GC(294) - age   4:      73792 bytes,     850976 total
[2024-02-08T00:09:06.155+0000][7][gc,age      ] GC(294) - age   5:        568 bytes,     851544 total
[2024-02-08T00:09:06.155+0000][7][gc,age      ] GC(294) - age   6:         32 bytes,     851576 total
[2024-02-08T00:09:06.155+0000][7][gc,age      ] GC(294) - age   8:     140224 bytes,     991800 total
[2024-02-08T00:09:06.155+0000][7][gc,age      ] GC(294) - age   9:       8016 bytes,     999816 total
[2024-02-08T00:09:06.155+0000][7][gc,age      ] GC(294) - age  10:         80 bytes,     999896 total
[2024-02-08T00:09:06.155+0000][7][gc,age      ] GC(294) - age  14:         16 bytes,     999912 total
[2024-02-08T00:09:06.155+0000][7][gc,age      ] GC(294) - age  15:      42920 bytes,    1042832 total
[2024-02-08T00:09:06.155+0000][7][gc,heap     ] GC(294) Eden regions: 152->0(152)
[2024-02-08T00:09:06.155+0000][7][gc,heap     ] GC(294) Survivor regions: 1->1(20)
[2024-02-08T00:09:06.155+0000][7][gc,heap     ] GC(294) Old regions: 24->25
[2024-02-08T00:09:06.155+0000][7][gc,heap     ] GC(294) Archive regions: 2->2
[2024-02-08T00:09:06.155+0000][7][gc,heap     ] GC(294) Humongous regions: 0->0
[2024-02-08T00:09:06.155+0000][7][gc,metaspace] GC(294) Metaspace: 128767K(132224K)->128767K(132224K) NonClass: 111920K(113728K)->111920K(113728K) Class: 16847K(18496K)->16847K(18496K)
[2024-02-08T00:09:06.155+0000][7][gc          ] GC(294) Pause Young (Normal) (G1 Evacuation Pause) 710M->101M(1024M) 2.768ms
[2024-02-08T00:09:06.155+0000][7][gc,cpu      ] GC(294) User=0.01s Sys=0.00s Real=0.00s
[2024-02-08T00:09:06.155+0000][7][safepoint   ] Safepoint "G1CollectForAllocation", Time since last: 183228067532 ns, Reaching safepoint: 92185 ns, At safepoint: 2874372 ns, Total: 2966557 ns
[2024-02-08T00:12:00.864+0000][7][gc,start    ] GC(295) Pause Young (Normal) (G1 Evacuation Pause)
[2024-02-08T00:12:00.864+0000][7][gc,task     ] GC(295) Using 8 workers of 8 for evacuation
[2024-02-08T00:12:00.864+0000][7][gc,age      ] GC(295) Desired survivor size 41943040 bytes, new threshold 15 (max threshold 15)
[2024-02-08T00:12:00.866+0000][7][gc,phases   ] GC(295)   Pre Evacuate Collection Set: 0.1ms
[2024-02-08T00:12:00.866+0000][7][gc,phases   ] GC(295)   Merge Heap Roots: 0.1ms
[2024-02-08T00:12:00.866+0000][7][gc,phases   ] GC(295)   Evacuate Collection Set: 1.1ms
[2024-02-08T00:12:00.866+0000][7][gc,phases   ] GC(295)   Post Evacuate Collection Set: 0.7ms
[2024-02-08T00:12:00.866+0000][7][gc,phases   ] GC(295)   Other: 0.1ms
[2024-02-08T00:12:00.866+0000][7][gc,age      ] GC(295) Age table with threshold 15 (max threshold 15)
[2024-02-08T00:12:00.866+0000][7][gc,age      ] GC(295) - age   1:     946032 bytes,     946032 total
[2024-02-08T00:12:00.866+0000][7][gc,age      ] GC(295) - age   2:       9464 bytes,     955496 total
[2024-02-08T00:12:00.866+0000][7][gc,age      ] GC(295) - age   3:       3328 bytes,     958824 total
[2024-02-08T00:12:00.866+0000][7][gc,age      ] GC(295) - age   4:      49464 bytes,    1008288 total
[2024-02-08T00:12:00.866+0000][7][gc,age      ] GC(295) - age   5:      73792 bytes,    1082080 total
[2024-02-08T00:12:00.866+0000][7][gc,age      ] GC(295) - age   6:        568 bytes,    1082648 total
[2024-02-08T00:12:00.866+0000][7][gc,age      ] GC(295) - age   9:     140224 bytes,    1222872 total
[2024-02-08T00:12:00.866+0000][7][gc,age      ] GC(295) - age  10:       8016 bytes,    1230888 total
[2024-02-08T00:12:00.866+0000][7][gc,age      ] GC(295) - age  11:         80 bytes,    1230968 total
[2024-02-08T00:12:00.866+0000][7][gc,age      ] GC(295) - age  15:         16 bytes,    1230984 total
[2024-02-08T00:12:00.866+0000][7][gc,heap     ] GC(295) Eden regions: 152->0(152)
[2024-02-08T00:12:00.866+0000][7][gc,heap     ] GC(295) Survivor regions: 1->1(20)
[2024-02-08T00:12:00.866+0000][7][gc,heap     ] GC(295) Old regions: 25->25
[2024-02-08T00:12:00.866+0000][7][gc,heap     ] GC(295) Archive regions: 2->2
[2024-02-08T00:12:00.866+0000][7][gc,heap     ] GC(295) Humongous regions: 0->0
[2024-02-08T00:12:00.866+0000][7][gc,metaspace] GC(295) Metaspace: 128769K(132224K)->128769K(132224K) NonClass: 111921K(113728K)->111921K(113728K) Class: 16847K(18496K)->16847K(18496K)
[2024-02-08T00:12:00.866+0000][7][gc          ] GC(295) Pause Young (Normal) (G1 Evacuation Pause) 709M->101M(1024M) 2.404ms
[2024-02-08T00:12:00.866+0000][7][gc,cpu      ] GC(295) User=0.02s Sys=0.00s Real=0.01s
[2024-02-08T00:12:00.866+0000][7][safepoint   ] Safepoint "G1CollectForAllocation", Time since last: 174708718571 ns, Reaching safepoint: 58514 ns, At safepoint: 2491557 ns, Total: 2550071 ns
[2024-02-08T00:15:06.157+0000][7][gc,start    ] GC(296) Pause Young (Normal) (G1 Evacuation Pause)
[2024-02-08T00:15:06.157+0000][7][gc,task     ] GC(296) Using 8 workers of 8 for evacuation
[2024-02-08T00:15:06.157+0000][7][gc,age      ] GC(296) Desired survivor size 41943040 bytes, new threshold 15 (max threshold 15)
[2024-02-08T00:15:06.159+0000][7][gc,phases   ] GC(296)   Pre Evacuate Collection Set: 0.1ms
[2024-02-08T00:15:06.159+0000][7][gc,phases   ] GC(296)   Merge Heap Roots: 0.1ms
[2024-02-08T00:15:06.159+0000][7][gc,phases   ] GC(296)   Evacuate Collection Set: 1.7ms
[2024-02-08T00:15:06.159+0000][7][gc,phases   ] GC(296)   Post Evacuate Collection Set: 0.8ms
[2024-02-08T00:15:06.159+0000][7][gc,phases   ] GC(296)   Other: 0.1ms
[2024-02-08T00:15:06.159+0000][7][gc,age      ] GC(296) Age table with threshold 15 (max threshold 15)
[2024-02-08T00:15:06.159+0000][7][gc,age      ] GC(296) - age   1:    1355208 bytes,    1355208 total
[2024-02-08T00:15:06.160+0000][7][gc,age      ] GC(296) - age   2:       6160 bytes,    1361368 total
[2024-02-08T00:15:06.160+0000][7][gc,age      ] GC(296) - age   3:        408 bytes,    1361776 total
[2024-02-08T00:15:06.160+0000][7][gc,age      ] GC(296) - age   4:         64 bytes,    1361840 total
[2024-02-08T00:15:06.160+0000][7][gc,age      ] GC(296) - age   5:      49280 bytes,    1411120 total
[2024-02-08T00:15:06.160+0000][7][gc,age      ] GC(296) - age   6:      73400 bytes,    1484520 total
[2024-02-08T00:15:06.160+0000][7][gc,age      ] GC(296) - age   7:        184 bytes,    1484704 total
[2024-02-08T00:15:06.160+0000][7][gc,age      ] GC(296) - age  10:     140224 bytes,    1624928 total
[2024-02-08T00:15:06.160+0000][7][gc,age      ] GC(296) - age  11:       8016 bytes,    1632944 total
[2024-02-08T00:15:06.160+0000][7][gc,age      ] GC(296) - age  12:         80 bytes,    1633024 total
[2024-02-08T00:15:06.160+0000][7][gc,heap     ] GC(296) Eden regions: 152->0(152)
[2024-02-08T00:15:06.160+0000][7][gc,heap     ] GC(296) Survivor regions: 1->1(20)
[2024-02-08T00:15:06.160+0000][7][gc,heap     ] GC(296) Old regions: 25->25
[2024-02-08T00:15:06.160+0000][7][gc,heap     ] GC(296) Archive regions: 2->2
[2024-02-08T00:15:06.160+0000][7][gc,heap     ] GC(296) Humongous regions: 0->0
[2024-02-08T00:15:06.160+0000][7][gc,metaspace] GC(296) Metaspace: 128769K(132224K)->128769K(132224K) NonClass: 111921K(113728K)->111921K(113728K) Class: 16847K(18496K)->16847K(18496K)
[2024-02-08T00:15:06.160+0000][7][gc          ] GC(296) Pause Young (Normal) (G1 Evacuation Pause) 709M->101M(1024M) 3.161ms
[2024-02-08T00:15:06.160+0000][7][gc,cpu      ] GC(296) User=0.01s Sys=0.00s Real=0.00s
[2024-02-08T00:15:06.160+0000][7][safepoint   ] Safepoint "G1CollectForAllocation", Time since last: 185289952959 ns, Reaching safepoint: 71528 ns, At safepoint: 3266302 ns, Total: 3337830 ns
[2024-02-08T00:18:06.840+0000][7][gc,start    ] GC(297) Pause Young (Normal) (G1 Evacuation Pause)
[2024-02-08T00:18:06.840+0000][7][gc,task     ] GC(297) Using 8 workers of 8 for evacuation
[2024-02-08T00:18:06.840+0000][7][gc,age      ] GC(297) Desired survivor size 41943040 bytes, new threshold 15 (max threshold 15)
[2024-02-08T00:18:06.843+0000][7][gc,phases   ] GC(297)   Pre Evacuate Collection Set: 0.1ms
[2024-02-08T00:18:06.843+0000][7][gc,phases   ] GC(297)   Merge Heap Roots: 0.1ms
[2024-02-08T00:18:06.843+0000][7][gc,phases   ] GC(297)   Evacuate Collection Set: 1.8ms
[2024-02-08T00:18:06.843+0000][7][gc,phases   ] GC(297)   Post Evacuate Collection Set: 0.9ms
[2024-02-08T00:18:06.843+0000][7][gc,phases   ] GC(297)   Other: 0.1ms
[2024-02-08T00:18:06.843+0000][7][gc,age      ] GC(297) Age table with threshold 15 (max threshold 15)
[2024-02-08T00:18:06.843+0000][7][gc,age      ] GC(297) - age   1:    1700488 bytes,    1700488 total
[2024-02-08T00:18:06.843+0000][7][gc,age      ] GC(297) - age   2:       6904 bytes,    1707392 total
[2024-02-08T00:18:06.843+0000][7][gc,age      ] GC(297) - age   3:       4848 bytes,    1712240 total
[2024-02-08T00:18:06.843+0000][7][gc,age      ] GC(297) - age   4:        408 bytes,    1712648 total
[2024-02-08T00:18:06.843+0000][7][gc,age      ] GC(297) - age   6:      38208 bytes,    1750856 total
[2024-02-08T00:18:06.843+0000][7][gc,age      ] GC(297) - age   7:      37320 bytes,    1788176 total
[2024-02-08T00:18:06.843+0000][7][gc,age      ] GC(297) - age   8:        184 bytes,    1788360 total
[2024-02-08T00:18:06.843+0000][7][gc,age      ] GC(297) - age  11:     140224 bytes,    1928584 total
[2024-02-08T00:18:06.843+0000][7][gc,age      ] GC(297) - age  12:       8016 bytes,    1936600 total
[2024-02-08T00:18:06.843+0000][7][gc,age      ] GC(297) - age  13:         80 bytes,    1936680 total
[2024-02-08T00:18:06.843+0000][7][gc,heap     ] GC(297) Eden regions: 152->0(152)
[2024-02-08T00:18:06.843+0000][7][gc,heap     ] GC(297) Survivor regions: 1->1(20)
[2024-02-08T00:18:06.843+0000][7][gc,heap     ] GC(297) Old regions: 25->25
[2024-02-08T00:18:06.843+0000][7][gc,heap     ] GC(297) Archive regions: 2->2
[2024-02-08T00:18:06.843+0000][7][gc,heap     ] GC(297) Humongous regions: 0->0
[2024-02-08T00:18:06.843+0000][7][gc,metaspace] GC(297) Metaspace: 128769K(132224K)->128769K(132224K) NonClass: 111921K(113728K)->111921K(113728K) Class: 16847K(18496K)->16847K(18496K)
[2024-02-08T00:18:06.843+0000][7][gc          ] GC(297) Pause Young (Normal) (G1 Evacuation Pause) 709M->102M(1024M) 3.279ms
[2024-02-08T00:18:06.843+0000][7][gc,cpu      ] GC(297) User=0.02s Sys=0.00s Real=0.00s
[2024-02-08T00:18:06.843+0000][7][safepoint   ] Safepoint "G1CollectForAllocation", Time since last: 180679854091 ns, Reaching safepoint: 70407 ns, At safepoint: 3399379 ns, Total: 3469786 ns
[2024-02-08T00:21:00.965+0000][7][gc,start    ] GC(298) Pause Young (Normal) (G1 Evacuation Pause)
[2024-02-08T00:21:00.965+0000][7][gc,task     ] GC(298) Using 8 workers of 8 for evacuation
[2024-02-08T00:21:00.965+0000][7][gc,age      ] GC(298) Desired survivor size 41943040 bytes, new threshold 15 (max threshold 15)
[2024-02-08T00:21:00.967+0000][7][gc,phases   ] GC(298)   Pre Evacuate Collection Set: 0.1ms
[2024-02-08T00:21:00.967+0000][7][gc,phases   ] GC(298)   Merge Heap Roots: 0.0ms
[2024-02-08T00:21:00.967+0000][7][gc,phases   ] GC(298)   Evacuate Collection Set: 1.2ms
[2024-02-08T00:21:00.967+0000][7][gc,phases   ] GC(298)   Post Evacuate Collection Set: 0.6ms
[2024-02-08T00:21:00.967+0000][7][gc,phases   ] GC(298)   Other: 0.1ms
[2024-02-08T00:21:00.967+0000][7][gc,age      ] GC(298) Age table with threshold 15 (max threshold 15)
[2024-02-08T00:21:00.967+0000][7][gc,age      ] GC(298) - age   1:    2185824 bytes,    2185824 total
[2024-02-08T00:21:00.967+0000][7][gc,age      ] GC(298) - age   2:     298640 bytes,    2484464 total
[2024-02-08T00:21:00.967+0000][7][gc,age      ] GC(298) - age   3:       4760 bytes,    2489224 total
[2024-02-08T00:21:00.967+0000][7][gc,age      ] GC(298) - age   4:       4048 bytes,    2493272 total
[2024-02-08T00:21:00.967+0000][7][gc,age      ] GC(298) - age   5:        408 bytes,    2493680 total
[2024-02-08T00:21:00.967+0000][7][gc,age      ] GC(298) - age   7:      22024 bytes,    2515704 total
[2024-02-08T00:21:00.967+0000][7][gc,age      ] GC(298) - age   8:      36880 bytes,    2552584 total
[2024-02-08T00:21:00.967+0000][7][gc,age      ] GC(298) - age   9:        184 bytes,    2552768 total
[2024-02-08T00:21:00.967+0000][7][gc,age      ] GC(298) - age  12:     140224 bytes,    2692992 total
[2024-02-08T00:21:00.967+0000][7][gc,age      ] GC(298) - age  13:       8016 bytes,    2701008 total
[2024-02-08T00:21:00.967+0000][7][gc,age      ] GC(298) - age  14:         80 bytes,    2701088 total
[2024-02-08T00:21:00.967+0000][7][gc,heap     ] GC(298) Eden regions: 152->0(152)
[2024-02-08T00:21:00.967+0000][7][gc,heap     ] GC(298) Survivor regions: 1->1(20)
[2024-02-08T00:21:00.967+0000][7][gc,heap     ] GC(298) Old regions: 25->25
[2024-02-08T00:21:00.967+0000][7][gc,heap     ] GC(298) Archive regions: 2->2
[2024-02-08T00:21:00.967+0000][7][gc,heap     ] GC(298) Humongous regions: 0->0
[2024-02-08T00:21:00.967+0000][7][gc,metaspace] GC(298) Metaspace: 128770K(132224K)->128770K(132224K) NonClass: 111923K(113728K)->111923K(113728K) Class: 16847K(18496K)->16847K(18496K)
[2024-02-08T00:21:00.967+0000][7][gc          ] GC(298) Pause Young (Normal) (G1 Evacuation Pause) 710M->102M(1024M) 2.156ms
[2024-02-08T00:21:00.967+0000][7][gc,cpu      ] GC(298) User=0.01s Sys=0.00s Real=0.00s
[2024-02-08T00:21:00.967+0000][7][safepoint   ] Safepoint "G1CollectForAllocation", Time since last: 174121903567 ns, Reaching safepoint: 39664 ns, At safepoint: 2221218 ns, Total: 2260882 ns
[2024-02-08T00:23:54.872+0000][7][gc,start    ] GC(299) Pause Young (Normal) (G1 Evacuation Pause)
[2024-02-08T00:23:54.872+0000][7][gc,task     ] GC(299) Using 8 workers of 8 for evacuation
[2024-02-08T00:23:54.872+0000][7][gc,age      ] GC(299) Desired survivor size 41943040 bytes, new threshold 15 (max threshold 15)
[2024-02-08T00:23:54.874+0000][7][gc,phases   ] GC(299)   Pre Evacuate Collection Set: 0.1ms
[2024-02-08T00:23:54.874+0000][7][gc,phases   ] GC(299)   Merge Heap Roots: 0.1ms
[2024-02-08T00:23:54.874+0000][7][gc,phases   ] GC(299)   Evacuate Collection Set: 1.0ms
[2024-02-08T00:23:54.874+0000][7][gc,phases   ] GC(299)   Post Evacuate Collection Set: 0.9ms
[2024-02-08T00:23:54.874+0000][7][gc,phases   ] GC(299)   Other: 0.1ms
[2024-02-08T00:23:54.874+0000][7][gc,age      ] GC(299) Age table with threshold 15 (max threshold 15)
[2024-02-08T00:23:54.874+0000][7][gc,age      ] GC(299) - age   1:     741000 bytes,     741000 total
[2024-02-08T00:23:54.874+0000][7][gc,age      ] GC(299) - age   2:       3136 bytes,     744136 total
[2024-02-08T00:23:54.874+0000][7][gc,age      ] GC(299) - age   3:     106888 bytes,     851024 total
[2024-02-08T00:23:54.874+0000][7][gc,age      ] GC(299) - age   4:       4632 bytes,     855656 total
[2024-02-08T00:23:54.874+0000][7][gc,age      ] GC(299) - age   5:       4048 bytes,     859704 total
[2024-02-08T00:23:54.874+0000][7][gc,age      ] GC(299) - age   6:        408 bytes,     860112 total
[2024-02-08T00:23:54.874+0000][7][gc,age      ] GC(299) - age   8:      22024 bytes,     882136 total
[2024-02-08T00:23:54.874+0000][7][gc,age      ] GC(299) - age   9:      36880 bytes,     919016 total
[2024-02-08T00:23:54.874+0000][7][gc,age      ] GC(299) - age  10:        184 bytes,     919200 total
[2024-02-08T00:23:54.874+0000][7][gc,age      ] GC(299) - age  13:     140224 bytes,    1059424 total
[2024-02-08T00:23:54.874+0000][7][gc,age      ] GC(299) - age  14:       8016 bytes,    1067440 total
[2024-02-08T00:23:54.874+0000][7][gc,age      ] GC(299) - age  15:         80 bytes,    1067520 total
[2024-02-08T00:23:54.875+0000][7][gc,heap     ] GC(299) Eden regions: 152->0(152)
[2024-02-08T00:23:54.875+0000][7][gc,heap     ] GC(299) Survivor regions: 1->1(20)
[2024-02-08T00:23:54.875+0000][7][gc,heap     ] GC(299) Old regions: 25->25
[2024-02-08T00:23:54.875+0000][7][gc,heap     ] GC(299) Archive regions: 2->2
[2024-02-08T00:23:54.875+0000][7][gc,heap     ] GC(299) Humongous regions: 0->0
[2024-02-08T00:23:54.875+0000][7][gc,metaspace] GC(299) Metaspace: 128770K(132224K)->128770K(132224K) NonClass: 111923K(113728K)->111923K(113728K) Class: 16847K(18496K)->16847K(18496K)
[2024-02-08T00:23:54.875+0000][7][gc          ] GC(299) Pause Young (Normal) (G1 Evacuation Pause) 710M->101M(1024M) 2.646ms
[2024-02-08T00:23:54.875+0000][7][gc,cpu      ] GC(299) User=0.02s Sys=0.00s Real=0.00s
[2024-02-08T00:23:54.875+0000][7][safepoint   ] Safepoint "G1CollectForAllocation", Time since last: 173904653438 ns, Reaching safepoint: 50236 ns, At safepoint: 2758747 ns, Total: 2808983 ns
[2024-02-08T00:25:06.885+0000][7][safepoint   ] Safepoint "Cleanup", Time since last: 72009344998 ns, Reaching safepoint: 852815 ns, At safepoint: 30866 ns, Total: 883681 ns
[2024-02-08T00:26:57.869+0000][7][gc,start    ] GC(300) Pause Young (Normal) (G1 Evacuation Pause)
[2024-02-08T00:26:57.869+0000][7][gc,task     ] GC(300) Using 8 workers of 8 for evacuation
[2024-02-08T00:26:57.869+0000][7][gc,age      ] GC(300) Desired survivor size 41943040 bytes, new threshold 15 (max threshold 15)
[2024-02-08T00:26:57.871+0000][7][gc,phases   ] GC(300)   Pre Evacuate Collection Set: 0.2ms
[2024-02-08T00:26:57.871+0000][7][gc,phases   ] GC(300)   Merge Heap Roots: 0.1ms
[2024-02-08T00:26:57.871+0000][7][gc,phases   ] GC(300)   Evacuate Collection Set: 1.3ms
[2024-02-08T00:26:57.871+0000][7][gc,phases   ] GC(300)   Post Evacuate Collection Set: 0.7ms
[2024-02-08T00:26:57.871+0000][7][gc,phases   ] GC(300)   Other: 0.1ms
[2024-02-08T00:26:57.871+0000][7][gc,age      ] GC(300) Age table with threshold 15 (max threshold 15)
[2024-02-08T00:26:57.871+0000][7][gc,age      ] GC(300) - age   1:     838848 bytes,     838848 total
[2024-02-08T00:26:57.871+0000][7][gc,age      ] GC(300) - age   2:     234208 bytes,    1073056 total
[2024-02-08T00:26:57.871+0000][7][gc,age      ] GC(300) - age   3:        904 bytes,    1073960 total
[2024-02-08T00:26:57.871+0000][7][gc,age      ] GC(300) - age   4:     105992 bytes,    1179952 total
[2024-02-08T00:26:57.871+0000][7][gc,age      ] GC(300) - age   5:        984 bytes,    1180936 total
[2024-02-08T00:26:57.871+0000][7][gc,age      ] GC(300) - age   6:       3752 bytes,    1184688 total
[2024-02-08T00:26:57.871+0000][7][gc,age      ] GC(300) - age   7:        408 bytes,    1185096 total
[2024-02-08T00:26:57.871+0000][7][gc,age      ] GC(300) - age   9:      22024 bytes,    1207120 total
[2024-02-08T00:26:57.871+0000][7][gc,age      ] GC(300) - age  10:      36880 bytes,    1244000 total
[2024-02-08T00:26:57.871+0000][7][gc,age      ] GC(300) - age  11:        184 bytes,    1244184 total
[2024-02-08T00:26:57.871+0000][7][gc,age      ] GC(300) - age  14:     140224 bytes,    1384408 total
[2024-02-08T00:26:57.871+0000][7][gc,age      ] GC(300) - age  15:       8016 bytes,    1392424 total
[2024-02-08T00:26:57.871+0000][7][gc,heap     ] GC(300) Eden regions: 152->0(152)
[2024-02-08T00:26:57.871+0000][7][gc,heap     ] GC(300) Survivor regions: 1->1(20)
[2024-02-08T00:26:57.871+0000][7][gc,heap     ] GC(300) Old regions: 25->25
[2024-02-08T00:26:57.871+0000][7][gc,heap     ] GC(300) Archive regions: 2->2
[2024-02-08T00:26:57.871+0000][7][gc,heap     ] GC(300) Humongous regions: 0->0
[2024-02-08T00:26:57.871+0000][7][gc,metaspace] GC(300) Metaspace: 128770K(132224K)->128770K(132224K) NonClass: 111923K(113728K)->111923K(113728K) Class: 16847K(18496K)->16847K(18496K)
[2024-02-08T00:26:57.871+0000][7][gc          ] GC(300) Pause Young (Normal) (G1 Evacuation Pause) 709M->101M(1024M) 2.651ms
[2024-02-08T00:26:57.871+0000][7][gc,cpu      ] GC(300) User=0.01s Sys=0.00s Real=0.00s
[2024-02-08T00:26:57.871+0000][7][safepoint   ] Safepoint "G1CollectForAllocation", Time since last: 110983646974 ns, Reaching safepoint: 80873 ns, At safepoint: 2749472 ns, Total: 2830345 ns
[2024-02-08T00:30:01.592+0000][7][gc,start    ] GC(301) Pause Young (Normal) (G1 Evacuation Pause)
[2024-02-08T00:30:01.592+0000][7][gc,task     ] GC(301) Using 8 workers of 8 for evacuation
[2024-02-08T00:30:01.592+0000][7][gc,age      ] GC(301) Desired survivor size 41943040 bytes, new threshold 15 (max threshold 15)
[2024-02-08T00:30:01.594+0000][7][gc,phases   ] GC(301)   Pre Evacuate Collection Set: 0.1ms
[2024-02-08T00:30:01.594+0000][7][gc,phases   ] GC(301)   Merge Heap Roots: 0.1ms
[2024-02-08T00:30:01.594+0000][7][gc,phases   ] GC(301)   Evacuate Collection Set: 1.4ms
[2024-02-08T00:30:01.594+0000][7][gc,phases   ] GC(301)   Post Evacuate Collection Set: 0.8ms
[2024-02-08T00:30:01.594+0000][7][gc,phases   ] GC(301)   Other: 0.1ms
[2024-02-08T00:30:01.594+0000][7][gc,age      ] GC(301) Age table with threshold 15 (max threshold 15)
[2024-02-08T00:30:01.594+0000][7][gc,age      ] GC(301) - age   1:     812560 bytes,     812560 total
[2024-02-08T00:30:01.594+0000][7][gc,age      ] GC(301) - age   2:      14824 bytes,     827384 total
[2024-02-08T00:30:01.594+0000][7][gc,age      ] GC(301) - age   3:     231640 bytes,    1059024 total
[2024-02-08T00:30:01.594+0000][7][gc,age      ] GC(301) - age   4:        720 bytes,    1059744 total
[2024-02-08T00:30:01.594+0000][7][gc,age      ] GC(301) - age   5:     105864 bytes,    1165608 total
[2024-02-08T00:30:01.594+0000][7][gc,age      ] GC(301) - age   6:        592 bytes,    1166200 total
[2024-02-08T00:30:01.594+0000][7][gc,age      ] GC(301) - age   7:       3568 bytes,    1169768 total
[2024-02-08T00:30:01.594+0000][7][gc,age      ] GC(301) - age   8:        408 bytes,    1170176 total
[2024-02-08T00:30:01.594+0000][7][gc,age      ] GC(301) - age  10:      22024 bytes,    1192200 total
[2024-02-08T00:30:01.594+0000][7][gc,age      ] GC(301) - age  11:      36880 bytes,    1229080 total
[2024-02-08T00:30:01.594+0000][7][gc,age      ] GC(301) - age  12:        184 bytes,    1229264 total
[2024-02-08T00:30:01.594+0000][7][gc,age      ] GC(301) - age  15:     140224 bytes,    1369488 total
[2024-02-08T00:30:01.594+0000][7][gc,heap     ] GC(301) Eden regions: 152->0(152)
[2024-02-08T00:30:01.594+0000][7][gc,heap     ] GC(301) Survivor regions: 1->1(20)
[2024-02-08T00:30:01.594+0000][7][gc,heap     ] GC(301) Old regions: 25->25
[2024-02-08T00:30:01.594+0000][7][gc,heap     ] GC(301) Archive regions: 2->2
[2024-02-08T00:30:01.594+0000][7][gc,heap     ] GC(301) Humongous regions: 0->0
[2024-02-08T00:30:01.594+0000][7][gc,metaspace] GC(301) Metaspace: 128770K(132224K)->128770K(132224K) NonClass: 111923K(113728K)->111923K(113728K) Class: 16847K(18496K)->16847K(18496K)
[2024-02-08T00:30:01.595+0000][7][gc          ] GC(301) Pause Young (Normal) (G1 Evacuation Pause) 709M->101M(1024M) 2.927ms
[2024-02-08T00:30:01.595+0000][7][gc,cpu      ] GC(301) User=0.01s Sys=0.00s Real=0.00s
[2024-02-08T00:30:01.595+0000][7][safepoint   ] Safepoint "G1CollectForAllocation", Time since last: 183720082687 ns, Reaching safepoint: 67959 ns, At safepoint: 3059987 ns, Total: 3127946 ns
[2024-02-08T00:33:00.995+0000][7][gc,start    ] GC(302) Pause Young (Normal) (G1 Evacuation Pause)
[2024-02-08T00:33:00.995+0000][7][gc,task     ] GC(302) Using 8 workers of 8 for evacuation
[2024-02-08T00:33:00.995+0000][7][gc,age      ] GC(302) Desired survivor size 41943040 bytes, new threshold 15 (max threshold 15)
[2024-02-08T00:33:00.999+0000][7][gc,phases   ] GC(302)   Pre Evacuate Collection Set: 0.2ms
[2024-02-08T00:33:00.999+0000][7][gc,phases   ] GC(302)   Merge Heap Roots: 0.1ms
[2024-02-08T00:33:00.999+0000][7][gc,phases   ] GC(302)   Evacuate Collection Set: 2.2ms
[2024-02-08T00:33:00.999+0000][7][gc,phases   ] GC(302)   Post Evacuate Collection Set: 1.1ms
[2024-02-08T00:33:00.999+0000][7][gc,phases   ] GC(302)   Other: 0.2ms
[2024-02-08T00:33:00.999+0000][7][gc,age      ] GC(302) Age table with threshold 15 (max threshold 15)
[2024-02-08T00:33:00.999+0000][7][gc,age      ] GC(302) - age   1:    1302128 bytes,    1302128 total
[2024-02-08T00:33:00.999+0000][7][gc,age      ] GC(302) - age   2:       3536 bytes,    1305664 total
[2024-02-08T00:33:00.999+0000][7][gc,age      ] GC(302) - age   3:      12712 bytes,    1318376 total
[2024-02-08T00:33:00.999+0000][7][gc,age      ] GC(302) - age   4:     223480 bytes,    1541856 total
[2024-02-08T00:33:00.999+0000][7][gc,age      ] GC(302) - age   5:         32 bytes,    1541888 total
[2024-02-08T00:33:00.999+0000][7][gc,age      ] GC(302) - age   6:     105864 bytes,    1647752 total
[2024-02-08T00:33:00.999+0000][7][gc,age      ] GC(302) - age   7:        592 bytes,    1648344 total
[2024-02-08T00:33:00.999+0000][7][gc,age      ] GC(302) - age   8:       3536 bytes,    1651880 total
[2024-02-08T00:33:00.999+0000][7][gc,age      ] GC(302) - age   9:        408 bytes,    1652288 total
[2024-02-08T00:33:00.999+0000][7][gc,age      ] GC(302) - age  11:      22024 bytes,    1674312 total
[2024-02-08T00:33:00.999+0000][7][gc,age      ] GC(302) - age  12:      36880 bytes,    1711192 total
[2024-02-08T00:33:00.999+0000][7][gc,age      ] GC(302) - age  13:        184 bytes,    1711376 total
[2024-02-08T00:33:00.999+0000][7][gc,heap     ] GC(302) Eden regions: 152->0(152)
[2024-02-08T00:33:00.999+0000][7][gc,heap     ] GC(302) Survivor regions: 1->1(20)
[2024-02-08T00:33:00.999+0000][7][gc,heap     ] GC(302) Old regions: 25->25
[2024-02-08T00:33:00.999+0000][7][gc,heap     ] GC(302) Archive regions: 2->2
[2024-02-08T00:33:00.999+0000][7][gc,heap     ] GC(302) Humongous regions: 0->0
[2024-02-08T00:33:00.999+0000][7][gc,metaspace] GC(302) Metaspace: 128770K(132224K)->128770K(132224K) NonClass: 111923K(113728K)->111923K(113728K) Class: 16847K(18496K)->16847K(18496K)
[2024-02-08T00:33:00.999+0000][7][gc          ] GC(302) Pause Young (Normal) (G1 Evacuation Pause) 709M->101M(1024M) 4.107ms
[2024-02-08T00:33:00.999+0000][7][gc,cpu      ] GC(302) User=0.02s Sys=0.00s Real=0.01s
[2024-02-08T00:33:00.999+0000][7][safepoint   ] Safepoint "G1CollectForAllocation", Time since last: 179400201193 ns, Reaching safepoint: 64565 ns, At safepoint: 4219229 ns, Total: 4283794 ns
[2024-02-08T00:36:06.912+0000][7][gc,start    ] GC(303) Pause Young (Normal) (G1 Evacuation Pause)
[2024-02-08T00:36:06.912+0000][7][gc,task     ] GC(303) Using 8 workers of 8 for evacuation
[2024-02-08T00:36:06.912+0000][7][gc,age      ] GC(303) Desired survivor size 41943040 bytes, new threshold 15 (max threshold 15)
[2024-02-08T00:36:06.915+0000][7][gc,phases   ] GC(303)   Pre Evacuate Collection Set: 0.1ms
[2024-02-08T00:36:06.915+0000][7][gc,phases   ] GC(303)   Merge Heap Roots: 0.1ms
[2024-02-08T00:36:06.915+0000][7][gc,phases   ] GC(303)   Evacuate Collection Set: 1.6ms
[2024-02-08T00:36:06.915+0000][7][gc,phases   ] GC(303)   Post Evacuate Collection Set: 0.8ms
[2024-02-08T00:36:06.915+0000][7][gc,phases   ] GC(303)   Other: 0.1ms
[2024-02-08T00:36:06.915+0000][7][gc,age      ] GC(303) Age table with threshold 15 (max threshold 15)
[2024-02-08T00:36:06.915+0000][7][gc,age      ] GC(303) - age   1:    1495104 bytes,    1495104 total
[2024-02-08T00:36:06.915+0000][7][gc,age      ] GC(303) - age   2:      21224 bytes,    1516328 total
[2024-02-08T00:36:06.915+0000][7][gc,age      ] GC(303) - age   3:        856 bytes,    1517184 total
[2024-02-08T00:36:06.915+0000][7][gc,age      ] GC(303) - age   4:       9640 bytes,    1526824 total
[2024-02-08T00:36:06.915+0000][7][gc,age      ] GC(303) - age   5:     223480 bytes,    1750304 total
[2024-02-08T00:36:06.915+0000][7][gc,age      ] GC(303) - age   6:         32 bytes,    1750336 total
[2024-02-08T00:36:06.915+0000][7][gc,age      ] GC(303) - age   7:     105864 bytes,    1856200 total
[2024-02-08T00:36:06.915+0000][7][gc,age      ] GC(303) - age   8:        208 bytes,    1856408 total
[2024-02-08T00:36:06.915+0000][7][gc,age      ] GC(303) - age   9:       3536 bytes,    1859944 total
[2024-02-08T00:36:06.915+0000][7][gc,age      ] GC(303) - age  10:        408 bytes,    1860352 total
[2024-02-08T00:36:06.915+0000][7][gc,age      ] GC(303) - age  12:      22024 bytes,    1882376 total
[2024-02-08T00:36:06.915+0000][7][gc,age      ] GC(303) - age  13:      36880 bytes,    1919256 total
[2024-02-08T00:36:06.915+0000][7][gc,age      ] GC(303) - age  14:        184 bytes,    1919440 total
[2024-02-08T00:36:06.915+0000][7][gc,heap     ] GC(303) Eden regions: 152->0(152)
[2024-02-08T00:36:06.915+0000][7][gc,heap     ] GC(303) Survivor regions: 1->1(20)
[2024-02-08T00:36:06.915+0000][7][gc,heap     ] GC(303) Old regions: 25->25
[2024-02-08T00:36:06.915+0000][7][gc,heap     ] GC(303) Archive regions: 2->2
[2024-02-08T00:36:06.915+0000][7][gc,heap     ] GC(303) Humongous regions: 0->0
[2024-02-08T00:36:06.915+0000][7][gc,metaspace] GC(303) Metaspace: 128770K(132224K)->128770K(132224K) NonClass: 111923K(113728K)->111923K(113728K) Class: 16847K(18496K)->16847K(18496K)
[2024-02-08T00:36:06.915+0000][7][gc          ] GC(303) Pause Young (Normal) (G1 Evacuation Pause) 709M->102M(1024M) 3.040ms
[2024-02-08T00:36:06.915+0000][7][gc,cpu      ] GC(303) User=0.01s Sys=0.00s Real=0.00s
[2024-02-08T00:36:06.915+0000][7][safepoint   ] Safepoint "G1CollectForAllocation", Time since last: 185912935798 ns, Reaching safepoint: 63490 ns, At safepoint: 3133389 ns, Total: 3196879 ns
[2024-02-08T00:37:06.922+0000][7][safepoint   ] Safepoint "Cleanup", Time since last: 60006426723 ns, Reaching safepoint: 220897 ns, At safepoint: 26512 ns, Total: 247409 ns
[2024-02-08T00:38:33.932+0000][7][safepoint   ] Safepoint "Cleanup", Time since last: 87009982522 ns, Reaching safepoint: 104496 ns, At safepoint: 19044 ns, Total: 123540 ns
[2024-02-08T00:38:55.993+0000][7][gc,start    ] GC(304) Pause Young (Normal) (G1 Evacuation Pause)
[2024-02-08T00:38:55.993+0000][7][gc,task     ] GC(304) Using 8 workers of 8 for evacuation
[2024-02-08T00:38:55.993+0000][7][gc,age      ] GC(304) Desired survivor size 41943040 bytes, new threshold 15 (max threshold 15)
[2024-02-08T00:38:55.995+0000][7][gc,phases   ] GC(304)   Pre Evacuate Collection Set: 0.1ms
[2024-02-08T00:38:55.995+0000][7][gc,phases   ] GC(304)   Merge Heap Roots: 0.1ms
[2024-02-08T00:38:55.995+0000][7][gc,phases   ] GC(304)   Evacuate Collection Set: 1.0ms
[2024-02-08T00:38:55.995+0000][7][gc,phases   ] GC(304)   Post Evacuate Collection Set: 0.5ms
[2024-02-08T00:38:55.995+0000][7][gc,phases   ] GC(304)   Other: 0.1ms
[2024-02-08T00:38:55.995+0000][7][gc,age      ] GC(304) Age table with threshold 15 (max threshold 15)
[2024-02-08T00:38:55.995+0000][7][gc,age      ] GC(304) - age   1:    1897896 bytes,    1897896 total
[2024-02-08T00:38:55.995+0000][7][gc,age      ] GC(304) - age   2:       6816 bytes,    1904712 total
[2024-02-08T00:38:55.995+0000][7][gc,age      ] GC(304) - age   3:      18808 bytes,    1923520 total
[2024-02-08T00:38:55.995+0000][7][gc,age      ] GC(304) - age   4:        408 bytes,    1923928 total
[2024-02-08T00:38:55.995+0000][7][gc,age      ] GC(304) - age   5:       9640 bytes,    1933568 total
[2024-02-08T00:38:55.995+0000][7][gc,age      ] GC(304) - age   6:     223480 bytes,    2157048 total
[2024-02-08T00:38:55.995+0000][7][gc,age      ] GC(304) - age   7:         32 bytes,    2157080 total
[2024-02-08T00:38:55.995+0000][7][gc,age      ] GC(304) - age   8:     105864 bytes,    2262944 total
[2024-02-08T00:38:55.995+0000][7][gc,age      ] GC(304) - age   9:        208 bytes,    2263152 total
[2024-02-08T00:38:55.995+0000][7][gc,age      ] GC(304) - age  10:       3536 bytes,    2266688 total
[2024-02-08T00:38:55.995+0000][7][gc,age      ] GC(304) - age  11:        224 bytes,    2266912 total
[2024-02-08T00:38:55.995+0000][7][gc,age      ] GC(304) - age  13:      22024 bytes,    2288936 total
[2024-02-08T00:38:55.995+0000][7][gc,age      ] GC(304) - age  14:      36880 bytes,    2325816 total
[2024-02-08T00:38:55.995+0000][7][gc,age      ] GC(304) - age  15:        184 bytes,    2326000 total
[2024-02-08T00:38:55.995+0000][7][gc,heap     ] GC(304) Eden regions: 152->0(152)
[2024-02-08T00:38:55.995+0000][7][gc,heap     ] GC(304) Survivor regions: 1->1(20)
[2024-02-08T00:38:55.995+0000][7][gc,heap     ] GC(304) Old regions: 25->25
[2024-02-08T00:38:55.995+0000][7][gc,heap     ] GC(304) Archive regions: 2->2
[2024-02-08T00:38:55.995+0000][7][gc,heap     ] GC(304) Humongous regions: 0->0
[2024-02-08T00:38:55.995+0000][7][gc,metaspace] GC(304) Metaspace: 128770K(132224K)->128770K(132224K) NonClass: 111923K(113728K)->111923K(113728K) Class: 16847K(18496K)->16847K(18496K)
[2024-02-08T00:38:55.995+0000][7][gc          ] GC(304) Pause Young (Normal) (G1 Evacuation Pause) 710M->102M(1024M) 1.997ms
[2024-02-08T00:38:55.995+0000][7][gc,cpu      ] GC(304) User=0.01s Sys=0.00s Real=0.00s
[2024-02-08T00:38:55.995+0000][7][safepoint   ] Safepoint "G1CollectForAllocation", Time since last: 22060856388 ns, Reaching safepoint: 29766 ns, At safepoint: 2066326 ns, Total: 2096092 ns
[2024-02-08T00:40:08.481+0000][7][safepoint   ] Safepoint "Cleanup", Time since last: 72486308497 ns, Reaching safepoint: 104023 ns, At safepoint: 7507 ns, Total: 111530 ns
[2024-02-08T00:40:36.966+0000][7][safepoint   ] Safepoint "Cleanup", Time since last: 28484922117 ns, Reaching safepoint: 93410 ns, At safepoint: 4888 ns, Total: 98298 ns
[2024-02-08T00:40:37.967+0000][7][safepoint   ] Safepoint "Cleanup", Time since last: 1000115852 ns, Reaching safepoint: 150899 ns, At safepoint: 8937 ns, Total: 159836 ns
[2024-02-08T00:40:43.925+0000][7][safepoint   ] Safepoint "Cleanup", Time since last: 5958232530 ns, Reaching safepoint: 127141 ns, At safepoint: 20485 ns, Total: 147626 ns
[2024-02-08T00:40:55.926+0000][7][safepoint   ] Safepoint "Cleanup", Time since last: 12001183798 ns, Reaching safepoint: 74876 ns, At safepoint: 34413 ns, Total: 109289 ns
[2024-02-08T00:41:25.930+0000][7][safepoint   ] Safepoint "Cleanup", Time since last: 30003302540 ns, Reaching safepoint: 42506 ns, At safepoint: 3432 ns, Total: 45938 ns
[2024-02-08T00:41:43.932+0000][7][safepoint   ] Safepoint "Cleanup", Time since last: 18002104834 ns, Reaching safepoint: 58851 ns, At safepoint: 30794 ns, Total: 89645 ns
[2024-02-08T00:42:06.934+0000][7][safepoint   ] Safepoint "Cleanup", Time since last: 23002266971 ns, Reaching safepoint: 212733 ns, At safepoint: 14966 ns, Total: 227699 ns
[2024-02-08T00:42:12.942+0000][7][gc,start    ] GC(305) Pause Young (Normal) (G1 Evacuation Pause)
[2024-02-08T00:42:12.942+0000][7][gc,task     ] GC(305) Using 8 workers of 8 for evacuation
[2024-02-08T00:42:12.942+0000][7][gc,age      ] GC(305) Desired survivor size 41943040 bytes, new threshold 15 (max threshold 15)
[2024-02-08T00:42:12.944+0000][7][gc,phases   ] GC(305)   Pre Evacuate Collection Set: 0.1ms
[2024-02-08T00:42:12.944+0000][7][gc,phases   ] GC(305)   Merge Heap Roots: 0.0ms
[2024-02-08T00:42:12.944+0000][7][gc,phases   ] GC(305)   Evacuate Collection Set: 1.2ms
[2024-02-08T00:42:12.944+0000][7][gc,phases   ] GC(305)   Post Evacuate Collection Set: 0.5ms
[2024-02-08T00:42:12.944+0000][7][gc,phases   ] GC(305)   Other: 0.1ms
[2024-02-08T00:42:12.944+0000][7][gc,age      ] GC(305) Age table with threshold 15 (max threshold 15)
[2024-02-08T00:42:12.944+0000][7][gc,age      ] GC(305) - age   1:    2009144 bytes,    2009144 total
[2024-02-08T00:42:12.944+0000][7][gc,age      ] GC(305) - age   2:       2744 bytes,    2011888 total
[2024-02-08T00:42:12.944+0000][7][gc,age      ] GC(305) - age   3:       3768 bytes,    2015656 total
[2024-02-08T00:42:12.944+0000][7][gc,age      ] GC(305) - age   4:      18384 bytes,    2034040 total
[2024-02-08T00:42:12.944+0000][7][gc,age      ] GC(305) - age   5:        408 bytes,    2034448 total
[2024-02-08T00:42:12.944+0000][7][gc,age      ] GC(305) - age   6:       9640 bytes,    2044088 total
[2024-02-08T00:42:12.944+0000][7][gc,age      ] GC(305) - age   7:     223480 bytes,    2267568 total
[2024-02-08T00:42:12.944+0000][7][gc,age      ] GC(305) - age   9:     105864 bytes,    2373432 total
[2024-02-08T00:42:12.944+0000][7][gc,age      ] GC(305) - age  10:        208 bytes,    2373640 total
[2024-02-08T00:42:12.944+0000][7][gc,age      ] GC(305) - age  11:       3504 bytes,    2377144 total
[2024-02-08T00:42:12.944+0000][7][gc,age      ] GC(305) - age  12:        224 bytes,    2377368 total
[2024-02-08T00:42:12.944+0000][7][gc,age      ] GC(305) - age  14:      22024 bytes,    2399392 total
[2024-02-08T00:42:12.944+0000][7][gc,age      ] GC(305) - age  15:      36880 bytes,    2436272 total
[2024-02-08T00:42:12.944+0000][7][gc,heap     ] GC(305) Eden regions: 152->0(152)
[2024-02-08T00:42:12.944+0000][7][gc,heap     ] GC(305) Survivor regions: 1->1(20)
[2024-02-08T00:42:12.944+0000][7][gc,heap     ] GC(305) Old regions: 25->25
[2024-02-08T00:42:12.944+0000][7][gc,heap     ] GC(305) Archive regions: 2->2
[2024-02-08T00:42:12.944+0000][7][gc,heap     ] GC(305) Humongous regions: 0->0
[2024-02-08T00:42:12.944+0000][7][gc,metaspace] GC(305) Metaspace: 128770K(132224K)->128770K(132224K) NonClass: 111923K(113728K)->111923K(113728K) Class: 16847K(18496K)->16847K(18496K)
[2024-02-08T00:42:12.944+0000][7][gc          ] GC(305) Pause Young (Normal) (G1 Evacuation Pause) 710M->102M(1024M) 2.073ms
[2024-02-08T00:42:12.944+0000][7][gc,cpu      ] GC(305) User=0.01s Sys=0.00s Real=0.00s
[2024-02-08T00:42:12.944+0000][7][safepoint   ] Safepoint "G1CollectForAllocation", Time since last: 6007470531 ns, Reaching safepoint: 100362 ns, At safepoint: 2140324 ns, Total: 2240686 ns
[2024-02-08T00:42:13.944+0000][7][safepoint   ] Safepoint "Cleanup", Time since last: 1000102431 ns, Reaching safepoint: 87077 ns, At safepoint: 9021 ns, Total: 96098 ns
[2024-02-08T00:43:25.952+0000][7][safepoint   ] Safepoint "Cleanup", Time since last: 72007434886 ns, Reaching safepoint: 105990 ns, At safepoint: 42769 ns, Total: 148759 ns
[2024-02-08T00:45:07.964+0000][7][safepoint   ] Safepoint "Cleanup", Time since last: 102012524502 ns, Reaching safepoint: 71960 ns, At safepoint: 7611 ns, Total: 79571 ns
[2024-02-08T00:45:54.976+0000][7][gc,start    ] GC(306) Pause Young (Normal) (G1 Evacuation Pause)
[2024-02-08T00:45:54.976+0000][7][gc,task     ] GC(306) Using 8 workers of 8 for evacuation
[2024-02-08T00:45:54.976+0000][7][gc,age      ] GC(306) Desired survivor size 41943040 bytes, new threshold 15 (max threshold 15)
[2024-02-08T00:45:54.979+0000][7][gc,phases   ] GC(306)   Pre Evacuate Collection Set: 0.1ms
[2024-02-08T00:45:54.979+0000][7][gc,phases   ] GC(306)   Merge Heap Roots: 0.1ms
[2024-02-08T00:45:54.979+0000][7][gc,phases   ] GC(306)   Evacuate Collection Set: 1.7ms
[2024-02-08T00:45:54.979+0000][7][gc,phases   ] GC(306)   Post Evacuate Collection Set: 0.7ms
[2024-02-08T00:45:54.979+0000][7][gc,phases   ] GC(306)   Other: 0.1ms
[2024-02-08T00:45:54.979+0000][7][gc,age      ] GC(306) Age table with threshold 15 (max threshold 15)
[2024-02-08T00:45:54.979+0000][7][gc,age      ] GC(306) - age   1:    2207272 bytes,    2207272 total
[2024-02-08T00:45:54.979+0000][7][gc,age      ] GC(306) - age   2:     179296 bytes,    2386568 total
[2024-02-08T00:45:54.979+0000][7][gc,age      ] GC(306) - age   4:        568 bytes,    2387136 total
[2024-02-08T00:45:54.979+0000][7][gc,age      ] GC(306) - age   5:      10368 bytes,    2397504 total
[2024-02-08T00:45:54.979+0000][7][gc,age      ] GC(306) - age   6:         16 bytes,    2397520 total
[2024-02-08T00:45:54.979+0000][7][gc,age      ] GC(306) - age   7:       9640 bytes,    2407160 total
[2024-02-08T00:45:54.979+0000][7][gc,age      ] GC(306) - age   8:     218200 bytes,    2625360 total
[2024-02-08T00:45:54.979+0000][7][gc,age      ] GC(306) - age  10:     105776 bytes,    2731136 total
[2024-02-08T00:45:54.979+0000][7][gc,age      ] GC(306) - age  11:        208 bytes,    2731344 total
[2024-02-08T00:45:54.979+0000][7][gc,age      ] GC(306) - age  12:       3504 bytes,    2734848 total
[2024-02-08T00:45:54.979+0000][7][gc,age      ] GC(306) - age  13:        224 bytes,    2735072 total
[2024-02-08T00:45:54.979+0000][7][gc,age      ] GC(306) - age  15:      22024 bytes,    2757096 total
[2024-02-08T00:45:54.979+0000][7][gc,heap     ] GC(306) Eden regions: 152->0(152)
[2024-02-08T00:45:54.979+0000][7][gc,heap     ] GC(306) Survivor regions: 1->1(20)
[2024-02-08T00:45:54.979+0000][7][gc,heap     ] GC(306) Old regions: 25->25
[2024-02-08T00:45:54.979+0000][7][gc,heap     ] GC(306) Archive regions: 2->2
[2024-02-08T00:45:54.979+0000][7][gc,heap     ] GC(306) Humongous regions: 0->0
[2024-02-08T00:45:54.979+0000][7][gc,metaspace] GC(306) Metaspace: 128770K(132224K)->128770K(132224K) NonClass: 111923K(113728K)->111923K(113728K) Class: 16847K(18496K)->16847K(18496K)
[2024-02-08T00:45:54.979+0000][7][gc          ] GC(306) Pause Young (Normal) (G1 Evacuation Pause) 710M->103M(1024M) 3.016ms
[2024-02-08T00:45:54.979+0000][7][gc,cpu      ] GC(306) User=0.02s Sys=0.00s Real=0.01s
[2024-02-08T00:45:54.979+0000][7][safepoint   ] Safepoint "G1CollectForAllocation", Time since last: 47011248618 ns, Reaching safepoint: 121264 ns, At safepoint: 3107014 ns, Total: 3228278 ns
[2024-02-08T00:47:01.987+0000][7][safepoint   ] Safepoint "Cleanup", Time since last: 67008356729 ns, Reaching safepoint: 129907 ns, At safepoint: 8436 ns, Total: 138343 ns
[2024-02-08T00:49:08.002+0000][7][safepoint   ] Safepoint "Cleanup", Time since last: 126014464848 ns, Reaching safepoint: 89717 ns, At safepoint: 45255 ns, Total: 134972 ns
[2024-02-08T00:49:36.988+0000][7][gc,start    ] GC(307) Pause Young (Normal) (G1 Evacuation Pause)
[2024-02-08T00:49:36.988+0000][7][gc,task     ] GC(307) Using 8 workers of 8 for evacuation
[2024-02-08T00:49:36.988+0000][7][gc,age      ] GC(307) Desired survivor size 41943040 bytes, new threshold 15 (max threshold 15)
[2024-02-08T00:49:36.994+0000][7][gc,phases   ] GC(307)   Pre Evacuate Collection Set: 0.1ms
[2024-02-08T00:49:36.994+0000][7][gc,phases   ] GC(307)   Merge Heap Roots: 0.1ms
[2024-02-08T00:49:36.994+0000][7][gc,phases   ] GC(307)   Evacuate Collection Set: 3.2ms
[2024-02-08T00:49:36.994+0000][7][gc,phases   ] GC(307)   Post Evacuate Collection Set: 2.2ms
[2024-02-08T00:49:36.994+0000][7][gc,phases   ] GC(307)   Other: 0.1ms
[2024-02-08T00:49:36.994+0000][7][gc,age      ] GC(307) Age table with threshold 15 (max threshold 15)
[2024-02-08T00:49:36.994+0000][7][gc,age      ] GC(307) - age   1:    1710400 bytes,    1710400 total
[2024-02-08T00:49:36.994+0000][7][gc,age      ] GC(307) - age   2:     194680 bytes,    1905080 total
[2024-02-08T00:49:36.994+0000][7][gc,age      ] GC(307) - age   3:     177496 bytes,    2082576 total
[2024-02-08T00:49:36.994+0000][7][gc,age      ] GC(307) - age   5:        568 bytes,    2083144 total
[2024-02-08T00:49:36.994+0000][7][gc,age      ] GC(307) - age   6:      10184 bytes,    2093328 total
[2024-02-08T00:49:36.994+0000][7][gc,age      ] GC(307) - age   7:         16 bytes,    2093344 total
[2024-02-08T00:49:36.994+0000][7][gc,age      ] GC(307) - age   8:       9616 bytes,    2102960 total
[2024-02-08T00:49:36.994+0000][7][gc,age      ] GC(307) - age   9:     218200 bytes,    2321160 total
[2024-02-08T00:49:36.994+0000][7][gc,age      ] GC(307) - age  11:     105776 bytes,    2426936 total
[2024-02-08T00:49:36.994+0000][7][gc,age      ] GC(307) - age  12:        208 bytes,    2427144 total
[2024-02-08T00:49:36.994+0000][7][gc,age      ] GC(307) - age  13:       3504 bytes,    2430648 total
[2024-02-08T00:49:36.994+0000][7][gc,age      ] GC(307) - age  14:        224 bytes,    2430872 total
[2024-02-08T00:49:36.994+0000][7][gc,heap     ] GC(307) Eden regions: 152->0(152)
[2024-02-08T00:49:36.994+0000][7][gc,heap     ] GC(307) Survivor regions: 1->1(20)
[2024-02-08T00:49:36.994+0000][7][gc,heap     ] GC(307) Old regions: 25->25
[2024-02-08T00:49:36.994+0000][7][gc,heap     ] GC(307) Archive regions: 2->2
[2024-02-08T00:49:36.994+0000][7][gc,heap     ] GC(307) Humongous regions: 0->0
[2024-02-08T00:49:36.994+0000][7][gc,metaspace] GC(307) Metaspace: 128770K(132224K)->128770K(132224K) NonClass: 111923K(113728K)->111923K(113728K) Class: 16847K(18496K)->16847K(18496K)
[2024-02-08T00:49:36.994+0000][7][gc          ] GC(307) Pause Young (Normal) (G1 Evacuation Pause) 711M->102M(1024M) 6.122ms
[2024-02-08T00:49:36.994+0000][7][gc,cpu      ] GC(307) User=0.02s Sys=0.01s Real=0.00s
[2024-02-08T00:49:36.995+0000][7][safepoint   ] Safepoint "G1CollectForAllocation", Time since last: 28986108157 ns, Reaching safepoint: 122897 ns, At safepoint: 6242709 ns, Total: 6365606 ns
[2024-02-08T00:50:31.000+0000][7][safepoint   ] Safepoint "Cleanup", Time since last: 54005528481 ns, Reaching safepoint: 77897 ns, At safepoint: 6575 ns, Total: 84472 ns
[2024-02-08T00:52:13.010+0000][7][safepoint   ] Safepoint "Cleanup", Time since last: 102009870455 ns, Reaching safepoint: 93736 ns, At safepoint: 9827 ns, Total: 103563 ns
[2024-02-08T00:53:16.941+0000][7][gc,start    ] GC(308) Pause Young (Normal) (G1 Evacuation Pause)
[2024-02-08T00:53:16.941+0000][7][gc,task     ] GC(308) Using 8 workers of 8 for evacuation
[2024-02-08T00:53:16.941+0000][7][gc,age      ] GC(308) Desired survivor size 41943040 bytes, new threshold 15 (max threshold 15)
[2024-02-08T00:53:16.944+0000][7][gc,phases   ] GC(308)   Pre Evacuate Collection Set: 0.1ms
[2024-02-08T00:53:16.944+0000][7][gc,phases   ] GC(308)   Merge Heap Roots: 0.1ms
[2024-02-08T00:53:16.944+0000][7][gc,phases   ] GC(308)   Evacuate Collection Set: 1.7ms
[2024-02-08T00:53:16.944+0000][7][gc,phases   ] GC(308)   Post Evacuate Collection Set: 0.9ms
[2024-02-08T00:53:16.944+0000][7][gc,phases   ] GC(308)   Other: 0.1ms
[2024-02-08T00:53:16.944+0000][7][gc,age      ] GC(308) Age table with threshold 15 (max threshold 15)
[2024-02-08T00:53:16.944+0000][7][gc,age      ] GC(308) - age   1:    1280928 bytes,    1280928 total
[2024-02-08T00:53:16.944+0000][7][gc,age      ] GC(308) - age   2:       2352 bytes,    1283280 total
[2024-02-08T00:53:16.944+0000][7][gc,age      ] GC(308) - age   3:     192592 bytes,    1475872 total
[2024-02-08T00:53:16.944+0000][7][gc,age      ] GC(308) - age   4:     176968 bytes,    1652840 total
[2024-02-08T00:53:16.944+0000][7][gc,age      ] GC(308) - age   7:       9616 bytes,    1662456 total
[2024-02-08T00:53:16.944+0000][7][gc,age      ] GC(308) - age   8:         16 bytes,    1662472 total
[2024-02-08T00:53:16.944+0000][7][gc,age      ] GC(308) - age   9:       9616 bytes,    1672088 total
[2024-02-08T00:53:16.944+0000][7][gc,age      ] GC(308) - age  10:     218200 bytes,    1890288 total
[2024-02-08T00:53:16.944+0000][7][gc,age      ] GC(308) - age  12:     105776 bytes,    1996064 total
[2024-02-08T00:53:16.944+0000][7][gc,age      ] GC(308) - age  13:        208 bytes,    1996272 total
[2024-02-08T00:53:16.944+0000][7][gc,age      ] GC(308) - age  14:       3504 bytes,    1999776 total
[2024-02-08T00:53:16.944+0000][7][gc,age      ] GC(308) - age  15:        224 bytes,    2000000 total
[2024-02-08T00:53:16.944+0000][7][gc,heap     ] GC(308) Eden regions: 152->0(152)
[2024-02-08T00:53:16.944+0000][7][gc,heap     ] GC(308) Survivor regions: 1->1(20)
[2024-02-08T00:53:16.944+0000][7][gc,heap     ] GC(308) Old regions: 25->25
[2024-02-08T00:53:16.944+0000][7][gc,heap     ] GC(308) Archive regions: 2->2
[2024-02-08T00:53:16.944+0000][7][gc,heap     ] GC(308) Humongous regions: 0->0
[2024-02-08T00:53:16.944+0000][7][gc,metaspace] GC(308) Metaspace: 128771K(132224K)->128771K(132224K) NonClass: 111923K(113728K)->111923K(113728K) Class: 16847K(18496K)->16847K(18496K)
[2024-02-08T00:53:16.944+0000][7][gc          ] GC(308) Pause Young (Normal) (G1 Evacuation Pause) 710M->102M(1024M) 3.249ms
[2024-02-08T00:53:16.944+0000][7][gc,cpu      ] GC(308) User=0.02s Sys=0.00s Real=0.00s
[2024-02-08T00:53:16.944+0000][7][safepoint   ] Safepoint "G1CollectForAllocation", Time since last: 63930511880 ns, Reaching safepoint: 68722 ns, At safepoint: 3352721 ns, Total: 3421443 ns
[2024-02-08T00:54:19.950+0000][7][safepoint   ] Safepoint "Cleanup", Time since last: 63005969502 ns, Reaching safepoint: 98300 ns, At safepoint: 8733 ns, Total: 107033 ns
[2024-02-08T00:57:00.967+0000][7][gc,start    ] GC(309) Pause Young (Normal) (G1 Evacuation Pause)
[2024-02-08T00:57:00.967+0000][7][gc,task     ] GC(309) Using 8 workers of 8 for evacuation
[2024-02-08T00:57:00.967+0000][7][gc,age      ] GC(309) Desired survivor size 41943040 bytes, new threshold 15 (max threshold 15)
[2024-02-08T00:57:00.970+0000][7][gc,phases   ] GC(309)   Pre Evacuate Collection Set: 0.1ms
[2024-02-08T00:57:00.970+0000][7][gc,phases   ] GC(309)   Merge Heap Roots: 0.1ms
[2024-02-08T00:57:00.970+0000][7][gc,phases   ] GC(309)   Evacuate Collection Set: 1.4ms
[2024-02-08T00:57:00.970+0000][7][gc,phases   ] GC(309)   Post Evacuate Collection Set: 0.8ms
[2024-02-08T00:57:00.970+0000][7][gc,phases   ] GC(309)   Other: 0.1ms
[2024-02-08T00:57:00.970+0000][7][gc,age      ] GC(309) Age table with threshold 15 (max threshold 15)
[2024-02-08T00:57:00.970+0000][7][gc,age      ] GC(309) - age   1:     953528 bytes,     953528 total
[2024-02-08T00:57:00.970+0000][7][gc,age      ] GC(309) - age   2:       3016 bytes,     956544 total
[2024-02-08T00:57:00.970+0000][7][gc,age      ] GC(309) - age   3:        480 bytes,     957024 total
[2024-02-08T00:57:00.970+0000][7][gc,age      ] GC(309) - age   4:     189456 bytes,    1146480 total
[2024-02-08T00:57:00.970+0000][7][gc,age      ] GC(309) - age   5:     176936 bytes,    1323416 total
[2024-02-08T00:57:00.970+0000][7][gc,age      ] GC(309) - age   8:       9616 bytes,    1333032 total
[2024-02-08T00:57:00.970+0000][7][gc,age      ] GC(309) - age   9:         16 bytes,    1333048 total
[2024-02-08T00:57:00.970+0000][7][gc,age      ] GC(309) - age  10:       9616 bytes,    1342664 total
[2024-02-08T00:57:00.970+0000][7][gc,age      ] GC(309) - age  11:     218200 bytes,    1560864 total
[2024-02-08T00:57:00.970+0000][7][gc,age      ] GC(309) - age  13:     105776 bytes,    1666640 total
[2024-02-08T00:57:00.970+0000][7][gc,age      ] GC(309) - age  14:        208 bytes,    1666848 total
[2024-02-08T00:57:00.970+0000][7][gc,age      ] GC(309) - age  15:       3504 bytes,    1670352 total
[2024-02-08T00:57:00.970+0000][7][gc,heap     ] GC(309) Eden regions: 152->0(152)
[2024-02-08T00:57:00.970+0000][7][gc,heap     ] GC(309) Survivor regions: 1->1(20)
[2024-02-08T00:57:00.970+0000][7][gc,heap     ] GC(309) Old regions: 25->25
[2024-02-08T00:57:00.970+0000][7][gc,heap     ] GC(309) Archive regions: 2->2
[2024-02-08T00:57:00.970+0000][7][gc,heap     ] GC(309) Humongous regions: 0->0
[2024-02-08T00:57:00.970+0000][7][gc,metaspace] GC(309) Metaspace: 128771K(132224K)->128771K(132224K) NonClass: 111923K(113728K)->111923K(113728K) Class: 16847K(18496K)->16847K(18496K)
[2024-02-08T00:57:00.970+0000][7][gc          ] GC(309) Pause Young (Normal) (G1 Evacuation Pause) 710M->102M(1024M) 2.825ms
[2024-02-08T00:57:00.970+0000][7][gc,cpu      ] GC(309) User=0.01s Sys=0.00s Real=0.00s
[2024-02-08T00:57:00.970+0000][7][safepoint   ] Safepoint "G1CollectForAllocation", Time since last: 161017060645 ns, Reaching safepoint: 46954 ns, At safepoint: 2923100 ns, Total: 2970054 ns
[2024-02-08T01:00:40.088+0000][7][gc,start    ] GC(310) Pause Young (Normal) (G1 Evacuation Pause)
[2024-02-08T01:00:40.088+0000][7][gc,task     ] GC(310) Using 8 workers of 8 for evacuation
[2024-02-08T01:00:40.088+0000][7][gc,age      ] GC(310) Desired survivor size 41943040 bytes, new threshold 15 (max threshold 15)
[2024-02-08T01:00:40.090+0000][7][gc,phases   ] GC(310)   Pre Evacuate Collection Set: 0.1ms
[2024-02-08T01:00:40.090+0000][7][gc,phases   ] GC(310)   Merge Heap Roots: 0.1ms
[2024-02-08T01:00:40.090+0000][7][gc,phases   ] GC(310)   Evacuate Collection Set: 1.1ms
[2024-02-08T01:00:40.090+0000][7][gc,phases   ] GC(310)   Post Evacuate Collection Set: 0.8ms
[2024-02-08T01:00:40.090+0000][7][gc,phases   ] GC(310)   Other: 0.1ms
[2024-02-08T01:00:40.090+0000][7][gc,age      ] GC(310) Age table with threshold 15 (max threshold 15)
[2024-02-08T01:00:40.090+0000][7][gc,age      ] GC(310) - age   1:     517352 bytes,     517352 total
[2024-02-08T01:00:40.090+0000][7][gc,age      ] GC(310) - age   2:       7864 bytes,     525216 total
[2024-02-08T01:00:40.090+0000][7][gc,age      ] GC(310) - age   3:       1344 bytes,     526560 total
[2024-02-08T01:00:40.090+0000][7][gc,age      ] GC(310) - age   4:        184 bytes,     526744 total
[2024-02-08T01:00:40.090+0000][7][gc,age      ] GC(310) - age   5:     188880 bytes,     715624 total
[2024-02-08T01:00:40.090+0000][7][gc,age      ] GC(310) - age   6:     176936 bytes,     892560 total
[2024-02-08T01:00:40.090+0000][7][gc,age      ] GC(310) - age   9:       9616 bytes,     902176 total
[2024-02-08T01:00:40.090+0000][7][gc,age      ] GC(310) - age  10:         16 bytes,     902192 total
[2024-02-08T01:00:40.090+0000][7][gc,age      ] GC(310) - age  11:       9616 bytes,     911808 total
[2024-02-08T01:00:40.090+0000][7][gc,age      ] GC(310) - age  12:     218200 bytes,    1130008 total
[2024-02-08T01:00:40.090+0000][7][gc,age      ] GC(310) - age  14:     105776 bytes,    1235784 total
[2024-02-08T01:00:40.090+0000][7][gc,age      ] GC(310) - age  15:        208 bytes,    1235992 total
[2024-02-08T01:00:40.090+0000][7][gc,heap     ] GC(310) Eden regions: 152->0(152)
[2024-02-08T01:00:40.090+0000][7][gc,heap     ] GC(310) Survivor regions: 1->1(20)
[2024-02-08T01:00:40.090+0000][7][gc,heap     ] GC(310) Old regions: 25->25
[2024-02-08T01:00:40.090+0000][7][gc,heap     ] GC(310) Archive regions: 2->2
[2024-02-08T01:00:40.090+0000][7][gc,heap     ] GC(310) Humongous regions: 0->0
[2024-02-08T01:00:40.090+0000][7][gc,metaspace] GC(310) Metaspace: 128771K(132224K)->128771K(132224K) NonClass: 111923K(113728K)->111923K(113728K) Class: 16847K(18496K)->16847K(18496K)
[2024-02-08T01:00:40.090+0000][7][gc          ] GC(310) Pause Young (Normal) (G1 Evacuation Pause) 710M->101M(1024M) 2.368ms
[2024-02-08T01:00:40.090+0000][7][gc,cpu      ] GC(310) User=0.01s Sys=0.00s Real=0.00s
[2024-02-08T01:00:40.090+0000][7][safepoint   ] Safepoint "G1CollectForAllocation", Time since last: 219117375965 ns, Reaching safepoint: 73234 ns, At safepoint: 2458914 ns, Total: 2532148 ns
[2024-02-08T01:00:59.092+0000][7][safepoint   ] Safepoint "Cleanup", Time since last: 19002105655 ns, Reaching safepoint: 90316 ns, At safepoint: 37563 ns, Total: 127879 ns
[2024-02-08T01:04:16.003+0000][7][gc,start    ] GC(311) Pause Young (Normal) (G1 Evacuation Pause)
[2024-02-08T01:04:16.003+0000][7][gc,task     ] GC(311) Using 8 workers of 8 for evacuation
[2024-02-08T01:04:16.003+0000][7][gc,age      ] GC(311) Desired survivor size 41943040 bytes, new threshold 15 (max threshold 15)
[2024-02-08T01:04:16.005+0000][7][gc,phases   ] GC(311)   Pre Evacuate Collection Set: 0.1ms
[2024-02-08T01:04:16.006+0000][7][gc,phases   ] GC(311)   Merge Heap Roots: 0.1ms
[2024-02-08T01:04:16.006+0000][7][gc,phases   ] GC(311)   Evacuate Collection Set: 1.2ms
[2024-02-08T01:04:16.006+0000][7][gc,phases   ] GC(311)   Post Evacuate Collection Set: 0.7ms
[2024-02-08T01:04:16.006+0000][7][gc,phases   ] GC(311)   Other: 0.1ms
[2024-02-08T01:04:16.006+0000][7][gc,age      ] GC(311) Age table with threshold 15 (max threshold 15)
[2024-02-08T01:04:16.006+0000][7][gc,age      ] GC(311) - age   1:     531160 bytes,     531160 total
[2024-02-08T01:04:16.006+0000][7][gc,age      ] GC(311) - age   2:       2416 bytes,     533576 total
[2024-02-08T01:04:16.006+0000][7][gc,age      ] GC(311) - age   3:       5928 bytes,     539504 total
[2024-02-08T01:04:16.006+0000][7][gc,age      ] GC(311) - age   4:        448 bytes,     539952 total
[2024-02-08T01:04:16.006+0000][7][gc,age      ] GC(311) - age   5:        184 bytes,     540136 total
[2024-02-08T01:04:16.006+0000][7][gc,age      ] GC(311) - age   6:     188880 bytes,     729016 total
[2024-02-08T01:04:16.006+0000][7][gc,age      ] GC(311) - age   7:     176904 bytes,     905920 total
[2024-02-08T01:04:16.006+0000][7][gc,age      ] GC(311) - age  10:       9616 bytes,     915536 total
[2024-02-08T01:04:16.006+0000][7][gc,age      ] GC(311) - age  11:         16 bytes,     915552 total
[2024-02-08T01:04:16.006+0000][7][gc,age      ] GC(311) - age  12:       9616 bytes,     925168 total
[2024-02-08T01:04:16.006+0000][7][gc,age      ] GC(311) - age  13:     218200 bytes,    1143368 total
[2024-02-08T01:04:16.006+0000][7][gc,age      ] GC(311) - age  15:     105776 bytes,    1249144 total
[2024-02-08T01:04:16.006+0000][7][gc,heap     ] GC(311) Eden regions: 152->0(152)
[2024-02-08T01:04:16.006+0000][7][gc,heap     ] GC(311) Survivor regions: 1->1(20)
[2024-02-08T01:04:16.006+0000][7][gc,heap     ] GC(311) Old regions: 25->25
[2024-02-08T01:04:16.006+0000][7][gc,heap     ] GC(311) Archive regions: 2->2
[2024-02-08T01:04:16.006+0000][7][gc,heap     ] GC(311) Humongous regions: 0->0
[2024-02-08T01:04:16.006+0000][7][gc,metaspace] GC(311) Metaspace: 128772K(132224K)->128772K(132224K) NonClass: 111924K(113728K)->111924K(113728K) Class: 16847K(18496K)->16847K(18496K)
[2024-02-08T01:04:16.006+0000][7][gc          ] GC(311) Pause Young (Normal) (G1 Evacuation Pause) 709M->101M(1024M) 2.473ms
[2024-02-08T01:04:16.006+0000][7][gc,cpu      ] GC(311) User=0.02s Sys=0.00s Real=0.01s
[2024-02-08T01:04:16.006+0000][7][safepoint   ] Safepoint "G1CollectForAllocation", Time since last: 196910843957 ns, Reaching safepoint: 64100 ns, At safepoint: 2567410 ns, Total: 2631510 ns
[2024-02-08T01:06:55.025+0000][7][safepoint   ] Safepoint "Cleanup", Time since last: 159018934873 ns, Reaching safepoint: 144567 ns, At safepoint: 14511 ns, Total: 159078 ns
[2024-02-08T01:07:59.654+0000][7][gc,start    ] GC(312) Pause Young (Normal) (G1 Evacuation Pause)
[2024-02-08T01:07:59.654+0000][7][gc,task     ] GC(312) Using 8 workers of 8 for evacuation
[2024-02-08T01:07:59.654+0000][7][gc,age      ] GC(312) Desired survivor size 41943040 bytes, new threshold 15 (max threshold 15)
[2024-02-08T01:07:59.657+0000][7][gc,phases   ] GC(312)   Pre Evacuate Collection Set: 0.1ms
[2024-02-08T01:07:59.657+0000][7][gc,phases   ] GC(312)   Merge Heap Roots: 0.1ms
[2024-02-08T01:07:59.657+0000][7][gc,phases   ] GC(312)   Evacuate Collection Set: 1.8ms
[2024-02-08T01:07:59.657+0000][7][gc,phases   ] GC(312)   Post Evacuate Collection Set: 0.9ms
[2024-02-08T01:07:59.657+0000][7][gc,phases   ] GC(312)   Other: 0.1ms
[2024-02-08T01:07:59.657+0000][7][gc,age      ] GC(312) Age table with threshold 15 (max threshold 15)
[2024-02-08T01:07:59.657+0000][7][gc,age      ] GC(312) - age   1:    1265208 bytes,    1265208 total
[2024-02-08T01:07:59.657+0000][7][gc,age      ] GC(312) - age   2:       2832 bytes,    1268040 total
[2024-02-08T01:07:59.657+0000][7][gc,age      ] GC(312) - age   3:       1008 bytes,    1269048 total
[2024-02-08T01:07:59.657+0000][7][gc,age      ] GC(312) - age   4:       2568 bytes,    1271616 total
[2024-02-08T01:07:59.657+0000][7][gc,age      ] GC(312) - age   5:        448 bytes,    1272064 total
[2024-02-08T01:07:59.657+0000][7][gc,age      ] GC(312) - age   7:     180768 bytes,    1452832 total
[2024-02-08T01:07:59.657+0000][7][gc,age      ] GC(312) - age   8:     176904 bytes,    1629736 total
[2024-02-08T01:07:59.657+0000][7][gc,age      ] GC(312) - age  11:       9616 bytes,    1639352 total
[2024-02-08T01:07:59.657+0000][7][gc,age      ] GC(312) - age  12:         16 bytes,    1639368 total
[2024-02-08T01:07:59.657+0000][7][gc,age      ] GC(312) - age  13:       9616 bytes,    1648984 total
[2024-02-08T01:07:59.657+0000][7][gc,age      ] GC(312) - age  14:     218200 bytes,    1867184 total
[2024-02-08T01:07:59.657+0000][7][gc,heap     ] GC(312) Eden regions: 152->0(152)
[2024-02-08T01:07:59.657+0000][7][gc,heap     ] GC(312) Survivor regions: 1->1(20)
[2024-02-08T01:07:59.657+0000][7][gc,heap     ] GC(312) Old regions: 25->25
[2024-02-08T01:07:59.657+0000][7][gc,heap     ] GC(312) Archive regions: 2->2
[2024-02-08T01:07:59.657+0000][7][gc,heap     ] GC(312) Humongous regions: 0->0
[2024-02-08T01:07:59.657+0000][7][gc,metaspace] GC(312) Metaspace: 128772K(132224K)->128772K(132224K) NonClass: 111924K(113728K)->111924K(113728K) Class: 16847K(18496K)->16847K(18496K)
[2024-02-08T01:07:59.657+0000][7][gc          ] GC(312) Pause Young (Normal) (G1 Evacuation Pause) 709M->102M(1024M) 3.472ms
[2024-02-08T01:07:59.657+0000][7][gc,cpu      ] GC(312) User=0.01s Sys=0.00s Real=0.01s
[2024-02-08T01:07:59.658+0000][7][safepoint   ] Safepoint "G1CollectForAllocation", Time since last: 64629049894 ns, Reaching safepoint: 41605 ns, At safepoint: 3578282 ns, Total: 3619887 ns
[2024-02-08T01:10:55.680+0000][7][safepoint   ] Safepoint "Cleanup", Time since last: 176022231475 ns, Reaching safepoint: 82998 ns, At safepoint: 41541 ns, Total: 124539 ns
[2024-02-08T01:11:43.017+0000][7][gc,start    ] GC(313) Pause Young (Normal) (G1 Evacuation Pause)
[2024-02-08T01:11:43.017+0000][7][gc,task     ] GC(313) Using 8 workers of 8 for evacuation
[2024-02-08T01:11:43.017+0000][7][gc,age      ] GC(313) Desired survivor size 41943040 bytes, new threshold 15 (max threshold 15)
[2024-02-08T01:11:43.020+0000][7][gc,phases   ] GC(313)   Pre Evacuate Collection Set: 0.1ms
[2024-02-08T01:11:43.020+0000][7][gc,phases   ] GC(313)   Merge Heap Roots: 0.1ms
[2024-02-08T01:11:43.020+0000][7][gc,phases   ] GC(313)   Evacuate Collection Set: 1.5ms
[2024-02-08T01:11:43.020+0000][7][gc,phases   ] GC(313)   Post Evacuate Collection Set: 0.8ms
[2024-02-08T01:11:43.020+0000][7][gc,phases   ] GC(313)   Other: 0.1ms
[2024-02-08T01:11:43.020+0000][7][gc,age      ] GC(313) Age table with threshold 15 (max threshold 15)
[2024-02-08T01:11:43.020+0000][7][gc,age      ] GC(313) - age   1:    1126040 bytes,    1126040 total
[2024-02-08T01:11:43.020+0000][7][gc,age      ] GC(313) - age   2:       5040 bytes,    1131080 total
[2024-02-08T01:11:43.020+0000][7][gc,age      ] GC(313) - age   3:        344 bytes,    1131424 total
[2024-02-08T01:11:43.020+0000][7][gc,age      ] GC(313) - age   4:        816 bytes,    1132240 total
[2024-02-08T01:11:43.020+0000][7][gc,age      ] GC(313) - age   5:       2568 bytes,    1134808 total
[2024-02-08T01:11:43.020+0000][7][gc,age      ] GC(313) - age   6:        416 bytes,    1135224 total
[2024-02-08T01:11:43.020+0000][7][gc,age      ] GC(313) - age   8:     180584 bytes,    1315808 total
[2024-02-08T01:11:43.020+0000][7][gc,age      ] GC(313) - age   9:     176904 bytes,    1492712 total
[2024-02-08T01:11:43.020+0000][7][gc,age      ] GC(313) - age  12:       9616 bytes,    1502328 total
[2024-02-08T01:11:43.020+0000][7][gc,age      ] GC(313) - age  13:         16 bytes,    1502344 total
[2024-02-08T01:11:43.020+0000][7][gc,age      ] GC(313) - age  14:       9616 bytes,    1511960 total
[2024-02-08T01:11:43.020+0000][7][gc,age      ] GC(313) - age  15:     218200 bytes,    1730160 total
[2024-02-08T01:11:43.020+0000][7][gc,heap     ] GC(313) Eden regions: 152->0(152)
[2024-02-08T01:11:43.020+0000][7][gc,heap     ] GC(313) Survivor regions: 1->1(20)
[2024-02-08T01:11:43.020+0000][7][gc,heap     ] GC(313) Old regions: 25->25
[2024-02-08T01:11:43.020+0000][7][gc,heap     ] GC(313) Archive regions: 2->2
[2024-02-08T01:11:43.020+0000][7][gc,heap     ] GC(313) Humongous regions: 0->0
[2024-02-08T01:11:43.020+0000][7][gc,metaspace] GC(313) Metaspace: 128772K(132224K)->128772K(132224K) NonClass: 111924K(113728K)->111924K(113728K) Class: 16847K(18496K)->16847K(18496K)
[2024-02-08T01:11:43.020+0000][7][gc          ] GC(313) Pause Young (Normal) (G1 Evacuation Pause) 710M->102M(1024M) 2.806ms
[2024-02-08T01:11:43.020+0000][7][gc,cpu      ] GC(313) User=0.01s Sys=0.00s Real=0.00s
[2024-02-08T01:11:43.020+0000][7][safepoint   ] Safepoint "G1CollectForAllocation", Time since last: 47336943180 ns, Reaching safepoint: 73295 ns, At safepoint: 2894339 ns, Total: 2967634 ns
[2024-02-08T01:14:38.041+0000][7][safepoint   ] Safepoint "Cleanup", Time since last: 175020957576 ns, Reaching safepoint: 102166 ns, At safepoint: 46862 ns, Total: 149028 ns
[2024-02-08T01:15:13.070+0000][7][gc,start    ] GC(314) Pause Young (Normal) (G1 Evacuation Pause)
[2024-02-08T01:15:13.070+0000][7][gc,task     ] GC(314) Using 8 workers of 8 for evacuation
[2024-02-08T01:15:13.070+0000][7][gc,age      ] GC(314) Desired survivor size 41943040 bytes, new threshold 15 (max threshold 15)
[2024-02-08T01:15:13.072+0000][7][gc,phases   ] GC(314)   Pre Evacuate Collection Set: 0.1ms
[2024-02-08T01:15:13.072+0000][7][gc,phases   ] GC(314)   Merge Heap Roots: 0.1ms
[2024-02-08T01:15:13.072+0000][7][gc,phases   ] GC(314)   Evacuate Collection Set: 1.1ms
[2024-02-08T01:15:13.072+0000][7][gc,phases   ] GC(314)   Post Evacuate Collection Set: 0.8ms
[2024-02-08T01:15:13.072+0000][7][gc,phases   ] GC(314)   Other: 0.1ms
[2024-02-08T01:15:13.072+0000][7][gc,age      ] GC(314) Age table with threshold 15 (max threshold 15)
[2024-02-08T01:15:13.072+0000][7][gc,age      ] GC(314) - age   1:     484792 bytes,     484792 total
[2024-02-08T01:15:13.072+0000][7][gc,age      ] GC(314) - age   2:      10632 bytes,     495424 total
[2024-02-08T01:15:13.072+0000][7][gc,age      ] GC(314) - age   3:        720 bytes,     496144 total
[2024-02-08T01:15:13.072+0000][7][gc,age      ] GC(314) - age   4:        216 bytes,     496360 total
[2024-02-08T01:15:13.072+0000][7][gc,age      ] GC(314) - age   5:        360 bytes,     496720 total
[2024-02-08T01:15:13.072+0000][7][gc,age      ] GC(314) - age   6:       2320 bytes,     499040 total
[2024-02-08T01:15:13.072+0000][7][gc,age      ] GC(314) - age   7:         32 bytes,     499072 total
[2024-02-08T01:15:13.072+0000][7][gc,age      ] GC(314) - age   9:     180584 bytes,     679656 total
[2024-02-08T01:15:13.072+0000][7][gc,age      ] GC(314) - age  10:     176904 bytes,     856560 total
[2024-02-08T01:15:13.072+0000][7][gc,age      ] GC(314) - age  13:       9616 bytes,     866176 total
[2024-02-08T01:15:13.072+0000][7][gc,age      ] GC(314) - age  14:         16 bytes,     866192 total
[2024-02-08T01:15:13.072+0000][7][gc,age      ] GC(314) - age  15:       9616 bytes,     875808 total
[2024-02-08T01:15:13.072+0000][7][gc,heap     ] GC(314) Eden regions: 152->0(152)
[2024-02-08T01:15:13.072+0000][7][gc,heap     ] GC(314) Survivor regions: 1->1(20)
[2024-02-08T01:15:13.072+0000][7][gc,heap     ] GC(314) Old regions: 25->25
[2024-02-08T01:15:13.072+0000][7][gc,heap     ] GC(314) Archive regions: 2->2
[2024-02-08T01:15:13.072+0000][7][gc,heap     ] GC(314) Humongous regions: 0->0
[2024-02-08T01:15:13.072+0000][7][gc,metaspace] GC(314) Metaspace: 128772K(132224K)->128772K(132224K) NonClass: 111924K(113728K)->111924K(113728K) Class: 16847K(18496K)->16847K(18496K)
[2024-02-08T01:15:13.072+0000][7][gc          ] GC(314) Pause Young (Normal) (G1 Evacuation Pause) 710M->101M(1024M) 2.552ms
[2024-02-08T01:15:13.072+0000][7][gc,cpu      ] GC(314) User=0.01s Sys=0.00s Real=0.00s
[2024-02-08T01:15:13.072+0000][7][safepoint   ] Safepoint "G1CollectForAllocation", Time since last: 35028747538 ns, Reaching safepoint: 91686 ns, At safepoint: 2646744 ns, Total: 2738430 ns
[2024-02-08T01:18:49.080+0000][7][gc,start    ] GC(315) Pause Young (Normal) (G1 Evacuation Pause)
[2024-02-08T01:18:49.080+0000][7][gc,task     ] GC(315) Using 8 workers of 8 for evacuation
[2024-02-08T01:18:49.080+0000][7][gc,age      ] GC(315) Desired survivor size 41943040 bytes, new threshold 15 (max threshold 15)
[2024-02-08T01:18:49.082+0000][7][gc,phases   ] GC(315)   Pre Evacuate Collection Set: 0.1ms
[2024-02-08T01:18:49.082+0000][7][gc,phases   ] GC(315)   Merge Heap Roots: 0.1ms
[2024-02-08T01:18:49.082+0000][7][gc,phases   ] GC(315)   Evacuate Collection Set: 1.6ms
[2024-02-08T01:18:49.082+0000][7][gc,phases   ] GC(315)   Post Evacuate Collection Set: 0.8ms
[2024-02-08T01:18:49.082+0000][7][gc,phases   ] GC(315)   Other: 0.1ms
[2024-02-08T01:18:49.082+0000][7][gc,age      ] GC(315) Age table with threshold 15 (max threshold 15)
[2024-02-08T01:18:49.082+0000][7][gc,age      ] GC(315) - age   1:    2015240 bytes,    2015240 total
[2024-02-08T01:18:49.082+0000][7][gc,age      ] GC(315) - age   2:       5944 bytes,    2021184 total
[2024-02-08T01:18:49.082+0000][7][gc,age      ] GC(315) - age   3:        992 bytes,    2022176 total
[2024-02-08T01:18:49.082+0000][7][gc,age      ] GC(315) - age   4:        400 bytes,    2022576 total
[2024-02-08T01:18:49.082+0000][7][gc,age      ] GC(315) - age   5:        216 bytes,    2022792 total
[2024-02-08T01:18:49.082+0000][7][gc,age      ] GC(315) - age   6:        360 bytes,    2023152 total
[2024-02-08T01:18:49.082+0000][7][gc,age      ] GC(315) - age   7:       2320 bytes,    2025472 total
[2024-02-08T01:18:49.082+0000][7][gc,age      ] GC(315) - age   8:         32 bytes,    2025504 total
[2024-02-08T01:18:49.082+0000][7][gc,age      ] GC(315) - age  10:     180584 bytes,    2206088 total
[2024-02-08T01:18:49.082+0000][7][gc,age      ] GC(315) - age  11:     176904 bytes,    2382992 total
[2024-02-08T01:18:49.082+0000][7][gc,age      ] GC(315) - age  14:       9616 bytes,    2392608 total
[2024-02-08T01:18:49.082+0000][7][gc,age      ] GC(315) - age  15:         16 bytes,    2392624 total
[2024-02-08T01:18:49.082+0000][7][gc,heap     ] GC(315) Eden regions: 152->0(152)
[2024-02-08T01:18:49.082+0000][7][gc,heap     ] GC(315) Survivor regions: 1->1(20)
[2024-02-08T01:18:49.082+0000][7][gc,heap     ] GC(315) Old regions: 25->25
[2024-02-08T01:18:49.082+0000][7][gc,heap     ] GC(315) Archive regions: 2->2
[2024-02-08T01:18:49.082+0000][7][gc,heap     ] GC(315) Humongous regions: 0->0
[2024-02-08T01:18:49.082+0000][7][gc,metaspace] GC(315) Metaspace: 128772K(132224K)->128772K(132224K) NonClass: 111924K(113728K)->111924K(113728K) Class: 16847K(18496K)->16847K(18496K)
[2024-02-08T01:18:49.082+0000][7][gc          ] GC(315) Pause Young (Normal) (G1 Evacuation Pause) 709M->103M(1024M) 2.925ms
[2024-02-08T01:18:49.082+0000][7][gc,cpu      ] GC(315) User=0.02s Sys=0.00s Real=0.00s
[2024-02-08T01:18:49.083+0000][7][safepoint   ] Safepoint "G1CollectForAllocation", Time since last: 216006988490 ns, Reaching safepoint: 133499 ns, At safepoint: 3014403 ns, Total: 3147902 ns
[2024-02-08T01:21:02.100+0000][7][safepoint   ] Safepoint "Cleanup", Time since last: 133017305741 ns, Reaching safepoint: 104600 ns, At safepoint: 9448 ns, Total: 114048 ns
[2024-02-08T22:15:29.107+0000][7][safepoint   ] Safepoint "Cleanup", Time since last: 59826472746 ns, Reaching safepoint: 43656 ns, At safepoint: 4828 ns, Total: 48484 ns
[2024-02-08T22:15:35.132+0000][7][gc,start    ] GC(316) Pause Young (Normal) (G1 Evacuation Pause)
[2024-02-08T22:15:35.132+0000][7][gc,task     ] GC(316) Using 8 workers of 8 for evacuation
[2024-02-08T22:15:35.132+0000][7][gc,age      ] GC(316) Desired survivor size 41943040 bytes, new threshold 15 (max threshold 15)
[2024-02-08T22:15:35.134+0000][7][gc,phases   ] GC(316)   Pre Evacuate Collection Set: 0.1ms
[2024-02-08T22:15:35.134+0000][7][gc,phases   ] GC(316)   Merge Heap Roots: 0.1ms
[2024-02-08T22:15:35.134+0000][7][gc,phases   ] GC(316)   Evacuate Collection Set: 1.2ms
[2024-02-08T22:15:35.134+0000][7][gc,phases   ] GC(316)   Post Evacuate Collection Set: 0.5ms
[2024-02-08T22:15:35.134+0000][7][gc,phases   ] GC(316)   Other: 0.1ms
[2024-02-08T22:15:35.134+0000][7][gc,age      ] GC(316) Age table with threshold 15 (max threshold 15)
[2024-02-08T22:15:35.134+0000][7][gc,age      ] GC(316) - age   1:    1752424 bytes,    1752424 total
[2024-02-08T22:15:35.134+0000][7][gc,age      ] GC(316) - age   2:     107088 bytes,    1859512 total
[2024-02-08T22:15:35.134+0000][7][gc,age      ] GC(316) - age   3:       4440 bytes,    1863952 total
[2024-02-08T22:15:35.134+0000][7][gc,age      ] GC(316) - age   4:        280 bytes,    1864232 total
[2024-02-08T22:15:35.134+0000][7][gc,age      ] GC(316) - age   5:        184 bytes,    1864416 total
[2024-02-08T22:15:35.134+0000][7][gc,age      ] GC(316) - age   7:        360 bytes,    1864776 total
[2024-02-08T22:15:35.134+0000][7][gc,age      ] GC(316) - age   8:       2320 bytes,    1867096 total
[2024-02-08T22:15:35.134+0000][7][gc,age      ] GC(316) - age   9:         32 bytes,    1867128 total
[2024-02-08T22:15:35.134+0000][7][gc,age      ] GC(316) - age  11:     157784 bytes,    2024912 total
[2024-02-08T22:15:35.134+0000][7][gc,age      ] GC(316) - age  12:     163208 bytes,    2188120 total
[2024-02-08T22:15:35.134+0000][7][gc,age      ] GC(316) - age  15:       9616 bytes,    2197736 total
[2024-02-08T22:15:35.134+0000][7][gc,heap     ] GC(316) Eden regions: 152->0(152)
[2024-02-08T22:15:35.134+0000][7][gc,heap     ] GC(316) Survivor regions: 1->1(20)
[2024-02-08T22:15:35.134+0000][7][gc,heap     ] GC(316) Old regions: 25->25
[2024-02-08T22:15:35.134+0000][7][gc,heap     ] GC(316) Archive regions: 2->2
[2024-02-08T22:15:35.134+0000][7][gc,heap     ] GC(316) Humongous regions: 0->0
[2024-02-08T22:15:35.134+0000][7][gc,metaspace] GC(316) Metaspace: 128789K(132224K)->128789K(132224K) NonClass: 111941K(113728K)->111941K(113728K) Class: 16847K(18496K)->16847K(18496K)
[2024-02-08T22:15:35.134+0000][7][gc          ] GC(316) Pause Young (Normal) (G1 Evacuation Pause) 711M->102M(1024M) 2.180ms
[2024-02-08T22:15:35.134+0000][7][gc,cpu      ] GC(316) User=0.01s Sys=0.00s Real=0.00s
[2024-02-08T22:15:35.134+0000][7][safepoint   ] Safepoint "G1CollectForAllocation", Time since last: 6024546050 ns, Reaching safepoint: 45929 ns, At safepoint: 2249931 ns, Total: 2295860 ns
[2024-02-08T22:16:29.139+0000][7][safepoint   ] Safepoint "Cleanup", Time since last: 54005480014 ns, Reaching safepoint: 86076 ns, At safepoint: 8335 ns, Total: 94411 ns
[2024-02-08T22:17:28.147+0000][7][safepoint   ] Safepoint "Cleanup", Time since last: 59007125298 ns, Reaching safepoint: 90534 ns, At safepoint: 29616 ns, Total: 120150 ns
[2024-02-08T22:18:55.268+0000][7][gc,start    ] GC(317) Pause Young (Normal) (G1 Evacuation Pause)
[2024-02-08T22:18:55.268+0000][7][gc,task     ] GC(317) Using 8 workers of 8 for evacuation
[2024-02-08T22:18:55.268+0000][7][gc,age      ] GC(317) Desired survivor size 41943040 bytes, new threshold 15 (max threshold 15)
[2024-02-08T22:18:55.272+0000][7][gc,phases   ] GC(317)   Pre Evacuate Collection Set: 0.1ms
[2024-02-08T22:18:55.272+0000][7][gc,phases   ] GC(317)   Merge Heap Roots: 0.1ms
[2024-02-08T22:18:55.272+0000][7][gc,phases   ] GC(317)   Evacuate Collection Set: 2.3ms
[2024-02-08T22:18:55.272+0000][7][gc,phases   ] GC(317)   Post Evacuate Collection Set: 0.9ms
[2024-02-08T22:18:55.272+0000][7][gc,phases   ] GC(317)   Other: 0.1ms
[2024-02-08T22:18:55.272+0000][7][gc,age      ] GC(317) Age table with threshold 15 (max threshold 15)
[2024-02-08T22:18:55.272+0000][7][gc,age      ] GC(317) - age   1:     807464 bytes,     807464 total
[2024-02-08T22:18:55.272+0000][7][gc,age      ] GC(317) - age   2:     410456 bytes,    1217920 total
[2024-02-08T22:18:55.272+0000][7][gc,age      ] GC(317) - age   3:     104024 bytes,    1321944 total
[2024-02-08T22:18:55.272+0000][7][gc,age      ] GC(317) - age   4:        984 bytes,    1322928 total
[2024-02-08T22:18:55.272+0000][7][gc,age      ] GC(317) - age   5:        216 bytes,    1323144 total
[2024-02-08T22:18:55.272+0000][7][gc,age      ] GC(317) - age   6:        184 bytes,    1323328 total
[2024-02-08T22:18:55.272+0000][7][gc,age      ] GC(317) - age   8:        360 bytes,    1323688 total
[2024-02-08T22:18:55.272+0000][7][gc,age      ] GC(317) - age   9:       2320 bytes,    1326008 total
[2024-02-08T22:18:55.272+0000][7][gc,age      ] GC(317) - age  10:         32 bytes,    1326040 total
[2024-02-08T22:18:55.272+0000][7][gc,age      ] GC(317) - age  12:     157784 bytes,    1483824 total
[2024-02-08T22:18:55.272+0000][7][gc,age      ] GC(317) - age  13:     163208 bytes,    1647032 total
[2024-02-08T22:18:55.272+0000][7][gc,heap     ] GC(317) Eden regions: 152->0(152)
[2024-02-08T22:18:55.272+0000][7][gc,heap     ] GC(317) Survivor regions: 1->1(20)
[2024-02-08T22:18:55.272+0000][7][gc,heap     ] GC(317) Old regions: 25->25
[2024-02-08T22:18:55.272+0000][7][gc,heap     ] GC(317) Archive regions: 2->2
[2024-02-08T22:18:55.272+0000][7][gc,heap     ] GC(317) Humongous regions: 0->0
[2024-02-08T22:18:55.272+0000][7][gc,metaspace] GC(317) Metaspace: 128789K(132224K)->128789K(132224K) NonClass: 111942K(113728K)->111942K(113728K) Class: 16847K(18496K)->16847K(18496K)
[2024-02-08T22:18:55.272+0000][7][gc          ] GC(317) Pause Young (Normal) (G1 Evacuation Pause) 710M->102M(1024M) 3.874ms
[2024-02-08T22:18:55.272+0000][7][gc,cpu      ] GC(317) User=0.01s Sys=0.00s Real=0.00s
[2024-02-08T22:18:55.272+0000][7][safepoint   ] Safepoint "G1CollectForAllocation", Time since last: 87121409319 ns, Reaching safepoint: 96592 ns, At safepoint: 3988445 ns, Total: 4085037 ns
[2024-02-08T22:20:29.283+0000][7][safepoint   ] Safepoint "Cleanup", Time since last: 94010403606 ns, Reaching safepoint: 89830 ns, At safepoint: 8984 ns, Total: 98814 ns
[2024-02-08T22:22:37.259+0000][7][gc,start    ] GC(318) Pause Young (Normal) (G1 Evacuation Pause)
[2024-02-08T22:22:37.259+0000][7][gc,task     ] GC(318) Using 8 workers of 8 for evacuation
[2024-02-08T22:22:37.259+0000][7][gc,age      ] GC(318) Desired survivor size 41943040 bytes, new threshold 15 (max threshold 15)
[2024-02-08T22:22:37.263+0000][7][gc,phases   ] GC(318)   Pre Evacuate Collection Set: 0.1ms
[2024-02-08T22:22:37.263+0000][7][gc,phases   ] GC(318)   Merge Heap Roots: 0.1ms
[2024-02-08T22:22:37.263+0000][7][gc,phases   ] GC(318)   Evacuate Collection Set: 1.9ms
[2024-02-08T22:22:37.263+0000][7][gc,phases   ] GC(318)   Post Evacuate Collection Set: 1.0ms
[2024-02-08T22:22:37.263+0000][7][gc,phases   ] GC(318)   Other: 0.1ms
[2024-02-08T22:22:37.263+0000][7][gc,age      ] GC(318) Age table with threshold 15 (max threshold 15)
[2024-02-08T22:22:37.263+0000][7][gc,age      ] GC(318) - age   1:    1338376 bytes,    1338376 total
[2024-02-08T22:22:37.263+0000][7][gc,age      ] GC(318) - age   2:       4832 bytes,    1343208 total
[2024-02-08T22:22:37.263+0000][7][gc,age      ] GC(318) - age   3:     312272 bytes,    1655480 total
[2024-02-08T22:22:37.263+0000][7][gc,age      ] GC(318) - age   4:     103336 bytes,    1758816 total
[2024-02-08T22:22:37.263+0000][7][gc,age      ] GC(318) - age   5:        984 bytes,    1759800 total
[2024-02-08T22:22:37.263+0000][7][gc,age      ] GC(318) - age   6:        216 bytes,    1760016 total
[2024-02-08T22:22:37.263+0000][7][gc,age      ] GC(318) - age   7:        184 bytes,    1760200 total
[2024-02-08T22:22:37.263+0000][7][gc,age      ] GC(318) - age   9:        360 bytes,    1760560 total
[2024-02-08T22:22:37.263+0000][7][gc,age      ] GC(318) - age  10:       2320 bytes,    1762880 total
[2024-02-08T22:22:37.263+0000][7][gc,age      ] GC(318) - age  11:         32 bytes,    1762912 total
[2024-02-08T22:22:37.263+0000][7][gc,age      ] GC(318) - age  13:     157784 bytes,    1920696 total
[2024-02-08T22:22:37.263+0000][7][gc,age      ] GC(318) - age  14:     163208 bytes,    2083904 total
[2024-02-08T22:22:37.263+0000][7][gc,heap     ] GC(318) Eden regions: 152->0(152)
[2024-02-08T22:22:37.263+0000][7][gc,heap     ] GC(318) Survivor regions: 1->1(20)
[2024-02-08T22:22:37.263+0000][7][gc,heap     ] GC(318) Old regions: 25->25
[2024-02-08T22:22:37.263+0000][7][gc,heap     ] GC(318) Archive regions: 2->2
[2024-02-08T22:22:37.263+0000][7][gc,heap     ] GC(318) Humongous regions: 0->0
[2024-02-08T22:22:37.263+0000][7][gc,metaspace] GC(318) Metaspace: 128790K(132224K)->128790K(132224K) NonClass: 111942K(113728K)->111942K(113728K) Class: 16847K(18496K)->16847K(18496K)
[2024-02-08T22:22:37.263+0000][7][gc          ] GC(318) Pause Young (Normal) (G1 Evacuation Pause) 710M->102M(1024M) 3.593ms
[2024-02-08T22:22:37.263+0000][7][gc,cpu      ] GC(318) User=0.02s Sys=0.00s Real=0.00s
[2024-02-08T22:22:37.263+0000][7][safepoint   ] Safepoint "G1CollectForAllocation", Time since last: 127976591574 ns, Reaching safepoint: 61873 ns, At safepoint: 3696881 ns, Total: 3758754 ns
[2024-02-08T22:24:14.274+0000][7][safepoint   ] Safepoint "Cleanup", Time since last: 97010716014 ns, Reaching safepoint: 98370 ns, At safepoint: 48636 ns, Total: 147006 ns
[2024-02-08T22:24:26.071+0000][7][safepoint   ] Safepoint "ICBufferFull", Time since last: 11796490396 ns, Reaching safepoint: 248262 ns, At safepoint: 8927 ns, Total: 257189 ns
[2024-02-08T22:24:26.313+0000][7][safepoint   ] Safepoint "ICBufferFull", Time since last: 241968616 ns, Reaching safepoint: 166486 ns, At safepoint: 4070 ns, Total: 170556 ns
[2024-02-08T22:24:27.313+0000][7][safepoint   ] Safepoint "Cleanup", Time since last: 1000243199 ns, Reaching safepoint: 150767 ns, At safepoint: 12244 ns, Total: 163011 ns
[2024-02-08T22:24:28.313+0000][7][safepoint   ] Safepoint "Cleanup", Time since last: 1000147765 ns, Reaching safepoint: 77926 ns, At safepoint: 11137 ns, Total: 89063 ns
[2024-02-08T22:24:29.314+0000][7][safepoint   ] Safepoint "Cleanup", Time since last: 1000243385 ns, Reaching safepoint: 109136 ns, At safepoint: 12143 ns, Total: 121279 ns
[2024-02-08T22:24:31.314+0000][7][safepoint   ] Safepoint "Cleanup", Time since last: 2000394881 ns, Reaching safepoint: 54252 ns, At safepoint: 17218 ns, Total: 71470 ns
[2024-02-08T22:24:32.315+0000][7][safepoint   ] Safepoint "Cleanup", Time since last: 1000258402 ns, Reaching safepoint: 105918 ns, At safepoint: 11397 ns, Total: 117315 ns
[2024-02-08T22:24:34.315+0000][7][safepoint   ] Safepoint "Cleanup", Time since last: 2000301063 ns, Reaching safepoint: 83778 ns, At safepoint: 19172 ns, Total: 102950 ns
[2024-02-08T22:24:37.315+0000][7][safepoint   ] Safepoint "Cleanup", Time since last: 3000446591 ns, Reaching safepoint: 59097 ns, At safepoint: 6143 ns, Total: 65240 ns
[2024-02-08T22:24:38.316+0000][7][safepoint   ] Safepoint "Cleanup", Time since last: 1000220188 ns, Reaching safepoint: 87759 ns, At safepoint: 8864 ns, Total: 96623 ns
[2024-02-08T22:24:40.316+0000][7][safepoint   ] Safepoint "Cleanup", Time since last: 2000423133 ns, Reaching safepoint: 103262 ns, At safepoint: 18462 ns, Total: 121724 ns
[2024-02-08T22:24:43.317+0000][7][safepoint   ] Safepoint "Cleanup", Time since last: 3000484980 ns, Reaching safepoint: 142044 ns, At safepoint: 12405 ns, Total: 154449 ns
[2024-02-08T22:24:44.317+0000][7][safepoint   ] Safepoint "Cleanup", Time since last: 1000220911 ns, Reaching safepoint: 88772 ns, At safepoint: 9888 ns, Total: 98660 ns
[2024-02-08T22:24:45.318+0000][7][safepoint   ] Safepoint "Cleanup", Time since last: 1000154849 ns, Reaching safepoint: 85180 ns, At safepoint: 12111 ns, Total: 97291 ns
[2024-02-08T22:24:49.318+0000][7][safepoint   ] Safepoint "Cleanup", Time since last: 4000752320 ns, Reaching safepoint: 146558 ns, At safepoint: 12935 ns, Total: 159493 ns
[2024-02-08T22:24:52.319+0000][7][safepoint   ] Safepoint "Cleanup", Time since last: 3000559877 ns, Reaching safepoint: 59455 ns, At safepoint: 7045 ns, Total: 66500 ns
[2024-02-08T22:24:53.319+0000][7][safepoint   ] Safepoint "Cleanup", Time since last: 1000220036 ns, Reaching safepoint: 106025 ns, At safepoint: 14196 ns, Total: 120221 ns
[2024-02-08T22:24:56.320+0000][7][safepoint   ] Safepoint "Cleanup", Time since last: 3000345658 ns, Reaching safepoint: 91835 ns, At safepoint: 11131 ns, Total: 102966 ns
[2024-02-08T22:25:02.321+0000][7][safepoint   ] Safepoint "Cleanup", Time since last: 6001026257 ns, Reaching safepoint: 207097 ns, At safepoint: 15031 ns, Total: 222128 ns
[2024-02-08T22:25:03.321+0000][7][safepoint   ] Safepoint "Cleanup", Time since last: 1000171833 ns, Reaching safepoint: 81210 ns, At safepoint: 11068 ns, Total: 92278 ns
[2024-02-08T22:25:08.322+0000][7][safepoint   ] Safepoint "Cleanup", Time since last: 5000637809 ns, Reaching safepoint: 96876 ns, At safepoint: 11604 ns, Total: 108480 ns
[2024-02-08T22:25:29.325+0000][7][safepoint   ] Safepoint "Cleanup", Time since last: 21002763052 ns, Reaching safepoint: 106249 ns, At safepoint: 8916 ns, Total: 115165 ns
[2024-02-08T22:25:32.325+0000][7][safepoint   ] Safepoint "Cleanup", Time since last: 3000338702 ns, Reaching safepoint: 115856 ns, At safepoint: 9916 ns, Total: 125772 ns
[2024-02-08T22:25:34.326+0000][7][safepoint   ] Safepoint "Cleanup", Time since last: 2000239020 ns, Reaching safepoint: 69437 ns, At safepoint: 9901 ns, Total: 79338 ns
[2024-02-08T22:25:43.327+0000][7][safepoint   ] Safepoint "Cleanup", Time since last: 9001339488 ns, Reaching safepoint: 89906 ns, At safepoint: 6992 ns, Total: 96898 ns
[2024-02-08T22:25:47.328+0000][7][safepoint   ] Safepoint "Cleanup", Time since last: 4000516431 ns, Reaching safepoint: 112390 ns, At safepoint: 14113 ns, Total: 126503 ns
[2024-02-08T22:25:49.675+0000][7][gc,start    ] GC(319) Pause Young (Normal) (G1 Evacuation Pause)
[2024-02-08T22:25:49.675+0000][7][gc,task     ] GC(319) Using 8 workers of 8 for evacuation
[2024-02-08T22:25:49.675+0000][7][gc,age      ] GC(319) Desired survivor size 41943040 bytes, new threshold 15 (max threshold 15)
[2024-02-08T22:25:49.679+0000][7][gc,phases   ] GC(319)   Pre Evacuate Collection Set: 0.1ms
[2024-02-08T22:25:49.679+0000][7][gc,phases   ] GC(319)   Merge Heap Roots: 0.1ms
[2024-02-08T22:25:49.679+0000][7][gc,phases   ] GC(319)   Evacuate Collection Set: 2.7ms
[2024-02-08T22:25:49.679+0000][7][gc,phases   ] GC(319)   Post Evacuate Collection Set: 0.8ms
[2024-02-08T22:25:49.679+0000][7][gc,phases   ] GC(319)   Other: 0.1ms
[2024-02-08T22:25:49.679+0000][7][gc,age      ] GC(319) Age table with threshold 15 (max threshold 15)
[2024-02-08T22:25:49.679+0000][7][gc,age      ] GC(319) - age   1:    2761496 bytes,    2761496 total
[2024-02-08T22:25:49.679+0000][7][gc,age      ] GC(319) - age   2:     186968 bytes,    2948464 total
[2024-02-08T22:25:49.679+0000][7][gc,age      ] GC(319) - age   3:       3592 bytes,    2952056 total
[2024-02-08T22:25:49.679+0000][7][gc,age      ] GC(319) - age   4:     280456 bytes,    3232512 total
[2024-02-08T22:25:49.679+0000][7][gc,age      ] GC(319) - age   5:     103336 bytes,    3335848 total
[2024-02-08T22:25:49.679+0000][7][gc,age      ] GC(319) - age   6:        208 bytes,    3336056 total
[2024-02-08T22:25:49.679+0000][7][gc,age      ] GC(319) - age   7:        184 bytes,    3336240 total
[2024-02-08T22:25:49.679+0000][7][gc,age      ] GC(319) - age  10:        176 bytes,    3336416 total
[2024-02-08T22:25:49.679+0000][7][gc,age      ] GC(319) - age  11:       2320 bytes,    3338736 total
[2024-02-08T22:25:49.679+0000][7][gc,age      ] GC(319) - age  12:         32 bytes,    3338768 total
[2024-02-08T22:25:49.679+0000][7][gc,age      ] GC(319) - age  14:     157600 bytes,    3496368 total
[2024-02-08T22:25:49.679+0000][7][gc,age      ] GC(319) - age  15:     163208 bytes,    3659576 total
[2024-02-08T22:25:49.679+0000][7][gc,heap     ] GC(319) Eden regions: 152->0(152)
[2024-02-08T22:25:49.679+0000][7][gc,heap     ] GC(319) Survivor regions: 1->1(20)
[2024-02-08T22:25:49.679+0000][7][gc,heap     ] GC(319) Old regions: 25->25
[2024-02-08T22:25:49.679+0000][7][gc,heap     ] GC(319) Archive regions: 2->2
[2024-02-08T22:25:49.679+0000][7][gc,heap     ] GC(319) Humongous regions: 0->0
[2024-02-08T22:25:49.679+0000][7][gc,metaspace] GC(319) Metaspace: 129330K(132928K)->129330K(132928K) NonClass: 112402K(114304K)->112402K(114304K) Class: 16927K(18624K)->16927K(18624K)
[2024-02-08T22:25:49.679+0000][7][gc          ] GC(319) Pause Young (Normal) (G1 Evacuation Pause) 710M->104M(1024M) 4.186ms
[2024-02-08T22:25:49.679+0000][7][gc,cpu      ] GC(319) User=0.03s Sys=0.00s Real=0.01s
[2024-02-08T22:25:49.679+0000][7][safepoint   ] Safepoint "G1CollectForAllocation", Time since last: 2347160385 ns, Reaching safepoint: 80032 ns, At safepoint: 4289601 ns, Total: 4369633 ns
[2024-02-08T22:25:57.681+0000][7][safepoint   ] Safepoint "Cleanup", Time since last: 8001485084 ns, Reaching safepoint: 83819 ns, At safepoint: 49541 ns, Total: 133360 ns
[2024-02-08T22:26:13.684+0000][7][safepoint   ] Safepoint "Cleanup", Time since last: 16002412594 ns, Reaching safepoint: 144777 ns, At safepoint: 13393 ns, Total: 158170 ns
[2024-02-08T22:26:44.688+0000][7][safepoint   ] Safepoint "Cleanup", Time since last: 31004323969 ns, Reaching safepoint: 101145 ns, At safepoint: 42788 ns, Total: 143933 ns
[2024-02-08T22:26:55.690+0000][7][safepoint   ] Safepoint "Cleanup", Time since last: 11001663261 ns, Reaching safepoint: 98345 ns, At safepoint: 9112 ns, Total: 107457 ns
[2024-02-08T22:26:56.690+0000][7][safepoint   ] Safepoint "Cleanup", Time since last: 1000301016 ns, Reaching safepoint: 91237 ns, At safepoint: 12048 ns, Total: 103285 ns
[2024-02-08T22:27:01.691+0000][7][safepoint   ] Safepoint "Cleanup", Time since last: 5000922971 ns, Reaching safepoint: 129919 ns, At safepoint: 13034 ns, Total: 142953 ns
[2024-02-08T22:27:07.692+0000][7][safepoint   ] Safepoint "Cleanup", Time since last: 6000768816 ns, Reaching safepoint: 113298 ns, At safepoint: 10418 ns, Total: 123716 ns
[2024-02-08T22:27:16.694+0000][7][safepoint   ] Safepoint "Cleanup", Time since last: 9001234198 ns, Reaching safepoint: 128810 ns, At safepoint: 8667 ns, Total: 137477 ns
[2024-02-08T22:27:17.694+0000][7][safepoint   ] Safepoint "Cleanup", Time since last: 1000255880 ns, Reaching safepoint: 92416 ns, At safepoint: 8534 ns, Total: 100950 ns
[2024-02-08T22:27:19.694+0000][7][safepoint   ] Safepoint "Cleanup", Time since last: 2000360066 ns, Reaching safepoint: 127988 ns, At safepoint: 12768 ns, Total: 140756 ns
[2024-02-08T22:28:01.701+0000][7][safepoint   ] Safepoint "Cleanup", Time since last: 42006605359 ns, Reaching safepoint: 70994 ns, At safepoint: 8973 ns, Total: 79967 ns
[2024-02-08T22:28:31.706+0000][7][safepoint   ] Safepoint "Cleanup", Time since last: 30004687230 ns, Reaching safepoint: 98623 ns, At safepoint: 14832 ns, Total: 113455 ns
[2024-02-08T22:28:33.706+0000][7][safepoint   ] Safepoint "Cleanup", Time since last: 2000476469 ns, Reaching safepoint: 81208 ns, At safepoint: 8996 ns, Total: 90204 ns
[2024-02-08T22:28:55.709+0000][7][safepoint   ] Safepoint "Cleanup", Time since last: 22002610833 ns, Reaching safepoint: 198442 ns, At safepoint: 46814 ns, Total: 245256 ns
[2024-02-08T22:29:31.301+0000][7][gc,start    ] GC(320) Pause Young (Normal) (G1 Evacuation Pause)
[2024-02-08T22:29:31.301+0000][7][gc,task     ] GC(320) Using 8 workers of 8 for evacuation
[2024-02-08T22:29:31.301+0000][7][gc,age      ] GC(320) Desired survivor size 41943040 bytes, new threshold 15 (max threshold 15)
[2024-02-08T22:29:31.305+0000][7][gc,phases   ] GC(320)   Pre Evacuate Collection Set: 0.1ms
[2024-02-08T22:29:31.305+0000][7][gc,phases   ] GC(320)   Merge Heap Roots: 0.1ms
[2024-02-08T22:29:31.305+0000][7][gc,phases   ] GC(320)   Evacuate Collection Set: 2.4ms
[2024-02-08T22:29:31.305+0000][7][gc,phases   ] GC(320)   Post Evacuate Collection Set: 0.9ms
[2024-02-08T22:29:31.305+0000][7][gc,phases   ] GC(320)   Other: 0.1ms
[2024-02-08T22:29:31.305+0000][7][gc,age      ] GC(320) Age table with threshold 15 (max threshold 15)
[2024-02-08T22:29:31.305+0000][7][gc,age      ] GC(320) - age   1:    1079984 bytes,    1079984 total
[2024-02-08T22:29:31.305+0000][7][gc,age      ] GC(320) - age   2:    1059384 bytes,    2139368 total
[2024-02-08T22:29:31.305+0000][7][gc,age      ] GC(320) - age   3:     184568 bytes,    2323936 total
[2024-02-08T22:29:31.305+0000][7][gc,age      ] GC(320) - age   4:        392 bytes,    2324328 total
[2024-02-08T22:29:31.305+0000][7][gc,age      ] GC(320) - age   5:     280424 bytes,    2604752 total
[2024-02-08T22:29:31.305+0000][7][gc,age      ] GC(320) - age   6:     103336 bytes,    2708088 total
[2024-02-08T22:29:31.305+0000][7][gc,age      ] GC(320) - age   7:        208 bytes,    2708296 total
[2024-02-08T22:29:31.305+0000][7][gc,age      ] GC(320) - age   8:        184 bytes,    2708480 total
[2024-02-08T22:29:31.305+0000][7][gc,age      ] GC(320) - age  11:        176 bytes,    2708656 total
[2024-02-08T22:29:31.305+0000][7][gc,age      ] GC(320) - age  12:       2320 bytes,    2710976 total
[2024-02-08T22:29:31.305+0000][7][gc,age      ] GC(320) - age  13:         32 bytes,    2711008 total
[2024-02-08T22:29:31.305+0000][7][gc,age      ] GC(320) - age  15:     157600 bytes,    2868608 total
[2024-02-08T22:29:31.305+0000][7][gc,heap     ] GC(320) Eden regions: 152->0(152)
[2024-02-08T22:29:31.305+0000][7][gc,heap     ] GC(320) Survivor regions: 1->1(20)
[2024-02-08T22:29:31.305+0000][7][gc,heap     ] GC(320) Old regions: 25->25
[2024-02-08T22:29:31.305+0000][7][gc,heap     ] GC(320) Archive regions: 2->2
[2024-02-08T22:29:31.305+0000][7][gc,heap     ] GC(320) Humongous regions: 0->0
[2024-02-08T22:29:31.305+0000][7][gc,metaspace] GC(320) Metaspace: 129330K(132928K)->129330K(132928K) NonClass: 112402K(114304K)->112402K(114304K) Class: 16927K(18624K)->16927K(18624K)
[2024-02-08T22:29:31.305+0000][7][gc          ] GC(320) Pause Young (Normal) (G1 Evacuation Pause) 712M->103M(1024M) 3.969ms
[2024-02-08T22:29:31.305+0000][7][gc,cpu      ] GC(320) User=0.02s Sys=0.00s Real=0.01s
[2024-02-08T22:29:31.305+0000][7][safepoint   ] Safepoint "G1CollectForAllocation", Time since last: 35591904575 ns, Reaching safepoint: 70698 ns, At safepoint: 4073666 ns, Total: 4144364 ns
[2024-02-08T22:29:44.307+0000][7][safepoint   ] Safepoint "Cleanup", Time since last: 13001889602 ns, Reaching safepoint: 102604 ns, At safepoint: 9221 ns, Total: 111825 ns
[2024-02-08T22:30:09.311+0000][7][safepoint   ] Safepoint "Cleanup", Time since last: 25003263439 ns, Reaching safepoint: 98690 ns, At safepoint: 14926 ns, Total: 113616 ns
[2024-02-08T22:30:56.316+0000][7][safepoint   ] Safepoint "Cleanup", Time since last: 47005366712 ns, Reaching safepoint: 68841 ns, At safepoint: 6948 ns, Total: 75789 ns
[2024-02-08T22:30:59.317+0000][7][safepoint   ] Safepoint "Cleanup", Time since last: 3000511967 ns, Reaching safepoint: 385149 ns, At safepoint: 12648 ns, Total: 397797 ns
[2024-02-08T22:31:02.318+0000][7][safepoint   ] Safepoint "Cleanup", Time since last: 3000327616 ns, Reaching safepoint: 81739 ns, At safepoint: 6758 ns, Total: 88497 ns
[2024-02-08T22:31:04.318+0000][7][safepoint   ] Safepoint "Cleanup", Time since last: 2000346283 ns, Reaching safepoint: 107535 ns, At safepoint: 11490 ns, Total: 119025 ns
[2024-02-08T22:31:15.319+0000][7][safepoint   ] Safepoint "Cleanup", Time since last: 11001299000 ns, Reaching safepoint: 77106 ns, At safepoint: 41656 ns, Total: 118762 ns
[2024-02-08T22:31:28.321+0000][7][safepoint   ] Safepoint "Cleanup", Time since last: 13001404605 ns, Reaching safepoint: 57081 ns, At safepoint: 8296 ns, Total: 65377 ns
[2024-02-08T22:31:46.323+0000][7][safepoint   ] Safepoint "Cleanup", Time since last: 18001671273 ns, Reaching safepoint: 67757 ns, At safepoint: 6571 ns, Total: 74328 ns
[2024-02-08T22:32:13.393+0000][7][safepoint   ] Safepoint "Cleanup", Time since last: 27070479563 ns, Reaching safepoint: 47422 ns, At safepoint: 3920 ns, Total: 51342 ns
[2024-02-08T22:32:14.717+0000][7][safepoint   ] Safepoint "Cleanup", Time since last: 1323820014 ns, Reaching safepoint: 110657 ns, At safepoint: 8163 ns, Total: 118820 ns
[2024-02-08T22:32:19.718+0000][7][safepoint   ] Safepoint "Cleanup", Time since last: 5000544450 ns, Reaching safepoint: 97668 ns, At safepoint: 7752 ns, Total: 105420 ns
[2024-02-08T22:32:37.720+0000][7][safepoint   ] Safepoint "Cleanup", Time since last: 18002388119 ns, Reaching safepoint: 85543 ns, At safepoint: 9814 ns, Total: 95357 ns
[2024-02-08T22:32:52.722+0000][7][safepoint   ] Safepoint "Cleanup", Time since last: 15001581057 ns, Reaching safepoint: 91382 ns, At safepoint: 6600 ns, Total: 97982 ns
[2024-02-08T22:32:58.784+0000][7][gc,start    ] GC(321) Pause Young (Normal) (G1 Evacuation Pause)
[2024-02-08T22:32:58.784+0000][7][gc,task     ] GC(321) Using 8 workers of 8 for evacuation
[2024-02-08T22:32:58.784+0000][7][gc,age      ] GC(321) Desired survivor size 41943040 bytes, new threshold 15 (max threshold 15)
[2024-02-08T22:32:58.788+0000][7][gc,phases   ] GC(321)   Pre Evacuate Collection Set: 0.1ms
[2024-02-08T22:32:58.788+0000][7][gc,phases   ] GC(321)   Merge Heap Roots: 0.1ms
[2024-02-08T22:32:58.788+0000][7][gc,phases   ] GC(321)   Evacuate Collection Set: 2.2ms
[2024-02-08T22:32:58.788+0000][7][gc,phases   ] GC(321)   Post Evacuate Collection Set: 1.2ms
[2024-02-08T22:32:58.788+0000][7][gc,phases   ] GC(321)   Other: 0.1ms
[2024-02-08T22:32:58.788+0000][7][gc,age      ] GC(321) Age table with threshold 15 (max threshold 15)
[2024-02-08T22:32:58.788+0000][7][gc,age      ] GC(321) - age   1:    2079088 bytes,    2079088 total
[2024-02-08T22:32:58.788+0000][7][gc,age      ] GC(321) - age   2:      27432 bytes,    2106520 total
[2024-02-08T22:32:58.788+0000][7][gc,age      ] GC(321) - age   3:     970344 bytes,    3076864 total
[2024-02-08T22:32:58.788+0000][7][gc,age      ] GC(321) - age   4:     184376 bytes,    3261240 total
[2024-02-08T22:32:58.788+0000][7][gc,age      ] GC(321) - age   5:        392 bytes,    3261632 total
[2024-02-08T22:32:58.788+0000][7][gc,age      ] GC(321) - age   6:     248088 bytes,    3509720 total
[2024-02-08T22:32:58.788+0000][7][gc,age      ] GC(321) - age   7:     103304 bytes,    3613024 total
[2024-02-08T22:32:58.788+0000][7][gc,age      ] GC(321) - age   8:        208 bytes,    3613232 total
[2024-02-08T22:32:58.788+0000][7][gc,age      ] GC(321) - age   9:        184 bytes,    3613416 total
[2024-02-08T22:32:58.788+0000][7][gc,age      ] GC(321) - age  12:        176 bytes,    3613592 total
[2024-02-08T22:32:58.788+0000][7][gc,age      ] GC(321) - age  13:       2320 bytes,    3615912 total
[2024-02-08T22:32:58.788+0000][7][gc,age      ] GC(321) - age  14:         32 bytes,    3615944 total
[2024-02-08T22:32:58.788+0000][7][gc,heap     ] GC(321) Eden regions: 152->0(152)
[2024-02-08T22:32:58.788+0000][7][gc,heap     ] GC(321) Survivor regions: 1->1(20)
[2024-02-08T22:32:58.788+0000][7][gc,heap     ] GC(321) Old regions: 25->25
[2024-02-08T22:32:58.788+0000][7][gc,heap     ] GC(321) Archive regions: 2->2
[2024-02-08T22:32:58.788+0000][7][gc,heap     ] GC(321) Humongous regions: 0->0
[2024-02-08T22:32:58.788+0000][7][gc,metaspace] GC(321) Metaspace: 129427K(132992K)->129427K(132992K) NonClass: 112484K(114368K)->112484K(114368K) Class: 16943K(18624K)->16943K(18624K)
[2024-02-08T22:32:58.788+0000][7][gc          ] GC(321) Pause Young (Normal) (G1 Evacuation Pause) 711M->104M(1024M) 3.895ms
[2024-02-08T22:32:58.788+0000][7][gc,cpu      ] GC(321) User=0.02s Sys=0.00s Real=0.01s
[2024-02-08T22:32:58.788+0000][7][safepoint   ] Safepoint "G1CollectForAllocation", Time since last: 6062405002 ns, Reaching safepoint: 46569 ns, At safepoint: 3988254 ns, Total: 4034823 ns
[2024-02-08T22:32:59.788+0000][7][safepoint   ] Safepoint "Cleanup", Time since last: 1000088189 ns, Reaching safepoint: 46893 ns, At safepoint: 11922 ns, Total: 58815 ns
[2024-02-08T22:33:05.789+0000][7][safepoint   ] Safepoint "Cleanup", Time since last: 6000515143 ns, Reaching safepoint: 68108 ns, At safepoint: 6793 ns, Total: 74901 ns
[2024-02-08T22:33:14.790+0000][7][safepoint   ] Safepoint "Cleanup", Time since last: 9001088144 ns, Reaching safepoint: 75608 ns, At safepoint: 11228 ns, Total: 86836 ns
[2024-02-08T22:33:16.791+0000][7][safepoint   ] Safepoint "Cleanup", Time since last: 2000249012 ns, Reaching safepoint: 70205 ns, At safepoint: 6119 ns, Total: 76324 ns
[2024-02-08T22:35:55.348+0000][7][gc,start    ] GC(322) Pause Young (Normal) (G1 Evacuation Pause)
[2024-02-08T22:35:55.348+0000][7][gc,task     ] GC(322) Using 8 workers of 8 for evacuation
[2024-02-08T22:35:55.348+0000][7][gc,age      ] GC(322) Desired survivor size 41943040 bytes, new threshold 15 (max threshold 15)
[2024-02-08T22:35:55.351+0000][7][gc,phases   ] GC(322)   Pre Evacuate Collection Set: 0.1ms
[2024-02-08T22:35:55.351+0000][7][gc,phases   ] GC(322)   Merge Heap Roots: 0.1ms
[2024-02-08T22:35:55.351+0000][7][gc,phases   ] GC(322)   Evacuate Collection Set: 1.9ms
[2024-02-08T22:35:55.351+0000][7][gc,phases   ] GC(322)   Post Evacuate Collection Set: 0.8ms
[2024-02-08T22:35:55.351+0000][7][gc,phases   ] GC(322)   Other: 0.1ms
[2024-02-08T22:35:55.351+0000][7][gc,age      ] GC(322) Age table with threshold 15 (max threshold 15)
[2024-02-08T22:35:55.351+0000][7][gc,age      ] GC(322) - age   1:     642928 bytes,     642928 total
[2024-02-08T22:35:55.351+0000][7][gc,age      ] GC(322) - age   2:     367832 bytes,    1010760 total
[2024-02-08T22:35:55.351+0000][7][gc,age      ] GC(322) - age   3:      23752 bytes,    1034512 total
[2024-02-08T22:35:55.351+0000][7][gc,age      ] GC(322) - age   4:     969376 bytes,    2003888 total
[2024-02-08T22:35:55.351+0000][7][gc,age      ] GC(322) - age   5:     184376 bytes,    2188264 total
[2024-02-08T22:35:55.351+0000][7][gc,age      ] GC(322) - age   6:        392 bytes,    2188656 total
[2024-02-08T22:35:55.351+0000][7][gc,age      ] GC(322) - age   7:     248088 bytes,    2436744 total
[2024-02-08T22:35:55.351+0000][7][gc,age      ] GC(322) - age   8:     103304 bytes,    2540048 total
[2024-02-08T22:35:55.351+0000][7][gc,age      ] GC(322) - age   9:        208 bytes,    2540256 total
[2024-02-08T22:35:55.351+0000][7][gc,age      ] GC(322) - age  10:        184 bytes,    2540440 total
[2024-02-08T22:35:55.351+0000][7][gc,age      ] GC(322) - age  13:        176 bytes,    2540616 total
[2024-02-08T22:35:55.351+0000][7][gc,age      ] GC(322) - age  14:       2320 bytes,    2542936 total
[2024-02-08T22:35:55.351+0000][7][gc,age      ] GC(322) - age  15:         32 bytes,    2542968 total
[2024-02-08T22:35:55.351+0000][7][gc,heap     ] GC(322) Eden regions: 152->0(152)
[2024-02-08T22:35:55.351+0000][7][gc,heap     ] GC(322) Survivor regions: 1->1(20)
[2024-02-08T22:35:55.351+0000][7][gc,heap     ] GC(322) Old regions: 25->25
[2024-02-08T22:35:55.351+0000][7][gc,heap     ] GC(322) Archive regions: 2->2
[2024-02-08T22:35:55.351+0000][7][gc,heap     ] GC(322) Humongous regions: 0->0
[2024-02-08T22:35:55.351+0000][7][gc,metaspace] GC(322) Metaspace: 129427K(132992K)->129427K(132992K) NonClass: 112484K(114368K)->112484K(114368K) Class: 16943K(18624K)->16943K(18624K)
[2024-02-08T22:35:55.351+0000][7][gc          ] GC(322) Pause Young (Normal) (G1 Evacuation Pause) 712M->103M(1024M) 3.213ms
[2024-02-08T22:35:55.351+0000][7][gc,cpu      ] GC(322) User=0.02s Sys=0.00s Real=0.00s
[2024-02-08T22:35:55.351+0000][7][safepoint   ] Safepoint "G1CollectForAllocation", Time since last: 158557056012 ns, Reaching safepoint: 56871 ns, At safepoint: 3303161 ns, Total: 3360032 ns
[2024-02-08T22:35:59.352+0000][7][safepoint   ] Safepoint "Cleanup", Time since last: 4000602978 ns, Reaching safepoint: 73350 ns, At safepoint: 9151 ns, Total: 82501 ns
[2024-02-08T22:36:33.355+0000][7][safepoint   ] Safepoint "Cleanup", Time since last: 34003552725 ns, Reaching safepoint: 162398 ns, At safepoint: 57378 ns, Total: 219776 ns
[2024-02-08T22:36:56.358+0000][7][safepoint   ] Safepoint "Cleanup", Time since last: 23002381010 ns, Reaching safepoint: 46348 ns, At safepoint: 7196 ns, Total: 53544 ns
[2024-02-08T22:37:02.359+0000][7][safepoint   ] Safepoint "Cleanup", Time since last: 6000667895 ns, Reaching safepoint: 96096 ns, At safepoint: 7357 ns, Total: 103453 ns
[2024-02-08T22:39:31.851+0000][7][gc,start    ] GC(323) Pause Young (Normal) (G1 Evacuation Pause)
[2024-02-08T22:39:31.852+0000][7][gc,task     ] GC(323) Using 8 workers of 8 for evacuation
[2024-02-08T22:39:31.852+0000][7][gc,age      ] GC(323) Desired survivor size 41943040 bytes, new threshold 15 (max threshold 15)
[2024-02-08T22:39:31.855+0000][7][gc,phases   ] GC(323)   Pre Evacuate Collection Set: 0.1ms
[2024-02-08T22:39:31.855+0000][7][gc,phases   ] GC(323)   Merge Heap Roots: 0.1ms
[2024-02-08T22:39:31.855+0000][7][gc,phases   ] GC(323)   Evacuate Collection Set: 2.6ms
[2024-02-08T22:39:31.855+0000][7][gc,phases   ] GC(323)   Post Evacuate Collection Set: 0.9ms
[2024-02-08T22:39:31.855+0000][7][gc,phases   ] GC(323)   Other: 0.1ms
[2024-02-08T22:39:31.855+0000][7][gc,age      ] GC(323) Age table with threshold 15 (max threshold 15)
[2024-02-08T22:39:31.855+0000][7][gc,age      ] GC(323) - age   1:    1272768 bytes,    1272768 total
[2024-02-08T22:39:31.855+0000][7][gc,age      ] GC(323) - age   2:       2376 bytes,    1275144 total
[2024-02-08T22:39:31.855+0000][7][gc,age      ] GC(323) - age   3:     132888 bytes,    1408032 total
[2024-02-08T22:39:31.855+0000][7][gc,age      ] GC(323) - age   4:      10024 bytes,    1418056 total
[2024-02-08T22:39:31.855+0000][7][gc,age      ] GC(323) - age   5:     960584 bytes,    2378640 total
[2024-02-08T22:39:31.855+0000][7][gc,age      ] GC(323) - age   6:     184376 bytes,    2563016 total
[2024-02-08T22:39:31.855+0000][7][gc,age      ] GC(323) - age   7:        392 bytes,    2563408 total
[2024-02-08T22:39:31.855+0000][7][gc,age      ] GC(323) - age   8:     248088 bytes,    2811496 total
[2024-02-08T22:39:31.855+0000][7][gc,age      ] GC(323) - age   9:     103304 bytes,    2914800 total
[2024-02-08T22:39:31.855+0000][7][gc,age      ] GC(323) - age  10:        208 bytes,    2915008 total
[2024-02-08T22:39:31.856+0000][7][gc,age      ] GC(323) - age  14:        176 bytes,    2915184 total
[2024-02-08T22:39:31.856+0000][7][gc,age      ] GC(323) - age  15:       2320 bytes,    2917504 total
[2024-02-08T22:39:31.856+0000][7][gc,heap     ] GC(323) Eden regions: 152->0(152)
[2024-02-08T22:39:31.856+0000][7][gc,heap     ] GC(323) Survivor regions: 1->1(20)
[2024-02-08T22:39:31.856+0000][7][gc,heap     ] GC(323) Old regions: 25->25
[2024-02-08T22:39:31.856+0000][7][gc,heap     ] GC(323) Archive regions: 2->2
[2024-02-08T22:39:31.856+0000][7][gc,heap     ] GC(323) Humongous regions: 0->0
[2024-02-08T22:39:31.856+0000][7][gc,metaspace] GC(323) Metaspace: 129427K(132992K)->129427K(132992K) NonClass: 112484K(114368K)->112484K(114368K) Class: 16943K(18624K)->16943K(18624K)
[2024-02-08T22:39:31.856+0000][7][gc          ] GC(323) Pause Young (Normal) (G1 Evacuation Pause) 711M->103M(1024M) 4.106ms
[2024-02-08T22:39:31.856+0000][7][gc,cpu      ] GC(323) User=0.02s Sys=0.00s Real=0.00s
[2024-02-08T22:39:31.856+0000][7][safepoint   ] Safepoint "G1CollectForAllocation", Time since last: 149492699078 ns, Reaching safepoint: 96982 ns, At safepoint: 4203446 ns, Total: 4300428 ns
[2024-02-08T22:40:57.866+0000][7][safepoint   ] Safepoint "Cleanup", Time since last: 86010029986 ns, Reaching safepoint: 53437 ns, At safepoint: 4890 ns, Total: 58327 ns
[2024-02-08T22:40:58.866+0000][7][safepoint   ] Safepoint "Cleanup", Time since last: 1000119957 ns, Reaching safepoint: 56330 ns, At safepoint: 4426 ns, Total: 60756 ns
[2024-02-08T22:42:25.877+0000][7][safepoint   ] Safepoint "Cleanup", Time since last: 87010818512 ns, Reaching safepoint: 74383 ns, At safepoint: 36637 ns, Total: 111020 ns
[2024-02-08T22:43:04.316+0000][7][gc,start    ] GC(324) Pause Young (Normal) (G1 Evacuation Pause)
[2024-02-08T22:43:04.316+0000][7][gc,task     ] GC(324) Using 8 workers of 8 for evacuation
[2024-02-08T22:43:04.316+0000][7][gc,age      ] GC(324) Desired survivor size 41943040 bytes, new threshold 15 (max threshold 15)
[2024-02-08T22:43:04.318+0000][7][gc,phases   ] GC(324)   Pre Evacuate Collection Set: 0.1ms
[2024-02-08T22:43:04.318+0000][7][gc,phases   ] GC(324)   Merge Heap Roots: 0.0ms
[2024-02-08T22:43:04.318+0000][7][gc,phases   ] GC(324)   Evacuate Collection Set: 1.4ms
[2024-02-08T22:43:04.318+0000][7][gc,phases   ] GC(324)   Post Evacuate Collection Set: 0.6ms
[2024-02-08T22:43:04.318+0000][7][gc,phases   ] GC(324)   Other: 0.1ms
[2024-02-08T22:43:04.318+0000][7][gc,age      ] GC(324) Age table with threshold 15 (max threshold 15)
[2024-02-08T22:43:04.318+0000][7][gc,age      ] GC(324) - age   1:     401528 bytes,     401528 total
[2024-02-08T22:43:04.318+0000][7][gc,age      ] GC(324) - age   2:      54080 bytes,     455608 total
[2024-02-08T22:43:04.318+0000][7][gc,age      ] GC(324) - age   3:       1320 bytes,     456928 total
[2024-02-08T22:43:04.318+0000][7][gc,age      ] GC(324) - age   4:     131864 bytes,     588792 total
[2024-02-08T22:43:04.318+0000][7][gc,age      ] GC(324) - age   5:      10024 bytes,     598816 total
[2024-02-08T22:43:04.318+0000][7][gc,age      ] GC(324) - age   6:     935456 bytes,    1534272 total
[2024-02-08T22:43:04.318+0000][7][gc,age      ] GC(324) - age   7:     184376 bytes,    1718648 total
[2024-02-08T22:43:04.318+0000][7][gc,age      ] GC(324) - age   8:        392 bytes,    1719040 total
[2024-02-08T22:43:04.318+0000][7][gc,age      ] GC(324) - age   9:     247904 bytes,    1966944 total
[2024-02-08T22:43:04.318+0000][7][gc,age      ] GC(324) - age  10:     103304 bytes,    2070248 total
[2024-02-08T22:43:04.318+0000][7][gc,age      ] GC(324) - age  11:        208 bytes,    2070456 total
[2024-02-08T22:43:04.318+0000][7][gc,age      ] GC(324) - age  15:        176 bytes,    2070632 total
[2024-02-08T22:43:04.318+0000][7][gc,heap     ] GC(324) Eden regions: 152->0(152)
[2024-02-08T22:43:04.318+0000][7][gc,heap     ] GC(324) Survivor regions: 1->1(20)
[2024-02-08T22:43:04.318+0000][7][gc,heap     ] GC(324) Old regions: 25->25
[2024-02-08T22:43:04.318+0000][7][gc,heap     ] GC(324) Archive regions: 2->2
[2024-02-08T22:43:04.318+0000][7][gc,heap     ] GC(324) Humongous regions: 0->0
[2024-02-08T22:43:04.318+0000][7][gc,metaspace] GC(324) Metaspace: 129431K(132992K)->129431K(132992K) NonClass: 112488K(114368K)->112488K(114368K) Class: 16943K(18624K)->16943K(18624K)
[2024-02-08T22:43:04.318+0000][7][gc          ] GC(324) Pause Young (Normal) (G1 Evacuation Pause) 711M->103M(1024M) 2.442ms
[2024-02-08T22:43:04.318+0000][7][gc,cpu      ] GC(324) User=0.01s Sys=0.00s Real=0.01s
[2024-02-08T22:43:04.318+0000][7][safepoint   ] Safepoint "G1CollectForAllocation", Time since last: 38439035109 ns, Reaching safepoint: 50840 ns, At safepoint: 2517238 ns, Total: 2568078 ns
[2024-02-08T22:43:47.323+0000][7][safepoint   ] Safepoint "Cleanup", Time since last: 43004733900 ns, Reaching safepoint: 61129 ns, At safepoint: 14714 ns, Total: 75843 ns
[2024-02-08T22:46:34.338+0000][7][gc,start    ] GC(325) Pause Young (Normal) (G1 Evacuation Pause)
[2024-02-08T22:46:34.338+0000][7][gc,task     ] GC(325) Using 8 workers of 8 for evacuation
[2024-02-08T22:46:34.338+0000][7][gc,age      ] GC(325) Desired survivor size 41943040 bytes, new threshold 15 (max threshold 15)
[2024-02-08T22:46:34.342+0000][7][gc,phases   ] GC(325)   Pre Evacuate Collection Set: 0.2ms
[2024-02-08T22:46:34.342+0000][7][gc,phases   ] GC(325)   Merge Heap Roots: 0.1ms
[2024-02-08T22:46:34.342+0000][7][gc,phases   ] GC(325)   Evacuate Collection Set: 2.9ms
[2024-02-08T22:46:34.342+0000][7][gc,phases   ] GC(325)   Post Evacuate Collection Set: 0.6ms
[2024-02-08T22:46:34.342+0000][7][gc,phases   ] GC(325)   Other: 0.1ms
[2024-02-08T22:46:34.342+0000][7][gc,age      ] GC(325) Age table with threshold 15 (max threshold 15)
[2024-02-08T22:46:34.342+0000][7][gc,age      ] GC(325) - age   1:    1331824 bytes,    1331824 total
[2024-02-08T22:46:34.342+0000][7][gc,age      ] GC(325) - age   2:      10528 bytes,    1342352 total
[2024-02-08T22:46:34.342+0000][7][gc,age      ] GC(325) - age   3:      51776 bytes,    1394128 total
[2024-02-08T22:46:34.342+0000][7][gc,age      ] GC(325) - age   4:        560 bytes,    1394688 total
[2024-02-08T22:46:34.342+0000][7][gc,age      ] GC(325) - age   5:     131864 bytes,    1526552 total
[2024-02-08T22:46:34.342+0000][7][gc,age      ] GC(325) - age   6:      10024 bytes,    1536576 total
[2024-02-08T22:46:34.342+0000][7][gc,age      ] GC(325) - age   7:     935072 bytes,    2471648 total
[2024-02-08T22:46:34.342+0000][7][gc,age      ] GC(325) - age   8:     184376 bytes,    2656024 total
[2024-02-08T22:46:34.342+0000][7][gc,age      ] GC(325) - age   9:        392 bytes,    2656416 total
[2024-02-08T22:46:34.342+0000][7][gc,age      ] GC(325) - age  10:     247904 bytes,    2904320 total
[2024-02-08T22:46:34.342+0000][7][gc,age      ] GC(325) - age  11:     103304 bytes,    3007624 total
[2024-02-08T22:46:34.342+0000][7][gc,age      ] GC(325) - age  12:        208 bytes,    3007832 total
[2024-02-08T22:46:34.342+0000][7][gc,heap     ] GC(325) Eden regions: 152->0(152)
[2024-02-08T22:46:34.342+0000][7][gc,heap     ] GC(325) Survivor regions: 1->1(20)
[2024-02-08T22:46:34.342+0000][7][gc,heap     ] GC(325) Old regions: 25->25
[2024-02-08T22:46:34.342+0000][7][gc,heap     ] GC(325) Archive regions: 2->2
[2024-02-08T22:46:34.342+0000][7][gc,heap     ] GC(325) Humongous regions: 0->0
[2024-02-08T22:46:34.342+0000][7][gc,metaspace] GC(325) Metaspace: 129431K(132992K)->129431K(132992K) NonClass: 112488K(114368K)->112488K(114368K) Class: 16943K(18624K)->16943K(18624K)
[2024-02-08T22:46:34.342+0000][7][gc          ] GC(325) Pause Young (Normal) (G1 Evacuation Pause) 711M->103M(1024M) 4.060ms
[2024-02-08T22:46:34.342+0000][7][gc,cpu      ] GC(325) User=0.01s Sys=0.00s Real=0.00s
[2024-02-08T22:46:34.342+0000][7][safepoint   ] Safepoint "G1CollectForAllocation", Time since last: 167014187617 ns, Reaching safepoint: 99331 ns, At safepoint: 4187205 ns, Total: 4286536 ns
[2024-02-08T22:50:02.308+0000][7][gc,start    ] GC(326) Pause Young (Normal) (G1 Evacuation Pause)
[2024-02-08T22:50:02.308+0000][7][gc,task     ] GC(326) Using 8 workers of 8 for evacuation
[2024-02-08T22:50:02.308+0000][7][gc,age      ] GC(326) Desired survivor size 41943040 bytes, new threshold 15 (max threshold 15)
[2024-02-08T22:50:02.310+0000][7][gc,phases   ] GC(326)   Pre Evacuate Collection Set: 0.1ms
[2024-02-08T22:50:02.310+0000][7][gc,phases   ] GC(326)   Merge Heap Roots: 0.1ms
[2024-02-08T22:50:02.310+0000][7][gc,phases   ] GC(326)   Evacuate Collection Set: 1.5ms
[2024-02-08T22:50:02.310+0000][7][gc,phases   ] GC(326)   Post Evacuate Collection Set: 0.6ms
[2024-02-08T22:50:02.310+0000][7][gc,phases   ] GC(326)   Other: 0.1ms
[2024-02-08T22:50:02.310+0000][7][gc,age      ] GC(326) Age table with threshold 15 (max threshold 15)
[2024-02-08T22:50:02.310+0000][7][gc,age      ] GC(326) - age   1:     715816 bytes,     715816 total
[2024-02-08T22:50:02.310+0000][7][gc,age      ] GC(326) - age   2:       4016 bytes,     719832 total
[2024-02-08T22:50:02.310+0000][7][gc,age      ] GC(326) - age   3:       1448 bytes,     721280 total
[2024-02-08T22:50:02.310+0000][7][gc,age      ] GC(326) - age   4:      48584 bytes,     769864 total
[2024-02-08T22:50:02.310+0000][7][gc,age      ] GC(326) - age   5:        560 bytes,     770424 total
[2024-02-08T22:50:02.310+0000][7][gc,age      ] GC(326) - age   6:     128808 bytes,     899232 total
[2024-02-08T22:50:02.310+0000][7][gc,age      ] GC(326) - age   7:      10024 bytes,     909256 total
[2024-02-08T22:50:02.310+0000][7][gc,age      ] GC(326) - age   8:     881872 bytes,    1791128 total
[2024-02-08T22:50:02.310+0000][7][gc,age      ] GC(326) - age   9:     184376 bytes,    1975504 total
[2024-02-08T22:50:02.310+0000][7][gc,age      ] GC(326) - age  10:        392 bytes,    1975896 total
[2024-02-08T22:50:02.310+0000][7][gc,age      ] GC(326) - age  11:     247904 bytes,    2223800 total
[2024-02-08T22:50:02.310+0000][7][gc,age      ] GC(326) - age  12:     103304 bytes,    2327104 total
[2024-02-08T22:50:02.310+0000][7][gc,age      ] GC(326) - age  13:        208 bytes,    2327312 total
[2024-02-08T22:50:02.310+0000][7][gc,heap     ] GC(326) Eden regions: 152->0(152)
[2024-02-08T22:50:02.310+0000][7][gc,heap     ] GC(326) Survivor regions: 1->1(20)
[2024-02-08T22:50:02.310+0000][7][gc,heap     ] GC(326) Old regions: 25->25
[2024-02-08T22:50:02.310+0000][7][gc,heap     ] GC(326) Archive regions: 2->2
[2024-02-08T22:50:02.310+0000][7][gc,heap     ] GC(326) Humongous regions: 0->0
[2024-02-08T22:50:02.310+0000][7][gc,metaspace] GC(326) Metaspace: 129431K(132992K)->129431K(132992K) NonClass: 112488K(114368K)->112488K(114368K) Class: 16943K(18624K)->16943K(18624K)
[2024-02-08T22:50:02.310+0000][7][gc          ] GC(326) Pause Young (Normal) (G1 Evacuation Pause) 711M->103M(1024M) 2.506ms
[2024-02-08T22:50:02.310+0000][7][gc,cpu      ] GC(326) User=0.02s Sys=0.00s Real=0.01s
[2024-02-08T22:50:02.310+0000][7][safepoint   ] Safepoint "G1CollectForAllocation", Time since last: 207014308814 ns, Reaching safepoint: 41278 ns, At safepoint: 2577692 ns, Total: 2618970 ns
[2024-02-08T22:53:20.344+0000][7][gc,start    ] GC(327) Pause Young (Normal) (G1 Evacuation Pause)
[2024-02-08T22:53:20.344+0000][7][gc,task     ] GC(327) Using 8 workers of 8 for evacuation
[2024-02-08T22:53:20.344+0000][7][gc,age      ] GC(327) Desired survivor size 41943040 bytes, new threshold 15 (max threshold 15)
[2024-02-08T22:53:20.347+0000][7][gc,phases   ] GC(327)   Pre Evacuate Collection Set: 0.1ms
[2024-02-08T22:53:20.347+0000][7][gc,phases   ] GC(327)   Merge Heap Roots: 0.1ms
[2024-02-08T22:53:20.347+0000][7][gc,phases   ] GC(327)   Evacuate Collection Set: 2.0ms
[2024-02-08T22:53:20.347+0000][7][gc,phases   ] GC(327)   Post Evacuate Collection Set: 0.9ms
[2024-02-08T22:53:20.347+0000][7][gc,phases   ] GC(327)   Other: 0.1ms
[2024-02-08T22:53:20.347+0000][7][gc,age      ] GC(327) Age table with threshold 15 (max threshold 15)
[2024-02-08T22:53:20.347+0000][7][gc,age      ] GC(327) - age   1:    1005544 bytes,    1005544 total
[2024-02-08T22:53:20.347+0000][7][gc,age      ] GC(327) - age   2:      12648 bytes,    1018192 total
[2024-02-08T22:53:20.347+0000][7][gc,age      ] GC(327) - age   3:       1392 bytes,    1019584 total
[2024-02-08T22:53:20.347+0000][7][gc,age      ] GC(327) - age   4:        152 bytes,    1019736 total
[2024-02-08T22:53:20.347+0000][7][gc,age      ] GC(327) - age   5:      48456 bytes,    1068192 total
[2024-02-08T22:53:20.347+0000][7][gc,age      ] GC(327) - age   6:        560 bytes,    1068752 total
[2024-02-08T22:53:20.347+0000][7][gc,age      ] GC(327) - age   7:     128776 bytes,    1197528 total
[2024-02-08T22:53:20.347+0000][7][gc,age      ] GC(327) - age   8:      10024 bytes,    1207552 total
[2024-02-08T22:53:20.347+0000][7][gc,age      ] GC(327) - age   9:     881872 bytes,    2089424 total
[2024-02-08T22:53:20.347+0000][7][gc,age      ] GC(327) - age  10:     184376 bytes,    2273800 total
[2024-02-08T22:53:20.347+0000][7][gc,age      ] GC(327) - age  11:        392 bytes,    2274192 total
[2024-02-08T22:53:20.347+0000][7][gc,age      ] GC(327) - age  12:     247904 bytes,    2522096 total
[2024-02-08T22:53:20.347+0000][7][gc,age      ] GC(327) - age  13:     103304 bytes,    2625400 total
[2024-02-08T22:53:20.347+0000][7][gc,age      ] GC(327) - age  14:        208 bytes,    2625608 total
[2024-02-08T22:53:20.347+0000][7][gc,heap     ] GC(327) Eden regions: 152->0(152)
[2024-02-08T22:53:20.347+0000][7][gc,heap     ] GC(327) Survivor regions: 1->1(20)
[2024-02-08T22:53:20.347+0000][7][gc,heap     ] GC(327) Old regions: 25->25
[2024-02-08T22:53:20.347+0000][7][gc,heap     ] GC(327) Archive regions: 2->2
[2024-02-08T22:53:20.347+0000][7][gc,heap     ] GC(327) Humongous regions: 0->0
[2024-02-08T22:53:20.347+0000][7][gc,metaspace] GC(327) Metaspace: 129463K(132992K)->129463K(132992K) NonClass: 112519K(114368K)->112519K(114368K) Class: 16943K(18624K)->16943K(18624K)
[2024-02-08T22:53:20.348+0000][7][gc          ] GC(327) Pause Young (Normal) (G1 Evacuation Pause) 711M->103M(1024M) 3.455ms
[2024-02-08T22:53:20.348+0000][7][gc,cpu      ] GC(327) User=0.02s Sys=0.00s Real=0.00s
[2024-02-08T22:53:20.348+0000][7][safepoint   ] Safepoint "G1CollectForAllocation", Time since last: 198033525880 ns, Reaching safepoint: 48628 ns, At safepoint: 3549876 ns, Total: 3598504 ns
[2024-02-08T22:53:34.349+0000][7][safepoint   ] Safepoint "Cleanup", Time since last: 14001579058 ns, Reaching safepoint: 81608 ns, At safepoint: 43553 ns, Total: 125161 ns
[2024-02-08T22:56:29.372+0000][7][safepoint   ] Safepoint "Cleanup", Time since last: 175022762302 ns, Reaching safepoint: 114453 ns, At safepoint: 13054 ns, Total: 127507 ns
[2024-02-08T22:56:56.369+0000][7][gc,start    ] GC(328) Pause Young (Normal) (G1 Evacuation Pause)
[2024-02-08T22:56:56.369+0000][7][gc,task     ] GC(328) Using 8 workers of 8 for evacuation
[2024-02-08T22:56:56.369+0000][7][gc,age      ] GC(328) Desired survivor size 41943040 bytes, new threshold 15 (max threshold 15)
[2024-02-08T22:56:56.374+0000][7][gc,phases   ] GC(328)   Pre Evacuate Collection Set: 0.2ms
[2024-02-08T22:56:56.374+0000][7][gc,phases   ] GC(328)   Merge Heap Roots: 0.1ms
[2024-02-08T22:56:56.374+0000][7][gc,phases   ] GC(328)   Evacuate Collection Set: 2.5ms
[2024-02-08T22:56:56.374+0000][7][gc,phases   ] GC(328)   Post Evacuate Collection Set: 1.6ms
[2024-02-08T22:56:56.374+0000][7][gc,phases   ] GC(328)   Other: 0.1ms
[2024-02-08T22:56:56.374+0000][7][gc,age      ] GC(328) Age table with threshold 15 (max threshold 15)
[2024-02-08T22:56:56.374+0000][7][gc,age      ] GC(328) - age   1:    1145080 bytes,    1145080 total
[2024-02-08T22:56:56.374+0000][7][gc,age      ] GC(328) - age   2:       2096 bytes,    1147176 total
[2024-02-08T22:56:56.374+0000][7][gc,age      ] GC(328) - age   3:      10896 bytes,    1158072 total
[2024-02-08T22:56:56.374+0000][7][gc,age      ] GC(328) - age   4:        752 bytes,    1158824 total
[2024-02-08T22:56:56.374+0000][7][gc,age      ] GC(328) - age   5:        152 bytes,    1158976 total
[2024-02-08T22:56:56.374+0000][7][gc,age      ] GC(328) - age   6:      48064 bytes,    1207040 total
[2024-02-08T22:56:56.374+0000][7][gc,age      ] GC(328) - age   7:        560 bytes,    1207600 total
[2024-02-08T22:56:56.374+0000][7][gc,age      ] GC(328) - age   8:     128776 bytes,    1336376 total
[2024-02-08T22:56:56.374+0000][7][gc,age      ] GC(328) - age   9:      10024 bytes,    1346400 total
[2024-02-08T22:56:56.374+0000][7][gc,age      ] GC(328) - age  10:     881872 bytes,    2228272 total
[2024-02-08T22:56:56.374+0000][7][gc,age      ] GC(328) - age  11:     184376 bytes,    2412648 total
[2024-02-08T22:56:56.374+0000][7][gc,age      ] GC(328) - age  12:        392 bytes,    2413040 total
[2024-02-08T22:56:56.374+0000][7][gc,age      ] GC(328) - age  13:     247904 bytes,    2660944 total
[2024-02-08T22:56:56.374+0000][7][gc,age      ] GC(328) - age  14:     103304 bytes,    2764248 total
[2024-02-08T22:56:56.374+0000][7][gc,age      ] GC(328) - age  15:        208 bytes,    2764456 total
[2024-02-08T22:56:56.374+0000][7][gc,heap     ] GC(328) Eden regions: 152->0(152)
[2024-02-08T22:56:56.374+0000][7][gc,heap     ] GC(328) Survivor regions: 1->1(20)
[2024-02-08T22:56:56.374+0000][7][gc,heap     ] GC(328) Old regions: 25->25
[2024-02-08T22:56:56.374+0000][7][gc,heap     ] GC(328) Archive regions: 2->2
[2024-02-08T22:56:56.374+0000][7][gc,heap     ] GC(328) Humongous regions: 0->0
[2024-02-08T22:56:56.374+0000][7][gc,metaspace] GC(328) Metaspace: 129463K(132992K)->129463K(132992K) NonClass: 112519K(114368K)->112519K(114368K) Class: 16943K(18624K)->16943K(18624K)
[2024-02-08T22:56:56.374+0000][7][gc          ] GC(328) Pause Young (Normal) (G1 Evacuation Pause) 711M->103M(1024M) 4.991ms
[2024-02-08T22:56:56.374+0000][7][gc,cpu      ] GC(328) User=0.02s Sys=0.01s Real=0.00s
[2024-02-08T22:56:56.374+0000][7][safepoint   ] Safepoint "G1CollectForAllocation", Time since last: 26996971526 ns, Reaching safepoint: 55134 ns, At safepoint: 5122607 ns, Total: 5177741 ns
[2024-02-08T23:00:03.533+0000][7][safepoint   ] Safepoint "Cleanup", Time since last: 187158984882 ns, Reaching safepoint: 87262 ns, At safepoint: 8647 ns, Total: 95909 ns
[2024-02-08T23:00:26.351+0000][7][gc,start    ] GC(329) Pause Young (Normal) (G1 Evacuation Pause)
[2024-02-08T23:00:26.351+0000][7][gc,task     ] GC(329) Using 8 workers of 8 for evacuation
[2024-02-08T23:00:26.351+0000][7][gc,age      ] GC(329) Desired survivor size 41943040 bytes, new threshold 15 (max threshold 15)
[2024-02-08T23:00:26.354+0000][7][gc,phases   ] GC(329)   Pre Evacuate Collection Set: 0.1ms
[2024-02-08T23:00:26.354+0000][7][gc,phases   ] GC(329)   Merge Heap Roots: 0.1ms
[2024-02-08T23:00:26.354+0000][7][gc,phases   ] GC(329)   Evacuate Collection Set: 2.0ms
[2024-02-08T23:00:26.354+0000][7][gc,phases   ] GC(329)   Post Evacuate Collection Set: 0.7ms
[2024-02-08T23:00:26.354+0000][7][gc,phases   ] GC(329)   Other: 0.1ms
[2024-02-08T23:00:26.354+0000][7][gc,age      ] GC(329) Age table with threshold 15 (max threshold 15)
[2024-02-08T23:00:26.354+0000][7][gc,age      ] GC(329) - age   1:     718152 bytes,     718152 total
[2024-02-08T23:00:26.354+0000][7][gc,age      ] GC(329) - age   2:       2592 bytes,     720744 total
[2024-02-08T23:00:26.354+0000][7][gc,age      ] GC(329) - age   3:       1304 bytes,     722048 total
[2024-02-08T23:00:26.354+0000][7][gc,age      ] GC(329) - age   4:       8016 bytes,     730064 total
[2024-02-08T23:00:26.354+0000][7][gc,age      ] GC(329) - age   5:        568 bytes,     730632 total
[2024-02-08T23:00:26.354+0000][7][gc,age      ] GC(329) - age   6:        152 bytes,     730784 total
[2024-02-08T23:00:26.354+0000][7][gc,age      ] GC(329) - age   7:      47880 bytes,     778664 total
[2024-02-08T23:00:26.354+0000][7][gc,age      ] GC(329) - age   8:        560 bytes,     779224 total
[2024-02-08T23:00:26.354+0000][7][gc,age      ] GC(329) - age   9:     128776 bytes,     908000 total
[2024-02-08T23:00:26.354+0000][7][gc,age      ] GC(329) - age  10:      10024 bytes,     918024 total
[2024-02-08T23:00:26.354+0000][7][gc,age      ] GC(329) - age  11:     881872 bytes,    1799896 total
[2024-02-08T23:00:26.354+0000][7][gc,age      ] GC(329) - age  12:     184376 bytes,    1984272 total
[2024-02-08T23:00:26.354+0000][7][gc,age      ] GC(329) - age  13:        392 bytes,    1984664 total
[2024-02-08T23:00:26.354+0000][7][gc,age      ] GC(329) - age  14:     247904 bytes,    2232568 total
[2024-02-08T23:00:26.354+0000][7][gc,age      ] GC(329) - age  15:     103304 bytes,    2335872 total
[2024-02-08T23:00:26.354+0000][7][gc,heap     ] GC(329) Eden regions: 152->0(152)
[2024-02-08T23:00:26.354+0000][7][gc,heap     ] GC(329) Survivor regions: 1->1(20)
[2024-02-08T23:00:26.354+0000][7][gc,heap     ] GC(329) Old regions: 25->25
[2024-02-08T23:00:26.354+0000][7][gc,heap     ] GC(329) Archive regions: 2->2
[2024-02-08T23:00:26.354+0000][7][gc,heap     ] GC(329) Humongous regions: 0->0
[2024-02-08T23:00:26.354+0000][7][gc,metaspace] GC(329) Metaspace: 129463K(132992K)->129463K(132992K) NonClass: 112519K(114368K)->112519K(114368K) Class: 16943K(18624K)->16943K(18624K)
[2024-02-08T23:00:26.354+0000][7][gc          ] GC(329) Pause Young (Normal) (G1 Evacuation Pause) 711M->103M(1024M) 3.308ms
[2024-02-08T23:00:26.355+0000][7][gc,cpu      ] GC(329) User=0.02s Sys=0.00s Real=0.00s
[2024-02-08T23:00:26.355+0000][7][safepoint   ] Safepoint "G1CollectForAllocation", Time since last: 22817683398 ns, Reaching safepoint: 36912 ns, At safepoint: 3400624 ns, Total: 3437536 ns
[2024-02-08T23:01:03.359+0000][7][safepoint   ] Safepoint "Cleanup", Time since last: 37004239902 ns, Reaching safepoint: 69686 ns, At safepoint: 13333 ns, Total: 83019 ns
[2024-02-08T23:01:33.363+0000][7][safepoint   ] Safepoint "Cleanup", Time since last: 30004228897 ns, Reaching safepoint: 98521 ns, At safepoint: 45917 ns, Total: 144438 ns
[2024-02-08T23:03:56.381+0000][7][gc,start    ] GC(330) Pause Young (Normal) (G1 Evacuation Pause)
[2024-02-08T23:03:56.381+0000][7][gc,task     ] GC(330) Using 8 workers of 8 for evacuation
[2024-02-08T23:03:56.381+0000][7][gc,age      ] GC(330) Desired survivor size 41943040 bytes, new threshold 15 (max threshold 15)
[2024-02-08T23:03:56.384+0000][7][gc,phases   ] GC(330)   Pre Evacuate Collection Set: 0.1ms
[2024-02-08T23:03:56.384+0000][7][gc,phases   ] GC(330)   Merge Heap Roots: 0.1ms
[2024-02-08T23:03:56.384+0000][7][gc,phases   ] GC(330)   Evacuate Collection Set: 2.1ms
[2024-02-08T23:03:56.384+0000][7][gc,phases   ] GC(330)   Post Evacuate Collection Set: 0.7ms
[2024-02-08T23:03:56.384+0000][7][gc,phases   ] GC(330)   Other: 0.1ms
[2024-02-08T23:03:56.384+0000][7][gc,age      ] GC(330) Age table with threshold 15 (max threshold 15)
[2024-02-08T23:03:56.384+0000][7][gc,age      ] GC(330) - age   1:     995704 bytes,     995704 total
[2024-02-08T23:03:56.384+0000][7][gc,age      ] GC(330) - age   2:       4536 bytes,    1000240 total
[2024-02-08T23:03:56.384+0000][7][gc,age      ] GC(330) - age   3:       1408 bytes,    1001648 total
[2024-02-08T23:03:56.384+0000][7][gc,age      ] GC(330) - age   4:        464 bytes,    1002112 total
[2024-02-08T23:03:56.384+0000][7][gc,age      ] GC(330) - age   5:       8016 bytes,    1010128 total
[2024-02-08T23:03:56.384+0000][7][gc,age      ] GC(330) - age   6:        568 bytes,    1010696 total
[2024-02-08T23:03:56.384+0000][7][gc,age      ] GC(330) - age   7:        120 bytes,    1010816 total
[2024-02-08T23:03:56.384+0000][7][gc,age      ] GC(330) - age   8:      47880 bytes,    1058696 total
[2024-02-08T23:03:56.385+0000][7][gc,age      ] GC(330) - age   9:        560 bytes,    1059256 total
[2024-02-08T23:03:56.385+0000][7][gc,age      ] GC(330) - age  10:     128776 bytes,    1188032 total
[2024-02-08T23:03:56.385+0000][7][gc,age      ] GC(330) - age  11:      10024 bytes,    1198056 total
[2024-02-08T23:03:56.385+0000][7][gc,age      ] GC(330) - age  12:     881872 bytes,    2079928 total
[2024-02-08T23:03:56.385+0000][7][gc,age      ] GC(330) - age  13:     184376 bytes,    2264304 total
[2024-02-08T23:03:56.385+0000][7][gc,age      ] GC(330) - age  14:        392 bytes,    2264696 total
[2024-02-08T23:03:56.385+0000][7][gc,age      ] GC(330) - age  15:     247904 bytes,    2512600 total
[2024-02-08T23:03:56.385+0000][7][gc,heap     ] GC(330) Eden regions: 152->0(152)
[2024-02-08T23:03:56.385+0000][7][gc,heap     ] GC(330) Survivor regions: 1->1(20)
[2024-02-08T23:03:56.385+0000][7][gc,heap     ] GC(330) Old regions: 25->25
[2024-02-08T23:03:56.385+0000][7][gc,heap     ] GC(330) Archive regions: 2->2
[2024-02-08T23:03:56.385+0000][7][gc,heap     ] GC(330) Humongous regions: 0->0
[2024-02-08T23:03:56.385+0000][7][gc,metaspace] GC(330) Metaspace: 129463K(132992K)->129463K(132992K) NonClass: 112519K(114368K)->112519K(114368K) Class: 16943K(18624K)->16943K(18624K)
[2024-02-08T23:03:56.385+0000][7][gc          ] GC(330) Pause Young (Normal) (G1 Evacuation Pause) 711M->103M(1024M) 3.433ms
[2024-02-08T23:03:56.385+0000][7][gc,cpu      ] GC(330) User=0.01s Sys=0.00s Real=0.00s
[2024-02-08T23:03:56.385+0000][7][safepoint   ] Safepoint "G1CollectForAllocation", Time since last: 143017896634 ns, Reaching safepoint: 40752 ns, At safepoint: 3529021 ns, Total: 3569773 ns
[2024-02-08T23:07:26.414+0000][7][gc,start    ] GC(331) Pause Young (Normal) (G1 Evacuation Pause)
[2024-02-08T23:07:26.414+0000][7][gc,task     ] GC(331) Using 8 workers of 8 for evacuation
[2024-02-08T23:07:26.414+0000][7][gc,age      ] GC(331) Desired survivor size 41943040 bytes, new threshold 15 (max threshold 15)
[2024-02-08T23:07:26.417+0000][7][gc,phases   ] GC(331)   Pre Evacuate Collection Set: 0.1ms
[2024-02-08T23:07:26.417+0000][7][gc,phases   ] GC(331)   Merge Heap Roots: 0.1ms
[2024-02-08T23:07:26.417+0000][7][gc,phases   ] GC(331)   Evacuate Collection Set: 2.3ms
[2024-02-08T23:07:26.417+0000][7][gc,phases   ] GC(331)   Post Evacuate Collection Set: 0.7ms
[2024-02-08T23:07:26.417+0000][7][gc,phases   ] GC(331)   Other: 0.1ms
[2024-02-08T23:07:26.417+0000][7][gc,age      ] GC(331) Age table with threshold 15 (max threshold 15)
[2024-02-08T23:07:26.417+0000][7][gc,age      ] GC(331) - age   1:    1703728 bytes,    1703728 total
[2024-02-08T23:07:26.417+0000][7][gc,age      ] GC(331) - age   2:       2608 bytes,    1706336 total
[2024-02-08T23:07:26.417+0000][7][gc,age      ] GC(331) - age   3:       3096 bytes,    1709432 total
[2024-02-08T23:07:26.417+0000][7][gc,age      ] GC(331) - age   4:        456 bytes,    1709888 total
[2024-02-08T23:07:26.417+0000][7][gc,age      ] GC(331) - age   5:        464 bytes,    1710352 total
[2024-02-08T23:07:26.417+0000][7][gc,age      ] GC(331) - age   6:       8016 bytes,    1718368 total
[2024-02-08T23:07:26.417+0000][7][gc,age      ] GC(331) - age   7:        184 bytes,    1718552 total
[2024-02-08T23:07:26.417+0000][7][gc,age      ] GC(331) - age   8:        120 bytes,    1718672 total
[2024-02-08T23:07:26.417+0000][7][gc,age      ] GC(331) - age   9:      47880 bytes,    1766552 total
[2024-02-08T23:07:26.417+0000][7][gc,age      ] GC(331) - age  10:        560 bytes,    1767112 total
[2024-02-08T23:07:26.417+0000][7][gc,age      ] GC(331) - age  11:     128776 bytes,    1895888 total
[2024-02-08T23:07:26.417+0000][7][gc,age      ] GC(331) - age  12:      10024 bytes,    1905912 total
[2024-02-08T23:07:26.417+0000][7][gc,age      ] GC(331) - age  13:     881872 bytes,    2787784 total
[2024-02-08T23:07:26.417+0000][7][gc,age      ] GC(331) - age  14:     184376 bytes,    2972160 total
[2024-02-08T23:07:26.417+0000][7][gc,age      ] GC(331) - age  15:        392 bytes,    2972552 total
[2024-02-08T23:07:26.417+0000][7][gc,heap     ] GC(331) Eden regions: 152->0(152)
[2024-02-08T23:07:26.417+0000][7][gc,heap     ] GC(331) Survivor regions: 1->1(20)
[2024-02-08T23:07:26.417+0000][7][gc,heap     ] GC(331) Old regions: 25->25
[2024-02-08T23:07:26.417+0000][7][gc,heap     ] GC(331) Archive regions: 2->2
[2024-02-08T23:07:26.417+0000][7][gc,heap     ] GC(331) Humongous regions: 0->0
[2024-02-08T23:07:26.417+0000][7][gc,metaspace] GC(331) Metaspace: 129463K(132992K)->129463K(132992K) NonClass: 112519K(114368K)->112519K(114368K) Class: 16943K(18624K)->16943K(18624K)
[2024-02-08T23:07:26.417+0000][7][gc          ] GC(331) Pause Young (Normal) (G1 Evacuation Pause) 711M->104M(1024M) 3.584ms
[2024-02-08T23:07:26.417+0000][7][gc,cpu      ] GC(331) User=0.02s Sys=0.00s Real=0.01s
[2024-02-08T23:07:26.417+0000][7][safepoint   ] Safepoint "G1CollectForAllocation", Time since last: 210028949401 ns, Reaching safepoint: 38760 ns, At safepoint: 3672730 ns, Total: 3711490 ns
[2024-02-08T23:07:53.420+0000][7][safepoint   ] Safepoint "Cleanup", Time since last: 27002528046 ns, Reaching safepoint: 120747 ns, At safepoint: 8113 ns, Total: 128860 ns
[2024-02-08T23:10:56.384+0000][7][gc,start    ] GC(332) Pause Young (Normal) (G1 Evacuation Pause)
[2024-02-08T23:10:56.384+0000][7][gc,task     ] GC(332) Using 8 workers of 8 for evacuation
[2024-02-08T23:10:56.384+0000][7][gc,age      ] GC(332) Desired survivor size 41943040 bytes, new threshold 15 (max threshold 15)
[2024-02-08T23:10:56.387+0000][7][gc,phases   ] GC(332)   Pre Evacuate Collection Set: 0.1ms
[2024-02-08T23:10:56.387+0000][7][gc,phases   ] GC(332)   Merge Heap Roots: 0.1ms
[2024-02-08T23:10:56.387+0000][7][gc,phases   ] GC(332)   Evacuate Collection Set: 1.8ms
[2024-02-08T23:10:56.387+0000][7][gc,phases   ] GC(332)   Post Evacuate Collection Set: 0.7ms
[2024-02-08T23:10:56.387+0000][7][gc,phases   ] GC(332)   Other: 0.1ms
[2024-02-08T23:10:56.387+0000][7][gc,age      ] GC(332) Age table with threshold 15 (max threshold 15)
[2024-02-08T23:10:56.387+0000][7][gc,age      ] GC(332) - age   1:     835104 bytes,     835104 total
[2024-02-08T23:10:56.387+0000][7][gc,age      ] GC(332) - age   2:       4048 bytes,     839152 total
[2024-02-08T23:10:56.387+0000][7][gc,age      ] GC(332) - age   3:       1096 bytes,     840248 total
[2024-02-08T23:10:56.387+0000][7][gc,age      ] GC(332) - age   4:         88 bytes,     840336 total
[2024-02-08T23:10:56.387+0000][7][gc,age      ] GC(332) - age   6:        432 bytes,     840768 total
[2024-02-08T23:10:56.387+0000][7][gc,age      ] GC(332) - age   7:       8016 bytes,     848784 total
[2024-02-08T23:10:56.387+0000][7][gc,age      ] GC(332) - age   9:        120 bytes,     848904 total
[2024-02-08T23:10:56.387+0000][7][gc,age      ] GC(332) - age  10:      47880 bytes,     896784 total
[2024-02-08T23:10:56.387+0000][7][gc,age      ] GC(332) - age  11:        560 bytes,     897344 total
[2024-02-08T23:10:56.387+0000][7][gc,age      ] GC(332) - age  12:     128776 bytes,    1026120 total
[2024-02-08T23:10:56.387+0000][7][gc,age      ] GC(332) - age  13:        408 bytes,    1026528 total
[2024-02-08T23:10:56.387+0000][7][gc,age      ] GC(332) - age  14:     741408 bytes,    1767936 total
[2024-02-08T23:10:56.387+0000][7][gc,age      ] GC(332) - age  15:      42440 bytes,    1810376 total
[2024-02-08T23:10:56.387+0000][7][gc,heap     ] GC(332) Eden regions: 152->0(152)
[2024-02-08T23:10:56.387+0000][7][gc,heap     ] GC(332) Survivor regions: 1->1(20)
[2024-02-08T23:10:56.387+0000][7][gc,heap     ] GC(332) Old regions: 25->25
[2024-02-08T23:10:56.387+0000][7][gc,heap     ] GC(332) Archive regions: 2->2
[2024-02-08T23:10:56.387+0000][7][gc,heap     ] GC(332) Humongous regions: 0->0
[2024-02-08T23:10:56.387+0000][7][gc,metaspace] GC(332) Metaspace: 129463K(132992K)->129463K(132992K) NonClass: 112519K(114368K)->112519K(114368K) Class: 16943K(18624K)->16943K(18624K)
[2024-02-08T23:10:56.387+0000][7][gc          ] GC(332) Pause Young (Normal) (G1 Evacuation Pause) 712M->103M(1024M) 3.128ms
[2024-02-08T23:10:56.387+0000][7][gc,cpu      ] GC(332) User=0.01s Sys=0.01s Real=0.00s
[2024-02-08T23:10:56.387+0000][7][safepoint   ] Safepoint "G1CollectForAllocation", Time since last: 182964098949 ns, Reaching safepoint: 38773 ns, At safepoint: 3219430 ns, Total: 3258203 ns
[2024-02-08T23:14:26.446+0000][7][gc,start    ] GC(333) Pause Young (Normal) (G1 Evacuation Pause)
[2024-02-08T23:14:26.446+0000][7][gc,task     ] GC(333) Using 8 workers of 8 for evacuation
[2024-02-08T23:14:26.446+0000][7][gc,age      ] GC(333) Desired survivor size 41943040 bytes, new threshold 15 (max threshold 15)
[2024-02-08T23:14:26.449+0000][7][gc,phases   ] GC(333)   Pre Evacuate Collection Set: 0.1ms
[2024-02-08T23:14:26.449+0000][7][gc,phases   ] GC(333)   Merge Heap Roots: 0.1ms
[2024-02-08T23:14:26.449+0000][7][gc,phases   ] GC(333)   Evacuate Collection Set: 2.4ms
[2024-02-08T23:14:26.449+0000][7][gc,phases   ] GC(333)   Post Evacuate Collection Set: 0.7ms
[2024-02-08T23:14:26.449+0000][7][gc,phases   ] GC(333)   Other: 0.1ms
[2024-02-08T23:14:26.449+0000][7][gc,age      ] GC(333) Age table with threshold 15 (max threshold 15)
[2024-02-08T23:14:26.449+0000][7][gc,age      ] GC(333) - age   1:    1368736 bytes,    1368736 total
[2024-02-08T23:14:26.449+0000][7][gc,age      ] GC(333) - age   2:     204336 bytes,    1573072 total
[2024-02-08T23:14:26.449+0000][7][gc,age      ] GC(333) - age   3:       1280 bytes,    1574352 total
[2024-02-08T23:14:26.449+0000][7][gc,age      ] GC(333) - age   4:        216 bytes,    1574568 total
[2024-02-08T23:14:26.449+0000][7][gc,age      ] GC(333) - age   7:        400 bytes,    1574968 total
[2024-02-08T23:14:26.449+0000][7][gc,age      ] GC(333) - age   8:       8016 bytes,    1582984 total
[2024-02-08T23:14:26.449+0000][7][gc,age      ] GC(333) - age  10:        120 bytes,    1583104 total
[2024-02-08T23:14:26.449+0000][7][gc,age      ] GC(333) - age  11:      47880 bytes,    1630984 total
[2024-02-08T23:14:26.449+0000][7][gc,age      ] GC(333) - age  12:        560 bytes,    1631544 total
[2024-02-08T23:14:26.449+0000][7][gc,age      ] GC(333) - age  13:     128776 bytes,    1760320 total
[2024-02-08T23:14:26.449+0000][7][gc,age      ] GC(333) - age  14:        408 bytes,    1760728 total
[2024-02-08T23:14:26.449+0000][7][gc,age      ] GC(333) - age  15:     741152 bytes,    2501880 total
[2024-02-08T23:14:26.449+0000][7][gc,heap     ] GC(333) Eden regions: 152->0(152)
[2024-02-08T23:14:26.449+0000][7][gc,heap     ] GC(333) Survivor regions: 1->1(20)
[2024-02-08T23:14:26.449+0000][7][gc,heap     ] GC(333) Old regions: 25->25
[2024-02-08T23:14:26.449+0000][7][gc,heap     ] GC(333) Archive regions: 2->2
[2024-02-08T23:14:26.449+0000][7][gc,heap     ] GC(333) Humongous regions: 0->0
[2024-02-08T23:14:26.450+0000][7][gc,metaspace] GC(333) Metaspace: 129463K(132992K)->129463K(132992K) NonClass: 112519K(114368K)->112519K(114368K) Class: 16943K(18624K)->16943K(18624K)
[2024-02-08T23:14:26.450+0000][7][gc          ] GC(333) Pause Young (Normal) (G1 Evacuation Pause) 711M->103M(1024M) 3.603ms
[2024-02-08T23:14:26.450+0000][7][gc,cpu      ] GC(333) User=0.02s Sys=0.00s Real=0.01s
[2024-02-08T23:14:26.450+0000][7][safepoint   ] Safepoint "G1CollectForAllocation", Time since last: 210058474372 ns, Reaching safepoint: 57608 ns, At safepoint: 3688746 ns, Total: 3746354 ns
[2024-02-08T23:15:30.457+0000][7][safepoint   ] Safepoint "Cleanup", Time since last: 64007170502 ns, Reaching safepoint: 64884 ns, At safepoint: 38840 ns, Total: 103724 ns
[2024-02-08T23:17:38.419+0000][7][gc,start    ] GC(334) Pause Young (Normal) (G1 Evacuation Pause)
[2024-02-08T23:17:38.419+0000][7][gc,task     ] GC(334) Using 8 workers of 8 for evacuation
[2024-02-08T23:17:38.419+0000][7][gc,age      ] GC(334) Desired survivor size 41943040 bytes, new threshold 15 (max threshold 15)
[2024-02-08T23:17:38.422+0000][7][gc,phases   ] GC(334)   Pre Evacuate Collection Set: 0.1ms
[2024-02-08T23:17:38.422+0000][7][gc,phases   ] GC(334)   Merge Heap Roots: 0.1ms
[2024-02-08T23:17:38.422+0000][7][gc,phases   ] GC(334)   Evacuate Collection Set: 1.8ms
[2024-02-08T23:17:38.422+0000][7][gc,phases   ] GC(334)   Post Evacuate Collection Set: 0.7ms
[2024-02-08T23:17:38.422+0000][7][gc,phases   ] GC(334)   Other: 0.1ms
[2024-02-08T23:17:38.422+0000][7][gc,age      ] GC(334) Age table with threshold 15 (max threshold 15)
[2024-02-08T23:17:38.422+0000][7][gc,age      ] GC(334) - age   1:     963456 bytes,     963456 total
[2024-02-08T23:17:38.422+0000][7][gc,age      ] GC(334) - age   2:       3352 bytes,     966808 total
[2024-02-08T23:17:38.422+0000][7][gc,age      ] GC(334) - age   3:      80256 bytes,    1047064 total
[2024-02-08T23:17:38.422+0000][7][gc,age      ] GC(334) - age   4:        448 bytes,    1047512 total
[2024-02-08T23:17:38.422+0000][7][gc,age      ] GC(334) - age   5:        216 bytes,    1047728 total
[2024-02-08T23:17:38.422+0000][7][gc,age      ] GC(334) - age   8:        400 bytes,    1048128 total
[2024-02-08T23:17:38.422+0000][7][gc,age      ] GC(334) - age   9:       8016 bytes,    1056144 total
[2024-02-08T23:17:38.422+0000][7][gc,age      ] GC(334) - age  11:         32 bytes,    1056176 total
[2024-02-08T23:17:38.422+0000][7][gc,age      ] GC(334) - age  12:      47368 bytes,    1103544 total
[2024-02-08T23:17:38.422+0000][7][gc,age      ] GC(334) - age  13:        528 bytes,    1104072 total
[2024-02-08T23:17:38.422+0000][7][gc,age      ] GC(334) - age  14:     128776 bytes,    1232848 total
[2024-02-08T23:17:38.422+0000][7][gc,age      ] GC(334) - age  15:        408 bytes,    1233256 total
[2024-02-08T23:17:38.422+0000][7][gc,heap     ] GC(334) Eden regions: 152->0(152)
[2024-02-08T23:17:38.422+0000][7][gc,heap     ] GC(334) Survivor regions: 1->1(20)
[2024-02-08T23:17:38.422+0000][7][gc,heap     ] GC(334) Old regions: 25->25
[2024-02-08T23:17:38.422+0000][7][gc,heap     ] GC(334) Archive regions: 2->2
[2024-02-08T23:17:38.422+0000][7][gc,heap     ] GC(334) Humongous regions: 0->0
[2024-02-08T23:17:38.422+0000][7][gc,metaspace] GC(334) Metaspace: 129464K(132992K)->129464K(132992K) NonClass: 112521K(114368K)->112521K(114368K) Class: 16943K(18624K)->16943K(18624K)
[2024-02-08T23:17:38.422+0000][7][gc          ] GC(334) Pause Young (Normal) (G1 Evacuation Pause) 711M->103M(1024M) 3.091ms
[2024-02-08T23:17:38.422+0000][7][gc,cpu      ] GC(334) User=0.02s Sys=0.00s Real=0.00s
[2024-02-08T23:17:38.422+0000][7][safepoint   ] Safepoint "G1CollectForAllocation", Time since last: 127962113184 ns, Reaching safepoint: 61793 ns, At safepoint: 3184206 ns, Total: 3245999 ns
[2024-02-08T23:21:08.392+0000][7][gc,start    ] GC(335) Pause Young (Normal) (G1 Evacuation Pause)
[2024-02-08T23:21:08.392+0000][7][gc,task     ] GC(335) Using 8 workers of 8 for evacuation
[2024-02-08T23:21:08.392+0000][7][gc,age      ] GC(335) Desired survivor size 41943040 bytes, new threshold 15 (max threshold 15)
[2024-02-08T23:21:08.395+0000][7][gc,phases   ] GC(335)   Pre Evacuate Collection Set: 0.1ms
[2024-02-08T23:21:08.395+0000][7][gc,phases   ] GC(335)   Merge Heap Roots: 0.1ms
[2024-02-08T23:21:08.395+0000][7][gc,phases   ] GC(335)   Evacuate Collection Set: 2.2ms
[2024-02-08T23:21:08.395+0000][7][gc,phases   ] GC(335)   Post Evacuate Collection Set: 0.7ms
[2024-02-08T23:21:08.395+0000][7][gc,phases   ] GC(335)   Other: 0.1ms
[2024-02-08T23:21:08.395+0000][7][gc,age      ] GC(335) Age table with threshold 15 (max threshold 15)
[2024-02-08T23:21:08.395+0000][7][gc,age      ] GC(335) - age   1:    1239232 bytes,    1239232 total
[2024-02-08T23:21:08.395+0000][7][gc,age      ] GC(335) - age   2:     368192 bytes,    1607424 total
[2024-02-08T23:21:08.395+0000][7][gc,age      ] GC(335) - age   3:        216 bytes,    1607640 total
[2024-02-08T23:21:08.395+0000][7][gc,age      ] GC(335) - age   4:      77120 bytes,    1684760 total
[2024-02-08T23:21:08.395+0000][7][gc,age      ] GC(335) - age   5:        384 bytes,    1685144 total
[2024-02-08T23:21:08.395+0000][7][gc,age      ] GC(335) - age   6:        184 bytes,    1685328 total
[2024-02-08T23:21:08.395+0000][7][gc,age      ] GC(335) - age   9:        216 bytes,    1685544 total
[2024-02-08T23:21:08.395+0000][7][gc,age      ] GC(335) - age  10:       8016 bytes,    1693560 total
[2024-02-08T23:21:08.395+0000][7][gc,age      ] GC(335) - age  12:         32 bytes,    1693592 total
[2024-02-08T23:21:08.395+0000][7][gc,age      ] GC(335) - age  13:      47368 bytes,    1740960 total
[2024-02-08T23:21:08.395+0000][7][gc,age      ] GC(335) - age  14:        528 bytes,    1741488 total
[2024-02-08T23:21:08.395+0000][7][gc,age      ] GC(335) - age  15:     128776 bytes,    1870264 total
[2024-02-08T23:21:08.395+0000][7][gc,heap     ] GC(335) Eden regions: 152->0(152)
[2024-02-08T23:21:08.396+0000][7][gc,heap     ] GC(335) Survivor regions: 1->1(20)
[2024-02-08T23:21:08.396+0000][7][gc,heap     ] GC(335) Old regions: 25->25
[2024-02-08T23:21:08.396+0000][7][gc,heap     ] GC(335) Archive regions: 2->2
[2024-02-08T23:21:08.396+0000][7][gc,heap     ] GC(335) Humongous regions: 0->0
[2024-02-08T23:21:08.396+0000][7][gc,metaspace] GC(335) Metaspace: 129464K(132992K)->129464K(132992K) NonClass: 112521K(114368K)->112521K(114368K) Class: 16943K(18624K)->16943K(18624K)
[2024-02-08T23:21:08.396+0000][7][gc          ] GC(335) Pause Young (Normal) (G1 Evacuation Pause) 711M->104M(1024M) 3.531ms
[2024-02-08T23:21:08.396+0000][7][gc,cpu      ] GC(335) User=0.02s Sys=0.00s Real=0.00s
[2024-02-08T23:21:08.396+0000][7][safepoint   ] Safepoint "G1CollectForAllocation", Time since last: 209969708666 ns, Reaching safepoint: 64811 ns, At safepoint: 3626297 ns, Total: 3691108 ns
[2024-02-08T23:22:09.402+0000][7][safepoint   ] Safepoint "Cleanup", Time since last: 61005915984 ns, Reaching safepoint: 84899 ns, At safepoint: 10161 ns, Total: 95060 ns
[2024-02-08T23:22:36.404+0000][7][safepoint   ] Safepoint "Cleanup", Time since last: 27002749531 ns, Reaching safepoint: 72944 ns, At safepoint: 8494 ns, Total: 81438 ns
[2024-02-08T23:22:56.406+0000][7][safepoint   ] Safepoint "Cleanup", Time since last: 20001671204 ns, Reaching safepoint: 118960 ns, At safepoint: 30017 ns, Total: 148977 ns
[2024-02-08T23:24:39.511+0000][7][gc,start    ] GC(336) Pause Young (Normal) (G1 Evacuation Pause)
[2024-02-08T23:24:39.511+0000][7][gc,task     ] GC(336) Using 8 workers of 8 for evacuation
[2024-02-08T23:24:39.511+0000][7][gc,age      ] GC(336) Desired survivor size 41943040 bytes, new threshold 15 (max threshold 15)
[2024-02-08T23:24:39.514+0000][7][gc,phases   ] GC(336)   Pre Evacuate Collection Set: 0.1ms
[2024-02-08T23:24:39.514+0000][7][gc,phases   ] GC(336)   Merge Heap Roots: 0.1ms
[2024-02-08T23:24:39.514+0000][7][gc,phases   ] GC(336)   Evacuate Collection Set: 1.9ms
[2024-02-08T23:24:39.514+0000][7][gc,phases   ] GC(336)   Post Evacuate Collection Set: 0.9ms
[2024-02-08T23:24:39.514+0000][7][gc,phases   ] GC(336)   Other: 0.1ms
[2024-02-08T23:24:39.514+0000][7][gc,age      ] GC(336) Age table with threshold 15 (max threshold 15)
[2024-02-08T23:24:39.514+0000][7][gc,age      ] GC(336) - age   1:    1041968 bytes,    1041968 total
[2024-02-08T23:24:39.514+0000][7][gc,age      ] GC(336) - age   2:      16104 bytes,    1058072 total
[2024-02-08T23:24:39.514+0000][7][gc,age      ] GC(336) - age   3:     366392 bytes,    1424464 total
[2024-02-08T23:24:39.514+0000][7][gc,age      ] GC(336) - age   4:         32 bytes,    1424496 total
[2024-02-08T23:24:39.514+0000][7][gc,age      ] GC(336) - age   5:      76728 bytes,    1501224 total
[2024-02-08T23:24:39.514+0000][7][gc,age      ] GC(336) - age  10:        216 bytes,    1501440 total
[2024-02-08T23:24:39.514+0000][7][gc,age      ] GC(336) - age  11:       8016 bytes,    1509456 total
[2024-02-08T23:24:39.514+0000][7][gc,age      ] GC(336) - age  13:         32 bytes,    1509488 total
[2024-02-08T23:24:39.514+0000][7][gc,age      ] GC(336) - age  14:      47368 bytes,    1556856 total
[2024-02-08T23:24:39.514+0000][7][gc,age      ] GC(336) - age  15:        528 bytes,    1557384 total
[2024-02-08T23:24:39.514+0000][7][gc,heap     ] GC(336) Eden regions: 152->0(152)
[2024-02-08T23:24:39.514+0000][7][gc,heap     ] GC(336) Survivor regions: 1->1(20)
[2024-02-08T23:24:39.514+0000][7][gc,heap     ] GC(336) Old regions: 25->25
[2024-02-08T23:24:39.514+0000][7][gc,heap     ] GC(336) Archive regions: 2->2
[2024-02-08T23:24:39.514+0000][7][gc,heap     ] GC(336) Humongous regions: 0->0
[2024-02-08T23:24:39.515+0000][7][gc,metaspace] GC(336) Metaspace: 129464K(132992K)->129464K(132992K) NonClass: 112521K(114368K)->112521K(114368K) Class: 16943K(18624K)->16943K(18624K)
[2024-02-08T23:24:39.515+0000][7][gc          ] GC(336) Pause Young (Normal) (G1 Evacuation Pause) 712M->103M(1024M) 3.423ms
[2024-02-08T23:24:39.515+0000][7][gc,cpu      ] GC(336) User=0.02s Sys=0.00s Real=0.00s
[2024-02-08T23:24:39.515+0000][7][safepoint   ] Safepoint "G1CollectForAllocation", Time since last: 103104726843 ns, Reaching safepoint: 67874 ns, At safepoint: 3552229 ns, Total: 3620103 ns
[2024-02-08T23:28:00.330+0000][7][gc,start    ] GC(337) Pause Young (Normal) (G1 Evacuation Pause)
[2024-02-08T23:28:00.330+0000][7][gc,task     ] GC(337) Using 8 workers of 8 for evacuation
[2024-02-08T23:28:00.330+0000][7][gc,age      ] GC(337) Desired survivor size 41943040 bytes, new threshold 15 (max threshold 15)
[2024-02-08T23:28:00.332+0000][7][gc,phases   ] GC(337)   Pre Evacuate Collection Set: 0.2ms
[2024-02-08T23:28:00.332+0000][7][gc,phases   ] GC(337)   Merge Heap Roots: 0.1ms
[2024-02-08T23:28:00.332+0000][7][gc,phases   ] GC(337)   Evacuate Collection Set: 1.2ms
[2024-02-08T23:28:00.332+0000][7][gc,phases   ] GC(337)   Post Evacuate Collection Set: 0.9ms
[2024-02-08T23:28:00.332+0000][7][gc,phases   ] GC(337)   Other: 0.1ms
[2024-02-08T23:28:00.332+0000][7][gc,age      ] GC(337) Age table with threshold 15 (max threshold 15)
[2024-02-08T23:28:00.332+0000][7][gc,age      ] GC(337) - age   1:     517920 bytes,     517920 total
[2024-02-08T23:28:00.332+0000][7][gc,age      ] GC(337) - age   2:       3904 bytes,     521824 total
[2024-02-08T23:28:00.332+0000][7][gc,age      ] GC(337) - age   3:      13672 bytes,     535496 total
[2024-02-08T23:28:00.332+0000][7][gc,age      ] GC(337) - age   4:     366392 bytes,     901888 total
[2024-02-08T23:28:00.332+0000][7][gc,age      ] GC(337) - age   5:         32 bytes,     901920 total
[2024-02-08T23:28:00.332+0000][7][gc,age      ] GC(337) - age   6:      76728 bytes,     978648 total
[2024-02-08T23:28:00.332+0000][7][gc,age      ] GC(337) - age  11:        216 bytes,     978864 total
[2024-02-08T23:28:00.332+0000][7][gc,age      ] GC(337) - age  12:       8016 bytes,     986880 total
[2024-02-08T23:28:00.332+0000][7][gc,age      ] GC(337) - age  14:         32 bytes,     986912 total
[2024-02-08T23:28:00.332+0000][7][gc,age      ] GC(337) - age  15:      47368 bytes,    1034280 total
[2024-02-08T23:28:00.332+0000][7][gc,heap     ] GC(337) Eden regions: 152->0(152)
[2024-02-08T23:28:00.332+0000][7][gc,heap     ] GC(337) Survivor regions: 1->1(20)
[2024-02-08T23:28:00.332+0000][7][gc,heap     ] GC(337) Old regions: 25->25
[2024-02-08T23:28:00.332+0000][7][gc,heap     ] GC(337) Archive regions: 2->2
[2024-02-08T23:28:00.332+0000][7][gc,heap     ] GC(337) Humongous regions: 0->0
[2024-02-08T23:28:00.332+0000][7][gc,metaspace] GC(337) Metaspace: 129464K(132992K)->129464K(132992K) NonClass: 112521K(114368K)->112521K(114368K) Class: 16943K(18624K)->16943K(18624K)
[2024-02-08T23:28:00.333+0000][7][gc          ] GC(337) Pause Young (Normal) (G1 Evacuation Pause) 711M->103M(1024M) 2.847ms
[2024-02-08T23:28:00.333+0000][7][gc,cpu      ] GC(337) User=0.01s Sys=0.00s Real=0.00s
[2024-02-08T23:28:00.333+0000][7][safepoint   ] Safepoint "G1CollectForAllocation", Time since last: 200814933141 ns, Reaching safepoint: 79341 ns, At safepoint: 2955981 ns, Total: 3035322 ns
[2024-02-08T23:31:30.244+0000][7][gc,start    ] GC(338) Pause Young (Normal) (G1 Evacuation Pause)
[2024-02-08T23:31:30.244+0000][7][gc,task     ] GC(338) Using 8 workers of 8 for evacuation
[2024-02-08T23:31:30.244+0000][7][gc,age      ] GC(338) Desired survivor size 41943040 bytes, new threshold 15 (max threshold 15)
[2024-02-08T23:31:30.247+0000][7][gc,phases   ] GC(338)   Pre Evacuate Collection Set: 0.1ms
[2024-02-08T23:31:30.247+0000][7][gc,phases   ] GC(338)   Merge Heap Roots: 0.1ms
[2024-02-08T23:31:30.247+0000][7][gc,phases   ] GC(338)   Evacuate Collection Set: 1.2ms
[2024-02-08T23:31:30.247+0000][7][gc,phases   ] GC(338)   Post Evacuate Collection Set: 0.8ms
[2024-02-08T23:31:30.247+0000][7][gc,phases   ] GC(338)   Other: 0.1ms
[2024-02-08T23:31:30.247+0000][7][gc,age      ] GC(338) Age table with threshold 15 (max threshold 15)
[2024-02-08T23:31:30.247+0000][7][gc,age      ] GC(338) - age   1:     776904 bytes,     776904 total
[2024-02-08T23:31:30.247+0000][7][gc,age      ] GC(338) - age   2:        912 bytes,     777816 total
[2024-02-08T23:31:30.247+0000][7][gc,age      ] GC(338) - age   3:       1632 bytes,     779448 total
[2024-02-08T23:31:30.247+0000][7][gc,age      ] GC(338) - age   4:       9816 bytes,     789264 total
[2024-02-08T23:31:30.247+0000][7][gc,age      ] GC(338) - age   5:     366392 bytes,    1155656 total
[2024-02-08T23:31:30.247+0000][7][gc,age      ] GC(338) - age   7:      76728 bytes,    1232384 total
[2024-02-08T23:31:30.247+0000][7][gc,age      ] GC(338) - age  12:        216 bytes,    1232600 total
[2024-02-08T23:31:30.247+0000][7][gc,age      ] GC(338) - age  13:       8016 bytes,    1240616 total
[2024-02-08T23:31:30.247+0000][7][gc,age      ] GC(338) - age  15:         32 bytes,    1240648 total
[2024-02-08T23:31:30.247+0000][7][gc,heap     ] GC(338) Eden regions: 152->0(152)
[2024-02-08T23:31:30.247+0000][7][gc,heap     ] GC(338) Survivor regions: 1->1(20)
[2024-02-08T23:31:30.247+0000][7][gc,heap     ] GC(338) Old regions: 25->25
[2024-02-08T23:31:30.247+0000][7][gc,heap     ] GC(338) Archive regions: 2->2
[2024-02-08T23:31:30.247+0000][7][gc,heap     ] GC(338) Humongous regions: 0->0
[2024-02-08T23:31:30.247+0000][7][gc,metaspace] GC(338) Metaspace: 129464K(132992K)->129464K(132992K) NonClass: 112521K(114368K)->112521K(114368K) Class: 16943K(18624K)->16943K(18624K)
[2024-02-08T23:31:30.247+0000][7][gc          ] GC(338) Pause Young (Normal) (G1 Evacuation Pause) 711M->103M(1024M) 2.662ms
[2024-02-08T23:31:30.247+0000][7][gc,cpu      ] GC(338) User=0.01s Sys=0.00s Real=0.00s
[2024-02-08T23:31:30.247+0000][7][safepoint   ] Safepoint "G1CollectForAllocation", Time since last: 209911673904 ns, Reaching safepoint: 65999 ns, At safepoint: 2759933 ns, Total: 2825932 ns
[2024-02-08T23:35:02.492+0000][7][gc,start    ] GC(339) Pause Young (Normal) (G1 Evacuation Pause)
[2024-02-08T23:35:02.492+0000][7][gc,task     ] GC(339) Using 8 workers of 8 for evacuation
[2024-02-08T23:35:02.492+0000][7][gc,age      ] GC(339) Desired survivor size 41943040 bytes, new threshold 15 (max threshold 15)
[2024-02-08T23:35:02.495+0000][7][gc,phases   ] GC(339)   Pre Evacuate Collection Set: 0.1ms
[2024-02-08T23:35:02.495+0000][7][gc,phases   ] GC(339)   Merge Heap Roots: 0.1ms
[2024-02-08T23:35:02.495+0000][7][gc,phases   ] GC(339)   Evacuate Collection Set: 1.7ms
[2024-02-08T23:35:02.495+0000][7][gc,phases   ] GC(339)   Post Evacuate Collection Set: 0.8ms
[2024-02-08T23:35:02.495+0000][7][gc,phases   ] GC(339)   Other: 0.1ms
[2024-02-08T23:35:02.495+0000][7][gc,age      ] GC(339) Age table with threshold 15 (max threshold 15)
[2024-02-08T23:35:02.495+0000][7][gc,age      ] GC(339) - age   1:    1309384 bytes,    1309384 total
[2024-02-08T23:35:02.495+0000][7][gc,age      ] GC(339) - age   2:       6600 bytes,    1315984 total
[2024-02-08T23:35:02.495+0000][7][gc,age      ] GC(339) - age   3:        248 bytes,    1316232 total
[2024-02-08T23:35:02.495+0000][7][gc,age      ] GC(339) - age   4:        992 bytes,    1317224 total
[2024-02-08T23:35:02.495+0000][7][gc,age      ] GC(339) - age   5:       9816 bytes,    1327040 total
[2024-02-08T23:35:02.495+0000][7][gc,age      ] GC(339) - age   6:     366392 bytes,    1693432 total
[2024-02-08T23:35:02.495+0000][7][gc,age      ] GC(339) - age   8:      76728 bytes,    1770160 total
[2024-02-08T23:35:02.495+0000][7][gc,age      ] GC(339) - age  13:        216 bytes,    1770376 total
[2024-02-08T23:35:02.495+0000][7][gc,age      ] GC(339) - age  14:       8016 bytes,    1778392 total
[2024-02-08T23:35:02.495+0000][7][gc,heap     ] GC(339) Eden regions: 152->0(152)
[2024-02-08T23:35:02.495+0000][7][gc,heap     ] GC(339) Survivor regions: 1->1(20)
[2024-02-08T23:35:02.495+0000][7][gc,heap     ] GC(339) Old regions: 25->25
[2024-02-08T23:35:02.495+0000][7][gc,heap     ] GC(339) Archive regions: 2->2
[2024-02-08T23:35:02.495+0000][7][gc,heap     ] GC(339) Humongous regions: 0->0
[2024-02-08T23:35:02.495+0000][7][gc,metaspace] GC(339) Metaspace: 129464K(132992K)->129464K(132992K) NonClass: 112521K(114368K)->112521K(114368K) Class: 16943K(18624K)->16943K(18624K)
[2024-02-08T23:35:02.495+0000][7][gc          ] GC(339) Pause Young (Normal) (G1 Evacuation Pause) 711M->104M(1024M) 3.070ms
[2024-02-08T23:35:02.495+0000][7][gc,cpu      ] GC(339) User=0.01s Sys=0.00s Real=0.00s
[2024-02-08T23:35:02.495+0000][7][safepoint   ] Safepoint "G1CollectForAllocation", Time since last: 212244928927 ns, Reaching safepoint: 69783 ns, At safepoint: 3165539 ns, Total: 3235322 ns
[2024-02-08T23:38:21.628+0000][7][gc,start    ] GC(340) Pause Young (Normal) (G1 Evacuation Pause)
[2024-02-08T23:38:21.628+0000][7][gc,task     ] GC(340) Using 8 workers of 8 for evacuation
[2024-02-08T23:38:21.628+0000][7][gc,age      ] GC(340) Desired survivor size 41943040 bytes, new threshold 15 (max threshold 15)
[2024-02-08T23:38:21.630+0000][7][gc,phases   ] GC(340)   Pre Evacuate Collection Set: 0.1ms
[2024-02-08T23:38:21.630+0000][7][gc,phases   ] GC(340)   Merge Heap Roots: 0.1ms
[2024-02-08T23:38:21.630+0000][7][gc,phases   ] GC(340)   Evacuate Collection Set: 1.1ms
[2024-02-08T23:38:21.630+0000][7][gc,phases   ] GC(340)   Post Evacuate Collection Set: 0.6ms
[2024-02-08T23:38:21.630+0000][7][gc,phases   ] GC(340)   Other: 0.1ms
[2024-02-08T23:38:21.630+0000][7][gc,age      ] GC(340) Age table with threshold 15 (max threshold 15)
[2024-02-08T23:38:21.630+0000][7][gc,age      ] GC(340) - age   1:    1578136 bytes,    1578136 total
[2024-02-08T23:38:21.630+0000][7][gc,age      ] GC(340) - age   2:       3616 bytes,    1581752 total
[2024-02-08T23:38:21.630+0000][7][gc,age      ] GC(340) - age   3:       4160 bytes,    1585912 total
[2024-02-08T23:38:21.630+0000][7][gc,age      ] GC(340) - age   4:        184 bytes,    1586096 total
[2024-02-08T23:38:21.630+0000][7][gc,age      ] GC(340) - age   5:        808 bytes,    1586904 total
[2024-02-08T23:38:21.630+0000][7][gc,age      ] GC(340) - age   6:       9632 bytes,    1596536 total
[2024-02-08T23:38:21.630+0000][7][gc,age      ] GC(340) - age   7:     366392 bytes,    1962928 total
[2024-02-08T23:38:21.630+0000][7][gc,age      ] GC(340) - age   9:      76728 bytes,    2039656 total
[2024-02-08T23:38:21.630+0000][7][gc,age      ] GC(340) - age  14:        216 bytes,    2039872 total
[2024-02-08T23:38:21.630+0000][7][gc,age      ] GC(340) - age  15:       8016 bytes,    2047888 total
[2024-02-08T23:38:21.630+0000][7][gc,heap     ] GC(340) Eden regions: 152->0(152)
[2024-02-08T23:38:21.630+0000][7][gc,heap     ] GC(340) Survivor regions: 1->1(20)
[2024-02-08T23:38:21.630+0000][7][gc,heap     ] GC(340) Old regions: 25->25
[2024-02-08T23:38:21.630+0000][7][gc,heap     ] GC(340) Archive regions: 2->2
[2024-02-08T23:38:21.630+0000][7][gc,heap     ] GC(340) Humongous regions: 0->0
[2024-02-08T23:38:21.630+0000][7][gc,metaspace] GC(340) Metaspace: 129464K(132992K)->129464K(132992K) NonClass: 112521K(114368K)->112521K(114368K) Class: 16943K(18624K)->16943K(18624K)
[2024-02-08T23:38:21.630+0000][7][gc          ] GC(340) Pause Young (Normal) (G1 Evacuation Pause) 712M->104M(1024M) 2.154ms
[2024-02-08T23:38:21.630+0000][7][gc,cpu      ] GC(340) User=0.01s Sys=0.00s Real=0.01s
[2024-02-08T23:38:21.630+0000][7][safepoint   ] Safepoint "G1CollectForAllocation", Time since last: 199132205764 ns, Reaching safepoint: 33267 ns, At safepoint: 2224487 ns, Total: 2257754 ns
[2024-02-08T23:40:02.643+0000][7][safepoint   ] Safepoint "Cleanup", Time since last: 101013172838 ns, Reaching safepoint: 82188 ns, At safepoint: 8211 ns, Total: 90399 ns
