[2024-02-19T23:19:24.199+0000][7][gc,init] CardTable entry size: 512
[2024-02-19T23:19:24.199+0000][7][gc     ] Using G1
[2024-02-19T23:19:24.300+0000][7][gc,init] Version: 18.0.1.1+2-6 (release)
[2024-02-19T23:19:24.300+0000][7][gc,init] CPUs: 8 total, 8 available
[2024-02-19T23:19:24.300+0000][7][gc,init] Memory: 19737M
[2024-02-19T23:19:24.300+0000][7][gc,init] Large Page Support: Disabled
[2024-02-19T23:19:24.300+0000][7][gc,init] NUMA Support: Disabled
[2024-02-19T23:19:24.300+0000][7][gc,init] Compressed Oops: Enabled (32-bit)
[2024-02-19T23:19:24.300+0000][7][gc,init] Heap Region Size: 4M
[2024-02-19T23:19:24.300+0000][7][gc,init] Heap Min Capacity: 1G
[2024-02-19T23:19:24.300+0000][7][gc,init] Heap Initial Capacity: 1G
[2024-02-19T23:19:24.300+0000][7][gc,init] Heap Max Capacity: 1G
[2024-02-19T23:19:24.300+0000][7][gc,init] Pre-touch: Enabled
[2024-02-19T23:19:24.300+0000][7][gc,init] Parallel Workers: 8
[2024-02-19T23:19:24.300+0000][7][gc,init] Concurrent Workers: 2
[2024-02-19T23:19:24.300+0000][7][gc,init] Concurrent Refinement Workers: 8
[2024-02-19T23:19:24.300+0000][7][gc,init] Periodic GC: Disabled
[2024-02-19T23:19:24.300+0000][7][gc,metaspace] CDS archive(s) mapped at: [0x0000000800000000-0x0000000800baf000-0x0000000800baf000), size 12251136, SharedBaseAddress: 0x0000000800000000, ArchiveRelocationMode: 0.
[2024-02-19T23:19:24.300+0000][7][gc,metaspace] Compressed class space mapped at: 0x0000000800c00000-0x0000000840c00000, reserved size: 1073741824
[2024-02-19T23:19:24.300+0000][7][gc,metaspace] Narrow klass base: 0x0000000800000000, Narrow klass shift: 0, Narrow klass range: 0x100000000
[2024-02-19T23:19:24.831+0000][7][safepoint   ] Safepoint "ICBufferFull", Time since last: 524213101 ns, Reaching safepoint: 165710 ns, At safepoint: 5769 ns, Total: 171479 ns
[2024-02-19T23:19:25.293+0000][7][safepoint   ] Safepoint "ICBufferFull", Time since last: 461992838 ns, Reaching safepoint: 114256 ns, At safepoint: 2474 ns, Total: 116730 ns
[2024-02-19T23:19:25.365+0000][7][gc,start    ] GC(0) Pause Young (Normal) (G1 Evacuation Pause)
[2024-02-19T23:19:25.366+0000][7][gc,task     ] GC(0) Using 8 workers of 8 for evacuation
[2024-02-19T23:19:25.366+0000][7][gc,age      ] GC(0) Desired survivor size 4194304 bytes, new threshold 15 (max threshold 15)
[2024-02-19T23:19:25.370+0000][7][gc,phases   ] GC(0)   Pre Evacuate Collection Set: 0.1ms
[2024-02-19T23:19:25.370+0000][7][gc,phases   ] GC(0)   Merge Heap Roots: 0.0ms
[2024-02-19T23:19:25.370+0000][7][gc,phases   ] GC(0)   Evacuate Collection Set: 3.9ms
[2024-02-19T23:19:25.370+0000][7][gc,phases   ] GC(0)   Post Evacuate Collection Set: 0.5ms
[2024-02-19T23:19:25.370+0000][7][gc,phases   ] GC(0)   Other: 0.1ms
[2024-02-19T23:19:25.370+0000][7][gc,age      ] GC(0) Age table with threshold 15 (max threshold 15)
[2024-02-19T23:19:25.370+0000][7][gc,age      ] GC(0) - age   1:    6418336 bytes,    6418336 total
[2024-02-19T23:19:25.370+0000][7][gc,heap     ] GC(0) Eden regions: 12->0(11)
[2024-02-19T23:19:25.370+0000][7][gc,heap     ] GC(0) Survivor regions: 0->2(2)
[2024-02-19T23:19:25.370+0000][7][gc,heap     ] GC(0) Old regions: 0->0
[2024-02-19T23:19:25.370+0000][7][gc,heap     ] GC(0) Archive regions: 2->2
[2024-02-19T23:19:25.370+0000][7][gc,heap     ] GC(0) Humongous regions: 0->0
[2024-02-19T23:19:25.370+0000][7][gc,metaspace] GC(0) Metaspace: 12248K(12672K)->12248K(12672K) NonClass: 10795K(11008K)->10795K(11008K) Class: 1453K(1664K)->1453K(1664K)
[2024-02-19T23:19:25.370+0000][7][gc          ] GC(0) Pause Young (Normal) (G1 Evacuation Pause) 51M->10M(1024M) 4.753ms
[2024-02-19T23:19:25.370+0000][7][gc,cpu      ] GC(0) User=0.03s Sys=0.01s Real=0.01s
[2024-02-19T23:19:25.370+0000][7][safepoint   ] Safepoint "G1CollectForAllocation", Time since last: 72136161 ns, Reaching safepoint: 127129 ns, At safepoint: 4795224 ns, Total: 4922353 ns
[2024-02-19T23:19:26.287+0000][7][gc,start    ] GC(1) Pause Young (Normal) (G1 Evacuation Pause)
[2024-02-19T23:19:26.287+0000][7][gc,task     ] GC(1) Using 8 workers of 8 for evacuation
[2024-02-19T23:19:26.287+0000][7][gc,age      ] GC(1) Desired survivor size 4194304 bytes, new threshold 1 (max threshold 15)
[2024-02-19T23:19:26.294+0000][7][gc,phases   ] GC(1)   Pre Evacuate Collection Set: 0.1ms
[2024-02-19T23:19:26.294+0000][7][gc,phases   ] GC(1)   Merge Heap Roots: 0.0ms
[2024-02-19T23:19:26.294+0000][7][gc,phases   ] GC(1)   Evacuate Collection Set: 5.8ms
[2024-02-19T23:19:26.294+0000][7][gc,phases   ] GC(1)   Post Evacuate Collection Set: 1.3ms
[2024-02-19T23:19:26.294+0000][7][gc,phases   ] GC(1)   Other: 0.1ms
[2024-02-19T23:19:26.294+0000][7][gc,age      ] GC(1) Age table with threshold 1 (max threshold 15)
[2024-02-19T23:19:26.294+0000][7][gc,age      ] GC(1) - age   1:    1327496 bytes,    1327496 total
[2024-02-19T23:19:26.294+0000][7][gc,heap     ] GC(1) Eden regions: 11->0(20)
[2024-02-19T23:19:26.294+0000][7][gc,heap     ] GC(1) Survivor regions: 2->1(2)
[2024-02-19T23:19:26.294+0000][7][gc,heap     ] GC(1) Old regions: 0->2
[2024-02-19T23:19:26.294+0000][7][gc,heap     ] GC(1) Archive regions: 2->2
[2024-02-19T23:19:26.294+0000][7][gc,heap     ] GC(1) Humongous regions: 0->0
[2024-02-19T23:19:26.294+0000][7][gc,metaspace] GC(1) Metaspace: 15485K(15808K)->15485K(15808K) NonClass: 13709K(13888K)->13709K(13888K) Class: 1775K(1920K)->1775K(1920K)
[2024-02-19T23:19:26.294+0000][7][gc          ] GC(1) Pause Young (Normal) (G1 Evacuation Pause) 54M->11M(1024M) 7.432ms
[2024-02-19T23:19:26.294+0000][7][gc,cpu      ] GC(1) User=0.03s Sys=0.00s Real=0.01s
[2024-02-19T23:19:26.294+0000][7][safepoint   ] Safepoint "G1CollectForAllocation", Time since last: 916076943 ns, Reaching safepoint: 203504 ns, At safepoint: 7489145 ns, Total: 7692649 ns
[2024-02-19T23:19:27.058+0000][7][safepoint   ] Safepoint "ICBufferFull", Time since last: 763787975 ns, Reaching safepoint: 169779 ns, At safepoint: 5432 ns, Total: 175211 ns
[2024-02-19T23:19:27.110+0000][7][gc,start    ] GC(2) Pause Young (Normal) (G1 Evacuation Pause)
[2024-02-19T23:19:27.110+0000][7][gc,task     ] GC(2) Using 8 workers of 8 for evacuation
[2024-02-19T23:19:27.110+0000][7][gc,age      ] GC(2) Desired survivor size 6291456 bytes, new threshold 15 (max threshold 15)
[2024-02-19T23:19:27.114+0000][7][gc,phases   ] GC(2)   Pre Evacuate Collection Set: 0.1ms
[2024-02-19T23:19:27.114+0000][7][gc,phases   ] GC(2)   Merge Heap Roots: 0.0ms
[2024-02-19T23:19:27.114+0000][7][gc,phases   ] GC(2)   Evacuate Collection Set: 3.6ms
[2024-02-19T23:19:27.114+0000][7][gc,phases   ] GC(2)   Post Evacuate Collection Set: 0.4ms
[2024-02-19T23:19:27.114+0000][7][gc,phases   ] GC(2)   Other: 0.1ms
[2024-02-19T23:19:27.114+0000][7][gc,age      ] GC(2) Age table with threshold 15 (max threshold 15)
[2024-02-19T23:19:27.114+0000][7][gc,age      ] GC(2) - age   1:    2556272 bytes,    2556272 total
[2024-02-19T23:19:27.114+0000][7][gc,age      ] GC(2) - age   2:    1261136 bytes,    3817408 total
[2024-02-19T23:19:27.114+0000][7][gc,heap     ] GC(2) Eden regions: 20->0(152)
[2024-02-19T23:19:27.114+0000][7][gc,heap     ] GC(2) Survivor regions: 1->1(3)
[2024-02-19T23:19:27.114+0000][7][gc,heap     ] GC(2) Old regions: 2->2
[2024-02-19T23:19:27.114+0000][7][gc,heap     ] GC(2) Archive regions: 2->2
[2024-02-19T23:19:27.114+0000][7][gc,heap     ] GC(2) Humongous regions: 0->0
[2024-02-19T23:19:27.114+0000][7][gc,metaspace] GC(2) Metaspace: 17094K(17472K)->17094K(17472K) NonClass: 15151K(15360K)->15151K(15360K) Class: 1942K(2112K)->1942K(2112K)
[2024-02-19T23:19:27.114+0000][7][gc          ] GC(2) Pause Young (Normal) (G1 Evacuation Pause) 91M->13M(1024M) 4.351ms
[2024-02-19T23:19:27.114+0000][7][gc,cpu      ] GC(2) User=0.01s Sys=0.00s Real=0.00s
[2024-02-19T23:19:27.114+0000][7][safepoint   ] Safepoint "G1CollectForAllocation", Time since last: 51781296 ns, Reaching safepoint: 49737 ns, At safepoint: 4390453 ns, Total: 4440190 ns
[2024-02-19T23:19:27.543+0000][7][gc,start    ] GC(3) Pause Young (Concurrent Start) (Metadata GC Threshold)
[2024-02-19T23:19:27.543+0000][7][gc,task     ] GC(3) Using 8 workers of 8 for evacuation
[2024-02-19T23:19:27.543+0000][7][gc,age      ] GC(3) Desired survivor size 41943040 bytes, new threshold 15 (max threshold 15)
[2024-02-19T23:19:27.549+0000][7][gc,phases   ] GC(3)   Pre Evacuate Collection Set: 0.1ms
[2024-02-19T23:19:27.549+0000][7][gc,phases   ] GC(3)   Merge Heap Roots: 0.0ms
[2024-02-19T23:19:27.549+0000][7][gc,phases   ] GC(3)   Evacuate Collection Set: 6.0ms
[2024-02-19T23:19:27.549+0000][7][gc,phases   ] GC(3)   Post Evacuate Collection Set: 0.4ms
[2024-02-19T23:19:27.549+0000][7][gc,phases   ] GC(3)   Other: 0.1ms
[2024-02-19T23:19:27.549+0000][7][gc,age      ] GC(3) Age table with threshold 15 (max threshold 15)
[2024-02-19T23:19:27.549+0000][7][gc,age      ] GC(3) - age   1:    1244544 bytes,    1244544 total
[2024-02-19T23:19:27.549+0000][7][gc,age      ] GC(3) - age   2:    1547440 bytes,    2791984 total
[2024-02-19T23:19:27.549+0000][7][gc,age      ] GC(3) - age   3:    1260648 bytes,    4052632 total
[2024-02-19T23:19:27.549+0000][7][gc,heap     ] GC(3) Eden regions: 13->0(151)
[2024-02-19T23:19:27.549+0000][7][gc,heap     ] GC(3) Survivor regions: 1->2(20)
[2024-02-19T23:19:27.549+0000][7][gc,heap     ] GC(3) Old regions: 2->2
[2024-02-19T23:19:27.549+0000][7][gc,heap     ] GC(3) Archive regions: 2->2
[2024-02-19T23:19:27.549+0000][7][gc,heap     ] GC(3) Humongous regions: 0->0
[2024-02-19T23:19:27.549+0000][7][gc,metaspace] GC(3) Metaspace: 21095K(21504K)->21095K(21504K) NonClass: 18735K(18944K)->18735K(18944K) Class: 2360K(2560K)->2360K(2560K)
[2024-02-19T23:19:27.549+0000][7][gc          ] GC(3) Pause Young (Concurrent Start) (Metadata GC Threshold) 64M->14M(1024M) 6.749ms
[2024-02-19T23:19:27.549+0000][7][gc,cpu      ] GC(3) User=0.01s Sys=0.00s Real=0.00s
[2024-02-19T23:19:27.549+0000][7][gc          ] GC(4) Concurrent Mark Cycle
[2024-02-19T23:19:27.549+0000][7][gc,marking  ] GC(4) Concurrent Clear Claimed Marks
[2024-02-19T23:19:27.549+0000][7][gc,marking  ] GC(4) Concurrent Clear Claimed Marks 0.029ms
[2024-02-19T23:19:27.549+0000][7][gc,marking  ] GC(4) Concurrent Scan Root Regions
[2024-02-19T23:19:27.549+0000][7][safepoint   ] Safepoint "CollectForMetadataAllocation", Time since last: 428188162 ns, Reaching safepoint: 134652 ns, At safepoint: 6855912 ns, Total: 6990564 ns
[2024-02-19T23:19:27.553+0000][7][gc,marking  ] GC(4) Concurrent Scan Root Regions 4.086ms
[2024-02-19T23:19:27.553+0000][7][gc,marking  ] GC(4) Concurrent Mark
[2024-02-19T23:19:27.553+0000][7][gc,marking  ] GC(4) Concurrent Mark From Roots
[2024-02-19T23:19:27.554+0000][7][gc,task     ] GC(4) Using 2 workers of 2 for marking
[2024-02-19T23:19:27.565+0000][7][gc,marking  ] GC(4) Concurrent Mark From Roots 11.657ms
[2024-02-19T23:19:27.565+0000][7][gc,marking  ] GC(4) Concurrent Preclean
[2024-02-19T23:19:27.565+0000][7][gc,marking  ] GC(4) Concurrent Preclean 0.042ms
[2024-02-19T23:19:27.565+0000][7][gc,start    ] GC(4) Pause Remark
[2024-02-19T23:19:27.578+0000][7][gc          ] GC(4) Pause Remark 16M->16M(1024M) 12.354ms
[2024-02-19T23:19:27.578+0000][7][gc,cpu      ] GC(4) User=0.03s Sys=0.00s Real=0.01s
[2024-02-19T23:19:27.578+0000][7][safepoint   ] Safepoint "G1Concurrent", Time since last: 15942892 ns, Reaching safepoint: 48371 ns, At safepoint: 12428528 ns, Total: 12476899 ns
[2024-02-19T23:19:27.579+0000][7][gc,marking  ] GC(4) Concurrent Mark 25.109ms
[2024-02-19T23:19:27.579+0000][7][gc,marking  ] GC(4) Concurrent Rebuild Remembered Sets
[2024-02-19T23:19:27.584+0000][7][gc,marking  ] GC(4) Concurrent Rebuild Remembered Sets 4.957ms
[2024-02-19T23:19:27.584+0000][7][gc,start    ] GC(4) Pause Cleanup
[2024-02-19T23:19:27.584+0000][7][gc          ] GC(4) Pause Cleanup 18M->18M(1024M) 0.069ms
[2024-02-19T23:19:27.584+0000][7][gc,cpu      ] GC(4) User=0.00s Sys=0.00s Real=0.00s
[2024-02-19T23:19:27.584+0000][7][safepoint   ] Safepoint "G1Concurrent", Time since last: 5874051 ns, Reaching safepoint: 99009 ns, At safepoint: 101844 ns, Total: 200853 ns
[2024-02-19T23:19:27.584+0000][7][gc,marking  ] GC(4) Concurrent Cleanup for Next Mark
[2024-02-19T23:19:27.586+0000][7][gc,marking  ] GC(4) Concurrent Cleanup for Next Mark 2.249ms
[2024-02-19T23:19:27.586+0000][7][gc          ] GC(4) Concurrent Mark Cycle 36.911ms
[2024-02-19T23:19:28.282+0000][7][safepoint   ] Safepoint "ICBufferFull", Time since last: 698136048 ns, Reaching safepoint: 142057 ns, At safepoint: 3951 ns, Total: 146008 ns
[2024-02-19T23:19:28.976+0000][7][safepoint   ] Safepoint "ICBufferFull", Time since last: 693463451 ns, Reaching safepoint: 169221 ns, At safepoint: 5936 ns, Total: 175157 ns
[2024-02-19T23:19:29.276+0000][7][gc,start    ] GC(5) Pause Young (Normal) (G1 Evacuation Pause)
[2024-02-19T23:19:29.276+0000][7][gc,task     ] GC(5) Using 8 workers of 8 for evacuation
[2024-02-19T23:19:29.276+0000][7][gc,age      ] GC(5) Desired survivor size 41943040 bytes, new threshold 15 (max threshold 15)
[2024-02-19T23:19:29.284+0000][7][gc,phases   ] GC(5)   Pre Evacuate Collection Set: 0.1ms
[2024-02-19T23:19:29.284+0000][7][gc,phases   ] GC(5)   Merge Heap Roots: 0.0ms
[2024-02-19T23:19:29.284+0000][7][gc,phases   ] GC(5)   Evacuate Collection Set: 6.7ms
[2024-02-19T23:19:29.284+0000][7][gc,phases   ] GC(5)   Post Evacuate Collection Set: 0.7ms
[2024-02-19T23:19:29.284+0000][7][gc,phases   ] GC(5)   Other: 0.1ms
[2024-02-19T23:19:29.284+0000][7][gc,age      ] GC(5) Age table with threshold 15 (max threshold 15)
[2024-02-19T23:19:29.284+0000][7][gc,age      ] GC(5) - age   1:   11101600 bytes,   11101600 total
[2024-02-19T23:19:29.284+0000][7][gc,age      ] GC(5) - age   2:    1226928 bytes,   12328528 total
[2024-02-19T23:19:29.284+0000][7][gc,age      ] GC(5) - age   3:    1543080 bytes,   13871608 total
[2024-02-19T23:19:29.284+0000][7][gc,age      ] GC(5) - age   4:    1234120 bytes,   15105728 total
[2024-02-19T23:19:29.284+0000][7][gc,heap     ] GC(5) Eden regions: 151->0(149)
[2024-02-19T23:19:29.284+0000][7][gc,heap     ] GC(5) Survivor regions: 2->4(20)
[2024-02-19T23:19:29.284+0000][7][gc,heap     ] GC(5) Old regions: 2->2
[2024-02-19T23:19:29.284+0000][7][gc,heap     ] GC(5) Archive regions: 2->2
[2024-02-19T23:19:29.284+0000][7][gc,heap     ] GC(5) Humongous regions: 0->0
[2024-02-19T23:19:29.284+0000][7][gc,metaspace] GC(5) Metaspace: 29760K(30464K)->29760K(30464K) NonClass: 26333K(26752K)->26333K(26752K) Class: 3427K(3712K)->3427K(3712K)
[2024-02-19T23:19:29.284+0000][7][gc          ] GC(5) Pause Young (Normal) (G1 Evacuation Pause) 618M->24M(1024M) 7.752ms
[2024-02-19T23:19:29.284+0000][7][gc,cpu      ] GC(5) User=0.03s Sys=0.00s Real=0.01s
[2024-02-19T23:19:29.284+0000][7][safepoint   ] Safepoint "G1CollectForAllocation", Time since last: 300591039 ns, Reaching safepoint: 46154 ns, At safepoint: 7791916 ns, Total: 7838070 ns
[2024-02-19T23:19:30.404+0000][7][safepoint   ] Safepoint "ICBufferFull", Time since last: 1119178704 ns, Reaching safepoint: 145183 ns, At safepoint: 2622 ns, Total: 147805 ns
[2024-02-19T23:19:30.418+0000][7][gc,start    ] GC(6) Pause Young (Concurrent Start) (Metadata GC Threshold)
[2024-02-19T23:19:30.418+0000][7][gc,task     ] GC(6) Using 8 workers of 8 for evacuation
[2024-02-19T23:19:30.418+0000][7][gc,age      ] GC(6) Desired survivor size 41943040 bytes, new threshold 15 (max threshold 15)
[2024-02-19T23:19:30.435+0000][7][gc,phases   ] GC(6)   Pre Evacuate Collection Set: 0.1ms
[2024-02-19T23:19:30.435+0000][7][gc,phases   ] GC(6)   Merge Heap Roots: 0.0ms
[2024-02-19T23:19:30.435+0000][7][gc,phases   ] GC(6)   Evacuate Collection Set: 14.7ms
[2024-02-19T23:19:30.435+0000][7][gc,phases   ] GC(6)   Post Evacuate Collection Set: 2.2ms
[2024-02-19T23:19:30.435+0000][7][gc,phases   ] GC(6)   Other: 0.0ms
[2024-02-19T23:19:30.435+0000][7][gc,age      ] GC(6) Age table with threshold 15 (max threshold 15)
[2024-02-19T23:19:30.435+0000][7][gc,age      ] GC(6) - age   1:    4639600 bytes,    4639600 total
[2024-02-19T23:19:30.435+0000][7][gc,age      ] GC(6) - age   2:    8993432 bytes,   13633032 total
[2024-02-19T23:19:30.435+0000][7][gc,age      ] GC(6) - age   3:    1204288 bytes,   14837320 total
[2024-02-19T23:19:30.435+0000][7][gc,age      ] GC(6) - age   4:    1479992 bytes,   16317312 total
[2024-02-19T23:19:30.435+0000][7][gc,age      ] GC(6) - age   5:    1230712 bytes,   17548024 total
[2024-02-19T23:19:30.435+0000][7][gc,heap     ] GC(6) Eden regions: 102->0(148)
[2024-02-19T23:19:30.435+0000][7][gc,heap     ] GC(6) Survivor regions: 4->5(20)
[2024-02-19T23:19:30.435+0000][7][gc,heap     ] GC(6) Old regions: 2->2
[2024-02-19T23:19:30.435+0000][7][gc,heap     ] GC(6) Archive regions: 2->2
[2024-02-19T23:19:30.435+0000][7][gc,heap     ] GC(6) Humongous regions: 0->0
[2024-02-19T23:19:30.435+0000][7][gc,metaspace] GC(6) Metaspace: 35017K(35840K)->35017K(35840K) NonClass: 30905K(31360K)->30905K(31360K) Class: 4111K(4480K)->4111K(4480K)
[2024-02-19T23:19:30.435+0000][7][gc          ] GC(6) Pause Young (Concurrent Start) (Metadata GC Threshold) 430M->28M(1024M) 17.269ms
[2024-02-19T23:19:30.435+0000][7][gc,cpu      ] GC(6) User=0.06s Sys=0.00s Real=0.02s
[2024-02-19T23:19:30.435+0000][7][safepoint   ] Safepoint "CollectForMetadataAllocation", Time since last: 14312558 ns, Reaching safepoint: 42704 ns, At safepoint: 17365270 ns, Total: 17407974 ns
[2024-02-19T23:19:30.435+0000][7][gc          ] GC(7) Concurrent Mark Cycle
[2024-02-19T23:19:30.435+0000][7][gc,marking  ] GC(7) Concurrent Clear Claimed Marks
[2024-02-19T23:19:30.435+0000][7][gc,marking  ] GC(7) Concurrent Clear Claimed Marks 0.072ms
[2024-02-19T23:19:30.435+0000][7][gc,marking  ] GC(7) Concurrent Scan Root Regions
[2024-02-19T23:19:30.445+0000][7][gc,marking  ] GC(7) Concurrent Scan Root Regions 9.930ms
[2024-02-19T23:19:30.445+0000][7][gc,marking  ] GC(7) Concurrent Mark
[2024-02-19T23:19:30.445+0000][7][gc,marking  ] GC(7) Concurrent Mark From Roots
[2024-02-19T23:19:30.445+0000][7][gc,task     ] GC(7) Using 2 workers of 2 for marking
[2024-02-19T23:19:30.462+0000][7][gc,marking  ] GC(7) Concurrent Mark From Roots 16.873ms
[2024-02-19T23:19:30.462+0000][7][gc,marking  ] GC(7) Concurrent Preclean
[2024-02-19T23:19:30.462+0000][7][gc,marking  ] GC(7) Concurrent Preclean 0.093ms
[2024-02-19T23:19:30.462+0000][7][gc,start    ] GC(7) Pause Remark
[2024-02-19T23:19:30.465+0000][7][gc          ] GC(7) Pause Remark 32M->32M(1024M) 2.775ms
[2024-02-19T23:19:30.465+0000][7][gc,cpu      ] GC(7) User=0.00s Sys=0.00s Real=0.00s
[2024-02-19T23:19:30.465+0000][7][safepoint   ] Safepoint "G1Concurrent", Time since last: 27145322 ns, Reaching safepoint: 51250 ns, At safepoint: 2856452 ns, Total: 2907702 ns
[2024-02-19T23:19:30.465+0000][7][gc,marking  ] GC(7) Concurrent Mark 19.997ms
[2024-02-19T23:19:30.465+0000][7][gc,marking  ] GC(7) Concurrent Rebuild Remembered Sets
[2024-02-19T23:19:30.468+0000][7][gc,marking  ] GC(7) Concurrent Rebuild Remembered Sets 2.499ms
[2024-02-19T23:19:30.468+0000][7][gc,start    ] GC(7) Pause Cleanup
[2024-02-19T23:19:30.468+0000][7][gc          ] GC(7) Pause Cleanup 32M->32M(1024M) 0.103ms
[2024-02-19T23:19:30.468+0000][7][gc,cpu      ] GC(7) User=0.00s Sys=0.00s Real=0.00s
[2024-02-19T23:19:30.468+0000][7][safepoint   ] Safepoint "G1Concurrent", Time since last: 2598587 ns, Reaching safepoint: 92162 ns, At safepoint: 137473 ns, Total: 229635 ns
[2024-02-19T23:19:30.468+0000][7][gc,marking  ] GC(7) Concurrent Cleanup for Next Mark
[2024-02-19T23:19:30.473+0000][7][gc,marking  ] GC(7) Concurrent Cleanup for Next Mark 4.624ms
[2024-02-19T23:19:30.473+0000][7][gc          ] GC(7) Concurrent Mark Cycle 37.625ms
[2024-02-19T23:19:31.301+0000][7][safepoint   ] Safepoint "ICBufferFull", Time since last: 832810125 ns, Reaching safepoint: 201960 ns, At safepoint: 2664 ns, Total: 204624 ns
[2024-02-19T23:19:31.892+0000][7][safepoint   ] Safepoint "ICBufferFull", Time since last: 590692124 ns, Reaching safepoint: 228736 ns, At safepoint: 3321 ns, Total: 232057 ns
[2024-02-19T23:19:32.906+0000][7][safepoint   ] Safepoint "ICBufferFull", Time since last: 1013332223 ns, Reaching safepoint: 190201 ns, At safepoint: 3142 ns, Total: 193343 ns
[2024-02-19T23:19:33.746+0000][7][gc,start    ] GC(8) Pause Young (Concurrent Start) (Metadata GC Threshold)
[2024-02-19T23:19:33.746+0000][7][gc,task     ] GC(8) Using 8 workers of 8 for evacuation
[2024-02-19T23:19:33.746+0000][7][gc,age      ] GC(8) Desired survivor size 41943040 bytes, new threshold 15 (max threshold 15)
[2024-02-19T23:19:33.771+0000][7][gc,phases   ] GC(8)   Pre Evacuate Collection Set: 0.2ms
[2024-02-19T23:19:33.771+0000][7][gc,phases   ] GC(8)   Merge Heap Roots: 0.0ms
[2024-02-19T23:19:33.771+0000][7][gc,phases   ] GC(8)   Evacuate Collection Set: 23.2ms
[2024-02-19T23:19:33.771+0000][7][gc,phases   ] GC(8)   Post Evacuate Collection Set: 1.6ms
[2024-02-19T23:19:33.771+0000][7][gc,phases   ] GC(8)   Other: 0.1ms
[2024-02-19T23:19:33.771+0000][7][gc,age      ] GC(8) Age table with threshold 15 (max threshold 15)
[2024-02-19T23:19:33.771+0000][7][gc,age      ] GC(8) - age   1:   24627312 bytes,   24627312 total
[2024-02-19T23:19:33.771+0000][7][gc,age      ] GC(8) - age   2:    4226512 bytes,   28853824 total
[2024-02-19T23:19:33.771+0000][7][gc,age      ] GC(8) - age   3:    8909544 bytes,   37763368 total
[2024-02-19T23:19:33.771+0000][7][gc,age      ] GC(8) - age   4:    1194624 bytes,   38957992 total
[2024-02-19T23:19:33.771+0000][7][gc,age      ] GC(8) - age   5:    1473808 bytes,   40431800 total
[2024-02-19T23:19:33.771+0000][7][gc,age      ] GC(8) - age   6:    1208288 bytes,   41640088 total
[2024-02-19T23:19:33.771+0000][7][gc,heap     ] GC(8) Eden regions: 102->0(142)
[2024-02-19T23:19:33.771+0000][7][gc,heap     ] GC(8) Survivor regions: 5->11(20)
[2024-02-19T23:19:33.771+0000][7][gc,heap     ] GC(8) Old regions: 2->2
[2024-02-19T23:19:33.771+0000][7][gc,heap     ] GC(8) Archive regions: 2->2
[2024-02-19T23:19:33.771+0000][7][gc,heap     ] GC(8) Humongous regions: 0->0
[2024-02-19T23:19:33.771+0000][7][gc,metaspace] GC(8) Metaspace: 58476K(59840K)->58476K(59840K) NonClass: 50958K(51712K)->50958K(51712K) Class: 7517K(8128K)->7517K(8128K)
[2024-02-19T23:19:33.771+0000][7][gc          ] GC(8) Pause Young (Concurrent Start) (Metadata GC Threshold) 436M->51M(1024M) 25.226ms
[2024-02-19T23:19:33.771+0000][7][gc,cpu      ] GC(8) User=0.10s Sys=0.01s Real=0.03s
[2024-02-19T23:19:33.771+0000][7][gc          ] GC(9) Concurrent Mark Cycle
[2024-02-19T23:19:33.771+0000][7][gc,marking  ] GC(9) Concurrent Clear Claimed Marks
[2024-02-19T23:19:33.771+0000][7][safepoint   ] Safepoint "CollectForMetadataAllocation", Time since last: 839796723 ns, Reaching safepoint: 123419 ns, At safepoint: 25333772 ns, Total: 25457191 ns
[2024-02-19T23:19:33.771+0000][7][gc,marking  ] GC(9) Concurrent Clear Claimed Marks 0.138ms
[2024-02-19T23:19:33.771+0000][7][gc,marking  ] GC(9) Concurrent Scan Root Regions
[2024-02-19T23:19:33.784+0000][7][gc,marking  ] GC(9) Concurrent Scan Root Regions 13.151ms
[2024-02-19T23:19:33.784+0000][7][gc,marking  ] GC(9) Concurrent Mark
[2024-02-19T23:19:33.784+0000][7][gc,marking  ] GC(9) Concurrent Mark From Roots
[2024-02-19T23:19:33.784+0000][7][gc,task     ] GC(9) Using 2 workers of 2 for marking
[2024-02-19T23:19:33.789+0000][7][gc,marking  ] GC(9) Concurrent Mark From Roots 5.167ms
[2024-02-19T23:19:33.789+0000][7][gc,marking  ] GC(9) Concurrent Preclean
[2024-02-19T23:19:33.789+0000][7][gc,marking  ] GC(9) Concurrent Preclean 0.040ms
[2024-02-19T23:19:33.790+0000][7][gc,start    ] GC(9) Pause Remark
[2024-02-19T23:19:33.796+0000][7][gc          ] GC(9) Pause Remark 53M->53M(1024M) 6.784ms
[2024-02-19T23:19:33.796+0000][7][gc,cpu      ] GC(9) User=0.02s Sys=0.00s Real=0.00s
[2024-02-19T23:19:33.796+0000][7][safepoint   ] Safepoint "G1Concurrent", Time since last: 18582190 ns, Reaching safepoint: 99469 ns, At safepoint: 6850760 ns, Total: 6950229 ns
[2024-02-19T23:19:33.796+0000][7][gc,marking  ] GC(9) Concurrent Mark 12.246ms
[2024-02-19T23:19:33.796+0000][7][gc,marking  ] GC(9) Concurrent Rebuild Remembered Sets
[2024-02-19T23:19:33.799+0000][7][gc,marking  ] GC(9) Concurrent Rebuild Remembered Sets 2.514ms
[2024-02-19T23:19:33.799+0000][7][gc,start    ] GC(9) Pause Cleanup
[2024-02-19T23:19:33.799+0000][7][gc          ] GC(9) Pause Cleanup 53M->53M(1024M) 0.061ms
[2024-02-19T23:19:33.799+0000][7][gc,cpu      ] GC(9) User=0.00s Sys=0.00s Real=0.00s
[2024-02-19T23:19:33.799+0000][7][safepoint   ] Safepoint "G1Concurrent", Time since last: 2614348 ns, Reaching safepoint: 91228 ns, At safepoint: 83674 ns, Total: 174902 ns
[2024-02-19T23:19:33.799+0000][7][gc,marking  ] GC(9) Concurrent Cleanup for Next Mark
[2024-02-19T23:19:33.800+0000][7][gc,marking  ] GC(9) Concurrent Cleanup for Next Mark 1.161ms
[2024-02-19T23:19:33.800+0000][7][gc          ] GC(9) Concurrent Mark Cycle 29.609ms
[2024-02-19T23:19:34.136+0000][7][safepoint   ] Safepoint "ICBufferFull", Time since last: 337108683 ns, Reaching safepoint: 147342 ns, At safepoint: 3035 ns, Total: 150377 ns
[2024-02-19T23:19:35.138+0000][7][safepoint   ] Safepoint "Cleanup", Time since last: 1001190089 ns, Reaching safepoint: 614583 ns, At safepoint: 10426 ns, Total: 625009 ns
[2024-02-19T23:19:36.213+0000][7][safepoint   ] Safepoint "Cleanup", Time since last: 1074177186 ns, Reaching safepoint: 231380 ns, At safepoint: 2435 ns, Total: 233815 ns
[2024-02-19T23:19:37.273+0000][7][safepoint   ] Safepoint "Cleanup", Time since last: 1059670311 ns, Reaching safepoint: 937412 ns, At safepoint: 8786 ns, Total: 946198 ns
[2024-02-19T23:19:37.671+0000][7][safepoint   ] Safepoint "ICBufferFull", Time since last: 397379301 ns, Reaching safepoint: 193690 ns, At safepoint: 3809 ns, Total: 197499 ns
[2024-02-19T23:19:38.288+0000][7][gc,start    ] GC(10) Pause Young (Concurrent Start) (Metadata GC Threshold)
[2024-02-19T23:19:38.288+0000][7][gc,task     ] GC(10) Using 8 workers of 8 for evacuation
[2024-02-19T23:19:38.288+0000][7][gc,age      ] GC(10) Desired survivor size 41943040 bytes, new threshold 15 (max threshold 15)
[2024-02-19T23:19:38.318+0000][7][gc,phases   ] GC(10)   Pre Evacuate Collection Set: 0.3ms
[2024-02-19T23:19:38.318+0000][7][gc,phases   ] GC(10)   Merge Heap Roots: 0.0ms
[2024-02-19T23:19:38.318+0000][7][gc,phases   ] GC(10)   Evacuate Collection Set: 27.4ms
[2024-02-19T23:19:38.318+0000][7][gc,phases   ] GC(10)   Post Evacuate Collection Set: 2.0ms
[2024-02-19T23:19:38.318+0000][7][gc,phases   ] GC(10)   Other: 0.0ms
[2024-02-19T23:19:38.318+0000][7][gc,age      ] GC(10) Age table with threshold 15 (max threshold 15)
[2024-02-19T23:19:38.318+0000][7][gc,age      ] GC(10) - age   1:   17130992 bytes,   17130992 total
[2024-02-19T23:19:38.318+0000][7][gc,age      ] GC(10) - age   2:   24005344 bytes,   41136336 total
[2024-02-19T23:19:38.318+0000][7][gc,age      ] GC(10) - age   3:    4198320 bytes,   45334656 total
[2024-02-19T23:19:38.318+0000][7][gc,age      ] GC(10) - age   4:    8871896 bytes,   54206552 total
[2024-02-19T23:19:38.318+0000][7][gc,age      ] GC(10) - age   5:    1190248 bytes,   55396800 total
[2024-02-19T23:19:38.318+0000][7][gc,age      ] GC(10) - age   6:    1469600 bytes,   56866400 total
[2024-02-19T23:19:38.318+0000][7][gc,age      ] GC(10) - age   7:    1205472 bytes,   58071872 total
[2024-02-19T23:19:38.318+0000][7][gc,heap     ] GC(10) Eden regions: 114->0(138)
[2024-02-19T23:19:38.318+0000][7][gc,heap     ] GC(10) Survivor regions: 11->15(20)
[2024-02-19T23:19:38.318+0000][7][gc,heap     ] GC(10) Old regions: 2->2
[2024-02-19T23:19:38.318+0000][7][gc,heap     ] GC(10) Archive regions: 2->2
[2024-02-19T23:19:38.318+0000][7][gc,heap     ] GC(10) Humongous regions: 0->0
[2024-02-19T23:19:38.318+0000][7][gc,metaspace] GC(10) Metaspace: 97227K(100160K)->97227K(100160K) NonClass: 84051K(85568K)->84051K(85568K) Class: 13175K(14592K)->13175K(14592K)
[2024-02-19T23:19:38.318+0000][7][gc          ] GC(10) Pause Young (Concurrent Start) (Metadata GC Threshold) 507M->67M(1024M) 29.918ms
[2024-02-19T23:19:38.318+0000][7][gc          ] GC(11) Concurrent Mark Cycle
[2024-02-19T23:19:38.318+0000][7][gc,cpu      ] GC(10) User=0.17s Sys=0.00s Real=0.03s
[2024-02-19T23:19:38.318+0000][7][gc,marking  ] GC(11) Concurrent Clear Claimed Marks
[2024-02-19T23:19:38.318+0000][7][safepoint   ] Safepoint "CollectForMetadataAllocation", Time since last: 617000133 ns, Reaching safepoint: 344002 ns, At safepoint: 30036203 ns, Total: 30380205 ns
[2024-02-19T23:19:38.319+0000][7][gc,marking  ] GC(11) Concurrent Clear Claimed Marks 0.343ms
[2024-02-19T23:19:38.319+0000][7][gc,marking  ] GC(11) Concurrent Scan Root Regions
[2024-02-19T23:19:38.349+0000][7][gc,marking  ] GC(11) Concurrent Scan Root Regions 30.065ms
[2024-02-19T23:19:38.349+0000][7][gc,marking  ] GC(11) Concurrent Mark
[2024-02-19T23:19:38.349+0000][7][gc,marking  ] GC(11) Concurrent Mark From Roots
[2024-02-19T23:19:38.349+0000][7][gc,task     ] GC(11) Using 2 workers of 2 for marking
[2024-02-19T23:19:38.355+0000][7][gc,marking  ] GC(11) Concurrent Mark From Roots 6.276ms
[2024-02-19T23:19:38.355+0000][7][gc,marking  ] GC(11) Concurrent Preclean
[2024-02-19T23:19:38.355+0000][7][gc,marking  ] GC(11) Concurrent Preclean 0.032ms
[2024-02-19T23:19:38.355+0000][7][gc,start    ] GC(11) Pause Remark
[2024-02-19T23:19:38.358+0000][7][gc          ] GC(11) Pause Remark 79M->79M(1024M) 2.781ms
[2024-02-19T23:19:38.358+0000][7][gc,cpu      ] GC(11) User=0.01s Sys=0.00s Real=0.00s
[2024-02-19T23:19:38.358+0000][7][safepoint   ] Safepoint "G1Concurrent", Time since last: 37085070 ns, Reaching safepoint: 110849 ns, At safepoint: 2864471 ns, Total: 2975320 ns
[2024-02-19T23:19:38.358+0000][7][gc,marking  ] GC(11) Concurrent Mark 9.380ms
[2024-02-19T23:19:38.358+0000][7][gc,marking  ] GC(11) Concurrent Rebuild Remembered Sets
[2024-02-19T23:19:38.362+0000][7][gc,marking  ] GC(11) Concurrent Rebuild Remembered Sets 3.993ms
[2024-02-19T23:19:38.362+0000][7][gc,start    ] GC(11) Pause Cleanup
[2024-02-19T23:19:38.363+0000][7][gc          ] GC(11) Pause Cleanup 81M->81M(1024M) 0.060ms
[2024-02-19T23:19:38.363+0000][7][gc,cpu      ] GC(11) User=0.00s Sys=0.00s Real=0.00s
[2024-02-19T23:19:38.363+0000][7][safepoint   ] Safepoint "G1Concurrent", Time since last: 4093361 ns, Reaching safepoint: 92826 ns, At safepoint: 83219 ns, Total: 176045 ns
[2024-02-19T23:19:38.363+0000][7][gc,marking  ] GC(11) Concurrent Cleanup for Next Mark
[2024-02-19T23:19:38.364+0000][7][gc,marking  ] GC(11) Concurrent Cleanup for Next Mark 1.295ms
[2024-02-19T23:19:38.364+0000][7][gc          ] GC(11) Concurrent Mark Cycle 45.743ms
[2024-02-19T23:19:38.580+0000][7][safepoint   ] Safepoint "ICBufferFull", Time since last: 217712465 ns, Reaching safepoint: 137914 ns, At safepoint: 2860 ns, Total: 140774 ns
[2024-02-19T23:19:38.655+0000][7][safepoint   ] Safepoint "ICBufferFull", Time since last: 74798707 ns, Reaching safepoint: 113779 ns, At safepoint: 2493 ns, Total: 116272 ns
[2024-02-19T23:19:38.969+0000][7][safepoint   ] Safepoint "ICBufferFull", Time since last: 313288066 ns, Reaching safepoint: 136112 ns, At safepoint: 3081 ns, Total: 139193 ns
[2024-02-19T23:19:39.267+0000][7][safepoint   ] Safepoint "ICBufferFull", Time since last: 298332855 ns, Reaching safepoint: 121582 ns, At safepoint: 3206 ns, Total: 124788 ns
[2024-02-19T23:19:39.635+0000][7][safepoint   ] Safepoint "ICBufferFull", Time since last: 367654912 ns, Reaching safepoint: 316809 ns, At safepoint: 8640 ns, Total: 325449 ns
[2024-02-19T23:19:39.743+0000][7][safepoint   ] Safepoint "ICBufferFull", Time since last: 107423269 ns, Reaching safepoint: 89584 ns, At safepoint: 3110 ns, Total: 92694 ns
[2024-02-19T23:19:39.907+0000][7][safepoint   ] Safepoint "ICBufferFull", Time since last: 164524923 ns, Reaching safepoint: 191743 ns, At safepoint: 3584 ns, Total: 195327 ns
[2024-02-19T23:19:40.138+0000][7][safepoint   ] Safepoint "ICBufferFull", Time since last: 230270419 ns, Reaching safepoint: 229379 ns, At safepoint: 5443 ns, Total: 234822 ns
[2024-02-19T23:19:41.154+0000][7][safepoint   ] Safepoint "Cleanup", Time since last: 1003605412 ns, Reaching safepoint: 12180637 ns, At safepoint: 13519 ns, Total: 12194156 ns
[2024-02-19T23:19:41.457+0000][7][safepoint   ] Safepoint "ICBufferFull", Time since last: 302889974 ns, Reaching safepoint: 137329 ns, At safepoint: 5238 ns, Total: 142567 ns
[2024-02-19T23:19:41.630+0000][7][safepoint   ] Safepoint "ICBufferFull", Time since last: 173143121 ns, Reaching safepoint: 190109 ns, At safepoint: 9069 ns, Total: 199178 ns
[2024-02-19T23:19:41.817+0000][7][safepoint   ] Safepoint "ICBufferFull", Time since last: 187110047 ns, Reaching safepoint: 154330 ns, At safepoint: 5266 ns, Total: 159596 ns
[2024-02-19T23:19:42.025+0000][7][safepoint   ] Safepoint "ICBufferFull", Time since last: 207490775 ns, Reaching safepoint: 120998 ns, At safepoint: 3450 ns, Total: 124448 ns
[2024-02-19T23:19:43.523+0000][7][safepoint   ] Safepoint "ICBufferFull", Time since last: 1498024565 ns, Reaching safepoint: 172031 ns, At safepoint: 7138 ns, Total: 179169 ns
[2024-02-19T23:19:43.808+0000][7][safepoint   ] Safepoint "ICBufferFull", Time since last: 284307523 ns, Reaching safepoint: 216841 ns, At safepoint: 15696 ns, Total: 232537 ns
[2024-02-19T23:19:44.566+0000][7][safepoint   ] Safepoint "ICBufferFull", Time since last: 757569776 ns, Reaching safepoint: 252458 ns, At safepoint: 4622 ns, Total: 257080 ns
[2024-02-19T23:19:45.566+0000][7][safepoint   ] Safepoint "Cleanup", Time since last: 1000114562 ns, Reaching safepoint: 65922 ns, At safepoint: 4260 ns, Total: 70182 ns
[2024-02-19T23:19:46.566+0000][7][safepoint   ] Safepoint "Cleanup", Time since last: 1000188055 ns, Reaching safepoint: 233419 ns, At safepoint: 11918 ns, Total: 245337 ns
[2024-02-19T23:19:46.954+0000][7][safepoint   ] Safepoint "ICBufferFull", Time since last: 387580259 ns, Reaching safepoint: 200723 ns, At safepoint: 14902 ns, Total: 215625 ns
[2024-02-19T23:19:47.954+0000][7][safepoint   ] Safepoint "Cleanup", Time since last: 1000131399 ns, Reaching safepoint: 176586 ns, At safepoint: 5176 ns, Total: 181762 ns
[2024-02-19T23:19:48.954+0000][7][safepoint   ] Safepoint "Cleanup", Time since last: 1000139943 ns, Reaching safepoint: 45816 ns, At safepoint: 17080 ns, Total: 62896 ns
[2024-02-19T23:19:49.955+0000][7][safepoint   ] Safepoint "Cleanup", Time since last: 1000179761 ns, Reaching safepoint: 170342 ns, At safepoint: 15846 ns, Total: 186188 ns
[2024-02-19T23:19:50.955+0000][7][safepoint   ] Safepoint "Cleanup", Time since last: 1000134408 ns, Reaching safepoint: 96511 ns, At safepoint: 13237 ns, Total: 109748 ns
[2024-02-19T23:19:51.955+0000][7][safepoint   ] Safepoint "Cleanup", Time since last: 1000218653 ns, Reaching safepoint: 77123 ns, At safepoint: 8321 ns, Total: 85444 ns
[2024-02-19T23:19:52.846+0000][7][safepoint   ] Safepoint "ICBufferFull", Time since last: 890482644 ns, Reaching safepoint: 150860 ns, At safepoint: 4341 ns, Total: 155201 ns
[2024-02-19T23:19:53.846+0000][7][safepoint   ] Safepoint "Cleanup", Time since last: 1000093141 ns, Reaching safepoint: 84493 ns, At safepoint: 4605 ns, Total: 89098 ns
[2024-02-19T23:19:54.847+0000][7][safepoint   ] Safepoint "Cleanup", Time since last: 1000225282 ns, Reaching safepoint: 75592 ns, At safepoint: 8709 ns, Total: 84301 ns
[2024-02-19T23:19:55.847+0000][7][safepoint   ] Safepoint "Cleanup", Time since last: 1000123388 ns, Reaching safepoint: 85621 ns, At safepoint: 5047 ns, Total: 90668 ns
[2024-02-19T23:19:56.847+0000][7][safepoint   ] Safepoint "Cleanup", Time since last: 1000233054 ns, Reaching safepoint: 79549 ns, At safepoint: 7374 ns, Total: 86923 ns
[2024-02-19T23:19:58.847+0000][7][safepoint   ] Safepoint "Cleanup", Time since last: 2000240130 ns, Reaching safepoint: 161985 ns, At safepoint: 7878 ns, Total: 169863 ns
[2024-02-19T23:19:59.892+0000][7][safepoint   ] Safepoint "Cleanup", Time since last: 1044020578 ns, Reaching safepoint: 165206 ns, At safepoint: 7735 ns, Total: 172941 ns
[2024-02-19T23:20:00.892+0000][7][safepoint   ] Safepoint "Cleanup", Time since last: 1000114297 ns, Reaching safepoint: 81081 ns, At safepoint: 5471 ns, Total: 86552 ns
[2024-02-19T23:20:01.892+0000][7][safepoint   ] Safepoint "Cleanup", Time since last: 1000146512 ns, Reaching safepoint: 95288 ns, At safepoint: 8128 ns, Total: 103416 ns
[2024-02-19T23:20:03.892+0000][7][safepoint   ] Safepoint "Cleanup", Time since last: 2000219618 ns, Reaching safepoint: 81476 ns, At safepoint: 8340 ns, Total: 89816 ns
[2024-02-19T23:20:04.893+0000][7][safepoint   ] Safepoint "Cleanup", Time since last: 1000115864 ns, Reaching safepoint: 87015 ns, At safepoint: 3994 ns, Total: 91009 ns
[2024-02-19T23:20:05.893+0000][7][safepoint   ] Safepoint "Cleanup", Time since last: 1000198163 ns, Reaching safepoint: 68975 ns, At safepoint: 5244 ns, Total: 74219 ns
[2024-02-19T23:20:07.893+0000][7][safepoint   ] Safepoint "Cleanup", Time since last: 2000329329 ns, Reaching safepoint: 61742 ns, At safepoint: 8439 ns, Total: 70181 ns
[2024-02-19T23:20:08.894+0000][7][safepoint   ] Safepoint "Cleanup", Time since last: 1000132446 ns, Reaching safepoint: 88356 ns, At safepoint: 7571 ns, Total: 95927 ns
[2024-02-19T23:20:09.894+0000][7][safepoint   ] Safepoint "Cleanup", Time since last: 1000126028 ns, Reaching safepoint: 145615 ns, At safepoint: 10707 ns, Total: 156322 ns
[2024-02-19T23:20:10.894+0000][7][safepoint   ] Safepoint "Cleanup", Time since last: 1000186516 ns, Reaching safepoint: 163705 ns, At safepoint: 8439 ns, Total: 172144 ns
[2024-02-19T23:20:11.894+0000][7][safepoint   ] Safepoint "Cleanup", Time since last: 1000117920 ns, Reaching safepoint: 80161 ns, At safepoint: 5512 ns, Total: 85673 ns
[2024-02-19T23:20:12.895+0000][7][safepoint   ] Safepoint "Cleanup", Time since last: 1000130957 ns, Reaching safepoint: 82236 ns, At safepoint: 6199 ns, Total: 88435 ns
[2024-02-19T23:20:13.895+0000][7][safepoint   ] Safepoint "Cleanup", Time since last: 1000139168 ns, Reaching safepoint: 65425 ns, At safepoint: 3610 ns, Total: 69035 ns
[2024-02-19T23:20:14.895+0000][7][safepoint   ] Safepoint "Cleanup", Time since last: 1000159099 ns, Reaching safepoint: 83958 ns, At safepoint: 10402 ns, Total: 94360 ns
[2024-02-19T23:20:16.896+0000][7][safepoint   ] Safepoint "Cleanup", Time since last: 2000301235 ns, Reaching safepoint: 173627 ns, At safepoint: 19904 ns, Total: 193531 ns
[2024-02-19T23:20:17.896+0000][7][safepoint   ] Safepoint "Cleanup", Time since last: 1000209815 ns, Reaching safepoint: 68061 ns, At safepoint: 10058 ns, Total: 78119 ns
[2024-02-19T23:20:18.896+0000][7][safepoint   ] Safepoint "Cleanup", Time since last: 1000212424 ns, Reaching safepoint: 64638 ns, At safepoint: 6389 ns, Total: 71027 ns
[2024-02-19T23:20:19.896+0000][7][safepoint   ] Safepoint "Cleanup", Time since last: 1000212228 ns, Reaching safepoint: 75897 ns, At safepoint: 11568 ns, Total: 87465 ns
[2024-02-19T23:20:21.897+0000][7][safepoint   ] Safepoint "Cleanup", Time since last: 2000181415 ns, Reaching safepoint: 65178 ns, At safepoint: 8146 ns, Total: 73324 ns
[2024-02-19T23:20:22.897+0000][7][safepoint   ] Safepoint "Cleanup", Time since last: 1000215552 ns, Reaching safepoint: 81173 ns, At safepoint: 5033 ns, Total: 86206 ns
[2024-02-19T23:20:23.897+0000][7][safepoint   ] Safepoint "Cleanup", Time since last: 1000176984 ns, Reaching safepoint: 92147 ns, At safepoint: 7753 ns, Total: 99900 ns
[2024-02-19T23:20:24.898+0000][7][safepoint   ] Safepoint "Cleanup", Time since last: 1000219123 ns, Reaching safepoint: 89790 ns, At safepoint: 8856 ns, Total: 98646 ns
[2024-02-19T23:20:25.898+0000][7][safepoint   ] Safepoint "Cleanup", Time since last: 1000135312 ns, Reaching safepoint: 109472 ns, At safepoint: 10638 ns, Total: 120110 ns
[2024-02-19T23:20:26.898+0000][7][safepoint   ] Safepoint "Cleanup", Time since last: 1000154475 ns, Reaching safepoint: 58266 ns, At safepoint: 11809 ns, Total: 70075 ns
[2024-02-19T23:20:28.898+0000][7][safepoint   ] Safepoint "Cleanup", Time since last: 2000189111 ns, Reaching safepoint: 92343 ns, At safepoint: 10345 ns, Total: 102688 ns
[2024-02-19T23:20:29.899+0000][7][safepoint   ] Safepoint "Cleanup", Time since last: 1000131808 ns, Reaching safepoint: 52023 ns, At safepoint: 6198 ns, Total: 58221 ns
[2024-02-19T23:20:31.899+0000][7][safepoint   ] Safepoint "Cleanup", Time since last: 2000200675 ns, Reaching safepoint: 107830 ns, At safepoint: 8165 ns, Total: 115995 ns
[2024-02-19T23:20:33.899+0000][7][safepoint   ] Safepoint "Cleanup", Time since last: 2000397910 ns, Reaching safepoint: 64889 ns, At safepoint: 9382 ns, Total: 74271 ns
[2024-02-19T23:20:34.900+0000][7][safepoint   ] Safepoint "Cleanup", Time since last: 1000117902 ns, Reaching safepoint: 65870 ns, At safepoint: 3577 ns, Total: 69447 ns
[2024-02-19T23:20:35.900+0000][7][safepoint   ] Safepoint "Cleanup", Time since last: 1000140037 ns, Reaching safepoint: 99960 ns, At safepoint: 6655 ns, Total: 106615 ns
[2024-02-19T23:20:36.900+0000][7][safepoint   ] Safepoint "Cleanup", Time since last: 1000264881 ns, Reaching safepoint: 110424 ns, At safepoint: 27607 ns, Total: 138031 ns
[2024-02-19T23:20:37.901+0000][7][safepoint   ] Safepoint "Cleanup", Time since last: 1000801509 ns, Reaching safepoint: 70638 ns, At safepoint: 5268 ns, Total: 75906 ns
[2024-02-19T23:20:38.901+0000][7][safepoint   ] Safepoint "Cleanup", Time since last: 1000097134 ns, Reaching safepoint: 46118 ns, At safepoint: 3357 ns, Total: 49475 ns
[2024-02-19T23:20:39.902+0000][7][safepoint   ] Safepoint "Cleanup", Time since last: 1000238508 ns, Reaching safepoint: 100613 ns, At safepoint: 12086 ns, Total: 112699 ns
[2024-02-19T23:20:40.902+0000][7][safepoint   ] Safepoint "Cleanup", Time since last: 1000128417 ns, Reaching safepoint: 94111 ns, At safepoint: 9403 ns, Total: 103514 ns
[2024-02-19T23:20:41.902+0000][7][safepoint   ] Safepoint "Cleanup", Time since last: 1000484357 ns, Reaching safepoint: 90791 ns, At safepoint: 11272 ns, Total: 102063 ns
[2024-02-19T23:20:42.903+0000][7][safepoint   ] Safepoint "Cleanup", Time since last: 1000181879 ns, Reaching safepoint: 64898 ns, At safepoint: 7304 ns, Total: 72202 ns
[2024-02-19T23:20:43.780+0000][7][gc,start    ] GC(12) Pause Young (Normal) (G1 Evacuation Pause)
[2024-02-19T23:20:43.780+0000][7][gc,task     ] GC(12) Using 8 workers of 8 for evacuation
[2024-02-19T23:20:43.780+0000][7][gc,age      ] GC(12) Desired survivor size 41943040 bytes, new threshold 3 (max threshold 15)
[2024-02-19T23:20:43.825+0000][7][gc,phases   ] GC(12)   Pre Evacuate Collection Set: 0.1ms
[2024-02-19T23:20:43.825+0000][7][gc,phases   ] GC(12)   Merge Heap Roots: 0.1ms
[2024-02-19T23:20:43.825+0000][7][gc,phases   ] GC(12)   Evacuate Collection Set: 41.9ms
[2024-02-19T23:20:43.825+0000][7][gc,phases   ] GC(12)   Post Evacuate Collection Set: 2.9ms
[2024-02-19T23:20:43.825+0000][7][gc,phases   ] GC(12)   Other: 0.1ms
[2024-02-19T23:20:43.825+0000][7][gc,age      ] GC(12) Age table with threshold 3 (max threshold 15)
[2024-02-19T23:20:43.825+0000][7][gc,age      ] GC(12) - age   1:   23249512 bytes,   23249512 total
[2024-02-19T23:20:43.825+0000][7][gc,age      ] GC(12) - age   2:   16549848 bytes,   39799360 total
[2024-02-19T23:20:43.825+0000][7][gc,age      ] GC(12) - age   3:   23747248 bytes,   63546608 total
[2024-02-19T23:20:43.825+0000][7][gc,heap     ] GC(12) Eden regions: 138->0(136)
[2024-02-19T23:20:43.825+0000][7][gc,heap     ] GC(12) Survivor regions: 15->17(20)
[2024-02-19T23:20:43.825+0000][7][gc,heap     ] GC(12) Old regions: 2->6
[2024-02-19T23:20:43.825+0000][7][gc,heap     ] GC(12) Archive regions: 2->2
[2024-02-19T23:20:43.825+0000][7][gc,heap     ] GC(12) Humongous regions: 0->0
[2024-02-19T23:20:43.825+0000][7][gc,metaspace] GC(12) Metaspace: 120048K(123456K)->120048K(123456K) NonClass: 103807K(105536K)->103807K(105536K) Class: 16240K(17920K)->16240K(17920K)
[2024-02-19T23:20:43.825+0000][7][gc          ] GC(12) Pause Young (Normal) (G1 Evacuation Pause) 619M->92M(1024M) 45.338ms
[2024-02-19T23:20:43.825+0000][7][gc,cpu      ] GC(12) User=0.33s Sys=0.00s Real=0.05s
[2024-02-19T23:20:43.825+0000][7][safepoint   ] Safepoint "G1CollectForAllocation", Time since last: 876953120 ns, Reaching safepoint: 162069 ns, At safepoint: 45432271 ns, Total: 45594340 ns
[2024-02-19T23:20:44.825+0000][7][safepoint   ] Safepoint "Cleanup", Time since last: 1000123394 ns, Reaching safepoint: 114486 ns, At safepoint: 5560 ns, Total: 120046 ns
[2024-02-19T23:20:46.826+0000][7][safepoint   ] Safepoint "Cleanup", Time since last: 2000534881 ns, Reaching safepoint: 142935 ns, At safepoint: 11396 ns, Total: 154331 ns
[2024-02-19T23:20:47.826+0000][7][safepoint   ] Safepoint "Cleanup", Time since last: 1000135382 ns, Reaching safepoint: 83939 ns, At safepoint: 8954 ns, Total: 92893 ns
[2024-02-19T23:20:48.827+0000][7][safepoint   ] Safepoint "Cleanup", Time since last: 1000144338 ns, Reaching safepoint: 81025 ns, At safepoint: 5401 ns, Total: 86426 ns
[2024-02-19T23:20:49.827+0000][7][safepoint   ] Safepoint "Cleanup", Time since last: 1000127621 ns, Reaching safepoint: 72264 ns, At safepoint: 8810 ns, Total: 81074 ns
[2024-02-19T23:20:50.827+0000][7][safepoint   ] Safepoint "Cleanup", Time since last: 1000286004 ns, Reaching safepoint: 85960 ns, At safepoint: 9405 ns, Total: 95365 ns
[2024-02-19T23:20:51.827+0000][7][safepoint   ] Safepoint "Cleanup", Time since last: 1000243755 ns, Reaching safepoint: 68766 ns, At safepoint: 20236 ns, Total: 89002 ns
[2024-02-19T23:20:52.828+0000][7][safepoint   ] Safepoint "Cleanup", Time since last: 1000249117 ns, Reaching safepoint: 51567 ns, At safepoint: 8596 ns, Total: 60163 ns
[2024-02-19T23:20:53.828+0000][7][safepoint   ] Safepoint "Cleanup", Time since last: 1000127665 ns, Reaching safepoint: 74768 ns, At safepoint: 14554 ns, Total: 89322 ns
[2024-02-19T23:20:55.828+0000][7][safepoint   ] Safepoint "Cleanup", Time since last: 2000300758 ns, Reaching safepoint: 79308 ns, At safepoint: 4375 ns, Total: 83683 ns
[2024-02-19T23:20:56.829+0000][7][safepoint   ] Safepoint "Cleanup", Time since last: 1000145467 ns, Reaching safepoint: 53096 ns, At safepoint: 6421 ns, Total: 59517 ns
[2024-02-19T23:20:58.829+0000][7][safepoint   ] Safepoint "Cleanup", Time since last: 2000273301 ns, Reaching safepoint: 73417 ns, At safepoint: 3553 ns, Total: 76970 ns
[2024-02-19T23:20:59.829+0000][7][safepoint   ] Safepoint "Cleanup", Time since last: 1000092017 ns, Reaching safepoint: 33260 ns, At safepoint: 5040 ns, Total: 38300 ns
[2024-02-19T23:21:00.829+0000][7][safepoint   ] Safepoint "Cleanup", Time since last: 1000091484 ns, Reaching safepoint: 39170 ns, At safepoint: 3106 ns, Total: 42276 ns
[2024-02-19T23:21:01.829+0000][7][safepoint   ] Safepoint "Cleanup", Time since last: 1000106541 ns, Reaching safepoint: 118040 ns, At safepoint: 4010 ns, Total: 122050 ns
[2024-02-19T23:21:02.830+0000][7][safepoint   ] Safepoint "Cleanup", Time since last: 1000205116 ns, Reaching safepoint: 140442 ns, At safepoint: 10055 ns, Total: 150497 ns
[2024-02-19T23:21:03.830+0000][7][safepoint   ] Safepoint "Cleanup", Time since last: 1000202941 ns, Reaching safepoint: 48747 ns, At safepoint: 6091 ns, Total: 54838 ns
[2024-02-19T23:21:04.830+0000][7][safepoint   ] Safepoint "Cleanup", Time since last: 1000133294 ns, Reaching safepoint: 45890 ns, At safepoint: 3513 ns, Total: 49403 ns
[2024-02-19T23:21:05.831+0000][7][safepoint   ] Safepoint "Cleanup", Time since last: 1000200219 ns, Reaching safepoint: 81977 ns, At safepoint: 14030 ns, Total: 96007 ns
[2024-02-19T23:21:07.831+0000][7][safepoint   ] Safepoint "Cleanup", Time since last: 2000175048 ns, Reaching safepoint: 89252 ns, At safepoint: 3250 ns, Total: 92502 ns
[2024-02-19T23:21:08.831+0000][7][safepoint   ] Safepoint "Cleanup", Time since last: 1000238745 ns, Reaching safepoint: 203929 ns, At safepoint: 17782 ns, Total: 221711 ns
[2024-02-19T23:21:09.832+0000][7][safepoint   ] Safepoint "Cleanup", Time since last: 1000225107 ns, Reaching safepoint: 102512 ns, At safepoint: 10751 ns, Total: 113263 ns
[2024-02-19T23:21:10.832+0000][7][safepoint   ] Safepoint "Cleanup", Time since last: 1000156397 ns, Reaching safepoint: 127533 ns, At safepoint: 18612 ns, Total: 146145 ns
[2024-02-19T23:21:11.832+0000][7][safepoint   ] Safepoint "Cleanup", Time since last: 1000245891 ns, Reaching safepoint: 103548 ns, At safepoint: 12359 ns, Total: 115907 ns
[2024-02-19T23:21:12.832+0000][7][safepoint   ] Safepoint "Cleanup", Time since last: 1000162826 ns, Reaching safepoint: 56861 ns, At safepoint: 5080 ns, Total: 61941 ns
[2024-02-19T23:21:13.833+0000][7][safepoint   ] Safepoint "Cleanup", Time since last: 1000207073 ns, Reaching safepoint: 71881 ns, At safepoint: 4954 ns, Total: 76835 ns
[2024-02-19T23:21:14.833+0000][7][safepoint   ] Safepoint "Cleanup", Time since last: 1000231269 ns, Reaching safepoint: 145062 ns, At safepoint: 7103 ns, Total: 152165 ns
[2024-02-19T23:21:15.833+0000][7][safepoint   ] Safepoint "Cleanup", Time since last: 1000161370 ns, Reaching safepoint: 59576 ns, At safepoint: 5412 ns, Total: 64988 ns
[2024-02-19T23:21:16.835+0000][7][safepoint   ] Safepoint "Cleanup", Time since last: 1000161648 ns, Reaching safepoint: 1100133 ns, At safepoint: 16081 ns, Total: 1116214 ns
[2024-02-19T23:21:17.835+0000][7][safepoint   ] Safepoint "Cleanup", Time since last: 1000153811 ns, Reaching safepoint: 97714 ns, At safepoint: 5180 ns, Total: 102894 ns
[2024-02-19T23:21:18.835+0000][7][safepoint   ] Safepoint "Cleanup", Time since last: 1000111031 ns, Reaching safepoint: 57159 ns, At safepoint: 4005 ns, Total: 61164 ns
[2024-02-19T23:21:19.835+0000][7][safepoint   ] Safepoint "Cleanup", Time since last: 1000129198 ns, Reaching safepoint: 37703 ns, At safepoint: 3211 ns, Total: 40914 ns
[2024-02-19T23:21:22.836+0000][7][safepoint   ] Safepoint "Cleanup", Time since last: 3000289012 ns, Reaching safepoint: 158853 ns, At safepoint: 7270 ns, Total: 166123 ns
[2024-02-19T23:21:23.836+0000][7][safepoint   ] Safepoint "Cleanup", Time since last: 1000168240 ns, Reaching safepoint: 62903 ns, At safepoint: 4683 ns, Total: 67586 ns
[2024-02-19T23:21:24.836+0000][7][safepoint   ] Safepoint "Cleanup", Time since last: 1000146599 ns, Reaching safepoint: 140000 ns, At safepoint: 7013 ns, Total: 147013 ns
[2024-02-19T23:21:26.837+0000][7][safepoint   ] Safepoint "Cleanup", Time since last: 2000234188 ns, Reaching safepoint: 67589 ns, At safepoint: 7904 ns, Total: 75493 ns
[2024-02-19T23:21:28.837+0000][7][safepoint   ] Safepoint "Cleanup", Time since last: 2000218730 ns, Reaching safepoint: 72719 ns, At safepoint: 4863 ns, Total: 77582 ns
[2024-02-19T23:21:29.837+0000][7][safepoint   ] Safepoint "Cleanup", Time since last: 1000209699 ns, Reaching safepoint: 79706 ns, At safepoint: 7962 ns, Total: 87668 ns
[2024-02-19T23:21:30.837+0000][7][safepoint   ] Safepoint "Cleanup", Time since last: 1000134062 ns, Reaching safepoint: 100896 ns, At safepoint: 6170 ns, Total: 107066 ns
[2024-02-19T23:21:31.838+0000][7][safepoint   ] Safepoint "Cleanup", Time since last: 1000137419 ns, Reaching safepoint: 71805 ns, At safepoint: 4760 ns, Total: 76565 ns
[2024-02-19T23:21:33.838+0000][7][safepoint   ] Safepoint "Cleanup", Time since last: 2000168692 ns, Reaching safepoint: 88692 ns, At safepoint: 5566 ns, Total: 94258 ns
[2024-02-19T23:21:34.838+0000][7][safepoint   ] Safepoint "Cleanup", Time since last: 1000116620 ns, Reaching safepoint: 104028 ns, At safepoint: 4590 ns, Total: 108618 ns
[2024-02-19T23:21:35.839+0000][7][safepoint   ] Safepoint "Cleanup", Time since last: 1000240737 ns, Reaching safepoint: 316091 ns, At safepoint: 5839 ns, Total: 321930 ns
[2024-02-19T23:21:36.839+0000][7][safepoint   ] Safepoint "Cleanup", Time since last: 1000163216 ns, Reaching safepoint: 74936 ns, At safepoint: 6916 ns, Total: 81852 ns
[2024-02-19T23:21:37.839+0000][7][safepoint   ] Safepoint "Cleanup", Time since last: 1000176700 ns, Reaching safepoint: 260842 ns, At safepoint: 12177 ns, Total: 273019 ns
[2024-02-19T23:21:39.840+0000][7][safepoint   ] Safepoint "Cleanup", Time since last: 2000395067 ns, Reaching safepoint: 64795 ns, At safepoint: 5603 ns, Total: 70398 ns
[2024-02-19T23:21:40.840+0000][7][safepoint   ] Safepoint "Cleanup", Time since last: 1000191924 ns, Reaching safepoint: 69949 ns, At safepoint: 7134 ns, Total: 77083 ns
[2024-02-19T23:21:41.902+0000][7][safepoint   ] Safepoint "Cleanup", Time since last: 1061934559 ns, Reaching safepoint: 200540 ns, At safepoint: 11510 ns, Total: 212050 ns
[2024-02-19T23:21:43.903+0000][7][safepoint   ] Safepoint "Cleanup", Time since last: 2000235467 ns, Reaching safepoint: 130100 ns, At safepoint: 5356 ns, Total: 135456 ns
[2024-02-19T23:21:44.903+0000][7][safepoint   ] Safepoint "Cleanup", Time since last: 1000214454 ns, Reaching safepoint: 64532 ns, At safepoint: 8368 ns, Total: 72900 ns
[2024-02-19T23:21:46.903+0000][7][safepoint   ] Safepoint "Cleanup", Time since last: 2000228511 ns, Reaching safepoint: 112726 ns, At safepoint: 5401 ns, Total: 118127 ns
[2024-02-19T23:21:47.903+0000][7][safepoint   ] Safepoint "Cleanup", Time since last: 1000122858 ns, Reaching safepoint: 121194 ns, At safepoint: 4154 ns, Total: 125348 ns
[2024-02-19T23:21:48.904+0000][7][safepoint   ] Safepoint "Cleanup", Time since last: 1000105711 ns, Reaching safepoint: 39621 ns, At safepoint: 3396 ns, Total: 43017 ns
[2024-02-19T23:21:49.904+0000][7][safepoint   ] Safepoint "Cleanup", Time since last: 1000139107 ns, Reaching safepoint: 56097 ns, At safepoint: 6198 ns, Total: 62295 ns
[2024-02-19T23:21:52.904+0000][7][safepoint   ] Safepoint "Cleanup", Time since last: 3000277528 ns, Reaching safepoint: 100160 ns, At safepoint: 6765 ns, Total: 106925 ns
[2024-02-19T23:21:53.904+0000][7][safepoint   ] Safepoint "Cleanup", Time since last: 1000150154 ns, Reaching safepoint: 75262 ns, At safepoint: 8585 ns, Total: 83847 ns
[2024-02-19T23:21:55.905+0000][7][safepoint   ] Safepoint "Cleanup", Time since last: 2000373081 ns, Reaching safepoint: 91528 ns, At safepoint: 9679 ns, Total: 101207 ns
[2024-02-19T23:21:58.905+0000][7][safepoint   ] Safepoint "Cleanup", Time since last: 3000391342 ns, Reaching safepoint: 62173 ns, At safepoint: 5900 ns, Total: 68073 ns
[2024-02-19T23:21:59.906+0000][7][safepoint   ] Safepoint "Cleanup", Time since last: 1000165747 ns, Reaching safepoint: 81562 ns, At safepoint: 15390 ns, Total: 96952 ns
[2024-02-19T23:22:01.906+0000][7][safepoint   ] Safepoint "Cleanup", Time since last: 2000193249 ns, Reaching safepoint: 65293 ns, At safepoint: 12178 ns, Total: 77471 ns
[2024-02-19T23:22:04.906+0000][7][safepoint   ] Safepoint "Cleanup", Time since last: 3000304330 ns, Reaching safepoint: 148540 ns, At safepoint: 7412 ns, Total: 155952 ns
[2024-02-19T23:22:05.907+0000][7][safepoint   ] Safepoint "Cleanup", Time since last: 1000215174 ns, Reaching safepoint: 65442 ns, At safepoint: 5680 ns, Total: 71122 ns
[2024-02-19T23:22:07.907+0000][7][safepoint   ] Safepoint "Cleanup", Time since last: 2000253325 ns, Reaching safepoint: 53130 ns, At safepoint: 11967 ns, Total: 65097 ns
[2024-02-19T23:22:08.907+0000][7][safepoint   ] Safepoint "Cleanup", Time since last: 1000135942 ns, Reaching safepoint: 43952 ns, At safepoint: 4116 ns, Total: 48068 ns
[2024-02-19T23:22:09.907+0000][7][safepoint   ] Safepoint "Cleanup", Time since last: 1000111162 ns, Reaching safepoint: 45867 ns, At safepoint: 4318 ns, Total: 50185 ns
[2024-02-19T23:22:10.908+0000][7][safepoint   ] Safepoint "Cleanup", Time since last: 1000105587 ns, Reaching safepoint: 69830 ns, At safepoint: 5532 ns, Total: 75362 ns
[2024-02-19T23:22:11.908+0000][7][safepoint   ] Safepoint "Cleanup", Time since last: 1000161330 ns, Reaching safepoint: 73710 ns, At safepoint: 5560 ns, Total: 79270 ns
[2024-02-19T23:22:13.908+0000][7][safepoint   ] Safepoint "Cleanup", Time since last: 2000235217 ns, Reaching safepoint: 103482 ns, At safepoint: 6542 ns, Total: 110024 ns
[2024-02-19T23:22:14.908+0000][7][safepoint   ] Safepoint "Cleanup", Time since last: 1000151569 ns, Reaching safepoint: 56898 ns, At safepoint: 5033 ns, Total: 61931 ns
[2024-02-19T23:22:16.909+0000][7][safepoint   ] Safepoint "Cleanup", Time since last: 2000206651 ns, Reaching safepoint: 83919 ns, At safepoint: 4657 ns, Total: 88576 ns
[2024-02-19T23:22:17.909+0000][7][safepoint   ] Safepoint "Cleanup", Time since last: 1000111098 ns, Reaching safepoint: 92134 ns, At safepoint: 21527 ns, Total: 113661 ns
[2024-02-19T23:22:18.909+0000][7][safepoint   ] Safepoint "Cleanup", Time since last: 1000140808 ns, Reaching safepoint: 61315 ns, At safepoint: 5730 ns, Total: 67045 ns
[2024-02-19T23:22:19.909+0000][7][safepoint   ] Safepoint "Cleanup", Time since last: 1000122074 ns, Reaching safepoint: 74196 ns, At safepoint: 6691 ns, Total: 80887 ns
[2024-02-19T23:22:21.910+0000][7][safepoint   ] Safepoint "Cleanup", Time since last: 2000201395 ns, Reaching safepoint: 63756 ns, At safepoint: 6520 ns, Total: 70276 ns
[2024-02-19T23:22:22.910+0000][7][safepoint   ] Safepoint "Cleanup", Time since last: 1000109430 ns, Reaching safepoint: 59101 ns, At safepoint: 3641 ns, Total: 62742 ns
[2024-02-19T23:22:23.910+0000][7][safepoint   ] Safepoint "Cleanup", Time since last: 1000122418 ns, Reaching safepoint: 74749 ns, At safepoint: 21605 ns, Total: 96354 ns
[2024-02-19T23:22:25.910+0000][7][safepoint   ] Safepoint "Cleanup", Time since last: 2000318077 ns, Reaching safepoint: 79103 ns, At safepoint: 14080 ns, Total: 93183 ns
[2024-02-19T23:22:26.911+0000][7][safepoint   ] Safepoint "Cleanup", Time since last: 1000163041 ns, Reaching safepoint: 74559 ns, At safepoint: 7075 ns, Total: 81634 ns
[2024-02-19T23:22:28.911+0000][7][safepoint   ] Safepoint "Cleanup", Time since last: 2000229230 ns, Reaching safepoint: 81022 ns, At safepoint: 4671 ns, Total: 85693 ns
[2024-02-19T23:22:29.911+0000][7][safepoint   ] Safepoint "Cleanup", Time since last: 1000104340 ns, Reaching safepoint: 59541 ns, At safepoint: 5450 ns, Total: 64991 ns
[2024-02-19T23:22:31.911+0000][7][safepoint   ] Safepoint "Cleanup", Time since last: 2000337531 ns, Reaching safepoint: 120320 ns, At safepoint: 4598 ns, Total: 124918 ns
[2024-02-19T23:22:33.912+0000][7][safepoint   ] Safepoint "Cleanup", Time since last: 2000215140 ns, Reaching safepoint: 64449 ns, At safepoint: 12540 ns, Total: 76989 ns
[2024-02-19T23:22:34.912+0000][7][safepoint   ] Safepoint "Cleanup", Time since last: 1000167051 ns, Reaching safepoint: 129448 ns, At safepoint: 14703 ns, Total: 144151 ns
[2024-02-19T23:22:35.912+0000][7][safepoint   ] Safepoint "Cleanup", Time since last: 1000181951 ns, Reaching safepoint: 41973 ns, At safepoint: 5159 ns, Total: 47132 ns
[2024-02-19T23:22:37.913+0000][7][safepoint   ] Safepoint "Cleanup", Time since last: 2000270168 ns, Reaching safepoint: 54746 ns, At safepoint: 3365 ns, Total: 58111 ns
[2024-02-19T23:22:38.913+0000][7][safepoint   ] Safepoint "Cleanup", Time since last: 1000148825 ns, Reaching safepoint: 73511 ns, At safepoint: 6964 ns, Total: 80475 ns
[2024-02-19T23:22:39.913+0000][7][safepoint   ] Safepoint "Cleanup", Time since last: 1000104309 ns, Reaching safepoint: 70082 ns, At safepoint: 5688 ns, Total: 75770 ns
[2024-02-19T23:22:40.913+0000][7][safepoint   ] Safepoint "Cleanup", Time since last: 1000125549 ns, Reaching safepoint: 108448 ns, At safepoint: 4759 ns, Total: 113207 ns
[2024-02-19T23:22:41.914+0000][7][safepoint   ] Safepoint "Cleanup", Time since last: 1000136789 ns, Reaching safepoint: 126566 ns, At safepoint: 15649 ns, Total: 142215 ns
[2024-02-19T23:22:42.914+0000][7][safepoint   ] Safepoint "Cleanup", Time since last: 1000122723 ns, Reaching safepoint: 57863 ns, At safepoint: 5503 ns, Total: 63366 ns
[2024-02-19T23:22:43.914+0000][7][safepoint   ] Safepoint "Cleanup", Time since last: 1000118170 ns, Reaching safepoint: 81718 ns, At safepoint: 12257 ns, Total: 93975 ns
[2024-02-19T23:22:45.914+0000][7][safepoint   ] Safepoint "Cleanup", Time since last: 2000210847 ns, Reaching safepoint: 51767 ns, At safepoint: 4778 ns, Total: 56545 ns
[2024-02-19T23:22:46.914+0000][7][safepoint   ] Safepoint "Cleanup", Time since last: 1000126874 ns, Reaching safepoint: 52904 ns, At safepoint: 5038 ns, Total: 57942 ns
[2024-02-19T23:22:47.915+0000][7][safepoint   ] Safepoint "Cleanup", Time since last: 1000139401 ns, Reaching safepoint: 68362 ns, At safepoint: 7812 ns, Total: 76174 ns
[2024-02-19T23:22:48.915+0000][7][safepoint   ] Safepoint "Cleanup", Time since last: 1000145339 ns, Reaching safepoint: 59696 ns, At safepoint: 5060 ns, Total: 64756 ns
[2024-02-19T23:22:49.915+0000][7][safepoint   ] Safepoint "Cleanup", Time since last: 1000133363 ns, Reaching safepoint: 63646 ns, At safepoint: 7875 ns, Total: 71521 ns
[2024-02-19T23:22:52.916+0000][7][safepoint   ] Safepoint "Cleanup", Time since last: 3000450325 ns, Reaching safepoint: 53486 ns, At safepoint: 10827 ns, Total: 64313 ns
[2024-02-19T23:22:53.916+0000][7][safepoint   ] Safepoint "Cleanup", Time since last: 1000165881 ns, Reaching safepoint: 73284 ns, At safepoint: 5654 ns, Total: 78938 ns
[2024-02-19T23:22:55.916+0000][7][safepoint   ] Safepoint "Cleanup", Time since last: 2000201239 ns, Reaching safepoint: 58660 ns, At safepoint: 3618 ns, Total: 62278 ns
[2024-02-19T23:22:56.916+0000][7][safepoint   ] Safepoint "Cleanup", Time since last: 1000131863 ns, Reaching safepoint: 79582 ns, At safepoint: 19908 ns, Total: 99490 ns
[2024-02-19T23:22:58.917+0000][7][safepoint   ] Safepoint "Cleanup", Time since last: 2000220567 ns, Reaching safepoint: 84452 ns, At safepoint: 4695 ns, Total: 89147 ns
[2024-02-19T23:22:59.917+0000][7][safepoint   ] Safepoint "Cleanup", Time since last: 1000159461 ns, Reaching safepoint: 50247 ns, At safepoint: 3156 ns, Total: 53403 ns
[2024-02-19T23:23:01.917+0000][7][safepoint   ] Safepoint "Cleanup", Time since last: 2000281999 ns, Reaching safepoint: 58858 ns, At safepoint: 5768 ns, Total: 64626 ns
[2024-02-19T23:23:04.918+0000][7][safepoint   ] Safepoint "Cleanup", Time since last: 3000349023 ns, Reaching safepoint: 141462 ns, At safepoint: 10849 ns, Total: 152311 ns
[2024-02-19T23:23:06.918+0000][7][safepoint   ] Safepoint "Cleanup", Time since last: 2000199994 ns, Reaching safepoint: 75154 ns, At safepoint: 10859 ns, Total: 86013 ns
[2024-02-19T23:23:07.918+0000][7][safepoint   ] Safepoint "Cleanup", Time since last: 1000119251 ns, Reaching safepoint: 62383 ns, At safepoint: 11616 ns, Total: 73999 ns
[2024-02-19T23:23:08.918+0000][7][safepoint   ] Safepoint "Cleanup", Time since last: 1000134660 ns, Reaching safepoint: 61812 ns, At safepoint: 4540 ns, Total: 66352 ns
[2024-02-19T23:23:09.919+0000][7][safepoint   ] Safepoint "Cleanup", Time since last: 1000137857 ns, Reaching safepoint: 63039 ns, At safepoint: 8913 ns, Total: 71952 ns
[2024-02-19T23:23:10.919+0000][7][safepoint   ] Safepoint "Cleanup", Time since last: 1000174211 ns, Reaching safepoint: 79694 ns, At safepoint: 10486 ns, Total: 90180 ns
[2024-02-19T23:23:13.919+0000][7][safepoint   ] Safepoint "Cleanup", Time since last: 3000379087 ns, Reaching safepoint: 47209 ns, At safepoint: 4770 ns, Total: 51979 ns
[2024-02-19T23:23:16.920+0000][7][safepoint   ] Safepoint "Cleanup", Time since last: 3000479134 ns, Reaching safepoint: 129619 ns, At safepoint: 8529 ns, Total: 138148 ns
[2024-02-19T23:23:19.920+0000][7][safepoint   ] Safepoint "Cleanup", Time since last: 3000362711 ns, Reaching safepoint: 65646 ns, At safepoint: 5253 ns, Total: 70899 ns
[2024-02-19T23:23:21.921+0000][7][safepoint   ] Safepoint "Cleanup", Time since last: 2000218194 ns, Reaching safepoint: 74561 ns, At safepoint: 6512 ns, Total: 81073 ns
[2024-02-19T23:23:22.921+0000][7][safepoint   ] Safepoint "Cleanup", Time since last: 1000176538 ns, Reaching safepoint: 66032 ns, At safepoint: 3323 ns, Total: 69355 ns
[2024-02-19T23:23:23.921+0000][7][safepoint   ] Safepoint "Cleanup", Time since last: 1000106845 ns, Reaching safepoint: 61084 ns, At safepoint: 3357 ns, Total: 64441 ns
[2024-02-19T23:23:28.922+0000][7][safepoint   ] Safepoint "Cleanup", Time since last: 5000605875 ns, Reaching safepoint: 69611 ns, At safepoint: 5955 ns, Total: 75566 ns
[2024-02-19T23:23:29.922+0000][7][safepoint   ] Safepoint "Cleanup", Time since last: 1000133941 ns, Reaching safepoint: 112194 ns, At safepoint: 9265 ns, Total: 121459 ns
[2024-02-19T23:23:34.923+0000][7][safepoint   ] Safepoint "Cleanup", Time since last: 5000527023 ns, Reaching safepoint: 64380 ns, At safepoint: 4312 ns, Total: 68692 ns
[2024-02-19T23:23:36.923+0000][7][safepoint   ] Safepoint "Cleanup", Time since last: 2000168758 ns, Reaching safepoint: 76379 ns, At safepoint: 5209 ns, Total: 81588 ns
[2024-02-19T23:23:37.923+0000][7][safepoint   ] Safepoint "Cleanup", Time since last: 1000159801 ns, Reaching safepoint: 82194 ns, At safepoint: 5850 ns, Total: 88044 ns
[2024-02-19T23:23:38.923+0000][7][safepoint   ] Safepoint "Cleanup", Time since last: 1000152891 ns, Reaching safepoint: 68632 ns, At safepoint: 6147 ns, Total: 74779 ns
[2024-02-19T23:23:39.924+0000][7][safepoint   ] Safepoint "Cleanup", Time since last: 1000149501 ns, Reaching safepoint: 54072 ns, At safepoint: 6707 ns, Total: 60779 ns
[2024-02-19T23:23:40.924+0000][7][safepoint   ] Safepoint "Cleanup", Time since last: 1000141365 ns, Reaching safepoint: 132587 ns, At safepoint: 5838 ns, Total: 138425 ns
[2024-02-19T23:23:43.924+0000][7][safepoint   ] Safepoint "Cleanup", Time since last: 3000524060 ns, Reaching safepoint: 107023 ns, At safepoint: 6194 ns, Total: 113217 ns
[2024-02-19T23:23:44.313+0000][7][gc,start    ] GC(13) Pause Young (Normal) (G1 Evacuation Pause)
[2024-02-19T23:23:44.313+0000][7][gc,task     ] GC(13) Using 8 workers of 8 for evacuation
[2024-02-19T23:23:44.313+0000][7][gc,age      ] GC(13) Desired survivor size 41943040 bytes, new threshold 3 (max threshold 15)
[2024-02-19T23:23:44.353+0000][7][gc,phases   ] GC(13)   Pre Evacuate Collection Set: 0.1ms
[2024-02-19T23:23:44.353+0000][7][gc,phases   ] GC(13)   Merge Heap Roots: 0.1ms
[2024-02-19T23:23:44.353+0000][7][gc,phases   ] GC(13)   Evacuate Collection Set: 37.9ms
[2024-02-19T23:23:44.353+0000][7][gc,phases   ] GC(13)   Post Evacuate Collection Set: 2.3ms
[2024-02-19T23:23:44.353+0000][7][gc,phases   ] GC(13)   Other: 0.1ms
[2024-02-19T23:23:44.353+0000][7][gc,age      ] GC(13) Age table with threshold 3 (max threshold 15)
[2024-02-19T23:23:44.353+0000][7][gc,age      ] GC(13) - age   1:    1084224 bytes,    1084224 total
[2024-02-19T23:23:44.353+0000][7][gc,age      ] GC(13) - age   2:   21899160 bytes,   22983384 total
[2024-02-19T23:23:44.353+0000][7][gc,age      ] GC(13) - age   3:   16549664 bytes,   39533048 total
[2024-02-19T23:23:44.353+0000][7][gc,heap     ] GC(13) Eden regions: 136->0(142)
[2024-02-19T23:23:44.353+0000][7][gc,heap     ] GC(13) Survivor regions: 17->11(20)
[2024-02-19T23:23:44.353+0000][7][gc,heap     ] GC(13) Old regions: 6->12
[2024-02-19T23:23:44.353+0000][7][gc,heap     ] GC(13) Archive regions: 2->2
[2024-02-19T23:23:44.353+0000][7][gc,heap     ] GC(13) Humongous regions: 0->0
[2024-02-19T23:23:44.353+0000][7][gc,metaspace] GC(13) Metaspace: 121891K(125248K)->121891K(125248K) NonClass: 105649K(107328K)->105649K(107328K) Class: 16242K(17920K)->16242K(17920K)
[2024-02-19T23:23:44.353+0000][7][gc          ] GC(13) Pause Young (Normal) (G1 Evacuation Pause) 636M->92M(1024M) 40.674ms
[2024-02-19T23:23:44.353+0000][7][gc,cpu      ] GC(13) User=0.17s Sys=0.00s Real=0.04s
[2024-02-19T23:23:44.353+0000][7][safepoint   ] Safepoint "G1CollectForAllocation", Time since last: 388073604 ns, Reaching safepoint: 46695 ns, At safepoint: 40761358 ns, Total: 40808053 ns
[2024-02-19T23:23:47.354+0000][7][safepoint   ] Safepoint "Cleanup", Time since last: 3000333096 ns, Reaching safepoint: 97735 ns, At safepoint: 17781 ns, Total: 115516 ns
[2024-02-19T23:23:50.354+0000][7][safepoint   ] Safepoint "Cleanup", Time since last: 3000273524 ns, Reaching safepoint: 65427 ns, At safepoint: 5533 ns, Total: 70960 ns
[2024-02-19T23:23:51.354+0000][7][safepoint   ] Safepoint "Cleanup", Time since last: 1000125423 ns, Reaching safepoint: 52995 ns, At safepoint: 5766 ns, Total: 58761 ns
[2024-02-19T23:23:53.355+0000][7][safepoint   ] Safepoint "Cleanup", Time since last: 2000232449 ns, Reaching safepoint: 121608 ns, At safepoint: 5422 ns, Total: 127030 ns
[2024-02-19T23:23:54.355+0000][7][safepoint   ] Safepoint "Cleanup", Time since last: 1000119735 ns, Reaching safepoint: 58197 ns, At safepoint: 14134 ns, Total: 72331 ns
[2024-02-19T23:23:55.355+0000][7][safepoint   ] Safepoint "Cleanup", Time since last: 1000150999 ns, Reaching safepoint: 56558 ns, At safepoint: 4095 ns, Total: 60653 ns
[2024-02-19T23:23:56.355+0000][7][safepoint   ] Safepoint "Cleanup", Time since last: 1000110004 ns, Reaching safepoint: 56626 ns, At safepoint: 3499 ns, Total: 60125 ns
[2024-02-19T23:23:57.355+0000][7][safepoint   ] Safepoint "Cleanup", Time since last: 1000114440 ns, Reaching safepoint: 47713 ns, At safepoint: 3496 ns, Total: 51209 ns
[2024-02-19T23:23:58.821+0000][7][safepoint   ] Safepoint "Cleanup", Time since last: 1465805370 ns, Reaching safepoint: 83466 ns, At safepoint: 11961 ns, Total: 95427 ns
[2024-02-19T23:23:59.879+0000][7][safepoint   ] Safepoint "Cleanup", Time since last: 1057260352 ns, Reaching safepoint: 187375 ns, At safepoint: 10220 ns, Total: 197595 ns
[2024-02-19T23:24:01.879+0000][7][safepoint   ] Safepoint "Cleanup", Time since last: 2000242752 ns, Reaching safepoint: 70100 ns, At safepoint: 6282 ns, Total: 76382 ns
[2024-02-19T23:24:04.879+0000][7][safepoint   ] Safepoint "Cleanup", Time since last: 3000280429 ns, Reaching safepoint: 67990 ns, At safepoint: 6007 ns, Total: 73997 ns
[2024-02-19T23:24:05.880+0000][7][safepoint   ] Safepoint "Cleanup", Time since last: 1000129493 ns, Reaching safepoint: 62865 ns, At safepoint: 6382 ns, Total: 69247 ns
[2024-02-19T23:24:07.880+0000][7][safepoint   ] Safepoint "Cleanup", Time since last: 2000228115 ns, Reaching safepoint: 62285 ns, At safepoint: 6105 ns, Total: 68390 ns
[2024-02-19T23:24:09.880+0000][7][safepoint   ] Safepoint "Cleanup", Time since last: 2000190921 ns, Reaching safepoint: 49018 ns, At safepoint: 10775 ns, Total: 59793 ns
[2024-02-19T23:24:10.881+0000][7][safepoint   ] Safepoint "Cleanup", Time since last: 1000139052 ns, Reaching safepoint: 211344 ns, At safepoint: 4845 ns, Total: 216189 ns
[2024-02-19T23:24:11.881+0000][7][safepoint   ] Safepoint "Cleanup", Time since last: 1000138281 ns, Reaching safepoint: 81296 ns, At safepoint: 6217 ns, Total: 87513 ns
[2024-02-19T23:24:13.881+0000][7][safepoint   ] Safepoint "Cleanup", Time since last: 2000231387 ns, Reaching safepoint: 95135 ns, At safepoint: 12720 ns, Total: 107855 ns
[2024-02-19T23:24:14.881+0000][7][safepoint   ] Safepoint "Cleanup", Time since last: 1000143317 ns, Reaching safepoint: 66510 ns, At safepoint: 10309 ns, Total: 76819 ns
[2024-02-19T23:24:16.882+0000][7][safepoint   ] Safepoint "Cleanup", Time since last: 2000232326 ns, Reaching safepoint: 70648 ns, At safepoint: 5959 ns, Total: 76607 ns
[2024-02-19T23:24:17.882+0000][7][safepoint   ] Safepoint "Cleanup", Time since last: 1000097532 ns, Reaching safepoint: 60480 ns, At safepoint: 7200 ns, Total: 67680 ns
[2024-02-19T23:24:19.882+0000][7][safepoint   ] Safepoint "Cleanup", Time since last: 2000219000 ns, Reaching safepoint: 60123 ns, At safepoint: 5991 ns, Total: 66114 ns
[2024-02-19T23:24:22.882+0000][7][safepoint   ] Safepoint "Cleanup", Time since last: 3000275241 ns, Reaching safepoint: 78632 ns, At safepoint: 4295 ns, Total: 82927 ns
[2024-02-19T23:24:24.867+0000][7][safepoint   ] Safepoint "Cleanup", Time since last: 1984302714 ns, Reaching safepoint: 138157 ns, At safepoint: 6928 ns, Total: 145085 ns
[2024-02-19T23:24:25.867+0000][7][safepoint   ] Safepoint "Cleanup", Time since last: 1000130336 ns, Reaching safepoint: 70564 ns, At safepoint: 17748 ns, Total: 88312 ns
[2024-02-19T23:24:28.868+0000][7][safepoint   ] Safepoint "Cleanup", Time since last: 3000288194 ns, Reaching safepoint: 120322 ns, At safepoint: 4982 ns, Total: 125304 ns
[2024-02-19T23:24:29.868+0000][7][safepoint   ] Safepoint "Cleanup", Time since last: 1000133479 ns, Reaching safepoint: 52914 ns, At safepoint: 11967 ns, Total: 64881 ns
[2024-02-19T23:24:33.868+0000][7][safepoint   ] Safepoint "Cleanup", Time since last: 4000430347 ns, Reaching safepoint: 140862 ns, At safepoint: 10810 ns, Total: 151672 ns
[2024-02-19T23:24:34.869+0000][7][safepoint   ] Safepoint "Cleanup", Time since last: 1000170173 ns, Reaching safepoint: 93619 ns, At safepoint: 3769 ns, Total: 97388 ns
[2024-02-19T23:24:35.869+0000][7][safepoint   ] Safepoint "Cleanup", Time since last: 1000128892 ns, Reaching safepoint: 69422 ns, At safepoint: 4948 ns, Total: 74370 ns
[2024-02-19T23:24:36.869+0000][7][safepoint   ] Safepoint "Cleanup", Time since last: 1000124977 ns, Reaching safepoint: 54498 ns, At safepoint: 4563 ns, Total: 59061 ns
[2024-02-19T23:24:38.869+0000][7][safepoint   ] Safepoint "Cleanup", Time since last: 2000215073 ns, Reaching safepoint: 77292 ns, At safepoint: 3893 ns, Total: 81185 ns
[2024-02-19T23:24:40.870+0000][7][safepoint   ] Safepoint "Cleanup", Time since last: 2000290497 ns, Reaching safepoint: 82509 ns, At safepoint: 3656 ns, Total: 86165 ns
[2024-02-19T23:24:41.870+0000][7][safepoint   ] Safepoint "Cleanup", Time since last: 1000119630 ns, Reaching safepoint: 72818 ns, At safepoint: 6964 ns, Total: 79782 ns
[2024-02-19T23:24:42.754+0000][7][safepoint   ] Safepoint "ICBufferFull", Time since last: 883457523 ns, Reaching safepoint: 577090 ns, At safepoint: 20128 ns, Total: 597218 ns
[2024-02-19T23:24:43.142+0000][7][safepoint   ] Safepoint "ICBufferFull", Time since last: 387449501 ns, Reaching safepoint: 238900 ns, At safepoint: 10800 ns, Total: 249700 ns
[2024-02-19T23:24:44.142+0000][7][safepoint   ] Safepoint "Cleanup", Time since last: 1000159709 ns, Reaching safepoint: 197691 ns, At safepoint: 16039 ns, Total: 213730 ns
[2024-02-19T23:24:46.142+0000][7][safepoint   ] Safepoint "Cleanup", Time since last: 2000245898 ns, Reaching safepoint: 71152 ns, At safepoint: 7058 ns, Total: 78210 ns
[2024-02-19T23:24:47.143+0000][7][safepoint   ] Safepoint "Cleanup", Time since last: 1000143629 ns, Reaching safepoint: 93871 ns, At safepoint: 5968 ns, Total: 99839 ns
[2024-02-19T23:24:49.143+0000][7][safepoint   ] Safepoint "Cleanup", Time since last: 2000269902 ns, Reaching safepoint: 94904 ns, At safepoint: 22107 ns, Total: 117011 ns
[2024-02-19T23:24:50.143+0000][7][safepoint   ] Safepoint "Cleanup", Time since last: 1000127579 ns, Reaching safepoint: 65287 ns, At safepoint: 3225 ns, Total: 68512 ns
[2024-02-19T23:24:51.143+0000][7][safepoint   ] Safepoint "Cleanup", Time since last: 1000128516 ns, Reaching safepoint: 51825 ns, At safepoint: 11134 ns, Total: 62959 ns
[2024-02-19T23:24:54.144+0000][7][safepoint   ] Safepoint "Cleanup", Time since last: 3000284377 ns, Reaching safepoint: 91484 ns, At safepoint: 5108 ns, Total: 96592 ns
[2024-02-19T23:24:56.144+0000][7][safepoint   ] Safepoint "Cleanup", Time since last: 2000221273 ns, Reaching safepoint: 74311 ns, At safepoint: 5904 ns, Total: 80215 ns
[2024-02-19T23:24:59.145+0000][7][safepoint   ] Safepoint "Cleanup", Time since last: 3000364622 ns, Reaching safepoint: 204172 ns, At safepoint: 5709 ns, Total: 209881 ns
[2024-02-19T23:25:02.145+0000][7][safepoint   ] Safepoint "Cleanup", Time since last: 3000294711 ns, Reaching safepoint: 93457 ns, At safepoint: 5028 ns, Total: 98485 ns
[2024-02-19T23:25:03.145+0000][7][safepoint   ] Safepoint "Cleanup", Time since last: 1000109697 ns, Reaching safepoint: 58940 ns, At safepoint: 5946 ns, Total: 64886 ns
[2024-02-19T23:25:05.145+0000][7][safepoint   ] Safepoint "Cleanup", Time since last: 2000189828 ns, Reaching safepoint: 93295 ns, At safepoint: 9385 ns, Total: 102680 ns
[2024-02-19T23:25:06.146+0000][7][safepoint   ] Safepoint "Cleanup", Time since last: 1000115941 ns, Reaching safepoint: 79556 ns, At safepoint: 6989 ns, Total: 86545 ns
[2024-02-19T23:25:07.146+0000][7][safepoint   ] Safepoint "Cleanup", Time since last: 1000138147 ns, Reaching safepoint: 102303 ns, At safepoint: 9854 ns, Total: 112157 ns
[2024-02-19T23:25:08.146+0000][7][safepoint   ] Safepoint "Cleanup", Time since last: 1000127748 ns, Reaching safepoint: 57948 ns, At safepoint: 7766 ns, Total: 65714 ns
[2024-02-19T23:25:09.146+0000][7][safepoint   ] Safepoint "Cleanup", Time since last: 1000143855 ns, Reaching safepoint: 58649 ns, At safepoint: 4261 ns, Total: 62910 ns
[2024-02-19T23:25:10.146+0000][7][safepoint   ] Safepoint "Cleanup", Time since last: 1000116220 ns, Reaching safepoint: 52354 ns, At safepoint: 5981 ns, Total: 58335 ns
[2024-02-19T23:25:11.147+0000][7][safepoint   ] Safepoint "Cleanup", Time since last: 1000138707 ns, Reaching safepoint: 63538 ns, At safepoint: 6476 ns, Total: 70014 ns
[2024-02-19T23:25:14.147+0000][7][safepoint   ] Safepoint "Cleanup", Time since last: 3000386734 ns, Reaching safepoint: 95021 ns, At safepoint: 7580 ns, Total: 102601 ns
[2024-02-19T23:25:17.148+0000][7][safepoint   ] Safepoint "Cleanup", Time since last: 3000391207 ns, Reaching safepoint: 121661 ns, At safepoint: 6027 ns, Total: 127688 ns
[2024-02-19T23:25:18.148+0000][7][safepoint   ] Safepoint "Cleanup", Time since last: 1000126362 ns, Reaching safepoint: 71290 ns, At safepoint: 7106 ns, Total: 78396 ns
[2024-02-19T23:25:19.148+0000][7][safepoint   ] Safepoint "Cleanup", Time since last: 1000123667 ns, Reaching safepoint: 77110 ns, At safepoint: 9927 ns, Total: 87037 ns
[2024-02-19T23:25:23.149+0000][7][safepoint   ] Safepoint "Cleanup", Time since last: 4000376143 ns, Reaching safepoint: 115627 ns, At safepoint: 8073 ns, Total: 123700 ns
[2024-02-19T23:25:24.149+0000][7][safepoint   ] Safepoint "Cleanup", Time since last: 1000150277 ns, Reaching safepoint: 147882 ns, At safepoint: 8769 ns, Total: 156651 ns
[2024-02-19T23:25:26.149+0000][7][safepoint   ] Safepoint "Cleanup", Time since last: 2000236862 ns, Reaching safepoint: 69365 ns, At safepoint: 3213 ns, Total: 72578 ns
[2024-02-19T23:25:29.014+0000][7][safepoint   ] Safepoint "Cleanup", Time since last: 2864306293 ns, Reaching safepoint: 119314 ns, At safepoint: 11142 ns, Total: 130456 ns
[2024-02-19T23:25:30.014+0000][7][safepoint   ] Safepoint "Cleanup", Time since last: 1000139093 ns, Reaching safepoint: 107687 ns, At safepoint: 5810 ns, Total: 113497 ns
[2024-02-19T23:25:32.014+0000][7][safepoint   ] Safepoint "Cleanup", Time since last: 2000216876 ns, Reaching safepoint: 98869 ns, At safepoint: 6586 ns, Total: 105455 ns
[2024-02-19T23:25:35.015+0000][7][safepoint   ] Safepoint "Cleanup", Time since last: 3000306679 ns, Reaching safepoint: 103422 ns, At safepoint: 7371 ns, Total: 110793 ns
[2024-02-19T23:25:37.015+0000][7][safepoint   ] Safepoint "Cleanup", Time since last: 2000310922 ns, Reaching safepoint: 75471 ns, At safepoint: 7476 ns, Total: 82947 ns
[2024-02-19T23:25:39.015+0000][7][safepoint   ] Safepoint "Cleanup", Time since last: 2000214767 ns, Reaching safepoint: 48734 ns, At safepoint: 4719 ns, Total: 53453 ns
[2024-02-19T23:25:41.016+0000][7][safepoint   ] Safepoint "Cleanup", Time since last: 2000200114 ns, Reaching safepoint: 93226 ns, At safepoint: 5748 ns, Total: 98974 ns
[2024-02-19T23:25:42.016+0000][7][safepoint   ] Safepoint "Cleanup", Time since last: 1000136893 ns, Reaching safepoint: 86112 ns, At safepoint: 5570 ns, Total: 91682 ns
[2024-02-19T23:25:44.016+0000][7][safepoint   ] Safepoint "Cleanup", Time since last: 2000309551 ns, Reaching safepoint: 98758 ns, At safepoint: 5844 ns, Total: 104602 ns
[2024-02-19T23:25:47.017+0000][7][safepoint   ] Safepoint "Cleanup", Time since last: 3000545708 ns, Reaching safepoint: 99857 ns, At safepoint: 8355 ns, Total: 108212 ns
[2024-02-19T23:25:52.022+0000][7][safepoint   ] Safepoint "Cleanup", Time since last: 5000575183 ns, Reaching safepoint: 121725 ns, At safepoint: 4049524 ns, Total: 4171249 ns
[2024-02-19T23:25:53.022+0000][7][safepoint   ] Safepoint "Cleanup", Time since last: 1000121546 ns, Reaching safepoint: 68113 ns, At safepoint: 6429 ns, Total: 74542 ns
[2024-02-19T23:25:54.022+0000][7][safepoint   ] Safepoint "Cleanup", Time since last: 1000137606 ns, Reaching safepoint: 63307 ns, At safepoint: 5924 ns, Total: 69231 ns
[2024-02-19T23:25:56.022+0000][7][safepoint   ] Safepoint "Cleanup", Time since last: 2000245452 ns, Reaching safepoint: 84922 ns, At safepoint: 6490 ns, Total: 91412 ns
[2024-02-19T23:25:59.023+0000][7][safepoint   ] Safepoint "Cleanup", Time since last: 3000297693 ns, Reaching safepoint: 58810 ns, At safepoint: 3884 ns, Total: 62694 ns
[2024-02-19T23:26:00.023+0000][7][safepoint   ] Safepoint "Cleanup", Time since last: 1000139618 ns, Reaching safepoint: 67585 ns, At safepoint: 5372 ns, Total: 72957 ns
[2024-02-19T23:26:02.023+0000][7][safepoint   ] Safepoint "Cleanup", Time since last: 2000232428 ns, Reaching safepoint: 82983 ns, At safepoint: 5287 ns, Total: 88270 ns
[2024-02-19T23:26:04.024+0000][7][safepoint   ] Safepoint "Cleanup", Time since last: 2000218929 ns, Reaching safepoint: 82236 ns, At safepoint: 6821 ns, Total: 89057 ns
[2024-02-19T23:26:05.024+0000][7][safepoint   ] Safepoint "Cleanup", Time since last: 1000144273 ns, Reaching safepoint: 61936 ns, At safepoint: 6731 ns, Total: 68667 ns
[2024-02-19T23:26:06.024+0000][7][safepoint   ] Safepoint "Cleanup", Time since last: 1000218798 ns, Reaching safepoint: 57901 ns, At safepoint: 7778 ns, Total: 65679 ns
[2024-02-19T23:26:08.024+0000][7][safepoint   ] Safepoint "Cleanup", Time since last: 2000296439 ns, Reaching safepoint: 87697 ns, At safepoint: 4814 ns, Total: 92511 ns
[2024-02-19T23:26:09.025+0000][7][safepoint   ] Safepoint "Cleanup", Time since last: 1000187774 ns, Reaching safepoint: 88250 ns, At safepoint: 11083 ns, Total: 99333 ns
[2024-02-19T23:26:10.025+0000][7][safepoint   ] Safepoint "Cleanup", Time since last: 1000116544 ns, Reaching safepoint: 63884 ns, At safepoint: 7786 ns, Total: 71670 ns
[2024-02-19T23:26:11.025+0000][7][safepoint   ] Safepoint "Cleanup", Time since last: 1000153283 ns, Reaching safepoint: 45144 ns, At safepoint: 4485 ns, Total: 49629 ns
[2024-02-19T23:26:12.025+0000][7][safepoint   ] Safepoint "Cleanup", Time since last: 1000143997 ns, Reaching safepoint: 62971 ns, At safepoint: 6893 ns, Total: 69864 ns
[2024-02-19T23:26:14.026+0000][7][safepoint   ] Safepoint "Cleanup", Time since last: 2000196571 ns, Reaching safepoint: 66221 ns, At safepoint: 3585 ns, Total: 69806 ns
[2024-02-19T23:26:17.026+0000][7][safepoint   ] Safepoint "Cleanup", Time since last: 3000238233 ns, Reaching safepoint: 91113 ns, At safepoint: 5411 ns, Total: 96524 ns
[2024-02-19T23:26:20.026+0000][7][safepoint   ] Safepoint "Cleanup", Time since last: 3000270053 ns, Reaching safepoint: 103763 ns, At safepoint: 10607 ns, Total: 114370 ns
[2024-02-19T23:26:23.027+0000][7][safepoint   ] Safepoint "Cleanup", Time since last: 3000304018 ns, Reaching safepoint: 94147 ns, At safepoint: 5570 ns, Total: 99717 ns
[2024-02-19T23:26:24.027+0000][7][safepoint   ] Safepoint "Cleanup", Time since last: 1000103785 ns, Reaching safepoint: 42927 ns, At safepoint: 4300 ns, Total: 47227 ns
[2024-02-19T23:26:27.027+0000][7][safepoint   ] Safepoint "Cleanup", Time since last: 3000281128 ns, Reaching safepoint: 145843 ns, At safepoint: 18940 ns, Total: 164783 ns
[2024-02-19T23:26:29.028+0000][7][safepoint   ] Safepoint "Cleanup", Time since last: 2000242857 ns, Reaching safepoint: 115511 ns, At safepoint: 6930 ns, Total: 122441 ns
[2024-02-19T23:26:32.028+0000][7][safepoint   ] Safepoint "Cleanup", Time since last: 3000285894 ns, Reaching safepoint: 120630 ns, At safepoint: 10925 ns, Total: 131555 ns
[2024-02-19T23:26:35.029+0000][7][safepoint   ] Safepoint "Cleanup", Time since last: 3000373430 ns, Reaching safepoint: 197610 ns, At safepoint: 8814 ns, Total: 206424 ns
[2024-02-19T23:26:35.655+0000][7][gc,start    ] GC(14) Pause Young (Normal) (G1 Evacuation Pause)
[2024-02-19T23:26:35.656+0000][7][gc,task     ] GC(14) Using 8 workers of 8 for evacuation
[2024-02-19T23:26:35.656+0000][7][gc,age      ] GC(14) Desired survivor size 41943040 bytes, new threshold 15 (max threshold 15)
[2024-02-19T23:26:35.683+0000][7][gc,phases   ] GC(14)   Pre Evacuate Collection Set: 0.1ms
[2024-02-19T23:26:35.683+0000][7][gc,phases   ] GC(14)   Merge Heap Roots: 0.1ms
[2024-02-19T23:26:35.683+0000][7][gc,phases   ] GC(14)   Evacuate Collection Set: 23.9ms
[2024-02-19T23:26:35.683+0000][7][gc,phases   ] GC(14)   Post Evacuate Collection Set: 2.8ms
[2024-02-19T23:26:35.683+0000][7][gc,phases   ] GC(14)   Other: 0.1ms
[2024-02-19T23:26:35.683+0000][7][gc,age      ] GC(14) Age table with threshold 15 (max threshold 15)
[2024-02-19T23:26:35.683+0000][7][gc,age      ] GC(14) - age   1:    3476792 bytes,    3476792 total
[2024-02-19T23:26:35.683+0000][7][gc,age      ] GC(14) - age   2:     126864 bytes,    3603656 total
[2024-02-19T23:26:35.683+0000][7][gc,age      ] GC(14) - age   3:   21378976 bytes,   24982632 total
[2024-02-19T23:26:35.683+0000][7][gc,age      ] GC(14) - age   4:   16547000 bytes,   41529632 total
[2024-02-19T23:26:35.683+0000][7][gc,heap     ] GC(14) Eden regions: 142->0(142)
[2024-02-19T23:26:35.683+0000][7][gc,heap     ] GC(14) Survivor regions: 11->11(20)
[2024-02-19T23:26:35.683+0000][7][gc,heap     ] GC(14) Old regions: 12->12
[2024-02-19T23:26:35.683+0000][7][gc,heap     ] GC(14) Archive regions: 2->2
[2024-02-19T23:26:35.683+0000][7][gc,heap     ] GC(14) Humongous regions: 0->0
[2024-02-19T23:26:35.683+0000][7][gc,metaspace] GC(14) Metaspace: 124793K(128384K)->124793K(128384K) NonClass: 108171K(109952K)->108171K(109952K) Class: 16621K(18432K)->16621K(18432K)
[2024-02-19T23:26:35.683+0000][7][gc          ] GC(14) Pause Young (Normal) (G1 Evacuation Pause) 660M->92M(1024M) 27.232ms
[2024-02-19T23:26:35.683+0000][7][gc,cpu      ] GC(14) User=0.18s Sys=0.00s Real=0.03s
[2024-02-19T23:26:35.683+0000][7][safepoint   ] Safepoint "G1CollectForAllocation", Time since last: 626668347 ns, Reaching safepoint: 64884 ns, At safepoint: 27320448 ns, Total: 27385332 ns
[2024-02-19T23:26:36.683+0000][7][safepoint   ] Safepoint "Cleanup", Time since last: 1000151115 ns, Reaching safepoint: 70503 ns, At safepoint: 5927 ns, Total: 76430 ns
[2024-02-19T23:26:39.683+0000][7][safepoint   ] Safepoint "Cleanup", Time since last: 3000317592 ns, Reaching safepoint: 56876 ns, At safepoint: 5263 ns, Total: 62139 ns
[2024-02-19T23:26:41.684+0000][7][safepoint   ] Safepoint "Cleanup", Time since last: 2000327425 ns, Reaching safepoint: 62475 ns, At safepoint: 6084 ns, Total: 68559 ns
[2024-02-19T23:26:44.684+0000][7][safepoint   ] Safepoint "Cleanup", Time since last: 3000360275 ns, Reaching safepoint: 86976 ns, At safepoint: 7358 ns, Total: 94334 ns
[2024-02-19T23:26:47.685+0000][7][safepoint   ] Safepoint "Cleanup", Time since last: 3000401146 ns, Reaching safepoint: 104987 ns, At safepoint: 6299 ns, Total: 111286 ns
[2024-02-19T23:26:50.685+0000][7][safepoint   ] Safepoint "Cleanup", Time since last: 3000388628 ns, Reaching safepoint: 81372 ns, At safepoint: 6155 ns, Total: 87527 ns
[2024-02-19T23:26:53.686+0000][7][safepoint   ] Safepoint "Cleanup", Time since last: 3000368668 ns, Reaching safepoint: 101171 ns, At safepoint: 7233 ns, Total: 108404 ns
[2024-02-19T23:26:54.686+0000][7][safepoint   ] Safepoint "Cleanup", Time since last: 1000119200 ns, Reaching safepoint: 90329 ns, At safepoint: 5858 ns, Total: 96187 ns
[2024-02-19T23:26:56.686+0000][7][safepoint   ] Safepoint "Cleanup", Time since last: 2000241454 ns, Reaching safepoint: 84063 ns, At safepoint: 5027 ns, Total: 89090 ns
[2024-02-19T23:26:59.687+0000][7][safepoint   ] Safepoint "Cleanup", Time since last: 3000329789 ns, Reaching safepoint: 186109 ns, At safepoint: 12113 ns, Total: 198222 ns
[2024-02-19T23:27:04.687+0000][7][safepoint   ] Safepoint "Cleanup", Time since last: 5000591955 ns, Reaching safepoint: 89882 ns, At safepoint: 17712 ns, Total: 107594 ns
[2024-02-19T23:27:06.688+0000][7][safepoint   ] Safepoint "Cleanup", Time since last: 2000294087 ns, Reaching safepoint: 77886 ns, At safepoint: 4724 ns, Total: 82610 ns
[2024-02-19T23:27:08.688+0000][7][safepoint   ] Safepoint "Cleanup", Time since last: 2000204585 ns, Reaching safepoint: 83738 ns, At safepoint: 5838 ns, Total: 89576 ns
[2024-02-19T23:27:09.688+0000][7][safepoint   ] Safepoint "Cleanup", Time since last: 1000216976 ns, Reaching safepoint: 85138 ns, At safepoint: 7232 ns, Total: 92370 ns
[2024-02-19T23:27:11.689+0000][7][safepoint   ] Safepoint "Cleanup", Time since last: 2000371112 ns, Reaching safepoint: 72217 ns, At safepoint: 6499 ns, Total: 78716 ns
[2024-02-19T23:27:17.690+0000][7][safepoint   ] Safepoint "Cleanup", Time since last: 6000695279 ns, Reaching safepoint: 90054 ns, At safepoint: 6400 ns, Total: 96454 ns
[2024-02-19T23:27:23.690+0000][7][safepoint   ] Safepoint "Cleanup", Time since last: 6000499675 ns, Reaching safepoint: 84498 ns, At safepoint: 4449 ns, Total: 88947 ns
[2024-02-19T23:27:26.691+0000][7][safepoint   ] Safepoint "Cleanup", Time since last: 3000285087 ns, Reaching safepoint: 97981 ns, At safepoint: 7093 ns, Total: 105074 ns
[2024-02-19T23:27:29.691+0000][7][safepoint   ] Safepoint "Cleanup", Time since last: 3000314593 ns, Reaching safepoint: 150964 ns, At safepoint: 8103 ns, Total: 159067 ns
[2024-02-19T23:27:31.691+0000][7][safepoint   ] Safepoint "Cleanup", Time since last: 2000185308 ns, Reaching safepoint: 81323 ns, At safepoint: 6240 ns, Total: 87563 ns
[2024-02-19T23:27:32.692+0000][7][safepoint   ] Safepoint "Cleanup", Time since last: 1000110791 ns, Reaching safepoint: 54598 ns, At safepoint: 6687 ns, Total: 61285 ns
[2024-02-19T23:27:35.692+0000][7][safepoint   ] Safepoint "Cleanup", Time since last: 3000299398 ns, Reaching safepoint: 87108 ns, At safepoint: 4987 ns, Total: 92095 ns
[2024-02-19T23:27:41.693+0000][7][safepoint   ] Safepoint "Cleanup", Time since last: 6000726872 ns, Reaching safepoint: 106952 ns, At safepoint: 5583 ns, Total: 112535 ns
[2024-02-19T23:27:42.693+0000][7][safepoint   ] Safepoint "Cleanup", Time since last: 1000197144 ns, Reaching safepoint: 74701 ns, At safepoint: 8083 ns, Total: 82784 ns
[2024-02-19T23:27:44.694+0000][7][safepoint   ] Safepoint "Cleanup", Time since last: 2000322567 ns, Reaching safepoint: 139678 ns, At safepoint: 6326 ns, Total: 146004 ns
[2024-02-19T23:27:47.694+0000][7][safepoint   ] Safepoint "Cleanup", Time since last: 3000268752 ns, Reaching safepoint: 122523 ns, At safepoint: 6185 ns, Total: 128708 ns
[2024-02-19T23:27:48.694+0000][7][safepoint   ] Safepoint "Cleanup", Time since last: 1000130274 ns, Reaching safepoint: 64903 ns, At safepoint: 6808 ns, Total: 71711 ns
[2024-02-19T23:27:53.695+0000][7][safepoint   ] Safepoint "Cleanup", Time since last: 5000504454 ns, Reaching safepoint: 93904 ns, At safepoint: 4814 ns, Total: 98718 ns
[2024-02-19T23:27:54.695+0000][7][safepoint   ] Safepoint "Cleanup", Time since last: 1000112157 ns, Reaching safepoint: 129412 ns, At safepoint: 12573 ns, Total: 141985 ns
[2024-02-19T23:27:59.696+0000][7][safepoint   ] Safepoint "Cleanup", Time since last: 5000539016 ns, Reaching safepoint: 110493 ns, At safepoint: 20794 ns, Total: 131287 ns
[2024-02-19T23:28:05.696+0000][7][safepoint   ] Safepoint "Cleanup", Time since last: 6000630110 ns, Reaching safepoint: 87973 ns, At safepoint: 3844 ns, Total: 91817 ns
[2024-02-19T23:28:06.697+0000][7][safepoint   ] Safepoint "Cleanup", Time since last: 1000139962 ns, Reaching safepoint: 71074 ns, At safepoint: 7312 ns, Total: 78386 ns
[2024-02-19T23:28:09.697+0000][7][safepoint   ] Safepoint "Cleanup", Time since last: 3000310254 ns, Reaching safepoint: 61849 ns, At safepoint: 5350 ns, Total: 67199 ns
[2024-02-19T23:28:11.697+0000][7][safepoint   ] Safepoint "Cleanup", Time since last: 2000242583 ns, Reaching safepoint: 74538 ns, At safepoint: 6192 ns, Total: 80730 ns
[2024-02-19T23:28:12.698+0000][7][safepoint   ] Safepoint "Cleanup", Time since last: 1000142738 ns, Reaching safepoint: 90838 ns, At safepoint: 6225 ns, Total: 97063 ns
[2024-02-19T23:28:14.698+0000][7][safepoint   ] Safepoint "Cleanup", Time since last: 2000214896 ns, Reaching safepoint: 89081 ns, At safepoint: 4849 ns, Total: 93930 ns
[2024-02-19T23:28:16.698+0000][7][safepoint   ] Safepoint "Cleanup", Time since last: 2000188976 ns, Reaching safepoint: 63127 ns, At safepoint: 7563 ns, Total: 70690 ns
[2024-02-19T23:28:17.698+0000][7][safepoint   ] Safepoint "Cleanup", Time since last: 1000122301 ns, Reaching safepoint: 56890 ns, At safepoint: 6376 ns, Total: 63266 ns
[2024-02-19T23:28:18.699+0000][7][safepoint   ] Safepoint "Cleanup", Time since last: 1000153506 ns, Reaching safepoint: 55110 ns, At safepoint: 7060 ns, Total: 62170 ns
[2024-02-19T23:28:23.699+0000][7][safepoint   ] Safepoint "Cleanup", Time since last: 5000511570 ns, Reaching safepoint: 94737 ns, At safepoint: 6145 ns, Total: 100882 ns
[2024-02-19T23:28:26.700+0000][7][safepoint   ] Safepoint "Cleanup", Time since last: 3000370733 ns, Reaching safepoint: 90325 ns, At safepoint: 11928 ns, Total: 102253 ns
[2024-02-19T23:28:29.700+0000][7][safepoint   ] Safepoint "Cleanup", Time since last: 3000281783 ns, Reaching safepoint: 122830 ns, At safepoint: 7062 ns, Total: 129892 ns
[2024-02-19T23:28:30.700+0000][7][safepoint   ] Safepoint "Cleanup", Time since last: 1000153925 ns, Reaching safepoint: 65256 ns, At safepoint: 9728 ns, Total: 74984 ns
[2024-02-19T23:28:35.701+0000][7][safepoint   ] Safepoint "Cleanup", Time since last: 5000554888 ns, Reaching safepoint: 111397 ns, At safepoint: 7629 ns, Total: 119026 ns
[2024-02-19T23:28:36.701+0000][7][safepoint   ] Safepoint "Cleanup", Time since last: 1000234284 ns, Reaching safepoint: 85717 ns, At safepoint: 7350 ns, Total: 93067 ns
[2024-02-19T23:28:39.702+0000][7][safepoint   ] Safepoint "Cleanup", Time since last: 3000372810 ns, Reaching safepoint: 69959 ns, At safepoint: 6324 ns, Total: 76283 ns
[2024-02-19T23:28:41.702+0000][7][safepoint   ] Safepoint "Cleanup", Time since last: 2000230797 ns, Reaching safepoint: 59202 ns, At safepoint: 5818 ns, Total: 65020 ns
[2024-02-19T23:28:44.702+0000][7][safepoint   ] Safepoint "Cleanup", Time since last: 3000278936 ns, Reaching safepoint: 108271 ns, At safepoint: 6508 ns, Total: 114779 ns
[2024-02-19T23:28:47.703+0000][7][safepoint   ] Safepoint "Cleanup", Time since last: 3000383521 ns, Reaching safepoint: 101305 ns, At safepoint: 7132 ns, Total: 108437 ns
[2024-02-19T23:28:50.703+0000][7][safepoint   ] Safepoint "Cleanup", Time since last: 3000304365 ns, Reaching safepoint: 87553 ns, At safepoint: 9125 ns, Total: 96678 ns
[2024-02-19T23:28:53.704+0000][7][safepoint   ] Safepoint "Cleanup", Time since last: 3000342882 ns, Reaching safepoint: 61182 ns, At safepoint: 6037 ns, Total: 67219 ns
[2024-02-19T23:28:54.822+0000][7][safepoint   ] Safepoint "Cleanup", Time since last: 1117721597 ns, Reaching safepoint: 120302 ns, At safepoint: 5961 ns, Total: 126263 ns
[2024-02-19T23:28:59.822+0000][7][safepoint   ] Safepoint "Cleanup", Time since last: 5000382428 ns, Reaching safepoint: 89821 ns, At safepoint: 6162 ns, Total: 95983 ns
[2024-02-19T23:29:09.823+0000][7][safepoint   ] Safepoint "Cleanup", Time since last: 10001113256 ns, Reaching safepoint: 79618 ns, At safepoint: 5802 ns, Total: 85420 ns
[2024-02-19T23:29:10.823+0000][7][safepoint   ] Safepoint "Cleanup", Time since last: 1000114668 ns, Reaching safepoint: 128802 ns, At safepoint: 6180 ns, Total: 134982 ns
[2024-02-19T23:29:11.862+0000][7][safepoint   ] Safepoint "Cleanup", Time since last: 1038852662 ns, Reaching safepoint: 90255 ns, At safepoint: 6566 ns, Total: 96821 ns
[2024-02-19T23:29:14.863+0000][7][safepoint   ] Safepoint "Cleanup", Time since last: 3000430581 ns, Reaching safepoint: 67022 ns, At safepoint: 6137 ns, Total: 73159 ns
[2024-02-19T23:29:15.863+0000][7][safepoint   ] Safepoint "Cleanup", Time since last: 1000153575 ns, Reaching safepoint: 60482 ns, At safepoint: 5541 ns, Total: 66023 ns
[2024-02-19T23:29:16.863+0000][7][safepoint   ] Safepoint "Cleanup", Time since last: 1000203198 ns, Reaching safepoint: 88531 ns, At safepoint: 10553 ns, Total: 99084 ns
[2024-02-19T23:29:17.864+0000][7][safepoint   ] Safepoint "Cleanup", Time since last: 1000191395 ns, Reaching safepoint: 73054 ns, At safepoint: 6537 ns, Total: 79591 ns
[2024-02-19T23:29:19.864+0000][7][safepoint   ] Safepoint "Cleanup", Time since last: 2000360352 ns, Reaching safepoint: 69350 ns, At safepoint: 10075 ns, Total: 79425 ns
[2024-02-19T23:29:22.865+0000][7][safepoint   ] Safepoint "Cleanup", Time since last: 3000372459 ns, Reaching safepoint: 97927 ns, At safepoint: 15751 ns, Total: 113678 ns
[2024-02-19T23:29:23.865+0000][7][safepoint   ] Safepoint "Cleanup", Time since last: 1000121939 ns, Reaching safepoint: 48241 ns, At safepoint: 5405 ns, Total: 53646 ns
[2024-02-19T23:29:25.865+0000][7][safepoint   ] Safepoint "Cleanup", Time since last: 2000222822 ns, Reaching safepoint: 101684 ns, At safepoint: 5589 ns, Total: 107273 ns
[2024-02-19T23:29:28.866+0000][7][safepoint   ] Safepoint "Cleanup", Time since last: 3000304647 ns, Reaching safepoint: 89511 ns, At safepoint: 14562 ns, Total: 104073 ns
[2024-02-19T23:29:29.866+0000][7][safepoint   ] Safepoint "Cleanup", Time since last: 1000127889 ns, Reaching safepoint: 65635 ns, At safepoint: 7180 ns, Total: 72815 ns
[2024-02-19T23:29:31.866+0000][7][safepoint   ] Safepoint "Cleanup", Time since last: 2000223552 ns, Reaching safepoint: 65865 ns, At safepoint: 6924 ns, Total: 72789 ns
[2024-02-19T23:29:33.866+0000][7][safepoint   ] Safepoint "Cleanup", Time since last: 2000217187 ns, Reaching safepoint: 83688 ns, At safepoint: 6912 ns, Total: 90600 ns
[2024-02-19T23:29:34.867+0000][7][safepoint   ] Safepoint "Cleanup", Time since last: 1000128865 ns, Reaching safepoint: 47663 ns, At safepoint: 4332 ns, Total: 51995 ns
[2024-02-19T23:29:35.867+0000][7][safepoint   ] Safepoint "Cleanup", Time since last: 1000139962 ns, Reaching safepoint: 78708 ns, At safepoint: 11819 ns, Total: 90527 ns
[2024-02-19T23:29:36.867+0000][7][safepoint   ] Safepoint "Cleanup", Time since last: 1000125029 ns, Reaching safepoint: 61928 ns, At safepoint: 7260 ns, Total: 69188 ns
[2024-02-19T23:29:38.867+0000][7][safepoint   ] Safepoint "Cleanup", Time since last: 2000238323 ns, Reaching safepoint: 90253 ns, At safepoint: 5541 ns, Total: 95794 ns
[2024-02-19T23:29:39.867+0000][7][safepoint   ] Safepoint "Cleanup", Time since last: 1000148386 ns, Reaching safepoint: 65236 ns, At safepoint: 6677 ns, Total: 71913 ns
[2024-02-19T23:29:40.868+0000][7][safepoint   ] Safepoint "Cleanup", Time since last: 1000126545 ns, Reaching safepoint: 49351 ns, At safepoint: 4147 ns, Total: 53498 ns
[2024-02-19T23:29:42.077+0000][7][safepoint   ] Safepoint "Cleanup", Time since last: 1208860426 ns, Reaching safepoint: 75705 ns, At safepoint: 5128 ns, Total: 80833 ns
[2024-02-19T23:29:44.077+0000][7][safepoint   ] Safepoint "Cleanup", Time since last: 2000382698 ns, Reaching safepoint: 108833 ns, At safepoint: 6554 ns, Total: 115387 ns
[2024-02-19T23:29:46.078+0000][7][safepoint   ] Safepoint "Cleanup", Time since last: 2000412671 ns, Reaching safepoint: 97920 ns, At safepoint: 6505 ns, Total: 104425 ns
[2024-02-19T23:29:47.078+0000][7][safepoint   ] Safepoint "Cleanup", Time since last: 1000152324 ns, Reaching safepoint: 109983 ns, At safepoint: 6153 ns, Total: 116136 ns
[2024-02-19T23:29:53.079+0000][7][safepoint   ] Safepoint "Cleanup", Time since last: 6000529177 ns, Reaching safepoint: 108299 ns, At safepoint: 4983 ns, Total: 113282 ns
[2024-02-19T23:29:53.104+0000][7][gc,start    ] GC(15) Pause Young (Normal) (G1 Evacuation Pause)
[2024-02-19T23:29:53.105+0000][7][gc,task     ] GC(15) Using 8 workers of 8 for evacuation
[2024-02-19T23:29:53.105+0000][7][gc,age      ] GC(15) Desired survivor size 41943040 bytes, new threshold 15 (max threshold 15)
[2024-02-19T23:29:53.128+0000][7][gc,phases   ] GC(15)   Pre Evacuate Collection Set: 0.1ms
[2024-02-19T23:29:53.128+0000][7][gc,phases   ] GC(15)   Merge Heap Roots: 0.1ms
[2024-02-19T23:29:53.128+0000][7][gc,phases   ] GC(15)   Evacuate Collection Set: 20.7ms
[2024-02-19T23:29:53.128+0000][7][gc,phases   ] GC(15)   Post Evacuate Collection Set: 2.5ms
[2024-02-19T23:29:53.128+0000][7][gc,phases   ] GC(15)   Other: 0.1ms
[2024-02-19T23:29:53.128+0000][7][gc,age      ] GC(15) Age table with threshold 15 (max threshold 15)
[2024-02-19T23:29:53.128+0000][7][gc,age      ] GC(15) - age   1:    1397704 bytes,    1397704 total
[2024-02-19T23:29:53.128+0000][7][gc,age      ] GC(15) - age   2:    2199176 bytes,    3596880 total
[2024-02-19T23:29:53.128+0000][7][gc,age      ] GC(15) - age   3:     125072 bytes,    3721952 total
[2024-02-19T23:29:53.128+0000][7][gc,age      ] GC(15) - age   4:   21347208 bytes,   25069160 total
[2024-02-19T23:29:53.128+0000][7][gc,age      ] GC(15) - age   5:   16546904 bytes,   41616064 total
[2024-02-19T23:29:53.128+0000][7][gc,heap     ] GC(15) Eden regions: 142->0(142)
[2024-02-19T23:29:53.128+0000][7][gc,heap     ] GC(15) Survivor regions: 11->11(20)
[2024-02-19T23:29:53.128+0000][7][gc,heap     ] GC(15) Old regions: 12->12
[2024-02-19T23:29:53.128+0000][7][gc,heap     ] GC(15) Archive regions: 2->2
[2024-02-19T23:29:53.128+0000][7][gc,heap     ] GC(15) Humongous regions: 0->0
[2024-02-19T23:29:53.128+0000][7][gc,metaspace] GC(15) Metaspace: 125501K(129024K)->125501K(129024K) NonClass: 108833K(110592K)->108833K(110592K) Class: 16667K(18432K)->16667K(18432K)
[2024-02-19T23:29:53.128+0000][7][gc          ] GC(15) Pause Young (Normal) (G1 Evacuation Pause) 660M->93M(1024M) 23.742ms
[2024-02-19T23:29:53.128+0000][7][gc,cpu      ] GC(15) User=0.17s Sys=0.00s Real=0.02s
[2024-02-19T23:29:53.128+0000][7][safepoint   ] Safepoint "G1CollectForAllocation", Time since last: 25826066 ns, Reaching safepoint: 51135 ns, At safepoint: 23828333 ns, Total: 23879468 ns
[2024-02-19T23:29:54.128+0000][7][safepoint   ] Safepoint "Cleanup", Time since last: 1000107200 ns, Reaching safepoint: 74871 ns, At safepoint: 5636 ns, Total: 80507 ns
[2024-02-19T23:29:56.129+0000][7][safepoint   ] Safepoint "Cleanup", Time since last: 2000206753 ns, Reaching safepoint: 87419 ns, At safepoint: 4537 ns, Total: 91956 ns
[2024-02-19T23:29:59.129+0000][7][safepoint   ] Safepoint "Cleanup", Time since last: 3000306426 ns, Reaching safepoint: 94147 ns, At safepoint: 5228 ns, Total: 99375 ns
[2024-02-19T23:30:00.129+0000][7][safepoint   ] Safepoint "Cleanup", Time since last: 1000120224 ns, Reaching safepoint: 61434 ns, At safepoint: 5391 ns, Total: 66825 ns
[2024-02-19T23:30:02.130+0000][7][safepoint   ] Safepoint "Cleanup", Time since last: 2000333470 ns, Reaching safepoint: 102063 ns, At safepoint: 18033 ns, Total: 120096 ns
[2024-02-19T23:30:05.130+0000][7][safepoint   ] Safepoint "Cleanup", Time since last: 3000400783 ns, Reaching safepoint: 76138 ns, At safepoint: 11817 ns, Total: 87955 ns
[2024-02-19T23:30:06.130+0000][7][safepoint   ] Safepoint "Cleanup", Time since last: 1000142050 ns, Reaching safepoint: 68627 ns, At safepoint: 6409 ns, Total: 75036 ns
[2024-02-19T23:30:07.131+0000][7][safepoint   ] Safepoint "Cleanup", Time since last: 1000137014 ns, Reaching safepoint: 74300 ns, At safepoint: 9829 ns, Total: 84129 ns
[2024-02-19T23:30:11.131+0000][7][safepoint   ] Safepoint "Cleanup", Time since last: 4000459651 ns, Reaching safepoint: 82212 ns, At safepoint: 5997 ns, Total: 88209 ns
[2024-02-19T23:30:12.131+0000][7][safepoint   ] Safepoint "Cleanup", Time since last: 1000142467 ns, Reaching safepoint: 68213 ns, At safepoint: 6434 ns, Total: 74647 ns
[2024-02-19T23:30:14.132+0000][7][safepoint   ] Safepoint "Cleanup", Time since last: 2000266561 ns, Reaching safepoint: 44592 ns, At safepoint: 3793 ns, Total: 48385 ns
[2024-02-19T23:30:17.132+0000][7][safepoint   ] Safepoint "Cleanup", Time since last: 3000334003 ns, Reaching safepoint: 76497 ns, At safepoint: 6883 ns, Total: 83380 ns
[2024-02-19T23:30:23.133+0000][7][safepoint   ] Safepoint "Cleanup", Time since last: 6000565816 ns, Reaching safepoint: 80660 ns, At safepoint: 3954 ns, Total: 84614 ns
[2024-02-19T23:30:24.133+0000][7][safepoint   ] Safepoint "Cleanup", Time since last: 1000201944 ns, Reaching safepoint: 75339 ns, At safepoint: 7758 ns, Total: 83097 ns
[2024-02-19T23:30:29.134+0000][7][safepoint   ] Safepoint "Cleanup", Time since last: 5000509278 ns, Reaching safepoint: 61135 ns, At safepoint: 4806 ns, Total: 65941 ns
[2024-02-19T23:30:35.134+0000][7][safepoint   ] Safepoint "Cleanup", Time since last: 6000596962 ns, Reaching safepoint: 67596 ns, At safepoint: 4934 ns, Total: 72530 ns
[2024-02-19T23:30:36.135+0000][7][safepoint   ] Safepoint "Cleanup", Time since last: 1000252994 ns, Reaching safepoint: 67900 ns, At safepoint: 6477 ns, Total: 74377 ns
[2024-02-19T23:30:39.135+0000][7][safepoint   ] Safepoint "Cleanup", Time since last: 3000361442 ns, Reaching safepoint: 84911 ns, At safepoint: 5386 ns, Total: 90297 ns
[2024-02-19T23:30:41.136+0000][7][safepoint   ] Safepoint "Cleanup", Time since last: 2000291078 ns, Reaching safepoint: 69233 ns, At safepoint: 5802 ns, Total: 75035 ns
[2024-02-19T23:30:44.136+0000][7][safepoint   ] Safepoint "Cleanup", Time since last: 3000333740 ns, Reaching safepoint: 71480 ns, At safepoint: 6079 ns, Total: 77559 ns
[2024-02-19T23:30:47.136+0000][7][safepoint   ] Safepoint "Cleanup", Time since last: 3000299976 ns, Reaching safepoint: 64623 ns, At safepoint: 4958 ns, Total: 69581 ns
[2024-02-19T23:30:53.137+0000][7][safepoint   ] Safepoint "Cleanup", Time since last: 6000589446 ns, Reaching safepoint: 105240 ns, At safepoint: 5702 ns, Total: 110942 ns
[2024-02-19T23:30:59.138+0000][7][safepoint   ] Safepoint "Cleanup", Time since last: 6000559248 ns, Reaching safepoint: 104465 ns, At safepoint: 7026 ns, Total: 111491 ns
[2024-02-19T23:31:00.138+0000][7][safepoint   ] Safepoint "Cleanup", Time since last: 1000116068 ns, Reaching safepoint: 80767 ns, At safepoint: 7977 ns, Total: 88744 ns
[2024-02-19T23:31:05.138+0000][7][safepoint   ] Safepoint "Cleanup", Time since last: 5000470743 ns, Reaching safepoint: 96643 ns, At safepoint: 9052 ns, Total: 105695 ns
[2024-02-19T23:31:09.139+0000][7][safepoint   ] Safepoint "Cleanup", Time since last: 4000416998 ns, Reaching safepoint: 74741 ns, At safepoint: 11285 ns, Total: 86026 ns
[2024-02-19T23:31:11.139+0000][7][safepoint   ] Safepoint "Cleanup", Time since last: 2000300968 ns, Reaching safepoint: 68248 ns, At safepoint: 6556 ns, Total: 74804 ns
[2024-02-19T23:31:14.140+0000][7][safepoint   ] Safepoint "Cleanup", Time since last: 3000367241 ns, Reaching safepoint: 83681 ns, At safepoint: 5126 ns, Total: 88807 ns
[2024-02-19T23:31:17.140+0000][7][safepoint   ] Safepoint "Cleanup", Time since last: 3000480852 ns, Reaching safepoint: 89160 ns, At safepoint: 6586 ns, Total: 95746 ns
[2024-02-19T23:31:23.141+0000][7][safepoint   ] Safepoint "Cleanup", Time since last: 6000887852 ns, Reaching safepoint: 59398 ns, At safepoint: 7908 ns, Total: 67306 ns
[2024-02-19T23:31:24.142+0000][7][safepoint   ] Safepoint "Cleanup", Time since last: 1000172143 ns, Reaching safepoint: 51308 ns, At safepoint: 5467 ns, Total: 56775 ns
[2024-02-19T23:31:29.142+0000][7][safepoint   ] Safepoint "Cleanup", Time since last: 5000408060 ns, Reaching safepoint: 76475 ns, At safepoint: 4790 ns, Total: 81265 ns
[2024-02-19T23:31:35.143+0000][7][safepoint   ] Safepoint "Cleanup", Time since last: 6000548895 ns, Reaching safepoint: 113121 ns, At safepoint: 6725 ns, Total: 119846 ns
[2024-02-19T23:31:40.143+0000][7][safepoint   ] Safepoint "Cleanup", Time since last: 5000434095 ns, Reaching safepoint: 92764 ns, At safepoint: 5253 ns, Total: 98017 ns
[2024-02-19T23:31:41.143+0000][7][safepoint   ] Safepoint "Cleanup", Time since last: 1000119034 ns, Reaching safepoint: 64361 ns, At safepoint: 5786 ns, Total: 70147 ns
[2024-02-19T23:31:44.144+0000][7][safepoint   ] Safepoint "Cleanup", Time since last: 3000297968 ns, Reaching safepoint: 102260 ns, At safepoint: 5826 ns, Total: 108086 ns
[2024-02-19T23:31:47.144+0000][7][safepoint   ] Safepoint "Cleanup", Time since last: 3000274609 ns, Reaching safepoint: 103017 ns, At safepoint: 21192 ns, Total: 124209 ns
[2024-02-19T23:31:54.145+0000][7][safepoint   ] Safepoint "Cleanup", Time since last: 7000686001 ns, Reaching safepoint: 106303 ns, At safepoint: 8179 ns, Total: 114482 ns
[2024-02-19T23:31:59.146+0000][7][safepoint   ] Safepoint "Cleanup", Time since last: 5000543793 ns, Reaching safepoint: 92787 ns, At safepoint: 5934 ns, Total: 98721 ns
[2024-02-19T23:32:08.147+0000][7][safepoint   ] Safepoint "Cleanup", Time since last: 9000811963 ns, Reaching safepoint: 59804 ns, At safepoint: 2884 ns, Total: 62688 ns
[2024-02-19T23:32:11.147+0000][7][safepoint   ] Safepoint "Cleanup", Time since last: 3000264048 ns, Reaching safepoint: 90332 ns, At safepoint: 6623 ns, Total: 96955 ns
[2024-02-19T23:32:14.147+0000][7][safepoint   ] Safepoint "Cleanup", Time since last: 3000299637 ns, Reaching safepoint: 87088 ns, At safepoint: 17893 ns, Total: 104981 ns
[2024-02-19T23:32:17.148+0000][7][safepoint   ] Safepoint "Cleanup", Time since last: 3000409526 ns, Reaching safepoint: 50861 ns, At safepoint: 5296 ns, Total: 56157 ns
[2024-02-19T23:32:18.148+0000][7][safepoint   ] Safepoint "Cleanup", Time since last: 1000115243 ns, Reaching safepoint: 61163 ns, At safepoint: 6560 ns, Total: 67723 ns
[2024-02-19T23:32:23.149+0000][7][safepoint   ] Safepoint "Cleanup", Time since last: 5000699812 ns, Reaching safepoint: 118131 ns, At safepoint: 5071 ns, Total: 123202 ns
[2024-02-19T23:32:24.149+0000][7][safepoint   ] Safepoint "Cleanup", Time since last: 1000229911 ns, Reaching safepoint: 75214 ns, At safepoint: 6828 ns, Total: 82042 ns
[2024-02-19T23:32:35.150+0000][7][safepoint   ] Safepoint "Cleanup", Time since last: 11001116015 ns, Reaching safepoint: 79628 ns, At safepoint: 5968 ns, Total: 85596 ns
[2024-02-19T23:32:40.151+0000][7][safepoint   ] Safepoint "Cleanup", Time since last: 5000440393 ns, Reaching safepoint: 47069 ns, At safepoint: 5182 ns, Total: 52251 ns
[2024-02-19T23:32:41.151+0000][7][safepoint   ] Safepoint "Cleanup", Time since last: 1000144460 ns, Reaching safepoint: 80347 ns, At safepoint: 18745 ns, Total: 99092 ns
[2024-02-19T23:32:42.151+0000][7][safepoint   ] Safepoint "Cleanup", Time since last: 1000160732 ns, Reaching safepoint: 88881 ns, At safepoint: 6829 ns, Total: 95710 ns
[2024-02-19T23:32:43.152+0000][7][safepoint   ] Safepoint "Cleanup", Time since last: 1000301464 ns, Reaching safepoint: 85110 ns, At safepoint: 14030 ns, Total: 99140 ns
[2024-02-19T23:32:44.152+0000][7][safepoint   ] Safepoint "Cleanup", Time since last: 1000148605 ns, Reaching safepoint: 64335 ns, At safepoint: 5636 ns, Total: 69971 ns
[2024-02-19T23:32:47.152+0000][7][safepoint   ] Safepoint "Cleanup", Time since last: 3000332740 ns, Reaching safepoint: 83403 ns, At safepoint: 5294 ns, Total: 88697 ns
[2024-02-19T23:32:53.153+0000][7][safepoint   ] Safepoint "Cleanup", Time since last: 6000708230 ns, Reaching safepoint: 96399 ns, At safepoint: 7272 ns, Total: 103671 ns
[2024-02-19T23:33:02.154+0000][7][safepoint   ] Safepoint "Cleanup", Time since last: 9000825577 ns, Reaching safepoint: 116892 ns, At safepoint: 18308 ns, Total: 135200 ns
[2024-02-19T23:33:10.155+0000][7][safepoint   ] Safepoint "Cleanup", Time since last: 8000787435 ns, Reaching safepoint: 92781 ns, At safepoint: 5453 ns, Total: 98234 ns
[2024-02-19T23:33:11.155+0000][7][safepoint   ] Safepoint "Cleanup", Time since last: 1000144658 ns, Reaching safepoint: 103130 ns, At safepoint: 4567 ns, Total: 107697 ns
[2024-02-19T23:33:12.156+0000][7][safepoint   ] Safepoint "Cleanup", Time since last: 1000196706 ns, Reaching safepoint: 51755 ns, At safepoint: 5632 ns, Total: 57387 ns
[2024-02-19T23:33:14.156+0000][7][safepoint   ] Safepoint "Cleanup", Time since last: 2000339629 ns, Reaching safepoint: 62288 ns, At safepoint: 3106 ns, Total: 65394 ns
[2024-02-19T23:33:22.826+0000][7][gc,start    ] GC(16) Pause Young (Normal) (G1 Evacuation Pause)
[2024-02-19T23:33:22.826+0000][7][gc,task     ] GC(16) Using 8 workers of 8 for evacuation
[2024-02-19T23:33:22.826+0000][7][gc,age      ] GC(16) Desired survivor size 41943040 bytes, new threshold 15 (max threshold 15)
[2024-02-19T23:33:22.852+0000][7][gc,phases   ] GC(16)   Pre Evacuate Collection Set: 0.1ms
[2024-02-19T23:33:22.852+0000][7][gc,phases   ] GC(16)   Merge Heap Roots: 0.1ms
[2024-02-19T23:33:22.852+0000][7][gc,phases   ] GC(16)   Evacuate Collection Set: 23.7ms
[2024-02-19T23:33:22.852+0000][7][gc,phases   ] GC(16)   Post Evacuate Collection Set: 1.8ms
[2024-02-19T23:33:22.852+0000][7][gc,phases   ] GC(16)   Other: 0.1ms
[2024-02-19T23:33:22.852+0000][7][gc,age      ] GC(16) Age table with threshold 15 (max threshold 15)
[2024-02-19T23:33:22.852+0000][7][gc,age      ] GC(16) - age   1:    1326360 bytes,    1326360 total
[2024-02-19T23:33:22.852+0000][7][gc,age      ] GC(16) - age   2:     225680 bytes,    1552040 total
[2024-02-19T23:33:22.852+0000][7][gc,age      ] GC(16) - age   3:    1948984 bytes,    3501024 total
[2024-02-19T23:33:22.852+0000][7][gc,age      ] GC(16) - age   4:     124648 bytes,    3625672 total
[2024-02-19T23:33:22.852+0000][7][gc,age      ] GC(16) - age   5:   21330232 bytes,   24955904 total
[2024-02-19T23:33:22.852+0000][7][gc,age      ] GC(16) - age   6:   16546904 bytes,   41502808 total
[2024-02-19T23:33:22.852+0000][7][gc,heap     ] GC(16) Eden regions: 142->0(142)
[2024-02-19T23:33:22.852+0000][7][gc,heap     ] GC(16) Survivor regions: 11->11(20)
[2024-02-19T23:33:22.852+0000][7][gc,heap     ] GC(16) Old regions: 12->12
[2024-02-19T23:33:22.852+0000][7][gc,heap     ] GC(16) Archive regions: 2->2
[2024-02-19T23:33:22.852+0000][7][gc,heap     ] GC(16) Humongous regions: 0->0
[2024-02-19T23:33:22.852+0000][7][gc,metaspace] GC(16) Metaspace: 125761K(129280K)->125761K(129280K) NonClass: 109092K(110848K)->109092K(110848K) Class: 16669K(18432K)->16669K(18432K)
[2024-02-19T23:33:22.852+0000][7][gc          ] GC(16) Pause Young (Normal) (G1 Evacuation Pause) 661M->92M(1024M) 25.955ms
[2024-02-19T23:33:22.852+0000][7][gc,cpu      ] GC(16) User=0.16s Sys=0.00s Real=0.03s
[2024-02-19T23:33:22.852+0000][7][safepoint   ] Safepoint "G1CollectForAllocation", Time since last: 8670330568 ns, Reaching safepoint: 33819 ns, At safepoint: 26029833 ns, Total: 26063652 ns
[2024-02-19T23:33:23.852+0000][7][safepoint   ] Safepoint "Cleanup", Time since last: 1000109649 ns, Reaching safepoint: 62821 ns, At safepoint: 7155 ns, Total: 69976 ns
[2024-02-19T23:33:26.853+0000][7][safepoint   ] Safepoint "Cleanup", Time since last: 3000504260 ns, Reaching safepoint: 62456 ns, At safepoint: 6886 ns, Total: 69342 ns
[2024-02-19T23:33:28.853+0000][7][safepoint   ] Safepoint "Cleanup", Time since last: 2000319979 ns, Reaching safepoint: 70985 ns, At safepoint: 4865 ns, Total: 75850 ns
[2024-02-19T23:33:29.854+0000][7][safepoint   ] Safepoint "Cleanup", Time since last: 1000121477 ns, Reaching safepoint: 54910 ns, At safepoint: 6408 ns, Total: 61318 ns
[2024-02-19T23:33:30.854+0000][7][safepoint   ] Safepoint "Cleanup", Time since last: 1000116314 ns, Reaching safepoint: 50863 ns, At safepoint: 4560 ns, Total: 55423 ns
[2024-02-19T23:33:34.854+0000][7][safepoint   ] Safepoint "Cleanup", Time since last: 4000379124 ns, Reaching safepoint: 256075 ns, At safepoint: 9395 ns, Total: 265470 ns
[2024-02-19T23:33:35.855+0000][7][safepoint   ] Safepoint "Cleanup", Time since last: 1000144537 ns, Reaching safepoint: 44658 ns, At safepoint: 4360 ns, Total: 49018 ns
[2024-02-19T23:33:39.855+0000][7][safepoint   ] Safepoint "Cleanup", Time since last: 4000348758 ns, Reaching safepoint: 60336 ns, At safepoint: 7016 ns, Total: 67352 ns
[2024-02-19T23:33:40.855+0000][7][safepoint   ] Safepoint "Cleanup", Time since last: 1000119498 ns, Reaching safepoint: 45934 ns, At safepoint: 3991 ns, Total: 49925 ns
[2024-02-19T23:33:43.856+0000][7][safepoint   ] Safepoint "Cleanup", Time since last: 3000400004 ns, Reaching safepoint: 98792 ns, At safepoint: 5598 ns, Total: 104390 ns
[2024-02-19T23:33:44.856+0000][7][safepoint   ] Safepoint "Cleanup", Time since last: 1000216012 ns, Reaching safepoint: 83373 ns, At safepoint: 7108 ns, Total: 90481 ns
[2024-02-19T23:33:46.856+0000][7][safepoint   ] Safepoint "Cleanup", Time since last: 2000222297 ns, Reaching safepoint: 71723 ns, At safepoint: 4909 ns, Total: 76632 ns
[2024-02-19T23:33:47.857+0000][7][safepoint   ] Safepoint "Cleanup", Time since last: 1000130340 ns, Reaching safepoint: 72769 ns, At safepoint: 7563 ns, Total: 80332 ns
[2024-02-19T23:33:49.857+0000][7][safepoint   ] Safepoint "Cleanup", Time since last: 2000217138 ns, Reaching safepoint: 89144 ns, At safepoint: 4900 ns, Total: 94044 ns
[2024-02-19T23:33:58.858+0000][7][safepoint   ] Safepoint "Cleanup", Time since last: 9001161965 ns, Reaching safepoint: 56858 ns, At safepoint: 6177 ns, Total: 63035 ns
[2024-02-19T23:34:01.859+0000][7][safepoint   ] Safepoint "Cleanup", Time since last: 3000314285 ns, Reaching safepoint: 163942 ns, At safepoint: 11119 ns, Total: 175061 ns
[2024-02-19T23:34:09.860+0000][7][safepoint   ] Safepoint "Cleanup", Time since last: 8001064666 ns, Reaching safepoint: 98332 ns, At safepoint: 13018 ns, Total: 111350 ns
[2024-02-19T23:34:10.860+0000][7][safepoint   ] Safepoint "Cleanup", Time since last: 1000153525 ns, Reaching safepoint: 69639 ns, At safepoint: 9242 ns, Total: 78881 ns
[2024-02-19T23:34:23.862+0000][7][safepoint   ] Safepoint "Cleanup", Time since last: 13001657822 ns, Reaching safepoint: 72631 ns, At safepoint: 6331 ns, Total: 78962 ns
[2024-02-19T23:34:28.862+0000][7][safepoint   ] Safepoint "Cleanup", Time since last: 5000546141 ns, Reaching safepoint: 79733 ns, At safepoint: 6404 ns, Total: 86137 ns
[2024-02-19T23:34:31.863+0000][7][safepoint   ] Safepoint "Cleanup", Time since last: 3000297423 ns, Reaching safepoint: 100151 ns, At safepoint: 5194 ns, Total: 105345 ns
[2024-02-19T23:34:36.863+0000][7][safepoint   ] Safepoint "Cleanup", Time since last: 5000432270 ns, Reaching safepoint: 70557 ns, At safepoint: 4274 ns, Total: 74831 ns
[2024-02-19T23:34:39.864+0000][7][safepoint   ] Safepoint "Cleanup", Time since last: 3000239605 ns, Reaching safepoint: 65536 ns, At safepoint: 5248 ns, Total: 70784 ns
[2024-02-19T23:34:40.864+0000][7][safepoint   ] Safepoint "Cleanup", Time since last: 1000140847 ns, Reaching safepoint: 53397 ns, At safepoint: 6924 ns, Total: 60321 ns
[2024-02-19T23:34:43.864+0000][7][safepoint   ] Safepoint "Cleanup", Time since last: 3000263050 ns, Reaching safepoint: 72304 ns, At safepoint: 5653 ns, Total: 77957 ns
[2024-02-19T23:34:46.865+0000][7][safepoint   ] Safepoint "Cleanup", Time since last: 3000573661 ns, Reaching safepoint: 71471 ns, At safepoint: 5742 ns, Total: 77213 ns
[2024-02-19T23:34:47.865+0000][7][safepoint   ] Safepoint "Cleanup", Time since last: 1000242670 ns, Reaching safepoint: 73291 ns, At safepoint: 8556 ns, Total: 81847 ns
[2024-02-19T23:34:52.866+0000][7][safepoint   ] Safepoint "Cleanup", Time since last: 5000691014 ns, Reaching safepoint: 130752 ns, At safepoint: 10087 ns, Total: 140839 ns
[2024-02-19T23:34:56.866+0000][7][safepoint   ] Safepoint "Cleanup", Time since last: 4000374567 ns, Reaching safepoint: 64370 ns, At safepoint: 7480 ns, Total: 71850 ns
[2024-02-19T23:35:04.867+0000][7][safepoint   ] Safepoint "Cleanup", Time since last: 8000705545 ns, Reaching safepoint: 98657 ns, At safepoint: 17557 ns, Total: 116214 ns
[2024-02-19T23:35:10.868+0000][7][safepoint   ] Safepoint "Cleanup", Time since last: 6000614567 ns, Reaching safepoint: 58605 ns, At safepoint: 5509 ns, Total: 64114 ns
[2024-02-19T23:35:11.868+0000][7][safepoint   ] Safepoint "Cleanup", Time since last: 1000121306 ns, Reaching safepoint: 47494 ns, At safepoint: 5094 ns, Total: 52588 ns
[2024-02-19T23:35:13.868+0000][7][safepoint   ] Safepoint "Cleanup", Time since last: 2000235766 ns, Reaching safepoint: 130616 ns, At safepoint: 9701 ns, Total: 140317 ns
[2024-02-19T23:35:14.869+0000][7][safepoint   ] Safepoint "Cleanup", Time since last: 1000123321 ns, Reaching safepoint: 71386 ns, At safepoint: 6449 ns, Total: 77835 ns
[2024-02-19T23:35:16.869+0000][7][safepoint   ] Safepoint "Cleanup", Time since last: 2000200605 ns, Reaching safepoint: 94697 ns, At safepoint: 29045 ns, Total: 123742 ns
[2024-02-19T23:35:22.870+0000][7][safepoint   ] Safepoint "Cleanup", Time since last: 6000518281 ns, Reaching safepoint: 112721 ns, At safepoint: 9855 ns, Total: 122576 ns
[2024-02-19T23:35:23.870+0000][7][safepoint   ] Safepoint "Cleanup", Time since last: 1000122417 ns, Reaching safepoint: 48578 ns, At safepoint: 2818 ns, Total: 51396 ns
[2024-02-19T23:35:26.870+0000][7][safepoint   ] Safepoint "Cleanup", Time since last: 3000270015 ns, Reaching safepoint: 94505 ns, At safepoint: 18000 ns, Total: 112505 ns
[2024-02-19T23:35:28.870+0000][7][safepoint   ] Safepoint "Cleanup", Time since last: 2000247971 ns, Reaching safepoint: 81930 ns, At safepoint: 5344 ns, Total: 87274 ns
[2024-02-19T23:35:29.871+0000][7][safepoint   ] Safepoint "Cleanup", Time since last: 1000131012 ns, Reaching safepoint: 64729 ns, At safepoint: 10323 ns, Total: 75052 ns
[2024-02-19T23:35:30.871+0000][7][safepoint   ] Safepoint "Cleanup", Time since last: 1000145315 ns, Reaching safepoint: 55851 ns, At safepoint: 5346 ns, Total: 61197 ns
[2024-02-19T23:35:32.871+0000][7][safepoint   ] Safepoint "Cleanup", Time since last: 2000216914 ns, Reaching safepoint: 120321 ns, At safepoint: 10288 ns, Total: 130609 ns
[2024-02-19T23:35:34.872+0000][7][safepoint   ] Safepoint "Cleanup", Time since last: 2000224564 ns, Reaching safepoint: 119725 ns, At safepoint: 20273 ns, Total: 139998 ns
[2024-02-19T23:35:35.872+0000][7][safepoint   ] Safepoint "Cleanup", Time since last: 1000188576 ns, Reaching safepoint: 66373 ns, At safepoint: 6815 ns, Total: 73188 ns
[2024-02-19T23:35:38.872+0000][7][safepoint   ] Safepoint "Cleanup", Time since last: 3000429121 ns, Reaching safepoint: 88894 ns, At safepoint: 6233 ns, Total: 95127 ns
[2024-02-19T23:35:39.873+0000][7][safepoint   ] Safepoint "Cleanup", Time since last: 1000213225 ns, Reaching safepoint: 67489 ns, At safepoint: 7327 ns, Total: 74816 ns
[2024-02-19T23:35:41.873+0000][7][safepoint   ] Safepoint "Cleanup", Time since last: 2000263416 ns, Reaching safepoint: 70117 ns, At safepoint: 9797 ns, Total: 79914 ns
[2024-02-19T23:35:43.874+0000][7][safepoint   ] Safepoint "Cleanup", Time since last: 2000402341 ns, Reaching safepoint: 118328 ns, At safepoint: 5373 ns, Total: 123701 ns
[2024-02-19T23:35:44.874+0000][7][safepoint   ] Safepoint "Cleanup", Time since last: 1000120401 ns, Reaching safepoint: 64054 ns, At safepoint: 7654 ns, Total: 71708 ns
[2024-02-19T23:35:48.977+0000][7][safepoint   ] Safepoint "Cleanup", Time since last: 4103106152 ns, Reaching safepoint: 132782 ns, At safepoint: 9939 ns, Total: 142721 ns
[2024-02-19T23:35:58.978+0000][7][safepoint   ] Safepoint "Cleanup", Time since last: 10000980679 ns, Reaching safepoint: 89518 ns, At safepoint: 4577 ns, Total: 94095 ns
[2024-02-19T23:36:01.978+0000][7][safepoint   ] Safepoint "Cleanup", Time since last: 3000287440 ns, Reaching safepoint: 70560 ns, At safepoint: 5466 ns, Total: 76026 ns
[2024-02-19T23:36:03.979+0000][7][safepoint   ] Safepoint "Cleanup", Time since last: 2000228885 ns, Reaching safepoint: 79394 ns, At safepoint: 8990 ns, Total: 88384 ns
[2024-02-19T23:36:07.979+0000][7][safepoint   ] Safepoint "Cleanup", Time since last: 4000339008 ns, Reaching safepoint: 124094 ns, At safepoint: 4278 ns, Total: 128372 ns
[2024-02-19T23:36:10.980+0000][7][safepoint   ] Safepoint "Cleanup", Time since last: 3000296924 ns, Reaching safepoint: 87979 ns, At safepoint: 5612 ns, Total: 93591 ns
[2024-02-19T23:36:11.980+0000][7][safepoint   ] Safepoint "Cleanup", Time since last: 1000153928 ns, Reaching safepoint: 73156 ns, At safepoint: 19838 ns, Total: 92994 ns
[2024-02-19T23:36:13.980+0000][7][safepoint   ] Safepoint "Cleanup", Time since last: 2000261524 ns, Reaching safepoint: 220849 ns, At safepoint: 9004 ns, Total: 229853 ns
[2024-02-19T23:36:16.981+0000][7][safepoint   ] Safepoint "Cleanup", Time since last: 3000285090 ns, Reaching safepoint: 162529 ns, At safepoint: 19211 ns, Total: 181740 ns
[2024-02-19T23:36:22.981+0000][7][safepoint   ] Safepoint "Cleanup", Time since last: 6000525488 ns, Reaching safepoint: 97591 ns, At safepoint: 4615 ns, Total: 102206 ns
[2024-02-19T23:36:25.982+0000][7][safepoint   ] Safepoint "Cleanup", Time since last: 3000316438 ns, Reaching safepoint: 54143 ns, At safepoint: 5045 ns, Total: 59188 ns
[2024-02-19T23:36:28.982+0000][7][safepoint   ] Safepoint "Cleanup", Time since last: 3000288125 ns, Reaching safepoint: 62615 ns, At safepoint: 12036 ns, Total: 74651 ns
[2024-02-19T23:36:31.983+0000][7][safepoint   ] Safepoint "Cleanup", Time since last: 3000292897 ns, Reaching safepoint: 178327 ns, At safepoint: 11974 ns, Total: 190301 ns
[2024-02-19T23:36:34.983+0000][7][safepoint   ] Safepoint "Cleanup", Time since last: 3000291149 ns, Reaching safepoint: 49079 ns, At safepoint: 3237 ns, Total: 52316 ns
[2024-02-19T23:36:40.845+0000][7][gc,start    ] GC(17) Pause Young (Normal) (G1 Evacuation Pause)
[2024-02-19T23:36:40.845+0000][7][gc,task     ] GC(17) Using 8 workers of 8 for evacuation
[2024-02-19T23:36:40.845+0000][7][gc,age      ] GC(17) Desired survivor size 41943040 bytes, new threshold 15 (max threshold 15)
[2024-02-19T23:36:40.868+0000][7][gc,phases   ] GC(17)   Pre Evacuate Collection Set: 0.1ms
[2024-02-19T23:36:40.868+0000][7][gc,phases   ] GC(17)   Merge Heap Roots: 0.1ms
[2024-02-19T23:36:40.868+0000][7][gc,phases   ] GC(17)   Evacuate Collection Set: 20.6ms
[2024-02-19T23:36:40.868+0000][7][gc,phases   ] GC(17)   Post Evacuate Collection Set: 1.8ms
[2024-02-19T23:36:40.868+0000][7][gc,phases   ] GC(17)   Other: 0.1ms
[2024-02-19T23:36:40.868+0000][7][gc,age      ] GC(17) Age table with threshold 15 (max threshold 15)
[2024-02-19T23:36:40.868+0000][7][gc,age      ] GC(17) - age   1:    1038640 bytes,    1038640 total
[2024-02-19T23:36:40.868+0000][7][gc,age      ] GC(17) - age   2:     154936 bytes,    1193576 total
[2024-02-19T23:36:40.868+0000][7][gc,age      ] GC(17) - age   3:     218480 bytes,    1412056 total
[2024-02-19T23:36:40.868+0000][7][gc,age      ] GC(17) - age   4:    1948984 bytes,    3361040 total
[2024-02-19T23:36:40.868+0000][7][gc,age      ] GC(17) - age   5:     124440 bytes,    3485480 total
[2024-02-19T23:36:40.868+0000][7][gc,age      ] GC(17) - age   6:   21321592 bytes,   24807072 total
[2024-02-19T23:36:40.868+0000][7][gc,age      ] GC(17) - age   7:   16546600 bytes,   41353672 total
[2024-02-19T23:36:40.868+0000][7][gc,heap     ] GC(17) Eden regions: 142->0(142)
[2024-02-19T23:36:40.868+0000][7][gc,heap     ] GC(17) Survivor regions: 11->11(20)
[2024-02-19T23:36:40.868+0000][7][gc,heap     ] GC(17) Old regions: 12->12
[2024-02-19T23:36:40.868+0000][7][gc,heap     ] GC(17) Archive regions: 2->2
[2024-02-19T23:36:40.868+0000][7][gc,heap     ] GC(17) Humongous regions: 0->0
[2024-02-19T23:36:40.868+0000][7][gc,metaspace] GC(17) Metaspace: 125967K(129472K)->125967K(129472K) NonClass: 109296K(111040K)->109296K(111040K) Class: 16671K(18432K)->16671K(18432K)
[2024-02-19T23:36:40.868+0000][7][gc          ] GC(17) Pause Young (Normal) (G1 Evacuation Pause) 660M->93M(1024M) 22.972ms
[2024-02-19T23:36:40.868+0000][7][gc,cpu      ] GC(17) User=0.14s Sys=0.00s Real=0.02s
[2024-02-19T23:36:40.868+0000][7][safepoint   ] Safepoint "G1CollectForAllocation", Time since last: 5862141015 ns, Reaching safepoint: 73663 ns, At safepoint: 23057350 ns, Total: 23131013 ns
[2024-02-19T23:36:43.869+0000][7][safepoint   ] Safepoint "Cleanup", Time since last: 3000347334 ns, Reaching safepoint: 81629 ns, At safepoint: 4312 ns, Total: 85941 ns
[2024-02-19T23:36:47.870+0000][7][safepoint   ] Safepoint "Cleanup", Time since last: 4000539076 ns, Reaching safepoint: 209968 ns, At safepoint: 38339 ns, Total: 248307 ns
[2024-02-19T23:36:52.870+0000][7][safepoint   ] Safepoint "Cleanup", Time since last: 5000388051 ns, Reaching safepoint: 77116 ns, At safepoint: 17088 ns, Total: 94204 ns
[2024-02-19T23:36:53.870+0000][7][safepoint   ] Safepoint "Cleanup", Time since last: 1000136578 ns, Reaching safepoint: 92689 ns, At safepoint: 10242 ns, Total: 102931 ns
[2024-02-19T23:36:55.871+0000][7][safepoint   ] Safepoint "Cleanup", Time since last: 2000290174 ns, Reaching safepoint: 77430 ns, At safepoint: 6074 ns, Total: 83504 ns
[2024-02-19T23:36:58.871+0000][7][safepoint   ] Safepoint "Cleanup", Time since last: 3000270876 ns, Reaching safepoint: 95758 ns, At safepoint: 7714 ns, Total: 103472 ns
[2024-02-19T23:36:59.871+0000][7][safepoint   ] Safepoint "Cleanup", Time since last: 1000261845 ns, Reaching safepoint: 78397 ns, At safepoint: 8666 ns, Total: 87063 ns
[2024-02-19T23:37:01.872+0000][7][safepoint   ] Safepoint "Cleanup", Time since last: 2000214976 ns, Reaching safepoint: 74043 ns, At safepoint: 4450 ns, Total: 78493 ns
[2024-02-19T23:37:04.872+0000][7][safepoint   ] Safepoint "Cleanup", Time since last: 3000401911 ns, Reaching safepoint: 78444 ns, At safepoint: 7162 ns, Total: 85606 ns
[2024-02-19T23:37:06.872+0000][7][safepoint   ] Safepoint "Cleanup", Time since last: 2000237189 ns, Reaching safepoint: 51383 ns, At safepoint: 4787 ns, Total: 56170 ns
[2024-02-19T23:37:07.873+0000][7][safepoint   ] Safepoint "Cleanup", Time since last: 1000110504 ns, Reaching safepoint: 47944 ns, At safepoint: 2871 ns, Total: 50815 ns
[2024-02-19T23:37:09.873+0000][7][safepoint   ] Safepoint "Cleanup", Time since last: 2000213943 ns, Reaching safepoint: 64754 ns, At safepoint: 4276 ns, Total: 69030 ns
[2024-02-19T23:37:10.873+0000][7][safepoint   ] Safepoint "Cleanup", Time since last: 1000207410 ns, Reaching safepoint: 64775 ns, At safepoint: 12181 ns, Total: 76956 ns
[2024-02-19T23:37:11.873+0000][7][safepoint   ] Safepoint "Cleanup", Time since last: 1000116548 ns, Reaching safepoint: 55185 ns, At safepoint: 4635 ns, Total: 59820 ns
[2024-02-19T23:37:22.874+0000][7][safepoint   ] Safepoint "Cleanup", Time since last: 11000987280 ns, Reaching safepoint: 89704 ns, At safepoint: 6315 ns, Total: 96019 ns
[2024-02-19T23:37:35.876+0000][7][safepoint   ] Safepoint "Cleanup", Time since last: 13001279825 ns, Reaching safepoint: 62662 ns, At safepoint: 8942 ns, Total: 71604 ns
[2024-02-19T23:37:37.876+0000][7][safepoint   ] Safepoint "Cleanup", Time since last: 2000329983 ns, Reaching safepoint: 87558 ns, At safepoint: 8034 ns, Total: 95592 ns
[2024-02-19T23:37:38.876+0000][7][safepoint   ] Safepoint "Cleanup", Time since last: 1000139081 ns, Reaching safepoint: 54538 ns, At safepoint: 5280 ns, Total: 59818 ns
[2024-02-19T23:37:39.877+0000][7][safepoint   ] Safepoint "Cleanup", Time since last: 1000186035 ns, Reaching safepoint: 156961 ns, At safepoint: 9544 ns, Total: 166505 ns
[2024-02-19T23:37:40.877+0000][7][safepoint   ] Safepoint "Cleanup", Time since last: 1000149501 ns, Reaching safepoint: 59639 ns, At safepoint: 5080 ns, Total: 64719 ns
[2024-02-19T23:37:42.877+0000][7][safepoint   ] Safepoint "Cleanup", Time since last: 2000217547 ns, Reaching safepoint: 68886 ns, At safepoint: 6696 ns, Total: 75582 ns
[2024-02-19T23:37:43.877+0000][7][safepoint   ] Safepoint "Cleanup", Time since last: 1000136478 ns, Reaching safepoint: 109819 ns, At safepoint: 4559 ns, Total: 114378 ns
[2024-02-19T23:37:44.878+0000][7][safepoint   ] Safepoint "Cleanup", Time since last: 1000127379 ns, Reaching safepoint: 46074 ns, At safepoint: 5407 ns, Total: 51481 ns
[2024-02-19T23:37:46.878+0000][7][safepoint   ] Safepoint "Cleanup", Time since last: 2000200015 ns, Reaching safepoint: 92310 ns, At safepoint: 18227 ns, Total: 110537 ns
[2024-02-19T23:37:47.878+0000][7][safepoint   ] Safepoint "Cleanup", Time since last: 1000157506 ns, Reaching safepoint: 74773 ns, At safepoint: 5434 ns, Total: 80207 ns
[2024-02-19T23:37:55.879+0000][7][safepoint   ] Safepoint "Cleanup", Time since last: 8000719603 ns, Reaching safepoint: 85809 ns, At safepoint: 5791 ns, Total: 91600 ns
[2024-02-19T23:37:58.879+0000][7][safepoint   ] Safepoint "Cleanup", Time since last: 3000308313 ns, Reaching safepoint: 63943 ns, At safepoint: 4685 ns, Total: 68628 ns
[2024-02-19T23:37:59.880+0000][7][safepoint   ] Safepoint "Cleanup", Time since last: 1000139527 ns, Reaching safepoint: 61957 ns, At safepoint: 5435 ns, Total: 67392 ns
[2024-02-19T23:38:13.881+0000][7][safepoint   ] Safepoint "Cleanup", Time since last: 14001632416 ns, Reaching safepoint: 108470 ns, At safepoint: 5810 ns, Total: 114280 ns
[2024-02-19T23:38:16.882+0000][7][safepoint   ] Safepoint "Cleanup", Time since last: 3000256537 ns, Reaching safepoint: 77189 ns, At safepoint: 5116 ns, Total: 82305 ns
[2024-02-19T23:38:17.882+0000][7][safepoint   ] Safepoint "Cleanup", Time since last: 1000117562 ns, Reaching safepoint: 52179 ns, At safepoint: 5212 ns, Total: 57391 ns
[2024-02-19T23:38:23.883+0000][7][safepoint   ] Safepoint "Cleanup", Time since last: 6000587891 ns, Reaching safepoint: 92020 ns, At safepoint: 17014 ns, Total: 109034 ns
[2024-02-19T23:38:28.883+0000][7][safepoint   ] Safepoint "Cleanup", Time since last: 5000547261 ns, Reaching safepoint: 85390 ns, At safepoint: 7765 ns, Total: 93155 ns
[2024-02-19T23:38:33.884+0000][7][safepoint   ] Safepoint "Cleanup", Time since last: 5000710337 ns, Reaching safepoint: 104186 ns, At safepoint: 14493 ns, Total: 118679 ns
[2024-02-19T23:38:35.884+0000][7][safepoint   ] Safepoint "Cleanup", Time since last: 2000209831 ns, Reaching safepoint: 90722 ns, At safepoint: 7123 ns, Total: 97845 ns
[2024-02-19T23:38:39.885+0000][7][safepoint   ] Safepoint "Cleanup", Time since last: 4000322313 ns, Reaching safepoint: 50806 ns, At safepoint: 10612 ns, Total: 61418 ns
[2024-02-19T23:38:41.885+0000][7][safepoint   ] Safepoint "Cleanup", Time since last: 2000241603 ns, Reaching safepoint: 67925 ns, At safepoint: 5586 ns, Total: 73511 ns
[2024-02-19T23:38:43.885+0000][7][safepoint   ] Safepoint "Cleanup", Time since last: 2000213090 ns, Reaching safepoint: 102297 ns, At safepoint: 10340 ns, Total: 112637 ns
[2024-02-19T23:38:46.886+0000][7][safepoint   ] Safepoint "Cleanup", Time since last: 3000271770 ns, Reaching safepoint: 164713 ns, At safepoint: 19363 ns, Total: 184076 ns
[2024-02-19T23:38:47.886+0000][7][safepoint   ] Safepoint "Cleanup", Time since last: 1000217646 ns, Reaching safepoint: 76083 ns, At safepoint: 7189 ns, Total: 83272 ns
[2024-02-19T23:38:52.887+0000][7][safepoint   ] Safepoint "Cleanup", Time since last: 5000505855 ns, Reaching safepoint: 70031 ns, At safepoint: 5105 ns, Total: 75136 ns
[2024-02-19T23:39:04.888+0000][7][safepoint   ] Safepoint "Cleanup", Time since last: 12001397001 ns, Reaching safepoint: 92489 ns, At safepoint: 6934 ns, Total: 99423 ns
[2024-02-19T23:39:10.889+0000][7][safepoint   ] Safepoint "Cleanup", Time since last: 6000851938 ns, Reaching safepoint: 58661 ns, At safepoint: 7603 ns, Total: 66264 ns
[2024-02-19T23:39:11.889+0000][7][safepoint   ] Safepoint "Cleanup", Time since last: 1000118958 ns, Reaching safepoint: 53123 ns, At safepoint: 5854 ns, Total: 58977 ns
[2024-02-19T23:39:17.890+0000][7][safepoint   ] Safepoint "Cleanup", Time since last: 6000624463 ns, Reaching safepoint: 45055 ns, At safepoint: 3694 ns, Total: 48749 ns
[2024-02-19T23:39:19.890+0000][7][safepoint   ] Safepoint "Cleanup", Time since last: 2000251100 ns, Reaching safepoint: 83566 ns, At safepoint: 5634 ns, Total: 89200 ns
[2024-02-19T23:39:22.891+0000][7][safepoint   ] Safepoint "Cleanup", Time since last: 3000288029 ns, Reaching safepoint: 82833 ns, At safepoint: 4998 ns, Total: 87831 ns
[2024-02-19T23:39:31.892+0000][7][safepoint   ] Safepoint "Cleanup", Time since last: 9000792781 ns, Reaching safepoint: 98307 ns, At safepoint: 7939 ns, Total: 106246 ns
[2024-02-19T23:39:33.892+0000][7][safepoint   ] Safepoint "Cleanup", Time since last: 2000211681 ns, Reaching safepoint: 109970 ns, At safepoint: 3081 ns, Total: 113051 ns
[2024-02-19T23:39:34.892+0000][7][safepoint   ] Safepoint "Cleanup", Time since last: 1000214413 ns, Reaching safepoint: 58071 ns, At safepoint: 5496 ns, Total: 63567 ns
[2024-02-19T23:39:39.893+0000][7][safepoint   ] Safepoint "Cleanup", Time since last: 5000537203 ns, Reaching safepoint: 120646 ns, At safepoint: 3825 ns, Total: 124471 ns
[2024-02-19T23:39:40.893+0000][7][safepoint   ] Safepoint "Cleanup", Time since last: 1000134839 ns, Reaching safepoint: 52234 ns, At safepoint: 3192 ns, Total: 55426 ns
[2024-02-19T23:39:41.893+0000][7][safepoint   ] Safepoint "Cleanup", Time since last: 1000127541 ns, Reaching safepoint: 60019 ns, At safepoint: 4079 ns, Total: 64098 ns
[2024-02-19T23:39:43.893+0000][7][safepoint   ] Safepoint "Cleanup", Time since last: 2000191878 ns, Reaching safepoint: 60218 ns, At safepoint: 3233 ns, Total: 63451 ns
[2024-02-19T23:39:51.894+0000][7][safepoint   ] Safepoint "Cleanup", Time since last: 8000678430 ns, Reaching safepoint: 46463 ns, At safepoint: 3677 ns, Total: 50140 ns
[2024-02-19T23:39:52.894+0000][7][safepoint   ] Safepoint "Cleanup", Time since last: 1000103466 ns, Reaching safepoint: 128752 ns, At safepoint: 6277 ns, Total: 135029 ns
[2024-02-19T23:39:53.895+0000][7][safepoint   ] Safepoint "Cleanup", Time since last: 1000187530 ns, Reaching safepoint: 76690 ns, At safepoint: 11044 ns, Total: 87734 ns
[2024-02-19T23:39:55.895+0000][7][safepoint   ] Safepoint "Cleanup", Time since last: 2000225735 ns, Reaching safepoint: 52444 ns, At safepoint: 2867 ns, Total: 55311 ns
[2024-02-19T23:39:58.895+0000][7][safepoint   ] Safepoint "Cleanup", Time since last: 3000290478 ns, Reaching safepoint: 60051 ns, At safepoint: 5654 ns, Total: 65705 ns
[2024-02-19T23:39:58.977+0000][7][gc,start    ] GC(18) Pause Young (Normal) (G1 Evacuation Pause)
[2024-02-19T23:39:58.977+0000][7][gc,task     ] GC(18) Using 8 workers of 8 for evacuation
[2024-02-19T23:39:58.977+0000][7][gc,age      ] GC(18) Desired survivor size 41943040 bytes, new threshold 15 (max threshold 15)
[2024-02-19T23:39:58.998+0000][7][gc,phases   ] GC(18)   Pre Evacuate Collection Set: 0.1ms
[2024-02-19T23:39:58.998+0000][7][gc,phases   ] GC(18)   Merge Heap Roots: 0.1ms
[2024-02-19T23:39:58.998+0000][7][gc,phases   ] GC(18)   Evacuate Collection Set: 17.7ms
[2024-02-19T23:39:58.998+0000][7][gc,phases   ] GC(18)   Post Evacuate Collection Set: 2.9ms
[2024-02-19T23:39:58.998+0000][7][gc,phases   ] GC(18)   Other: 0.1ms
[2024-02-19T23:39:58.998+0000][7][gc,age      ] GC(18) Age table with threshold 15 (max threshold 15)
[2024-02-19T23:39:58.998+0000][7][gc,age      ] GC(18) - age   1:    1571752 bytes,    1571752 total
[2024-02-19T23:39:58.998+0000][7][gc,age      ] GC(18) - age   2:      52968 bytes,    1624720 total
[2024-02-19T23:39:58.998+0000][7][gc,age      ] GC(18) - age   3:     153600 bytes,    1778320 total
[2024-02-19T23:39:58.998+0000][7][gc,age      ] GC(18) - age   4:     214208 bytes,    1992528 total
[2024-02-19T23:39:58.998+0000][7][gc,age      ] GC(18) - age   5:    1948984 bytes,    3941512 total
[2024-02-19T23:39:58.998+0000][7][gc,age      ] GC(18) - age   6:     124256 bytes,    4065768 total
[2024-02-19T23:39:58.998+0000][7][gc,age      ] GC(18) - age   7:   20997896 bytes,   25063664 total
[2024-02-19T23:39:58.998+0000][7][gc,age      ] GC(18) - age   8:   15855064 bytes,   40918728 total
[2024-02-19T23:39:58.998+0000][7][gc,heap     ] GC(18) Eden regions: 142->0(142)
[2024-02-19T23:39:58.998+0000][7][gc,heap     ] GC(18) Survivor regions: 11->11(20)
[2024-02-19T23:39:58.998+0000][7][gc,heap     ] GC(18) Old regions: 12->12
[2024-02-19T23:39:58.998+0000][7][gc,heap     ] GC(18) Archive regions: 2->2
[2024-02-19T23:39:58.998+0000][7][gc,heap     ] GC(18) Humongous regions: 0->0
[2024-02-19T23:39:58.998+0000][7][gc,metaspace] GC(18) Metaspace: 126071K(129600K)->126071K(129600K) NonClass: 109399K(111168K)->109399K(111168K) Class: 16671K(18432K)->16671K(18432K)
[2024-02-19T23:39:58.998+0000][7][gc          ] GC(18) Pause Young (Normal) (G1 Evacuation Pause) 661M->92M(1024M) 21.046ms
[2024-02-19T23:39:58.998+0000][7][gc,cpu      ] GC(18) User=0.13s Sys=0.00s Real=0.02s
[2024-02-19T23:39:58.998+0000][7][safepoint   ] Safepoint "G1CollectForAllocation", Time since last: 81647255 ns, Reaching safepoint: 45457 ns, At safepoint: 21137112 ns, Total: 21182569 ns
[2024-02-19T23:39:59.998+0000][7][safepoint   ] Safepoint "Cleanup", Time since last: 1000108033 ns, Reaching safepoint: 50901 ns, At safepoint: 3192 ns, Total: 54093 ns
[2024-02-19T23:40:01.999+0000][7][safepoint   ] Safepoint "Cleanup", Time since last: 2000209302 ns, Reaching safepoint: 70841 ns, At safepoint: 11479 ns, Total: 82320 ns
[2024-02-19T23:40:04.999+0000][7][safepoint   ] Safepoint "Cleanup", Time since last: 3000310872 ns, Reaching safepoint: 83889 ns, At safepoint: 8166 ns, Total: 92055 ns
[2024-02-19T23:40:05.999+0000][7][safepoint   ] Safepoint "Cleanup", Time since last: 1000126087 ns, Reaching safepoint: 77485 ns, At safepoint: 6309 ns, Total: 83794 ns
[2024-02-19T23:40:17.000+0000][7][safepoint   ] Safepoint "Cleanup", Time since last: 11001082438 ns, Reaching safepoint: 59027 ns, At safepoint: 6365 ns, Total: 65392 ns
[2024-02-19T23:40:29.002+0000][7][safepoint   ] Safepoint "Cleanup", Time since last: 12001045717 ns, Reaching safepoint: 54143 ns, At safepoint: 9330 ns, Total: 63473 ns
[2024-02-19T23:40:35.002+0000][7][safepoint   ] Safepoint "Cleanup", Time since last: 6000493462 ns, Reaching safepoint: 61991 ns, At safepoint: 3055 ns, Total: 65046 ns
[2024-02-19T23:40:42.003+0000][7][safepoint   ] Safepoint "Cleanup", Time since last: 7000658271 ns, Reaching safepoint: 48444 ns, At safepoint: 4413 ns, Total: 52857 ns
[2024-02-19T23:40:44.003+0000][7][safepoint   ] Safepoint "Cleanup", Time since last: 2000203547 ns, Reaching safepoint: 47226 ns, At safepoint: 2960 ns, Total: 50186 ns
[2024-02-19T23:40:59.004+0000][7][safepoint   ] Safepoint "Cleanup", Time since last: 15001269205 ns, Reaching safepoint: 56746 ns, At safepoint: 4100 ns, Total: 60846 ns
[2024-02-19T23:41:00.005+0000][7][safepoint   ] Safepoint "Cleanup", Time since last: 1000133821 ns, Reaching safepoint: 161406 ns, At safepoint: 10903 ns, Total: 172309 ns
[2024-02-19T23:41:01.005+0000][7][safepoint   ] Safepoint "Cleanup", Time since last: 1000192113 ns, Reaching safepoint: 48657 ns, At safepoint: 5315 ns, Total: 53972 ns
[2024-02-19T23:41:02.005+0000][7][safepoint   ] Safepoint "Cleanup", Time since last: 1000105424 ns, Reaching safepoint: 39590 ns, At safepoint: 3885 ns, Total: 43475 ns
[2024-02-19T23:41:04.005+0000][7][safepoint   ] Safepoint "Cleanup", Time since last: 2000199308 ns, Reaching safepoint: 72964 ns, At safepoint: 7147 ns, Total: 80111 ns
[2024-02-19T23:41:05.006+0000][7][safepoint   ] Safepoint "Cleanup", Time since last: 1000130795 ns, Reaching safepoint: 136049 ns, At safepoint: 11381 ns, Total: 147430 ns
[2024-02-19T23:41:11.006+0000][7][safepoint   ] Safepoint "Cleanup", Time since last: 6000648595 ns, Reaching safepoint: 63523 ns, At safepoint: 4650 ns, Total: 68173 ns
[2024-02-19T23:41:20.913+0000][7][safepoint   ] Safepoint "Cleanup", Time since last: 9906306478 ns, Reaching safepoint: 112074 ns, At safepoint: 5688 ns, Total: 117762 ns
[2024-02-19T23:41:23.913+0000][7][safepoint   ] Safepoint "Cleanup", Time since last: 3000280091 ns, Reaching safepoint: 73716 ns, At safepoint: 4040 ns, Total: 77756 ns
[2024-02-19T23:41:28.914+0000][7][safepoint   ] Safepoint "Cleanup", Time since last: 5000417853 ns, Reaching safepoint: 56750 ns, At safepoint: 3156 ns, Total: 59906 ns
[2024-02-19T23:41:35.926+0000][7][safepoint   ] Safepoint "Cleanup", Time since last: 7012729439 ns, Reaching safepoint: 80147 ns, At safepoint: 4637 ns, Total: 84784 ns
[2024-02-19T23:41:40.927+0000][7][safepoint   ] Safepoint "Cleanup", Time since last: 5000488505 ns, Reaching safepoint: 59232 ns, At safepoint: 11615 ns, Total: 70847 ns
[2024-02-19T23:41:44.927+0000][7][safepoint   ] Safepoint "Cleanup", Time since last: 4000367167 ns, Reaching safepoint: 73607 ns, At safepoint: 8199 ns, Total: 81806 ns
[2024-02-19T23:42:10.930+0000][7][safepoint   ] Safepoint "Cleanup", Time since last: 26002650284 ns, Reaching safepoint: 54882 ns, At safepoint: 4453 ns, Total: 59335 ns
[2024-02-19T23:42:16.847+0000][7][safepoint   ] Safepoint "Cleanup", Time since last: 5916629793 ns, Reaching safepoint: 126809 ns, At safepoint: 12369 ns, Total: 139178 ns
[2024-02-19T23:42:17.847+0000][7][safepoint   ] Safepoint "Cleanup", Time since last: 1000129285 ns, Reaching safepoint: 104853 ns, At safepoint: 6301 ns, Total: 111154 ns
[2024-02-19T23:42:23.848+0000][7][safepoint   ] Safepoint "Cleanup", Time since last: 6000501426 ns, Reaching safepoint: 114630 ns, At safepoint: 7940 ns, Total: 122570 ns
[2024-02-19T23:42:29.848+0000][7][safepoint   ] Safepoint "Cleanup", Time since last: 6000518792 ns, Reaching safepoint: 45729 ns, At safepoint: 3518 ns, Total: 49247 ns
[2024-02-19T23:42:35.849+0000][7][safepoint   ] Safepoint "Cleanup", Time since last: 6000570075 ns, Reaching safepoint: 84564 ns, At safepoint: 3312 ns, Total: 87876 ns
[2024-02-19T23:42:40.850+0000][7][safepoint   ] Safepoint "Cleanup", Time since last: 5000479675 ns, Reaching safepoint: 50914 ns, At safepoint: 4295 ns, Total: 55209 ns
[2024-02-19T23:42:43.850+0000][7][safepoint   ] Safepoint "Cleanup", Time since last: 3000250334 ns, Reaching safepoint: 95340 ns, At safepoint: 4885 ns, Total: 100225 ns
[2024-02-19T23:42:52.851+0000][7][safepoint   ] Safepoint "Cleanup", Time since last: 9000881625 ns, Reaching safepoint: 37670 ns, At safepoint: 3108 ns, Total: 40778 ns
[2024-02-19T23:42:53.851+0000][7][safepoint   ] Safepoint "Cleanup", Time since last: 1000129933 ns, Reaching safepoint: 49262 ns, At safepoint: 3984 ns, Total: 53246 ns
[2024-02-19T23:42:58.852+0000][7][safepoint   ] Safepoint "Cleanup", Time since last: 5000495598 ns, Reaching safepoint: 186517 ns, At safepoint: 11568 ns, Total: 198085 ns
[2024-02-19T23:42:59.852+0000][7][safepoint   ] Safepoint "Cleanup", Time since last: 1000142073 ns, Reaching safepoint: 67248 ns, At safepoint: 4179 ns, Total: 71427 ns
[2024-02-19T23:43:10.853+0000][7][safepoint   ] Safepoint "Cleanup", Time since last: 11001033197 ns, Reaching safepoint: 45554 ns, At safepoint: 8699 ns, Total: 54253 ns
[2024-02-19T23:43:11.853+0000][7][safepoint   ] Safepoint "Cleanup", Time since last: 1000125546 ns, Reaching safepoint: 76352 ns, At safepoint: 5723 ns, Total: 82075 ns
[2024-02-19T23:43:25.854+0000][7][safepoint   ] Safepoint "Cleanup", Time since last: 14001230534 ns, Reaching safepoint: 63987 ns, At safepoint: 3540 ns, Total: 67527 ns
[2024-02-19T23:43:28.849+0000][7][gc,start    ] GC(19) Pause Young (Normal) (G1 Evacuation Pause)
[2024-02-19T23:43:28.849+0000][7][gc,task     ] GC(19) Using 8 workers of 8 for evacuation
[2024-02-19T23:43:28.849+0000][7][gc,age      ] GC(19) Desired survivor size 41943040 bytes, new threshold 15 (max threshold 15)
[2024-02-19T23:43:28.871+0000][7][gc,phases   ] GC(19)   Pre Evacuate Collection Set: 0.1ms
[2024-02-19T23:43:28.871+0000][7][gc,phases   ] GC(19)   Merge Heap Roots: 0.1ms
[2024-02-19T23:43:28.871+0000][7][gc,phases   ] GC(19)   Evacuate Collection Set: 19.7ms
[2024-02-19T23:43:28.871+0000][7][gc,phases   ] GC(19)   Post Evacuate Collection Set: 2.3ms
[2024-02-19T23:43:28.871+0000][7][gc,phases   ] GC(19)   Other: 0.1ms
[2024-02-19T23:43:28.871+0000][7][gc,age      ] GC(19) Age table with threshold 15 (max threshold 15)
[2024-02-19T23:43:28.871+0000][7][gc,age      ] GC(19) - age   1:    1246976 bytes,    1246976 total
[2024-02-19T23:43:28.871+0000][7][gc,age      ] GC(19) - age   2:      27176 bytes,    1274152 total
[2024-02-19T23:43:28.871+0000][7][gc,age      ] GC(19) - age   3:      51216 bytes,    1325368 total
[2024-02-19T23:43:28.871+0000][7][gc,age      ] GC(19) - age   4:     153600 bytes,    1478968 total
[2024-02-19T23:43:28.871+0000][7][gc,age      ] GC(19) - age   5:     214208 bytes,    1693176 total
[2024-02-19T23:43:28.871+0000][7][gc,age      ] GC(19) - age   6:    1925888 bytes,    3619064 total
[2024-02-19T23:43:28.871+0000][7][gc,age      ] GC(19) - age   7:     124256 bytes,    3743320 total
[2024-02-19T23:43:28.871+0000][7][gc,age      ] GC(19) - age   8:   20781344 bytes,   24524664 total
[2024-02-19T23:43:28.871+0000][7][gc,age      ] GC(19) - age   9:   15855000 bytes,   40379664 total
[2024-02-19T23:43:28.871+0000][7][gc,heap     ] GC(19) Eden regions: 142->0(142)
[2024-02-19T23:43:28.871+0000][7][gc,heap     ] GC(19) Survivor regions: 11->11(20)
[2024-02-19T23:43:28.871+0000][7][gc,heap     ] GC(19) Old regions: 12->12
[2024-02-19T23:43:28.871+0000][7][gc,heap     ] GC(19) Archive regions: 2->2
[2024-02-19T23:43:28.871+0000][7][gc,heap     ] GC(19) Humongous regions: 0->0
[2024-02-19T23:43:28.871+0000][7][gc,metaspace] GC(19) Metaspace: 126147K(129664K)->126147K(129664K) NonClass: 109476K(111232K)->109476K(111232K) Class: 16671K(18432K)->16671K(18432K)
[2024-02-19T23:43:28.871+0000][7][gc          ] GC(19) Pause Young (Normal) (G1 Evacuation Pause) 660M->93M(1024M) 22.515ms
[2024-02-19T23:43:28.871+0000][7][gc,cpu      ] GC(19) User=0.12s Sys=0.00s Real=0.03s
[2024-02-19T23:43:28.871+0000][7][safepoint   ] Safepoint "G1CollectForAllocation", Time since last: 2994191457 ns, Reaching safepoint: 46925 ns, At safepoint: 22585715 ns, Total: 22632640 ns
[2024-02-19T23:43:34.872+0000][7][safepoint   ] Safepoint "Cleanup", Time since last: 6000474598 ns, Reaching safepoint: 71692 ns, At safepoint: 7516 ns, Total: 79208 ns
[2024-02-19T23:43:35.872+0000][7][safepoint   ] Safepoint "Cleanup", Time since last: 1000136501 ns, Reaching safepoint: 77208 ns, At safepoint: 6906 ns, Total: 84114 ns
[2024-02-19T23:43:39.873+0000][7][safepoint   ] Safepoint "Cleanup", Time since last: 4000386590 ns, Reaching safepoint: 49419 ns, At safepoint: 4283 ns, Total: 53702 ns
[2024-02-19T23:43:40.873+0000][7][safepoint   ] Safepoint "Cleanup", Time since last: 1000148252 ns, Reaching safepoint: 59551 ns, At safepoint: 9197 ns, Total: 68748 ns
[2024-02-19T23:43:41.873+0000][7][safepoint   ] Safepoint "Cleanup", Time since last: 1000133315 ns, Reaching safepoint: 65223 ns, At safepoint: 3947 ns, Total: 69170 ns
[2024-02-19T23:43:43.873+0000][7][safepoint   ] Safepoint "Cleanup", Time since last: 2000223249 ns, Reaching safepoint: 84358 ns, At safepoint: 5553 ns, Total: 89911 ns
[2024-02-19T23:43:58.875+0000][7][safepoint   ] Safepoint "Cleanup", Time since last: 15001210897 ns, Reaching safepoint: 104959 ns, At safepoint: 5112 ns, Total: 110071 ns
[2024-02-19T23:44:01.875+0000][7][safepoint   ] Safepoint "Cleanup", Time since last: 3000261697 ns, Reaching safepoint: 50094 ns, At safepoint: 3793 ns, Total: 53887 ns
[2024-02-19T23:44:04.875+0000][7][safepoint   ] Safepoint "Cleanup", Time since last: 3000280364 ns, Reaching safepoint: 71415 ns, At safepoint: 4484 ns, Total: 75899 ns
[2024-02-19T23:44:06.876+0000][7][safepoint   ] Safepoint "Cleanup", Time since last: 2000274286 ns, Reaching safepoint: 82305 ns, At safepoint: 14457 ns, Total: 96762 ns
[2024-02-19T23:44:16.878+0000][7][safepoint   ] Safepoint "Cleanup", Time since last: 10000872359 ns, Reaching safepoint: 1149247 ns, At safepoint: 22786 ns, Total: 1172033 ns
[2024-02-19T23:44:23.878+0000][7][safepoint   ] Safepoint "Cleanup", Time since last: 7000637325 ns, Reaching safepoint: 94864 ns, At safepoint: 10660 ns, Total: 105524 ns
[2024-02-19T23:44:43.880+0000][7][safepoint   ] Safepoint "Cleanup", Time since last: 20001687674 ns, Reaching safepoint: 56221 ns, At safepoint: 3560 ns, Total: 59781 ns
[2024-02-19T23:44:48.881+0000][7][safepoint   ] Safepoint "Cleanup", Time since last: 5000433057 ns, Reaching safepoint: 71997 ns, At safepoint: 3287 ns, Total: 75284 ns
[2024-02-19T23:44:49.881+0000][7][safepoint   ] Safepoint "Cleanup", Time since last: 1000115205 ns, Reaching safepoint: 58035 ns, At safepoint: 3512 ns, Total: 61547 ns
[2024-02-19T23:44:53.881+0000][7][safepoint   ] Safepoint "Cleanup", Time since last: 4000350384 ns, Reaching safepoint: 63180 ns, At safepoint: 5182 ns, Total: 68362 ns
[2024-02-19T23:45:02.882+0000][7][safepoint   ] Safepoint "Cleanup", Time since last: 9000669572 ns, Reaching safepoint: 94589 ns, At safepoint: 5246 ns, Total: 99835 ns
[2024-02-19T23:45:10.883+0000][7][safepoint   ] Safepoint "Cleanup", Time since last: 8000688645 ns, Reaching safepoint: 47351 ns, At safepoint: 3795 ns, Total: 51146 ns
[2024-02-19T23:45:11.883+0000][7][safepoint   ] Safepoint "Cleanup", Time since last: 1000112269 ns, Reaching safepoint: 65020 ns, At safepoint: 3054 ns, Total: 68074 ns
[2024-02-19T23:45:13.883+0000][7][safepoint   ] Safepoint "Cleanup", Time since last: 2000198876 ns, Reaching safepoint: 70967 ns, At safepoint: 4846 ns, Total: 75813 ns
[2024-02-19T23:45:16.884+0000][7][safepoint   ] Safepoint "Cleanup", Time since last: 3000358864 ns, Reaching safepoint: 55661 ns, At safepoint: 8982 ns, Total: 64643 ns
[2024-02-19T23:45:39.886+0000][7][safepoint   ] Safepoint "Cleanup", Time since last: 23002118526 ns, Reaching safepoint: 57789 ns, At safepoint: 10875 ns, Total: 68664 ns
[2024-02-19T23:45:40.886+0000][7][safepoint   ] Safepoint "Cleanup", Time since last: 1000122940 ns, Reaching safepoint: 62118 ns, At safepoint: 2993 ns, Total: 65111 ns
[2024-02-19T23:45:41.886+0000][7][safepoint   ] Safepoint "Cleanup", Time since last: 1000113920 ns, Reaching safepoint: 51328 ns, At safepoint: 5424 ns, Total: 56752 ns
[2024-02-19T23:45:43.886+0000][7][safepoint   ] Safepoint "Cleanup", Time since last: 2000216131 ns, Reaching safepoint: 76279 ns, At safepoint: 4041 ns, Total: 80320 ns
[2024-02-19T23:45:45.887+0000][7][safepoint   ] Safepoint "Cleanup", Time since last: 2000194162 ns, Reaching safepoint: 46727 ns, At safepoint: 4047 ns, Total: 50774 ns
[2024-02-19T23:45:55.888+0000][7][safepoint   ] Safepoint "Cleanup", Time since last: 10001257692 ns, Reaching safepoint: 72789 ns, At safepoint: 4963 ns, Total: 77752 ns
[2024-02-19T23:46:02.889+0000][7][safepoint   ] Safepoint "Cleanup", Time since last: 7000694130 ns, Reaching safepoint: 135631 ns, At safepoint: 11475 ns, Total: 147106 ns
[2024-02-19T23:46:04.889+0000][7][safepoint   ] Safepoint "Cleanup", Time since last: 2000225046 ns, Reaching safepoint: 112749 ns, At safepoint: 3507 ns, Total: 116256 ns
[2024-02-19T23:46:05.889+0000][7][safepoint   ] Safepoint "Cleanup", Time since last: 1000135199 ns, Reaching safepoint: 53201 ns, At safepoint: 3825 ns, Total: 57026 ns
[2024-02-19T23:46:07.890+0000][7][safepoint   ] Safepoint "Cleanup", Time since last: 2000153128 ns, Reaching safepoint: 44147 ns, At safepoint: 2986 ns, Total: 47133 ns
[2024-02-19T23:46:16.890+0000][7][safepoint   ] Safepoint "Cleanup", Time since last: 9000720880 ns, Reaching safepoint: 45830 ns, At safepoint: 3648 ns, Total: 49478 ns
[2024-02-19T23:46:43.893+0000][7][safepoint   ] Safepoint "Cleanup", Time since last: 27002458443 ns, Reaching safepoint: 56250 ns, At safepoint: 5109 ns, Total: 61359 ns
[2024-02-19T23:46:46.861+0000][7][gc,start    ] GC(20) Pause Young (Normal) (G1 Evacuation Pause)
[2024-02-19T23:46:46.861+0000][7][gc,task     ] GC(20) Using 8 workers of 8 for evacuation
[2024-02-19T23:46:46.861+0000][7][gc,age      ] GC(20) Desired survivor size 41943040 bytes, new threshold 15 (max threshold 15)
[2024-02-19T23:46:46.889+0000][7][gc,phases   ] GC(20)   Pre Evacuate Collection Set: 0.1ms
[2024-02-19T23:46:46.889+0000][7][gc,phases   ] GC(20)   Merge Heap Roots: 0.1ms
[2024-02-19T23:46:46.889+0000][7][gc,phases   ] GC(20)   Evacuate Collection Set: 25.5ms
[2024-02-19T23:46:46.889+0000][7][gc,phases   ] GC(20)   Post Evacuate Collection Set: 2.2ms
[2024-02-19T23:46:46.889+0000][7][gc,phases   ] GC(20)   Other: 0.1ms
[2024-02-19T23:46:46.889+0000][7][gc,age      ] GC(20) Age table with threshold 15 (max threshold 15)
[2024-02-19T23:46:46.889+0000][7][gc,age      ] GC(20) - age   1:    1150080 bytes,    1150080 total
[2024-02-19T23:46:46.889+0000][7][gc,age      ] GC(20) - age   2:      18448 bytes,    1168528 total
[2024-02-19T23:46:46.889+0000][7][gc,age      ] GC(20) - age   3:      24992 bytes,    1193520 total
[2024-02-19T23:46:46.889+0000][7][gc,age      ] GC(20) - age   4:      51216 bytes,    1244736 total
[2024-02-19T23:46:46.889+0000][7][gc,age      ] GC(20) - age   5:     153600 bytes,    1398336 total
[2024-02-19T23:46:46.889+0000][7][gc,age      ] GC(20) - age   6:     214080 bytes,    1612416 total
[2024-02-19T23:46:46.889+0000][7][gc,age      ] GC(20) - age   7:    1925592 bytes,    3538008 total
[2024-02-19T23:46:46.889+0000][7][gc,age      ] GC(20) - age   8:     124256 bytes,    3662264 total
[2024-02-19T23:46:46.889+0000][7][gc,age      ] GC(20) - age   9:   20781344 bytes,   24443608 total
[2024-02-19T23:46:46.889+0000][7][gc,age      ] GC(20) - age  10:   15854736 bytes,   40298344 total
[2024-02-19T23:46:46.889+0000][7][gc,heap     ] GC(20) Eden regions: 142->0(142)
[2024-02-19T23:46:46.889+0000][7][gc,heap     ] GC(20) Survivor regions: 11->11(20)
[2024-02-19T23:46:46.889+0000][7][gc,heap     ] GC(20) Old regions: 12->12
[2024-02-19T23:46:46.889+0000][7][gc,heap     ] GC(20) Archive regions: 2->2
[2024-02-19T23:46:46.889+0000][7][gc,heap     ] GC(20) Humongous regions: 0->0
[2024-02-19T23:46:46.889+0000][7][gc,metaspace] GC(20) Metaspace: 126183K(129664K)->126183K(129664K) NonClass: 109511K(111232K)->109511K(111232K) Class: 16671K(18432K)->16671K(18432K)
[2024-02-19T23:46:46.889+0000][7][gc          ] GC(20) Pause Young (Normal) (G1 Evacuation Pause) 661M->90M(1024M) 28.133ms
[2024-02-19T23:46:46.889+0000][7][gc,cpu      ] GC(20) User=0.11s Sys=0.00s Real=0.03s
[2024-02-19T23:46:46.889+0000][7][safepoint   ] Safepoint "G1CollectForAllocation", Time since last: 2967589620 ns, Reaching safepoint: 48385 ns, At safepoint: 28207869 ns, Total: 28256254 ns
[2024-02-19T23:46:54.890+0000][7][safepoint   ] Safepoint "Cleanup", Time since last: 8000910230 ns, Reaching safepoint: 68190 ns, At safepoint: 6598 ns, Total: 74788 ns
[2024-02-19T23:46:58.890+0000][7][safepoint   ] Safepoint "Cleanup", Time since last: 4000518212 ns, Reaching safepoint: 73297 ns, At safepoint: 6835 ns, Total: 80132 ns
[2024-02-19T23:47:19.892+0000][7][safepoint   ] Safepoint "Cleanup", Time since last: 21002023724 ns, Reaching safepoint: 59663 ns, At safepoint: 4914 ns, Total: 64577 ns
[2024-02-19T23:47:23.893+0000][7][safepoint   ] Safepoint "Cleanup", Time since last: 4000395112 ns, Reaching safepoint: 91704 ns, At safepoint: 10302 ns, Total: 102006 ns
[2024-02-19T23:47:34.894+0000][7][safepoint   ] Safepoint "Cleanup", Time since last: 11001022822 ns, Reaching safepoint: 54618 ns, At safepoint: 4171 ns, Total: 58789 ns
[2024-02-19T23:47:35.894+0000][7][safepoint   ] Safepoint "Cleanup", Time since last: 1000146868 ns, Reaching safepoint: 62302 ns, At safepoint: 10494 ns, Total: 72796 ns
[2024-02-19T23:47:43.895+0000][7][safepoint   ] Safepoint "Cleanup", Time since last: 8000724937 ns, Reaching safepoint: 155899 ns, At safepoint: 11035 ns, Total: 166934 ns
[2024-02-19T23:48:04.897+0000][7][safepoint   ] Safepoint "Cleanup", Time since last: 21002189822 ns, Reaching safepoint: 50608 ns, At safepoint: 4275 ns, Total: 54883 ns
[2024-02-19T23:48:43.902+0000][7][safepoint   ] Safepoint "Cleanup", Time since last: 39004015244 ns, Reaching safepoint: 110232 ns, At safepoint: 5347 ns, Total: 115579 ns
[2024-02-19T23:48:52.902+0000][7][safepoint   ] Safepoint "Cleanup", Time since last: 9000788169 ns, Reaching safepoint: 66541 ns, At safepoint: 7286 ns, Total: 73827 ns
[2024-02-19T23:48:53.903+0000][7][safepoint   ] Safepoint "Cleanup", Time since last: 1000105852 ns, Reaching safepoint: 49684 ns, At safepoint: 10089 ns, Total: 59773 ns
[2024-02-19T23:48:58.903+0000][7][safepoint   ] Safepoint "Cleanup", Time since last: 5000483361 ns, Reaching safepoint: 84971 ns, At safepoint: 5196 ns, Total: 90167 ns
[2024-02-19T23:49:05.904+0000][7][safepoint   ] Safepoint "Cleanup", Time since last: 7001041293 ns, Reaching safepoint: 57600 ns, At safepoint: 5658 ns, Total: 63258 ns
[2024-02-19T23:49:09.905+0000][7][safepoint   ] Safepoint "Cleanup", Time since last: 4000390632 ns, Reaching safepoint: 44599 ns, At safepoint: 4693 ns, Total: 49292 ns
[2024-02-19T23:49:10.905+0000][7][safepoint   ] Safepoint "Cleanup", Time since last: 1000136239 ns, Reaching safepoint: 60881 ns, At safepoint: 6181 ns, Total: 67062 ns
[2024-02-19T23:49:11.905+0000][7][safepoint   ] Safepoint "Cleanup", Time since last: 1000132427 ns, Reaching safepoint: 63320 ns, At safepoint: 5937 ns, Total: 69257 ns
[2024-02-19T23:49:23.906+0000][7][safepoint   ] Safepoint "Cleanup", Time since last: 12001053022 ns, Reaching safepoint: 92868 ns, At safepoint: 5174 ns, Total: 98042 ns
[2024-02-19T23:49:28.907+0000][7][safepoint   ] Safepoint "Cleanup", Time since last: 5000511118 ns, Reaching safepoint: 103461 ns, At safepoint: 6578 ns, Total: 110039 ns
[2024-02-19T23:49:35.908+0000][7][safepoint   ] Safepoint "Cleanup", Time since last: 7000930322 ns, Reaching safepoint: 86811 ns, At safepoint: 5726 ns, Total: 92537 ns
[2024-02-19T23:49:39.908+0000][7][safepoint   ] Safepoint "Cleanup", Time since last: 4000398837 ns, Reaching safepoint: 74793 ns, At safepoint: 5183 ns, Total: 79976 ns
[2024-02-19T23:49:40.909+0000][7][safepoint   ] Safepoint "Cleanup", Time since last: 1000239006 ns, Reaching safepoint: 73309 ns, At safepoint: 9026 ns, Total: 82335 ns
[2024-02-19T23:49:41.909+0000][7][safepoint   ] Safepoint "Cleanup", Time since last: 1000267680 ns, Reaching safepoint: 71000 ns, At safepoint: 10461 ns, Total: 81461 ns
[2024-02-19T23:49:43.909+0000][7][safepoint   ] Safepoint "Cleanup", Time since last: 2000319762 ns, Reaching safepoint: 66654 ns, At safepoint: 7062 ns, Total: 73716 ns
[2024-02-19T23:49:58.911+0000][7][safepoint   ] Safepoint "Cleanup", Time since last: 15001568468 ns, Reaching safepoint: 82309 ns, At safepoint: 7568 ns, Total: 89877 ns
[2024-02-19T23:50:09.913+0000][7][safepoint   ] Safepoint "Cleanup", Time since last: 11001412666 ns, Reaching safepoint: 67838 ns, At safepoint: 19186 ns, Total: 87024 ns
[2024-02-19T23:50:10.872+0000][7][gc,start    ] GC(21) Pause Young (Normal) (G1 Evacuation Pause)
[2024-02-19T23:50:10.872+0000][7][gc,task     ] GC(21) Using 8 workers of 8 for evacuation
[2024-02-19T23:50:10.872+0000][7][gc,age      ] GC(21) Desired survivor size 41943040 bytes, new threshold 15 (max threshold 15)
[2024-02-19T23:50:10.900+0000][7][gc,phases   ] GC(21)   Pre Evacuate Collection Set: 0.1ms
[2024-02-19T23:50:10.900+0000][7][gc,phases   ] GC(21)   Merge Heap Roots: 0.1ms
[2024-02-19T23:50:10.900+0000][7][gc,phases   ] GC(21)   Evacuate Collection Set: 25.3ms
[2024-02-19T23:50:10.900+0000][7][gc,phases   ] GC(21)   Post Evacuate Collection Set: 2.5ms
[2024-02-19T23:50:10.900+0000][7][gc,phases   ] GC(21)   Other: 0.1ms
[2024-02-19T23:50:10.900+0000][7][gc,age      ] GC(21) Age table with threshold 15 (max threshold 15)
[2024-02-19T23:50:10.900+0000][7][gc,age      ] GC(21) - age   1:    1940464 bytes,    1940464 total
[2024-02-19T23:50:10.900+0000][7][gc,age      ] GC(21) - age   2:       9568 bytes,    1950032 total
[2024-02-19T23:50:10.900+0000][7][gc,age      ] GC(21) - age   3:       8432 bytes,    1958464 total
[2024-02-19T23:50:10.900+0000][7][gc,age      ] GC(21) - age   4:      20632 bytes,    1979096 total
[2024-02-19T23:50:10.900+0000][7][gc,age      ] GC(21) - age   5:      50640 bytes,    2029736 total
[2024-02-19T23:50:10.900+0000][7][gc,age      ] GC(21) - age   6:     153600 bytes,    2183336 total
[2024-02-19T23:50:10.900+0000][7][gc,age      ] GC(21) - age   7:     214048 bytes,    2397384 total
[2024-02-19T23:50:10.900+0000][7][gc,age      ] GC(21) - age   8:    1925592 bytes,    4322976 total
[2024-02-19T23:50:10.900+0000][7][gc,age      ] GC(21) - age   9:     124256 bytes,    4447232 total
[2024-02-19T23:50:10.900+0000][7][gc,age      ] GC(21) - age  10:   20781344 bytes,   25228576 total
[2024-02-19T23:50:10.900+0000][7][gc,age      ] GC(21) - age  11:   15854736 bytes,   41083312 total
[2024-02-19T23:50:10.900+0000][7][gc,heap     ] GC(21) Eden regions: 142->0(142)
[2024-02-19T23:50:10.900+0000][7][gc,heap     ] GC(21) Survivor regions: 11->11(20)
[2024-02-19T23:50:10.900+0000][7][gc,heap     ] GC(21) Old regions: 12->12
[2024-02-19T23:50:10.900+0000][7][gc,heap     ] GC(21) Archive regions: 2->2
[2024-02-19T23:50:10.900+0000][7][gc,heap     ] GC(21) Humongous regions: 0->0
[2024-02-19T23:50:10.900+0000][7][gc,metaspace] GC(21) Metaspace: 126216K(129728K)->126216K(129728K) NonClass: 109545K(111296K)->109545K(111296K) Class: 16671K(18432K)->16671K(18432K)
[2024-02-19T23:50:10.900+0000][7][gc          ] GC(21) Pause Young (Normal) (G1 Evacuation Pause) 658M->91M(1024M) 28.518ms
[2024-02-19T23:50:10.900+0000][7][gc,cpu      ] GC(21) User=0.16s Sys=0.00s Real=0.02s
[2024-02-19T23:50:10.900+0000][7][safepoint   ] Safepoint "G1CollectForAllocation", Time since last: 958858041 ns, Reaching safepoint: 63593 ns, At safepoint: 28621798 ns, Total: 28685391 ns
[2024-02-19T23:50:11.900+0000][7][safepoint   ] Safepoint "Cleanup", Time since last: 1000100784 ns, Reaching safepoint: 64826 ns, At safepoint: 7836 ns, Total: 72662 ns
[2024-02-19T23:50:13.901+0000][7][safepoint   ] Safepoint "Cleanup", Time since last: 2000241697 ns, Reaching safepoint: 58684 ns, At safepoint: 5166 ns, Total: 63850 ns
[2024-02-19T23:50:15.901+0000][7][safepoint   ] Safepoint "Cleanup", Time since last: 2000358875 ns, Reaching safepoint: 68034 ns, At safepoint: 6962 ns, Total: 74996 ns
[2024-02-19T23:50:16.901+0000][7][safepoint   ] Safepoint "Cleanup", Time since last: 1000150587 ns, Reaching safepoint: 67323 ns, At safepoint: 9335 ns, Total: 76658 ns
[2024-02-19T23:50:22.902+0000][7][safepoint   ] Safepoint "Cleanup", Time since last: 6000575514 ns, Reaching safepoint: 62278 ns, At safepoint: 5250 ns, Total: 67528 ns
[2024-02-19T23:50:29.903+0000][7][safepoint   ] Safepoint "Cleanup", Time since last: 7000573693 ns, Reaching safepoint: 66204 ns, At safepoint: 7203 ns, Total: 73407 ns
[2024-02-19T23:50:40.904+0000][7][safepoint   ] Safepoint "Cleanup", Time since last: 11001052977 ns, Reaching safepoint: 68212 ns, At safepoint: 5003 ns, Total: 73215 ns
[2024-02-19T23:50:58.905+0000][7][safepoint   ] Safepoint "Cleanup", Time since last: 18001678984 ns, Reaching safepoint: 75903 ns, At safepoint: 18369 ns, Total: 94272 ns
[2024-02-19T23:51:11.907+0000][7][safepoint   ] Safepoint "Cleanup", Time since last: 13001158080 ns, Reaching safepoint: 59289 ns, At safepoint: 6363 ns, Total: 65652 ns
[2024-02-19T23:51:17.908+0000][7][safepoint   ] Safepoint "Cleanup", Time since last: 6000750000 ns, Reaching safepoint: 111497 ns, At safepoint: 19777 ns, Total: 131274 ns
[2024-02-19T23:51:22.908+0000][7][safepoint   ] Safepoint "Cleanup", Time since last: 5000835432 ns, Reaching safepoint: 89088 ns, At safepoint: 6478 ns, Total: 95566 ns
[2024-02-19T23:51:23.909+0000][7][safepoint   ] Safepoint "Cleanup", Time since last: 1000196476 ns, Reaching safepoint: 78967 ns, At safepoint: 8201 ns, Total: 87168 ns
[2024-02-19T23:51:29.910+0000][7][safepoint   ] Safepoint "Cleanup", Time since last: 6000924938 ns, Reaching safepoint: 98188 ns, At safepoint: 10627 ns, Total: 108815 ns
[2024-02-19T23:51:35.911+0000][7][safepoint   ] Safepoint "Cleanup", Time since last: 6000752973 ns, Reaching safepoint: 61070 ns, At safepoint: 6185 ns, Total: 67255 ns
[2024-02-19T23:51:41.911+0000][7][safepoint   ] Safepoint "Cleanup", Time since last: 6000789957 ns, Reaching safepoint: 65813 ns, At safepoint: 10250 ns, Total: 76063 ns
[2024-02-19T23:51:43.912+0000][7][safepoint   ] Safepoint "Cleanup", Time since last: 2000329523 ns, Reaching safepoint: 76006 ns, At safepoint: 7330 ns, Total: 83336 ns
[2024-02-19T23:51:46.912+0000][7][safepoint   ] Safepoint "Cleanup", Time since last: 3000475581 ns, Reaching safepoint: 63572 ns, At safepoint: 6645 ns, Total: 70217 ns
[2024-02-19T23:51:52.913+0000][7][safepoint   ] Safepoint "Cleanup", Time since last: 6000736550 ns, Reaching safepoint: 51084 ns, At safepoint: 5120 ns, Total: 56204 ns
[2024-02-19T23:51:53.913+0000][7][safepoint   ] Safepoint "Cleanup", Time since last: 1000146270 ns, Reaching safepoint: 62065 ns, At safepoint: 5323 ns, Total: 67388 ns
[2024-02-19T23:51:58.914+0000][7][safepoint   ] Safepoint "Cleanup", Time since last: 5000421718 ns, Reaching safepoint: 71642 ns, At safepoint: 5403 ns, Total: 77045 ns
[2024-02-19T23:52:09.915+0000][7][safepoint   ] Safepoint "Cleanup", Time since last: 11000883122 ns, Reaching safepoint: 69145 ns, At safepoint: 5169 ns, Total: 74314 ns
[2024-02-19T23:52:10.915+0000][7][safepoint   ] Safepoint "Cleanup", Time since last: 1000138865 ns, Reaching safepoint: 53389 ns, At safepoint: 6030 ns, Total: 59419 ns
[2024-02-19T23:52:17.916+0000][7][safepoint   ] Safepoint "Cleanup", Time since last: 7000794543 ns, Reaching safepoint: 62618 ns, At safepoint: 5537 ns, Total: 68155 ns
[2024-02-19T23:52:19.916+0000][7][safepoint   ] Safepoint "Cleanup", Time since last: 2000375495 ns, Reaching safepoint: 71661 ns, At safepoint: 10929 ns, Total: 82590 ns
[2024-02-19T23:52:24.539+0000][7][safepoint   ] Safepoint "Cleanup", Time since last: 4622288908 ns, Reaching safepoint: 91822 ns, At safepoint: 6303 ns, Total: 98125 ns
[2024-02-19T23:52:29.539+0000][7][safepoint   ] Safepoint "Cleanup", Time since last: 5000443650 ns, Reaching safepoint: 92528 ns, At safepoint: 6825 ns, Total: 99353 ns
[2024-02-19T23:52:35.540+0000][7][safepoint   ] Safepoint "Cleanup", Time since last: 6000653796 ns, Reaching safepoint: 117995 ns, At safepoint: 16618 ns, Total: 134613 ns
[2024-02-19T23:52:38.541+0000][7][safepoint   ] Safepoint "Cleanup", Time since last: 3000408554 ns, Reaching safepoint: 111142 ns, At safepoint: 17506 ns, Total: 128648 ns
[2024-02-19T23:52:41.541+0000][7][safepoint   ] Safepoint "Cleanup", Time since last: 3000365462 ns, Reaching safepoint: 53403 ns, At safepoint: 5801 ns, Total: 59204 ns
[2024-02-19T23:52:59.543+0000][7][safepoint   ] Safepoint "Cleanup", Time since last: 18001463527 ns, Reaching safepoint: 89655 ns, At safepoint: 5273 ns, Total: 94928 ns
[2024-02-19T23:53:06.544+0000][7][safepoint   ] Safepoint "Cleanup", Time since last: 7000931037 ns, Reaching safepoint: 62233 ns, At safepoint: 6064 ns, Total: 68297 ns
[2024-02-19T23:53:23.546+0000][7][safepoint   ] Safepoint "Cleanup", Time since last: 17001875487 ns, Reaching safepoint: 61844 ns, At safepoint: 5445 ns, Total: 67289 ns
[2024-02-19T23:53:34.884+0000][7][gc,start    ] GC(22) Pause Young (Normal) (G1 Evacuation Pause)
[2024-02-19T23:53:34.884+0000][7][gc,task     ] GC(22) Using 8 workers of 8 for evacuation
[2024-02-19T23:53:34.884+0000][7][gc,age      ] GC(22) Desired survivor size 41943040 bytes, new threshold 15 (max threshold 15)
[2024-02-19T23:53:34.906+0000][7][gc,phases   ] GC(22)   Pre Evacuate Collection Set: 0.1ms
[2024-02-19T23:53:34.906+0000][7][gc,phases   ] GC(22)   Merge Heap Roots: 0.1ms
[2024-02-19T23:53:34.906+0000][7][gc,phases   ] GC(22)   Evacuate Collection Set: 19.7ms
[2024-02-19T23:53:34.906+0000][7][gc,phases   ] GC(22)   Post Evacuate Collection Set: 2.1ms
[2024-02-19T23:53:34.906+0000][7][gc,phases   ] GC(22)   Other: 0.1ms
[2024-02-19T23:53:34.906+0000][7][gc,age      ] GC(22) Age table with threshold 15 (max threshold 15)
[2024-02-19T23:53:34.906+0000][7][gc,age      ] GC(22) - age   1:    1679552 bytes,    1679552 total
[2024-02-19T23:53:34.906+0000][7][gc,age      ] GC(22) - age   2:      23152 bytes,    1702704 total
[2024-02-19T23:53:34.906+0000][7][gc,age      ] GC(22) - age   3:       6904 bytes,    1709608 total
[2024-02-19T23:53:34.906+0000][7][gc,age      ] GC(22) - age   4:       7920 bytes,    1717528 total
[2024-02-19T23:53:34.906+0000][7][gc,age      ] GC(22) - age   5:      20632 bytes,    1738160 total
[2024-02-19T23:53:34.906+0000][7][gc,age      ] GC(22) - age   6:      50640 bytes,    1788800 total
[2024-02-19T23:53:34.906+0000][7][gc,age      ] GC(22) - age   7:     153600 bytes,    1942400 total
[2024-02-19T23:53:34.906+0000][7][gc,age      ] GC(22) - age   8:     214048 bytes,    2156448 total
[2024-02-19T23:53:34.906+0000][7][gc,age      ] GC(22) - age   9:    1925592 bytes,    4082040 total
[2024-02-19T23:53:34.906+0000][7][gc,age      ] GC(22) - age  10:     124256 bytes,    4206296 total
[2024-02-19T23:53:34.906+0000][7][gc,age      ] GC(22) - age  11:   20781248 bytes,   24987544 total
[2024-02-19T23:53:34.906+0000][7][gc,age      ] GC(22) - age  12:   15854736 bytes,   40842280 total
[2024-02-19T23:53:34.906+0000][7][gc,heap     ] GC(22) Eden regions: 142->0(142)
[2024-02-19T23:53:34.906+0000][7][gc,heap     ] GC(22) Survivor regions: 11->11(20)
[2024-02-19T23:53:34.906+0000][7][gc,heap     ] GC(22) Old regions: 12->12
[2024-02-19T23:53:34.906+0000][7][gc,heap     ] GC(22) Archive regions: 2->2
[2024-02-19T23:53:34.906+0000][7][gc,heap     ] GC(22) Humongous regions: 0->0
[2024-02-19T23:53:34.906+0000][7][gc,metaspace] GC(22) Metaspace: 126254K(129728K)->126254K(129728K) NonClass: 109580K(111296K)->109580K(111296K) Class: 16673K(18432K)->16673K(18432K)
[2024-02-19T23:53:34.906+0000][7][gc          ] GC(22) Pause Young (Normal) (G1 Evacuation Pause) 659M->93M(1024M) 22.309ms
[2024-02-19T23:53:34.906+0000][7][gc,cpu      ] GC(22) User=0.15s Sys=0.00s Real=0.02s
[2024-02-19T23:53:34.907+0000][7][safepoint   ] Safepoint "G1CollectForAllocation", Time since last: 11338515199 ns, Reaching safepoint: 24548 ns, At safepoint: 22389984 ns, Total: 22414532 ns
[2024-02-19T23:53:39.907+0000][7][safepoint   ] Safepoint "Cleanup", Time since last: 5000699211 ns, Reaching safepoint: 67917 ns, At safepoint: 11167 ns, Total: 79084 ns
[2024-02-19T23:53:43.908+0000][7][safepoint   ] Safepoint "Cleanup", Time since last: 4000458697 ns, Reaching safepoint: 94070 ns, At safepoint: 20464 ns, Total: 114534 ns
[2024-02-19T23:53:58.910+0000][7][safepoint   ] Safepoint "Cleanup", Time since last: 15001566667 ns, Reaching safepoint: 84860 ns, At safepoint: 4040 ns, Total: 88900 ns
[2024-02-19T23:54:04.910+0000][7][safepoint   ] Safepoint "Cleanup", Time since last: 6000520830 ns, Reaching safepoint: 56837 ns, At safepoint: 6201 ns, Total: 63038 ns
[2024-02-19T23:54:09.911+0000][7][safepoint   ] Safepoint "Cleanup", Time since last: 5000506823 ns, Reaching safepoint: 77248 ns, At safepoint: 4211 ns, Total: 81459 ns
[2024-02-19T23:54:18.912+0000][7][safepoint   ] Safepoint "Cleanup", Time since last: 9001017925 ns, Reaching safepoint: 108082 ns, At safepoint: 5780 ns, Total: 113862 ns
[2024-02-19T23:54:22.912+0000][7][safepoint   ] Safepoint "Cleanup", Time since last: 4000522980 ns, Reaching safepoint: 52094 ns, At safepoint: 4496 ns, Total: 56590 ns
[2024-02-19T23:54:23.913+0000][7][safepoint   ] Safepoint "Cleanup", Time since last: 1000214866 ns, Reaching safepoint: 73455 ns, At safepoint: 8595 ns, Total: 82050 ns
[2024-02-19T23:54:25.913+0000][7][safepoint   ] Safepoint "Cleanup", Time since last: 2000382856 ns, Reaching safepoint: 46402 ns, At safepoint: 5414 ns, Total: 51816 ns
[2024-02-19T23:54:31.914+0000][7][safepoint   ] Safepoint "Cleanup", Time since last: 6000615656 ns, Reaching safepoint: 95946 ns, At safepoint: 5403 ns, Total: 101349 ns
[2024-02-19T23:54:33.914+0000][7][safepoint   ] Safepoint "Cleanup", Time since last: 2000219646 ns, Reaching safepoint: 73933 ns, At safepoint: 6095 ns, Total: 80028 ns
[2024-02-19T23:54:35.914+0000][7][safepoint   ] Safepoint "Cleanup", Time since last: 2000257432 ns, Reaching safepoint: 46218 ns, At safepoint: 4511 ns, Total: 50729 ns
[2024-02-19T23:54:41.915+0000][7][safepoint   ] Safepoint "Cleanup", Time since last: 6000535689 ns, Reaching safepoint: 75179 ns, At safepoint: 5548 ns, Total: 80727 ns
[2024-02-19T23:54:43.915+0000][7][safepoint   ] Safepoint "Cleanup", Time since last: 2000248198 ns, Reaching safepoint: 87792 ns, At safepoint: 5384 ns, Total: 93176 ns
[2024-02-19T23:54:47.916+0000][7][safepoint   ] Safepoint "Cleanup", Time since last: 4000409571 ns, Reaching safepoint: 179192 ns, At safepoint: 12096 ns, Total: 191288 ns
[2024-02-19T23:54:53.917+0000][7][safepoint   ] Safepoint "Cleanup", Time since last: 6000570547 ns, Reaching safepoint: 92908 ns, At safepoint: 18444 ns, Total: 111352 ns
[2024-02-19T23:55:10.918+0000][7][safepoint   ] Safepoint "Cleanup", Time since last: 17001622046 ns, Reaching safepoint: 57236 ns, At safepoint: 7901 ns, Total: 65137 ns
[2024-02-19T23:55:11.919+0000][7][safepoint   ] Safepoint "Cleanup", Time since last: 1000218912 ns, Reaching safepoint: 65971 ns, At safepoint: 12831 ns, Total: 78802 ns
[2024-02-19T23:55:16.919+0000][7][safepoint   ] Safepoint "Cleanup", Time since last: 5000669285 ns, Reaching safepoint: 58219 ns, At safepoint: 7548 ns, Total: 65767 ns
[2024-02-19T23:55:22.920+0000][7][safepoint   ] Safepoint "Cleanup", Time since last: 6000671442 ns, Reaching safepoint: 64102 ns, At safepoint: 4503 ns, Total: 68605 ns
[2024-02-19T23:55:40.922+0000][7][safepoint   ] Safepoint "Cleanup", Time since last: 18001795929 ns, Reaching safepoint: 47347 ns, At safepoint: 4010 ns, Total: 51357 ns
[2024-02-19T23:55:52.923+0000][7][safepoint   ] Safepoint "Cleanup", Time since last: 12000957325 ns, Reaching safepoint: 67352 ns, At safepoint: 3981 ns, Total: 71333 ns
[2024-02-19T23:55:55.923+0000][7][safepoint   ] Safepoint "Cleanup", Time since last: 3000237946 ns, Reaching safepoint: 44223 ns, At safepoint: 4202 ns, Total: 48425 ns
[2024-02-19T23:56:03.924+0000][7][safepoint   ] Safepoint "Cleanup", Time since last: 8000897040 ns, Reaching safepoint: 55213 ns, At safepoint: 10868 ns, Total: 66081 ns
[2024-02-19T23:56:10.925+0000][7][safepoint   ] Safepoint "Cleanup", Time since last: 7000598945 ns, Reaching safepoint: 54156 ns, At safepoint: 3454 ns, Total: 57610 ns
[2024-02-19T23:56:14.930+0000][7][safepoint   ] Safepoint "Cleanup", Time since last: 4004628947 ns, Reaching safepoint: 63889 ns, At safepoint: 4698 ns, Total: 68587 ns
[2024-02-19T23:56:19.930+0000][7][safepoint   ] Safepoint "Cleanup", Time since last: 5000505923 ns, Reaching safepoint: 75446 ns, At safepoint: 19783 ns, Total: 95229 ns
[2024-02-19T23:56:22.931+0000][7][safepoint   ] Safepoint "Cleanup", Time since last: 3000286548 ns, Reaching safepoint: 77786 ns, At safepoint: 4416 ns, Total: 82202 ns
[2024-02-19T23:56:43.933+0000][7][safepoint   ] Safepoint "Cleanup", Time since last: 21001830641 ns, Reaching safepoint: 82353 ns, At safepoint: 4825 ns, Total: 87178 ns
[2024-02-19T23:56:47.933+0000][7][safepoint   ] Safepoint "Cleanup", Time since last: 4000444746 ns, Reaching safepoint: 68352 ns, At safepoint: 15622 ns, Total: 83974 ns
[2024-02-19T23:56:52.886+0000][7][gc,start    ] GC(23) Pause Young (Normal) (G1 Evacuation Pause)
[2024-02-19T23:56:52.886+0000][7][gc,task     ] GC(23) Using 8 workers of 8 for evacuation
[2024-02-19T23:56:52.886+0000][7][gc,age      ] GC(23) Desired survivor size 41943040 bytes, new threshold 15 (max threshold 15)
[2024-02-19T23:56:52.910+0000][7][gc,phases   ] GC(23)   Pre Evacuate Collection Set: 0.1ms
[2024-02-19T23:56:52.910+0000][7][gc,phases   ] GC(23)   Merge Heap Roots: 0.1ms
[2024-02-19T23:56:52.910+0000][7][gc,phases   ] GC(23)   Evacuate Collection Set: 21.0ms
[2024-02-19T23:56:52.910+0000][7][gc,phases   ] GC(23)   Post Evacuate Collection Set: 2.4ms
[2024-02-19T23:56:52.910+0000][7][gc,phases   ] GC(23)   Other: 0.1ms
[2024-02-19T23:56:52.910+0000][7][gc,age      ] GC(23) Age table with threshold 15 (max threshold 15)
[2024-02-19T23:56:52.910+0000][7][gc,age      ] GC(23) - age   1:     864944 bytes,     864944 total
[2024-02-19T23:56:52.910+0000][7][gc,age      ] GC(23) - age   2:      13752 bytes,     878696 total
[2024-02-19T23:56:52.910+0000][7][gc,age      ] GC(23) - age   3:      20568 bytes,     899264 total
[2024-02-19T23:56:52.910+0000][7][gc,age      ] GC(23) - age   4:       6712 bytes,     905976 total
[2024-02-19T23:56:52.910+0000][7][gc,age      ] GC(23) - age   5:       7856 bytes,     913832 total
[2024-02-19T23:56:52.910+0000][7][gc,age      ] GC(23) - age   6:      20632 bytes,     934464 total
[2024-02-19T23:56:52.910+0000][7][gc,age      ] GC(23) - age   7:      50608 bytes,     985072 total
[2024-02-19T23:56:52.910+0000][7][gc,age      ] GC(23) - age   8:     153600 bytes,    1138672 total
[2024-02-19T23:56:52.910+0000][7][gc,age      ] GC(23) - age   9:     214048 bytes,    1352720 total
[2024-02-19T23:56:52.910+0000][7][gc,age      ] GC(23) - age  10:    1925592 bytes,    3278312 total
[2024-02-19T23:56:52.910+0000][7][gc,age      ] GC(23) - age  11:     124256 bytes,    3402568 total
[2024-02-19T23:56:52.910+0000][7][gc,age      ] GC(23) - age  12:   20780944 bytes,   24183512 total
[2024-02-19T23:56:52.910+0000][7][gc,age      ] GC(23) - age  13:   15854736 bytes,   40038248 total
[2024-02-19T23:56:52.910+0000][7][gc,heap     ] GC(23) Eden regions: 142->0(142)
[2024-02-19T23:56:52.910+0000][7][gc,heap     ] GC(23) Survivor regions: 11->11(20)
[2024-02-19T23:56:52.910+0000][7][gc,heap     ] GC(23) Old regions: 12->12
[2024-02-19T23:56:52.910+0000][7][gc,heap     ] GC(23) Archive regions: 2->2
[2024-02-19T23:56:52.910+0000][7][gc,heap     ] GC(23) Humongous regions: 0->0
[2024-02-19T23:56:52.910+0000][7][gc,metaspace] GC(23) Metaspace: 126311K(129792K)->126311K(129792K) NonClass: 109636K(111360K)->109636K(111360K) Class: 16674K(18432K)->16674K(18432K)
[2024-02-19T23:56:52.910+0000][7][gc          ] GC(23) Pause Young (Normal) (G1 Evacuation Pause) 661M->90M(1024M) 23.943ms
[2024-02-19T23:56:52.910+0000][7][gc,cpu      ] GC(23) User=0.16s Sys=0.01s Real=0.03s
[2024-02-19T23:56:52.910+0000][7][safepoint   ] Safepoint "G1CollectForAllocation", Time since last: 4952924886 ns, Reaching safepoint: 72729 ns, At safepoint: 24025279 ns, Total: 24098008 ns
[2024-02-19T23:56:53.910+0000][7][safepoint   ] Safepoint "Cleanup", Time since last: 1000102073 ns, Reaching safepoint: 62964 ns, At safepoint: 5075 ns, Total: 68039 ns
[2024-02-19T23:56:59.911+0000][7][safepoint   ] Safepoint "Cleanup", Time since last: 6000543881 ns, Reaching safepoint: 87515 ns, At safepoint: 6413 ns, Total: 93928 ns
[2024-02-19T23:57:04.912+0000][7][safepoint   ] Safepoint "Cleanup", Time since last: 5000548038 ns, Reaching safepoint: 76336 ns, At safepoint: 5283 ns, Total: 81619 ns
[2024-02-19T23:57:08.912+0000][7][safepoint   ] Safepoint "Cleanup", Time since last: 4000459794 ns, Reaching safepoint: 95354 ns, At safepoint: 28396 ns, Total: 123750 ns
[2024-02-19T23:57:10.912+0000][7][safepoint   ] Safepoint "Cleanup", Time since last: 2000217161 ns, Reaching safepoint: 135426 ns, At safepoint: 8564 ns, Total: 143990 ns
[2024-02-19T23:57:16.913+0000][7][safepoint   ] Safepoint "Cleanup", Time since last: 6000570354 ns, Reaching safepoint: 61138 ns, At safepoint: 4656 ns, Total: 65794 ns
[2024-02-19T23:57:23.914+0000][7][safepoint   ] Safepoint "Cleanup", Time since last: 7000808273 ns, Reaching safepoint: 41273 ns, At safepoint: 4518 ns, Total: 45791 ns
[2024-02-19T23:57:35.915+0000][7][safepoint   ] Safepoint "Cleanup", Time since last: 12001215612 ns, Reaching safepoint: 53757 ns, At safepoint: 5518 ns, Total: 59275 ns
[2024-02-19T23:57:39.916+0000][7][safepoint   ] Safepoint "Cleanup", Time since last: 4000342358 ns, Reaching safepoint: 57108 ns, At safepoint: 36541 ns, Total: 93649 ns
[2024-02-19T23:57:43.916+0000][7][safepoint   ] Safepoint "Cleanup", Time since last: 4000344902 ns, Reaching safepoint: 102834 ns, At safepoint: 6495 ns, Total: 109329 ns
[2024-02-19T23:57:47.917+0000][7][safepoint   ] Safepoint "Cleanup", Time since last: 4000391790 ns, Reaching safepoint: 80498 ns, At safepoint: 18885 ns, Total: 99383 ns
[2024-02-19T23:58:13.919+0000][7][safepoint   ] Safepoint "Cleanup", Time since last: 26002253273 ns, Reaching safepoint: 78020 ns, At safepoint: 5065 ns, Total: 83085 ns
[2024-02-19T23:58:17.920+0000][7][safepoint   ] Safepoint "Cleanup", Time since last: 4000564008 ns, Reaching safepoint: 72575 ns, At safepoint: 5760 ns, Total: 78335 ns
[2024-02-19T23:58:28.921+0000][7][safepoint   ] Safepoint "Cleanup", Time since last: 11001544361 ns, Reaching safepoint: 75559 ns, At safepoint: 4887 ns, Total: 80446 ns
[2024-02-19T23:58:29.922+0000][7][safepoint   ] Safepoint "Cleanup", Time since last: 1000232392 ns, Reaching safepoint: 77948 ns, At safepoint: 5781 ns, Total: 83729 ns
[2024-02-19T23:58:34.922+0000][7][safepoint   ] Safepoint "Cleanup", Time since last: 5000482233 ns, Reaching safepoint: 115516 ns, At safepoint: 6868 ns, Total: 122384 ns
[2024-02-19T23:58:43.923+0000][7][safepoint   ] Safepoint "Cleanup", Time since last: 9000837746 ns, Reaching safepoint: 80957 ns, At safepoint: 5534 ns, Total: 86491 ns
[2024-02-19T23:58:47.924+0000][7][safepoint   ] Safepoint "Cleanup", Time since last: 4000370496 ns, Reaching safepoint: 90211 ns, At safepoint: 5253 ns, Total: 95464 ns
[2024-02-19T23:59:09.926+0000][7][safepoint   ] Safepoint "Cleanup", Time since last: 22002426122 ns, Reaching safepoint: 53698 ns, At safepoint: 16677 ns, Total: 70375 ns
[2024-02-19T23:59:23.928+0000][7][safepoint   ] Safepoint "Cleanup", Time since last: 14001376248 ns, Reaching safepoint: 96724 ns, At safepoint: 21250 ns, Total: 117974 ns
[2024-02-19T23:59:29.928+0000][7][safepoint   ] Safepoint "Cleanup", Time since last: 6000652795 ns, Reaching safepoint: 102252 ns, At safepoint: 6078 ns, Total: 108330 ns
[2024-02-19T23:59:35.929+0000][7][safepoint   ] Safepoint "Cleanup", Time since last: 6000497060 ns, Reaching safepoint: 115360 ns, At safepoint: 19464 ns, Total: 134824 ns
[2024-02-19T23:59:39.929+0000][7][safepoint   ] Safepoint "Cleanup", Time since last: 4000498876 ns, Reaching safepoint: 68451 ns, At safepoint: 19175 ns, Total: 87626 ns
[2024-02-19T23:59:46.930+0000][7][safepoint   ] Safepoint "Cleanup", Time since last: 7000627011 ns, Reaching safepoint: 63393 ns, At safepoint: 4565 ns, Total: 67958 ns
[2024-02-20T00:00:01.988+0000][7][safepoint   ] Safepoint "Cleanup", Time since last: 15057227999 ns, Reaching safepoint: 244783 ns, At safepoint: 12291 ns, Total: 257074 ns
[2024-02-20T00:00:02.128+0000][7][safepoint   ] Safepoint "ICBufferFull", Time since last: 140547941 ns, Reaching safepoint: 189937 ns, At safepoint: 4116 ns, Total: 194053 ns
[2024-02-20T00:00:03.129+0000][7][safepoint   ] Safepoint "Cleanup", Time since last: 1000163547 ns, Reaching safepoint: 176518 ns, At safepoint: 8613 ns, Total: 185131 ns
[2024-02-20T00:00:04.129+0000][7][safepoint   ] Safepoint "Cleanup", Time since last: 1000164670 ns, Reaching safepoint: 66058 ns, At safepoint: 4150 ns, Total: 70208 ns
[2024-02-20T00:00:04.881+0000][7][gc,start    ] GC(24) Pause Young (Normal) (G1 Evacuation Pause)
[2024-02-20T00:00:04.881+0000][7][gc,task     ] GC(24) Using 8 workers of 8 for evacuation
[2024-02-20T00:00:04.881+0000][7][gc,age      ] GC(24) Desired survivor size 41943040 bytes, new threshold 15 (max threshold 15)
[2024-02-20T00:00:04.911+0000][7][gc,phases   ] GC(24)   Pre Evacuate Collection Set: 0.1ms
[2024-02-20T00:00:04.911+0000][7][gc,phases   ] GC(24)   Merge Heap Roots: 0.1ms
[2024-02-20T00:00:04.911+0000][7][gc,phases   ] GC(24)   Evacuate Collection Set: 26.7ms
[2024-02-20T00:00:04.911+0000][7][gc,phases   ] GC(24)   Post Evacuate Collection Set: 3.2ms
[2024-02-20T00:00:04.911+0000][7][gc,phases   ] GC(24)   Other: 0.1ms
[2024-02-20T00:00:04.911+0000][7][gc,age      ] GC(24) Age table with threshold 15 (max threshold 15)
[2024-02-20T00:00:04.911+0000][7][gc,age      ] GC(24) - age   1:    2754296 bytes,    2754296 total
[2024-02-20T00:00:04.911+0000][7][gc,age      ] GC(24) - age   2:      22104 bytes,    2776400 total
[2024-02-20T00:00:04.911+0000][7][gc,age      ] GC(24) - age   3:      10960 bytes,    2787360 total
[2024-02-20T00:00:04.911+0000][7][gc,age      ] GC(24) - age   4:      16424 bytes,    2803784 total
[2024-02-20T00:00:04.911+0000][7][gc,age      ] GC(24) - age   5:       6440 bytes,    2810224 total
[2024-02-20T00:00:04.911+0000][7][gc,age      ] GC(24) - age   6:       7856 bytes,    2818080 total
[2024-02-20T00:00:04.911+0000][7][gc,age      ] GC(24) - age   7:      20216 bytes,    2838296 total
[2024-02-20T00:00:04.911+0000][7][gc,age      ] GC(24) - age   8:      50416 bytes,    2888712 total
[2024-02-20T00:00:04.911+0000][7][gc,age      ] GC(24) - age   9:     153600 bytes,    3042312 total
[2024-02-20T00:00:04.911+0000][7][gc,age      ] GC(24) - age  10:     213704 bytes,    3256016 total
[2024-02-20T00:00:04.911+0000][7][gc,age      ] GC(24) - age  11:    1815096 bytes,    5071112 total
[2024-02-20T00:00:04.911+0000][7][gc,age      ] GC(24) - age  12:     124256 bytes,    5195368 total
[2024-02-20T00:00:04.911+0000][7][gc,age      ] GC(24) - age  13:   20762448 bytes,   25957816 total
[2024-02-20T00:00:04.911+0000][7][gc,age      ] GC(24) - age  14:   15850816 bytes,   41808632 total
[2024-02-20T00:00:04.911+0000][7][gc,heap     ] GC(24) Eden regions: 142->0(142)
[2024-02-20T00:00:04.911+0000][7][gc,heap     ] GC(24) Survivor regions: 11->11(20)
[2024-02-20T00:00:04.911+0000][7][gc,heap     ] GC(24) Old regions: 12->12
[2024-02-20T00:00:04.911+0000][7][gc,heap     ] GC(24) Archive regions: 2->2
[2024-02-20T00:00:04.911+0000][7][gc,heap     ] GC(24) Humongous regions: 0->0
[2024-02-20T00:00:04.911+0000][7][gc,metaspace] GC(24) Metaspace: 127187K(130816K)->127187K(130816K) NonClass: 110367K(112192K)->110367K(112192K) Class: 16820K(18624K)->16820K(18624K)
[2024-02-20T00:00:04.911+0000][7][gc          ] GC(24) Pause Young (Normal) (G1 Evacuation Pause) 658M->93M(1024M) 30.478ms
[2024-02-20T00:00:04.911+0000][7][gc,cpu      ] GC(24) User=0.20s Sys=0.00s Real=0.04s
[2024-02-20T00:00:04.911+0000][7][safepoint   ] Safepoint "G1CollectForAllocation", Time since last: 751691207 ns, Reaching safepoint: 74013 ns, At safepoint: 30574385 ns, Total: 30648398 ns
[2024-02-20T00:00:05.912+0000][7][safepoint   ] Safepoint "Cleanup", Time since last: 1000108698 ns, Reaching safepoint: 128649 ns, At safepoint: 7730 ns, Total: 136379 ns
[2024-02-20T00:00:06.912+0000][7][safepoint   ] Safepoint "Cleanup", Time since last: 1000149037 ns, Reaching safepoint: 79252 ns, At safepoint: 5657 ns, Total: 84909 ns
[2024-02-20T00:00:07.912+0000][7][safepoint   ] Safepoint "Cleanup", Time since last: 1000135988 ns, Reaching safepoint: 52367 ns, At safepoint: 4897 ns, Total: 57264 ns
[2024-02-20T00:00:08.912+0000][7][safepoint   ] Safepoint "Cleanup", Time since last: 1000232334 ns, Reaching safepoint: 80228 ns, At safepoint: 6901 ns, Total: 87129 ns
[2024-02-20T00:00:09.913+0000][7][safepoint   ] Safepoint "Cleanup", Time since last: 1000211501 ns, Reaching safepoint: 71842 ns, At safepoint: 7112 ns, Total: 78954 ns
[2024-02-20T00:00:10.913+0000][7][safepoint   ] Safepoint "Cleanup", Time since last: 1000147785 ns, Reaching safepoint: 73143 ns, At safepoint: 7639 ns, Total: 80782 ns
[2024-02-20T00:00:11.913+0000][7][safepoint   ] Safepoint "Cleanup", Time since last: 1000209098 ns, Reaching safepoint: 91768 ns, At safepoint: 11622 ns, Total: 103390 ns
[2024-02-20T00:00:16.914+0000][7][safepoint   ] Safepoint "Cleanup", Time since last: 5000509073 ns, Reaching safepoint: 115864 ns, At safepoint: 8788 ns, Total: 124652 ns
[2024-02-20T00:00:17.914+0000][7][safepoint   ] Safepoint "Cleanup", Time since last: 1000197748 ns, Reaching safepoint: 43608 ns, At safepoint: 4719 ns, Total: 48327 ns
[2024-02-20T00:00:22.915+0000][7][safepoint   ] Safepoint "Cleanup", Time since last: 5000418335 ns, Reaching safepoint: 72599 ns, At safepoint: 3486 ns, Total: 76085 ns
[2024-02-20T00:00:25.915+0000][7][safepoint   ] Safepoint "Cleanup", Time since last: 3000287696 ns, Reaching safepoint: 58892 ns, At safepoint: 4855 ns, Total: 63747 ns
[2024-02-20T00:00:28.915+0000][7][safepoint   ] Safepoint "Cleanup", Time since last: 3000290274 ns, Reaching safepoint: 95513 ns, At safepoint: 8157 ns, Total: 103670 ns
[2024-02-20T00:00:29.916+0000][7][safepoint   ] Safepoint "Cleanup", Time since last: 1000165181 ns, Reaching safepoint: 75930 ns, At safepoint: 8445 ns, Total: 84375 ns
[2024-02-20T00:00:34.916+0000][7][safepoint   ] Safepoint "Cleanup", Time since last: 5000674008 ns, Reaching safepoint: 54701 ns, At safepoint: 7635 ns, Total: 62336 ns
[2024-02-20T00:00:43.917+0000][7][safepoint   ] Safepoint "Cleanup", Time since last: 9000800359 ns, Reaching safepoint: 75295 ns, At safepoint: 5318 ns, Total: 80613 ns
[2024-02-20T00:00:44.917+0000][7][safepoint   ] Safepoint "Cleanup", Time since last: 1000128333 ns, Reaching safepoint: 60178 ns, At safepoint: 7005 ns, Total: 67183 ns
[2024-02-20T00:00:46.918+0000][7][safepoint   ] Safepoint "Cleanup", Time since last: 2000244045 ns, Reaching safepoint: 132143 ns, At safepoint: 19133 ns, Total: 151276 ns
[2024-02-20T00:00:47.918+0000][7][safepoint   ] Safepoint "Cleanup", Time since last: 1000140640 ns, Reaching safepoint: 70238 ns, At safepoint: 20911 ns, Total: 91149 ns
[2024-02-20T00:00:55.919+0000][7][safepoint   ] Safepoint "Cleanup", Time since last: 8000773348 ns, Reaching safepoint: 98050 ns, At safepoint: 10623 ns, Total: 108673 ns
[2024-02-20T00:00:58.919+0000][7][safepoint   ] Safepoint "Cleanup", Time since last: 3000283486 ns, Reaching safepoint: 67526 ns, At safepoint: 6718 ns, Total: 74244 ns
[2024-02-20T00:01:06.920+0000][7][safepoint   ] Safepoint "Cleanup", Time since last: 8000891948 ns, Reaching safepoint: 66587 ns, At safepoint: 6057 ns, Total: 72644 ns
[2024-02-20T00:01:07.920+0000][7][safepoint   ] Safepoint "Cleanup", Time since last: 1000121951 ns, Reaching safepoint: 75138 ns, At safepoint: 8561 ns, Total: 83699 ns
[2024-02-20T00:01:13.921+0000][7][safepoint   ] Safepoint "Cleanup", Time since last: 6000533766 ns, Reaching safepoint: 48293 ns, At safepoint: 4579 ns, Total: 52872 ns
[2024-02-20T00:01:14.921+0000][7][safepoint   ] Safepoint "Cleanup", Time since last: 1000159637 ns, Reaching safepoint: 69523 ns, At safepoint: 3230 ns, Total: 72753 ns
[2024-02-20T00:01:16.921+0000][7][safepoint   ] Safepoint "Cleanup", Time since last: 2000187881 ns, Reaching safepoint: 60670 ns, At safepoint: 4642 ns, Total: 65312 ns
[2024-02-20T00:01:17.922+0000][7][safepoint   ] Safepoint "Cleanup", Time since last: 1000135505 ns, Reaching safepoint: 135035 ns, At safepoint: 13789 ns, Total: 148824 ns
[2024-02-20T00:01:23.922+0000][7][safepoint   ] Safepoint "Cleanup", Time since last: 6000539199 ns, Reaching safepoint: 65893 ns, At safepoint: 4888 ns, Total: 70781 ns
[2024-02-20T00:01:34.923+0000][7][safepoint   ] Safepoint "Cleanup", Time since last: 11000958042 ns, Reaching safepoint: 61039 ns, At safepoint: 5622 ns, Total: 66661 ns
[2024-02-20T00:01:40.924+0000][7][safepoint   ] Safepoint "Cleanup", Time since last: 6000416602 ns, Reaching safepoint: 69055 ns, At safepoint: 19618 ns, Total: 88673 ns
[2024-02-20T00:01:41.924+0000][7][safepoint   ] Safepoint "Cleanup", Time since last: 1000132375 ns, Reaching safepoint: 60860 ns, At safepoint: 5225 ns, Total: 66085 ns
[2024-02-20T00:01:43.924+0000][7][safepoint   ] Safepoint "Cleanup", Time since last: 2000216098 ns, Reaching safepoint: 84803 ns, At safepoint: 3737 ns, Total: 88540 ns
[2024-02-20T00:01:46.925+0000][7][safepoint   ] Safepoint "Cleanup", Time since last: 3000259214 ns, Reaching safepoint: 154168 ns, At safepoint: 3449 ns, Total: 157617 ns
[2024-02-20T00:01:47.925+0000][7][safepoint   ] Safepoint "Cleanup", Time since last: 1000130253 ns, Reaching safepoint: 70809 ns, At safepoint: 7293 ns, Total: 78102 ns
[2024-02-20T00:01:52.926+0000][7][safepoint   ] Safepoint "Cleanup", Time since last: 5000490558 ns, Reaching safepoint: 105253 ns, At safepoint: 6785 ns, Total: 112038 ns
[2024-02-20T00:02:01.927+0000][7][safepoint   ] Safepoint "Cleanup", Time since last: 9000788383 ns, Reaching safepoint: 120404 ns, At safepoint: 13521 ns, Total: 133925 ns
[2024-02-20T00:02:10.928+0000][7][safepoint   ] Safepoint "Cleanup", Time since last: 9000865682 ns, Reaching safepoint: 125140 ns, At safepoint: 5741 ns, Total: 130881 ns
[2024-02-20T00:02:22.929+0000][7][safepoint   ] Safepoint "Cleanup", Time since last: 12001068758 ns, Reaching safepoint: 84328 ns, At safepoint: 7923 ns, Total: 92251 ns
[2024-02-20T00:02:23.929+0000][7][safepoint   ] Safepoint "Cleanup", Time since last: 1000224626 ns, Reaching safepoint: 58737 ns, At safepoint: 7831 ns, Total: 66568 ns
[2024-02-20T00:02:28.930+0000][7][safepoint   ] Safepoint "Cleanup", Time since last: 5000775881 ns, Reaching safepoint: 80397 ns, At safepoint: 12652 ns, Total: 93049 ns
[2024-02-20T00:02:39.931+0000][7][safepoint   ] Safepoint "Cleanup", Time since last: 11001044338 ns, Reaching safepoint: 84467 ns, At safepoint: 6442 ns, Total: 90909 ns
[2024-02-20T00:02:40.931+0000][7][safepoint   ] Safepoint "Cleanup", Time since last: 1000158216 ns, Reaching safepoint: 60099 ns, At safepoint: 6429 ns, Total: 66528 ns
[2024-02-20T00:02:43.932+0000][7][safepoint   ] Safepoint "Cleanup", Time since last: 3000283651 ns, Reaching safepoint: 70638 ns, At safepoint: 4313 ns, Total: 74951 ns
[2024-02-20T00:03:04.934+0000][7][safepoint   ] Safepoint "Cleanup", Time since last: 21002152516 ns, Reaching safepoint: 88403 ns, At safepoint: 6745 ns, Total: 95148 ns
[2024-02-20T00:03:09.934+0000][7][safepoint   ] Safepoint "Cleanup", Time since last: 5000472414 ns, Reaching safepoint: 37379 ns, At safepoint: 2731 ns, Total: 40110 ns
[2024-02-20T00:03:22.893+0000][7][gc,start    ] GC(25) Pause Young (Normal) (G1 Evacuation Pause)
[2024-02-20T00:03:22.894+0000][7][gc,task     ] GC(25) Using 8 workers of 8 for evacuation
[2024-02-20T00:03:22.894+0000][7][gc,age      ] GC(25) Desired survivor size 41943040 bytes, new threshold 15 (max threshold 15)
[2024-02-20T00:03:22.920+0000][7][gc,phases   ] GC(25)   Pre Evacuate Collection Set: 0.1ms
[2024-02-20T00:03:22.920+0000][7][gc,phases   ] GC(25)   Merge Heap Roots: 0.1ms
[2024-02-20T00:03:22.920+0000][7][gc,phases   ] GC(25)   Evacuate Collection Set: 23.2ms
[2024-02-20T00:03:22.920+0000][7][gc,phases   ] GC(25)   Post Evacuate Collection Set: 2.5ms
[2024-02-20T00:03:22.920+0000][7][gc,phases   ] GC(25)   Other: 0.1ms
[2024-02-20T00:03:22.920+0000][7][gc,age      ] GC(25) Age table with threshold 15 (max threshold 15)
[2024-02-20T00:03:22.920+0000][7][gc,age      ] GC(25) - age   1:    1613440 bytes,    1613440 total
[2024-02-20T00:03:22.920+0000][7][gc,age      ] GC(25) - age   2:    1351112 bytes,    2964552 total
[2024-02-20T00:03:22.920+0000][7][gc,age      ] GC(25) - age   3:      19192 bytes,    2983744 total
[2024-02-20T00:03:22.920+0000][7][gc,age      ] GC(25) - age   4:      10424 bytes,    2994168 total
[2024-02-20T00:03:22.920+0000][7][gc,age      ] GC(25) - age   5:      16424 bytes,    3010592 total
[2024-02-20T00:03:22.920+0000][7][gc,age      ] GC(25) - age   6:       6440 bytes,    3017032 total
[2024-02-20T00:03:22.920+0000][7][gc,age      ] GC(25) - age   7:       7856 bytes,    3024888 total
[2024-02-20T00:03:22.920+0000][7][gc,age      ] GC(25) - age   8:      20032 bytes,    3044920 total
[2024-02-20T00:03:22.920+0000][7][gc,age      ] GC(25) - age   9:      50416 bytes,    3095336 total
[2024-02-20T00:03:22.920+0000][7][gc,age      ] GC(25) - age  10:     153600 bytes,    3248936 total
[2024-02-20T00:03:22.920+0000][7][gc,age      ] GC(25) - age  11:     213704 bytes,    3462640 total
[2024-02-20T00:03:22.920+0000][7][gc,age      ] GC(25) - age  12:    1815096 bytes,    5277736 total
[2024-02-20T00:03:22.920+0000][7][gc,age      ] GC(25) - age  13:     124256 bytes,    5401992 total
[2024-02-20T00:03:22.920+0000][7][gc,age      ] GC(25) - age  14:   20762448 bytes,   26164440 total
[2024-02-20T00:03:22.920+0000][7][gc,age      ] GC(25) - age  15:   15850816 bytes,   42015256 total
[2024-02-20T00:03:22.920+0000][7][gc,heap     ] GC(25) Eden regions: 142->0(142)
[2024-02-20T00:03:22.920+0000][7][gc,heap     ] GC(25) Survivor regions: 11->11(20)
[2024-02-20T00:03:22.920+0000][7][gc,heap     ] GC(25) Old regions: 12->12
[2024-02-20T00:03:22.920+0000][7][gc,heap     ] GC(25) Archive regions: 2->2
[2024-02-20T00:03:22.920+0000][7][gc,heap     ] GC(25) Humongous regions: 0->0
[2024-02-20T00:03:22.920+0000][7][gc,metaspace] GC(25) Metaspace: 127240K(130944K)->127240K(130944K) NonClass: 110419K(112320K)->110419K(112320K) Class: 16821K(18624K)->16821K(18624K)
[2024-02-20T00:03:22.920+0000][7][gc          ] GC(25) Pause Young (Normal) (G1 Evacuation Pause) 661M->93M(1024M) 26.299ms
[2024-02-20T00:03:22.920+0000][7][gc,cpu      ] GC(25) User=0.16s Sys=0.01s Real=0.02s
[2024-02-20T00:03:22.920+0000][7][safepoint   ] Safepoint "G1CollectForAllocation", Time since last: 12959030064 ns, Reaching safepoint: 67178 ns, At safepoint: 26388199 ns, Total: 26455377 ns
[2024-02-20T00:03:39.922+0000][7][safepoint   ] Safepoint "Cleanup", Time since last: 17002075438 ns, Reaching safepoint: 81595 ns, At safepoint: 9845 ns, Total: 91440 ns
[2024-02-20T00:03:40.922+0000][7][safepoint   ] Safepoint "Cleanup", Time since last: 1000112601 ns, Reaching safepoint: 75030 ns, At safepoint: 18052 ns, Total: 93082 ns
[2024-02-20T00:03:41.922+0000][7][safepoint   ] Safepoint "Cleanup", Time since last: 1000154728 ns, Reaching safepoint: 72550 ns, At safepoint: 6180 ns, Total: 78730 ns
[2024-02-20T00:03:43.923+0000][7][safepoint   ] Safepoint "Cleanup", Time since last: 2000242172 ns, Reaching safepoint: 122569 ns, At safepoint: 19789 ns, Total: 142358 ns
[2024-02-20T00:03:46.923+0000][7][safepoint   ] Safepoint "Cleanup", Time since last: 3000323605 ns, Reaching safepoint: 93471 ns, At safepoint: 9599 ns, Total: 103070 ns
[2024-02-20T00:03:52.924+0000][7][safepoint   ] Safepoint "Cleanup", Time since last: 6000697796 ns, Reaching safepoint: 131677 ns, At safepoint: 6503 ns, Total: 138180 ns
[2024-02-20T00:04:10.926+0000][7][safepoint   ] Safepoint "Cleanup", Time since last: 18001967829 ns, Reaching safepoint: 165278 ns, At safepoint: 9834 ns, Total: 175112 ns
[2024-02-20T00:04:13.927+0000][7][safepoint   ] Safepoint "Cleanup", Time since last: 3000324795 ns, Reaching safepoint: 60852 ns, At safepoint: 6020 ns, Total: 66872 ns
[2024-02-20T00:04:17.927+0000][7][safepoint   ] Safepoint "Cleanup", Time since last: 4000528584 ns, Reaching safepoint: 66526 ns, At safepoint: 8166 ns, Total: 74692 ns
[2024-02-20T00:04:22.928+0000][7][safepoint   ] Safepoint "Cleanup", Time since last: 5000566362 ns, Reaching safepoint: 104702 ns, At safepoint: 5825 ns, Total: 110527 ns
[2024-02-20T00:04:31.929+0000][7][safepoint   ] Safepoint "Cleanup", Time since last: 9001004125 ns, Reaching safepoint: 71778 ns, At safepoint: 6272 ns, Total: 78050 ns
[2024-02-20T00:04:40.930+0000][7][safepoint   ] Safepoint "Cleanup", Time since last: 9001044561 ns, Reaching safepoint: 77185 ns, At safepoint: 6015 ns, Total: 83200 ns
[2024-02-20T00:04:43.930+0000][7][safepoint   ] Safepoint "Cleanup", Time since last: 3000320690 ns, Reaching safepoint: 72736 ns, At safepoint: 6910 ns, Total: 79646 ns
[2024-02-20T00:04:46.931+0000][7][safepoint   ] Safepoint "Cleanup", Time since last: 3000279413 ns, Reaching safepoint: 50596 ns, At safepoint: 3753 ns, Total: 54349 ns
[2024-02-20T00:05:13.934+0000][7][safepoint   ] Safepoint "Cleanup", Time since last: 27002730267 ns, Reaching safepoint: 426329 ns, At safepoint: 25719 ns, Total: 452048 ns
[2024-02-20T00:05:16.934+0000][7][safepoint   ] Safepoint "Cleanup", Time since last: 3000277440 ns, Reaching safepoint: 81749 ns, At safepoint: 5926 ns, Total: 87675 ns
[2024-02-20T00:05:23.935+0000][7][safepoint   ] Safepoint "Cleanup", Time since last: 7000592904 ns, Reaching safepoint: 185490 ns, At safepoint: 7881 ns, Total: 193371 ns
[2024-02-20T00:05:35.937+0000][7][safepoint   ] Safepoint "Cleanup", Time since last: 12001388566 ns, Reaching safepoint: 44241 ns, At safepoint: 3932 ns, Total: 48173 ns
[2024-02-20T00:05:43.938+0000][7][safepoint   ] Safepoint "Cleanup", Time since last: 8000829159 ns, Reaching safepoint: 126685 ns, At safepoint: 15002 ns, Total: 141687 ns
[2024-02-20T00:06:00.939+0000][7][safepoint   ] Safepoint "Cleanup", Time since last: 17001463375 ns, Reaching safepoint: 56806 ns, At safepoint: 19496 ns, Total: 76302 ns
[2024-02-20T00:06:09.940+0000][7][safepoint   ] Safepoint "Cleanup", Time since last: 9000861183 ns, Reaching safepoint: 43044 ns, At safepoint: 4219 ns, Total: 47263 ns
[2024-02-20T00:06:43.943+0000][7][safepoint   ] Safepoint "Cleanup", Time since last: 34002809222 ns, Reaching safepoint: 112407 ns, At safepoint: 21605 ns, Total: 134012 ns
[2024-02-20T00:06:46.913+0000][7][gc,start    ] GC(26) Pause Young (Normal) (G1 Evacuation Pause)
[2024-02-20T00:06:46.913+0000][7][gc,task     ] GC(26) Using 8 workers of 8 for evacuation
[2024-02-20T00:06:46.913+0000][7][gc,age      ] GC(26) Desired survivor size 41943040 bytes, new threshold 15 (max threshold 15)
[2024-02-20T00:06:46.972+0000][7][gc,phases   ] GC(26)   Pre Evacuate Collection Set: 0.1ms
[2024-02-20T00:06:46.972+0000][7][gc,phases   ] GC(26)   Merge Heap Roots: 0.1ms
[2024-02-20T00:06:46.972+0000][7][gc,phases   ] GC(26)   Evacuate Collection Set: 54.5ms
[2024-02-20T00:06:46.972+0000][7][gc,phases   ] GC(26)   Post Evacuate Collection Set: 3.9ms
[2024-02-20T00:06:46.972+0000][7][gc,phases   ] GC(26)   Other: 0.3ms
[2024-02-20T00:06:46.972+0000][7][gc,age      ] GC(26) Age table with threshold 15 (max threshold 15)
[2024-02-20T00:06:46.972+0000][7][gc,age      ] GC(26) - age   1:    1593224 bytes,    1593224 total
[2024-02-20T00:06:46.972+0000][7][gc,age      ] GC(26) - age   2:      16128 bytes,    1609352 total
[2024-02-20T00:06:46.972+0000][7][gc,age      ] GC(26) - age   3:    1348632 bytes,    2957984 total
[2024-02-20T00:06:46.972+0000][7][gc,age      ] GC(26) - age   4:      19104 bytes,    2977088 total
[2024-02-20T00:06:46.972+0000][7][gc,age      ] GC(26) - age   5:      10360 bytes,    2987448 total
[2024-02-20T00:06:46.972+0000][7][gc,age      ] GC(26) - age   6:      15968 bytes,    3003416 total
[2024-02-20T00:06:46.972+0000][7][gc,age      ] GC(26) - age   7:       6440 bytes,    3009856 total
[2024-02-20T00:06:46.972+0000][7][gc,age      ] GC(26) - age   8:       7856 bytes,    3017712 total
[2024-02-20T00:06:46.972+0000][7][gc,age      ] GC(26) - age   9:      20032 bytes,    3037744 total
[2024-02-20T00:06:46.972+0000][7][gc,age      ] GC(26) - age  10:      50416 bytes,    3088160 total
[2024-02-20T00:06:46.972+0000][7][gc,age      ] GC(26) - age  11:     153600 bytes,    3241760 total
[2024-02-20T00:06:46.972+0000][7][gc,age      ] GC(26) - age  12:     213704 bytes,    3455464 total
[2024-02-20T00:06:46.972+0000][7][gc,age      ] GC(26) - age  13:    1815096 bytes,    5270560 total
[2024-02-20T00:06:46.972+0000][7][gc,age      ] GC(26) - age  14:     124256 bytes,    5394816 total
[2024-02-20T00:06:46.972+0000][7][gc,age      ] GC(26) - age  15:   20762448 bytes,   26157264 total
[2024-02-20T00:06:46.972+0000][7][gc,heap     ] GC(26) Eden regions: 142->0(146)
[2024-02-20T00:06:46.972+0000][7][gc,heap     ] GC(26) Survivor regions: 11->7(20)
[2024-02-20T00:06:46.972+0000][7][gc,heap     ] GC(26) Old regions: 12->16
[2024-02-20T00:06:46.972+0000][7][gc,heap     ] GC(26) Archive regions: 2->2
[2024-02-20T00:06:46.972+0000][7][gc,heap     ] GC(26) Humongous regions: 0->0
[2024-02-20T00:06:46.972+0000][7][gc,metaspace] GC(26) Metaspace: 127264K(130944K)->127264K(130944K) NonClass: 110442K(112320K)->110442K(112320K) Class: 16821K(18624K)->16821K(18624K)
[2024-02-20T00:06:46.972+0000][7][gc          ] GC(26) Pause Young (Normal) (G1 Evacuation Pause) 661M->92M(1024M) 59.573ms
[2024-02-20T00:06:46.972+0000][7][gc,cpu      ] GC(26) User=0.17s Sys=0.00s Real=0.06s
[2024-02-20T00:06:46.972+0000][7][safepoint   ] Safepoint "G1CollectForAllocation", Time since last: 2969774197 ns, Reaching safepoint: 69247 ns, At safepoint: 59692534 ns, Total: 59761781 ns
[2024-02-20T00:06:48.973+0000][7][safepoint   ] Safepoint "Cleanup", Time since last: 2000201337 ns, Reaching safepoint: 69433 ns, At safepoint: 5628 ns, Total: 75061 ns
[2024-02-20T00:07:09.975+0000][7][safepoint   ] Safepoint "Cleanup", Time since last: 21001917437 ns, Reaching safepoint: 60836 ns, At safepoint: 4224 ns, Total: 65060 ns
[2024-02-20T00:07:11.975+0000][7][safepoint   ] Safepoint "Cleanup", Time since last: 2000210716 ns, Reaching safepoint: 83748 ns, At safepoint: 11468 ns, Total: 95216 ns
[2024-02-20T00:07:39.978+0000][7][safepoint   ] Safepoint "Cleanup", Time since last: 28002796546 ns, Reaching safepoint: 83614 ns, At safepoint: 11217 ns, Total: 94831 ns
[2024-02-20T00:07:40.978+0000][7][safepoint   ] Safepoint "Cleanup", Time since last: 1000149925 ns, Reaching safepoint: 51645 ns, At safepoint: 5690 ns, Total: 57335 ns
[2024-02-20T00:07:47.979+0000][7][safepoint   ] Safepoint "Cleanup", Time since last: 7000574642 ns, Reaching safepoint: 81724 ns, At safepoint: 5881 ns, Total: 87605 ns
[2024-02-20T00:07:58.980+0000][7][safepoint   ] Safepoint "Cleanup", Time since last: 11000897927 ns, Reaching safepoint: 92887 ns, At safepoint: 18537 ns, Total: 111424 ns
[2024-02-20T00:08:03.980+0000][7][safepoint   ] Safepoint "Cleanup", Time since last: 5000512801 ns, Reaching safepoint: 84697 ns, At safepoint: 5829 ns, Total: 90526 ns
[2024-02-20T00:08:04.981+0000][7][safepoint   ] Safepoint "Cleanup", Time since last: 1000215143 ns, Reaching safepoint: 55789 ns, At safepoint: 9888 ns, Total: 65677 ns
[2024-02-20T00:08:09.981+0000][7][safepoint   ] Safepoint "Cleanup", Time since last: 5000498887 ns, Reaching safepoint: 70149 ns, At safepoint: 5608 ns, Total: 75757 ns
[2024-02-20T00:08:10.982+0000][7][safepoint   ] Safepoint "Cleanup", Time since last: 1000133521 ns, Reaching safepoint: 89008 ns, At safepoint: 5816 ns, Total: 94824 ns
[2024-02-20T00:08:11.982+0000][7][safepoint   ] Safepoint "Cleanup", Time since last: 1000113576 ns, Reaching safepoint: 65787 ns, At safepoint: 4858 ns, Total: 70645 ns
[2024-02-20T00:08:13.982+0000][7][safepoint   ] Safepoint "Cleanup", Time since last: 2000226776 ns, Reaching safepoint: 87312 ns, At safepoint: 8654 ns, Total: 95966 ns
[2024-02-20T00:08:29.983+0000][7][safepoint   ] Safepoint "Cleanup", Time since last: 16001349134 ns, Reaching safepoint: 79104 ns, At safepoint: 15830 ns, Total: 94934 ns
[2024-02-20T00:08:39.984+0000][7][safepoint   ] Safepoint "Cleanup", Time since last: 10000914308 ns, Reaching safepoint: 69161 ns, At safepoint: 4770 ns, Total: 73931 ns
[2024-02-20T00:08:40.985+0000][7][safepoint   ] Safepoint "Cleanup", Time since last: 1000143594 ns, Reaching safepoint: 105697 ns, At safepoint: 3114 ns, Total: 108811 ns
[2024-02-20T00:08:43.985+0000][7][safepoint   ] Safepoint "Cleanup", Time since last: 3000467365 ns, Reaching safepoint: 62524 ns, At safepoint: 6163 ns, Total: 68687 ns
[2024-02-20T00:08:53.986+0000][7][safepoint   ] Safepoint "Cleanup", Time since last: 10001011879 ns, Reaching safepoint: 75211 ns, At safepoint: 6492 ns, Total: 81703 ns
[2024-02-20T00:09:10.988+0000][7][safepoint   ] Safepoint "Cleanup", Time since last: 17001779816 ns, Reaching safepoint: 59589 ns, At safepoint: 5739 ns, Total: 65328 ns
[2024-02-20T00:09:17.989+0000][7][safepoint   ] Safepoint "Cleanup", Time since last: 7000664733 ns, Reaching safepoint: 78238 ns, At safepoint: 7247 ns, Total: 85485 ns
[2024-02-20T00:09:22.990+0000][7][safepoint   ] Safepoint "Cleanup", Time since last: 5000530662 ns, Reaching safepoint: 96477 ns, At safepoint: 4551 ns, Total: 101028 ns
[2024-02-20T00:09:29.990+0000][7][safepoint   ] Safepoint "Cleanup", Time since last: 7000555236 ns, Reaching safepoint: 92994 ns, At safepoint: 8868 ns, Total: 101862 ns
[2024-02-20T00:09:39.991+0000][7][safepoint   ] Safepoint "Cleanup", Time since last: 10000943875 ns, Reaching safepoint: 73875 ns, At safepoint: 5733 ns, Total: 79608 ns
[2024-02-20T00:09:40.992+0000][7][safepoint   ] Safepoint "Cleanup", Time since last: 1000235590 ns, Reaching safepoint: 63279 ns, At safepoint: 12506 ns, Total: 75785 ns
[2024-02-20T00:09:41.992+0000][7][safepoint   ] Safepoint "Cleanup", Time since last: 1000145536 ns, Reaching safepoint: 92723 ns, At safepoint: 22455 ns, Total: 115178 ns
[2024-02-20T00:09:43.992+0000][7][safepoint   ] Safepoint "Cleanup", Time since last: 2000223101 ns, Reaching safepoint: 56065 ns, At safepoint: 4540 ns, Total: 60605 ns
[2024-02-20T00:09:52.993+0000][7][safepoint   ] Safepoint "Cleanup", Time since last: 9001119149 ns, Reaching safepoint: 74509 ns, At safepoint: 4918 ns, Total: 79427 ns
[2024-02-20T00:10:10.994+0000][7][gc,start    ] GC(27) Pause Young (Normal) (G1 Evacuation Pause)
[2024-02-20T00:10:10.994+0000][7][gc,task     ] GC(27) Using 8 workers of 8 for evacuation
[2024-02-20T00:10:10.994+0000][7][gc,age      ] GC(27) Desired survivor size 41943040 bytes, new threshold 15 (max threshold 15)
[2024-02-20T00:10:11.012+0000][7][gc,phases   ] GC(27)   Pre Evacuate Collection Set: 0.1ms
[2024-02-20T00:10:11.012+0000][7][gc,phases   ] GC(27)   Merge Heap Roots: 0.1ms
[2024-02-20T00:10:11.012+0000][7][gc,phases   ] GC(27)   Evacuate Collection Set: 16.8ms
[2024-02-20T00:10:11.012+0000][7][gc,phases   ] GC(27)   Post Evacuate Collection Set: 1.5ms
[2024-02-20T00:10:11.012+0000][7][gc,phases   ] GC(27)   Other: 0.1ms
[2024-02-20T00:10:11.012+0000][7][gc,age      ] GC(27) Age table with threshold 15 (max threshold 15)
[2024-02-20T00:10:11.012+0000][7][gc,age      ] GC(27) - age   1:    1866816 bytes,    1866816 total
[2024-02-20T00:10:11.012+0000][7][gc,age      ] GC(27) - age   2:      38392 bytes,    1905208 total
[2024-02-20T00:10:11.012+0000][7][gc,age      ] GC(27) - age   3:      14168 bytes,    1919376 total
[2024-02-20T00:10:11.012+0000][7][gc,age      ] GC(27) - age   4:    1344400 bytes,    3263776 total
[2024-02-20T00:10:11.012+0000][7][gc,age      ] GC(27) - age   5:      19008 bytes,    3282784 total
[2024-02-20T00:10:11.012+0000][7][gc,age      ] GC(27) - age   6:      10112 bytes,    3292896 total
[2024-02-20T00:10:11.012+0000][7][gc,age      ] GC(27) - age   7:      15936 bytes,    3308832 total
[2024-02-20T00:10:11.012+0000][7][gc,age      ] GC(27) - age   8:       6440 bytes,    3315272 total
[2024-02-20T00:10:11.012+0000][7][gc,age      ] GC(27) - age   9:       7856 bytes,    3323128 total
[2024-02-20T00:10:11.012+0000][7][gc,age      ] GC(27) - age  10:      20032 bytes,    3343160 total
[2024-02-20T00:10:11.012+0000][7][gc,age      ] GC(27) - age  11:      50416 bytes,    3393576 total
[2024-02-20T00:10:11.012+0000][7][gc,age      ] GC(27) - age  12:     153600 bytes,    3547176 total
[2024-02-20T00:10:11.012+0000][7][gc,age      ] GC(27) - age  13:     213704 bytes,    3760880 total
[2024-02-20T00:10:11.012+0000][7][gc,age      ] GC(27) - age  14:    1815096 bytes,    5575976 total
[2024-02-20T00:10:11.012+0000][7][gc,age      ] GC(27) - age  15:     124256 bytes,    5700232 total
[2024-02-20T00:10:11.012+0000][7][gc,heap     ] GC(27) Eden regions: 146->0(150)
[2024-02-20T00:10:11.012+0000][7][gc,heap     ] GC(27) Survivor regions: 7->3(20)
[2024-02-20T00:10:11.012+0000][7][gc,heap     ] GC(27) Old regions: 16->21
[2024-02-20T00:10:11.012+0000][7][gc,heap     ] GC(27) Archive regions: 2->2
[2024-02-20T00:10:11.012+0000][7][gc,heap     ] GC(27) Humongous regions: 0->0
[2024-02-20T00:10:11.012+0000][7][gc,metaspace] GC(27) Metaspace: 127295K(131008K)->127295K(131008K) NonClass: 110472K(112384K)->110472K(112384K) Class: 16822K(18624K)->16822K(18624K)
[2024-02-20T00:10:11.012+0000][7][gc          ] GC(27) Pause Young (Normal) (G1 Evacuation Pause) 676M->95M(1024M) 18.887ms
[2024-02-20T00:10:11.012+0000][7][gc,cpu      ] GC(27) User=0.11s Sys=0.01s Real=0.02s
[2024-02-20T00:10:11.012+0000][7][safepoint   ] Safepoint "G1CollectForAllocation", Time since last: 18000074275 ns, Reaching safepoint: 123712 ns, At safepoint: 18980190 ns, Total: 19103902 ns
[2024-02-20T00:10:12.013+0000][7][safepoint   ] Safepoint "Cleanup", Time since last: 1000206734 ns, Reaching safepoint: 69328 ns, At safepoint: 6643 ns, Total: 75971 ns
[2024-02-20T00:10:15.013+0000][7][safepoint   ] Safepoint "Cleanup", Time since last: 3000440551 ns, Reaching safepoint: 207977 ns, At safepoint: 14931 ns, Total: 222908 ns
[2024-02-20T00:10:40.016+0000][7][safepoint   ] Safepoint "Cleanup", Time since last: 25002133094 ns, Reaching safepoint: 61908 ns, At safepoint: 5165 ns, Total: 67073 ns
[2024-02-20T00:10:42.016+0000][7][safepoint   ] Safepoint "Cleanup", Time since last: 2000242350 ns, Reaching safepoint: 57412 ns, At safepoint: 7443 ns, Total: 64855 ns
[2024-02-20T00:10:44.778+0000][7][safepoint   ] Safepoint "Cleanup", Time since last: 2762072992 ns, Reaching safepoint: 191887 ns, At safepoint: 6944 ns, Total: 198831 ns
[2024-02-20T00:10:54.779+0000][7][safepoint   ] Safepoint "Cleanup", Time since last: 10000957316 ns, Reaching safepoint: 59848 ns, At safepoint: 3992 ns, Total: 63840 ns
[2024-02-20T00:11:09.781+0000][7][safepoint   ] Safepoint "Cleanup", Time since last: 15001388985 ns, Reaching safepoint: 59498 ns, At safepoint: 5144 ns, Total: 64642 ns
[2024-02-20T00:11:17.782+0000][7][safepoint   ] Safepoint "Cleanup", Time since last: 8000901459 ns, Reaching safepoint: 98902 ns, At safepoint: 5212 ns, Total: 104114 ns
[2024-02-20T00:11:23.782+0000][7][safepoint   ] Safepoint "Cleanup", Time since last: 6000567863 ns, Reaching safepoint: 68328 ns, At safepoint: 6321 ns, Total: 74649 ns
[2024-02-20T00:11:24.783+0000][7][safepoint   ] Safepoint "Cleanup", Time since last: 1000145508 ns, Reaching safepoint: 63219 ns, At safepoint: 5193 ns, Total: 68412 ns
[2024-02-20T00:11:41.784+0000][7][safepoint   ] Safepoint "Cleanup", Time since last: 17001757144 ns, Reaching safepoint: 45898 ns, At safepoint: 3851 ns, Total: 49749 ns
[2024-02-20T00:11:43.785+0000][7][safepoint   ] Safepoint "Cleanup", Time since last: 2000207736 ns, Reaching safepoint: 72427 ns, At safepoint: 4915 ns, Total: 77342 ns
[2024-02-20T00:11:47.785+0000][7][safepoint   ] Safepoint "Cleanup", Time since last: 4000469905 ns, Reaching safepoint: 63953 ns, At safepoint: 5677 ns, Total: 69630 ns
[2024-02-20T00:11:50.786+0000][7][safepoint   ] Safepoint "Cleanup", Time since last: 3000283097 ns, Reaching safepoint: 90211 ns, At safepoint: 8100 ns, Total: 98311 ns
[2024-02-20T00:11:53.786+0000][7][safepoint   ] Safepoint "Cleanup", Time since last: 3000253473 ns, Reaching safepoint: 95687 ns, At safepoint: 5712 ns, Total: 101399 ns
[2024-02-20T00:12:05.787+0000][7][safepoint   ] Safepoint "Cleanup", Time since last: 12001051083 ns, Reaching safepoint: 81421 ns, At safepoint: 6679 ns, Total: 88100 ns
[2024-02-20T00:12:11.788+0000][7][safepoint   ] Safepoint "Cleanup", Time since last: 6000654023 ns, Reaching safepoint: 57802 ns, At safepoint: 6359 ns, Total: 64161 ns
[2024-02-20T00:12:41.791+0000][7][safepoint   ] Safepoint "Cleanup", Time since last: 30002697807 ns, Reaching safepoint: 128439 ns, At safepoint: 8736 ns, Total: 137175 ns
[2024-02-20T00:12:43.791+0000][7][safepoint   ] Safepoint "Cleanup", Time since last: 2000255643 ns, Reaching safepoint: 61418 ns, At safepoint: 4297 ns, Total: 65715 ns
[2024-02-20T00:12:44.791+0000][7][safepoint   ] Safepoint "Cleanup", Time since last: 1000163565 ns, Reaching safepoint: 78737 ns, At safepoint: 3237 ns, Total: 81974 ns
[2024-02-20T00:12:47.792+0000][7][safepoint   ] Safepoint "Cleanup", Time since last: 3000332998 ns, Reaching safepoint: 65421 ns, At safepoint: 7652 ns, Total: 73073 ns
[2024-02-20T00:12:56.793+0000][7][safepoint   ] Safepoint "Cleanup", Time since last: 9001444116 ns, Reaching safepoint: 88671 ns, At safepoint: 6817 ns, Total: 95488 ns
[2024-02-20T00:13:02.794+0000][7][safepoint   ] Safepoint "Cleanup", Time since last: 6000663058 ns, Reaching safepoint: 81958 ns, At safepoint: 9575 ns, Total: 91533 ns
[2024-02-20T00:13:05.794+0000][7][safepoint   ] Safepoint "Cleanup", Time since last: 3000306428 ns, Reaching safepoint: 61974 ns, At safepoint: 7389 ns, Total: 69363 ns
[2024-02-20T00:13:11.795+0000][7][safepoint   ] Safepoint "Cleanup", Time since last: 6000588005 ns, Reaching safepoint: 58740 ns, At safepoint: 8523 ns, Total: 67263 ns
[2024-02-20T00:13:43.798+0000][7][safepoint   ] Safepoint "Cleanup", Time since last: 32003293511 ns, Reaching safepoint: 81507 ns, At safepoint: 4956 ns, Total: 86463 ns
[2024-02-20T00:13:43.918+0000][7][gc,start    ] GC(28) Pause Young (Normal) (G1 Evacuation Pause)
[2024-02-20T00:13:43.919+0000][7][gc,task     ] GC(28) Using 8 workers of 8 for evacuation
[2024-02-20T00:13:43.919+0000][7][gc,age      ] GC(28) Desired survivor size 41943040 bytes, new threshold 15 (max threshold 15)
[2024-02-20T00:13:43.925+0000][7][gc,phases   ] GC(28)   Pre Evacuate Collection Set: 0.1ms
[2024-02-20T00:13:43.925+0000][7][gc,phases   ] GC(28)   Merge Heap Roots: 0.1ms
[2024-02-20T00:13:43.925+0000][7][gc,phases   ] GC(28)   Evacuate Collection Set: 5.0ms
[2024-02-20T00:13:43.925+0000][7][gc,phases   ] GC(28)   Post Evacuate Collection Set: 1.0ms
[2024-02-20T00:13:43.925+0000][7][gc,phases   ] GC(28)   Other: 0.1ms
[2024-02-20T00:13:43.925+0000][7][gc,age      ] GC(28) Age table with threshold 15 (max threshold 15)
[2024-02-20T00:13:43.925+0000][7][gc,age      ] GC(28) - age   1:    1132736 bytes,    1132736 total
[2024-02-20T00:13:43.925+0000][7][gc,age      ] GC(28) - age   2:      20248 bytes,    1152984 total
[2024-02-20T00:13:43.925+0000][7][gc,age      ] GC(28) - age   3:      35720 bytes,    1188704 total
[2024-02-20T00:13:43.925+0000][7][gc,age      ] GC(28) - age   4:      14000 bytes,    1202704 total
[2024-02-20T00:13:43.925+0000][7][gc,age      ] GC(28) - age   5:    1344296 bytes,    2547000 total
[2024-02-20T00:13:43.925+0000][7][gc,age      ] GC(28) - age   6:      13584 bytes,    2560584 total
[2024-02-20T00:13:43.925+0000][7][gc,age      ] GC(28) - age   7:      10112 bytes,    2570696 total
[2024-02-20T00:13:43.925+0000][7][gc,age      ] GC(28) - age   8:      15936 bytes,    2586632 total
[2024-02-20T00:13:43.925+0000][7][gc,age      ] GC(28) - age   9:       6440 bytes,    2593072 total
[2024-02-20T00:13:43.925+0000][7][gc,age      ] GC(28) - age  10:       7856 bytes,    2600928 total
[2024-02-20T00:13:43.925+0000][7][gc,age      ] GC(28) - age  11:      20032 bytes,    2620960 total
[2024-02-20T00:13:43.925+0000][7][gc,age      ] GC(28) - age  12:      50416 bytes,    2671376 total
[2024-02-20T00:13:43.925+0000][7][gc,age      ] GC(28) - age  13:     153600 bytes,    2824976 total
[2024-02-20T00:13:43.925+0000][7][gc,age      ] GC(28) - age  14:     213704 bytes,    3038680 total
[2024-02-20T00:13:43.925+0000][7][gc,age      ] GC(28) - age  15:    1815096 bytes,    4853776 total
[2024-02-20T00:13:43.925+0000][7][gc,heap     ] GC(28) Eden regions: 150->0(151)
[2024-02-20T00:13:43.925+0000][7][gc,heap     ] GC(28) Survivor regions: 3->2(20)
[2024-02-20T00:13:43.925+0000][7][gc,heap     ] GC(28) Old regions: 21->22
[2024-02-20T00:13:43.925+0000][7][gc,heap     ] GC(28) Archive regions: 2->2
[2024-02-20T00:13:43.925+0000][7][gc,heap     ] GC(28) Humongous regions: 0->0
[2024-02-20T00:13:43.925+0000][7][gc,metaspace] GC(28) Metaspace: 127340K(131008K)->127340K(131008K) NonClass: 110516K(112384K)->110516K(112384K) Class: 16824K(18624K)->16824K(18624K)
[2024-02-20T00:13:43.925+0000][7][gc          ] GC(28) Pause Young (Normal) (G1 Evacuation Pause) 695M->95M(1024M) 6.546ms
[2024-02-20T00:13:43.925+0000][7][gc,cpu      ] GC(28) User=0.03s Sys=0.00s Real=0.01s
[2024-02-20T00:13:43.925+0000][7][safepoint   ] Safepoint "G1CollectForAllocation", Time since last: 120079840 ns, Reaching safepoint: 50641 ns, At safepoint: 6643031 ns, Total: 6693672 ns
[2024-02-20T00:13:44.925+0000][7][safepoint   ] Safepoint "Cleanup", Time since last: 1000180132 ns, Reaching safepoint: 58359 ns, At safepoint: 7063 ns, Total: 65422 ns
[2024-02-20T00:13:46.926+0000][7][safepoint   ] Safepoint "Cleanup", Time since last: 2000226761 ns, Reaching safepoint: 192731 ns, At safepoint: 13952 ns, Total: 206683 ns
[2024-02-20T00:14:01.927+0000][7][safepoint   ] Safepoint "Cleanup", Time since last: 15001299650 ns, Reaching safepoint: 119897 ns, At safepoint: 8258 ns, Total: 128155 ns
[2024-02-20T00:14:04.928+0000][7][safepoint   ] Safepoint "Cleanup", Time since last: 3000441261 ns, Reaching safepoint: 146921 ns, At safepoint: 18220 ns, Total: 165141 ns
[2024-02-20T00:14:11.929+0000][7][safepoint   ] Safepoint "Cleanup", Time since last: 7000841681 ns, Reaching safepoint: 53166 ns, At safepoint: 7098 ns, Total: 60264 ns
[2024-02-20T00:14:28.930+0000][7][safepoint   ] Safepoint "Cleanup", Time since last: 17001526357 ns, Reaching safepoint: 127528 ns, At safepoint: 6058 ns, Total: 133586 ns
[2024-02-20T00:14:43.932+0000][7][safepoint   ] Safepoint "Cleanup", Time since last: 15001500918 ns, Reaching safepoint: 127473 ns, At safepoint: 7451 ns, Total: 134924 ns
[2024-02-20T00:15:17.935+0000][7][safepoint   ] Safepoint "Cleanup", Time since last: 34002636511 ns, Reaching safepoint: 46476 ns, At safepoint: 3414 ns, Total: 49890 ns
[2024-02-20T00:15:29.936+0000][7][safepoint   ] Safepoint "Cleanup", Time since last: 12001034171 ns, Reaching safepoint: 86951 ns, At safepoint: 5493 ns, Total: 92444 ns
[2024-02-20T00:15:31.936+0000][7][safepoint   ] Safepoint "Cleanup", Time since last: 2000294983 ns, Reaching safepoint: 67542 ns, At safepoint: 8634 ns, Total: 76176 ns
[2024-02-20T00:15:35.937+0000][7][safepoint   ] Safepoint "Cleanup", Time since last: 4000389309 ns, Reaching safepoint: 126771 ns, At safepoint: 6549 ns, Total: 133320 ns
[2024-02-20T00:15:39.937+0000][7][safepoint   ] Safepoint "Cleanup", Time since last: 4000430076 ns, Reaching safepoint: 67708 ns, At safepoint: 7373 ns, Total: 75081 ns
[2024-02-20T00:15:43.938+0000][7][safepoint   ] Safepoint "Cleanup", Time since last: 4000452048 ns, Reaching safepoint: 193609 ns, At safepoint: 11354 ns, Total: 204963 ns
[2024-02-20T00:15:59.939+0000][7][safepoint   ] Safepoint "Cleanup", Time since last: 16001293743 ns, Reaching safepoint: 106179 ns, At safepoint: 8247 ns, Total: 114426 ns
[2024-02-20T00:16:10.940+0000][7][safepoint   ] Safepoint "Cleanup", Time since last: 11000920426 ns, Reaching safepoint: 53825 ns, At safepoint: 6026 ns, Total: 59851 ns
[2024-02-20T00:16:24.942+0000][7][safepoint   ] Safepoint "Cleanup", Time since last: 14001555484 ns, Reaching safepoint: 99614 ns, At safepoint: 6419 ns, Total: 106033 ns
[2024-02-20T00:16:29.943+0000][7][safepoint   ] Safepoint "Cleanup", Time since last: 5000584580 ns, Reaching safepoint: 79811 ns, At safepoint: 7903 ns, Total: 87714 ns
[2024-02-20T00:16:43.944+0000][7][safepoint   ] Safepoint "Cleanup", Time since last: 14001685230 ns, Reaching safepoint: 56326 ns, At safepoint: 4064 ns, Total: 60390 ns
[2024-02-20T00:16:53.946+0000][7][safepoint   ] Safepoint "Cleanup", Time since last: 10001232718 ns, Reaching safepoint: 98307 ns, At safepoint: 6024 ns, Total: 104331 ns
[2024-02-20T00:17:17.112+0000][7][gc,start    ] GC(29) Pause Young (Normal) (G1 Evacuation Pause)
[2024-02-20T00:17:17.112+0000][7][gc,task     ] GC(29) Using 8 workers of 8 for evacuation
[2024-02-20T00:17:17.112+0000][7][gc,age      ] GC(29) Desired survivor size 41943040 bytes, new threshold 15 (max threshold 15)
[2024-02-20T00:17:17.116+0000][7][gc,phases   ] GC(29)   Pre Evacuate Collection Set: 0.1ms
[2024-02-20T00:17:17.116+0000][7][gc,phases   ] GC(29)   Merge Heap Roots: 0.1ms
[2024-02-20T00:17:17.116+0000][7][gc,phases   ] GC(29)   Evacuate Collection Set: 3.2ms
[2024-02-20T00:17:17.116+0000][7][gc,phases   ] GC(29)   Post Evacuate Collection Set: 0.6ms
[2024-02-20T00:17:17.116+0000][7][gc,phases   ] GC(29)   Other: 0.1ms
[2024-02-20T00:17:17.116+0000][7][gc,age      ] GC(29) Age table with threshold 15 (max threshold 15)
[2024-02-20T00:17:17.116+0000][7][gc,age      ] GC(29) - age   1:    1714904 bytes,    1714904 total
[2024-02-20T00:17:17.116+0000][7][gc,age      ] GC(29) - age   2:       5896 bytes,    1720800 total
[2024-02-20T00:17:17.116+0000][7][gc,age      ] GC(29) - age   3:      10288 bytes,    1731088 total
[2024-02-20T00:17:17.116+0000][7][gc,age      ] GC(29) - age   4:      35440 bytes,    1766528 total
[2024-02-20T00:17:17.116+0000][7][gc,age      ] GC(29) - age   5:      14000 bytes,    1780528 total
[2024-02-20T00:17:17.116+0000][7][gc,age      ] GC(29) - age   6:    1186136 bytes,    2966664 total
[2024-02-20T00:17:17.116+0000][7][gc,age      ] GC(29) - age   7:      13552 bytes,    2980216 total
[2024-02-20T00:17:17.116+0000][7][gc,age      ] GC(29) - age   8:      10112 bytes,    2990328 total
[2024-02-20T00:17:17.116+0000][7][gc,age      ] GC(29) - age   9:      15936 bytes,    3006264 total
[2024-02-20T00:17:17.116+0000][7][gc,age      ] GC(29) - age  10:       6440 bytes,    3012704 total
[2024-02-20T00:17:17.116+0000][7][gc,age      ] GC(29) - age  11:       7856 bytes,    3020560 total
[2024-02-20T00:17:17.116+0000][7][gc,age      ] GC(29) - age  12:      20032 bytes,    3040592 total
[2024-02-20T00:17:17.116+0000][7][gc,age      ] GC(29) - age  13:      50416 bytes,    3091008 total
[2024-02-20T00:17:17.116+0000][7][gc,age      ] GC(29) - age  14:     153600 bytes,    3244608 total
[2024-02-20T00:17:17.116+0000][7][gc,age      ] GC(29) - age  15:     213704 bytes,    3458312 total
[2024-02-20T00:17:17.116+0000][7][gc,heap     ] GC(29) Eden regions: 151->0(152)
[2024-02-20T00:17:17.116+0000][7][gc,heap     ] GC(29) Survivor regions: 2->1(20)
[2024-02-20T00:17:17.116+0000][7][gc,heap     ] GC(29) Old regions: 22->22
[2024-02-20T00:17:17.116+0000][7][gc,heap     ] GC(29) Archive regions: 2->2
[2024-02-20T00:17:17.116+0000][7][gc,heap     ] GC(29) Humongous regions: 0->0
[2024-02-20T00:17:17.116+0000][7][gc,metaspace] GC(29) Metaspace: 127380K(131072K)->127380K(131072K) NonClass: 110555K(112448K)->110555K(112448K) Class: 16825K(18624K)->16825K(18624K)
[2024-02-20T00:17:17.116+0000][7][gc          ] GC(29) Pause Young (Normal) (G1 Evacuation Pause) 699M->95M(1024M) 4.172ms
[2024-02-20T00:17:17.116+0000][7][gc,cpu      ] GC(29) User=0.02s Sys=0.00s Real=0.00s
[2024-02-20T00:17:17.116+0000][7][safepoint   ] Safepoint "G1CollectForAllocation", Time since last: 23166229002 ns, Reaching safepoint: 40830 ns, At safepoint: 4237386 ns, Total: 4278216 ns
[2024-02-20T00:17:40.119+0000][7][safepoint   ] Safepoint "Cleanup", Time since last: 23002435057 ns, Reaching safepoint: 83181 ns, At safepoint: 6948 ns, Total: 90129 ns
[2024-02-20T00:17:53.120+0000][7][safepoint   ] Safepoint "Cleanup", Time since last: 13001352695 ns, Reaching safepoint: 94692 ns, At safepoint: 8992 ns, Total: 103684 ns
[2024-02-20T00:18:02.121+0000][7][safepoint   ] Safepoint "Cleanup", Time since last: 9001133879 ns, Reaching safepoint: 65544 ns, At safepoint: 9114 ns, Total: 74658 ns
[2024-02-20T00:18:05.122+0000][7][safepoint   ] Safepoint "Cleanup", Time since last: 3000268928 ns, Reaching safepoint: 76199 ns, At safepoint: 6683 ns, Total: 82882 ns
[2024-02-20T00:18:22.124+0000][7][safepoint   ] Safepoint "Cleanup", Time since last: 17001796425 ns, Reaching safepoint: 94213 ns, At safepoint: 10283 ns, Total: 104496 ns
[2024-02-20T00:18:23.124+0000][7][safepoint   ] Safepoint "Cleanup", Time since last: 1000201197 ns, Reaching safepoint: 90819 ns, At safepoint: 11423 ns, Total: 102242 ns
[2024-02-20T00:18:30.125+0000][7][safepoint   ] Safepoint "Cleanup", Time since last: 7001084729 ns, Reaching safepoint: 83242 ns, At safepoint: 11732 ns, Total: 94974 ns
[2024-02-20T00:18:44.127+0000][7][safepoint   ] Safepoint "Cleanup", Time since last: 14001375534 ns, Reaching safepoint: 82489 ns, At safepoint: 24460 ns, Total: 106949 ns
[2024-02-20T00:18:59.129+0000][7][safepoint   ] Safepoint "Cleanup", Time since last: 15001989169 ns, Reaching safepoint: 56107 ns, At safepoint: 6923 ns, Total: 63030 ns
[2024-02-20T00:19:10.130+0000][7][safepoint   ] Safepoint "Cleanup", Time since last: 11001220608 ns, Reaching safepoint: 56109 ns, At safepoint: 4168 ns, Total: 60277 ns
[2024-02-20T00:19:24.131+0000][7][safepoint   ] Safepoint "Cleanup", Time since last: 14001198431 ns, Reaching safepoint: 58292 ns, At safepoint: 5058 ns, Total: 63350 ns
[2024-02-20T00:19:30.102+0000][7][safepoint   ] Safepoint "Cleanup", Time since last: 5970901619 ns, Reaching safepoint: 88438 ns, At safepoint: 4887 ns, Total: 93325 ns
[2024-02-20T00:19:38.103+0000][7][safepoint   ] Safepoint "Cleanup", Time since last: 8000762215 ns, Reaching safepoint: 98962 ns, At safepoint: 5640 ns, Total: 104602 ns
[2024-02-20T00:19:39.103+0000][7][safepoint   ] Safepoint "Cleanup", Time since last: 1000138157 ns, Reaching safepoint: 45062 ns, At safepoint: 3974 ns, Total: 49036 ns
[2024-02-20T00:19:40.103+0000][7][safepoint   ] Safepoint "Cleanup", Time since last: 1000116148 ns, Reaching safepoint: 64564 ns, At safepoint: 5783 ns, Total: 70347 ns
[2024-02-20T00:19:44.104+0000][7][safepoint   ] Safepoint "Cleanup", Time since last: 4000472069 ns, Reaching safepoint: 99107 ns, At safepoint: 7197 ns, Total: 106304 ns
[2024-02-20T00:19:50.105+0000][7][safepoint   ] Safepoint "Cleanup", Time since last: 6000574638 ns, Reaching safepoint: 51521 ns, At safepoint: 3792 ns, Total: 55313 ns
[2024-02-20T00:19:56.360+0000][7][safepoint   ] Safepoint "Cleanup", Time since last: 6255279008 ns, Reaching safepoint: 95333 ns, At safepoint: 11376 ns, Total: 106709 ns
[2024-02-20T00:20:08.361+0000][7][safepoint   ] Safepoint "Cleanup", Time since last: 12001087038 ns, Reaching safepoint: 95612 ns, At safepoint: 23573 ns, Total: 119185 ns
[2024-02-20T00:20:35.364+0000][7][safepoint   ] Safepoint "Cleanup", Time since last: 27002462062 ns, Reaching safepoint: 85524 ns, At safepoint: 5199 ns, Total: 90723 ns
[2024-02-20T00:20:37.933+0000][7][gc,start    ] GC(30) Pause Young (Normal) (G1 Evacuation Pause)
[2024-02-20T00:20:37.933+0000][7][gc,task     ] GC(30) Using 8 workers of 8 for evacuation
[2024-02-20T00:20:37.933+0000][7][gc,age      ] GC(30) Desired survivor size 41943040 bytes, new threshold 15 (max threshold 15)
[2024-02-20T00:20:37.938+0000][7][gc,phases   ] GC(30)   Pre Evacuate Collection Set: 0.1ms
[2024-02-20T00:20:37.938+0000][7][gc,phases   ] GC(30)   Merge Heap Roots: 0.1ms
[2024-02-20T00:20:37.938+0000][7][gc,phases   ] GC(30)   Evacuate Collection Set: 3.9ms
[2024-02-20T00:20:37.938+0000][7][gc,phases   ] GC(30)   Post Evacuate Collection Set: 1.0ms
[2024-02-20T00:20:37.938+0000][7][gc,phases   ] GC(30)   Other: 0.1ms
[2024-02-20T00:20:37.938+0000][7][gc,age      ] GC(30) Age table with threshold 15 (max threshold 15)
[2024-02-20T00:20:37.938+0000][7][gc,age      ] GC(30) - age   1:    1637080 bytes,    1637080 total
[2024-02-20T00:20:37.938+0000][7][gc,age      ] GC(30) - age   2:       6440 bytes,    1643520 total
[2024-02-20T00:20:37.938+0000][7][gc,age      ] GC(30) - age   3:       3752 bytes,    1647272 total
[2024-02-20T00:20:37.938+0000][7][gc,age      ] GC(30) - age   4:       5952 bytes,    1653224 total
[2024-02-20T00:20:37.938+0000][7][gc,age      ] GC(30) - age   5:      34800 bytes,    1688024 total
[2024-02-20T00:20:37.938+0000][7][gc,age      ] GC(30) - age   6:      14000 bytes,    1702024 total
[2024-02-20T00:20:37.938+0000][7][gc,age      ] GC(30) - age   7:    1175776 bytes,    2877800 total
[2024-02-20T00:20:37.938+0000][7][gc,age      ] GC(30) - age   8:      13552 bytes,    2891352 total
[2024-02-20T00:20:37.938+0000][7][gc,age      ] GC(30) - age   9:      10112 bytes,    2901464 total
[2024-02-20T00:20:37.938+0000][7][gc,age      ] GC(30) - age  10:       7920 bytes,    2909384 total
[2024-02-20T00:20:37.938+0000][7][gc,age      ] GC(30) - age  11:       6440 bytes,    2915824 total
[2024-02-20T00:20:37.938+0000][7][gc,age      ] GC(30) - age  12:       7856 bytes,    2923680 total
[2024-02-20T00:20:37.938+0000][7][gc,age      ] GC(30) - age  13:      20032 bytes,    2943712 total
[2024-02-20T00:20:37.938+0000][7][gc,age      ] GC(30) - age  14:      47024 bytes,    2990736 total
[2024-02-20T00:20:37.938+0000][7][gc,age      ] GC(30) - age  15:     153600 bytes,    3144336 total
[2024-02-20T00:20:37.938+0000][7][gc,heap     ] GC(30) Eden regions: 152->0(152)
[2024-02-20T00:20:37.938+0000][7][gc,heap     ] GC(30) Survivor regions: 1->1(20)
[2024-02-20T00:20:37.938+0000][7][gc,heap     ] GC(30) Old regions: 22->23
[2024-02-20T00:20:37.938+0000][7][gc,heap     ] GC(30) Archive regions: 2->2
[2024-02-20T00:20:37.938+0000][7][gc,heap     ] GC(30) Humongous regions: 0->0
[2024-02-20T00:20:37.938+0000][7][gc,metaspace] GC(30) Metaspace: 127421K(131072K)->127421K(131072K) NonClass: 110594K(112448K)->110594K(112448K) Class: 16826K(18624K)->16826K(18624K)
[2024-02-20T00:20:37.938+0000][7][gc          ] GC(30) Pause Young (Normal) (G1 Evacuation Pause) 703M->95M(1024M) 5.624ms
[2024-02-20T00:20:37.938+0000][7][gc,cpu      ] GC(30) User=0.03s Sys=0.00s Real=0.00s
[2024-02-20T00:20:37.938+0000][7][safepoint   ] Safepoint "G1CollectForAllocation", Time since last: 2568967257 ns, Reaching safepoint: 35959 ns, At safepoint: 5730494 ns, Total: 5766453 ns
[2024-02-20T00:20:41.939+0000][7][safepoint   ] Safepoint "Cleanup", Time since last: 4000402690 ns, Reaching safepoint: 166828 ns, At safepoint: 13775 ns, Total: 180603 ns
[2024-02-20T00:20:42.939+0000][7][safepoint   ] Safepoint "Cleanup", Time since last: 1000185312 ns, Reaching safepoint: 89439 ns, At safepoint: 11376 ns, Total: 100815 ns
[2024-02-20T00:20:43.940+0000][7][safepoint   ] Safepoint "Cleanup", Time since last: 1000108943 ns, Reaching safepoint: 51832 ns, At safepoint: 13490 ns, Total: 65322 ns
[2024-02-20T00:20:47.940+0000][7][safepoint   ] Safepoint "Cleanup", Time since last: 4000343157 ns, Reaching safepoint: 101480 ns, At safepoint: 21116 ns, Total: 122596 ns
[2024-02-20T00:20:50.940+0000][7][safepoint   ] Safepoint "Cleanup", Time since last: 3000285336 ns, Reaching safepoint: 87750 ns, At safepoint: 3946 ns, Total: 91696 ns
[2024-02-20T00:21:07.942+0000][7][safepoint   ] Safepoint "Cleanup", Time since last: 17001342480 ns, Reaching safepoint: 50001 ns, At safepoint: 5445 ns, Total: 55446 ns
[2024-02-20T00:21:31.944+0000][7][safepoint   ] Safepoint "Cleanup", Time since last: 24002088917 ns, Reaching safepoint: 82101 ns, At safepoint: 5749 ns, Total: 87850 ns
[2024-02-20T00:21:33.944+0000][7][safepoint   ] Safepoint "Cleanup", Time since last: 2000218569 ns, Reaching safepoint: 104248 ns, At safepoint: 9008 ns, Total: 113256 ns
[2024-02-20T00:21:35.945+0000][7][safepoint   ] Safepoint "Cleanup", Time since last: 2000192583 ns, Reaching safepoint: 99082 ns, At safepoint: 6566 ns, Total: 105648 ns
[2024-02-20T00:21:43.945+0000][7][safepoint   ] Safepoint "Cleanup", Time since last: 8000665381 ns, Reaching safepoint: 51783 ns, At safepoint: 4708 ns, Total: 56491 ns
[2024-02-20T00:21:47.946+0000][7][safepoint   ] Safepoint "Cleanup", Time since last: 4000346500 ns, Reaching safepoint: 82457 ns, At safepoint: 22629 ns, Total: 105086 ns
[2024-02-20T00:22:06.015+0000][7][safepoint   ] Safepoint "Cleanup", Time since last: 18068861369 ns, Reaching safepoint: 68406 ns, At safepoint: 5825 ns, Total: 74231 ns
[2024-02-20T00:22:14.015+0000][7][safepoint   ] Safepoint "Cleanup", Time since last: 8000705246 ns, Reaching safepoint: 82151 ns, At safepoint: 5604 ns, Total: 87755 ns
[2024-02-20T00:22:24.017+0000][7][safepoint   ] Safepoint "Cleanup", Time since last: 10001098418 ns, Reaching safepoint: 58891 ns, At safepoint: 5636 ns, Total: 64527 ns
[2024-02-20T00:22:44.019+0000][7][safepoint   ] Safepoint "Cleanup", Time since last: 20001816420 ns, Reaching safepoint: 70739 ns, At safepoint: 6627 ns, Total: 77366 ns
[2024-02-20T00:23:05.021+0000][7][safepoint   ] Safepoint "Cleanup", Time since last: 21002711293 ns, Reaching safepoint: 87780 ns, At safepoint: 11412 ns, Total: 99192 ns
[2024-02-20T00:23:08.022+0000][7][safepoint   ] Safepoint "Cleanup", Time since last: 3000281184 ns, Reaching safepoint: 68720 ns, At safepoint: 9007 ns, Total: 77727 ns
[2024-02-20T00:23:10.022+0000][7][safepoint   ] Safepoint "Cleanup", Time since last: 2000316442 ns, Reaching safepoint: 61903 ns, At safepoint: 6297 ns, Total: 68200 ns
[2024-02-20T00:23:40.026+0000][7][safepoint   ] Safepoint "Cleanup", Time since last: 30003657508 ns, Reaching safepoint: 76433 ns, At safepoint: 20457 ns, Total: 96890 ns
[2024-02-20T00:23:44.026+0000][7][safepoint   ] Safepoint "Cleanup", Time since last: 4000387424 ns, Reaching safepoint: 65550 ns, At safepoint: 5767 ns, Total: 71317 ns
[2024-02-20T00:23:47.027+0000][7][safepoint   ] Safepoint "Cleanup", Time since last: 3000380303 ns, Reaching safepoint: 64769 ns, At safepoint: 6680 ns, Total: 71449 ns
[2024-02-20T00:23:58.956+0000][7][gc,start    ] GC(31) Pause Young (Normal) (G1 Evacuation Pause)
[2024-02-20T00:23:58.956+0000][7][gc,task     ] GC(31) Using 8 workers of 8 for evacuation
[2024-02-20T00:23:58.956+0000][7][gc,age      ] GC(31) Desired survivor size 41943040 bytes, new threshold 15 (max threshold 15)
[2024-02-20T00:23:58.959+0000][7][gc,phases   ] GC(31)   Pre Evacuate Collection Set: 0.1ms
[2024-02-20T00:23:58.959+0000][7][gc,phases   ] GC(31)   Merge Heap Roots: 0.1ms
[2024-02-20T00:23:58.959+0000][7][gc,phases   ] GC(31)   Evacuate Collection Set: 2.1ms
[2024-02-20T00:23:58.959+0000][7][gc,phases   ] GC(31)   Post Evacuate Collection Set: 0.6ms
[2024-02-20T00:23:58.959+0000][7][gc,phases   ] GC(31)   Other: 0.1ms
[2024-02-20T00:23:58.959+0000][7][gc,age      ] GC(31) Age table with threshold 15 (max threshold 15)
[2024-02-20T00:23:58.959+0000][7][gc,age      ] GC(31) - age   1:    1379352 bytes,    1379352 total
[2024-02-20T00:23:58.959+0000][7][gc,age      ] GC(31) - age   2:     163328 bytes,    1542680 total
[2024-02-20T00:23:58.959+0000][7][gc,age      ] GC(31) - age   3:       3680 bytes,    1546360 total
[2024-02-20T00:23:58.959+0000][7][gc,age      ] GC(31) - age   4:       3688 bytes,    1550048 total
[2024-02-20T00:23:58.959+0000][7][gc,age      ] GC(31) - age   5:       5704 bytes,    1555752 total
[2024-02-20T00:23:58.959+0000][7][gc,age      ] GC(31) - age   6:      34800 bytes,    1590552 total
[2024-02-20T00:23:58.959+0000][7][gc,age      ] GC(31) - age   7:      14000 bytes,    1604552 total
[2024-02-20T00:23:58.959+0000][7][gc,age      ] GC(31) - age   8:    1161192 bytes,    2765744 total
[2024-02-20T00:23:58.959+0000][7][gc,age      ] GC(31) - age   9:      13552 bytes,    2779296 total
[2024-02-20T00:23:58.959+0000][7][gc,age      ] GC(31) - age  10:      10112 bytes,    2789408 total
[2024-02-20T00:23:58.959+0000][7][gc,age      ] GC(31) - age  11:       7920 bytes,    2797328 total
[2024-02-20T00:23:58.959+0000][7][gc,age      ] GC(31) - age  12:       6440 bytes,    2803768 total
[2024-02-20T00:23:58.959+0000][7][gc,age      ] GC(31) - age  13:       7856 bytes,    2811624 total
[2024-02-20T00:23:58.959+0000][7][gc,age      ] GC(31) - age  14:      20032 bytes,    2831656 total
[2024-02-20T00:23:58.959+0000][7][gc,age      ] GC(31) - age  15:      47024 bytes,    2878680 total
[2024-02-20T00:23:58.959+0000][7][gc,heap     ] GC(31) Eden regions: 152->0(152)
[2024-02-20T00:23:58.959+0000][7][gc,heap     ] GC(31) Survivor regions: 1->1(20)
[2024-02-20T00:23:58.959+0000][7][gc,heap     ] GC(31) Old regions: 23->23
[2024-02-20T00:23:58.959+0000][7][gc,heap     ] GC(31) Archive regions: 2->2
[2024-02-20T00:23:58.959+0000][7][gc,heap     ] GC(31) Humongous regions: 0->0
[2024-02-20T00:23:58.959+0000][7][gc,metaspace] GC(31) Metaspace: 127467K(131136K)->127467K(131136K) NonClass: 110640K(112512K)->110640K(112512K) Class: 16826K(18624K)->16826K(18624K)
[2024-02-20T00:23:58.959+0000][7][gc          ] GC(31) Pause Young (Normal) (G1 Evacuation Pause) 703M->95M(1024M) 3.101ms
[2024-02-20T00:23:58.959+0000][7][gc,cpu      ] GC(31) User=0.02s Sys=0.00s Real=0.00s
[2024-02-20T00:23:58.959+0000][7][safepoint   ] Safepoint "G1CollectForAllocation", Time since last: 11928889538 ns, Reaching safepoint: 108024 ns, At safepoint: 3256840 ns, Total: 3364864 ns
[2024-02-20T00:25:01.966+0000][7][safepoint   ] Safepoint "Cleanup", Time since last: 63006614576 ns, Reaching safepoint: 58727 ns, At safepoint: 11854 ns, Total: 70581 ns
[2024-02-20T00:25:29.968+0000][7][safepoint   ] Safepoint "Cleanup", Time since last: 28002677350 ns, Reaching safepoint: 91246 ns, At safepoint: 7667 ns, Total: 98913 ns
[2024-02-20T00:25:30.969+0000][7][safepoint   ] Safepoint "Cleanup", Time since last: 1000185976 ns, Reaching safepoint: 93966 ns, At safepoint: 5297 ns, Total: 99263 ns
[2024-02-20T00:25:31.969+0000][7][safepoint   ] Safepoint "Cleanup", Time since last: 1000133431 ns, Reaching safepoint: 109070 ns, At safepoint: 6445 ns, Total: 115515 ns
[2024-02-20T00:25:34.969+0000][7][safepoint   ] Safepoint "Cleanup", Time since last: 3000355865 ns, Reaching safepoint: 85037 ns, At safepoint: 5969 ns, Total: 91006 ns
[2024-02-20T00:25:39.970+0000][7][safepoint   ] Safepoint "Cleanup", Time since last: 5000380494 ns, Reaching safepoint: 53620 ns, At safepoint: 4368 ns, Total: 57988 ns
[2024-02-20T00:25:43.970+0000][7][safepoint   ] Safepoint "Cleanup", Time since last: 4000386990 ns, Reaching safepoint: 148172 ns, At safepoint: 8161 ns, Total: 156333 ns
[2024-02-20T00:25:45.971+0000][7][safepoint   ] Safepoint "Cleanup", Time since last: 2000240648 ns, Reaching safepoint: 70102 ns, At safepoint: 7598 ns, Total: 77700 ns
[2024-02-20T00:25:49.971+0000][7][safepoint   ] Safepoint "Cleanup", Time since last: 4000375331 ns, Reaching safepoint: 41629 ns, At safepoint: 4512 ns, Total: 46141 ns
[2024-02-20T00:25:53.972+0000][7][safepoint   ] Safepoint "Cleanup", Time since last: 4000380943 ns, Reaching safepoint: 57683 ns, At safepoint: 6942 ns, Total: 64625 ns
[2024-02-20T00:25:55.972+0000][7][safepoint   ] Safepoint "Cleanup", Time since last: 2000187268 ns, Reaching safepoint: 152166 ns, At safepoint: 7373 ns, Total: 159539 ns
[2024-02-20T00:26:05.973+0000][7][safepoint   ] Safepoint "Cleanup", Time since last: 10001069390 ns, Reaching safepoint: 79110 ns, At safepoint: 5699 ns, Total: 84809 ns
[2024-02-20T00:26:35.976+0000][7][safepoint   ] Safepoint "Cleanup", Time since last: 30002596226 ns, Reaching safepoint: 126420 ns, At safepoint: 7679 ns, Total: 134099 ns
[2024-02-20T00:26:43.977+0000][7][safepoint   ] Safepoint "Cleanup", Time since last: 8000988700 ns, Reaching safepoint: 84062 ns, At safepoint: 6823 ns, Total: 90885 ns
[2024-02-20T00:26:58.978+0000][7][safepoint   ] Safepoint "Cleanup", Time since last: 15001377748 ns, Reaching safepoint: 141691 ns, At safepoint: 7248 ns, Total: 148939 ns
[2024-02-20T00:26:59.979+0000][7][safepoint   ] Safepoint "Cleanup", Time since last: 1000133203 ns, Reaching safepoint: 67283 ns, At safepoint: 6225 ns, Total: 73508 ns
[2024-02-20T00:27:11.980+0000][7][safepoint   ] Safepoint "Cleanup", Time since last: 12001180947 ns, Reaching safepoint: 75343 ns, At safepoint: 6536 ns, Total: 81879 ns
[2024-02-20T00:27:19.981+0000][7][safepoint   ] Safepoint "Cleanup", Time since last: 8000929765 ns, Reaching safepoint: 89938 ns, At safepoint: 6439 ns, Total: 96377 ns
[2024-02-20T00:27:31.507+0000][7][gc,start    ] GC(32) Pause Young (Normal) (G1 Evacuation Pause)
[2024-02-20T00:27:31.507+0000][7][gc,task     ] GC(32) Using 8 workers of 8 for evacuation
[2024-02-20T00:27:31.507+0000][7][gc,age      ] GC(32) Desired survivor size 41943040 bytes, new threshold 15 (max threshold 15)
[2024-02-20T00:27:31.511+0000][7][gc,phases   ] GC(32)   Pre Evacuate Collection Set: 0.1ms
[2024-02-20T00:27:31.511+0000][7][gc,phases   ] GC(32)   Merge Heap Roots: 0.1ms
[2024-02-20T00:27:31.511+0000][7][gc,phases   ] GC(32)   Evacuate Collection Set: 2.7ms
[2024-02-20T00:27:31.511+0000][7][gc,phases   ] GC(32)   Post Evacuate Collection Set: 0.8ms
[2024-02-20T00:27:31.511+0000][7][gc,phases   ] GC(32)   Other: 0.1ms
[2024-02-20T00:27:31.511+0000][7][gc,age      ] GC(32) Age table with threshold 15 (max threshold 15)
[2024-02-20T00:27:31.511+0000][7][gc,age      ] GC(32) - age   1:     692920 bytes,     692920 total
[2024-02-20T00:27:31.511+0000][7][gc,age      ] GC(32) - age   2:     106112 bytes,     799032 total
[2024-02-20T00:27:31.511+0000][7][gc,age      ] GC(32) - age   3:     161408 bytes,     960440 total
[2024-02-20T00:27:31.511+0000][7][gc,age      ] GC(32) - age   4:       3584 bytes,     964024 total
[2024-02-20T00:27:31.511+0000][7][gc,age      ] GC(32) - age   5:       3688 bytes,     967712 total
[2024-02-20T00:27:31.511+0000][7][gc,age      ] GC(32) - age   6:       5704 bytes,     973416 total
[2024-02-20T00:27:31.511+0000][7][gc,age      ] GC(32) - age   7:      34800 bytes,    1008216 total
[2024-02-20T00:27:31.511+0000][7][gc,age      ] GC(32) - age   8:      14000 bytes,    1022216 total
[2024-02-20T00:27:31.511+0000][7][gc,age      ] GC(32) - age   9:    1161192 bytes,    2183408 total
[2024-02-20T00:27:31.511+0000][7][gc,age      ] GC(32) - age  10:       8048 bytes,    2191456 total
[2024-02-20T00:27:31.511+0000][7][gc,age      ] GC(32) - age  11:      10112 bytes,    2201568 total
[2024-02-20T00:27:31.511+0000][7][gc,age      ] GC(32) - age  12:       7920 bytes,    2209488 total
[2024-02-20T00:27:31.511+0000][7][gc,age      ] GC(32) - age  13:       6440 bytes,    2215928 total
[2024-02-20T00:27:31.511+0000][7][gc,age      ] GC(32) - age  14:       7856 bytes,    2223784 total
[2024-02-20T00:27:31.511+0000][7][gc,age      ] GC(32) - age  15:      20032 bytes,    2243816 total
[2024-02-20T00:27:31.511+0000][7][gc,heap     ] GC(32) Eden regions: 152->0(152)
[2024-02-20T00:27:31.511+0000][7][gc,heap     ] GC(32) Survivor regions: 1->1(20)
[2024-02-20T00:27:31.511+0000][7][gc,heap     ] GC(32) Old regions: 23->23
[2024-02-20T00:27:31.511+0000][7][gc,heap     ] GC(32) Archive regions: 2->2
[2024-02-20T00:27:31.511+0000][7][gc,heap     ] GC(32) Humongous regions: 0->0
[2024-02-20T00:27:31.511+0000][7][gc,metaspace] GC(32) Metaspace: 127468K(131136K)->127468K(131136K) NonClass: 110641K(112512K)->110641K(112512K) Class: 16826K(18624K)->16826K(18624K)
[2024-02-20T00:27:31.511+0000][7][gc          ] GC(32) Pause Young (Normal) (G1 Evacuation Pause) 703M->94M(1024M) 4.213ms
[2024-02-20T00:27:31.511+0000][7][gc,cpu      ] GC(32) User=0.02s Sys=0.00s Real=0.01s
[2024-02-20T00:27:31.511+0000][7][safepoint   ] Safepoint "G1CollectForAllocation", Time since last: 11525806921 ns, Reaching safepoint: 44668 ns, At safepoint: 4313887 ns, Total: 4358555 ns
[2024-02-20T00:27:44.512+0000][7][safepoint   ] Safepoint "Cleanup", Time since last: 13001297240 ns, Reaching safepoint: 70094 ns, At safepoint: 19375 ns, Total: 89469 ns
[2024-02-20T00:28:11.515+0000][7][safepoint   ] Safepoint "Cleanup", Time since last: 27002683891 ns, Reaching safepoint: 58751 ns, At safepoint: 9543 ns, Total: 68294 ns
[2024-02-20T00:28:17.516+0000][7][safepoint   ] Safepoint "Cleanup", Time since last: 6000654284 ns, Reaching safepoint: 53874 ns, At safepoint: 12734 ns, Total: 66608 ns
[2024-02-20T00:28:35.518+0000][7][safepoint   ] Safepoint "Cleanup", Time since last: 18001677136 ns, Reaching safepoint: 71052 ns, At safepoint: 3784 ns, Total: 74836 ns
[2024-02-20T00:28:41.518+0000][7][safepoint   ] Safepoint "Cleanup", Time since last: 6000497798 ns, Reaching safepoint: 84807 ns, At safepoint: 3515 ns, Total: 88322 ns
[2024-02-20T00:28:47.519+0000][7][safepoint   ] Safepoint "Cleanup", Time since last: 6000453785 ns, Reaching safepoint: 67223 ns, At safepoint: 12408 ns, Total: 79631 ns
[2024-02-20T00:29:05.521+0000][7][safepoint   ] Safepoint "Cleanup", Time since last: 18001740451 ns, Reaching safepoint: 98027 ns, At safepoint: 5703 ns, Total: 103730 ns
[2024-02-20T00:29:11.522+0000][7][safepoint   ] Safepoint "Cleanup", Time since last: 6000745536 ns, Reaching safepoint: 75810 ns, At safepoint: 7937 ns, Total: 83747 ns
[2024-02-20T00:29:23.523+0000][7][safepoint   ] Safepoint "Cleanup", Time since last: 12001003325 ns, Reaching safepoint: 93259 ns, At safepoint: 11910 ns, Total: 105169 ns
[2024-02-20T00:29:44.525+0000][7][safepoint   ] Safepoint "Cleanup", Time since last: 21001731071 ns, Reaching safepoint: 218932 ns, At safepoint: 16144 ns, Total: 235076 ns
[2024-02-20T00:30:17.528+0000][7][safepoint   ] Safepoint "Cleanup", Time since last: 33003356583 ns, Reaching safepoint: 165550 ns, At safepoint: 7459 ns, Total: 173009 ns
[2024-02-20T00:30:38.530+0000][7][safepoint   ] Safepoint "Cleanup", Time since last: 21001817856 ns, Reaching safepoint: 73176 ns, At safepoint: 12080 ns, Total: 85256 ns
[2024-02-20T00:30:39.530+0000][7][safepoint   ] Safepoint "Cleanup", Time since last: 1000129244 ns, Reaching safepoint: 57194 ns, At safepoint: 13066 ns, Total: 70260 ns
[2024-02-20T00:30:44.531+0000][7][safepoint   ] Safepoint "Cleanup", Time since last: 5000403254 ns, Reaching safepoint: 71976 ns, At safepoint: 6740 ns, Total: 78716 ns
[2024-02-20T00:31:04.996+0000][7][gc,start    ] GC(33) Pause Young (Normal) (G1 Evacuation Pause)
[2024-02-20T00:31:04.996+0000][7][gc,task     ] GC(33) Using 8 workers of 8 for evacuation
[2024-02-20T00:31:04.996+0000][7][gc,age      ] GC(33) Desired survivor size 41943040 bytes, new threshold 15 (max threshold 15)
[2024-02-20T00:31:05.000+0000][7][gc,phases   ] GC(33)   Pre Evacuate Collection Set: 0.1ms
[2024-02-20T00:31:05.000+0000][7][gc,phases   ] GC(33)   Merge Heap Roots: 0.1ms
[2024-02-20T00:31:05.000+0000][7][gc,phases   ] GC(33)   Evacuate Collection Set: 2.8ms
[2024-02-20T00:31:05.000+0000][7][gc,phases   ] GC(33)   Post Evacuate Collection Set: 0.8ms
[2024-02-20T00:31:05.000+0000][7][gc,phases   ] GC(33)   Other: 0.1ms
[2024-02-20T00:31:05.000+0000][7][gc,age      ] GC(33) Age table with threshold 15 (max threshold 15)
[2024-02-20T00:31:05.000+0000][7][gc,age      ] GC(33) - age   1:    1352960 bytes,    1352960 total
[2024-02-20T00:31:05.000+0000][7][gc,age      ] GC(33) - age   2:     186096 bytes,    1539056 total
[2024-02-20T00:31:05.000+0000][7][gc,age      ] GC(33) - age   3:     103960 bytes,    1643016 total
[2024-02-20T00:31:05.000+0000][7][gc,age      ] GC(33) - age   4:     157048 bytes,    1800064 total
[2024-02-20T00:31:05.000+0000][7][gc,age      ] GC(33) - age   5:       3584 bytes,    1803648 total
[2024-02-20T00:31:05.000+0000][7][gc,age      ] GC(33) - age   6:       3688 bytes,    1807336 total
[2024-02-20T00:31:05.000+0000][7][gc,age      ] GC(33) - age   7:       5672 bytes,    1813008 total
[2024-02-20T00:31:05.000+0000][7][gc,age      ] GC(33) - age   8:      34800 bytes,    1847808 total
[2024-02-20T00:31:05.000+0000][7][gc,age      ] GC(33) - age   9:      14000 bytes,    1861808 total
[2024-02-20T00:31:05.000+0000][7][gc,age      ] GC(33) - age  10:    1161192 bytes,    3023000 total
[2024-02-20T00:31:05.000+0000][7][gc,age      ] GC(33) - age  11:       8048 bytes,    3031048 total
[2024-02-20T00:31:05.000+0000][7][gc,age      ] GC(33) - age  12:      10112 bytes,    3041160 total
[2024-02-20T00:31:05.000+0000][7][gc,age      ] GC(33) - age  13:       7920 bytes,    3049080 total
[2024-02-20T00:31:05.000+0000][7][gc,age      ] GC(33) - age  14:       6440 bytes,    3055520 total
[2024-02-20T00:31:05.000+0000][7][gc,age      ] GC(33) - age  15:       7856 bytes,    3063376 total
[2024-02-20T00:31:05.000+0000][7][gc,heap     ] GC(33) Eden regions: 152->0(152)
[2024-02-20T00:31:05.000+0000][7][gc,heap     ] GC(33) Survivor regions: 1->1(20)
[2024-02-20T00:31:05.000+0000][7][gc,heap     ] GC(33) Old regions: 23->23
[2024-02-20T00:31:05.000+0000][7][gc,heap     ] GC(33) Archive regions: 2->2
[2024-02-20T00:31:05.000+0000][7][gc,heap     ] GC(33) Humongous regions: 0->0
[2024-02-20T00:31:05.000+0000][7][gc,metaspace] GC(33) Metaspace: 127488K(131136K)->127488K(131136K) NonClass: 110661K(112512K)->110661K(112512K) Class: 16827K(18624K)->16827K(18624K)
[2024-02-20T00:31:05.000+0000][7][gc          ] GC(33) Pause Young (Normal) (G1 Evacuation Pause) 702M->95M(1024M) 4.136ms
[2024-02-20T00:31:05.000+0000][7][gc,cpu      ] GC(33) User=0.02s Sys=0.00s Real=0.00s
[2024-02-20T00:31:05.000+0000][7][safepoint   ] Safepoint "G1CollectForAllocation", Time since last: 20465450254 ns, Reaching safepoint: 67270 ns, At safepoint: 4238232 ns, Total: 4305502 ns
[2024-02-20T00:31:06.001+0000][7][safepoint   ] Safepoint "Cleanup", Time since last: 1000079511 ns, Reaching safepoint: 80589 ns, At safepoint: 3921 ns, Total: 84510 ns
[2024-02-20T00:31:12.001+0000][7][safepoint   ] Safepoint "Cleanup", Time since last: 6000561628 ns, Reaching safepoint: 117249 ns, At safepoint: 5586 ns, Total: 122835 ns
[2024-02-20T00:32:06.006+0000][7][safepoint   ] Safepoint "Cleanup", Time since last: 54004870207 ns, Reaching safepoint: 61585 ns, At safepoint: 6585 ns, Total: 68170 ns
[2024-02-20T00:32:15.007+0000][7][safepoint   ] Safepoint "Cleanup", Time since last: 9000888053 ns, Reaching safepoint: 75678 ns, At safepoint: 7215 ns, Total: 82893 ns
[2024-02-20T00:32:50.011+0000][7][safepoint   ] Safepoint "Cleanup", Time since last: 35003258171 ns, Reaching safepoint: 61512 ns, At safepoint: 6113 ns, Total: 67625 ns
[2024-02-20T00:32:53.011+0000][7][safepoint   ] Safepoint "Cleanup", Time since last: 3000331909 ns, Reaching safepoint: 75920 ns, At safepoint: 8227 ns, Total: 84147 ns
[2024-02-20T00:32:54.011+0000][7][safepoint   ] Safepoint "Cleanup", Time since last: 1000104429 ns, Reaching safepoint: 56302 ns, At safepoint: 5755 ns, Total: 62057 ns
[2024-02-20T00:33:40.016+0000][7][safepoint   ] Safepoint "Cleanup", Time since last: 46004328431 ns, Reaching safepoint: 55101 ns, At safepoint: 4674 ns, Total: 59775 ns
[2024-02-20T00:33:44.016+0000][7][safepoint   ] Safepoint "Cleanup", Time since last: 4000362946 ns, Reaching safepoint: 89102 ns, At safepoint: 22078 ns, Total: 111180 ns
[2024-02-20T00:34:12.019+0000][7][safepoint   ] Safepoint "Cleanup", Time since last: 28002630857 ns, Reaching safepoint: 66334 ns, At safepoint: 13273 ns, Total: 79607 ns
[2024-02-20T00:34:39.445+0000][7][gc,start    ] GC(34) Pause Young (Normal) (G1 Evacuation Pause)
[2024-02-20T00:34:39.445+0000][7][gc,task     ] GC(34) Using 8 workers of 8 for evacuation
[2024-02-20T00:34:39.445+0000][7][gc,age      ] GC(34) Desired survivor size 41943040 bytes, new threshold 15 (max threshold 15)
[2024-02-20T00:34:39.449+0000][7][gc,phases   ] GC(34)   Pre Evacuate Collection Set: 0.1ms
[2024-02-20T00:34:39.449+0000][7][gc,phases   ] GC(34)   Merge Heap Roots: 0.1ms
[2024-02-20T00:34:39.449+0000][7][gc,phases   ] GC(34)   Evacuate Collection Set: 2.1ms
[2024-02-20T00:34:39.449+0000][7][gc,phases   ] GC(34)   Post Evacuate Collection Set: 0.8ms
[2024-02-20T00:34:39.449+0000][7][gc,phases   ] GC(34)   Other: 0.1ms
[2024-02-20T00:34:39.449+0000][7][gc,age      ] GC(34) Age table with threshold 15 (max threshold 15)
[2024-02-20T00:34:39.449+0000][7][gc,age      ] GC(34) - age   1:     371904 bytes,     371904 total
[2024-02-20T00:34:39.449+0000][7][gc,age      ] GC(34) - age   2:      48968 bytes,     420872 total
[2024-02-20T00:34:39.449+0000][7][gc,age      ] GC(34) - age   3:     185752 bytes,     606624 total
[2024-02-20T00:34:39.449+0000][7][gc,age      ] GC(34) - age   4:     103712 bytes,     710336 total
[2024-02-20T00:34:39.449+0000][7][gc,age      ] GC(34) - age   5:     156656 bytes,     866992 total
[2024-02-20T00:34:39.449+0000][7][gc,age      ] GC(34) - age   6:       3584 bytes,     870576 total
[2024-02-20T00:34:39.449+0000][7][gc,age      ] GC(34) - age   7:       3688 bytes,     874264 total
[2024-02-20T00:34:39.449+0000][7][gc,age      ] GC(34) - age   8:       5672 bytes,     879936 total
[2024-02-20T00:34:39.449+0000][7][gc,age      ] GC(34) - age   9:      34800 bytes,     914736 total
[2024-02-20T00:34:39.449+0000][7][gc,age      ] GC(34) - age  10:      14000 bytes,     928736 total
[2024-02-20T00:34:39.449+0000][7][gc,age      ] GC(34) - age  11:    1161192 bytes,    2089928 total
[2024-02-20T00:34:39.449+0000][7][gc,age      ] GC(34) - age  12:       8048 bytes,    2097976 total
[2024-02-20T00:34:39.449+0000][7][gc,age      ] GC(34) - age  13:      10112 bytes,    2108088 total
[2024-02-20T00:34:39.449+0000][7][gc,age      ] GC(34) - age  14:       7920 bytes,    2116008 total
[2024-02-20T00:34:39.449+0000][7][gc,age      ] GC(34) - age  15:       6440 bytes,    2122448 total
[2024-02-20T00:34:39.449+0000][7][gc,heap     ] GC(34) Eden regions: 152->0(152)
[2024-02-20T00:34:39.449+0000][7][gc,heap     ] GC(34) Survivor regions: 1->1(20)
[2024-02-20T00:34:39.449+0000][7][gc,heap     ] GC(34) Old regions: 23->23
[2024-02-20T00:34:39.449+0000][7][gc,heap     ] GC(34) Archive regions: 2->2
[2024-02-20T00:34:39.449+0000][7][gc,heap     ] GC(34) Humongous regions: 0->0
[2024-02-20T00:34:39.449+0000][7][gc,metaspace] GC(34) Metaspace: 127510K(131136K)->127510K(131136K) NonClass: 110682K(112512K)->110682K(112512K) Class: 16827K(18624K)->16827K(18624K)
[2024-02-20T00:34:39.449+0000][7][gc          ] GC(34) Pause Young (Normal) (G1 Evacuation Pause) 703M->94M(1024M) 3.576ms
[2024-02-20T00:34:39.449+0000][7][gc,cpu      ] GC(34) User=0.02s Sys=0.00s Real=0.00s
[2024-02-20T00:34:39.449+0000][7][safepoint   ] Safepoint "G1CollectForAllocation", Time since last: 27426421970 ns, Reaching safepoint: 56538 ns, At safepoint: 3664277 ns, Total: 3720815 ns
[2024-02-20T00:34:44.450+0000][7][safepoint   ] Safepoint "Cleanup", Time since last: 5000769592 ns, Reaching safepoint: 83805 ns, At safepoint: 7242 ns, Total: 91047 ns
[2024-02-20T00:36:14.458+0000][7][safepoint   ] Safepoint "Cleanup", Time since last: 90008008596 ns, Reaching safepoint: 70195 ns, At safepoint: 8088 ns, Total: 78283 ns
[2024-02-20T00:36:23.459+0000][7][safepoint   ] Safepoint "Cleanup", Time since last: 9000865830 ns, Reaching safepoint: 80030 ns, At safepoint: 5293 ns, Total: 85323 ns
[2024-02-20T00:36:43.461+0000][7][safepoint   ] Safepoint "Cleanup", Time since last: 20001989064 ns, Reaching safepoint: 78849 ns, At safepoint: 9920 ns, Total: 88769 ns
[2024-02-20T00:36:44.461+0000][7][safepoint   ] Safepoint "Cleanup", Time since last: 1000155705 ns, Reaching safepoint: 76464 ns, At safepoint: 14254 ns, Total: 90718 ns
[2024-02-20T00:36:47.462+0000][7][safepoint   ] Safepoint "Cleanup", Time since last: 3000386156 ns, Reaching safepoint: 104961 ns, At safepoint: 7245 ns, Total: 112206 ns
[2024-02-20T00:37:10.464+0000][7][safepoint   ] Safepoint "Cleanup", Time since last: 23002504129 ns, Reaching safepoint: 68179 ns, At safepoint: 3889 ns, Total: 72068 ns
[2024-02-20T00:37:11.464+0000][7][safepoint   ] Safepoint "Cleanup", Time since last: 1000158772 ns, Reaching safepoint: 50469 ns, At safepoint: 5169 ns, Total: 55638 ns
[2024-02-20T00:37:26.466+0000][7][safepoint   ] Safepoint "Cleanup", Time since last: 15001636464 ns, Reaching safepoint: 93338 ns, At safepoint: 5076 ns, Total: 98414 ns
[2024-02-20T00:37:44.468+0000][7][safepoint   ] Safepoint "Cleanup", Time since last: 18001578956 ns, Reaching safepoint: 76674 ns, At safepoint: 5391 ns, Total: 82065 ns
[2024-02-20T00:37:47.468+0000][7][safepoint   ] Safepoint "Cleanup", Time since last: 3000250139 ns, Reaching safepoint: 103112 ns, At safepoint: 7415 ns, Total: 110527 ns
[2024-02-20T00:38:05.470+0000][7][safepoint   ] Safepoint "Cleanup", Time since last: 18001834707 ns, Reaching safepoint: 95113 ns, At safepoint: 5687 ns, Total: 100800 ns
[2024-02-20T00:38:09.471+0000][7][safepoint   ] Safepoint "Cleanup", Time since last: 4000491646 ns, Reaching safepoint: 183134 ns, At safepoint: 20300 ns, Total: 203434 ns
[2024-02-20T00:38:17.012+0000][7][gc,start    ] GC(35) Pause Young (Normal) (G1 Evacuation Pause)
[2024-02-20T00:38:17.012+0000][7][gc,task     ] GC(35) Using 8 workers of 8 for evacuation
[2024-02-20T00:38:17.012+0000][7][gc,age      ] GC(35) Desired survivor size 41943040 bytes, new threshold 15 (max threshold 15)
[2024-02-20T00:38:17.016+0000][7][gc,phases   ] GC(35)   Pre Evacuate Collection Set: 0.1ms
[2024-02-20T00:38:17.016+0000][7][gc,phases   ] GC(35)   Merge Heap Roots: 0.1ms
[2024-02-20T00:38:17.016+0000][7][gc,phases   ] GC(35)   Evacuate Collection Set: 2.6ms
[2024-02-20T00:38:17.016+0000][7][gc,phases   ] GC(35)   Post Evacuate Collection Set: 0.8ms
[2024-02-20T00:38:17.016+0000][7][gc,phases   ] GC(35)   Other: 0.1ms
[2024-02-20T00:38:17.016+0000][7][gc,age      ] GC(35) Age table with threshold 15 (max threshold 15)
[2024-02-20T00:38:17.016+0000][7][gc,age      ] GC(35) - age   1:    1324352 bytes,    1324352 total
[2024-02-20T00:38:17.016+0000][7][gc,age      ] GC(35) - age   2:      12000 bytes,    1336352 total
[2024-02-20T00:38:17.016+0000][7][gc,age      ] GC(35) - age   3:      46784 bytes,    1383136 total
[2024-02-20T00:38:17.016+0000][7][gc,age      ] GC(35) - age   4:     185432 bytes,    1568568 total
[2024-02-20T00:38:17.016+0000][7][gc,age      ] GC(35) - age   5:     103712 bytes,    1672280 total
[2024-02-20T00:38:17.016+0000][7][gc,age      ] GC(35) - age   6:     139824 bytes,    1812104 total
[2024-02-20T00:38:17.016+0000][7][gc,age      ] GC(35) - age   7:       3584 bytes,    1815688 total
[2024-02-20T00:38:17.016+0000][7][gc,age      ] GC(35) - age   8:       3688 bytes,    1819376 total
[2024-02-20T00:38:17.016+0000][7][gc,age      ] GC(35) - age   9:       5672 bytes,    1825048 total
[2024-02-20T00:38:17.016+0000][7][gc,age      ] GC(35) - age  10:      34800 bytes,    1859848 total
[2024-02-20T00:38:17.016+0000][7][gc,age      ] GC(35) - age  11:      10424 bytes,    1870272 total
[2024-02-20T00:38:17.016+0000][7][gc,age      ] GC(35) - age  12:    1145040 bytes,    3015312 total
[2024-02-20T00:38:17.016+0000][7][gc,age      ] GC(35) - age  13:       8048 bytes,    3023360 total
[2024-02-20T00:38:17.016+0000][7][gc,age      ] GC(35) - age  14:      10112 bytes,    3033472 total
[2024-02-20T00:38:17.016+0000][7][gc,age      ] GC(35) - age  15:       7920 bytes,    3041392 total
[2024-02-20T00:38:17.016+0000][7][gc,heap     ] GC(35) Eden regions: 152->0(152)
[2024-02-20T00:38:17.016+0000][7][gc,heap     ] GC(35) Survivor regions: 1->1(20)
[2024-02-20T00:38:17.016+0000][7][gc,heap     ] GC(35) Old regions: 23->23
[2024-02-20T00:38:17.016+0000][7][gc,heap     ] GC(35) Archive regions: 2->2
[2024-02-20T00:38:17.016+0000][7][gc,heap     ] GC(35) Humongous regions: 0->0
[2024-02-20T00:38:17.016+0000][7][gc,metaspace] GC(35) Metaspace: 127522K(131136K)->127522K(131136K) NonClass: 110695K(112512K)->110695K(112512K) Class: 16827K(18624K)->16827K(18624K)
[2024-02-20T00:38:17.016+0000][7][gc          ] GC(35) Pause Young (Normal) (G1 Evacuation Pause) 702M->95M(1024M) 3.947ms
[2024-02-20T00:38:17.016+0000][7][gc,cpu      ] GC(35) User=0.02s Sys=0.00s Real=0.00s
[2024-02-20T00:38:17.016+0000][7][safepoint   ] Safepoint "G1CollectForAllocation", Time since last: 7541034107 ns, Reaching safepoint: 103318 ns, At safepoint: 4041249 ns, Total: 4144567 ns
[2024-02-20T00:38:35.018+0000][7][safepoint   ] Safepoint "Cleanup", Time since last: 18001992744 ns, Reaching safepoint: 88889 ns, At safepoint: 7804 ns, Total: 96693 ns
[2024-02-20T00:38:40.019+0000][7][safepoint   ] Safepoint "Cleanup", Time since last: 5000565924 ns, Reaching safepoint: 81366 ns, At safepoint: 8590 ns, Total: 89956 ns
[2024-02-20T00:38:44.019+0000][7][safepoint   ] Safepoint "Cleanup", Time since last: 4000384616 ns, Reaching safepoint: 69349 ns, At safepoint: 6197 ns, Total: 75546 ns
[2024-02-20T00:38:47.020+0000][7][safepoint   ] Safepoint "Cleanup", Time since last: 3000489815 ns, Reaching safepoint: 119213 ns, At safepoint: 8477 ns, Total: 127690 ns
[2024-02-20T00:39:04.022+0000][7][safepoint   ] Safepoint "Cleanup", Time since last: 17001781581 ns, Reaching safepoint: 70636 ns, At safepoint: 5733 ns, Total: 76369 ns
[2024-02-20T00:39:12.022+0000][7][safepoint   ] Safepoint "Cleanup", Time since last: 8000619085 ns, Reaching safepoint: 90280 ns, At safepoint: 9032 ns, Total: 99312 ns
[2024-02-20T00:39:35.025+0000][7][safepoint   ] Safepoint "Cleanup", Time since last: 23002451760 ns, Reaching safepoint: 107203 ns, At safepoint: 26193 ns, Total: 133396 ns
[2024-02-20T00:39:44.026+0000][7][safepoint   ] Safepoint "Cleanup", Time since last: 9000985087 ns, Reaching safepoint: 69228 ns, At safepoint: 5840 ns, Total: 75068 ns
[2024-02-20T00:40:12.028+0000][7][safepoint   ] Safepoint "Cleanup", Time since last: 28002366999 ns, Reaching safepoint: 60876 ns, At safepoint: 12206 ns, Total: 73082 ns
[2024-02-20T00:40:33.031+0000][7][safepoint   ] Safepoint "Cleanup", Time since last: 21002151208 ns, Reaching safepoint: 78159 ns, At safepoint: 6001 ns, Total: 84160 ns
[2024-02-20T00:40:44.032+0000][7][safepoint   ] Safepoint "Cleanup", Time since last: 11000976038 ns, Reaching safepoint: 75089 ns, At safepoint: 7993 ns, Total: 83082 ns
[2024-02-20T00:40:54.033+0000][7][safepoint   ] Safepoint "Cleanup", Time since last: 10001091329 ns, Reaching safepoint: 86732 ns, At safepoint: 17007 ns, Total: 103739 ns
[2024-02-20T00:41:10.035+0000][7][safepoint   ] Safepoint "Cleanup", Time since last: 16001599065 ns, Reaching safepoint: 81910 ns, At safepoint: 37927 ns, Total: 119837 ns
[2024-02-20T00:41:16.898+0000][7][safepoint   ] Safepoint "Cleanup", Time since last: 6863736703 ns, Reaching safepoint: 111175 ns, At safepoint: 7150 ns, Total: 118325 ns
[2024-02-20T00:41:35.900+0000][7][safepoint   ] Safepoint "Cleanup", Time since last: 19001441624 ns, Reaching safepoint: 82513 ns, At safepoint: 13710 ns, Total: 96223 ns
[2024-02-20T00:41:43.901+0000][7][safepoint   ] Safepoint "Cleanup", Time since last: 8000813591 ns, Reaching safepoint: 46990 ns, At safepoint: 3332 ns, Total: 50322 ns
[2024-02-20T00:41:44.901+0000][7][safepoint   ] Safepoint "Cleanup", Time since last: 1000130185 ns, Reaching safepoint: 50201 ns, At safepoint: 5052 ns, Total: 55253 ns
[2024-02-20T00:41:46.993+0000][7][gc,start    ] GC(36) Pause Young (Normal) (G1 Evacuation Pause)
[2024-02-20T00:41:46.993+0000][7][gc,task     ] GC(36) Using 8 workers of 8 for evacuation
[2024-02-20T00:41:46.993+0000][7][gc,age      ] GC(36) Desired survivor size 41943040 bytes, new threshold 15 (max threshold 15)
[2024-02-20T00:41:46.996+0000][7][gc,phases   ] GC(36)   Pre Evacuate Collection Set: 0.1ms
[2024-02-20T00:41:46.996+0000][7][gc,phases   ] GC(36)   Merge Heap Roots: 0.1ms
[2024-02-20T00:41:46.996+0000][7][gc,phases   ] GC(36)   Evacuate Collection Set: 1.9ms
[2024-02-20T00:41:46.996+0000][7][gc,phases   ] GC(36)   Post Evacuate Collection Set: 1.0ms
[2024-02-20T00:41:46.996+0000][7][gc,phases   ] GC(36)   Other: 0.1ms
[2024-02-20T00:41:46.996+0000][7][gc,age      ] GC(36) Age table with threshold 15 (max threshold 15)
[2024-02-20T00:41:46.996+0000][7][gc,age      ] GC(36) - age   1:     441824 bytes,     441824 total
[2024-02-20T00:41:46.996+0000][7][gc,age      ] GC(36) - age   2:      31592 bytes,     473416 total
[2024-02-20T00:41:46.996+0000][7][gc,age      ] GC(36) - age   3:       3088 bytes,     476504 total
[2024-02-20T00:41:46.996+0000][7][gc,age      ] GC(36) - age   4:      42448 bytes,     518952 total
[2024-02-20T00:41:46.996+0000][7][gc,age      ] GC(36) - age   5:     185432 bytes,     704384 total
[2024-02-20T00:41:46.996+0000][7][gc,age      ] GC(36) - age   6:     103712 bytes,     808096 total
[2024-02-20T00:41:46.996+0000][7][gc,age      ] GC(36) - age   7:     139608 bytes,     947704 total
[2024-02-20T00:41:46.996+0000][7][gc,age      ] GC(36) - age   8:       3584 bytes,     951288 total
[2024-02-20T00:41:46.996+0000][7][gc,age      ] GC(36) - age   9:       3688 bytes,     954976 total
[2024-02-20T00:41:46.996+0000][7][gc,age      ] GC(36) - age  10:       5672 bytes,     960648 total
[2024-02-20T00:41:46.996+0000][7][gc,age      ] GC(36) - age  11:      34800 bytes,     995448 total
[2024-02-20T00:41:46.996+0000][7][gc,age      ] GC(36) - age  12:      10424 bytes,    1005872 total
[2024-02-20T00:41:46.996+0000][7][gc,age      ] GC(36) - age  13:    1145040 bytes,    2150912 total
[2024-02-20T00:41:46.996+0000][7][gc,age      ] GC(36) - age  14:       8048 bytes,    2158960 total
[2024-02-20T00:41:46.996+0000][7][gc,age      ] GC(36) - age  15:      10112 bytes,    2169072 total
[2024-02-20T00:41:46.996+0000][7][gc,heap     ] GC(36) Eden regions: 152->0(152)
[2024-02-20T00:41:46.996+0000][7][gc,heap     ] GC(36) Survivor regions: 1->1(20)
[2024-02-20T00:41:46.996+0000][7][gc,heap     ] GC(36) Old regions: 23->23
[2024-02-20T00:41:46.996+0000][7][gc,heap     ] GC(36) Archive regions: 2->2
[2024-02-20T00:41:46.996+0000][7][gc,heap     ] GC(36) Humongous regions: 0->0
[2024-02-20T00:41:46.996+0000][7][gc,metaspace] GC(36) Metaspace: 127533K(131200K)->127533K(131200K) NonClass: 110705K(112576K)->110705K(112576K) Class: 16827K(18624K)->16827K(18624K)
[2024-02-20T00:41:46.996+0000][7][gc          ] GC(36) Pause Young (Normal) (G1 Evacuation Pause) 703M->94M(1024M) 3.273ms
[2024-02-20T00:41:46.996+0000][7][gc,cpu      ] GC(36) User=0.01s Sys=0.00s Real=0.00s
[2024-02-20T00:41:46.996+0000][7][safepoint   ] Safepoint "G1CollectForAllocation", Time since last: 2091634666 ns, Reaching safepoint: 48013 ns, At safepoint: 3341541 ns, Total: 3389554 ns
[2024-02-20T00:41:53.997+0000][7][safepoint   ] Safepoint "Cleanup", Time since last: 7000574546 ns, Reaching safepoint: 67548 ns, At safepoint: 7166 ns, Total: 74714 ns
[2024-02-20T00:42:05.998+0000][7][safepoint   ] Safepoint "Cleanup", Time since last: 12001129235 ns, Reaching safepoint: 46097 ns, At safepoint: 3412 ns, Total: 49509 ns
[2024-02-20T00:42:11.998+0000][7][safepoint   ] Safepoint "Cleanup", Time since last: 6000507840 ns, Reaching safepoint: 69543 ns, At safepoint: 7179 ns, Total: 76722 ns
[2024-02-20T00:42:44.002+0000][7][safepoint   ] Safepoint "Cleanup", Time since last: 32003116528 ns, Reaching safepoint: 91803 ns, At safepoint: 21079 ns, Total: 112882 ns
[2024-02-20T00:44:44.012+0000][7][safepoint   ] Safepoint "Cleanup", Time since last: 120010300759 ns, Reaching safepoint: 72609 ns, At safepoint: 12000 ns, Total: 84609 ns
[2024-02-20T00:45:23.076+0000][7][gc,start    ] GC(37) Pause Young (Normal) (G1 Evacuation Pause)
[2024-02-20T00:45:23.076+0000][7][gc,task     ] GC(37) Using 8 workers of 8 for evacuation
[2024-02-20T00:45:23.076+0000][7][gc,age      ] GC(37) Desired survivor size 41943040 bytes, new threshold 15 (max threshold 15)
[2024-02-20T00:45:23.080+0000][7][gc,phases   ] GC(37)   Pre Evacuate Collection Set: 0.1ms
[2024-02-20T00:45:23.080+0000][7][gc,phases   ] GC(37)   Merge Heap Roots: 0.1ms
[2024-02-20T00:45:23.080+0000][7][gc,phases   ] GC(37)   Evacuate Collection Set: 2.5ms
[2024-02-20T00:45:23.080+0000][7][gc,phases   ] GC(37)   Post Evacuate Collection Set: 1.4ms
[2024-02-20T00:45:23.080+0000][7][gc,phases   ] GC(37)   Other: 0.1ms
[2024-02-20T00:45:23.080+0000][7][gc,age      ] GC(37) Age table with threshold 15 (max threshold 15)
[2024-02-20T00:45:23.080+0000][7][gc,age      ] GC(37) - age   1:    1024672 bytes,    1024672 total
[2024-02-20T00:45:23.080+0000][7][gc,age      ] GC(37) - age   2:       6800 bytes,    1031472 total
[2024-02-20T00:45:23.080+0000][7][gc,age      ] GC(37) - age   3:      21656 bytes,    1053128 total
[2024-02-20T00:45:23.080+0000][7][gc,age      ] GC(37) - age   4:       3024 bytes,    1056152 total
[2024-02-20T00:45:23.080+0000][7][gc,age      ] GC(37) - age   5:      42136 bytes,    1098288 total
[2024-02-20T00:45:23.080+0000][7][gc,age      ] GC(37) - age   6:     185432 bytes,    1283720 total
[2024-02-20T00:45:23.080+0000][7][gc,age      ] GC(37) - age   7:     103712 bytes,    1387432 total
[2024-02-20T00:45:23.080+0000][7][gc,age      ] GC(37) - age   8:     139608 bytes,    1527040 total
[2024-02-20T00:45:23.081+0000][7][gc,age      ] GC(37) - age   9:       3584 bytes,    1530624 total
[2024-02-20T00:45:23.081+0000][7][gc,age      ] GC(37) - age  10:       3688 bytes,    1534312 total
[2024-02-20T00:45:23.081+0000][7][gc,age      ] GC(37) - age  11:       5672 bytes,    1539984 total
[2024-02-20T00:45:23.081+0000][7][gc,age      ] GC(37) - age  12:      34800 bytes,    1574784 total
[2024-02-20T00:45:23.081+0000][7][gc,age      ] GC(37) - age  13:      10424 bytes,    1585208 total
[2024-02-20T00:45:23.081+0000][7][gc,age      ] GC(37) - age  14:    1145040 bytes,    2730248 total
[2024-02-20T00:45:23.081+0000][7][gc,age      ] GC(37) - age  15:       8048 bytes,    2738296 total
[2024-02-20T00:45:23.081+0000][7][gc,heap     ] GC(37) Eden regions: 152->0(152)
[2024-02-20T00:45:23.081+0000][7][gc,heap     ] GC(37) Survivor regions: 1->1(20)
[2024-02-20T00:45:23.081+0000][7][gc,heap     ] GC(37) Old regions: 23->23
[2024-02-20T00:45:23.081+0000][7][gc,heap     ] GC(37) Archive regions: 2->2
[2024-02-20T00:45:23.081+0000][7][gc,heap     ] GC(37) Humongous regions: 0->0
[2024-02-20T00:45:23.081+0000][7][gc,metaspace] GC(37) Metaspace: 127554K(131200K)->127554K(131200K) NonClass: 110727K(112576K)->110727K(112576K) Class: 16827K(18624K)->16827K(18624K)
[2024-02-20T00:45:23.081+0000][7][gc          ] GC(37) Pause Young (Normal) (G1 Evacuation Pause) 702M->95M(1024M) 4.675ms
[2024-02-20T00:45:23.081+0000][7][gc,cpu      ] GC(37) User=0.02s Sys=0.00s Real=0.00s
[2024-02-20T00:45:23.081+0000][7][safepoint   ] Safepoint "G1CollectForAllocation", Time since last: 39063763444 ns, Reaching safepoint: 87348 ns, At safepoint: 4834917 ns, Total: 4922265 ns
[2024-02-20T00:45:44.083+0000][7][safepoint   ] Safepoint "Cleanup", Time since last: 21001694950 ns, Reaching safepoint: 42771 ns, At safepoint: 3686 ns, Total: 46457 ns
[2024-02-20T00:45:53.083+0000][7][safepoint   ] Safepoint "Cleanup", Time since last: 9000738242 ns, Reaching safepoint: 72019 ns, At safepoint: 7111 ns, Total: 79130 ns
[2024-02-20T00:46:44.088+0000][7][safepoint   ] Safepoint "Cleanup", Time since last: 51004497104 ns, Reaching safepoint: 49932 ns, At safepoint: 4874 ns, Total: 54806 ns
[2024-02-20T00:46:59.089+0000][7][safepoint   ] Safepoint "Cleanup", Time since last: 15001537136 ns, Reaching safepoint: 58488 ns, At safepoint: 4154 ns, Total: 62642 ns
[2024-02-20T00:47:05.090+0000][7][safepoint   ] Safepoint "Cleanup", Time since last: 6000451668 ns, Reaching safepoint: 51145 ns, At safepoint: 4850 ns, Total: 55995 ns
[2024-02-20T00:47:06.090+0000][7][safepoint   ] Safepoint "Cleanup", Time since last: 1000124049 ns, Reaching safepoint: 55998 ns, At safepoint: 5265 ns, Total: 61263 ns
[2024-02-20T00:48:05.095+0000][7][safepoint   ] Safepoint "Cleanup", Time since last: 59005061266 ns, Reaching safepoint: 62896 ns, At safepoint: 4963 ns, Total: 67859 ns
[2024-02-20T00:48:17.096+0000][7][safepoint   ] Safepoint "Cleanup", Time since last: 12001101313 ns, Reaching safepoint: 61549 ns, At safepoint: 8758 ns, Total: 70307 ns
[2024-02-20T00:48:40.099+0000][7][safepoint   ] Safepoint "Cleanup", Time since last: 23001961414 ns, Reaching safepoint: 62924 ns, At safepoint: 32227 ns, Total: 95151 ns
[2024-02-20T00:48:59.020+0000][7][gc,start    ] GC(38) Pause Young (Normal) (G1 Evacuation Pause)
[2024-02-20T00:48:59.020+0000][7][gc,task     ] GC(38) Using 8 workers of 8 for evacuation
[2024-02-20T00:48:59.020+0000][7][gc,age      ] GC(38) Desired survivor size 41943040 bytes, new threshold 15 (max threshold 15)
[2024-02-20T00:48:59.022+0000][7][gc,phases   ] GC(38)   Pre Evacuate Collection Set: 0.1ms
[2024-02-20T00:48:59.022+0000][7][gc,phases   ] GC(38)   Merge Heap Roots: 0.0ms
[2024-02-20T00:48:59.022+0000][7][gc,phases   ] GC(38)   Evacuate Collection Set: 1.6ms
[2024-02-20T00:48:59.022+0000][7][gc,phases   ] GC(38)   Post Evacuate Collection Set: 0.5ms
[2024-02-20T00:48:59.022+0000][7][gc,phases   ] GC(38)   Other: 0.1ms
[2024-02-20T00:48:59.022+0000][7][gc,age      ] GC(38) Age table with threshold 15 (max threshold 15)
[2024-02-20T00:48:59.022+0000][7][gc,age      ] GC(38) - age   1:     927232 bytes,     927232 total
[2024-02-20T00:48:59.022+0000][7][gc,age      ] GC(38) - age   2:      12000 bytes,     939232 total
[2024-02-20T00:48:59.022+0000][7][gc,age      ] GC(38) - age   3:       6072 bytes,     945304 total
[2024-02-20T00:48:59.022+0000][7][gc,age      ] GC(38) - age   4:      21528 bytes,     966832 total
[2024-02-20T00:48:59.022+0000][7][gc,age      ] GC(38) - age   5:       2840 bytes,     969672 total
[2024-02-20T00:48:59.022+0000][7][gc,age      ] GC(38) - age   6:      42136 bytes,    1011808 total
[2024-02-20T00:48:59.022+0000][7][gc,age      ] GC(38) - age   7:     185432 bytes,    1197240 total
[2024-02-20T00:48:59.022+0000][7][gc,age      ] GC(38) - age   8:     103712 bytes,    1300952 total
[2024-02-20T00:48:59.022+0000][7][gc,age      ] GC(38) - age   9:     139608 bytes,    1440560 total
[2024-02-20T00:48:59.022+0000][7][gc,age      ] GC(38) - age  10:       3584 bytes,    1444144 total
[2024-02-20T00:48:59.022+0000][7][gc,age      ] GC(38) - age  11:       3688 bytes,    1447832 total
[2024-02-20T00:48:59.022+0000][7][gc,age      ] GC(38) - age  12:       5672 bytes,    1453504 total
[2024-02-20T00:48:59.022+0000][7][gc,age      ] GC(38) - age  13:      34800 bytes,    1488304 total
[2024-02-20T00:48:59.022+0000][7][gc,age      ] GC(38) - age  14:      10424 bytes,    1498728 total
[2024-02-20T00:48:59.022+0000][7][gc,age      ] GC(38) - age  15:    1145040 bytes,    2643768 total
[2024-02-20T00:48:59.022+0000][7][gc,heap     ] GC(38) Eden regions: 152->0(152)
[2024-02-20T00:48:59.022+0000][7][gc,heap     ] GC(38) Survivor regions: 1->1(20)
[2024-02-20T00:48:59.022+0000][7][gc,heap     ] GC(38) Old regions: 23->23
[2024-02-20T00:48:59.022+0000][7][gc,heap     ] GC(38) Archive regions: 2->2
[2024-02-20T00:48:59.022+0000][7][gc,heap     ] GC(38) Humongous regions: 0->0
[2024-02-20T00:48:59.022+0000][7][gc,metaspace] GC(38) Metaspace: 127560K(131200K)->127560K(131200K) NonClass: 110733K(112576K)->110733K(112576K) Class: 16827K(18624K)->16827K(18624K)
[2024-02-20T00:48:59.022+0000][7][gc          ] GC(38) Pause Young (Normal) (G1 Evacuation Pause) 703M->95M(1024M) 2.468ms
[2024-02-20T00:48:59.023+0000][7][gc,cpu      ] GC(38) User=0.01s Sys=0.00s Real=0.01s
[2024-02-20T00:48:59.023+0000][7][safepoint   ] Safepoint "G1CollectForAllocation", Time since last: 18921411031 ns, Reaching safepoint: 40905 ns, At safepoint: 2533787 ns, Total: 2574692 ns
[2024-02-20T00:49:00.023+0000][7][safepoint   ] Safepoint "Cleanup", Time since last: 1000095955 ns, Reaching safepoint: 55506 ns, At safepoint: 3759 ns, Total: 59265 ns
[2024-02-20T00:49:06.023+0000][7][safepoint   ] Safepoint "Cleanup", Time since last: 6000562606 ns, Reaching safepoint: 87051 ns, At safepoint: 5697 ns, Total: 92748 ns
[2024-02-20T00:49:11.024+0000][7][safepoint   ] Safepoint "Cleanup", Time since last: 5000448315 ns, Reaching safepoint: 52802 ns, At safepoint: 19273 ns, Total: 72075 ns
[2024-02-20T00:49:12.024+0000][7][safepoint   ] Safepoint "Cleanup", Time since last: 1000110534 ns, Reaching safepoint: 82294 ns, At safepoint: 4948 ns, Total: 87242 ns
[2024-02-20T00:49:24.025+0000][7][safepoint   ] Safepoint "Cleanup", Time since last: 12000944114 ns, Reaching safepoint: 102579 ns, At safepoint: 7762 ns, Total: 110341 ns
[2024-02-20T00:49:40.026+0000][7][safepoint   ] Safepoint "Cleanup", Time since last: 16001158200 ns, Reaching safepoint: 88575 ns, At safepoint: 4796 ns, Total: 93371 ns
[2024-02-20T00:49:44.027+0000][7][safepoint   ] Safepoint "Cleanup", Time since last: 4000394210 ns, Reaching safepoint: 62026 ns, At safepoint: 2863 ns, Total: 64889 ns
[2024-02-20T00:50:05.029+0000][7][safepoint   ] Safepoint "Cleanup", Time since last: 21001837903 ns, Reaching safepoint: 156969 ns, At safepoint: 10149 ns, Total: 167118 ns
[2024-02-20T00:50:06.029+0000][7][safepoint   ] Safepoint "Cleanup", Time since last: 1000108410 ns, Reaching safepoint: 49288 ns, At safepoint: 3223 ns, Total: 52511 ns
[2024-02-20T00:50:18.030+0000][7][safepoint   ] Safepoint "Cleanup", Time since last: 12001039907 ns, Reaching safepoint: 93017 ns, At safepoint: 11211 ns, Total: 104228 ns
[2024-02-20T00:50:24.031+0000][7][safepoint   ] Safepoint "Cleanup", Time since last: 6000635943 ns, Reaching safepoint: 96082 ns, At safepoint: 9144 ns, Total: 105226 ns
[2024-02-20T00:50:44.033+0000][7][safepoint   ] Safepoint "Cleanup", Time since last: 20002220895 ns, Reaching safepoint: 49846 ns, At safepoint: 5122 ns, Total: 54968 ns
[2024-02-20T00:51:12.036+0000][7][safepoint   ] Safepoint "Cleanup", Time since last: 28002325651 ns, Reaching safepoint: 61798 ns, At safepoint: 5822 ns, Total: 67620 ns
[2024-02-20T00:51:17.036+0000][7][safepoint   ] Safepoint "Cleanup", Time since last: 5000647459 ns, Reaching safepoint: 134470 ns, At safepoint: 34322 ns, Total: 168792 ns
[2024-02-20T00:51:25.037+0000][7][safepoint   ] Safepoint "Cleanup", Time since last: 8000796191 ns, Reaching safepoint: 61149 ns, At safepoint: 4308 ns, Total: 65457 ns
[2024-02-20T00:51:42.039+0000][7][safepoint   ] Safepoint "Cleanup", Time since last: 17001612408 ns, Reaching safepoint: 59163 ns, At safepoint: 7705 ns, Total: 66868 ns
[2024-02-20T00:52:29.806+0000][7][gc,start    ] GC(39) Pause Young (Normal) (G1 Evacuation Pause)
[2024-02-20T00:52:29.806+0000][7][gc,task     ] GC(39) Using 8 workers of 8 for evacuation
[2024-02-20T00:52:29.806+0000][7][gc,age      ] GC(39) Desired survivor size 41943040 bytes, new threshold 15 (max threshold 15)
[2024-02-20T00:52:29.810+0000][7][gc,phases   ] GC(39)   Pre Evacuate Collection Set: 0.1ms
[2024-02-20T00:52:29.810+0000][7][gc,phases   ] GC(39)   Merge Heap Roots: 0.1ms
[2024-02-20T00:52:29.810+0000][7][gc,phases   ] GC(39)   Evacuate Collection Set: 2.6ms
[2024-02-20T00:52:29.810+0000][7][gc,phases   ] GC(39)   Post Evacuate Collection Set: 1.3ms
[2024-02-20T00:52:29.810+0000][7][gc,phases   ] GC(39)   Other: 0.1ms
[2024-02-20T00:52:29.810+0000][7][gc,age      ] GC(39) Age table with threshold 15 (max threshold 15)
[2024-02-20T00:52:29.810+0000][7][gc,age      ] GC(39) - age   1:    1209424 bytes,    1209424 total
[2024-02-20T00:52:29.810+0000][7][gc,age      ] GC(39) - age   2:       2208 bytes,    1211632 total
[2024-02-20T00:52:29.810+0000][7][gc,age      ] GC(39) - age   3:       9888 bytes,    1221520 total
[2024-02-20T00:52:29.810+0000][7][gc,age      ] GC(39) - age   4:       1592 bytes,    1223112 total
[2024-02-20T00:52:29.810+0000][7][gc,age      ] GC(39) - age   5:      21528 bytes,    1244640 total
[2024-02-20T00:52:29.810+0000][7][gc,age      ] GC(39) - age   6:       2448 bytes,    1247088 total
[2024-02-20T00:52:29.810+0000][7][gc,age      ] GC(39) - age   7:      42104 bytes,    1289192 total
[2024-02-20T00:52:29.810+0000][7][gc,age      ] GC(39) - age   8:     185432 bytes,    1474624 total
[2024-02-20T00:52:29.811+0000][7][gc,age      ] GC(39) - age   9:     103712 bytes,    1578336 total
[2024-02-20T00:52:29.811+0000][7][gc,age      ] GC(39) - age  10:     139608 bytes,    1717944 total
[2024-02-20T00:52:29.811+0000][7][gc,age      ] GC(39) - age  11:       3584 bytes,    1721528 total
[2024-02-20T00:52:29.811+0000][7][gc,age      ] GC(39) - age  12:       3688 bytes,    1725216 total
[2024-02-20T00:52:29.811+0000][7][gc,age      ] GC(39) - age  13:       5672 bytes,    1730888 total
[2024-02-20T00:52:29.811+0000][7][gc,age      ] GC(39) - age  14:      34800 bytes,    1765688 total
[2024-02-20T00:52:29.811+0000][7][gc,age      ] GC(39) - age  15:      10424 bytes,    1776112 total
[2024-02-20T00:52:29.811+0000][7][gc,heap     ] GC(39) Eden regions: 152->0(152)
[2024-02-20T00:52:29.811+0000][7][gc,heap     ] GC(39) Survivor regions: 1->1(20)
[2024-02-20T00:52:29.811+0000][7][gc,heap     ] GC(39) Old regions: 23->23
[2024-02-20T00:52:29.811+0000][7][gc,heap     ] GC(39) Archive regions: 2->2
[2024-02-20T00:52:29.811+0000][7][gc,heap     ] GC(39) Humongous regions: 0->0
[2024-02-20T00:52:29.811+0000][7][gc,metaspace] GC(39) Metaspace: 127567K(131200K)->127567K(131200K) NonClass: 110740K(112576K)->110740K(112576K) Class: 16827K(18624K)->16827K(18624K)
[2024-02-20T00:52:29.811+0000][7][gc          ] GC(39) Pause Young (Normal) (G1 Evacuation Pause) 703M->95M(1024M) 4.615ms
[2024-02-20T00:52:29.811+0000][7][gc,cpu      ] GC(39) User=0.02s Sys=0.00s Real=0.01s
[2024-02-20T00:52:29.811+0000][7][safepoint   ] Safepoint "G1CollectForAllocation", Time since last: 47766990867 ns, Reaching safepoint: 86004 ns, At safepoint: 4711948 ns, Total: 4797952 ns
[2024-02-20T00:52:43.812+0000][7][safepoint   ] Safepoint "Cleanup", Time since last: 14001658871 ns, Reaching safepoint: 105215 ns, At safepoint: 5185 ns, Total: 110400 ns
[2024-02-20T00:53:35.818+0000][7][safepoint   ] Safepoint "Cleanup", Time since last: 52005190545 ns, Reaching safepoint: 86097 ns, At safepoint: 20580 ns, Total: 106677 ns
[2024-02-20T00:53:39.818+0000][7][safepoint   ] Safepoint "Cleanup", Time since last: 4000378073 ns, Reaching safepoint: 51330 ns, At safepoint: 4316 ns, Total: 55646 ns
[2024-02-20T00:53:59.821+0000][7][safepoint   ] Safepoint "Cleanup", Time since last: 20002236299 ns, Reaching safepoint: 115599 ns, At safepoint: 7331 ns, Total: 122930 ns
[2024-02-20T00:54:06.822+0000][7][safepoint   ] Safepoint "Cleanup", Time since last: 7000969153 ns, Reaching safepoint: 101243 ns, At safepoint: 13464 ns, Total: 114707 ns
[2024-02-20T00:54:11.822+0000][7][safepoint   ] Safepoint "Cleanup", Time since last: 5000570552 ns, Reaching safepoint: 60504 ns, At safepoint: 32752 ns, Total: 93256 ns
[2024-02-20T00:54:18.823+0000][7][safepoint   ] Safepoint "Cleanup", Time since last: 7000763654 ns, Reaching safepoint: 127350 ns, At safepoint: 6842 ns, Total: 134192 ns
[2024-02-20T00:54:19.823+0000][7][safepoint   ] Safepoint "Cleanup", Time since last: 1000203440 ns, Reaching safepoint: 77417 ns, At safepoint: 17407 ns, Total: 94824 ns
[2024-02-20T00:54:34.825+0000][7][safepoint   ] Safepoint "Cleanup", Time since last: 15001488344 ns, Reaching safepoint: 87711 ns, At safepoint: 5014 ns, Total: 92725 ns
[2024-02-20T00:55:29.830+0000][7][safepoint   ] Safepoint "Cleanup", Time since last: 55004852655 ns, Reaching safepoint: 96919 ns, At safepoint: 7484 ns, Total: 104403 ns
[2024-02-20T00:55:43.831+0000][7][safepoint   ] Safepoint "Cleanup", Time since last: 14001210654 ns, Reaching safepoint: 76974 ns, At safepoint: 4228 ns, Total: 81202 ns
[2024-02-20T00:55:44.832+0000][7][safepoint   ] Safepoint "Cleanup", Time since last: 1000138282 ns, Reaching safepoint: 57634 ns, At safepoint: 5770 ns, Total: 63404 ns
[2024-02-20T00:55:56.833+0000][7][safepoint   ] Safepoint "Cleanup", Time since last: 12001584907 ns, Reaching safepoint: 102136 ns, At safepoint: 11810 ns, Total: 113946 ns
[2024-02-20T00:55:59.224+0000][7][gc,start    ] GC(40) Pause Young (Normal) (G1 Evacuation Pause)
[2024-02-20T00:55:59.224+0000][7][gc,task     ] GC(40) Using 8 workers of 8 for evacuation
[2024-02-20T00:55:59.224+0000][7][gc,age      ] GC(40) Desired survivor size 41943040 bytes, new threshold 15 (max threshold 15)
[2024-02-20T00:55:59.226+0000][7][gc,phases   ] GC(40)   Pre Evacuate Collection Set: 0.1ms
[2024-02-20T00:55:59.226+0000][7][gc,phases   ] GC(40)   Merge Heap Roots: 0.1ms
[2024-02-20T00:55:59.226+0000][7][gc,phases   ] GC(40)   Evacuate Collection Set: 1.6ms
[2024-02-20T00:55:59.227+0000][7][gc,phases   ] GC(40)   Post Evacuate Collection Set: 0.8ms
[2024-02-20T00:55:59.227+0000][7][gc,phases   ] GC(40)   Other: 0.1ms
[2024-02-20T00:55:59.227+0000][7][gc,age      ] GC(40) Age table with threshold 15 (max threshold 15)
[2024-02-20T00:55:59.227+0000][7][gc,age      ] GC(40) - age   1:     804120 bytes,     804120 total
[2024-02-20T00:55:59.227+0000][7][gc,age      ] GC(40) - age   2:       9256 bytes,     813376 total
[2024-02-20T00:55:59.227+0000][7][gc,age      ] GC(40) - age   3:        128 bytes,     813504 total
[2024-02-20T00:55:59.227+0000][7][gc,age      ] GC(40) - age   4:       9544 bytes,     823048 total
[2024-02-20T00:55:59.227+0000][7][gc,age      ] GC(40) - age   5:       1592 bytes,     824640 total
[2024-02-20T00:55:59.227+0000][7][gc,age      ] GC(40) - age   6:      21464 bytes,     846104 total
[2024-02-20T00:55:59.227+0000][7][gc,age      ] GC(40) - age   7:       2448 bytes,     848552 total
[2024-02-20T00:55:59.227+0000][7][gc,age      ] GC(40) - age   8:      42104 bytes,     890656 total
[2024-02-20T00:55:59.227+0000][7][gc,age      ] GC(40) - age   9:     185400 bytes,    1076056 total
[2024-02-20T00:55:59.227+0000][7][gc,age      ] GC(40) - age  10:     103712 bytes,    1179768 total
[2024-02-20T00:55:59.227+0000][7][gc,age      ] GC(40) - age  11:     139608 bytes,    1319376 total
[2024-02-20T00:55:59.227+0000][7][gc,age      ] GC(40) - age  12:       3584 bytes,    1322960 total
[2024-02-20T00:55:59.227+0000][7][gc,age      ] GC(40) - age  13:       3688 bytes,    1326648 total
[2024-02-20T00:55:59.227+0000][7][gc,age      ] GC(40) - age  14:       5672 bytes,    1332320 total
[2024-02-20T00:55:59.227+0000][7][gc,age      ] GC(40) - age  15:      34800 bytes,    1367120 total
[2024-02-20T00:55:59.227+0000][7][gc,heap     ] GC(40) Eden regions: 152->0(152)
[2024-02-20T00:55:59.227+0000][7][gc,heap     ] GC(40) Survivor regions: 1->1(20)
[2024-02-20T00:55:59.227+0000][7][gc,heap     ] GC(40) Old regions: 23->23
[2024-02-20T00:55:59.227+0000][7][gc,heap     ] GC(40) Archive regions: 2->2
[2024-02-20T00:55:59.227+0000][7][gc,heap     ] GC(40) Humongous regions: 0->0
[2024-02-20T00:55:59.227+0000][7][gc,metaspace] GC(40) Metaspace: 127579K(131200K)->127579K(131200K) NonClass: 110752K(112576K)->110752K(112576K) Class: 16827K(18624K)->16827K(18624K)
[2024-02-20T00:55:59.227+0000][7][gc          ] GC(40) Pause Young (Normal) (G1 Evacuation Pause) 703M->95M(1024M) 2.992ms
[2024-02-20T00:55:59.227+0000][7][gc,cpu      ] GC(40) User=0.01s Sys=0.00s Real=0.00s
[2024-02-20T00:55:59.227+0000][7][safepoint   ] Safepoint "G1CollectForAllocation", Time since last: 2390353833 ns, Reaching safepoint: 92664 ns, At safepoint: 3092038 ns, Total: 3184702 ns
[2024-02-20T00:56:44.232+0000][7][safepoint   ] Safepoint "Cleanup", Time since last: 45004712443 ns, Reaching safepoint: 120841 ns, At safepoint: 12378 ns, Total: 133219 ns
[2024-02-20T00:57:24.238+0000][7][safepoint   ] Safepoint "Cleanup", Time since last: 40006106183 ns, Reaching safepoint: 114027 ns, At safepoint: 7703 ns, Total: 121730 ns
[2024-02-20T00:57:26.238+0000][7][safepoint   ] Safepoint "Cleanup", Time since last: 2000318312 ns, Reaching safepoint: 103362 ns, At safepoint: 9387 ns, Total: 112749 ns
[2024-02-20T21:26:54.123+0000][7][safepoint   ] Safepoint "Cleanup", Time since last: 23972302666 ns, Reaching safepoint: 93574 ns, At safepoint: 4257 ns, Total: 97831 ns
[2024-02-20T21:26:55.123+0000][7][safepoint   ] Safepoint "Cleanup", Time since last: 1000112387 ns, Reaching safepoint: 129455 ns, At safepoint: 8095 ns, Total: 137550 ns
[2024-02-20T21:26:56.123+0000][7][safepoint   ] Safepoint "Cleanup", Time since last: 1000099423 ns, Reaching safepoint: 40453 ns, At safepoint: 3395 ns, Total: 43848 ns
[2024-02-20T21:26:57.123+0000][7][safepoint   ] Safepoint "Cleanup", Time since last: 1000116301 ns, Reaching safepoint: 36084 ns, At safepoint: 3184 ns, Total: 39268 ns
[2024-02-20T21:26:58.230+0000][7][safepoint   ] Safepoint "Cleanup", Time since last: 1106386345 ns, Reaching safepoint: 136663 ns, At safepoint: 3841 ns, Total: 140504 ns
[2024-02-20T21:27:00.230+0000][7][safepoint   ] Safepoint "Cleanup", Time since last: 2000254293 ns, Reaching safepoint: 59054 ns, At safepoint: 6263 ns, Total: 65317 ns
[2024-02-20T21:27:13.231+0000][7][safepoint   ] Safepoint "Cleanup", Time since last: 13001231007 ns, Reaching safepoint: 42981 ns, At safepoint: 9663 ns, Total: 52644 ns
[2024-02-20T21:27:18.232+0000][7][safepoint   ] Safepoint "Cleanup", Time since last: 5000568626 ns, Reaching safepoint: 73236 ns, At safepoint: 11617 ns, Total: 84853 ns
[2024-02-20T21:27:19.232+0000][7][safepoint   ] Safepoint "Cleanup", Time since last: 1000211452 ns, Reaching safepoint: 52474 ns, At safepoint: 6172 ns, Total: 58646 ns
[2024-02-20T21:27:27.233+0000][7][safepoint   ] Safepoint "Cleanup", Time since last: 8000741055 ns, Reaching safepoint: 60243 ns, At safepoint: 6917 ns, Total: 67160 ns
[2024-02-20T21:27:30.233+0000][7][safepoint   ] Safepoint "Cleanup", Time since last: 3000279788 ns, Reaching safepoint: 67851 ns, At safepoint: 3752 ns, Total: 71603 ns
[2024-02-20T21:27:36.234+0000][7][safepoint   ] Safepoint "Cleanup", Time since last: 6000409414 ns, Reaching safepoint: 93128 ns, At safepoint: 5619 ns, Total: 98747 ns
[2024-02-20T21:27:37.447+0000][7][safepoint   ] Safepoint "Cleanup", Time since last: 1212611511 ns, Reaching safepoint: 95168 ns, At safepoint: 5801 ns, Total: 100969 ns
[2024-02-20T21:27:39.447+0000][7][safepoint   ] Safepoint "Cleanup", Time since last: 2000239561 ns, Reaching safepoint: 57327 ns, At safepoint: 3687 ns, Total: 61014 ns
[2024-02-20T21:27:48.448+0000][7][safepoint   ] Safepoint "Cleanup", Time since last: 9000863604 ns, Reaching safepoint: 67902 ns, At safepoint: 4487 ns, Total: 72389 ns
[2024-02-20T21:27:57.449+0000][7][safepoint   ] Safepoint "Cleanup", Time since last: 9000988830 ns, Reaching safepoint: 44405 ns, At safepoint: 3475 ns, Total: 47880 ns
[2024-02-20T21:28:03.450+0000][7][safepoint   ] Safepoint "Cleanup", Time since last: 6000632126 ns, Reaching safepoint: 95647 ns, At safepoint: 12323 ns, Total: 107970 ns
[2024-02-20T21:28:06.450+0000][7][safepoint   ] Safepoint "Cleanup", Time since last: 3000324259 ns, Reaching safepoint: 72325 ns, At safepoint: 10319 ns, Total: 82644 ns
[2024-02-20T21:28:12.278+0000][7][gc,start    ] GC(41) Pause Young (Normal) (G1 Evacuation Pause)
[2024-02-20T21:28:12.278+0000][7][gc,task     ] GC(41) Using 8 workers of 8 for evacuation
[2024-02-20T21:28:12.278+0000][7][gc,age      ] GC(41) Desired survivor size 41943040 bytes, new threshold 15 (max threshold 15)
[2024-02-20T21:28:12.281+0000][7][gc,phases   ] GC(41)   Pre Evacuate Collection Set: 0.1ms
[2024-02-20T21:28:12.281+0000][7][gc,phases   ] GC(41)   Merge Heap Roots: 0.1ms
[2024-02-20T21:28:12.281+0000][7][gc,phases   ] GC(41)   Evacuate Collection Set: 2.3ms
[2024-02-20T21:28:12.281+0000][7][gc,phases   ] GC(41)   Post Evacuate Collection Set: 0.8ms
[2024-02-20T21:28:12.281+0000][7][gc,phases   ] GC(41)   Other: 0.1ms
[2024-02-20T21:28:12.281+0000][7][gc,age      ] GC(41) Age table with threshold 15 (max threshold 15)
[2024-02-20T21:28:12.281+0000][7][gc,age      ] GC(41) - age   1:    2169568 bytes,    2169568 total
[2024-02-20T21:28:12.281+0000][7][gc,age      ] GC(41) - age   2:       1648 bytes,    2171216 total
[2024-02-20T21:28:12.281+0000][7][gc,age      ] GC(41) - age   3:       6568 bytes,    2177784 total
[2024-02-20T21:28:12.281+0000][7][gc,age      ] GC(41) - age   5:       1528 bytes,    2179312 total
[2024-02-20T21:28:12.282+0000][7][gc,age      ] GC(41) - age   6:       1592 bytes,    2180904 total
[2024-02-20T21:28:12.282+0000][7][gc,age      ] GC(41) - age   7:      17688 bytes,    2198592 total
[2024-02-20T21:28:12.282+0000][7][gc,age      ] GC(41) - age   8:       2432 bytes,    2201024 total
[2024-02-20T21:28:12.282+0000][7][gc,age      ] GC(41) - age   9:       1496 bytes,    2202520 total
[2024-02-20T21:28:12.282+0000][7][gc,age      ] GC(41) - age  10:      44088 bytes,    2246608 total
[2024-02-20T21:28:12.282+0000][7][gc,age      ] GC(41) - age  11:      95104 bytes,    2341712 total
[2024-02-20T21:28:12.282+0000][7][gc,age      ] GC(41) - age  12:     139128 bytes,    2480840 total
[2024-02-20T21:28:12.282+0000][7][gc,age      ] GC(41) - age  13:       3584 bytes,    2484424 total
[2024-02-20T21:28:12.282+0000][7][gc,age      ] GC(41) - age  14:       3688 bytes,    2488112 total
[2024-02-20T21:28:12.282+0000][7][gc,age      ] GC(41) - age  15:       5672 bytes,    2493784 total
[2024-02-20T21:28:12.282+0000][7][gc,heap     ] GC(41) Eden regions: 152->0(152)
[2024-02-20T21:28:12.282+0000][7][gc,heap     ] GC(41) Survivor regions: 1->1(20)
[2024-02-20T21:28:12.282+0000][7][gc,heap     ] GC(41) Old regions: 23->23
[2024-02-20T21:28:12.282+0000][7][gc,heap     ] GC(41) Archive regions: 2->2
[2024-02-20T21:28:12.282+0000][7][gc,heap     ] GC(41) Humongous regions: 0->0
[2024-02-20T21:28:12.282+0000][7][gc,metaspace] GC(41) Metaspace: 127719K(131392K)->127719K(131392K) NonClass: 110873K(112704K)->110873K(112704K) Class: 16846K(18688K)->16846K(18688K)
[2024-02-20T21:28:12.282+0000][7][gc          ] GC(41) Pause Young (Normal) (G1 Evacuation Pause) 703M->96M(1024M) 3.784ms
[2024-02-20T21:28:12.282+0000][7][gc,cpu      ] GC(41) User=0.02s Sys=0.00s Real=0.01s
[2024-02-20T21:28:12.282+0000][7][safepoint   ] Safepoint "G1CollectForAllocation", Time since last: 5827604418 ns, Reaching safepoint: 167096 ns, At safepoint: 3887588 ns, Total: 4054684 ns
[2024-02-20T21:28:14.282+0000][7][safepoint   ] Safepoint "Cleanup", Time since last: 2000203688 ns, Reaching safepoint: 84786 ns, At safepoint: 10553 ns, Total: 95339 ns
[2024-02-20T21:28:42.285+0000][7][safepoint   ] Safepoint "Cleanup", Time since last: 28003326626 ns, Reaching safepoint: 61129 ns, At safepoint: 5507 ns, Total: 66636 ns
[2024-02-20T21:28:48.286+0000][7][safepoint   ] Safepoint "Cleanup", Time since last: 6000505550 ns, Reaching safepoint: 83912 ns, At safepoint: 23052 ns, Total: 106964 ns
[2024-02-20T21:29:06.288+0000][7][safepoint   ] Safepoint "Cleanup", Time since last: 18001533264 ns, Reaching safepoint: 68639 ns, At safepoint: 4540 ns, Total: 73179 ns
[2024-02-20T21:29:28.290+0000][7][safepoint   ] Safepoint "Cleanup", Time since last: 22002399865 ns, Reaching safepoint: 96039 ns, At safepoint: 14948 ns, Total: 110987 ns
[2024-02-20T21:29:43.292+0000][7][safepoint   ] Safepoint "Cleanup", Time since last: 15001441622 ns, Reaching safepoint: 88761 ns, At safepoint: 6155 ns, Total: 94916 ns
[2024-02-20T21:29:48.292+0000][7][safepoint   ] Safepoint "Cleanup", Time since last: 5000545053 ns, Reaching safepoint: 69836 ns, At safepoint: 5341 ns, Total: 75177 ns
[2024-02-20T21:30:44.299+0000][7][safepoint   ] Safepoint "Cleanup", Time since last: 56006123972 ns, Reaching safepoint: 82053 ns, At safepoint: 8574 ns, Total: 90627 ns
[2024-02-20T21:30:48.299+0000][7][safepoint   ] Safepoint "Cleanup", Time since last: 4000592544 ns, Reaching safepoint: 42649 ns, At safepoint: 3607 ns, Total: 46256 ns
[2024-02-20T21:31:48.678+0000][7][gc,start    ] GC(42) Pause Young (Normal) (G1 Evacuation Pause)
[2024-02-20T21:31:48.678+0000][7][gc,task     ] GC(42) Using 8 workers of 8 for evacuation
[2024-02-20T21:31:48.678+0000][7][gc,age      ] GC(42) Desired survivor size 41943040 bytes, new threshold 15 (max threshold 15)
[2024-02-20T21:31:48.681+0000][7][gc,phases   ] GC(42)   Pre Evacuate Collection Set: 0.1ms
[2024-02-20T21:31:48.681+0000][7][gc,phases   ] GC(42)   Merge Heap Roots: 0.1ms
[2024-02-20T21:31:48.681+0000][7][gc,phases   ] GC(42)   Evacuate Collection Set: 1.8ms
[2024-02-20T21:31:48.681+0000][7][gc,phases   ] GC(42)   Post Evacuate Collection Set: 0.8ms
[2024-02-20T21:31:48.681+0000][7][gc,phases   ] GC(42)   Other: 0.1ms
[2024-02-20T21:31:48.681+0000][7][gc,age      ] GC(42) Age table with threshold 15 (max threshold 15)
[2024-02-20T21:31:48.681+0000][7][gc,age      ] GC(42) - age   1:     967400 bytes,     967400 total
[2024-02-20T21:31:48.681+0000][7][gc,age      ] GC(42) - age   2:     689320 bytes,    1656720 total
[2024-02-20T21:31:48.681+0000][7][gc,age      ] GC(42) - age   3:        504 bytes,    1657224 total
[2024-02-20T21:31:48.681+0000][7][gc,age      ] GC(42) - age   4:       2392 bytes,    1659616 total
[2024-02-20T21:31:48.681+0000][7][gc,age      ] GC(42) - age   6:       1528 bytes,    1661144 total
[2024-02-20T21:31:48.681+0000][7][gc,age      ] GC(42) - age   7:       1560 bytes,    1662704 total
[2024-02-20T21:31:48.681+0000][7][gc,age      ] GC(42) - age   8:      17504 bytes,    1680208 total
[2024-02-20T21:31:48.681+0000][7][gc,age      ] GC(42) - age   9:       2432 bytes,    1682640 total
[2024-02-20T21:31:48.681+0000][7][gc,age      ] GC(42) - age  10:       1432 bytes,    1684072 total
[2024-02-20T21:31:48.681+0000][7][gc,age      ] GC(42) - age  11:      43896 bytes,    1727968 total
[2024-02-20T21:31:48.681+0000][7][gc,age      ] GC(42) - age  12:      95104 bytes,    1823072 total
[2024-02-20T21:31:48.681+0000][7][gc,age      ] GC(42) - age  13:     139128 bytes,    1962200 total
[2024-02-20T21:31:48.681+0000][7][gc,age      ] GC(42) - age  14:       3584 bytes,    1965784 total
[2024-02-20T21:31:48.681+0000][7][gc,age      ] GC(42) - age  15:       3688 bytes,    1969472 total
[2024-02-20T21:31:48.681+0000][7][gc,heap     ] GC(42) Eden regions: 152->0(152)
[2024-02-20T21:31:48.681+0000][7][gc,heap     ] GC(42) Survivor regions: 1->1(20)
[2024-02-20T21:31:48.682+0000][7][gc,heap     ] GC(42) Old regions: 23->23
[2024-02-20T21:31:48.682+0000][7][gc,heap     ] GC(42) Archive regions: 2->2
[2024-02-20T21:31:48.682+0000][7][gc,heap     ] GC(42) Humongous regions: 0->0
[2024-02-20T21:31:48.682+0000][7][gc,metaspace] GC(42) Metaspace: 127744K(131456K)->127744K(131456K) NonClass: 110896K(112768K)->110896K(112768K) Class: 16847K(18688K)->16847K(18688K)
[2024-02-20T21:31:48.682+0000][7][gc          ] GC(42) Pause Young (Normal) (G1 Evacuation Pause) 704M->96M(1024M) 3.337ms
[2024-02-20T21:31:48.682+0000][7][gc,cpu      ] GC(42) User=0.01s Sys=0.00s Real=0.01s
[2024-02-20T21:31:48.682+0000][7][safepoint   ] Safepoint "G1CollectForAllocation", Time since last: 60378924817 ns, Reaching safepoint: 84873 ns, At safepoint: 3439827 ns, Total: 3524700 ns
[2024-02-20T21:32:40.687+0000][7][safepoint   ] Safepoint "Cleanup", Time since last: 52005422614 ns, Reaching safepoint: 102158 ns, At safepoint: 10689 ns, Total: 112847 ns
[2024-02-20T21:32:49.689+0000][7][safepoint   ] Safepoint "Cleanup", Time since last: 9001374211 ns, Reaching safepoint: 61296 ns, At safepoint: 9390 ns, Total: 70686 ns
[2024-02-20T21:33:42.694+0000][7][safepoint   ] Safepoint "Cleanup", Time since last: 53005014967 ns, Reaching safepoint: 125078 ns, At safepoint: 7432 ns, Total: 132510 ns
[2024-02-20T21:33:43.694+0000][7][safepoint   ] Safepoint "Cleanup", Time since last: 1000157019 ns, Reaching safepoint: 78177 ns, At safepoint: 6112 ns, Total: 84289 ns
[2024-02-20T21:34:47.700+0000][7][safepoint   ] Safepoint "Cleanup", Time since last: 64006057973 ns, Reaching safepoint: 108745 ns, At safepoint: 13330 ns, Total: 122075 ns
[2024-02-20T21:35:00.702+0000][7][safepoint   ] Safepoint "Cleanup", Time since last: 13001379160 ns, Reaching safepoint: 83705 ns, At safepoint: 39677 ns, Total: 123382 ns
[2024-02-20T21:35:18.704+0000][7][safepoint   ] Safepoint "Cleanup", Time since last: 18001897382 ns, Reaching safepoint: 119310 ns, At safepoint: 10550 ns, Total: 129860 ns
[2024-02-20T21:35:19.156+0000][7][gc,start    ] GC(43) Pause Young (Normal) (G1 Evacuation Pause)
[2024-02-20T21:35:19.156+0000][7][gc,task     ] GC(43) Using 8 workers of 8 for evacuation
[2024-02-20T21:35:19.157+0000][7][gc,age      ] GC(43) Desired survivor size 41943040 bytes, new threshold 15 (max threshold 15)
[2024-02-20T21:35:19.160+0000][7][gc,phases   ] GC(43)   Pre Evacuate Collection Set: 0.1ms
[2024-02-20T21:35:19.160+0000][7][gc,phases   ] GC(43)   Merge Heap Roots: 0.1ms
[2024-02-20T21:35:19.160+0000][7][gc,phases   ] GC(43)   Evacuate Collection Set: 2.0ms
[2024-02-20T21:35:19.160+0000][7][gc,phases   ] GC(43)   Post Evacuate Collection Set: 1.0ms
[2024-02-20T21:35:19.160+0000][7][gc,phases   ] GC(43)   Other: 0.1ms
[2024-02-20T21:35:19.160+0000][7][gc,age      ] GC(43) Age table with threshold 15 (max threshold 15)
[2024-02-20T21:35:19.160+0000][7][gc,age      ] GC(43) - age   1:    1567344 bytes,    1567344 total
[2024-02-20T21:35:19.160+0000][7][gc,age      ] GC(43) - age   2:      12520 bytes,    1579864 total
[2024-02-20T21:35:19.160+0000][7][gc,age      ] GC(43) - age   3:     556072 bytes,    2135936 total
[2024-02-20T21:35:19.160+0000][7][gc,age      ] GC(43) - age   4:        440 bytes,    2136376 total
[2024-02-20T21:35:19.160+0000][7][gc,age      ] GC(43) - age   5:       2000 bytes,    2138376 total
[2024-02-20T21:35:19.160+0000][7][gc,age      ] GC(43) - age   7:       1344 bytes,    2139720 total
[2024-02-20T21:35:19.160+0000][7][gc,age      ] GC(43) - age   8:       1560 bytes,    2141280 total
[2024-02-20T21:35:19.160+0000][7][gc,age      ] GC(43) - age   9:      17504 bytes,    2158784 total
[2024-02-20T21:35:19.160+0000][7][gc,age      ] GC(43) - age  10:       2432 bytes,    2161216 total
[2024-02-20T21:35:19.160+0000][7][gc,age      ] GC(43) - age  11:       1432 bytes,    2162648 total
[2024-02-20T21:35:19.160+0000][7][gc,age      ] GC(43) - age  12:      19288 bytes,    2181936 total
[2024-02-20T21:35:19.160+0000][7][gc,age      ] GC(43) - age  13:      95104 bytes,    2277040 total
[2024-02-20T21:35:19.160+0000][7][gc,age      ] GC(43) - age  14:     139128 bytes,    2416168 total
[2024-02-20T21:35:19.160+0000][7][gc,age      ] GC(43) - age  15:       3400 bytes,    2419568 total
[2024-02-20T21:35:19.160+0000][7][gc,heap     ] GC(43) Eden regions: 152->0(152)
[2024-02-20T21:35:19.160+0000][7][gc,heap     ] GC(43) Survivor regions: 1->1(20)
[2024-02-20T21:35:19.160+0000][7][gc,heap     ] GC(43) Old regions: 23->23
[2024-02-20T21:35:19.160+0000][7][gc,heap     ] GC(43) Archive regions: 2->2
[2024-02-20T21:35:19.160+0000][7][gc,heap     ] GC(43) Humongous regions: 0->0
[2024-02-20T21:35:19.160+0000][7][gc,metaspace] GC(43) Metaspace: 127792K(131456K)->127792K(131456K) NonClass: 110944K(112768K)->110944K(112768K) Class: 16847K(18688K)->16847K(18688K)
[2024-02-20T21:35:19.160+0000][7][gc          ] GC(43) Pause Young (Normal) (G1 Evacuation Pause) 704M->96M(1024M) 3.567ms
[2024-02-20T21:35:19.160+0000][7][gc,cpu      ] GC(43) User=0.01s Sys=0.00s Real=0.00s
[2024-02-20T21:35:19.160+0000][7][safepoint   ] Safepoint "G1CollectForAllocation", Time since last: 452618881 ns, Reaching safepoint: 54126 ns, At safepoint: 3658319 ns, Total: 3712445 ns
[2024-02-20T21:35:43.162+0000][7][safepoint   ] Safepoint "Cleanup", Time since last: 24002215723 ns, Reaching safepoint: 91908 ns, At safepoint: 12598 ns, Total: 104506 ns
[2024-02-20T21:35:49.163+0000][7][safepoint   ] Safepoint "Cleanup", Time since last: 6000542334 ns, Reaching safepoint: 96932 ns, At safepoint: 14030 ns, Total: 110962 ns
[2024-02-20T21:36:20.166+0000][7][safepoint   ] Safepoint "Cleanup", Time since last: 31003200007 ns, Reaching safepoint: 72751 ns, At safepoint: 9054 ns, Total: 81805 ns
[2024-02-20T21:36:26.167+0000][7][safepoint   ] Safepoint "Cleanup", Time since last: 6000677458 ns, Reaching safepoint: 89522 ns, At safepoint: 6053 ns, Total: 95575 ns
[2024-02-20T21:36:48.170+0000][7][safepoint   ] Safepoint "Cleanup", Time since last: 22002254028 ns, Reaching safepoint: 151799 ns, At safepoint: 38397 ns, Total: 190196 ns
[2024-02-20T21:37:07.171+0000][7][safepoint   ] Safepoint "Cleanup", Time since last: 19001576817 ns, Reaching safepoint: 111237 ns, At safepoint: 6212 ns, Total: 117449 ns
[2024-02-20T21:37:21.173+0000][7][safepoint   ] Safepoint "Cleanup", Time since last: 14001424747 ns, Reaching safepoint: 118254 ns, At safepoint: 25442 ns, Total: 143696 ns
[2024-02-20T21:37:28.174+0000][7][safepoint   ] Safepoint "Cleanup", Time since last: 7000781926 ns, Reaching safepoint: 100040 ns, At safepoint: 5948 ns, Total: 105988 ns
[2024-02-20T21:37:33.174+0000][7][safepoint   ] Safepoint "Cleanup", Time since last: 5000469753 ns, Reaching safepoint: 47541 ns, At safepoint: 5199 ns, Total: 52740 ns
[2024-02-20T21:37:34.174+0000][7][safepoint   ] Safepoint "Cleanup", Time since last: 1000136851 ns, Reaching safepoint: 60378 ns, At safepoint: 5423 ns, Total: 65801 ns
[2024-02-20T21:37:44.175+0000][7][safepoint   ] Safepoint "Cleanup", Time since last: 10000965112 ns, Reaching safepoint: 57753 ns, At safepoint: 6526 ns, Total: 64279 ns
[2024-02-20T21:37:48.176+0000][7][safepoint   ] Safepoint "Cleanup", Time since last: 4000379551 ns, Reaching safepoint: 64143 ns, At safepoint: 4614 ns, Total: 68757 ns
[2024-02-20T21:37:52.176+0000][7][safepoint   ] Safepoint "Cleanup", Time since last: 4000428662 ns, Reaching safepoint: 64394 ns, At safepoint: 18731 ns, Total: 83125 ns
[2024-02-20T21:37:55.177+0000][7][safepoint   ] Safepoint "Cleanup", Time since last: 3000290565 ns, Reaching safepoint: 54865 ns, At safepoint: 5565 ns, Total: 60430 ns
[2024-02-20T21:38:03.177+0000][7][safepoint   ] Safepoint "Cleanup", Time since last: 8000614966 ns, Reaching safepoint: 60193 ns, At safepoint: 6781 ns, Total: 66974 ns
[2024-02-20T21:38:14.178+0000][7][safepoint   ] Safepoint "Cleanup", Time since last: 11000854303 ns, Reaching safepoint: 170930 ns, At safepoint: 11340 ns, Total: 182270 ns
[2024-02-20T21:38:16.179+0000][7][safepoint   ] Safepoint "Cleanup", Time since last: 2000286680 ns, Reaching safepoint: 72133 ns, At safepoint: 5971 ns, Total: 78104 ns
[2024-02-20T21:38:28.180+0000][7][safepoint   ] Safepoint "Cleanup", Time since last: 12001036380 ns, Reaching safepoint: 103487 ns, At safepoint: 6764 ns, Total: 110251 ns
[2024-02-20T21:38:30.171+0000][7][gc,start    ] GC(44) Pause Young (Normal) (G1 Evacuation Pause)
[2024-02-20T21:38:30.171+0000][7][gc,task     ] GC(44) Using 8 workers of 8 for evacuation
[2024-02-20T21:38:30.171+0000][7][gc,age      ] GC(44) Desired survivor size 41943040 bytes, new threshold 15 (max threshold 15)
[2024-02-20T21:38:30.174+0000][7][gc,phases   ] GC(44)   Pre Evacuate Collection Set: 0.1ms
[2024-02-20T21:38:30.174+0000][7][gc,phases   ] GC(44)   Merge Heap Roots: 0.1ms
[2024-02-20T21:38:30.174+0000][7][gc,phases   ] GC(44)   Evacuate Collection Set: 2.3ms
[2024-02-20T21:38:30.174+0000][7][gc,phases   ] GC(44)   Post Evacuate Collection Set: 0.8ms
[2024-02-20T21:38:30.174+0000][7][gc,phases   ] GC(44)   Other: 0.1ms
[2024-02-20T21:38:30.174+0000][7][gc,age      ] GC(44) Age table with threshold 15 (max threshold 15)
[2024-02-20T21:38:30.174+0000][7][gc,age      ] GC(44) - age   1:    1569200 bytes,    1569200 total
[2024-02-20T21:38:30.174+0000][7][gc,age      ] GC(44) - age   2:     205080 bytes,    1774280 total
[2024-02-20T21:38:30.174+0000][7][gc,age      ] GC(44) - age   3:      10752 bytes,    1785032 total
[2024-02-20T21:38:30.174+0000][7][gc,age      ] GC(44) - age   4:     555856 bytes,    2340888 total
[2024-02-20T21:38:30.174+0000][7][gc,age      ] GC(44) - age   5:        408 bytes,    2341296 total
[2024-02-20T21:38:30.174+0000][7][gc,age      ] GC(44) - age   6:       1816 bytes,    2343112 total
[2024-02-20T21:38:30.174+0000][7][gc,age      ] GC(44) - age   8:       1344 bytes,    2344456 total
[2024-02-20T21:38:30.174+0000][7][gc,age      ] GC(44) - age   9:       1560 bytes,    2346016 total
[2024-02-20T21:38:30.174+0000][7][gc,age      ] GC(44) - age  10:      17504 bytes,    2363520 total
[2024-02-20T21:38:30.174+0000][7][gc,age      ] GC(44) - age  11:       2432 bytes,    2365952 total
[2024-02-20T21:38:30.174+0000][7][gc,age      ] GC(44) - age  12:       1432 bytes,    2367384 total
[2024-02-20T21:38:30.174+0000][7][gc,age      ] GC(44) - age  13:      19288 bytes,    2386672 total
[2024-02-20T21:38:30.174+0000][7][gc,age      ] GC(44) - age  14:      95104 bytes,    2481776 total
[2024-02-20T21:38:30.174+0000][7][gc,age      ] GC(44) - age  15:     139128 bytes,    2620904 total
[2024-02-20T21:38:30.174+0000][7][gc,heap     ] GC(44) Eden regions: 152->0(152)
[2024-02-20T21:38:30.174+0000][7][gc,heap     ] GC(44) Survivor regions: 1->1(20)
[2024-02-20T21:38:30.174+0000][7][gc,heap     ] GC(44) Old regions: 23->23
[2024-02-20T21:38:30.174+0000][7][gc,heap     ] GC(44) Archive regions: 2->2
[2024-02-20T21:38:30.174+0000][7][gc,heap     ] GC(44) Humongous regions: 0->0
[2024-02-20T21:38:30.174+0000][7][gc,metaspace] GC(44) Metaspace: 127827K(131520K)->127827K(131520K) NonClass: 110979K(112832K)->110979K(112832K) Class: 16847K(18688K)->16847K(18688K)
[2024-02-20T21:38:30.175+0000][7][gc          ] GC(44) Pause Young (Normal) (G1 Evacuation Pause) 704M->96M(1024M) 3.724ms
[2024-02-20T21:38:30.175+0000][7][gc,cpu      ] GC(44) User=0.02s Sys=0.01s Real=0.01s
[2024-02-20T21:38:30.175+0000][7][safepoint   ] Safepoint "G1CollectForAllocation", Time since last: 1990736306 ns, Reaching safepoint: 51587 ns, At safepoint: 3827183 ns, Total: 3878770 ns
[2024-02-20T21:38:31.175+0000][7][safepoint   ] Safepoint "Cleanup", Time since last: 1000222837 ns, Reaching safepoint: 298096 ns, At safepoint: 13878 ns, Total: 311974 ns
[2024-02-20T21:38:44.176+0000][7][safepoint   ] Safepoint "Cleanup", Time since last: 13001011943 ns, Reaching safepoint: 77633 ns, At safepoint: 5778 ns, Total: 83411 ns
[2024-02-20T21:39:28.180+0000][7][safepoint   ] Safepoint "Cleanup", Time since last: 44003976785 ns, Reaching safepoint: 123333 ns, At safepoint: 12056 ns, Total: 135389 ns
[2024-02-20T21:39:39.182+0000][7][safepoint   ] Safepoint "Cleanup", Time since last: 11001147135 ns, Reaching safepoint: 88404 ns, At safepoint: 7143 ns, Total: 95547 ns
[2024-02-20T21:39:58.183+0000][7][safepoint   ] Safepoint "Cleanup", Time since last: 19001647149 ns, Reaching safepoint: 63193 ns, At safepoint: 14080 ns, Total: 77273 ns
[2024-02-20T21:40:00.184+0000][7][safepoint   ] Safepoint "Cleanup", Time since last: 2000275058 ns, Reaching safepoint: 94921 ns, At safepoint: 13210 ns, Total: 108131 ns
[2024-02-20T21:40:35.187+0000][7][safepoint   ] Safepoint "Cleanup", Time since last: 35003591567 ns, Reaching safepoint: 120292 ns, At safepoint: 25685 ns, Total: 145977 ns
[2024-02-20T21:40:44.189+0000][7][safepoint   ] Safepoint "Cleanup", Time since last: 9001077660 ns, Reaching safepoint: 62036 ns, At safepoint: 39512 ns, Total: 101548 ns
[2024-02-20T21:41:18.203+0000][7][gc,start    ] GC(45) Pause Young (Normal) (G1 Evacuation Pause)
[2024-02-20T21:41:18.203+0000][7][gc,task     ] GC(45) Using 8 workers of 8 for evacuation
[2024-02-20T21:41:18.203+0000][7][gc,age      ] GC(45) Desired survivor size 41943040 bytes, new threshold 15 (max threshold 15)
[2024-02-20T21:41:18.205+0000][7][gc,phases   ] GC(45)   Pre Evacuate Collection Set: 0.1ms
[2024-02-20T21:41:18.205+0000][7][gc,phases   ] GC(45)   Merge Heap Roots: 0.1ms
[2024-02-20T21:41:18.205+0000][7][gc,phases   ] GC(45)   Evacuate Collection Set: 1.7ms
[2024-02-20T21:41:18.205+0000][7][gc,phases   ] GC(45)   Post Evacuate Collection Set: 0.7ms
[2024-02-20T21:41:18.205+0000][7][gc,phases   ] GC(45)   Other: 0.1ms
[2024-02-20T21:41:18.205+0000][7][gc,age      ] GC(45) Age table with threshold 15 (max threshold 15)
[2024-02-20T21:41:18.205+0000][7][gc,age      ] GC(45) - age   1:     842400 bytes,     842400 total
[2024-02-20T21:41:18.205+0000][7][gc,age      ] GC(45) - age   2:      12688 bytes,     855088 total
[2024-02-20T21:41:18.205+0000][7][gc,age      ] GC(45) - age   3:     203128 bytes,    1058216 total
[2024-02-20T21:41:18.205+0000][7][gc,age      ] GC(45) - age   4:       6392 bytes,    1064608 total
[2024-02-20T21:41:18.205+0000][7][gc,age      ] GC(45) - age   5:     555856 bytes,    1620464 total
[2024-02-20T21:41:18.205+0000][7][gc,age      ] GC(45) - age   6:        408 bytes,    1620872 total
[2024-02-20T21:41:18.205+0000][7][gc,age      ] GC(45) - age   7:       1816 bytes,    1622688 total
[2024-02-20T21:41:18.205+0000][7][gc,age      ] GC(45) - age   9:       1344 bytes,    1624032 total
[2024-02-20T21:41:18.205+0000][7][gc,age      ] GC(45) - age  10:       1560 bytes,    1625592 total
[2024-02-20T21:41:18.205+0000][7][gc,age      ] GC(45) - age  11:      17504 bytes,    1643096 total
[2024-02-20T21:41:18.205+0000][7][gc,age      ] GC(45) - age  12:       2432 bytes,    1645528 total
[2024-02-20T21:41:18.205+0000][7][gc,age      ] GC(45) - age  13:       1432 bytes,    1646960 total
[2024-02-20T21:41:18.205+0000][7][gc,age      ] GC(45) - age  14:      19288 bytes,    1666248 total
[2024-02-20T21:41:18.205+0000][7][gc,age      ] GC(45) - age  15:      95104 bytes,    1761352 total
[2024-02-20T21:41:18.205+0000][7][gc,heap     ] GC(45) Eden regions: 152->0(152)
[2024-02-20T21:41:18.205+0000][7][gc,heap     ] GC(45) Survivor regions: 1->1(20)
[2024-02-20T21:41:18.205+0000][7][gc,heap     ] GC(45) Old regions: 23->23
[2024-02-20T21:41:18.205+0000][7][gc,heap     ] GC(45) Archive regions: 2->2
[2024-02-20T21:41:18.205+0000][7][gc,heap     ] GC(45) Humongous regions: 0->0
[2024-02-20T21:41:18.205+0000][7][gc,metaspace] GC(45) Metaspace: 127839K(131520K)->127839K(131520K) NonClass: 110991K(112832K)->110991K(112832K) Class: 16847K(18688K)->16847K(18688K)
[2024-02-20T21:41:18.206+0000][7][gc          ] GC(45) Pause Young (Normal) (G1 Evacuation Pause) 704M->95M(1024M) 2.931ms
[2024-02-20T21:41:18.206+0000][7][gc,cpu      ] GC(45) User=0.02s Sys=0.00s Real=0.00s
[2024-02-20T21:41:18.206+0000][7][safepoint   ] Safepoint "G1CollectForAllocation", Time since last: 34013890751 ns, Reaching safepoint: 81283 ns, At safepoint: 3026127 ns, Total: 3107410 ns
[2024-02-20T21:41:48.208+0000][7][safepoint   ] Safepoint "Cleanup", Time since last: 30002528781 ns, Reaching safepoint: 85747 ns, At safepoint: 5049 ns, Total: 90796 ns
[2024-02-20T21:42:09.210+0000][7][safepoint   ] Safepoint "Cleanup", Time since last: 21001834998 ns, Reaching safepoint: 119927 ns, At safepoint: 6838 ns, Total: 126765 ns
[2024-02-20T21:42:21.211+0000][7][safepoint   ] Safepoint "Cleanup", Time since last: 12001040220 ns, Reaching safepoint: 34055 ns, At safepoint: 3033 ns, Total: 37088 ns
[2024-02-20T21:42:39.213+0000][7][safepoint   ] Safepoint "Cleanup", Time since last: 18001670398 ns, Reaching safepoint: 115612 ns, At safepoint: 9385 ns, Total: 124997 ns
[2024-02-20T21:43:16.217+0000][7][safepoint   ] Safepoint "Cleanup", Time since last: 37003642899 ns, Reaching safepoint: 70535 ns, At safepoint: 4839 ns, Total: 75374 ns
[2024-02-20T21:43:27.218+0000][7][safepoint   ] Safepoint "Cleanup", Time since last: 11000978396 ns, Reaching safepoint: 85748 ns, At safepoint: 6917 ns, Total: 92665 ns
[2024-02-20T21:43:34.219+0000][7][safepoint   ] Safepoint "Cleanup", Time since last: 7000576545 ns, Reaching safepoint: 178130 ns, At safepoint: 11927 ns, Total: 190057 ns
[2024-02-20T21:43:44.220+0000][7][safepoint   ] Safepoint "Cleanup", Time since last: 10001050591 ns, Reaching safepoint: 80622 ns, At safepoint: 9389 ns, Total: 90011 ns
[2024-02-20T21:43:48.220+0000][7][safepoint   ] Safepoint "Cleanup", Time since last: 4000470872 ns, Reaching safepoint: 58263 ns, At safepoint: 5201 ns, Total: 63464 ns
[2024-02-20T21:44:00.186+0000][7][gc,start    ] GC(46) Pause Young (Normal) (G1 Evacuation Pause)
[2024-02-20T21:44:00.186+0000][7][gc,task     ] GC(46) Using 8 workers of 8 for evacuation
[2024-02-20T21:44:00.186+0000][7][gc,age      ] GC(46) Desired survivor size 41943040 bytes, new threshold 15 (max threshold 15)
[2024-02-20T21:44:00.189+0000][7][gc,phases   ] GC(46)   Pre Evacuate Collection Set: 0.1ms
[2024-02-20T21:44:00.189+0000][7][gc,phases   ] GC(46)   Merge Heap Roots: 0.1ms
[2024-02-20T21:44:00.189+0000][7][gc,phases   ] GC(46)   Evacuate Collection Set: 1.3ms
[2024-02-20T21:44:00.189+0000][7][gc,phases   ] GC(46)   Post Evacuate Collection Set: 0.8ms
[2024-02-20T21:44:00.189+0000][7][gc,phases   ] GC(46)   Other: 0.1ms
[2024-02-20T21:44:00.189+0000][7][gc,age      ] GC(46) Age table with threshold 15 (max threshold 15)
[2024-02-20T21:44:00.189+0000][7][gc,age      ] GC(46) - age   1:     377320 bytes,     377320 total
[2024-02-20T21:44:00.189+0000][7][gc,age      ] GC(46) - age   2:       7624 bytes,     384944 total
[2024-02-20T21:44:00.189+0000][7][gc,age      ] GC(46) - age   3:      10288 bytes,     395232 total
[2024-02-20T21:44:00.189+0000][7][gc,age      ] GC(46) - age   4:     202984 bytes,     598216 total
[2024-02-20T21:44:00.189+0000][7][gc,age      ] GC(46) - age   5:       6392 bytes,     604608 total
[2024-02-20T21:44:00.189+0000][7][gc,age      ] GC(46) - age   6:     498432 bytes,    1103040 total
[2024-02-20T21:44:00.189+0000][7][gc,age      ] GC(46) - age   7:        408 bytes,    1103448 total
[2024-02-20T21:44:00.189+0000][7][gc,age      ] GC(46) - age   8:       1816 bytes,    1105264 total
[2024-02-20T21:44:00.189+0000][7][gc,age      ] GC(46) - age  10:       1344 bytes,    1106608 total
[2024-02-20T21:44:00.189+0000][7][gc,age      ] GC(46) - age  11:       1560 bytes,    1108168 total
[2024-02-20T21:44:00.189+0000][7][gc,age      ] GC(46) - age  12:      17504 bytes,    1125672 total
[2024-02-20T21:44:00.189+0000][7][gc,age      ] GC(46) - age  13:       2432 bytes,    1128104 total
[2024-02-20T21:44:00.189+0000][7][gc,age      ] GC(46) - age  14:       1432 bytes,    1129536 total
[2024-02-20T21:44:00.189+0000][7][gc,age      ] GC(46) - age  15:      19288 bytes,    1148824 total
[2024-02-20T21:44:00.189+0000][7][gc,heap     ] GC(46) Eden regions: 152->0(152)
[2024-02-20T21:44:00.189+0000][7][gc,heap     ] GC(46) Survivor regions: 1->1(20)
[2024-02-20T21:44:00.189+0000][7][gc,heap     ] GC(46) Old regions: 23->23
[2024-02-20T21:44:00.189+0000][7][gc,heap     ] GC(46) Archive regions: 2->2
[2024-02-20T21:44:00.189+0000][7][gc,heap     ] GC(46) Humongous regions: 0->0
[2024-02-20T21:44:00.189+0000][7][gc,metaspace] GC(46) Metaspace: 127842K(131520K)->127842K(131520K) NonClass: 110995K(112832K)->110995K(112832K) Class: 16847K(18688K)->16847K(18688K)
[2024-02-20T21:44:00.189+0000][7][gc          ] GC(46) Pause Young (Normal) (G1 Evacuation Pause) 703M->95M(1024M) 2.704ms
[2024-02-20T21:44:00.189+0000][7][gc,cpu      ] GC(46) User=0.01s Sys=0.00s Real=0.00s
[2024-02-20T21:44:00.189+0000][7][safepoint   ] Safepoint "G1CollectForAllocation", Time since last: 11965887150 ns, Reaching safepoint: 44078 ns, At safepoint: 2795755 ns, Total: 2839833 ns
[2024-02-20T21:44:48.193+0000][7][safepoint   ] Safepoint "Cleanup", Time since last: 48004431709 ns, Reaching safepoint: 41549 ns, At safepoint: 3919 ns, Total: 45468 ns
[2024-02-20T21:45:31.198+0000][7][safepoint   ] Safepoint "Cleanup", Time since last: 43004238877 ns, Reaching safepoint: 64654 ns, At safepoint: 6535 ns, Total: 71189 ns
[2024-02-20T21:46:16.202+0000][7][safepoint   ] Safepoint "Cleanup", Time since last: 45004106256 ns, Reaching safepoint: 62741 ns, At safepoint: 5112 ns, Total: 67853 ns
[2024-02-20T21:46:22.203+0000][7][safepoint   ] Safepoint "Cleanup", Time since last: 6000562741 ns, Reaching safepoint: 131043 ns, At safepoint: 14332 ns, Total: 145375 ns
[2024-02-20T21:46:30.204+0000][7][safepoint   ] Safepoint "Cleanup", Time since last: 8000853656 ns, Reaching safepoint: 77161 ns, At safepoint: 10066 ns, Total: 87227 ns
[2024-02-20T21:46:48.206+0000][7][safepoint   ] Safepoint "Cleanup", Time since last: 18001835325 ns, Reaching safepoint: 53223 ns, At safepoint: 21969 ns, Total: 75192 ns
[2024-02-20T21:46:51.190+0000][7][gc,start    ] GC(47) Pause Young (Normal) (G1 Evacuation Pause)
[2024-02-20T21:46:51.190+0000][7][gc,task     ] GC(47) Using 8 workers of 8 for evacuation
[2024-02-20T21:46:51.190+0000][7][gc,age      ] GC(47) Desired survivor size 41943040 bytes, new threshold 15 (max threshold 15)
[2024-02-20T21:46:51.193+0000][7][gc,phases   ] GC(47)   Pre Evacuate Collection Set: 0.1ms
[2024-02-20T21:46:51.193+0000][7][gc,phases   ] GC(47)   Merge Heap Roots: 0.1ms
[2024-02-20T21:46:51.193+0000][7][gc,phases   ] GC(47)   Evacuate Collection Set: 1.8ms
[2024-02-20T21:46:51.193+0000][7][gc,phases   ] GC(47)   Post Evacuate Collection Set: 0.7ms
[2024-02-20T21:46:51.193+0000][7][gc,phases   ] GC(47)   Other: 0.1ms
[2024-02-20T21:46:51.193+0000][7][gc,age      ] GC(47) Age table with threshold 15 (max threshold 15)
[2024-02-20T21:46:51.193+0000][7][gc,age      ] GC(47) - age   1:    1177136 bytes,    1177136 total
[2024-02-20T21:46:51.193+0000][7][gc,age      ] GC(47) - age   2:      12840 bytes,    1189976 total
[2024-02-20T21:46:51.193+0000][7][gc,age      ] GC(47) - age   3:       5840 bytes,    1195816 total
[2024-02-20T21:46:51.193+0000][7][gc,age      ] GC(47) - age   4:       9968 bytes,    1205784 total
[2024-02-20T21:46:51.193+0000][7][gc,age      ] GC(47) - age   5:     202856 bytes,    1408640 total
[2024-02-20T21:46:51.193+0000][7][gc,age      ] GC(47) - age   6:       6208 bytes,    1414848 total
[2024-02-20T21:46:51.193+0000][7][gc,age      ] GC(47) - age   7:     498048 bytes,    1912896 total
[2024-02-20T21:46:51.193+0000][7][gc,age      ] GC(47) - age   8:        408 bytes,    1913304 total
[2024-02-20T21:46:51.193+0000][7][gc,age      ] GC(47) - age   9:       1816 bytes,    1915120 total
[2024-02-20T21:46:51.193+0000][7][gc,age      ] GC(47) - age  11:       1344 bytes,    1916464 total
[2024-02-20T21:46:51.193+0000][7][gc,age      ] GC(47) - age  12:       1560 bytes,    1918024 total
[2024-02-20T21:46:51.193+0000][7][gc,age      ] GC(47) - age  13:      17504 bytes,    1935528 total
[2024-02-20T21:46:51.193+0000][7][gc,age      ] GC(47) - age  14:       2432 bytes,    1937960 total
[2024-02-20T21:46:51.193+0000][7][gc,age      ] GC(47) - age  15:       1432 bytes,    1939392 total
[2024-02-20T21:46:51.193+0000][7][gc,heap     ] GC(47) Eden regions: 152->0(152)
[2024-02-20T21:46:51.193+0000][7][gc,heap     ] GC(47) Survivor regions: 1->1(20)
[2024-02-20T21:46:51.193+0000][7][gc,heap     ] GC(47) Old regions: 23->23
[2024-02-20T21:46:51.193+0000][7][gc,heap     ] GC(47) Archive regions: 2->2
[2024-02-20T21:46:51.193+0000][7][gc,heap     ] GC(47) Humongous regions: 0->0
[2024-02-20T21:46:51.193+0000][7][gc,metaspace] GC(47) Metaspace: 127852K(131520K)->127852K(131520K) NonClass: 111004K(112832K)->111004K(112832K) Class: 16847K(18688K)->16847K(18688K)
[2024-02-20T21:46:51.193+0000][7][gc          ] GC(47) Pause Young (Normal) (G1 Evacuation Pause) 703M->96M(1024M) 3.114ms
[2024-02-20T21:46:51.193+0000][7][gc,cpu      ] GC(47) User=0.02s Sys=0.00s Real=0.00s
[2024-02-20T21:46:51.193+0000][7][safepoint   ] Safepoint "G1CollectForAllocation", Time since last: 2984623694 ns, Reaching safepoint: 47779 ns, At safepoint: 3209320 ns, Total: 3257099 ns
[2024-02-20T21:46:52.194+0000][7][safepoint   ] Safepoint "Cleanup", Time since last: 1000226637 ns, Reaching safepoint: 71715 ns, At safepoint: 10868 ns, Total: 82583 ns
[2024-02-20T21:47:48.198+0000][7][safepoint   ] Safepoint "Cleanup", Time since last: 56004702141 ns, Reaching safepoint: 63008 ns, At safepoint: 4789 ns, Total: 67797 ns
[2024-02-20T21:48:48.204+0000][7][safepoint   ] Safepoint "Cleanup", Time since last: 60005721398 ns, Reaching safepoint: 107707 ns, At safepoint: 9690 ns, Total: 117397 ns
[2024-02-20T21:48:51.205+0000][7][safepoint   ] Safepoint "Cleanup", Time since last: 3000446078 ns, Reaching safepoint: 89202 ns, At safepoint: 6486 ns, Total: 95688 ns
[2024-02-20T21:48:52.205+0000][7][safepoint   ] Safepoint "Cleanup", Time since last: 1000201585 ns, Reaching safepoint: 68108 ns, At safepoint: 8166 ns, Total: 76274 ns
[2024-02-20T21:49:19.208+0000][7][safepoint   ] Safepoint "Cleanup", Time since last: 27002489137 ns, Reaching safepoint: 114118 ns, At safepoint: 8403 ns, Total: 122521 ns
[2024-02-20T21:49:39.207+0000][7][gc,start    ] GC(48) Pause Young (Normal) (G1 Evacuation Pause)
[2024-02-20T21:49:39.207+0000][7][gc,task     ] GC(48) Using 8 workers of 8 for evacuation
[2024-02-20T21:49:39.207+0000][7][gc,age      ] GC(48) Desired survivor size 41943040 bytes, new threshold 15 (max threshold 15)
[2024-02-20T21:49:39.210+0000][7][gc,phases   ] GC(48)   Pre Evacuate Collection Set: 0.1ms
[2024-02-20T21:49:39.210+0000][7][gc,phases   ] GC(48)   Merge Heap Roots: 0.1ms
[2024-02-20T21:49:39.210+0000][7][gc,phases   ] GC(48)   Evacuate Collection Set: 2.0ms
[2024-02-20T21:49:39.211+0000][7][gc,phases   ] GC(48)   Post Evacuate Collection Set: 1.0ms
[2024-02-20T21:49:39.211+0000][7][gc,phases   ] GC(48)   Other: 0.1ms
[2024-02-20T21:49:39.211+0000][7][gc,age      ] GC(48) Age table with threshold 15 (max threshold 15)
[2024-02-20T21:49:39.211+0000][7][gc,age      ] GC(48) - age   1:    1450256 bytes,    1450256 total
[2024-02-20T21:49:39.211+0000][7][gc,age      ] GC(48) - age   2:       4144 bytes,    1454400 total
[2024-02-20T21:49:39.211+0000][7][gc,age      ] GC(48) - age   3:      11176 bytes,    1465576 total
[2024-02-20T21:49:39.211+0000][7][gc,age      ] GC(48) - age   4:       1544 bytes,    1467120 total
[2024-02-20T21:49:39.211+0000][7][gc,age      ] GC(48) - age   5:       9968 bytes,    1477088 total
[2024-02-20T21:49:39.211+0000][7][gc,age      ] GC(48) - age   6:     202464 bytes,    1679552 total
[2024-02-20T21:49:39.211+0000][7][gc,age      ] GC(48) - age   7:       6176 bytes,    1685728 total
[2024-02-20T21:49:39.211+0000][7][gc,age      ] GC(48) - age   8:     497864 bytes,    2183592 total
[2024-02-20T21:49:39.211+0000][7][gc,age      ] GC(48) - age   9:        408 bytes,    2184000 total
[2024-02-20T21:49:39.211+0000][7][gc,age      ] GC(48) - age  10:       1816 bytes,    2185816 total
[2024-02-20T21:49:39.211+0000][7][gc,age      ] GC(48) - age  12:       1344 bytes,    2187160 total
[2024-02-20T21:49:39.211+0000][7][gc,age      ] GC(48) - age  13:       1560 bytes,    2188720 total
[2024-02-20T21:49:39.211+0000][7][gc,age      ] GC(48) - age  14:      17504 bytes,    2206224 total
[2024-02-20T21:49:39.211+0000][7][gc,age      ] GC(48) - age  15:       2432 bytes,    2208656 total
[2024-02-20T21:49:39.211+0000][7][gc,heap     ] GC(48) Eden regions: 152->0(152)
[2024-02-20T21:49:39.211+0000][7][gc,heap     ] GC(48) Survivor regions: 1->1(20)
[2024-02-20T21:49:39.211+0000][7][gc,heap     ] GC(48) Old regions: 23->23
[2024-02-20T21:49:39.211+0000][7][gc,heap     ] GC(48) Archive regions: 2->2
[2024-02-20T21:49:39.211+0000][7][gc,heap     ] GC(48) Humongous regions: 0->0
[2024-02-20T21:49:39.211+0000][7][gc,metaspace] GC(48) Metaspace: 127867K(131520K)->127867K(131520K) NonClass: 111019K(112832K)->111019K(112832K) Class: 16847K(18688K)->16847K(18688K)
[2024-02-20T21:49:39.211+0000][7][gc          ] GC(48) Pause Young (Normal) (G1 Evacuation Pause) 704M->96M(1024M) 3.610ms
[2024-02-20T21:49:39.211+0000][7][gc,cpu      ] GC(48) User=0.01s Sys=0.01s Real=0.00s
[2024-02-20T21:49:39.211+0000][7][safepoint   ] Safepoint "G1CollectForAllocation", Time since last: 19999251680 ns, Reaching safepoint: 53434 ns, At safepoint: 3708960 ns, Total: 3762394 ns
[2024-02-20T21:49:48.212+0000][7][safepoint   ] Safepoint "Cleanup", Time since last: 9000792717 ns, Reaching safepoint: 59520 ns, At safepoint: 5219 ns, Total: 64739 ns
[2024-02-20T21:49:55.213+0000][7][safepoint   ] Safepoint "Cleanup", Time since last: 7000827285 ns, Reaching safepoint: 88558 ns, At safepoint: 11784 ns, Total: 100342 ns
[2024-02-20T21:50:55.218+0000][7][safepoint   ] Safepoint "Cleanup", Time since last: 60004987907 ns, Reaching safepoint: 77201 ns, At safepoint: 6765 ns, Total: 83966 ns
[2024-02-20T21:51:18.220+0000][7][safepoint   ] Safepoint "Cleanup", Time since last: 23002438610 ns, Reaching safepoint: 83575 ns, At safepoint: 7747 ns, Total: 91322 ns
[2024-02-20T21:51:48.223+0000][7][safepoint   ] Safepoint "Cleanup", Time since last: 30003154460 ns, Reaching safepoint: 98318 ns, At safepoint: 15718 ns, Total: 114036 ns
[2024-02-20T21:52:18.220+0000][7][gc,start    ] GC(49) Pause Young (Normal) (G1 Evacuation Pause)
[2024-02-20T21:52:18.220+0000][7][gc,task     ] GC(49) Using 8 workers of 8 for evacuation
[2024-02-20T21:52:18.220+0000][7][gc,age      ] GC(49) Desired survivor size 41943040 bytes, new threshold 15 (max threshold 15)
[2024-02-20T21:52:18.222+0000][7][gc,phases   ] GC(49)   Pre Evacuate Collection Set: 0.1ms
[2024-02-20T21:52:18.222+0000][7][gc,phases   ] GC(49)   Merge Heap Roots: 0.1ms
[2024-02-20T21:52:18.222+0000][7][gc,phases   ] GC(49)   Evacuate Collection Set: 1.5ms
[2024-02-20T21:52:18.222+0000][7][gc,phases   ] GC(49)   Post Evacuate Collection Set: 0.8ms
[2024-02-20T21:52:18.222+0000][7][gc,phases   ] GC(49)   Other: 0.1ms
[2024-02-20T21:52:18.222+0000][7][gc,age      ] GC(49) Age table with threshold 15 (max threshold 15)
[2024-02-20T21:52:18.222+0000][7][gc,age      ] GC(49) - age   1:    1467472 bytes,    1467472 total
[2024-02-20T21:52:18.222+0000][7][gc,age      ] GC(49) - age   2:      11304 bytes,    1478776 total
[2024-02-20T21:52:18.222+0000][7][gc,age      ] GC(49) - age   3:       2120 bytes,    1480896 total
[2024-02-20T21:52:18.222+0000][7][gc,age      ] GC(49) - age   4:        512 bytes,    1481408 total
[2024-02-20T21:52:18.222+0000][7][gc,age      ] GC(49) - age   5:       1120 bytes,    1482528 total
[2024-02-20T21:52:18.222+0000][7][gc,age      ] GC(49) - age   6:       3456 bytes,    1485984 total
[2024-02-20T21:52:18.222+0000][7][gc,age      ] GC(49) - age   7:      28088 bytes,    1514072 total
[2024-02-20T21:52:18.222+0000][7][gc,age      ] GC(49) - age   8:       6176 bytes,    1520248 total
[2024-02-20T21:52:18.222+0000][7][gc,age      ] GC(49) - age   9:     488864 bytes,    2009112 total
[2024-02-20T21:52:18.222+0000][7][gc,age      ] GC(49) - age  10:        408 bytes,    2009520 total
[2024-02-20T21:52:18.222+0000][7][gc,age      ] GC(49) - age  11:       1816 bytes,    2011336 total
[2024-02-20T21:52:18.222+0000][7][gc,age      ] GC(49) - age  13:       1344 bytes,    2012680 total
[2024-02-20T21:52:18.222+0000][7][gc,age      ] GC(49) - age  14:       1560 bytes,    2014240 total
[2024-02-20T21:52:18.222+0000][7][gc,age      ] GC(49) - age  15:      17504 bytes,    2031744 total
[2024-02-20T21:52:18.222+0000][7][gc,heap     ] GC(49) Eden regions: 152->0(152)
[2024-02-20T21:52:18.223+0000][7][gc,heap     ] GC(49) Survivor regions: 1->1(20)
[2024-02-20T21:52:18.223+0000][7][gc,heap     ] GC(49) Old regions: 23->23
[2024-02-20T21:52:18.223+0000][7][gc,heap     ] GC(49) Archive regions: 2->2
[2024-02-20T21:52:18.223+0000][7][gc,heap     ] GC(49) Humongous regions: 0->0
[2024-02-20T21:52:18.223+0000][7][gc,metaspace] GC(49) Metaspace: 127890K(131584K)->127890K(131584K) NonClass: 111042K(112896K)->111042K(112896K) Class: 16847K(18688K)->16847K(18688K)
[2024-02-20T21:52:18.223+0000][7][gc          ] GC(49) Pause Young (Normal) (G1 Evacuation Pause) 704M->96M(1024M) 2.952ms
[2024-02-20T21:52:18.223+0000][7][gc,cpu      ] GC(49) User=0.02s Sys=0.00s Real=0.01s
[2024-02-20T21:52:18.223+0000][7][safepoint   ] Safepoint "G1CollectForAllocation", Time since last: 29996083260 ns, Reaching safepoint: 59295 ns, At safepoint: 3045743 ns, Total: 3105038 ns
[2024-02-20T21:52:27.224+0000][7][safepoint   ] Safepoint "Cleanup", Time since last: 9000769154 ns, Reaching safepoint: 120634 ns, At safepoint: 34257 ns, Total: 154891 ns
[2024-02-20T21:53:55.232+0000][7][safepoint   ] Safepoint "Cleanup", Time since last: 88008526474 ns, Reaching safepoint: 77118 ns, At safepoint: 6966 ns, Total: 84084 ns
[2024-02-20T21:54:44.237+0000][7][safepoint   ] Safepoint "Cleanup", Time since last: 49004688061 ns, Reaching safepoint: 66621 ns, At safepoint: 7372 ns, Total: 73993 ns
[2024-02-20T21:54:50.238+0000][7][safepoint   ] Safepoint "Cleanup", Time since last: 6000735994 ns, Reaching safepoint: 102431 ns, At safepoint: 16727 ns, Total: 119158 ns
[2024-02-20T21:55:04.062+0000][7][gc,start    ] GC(50) Pause Young (Normal) (G1 Evacuation Pause)
[2024-02-20T21:55:04.062+0000][7][gc,task     ] GC(50) Using 8 workers of 8 for evacuation
[2024-02-20T21:55:04.062+0000][7][gc,age      ] GC(50) Desired survivor size 41943040 bytes, new threshold 15 (max threshold 15)
[2024-02-20T21:55:04.066+0000][7][gc,phases   ] GC(50)   Pre Evacuate Collection Set: 0.1ms
[2024-02-20T21:55:04.066+0000][7][gc,phases   ] GC(50)   Merge Heap Roots: 0.1ms
[2024-02-20T21:55:04.066+0000][7][gc,phases   ] GC(50)   Evacuate Collection Set: 2.1ms
[2024-02-20T21:55:04.066+0000][7][gc,phases   ] GC(50)   Post Evacuate Collection Set: 0.8ms
[2024-02-20T21:55:04.066+0000][7][gc,phases   ] GC(50)   Other: 0.1ms
[2024-02-20T21:55:04.066+0000][7][gc,age      ] GC(50) Age table with threshold 15 (max threshold 15)
[2024-02-20T21:55:04.066+0000][7][gc,age      ] GC(50) - age   1:    1710280 bytes,    1710280 total
[2024-02-20T21:55:04.066+0000][7][gc,age      ] GC(50) - age   2:      90352 bytes,    1800632 total
[2024-02-20T21:55:04.066+0000][7][gc,age      ] GC(50) - age   3:       9640 bytes,    1810272 total
[2024-02-20T21:55:04.066+0000][7][gc,age      ] GC(50) - age   4:       1744 bytes,    1812016 total
[2024-02-20T21:55:04.066+0000][7][gc,age      ] GC(50) - age   5:        448 bytes,    1812464 total
[2024-02-20T21:55:04.066+0000][7][gc,age      ] GC(50) - age   6:       1120 bytes,    1813584 total
[2024-02-20T21:55:04.066+0000][7][gc,age      ] GC(50) - age   7:       3456 bytes,    1817040 total
[2024-02-20T21:55:04.066+0000][7][gc,age      ] GC(50) - age   8:        584 bytes,    1817624 total
[2024-02-20T21:55:04.066+0000][7][gc,age      ] GC(50) - age   9:       6176 bytes,    1823800 total
[2024-02-20T21:55:04.066+0000][7][gc,age      ] GC(50) - age  10:     488864 bytes,    2312664 total
[2024-02-20T21:55:04.066+0000][7][gc,age      ] GC(50) - age  11:        408 bytes,    2313072 total
[2024-02-20T21:55:04.066+0000][7][gc,age      ] GC(50) - age  12:       1816 bytes,    2314888 total
[2024-02-20T21:55:04.066+0000][7][gc,age      ] GC(50) - age  14:       1344 bytes,    2316232 total
[2024-02-20T21:55:04.066+0000][7][gc,age      ] GC(50) - age  15:       1560 bytes,    2317792 total
[2024-02-20T21:55:04.066+0000][7][gc,heap     ] GC(50) Eden regions: 152->0(152)
[2024-02-20T21:55:04.066+0000][7][gc,heap     ] GC(50) Survivor regions: 1->1(20)
[2024-02-20T21:55:04.066+0000][7][gc,heap     ] GC(50) Old regions: 23->23
[2024-02-20T21:55:04.066+0000][7][gc,heap     ] GC(50) Archive regions: 2->2
[2024-02-20T21:55:04.066+0000][7][gc,heap     ] GC(50) Humongous regions: 0->0
[2024-02-20T21:55:04.066+0000][7][gc,metaspace] GC(50) Metaspace: 127938K(131584K)->127938K(131584K) NonClass: 111090K(112896K)->111090K(112896K) Class: 16847K(18688K)->16847K(18688K)
[2024-02-20T21:55:04.066+0000][7][gc          ] GC(50) Pause Young (Normal) (G1 Evacuation Pause) 704M->96M(1024M) 3.446ms
[2024-02-20T21:55:04.066+0000][7][gc,cpu      ] GC(50) User=0.02s Sys=0.00s Real=0.00s
[2024-02-20T21:55:04.066+0000][7][safepoint   ] Safepoint "G1CollectForAllocation", Time since last: 13824552759 ns, Reaching safepoint: 72296 ns, At safepoint: 3534213 ns, Total: 3606509 ns
[2024-02-20T21:55:14.067+0000][7][safepoint   ] Safepoint "Cleanup", Time since last: 10000807583 ns, Reaching safepoint: 64168 ns, At safepoint: 7506 ns, Total: 71674 ns
[2024-02-20T21:55:28.069+0000][7][safepoint   ] Safepoint "Cleanup", Time since last: 14001364726 ns, Reaching safepoint: 327912 ns, At safepoint: 9320 ns, Total: 337232 ns
[2024-02-20T21:56:01.072+0000][7][safepoint   ] Safepoint "Cleanup", Time since last: 33002937432 ns, Reaching safepoint: 91662 ns, At safepoint: 11624 ns, Total: 103286 ns
[2024-02-20T21:56:17.073+0000][7][safepoint   ] Safepoint "Cleanup", Time since last: 16001822059 ns, Reaching safepoint: 65502 ns, At safepoint: 5772 ns, Total: 71274 ns
[2024-02-20T21:57:14.078+0000][7][safepoint   ] Safepoint "Cleanup", Time since last: 57004781780 ns, Reaching safepoint: 73471 ns, At safepoint: 7059 ns, Total: 80530 ns
[2024-02-20T21:57:34.080+0000][7][safepoint   ] Safepoint "Cleanup", Time since last: 20001764434 ns, Reaching safepoint: 56917 ns, At safepoint: 5817 ns, Total: 62734 ns
[2024-02-20T21:57:45.362+0000][7][gc,start    ] GC(51) Pause Young (Normal) (G1 Evacuation Pause)
[2024-02-20T21:57:45.362+0000][7][gc,task     ] GC(51) Using 8 workers of 8 for evacuation
[2024-02-20T21:57:45.362+0000][7][gc,age      ] GC(51) Desired survivor size 41943040 bytes, new threshold 15 (max threshold 15)
[2024-02-20T21:57:45.365+0000][7][gc,phases   ] GC(51)   Pre Evacuate Collection Set: 0.1ms
[2024-02-20T21:57:45.365+0000][7][gc,phases   ] GC(51)   Merge Heap Roots: 0.3ms
[2024-02-20T21:57:45.365+0000][7][gc,phases   ] GC(51)   Evacuate Collection Set: 1.8ms
[2024-02-20T21:57:45.365+0000][7][gc,phases   ] GC(51)   Post Evacuate Collection Set: 0.8ms
[2024-02-20T21:57:45.365+0000][7][gc,phases   ] GC(51)   Other: 0.1ms
[2024-02-20T21:57:45.365+0000][7][gc,age      ] GC(51) Age table with threshold 15 (max threshold 15)
[2024-02-20T21:57:45.365+0000][7][gc,age      ] GC(51) - age   1:    1539696 bytes,    1539696 total
[2024-02-20T21:57:45.366+0000][7][gc,age      ] GC(51) - age   2:     119240 bytes,    1658936 total
[2024-02-20T21:57:45.366+0000][7][gc,age      ] GC(51) - age   3:      79920 bytes,    1738856 total
[2024-02-20T21:57:45.366+0000][7][gc,age      ] GC(51) - age   4:       8920 bytes,    1747776 total
[2024-02-20T21:57:45.366+0000][7][gc,age      ] GC(51) - age   5:       1744 bytes,    1749520 total
[2024-02-20T21:57:45.366+0000][7][gc,age      ] GC(51) - age   6:        448 bytes,    1749968 total
[2024-02-20T21:57:45.366+0000][7][gc,age      ] GC(51) - age   7:       1120 bytes,    1751088 total
[2024-02-20T21:57:45.366+0000][7][gc,age      ] GC(51) - age   8:       3456 bytes,    1754544 total
[2024-02-20T21:57:45.366+0000][7][gc,age      ] GC(51) - age   9:        584 bytes,    1755128 total
[2024-02-20T21:57:45.366+0000][7][gc,age      ] GC(51) - age  10:       6176 bytes,    1761304 total
[2024-02-20T21:57:45.366+0000][7][gc,age      ] GC(51) - age  11:     488864 bytes,    2250168 total
[2024-02-20T21:57:45.366+0000][7][gc,age      ] GC(51) - age  12:        408 bytes,    2250576 total
[2024-02-20T21:57:45.366+0000][7][gc,age      ] GC(51) - age  13:       1816 bytes,    2252392 total
[2024-02-20T21:57:45.366+0000][7][gc,age      ] GC(51) - age  15:       1344 bytes,    2253736 total
[2024-02-20T21:57:45.366+0000][7][gc,heap     ] GC(51) Eden regions: 152->0(152)
[2024-02-20T21:57:45.366+0000][7][gc,heap     ] GC(51) Survivor regions: 1->1(20)
[2024-02-20T21:57:45.366+0000][7][gc,heap     ] GC(51) Old regions: 23->23
[2024-02-20T21:57:45.366+0000][7][gc,heap     ] GC(51) Archive regions: 2->2
[2024-02-20T21:57:45.366+0000][7][gc,heap     ] GC(51) Humongous regions: 0->0
[2024-02-20T21:57:45.366+0000][7][gc,metaspace] GC(51) Metaspace: 127978K(131648K)->127978K(131648K) NonClass: 111131K(112960K)->111131K(112960K) Class: 16847K(18688K)->16847K(18688K)
[2024-02-20T21:57:45.366+0000][7][gc          ] GC(51) Pause Young (Normal) (G1 Evacuation Pause) 704M->96M(1024M) 3.672ms
[2024-02-20T21:57:45.366+0000][7][gc,cpu      ] GC(51) User=0.02s Sys=0.00s Real=0.00s
[2024-02-20T21:57:45.366+0000][7][safepoint   ] Safepoint "G1CollectForAllocation", Time since last: 11281880405 ns, Reaching safepoint: 56798 ns, At safepoint: 3769318 ns, Total: 3826116 ns
[2024-02-20T21:57:48.366+0000][7][safepoint   ] Safepoint "Cleanup", Time since last: 3000256859 ns, Reaching safepoint: 79905 ns, At safepoint: 7461 ns, Total: 87366 ns
[2024-02-20T21:58:01.368+0000][7][safepoint   ] Safepoint "Cleanup", Time since last: 13001319204 ns, Reaching safepoint: 102694 ns, At safepoint: 10483 ns, Total: 113177 ns
[2024-02-20T21:59:19.375+0000][7][safepoint   ] Safepoint "Cleanup", Time since last: 78007201654 ns, Reaching safepoint: 52943 ns, At safepoint: 5410 ns, Total: 58353 ns
[2024-02-20T21:59:48.378+0000][7][safepoint   ] Safepoint "Cleanup", Time since last: 29002526609 ns, Reaching safepoint: 133652 ns, At safepoint: 23723 ns, Total: 157375 ns
[2024-02-20T22:00:10.380+0000][7][safepoint   ] Safepoint "Cleanup", Time since last: 22002585630 ns, Reaching safepoint: 57477 ns, At safepoint: 5176 ns, Total: 62653 ns
[2024-02-20T22:00:30.279+0000][7][gc,start    ] GC(52) Pause Young (Normal) (G1 Evacuation Pause)
[2024-02-20T22:00:30.279+0000][7][gc,task     ] GC(52) Using 8 workers of 8 for evacuation
[2024-02-20T22:00:30.279+0000][7][gc,age      ] GC(52) Desired survivor size 41943040 bytes, new threshold 15 (max threshold 15)
[2024-02-20T22:00:30.283+0000][7][gc,phases   ] GC(52)   Pre Evacuate Collection Set: 0.1ms
[2024-02-20T22:00:30.283+0000][7][gc,phases   ] GC(52)   Merge Heap Roots: 0.1ms
[2024-02-20T22:00:30.283+0000][7][gc,phases   ] GC(52)   Evacuate Collection Set: 2.3ms
[2024-02-20T22:00:30.283+0000][7][gc,phases   ] GC(52)   Post Evacuate Collection Set: 1.3ms
[2024-02-20T22:00:30.283+0000][7][gc,phases   ] GC(52)   Other: 0.1ms
[2024-02-20T22:00:30.283+0000][7][gc,age      ] GC(52) Age table with threshold 15 (max threshold 15)
[2024-02-20T22:00:30.283+0000][7][gc,age      ] GC(52) - age   1:    1779392 bytes,    1779392 total
[2024-02-20T22:00:30.283+0000][7][gc,age      ] GC(52) - age   2:      95000 bytes,    1874392 total
[2024-02-20T22:00:30.283+0000][7][gc,age      ] GC(52) - age   3:     117264 bytes,    1991656 total
[2024-02-20T22:00:30.284+0000][7][gc,age      ] GC(52) - age   4:      79856 bytes,    2071512 total
[2024-02-20T22:00:30.284+0000][7][gc,age      ] GC(52) - age   5:       4776 bytes,    2076288 total
[2024-02-20T22:00:30.284+0000][7][gc,age      ] GC(52) - age   6:       1560 bytes,    2077848 total
[2024-02-20T22:00:30.284+0000][7][gc,age      ] GC(52) - age   7:        448 bytes,    2078296 total
[2024-02-20T22:00:30.284+0000][7][gc,age      ] GC(52) - age   8:       1088 bytes,    2079384 total
[2024-02-20T22:00:30.284+0000][7][gc,age      ] GC(52) - age   9:       3456 bytes,    2082840 total
[2024-02-20T22:00:30.284+0000][7][gc,age      ] GC(52) - age  10:        584 bytes,    2083424 total
[2024-02-20T22:00:30.284+0000][7][gc,age      ] GC(52) - age  11:       5800 bytes,    2089224 total
[2024-02-20T22:00:30.284+0000][7][gc,age      ] GC(52) - age  12:     488864 bytes,    2578088 total
[2024-02-20T22:00:30.284+0000][7][gc,age      ] GC(52) - age  13:        408 bytes,    2578496 total
[2024-02-20T22:00:30.284+0000][7][gc,age      ] GC(52) - age  14:       1816 bytes,    2580312 total
[2024-02-20T22:00:30.284+0000][7][gc,heap     ] GC(52) Eden regions: 152->0(152)
[2024-02-20T22:00:30.284+0000][7][gc,heap     ] GC(52) Survivor regions: 1->1(20)
[2024-02-20T22:00:30.284+0000][7][gc,heap     ] GC(52) Old regions: 23->23
[2024-02-20T22:00:30.284+0000][7][gc,heap     ] GC(52) Archive regions: 2->2
[2024-02-20T22:00:30.284+0000][7][gc,heap     ] GC(52) Humongous regions: 0->0
[2024-02-20T22:00:30.284+0000][7][gc,metaspace] GC(52) Metaspace: 128018K(131712K)->128018K(131712K) NonClass: 111167K(113024K)->111167K(113024K) Class: 16851K(18688K)->16851K(18688K)
[2024-02-20T22:00:30.284+0000][7][gc          ] GC(52) Pause Young (Normal) (G1 Evacuation Pause) 704M->96M(1024M) 4.241ms
[2024-02-20T22:00:30.284+0000][7][gc,cpu      ] GC(52) User=0.01s Sys=0.00s Real=0.01s
[2024-02-20T22:00:30.284+0000][7][safepoint   ] Safepoint "G1CollectForAllocation", Time since last: 19899135464 ns, Reaching safepoint: 47019 ns, At safepoint: 4347343 ns, Total: 4394362 ns
[2024-02-20T22:00:48.286+0000][7][safepoint   ] Safepoint "Cleanup", Time since last: 18001815972 ns, Reaching safepoint: 61421 ns, At safepoint: 5836 ns, Total: 67257 ns
[2024-02-20T22:01:14.975+0000][7][safepoint   ] Safepoint "Cleanup", Time since last: 26002736787 ns, Reaching safepoint: 58195 ns, At safepoint: 5615 ns, Total: 63810 ns
[2024-02-20T22:01:21.002+0000][7][safepoint   ] Safepoint "Cleanup", Time since last: 6027068087 ns, Reaching safepoint: 123706 ns, At safepoint: 9327 ns, Total: 133033 ns
[2024-02-20T22:02:15.008+0000][7][safepoint   ] Safepoint "Cleanup", Time since last: 54005752228 ns, Reaching safepoint: 70107 ns, At safepoint: 9116 ns, Total: 79223 ns
[2024-02-20T22:02:45.011+0000][7][safepoint   ] Safepoint "Cleanup", Time since last: 30002917027 ns, Reaching safepoint: 65533 ns, At safepoint: 12018 ns, Total: 77551 ns
[2024-02-20T22:03:15.986+0000][7][gc,start    ] GC(53) Pause Young (Normal) (G1 Evacuation Pause)
[2024-02-20T22:03:15.986+0000][7][gc,task     ] GC(53) Using 8 workers of 8 for evacuation
[2024-02-20T22:03:15.987+0000][7][gc,age      ] GC(53) Desired survivor size 41943040 bytes, new threshold 15 (max threshold 15)
[2024-02-20T22:03:15.989+0000][7][gc,phases   ] GC(53)   Pre Evacuate Collection Set: 0.1ms
[2024-02-20T22:03:15.990+0000][7][gc,phases   ] GC(53)   Merge Heap Roots: 0.1ms
[2024-02-20T22:03:15.990+0000][7][gc,phases   ] GC(53)   Evacuate Collection Set: 1.7ms
[2024-02-20T22:03:15.990+0000][7][gc,phases   ] GC(53)   Post Evacuate Collection Set: 0.9ms
[2024-02-20T22:03:15.990+0000][7][gc,phases   ] GC(53)   Other: 0.1ms
[2024-02-20T22:03:15.990+0000][7][gc,age      ] GC(53) Age table with threshold 15 (max threshold 15)
[2024-02-20T22:03:15.990+0000][7][gc,age      ] GC(53) - age   1:     954216 bytes,     954216 total
[2024-02-20T22:03:15.990+0000][7][gc,age      ] GC(53) - age   2:      45296 bytes,     999512 total
[2024-02-20T22:03:15.990+0000][7][gc,age      ] GC(53) - age   3:      84800 bytes,    1084312 total
[2024-02-20T22:03:15.990+0000][7][gc,age      ] GC(53) - age   4:     117200 bytes,    1201512 total
[2024-02-20T22:03:15.990+0000][7][gc,age      ] GC(53) - age   5:      79856 bytes,    1281368 total
[2024-02-20T22:03:15.990+0000][7][gc,age      ] GC(53) - age   6:       4776 bytes,    1286144 total
[2024-02-20T22:03:15.990+0000][7][gc,age      ] GC(53) - age   7:       1560 bytes,    1287704 total
[2024-02-20T22:03:15.990+0000][7][gc,age      ] GC(53) - age   8:        448 bytes,    1288152 total
[2024-02-20T22:03:15.990+0000][7][gc,age      ] GC(53) - age   9:       1088 bytes,    1289240 total
[2024-02-20T22:03:15.990+0000][7][gc,age      ] GC(53) - age  10:       3456 bytes,    1292696 total
[2024-02-20T22:03:15.990+0000][7][gc,age      ] GC(53) - age  11:        400 bytes,    1293096 total
[2024-02-20T22:03:15.990+0000][7][gc,age      ] GC(53) - age  12:       5800 bytes,    1298896 total
[2024-02-20T22:03:15.990+0000][7][gc,age      ] GC(53) - age  13:     488864 bytes,    1787760 total
[2024-02-20T22:03:15.990+0000][7][gc,age      ] GC(53) - age  14:        408 bytes,    1788168 total
[2024-02-20T22:03:15.990+0000][7][gc,age      ] GC(53) - age  15:       1816 bytes,    1789984 total
[2024-02-20T22:03:15.990+0000][7][gc,heap     ] GC(53) Eden regions: 152->0(152)
[2024-02-20T22:03:15.990+0000][7][gc,heap     ] GC(53) Survivor regions: 1->1(20)
[2024-02-20T22:03:15.990+0000][7][gc,heap     ] GC(53) Old regions: 23->23
[2024-02-20T22:03:15.990+0000][7][gc,heap     ] GC(53) Archive regions: 2->2
[2024-02-20T22:03:15.990+0000][7][gc,heap     ] GC(53) Humongous regions: 0->0
[2024-02-20T22:03:15.990+0000][7][gc,metaspace] GC(53) Metaspace: 128023K(131712K)->128023K(131712K) NonClass: 111171K(113024K)->111171K(113024K) Class: 16851K(18688K)->16851K(18688K)
[2024-02-20T22:03:15.990+0000][7][gc          ] GC(53) Pause Young (Normal) (G1 Evacuation Pause) 704M->96M(1024M) 3.338ms
[2024-02-20T22:03:15.990+0000][7][gc,cpu      ] GC(53) User=0.02s Sys=0.00s Real=0.01s
[2024-02-20T22:03:15.990+0000][7][safepoint   ] Safepoint "G1CollectForAllocation", Time since last: 30975479190 ns, Reaching safepoint: 47816 ns, At safepoint: 3440368 ns, Total: 3488184 ns
[2024-02-20T22:03:48.993+0000][7][safepoint   ] Safepoint "Cleanup", Time since last: 33003351804 ns, Reaching safepoint: 55290 ns, At safepoint: 4941 ns, Total: 60231 ns
[2024-02-20T22:03:57.994+0000][7][safepoint   ] Safepoint "Cleanup", Time since last: 9001012176 ns, Reaching safepoint: 92972 ns, At safepoint: 12019 ns, Total: 104991 ns
[2024-02-20T22:04:15.996+0000][7][safepoint   ] Safepoint "Cleanup", Time since last: 18002085716 ns, Reaching safepoint: 64290 ns, At safepoint: 5353 ns, Total: 69643 ns
[2024-02-20T22:05:04.001+0000][7][safepoint   ] Safepoint "Cleanup", Time since last: 48004581010 ns, Reaching safepoint: 52660 ns, At safepoint: 31108 ns, Total: 83768 ns
[2024-02-20T22:05:40.004+0000][7][safepoint   ] Safepoint "Cleanup", Time since last: 36003238027 ns, Reaching safepoint: 62336 ns, At safepoint: 5587 ns, Total: 67923 ns
[2024-02-20T22:05:49.006+0000][7][safepoint   ] Safepoint "Cleanup", Time since last: 9001146846 ns, Reaching safepoint: 54661 ns, At safepoint: 6507 ns, Total: 61168 ns
[2024-02-20T22:05:57.910+0000][7][gc,start    ] GC(54) Pause Young (Normal) (G1 Evacuation Pause)
[2024-02-20T22:05:57.910+0000][7][gc,task     ] GC(54) Using 8 workers of 8 for evacuation
[2024-02-20T22:05:57.910+0000][7][gc,age      ] GC(54) Desired survivor size 41943040 bytes, new threshold 15 (max threshold 15)
[2024-02-20T22:05:57.913+0000][7][gc,phases   ] GC(54)   Pre Evacuate Collection Set: 0.1ms
[2024-02-20T22:05:57.913+0000][7][gc,phases   ] GC(54)   Merge Heap Roots: 0.1ms
[2024-02-20T22:05:57.913+0000][7][gc,phases   ] GC(54)   Evacuate Collection Set: 1.3ms
[2024-02-20T22:05:57.913+0000][7][gc,phases   ] GC(54)   Post Evacuate Collection Set: 0.7ms
[2024-02-20T22:05:57.913+0000][7][gc,phases   ] GC(54)   Other: 0.1ms
[2024-02-20T22:05:57.913+0000][7][gc,age      ] GC(54) Age table with threshold 15 (max threshold 15)
[2024-02-20T22:05:57.913+0000][7][gc,age      ] GC(54) - age   1:     460672 bytes,     460672 total
[2024-02-20T22:05:57.913+0000][7][gc,age      ] GC(54) - age   2:       6440 bytes,     467112 total
[2024-02-20T22:05:57.913+0000][7][gc,age      ] GC(54) - age   3:      42696 bytes,     509808 total
[2024-02-20T22:05:57.913+0000][7][gc,age      ] GC(54) - age   4:      84272 bytes,     594080 total
[2024-02-20T22:05:57.913+0000][7][gc,age      ] GC(54) - age   5:     117200 bytes,     711280 total
[2024-02-20T22:05:57.913+0000][7][gc,age      ] GC(54) - age   6:      79856 bytes,     791136 total
[2024-02-20T22:05:57.913+0000][7][gc,age      ] GC(54) - age   7:       4384 bytes,     795520 total
[2024-02-20T22:05:57.913+0000][7][gc,age      ] GC(54) - age   8:       1176 bytes,     796696 total
[2024-02-20T22:05:57.913+0000][7][gc,age      ] GC(54) - age   9:        448 bytes,     797144 total
[2024-02-20T22:05:57.913+0000][7][gc,age      ] GC(54) - age  10:       1088 bytes,     798232 total
[2024-02-20T22:05:57.913+0000][7][gc,age      ] GC(54) - age  11:       3456 bytes,     801688 total
[2024-02-20T22:05:57.913+0000][7][gc,age      ] GC(54) - age  12:        400 bytes,     802088 total
[2024-02-20T22:05:57.913+0000][7][gc,age      ] GC(54) - age  13:       5800 bytes,     807888 total
[2024-02-20T22:05:57.913+0000][7][gc,age      ] GC(54) - age  14:     488864 bytes,    1296752 total
[2024-02-20T22:05:57.913+0000][7][gc,age      ] GC(54) - age  15:        408 bytes,    1297160 total
[2024-02-20T22:05:57.913+0000][7][gc,heap     ] GC(54) Eden regions: 152->0(152)
[2024-02-20T22:05:57.913+0000][7][gc,heap     ] GC(54) Survivor regions: 1->1(20)
[2024-02-20T22:05:57.913+0000][7][gc,heap     ] GC(54) Old regions: 23->23
[2024-02-20T22:05:57.913+0000][7][gc,heap     ] GC(54) Archive regions: 2->2
[2024-02-20T22:05:57.913+0000][7][gc,heap     ] GC(54) Humongous regions: 0->0
[2024-02-20T22:05:57.913+0000][7][gc,metaspace] GC(54) Metaspace: 128023K(131712K)->128023K(131712K) NonClass: 111172K(113024K)->111172K(113024K) Class: 16851K(18688K)->16851K(18688K)
[2024-02-20T22:05:57.913+0000][7][gc          ] GC(54) Pause Young (Normal) (G1 Evacuation Pause) 704M->95M(1024M) 2.594ms
[2024-02-20T22:05:57.913+0000][7][gc,cpu      ] GC(54) User=0.01s Sys=0.00s Real=0.00s
[2024-02-20T22:05:57.913+0000][7][safepoint   ] Safepoint "G1CollectForAllocation", Time since last: 8904470733 ns, Reaching safepoint: 48948 ns, At safepoint: 2689925 ns, Total: 2738873 ns
[2024-02-20T22:06:04.914+0000][7][safepoint   ] Safepoint "Cleanup", Time since last: 7000718161 ns, Reaching safepoint: 59323 ns, At safepoint: 7671 ns, Total: 66994 ns
[2024-02-20T22:06:16.915+0000][7][safepoint   ] Safepoint "Cleanup", Time since last: 12001426266 ns, Reaching safepoint: 68408 ns, At safepoint: 33628 ns, Total: 102036 ns
[2024-02-20T22:06:31.917+0000][7][safepoint   ] Safepoint "Cleanup", Time since last: 15001399855 ns, Reaching safepoint: 62117 ns, At safepoint: 6641 ns, Total: 68758 ns
[2024-02-20T22:07:04.920+0000][7][safepoint   ] Safepoint "Cleanup", Time since last: 33003408953 ns, Reaching safepoint: 57359 ns, At safepoint: 3469 ns, Total: 60828 ns
[2024-02-20T22:07:43.924+0000][7][safepoint   ] Safepoint "Cleanup", Time since last: 39003478478 ns, Reaching safepoint: 72468 ns, At safepoint: 51756 ns, Total: 124224 ns
[2024-02-20T22:08:18.928+0000][7][safepoint   ] Safepoint "Cleanup", Time since last: 35003832063 ns, Reaching safepoint: 54450 ns, At safepoint: 6817 ns, Total: 61267 ns
[2024-02-20T22:08:43.005+0000][7][gc,start    ] GC(55) Pause Young (Normal) (G1 Evacuation Pause)
[2024-02-20T22:08:43.005+0000][7][gc,task     ] GC(55) Using 8 workers of 8 for evacuation
[2024-02-20T22:08:43.005+0000][7][gc,age      ] GC(55) Desired survivor size 41943040 bytes, new threshold 15 (max threshold 15)
[2024-02-20T22:08:43.008+0000][7][gc,phases   ] GC(55)   Pre Evacuate Collection Set: 0.1ms
[2024-02-20T22:08:43.008+0000][7][gc,phases   ] GC(55)   Merge Heap Roots: 0.1ms
[2024-02-20T22:08:43.008+0000][7][gc,phases   ] GC(55)   Evacuate Collection Set: 1.9ms
[2024-02-20T22:08:43.008+0000][7][gc,phases   ] GC(55)   Post Evacuate Collection Set: 0.8ms
[2024-02-20T22:08:43.008+0000][7][gc,phases   ] GC(55)   Other: 0.1ms
[2024-02-20T22:08:43.008+0000][7][gc,age      ] GC(55) Age table with threshold 15 (max threshold 15)
[2024-02-20T22:08:43.008+0000][7][gc,age      ] GC(55) - age   1:    1002720 bytes,    1002720 total
[2024-02-20T22:08:43.008+0000][7][gc,age      ] GC(55) - age   2:      12480 bytes,    1015200 total
[2024-02-20T22:08:43.008+0000][7][gc,age      ] GC(55) - age   3:       2848 bytes,    1018048 total
[2024-02-20T22:08:43.008+0000][7][gc,age      ] GC(55) - age   4:      41992 bytes,    1060040 total
[2024-02-20T22:08:43.008+0000][7][gc,age      ] GC(55) - age   5:      84088 bytes,    1144128 total
[2024-02-20T22:08:43.008+0000][7][gc,age      ] GC(55) - age   6:     117200 bytes,    1261328 total
[2024-02-20T22:08:43.008+0000][7][gc,age      ] GC(55) - age   7:      79856 bytes,    1341184 total
[2024-02-20T22:08:43.008+0000][7][gc,age      ] GC(55) - age   8:       4384 bytes,    1345568 total
[2024-02-20T22:08:43.008+0000][7][gc,age      ] GC(55) - age   9:       1176 bytes,    1346744 total
[2024-02-20T22:08:43.008+0000][7][gc,age      ] GC(55) - age  10:        448 bytes,    1347192 total
[2024-02-20T22:08:43.008+0000][7][gc,age      ] GC(55) - age  11:       1088 bytes,    1348280 total
[2024-02-20T22:08:43.008+0000][7][gc,age      ] GC(55) - age  12:       3456 bytes,    1351736 total
[2024-02-20T22:08:43.008+0000][7][gc,age      ] GC(55) - age  13:        400 bytes,    1352136 total
[2024-02-20T22:08:43.008+0000][7][gc,age      ] GC(55) - age  14:       5800 bytes,    1357936 total
[2024-02-20T22:08:43.008+0000][7][gc,age      ] GC(55) - age  15:     488648 bytes,    1846584 total
[2024-02-20T22:08:43.008+0000][7][gc,heap     ] GC(55) Eden regions: 152->0(152)
[2024-02-20T22:08:43.008+0000][7][gc,heap     ] GC(55) Survivor regions: 1->1(20)
[2024-02-20T22:08:43.008+0000][7][gc,heap     ] GC(55) Old regions: 23->23
[2024-02-20T22:08:43.008+0000][7][gc,heap     ] GC(55) Archive regions: 2->2
[2024-02-20T22:08:43.008+0000][7][gc,heap     ] GC(55) Humongous regions: 0->0
[2024-02-20T22:08:43.008+0000][7][gc,metaspace] GC(55) Metaspace: 128283K(131968K)->128283K(131968K) NonClass: 111383K(113216K)->111383K(113216K) Class: 16900K(18752K)->16900K(18752K)
[2024-02-20T22:08:43.008+0000][7][gc          ] GC(55) Pause Young (Normal) (G1 Evacuation Pause) 703M->96M(1024M) 3.351ms
[2024-02-20T22:08:43.008+0000][7][gc,cpu      ] GC(55) User=0.01s Sys=0.00s Real=0.01s
[2024-02-20T22:08:43.008+0000][7][safepoint   ] Safepoint "G1CollectForAllocation", Time since last: 24077233481 ns, Reaching safepoint: 77249 ns, At safepoint: 3448938 ns, Total: 3526187 ns
[2024-02-20T22:08:49.009+0000][7][safepoint   ] Safepoint "Cleanup", Time since last: 6000538069 ns, Reaching safepoint: 60201 ns, At safepoint: 7767 ns, Total: 67968 ns
[2024-02-20T22:09:40.014+0000][7][safepoint   ] Safepoint "Cleanup", Time since last: 51004448024 ns, Reaching safepoint: 192983 ns, At safepoint: 12546 ns, Total: 205529 ns
[2024-02-20T22:10:07.016+0000][7][safepoint   ] Safepoint "Cleanup", Time since last: 27002520840 ns, Reaching safepoint: 100748 ns, At safepoint: 4057 ns, Total: 104805 ns
[2024-02-20T22:10:19.017+0000][7][safepoint   ] Safepoint "Cleanup", Time since last: 12001022311 ns, Reaching safepoint: 96240 ns, At safepoint: 5290 ns, Total: 101530 ns
[2024-02-20T22:10:28.018+0000][7][safepoint   ] Safepoint "Cleanup", Time since last: 9000740514 ns, Reaching safepoint: 104615 ns, At safepoint: 4966 ns, Total: 109581 ns
[2024-02-20T22:10:52.021+0000][7][safepoint   ] Safepoint "Cleanup", Time since last: 24002371441 ns, Reaching safepoint: 151060 ns, At safepoint: 7528 ns, Total: 158588 ns
[2024-02-20T22:11:27.971+0000][7][gc,start    ] GC(56) Pause Young (Normal) (G1 Evacuation Pause)
[2024-02-20T22:11:27.971+0000][7][gc,task     ] GC(56) Using 8 workers of 8 for evacuation
[2024-02-20T22:11:27.972+0000][7][gc,age      ] GC(56) Desired survivor size 41943040 bytes, new threshold 15 (max threshold 15)
[2024-02-20T22:11:27.975+0000][7][gc,phases   ] GC(56)   Pre Evacuate Collection Set: 0.1ms
[2024-02-20T22:11:27.975+0000][7][gc,phases   ] GC(56)   Merge Heap Roots: 0.1ms
[2024-02-20T22:11:27.975+0000][7][gc,phases   ] GC(56)   Evacuate Collection Set: 2.2ms
[2024-02-20T22:11:27.975+0000][7][gc,phases   ] GC(56)   Post Evacuate Collection Set: 0.7ms
[2024-02-20T22:11:27.975+0000][7][gc,phases   ] GC(56)   Other: 0.1ms
[2024-02-20T22:11:27.975+0000][7][gc,age      ] GC(56) Age table with threshold 15 (max threshold 15)
[2024-02-20T22:11:27.975+0000][7][gc,age      ] GC(56) - age   1:    1906952 bytes,    1906952 total
[2024-02-20T22:11:27.975+0000][7][gc,age      ] GC(56) - age   2:      97832 bytes,    2004784 total
[2024-02-20T22:11:27.975+0000][7][gc,age      ] GC(56) - age   3:      11120 bytes,    2015904 total
[2024-02-20T22:11:27.975+0000][7][gc,age      ] GC(56) - age   4:       2536 bytes,    2018440 total
[2024-02-20T22:11:27.975+0000][7][gc,age      ] GC(56) - age   5:      37824 bytes,    2056264 total
[2024-02-20T22:11:27.975+0000][7][gc,age      ] GC(56) - age   6:      84000 bytes,    2140264 total
[2024-02-20T22:11:27.975+0000][7][gc,age      ] GC(56) - age   7:     117200 bytes,    2257464 total
[2024-02-20T22:11:27.975+0000][7][gc,age      ] GC(56) - age   8:      79856 bytes,    2337320 total
[2024-02-20T22:11:27.975+0000][7][gc,age      ] GC(56) - age   9:       4352 bytes,    2341672 total
[2024-02-20T22:11:27.975+0000][7][gc,age      ] GC(56) - age  10:       1176 bytes,    2342848 total
[2024-02-20T22:11:27.975+0000][7][gc,age      ] GC(56) - age  11:        264 bytes,    2343112 total
[2024-02-20T22:11:27.975+0000][7][gc,age      ] GC(56) - age  12:       1088 bytes,    2344200 total
[2024-02-20T22:11:27.975+0000][7][gc,age      ] GC(56) - age  13:       3456 bytes,    2347656 total
[2024-02-20T22:11:27.975+0000][7][gc,age      ] GC(56) - age  14:        400 bytes,    2348056 total
[2024-02-20T22:11:27.975+0000][7][gc,age      ] GC(56) - age  15:       5800 bytes,    2353856 total
[2024-02-20T22:11:27.975+0000][7][gc,heap     ] GC(56) Eden regions: 152->0(152)
[2024-02-20T22:11:27.975+0000][7][gc,heap     ] GC(56) Survivor regions: 1->1(20)
[2024-02-20T22:11:27.975+0000][7][gc,heap     ] GC(56) Old regions: 23->23
[2024-02-20T22:11:27.975+0000][7][gc,heap     ] GC(56) Archive regions: 2->2
[2024-02-20T22:11:27.975+0000][7][gc,heap     ] GC(56) Humongous regions: 0->0
[2024-02-20T22:11:27.975+0000][7][gc,metaspace] GC(56) Metaspace: 128291K(131968K)->128291K(131968K) NonClass: 111391K(113216K)->111391K(113216K) Class: 16900K(18752K)->16900K(18752K)
[2024-02-20T22:11:27.975+0000][7][gc          ] GC(56) Pause Young (Normal) (G1 Evacuation Pause) 704M->97M(1024M) 3.425ms
[2024-02-20T22:11:27.975+0000][7][gc,cpu      ] GC(56) User=0.02s Sys=0.00s Real=0.00s
[2024-02-20T22:11:27.975+0000][7][safepoint   ] Safepoint "G1CollectForAllocation", Time since last: 35950499426 ns, Reaching safepoint: 122352 ns, At safepoint: 3513321 ns, Total: 3635673 ns
[2024-02-20T22:11:43.977+0000][7][safepoint   ] Safepoint "Cleanup", Time since last: 16001501699 ns, Reaching safepoint: 82851 ns, At safepoint: 4576 ns, Total: 87427 ns
[2024-02-20T22:11:58.978+0000][7][safepoint   ] Safepoint "Cleanup", Time since last: 15001483702 ns, Reaching safepoint: 87274 ns, At safepoint: 7787 ns, Total: 95061 ns
[2024-02-20T22:12:00.978+0000][7][safepoint   ] Safepoint "Cleanup", Time since last: 2000195086 ns, Reaching safepoint: 136635 ns, At safepoint: 7920 ns, Total: 144555 ns
[2024-02-20T22:12:19.981+0000][7][safepoint   ] Safepoint "Cleanup", Time since last: 19002110973 ns, Reaching safepoint: 42616 ns, At safepoint: 4134 ns, Total: 46750 ns
[2024-02-20T22:13:48.989+0000][7][safepoint   ] Safepoint "Cleanup", Time since last: 89008046922 ns, Reaching safepoint: 57896 ns, At safepoint: 7636 ns, Total: 65532 ns
[2024-02-20T22:14:09.978+0000][7][gc,start    ] GC(57) Pause Young (Normal) (G1 Evacuation Pause)
[2024-02-20T22:14:09.978+0000][7][gc,task     ] GC(57) Using 8 workers of 8 for evacuation
[2024-02-20T22:14:09.978+0000][7][gc,age      ] GC(57) Desired survivor size 41943040 bytes, new threshold 15 (max threshold 15)
[2024-02-20T22:14:09.980+0000][7][gc,phases   ] GC(57)   Pre Evacuate Collection Set: 0.1ms
[2024-02-20T22:14:09.980+0000][7][gc,phases   ] GC(57)   Merge Heap Roots: 0.1ms
[2024-02-20T22:14:09.980+0000][7][gc,phases   ] GC(57)   Evacuate Collection Set: 1.4ms
[2024-02-20T22:14:09.980+0000][7][gc,phases   ] GC(57)   Post Evacuate Collection Set: 0.7ms
[2024-02-20T22:14:09.980+0000][7][gc,phases   ] GC(57)   Other: 0.1ms
[2024-02-20T22:14:09.980+0000][7][gc,age      ] GC(57) Age table with threshold 15 (max threshold 15)
[2024-02-20T22:14:09.980+0000][7][gc,age      ] GC(57) - age   1:     740720 bytes,     740720 total
[2024-02-20T22:14:09.980+0000][7][gc,age      ] GC(57) - age   2:       8928 bytes,     749648 total
[2024-02-20T22:14:09.980+0000][7][gc,age      ] GC(57) - age   3:      95680 bytes,     845328 total
[2024-02-20T22:14:09.980+0000][7][gc,age      ] GC(57) - age   4:      11056 bytes,     856384 total
[2024-02-20T22:14:09.980+0000][7][gc,age      ] GC(57) - age   5:       2536 bytes,     858920 total
[2024-02-20T22:14:09.980+0000][7][gc,age      ] GC(57) - age   6:      37760 bytes,     896680 total
[2024-02-20T22:14:09.980+0000][7][gc,age      ] GC(57) - age   7:      84000 bytes,     980680 total
[2024-02-20T22:14:09.980+0000][7][gc,age      ] GC(57) - age   8:     117200 bytes,    1097880 total
[2024-02-20T22:14:09.980+0000][7][gc,age      ] GC(57) - age   9:      79856 bytes,    1177736 total
[2024-02-20T22:14:09.980+0000][7][gc,age      ] GC(57) - age  10:       4352 bytes,    1182088 total
[2024-02-20T22:14:09.980+0000][7][gc,age      ] GC(57) - age  11:       1176 bytes,    1183264 total
[2024-02-20T22:14:09.980+0000][7][gc,age      ] GC(57) - age  12:        264 bytes,    1183528 total
[2024-02-20T22:14:09.980+0000][7][gc,age      ] GC(57) - age  13:       1088 bytes,    1184616 total
[2024-02-20T22:14:09.980+0000][7][gc,age      ] GC(57) - age  14:       3456 bytes,    1188072 total
[2024-02-20T22:14:09.980+0000][7][gc,age      ] GC(57) - age  15:        400 bytes,    1188472 total
[2024-02-20T22:14:09.980+0000][7][gc,heap     ] GC(57) Eden regions: 152->0(152)
[2024-02-20T22:14:09.980+0000][7][gc,heap     ] GC(57) Survivor regions: 1->1(20)
[2024-02-20T22:14:09.980+0000][7][gc,heap     ] GC(57) Old regions: 23->23
[2024-02-20T22:14:09.980+0000][7][gc,heap     ] GC(57) Archive regions: 2->2
[2024-02-20T22:14:09.980+0000][7][gc,heap     ] GC(57) Humongous regions: 0->0
[2024-02-20T22:14:09.980+0000][7][gc,metaspace] GC(57) Metaspace: 128305K(131968K)->128305K(131968K) NonClass: 111405K(113216K)->111405K(113216K) Class: 16900K(18752K)->16900K(18752K)
[2024-02-20T22:14:09.980+0000][7][gc          ] GC(57) Pause Young (Normal) (G1 Evacuation Pause) 705M->96M(1024M) 2.684ms
[2024-02-20T22:14:09.980+0000][7][gc,cpu      ] GC(57) User=0.01s Sys=0.00s Real=0.01s
[2024-02-20T22:14:09.980+0000][7][safepoint   ] Safepoint "G1CollectForAllocation", Time since last: 20988840578 ns, Reaching safepoint: 60656 ns, At safepoint: 2774632 ns, Total: 2835288 ns
[2024-02-20T22:14:14.981+0000][7][safepoint   ] Safepoint "Cleanup", Time since last: 5000442229 ns, Reaching safepoint: 56250 ns, At safepoint: 5922 ns, Total: 62172 ns
[2024-02-20T22:14:28.982+0000][7][safepoint   ] Safepoint "Cleanup", Time since last: 14001296563 ns, Reaching safepoint: 103796 ns, At safepoint: 11445 ns, Total: 115241 ns
[2024-02-20T22:14:44.984+0000][7][safepoint   ] Safepoint "Cleanup", Time since last: 16001393884 ns, Reaching safepoint: 83160 ns, At safepoint: 17549 ns, Total: 100709 ns
[2024-02-20T22:14:48.984+0000][7][safepoint   ] Safepoint "Cleanup", Time since last: 4000357386 ns, Reaching safepoint: 64473 ns, At safepoint: 7120 ns, Total: 71593 ns
[2024-02-20T22:14:55.985+0000][7][safepoint   ] Safepoint "Cleanup", Time since last: 7000669314 ns, Reaching safepoint: 63708 ns, At safepoint: 9845 ns, Total: 73553 ns
[2024-02-20T22:15:14.987+0000][7][safepoint   ] Safepoint "Cleanup", Time since last: 19002199791 ns, Reaching safepoint: 81290 ns, At safepoint: 11348 ns, Total: 92638 ns
[2024-02-20T22:15:44.991+0000][7][safepoint   ] Safepoint "Cleanup", Time since last: 30003534059 ns, Reaching safepoint: 116139 ns, At safepoint: 42961 ns, Total: 159100 ns
[2024-02-20T22:15:48.991+0000][7][safepoint   ] Safepoint "Cleanup", Time since last: 4000441021 ns, Reaching safepoint: 89140 ns, At safepoint: 5630 ns, Total: 94770 ns
[2024-02-20T22:16:55.061+0000][7][gc,start    ] GC(58) Pause Young (Normal) (G1 Evacuation Pause)
[2024-02-20T22:16:55.061+0000][7][gc,task     ] GC(58) Using 8 workers of 8 for evacuation
[2024-02-20T22:16:55.061+0000][7][gc,age      ] GC(58) Desired survivor size 41943040 bytes, new threshold 15 (max threshold 15)
[2024-02-20T22:16:55.064+0000][7][gc,phases   ] GC(58)   Pre Evacuate Collection Set: 0.1ms
[2024-02-20T22:16:55.064+0000][7][gc,phases   ] GC(58)   Merge Heap Roots: 0.1ms
[2024-02-20T22:16:55.064+0000][7][gc,phases   ] GC(58)   Evacuate Collection Set: 1.9ms
[2024-02-20T22:16:55.064+0000][7][gc,phases   ] GC(58)   Post Evacuate Collection Set: 0.8ms
[2024-02-20T22:16:55.064+0000][7][gc,phases   ] GC(58)   Other: 0.1ms
[2024-02-20T22:16:55.064+0000][7][gc,age      ] GC(58) Age table with threshold 15 (max threshold 15)
[2024-02-20T22:16:55.064+0000][7][gc,age      ] GC(58) - age   1:    1412928 bytes,    1412928 total
[2024-02-20T22:16:55.064+0000][7][gc,age      ] GC(58) - age   2:      10416 bytes,    1423344 total
[2024-02-20T22:16:55.064+0000][7][gc,age      ] GC(58) - age   3:       5480 bytes,    1428824 total
[2024-02-20T22:16:55.064+0000][7][gc,age      ] GC(58) - age   4:      95552 bytes,    1524376 total
[2024-02-20T22:16:55.064+0000][7][gc,age      ] GC(58) - age   5:      11056 bytes,    1535432 total
[2024-02-20T22:16:55.064+0000][7][gc,age      ] GC(58) - age   6:       2536 bytes,    1537968 total
[2024-02-20T22:16:55.064+0000][7][gc,age      ] GC(58) - age   7:      37760 bytes,    1575728 total
[2024-02-20T22:16:55.064+0000][7][gc,age      ] GC(58) - age   8:      83904 bytes,    1659632 total
[2024-02-20T22:16:55.064+0000][7][gc,age      ] GC(58) - age   9:     117016 bytes,    1776648 total
[2024-02-20T22:16:55.064+0000][7][gc,age      ] GC(58) - age  10:      79856 bytes,    1856504 total
[2024-02-20T22:16:55.064+0000][7][gc,age      ] GC(58) - age  11:       4352 bytes,    1860856 total
[2024-02-20T22:16:55.064+0000][7][gc,age      ] GC(58) - age  12:       1176 bytes,    1862032 total
[2024-02-20T22:16:55.064+0000][7][gc,age      ] GC(58) - age  13:        264 bytes,    1862296 total
[2024-02-20T22:16:55.064+0000][7][gc,age      ] GC(58) - age  14:        904 bytes,    1863200 total
[2024-02-20T22:16:55.064+0000][7][gc,age      ] GC(58) - age  15:       3456 bytes,    1866656 total
[2024-02-20T22:16:55.064+0000][7][gc,heap     ] GC(58) Eden regions: 152->0(152)
[2024-02-20T22:16:55.064+0000][7][gc,heap     ] GC(58) Survivor regions: 1->1(20)
[2024-02-20T22:16:55.064+0000][7][gc,heap     ] GC(58) Old regions: 23->23
[2024-02-20T22:16:55.064+0000][7][gc,heap     ] GC(58) Archive regions: 2->2
[2024-02-20T22:16:55.064+0000][7][gc,heap     ] GC(58) Humongous regions: 0->0
[2024-02-20T22:16:55.064+0000][7][gc,metaspace] GC(58) Metaspace: 128306K(131968K)->128306K(131968K) NonClass: 111406K(113216K)->111406K(113216K) Class: 16900K(18752K)->16900K(18752K)
[2024-02-20T22:16:55.064+0000][7][gc          ] GC(58) Pause Young (Normal) (G1 Evacuation Pause) 704M->96M(1024M) 3.334ms
[2024-02-20T22:16:55.064+0000][7][gc,cpu      ] GC(58) User=0.02s Sys=0.00s Real=0.00s
[2024-02-20T22:16:55.064+0000][7][safepoint   ] Safepoint "G1CollectForAllocation", Time since last: 66069064662 ns, Reaching safepoint: 88323 ns, At safepoint: 3430191 ns, Total: 3518514 ns
[2024-02-20T22:17:34.068+0000][7][safepoint   ] Safepoint "Cleanup", Time since last: 39003888174 ns, Reaching safepoint: 65525 ns, At safepoint: 4004 ns, Total: 69529 ns
[2024-02-20T22:17:43.069+0000][7][safepoint   ] Safepoint "Cleanup", Time since last: 9000791206 ns, Reaching safepoint: 175479 ns, At safepoint: 16992 ns, Total: 192471 ns
[2024-02-20T22:18:16.073+0000][7][safepoint   ] Safepoint "Cleanup", Time since last: 33003820537 ns, Reaching safepoint: 73286 ns, At safepoint: 39259 ns, Total: 112545 ns
[2024-02-20T22:18:19.073+0000][7][safepoint   ] Safepoint "Cleanup", Time since last: 3000279720 ns, Reaching safepoint: 71147 ns, At safepoint: 6673 ns, Total: 77820 ns
[2024-02-20T22:18:32.402+0000][7][safepoint   ] Safepoint "Cleanup", Time since last: 13328861697 ns, Reaching safepoint: 103763 ns, At safepoint: 8623 ns, Total: 112386 ns
[2024-02-20T22:18:43.404+0000][7][safepoint   ] Safepoint "Cleanup", Time since last: 11001785882 ns, Reaching safepoint: 71795 ns, At safepoint: 7470 ns, Total: 79265 ns
[2024-02-20T22:18:44.404+0000][7][safepoint   ] Safepoint "Cleanup", Time since last: 1000149196 ns, Reaching safepoint: 65274 ns, At safepoint: 8869 ns, Total: 74143 ns
[2024-02-20T22:18:48.405+0000][7][safepoint   ] Safepoint "Cleanup", Time since last: 4000464766 ns, Reaching safepoint: 107306 ns, At safepoint: 7581 ns, Total: 114887 ns
[2024-02-20T22:18:59.407+0000][7][safepoint   ] Safepoint "Cleanup", Time since last: 11001525917 ns, Reaching safepoint: 76348 ns, At safepoint: 40669 ns, Total: 117017 ns
[2024-02-20T22:19:15.409+0000][7][safepoint   ] Safepoint "Cleanup", Time since last: 16002198334 ns, Reaching safepoint: 73584 ns, At safepoint: 46535 ns, Total: 120119 ns
[2024-02-20T22:19:39.412+0000][7][safepoint   ] Safepoint "Cleanup", Time since last: 24003055046 ns, Reaching safepoint: 79857 ns, At safepoint: 5364 ns, Total: 85221 ns
[2024-02-20T22:19:42.967+0000][7][gc,start    ] GC(59) Pause Young (Normal) (G1 Evacuation Pause)
[2024-02-20T22:19:42.967+0000][7][gc,task     ] GC(59) Using 8 workers of 8 for evacuation
[2024-02-20T22:19:42.967+0000][7][gc,age      ] GC(59) Desired survivor size 41943040 bytes, new threshold 15 (max threshold 15)
[2024-02-20T22:19:42.969+0000][7][gc,phases   ] GC(59)   Pre Evacuate Collection Set: 0.1ms
[2024-02-20T22:19:42.969+0000][7][gc,phases   ] GC(59)   Merge Heap Roots: 0.1ms
[2024-02-20T22:19:42.969+0000][7][gc,phases   ] GC(59)   Evacuate Collection Set: 1.7ms
[2024-02-20T22:19:42.969+0000][7][gc,phases   ] GC(59)   Post Evacuate Collection Set: 0.9ms
[2024-02-20T22:19:42.970+0000][7][gc,phases   ] GC(59)   Other: 0.1ms
[2024-02-20T22:19:42.970+0000][7][gc,age      ] GC(59) Age table with threshold 15 (max threshold 15)
[2024-02-20T22:19:42.970+0000][7][gc,age      ] GC(59) - age   1:    1160776 bytes,    1160776 total
[2024-02-20T22:19:42.970+0000][7][gc,age      ] GC(59) - age   2:       3064 bytes,    1163840 total
[2024-02-20T22:19:42.970+0000][7][gc,age      ] GC(59) - age   3:       8784 bytes,    1172624 total
[2024-02-20T22:19:42.970+0000][7][gc,age      ] GC(59) - age   4:        464 bytes,    1173088 total
[2024-02-20T22:19:42.970+0000][7][gc,age      ] GC(59) - age   5:      95296 bytes,    1268384 total
[2024-02-20T22:19:42.970+0000][7][gc,age      ] GC(59) - age   6:      10480 bytes,    1278864 total
[2024-02-20T22:19:42.970+0000][7][gc,age      ] GC(59) - age   7:       2536 bytes,    1281400 total
[2024-02-20T22:19:42.970+0000][7][gc,age      ] GC(59) - age   8:      37728 bytes,    1319128 total
[2024-02-20T22:19:42.970+0000][7][gc,age      ] GC(59) - age   9:      83904 bytes,    1403032 total
[2024-02-20T22:19:42.970+0000][7][gc,age      ] GC(59) - age  10:     117016 bytes,    1520048 total
[2024-02-20T22:19:42.970+0000][7][gc,age      ] GC(59) - age  11:      79856 bytes,    1599904 total
[2024-02-20T22:19:42.970+0000][7][gc,age      ] GC(59) - age  12:       4352 bytes,    1604256 total
[2024-02-20T22:19:42.970+0000][7][gc,age      ] GC(59) - age  13:       1176 bytes,    1605432 total
[2024-02-20T22:19:42.970+0000][7][gc,age      ] GC(59) - age  14:        264 bytes,    1605696 total
[2024-02-20T22:19:42.970+0000][7][gc,age      ] GC(59) - age  15:        904 bytes,    1606600 total
[2024-02-20T22:19:42.970+0000][7][gc,heap     ] GC(59) Eden regions: 152->0(152)
[2024-02-20T22:19:42.970+0000][7][gc,heap     ] GC(59) Survivor regions: 1->1(20)
[2024-02-20T22:19:42.970+0000][7][gc,heap     ] GC(59) Old regions: 23->23
[2024-02-20T22:19:42.970+0000][7][gc,heap     ] GC(59) Archive regions: 2->2
[2024-02-20T22:19:42.970+0000][7][gc,heap     ] GC(59) Humongous regions: 0->0
[2024-02-20T22:19:42.970+0000][7][gc,metaspace] GC(59) Metaspace: 128314K(131968K)->128314K(131968K) NonClass: 111414K(113216K)->111414K(113216K) Class: 16900K(18752K)->16900K(18752K)
[2024-02-20T22:19:42.970+0000][7][gc          ] GC(59) Pause Young (Normal) (G1 Evacuation Pause) 704M->96M(1024M) 3.176ms
[2024-02-20T22:19:42.970+0000][7][gc,cpu      ] GC(59) User=0.02s Sys=0.00s Real=0.01s
[2024-02-20T22:19:42.970+0000][7][safepoint   ] Safepoint "G1CollectForAllocation", Time since last: 3554433943 ns, Reaching safepoint: 57936 ns, At safepoint: 3273458 ns, Total: 3331394 ns
[2024-02-20T22:20:31.034+0000][7][safepoint   ] Safepoint "Cleanup", Time since last: 48064347948 ns, Reaching safepoint: 57242 ns, At safepoint: 16828 ns, Total: 74070 ns
[2024-02-20T22:22:07.045+0000][7][safepoint   ] Safepoint "Cleanup", Time since last: 96010726467 ns, Reaching safepoint: 94547 ns, At safepoint: 5724 ns, Total: 100271 ns
[2024-02-20T22:22:23.048+0000][7][safepoint   ] Safepoint "Cleanup", Time since last: 16002529420 ns, Reaching safepoint: 110146 ns, At safepoint: 12323 ns, Total: 122469 ns
[2024-02-20T22:22:28.911+0000][7][gc,start    ] GC(60) Pause Young (Normal) (G1 Evacuation Pause)
[2024-02-20T22:22:28.911+0000][7][gc,task     ] GC(60) Using 8 workers of 8 for evacuation
[2024-02-20T22:22:28.911+0000][7][gc,age      ] GC(60) Desired survivor size 41943040 bytes, new threshold 15 (max threshold 15)
[2024-02-20T22:22:28.914+0000][7][gc,phases   ] GC(60)   Pre Evacuate Collection Set: 0.1ms
[2024-02-20T22:22:28.915+0000][7][gc,phases   ] GC(60)   Merge Heap Roots: 0.1ms
[2024-02-20T22:22:28.915+0000][7][gc,phases   ] GC(60)   Evacuate Collection Set: 2.1ms
[2024-02-20T22:22:28.915+0000][7][gc,phases   ] GC(60)   Post Evacuate Collection Set: 0.9ms
[2024-02-20T22:22:28.915+0000][7][gc,phases   ] GC(60)   Other: 0.1ms
[2024-02-20T22:22:28.915+0000][7][gc,age      ] GC(60) Age table with threshold 15 (max threshold 15)
[2024-02-20T22:22:28.915+0000][7][gc,age      ] GC(60) - age   1:    1539456 bytes,    1539456 total
[2024-02-20T22:22:28.915+0000][7][gc,age      ] GC(60) - age   2:       8320 bytes,    1547776 total
[2024-02-20T22:22:28.915+0000][7][gc,age      ] GC(60) - age   3:       1040 bytes,    1548816 total
[2024-02-20T22:22:28.915+0000][7][gc,age      ] GC(60) - age   4:       8784 bytes,    1557600 total
[2024-02-20T22:22:28.915+0000][7][gc,age      ] GC(60) - age   5:        464 bytes,    1558064 total
[2024-02-20T22:22:28.915+0000][7][gc,age      ] GC(60) - age   6:      95296 bytes,    1653360 total
[2024-02-20T22:22:28.915+0000][7][gc,age      ] GC(60) - age   7:      10480 bytes,    1663840 total
[2024-02-20T22:22:28.915+0000][7][gc,age      ] GC(60) - age   8:       2536 bytes,    1666376 total
[2024-02-20T22:22:28.915+0000][7][gc,age      ] GC(60) - age   9:      37728 bytes,    1704104 total
[2024-02-20T22:22:28.915+0000][7][gc,age      ] GC(60) - age  10:      83904 bytes,    1788008 total
[2024-02-20T22:22:28.915+0000][7][gc,age      ] GC(60) - age  11:     117016 bytes,    1905024 total
[2024-02-20T22:22:28.915+0000][7][gc,age      ] GC(60) - age  12:      79856 bytes,    1984880 total
[2024-02-20T22:22:28.915+0000][7][gc,age      ] GC(60) - age  13:       4352 bytes,    1989232 total
[2024-02-20T22:22:28.915+0000][7][gc,age      ] GC(60) - age  14:       1176 bytes,    1990408 total
[2024-02-20T22:22:28.915+0000][7][gc,age      ] GC(60) - age  15:        264 bytes,    1990672 total
[2024-02-20T22:22:28.915+0000][7][gc,heap     ] GC(60) Eden regions: 152->0(152)
[2024-02-20T22:22:28.915+0000][7][gc,heap     ] GC(60) Survivor regions: 1->1(20)
[2024-02-20T22:22:28.915+0000][7][gc,heap     ] GC(60) Old regions: 23->23
[2024-02-20T22:22:28.915+0000][7][gc,heap     ] GC(60) Archive regions: 2->2
[2024-02-20T22:22:28.915+0000][7][gc,heap     ] GC(60) Humongous regions: 0->0
[2024-02-20T22:22:28.915+0000][7][gc,metaspace] GC(60) Metaspace: 128315K(132032K)->128315K(132032K) NonClass: 111415K(113280K)->111415K(113280K) Class: 16900K(18752K)->16900K(18752K)
[2024-02-20T22:22:28.915+0000][7][gc          ] GC(60) Pause Young (Normal) (G1 Evacuation Pause) 704M->96M(1024M) 3.610ms
[2024-02-20T22:22:28.915+0000][7][gc,cpu      ] GC(60) User=0.02s Sys=0.00s Real=0.00s
[2024-02-20T22:22:28.915+0000][7][safepoint   ] Safepoint "G1CollectForAllocation", Time since last: 5863321492 ns, Reaching safepoint: 86146 ns, At safepoint: 3718470 ns, Total: 3804616 ns
[2024-02-20T22:22:47.918+0000][7][safepoint   ] Safepoint "Cleanup", Time since last: 19002664386 ns, Reaching safepoint: 87380 ns, At safepoint: 8960 ns, Total: 96340 ns
[2024-02-20T22:23:07.921+0000][7][safepoint   ] Safepoint "Cleanup", Time since last: 20003259931 ns, Reaching safepoint: 78173 ns, At safepoint: 12116 ns, Total: 90289 ns
[2024-02-20T22:23:10.921+0000][7][safepoint   ] Safepoint "Cleanup", Time since last: 3000432808 ns, Reaching safepoint: 101339 ns, At safepoint: 6380 ns, Total: 107719 ns
[2024-02-20T22:23:48.926+0000][7][safepoint   ] Safepoint "Cleanup", Time since last: 38004767611 ns, Reaching safepoint: 105701 ns, At safepoint: 7771 ns, Total: 113472 ns
[2024-02-20T22:24:48.933+0000][7][safepoint   ] Safepoint "Cleanup", Time since last: 60006364506 ns, Reaching safepoint: 127241 ns, At safepoint: 6983 ns, Total: 134224 ns
[2024-02-20T22:25:09.975+0000][7][gc,start    ] GC(61) Pause Young (Normal) (G1 Evacuation Pause)
[2024-02-20T22:25:09.975+0000][7][gc,task     ] GC(61) Using 8 workers of 8 for evacuation
[2024-02-20T22:25:09.975+0000][7][gc,age      ] GC(61) Desired survivor size 41943040 bytes, new threshold 15 (max threshold 15)
[2024-02-20T22:25:09.978+0000][7][gc,phases   ] GC(61)   Pre Evacuate Collection Set: 0.1ms
[2024-02-20T22:25:09.978+0000][7][gc,phases   ] GC(61)   Merge Heap Roots: 0.1ms
[2024-02-20T22:25:09.978+0000][7][gc,phases   ] GC(61)   Evacuate Collection Set: 1.8ms
[2024-02-20T22:25:09.978+0000][7][gc,phases   ] GC(61)   Post Evacuate Collection Set: 0.9ms
[2024-02-20T22:25:09.978+0000][7][gc,phases   ] GC(61)   Other: 0.1ms
[2024-02-20T22:25:09.978+0000][7][gc,age      ] GC(61) Age table with threshold 15 (max threshold 15)
[2024-02-20T22:25:09.978+0000][7][gc,age      ] GC(61) - age   1:    1299488 bytes,    1299488 total
[2024-02-20T22:25:09.978+0000][7][gc,age      ] GC(61) - age   2:       3688 bytes,    1303176 total
[2024-02-20T22:25:09.978+0000][7][gc,age      ] GC(61) - age   3:       5656 bytes,    1308832 total
[2024-02-20T22:25:09.978+0000][7][gc,age      ] GC(61) - age   4:        376 bytes,    1309208 total
[2024-02-20T22:25:09.978+0000][7][gc,age      ] GC(61) - age   5:        704 bytes,    1309912 total
[2024-02-20T22:25:09.978+0000][7][gc,age      ] GC(61) - age   6:        216 bytes,    1310128 total
[2024-02-20T22:25:09.978+0000][7][gc,age      ] GC(61) - age   7:      94464 bytes,    1404592 total
[2024-02-20T22:25:09.978+0000][7][gc,age      ] GC(61) - age   8:      10096 bytes,    1414688 total
[2024-02-20T22:25:09.978+0000][7][gc,age      ] GC(61) - age   9:       2536 bytes,    1417224 total
[2024-02-20T22:25:09.978+0000][7][gc,age      ] GC(61) - age  10:      37728 bytes,    1454952 total
[2024-02-20T22:25:09.978+0000][7][gc,age      ] GC(61) - age  11:      83904 bytes,    1538856 total
[2024-02-20T22:25:09.978+0000][7][gc,age      ] GC(61) - age  12:     117016 bytes,    1655872 total
[2024-02-20T22:25:09.978+0000][7][gc,age      ] GC(61) - age  13:      79856 bytes,    1735728 total
[2024-02-20T22:25:09.978+0000][7][gc,age      ] GC(61) - age  14:       4352 bytes,    1740080 total
[2024-02-20T22:25:09.978+0000][7][gc,age      ] GC(61) - age  15:       1176 bytes,    1741256 total
[2024-02-20T22:25:09.978+0000][7][gc,heap     ] GC(61) Eden regions: 152->0(152)
[2024-02-20T22:25:09.978+0000][7][gc,heap     ] GC(61) Survivor regions: 1->1(20)
[2024-02-20T22:25:09.978+0000][7][gc,heap     ] GC(61) Old regions: 23->23
[2024-02-20T22:25:09.978+0000][7][gc,heap     ] GC(61) Archive regions: 2->2
[2024-02-20T22:25:09.978+0000][7][gc,heap     ] GC(61) Humongous regions: 0->0
[2024-02-20T22:25:09.978+0000][7][gc,metaspace] GC(61) Metaspace: 128319K(132096K)->128319K(132096K) NonClass: 111419K(113344K)->111419K(113344K) Class: 16900K(18752K)->16900K(18752K)
[2024-02-20T22:25:09.978+0000][7][gc          ] GC(61) Pause Young (Normal) (G1 Evacuation Pause) 704M->96M(1024M) 3.288ms
[2024-02-20T22:25:09.978+0000][7][gc,cpu      ] GC(61) User=0.01s Sys=0.00s Real=0.00s
[2024-02-20T22:25:09.978+0000][7][safepoint   ] Safepoint "G1CollectForAllocation", Time since last: 21042156077 ns, Reaching safepoint: 82959 ns, At safepoint: 3384489 ns, Total: 3467448 ns
[2024-02-20T22:25:19.980+0000][7][safepoint   ] Safepoint "Cleanup", Time since last: 10001567349 ns, Reaching safepoint: 81590 ns, At safepoint: 43872 ns, Total: 125462 ns
[2024-02-20T22:26:25.987+0000][7][safepoint   ] Safepoint "Cleanup", Time since last: 66006582140 ns, Reaching safepoint: 102567 ns, At safepoint: 4307 ns, Total: 106874 ns
[2024-02-20T22:26:55.989+0000][7][safepoint   ] Safepoint "Cleanup", Time since last: 30002375678 ns, Reaching safepoint: 53948 ns, At safepoint: 5563 ns, Total: 59511 ns
[2024-02-20T22:27:01.009+0000][7][safepoint   ] Safepoint "Cleanup", Time since last: 5019723310 ns, Reaching safepoint: 24071 ns, At safepoint: 4039 ns, Total: 28110 ns
[2024-02-20T22:27:02.009+0000][7][safepoint   ] Safepoint "Cleanup", Time since last: 1000122321 ns, Reaching safepoint: 46584 ns, At safepoint: 2851 ns, Total: 49435 ns
[2024-02-20T22:28:13.783+0000][7][gc,start    ] GC(62) Pause Young (Normal) (G1 Evacuation Pause)
[2024-02-20T22:28:13.783+0000][7][gc,task     ] GC(62) Using 8 workers of 8 for evacuation
[2024-02-20T22:28:13.783+0000][7][gc,age      ] GC(62) Desired survivor size 41943040 bytes, new threshold 15 (max threshold 15)
[2024-02-20T22:28:13.786+0000][7][gc,phases   ] GC(62)   Pre Evacuate Collection Set: 0.1ms
[2024-02-20T22:28:13.786+0000][7][gc,phases   ] GC(62)   Merge Heap Roots: 0.1ms
[2024-02-20T22:28:13.786+0000][7][gc,phases   ] GC(62)   Evacuate Collection Set: 1.6ms
[2024-02-20T22:28:13.786+0000][7][gc,phases   ] GC(62)   Post Evacuate Collection Set: 0.6ms
[2024-02-20T22:28:13.786+0000][7][gc,phases   ] GC(62)   Other: 0.1ms
[2024-02-20T22:28:13.786+0000][7][gc,age      ] GC(62) Age table with threshold 15 (max threshold 15)
[2024-02-20T22:28:13.786+0000][7][gc,age      ] GC(62) - age   1:    1722696 bytes,    1722696 total
[2024-02-20T22:28:13.786+0000][7][gc,age      ] GC(62) - age   2:       3744 bytes,    1726440 total
[2024-02-20T22:28:13.786+0000][7][gc,age      ] GC(62) - age   3:       2440 bytes,    1728880 total
[2024-02-20T22:28:13.786+0000][7][gc,age      ] GC(62) - age   4:       5656 bytes,    1734536 total
[2024-02-20T22:28:13.786+0000][7][gc,age      ] GC(62) - age   5:        192 bytes,    1734728 total
[2024-02-20T22:28:13.786+0000][7][gc,age      ] GC(62) - age   6:        704 bytes,    1735432 total
[2024-02-20T22:28:13.786+0000][7][gc,age      ] GC(62) - age   7:        216 bytes,    1735648 total
[2024-02-20T22:28:13.786+0000][7][gc,age      ] GC(62) - age   8:      94344 bytes,    1829992 total
[2024-02-20T22:28:13.786+0000][7][gc,age      ] GC(62) - age   9:      10096 bytes,    1840088 total
[2024-02-20T22:28:13.786+0000][7][gc,age      ] GC(62) - age  10:       2536 bytes,    1842624 total
[2024-02-20T22:28:13.786+0000][7][gc,age      ] GC(62) - age  11:      37728 bytes,    1880352 total
[2024-02-20T22:28:13.786+0000][7][gc,age      ] GC(62) - age  12:      80208 bytes,    1960560 total
[2024-02-20T22:28:13.786+0000][7][gc,age      ] GC(62) - age  13:     117016 bytes,    2077576 total
[2024-02-20T22:28:13.786+0000][7][gc,age      ] GC(62) - age  14:      79856 bytes,    2157432 total
[2024-02-20T22:28:13.786+0000][7][gc,age      ] GC(62) - age  15:       4352 bytes,    2161784 total
[2024-02-20T22:28:13.786+0000][7][gc,heap     ] GC(62) Eden regions: 152->0(152)
[2024-02-20T22:28:13.786+0000][7][gc,heap     ] GC(62) Survivor regions: 1->1(20)
[2024-02-20T22:28:13.786+0000][7][gc,heap     ] GC(62) Old regions: 23->23
[2024-02-20T22:28:13.786+0000][7][gc,heap     ] GC(62) Archive regions: 2->2
[2024-02-20T22:28:13.786+0000][7][gc,heap     ] GC(62) Humongous regions: 0->0
[2024-02-20T22:28:13.786+0000][7][gc,metaspace] GC(62) Metaspace: 128323K(132096K)->128323K(132096K) NonClass: 111423K(113344K)->111423K(113344K) Class: 16900K(18752K)->16900K(18752K)
[2024-02-20T22:28:13.786+0000][7][gc          ] GC(62) Pause Young (Normal) (G1 Evacuation Pause) 704M->97M(1024M) 2.685ms
[2024-02-20T22:28:13.786+0000][7][gc,cpu      ] GC(62) User=0.02s Sys=0.00s Real=0.00s
[2024-02-20T22:28:13.786+0000][7][safepoint   ] Safepoint "G1CollectForAllocation", Time since last: 71773768759 ns, Reaching safepoint: 44927 ns, At safepoint: 2764730 ns, Total: 2809657 ns
[2024-02-20T22:29:07.976+0000][7][safepoint   ] Safepoint "Cleanup", Time since last: 54189795573 ns, Reaching safepoint: 86263 ns, At safepoint: 8455 ns, Total: 94718 ns
[2024-02-20T22:29:09.976+0000][7][safepoint   ] Safepoint "Cleanup", Time since last: 2000300076 ns, Reaching safepoint: 58517 ns, At safepoint: 6610 ns, Total: 65127 ns
[2024-02-20T22:29:19.977+0000][7][safepoint   ] Safepoint "Cleanup", Time since last: 10000862575 ns, Reaching safepoint: 121444 ns, At safepoint: 23995 ns, Total: 145439 ns
[2024-02-20T22:29:48.980+0000][7][safepoint   ] Safepoint "Cleanup", Time since last: 29002565395 ns, Reaching safepoint: 59171 ns, At safepoint: 5079 ns, Total: 64250 ns
[2024-02-20T22:30:14.982+0000][7][safepoint   ] Safepoint "Cleanup", Time since last: 26002412974 ns, Reaching safepoint: 51484 ns, At safepoint: 14023 ns, Total: 65507 ns
[2024-02-20T22:31:44.990+0000][7][safepoint   ] Safepoint "Cleanup", Time since last: 90008231473 ns, Reaching safepoint: 69714 ns, At safepoint: 7546 ns, Total: 77260 ns
[2024-02-20T22:31:48.991+0000][7][safepoint   ] Safepoint "Cleanup", Time since last: 4000486636 ns, Reaching safepoint: 68919 ns, At safepoint: 5536 ns, Total: 74455 ns
[2024-02-20T22:31:49.090+0000][7][gc,start    ] GC(63) Pause Young (Normal) (G1 Evacuation Pause)
[2024-02-20T22:31:49.090+0000][7][gc,task     ] GC(63) Using 8 workers of 8 for evacuation
[2024-02-20T22:31:49.090+0000][7][gc,age      ] GC(63) Desired survivor size 41943040 bytes, new threshold 15 (max threshold 15)
[2024-02-20T22:31:49.093+0000][7][gc,phases   ] GC(63)   Pre Evacuate Collection Set: 0.1ms
[2024-02-20T22:31:49.093+0000][7][gc,phases   ] GC(63)   Merge Heap Roots: 0.2ms
[2024-02-20T22:31:49.093+0000][7][gc,phases   ] GC(63)   Evacuate Collection Set: 1.7ms
[2024-02-20T22:31:49.093+0000][7][gc,phases   ] GC(63)   Post Evacuate Collection Set: 1.0ms
[2024-02-20T22:31:49.093+0000][7][gc,phases   ] GC(63)   Other: 0.1ms
[2024-02-20T22:31:49.093+0000][7][gc,age      ] GC(63) Age table with threshold 15 (max threshold 15)
[2024-02-20T22:31:49.093+0000][7][gc,age      ] GC(63) - age   1:     702504 bytes,     702504 total
[2024-02-20T22:31:49.093+0000][7][gc,age      ] GC(63) - age   2:     150032 bytes,     852536 total
[2024-02-20T22:31:49.093+0000][7][gc,age      ] GC(63) - age   3:       1000 bytes,     853536 total
[2024-02-20T22:31:49.093+0000][7][gc,age      ] GC(63) - age   4:       1440 bytes,     854976 total
[2024-02-20T22:31:49.093+0000][7][gc,age      ] GC(63) - age   5:       1328 bytes,     856304 total
[2024-02-20T22:31:49.093+0000][7][gc,age      ] GC(63) - age   7:        704 bytes,     857008 total
[2024-02-20T22:31:49.093+0000][7][gc,age      ] GC(63) - age   9:      94344 bytes,     951352 total
[2024-02-20T22:31:49.093+0000][7][gc,age      ] GC(63) - age  10:      10096 bytes,     961448 total
[2024-02-20T22:31:49.093+0000][7][gc,age      ] GC(63) - age  11:       2536 bytes,     963984 total
[2024-02-20T22:31:49.093+0000][7][gc,age      ] GC(63) - age  12:      37728 bytes,    1001712 total
[2024-02-20T22:31:49.093+0000][7][gc,age      ] GC(63) - age  13:      80208 bytes,    1081920 total
[2024-02-20T22:31:49.093+0000][7][gc,age      ] GC(63) - age  14:     117016 bytes,    1198936 total
[2024-02-20T22:31:49.093+0000][7][gc,age      ] GC(63) - age  15:      79856 bytes,    1278792 total
[2024-02-20T22:31:49.093+0000][7][gc,heap     ] GC(63) Eden regions: 152->0(152)
[2024-02-20T22:31:49.093+0000][7][gc,heap     ] GC(63) Survivor regions: 1->1(20)
[2024-02-20T22:31:49.093+0000][7][gc,heap     ] GC(63) Old regions: 23->23
[2024-02-20T22:31:49.093+0000][7][gc,heap     ] GC(63) Archive regions: 2->2
[2024-02-20T22:31:49.093+0000][7][gc,heap     ] GC(63) Humongous regions: 0->0
[2024-02-20T22:31:49.093+0000][7][gc,metaspace] GC(63) Metaspace: 128330K(132096K)->128330K(132096K) NonClass: 111429K(113344K)->111429K(113344K) Class: 16900K(18752K)->16900K(18752K)
[2024-02-20T22:31:49.093+0000][7][gc          ] GC(63) Pause Young (Normal) (G1 Evacuation Pause) 705M->96M(1024M) 3.424ms
[2024-02-20T22:31:49.093+0000][7][gc,cpu      ] GC(63) User=0.01s Sys=0.00s Real=0.00s
[2024-02-20T22:31:49.093+0000][7][safepoint   ] Safepoint "G1CollectForAllocation", Time since last: 98459504 ns, Reaching safepoint: 50295 ns, At safepoint: 3518864 ns, Total: 3569159 ns
[2024-02-20T22:32:45.099+0000][7][safepoint   ] Safepoint "Cleanup", Time since last: 56005520888 ns, Reaching safepoint: 75845 ns, At safepoint: 12495 ns, Total: 88340 ns
[2024-02-20T22:32:49.099+0000][7][safepoint   ] Safepoint "Cleanup", Time since last: 4000362244 ns, Reaching safepoint: 75025 ns, At safepoint: 5712 ns, Total: 80737 ns
[2024-02-20T22:33:15.102+0000][7][safepoint   ] Safepoint "Cleanup", Time since last: 26002314940 ns, Reaching safepoint: 67169 ns, At safepoint: 38375 ns, Total: 105544 ns
[2024-02-20T22:33:49.105+0000][7][safepoint   ] Safepoint "Cleanup", Time since last: 34003675330 ns, Reaching safepoint: 101431 ns, At safepoint: 13659 ns, Total: 115090 ns
[2024-02-20T22:34:13.108+0000][7][safepoint   ] Safepoint "Cleanup", Time since last: 24002289024 ns, Reaching safepoint: 84186 ns, At safepoint: 4693 ns, Total: 88879 ns
[2024-02-20T22:35:19.086+0000][7][gc,start    ] GC(64) Pause Young (Normal) (G1 Evacuation Pause)
[2024-02-20T22:35:19.087+0000][7][gc,task     ] GC(64) Using 8 workers of 8 for evacuation
[2024-02-20T22:35:19.087+0000][7][gc,age      ] GC(64) Desired survivor size 41943040 bytes, new threshold 15 (max threshold 15)
[2024-02-20T22:35:19.098+0000][7][gc,phases   ] GC(64)   Pre Evacuate Collection Set: 0.2ms
[2024-02-20T22:35:19.098+0000][7][gc,phases   ] GC(64)   Merge Heap Roots: 0.1ms
[2024-02-20T22:35:19.098+0000][7][gc,phases   ] GC(64)   Evacuate Collection Set: 8.0ms
[2024-02-20T22:35:19.098+0000][7][gc,phases   ] GC(64)   Post Evacuate Collection Set: 2.3ms
[2024-02-20T22:35:19.098+0000][7][gc,phases   ] GC(64)   Other: 0.2ms
[2024-02-20T22:35:19.098+0000][7][gc,age      ] GC(64) Age table with threshold 15 (max threshold 15)
[2024-02-20T22:35:19.098+0000][7][gc,age      ] GC(64) - age   1:    1249520 bytes,    1249520 total
[2024-02-20T22:35:19.098+0000][7][gc,age      ] GC(64) - age   2:       6248 bytes,    1255768 total
[2024-02-20T22:35:19.098+0000][7][gc,age      ] GC(64) - age   3:     147128 bytes,    1402896 total
[2024-02-20T22:35:19.098+0000][7][gc,age      ] GC(64) - age   4:        936 bytes,    1403832 total
[2024-02-20T22:35:19.098+0000][7][gc,age      ] GC(64) - age   5:       1144 bytes,    1404976 total
[2024-02-20T22:35:19.098+0000][7][gc,age      ] GC(64) - age   6:        936 bytes,    1405912 total
[2024-02-20T22:35:19.098+0000][7][gc,age      ] GC(64) - age   8:        704 bytes,    1406616 total
[2024-02-20T22:35:19.098+0000][7][gc,age      ] GC(64) - age  10:      94344 bytes,    1500960 total
[2024-02-20T22:35:19.098+0000][7][gc,age      ] GC(64) - age  11:      10096 bytes,    1511056 total
[2024-02-20T22:35:19.098+0000][7][gc,age      ] GC(64) - age  12:       2536 bytes,    1513592 total
[2024-02-20T22:35:19.098+0000][7][gc,age      ] GC(64) - age  13:      37728 bytes,    1551320 total
[2024-02-20T22:35:19.098+0000][7][gc,age      ] GC(64) - age  14:      80208 bytes,    1631528 total
[2024-02-20T22:35:19.098+0000][7][gc,age      ] GC(64) - age  15:     117016 bytes,    1748544 total
[2024-02-20T22:35:19.098+0000][7][gc,heap     ] GC(64) Eden regions: 152->0(152)
[2024-02-20T22:35:19.098+0000][7][gc,heap     ] GC(64) Survivor regions: 1->1(20)
[2024-02-20T22:35:19.098+0000][7][gc,heap     ] GC(64) Old regions: 23->23
[2024-02-20T22:35:19.098+0000][7][gc,heap     ] GC(64) Archive regions: 2->2
[2024-02-20T22:35:19.098+0000][7][gc,heap     ] GC(64) Humongous regions: 0->0
[2024-02-20T22:35:19.098+0000][7][gc,metaspace] GC(64) Metaspace: 128336K(132096K)->128336K(132096K) NonClass: 111436K(113344K)->111436K(113344K) Class: 16900K(18752K)->16900K(18752K)
[2024-02-20T22:35:19.098+0000][7][gc          ] GC(64) Pause Young (Normal) (G1 Evacuation Pause) 704M->96M(1024M) 12.317ms
[2024-02-20T22:35:19.098+0000][7][gc,cpu      ] GC(64) User=0.01s Sys=0.00s Real=0.01s
[2024-02-20T22:35:19.098+0000][7][safepoint   ] Safepoint "G1CollectForAllocation", Time since last: 65977828669 ns, Reaching safepoint: 73236 ns, At safepoint: 12419336 ns, Total: 12492572 ns
[2024-02-20T22:36:00.111+0000][7][safepoint   ] Safepoint "Cleanup", Time since last: 41012868362 ns, Reaching safepoint: 60700 ns, At safepoint: 13117 ns, Total: 73817 ns
[2024-02-20T22:36:04.112+0000][7][safepoint   ] Safepoint "Cleanup", Time since last: 4000873964 ns, Reaching safepoint: 103749 ns, At safepoint: 17770 ns, Total: 121519 ns
[2024-02-20T22:36:16.117+0000][7][safepoint   ] Safepoint "Cleanup", Time since last: 12004877966 ns, Reaching safepoint: 67486 ns, At safepoint: 34933 ns, Total: 102419 ns
[2024-02-20T22:36:20.123+0000][7][safepoint   ] Safepoint "Cleanup", Time since last: 4006086932 ns, Reaching safepoint: 59099 ns, At safepoint: 31903 ns, Total: 91002 ns
[2024-02-20T22:36:32.127+0000][7][safepoint   ] Safepoint "Cleanup", Time since last: 12003673057 ns, Reaching safepoint: 104525 ns, At safepoint: 23665 ns, Total: 128190 ns
[2024-02-20T22:36:49.132+0000][7][safepoint   ] Safepoint "Cleanup", Time since last: 17004852072 ns, Reaching safepoint: 74579 ns, At safepoint: 33526 ns, Total: 108105 ns
