[2024-02-08T23:47:17.621+0000][7][gc,init] CardTable entry size: 512
[2024-02-08T23:47:17.621+0000][7][gc     ] Using G1
[2024-02-08T23:47:17.725+0000][7][gc,init] Version: 18.0.1.1+2-6 (release)
[2024-02-08T23:47:17.725+0000][7][gc,init] CPUs: 8 total, 8 available
[2024-02-08T23:47:17.725+0000][7][gc,init] Memory: 19737M
[2024-02-08T23:47:17.725+0000][7][gc,init] Large Page Support: Disabled
[2024-02-08T23:47:17.725+0000][7][gc,init] NUMA Support: Disabled
[2024-02-08T23:47:17.725+0000][7][gc,init] Compressed Oops: Enabled (32-bit)
[2024-02-08T23:47:17.725+0000][7][gc,init] Heap Region Size: 4M
[2024-02-08T23:47:17.725+0000][7][gc,init] Heap Min Capacity: 1G
[2024-02-08T23:47:17.725+0000][7][gc,init] Heap Initial Capacity: 1G
[2024-02-08T23:47:17.725+0000][7][gc,init] Heap Max Capacity: 1G
[2024-02-08T23:47:17.725+0000][7][gc,init] Pre-touch: Enabled
[2024-02-08T23:47:17.725+0000][7][gc,init] Parallel Workers: 8
[2024-02-08T23:47:17.725+0000][7][gc,init] Concurrent Workers: 2
[2024-02-08T23:47:17.725+0000][7][gc,init] Concurrent Refinement Workers: 8
[2024-02-08T23:47:17.725+0000][7][gc,init] Periodic GC: Disabled
[2024-02-08T23:47:17.725+0000][7][gc,metaspace] CDS archive(s) mapped at: [0x0000000800000000-0x0000000800baf000-0x0000000800baf000), size 12251136, SharedBaseAddress: 0x0000000800000000, ArchiveRelocationMode: 0.
[2024-02-08T23:47:17.725+0000][7][gc,metaspace] Compressed class space mapped at: 0x0000000800c00000-0x0000000840c00000, reserved size: 1073741824
[2024-02-08T23:47:17.725+0000][7][gc,metaspace] Narrow klass base: 0x0000000800000000, Narrow klass shift: 0, Narrow klass range: 0x100000000
[2024-02-08T23:47:18.197+0000][7][safepoint   ] Safepoint "ICBufferFull", Time since last: 467159716 ns, Reaching safepoint: 98377 ns, At safepoint: 3202 ns, Total: 101579 ns
[2024-02-08T23:47:18.644+0000][7][safepoint   ] Safepoint "ICBufferFull", Time since last: 446824604 ns, Reaching safepoint: 101388 ns, At safepoint: 3721 ns, Total: 105109 ns
[2024-02-08T23:47:18.716+0000][7][gc,start    ] GC(0) Pause Young (Normal) (G1 Evacuation Pause)
[2024-02-08T23:47:18.716+0000][7][gc,task     ] GC(0) Using 8 workers of 8 for evacuation
[2024-02-08T23:47:18.716+0000][7][gc,age      ] GC(0) Desired survivor size 4194304 bytes, new threshold 15 (max threshold 15)
[2024-02-08T23:47:18.720+0000][7][gc,phases   ] GC(0)   Pre Evacuate Collection Set: 0.1ms
[2024-02-08T23:47:18.720+0000][7][gc,phases   ] GC(0)   Merge Heap Roots: 0.0ms
[2024-02-08T23:47:18.720+0000][7][gc,phases   ] GC(0)   Evacuate Collection Set: 3.7ms
[2024-02-08T23:47:18.720+0000][7][gc,phases   ] GC(0)   Post Evacuate Collection Set: 0.5ms
[2024-02-08T23:47:18.720+0000][7][gc,phases   ] GC(0)   Other: 0.1ms
[2024-02-08T23:47:18.720+0000][7][gc,age      ] GC(0) Age table with threshold 15 (max threshold 15)
[2024-02-08T23:47:18.720+0000][7][gc,age      ] GC(0) - age   1:    6347680 bytes,    6347680 total
[2024-02-08T23:47:18.720+0000][7][gc,heap     ] GC(0) Eden regions: 12->0(11)
[2024-02-08T23:47:18.720+0000][7][gc,heap     ] GC(0) Survivor regions: 0->2(2)
[2024-02-08T23:47:18.720+0000][7][gc,heap     ] GC(0) Old regions: 0->0
[2024-02-08T23:47:18.720+0000][7][gc,heap     ] GC(0) Archive regions: 2->2
[2024-02-08T23:47:18.720+0000][7][gc,heap     ] GC(0) Humongous regions: 0->0
[2024-02-08T23:47:18.720+0000][7][gc,metaspace] GC(0) Metaspace: 12138K(12416K)->12138K(12416K) NonClass: 10702K(10880K)->10702K(10880K) Class: 1435K(1536K)->1435K(1536K)
[2024-02-08T23:47:18.720+0000][7][gc          ] GC(0) Pause Young (Normal) (G1 Evacuation Pause) 51M->10M(1024M) 4.555ms
[2024-02-08T23:47:18.720+0000][7][gc,cpu      ] GC(0) User=0.03s Sys=0.00s Real=0.01s
[2024-02-08T23:47:18.720+0000][7][safepoint   ] Safepoint "G1CollectForAllocation", Time since last: 71356562 ns, Reaching safepoint: 41036 ns, At safepoint: 4593989 ns, Total: 4635025 ns
[2024-02-08T23:47:19.494+0000][7][gc,start    ] GC(1) Pause Young (Normal) (G1 Evacuation Pause)
[2024-02-08T23:47:19.494+0000][7][gc,task     ] GC(1) Using 8 workers of 8 for evacuation
[2024-02-08T23:47:19.494+0000][7][gc,age      ] GC(1) Desired survivor size 4194304 bytes, new threshold 1 (max threshold 15)
[2024-02-08T23:47:19.499+0000][7][gc,phases   ] GC(1)   Pre Evacuate Collection Set: 0.1ms
[2024-02-08T23:47:19.499+0000][7][gc,phases   ] GC(1)   Merge Heap Roots: 0.0ms
[2024-02-08T23:47:19.499+0000][7][gc,phases   ] GC(1)   Evacuate Collection Set: 3.8ms
[2024-02-08T23:47:19.499+0000][7][gc,phases   ] GC(1)   Post Evacuate Collection Set: 0.4ms
[2024-02-08T23:47:19.499+0000][7][gc,phases   ] GC(1)   Other: 0.1ms
[2024-02-08T23:47:19.499+0000][7][gc,age      ] GC(1) Age table with threshold 1 (max threshold 15)
[2024-02-08T23:47:19.499+0000][7][gc,age      ] GC(1) - age   1:    1334272 bytes,    1334272 total
[2024-02-08T23:47:19.499+0000][7][gc,heap     ] GC(1) Eden regions: 11->0(20)
[2024-02-08T23:47:19.499+0000][7][gc,heap     ] GC(1) Survivor regions: 2->1(2)
[2024-02-08T23:47:19.499+0000][7][gc,heap     ] GC(1) Old regions: 0->2
[2024-02-08T23:47:19.499+0000][7][gc,heap     ] GC(1) Archive regions: 2->2
[2024-02-08T23:47:19.499+0000][7][gc,heap     ] GC(1) Humongous regions: 0->0
[2024-02-08T23:47:19.499+0000][7][gc,metaspace] GC(1) Metaspace: 15353K(15744K)->15353K(15744K) NonClass: 13596K(13824K)->13596K(13824K) Class: 1756K(1920K)->1756K(1920K)
[2024-02-08T23:47:19.499+0000][7][gc          ] GC(1) Pause Young (Normal) (G1 Evacuation Pause) 54M->11M(1024M) 4.518ms
[2024-02-08T23:47:19.499+0000][7][gc,cpu      ] GC(1) User=0.03s Sys=0.00s Real=0.01s
[2024-02-08T23:47:19.499+0000][7][safepoint   ] Safepoint "G1CollectForAllocation", Time since last: 773699940 ns, Reaching safepoint: 161123 ns, At safepoint: 4553391 ns, Total: 4714514 ns
[2024-02-08T23:47:19.858+0000][7][safepoint   ] Safepoint "ICBufferFull", Time since last: 358901866 ns, Reaching safepoint: 126140 ns, At safepoint: 1861 ns, Total: 128001 ns
[2024-02-08T23:47:19.860+0000][7][gc,start    ] GC(2) Pause Young (Normal) (G1 Evacuation Pause)
[2024-02-08T23:47:19.860+0000][7][gc,task     ] GC(2) Using 8 workers of 8 for evacuation
[2024-02-08T23:47:19.860+0000][7][gc,age      ] GC(2) Desired survivor size 6291456 bytes, new threshold 15 (max threshold 15)
[2024-02-08T23:47:19.862+0000][7][gc,phases   ] GC(2)   Pre Evacuate Collection Set: 0.1ms
[2024-02-08T23:47:19.862+0000][7][gc,phases   ] GC(2)   Merge Heap Roots: 0.0ms
[2024-02-08T23:47:19.862+0000][7][gc,phases   ] GC(2)   Evacuate Collection Set: 1.6ms
[2024-02-08T23:47:19.862+0000][7][gc,phases   ] GC(2)   Post Evacuate Collection Set: 0.7ms
[2024-02-08T23:47:19.862+0000][7][gc,phases   ] GC(2)   Other: 0.1ms
[2024-02-08T23:47:19.862+0000][7][gc,age      ] GC(2) Age table with threshold 15 (max threshold 15)
[2024-02-08T23:47:19.862+0000][7][gc,age      ] GC(2) - age   1:    1815088 bytes,    1815088 total
[2024-02-08T23:47:19.862+0000][7][gc,age      ] GC(2) - age   2:    1252904 bytes,    3067992 total
[2024-02-08T23:47:19.862+0000][7][gc,heap     ] GC(2) Eden regions: 20->0(152)
[2024-02-08T23:47:19.862+0000][7][gc,heap     ] GC(2) Survivor regions: 1->1(3)
[2024-02-08T23:47:19.862+0000][7][gc,heap     ] GC(2) Old regions: 2->2
[2024-02-08T23:47:19.862+0000][7][gc,heap     ] GC(2) Archive regions: 2->2
[2024-02-08T23:47:19.862+0000][7][gc,heap     ] GC(2) Humongous regions: 0->0
[2024-02-08T23:47:19.862+0000][7][gc,metaspace] GC(2) Metaspace: 16946K(17344K)->16946K(17344K) NonClass: 15021K(15232K)->15021K(15232K) Class: 1924K(2112K)->1924K(2112K)
[2024-02-08T23:47:19.862+0000][7][gc          ] GC(2) Pause Young (Normal) (G1 Evacuation Pause) 91M->13M(1024M) 2.592ms
[2024-02-08T23:47:19.862+0000][7][gc,cpu      ] GC(2) User=0.02s Sys=0.00s Real=0.00s
[2024-02-08T23:47:19.862+0000][7][safepoint   ] Safepoint "G1CollectForAllocation", Time since last: 1947750 ns, Reaching safepoint: 26033 ns, At safepoint: 2625966 ns, Total: 2651999 ns
[2024-02-08T23:47:20.205+0000][7][gc,start    ] GC(3) Pause Young (Concurrent Start) (Metadata GC Threshold)
[2024-02-08T23:47:20.205+0000][7][gc,task     ] GC(3) Using 8 workers of 8 for evacuation
[2024-02-08T23:47:20.205+0000][7][gc,age      ] GC(3) Desired survivor size 41943040 bytes, new threshold 15 (max threshold 15)
[2024-02-08T23:47:20.207+0000][7][gc,phases   ] GC(3)   Pre Evacuate Collection Set: 0.1ms
[2024-02-08T23:47:20.208+0000][7][gc,phases   ] GC(3)   Merge Heap Roots: 0.0ms
[2024-02-08T23:47:20.208+0000][7][gc,phases   ] GC(3)   Evacuate Collection Set: 1.8ms
[2024-02-08T23:47:20.208+0000][7][gc,phases   ] GC(3)   Post Evacuate Collection Set: 0.4ms
[2024-02-08T23:47:20.208+0000][7][gc,phases   ] GC(3)   Other: 0.1ms
[2024-02-08T23:47:20.208+0000][7][gc,age      ] GC(3) Age table with threshold 15 (max threshold 15)
[2024-02-08T23:47:20.208+0000][7][gc,age      ] GC(3) - age   1:    1288760 bytes,    1288760 total
[2024-02-08T23:47:20.208+0000][7][gc,age      ] GC(3) - age   2:    1547080 bytes,    2835840 total
[2024-02-08T23:47:20.208+0000][7][gc,age      ] GC(3) - age   3:    1252352 bytes,    4088192 total
[2024-02-08T23:47:20.208+0000][7][gc,heap     ] GC(3) Eden regions: 17->0(151)
[2024-02-08T23:47:20.208+0000][7][gc,heap     ] GC(3) Survivor regions: 1->2(20)
[2024-02-08T23:47:20.208+0000][7][gc,heap     ] GC(3) Old regions: 2->2
[2024-02-08T23:47:20.208+0000][7][gc,heap     ] GC(3) Archive regions: 2->2
[2024-02-08T23:47:20.208+0000][7][gc,heap     ] GC(3) Humongous regions: 0->0
[2024-02-08T23:47:20.208+0000][7][gc,metaspace] GC(3) Metaspace: 21088K(21504K)->21088K(21504K) NonClass: 18726K(18944K)->18726K(18944K) Class: 2361K(2560K)->2361K(2560K)
[2024-02-08T23:47:20.208+0000][7][gc          ] GC(3) Pause Young (Concurrent Start) (Metadata GC Threshold) 78M->14M(1024M) 2.488ms
[2024-02-08T23:47:20.208+0000][7][gc,cpu      ] GC(3) User=0.01s Sys=0.00s Real=0.00s
[2024-02-08T23:47:20.208+0000][7][gc          ] GC(4) Concurrent Mark Cycle
[2024-02-08T23:47:20.208+0000][7][gc,marking  ] GC(4) Concurrent Clear Claimed Marks
[2024-02-08T23:47:20.208+0000][7][gc,marking  ] GC(4) Concurrent Clear Claimed Marks 0.013ms
[2024-02-08T23:47:20.208+0000][7][gc,marking  ] GC(4) Concurrent Scan Root Regions
[2024-02-08T23:47:20.208+0000][7][safepoint   ] Safepoint "CollectForMetadataAllocation", Time since last: 342508779 ns, Reaching safepoint: 173161 ns, At safepoint: 2572436 ns, Total: 2745597 ns
[2024-02-08T23:47:20.210+0000][7][gc,marking  ] GC(4) Concurrent Scan Root Regions 1.898ms
[2024-02-08T23:47:20.210+0000][7][gc,marking  ] GC(4) Concurrent Mark
[2024-02-08T23:47:20.210+0000][7][gc,marking  ] GC(4) Concurrent Mark From Roots
[2024-02-08T23:47:20.210+0000][7][gc,task     ] GC(4) Using 2 workers of 2 for marking
[2024-02-08T23:47:20.214+0000][7][gc,marking  ] GC(4) Concurrent Mark From Roots 4.803ms
[2024-02-08T23:47:20.214+0000][7][gc,marking  ] GC(4) Concurrent Preclean
[2024-02-08T23:47:20.214+0000][7][gc,marking  ] GC(4) Concurrent Preclean 0.037ms
[2024-02-08T23:47:20.214+0000][7][gc,start    ] GC(4) Pause Remark
[2024-02-08T23:47:20.218+0000][7][gc          ] GC(4) Pause Remark 16M->16M(1024M) 3.356ms
[2024-02-08T23:47:20.218+0000][7][gc,cpu      ] GC(4) User=0.01s Sys=0.00s Real=0.01s
[2024-02-08T23:47:20.218+0000][7][safepoint   ] Safepoint "G1Concurrent", Time since last: 6813261 ns, Reaching safepoint: 25623 ns, At safepoint: 3421213 ns, Total: 3446836 ns
[2024-02-08T23:47:20.218+0000][7][gc,marking  ] GC(4) Concurrent Mark 8.373ms
[2024-02-08T23:47:20.218+0000][7][gc,marking  ] GC(4) Concurrent Rebuild Remembered Sets
[2024-02-08T23:47:20.221+0000][7][gc,marking  ] GC(4) Concurrent Rebuild Remembered Sets 3.309ms
[2024-02-08T23:47:20.221+0000][7][gc,start    ] GC(4) Pause Cleanup
[2024-02-08T23:47:20.221+0000][7][gc          ] GC(4) Pause Cleanup 18M->18M(1024M) 0.056ms
[2024-02-08T23:47:20.221+0000][7][gc,cpu      ] GC(4) User=0.00s Sys=0.00s Real=0.00s
[2024-02-08T23:47:20.221+0000][7][safepoint   ] Safepoint "G1Concurrent", Time since last: 3407992 ns, Reaching safepoint: 18246 ns, At safepoint: 76873 ns, Total: 95119 ns
[2024-02-08T23:47:20.221+0000][7][gc,marking  ] GC(4) Concurrent Cleanup for Next Mark
[2024-02-08T23:47:20.222+0000][7][gc,marking  ] GC(4) Concurrent Cleanup for Next Mark 1.021ms
[2024-02-08T23:47:20.222+0000][7][gc          ] GC(4) Concurrent Mark Cycle 14.872ms
[2024-02-08T23:47:20.831+0000][7][safepoint   ] Safepoint "ICBufferFull", Time since last: 609322924 ns, Reaching safepoint: 126478 ns, At safepoint: 2582 ns, Total: 129060 ns
[2024-02-08T23:47:21.577+0000][7][gc,start    ] GC(5) Pause Young (Normal) (G1 Evacuation Pause)
[2024-02-08T23:47:21.577+0000][7][gc,task     ] GC(5) Using 8 workers of 8 for evacuation
[2024-02-08T23:47:21.577+0000][7][gc,age      ] GC(5) Desired survivor size 41943040 bytes, new threshold 15 (max threshold 15)
[2024-02-08T23:47:21.584+0000][7][gc,phases   ] GC(5)   Pre Evacuate Collection Set: 0.0ms
[2024-02-08T23:47:21.584+0000][7][gc,phases   ] GC(5)   Merge Heap Roots: 0.0ms
[2024-02-08T23:47:21.584+0000][7][gc,phases   ] GC(5)   Evacuate Collection Set: 6.0ms
[2024-02-08T23:47:21.584+0000][7][gc,phases   ] GC(5)   Post Evacuate Collection Set: 0.5ms
[2024-02-08T23:47:21.584+0000][7][gc,phases   ] GC(5)   Other: 0.1ms
[2024-02-08T23:47:21.584+0000][7][gc,age      ] GC(5) Age table with threshold 15 (max threshold 15)
[2024-02-08T23:47:21.584+0000][7][gc,age      ] GC(5) - age   1:    9850960 bytes,    9850960 total
[2024-02-08T23:47:21.584+0000][7][gc,age      ] GC(5) - age   2:    1272184 bytes,   11123144 total
[2024-02-08T23:47:21.584+0000][7][gc,age      ] GC(5) - age   3:    1542656 bytes,   12665800 total
[2024-02-08T23:47:21.584+0000][7][gc,age      ] GC(5) - age   4:    1225792 bytes,   13891592 total
[2024-02-08T23:47:21.584+0000][7][gc,heap     ] GC(5) Eden regions: 151->0(149)
[2024-02-08T23:47:21.584+0000][7][gc,heap     ] GC(5) Survivor regions: 2->4(20)
[2024-02-08T23:47:21.584+0000][7][gc,heap     ] GC(5) Old regions: 2->2
[2024-02-08T23:47:21.584+0000][7][gc,heap     ] GC(5) Archive regions: 2->2
[2024-02-08T23:47:21.584+0000][7][gc,heap     ] GC(5) Humongous regions: 0->0
[2024-02-08T23:47:21.584+0000][7][gc,metaspace] GC(5) Metaspace: 29583K(30208K)->29583K(30208K) NonClass: 26186K(26560K)->26186K(26560K) Class: 3397K(3648K)->3397K(3648K)
[2024-02-08T23:47:21.584+0000][7][gc          ] GC(5) Pause Young (Normal) (G1 Evacuation Pause) 618M->23M(1024M) 6.901ms
[2024-02-08T23:47:21.584+0000][7][gc,cpu      ] GC(5) User=0.04s Sys=0.00s Real=0.00s
[2024-02-08T23:47:21.584+0000][7][safepoint   ] Safepoint "G1CollectForAllocation", Time since last: 746145127 ns, Reaching safepoint: 116100 ns, At safepoint: 6941127 ns, Total: 7057227 ns
[2024-02-08T23:47:22.476+0000][7][safepoint   ] Safepoint "ICBufferFull", Time since last: 891443462 ns, Reaching safepoint: 199560 ns, At safepoint: 3130 ns, Total: 202690 ns
[2024-02-08T23:47:22.624+0000][7][gc,start    ] GC(6) Pause Young (Concurrent Start) (Metadata GC Threshold)
[2024-02-08T23:47:22.625+0000][7][gc,task     ] GC(6) Using 8 workers of 8 for evacuation
[2024-02-08T23:47:22.625+0000][7][gc,age      ] GC(6) Desired survivor size 41943040 bytes, new threshold 15 (max threshold 15)
[2024-02-08T23:47:22.632+0000][7][gc,phases   ] GC(6)   Pre Evacuate Collection Set: 0.1ms
[2024-02-08T23:47:22.632+0000][7][gc,phases   ] GC(6)   Merge Heap Roots: 0.0ms
[2024-02-08T23:47:22.632+0000][7][gc,phases   ] GC(6)   Evacuate Collection Set: 6.6ms
[2024-02-08T23:47:22.632+0000][7][gc,phases   ] GC(6)   Post Evacuate Collection Set: 0.8ms
[2024-02-08T23:47:22.632+0000][7][gc,phases   ] GC(6)   Other: 0.1ms
[2024-02-08T23:47:22.632+0000][7][gc,age      ] GC(6) Age table with threshold 15 (max threshold 15)
[2024-02-08T23:47:22.632+0000][7][gc,age      ] GC(6) - age   1:    4644336 bytes,    4644336 total
[2024-02-08T23:47:22.632+0000][7][gc,age      ] GC(6) - age   2:    8825576 bytes,   13469912 total
[2024-02-08T23:47:22.632+0000][7][gc,age      ] GC(6) - age   3:    1249232 bytes,   14719144 total
[2024-02-08T23:47:22.632+0000][7][gc,age      ] GC(6) - age   4:    1479696 bytes,   16198840 total
[2024-02-08T23:47:22.632+0000][7][gc,age      ] GC(6) - age   5:    1214656 bytes,   17413496 total
[2024-02-08T23:47:22.632+0000][7][gc,heap     ] GC(6) Eden regions: 144->0(148)
[2024-02-08T23:47:22.632+0000][7][gc,heap     ] GC(6) Survivor regions: 4->5(20)
[2024-02-08T23:47:22.632+0000][7][gc,heap     ] GC(6) Old regions: 2->2
[2024-02-08T23:47:22.632+0000][7][gc,heap     ] GC(6) Archive regions: 2->2
[2024-02-08T23:47:22.632+0000][7][gc,heap     ] GC(6) Humongous regions: 0->0
[2024-02-08T23:47:22.632+0000][7][gc,metaspace] GC(6) Metaspace: 35059K(35840K)->35059K(35840K) NonClass: 30955K(31360K)->30955K(31360K) Class: 4104K(4480K)->4104K(4480K)
[2024-02-08T23:47:22.632+0000][7][gc          ] GC(6) Pause Young (Concurrent Start) (Metadata GC Threshold) 599M->27M(1024M) 7.884ms
[2024-02-08T23:47:22.632+0000][7][gc,cpu      ] GC(6) User=0.04s Sys=0.00s Real=0.01s
[2024-02-08T23:47:22.632+0000][7][gc          ] GC(7) Concurrent Mark Cycle
[2024-02-08T23:47:22.632+0000][7][gc,marking  ] GC(7) Concurrent Clear Claimed Marks
[2024-02-08T23:47:22.632+0000][7][safepoint   ] Safepoint "CollectForMetadataAllocation", Time since last: 148638574 ns, Reaching safepoint: 73267 ns, At safepoint: 7991159 ns, Total: 8064426 ns
[2024-02-08T23:47:22.632+0000][7][gc,marking  ] GC(7) Concurrent Clear Claimed Marks 0.045ms
[2024-02-08T23:47:22.632+0000][7][gc,marking  ] GC(7) Concurrent Scan Root Regions
[2024-02-08T23:47:22.637+0000][7][gc,marking  ] GC(7) Concurrent Scan Root Regions 4.649ms
[2024-02-08T23:47:22.637+0000][7][gc,marking  ] GC(7) Concurrent Mark
[2024-02-08T23:47:22.637+0000][7][gc,marking  ] GC(7) Concurrent Mark From Roots
[2024-02-08T23:47:22.637+0000][7][gc,task     ] GC(7) Using 2 workers of 2 for marking
[2024-02-08T23:47:22.643+0000][7][gc,marking  ] GC(7) Concurrent Mark From Roots 5.734ms
[2024-02-08T23:47:22.643+0000][7][gc,marking  ] GC(7) Concurrent Preclean
[2024-02-08T23:47:22.643+0000][7][gc,marking  ] GC(7) Concurrent Preclean 0.060ms
[2024-02-08T23:47:22.643+0000][7][gc,start    ] GC(7) Pause Remark
[2024-02-08T23:47:22.646+0000][7][gc          ] GC(7) Pause Remark 29M->29M(1024M) 3.348ms
[2024-02-08T23:47:22.646+0000][7][gc,cpu      ] GC(7) User=0.01s Sys=0.00s Real=0.01s
[2024-02-08T23:47:22.646+0000][7][safepoint   ] Safepoint "G1Concurrent", Time since last: 10577787 ns, Reaching safepoint: 93218 ns, At safepoint: 3411086 ns, Total: 3504304 ns
[2024-02-08T23:47:22.647+0000][7][gc,marking  ] GC(7) Concurrent Mark 9.391ms
[2024-02-08T23:47:22.647+0000][7][gc,marking  ] GC(7) Concurrent Rebuild Remembered Sets
[2024-02-08T23:47:22.651+0000][7][gc,marking  ] GC(7) Concurrent Rebuild Remembered Sets 4.017ms
[2024-02-08T23:47:22.651+0000][7][gc,start    ] GC(7) Pause Cleanup
[2024-02-08T23:47:22.651+0000][7][gc          ] GC(7) Pause Cleanup 29M->29M(1024M) 0.081ms
[2024-02-08T23:47:22.651+0000][7][gc,cpu      ] GC(7) User=0.00s Sys=0.00s Real=0.00s
[2024-02-08T23:47:22.651+0000][7][safepoint   ] Safepoint "G1Concurrent", Time since last: 4134248 ns, Reaching safepoint: 97525 ns, At safepoint: 117281 ns, Total: 214806 ns
[2024-02-08T23:47:22.651+0000][7][gc,marking  ] GC(7) Concurrent Cleanup for Next Mark
[2024-02-08T23:47:22.653+0000][7][gc,marking  ] GC(7) Concurrent Cleanup for Next Mark 2.277ms
[2024-02-08T23:47:22.653+0000][7][gc          ] GC(7) Concurrent Mark Cycle 20.864ms
[2024-02-08T23:47:23.369+0000][7][safepoint   ] Safepoint "ICBufferFull", Time since last: 718305136 ns, Reaching safepoint: 231775 ns, At safepoint: 5737 ns, Total: 237512 ns
[2024-02-08T23:47:23.927+0000][7][safepoint   ] Safepoint "ICBufferFull", Time since last: 557405231 ns, Reaching safepoint: 200029 ns, At safepoint: 6222 ns, Total: 206251 ns
[2024-02-08T23:47:24.731+0000][7][safepoint   ] Safepoint "ICBufferFull", Time since last: 803753009 ns, Reaching safepoint: 156209 ns, At safepoint: 2495 ns, Total: 158704 ns
[2024-02-08T23:47:25.450+0000][7][gc,start    ] GC(8) Pause Young (Concurrent Start) (Metadata GC Threshold)
[2024-02-08T23:47:25.450+0000][7][gc,task     ] GC(8) Using 8 workers of 8 for evacuation
[2024-02-08T23:47:25.450+0000][7][gc,age      ] GC(8) Desired survivor size 41943040 bytes, new threshold 15 (max threshold 15)
[2024-02-08T23:47:25.470+0000][7][gc,phases   ] GC(8)   Pre Evacuate Collection Set: 0.2ms
[2024-02-08T23:47:25.470+0000][7][gc,phases   ] GC(8)   Merge Heap Roots: 0.0ms
[2024-02-08T23:47:25.470+0000][7][gc,phases   ] GC(8)   Evacuate Collection Set: 18.9ms
[2024-02-08T23:47:25.470+0000][7][gc,phases   ] GC(8)   Post Evacuate Collection Set: 1.4ms
[2024-02-08T23:47:25.470+0000][7][gc,phases   ] GC(8)   Other: 0.0ms
[2024-02-08T23:47:25.470+0000][7][gc,age      ] GC(8) Age table with threshold 15 (max threshold 15)
[2024-02-08T23:47:25.470+0000][7][gc,age      ] GC(8) - age   1:   24551736 bytes,   24551736 total
[2024-02-08T23:47:25.470+0000][7][gc,age      ] GC(8) - age   2:    4454056 bytes,   29005792 total
[2024-02-08T23:47:25.470+0000][7][gc,age      ] GC(8) - age   3:    8743976 bytes,   37749768 total
[2024-02-08T23:47:25.470+0000][7][gc,age      ] GC(8) - age   4:    1239464 bytes,   38989232 total
[2024-02-08T23:47:25.470+0000][7][gc,age      ] GC(8) - age   5:    1473608 bytes,   40462840 total
[2024-02-08T23:47:25.470+0000][7][gc,age      ] GC(8) - age   6:    1200440 bytes,   41663280 total
[2024-02-08T23:47:25.470+0000][7][gc,heap     ] GC(8) Eden regions: 101->0(142)
[2024-02-08T23:47:25.470+0000][7][gc,heap     ] GC(8) Survivor regions: 5->11(20)
[2024-02-08T23:47:25.470+0000][7][gc,heap     ] GC(8) Old regions: 2->2
[2024-02-08T23:47:25.470+0000][7][gc,heap     ] GC(8) Archive regions: 2->2
[2024-02-08T23:47:25.470+0000][7][gc,heap     ] GC(8) Humongous regions: 0->0
[2024-02-08T23:47:25.470+0000][7][gc,metaspace] GC(8) Metaspace: 58459K(59968K)->58459K(59968K) NonClass: 50936K(51776K)->50936K(51776K) Class: 7523K(8192K)->7523K(8192K)
[2024-02-08T23:47:25.470+0000][7][gc          ] GC(8) Pause Young (Concurrent Start) (Metadata GC Threshold) 429M->51M(1024M) 20.735ms
[2024-02-08T23:47:25.470+0000][7][gc,cpu      ] GC(8) User=0.14s Sys=0.00s Real=0.02s
[2024-02-08T23:47:25.470+0000][7][gc          ] GC(9) Concurrent Mark Cycle
[2024-02-08T23:47:25.470+0000][7][gc,marking  ] GC(9) Concurrent Clear Claimed Marks
[2024-02-08T23:47:25.470+0000][7][safepoint   ] Safepoint "CollectForMetadataAllocation", Time since last: 718615452 ns, Reaching safepoint: 110448 ns, At safepoint: 20832877 ns, Total: 20943325 ns
[2024-02-08T23:47:25.471+0000][7][gc,marking  ] GC(9) Concurrent Clear Claimed Marks 0.094ms
[2024-02-08T23:47:25.471+0000][7][gc,marking  ] GC(9) Concurrent Scan Root Regions
[2024-02-08T23:47:25.483+0000][7][gc,marking  ] GC(9) Concurrent Scan Root Regions 12.902ms
[2024-02-08T23:47:25.483+0000][7][gc,marking  ] GC(9) Concurrent Mark
[2024-02-08T23:47:25.483+0000][7][gc,marking  ] GC(9) Concurrent Mark From Roots
[2024-02-08T23:47:25.483+0000][7][gc,task     ] GC(9) Using 2 workers of 2 for marking
[2024-02-08T23:47:25.489+0000][7][gc,marking  ] GC(9) Concurrent Mark From Roots 5.553ms
[2024-02-08T23:47:25.489+0000][7][gc,marking  ] GC(9) Concurrent Preclean
[2024-02-08T23:47:25.489+0000][7][gc,marking  ] GC(9) Concurrent Preclean 0.042ms
[2024-02-08T23:47:25.489+0000][7][gc,start    ] GC(9) Pause Remark
[2024-02-08T23:47:25.493+0000][7][gc          ] GC(9) Pause Remark 53M->53M(1024M) 3.812ms
[2024-02-08T23:47:25.493+0000][7][gc,cpu      ] GC(9) User=0.01s Sys=0.00s Real=0.00s
[2024-02-08T23:47:25.493+0000][7][safepoint   ] Safepoint "G1Concurrent", Time since last: 18663715 ns, Reaching safepoint: 361475 ns, At safepoint: 3883265 ns, Total: 4244740 ns
[2024-02-08T23:47:25.493+0000][7][gc,marking  ] GC(9) Concurrent Mark 9.957ms
[2024-02-08T23:47:25.493+0000][7][gc,marking  ] GC(9) Concurrent Rebuild Remembered Sets
[2024-02-08T23:47:25.495+0000][7][gc,marking  ] GC(9) Concurrent Rebuild Remembered Sets 1.952ms
[2024-02-08T23:47:25.496+0000][7][gc,start    ] GC(9) Pause Cleanup
[2024-02-08T23:47:25.496+0000][7][gc          ] GC(9) Pause Cleanup 53M->53M(1024M) 0.060ms
[2024-02-08T23:47:25.496+0000][7][gc,cpu      ] GC(9) User=0.00s Sys=0.00s Real=0.00s
[2024-02-08T23:47:25.496+0000][7][safepoint   ] Safepoint "G1Concurrent", Time since last: 2047072 ns, Reaching safepoint: 85087 ns, At safepoint: 87946 ns, Total: 173033 ns
[2024-02-08T23:47:25.496+0000][7][gc,marking  ] GC(9) Concurrent Cleanup for Next Mark
[2024-02-08T23:47:25.498+0000][7][gc,marking  ] GC(9) Concurrent Cleanup for Next Mark 1.954ms
[2024-02-08T23:47:25.498+0000][7][gc          ] GC(9) Concurrent Mark Cycle 27.226ms
[2024-02-08T23:47:25.983+0000][7][safepoint   ] Safepoint "ICBufferFull", Time since last: 487356260 ns, Reaching safepoint: 187444 ns, At safepoint: 3293 ns, Total: 190737 ns
[2024-02-08T23:47:26.996+0000][7][safepoint   ] Safepoint "ICBufferFull", Time since last: 1012445293 ns, Reaching safepoint: 719241 ns, At safepoint: 5066 ns, Total: 724307 ns
[2024-02-08T23:47:27.922+0000][7][safepoint   ] Safepoint "ICBufferFull", Time since last: 925917928 ns, Reaching safepoint: 178330 ns, At safepoint: 2534 ns, Total: 180864 ns
[2024-02-08T23:47:28.466+0000][7][safepoint   ] Safepoint "ICBufferFull", Time since last: 542754713 ns, Reaching safepoint: 446676 ns, At safepoint: 5779 ns, Total: 452455 ns
[2024-02-08T23:47:28.628+0000][7][gc,start    ] GC(10) Pause Young (Concurrent Start) (Metadata GC Threshold)
[2024-02-08T23:47:28.628+0000][7][gc,task     ] GC(10) Using 8 workers of 8 for evacuation
[2024-02-08T23:47:28.628+0000][7][gc,age      ] GC(10) Desired survivor size 41943040 bytes, new threshold 15 (max threshold 15)
[2024-02-08T23:47:28.655+0000][7][gc,phases   ] GC(10)   Pre Evacuate Collection Set: 0.2ms
[2024-02-08T23:47:28.655+0000][7][gc,phases   ] GC(10)   Merge Heap Roots: 0.0ms
[2024-02-08T23:47:28.655+0000][7][gc,phases   ] GC(10)   Evacuate Collection Set: 25.5ms
[2024-02-08T23:47:28.655+0000][7][gc,phases   ] GC(10)   Post Evacuate Collection Set: 1.8ms
[2024-02-08T23:47:28.655+0000][7][gc,phases   ] GC(10)   Other: 0.0ms
[2024-02-08T23:47:28.655+0000][7][gc,age      ] GC(10) Age table with threshold 15 (max threshold 15)
[2024-02-08T23:47:28.655+0000][7][gc,age      ] GC(10) - age   1:   17294672 bytes,   17294672 total
[2024-02-08T23:47:28.655+0000][7][gc,age      ] GC(10) - age   2:   23935376 bytes,   41230048 total
[2024-02-08T23:47:28.655+0000][7][gc,age      ] GC(10) - age   3:    4423672 bytes,   45653720 total
[2024-02-08T23:47:28.655+0000][7][gc,age      ] GC(10) - age   4:    8709224 bytes,   54362944 total
[2024-02-08T23:47:28.655+0000][7][gc,age      ] GC(10) - age   5:    1235088 bytes,   55598032 total
[2024-02-08T23:47:28.656+0000][7][gc,age      ] GC(10) - age   6:    1469336 bytes,   57067368 total
[2024-02-08T23:47:28.656+0000][7][gc,age      ] GC(10) - age   7:    1197736 bytes,   58265104 total
[2024-02-08T23:47:28.656+0000][7][gc,heap     ] GC(10) Eden regions: 116->0(138)
[2024-02-08T23:47:28.656+0000][7][gc,heap     ] GC(10) Survivor regions: 11->15(20)
[2024-02-08T23:47:28.656+0000][7][gc,heap     ] GC(10) Old regions: 2->2
[2024-02-08T23:47:28.656+0000][7][gc,heap     ] GC(10) Archive regions: 2->2
[2024-02-08T23:47:28.656+0000][7][gc,heap     ] GC(10) Humongous regions: 0->0
[2024-02-08T23:47:28.656+0000][7][gc,metaspace] GC(10) Metaspace: 97472K(100480K)->97472K(100480K) NonClass: 84270K(85760K)->84270K(85760K) Class: 13201K(14720K)->13201K(14720K)
[2024-02-08T23:47:28.656+0000][7][gc          ] GC(10) Pause Young (Concurrent Start) (Metadata GC Threshold) 513M->68M(1024M) 27.753ms
[2024-02-08T23:47:28.656+0000][7][gc,cpu      ] GC(10) User=0.19s Sys=0.00s Real=0.02s
[2024-02-08T23:47:28.656+0000][7][gc          ] GC(11) Concurrent Mark Cycle
[2024-02-08T23:47:28.656+0000][7][gc,marking  ] GC(11) Concurrent Clear Claimed Marks
[2024-02-08T23:47:28.656+0000][7][safepoint   ] Safepoint "CollectForMetadataAllocation", Time since last: 161878638 ns, Reaching safepoint: 302499 ns, At safepoint: 27864218 ns, Total: 28166717 ns
[2024-02-08T23:47:28.656+0000][7][gc,marking  ] GC(11) Concurrent Clear Claimed Marks 0.297ms
[2024-02-08T23:47:28.656+0000][7][gc,marking  ] GC(11) Concurrent Scan Root Regions
[2024-02-08T23:47:28.678+0000][7][gc,marking  ] GC(11) Concurrent Scan Root Regions 22.329ms
[2024-02-08T23:47:28.678+0000][7][gc,marking  ] GC(11) Concurrent Mark
[2024-02-08T23:47:28.678+0000][7][gc,marking  ] GC(11) Concurrent Mark From Roots
[2024-02-08T23:47:28.678+0000][7][gc,task     ] GC(11) Using 2 workers of 2 for marking
[2024-02-08T23:47:28.683+0000][7][gc,marking  ] GC(11) Concurrent Mark From Roots 4.556ms
[2024-02-08T23:47:28.683+0000][7][gc,marking  ] GC(11) Concurrent Preclean
[2024-02-08T23:47:28.683+0000][7][gc,marking  ] GC(11) Concurrent Preclean 0.038ms
[2024-02-08T23:47:28.683+0000][7][gc,start    ] GC(11) Pause Remark
[2024-02-08T23:47:28.687+0000][7][gc          ] GC(11) Pause Remark 86M->86M(1024M) 3.998ms
[2024-02-08T23:47:28.687+0000][7][gc,cpu      ] GC(11) User=0.01s Sys=0.00s Real=0.01s
[2024-02-08T23:47:28.687+0000][7][safepoint   ] Safepoint "G1Concurrent", Time since last: 27297740 ns, Reaching safepoint: 45361 ns, At safepoint: 4063745 ns, Total: 4109106 ns
[2024-02-08T23:47:28.687+0000][7][gc,marking  ] GC(11) Concurrent Mark 8.810ms
[2024-02-08T23:47:28.687+0000][7][gc,marking  ] GC(11) Concurrent Rebuild Remembered Sets
[2024-02-08T23:47:28.689+0000][7][gc,marking  ] GC(11) Concurrent Rebuild Remembered Sets 1.973ms
[2024-02-08T23:47:28.689+0000][7][gc,start    ] GC(11) Pause Cleanup
[2024-02-08T23:47:28.689+0000][7][gc          ] GC(11) Pause Cleanup 86M->86M(1024M) 0.064ms
[2024-02-08T23:47:28.689+0000][7][gc,cpu      ] GC(11) User=0.00s Sys=0.00s Real=0.00s
[2024-02-08T23:47:28.689+0000][7][safepoint   ] Safepoint "G1Concurrent", Time since last: 2063568 ns, Reaching safepoint: 92131 ns, At safepoint: 88521 ns, Total: 180652 ns
[2024-02-08T23:47:28.689+0000][7][gc,marking  ] GC(11) Concurrent Cleanup for Next Mark
[2024-02-08T23:47:28.691+0000][7][gc,marking  ] GC(11) Concurrent Cleanup for Next Mark 1.360ms
[2024-02-08T23:47:28.691+0000][7][gc          ] GC(11) Concurrent Mark Cycle 35.165ms
[2024-02-08T23:47:28.917+0000][7][safepoint   ] Safepoint "ICBufferFull", Time since last: 227780912 ns, Reaching safepoint: 129311 ns, At safepoint: 3339 ns, Total: 132650 ns
[2024-02-08T23:47:29.303+0000][7][safepoint   ] Safepoint "ICBufferFull", Time since last: 385503600 ns, Reaching safepoint: 171193 ns, At safepoint: 5667 ns, Total: 176860 ns
[2024-02-08T23:47:29.561+0000][7][safepoint   ] Safepoint "ICBufferFull", Time since last: 257628458 ns, Reaching safepoint: 158488 ns, At safepoint: 6661 ns, Total: 165149 ns
[2024-02-08T23:47:29.884+0000][7][safepoint   ] Safepoint "ICBufferFull", Time since last: 323552426 ns, Reaching safepoint: 205485 ns, At safepoint: 5154 ns, Total: 210639 ns
[2024-02-08T23:47:29.993+0000][7][safepoint   ] Safepoint "ICBufferFull", Time since last: 108147846 ns, Reaching safepoint: 130920 ns, At safepoint: 3629 ns, Total: 134549 ns
[2024-02-08T23:47:30.078+0000][7][safepoint   ] Safepoint "ICBufferFull", Time since last: 85060197 ns, Reaching safepoint: 220023 ns, At safepoint: 6145 ns, Total: 226168 ns
[2024-02-08T23:47:30.201+0000][7][safepoint   ] Safepoint "ICBufferFull", Time since last: 122525461 ns, Reaching safepoint: 197197 ns, At safepoint: 8171 ns, Total: 205368 ns
[2024-02-08T23:47:30.375+0000][7][safepoint   ] Safepoint "ICBufferFull", Time since last: 174313060 ns, Reaching safepoint: 233298 ns, At safepoint: 7977 ns, Total: 241275 ns
[2024-02-08T23:47:30.627+0000][7][safepoint   ] Safepoint "ICBufferFull", Time since last: 251543065 ns, Reaching safepoint: 205505 ns, At safepoint: 8024 ns, Total: 213529 ns
[2024-02-08T23:47:31.152+0000][7][safepoint   ] Safepoint "ICBufferFull", Time since last: 525083063 ns, Reaching safepoint: 113740 ns, At safepoint: 3694 ns, Total: 117434 ns
[2024-02-08T23:47:31.315+0000][7][gc,start    ] GC(12) Pause Young (Normal) (G1 Evacuation Pause)
[2024-02-08T23:47:31.315+0000][7][gc,task     ] GC(12) Using 8 workers of 8 for evacuation
[2024-02-08T23:47:31.315+0000][7][gc,age      ] GC(12) Desired survivor size 41943040 bytes, new threshold 3 (max threshold 15)
[2024-02-08T23:47:31.345+0000][7][gc,phases   ] GC(12)   Pre Evacuate Collection Set: 0.1ms
[2024-02-08T23:47:31.345+0000][7][gc,phases   ] GC(12)   Merge Heap Roots: 0.0ms
[2024-02-08T23:47:31.345+0000][7][gc,phases   ] GC(12)   Evacuate Collection Set: 27.8ms
[2024-02-08T23:47:31.345+0000][7][gc,phases   ] GC(12)   Post Evacuate Collection Set: 2.0ms
[2024-02-08T23:47:31.345+0000][7][gc,phases   ] GC(12)   Other: 0.1ms
[2024-02-08T23:47:31.345+0000][7][gc,age      ] GC(12) Age table with threshold 3 (max threshold 15)
[2024-02-08T23:47:31.345+0000][7][gc,age      ] GC(12) - age   1:   16432632 bytes,   16432632 total
[2024-02-08T23:47:31.345+0000][7][gc,age      ] GC(12) - age   2:   16665080 bytes,   33097712 total
[2024-02-08T23:47:31.345+0000][7][gc,age      ] GC(12) - age   3:   23706872 bytes,   56804584 total
[2024-02-08T23:47:31.345+0000][7][gc,heap     ] GC(12) Eden regions: 138->0(138)
[2024-02-08T23:47:31.345+0000][7][gc,heap     ] GC(12) Survivor regions: 15->15(20)
[2024-02-08T23:47:31.345+0000][7][gc,heap     ] GC(12) Old regions: 2->6
[2024-02-08T23:47:31.345+0000][7][gc,heap     ] GC(12) Archive regions: 2->2
[2024-02-08T23:47:31.345+0000][7][gc,heap     ] GC(12) Humongous regions: 0->0
[2024-02-08T23:47:31.345+0000][7][gc,metaspace] GC(12) Metaspace: 111733K(115008K)->111733K(115008K) NonClass: 96525K(98176K)->96525K(98176K) Class: 15208K(16832K)->15208K(16832K)
[2024-02-08T23:47:31.345+0000][7][gc          ] GC(12) Pause Young (Normal) (G1 Evacuation Pause) 620M->86M(1024M) 30.233ms
[2024-02-08T23:47:31.345+0000][7][gc,cpu      ] GC(12) User=0.20s Sys=0.00s Real=0.04s
[2024-02-08T23:47:31.345+0000][7][safepoint   ] Safepoint "G1CollectForAllocation", Time since last: 162217885 ns, Reaching safepoint: 59408 ns, At safepoint: 30320726 ns, Total: 30380134 ns
[2024-02-08T23:47:32.182+0000][7][gc,start    ] GC(13) Pause Young (Normal) (G1 Evacuation Pause)
[2024-02-08T23:47:32.182+0000][7][gc,task     ] GC(13) Using 8 workers of 8 for evacuation
[2024-02-08T23:47:32.182+0000][7][gc,age      ] GC(13) Desired survivor size 41943040 bytes, new threshold 3 (max threshold 15)
[2024-02-08T23:47:32.209+0000][7][gc,phases   ] GC(13)   Pre Evacuate Collection Set: 0.1ms
[2024-02-08T23:47:32.209+0000][7][gc,phases   ] GC(13)   Merge Heap Roots: 0.1ms
[2024-02-08T23:47:32.209+0000][7][gc,phases   ] GC(13)   Evacuate Collection Set: 25.6ms
[2024-02-08T23:47:32.209+0000][7][gc,phases   ] GC(13)   Post Evacuate Collection Set: 1.5ms
[2024-02-08T23:47:32.209+0000][7][gc,phases   ] GC(13)   Other: 0.1ms
[2024-02-08T23:47:32.209+0000][7][gc,age      ] GC(13) Age table with threshold 3 (max threshold 15)
[2024-02-08T23:47:32.209+0000][7][gc,age      ] GC(13) - age   1:    4461040 bytes,    4461040 total
[2024-02-08T23:47:32.209+0000][7][gc,age      ] GC(13) - age   2:   15830496 bytes,   20291536 total
[2024-02-08T23:47:32.209+0000][7][gc,age      ] GC(13) - age   3:   16664640 bytes,   36956176 total
[2024-02-08T23:47:32.209+0000][7][gc,heap     ] GC(13) Eden regions: 138->0(143)
[2024-02-08T23:47:32.209+0000][7][gc,heap     ] GC(13) Survivor regions: 15->10(20)
[2024-02-08T23:47:32.209+0000][7][gc,heap     ] GC(13) Old regions: 6->12
[2024-02-08T23:47:32.209+0000][7][gc,heap     ] GC(13) Archive regions: 2->2
[2024-02-08T23:47:32.209+0000][7][gc,heap     ] GC(13) Humongous regions: 0->0
[2024-02-08T23:47:32.209+0000][7][gc,metaspace] GC(13) Metaspace: 111756K(115072K)->111756K(115072K) NonClass: 96547K(98240K)->96547K(98240K) Class: 15208K(16832K)->15208K(16832K)
[2024-02-08T23:47:32.209+0000][7][gc          ] GC(13) Pause Young (Normal) (G1 Evacuation Pause) 638M->89M(1024M) 27.481ms
[2024-02-08T23:47:32.209+0000][7][gc,cpu      ] GC(13) User=0.18s Sys=0.00s Real=0.03s
[2024-02-08T23:47:32.209+0000][7][safepoint   ] Safepoint "G1CollectForAllocation", Time since last: 836799942 ns, Reaching safepoint: 141693 ns, At safepoint: 27548013 ns, Total: 27689706 ns
[2024-02-08T23:47:32.664+0000][7][safepoint   ] Safepoint "ICBufferFull", Time since last: 454740308 ns, Reaching safepoint: 185835 ns, At safepoint: 3996 ns, Total: 189831 ns
[2024-02-08T23:47:32.955+0000][7][safepoint   ] Safepoint "ICBufferFull", Time since last: 290464605 ns, Reaching safepoint: 146471 ns, At safepoint: 12662 ns, Total: 159133 ns
[2024-02-08T23:47:33.174+0000][7][safepoint   ] Safepoint "ICBufferFull", Time since last: 219178595 ns, Reaching safepoint: 178712 ns, At safepoint: 8605 ns, Total: 187317 ns
[2024-02-08T23:47:33.251+0000][7][gc,start    ] GC(14) Pause Young (Normal) (G1 Evacuation Pause)
[2024-02-08T23:47:33.251+0000][7][gc,task     ] GC(14) Using 8 workers of 8 for evacuation
[2024-02-08T23:47:33.251+0000][7][gc,age      ] GC(14) Desired survivor size 41943040 bytes, new threshold 15 (max threshold 15)
[2024-02-08T23:47:33.269+0000][7][gc,phases   ] GC(14)   Pre Evacuate Collection Set: 0.1ms
[2024-02-08T23:47:33.269+0000][7][gc,phases   ] GC(14)   Merge Heap Roots: 0.1ms
[2024-02-08T23:47:33.269+0000][7][gc,phases   ] GC(14)   Evacuate Collection Set: 15.9ms
[2024-02-08T23:47:33.269+0000][7][gc,phases   ] GC(14)   Post Evacuate Collection Set: 1.2ms
[2024-02-08T23:47:33.269+0000][7][gc,phases   ] GC(14)   Other: 0.1ms
[2024-02-08T23:47:33.269+0000][7][gc,age      ] GC(14) Age table with threshold 15 (max threshold 15)
[2024-02-08T23:47:33.269+0000][7][gc,age      ] GC(14) - age   1:   11248752 bytes,   11248752 total
[2024-02-08T23:47:33.269+0000][7][gc,age      ] GC(14) - age   2:    3062272 bytes,   14311024 total
[2024-02-08T23:47:33.269+0000][7][gc,age      ] GC(14) - age   3:   15639224 bytes,   29950248 total
[2024-02-08T23:47:33.269+0000][7][gc,age      ] GC(14) - age   4:   16649064 bytes,   46599312 total
[2024-02-08T23:47:33.269+0000][7][gc,heap     ] GC(14) Eden regions: 143->0(140)
[2024-02-08T23:47:33.269+0000][7][gc,heap     ] GC(14) Survivor regions: 10->13(20)
[2024-02-08T23:47:33.269+0000][7][gc,heap     ] GC(14) Old regions: 12->12
[2024-02-08T23:47:33.269+0000][7][gc,heap     ] GC(14) Archive regions: 2->2
[2024-02-08T23:47:33.269+0000][7][gc,heap     ] GC(14) Humongous regions: 0->0
[2024-02-08T23:47:33.269+0000][7][gc,metaspace] GC(14) Metaspace: 115560K(118912K)->115560K(118912K) NonClass: 99859K(101568K)->99859K(101568K) Class: 15700K(17344K)->15700K(17344K)
[2024-02-08T23:47:33.269+0000][7][gc          ] GC(14) Pause Young (Normal) (G1 Evacuation Pause) 661M->98M(1024M) 17.502ms
[2024-02-08T23:47:33.269+0000][7][gc,cpu      ] GC(14) User=0.12s Sys=0.00s Real=0.02s
[2024-02-08T23:47:33.269+0000][7][safepoint   ] Safepoint "G1CollectForAllocation", Time since last: 76924271 ns, Reaching safepoint: 181349 ns, At safepoint: 17564722 ns, Total: 17746071 ns
[2024-02-08T23:47:33.540+0000][7][safepoint   ] Safepoint "ICBufferFull", Time since last: 270867553 ns, Reaching safepoint: 151534 ns, At safepoint: 4601 ns, Total: 156135 ns
[2024-02-08T23:47:34.064+0000][7][safepoint   ] Safepoint "ICBufferFull", Time since last: 523672645 ns, Reaching safepoint: 151575 ns, At safepoint: 5064 ns, Total: 156639 ns
[2024-02-08T23:47:34.212+0000][7][safepoint   ] Safepoint "ICBufferFull", Time since last: 148277429 ns, Reaching safepoint: 162480 ns, At safepoint: 2651 ns, Total: 165131 ns
[2024-02-08T23:47:34.744+0000][7][safepoint   ] Safepoint "ICBufferFull", Time since last: 531798183 ns, Reaching safepoint: 167008 ns, At safepoint: 4388 ns, Total: 171396 ns
[2024-02-08T23:47:35.744+0000][7][safepoint   ] Safepoint "Cleanup", Time since last: 1000140753 ns, Reaching safepoint: 72464 ns, At safepoint: 7115 ns, Total: 79579 ns
[2024-02-08T23:47:36.745+0000][7][safepoint   ] Safepoint "Cleanup", Time since last: 1000162461 ns, Reaching safepoint: 77255 ns, At safepoint: 6818 ns, Total: 84073 ns
[2024-02-08T23:47:36.969+0000][7][safepoint   ] Safepoint "ICBufferFull", Time since last: 223710959 ns, Reaching safepoint: 737718 ns, At safepoint: 20461 ns, Total: 758179 ns
[2024-02-08T23:47:37.869+0000][7][safepoint   ] Safepoint "ICBufferFull", Time since last: 899668491 ns, Reaching safepoint: 237992 ns, At safepoint: 10019 ns, Total: 248011 ns
[2024-02-08T23:47:38.869+0000][7][safepoint   ] Safepoint "Cleanup", Time since last: 1000137439 ns, Reaching safepoint: 132366 ns, At safepoint: 14602 ns, Total: 146968 ns
[2024-02-08T23:47:39.870+0000][7][safepoint   ] Safepoint "Cleanup", Time since last: 1000258207 ns, Reaching safepoint: 95509 ns, At safepoint: 11192 ns, Total: 106701 ns
[2024-02-08T23:47:40.166+0000][7][safepoint   ] Safepoint "ICBufferFull", Time since last: 295773960 ns, Reaching safepoint: 267344 ns, At safepoint: 7171 ns, Total: 274515 ns
[2024-02-08T23:47:41.166+0000][7][safepoint   ] Safepoint "Cleanup", Time since last: 1000278936 ns, Reaching safepoint: 161980 ns, At safepoint: 10915 ns, Total: 172895 ns
[2024-02-08T23:47:42.166+0000][7][safepoint   ] Safepoint "Cleanup", Time since last: 1000160016 ns, Reaching safepoint: 79374 ns, At safepoint: 6666 ns, Total: 86040 ns
[2024-02-08T23:47:43.167+0000][7][safepoint   ] Safepoint "Cleanup", Time since last: 1000256346 ns, Reaching safepoint: 208676 ns, At safepoint: 9425 ns, Total: 218101 ns
[2024-02-08T23:47:45.168+0000][7][safepoint   ] Safepoint "Cleanup", Time since last: 2000435160 ns, Reaching safepoint: 132778 ns, At safepoint: 8779 ns, Total: 141557 ns
[2024-02-08T23:47:46.168+0000][7][safepoint   ] Safepoint "Cleanup", Time since last: 1000244528 ns, Reaching safepoint: 197306 ns, At safepoint: 7479 ns, Total: 204785 ns
[2024-02-08T23:47:46.938+0000][7][safepoint   ] Safepoint "ICBufferFull", Time since last: 770103599 ns, Reaching safepoint: 208208 ns, At safepoint: 7211 ns, Total: 215419 ns
[2024-02-08T23:47:47.939+0000][7][safepoint   ] Safepoint "Cleanup", Time since last: 1000143336 ns, Reaching safepoint: 161970 ns, At safepoint: 5291 ns, Total: 167261 ns
[2024-02-08T23:47:48.939+0000][7][safepoint   ] Safepoint "Cleanup", Time since last: 1000131785 ns, Reaching safepoint: 109456 ns, At safepoint: 8605 ns, Total: 118061 ns
[2024-02-08T23:47:49.975+0000][7][safepoint   ] Safepoint "Cleanup", Time since last: 1035903296 ns, Reaching safepoint: 131139 ns, At safepoint: 9699 ns, Total: 140838 ns
[2024-02-08T23:47:51.975+0000][7][safepoint   ] Safepoint "Cleanup", Time since last: 2000310259 ns, Reaching safepoint: 90981 ns, At safepoint: 4078 ns, Total: 95059 ns
[2024-02-08T23:47:52.976+0000][7][safepoint   ] Safepoint "Cleanup", Time since last: 1000196423 ns, Reaching safepoint: 132963 ns, At safepoint: 14029 ns, Total: 146992 ns
[2024-02-08T23:47:53.976+0000][7][safepoint   ] Safepoint "Cleanup", Time since last: 1000259681 ns, Reaching safepoint: 82872 ns, At safepoint: 10575 ns, Total: 93447 ns
[2024-02-08T23:47:54.976+0000][7][safepoint   ] Safepoint "Cleanup", Time since last: 1000258398 ns, Reaching safepoint: 133421 ns, At safepoint: 7714 ns, Total: 141135 ns
[2024-02-08T23:47:56.977+0000][7][safepoint   ] Safepoint "Cleanup", Time since last: 2000333457 ns, Reaching safepoint: 115773 ns, At safepoint: 6063 ns, Total: 121836 ns
[2024-02-08T23:47:57.977+0000][7][safepoint   ] Safepoint "Cleanup", Time since last: 1000108977 ns, Reaching safepoint: 116469 ns, At safepoint: 7263 ns, Total: 123732 ns
[2024-02-08T23:47:58.977+0000][7][safepoint   ] Safepoint "Cleanup", Time since last: 1000133154 ns, Reaching safepoint: 100028 ns, At safepoint: 5151 ns, Total: 105179 ns
[2024-02-08T23:47:59.978+0000][7][safepoint   ] Safepoint "Cleanup", Time since last: 1000157917 ns, Reaching safepoint: 131123 ns, At safepoint: 7665 ns, Total: 138788 ns
[2024-02-08T23:48:00.978+0000][7][safepoint   ] Safepoint "Cleanup", Time since last: 1000133665 ns, Reaching safepoint: 91067 ns, At safepoint: 4260 ns, Total: 95327 ns
[2024-02-08T23:48:01.978+0000][7][safepoint   ] Safepoint "Cleanup", Time since last: 1000218236 ns, Reaching safepoint: 82360 ns, At safepoint: 9552 ns, Total: 91912 ns
[2024-02-08T23:48:02.978+0000][7][safepoint   ] Safepoint "Cleanup", Time since last: 1000251551 ns, Reaching safepoint: 77401 ns, At safepoint: 9622 ns, Total: 87023 ns
[2024-02-08T23:48:03.979+0000][7][safepoint   ] Safepoint "Cleanup", Time since last: 1000138168 ns, Reaching safepoint: 80873 ns, At safepoint: 5859 ns, Total: 86732 ns
[2024-02-08T23:48:04.979+0000][7][safepoint   ] Safepoint "Cleanup", Time since last: 1000195387 ns, Reaching safepoint: 168568 ns, At safepoint: 17393 ns, Total: 185961 ns
[2024-02-08T23:48:05.979+0000][7][safepoint   ] Safepoint "Cleanup", Time since last: 1000259528 ns, Reaching safepoint: 84540 ns, At safepoint: 8194 ns, Total: 92734 ns
[2024-02-08T23:48:06.980+0000][7][safepoint   ] Safepoint "Cleanup", Time since last: 1000210722 ns, Reaching safepoint: 112174 ns, At safepoint: 5761 ns, Total: 117935 ns
[2024-02-08T23:48:07.980+0000][7][safepoint   ] Safepoint "Cleanup", Time since last: 1000148961 ns, Reaching safepoint: 106368 ns, At safepoint: 7126 ns, Total: 113494 ns
[2024-02-08T23:48:09.981+0000][7][safepoint   ] Safepoint "Cleanup", Time since last: 2000351965 ns, Reaching safepoint: 131060 ns, At safepoint: 5934 ns, Total: 136994 ns
[2024-02-08T23:48:10.981+0000][7][safepoint   ] Safepoint "Cleanup", Time since last: 1000257953 ns, Reaching safepoint: 161301 ns, At safepoint: 11383 ns, Total: 172684 ns
[2024-02-08T23:48:11.981+0000][7][safepoint   ] Safepoint "Cleanup", Time since last: 1000170671 ns, Reaching safepoint: 78204 ns, At safepoint: 8035 ns, Total: 86239 ns
[2024-02-08T23:48:12.981+0000][7][safepoint   ] Safepoint "Cleanup", Time since last: 1000120170 ns, Reaching safepoint: 57452 ns, At safepoint: 3892 ns, Total: 61344 ns
[2024-02-08T23:48:13.982+0000][7][safepoint   ] Safepoint "Cleanup", Time since last: 1000137009 ns, Reaching safepoint: 79899 ns, At safepoint: 7384 ns, Total: 87283 ns
[2024-02-08T23:48:14.982+0000][7][safepoint   ] Safepoint "Cleanup", Time since last: 1000220048 ns, Reaching safepoint: 101540 ns, At safepoint: 12117 ns, Total: 113657 ns
[2024-02-08T23:48:15.982+0000][7][safepoint   ] Safepoint "Cleanup", Time since last: 1000178695 ns, Reaching safepoint: 162632 ns, At safepoint: 12822 ns, Total: 175454 ns
[2024-02-08T23:48:16.983+0000][7][safepoint   ] Safepoint "Cleanup", Time since last: 1000242024 ns, Reaching safepoint: 117927 ns, At safepoint: 12044 ns, Total: 129971 ns
[2024-02-08T23:48:17.983+0000][7][safepoint   ] Safepoint "Cleanup", Time since last: 1000269508 ns, Reaching safepoint: 111035 ns, At safepoint: 11452 ns, Total: 122487 ns
[2024-02-08T23:48:18.983+0000][7][safepoint   ] Safepoint "Cleanup", Time since last: 1000210624 ns, Reaching safepoint: 57206 ns, At safepoint: 8867 ns, Total: 66073 ns
[2024-02-08T23:48:19.984+0000][7][safepoint   ] Safepoint "Cleanup", Time since last: 1000266832 ns, Reaching safepoint: 86724 ns, At safepoint: 8332 ns, Total: 95056 ns
[2024-02-08T23:48:21.984+0000][7][safepoint   ] Safepoint "Cleanup", Time since last: 2000320950 ns, Reaching safepoint: 175216 ns, At safepoint: 6264 ns, Total: 181480 ns
[2024-02-08T23:48:22.985+0000][7][safepoint   ] Safepoint "Cleanup", Time since last: 1000209752 ns, Reaching safepoint: 114700 ns, At safepoint: 11196 ns, Total: 125896 ns
[2024-02-08T23:48:23.985+0000][7][safepoint   ] Safepoint "Cleanup", Time since last: 1000251644 ns, Reaching safepoint: 95243 ns, At safepoint: 11514 ns, Total: 106757 ns
[2024-02-08T23:48:24.985+0000][7][safepoint   ] Safepoint "Cleanup", Time since last: 1000212003 ns, Reaching safepoint: 110094 ns, At safepoint: 8144 ns, Total: 118238 ns
[2024-02-08T23:48:26.986+0000][7][safepoint   ] Safepoint "Cleanup", Time since last: 2000359628 ns, Reaching safepoint: 121995 ns, At safepoint: 7247 ns, Total: 129242 ns
[2024-02-08T23:48:27.986+0000][7][safepoint   ] Safepoint "Cleanup", Time since last: 1000199381 ns, Reaching safepoint: 76021 ns, At safepoint: 12291 ns, Total: 88312 ns
[2024-02-08T23:48:28.986+0000][7][safepoint   ] Safepoint "Cleanup", Time since last: 1000203854 ns, Reaching safepoint: 101720 ns, At safepoint: 10793 ns, Total: 112513 ns
[2024-02-08T23:48:29.987+0000][7][safepoint   ] Safepoint "Cleanup", Time since last: 1000261558 ns, Reaching safepoint: 120219 ns, At safepoint: 10645 ns, Total: 130864 ns
[2024-02-08T23:48:30.987+0000][7][safepoint   ] Safepoint "Cleanup", Time since last: 1000234848 ns, Reaching safepoint: 74850 ns, At safepoint: 7242 ns, Total: 82092 ns
[2024-02-08T23:48:31.987+0000][7][safepoint   ] Safepoint "Cleanup", Time since last: 1000238393 ns, Reaching safepoint: 122600 ns, At safepoint: 6368 ns, Total: 128968 ns
[2024-02-08T23:48:32.988+0000][7][safepoint   ] Safepoint "Cleanup", Time since last: 1000253078 ns, Reaching safepoint: 83769 ns, At safepoint: 7479 ns, Total: 91248 ns
[2024-02-08T23:48:33.988+0000][7][safepoint   ] Safepoint "Cleanup", Time since last: 1000156263 ns, Reaching safepoint: 145099 ns, At safepoint: 5227 ns, Total: 150326 ns
[2024-02-08T23:48:34.988+0000][7][safepoint   ] Safepoint "Cleanup", Time since last: 1000267769 ns, Reaching safepoint: 126131 ns, At safepoint: 10943 ns, Total: 137074 ns
[2024-02-08T23:48:36.989+0000][7][safepoint   ] Safepoint "Cleanup", Time since last: 2000338670 ns, Reaching safepoint: 160493 ns, At safepoint: 11140 ns, Total: 171633 ns
[2024-02-08T23:48:37.989+0000][7][safepoint   ] Safepoint "Cleanup", Time since last: 1000259840 ns, Reaching safepoint: 79240 ns, At safepoint: 7098 ns, Total: 86338 ns
[2024-02-08T23:48:39.990+0000][7][safepoint   ] Safepoint "Cleanup", Time since last: 2000343253 ns, Reaching safepoint: 122300 ns, At safepoint: 7736 ns, Total: 130036 ns
[2024-02-08T23:48:40.990+0000][7][safepoint   ] Safepoint "Cleanup", Time since last: 1000271625 ns, Reaching safepoint: 129254 ns, At safepoint: 11678 ns, Total: 140932 ns
[2024-02-08T23:48:41.991+0000][7][safepoint   ] Safepoint "Cleanup", Time since last: 1000281376 ns, Reaching safepoint: 61874 ns, At safepoint: 5633 ns, Total: 67507 ns
[2024-02-08T23:48:42.991+0000][7][safepoint   ] Safepoint "Cleanup", Time since last: 1000131337 ns, Reaching safepoint: 66158 ns, At safepoint: 4265 ns, Total: 70423 ns
[2024-02-08T23:48:43.991+0000][7][safepoint   ] Safepoint "Cleanup", Time since last: 1000272437 ns, Reaching safepoint: 111153 ns, At safepoint: 11108 ns, Total: 122261 ns
[2024-02-08T23:48:44.992+0000][7][safepoint   ] Safepoint "Cleanup", Time since last: 1000264684 ns, Reaching safepoint: 98919 ns, At safepoint: 7571 ns, Total: 106490 ns
[2024-02-08T23:48:45.992+0000][7][safepoint   ] Safepoint "Cleanup", Time since last: 1000217003 ns, Reaching safepoint: 174551 ns, At safepoint: 7607 ns, Total: 182158 ns
[2024-02-08T23:48:46.992+0000][7][safepoint   ] Safepoint "Cleanup", Time since last: 1000202371 ns, Reaching safepoint: 104248 ns, At safepoint: 16224 ns, Total: 120472 ns
[2024-02-08T23:48:48.993+0000][7][safepoint   ] Safepoint "Cleanup", Time since last: 2000365518 ns, Reaching safepoint: 91721 ns, At safepoint: 8071 ns, Total: 99792 ns
[2024-02-08T23:48:49.993+0000][7][safepoint   ] Safepoint "Cleanup", Time since last: 1000238831 ns, Reaching safepoint: 78803 ns, At safepoint: 8755 ns, Total: 87558 ns
[2024-02-08T23:48:51.993+0000][7][safepoint   ] Safepoint "Cleanup", Time since last: 2000368097 ns, Reaching safepoint: 85275 ns, At safepoint: 4632 ns, Total: 89907 ns
[2024-02-08T23:48:52.994+0000][7][safepoint   ] Safepoint "Cleanup", Time since last: 1000261302 ns, Reaching safepoint: 102250 ns, At safepoint: 8131 ns, Total: 110381 ns
[2024-02-08T23:48:54.994+0000][7][safepoint   ] Safepoint "Cleanup", Time since last: 2000468415 ns, Reaching safepoint: 111930 ns, At safepoint: 8455 ns, Total: 120385 ns
[2024-02-08T23:48:56.995+0000][7][safepoint   ] Safepoint "Cleanup", Time since last: 2000306452 ns, Reaching safepoint: 88882 ns, At safepoint: 5743 ns, Total: 94625 ns
[2024-02-08T23:48:58.983+0000][7][safepoint   ] Safepoint "Cleanup", Time since last: 1987877192 ns, Reaching safepoint: 267796 ns, At safepoint: 12513 ns, Total: 280309 ns
[2024-02-08T23:48:59.983+0000][7][safepoint   ] Safepoint "Cleanup", Time since last: 1000273501 ns, Reaching safepoint: 94595 ns, At safepoint: 11247 ns, Total: 105842 ns
[2024-02-08T23:49:00.984+0000][7][safepoint   ] Safepoint "Cleanup", Time since last: 1000269094 ns, Reaching safepoint: 85208 ns, At safepoint: 11404 ns, Total: 96612 ns
[2024-02-08T23:49:01.984+0000][7][safepoint   ] Safepoint "Cleanup", Time since last: 1000253792 ns, Reaching safepoint: 121099 ns, At safepoint: 9033 ns, Total: 130132 ns
[2024-02-08T23:49:03.985+0000][7][safepoint   ] Safepoint "Cleanup", Time since last: 2000336813 ns, Reaching safepoint: 181661 ns, At safepoint: 8733 ns, Total: 190394 ns
[2024-02-08T23:49:04.985+0000][7][safepoint   ] Safepoint "Cleanup", Time since last: 1000125355 ns, Reaching safepoint: 152086 ns, At safepoint: 22617 ns, Total: 174703 ns
[2024-02-08T23:49:06.985+0000][7][safepoint   ] Safepoint "Cleanup", Time since last: 2000365053 ns, Reaching safepoint: 99654 ns, At safepoint: 6891 ns, Total: 106545 ns
[2024-02-08T23:49:09.986+0000][7][safepoint   ] Safepoint "Cleanup", Time since last: 3000518754 ns, Reaching safepoint: 169042 ns, At safepoint: 7369 ns, Total: 176411 ns
[2024-02-08T23:49:10.986+0000][7][safepoint   ] Safepoint "Cleanup", Time since last: 1000234659 ns, Reaching safepoint: 101316 ns, At safepoint: 8286 ns, Total: 109602 ns
[2024-02-08T23:49:12.987+0000][7][safepoint   ] Safepoint "Cleanup", Time since last: 2000328042 ns, Reaching safepoint: 77587 ns, At safepoint: 4699 ns, Total: 82286 ns
[2024-02-08T23:49:14.987+0000][7][safepoint   ] Safepoint "Cleanup", Time since last: 2000436423 ns, Reaching safepoint: 89251 ns, At safepoint: 7689 ns, Total: 96940 ns
[2024-02-08T23:49:15.988+0000][7][safepoint   ] Safepoint "Cleanup", Time since last: 1000123341 ns, Reaching safepoint: 129534 ns, At safepoint: 9610 ns, Total: 139144 ns
[2024-02-08T23:49:16.988+0000][7][safepoint   ] Safepoint "Cleanup", Time since last: 1000261416 ns, Reaching safepoint: 82598 ns, At safepoint: 7945 ns, Total: 90543 ns
[2024-02-08T23:49:18.989+0000][7][safepoint   ] Safepoint "Cleanup", Time since last: 2000477779 ns, Reaching safepoint: 100313 ns, At safepoint: 7562 ns, Total: 107875 ns
[2024-02-08T23:49:21.989+0000][7][safepoint   ] Safepoint "Cleanup", Time since last: 3000513742 ns, Reaching safepoint: 134838 ns, At safepoint: 7556 ns, Total: 142394 ns
[2024-02-08T23:49:22.990+0000][7][safepoint   ] Safepoint "Cleanup", Time since last: 1000153959 ns, Reaching safepoint: 155663 ns, At safepoint: 10627 ns, Total: 166290 ns
[2024-02-08T23:49:24.990+0000][7][safepoint   ] Safepoint "Cleanup", Time since last: 2000488447 ns, Reaching safepoint: 110214 ns, At safepoint: 8010 ns, Total: 118224 ns
[2024-02-08T23:49:26.991+0000][7][safepoint   ] Safepoint "Cleanup", Time since last: 2000445472 ns, Reaching safepoint: 109465 ns, At safepoint: 9693 ns, Total: 119158 ns
[2024-02-08T23:49:27.991+0000][7][safepoint   ] Safepoint "Cleanup", Time since last: 1000223873 ns, Reaching safepoint: 91160 ns, At safepoint: 9043 ns, Total: 100203 ns
[2024-02-08T23:49:28.991+0000][7][safepoint   ] Safepoint "Cleanup", Time since last: 1000223845 ns, Reaching safepoint: 97336 ns, At safepoint: 10902 ns, Total: 108238 ns
[2024-02-08T23:49:29.992+0000][7][safepoint   ] Safepoint "Cleanup", Time since last: 1000265786 ns, Reaching safepoint: 106326 ns, At safepoint: 11292 ns, Total: 117618 ns
[2024-02-08T23:49:30.992+0000][7][safepoint   ] Safepoint "Cleanup", Time since last: 1000258082 ns, Reaching safepoint: 95607 ns, At safepoint: 6570 ns, Total: 102177 ns
[2024-02-08T23:49:33.993+0000][7][safepoint   ] Safepoint "Cleanup", Time since last: 3000573000 ns, Reaching safepoint: 121596 ns, At safepoint: 6517 ns, Total: 128113 ns
[2024-02-08T23:49:34.993+0000][7][safepoint   ] Safepoint "Cleanup", Time since last: 1000254279 ns, Reaching safepoint: 105814 ns, At safepoint: 11697 ns, Total: 117511 ns
[2024-02-08T23:49:36.994+0000][7][safepoint   ] Safepoint "Cleanup", Time since last: 2000300075 ns, Reaching safepoint: 128948 ns, At safepoint: 9268 ns, Total: 138216 ns
[2024-02-08T23:49:37.994+0000][7][safepoint   ] Safepoint "Cleanup", Time since last: 1000248989 ns, Reaching safepoint: 81575 ns, At safepoint: 8438 ns, Total: 90013 ns
[2024-02-08T23:49:39.994+0000][7][safepoint   ] Safepoint "Cleanup", Time since last: 2000289260 ns, Reaching safepoint: 80093 ns, At safepoint: 7583 ns, Total: 87676 ns
[2024-02-08T23:49:40.995+0000][7][safepoint   ] Safepoint "Cleanup", Time since last: 1000242535 ns, Reaching safepoint: 88914 ns, At safepoint: 10334 ns, Total: 99248 ns
[2024-02-08T23:49:42.995+0000][7][safepoint   ] Safepoint "Cleanup", Time since last: 2000452918 ns, Reaching safepoint: 59843 ns, At safepoint: 7028 ns, Total: 66871 ns
[2024-02-08T23:49:44.996+0000][7][safepoint   ] Safepoint "Cleanup", Time since last: 2000393484 ns, Reaching safepoint: 223249 ns, At safepoint: 10991 ns, Total: 234240 ns
[2024-02-08T23:49:45.975+0000][7][gc,start    ] GC(15) Pause Young (Normal) (G1 Evacuation Pause)
[2024-02-08T23:49:45.975+0000][7][gc,task     ] GC(15) Using 8 workers of 8 for evacuation
[2024-02-08T23:49:45.975+0000][7][gc,age      ] GC(15) Desired survivor size 41943040 bytes, new threshold 4 (max threshold 15)
[2024-02-08T23:49:45.996+0000][7][gc,phases   ] GC(15)   Pre Evacuate Collection Set: 0.1ms
[2024-02-08T23:49:45.996+0000][7][gc,phases   ] GC(15)   Merge Heap Roots: 0.1ms
[2024-02-08T23:49:45.996+0000][7][gc,phases   ] GC(15)   Evacuate Collection Set: 19.4ms
[2024-02-08T23:49:45.996+0000][7][gc,phases   ] GC(15)   Post Evacuate Collection Set: 1.7ms
[2024-02-08T23:49:45.996+0000][7][gc,phases   ] GC(15)   Other: 0.1ms
[2024-02-08T23:49:45.996+0000][7][gc,age      ] GC(15) Age table with threshold 4 (max threshold 15)
[2024-02-08T23:49:45.996+0000][7][gc,age      ] GC(15) - age   1:    5129448 bytes,    5129448 total
[2024-02-08T23:49:45.996+0000][7][gc,age      ] GC(15) - age   2:    5860240 bytes,   10989688 total
[2024-02-08T23:49:45.996+0000][7][gc,age      ] GC(15) - age   3:      16304 bytes,   11005992 total
[2024-02-08T23:49:45.996+0000][7][gc,age      ] GC(15) - age   4:   12461000 bytes,   23466992 total
[2024-02-08T23:49:45.996+0000][7][gc,heap     ] GC(15) Eden regions: 140->0(146)
[2024-02-08T23:49:45.996+0000][7][gc,heap     ] GC(15) Survivor regions: 13->7(20)
[2024-02-08T23:49:45.996+0000][7][gc,heap     ] GC(15) Old regions: 12->16
[2024-02-08T23:49:45.996+0000][7][gc,heap     ] GC(15) Archive regions: 2->2
[2024-02-08T23:49:45.996+0000][7][gc,heap     ] GC(15) Humongous regions: 0->0
[2024-02-08T23:49:45.996+0000][7][gc,metaspace] GC(15) Metaspace: 121374K(124864K)->121374K(124864K) NonClass: 105119K(106880K)->105119K(106880K) Class: 16255K(17984K)->16255K(17984K)
[2024-02-08T23:49:45.996+0000][7][gc          ] GC(15) Pause Young (Normal) (G1 Evacuation Pause) 658M->92M(1024M) 21.632ms
[2024-02-08T23:49:45.996+0000][7][gc,cpu      ] GC(15) User=0.16s Sys=0.00s Real=0.02s
[2024-02-08T23:49:45.996+0000][7][safepoint   ] Safepoint "G1CollectForAllocation", Time since last: 978558331 ns, Reaching safepoint: 115657 ns, At safepoint: 21714072 ns, Total: 21829729 ns
[2024-02-08T23:49:46.997+0000][7][safepoint   ] Safepoint "Cleanup", Time since last: 1000174892 ns, Reaching safepoint: 194073 ns, At safepoint: 15464 ns, Total: 209537 ns
[2024-02-08T23:49:48.997+0000][7][safepoint   ] Safepoint "Cleanup", Time since last: 2000216604 ns, Reaching safepoint: 106994 ns, At safepoint: 8081 ns, Total: 115075 ns
[2024-02-08T23:49:49.997+0000][7][safepoint   ] Safepoint "Cleanup", Time since last: 1000151534 ns, Reaching safepoint: 79062 ns, At safepoint: 10358 ns, Total: 89420 ns
[2024-02-08T23:49:50.998+0000][7][safepoint   ] Safepoint "Cleanup", Time since last: 1000278746 ns, Reaching safepoint: 114613 ns, At safepoint: 8753 ns, Total: 123366 ns
[2024-02-08T23:49:51.998+0000][7][safepoint   ] Safepoint "Cleanup", Time since last: 1000121454 ns, Reaching safepoint: 93686 ns, At safepoint: 7074 ns, Total: 100760 ns
[2024-02-08T23:49:52.998+0000][7][safepoint   ] Safepoint "Cleanup", Time since last: 1000267489 ns, Reaching safepoint: 100168 ns, At safepoint: 7796 ns, Total: 107964 ns
[2024-02-08T23:49:54.999+0000][7][safepoint   ] Safepoint "Cleanup", Time since last: 2000498871 ns, Reaching safepoint: 126467 ns, At safepoint: 6874 ns, Total: 133341 ns
[2024-02-08T23:49:56.999+0000][7][safepoint   ] Safepoint "Cleanup", Time since last: 2000409066 ns, Reaching safepoint: 109111 ns, At safepoint: 9679 ns, Total: 118790 ns
[2024-02-08T23:49:58.000+0000][7][safepoint   ] Safepoint "Cleanup", Time since last: 1000269110 ns, Reaching safepoint: 96390 ns, At safepoint: 9479 ns, Total: 105869 ns
[2024-02-08T23:49:59.000+0000][7][safepoint   ] Safepoint "Cleanup", Time since last: 1000251625 ns, Reaching safepoint: 101214 ns, At safepoint: 8033 ns, Total: 109247 ns
[2024-02-08T23:50:00.000+0000][7][safepoint   ] Safepoint "Cleanup", Time since last: 1000226508 ns, Reaching safepoint: 90927 ns, At safepoint: 8452 ns, Total: 99379 ns
[2024-02-08T23:50:01.001+0000][7][safepoint   ] Safepoint "Cleanup", Time since last: 1000166484 ns, Reaching safepoint: 58388 ns, At safepoint: 6569 ns, Total: 64957 ns
[2024-02-08T23:50:02.001+0000][7][safepoint   ] Safepoint "Cleanup", Time since last: 1000140292 ns, Reaching safepoint: 107422 ns, At safepoint: 8572 ns, Total: 115994 ns
[2024-02-08T23:50:03.001+0000][7][safepoint   ] Safepoint "Cleanup", Time since last: 1000144303 ns, Reaching safepoint: 75924 ns, At safepoint: 6700 ns, Total: 82624 ns
[2024-02-08T23:50:04.001+0000][7][safepoint   ] Safepoint "Cleanup", Time since last: 1000145804 ns, Reaching safepoint: 97719 ns, At safepoint: 6915 ns, Total: 104634 ns
[2024-02-08T23:50:05.002+0000][7][safepoint   ] Safepoint "Cleanup", Time since last: 1000246180 ns, Reaching safepoint: 106251 ns, At safepoint: 62103 ns, Total: 168354 ns
[2024-02-08T23:50:07.002+0000][7][safepoint   ] Safepoint "Cleanup", Time since last: 2000420455 ns, Reaching safepoint: 83265 ns, At safepoint: 8340 ns, Total: 91605 ns
[2024-02-08T23:50:08.003+0000][7][safepoint   ] Safepoint "Cleanup", Time since last: 1000252673 ns, Reaching safepoint: 86671 ns, At safepoint: 12011 ns, Total: 98682 ns
[2024-02-08T23:50:10.003+0000][7][safepoint   ] Safepoint "Cleanup", Time since last: 2000408023 ns, Reaching safepoint: 93993 ns, At safepoint: 5416 ns, Total: 99409 ns
[2024-02-08T23:50:11.004+0000][7][safepoint   ] Safepoint "Cleanup", Time since last: 1000216767 ns, Reaching safepoint: 84695 ns, At safepoint: 9788 ns, Total: 94483 ns
[2024-02-08T23:50:13.004+0000][7][safepoint   ] Safepoint "Cleanup", Time since last: 2000344758 ns, Reaching safepoint: 85678 ns, At safepoint: 5901 ns, Total: 91579 ns
[2024-02-08T23:50:16.005+0000][7][safepoint   ] Safepoint "Cleanup", Time since last: 3000551015 ns, Reaching safepoint: 152249 ns, At safepoint: 5625 ns, Total: 157874 ns
[2024-02-08T23:50:17.005+0000][7][safepoint   ] Safepoint "Cleanup", Time since last: 1000191183 ns, Reaching safepoint: 153805 ns, At safepoint: 10872 ns, Total: 164677 ns
[2024-02-08T23:50:18.005+0000][7][safepoint   ] Safepoint "Cleanup", Time since last: 1000259991 ns, Reaching safepoint: 83736 ns, At safepoint: 8436 ns, Total: 92172 ns
[2024-02-08T23:50:19.006+0000][7][safepoint   ] Safepoint "Cleanup", Time since last: 1000211476 ns, Reaching safepoint: 70391 ns, At safepoint: 3969 ns, Total: 74360 ns
[2024-02-08T23:50:20.006+0000][7][safepoint   ] Safepoint "Cleanup", Time since last: 1000222600 ns, Reaching safepoint: 78209 ns, At safepoint: 12279 ns, Total: 90488 ns
[2024-02-08T23:50:22.006+0000][7][safepoint   ] Safepoint "Cleanup", Time since last: 2000350923 ns, Reaching safepoint: 135813 ns, At safepoint: 5647 ns, Total: 141460 ns
[2024-02-08T23:50:23.007+0000][7][safepoint   ] Safepoint "Cleanup", Time since last: 1000244220 ns, Reaching safepoint: 111401 ns, At safepoint: 11146 ns, Total: 122547 ns
[2024-02-08T23:50:25.007+0000][7][safepoint   ] Safepoint "Cleanup", Time since last: 2000305439 ns, Reaching safepoint: 184470 ns, At safepoint: 4516 ns, Total: 188986 ns
[2024-02-08T23:50:27.008+0000][7][safepoint   ] Safepoint "Cleanup", Time since last: 2000402193 ns, Reaching safepoint: 119269 ns, At safepoint: 6659 ns, Total: 125928 ns
[2024-02-08T23:50:28.008+0000][7][safepoint   ] Safepoint "Cleanup", Time since last: 1000129862 ns, Reaching safepoint: 79045 ns, At safepoint: 5147 ns, Total: 84192 ns
[2024-02-08T23:50:29.008+0000][7][safepoint   ] Safepoint "Cleanup", Time since last: 1000290342 ns, Reaching safepoint: 96876 ns, At safepoint: 9731 ns, Total: 106607 ns
[2024-02-08T23:50:30.009+0000][7][safepoint   ] Safepoint "Cleanup", Time since last: 1000285323 ns, Reaching safepoint: 104744 ns, At safepoint: 7670 ns, Total: 112414 ns
[2024-02-08T23:50:31.009+0000][7][safepoint   ] Safepoint "Cleanup", Time since last: 1000142706 ns, Reaching safepoint: 69080 ns, At safepoint: 3946 ns, Total: 73026 ns
[2024-02-08T23:50:32.009+0000][7][safepoint   ] Safepoint "Cleanup", Time since last: 1000252132 ns, Reaching safepoint: 130395 ns, At safepoint: 14854 ns, Total: 145249 ns
[2024-02-08T23:50:34.010+0000][7][safepoint   ] Safepoint "Cleanup", Time since last: 2000344647 ns, Reaching safepoint: 126654 ns, At safepoint: 7946 ns, Total: 134600 ns
[2024-02-08T23:50:35.010+0000][7][safepoint   ] Safepoint "Cleanup", Time since last: 1000266586 ns, Reaching safepoint: 96433 ns, At safepoint: 11184 ns, Total: 107617 ns
[2024-02-08T23:50:37.011+0000][7][safepoint   ] Safepoint "Cleanup", Time since last: 2000279054 ns, Reaching safepoint: 90286 ns, At safepoint: 5231 ns, Total: 95517 ns
[2024-02-08T23:50:40.011+0000][7][safepoint   ] Safepoint "Cleanup", Time since last: 3000579016 ns, Reaching safepoint: 71591 ns, At safepoint: 5011 ns, Total: 76602 ns
[2024-02-08T23:50:41.012+0000][7][safepoint   ] Safepoint "Cleanup", Time since last: 1000222186 ns, Reaching safepoint: 86361 ns, At safepoint: 7324 ns, Total: 93685 ns
[2024-02-08T23:50:42.012+0000][7][safepoint   ] Safepoint "Cleanup", Time since last: 1000178536 ns, Reaching safepoint: 74371 ns, At safepoint: 7870 ns, Total: 82241 ns
[2024-02-08T23:50:43.012+0000][7][safepoint   ] Safepoint "Cleanup", Time since last: 1000285234 ns, Reaching safepoint: 77208 ns, At safepoint: 9719 ns, Total: 86927 ns
[2024-02-08T23:50:46.013+0000][7][safepoint   ] Safepoint "Cleanup", Time since last: 3000402279 ns, Reaching safepoint: 159318 ns, At safepoint: 5975 ns, Total: 165293 ns
[2024-02-08T23:50:47.013+0000][7][safepoint   ] Safepoint "Cleanup", Time since last: 1000255408 ns, Reaching safepoint: 95433 ns, At safepoint: 10981 ns, Total: 106414 ns
[2024-02-08T23:50:49.014+0000][7][safepoint   ] Safepoint "Cleanup", Time since last: 2000332127 ns, Reaching safepoint: 152948 ns, At safepoint: 7824 ns, Total: 160772 ns
[2024-02-08T23:50:50.014+0000][7][safepoint   ] Safepoint "Cleanup", Time since last: 1000229318 ns, Reaching safepoint: 103382 ns, At safepoint: 10622 ns, Total: 114004 ns
[2024-02-08T23:50:52.015+0000][7][safepoint   ] Safepoint "Cleanup", Time since last: 2000328740 ns, Reaching safepoint: 159732 ns, At safepoint: 4077 ns, Total: 163809 ns
[2024-02-08T23:50:53.648+0000][7][safepoint   ] Safepoint "Cleanup", Time since last: 1633041866 ns, Reaching safepoint: 160116 ns, At safepoint: 9095 ns, Total: 169211 ns
[2024-02-08T23:50:55.648+0000][7][safepoint   ] Safepoint "Cleanup", Time since last: 2000333569 ns, Reaching safepoint: 121374 ns, At safepoint: 9109 ns, Total: 130483 ns
[2024-02-08T23:50:57.649+0000][7][safepoint   ] Safepoint "Cleanup", Time since last: 2000396431 ns, Reaching safepoint: 143847 ns, At safepoint: 9356 ns, Total: 153203 ns
[2024-02-08T23:50:59.649+0000][7][safepoint   ] Safepoint "Cleanup", Time since last: 2000227002 ns, Reaching safepoint: 69256 ns, At safepoint: 8621 ns, Total: 77877 ns
[2024-02-08T23:51:00.649+0000][7][safepoint   ] Safepoint "Cleanup", Time since last: 1000136833 ns, Reaching safepoint: 49045 ns, At safepoint: 4788 ns, Total: 53833 ns
[2024-02-08T23:51:04.051+0000][7][safepoint   ] Safepoint "Cleanup", Time since last: 3401323421 ns, Reaching safepoint: 104698 ns, At safepoint: 18753 ns, Total: 123451 ns
[2024-02-08T23:51:05.714+0000][7][safepoint   ] Safepoint "Cleanup", Time since last: 1662883343 ns, Reaching safepoint: 142324 ns, At safepoint: 10999 ns, Total: 153323 ns
[2024-02-08T23:51:07.714+0000][7][safepoint   ] Safepoint "Cleanup", Time since last: 2000308879 ns, Reaching safepoint: 124674 ns, At safepoint: 8854 ns, Total: 133528 ns
[2024-02-08T23:51:10.715+0000][7][safepoint   ] Safepoint "Cleanup", Time since last: 3000640264 ns, Reaching safepoint: 156874 ns, At safepoint: 10934 ns, Total: 167808 ns
[2024-02-08T23:51:12.715+0000][7][safepoint   ] Safepoint "Cleanup", Time since last: 2000339153 ns, Reaching safepoint: 115978 ns, At safepoint: 14554 ns, Total: 130532 ns
[2024-02-08T23:51:13.716+0000][7][safepoint   ] Safepoint "Cleanup", Time since last: 1000254848 ns, Reaching safepoint: 75227 ns, At safepoint: 7751 ns, Total: 82978 ns
[2024-02-08T23:51:14.716+0000][7][safepoint   ] Safepoint "Cleanup", Time since last: 1000260761 ns, Reaching safepoint: 110112 ns, At safepoint: 11735 ns, Total: 121847 ns
[2024-02-08T23:51:16.717+0000][7][safepoint   ] Safepoint "Cleanup", Time since last: 2000413413 ns, Reaching safepoint: 94510 ns, At safepoint: 11447 ns, Total: 105957 ns
[2024-02-08T23:51:17.717+0000][7][safepoint   ] Safepoint "Cleanup", Time since last: 1000276057 ns, Reaching safepoint: 86348 ns, At safepoint: 11082 ns, Total: 97430 ns
[2024-02-08T23:51:19.718+0000][7][safepoint   ] Safepoint "Cleanup", Time since last: 2000467283 ns, Reaching safepoint: 118033 ns, At safepoint: 6655 ns, Total: 124688 ns
[2024-02-08T23:51:22.718+0000][7][safepoint   ] Safepoint "Cleanup", Time since last: 3000529563 ns, Reaching safepoint: 128056 ns, At safepoint: 7340 ns, Total: 135396 ns
[2024-02-08T23:51:28.720+0000][7][safepoint   ] Safepoint "Cleanup", Time since last: 6001251001 ns, Reaching safepoint: 141385 ns, At safepoint: 21620 ns, Total: 163005 ns
[2024-02-08T23:51:29.720+0000][7][safepoint   ] Safepoint "Cleanup", Time since last: 1000234402 ns, Reaching safepoint: 79255 ns, At safepoint: 11837 ns, Total: 91092 ns
[2024-02-08T23:51:30.720+0000][7][safepoint   ] Safepoint "Cleanup", Time since last: 1000258500 ns, Reaching safepoint: 81798 ns, At safepoint: 10810 ns, Total: 92608 ns
[2024-02-08T23:51:31.721+0000][7][safepoint   ] Safepoint "Cleanup", Time since last: 1000195784 ns, Reaching safepoint: 69668 ns, At safepoint: 9977 ns, Total: 79645 ns
[2024-02-08T23:51:32.721+0000][7][safepoint   ] Safepoint "Cleanup", Time since last: 1000153085 ns, Reaching safepoint: 75641 ns, At safepoint: 8461 ns, Total: 84102 ns
[2024-02-08T23:51:34.721+0000][7][safepoint   ] Safepoint "Cleanup", Time since last: 2000362010 ns, Reaching safepoint: 140508 ns, At safepoint: 10838 ns, Total: 151346 ns
[2024-02-08T23:51:36.722+0000][7][safepoint   ] Safepoint "Cleanup", Time since last: 2000356547 ns, Reaching safepoint: 115550 ns, At safepoint: 7410 ns, Total: 122960 ns
[2024-02-08T23:51:37.722+0000][7][safepoint   ] Safepoint "Cleanup", Time since last: 1000257973 ns, Reaching safepoint: 124020 ns, At safepoint: 11462 ns, Total: 135482 ns
[2024-02-08T23:51:40.723+0000][7][safepoint   ] Safepoint "Cleanup", Time since last: 3000681771 ns, Reaching safepoint: 150065 ns, At safepoint: 12888 ns, Total: 162953 ns
[2024-02-08T23:51:46.725+0000][7][safepoint   ] Safepoint "Cleanup", Time since last: 6001183535 ns, Reaching safepoint: 160640 ns, At safepoint: 22939 ns, Total: 183579 ns
[2024-02-08T23:51:47.725+0000][7][safepoint   ] Safepoint "Cleanup", Time since last: 1000266318 ns, Reaching safepoint: 92058 ns, At safepoint: 10595 ns, Total: 102653 ns
[2024-02-08T23:51:49.726+0000][7][safepoint   ] Safepoint "Cleanup", Time since last: 2000473331 ns, Reaching safepoint: 110322 ns, At safepoint: 9356 ns, Total: 119678 ns
[2024-02-08T23:51:52.726+0000][7][safepoint   ] Safepoint "Cleanup", Time since last: 3000604492 ns, Reaching safepoint: 147281 ns, At safepoint: 9513 ns, Total: 156794 ns
[2024-02-08T23:51:55.727+0000][7][safepoint   ] Safepoint "Cleanup", Time since last: 3000602946 ns, Reaching safepoint: 117707 ns, At safepoint: 7362 ns, Total: 125069 ns
[2024-02-08T23:51:58.728+0000][7][safepoint   ] Safepoint "Cleanup", Time since last: 3000581238 ns, Reaching safepoint: 74574 ns, At safepoint: 7615 ns, Total: 82189 ns
[2024-02-08T23:52:01.728+0000][7][safepoint   ] Safepoint "Cleanup", Time since last: 3000649296 ns, Reaching safepoint: 93198 ns, At safepoint: 7757 ns, Total: 100955 ns
[2024-02-08T23:52:02.729+0000][7][safepoint   ] Safepoint "Cleanup", Time since last: 1000129819 ns, Reaching safepoint: 122996 ns, At safepoint: 8752 ns, Total: 131748 ns
[2024-02-08T23:52:04.729+0000][7][safepoint   ] Safepoint "Cleanup", Time since last: 2000466836 ns, Reaching safepoint: 178726 ns, At safepoint: 9270 ns, Total: 187996 ns
[2024-02-08T23:52:07.730+0000][7][safepoint   ] Safepoint "Cleanup", Time since last: 3000699669 ns, Reaching safepoint: 87881 ns, At safepoint: 11491 ns, Total: 99372 ns
[2024-02-08T23:52:09.731+0000][7][safepoint   ] Safepoint "Cleanup", Time since last: 2000481397 ns, Reaching safepoint: 109320 ns, At safepoint: 9054 ns, Total: 118374 ns
[2024-02-08T23:52:10.731+0000][7][safepoint   ] Safepoint "Cleanup", Time since last: 1000211772 ns, Reaching safepoint: 59400 ns, At safepoint: 6978 ns, Total: 66378 ns
[2024-02-08T23:52:12.732+0000][7][safepoint   ] Safepoint "Cleanup", Time since last: 2000260861 ns, Reaching safepoint: 226991 ns, At safepoint: 28027 ns, Total: 255018 ns
[2024-02-08T23:52:13.732+0000][7][safepoint   ] Safepoint "Cleanup", Time since last: 1000297238 ns, Reaching safepoint: 103289 ns, At safepoint: 8073 ns, Total: 111362 ns
[2024-02-08T23:52:14.732+0000][7][safepoint   ] Safepoint "Cleanup", Time since last: 1000255467 ns, Reaching safepoint: 117079 ns, At safepoint: 8793 ns, Total: 125872 ns
[2024-02-08T23:52:16.733+0000][7][safepoint   ] Safepoint "Cleanup", Time since last: 2000432293 ns, Reaching safepoint: 84893 ns, At safepoint: 11528 ns, Total: 96421 ns
[2024-02-08T23:52:17.733+0000][7][safepoint   ] Safepoint "Cleanup", Time since last: 1000166635 ns, Reaching safepoint: 90281 ns, At safepoint: 11108 ns, Total: 101389 ns
[2024-02-08T23:52:19.734+0000][7][safepoint   ] Safepoint "Cleanup", Time since last: 2000354317 ns, Reaching safepoint: 108372 ns, At safepoint: 10492 ns, Total: 118864 ns
[2024-02-08T23:52:22.734+0000][7][safepoint   ] Safepoint "Cleanup", Time since last: 3000500459 ns, Reaching safepoint: 134707 ns, At safepoint: 7198 ns, Total: 141905 ns
[2024-02-08T23:52:24.735+0000][7][safepoint   ] Safepoint "Cleanup", Time since last: 2000442586 ns, Reaching safepoint: 136110 ns, At safepoint: 6972 ns, Total: 143082 ns
[2024-02-08T23:52:25.735+0000][7][safepoint   ] Safepoint "Cleanup", Time since last: 1000278357 ns, Reaching safepoint: 87569 ns, At safepoint: 10970 ns, Total: 98539 ns
[2024-02-08T23:52:27.736+0000][7][safepoint   ] Safepoint "Cleanup", Time since last: 2000377192 ns, Reaching safepoint: 111489 ns, At safepoint: 9842 ns, Total: 121331 ns
[2024-02-08T23:52:28.736+0000][7][safepoint   ] Safepoint "Cleanup", Time since last: 1000217447 ns, Reaching safepoint: 111126 ns, At safepoint: 10856 ns, Total: 121982 ns
[2024-02-08T23:52:29.736+0000][7][safepoint   ] Safepoint "Cleanup", Time since last: 1000258727 ns, Reaching safepoint: 91628 ns, At safepoint: 10372 ns, Total: 102000 ns
[2024-02-08T23:52:31.737+0000][7][safepoint   ] Safepoint "Cleanup", Time since last: 2000306318 ns, Reaching safepoint: 132354 ns, At safepoint: 10211 ns, Total: 142565 ns
[2024-02-08T23:52:32.737+0000][7][safepoint   ] Safepoint "Cleanup", Time since last: 1000236680 ns, Reaching safepoint: 103310 ns, At safepoint: 10837 ns, Total: 114147 ns
[2024-02-08T23:52:34.738+0000][7][safepoint   ] Safepoint "Cleanup", Time since last: 2000301101 ns, Reaching safepoint: 156076 ns, At safepoint: 10653 ns, Total: 166729 ns
[2024-02-08T23:52:35.312+0000][7][safepoint   ] Safepoint "ICBufferFull", Time since last: 573666992 ns, Reaching safepoint: 273229 ns, At safepoint: 13151 ns, Total: 286380 ns
[2024-02-08T23:52:35.629+0000][7][safepoint   ] Safepoint "ICBufferFull", Time since last: 317312088 ns, Reaching safepoint: 197248 ns, At safepoint: 7213 ns, Total: 204461 ns
[2024-02-08T23:52:36.630+0000][7][safepoint   ] Safepoint "Cleanup", Time since last: 1000135272 ns, Reaching safepoint: 243747 ns, At safepoint: 9823 ns, Total: 253570 ns
[2024-02-08T23:52:37.630+0000][7][safepoint   ] Safepoint "Cleanup", Time since last: 1000157907 ns, Reaching safepoint: 143927 ns, At safepoint: 8452 ns, Total: 152379 ns
[2024-02-08T23:52:39.630+0000][7][safepoint   ] Safepoint "Cleanup", Time since last: 2000435521 ns, Reaching safepoint: 92349 ns, At safepoint: 11735 ns, Total: 104084 ns
[2024-02-08T23:52:40.631+0000][7][safepoint   ] Safepoint "Cleanup", Time since last: 1000275169 ns, Reaching safepoint: 152355 ns, At safepoint: 21125 ns, Total: 173480 ns
[2024-02-08T23:52:41.631+0000][7][safepoint   ] Safepoint "Cleanup", Time since last: 1000253184 ns, Reaching safepoint: 85335 ns, At safepoint: 10385 ns, Total: 95720 ns
[2024-02-08T23:52:43.632+0000][7][safepoint   ] Safepoint "Cleanup", Time since last: 2000344977 ns, Reaching safepoint: 63552 ns, At safepoint: 6301 ns, Total: 69853 ns
[2024-02-08T23:52:44.632+0000][7][safepoint   ] Safepoint "Cleanup", Time since last: 1000164120 ns, Reaching safepoint: 55479 ns, At safepoint: 5687 ns, Total: 61166 ns
[2024-02-08T23:52:46.632+0000][7][safepoint   ] Safepoint "Cleanup", Time since last: 2000416830 ns, Reaching safepoint: 124515 ns, At safepoint: 6711 ns, Total: 131226 ns
[2024-02-08T23:52:46.760+0000][7][gc,start    ] GC(16) Pause Young (Normal) (G1 Evacuation Pause)
[2024-02-08T23:52:46.760+0000][7][gc,task     ] GC(16) Using 8 workers of 8 for evacuation
[2024-02-08T23:52:46.760+0000][7][gc,age      ] GC(16) Desired survivor size 41943040 bytes, new threshold 15 (max threshold 15)
[2024-02-08T23:52:46.774+0000][7][gc,phases   ] GC(16)   Pre Evacuate Collection Set: 0.1ms
[2024-02-08T23:52:46.774+0000][7][gc,phases   ] GC(16)   Merge Heap Roots: 0.1ms
[2024-02-08T23:52:46.774+0000][7][gc,phases   ] GC(16)   Evacuate Collection Set: 12.5ms
[2024-02-08T23:52:46.774+0000][7][gc,phases   ] GC(16)   Post Evacuate Collection Set: 1.6ms
[2024-02-08T23:52:46.774+0000][7][gc,phases   ] GC(16)   Other: 0.1ms
[2024-02-08T23:52:46.774+0000][7][gc,age      ] GC(16) Age table with threshold 15 (max threshold 15)
[2024-02-08T23:52:46.774+0000][7][gc,age      ] GC(16) - age   1:    4189288 bytes,    4189288 total
[2024-02-08T23:52:46.774+0000][7][gc,age      ] GC(16) - age   2:    3315384 bytes,    7504672 total
[2024-02-08T23:52:46.774+0000][7][gc,age      ] GC(16) - age   3:    5859080 bytes,   13363752 total
[2024-02-08T23:52:46.774+0000][7][gc,age      ] GC(16) - age   4:      16304 bytes,   13380056 total
[2024-02-08T23:52:46.774+0000][7][gc,age      ] GC(16) - age   5:   12181600 bytes,   25561656 total
[2024-02-08T23:52:46.774+0000][7][gc,heap     ] GC(16) Eden regions: 146->0(146)
[2024-02-08T23:52:46.774+0000][7][gc,heap     ] GC(16) Survivor regions: 7->7(20)
[2024-02-08T23:52:46.774+0000][7][gc,heap     ] GC(16) Old regions: 16->16
[2024-02-08T23:52:46.774+0000][7][gc,heap     ] GC(16) Archive regions: 2->2
[2024-02-08T23:52:46.774+0000][7][gc,heap     ] GC(16) Humongous regions: 0->0
[2024-02-08T23:52:46.774+0000][7][gc,metaspace] GC(16) Metaspace: 124437K(128064K)->124437K(128064K) NonClass: 107830K(109696K)->107830K(109696K) Class: 16607K(18368K)->16607K(18368K)
[2024-02-08T23:52:46.775+0000][7][gc          ] GC(16) Pause Young (Normal) (G1 Evacuation Pause) 676M->93M(1024M) 14.658ms
[2024-02-08T23:52:46.775+0000][7][gc,cpu      ] GC(16) User=0.11s Sys=0.00s Real=0.01s
[2024-02-08T23:52:46.775+0000][7][safepoint   ] Safepoint "G1CollectForAllocation", Time since last: 127397008 ns, Reaching safepoint: 59272 ns, At safepoint: 14744340 ns, Total: 14803612 ns
[2024-02-08T23:52:47.775+0000][7][safepoint   ] Safepoint "Cleanup", Time since last: 1000227174 ns, Reaching safepoint: 83840 ns, At safepoint: 10706 ns, Total: 94546 ns
[2024-02-08T23:52:52.776+0000][7][safepoint   ] Safepoint "Cleanup", Time since last: 5001076829 ns, Reaching safepoint: 147128 ns, At safepoint: 7571 ns, Total: 154699 ns
[2024-02-08T23:52:53.776+0000][7][safepoint   ] Safepoint "Cleanup", Time since last: 1000249780 ns, Reaching safepoint: 80014 ns, At safepoint: 7839 ns, Total: 87853 ns
[2024-02-08T23:52:55.777+0000][7][safepoint   ] Safepoint "Cleanup", Time since last: 2000340308 ns, Reaching safepoint: 170862 ns, At safepoint: 8755 ns, Total: 179617 ns
[2024-02-08T23:52:58.778+0000][7][safepoint   ] Safepoint "Cleanup", Time since last: 3000610594 ns, Reaching safepoint: 137971 ns, At safepoint: 7237 ns, Total: 145208 ns
[2024-02-08T23:52:59.778+0000][7][safepoint   ] Safepoint "Cleanup", Time since last: 1000255145 ns, Reaching safepoint: 82289 ns, At safepoint: 10553 ns, Total: 92842 ns
[2024-02-08T23:53:00.778+0000][7][safepoint   ] Safepoint "Cleanup", Time since last: 1000158636 ns, Reaching safepoint: 75558 ns, At safepoint: 7904 ns, Total: 83462 ns
[2024-02-08T23:53:01.779+0000][7][safepoint   ] Safepoint "Cleanup", Time since last: 1000262035 ns, Reaching safepoint: 86060 ns, At safepoint: 10979 ns, Total: 97039 ns
[2024-02-08T23:53:04.779+0000][7][safepoint   ] Safepoint "Cleanup", Time since last: 3000663459 ns, Reaching safepoint: 124726 ns, At safepoint: 9373 ns, Total: 134099 ns
[2024-02-08T23:53:05.780+0000][7][safepoint   ] Safepoint "Cleanup", Time since last: 1000269537 ns, Reaching safepoint: 77931 ns, At safepoint: 10635 ns, Total: 88566 ns
[2024-02-08T23:53:07.780+0000][7][safepoint   ] Safepoint "Cleanup", Time since last: 2000436255 ns, Reaching safepoint: 119626 ns, At safepoint: 8932 ns, Total: 128558 ns
[2024-02-08T23:53:09.781+0000][7][safepoint   ] Safepoint "Cleanup", Time since last: 2000416869 ns, Reaching safepoint: 116436 ns, At safepoint: 8861 ns, Total: 125297 ns
[2024-02-08T23:53:10.781+0000][7][safepoint   ] Safepoint "Cleanup", Time since last: 1000251785 ns, Reaching safepoint: 116831 ns, At safepoint: 11117 ns, Total: 127948 ns
[2024-02-08T23:53:16.783+0000][7][safepoint   ] Safepoint "Cleanup", Time since last: 6001172853 ns, Reaching safepoint: 133909 ns, At safepoint: 8536 ns, Total: 142445 ns
[2024-02-08T23:53:17.783+0000][7][safepoint   ] Safepoint "Cleanup", Time since last: 1000226635 ns, Reaching safepoint: 78116 ns, At safepoint: 10726 ns, Total: 88842 ns
[2024-02-08T23:53:19.784+0000][7][safepoint   ] Safepoint "Cleanup", Time since last: 2000422965 ns, Reaching safepoint: 119814 ns, At safepoint: 9719 ns, Total: 129533 ns
[2024-02-08T23:53:25.785+0000][7][safepoint   ] Safepoint "Cleanup", Time since last: 6001245047 ns, Reaching safepoint: 113419 ns, At safepoint: 9233 ns, Total: 122652 ns
[2024-02-08T23:53:27.785+0000][7][safepoint   ] Safepoint "Cleanup", Time since last: 2000459014 ns, Reaching safepoint: 115333 ns, At safepoint: 15484 ns, Total: 130817 ns
[2024-02-08T23:53:28.786+0000][7][safepoint   ] Safepoint "Cleanup", Time since last: 1000202112 ns, Reaching safepoint: 91646 ns, At safepoint: 7710 ns, Total: 99356 ns
[2024-02-08T23:53:29.786+0000][7][safepoint   ] Safepoint "Cleanup", Time since last: 1000260299 ns, Reaching safepoint: 83841 ns, At safepoint: 10867 ns, Total: 94708 ns
[2024-02-08T23:53:31.787+0000][7][safepoint   ] Safepoint "Cleanup", Time since last: 2000452726 ns, Reaching safepoint: 73180 ns, At safepoint: 7597 ns, Total: 80777 ns
[2024-02-08T23:53:32.787+0000][7][safepoint   ] Safepoint "Cleanup", Time since last: 1000296702 ns, Reaching safepoint: 120987 ns, At safepoint: 10391 ns, Total: 131378 ns
[2024-02-08T23:53:34.788+0000][7][safepoint   ] Safepoint "Cleanup", Time since last: 2000441610 ns, Reaching safepoint: 121473 ns, At safepoint: 11354 ns, Total: 132827 ns
[2024-02-08T23:53:35.788+0000][7][safepoint   ] Safepoint "Cleanup", Time since last: 1000158238 ns, Reaching safepoint: 90088 ns, At safepoint: 9460 ns, Total: 99548 ns
[2024-02-08T23:53:36.788+0000][7][safepoint   ] Safepoint "Cleanup", Time since last: 1000260576 ns, Reaching safepoint: 112217 ns, At safepoint: 19673 ns, Total: 131890 ns
[2024-02-08T23:53:37.789+0000][7][safepoint   ] Safepoint "Cleanup", Time since last: 1000257602 ns, Reaching safepoint: 119908 ns, At safepoint: 11151 ns, Total: 131059 ns
[2024-02-08T23:53:40.790+0000][7][safepoint   ] Safepoint "Cleanup", Time since last: 3000666264 ns, Reaching safepoint: 128882 ns, At safepoint: 9992 ns, Total: 138874 ns
[2024-02-08T23:53:44.790+0000][7][safepoint   ] Safepoint "Cleanup", Time since last: 4000866825 ns, Reaching safepoint: 109287 ns, At safepoint: 9098 ns, Total: 118385 ns
[2024-02-08T23:53:46.791+0000][7][safepoint   ] Safepoint "Cleanup", Time since last: 2000441869 ns, Reaching safepoint: 80577 ns, At safepoint: 10527 ns, Total: 91104 ns
[2024-02-08T23:53:47.791+0000][7][safepoint   ] Safepoint "Cleanup", Time since last: 1000234558 ns, Reaching safepoint: 99377 ns, At safepoint: 10651 ns, Total: 110028 ns
[2024-02-08T23:53:49.792+0000][7][safepoint   ] Safepoint "Cleanup", Time since last: 2000465430 ns, Reaching safepoint: 118676 ns, At safepoint: 6377 ns, Total: 125053 ns
[2024-02-08T23:53:52.793+0000][7][safepoint   ] Safepoint "Cleanup", Time since last: 3000685754 ns, Reaching safepoint: 120167 ns, At safepoint: 8932 ns, Total: 129099 ns
[2024-02-08T23:53:53.793+0000][7][safepoint   ] Safepoint "Cleanup", Time since last: 1000147314 ns, Reaching safepoint: 72525 ns, At safepoint: 8065 ns, Total: 80590 ns
[2024-02-08T23:53:54.793+0000][7][safepoint   ] Safepoint "Cleanup", Time since last: 1000271063 ns, Reaching safepoint: 121888 ns, At safepoint: 9980 ns, Total: 131868 ns
[2024-02-08T23:53:58.794+0000][7][safepoint   ] Safepoint "Cleanup", Time since last: 4000863390 ns, Reaching safepoint: 129072 ns, At safepoint: 8906 ns, Total: 137978 ns
[2024-02-08T23:53:59.795+0000][7][safepoint   ] Safepoint "Cleanup", Time since last: 1000260699 ns, Reaching safepoint: 100278 ns, At safepoint: 11740 ns, Total: 112018 ns
[2024-02-08T23:54:01.795+0000][7][safepoint   ] Safepoint "Cleanup", Time since last: 2000477221 ns, Reaching safepoint: 88226 ns, At safepoint: 10856 ns, Total: 99082 ns
[2024-02-08T23:54:04.796+0000][7][safepoint   ] Safepoint "Cleanup", Time since last: 3000672095 ns, Reaching safepoint: 98542 ns, At safepoint: 8076 ns, Total: 106618 ns
[2024-02-08T23:54:05.796+0000][7][safepoint   ] Safepoint "Cleanup", Time since last: 1000235710 ns, Reaching safepoint: 66242 ns, At safepoint: 6642 ns, Total: 72884 ns
[2024-02-08T23:54:10.797+0000][7][safepoint   ] Safepoint "Cleanup", Time since last: 5000797335 ns, Reaching safepoint: 103658 ns, At safepoint: 6741 ns, Total: 110399 ns
[2024-02-08T23:54:13.798+0000][7][safepoint   ] Safepoint "Cleanup", Time since last: 3000687713 ns, Reaching safepoint: 122125 ns, At safepoint: 14192 ns, Total: 136317 ns
[2024-02-08T23:54:17.799+0000][7][safepoint   ] Safepoint "Cleanup", Time since last: 4000832670 ns, Reaching safepoint: 118797 ns, At safepoint: 6774 ns, Total: 125571 ns
[2024-02-08T23:54:19.800+0000][7][safepoint   ] Safepoint "Cleanup", Time since last: 2000434755 ns, Reaching safepoint: 120799 ns, At safepoint: 9255 ns, Total: 130054 ns
[2024-02-08T23:54:22.801+0000][7][safepoint   ] Safepoint "Cleanup", Time since last: 3000686549 ns, Reaching safepoint: 175946 ns, At safepoint: 9587 ns, Total: 185533 ns
[2024-02-08T23:54:25.801+0000][7][safepoint   ] Safepoint "Cleanup", Time since last: 3000400547 ns, Reaching safepoint: 108396 ns, At safepoint: 8802 ns, Total: 117198 ns
[2024-02-08T23:54:27.802+0000][7][safepoint   ] Safepoint "Cleanup", Time since last: 2000337168 ns, Reaching safepoint: 113169 ns, At safepoint: 9936 ns, Total: 123105 ns
[2024-02-08T23:54:28.802+0000][7][safepoint   ] Safepoint "Cleanup", Time since last: 1000258551 ns, Reaching safepoint: 86209 ns, At safepoint: 11046 ns, Total: 97255 ns
[2024-02-08T23:54:29.802+0000][7][safepoint   ] Safepoint "Cleanup", Time since last: 1000277109 ns, Reaching safepoint: 106647 ns, At safepoint: 11766 ns, Total: 118413 ns
[2024-02-08T23:54:31.803+0000][7][safepoint   ] Safepoint "Cleanup", Time since last: 2000484478 ns, Reaching safepoint: 88759 ns, At safepoint: 10618 ns, Total: 99377 ns
[2024-02-08T23:54:34.804+0000][7][safepoint   ] Safepoint "Cleanup", Time since last: 3000675903 ns, Reaching safepoint: 112693 ns, At safepoint: 6817 ns, Total: 119510 ns
[2024-02-08T23:54:35.804+0000][7][safepoint   ] Safepoint "Cleanup", Time since last: 1000251251 ns, Reaching safepoint: 76876 ns, At safepoint: 8309 ns, Total: 85185 ns
[2024-02-08T23:54:37.805+0000][7][safepoint   ] Safepoint "Cleanup", Time since last: 2000480367 ns, Reaching safepoint: 161368 ns, At safepoint: 10624 ns, Total: 171992 ns
[2024-02-08T23:54:39.805+0000][7][safepoint   ] Safepoint "Cleanup", Time since last: 2000322363 ns, Reaching safepoint: 135232 ns, At safepoint: 9246 ns, Total: 144478 ns
[2024-02-08T23:54:41.054+0000][7][safepoint   ] Safepoint "Cleanup", Time since last: 1248703533 ns, Reaching safepoint: 101440 ns, At safepoint: 7784 ns, Total: 109224 ns
[2024-02-08T23:54:46.055+0000][7][safepoint   ] Safepoint "Cleanup", Time since last: 5000731455 ns, Reaching safepoint: 129572 ns, At safepoint: 7768 ns, Total: 137340 ns
[2024-02-08T23:54:52.056+0000][7][safepoint   ] Safepoint "Cleanup", Time since last: 6001059124 ns, Reaching safepoint: 123298 ns, At safepoint: 19369 ns, Total: 142667 ns
[2024-02-08T23:54:53.056+0000][7][safepoint   ] Safepoint "Cleanup", Time since last: 1000255836 ns, Reaching safepoint: 80077 ns, At safepoint: 7646 ns, Total: 87723 ns
[2024-02-08T23:54:58.057+0000][7][safepoint   ] Safepoint "Cleanup", Time since last: 5000918310 ns, Reaching safepoint: 112340 ns, At safepoint: 10186 ns, Total: 122526 ns
[2024-02-08T23:54:59.058+0000][7][safepoint   ] Safepoint "Cleanup", Time since last: 1000118795 ns, Reaching safepoint: 77936 ns, At safepoint: 6863 ns, Total: 84799 ns
[2024-02-08T23:55:00.058+0000][7][safepoint   ] Safepoint "Cleanup", Time since last: 1000162318 ns, Reaching safepoint: 79629 ns, At safepoint: 7960 ns, Total: 87589 ns
[2024-02-08T23:55:01.058+0000][7][safepoint   ] Safepoint "Cleanup", Time since last: 1000181455 ns, Reaching safepoint: 82105 ns, At safepoint: 10452 ns, Total: 92557 ns
[2024-02-08T23:55:02.058+0000][7][safepoint   ] Safepoint "Cleanup", Time since last: 1000229995 ns, Reaching safepoint: 72911 ns, At safepoint: 6295 ns, Total: 79206 ns
[2024-02-08T23:55:04.004+0000][7][safepoint   ] Safepoint "Cleanup", Time since last: 1945727835 ns, Reaching safepoint: 72005 ns, At safepoint: 6193 ns, Total: 78198 ns
[2024-02-08T23:55:05.133+0000][7][safepoint   ] Safepoint "Cleanup", Time since last: 1128426347 ns, Reaching safepoint: 95029 ns, At safepoint: 8316 ns, Total: 103345 ns
[2024-02-08T23:55:07.133+0000][7][safepoint   ] Safepoint "Cleanup", Time since last: 2000369367 ns, Reaching safepoint: 113274 ns, At safepoint: 9624 ns, Total: 122898 ns
[2024-02-08T23:55:10.134+0000][7][safepoint   ] Safepoint "Cleanup", Time since last: 3000528726 ns, Reaching safepoint: 80759 ns, At safepoint: 4720 ns, Total: 85479 ns
[2024-02-08T23:55:11.134+0000][7][safepoint   ] Safepoint "Cleanup", Time since last: 1000258443 ns, Reaching safepoint: 83862 ns, At safepoint: 10678 ns, Total: 94540 ns
[2024-02-08T23:55:12.135+0000][7][safepoint   ] Safepoint "Cleanup", Time since last: 1000258612 ns, Reaching safepoint: 73394 ns, At safepoint: 7525 ns, Total: 80919 ns
[2024-02-08T23:55:13.135+0000][7][safepoint   ] Safepoint "Cleanup", Time since last: 1000268820 ns, Reaching safepoint: 251121 ns, At safepoint: 18637 ns, Total: 269758 ns
[2024-02-08T23:55:16.136+0000][7][safepoint   ] Safepoint "Cleanup", Time since last: 3000418297 ns, Reaching safepoint: 73242 ns, At safepoint: 6364 ns, Total: 79606 ns
[2024-02-08T23:55:19.136+0000][7][safepoint   ] Safepoint "Cleanup", Time since last: 3000615111 ns, Reaching safepoint: 115806 ns, At safepoint: 8997 ns, Total: 124803 ns
[2024-02-08T23:55:22.137+0000][7][safepoint   ] Safepoint "Cleanup", Time since last: 3000579023 ns, Reaching safepoint: 91432 ns, At safepoint: 9228 ns, Total: 100660 ns
[2024-02-08T23:55:23.137+0000][7][safepoint   ] Safepoint "Cleanup", Time since last: 1000245674 ns, Reaching safepoint: 74068 ns, At safepoint: 8048 ns, Total: 82116 ns
[2024-02-08T23:55:25.138+0000][7][safepoint   ] Safepoint "Cleanup", Time since last: 2000418790 ns, Reaching safepoint: 107366 ns, At safepoint: 7249 ns, Total: 114615 ns
[2024-02-08T23:55:28.139+0000][7][safepoint   ] Safepoint "Cleanup", Time since last: 3000680222 ns, Reaching safepoint: 105788 ns, At safepoint: 8435 ns, Total: 114223 ns
[2024-02-08T23:55:30.139+0000][7][safepoint   ] Safepoint "Cleanup", Time since last: 2000436848 ns, Reaching safepoint: 88384 ns, At safepoint: 9024 ns, Total: 97408 ns
[2024-02-08T23:55:31.139+0000][7][safepoint   ] Safepoint "Cleanup", Time since last: 1000134001 ns, Reaching safepoint: 65389 ns, At safepoint: 7902 ns, Total: 73291 ns
[2024-02-08T23:55:34.140+0000][7][safepoint   ] Safepoint "Cleanup", Time since last: 3000646293 ns, Reaching safepoint: 84175 ns, At safepoint: 5138 ns, Total: 89313 ns
[2024-02-08T23:55:35.140+0000][7][safepoint   ] Safepoint "Cleanup", Time since last: 1000212129 ns, Reaching safepoint: 91486 ns, At safepoint: 10633 ns, Total: 102119 ns
[2024-02-08T23:55:36.141+0000][7][safepoint   ] Safepoint "Cleanup", Time since last: 1000144899 ns, Reaching safepoint: 93402 ns, At safepoint: 13004 ns, Total: 106406 ns
[2024-02-08T23:55:37.141+0000][7][safepoint   ] Safepoint "Cleanup", Time since last: 1000144983 ns, Reaching safepoint: 96918 ns, At safepoint: 7934 ns, Total: 104852 ns
[2024-02-08T23:55:40.141+0000][7][safepoint   ] Safepoint "Cleanup", Time since last: 3000336733 ns, Reaching safepoint: 112609 ns, At safepoint: 7030 ns, Total: 119639 ns
[2024-02-08T23:55:43.142+0000][7][safepoint   ] Safepoint "Cleanup", Time since last: 3000666364 ns, Reaching safepoint: 131990 ns, At safepoint: 7345 ns, Total: 139335 ns
[2024-02-08T23:55:47.143+0000][7][safepoint   ] Safepoint "Cleanup", Time since last: 4000688057 ns, Reaching safepoint: 108119 ns, At safepoint: 8585 ns, Total: 116704 ns
[2024-02-08T23:55:49.144+0000][7][safepoint   ] Safepoint "Cleanup", Time since last: 2000454400 ns, Reaching safepoint: 108260 ns, At safepoint: 8988 ns, Total: 117248 ns
[2024-02-08T23:55:52.144+0000][7][safepoint   ] Safepoint "Cleanup", Time since last: 3000660145 ns, Reaching safepoint: 81590 ns, At safepoint: 4130 ns, Total: 85720 ns
[2024-02-08T23:55:57.145+0000][7][safepoint   ] Safepoint "Cleanup", Time since last: 5000749029 ns, Reaching safepoint: 153581 ns, At safepoint: 14735 ns, Total: 168316 ns
[2024-02-08T23:55:58.150+0000][7][safepoint   ] Safepoint "Cleanup", Time since last: 1004237376 ns, Reaching safepoint: 98829 ns, At safepoint: 7136 ns, Total: 105965 ns
[2024-02-08T23:56:01.150+0000][7][safepoint   ] Safepoint "Cleanup", Time since last: 3000543524 ns, Reaching safepoint: 70155 ns, At safepoint: 8593 ns, Total: 78748 ns
[2024-02-08T23:56:04.151+0000][7][safepoint   ] Safepoint "Cleanup", Time since last: 3000666640 ns, Reaching safepoint: 89605 ns, At safepoint: 10604 ns, Total: 100209 ns
[2024-02-08T23:56:05.151+0000][7][safepoint   ] Safepoint "Cleanup", Time since last: 1000273181 ns, Reaching safepoint: 80061 ns, At safepoint: 7361 ns, Total: 87422 ns
[2024-02-08T23:56:07.152+0000][7][safepoint   ] Safepoint "Cleanup", Time since last: 2000452482 ns, Reaching safepoint: 107738 ns, At safepoint: 6573 ns, Total: 114311 ns
[2024-02-08T23:56:10.153+0000][7][safepoint   ] Safepoint "Cleanup", Time since last: 3000581913 ns, Reaching safepoint: 134481 ns, At safepoint: 8935 ns, Total: 143416 ns
[2024-02-08T23:56:13.153+0000][7][safepoint   ] Safepoint "Cleanup", Time since last: 3000406672 ns, Reaching safepoint: 111879 ns, At safepoint: 9566 ns, Total: 121445 ns
[2024-02-08T23:56:16.154+0000][7][safepoint   ] Safepoint "Cleanup", Time since last: 3000386779 ns, Reaching safepoint: 75394 ns, At safepoint: 5478 ns, Total: 80872 ns
[2024-02-08T23:56:16.257+0000][7][gc,start    ] GC(17) Pause Young (Normal) (G1 Evacuation Pause)
[2024-02-08T23:56:16.257+0000][7][gc,task     ] GC(17) Using 8 workers of 8 for evacuation
[2024-02-08T23:56:16.257+0000][7][gc,age      ] GC(17) Desired survivor size 41943040 bytes, new threshold 15 (max threshold 15)
[2024-02-08T23:56:16.270+0000][7][gc,phases   ] GC(17)   Pre Evacuate Collection Set: 0.1ms
[2024-02-08T23:56:16.270+0000][7][gc,phases   ] GC(17)   Merge Heap Roots: 0.2ms
[2024-02-08T23:56:16.270+0000][7][gc,phases   ] GC(17)   Evacuate Collection Set: 11.1ms
[2024-02-08T23:56:16.270+0000][7][gc,phases   ] GC(17)   Post Evacuate Collection Set: 1.1ms
[2024-02-08T23:56:16.270+0000][7][gc,phases   ] GC(17)   Other: 0.1ms
[2024-02-08T23:56:16.270+0000][7][gc,age      ] GC(17) Age table with threshold 15 (max threshold 15)
[2024-02-08T23:56:16.270+0000][7][gc,age      ] GC(17) - age   1:    1108088 bytes,    1108088 total
[2024-02-08T23:56:16.270+0000][7][gc,age      ] GC(17) - age   2:    2337368 bytes,    3445456 total
[2024-02-08T23:56:16.270+0000][7][gc,age      ] GC(17) - age   3:    3312816 bytes,    6758272 total
[2024-02-08T23:56:16.270+0000][7][gc,age      ] GC(17) - age   4:    5859080 bytes,   12617352 total
[2024-02-08T23:56:16.270+0000][7][gc,age      ] GC(17) - age   5:      16304 bytes,   12633656 total
[2024-02-08T23:56:16.270+0000][7][gc,age      ] GC(17) - age   6:   12181600 bytes,   24815256 total
[2024-02-08T23:56:16.270+0000][7][gc,heap     ] GC(17) Eden regions: 146->0(146)
[2024-02-08T23:56:16.270+0000][7][gc,heap     ] GC(17) Survivor regions: 7->7(20)
[2024-02-08T23:56:16.270+0000][7][gc,heap     ] GC(17) Old regions: 16->16
[2024-02-08T23:56:16.270+0000][7][gc,heap     ] GC(17) Archive regions: 2->2
[2024-02-08T23:56:16.270+0000][7][gc,heap     ] GC(17) Humongous regions: 0->0
[2024-02-08T23:56:16.270+0000][7][gc,metaspace] GC(17) Metaspace: 125237K(128896K)->125237K(128896K) NonClass: 108627K(110528K)->108627K(110528K) Class: 16610K(18368K)->16610K(18368K)
[2024-02-08T23:56:16.270+0000][7][gc          ] GC(17) Pause Young (Normal) (G1 Evacuation Pause) 677M->92M(1024M) 12.820ms
[2024-02-08T23:56:16.270+0000][7][gc,cpu      ] GC(17) User=0.08s Sys=0.00s Real=0.01s
[2024-02-08T23:56:16.270+0000][7][safepoint   ] Safepoint "G1CollectForAllocation", Time since last: 103708339 ns, Reaching safepoint: 34581 ns, At safepoint: 12894072 ns, Total: 12928653 ns
[2024-02-08T23:56:17.271+0000][7][safepoint   ] Safepoint "Cleanup", Time since last: 1000079642 ns, Reaching safepoint: 144014 ns, At safepoint: 3715 ns, Total: 147729 ns
[2024-02-08T23:56:19.271+0000][7][safepoint   ] Safepoint "Cleanup", Time since last: 2000170709 ns, Reaching safepoint: 54063 ns, At safepoint: 3303 ns, Total: 57366 ns
[2024-02-08T23:56:20.271+0000][7][safepoint   ] Safepoint "Cleanup", Time since last: 1000107516 ns, Reaching safepoint: 65098 ns, At safepoint: 11272 ns, Total: 76370 ns
[2024-02-08T23:56:28.272+0000][7][safepoint   ] Safepoint "Cleanup", Time since last: 8000993621 ns, Reaching safepoint: 40963 ns, At safepoint: 3573 ns, Total: 44536 ns
[2024-02-08T23:56:29.272+0000][7][safepoint   ] Safepoint "Cleanup", Time since last: 1000131276 ns, Reaching safepoint: 112127 ns, At safepoint: 6223 ns, Total: 118350 ns
[2024-02-08T23:56:30.272+0000][7][safepoint   ] Safepoint "Cleanup", Time since last: 1000203057 ns, Reaching safepoint: 61154 ns, At safepoint: 5529 ns, Total: 66683 ns
[2024-02-08T23:56:34.273+0000][7][safepoint   ] Safepoint "Cleanup", Time since last: 4000351104 ns, Reaching safepoint: 58530 ns, At safepoint: 6058 ns, Total: 64588 ns
[2024-02-08T23:56:37.273+0000][7][safepoint   ] Safepoint "Cleanup", Time since last: 3000385934 ns, Reaching safepoint: 119188 ns, At safepoint: 10867 ns, Total: 130055 ns
[2024-02-08T23:56:40.274+0000][7][safepoint   ] Safepoint "Cleanup", Time since last: 3000393297 ns, Reaching safepoint: 50523 ns, At safepoint: 6097 ns, Total: 56620 ns
[2024-02-08T23:56:46.275+0000][7][safepoint   ] Safepoint "Cleanup", Time since last: 6001068442 ns, Reaching safepoint: 128899 ns, At safepoint: 9767 ns, Total: 138666 ns
[2024-02-08T23:56:49.276+0000][7][safepoint   ] Safepoint "Cleanup", Time since last: 3000614758 ns, Reaching safepoint: 74981 ns, At safepoint: 7673 ns, Total: 82654 ns
[2024-02-08T23:56:52.276+0000][7][safepoint   ] Safepoint "Cleanup", Time since last: 3000450584 ns, Reaching safepoint: 92480 ns, At safepoint: 11379 ns, Total: 103859 ns
[2024-02-08T23:56:53.277+0000][7][safepoint   ] Safepoint "Cleanup", Time since last: 1000297259 ns, Reaching safepoint: 67906 ns, At safepoint: 7367 ns, Total: 75273 ns
[2024-02-08T23:56:55.277+0000][7][safepoint   ] Safepoint "Cleanup", Time since last: 2000469799 ns, Reaching safepoint: 75947 ns, At safepoint: 10444 ns, Total: 86391 ns
[2024-02-08T23:56:57.278+0000][7][safepoint   ] Safepoint "Cleanup", Time since last: 2000470290 ns, Reaching safepoint: 78356 ns, At safepoint: 7922 ns, Total: 86278 ns
[2024-02-08T23:56:58.278+0000][7][safepoint   ] Safepoint "Cleanup", Time since last: 1000270041 ns, Reaching safepoint: 141690 ns, At safepoint: 13836 ns, Total: 155526 ns
[2024-02-08T23:57:00.279+0000][7][safepoint   ] Safepoint "Cleanup", Time since last: 2000533172 ns, Reaching safepoint: 89838 ns, At safepoint: 7447 ns, Total: 97285 ns
[2024-02-08T23:57:04.280+0000][7][safepoint   ] Safepoint "Cleanup", Time since last: 4000885919 ns, Reaching safepoint: 93364 ns, At safepoint: 12060 ns, Total: 105424 ns
[2024-02-08T23:57:07.281+0000][7][safepoint   ] Safepoint "Cleanup", Time since last: 3000603278 ns, Reaching safepoint: 140964 ns, At safepoint: 9249 ns, Total: 150213 ns
[2024-02-08T23:57:10.281+0000][7][safepoint   ] Safepoint "Cleanup", Time since last: 3000475089 ns, Reaching safepoint: 131954 ns, At safepoint: 8753 ns, Total: 140707 ns
[2024-02-08T23:57:11.282+0000][7][safepoint   ] Safepoint "Cleanup", Time since last: 1000151578 ns, Reaching safepoint: 109664 ns, At safepoint: 11604 ns, Total: 121268 ns
[2024-02-08T23:57:12.282+0000][7][safepoint   ] Safepoint "Cleanup", Time since last: 1000272962 ns, Reaching safepoint: 87285 ns, At safepoint: 7514 ns, Total: 94799 ns
[2024-02-08T23:57:16.283+0000][7][safepoint   ] Safepoint "Cleanup", Time since last: 4000718449 ns, Reaching safepoint: 124665 ns, At safepoint: 6017 ns, Total: 130682 ns
[2024-02-08T23:57:17.283+0000][7][safepoint   ] Safepoint "Cleanup", Time since last: 1000222459 ns, Reaching safepoint: 108241 ns, At safepoint: 16888 ns, Total: 125129 ns
[2024-02-08T23:57:18.283+0000][7][safepoint   ] Safepoint "Cleanup", Time since last: 1000258135 ns, Reaching safepoint: 77639 ns, At safepoint: 8099 ns, Total: 85738 ns
[2024-02-08T23:57:22.284+0000][7][safepoint   ] Safepoint "Cleanup", Time since last: 4000530276 ns, Reaching safepoint: 75691 ns, At safepoint: 8672 ns, Total: 84363 ns
[2024-02-08T23:57:23.284+0000][7][safepoint   ] Safepoint "Cleanup", Time since last: 1000208124 ns, Reaching safepoint: 75288 ns, At safepoint: 7583 ns, Total: 82871 ns
[2024-02-08T23:57:25.285+0000][7][safepoint   ] Safepoint "Cleanup", Time since last: 2000293059 ns, Reaching safepoint: 76421 ns, At safepoint: 8544 ns, Total: 84965 ns
[2024-02-08T23:57:27.285+0000][7][safepoint   ] Safepoint "Cleanup", Time since last: 2000336556 ns, Reaching safepoint: 82833 ns, At safepoint: 8921 ns, Total: 91754 ns
[2024-02-08T23:57:28.285+0000][7][safepoint   ] Safepoint "Cleanup", Time since last: 1000135511 ns, Reaching safepoint: 43531 ns, At safepoint: 2876 ns, Total: 46407 ns
[2024-02-08T23:57:29.286+0000][7][safepoint   ] Safepoint "Cleanup", Time since last: 1000237306 ns, Reaching safepoint: 110790 ns, At safepoint: 11194 ns, Total: 121984 ns
[2024-02-08T23:57:30.286+0000][7][safepoint   ] Safepoint "Cleanup", Time since last: 1000241813 ns, Reaching safepoint: 93411 ns, At safepoint: 10931 ns, Total: 104342 ns
[2024-02-08T23:57:31.286+0000][7][safepoint   ] Safepoint "Cleanup", Time since last: 1000242788 ns, Reaching safepoint: 53826 ns, At safepoint: 5197 ns, Total: 59023 ns
[2024-02-08T23:57:32.287+0000][7][safepoint   ] Safepoint "Cleanup", Time since last: 1000122944 ns, Reaching safepoint: 66958 ns, At safepoint: 5206 ns, Total: 72164 ns
[2024-02-08T23:57:34.287+0000][7][safepoint   ] Safepoint "Cleanup", Time since last: 2000334253 ns, Reaching safepoint: 108901 ns, At safepoint: 8728 ns, Total: 117629 ns
[2024-02-08T23:57:37.288+0000][7][safepoint   ] Safepoint "Cleanup", Time since last: 3000617135 ns, Reaching safepoint: 104521 ns, At safepoint: 10837 ns, Total: 115358 ns
[2024-02-08T23:57:40.288+0000][7][safepoint   ] Safepoint "Cleanup", Time since last: 3000523197 ns, Reaching safepoint: 80420 ns, At safepoint: 7794 ns, Total: 88214 ns
[2024-02-08T23:57:42.289+0000][7][safepoint   ] Safepoint "Cleanup", Time since last: 2000365458 ns, Reaching safepoint: 96610 ns, At safepoint: 10087 ns, Total: 106697 ns
[2024-02-08T23:57:43.289+0000][7][safepoint   ] Safepoint "Cleanup", Time since last: 1000152256 ns, Reaching safepoint: 64831 ns, At safepoint: 7951 ns, Total: 72782 ns
[2024-02-08T23:57:46.290+0000][7][safepoint   ] Safepoint "Cleanup", Time since last: 3000424826 ns, Reaching safepoint: 90560 ns, At safepoint: 10012 ns, Total: 100572 ns
[2024-02-08T23:57:47.290+0000][7][safepoint   ] Safepoint "Cleanup", Time since last: 1000167807 ns, Reaching safepoint: 78093 ns, At safepoint: 7181 ns, Total: 85274 ns
[2024-02-08T23:57:52.291+0000][7][safepoint   ] Safepoint "Cleanup", Time since last: 5000970796 ns, Reaching safepoint: 114203 ns, At safepoint: 8044 ns, Total: 122247 ns
[2024-02-08T23:57:53.291+0000][7][safepoint   ] Safepoint "Cleanup", Time since last: 1000228890 ns, Reaching safepoint: 107076 ns, At safepoint: 14339 ns, Total: 121415 ns
[2024-02-08T23:57:58.292+0000][7][safepoint   ] Safepoint "Cleanup", Time since last: 5001015344 ns, Reaching safepoint: 77394 ns, At safepoint: 4124 ns, Total: 81518 ns
[2024-02-08T23:58:00.293+0000][7][safepoint   ] Safepoint "Cleanup", Time since last: 2000350638 ns, Reaching safepoint: 91443 ns, At safepoint: 6888 ns, Total: 98331 ns
[2024-02-08T23:58:03.293+0000][7][safepoint   ] Safepoint "Cleanup", Time since last: 3000606046 ns, Reaching safepoint: 78697 ns, At safepoint: 7181 ns, Total: 85878 ns
[2024-02-08T23:58:04.294+0000][7][safepoint   ] Safepoint "Cleanup", Time since last: 1000232385 ns, Reaching safepoint: 87452 ns, At safepoint: 7735 ns, Total: 95187 ns
[2024-02-08T23:58:07.294+0000][7][safepoint   ] Safepoint "Cleanup", Time since last: 3000458364 ns, Reaching safepoint: 44514 ns, At safepoint: 6531 ns, Total: 51045 ns
[2024-02-08T23:58:11.295+0000][7][safepoint   ] Safepoint "Cleanup", Time since last: 4000713177 ns, Reaching safepoint: 81376 ns, At safepoint: 6926 ns, Total: 88302 ns
[2024-02-08T23:58:12.295+0000][7][safepoint   ] Safepoint "Cleanup", Time since last: 1000248984 ns, Reaching safepoint: 85719 ns, At safepoint: 11370 ns, Total: 97089 ns
[2024-02-08T23:58:15.296+0000][7][safepoint   ] Safepoint "Cleanup", Time since last: 3000541951 ns, Reaching safepoint: 83636 ns, At safepoint: 10667 ns, Total: 94303 ns
[2024-02-08T23:58:16.296+0000][7][safepoint   ] Safepoint "Cleanup", Time since last: 1000266201 ns, Reaching safepoint: 119875 ns, At safepoint: 6962 ns, Total: 126837 ns
[2024-02-08T23:58:22.297+0000][7][safepoint   ] Safepoint "Cleanup", Time since last: 6000595823 ns, Reaching safepoint: 75245 ns, At safepoint: 6087 ns, Total: 81332 ns
[2024-02-08T23:58:28.298+0000][7][safepoint   ] Safepoint "Cleanup", Time since last: 6000807951 ns, Reaching safepoint: 120983 ns, At safepoint: 10451 ns, Total: 131434 ns
[2024-02-08T23:58:30.299+0000][7][safepoint   ] Safepoint "Cleanup", Time since last: 2000470308 ns, Reaching safepoint: 76185 ns, At safepoint: 6729 ns, Total: 82914 ns
[2024-02-08T23:58:31.299+0000][7][safepoint   ] Safepoint "Cleanup", Time since last: 1000263624 ns, Reaching safepoint: 74348 ns, At safepoint: 10607 ns, Total: 84955 ns
[2024-02-08T23:58:37.300+0000][7][safepoint   ] Safepoint "Cleanup", Time since last: 6001100512 ns, Reaching safepoint: 167261 ns, At safepoint: 9684 ns, Total: 176945 ns
[2024-02-08T23:58:40.301+0000][7][safepoint   ] Safepoint "Cleanup", Time since last: 3000379440 ns, Reaching safepoint: 71643 ns, At safepoint: 8248 ns, Total: 79891 ns
[2024-02-08T23:58:42.301+0000][7][safepoint   ] Safepoint "Cleanup", Time since last: 2000301334 ns, Reaching safepoint: 68469 ns, At safepoint: 6203 ns, Total: 74672 ns
[2024-02-08T23:58:46.302+0000][7][safepoint   ] Safepoint "Cleanup", Time since last: 4000389521 ns, Reaching safepoint: 81614 ns, At safepoint: 5512 ns, Total: 87126 ns
[2024-02-08T23:58:52.303+0000][7][safepoint   ] Safepoint "Cleanup", Time since last: 6001267781 ns, Reaching safepoint: 136302 ns, At safepoint: 9602 ns, Total: 145904 ns
[2024-02-08T23:58:58.304+0000][7][safepoint   ] Safepoint "Cleanup", Time since last: 6001176827 ns, Reaching safepoint: 126344 ns, At safepoint: 7102 ns, Total: 133446 ns
[2024-02-08T23:59:00.305+0000][7][safepoint   ] Safepoint "Cleanup", Time since last: 2000627676 ns, Reaching safepoint: 45507 ns, At safepoint: 3182 ns, Total: 48689 ns
[2024-02-08T23:59:01.305+0000][7][safepoint   ] Safepoint "Cleanup", Time since last: 1000149734 ns, Reaching safepoint: 77859 ns, At safepoint: 10154 ns, Total: 88013 ns
[2024-02-08T23:59:04.306+0000][7][safepoint   ] Safepoint "Cleanup", Time since last: 3000558758 ns, Reaching safepoint: 115445 ns, At safepoint: 7343 ns, Total: 122788 ns
[2024-02-08T23:59:05.306+0000][7][safepoint   ] Safepoint "Cleanup", Time since last: 1000267990 ns, Reaching safepoint: 98058 ns, At safepoint: 7748 ns, Total: 105806 ns
[2024-02-08T23:59:10.307+0000][7][safepoint   ] Safepoint "Cleanup", Time since last: 5000853130 ns, Reaching safepoint: 85008 ns, At safepoint: 11263 ns, Total: 96271 ns
[2024-02-08T23:59:13.308+0000][7][safepoint   ] Safepoint "Cleanup", Time since last: 3000625678 ns, Reaching safepoint: 86112 ns, At safepoint: 7927 ns, Total: 94039 ns
[2024-02-08T23:59:16.309+0000][7][safepoint   ] Safepoint "Cleanup", Time since last: 3000692500 ns, Reaching safepoint: 78592 ns, At safepoint: 9120 ns, Total: 87712 ns
[2024-02-08T23:59:19.309+0000][7][safepoint   ] Safepoint "Cleanup", Time since last: 3000445737 ns, Reaching safepoint: 78471 ns, At safepoint: 9655 ns, Total: 88126 ns
[2024-02-08T23:59:22.310+0000][7][safepoint   ] Safepoint "Cleanup", Time since last: 3000392614 ns, Reaching safepoint: 62028 ns, At safepoint: 8742 ns, Total: 70770 ns
[2024-02-08T23:59:25.310+0000][7][safepoint   ] Safepoint "Cleanup", Time since last: 3000327076 ns, Reaching safepoint: 75867 ns, At safepoint: 8545 ns, Total: 84412 ns
[2024-02-08T23:59:28.311+0000][7][safepoint   ] Safepoint "Cleanup", Time since last: 3000541249 ns, Reaching safepoint: 85136 ns, At safepoint: 7466 ns, Total: 92602 ns
[2024-02-08T23:59:30.311+0000][7][safepoint   ] Safepoint "Cleanup", Time since last: 2000425639 ns, Reaching safepoint: 82212 ns, At safepoint: 6995 ns, Total: 89207 ns
[2024-02-08T23:59:37.313+0000][7][safepoint   ] Safepoint "Cleanup", Time since last: 7001358712 ns, Reaching safepoint: 126359 ns, At safepoint: 8596 ns, Total: 134955 ns
[2024-02-08T23:59:40.313+0000][7][safepoint   ] Safepoint "Cleanup", Time since last: 3000320229 ns, Reaching safepoint: 78121 ns, At safepoint: 9764 ns, Total: 87885 ns
[2024-02-08T23:59:43.314+0000][7][safepoint   ] Safepoint "Cleanup", Time since last: 3000561609 ns, Reaching safepoint: 80634 ns, At safepoint: 10616 ns, Total: 91250 ns
[2024-02-08T23:59:46.314+0000][7][safepoint   ] Safepoint "Cleanup", Time since last: 3000550063 ns, Reaching safepoint: 82263 ns, At safepoint: 8799 ns, Total: 91062 ns
[2024-02-08T23:59:46.683+0000][7][gc,start    ] GC(18) Pause Young (Normal) (G1 Evacuation Pause)
[2024-02-08T23:59:46.683+0000][7][gc,task     ] GC(18) Using 8 workers of 8 for evacuation
[2024-02-08T23:59:46.683+0000][7][gc,age      ] GC(18) Desired survivor size 41943040 bytes, new threshold 15 (max threshold 15)
[2024-02-08T23:59:46.699+0000][7][gc,phases   ] GC(18)   Pre Evacuate Collection Set: 0.1ms
[2024-02-08T23:59:46.699+0000][7][gc,phases   ] GC(18)   Merge Heap Roots: 0.1ms
[2024-02-08T23:59:46.699+0000][7][gc,phases   ] GC(18)   Evacuate Collection Set: 13.8ms
[2024-02-08T23:59:46.699+0000][7][gc,phases   ] GC(18)   Post Evacuate Collection Set: 1.8ms
[2024-02-08T23:59:46.699+0000][7][gc,phases   ] GC(18)   Other: 0.1ms
[2024-02-08T23:59:46.699+0000][7][gc,age      ] GC(18) Age table with threshold 15 (max threshold 15)
[2024-02-08T23:59:46.699+0000][7][gc,age      ] GC(18) - age   1:    1679352 bytes,    1679352 total
[2024-02-08T23:59:46.699+0000][7][gc,age      ] GC(18) - age   2:      23856 bytes,    1703208 total
[2024-02-08T23:59:46.699+0000][7][gc,age      ] GC(18) - age   3:    2092872 bytes,    3796080 total
[2024-02-08T23:59:46.699+0000][7][gc,age      ] GC(18) - age   4:    3311808 bytes,    7107888 total
[2024-02-08T23:59:46.699+0000][7][gc,age      ] GC(18) - age   5:    5859080 bytes,   12966968 total
[2024-02-08T23:59:46.700+0000][7][gc,age      ] GC(18) - age   6:      16304 bytes,   12983272 total
[2024-02-08T23:59:46.700+0000][7][gc,age      ] GC(18) - age   7:   12119184 bytes,   25102456 total
[2024-02-08T23:59:46.700+0000][7][gc,heap     ] GC(18) Eden regions: 146->0(146)
[2024-02-08T23:59:46.700+0000][7][gc,heap     ] GC(18) Survivor regions: 7->7(20)
[2024-02-08T23:59:46.700+0000][7][gc,heap     ] GC(18) Old regions: 16->16
[2024-02-08T23:59:46.700+0000][7][gc,heap     ] GC(18) Archive regions: 2->2
[2024-02-08T23:59:46.700+0000][7][gc,heap     ] GC(18) Humongous regions: 0->0
[2024-02-08T23:59:46.700+0000][7][gc,metaspace] GC(18) Metaspace: 125872K(129472K)->125872K(129472K) NonClass: 109213K(111040K)->109213K(111040K) Class: 16658K(18432K)->16658K(18432K)
[2024-02-08T23:59:46.700+0000][7][gc          ] GC(18) Pause Young (Normal) (G1 Evacuation Pause) 676M->92M(1024M) 16.260ms
[2024-02-08T23:59:46.700+0000][7][gc,cpu      ] GC(18) User=0.12s Sys=0.00s Real=0.02s
[2024-02-08T23:59:46.700+0000][7][safepoint   ] Safepoint "G1CollectForAllocation", Time since last: 368749550 ns, Reaching safepoint: 78678 ns, At safepoint: 16358430 ns, Total: 16437108 ns
[2024-02-08T23:59:47.700+0000][7][safepoint   ] Safepoint "Cleanup", Time since last: 1000218053 ns, Reaching safepoint: 81404 ns, At safepoint: 7520 ns, Total: 88924 ns
[2024-02-08T23:59:49.700+0000][7][safepoint   ] Safepoint "Cleanup", Time since last: 2000338918 ns, Reaching safepoint: 85980 ns, At safepoint: 7932 ns, Total: 93912 ns
[2024-02-08T23:59:52.701+0000][7][safepoint   ] Safepoint "Cleanup", Time since last: 3000541209 ns, Reaching safepoint: 131388 ns, At safepoint: 7886 ns, Total: 139274 ns
[2024-02-08T23:59:53.701+0000][7][safepoint   ] Safepoint "Cleanup", Time since last: 1000154891 ns, Reaching safepoint: 77780 ns, At safepoint: 9248 ns, Total: 87028 ns
[2024-02-08T23:59:56.702+0000][7][safepoint   ] Safepoint "Cleanup", Time since last: 3000334870 ns, Reaching safepoint: 203223 ns, At safepoint: 14059 ns, Total: 217282 ns
[2024-02-08T23:59:58.702+0000][7][safepoint   ] Safepoint "Cleanup", Time since last: 2000457054 ns, Reaching safepoint: 79788 ns, At safepoint: 10361 ns, Total: 90149 ns
[2024-02-08T23:59:59.703+0000][7][safepoint   ] Safepoint "Cleanup", Time since last: 1000256676 ns, Reaching safepoint: 76524 ns, At safepoint: 7692 ns, Total: 84216 ns
[2024-02-09T00:00:00.703+0000][7][safepoint   ] Safepoint "Cleanup", Time since last: 1000148174 ns, Reaching safepoint: 109183 ns, At safepoint: 7291 ns, Total: 116474 ns
[2024-02-09T00:00:01.211+0000][7][safepoint   ] Safepoint "ICBufferFull", Time since last: 508176256 ns, Reaching safepoint: 258186 ns, At safepoint: 6574 ns, Total: 264760 ns
[2024-02-09T00:00:02.224+0000][7][safepoint   ] Safepoint "Cleanup", Time since last: 1011882393 ns, Reaching safepoint: 208922 ns, At safepoint: 12655 ns, Total: 221577 ns
[2024-02-09T00:00:04.224+0000][7][safepoint   ] Safepoint "Cleanup", Time since last: 2000228395 ns, Reaching safepoint: 121298 ns, At safepoint: 5723 ns, Total: 127021 ns
[2024-02-09T00:00:05.224+0000][7][safepoint   ] Safepoint "Cleanup", Time since last: 1000189882 ns, Reaching safepoint: 101197 ns, At safepoint: 8019 ns, Total: 109216 ns
[2024-02-09T00:00:07.225+0000][7][safepoint   ] Safepoint "Cleanup", Time since last: 2000404797 ns, Reaching safepoint: 69527 ns, At safepoint: 13320 ns, Total: 82847 ns
[2024-02-09T00:00:10.225+0000][7][safepoint   ] Safepoint "Cleanup", Time since last: 3000385503 ns, Reaching safepoint: 108238 ns, At safepoint: 7056 ns, Total: 115294 ns
[2024-02-09T00:00:12.226+0000][7][safepoint   ] Safepoint "Cleanup", Time since last: 2000305762 ns, Reaching safepoint: 111703 ns, At safepoint: 16930 ns, Total: 128633 ns
[2024-02-09T00:00:13.226+0000][7][safepoint   ] Safepoint "Cleanup", Time since last: 1000121588 ns, Reaching safepoint: 69364 ns, At safepoint: 7388 ns, Total: 76752 ns
[2024-02-09T00:00:16.226+0000][7][safepoint   ] Safepoint "Cleanup", Time since last: 3000462212 ns, Reaching safepoint: 65784 ns, At safepoint: 9219 ns, Total: 75003 ns
[2024-02-09T00:00:17.227+0000][7][safepoint   ] Safepoint "Cleanup", Time since last: 1000244293 ns, Reaching safepoint: 97730 ns, At safepoint: 7683 ns, Total: 105413 ns
[2024-02-09T00:00:22.228+0000][7][safepoint   ] Safepoint "Cleanup", Time since last: 5000964385 ns, Reaching safepoint: 117227 ns, At safepoint: 6283 ns, Total: 123510 ns
[2024-02-09T00:00:25.228+0000][7][safepoint   ] Safepoint "Cleanup", Time since last: 3000394146 ns, Reaching safepoint: 84842 ns, At safepoint: 9296 ns, Total: 94138 ns
[2024-02-09T00:00:29.229+0000][7][safepoint   ] Safepoint "Cleanup", Time since last: 4000607169 ns, Reaching safepoint: 121740 ns, At safepoint: 8953 ns, Total: 130693 ns
[2024-02-09T00:00:31.229+0000][7][safepoint   ] Safepoint "Cleanup", Time since last: 2000319121 ns, Reaching safepoint: 65549 ns, At safepoint: 8983 ns, Total: 74532 ns
[2024-02-09T00:00:34.230+0000][7][safepoint   ] Safepoint "Cleanup", Time since last: 3000378876 ns, Reaching safepoint: 87005 ns, At safepoint: 5340 ns, Total: 92345 ns
[2024-02-09T00:00:35.230+0000][7][safepoint   ] Safepoint "Cleanup", Time since last: 1000137222 ns, Reaching safepoint: 61630 ns, At safepoint: 16757 ns, Total: 78387 ns
[2024-02-09T00:00:37.230+0000][7][safepoint   ] Safepoint "Cleanup", Time since last: 2000263434 ns, Reaching safepoint: 71266 ns, At safepoint: 4208 ns, Total: 75474 ns
[2024-02-09T00:00:40.231+0000][7][safepoint   ] Safepoint "Cleanup", Time since last: 3000502598 ns, Reaching safepoint: 70544 ns, At safepoint: 11157 ns, Total: 81701 ns
[2024-02-09T00:00:41.231+0000][7][safepoint   ] Safepoint "Cleanup", Time since last: 1000156457 ns, Reaching safepoint: 82337 ns, At safepoint: 6501 ns, Total: 88838 ns
[2024-02-09T00:00:46.232+0000][7][safepoint   ] Safepoint "Cleanup", Time since last: 5000999424 ns, Reaching safepoint: 117225 ns, At safepoint: 7459 ns, Total: 124684 ns
[2024-02-09T00:00:47.233+0000][7][safepoint   ] Safepoint "Cleanup", Time since last: 1000115707 ns, Reaching safepoint: 82399 ns, At safepoint: 6695 ns, Total: 89094 ns
[2024-02-09T00:00:52.233+0000][7][safepoint   ] Safepoint "Cleanup", Time since last: 5000639310 ns, Reaching safepoint: 98613 ns, At safepoint: 6851 ns, Total: 105464 ns
[2024-02-09T00:00:58.235+0000][7][safepoint   ] Safepoint "Cleanup", Time since last: 6001196161 ns, Reaching safepoint: 112175 ns, At safepoint: 6013 ns, Total: 118188 ns
[2024-02-09T00:00:59.235+0000][7][safepoint   ] Safepoint "Cleanup", Time since last: 1000228887 ns, Reaching safepoint: 82600 ns, At safepoint: 8255 ns, Total: 90855 ns
[2024-02-09T00:01:00.235+0000][7][safepoint   ] Safepoint "Cleanup", Time since last: 1000272463 ns, Reaching safepoint: 84969 ns, At safepoint: 7449 ns, Total: 92418 ns
[2024-02-09T00:01:04.236+0000][7][safepoint   ] Safepoint "Cleanup", Time since last: 4000778429 ns, Reaching safepoint: 72182 ns, At safepoint: 6922 ns, Total: 79104 ns
[2024-02-09T00:01:05.237+0000][7][safepoint   ] Safepoint "Cleanup", Time since last: 1000277691 ns, Reaching safepoint: 73421 ns, At safepoint: 7923 ns, Total: 81344 ns
[2024-02-09T00:01:10.238+0000][7][safepoint   ] Safepoint "Cleanup", Time since last: 5000774714 ns, Reaching safepoint: 126437 ns, At safepoint: 13762 ns, Total: 140199 ns
[2024-02-09T00:01:16.239+0000][7][safepoint   ] Safepoint "Cleanup", Time since last: 6000969615 ns, Reaching safepoint: 138785 ns, At safepoint: 9680 ns, Total: 148465 ns
[2024-02-09T00:01:17.239+0000][7][safepoint   ] Safepoint "Cleanup", Time since last: 1000268949 ns, Reaching safepoint: 85723 ns, At safepoint: 8290 ns, Total: 94013 ns
[2024-02-09T00:01:19.240+0000][7][safepoint   ] Safepoint "Cleanup", Time since last: 2000431254 ns, Reaching safepoint: 90795 ns, At safepoint: 9348 ns, Total: 100143 ns
[2024-02-09T00:01:20.240+0000][7][safepoint   ] Safepoint "Cleanup", Time since last: 1000235870 ns, Reaching safepoint: 75731 ns, At safepoint: 8491 ns, Total: 84222 ns
[2024-02-09T00:01:22.240+0000][7][safepoint   ] Safepoint "Cleanup", Time since last: 2000461806 ns, Reaching safepoint: 111193 ns, At safepoint: 7311 ns, Total: 118504 ns
[2024-02-09T00:01:29.241+0000][7][safepoint   ] Safepoint "Cleanup", Time since last: 7000787771 ns, Reaching safepoint: 93753 ns, At safepoint: 10572 ns, Total: 104325 ns
[2024-02-09T00:01:30.242+0000][7][safepoint   ] Safepoint "Cleanup", Time since last: 1000158260 ns, Reaching safepoint: 89112 ns, At safepoint: 7059 ns, Total: 96171 ns
[2024-02-09T00:01:34.243+0000][7][safepoint   ] Safepoint "Cleanup", Time since last: 4000865448 ns, Reaching safepoint: 91419 ns, At safepoint: 8027 ns, Total: 99446 ns
[2024-02-09T00:01:37.243+0000][7][safepoint   ] Safepoint "Cleanup", Time since last: 3000627711 ns, Reaching safepoint: 100822 ns, At safepoint: 11743 ns, Total: 112565 ns
[2024-02-09T00:01:40.244+0000][7][safepoint   ] Safepoint "Cleanup", Time since last: 3000621477 ns, Reaching safepoint: 133723 ns, At safepoint: 7571 ns, Total: 141294 ns
[2024-02-09T00:01:46.245+0000][7][safepoint   ] Safepoint "Cleanup", Time since last: 6000876104 ns, Reaching safepoint: 109816 ns, At safepoint: 10004 ns, Total: 119820 ns
[2024-02-09T00:01:47.245+0000][7][safepoint   ] Safepoint "Cleanup", Time since last: 1000127768 ns, Reaching safepoint: 75189 ns, At safepoint: 8947 ns, Total: 84136 ns
[2024-02-09T00:01:49.246+0000][7][safepoint   ] Safepoint "Cleanup", Time since last: 2000411908 ns, Reaching safepoint: 108562 ns, At safepoint: 8000 ns, Total: 116562 ns
[2024-02-09T00:01:52.246+0000][7][safepoint   ] Safepoint "Cleanup", Time since last: 3000471320 ns, Reaching safepoint: 112201 ns, At safepoint: 10461 ns, Total: 122662 ns
[2024-02-09T00:01:55.247+0000][7][safepoint   ] Safepoint "Cleanup", Time since last: 3000579650 ns, Reaching safepoint: 120851 ns, At safepoint: 9975 ns, Total: 130826 ns
[2024-02-09T00:01:58.248+0000][7][safepoint   ] Safepoint "Cleanup", Time since last: 3000608122 ns, Reaching safepoint: 88736 ns, At safepoint: 8693 ns, Total: 97429 ns
[2024-02-09T00:02:00.248+0000][7][safepoint   ] Safepoint "Cleanup", Time since last: 2000474624 ns, Reaching safepoint: 93978 ns, At safepoint: 12640 ns, Total: 106618 ns
[2024-02-09T00:02:03.249+0000][7][safepoint   ] Safepoint "Cleanup", Time since last: 3000450544 ns, Reaching safepoint: 113835 ns, At safepoint: 14119 ns, Total: 127954 ns
[2024-02-09T00:02:05.249+0000][7][safepoint   ] Safepoint "Cleanup", Time since last: 2000261242 ns, Reaching safepoint: 76695 ns, At safepoint: 11265 ns, Total: 87960 ns
[2024-02-09T00:02:07.250+0000][7][safepoint   ] Safepoint "Cleanup", Time since last: 2000309796 ns, Reaching safepoint: 76324 ns, At safepoint: 10416 ns, Total: 86740 ns
[2024-02-09T00:02:22.252+0000][7][safepoint   ] Safepoint "Cleanup", Time since last: 15002409655 ns, Reaching safepoint: 111418 ns, At safepoint: 6626 ns, Total: 118044 ns
[2024-02-09T00:02:23.253+0000][7][safepoint   ] Safepoint "Cleanup", Time since last: 1000231810 ns, Reaching safepoint: 102081 ns, At safepoint: 12740 ns, Total: 114821 ns
[2024-02-09T00:02:31.254+0000][7][safepoint   ] Safepoint "Cleanup", Time since last: 8000888408 ns, Reaching safepoint: 76511 ns, At safepoint: 10773 ns, Total: 87284 ns
[2024-02-09T00:02:34.254+0000][7][safepoint   ] Safepoint "Cleanup", Time since last: 3000583101 ns, Reaching safepoint: 85904 ns, At safepoint: 9023 ns, Total: 94927 ns
[2024-02-09T00:02:35.254+0000][7][safepoint   ] Safepoint "Cleanup", Time since last: 1000132460 ns, Reaching safepoint: 55566 ns, At safepoint: 3673 ns, Total: 59239 ns
[2024-02-09T00:02:37.255+0000][7][safepoint   ] Safepoint "Cleanup", Time since last: 2000406403 ns, Reaching safepoint: 96177 ns, At safepoint: 7890 ns, Total: 104067 ns
[2024-02-09T00:02:40.255+0000][7][safepoint   ] Safepoint "Cleanup", Time since last: 3000303559 ns, Reaching safepoint: 96486 ns, At safepoint: 5638 ns, Total: 102124 ns
[2024-02-09T00:02:49.257+0000][7][safepoint   ] Safepoint "Cleanup", Time since last: 9001340567 ns, Reaching safepoint: 85897 ns, At safepoint: 13592 ns, Total: 99489 ns
[2024-02-09T00:02:50.257+0000][7][safepoint   ] Safepoint "Cleanup", Time since last: 1000143826 ns, Reaching safepoint: 69426 ns, At safepoint: 8748 ns, Total: 78174 ns
[2024-02-09T00:02:52.257+0000][7][safepoint   ] Safepoint "Cleanup", Time since last: 2000388379 ns, Reaching safepoint: 116242 ns, At safepoint: 7151 ns, Total: 123393 ns
[2024-02-09T00:02:53.258+0000][7][safepoint   ] Safepoint "Cleanup", Time since last: 1000229085 ns, Reaching safepoint: 81581 ns, At safepoint: 12074 ns, Total: 93655 ns
[2024-02-09T00:02:57.998+0000][7][gc,start    ] GC(19) Pause Young (Normal) (G1 Evacuation Pause)
[2024-02-09T00:02:57.998+0000][7][gc,task     ] GC(19) Using 8 workers of 8 for evacuation
[2024-02-09T00:02:57.998+0000][7][gc,age      ] GC(19) Desired survivor size 41943040 bytes, new threshold 15 (max threshold 15)
[2024-02-09T00:02:58.010+0000][7][gc,phases   ] GC(19)   Pre Evacuate Collection Set: 0.1ms
[2024-02-09T00:02:58.010+0000][7][gc,phases   ] GC(19)   Merge Heap Roots: 0.1ms
[2024-02-09T00:02:58.010+0000][7][gc,phases   ] GC(19)   Evacuate Collection Set: 11.0ms
[2024-02-09T00:02:58.010+0000][7][gc,phases   ] GC(19)   Post Evacuate Collection Set: 1.2ms
[2024-02-09T00:02:58.010+0000][7][gc,phases   ] GC(19)   Other: 0.1ms
[2024-02-09T00:02:58.010+0000][7][gc,age      ] GC(19) Age table with threshold 15 (max threshold 15)
[2024-02-09T00:02:58.010+0000][7][gc,age      ] GC(19) - age   1:    2669352 bytes,    2669352 total
[2024-02-09T00:02:58.010+0000][7][gc,age      ] GC(19) - age   2:     271600 bytes,    2940952 total
[2024-02-09T00:02:58.010+0000][7][gc,age      ] GC(19) - age   3:      21824 bytes,    2962776 total
[2024-02-09T00:02:58.010+0000][7][gc,age      ] GC(19) - age   4:    1898960 bytes,    4861736 total
[2024-02-09T00:02:58.010+0000][7][gc,age      ] GC(19) - age   5:    3290312 bytes,    8152048 total
[2024-02-09T00:02:58.010+0000][7][gc,age      ] GC(19) - age   6:    5858392 bytes,   14010440 total
[2024-02-09T00:02:58.010+0000][7][gc,age      ] GC(19) - age   7:      16304 bytes,   14026744 total
[2024-02-09T00:02:58.010+0000][7][gc,age      ] GC(19) - age   8:   12107192 bytes,   26133936 total
[2024-02-09T00:02:58.010+0000][7][gc,heap     ] GC(19) Eden regions: 146->0(146)
[2024-02-09T00:02:58.010+0000][7][gc,heap     ] GC(19) Survivor regions: 7->7(20)
[2024-02-09T00:02:58.010+0000][7][gc,heap     ] GC(19) Old regions: 16->16
[2024-02-09T00:02:58.010+0000][7][gc,heap     ] GC(19) Archive regions: 2->2
[2024-02-09T00:02:58.010+0000][7][gc,heap     ] GC(19) Humongous regions: 0->0
[2024-02-09T00:02:58.010+0000][7][gc,metaspace] GC(19) Metaspace: 126984K(130816K)->126984K(130816K) NonClass: 110181K(112192K)->110181K(112192K) Class: 16802K(18624K)->16802K(18624K)
[2024-02-09T00:02:58.010+0000][7][gc          ] GC(19) Pause Young (Normal) (G1 Evacuation Pause) 676M->92M(1024M) 12.718ms
[2024-02-09T00:02:58.010+0000][7][gc,cpu      ] GC(19) User=0.08s Sys=0.00s Real=0.01s
[2024-02-09T00:02:58.010+0000][7][safepoint   ] Safepoint "G1CollectForAllocation", Time since last: 4739739706 ns, Reaching safepoint: 49688 ns, At safepoint: 12793368 ns, Total: 12843056 ns
[2024-02-09T00:03:00.011+0000][7][safepoint   ] Safepoint "Cleanup", Time since last: 2000360318 ns, Reaching safepoint: 105780 ns, At safepoint: 8564 ns, Total: 114344 ns
[2024-02-09T00:03:03.011+0000][7][safepoint   ] Safepoint "Cleanup", Time since last: 3000427558 ns, Reaching safepoint: 75996 ns, At safepoint: 9661 ns, Total: 85657 ns
[2024-02-09T00:03:05.012+0000][7][safepoint   ] Safepoint "Cleanup", Time since last: 2000362926 ns, Reaching safepoint: 98705 ns, At safepoint: 8206 ns, Total: 106911 ns
[2024-02-09T00:03:07.012+0000][7][safepoint   ] Safepoint "Cleanup", Time since last: 2000483185 ns, Reaching safepoint: 68908 ns, At safepoint: 6664 ns, Total: 75572 ns
[2024-02-09T00:03:10.013+0000][7][safepoint   ] Safepoint "Cleanup", Time since last: 3000412395 ns, Reaching safepoint: 66384 ns, At safepoint: 5749 ns, Total: 72133 ns
[2024-02-09T00:03:11.013+0000][7][safepoint   ] Safepoint "Cleanup", Time since last: 1000141736 ns, Reaching safepoint: 79781 ns, At safepoint: 7070 ns, Total: 86851 ns
[2024-02-09T00:03:16.014+0000][7][safepoint   ] Safepoint "Cleanup", Time since last: 5000623426 ns, Reaching safepoint: 165806 ns, At safepoint: 8301 ns, Total: 174107 ns
[2024-02-09T00:03:17.014+0000][7][safepoint   ] Safepoint "Cleanup", Time since last: 1000170737 ns, Reaching safepoint: 73988 ns, At safepoint: 16563 ns, Total: 90551 ns
[2024-02-09T00:03:20.015+0000][7][safepoint   ] Safepoint "Cleanup", Time since last: 3000435144 ns, Reaching safepoint: 95923 ns, At safepoint: 9900 ns, Total: 105823 ns
[2024-02-09T00:03:22.015+0000][7][safepoint   ] Safepoint "Cleanup", Time since last: 2000466556 ns, Reaching safepoint: 67634 ns, At safepoint: 8000 ns, Total: 75634 ns
[2024-02-09T00:03:23.016+0000][7][safepoint   ] Safepoint "Cleanup", Time since last: 1000249176 ns, Reaching safepoint: 88553 ns, At safepoint: 11037 ns, Total: 99590 ns
[2024-02-09T00:03:25.016+0000][7][safepoint   ] Safepoint "Cleanup", Time since last: 2000357745 ns, Reaching safepoint: 127383 ns, At safepoint: 7441 ns, Total: 134824 ns
[2024-02-09T00:03:26.016+0000][7][safepoint   ] Safepoint "Cleanup", Time since last: 1000262991 ns, Reaching safepoint: 75062 ns, At safepoint: 8071 ns, Total: 83133 ns
[2024-02-09T00:03:28.017+0000][7][safepoint   ] Safepoint "Cleanup", Time since last: 2000289057 ns, Reaching safepoint: 125126 ns, At safepoint: 8568 ns, Total: 133694 ns
[2024-02-09T00:03:29.017+0000][7][safepoint   ] Safepoint "Cleanup", Time since last: 1000145855 ns, Reaching safepoint: 67187 ns, At safepoint: 8735 ns, Total: 75922 ns
[2024-02-09T00:03:33.018+0000][7][safepoint   ] Safepoint "Cleanup", Time since last: 4000414891 ns, Reaching safepoint: 67848 ns, At safepoint: 6882 ns, Total: 74730 ns
[2024-02-09T00:03:35.018+0000][7][safepoint   ] Safepoint "Cleanup", Time since last: 2000188227 ns, Reaching safepoint: 70862 ns, At safepoint: 7126 ns, Total: 77988 ns
[2024-02-09T00:03:37.018+0000][7][safepoint   ] Safepoint "Cleanup", Time since last: 2000424629 ns, Reaching safepoint: 89126 ns, At safepoint: 5072 ns, Total: 94198 ns
[2024-02-09T00:03:38.019+0000][7][safepoint   ] Safepoint "Cleanup", Time since last: 1000136109 ns, Reaching safepoint: 95967 ns, At safepoint: 17761 ns, Total: 113728 ns
[2024-02-09T00:03:40.019+0000][7][safepoint   ] Safepoint "Cleanup", Time since last: 2000290724 ns, Reaching safepoint: 121775 ns, At safepoint: 10280 ns, Total: 132055 ns
[2024-02-09T00:03:41.019+0000][7][safepoint   ] Safepoint "Cleanup", Time since last: 1000148699 ns, Reaching safepoint: 63398 ns, At safepoint: 6172 ns, Total: 69570 ns
[2024-02-09T00:03:43.020+0000][7][safepoint   ] Safepoint "Cleanup", Time since last: 2000236656 ns, Reaching safepoint: 61574 ns, At safepoint: 6272 ns, Total: 67846 ns
[2024-02-09T00:03:46.020+0000][7][safepoint   ] Safepoint "Cleanup", Time since last: 3000511474 ns, Reaching safepoint: 91735 ns, At safepoint: 6514 ns, Total: 98249 ns
[2024-02-09T00:03:47.020+0000][7][safepoint   ] Safepoint "Cleanup", Time since last: 1000130349 ns, Reaching safepoint: 128379 ns, At safepoint: 5964 ns, Total: 134343 ns
[2024-02-09T00:03:48.021+0000][7][safepoint   ] Safepoint "Cleanup", Time since last: 1000157923 ns, Reaching safepoint: 48191 ns, At safepoint: 4873 ns, Total: 53064 ns
[2024-02-09T00:03:53.021+0000][7][safepoint   ] Safepoint "Cleanup", Time since last: 5000458012 ns, Reaching safepoint: 113164 ns, At safepoint: 8379 ns, Total: 121543 ns
[2024-02-09T00:03:59.022+0000][7][safepoint   ] Safepoint "Cleanup", Time since last: 6000716726 ns, Reaching safepoint: 109758 ns, At safepoint: 10302 ns, Total: 120060 ns
[2024-02-09T00:04:01.023+0000][7][safepoint   ] Safepoint "Cleanup", Time since last: 2000353299 ns, Reaching safepoint: 69295 ns, At safepoint: 14260 ns, Total: 83555 ns
[2024-02-09T00:04:03.023+0000][7][safepoint   ] Safepoint "Cleanup", Time since last: 2000403296 ns, Reaching safepoint: 116494 ns, At safepoint: 9401 ns, Total: 125895 ns
[2024-02-09T00:04:04.023+0000][7][safepoint   ] Safepoint "Cleanup", Time since last: 1000219370 ns, Reaching safepoint: 64256 ns, At safepoint: 9140 ns, Total: 73396 ns
[2024-02-09T00:04:05.024+0000][7][safepoint   ] Safepoint "Cleanup", Time since last: 1000273428 ns, Reaching safepoint: 91811 ns, At safepoint: 9227 ns, Total: 101038 ns
[2024-02-09T00:04:07.024+0000][7][safepoint   ] Safepoint "Cleanup", Time since last: 2000408168 ns, Reaching safepoint: 80436 ns, At safepoint: 5649 ns, Total: 86085 ns
[2024-02-09T00:04:08.025+0000][7][safepoint   ] Safepoint "Cleanup", Time since last: 1000238996 ns, Reaching safepoint: 117292 ns, At safepoint: 10260 ns, Total: 127552 ns
[2024-02-09T00:04:16.025+0000][7][safepoint   ] Safepoint "Cleanup", Time since last: 8000788836 ns, Reaching safepoint: 123357 ns, At safepoint: 14801 ns, Total: 138158 ns
[2024-02-09T00:04:17.026+0000][7][safepoint   ] Safepoint "Cleanup", Time since last: 1000245806 ns, Reaching safepoint: 86511 ns, At safepoint: 9759 ns, Total: 96270 ns
[2024-02-09T00:04:18.026+0000][7][safepoint   ] Safepoint "Cleanup", Time since last: 1000283606 ns, Reaching safepoint: 83746 ns, At safepoint: 12215 ns, Total: 95961 ns
[2024-02-09T00:04:19.027+0000][7][safepoint   ] Safepoint "Cleanup", Time since last: 1000252394 ns, Reaching safepoint: 77630 ns, At safepoint: 11180 ns, Total: 88810 ns
[2024-02-09T00:04:20.575+0000][7][safepoint   ] Safepoint "Cleanup", Time since last: 1548044480 ns, Reaching safepoint: 161023 ns, At safepoint: 9703 ns, Total: 170726 ns
[2024-02-09T00:04:22.575+0000][7][safepoint   ] Safepoint "Cleanup", Time since last: 2000402824 ns, Reaching safepoint: 120250 ns, At safepoint: 9430 ns, Total: 129680 ns
[2024-02-09T00:04:28.577+0000][7][safepoint   ] Safepoint "Cleanup", Time since last: 6001222332 ns, Reaching safepoint: 152424 ns, At safepoint: 13330 ns, Total: 165754 ns
[2024-02-09T00:04:29.577+0000][7][safepoint   ] Safepoint "Cleanup", Time since last: 1000143571 ns, Reaching safepoint: 76339 ns, At safepoint: 11003 ns, Total: 87342 ns
[2024-02-09T00:04:32.577+0000][7][safepoint   ] Safepoint "Cleanup", Time since last: 3000345697 ns, Reaching safepoint: 116075 ns, At safepoint: 7481 ns, Total: 123556 ns
[2024-02-09T00:04:37.578+0000][7][safepoint   ] Safepoint "Cleanup", Time since last: 5000775566 ns, Reaching safepoint: 120939 ns, At safepoint: 6999 ns, Total: 127938 ns
[2024-02-09T00:04:40.579+0000][7][safepoint   ] Safepoint "Cleanup", Time since last: 3000639705 ns, Reaching safepoint: 84174 ns, At safepoint: 9851 ns, Total: 94025 ns
[2024-02-09T00:04:42.580+0000][7][safepoint   ] Safepoint "Cleanup", Time since last: 2000427214 ns, Reaching safepoint: 133487 ns, At safepoint: 13045 ns, Total: 146532 ns
[2024-02-09T00:04:44.580+0000][7][safepoint   ] Safepoint "Cleanup", Time since last: 2000457276 ns, Reaching safepoint: 118860 ns, At safepoint: 7403 ns, Total: 126263 ns
[2024-02-09T00:04:46.341+0000][7][safepoint   ] Safepoint "Cleanup", Time since last: 1760850933 ns, Reaching safepoint: 142694 ns, At safepoint: 12338 ns, Total: 155032 ns
[2024-02-09T00:04:49.342+0000][7][safepoint   ] Safepoint "Cleanup", Time since last: 3000348403 ns, Reaching safepoint: 93852 ns, At safepoint: 7238 ns, Total: 101090 ns
[2024-02-09T00:04:53.342+0000][7][safepoint   ] Safepoint "Cleanup", Time since last: 4000688784 ns, Reaching safepoint: 118647 ns, At safepoint: 9780 ns, Total: 128427 ns
[2024-02-09T00:04:57.343+0000][7][safepoint   ] Safepoint "Cleanup", Time since last: 4000630068 ns, Reaching safepoint: 131163 ns, At safepoint: 12508 ns, Total: 143671 ns
[2024-02-09T00:04:58.348+0000][7][safepoint   ] Safepoint "Cleanup", Time since last: 1004277993 ns, Reaching safepoint: 92564 ns, At safepoint: 8022 ns, Total: 100586 ns
[2024-02-09T00:05:00.348+0000][7][safepoint   ] Safepoint "Cleanup", Time since last: 2000232331 ns, Reaching safepoint: 44008 ns, At safepoint: 4299 ns, Total: 48307 ns
[2024-02-09T00:05:04.349+0000][7][safepoint   ] Safepoint "Cleanup", Time since last: 4000695673 ns, Reaching safepoint: 101935 ns, At safepoint: 5462 ns, Total: 107397 ns
[2024-02-09T00:05:07.349+0000][7][safepoint   ] Safepoint "Cleanup", Time since last: 3000270034 ns, Reaching safepoint: 117928 ns, At safepoint: 17313 ns, Total: 135241 ns
[2024-02-09T00:05:10.350+0000][7][safepoint   ] Safepoint "Cleanup", Time since last: 3000316156 ns, Reaching safepoint: 148460 ns, At safepoint: 10399 ns, Total: 158859 ns
[2024-02-09T00:05:11.350+0000][7][safepoint   ] Safepoint "Cleanup", Time since last: 1000152304 ns, Reaching safepoint: 199420 ns, At safepoint: 19694 ns, Total: 219114 ns
[2024-02-09T00:05:13.350+0000][7][safepoint   ] Safepoint "Cleanup", Time since last: 2000205784 ns, Reaching safepoint: 99284 ns, At safepoint: 12836 ns, Total: 112120 ns
[2024-02-09T00:05:22.352+0000][7][safepoint   ] Safepoint "Cleanup", Time since last: 9001405974 ns, Reaching safepoint: 74190 ns, At safepoint: 6707 ns, Total: 80897 ns
[2024-02-09T00:05:28.353+0000][7][safepoint   ] Safepoint "Cleanup", Time since last: 6001051993 ns, Reaching safepoint: 107258 ns, At safepoint: 6621 ns, Total: 113879 ns
[2024-02-09T00:05:30.353+0000][7][safepoint   ] Safepoint "Cleanup", Time since last: 2000371289 ns, Reaching safepoint: 83214 ns, At safepoint: 10523 ns, Total: 93737 ns
[2024-02-09T00:05:32.354+0000][7][safepoint   ] Safepoint "Cleanup", Time since last: 2000387507 ns, Reaching safepoint: 87339 ns, At safepoint: 10822 ns, Total: 98161 ns
[2024-02-09T00:05:37.355+0000][7][safepoint   ] Safepoint "Cleanup", Time since last: 5000963163 ns, Reaching safepoint: 115068 ns, At safepoint: 6890 ns, Total: 121958 ns
[2024-02-09T00:05:40.356+0000][7][safepoint   ] Safepoint "Cleanup", Time since last: 3000459695 ns, Reaching safepoint: 135295 ns, At safepoint: 6084 ns, Total: 141379 ns
[2024-02-09T00:05:43.356+0000][7][safepoint   ] Safepoint "Cleanup", Time since last: 3000662217 ns, Reaching safepoint: 119764 ns, At safepoint: 12694 ns, Total: 132458 ns
[2024-02-09T00:05:46.357+0000][7][safepoint   ] Safepoint "Cleanup", Time since last: 3000707034 ns, Reaching safepoint: 79963 ns, At safepoint: 7527 ns, Total: 87490 ns
[2024-02-09T00:05:58.359+0000][7][safepoint   ] Safepoint "Cleanup", Time since last: 12001914474 ns, Reaching safepoint: 52633 ns, At safepoint: 5495 ns, Total: 58128 ns
[2024-02-09T00:06:04.360+0000][7][safepoint   ] Safepoint "Cleanup", Time since last: 6000904579 ns, Reaching safepoint: 111833 ns, At safepoint: 5809 ns, Total: 117642 ns
[2024-02-09T00:06:05.360+0000][7][safepoint   ] Safepoint "Cleanup", Time since last: 1000125383 ns, Reaching safepoint: 70615 ns, At safepoint: 5448 ns, Total: 76063 ns
[2024-02-09T00:06:16.362+0000][7][safepoint   ] Safepoint "Cleanup", Time since last: 11001084974 ns, Reaching safepoint: 96875 ns, At safepoint: 7728 ns, Total: 104603 ns
[2024-02-09T00:06:19.362+0000][7][safepoint   ] Safepoint "Cleanup", Time since last: 3000373925 ns, Reaching safepoint: 60897 ns, At safepoint: 3794 ns, Total: 64691 ns
[2024-02-09T00:06:22.363+0000][7][safepoint   ] Safepoint "Cleanup", Time since last: 3000448335 ns, Reaching safepoint: 89968 ns, At safepoint: 8327 ns, Total: 98295 ns
[2024-02-09T00:06:22.531+0000][7][gc,start    ] GC(20) Pause Young (Normal) (G1 Evacuation Pause)
[2024-02-09T00:06:22.531+0000][7][gc,task     ] GC(20) Using 8 workers of 8 for evacuation
[2024-02-09T00:06:22.531+0000][7][gc,age      ] GC(20) Desired survivor size 41943040 bytes, new threshold 15 (max threshold 15)
[2024-02-09T00:06:22.547+0000][7][gc,phases   ] GC(20)   Pre Evacuate Collection Set: 0.1ms
[2024-02-09T00:06:22.547+0000][7][gc,phases   ] GC(20)   Merge Heap Roots: 0.1ms
[2024-02-09T00:06:22.547+0000][7][gc,phases   ] GC(20)   Evacuate Collection Set: 14.1ms
[2024-02-09T00:06:22.547+0000][7][gc,phases   ] GC(20)   Post Evacuate Collection Set: 1.7ms
[2024-02-09T00:06:22.547+0000][7][gc,phases   ] GC(20)   Other: 0.1ms
[2024-02-09T00:06:22.547+0000][7][gc,age      ] GC(20) Age table with threshold 15 (max threshold 15)
[2024-02-09T00:06:22.547+0000][7][gc,age      ] GC(20) - age   1:    1864440 bytes,    1864440 total
[2024-02-09T00:06:22.547+0000][7][gc,age      ] GC(20) - age   2:    1478216 bytes,    3342656 total
[2024-02-09T00:06:22.547+0000][7][gc,age      ] GC(20) - age   3:     269488 bytes,    3612144 total
[2024-02-09T00:06:22.547+0000][7][gc,age      ] GC(20) - age   4:      21824 bytes,    3633968 total
[2024-02-09T00:06:22.547+0000][7][gc,age      ] GC(20) - age   5:    1897440 bytes,    5531408 total
[2024-02-09T00:06:22.547+0000][7][gc,age      ] GC(20) - age   6:    3290312 bytes,    8821720 total
[2024-02-09T00:06:22.547+0000][7][gc,age      ] GC(20) - age   7:    5858392 bytes,   14680112 total
[2024-02-09T00:06:22.547+0000][7][gc,age      ] GC(20) - age   8:      16304 bytes,   14696416 total
[2024-02-09T00:06:22.547+0000][7][gc,age      ] GC(20) - age   9:   12107192 bytes,   26803608 total
[2024-02-09T00:06:22.547+0000][7][gc,heap     ] GC(20) Eden regions: 146->0(146)
[2024-02-09T00:06:22.547+0000][7][gc,heap     ] GC(20) Survivor regions: 7->7(20)
[2024-02-09T00:06:22.547+0000][7][gc,heap     ] GC(20) Old regions: 16->16
[2024-02-09T00:06:22.547+0000][7][gc,heap     ] GC(20) Archive regions: 2->2
[2024-02-09T00:06:22.547+0000][7][gc,heap     ] GC(20) Humongous regions: 0->0
[2024-02-09T00:06:22.547+0000][7][gc,metaspace] GC(20) Metaspace: 127100K(130880K)->127100K(130880K) NonClass: 110297K(112256K)->110297K(112256K) Class: 16802K(18624K)->16802K(18624K)
[2024-02-09T00:06:22.548+0000][7][gc          ] GC(20) Pause Young (Normal) (G1 Evacuation Pause) 676M->93M(1024M) 16.448ms
[2024-02-09T00:06:22.548+0000][7][gc,cpu      ] GC(20) User=0.11s Sys=0.00s Real=0.02s
[2024-02-09T00:06:22.548+0000][7][safepoint   ] Safepoint "G1CollectForAllocation", Time since last: 168438411 ns, Reaching safepoint: 76156 ns, At safepoint: 16545333 ns, Total: 16621489 ns
[2024-02-09T00:06:27.548+0000][7][safepoint   ] Safepoint "Cleanup", Time since last: 5000633915 ns, Reaching safepoint: 109002 ns, At safepoint: 7329 ns, Total: 116331 ns
[2024-02-09T00:06:29.549+0000][7][safepoint   ] Safepoint "Cleanup", Time since last: 2000290264 ns, Reaching safepoint: 50472 ns, At safepoint: 6715 ns, Total: 57187 ns
[2024-02-09T00:06:30.549+0000][7][safepoint   ] Safepoint "Cleanup", Time since last: 1000128080 ns, Reaching safepoint: 62975 ns, At safepoint: 7647 ns, Total: 70622 ns
[2024-02-09T00:06:37.550+0000][7][safepoint   ] Safepoint "Cleanup", Time since last: 7000783181 ns, Reaching safepoint: 51349 ns, At safepoint: 3365 ns, Total: 54714 ns
[2024-02-09T00:06:40.550+0000][7][safepoint   ] Safepoint "Cleanup", Time since last: 3000294247 ns, Reaching safepoint: 45852 ns, At safepoint: 8787 ns, Total: 54639 ns
[2024-02-09T00:06:42.550+0000][7][safepoint   ] Safepoint "Cleanup", Time since last: 2000226518 ns, Reaching safepoint: 81402 ns, At safepoint: 21558 ns, Total: 102960 ns
[2024-02-09T00:06:52.551+0000][7][safepoint   ] Safepoint "Cleanup", Time since last: 10000853483 ns, Reaching safepoint: 65684 ns, At safepoint: 6018 ns, Total: 71702 ns
[2024-02-09T00:06:53.552+0000][7][safepoint   ] Safepoint "Cleanup", Time since last: 1000225570 ns, Reaching safepoint: 85274 ns, At safepoint: 14740 ns, Total: 100014 ns
[2024-02-09T00:06:55.552+0000][7][safepoint   ] Safepoint "Cleanup", Time since last: 2000187465 ns, Reaching safepoint: 67503 ns, At safepoint: 6980 ns, Total: 74483 ns
[2024-02-09T00:06:58.553+0000][7][safepoint   ] Safepoint "Cleanup", Time since last: 3000617115 ns, Reaching safepoint: 121151 ns, At safepoint: 8462 ns, Total: 129613 ns
[2024-02-09T00:06:59.553+0000][7][safepoint   ] Safepoint "Cleanup", Time since last: 1000140120 ns, Reaching safepoint: 77921 ns, At safepoint: 6836 ns, Total: 84757 ns
[2024-02-09T00:07:07.554+0000][7][safepoint   ] Safepoint "Cleanup", Time since last: 8000943028 ns, Reaching safepoint: 109314 ns, At safepoint: 7518 ns, Total: 116832 ns
[2024-02-09T00:07:13.555+0000][7][safepoint   ] Safepoint "Cleanup", Time since last: 6001138462 ns, Reaching safepoint: 127489 ns, At safepoint: 8678 ns, Total: 136167 ns
[2024-02-09T00:07:16.556+0000][7][safepoint   ] Safepoint "Cleanup", Time since last: 3000589697 ns, Reaching safepoint: 118747 ns, At safepoint: 10806 ns, Total: 129553 ns
[2024-02-09T00:07:17.556+0000][7][safepoint   ] Safepoint "Cleanup", Time since last: 1000267655 ns, Reaching safepoint: 88359 ns, At safepoint: 8689 ns, Total: 97048 ns
[2024-02-09T00:07:22.557+0000][7][safepoint   ] Safepoint "Cleanup", Time since last: 5000718365 ns, Reaching safepoint: 103411 ns, At safepoint: 10071 ns, Total: 113482 ns
[2024-02-09T00:07:29.559+0000][7][safepoint   ] Safepoint "Cleanup", Time since last: 7001335544 ns, Reaching safepoint: 86743 ns, At safepoint: 11342 ns, Total: 98085 ns
[2024-02-09T00:07:37.560+0000][7][safepoint   ] Safepoint "Cleanup", Time since last: 8001110599 ns, Reaching safepoint: 113909 ns, At safepoint: 11866 ns, Total: 125775 ns
[2024-02-09T00:07:40.560+0000][7][safepoint   ] Safepoint "Cleanup", Time since last: 3000416904 ns, Reaching safepoint: 75971 ns, At safepoint: 7694 ns, Total: 83665 ns
[2024-02-09T00:07:46.561+0000][7][safepoint   ] Safepoint "Cleanup", Time since last: 6000669598 ns, Reaching safepoint: 124146 ns, At safepoint: 8940 ns, Total: 133086 ns
[2024-02-09T00:07:49.562+0000][7][safepoint   ] Safepoint "Cleanup", Time since last: 3000338014 ns, Reaching safepoint: 107567 ns, At safepoint: 13097 ns, Total: 120664 ns
[2024-02-09T00:07:52.562+0000][7][safepoint   ] Safepoint "Cleanup", Time since last: 3000307516 ns, Reaching safepoint: 117129 ns, At safepoint: 7596 ns, Total: 124725 ns
[2024-02-09T00:07:53.562+0000][7][safepoint   ] Safepoint "Cleanup", Time since last: 1000149361 ns, Reaching safepoint: 58249 ns, At safepoint: 6787 ns, Total: 65036 ns
[2024-02-09T00:07:58.563+0000][7][safepoint   ] Safepoint "Cleanup", Time since last: 5000685409 ns, Reaching safepoint: 111223 ns, At safepoint: 7380 ns, Total: 118603 ns
[2024-02-09T00:08:01.564+0000][7][safepoint   ] Safepoint "Cleanup", Time since last: 3000587273 ns, Reaching safepoint: 72993 ns, At safepoint: 8482 ns, Total: 81475 ns
[2024-02-09T00:08:04.564+0000][7][safepoint   ] Safepoint "Cleanup", Time since last: 3000490205 ns, Reaching safepoint: 69854 ns, At safepoint: 6797 ns, Total: 76651 ns
[2024-02-09T00:08:05.565+0000][7][safepoint   ] Safepoint "Cleanup", Time since last: 1000290120 ns, Reaching safepoint: 95395 ns, At safepoint: 11397 ns, Total: 106792 ns
[2024-02-09T00:08:10.565+0000][7][safepoint   ] Safepoint "Cleanup", Time since last: 5000719226 ns, Reaching safepoint: 113473 ns, At safepoint: 8105 ns, Total: 121578 ns
[2024-02-09T00:08:16.566+0000][7][safepoint   ] Safepoint "Cleanup", Time since last: 6000606537 ns, Reaching safepoint: 100225 ns, At safepoint: 7678 ns, Total: 107903 ns
[2024-02-09T00:08:29.569+0000][7][safepoint   ] Safepoint "Cleanup", Time since last: 13002175913 ns, Reaching safepoint: 117119 ns, At safepoint: 31013 ns, Total: 148132 ns
[2024-02-09T00:08:31.569+0000][7][safepoint   ] Safepoint "Cleanup", Time since last: 2000245305 ns, Reaching safepoint: 86446 ns, At safepoint: 10413 ns, Total: 96859 ns
[2024-02-09T00:08:34.569+0000][7][safepoint   ] Safepoint "Cleanup", Time since last: 3000428107 ns, Reaching safepoint: 82894 ns, At safepoint: 12112 ns, Total: 95006 ns
[2024-02-09T00:08:37.570+0000][7][safepoint   ] Safepoint "Cleanup", Time since last: 3000551772 ns, Reaching safepoint: 104104 ns, At safepoint: 8118 ns, Total: 112222 ns
[2024-02-09T00:08:43.571+0000][7][safepoint   ] Safepoint "Cleanup", Time since last: 6001123481 ns, Reaching safepoint: 138957 ns, At safepoint: 12086 ns, Total: 151043 ns
[2024-02-09T00:08:57.573+0000][7][safepoint   ] Safepoint "Cleanup", Time since last: 14001799068 ns, Reaching safepoint: 118424 ns, At safepoint: 18347 ns, Total: 136771 ns
[2024-02-09T00:08:58.573+0000][7][safepoint   ] Safepoint "Cleanup", Time since last: 1000148809 ns, Reaching safepoint: 72703 ns, At safepoint: 9435 ns, Total: 82138 ns
[2024-02-09T00:08:59.574+0000][7][safepoint   ] Safepoint "Cleanup", Time since last: 1000252605 ns, Reaching safepoint: 67732 ns, At safepoint: 10084 ns, Total: 77816 ns
[2024-02-09T00:09:01.574+0000][7][safepoint   ] Safepoint "Cleanup", Time since last: 2000222422 ns, Reaching safepoint: 86870 ns, At safepoint: 7771 ns, Total: 94641 ns
[2024-02-09T00:09:04.575+0000][7][safepoint   ] Safepoint "Cleanup", Time since last: 3000337596 ns, Reaching safepoint: 72887 ns, At safepoint: 8015 ns, Total: 80902 ns
[2024-02-09T00:09:13.576+0000][7][safepoint   ] Safepoint "Cleanup", Time since last: 9001370469 ns, Reaching safepoint: 111171 ns, At safepoint: 7477 ns, Total: 118648 ns
[2024-02-09T00:09:31.579+0000][7][safepoint   ] Safepoint "Cleanup", Time since last: 18002825534 ns, Reaching safepoint: 98400 ns, At safepoint: 24531 ns, Total: 122931 ns
[2024-02-09T00:09:37.580+0000][7][safepoint   ] Safepoint "Cleanup", Time since last: 6000926908 ns, Reaching safepoint: 120243 ns, At safepoint: 6948 ns, Total: 127191 ns
[2024-02-09T00:09:43.581+0000][7][safepoint   ] Safepoint "Cleanup", Time since last: 6000546619 ns, Reaching safepoint: 113812 ns, At safepoint: 8303 ns, Total: 122115 ns
[2024-02-09T00:09:55.021+0000][7][gc,start    ] GC(21) Pause Young (Normal) (G1 Evacuation Pause)
[2024-02-09T00:09:55.021+0000][7][gc,task     ] GC(21) Using 8 workers of 8 for evacuation
[2024-02-09T00:09:55.021+0000][7][gc,age      ] GC(21) Desired survivor size 41943040 bytes, new threshold 15 (max threshold 15)
[2024-02-09T00:09:55.038+0000][7][gc,phases   ] GC(21)   Pre Evacuate Collection Set: 0.1ms
[2024-02-09T00:09:55.038+0000][7][gc,phases   ] GC(21)   Merge Heap Roots: 0.1ms
[2024-02-09T00:09:55.038+0000][7][gc,phases   ] GC(21)   Evacuate Collection Set: 15.0ms
[2024-02-09T00:09:55.038+0000][7][gc,phases   ] GC(21)   Post Evacuate Collection Set: 2.1ms
[2024-02-09T00:09:55.038+0000][7][gc,phases   ] GC(21)   Other: 0.2ms
[2024-02-09T00:09:55.038+0000][7][gc,age      ] GC(21) Age table with threshold 15 (max threshold 15)
[2024-02-09T00:09:55.038+0000][7][gc,age      ] GC(21) - age   1:     723920 bytes,     723920 total
[2024-02-09T00:09:55.038+0000][7][gc,age      ] GC(21) - age   2:      33680 bytes,     757600 total
[2024-02-09T00:09:55.038+0000][7][gc,age      ] GC(21) - age   3:    1476648 bytes,    2234248 total
[2024-02-09T00:09:55.038+0000][7][gc,age      ] GC(21) - age   4:     264608 bytes,    2498856 total
[2024-02-09T00:09:55.038+0000][7][gc,age      ] GC(21) - age   5:      21824 bytes,    2520680 total
[2024-02-09T00:09:55.038+0000][7][gc,age      ] GC(21) - age   6:    1875216 bytes,    4395896 total
[2024-02-09T00:09:55.038+0000][7][gc,age      ] GC(21) - age   7:    3197912 bytes,    7593808 total
[2024-02-09T00:09:55.038+0000][7][gc,age      ] GC(21) - age   8:    5809984 bytes,   13403792 total
[2024-02-09T00:09:55.038+0000][7][gc,age      ] GC(21) - age   9:      16304 bytes,   13420096 total
[2024-02-09T00:09:55.038+0000][7][gc,age      ] GC(21) - age  10:   11889968 bytes,   25310064 total
[2024-02-09T00:09:55.038+0000][7][gc,heap     ] GC(21) Eden regions: 146->0(146)
[2024-02-09T00:09:55.038+0000][7][gc,heap     ] GC(21) Survivor regions: 7->7(20)
[2024-02-09T00:09:55.038+0000][7][gc,heap     ] GC(21) Old regions: 16->16
[2024-02-09T00:09:55.038+0000][7][gc,heap     ] GC(21) Archive regions: 2->2
[2024-02-09T00:09:55.038+0000][7][gc,heap     ] GC(21) Humongous regions: 0->0
[2024-02-09T00:09:55.038+0000][7][gc,metaspace] GC(21) Metaspace: 127200K(131008K)->127200K(131008K) NonClass: 110397K(112384K)->110397K(112384K) Class: 16802K(18624K)->16802K(18624K)
[2024-02-09T00:09:55.038+0000][7][gc          ] GC(21) Pause Young (Normal) (G1 Evacuation Pause) 677M->92M(1024M) 17.927ms
[2024-02-09T00:09:55.038+0000][7][gc,cpu      ] GC(21) User=0.11s Sys=0.00s Real=0.02s
[2024-02-09T00:09:55.039+0000][7][safepoint   ] Safepoint "G1CollectForAllocation", Time since last: 11439631560 ns, Reaching safepoint: 113923 ns, At safepoint: 18067068 ns, Total: 18180991 ns
[2024-02-09T00:10:05.040+0000][7][safepoint   ] Safepoint "Cleanup", Time since last: 10001319471 ns, Reaching safepoint: 77087 ns, At safepoint: 23356 ns, Total: 100443 ns
[2024-02-09T00:10:13.041+0000][7][safepoint   ] Safepoint "Cleanup", Time since last: 8000868913 ns, Reaching safepoint: 158052 ns, At safepoint: 7214 ns, Total: 165266 ns
[2024-02-09T00:10:16.041+0000][7][safepoint   ] Safepoint "Cleanup", Time since last: 3000257262 ns, Reaching safepoint: 69296 ns, At safepoint: 8071 ns, Total: 77367 ns
[2024-02-09T00:10:19.042+0000][7][safepoint   ] Safepoint "Cleanup", Time since last: 3000300577 ns, Reaching safepoint: 131372 ns, At safepoint: 7677 ns, Total: 139049 ns
[2024-02-09T00:10:26.043+0000][7][safepoint   ] Safepoint "Cleanup", Time since last: 7000870385 ns, Reaching safepoint: 70241 ns, At safepoint: 5741 ns, Total: 75982 ns
[2024-02-09T00:10:27.043+0000][7][safepoint   ] Safepoint "Cleanup", Time since last: 1000150601 ns, Reaching safepoint: 71294 ns, At safepoint: 9701 ns, Total: 80995 ns
[2024-02-09T00:10:28.043+0000][7][safepoint   ] Safepoint "Cleanup", Time since last: 1000230783 ns, Reaching safepoint: 82075 ns, At safepoint: 7465 ns, Total: 89540 ns
[2024-02-09T00:10:30.044+0000][7][safepoint   ] Safepoint "Cleanup", Time since last: 2000203217 ns, Reaching safepoint: 83167 ns, At safepoint: 6258 ns, Total: 89425 ns
[2024-02-09T00:10:37.045+0000][7][safepoint   ] Safepoint "Cleanup", Time since last: 7000871042 ns, Reaching safepoint: 144819 ns, At safepoint: 5424 ns, Total: 150243 ns
[2024-02-09T00:10:38.045+0000][7][safepoint   ] Safepoint "Cleanup", Time since last: 1000117091 ns, Reaching safepoint: 55814 ns, At safepoint: 9422 ns, Total: 65236 ns
[2024-02-09T00:10:43.045+0000][7][safepoint   ] Safepoint "Cleanup", Time since last: 5000536707 ns, Reaching safepoint: 65739 ns, At safepoint: 18351 ns, Total: 84090 ns
[2024-02-09T00:10:44.046+0000][7][safepoint   ] Safepoint "Cleanup", Time since last: 1000139237 ns, Reaching safepoint: 78734 ns, At safepoint: 5098 ns, Total: 83832 ns
[2024-02-09T00:10:53.047+0000][7][safepoint   ] Safepoint "Cleanup", Time since last: 9000982647 ns, Reaching safepoint: 85927 ns, At safepoint: 7533 ns, Total: 93460 ns
[2024-02-09T00:10:55.047+0000][7][safepoint   ] Safepoint "Cleanup", Time since last: 2000314454 ns, Reaching safepoint: 95523 ns, At safepoint: 13350 ns, Total: 108873 ns
[2024-02-09T00:11:06.048+0000][7][safepoint   ] Safepoint "Cleanup", Time since last: 11001237549 ns, Reaching safepoint: 69748 ns, At safepoint: 9588 ns, Total: 79336 ns
[2024-02-09T00:11:07.049+0000][7][safepoint   ] Safepoint "Cleanup", Time since last: 1000148886 ns, Reaching safepoint: 162715 ns, At safepoint: 7198 ns, Total: 169913 ns
[2024-02-09T00:11:13.049+0000][7][safepoint   ] Safepoint "Cleanup", Time since last: 6000524848 ns, Reaching safepoint: 131947 ns, At safepoint: 7721 ns, Total: 139668 ns
[2024-02-09T00:11:14.050+0000][7][safepoint   ] Safepoint "Cleanup", Time since last: 1000130368 ns, Reaching safepoint: 64789 ns, At safepoint: 4725 ns, Total: 69514 ns
[2024-02-09T00:11:25.051+0000][7][safepoint   ] Safepoint "Cleanup", Time since last: 11001063417 ns, Reaching safepoint: 135813 ns, At safepoint: 9492 ns, Total: 145305 ns
[2024-02-09T00:11:26.051+0000][7][safepoint   ] Safepoint "Cleanup", Time since last: 1000132423 ns, Reaching safepoint: 81851 ns, At safepoint: 6100 ns, Total: 87951 ns
[2024-02-09T00:11:28.051+0000][7][safepoint   ] Safepoint "Cleanup", Time since last: 2000235813 ns, Reaching safepoint: 104085 ns, At safepoint: 20186 ns, Total: 124271 ns
[2024-02-09T00:11:29.052+0000][7][safepoint   ] Safepoint "Cleanup", Time since last: 1000129895 ns, Reaching safepoint: 55277 ns, At safepoint: 5483 ns, Total: 60760 ns
[2024-02-09T00:11:37.053+0000][7][safepoint   ] Safepoint "Cleanup", Time since last: 8000802899 ns, Reaching safepoint: 129420 ns, At safepoint: 20715 ns, Total: 150135 ns
[2024-02-09T00:11:40.053+0000][7][safepoint   ] Safepoint "Cleanup", Time since last: 3000273963 ns, Reaching safepoint: 59238 ns, At safepoint: 6866 ns, Total: 66104 ns
[2024-02-09T00:12:13.057+0000][7][safepoint   ] Safepoint "Cleanup", Time since last: 33003646219 ns, Reaching safepoint: 138755 ns, At safepoint: 7206 ns, Total: 145961 ns
[2024-02-09T00:12:17.057+0000][7][safepoint   ] Safepoint "Cleanup", Time since last: 4000478410 ns, Reaching safepoint: 68245 ns, At safepoint: 22363 ns, Total: 90608 ns
[2024-02-09T00:12:18.057+0000][7][safepoint   ] Safepoint "Cleanup", Time since last: 1000178159 ns, Reaching safepoint: 60784 ns, At safepoint: 5617 ns, Total: 66401 ns
[2024-02-09T00:12:19.058+0000][7][safepoint   ] Safepoint "Cleanup", Time since last: 1000117599 ns, Reaching safepoint: 68152 ns, At safepoint: 3791 ns, Total: 71943 ns
[2024-02-09T00:12:34.059+0000][7][safepoint   ] Safepoint "Cleanup", Time since last: 15001396064 ns, Reaching safepoint: 109893 ns, At safepoint: 5749 ns, Total: 115642 ns
[2024-02-09T00:12:37.060+0000][7][safepoint   ] Safepoint "Cleanup", Time since last: 3000280147 ns, Reaching safepoint: 143168 ns, At safepoint: 8472 ns, Total: 151640 ns
[2024-02-09T00:12:37.073+0000][7][gc,start    ] GC(22) Pause Young (Normal) (G1 Evacuation Pause)
[2024-02-09T00:12:37.073+0000][7][gc,task     ] GC(22) Using 8 workers of 8 for evacuation
[2024-02-09T00:12:37.073+0000][7][gc,age      ] GC(22) Desired survivor size 41943040 bytes, new threshold 15 (max threshold 15)
[2024-02-09T00:12:37.091+0000][7][gc,phases   ] GC(22)   Pre Evacuate Collection Set: 0.1ms
[2024-02-09T00:12:37.091+0000][7][gc,phases   ] GC(22)   Merge Heap Roots: 0.1ms
[2024-02-09T00:12:37.091+0000][7][gc,phases   ] GC(22)   Evacuate Collection Set: 15.3ms
[2024-02-09T00:12:37.091+0000][7][gc,phases   ] GC(22)   Post Evacuate Collection Set: 1.7ms
[2024-02-09T00:12:37.091+0000][7][gc,phases   ] GC(22)   Other: 0.1ms
[2024-02-09T00:12:37.091+0000][7][gc,age      ] GC(22) Age table with threshold 15 (max threshold 15)
[2024-02-09T00:12:37.091+0000][7][gc,age      ] GC(22) - age   1:    1778584 bytes,    1778584 total
[2024-02-09T00:12:37.091+0000][7][gc,age      ] GC(22) - age   2:      15912 bytes,    1794496 total
[2024-02-09T00:12:37.091+0000][7][gc,age      ] GC(22) - age   3:      31312 bytes,    1825808 total
[2024-02-09T00:12:37.091+0000][7][gc,age      ] GC(22) - age   4:    1476424 bytes,    3302232 total
[2024-02-09T00:12:37.091+0000][7][gc,age      ] GC(22) - age   5:     264608 bytes,    3566840 total
[2024-02-09T00:12:37.091+0000][7][gc,age      ] GC(22) - age   6:      21824 bytes,    3588664 total
[2024-02-09T00:12:37.091+0000][7][gc,age      ] GC(22) - age   7:    1875216 bytes,    5463880 total
[2024-02-09T00:12:37.091+0000][7][gc,age      ] GC(22) - age   8:    3197912 bytes,    8661792 total
[2024-02-09T00:12:37.091+0000][7][gc,age      ] GC(22) - age   9:    5809984 bytes,   14471776 total
[2024-02-09T00:12:37.091+0000][7][gc,age      ] GC(22) - age  10:      16304 bytes,   14488080 total
[2024-02-09T00:12:37.091+0000][7][gc,age      ] GC(22) - age  11:   11889704 bytes,   26377784 total
[2024-02-09T00:12:37.091+0000][7][gc,heap     ] GC(22) Eden regions: 146->0(146)
[2024-02-09T00:12:37.091+0000][7][gc,heap     ] GC(22) Survivor regions: 7->7(20)
[2024-02-09T00:12:37.091+0000][7][gc,heap     ] GC(22) Old regions: 16->16
[2024-02-09T00:12:37.091+0000][7][gc,heap     ] GC(22) Archive regions: 2->2
[2024-02-09T00:12:37.091+0000][7][gc,heap     ] GC(22) Humongous regions: 0->0
[2024-02-09T00:12:37.091+0000][7][gc,metaspace] GC(22) Metaspace: 127262K(131008K)->127262K(131008K) NonClass: 110458K(112384K)->110458K(112384K) Class: 16803K(18624K)->16803K(18624K)
[2024-02-09T00:12:37.091+0000][7][gc          ] GC(22) Pause Young (Normal) (G1 Evacuation Pause) 676M->93M(1024M) 17.670ms
[2024-02-09T00:12:37.091+0000][7][gc,cpu      ] GC(22) User=0.11s Sys=0.00s Real=0.02s
[2024-02-09T00:12:37.091+0000][7][safepoint   ] Safepoint "G1CollectForAllocation", Time since last: 13647142 ns, Reaching safepoint: 111305 ns, At safepoint: 17786994 ns, Total: 17898299 ns
[2024-02-09T00:12:38.093+0000][7][safepoint   ] Safepoint "Cleanup", Time since last: 1001705741 ns, Reaching safepoint: 125210 ns, At safepoint: 8267 ns, Total: 133477 ns
[2024-02-09T00:12:52.094+0000][7][safepoint   ] Safepoint "Cleanup", Time since last: 14001369580 ns, Reaching safepoint: 89790 ns, At safepoint: 5142 ns, Total: 94932 ns
[2024-02-09T00:12:53.095+0000][7][safepoint   ] Safepoint "Cleanup", Time since last: 1000133907 ns, Reaching safepoint: 74505 ns, At safepoint: 10437 ns, Total: 84942 ns
[2024-02-09T00:12:56.095+0000][7][safepoint   ] Safepoint "Cleanup", Time since last: 3000494407 ns, Reaching safepoint: 88206 ns, At safepoint: 5095 ns, Total: 93301 ns
[2024-02-09T00:12:58.096+0000][7][safepoint   ] Safepoint "Cleanup", Time since last: 2000262934 ns, Reaching safepoint: 89761 ns, At safepoint: 6501 ns, Total: 96262 ns
[2024-02-09T00:13:01.096+0000][7][safepoint   ] Safepoint "Cleanup", Time since last: 3000646402 ns, Reaching safepoint: 71983 ns, At safepoint: 6745 ns, Total: 78728 ns
[2024-02-09T00:13:03.097+0000][7][safepoint   ] Safepoint "Cleanup", Time since last: 2000220690 ns, Reaching safepoint: 70027 ns, At safepoint: 6304 ns, Total: 76331 ns
[2024-02-09T00:13:05.097+0000][7][safepoint   ] Safepoint "Cleanup", Time since last: 2000221681 ns, Reaching safepoint: 72894 ns, At safepoint: 6319 ns, Total: 79213 ns
[2024-02-09T00:13:13.098+0000][7][safepoint   ] Safepoint "Cleanup", Time since last: 8000928745 ns, Reaching safepoint: 56346 ns, At safepoint: 5247 ns, Total: 61593 ns
[2024-02-09T00:13:17.099+0000][7][safepoint   ] Safepoint "Cleanup", Time since last: 4000812976 ns, Reaching safepoint: 117164 ns, At safepoint: 7601 ns, Total: 124765 ns
[2024-02-09T00:13:31.101+0000][7][safepoint   ] Safepoint "Cleanup", Time since last: 14001730808 ns, Reaching safepoint: 97876 ns, At safepoint: 9423 ns, Total: 107299 ns
[2024-02-09T00:13:37.101+0000][7][safepoint   ] Safepoint "Cleanup", Time since last: 6000598867 ns, Reaching safepoint: 148123 ns, At safepoint: 7336 ns, Total: 155459 ns
[2024-02-09T00:13:40.102+0000][7][safepoint   ] Safepoint "Cleanup", Time since last: 3000263723 ns, Reaching safepoint: 62747 ns, At safepoint: 6226 ns, Total: 68973 ns
[2024-02-09T00:13:49.103+0000][7][safepoint   ] Safepoint "Cleanup", Time since last: 9000922095 ns, Reaching safepoint: 65968 ns, At safepoint: 6898 ns, Total: 72866 ns
[2024-02-09T00:14:01.104+0000][7][safepoint   ] Safepoint "Cleanup", Time since last: 12001130400 ns, Reaching safepoint: 78077 ns, At safepoint: 4564 ns, Total: 82641 ns
[2024-02-09T00:14:02.104+0000][7][safepoint   ] Safepoint "Cleanup", Time since last: 1000140337 ns, Reaching safepoint: 54294 ns, At safepoint: 5114 ns, Total: 59408 ns
[2024-02-09T00:14:05.105+0000][7][safepoint   ] Safepoint "Cleanup", Time since last: 3000435852 ns, Reaching safepoint: 68532 ns, At safepoint: 6653 ns, Total: 75185 ns
[2024-02-09T00:14:07.105+0000][7][safepoint   ] Safepoint "Cleanup", Time since last: 2000243254 ns, Reaching safepoint: 90809 ns, At safepoint: 7345 ns, Total: 98154 ns
[2024-02-09T00:14:17.106+0000][7][safepoint   ] Safepoint "Cleanup", Time since last: 10001139606 ns, Reaching safepoint: 97445 ns, At safepoint: 8257 ns, Total: 105702 ns
[2024-02-09T00:14:19.107+0000][7][safepoint   ] Safepoint "Cleanup", Time since last: 2000471181 ns, Reaching safepoint: 105945 ns, At safepoint: 6394 ns, Total: 112339 ns
[2024-02-09T00:14:25.108+0000][7][safepoint   ] Safepoint "Cleanup", Time since last: 6001082311 ns, Reaching safepoint: 129117 ns, At safepoint: 4459 ns, Total: 133576 ns
[2024-02-09T00:14:28.109+0000][7][safepoint   ] Safepoint "Cleanup", Time since last: 3000412100 ns, Reaching safepoint: 108321 ns, At safepoint: 14613 ns, Total: 122934 ns
[2024-02-09T00:14:37.110+0000][7][safepoint   ] Safepoint "Cleanup", Time since last: 9000837873 ns, Reaching safepoint: 120806 ns, At safepoint: 17453 ns, Total: 138259 ns
[2024-02-09T00:14:41.110+0000][7][safepoint   ] Safepoint "Cleanup", Time since last: 4000389965 ns, Reaching safepoint: 118376 ns, At safepoint: 5474 ns, Total: 123850 ns
[2024-02-09T00:14:52.111+0000][7][safepoint   ] Safepoint "Cleanup", Time since last: 11001031653 ns, Reaching safepoint: 63334 ns, At safepoint: 3794 ns, Total: 67128 ns
[2024-02-09T00:14:53.111+0000][7][safepoint   ] Safepoint "Cleanup", Time since last: 1000135110 ns, Reaching safepoint: 74007 ns, At safepoint: 7555 ns, Total: 81562 ns
[2024-02-09T00:14:58.112+0000][7][safepoint   ] Safepoint "Cleanup", Time since last: 5000518604 ns, Reaching safepoint: 46759 ns, At safepoint: 3775 ns, Total: 50534 ns
[2024-02-09T00:14:59.112+0000][7][safepoint   ] Safepoint "Cleanup", Time since last: 1000135618 ns, Reaching safepoint: 67944 ns, At safepoint: 7654 ns, Total: 75598 ns
[2024-02-09T00:15:14.114+0000][7][safepoint   ] Safepoint "Cleanup", Time since last: 15001450004 ns, Reaching safepoint: 61940 ns, At safepoint: 6465 ns, Total: 68405 ns
[2024-02-09T00:15:16.114+0000][7][safepoint   ] Safepoint "Cleanup", Time since last: 2000231322 ns, Reaching safepoint: 67795 ns, At safepoint: 5075 ns, Total: 72870 ns
[2024-02-09T00:15:19.128+0000][7][gc,start    ] GC(23) Pause Young (Normal) (G1 Evacuation Pause)
[2024-02-09T00:15:19.128+0000][7][gc,task     ] GC(23) Using 8 workers of 8 for evacuation
[2024-02-09T00:15:19.128+0000][7][gc,age      ] GC(23) Desired survivor size 41943040 bytes, new threshold 15 (max threshold 15)
[2024-02-09T00:15:19.146+0000][7][gc,phases   ] GC(23)   Pre Evacuate Collection Set: 0.1ms
[2024-02-09T00:15:19.146+0000][7][gc,phases   ] GC(23)   Merge Heap Roots: 0.1ms
[2024-02-09T00:15:19.146+0000][7][gc,phases   ] GC(23)   Evacuate Collection Set: 15.6ms
[2024-02-09T00:15:19.146+0000][7][gc,phases   ] GC(23)   Post Evacuate Collection Set: 1.7ms
[2024-02-09T00:15:19.146+0000][7][gc,phases   ] GC(23)   Other: 0.1ms
[2024-02-09T00:15:19.146+0000][7][gc,age      ] GC(23) Age table with threshold 15 (max threshold 15)
[2024-02-09T00:15:19.146+0000][7][gc,age      ] GC(23) - age   1:    1109664 bytes,    1109664 total
[2024-02-09T00:15:19.146+0000][7][gc,age      ] GC(23) - age   2:       8632 bytes,    1118296 total
[2024-02-09T00:15:19.146+0000][7][gc,age      ] GC(23) - age   3:      14792 bytes,    1133088 total
[2024-02-09T00:15:19.146+0000][7][gc,age      ] GC(23) - age   4:      31184 bytes,    1164272 total
[2024-02-09T00:15:19.146+0000][7][gc,age      ] GC(23) - age   5:    1476240 bytes,    2640512 total
[2024-02-09T00:15:19.146+0000][7][gc,age      ] GC(23) - age   6:     264480 bytes,    2904992 total
[2024-02-09T00:15:19.146+0000][7][gc,age      ] GC(23) - age   7:      21824 bytes,    2926816 total
[2024-02-09T00:15:19.146+0000][7][gc,age      ] GC(23) - age   8:    1875216 bytes,    4802032 total
[2024-02-09T00:15:19.146+0000][7][gc,age      ] GC(23) - age   9:    3197912 bytes,    7999944 total
[2024-02-09T00:15:19.146+0000][7][gc,age      ] GC(23) - age  10:    5809984 bytes,   13809928 total
[2024-02-09T00:15:19.146+0000][7][gc,age      ] GC(23) - age  11:      16304 bytes,   13826232 total
[2024-02-09T00:15:19.146+0000][7][gc,age      ] GC(23) - age  12:   11889704 bytes,   25715936 total
[2024-02-09T00:15:19.146+0000][7][gc,heap     ] GC(23) Eden regions: 146->0(146)
[2024-02-09T00:15:19.146+0000][7][gc,heap     ] GC(23) Survivor regions: 7->7(20)
[2024-02-09T00:15:19.146+0000][7][gc,heap     ] GC(23) Old regions: 16->16
[2024-02-09T00:15:19.146+0000][7][gc,heap     ] GC(23) Archive regions: 2->2
[2024-02-09T00:15:19.146+0000][7][gc,heap     ] GC(23) Humongous regions: 0->0
[2024-02-09T00:15:19.146+0000][7][gc,metaspace] GC(23) Metaspace: 127293K(131072K)->127293K(131072K) NonClass: 110489K(112448K)->110489K(112448K) Class: 16803K(18624K)->16803K(18624K)
[2024-02-09T00:15:19.146+0000][7][gc          ] GC(23) Pause Young (Normal) (G1 Evacuation Pause) 677M->93M(1024M) 17.861ms
[2024-02-09T00:15:19.146+0000][7][gc,cpu      ] GC(23) User=0.12s Sys=0.00s Real=0.02s
[2024-02-09T00:15:19.146+0000][7][safepoint   ] Safepoint "G1CollectForAllocation", Time since last: 3013794789 ns, Reaching safepoint: 96193 ns, At safepoint: 17958227 ns, Total: 18054420 ns
[2024-02-09T00:15:29.147+0000][7][safepoint   ] Safepoint "Cleanup", Time since last: 10001524252 ns, Reaching safepoint: 72614 ns, At safepoint: 6122 ns, Total: 78736 ns
[2024-02-09T00:15:31.148+0000][7][safepoint   ] Safepoint "Cleanup", Time since last: 2000233023 ns, Reaching safepoint: 61316 ns, At safepoint: 5078 ns, Total: 66394 ns
[2024-02-09T00:15:32.147+0000][7][safepoint   ] Safepoint "ICBufferFull", Time since last: 998988236 ns, Reaching safepoint: 365789 ns, At safepoint: 19317 ns, Total: 385106 ns
[2024-02-09T00:15:33.172+0000][7][safepoint   ] Safepoint "Cleanup", Time since last: 1025081573 ns, Reaching safepoint: 189770 ns, At safepoint: 6628 ns, Total: 196398 ns
[2024-02-09T00:15:34.173+0000][7][safepoint   ] Safepoint "Cleanup", Time since last: 1000145279 ns, Reaching safepoint: 102269 ns, At safepoint: 8133 ns, Total: 110402 ns
[2024-02-09T00:15:35.173+0000][7][safepoint   ] Safepoint "Cleanup", Time since last: 1000141411 ns, Reaching safepoint: 84942 ns, At safepoint: 10653 ns, Total: 95595 ns
[2024-02-09T00:15:37.173+0000][7][safepoint   ] Safepoint "Cleanup", Time since last: 2000201981 ns, Reaching safepoint: 74260 ns, At safepoint: 3572 ns, Total: 77832 ns
[2024-02-09T00:15:40.174+0000][7][safepoint   ] Safepoint "Cleanup", Time since last: 3000309348 ns, Reaching safepoint: 124902 ns, At safepoint: 7348 ns, Total: 132250 ns
[2024-02-09T00:15:41.174+0000][7][safepoint   ] Safepoint "Cleanup", Time since last: 1000142820 ns, Reaching safepoint: 76868 ns, At safepoint: 8075 ns, Total: 84943 ns
[2024-02-09T00:15:43.174+0000][7][safepoint   ] Safepoint "Cleanup", Time since last: 2000234422 ns, Reaching safepoint: 99312 ns, At safepoint: 7129 ns, Total: 106441 ns
[2024-02-09T00:15:49.175+0000][7][safepoint   ] Safepoint "Cleanup", Time since last: 6000754537 ns, Reaching safepoint: 84010 ns, At safepoint: 6147 ns, Total: 90157 ns
[2024-02-09T00:15:50.175+0000][7][safepoint   ] Safepoint "Cleanup", Time since last: 1000224798 ns, Reaching safepoint: 81175 ns, At safepoint: 9625 ns, Total: 90800 ns
[2024-02-09T00:15:55.176+0000][7][safepoint   ] Safepoint "Cleanup", Time since last: 5000853006 ns, Reaching safepoint: 62601 ns, At safepoint: 3703 ns, Total: 66304 ns
[2024-02-09T00:15:56.177+0000][7][safepoint   ] Safepoint "Cleanup", Time since last: 1000138312 ns, Reaching safepoint: 77776 ns, At safepoint: 8777 ns, Total: 86553 ns
[2024-02-09T00:15:58.177+0000][7][safepoint   ] Safepoint "Cleanup", Time since last: 2000196263 ns, Reaching safepoint: 93294 ns, At safepoint: 6457 ns, Total: 99751 ns
[2024-02-09T00:16:00.177+0000][7][safepoint   ] Safepoint "Cleanup", Time since last: 2000211726 ns, Reaching safepoint: 67912 ns, At safepoint: 34746 ns, Total: 102658 ns
[2024-02-09T00:16:01.177+0000][7][safepoint   ] Safepoint "Cleanup", Time since last: 1000113905 ns, Reaching safepoint: 51162 ns, At safepoint: 6094 ns, Total: 57256 ns
[2024-02-09T00:16:02.178+0000][7][safepoint   ] Safepoint "Cleanup", Time since last: 1000139515 ns, Reaching safepoint: 78594 ns, At safepoint: 6403 ns, Total: 84997 ns
[2024-02-09T00:16:07.178+0000][7][safepoint   ] Safepoint "Cleanup", Time since last: 5000503113 ns, Reaching safepoint: 73828 ns, At safepoint: 6533 ns, Total: 80361 ns
[2024-02-09T00:16:19.180+0000][7][safepoint   ] Safepoint "Cleanup", Time since last: 12001581257 ns, Reaching safepoint: 125081 ns, At safepoint: 8341 ns, Total: 133422 ns
[2024-02-09T00:16:25.181+0000][7][safepoint   ] Safepoint "Cleanup", Time since last: 6000610525 ns, Reaching safepoint: 92156 ns, At safepoint: 4441 ns, Total: 96597 ns
[2024-02-09T00:16:26.181+0000][7][safepoint   ] Safepoint "Cleanup", Time since last: 1000100377 ns, Reaching safepoint: 48627 ns, At safepoint: 12677 ns, Total: 61304 ns
[2024-02-09T00:16:28.181+0000][7][safepoint   ] Safepoint "Cleanup", Time since last: 2000234039 ns, Reaching safepoint: 121216 ns, At safepoint: 9066 ns, Total: 130282 ns
[2024-02-09T00:16:30.181+0000][7][safepoint   ] Safepoint "Cleanup", Time since last: 2000302637 ns, Reaching safepoint: 59385 ns, At safepoint: 7071 ns, Total: 66456 ns
[2024-02-09T00:16:31.182+0000][7][safepoint   ] Safepoint "Cleanup", Time since last: 1000132775 ns, Reaching safepoint: 136299 ns, At safepoint: 11412 ns, Total: 147711 ns
[2024-02-09T00:16:37.183+0000][7][safepoint   ] Safepoint "Cleanup", Time since last: 6000817410 ns, Reaching safepoint: 116312 ns, At safepoint: 9242 ns, Total: 125554 ns
[2024-02-09T00:16:38.183+0000][7][safepoint   ] Safepoint "Cleanup", Time since last: 1000240434 ns, Reaching safepoint: 66382 ns, At safepoint: 7712 ns, Total: 74094 ns
[2024-02-09T00:16:41.183+0000][7][safepoint   ] Safepoint "Cleanup", Time since last: 3000320405 ns, Reaching safepoint: 109230 ns, At safepoint: 8878 ns, Total: 118108 ns
[2024-02-09T00:17:04.186+0000][7][safepoint   ] Safepoint "Cleanup", Time since last: 23002488071 ns, Reaching safepoint: 79331 ns, At safepoint: 9704 ns, Total: 89035 ns
[2024-02-09T00:17:05.186+0000][7][safepoint   ] Safepoint "Cleanup", Time since last: 1000152978 ns, Reaching safepoint: 65797 ns, At safepoint: 6371 ns, Total: 72168 ns
[2024-02-09T00:17:11.187+0000][7][safepoint   ] Safepoint "Cleanup", Time since last: 6000927654 ns, Reaching safepoint: 64487 ns, At safepoint: 5173 ns, Total: 69660 ns
[2024-02-09T00:17:17.188+0000][7][safepoint   ] Safepoint "Cleanup", Time since last: 6000592307 ns, Reaching safepoint: 69213 ns, At safepoint: 5514 ns, Total: 74727 ns
[2024-02-09T00:17:27.189+0000][7][safepoint   ] Safepoint "Cleanup", Time since last: 10000847783 ns, Reaching safepoint: 95328 ns, At safepoint: 7854 ns, Total: 103182 ns
[2024-02-09T00:17:37.190+0000][7][safepoint   ] Safepoint "Cleanup", Time since last: 10000947657 ns, Reaching safepoint: 95372 ns, At safepoint: 6580 ns, Total: 101952 ns
[2024-02-09T00:17:41.352+0000][7][safepoint   ] Safepoint "Cleanup", Time since last: 4162083220 ns, Reaching safepoint: 100587 ns, At safepoint: 8537 ns, Total: 109124 ns
[2024-02-09T00:18:00.354+0000][7][safepoint   ] Safepoint "Cleanup", Time since last: 19002060664 ns, Reaching safepoint: 58027 ns, At safepoint: 5899 ns, Total: 63926 ns
[2024-02-09T00:18:01.355+0000][7][safepoint   ] Safepoint "Cleanup", Time since last: 1000256166 ns, Reaching safepoint: 113463 ns, At safepoint: 18501 ns, Total: 131964 ns
[2024-02-09T00:18:05.355+0000][7][safepoint   ] Safepoint "Cleanup", Time since last: 4000383089 ns, Reaching safepoint: 62125 ns, At safepoint: 4502 ns, Total: 66627 ns
[2024-02-09T00:18:10.356+0000][7][safepoint   ] Safepoint "Cleanup", Time since last: 5000429477 ns, Reaching safepoint: 59902 ns, At safepoint: 3031 ns, Total: 62933 ns
[2024-02-09T00:18:16.356+0000][7][safepoint   ] Safepoint "Cleanup", Time since last: 6000484202 ns, Reaching safepoint: 105186 ns, At safepoint: 17330 ns, Total: 122516 ns
[2024-02-09T00:18:17.356+0000][7][safepoint   ] Safepoint "Cleanup", Time since last: 1000157534 ns, Reaching safepoint: 62716 ns, At safepoint: 6110 ns, Total: 68826 ns
[2024-02-09T00:18:22.124+0000][7][gc,start    ] GC(24) Pause Young (Normal) (G1 Evacuation Pause)
[2024-02-09T00:18:22.124+0000][7][gc,task     ] GC(24) Using 8 workers of 8 for evacuation
[2024-02-09T00:18:22.124+0000][7][gc,age      ] GC(24) Desired survivor size 41943040 bytes, new threshold 15 (max threshold 15)
[2024-02-09T00:18:22.140+0000][7][gc,phases   ] GC(24)   Pre Evacuate Collection Set: 0.1ms
[2024-02-09T00:18:22.140+0000][7][gc,phases   ] GC(24)   Merge Heap Roots: 0.1ms
[2024-02-09T00:18:22.140+0000][7][gc,phases   ] GC(24)   Evacuate Collection Set: 14.3ms
[2024-02-09T00:18:22.140+0000][7][gc,phases   ] GC(24)   Post Evacuate Collection Set: 1.8ms
[2024-02-09T00:18:22.140+0000][7][gc,phases   ] GC(24)   Other: 0.1ms
[2024-02-09T00:18:22.140+0000][7][gc,age      ] GC(24) Age table with threshold 15 (max threshold 15)
[2024-02-09T00:18:22.140+0000][7][gc,age      ] GC(24) - age   1:    1469904 bytes,    1469904 total
[2024-02-09T00:18:22.140+0000][7][gc,age      ] GC(24) - age   2:       6152 bytes,    1476056 total
[2024-02-09T00:18:22.140+0000][7][gc,age      ] GC(24) - age   3:       5592 bytes,    1481648 total
[2024-02-09T00:18:22.140+0000][7][gc,age      ] GC(24) - age   4:      10440 bytes,    1492088 total
[2024-02-09T00:18:22.140+0000][7][gc,age      ] GC(24) - age   5:      31000 bytes,    1523088 total
[2024-02-09T00:18:22.140+0000][7][gc,age      ] GC(24) - age   6:    1123616 bytes,    2646704 total
[2024-02-09T00:18:22.140+0000][7][gc,age      ] GC(24) - age   7:     256312 bytes,    2903016 total
[2024-02-09T00:18:22.140+0000][7][gc,age      ] GC(24) - age   8:      21640 bytes,    2924656 total
[2024-02-09T00:18:22.140+0000][7][gc,age      ] GC(24) - age   9:    1866152 bytes,    4790808 total
[2024-02-09T00:18:22.140+0000][7][gc,age      ] GC(24) - age  10:    3026256 bytes,    7817064 total
[2024-02-09T00:18:22.140+0000][7][gc,age      ] GC(24) - age  11:    5793632 bytes,   13610696 total
[2024-02-09T00:18:22.140+0000][7][gc,age      ] GC(24) - age  12:      16304 bytes,   13627000 total
[2024-02-09T00:18:22.140+0000][7][gc,age      ] GC(24) - age  13:   11872792 bytes,   25499792 total
[2024-02-09T00:18:22.140+0000][7][gc,heap     ] GC(24) Eden regions: 146->0(146)
[2024-02-09T00:18:22.140+0000][7][gc,heap     ] GC(24) Survivor regions: 7->7(20)
[2024-02-09T00:18:22.140+0000][7][gc,heap     ] GC(24) Old regions: 16->16
[2024-02-09T00:18:22.140+0000][7][gc,heap     ] GC(24) Archive regions: 2->2
[2024-02-09T00:18:22.140+0000][7][gc,heap     ] GC(24) Humongous regions: 0->0
[2024-02-09T00:18:22.140+0000][7][gc,metaspace] GC(24) Metaspace: 127460K(131200K)->127460K(131200K) NonClass: 110633K(112576K)->110633K(112576K) Class: 16827K(18624K)->16827K(18624K)
[2024-02-09T00:18:22.140+0000][7][gc          ] GC(24) Pause Young (Normal) (G1 Evacuation Pause) 677M->93M(1024M) 16.770ms
[2024-02-09T00:18:22.140+0000][7][gc,cpu      ] GC(24) User=0.11s Sys=0.00s Real=0.02s
[2024-02-09T00:18:22.140+0000][7][safepoint   ] Safepoint "G1CollectForAllocation", Time since last: 4767092378 ns, Reaching safepoint: 89764 ns, At safepoint: 16870921 ns, Total: 16960685 ns
[2024-02-09T00:18:28.141+0000][7][safepoint   ] Safepoint "Cleanup", Time since last: 6000478668 ns, Reaching safepoint: 98330 ns, At safepoint: 8625 ns, Total: 106955 ns
[2024-02-09T00:18:34.142+0000][7][safepoint   ] Safepoint "Cleanup", Time since last: 6000581334 ns, Reaching safepoint: 97315 ns, At safepoint: 6143 ns, Total: 103458 ns
[2024-02-09T00:18:37.142+0000][7][safepoint   ] Safepoint "Cleanup", Time since last: 3000545524 ns, Reaching safepoint: 109539 ns, At safepoint: 11761 ns, Total: 121300 ns
[2024-02-09T00:18:46.143+0000][7][safepoint   ] Safepoint "Cleanup", Time since last: 9000938560 ns, Reaching safepoint: 78563 ns, At safepoint: 5794 ns, Total: 84357 ns
[2024-02-09T00:18:53.144+0000][7][safepoint   ] Safepoint "Cleanup", Time since last: 7000580609 ns, Reaching safepoint: 44725 ns, At safepoint: 3655 ns, Total: 48380 ns
[2024-02-09T00:19:00.145+0000][7][safepoint   ] Safepoint "Cleanup", Time since last: 7000588067 ns, Reaching safepoint: 66984 ns, At safepoint: 6220 ns, Total: 73204 ns
[2024-02-09T00:19:05.145+0000][7][safepoint   ] Safepoint "Cleanup", Time since last: 5000532442 ns, Reaching safepoint: 87636 ns, At safepoint: 6379 ns, Total: 94015 ns
[2024-02-09T00:19:09.146+0000][7][safepoint   ] Safepoint "Cleanup", Time since last: 4000399359 ns, Reaching safepoint: 104025 ns, At safepoint: 10271 ns, Total: 114296 ns
[2024-02-09T00:19:10.146+0000][7][safepoint   ] Safepoint "Cleanup", Time since last: 1000134884 ns, Reaching safepoint: 51507 ns, At safepoint: 6636 ns, Total: 58143 ns
[2024-02-09T00:19:11.146+0000][7][safepoint   ] Safepoint "Cleanup", Time since last: 1000138672 ns, Reaching safepoint: 53618 ns, At safepoint: 7004 ns, Total: 60622 ns
[2024-02-09T00:19:12.146+0000][7][safepoint   ] Safepoint "Cleanup", Time since last: 1000139448 ns, Reaching safepoint: 59701 ns, At safepoint: 7727 ns, Total: 67428 ns
[2024-02-09T00:19:16.286+0000][7][safepoint   ] Safepoint "Cleanup", Time since last: 4139280408 ns, Reaching safepoint: 96867 ns, At safepoint: 6836 ns, Total: 103703 ns
[2024-02-09T00:19:22.287+0000][7][safepoint   ] Safepoint "Cleanup", Time since last: 6000706195 ns, Reaching safepoint: 106286 ns, At safepoint: 6668 ns, Total: 112954 ns
[2024-02-09T00:19:30.288+0000][7][safepoint   ] Safepoint "Cleanup", Time since last: 8000934072 ns, Reaching safepoint: 85438 ns, At safepoint: 5417 ns, Total: 90855 ns
[2024-02-09T00:19:37.289+0000][7][safepoint   ] Safepoint "Cleanup", Time since last: 7001068409 ns, Reaching safepoint: 117030 ns, At safepoint: 6480 ns, Total: 123510 ns
[2024-02-09T00:19:40.289+0000][7][safepoint   ] Safepoint "Cleanup", Time since last: 3000378816 ns, Reaching safepoint: 118435 ns, At safepoint: 7098 ns, Total: 125533 ns
[2024-02-09T00:20:00.292+0000][7][safepoint   ] Safepoint "Cleanup", Time since last: 20002094847 ns, Reaching safepoint: 123155 ns, At safepoint: 6850 ns, Total: 130005 ns
[2024-02-09T00:20:04.292+0000][7][safepoint   ] Safepoint "Cleanup", Time since last: 4000566747 ns, Reaching safepoint: 153580 ns, At safepoint: 26714 ns, Total: 180294 ns
[2024-02-09T00:20:13.293+0000][7][safepoint   ] Safepoint "Cleanup", Time since last: 9000737319 ns, Reaching safepoint: 80161 ns, At safepoint: 5516 ns, Total: 85677 ns
[2024-02-09T00:20:22.294+0000][7][safepoint   ] Safepoint "Cleanup", Time since last: 9000845865 ns, Reaching safepoint: 91082 ns, At safepoint: 7796 ns, Total: 98878 ns
[2024-02-09T00:20:28.295+0000][7][safepoint   ] Safepoint "Cleanup", Time since last: 6000631416 ns, Reaching safepoint: 87365 ns, At safepoint: 6713 ns, Total: 94078 ns
[2024-02-09T00:20:30.295+0000][7][safepoint   ] Safepoint "Cleanup", Time since last: 2000392265 ns, Reaching safepoint: 108793 ns, At safepoint: 12663 ns, Total: 121456 ns
[2024-02-09T00:20:34.296+0000][7][safepoint   ] Safepoint "Cleanup", Time since last: 4000660970 ns, Reaching safepoint: 101315 ns, At safepoint: 19736 ns, Total: 121051 ns
[2024-02-09T00:20:37.296+0000][7][safepoint   ] Safepoint "Cleanup", Time since last: 3000268550 ns, Reaching safepoint: 83495 ns, At safepoint: 7007 ns, Total: 90502 ns
[2024-02-09T00:20:40.297+0000][7][safepoint   ] Safepoint "Cleanup", Time since last: 3000320101 ns, Reaching safepoint: 119870 ns, At safepoint: 22465 ns, Total: 142335 ns
[2024-02-09T00:20:41.297+0000][7][safepoint   ] Safepoint "Cleanup", Time since last: 1000143238 ns, Reaching safepoint: 78114 ns, At safepoint: 7038 ns, Total: 85152 ns
[2024-02-09T00:20:46.298+0000][7][safepoint   ] Safepoint "Cleanup", Time since last: 5000459199 ns, Reaching safepoint: 79536 ns, At safepoint: 5949 ns, Total: 85485 ns
[2024-02-09T00:20:52.298+0000][7][safepoint   ] Safepoint "Cleanup", Time since last: 6000634822 ns, Reaching safepoint: 86440 ns, At safepoint: 23458 ns, Total: 109898 ns
[2024-02-09T00:21:01.299+0000][7][safepoint   ] Safepoint "Cleanup", Time since last: 9000983012 ns, Reaching safepoint: 59802 ns, At safepoint: 8036 ns, Total: 67838 ns
[2024-02-09T00:21:04.300+0000][7][safepoint   ] Safepoint "Cleanup", Time since last: 3000289786 ns, Reaching safepoint: 70718 ns, At safepoint: 6138 ns, Total: 76856 ns
[2024-02-09T00:21:10.301+0000][7][safepoint   ] Safepoint "Cleanup", Time since last: 6000893878 ns, Reaching safepoint: 71804 ns, At safepoint: 3978 ns, Total: 75782 ns
[2024-02-09T00:21:12.301+0000][7][safepoint   ] Safepoint "Cleanup", Time since last: 2000189474 ns, Reaching safepoint: 61567 ns, At safepoint: 7835 ns, Total: 69402 ns
[2024-02-09T00:21:17.302+0000][7][safepoint   ] Safepoint "Cleanup", Time since last: 5000432359 ns, Reaching safepoint: 66064 ns, At safepoint: 4271 ns, Total: 70335 ns
[2024-02-09T00:21:28.303+0000][7][safepoint   ] Safepoint "Cleanup", Time since last: 11001043608 ns, Reaching safepoint: 86747 ns, At safepoint: 8639 ns, Total: 95386 ns
[2024-02-09T00:21:30.303+0000][7][safepoint   ] Safepoint "Cleanup", Time since last: 2000182387 ns, Reaching safepoint: 108723 ns, At safepoint: 7808 ns, Total: 116531 ns
[2024-02-09T00:21:31.303+0000][7][safepoint   ] Safepoint "Cleanup", Time since last: 1000131613 ns, Reaching safepoint: 118861 ns, At safepoint: 21962 ns, Total: 140823 ns
[2024-02-09T00:21:34.304+0000][7][safepoint   ] Safepoint "Cleanup", Time since last: 3000375747 ns, Reaching safepoint: 108486 ns, At safepoint: 5102 ns, Total: 113588 ns
[2024-02-09T00:21:40.305+0000][7][safepoint   ] Safepoint "Cleanup", Time since last: 6000658248 ns, Reaching safepoint: 82961 ns, At safepoint: 4382 ns, Total: 87343 ns
[2024-02-09T00:21:42.305+0000][7][safepoint   ] Safepoint "Cleanup", Time since last: 2000176694 ns, Reaching safepoint: 91634 ns, At safepoint: 7621 ns, Total: 99255 ns
[2024-02-09T00:21:43.305+0000][7][safepoint   ] Safepoint "Cleanup", Time since last: 1000115783 ns, Reaching safepoint: 57508 ns, At safepoint: 6175 ns, Total: 63683 ns
[2024-02-09T00:21:52.306+0000][7][safepoint   ] Safepoint "Cleanup", Time since last: 9000945030 ns, Reaching safepoint: 103995 ns, At safepoint: 9045 ns, Total: 113040 ns
[2024-02-09T00:21:58.058+0000][7][gc,start    ] GC(25) Pause Young (Normal) (G1 Evacuation Pause)
[2024-02-09T00:21:58.058+0000][7][gc,task     ] GC(25) Using 8 workers of 8 for evacuation
[2024-02-09T00:21:58.058+0000][7][gc,age      ] GC(25) Desired survivor size 41943040 bytes, new threshold 15 (max threshold 15)
[2024-02-09T00:21:58.076+0000][7][gc,phases   ] GC(25)   Pre Evacuate Collection Set: 0.1ms
[2024-02-09T00:21:58.076+0000][7][gc,phases   ] GC(25)   Merge Heap Roots: 0.1ms
[2024-02-09T00:21:58.076+0000][7][gc,phases   ] GC(25)   Evacuate Collection Set: 15.9ms
[2024-02-09T00:21:58.076+0000][7][gc,phases   ] GC(25)   Post Evacuate Collection Set: 1.5ms
[2024-02-09T00:21:58.076+0000][7][gc,phases   ] GC(25)   Other: 0.1ms
[2024-02-09T00:21:58.076+0000][7][gc,age      ] GC(25) Age table with threshold 15 (max threshold 15)
[2024-02-09T00:21:58.076+0000][7][gc,age      ] GC(25) - age   1:     904280 bytes,     904280 total
[2024-02-09T00:21:58.076+0000][7][gc,age      ] GC(25) - age   2:     430376 bytes,    1334656 total
[2024-02-09T00:21:58.076+0000][7][gc,age      ] GC(25) - age   3:       4624 bytes,    1339280 total
[2024-02-09T00:21:58.076+0000][7][gc,age      ] GC(25) - age   4:       5208 bytes,    1344488 total
[2024-02-09T00:21:58.076+0000][7][gc,age      ] GC(25) - age   5:      10256 bytes,    1354744 total
[2024-02-09T00:21:58.076+0000][7][gc,age      ] GC(25) - age   6:      31000 bytes,    1385744 total
[2024-02-09T00:21:58.076+0000][7][gc,age      ] GC(25) - age   7:    1123616 bytes,    2509360 total
[2024-02-09T00:21:58.076+0000][7][gc,age      ] GC(25) - age   8:     255592 bytes,    2764952 total
[2024-02-09T00:21:58.076+0000][7][gc,age      ] GC(25) - age   9:      21640 bytes,    2786592 total
[2024-02-09T00:21:58.076+0000][7][gc,age      ] GC(25) - age  10:    1864968 bytes,    4651560 total
[2024-02-09T00:21:58.076+0000][7][gc,age      ] GC(25) - age  11:    3026224 bytes,    7677784 total
[2024-02-09T00:21:58.076+0000][7][gc,age      ] GC(25) - age  12:    5793536 bytes,   13471320 total
[2024-02-09T00:21:58.076+0000][7][gc,age      ] GC(25) - age  13:      16304 bytes,   13487624 total
[2024-02-09T00:21:58.076+0000][7][gc,age      ] GC(25) - age  14:   11865960 bytes,   25353584 total
[2024-02-09T00:21:58.076+0000][7][gc,heap     ] GC(25) Eden regions: 146->0(146)
[2024-02-09T00:21:58.076+0000][7][gc,heap     ] GC(25) Survivor regions: 7->7(20)
[2024-02-09T00:21:58.076+0000][7][gc,heap     ] GC(25) Old regions: 16->16
[2024-02-09T00:21:58.076+0000][7][gc,heap     ] GC(25) Archive regions: 2->2
[2024-02-09T00:21:58.076+0000][7][gc,heap     ] GC(25) Humongous regions: 0->0
[2024-02-09T00:21:58.076+0000][7][gc,metaspace] GC(25) Metaspace: 127520K(131264K)->127520K(131264K) NonClass: 110690K(112640K)->110690K(112640K) Class: 16829K(18624K)->16829K(18624K)
[2024-02-09T00:21:58.076+0000][7][gc          ] GC(25) Pause Young (Normal) (G1 Evacuation Pause) 677M->92M(1024M) 18.041ms
[2024-02-09T00:21:58.076+0000][7][gc,cpu      ] GC(25) User=0.10s Sys=0.01s Real=0.01s
[2024-02-09T00:21:58.076+0000][7][safepoint   ] Safepoint "G1CollectForAllocation", Time since last: 5752117248 ns, Reaching safepoint: 56937 ns, At safepoint: 18130769 ns, Total: 18187706 ns
[2024-02-09T00:22:20.078+0000][7][safepoint   ] Safepoint "Cleanup", Time since last: 22001911735 ns, Reaching safepoint: 119476 ns, At safepoint: 6142 ns, Total: 125618 ns
[2024-02-09T00:22:22.079+0000][7][safepoint   ] Safepoint "Cleanup", Time since last: 2000220768 ns, Reaching safepoint: 120955 ns, At safepoint: 9312 ns, Total: 130267 ns
[2024-02-09T00:22:28.080+0000][7][safepoint   ] Safepoint "Cleanup", Time since last: 6000751309 ns, Reaching safepoint: 68003 ns, At safepoint: 4466 ns, Total: 72469 ns
[2024-02-09T00:22:30.080+0000][7][safepoint   ] Safepoint "Cleanup", Time since last: 2000438017 ns, Reaching safepoint: 63937 ns, At safepoint: 6349 ns, Total: 70286 ns
[2024-02-09T00:22:31.080+0000][7][safepoint   ] Safepoint "Cleanup", Time since last: 1000230449 ns, Reaching safepoint: 68322 ns, At safepoint: 8517 ns, Total: 76839 ns
[2024-02-09T00:22:34.081+0000][7][safepoint   ] Safepoint "Cleanup", Time since last: 3000312987 ns, Reaching safepoint: 62607 ns, At safepoint: 7409 ns, Total: 70016 ns
[2024-02-09T00:22:37.081+0000][7][safepoint   ] Safepoint "Cleanup", Time since last: 3000369685 ns, Reaching safepoint: 100482 ns, At safepoint: 4734 ns, Total: 105216 ns
[2024-02-09T00:22:53.083+0000][7][safepoint   ] Safepoint "Cleanup", Time since last: 16001990860 ns, Reaching safepoint: 65845 ns, At safepoint: 6330 ns, Total: 72175 ns
[2024-02-09T00:23:04.085+0000][7][safepoint   ] Safepoint "Cleanup", Time since last: 11001249208 ns, Reaching safepoint: 99892 ns, At safepoint: 5317 ns, Total: 105209 ns
[2024-02-09T00:23:05.085+0000][7][safepoint   ] Safepoint "Cleanup", Time since last: 1000143390 ns, Reaching safepoint: 69612 ns, At safepoint: 8020 ns, Total: 77632 ns
[2024-02-09T00:23:10.085+0000][7][safepoint   ] Safepoint "Cleanup", Time since last: 5000433348 ns, Reaching safepoint: 97686 ns, At safepoint: 6074 ns, Total: 103760 ns
[2024-02-09T00:23:11.086+0000][7][safepoint   ] Safepoint "Cleanup", Time since last: 1000123280 ns, Reaching safepoint: 102323 ns, At safepoint: 5613 ns, Total: 107936 ns
[2024-02-09T00:23:13.086+0000][7][safepoint   ] Safepoint "Cleanup", Time since last: 2000212684 ns, Reaching safepoint: 68071 ns, At safepoint: 6530 ns, Total: 74601 ns
[2024-02-09T00:23:16.087+0000][7][safepoint   ] Safepoint "Cleanup", Time since last: 3000570964 ns, Reaching safepoint: 157662 ns, At safepoint: 17260 ns, Total: 174922 ns
[2024-02-09T00:23:23.088+0000][7][safepoint   ] Safepoint "Cleanup", Time since last: 7001066794 ns, Reaching safepoint: 114865 ns, At safepoint: 6884 ns, Total: 121749 ns
[2024-02-09T00:23:25.088+0000][7][safepoint   ] Safepoint "Cleanup", Time since last: 2000400941 ns, Reaching safepoint: 89616 ns, At safepoint: 10810 ns, Total: 100426 ns
[2024-02-09T00:23:31.089+0000][7][safepoint   ] Safepoint "Cleanup", Time since last: 6000761978 ns, Reaching safepoint: 85036 ns, At safepoint: 7070 ns, Total: 92106 ns
[2024-02-09T00:23:37.090+0000][7][safepoint   ] Safepoint "Cleanup", Time since last: 6000740669 ns, Reaching safepoint: 105603 ns, At safepoint: 7423 ns, Total: 113026 ns
[2024-02-09T00:23:43.091+0000][7][safepoint   ] Safepoint "Cleanup", Time since last: 6000766018 ns, Reaching safepoint: 113041 ns, At safepoint: 7046 ns, Total: 120087 ns
[2024-02-09T00:23:53.092+0000][7][safepoint   ] Safepoint "Cleanup", Time since last: 10001364791 ns, Reaching safepoint: 72616 ns, At safepoint: 4869 ns, Total: 77485 ns
[2024-02-09T00:24:16.095+0000][7][safepoint   ] Safepoint "Cleanup", Time since last: 23002611166 ns, Reaching safepoint: 114058 ns, At safepoint: 6609 ns, Total: 120667 ns
[2024-02-09T00:24:17.095+0000][7][safepoint   ] Safepoint "Cleanup", Time since last: 1000209785 ns, Reaching safepoint: 68896 ns, At safepoint: 9668 ns, Total: 78564 ns
[2024-02-09T00:24:22.096+0000][7][safepoint   ] Safepoint "Cleanup", Time since last: 5000461936 ns, Reaching safepoint: 123041 ns, At safepoint: 7676 ns, Total: 130717 ns
[2024-02-09T00:24:23.096+0000][7][safepoint   ] Safepoint "Cleanup", Time since last: 1000331143 ns, Reaching safepoint: 75394 ns, At safepoint: 7872 ns, Total: 83266 ns
[2024-02-09T00:24:25.097+0000][7][safepoint   ] Safepoint "Cleanup", Time since last: 2000249360 ns, Reaching safepoint: 79331 ns, At safepoint: 5673 ns, Total: 85004 ns
[2024-02-09T00:24:29.097+0000][7][safepoint   ] Safepoint "Cleanup", Time since last: 4000401836 ns, Reaching safepoint: 115227 ns, At safepoint: 6500 ns, Total: 121727 ns
[2024-02-09T00:24:30.098+0000][7][safepoint   ] Safepoint "Cleanup", Time since last: 1000153264 ns, Reaching safepoint: 68170 ns, At safepoint: 7629 ns, Total: 75799 ns
[2024-02-09T00:24:53.100+0000][7][safepoint   ] Safepoint "Cleanup", Time since last: 23002273924 ns, Reaching safepoint: 92737 ns, At safepoint: 6121 ns, Total: 98858 ns
[2024-02-09T00:24:55.100+0000][7][safepoint   ] Safepoint "Cleanup", Time since last: 2000411584 ns, Reaching safepoint: 128570 ns, At safepoint: 6390 ns, Total: 134960 ns
[2024-02-09T00:24:58.101+0000][7][safepoint   ] Safepoint "Cleanup", Time since last: 3000363513 ns, Reaching safepoint: 58780 ns, At safepoint: 16440 ns, Total: 75220 ns
[2024-02-09T00:25:00.101+0000][7][safepoint   ] Safepoint "Cleanup", Time since last: 2000212462 ns, Reaching safepoint: 77265 ns, At safepoint: 6635 ns, Total: 83900 ns
[2024-02-09T00:25:05.102+0000][7][safepoint   ] Safepoint "Cleanup", Time since last: 5000492413 ns, Reaching safepoint: 60605 ns, At safepoint: 4837 ns, Total: 65442 ns
[2024-02-09T00:25:10.102+0000][7][safepoint   ] Safepoint "Cleanup", Time since last: 5000470241 ns, Reaching safepoint: 102077 ns, At safepoint: 6684 ns, Total: 108761 ns
[2024-02-09T00:25:17.103+0000][7][safepoint   ] Safepoint "Cleanup", Time since last: 7000585881 ns, Reaching safepoint: 85710 ns, At safepoint: 5570 ns, Total: 91280 ns
[2024-02-09T00:25:22.104+0000][7][safepoint   ] Safepoint "Cleanup", Time since last: 5000590251 ns, Reaching safepoint: 95487 ns, At safepoint: 9225 ns, Total: 104712 ns
[2024-02-09T00:25:28.070+0000][7][gc,start    ] GC(26) Pause Young (Normal) (G1 Evacuation Pause)
[2024-02-09T00:25:28.070+0000][7][gc,task     ] GC(26) Using 8 workers of 8 for evacuation
[2024-02-09T00:25:28.070+0000][7][gc,age      ] GC(26) Desired survivor size 41943040 bytes, new threshold 15 (max threshold 15)
[2024-02-09T00:25:28.088+0000][7][gc,phases   ] GC(26)   Pre Evacuate Collection Set: 0.1ms
[2024-02-09T00:25:28.088+0000][7][gc,phases   ] GC(26)   Merge Heap Roots: 0.1ms
[2024-02-09T00:25:28.088+0000][7][gc,phases   ] GC(26)   Evacuate Collection Set: 15.8ms
[2024-02-09T00:25:28.088+0000][7][gc,phases   ] GC(26)   Post Evacuate Collection Set: 1.7ms
[2024-02-09T00:25:28.088+0000][7][gc,phases   ] GC(26)   Other: 0.1ms
[2024-02-09T00:25:28.088+0000][7][gc,age      ] GC(26) Age table with threshold 15 (max threshold 15)
[2024-02-09T00:25:28.088+0000][7][gc,age      ] GC(26) - age   1:    1450616 bytes,    1450616 total
[2024-02-09T00:25:28.088+0000][7][gc,age      ] GC(26) - age   2:      61760 bytes,    1512376 total
[2024-02-09T00:25:28.088+0000][7][gc,age      ] GC(26) - age   3:     428920 bytes,    1941296 total
[2024-02-09T00:25:28.088+0000][7][gc,age      ] GC(26) - age   4:       4264 bytes,    1945560 total
[2024-02-09T00:25:28.088+0000][7][gc,age      ] GC(26) - age   5:       5208 bytes,    1950768 total
[2024-02-09T00:25:28.088+0000][7][gc,age      ] GC(26) - age   6:      10256 bytes,    1961024 total
[2024-02-09T00:25:28.088+0000][7][gc,age      ] GC(26) - age   7:      31000 bytes,    1992024 total
[2024-02-09T00:25:28.088+0000][7][gc,age      ] GC(26) - age   8:    1123616 bytes,    3115640 total
[2024-02-09T00:25:28.088+0000][7][gc,age      ] GC(26) - age   9:     255592 bytes,    3371232 total
[2024-02-09T00:25:28.088+0000][7][gc,age      ] GC(26) - age  10:      21640 bytes,    3392872 total
[2024-02-09T00:25:28.088+0000][7][gc,age      ] GC(26) - age  11:    1864968 bytes,    5257840 total
[2024-02-09T00:25:28.088+0000][7][gc,age      ] GC(26) - age  12:    3026224 bytes,    8284064 total
[2024-02-09T00:25:28.088+0000][7][gc,age      ] GC(26) - age  13:    5793232 bytes,   14077296 total
[2024-02-09T00:25:28.088+0000][7][gc,age      ] GC(26) - age  14:      16304 bytes,   14093600 total
[2024-02-09T00:25:28.088+0000][7][gc,age      ] GC(26) - age  15:   11865960 bytes,   25959560 total
[2024-02-09T00:25:28.088+0000][7][gc,heap     ] GC(26) Eden regions: 146->0(146)
[2024-02-09T00:25:28.088+0000][7][gc,heap     ] GC(26) Survivor regions: 7->7(20)
[2024-02-09T00:25:28.088+0000][7][gc,heap     ] GC(26) Old regions: 16->16
[2024-02-09T00:25:28.088+0000][7][gc,heap     ] GC(26) Archive regions: 2->2
[2024-02-09T00:25:28.088+0000][7][gc,heap     ] GC(26) Humongous regions: 0->0
[2024-02-09T00:25:28.088+0000][7][gc,metaspace] GC(26) Metaspace: 127560K(131264K)->127560K(131264K) NonClass: 110730K(112640K)->110730K(112640K) Class: 16830K(18624K)->16830K(18624K)
[2024-02-09T00:25:28.088+0000][7][gc          ] GC(26) Pause Young (Normal) (G1 Evacuation Pause) 676M->93M(1024M) 18.227ms
[2024-02-09T00:25:28.088+0000][7][gc,cpu      ] GC(26) User=0.11s Sys=0.00s Real=0.02s
[2024-02-09T00:25:28.088+0000][7][safepoint   ] Safepoint "G1CollectForAllocation", Time since last: 5965748683 ns, Reaching safepoint: 188384 ns, At safepoint: 18334351 ns, Total: 18522735 ns
[2024-02-09T00:25:35.089+0000][7][safepoint   ] Safepoint "Cleanup", Time since last: 7000663414 ns, Reaching safepoint: 67402 ns, At safepoint: 19971 ns, Total: 87373 ns
[2024-02-09T00:25:37.089+0000][7][safepoint   ] Safepoint "Cleanup", Time since last: 2000350657 ns, Reaching safepoint: 102817 ns, At safepoint: 5480 ns, Total: 108297 ns
[2024-02-09T00:25:39.089+0000][7][safepoint   ] Safepoint "Cleanup", Time since last: 2000232036 ns, Reaching safepoint: 56619 ns, At safepoint: 14098 ns, Total: 70717 ns
[2024-02-09T00:25:40.090+0000][7][safepoint   ] Safepoint "Cleanup", Time since last: 1000112946 ns, Reaching safepoint: 124675 ns, At safepoint: 6194 ns, Total: 130869 ns
[2024-02-09T00:25:41.090+0000][7][safepoint   ] Safepoint "Cleanup", Time since last: 1000135008 ns, Reaching safepoint: 70403 ns, At safepoint: 8406 ns, Total: 78809 ns
[2024-02-09T00:25:43.090+0000][7][safepoint   ] Safepoint "Cleanup", Time since last: 2000235345 ns, Reaching safepoint: 102043 ns, At safepoint: 8803 ns, Total: 110846 ns
[2024-02-09T00:25:46.091+0000][7][safepoint   ] Safepoint "Cleanup", Time since last: 3000281965 ns, Reaching safepoint: 115851 ns, At safepoint: 7425 ns, Total: 123276 ns
[2024-02-09T00:26:04.093+0000][7][safepoint   ] Safepoint "Cleanup", Time since last: 18002236319 ns, Reaching safepoint: 123733 ns, At safepoint: 8115 ns, Total: 131848 ns
[2024-02-09T00:26:29.095+0000][7][safepoint   ] Safepoint "Cleanup", Time since last: 25002344499 ns, Reaching safepoint: 56854 ns, At safepoint: 5040 ns, Total: 61894 ns
[2024-02-09T00:26:37.096+0000][7][safepoint   ] Safepoint "Cleanup", Time since last: 8000735932 ns, Reaching safepoint: 99160 ns, At safepoint: 5874 ns, Total: 105034 ns
[2024-02-09T00:26:41.097+0000][7][safepoint   ] Safepoint "Cleanup", Time since last: 4000451484 ns, Reaching safepoint: 101450 ns, At safepoint: 9516 ns, Total: 110966 ns
[2024-02-09T00:26:53.098+0000][7][safepoint   ] Safepoint "Cleanup", Time since last: 12001314761 ns, Reaching safepoint: 79282 ns, At safepoint: 10370 ns, Total: 89652 ns
[2024-02-09T00:27:07.101+0000][7][safepoint   ] Safepoint "Cleanup", Time since last: 14002405294 ns, Reaching safepoint: 96660 ns, At safepoint: 6163 ns, Total: 102823 ns
[2024-02-09T00:27:10.101+0000][7][safepoint   ] Safepoint "Cleanup", Time since last: 3000294726 ns, Reaching safepoint: 102497 ns, At safepoint: 11604 ns, Total: 114101 ns
[2024-02-09T00:27:17.102+0000][7][safepoint   ] Safepoint "Cleanup", Time since last: 7000701800 ns, Reaching safepoint: 122907 ns, At safepoint: 11282 ns, Total: 134189 ns
[2024-02-09T00:27:30.103+0000][7][safepoint   ] Safepoint "Cleanup", Time since last: 13001057644 ns, Reaching safepoint: 42708 ns, At safepoint: 3846 ns, Total: 46554 ns
[2024-02-09T00:27:37.104+0000][7][safepoint   ] Safepoint "Cleanup", Time since last: 7000611459 ns, Reaching safepoint: 56424 ns, At safepoint: 3748 ns, Total: 60172 ns
[2024-02-09T00:27:42.104+0000][7][safepoint   ] Safepoint "Cleanup", Time since last: 5000604504 ns, Reaching safepoint: 72079 ns, At safepoint: 7342 ns, Total: 79421 ns
[2024-02-09T00:28:01.258+0000][7][safepoint   ] Safepoint "Cleanup", Time since last: 19153727072 ns, Reaching safepoint: 49117 ns, At safepoint: 6212 ns, Total: 55329 ns
[2024-02-09T00:28:02.259+0000][7][safepoint   ] Safepoint "Cleanup", Time since last: 1000250916 ns, Reaching safepoint: 101568 ns, At safepoint: 11072 ns, Total: 112640 ns
[2024-02-09T00:28:22.262+0000][7][safepoint   ] Safepoint "Cleanup", Time since last: 20002853528 ns, Reaching safepoint: 67697 ns, At safepoint: 7726 ns, Total: 75423 ns
[2024-02-09T00:28:28.263+0000][7][safepoint   ] Safepoint "Cleanup", Time since last: 6000929821 ns, Reaching safepoint: 140255 ns, At safepoint: 15031 ns, Total: 155286 ns
[2024-02-09T00:28:34.263+0000][7][safepoint   ] Safepoint "Cleanup", Time since last: 6000646594 ns, Reaching safepoint: 98257 ns, At safepoint: 5553 ns, Total: 103810 ns
[2024-02-09T00:28:35.264+0000][7][safepoint   ] Safepoint "Cleanup", Time since last: 1000244261 ns, Reaching safepoint: 68903 ns, At safepoint: 7572 ns, Total: 76475 ns
[2024-02-09T00:28:37.264+0000][7][safepoint   ] Safepoint "Cleanup", Time since last: 2000429691 ns, Reaching safepoint: 99209 ns, At safepoint: 6267 ns, Total: 105476 ns
[2024-02-09T00:28:46.093+0000][7][gc,start    ] GC(27) Pause Young (Normal) (G1 Evacuation Pause)
[2024-02-09T00:28:46.093+0000][7][gc,task     ] GC(27) Using 8 workers of 8 for evacuation
[2024-02-09T00:28:46.093+0000][7][gc,age      ] GC(27) Desired survivor size 41943040 bytes, new threshold 15 (max threshold 15)
[2024-02-09T00:28:46.111+0000][7][gc,phases   ] GC(27)   Pre Evacuate Collection Set: 0.1ms
[2024-02-09T00:28:46.111+0000][7][gc,phases   ] GC(27)   Merge Heap Roots: 0.1ms
[2024-02-09T00:28:46.111+0000][7][gc,phases   ] GC(27)   Evacuate Collection Set: 15.8ms
[2024-02-09T00:28:46.111+0000][7][gc,phases   ] GC(27)   Post Evacuate Collection Set: 1.7ms
[2024-02-09T00:28:46.111+0000][7][gc,phases   ] GC(27)   Other: 0.2ms
[2024-02-09T00:28:46.111+0000][7][gc,age      ] GC(27) Age table with threshold 15 (max threshold 15)
[2024-02-09T00:28:46.111+0000][7][gc,age      ] GC(27) - age   1:     505984 bytes,     505984 total
[2024-02-09T00:28:46.111+0000][7][gc,age      ] GC(27) - age   2:      20568 bytes,     526552 total
[2024-02-09T00:28:46.111+0000][7][gc,age      ] GC(27) - age   3:      60520 bytes,     587072 total
[2024-02-09T00:28:46.111+0000][7][gc,age      ] GC(27) - age   4:     424592 bytes,    1011664 total
[2024-02-09T00:28:46.111+0000][7][gc,age      ] GC(27) - age   5:       4264 bytes,    1015928 total
[2024-02-09T00:28:46.111+0000][7][gc,age      ] GC(27) - age   6:       5208 bytes,    1021136 total
[2024-02-09T00:28:46.111+0000][7][gc,age      ] GC(27) - age   7:      10256 bytes,    1031392 total
[2024-02-09T00:28:46.111+0000][7][gc,age      ] GC(27) - age   8:      31000 bytes,    1062392 total
[2024-02-09T00:28:46.111+0000][7][gc,age      ] GC(27) - age   9:    1123616 bytes,    2186008 total
[2024-02-09T00:28:46.111+0000][7][gc,age      ] GC(27) - age  10:     255592 bytes,    2441600 total
[2024-02-09T00:28:46.111+0000][7][gc,age      ] GC(27) - age  11:      21640 bytes,    2463240 total
[2024-02-09T00:28:46.111+0000][7][gc,age      ] GC(27) - age  12:    1864968 bytes,    4328208 total
[2024-02-09T00:28:46.111+0000][7][gc,age      ] GC(27) - age  13:    3026224 bytes,    7354432 total
[2024-02-09T00:28:46.111+0000][7][gc,age      ] GC(27) - age  14:    5793232 bytes,   13147664 total
[2024-02-09T00:28:46.111+0000][7][gc,age      ] GC(27) - age  15:      16304 bytes,   13163968 total
[2024-02-09T00:28:46.111+0000][7][gc,heap     ] GC(27) Eden regions: 146->0(149)
[2024-02-09T00:28:46.111+0000][7][gc,heap     ] GC(27) Survivor regions: 7->4(20)
[2024-02-09T00:28:46.111+0000][7][gc,heap     ] GC(27) Old regions: 16->19
[2024-02-09T00:28:46.111+0000][7][gc,heap     ] GC(27) Archive regions: 2->2
[2024-02-09T00:28:46.111+0000][7][gc,heap     ] GC(27) Humongous regions: 0->0
[2024-02-09T00:28:46.111+0000][7][gc,metaspace] GC(27) Metaspace: 127599K(131328K)->127599K(131328K) NonClass: 110767K(112704K)->110767K(112704K) Class: 16831K(18624K)->16831K(18624K)
[2024-02-09T00:28:46.111+0000][7][gc          ] GC(27) Pause Young (Normal) (G1 Evacuation Pause) 677M->93M(1024M) 18.135ms
[2024-02-09T00:28:46.111+0000][7][gc,cpu      ] GC(27) User=0.11s Sys=0.00s Real=0.02s
[2024-02-09T00:28:46.111+0000][7][safepoint   ] Safepoint "G1CollectForAllocation", Time since last: 8828537676 ns, Reaching safepoint: 90516 ns, At safepoint: 18231977 ns, Total: 18322493 ns
[2024-02-09T00:29:11.114+0000][7][safepoint   ] Safepoint "Cleanup", Time since last: 25002359105 ns, Reaching safepoint: 68141 ns, At safepoint: 6007 ns, Total: 74148 ns
[2024-02-09T00:29:16.114+0000][7][safepoint   ] Safepoint "Cleanup", Time since last: 5000506224 ns, Reaching safepoint: 56655 ns, At safepoint: 6012 ns, Total: 62667 ns
[2024-02-09T00:29:28.116+0000][7][safepoint   ] Safepoint "Cleanup", Time since last: 12002289068 ns, Reaching safepoint: 96443 ns, At safepoint: 4899 ns, Total: 101342 ns
[2024-02-09T00:29:37.117+0000][7][safepoint   ] Safepoint "Cleanup", Time since last: 9000779573 ns, Reaching safepoint: 154283 ns, At safepoint: 8795 ns, Total: 163078 ns
[2024-02-09T00:29:49.119+0000][7][safepoint   ] Safepoint "Cleanup", Time since last: 12000988118 ns, Reaching safepoint: 95544 ns, At safepoint: 9026 ns, Total: 104570 ns
[2024-02-09T00:30:07.120+0000][7][safepoint   ] Safepoint "Cleanup", Time since last: 18001572140 ns, Reaching safepoint: 49147 ns, At safepoint: 3421 ns, Total: 52568 ns
[2024-02-09T00:30:17.121+0000][7][safepoint   ] Safepoint "Cleanup", Time since last: 10000879078 ns, Reaching safepoint: 69119 ns, At safepoint: 2947 ns, Total: 72066 ns
[2024-02-09T00:30:19.121+0000][7][safepoint   ] Safepoint "Cleanup", Time since last: 2000200621 ns, Reaching safepoint: 66034 ns, At safepoint: 18989 ns, Total: 85023 ns
[2024-02-09T00:30:29.122+0000][7][safepoint   ] Safepoint "Cleanup", Time since last: 10000873426 ns, Reaching safepoint: 69284 ns, At safepoint: 5694 ns, Total: 74978 ns
[2024-02-09T00:30:37.123+0000][7][safepoint   ] Safepoint "Cleanup", Time since last: 8000867648 ns, Reaching safepoint: 80067 ns, At safepoint: 6507 ns, Total: 86574 ns
[2024-02-09T00:31:22.127+0000][7][safepoint   ] Safepoint "Cleanup", Time since last: 45003961769 ns, Reaching safepoint: 59299 ns, At safepoint: 3744 ns, Total: 63043 ns
[2024-02-09T00:31:23.128+0000][7][safepoint   ] Safepoint "Cleanup", Time since last: 1000130083 ns, Reaching safepoint: 59490 ns, At safepoint: 6347 ns, Total: 65837 ns
[2024-02-09T00:31:30.128+0000][7][safepoint   ] Safepoint "Cleanup", Time since last: 7000637345 ns, Reaching safepoint: 86302 ns, At safepoint: 6719 ns, Total: 93021 ns
[2024-02-09T00:31:47.130+0000][7][safepoint   ] Safepoint "Cleanup", Time since last: 17001502029 ns, Reaching safepoint: 73634 ns, At safepoint: 6581 ns, Total: 80215 ns
[2024-02-09T00:32:01.132+0000][7][safepoint   ] Safepoint "Cleanup", Time since last: 14002101701 ns, Reaching safepoint: 67692 ns, At safepoint: 7156 ns, Total: 74848 ns
[2024-02-09T00:32:07.133+0000][7][safepoint   ] Safepoint "Cleanup", Time since last: 6000639134 ns, Reaching safepoint: 85733 ns, At safepoint: 5167 ns, Total: 90900 ns
[2024-02-09T00:32:13.133+0000][7][safepoint   ] Safepoint "Cleanup", Time since last: 6000576679 ns, Reaching safepoint: 70106 ns, At safepoint: 6209 ns, Total: 76315 ns
[2024-02-09T00:32:16.134+0000][7][safepoint   ] Safepoint "Cleanup", Time since last: 3000279455 ns, Reaching safepoint: 69675 ns, At safepoint: 5329 ns, Total: 75004 ns
[2024-02-09T00:32:23.135+0000][7][safepoint   ] Safepoint "Cleanup", Time since last: 7000830283 ns, Reaching safepoint: 128077 ns, At safepoint: 9130 ns, Total: 137207 ns
[2024-02-09T00:32:25.135+0000][7][safepoint   ] Safepoint "Cleanup", Time since last: 2000278283 ns, Reaching safepoint: 79647 ns, At safepoint: 6295 ns, Total: 85942 ns
[2024-02-09T00:32:27.135+0000][7][safepoint   ] Safepoint "Cleanup", Time since last: 2000212122 ns, Reaching safepoint: 68963 ns, At safepoint: 6414 ns, Total: 75377 ns
[2024-02-09T00:32:28.121+0000][7][gc,start    ] GC(28) Pause Young (Normal) (G1 Evacuation Pause)
[2024-02-09T00:32:28.121+0000][7][gc,task     ] GC(28) Using 8 workers of 8 for evacuation
[2024-02-09T00:32:28.121+0000][7][gc,age      ] GC(28) Desired survivor size 41943040 bytes, new threshold 15 (max threshold 15)
[2024-02-09T00:32:28.143+0000][7][gc,phases   ] GC(28)   Pre Evacuate Collection Set: 0.1ms
[2024-02-09T00:32:28.143+0000][7][gc,phases   ] GC(28)   Merge Heap Roots: 0.1ms
[2024-02-09T00:32:28.143+0000][7][gc,phases   ] GC(28)   Evacuate Collection Set: 16.6ms
[2024-02-09T00:32:28.143+0000][7][gc,phases   ] GC(28)   Post Evacuate Collection Set: 5.0ms
[2024-02-09T00:32:28.143+0000][7][gc,phases   ] GC(28)   Other: 0.1ms
[2024-02-09T00:32:28.143+0000][7][gc,age      ] GC(28) Age table with threshold 15 (max threshold 15)
[2024-02-09T00:32:28.143+0000][7][gc,age      ] GC(28) - age   1:    1215792 bytes,    1215792 total
[2024-02-09T00:32:28.143+0000][7][gc,age      ] GC(28) - age   2:      21152 bytes,    1236944 total
[2024-02-09T00:32:28.143+0000][7][gc,age      ] GC(28) - age   3:      18816 bytes,    1255760 total
[2024-02-09T00:32:28.143+0000][7][gc,age      ] GC(28) - age   4:      60416 bytes,    1316176 total
[2024-02-09T00:32:28.143+0000][7][gc,age      ] GC(28) - age   5:     424408 bytes,    1740584 total
[2024-02-09T00:32:28.143+0000][7][gc,age      ] GC(28) - age   6:       4264 bytes,    1744848 total
[2024-02-09T00:32:28.143+0000][7][gc,age      ] GC(28) - age   7:       5208 bytes,    1750056 total
[2024-02-09T00:32:28.143+0000][7][gc,age      ] GC(28) - age   8:       9872 bytes,    1759928 total
[2024-02-09T00:32:28.143+0000][7][gc,age      ] GC(28) - age   9:      31000 bytes,    1790928 total
[2024-02-09T00:32:28.143+0000][7][gc,age      ] GC(28) - age  10:    1123616 bytes,    2914544 total
[2024-02-09T00:32:28.143+0000][7][gc,age      ] GC(28) - age  11:     255592 bytes,    3170136 total
[2024-02-09T00:32:28.143+0000][7][gc,age      ] GC(28) - age  12:      21640 bytes,    3191776 total
[2024-02-09T00:32:28.143+0000][7][gc,age      ] GC(28) - age  13:    1864968 bytes,    5056744 total
[2024-02-09T00:32:28.143+0000][7][gc,age      ] GC(28) - age  14:    3026224 bytes,    8082968 total
[2024-02-09T00:32:28.143+0000][7][gc,age      ] GC(28) - age  15:    5793232 bytes,   13876200 total
[2024-02-09T00:32:28.143+0000][7][gc,heap     ] GC(28) Eden regions: 149->0(149)
[2024-02-09T00:32:28.143+0000][7][gc,heap     ] GC(28) Survivor regions: 4->4(20)
[2024-02-09T00:32:28.143+0000][7][gc,heap     ] GC(28) Old regions: 19->19
[2024-02-09T00:32:28.143+0000][7][gc,heap     ] GC(28) Archive regions: 2->2
[2024-02-09T00:32:28.143+0000][7][gc,heap     ] GC(28) Humongous regions: 0->0
[2024-02-09T00:32:28.143+0000][7][gc,metaspace] GC(28) Metaspace: 127636K(131328K)->127636K(131328K) NonClass: 110803K(112704K)->110803K(112704K) Class: 16832K(18624K)->16832K(18624K)
[2024-02-09T00:32:28.143+0000][7][gc          ] GC(28) Pause Young (Normal) (G1 Evacuation Pause) 689M->92M(1024M) 22.374ms
[2024-02-09T00:32:28.143+0000][7][gc,cpu      ] GC(28) User=0.06s Sys=0.00s Real=0.02s
[2024-02-09T00:32:28.143+0000][7][safepoint   ] Safepoint "G1CollectForAllocation", Time since last: 985472323 ns, Reaching safepoint: 57571 ns, At safepoint: 22471171 ns, Total: 22528742 ns
[2024-02-09T00:32:35.144+0000][7][safepoint   ] Safepoint "Cleanup", Time since last: 7000895373 ns, Reaching safepoint: 105297 ns, At safepoint: 6078 ns, Total: 111375 ns
[2024-02-09T00:32:37.145+0000][7][safepoint   ] Safepoint "Cleanup", Time since last: 2000202274 ns, Reaching safepoint: 66140 ns, At safepoint: 7181 ns, Total: 73321 ns
[2024-02-09T00:32:40.145+0000][7][safepoint   ] Safepoint "Cleanup", Time since last: 3000266048 ns, Reaching safepoint: 54457 ns, At safepoint: 4986 ns, Total: 59443 ns
[2024-02-09T00:32:59.146+0000][7][safepoint   ] Safepoint "Cleanup", Time since last: 19001458204 ns, Reaching safepoint: 73278 ns, At safepoint: 5467 ns, Total: 78745 ns
[2024-02-09T00:33:04.147+0000][7][safepoint   ] Safepoint "Cleanup", Time since last: 5000459520 ns, Reaching safepoint: 42125 ns, At safepoint: 3453 ns, Total: 45578 ns
[2024-02-09T00:33:22.149+0000][7][safepoint   ] Safepoint "Cleanup", Time since last: 18001945154 ns, Reaching safepoint: 56046 ns, At safepoint: 7012 ns, Total: 63058 ns
[2024-02-09T00:33:34.150+0000][7][safepoint   ] Safepoint "Cleanup", Time since last: 12001233388 ns, Reaching safepoint: 118204 ns, At safepoint: 6248 ns, Total: 124452 ns
[2024-02-09T00:33:37.151+0000][7][safepoint   ] Safepoint "Cleanup", Time since last: 3000362445 ns, Reaching safepoint: 91108 ns, At safepoint: 5235 ns, Total: 96343 ns
[2024-02-09T00:33:40.151+0000][7][safepoint   ] Safepoint "Cleanup", Time since last: 3000252407 ns, Reaching safepoint: 126805 ns, At safepoint: 32447 ns, Total: 159252 ns
[2024-02-09T00:33:48.152+0000][7][safepoint   ] Safepoint "Cleanup", Time since last: 8000721696 ns, Reaching safepoint: 64458 ns, At safepoint: 6141 ns, Total: 70599 ns
[2024-02-09T00:33:52.153+0000][7][safepoint   ] Safepoint "Cleanup", Time since last: 4000400102 ns, Reaching safepoint: 113120 ns, At safepoint: 5363 ns, Total: 118483 ns
[2024-02-09T00:34:00.153+0000][7][safepoint   ] Safepoint "Cleanup", Time since last: 8000639585 ns, Reaching safepoint: 62670 ns, At safepoint: 3910 ns, Total: 66580 ns
[2024-02-09T00:34:10.154+0000][7][safepoint   ] Safepoint "Cleanup", Time since last: 10000882242 ns, Reaching safepoint: 89812 ns, At safepoint: 4998 ns, Total: 94810 ns
[2024-02-09T00:34:28.157+0000][7][safepoint   ] Safepoint "Cleanup", Time since last: 18002526052 ns, Reaching safepoint: 122316 ns, At safepoint: 8546 ns, Total: 130862 ns
[2024-02-09T00:34:37.158+0000][7][safepoint   ] Safepoint "Cleanup", Time since last: 9000963335 ns, Reaching safepoint: 90709 ns, At safepoint: 6298 ns, Total: 97007 ns
[2024-02-09T00:34:41.159+0000][7][safepoint   ] Safepoint "Cleanup", Time since last: 4000565267 ns, Reaching safepoint: 73354 ns, At safepoint: 8824 ns, Total: 82178 ns
[2024-02-09T00:35:04.161+0000][7][safepoint   ] Safepoint "Cleanup", Time since last: 23002776983 ns, Reaching safepoint: 74249 ns, At safepoint: 6603 ns, Total: 80852 ns
[2024-02-09T00:35:22.164+0000][7][safepoint   ] Safepoint "Cleanup", Time since last: 18001995826 ns, Reaching safepoint: 92283 ns, At safepoint: 11243 ns, Total: 103526 ns
[2024-02-09T00:35:34.165+0000][7][safepoint   ] Safepoint "Cleanup", Time since last: 12001442154 ns, Reaching safepoint: 82025 ns, At safepoint: 8140 ns, Total: 90165 ns
[2024-02-09T00:35:41.166+0000][7][safepoint   ] Safepoint "Cleanup", Time since last: 7000622851 ns, Reaching safepoint: 111102 ns, At safepoint: 8288 ns, Total: 119390 ns
[2024-02-09T00:35:42.166+0000][7][safepoint   ] Safepoint "Cleanup", Time since last: 1000134851 ns, Reaching safepoint: 90158 ns, At safepoint: 6574 ns, Total: 96732 ns
[2024-02-09T00:35:47.167+0000][7][safepoint   ] Safepoint "Cleanup", Time since last: 5000688330 ns, Reaching safepoint: 99414 ns, At safepoint: 9678 ns, Total: 109092 ns
[2024-02-09T00:35:52.168+0000][7][safepoint   ] Safepoint "Cleanup", Time since last: 5000594333 ns, Reaching safepoint: 99632 ns, At safepoint: 11215 ns, Total: 110847 ns
[2024-02-09T00:35:57.168+0000][7][safepoint   ] Safepoint "Cleanup", Time since last: 5000668512 ns, Reaching safepoint: 113693 ns, At safepoint: 9989 ns, Total: 123682 ns
[2024-02-09T00:35:58.111+0000][7][gc,start    ] GC(29) Pause Young (Normal) (G1 Evacuation Pause)
[2024-02-09T00:35:58.111+0000][7][gc,task     ] GC(29) Using 8 workers of 8 for evacuation
[2024-02-09T00:35:58.111+0000][7][gc,age      ] GC(29) Desired survivor size 41943040 bytes, new threshold 15 (max threshold 15)
[2024-02-09T00:35:58.122+0000][7][gc,phases   ] GC(29)   Pre Evacuate Collection Set: 0.1ms
[2024-02-09T00:35:58.122+0000][7][gc,phases   ] GC(29)   Merge Heap Roots: 0.1ms
[2024-02-09T00:35:58.122+0000][7][gc,phases   ] GC(29)   Evacuate Collection Set: 9.0ms
[2024-02-09T00:35:58.122+0000][7][gc,phases   ] GC(29)   Post Evacuate Collection Set: 1.3ms
[2024-02-09T00:35:58.122+0000][7][gc,phases   ] GC(29)   Other: 0.1ms
[2024-02-09T00:35:58.122+0000][7][gc,age      ] GC(29) Age table with threshold 15 (max threshold 15)
[2024-02-09T00:35:58.122+0000][7][gc,age      ] GC(29) - age   1:    1714328 bytes,    1714328 total
[2024-02-09T00:35:58.122+0000][7][gc,age      ] GC(29) - age   2:       6800 bytes,    1721128 total
[2024-02-09T00:35:58.122+0000][7][gc,age      ] GC(29) - age   3:      12336 bytes,    1733464 total
[2024-02-09T00:35:58.122+0000][7][gc,age      ] GC(29) - age   4:      18688 bytes,    1752152 total
[2024-02-09T00:35:58.122+0000][7][gc,age      ] GC(29) - age   5:      60416 bytes,    1812568 total
[2024-02-09T00:35:58.122+0000][7][gc,age      ] GC(29) - age   6:     338736 bytes,    2151304 total
[2024-02-09T00:35:58.122+0000][7][gc,age      ] GC(29) - age   7:       4264 bytes,    2155568 total
[2024-02-09T00:35:58.122+0000][7][gc,age      ] GC(29) - age   8:       5208 bytes,    2160776 total
[2024-02-09T00:35:58.122+0000][7][gc,age      ] GC(29) - age   9:       9872 bytes,    2170648 total
[2024-02-09T00:35:58.122+0000][7][gc,age      ] GC(29) - age  10:      31000 bytes,    2201648 total
[2024-02-09T00:35:58.122+0000][7][gc,age      ] GC(29) - age  11:    1123616 bytes,    3325264 total
[2024-02-09T00:35:58.122+0000][7][gc,age      ] GC(29) - age  12:     255592 bytes,    3580856 total
[2024-02-09T00:35:58.122+0000][7][gc,age      ] GC(29) - age  13:      21640 bytes,    3602496 total
[2024-02-09T00:35:58.122+0000][7][gc,age      ] GC(29) - age  14:    1864968 bytes,    5467464 total
[2024-02-09T00:35:58.122+0000][7][gc,age      ] GC(29) - age  15:    3026224 bytes,    8493688 total
[2024-02-09T00:35:58.122+0000][7][gc,heap     ] GC(29) Eden regions: 149->0(150)
[2024-02-09T00:35:58.122+0000][7][gc,heap     ] GC(29) Survivor regions: 4->3(20)
[2024-02-09T00:35:58.122+0000][7][gc,heap     ] GC(29) Old regions: 19->21
[2024-02-09T00:35:58.122+0000][7][gc,heap     ] GC(29) Archive regions: 2->2
[2024-02-09T00:35:58.122+0000][7][gc,heap     ] GC(29) Humongous regions: 0->0
[2024-02-09T00:35:58.122+0000][7][gc,metaspace] GC(29) Metaspace: 127658K(131328K)->127658K(131328K) NonClass: 110826K(112704K)->110826K(112704K) Class: 16832K(18624K)->16832K(18624K)
[2024-02-09T00:35:58.122+0000][7][gc          ] GC(29) Pause Young (Normal) (G1 Evacuation Pause) 688M->93M(1024M) 10.940ms
[2024-02-09T00:35:58.122+0000][7][gc,cpu      ] GC(29) User=0.06s Sys=0.00s Real=0.01s
[2024-02-09T00:35:58.122+0000][7][safepoint   ] Safepoint "G1CollectForAllocation", Time since last: 942536723 ns, Reaching safepoint: 111473 ns, At safepoint: 11038721 ns, Total: 11150194 ns
[2024-02-09T00:36:01.123+0000][7][safepoint   ] Safepoint "Cleanup", Time since last: 3000485742 ns, Reaching safepoint: 62352 ns, At safepoint: 6013 ns, Total: 68365 ns
[2024-02-09T00:36:03.123+0000][7][safepoint   ] Safepoint "Cleanup", Time since last: 2000238659 ns, Reaching safepoint: 82384 ns, At safepoint: 8925 ns, Total: 91309 ns
[2024-02-09T00:36:11.124+0000][7][safepoint   ] Safepoint "Cleanup", Time since last: 8000974735 ns, Reaching safepoint: 118439 ns, At safepoint: 24101 ns, Total: 142540 ns
[2024-02-09T00:36:30.126+0000][7][safepoint   ] Safepoint "Cleanup", Time since last: 19001888204 ns, Reaching safepoint: 112201 ns, At safepoint: 5636 ns, Total: 117837 ns
[2024-02-09T00:36:31.126+0000][7][safepoint   ] Safepoint "Cleanup", Time since last: 1000227531 ns, Reaching safepoint: 68255 ns, At safepoint: 7928 ns, Total: 76183 ns
[2024-02-09T00:36:34.127+0000][7][safepoint   ] Safepoint "Cleanup", Time since last: 3000307981 ns, Reaching safepoint: 66634 ns, At safepoint: 8271 ns, Total: 74905 ns
[2024-02-09T00:36:37.127+0000][7][safepoint   ] Safepoint "Cleanup", Time since last: 3000468045 ns, Reaching safepoint: 106879 ns, At safepoint: 12386 ns, Total: 119265 ns
[2024-02-09T00:37:00.130+0000][7][safepoint   ] Safepoint "Cleanup", Time since last: 23002079407 ns, Reaching safepoint: 124412 ns, At safepoint: 24778 ns, Total: 149190 ns
[2024-02-09T00:37:04.130+0000][7][safepoint   ] Safepoint "Cleanup", Time since last: 4000557391 ns, Reaching safepoint: 175453 ns, At safepoint: 24051 ns, Total: 199504 ns
[2024-02-09T00:37:10.131+0000][7][safepoint   ] Safepoint "Cleanup", Time since last: 6000815317 ns, Reaching safepoint: 155375 ns, At safepoint: 15663 ns, Total: 171038 ns
[2024-02-09T00:37:12.132+0000][7][safepoint   ] Safepoint "Cleanup", Time since last: 2000359969 ns, Reaching safepoint: 104828 ns, At safepoint: 8262 ns, Total: 113090 ns
[2024-02-09T00:37:22.133+0000][7][safepoint   ] Safepoint "Cleanup", Time since last: 10000922981 ns, Reaching safepoint: 55258 ns, At safepoint: 10268 ns, Total: 65526 ns
[2024-02-09T00:37:23.133+0000][7][safepoint   ] Safepoint "Cleanup", Time since last: 1000125589 ns, Reaching safepoint: 73959 ns, At safepoint: 8301 ns, Total: 82260 ns
[2024-02-09T00:37:30.134+0000][7][safepoint   ] Safepoint "Cleanup", Time since last: 7000740807 ns, Reaching safepoint: 78425 ns, At safepoint: 7236 ns, Total: 85661 ns
[2024-02-09T00:37:37.135+0000][7][safepoint   ] Safepoint "Cleanup", Time since last: 7000876582 ns, Reaching safepoint: 88811 ns, At safepoint: 5608 ns, Total: 94419 ns
[2024-02-09T00:37:41.136+0000][7][safepoint   ] Safepoint "Cleanup", Time since last: 4000730351 ns, Reaching safepoint: 112757 ns, At safepoint: 15201 ns, Total: 127958 ns
[2024-02-09T00:37:53.137+0000][7][safepoint   ] Safepoint "Cleanup", Time since last: 12001402690 ns, Reaching safepoint: 114904 ns, At safepoint: 7251 ns, Total: 122155 ns
[2024-02-09T00:38:16.139+0000][7][safepoint   ] Safepoint "Cleanup", Time since last: 23002269938 ns, Reaching safepoint: 71252 ns, At safepoint: 8202 ns, Total: 79454 ns
[2024-02-09T00:38:34.141+0000][7][safepoint   ] Safepoint "Cleanup", Time since last: 18001726803 ns, Reaching safepoint: 88739 ns, At safepoint: 8259 ns, Total: 96998 ns
[2024-02-09T00:38:37.142+0000][7][safepoint   ] Safepoint "Cleanup", Time since last: 3000272082 ns, Reaching safepoint: 100035 ns, At safepoint: 6972 ns, Total: 107007 ns
[2024-02-09T00:38:46.143+0000][7][safepoint   ] Safepoint "Cleanup", Time since last: 9000905283 ns, Reaching safepoint: 103096 ns, At safepoint: 5687 ns, Total: 108783 ns
[2024-02-09T00:39:00.145+0000][7][safepoint   ] Safepoint "Cleanup", Time since last: 14001776365 ns, Reaching safepoint: 104441 ns, At safepoint: 22405 ns, Total: 126846 ns
[2024-02-09T00:39:11.146+0000][7][safepoint   ] Safepoint "Cleanup", Time since last: 11001056883 ns, Reaching safepoint: 79555 ns, At safepoint: 44340 ns, Total: 123895 ns
[2024-02-09T00:39:28.148+0000][7][safepoint   ] Safepoint "Cleanup", Time since last: 17002038244 ns, Reaching safepoint: 81140 ns, At safepoint: 5793 ns, Total: 86933 ns
[2024-02-09T00:39:30.148+0000][7][safepoint   ] Safepoint "Cleanup", Time since last: 2000351429 ns, Reaching safepoint: 55218 ns, At safepoint: 12123 ns, Total: 67341 ns
[2024-02-09T00:39:31.105+0000][7][gc,start    ] GC(30) Pause Young (Normal) (G1 Evacuation Pause)
[2024-02-09T00:39:31.105+0000][7][gc,task     ] GC(30) Using 8 workers of 8 for evacuation
[2024-02-09T00:39:31.105+0000][7][gc,age      ] GC(30) Desired survivor size 41943040 bytes, new threshold 15 (max threshold 15)
[2024-02-09T00:39:31.115+0000][7][gc,phases   ] GC(30)   Pre Evacuate Collection Set: 0.1ms
[2024-02-09T00:39:31.115+0000][7][gc,phases   ] GC(30)   Merge Heap Roots: 0.1ms
[2024-02-09T00:39:31.115+0000][7][gc,phases   ] GC(30)   Evacuate Collection Set: 8.8ms
[2024-02-09T00:39:31.115+0000][7][gc,phases   ] GC(30)   Post Evacuate Collection Set: 1.1ms
[2024-02-09T00:39:31.115+0000][7][gc,phases   ] GC(30)   Other: 0.1ms
[2024-02-09T00:39:31.115+0000][7][gc,age      ] GC(30) Age table with threshold 15 (max threshold 15)
[2024-02-09T00:39:31.115+0000][7][gc,age      ] GC(30) - age   1:    1334784 bytes,    1334784 total
[2024-02-09T00:39:31.115+0000][7][gc,age      ] GC(30) - age   2:      12216 bytes,    1347000 total
[2024-02-09T00:39:31.115+0000][7][gc,age      ] GC(30) - age   3:       4648 bytes,    1351648 total
[2024-02-09T00:39:31.115+0000][7][gc,age      ] GC(30) - age   4:       7816 bytes,    1359464 total
[2024-02-09T00:39:31.115+0000][7][gc,age      ] GC(30) - age   5:      18688 bytes,    1378152 total
[2024-02-09T00:39:31.115+0000][7][gc,age      ] GC(30) - age   6:      60232 bytes,    1438384 total
[2024-02-09T00:39:31.115+0000][7][gc,age      ] GC(30) - age   7:     338576 bytes,    1776960 total
[2024-02-09T00:39:31.115+0000][7][gc,age      ] GC(30) - age   8:       4264 bytes,    1781224 total
[2024-02-09T00:39:31.115+0000][7][gc,age      ] GC(30) - age   9:       5184 bytes,    1786408 total
[2024-02-09T00:39:31.115+0000][7][gc,age      ] GC(30) - age  10:       9872 bytes,    1796280 total
[2024-02-09T00:39:31.115+0000][7][gc,age      ] GC(30) - age  11:      31000 bytes,    1827280 total
[2024-02-09T00:39:31.115+0000][7][gc,age      ] GC(30) - age  12:    1123616 bytes,    2950896 total
[2024-02-09T00:39:31.115+0000][7][gc,age      ] GC(30) - age  13:     255592 bytes,    3206488 total
[2024-02-09T00:39:31.115+0000][7][gc,age      ] GC(30) - age  14:      21640 bytes,    3228128 total
[2024-02-09T00:39:31.115+0000][7][gc,age      ] GC(30) - age  15:    1864968 bytes,    5093096 total
[2024-02-09T00:39:31.115+0000][7][gc,heap     ] GC(30) Eden regions: 150->0(151)
[2024-02-09T00:39:31.115+0000][7][gc,heap     ] GC(30) Survivor regions: 3->2(20)
[2024-02-09T00:39:31.115+0000][7][gc,heap     ] GC(30) Old regions: 21->21
[2024-02-09T00:39:31.115+0000][7][gc,heap     ] GC(30) Archive regions: 2->2
[2024-02-09T00:39:31.115+0000][7][gc,heap     ] GC(30) Humongous regions: 0->0
[2024-02-09T00:39:31.115+0000][7][gc,metaspace] GC(30) Metaspace: 127687K(131392K)->127687K(131392K) NonClass: 110854K(112768K)->110854K(112768K) Class: 16832K(18624K)->16832K(18624K)
[2024-02-09T00:39:31.115+0000][7][gc          ] GC(30) Pause Young (Normal) (G1 Evacuation Pause) 693M->93M(1024M) 10.635ms
[2024-02-09T00:39:31.115+0000][7][gc,cpu      ] GC(30) User=0.06s Sys=0.00s Real=0.00s
[2024-02-09T00:39:31.115+0000][7][safepoint   ] Safepoint "G1CollectForAllocation", Time since last: 956291326 ns, Reaching safepoint: 56667 ns, At safepoint: 10740429 ns, Total: 10797096 ns
[2024-02-09T00:39:37.116+0000][7][safepoint   ] Safepoint "Cleanup", Time since last: 6000684518 ns, Reaching safepoint: 53515 ns, At safepoint: 4873 ns, Total: 58388 ns
[2024-02-09T00:39:46.117+0000][7][safepoint   ] Safepoint "Cleanup", Time since last: 9001015743 ns, Reaching safepoint: 54330 ns, At safepoint: 5988 ns, Total: 60318 ns
[2024-02-09T00:39:52.118+0000][7][safepoint   ] Safepoint "Cleanup", Time since last: 6000587880 ns, Reaching safepoint: 148493 ns, At safepoint: 9779 ns, Total: 158272 ns
[2024-02-09T00:39:55.119+0000][7][safepoint   ] Safepoint "Cleanup", Time since last: 3000398016 ns, Reaching safepoint: 126788 ns, At safepoint: 10474 ns, Total: 137262 ns
[2024-02-09T00:39:58.119+0000][7][safepoint   ] Safepoint "Cleanup", Time since last: 3000331065 ns, Reaching safepoint: 124730 ns, At safepoint: 10569 ns, Total: 135299 ns
[2024-02-09T00:40:05.120+0000][7][safepoint   ] Safepoint "Cleanup", Time since last: 7000992997 ns, Reaching safepoint: 62003 ns, At safepoint: 7237 ns, Total: 69240 ns
[2024-02-09T00:40:17.122+0000][7][safepoint   ] Safepoint "Cleanup", Time since last: 12001496751 ns, Reaching safepoint: 101341 ns, At safepoint: 8921 ns, Total: 110262 ns
[2024-02-09T00:40:29.123+0000][7][safepoint   ] Safepoint "Cleanup", Time since last: 12001670803 ns, Reaching safepoint: 85745 ns, At safepoint: 7936 ns, Total: 93681 ns
[2024-02-09T00:40:31.124+0000][7][safepoint   ] Safepoint "Cleanup", Time since last: 2000346488 ns, Reaching safepoint: 77895 ns, At safepoint: 6155 ns, Total: 84050 ns
[2024-02-09T00:40:34.125+0000][7][safepoint   ] Safepoint "Cleanup", Time since last: 3000514640 ns, Reaching safepoint: 138806 ns, At safepoint: 12957 ns, Total: 151763 ns
[2024-02-09T00:40:37.125+0000][7][safepoint   ] Safepoint "Cleanup", Time since last: 3000281887 ns, Reaching safepoint: 109888 ns, At safepoint: 8243 ns, Total: 118131 ns
[2024-02-09T00:41:14.129+0000][7][safepoint   ] Safepoint "Cleanup", Time since last: 37004072521 ns, Reaching safepoint: 131209 ns, At safepoint: 6695 ns, Total: 137904 ns
[2024-02-09T00:41:41.132+0000][7][safepoint   ] Safepoint "Cleanup", Time since last: 27002937002 ns, Reaching safepoint: 112899 ns, At safepoint: 6908 ns, Total: 119807 ns
[2024-02-09T00:42:11.135+0000][7][safepoint   ] Safepoint "Cleanup", Time since last: 30002681979 ns, Reaching safepoint: 74181 ns, At safepoint: 23979 ns, Total: 98160 ns
[2024-02-09T00:42:37.138+0000][7][safepoint   ] Safepoint "Cleanup", Time since last: 26002715129 ns, Reaching safepoint: 115872 ns, At safepoint: 4772 ns, Total: 120644 ns
[2024-02-09T00:42:41.138+0000][7][safepoint   ] Safepoint "Cleanup", Time since last: 4000320785 ns, Reaching safepoint: 47851 ns, At safepoint: 4097 ns, Total: 51948 ns
[2024-02-09T00:43:00.140+0000][7][safepoint   ] Safepoint "Cleanup", Time since last: 19001594096 ns, Reaching safepoint: 72616 ns, At safepoint: 24153 ns, Total: 96769 ns
[2024-02-09T00:43:01.140+0000][7][safepoint   ] Safepoint "Cleanup", Time since last: 1000141962 ns, Reaching safepoint: 61795 ns, At safepoint: 6348 ns, Total: 68143 ns
[2024-02-09T00:43:05.141+0000][7][safepoint   ] Safepoint "Cleanup", Time since last: 4000466316 ns, Reaching safepoint: 82761 ns, At safepoint: 11380 ns, Total: 94141 ns
[2024-02-09T00:43:07.159+0000][7][gc,start    ] GC(31) Pause Young (Normal) (G1 Evacuation Pause)
[2024-02-09T00:43:07.159+0000][7][gc,task     ] GC(31) Using 8 workers of 8 for evacuation
[2024-02-09T00:43:07.159+0000][7][gc,age      ] GC(31) Desired survivor size 41943040 bytes, new threshold 15 (max threshold 15)
[2024-02-09T00:43:07.165+0000][7][gc,phases   ] GC(31)   Pre Evacuate Collection Set: 0.1ms
[2024-02-09T00:43:07.165+0000][7][gc,phases   ] GC(31)   Merge Heap Roots: 0.1ms
[2024-02-09T00:43:07.165+0000][7][gc,phases   ] GC(31)   Evacuate Collection Set: 5.4ms
[2024-02-09T00:43:07.165+0000][7][gc,phases   ] GC(31)   Post Evacuate Collection Set: 0.8ms
[2024-02-09T00:43:07.165+0000][7][gc,phases   ] GC(31)   Other: 0.1ms
[2024-02-09T00:43:07.165+0000][7][gc,age      ] GC(31) Age table with threshold 15 (max threshold 15)
[2024-02-09T00:43:07.165+0000][7][gc,age      ] GC(31) - age   1:     338168 bytes,     338168 total
[2024-02-09T00:43:07.165+0000][7][gc,age      ] GC(31) - age   2:      10776 bytes,     348944 total
[2024-02-09T00:43:07.165+0000][7][gc,age      ] GC(31) - age   3:       1928 bytes,     350872 total
[2024-02-09T00:43:07.165+0000][7][gc,age      ] GC(31) - age   4:       4536 bytes,     355408 total
[2024-02-09T00:43:07.165+0000][7][gc,age      ] GC(31) - age   5:       7816 bytes,     363224 total
[2024-02-09T00:43:07.165+0000][7][gc,age      ] GC(31) - age   6:      13448 bytes,     376672 total
[2024-02-09T00:43:07.165+0000][7][gc,age      ] GC(31) - age   7:      60232 bytes,     436904 total
[2024-02-09T00:43:07.165+0000][7][gc,age      ] GC(31) - age   8:     338472 bytes,     775376 total
[2024-02-09T00:43:07.165+0000][7][gc,age      ] GC(31) - age   9:       4264 bytes,     779640 total
[2024-02-09T00:43:07.165+0000][7][gc,age      ] GC(31) - age  10:       5000 bytes,     784640 total
[2024-02-09T00:43:07.165+0000][7][gc,age      ] GC(31) - age  11:       9872 bytes,     794512 total
[2024-02-09T00:43:07.165+0000][7][gc,age      ] GC(31) - age  12:      31000 bytes,     825512 total
[2024-02-09T00:43:07.165+0000][7][gc,age      ] GC(31) - age  13:    1123616 bytes,    1949128 total
[2024-02-09T00:43:07.165+0000][7][gc,age      ] GC(31) - age  14:     255592 bytes,    2204720 total
[2024-02-09T00:43:07.165+0000][7][gc,age      ] GC(31) - age  15:      21640 bytes,    2226360 total
[2024-02-09T00:43:07.165+0000][7][gc,heap     ] GC(31) Eden regions: 151->0(152)
[2024-02-09T00:43:07.165+0000][7][gc,heap     ] GC(31) Survivor regions: 2->1(20)
[2024-02-09T00:43:07.165+0000][7][gc,heap     ] GC(31) Old regions: 21->22
[2024-02-09T00:43:07.165+0000][7][gc,heap     ] GC(31) Archive regions: 2->2
[2024-02-09T00:43:07.165+0000][7][gc,heap     ] GC(31) Humongous regions: 0->0
[2024-02-09T00:43:07.165+0000][7][gc,metaspace] GC(31) Metaspace: 127732K(131456K)->127732K(131456K) NonClass: 110898K(112832K)->110898K(112832K) Class: 16833K(18624K)->16833K(18624K)
[2024-02-09T00:43:07.165+0000][7][gc          ] GC(31) Pause Young (Normal) (G1 Evacuation Pause) 697M->91M(1024M) 6.865ms
[2024-02-09T00:43:07.166+0000][7][gc,cpu      ] GC(31) User=0.03s Sys=0.00s Real=0.01s
[2024-02-09T00:43:07.166+0000][7][safepoint   ] Safepoint "G1CollectForAllocation", Time since last: 2017906626 ns, Reaching safepoint: 38789 ns, At safepoint: 6964018 ns, Total: 7002807 ns
[2024-02-09T00:43:20.146+0000][7][safepoint   ] Safepoint "Cleanup", Time since last: 12979910014 ns, Reaching safepoint: 91147 ns, At safepoint: 3394 ns, Total: 94541 ns
[2024-02-09T00:43:41.148+0000][7][safepoint   ] Safepoint "Cleanup", Time since last: 21002049117 ns, Reaching safepoint: 85509 ns, At safepoint: 6163 ns, Total: 91672 ns
[2024-02-09T00:43:53.149+0000][7][safepoint   ] Safepoint "Cleanup", Time since last: 12001227124 ns, Reaching safepoint: 84807 ns, At safepoint: 10896 ns, Total: 95703 ns
[2024-02-09T00:44:00.150+0000][7][safepoint   ] Safepoint "Cleanup", Time since last: 7000664715 ns, Reaching safepoint: 56662 ns, At safepoint: 6840 ns, Total: 63502 ns
[2024-02-09T00:44:28.153+0000][7][safepoint   ] Safepoint "Cleanup", Time since last: 28002851416 ns, Reaching safepoint: 694053 ns, At safepoint: 13788 ns, Total: 707841 ns
[2024-02-09T00:44:29.154+0000][7][safepoint   ] Safepoint "Cleanup", Time since last: 1000147426 ns, Reaching safepoint: 73499 ns, At safepoint: 8031 ns, Total: 81530 ns
[2024-02-09T00:44:37.154+0000][7][safepoint   ] Safepoint "Cleanup", Time since last: 8000765676 ns, Reaching safepoint: 93094 ns, At safepoint: 6993 ns, Total: 100087 ns
[2024-02-09T00:44:49.156+0000][7][safepoint   ] Safepoint "Cleanup", Time since last: 12001426026 ns, Reaching safepoint: 59281 ns, At safepoint: 6459 ns, Total: 65740 ns
[2024-02-09T00:44:52.156+0000][7][safepoint   ] Safepoint "Cleanup", Time since last: 3000356939 ns, Reaching safepoint: 63128 ns, At safepoint: 7417 ns, Total: 70545 ns
[2024-02-09T00:45:11.140+0000][7][safepoint   ] Safepoint "Cleanup", Time since last: 18983891826 ns, Reaching safepoint: 71491 ns, At safepoint: 10350 ns, Total: 81841 ns
[2024-02-09T00:46:05.145+0000][7][safepoint   ] Safepoint "Cleanup", Time since last: 54005022165 ns, Reaching safepoint: 67377 ns, At safepoint: 19069 ns, Total: 86446 ns
[2024-02-09T00:46:15.146+0000][7][safepoint   ] Safepoint "Cleanup", Time since last: 10000962720 ns, Reaching safepoint: 102656 ns, At safepoint: 6072 ns, Total: 108728 ns
[2024-02-09T00:46:52.125+0000][7][gc,start    ] GC(32) Pause Young (Normal) (G1 Evacuation Pause)
[2024-02-09T00:46:52.125+0000][7][gc,task     ] GC(32) Using 8 workers of 8 for evacuation
[2024-02-09T00:46:52.125+0000][7][gc,age      ] GC(32) Desired survivor size 41943040 bytes, new threshold 15 (max threshold 15)
[2024-02-09T00:46:52.131+0000][7][gc,phases   ] GC(32)   Pre Evacuate Collection Set: 0.1ms
[2024-02-09T00:46:52.131+0000][7][gc,phases   ] GC(32)   Merge Heap Roots: 0.1ms
[2024-02-09T00:46:52.131+0000][7][gc,phases   ] GC(32)   Evacuate Collection Set: 4.3ms
[2024-02-09T00:46:52.131+0000][7][gc,phases   ] GC(32)   Post Evacuate Collection Set: 0.8ms
[2024-02-09T00:46:52.131+0000][7][gc,phases   ] GC(32)   Other: 0.1ms
[2024-02-09T00:46:52.131+0000][7][gc,age      ] GC(32) Age table with threshold 15 (max threshold 15)
[2024-02-09T00:46:52.131+0000][7][gc,age      ] GC(32) - age   1:    1188152 bytes,    1188152 total
[2024-02-09T00:46:52.131+0000][7][gc,age      ] GC(32) - age   2:      13416 bytes,    1201568 total
[2024-02-09T00:46:52.131+0000][7][gc,age      ] GC(32) - age   3:       8016 bytes,    1209584 total
[2024-02-09T00:46:52.131+0000][7][gc,age      ] GC(32) - age   4:       1928 bytes,    1211512 total
[2024-02-09T00:46:52.131+0000][7][gc,age      ] GC(32) - age   5:       4536 bytes,    1216048 total
[2024-02-09T00:46:52.131+0000][7][gc,age      ] GC(32) - age   6:       7816 bytes,    1223864 total
[2024-02-09T00:46:52.131+0000][7][gc,age      ] GC(32) - age   7:      13448 bytes,    1237312 total
[2024-02-09T00:46:52.131+0000][7][gc,age      ] GC(32) - age   8:      60232 bytes,    1297544 total
[2024-02-09T00:46:52.131+0000][7][gc,age      ] GC(32) - age   9:     338472 bytes,    1636016 total
[2024-02-09T00:46:52.131+0000][7][gc,age      ] GC(32) - age  10:       4264 bytes,    1640280 total
[2024-02-09T00:46:52.131+0000][7][gc,age      ] GC(32) - age  11:       5000 bytes,    1645280 total
[2024-02-09T00:46:52.131+0000][7][gc,age      ] GC(32) - age  12:       9872 bytes,    1655152 total
[2024-02-09T00:46:52.131+0000][7][gc,age      ] GC(32) - age  13:      31000 bytes,    1686152 total
[2024-02-09T00:46:52.131+0000][7][gc,age      ] GC(32) - age  14:    1123616 bytes,    2809768 total
[2024-02-09T00:46:52.131+0000][7][gc,age      ] GC(32) - age  15:     255592 bytes,    3065360 total
[2024-02-09T00:46:52.131+0000][7][gc,heap     ] GC(32) Eden regions: 152->0(152)
[2024-02-09T00:46:52.131+0000][7][gc,heap     ] GC(32) Survivor regions: 1->1(20)
[2024-02-09T00:46:52.131+0000][7][gc,heap     ] GC(32) Old regions: 22->22
[2024-02-09T00:46:52.131+0000][7][gc,heap     ] GC(32) Archive regions: 2->2
[2024-02-09T00:46:52.131+0000][7][gc,heap     ] GC(32) Humongous regions: 0->0
[2024-02-09T00:46:52.131+0000][7][gc,metaspace] GC(32) Metaspace: 127761K(131520K)->127761K(131520K) NonClass: 110925K(112896K)->110925K(112896K) Class: 16835K(18624K)->16835K(18624K)
[2024-02-09T00:46:52.131+0000][7][gc          ] GC(32) Pause Young (Normal) (G1 Evacuation Pause) 699M->92M(1024M) 5.884ms
[2024-02-09T00:46:52.131+0000][7][gc,cpu      ] GC(32) User=0.02s Sys=0.00s Real=0.00s
[2024-02-09T00:46:52.131+0000][7][safepoint   ] Safepoint "G1CollectForAllocation", Time since last: 36978615215 ns, Reaching safepoint: 72695 ns, At safepoint: 6066048 ns, Total: 6138743 ns
[2024-02-09T00:46:59.132+0000][7][safepoint   ] Safepoint "Cleanup", Time since last: 7000620962 ns, Reaching safepoint: 61541 ns, At safepoint: 6523 ns, Total: 68064 ns
[2024-02-09T00:47:00.132+0000][7][safepoint   ] Safepoint "Cleanup", Time since last: 1000220146 ns, Reaching safepoint: 59042 ns, At safepoint: 8002 ns, Total: 67044 ns
[2024-02-09T00:47:04.133+0000][7][safepoint   ] Safepoint "Cleanup", Time since last: 4000434422 ns, Reaching safepoint: 154884 ns, At safepoint: 13171 ns, Total: 168055 ns
[2024-02-09T00:47:19.135+0000][7][safepoint   ] Safepoint "Cleanup", Time since last: 15001667905 ns, Reaching safepoint: 98341 ns, At safepoint: 10734 ns, Total: 109075 ns
[2024-02-09T00:47:29.136+0000][7][safepoint   ] Safepoint "Cleanup", Time since last: 10001108397 ns, Reaching safepoint: 79634 ns, At safepoint: 4420 ns, Total: 84054 ns
[2024-02-09T00:47:41.137+0000][7][safepoint   ] Safepoint "Cleanup", Time since last: 12001352140 ns, Reaching safepoint: 118343 ns, At safepoint: 12991 ns, Total: 131334 ns
[2024-02-09T00:47:43.138+0000][7][safepoint   ] Safepoint "Cleanup", Time since last: 2000304595 ns, Reaching safepoint: 89474 ns, At safepoint: 6469 ns, Total: 95943 ns
[2024-02-09T00:47:46.138+0000][7][safepoint   ] Safepoint "Cleanup", Time since last: 3000355041 ns, Reaching safepoint: 96673 ns, At safepoint: 12971 ns, Total: 109644 ns
[2024-02-09T00:47:53.139+0000][7][safepoint   ] Safepoint "Cleanup", Time since last: 7000768988 ns, Reaching safepoint: 65871 ns, At safepoint: 7898 ns, Total: 73769 ns
[2024-02-09T00:47:58.140+0000][7][safepoint   ] Safepoint "Cleanup", Time since last: 5000532035 ns, Reaching safepoint: 71914 ns, At safepoint: 6864 ns, Total: 78778 ns
[2024-02-09T00:48:04.141+0000][7][safepoint   ] Safepoint "Cleanup", Time since last: 6000893997 ns, Reaching safepoint: 83283 ns, At safepoint: 7141 ns, Total: 90424 ns
[2024-02-09T00:48:08.141+0000][7][safepoint   ] Safepoint "Cleanup", Time since last: 4000305574 ns, Reaching safepoint: 96519 ns, At safepoint: 8058 ns, Total: 104577 ns
[2024-02-09T00:48:35.144+0000][7][safepoint   ] Safepoint "Cleanup", Time since last: 27002937805 ns, Reaching safepoint: 101792 ns, At safepoint: 11062 ns, Total: 112854 ns
[2024-02-09T00:48:36.144+0000][7][safepoint   ] Safepoint "Cleanup", Time since last: 1000135889 ns, Reaching safepoint: 94448 ns, At safepoint: 7042 ns, Total: 101490 ns
[2024-02-09T00:48:37.145+0000][7][safepoint   ] Safepoint "Cleanup", Time since last: 1000209682 ns, Reaching safepoint: 98143 ns, At safepoint: 8132 ns, Total: 106275 ns
[2024-02-09T00:48:47.146+0000][7][safepoint   ] Safepoint "Cleanup", Time since last: 10000850144 ns, Reaching safepoint: 94921 ns, At safepoint: 6459 ns, Total: 101380 ns
[2024-02-09T00:49:11.148+0000][7][safepoint   ] Safepoint "Cleanup", Time since last: 24002307757 ns, Reaching safepoint: 76422 ns, At safepoint: 7995 ns, Total: 84417 ns
[2024-02-09T00:49:37.151+0000][7][safepoint   ] Safepoint "Cleanup", Time since last: 26002983852 ns, Reaching safepoint: 140207 ns, At safepoint: 7902 ns, Total: 148109 ns
[2024-02-09T00:49:38.151+0000][7][safepoint   ] Safepoint "Cleanup", Time since last: 1000215354 ns, Reaching safepoint: 98453 ns, At safepoint: 11729 ns, Total: 110182 ns
[2024-02-09T00:49:40.152+0000][7][safepoint   ] Safepoint "Cleanup", Time since last: 2000206825 ns, Reaching safepoint: 87894 ns, At safepoint: 18929 ns, Total: 106823 ns
[2024-02-09T00:49:59.153+0000][7][safepoint   ] Safepoint "Cleanup", Time since last: 19001468079 ns, Reaching safepoint: 64064 ns, At safepoint: 8347 ns, Total: 72411 ns
[2024-02-09T00:50:05.154+0000][7][safepoint   ] Safepoint "Cleanup", Time since last: 6000640639 ns, Reaching safepoint: 98696 ns, At safepoint: 9851 ns, Total: 108547 ns
[2024-02-09T00:50:07.154+0000][7][safepoint   ] Safepoint "Cleanup", Time since last: 2000318199 ns, Reaching safepoint: 108301 ns, At safepoint: 23282 ns, Total: 131583 ns
[2024-02-09T00:50:13.146+0000][7][gc,start    ] GC(33) Pause Young (Normal) (G1 Evacuation Pause)
[2024-02-09T00:50:13.146+0000][7][gc,task     ] GC(33) Using 8 workers of 8 for evacuation
[2024-02-09T00:50:13.146+0000][7][gc,age      ] GC(33) Desired survivor size 41943040 bytes, new threshold 15 (max threshold 15)
[2024-02-09T00:50:13.151+0000][7][gc,phases   ] GC(33)   Pre Evacuate Collection Set: 0.1ms
[2024-02-09T00:50:13.151+0000][7][gc,phases   ] GC(33)   Merge Heap Roots: 0.1ms
[2024-02-09T00:50:13.151+0000][7][gc,phases   ] GC(33)   Evacuate Collection Set: 3.7ms
[2024-02-09T00:50:13.151+0000][7][gc,phases   ] GC(33)   Post Evacuate Collection Set: 1.0ms
[2024-02-09T00:50:13.151+0000][7][gc,phases   ] GC(33)   Other: 0.1ms
[2024-02-09T00:50:13.151+0000][7][gc,age      ] GC(33) Age table with threshold 15 (max threshold 15)
[2024-02-09T00:50:13.151+0000][7][gc,age      ] GC(33) - age   1:    1437576 bytes,    1437576 total
[2024-02-09T00:50:13.151+0000][7][gc,age      ] GC(33) - age   2:       8272 bytes,    1445848 total
[2024-02-09T00:50:13.151+0000][7][gc,age      ] GC(33) - age   3:       4544 bytes,    1450392 total
[2024-02-09T00:50:13.151+0000][7][gc,age      ] GC(33) - age   4:       3600 bytes,    1453992 total
[2024-02-09T00:50:13.151+0000][7][gc,age      ] GC(33) - age   5:       1720 bytes,    1455712 total
[2024-02-09T00:50:13.151+0000][7][gc,age      ] GC(33) - age   6:       3968 bytes,    1459680 total
[2024-02-09T00:50:13.151+0000][7][gc,age      ] GC(33) - age   7:       7784 bytes,    1467464 total
[2024-02-09T00:50:13.151+0000][7][gc,age      ] GC(33) - age   8:       7944 bytes,    1475408 total
[2024-02-09T00:50:13.151+0000][7][gc,age      ] GC(33) - age   9:      60232 bytes,    1535640 total
[2024-02-09T00:50:13.151+0000][7][gc,age      ] GC(33) - age  10:     336296 bytes,    1871936 total
[2024-02-09T00:50:13.151+0000][7][gc,age      ] GC(33) - age  11:       4264 bytes,    1876200 total
[2024-02-09T00:50:13.151+0000][7][gc,age      ] GC(33) - age  12:       5000 bytes,    1881200 total
[2024-02-09T00:50:13.151+0000][7][gc,age      ] GC(33) - age  13:       9872 bytes,    1891072 total
[2024-02-09T00:50:13.151+0000][7][gc,age      ] GC(33) - age  14:      30984 bytes,    1922056 total
[2024-02-09T00:50:13.151+0000][7][gc,age      ] GC(33) - age  15:    1108640 bytes,    3030696 total
[2024-02-09T00:50:13.151+0000][7][gc,heap     ] GC(33) Eden regions: 152->0(152)
[2024-02-09T00:50:13.151+0000][7][gc,heap     ] GC(33) Survivor regions: 1->1(20)
[2024-02-09T00:50:13.151+0000][7][gc,heap     ] GC(33) Old regions: 22->22
[2024-02-09T00:50:13.151+0000][7][gc,heap     ] GC(33) Archive regions: 2->2
[2024-02-09T00:50:13.151+0000][7][gc,heap     ] GC(33) Humongous regions: 0->0
[2024-02-09T00:50:13.151+0000][7][gc,metaspace] GC(33) Metaspace: 127808K(131584K)->127808K(131584K) NonClass: 110971K(112960K)->110971K(112960K) Class: 16836K(18624K)->16836K(18624K)
[2024-02-09T00:50:13.151+0000][7][gc          ] GC(33) Pause Young (Normal) (G1 Evacuation Pause) 700M->93M(1024M) 5.559ms
[2024-02-09T00:50:13.152+0000][7][gc,cpu      ] GC(33) User=0.02s Sys=0.00s Real=0.00s
[2024-02-09T00:50:13.152+0000][7][safepoint   ] Safepoint "G1CollectForAllocation", Time since last: 5991382097 ns, Reaching safepoint: 78046 ns, At safepoint: 5659485 ns, Total: 5737531 ns
[2024-02-09T00:50:25.153+0000][7][safepoint   ] Safepoint "Cleanup", Time since last: 12000992599 ns, Reaching safepoint: 84405 ns, At safepoint: 15143 ns, Total: 99548 ns
[2024-02-09T00:50:30.153+0000][7][safepoint   ] Safepoint "Cleanup", Time since last: 5000459516 ns, Reaching safepoint: 67108 ns, At safepoint: 5031 ns, Total: 72139 ns
[2024-02-09T00:50:37.154+0000][7][safepoint   ] Safepoint "Cleanup", Time since last: 7000588671 ns, Reaching safepoint: 64999 ns, At safepoint: 7457 ns, Total: 72456 ns
[2024-02-09T00:50:41.154+0000][7][safepoint   ] Safepoint "Cleanup", Time since last: 4000546640 ns, Reaching safepoint: 80802 ns, At safepoint: 12414 ns, Total: 93216 ns
[2024-02-09T00:50:53.156+0000][7][safepoint   ] Safepoint "Cleanup", Time since last: 12001367232 ns, Reaching safepoint: 47141 ns, At safepoint: 23802 ns, Total: 70943 ns
[2024-02-09T00:51:30.160+0000][7][safepoint   ] Safepoint "Cleanup", Time since last: 37003954426 ns, Reaching safepoint: 95476 ns, At safepoint: 12717 ns, Total: 108193 ns
[2024-02-09T00:51:37.161+0000][7][safepoint   ] Safepoint "Cleanup", Time since last: 7000824088 ns, Reaching safepoint: 110380 ns, At safepoint: 10735 ns, Total: 121115 ns
[2024-02-09T00:51:41.161+0000][7][safepoint   ] Safepoint "Cleanup", Time since last: 4000409800 ns, Reaching safepoint: 83088 ns, At safepoint: 8707 ns, Total: 91795 ns
[2024-02-09T00:52:05.164+0000][7][safepoint   ] Safepoint "Cleanup", Time since last: 24002904623 ns, Reaching safepoint: 73191 ns, At safepoint: 10786 ns, Total: 83977 ns
[2024-02-09T00:52:37.167+0000][7][safepoint   ] Safepoint "Cleanup", Time since last: 32002764279 ns, Reaching safepoint: 64872 ns, At safepoint: 5863 ns, Total: 70735 ns
[2024-02-09T00:53:16.171+0000][7][safepoint   ] Safepoint "Cleanup", Time since last: 39003644898 ns, Reaching safepoint: 77131 ns, At safepoint: 8783 ns, Total: 85914 ns
[2024-02-09T00:53:25.172+0000][7][safepoint   ] Safepoint "Cleanup", Time since last: 9001028481 ns, Reaching safepoint: 61387 ns, At safepoint: 4123 ns, Total: 65510 ns
[2024-02-09T00:53:29.173+0000][7][safepoint   ] Safepoint "Cleanup", Time since last: 4000495481 ns, Reaching safepoint: 79821 ns, At safepoint: 6193 ns, Total: 86014 ns
[2024-02-09T00:53:37.173+0000][7][safepoint   ] Safepoint "Cleanup", Time since last: 8000688670 ns, Reaching safepoint: 110350 ns, At safepoint: 6953 ns, Total: 117303 ns
[2024-02-09T00:53:46.943+0000][7][gc,start    ] GC(34) Pause Young (Normal) (G1 Evacuation Pause)
[2024-02-09T00:53:46.943+0000][7][gc,task     ] GC(34) Using 8 workers of 8 for evacuation
[2024-02-09T00:53:46.943+0000][7][gc,age      ] GC(34) Desired survivor size 41943040 bytes, new threshold 15 (max threshold 15)
[2024-02-09T00:53:46.948+0000][7][gc,phases   ] GC(34)   Pre Evacuate Collection Set: 0.1ms
[2024-02-09T00:53:46.948+0000][7][gc,phases   ] GC(34)   Merge Heap Roots: 0.1ms
[2024-02-09T00:53:46.948+0000][7][gc,phases   ] GC(34)   Evacuate Collection Set: 3.1ms
[2024-02-09T00:53:46.948+0000][7][gc,phases   ] GC(34)   Post Evacuate Collection Set: 1.0ms
[2024-02-09T00:53:46.948+0000][7][gc,phases   ] GC(34)   Other: 0.2ms
[2024-02-09T00:53:46.948+0000][7][gc,age      ] GC(34) Age table with threshold 15 (max threshold 15)
[2024-02-09T00:53:46.948+0000][7][gc,age      ] GC(34) - age   1:    1933200 bytes,    1933200 total
[2024-02-09T00:53:46.948+0000][7][gc,age      ] GC(34) - age   2:     251720 bytes,    2184920 total
[2024-02-09T00:53:46.948+0000][7][gc,age      ] GC(34) - age   3:       6696 bytes,    2191616 total
[2024-02-09T00:53:46.948+0000][7][gc,age      ] GC(34) - age   4:       4544 bytes,    2196160 total
[2024-02-09T00:53:46.948+0000][7][gc,age      ] GC(34) - age   5:       3600 bytes,    2199760 total
[2024-02-09T00:53:46.948+0000][7][gc,age      ] GC(34) - age   6:       1720 bytes,    2201480 total
[2024-02-09T00:53:46.948+0000][7][gc,age      ] GC(34) - age   7:       3968 bytes,    2205448 total
[2024-02-09T00:53:46.948+0000][7][gc,age      ] GC(34) - age   8:       7784 bytes,    2213232 total
[2024-02-09T00:53:46.948+0000][7][gc,age      ] GC(34) - age   9:       7944 bytes,    2221176 total
[2024-02-09T00:53:46.948+0000][7][gc,age      ] GC(34) - age  10:      59720 bytes,    2280896 total
[2024-02-09T00:53:46.948+0000][7][gc,age      ] GC(34) - age  11:     336296 bytes,    2617192 total
[2024-02-09T00:53:46.948+0000][7][gc,age      ] GC(34) - age  12:       4264 bytes,    2621456 total
[2024-02-09T00:53:46.948+0000][7][gc,age      ] GC(34) - age  13:       5000 bytes,    2626456 total
[2024-02-09T00:53:46.948+0000][7][gc,age      ] GC(34) - age  14:       9872 bytes,    2636328 total
[2024-02-09T00:53:46.948+0000][7][gc,age      ] GC(34) - age  15:      30984 bytes,    2667312 total
[2024-02-09T00:53:46.948+0000][7][gc,heap     ] GC(34) Eden regions: 152->0(152)
[2024-02-09T00:53:46.948+0000][7][gc,heap     ] GC(34) Survivor regions: 1->1(20)
[2024-02-09T00:53:46.948+0000][7][gc,heap     ] GC(34) Old regions: 22->22
[2024-02-09T00:53:46.948+0000][7][gc,heap     ] GC(34) Archive regions: 2->2
[2024-02-09T00:53:46.948+0000][7][gc,heap     ] GC(34) Humongous regions: 0->0
[2024-02-09T00:53:46.948+0000][7][gc,metaspace] GC(34) Metaspace: 127853K(131584K)->127853K(131584K) NonClass: 111016K(112960K)->111016K(112960K) Class: 16837K(18624K)->16837K(18624K)
[2024-02-09T00:53:46.948+0000][7][gc          ] GC(34) Pause Young (Normal) (G1 Evacuation Pause) 701M->93M(1024M) 4.785ms
[2024-02-09T00:53:46.948+0000][7][gc,cpu      ] GC(34) User=0.02s Sys=0.00s Real=0.01s
[2024-02-09T00:53:46.948+0000][7][safepoint   ] Safepoint "G1CollectForAllocation", Time since last: 9769706321 ns, Reaching safepoint: 39517 ns, At safepoint: 4868084 ns, Total: 4907601 ns
[2024-02-09T00:53:47.948+0000][7][safepoint   ] Safepoint "Cleanup", Time since last: 1000116934 ns, Reaching safepoint: 61706 ns, At safepoint: 7340 ns, Total: 69046 ns
[2024-02-09T00:53:49.949+0000][7][safepoint   ] Safepoint "Cleanup", Time since last: 2000247818 ns, Reaching safepoint: 89463 ns, At safepoint: 6276 ns, Total: 95739 ns
[2024-02-09T00:54:11.951+0000][7][safepoint   ] Safepoint "Cleanup", Time since last: 22002127350 ns, Reaching safepoint: 61390 ns, At safepoint: 6707 ns, Total: 68097 ns
[2024-02-09T00:54:36.954+0000][7][safepoint   ] Safepoint "Cleanup", Time since last: 25003161427 ns, Reaching safepoint: 161100 ns, At safepoint: 14759 ns, Total: 175859 ns
[2024-02-09T00:54:46.955+0000][7][safepoint   ] Safepoint "Cleanup", Time since last: 10000911661 ns, Reaching safepoint: 147098 ns, At safepoint: 11356 ns, Total: 158454 ns
[2024-02-09T00:55:10.958+0000][7][safepoint   ] Safepoint "Cleanup", Time since last: 24002324854 ns, Reaching safepoint: 100965 ns, At safepoint: 20508 ns, Total: 121473 ns
[2024-02-09T00:55:52.963+0000][7][safepoint   ] Safepoint "Cleanup", Time since last: 42004755387 ns, Reaching safepoint: 97424 ns, At safepoint: 12127 ns, Total: 109551 ns
[2024-02-09T00:55:55.963+0000][7][safepoint   ] Safepoint "Cleanup", Time since last: 3000295715 ns, Reaching safepoint: 59625 ns, At safepoint: 7506 ns, Total: 67131 ns
[2024-02-09T00:55:58.963+0000][7][safepoint   ] Safepoint "Cleanup", Time since last: 3000394572 ns, Reaching safepoint: 90030 ns, At safepoint: 9426 ns, Total: 99456 ns
[2024-02-09T00:56:16.966+0000][7][safepoint   ] Safepoint "Cleanup", Time since last: 18002063625 ns, Reaching safepoint: 66135 ns, At safepoint: 9542 ns, Total: 75677 ns
[2024-02-09T00:56:31.967+0000][7][safepoint   ] Safepoint "Cleanup", Time since last: 15001774052 ns, Reaching safepoint: 69354 ns, At safepoint: 11861 ns, Total: 81215 ns
[2024-02-09T00:56:40.968+0000][7][safepoint   ] Safepoint "Cleanup", Time since last: 9000775757 ns, Reaching safepoint: 112736 ns, At safepoint: 5541 ns, Total: 118277 ns
[2024-02-09T00:56:41.969+0000][7][safepoint   ] Safepoint "Cleanup", Time since last: 1000142068 ns, Reaching safepoint: 141555 ns, At safepoint: 8337 ns, Total: 149892 ns
[2024-02-09T00:56:58.970+0000][7][safepoint   ] Safepoint "Cleanup", Time since last: 17001621289 ns, Reaching safepoint: 91214 ns, At safepoint: 9685 ns, Total: 100899 ns
[2024-02-09T00:57:04.971+0000][7][safepoint   ] Safepoint "Cleanup", Time since last: 6000630069 ns, Reaching safepoint: 68398 ns, At safepoint: 34416 ns, Total: 102814 ns
[2024-02-09T00:57:16.973+0000][7][safepoint   ] Safepoint "Cleanup", Time since last: 12001668199 ns, Reaching safepoint: 116465 ns, At safepoint: 5218 ns, Total: 121683 ns
[2024-02-09T00:57:17.973+0000][7][safepoint   ] Safepoint "Cleanup", Time since last: 1000143824 ns, Reaching safepoint: 69692 ns, At safepoint: 7908 ns, Total: 77600 ns
[2024-02-09T00:57:18.973+0000][7][safepoint   ] Safepoint "Cleanup", Time since last: 1000159153 ns, Reaching safepoint: 87792 ns, At safepoint: 9902 ns, Total: 97694 ns
[2024-02-09T00:57:19.974+0000][7][safepoint   ] Safepoint "Cleanup", Time since last: 1000232502 ns, Reaching safepoint: 92314 ns, At safepoint: 10257 ns, Total: 102571 ns
[2024-02-09T00:57:22.198+0000][7][gc,start    ] GC(35) Pause Young (Normal) (G1 Evacuation Pause)
[2024-02-09T00:57:22.198+0000][7][gc,task     ] GC(35) Using 8 workers of 8 for evacuation
[2024-02-09T00:57:22.198+0000][7][gc,age      ] GC(35) Desired survivor size 41943040 bytes, new threshold 15 (max threshold 15)
[2024-02-09T00:57:22.201+0000][7][gc,phases   ] GC(35)   Pre Evacuate Collection Set: 0.1ms
[2024-02-09T00:57:22.201+0000][7][gc,phases   ] GC(35)   Merge Heap Roots: 0.1ms
[2024-02-09T00:57:22.201+0000][7][gc,phases   ] GC(35)   Evacuate Collection Set: 2.4ms
[2024-02-09T00:57:22.201+0000][7][gc,phases   ] GC(35)   Post Evacuate Collection Set: 0.7ms
[2024-02-09T00:57:22.201+0000][7][gc,phases   ] GC(35)   Other: 0.1ms
[2024-02-09T00:57:22.201+0000][7][gc,age      ] GC(35) Age table with threshold 15 (max threshold 15)
[2024-02-09T00:57:22.201+0000][7][gc,age      ] GC(35) - age   1:    1656456 bytes,    1656456 total
[2024-02-09T00:57:22.201+0000][7][gc,age      ] GC(35) - age   2:     104032 bytes,    1760488 total
[2024-02-09T00:57:22.201+0000][7][gc,age      ] GC(35) - age   3:     249344 bytes,    2009832 total
[2024-02-09T00:57:22.201+0000][7][gc,age      ] GC(35) - age   4:       6536 bytes,    2016368 total
[2024-02-09T00:57:22.201+0000][7][gc,age      ] GC(35) - age   5:       4480 bytes,    2020848 total
[2024-02-09T00:57:22.201+0000][7][gc,age      ] GC(35) - age   6:       3600 bytes,    2024448 total
[2024-02-09T00:57:22.201+0000][7][gc,age      ] GC(35) - age   7:       1720 bytes,    2026168 total
[2024-02-09T00:57:22.201+0000][7][gc,age      ] GC(35) - age   8:       3968 bytes,    2030136 total
[2024-02-09T00:57:22.201+0000][7][gc,age      ] GC(35) - age   9:       7784 bytes,    2037920 total
[2024-02-09T00:57:22.201+0000][7][gc,age      ] GC(35) - age  10:       7944 bytes,    2045864 total
[2024-02-09T00:57:22.201+0000][7][gc,age      ] GC(35) - age  11:      59536 bytes,    2105400 total
[2024-02-09T00:57:22.201+0000][7][gc,age      ] GC(35) - age  12:     336296 bytes,    2441696 total
[2024-02-09T00:57:22.201+0000][7][gc,age      ] GC(35) - age  13:       4264 bytes,    2445960 total
[2024-02-09T00:57:22.201+0000][7][gc,age      ] GC(35) - age  14:       5000 bytes,    2450960 total
[2024-02-09T00:57:22.201+0000][7][gc,age      ] GC(35) - age  15:       9872 bytes,    2460832 total
[2024-02-09T00:57:22.201+0000][7][gc,heap     ] GC(35) Eden regions: 152->0(152)
[2024-02-09T00:57:22.201+0000][7][gc,heap     ] GC(35) Survivor regions: 1->1(20)
[2024-02-09T00:57:22.201+0000][7][gc,heap     ] GC(35) Old regions: 22->22
[2024-02-09T00:57:22.201+0000][7][gc,heap     ] GC(35) Archive regions: 2->2
[2024-02-09T00:57:22.201+0000][7][gc,heap     ] GC(35) Humongous regions: 0->0
[2024-02-09T00:57:22.202+0000][7][gc,metaspace] GC(35) Metaspace: 127858K(131584K)->127858K(131584K) NonClass: 111021K(112960K)->111021K(112960K) Class: 16837K(18624K)->16837K(18624K)
[2024-02-09T00:57:22.202+0000][7][gc          ] GC(35) Pause Young (Normal) (G1 Evacuation Pause) 701M->93M(1024M) 3.681ms
[2024-02-09T00:57:22.202+0000][7][gc,cpu      ] GC(35) User=0.02s Sys=0.00s Real=0.00s
[2024-02-09T00:57:22.202+0000][7][safepoint   ] Safepoint "G1CollectForAllocation", Time since last: 2224037855 ns, Reaching safepoint: 171591 ns, At safepoint: 3767184 ns, Total: 3938775 ns
[2024-02-09T00:57:22.377+0000][7][safepoint   ] Safepoint "ICBufferFull", Time since last: 174998932 ns, Reaching safepoint: 255679 ns, At safepoint: 11237 ns, Total: 266916 ns
[2024-02-09T00:57:23.377+0000][7][safepoint   ] Safepoint "Cleanup", Time since last: 1000145053 ns, Reaching safepoint: 92139 ns, At safepoint: 6965 ns, Total: 99104 ns
[2024-02-09T00:57:28.378+0000][7][safepoint   ] Safepoint "Cleanup", Time since last: 5000436219 ns, Reaching safepoint: 92295 ns, At safepoint: 15966 ns, Total: 108261 ns
[2024-02-09T00:57:30.378+0000][7][safepoint   ] Safepoint "Cleanup", Time since last: 2000294898 ns, Reaching safepoint: 61296 ns, At safepoint: 6755 ns, Total: 68051 ns
[2024-02-09T00:57:37.379+0000][7][safepoint   ] Safepoint "Cleanup", Time since last: 7000655189 ns, Reaching safepoint: 83648 ns, At safepoint: 13213 ns, Total: 96861 ns
[2024-02-09T00:57:39.379+0000][7][safepoint   ] Safepoint "Cleanup", Time since last: 2000180856 ns, Reaching safepoint: 38244 ns, At safepoint: 4637 ns, Total: 42881 ns
[2024-02-09T00:57:40.379+0000][7][safepoint   ] Safepoint "Cleanup", Time since last: 1000145599 ns, Reaching safepoint: 119229 ns, At safepoint: 6725 ns, Total: 125954 ns
[2024-02-09T00:57:42.380+0000][7][safepoint   ] Safepoint "Cleanup", Time since last: 2000208277 ns, Reaching safepoint: 68243 ns, At safepoint: 5481 ns, Total: 73724 ns
[2024-02-09T00:57:43.380+0000][7][safepoint   ] Safepoint "Cleanup", Time since last: 1000132025 ns, Reaching safepoint: 53146 ns, At safepoint: 4156 ns, Total: 57302 ns
[2024-02-09T00:57:46.380+0000][7][safepoint   ] Safepoint "Cleanup", Time since last: 3000446567 ns, Reaching safepoint: 61866 ns, At safepoint: 4828 ns, Total: 66694 ns
[2024-02-09T00:57:52.381+0000][7][safepoint   ] Safepoint "Cleanup", Time since last: 6000730222 ns, Reaching safepoint: 40779 ns, At safepoint: 3978 ns, Total: 44757 ns
[2024-02-09T00:58:00.382+0000][7][safepoint   ] Safepoint "Cleanup", Time since last: 8000641412 ns, Reaching safepoint: 54291 ns, At safepoint: 4515 ns, Total: 58806 ns
[2024-02-09T00:58:02.382+0000][7][safepoint   ] Safepoint "Cleanup", Time since last: 2000195206 ns, Reaching safepoint: 40869 ns, At safepoint: 3974 ns, Total: 44843 ns
[2024-02-09T00:58:08.383+0000][7][safepoint   ] Safepoint "Cleanup", Time since last: 6000714134 ns, Reaching safepoint: 61676 ns, At safepoint: 7925 ns, Total: 69601 ns
[2024-02-09T00:58:10.383+0000][7][safepoint   ] Safepoint "Cleanup", Time since last: 2000287039 ns, Reaching safepoint: 51334 ns, At safepoint: 5915 ns, Total: 57249 ns
[2024-02-09T00:58:11.383+0000][7][safepoint   ] Safepoint "Cleanup", Time since last: 1000114714 ns, Reaching safepoint: 50755 ns, At safepoint: 5957 ns, Total: 56712 ns
[2024-02-09T00:58:13.384+0000][7][safepoint   ] Safepoint "Cleanup", Time since last: 2000206163 ns, Reaching safepoint: 44996 ns, At safepoint: 3747 ns, Total: 48743 ns
[2024-02-09T00:58:37.386+0000][7][safepoint   ] Safepoint "Cleanup", Time since last: 24002485749 ns, Reaching safepoint: 111023 ns, At safepoint: 12371 ns, Total: 123394 ns
[2024-02-09T00:58:46.388+0000][7][safepoint   ] Safepoint "Cleanup", Time since last: 9001385972 ns, Reaching safepoint: 66843 ns, At safepoint: 6436 ns, Total: 73279 ns
[2024-02-09T00:58:47.388+0000][7][safepoint   ] Safepoint "Cleanup", Time since last: 1000219691 ns, Reaching safepoint: 91909 ns, At safepoint: 8764 ns, Total: 100673 ns
[2024-02-09T00:59:04.390+0000][7][safepoint   ] Safepoint "Cleanup", Time since last: 17001793622 ns, Reaching safepoint: 93989 ns, At safepoint: 8495 ns, Total: 102484 ns
[2024-02-09T00:59:05.390+0000][7][safepoint   ] Safepoint "Cleanup", Time since last: 1000136299 ns, Reaching safepoint: 53422 ns, At safepoint: 7336 ns, Total: 60758 ns
[2024-02-09T00:59:17.392+0000][7][safepoint   ] Safepoint "Cleanup", Time since last: 12002045292 ns, Reaching safepoint: 115707 ns, At safepoint: 9477 ns, Total: 125184 ns
[2024-02-09T00:59:46.396+0000][7][safepoint   ] Safepoint "Cleanup", Time since last: 29003703619 ns, Reaching safepoint: 117568 ns, At safepoint: 9856 ns, Total: 127424 ns
[2024-02-09T01:00:07.399+0000][7][safepoint   ] Safepoint "Cleanup", Time since last: 21003199072 ns, Reaching safepoint: 100145 ns, At safepoint: 6738 ns, Total: 106883 ns
[2024-02-09T01:00:11.400+0000][7][safepoint   ] Safepoint "Cleanup", Time since last: 4000613780 ns, Reaching safepoint: 42471 ns, At safepoint: 5399 ns, Total: 47870 ns
[2024-02-09T01:00:30.402+0000][7][safepoint   ] Safepoint "Cleanup", Time since last: 19001933905 ns, Reaching safepoint: 73793 ns, At safepoint: 10878 ns, Total: 84671 ns
[2024-02-09T01:00:58.215+0000][7][gc,start    ] GC(36) Pause Young (Normal) (G1 Evacuation Pause)
[2024-02-09T01:00:58.215+0000][7][gc,task     ] GC(36) Using 8 workers of 8 for evacuation
[2024-02-09T01:00:58.215+0000][7][gc,age      ] GC(36) Desired survivor size 41943040 bytes, new threshold 15 (max threshold 15)
[2024-02-09T01:00:58.218+0000][7][gc,phases   ] GC(36)   Pre Evacuate Collection Set: 0.1ms
[2024-02-09T01:00:58.218+0000][7][gc,phases   ] GC(36)   Merge Heap Roots: 0.1ms
[2024-02-09T01:00:58.218+0000][7][gc,phases   ] GC(36)   Evacuate Collection Set: 1.7ms
[2024-02-09T01:00:58.218+0000][7][gc,phases   ] GC(36)   Post Evacuate Collection Set: 0.8ms
[2024-02-09T01:00:58.218+0000][7][gc,phases   ] GC(36)   Other: 0.1ms
[2024-02-09T01:00:58.218+0000][7][gc,age      ] GC(36) Age table with threshold 15 (max threshold 15)
[2024-02-09T01:00:58.218+0000][7][gc,age      ] GC(36) - age   1:     778232 bytes,     778232 total
[2024-02-09T01:00:58.218+0000][7][gc,age      ] GC(36) - age   2:     100056 bytes,     878288 total
[2024-02-09T01:00:58.218+0000][7][gc,age      ] GC(36) - age   3:     102152 bytes,     980440 total
[2024-02-09T01:00:58.218+0000][7][gc,age      ] GC(36) - age   4:     245072 bytes,    1225512 total
[2024-02-09T01:00:58.218+0000][7][gc,age      ] GC(36) - age   5:       6536 bytes,    1232048 total
[2024-02-09T01:00:58.218+0000][7][gc,age      ] GC(36) - age   6:       4480 bytes,    1236528 total
[2024-02-09T01:00:58.218+0000][7][gc,age      ] GC(36) - age   7:       3568 bytes,    1240096 total
[2024-02-09T01:00:58.218+0000][7][gc,age      ] GC(36) - age   8:       1536 bytes,    1241632 total
[2024-02-09T01:00:58.218+0000][7][gc,age      ] GC(36) - age   9:       3968 bytes,    1245600 total
[2024-02-09T01:00:58.218+0000][7][gc,age      ] GC(36) - age  10:       7784 bytes,    1253384 total
[2024-02-09T01:00:58.218+0000][7][gc,age      ] GC(36) - age  11:       7944 bytes,    1261328 total
[2024-02-09T01:00:58.218+0000][7][gc,age      ] GC(36) - age  12:      59536 bytes,    1320864 total
[2024-02-09T01:00:58.218+0000][7][gc,age      ] GC(36) - age  13:     336184 bytes,    1657048 total
[2024-02-09T01:00:58.218+0000][7][gc,age      ] GC(36) - age  14:       4264 bytes,    1661312 total
[2024-02-09T01:00:58.218+0000][7][gc,age      ] GC(36) - age  15:       5000 bytes,    1666312 total
[2024-02-09T01:00:58.218+0000][7][gc,heap     ] GC(36) Eden regions: 152->0(152)
[2024-02-09T01:00:58.218+0000][7][gc,heap     ] GC(36) Survivor regions: 1->1(20)
[2024-02-09T01:00:58.218+0000][7][gc,heap     ] GC(36) Old regions: 22->22
[2024-02-09T01:00:58.218+0000][7][gc,heap     ] GC(36) Archive regions: 2->2
[2024-02-09T01:00:58.218+0000][7][gc,heap     ] GC(36) Humongous regions: 0->0
[2024-02-09T01:00:58.218+0000][7][gc,metaspace] GC(36) Metaspace: 127887K(131584K)->127887K(131584K) NonClass: 111048K(112960K)->111048K(112960K) Class: 16839K(18624K)->16839K(18624K)
[2024-02-09T01:00:58.218+0000][7][gc          ] GC(36) Pause Young (Normal) (G1 Evacuation Pause) 701M->92M(1024M) 3.058ms
[2024-02-09T01:00:58.218+0000][7][gc,cpu      ] GC(36) User=0.01s Sys=0.00s Real=0.01s
[2024-02-09T01:00:58.218+0000][7][safepoint   ] Safepoint "G1CollectForAllocation", Time since last: 27813155687 ns, Reaching safepoint: 76837 ns, At safepoint: 3152020 ns, Total: 3228857 ns
[2024-02-09T01:00:59.219+0000][7][safepoint   ] Safepoint "Cleanup", Time since last: 1000222174 ns, Reaching safepoint: 87770 ns, At safepoint: 17012 ns, Total: 104782 ns
[2024-02-09T01:01:07.220+0000][7][safepoint   ] Safepoint "Cleanup", Time since last: 8001340911 ns, Reaching safepoint: 109007 ns, At safepoint: 16545 ns, Total: 125552 ns
[2024-02-09T01:01:11.221+0000][7][safepoint   ] Safepoint "Cleanup", Time since last: 4000476660 ns, Reaching safepoint: 86019 ns, At safepoint: 5031 ns, Total: 91050 ns
[2024-02-09T01:01:18.221+0000][7][safepoint   ] Safepoint "Cleanup", Time since last: 7000620795 ns, Reaching safepoint: 56881 ns, At safepoint: 6085 ns, Total: 62966 ns
[2024-02-09T01:01:19.222+0000][7][safepoint   ] Safepoint "Cleanup", Time since last: 1000138966 ns, Reaching safepoint: 71838 ns, At safepoint: 7798 ns, Total: 79636 ns
[2024-02-09T01:01:37.224+0000][7][safepoint   ] Safepoint "Cleanup", Time since last: 18002126234 ns, Reaching safepoint: 100333 ns, At safepoint: 6799 ns, Total: 107132 ns
[2024-02-09T01:02:03.227+0000][7][safepoint   ] Safepoint "Cleanup", Time since last: 26003133421 ns, Reaching safepoint: 125477 ns, At safepoint: 16462 ns, Total: 141939 ns
[2024-02-09T01:02:16.229+0000][7][safepoint   ] Safepoint "Cleanup", Time since last: 13001899413 ns, Reaching safepoint: 88561 ns, At safepoint: 7760 ns, Total: 96321 ns
[2024-02-09T01:02:37.232+0000][7][safepoint   ] Safepoint "Cleanup", Time since last: 21002408146 ns, Reaching safepoint: 107410 ns, At safepoint: 10966 ns, Total: 118376 ns
[2024-02-09T01:03:10.235+0000][7][safepoint   ] Safepoint "Cleanup", Time since last: 33003660944 ns, Reaching safepoint: 80284 ns, At safepoint: 8073 ns, Total: 88357 ns
[2024-02-09T01:03:23.237+0000][7][safepoint   ] Safepoint "Cleanup", Time since last: 13001636399 ns, Reaching safepoint: 71970 ns, At safepoint: 8235 ns, Total: 80205 ns
[2024-02-09T01:04:19.243+0000][7][safepoint   ] Safepoint "Cleanup", Time since last: 56006134953 ns, Reaching safepoint: 102255 ns, At safepoint: 9638 ns, Total: 111893 ns
[2024-02-09T01:04:34.280+0000][7][gc,start    ] GC(37) Pause Young (Normal) (G1 Evacuation Pause)
[2024-02-09T01:04:34.280+0000][7][gc,task     ] GC(37) Using 8 workers of 8 for evacuation
[2024-02-09T01:04:34.280+0000][7][gc,age      ] GC(37) Desired survivor size 41943040 bytes, new threshold 15 (max threshold 15)
[2024-02-09T01:04:34.283+0000][7][gc,phases   ] GC(37)   Pre Evacuate Collection Set: 0.1ms
[2024-02-09T01:04:34.283+0000][7][gc,phases   ] GC(37)   Merge Heap Roots: 0.1ms
[2024-02-09T01:04:34.283+0000][7][gc,phases   ] GC(37)   Evacuate Collection Set: 2.0ms
[2024-02-09T01:04:34.283+0000][7][gc,phases   ] GC(37)   Post Evacuate Collection Set: 1.0ms
[2024-02-09T01:04:34.283+0000][7][gc,phases   ] GC(37)   Other: 0.1ms
[2024-02-09T01:04:34.283+0000][7][gc,age      ] GC(37) Age table with threshold 15 (max threshold 15)
[2024-02-09T01:04:34.283+0000][7][gc,age      ] GC(37) - age   1:    1404728 bytes,    1404728 total
[2024-02-09T01:04:34.283+0000][7][gc,age      ] GC(37) - age   2:      22728 bytes,    1427456 total
[2024-02-09T01:04:34.283+0000][7][gc,age      ] GC(37) - age   3:      98328 bytes,    1525784 total
[2024-02-09T01:04:34.283+0000][7][gc,age      ] GC(37) - age   4:     101608 bytes,    1627392 total
[2024-02-09T01:04:34.283+0000][7][gc,age      ] GC(37) - age   5:     244680 bytes,    1872072 total
[2024-02-09T01:04:34.283+0000][7][gc,age      ] GC(37) - age   6:       6536 bytes,    1878608 total
[2024-02-09T01:04:34.283+0000][7][gc,age      ] GC(37) - age   7:       4480 bytes,    1883088 total
[2024-02-09T01:04:34.283+0000][7][gc,age      ] GC(37) - age   8:       3568 bytes,    1886656 total
[2024-02-09T01:04:34.283+0000][7][gc,age      ] GC(37) - age   9:       1536 bytes,    1888192 total
[2024-02-09T01:04:34.283+0000][7][gc,age      ] GC(37) - age  10:       3968 bytes,    1892160 total
[2024-02-09T01:04:34.283+0000][7][gc,age      ] GC(37) - age  11:       7784 bytes,    1899944 total
[2024-02-09T01:04:34.283+0000][7][gc,age      ] GC(37) - age  12:       7944 bytes,    1907888 total
[2024-02-09T01:04:34.283+0000][7][gc,age      ] GC(37) - age  13:      59536 bytes,    1967424 total
[2024-02-09T01:04:34.283+0000][7][gc,age      ] GC(37) - age  14:     336184 bytes,    2303608 total
[2024-02-09T01:04:34.283+0000][7][gc,age      ] GC(37) - age  15:       4264 bytes,    2307872 total
[2024-02-09T01:04:34.283+0000][7][gc,heap     ] GC(37) Eden regions: 152->0(152)
[2024-02-09T01:04:34.283+0000][7][gc,heap     ] GC(37) Survivor regions: 1->1(20)
[2024-02-09T01:04:34.283+0000][7][gc,heap     ] GC(37) Old regions: 22->22
[2024-02-09T01:04:34.283+0000][7][gc,heap     ] GC(37) Archive regions: 2->2
[2024-02-09T01:04:34.283+0000][7][gc,heap     ] GC(37) Humongous regions: 0->0
[2024-02-09T01:04:34.283+0000][7][gc,metaspace] GC(37) Metaspace: 127906K(131648K)->127906K(131648K) NonClass: 111067K(113024K)->111067K(113024K) Class: 16839K(18624K)->16839K(18624K)
[2024-02-09T01:04:34.283+0000][7][gc          ] GC(37) Pause Young (Normal) (G1 Evacuation Pause) 700M->93M(1024M) 3.631ms
[2024-02-09T01:04:34.283+0000][7][gc,cpu      ] GC(37) User=0.02s Sys=0.00s Real=0.00s
[2024-02-09T01:04:34.283+0000][7][safepoint   ] Safepoint "G1CollectForAllocation", Time since last: 15036074144 ns, Reaching safepoint: 81856 ns, At safepoint: 3733351 ns, Total: 3815207 ns
[2024-02-09T01:04:37.284+0000][7][safepoint   ] Safepoint "Cleanup", Time since last: 3000455635 ns, Reaching safepoint: 78886 ns, At safepoint: 17185 ns, Total: 96071 ns
[2024-02-09T01:04:40.284+0000][7][safepoint   ] Safepoint "Cleanup", Time since last: 3000374135 ns, Reaching safepoint: 65510 ns, At safepoint: 7872 ns, Total: 73382 ns
[2024-02-09T01:05:01.286+0000][7][safepoint   ] Safepoint "Cleanup", Time since last: 21001831750 ns, Reaching safepoint: 68935 ns, At safepoint: 10480 ns, Total: 79415 ns
[2024-02-09T01:05:10.287+0000][7][safepoint   ] Safepoint "Cleanup", Time since last: 9001142779 ns, Reaching safepoint: 100233 ns, At safepoint: 6275 ns, Total: 106508 ns
[2024-02-09T01:05:13.288+0000][7][safepoint   ] Safepoint "Cleanup", Time since last: 3000298535 ns, Reaching safepoint: 65486 ns, At safepoint: 6037 ns, Total: 71523 ns
[2024-02-09T01:05:37.290+0000][7][safepoint   ] Safepoint "Cleanup", Time since last: 24002033623 ns, Reaching safepoint: 92025 ns, At safepoint: 7095 ns, Total: 99120 ns
[2024-02-09T01:05:40.290+0000][7][safepoint   ] Safepoint "Cleanup", Time since last: 3000287883 ns, Reaching safepoint: 107211 ns, At safepoint: 6779 ns, Total: 113990 ns
[2024-02-09T01:05:46.291+0000][7][safepoint   ] Safepoint "Cleanup", Time since last: 6000553543 ns, Reaching safepoint: 70979 ns, At safepoint: 9074 ns, Total: 80053 ns
[2024-02-09T01:05:52.292+0000][7][safepoint   ] Safepoint "Cleanup", Time since last: 6000564643 ns, Reaching safepoint: 47988 ns, At safepoint: 3545 ns, Total: 51533 ns
[2024-02-09T01:06:28.295+0000][7][safepoint   ] Safepoint "Cleanup", Time since last: 36003295493 ns, Reaching safepoint: 101322 ns, At safepoint: 7680 ns, Total: 109002 ns
[2024-02-09T01:06:30.295+0000][7][safepoint   ] Safepoint "Cleanup", Time since last: 2000184189 ns, Reaching safepoint: 51214 ns, At safepoint: 4882 ns, Total: 56096 ns
[2024-02-09T01:07:52.304+0000][7][safepoint   ] Safepoint "Cleanup", Time since last: 82008515281 ns, Reaching safepoint: 108095 ns, At safepoint: 7129 ns, Total: 115224 ns
[2024-02-09T01:07:58.304+0000][7][safepoint   ] Safepoint "Cleanup", Time since last: 6000490829 ns, Reaching safepoint: 98291 ns, At safepoint: 6368 ns, Total: 104659 ns
[2024-02-09T01:08:10.230+0000][7][gc,start    ] GC(38) Pause Young (Normal) (G1 Evacuation Pause)
[2024-02-09T01:08:10.230+0000][7][gc,task     ] GC(38) Using 8 workers of 8 for evacuation
[2024-02-09T01:08:10.230+0000][7][gc,age      ] GC(38) Desired survivor size 41943040 bytes, new threshold 15 (max threshold 15)
[2024-02-09T01:08:10.233+0000][7][gc,phases   ] GC(38)   Pre Evacuate Collection Set: 0.1ms
[2024-02-09T01:08:10.233+0000][7][gc,phases   ] GC(38)   Merge Heap Roots: 0.1ms
[2024-02-09T01:08:10.233+0000][7][gc,phases   ] GC(38)   Evacuate Collection Set: 1.7ms
[2024-02-09T01:08:10.233+0000][7][gc,phases   ] GC(38)   Post Evacuate Collection Set: 0.8ms
[2024-02-09T01:08:10.233+0000][7][gc,phases   ] GC(38)   Other: 0.1ms
[2024-02-09T01:08:10.233+0000][7][gc,age      ] GC(38) Age table with threshold 15 (max threshold 15)
[2024-02-09T01:08:10.233+0000][7][gc,age      ] GC(38) - age   1:    1158080 bytes,    1158080 total
[2024-02-09T01:08:10.233+0000][7][gc,age      ] GC(38) - age   2:       3688 bytes,    1161768 total
[2024-02-09T01:08:10.233+0000][7][gc,age      ] GC(38) - age   3:      17288 bytes,    1179056 total
[2024-02-09T01:08:10.233+0000][7][gc,age      ] GC(38) - age   4:      98184 bytes,    1277240 total
[2024-02-09T01:08:10.233+0000][7][gc,age      ] GC(38) - age   5:     101608 bytes,    1378848 total
[2024-02-09T01:08:10.233+0000][7][gc,age      ] GC(38) - age   6:     244464 bytes,    1623312 total
[2024-02-09T01:08:10.233+0000][7][gc,age      ] GC(38) - age   7:       6536 bytes,    1629848 total
[2024-02-09T01:08:10.233+0000][7][gc,age      ] GC(38) - age   8:       4480 bytes,    1634328 total
[2024-02-09T01:08:10.233+0000][7][gc,age      ] GC(38) - age   9:       3568 bytes,    1637896 total
[2024-02-09T01:08:10.233+0000][7][gc,age      ] GC(38) - age  10:       1536 bytes,    1639432 total
[2024-02-09T01:08:10.233+0000][7][gc,age      ] GC(38) - age  11:       3968 bytes,    1643400 total
[2024-02-09T01:08:10.233+0000][7][gc,age      ] GC(38) - age  12:       7784 bytes,    1651184 total
[2024-02-09T01:08:10.233+0000][7][gc,age      ] GC(38) - age  13:       7944 bytes,    1659128 total
[2024-02-09T01:08:10.233+0000][7][gc,age      ] GC(38) - age  14:      59536 bytes,    1718664 total
[2024-02-09T01:08:10.233+0000][7][gc,age      ] GC(38) - age  15:     336184 bytes,    2054848 total
[2024-02-09T01:08:10.233+0000][7][gc,heap     ] GC(38) Eden regions: 152->0(152)
[2024-02-09T01:08:10.233+0000][7][gc,heap     ] GC(38) Survivor regions: 1->1(20)
[2024-02-09T01:08:10.233+0000][7][gc,heap     ] GC(38) Old regions: 22->22
[2024-02-09T01:08:10.233+0000][7][gc,heap     ] GC(38) Archive regions: 2->2
[2024-02-09T01:08:10.233+0000][7][gc,heap     ] GC(38) Humongous regions: 0->0
[2024-02-09T01:08:10.233+0000][7][gc,metaspace] GC(38) Metaspace: 127908K(131648K)->127908K(131648K) NonClass: 111069K(113024K)->111069K(113024K) Class: 16839K(18624K)->16839K(18624K)
[2024-02-09T01:08:10.233+0000][7][gc          ] GC(38) Pause Young (Normal) (G1 Evacuation Pause) 701M->93M(1024M) 3.108ms
[2024-02-09T01:08:10.233+0000][7][gc,cpu      ] GC(38) User=0.02s Sys=0.00s Real=0.00s
[2024-02-09T01:08:10.233+0000][7][safepoint   ] Safepoint "G1CollectForAllocation", Time since last: 11925650806 ns, Reaching safepoint: 80155 ns, At safepoint: 3202123 ns, Total: 3282278 ns
[2024-02-09T01:08:28.236+0000][7][safepoint   ] Safepoint "Cleanup", Time since last: 18002131371 ns, Reaching safepoint: 88838 ns, At safepoint: 17449 ns, Total: 106287 ns
[2024-02-09T01:08:31.236+0000][7][safepoint   ] Safepoint "Cleanup", Time since last: 3000624356 ns, Reaching safepoint: 127912 ns, At safepoint: 8867 ns, Total: 136779 ns
[2024-02-09T01:08:37.237+0000][7][safepoint   ] Safepoint "Cleanup", Time since last: 6000638197 ns, Reaching safepoint: 60127 ns, At safepoint: 11603 ns, Total: 71730 ns
[2024-02-09T01:09:23.242+0000][7][safepoint   ] Safepoint "Cleanup", Time since last: 46004669222 ns, Reaching safepoint: 108836 ns, At safepoint: 8537 ns, Total: 117373 ns
[2024-02-09T01:09:34.244+0000][7][safepoint   ] Safepoint "Cleanup", Time since last: 11001778196 ns, Reaching safepoint: 85709 ns, At safepoint: 9400 ns, Total: 95109 ns
[2024-02-09T01:09:40.245+0000][7][safepoint   ] Safepoint "Cleanup", Time since last: 6000919102 ns, Reaching safepoint: 70026 ns, At safepoint: 6451 ns, Total: 76477 ns
[2024-02-09T01:10:33.251+0000][7][safepoint   ] Safepoint "Cleanup", Time since last: 53005991324 ns, Reaching safepoint: 90471 ns, At safepoint: 8966 ns, Total: 99437 ns
[2024-02-09T01:10:37.252+0000][7][safepoint   ] Safepoint "Cleanup", Time since last: 4000676957 ns, Reaching safepoint: 57424 ns, At safepoint: 3927 ns, Total: 61351 ns
[2024-02-09T01:11:16.256+0000][7][safepoint   ] Safepoint "Cleanup", Time since last: 39004034621 ns, Reaching safepoint: 91121 ns, At safepoint: 26422 ns, Total: 117543 ns
[2024-02-09T01:11:37.258+0000][7][safepoint   ] Safepoint "Cleanup", Time since last: 21002503070 ns, Reaching safepoint: 104261 ns, At safepoint: 24154 ns, Total: 128415 ns
[2024-02-09T01:11:40.266+0000][7][gc,start    ] GC(39) Pause Young (Normal) (G1 Evacuation Pause)
[2024-02-09T01:11:40.266+0000][7][gc,task     ] GC(39) Using 8 workers of 8 for evacuation
[2024-02-09T01:11:40.266+0000][7][gc,age      ] GC(39) Desired survivor size 41943040 bytes, new threshold 15 (max threshold 15)
[2024-02-09T01:11:40.269+0000][7][gc,phases   ] GC(39)   Pre Evacuate Collection Set: 0.1ms
[2024-02-09T01:11:40.269+0000][7][gc,phases   ] GC(39)   Merge Heap Roots: 0.1ms
[2024-02-09T01:11:40.269+0000][7][gc,phases   ] GC(39)   Evacuate Collection Set: 1.9ms
[2024-02-09T01:11:40.269+0000][7][gc,phases   ] GC(39)   Post Evacuate Collection Set: 0.7ms
[2024-02-09T01:11:40.269+0000][7][gc,phases   ] GC(39)   Other: 0.1ms
[2024-02-09T01:11:40.269+0000][7][gc,age      ] GC(39) Age table with threshold 15 (max threshold 15)
[2024-02-09T01:11:40.269+0000][7][gc,age      ] GC(39) - age   1:    1731464 bytes,    1731464 total
[2024-02-09T01:11:40.269+0000][7][gc,age      ] GC(39) - age   2:      17344 bytes,    1748808 total
[2024-02-09T01:11:40.269+0000][7][gc,age      ] GC(39) - age   3:       2184 bytes,    1750992 total
[2024-02-09T01:11:40.269+0000][7][gc,age      ] GC(39) - age   4:      17288 bytes,    1768280 total
[2024-02-09T01:11:40.269+0000][7][gc,age      ] GC(39) - age   5:      98184 bytes,    1866464 total
[2024-02-09T01:11:40.269+0000][7][gc,age      ] GC(39) - age   6:     101608 bytes,    1968072 total
[2024-02-09T01:11:40.269+0000][7][gc,age      ] GC(39) - age   7:     244080 bytes,    2212152 total
[2024-02-09T01:11:40.269+0000][7][gc,age      ] GC(39) - age   8:       6536 bytes,    2218688 total
[2024-02-09T01:11:40.269+0000][7][gc,age      ] GC(39) - age   9:       4480 bytes,    2223168 total
[2024-02-09T01:11:40.269+0000][7][gc,age      ] GC(39) - age  10:       3568 bytes,    2226736 total
[2024-02-09T01:11:40.269+0000][7][gc,age      ] GC(39) - age  11:       1536 bytes,    2228272 total
[2024-02-09T01:11:40.269+0000][7][gc,age      ] GC(39) - age  12:       3968 bytes,    2232240 total
[2024-02-09T01:11:40.269+0000][7][gc,age      ] GC(39) - age  13:       7784 bytes,    2240024 total
[2024-02-09T01:11:40.269+0000][7][gc,age      ] GC(39) - age  14:       7944 bytes,    2247968 total
[2024-02-09T01:11:40.269+0000][7][gc,age      ] GC(39) - age  15:      59536 bytes,    2307504 total
[2024-02-09T01:11:40.269+0000][7][gc,heap     ] GC(39) Eden regions: 152->0(152)
[2024-02-09T01:11:40.269+0000][7][gc,heap     ] GC(39) Survivor regions: 1->1(20)
[2024-02-09T01:11:40.269+0000][7][gc,heap     ] GC(39) Old regions: 22->22
[2024-02-09T01:11:40.269+0000][7][gc,heap     ] GC(39) Archive regions: 2->2
[2024-02-09T01:11:40.269+0000][7][gc,heap     ] GC(39) Humongous regions: 0->0
[2024-02-09T01:11:40.269+0000][7][gc,metaspace] GC(39) Metaspace: 127933K(131648K)->127933K(131648K) NonClass: 111094K(113024K)->111094K(113024K) Class: 16839K(18624K)->16839K(18624K)
[2024-02-09T01:11:40.269+0000][7][gc          ] GC(39) Pause Young (Normal) (G1 Evacuation Pause) 701M->93M(1024M) 3.161ms
[2024-02-09T01:11:40.269+0000][7][gc,cpu      ] GC(39) User=0.01s Sys=0.01s Real=0.00s
[2024-02-09T01:11:40.269+0000][7][safepoint   ] Safepoint "G1CollectForAllocation", Time since last: 3007811059 ns, Reaching safepoint: 44270 ns, At safepoint: 3248565 ns, Total: 3292835 ns
[2024-02-09T01:12:11.274+0000][7][safepoint   ] Safepoint "Cleanup", Time since last: 31004216826 ns, Reaching safepoint: 126026 ns, At safepoint: 10761 ns, Total: 136787 ns
[2024-02-09T01:13:37.285+0000][7][safepoint   ] Safepoint "Cleanup", Time since last: 86011236499 ns, Reaching safepoint: 101245 ns, At safepoint: 8225 ns, Total: 109470 ns
[2024-02-09T01:13:52.287+0000][7][safepoint   ] Safepoint "Cleanup", Time since last: 15001593462 ns, Reaching safepoint: 89125 ns, At safepoint: 14478 ns, Total: 103603 ns
[2024-02-09T01:15:10.297+0000][7][safepoint   ] Safepoint "Cleanup", Time since last: 78009983043 ns, Reaching safepoint: 89027 ns, At safepoint: 6198 ns, Total: 95225 ns
[2024-02-09T01:15:11.297+0000][7][safepoint   ] Safepoint "Cleanup", Time since last: 1000214820 ns, Reaching safepoint: 79170 ns, At safepoint: 10337 ns, Total: 89507 ns
[2024-02-09T01:15:17.236+0000][7][gc,start    ] GC(40) Pause Young (Normal) (G1 Evacuation Pause)
[2024-02-09T01:15:17.236+0000][7][gc,task     ] GC(40) Using 8 workers of 8 for evacuation
[2024-02-09T01:15:17.236+0000][7][gc,age      ] GC(40) Desired survivor size 41943040 bytes, new threshold 15 (max threshold 15)
[2024-02-09T01:15:17.239+0000][7][gc,phases   ] GC(40)   Pre Evacuate Collection Set: 0.1ms
[2024-02-09T01:15:17.239+0000][7][gc,phases   ] GC(40)   Merge Heap Roots: 0.1ms
[2024-02-09T01:15:17.239+0000][7][gc,phases   ] GC(40)   Evacuate Collection Set: 2.2ms
[2024-02-09T01:15:17.239+0000][7][gc,phases   ] GC(40)   Post Evacuate Collection Set: 0.8ms
[2024-02-09T01:15:17.239+0000][7][gc,phases   ] GC(40)   Other: 0.1ms
[2024-02-09T01:15:17.239+0000][7][gc,age      ] GC(40) Age table with threshold 15 (max threshold 15)
[2024-02-09T01:15:17.239+0000][7][gc,age      ] GC(40) - age   1:    1057192 bytes,    1057192 total
[2024-02-09T01:15:17.240+0000][7][gc,age      ] GC(40) - age   2:       4528 bytes,    1061720 total
[2024-02-09T01:15:17.240+0000][7][gc,age      ] GC(40) - age   3:      15304 bytes,    1077024 total
[2024-02-09T01:15:17.240+0000][7][gc,age      ] GC(40) - age   4:       1800 bytes,    1078824 total
[2024-02-09T01:15:17.240+0000][7][gc,age      ] GC(40) - age   5:      17288 bytes,    1096112 total
[2024-02-09T01:15:17.240+0000][7][gc,age      ] GC(40) - age   6:      98184 bytes,    1194296 total
[2024-02-09T01:15:17.240+0000][7][gc,age      ] GC(40) - age   7:     101608 bytes,    1295904 total
[2024-02-09T01:15:17.240+0000][7][gc,age      ] GC(40) - age   8:     244080 bytes,    1539984 total
[2024-02-09T01:15:17.240+0000][7][gc,age      ] GC(40) - age   9:       6536 bytes,    1546520 total
[2024-02-09T01:15:17.240+0000][7][gc,age      ] GC(40) - age  10:       4480 bytes,    1551000 total
[2024-02-09T01:15:17.240+0000][7][gc,age      ] GC(40) - age  11:       3568 bytes,    1554568 total
[2024-02-09T01:15:17.240+0000][7][gc,age      ] GC(40) - age  12:       1536 bytes,    1556104 total
[2024-02-09T01:15:17.240+0000][7][gc,age      ] GC(40) - age  13:       3968 bytes,    1560072 total
[2024-02-09T01:15:17.240+0000][7][gc,age      ] GC(40) - age  14:       7784 bytes,    1567856 total
[2024-02-09T01:15:17.240+0000][7][gc,age      ] GC(40) - age  15:       7944 bytes,    1575800 total
[2024-02-09T01:15:17.240+0000][7][gc,heap     ] GC(40) Eden regions: 152->0(152)
[2024-02-09T01:15:17.240+0000][7][gc,heap     ] GC(40) Survivor regions: 1->1(20)
[2024-02-09T01:15:17.240+0000][7][gc,heap     ] GC(40) Old regions: 22->22
[2024-02-09T01:15:17.240+0000][7][gc,heap     ] GC(40) Archive regions: 2->2
[2024-02-09T01:15:17.240+0000][7][gc,heap     ] GC(40) Humongous regions: 0->0
[2024-02-09T01:15:17.240+0000][7][gc,metaspace] GC(40) Metaspace: 127948K(131648K)->127948K(131648K) NonClass: 111108K(113024K)->111108K(113024K) Class: 16839K(18624K)->16839K(18624K)
[2024-02-09T01:15:17.240+0000][7][gc          ] GC(40) Pause Young (Normal) (G1 Evacuation Pause) 701M->93M(1024M) 3.679ms
[2024-02-09T01:15:17.240+0000][7][gc,cpu      ] GC(40) User=0.02s Sys=0.00s Real=0.01s
[2024-02-09T01:15:17.240+0000][7][safepoint   ] Safepoint "G1CollectForAllocation", Time since last: 5938618688 ns, Reaching safepoint: 82639 ns, At safepoint: 3779191 ns, Total: 3861830 ns
[2024-02-09T01:15:19.240+0000][7][safepoint   ] Safepoint "Cleanup", Time since last: 2000264871 ns, Reaching safepoint: 53021 ns, At safepoint: 3318 ns, Total: 56339 ns
[2024-02-09T01:15:23.241+0000][7][safepoint   ] Safepoint "Cleanup", Time since last: 4000411846 ns, Reaching safepoint: 83774 ns, At safepoint: 5341 ns, Total: 89115 ns
[2024-02-09T01:15:29.241+0000][7][safepoint   ] Safepoint "Cleanup", Time since last: 6000487006 ns, Reaching safepoint: 108845 ns, At safepoint: 7123 ns, Total: 115968 ns
[2024-02-09T01:15:30.241+0000][7][safepoint   ] Safepoint "Cleanup", Time since last: 1000138245 ns, Reaching safepoint: 70687 ns, At safepoint: 8335 ns, Total: 79022 ns
[2024-02-09T01:15:47.243+0000][7][safepoint   ] Safepoint "Cleanup", Time since last: 17001700580 ns, Reaching safepoint: 102189 ns, At safepoint: 9051 ns, Total: 111240 ns
[2024-02-09T01:15:53.244+0000][7][safepoint   ] Safepoint "Cleanup", Time since last: 6000554658 ns, Reaching safepoint: 83006 ns, At safepoint: 6291 ns, Total: 89297 ns
[2024-02-09T01:15:59.245+0000][7][safepoint   ] Safepoint "Cleanup", Time since last: 6000745278 ns, Reaching safepoint: 76513 ns, At safepoint: 8905 ns, Total: 85418 ns
[2024-02-09T01:16:00.245+0000][7][safepoint   ] Safepoint "Cleanup", Time since last: 1000261614 ns, Reaching safepoint: 85001 ns, At safepoint: 8670 ns, Total: 93671 ns
[2024-02-09T01:16:01.245+0000][7][safepoint   ] Safepoint "Cleanup", Time since last: 1000149756 ns, Reaching safepoint: 65833 ns, At safepoint: 11688 ns, Total: 77521 ns
[2024-02-09T01:16:05.246+0000][7][safepoint   ] Safepoint "Cleanup", Time since last: 4000365371 ns, Reaching safepoint: 89804 ns, At safepoint: 6247 ns, Total: 96051 ns
[2024-02-09T01:16:18.247+0000][7][safepoint   ] Safepoint "Cleanup", Time since last: 13001646386 ns, Reaching safepoint: 110446 ns, At safepoint: 49537 ns, Total: 159983 ns
[2024-02-09T01:16:42.250+0000][7][safepoint   ] Safepoint "Cleanup", Time since last: 24002777483 ns, Reaching safepoint: 61598 ns, At safepoint: 14120 ns, Total: 75718 ns
[2024-02-09T01:16:46.251+0000][7][safepoint   ] Safepoint "Cleanup", Time since last: 4000709875 ns, Reaching safepoint: 74656 ns, At safepoint: 10475 ns, Total: 85131 ns
[2024-02-09T01:17:00.253+0000][7][safepoint   ] Safepoint "Cleanup", Time since last: 14001521310 ns, Reaching safepoint: 73342 ns, At safepoint: 18084 ns, Total: 91426 ns
[2024-02-09T01:17:37.257+0000][7][safepoint   ] Safepoint "Cleanup", Time since last: 37004198967 ns, Reaching safepoint: 89464 ns, At safepoint: 7494 ns, Total: 96958 ns
[2024-02-09T01:17:59.260+0000][7][safepoint   ] Safepoint "Cleanup", Time since last: 22002719855 ns, Reaching safepoint: 79995 ns, At safepoint: 39343 ns, Total: 119338 ns
[2024-02-09T01:18:37.265+0000][7][safepoint   ] Safepoint "Cleanup", Time since last: 38004804479 ns, Reaching safepoint: 109182 ns, At safepoint: 20802 ns, Total: 129984 ns
[2024-02-09T01:18:41.265+0000][7][safepoint   ] Safepoint "Cleanup", Time since last: 4000473721 ns, Reaching safepoint: 97016 ns, At safepoint: 8317 ns, Total: 105333 ns
[2024-02-09T01:18:46.335+0000][7][gc,start    ] GC(41) Pause Young (Normal) (G1 Evacuation Pause)
[2024-02-09T01:18:46.336+0000][7][gc,task     ] GC(41) Using 8 workers of 8 for evacuation
[2024-02-09T01:18:46.336+0000][7][gc,age      ] GC(41) Desired survivor size 41943040 bytes, new threshold 15 (max threshold 15)
[2024-02-09T01:18:46.339+0000][7][gc,phases   ] GC(41)   Pre Evacuate Collection Set: 0.1ms
[2024-02-09T01:18:46.339+0000][7][gc,phases   ] GC(41)   Merge Heap Roots: 0.1ms
[2024-02-09T01:18:46.339+0000][7][gc,phases   ] GC(41)   Evacuate Collection Set: 2.0ms
[2024-02-09T01:18:46.339+0000][7][gc,phases   ] GC(41)   Post Evacuate Collection Set: 0.9ms
[2024-02-09T01:18:46.339+0000][7][gc,phases   ] GC(41)   Other: 0.1ms
[2024-02-09T01:18:46.339+0000][7][gc,age      ] GC(41) Age table with threshold 15 (max threshold 15)
[2024-02-09T01:18:46.339+0000][7][gc,age      ] GC(41) - age   1:    1676776 bytes,    1676776 total
[2024-02-09T01:18:46.339+0000][7][gc,age      ] GC(41) - age   2:       2320 bytes,    1679096 total
[2024-02-09T01:18:46.339+0000][7][gc,age      ] GC(41) - age   3:       2000 bytes,    1681096 total
[2024-02-09T01:18:46.339+0000][7][gc,age      ] GC(41) - age   4:      10904 bytes,    1692000 total
[2024-02-09T01:18:46.339+0000][7][gc,age      ] GC(41) - age   5:       1344 bytes,    1693344 total
[2024-02-09T01:18:46.339+0000][7][gc,age      ] GC(41) - age   6:      17072 bytes,    1710416 total
[2024-02-09T01:18:46.339+0000][7][gc,age      ] GC(41) - age   7:      98128 bytes,    1808544 total
[2024-02-09T01:18:46.339+0000][7][gc,age      ] GC(41) - age   8:     101608 bytes,    1910152 total
[2024-02-09T01:18:46.339+0000][7][gc,age      ] GC(41) - age   9:     243984 bytes,    2154136 total
[2024-02-09T01:18:46.339+0000][7][gc,age      ] GC(41) - age  10:       6536 bytes,    2160672 total
[2024-02-09T01:18:46.339+0000][7][gc,age      ] GC(41) - age  11:       4480 bytes,    2165152 total
[2024-02-09T01:18:46.339+0000][7][gc,age      ] GC(41) - age  12:       3568 bytes,    2168720 total
[2024-02-09T01:18:46.339+0000][7][gc,age      ] GC(41) - age  13:       1536 bytes,    2170256 total
[2024-02-09T01:18:46.339+0000][7][gc,age      ] GC(41) - age  14:       3968 bytes,    2174224 total
[2024-02-09T01:18:46.339+0000][7][gc,age      ] GC(41) - age  15:       7784 bytes,    2182008 total
[2024-02-09T01:18:46.339+0000][7][gc,heap     ] GC(41) Eden regions: 152->0(152)
[2024-02-09T01:18:46.339+0000][7][gc,heap     ] GC(41) Survivor regions: 1->1(20)
[2024-02-09T01:18:46.339+0000][7][gc,heap     ] GC(41) Old regions: 22->22
[2024-02-09T01:18:46.339+0000][7][gc,heap     ] GC(41) Archive regions: 2->2
[2024-02-09T01:18:46.339+0000][7][gc,heap     ] GC(41) Humongous regions: 0->0
[2024-02-09T01:18:46.339+0000][7][gc,metaspace] GC(41) Metaspace: 127956K(131712K)->127956K(131712K) NonClass: 111117K(113088K)->111117K(113088K) Class: 16839K(18624K)->16839K(18624K)
[2024-02-09T01:18:46.339+0000][7][gc          ] GC(41) Pause Young (Normal) (G1 Evacuation Pause) 701M->93M(1024M) 3.505ms
[2024-02-09T01:18:46.339+0000][7][gc,cpu      ] GC(41) User=0.02s Sys=0.00s Real=0.01s
[2024-02-09T01:18:46.339+0000][7][safepoint   ] Safepoint "G1CollectForAllocation", Time since last: 5069992229 ns, Reaching safepoint: 55617 ns, At safepoint: 3608770 ns, Total: 3664387 ns
[2024-02-09T01:19:10.342+0000][7][safepoint   ] Safepoint "Cleanup", Time since last: 24002694259 ns, Reaching safepoint: 113428 ns, At safepoint: 9225 ns, Total: 122653 ns
[2024-02-09T01:19:30.345+0000][7][safepoint   ] Safepoint "Cleanup", Time since last: 20002743737 ns, Reaching safepoint: 69235 ns, At safepoint: 8285 ns, Total: 77520 ns
[2024-02-09T01:19:37.345+0000][7][safepoint   ] Safepoint "Cleanup", Time since last: 7000664831 ns, Reaching safepoint: 65163 ns, At safepoint: 5786 ns, Total: 70949 ns
[2024-02-09T01:19:46.347+0000][7][safepoint   ] Safepoint "Cleanup", Time since last: 9001115377 ns, Reaching safepoint: 115577 ns, At safepoint: 34920 ns, Total: 150497 ns
[2024-02-09T01:20:00.348+0000][7][safepoint   ] Safepoint "Cleanup", Time since last: 14001566261 ns, Reaching safepoint: 47883 ns, At safepoint: 4750 ns, Total: 52633 ns
[2024-02-09T01:20:07.349+0000][7][safepoint   ] Safepoint "Cleanup", Time since last: 7000732282 ns, Reaching safepoint: 116176 ns, At safepoint: 9056 ns, Total: 125232 ns
[2024-02-09T01:20:30.353+0000][7][safepoint   ] Safepoint "Cleanup", Time since last: 23003291269 ns, Reaching safepoint: 102239 ns, At safepoint: 16953 ns, Total: 119192 ns
[2024-02-09T01:20:37.353+0000][7][safepoint   ] Safepoint "Cleanup", Time since last: 7000747978 ns, Reaching safepoint: 86613 ns, At safepoint: 6369 ns, Total: 92982 ns
[2024-02-09T01:21:24.359+0000][7][safepoint   ] Safepoint "Cleanup", Time since last: 47005515997 ns, Reaching safepoint: 135875 ns, At safepoint: 8259 ns, Total: 144134 ns
[2024-02-09T01:21:28.360+0000][7][safepoint   ] Safepoint "Cleanup", Time since last: 4000583596 ns, Reaching safepoint: 76254 ns, At safepoint: 12293 ns, Total: 88547 ns
[2024-02-09T01:21:37.361+0000][7][safepoint   ] Safepoint "Cleanup", Time since last: 9000999018 ns, Reaching safepoint: 73752 ns, At safepoint: 4379 ns, Total: 78131 ns
[2024-02-09T01:21:41.361+0000][7][safepoint   ] Safepoint "Cleanup", Time since last: 4000443187 ns, Reaching safepoint: 92591 ns, At safepoint: 8338 ns, Total: 100929 ns
[2024-02-09T01:22:10.365+0000][7][safepoint   ] Safepoint "Cleanup", Time since last: 29004035259 ns, Reaching safepoint: 56554 ns, At safepoint: 5335 ns, Total: 61889 ns
[2024-02-09T01:22:28.249+0000][7][gc,start    ] GC(42) Pause Young (Normal) (G1 Evacuation Pause)
[2024-02-09T01:22:28.249+0000][7][gc,task     ] GC(42) Using 8 workers of 8 for evacuation
[2024-02-09T01:22:28.249+0000][7][gc,age      ] GC(42) Desired survivor size 41943040 bytes, new threshold 15 (max threshold 15)
[2024-02-09T01:22:28.252+0000][7][gc,phases   ] GC(42)   Pre Evacuate Collection Set: 0.1ms
[2024-02-09T01:22:28.252+0000][7][gc,phases   ] GC(42)   Merge Heap Roots: 0.1ms
[2024-02-09T01:22:28.252+0000][7][gc,phases   ] GC(42)   Evacuate Collection Set: 1.8ms
[2024-02-09T01:22:28.252+0000][7][gc,phases   ] GC(42)   Post Evacuate Collection Set: 0.8ms
[2024-02-09T01:22:28.252+0000][7][gc,phases   ] GC(42)   Other: 0.1ms
[2024-02-09T01:22:28.252+0000][7][gc,age      ] GC(42) Age table with threshold 15 (max threshold 15)
[2024-02-09T01:22:28.252+0000][7][gc,age      ] GC(42) - age   1:    1194792 bytes,    1194792 total
[2024-02-09T01:22:28.252+0000][7][gc,age      ] GC(42) - age   2:      21832 bytes,    1216624 total
[2024-02-09T01:22:28.252+0000][7][gc,age      ] GC(42) - age   3:        536 bytes,    1217160 total
[2024-02-09T01:22:28.252+0000][7][gc,age      ] GC(42) - age   4:       1552 bytes,    1218712 total
[2024-02-09T01:22:28.252+0000][7][gc,age      ] GC(42) - age   5:      10776 bytes,    1229488 total
[2024-02-09T01:22:28.252+0000][7][gc,age      ] GC(42) - age   6:       1160 bytes,    1230648 total
[2024-02-09T01:22:28.252+0000][7][gc,age      ] GC(42) - age   7:      17072 bytes,    1247720 total
[2024-02-09T01:22:28.252+0000][7][gc,age      ] GC(42) - age   8:      98128 bytes,    1345848 total
[2024-02-09T01:22:28.252+0000][7][gc,age      ] GC(42) - age   9:     101608 bytes,    1447456 total
[2024-02-09T01:22:28.253+0000][7][gc,age      ] GC(42) - age  10:     243984 bytes,    1691440 total
[2024-02-09T01:22:28.253+0000][7][gc,age      ] GC(42) - age  11:       6536 bytes,    1697976 total
[2024-02-09T01:22:28.253+0000][7][gc,age      ] GC(42) - age  12:       4480 bytes,    1702456 total
[2024-02-09T01:22:28.253+0000][7][gc,age      ] GC(42) - age  13:       3568 bytes,    1706024 total
[2024-02-09T01:22:28.253+0000][7][gc,age      ] GC(42) - age  14:       1536 bytes,    1707560 total
[2024-02-09T01:22:28.253+0000][7][gc,age      ] GC(42) - age  15:       3968 bytes,    1711528 total
[2024-02-09T01:22:28.253+0000][7][gc,heap     ] GC(42) Eden regions: 152->0(152)
[2024-02-09T01:22:28.253+0000][7][gc,heap     ] GC(42) Survivor regions: 1->1(20)
[2024-02-09T01:22:28.253+0000][7][gc,heap     ] GC(42) Old regions: 22->22
[2024-02-09T01:22:28.253+0000][7][gc,heap     ] GC(42) Archive regions: 2->2
[2024-02-09T01:22:28.253+0000][7][gc,heap     ] GC(42) Humongous regions: 0->0
[2024-02-09T01:22:28.253+0000][7][gc,metaspace] GC(42) Metaspace: 127971K(131712K)->127971K(131712K) NonClass: 111132K(113088K)->111132K(113088K) Class: 16839K(18624K)->16839K(18624K)
[2024-02-09T01:22:28.253+0000][7][gc          ] GC(42) Pause Young (Normal) (G1 Evacuation Pause) 701M->93M(1024M) 3.241ms
[2024-02-09T01:22:28.253+0000][7][gc,cpu      ] GC(42) User=0.01s Sys=0.00s Real=0.00s
[2024-02-09T01:22:28.253+0000][7][safepoint   ] Safepoint "G1CollectForAllocation", Time since last: 17883789447 ns, Reaching safepoint: 68074 ns, At safepoint: 3336097 ns, Total: 3404171 ns
[2024-02-09T01:22:35.254+0000][7][safepoint   ] Safepoint "Cleanup", Time since last: 7000857689 ns, Reaching safepoint: 49683 ns, At safepoint: 11488 ns, Total: 61171 ns
[2024-02-09T01:22:47.255+0000][7][safepoint   ] Safepoint "Cleanup", Time since last: 12001424041 ns, Reaching safepoint: 105497 ns, At safepoint: 6185 ns, Total: 111682 ns
[2024-02-09T01:23:16.259+0000][7][safepoint   ] Safepoint "Cleanup", Time since last: 29003658663 ns, Reaching safepoint: 159185 ns, At safepoint: 10493 ns, Total: 169678 ns
[2024-02-09T01:23:29.261+0000][7][safepoint   ] Safepoint "Cleanup", Time since last: 13001591449 ns, Reaching safepoint: 108516 ns, At safepoint: 7083 ns, Total: 115599 ns
[2024-02-09T01:23:30.261+0000][7][safepoint   ] Safepoint "Cleanup", Time since last: 1000260104 ns, Reaching safepoint: 77830 ns, At safepoint: 12218 ns, Total: 90048 ns
[2024-02-09T01:23:37.262+0000][7][safepoint   ] Safepoint "Cleanup", Time since last: 7000905691 ns, Reaching safepoint: 63727 ns, At safepoint: 17994 ns, Total: 81721 ns
[2024-02-09T01:23:53.264+0000][7][safepoint   ] Safepoint "Cleanup", Time since last: 16002370358 ns, Reaching safepoint: 49520 ns, At safepoint: 25700 ns, Total: 75220 ns
[2024-02-09T01:24:04.265+0000][7][safepoint   ] Safepoint "Cleanup", Time since last: 11000971251 ns, Reaching safepoint: 73474 ns, At safepoint: 4670 ns, Total: 78144 ns
[2024-02-09T01:24:05.266+0000][7][safepoint   ] Safepoint "Cleanup", Time since last: 1000122668 ns, Reaching safepoint: 77063 ns, At safepoint: 6374 ns, Total: 83437 ns
[2024-02-09T01:24:11.267+0000][7][safepoint   ] Safepoint "Cleanup", Time since last: 6000841090 ns, Reaching safepoint: 115998 ns, At safepoint: 7120 ns, Total: 123118 ns
[2024-02-09T01:24:37.270+0000][7][safepoint   ] Safepoint "Cleanup", Time since last: 26003076479 ns, Reaching safepoint: 91486 ns, At safepoint: 7230 ns, Total: 98716 ns
[2024-02-09T01:25:28.277+0000][7][safepoint   ] Safepoint "Cleanup", Time since last: 51006876601 ns, Reaching safepoint: 120823 ns, At safepoint: 13977 ns, Total: 134800 ns
[2024-02-09T01:25:29.277+0000][7][safepoint   ] Safepoint "Cleanup", Time since last: 1000256177 ns, Reaching safepoint: 86039 ns, At safepoint: 8083 ns, Total: 94122 ns
[2024-02-09T01:25:37.278+0000][7][safepoint   ] Safepoint "Cleanup", Time since last: 8001012042 ns, Reaching safepoint: 84752 ns, At safepoint: 7507 ns, Total: 92259 ns
[2024-02-09T01:25:58.271+0000][7][gc,start    ] GC(43) Pause Young (Normal) (G1 Evacuation Pause)
[2024-02-09T01:25:58.271+0000][7][gc,task     ] GC(43) Using 8 workers of 8 for evacuation
[2024-02-09T01:25:58.271+0000][7][gc,age      ] GC(43) Desired survivor size 41943040 bytes, new threshold 15 (max threshold 15)
[2024-02-09T01:25:58.274+0000][7][gc,phases   ] GC(43)   Pre Evacuate Collection Set: 0.1ms
[2024-02-09T01:25:58.274+0000][7][gc,phases   ] GC(43)   Merge Heap Roots: 0.1ms
[2024-02-09T01:25:58.274+0000][7][gc,phases   ] GC(43)   Evacuate Collection Set: 1.3ms
[2024-02-09T01:25:58.274+0000][7][gc,phases   ] GC(43)   Post Evacuate Collection Set: 0.8ms
[2024-02-09T01:25:58.274+0000][7][gc,phases   ] GC(43)   Other: 0.1ms
[2024-02-09T01:25:58.274+0000][7][gc,age      ] GC(43) Age table with threshold 15 (max threshold 15)
[2024-02-09T01:25:58.274+0000][7][gc,age      ] GC(43) - age   1:     594568 bytes,     594568 total
[2024-02-09T01:25:58.274+0000][7][gc,age      ] GC(43) - age   2:       3000 bytes,     597568 total
[2024-02-09T01:25:58.274+0000][7][gc,age      ] GC(43) - age   3:      10936 bytes,     608504 total
[2024-02-09T01:25:58.274+0000][7][gc,age      ] GC(43) - age   4:        472 bytes,     608976 total
[2024-02-09T01:25:58.274+0000][7][gc,age      ] GC(43) - age   5:       1552 bytes,     610528 total
[2024-02-09T01:25:58.274+0000][7][gc,age      ] GC(43) - age   6:      10776 bytes,     621304 total
[2024-02-09T01:25:58.274+0000][7][gc,age      ] GC(43) - age   7:       1160 bytes,     622464 total
[2024-02-09T01:25:58.274+0000][7][gc,age      ] GC(43) - age   8:      17072 bytes,     639536 total
[2024-02-09T01:25:58.274+0000][7][gc,age      ] GC(43) - age   9:      98128 bytes,     737664 total
[2024-02-09T01:25:58.274+0000][7][gc,age      ] GC(43) - age  10:     101608 bytes,     839272 total
[2024-02-09T01:25:58.274+0000][7][gc,age      ] GC(43) - age  11:     243984 bytes,    1083256 total
[2024-02-09T01:25:58.274+0000][7][gc,age      ] GC(43) - age  12:       6536 bytes,    1089792 total
[2024-02-09T01:25:58.274+0000][7][gc,age      ] GC(43) - age  13:       4480 bytes,    1094272 total
[2024-02-09T01:25:58.274+0000][7][gc,age      ] GC(43) - age  14:       3568 bytes,    1097840 total
[2024-02-09T01:25:58.274+0000][7][gc,age      ] GC(43) - age  15:       1536 bytes,    1099376 total
[2024-02-09T01:25:58.274+0000][7][gc,heap     ] GC(43) Eden regions: 152->0(152)
[2024-02-09T01:25:58.274+0000][7][gc,heap     ] GC(43) Survivor regions: 1->1(20)
[2024-02-09T01:25:58.274+0000][7][gc,heap     ] GC(43) Old regions: 22->22
[2024-02-09T01:25:58.274+0000][7][gc,heap     ] GC(43) Archive regions: 2->2
[2024-02-09T01:25:58.274+0000][7][gc,heap     ] GC(43) Humongous regions: 0->0
[2024-02-09T01:25:58.274+0000][7][gc,metaspace] GC(43) Metaspace: 127999K(131776K)->127999K(131776K) NonClass: 111160K(113152K)->111160K(113152K) Class: 16839K(18624K)->16839K(18624K)
[2024-02-09T01:25:58.274+0000][7][gc          ] GC(43) Pause Young (Normal) (G1 Evacuation Pause) 701M->92M(1024M) 2.773ms
[2024-02-09T01:25:58.274+0000][7][gc,cpu      ] GC(43) User=0.01s Sys=0.00s Real=0.00s
[2024-02-09T01:25:58.274+0000][7][safepoint   ] Safepoint "G1CollectForAllocation", Time since last: 20992798533 ns, Reaching safepoint: 68928 ns, At safepoint: 2884299 ns, Total: 2953227 ns
[2024-02-09T01:26:23.382+0000][7][safepoint   ] Safepoint "Cleanup", Time since last: 25107773344 ns, Reaching safepoint: 150866 ns, At safepoint: 9413 ns, Total: 160279 ns
[2024-02-09T01:26:28.383+0000][7][safepoint   ] Safepoint "Cleanup", Time since last: 5000539046 ns, Reaching safepoint: 128535 ns, At safepoint: 12073 ns, Total: 140608 ns
[2024-02-09T01:26:37.384+0000][7][safepoint   ] Safepoint "Cleanup", Time since last: 9001006319 ns, Reaching safepoint: 97964 ns, At safepoint: 8170 ns, Total: 106134 ns
[2024-02-09T01:26:58.387+0000][7][safepoint   ] Safepoint "Cleanup", Time since last: 21003053746 ns, Reaching safepoint: 98604 ns, At safepoint: 11446 ns, Total: 110050 ns
[2024-02-09T01:26:59.387+0000][7][safepoint   ] Safepoint "Cleanup", Time since last: 1000123474 ns, Reaching safepoint: 49878 ns, At safepoint: 5471 ns, Total: 55349 ns
[2024-02-09T01:27:00.387+0000][7][safepoint   ] Safepoint "Cleanup", Time since last: 1000148757 ns, Reaching safepoint: 48180 ns, At safepoint: 5268 ns, Total: 53448 ns
[2024-02-09T01:27:37.393+0000][7][safepoint   ] Safepoint "Cleanup", Time since last: 37005308224 ns, Reaching safepoint: 86985 ns, At safepoint: 12101 ns, Total: 99086 ns
[2024-02-09T01:28:08.397+0000][7][safepoint   ] Safepoint "Cleanup", Time since last: 31004468452 ns, Reaching safepoint: 120256 ns, At safepoint: 12233 ns, Total: 132489 ns
[2024-02-09T01:28:37.401+0000][7][safepoint   ] Safepoint "Cleanup", Time since last: 29003713029 ns, Reaching safepoint: 122753 ns, At safepoint: 7876 ns, Total: 130629 ns
[2024-02-09T01:29:31.308+0000][7][gc,start    ] GC(44) Pause Young (Normal) (G1 Evacuation Pause)
[2024-02-09T01:29:31.308+0000][7][gc,task     ] GC(44) Using 8 workers of 8 for evacuation
[2024-02-09T01:29:31.308+0000][7][gc,age      ] GC(44) Desired survivor size 41943040 bytes, new threshold 15 (max threshold 15)
[2024-02-09T01:29:31.311+0000][7][gc,phases   ] GC(44)   Pre Evacuate Collection Set: 0.1ms
[2024-02-09T01:29:31.311+0000][7][gc,phases   ] GC(44)   Merge Heap Roots: 0.1ms
[2024-02-09T01:29:31.311+0000][7][gc,phases   ] GC(44)   Evacuate Collection Set: 1.7ms
[2024-02-09T01:29:31.311+0000][7][gc,phases   ] GC(44)   Post Evacuate Collection Set: 0.7ms
[2024-02-09T01:29:31.311+0000][7][gc,phases   ] GC(44)   Other: 0.1ms
[2024-02-09T01:29:31.311+0000][7][gc,age      ] GC(44) Age table with threshold 15 (max threshold 15)
[2024-02-09T01:29:31.311+0000][7][gc,age      ] GC(44) - age   1:    1194440 bytes,    1194440 total
[2024-02-09T01:29:31.311+0000][7][gc,age      ] GC(44) - age   2:       5400 bytes,    1199840 total
[2024-02-09T01:29:31.311+0000][7][gc,age      ] GC(44) - age   3:       1296 bytes,    1201136 total
[2024-02-09T01:29:31.311+0000][7][gc,age      ] GC(44) - age   4:       6640 bytes,    1207776 total
[2024-02-09T01:29:31.311+0000][7][gc,age      ] GC(44) - age   5:        472 bytes,    1208248 total
[2024-02-09T01:29:31.311+0000][7][gc,age      ] GC(44) - age   6:        984 bytes,    1209232 total
[2024-02-09T01:29:31.311+0000][7][gc,age      ] GC(44) - age   7:      10744 bytes,    1219976 total
[2024-02-09T01:29:31.311+0000][7][gc,age      ] GC(44) - age   8:       1160 bytes,    1221136 total
[2024-02-09T01:29:31.311+0000][7][gc,age      ] GC(44) - age   9:      17072 bytes,    1238208 total
[2024-02-09T01:29:31.311+0000][7][gc,age      ] GC(44) - age  10:      98128 bytes,    1336336 total
[2024-02-09T01:29:31.311+0000][7][gc,age      ] GC(44) - age  11:     101608 bytes,    1437944 total
[2024-02-09T01:29:31.311+0000][7][gc,age      ] GC(44) - age  12:     243984 bytes,    1681928 total
[2024-02-09T01:29:31.311+0000][7][gc,age      ] GC(44) - age  13:       6536 bytes,    1688464 total
[2024-02-09T01:29:31.311+0000][7][gc,age      ] GC(44) - age  14:       4480 bytes,    1692944 total
[2024-02-09T01:29:31.311+0000][7][gc,age      ] GC(44) - age  15:       3568 bytes,    1696512 total
[2024-02-09T01:29:31.311+0000][7][gc,heap     ] GC(44) Eden regions: 152->0(152)
[2024-02-09T01:29:31.311+0000][7][gc,heap     ] GC(44) Survivor regions: 1->1(20)
[2024-02-09T01:29:31.311+0000][7][gc,heap     ] GC(44) Old regions: 22->22
[2024-02-09T01:29:31.311+0000][7][gc,heap     ] GC(44) Archive regions: 2->2
[2024-02-09T01:29:31.311+0000][7][gc,heap     ] GC(44) Humongous regions: 0->0
[2024-02-09T01:29:31.311+0000][7][gc,metaspace] GC(44) Metaspace: 128009K(131776K)->128009K(131776K) NonClass: 111169K(113152K)->111169K(113152K) Class: 16839K(18624K)->16839K(18624K)
[2024-02-09T01:29:31.311+0000][7][gc          ] GC(44) Pause Young (Normal) (G1 Evacuation Pause) 700M->93M(1024M) 3.038ms
[2024-02-09T01:29:31.311+0000][7][gc,cpu      ] GC(44) User=0.01s Sys=0.00s Real=0.00s
[2024-02-09T01:29:31.311+0000][7][safepoint   ] Safepoint "G1CollectForAllocation", Time since last: 53907111534 ns, Reaching safepoint: 46457 ns, At safepoint: 3129188 ns, Total: 3175645 ns
[2024-02-09T01:29:35.312+0000][7][safepoint   ] Safepoint "Cleanup", Time since last: 4000520125 ns, Reaching safepoint: 62543 ns, At safepoint: 5815 ns, Total: 68358 ns
[2024-02-09T01:30:00.315+0000][7][safepoint   ] Safepoint "Cleanup", Time since last: 25003061972 ns, Reaching safepoint: 74300 ns, At safepoint: 7894 ns, Total: 82194 ns
[2024-02-09T01:30:05.316+0000][7][safepoint   ] Safepoint "Cleanup", Time since last: 5000841686 ns, Reaching safepoint: 74249 ns, At safepoint: 8806 ns, Total: 83055 ns
[2024-02-09T01:30:29.319+0000][7][safepoint   ] Safepoint "Cleanup", Time since last: 24003257544 ns, Reaching safepoint: 56561 ns, At safepoint: 6628 ns, Total: 63189 ns
[2024-02-09T01:30:37.321+0000][7][safepoint   ] Safepoint "Cleanup", Time since last: 8001256644 ns, Reaching safepoint: 93725 ns, At safepoint: 5970 ns, Total: 99695 ns
[2024-02-09T01:31:27.327+0000][7][safepoint   ] Safepoint "Cleanup", Time since last: 50006069227 ns, Reaching safepoint: 77415 ns, At safepoint: 20994 ns, Total: 98409 ns
[2024-02-09T01:31:37.329+0000][7][safepoint   ] Safepoint "Cleanup", Time since last: 10001441094 ns, Reaching safepoint: 112293 ns, At safepoint: 6422 ns, Total: 118715 ns
[2024-02-09T01:31:46.329+0000][7][safepoint   ] Safepoint "Cleanup", Time since last: 9000741098 ns, Reaching safepoint: 129640 ns, At safepoint: 28641 ns, Total: 158281 ns
[2024-02-09T01:32:05.332+0000][7][safepoint   ] Safepoint "Cleanup", Time since last: 19002667984 ns, Reaching safepoint: 89465 ns, At safepoint: 9178 ns, Total: 98643 ns
[2024-02-09T01:32:11.333+0000][7][safepoint   ] Safepoint "Cleanup", Time since last: 6000787745 ns, Reaching safepoint: 104195 ns, At safepoint: 46411 ns, Total: 150606 ns
[2024-02-09T01:32:28.337+0000][7][safepoint   ] Safepoint "Cleanup", Time since last: 17003262750 ns, Reaching safepoint: 136821 ns, At safepoint: 8979 ns, Total: 145800 ns
[2024-02-09T01:32:30.337+0000][7][safepoint   ] Safepoint "Cleanup", Time since last: 2000393929 ns, Reaching safepoint: 86570 ns, At safepoint: 8887 ns, Total: 95457 ns
[2024-02-09T01:32:34.338+0000][7][safepoint   ] Safepoint "Cleanup", Time since last: 4000560102 ns, Reaching safepoint: 106174 ns, At safepoint: 6097 ns, Total: 112271 ns
[2024-02-09T01:32:37.338+0000][7][safepoint   ] Safepoint "Cleanup", Time since last: 3000635129 ns, Reaching safepoint: 78553 ns, At safepoint: 11148 ns, Total: 89701 ns
[2024-02-09T01:32:47.341+0000][7][safepoint   ] Safepoint "Cleanup", Time since last: 10001996084 ns, Reaching safepoint: 107259 ns, At safepoint: 7894 ns, Total: 115153 ns
[2024-02-09T01:33:05.297+0000][7][gc,start    ] GC(45) Pause Young (Normal) (G1 Evacuation Pause)
[2024-02-09T01:33:05.297+0000][7][gc,task     ] GC(45) Using 8 workers of 8 for evacuation
[2024-02-09T01:33:05.297+0000][7][gc,age      ] GC(45) Desired survivor size 41943040 bytes, new threshold 15 (max threshold 15)
[2024-02-09T01:33:05.300+0000][7][gc,phases   ] GC(45)   Pre Evacuate Collection Set: 0.1ms
[2024-02-09T01:33:05.300+0000][7][gc,phases   ] GC(45)   Merge Heap Roots: 0.1ms
[2024-02-09T01:33:05.300+0000][7][gc,phases   ] GC(45)   Evacuate Collection Set: 1.6ms
[2024-02-09T01:33:05.300+0000][7][gc,phases   ] GC(45)   Post Evacuate Collection Set: 0.8ms
[2024-02-09T01:33:05.300+0000][7][gc,phases   ] GC(45)   Other: 0.1ms
[2024-02-09T01:33:05.300+0000][7][gc,age      ] GC(45) Age table with threshold 15 (max threshold 15)
[2024-02-09T01:33:05.300+0000][7][gc,age      ] GC(45) - age   1:    1764248 bytes,    1764248 total
[2024-02-09T01:33:05.300+0000][7][gc,age      ] GC(45) - age   2:      15056 bytes,    1779304 total
[2024-02-09T01:33:05.300+0000][7][gc,age      ] GC(45) - age   3:       3568 bytes,    1782872 total
[2024-02-09T01:33:05.300+0000][7][gc,age      ] GC(45) - age   4:       1104 bytes,    1783976 total
[2024-02-09T01:33:05.300+0000][7][gc,age      ] GC(45) - age   5:       6248 bytes,    1790224 total
[2024-02-09T01:33:05.300+0000][7][gc,age      ] GC(45) - age   6:        472 bytes,    1790696 total
[2024-02-09T01:33:05.300+0000][7][gc,age      ] GC(45) - age   7:        984 bytes,    1791680 total
[2024-02-09T01:33:05.300+0000][7][gc,age      ] GC(45) - age   8:      10744 bytes,    1802424 total
[2024-02-09T01:33:05.300+0000][7][gc,age      ] GC(45) - age   9:       1160 bytes,    1803584 total
[2024-02-09T01:33:05.300+0000][7][gc,age      ] GC(45) - age  10:      16696 bytes,    1820280 total
[2024-02-09T01:33:05.300+0000][7][gc,age      ] GC(45) - age  11:      98128 bytes,    1918408 total
[2024-02-09T01:33:05.300+0000][7][gc,age      ] GC(45) - age  12:     101608 bytes,    2020016 total
[2024-02-09T01:33:05.300+0000][7][gc,age      ] GC(45) - age  13:     243984 bytes,    2264000 total
[2024-02-09T01:33:05.300+0000][7][gc,age      ] GC(45) - age  14:       6536 bytes,    2270536 total
[2024-02-09T01:33:05.300+0000][7][gc,age      ] GC(45) - age  15:       4480 bytes,    2275016 total
[2024-02-09T01:33:05.300+0000][7][gc,heap     ] GC(45) Eden regions: 152->0(152)
[2024-02-09T01:33:05.300+0000][7][gc,heap     ] GC(45) Survivor regions: 1->1(20)
[2024-02-09T01:33:05.300+0000][7][gc,heap     ] GC(45) Old regions: 22->22
[2024-02-09T01:33:05.300+0000][7][gc,heap     ] GC(45) Archive regions: 2->2
[2024-02-09T01:33:05.300+0000][7][gc,heap     ] GC(45) Humongous regions: 0->0
[2024-02-09T01:33:05.300+0000][7][gc,metaspace] GC(45) Metaspace: 128100K(131840K)->128100K(131840K) NonClass: 111257K(113216K)->111257K(113216K) Class: 16842K(18624K)->16842K(18624K)
[2024-02-09T01:33:05.300+0000][7][gc          ] GC(45) Pause Young (Normal) (G1 Evacuation Pause) 701M->93M(1024M) 2.907ms
[2024-02-09T01:33:05.300+0000][7][gc,cpu      ] GC(45) User=0.01s Sys=0.01s Real=0.00s
[2024-02-09T01:33:05.300+0000][7][safepoint   ] Safepoint "G1CollectForAllocation", Time since last: 17956328045 ns, Reaching safepoint: 58722 ns, At safepoint: 2989475 ns, Total: 3048197 ns
[2024-02-09T01:33:06.300+0000][7][safepoint   ] Safepoint "Cleanup", Time since last: 1000210817 ns, Reaching safepoint: 80354 ns, At safepoint: 11747 ns, Total: 92101 ns
[2024-02-09T01:33:23.303+0000][7][safepoint   ] Safepoint "Cleanup", Time since last: 17002316961 ns, Reaching safepoint: 122106 ns, At safepoint: 7530 ns, Total: 129636 ns
[2024-02-09T01:33:47.307+0000][7][safepoint   ] Safepoint "Cleanup", Time since last: 24003711557 ns, Reaching safepoint: 117849 ns, At safepoint: 12052 ns, Total: 129901 ns
[2024-02-09T01:33:54.308+0000][7][safepoint   ] Safepoint "Cleanup", Time since last: 7001187168 ns, Reaching safepoint: 72756 ns, At safepoint: 8769 ns, Total: 81525 ns
[2024-02-09T01:34:11.653+0000][7][safepoint   ] Safepoint "Cleanup", Time since last: 17345359726 ns, Reaching safepoint: 145938 ns, At safepoint: 11016 ns, Total: 156954 ns
[2024-02-09T01:34:17.321+0000][7][safepoint   ] Safepoint "Cleanup", Time since last: 5667654897 ns, Reaching safepoint: 74565 ns, At safepoint: 10333 ns, Total: 84898 ns
[2024-02-09T01:34:18.321+0000][7][safepoint   ] Safepoint "Cleanup", Time since last: 1000169413 ns, Reaching safepoint: 86041 ns, At safepoint: 7752 ns, Total: 93793 ns
[2024-02-09T01:34:23.322+0000][7][safepoint   ] Safepoint "Cleanup", Time since last: 5000822683 ns, Reaching safepoint: 124603 ns, At safepoint: 13251 ns, Total: 137854 ns
[2024-02-09T01:34:29.323+0000][7][safepoint   ] Safepoint "Cleanup", Time since last: 6001079006 ns, Reaching safepoint: 119809 ns, At safepoint: 7341 ns, Total: 127150 ns
[2024-02-09T01:34:37.325+0000][7][safepoint   ] Safepoint "Cleanup", Time since last: 8001466701 ns, Reaching safepoint: 95646 ns, At safepoint: 6723 ns, Total: 102369 ns
[2024-02-09T01:34:41.326+0000][7][safepoint   ] Safepoint "Cleanup", Time since last: 4000712704 ns, Reaching safepoint: 90573 ns, At safepoint: 11936 ns, Total: 102509 ns
[2024-02-09T01:35:29.333+0000][7][safepoint   ] Safepoint "Cleanup", Time since last: 48006792029 ns, Reaching safepoint: 124786 ns, At safepoint: 10207 ns, Total: 134993 ns
[2024-02-09T01:35:54.337+0000][7][safepoint   ] Safepoint "Cleanup", Time since last: 25004137484 ns, Reaching safepoint: 75652 ns, At safepoint: 11317 ns, Total: 86969 ns
[2024-02-09T01:36:11.340+0000][7][safepoint   ] Safepoint "Cleanup", Time since last: 17002951235 ns, Reaching safepoint: 117417 ns, At safepoint: 7311 ns, Total: 124728 ns
[2024-02-09T01:36:16.341+0000][7][safepoint   ] Safepoint "Cleanup", Time since last: 5000593231 ns, Reaching safepoint: 164874 ns, At safepoint: 14093 ns, Total: 178967 ns
[2024-02-09T01:36:17.341+0000][7][safepoint   ] Safepoint "Cleanup", Time since last: 1000132388 ns, Reaching safepoint: 105453 ns, At safepoint: 11373 ns, Total: 116826 ns
[2024-02-09T01:36:22.342+0000][7][safepoint   ] Safepoint "Cleanup", Time since last: 5000707032 ns, Reaching safepoint: 148060 ns, At safepoint: 41337 ns, Total: 189397 ns
[2024-02-09T01:36:23.342+0000][7][safepoint   ] Safepoint "Cleanup", Time since last: 1000273195 ns, Reaching safepoint: 84592 ns, At safepoint: 11498 ns, Total: 96090 ns
[2024-02-09T01:36:40.400+0000][7][gc,start    ] GC(46) Pause Young (Normal) (G1 Evacuation Pause)
[2024-02-09T01:36:40.400+0000][7][gc,task     ] GC(46) Using 8 workers of 8 for evacuation
[2024-02-09T01:36:40.400+0000][7][gc,age      ] GC(46) Desired survivor size 41943040 bytes, new threshold 15 (max threshold 15)
[2024-02-09T01:36:40.403+0000][7][gc,phases   ] GC(46)   Pre Evacuate Collection Set: 0.1ms
[2024-02-09T01:36:40.403+0000][7][gc,phases   ] GC(46)   Merge Heap Roots: 0.1ms
[2024-02-09T01:36:40.403+0000][7][gc,phases   ] GC(46)   Evacuate Collection Set: 1.7ms
[2024-02-09T01:36:40.403+0000][7][gc,phases   ] GC(46)   Post Evacuate Collection Set: 0.9ms
[2024-02-09T01:36:40.403+0000][7][gc,phases   ] GC(46)   Other: 0.1ms
[2024-02-09T01:36:40.403+0000][7][gc,age      ] GC(46) Age table with threshold 15 (max threshold 15)
[2024-02-09T01:36:40.403+0000][7][gc,age      ] GC(46) - age   1:    1113520 bytes,    1113520 total
[2024-02-09T01:36:40.403+0000][7][gc,age      ] GC(46) - age   2:      31648 bytes,    1145168 total
[2024-02-09T01:36:40.403+0000][7][gc,age      ] GC(46) - age   3:      13320 bytes,    1158488 total
[2024-02-09T01:36:40.403+0000][7][gc,age      ] GC(46) - age   4:       3480 bytes,    1161968 total
[2024-02-09T01:36:40.403+0000][7][gc,age      ] GC(46) - age   5:        920 bytes,    1162888 total
[2024-02-09T01:36:40.403+0000][7][gc,age      ] GC(46) - age   6:       6248 bytes,    1169136 total
[2024-02-09T01:36:40.403+0000][7][gc,age      ] GC(46) - age   7:        472 bytes,    1169608 total
[2024-02-09T01:36:40.403+0000][7][gc,age      ] GC(46) - age   8:        984 bytes,    1170592 total
[2024-02-09T01:36:40.403+0000][7][gc,age      ] GC(46) - age   9:      10744 bytes,    1181336 total
[2024-02-09T01:36:40.403+0000][7][gc,age      ] GC(46) - age  10:       1160 bytes,    1182496 total
[2024-02-09T01:36:40.403+0000][7][gc,age      ] GC(46) - age  11:      16696 bytes,    1199192 total
[2024-02-09T01:36:40.403+0000][7][gc,age      ] GC(46) - age  12:      98128 bytes,    1297320 total
[2024-02-09T01:36:40.403+0000][7][gc,age      ] GC(46) - age  13:     101608 bytes,    1398928 total
[2024-02-09T01:36:40.403+0000][7][gc,age      ] GC(46) - age  14:     243984 bytes,    1642912 total
[2024-02-09T01:36:40.403+0000][7][gc,age      ] GC(46) - age  15:       6536 bytes,    1649448 total
[2024-02-09T01:36:40.403+0000][7][gc,heap     ] GC(46) Eden regions: 152->0(152)
[2024-02-09T01:36:40.403+0000][7][gc,heap     ] GC(46) Survivor regions: 1->1(20)
[2024-02-09T01:36:40.403+0000][7][gc,heap     ] GC(46) Old regions: 22->22
[2024-02-09T01:36:40.403+0000][7][gc,heap     ] GC(46) Archive regions: 2->2
[2024-02-09T01:36:40.403+0000][7][gc,heap     ] GC(46) Humongous regions: 0->0
[2024-02-09T01:36:40.403+0000][7][gc,metaspace] GC(46) Metaspace: 128106K(131904K)->128106K(131904K) NonClass: 111263K(113280K)->111263K(113280K) Class: 16842K(18624K)->16842K(18624K)
[2024-02-09T01:36:40.403+0000][7][gc          ] GC(46) Pause Young (Normal) (G1 Evacuation Pause) 701M->93M(1024M) 3.359ms
[2024-02-09T01:36:40.403+0000][7][gc,cpu      ] GC(46) User=0.02s Sys=0.00s Real=0.00s
[2024-02-09T01:36:40.403+0000][7][safepoint   ] Safepoint "G1CollectForAllocation", Time since last: 17057015055 ns, Reaching safepoint: 84778 ns, At safepoint: 3460496 ns, Total: 3545274 ns
[2024-02-09T01:37:04.407+0000][7][safepoint   ] Safepoint "Cleanup", Time since last: 24004268606 ns, Reaching safepoint: 103765 ns, At safepoint: 6920 ns, Total: 110685 ns
[2024-02-09T01:37:30.412+0000][7][safepoint   ] Safepoint "Cleanup", Time since last: 26004498147 ns, Reaching safepoint: 84240 ns, At safepoint: 11651 ns, Total: 95891 ns
[2024-02-09T01:38:00.417+0000][7][safepoint   ] Safepoint "Cleanup", Time since last: 30005023486 ns, Reaching safepoint: 101365 ns, At safepoint: 11958 ns, Total: 113323 ns
[2024-02-09T01:38:13.419+0000][7][safepoint   ] Safepoint "Cleanup", Time since last: 13002308445 ns, Reaching safepoint: 73556 ns, At safepoint: 6379 ns, Total: 79935 ns
[2024-02-09T01:38:16.420+0000][7][safepoint   ] Safepoint "Cleanup", Time since last: 3000430007 ns, Reaching safepoint: 99418 ns, At safepoint: 10085 ns, Total: 109503 ns
[2024-02-09T01:38:29.422+0000][7][safepoint   ] Safepoint "Cleanup", Time since last: 13001851140 ns, Reaching safepoint: 89700 ns, At safepoint: 48462 ns, Total: 138162 ns
[2024-02-09T01:38:52.426+0000][7][safepoint   ] Safepoint "Cleanup", Time since last: 23003553264 ns, Reaching safepoint: 61531 ns, At safepoint: 8344 ns, Total: 69875 ns
[2024-02-09T01:38:53.426+0000][7][safepoint   ] Safepoint "Cleanup", Time since last: 1000261679 ns, Reaching safepoint: 122989 ns, At safepoint: 12981 ns, Total: 135970 ns
[2024-02-09T01:38:58.427+0000][7][safepoint   ] Safepoint "Cleanup", Time since last: 5000996958 ns, Reaching safepoint: 96227 ns, At safepoint: 9076 ns, Total: 105303 ns
[2024-02-09T01:38:59.427+0000][7][safepoint   ] Safepoint "Cleanup", Time since last: 1000249649 ns, Reaching safepoint: 94836 ns, At safepoint: 12260 ns, Total: 107096 ns
[2024-02-09T01:39:17.430+0000][7][safepoint   ] Safepoint "Cleanup", Time since last: 18002310911 ns, Reaching safepoint: 51606 ns, At safepoint: 4923 ns, Total: 56529 ns
[2024-02-09T01:39:37.432+0000][7][safepoint   ] Safepoint "Cleanup", Time since last: 20002216980 ns, Reaching safepoint: 57538 ns, At safepoint: 4108 ns, Total: 61646 ns
[2024-02-09T01:39:47.433+0000][7][safepoint   ] Safepoint "Cleanup", Time since last: 10000914194 ns, Reaching safepoint: 55933 ns, At safepoint: 3794 ns, Total: 59727 ns
[2024-02-09T01:40:01.434+0000][7][safepoint   ] Safepoint "Cleanup", Time since last: 14001258159 ns, Reaching safepoint: 58766 ns, At safepoint: 5867 ns, Total: 64633 ns
[2024-02-09T01:40:05.117+0000][7][gc,start    ] GC(47) Pause Young (Normal) (G1 Evacuation Pause)
[2024-02-09T01:40:05.117+0000][7][gc,task     ] GC(47) Using 8 workers of 8 for evacuation
[2024-02-09T01:40:05.117+0000][7][gc,age      ] GC(47) Desired survivor size 41943040 bytes, new threshold 15 (max threshold 15)
[2024-02-09T01:40:05.119+0000][7][gc,phases   ] GC(47)   Pre Evacuate Collection Set: 0.1ms
[2024-02-09T01:40:05.119+0000][7][gc,phases   ] GC(47)   Merge Heap Roots: 0.1ms
[2024-02-09T01:40:05.119+0000][7][gc,phases   ] GC(47)   Evacuate Collection Set: 1.5ms
[2024-02-09T01:40:05.119+0000][7][gc,phases   ] GC(47)   Post Evacuate Collection Set: 0.6ms
[2024-02-09T01:40:05.119+0000][7][gc,phases   ] GC(47)   Other: 0.1ms
[2024-02-09T01:40:05.119+0000][7][gc,age      ] GC(47) Age table with threshold 15 (max threshold 15)
[2024-02-09T01:40:05.119+0000][7][gc,age      ] GC(47) - age   1:    1899688 bytes,    1899688 total
[2024-02-09T01:40:05.119+0000][7][gc,age      ] GC(47) - age   2:       4672 bytes,    1904360 total
[2024-02-09T01:40:05.119+0000][7][gc,age      ] GC(47) - age   3:      29256 bytes,    1933616 total
[2024-02-09T01:40:05.119+0000][7][gc,age      ] GC(47) - age   4:        616 bytes,    1934232 total
[2024-02-09T01:40:05.119+0000][7][gc,age      ] GC(47) - age   5:       3416 bytes,    1937648 total
[2024-02-09T01:40:05.119+0000][7][gc,age      ] GC(47) - age   6:        920 bytes,    1938568 total
[2024-02-09T01:40:05.119+0000][7][gc,age      ] GC(47) - age   7:       6032 bytes,    1944600 total
[2024-02-09T01:40:05.119+0000][7][gc,age      ] GC(47) - age   8:        472 bytes,    1945072 total
[2024-02-09T01:40:05.119+0000][7][gc,age      ] GC(47) - age   9:        984 bytes,    1946056 total
[2024-02-09T01:40:05.119+0000][7][gc,age      ] GC(47) - age  10:      10744 bytes,    1956800 total
[2024-02-09T01:40:05.119+0000][7][gc,age      ] GC(47) - age  11:       1160 bytes,    1957960 total
[2024-02-09T01:40:05.119+0000][7][gc,age      ] GC(47) - age  12:      16696 bytes,    1974656 total
[2024-02-09T01:40:05.119+0000][7][gc,age      ] GC(47) - age  13:      98128 bytes,    2072784 total
[2024-02-09T01:40:05.119+0000][7][gc,age      ] GC(47) - age  14:     101512 bytes,    2174296 total
[2024-02-09T01:40:05.119+0000][7][gc,age      ] GC(47) - age  15:     243872 bytes,    2418168 total
[2024-02-09T01:40:05.119+0000][7][gc,heap     ] GC(47) Eden regions: 152->0(152)
[2024-02-09T01:40:05.119+0000][7][gc,heap     ] GC(47) Survivor regions: 1->1(20)
[2024-02-09T01:40:05.119+0000][7][gc,heap     ] GC(47) Old regions: 22->22
[2024-02-09T01:40:05.119+0000][7][gc,heap     ] GC(47) Archive regions: 2->2
[2024-02-09T01:40:05.119+0000][7][gc,heap     ] GC(47) Humongous regions: 0->0
[2024-02-09T01:40:05.119+0000][7][gc,metaspace] GC(47) Metaspace: 128390K(132160K)->128390K(132160K) NonClass: 111499K(113472K)->111499K(113472K) Class: 16891K(18688K)->16891K(18688K)
[2024-02-09T01:40:05.119+0000][7][gc          ] GC(47) Pause Young (Normal) (G1 Evacuation Pause) 701M->93M(1024M) 2.466ms
[2024-02-09T01:40:05.119+0000][7][gc,cpu      ] GC(47) User=0.01s Sys=0.00s Real=0.00s
[2024-02-09T01:40:05.119+0000][7][safepoint   ] Safepoint "G1CollectForAllocation", Time since last: 3682451533 ns, Reaching safepoint: 39927 ns, At safepoint: 2531049 ns, Total: 2570976 ns
[2024-02-09T01:40:17.121+0000][7][safepoint   ] Safepoint "Cleanup", Time since last: 12001228639 ns, Reaching safepoint: 73756 ns, At safepoint: 3823 ns, Total: 77579 ns
[2024-02-09T01:40:44.124+0000][7][safepoint   ] Safepoint "Cleanup", Time since last: 27002727405 ns, Reaching safepoint: 107400 ns, At safepoint: 8772 ns, Total: 116172 ns
[2024-02-09T01:41:30.129+0000][7][safepoint   ] Safepoint "Cleanup", Time since last: 46005378524 ns, Reaching safepoint: 48085 ns, At safepoint: 4296 ns, Total: 52381 ns
[2024-02-09T01:41:37.130+0000][7][safepoint   ] Safepoint "Cleanup", Time since last: 7000582475 ns, Reaching safepoint: 96082 ns, At safepoint: 4683 ns, Total: 100765 ns
[2024-02-09T01:41:47.131+0000][7][safepoint   ] Safepoint "Cleanup", Time since last: 10000917704 ns, Reaching safepoint: 93336 ns, At safepoint: 5522 ns, Total: 98858 ns
[2024-02-09T01:42:15.134+0000][7][safepoint   ] Safepoint "Cleanup", Time since last: 28002788119 ns, Reaching safepoint: 107551 ns, At safepoint: 8502 ns, Total: 116053 ns
[2024-02-09T01:42:37.136+0000][7][safepoint   ] Safepoint "Cleanup", Time since last: 22002361387 ns, Reaching safepoint: 55325 ns, At safepoint: 6522 ns, Total: 61847 ns
[2024-02-09T01:42:59.138+0000][7][safepoint   ] Safepoint "Cleanup", Time since last: 22001965109 ns, Reaching safepoint: 87716 ns, At safepoint: 7446 ns, Total: 95162 ns
[2024-02-09T01:43:11.140+0000][7][safepoint   ] Safepoint "Cleanup", Time since last: 12001342301 ns, Reaching safepoint: 96235 ns, At safepoint: 7868 ns, Total: 104103 ns
[2024-02-09T01:43:40.434+0000][7][gc,start    ] GC(48) Pause Young (Normal) (G1 Evacuation Pause)
[2024-02-09T01:43:40.434+0000][7][gc,task     ] GC(48) Using 8 workers of 8 for evacuation
[2024-02-09T01:43:40.434+0000][7][gc,age      ] GC(48) Desired survivor size 41943040 bytes, new threshold 15 (max threshold 15)
[2024-02-09T01:43:40.437+0000][7][gc,phases   ] GC(48)   Pre Evacuate Collection Set: 0.1ms
[2024-02-09T01:43:40.437+0000][7][gc,phases   ] GC(48)   Merge Heap Roots: 0.1ms
[2024-02-09T01:43:40.437+0000][7][gc,phases   ] GC(48)   Evacuate Collection Set: 1.6ms
[2024-02-09T01:43:40.437+0000][7][gc,phases   ] GC(48)   Post Evacuate Collection Set: 0.8ms
[2024-02-09T01:43:40.437+0000][7][gc,phases   ] GC(48)   Other: 0.1ms
[2024-02-09T01:43:40.437+0000][7][gc,age      ] GC(48) Age table with threshold 15 (max threshold 15)
[2024-02-09T01:43:40.437+0000][7][gc,age      ] GC(48) - age   1:    1048256 bytes,    1048256 total
[2024-02-09T01:43:40.437+0000][7][gc,age      ] GC(48) - age   2:     103256 bytes,    1151512 total
[2024-02-09T01:43:40.437+0000][7][gc,age      ] GC(48) - age   3:       2696 bytes,    1154208 total
[2024-02-09T01:43:40.437+0000][7][gc,age      ] GC(48) - age   4:      29256 bytes,    1183464 total
[2024-02-09T01:43:40.437+0000][7][gc,age      ] GC(48) - age   5:        616 bytes,    1184080 total
[2024-02-09T01:43:40.437+0000][7][gc,age      ] GC(48) - age   6:       3384 bytes,    1187464 total
[2024-02-09T01:43:40.437+0000][7][gc,age      ] GC(48) - age   7:        920 bytes,    1188384 total
[2024-02-09T01:43:40.437+0000][7][gc,age      ] GC(48) - age   8:       6032 bytes,    1194416 total
[2024-02-09T01:43:40.437+0000][7][gc,age      ] GC(48) - age   9:        472 bytes,    1194888 total
[2024-02-09T01:43:40.437+0000][7][gc,age      ] GC(48) - age  10:        984 bytes,    1195872 total
[2024-02-09T01:43:40.437+0000][7][gc,age      ] GC(48) - age  11:      10744 bytes,    1206616 total
[2024-02-09T01:43:40.437+0000][7][gc,age      ] GC(48) - age  12:       1160 bytes,    1207776 total
[2024-02-09T01:43:40.437+0000][7][gc,age      ] GC(48) - age  13:      16696 bytes,    1224472 total
[2024-02-09T01:43:40.437+0000][7][gc,age      ] GC(48) - age  14:      98128 bytes,    1322600 total
[2024-02-09T01:43:40.437+0000][7][gc,age      ] GC(48) - age  15:     101512 bytes,    1424112 total
[2024-02-09T01:43:40.437+0000][7][gc,heap     ] GC(48) Eden regions: 152->0(152)
[2024-02-09T01:43:40.437+0000][7][gc,heap     ] GC(48) Survivor regions: 1->1(20)
[2024-02-09T01:43:40.437+0000][7][gc,heap     ] GC(48) Old regions: 22->22
[2024-02-09T01:43:40.437+0000][7][gc,heap     ] GC(48) Archive regions: 2->2
[2024-02-09T01:43:40.437+0000][7][gc,heap     ] GC(48) Humongous regions: 0->0
[2024-02-09T01:43:40.437+0000][7][gc,metaspace] GC(48) Metaspace: 128398K(132160K)->128398K(132160K) NonClass: 111507K(113472K)->111507K(113472K) Class: 16891K(18688K)->16891K(18688K)
[2024-02-09T01:43:40.437+0000][7][gc          ] GC(48) Pause Young (Normal) (G1 Evacuation Pause) 701M->93M(1024M) 2.995ms
[2024-02-09T01:43:40.437+0000][7][gc,cpu      ] GC(48) User=0.02s Sys=0.00s Real=0.01s
[2024-02-09T01:43:40.437+0000][7][safepoint   ] Safepoint "G1CollectForAllocation", Time since last: 29294151792 ns, Reaching safepoint: 80385 ns, At safepoint: 3085416 ns, Total: 3165801 ns
[2024-02-09T01:45:30.447+0000][7][safepoint   ] Safepoint "Cleanup", Time since last: 110010319965 ns, Reaching safepoint: 49799 ns, At safepoint: 4609 ns, Total: 54408 ns
[2024-02-09T01:46:16.452+0000][7][safepoint   ] Safepoint "Cleanup", Time since last: 46004922937 ns, Reaching safepoint: 83707 ns, At safepoint: 6357 ns, Total: 90064 ns
[2024-02-09T01:46:17.452+0000][7][safepoint   ] Safepoint "Cleanup", Time since last: 1000124757 ns, Reaching safepoint: 72974 ns, At safepoint: 5150 ns, Total: 78124 ns
[2024-02-09T01:47:10.443+0000][7][gc,start    ] GC(49) Pause Young (Normal) (G1 Evacuation Pause)
[2024-02-09T01:47:10.443+0000][7][gc,task     ] GC(49) Using 8 workers of 8 for evacuation
[2024-02-09T01:47:10.443+0000][7][gc,age      ] GC(49) Desired survivor size 41943040 bytes, new threshold 15 (max threshold 15)
[2024-02-09T01:47:10.446+0000][7][gc,phases   ] GC(49)   Pre Evacuate Collection Set: 0.1ms
[2024-02-09T01:47:10.446+0000][7][gc,phases   ] GC(49)   Merge Heap Roots: 0.1ms
[2024-02-09T01:47:10.446+0000][7][gc,phases   ] GC(49)   Evacuate Collection Set: 1.8ms
[2024-02-09T01:47:10.446+0000][7][gc,phases   ] GC(49)   Post Evacuate Collection Set: 0.7ms
[2024-02-09T01:47:10.446+0000][7][gc,phases   ] GC(49)   Other: 0.1ms
[2024-02-09T01:47:10.446+0000][7][gc,age      ] GC(49) Age table with threshold 15 (max threshold 15)
[2024-02-09T01:47:10.446+0000][7][gc,age      ] GC(49) - age   1:    1809920 bytes,    1809920 total
[2024-02-09T01:47:10.446+0000][7][gc,age      ] GC(49) - age   2:       3472 bytes,    1813392 total
[2024-02-09T01:47:10.446+0000][7][gc,age      ] GC(49) - age   3:     101728 bytes,    1915120 total
[2024-02-09T01:47:10.446+0000][7][gc,age      ] GC(49) - age   4:       2696 bytes,    1917816 total
[2024-02-09T01:47:10.446+0000][7][gc,age      ] GC(49) - age   5:      29256 bytes,    1947072 total
[2024-02-09T01:47:10.446+0000][7][gc,age      ] GC(49) - age   6:        616 bytes,    1947688 total
[2024-02-09T01:47:10.446+0000][7][gc,age      ] GC(49) - age   7:       3384 bytes,    1951072 total
[2024-02-09T01:47:10.446+0000][7][gc,age      ] GC(49) - age   8:        920 bytes,    1951992 total
[2024-02-09T01:47:10.446+0000][7][gc,age      ] GC(49) - age   9:       6032 bytes,    1958024 total
[2024-02-09T01:47:10.446+0000][7][gc,age      ] GC(49) - age  10:        472 bytes,    1958496 total
[2024-02-09T01:47:10.446+0000][7][gc,age      ] GC(49) - age  11:        984 bytes,    1959480 total
[2024-02-09T01:47:10.446+0000][7][gc,age      ] GC(49) - age  12:      10744 bytes,    1970224 total
[2024-02-09T01:47:10.446+0000][7][gc,age      ] GC(49) - age  13:       1160 bytes,    1971384 total
[2024-02-09T01:47:10.446+0000][7][gc,age      ] GC(49) - age  14:      16696 bytes,    1988080 total
[2024-02-09T01:47:10.446+0000][7][gc,age      ] GC(49) - age  15:      98128 bytes,    2086208 total
[2024-02-09T01:47:10.446+0000][7][gc,heap     ] GC(49) Eden regions: 152->0(152)
[2024-02-09T01:47:10.446+0000][7][gc,heap     ] GC(49) Survivor regions: 1->1(20)
[2024-02-09T01:47:10.446+0000][7][gc,heap     ] GC(49) Old regions: 22->22
[2024-02-09T01:47:10.446+0000][7][gc,heap     ] GC(49) Archive regions: 2->2
[2024-02-09T01:47:10.447+0000][7][gc,heap     ] GC(49) Humongous regions: 0->0
[2024-02-09T01:47:10.447+0000][7][gc,metaspace] GC(49) Metaspace: 128403K(132160K)->128403K(132160K) NonClass: 111512K(113472K)->111512K(113472K) Class: 16891K(18688K)->16891K(18688K)
[2024-02-09T01:47:10.447+0000][7][gc          ] GC(49) Pause Young (Normal) (G1 Evacuation Pause) 701M->94M(1024M) 3.215ms
[2024-02-09T01:47:10.447+0000][7][gc,cpu      ] GC(49) User=0.02s Sys=0.00s Real=0.01s
[2024-02-09T01:47:10.447+0000][7][safepoint   ] Safepoint "G1CollectForAllocation", Time since last: 52990849748 ns, Reaching safepoint: 38492 ns, At safepoint: 3322172 ns, Total: 3360664 ns
[2024-02-09T01:47:41.450+0000][7][safepoint   ] Safepoint "Cleanup", Time since last: 31002902710 ns, Reaching safepoint: 59008 ns, At safepoint: 17468 ns, Total: 76476 ns
[2024-02-09T01:48:30.455+0000][7][safepoint   ] Safepoint "Cleanup", Time since last: 49004933271 ns, Reaching safepoint: 67419 ns, At safepoint: 43793 ns, Total: 111212 ns
[2024-02-09T01:48:35.455+0000][7][safepoint   ] Safepoint "Cleanup", Time since last: 5000707083 ns, Reaching safepoint: 89380 ns, At safepoint: 7242 ns, Total: 96622 ns
[2024-02-09T01:50:40.390+0000][7][gc,start    ] GC(50) Pause Young (Normal) (G1 Evacuation Pause)
[2024-02-09T01:50:40.390+0000][7][gc,task     ] GC(50) Using 8 workers of 8 for evacuation
[2024-02-09T01:50:40.390+0000][7][gc,age      ] GC(50) Desired survivor size 41943040 bytes, new threshold 15 (max threshold 15)
[2024-02-09T01:50:40.393+0000][7][gc,phases   ] GC(50)   Pre Evacuate Collection Set: 0.1ms
[2024-02-09T01:50:40.393+0000][7][gc,phases   ] GC(50)   Merge Heap Roots: 0.1ms
[2024-02-09T01:50:40.393+0000][7][gc,phases   ] GC(50)   Evacuate Collection Set: 1.5ms
[2024-02-09T01:50:40.393+0000][7][gc,phases   ] GC(50)   Post Evacuate Collection Set: 0.8ms
[2024-02-09T01:50:40.393+0000][7][gc,phases   ] GC(50)   Other: 0.1ms
[2024-02-09T01:50:40.393+0000][7][gc,age      ] GC(50) Age table with threshold 15 (max threshold 15)
[2024-02-09T01:50:40.393+0000][7][gc,age      ] GC(50) - age   1:    1198536 bytes,    1198536 total
[2024-02-09T01:50:40.393+0000][7][gc,age      ] GC(50) - age   2:       3984 bytes,    1202520 total
[2024-02-09T01:50:40.393+0000][7][gc,age      ] GC(50) - age   3:       1848 bytes,    1204368 total
[2024-02-09T01:50:40.393+0000][7][gc,age      ] GC(50) - age   4:      96952 bytes,    1301320 total
[2024-02-09T01:50:40.393+0000][7][gc,age      ] GC(50) - age   5:       2696 bytes,    1304016 total
[2024-02-09T01:50:40.393+0000][7][gc,age      ] GC(50) - age   6:      28864 bytes,    1332880 total
[2024-02-09T01:50:40.393+0000][7][gc,age      ] GC(50) - age   7:        200 bytes,    1333080 total
[2024-02-09T01:50:40.393+0000][7][gc,age      ] GC(50) - age   8:       3384 bytes,    1336464 total
[2024-02-09T01:50:40.393+0000][7][gc,age      ] GC(50) - age   9:        920 bytes,    1337384 total
[2024-02-09T01:50:40.393+0000][7][gc,age      ] GC(50) - age  10:       5752 bytes,    1343136 total
[2024-02-09T01:50:40.393+0000][7][gc,age      ] GC(50) - age  11:        472 bytes,    1343608 total
[2024-02-09T01:50:40.393+0000][7][gc,age      ] GC(50) - age  12:        984 bytes,    1344592 total
[2024-02-09T01:50:40.393+0000][7][gc,age      ] GC(50) - age  13:      10744 bytes,    1355336 total
[2024-02-09T01:50:40.393+0000][7][gc,age      ] GC(50) - age  14:       1160 bytes,    1356496 total
[2024-02-09T01:50:40.393+0000][7][gc,age      ] GC(50) - age  15:      16680 bytes,    1373176 total
[2024-02-09T01:50:40.393+0000][7][gc,heap     ] GC(50) Eden regions: 152->0(152)
[2024-02-09T01:50:40.393+0000][7][gc,heap     ] GC(50) Survivor regions: 1->1(20)
[2024-02-09T01:50:40.393+0000][7][gc,heap     ] GC(50) Old regions: 22->23
[2024-02-09T01:50:40.393+0000][7][gc,heap     ] GC(50) Archive regions: 2->2
[2024-02-09T01:50:40.393+0000][7][gc,heap     ] GC(50) Humongous regions: 0->0
[2024-02-09T01:50:40.393+0000][7][gc,metaspace] GC(50) Metaspace: 128410K(132160K)->128410K(132160K) NonClass: 111519K(113472K)->111519K(113472K) Class: 16891K(18688K)->16891K(18688K)
[2024-02-09T01:50:40.393+0000][7][gc          ] GC(50) Pause Young (Normal) (G1 Evacuation Pause) 702M->93M(1024M) 2.893ms
[2024-02-09T01:50:40.393+0000][7][gc,cpu      ] GC(50) User=0.02s Sys=0.00s Real=0.00s
[2024-02-09T01:50:40.393+0000][7][safepoint   ] Safepoint "G1CollectForAllocation", Time since last: 124934801192 ns, Reaching safepoint: 43929 ns, At safepoint: 2992076 ns, Total: 3036005 ns
[2024-02-09T01:50:59.396+0000][7][safepoint   ] Safepoint "Cleanup", Time since last: 19002568929 ns, Reaching safepoint: 83739 ns, At safepoint: 11537 ns, Total: 95276 ns
[2024-02-09T01:51:37.400+0000][7][safepoint   ] Safepoint "Cleanup", Time since last: 38003982954 ns, Reaching safepoint: 95708 ns, At safepoint: 6609 ns, Total: 102317 ns
[2024-02-09T01:52:18.405+0000][7][safepoint   ] Safepoint "Cleanup", Time since last: 41004908169 ns, Reaching safepoint: 236282 ns, At safepoint: 18992 ns, Total: 255274 ns
[2024-02-09T01:52:37.407+0000][7][safepoint   ] Safepoint "Cleanup", Time since last: 19001991543 ns, Reaching safepoint: 77009 ns, At safepoint: 5524 ns, Total: 82533 ns
[2024-02-09T01:52:40.408+0000][7][safepoint   ] Safepoint "Cleanup", Time since last: 3000369976 ns, Reaching safepoint: 145958 ns, At safepoint: 32666 ns, Total: 178624 ns
[2024-02-09T01:53:30.414+0000][7][safepoint   ] Safepoint "Cleanup", Time since last: 50006146463 ns, Reaching safepoint: 48496 ns, At safepoint: 5449 ns, Total: 53945 ns
[2024-02-09T01:53:35.415+0000][7][safepoint   ] Safepoint "Cleanup", Time since last: 5000752056 ns, Reaching safepoint: 84543 ns, At safepoint: 12256 ns, Total: 96799 ns
[2024-02-09T01:53:37.415+0000][7][safepoint   ] Safepoint "Cleanup", Time since last: 2000305440 ns, Reaching safepoint: 118434 ns, At safepoint: 8758 ns, Total: 127192 ns
[2024-02-09T01:53:46.416+0000][7][safepoint   ] Safepoint "Cleanup", Time since last: 9000967952 ns, Reaching safepoint: 89717 ns, At safepoint: 8216 ns, Total: 97933 ns
[2024-02-09T01:54:00.418+0000][7][safepoint   ] Safepoint "Cleanup", Time since last: 14001186085 ns, Reaching safepoint: 78239 ns, At safepoint: 22107 ns, Total: 100346 ns
[2024-02-09T01:54:16.385+0000][7][gc,start    ] GC(51) Pause Young (Normal) (G1 Evacuation Pause)
[2024-02-09T01:54:16.385+0000][7][gc,task     ] GC(51) Using 8 workers of 8 for evacuation
[2024-02-09T01:54:16.385+0000][7][gc,age      ] GC(51) Desired survivor size 41943040 bytes, new threshold 15 (max threshold 15)
[2024-02-09T01:54:16.388+0000][7][gc,phases   ] GC(51)   Pre Evacuate Collection Set: 0.1ms
[2024-02-09T01:54:16.388+0000][7][gc,phases   ] GC(51)   Merge Heap Roots: 0.1ms
[2024-02-09T01:54:16.388+0000][7][gc,phases   ] GC(51)   Evacuate Collection Set: 1.7ms
[2024-02-09T01:54:16.388+0000][7][gc,phases   ] GC(51)   Post Evacuate Collection Set: 0.7ms
[2024-02-09T01:54:16.388+0000][7][gc,phases   ] GC(51)   Other: 0.1ms
[2024-02-09T01:54:16.388+0000][7][gc,age      ] GC(51) Age table with threshold 15 (max threshold 15)
[2024-02-09T01:54:16.388+0000][7][gc,age      ] GC(51) - age   1:    1656064 bytes,    1656064 total
[2024-02-09T01:54:16.388+0000][7][gc,age      ] GC(51) - age   2:     244440 bytes,    1900504 total
[2024-02-09T01:54:16.388+0000][7][gc,age      ] GC(51) - age   3:       2064 bytes,    1902568 total
[2024-02-09T01:54:16.388+0000][7][gc,age      ] GC(51) - age   4:       1816 bytes,    1904384 total
[2024-02-09T01:54:16.388+0000][7][gc,age      ] GC(51) - age   5:      96952 bytes,    2001336 total
[2024-02-09T01:54:16.388+0000][7][gc,age      ] GC(51) - age   6:       2512 bytes,    2003848 total
[2024-02-09T01:54:16.388+0000][7][gc,age      ] GC(51) - age   7:      28864 bytes,    2032712 total
[2024-02-09T01:54:16.388+0000][7][gc,age      ] GC(51) - age   8:        200 bytes,    2032912 total
[2024-02-09T01:54:16.388+0000][7][gc,age      ] GC(51) - age   9:       3384 bytes,    2036296 total
[2024-02-09T01:54:16.388+0000][7][gc,age      ] GC(51) - age  10:        920 bytes,    2037216 total
[2024-02-09T01:54:16.388+0000][7][gc,age      ] GC(51) - age  11:       5752 bytes,    2042968 total
[2024-02-09T01:54:16.388+0000][7][gc,age      ] GC(51) - age  12:        472 bytes,    2043440 total
[2024-02-09T01:54:16.388+0000][7][gc,age      ] GC(51) - age  13:        984 bytes,    2044424 total
[2024-02-09T01:54:16.388+0000][7][gc,age      ] GC(51) - age  14:      10744 bytes,    2055168 total
[2024-02-09T01:54:16.388+0000][7][gc,age      ] GC(51) - age  15:        976 bytes,    2056144 total
[2024-02-09T01:54:16.388+0000][7][gc,heap     ] GC(51) Eden regions: 152->0(152)
[2024-02-09T01:54:16.388+0000][7][gc,heap     ] GC(51) Survivor regions: 1->1(20)
[2024-02-09T01:54:16.388+0000][7][gc,heap     ] GC(51) Old regions: 23->23
[2024-02-09T01:54:16.388+0000][7][gc,heap     ] GC(51) Archive regions: 2->2
[2024-02-09T01:54:16.388+0000][7][gc,heap     ] GC(51) Humongous regions: 0->0
[2024-02-09T01:54:16.388+0000][7][gc,metaspace] GC(51) Metaspace: 128462K(132224K)->128462K(132224K) NonClass: 111571K(113536K)->111571K(113536K) Class: 16891K(18688K)->16891K(18688K)
[2024-02-09T01:54:16.388+0000][7][gc          ] GC(51) Pause Young (Normal) (G1 Evacuation Pause) 701M->94M(1024M) 2.992ms
[2024-02-09T01:54:16.388+0000][7][gc,cpu      ] GC(51) User=0.01s Sys=0.00s Real=0.00s
[2024-02-09T01:54:16.388+0000][7][safepoint   ] Safepoint "G1CollectForAllocation", Time since last: 15967184735 ns, Reaching safepoint: 66285 ns, At safepoint: 3078160 ns, Total: 3144445 ns
[2024-02-09T01:54:37.391+0000][7][safepoint   ] Safepoint "Cleanup", Time since last: 21002924707 ns, Reaching safepoint: 89042 ns, At safepoint: 5858 ns, Total: 94900 ns
[2024-02-09T01:55:31.397+0000][7][safepoint   ] Safepoint "Cleanup", Time since last: 54005880948 ns, Reaching safepoint: 38841 ns, At safepoint: 4075 ns, Total: 42916 ns
[2024-02-09T01:55:37.398+0000][7][safepoint   ] Safepoint "Cleanup", Time since last: 6000564932 ns, Reaching safepoint: 77274 ns, At safepoint: 9507 ns, Total: 86781 ns
[2024-02-09T01:55:52.399+0000][7][safepoint   ] Safepoint "Cleanup", Time since last: 15001338793 ns, Reaching safepoint: 56048 ns, At safepoint: 9053 ns, Total: 65101 ns
[2024-02-09T01:55:53.399+0000][7][safepoint   ] Safepoint "Cleanup", Time since last: 1000131310 ns, Reaching safepoint: 86229 ns, At safepoint: 6244 ns, Total: 92473 ns
[2024-02-09T01:56:00.400+0000][7][safepoint   ] Safepoint "Cleanup", Time since last: 7000775900 ns, Reaching safepoint: 86257 ns, At safepoint: 8182 ns, Total: 94439 ns
[2024-02-09T01:56:31.404+0000][7][safepoint   ] Safepoint "Cleanup", Time since last: 31003437907 ns, Reaching safepoint: 70764 ns, At safepoint: 6580 ns, Total: 77344 ns
[2024-02-09T01:57:37.411+0000][7][safepoint   ] Safepoint "Cleanup", Time since last: 66007156227 ns, Reaching safepoint: 43068 ns, At safepoint: 3494 ns, Total: 46562 ns
[2024-02-09T01:57:46.402+0000][7][gc,start    ] GC(52) Pause Young (Normal) (G1 Evacuation Pause)
[2024-02-09T01:57:46.402+0000][7][gc,task     ] GC(52) Using 8 workers of 8 for evacuation
[2024-02-09T01:57:46.402+0000][7][gc,age      ] GC(52) Desired survivor size 41943040 bytes, new threshold 15 (max threshold 15)
[2024-02-09T01:57:46.404+0000][7][gc,phases   ] GC(52)   Pre Evacuate Collection Set: 0.1ms
[2024-02-09T01:57:46.404+0000][7][gc,phases   ] GC(52)   Merge Heap Roots: 0.1ms
[2024-02-09T01:57:46.404+0000][7][gc,phases   ] GC(52)   Evacuate Collection Set: 1.4ms
[2024-02-09T01:57:46.404+0000][7][gc,phases   ] GC(52)   Post Evacuate Collection Set: 0.7ms
[2024-02-09T01:57:46.404+0000][7][gc,phases   ] GC(52)   Other: 0.1ms
[2024-02-09T01:57:46.404+0000][7][gc,age      ] GC(52) Age table with threshold 15 (max threshold 15)
[2024-02-09T01:57:46.404+0000][7][gc,age      ] GC(52) - age   1:     592024 bytes,     592024 total
[2024-02-09T01:57:46.404+0000][7][gc,age      ] GC(52) - age   2:     134504 bytes,     726528 total
[2024-02-09T01:57:46.404+0000][7][gc,age      ] GC(52) - age   3:     238384 bytes,     964912 total
[2024-02-09T01:57:46.404+0000][7][gc,age      ] GC(52) - age   4:       1872 bytes,     966784 total
[2024-02-09T01:57:46.404+0000][7][gc,age      ] GC(52) - age   5:       1752 bytes,     968536 total
[2024-02-09T01:57:46.404+0000][7][gc,age      ] GC(52) - age   6:      96352 bytes,    1064888 total
[2024-02-09T01:57:46.404+0000][7][gc,age      ] GC(52) - age   7:       2512 bytes,    1067400 total
[2024-02-09T01:57:46.404+0000][7][gc,age      ] GC(52) - age   8:      28864 bytes,    1096264 total
[2024-02-09T01:57:46.404+0000][7][gc,age      ] GC(52) - age   9:        200 bytes,    1096464 total
[2024-02-09T01:57:46.404+0000][7][gc,age      ] GC(52) - age  10:       3384 bytes,    1099848 total
[2024-02-09T01:57:46.404+0000][7][gc,age      ] GC(52) - age  11:        920 bytes,    1100768 total
[2024-02-09T01:57:46.404+0000][7][gc,age      ] GC(52) - age  12:       5752 bytes,    1106520 total
[2024-02-09T01:57:46.404+0000][7][gc,age      ] GC(52) - age  13:        472 bytes,    1106992 total
[2024-02-09T01:57:46.404+0000][7][gc,age      ] GC(52) - age  14:        984 bytes,    1107976 total
[2024-02-09T01:57:46.404+0000][7][gc,age      ] GC(52) - age  15:      10744 bytes,    1118720 total
[2024-02-09T01:57:46.404+0000][7][gc,heap     ] GC(52) Eden regions: 152->0(152)
[2024-02-09T01:57:46.404+0000][7][gc,heap     ] GC(52) Survivor regions: 1->1(20)
[2024-02-09T01:57:46.404+0000][7][gc,heap     ] GC(52) Old regions: 23->23
[2024-02-09T01:57:46.404+0000][7][gc,heap     ] GC(52) Archive regions: 2->2
[2024-02-09T01:57:46.404+0000][7][gc,heap     ] GC(52) Humongous regions: 0->0
[2024-02-09T01:57:46.404+0000][7][gc,metaspace] GC(52) Metaspace: 128511K(132288K)->128511K(132288K) NonClass: 111620K(113600K)->111620K(113600K) Class: 16891K(18688K)->16891K(18688K)
[2024-02-09T01:57:46.404+0000][7][gc          ] GC(52) Pause Young (Normal) (G1 Evacuation Pause) 702M->93M(1024M) 2.762ms
[2024-02-09T01:57:46.405+0000][7][gc,cpu      ] GC(52) User=0.02s Sys=0.00s Real=0.01s
[2024-02-09T01:57:46.405+0000][7][safepoint   ] Safepoint "G1CollectForAllocation", Time since last: 8990817437 ns, Reaching safepoint: 47626 ns, At safepoint: 2881453 ns, Total: 2929079 ns
[2024-02-09T01:59:37.417+0000][7][safepoint   ] Safepoint "Cleanup", Time since last: 111012517022 ns, Reaching safepoint: 89840 ns, At safepoint: 9562 ns, Total: 99402 ns
[2024-02-09T02:01:16.402+0000][7][gc,start    ] GC(53) Pause Young (Normal) (G1 Evacuation Pause)
[2024-02-09T02:01:16.402+0000][7][gc,task     ] GC(53) Using 8 workers of 8 for evacuation
[2024-02-09T02:01:16.402+0000][7][gc,age      ] GC(53) Desired survivor size 41943040 bytes, new threshold 15 (max threshold 15)
[2024-02-09T02:01:16.405+0000][7][gc,phases   ] GC(53)   Pre Evacuate Collection Set: 0.1ms
[2024-02-09T02:01:16.405+0000][7][gc,phases   ] GC(53)   Merge Heap Roots: 0.1ms
[2024-02-09T02:01:16.405+0000][7][gc,phases   ] GC(53)   Evacuate Collection Set: 1.9ms
[2024-02-09T02:01:16.405+0000][7][gc,phases   ] GC(53)   Post Evacuate Collection Set: 0.9ms
[2024-02-09T02:01:16.405+0000][7][gc,phases   ] GC(53)   Other: 0.1ms
[2024-02-09T02:01:16.405+0000][7][gc,age      ] GC(53) Age table with threshold 15 (max threshold 15)
[2024-02-09T02:01:16.405+0000][7][gc,age      ] GC(53) - age   1:    1106904 bytes,    1106904 total
[2024-02-09T02:01:16.405+0000][7][gc,age      ] GC(53) - age   2:      56712 bytes,    1163616 total
[2024-02-09T02:01:16.405+0000][7][gc,age      ] GC(53) - age   3:     132296 bytes,    1295912 total
[2024-02-09T02:01:16.405+0000][7][gc,age      ] GC(53) - age   4:     238320 bytes,    1534232 total
[2024-02-09T02:01:16.405+0000][7][gc,age      ] GC(53) - age   5:       1872 bytes,    1536104 total
[2024-02-09T02:01:16.405+0000][7][gc,age      ] GC(53) - age   6:       1752 bytes,    1537856 total
[2024-02-09T02:01:16.405+0000][7][gc,age      ] GC(53) - age   7:      96352 bytes,    1634208 total
[2024-02-09T02:01:16.405+0000][7][gc,age      ] GC(53) - age   8:       2512 bytes,    1636720 total
[2024-02-09T02:01:16.406+0000][7][gc,age      ] GC(53) - age   9:      28864 bytes,    1665584 total
[2024-02-09T02:01:16.406+0000][7][gc,age      ] GC(53) - age  10:        200 bytes,    1665784 total
[2024-02-09T02:01:16.406+0000][7][gc,age      ] GC(53) - age  11:       3384 bytes,    1669168 total
[2024-02-09T02:01:16.406+0000][7][gc,age      ] GC(53) - age  12:        920 bytes,    1670088 total
[2024-02-09T02:01:16.406+0000][7][gc,age      ] GC(53) - age  13:       5752 bytes,    1675840 total
[2024-02-09T02:01:16.406+0000][7][gc,age      ] GC(53) - age  14:        472 bytes,    1676312 total
[2024-02-09T02:01:16.406+0000][7][gc,age      ] GC(53) - age  15:        984 bytes,    1677296 total
[2024-02-09T02:01:16.406+0000][7][gc,heap     ] GC(53) Eden regions: 152->0(152)
[2024-02-09T02:01:16.406+0000][7][gc,heap     ] GC(53) Survivor regions: 1->1(20)
[2024-02-09T02:01:16.406+0000][7][gc,heap     ] GC(53) Old regions: 23->23
[2024-02-09T02:01:16.406+0000][7][gc,heap     ] GC(53) Archive regions: 2->2
[2024-02-09T02:01:16.406+0000][7][gc,heap     ] GC(53) Humongous regions: 0->0
[2024-02-09T02:01:16.406+0000][7][gc,metaspace] GC(53) Metaspace: 128513K(132288K)->128513K(132288K) NonClass: 111622K(113600K)->111622K(113600K) Class: 16891K(18688K)->16891K(18688K)
[2024-02-09T02:01:16.406+0000][7][gc          ] GC(53) Pause Young (Normal) (G1 Evacuation Pause) 701M->93M(1024M) 3.572ms
[2024-02-09T02:01:16.406+0000][7][gc,cpu      ] GC(53) User=0.01s Sys=0.01s Real=0.01s
[2024-02-09T02:01:16.406+0000][7][safepoint   ] Safepoint "G1CollectForAllocation", Time since last: 98984797013 ns, Reaching safepoint: 71325 ns, At safepoint: 3680236 ns, Total: 3751561 ns
[2024-02-09T02:01:24.407+0000][7][safepoint   ] Safepoint "Cleanup", Time since last: 8000825855 ns, Reaching safepoint: 141903 ns, At safepoint: 31195 ns, Total: 173098 ns
[2024-02-09T02:01:37.408+0000][7][safepoint   ] Safepoint "Cleanup", Time since last: 13001593962 ns, Reaching safepoint: 72363 ns, At safepoint: 11238 ns, Total: 83601 ns
[2024-02-09T02:01:38.409+0000][7][safepoint   ] Safepoint "Cleanup", Time since last: 1000129117 ns, Reaching safepoint: 70777 ns, At safepoint: 8858 ns, Total: 79635 ns
[2024-02-09T02:02:37.416+0000][7][safepoint   ] Safepoint "Cleanup", Time since last: 59006797041 ns, Reaching safepoint: 115314 ns, At safepoint: 11609 ns, Total: 126923 ns
[2024-02-09T02:03:47.424+0000][7][safepoint   ] Safepoint "Cleanup", Time since last: 70008068091 ns, Reaching safepoint: 71292 ns, At safepoint: 34620 ns, Total: 105912 ns
[2024-02-09T02:04:46.403+0000][7][gc,start    ] GC(54) Pause Young (Normal) (G1 Evacuation Pause)
[2024-02-09T02:04:46.403+0000][7][gc,task     ] GC(54) Using 8 workers of 8 for evacuation
[2024-02-09T02:04:46.403+0000][7][gc,age      ] GC(54) Desired survivor size 41943040 bytes, new threshold 15 (max threshold 15)
[2024-02-09T02:04:46.406+0000][7][gc,phases   ] GC(54)   Pre Evacuate Collection Set: 0.2ms
[2024-02-09T02:04:46.406+0000][7][gc,phases   ] GC(54)   Merge Heap Roots: 0.1ms
[2024-02-09T02:04:46.406+0000][7][gc,phases   ] GC(54)   Evacuate Collection Set: 1.6ms
[2024-02-09T02:04:46.406+0000][7][gc,phases   ] GC(54)   Post Evacuate Collection Set: 1.0ms
[2024-02-09T02:04:46.406+0000][7][gc,phases   ] GC(54)   Other: 0.1ms
[2024-02-09T02:04:46.406+0000][7][gc,age      ] GC(54) Age table with threshold 15 (max threshold 15)
[2024-02-09T02:04:46.406+0000][7][gc,age      ] GC(54) - age   1:     362760 bytes,     362760 total
[2024-02-09T02:04:46.406+0000][7][gc,age      ] GC(54) - age   2:      19888 bytes,     382648 total
[2024-02-09T02:04:46.406+0000][7][gc,age      ] GC(54) - age   3:      54432 bytes,     437080 total
[2024-02-09T02:04:46.406+0000][7][gc,age      ] GC(54) - age   4:     132024 bytes,     569104 total
[2024-02-09T02:04:46.406+0000][7][gc,age      ] GC(54) - age   5:     237928 bytes,     807032 total
[2024-02-09T02:04:46.406+0000][7][gc,age      ] GC(54) - age   6:       1872 bytes,     808904 total
[2024-02-09T02:04:46.406+0000][7][gc,age      ] GC(54) - age   7:       1752 bytes,     810656 total
[2024-02-09T02:04:46.406+0000][7][gc,age      ] GC(54) - age   8:      96352 bytes,     907008 total
[2024-02-09T02:04:46.406+0000][7][gc,age      ] GC(54) - age   9:       2512 bytes,     909520 total
[2024-02-09T02:04:46.406+0000][7][gc,age      ] GC(54) - age  10:      28864 bytes,     938384 total
[2024-02-09T02:04:46.406+0000][7][gc,age      ] GC(54) - age  11:        200 bytes,     938584 total
[2024-02-09T02:04:46.406+0000][7][gc,age      ] GC(54) - age  12:       3384 bytes,     941968 total
[2024-02-09T02:04:46.406+0000][7][gc,age      ] GC(54) - age  13:        920 bytes,     942888 total
[2024-02-09T02:04:46.406+0000][7][gc,age      ] GC(54) - age  14:       5752 bytes,     948640 total
[2024-02-09T02:04:46.406+0000][7][gc,age      ] GC(54) - age  15:        472 bytes,     949112 total
[2024-02-09T02:04:46.406+0000][7][gc,heap     ] GC(54) Eden regions: 152->0(152)
[2024-02-09T02:04:46.406+0000][7][gc,heap     ] GC(54) Survivor regions: 1->1(20)
[2024-02-09T02:04:46.406+0000][7][gc,heap     ] GC(54) Old regions: 23->23
[2024-02-09T02:04:46.406+0000][7][gc,heap     ] GC(54) Archive regions: 2->2
[2024-02-09T02:04:46.406+0000][7][gc,heap     ] GC(54) Humongous regions: 0->0
[2024-02-09T02:04:46.406+0000][7][gc,metaspace] GC(54) Metaspace: 128513K(132288K)->128513K(132288K) NonClass: 111622K(113600K)->111622K(113600K) Class: 16891K(18688K)->16891K(18688K)
[2024-02-09T02:04:46.406+0000][7][gc          ] GC(54) Pause Young (Normal) (G1 Evacuation Pause) 701M->93M(1024M) 3.354ms
[2024-02-09T02:04:46.406+0000][7][gc,cpu      ] GC(54) User=0.01s Sys=0.00s Real=0.01s
[2024-02-09T02:04:46.406+0000][7][safepoint   ] Safepoint "G1CollectForAllocation", Time since last: 58978945548 ns, Reaching safepoint: 59227 ns, At safepoint: 3460686 ns, Total: 3519913 ns
[2024-02-09T02:05:47.413+0000][7][safepoint   ] Safepoint "Cleanup", Time since last: 61006608111 ns, Reaching safepoint: 199621 ns, At safepoint: 9665 ns, Total: 209286 ns
[2024-02-09T02:06:41.419+0000][7][safepoint   ] Safepoint "Cleanup", Time since last: 54005418830 ns, Reaching safepoint: 146796 ns, At safepoint: 14509 ns, Total: 161305 ns
[2024-02-09T02:07:30.424+0000][7][safepoint   ] Safepoint "Cleanup", Time since last: 49005290101 ns, Reaching safepoint: 86352 ns, At safepoint: 7329 ns, Total: 93681 ns
[2024-02-09T02:08:19.420+0000][7][gc,start    ] GC(55) Pause Young (Normal) (G1 Evacuation Pause)
[2024-02-09T02:08:19.420+0000][7][gc,task     ] GC(55) Using 8 workers of 8 for evacuation
[2024-02-09T02:08:19.420+0000][7][gc,age      ] GC(55) Desired survivor size 41943040 bytes, new threshold 15 (max threshold 15)
[2024-02-09T02:08:19.424+0000][7][gc,phases   ] GC(55)   Pre Evacuate Collection Set: 0.1ms
[2024-02-09T02:08:19.424+0000][7][gc,phases   ] GC(55)   Merge Heap Roots: 0.1ms
[2024-02-09T02:08:19.424+0000][7][gc,phases   ] GC(55)   Evacuate Collection Set: 2.0ms
[2024-02-09T02:08:19.424+0000][7][gc,phases   ] GC(55)   Post Evacuate Collection Set: 1.3ms
[2024-02-09T02:08:19.424+0000][7][gc,phases   ] GC(55)   Other: 0.2ms
[2024-02-09T02:08:19.424+0000][7][gc,age      ] GC(55) Age table with threshold 15 (max threshold 15)
[2024-02-09T02:08:19.424+0000][7][gc,age      ] GC(55) - age   1:     987712 bytes,     987712 total
[2024-02-09T02:08:19.424+0000][7][gc,age      ] GC(55) - age   2:       1664 bytes,     989376 total
[2024-02-09T02:08:19.424+0000][7][gc,age      ] GC(55) - age   3:      17456 bytes,    1006832 total
[2024-02-09T02:08:19.424+0000][7][gc,age      ] GC(55) - age   4:      50136 bytes,    1056968 total
[2024-02-09T02:08:19.424+0000][7][gc,age      ] GC(55) - age   5:     123944 bytes,    1180912 total
[2024-02-09T02:08:19.424+0000][7][gc,age      ] GC(55) - age   6:     237512 bytes,    1418424 total
[2024-02-09T02:08:19.424+0000][7][gc,age      ] GC(55) - age   7:       1872 bytes,    1420296 total
[2024-02-09T02:08:19.424+0000][7][gc,age      ] GC(55) - age   8:       1568 bytes,    1421864 total
[2024-02-09T02:08:19.424+0000][7][gc,age      ] GC(55) - age   9:      96352 bytes,    1518216 total
[2024-02-09T02:08:19.424+0000][7][gc,age      ] GC(55) - age  10:       2512 bytes,    1520728 total
[2024-02-09T02:08:19.424+0000][7][gc,age      ] GC(55) - age  11:      28864 bytes,    1549592 total
[2024-02-09T02:08:19.424+0000][7][gc,age      ] GC(55) - age  12:        200 bytes,    1549792 total
[2024-02-09T02:08:19.424+0000][7][gc,age      ] GC(55) - age  13:       3384 bytes,    1553176 total
[2024-02-09T02:08:19.424+0000][7][gc,age      ] GC(55) - age  14:        920 bytes,    1554096 total
[2024-02-09T02:08:19.424+0000][7][gc,age      ] GC(55) - age  15:       5752 bytes,    1559848 total
[2024-02-09T02:08:19.424+0000][7][gc,heap     ] GC(55) Eden regions: 152->0(152)
[2024-02-09T02:08:19.424+0000][7][gc,heap     ] GC(55) Survivor regions: 1->1(20)
[2024-02-09T02:08:19.424+0000][7][gc,heap     ] GC(55) Old regions: 23->23
[2024-02-09T02:08:19.424+0000][7][gc,heap     ] GC(55) Archive regions: 2->2
[2024-02-09T02:08:19.424+0000][7][gc,heap     ] GC(55) Humongous regions: 0->0
[2024-02-09T02:08:19.424+0000][7][gc,metaspace] GC(55) Metaspace: 128517K(132288K)->128517K(132288K) NonClass: 111626K(113600K)->111626K(113600K) Class: 16891K(18688K)->16891K(18688K)
[2024-02-09T02:08:19.424+0000][7][gc          ] GC(55) Pause Young (Normal) (G1 Evacuation Pause) 701M->93M(1024M) 4.101ms
[2024-02-09T02:08:19.424+0000][7][gc,cpu      ] GC(55) User=0.02s Sys=0.00s Real=0.00s
[2024-02-09T02:08:19.424+0000][7][safepoint   ] Safepoint "G1CollectForAllocation", Time since last: 48995764449 ns, Reaching safepoint: 93712 ns, At safepoint: 4202971 ns, Total: 4296683 ns
[2024-02-09T02:08:37.426+0000][7][safepoint   ] Safepoint "Cleanup", Time since last: 18001511221 ns, Reaching safepoint: 69398 ns, At safepoint: 10612 ns, Total: 80010 ns
[2024-02-09T02:08:45.427+0000][7][safepoint   ] Safepoint "Cleanup", Time since last: 8001246514 ns, Reaching safepoint: 78750 ns, At safepoint: 8640 ns, Total: 87390 ns
[2024-02-09T02:10:37.440+0000][7][safepoint   ] Safepoint "Cleanup", Time since last: 112012472809 ns, Reaching safepoint: 109728 ns, At safepoint: 10924 ns, Total: 120652 ns
[2024-02-09T02:10:46.441+0000][7][safepoint   ] Safepoint "Cleanup", Time since last: 9001234792 ns, Reaching safepoint: 142195 ns, At safepoint: 6789 ns, Total: 148984 ns
[2024-02-09T02:11:06.443+0000][7][safepoint   ] Safepoint "Cleanup", Time since last: 20001906882 ns, Reaching safepoint: 157742 ns, At safepoint: 15148 ns, Total: 172890 ns
[2024-02-09T02:11:23.445+0000][7][safepoint   ] Safepoint "Cleanup", Time since last: 17002063853 ns, Reaching safepoint: 74278 ns, At safepoint: 10425 ns, Total: 84703 ns
[2024-02-09T02:11:28.748+0000][7][safepoint   ] Safepoint "Cleanup", Time since last: 5302616104 ns, Reaching safepoint: 109257 ns, At safepoint: 4951 ns, Total: 114208 ns
[2024-02-09T02:11:29.748+0000][7][safepoint   ] Safepoint "Cleanup", Time since last: 1000127016 ns, Reaching safepoint: 81418 ns, At safepoint: 5307 ns, Total: 86725 ns
[2024-02-09T02:11:40.479+0000][7][gc,start    ] GC(56) Pause Young (Normal) (G1 Evacuation Pause)
[2024-02-09T02:11:40.479+0000][7][gc,task     ] GC(56) Using 8 workers of 8 for evacuation
[2024-02-09T02:11:40.479+0000][7][gc,age      ] GC(56) Desired survivor size 41943040 bytes, new threshold 15 (max threshold 15)
[2024-02-09T02:11:40.482+0000][7][gc,phases   ] GC(56)   Pre Evacuate Collection Set: 0.1ms
[2024-02-09T02:11:40.482+0000][7][gc,phases   ] GC(56)   Merge Heap Roots: 0.1ms
[2024-02-09T02:11:40.482+0000][7][gc,phases   ] GC(56)   Evacuate Collection Set: 1.9ms
[2024-02-09T02:11:40.482+0000][7][gc,phases   ] GC(56)   Post Evacuate Collection Set: 0.6ms
[2024-02-09T02:11:40.482+0000][7][gc,phases   ] GC(56)   Other: 0.1ms
[2024-02-09T02:11:40.482+0000][7][gc,age      ] GC(56) Age table with threshold 15 (max threshold 15)
[2024-02-09T02:11:40.482+0000][7][gc,age      ] GC(56) - age   1:    1803648 bytes,    1803648 total
[2024-02-09T02:11:40.482+0000][7][gc,age      ] GC(56) - age   2:      16624 bytes,    1820272 total
[2024-02-09T02:11:40.482+0000][7][gc,age      ] GC(56) - age   3:        592 bytes,    1820864 total
[2024-02-09T02:11:40.482+0000][7][gc,age      ] GC(56) - age   4:      17264 bytes,    1838128 total
[2024-02-09T02:11:40.482+0000][7][gc,age      ] GC(56) - age   5:      49864 bytes,    1887992 total
[2024-02-09T02:11:40.482+0000][7][gc,age      ] GC(56) - age   6:     123912 bytes,    2011904 total
[2024-02-09T02:11:40.482+0000][7][gc,age      ] GC(56) - age   7:     237512 bytes,    2249416 total
[2024-02-09T02:11:40.482+0000][7][gc,age      ] GC(56) - age   8:       1872 bytes,    2251288 total
[2024-02-09T02:11:40.482+0000][7][gc,age      ] GC(56) - age   9:       1568 bytes,    2252856 total
[2024-02-09T02:11:40.482+0000][7][gc,age      ] GC(56) - age  10:      96352 bytes,    2349208 total
[2024-02-09T02:11:40.482+0000][7][gc,age      ] GC(56) - age  11:       2512 bytes,    2351720 total
[2024-02-09T02:11:40.482+0000][7][gc,age      ] GC(56) - age  12:      28864 bytes,    2380584 total
[2024-02-09T02:11:40.482+0000][7][gc,age      ] GC(56) - age  13:        200 bytes,    2380784 total
[2024-02-09T02:11:40.482+0000][7][gc,age      ] GC(56) - age  14:       3384 bytes,    2384168 total
[2024-02-09T02:11:40.482+0000][7][gc,age      ] GC(56) - age  15:        920 bytes,    2385088 total
[2024-02-09T02:11:40.482+0000][7][gc,heap     ] GC(56) Eden regions: 152->0(152)
[2024-02-09T02:11:40.482+0000][7][gc,heap     ] GC(56) Survivor regions: 1->1(20)
[2024-02-09T02:11:40.482+0000][7][gc,heap     ] GC(56) Old regions: 23->23
[2024-02-09T02:11:40.482+0000][7][gc,heap     ] GC(56) Archive regions: 2->2
[2024-02-09T02:11:40.482+0000][7][gc,heap     ] GC(56) Humongous regions: 0->0
[2024-02-09T02:11:40.482+0000][7][gc,metaspace] GC(56) Metaspace: 128522K(132288K)->128522K(132288K) NonClass: 111631K(113600K)->111631K(113600K) Class: 16891K(18688K)->16891K(18688K)
[2024-02-09T02:11:40.482+0000][7][gc          ] GC(56) Pause Young (Normal) (G1 Evacuation Pause) 701M->94M(1024M) 3.132ms
[2024-02-09T02:11:40.482+0000][7][gc,cpu      ] GC(56) User=0.02s Sys=0.00s Real=0.00s
[2024-02-09T02:11:40.482+0000][7][safepoint   ] Safepoint "G1CollectForAllocation", Time since last: 10730440044 ns, Reaching safepoint: 65768 ns, At safepoint: 3219693 ns, Total: 3285461 ns
[2024-02-09T02:12:04.485+0000][7][safepoint   ] Safepoint "Cleanup", Time since last: 24003069996 ns, Reaching safepoint: 89708 ns, At safepoint: 8539 ns, Total: 98247 ns
[2024-02-09T02:12:35.489+0000][7][safepoint   ] Safepoint "Cleanup", Time since last: 31003723763 ns, Reaching safepoint: 90113 ns, At safepoint: 20883 ns, Total: 110996 ns
[2024-02-09T02:12:59.492+0000][7][safepoint   ] Safepoint "Cleanup", Time since last: 24002729861 ns, Reaching safepoint: 73684 ns, At safepoint: 32816 ns, Total: 106500 ns
[2024-02-09T02:13:37.496+0000][7][safepoint   ] Safepoint "Cleanup", Time since last: 38004587778 ns, Reaching safepoint: 84328 ns, At safepoint: 9381 ns, Total: 93709 ns
[2024-02-09T02:13:58.499+0000][7][safepoint   ] Safepoint "Cleanup", Time since last: 21002348295 ns, Reaching safepoint: 109316 ns, At safepoint: 7094 ns, Total: 116410 ns
[2024-02-09T02:14:00.499+0000][7][safepoint   ] Safepoint "Cleanup", Time since last: 2000342617 ns, Reaching safepoint: 84346 ns, At safepoint: 9555 ns, Total: 93901 ns
[2024-02-09T02:14:41.505+0000][7][safepoint   ] Safepoint "Cleanup", Time since last: 41006010388 ns, Reaching safepoint: 82047 ns, At safepoint: 42233 ns, Total: 124280 ns
[2024-02-09T02:15:16.982+0000][7][gc,start    ] GC(57) Pause Young (Normal) (G1 Evacuation Pause)
[2024-02-09T02:15:16.982+0000][7][gc,task     ] GC(57) Using 8 workers of 8 for evacuation
[2024-02-09T02:15:16.982+0000][7][gc,age      ] GC(57) Desired survivor size 41943040 bytes, new threshold 15 (max threshold 15)
[2024-02-09T02:15:16.985+0000][7][gc,phases   ] GC(57)   Pre Evacuate Collection Set: 0.2ms
[2024-02-09T02:15:16.985+0000][7][gc,phases   ] GC(57)   Merge Heap Roots: 0.1ms
[2024-02-09T02:15:16.985+0000][7][gc,phases   ] GC(57)   Evacuate Collection Set: 1.6ms
[2024-02-09T02:15:16.985+0000][7][gc,phases   ] GC(57)   Post Evacuate Collection Set: 0.8ms
[2024-02-09T02:15:16.985+0000][7][gc,phases   ] GC(57)   Other: 0.1ms
[2024-02-09T02:15:16.985+0000][7][gc,age      ] GC(57) Age table with threshold 15 (max threshold 15)
[2024-02-09T02:15:16.985+0000][7][gc,age      ] GC(57) - age   1:     911928 bytes,     911928 total
[2024-02-09T02:15:16.985+0000][7][gc,age      ] GC(57) - age   2:      12096 bytes,     924024 total
[2024-02-09T02:15:16.985+0000][7][gc,age      ] GC(57) - age   3:      14640 bytes,     938664 total
[2024-02-09T02:15:16.985+0000][7][gc,age      ] GC(57) - age   4:        592 bytes,     939256 total
[2024-02-09T02:15:16.985+0000][7][gc,age      ] GC(57) - age   5:      17264 bytes,     956520 total
[2024-02-09T02:15:16.985+0000][7][gc,age      ] GC(57) - age   6:      49864 bytes,    1006384 total
[2024-02-09T02:15:16.985+0000][7][gc,age      ] GC(57) - age   7:     123912 bytes,    1130296 total
[2024-02-09T02:15:16.985+0000][7][gc,age      ] GC(57) - age   8:     237328 bytes,    1367624 total
[2024-02-09T02:15:16.985+0000][7][gc,age      ] GC(57) - age   9:       1872 bytes,    1369496 total
[2024-02-09T02:15:16.985+0000][7][gc,age      ] GC(57) - age  10:       1568 bytes,    1371064 total
[2024-02-09T02:15:16.985+0000][7][gc,age      ] GC(57) - age  11:      96352 bytes,    1467416 total
[2024-02-09T02:15:16.985+0000][7][gc,age      ] GC(57) - age  12:       2512 bytes,    1469928 total
[2024-02-09T02:15:16.985+0000][7][gc,age      ] GC(57) - age  13:      28864 bytes,    1498792 total
[2024-02-09T02:15:16.985+0000][7][gc,age      ] GC(57) - age  14:        200 bytes,    1498992 total
[2024-02-09T02:15:16.985+0000][7][gc,age      ] GC(57) - age  15:       3384 bytes,    1502376 total
[2024-02-09T02:15:16.986+0000][7][gc,heap     ] GC(57) Eden regions: 152->0(152)
[2024-02-09T02:15:16.986+0000][7][gc,heap     ] GC(57) Survivor regions: 1->1(20)
[2024-02-09T02:15:16.986+0000][7][gc,heap     ] GC(57) Old regions: 23->23
[2024-02-09T02:15:16.986+0000][7][gc,heap     ] GC(57) Archive regions: 2->2
[2024-02-09T02:15:16.986+0000][7][gc,heap     ] GC(57) Humongous regions: 0->0
[2024-02-09T02:15:16.986+0000][7][gc,metaspace] GC(57) Metaspace: 128526K(132288K)->128526K(132288K) NonClass: 111635K(113600K)->111635K(113600K) Class: 16891K(18688K)->16891K(18688K)
[2024-02-09T02:15:16.986+0000][7][gc          ] GC(57) Pause Young (Normal) (G1 Evacuation Pause) 702M->93M(1024M) 3.179ms
[2024-02-09T02:15:16.986+0000][7][gc,cpu      ] GC(57) User=0.01s Sys=0.01s Real=0.01s
[2024-02-09T02:15:16.986+0000][7][safepoint   ] Safepoint "G1CollectForAllocation", Time since last: 35476942591 ns, Reaching safepoint: 77045 ns, At safepoint: 3281701 ns, Total: 3358746 ns
[2024-02-09T02:15:30.987+0000][7][safepoint   ] Safepoint "Cleanup", Time since last: 14001608525 ns, Reaching safepoint: 80920 ns, At safepoint: 6968 ns, Total: 87888 ns
[2024-02-09T02:15:31.988+0000][7][safepoint   ] Safepoint "Cleanup", Time since last: 1000157031 ns, Reaching safepoint: 67862 ns, At safepoint: 8767 ns, Total: 76629 ns
[2024-02-09T02:15:46.990+0000][7][safepoint   ] Safepoint "Cleanup", Time since last: 15001882816 ns, Reaching safepoint: 69739 ns, At safepoint: 3541 ns, Total: 73280 ns
[2024-02-09T13:18:33.167+0000][7][safepoint   ] Safepoint "Cleanup", Time since last: 6933462069 ns, Reaching safepoint: 34142 ns, At safepoint: 9206 ns, Total: 43348 ns
[2024-02-09T13:18:34.168+0000][7][safepoint   ] Safepoint "Cleanup", Time since last: 1000142103 ns, Reaching safepoint: 81024 ns, At safepoint: 4380 ns, Total: 85404 ns
[2024-02-09T13:18:36.286+0000][7][safepoint   ] Safepoint "Cleanup", Time since last: 2118828576 ns, Reaching safepoint: 53199 ns, At safepoint: 3250 ns, Total: 56449 ns
[2024-02-09T13:18:37.292+0000][7][safepoint   ] Safepoint "Cleanup", Time since last: 1005293807 ns, Reaching safepoint: 93659 ns, At safepoint: 10832 ns, Total: 104491 ns
[2024-02-09T13:18:38.292+0000][7][safepoint   ] Safepoint "Cleanup", Time since last: 1000202108 ns, Reaching safepoint: 42968 ns, At safepoint: 5971 ns, Total: 48939 ns
[2024-02-09T13:18:39.292+0000][7][safepoint   ] Safepoint "Cleanup", Time since last: 1000193296 ns, Reaching safepoint: 32699 ns, At safepoint: 5608 ns, Total: 38307 ns
[2024-02-09T13:18:40.293+0000][7][safepoint   ] Safepoint "Cleanup", Time since last: 1000191417 ns, Reaching safepoint: 53345 ns, At safepoint: 6396 ns, Total: 59741 ns
[2024-02-09T13:18:45.293+0000][7][safepoint   ] Safepoint "Cleanup", Time since last: 5000570771 ns, Reaching safepoint: 42921 ns, At safepoint: 7790 ns, Total: 50711 ns
[2024-02-09T13:18:57.295+0000][7][safepoint   ] Safepoint "Cleanup", Time since last: 12001387707 ns, Reaching safepoint: 83224 ns, At safepoint: 11296 ns, Total: 94520 ns
[2024-02-09T13:19:15.297+0000][7][safepoint   ] Safepoint "Cleanup", Time since last: 18001900148 ns, Reaching safepoint: 45392 ns, At safepoint: 4105 ns, Total: 49497 ns
[2024-02-09T13:19:16.297+0000][7][safepoint   ] Safepoint "Cleanup", Time since last: 1000130360 ns, Reaching safepoint: 96500 ns, At safepoint: 6581 ns, Total: 103081 ns
[2024-02-09T13:19:21.297+0000][7][safepoint   ] Safepoint "Cleanup", Time since last: 5000473736 ns, Reaching safepoint: 60372 ns, At safepoint: 12301 ns, Total: 72673 ns
[2024-02-09T13:19:34.299+0000][7][safepoint   ] Safepoint "Cleanup", Time since last: 13001346022 ns, Reaching safepoint: 70684 ns, At safepoint: 10261 ns, Total: 80945 ns
[2024-02-09T13:19:40.300+0000][7][safepoint   ] Safepoint "Cleanup", Time since last: 6000706819 ns, Reaching safepoint: 78421 ns, At safepoint: 7473 ns, Total: 85894 ns
[2024-02-09T13:19:51.301+0000][7][safepoint   ] Safepoint "Cleanup", Time since last: 11001623958 ns, Reaching safepoint: 136138 ns, At safepoint: 9304 ns, Total: 145442 ns
[2024-02-09T13:19:57.302+0000][7][safepoint   ] Safepoint "Cleanup", Time since last: 6000953835 ns, Reaching safepoint: 104632 ns, At safepoint: 9291 ns, Total: 113923 ns
[2024-02-09T13:20:09.304+0000][7][safepoint   ] Safepoint "Cleanup", Time since last: 12001926666 ns, Reaching safepoint: 75115 ns, At safepoint: 11411 ns, Total: 86526 ns
[2024-02-09T13:20:16.306+0000][7][safepoint   ] Safepoint "Cleanup", Time since last: 7001034749 ns, Reaching safepoint: 126438 ns, At safepoint: 17341 ns, Total: 143779 ns
[2024-02-09T13:20:39.309+0000][7][safepoint   ] Safepoint "Cleanup", Time since last: 23003317144 ns, Reaching safepoint: 77204 ns, At safepoint: 10819 ns, Total: 88023 ns
[2024-02-09T13:20:45.310+0000][7][safepoint   ] Safepoint "Cleanup", Time since last: 6000714566 ns, Reaching safepoint: 106061 ns, At safepoint: 8109 ns, Total: 114170 ns
[2024-02-09T13:21:03.178+0000][7][gc,start    ] GC(58) Pause Young (Normal) (G1 Evacuation Pause)
[2024-02-09T13:21:03.178+0000][7][gc,task     ] GC(58) Using 8 workers of 8 for evacuation
[2024-02-09T13:21:03.178+0000][7][gc,age      ] GC(58) Desired survivor size 41943040 bytes, new threshold 15 (max threshold 15)
[2024-02-09T13:21:03.182+0000][7][gc,phases   ] GC(58)   Pre Evacuate Collection Set: 0.1ms
[2024-02-09T13:21:03.182+0000][7][gc,phases   ] GC(58)   Merge Heap Roots: 0.1ms
[2024-02-09T13:21:03.182+0000][7][gc,phases   ] GC(58)   Evacuate Collection Set: 2.3ms
[2024-02-09T13:21:03.182+0000][7][gc,phases   ] GC(58)   Post Evacuate Collection Set: 0.7ms
[2024-02-09T13:21:03.182+0000][7][gc,phases   ] GC(58)   Other: 0.1ms
[2024-02-09T13:21:03.182+0000][7][gc,age      ] GC(58) Age table with threshold 15 (max threshold 15)
[2024-02-09T13:21:03.182+0000][7][gc,age      ] GC(58) - age   1:    2161696 bytes,    2161696 total
[2024-02-09T13:21:03.182+0000][7][gc,age      ] GC(58) - age   2:       9472 bytes,    2171168 total
[2024-02-09T13:21:03.182+0000][7][gc,age      ] GC(58) - age   3:        544 bytes,    2171712 total
[2024-02-09T13:21:03.182+0000][7][gc,age      ] GC(58) - age   4:       1936 bytes,    2173648 total
[2024-02-09T13:21:03.182+0000][7][gc,age      ] GC(58) - age   5:        200 bytes,    2173848 total
[2024-02-09T13:21:03.182+0000][7][gc,age      ] GC(58) - age   6:        776 bytes,    2174624 total
[2024-02-09T13:21:03.182+0000][7][gc,age      ] GC(58) - age   7:        504 bytes,    2175128 total
[2024-02-09T13:21:03.182+0000][7][gc,age      ] GC(58) - age   8:      24976 bytes,    2200104 total
[2024-02-09T13:21:03.182+0000][7][gc,age      ] GC(58) - age   9:     236248 bytes,    2436352 total
[2024-02-09T13:21:03.182+0000][7][gc,age      ] GC(58) - age  10:       1872 bytes,    2438224 total
[2024-02-09T13:21:03.182+0000][7][gc,age      ] GC(58) - age  11:       1568 bytes,    2439792 total
[2024-02-09T13:21:03.182+0000][7][gc,age      ] GC(58) - age  12:      91512 bytes,    2531304 total
[2024-02-09T13:21:03.182+0000][7][gc,age      ] GC(58) - age  13:       2512 bytes,    2533816 total
[2024-02-09T13:21:03.182+0000][7][gc,age      ] GC(58) - age  14:      28864 bytes,    2562680 total
[2024-02-09T13:21:03.182+0000][7][gc,age      ] GC(58) - age  15:        200 bytes,    2562880 total
[2024-02-09T13:21:03.182+0000][7][gc,heap     ] GC(58) Eden regions: 152->0(152)
[2024-02-09T13:21:03.182+0000][7][gc,heap     ] GC(58) Survivor regions: 1->1(20)
[2024-02-09T13:21:03.182+0000][7][gc,heap     ] GC(58) Old regions: 23->23
[2024-02-09T13:21:03.182+0000][7][gc,heap     ] GC(58) Archive regions: 2->2
[2024-02-09T13:21:03.182+0000][7][gc,heap     ] GC(58) Humongous regions: 0->0
[2024-02-09T13:21:03.182+0000][7][gc,metaspace] GC(58) Metaspace: 128639K(132352K)->128639K(132352K) NonClass: 111732K(113664K)->111732K(113664K) Class: 16906K(18688K)->16906K(18688K)
[2024-02-09T13:21:03.182+0000][7][gc          ] GC(58) Pause Young (Normal) (G1 Evacuation Pause) 701M->94M(1024M) 3.564ms
[2024-02-09T13:21:03.182+0000][7][gc,cpu      ] GC(58) User=0.02s Sys=0.00s Real=0.01s
[2024-02-09T13:21:03.182+0000][7][safepoint   ] Safepoint "G1CollectForAllocation", Time since last: 17868180290 ns, Reaching safepoint: 59530 ns, At safepoint: 3652877 ns, Total: 3712407 ns
[2024-02-09T13:21:27.185+0000][7][safepoint   ] Safepoint "Cleanup", Time since last: 24003485367 ns, Reaching safepoint: 91458 ns, At safepoint: 8300 ns, Total: 99758 ns
[2024-02-09T13:21:34.186+0000][7][safepoint   ] Safepoint "Cleanup", Time since last: 7000786161 ns, Reaching safepoint: 79255 ns, At safepoint: 12822 ns, Total: 92077 ns
[2024-02-09T13:21:40.187+0000][7][safepoint   ] Safepoint "Cleanup", Time since last: 6000795039 ns, Reaching safepoint: 80708 ns, At safepoint: 14121 ns, Total: 94829 ns
[2024-02-09T13:22:52.197+0000][7][safepoint   ] Safepoint "Cleanup", Time since last: 72009446362 ns, Reaching safepoint: 112348 ns, At safepoint: 18860 ns, Total: 131208 ns
[2024-02-09T13:23:33.201+0000][7][safepoint   ] Safepoint "Cleanup", Time since last: 41004688459 ns, Reaching safepoint: 90671 ns, At safepoint: 10701 ns, Total: 101372 ns
[2024-02-09T13:23:37.202+0000][7][safepoint   ] Safepoint "Cleanup", Time since last: 4000401007 ns, Reaching safepoint: 84945 ns, At safepoint: 7205 ns, Total: 92150 ns
[2024-02-09T13:23:41.203+0000][7][safepoint   ] Safepoint "Cleanup", Time since last: 4000514113 ns, Reaching safepoint: 73039 ns, At safepoint: 8877 ns, Total: 81916 ns
[2024-02-09T13:24:10.206+0000][7][safepoint   ] Safepoint "Cleanup", Time since last: 29003454580 ns, Reaching safepoint: 74573 ns, At safepoint: 6330 ns, Total: 80903 ns
[2024-02-09T13:24:21.208+0000][7][safepoint   ] Safepoint "Cleanup", Time since last: 11001959922 ns, Reaching safepoint: 95014 ns, At safepoint: 6552 ns, Total: 101566 ns
[2024-02-09T13:24:27.232+0000][7][gc,start    ] GC(59) Pause Young (Normal) (G1 Evacuation Pause)
[2024-02-09T13:24:27.232+0000][7][gc,task     ] GC(59) Using 8 workers of 8 for evacuation
[2024-02-09T13:24:27.232+0000][7][gc,age      ] GC(59) Desired survivor size 41943040 bytes, new threshold 15 (max threshold 15)
[2024-02-09T13:24:27.235+0000][7][gc,phases   ] GC(59)   Pre Evacuate Collection Set: 0.1ms
[2024-02-09T13:24:27.235+0000][7][gc,phases   ] GC(59)   Merge Heap Roots: 0.1ms
[2024-02-09T13:24:27.235+0000][7][gc,phases   ] GC(59)   Evacuate Collection Set: 1.6ms
[2024-02-09T13:24:27.235+0000][7][gc,phases   ] GC(59)   Post Evacuate Collection Set: 0.8ms
[2024-02-09T13:24:27.235+0000][7][gc,phases   ] GC(59)   Other: 0.1ms
[2024-02-09T13:24:27.235+0000][7][gc,age      ] GC(59) Age table with threshold 15 (max threshold 15)
[2024-02-09T13:24:27.235+0000][7][gc,age      ] GC(59) - age   1:     597784 bytes,     597784 total
[2024-02-09T13:24:27.235+0000][7][gc,age      ] GC(59) - age   2:     633920 bytes,    1231704 total
[2024-02-09T13:24:27.235+0000][7][gc,age      ] GC(59) - age   3:       8256 bytes,    1239960 total
[2024-02-09T13:24:27.235+0000][7][gc,age      ] GC(59) - age   4:        360 bytes,    1240320 total
[2024-02-09T13:24:27.235+0000][7][gc,age      ] GC(59) - age   5:       1936 bytes,    1242256 total
[2024-02-09T13:24:27.235+0000][7][gc,age      ] GC(59) - age   6:        200 bytes,    1242456 total
[2024-02-09T13:24:27.235+0000][7][gc,age      ] GC(59) - age   7:        776 bytes,    1243232 total
[2024-02-09T13:24:27.235+0000][7][gc,age      ] GC(59) - age   8:        376 bytes,    1243608 total
[2024-02-09T13:24:27.235+0000][7][gc,age      ] GC(59) - age   9:       1304 bytes,    1244912 total
[2024-02-09T13:24:27.235+0000][7][gc,age      ] GC(59) - age  10:     236248 bytes,    1481160 total
[2024-02-09T13:24:27.235+0000][7][gc,age      ] GC(59) - age  11:       1872 bytes,    1483032 total
[2024-02-09T13:24:27.235+0000][7][gc,age      ] GC(59) - age  12:       1568 bytes,    1484600 total
[2024-02-09T13:24:27.235+0000][7][gc,age      ] GC(59) - age  13:      91512 bytes,    1576112 total
[2024-02-09T13:24:27.235+0000][7][gc,age      ] GC(59) - age  14:       2512 bytes,    1578624 total
[2024-02-09T13:24:27.235+0000][7][gc,age      ] GC(59) - age  15:      28864 bytes,    1607488 total
[2024-02-09T13:24:27.235+0000][7][gc,heap     ] GC(59) Eden regions: 152->0(152)
[2024-02-09T13:24:27.235+0000][7][gc,heap     ] GC(59) Survivor regions: 1->1(20)
[2024-02-09T13:24:27.235+0000][7][gc,heap     ] GC(59) Old regions: 23->23
[2024-02-09T13:24:27.235+0000][7][gc,heap     ] GC(59) Archive regions: 2->2
[2024-02-09T13:24:27.235+0000][7][gc,heap     ] GC(59) Humongous regions: 0->0
[2024-02-09T13:24:27.235+0000][7][gc,metaspace] GC(59) Metaspace: 128641K(132352K)->128641K(132352K) NonClass: 111735K(113664K)->111735K(113664K) Class: 16906K(18688K)->16906K(18688K)
[2024-02-09T13:24:27.235+0000][7][gc          ] GC(59) Pause Young (Normal) (G1 Evacuation Pause) 702M->93M(1024M) 3.076ms
[2024-02-09T13:24:27.236+0000][7][gc,cpu      ] GC(59) User=0.01s Sys=0.01s Real=0.00s
[2024-02-09T13:24:27.236+0000][7][safepoint   ] Safepoint "G1CollectForAllocation", Time since last: 6024098712 ns, Reaching safepoint: 98032 ns, At safepoint: 3177641 ns, Total: 3275673 ns
[2024-02-09T13:25:16.242+0000][7][safepoint   ] Safepoint "Cleanup", Time since last: 49006799865 ns, Reaching safepoint: 95728 ns, At safepoint: 10438 ns, Total: 106166 ns
[2024-02-09T13:25:45.247+0000][7][safepoint   ] Safepoint "Cleanup", Time since last: 29004058890 ns, Reaching safepoint: 125647 ns, At safepoint: 6754 ns, Total: 132401 ns
[2024-02-09T13:26:04.249+0000][7][safepoint   ] Safepoint "Cleanup", Time since last: 19002549794 ns, Reaching safepoint: 98292 ns, At safepoint: 13660 ns, Total: 111952 ns
[2024-02-09T13:26:33.253+0000][7][safepoint   ] Safepoint "Cleanup", Time since last: 29003434688 ns, Reaching safepoint: 121291 ns, At safepoint: 44029 ns, Total: 165320 ns
[2024-02-09T13:27:30.259+0000][7][safepoint   ] Safepoint "Cleanup", Time since last: 57005502656 ns, Reaching safepoint: 116985 ns, At safepoint: 10868 ns, Total: 127853 ns
[2024-02-09T13:27:45.261+0000][7][safepoint   ] Safepoint "Cleanup", Time since last: 15001965455 ns, Reaching safepoint: 305128 ns, At safepoint: 18392 ns, Total: 323520 ns
[2024-02-09T13:28:01.270+0000][7][gc,start    ] GC(60) Pause Young (Normal) (G1 Evacuation Pause)
[2024-02-09T13:28:01.270+0000][7][gc,task     ] GC(60) Using 8 workers of 8 for evacuation
[2024-02-09T13:28:01.270+0000][7][gc,age      ] GC(60) Desired survivor size 41943040 bytes, new threshold 15 (max threshold 15)
[2024-02-09T13:28:01.274+0000][7][gc,phases   ] GC(60)   Pre Evacuate Collection Set: 0.1ms
[2024-02-09T13:28:01.274+0000][7][gc,phases   ] GC(60)   Merge Heap Roots: 0.1ms
[2024-02-09T13:28:01.274+0000][7][gc,phases   ] GC(60)   Evacuate Collection Set: 3.1ms
[2024-02-09T13:28:01.274+0000][7][gc,phases   ] GC(60)   Post Evacuate Collection Set: 1.2ms
[2024-02-09T13:28:01.274+0000][7][gc,phases   ] GC(60)   Other: 0.1ms
[2024-02-09T13:28:01.274+0000][7][gc,age      ] GC(60) Age table with threshold 15 (max threshold 15)
[2024-02-09T13:28:01.274+0000][7][gc,age      ] GC(60) - age   1:    1155848 bytes,    1155848 total
[2024-02-09T13:28:01.274+0000][7][gc,age      ] GC(60) - age   2:     139344 bytes,    1295192 total
[2024-02-09T13:28:01.274+0000][7][gc,age      ] GC(60) - age   3:     622360 bytes,    1917552 total
[2024-02-09T13:28:01.274+0000][7][gc,age      ] GC(60) - age   4:        240 bytes,    1917792 total
[2024-02-09T13:28:01.274+0000][7][gc,age      ] GC(60) - age   5:        360 bytes,    1918152 total
[2024-02-09T13:28:01.274+0000][7][gc,age      ] GC(60) - age   6:       1904 bytes,    1920056 total
[2024-02-09T13:28:01.274+0000][7][gc,age      ] GC(60) - age   7:        200 bytes,    1920256 total
[2024-02-09T13:28:01.274+0000][7][gc,age      ] GC(60) - age   8:        776 bytes,    1921032 total
[2024-02-09T13:28:01.274+0000][7][gc,age      ] GC(60) - age   9:        376 bytes,    1921408 total
[2024-02-09T13:28:01.274+0000][7][gc,age      ] GC(60) - age  10:       1304 bytes,    1922712 total
[2024-02-09T13:28:01.274+0000][7][gc,age      ] GC(60) - age  11:     236248 bytes,    2158960 total
[2024-02-09T13:28:01.274+0000][7][gc,age      ] GC(60) - age  12:       1872 bytes,    2160832 total
[2024-02-09T13:28:01.274+0000][7][gc,age      ] GC(60) - age  13:       1568 bytes,    2162400 total
[2024-02-09T13:28:01.274+0000][7][gc,age      ] GC(60) - age  14:      91512 bytes,    2253912 total
[2024-02-09T13:28:01.274+0000][7][gc,age      ] GC(60) - age  15:       2512 bytes,    2256424 total
[2024-02-09T13:28:01.274+0000][7][gc,heap     ] GC(60) Eden regions: 152->0(152)
[2024-02-09T13:28:01.274+0000][7][gc,heap     ] GC(60) Survivor regions: 1->1(20)
[2024-02-09T13:28:01.274+0000][7][gc,heap     ] GC(60) Old regions: 23->23
[2024-02-09T13:28:01.274+0000][7][gc,heap     ] GC(60) Archive regions: 2->2
[2024-02-09T13:28:01.275+0000][7][gc,heap     ] GC(60) Humongous regions: 0->0
[2024-02-09T13:28:01.275+0000][7][gc,metaspace] GC(60) Metaspace: 128656K(132352K)->128656K(132352K) NonClass: 111749K(113664K)->111749K(113664K) Class: 16906K(18688K)->16906K(18688K)
[2024-02-09T13:28:01.275+0000][7][gc          ] GC(60) Pause Young (Normal) (G1 Evacuation Pause) 701M->94M(1024M) 4.941ms
[2024-02-09T13:28:01.275+0000][7][gc,cpu      ] GC(60) User=0.02s Sys=0.00s Real=0.00s
[2024-02-09T13:28:01.275+0000][7][safepoint   ] Safepoint "G1CollectForAllocation", Time since last: 16008660070 ns, Reaching safepoint: 77602 ns, At safepoint: 5044266 ns, Total: 5121868 ns
[2024-02-09T13:28:16.277+0000][7][safepoint   ] Safepoint "Cleanup", Time since last: 15002290741 ns, Reaching safepoint: 117398 ns, At safepoint: 9410 ns, Total: 126808 ns
[2024-02-09T13:28:45.281+0000][7][safepoint   ] Safepoint "Cleanup", Time since last: 29004253668 ns, Reaching safepoint: 89837 ns, At safepoint: 11069 ns, Total: 100906 ns
[2024-02-09T13:29:16.286+0000][7][safepoint   ] Safepoint "Cleanup", Time since last: 31004021602 ns, Reaching safepoint: 117707 ns, At safepoint: 8891 ns, Total: 126598 ns
[2024-02-09T13:29:21.286+0000][7][safepoint   ] Safepoint "Cleanup", Time since last: 5000598565 ns, Reaching safepoint: 67847 ns, At safepoint: 36848 ns, Total: 104695 ns
[2024-02-09T13:30:16.294+0000][7][safepoint   ] Safepoint "Cleanup", Time since last: 55007784054 ns, Reaching safepoint: 100173 ns, At safepoint: 6751 ns, Total: 106924 ns
[2024-02-09T13:30:40.181+0000][7][safepoint   ] Safepoint "Cleanup", Time since last: 23886938931 ns, Reaching safepoint: 117407 ns, At safepoint: 10379 ns, Total: 127786 ns
[2024-02-09T13:30:46.182+0000][7][safepoint   ] Safepoint "Cleanup", Time since last: 6000566103 ns, Reaching safepoint: 123274 ns, At safepoint: 13606 ns, Total: 136880 ns
[2024-02-09T13:31:09.185+0000][7][safepoint   ] Safepoint "Cleanup", Time since last: 23003289930 ns, Reaching safepoint: 86387 ns, At safepoint: 9985 ns, Total: 96372 ns
[2024-02-09T13:31:10.186+0000][7][safepoint   ] Safepoint "Cleanup", Time since last: 1000222328 ns, Reaching safepoint: 86492 ns, At safepoint: 8583 ns, Total: 95075 ns
[2024-02-09T13:31:17.187+0000][7][safepoint   ] Safepoint "Cleanup", Time since last: 7001262000 ns, Reaching safepoint: 118388 ns, At safepoint: 7699 ns, Total: 126087 ns
[2024-02-09T13:31:27.756+0000][7][gc,start    ] GC(61) Pause Young (Normal) (G1 Evacuation Pause)
[2024-02-09T13:31:27.756+0000][7][gc,task     ] GC(61) Using 8 workers of 8 for evacuation
[2024-02-09T13:31:27.756+0000][7][gc,age      ] GC(61) Desired survivor size 41943040 bytes, new threshold 15 (max threshold 15)
[2024-02-09T13:31:27.759+0000][7][gc,phases   ] GC(61)   Pre Evacuate Collection Set: 0.1ms
[2024-02-09T13:31:27.759+0000][7][gc,phases   ] GC(61)   Merge Heap Roots: 0.1ms
[2024-02-09T13:31:27.759+0000][7][gc,phases   ] GC(61)   Evacuate Collection Set: 1.8ms
[2024-02-09T13:31:27.759+0000][7][gc,phases   ] GC(61)   Post Evacuate Collection Set: 0.7ms
[2024-02-09T13:31:27.759+0000][7][gc,phases   ] GC(61)   Other: 0.1ms
[2024-02-09T13:31:27.759+0000][7][gc,age      ] GC(61) Age table with threshold 15 (max threshold 15)
[2024-02-09T13:31:27.759+0000][7][gc,age      ] GC(61) - age   1:    1796328 bytes,    1796328 total
[2024-02-09T13:31:27.759+0000][7][gc,age      ] GC(61) - age   2:      75768 bytes,    1872096 total
[2024-02-09T13:31:27.759+0000][7][gc,age      ] GC(61) - age   3:     138440 bytes,    2010536 total
[2024-02-09T13:31:27.759+0000][7][gc,age      ] GC(61) - age   4:     618904 bytes,    2629440 total
[2024-02-09T13:31:27.759+0000][7][gc,age      ] GC(61) - age   5:        240 bytes,    2629680 total
[2024-02-09T13:31:27.759+0000][7][gc,age      ] GC(61) - age   6:        360 bytes,    2630040 total
[2024-02-09T13:31:27.759+0000][7][gc,age      ] GC(61) - age   7:       1520 bytes,    2631560 total
[2024-02-09T13:31:27.759+0000][7][gc,age      ] GC(61) - age   8:        200 bytes,    2631760 total
[2024-02-09T13:31:27.759+0000][7][gc,age      ] GC(61) - age   9:        776 bytes,    2632536 total
[2024-02-09T13:31:27.759+0000][7][gc,age      ] GC(61) - age  10:        376 bytes,    2632912 total
[2024-02-09T13:31:27.759+0000][7][gc,age      ] GC(61) - age  11:       1304 bytes,    2634216 total
[2024-02-09T13:31:27.759+0000][7][gc,age      ] GC(61) - age  12:     236248 bytes,    2870464 total
[2024-02-09T13:31:27.759+0000][7][gc,age      ] GC(61) - age  13:       1872 bytes,    2872336 total
[2024-02-09T13:31:27.759+0000][7][gc,age      ] GC(61) - age  14:       1568 bytes,    2873904 total
[2024-02-09T13:31:27.759+0000][7][gc,age      ] GC(61) - age  15:      91512 bytes,    2965416 total
[2024-02-09T13:31:27.759+0000][7][gc,heap     ] GC(61) Eden regions: 152->0(152)
[2024-02-09T13:31:27.759+0000][7][gc,heap     ] GC(61) Survivor regions: 1->1(20)
[2024-02-09T13:31:27.759+0000][7][gc,heap     ] GC(61) Old regions: 23->23
[2024-02-09T13:31:27.759+0000][7][gc,heap     ] GC(61) Archive regions: 2->2
[2024-02-09T13:31:27.759+0000][7][gc,heap     ] GC(61) Humongous regions: 0->0
[2024-02-09T13:31:27.759+0000][7][gc,metaspace] GC(61) Metaspace: 128661K(132352K)->128661K(132352K) NonClass: 111755K(113664K)->111755K(113664K) Class: 16906K(18688K)->16906K(18688K)
[2024-02-09T13:31:27.759+0000][7][gc          ] GC(61) Pause Young (Normal) (G1 Evacuation Pause) 702M->95M(1024M) 3.027ms
[2024-02-09T13:31:27.759+0000][7][gc,cpu      ] GC(61) User=0.02s Sys=0.00s Real=0.00s
[2024-02-09T13:31:27.759+0000][7][safepoint   ] Safepoint "G1CollectForAllocation", Time since last: 10568914578 ns, Reaching safepoint: 47591 ns, At safepoint: 3111331 ns, Total: 3158922 ns
[2024-02-09T13:31:39.761+0000][7][safepoint   ] Safepoint "Cleanup", Time since last: 12002032463 ns, Reaching safepoint: 72377 ns, At safepoint: 9380 ns, Total: 81757 ns
[2024-02-09T13:32:21.768+0000][7][safepoint   ] Safepoint "Cleanup", Time since last: 42006295456 ns, Reaching safepoint: 131939 ns, At safepoint: 17143 ns, Total: 149082 ns
[2024-02-09T13:33:48.348+0000][7][safepoint   ] Safepoint "Cleanup", Time since last: 86580010514 ns, Reaching safepoint: 113765 ns, At safepoint: 12671 ns, Total: 126436 ns
[2024-02-09T13:33:58.349+0000][7][safepoint   ] Safepoint "Cleanup", Time since last: 10001366147 ns, Reaching safepoint: 83262 ns, At safepoint: 11957 ns, Total: 95219 ns
[2024-02-09T13:34:18.353+0000][7][safepoint   ] Safepoint "Cleanup", Time since last: 20003461184 ns, Reaching safepoint: 169956 ns, At safepoint: 22300 ns, Total: 192256 ns
[2024-02-09T13:34:39.356+0000][7][safepoint   ] Safepoint "Cleanup", Time since last: 21002933521 ns, Reaching safepoint: 155466 ns, At safepoint: 7019 ns, Total: 162485 ns
[2024-02-09T13:34:45.357+0000][7][safepoint   ] Safepoint "Cleanup", Time since last: 6000909899 ns, Reaching safepoint: 109851 ns, At safepoint: 7661 ns, Total: 117512 ns
[2024-02-09T13:34:51.358+0000][7][safepoint   ] Safepoint "Cleanup", Time since last: 6000763621 ns, Reaching safepoint: 126917 ns, At safepoint: 7010 ns, Total: 133927 ns
[2024-02-09T13:34:57.302+0000][7][gc,start    ] GC(62) Pause Young (Normal) (G1 Evacuation Pause)
[2024-02-09T13:34:57.302+0000][7][gc,task     ] GC(62) Using 8 workers of 8 for evacuation
[2024-02-09T13:34:57.302+0000][7][gc,age      ] GC(62) Desired survivor size 41943040 bytes, new threshold 15 (max threshold 15)
[2024-02-09T13:34:57.305+0000][7][gc,phases   ] GC(62)   Pre Evacuate Collection Set: 0.1ms
[2024-02-09T13:34:57.306+0000][7][gc,phases   ] GC(62)   Merge Heap Roots: 0.1ms
[2024-02-09T13:34:57.306+0000][7][gc,phases   ] GC(62)   Evacuate Collection Set: 1.8ms
[2024-02-09T13:34:57.306+0000][7][gc,phases   ] GC(62)   Post Evacuate Collection Set: 0.9ms
[2024-02-09T13:34:57.306+0000][7][gc,phases   ] GC(62)   Other: 0.1ms
[2024-02-09T13:34:57.306+0000][7][gc,age      ] GC(62) Age table with threshold 15 (max threshold 15)
[2024-02-09T13:34:57.306+0000][7][gc,age      ] GC(62) - age   1:     732152 bytes,     732152 total
[2024-02-09T13:34:57.306+0000][7][gc,age      ] GC(62) - age   2:      23728 bytes,     755880 total
[2024-02-09T13:34:57.306+0000][7][gc,age      ] GC(62) - age   3:      74320 bytes,     830200 total
[2024-02-09T13:34:57.306+0000][7][gc,age      ] GC(62) - age   4:     138440 bytes,     968640 total
[2024-02-09T13:34:57.306+0000][7][gc,age      ] GC(62) - age   5:     618720 bytes,    1587360 total
[2024-02-09T13:34:57.306+0000][7][gc,age      ] GC(62) - age   6:        240 bytes,    1587600 total
[2024-02-09T13:34:57.306+0000][7][gc,age      ] GC(62) - age   7:        360 bytes,    1587960 total
[2024-02-09T13:34:57.306+0000][7][gc,age      ] GC(62) - age   8:       1520 bytes,    1589480 total
[2024-02-09T13:34:57.306+0000][7][gc,age      ] GC(62) - age   9:        200 bytes,    1589680 total
[2024-02-09T13:34:57.306+0000][7][gc,age      ] GC(62) - age  10:        776 bytes,    1590456 total
[2024-02-09T13:34:57.306+0000][7][gc,age      ] GC(62) - age  11:        376 bytes,    1590832 total
[2024-02-09T13:34:57.306+0000][7][gc,age      ] GC(62) - age  12:       1304 bytes,    1592136 total
[2024-02-09T13:34:57.306+0000][7][gc,age      ] GC(62) - age  13:     236248 bytes,    1828384 total
[2024-02-09T13:34:57.306+0000][7][gc,age      ] GC(62) - age  14:       1872 bytes,    1830256 total
[2024-02-09T13:34:57.306+0000][7][gc,age      ] GC(62) - age  15:       1568 bytes,    1831824 total
[2024-02-09T13:34:57.306+0000][7][gc,heap     ] GC(62) Eden regions: 152->0(152)
[2024-02-09T13:34:57.306+0000][7][gc,heap     ] GC(62) Survivor regions: 1->1(20)
[2024-02-09T13:34:57.306+0000][7][gc,heap     ] GC(62) Old regions: 23->23
[2024-02-09T13:34:57.306+0000][7][gc,heap     ] GC(62) Archive regions: 2->2
[2024-02-09T13:34:57.306+0000][7][gc,heap     ] GC(62) Humongous regions: 0->0
[2024-02-09T13:34:57.306+0000][7][gc,metaspace] GC(62) Metaspace: 128663K(132352K)->128663K(132352K) NonClass: 111756K(113664K)->111756K(113664K) Class: 16906K(18688K)->16906K(18688K)
[2024-02-09T13:34:57.306+0000][7][gc          ] GC(62) Pause Young (Normal) (G1 Evacuation Pause) 703M->94M(1024M) 3.394ms
[2024-02-09T13:34:57.306+0000][7][gc,cpu      ] GC(62) User=0.02s Sys=0.01s Real=0.00s
[2024-02-09T13:34:57.306+0000][7][safepoint   ] Safepoint "G1CollectForAllocation", Time since last: 5944343845 ns, Reaching safepoint: 90151 ns, At safepoint: 3495994 ns, Total: 3586145 ns
[2024-02-09T13:35:16.309+0000][7][safepoint   ] Safepoint "Cleanup", Time since last: 19003194677 ns, Reaching safepoint: 84834 ns, At safepoint: 7515 ns, Total: 92349 ns
[2024-02-09T13:35:40.313+0000][7][safepoint   ] Safepoint "Cleanup", Time since last: 24003789826 ns, Reaching safepoint: 79651 ns, At safepoint: 6171 ns, Total: 85822 ns
[2024-02-09T13:36:10.318+0000][7][safepoint   ] Safepoint "Cleanup", Time since last: 30004496278 ns, Reaching safepoint: 98537 ns, At safepoint: 12034 ns, Total: 110571 ns
[2024-02-09T13:37:39.331+0000][7][safepoint   ] Safepoint "Cleanup", Time since last: 89013220806 ns, Reaching safepoint: 77593 ns, At safepoint: 8816 ns, Total: 86409 ns
[2024-02-09T13:38:15.337+0000][7][safepoint   ] Safepoint "Cleanup", Time since last: 36005737797 ns, Reaching safepoint: 109893 ns, At safepoint: 35806 ns, Total: 145699 ns
[2024-02-09T13:38:16.337+0000][7][safepoint   ] Safepoint "Cleanup", Time since last: 1000145250 ns, Reaching safepoint: 78451 ns, At safepoint: 11506 ns, Total: 89957 ns
[2024-02-09T13:38:30.236+0000][7][gc,start    ] GC(63) Pause Young (Normal) (G1 Evacuation Pause)
[2024-02-09T13:38:30.236+0000][7][gc,task     ] GC(63) Using 8 workers of 8 for evacuation
[2024-02-09T13:38:30.236+0000][7][gc,age      ] GC(63) Desired survivor size 41943040 bytes, new threshold 15 (max threshold 15)
[2024-02-09T13:38:30.239+0000][7][gc,phases   ] GC(63)   Pre Evacuate Collection Set: 0.1ms
[2024-02-09T13:38:30.239+0000][7][gc,phases   ] GC(63)   Merge Heap Roots: 0.1ms
[2024-02-09T13:38:30.239+0000][7][gc,phases   ] GC(63)   Evacuate Collection Set: 2.0ms
[2024-02-09T13:38:30.239+0000][7][gc,phases   ] GC(63)   Post Evacuate Collection Set: 0.8ms
[2024-02-09T13:38:30.239+0000][7][gc,phases   ] GC(63)   Other: 0.1ms
[2024-02-09T13:38:30.239+0000][7][gc,age      ] GC(63) Age table with threshold 15 (max threshold 15)
[2024-02-09T13:38:30.239+0000][7][gc,age      ] GC(63) - age   1:    1597560 bytes,    1597560 total
[2024-02-09T13:38:30.239+0000][7][gc,age      ] GC(63) - age   2:      19368 bytes,    1616928 total
[2024-02-09T13:38:30.239+0000][7][gc,age      ] GC(63) - age   3:      21360 bytes,    1638288 total
[2024-02-09T13:38:30.239+0000][7][gc,age      ] GC(63) - age   4:      65616 bytes,    1703904 total
[2024-02-09T13:38:30.239+0000][7][gc,age      ] GC(63) - age   5:     138256 bytes,    1842160 total
[2024-02-09T13:38:30.239+0000][7][gc,age      ] GC(63) - age   6:     544456 bytes,    2386616 total
[2024-02-09T13:38:30.239+0000][7][gc,age      ] GC(63) - age   7:         56 bytes,    2386672 total
[2024-02-09T13:38:30.239+0000][7][gc,age      ] GC(63) - age   8:        360 bytes,    2387032 total
[2024-02-09T13:38:30.239+0000][7][gc,age      ] GC(63) - age   9:       1520 bytes,    2388552 total
[2024-02-09T13:38:30.239+0000][7][gc,age      ] GC(63) - age  10:        200 bytes,    2388752 total
[2024-02-09T13:38:30.239+0000][7][gc,age      ] GC(63) - age  11:        776 bytes,    2389528 total
[2024-02-09T13:38:30.239+0000][7][gc,age      ] GC(63) - age  12:        376 bytes,    2389904 total
[2024-02-09T13:38:30.239+0000][7][gc,age      ] GC(63) - age  13:       1304 bytes,    2391208 total
[2024-02-09T13:38:30.239+0000][7][gc,age      ] GC(63) - age  14:     236248 bytes,    2627456 total
[2024-02-09T13:38:30.239+0000][7][gc,age      ] GC(63) - age  15:       1872 bytes,    2629328 total
[2024-02-09T13:38:30.239+0000][7][gc,heap     ] GC(63) Eden regions: 152->0(152)
[2024-02-09T13:38:30.239+0000][7][gc,heap     ] GC(63) Survivor regions: 1->1(20)
[2024-02-09T13:38:30.239+0000][7][gc,heap     ] GC(63) Old regions: 23->23
[2024-02-09T13:38:30.239+0000][7][gc,heap     ] GC(63) Archive regions: 2->2
[2024-02-09T13:38:30.239+0000][7][gc,heap     ] GC(63) Humongous regions: 0->0
[2024-02-09T13:38:30.239+0000][7][gc,metaspace] GC(63) Metaspace: 128673K(132352K)->128673K(132352K) NonClass: 111766K(113664K)->111766K(113664K) Class: 16906K(18688K)->16906K(18688K)
[2024-02-09T13:38:30.239+0000][7][gc          ] GC(63) Pause Young (Normal) (G1 Evacuation Pause) 702M->94M(1024M) 3.505ms
[2024-02-09T13:38:30.239+0000][7][gc,cpu      ] GC(63) User=0.02s Sys=0.00s Real=0.00s
[2024-02-09T13:38:30.239+0000][7][safepoint   ] Safepoint "G1CollectForAllocation", Time since last: 13898730996 ns, Reaching safepoint: 66575 ns, At safepoint: 3608571 ns, Total: 3675146 ns
[2024-02-09T13:38:46.242+0000][7][safepoint   ] Safepoint "Cleanup", Time since last: 16001983014 ns, Reaching safepoint: 86249 ns, At safepoint: 8652 ns, Total: 94901 ns
[2024-02-09T13:38:48.242+0000][7][safepoint   ] Safepoint "Cleanup", Time since last: 2000401172 ns, Reaching safepoint: 93582 ns, At safepoint: 10616 ns, Total: 104198 ns
[2024-02-09T13:39:10.246+0000][7][safepoint   ] Safepoint "Cleanup", Time since last: 22003397248 ns, Reaching safepoint: 85565 ns, At safepoint: 39729 ns, Total: 125294 ns
[2024-02-09T13:40:09.253+0000][7][safepoint   ] Safepoint "Cleanup", Time since last: 59007572515 ns, Reaching safepoint: 64799 ns, At safepoint: 20080 ns, Total: 84879 ns
[2024-02-09T13:41:03.261+0000][7][safepoint   ] Safepoint "Cleanup", Time since last: 54007444146 ns, Reaching safepoint: 141183 ns, At safepoint: 16954 ns, Total: 158137 ns
[2024-02-09T13:41:52.268+0000][7][safepoint   ] Safepoint "Cleanup", Time since last: 49006623794 ns, Reaching safepoint: 95685 ns, At safepoint: 10227 ns, Total: 105912 ns
[2024-02-09T13:41:54.239+0000][7][gc,start    ] GC(64) Pause Young (Normal) (G1 Evacuation Pause)
[2024-02-09T13:41:54.239+0000][7][gc,task     ] GC(64) Using 8 workers of 8 for evacuation
[2024-02-09T13:41:54.239+0000][7][gc,age      ] GC(64) Desired survivor size 41943040 bytes, new threshold 15 (max threshold 15)
[2024-02-09T13:41:54.242+0000][7][gc,phases   ] GC(64)   Pre Evacuate Collection Set: 0.2ms
[2024-02-09T13:41:54.242+0000][7][gc,phases   ] GC(64)   Merge Heap Roots: 0.1ms
[2024-02-09T13:41:54.242+0000][7][gc,phases   ] GC(64)   Evacuate Collection Set: 1.5ms
[2024-02-09T13:41:54.242+0000][7][gc,phases   ] GC(64)   Post Evacuate Collection Set: 1.0ms
[2024-02-09T13:41:54.242+0000][7][gc,phases   ] GC(64)   Other: 0.2ms
[2024-02-09T13:41:54.242+0000][7][gc,age      ] GC(64) Age table with threshold 15 (max threshold 15)
[2024-02-09T13:41:54.242+0000][7][gc,age      ] GC(64) - age   1:     604736 bytes,     604736 total
[2024-02-09T13:41:54.242+0000][7][gc,age      ] GC(64) - age   2:       4568 bytes,     609304 total
[2024-02-09T13:41:54.242+0000][7][gc,age      ] GC(64) - age   3:      17672 bytes,     626976 total
[2024-02-09T13:41:54.242+0000][7][gc,age      ] GC(64) - age   4:      17712 bytes,     644688 total
[2024-02-09T13:41:54.242+0000][7][gc,age      ] GC(64) - age   5:      65616 bytes,     710304 total
[2024-02-09T13:41:54.242+0000][7][gc,age      ] GC(64) - age   6:     138256 bytes,     848560 total
[2024-02-09T13:41:54.242+0000][7][gc,age      ] GC(64) - age   7:     544456 bytes,    1393016 total
[2024-02-09T13:41:54.242+0000][7][gc,age      ] GC(64) - age   8:         56 bytes,    1393072 total
[2024-02-09T13:41:54.242+0000][7][gc,age      ] GC(64) - age   9:        360 bytes,    1393432 total
[2024-02-09T13:41:54.242+0000][7][gc,age      ] GC(64) - age  10:       1520 bytes,    1394952 total
[2024-02-09T13:41:54.242+0000][7][gc,age      ] GC(64) - age  11:        200 bytes,    1395152 total
[2024-02-09T13:41:54.242+0000][7][gc,age      ] GC(64) - age  12:        776 bytes,    1395928 total
[2024-02-09T13:41:54.242+0000][7][gc,age      ] GC(64) - age  13:        376 bytes,    1396304 total
[2024-02-09T13:41:54.242+0000][7][gc,age      ] GC(64) - age  14:       1304 bytes,    1397608 total
[2024-02-09T13:41:54.242+0000][7][gc,age      ] GC(64) - age  15:     236248 bytes,    1633856 total
[2024-02-09T13:41:54.242+0000][7][gc,heap     ] GC(64) Eden regions: 152->0(152)
[2024-02-09T13:41:54.242+0000][7][gc,heap     ] GC(64) Survivor regions: 1->1(20)
[2024-02-09T13:41:54.242+0000][7][gc,heap     ] GC(64) Old regions: 23->23
[2024-02-09T13:41:54.242+0000][7][gc,heap     ] GC(64) Archive regions: 2->2
[2024-02-09T13:41:54.242+0000][7][gc,heap     ] GC(64) Humongous regions: 0->0
[2024-02-09T13:41:54.242+0000][7][gc,metaspace] GC(64) Metaspace: 128680K(132416K)->128680K(132416K) NonClass: 111773K(113728K)->111773K(113728K) Class: 16906K(18688K)->16906K(18688K)
[2024-02-09T13:41:54.242+0000][7][gc          ] GC(64) Pause Young (Normal) (G1 Evacuation Pause) 702M->93M(1024M) 3.266ms
[2024-02-09T13:41:54.242+0000][7][gc,cpu      ] GC(64) User=0.02s Sys=0.00s Real=0.01s
[2024-02-09T13:41:54.242+0000][7][safepoint   ] Safepoint "G1CollectForAllocation", Time since last: 1971229701 ns, Reaching safepoint: 99853 ns, At safepoint: 3368200 ns, Total: 3468053 ns
[2024-02-09T13:42:16.246+0000][7][safepoint   ] Safepoint "Cleanup", Time since last: 22003234270 ns, Reaching safepoint: 82934 ns, At safepoint: 8659 ns, Total: 91593 ns
[2024-02-09T13:42:46.249+0000][7][safepoint   ] Safepoint "Cleanup", Time since last: 30003582497 ns, Reaching safepoint: 214980 ns, At safepoint: 16346 ns, Total: 231326 ns
[2024-02-09T13:43:16.253+0000][7][safepoint   ] Safepoint "Cleanup", Time since last: 30003865988 ns, Reaching safepoint: 109393 ns, At safepoint: 6716 ns, Total: 116109 ns
[2024-02-09T13:43:46.257+0000][7][safepoint   ] Safepoint "Cleanup", Time since last: 30003813595 ns, Reaching safepoint: 126147 ns, At safepoint: 10838 ns, Total: 136985 ns
[2024-02-09T13:43:59.259+0000][7][safepoint   ] Safepoint "Cleanup", Time since last: 13001603869 ns, Reaching safepoint: 66452 ns, At safepoint: 36629 ns, Total: 103081 ns
[2024-02-09T13:44:48.266+0000][7][safepoint   ] Safepoint "Cleanup", Time since last: 49006620742 ns, Reaching safepoint: 131559 ns, At safepoint: 14308 ns, Total: 145867 ns
[2024-02-09T13:45:16.270+0000][7][safepoint   ] Safepoint "Cleanup", Time since last: 28004329051 ns, Reaching safepoint: 247603 ns, At safepoint: 14356 ns, Total: 261959 ns
[2024-02-09T13:45:24.244+0000][7][gc,start    ] GC(65) Pause Young (Normal) (G1 Evacuation Pause)
[2024-02-09T13:45:24.244+0000][7][gc,task     ] GC(65) Using 8 workers of 8 for evacuation
[2024-02-09T13:45:24.244+0000][7][gc,age      ] GC(65) Desired survivor size 41943040 bytes, new threshold 15 (max threshold 15)
[2024-02-09T13:45:24.251+0000][7][gc,phases   ] GC(65)   Pre Evacuate Collection Set: 0.2ms
[2024-02-09T13:45:24.251+0000][7][gc,phases   ] GC(65)   Merge Heap Roots: 0.1ms
[2024-02-09T13:45:24.251+0000][7][gc,phases   ] GC(65)   Evacuate Collection Set: 5.7ms
[2024-02-09T13:45:24.251+0000][7][gc,phases   ] GC(65)   Post Evacuate Collection Set: 1.3ms
[2024-02-09T13:45:24.251+0000][7][gc,phases   ] GC(65)   Other: 0.2ms
[2024-02-09T13:45:24.251+0000][7][gc,age      ] GC(65) Age table with threshold 15 (max threshold 15)
[2024-02-09T13:45:24.251+0000][7][gc,age      ] GC(65) - age   1:    1248256 bytes,    1248256 total
[2024-02-09T13:45:24.251+0000][7][gc,age      ] GC(65) - age   2:      52856 bytes,    1301112 total
[2024-02-09T13:45:24.251+0000][7][gc,age      ] GC(65) - age   3:       2080 bytes,    1303192 total
[2024-02-09T13:45:24.251+0000][7][gc,age      ] GC(65) - age   4:      17608 bytes,    1320800 total
[2024-02-09T13:45:24.251+0000][7][gc,age      ] GC(65) - age   5:      17712 bytes,    1338512 total
[2024-02-09T13:45:24.251+0000][7][gc,age      ] GC(65) - age   6:      65616 bytes,    1404128 total
[2024-02-09T13:45:24.251+0000][7][gc,age      ] GC(65) - age   7:     138256 bytes,    1542384 total
[2024-02-09T13:45:24.251+0000][7][gc,age      ] GC(65) - age   8:     544360 bytes,    2086744 total
[2024-02-09T13:45:24.251+0000][7][gc,age      ] GC(65) - age   9:         56 bytes,    2086800 total
[2024-02-09T13:45:24.251+0000][7][gc,age      ] GC(65) - age  10:        328 bytes,    2087128 total
[2024-02-09T13:45:24.251+0000][7][gc,age      ] GC(65) - age  11:       1520 bytes,    2088648 total
[2024-02-09T13:45:24.251+0000][7][gc,age      ] GC(65) - age  12:        200 bytes,    2088848 total
[2024-02-09T13:45:24.251+0000][7][gc,age      ] GC(65) - age  13:        776 bytes,    2089624 total
[2024-02-09T13:45:24.251+0000][7][gc,age      ] GC(65) - age  14:        376 bytes,    2090000 total
[2024-02-09T13:45:24.251+0000][7][gc,age      ] GC(65) - age  15:       1304 bytes,    2091304 total
[2024-02-09T13:45:24.251+0000][7][gc,heap     ] GC(65) Eden regions: 152->0(152)
[2024-02-09T13:45:24.251+0000][7][gc,heap     ] GC(65) Survivor regions: 1->1(20)
[2024-02-09T13:45:24.251+0000][7][gc,heap     ] GC(65) Old regions: 23->23
[2024-02-09T13:45:24.251+0000][7][gc,heap     ] GC(65) Archive regions: 2->2
[2024-02-09T13:45:24.251+0000][7][gc,heap     ] GC(65) Humongous regions: 0->0
[2024-02-09T13:45:24.251+0000][7][gc,metaspace] GC(65) Metaspace: 128684K(132416K)->128684K(132416K) NonClass: 111777K(113728K)->111777K(113728K) Class: 16906K(18688K)->16906K(18688K)
[2024-02-09T13:45:24.252+0000][7][gc          ] GC(65) Pause Young (Normal) (G1 Evacuation Pause) 701M->94M(1024M) 7.938ms
[2024-02-09T13:45:24.252+0000][7][gc,cpu      ] GC(65) User=0.02s Sys=0.00s Real=0.01s
[2024-02-09T13:45:24.252+0000][7][safepoint   ] Safepoint "G1CollectForAllocation", Time since last: 7973070740 ns, Reaching safepoint: 121639 ns, At safepoint: 8062353 ns, Total: 8183992 ns
[2024-02-09T13:46:16.258+0000][7][safepoint   ] Safepoint "Cleanup", Time since last: 52006401138 ns, Reaching safepoint: 84172 ns, At safepoint: 7770 ns, Total: 91942 ns
[2024-02-09T13:47:16.267+0000][7][safepoint   ] Safepoint "Cleanup", Time since last: 60008342707 ns, Reaching safepoint: 94361 ns, At safepoint: 7539 ns, Total: 101900 ns
[2024-02-09T13:48:57.352+0000][7][gc,start    ] GC(66) Pause Young (Normal) (G1 Evacuation Pause)
[2024-02-09T13:48:57.352+0000][7][gc,task     ] GC(66) Using 8 workers of 8 for evacuation
[2024-02-09T13:48:57.352+0000][7][gc,age      ] GC(66) Desired survivor size 41943040 bytes, new threshold 15 (max threshold 15)
[2024-02-09T13:48:57.356+0000][7][gc,phases   ] GC(66)   Pre Evacuate Collection Set: 0.1ms
[2024-02-09T13:48:57.356+0000][7][gc,phases   ] GC(66)   Merge Heap Roots: 0.1ms
[2024-02-09T13:48:57.356+0000][7][gc,phases   ] GC(66)   Evacuate Collection Set: 2.0ms
[2024-02-09T13:48:57.356+0000][7][gc,phases   ] GC(66)   Post Evacuate Collection Set: 1.0ms
[2024-02-09T13:48:57.356+0000][7][gc,phases   ] GC(66)   Other: 0.1ms
[2024-02-09T13:48:57.356+0000][7][gc,age      ] GC(66) Age table with threshold 15 (max threshold 15)
[2024-02-09T13:48:57.356+0000][7][gc,age      ] GC(66) - age   1:    1245552 bytes,    1245552 total
[2024-02-09T13:48:57.356+0000][7][gc,age      ] GC(66) - age   2:       3720 bytes,    1249272 total
[2024-02-09T13:48:57.356+0000][7][gc,age      ] GC(66) - age   3:      43328 bytes,    1292600 total
[2024-02-09T13:48:57.356+0000][7][gc,age      ] GC(66) - age   4:       1240 bytes,    1293840 total
[2024-02-09T13:48:57.356+0000][7][gc,age      ] GC(66) - age   5:      17608 bytes,    1311448 total
[2024-02-09T13:48:57.356+0000][7][gc,age      ] GC(66) - age   6:      17328 bytes,    1328776 total
[2024-02-09T13:48:57.356+0000][7][gc,age      ] GC(66) - age   7:      65584 bytes,    1394360 total
[2024-02-09T13:48:57.356+0000][7][gc,age      ] GC(66) - age   8:     138256 bytes,    1532616 total
[2024-02-09T13:48:57.356+0000][7][gc,age      ] GC(66) - age   9:     544360 bytes,    2076976 total
[2024-02-09T13:48:57.356+0000][7][gc,age      ] GC(66) - age  10:         56 bytes,    2077032 total
[2024-02-09T13:48:57.356+0000][7][gc,age      ] GC(66) - age  11:        328 bytes,    2077360 total
[2024-02-09T13:48:57.356+0000][7][gc,age      ] GC(66) - age  12:       1336 bytes,    2078696 total
[2024-02-09T13:48:57.356+0000][7][gc,age      ] GC(66) - age  13:        200 bytes,    2078896 total
[2024-02-09T13:48:57.356+0000][7][gc,age      ] GC(66) - age  14:        776 bytes,    2079672 total
[2024-02-09T13:48:57.356+0000][7][gc,age      ] GC(66) - age  15:        376 bytes,    2080048 total
[2024-02-09T13:48:57.356+0000][7][gc,heap     ] GC(66) Eden regions: 152->0(152)
[2024-02-09T13:48:57.356+0000][7][gc,heap     ] GC(66) Survivor regions: 1->1(20)
[2024-02-09T13:48:57.356+0000][7][gc,heap     ] GC(66) Old regions: 23->23
[2024-02-09T13:48:57.356+0000][7][gc,heap     ] GC(66) Archive regions: 2->2
[2024-02-09T13:48:57.356+0000][7][gc,heap     ] GC(66) Humongous regions: 0->0
[2024-02-09T13:48:57.356+0000][7][gc,metaspace] GC(66) Metaspace: 128688K(132416K)->128688K(132416K) NonClass: 111781K(113728K)->111781K(113728K) Class: 16906K(18688K)->16906K(18688K)
[2024-02-09T13:48:57.356+0000][7][gc          ] GC(66) Pause Young (Normal) (G1 Evacuation Pause) 702M->94M(1024M) 3.657ms
[2024-02-09T13:48:57.356+0000][7][gc,cpu      ] GC(66) User=0.02s Sys=0.00s Real=0.00s
[2024-02-09T13:48:57.356+0000][7][safepoint   ] Safepoint "G1CollectForAllocation", Time since last: 101085504260 ns, Reaching safepoint: 111677 ns, At safepoint: 3768229 ns, Total: 3879906 ns
[2024-02-09T13:49:27.360+0000][7][safepoint   ] Safepoint "Cleanup", Time since last: 30004268593 ns, Reaching safepoint: 113006 ns, At safepoint: 12815 ns, Total: 125821 ns
[2024-02-09T13:50:36.369+0000][7][safepoint   ] Safepoint "Cleanup", Time since last: 69008718098 ns, Reaching safepoint: 126934 ns, At safepoint: 15582 ns, Total: 142516 ns
[2024-02-09T13:51:15.374+0000][7][safepoint   ] Safepoint "Cleanup", Time since last: 39004479338 ns, Reaching safepoint: 122537 ns, At safepoint: 22706 ns, Total: 145243 ns
[2024-02-09T13:52:16.382+0000][7][safepoint   ] Safepoint "Cleanup", Time since last: 61008306654 ns, Reaching safepoint: 137891 ns, At safepoint: 12775 ns, Total: 150666 ns
[2024-02-09T13:52:27.292+0000][7][gc,start    ] GC(67) Pause Young (Normal) (G1 Evacuation Pause)
[2024-02-09T13:52:27.292+0000][7][gc,task     ] GC(67) Using 8 workers of 8 for evacuation
[2024-02-09T13:52:27.292+0000][7][gc,age      ] GC(67) Desired survivor size 41943040 bytes, new threshold 15 (max threshold 15)
[2024-02-09T13:52:27.296+0000][7][gc,phases   ] GC(67)   Pre Evacuate Collection Set: 0.1ms
[2024-02-09T13:52:27.296+0000][7][gc,phases   ] GC(67)   Merge Heap Roots: 0.1ms
[2024-02-09T13:52:27.296+0000][7][gc,phases   ] GC(67)   Evacuate Collection Set: 2.3ms
[2024-02-09T13:52:27.296+0000][7][gc,phases   ] GC(67)   Post Evacuate Collection Set: 0.9ms
[2024-02-09T13:52:27.296+0000][7][gc,phases   ] GC(67)   Other: 0.1ms
[2024-02-09T13:52:27.296+0000][7][gc,age      ] GC(67) Age table with threshold 15 (max threshold 15)
[2024-02-09T13:52:27.296+0000][7][gc,age      ] GC(67) - age   1:    1776768 bytes,    1776768 total
[2024-02-09T13:52:27.296+0000][7][gc,age      ] GC(67) - age   2:       3752 bytes,    1780520 total
[2024-02-09T13:52:27.296+0000][7][gc,age      ] GC(67) - age   3:        992 bytes,    1781512 total
[2024-02-09T13:52:27.296+0000][7][gc,age      ] GC(67) - age   4:      39512 bytes,    1821024 total
[2024-02-09T13:52:27.296+0000][7][gc,age      ] GC(67) - age   5:        848 bytes,    1821872 total
[2024-02-09T13:52:27.296+0000][7][gc,age      ] GC(67) - age   6:      17424 bytes,    1839296 total
[2024-02-09T13:52:27.296+0000][7][gc,age      ] GC(67) - age   7:        840 bytes,    1840136 total
[2024-02-09T13:52:27.296+0000][7][gc,age      ] GC(67) - age   8:       8584 bytes,    1848720 total
[2024-02-09T13:52:27.296+0000][7][gc,age      ] GC(67) - age   9:      28392 bytes,    1877112 total
[2024-02-09T13:52:27.296+0000][7][gc,age      ] GC(67) - age  10:     543712 bytes,    2420824 total
[2024-02-09T13:52:27.296+0000][7][gc,age      ] GC(67) - age  11:         56 bytes,    2420880 total
[2024-02-09T13:52:27.296+0000][7][gc,age      ] GC(67) - age  12:        328 bytes,    2421208 total
[2024-02-09T13:52:27.296+0000][7][gc,age      ] GC(67) - age  13:       1336 bytes,    2422544 total
[2024-02-09T13:52:27.296+0000][7][gc,age      ] GC(67) - age  14:        200 bytes,    2422744 total
[2024-02-09T13:52:27.296+0000][7][gc,age      ] GC(67) - age  15:        776 bytes,    2423520 total
[2024-02-09T13:52:27.296+0000][7][gc,heap     ] GC(67) Eden regions: 152->0(152)
[2024-02-09T13:52:27.296+0000][7][gc,heap     ] GC(67) Survivor regions: 1->1(20)
[2024-02-09T13:52:27.296+0000][7][gc,heap     ] GC(67) Old regions: 23->23
[2024-02-09T13:52:27.296+0000][7][gc,heap     ] GC(67) Archive regions: 2->2
[2024-02-09T13:52:27.296+0000][7][gc,heap     ] GC(67) Humongous regions: 0->0
[2024-02-09T13:52:27.296+0000][7][gc,metaspace] GC(67) Metaspace: 128689K(132416K)->128689K(132416K) NonClass: 111782K(113728K)->111782K(113728K) Class: 16906K(18688K)->16906K(18688K)
[2024-02-09T13:52:27.296+0000][7][gc          ] GC(67) Pause Young (Normal) (G1 Evacuation Pause) 702M->94M(1024M) 3.902ms
[2024-02-09T13:52:27.296+0000][7][gc,cpu      ] GC(67) User=0.02s Sys=0.00s Real=0.00s
[2024-02-09T13:52:27.296+0000][7][safepoint   ] Safepoint "G1CollectForAllocation", Time since last: 10909760666 ns, Reaching safepoint: 76000 ns, At safepoint: 4008111 ns, Total: 4084111 ns
[2024-02-09T13:52:40.298+0000][7][safepoint   ] Safepoint "Cleanup", Time since last: 13001481925 ns, Reaching safepoint: 79791 ns, At safepoint: 45906 ns, Total: 125697 ns
[2024-02-09T13:53:08.006+0000][7][safepoint   ] Safepoint "Cleanup", Time since last: 27003833603 ns, Reaching safepoint: 82099 ns, At safepoint: 46875 ns, Total: 128974 ns
[2024-02-09T13:53:20.009+0000][7][safepoint   ] Safepoint "Cleanup", Time since last: 12002078271 ns, Reaching safepoint: 87145 ns, At safepoint: 8807 ns, Total: 95952 ns
[2024-02-09T13:53:37.012+0000][7][safepoint   ] Safepoint "Cleanup", Time since last: 17002706153 ns, Reaching safepoint: 180177 ns, At safepoint: 23067 ns, Total: 203244 ns
[2024-02-09T13:54:13.017+0000][7][safepoint   ] Safepoint "Cleanup", Time since last: 36005747698 ns, Reaching safepoint: 153719 ns, At safepoint: 13902 ns, Total: 167621 ns
[2024-02-09T13:54:17.018+0000][7][safepoint   ] Safepoint "Cleanup", Time since last: 4000658141 ns, Reaching safepoint: 131831 ns, At safepoint: 7572 ns, Total: 139403 ns
[2024-02-09T13:55:10.071+0000][7][gc,start    ] GC(68) Pause Young (Normal) (G1 Evacuation Pause)
[2024-02-09T13:55:10.071+0000][7][gc,task     ] GC(68) Using 8 workers of 8 for evacuation
[2024-02-09T13:55:10.071+0000][7][gc,age      ] GC(68) Desired survivor size 41943040 bytes, new threshold 15 (max threshold 15)
[2024-02-09T13:55:10.073+0000][7][gc,phases   ] GC(68)   Pre Evacuate Collection Set: 0.1ms
[2024-02-09T13:55:10.074+0000][7][gc,phases   ] GC(68)   Merge Heap Roots: 0.1ms
[2024-02-09T13:55:10.074+0000][7][gc,phases   ] GC(68)   Evacuate Collection Set: 1.6ms
[2024-02-09T13:55:10.074+0000][7][gc,phases   ] GC(68)   Post Evacuate Collection Set: 0.8ms
[2024-02-09T13:55:10.074+0000][7][gc,phases   ] GC(68)   Other: 0.1ms
[2024-02-09T13:55:10.074+0000][7][gc,age      ] GC(68) Age table with threshold 15 (max threshold 15)
[2024-02-09T13:55:10.074+0000][7][gc,age      ] GC(68) - age   1:     785632 bytes,     785632 total
[2024-02-09T13:55:10.074+0000][7][gc,age      ] GC(68) - age   2:     225832 bytes,    1011464 total
[2024-02-09T13:55:10.074+0000][7][gc,age      ] GC(68) - age   3:       1568 bytes,    1013032 total
[2024-02-09T13:55:10.074+0000][7][gc,age      ] GC(68) - age   4:        992 bytes,    1014024 total
[2024-02-09T13:55:10.074+0000][7][gc,age      ] GC(68) - age   5:      39512 bytes,    1053536 total
[2024-02-09T13:55:10.074+0000][7][gc,age      ] GC(68) - age   6:        848 bytes,    1054384 total
[2024-02-09T13:55:10.074+0000][7][gc,age      ] GC(68) - age   7:      17424 bytes,    1071808 total
[2024-02-09T13:55:10.074+0000][7][gc,age      ] GC(68) - age   8:        840 bytes,    1072648 total
[2024-02-09T13:55:10.074+0000][7][gc,age      ] GC(68) - age   9:       8456 bytes,    1081104 total
[2024-02-09T13:55:10.074+0000][7][gc,age      ] GC(68) - age  10:      28264 bytes,    1109368 total
[2024-02-09T13:55:10.074+0000][7][gc,age      ] GC(68) - age  11:     543712 bytes,    1653080 total
[2024-02-09T13:55:10.074+0000][7][gc,age      ] GC(68) - age  12:         56 bytes,    1653136 total
[2024-02-09T13:55:10.074+0000][7][gc,age      ] GC(68) - age  13:        328 bytes,    1653464 total
[2024-02-09T13:55:10.074+0000][7][gc,age      ] GC(68) - age  14:       1336 bytes,    1654800 total
[2024-02-09T13:55:10.074+0000][7][gc,age      ] GC(68) - age  15:        200 bytes,    1655000 total
[2024-02-09T13:55:10.074+0000][7][gc,heap     ] GC(68) Eden regions: 152->0(152)
[2024-02-09T13:55:10.074+0000][7][gc,heap     ] GC(68) Survivor regions: 1->1(20)
[2024-02-09T13:55:10.074+0000][7][gc,heap     ] GC(68) Old regions: 23->23
[2024-02-09T13:55:10.074+0000][7][gc,heap     ] GC(68) Archive regions: 2->2
[2024-02-09T13:55:10.074+0000][7][gc,heap     ] GC(68) Humongous regions: 0->0
[2024-02-09T13:55:10.074+0000][7][gc,metaspace] GC(68) Metaspace: 128691K(132416K)->128691K(132416K) NonClass: 111784K(113728K)->111784K(113728K) Class: 16906K(18688K)->16906K(18688K)
[2024-02-09T13:55:10.074+0000][7][gc          ] GC(68) Pause Young (Normal) (G1 Evacuation Pause) 702M->94M(1024M) 3.145ms
[2024-02-09T13:55:10.074+0000][7][gc,cpu      ] GC(68) User=0.01s Sys=0.00s Real=0.01s
[2024-02-09T13:55:10.074+0000][7][safepoint   ] Safepoint "G1CollectForAllocation", Time since last: 53052233772 ns, Reaching safepoint: 71282 ns, At safepoint: 3247698 ns, Total: 3318980 ns
[2024-02-09T13:55:17.075+0000][7][safepoint   ] Safepoint "Cleanup", Time since last: 7001136887 ns, Reaching safepoint: 116975 ns, At safepoint: 11229 ns, Total: 128204 ns
[2024-02-09T13:56:17.084+0000][7][safepoint   ] Safepoint "Cleanup", Time since last: 60009224082 ns, Reaching safepoint: 77304 ns, At safepoint: 4955 ns, Total: 82259 ns
[2024-02-09T13:57:17.093+0000][7][safepoint   ] Safepoint "Cleanup", Time since last: 60008459302 ns, Reaching safepoint: 132187 ns, At safepoint: 29644 ns, Total: 161831 ns
[2024-02-09T13:57:22.094+0000][7][safepoint   ] Safepoint "Cleanup", Time since last: 5000871576 ns, Reaching safepoint: 106430 ns, At safepoint: 13540 ns, Total: 119970 ns
[2024-02-09T13:57:55.099+0000][7][gc,start    ] GC(69) Pause Young (Normal) (G1 Evacuation Pause)
[2024-02-09T13:57:55.099+0000][7][gc,task     ] GC(69) Using 8 workers of 8 for evacuation
[2024-02-09T13:57:55.099+0000][7][gc,age      ] GC(69) Desired survivor size 41943040 bytes, new threshold 15 (max threshold 15)
[2024-02-09T13:57:55.102+0000][7][gc,phases   ] GC(69)   Pre Evacuate Collection Set: 0.1ms
[2024-02-09T13:57:55.102+0000][7][gc,phases   ] GC(69)   Merge Heap Roots: 0.1ms
[2024-02-09T13:57:55.102+0000][7][gc,phases   ] GC(69)   Evacuate Collection Set: 1.7ms
[2024-02-09T13:57:55.102+0000][7][gc,phases   ] GC(69)   Post Evacuate Collection Set: 0.8ms
[2024-02-09T13:57:55.102+0000][7][gc,phases   ] GC(69)   Other: 0.1ms
[2024-02-09T13:57:55.102+0000][7][gc,age      ] GC(69) Age table with threshold 15 (max threshold 15)
[2024-02-09T13:57:55.102+0000][7][gc,age      ] GC(69) - age   1:    1137200 bytes,    1137200 total
[2024-02-09T13:57:55.102+0000][7][gc,age      ] GC(69) - age   2:      10320 bytes,    1147520 total
[2024-02-09T13:57:55.102+0000][7][gc,age      ] GC(69) - age   3:      80456 bytes,    1227976 total
[2024-02-09T13:57:55.102+0000][7][gc,age      ] GC(69) - age   4:        880 bytes,    1228856 total
[2024-02-09T13:57:55.102+0000][7][gc,age      ] GC(69) - age   5:        808 bytes,    1229664 total
[2024-02-09T13:57:55.102+0000][7][gc,age      ] GC(69) - age   6:      39512 bytes,    1269176 total
[2024-02-09T13:57:55.102+0000][7][gc,age      ] GC(69) - age   7:        816 bytes,    1269992 total
[2024-02-09T13:57:55.102+0000][7][gc,age      ] GC(69) - age   8:      17424 bytes,    1287416 total
[2024-02-09T13:57:55.102+0000][7][gc,age      ] GC(69) - age   9:        840 bytes,    1288256 total
[2024-02-09T13:57:55.102+0000][7][gc,age      ] GC(69) - age  10:       8456 bytes,    1296712 total
[2024-02-09T13:57:55.102+0000][7][gc,age      ] GC(69) - age  11:       2080 bytes,    1298792 total
[2024-02-09T13:57:55.102+0000][7][gc,age      ] GC(69) - age  12:     543712 bytes,    1842504 total
[2024-02-09T13:57:55.102+0000][7][gc,age      ] GC(69) - age  13:         56 bytes,    1842560 total
[2024-02-09T13:57:55.102+0000][7][gc,age      ] GC(69) - age  14:        328 bytes,    1842888 total
[2024-02-09T13:57:55.102+0000][7][gc,age      ] GC(69) - age  15:       1336 bytes,    1844224 total
[2024-02-09T13:57:55.102+0000][7][gc,heap     ] GC(69) Eden regions: 152->0(152)
[2024-02-09T13:57:55.102+0000][7][gc,heap     ] GC(69) Survivor regions: 1->1(20)
[2024-02-09T13:57:55.102+0000][7][gc,heap     ] GC(69) Old regions: 23->23
[2024-02-09T13:57:55.102+0000][7][gc,heap     ] GC(69) Archive regions: 2->2
[2024-02-09T13:57:55.102+0000][7][gc,heap     ] GC(69) Humongous regions: 0->0
[2024-02-09T13:57:55.102+0000][7][gc,metaspace] GC(69) Metaspace: 128694K(132416K)->128694K(132416K) NonClass: 111787K(113728K)->111787K(113728K) Class: 16906K(18688K)->16906K(18688K)
[2024-02-09T13:57:55.102+0000][7][gc          ] GC(69) Pause Young (Normal) (G1 Evacuation Pause) 702M->94M(1024M) 3.269ms
[2024-02-09T13:57:55.102+0000][7][gc,cpu      ] GC(69) User=0.01s Sys=0.00s Real=0.00s
[2024-02-09T13:57:55.102+0000][7][safepoint   ] Safepoint "G1CollectForAllocation", Time since last: 33004572152 ns, Reaching safepoint: 101357 ns, At safepoint: 3370281 ns, Total: 3471638 ns
[2024-02-09T13:59:17.114+0000][7][safepoint   ] Safepoint "Cleanup", Time since last: 82012102468 ns, Reaching safepoint: 103687 ns, At safepoint: 7499 ns, Total: 111186 ns
[2024-02-09T14:00:34.034+0000][7][gc,start    ] GC(70) Pause Young (Normal) (G1 Evacuation Pause)
[2024-02-09T14:00:34.034+0000][7][gc,task     ] GC(70) Using 8 workers of 8 for evacuation
[2024-02-09T14:00:34.034+0000][7][gc,age      ] GC(70) Desired survivor size 41943040 bytes, new threshold 15 (max threshold 15)
[2024-02-09T14:00:34.037+0000][7][gc,phases   ] GC(70)   Pre Evacuate Collection Set: 0.2ms
[2024-02-09T14:00:34.037+0000][7][gc,phases   ] GC(70)   Merge Heap Roots: 0.1ms
[2024-02-09T14:00:34.037+0000][7][gc,phases   ] GC(70)   Evacuate Collection Set: 1.4ms
[2024-02-09T14:00:34.037+0000][7][gc,phases   ] GC(70)   Post Evacuate Collection Set: 0.8ms
[2024-02-09T14:00:34.037+0000][7][gc,phases   ] GC(70)   Other: 0.1ms
[2024-02-09T14:00:34.037+0000][7][gc,age      ] GC(70) Age table with threshold 15 (max threshold 15)
[2024-02-09T14:00:34.037+0000][7][gc,age      ] GC(70) - age   1:     592928 bytes,     592928 total
[2024-02-09T14:00:34.037+0000][7][gc,age      ] GC(70) - age   2:     162000 bytes,     754928 total
[2024-02-09T14:00:34.037+0000][7][gc,age      ] GC(70) - age   3:       8880 bytes,     763808 total
[2024-02-09T14:00:34.037+0000][7][gc,age      ] GC(70) - age   4:      76488 bytes,     840296 total
[2024-02-09T14:00:34.037+0000][7][gc,age      ] GC(70) - age   5:        696 bytes,     840992 total
[2024-02-09T14:00:34.037+0000][7][gc,age      ] GC(70) - age   6:        776 bytes,     841768 total
[2024-02-09T14:00:34.037+0000][7][gc,age      ] GC(70) - age   7:      39512 bytes,     881280 total
[2024-02-09T14:00:34.037+0000][7][gc,age      ] GC(70) - age   8:        816 bytes,     882096 total
[2024-02-09T14:00:34.037+0000][7][gc,age      ] GC(70) - age   9:      17240 bytes,     899336 total
[2024-02-09T14:00:34.037+0000][7][gc,age      ] GC(70) - age  10:        840 bytes,     900176 total
[2024-02-09T14:00:34.037+0000][7][gc,age      ] GC(70) - age  11:       8456 bytes,     908632 total
[2024-02-09T14:00:34.037+0000][7][gc,age      ] GC(70) - age  12:       2080 bytes,     910712 total
[2024-02-09T14:00:34.037+0000][7][gc,age      ] GC(70) - age  13:     543712 bytes,    1454424 total
[2024-02-09T14:00:34.037+0000][7][gc,age      ] GC(70) - age  14:         56 bytes,    1454480 total
[2024-02-09T14:00:34.037+0000][7][gc,age      ] GC(70) - age  15:        328 bytes,    1454808 total
[2024-02-09T14:00:34.037+0000][7][gc,heap     ] GC(70) Eden regions: 152->0(152)
[2024-02-09T14:00:34.037+0000][7][gc,heap     ] GC(70) Survivor regions: 1->1(20)
[2024-02-09T14:00:34.037+0000][7][gc,heap     ] GC(70) Old regions: 23->23
[2024-02-09T14:00:34.037+0000][7][gc,heap     ] GC(70) Archive regions: 2->2
[2024-02-09T14:00:34.037+0000][7][gc,heap     ] GC(70) Humongous regions: 0->0
[2024-02-09T14:00:34.037+0000][7][gc,metaspace] GC(70) Metaspace: 128703K(132416K)->128703K(132416K) NonClass: 111796K(113728K)->111796K(113728K) Class: 16906K(18688K)->16906K(18688K)
[2024-02-09T14:00:34.037+0000][7][gc          ] GC(70) Pause Young (Normal) (G1 Evacuation Pause) 702M->94M(1024M) 2.897ms
[2024-02-09T14:00:34.037+0000][7][gc,cpu      ] GC(70) User=0.01s Sys=0.00s Real=0.00s
[2024-02-09T14:00:34.037+0000][7][safepoint   ] Safepoint "G1CollectForAllocation", Time since last: 76919997758 ns, Reaching safepoint: 62193 ns, At safepoint: 2992317 ns, Total: 3054510 ns
[2024-02-09T14:00:41.038+0000][7][safepoint   ] Safepoint "Cleanup", Time since last: 7000897555 ns, Reaching safepoint: 82130 ns, At safepoint: 12012 ns, Total: 94142 ns
[2024-02-09T14:01:17.043+0000][7][safepoint   ] Safepoint "Cleanup", Time since last: 36004825379 ns, Reaching safepoint: 135454 ns, At safepoint: 10573 ns, Total: 146027 ns
[2024-02-09T14:02:11.051+0000][7][safepoint   ] Safepoint "Cleanup", Time since last: 54007984876 ns, Reaching safepoint: 188909 ns, At safepoint: 10808 ns, Total: 199717 ns
[2024-02-09T14:02:17.052+0000][7][safepoint   ] Safepoint "Cleanup", Time since last: 6000829636 ns, Reaching safepoint: 119746 ns, At safepoint: 7381 ns, Total: 127127 ns
[2024-02-09T14:02:43.056+0000][7][safepoint   ] Safepoint "Cleanup", Time since last: 26003798173 ns, Reaching safepoint: 155202 ns, At safepoint: 14681 ns, Total: 169883 ns
[2024-02-09T14:03:17.061+0000][7][safepoint   ] Safepoint "Cleanup", Time since last: 34004949390 ns, Reaching safepoint: 110678 ns, At safepoint: 7640 ns, Total: 118318 ns
[2024-02-09T14:03:22.056+0000][7][gc,start    ] GC(71) Pause Young (Normal) (G1 Evacuation Pause)
[2024-02-09T14:03:22.056+0000][7][gc,task     ] GC(71) Using 8 workers of 8 for evacuation
[2024-02-09T14:03:22.056+0000][7][gc,age      ] GC(71) Desired survivor size 41943040 bytes, new threshold 15 (max threshold 15)
[2024-02-09T14:03:22.059+0000][7][gc,phases   ] GC(71)   Pre Evacuate Collection Set: 0.1ms
[2024-02-09T14:03:22.059+0000][7][gc,phases   ] GC(71)   Merge Heap Roots: 0.1ms
[2024-02-09T14:03:22.059+0000][7][gc,phases   ] GC(71)   Evacuate Collection Set: 1.7ms
[2024-02-09T14:03:22.059+0000][7][gc,phases   ] GC(71)   Post Evacuate Collection Set: 0.9ms
[2024-02-09T14:03:22.059+0000][7][gc,phases   ] GC(71)   Other: 0.1ms
[2024-02-09T14:03:22.059+0000][7][gc,age      ] GC(71) Age table with threshold 15 (max threshold 15)
[2024-02-09T14:03:22.059+0000][7][gc,age      ] GC(71) - age   1:    1131424 bytes,    1131424 total
[2024-02-09T14:03:22.059+0000][7][gc,age      ] GC(71) - age   2:      46776 bytes,    1178200 total
[2024-02-09T14:03:22.059+0000][7][gc,age      ] GC(71) - age   3:     160912 bytes,    1339112 total
[2024-02-09T14:03:22.059+0000][7][gc,age      ] GC(71) - age   4:        272 bytes,    1339384 total
[2024-02-09T14:03:22.059+0000][7][gc,age      ] GC(71) - age   5:      76488 bytes,    1415872 total
[2024-02-09T14:03:22.059+0000][7][gc,age      ] GC(71) - age   6:        696 bytes,    1416568 total
[2024-02-09T14:03:22.059+0000][7][gc,age      ] GC(71) - age   7:        592 bytes,    1417160 total
[2024-02-09T14:03:22.059+0000][7][gc,age      ] GC(71) - age   8:      39512 bytes,    1456672 total
[2024-02-09T14:03:22.059+0000][7][gc,age      ] GC(71) - age   9:        816 bytes,    1457488 total
[2024-02-09T14:03:22.059+0000][7][gc,age      ] GC(71) - age  10:      17240 bytes,    1474728 total
[2024-02-09T14:03:22.059+0000][7][gc,age      ] GC(71) - age  11:        840 bytes,    1475568 total
[2024-02-09T14:03:22.059+0000][7][gc,age      ] GC(71) - age  12:       8456 bytes,    1484024 total
[2024-02-09T14:03:22.059+0000][7][gc,age      ] GC(71) - age  13:       2080 bytes,    1486104 total
[2024-02-09T14:03:22.059+0000][7][gc,age      ] GC(71) - age  14:     543712 bytes,    2029816 total
[2024-02-09T14:03:22.059+0000][7][gc,age      ] GC(71) - age  15:         56 bytes,    2029872 total
[2024-02-09T14:03:22.059+0000][7][gc,heap     ] GC(71) Eden regions: 152->0(152)
[2024-02-09T14:03:22.059+0000][7][gc,heap     ] GC(71) Survivor regions: 1->1(20)
[2024-02-09T14:03:22.059+0000][7][gc,heap     ] GC(71) Old regions: 23->23
[2024-02-09T14:03:22.059+0000][7][gc,heap     ] GC(71) Archive regions: 2->2
[2024-02-09T14:03:22.059+0000][7][gc,heap     ] GC(71) Humongous regions: 0->0
[2024-02-09T14:03:22.059+0000][7][gc,metaspace] GC(71) Metaspace: 128739K(132416K)->128739K(132416K) NonClass: 111832K(113728K)->111832K(113728K) Class: 16906K(18688K)->16906K(18688K)
[2024-02-09T14:03:22.059+0000][7][gc          ] GC(71) Pause Young (Normal) (G1 Evacuation Pause) 702M->94M(1024M) 3.163ms
[2024-02-09T14:03:22.059+0000][7][gc,cpu      ] GC(71) User=0.02s Sys=0.00s Real=0.00s
[2024-02-09T14:03:22.059+0000][7][safepoint   ] Safepoint "G1CollectForAllocation", Time since last: 4994430944 ns, Reaching safepoint: 61724 ns, At safepoint: 3264558 ns, Total: 3326282 ns
[2024-02-09T14:03:34.061+0000][7][safepoint   ] Safepoint "Cleanup", Time since last: 12001743973 ns, Reaching safepoint: 156849 ns, At safepoint: 7262 ns, Total: 164111 ns
[2024-02-09T14:03:49.063+0000][7][safepoint   ] Safepoint "Cleanup", Time since last: 15001906893 ns, Reaching safepoint: 73588 ns, At safepoint: 7181 ns, Total: 80769 ns
[2024-02-09T14:04:10.066+0000][7][safepoint   ] Safepoint "Cleanup", Time since last: 21002919530 ns, Reaching safepoint: 140317 ns, At safepoint: 12001 ns, Total: 152318 ns
[2024-02-09T14:05:23.076+0000][7][safepoint   ] Safepoint "Cleanup", Time since last: 73009662978 ns, Reaching safepoint: 79955 ns, At safepoint: 42660 ns, Total: 122615 ns
[2024-02-09T14:05:44.079+0000][7][safepoint   ] Safepoint "Cleanup", Time since last: 21002778672 ns, Reaching safepoint: 77451 ns, At safepoint: 10337 ns, Total: 87788 ns
[2024-02-09T14:05:58.284+0000][7][gc,start    ] GC(72) Pause Young (Normal) (G1 Evacuation Pause)
[2024-02-09T14:05:58.284+0000][7][gc,task     ] GC(72) Using 8 workers of 8 for evacuation
[2024-02-09T14:05:58.284+0000][7][gc,age      ] GC(72) Desired survivor size 41943040 bytes, new threshold 15 (max threshold 15)
[2024-02-09T14:05:58.289+0000][7][gc,phases   ] GC(72)   Pre Evacuate Collection Set: 0.1ms
[2024-02-09T14:05:58.289+0000][7][gc,phases   ] GC(72)   Merge Heap Roots: 0.1ms
[2024-02-09T14:05:58.289+0000][7][gc,phases   ] GC(72)   Evacuate Collection Set: 2.3ms
[2024-02-09T14:05:58.289+0000][7][gc,phases   ] GC(72)   Post Evacuate Collection Set: 2.0ms
[2024-02-09T14:05:58.289+0000][7][gc,phases   ] GC(72)   Other: 0.1ms
[2024-02-09T14:05:58.289+0000][7][gc,age      ] GC(72) Age table with threshold 15 (max threshold 15)
[2024-02-09T14:05:58.289+0000][7][gc,age      ] GC(72) - age   1:    1463504 bytes,    1463504 total
[2024-02-09T14:05:58.289+0000][7][gc,age      ] GC(72) - age   2:       3072 bytes,    1466576 total
[2024-02-09T14:05:58.289+0000][7][gc,age      ] GC(72) - age   3:      44960 bytes,    1511536 total
[2024-02-09T14:05:58.289+0000][7][gc,age      ] GC(72) - age   4:     160664 bytes,    1672200 total
[2024-02-09T14:05:58.289+0000][7][gc,age      ] GC(72) - age   5:        272 bytes,    1672472 total
[2024-02-09T14:05:58.289+0000][7][gc,age      ] GC(72) - age   6:      76096 bytes,    1748568 total
[2024-02-09T14:05:58.289+0000][7][gc,age      ] GC(72) - age   7:        696 bytes,    1749264 total
[2024-02-09T14:05:58.289+0000][7][gc,age      ] GC(72) - age   8:        592 bytes,    1749856 total
[2024-02-09T14:05:58.289+0000][7][gc,age      ] GC(72) - age   9:      39512 bytes,    1789368 total
[2024-02-09T14:05:58.289+0000][7][gc,age      ] GC(72) - age  10:        816 bytes,    1790184 total
[2024-02-09T14:05:58.289+0000][7][gc,age      ] GC(72) - age  11:      17240 bytes,    1807424 total
[2024-02-09T14:05:58.289+0000][7][gc,age      ] GC(72) - age  12:        840 bytes,    1808264 total
[2024-02-09T14:05:58.289+0000][7][gc,age      ] GC(72) - age  13:       8456 bytes,    1816720 total
[2024-02-09T14:05:58.289+0000][7][gc,age      ] GC(72) - age  14:       2080 bytes,    1818800 total
[2024-02-09T14:05:58.289+0000][7][gc,age      ] GC(72) - age  15:     543712 bytes,    2362512 total
[2024-02-09T14:05:58.289+0000][7][gc,heap     ] GC(72) Eden regions: 152->0(152)
[2024-02-09T14:05:58.289+0000][7][gc,heap     ] GC(72) Survivor regions: 1->1(20)
[2024-02-09T14:05:58.289+0000][7][gc,heap     ] GC(72) Old regions: 23->23
[2024-02-09T14:05:58.289+0000][7][gc,heap     ] GC(72) Archive regions: 2->2
[2024-02-09T14:05:58.289+0000][7][gc,heap     ] GC(72) Humongous regions: 0->0
[2024-02-09T14:05:58.289+0000][7][gc,metaspace] GC(72) Metaspace: 128745K(132416K)->128745K(132416K) NonClass: 111838K(113728K)->111838K(113728K) Class: 16906K(18688K)->16906K(18688K)
[2024-02-09T14:05:58.289+0000][7][gc          ] GC(72) Pause Young (Normal) (G1 Evacuation Pause) 702M->94M(1024M) 4.988ms
[2024-02-09T14:05:58.289+0000][7][gc,cpu      ] GC(72) User=0.02s Sys=0.00s Real=0.01s
[2024-02-09T14:05:58.289+0000][7][safepoint   ] Safepoint "G1CollectForAllocation", Time since last: 14205155697 ns, Reaching safepoint: 86226 ns, At safepoint: 5098960 ns, Total: 5185186 ns
[2024-02-09T14:05:59.290+0000][7][safepoint   ] Safepoint "Cleanup", Time since last: 1000222430 ns, Reaching safepoint: 83992 ns, At safepoint: 12598 ns, Total: 96590 ns
[2024-02-09T14:06:58.299+0000][7][safepoint   ] Safepoint "Cleanup", Time since last: 59009081868 ns, Reaching safepoint: 122442 ns, At safepoint: 9360 ns, Total: 131802 ns
[2024-02-09T14:07:17.302+0000][7][safepoint   ] Safepoint "Cleanup", Time since last: 19003062749 ns, Reaching safepoint: 112746 ns, At safepoint: 8826 ns, Total: 121572 ns
[2024-02-09T14:07:30.304+0000][7][safepoint   ] Safepoint "Cleanup", Time since last: 13001901024 ns, Reaching safepoint: 113141 ns, At safepoint: 8177 ns, Total: 121318 ns
[2024-02-09T14:08:40.057+0000][7][gc,start    ] GC(73) Pause Young (Normal) (G1 Evacuation Pause)
[2024-02-09T14:08:40.057+0000][7][gc,task     ] GC(73) Using 8 workers of 8 for evacuation
[2024-02-09T14:08:40.058+0000][7][gc,age      ] GC(73) Desired survivor size 41943040 bytes, new threshold 15 (max threshold 15)
[2024-02-09T14:08:40.060+0000][7][gc,phases   ] GC(73)   Pre Evacuate Collection Set: 0.1ms
[2024-02-09T14:08:40.060+0000][7][gc,phases   ] GC(73)   Merge Heap Roots: 0.1ms
[2024-02-09T14:08:40.060+0000][7][gc,phases   ] GC(73)   Evacuate Collection Set: 1.6ms
[2024-02-09T14:08:40.060+0000][7][gc,phases   ] GC(73)   Post Evacuate Collection Set: 0.9ms
[2024-02-09T14:08:40.060+0000][7][gc,phases   ] GC(73)   Other: 0.2ms
[2024-02-09T14:08:40.061+0000][7][gc,age      ] GC(73) Age table with threshold 15 (max threshold 15)
[2024-02-09T14:08:40.061+0000][7][gc,age      ] GC(73) - age   1:     527904 bytes,     527904 total
[2024-02-09T14:08:40.061+0000][7][gc,age      ] GC(73) - age   2:      11184 bytes,     539088 total
[2024-02-09T14:08:40.061+0000][7][gc,age      ] GC(73) - age   3:       1056 bytes,     540144 total
[2024-02-09T14:08:40.061+0000][7][gc,age      ] GC(73) - age   4:      44408 bytes,     584552 total
[2024-02-09T14:08:40.061+0000][7][gc,age      ] GC(73) - age   5:     159920 bytes,     744472 total
[2024-02-09T14:08:40.061+0000][7][gc,age      ] GC(73) - age   6:        272 bytes,     744744 total
[2024-02-09T14:08:40.061+0000][7][gc,age      ] GC(73) - age   7:      76096 bytes,     820840 total
[2024-02-09T14:08:40.061+0000][7][gc,age      ] GC(73) - age   8:        280 bytes,     821120 total
[2024-02-09T14:08:40.061+0000][7][gc,age      ] GC(73) - age   9:        592 bytes,     821712 total
[2024-02-09T14:08:40.061+0000][7][gc,age      ] GC(73) - age  10:      39512 bytes,     861224 total
[2024-02-09T14:08:40.061+0000][7][gc,age      ] GC(73) - age  11:        704 bytes,     861928 total
[2024-02-09T14:08:40.061+0000][7][gc,age      ] GC(73) - age  12:      17240 bytes,     879168 total
[2024-02-09T14:08:40.061+0000][7][gc,age      ] GC(73) - age  13:        840 bytes,     880008 total
[2024-02-09T14:08:40.061+0000][7][gc,age      ] GC(73) - age  14:       8456 bytes,     888464 total
[2024-02-09T14:08:40.061+0000][7][gc,age      ] GC(73) - age  15:       2080 bytes,     890544 total
[2024-02-09T14:08:40.061+0000][7][gc,heap     ] GC(73) Eden regions: 152->0(152)
[2024-02-09T14:08:40.061+0000][7][gc,heap     ] GC(73) Survivor regions: 1->1(20)
[2024-02-09T14:08:40.061+0000][7][gc,heap     ] GC(73) Old regions: 23->23
[2024-02-09T14:08:40.061+0000][7][gc,heap     ] GC(73) Archive regions: 2->2
[2024-02-09T14:08:40.061+0000][7][gc,heap     ] GC(73) Humongous regions: 0->0
[2024-02-09T14:08:40.061+0000][7][gc,metaspace] GC(73) Metaspace: 128746K(132416K)->128746K(132416K) NonClass: 111839K(113728K)->111839K(113728K) Class: 16907K(18688K)->16907K(18688K)
[2024-02-09T14:08:40.061+0000][7][gc          ] GC(73) Pause Young (Normal) (G1 Evacuation Pause) 702M->94M(1024M) 3.282ms
[2024-02-09T14:08:40.061+0000][7][gc,cpu      ] GC(73) User=0.01s Sys=0.00s Real=0.00s
[2024-02-09T14:08:40.061+0000][7][safepoint   ] Safepoint "G1CollectForAllocation", Time since last: 69753366372 ns, Reaching safepoint: 61161 ns, At safepoint: 3394242 ns, Total: 3455403 ns
[2024-02-09T14:08:53.063+0000][7][safepoint   ] Safepoint "Cleanup", Time since last: 13001885703 ns, Reaching safepoint: 93724 ns, At safepoint: 12728 ns, Total: 106452 ns
[2024-02-09T14:10:19.076+0000][7][safepoint   ] Safepoint "Cleanup", Time since last: 86012918057 ns, Reaching safepoint: 110867 ns, At safepoint: 27360 ns, Total: 138227 ns
[2024-02-09T14:11:13.083+0000][7][safepoint   ] Safepoint "Cleanup", Time since last: 54007216050 ns, Reaching safepoint: 157832 ns, At safepoint: 35628 ns, Total: 193460 ns
[2024-02-09T14:11:22.135+0000][7][gc,start    ] GC(74) Pause Young (Normal) (G1 Evacuation Pause)
[2024-02-09T14:11:22.135+0000][7][gc,task     ] GC(74) Using 8 workers of 8 for evacuation
[2024-02-09T14:11:22.135+0000][7][gc,age      ] GC(74) Desired survivor size 41943040 bytes, new threshold 15 (max threshold 15)
[2024-02-09T14:11:22.138+0000][7][gc,phases   ] GC(74)   Pre Evacuate Collection Set: 0.1ms
[2024-02-09T14:11:22.138+0000][7][gc,phases   ] GC(74)   Merge Heap Roots: 0.1ms
[2024-02-09T14:11:22.138+0000][7][gc,phases   ] GC(74)   Evacuate Collection Set: 1.7ms
[2024-02-09T14:11:22.138+0000][7][gc,phases   ] GC(74)   Post Evacuate Collection Set: 0.9ms
[2024-02-09T14:11:22.138+0000][7][gc,phases   ] GC(74)   Other: 0.1ms
[2024-02-09T14:11:22.138+0000][7][gc,age      ] GC(74) Age table with threshold 15 (max threshold 15)
[2024-02-09T14:11:22.138+0000][7][gc,age      ] GC(74) - age   1:    1049328 bytes,    1049328 total
[2024-02-09T14:11:22.138+0000][7][gc,age      ] GC(74) - age   2:       3472 bytes,    1052800 total
[2024-02-09T14:11:22.138+0000][7][gc,age      ] GC(74) - age   3:        904 bytes,    1053704 total
[2024-02-09T14:11:22.138+0000][7][gc,age      ] GC(74) - age   4:        864 bytes,    1054568 total
[2024-02-09T14:11:22.138+0000][7][gc,age      ] GC(74) - age   5:      40512 bytes,    1095080 total
[2024-02-09T14:11:22.138+0000][7][gc,age      ] GC(74) - age   6:     159840 bytes,    1254920 total
[2024-02-09T14:11:22.138+0000][7][gc,age      ] GC(74) - age   7:        272 bytes,    1255192 total
[2024-02-09T14:11:22.138+0000][7][gc,age      ] GC(74) - age   8:      76096 bytes,    1331288 total
[2024-02-09T14:11:22.138+0000][7][gc,age      ] GC(74) - age   9:        280 bytes,    1331568 total
[2024-02-09T14:11:22.138+0000][7][gc,age      ] GC(74) - age  10:        592 bytes,    1332160 total
[2024-02-09T14:11:22.138+0000][7][gc,age      ] GC(74) - age  11:      39512 bytes,    1371672 total
[2024-02-09T14:11:22.138+0000][7][gc,age      ] GC(74) - age  12:        704 bytes,    1372376 total
[2024-02-09T14:11:22.138+0000][7][gc,age      ] GC(74) - age  13:      17240 bytes,    1389616 total
[2024-02-09T14:11:22.138+0000][7][gc,age      ] GC(74) - age  14:        840 bytes,    1390456 total
[2024-02-09T14:11:22.138+0000][7][gc,age      ] GC(74) - age  15:       8456 bytes,    1398912 total
[2024-02-09T14:11:22.138+0000][7][gc,heap     ] GC(74) Eden regions: 152->0(152)
[2024-02-09T14:11:22.138+0000][7][gc,heap     ] GC(74) Survivor regions: 1->1(20)
[2024-02-09T14:11:22.138+0000][7][gc,heap     ] GC(74) Old regions: 23->23
[2024-02-09T14:11:22.138+0000][7][gc,heap     ] GC(74) Archive regions: 2->2
[2024-02-09T14:11:22.138+0000][7][gc,heap     ] GC(74) Humongous regions: 0->0
[2024-02-09T14:11:22.138+0000][7][gc,metaspace] GC(74) Metaspace: 128762K(132480K)->128762K(132480K) NonClass: 111854K(113792K)->111854K(113792K) Class: 16907K(18688K)->16907K(18688K)
[2024-02-09T14:11:22.138+0000][7][gc          ] GC(74) Pause Young (Normal) (G1 Evacuation Pause) 702M->94M(1024M) 3.255ms
[2024-02-09T14:11:22.138+0000][7][gc,cpu      ] GC(74) User=0.02s Sys=0.00s Real=0.00s
[2024-02-09T14:11:22.138+0000][7][safepoint   ] Safepoint "G1CollectForAllocation", Time since last: 9051683254 ns, Reaching safepoint: 95076 ns, At safepoint: 3352921 ns, Total: 3447997 ns
[2024-02-09T14:12:56.141+0000][7][safepoint   ] Safepoint "Cleanup", Time since last: 94002492886 ns, Reaching safepoint: 87386 ns, At safepoint: 7409 ns, Total: 94795 ns
[2024-02-09T14:13:34.147+0000][7][safepoint   ] Safepoint "Cleanup", Time since last: 38005690334 ns, Reaching safepoint: 115475 ns, At safepoint: 27131 ns, Total: 142606 ns
[2024-02-09T14:14:07.082+0000][7][gc,start    ] GC(75) Pause Young (Normal) (G1 Evacuation Pause)
[2024-02-09T14:14:07.082+0000][7][gc,task     ] GC(75) Using 8 workers of 8 for evacuation
[2024-02-09T14:14:07.082+0000][7][gc,age      ] GC(75) Desired survivor size 41943040 bytes, new threshold 15 (max threshold 15)
[2024-02-09T14:14:07.085+0000][7][gc,phases   ] GC(75)   Pre Evacuate Collection Set: 0.1ms
[2024-02-09T14:14:07.085+0000][7][gc,phases   ] GC(75)   Merge Heap Roots: 0.1ms
[2024-02-09T14:14:07.085+0000][7][gc,phases   ] GC(75)   Evacuate Collection Set: 1.7ms
[2024-02-09T14:14:07.085+0000][7][gc,phases   ] GC(75)   Post Evacuate Collection Set: 0.9ms
[2024-02-09T14:14:07.085+0000][7][gc,phases   ] GC(75)   Other: 0.1ms
[2024-02-09T14:14:07.085+0000][7][gc,age      ] GC(75) Age table with threshold 15 (max threshold 15)
[2024-02-09T14:14:07.085+0000][7][gc,age      ] GC(75) - age   1:    1468848 bytes,    1468848 total
[2024-02-09T14:14:07.085+0000][7][gc,age      ] GC(75) - age   2:      24280 bytes,    1493128 total
[2024-02-09T14:14:07.085+0000][7][gc,age      ] GC(75) - age   3:       1904 bytes,    1495032 total
[2024-02-09T14:14:07.086+0000][7][gc,age      ] GC(75) - age   4:        456 bytes,    1495488 total
[2024-02-09T14:14:07.086+0000][7][gc,age      ] GC(75) - age   5:        864 bytes,    1496352 total
[2024-02-09T14:14:07.086+0000][7][gc,age      ] GC(75) - age   6:      40448 bytes,    1536800 total
[2024-02-09T14:14:07.086+0000][7][gc,age      ] GC(75) - age   7:     159840 bytes,    1696640 total
[2024-02-09T14:14:07.086+0000][7][gc,age      ] GC(75) - age   8:        272 bytes,    1696912 total
[2024-02-09T14:14:07.086+0000][7][gc,age      ] GC(75) - age   9:      76096 bytes,    1773008 total
[2024-02-09T14:14:07.086+0000][7][gc,age      ] GC(75) - age  10:        280 bytes,    1773288 total
[2024-02-09T14:14:07.086+0000][7][gc,age      ] GC(75) - age  11:        592 bytes,    1773880 total
[2024-02-09T14:14:07.086+0000][7][gc,age      ] GC(75) - age  12:      39512 bytes,    1813392 total
[2024-02-09T14:14:07.086+0000][7][gc,age      ] GC(75) - age  13:        704 bytes,    1814096 total
[2024-02-09T14:14:07.086+0000][7][gc,age      ] GC(75) - age  14:      17240 bytes,    1831336 total
[2024-02-09T14:14:07.086+0000][7][gc,age      ] GC(75) - age  15:        840 bytes,    1832176 total
[2024-02-09T14:14:07.086+0000][7][gc,heap     ] GC(75) Eden regions: 152->0(152)
[2024-02-09T14:14:07.086+0000][7][gc,heap     ] GC(75) Survivor regions: 1->1(20)
[2024-02-09T14:14:07.086+0000][7][gc,heap     ] GC(75) Old regions: 23->23
[2024-02-09T14:14:07.086+0000][7][gc,heap     ] GC(75) Archive regions: 2->2
[2024-02-09T14:14:07.086+0000][7][gc,heap     ] GC(75) Humongous regions: 0->0
[2024-02-09T14:14:07.086+0000][7][gc,metaspace] GC(75) Metaspace: 128762K(132480K)->128762K(132480K) NonClass: 111855K(113792K)->111855K(113792K) Class: 16907K(18688K)->16907K(18688K)
[2024-02-09T14:14:07.086+0000][7][gc          ] GC(75) Pause Young (Normal) (G1 Evacuation Pause) 702M->94M(1024M) 3.274ms
[2024-02-09T14:14:07.086+0000][7][gc,cpu      ] GC(75) User=0.02s Sys=0.00s Real=0.01s
[2024-02-09T14:14:07.086+0000][7][safepoint   ] Safepoint "G1CollectForAllocation", Time since last: 32935519107 ns, Reaching safepoint: 72931 ns, At safepoint: 3373493 ns, Total: 3446424 ns
[2024-02-09T14:14:23.088+0000][7][safepoint   ] Safepoint "Cleanup", Time since last: 16002149162 ns, Reaching safepoint: 84638 ns, At safepoint: 45723 ns, Total: 130361 ns
[2024-02-09T14:15:56.100+0000][7][safepoint   ] Safepoint "Cleanup", Time since last: 93011418983 ns, Reaching safepoint: 112394 ns, At safepoint: 12849 ns, Total: 125243 ns
[2024-02-09T14:16:17.102+0000][7][safepoint   ] Safepoint "Cleanup", Time since last: 21002556522 ns, Reaching safepoint: 99859 ns, At safepoint: 9646 ns, Total: 109505 ns
[2024-02-09T14:16:53.120+0000][7][gc,start    ] GC(76) Pause Young (Normal) (G1 Evacuation Pause)
[2024-02-09T14:16:53.120+0000][7][gc,task     ] GC(76) Using 8 workers of 8 for evacuation
[2024-02-09T14:16:53.120+0000][7][gc,age      ] GC(76) Desired survivor size 41943040 bytes, new threshold 15 (max threshold 15)
[2024-02-09T14:16:53.123+0000][7][gc,phases   ] GC(76)   Pre Evacuate Collection Set: 0.1ms
[2024-02-09T14:16:53.123+0000][7][gc,phases   ] GC(76)   Merge Heap Roots: 0.1ms
[2024-02-09T14:16:53.123+0000][7][gc,phases   ] GC(76)   Evacuate Collection Set: 1.9ms
[2024-02-09T14:16:53.123+0000][7][gc,phases   ] GC(76)   Post Evacuate Collection Set: 0.8ms
[2024-02-09T14:16:53.123+0000][7][gc,phases   ] GC(76)   Other: 0.1ms
[2024-02-09T14:16:53.123+0000][7][gc,age      ] GC(76) Age table with threshold 15 (max threshold 15)
[2024-02-09T14:16:53.123+0000][7][gc,age      ] GC(76) - age   1:    1913440 bytes,    1913440 total
[2024-02-09T14:16:53.123+0000][7][gc,age      ] GC(76) - age   2:       3184 bytes,    1916624 total
[2024-02-09T14:16:53.123+0000][7][gc,age      ] GC(76) - age   3:      14976 bytes,    1931600 total
[2024-02-09T14:16:53.123+0000][7][gc,age      ] GC(76) - age   4:       1904 bytes,    1933504 total
[2024-02-09T14:16:53.123+0000][7][gc,age      ] GC(76) - age   5:        456 bytes,    1933960 total
[2024-02-09T14:16:53.123+0000][7][gc,age      ] GC(76) - age   6:        864 bytes,    1934824 total
[2024-02-09T14:16:53.123+0000][7][gc,age      ] GC(76) - age   7:      40448 bytes,    1975272 total
[2024-02-09T14:16:53.123+0000][7][gc,age      ] GC(76) - age   8:     159840 bytes,    2135112 total
[2024-02-09T14:16:53.123+0000][7][gc,age      ] GC(76) - age   9:        272 bytes,    2135384 total
[2024-02-09T14:16:53.123+0000][7][gc,age      ] GC(76) - age  10:      75912 bytes,    2211296 total
[2024-02-09T14:16:53.123+0000][7][gc,age      ] GC(76) - age  11:        280 bytes,    2211576 total
[2024-02-09T14:16:53.123+0000][7][gc,age      ] GC(76) - age  12:        592 bytes,    2212168 total
[2024-02-09T14:16:53.123+0000][7][gc,age      ] GC(76) - age  13:      39512 bytes,    2251680 total
[2024-02-09T14:16:53.123+0000][7][gc,age      ] GC(76) - age  14:        704 bytes,    2252384 total
[2024-02-09T14:16:53.124+0000][7][gc,age      ] GC(76) - age  15:      17240 bytes,    2269624 total
[2024-02-09T14:16:53.124+0000][7][gc,heap     ] GC(76) Eden regions: 152->0(152)
[2024-02-09T14:16:53.124+0000][7][gc,heap     ] GC(76) Survivor regions: 1->1(20)
[2024-02-09T14:16:53.124+0000][7][gc,heap     ] GC(76) Old regions: 23->23
[2024-02-09T14:16:53.124+0000][7][gc,heap     ] GC(76) Archive regions: 2->2
[2024-02-09T14:16:53.124+0000][7][gc,heap     ] GC(76) Humongous regions: 0->0
[2024-02-09T14:16:53.124+0000][7][gc,metaspace] GC(76) Metaspace: 128763K(132480K)->128763K(132480K) NonClass: 111855K(113792K)->111855K(113792K) Class: 16907K(18688K)->16907K(18688K)
[2024-02-09T14:16:53.124+0000][7][gc          ] GC(76) Pause Young (Normal) (G1 Evacuation Pause) 702M->95M(1024M) 3.341ms
[2024-02-09T14:16:53.124+0000][7][gc,cpu      ] GC(76) User=0.02s Sys=0.00s Real=0.00s
[2024-02-09T14:16:53.124+0000][7][safepoint   ] Safepoint "G1CollectForAllocation", Time since last: 36017938893 ns, Reaching safepoint: 41585 ns, At safepoint: 3438170 ns, Total: 3479755 ns
[2024-02-09T14:17:17.127+0000][7][safepoint   ] Safepoint "Cleanup", Time since last: 24003409348 ns, Reaching safepoint: 118556 ns, At safepoint: 9535 ns, Total: 128091 ns
[2024-02-09T14:18:17.136+0000][7][safepoint   ] Safepoint "Cleanup", Time since last: 60008967615 ns, Reaching safepoint: 107812 ns, At safepoint: 7366 ns, Total: 115178 ns
[2024-02-09T14:18:35.139+0000][7][safepoint   ] Safepoint "Cleanup", Time since last: 18002532777 ns, Reaching safepoint: 134893 ns, At safepoint: 11299 ns, Total: 146192 ns
[2024-02-09T14:18:38.140+0000][7][safepoint   ] Safepoint "Cleanup", Time since last: 3000526601 ns, Reaching safepoint: 125763 ns, At safepoint: 10526 ns, Total: 136289 ns
[2024-02-09T14:19:03.143+0000][7][safepoint   ] Safepoint "Cleanup", Time since last: 25003744328 ns, Reaching safepoint: 77915 ns, At safepoint: 11432 ns, Total: 89347 ns
[2024-02-09T14:19:20.146+0000][7][safepoint   ] Safepoint "Cleanup", Time since last: 17002427791 ns, Reaching safepoint: 106727 ns, At safepoint: 7191 ns, Total: 113918 ns
[2024-02-09T14:19:22.146+0000][7][safepoint   ] Safepoint "Cleanup", Time since last: 2000313178 ns, Reaching safepoint: 146335 ns, At safepoint: 16403 ns, Total: 162738 ns
[2024-02-09T14:19:38.149+0000][7][safepoint   ] Safepoint "Cleanup", Time since last: 16002565438 ns, Reaching safepoint: 90058 ns, At safepoint: 9383 ns, Total: 99441 ns
[2024-02-09T14:19:55.158+0000][7][gc,start    ] GC(77) Pause Young (Normal) (G1 Evacuation Pause)
[2024-02-09T14:19:55.158+0000][7][gc,task     ] GC(77) Using 8 workers of 8 for evacuation
[2024-02-09T14:19:55.158+0000][7][gc,age      ] GC(77) Desired survivor size 41943040 bytes, new threshold 15 (max threshold 15)
[2024-02-09T14:19:55.161+0000][7][gc,phases   ] GC(77)   Pre Evacuate Collection Set: 0.1ms
[2024-02-09T14:19:55.161+0000][7][gc,phases   ] GC(77)   Merge Heap Roots: 0.1ms
[2024-02-09T14:19:55.161+0000][7][gc,phases   ] GC(77)   Evacuate Collection Set: 2.0ms
[2024-02-09T14:19:55.161+0000][7][gc,phases   ] GC(77)   Post Evacuate Collection Set: 1.0ms
[2024-02-09T14:19:55.161+0000][7][gc,phases   ] GC(77)   Other: 0.1ms
[2024-02-09T14:19:55.161+0000][7][gc,age      ] GC(77) Age table with threshold 15 (max threshold 15)
[2024-02-09T14:19:55.161+0000][7][gc,age      ] GC(77) - age   1:    1542272 bytes,    1542272 total
[2024-02-09T14:19:55.161+0000][7][gc,age      ] GC(77) - age   2:       5048 bytes,    1547320 total
[2024-02-09T14:19:55.161+0000][7][gc,age      ] GC(77) - age   3:       1360 bytes,    1548680 total
[2024-02-09T14:19:55.161+0000][7][gc,age      ] GC(77) - age   4:      14592 bytes,    1563272 total
[2024-02-09T14:19:55.161+0000][7][gc,age      ] GC(77) - age   5:       1056 bytes,    1564328 total
[2024-02-09T14:19:55.161+0000][7][gc,age      ] GC(77) - age   6:        456 bytes,    1564784 total
[2024-02-09T14:19:55.161+0000][7][gc,age      ] GC(77) - age   7:        864 bytes,    1565648 total
[2024-02-09T14:19:55.161+0000][7][gc,age      ] GC(77) - age   8:      36752 bytes,    1602400 total
[2024-02-09T14:19:55.161+0000][7][gc,age      ] GC(77) - age   9:     159840 bytes,    1762240 total
[2024-02-09T14:19:55.161+0000][7][gc,age      ] GC(77) - age  10:        272 bytes,    1762512 total
[2024-02-09T14:19:55.161+0000][7][gc,age      ] GC(77) - age  11:      75824 bytes,    1838336 total
[2024-02-09T14:19:55.161+0000][7][gc,age      ] GC(77) - age  12:        280 bytes,    1838616 total
[2024-02-09T14:19:55.161+0000][7][gc,age      ] GC(77) - age  13:        472 bytes,    1839088 total
[2024-02-09T14:19:55.161+0000][7][gc,age      ] GC(77) - age  14:      31496 bytes,    1870584 total
[2024-02-09T14:19:55.161+0000][7][gc,age      ] GC(77) - age  15:        704 bytes,    1871288 total
[2024-02-09T14:19:55.161+0000][7][gc,heap     ] GC(77) Eden regions: 152->0(152)
[2024-02-09T14:19:55.162+0000][7][gc,heap     ] GC(77) Survivor regions: 1->1(20)
[2024-02-09T14:19:55.162+0000][7][gc,heap     ] GC(77) Old regions: 23->23
[2024-02-09T14:19:55.162+0000][7][gc,heap     ] GC(77) Archive regions: 2->2
[2024-02-09T14:19:55.162+0000][7][gc,heap     ] GC(77) Humongous regions: 0->0
[2024-02-09T14:19:55.162+0000][7][gc,metaspace] GC(77) Metaspace: 128771K(132480K)->128771K(132480K) NonClass: 111863K(113792K)->111863K(113792K) Class: 16907K(18688K)->16907K(18688K)
[2024-02-09T14:19:55.162+0000][7][gc          ] GC(77) Pause Young (Normal) (G1 Evacuation Pause) 703M->95M(1024M) 3.650ms
[2024-02-09T14:19:55.162+0000][7][gc,cpu      ] GC(77) User=0.01s Sys=0.00s Real=0.00s
[2024-02-09T14:19:55.162+0000][7][safepoint   ] Safepoint "G1CollectForAllocation", Time since last: 17008687077 ns, Reaching safepoint: 102001 ns, At safepoint: 3758522 ns, Total: 3860523 ns
[2024-02-09T14:19:58.162+0000][7][safepoint   ] Safepoint "Cleanup", Time since last: 3000351256 ns, Reaching safepoint: 114598 ns, At safepoint: 6927 ns, Total: 121525 ns
[2024-02-09T14:19:59.162+0000][7][safepoint   ] Safepoint "Cleanup", Time since last: 1000149485 ns, Reaching safepoint: 76831 ns, At safepoint: 8901 ns, Total: 85732 ns
[2024-02-09T14:22:00.180+0000][7][safepoint   ] Safepoint "Cleanup", Time since last: 121017984083 ns, Reaching safepoint: 82973 ns, At safepoint: 8778 ns, Total: 91751 ns
[2024-02-09T14:22:35.046+0000][7][gc,start    ] GC(78) Pause Young (Normal) (G1 Evacuation Pause)
[2024-02-09T14:22:35.046+0000][7][gc,task     ] GC(78) Using 8 workers of 8 for evacuation
[2024-02-09T14:22:35.046+0000][7][gc,age      ] GC(78) Desired survivor size 41943040 bytes, new threshold 15 (max threshold 15)
[2024-02-09T14:22:35.048+0000][7][gc,phases   ] GC(78)   Pre Evacuate Collection Set: 0.1ms
[2024-02-09T14:22:35.048+0000][7][gc,phases   ] GC(78)   Merge Heap Roots: 0.1ms
[2024-02-09T14:22:35.048+0000][7][gc,phases   ] GC(78)   Evacuate Collection Set: 1.5ms
[2024-02-09T14:22:35.048+0000][7][gc,phases   ] GC(78)   Post Evacuate Collection Set: 0.8ms
[2024-02-09T14:22:35.048+0000][7][gc,phases   ] GC(78)   Other: 0.1ms
[2024-02-09T14:22:35.048+0000][7][gc,age      ] GC(78) Age table with threshold 15 (max threshold 15)
[2024-02-09T14:22:35.048+0000][7][gc,age      ] GC(78) - age   1:    1976520 bytes,    1976520 total
[2024-02-09T14:22:35.048+0000][7][gc,age      ] GC(78) - age   2:     160248 bytes,    2136768 total
[2024-02-09T14:22:35.048+0000][7][gc,age      ] GC(78) - age   3:       1720 bytes,    2138488 total
[2024-02-09T14:22:35.048+0000][7][gc,age      ] GC(78) - age   4:        976 bytes,    2139464 total
[2024-02-09T14:22:35.048+0000][7][gc,age      ] GC(78) - age   5:      11136 bytes,    2150600 total
[2024-02-09T14:22:35.048+0000][7][gc,age      ] GC(78) - age   6:       1056 bytes,    2151656 total
[2024-02-09T14:22:35.048+0000][7][gc,age      ] GC(78) - age   7:         64 bytes,    2151720 total
[2024-02-09T14:22:35.048+0000][7][gc,age      ] GC(78) - age   8:        864 bytes,    2152584 total
[2024-02-09T14:22:35.048+0000][7][gc,age      ] GC(78) - age   9:      36752 bytes,    2189336 total
[2024-02-09T14:22:35.048+0000][7][gc,age      ] GC(78) - age  10:     159840 bytes,    2349176 total
[2024-02-09T14:22:35.048+0000][7][gc,age      ] GC(78) - age  11:         88 bytes,    2349264 total
[2024-02-09T14:22:35.048+0000][7][gc,age      ] GC(78) - age  12:      75824 bytes,    2425088 total
[2024-02-09T14:22:35.048+0000][7][gc,age      ] GC(78) - age  13:        280 bytes,    2425368 total
[2024-02-09T14:22:35.048+0000][7][gc,age      ] GC(78) - age  14:        472 bytes,    2425840 total
[2024-02-09T14:22:35.048+0000][7][gc,age      ] GC(78) - age  15:      31496 bytes,    2457336 total
[2024-02-09T14:22:35.048+0000][7][gc,heap     ] GC(78) Eden regions: 152->0(152)
[2024-02-09T14:22:35.048+0000][7][gc,heap     ] GC(78) Survivor regions: 1->1(20)
[2024-02-09T14:22:35.048+0000][7][gc,heap     ] GC(78) Old regions: 23->23
[2024-02-09T14:22:35.048+0000][7][gc,heap     ] GC(78) Archive regions: 2->2
[2024-02-09T14:22:35.048+0000][7][gc,heap     ] GC(78) Humongous regions: 0->0
[2024-02-09T14:22:35.048+0000][7][gc,metaspace] GC(78) Metaspace: 128773K(132480K)->128773K(132480K) NonClass: 111865K(113792K)->111865K(113792K) Class: 16907K(18688K)->16907K(18688K)
[2024-02-09T14:22:35.048+0000][7][gc          ] GC(78) Pause Young (Normal) (G1 Evacuation Pause) 703M->95M(1024M) 2.912ms
[2024-02-09T14:22:35.048+0000][7][gc,cpu      ] GC(78) User=0.01s Sys=0.00s Real=0.01s
[2024-02-09T14:22:35.048+0000][7][safepoint   ] Safepoint "G1CollectForAllocation", Time since last: 34864960905 ns, Reaching safepoint: 61796 ns, At safepoint: 2998576 ns, Total: 3060372 ns
[2024-02-09T14:23:12.054+0000][7][safepoint   ] Safepoint "Cleanup", Time since last: 37005701973 ns, Reaching safepoint: 91762 ns, At safepoint: 44068 ns, Total: 135830 ns
[2024-02-09T14:23:13.055+0000][7][safepoint   ] Safepoint "Cleanup", Time since last: 1000246578 ns, Reaching safepoint: 112026 ns, At safepoint: 19843 ns, Total: 131869 ns
[2024-02-09T14:23:47.060+0000][7][safepoint   ] Safepoint "Cleanup", Time since last: 34005345835 ns, Reaching safepoint: 117584 ns, At safepoint: 12940 ns, Total: 130524 ns
[2024-02-09T14:24:17.065+0000][7][safepoint   ] Safepoint "Cleanup", Time since last: 30004876259 ns, Reaching safepoint: 111810 ns, At safepoint: 7310 ns, Total: 119120 ns
[2024-02-09T14:25:16.640+0000][7][gc,start    ] GC(79) Pause Young (Normal) (G1 Evacuation Pause)
[2024-02-09T14:25:16.640+0000][7][gc,task     ] GC(79) Using 8 workers of 8 for evacuation
[2024-02-09T14:25:16.640+0000][7][gc,age      ] GC(79) Desired survivor size 41943040 bytes, new threshold 15 (max threshold 15)
[2024-02-09T14:25:16.643+0000][7][gc,phases   ] GC(79)   Pre Evacuate Collection Set: 0.2ms
[2024-02-09T14:25:16.643+0000][7][gc,phases   ] GC(79)   Merge Heap Roots: 0.1ms
[2024-02-09T14:25:16.643+0000][7][gc,phases   ] GC(79)   Evacuate Collection Set: 1.7ms
[2024-02-09T14:25:16.643+0000][7][gc,phases   ] GC(79)   Post Evacuate Collection Set: 1.0ms
[2024-02-09T14:25:16.643+0000][7][gc,phases   ] GC(79)   Other: 0.1ms
[2024-02-09T14:25:16.643+0000][7][gc,age      ] GC(79) Age table with threshold 15 (max threshold 15)
[2024-02-09T14:25:16.643+0000][7][gc,age      ] GC(79) - age   1:    1002600 bytes,    1002600 total
[2024-02-09T14:25:16.643+0000][7][gc,age      ] GC(79) - age   2:       6672 bytes,    1009272 total
[2024-02-09T14:25:16.643+0000][7][gc,age      ] GC(79) - age   3:     158000 bytes,    1167272 total
[2024-02-09T14:25:16.643+0000][7][gc,age      ] GC(79) - age   4:       1272 bytes,    1168544 total
[2024-02-09T14:25:16.643+0000][7][gc,age      ] GC(79) - age   5:        664 bytes,    1169208 total
[2024-02-09T14:25:16.643+0000][7][gc,age      ] GC(79) - age   6:      11072 bytes,    1180280 total
[2024-02-09T14:25:16.643+0000][7][gc,age      ] GC(79) - age   7:       1056 bytes,    1181336 total
[2024-02-09T14:25:16.643+0000][7][gc,age      ] GC(79) - age   8:         64 bytes,    1181400 total
[2024-02-09T14:25:16.643+0000][7][gc,age      ] GC(79) - age   9:        864 bytes,    1182264 total
[2024-02-09T14:25:16.643+0000][7][gc,age      ] GC(79) - age  10:      36752 bytes,    1219016 total
[2024-02-09T14:25:16.643+0000][7][gc,age      ] GC(79) - age  11:     159840 bytes,    1378856 total
[2024-02-09T14:25:16.643+0000][7][gc,age      ] GC(79) - age  12:         88 bytes,    1378944 total
[2024-02-09T14:25:16.643+0000][7][gc,age      ] GC(79) - age  13:      75824 bytes,    1454768 total
[2024-02-09T14:25:16.643+0000][7][gc,age      ] GC(79) - age  14:        280 bytes,    1455048 total
[2024-02-09T14:25:16.643+0000][7][gc,age      ] GC(79) - age  15:        472 bytes,    1455520 total
[2024-02-09T14:25:16.643+0000][7][gc,heap     ] GC(79) Eden regions: 152->0(152)
[2024-02-09T14:25:16.643+0000][7][gc,heap     ] GC(79) Survivor regions: 1->1(20)
[2024-02-09T14:25:16.643+0000][7][gc,heap     ] GC(79) Old regions: 23->23
[2024-02-09T14:25:16.643+0000][7][gc,heap     ] GC(79) Archive regions: 2->2
[2024-02-09T14:25:16.643+0000][7][gc,heap     ] GC(79) Humongous regions: 0->0
[2024-02-09T14:25:16.643+0000][7][gc,metaspace] GC(79) Metaspace: 128790K(132480K)->128790K(132480K) NonClass: 111882K(113792K)->111882K(113792K) Class: 16907K(18688K)->16907K(18688K)
[2024-02-09T14:25:16.643+0000][7][gc          ] GC(79) Pause Young (Normal) (G1 Evacuation Pause) 703M->94M(1024M) 3.372ms
[2024-02-09T14:25:16.643+0000][7][gc,cpu      ] GC(79) User=0.01s Sys=0.00s Real=0.00s
[2024-02-09T14:25:16.643+0000][7][safepoint   ] Safepoint "G1CollectForAllocation", Time since last: 59574526366 ns, Reaching safepoint: 70847 ns, At safepoint: 3476661 ns, Total: 3547508 ns
[2024-02-09T14:25:17.644+0000][7][safepoint   ] Safepoint "Cleanup", Time since last: 1000209355 ns, Reaching safepoint: 77354 ns, At safepoint: 12471 ns, Total: 89825 ns
[2024-02-09T14:25:43.648+0000][7][safepoint   ] Safepoint "Cleanup", Time since last: 26004086342 ns, Reaching safepoint: 64562 ns, At safepoint: 33871 ns, Total: 98433 ns
[2024-02-09T14:28:01.129+0000][7][gc,start    ] GC(80) Pause Young (Normal) (G1 Evacuation Pause)
[2024-02-09T14:28:01.129+0000][7][gc,task     ] GC(80) Using 8 workers of 8 for evacuation
[2024-02-09T14:28:01.129+0000][7][gc,age      ] GC(80) Desired survivor size 41943040 bytes, new threshold 15 (max threshold 15)
[2024-02-09T14:28:01.132+0000][7][gc,phases   ] GC(80)   Pre Evacuate Collection Set: 0.1ms
[2024-02-09T14:28:01.132+0000][7][gc,phases   ] GC(80)   Merge Heap Roots: 0.1ms
[2024-02-09T14:28:01.132+0000][7][gc,phases   ] GC(80)   Evacuate Collection Set: 1.8ms
[2024-02-09T14:28:01.132+0000][7][gc,phases   ] GC(80)   Post Evacuate Collection Set: 0.9ms
[2024-02-09T14:28:01.132+0000][7][gc,phases   ] GC(80)   Other: 0.1ms
[2024-02-09T14:28:01.132+0000][7][gc,age      ] GC(80) Age table with threshold 15 (max threshold 15)
[2024-02-09T14:28:01.132+0000][7][gc,age      ] GC(80) - age   1:    1483416 bytes,    1483416 total
[2024-02-09T14:28:01.132+0000][7][gc,age      ] GC(80) - age   2:       3600 bytes,    1487016 total
[2024-02-09T14:28:01.132+0000][7][gc,age      ] GC(80) - age   3:       4632 bytes,    1491648 total
[2024-02-09T14:28:01.132+0000][7][gc,age      ] GC(80) - age   4:     157160 bytes,    1648808 total
[2024-02-09T14:28:01.132+0000][7][gc,age      ] GC(80) - age   5:        784 bytes,    1649592 total
[2024-02-09T14:28:01.132+0000][7][gc,age      ] GC(80) - age   6:        664 bytes,    1650256 total
[2024-02-09T14:28:01.132+0000][7][gc,age      ] GC(80) - age   7:      11072 bytes,    1661328 total
[2024-02-09T14:28:01.132+0000][7][gc,age      ] GC(80) - age   8:        640 bytes,    1661968 total
[2024-02-09T14:28:01.132+0000][7][gc,age      ] GC(80) - age   9:         64 bytes,    1662032 total
[2024-02-09T14:28:01.133+0000][7][gc,age      ] GC(80) - age  10:        864 bytes,    1662896 total
[2024-02-09T14:28:01.133+0000][7][gc,age      ] GC(80) - age  11:      36752 bytes,    1699648 total
[2024-02-09T14:28:01.133+0000][7][gc,age      ] GC(80) - age  12:     159840 bytes,    1859488 total
[2024-02-09T14:28:01.133+0000][7][gc,age      ] GC(80) - age  13:         88 bytes,    1859576 total
[2024-02-09T14:28:01.133+0000][7][gc,age      ] GC(80) - age  14:      75824 bytes,    1935400 total
[2024-02-09T14:28:01.133+0000][7][gc,age      ] GC(80) - age  15:        280 bytes,    1935680 total
[2024-02-09T14:28:01.133+0000][7][gc,heap     ] GC(80) Eden regions: 152->0(152)
[2024-02-09T14:28:01.133+0000][7][gc,heap     ] GC(80) Survivor regions: 1->1(20)
[2024-02-09T14:28:01.133+0000][7][gc,heap     ] GC(80) Old regions: 23->23
[2024-02-09T14:28:01.133+0000][7][gc,heap     ] GC(80) Archive regions: 2->2
[2024-02-09T14:28:01.133+0000][7][gc,heap     ] GC(80) Humongous regions: 0->0
[2024-02-09T14:28:01.133+0000][7][gc,metaspace] GC(80) Metaspace: 128791K(132480K)->128791K(132480K) NonClass: 111883K(113792K)->111883K(113792K) Class: 16907K(18688K)->16907K(18688K)
[2024-02-09T14:28:01.133+0000][7][gc          ] GC(80) Pause Young (Normal) (G1 Evacuation Pause) 702M->95M(1024M) 3.277ms
[2024-02-09T14:28:01.133+0000][7][gc,cpu      ] GC(80) User=0.02s Sys=0.00s Real=0.00s
[2024-02-09T14:28:01.133+0000][7][safepoint   ] Safepoint "G1CollectForAllocation", Time since last: 137481533544 ns, Reaching safepoint: 51289 ns, At safepoint: 3378443 ns, Total: 3429732 ns
[2024-02-09T14:28:44.139+0000][7][safepoint   ] Safepoint "Cleanup", Time since last: 43005863952 ns, Reaching safepoint: 88073 ns, At safepoint: 46181 ns, Total: 134254 ns
[2024-02-09T22:09:15.319+0000][7][safepoint   ] Safepoint "Cleanup", Time since last: 18076887865 ns, Reaching safepoint: 74218 ns, At safepoint: 12606 ns, Total: 86824 ns
[2024-02-09T22:09:18.319+0000][7][safepoint   ] Safepoint "Cleanup", Time since last: 3000451464 ns, Reaching safepoint: 112944 ns, At safepoint: 7173 ns, Total: 120117 ns
[2024-02-09T22:09:21.320+0000][7][safepoint   ] Safepoint "Cleanup", Time since last: 3000274468 ns, Reaching safepoint: 145822 ns, At safepoint: 20696 ns, Total: 166518 ns
[2024-02-09T22:09:22.320+0000][7][safepoint   ] Safepoint "Cleanup", Time since last: 1000135878 ns, Reaching safepoint: 77598 ns, At safepoint: 7213 ns, Total: 84811 ns
[2024-02-09T22:09:30.321+0000][7][safepoint   ] Safepoint "Cleanup", Time since last: 8000648028 ns, Reaching safepoint: 156817 ns, At safepoint: 9286 ns, Total: 166103 ns
[2024-02-09T22:10:23.326+0000][7][safepoint   ] Safepoint "Cleanup", Time since last: 53004941615 ns, Reaching safepoint: 73441 ns, At safepoint: 6494 ns, Total: 79935 ns
[2024-02-09T22:10:30.327+0000][7][safepoint   ] Safepoint "Cleanup", Time since last: 7000611389 ns, Reaching safepoint: 66330 ns, At safepoint: 6547 ns, Total: 72877 ns
[2024-02-09T22:11:11.349+0000][7][gc,start    ] GC(81) Pause Young (Normal) (G1 Evacuation Pause)
[2024-02-09T22:11:11.349+0000][7][gc,task     ] GC(81) Using 8 workers of 8 for evacuation
[2024-02-09T22:11:11.349+0000][7][gc,age      ] GC(81) Desired survivor size 41943040 bytes, new threshold 15 (max threshold 15)
[2024-02-09T22:11:11.352+0000][7][gc,phases   ] GC(81)   Pre Evacuate Collection Set: 0.2ms
[2024-02-09T22:11:11.352+0000][7][gc,phases   ] GC(81)   Merge Heap Roots: 0.1ms
[2024-02-09T22:11:11.352+0000][7][gc,phases   ] GC(81)   Evacuate Collection Set: 1.7ms
[2024-02-09T22:11:11.352+0000][7][gc,phases   ] GC(81)   Post Evacuate Collection Set: 0.8ms
[2024-02-09T22:11:11.352+0000][7][gc,phases   ] GC(81)   Other: 0.1ms
[2024-02-09T22:11:11.352+0000][7][gc,age      ] GC(81) Age table with threshold 15 (max threshold 15)
[2024-02-09T22:11:11.352+0000][7][gc,age      ] GC(81) - age   1:    1222432 bytes,    1222432 total
[2024-02-09T22:11:11.352+0000][7][gc,age      ] GC(81) - age   2:       2952 bytes,    1225384 total
[2024-02-09T22:11:11.352+0000][7][gc,age      ] GC(81) - age   3:        976 bytes,    1226360 total
[2024-02-09T22:11:11.352+0000][7][gc,age      ] GC(81) - age   4:        728 bytes,    1227088 total
[2024-02-09T22:11:11.352+0000][7][gc,age      ] GC(81) - age   5:     156528 bytes,    1383616 total
[2024-02-09T22:11:11.352+0000][7][gc,age      ] GC(81) - age   6:        528 bytes,    1384144 total
[2024-02-09T22:11:11.352+0000][7][gc,age      ] GC(81) - age   7:        472 bytes,    1384616 total
[2024-02-09T22:11:11.352+0000][7][gc,age      ] GC(81) - age   8:      11040 bytes,    1395656 total
[2024-02-09T22:11:11.352+0000][7][gc,age      ] GC(81) - age   9:        640 bytes,    1396296 total
[2024-02-09T22:11:11.352+0000][7][gc,age      ] GC(81) - age  10:         64 bytes,    1396360 total
[2024-02-09T22:11:11.352+0000][7][gc,age      ] GC(81) - age  11:        864 bytes,    1397224 total
[2024-02-09T22:11:11.352+0000][7][gc,age      ] GC(81) - age  12:      36568 bytes,    1433792 total
[2024-02-09T22:11:11.352+0000][7][gc,age      ] GC(81) - age  13:     159840 bytes,    1593632 total
[2024-02-09T22:11:11.352+0000][7][gc,age      ] GC(81) - age  14:         88 bytes,    1593720 total
[2024-02-09T22:11:11.352+0000][7][gc,age      ] GC(81) - age  15:      75624 bytes,    1669344 total
[2024-02-09T22:11:11.352+0000][7][gc,heap     ] GC(81) Eden regions: 152->0(152)
[2024-02-09T22:11:11.352+0000][7][gc,heap     ] GC(81) Survivor regions: 1->1(20)
[2024-02-09T22:11:11.352+0000][7][gc,heap     ] GC(81) Old regions: 23->23
[2024-02-09T22:11:11.352+0000][7][gc,heap     ] GC(81) Archive regions: 2->2
[2024-02-09T22:11:11.352+0000][7][gc,heap     ] GC(81) Humongous regions: 0->0
[2024-02-09T22:11:11.352+0000][7][gc,metaspace] GC(81) Metaspace: 128795K(132480K)->128795K(132480K) NonClass: 111888K(113792K)->111888K(113792K) Class: 16907K(18688K)->16907K(18688K)
[2024-02-09T22:11:11.353+0000][7][gc          ] GC(81) Pause Young (Normal) (G1 Evacuation Pause) 703M->94M(1024M) 3.283ms
[2024-02-09T22:11:11.353+0000][7][gc,cpu      ] GC(81) User=0.02s Sys=0.00s Real=0.00s
[2024-02-09T22:11:11.353+0000][7][safepoint   ] Safepoint "G1CollectForAllocation", Time since last: 41022531261 ns, Reaching safepoint: 63207 ns, At safepoint: 3390955 ns, Total: 3454162 ns
[2024-02-09T22:11:33.355+0000][7][safepoint   ] Safepoint "Cleanup", Time since last: 22002368581 ns, Reaching safepoint: 120941 ns, At safepoint: 8074 ns, Total: 129015 ns
[2024-02-09T22:11:54.358+0000][7][safepoint   ] Safepoint "Cleanup", Time since last: 21002610359 ns, Reaching safepoint: 70179 ns, At safepoint: 39882 ns, Total: 110061 ns
[2024-02-09T22:12:22.361+0000][7][safepoint   ] Safepoint "Cleanup", Time since last: 28003490581 ns, Reaching safepoint: 130615 ns, At safepoint: 11617 ns, Total: 142232 ns
[2024-02-09T22:13:30.371+0000][7][safepoint   ] Safepoint "Cleanup", Time since last: 68008962465 ns, Reaching safepoint: 122533 ns, At safepoint: 8733 ns, Total: 131266 ns
[2024-02-09T22:13:47.373+0000][7][safepoint   ] Safepoint "Cleanup", Time since last: 17002584693 ns, Reaching safepoint: 94856 ns, At safepoint: 15875 ns, Total: 110731 ns
[2024-02-09T22:14:35.361+0000][7][gc,start    ] GC(82) Pause Young (Normal) (G1 Evacuation Pause)
[2024-02-09T22:14:35.361+0000][7][gc,task     ] GC(82) Using 8 workers of 8 for evacuation
[2024-02-09T22:14:35.361+0000][7][gc,age      ] GC(82) Desired survivor size 41943040 bytes, new threshold 15 (max threshold 15)
[2024-02-09T22:14:35.364+0000][7][gc,phases   ] GC(82)   Pre Evacuate Collection Set: 0.1ms
[2024-02-09T22:14:35.364+0000][7][gc,phases   ] GC(82)   Merge Heap Roots: 0.1ms
[2024-02-09T22:14:35.364+0000][7][gc,phases   ] GC(82)   Evacuate Collection Set: 1.8ms
[2024-02-09T22:14:35.364+0000][7][gc,phases   ] GC(82)   Post Evacuate Collection Set: 0.9ms
[2024-02-09T22:14:35.364+0000][7][gc,phases   ] GC(82)   Other: 0.1ms
[2024-02-09T22:14:35.364+0000][7][gc,age      ] GC(82) Age table with threshold 15 (max threshold 15)
[2024-02-09T22:14:35.364+0000][7][gc,age      ] GC(82) - age   1:    1386128 bytes,    1386128 total
[2024-02-09T22:14:35.364+0000][7][gc,age      ] GC(82) - age   2:     150920 bytes,    1537048 total
[2024-02-09T22:14:35.364+0000][7][gc,age      ] GC(82) - age   3:       1480 bytes,    1538528 total
[2024-02-09T22:14:35.364+0000][7][gc,age      ] GC(82) - age   4:        912 bytes,    1539440 total
[2024-02-09T22:14:35.364+0000][7][gc,age      ] GC(82) - age   5:        664 bytes,    1540104 total
[2024-02-09T22:14:35.364+0000][7][gc,age      ] GC(82) - age   6:     156528 bytes,    1696632 total
[2024-02-09T22:14:35.364+0000][7][gc,age      ] GC(82) - age   7:        400 bytes,    1697032 total
[2024-02-09T22:14:35.364+0000][7][gc,age      ] GC(82) - age   8:        472 bytes,    1697504 total
[2024-02-09T22:14:35.364+0000][7][gc,age      ] GC(82) - age   9:      11040 bytes,    1708544 total
[2024-02-09T22:14:35.364+0000][7][gc,age      ] GC(82) - age  10:        640 bytes,    1709184 total
[2024-02-09T22:14:35.364+0000][7][gc,age      ] GC(82) - age  11:         64 bytes,    1709248 total
[2024-02-09T22:14:35.364+0000][7][gc,age      ] GC(82) - age  12:        864 bytes,    1710112 total
[2024-02-09T22:14:35.364+0000][7][gc,age      ] GC(82) - age  13:      36568 bytes,    1746680 total
[2024-02-09T22:14:35.364+0000][7][gc,age      ] GC(82) - age  14:     159840 bytes,    1906520 total
[2024-02-09T22:14:35.364+0000][7][gc,age      ] GC(82) - age  15:         88 bytes,    1906608 total
[2024-02-09T22:14:35.364+0000][7][gc,heap     ] GC(82) Eden regions: 152->0(152)
[2024-02-09T22:14:35.364+0000][7][gc,heap     ] GC(82) Survivor regions: 1->1(20)
[2024-02-09T22:14:35.364+0000][7][gc,heap     ] GC(82) Old regions: 23->23
[2024-02-09T22:14:35.364+0000][7][gc,heap     ] GC(82) Archive regions: 2->2
[2024-02-09T22:14:35.364+0000][7][gc,heap     ] GC(82) Humongous regions: 0->0
[2024-02-09T22:14:35.364+0000][7][gc,metaspace] GC(82) Metaspace: 128797K(132480K)->128797K(132480K) NonClass: 111889K(113792K)->111889K(113792K) Class: 16908K(18688K)->16908K(18688K)
[2024-02-09T22:14:35.364+0000][7][gc          ] GC(82) Pause Young (Normal) (G1 Evacuation Pause) 702M->95M(1024M) 3.393ms
[2024-02-09T22:14:35.364+0000][7][gc,cpu      ] GC(82) User=0.01s Sys=0.00s Real=0.00s
[2024-02-09T22:14:35.364+0000][7][safepoint   ] Safepoint "G1CollectForAllocation", Time since last: 47987423810 ns, Reaching safepoint: 45353 ns, At safepoint: 3495297 ns, Total: 3540650 ns
[2024-02-09T22:16:39.379+0000][7][safepoint   ] Safepoint "Cleanup", Time since last: 124014721347 ns, Reaching safepoint: 75147 ns, At safepoint: 18184 ns, Total: 93331 ns
[2024-02-09T22:17:59.960+0000][7][gc,start    ] GC(83) Pause Young (Normal) (G1 Evacuation Pause)
[2024-02-09T22:17:59.960+0000][7][gc,task     ] GC(83) Using 8 workers of 8 for evacuation
[2024-02-09T22:17:59.960+0000][7][gc,age      ] GC(83) Desired survivor size 41943040 bytes, new threshold 15 (max threshold 15)
[2024-02-09T22:17:59.964+0000][7][gc,phases   ] GC(83)   Pre Evacuate Collection Set: 0.2ms
[2024-02-09T22:17:59.964+0000][7][gc,phases   ] GC(83)   Merge Heap Roots: 0.1ms
[2024-02-09T22:17:59.964+0000][7][gc,phases   ] GC(83)   Evacuate Collection Set: 2.4ms
[2024-02-09T22:17:59.964+0000][7][gc,phases   ] GC(83)   Post Evacuate Collection Set: 1.3ms
[2024-02-09T22:17:59.964+0000][7][gc,phases   ] GC(83)   Other: 0.2ms
[2024-02-09T22:17:59.964+0000][7][gc,age      ] GC(83) Age table with threshold 15 (max threshold 15)
[2024-02-09T22:17:59.964+0000][7][gc,age      ] GC(83) - age   1:    1595984 bytes,    1595984 total
[2024-02-09T22:17:59.964+0000][7][gc,age      ] GC(83) - age   2:       3064 bytes,    1599048 total
[2024-02-09T22:17:59.964+0000][7][gc,age      ] GC(83) - age   3:     139784 bytes,    1738832 total
[2024-02-09T22:17:59.964+0000][7][gc,age      ] GC(83) - age   4:        600 bytes,    1739432 total
[2024-02-09T22:17:59.964+0000][7][gc,age      ] GC(83) - age   5:        912 bytes,    1740344 total
[2024-02-09T22:17:59.964+0000][7][gc,age      ] GC(83) - age   6:        272 bytes,    1740616 total
[2024-02-09T22:17:59.964+0000][7][gc,age      ] GC(83) - age   7:     156496 bytes,    1897112 total
[2024-02-09T22:17:59.964+0000][7][gc,age      ] GC(83) - age   8:        400 bytes,    1897512 total
[2024-02-09T22:17:59.964+0000][7][gc,age      ] GC(83) - age   9:        472 bytes,    1897984 total
[2024-02-09T22:17:59.964+0000][7][gc,age      ] GC(83) - age  10:      11040 bytes,    1909024 total
[2024-02-09T22:17:59.964+0000][7][gc,age      ] GC(83) - age  11:        640 bytes,    1909664 total
[2024-02-09T22:17:59.964+0000][7][gc,age      ] GC(83) - age  12:         64 bytes,    1909728 total
[2024-02-09T22:17:59.964+0000][7][gc,age      ] GC(83) - age  13:        864 bytes,    1910592 total
[2024-02-09T22:17:59.964+0000][7][gc,age      ] GC(83) - age  14:      36568 bytes,    1947160 total
[2024-02-09T22:17:59.964+0000][7][gc,age      ] GC(83) - age  15:     159840 bytes,    2107000 total
[2024-02-09T22:17:59.964+0000][7][gc,heap     ] GC(83) Eden regions: 152->0(152)
[2024-02-09T22:17:59.964+0000][7][gc,heap     ] GC(83) Survivor regions: 1->1(20)
[2024-02-09T22:17:59.964+0000][7][gc,heap     ] GC(83) Old regions: 23->23
[2024-02-09T22:17:59.964+0000][7][gc,heap     ] GC(83) Archive regions: 2->2
[2024-02-09T22:17:59.964+0000][7][gc,heap     ] GC(83) Humongous regions: 0->0
[2024-02-09T22:17:59.964+0000][7][gc,metaspace] GC(83) Metaspace: 128803K(132544K)->128803K(132544K) NonClass: 111895K(113856K)->111895K(113856K) Class: 16908K(18688K)->16908K(18688K)
[2024-02-09T22:17:59.964+0000][7][gc          ] GC(83) Pause Young (Normal) (G1 Evacuation Pause) 703M->95M(1024M) 4.556ms
[2024-02-09T22:17:59.964+0000][7][gc,cpu      ] GC(83) User=0.01s Sys=0.00s Real=0.00s
[2024-02-09T22:17:59.964+0000][7][safepoint   ] Safepoint "G1CollectForAllocation", Time since last: 80080732927 ns, Reaching safepoint: 108057 ns, At safepoint: 4683237 ns, Total: 4791294 ns
[2024-02-09T22:19:26.976+0000][7][safepoint   ] Safepoint "Cleanup", Time since last: 87011704294 ns, Reaching safepoint: 83716 ns, At safepoint: 8657 ns, Total: 92373 ns
[2024-02-09T22:19:30.977+0000][7][safepoint   ] Safepoint "Cleanup", Time since last: 4000553037 ns, Reaching safepoint: 105510 ns, At safepoint: 9069 ns, Total: 114579 ns
[2024-02-09T22:20:39.417+0000][7][gc,start    ] GC(84) Pause Young (Normal) (G1 Evacuation Pause)
[2024-02-09T22:20:39.417+0000][7][gc,task     ] GC(84) Using 8 workers of 8 for evacuation
[2024-02-09T22:20:39.417+0000][7][gc,age      ] GC(84) Desired survivor size 41943040 bytes, new threshold 15 (max threshold 15)
[2024-02-09T22:20:39.420+0000][7][gc,phases   ] GC(84)   Pre Evacuate Collection Set: 0.1ms
[2024-02-09T22:20:39.420+0000][7][gc,phases   ] GC(84)   Merge Heap Roots: 0.1ms
[2024-02-09T22:20:39.420+0000][7][gc,phases   ] GC(84)   Evacuate Collection Set: 1.5ms
[2024-02-09T22:20:39.420+0000][7][gc,phases   ] GC(84)   Post Evacuate Collection Set: 0.9ms
[2024-02-09T22:20:39.420+0000][7][gc,phases   ] GC(84)   Other: 0.1ms
[2024-02-09T22:20:39.420+0000][7][gc,age      ] GC(84) Age table with threshold 15 (max threshold 15)
[2024-02-09T22:20:39.420+0000][7][gc,age      ] GC(84) - age   1:     898856 bytes,     898856 total
[2024-02-09T22:20:39.420+0000][7][gc,age      ] GC(84) - age   2:       5504 bytes,     904360 total
[2024-02-09T22:20:39.420+0000][7][gc,age      ] GC(84) - age   3:        688 bytes,     905048 total
[2024-02-09T22:20:39.420+0000][7][gc,age      ] GC(84) - age   4:     136328 bytes,    1041376 total
[2024-02-09T22:20:39.420+0000][7][gc,age      ] GC(84) - age   5:        416 bytes,    1041792 total
[2024-02-09T22:20:39.420+0000][7][gc,age      ] GC(84) - age   6:        912 bytes,    1042704 total
[2024-02-09T22:20:39.420+0000][7][gc,age      ] GC(84) - age   7:         88 bytes,    1042792 total
[2024-02-09T22:20:39.420+0000][7][gc,age      ] GC(84) - age   8:     156496 bytes,    1199288 total
[2024-02-09T22:20:39.420+0000][7][gc,age      ] GC(84) - age   9:        400 bytes,    1199688 total
[2024-02-09T22:20:39.420+0000][7][gc,age      ] GC(84) - age  10:        472 bytes,    1200160 total
[2024-02-09T22:20:39.420+0000][7][gc,age      ] GC(84) - age  11:      11040 bytes,    1211200 total
[2024-02-09T22:20:39.420+0000][7][gc,age      ] GC(84) - age  12:        640 bytes,    1211840 total
[2024-02-09T22:20:39.420+0000][7][gc,age      ] GC(84) - age  13:         64 bytes,    1211904 total
[2024-02-09T22:20:39.420+0000][7][gc,age      ] GC(84) - age  14:        864 bytes,    1212768 total
[2024-02-09T22:20:39.420+0000][7][gc,age      ] GC(84) - age  15:      36568 bytes,    1249336 total
[2024-02-09T22:20:39.420+0000][7][gc,heap     ] GC(84) Eden regions: 152->0(152)
[2024-02-09T22:20:39.420+0000][7][gc,heap     ] GC(84) Survivor regions: 1->1(20)
[2024-02-09T22:20:39.420+0000][7][gc,heap     ] GC(84) Old regions: 23->23
[2024-02-09T22:20:39.420+0000][7][gc,heap     ] GC(84) Archive regions: 2->2
[2024-02-09T22:20:39.420+0000][7][gc,heap     ] GC(84) Humongous regions: 0->0
[2024-02-09T22:20:39.420+0000][7][gc,metaspace] GC(84) Metaspace: 128803K(132544K)->128803K(132544K) NonClass: 111895K(113856K)->111895K(113856K) Class: 16908K(18688K)->16908K(18688K)
[2024-02-09T22:20:39.420+0000][7][gc          ] GC(84) Pause Young (Normal) (G1 Evacuation Pause) 703M->94M(1024M) 3.081ms
[2024-02-09T22:20:39.420+0000][7][gc,cpu      ] GC(84) User=0.01s Sys=0.00s Real=0.00s
[2024-02-09T22:20:39.420+0000][7][safepoint   ] Safepoint "G1CollectForAllocation", Time since last: 68440517893 ns, Reaching safepoint: 100157 ns, At safepoint: 3205607 ns, Total: 3305764 ns
[2024-02-09T22:23:23.956+0000][7][gc,start    ] GC(85) Pause Young (Normal) (G1 Evacuation Pause)
[2024-02-09T22:23:23.956+0000][7][gc,task     ] GC(85) Using 8 workers of 8 for evacuation
[2024-02-09T22:23:23.956+0000][7][gc,age      ] GC(85) Desired survivor size 41943040 bytes, new threshold 15 (max threshold 15)
[2024-02-09T22:23:23.957+0000][7][gc,phases   ] GC(85)   Pre Evacuate Collection Set: 0.1ms
[2024-02-09T22:23:23.957+0000][7][gc,phases   ] GC(85)   Merge Heap Roots: 0.0ms
[2024-02-09T22:23:23.957+0000][7][gc,phases   ] GC(85)   Evacuate Collection Set: 1.0ms
[2024-02-09T22:23:23.957+0000][7][gc,phases   ] GC(85)   Post Evacuate Collection Set: 0.5ms
[2024-02-09T22:23:23.957+0000][7][gc,phases   ] GC(85)   Other: 0.1ms
[2024-02-09T22:23:23.957+0000][7][gc,age      ] GC(85) Age table with threshold 15 (max threshold 15)
[2024-02-09T22:23:23.957+0000][7][gc,age      ] GC(85) - age   1:    1036488 bytes,    1036488 total
[2024-02-09T22:23:23.957+0000][7][gc,age      ] GC(85) - age   2:       5952 bytes,    1042440 total
[2024-02-09T22:23:23.957+0000][7][gc,age      ] GC(85) - age   3:       2336 bytes,    1044776 total
[2024-02-09T22:23:23.957+0000][7][gc,age      ] GC(85) - age   4:        496 bytes,    1045272 total
[2024-02-09T22:23:23.957+0000][7][gc,age      ] GC(85) - age   5:     136328 bytes,    1181600 total
[2024-02-09T22:23:23.957+0000][7][gc,age      ] GC(85) - age   6:        416 bytes,    1182016 total
[2024-02-09T22:23:23.957+0000][7][gc,age      ] GC(85) - age   7:        912 bytes,    1182928 total
[2024-02-09T22:23:23.957+0000][7][gc,age      ] GC(85) - age   8:         88 bytes,    1183016 total
[2024-02-09T22:23:23.957+0000][7][gc,age      ] GC(85) - age   9:     156496 bytes,    1339512 total
[2024-02-09T22:23:23.957+0000][7][gc,age      ] GC(85) - age  10:        400 bytes,    1339912 total
[2024-02-09T22:23:23.957+0000][7][gc,age      ] GC(85) - age  11:        472 bytes,    1340384 total
[2024-02-09T22:23:23.957+0000][7][gc,age      ] GC(85) - age  12:      11040 bytes,    1351424 total
[2024-02-09T22:23:23.957+0000][7][gc,age      ] GC(85) - age  13:        640 bytes,    1352064 total
[2024-02-09T22:23:23.957+0000][7][gc,age      ] GC(85) - age  14:         64 bytes,    1352128 total
[2024-02-09T22:23:23.957+0000][7][gc,age      ] GC(85) - age  15:        864 bytes,    1352992 total
[2024-02-09T22:23:23.958+0000][7][gc,heap     ] GC(85) Eden regions: 152->0(152)
[2024-02-09T22:23:23.958+0000][7][gc,heap     ] GC(85) Survivor regions: 1->1(20)
[2024-02-09T22:23:23.958+0000][7][gc,heap     ] GC(85) Old regions: 23->23
[2024-02-09T22:23:23.958+0000][7][gc,heap     ] GC(85) Archive regions: 2->2
[2024-02-09T22:23:23.958+0000][7][gc,heap     ] GC(85) Humongous regions: 0->0
[2024-02-09T22:23:23.958+0000][7][gc,metaspace] GC(85) Metaspace: 128803K(132544K)->128803K(132544K) NonClass: 111895K(113856K)->111895K(113856K) Class: 16908K(18688K)->16908K(18688K)
[2024-02-09T22:23:23.958+0000][7][gc          ] GC(85) Pause Young (Normal) (G1 Evacuation Pause) 702M->94M(1024M) 1.907ms
[2024-02-09T22:23:23.958+0000][7][gc,cpu      ] GC(85) User=0.01s Sys=0.00s Real=0.01s
[2024-02-09T22:23:23.958+0000][7][safepoint   ] Safepoint "G1CollectForAllocation", Time since last: 164535066529 ns, Reaching safepoint: 106989 ns, At safepoint: 1972694 ns, Total: 2079683 ns
[2024-02-09T22:24:15.965+0000][7][safepoint   ] Safepoint "Cleanup", Time since last: 52007214438 ns, Reaching safepoint: 123709 ns, At safepoint: 12031 ns, Total: 135740 ns
[2024-02-09T22:24:17.965+0000][7][safepoint   ] Safepoint "Cleanup", Time since last: 2000366544 ns, Reaching safepoint: 90633 ns, At safepoint: 8476 ns, Total: 99109 ns
[2024-02-09T22:24:50.972+0000][7][safepoint   ] Safepoint "Cleanup", Time since last: 33006057708 ns, Reaching safepoint: 80429 ns, At safepoint: 11482 ns, Total: 91911 ns
[2024-02-09T22:25:30.979+0000][7][safepoint   ] Safepoint "Cleanup", Time since last: 40006929850 ns, Reaching safepoint: 119264 ns, At safepoint: 11346 ns, Total: 130610 ns
[2024-02-09T22:25:36.980+0000][7][safepoint   ] Safepoint "Cleanup", Time since last: 6001236317 ns, Reaching safepoint: 86304 ns, At safepoint: 8651 ns, Total: 94955 ns
[2024-02-09T22:25:53.943+0000][7][gc,start    ] GC(86) Pause Young (Normal) (G1 Evacuation Pause)
[2024-02-09T22:25:53.943+0000][7][gc,task     ] GC(86) Using 8 workers of 8 for evacuation
[2024-02-09T22:25:53.943+0000][7][gc,age      ] GC(86) Desired survivor size 41943040 bytes, new threshold 15 (max threshold 15)
[2024-02-09T22:25:53.946+0000][7][gc,phases   ] GC(86)   Pre Evacuate Collection Set: 0.1ms
[2024-02-09T22:25:53.946+0000][7][gc,phases   ] GC(86)   Merge Heap Roots: 0.1ms
[2024-02-09T22:25:53.946+0000][7][gc,phases   ] GC(86)   Evacuate Collection Set: 1.6ms
[2024-02-09T22:25:53.946+0000][7][gc,phases   ] GC(86)   Post Evacuate Collection Set: 0.8ms
[2024-02-09T22:25:53.946+0000][7][gc,phases   ] GC(86)   Other: 0.1ms
[2024-02-09T22:25:53.946+0000][7][gc,age      ] GC(86) Age table with threshold 15 (max threshold 15)
[2024-02-09T22:25:53.946+0000][7][gc,age      ] GC(86) - age   1:    2155448 bytes,    2155448 total
[2024-02-09T22:25:53.946+0000][7][gc,age      ] GC(86) - age   2:       2112 bytes,    2157560 total
[2024-02-09T22:25:53.946+0000][7][gc,age      ] GC(86) - age   3:       3944 bytes,    2161504 total
[2024-02-09T22:25:53.946+0000][7][gc,age      ] GC(86) - age   4:       1448 bytes,    2162952 total
[2024-02-09T22:25:53.946+0000][7][gc,age      ] GC(86) - age   5:        496 bytes,    2163448 total
[2024-02-09T22:25:53.946+0000][7][gc,age      ] GC(86) - age   6:     135800 bytes,    2299248 total
[2024-02-09T22:25:53.946+0000][7][gc,age      ] GC(86) - age   7:        416 bytes,    2299664 total
[2024-02-09T22:25:53.946+0000][7][gc,age      ] GC(86) - age   8:        912 bytes,    2300576 total
[2024-02-09T22:25:53.946+0000][7][gc,age      ] GC(86) - age   9:         88 bytes,    2300664 total
[2024-02-09T22:25:53.946+0000][7][gc,age      ] GC(86) - age  10:     148480 bytes,    2449144 total
[2024-02-09T22:25:53.946+0000][7][gc,age      ] GC(86) - age  11:        400 bytes,    2449544 total
[2024-02-09T22:25:53.946+0000][7][gc,age      ] GC(86) - age  12:        472 bytes,    2450016 total
[2024-02-09T22:25:53.946+0000][7][gc,age      ] GC(86) - age  13:      10920 bytes,    2460936 total
[2024-02-09T22:25:53.946+0000][7][gc,age      ] GC(86) - age  14:        640 bytes,    2461576 total
[2024-02-09T22:25:53.946+0000][7][gc,age      ] GC(86) - age  15:         64 bytes,    2461640 total
[2024-02-09T22:25:53.946+0000][7][gc,heap     ] GC(86) Eden regions: 152->0(152)
[2024-02-09T22:25:53.946+0000][7][gc,heap     ] GC(86) Survivor regions: 1->1(20)
[2024-02-09T22:25:53.946+0000][7][gc,heap     ] GC(86) Old regions: 23->23
[2024-02-09T22:25:53.946+0000][7][gc,heap     ] GC(86) Archive regions: 2->2
[2024-02-09T22:25:53.946+0000][7][gc,heap     ] GC(86) Humongous regions: 0->0
[2024-02-09T22:25:53.946+0000][7][gc,metaspace] GC(86) Metaspace: 128833K(132544K)->128833K(132544K) NonClass: 111922K(113856K)->111922K(113856K) Class: 16911K(18688K)->16911K(18688K)
[2024-02-09T22:25:53.946+0000][7][gc          ] GC(86) Pause Young (Normal) (G1 Evacuation Pause) 702M->95M(1024M) 3.023ms
[2024-02-09T22:25:53.946+0000][7][gc,cpu      ] GC(86) User=0.01s Sys=0.00s Real=0.00s
[2024-02-09T22:25:53.946+0000][7][safepoint   ] Safepoint "G1CollectForAllocation", Time since last: 16963160263 ns, Reaching safepoint: 65674 ns, At safepoint: 3114927 ns, Total: 3180601 ns
[2024-02-09T22:26:30.953+0000][7][safepoint   ] Safepoint "Cleanup", Time since last: 37006207234 ns, Reaching safepoint: 88130 ns, At safepoint: 12617 ns, Total: 100747 ns
[2024-02-09T22:27:30.961+0000][7][safepoint   ] Safepoint "Cleanup", Time since last: 60008067441 ns, Reaching safepoint: 135849 ns, At safepoint: 8309 ns, Total: 144158 ns
[2024-02-09T22:28:06.966+0000][7][safepoint   ] Safepoint "Cleanup", Time since last: 36005547571 ns, Reaching safepoint: 108455 ns, At safepoint: 11581 ns, Total: 120036 ns
[2024-02-09T22:28:30.971+0000][7][safepoint   ] Safepoint "Cleanup", Time since last: 24003995926 ns, Reaching safepoint: 112400 ns, At safepoint: 10152 ns, Total: 122552 ns
[2024-02-09T22:28:37.419+0000][7][gc,start    ] GC(87) Pause Young (Normal) (G1 Evacuation Pause)
[2024-02-09T22:28:37.419+0000][7][gc,task     ] GC(87) Using 8 workers of 8 for evacuation
[2024-02-09T22:28:37.419+0000][7][gc,age      ] GC(87) Desired survivor size 41943040 bytes, new threshold 15 (max threshold 15)
[2024-02-09T22:28:37.422+0000][7][gc,phases   ] GC(87)   Pre Evacuate Collection Set: 0.1ms
[2024-02-09T22:28:37.422+0000][7][gc,phases   ] GC(87)   Merge Heap Roots: 0.1ms
[2024-02-09T22:28:37.422+0000][7][gc,phases   ] GC(87)   Evacuate Collection Set: 2.0ms
[2024-02-09T22:28:37.422+0000][7][gc,phases   ] GC(87)   Post Evacuate Collection Set: 1.1ms
[2024-02-09T22:28:37.422+0000][7][gc,phases   ] GC(87)   Other: 0.1ms
[2024-02-09T22:28:37.422+0000][7][gc,age      ] GC(87) Age table with threshold 15 (max threshold 15)
[2024-02-09T22:28:37.422+0000][7][gc,age      ] GC(87) - age   1:    1467160 bytes,    1467160 total
[2024-02-09T22:28:37.422+0000][7][gc,age      ] GC(87) - age   2:     294224 bytes,    1761384 total
[2024-02-09T22:28:37.422+0000][7][gc,age      ] GC(87) - age   3:        576 bytes,    1761960 total
[2024-02-09T22:28:37.422+0000][7][gc,age      ] GC(87) - age   4:       3584 bytes,    1765544 total
[2024-02-09T22:28:37.422+0000][7][gc,age      ] GC(87) - age   5:        608 bytes,    1766152 total
[2024-02-09T22:28:37.422+0000][7][gc,age      ] GC(87) - age   6:        496 bytes,    1766648 total
[2024-02-09T22:28:37.422+0000][7][gc,age      ] GC(87) - age   7:     135616 bytes,    1902264 total
[2024-02-09T22:28:37.422+0000][7][gc,age      ] GC(87) - age   9:        912 bytes,    1903176 total
[2024-02-09T22:28:37.422+0000][7][gc,age      ] GC(87) - age  10:         88 bytes,    1903264 total
[2024-02-09T22:28:37.422+0000][7][gc,age      ] GC(87) - age  11:     148480 bytes,    2051744 total
[2024-02-09T22:28:37.422+0000][7][gc,age      ] GC(87) - age  12:        400 bytes,    2052144 total
[2024-02-09T22:28:37.422+0000][7][gc,age      ] GC(87) - age  13:        472 bytes,    2052616 total
[2024-02-09T22:28:37.422+0000][7][gc,age      ] GC(87) - age  14:      10920 bytes,    2063536 total
[2024-02-09T22:28:37.423+0000][7][gc,age      ] GC(87) - age  15:        640 bytes,    2064176 total
[2024-02-09T22:28:37.423+0000][7][gc,heap     ] GC(87) Eden regions: 152->0(152)
[2024-02-09T22:28:37.423+0000][7][gc,heap     ] GC(87) Survivor regions: 1->1(20)
[2024-02-09T22:28:37.423+0000][7][gc,heap     ] GC(87) Old regions: 23->23
[2024-02-09T22:28:37.423+0000][7][gc,heap     ] GC(87) Archive regions: 2->2
[2024-02-09T22:28:37.423+0000][7][gc,heap     ] GC(87) Humongous regions: 0->0
[2024-02-09T22:28:37.423+0000][7][gc,metaspace] GC(87) Metaspace: 128840K(132544K)->128840K(132544K) NonClass: 111929K(113856K)->111929K(113856K) Class: 16911K(18688K)->16911K(18688K)
[2024-02-09T22:28:37.423+0000][7][gc          ] GC(87) Pause Young (Normal) (G1 Evacuation Pause) 703M->95M(1024M) 3.897ms
[2024-02-09T22:28:37.423+0000][7][gc,cpu      ] GC(87) User=0.02s Sys=0.00s Real=0.00s
[2024-02-09T22:28:37.423+0000][7][safepoint   ] Safepoint "G1CollectForAllocation", Time since last: 6448018368 ns, Reaching safepoint: 63372 ns, At safepoint: 4009777 ns, Total: 4073149 ns
[2024-02-09T22:29:31.433+0000][7][safepoint   ] Safepoint "Cleanup", Time since last: 54009822224 ns, Reaching safepoint: 136892 ns, At safepoint: 11267 ns, Total: 148159 ns
[2024-02-09T22:30:15.441+0000][7][safepoint   ] Safepoint "Cleanup", Time since last: 44008015827 ns, Reaching safepoint: 88092 ns, At safepoint: 46396 ns, Total: 134488 ns
[2024-02-09T22:31:17.960+0000][7][gc,start    ] GC(88) Pause Young (Normal) (G1 Evacuation Pause)
[2024-02-09T22:31:17.960+0000][7][gc,task     ] GC(88) Using 8 workers of 8 for evacuation
[2024-02-09T22:31:17.960+0000][7][gc,age      ] GC(88) Desired survivor size 41943040 bytes, new threshold 15 (max threshold 15)
[2024-02-09T22:31:17.963+0000][7][gc,phases   ] GC(88)   Pre Evacuate Collection Set: 0.2ms
[2024-02-09T22:31:17.963+0000][7][gc,phases   ] GC(88)   Merge Heap Roots: 0.1ms
[2024-02-09T22:31:17.963+0000][7][gc,phases   ] GC(88)   Evacuate Collection Set: 1.5ms
[2024-02-09T22:31:17.963+0000][7][gc,phases   ] GC(88)   Post Evacuate Collection Set: 0.9ms
[2024-02-09T22:31:17.963+0000][7][gc,phases   ] GC(88)   Other: 0.1ms
[2024-02-09T22:31:17.963+0000][7][gc,age      ] GC(88) Age table with threshold 15 (max threshold 15)
[2024-02-09T22:31:17.963+0000][7][gc,age      ] GC(88) - age   1:    1275880 bytes,    1275880 total
[2024-02-09T22:31:17.963+0000][7][gc,age      ] GC(88) - age   2:      12232 bytes,    1288112 total
[2024-02-09T22:31:17.963+0000][7][gc,age      ] GC(88) - age   3:     283664 bytes,    1571776 total
[2024-02-09T22:31:17.963+0000][7][gc,age      ] GC(88) - age   4:        384 bytes,    1572160 total
[2024-02-09T22:31:17.963+0000][7][gc,age      ] GC(88) - age   5:        128 bytes,    1572288 total
[2024-02-09T22:31:17.963+0000][7][gc,age      ] GC(88) - age   6:        216 bytes,    1572504 total
[2024-02-09T22:31:17.963+0000][7][gc,age      ] GC(88) - age   7:        496 bytes,    1573000 total
[2024-02-09T22:31:17.963+0000][7][gc,age      ] GC(88) - age   8:     135584 bytes,    1708584 total
[2024-02-09T22:31:17.963+0000][7][gc,age      ] GC(88) - age  10:        912 bytes,    1709496 total
[2024-02-09T22:31:17.963+0000][7][gc,age      ] GC(88) - age  11:         88 bytes,    1709584 total
[2024-02-09T22:31:17.963+0000][7][gc,age      ] GC(88) - age  12:     148480 bytes,    1858064 total
[2024-02-09T22:31:17.963+0000][7][gc,age      ] GC(88) - age  13:        400 bytes,    1858464 total
[2024-02-09T22:31:17.963+0000][7][gc,age      ] GC(88) - age  14:        472 bytes,    1858936 total
[2024-02-09T22:31:17.963+0000][7][gc,age      ] GC(88) - age  15:      10920 bytes,    1869856 total
[2024-02-09T22:31:17.963+0000][7][gc,heap     ] GC(88) Eden regions: 152->0(152)
[2024-02-09T22:31:17.963+0000][7][gc,heap     ] GC(88) Survivor regions: 1->1(20)
[2024-02-09T22:31:17.963+0000][7][gc,heap     ] GC(88) Old regions: 23->23
[2024-02-09T22:31:17.963+0000][7][gc,heap     ] GC(88) Archive regions: 2->2
[2024-02-09T22:31:17.963+0000][7][gc,heap     ] GC(88) Humongous regions: 0->0
[2024-02-09T22:31:17.963+0000][7][gc,metaspace] GC(88) Metaspace: 128843K(132544K)->128843K(132544K) NonClass: 111931K(113856K)->111931K(113856K) Class: 16911K(18688K)->16911K(18688K)
[2024-02-09T22:31:17.963+0000][7][gc          ] GC(88) Pause Young (Normal) (G1 Evacuation Pause) 703M->95M(1024M) 3.062ms
[2024-02-09T22:31:17.963+0000][7][gc,cpu      ] GC(88) User=0.00s Sys=0.01s Real=0.00s
[2024-02-09T22:31:17.963+0000][7][safepoint   ] Safepoint "G1CollectForAllocation", Time since last: 62519198161 ns, Reaching safepoint: 90918 ns, At safepoint: 3161750 ns, Total: 3252668 ns
[2024-02-09T22:31:29.965+0000][7][safepoint   ] Safepoint "Cleanup", Time since last: 12001857965 ns, Reaching safepoint: 72408 ns, At safepoint: 6779 ns, Total: 79187 ns
[2024-02-09T22:32:03.971+0000][7][safepoint   ] Safepoint "Cleanup", Time since last: 34005408866 ns, Reaching safepoint: 84207 ns, At safepoint: 44840 ns, Total: 129047 ns
[2024-02-09T22:33:30.984+0000][7][safepoint   ] Safepoint "Cleanup", Time since last: 87012789427 ns, Reaching safepoint: 115766 ns, At safepoint: 8462 ns, Total: 124228 ns
[2024-02-09T22:33:59.972+0000][7][gc,start    ] GC(89) Pause Young (Normal) (G1 Evacuation Pause)
[2024-02-09T22:33:59.972+0000][7][gc,task     ] GC(89) Using 8 workers of 8 for evacuation
[2024-02-09T22:33:59.972+0000][7][gc,age      ] GC(89) Desired survivor size 41943040 bytes, new threshold 15 (max threshold 15)
[2024-02-09T22:33:59.975+0000][7][gc,phases   ] GC(89)   Pre Evacuate Collection Set: 0.1ms
[2024-02-09T22:33:59.975+0000][7][gc,phases   ] GC(89)   Merge Heap Roots: 0.1ms
[2024-02-09T22:33:59.975+0000][7][gc,phases   ] GC(89)   Evacuate Collection Set: 1.6ms
[2024-02-09T22:33:59.975+0000][7][gc,phases   ] GC(89)   Post Evacuate Collection Set: 0.8ms
[2024-02-09T22:33:59.975+0000][7][gc,phases   ] GC(89)   Other: 0.1ms
[2024-02-09T22:33:59.975+0000][7][gc,age      ] GC(89) Age table with threshold 15 (max threshold 15)
[2024-02-09T22:33:59.975+0000][7][gc,age      ] GC(89) - age   1:    1550120 bytes,    1550120 total
[2024-02-09T22:33:59.975+0000][7][gc,age      ] GC(89) - age   2:       6600 bytes,    1556720 total
[2024-02-09T22:33:59.975+0000][7][gc,age      ] GC(89) - age   3:       2360 bytes,    1559080 total
[2024-02-09T22:33:59.975+0000][7][gc,age      ] GC(89) - age   4:     282816 bytes,    1841896 total
[2024-02-09T22:33:59.975+0000][7][gc,age      ] GC(89) - age   5:        256 bytes,    1842152 total
[2024-02-09T22:33:59.975+0000][7][gc,age      ] GC(89) - age   6:         64 bytes,    1842216 total
[2024-02-09T22:33:59.975+0000][7][gc,age      ] GC(89) - age   7:        216 bytes,    1842432 total
[2024-02-09T22:33:59.975+0000][7][gc,age      ] GC(89) - age   8:        496 bytes,    1842928 total
[2024-02-09T22:33:59.975+0000][7][gc,age      ] GC(89) - age   9:     135384 bytes,    1978312 total
[2024-02-09T22:33:59.975+0000][7][gc,age      ] GC(89) - age  11:        912 bytes,    1979224 total
[2024-02-09T22:33:59.975+0000][7][gc,age      ] GC(89) - age  12:         88 bytes,    1979312 total
[2024-02-09T22:33:59.975+0000][7][gc,age      ] GC(89) - age  13:     148480 bytes,    2127792 total
[2024-02-09T22:33:59.975+0000][7][gc,age      ] GC(89) - age  14:        216 bytes,    2128008 total
[2024-02-09T22:33:59.975+0000][7][gc,age      ] GC(89) - age  15:        472 bytes,    2128480 total
[2024-02-09T22:33:59.975+0000][7][gc,heap     ] GC(89) Eden regions: 152->0(152)
[2024-02-09T22:33:59.975+0000][7][gc,heap     ] GC(89) Survivor regions: 1->1(20)
[2024-02-09T22:33:59.975+0000][7][gc,heap     ] GC(89) Old regions: 23->23
[2024-02-09T22:33:59.975+0000][7][gc,heap     ] GC(89) Archive regions: 2->2
[2024-02-09T22:33:59.975+0000][7][gc,heap     ] GC(89) Humongous regions: 0->0
[2024-02-09T22:33:59.975+0000][7][gc,metaspace] GC(89) Metaspace: 128845K(132544K)->128845K(132544K) NonClass: 111933K(113856K)->111933K(113856K) Class: 16911K(18688K)->16911K(18688K)
[2024-02-09T22:33:59.975+0000][7][gc          ] GC(89) Pause Young (Normal) (G1 Evacuation Pause) 703M->95M(1024M) 3.002ms
[2024-02-09T22:33:59.975+0000][7][gc,cpu      ] GC(89) User=0.01s Sys=0.00s Real=0.00s
[2024-02-09T22:33:59.975+0000][7][safepoint   ] Safepoint "G1CollectForAllocation", Time since last: 28988054950 ns, Reaching safepoint: 104133 ns, At safepoint: 3095956 ns, Total: 3200089 ns
[2024-02-09T22:34:07.046+0000][7][safepoint   ] Safepoint "Cleanup", Time since last: 7070969329 ns, Reaching safepoint: 153951 ns, At safepoint: 8634 ns, Total: 162585 ns
[2024-02-09T22:34:24.049+0000][7][safepoint   ] Safepoint "Cleanup", Time since last: 17003282619 ns, Reaching safepoint: 117400 ns, At safepoint: 25237 ns, Total: 142637 ns
[2024-02-09T22:34:25.050+0000][7][safepoint   ] Safepoint "Cleanup", Time since last: 1000256592 ns, Reaching safepoint: 91136 ns, At safepoint: 9000 ns, Total: 100136 ns
[2024-02-09T22:34:31.051+0000][7][safepoint   ] Safepoint "Cleanup", Time since last: 6001242986 ns, Reaching safepoint: 112998 ns, At safepoint: 8378 ns, Total: 121376 ns
[2024-02-09T22:35:31.061+0000][7][safepoint   ] Safepoint "Cleanup", Time since last: 60009698309 ns, Reaching safepoint: 106942 ns, At safepoint: 9496 ns, Total: 116438 ns
[2024-02-09T22:36:00.066+0000][7][safepoint   ] Safepoint "Cleanup", Time since last: 29005227140 ns, Reaching safepoint: 121795 ns, At safepoint: 12243 ns, Total: 134038 ns
[2024-02-09T22:36:31.072+0000][7][safepoint   ] Safepoint "Cleanup", Time since last: 31005358154 ns, Reaching safepoint: 117445 ns, At safepoint: 7678 ns, Total: 125123 ns
[2024-02-09T22:36:38.987+0000][7][gc,start    ] GC(90) Pause Young (Normal) (G1 Evacuation Pause)
[2024-02-09T22:36:38.987+0000][7][gc,task     ] GC(90) Using 8 workers of 8 for evacuation
[2024-02-09T22:36:38.987+0000][7][gc,age      ] GC(90) Desired survivor size 41943040 bytes, new threshold 15 (max threshold 15)
[2024-02-09T22:36:38.990+0000][7][gc,phases   ] GC(90)   Pre Evacuate Collection Set: 0.1ms
[2024-02-09T22:36:38.990+0000][7][gc,phases   ] GC(90)   Merge Heap Roots: 0.1ms
[2024-02-09T22:36:38.990+0000][7][gc,phases   ] GC(90)   Evacuate Collection Set: 1.8ms
[2024-02-09T22:36:38.990+0000][7][gc,phases   ] GC(90)   Post Evacuate Collection Set: 0.8ms
[2024-02-09T22:36:38.990+0000][7][gc,phases   ] GC(90)   Other: 0.1ms
[2024-02-09T22:36:38.990+0000][7][gc,age      ] GC(90) Age table with threshold 15 (max threshold 15)
[2024-02-09T22:36:38.990+0000][7][gc,age      ] GC(90) - age   1:    2155384 bytes,    2155384 total
[2024-02-09T22:36:38.990+0000][7][gc,age      ] GC(90) - age   2:      94192 bytes,    2249576 total
[2024-02-09T22:36:38.990+0000][7][gc,age      ] GC(90) - age   3:       4368 bytes,    2253944 total
[2024-02-09T22:36:38.990+0000][7][gc,age      ] GC(90) - age   4:       1560 bytes,    2255504 total
[2024-02-09T22:36:38.990+0000][7][gc,age      ] GC(90) - age   5:     282680 bytes,    2538184 total
[2024-02-09T22:36:38.990+0000][7][gc,age      ] GC(90) - age   6:        256 bytes,    2538440 total
[2024-02-09T22:36:38.990+0000][7][gc,age      ] GC(90) - age   7:         64 bytes,    2538504 total
[2024-02-09T22:36:38.990+0000][7][gc,age      ] GC(90) - age   8:        216 bytes,    2538720 total
[2024-02-09T22:36:38.990+0000][7][gc,age      ] GC(90) - age   9:        496 bytes,    2539216 total
[2024-02-09T22:36:38.990+0000][7][gc,age      ] GC(90) - age  10:     135384 bytes,    2674600 total
[2024-02-09T22:36:38.990+0000][7][gc,age      ] GC(90) - age  12:        912 bytes,    2675512 total
[2024-02-09T22:36:38.990+0000][7][gc,age      ] GC(90) - age  13:         88 bytes,    2675600 total
[2024-02-09T22:36:38.990+0000][7][gc,age      ] GC(90) - age  14:     148480 bytes,    2824080 total
[2024-02-09T22:36:38.990+0000][7][gc,age      ] GC(90) - age  15:        216 bytes,    2824296 total
[2024-02-09T22:36:38.990+0000][7][gc,heap     ] GC(90) Eden regions: 152->0(152)
[2024-02-09T22:36:38.990+0000][7][gc,heap     ] GC(90) Survivor regions: 1->1(20)
[2024-02-09T22:36:38.990+0000][7][gc,heap     ] GC(90) Old regions: 23->23
[2024-02-09T22:36:38.990+0000][7][gc,heap     ] GC(90) Archive regions: 2->2
[2024-02-09T22:36:38.990+0000][7][gc,heap     ] GC(90) Humongous regions: 0->0
[2024-02-09T22:36:38.990+0000][7][gc,metaspace] GC(90) Metaspace: 128861K(132544K)->128861K(132544K) NonClass: 111949K(113856K)->111949K(113856K) Class: 16911K(18688K)->16911K(18688K)
[2024-02-09T22:36:38.990+0000][7][gc          ] GC(90) Pause Young (Normal) (G1 Evacuation Pause) 703M->96M(1024M) 3.178ms
[2024-02-09T22:36:38.990+0000][7][gc,cpu      ] GC(90) User=0.01s Sys=0.00s Real=0.01s
[2024-02-09T22:36:38.990+0000][7][safepoint   ] Safepoint "G1CollectForAllocation", Time since last: 7914975486 ns, Reaching safepoint: 121193 ns, At safepoint: 3276885 ns, Total: 3398078 ns
[2024-02-09T22:36:39.991+0000][7][safepoint   ] Safepoint "Cleanup", Time since last: 1000210696 ns, Reaching safepoint: 80751 ns, At safepoint: 11761 ns, Total: 92512 ns
[2024-02-09T22:37:49.000+0000][7][safepoint   ] Safepoint "Cleanup", Time since last: 69009468216 ns, Reaching safepoint: 83560 ns, At safepoint: 8885 ns, Total: 92445 ns
[2024-02-09T22:38:04.002+0000][7][safepoint   ] Safepoint "Cleanup", Time since last: 15001515452 ns, Reaching safepoint: 104074 ns, At safepoint: 44002 ns, Total: 148076 ns
[2024-02-09T22:38:31.005+0000][7][safepoint   ] Safepoint "Cleanup", Time since last: 27003457427 ns, Reaching safepoint: 91726 ns, At safepoint: 11753 ns, Total: 103479 ns
[2024-02-09T22:39:17.959+0000][7][gc,start    ] GC(91) Pause Young (Normal) (G1 Evacuation Pause)
[2024-02-09T22:39:17.959+0000][7][gc,task     ] GC(91) Using 8 workers of 8 for evacuation
[2024-02-09T22:39:17.959+0000][7][gc,age      ] GC(91) Desired survivor size 41943040 bytes, new threshold 15 (max threshold 15)
[2024-02-09T22:39:17.962+0000][7][gc,phases   ] GC(91)   Pre Evacuate Collection Set: 0.1ms
[2024-02-09T22:39:17.962+0000][7][gc,phases   ] GC(91)   Merge Heap Roots: 0.1ms
[2024-02-09T22:39:17.962+0000][7][gc,phases   ] GC(91)   Evacuate Collection Set: 1.3ms
[2024-02-09T22:39:17.962+0000][7][gc,phases   ] GC(91)   Post Evacuate Collection Set: 0.9ms
[2024-02-09T22:39:17.962+0000][7][gc,phases   ] GC(91)   Other: 0.1ms
[2024-02-09T22:39:17.962+0000][7][gc,age      ] GC(91) Age table with threshold 15 (max threshold 15)
[2024-02-09T22:39:17.962+0000][7][gc,age      ] GC(91) - age   1:     815064 bytes,     815064 total
[2024-02-09T22:39:17.962+0000][7][gc,age      ] GC(91) - age   2:      98000 bytes,     913064 total
[2024-02-09T22:39:17.962+0000][7][gc,age      ] GC(91) - age   3:      92048 bytes,    1005112 total
[2024-02-09T22:39:17.962+0000][7][gc,age      ] GC(91) - age   4:       4304 bytes,    1009416 total
[2024-02-09T22:39:17.962+0000][7][gc,age      ] GC(91) - age   5:        872 bytes,    1010288 total
[2024-02-09T22:39:17.962+0000][7][gc,age      ] GC(91) - age   6:     282680 bytes,    1292968 total
[2024-02-09T22:39:17.962+0000][7][gc,age      ] GC(91) - age   7:        256 bytes,    1293224 total
[2024-02-09T22:39:17.962+0000][7][gc,age      ] GC(91) - age   8:         64 bytes,    1293288 total
[2024-02-09T22:39:17.962+0000][7][gc,age      ] GC(91) - age   9:        184 bytes,    1293472 total
[2024-02-09T22:39:17.962+0000][7][gc,age      ] GC(91) - age  10:        496 bytes,    1293968 total
[2024-02-09T22:39:17.962+0000][7][gc,age      ] GC(91) - age  11:     135384 bytes,    1429352 total
[2024-02-09T22:39:17.962+0000][7][gc,age      ] GC(91) - age  13:        912 bytes,    1430264 total
[2024-02-09T22:39:17.962+0000][7][gc,age      ] GC(91) - age  14:         88 bytes,    1430352 total
[2024-02-09T22:39:17.962+0000][7][gc,age      ] GC(91) - age  15:     148480 bytes,    1578832 total
[2024-02-09T22:39:17.962+0000][7][gc,heap     ] GC(91) Eden regions: 152->0(152)
[2024-02-09T22:39:17.962+0000][7][gc,heap     ] GC(91) Survivor regions: 1->1(20)
[2024-02-09T22:39:17.962+0000][7][gc,heap     ] GC(91) Old regions: 23->23
[2024-02-09T22:39:17.962+0000][7][gc,heap     ] GC(91) Archive regions: 2->2
[2024-02-09T22:39:17.962+0000][7][gc,heap     ] GC(91) Humongous regions: 0->0
[2024-02-09T22:39:17.962+0000][7][gc,metaspace] GC(91) Metaspace: 128870K(132544K)->128870K(132544K) NonClass: 111959K(113856K)->111959K(113856K) Class: 16911K(18688K)->16911K(18688K)
[2024-02-09T22:39:17.962+0000][7][gc          ] GC(91) Pause Young (Normal) (G1 Evacuation Pause) 704M->95M(1024M) 2.855ms
[2024-02-09T22:39:17.962+0000][7][gc,cpu      ] GC(91) User=0.01s Sys=0.00s Real=0.00s
[2024-02-09T22:39:17.962+0000][7][safepoint   ] Safepoint "G1CollectForAllocation", Time since last: 46953867398 ns, Reaching safepoint: 40793 ns, At safepoint: 2976601 ns, Total: 3017394 ns
[2024-02-09T22:39:30.964+0000][7][safepoint   ] Safepoint "Cleanup", Time since last: 13001871897 ns, Reaching safepoint: 130624 ns, At safepoint: 10296 ns, Total: 140920 ns
[2024-02-09T22:40:12.969+0000][7][safepoint   ] Safepoint "Cleanup", Time since last: 42004952707 ns, Reaching safepoint: 78559 ns, At safepoint: 7213 ns, Total: 85772 ns
[2024-02-09T22:41:30.979+0000][7][safepoint   ] Safepoint "Cleanup", Time since last: 78009955023 ns, Reaching safepoint: 117193 ns, At safepoint: 7533 ns, Total: 124726 ns
[2024-02-09T22:41:56.957+0000][7][gc,start    ] GC(92) Pause Young (Normal) (G1 Evacuation Pause)
[2024-02-09T22:41:56.957+0000][7][gc,task     ] GC(92) Using 8 workers of 8 for evacuation
[2024-02-09T22:41:56.957+0000][7][gc,age      ] GC(92) Desired survivor size 41943040 bytes, new threshold 15 (max threshold 15)
[2024-02-09T22:41:56.960+0000][7][gc,phases   ] GC(92)   Pre Evacuate Collection Set: 0.2ms
[2024-02-09T22:41:56.960+0000][7][gc,phases   ] GC(92)   Merge Heap Roots: 0.1ms
[2024-02-09T22:41:56.960+0000][7][gc,phases   ] GC(92)   Evacuate Collection Set: 1.6ms
[2024-02-09T22:41:56.960+0000][7][gc,phases   ] GC(92)   Post Evacuate Collection Set: 0.9ms
[2024-02-09T22:41:56.960+0000][7][gc,phases   ] GC(92)   Other: 0.1ms
[2024-02-09T22:41:56.960+0000][7][gc,age      ] GC(92) Age table with threshold 15 (max threshold 15)
[2024-02-09T22:41:56.960+0000][7][gc,age      ] GC(92) - age   1:     863600 bytes,     863600 total
[2024-02-09T22:41:56.960+0000][7][gc,age      ] GC(92) - age   2:      96104 bytes,     959704 total
[2024-02-09T22:41:56.960+0000][7][gc,age      ] GC(92) - age   3:      87880 bytes,    1047584 total
[2024-02-09T22:41:56.960+0000][7][gc,age      ] GC(92) - age   4:      92048 bytes,    1139632 total
[2024-02-09T22:41:56.960+0000][7][gc,age      ] GC(92) - age   5:        816 bytes,    1140448 total
[2024-02-09T22:41:56.960+0000][7][gc,age      ] GC(92) - age   6:        872 bytes,    1141320 total
[2024-02-09T22:41:56.960+0000][7][gc,age      ] GC(92) - age   7:     266392 bytes,    1407712 total
[2024-02-09T22:41:56.960+0000][7][gc,age      ] GC(92) - age   8:        256 bytes,    1407968 total
[2024-02-09T22:41:56.960+0000][7][gc,age      ] GC(92) - age   9:         64 bytes,    1408032 total
[2024-02-09T22:41:56.960+0000][7][gc,age      ] GC(92) - age  10:        184 bytes,    1408216 total
[2024-02-09T22:41:56.960+0000][7][gc,age      ] GC(92) - age  11:        496 bytes,    1408712 total
[2024-02-09T22:41:56.960+0000][7][gc,age      ] GC(92) - age  12:     135384 bytes,    1544096 total
[2024-02-09T22:41:56.960+0000][7][gc,age      ] GC(92) - age  14:        912 bytes,    1545008 total
[2024-02-09T22:41:56.960+0000][7][gc,age      ] GC(92) - age  15:         88 bytes,    1545096 total
[2024-02-09T22:41:56.960+0000][7][gc,heap     ] GC(92) Eden regions: 152->0(152)
[2024-02-09T22:41:56.960+0000][7][gc,heap     ] GC(92) Survivor regions: 1->1(20)
[2024-02-09T22:41:56.960+0000][7][gc,heap     ] GC(92) Old regions: 23->23
[2024-02-09T22:41:56.960+0000][7][gc,heap     ] GC(92) Archive regions: 2->2
[2024-02-09T22:41:56.960+0000][7][gc,heap     ] GC(92) Humongous regions: 0->0
[2024-02-09T22:41:56.960+0000][7][gc,metaspace] GC(92) Metaspace: 128871K(132544K)->128871K(132544K) NonClass: 111960K(113856K)->111960K(113856K) Class: 16911K(18688K)->16911K(18688K)
[2024-02-09T22:41:56.960+0000][7][gc          ] GC(92) Pause Young (Normal) (G1 Evacuation Pause) 703M->95M(1024M) 3.196ms
[2024-02-09T22:41:56.960+0000][7][gc,cpu      ] GC(92) User=0.02s Sys=0.01s Real=0.00s
[2024-02-09T22:41:56.960+0000][7][safepoint   ] Safepoint "G1CollectForAllocation", Time since last: 25977272028 ns, Reaching safepoint: 89655 ns, At safepoint: 3304096 ns, Total: 3393751 ns
[2024-02-09T22:42:30.965+0000][7][safepoint   ] Safepoint "Cleanup", Time since last: 34004442117 ns, Reaching safepoint: 122193 ns, At safepoint: 23091 ns, Total: 145284 ns
[2024-02-09T22:44:30.979+0000][7][safepoint   ] Safepoint "Cleanup", Time since last: 120014473053 ns, Reaching safepoint: 77111 ns, At safepoint: 7311 ns, Total: 84422 ns
[2024-02-09T22:44:39.514+0000][7][gc,start    ] GC(93) Pause Young (Normal) (G1 Evacuation Pause)
[2024-02-09T22:44:39.514+0000][7][gc,task     ] GC(93) Using 8 workers of 8 for evacuation
[2024-02-09T22:44:39.514+0000][7][gc,age      ] GC(93) Desired survivor size 41943040 bytes, new threshold 15 (max threshold 15)
[2024-02-09T22:44:39.516+0000][7][gc,phases   ] GC(93)   Pre Evacuate Collection Set: 0.1ms
[2024-02-09T22:44:39.516+0000][7][gc,phases   ] GC(93)   Merge Heap Roots: 0.1ms
[2024-02-09T22:44:39.516+0000][7][gc,phases   ] GC(93)   Evacuate Collection Set: 1.5ms
[2024-02-09T22:44:39.516+0000][7][gc,phases   ] GC(93)   Post Evacuate Collection Set: 0.8ms
[2024-02-09T22:44:39.516+0000][7][gc,phases   ] GC(93)   Other: 0.1ms
[2024-02-09T22:44:39.516+0000][7][gc,age      ] GC(93) Age table with threshold 15 (max threshold 15)
[2024-02-09T22:44:39.517+0000][7][gc,age      ] GC(93) - age   1:     969536 bytes,     969536 total
[2024-02-09T22:44:39.517+0000][7][gc,age      ] GC(93) - age   2:      25144 bytes,     994680 total
[2024-02-09T22:44:39.517+0000][7][gc,age      ] GC(93) - age   3:      94520 bytes,    1089200 total
[2024-02-09T22:44:39.517+0000][7][gc,age      ] GC(93) - age   4:      87432 bytes,    1176632 total
[2024-02-09T22:44:39.517+0000][7][gc,age      ] GC(93) - age   5:      91984 bytes,    1268616 total
[2024-02-09T22:44:39.517+0000][7][gc,age      ] GC(93) - age   6:        816 bytes,    1269432 total
[2024-02-09T22:44:39.517+0000][7][gc,age      ] GC(93) - age   7:        808 bytes,    1270240 total
[2024-02-09T22:44:39.517+0000][7][gc,age      ] GC(93) - age   8:     266328 bytes,    1536568 total
[2024-02-09T22:44:39.517+0000][7][gc,age      ] GC(93) - age   9:        256 bytes,    1536824 total
[2024-02-09T22:44:39.517+0000][7][gc,age      ] GC(93) - age  10:         64 bytes,    1536888 total
[2024-02-09T22:44:39.517+0000][7][gc,age      ] GC(93) - age  11:        184 bytes,    1537072 total
[2024-02-09T22:44:39.517+0000][7][gc,age      ] GC(93) - age  12:        496 bytes,    1537568 total
[2024-02-09T22:44:39.517+0000][7][gc,age      ] GC(93) - age  13:     135384 bytes,    1672952 total
[2024-02-09T22:44:39.517+0000][7][gc,age      ] GC(93) - age  15:        912 bytes,    1673864 total
[2024-02-09T22:44:39.517+0000][7][gc,heap     ] GC(93) Eden regions: 152->0(152)
[2024-02-09T22:44:39.517+0000][7][gc,heap     ] GC(93) Survivor regions: 1->1(20)
[2024-02-09T22:44:39.517+0000][7][gc,heap     ] GC(93) Old regions: 23->23
[2024-02-09T22:44:39.517+0000][7][gc,heap     ] GC(93) Archive regions: 2->2
[2024-02-09T22:44:39.517+0000][7][gc,heap     ] GC(93) Humongous regions: 0->0
[2024-02-09T22:44:39.517+0000][7][gc,metaspace] GC(93) Metaspace: 128888K(132608K)->128888K(132608K) NonClass: 111976K(113920K)->111976K(113920K) Class: 16911K(18688K)->16911K(18688K)
[2024-02-09T22:44:39.517+0000][7][gc          ] GC(93) Pause Young (Normal) (G1 Evacuation Pause) 703M->95M(1024M) 2.852ms
[2024-02-09T22:44:39.517+0000][7][gc,cpu      ] GC(93) User=0.02s Sys=0.00s Real=0.01s
[2024-02-09T22:44:39.517+0000][7][safepoint   ] Safepoint "G1CollectForAllocation", Time since last: 8534557022 ns, Reaching safepoint: 88787 ns, At safepoint: 2946870 ns, Total: 3035657 ns
[2024-02-09T22:44:54.519+0000][7][safepoint   ] Safepoint "Cleanup", Time since last: 15002001210 ns, Reaching safepoint: 90872 ns, At safepoint: 8762 ns, Total: 99634 ns
[2024-02-09T22:46:24.530+0000][7][safepoint   ] Safepoint "Cleanup", Time since last: 90011439922 ns, Reaching safepoint: 85056 ns, At safepoint: 7781 ns, Total: 92837 ns
[2024-02-09T22:46:30.531+0000][7][safepoint   ] Safepoint "Cleanup", Time since last: 6000897563 ns, Reaching safepoint: 117028 ns, At safepoint: 8380 ns, Total: 125408 ns
[2024-02-09T22:46:31.532+0000][7][safepoint   ] Safepoint "Cleanup", Time since last: 1000224368 ns, Reaching safepoint: 210664 ns, At safepoint: 17125 ns, Total: 227789 ns
[2024-02-09T22:47:20.540+0000][7][safepoint   ] Safepoint "Cleanup", Time since last: 49007847642 ns, Reaching safepoint: 125953 ns, At safepoint: 10869 ns, Total: 136822 ns
[2024-02-09T22:47:23.972+0000][7][gc,start    ] GC(94) Pause Young (Normal) (G1 Evacuation Pause)
[2024-02-09T22:47:23.973+0000][7][gc,task     ] GC(94) Using 8 workers of 8 for evacuation
[2024-02-09T22:47:23.973+0000][7][gc,age      ] GC(94) Desired survivor size 41943040 bytes, new threshold 15 (max threshold 15)
[2024-02-09T22:47:23.975+0000][7][gc,phases   ] GC(94)   Pre Evacuate Collection Set: 0.1ms
[2024-02-09T22:47:23.975+0000][7][gc,phases   ] GC(94)   Merge Heap Roots: 0.1ms
[2024-02-09T22:47:23.975+0000][7][gc,phases   ] GC(94)   Evacuate Collection Set: 1.7ms
[2024-02-09T22:47:23.975+0000][7][gc,phases   ] GC(94)   Post Evacuate Collection Set: 0.8ms
[2024-02-09T22:47:23.975+0000][7][gc,phases   ] GC(94)   Other: 0.1ms
[2024-02-09T22:47:23.975+0000][7][gc,age      ] GC(94) Age table with threshold 15 (max threshold 15)
[2024-02-09T22:47:23.975+0000][7][gc,age      ] GC(94) - age   1:    1230104 bytes,    1230104 total
[2024-02-09T22:47:23.975+0000][7][gc,age      ] GC(94) - age   2:      20560 bytes,    1250664 total
[2024-02-09T22:47:23.975+0000][7][gc,age      ] GC(94) - age   3:      23720 bytes,    1274384 total
[2024-02-09T22:47:23.975+0000][7][gc,age      ] GC(94) - age   4:      94520 bytes,    1368904 total
[2024-02-09T22:47:23.975+0000][7][gc,age      ] GC(94) - age   5:      86944 bytes,    1455848 total
[2024-02-09T22:47:23.975+0000][7][gc,age      ] GC(94) - age   6:      91984 bytes,    1547832 total
[2024-02-09T22:47:23.975+0000][7][gc,age      ] GC(94) - age   7:        424 bytes,    1548256 total
[2024-02-09T22:47:23.976+0000][7][gc,age      ] GC(94) - age   8:        424 bytes,    1548680 total
[2024-02-09T22:47:23.976+0000][7][gc,age      ] GC(94) - age   9:     266328 bytes,    1815008 total
[2024-02-09T22:47:23.976+0000][7][gc,age      ] GC(94) - age  10:        256 bytes,    1815264 total
[2024-02-09T22:47:23.976+0000][7][gc,age      ] GC(94) - age  11:         64 bytes,    1815328 total
[2024-02-09T22:47:23.976+0000][7][gc,age      ] GC(94) - age  12:        184 bytes,    1815512 total
[2024-02-09T22:47:23.976+0000][7][gc,age      ] GC(94) - age  13:        496 bytes,    1816008 total
[2024-02-09T22:47:23.976+0000][7][gc,age      ] GC(94) - age  14:     135384 bytes,    1951392 total
[2024-02-09T22:47:23.976+0000][7][gc,heap     ] GC(94) Eden regions: 152->0(152)
[2024-02-09T22:47:23.976+0000][7][gc,heap     ] GC(94) Survivor regions: 1->1(20)
[2024-02-09T22:47:23.976+0000][7][gc,heap     ] GC(94) Old regions: 23->23
[2024-02-09T22:47:23.976+0000][7][gc,heap     ] GC(94) Archive regions: 2->2
[2024-02-09T22:47:23.976+0000][7][gc,heap     ] GC(94) Humongous regions: 0->0
[2024-02-09T22:47:23.976+0000][7][gc,metaspace] GC(94) Metaspace: 128935K(132672K)->128935K(132672K) NonClass: 112023K(113984K)->112023K(113984K) Class: 16911K(18688K)->16911K(18688K)
[2024-02-09T22:47:23.976+0000][7][gc          ] GC(94) Pause Young (Normal) (G1 Evacuation Pause) 703M->95M(1024M) 3.204ms
[2024-02-09T22:47:23.976+0000][7][gc,cpu      ] GC(94) User=0.01s Sys=0.01s Real=0.00s
[2024-02-09T22:47:23.976+0000][7][safepoint   ] Safepoint "G1CollectForAllocation", Time since last: 3432462923 ns, Reaching safepoint: 80884 ns, At safepoint: 3321557 ns, Total: 3402441 ns
[2024-02-09T22:47:29.977+0000][7][safepoint   ] Safepoint "Cleanup", Time since last: 6000962281 ns, Reaching safepoint: 50658 ns, At safepoint: 32072 ns, Total: 82730 ns
[2024-02-09T22:48:18.983+0000][7][safepoint   ] Safepoint "Cleanup", Time since last: 49006233553 ns, Reaching safepoint: 84243 ns, At safepoint: 48490 ns, Total: 132733 ns
[2024-02-09T22:48:30.985+0000][7][safepoint   ] Safepoint "Cleanup", Time since last: 12001499682 ns, Reaching safepoint: 85448 ns, At safepoint: 13597 ns, Total: 99045 ns
[2024-02-09T22:50:00.025+0000][7][gc,start    ] GC(95) Pause Young (Normal) (G1 Evacuation Pause)
[2024-02-09T22:50:00.025+0000][7][gc,task     ] GC(95) Using 8 workers of 8 for evacuation
[2024-02-09T22:50:00.025+0000][7][gc,age      ] GC(95) Desired survivor size 41943040 bytes, new threshold 15 (max threshold 15)
[2024-02-09T22:50:00.028+0000][7][gc,phases   ] GC(95)   Pre Evacuate Collection Set: 0.1ms
[2024-02-09T22:50:00.028+0000][7][gc,phases   ] GC(95)   Merge Heap Roots: 0.1ms
[2024-02-09T22:50:00.028+0000][7][gc,phases   ] GC(95)   Evacuate Collection Set: 1.7ms
[2024-02-09T22:50:00.028+0000][7][gc,phases   ] GC(95)   Post Evacuate Collection Set: 0.7ms
[2024-02-09T22:50:00.028+0000][7][gc,phases   ] GC(95)   Other: 0.1ms
[2024-02-09T22:50:00.028+0000][7][gc,age      ] GC(95) Age table with threshold 15 (max threshold 15)
[2024-02-09T22:50:00.028+0000][7][gc,age      ] GC(95) - age   1:    1613224 bytes,    1613224 total
[2024-02-09T22:50:00.028+0000][7][gc,age      ] GC(95) - age   2:       4400 bytes,    1617624 total
[2024-02-09T22:50:00.028+0000][7][gc,age      ] GC(95) - age   3:      10448 bytes,    1628072 total
[2024-02-09T22:50:00.028+0000][7][gc,age      ] GC(95) - age   4:      23568 bytes,    1651640 total
[2024-02-09T22:50:00.028+0000][7][gc,age      ] GC(95) - age   5:      93712 bytes,    1745352 total
[2024-02-09T22:50:00.028+0000][7][gc,age      ] GC(95) - age   6:      86752 bytes,    1832104 total
[2024-02-09T22:50:00.028+0000][7][gc,age      ] GC(95) - age   7:      91984 bytes,    1924088 total
[2024-02-09T22:50:00.028+0000][7][gc,age      ] GC(95) - age   8:        240 bytes,    1924328 total
[2024-02-09T22:50:00.028+0000][7][gc,age      ] GC(95) - age   9:        392 bytes,    1924720 total
[2024-02-09T22:50:00.028+0000][7][gc,age      ] GC(95) - age  10:     266328 bytes,    2191048 total
[2024-02-09T22:50:00.028+0000][7][gc,age      ] GC(95) - age  11:        256 bytes,    2191304 total
[2024-02-09T22:50:00.028+0000][7][gc,age      ] GC(95) - age  12:         64 bytes,    2191368 total
[2024-02-09T22:50:00.028+0000][7][gc,age      ] GC(95) - age  13:        184 bytes,    2191552 total
[2024-02-09T22:50:00.028+0000][7][gc,age      ] GC(95) - age  14:        496 bytes,    2192048 total
[2024-02-09T22:50:00.028+0000][7][gc,age      ] GC(95) - age  15:     135384 bytes,    2327432 total
[2024-02-09T22:50:00.028+0000][7][gc,heap     ] GC(95) Eden regions: 152->0(152)
[2024-02-09T22:50:00.028+0000][7][gc,heap     ] GC(95) Survivor regions: 1->1(20)
[2024-02-09T22:50:00.028+0000][7][gc,heap     ] GC(95) Old regions: 23->23
[2024-02-09T22:50:00.028+0000][7][gc,heap     ] GC(95) Archive regions: 2->2
[2024-02-09T22:50:00.028+0000][7][gc,heap     ] GC(95) Humongous regions: 0->0
[2024-02-09T22:50:00.028+0000][7][gc,metaspace] GC(95) Metaspace: 128938K(132672K)->128938K(132672K) NonClass: 112026K(113984K)->112026K(113984K) Class: 16911K(18688K)->16911K(18688K)
[2024-02-09T22:50:00.028+0000][7][gc          ] GC(95) Pause Young (Normal) (G1 Evacuation Pause) 703M->96M(1024M) 3.042ms
[2024-02-09T22:50:00.028+0000][7][gc,cpu      ] GC(95) User=0.01s Sys=0.00s Real=0.00s
[2024-02-09T22:50:00.028+0000][7][safepoint   ] Safepoint "G1CollectForAllocation", Time since last: 89040320620 ns, Reaching safepoint: 43459 ns, At safepoint: 3140091 ns, Total: 3183550 ns
[2024-02-09T22:50:16.030+0000][7][safepoint   ] Safepoint "Cleanup", Time since last: 16002120960 ns, Reaching safepoint: 139460 ns, At safepoint: 12919 ns, Total: 152379 ns
[2024-02-09T22:52:36.897+0000][7][gc,start    ] GC(96) Pause Young (Normal) (G1 Evacuation Pause)
[2024-02-09T22:52:36.897+0000][7][gc,task     ] GC(96) Using 8 workers of 8 for evacuation
[2024-02-09T22:52:36.897+0000][7][gc,age      ] GC(96) Desired survivor size 41943040 bytes, new threshold 15 (max threshold 15)
[2024-02-09T22:52:36.899+0000][7][gc,phases   ] GC(96)   Pre Evacuate Collection Set: 0.1ms
[2024-02-09T22:52:36.900+0000][7][gc,phases   ] GC(96)   Merge Heap Roots: 0.1ms
[2024-02-09T22:52:36.900+0000][7][gc,phases   ] GC(96)   Evacuate Collection Set: 1.3ms
[2024-02-09T22:52:36.900+0000][7][gc,phases   ] GC(96)   Post Evacuate Collection Set: 0.6ms
[2024-02-09T22:52:36.900+0000][7][gc,phases   ] GC(96)   Other: 0.1ms
[2024-02-09T22:52:36.900+0000][7][gc,age      ] GC(96) Age table with threshold 15 (max threshold 15)
[2024-02-09T22:52:36.900+0000][7][gc,age      ] GC(96) - age   1:    1813640 bytes,    1813640 total
[2024-02-09T22:52:36.900+0000][7][gc,age      ] GC(96) - age   2:       4424 bytes,    1818064 total
[2024-02-09T22:52:36.900+0000][7][gc,age      ] GC(96) - age   3:       2936 bytes,    1821000 total
[2024-02-09T22:52:36.900+0000][7][gc,age      ] GC(96) - age   4:      10256 bytes,    1831256 total
[2024-02-09T22:52:36.900+0000][7][gc,age      ] GC(96) - age   5:      20112 bytes,    1851368 total
[2024-02-09T22:52:36.900+0000][7][gc,age      ] GC(96) - age   6:      93712 bytes,    1945080 total
[2024-02-09T22:52:36.900+0000][7][gc,age      ] GC(96) - age   7:      86752 bytes,    2031832 total
[2024-02-09T22:52:36.900+0000][7][gc,age      ] GC(96) - age   8:      91984 bytes,    2123816 total
[2024-02-09T22:52:36.900+0000][7][gc,age      ] GC(96) - age   9:        240 bytes,    2124056 total
[2024-02-09T22:52:36.900+0000][7][gc,age      ] GC(96) - age  10:        392 bytes,    2124448 total
[2024-02-09T22:52:36.900+0000][7][gc,age      ] GC(96) - age  11:     266328 bytes,    2390776 total
[2024-02-09T22:52:36.900+0000][7][gc,age      ] GC(96) - age  12:         72 bytes,    2390848 total
[2024-02-09T22:52:36.900+0000][7][gc,age      ] GC(96) - age  13:         64 bytes,    2390912 total
[2024-02-09T22:52:36.900+0000][7][gc,age      ] GC(96) - age  14:        184 bytes,    2391096 total
[2024-02-09T22:52:36.900+0000][7][gc,age      ] GC(96) - age  15:        496 bytes,    2391592 total
[2024-02-09T22:52:36.900+0000][7][gc,heap     ] GC(96) Eden regions: 152->0(152)
[2024-02-09T22:52:36.900+0000][7][gc,heap     ] GC(96) Survivor regions: 1->1(20)
[2024-02-09T22:52:36.900+0000][7][gc,heap     ] GC(96) Old regions: 23->23
[2024-02-09T22:52:36.900+0000][7][gc,heap     ] GC(96) Archive regions: 2->2
[2024-02-09T22:52:36.900+0000][7][gc,heap     ] GC(96) Humongous regions: 0->0
[2024-02-09T22:52:36.900+0000][7][gc,metaspace] GC(96) Metaspace: 128938K(132672K)->128938K(132672K) NonClass: 112027K(113984K)->112027K(113984K) Class: 16911K(18688K)->16911K(18688K)
[2024-02-09T22:52:36.900+0000][7][gc          ] GC(96) Pause Young (Normal) (G1 Evacuation Pause) 704M->96M(1024M) 2.299ms
[2024-02-09T22:52:36.900+0000][7][gc,cpu      ] GC(96) User=0.02s Sys=0.00s Real=0.00s
[2024-02-09T22:52:36.900+0000][7][safepoint   ] Safepoint "G1CollectForAllocation", Time since last: 140866813640 ns, Reaching safepoint: 40292 ns, At safepoint: 2368333 ns, Total: 2408625 ns
[2024-02-09T22:55:15.161+0000][7][gc,start    ] GC(97) Pause Young (Normal) (G1 Evacuation Pause)
[2024-02-09T22:55:15.161+0000][7][gc,task     ] GC(97) Using 8 workers of 8 for evacuation
[2024-02-09T22:55:15.161+0000][7][gc,age      ] GC(97) Desired survivor size 41943040 bytes, new threshold 15 (max threshold 15)
[2024-02-09T22:55:15.164+0000][7][gc,phases   ] GC(97)   Pre Evacuate Collection Set: 0.1ms
[2024-02-09T22:55:15.164+0000][7][gc,phases   ] GC(97)   Merge Heap Roots: 0.1ms
[2024-02-09T22:55:15.164+0000][7][gc,phases   ] GC(97)   Evacuate Collection Set: 1.6ms
[2024-02-09T22:55:15.164+0000][7][gc,phases   ] GC(97)   Post Evacuate Collection Set: 0.9ms
[2024-02-09T22:55:15.164+0000][7][gc,phases   ] GC(97)   Other: 0.1ms
[2024-02-09T22:55:15.164+0000][7][gc,age      ] GC(97) Age table with threshold 15 (max threshold 15)
[2024-02-09T22:55:15.164+0000][7][gc,age      ] GC(97) - age   1:    1084856 bytes,    1084856 total
[2024-02-09T22:55:15.164+0000][7][gc,age      ] GC(97) - age   2:       6944 bytes,    1091800 total
[2024-02-09T22:55:15.164+0000][7][gc,age      ] GC(97) - age   3:       1448 bytes,    1093248 total
[2024-02-09T22:55:15.164+0000][7][gc,age      ] GC(97) - age   4:       2616 bytes,    1095864 total
[2024-02-09T22:55:15.164+0000][7][gc,age      ] GC(97) - age   5:      10256 bytes,    1106120 total
[2024-02-09T22:55:15.164+0000][7][gc,age      ] GC(97) - age   6:      20080 bytes,    1126200 total
[2024-02-09T22:55:15.164+0000][7][gc,age      ] GC(97) - age   7:      93712 bytes,    1219912 total
[2024-02-09T22:55:15.164+0000][7][gc,age      ] GC(97) - age   8:      86752 bytes,    1306664 total
[2024-02-09T22:55:15.164+0000][7][gc,age      ] GC(97) - age   9:      91984 bytes,    1398648 total
[2024-02-09T22:55:15.164+0000][7][gc,age      ] GC(97) - age  10:        240 bytes,    1398888 total
[2024-02-09T22:55:15.164+0000][7][gc,age      ] GC(97) - age  11:        392 bytes,    1399280 total
[2024-02-09T22:55:15.164+0000][7][gc,age      ] GC(97) - age  12:     266328 bytes,    1665608 total
[2024-02-09T22:55:15.164+0000][7][gc,age      ] GC(97) - age  13:         72 bytes,    1665680 total
[2024-02-09T22:55:15.164+0000][7][gc,age      ] GC(97) - age  14:         64 bytes,    1665744 total
[2024-02-09T22:55:15.164+0000][7][gc,age      ] GC(97) - age  15:        184 bytes,    1665928 total
[2024-02-09T22:55:15.164+0000][7][gc,heap     ] GC(97) Eden regions: 152->0(152)
[2024-02-09T22:55:15.164+0000][7][gc,heap     ] GC(97) Survivor regions: 1->1(20)
[2024-02-09T22:55:15.164+0000][7][gc,heap     ] GC(97) Old regions: 23->23
[2024-02-09T22:55:15.164+0000][7][gc,heap     ] GC(97) Archive regions: 2->2
[2024-02-09T22:55:15.164+0000][7][gc,heap     ] GC(97) Humongous regions: 0->0
[2024-02-09T22:55:15.164+0000][7][gc,metaspace] GC(97) Metaspace: 128938K(132672K)->128938K(132672K) NonClass: 112027K(113984K)->112027K(113984K) Class: 16911K(18688K)->16911K(18688K)
[2024-02-09T22:55:15.164+0000][7][gc          ] GC(97) Pause Young (Normal) (G1 Evacuation Pause) 704M->95M(1024M) 3.104ms
[2024-02-09T22:55:15.164+0000][7][gc,cpu      ] GC(97) User=0.02s Sys=0.00s Real=0.00s
[2024-02-09T22:55:15.164+0000][7][safepoint   ] Safepoint "G1CollectForAllocation", Time since last: 158261235209 ns, Reaching safepoint: 78491 ns, At safepoint: 3211729 ns, Total: 3290220 ns
[2024-02-09T22:55:27.166+0000][7][safepoint   ] Safepoint "Cleanup", Time since last: 12001963210 ns, Reaching safepoint: 77158 ns, At safepoint: 43164 ns, Total: 120322 ns
[2024-02-09T22:56:43.155+0000][7][safepoint   ] Safepoint "Cleanup", Time since last: 75988152531 ns, Reaching safepoint: 130636 ns, At safepoint: 8574 ns, Total: 139210 ns
[2024-02-09T22:58:00.038+0000][7][gc,start    ] GC(98) Pause Young (Normal) (G1 Evacuation Pause)
[2024-02-09T22:58:00.038+0000][7][gc,task     ] GC(98) Using 8 workers of 8 for evacuation
[2024-02-09T22:58:00.038+0000][7][gc,age      ] GC(98) Desired survivor size 41943040 bytes, new threshold 15 (max threshold 15)
[2024-02-09T22:58:00.041+0000][7][gc,phases   ] GC(98)   Pre Evacuate Collection Set: 0.1ms
[2024-02-09T22:58:00.041+0000][7][gc,phases   ] GC(98)   Merge Heap Roots: 0.1ms
[2024-02-09T22:58:00.041+0000][7][gc,phases   ] GC(98)   Evacuate Collection Set: 1.5ms
[2024-02-09T22:58:00.041+0000][7][gc,phases   ] GC(98)   Post Evacuate Collection Set: 0.8ms
[2024-02-09T22:58:00.041+0000][7][gc,phases   ] GC(98)   Other: 0.1ms
[2024-02-09T22:58:00.041+0000][7][gc,age      ] GC(98) Age table with threshold 15 (max threshold 15)
[2024-02-09T22:58:00.041+0000][7][gc,age      ] GC(98) - age   1:    1097864 bytes,    1097864 total
[2024-02-09T22:58:00.041+0000][7][gc,age      ] GC(98) - age   2:       2504 bytes,    1100368 total
[2024-02-09T22:58:00.041+0000][7][gc,age      ] GC(98) - age   3:       4800 bytes,    1105168 total
[2024-02-09T22:58:00.041+0000][7][gc,age      ] GC(98) - age   4:        240 bytes,    1105408 total
[2024-02-09T22:58:00.041+0000][7][gc,age      ] GC(98) - age   5:       2616 bytes,    1108024 total
[2024-02-09T22:58:00.041+0000][7][gc,age      ] GC(98) - age   6:      10256 bytes,    1118280 total
[2024-02-09T22:58:00.041+0000][7][gc,age      ] GC(98) - age   7:      20080 bytes,    1138360 total
[2024-02-09T22:58:00.041+0000][7][gc,age      ] GC(98) - age   8:      93712 bytes,    1232072 total
[2024-02-09T22:58:00.041+0000][7][gc,age      ] GC(98) - age   9:      86568 bytes,    1318640 total
[2024-02-09T22:58:00.041+0000][7][gc,age      ] GC(98) - age  10:      91984 bytes,    1410624 total
[2024-02-09T22:58:00.041+0000][7][gc,age      ] GC(98) - age  11:        240 bytes,    1410864 total
[2024-02-09T22:58:00.041+0000][7][gc,age      ] GC(98) - age  12:        392 bytes,    1411256 total
[2024-02-09T22:58:00.041+0000][7][gc,age      ] GC(98) - age  13:     266200 bytes,    1677456 total
[2024-02-09T22:58:00.041+0000][7][gc,age      ] GC(98) - age  14:         72 bytes,    1677528 total
[2024-02-09T22:58:00.041+0000][7][gc,age      ] GC(98) - age  15:         64 bytes,    1677592 total
[2024-02-09T22:58:00.041+0000][7][gc,heap     ] GC(98) Eden regions: 152->0(152)
[2024-02-09T22:58:00.041+0000][7][gc,heap     ] GC(98) Survivor regions: 1->1(20)
[2024-02-09T22:58:00.041+0000][7][gc,heap     ] GC(98) Old regions: 23->23
[2024-02-09T22:58:00.041+0000][7][gc,heap     ] GC(98) Archive regions: 2->2
[2024-02-09T22:58:00.041+0000][7][gc,heap     ] GC(98) Humongous regions: 0->0
[2024-02-09T22:58:00.041+0000][7][gc,metaspace] GC(98) Metaspace: 128950K(132672K)->128950K(132672K) NonClass: 112038K(113984K)->112038K(113984K) Class: 16912K(18688K)->16912K(18688K)
[2024-02-09T22:58:00.041+0000][7][gc          ] GC(98) Pause Young (Normal) (G1 Evacuation Pause) 703M->95M(1024M) 2.891ms
[2024-02-09T22:58:00.041+0000][7][gc,cpu      ] GC(98) User=0.00s Sys=0.02s Real=0.00s
[2024-02-09T22:58:00.041+0000][7][safepoint   ] Safepoint "G1CollectForAllocation", Time since last: 76883172573 ns, Reaching safepoint: 97170 ns, At safepoint: 2985934 ns, Total: 3083104 ns
[2024-02-09T22:58:31.045+0000][7][safepoint   ] Safepoint "Cleanup", Time since last: 31004405548 ns, Reaching safepoint: 112692 ns, At safepoint: 7852 ns, Total: 120544 ns
[2024-02-09T22:58:54.048+0000][7][safepoint   ] Safepoint "Cleanup", Time since last: 23002986887 ns, Reaching safepoint: 86100 ns, At safepoint: 7901 ns, Total: 94001 ns
[2024-02-09T22:59:37.054+0000][7][safepoint   ] Safepoint "Cleanup", Time since last: 43005323843 ns, Reaching safepoint: 119446 ns, At safepoint: 9475 ns, Total: 128921 ns
[2024-02-09T23:00:23.060+0000][7][safepoint   ] Safepoint "Cleanup", Time since last: 46005620207 ns, Reaching safepoint: 110175 ns, At safepoint: 10920 ns, Total: 121095 ns
[2024-02-09T23:00:36.034+0000][7][gc,start    ] GC(99) Pause Young (Normal) (G1 Evacuation Pause)
[2024-02-09T23:00:36.034+0000][7][gc,task     ] GC(99) Using 8 workers of 8 for evacuation
[2024-02-09T23:00:36.034+0000][7][gc,age      ] GC(99) Desired survivor size 41943040 bytes, new threshold 15 (max threshold 15)
[2024-02-09T23:00:36.037+0000][7][gc,phases   ] GC(99)   Pre Evacuate Collection Set: 0.1ms
[2024-02-09T23:00:36.037+0000][7][gc,phases   ] GC(99)   Merge Heap Roots: 0.1ms
[2024-02-09T23:00:36.037+0000][7][gc,phases   ] GC(99)   Evacuate Collection Set: 2.0ms
[2024-02-09T23:00:36.037+0000][7][gc,phases   ] GC(99)   Post Evacuate Collection Set: 0.9ms
[2024-02-09T23:00:36.037+0000][7][gc,phases   ] GC(99)   Other: 0.1ms
[2024-02-09T23:00:36.038+0000][7][gc,age      ] GC(99) Age table with threshold 15 (max threshold 15)
[2024-02-09T23:00:36.038+0000][7][gc,age      ] GC(99) - age   1:    1638176 bytes,    1638176 total
[2024-02-09T23:00:36.038+0000][7][gc,age      ] GC(99) - age   2:      11936 bytes,    1650112 total
[2024-02-09T23:00:36.038+0000][7][gc,age      ] GC(99) - age   3:        712 bytes,    1650824 total
[2024-02-09T23:00:36.038+0000][7][gc,age      ] GC(99) - age   4:       1280 bytes,    1652104 total
[2024-02-09T23:00:36.038+0000][7][gc,age      ] GC(99) - age   5:        216 bytes,    1652320 total
[2024-02-09T23:00:36.038+0000][7][gc,age      ] GC(99) - age   6:       2224 bytes,    1654544 total
[2024-02-09T23:00:36.038+0000][7][gc,age      ] GC(99) - age   7:      10256 bytes,    1664800 total
[2024-02-09T23:00:36.038+0000][7][gc,age      ] GC(99) - age   8:      20080 bytes,    1684880 total
[2024-02-09T23:00:36.038+0000][7][gc,age      ] GC(99) - age   9:      93712 bytes,    1778592 total
[2024-02-09T23:00:36.038+0000][7][gc,age      ] GC(99) - age  10:      86568 bytes,    1865160 total
[2024-02-09T23:00:36.038+0000][7][gc,age      ] GC(99) - age  11:      91984 bytes,    1957144 total
[2024-02-09T23:00:36.038+0000][7][gc,age      ] GC(99) - age  12:        240 bytes,    1957384 total
[2024-02-09T23:00:36.038+0000][7][gc,age      ] GC(99) - age  13:        392 bytes,    1957776 total
[2024-02-09T23:00:36.038+0000][7][gc,age      ] GC(99) - age  14:     266200 bytes,    2223976 total
[2024-02-09T23:00:36.038+0000][7][gc,age      ] GC(99) - age  15:         72 bytes,    2224048 total
[2024-02-09T23:00:36.038+0000][7][gc,heap     ] GC(99) Eden regions: 152->0(152)
[2024-02-09T23:00:36.038+0000][7][gc,heap     ] GC(99) Survivor regions: 1->1(20)
[2024-02-09T23:00:36.038+0000][7][gc,heap     ] GC(99) Old regions: 23->23
[2024-02-09T23:00:36.038+0000][7][gc,heap     ] GC(99) Archive regions: 2->2
[2024-02-09T23:00:36.038+0000][7][gc,heap     ] GC(99) Humongous regions: 0->0
[2024-02-09T23:00:36.038+0000][7][gc,metaspace] GC(99) Metaspace: 128951K(132672K)->128951K(132672K) NonClass: 112039K(113984K)->112039K(113984K) Class: 16912K(18688K)->16912K(18688K)
[2024-02-09T23:00:36.038+0000][7][gc          ] GC(99) Pause Young (Normal) (G1 Evacuation Pause) 703M->96M(1024M) 3.530ms
[2024-02-09T23:00:36.038+0000][7][gc,cpu      ] GC(99) User=0.01s Sys=0.00s Real=0.01s
[2024-02-09T23:00:36.038+0000][7][safepoint   ] Safepoint "G1CollectForAllocation", Time since last: 12974422374 ns, Reaching safepoint: 69016 ns, At safepoint: 3637668 ns, Total: 3706684 ns
[2024-02-09T23:01:19.043+0000][7][safepoint   ] Safepoint "Cleanup", Time since last: 43005413567 ns, Reaching safepoint: 152378 ns, At safepoint: 10309 ns, Total: 162687 ns
[2024-02-09T23:01:31.045+0000][7][safepoint   ] Safepoint "Cleanup", Time since last: 12001697702 ns, Reaching safepoint: 82469 ns, At safepoint: 12828 ns, Total: 95297 ns
[2024-02-09T23:02:07.050+0000][7][safepoint   ] Safepoint "Cleanup", Time since last: 36004904344 ns, Reaching safepoint: 86623 ns, At safepoint: 46708 ns, Total: 133331 ns
[2024-02-09T23:03:15.074+0000][7][gc,start    ] GC(100) Pause Young (Normal) (G1 Evacuation Pause)
[2024-02-09T23:03:15.074+0000][7][gc,task     ] GC(100) Using 8 workers of 8 for evacuation
[2024-02-09T23:03:15.074+0000][7][gc,age      ] GC(100) Desired survivor size 41943040 bytes, new threshold 15 (max threshold 15)
[2024-02-09T23:03:15.077+0000][7][gc,phases   ] GC(100)   Pre Evacuate Collection Set: 0.1ms
[2024-02-09T23:03:15.077+0000][7][gc,phases   ] GC(100)   Merge Heap Roots: 0.1ms
[2024-02-09T23:03:15.077+0000][7][gc,phases   ] GC(100)   Evacuate Collection Set: 1.9ms
[2024-02-09T23:03:15.077+0000][7][gc,phases   ] GC(100)   Post Evacuate Collection Set: 0.8ms
[2024-02-09T23:03:15.077+0000][7][gc,phases   ] GC(100)   Other: 0.1ms
[2024-02-09T23:03:15.077+0000][7][gc,age      ] GC(100) Age table with threshold 15 (max threshold 15)
[2024-02-09T23:03:15.077+0000][7][gc,age      ] GC(100) - age   1:    2052992 bytes,    2052992 total
[2024-02-09T23:03:15.077+0000][7][gc,age      ] GC(100) - age   2:       6312 bytes,    2059304 total
[2024-02-09T23:03:15.077+0000][7][gc,age      ] GC(100) - age   3:       1872 bytes,    2061176 total
[2024-02-09T23:03:15.077+0000][7][gc,age      ] GC(100) - age   4:         96 bytes,    2061272 total
[2024-02-09T23:03:15.077+0000][7][gc,age      ] GC(100) - age   5:       1216 bytes,    2062488 total
[2024-02-09T23:03:15.077+0000][7][gc,age      ] GC(100) - age   6:         32 bytes,    2062520 total
[2024-02-09T23:03:15.077+0000][7][gc,age      ] GC(100) - age   7:       2224 bytes,    2064744 total
[2024-02-09T23:03:15.077+0000][7][gc,age      ] GC(100) - age   8:      10256 bytes,    2075000 total
[2024-02-09T23:03:15.077+0000][7][gc,age      ] GC(100) - age   9:      20080 bytes,    2095080 total
[2024-02-09T23:03:15.077+0000][7][gc,age      ] GC(100) - age  10:      93712 bytes,    2188792 total
[2024-02-09T23:03:15.077+0000][7][gc,age      ] GC(100) - age  11:      86568 bytes,    2275360 total
[2024-02-09T23:03:15.077+0000][7][gc,age      ] GC(100) - age  12:      91984 bytes,    2367344 total
[2024-02-09T23:03:15.077+0000][7][gc,age      ] GC(100) - age  13:        240 bytes,    2367584 total
[2024-02-09T23:03:15.077+0000][7][gc,age      ] GC(100) - age  14:        392 bytes,    2367976 total
[2024-02-09T23:03:15.077+0000][7][gc,age      ] GC(100) - age  15:     266200 bytes,    2634176 total
[2024-02-09T23:03:15.077+0000][7][gc,heap     ] GC(100) Eden regions: 152->0(152)
[2024-02-09T23:03:15.077+0000][7][gc,heap     ] GC(100) Survivor regions: 1->1(20)
[2024-02-09T23:03:15.077+0000][7][gc,heap     ] GC(100) Old regions: 23->23
[2024-02-09T23:03:15.077+0000][7][gc,heap     ] GC(100) Archive regions: 2->2
[2024-02-09T23:03:15.077+0000][7][gc,heap     ] GC(100) Humongous regions: 0->0
[2024-02-09T23:03:15.077+0000][7][gc,metaspace] GC(100) Metaspace: 128951K(132672K)->128951K(132672K) NonClass: 112039K(113984K)->112039K(113984K) Class: 16912K(18688K)->16912K(18688K)
[2024-02-09T23:03:15.077+0000][7][gc          ] GC(100) Pause Young (Normal) (G1 Evacuation Pause) 704M->96M(1024M) 3.402ms
[2024-02-09T23:03:15.077+0000][7][gc,cpu      ] GC(100) User=0.02s Sys=0.00s Real=0.01s
[2024-02-09T23:03:15.077+0000][7][safepoint   ] Safepoint "G1CollectForAllocation", Time since last: 68023308107 ns, Reaching safepoint: 126679 ns, At safepoint: 3499581 ns, Total: 3626260 ns
[2024-02-09T23:03:16.077+0000][7][safepoint   ] Safepoint "Cleanup", Time since last: 1000119764 ns, Reaching safepoint: 62659 ns, At safepoint: 5767 ns, Total: 68426 ns
[2024-02-09T23:03:43.081+0000][7][safepoint   ] Safepoint "Cleanup", Time since last: 27003877451 ns, Reaching safepoint: 100326 ns, At safepoint: 5865 ns, Total: 106191 ns
[2024-02-09T23:03:52.083+0000][7][safepoint   ] Safepoint "Cleanup", Time since last: 9001145052 ns, Reaching safepoint: 84008 ns, At safepoint: 58867 ns, Total: 142875 ns
[2024-02-09T23:04:51.091+0000][7][safepoint   ] Safepoint "Cleanup", Time since last: 59008018372 ns, Reaching safepoint: 108666 ns, At safepoint: 7159 ns, Total: 115825 ns
[2024-02-09T23:05:52.128+0000][7][gc,start    ] GC(101) Pause Young (Normal) (G1 Evacuation Pause)
[2024-02-09T23:05:52.128+0000][7][gc,task     ] GC(101) Using 8 workers of 8 for evacuation
[2024-02-09T23:05:52.128+0000][7][gc,age      ] GC(101) Desired survivor size 41943040 bytes, new threshold 15 (max threshold 15)
[2024-02-09T23:05:52.131+0000][7][gc,phases   ] GC(101)   Pre Evacuate Collection Set: 0.1ms
[2024-02-09T23:05:52.131+0000][7][gc,phases   ] GC(101)   Merge Heap Roots: 0.1ms
[2024-02-09T23:05:52.131+0000][7][gc,phases   ] GC(101)   Evacuate Collection Set: 1.6ms
[2024-02-09T23:05:52.131+0000][7][gc,phases   ] GC(101)   Post Evacuate Collection Set: 0.8ms
[2024-02-09T23:05:52.131+0000][7][gc,phases   ] GC(101)   Other: 0.1ms
[2024-02-09T23:05:52.131+0000][7][gc,age      ] GC(101) Age table with threshold 15 (max threshold 15)
[2024-02-09T23:05:52.131+0000][7][gc,age      ] GC(101) - age   1:    1799392 bytes,    1799392 total
[2024-02-09T23:05:52.131+0000][7][gc,age      ] GC(101) - age   2:       2808 bytes,    1802200 total
[2024-02-09T23:05:52.131+0000][7][gc,age      ] GC(101) - age   3:       4808 bytes,    1807008 total
[2024-02-09T23:05:52.131+0000][7][gc,age      ] GC(101) - age   4:       1872 bytes,    1808880 total
[2024-02-09T23:05:52.131+0000][7][gc,age      ] GC(101) - age   5:         64 bytes,    1808944 total
[2024-02-09T23:05:52.131+0000][7][gc,age      ] GC(101) - age   6:       1032 bytes,    1809976 total
[2024-02-09T23:05:52.131+0000][7][gc,age      ] GC(101) - age   7:         32 bytes,    1810008 total
[2024-02-09T23:05:52.131+0000][7][gc,age      ] GC(101) - age   8:       2224 bytes,    1812232 total
[2024-02-09T23:05:52.131+0000][7][gc,age      ] GC(101) - age   9:      10256 bytes,    1822488 total
[2024-02-09T23:05:52.131+0000][7][gc,age      ] GC(101) - age  10:      20080 bytes,    1842568 total
[2024-02-09T23:05:52.131+0000][7][gc,age      ] GC(101) - age  11:      93712 bytes,    1936280 total
[2024-02-09T23:05:52.131+0000][7][gc,age      ] GC(101) - age  12:      86568 bytes,    2022848 total
[2024-02-09T23:05:52.131+0000][7][gc,age      ] GC(101) - age  13:      91984 bytes,    2114832 total
[2024-02-09T23:05:52.131+0000][7][gc,age      ] GC(101) - age  14:        240 bytes,    2115072 total
[2024-02-09T23:05:52.131+0000][7][gc,age      ] GC(101) - age  15:        392 bytes,    2115464 total
[2024-02-09T23:05:52.131+0000][7][gc,heap     ] GC(101) Eden regions: 152->0(152)
[2024-02-09T23:05:52.131+0000][7][gc,heap     ] GC(101) Survivor regions: 1->1(20)
[2024-02-09T23:05:52.131+0000][7][gc,heap     ] GC(101) Old regions: 23->23
[2024-02-09T23:05:52.131+0000][7][gc,heap     ] GC(101) Archive regions: 2->2
[2024-02-09T23:05:52.131+0000][7][gc,heap     ] GC(101) Humongous regions: 0->0
[2024-02-09T23:05:52.131+0000][7][gc,metaspace] GC(101) Metaspace: 128951K(132672K)->128951K(132672K) NonClass: 112039K(113984K)->112039K(113984K) Class: 16912K(18688K)->16912K(18688K)
[2024-02-09T23:05:52.131+0000][7][gc          ] GC(101) Pause Young (Normal) (G1 Evacuation Pause) 704M->96M(1024M) 2.938ms
[2024-02-09T23:05:52.131+0000][7][gc,cpu      ] GC(101) User=0.01s Sys=0.00s Real=0.00s
[2024-02-09T23:05:52.131+0000][7][safepoint   ] Safepoint "G1CollectForAllocation", Time since last: 61037602596 ns, Reaching safepoint: 58862 ns, At safepoint: 3034414 ns, Total: 3093276 ns
[2024-02-09T23:07:30.145+0000][7][safepoint   ] Safepoint "Cleanup", Time since last: 98013087888 ns, Reaching safepoint: 100540 ns, At safepoint: 10649 ns, Total: 111189 ns
[2024-02-09T23:07:31.145+0000][7][safepoint   ] Safepoint "Cleanup", Time since last: 1000181481 ns, Reaching safepoint: 89994 ns, At safepoint: 8411 ns, Total: 98405 ns
[2024-02-09T23:08:27.559+0000][7][gc,start    ] GC(102) Pause Young (Normal) (G1 Evacuation Pause)
[2024-02-09T23:08:27.559+0000][7][gc,task     ] GC(102) Using 8 workers of 8 for evacuation
[2024-02-09T23:08:27.559+0000][7][gc,age      ] GC(102) Desired survivor size 41943040 bytes, new threshold 15 (max threshold 15)
[2024-02-09T23:08:27.562+0000][7][gc,phases   ] GC(102)   Pre Evacuate Collection Set: 0.1ms
[2024-02-09T23:08:27.562+0000][7][gc,phases   ] GC(102)   Merge Heap Roots: 0.1ms
[2024-02-09T23:08:27.562+0000][7][gc,phases   ] GC(102)   Evacuate Collection Set: 1.4ms
[2024-02-09T23:08:27.562+0000][7][gc,phases   ] GC(102)   Post Evacuate Collection Set: 1.0ms
[2024-02-09T23:08:27.562+0000][7][gc,phases   ] GC(102)   Other: 0.1ms
[2024-02-09T23:08:27.562+0000][7][gc,age      ] GC(102) Age table with threshold 15 (max threshold 15)
[2024-02-09T23:08:27.562+0000][7][gc,age      ] GC(102) - age   1:     808064 bytes,     808064 total
[2024-02-09T23:08:27.562+0000][7][gc,age      ] GC(102) - age   2:       3344 bytes,     811408 total
[2024-02-09T23:08:27.562+0000][7][gc,age      ] GC(102) - age   3:        440 bytes,     811848 total
[2024-02-09T23:08:27.562+0000][7][gc,age      ] GC(102) - age   4:       4232 bytes,     816080 total
[2024-02-09T23:08:27.562+0000][7][gc,age      ] GC(102) - age   5:       1160 bytes,     817240 total
[2024-02-09T23:08:27.562+0000][7][gc,age      ] GC(102) - age   6:         64 bytes,     817304 total
[2024-02-09T23:08:27.562+0000][7][gc,age      ] GC(102) - age   7:       1032 bytes,     818336 total
[2024-02-09T23:08:27.562+0000][7][gc,age      ] GC(102) - age   9:       1840 bytes,     820176 total
[2024-02-09T23:08:27.562+0000][7][gc,age      ] GC(102) - age  10:      10256 bytes,     830432 total
[2024-02-09T23:08:27.562+0000][7][gc,age      ] GC(102) - age  11:      20080 bytes,     850512 total
[2024-02-09T23:08:27.562+0000][7][gc,age      ] GC(102) - age  12:      93712 bytes,     944224 total
[2024-02-09T23:08:27.562+0000][7][gc,age      ] GC(102) - age  13:      86568 bytes,    1030792 total
[2024-02-09T23:08:27.562+0000][7][gc,age      ] GC(102) - age  14:      91984 bytes,    1122776 total
[2024-02-09T23:08:27.562+0000][7][gc,age      ] GC(102) - age  15:        240 bytes,    1123016 total
[2024-02-09T23:08:27.562+0000][7][gc,heap     ] GC(102) Eden regions: 152->0(152)
[2024-02-09T23:08:27.562+0000][7][gc,heap     ] GC(102) Survivor regions: 1->1(20)
[2024-02-09T23:08:27.562+0000][7][gc,heap     ] GC(102) Old regions: 23->23
[2024-02-09T23:08:27.562+0000][7][gc,heap     ] GC(102) Archive regions: 2->2
[2024-02-09T23:08:27.562+0000][7][gc,heap     ] GC(102) Humongous regions: 0->0
[2024-02-09T23:08:27.562+0000][7][gc,metaspace] GC(102) Metaspace: 128952K(132672K)->128952K(132672K) NonClass: 112040K(113984K)->112040K(113984K) Class: 16912K(18688K)->16912K(18688K)
[2024-02-09T23:08:27.562+0000][7][gc          ] GC(102) Pause Young (Normal) (G1 Evacuation Pause) 704M->95M(1024M) 3.087ms
[2024-02-09T23:08:27.562+0000][7][gc,cpu      ] GC(102) User=0.01s Sys=0.00s Real=0.00s
[2024-02-09T23:08:27.562+0000][7][safepoint   ] Safepoint "G1CollectForAllocation", Time since last: 56413691401 ns, Reaching safepoint: 87499 ns, At safepoint: 3191071 ns, Total: 3278570 ns
[2024-02-09T23:09:15.570+0000][7][safepoint   ] Safepoint "Cleanup", Time since last: 48007747019 ns, Reaching safepoint: 79735 ns, At safepoint: 43638 ns, Total: 123373 ns
[2024-02-09T23:11:06.063+0000][7][gc,start    ] GC(103) Pause Young (Normal) (G1 Evacuation Pause)
[2024-02-09T23:11:06.063+0000][7][gc,task     ] GC(103) Using 8 workers of 8 for evacuation
[2024-02-09T23:11:06.063+0000][7][gc,age      ] GC(103) Desired survivor size 41943040 bytes, new threshold 15 (max threshold 15)
[2024-02-09T23:11:06.066+0000][7][gc,phases   ] GC(103)   Pre Evacuate Collection Set: 0.1ms
[2024-02-09T23:11:06.066+0000][7][gc,phases   ] GC(103)   Merge Heap Roots: 0.1ms
[2024-02-09T23:11:06.066+0000][7][gc,phases   ] GC(103)   Evacuate Collection Set: 1.3ms
[2024-02-09T23:11:06.066+0000][7][gc,phases   ] GC(103)   Post Evacuate Collection Set: 1.1ms
[2024-02-09T23:11:06.066+0000][7][gc,phases   ] GC(103)   Other: 0.1ms
[2024-02-09T23:11:06.066+0000][7][gc,age      ] GC(103) Age table with threshold 15 (max threshold 15)
[2024-02-09T23:11:06.066+0000][7][gc,age      ] GC(103) - age   1:     673632 bytes,     673632 total
[2024-02-09T23:11:06.066+0000][7][gc,age      ] GC(103) - age   2:      10840 bytes,     684472 total
[2024-02-09T23:11:06.066+0000][7][gc,age      ] GC(103) - age   3:         96 bytes,     684568 total
[2024-02-09T23:11:06.066+0000][7][gc,age      ] GC(103) - age   4:        184 bytes,     684752 total
[2024-02-09T23:11:06.066+0000][7][gc,age      ] GC(103) - age   5:        648 bytes,     685400 total
[2024-02-09T23:11:06.066+0000][7][gc,age      ] GC(103) - age   6:       1160 bytes,     686560 total
[2024-02-09T23:11:06.066+0000][7][gc,age      ] GC(103) - age   7:         64 bytes,     686624 total
[2024-02-09T23:11:06.066+0000][7][gc,age      ] GC(103) - age   8:       1032 bytes,     687656 total
[2024-02-09T23:11:06.066+0000][7][gc,age      ] GC(103) - age  10:       1840 bytes,     689496 total
[2024-02-09T23:11:06.066+0000][7][gc,age      ] GC(103) - age  11:      10256 bytes,     699752 total
[2024-02-09T23:11:06.066+0000][7][gc,age      ] GC(103) - age  12:      20080 bytes,     719832 total
[2024-02-09T23:11:06.066+0000][7][gc,age      ] GC(103) - age  13:      93712 bytes,     813544 total
[2024-02-09T23:11:06.066+0000][7][gc,age      ] GC(103) - age  14:      86448 bytes,     899992 total
[2024-02-09T23:11:06.066+0000][7][gc,age      ] GC(103) - age  15:      83968 bytes,     983960 total
[2024-02-09T23:11:06.066+0000][7][gc,heap     ] GC(103) Eden regions: 152->0(152)
[2024-02-09T23:11:06.066+0000][7][gc,heap     ] GC(103) Survivor regions: 1->1(20)
[2024-02-09T23:11:06.066+0000][7][gc,heap     ] GC(103) Old regions: 23->23
[2024-02-09T23:11:06.066+0000][7][gc,heap     ] GC(103) Archive regions: 2->2
[2024-02-09T23:11:06.066+0000][7][gc,heap     ] GC(103) Humongous regions: 0->0
[2024-02-09T23:11:06.066+0000][7][gc,metaspace] GC(103) Metaspace: 128952K(132672K)->128952K(132672K) NonClass: 112040K(113984K)->112040K(113984K) Class: 16912K(18688K)->16912K(18688K)
[2024-02-09T23:11:06.066+0000][7][gc          ] GC(103) Pause Young (Normal) (G1 Evacuation Pause) 703M->95M(1024M) 3.100ms
[2024-02-09T23:11:06.066+0000][7][gc,cpu      ] GC(103) User=0.01s Sys=0.01s Real=0.00s
[2024-02-09T23:11:06.066+0000][7][safepoint   ] Safepoint "G1CollectForAllocation", Time since last: 110492854588 ns, Reaching safepoint: 92577 ns, At safepoint: 3210683 ns, Total: 3303260 ns
[2024-02-09T23:11:52.072+0000][7][safepoint   ] Safepoint "Cleanup", Time since last: 46005598573 ns, Reaching safepoint: 115417 ns, At safepoint: 12295 ns, Total: 127712 ns
[2024-02-09T23:12:18.075+0000][7][safepoint   ] Safepoint "Cleanup", Time since last: 26003274943 ns, Reaching safepoint: 98278 ns, At safepoint: 10779 ns, Total: 109057 ns
[2024-02-09T23:13:42.177+0000][7][gc,start    ] GC(104) Pause Young (Normal) (G1 Evacuation Pause)
[2024-02-09T23:13:42.177+0000][7][gc,task     ] GC(104) Using 8 workers of 8 for evacuation
[2024-02-09T23:13:42.177+0000][7][gc,age      ] GC(104) Desired survivor size 41943040 bytes, new threshold 15 (max threshold 15)
[2024-02-09T23:13:42.179+0000][7][gc,phases   ] GC(104)   Pre Evacuate Collection Set: 0.2ms
[2024-02-09T23:13:42.179+0000][7][gc,phases   ] GC(104)   Merge Heap Roots: 0.1ms
[2024-02-09T23:13:42.179+0000][7][gc,phases   ] GC(104)   Evacuate Collection Set: 1.4ms
[2024-02-09T23:13:42.179+0000][7][gc,phases   ] GC(104)   Post Evacuate Collection Set: 0.9ms
[2024-02-09T23:13:42.179+0000][7][gc,phases   ] GC(104)   Other: 0.1ms
[2024-02-09T23:13:42.179+0000][7][gc,age      ] GC(104) Age table with threshold 15 (max threshold 15)
[2024-02-09T23:13:42.179+0000][7][gc,age      ] GC(104) - age   1:     898768 bytes,     898768 total
[2024-02-09T23:13:42.179+0000][7][gc,age      ] GC(104) - age   2:     145616 bytes,    1044384 total
[2024-02-09T23:13:42.179+0000][7][gc,age      ] GC(104) - age   3:       9648 bytes,    1054032 total
[2024-02-09T23:13:42.179+0000][7][gc,age      ] GC(104) - age   4:         64 bytes,    1054096 total
[2024-02-09T23:13:42.179+0000][7][gc,age      ] GC(104) - age   5:        184 bytes,    1054280 total
[2024-02-09T23:13:42.179+0000][7][gc,age      ] GC(104) - age   6:        648 bytes,    1054928 total
[2024-02-09T23:13:42.179+0000][7][gc,age      ] GC(104) - age   7:       1160 bytes,    1056088 total
[2024-02-09T23:13:42.179+0000][7][gc,age      ] GC(104) - age   9:       1032 bytes,    1057120 total
[2024-02-09T23:13:42.179+0000][7][gc,age      ] GC(104) - age  11:       1840 bytes,    1058960 total
[2024-02-09T23:13:42.179+0000][7][gc,age      ] GC(104) - age  12:      10256 bytes,    1069216 total
[2024-02-09T23:13:42.179+0000][7][gc,age      ] GC(104) - age  13:      20080 bytes,    1089296 total
[2024-02-09T23:13:42.179+0000][7][gc,age      ] GC(104) - age  14:      93712 bytes,    1183008 total
[2024-02-09T23:13:42.179+0000][7][gc,age      ] GC(104) - age  15:      86448 bytes,    1269456 total
[2024-02-09T23:13:42.179+0000][7][gc,heap     ] GC(104) Eden regions: 152->0(152)
[2024-02-09T23:13:42.179+0000][7][gc,heap     ] GC(104) Survivor regions: 1->1(20)
[2024-02-09T23:13:42.179+0000][7][gc,heap     ] GC(104) Old regions: 23->23
[2024-02-09T23:13:42.179+0000][7][gc,heap     ] GC(104) Archive regions: 2->2
[2024-02-09T23:13:42.179+0000][7][gc,heap     ] GC(104) Humongous regions: 0->0
[2024-02-09T23:13:42.179+0000][7][gc,metaspace] GC(104) Metaspace: 128952K(132672K)->128952K(132672K) NonClass: 112040K(113984K)->112040K(113984K) Class: 16912K(18688K)->16912K(18688K)
[2024-02-09T23:13:42.179+0000][7][gc          ] GC(104) Pause Young (Normal) (G1 Evacuation Pause) 703M->95M(1024M) 2.912ms
[2024-02-09T23:13:42.180+0000][7][gc,cpu      ] GC(104) User=0.01s Sys=0.01s Real=0.00s
[2024-02-09T23:13:42.180+0000][7][safepoint   ] Safepoint "G1CollectForAllocation", Time since last: 84101429331 ns, Reaching safepoint: 95104 ns, At safepoint: 3009089 ns, Total: 3104193 ns
[2024-02-09T23:15:31.195+0000][7][safepoint   ] Safepoint "Cleanup", Time since last: 109015080874 ns, Reaching safepoint: 120219 ns, At safepoint: 6633 ns, Total: 126852 ns
[2024-02-09T23:16:24.120+0000][7][gc,start    ] GC(105) Pause Young (Normal) (G1 Evacuation Pause)
[2024-02-09T23:16:24.120+0000][7][gc,task     ] GC(105) Using 8 workers of 8 for evacuation
[2024-02-09T23:16:24.120+0000][7][gc,age      ] GC(105) Desired survivor size 41943040 bytes, new threshold 15 (max threshold 15)
[2024-02-09T23:16:24.123+0000][7][gc,phases   ] GC(105)   Pre Evacuate Collection Set: 0.1ms
[2024-02-09T23:16:24.123+0000][7][gc,phases   ] GC(105)   Merge Heap Roots: 0.1ms
[2024-02-09T23:16:24.123+0000][7][gc,phases   ] GC(105)   Evacuate Collection Set: 1.4ms
[2024-02-09T23:16:24.123+0000][7][gc,phases   ] GC(105)   Post Evacuate Collection Set: 0.8ms
[2024-02-09T23:16:24.123+0000][7][gc,phases   ] GC(105)   Other: 0.1ms
[2024-02-09T23:16:24.123+0000][7][gc,age      ] GC(105) Age table with threshold 15 (max threshold 15)
[2024-02-09T23:16:24.123+0000][7][gc,age      ] GC(105) - age   1:    1183080 bytes,    1183080 total
[2024-02-09T23:16:24.123+0000][7][gc,age      ] GC(105) - age   2:       2272 bytes,    1185352 total
[2024-02-09T23:16:24.123+0000][7][gc,age      ] GC(105) - age   3:     144040 bytes,    1329392 total
[2024-02-09T23:16:24.123+0000][7][gc,age      ] GC(105) - age   4:       9520 bytes,    1338912 total
[2024-02-09T23:16:24.123+0000][7][gc,age      ] GC(105) - age   6:        184 bytes,    1339096 total
[2024-02-09T23:16:24.123+0000][7][gc,age      ] GC(105) - age   7:        256 bytes,    1339352 total
[2024-02-09T23:16:24.123+0000][7][gc,age      ] GC(105) - age   8:       1160 bytes,    1340512 total
[2024-02-09T23:16:24.123+0000][7][gc,age      ] GC(105) - age  10:       1032 bytes,    1341544 total
[2024-02-09T23:16:24.123+0000][7][gc,age      ] GC(105) - age  12:       1840 bytes,    1343384 total
[2024-02-09T23:16:24.123+0000][7][gc,age      ] GC(105) - age  13:      10256 bytes,    1353640 total
[2024-02-09T23:16:24.123+0000][7][gc,age      ] GC(105) - age  14:      20080 bytes,    1373720 total
[2024-02-09T23:16:24.123+0000][7][gc,age      ] GC(105) - age  15:      93712 bytes,    1467432 total
[2024-02-09T23:16:24.123+0000][7][gc,heap     ] GC(105) Eden regions: 152->0(152)
[2024-02-09T23:16:24.123+0000][7][gc,heap     ] GC(105) Survivor regions: 1->1(20)
[2024-02-09T23:16:24.123+0000][7][gc,heap     ] GC(105) Old regions: 23->23
[2024-02-09T23:16:24.123+0000][7][gc,heap     ] GC(105) Archive regions: 2->2
[2024-02-09T23:16:24.123+0000][7][gc,heap     ] GC(105) Humongous regions: 0->0
[2024-02-09T23:16:24.123+0000][7][gc,metaspace] GC(105) Metaspace: 128952K(132672K)->128952K(132672K) NonClass: 112040K(113984K)->112040K(113984K) Class: 16912K(18688K)->16912K(18688K)
[2024-02-09T23:16:24.123+0000][7][gc          ] GC(105) Pause Young (Normal) (G1 Evacuation Pause) 703M->95M(1024M) 2.927ms
[2024-02-09T23:16:24.123+0000][7][gc,cpu      ] GC(105) User=0.01s Sys=0.00s Real=0.00s
[2024-02-09T23:16:24.123+0000][7][safepoint   ] Safepoint "G1CollectForAllocation", Time since last: 52925330654 ns, Reaching safepoint: 51366 ns, At safepoint: 3024793 ns, Total: 3076159 ns
[2024-02-09T23:19:03.136+0000][7][gc,start    ] GC(106) Pause Young (Normal) (G1 Evacuation Pause)
[2024-02-09T23:19:03.136+0000][7][gc,task     ] GC(106) Using 8 workers of 8 for evacuation
[2024-02-09T23:19:03.136+0000][7][gc,age      ] GC(106) Desired survivor size 41943040 bytes, new threshold 15 (max threshold 15)
[2024-02-09T23:19:03.139+0000][7][gc,phases   ] GC(106)   Pre Evacuate Collection Set: 0.1ms
[2024-02-09T23:19:03.139+0000][7][gc,phases   ] GC(106)   Merge Heap Roots: 0.1ms
[2024-02-09T23:19:03.139+0000][7][gc,phases   ] GC(106)   Evacuate Collection Set: 1.4ms
[2024-02-09T23:19:03.139+0000][7][gc,phases   ] GC(106)   Post Evacuate Collection Set: 0.8ms
[2024-02-09T23:19:03.139+0000][7][gc,phases   ] GC(106)   Other: 0.1ms
[2024-02-09T23:19:03.139+0000][7][gc,age      ] GC(106) Age table with threshold 15 (max threshold 15)
[2024-02-09T23:19:03.139+0000][7][gc,age      ] GC(106) - age   1:    1315752 bytes,    1315752 total
[2024-02-09T23:19:03.139+0000][7][gc,age      ] GC(106) - age   2:       2784 bytes,    1318536 total
[2024-02-09T23:19:03.139+0000][7][gc,age      ] GC(106) - age   3:        640 bytes,    1319176 total
[2024-02-09T23:19:03.139+0000][7][gc,age      ] GC(106) - age   4:     143488 bytes,    1462664 total
[2024-02-09T23:19:03.139+0000][7][gc,age      ] GC(106) - age   5:       8768 bytes,    1471432 total
[2024-02-09T23:19:03.139+0000][7][gc,age      ] GC(106) - age   7:        184 bytes,    1471616 total
[2024-02-09T23:19:03.139+0000][7][gc,age      ] GC(106) - age   8:         72 bytes,    1471688 total
[2024-02-09T23:19:03.139+0000][7][gc,age      ] GC(106) - age   9:       1128 bytes,    1472816 total
[2024-02-09T23:19:03.139+0000][7][gc,age      ] GC(106) - age  11:       1032 bytes,    1473848 total
[2024-02-09T23:19:03.139+0000][7][gc,age      ] GC(106) - age  13:       1840 bytes,    1475688 total
[2024-02-09T23:19:03.139+0000][7][gc,age      ] GC(106) - age  14:      10256 bytes,    1485944 total
[2024-02-09T23:19:03.139+0000][7][gc,age      ] GC(106) - age  15:      20080 bytes,    1506024 total
[2024-02-09T23:19:03.139+0000][7][gc,heap     ] GC(106) Eden regions: 152->0(152)
[2024-02-09T23:19:03.139+0000][7][gc,heap     ] GC(106) Survivor regions: 1->1(20)
[2024-02-09T23:19:03.139+0000][7][gc,heap     ] GC(106) Old regions: 23->23
[2024-02-09T23:19:03.139+0000][7][gc,heap     ] GC(106) Archive regions: 2->2
[2024-02-09T23:19:03.139+0000][7][gc,heap     ] GC(106) Humongous regions: 0->0
[2024-02-09T23:19:03.139+0000][7][gc,metaspace] GC(106) Metaspace: 128953K(132672K)->128953K(132672K) NonClass: 112041K(113984K)->112041K(113984K) Class: 16912K(18688K)->16912K(18688K)
[2024-02-09T23:19:03.139+0000][7][gc          ] GC(106) Pause Young (Normal) (G1 Evacuation Pause) 703M->95M(1024M) 2.791ms
[2024-02-09T23:19:03.139+0000][7][gc,cpu      ] GC(106) User=0.01s Sys=0.00s Real=0.01s
[2024-02-09T23:19:03.139+0000][7][safepoint   ] Safepoint "G1CollectForAllocation", Time since last: 159013127656 ns, Reaching safepoint: 81178 ns, At safepoint: 2899609 ns, Total: 2980787 ns
[2024-02-09T23:21:42.135+0000][7][gc,start    ] GC(107) Pause Young (Normal) (G1 Evacuation Pause)
[2024-02-09T23:21:42.135+0000][7][gc,task     ] GC(107) Using 8 workers of 8 for evacuation
[2024-02-09T23:21:42.135+0000][7][gc,age      ] GC(107) Desired survivor size 41943040 bytes, new threshold 15 (max threshold 15)
[2024-02-09T23:21:42.138+0000][7][gc,phases   ] GC(107)   Pre Evacuate Collection Set: 0.2ms
[2024-02-09T23:21:42.138+0000][7][gc,phases   ] GC(107)   Merge Heap Roots: 0.1ms
[2024-02-09T23:21:42.138+0000][7][gc,phases   ] GC(107)   Evacuate Collection Set: 1.6ms
[2024-02-09T23:21:42.138+0000][7][gc,phases   ] GC(107)   Post Evacuate Collection Set: 0.8ms
[2024-02-09T23:21:42.138+0000][7][gc,phases   ] GC(107)   Other: 0.1ms
[2024-02-09T23:21:42.138+0000][7][gc,age      ] GC(107) Age table with threshold 15 (max threshold 15)
[2024-02-09T23:21:42.138+0000][7][gc,age      ] GC(107) - age   1:    1448872 bytes,    1448872 total
[2024-02-09T23:21:42.138+0000][7][gc,age      ] GC(107) - age   2:       2728 bytes,    1451600 total
[2024-02-09T23:21:42.138+0000][7][gc,age      ] GC(107) - age   3:        416 bytes,    1452016 total
[2024-02-09T23:21:42.138+0000][7][gc,age      ] GC(107) - age   4:        384 bytes,    1452400 total
[2024-02-09T23:21:42.138+0000][7][gc,age      ] GC(107) - age   5:     140032 bytes,    1592432 total
[2024-02-09T23:21:42.138+0000][7][gc,age      ] GC(107) - age   6:       8640 bytes,    1601072 total
[2024-02-09T23:21:42.138+0000][7][gc,age      ] GC(107) - age   8:        184 bytes,    1601256 total
[2024-02-09T23:21:42.138+0000][7][gc,age      ] GC(107) - age   9:         72 bytes,    1601328 total
[2024-02-09T23:21:42.138+0000][7][gc,age      ] GC(107) - age  10:       1128 bytes,    1602456 total
[2024-02-09T23:21:42.138+0000][7][gc,age      ] GC(107) - age  12:       1032 bytes,    1603488 total
[2024-02-09T23:21:42.138+0000][7][gc,age      ] GC(107) - age  14:       1840 bytes,    1605328 total
[2024-02-09T23:21:42.138+0000][7][gc,age      ] GC(107) - age  15:      10256 bytes,    1615584 total
[2024-02-09T23:21:42.138+0000][7][gc,heap     ] GC(107) Eden regions: 152->0(152)
[2024-02-09T23:21:42.138+0000][7][gc,heap     ] GC(107) Survivor regions: 1->1(20)
[2024-02-09T23:21:42.138+0000][7][gc,heap     ] GC(107) Old regions: 23->23
[2024-02-09T23:21:42.138+0000][7][gc,heap     ] GC(107) Archive regions: 2->2
[2024-02-09T23:21:42.138+0000][7][gc,heap     ] GC(107) Humongous regions: 0->0
[2024-02-09T23:21:42.138+0000][7][gc,metaspace] GC(107) Metaspace: 128953K(132672K)->128953K(132672K) NonClass: 112041K(113984K)->112041K(113984K) Class: 16912K(18688K)->16912K(18688K)
[2024-02-09T23:21:42.138+0000][7][gc          ] GC(107) Pause Young (Normal) (G1 Evacuation Pause) 703M->96M(1024M) 3.178ms
[2024-02-09T23:21:42.138+0000][7][gc,cpu      ] GC(107) User=0.02s Sys=0.00s Real=0.01s
[2024-02-09T23:21:42.138+0000][7][safepoint   ] Safepoint "G1CollectForAllocation", Time since last: 158995549973 ns, Reaching safepoint: 75470 ns, At safepoint: 3292493 ns, Total: 3367963 ns
[2024-02-09T23:22:31.145+0000][7][safepoint   ] Safepoint "Cleanup", Time since last: 49006725313 ns, Reaching safepoint: 54678 ns, At safepoint: 33633 ns, Total: 88311 ns
[2024-02-09T23:24:15.314+0000][7][gc,start    ] GC(108) Pause Young (Normal) (G1 Evacuation Pause)
[2024-02-09T23:24:15.315+0000][7][gc,task     ] GC(108) Using 8 workers of 8 for evacuation
[2024-02-09T23:24:15.315+0000][7][gc,age      ] GC(108) Desired survivor size 41943040 bytes, new threshold 15 (max threshold 15)
[2024-02-09T23:24:15.317+0000][7][gc,phases   ] GC(108)   Pre Evacuate Collection Set: 0.1ms
[2024-02-09T23:24:15.317+0000][7][gc,phases   ] GC(108)   Merge Heap Roots: 0.1ms
[2024-02-09T23:24:15.317+0000][7][gc,phases   ] GC(108)   Evacuate Collection Set: 1.6ms
[2024-02-09T23:24:15.317+0000][7][gc,phases   ] GC(108)   Post Evacuate Collection Set: 0.7ms
[2024-02-09T23:24:15.317+0000][7][gc,phases   ] GC(108)   Other: 0.1ms
[2024-02-09T23:24:15.317+0000][7][gc,age      ] GC(108) Age table with threshold 15 (max threshold 15)
[2024-02-09T23:24:15.317+0000][7][gc,age      ] GC(108) - age   1:    2048368 bytes,    2048368 total
[2024-02-09T23:24:15.317+0000][7][gc,age      ] GC(108) - age   2:       6456 bytes,    2054824 total
[2024-02-09T23:24:15.317+0000][7][gc,age      ] GC(108) - age   3:       1088 bytes,    2055912 total
[2024-02-09T23:24:15.317+0000][7][gc,age      ] GC(108) - age   4:        416 bytes,    2056328 total
[2024-02-09T23:24:15.317+0000][7][gc,age      ] GC(108) - age   5:         88 bytes,    2056416 total
[2024-02-09T23:24:15.317+0000][7][gc,age      ] GC(108) - age   6:     139904 bytes,    2196320 total
[2024-02-09T23:24:15.317+0000][7][gc,age      ] GC(108) - age   7:       8456 bytes,    2204776 total
[2024-02-09T23:24:15.317+0000][7][gc,age      ] GC(108) - age   9:        184 bytes,    2204960 total
[2024-02-09T23:24:15.317+0000][7][gc,age      ] GC(108) - age  10:         72 bytes,    2205032 total
[2024-02-09T23:24:15.317+0000][7][gc,age      ] GC(108) - age  11:       1128 bytes,    2206160 total
[2024-02-09T23:24:15.317+0000][7][gc,age      ] GC(108) - age  13:       1032 bytes,    2207192 total
[2024-02-09T23:24:15.317+0000][7][gc,age      ] GC(108) - age  15:       1840 bytes,    2209032 total
[2024-02-09T23:24:15.317+0000][7][gc,heap     ] GC(108) Eden regions: 152->0(152)
[2024-02-09T23:24:15.317+0000][7][gc,heap     ] GC(108) Survivor regions: 1->1(20)
[2024-02-09T23:24:15.317+0000][7][gc,heap     ] GC(108) Old regions: 23->23
[2024-02-09T23:24:15.317+0000][7][gc,heap     ] GC(108) Archive regions: 2->2
[2024-02-09T23:24:15.317+0000][7][gc,heap     ] GC(108) Humongous regions: 0->0
[2024-02-09T23:24:15.317+0000][7][gc,metaspace] GC(108) Metaspace: 128953K(132672K)->128953K(132672K) NonClass: 112041K(113984K)->112041K(113984K) Class: 16912K(18688K)->16912K(18688K)
[2024-02-09T23:24:15.317+0000][7][gc          ] GC(108) Pause Young (Normal) (G1 Evacuation Pause) 704M->96M(1024M) 2.720ms
[2024-02-09T23:24:15.317+0000][7][gc,cpu      ] GC(108) User=0.01s Sys=0.01s Real=0.01s
[2024-02-09T23:24:15.317+0000][7][safepoint   ] Safepoint "G1CollectForAllocation", Time since last: 104169402265 ns, Reaching safepoint: 47329 ns, At safepoint: 2851042 ns, Total: 2898371 ns
[2024-02-09T23:26:54.278+0000][7][gc,start    ] GC(109) Pause Young (Normal) (G1 Evacuation Pause)
[2024-02-09T23:26:54.278+0000][7][gc,task     ] GC(109) Using 8 workers of 8 for evacuation
[2024-02-09T23:26:54.278+0000][7][gc,age      ] GC(109) Desired survivor size 41943040 bytes, new threshold 15 (max threshold 15)
[2024-02-09T23:26:54.280+0000][7][gc,phases   ] GC(109)   Pre Evacuate Collection Set: 0.1ms
[2024-02-09T23:26:54.280+0000][7][gc,phases   ] GC(109)   Merge Heap Roots: 0.0ms
[2024-02-09T23:26:54.280+0000][7][gc,phases   ] GC(109)   Evacuate Collection Set: 1.0ms
[2024-02-09T23:26:54.280+0000][7][gc,phases   ] GC(109)   Post Evacuate Collection Set: 0.5ms
[2024-02-09T23:26:54.280+0000][7][gc,phases   ] GC(109)   Other: 0.1ms
[2024-02-09T23:26:54.280+0000][7][gc,age      ] GC(109) Age table with threshold 15 (max threshold 15)
[2024-02-09T23:26:54.280+0000][7][gc,age      ] GC(109) - age   1:    2088584 bytes,    2088584 total
[2024-02-09T23:26:54.280+0000][7][gc,age      ] GC(109) - age   2:       2848 bytes,    2091432 total
[2024-02-09T23:26:54.280+0000][7][gc,age      ] GC(109) - age   3:       4192 bytes,    2095624 total
[2024-02-09T23:26:54.280+0000][7][gc,age      ] GC(109) - age   4:        960 bytes,    2096584 total
[2024-02-09T23:26:54.280+0000][7][gc,age      ] GC(109) - age   5:        416 bytes,    2097000 total
[2024-02-09T23:26:54.280+0000][7][gc,age      ] GC(109) - age   6:         24 bytes,    2097024 total
[2024-02-09T23:26:54.280+0000][7][gc,age      ] GC(109) - age   7:     139720 bytes,    2236744 total
[2024-02-09T23:26:54.280+0000][7][gc,age      ] GC(109) - age   8:       8072 bytes,    2244816 total
[2024-02-09T23:26:54.280+0000][7][gc,age      ] GC(109) - age  10:        184 bytes,    2245000 total
[2024-02-09T23:26:54.280+0000][7][gc,age      ] GC(109) - age  11:         72 bytes,    2245072 total
[2024-02-09T23:26:54.280+0000][7][gc,age      ] GC(109) - age  12:       1128 bytes,    2246200 total
[2024-02-09T23:26:54.280+0000][7][gc,age      ] GC(109) - age  14:       1032 bytes,    2247232 total
[2024-02-09T23:26:54.280+0000][7][gc,heap     ] GC(109) Eden regions: 152->0(152)
[2024-02-09T23:26:54.280+0000][7][gc,heap     ] GC(109) Survivor regions: 1->1(20)
[2024-02-09T23:26:54.280+0000][7][gc,heap     ] GC(109) Old regions: 23->23
[2024-02-09T23:26:54.280+0000][7][gc,heap     ] GC(109) Archive regions: 2->2
[2024-02-09T23:26:54.280+0000][7][gc,heap     ] GC(109) Humongous regions: 0->0
[2024-02-09T23:26:54.280+0000][7][gc,metaspace] GC(109) Metaspace: 128953K(132672K)->128953K(132672K) NonClass: 112041K(113984K)->112041K(113984K) Class: 16912K(18688K)->16912K(18688K)
[2024-02-09T23:26:54.280+0000][7][gc          ] GC(109) Pause Young (Normal) (G1 Evacuation Pause) 704M->96M(1024M) 1.908ms
[2024-02-09T23:26:54.280+0000][7][gc,cpu      ] GC(109) User=0.00s Sys=0.00s Real=0.00s
[2024-02-09T23:26:54.280+0000][7][safepoint   ] Safepoint "G1CollectForAllocation", Time since last: 158960813298 ns, Reaching safepoint: 47160 ns, At safepoint: 1969688 ns, Total: 2016848 ns
[2024-02-09T23:28:31.295+0000][7][safepoint   ] Safepoint "Cleanup", Time since last: 97014520450 ns, Reaching safepoint: 99047 ns, At safepoint: 5602 ns, Total: 104649 ns
[2024-02-09T23:29:31.303+0000][7][safepoint   ] Safepoint "Cleanup", Time since last: 60008032962 ns, Reaching safepoint: 96651 ns, At safepoint: 49027 ns, Total: 145678 ns
[2024-02-09T23:29:36.158+0000][7][gc,start    ] GC(110) Pause Young (Normal) (G1 Evacuation Pause)
[2024-02-09T23:29:36.158+0000][7][gc,task     ] GC(110) Using 8 workers of 8 for evacuation
[2024-02-09T23:29:36.158+0000][7][gc,age      ] GC(110) Desired survivor size 41943040 bytes, new threshold 15 (max threshold 15)
[2024-02-09T23:29:36.161+0000][7][gc,phases   ] GC(110)   Pre Evacuate Collection Set: 0.2ms
[2024-02-09T23:29:36.161+0000][7][gc,phases   ] GC(110)   Merge Heap Roots: 0.2ms
[2024-02-09T23:29:36.161+0000][7][gc,phases   ] GC(110)   Evacuate Collection Set: 1.1ms
[2024-02-09T23:29:36.161+0000][7][gc,phases   ] GC(110)   Post Evacuate Collection Set: 0.9ms
[2024-02-09T23:29:36.161+0000][7][gc,phases   ] GC(110)   Other: 0.1ms
[2024-02-09T23:29:36.161+0000][7][gc,age      ] GC(110) Age table with threshold 15 (max threshold 15)
[2024-02-09T23:29:36.161+0000][7][gc,age      ] GC(110) - age   1:     389888 bytes,     389888 total
[2024-02-09T23:29:36.161+0000][7][gc,age      ] GC(110) - age   2:       3536 bytes,     393424 total
[2024-02-09T23:29:36.161+0000][7][gc,age      ] GC(110) - age   3:        504 bytes,     393928 total
[2024-02-09T23:29:36.161+0000][7][gc,age      ] GC(110) - age   4:       4128 bytes,     398056 total
[2024-02-09T23:29:36.161+0000][7][gc,age      ] GC(110) - age   5:        248 bytes,     398304 total
[2024-02-09T23:29:36.161+0000][7][gc,age      ] GC(110) - age   6:        416 bytes,     398720 total
[2024-02-09T23:29:36.161+0000][7][gc,age      ] GC(110) - age   7:         24 bytes,     398744 total
[2024-02-09T23:29:36.161+0000][7][gc,age      ] GC(110) - age   8:     139720 bytes,     538464 total
[2024-02-09T23:29:36.161+0000][7][gc,age      ] GC(110) - age   9:       8040 bytes,     546504 total
[2024-02-09T23:29:36.161+0000][7][gc,age      ] GC(110) - age  11:        184 bytes,     546688 total
[2024-02-09T23:29:36.161+0000][7][gc,age      ] GC(110) - age  12:         72 bytes,     546760 total
[2024-02-09T23:29:36.161+0000][7][gc,age      ] GC(110) - age  13:        944 bytes,     547704 total
[2024-02-09T23:29:36.161+0000][7][gc,age      ] GC(110) - age  15:       1032 bytes,     548736 total
[2024-02-09T23:29:36.161+0000][7][gc,heap     ] GC(110) Eden regions: 152->0(152)
[2024-02-09T23:29:36.161+0000][7][gc,heap     ] GC(110) Survivor regions: 1->1(20)
[2024-02-09T23:29:36.161+0000][7][gc,heap     ] GC(110) Old regions: 23->23
[2024-02-09T23:29:36.161+0000][7][gc,heap     ] GC(110) Archive regions: 2->2
[2024-02-09T23:29:36.161+0000][7][gc,heap     ] GC(110) Humongous regions: 0->0
[2024-02-09T23:29:36.161+0000][7][gc,metaspace] GC(110) Metaspace: 128953K(132672K)->128953K(132672K) NonClass: 112041K(113984K)->112041K(113984K) Class: 16912K(18688K)->16912K(18688K)
[2024-02-09T23:29:36.161+0000][7][gc          ] GC(110) Pause Young (Normal) (G1 Evacuation Pause) 704M->95M(1024M) 2.832ms
[2024-02-09T23:29:36.161+0000][7][gc,cpu      ] GC(110) User=0.01s Sys=0.00s Real=0.00s
[2024-02-09T23:29:36.161+0000][7][safepoint   ] Safepoint "G1CollectForAllocation", Time since last: 4855298096 ns, Reaching safepoint: 110713 ns, At safepoint: 2937048 ns, Total: 3047761 ns
[2024-02-09T23:31:29.173+0000][7][safepoint   ] Safepoint "Cleanup", Time since last: 113011978084 ns, Reaching safepoint: 116470 ns, At safepoint: 7842 ns, Total: 124312 ns
[2024-02-09T23:32:12.191+0000][7][gc,start    ] GC(111) Pause Young (Normal) (G1 Evacuation Pause)
[2024-02-09T23:32:12.191+0000][7][gc,task     ] GC(111) Using 8 workers of 8 for evacuation
[2024-02-09T23:32:12.191+0000][7][gc,age      ] GC(111) Desired survivor size 41943040 bytes, new threshold 15 (max threshold 15)
[2024-02-09T23:32:12.194+0000][7][gc,phases   ] GC(111)   Pre Evacuate Collection Set: 0.1ms
[2024-02-09T23:32:12.194+0000][7][gc,phases   ] GC(111)   Merge Heap Roots: 0.1ms
[2024-02-09T23:32:12.194+0000][7][gc,phases   ] GC(111)   Evacuate Collection Set: 1.2ms
[2024-02-09T23:32:12.194+0000][7][gc,phases   ] GC(111)   Post Evacuate Collection Set: 0.7ms
[2024-02-09T23:32:12.194+0000][7][gc,phases   ] GC(111)   Other: 0.1ms
[2024-02-09T23:32:12.194+0000][7][gc,age      ] GC(111) Age table with threshold 15 (max threshold 15)
[2024-02-09T23:32:12.194+0000][7][gc,age      ] GC(111) - age   1:    1181440 bytes,    1181440 total
[2024-02-09T23:32:12.194+0000][7][gc,age      ] GC(111) - age   2:       2600 bytes,    1184040 total
[2024-02-09T23:32:12.194+0000][7][gc,age      ] GC(111) - age   3:        824 bytes,    1184864 total
[2024-02-09T23:32:12.194+0000][7][gc,age      ] GC(111) - age   4:        248 bytes,    1185112 total
[2024-02-09T23:32:12.194+0000][7][gc,age      ] GC(111) - age   5:        376 bytes,    1185488 total
[2024-02-09T23:32:12.194+0000][7][gc,age      ] GC(111) - age   6:        216 bytes,    1185704 total
[2024-02-09T23:32:12.194+0000][7][gc,age      ] GC(111) - age   7:         24 bytes,    1185728 total
[2024-02-09T23:32:12.194+0000][7][gc,age      ] GC(111) - age   8:         24 bytes,    1185752 total
[2024-02-09T23:32:12.194+0000][7][gc,age      ] GC(111) - age   9:     139720 bytes,    1325472 total
[2024-02-09T23:32:12.194+0000][7][gc,age      ] GC(111) - age  10:       8040 bytes,    1333512 total
[2024-02-09T23:32:12.194+0000][7][gc,age      ] GC(111) - age  12:        184 bytes,    1333696 total
[2024-02-09T23:32:12.194+0000][7][gc,age      ] GC(111) - age  13:         72 bytes,    1333768 total
[2024-02-09T23:32:12.194+0000][7][gc,age      ] GC(111) - age  14:        944 bytes,    1334712 total
[2024-02-09T23:32:12.194+0000][7][gc,heap     ] GC(111) Eden regions: 152->0(152)
[2024-02-09T23:32:12.194+0000][7][gc,heap     ] GC(111) Survivor regions: 1->1(20)
[2024-02-09T23:32:12.194+0000][7][gc,heap     ] GC(111) Old regions: 23->23
[2024-02-09T23:32:12.194+0000][7][gc,heap     ] GC(111) Archive regions: 2->2
[2024-02-09T23:32:12.194+0000][7][gc,heap     ] GC(111) Humongous regions: 0->0
[2024-02-09T23:32:12.194+0000][7][gc,metaspace] GC(111) Metaspace: 128953K(132672K)->128953K(132672K) NonClass: 112041K(113984K)->112041K(113984K) Class: 16912K(18688K)->16912K(18688K)
[2024-02-09T23:32:12.194+0000][7][gc          ] GC(111) Pause Young (Normal) (G1 Evacuation Pause) 703M->95M(1024M) 2.483ms
[2024-02-09T23:32:12.194+0000][7][gc,cpu      ] GC(111) User=0.01s Sys=0.00s Real=0.00s
[2024-02-09T23:32:12.194+0000][7][safepoint   ] Safepoint "G1CollectForAllocation", Time since last: 43017887679 ns, Reaching safepoint: 48450 ns, At safepoint: 2571250 ns, Total: 2619700 ns
[2024-02-09T23:34:52.027+0000][7][gc,start    ] GC(112) Pause Young (Normal) (G1 Evacuation Pause)
[2024-02-09T23:34:52.027+0000][7][gc,task     ] GC(112) Using 8 workers of 8 for evacuation
[2024-02-09T23:34:52.027+0000][7][gc,age      ] GC(112) Desired survivor size 41943040 bytes, new threshold 15 (max threshold 15)
[2024-02-09T23:34:52.029+0000][7][gc,phases   ] GC(112)   Pre Evacuate Collection Set: 0.1ms
[2024-02-09T23:34:52.029+0000][7][gc,phases   ] GC(112)   Merge Heap Roots: 0.1ms
[2024-02-09T23:34:52.029+0000][7][gc,phases   ] GC(112)   Evacuate Collection Set: 1.4ms
[2024-02-09T23:34:52.029+0000][7][gc,phases   ] GC(112)   Post Evacuate Collection Set: 1.0ms
[2024-02-09T23:34:52.029+0000][7][gc,phases   ] GC(112)   Other: 0.1ms
[2024-02-09T23:34:52.029+0000][7][gc,age      ] GC(112) Age table with threshold 15 (max threshold 15)
[2024-02-09T23:34:52.029+0000][7][gc,age      ] GC(112) - age   1:     854344 bytes,     854344 total
[2024-02-09T23:34:52.029+0000][7][gc,age      ] GC(112) - age   2:     216320 bytes,    1070664 total
[2024-02-09T23:34:52.029+0000][7][gc,age      ] GC(112) - age   3:       1584 bytes,    1072248 total
[2024-02-09T23:34:52.029+0000][7][gc,age      ] GC(112) - age   4:        384 bytes,    1072632 total
[2024-02-09T23:34:52.029+0000][7][gc,age      ] GC(112) - age   5:        184 bytes,    1072816 total
[2024-02-09T23:34:52.029+0000][7][gc,age      ] GC(112) - age   6:        376 bytes,    1073192 total
[2024-02-09T23:34:52.029+0000][7][gc,age      ] GC(112) - age   7:        216 bytes,    1073408 total
[2024-02-09T23:34:52.029+0000][7][gc,age      ] GC(112) - age   8:         24 bytes,    1073432 total
[2024-02-09T23:34:52.029+0000][7][gc,age      ] GC(112) - age   9:         24 bytes,    1073456 total
[2024-02-09T23:34:52.029+0000][7][gc,age      ] GC(112) - age  10:     139720 bytes,    1213176 total
[2024-02-09T23:34:52.029+0000][7][gc,age      ] GC(112) - age  11:       8040 bytes,    1221216 total
[2024-02-09T23:34:52.029+0000][7][gc,age      ] GC(112) - age  13:        184 bytes,    1221400 total
[2024-02-09T23:34:52.029+0000][7][gc,age      ] GC(112) - age  14:         72 bytes,    1221472 total
[2024-02-09T23:34:52.030+0000][7][gc,age      ] GC(112) - age  15:        944 bytes,    1222416 total
[2024-02-09T23:34:52.030+0000][7][gc,heap     ] GC(112) Eden regions: 152->0(152)
[2024-02-09T23:34:52.030+0000][7][gc,heap     ] GC(112) Survivor regions: 1->1(20)
[2024-02-09T23:34:52.030+0000][7][gc,heap     ] GC(112) Old regions: 23->23
[2024-02-09T23:34:52.030+0000][7][gc,heap     ] GC(112) Archive regions: 2->2
[2024-02-09T23:34:52.030+0000][7][gc,heap     ] GC(112) Humongous regions: 0->0
[2024-02-09T23:34:52.030+0000][7][gc,metaspace] GC(112) Metaspace: 128953K(132672K)->128953K(132672K) NonClass: 112041K(113984K)->112041K(113984K) Class: 16912K(18688K)->16912K(18688K)
[2024-02-09T23:34:52.030+0000][7][gc          ] GC(112) Pause Young (Normal) (G1 Evacuation Pause) 703M->95M(1024M) 3.032ms
[2024-02-09T23:34:52.030+0000][7][gc,cpu      ] GC(112) User=0.01s Sys=0.00s Real=0.01s
[2024-02-09T23:34:52.030+0000][7][safepoint   ] Safepoint "G1CollectForAllocation", Time since last: 159832548714 ns, Reaching safepoint: 96439 ns, At safepoint: 3153038 ns, Total: 3249477 ns
[2024-02-09T23:35:31.035+0000][7][safepoint   ] Safepoint "Cleanup", Time since last: 39005148938 ns, Reaching safepoint: 82036 ns, At safepoint: 12823 ns, Total: 94859 ns
[2024-02-09T23:36:31.044+0000][7][safepoint   ] Safepoint "Cleanup", Time since last: 60008690204 ns, Reaching safepoint: 111369 ns, At safepoint: 7771 ns, Total: 119140 ns
[2024-02-09T23:37:27.329+0000][7][gc,start    ] GC(113) Pause Young (Normal) (G1 Evacuation Pause)
[2024-02-09T23:37:27.329+0000][7][gc,task     ] GC(113) Using 8 workers of 8 for evacuation
[2024-02-09T23:37:27.329+0000][7][gc,age      ] GC(113) Desired survivor size 41943040 bytes, new threshold 15 (max threshold 15)
[2024-02-09T23:37:27.331+0000][7][gc,phases   ] GC(113)   Pre Evacuate Collection Set: 0.1ms
[2024-02-09T23:37:27.331+0000][7][gc,phases   ] GC(113)   Merge Heap Roots: 0.0ms
[2024-02-09T23:37:27.331+0000][7][gc,phases   ] GC(113)   Evacuate Collection Set: 1.0ms
[2024-02-09T23:37:27.331+0000][7][gc,phases   ] GC(113)   Post Evacuate Collection Set: 0.6ms
[2024-02-09T23:37:27.331+0000][7][gc,phases   ] GC(113)   Other: 0.1ms
[2024-02-09T23:37:27.331+0000][7][gc,age      ] GC(113) Age table with threshold 15 (max threshold 15)
[2024-02-09T23:37:27.331+0000][7][gc,age      ] GC(113) - age   1:    1603544 bytes,    1603544 total
[2024-02-09T23:37:27.331+0000][7][gc,age      ] GC(113) - age   2:       2104 bytes,    1605648 total
[2024-02-09T23:37:27.331+0000][7][gc,age      ] GC(113) - age   3:     111464 bytes,    1717112 total
[2024-02-09T23:37:27.331+0000][7][gc,age      ] GC(113) - age   4:       1136 bytes,    1718248 total
[2024-02-09T23:37:27.331+0000][7][gc,age      ] GC(113) - age   5:        384 bytes,    1718632 total
[2024-02-09T23:37:27.331+0000][7][gc,age      ] GC(113) - age   6:        184 bytes,    1718816 total
[2024-02-09T23:37:27.331+0000][7][gc,age      ] GC(113) - age   7:        376 bytes,    1719192 total
[2024-02-09T23:37:27.331+0000][7][gc,age      ] GC(113) - age   8:        216 bytes,    1719408 total
[2024-02-09T23:37:27.331+0000][7][gc,age      ] GC(113) - age   9:         24 bytes,    1719432 total
[2024-02-09T23:37:27.331+0000][7][gc,age      ] GC(113) - age  10:         24 bytes,    1719456 total
[2024-02-09T23:37:27.331+0000][7][gc,age      ] GC(113) - age  11:     139720 bytes,    1859176 total
[2024-02-09T23:37:27.331+0000][7][gc,age      ] GC(113) - age  12:       8040 bytes,    1867216 total
[2024-02-09T23:37:27.331+0000][7][gc,age      ] GC(113) - age  15:         72 bytes,    1867288 total
[2024-02-09T23:37:27.331+0000][7][gc,heap     ] GC(113) Eden regions: 152->0(152)
[2024-02-09T23:37:27.331+0000][7][gc,heap     ] GC(113) Survivor regions: 1->1(20)
[2024-02-09T23:37:27.331+0000][7][gc,heap     ] GC(113) Old regions: 23->23
[2024-02-09T23:37:27.331+0000][7][gc,heap     ] GC(113) Archive regions: 2->2
[2024-02-09T23:37:27.331+0000][7][gc,heap     ] GC(113) Humongous regions: 0->0
[2024-02-09T23:37:27.331+0000][7][gc,metaspace] GC(113) Metaspace: 128954K(132672K)->128954K(132672K) NonClass: 112042K(113984K)->112042K(113984K) Class: 16912K(18688K)->16912K(18688K)
[2024-02-09T23:37:27.331+0000][7][gc          ] GC(113) Pause Young (Normal) (G1 Evacuation Pause) 703M->96M(1024M) 1.935ms
[2024-02-09T23:37:27.331+0000][7][gc,cpu      ] GC(113) User=0.01s Sys=0.00s Real=0.00s
[2024-02-09T23:37:27.331+0000][7][safepoint   ] Safepoint "G1CollectForAllocation", Time since last: 56285216462 ns, Reaching safepoint: 28210 ns, At safepoint: 2006149 ns, Total: 2034359 ns
[2024-02-09T23:37:31.332+0000][7][safepoint   ] Safepoint "Cleanup", Time since last: 4000758629 ns, Reaching safepoint: 93205 ns, At safepoint: 21544 ns, Total: 114749 ns
[2024-02-09T23:38:31.341+0000][7][safepoint   ] Safepoint "Cleanup", Time since last: 60008867292 ns, Reaching safepoint: 84360 ns, At safepoint: 11006 ns, Total: 95366 ns
[2024-02-09T23:40:06.228+0000][7][gc,start    ] GC(114) Pause Young (Normal) (G1 Evacuation Pause)
[2024-02-09T23:40:06.228+0000][7][gc,task     ] GC(114) Using 8 workers of 8 for evacuation
[2024-02-09T23:40:06.228+0000][7][gc,age      ] GC(114) Desired survivor size 41943040 bytes, new threshold 15 (max threshold 15)
[2024-02-09T23:40:06.231+0000][7][gc,phases   ] GC(114)   Pre Evacuate Collection Set: 0.1ms
[2024-02-09T23:40:06.231+0000][7][gc,phases   ] GC(114)   Merge Heap Roots: 0.1ms
[2024-02-09T23:40:06.231+0000][7][gc,phases   ] GC(114)   Evacuate Collection Set: 1.5ms
[2024-02-09T23:40:06.231+0000][7][gc,phases   ] GC(114)   Post Evacuate Collection Set: 0.7ms
[2024-02-09T23:40:06.231+0000][7][gc,phases   ] GC(114)   Other: 0.1ms
[2024-02-09T23:40:06.231+0000][7][gc,age      ] GC(114) Age table with threshold 15 (max threshold 15)
[2024-02-09T23:40:06.231+0000][7][gc,age      ] GC(114) - age   1:    1411432 bytes,    1411432 total
[2024-02-09T23:40:06.231+0000][7][gc,age      ] GC(114) - age   2:     153800 bytes,    1565232 total
[2024-02-09T23:40:06.231+0000][7][gc,age      ] GC(114) - age   3:        368 bytes,    1565600 total
[2024-02-09T23:40:06.231+0000][7][gc,age      ] GC(114) - age   4:     110704 bytes,    1676304 total
[2024-02-09T23:40:06.231+0000][7][gc,age      ] GC(114) - age   5:        448 bytes,    1676752 total
[2024-02-09T23:40:06.231+0000][7][gc,age      ] GC(114) - age   6:        384 bytes,    1677136 total
[2024-02-09T23:40:06.231+0000][7][gc,age      ] GC(114) - age   7:        184 bytes,    1677320 total
[2024-02-09T23:40:06.231+0000][7][gc,age      ] GC(114) - age   8:        376 bytes,    1677696 total
[2024-02-09T23:40:06.231+0000][7][gc,age      ] GC(114) - age   9:        184 bytes,    1677880 total
[2024-02-09T23:40:06.231+0000][7][gc,age      ] GC(114) - age  10:         24 bytes,    1677904 total
[2024-02-09T23:40:06.231+0000][7][gc,age      ] GC(114) - age  11:         24 bytes,    1677928 total
[2024-02-09T23:40:06.231+0000][7][gc,age      ] GC(114) - age  12:     139720 bytes,    1817648 total
[2024-02-09T23:40:06.231+0000][7][gc,age      ] GC(114) - age  13:       8040 bytes,    1825688 total
[2024-02-09T23:40:06.231+0000][7][gc,heap     ] GC(114) Eden regions: 152->0(152)
[2024-02-09T23:40:06.231+0000][7][gc,heap     ] GC(114) Survivor regions: 1->1(20)
[2024-02-09T23:40:06.231+0000][7][gc,heap     ] GC(114) Old regions: 23->23
[2024-02-09T23:40:06.231+0000][7][gc,heap     ] GC(114) Archive regions: 2->2
[2024-02-09T23:40:06.231+0000][7][gc,heap     ] GC(114) Humongous regions: 0->0
[2024-02-09T23:40:06.231+0000][7][gc,metaspace] GC(114) Metaspace: 128955K(132672K)->128955K(132672K) NonClass: 112043K(113984K)->112043K(113984K) Class: 16912K(18688K)->16912K(18688K)
[2024-02-09T23:40:06.231+0000][7][gc          ] GC(114) Pause Young (Normal) (G1 Evacuation Pause) 704M->96M(1024M) 2.776ms
[2024-02-09T23:40:06.231+0000][7][gc,cpu      ] GC(114) User=0.02s Sys=0.00s Real=0.01s
[2024-02-09T23:40:06.231+0000][7][safepoint   ] Safepoint "G1CollectForAllocation", Time since last: 94887371689 ns, Reaching safepoint: 125797 ns, At safepoint: 2867082 ns, Total: 2992879 ns
[2024-02-09T23:41:03.240+0000][7][safepoint   ] Safepoint "Cleanup", Time since last: 57008230854 ns, Reaching safepoint: 87617 ns, At safepoint: 11447 ns, Total: 99064 ns
[2024-02-09T23:42:45.193+0000][7][gc,start    ] GC(115) Pause Young (Normal) (G1 Evacuation Pause)
[2024-02-09T23:42:45.193+0000][7][gc,task     ] GC(115) Using 8 workers of 8 for evacuation
[2024-02-09T23:42:45.193+0000][7][gc,age      ] GC(115) Desired survivor size 41943040 bytes, new threshold 15 (max threshold 15)
[2024-02-09T23:42:45.197+0000][7][gc,phases   ] GC(115)   Pre Evacuate Collection Set: 0.1ms
[2024-02-09T23:42:45.197+0000][7][gc,phases   ] GC(115)   Merge Heap Roots: 0.1ms
[2024-02-09T23:42:45.197+0000][7][gc,phases   ] GC(115)   Evacuate Collection Set: 2.0ms
[2024-02-09T23:42:45.197+0000][7][gc,phases   ] GC(115)   Post Evacuate Collection Set: 0.9ms
[2024-02-09T23:42:45.197+0000][7][gc,phases   ] GC(115)   Other: 0.1ms
[2024-02-09T23:42:45.197+0000][7][gc,age      ] GC(115) Age table with threshold 15 (max threshold 15)
[2024-02-09T23:42:45.197+0000][7][gc,age      ] GC(115) - age   1:    1449200 bytes,    1449200 total
[2024-02-09T23:42:45.197+0000][7][gc,age      ] GC(115) - age   2:      53136 bytes,    1502336 total
[2024-02-09T23:42:45.197+0000][7][gc,age      ] GC(115) - age   3:     151752 bytes,    1654088 total
[2024-02-09T23:42:45.197+0000][7][gc,age      ] GC(115) - age   4:        184 bytes,    1654272 total
[2024-02-09T23:42:45.197+0000][7][gc,age      ] GC(115) - age   5:     106760 bytes,    1761032 total
[2024-02-09T23:42:45.197+0000][7][gc,age      ] GC(115) - age   6:        448 bytes,    1761480 total
[2024-02-09T23:42:45.197+0000][7][gc,age      ] GC(115) - age   7:        384 bytes,    1761864 total
[2024-02-09T23:42:45.197+0000][7][gc,age      ] GC(115) - age   8:        184 bytes,    1762048 total
[2024-02-09T23:42:45.197+0000][7][gc,age      ] GC(115) - age   9:        376 bytes,    1762424 total
[2024-02-09T23:42:45.197+0000][7][gc,age      ] GC(115) - age  11:         24 bytes,    1762448 total
[2024-02-09T23:42:45.197+0000][7][gc,age      ] GC(115) - age  12:         24 bytes,    1762472 total
[2024-02-09T23:42:45.197+0000][7][gc,age      ] GC(115) - age  13:     139616 bytes,    1902088 total
[2024-02-09T23:42:45.197+0000][7][gc,age      ] GC(115) - age  14:       8040 bytes,    1910128 total
[2024-02-09T23:42:45.197+0000][7][gc,heap     ] GC(115) Eden regions: 152->0(152)
[2024-02-09T23:42:45.197+0000][7][gc,heap     ] GC(115) Survivor regions: 1->1(20)
[2024-02-09T23:42:45.197+0000][7][gc,heap     ] GC(115) Old regions: 23->23
[2024-02-09T23:42:45.197+0000][7][gc,heap     ] GC(115) Archive regions: 2->2
[2024-02-09T23:42:45.197+0000][7][gc,heap     ] GC(115) Humongous regions: 0->0
[2024-02-09T23:42:45.197+0000][7][gc,metaspace] GC(115) Metaspace: 128955K(132672K)->128955K(132672K) NonClass: 112043K(113984K)->112043K(113984K) Class: 16912K(18688K)->16912K(18688K)
[2024-02-09T23:42:45.197+0000][7][gc          ] GC(115) Pause Young (Normal) (G1 Evacuation Pause) 704M->96M(1024M) 3.600ms
[2024-02-09T23:42:45.197+0000][7][gc,cpu      ] GC(115) User=0.02s Sys=0.00s Real=0.01s
[2024-02-09T23:42:45.197+0000][7][safepoint   ] Safepoint "G1CollectForAllocation", Time since last: 101953557183 ns, Reaching safepoint: 66243 ns, At safepoint: 3707287 ns, Total: 3773530 ns
[2024-02-09T23:45:28.217+0000][7][safepoint   ] Safepoint "Cleanup", Time since last: 163019750137 ns, Reaching safepoint: 102266 ns, At safepoint: 10393 ns, Total: 112659 ns
[2024-02-09T23:46:00.243+0000][7][gc,start    ] GC(116) Pause Young (Normal) (G1 Evacuation Pause)
[2024-02-09T23:46:00.243+0000][7][gc,task     ] GC(116) Using 8 workers of 8 for evacuation
[2024-02-09T23:46:00.243+0000][7][gc,age      ] GC(116) Desired survivor size 41943040 bytes, new threshold 15 (max threshold 15)
[2024-02-09T23:46:00.247+0000][7][gc,phases   ] GC(116)   Pre Evacuate Collection Set: 0.1ms
[2024-02-09T23:46:00.247+0000][7][gc,phases   ] GC(116)   Merge Heap Roots: 0.1ms
[2024-02-09T23:46:00.247+0000][7][gc,phases   ] GC(116)   Evacuate Collection Set: 2.3ms
[2024-02-09T23:46:00.247+0000][7][gc,phases   ] GC(116)   Post Evacuate Collection Set: 0.9ms
[2024-02-09T23:46:00.247+0000][7][gc,phases   ] GC(116)   Other: 0.1ms
[2024-02-09T23:46:00.247+0000][7][gc,age      ] GC(116) Age table with threshold 15 (max threshold 15)
[2024-02-09T23:46:00.247+0000][7][gc,age      ] GC(116) - age   1:    2041000 bytes,    2041000 total
[2024-02-09T23:46:00.247+0000][7][gc,age      ] GC(116) - age   2:       7432 bytes,    2048432 total
[2024-02-09T23:46:00.247+0000][7][gc,age      ] GC(116) - age   3:      51128 bytes,    2099560 total
[2024-02-09T23:46:00.247+0000][7][gc,age      ] GC(116) - age   4:     151312 bytes,    2250872 total
[2024-02-09T23:46:00.247+0000][7][gc,age      ] GC(116) - age   5:        184 bytes,    2251056 total
[2024-02-09T23:46:00.247+0000][7][gc,age      ] GC(116) - age   6:     106304 bytes,    2357360 total
[2024-02-09T23:46:00.247+0000][7][gc,age      ] GC(116) - age   7:        448 bytes,    2357808 total
[2024-02-09T23:46:00.247+0000][7][gc,age      ] GC(116) - age   9:        184 bytes,    2357992 total
[2024-02-09T23:46:00.247+0000][7][gc,age      ] GC(116) - age  10:        376 bytes,    2358368 total
[2024-02-09T23:46:00.247+0000][7][gc,age      ] GC(116) - age  12:         24 bytes,    2358392 total
[2024-02-09T23:46:00.247+0000][7][gc,age      ] GC(116) - age  13:         24 bytes,    2358416 total
[2024-02-09T23:46:00.247+0000][7][gc,age      ] GC(116) - age  14:     139616 bytes,    2498032 total
[2024-02-09T23:46:00.247+0000][7][gc,age      ] GC(116) - age  15:       8040 bytes,    2506072 total
[2024-02-09T23:46:00.247+0000][7][gc,heap     ] GC(116) Eden regions: 152->0(152)
[2024-02-09T23:46:00.247+0000][7][gc,heap     ] GC(116) Survivor regions: 1->1(20)
[2024-02-09T23:46:00.247+0000][7][gc,heap     ] GC(116) Old regions: 23->23
[2024-02-09T23:46:00.247+0000][7][gc,heap     ] GC(116) Archive regions: 2->2
[2024-02-09T23:46:00.247+0000][7][gc,heap     ] GC(116) Humongous regions: 0->0
[2024-02-09T23:46:00.247+0000][7][gc,metaspace] GC(116) Metaspace: 128955K(132672K)->128955K(132672K) NonClass: 112043K(113984K)->112043K(113984K) Class: 16912K(18688K)->16912K(18688K)
[2024-02-09T23:46:00.247+0000][7][gc          ] GC(116) Pause Young (Normal) (G1 Evacuation Pause) 704M->96M(1024M) 3.948ms
[2024-02-09T23:46:00.247+0000][7][gc,cpu      ] GC(116) User=0.02s Sys=0.00s Real=0.00s
[2024-02-09T23:46:00.247+0000][7][safepoint   ] Safepoint "G1CollectForAllocation", Time since last: 32026105992 ns, Reaching safepoint: 135477 ns, At safepoint: 4107289 ns, Total: 4242766 ns
[2024-02-09T23:48:39.263+0000][7][gc,start    ] GC(117) Pause Young (Normal) (G1 Evacuation Pause)
[2024-02-09T23:48:39.263+0000][7][gc,task     ] GC(117) Using 8 workers of 8 for evacuation
[2024-02-09T23:48:39.263+0000][7][gc,age      ] GC(117) Desired survivor size 41943040 bytes, new threshold 15 (max threshold 15)
[2024-02-09T23:48:39.265+0000][7][gc,phases   ] GC(117)   Pre Evacuate Collection Set: 0.1ms
[2024-02-09T23:48:39.265+0000][7][gc,phases   ] GC(117)   Merge Heap Roots: 0.1ms
[2024-02-09T23:48:39.265+0000][7][gc,phases   ] GC(117)   Evacuate Collection Set: 1.6ms
[2024-02-09T23:48:39.265+0000][7][gc,phases   ] GC(117)   Post Evacuate Collection Set: 0.7ms
[2024-02-09T23:48:39.265+0000][7][gc,phases   ] GC(117)   Other: 0.1ms
[2024-02-09T23:48:39.265+0000][7][gc,age      ] GC(117) Age table with threshold 15 (max threshold 15)
[2024-02-09T23:48:39.265+0000][7][gc,age      ] GC(117) - age   1:    1609448 bytes,    1609448 total
[2024-02-09T23:48:39.265+0000][7][gc,age      ] GC(117) - age   2:      14928 bytes,    1624376 total
[2024-02-09T23:48:39.265+0000][7][gc,age      ] GC(117) - age   3:       4496 bytes,    1628872 total
[2024-02-09T23:48:39.265+0000][7][gc,age      ] GC(117) - age   4:      50288 bytes,    1679160 total
[2024-02-09T23:48:39.265+0000][7][gc,age      ] GC(117) - age   5:     151064 bytes,    1830224 total
[2024-02-09T23:48:39.265+0000][7][gc,age      ] GC(117) - age   6:        184 bytes,    1830408 total
[2024-02-09T23:48:39.266+0000][7][gc,age      ] GC(117) - age   7:     106240 bytes,    1936648 total
[2024-02-09T23:48:39.266+0000][7][gc,age      ] GC(117) - age   8:        416 bytes,    1937064 total
[2024-02-09T23:48:39.266+0000][7][gc,age      ] GC(117) - age  10:        184 bytes,    1937248 total
[2024-02-09T23:48:39.266+0000][7][gc,age      ] GC(117) - age  11:        376 bytes,    1937624 total
[2024-02-09T23:48:39.266+0000][7][gc,age      ] GC(117) - age  13:         24 bytes,    1937648 total
[2024-02-09T23:48:39.266+0000][7][gc,age      ] GC(117) - age  14:         24 bytes,    1937672 total
[2024-02-09T23:48:39.266+0000][7][gc,age      ] GC(117) - age  15:     139616 bytes,    2077288 total
[2024-02-09T23:48:39.266+0000][7][gc,heap     ] GC(117) Eden regions: 152->0(152)
[2024-02-09T23:48:39.266+0000][7][gc,heap     ] GC(117) Survivor regions: 1->1(20)
[2024-02-09T23:48:39.266+0000][7][gc,heap     ] GC(117) Old regions: 23->23
[2024-02-09T23:48:39.266+0000][7][gc,heap     ] GC(117) Archive regions: 2->2
[2024-02-09T23:48:39.266+0000][7][gc,heap     ] GC(117) Humongous regions: 0->0
[2024-02-09T23:48:39.266+0000][7][gc,metaspace] GC(117) Metaspace: 128983K(132736K)->128983K(132736K) NonClass: 112071K(114048K)->112071K(114048K) Class: 16912K(18688K)->16912K(18688K)
[2024-02-09T23:48:39.266+0000][7][gc          ] GC(117) Pause Young (Normal) (G1 Evacuation Pause) 704M->96M(1024M) 2.967ms
[2024-02-09T23:48:39.266+0000][7][gc,cpu      ] GC(117) User=0.01s Sys=0.00s Real=0.00s
[2024-02-09T23:48:39.266+0000][7][safepoint   ] Safepoint "G1CollectForAllocation", Time since last: 159015471228 ns, Reaching safepoint: 105600 ns, At safepoint: 3059974 ns, Total: 3165574 ns
[2024-02-09T23:48:54.267+0000][7][safepoint   ] Safepoint "Cleanup", Time since last: 15001352958 ns, Reaching safepoint: 82008 ns, At safepoint: 34668 ns, Total: 116676 ns
[2024-02-09T23:49:43.273+0000][7][safepoint   ] Safepoint "Cleanup", Time since last: 49005329535 ns, Reaching safepoint: 98181 ns, At safepoint: 40227 ns, Total: 138408 ns
[2024-02-09T23:50:25.277+0000][7][safepoint   ] Safepoint "Cleanup", Time since last: 42004152593 ns, Reaching safepoint: 59197 ns, At safepoint: 35273 ns, Total: 94470 ns
[2024-02-09T23:50:31.278+0000][7][safepoint   ] Safepoint "Cleanup", Time since last: 6000563632 ns, Reaching safepoint: 98942 ns, At safepoint: 16793 ns, Total: 115735 ns
[2024-02-09T23:51:12.654+0000][7][gc,start    ] GC(118) Pause Young (Normal) (G1 Evacuation Pause)
[2024-02-09T23:51:12.654+0000][7][gc,task     ] GC(118) Using 8 workers of 8 for evacuation
[2024-02-09T23:51:12.654+0000][7][gc,age      ] GC(118) Desired survivor size 41943040 bytes, new threshold 15 (max threshold 15)
[2024-02-09T23:51:12.657+0000][7][gc,phases   ] GC(118)   Pre Evacuate Collection Set: 0.1ms
[2024-02-09T23:51:12.657+0000][7][gc,phases   ] GC(118)   Merge Heap Roots: 0.1ms
[2024-02-09T23:51:12.657+0000][7][gc,phases   ] GC(118)   Evacuate Collection Set: 1.4ms
[2024-02-09T23:51:12.657+0000][7][gc,phases   ] GC(118)   Post Evacuate Collection Set: 0.7ms
[2024-02-09T23:51:12.657+0000][7][gc,phases   ] GC(118)   Other: 0.1ms
[2024-02-09T23:51:12.657+0000][7][gc,age      ] GC(118) Age table with threshold 15 (max threshold 15)
[2024-02-09T23:51:12.657+0000][7][gc,age      ] GC(118) - age   1:    1867912 bytes,    1867912 total
[2024-02-09T23:51:12.657+0000][7][gc,age      ] GC(118) - age   2:       3696 bytes,    1871608 total
[2024-02-09T23:51:12.657+0000][7][gc,age      ] GC(118) - age   3:      12040 bytes,    1883648 total
[2024-02-09T23:51:12.657+0000][7][gc,age      ] GC(118) - age   4:        664 bytes,    1884312 total
[2024-02-09T23:51:12.657+0000][7][gc,age      ] GC(118) - age   5:      50288 bytes,    1934600 total
[2024-02-09T23:51:12.657+0000][7][gc,age      ] GC(118) - age   6:     151064 bytes,    2085664 total
[2024-02-09T23:51:12.657+0000][7][gc,age      ] GC(118) - age   7:        184 bytes,    2085848 total
[2024-02-09T23:51:12.657+0000][7][gc,age      ] GC(118) - age   8:     106240 bytes,    2192088 total
[2024-02-09T23:51:12.657+0000][7][gc,age      ] GC(118) - age   9:        416 bytes,    2192504 total
[2024-02-09T23:51:12.657+0000][7][gc,age      ] GC(118) - age  11:        184 bytes,    2192688 total
[2024-02-09T23:51:12.657+0000][7][gc,age      ] GC(118) - age  12:        376 bytes,    2193064 total
[2024-02-09T23:51:12.657+0000][7][gc,age      ] GC(118) - age  14:         24 bytes,    2193088 total
[2024-02-09T23:51:12.657+0000][7][gc,age      ] GC(118) - age  15:         24 bytes,    2193112 total
[2024-02-09T23:51:12.657+0000][7][gc,heap     ] GC(118) Eden regions: 152->0(152)
[2024-02-09T23:51:12.657+0000][7][gc,heap     ] GC(118) Survivor regions: 1->1(20)
[2024-02-09T23:51:12.657+0000][7][gc,heap     ] GC(118) Old regions: 23->23
[2024-02-09T23:51:12.657+0000][7][gc,heap     ] GC(118) Archive regions: 2->2
[2024-02-09T23:51:12.657+0000][7][gc,heap     ] GC(118) Humongous regions: 0->0
[2024-02-09T23:51:12.657+0000][7][gc,metaspace] GC(118) Metaspace: 129000K(132736K)->129000K(132736K) NonClass: 112088K(114048K)->112088K(114048K) Class: 16912K(18688K)->16912K(18688K)
[2024-02-09T23:51:12.657+0000][7][gc          ] GC(118) Pause Young (Normal) (G1 Evacuation Pause) 704M->96M(1024M) 2.698ms
[2024-02-09T23:51:12.657+0000][7][gc,cpu      ] GC(118) User=0.01s Sys=0.00s Real=0.01s
[2024-02-09T23:51:12.657+0000][7][safepoint   ] Safepoint "G1CollectForAllocation", Time since last: 41376586653 ns, Reaching safepoint: 57923 ns, At safepoint: 2795091 ns, Total: 2853014 ns
[2024-02-09T23:53:48.673+0000][7][safepoint   ] Safepoint "Cleanup", Time since last: 156015700922 ns, Reaching safepoint: 91403 ns, At safepoint: 13050 ns, Total: 104453 ns
[2024-02-09T23:53:51.263+0000][7][gc,start    ] GC(119) Pause Young (Normal) (G1 Evacuation Pause)
[2024-02-09T23:53:51.263+0000][7][gc,task     ] GC(119) Using 8 workers of 8 for evacuation
[2024-02-09T23:53:51.263+0000][7][gc,age      ] GC(119) Desired survivor size 41943040 bytes, new threshold 15 (max threshold 15)
[2024-02-09T23:53:51.266+0000][7][gc,phases   ] GC(119)   Pre Evacuate Collection Set: 0.2ms
[2024-02-09T23:53:51.267+0000][7][gc,phases   ] GC(119)   Merge Heap Roots: 0.1ms
[2024-02-09T23:53:51.267+0000][7][gc,phases   ] GC(119)   Evacuate Collection Set: 2.3ms
[2024-02-09T23:53:51.267+0000][7][gc,phases   ] GC(119)   Post Evacuate Collection Set: 1.2ms
[2024-02-09T23:53:51.267+0000][7][gc,phases   ] GC(119)   Other: 0.1ms
[2024-02-09T23:53:51.267+0000][7][gc,age      ] GC(119) Age table with threshold 15 (max threshold 15)
[2024-02-09T23:53:51.267+0000][7][gc,age      ] GC(119) - age   1:    1945304 bytes,    1945304 total
[2024-02-09T23:53:51.267+0000][7][gc,age      ] GC(119) - age   2:       7624 bytes,    1952928 total
[2024-02-09T23:53:51.267+0000][7][gc,age      ] GC(119) - age   3:       1928 bytes,    1954856 total
[2024-02-09T23:53:51.267+0000][7][gc,age      ] GC(119) - age   4:      11528 bytes,    1966384 total
[2024-02-09T23:53:51.267+0000][7][gc,age      ] GC(119) - age   5:        664 bytes,    1967048 total
[2024-02-09T23:53:51.267+0000][7][gc,age      ] GC(119) - age   6:      50288 bytes,    2017336 total
[2024-02-09T23:53:51.267+0000][7][gc,age      ] GC(119) - age   7:     151064 bytes,    2168400 total
[2024-02-09T23:53:51.267+0000][7][gc,age      ] GC(119) - age   8:        184 bytes,    2168584 total
[2024-02-09T23:53:51.267+0000][7][gc,age      ] GC(119) - age   9:     106240 bytes,    2274824 total
[2024-02-09T23:53:51.267+0000][7][gc,age      ] GC(119) - age  10:        416 bytes,    2275240 total
[2024-02-09T23:53:51.267+0000][7][gc,age      ] GC(119) - age  13:        376 bytes,    2275616 total
[2024-02-09T23:53:51.267+0000][7][gc,age      ] GC(119) - age  15:         24 bytes,    2275640 total
[2024-02-09T23:53:51.267+0000][7][gc,heap     ] GC(119) Eden regions: 152->0(152)
[2024-02-09T23:53:51.267+0000][7][gc,heap     ] GC(119) Survivor regions: 1->1(20)
[2024-02-09T23:53:51.267+0000][7][gc,heap     ] GC(119) Old regions: 23->23
[2024-02-09T23:53:51.267+0000][7][gc,heap     ] GC(119) Archive regions: 2->2
[2024-02-09T23:53:51.267+0000][7][gc,heap     ] GC(119) Humongous regions: 0->0
[2024-02-09T23:53:51.267+0000][7][gc,metaspace] GC(119) Metaspace: 129004K(132736K)->129004K(132736K) NonClass: 112092K(114048K)->112092K(114048K) Class: 16912K(18688K)->16912K(18688K)
[2024-02-09T23:53:51.267+0000][7][gc          ] GC(119) Pause Young (Normal) (G1 Evacuation Pause) 704M->96M(1024M) 4.183ms
[2024-02-09T23:53:51.267+0000][7][gc,cpu      ] GC(119) User=0.01s Sys=0.00s Real=0.00s
[2024-02-09T23:53:51.267+0000][7][safepoint   ] Safepoint "G1CollectForAllocation", Time since last: 2589525974 ns, Reaching safepoint: 146463 ns, At safepoint: 4282870 ns, Total: 4429333 ns
[2024-02-09T23:54:31.271+0000][7][safepoint   ] Safepoint "Cleanup", Time since last: 40003996227 ns, Reaching safepoint: 61146 ns, At safepoint: 12911 ns, Total: 74057 ns
[2024-02-09T23:56:27.274+0000][7][gc,start    ] GC(120) Pause Young (Normal) (G1 Evacuation Pause)
[2024-02-09T23:56:27.274+0000][7][gc,task     ] GC(120) Using 8 workers of 8 for evacuation
[2024-02-09T23:56:27.274+0000][7][gc,age      ] GC(120) Desired survivor size 41943040 bytes, new threshold 15 (max threshold 15)
[2024-02-09T23:56:27.277+0000][7][gc,phases   ] GC(120)   Pre Evacuate Collection Set: 0.1ms
[2024-02-09T23:56:27.277+0000][7][gc,phases   ] GC(120)   Merge Heap Roots: 0.1ms
[2024-02-09T23:56:27.277+0000][7][gc,phases   ] GC(120)   Evacuate Collection Set: 1.5ms
[2024-02-09T23:56:27.277+0000][7][gc,phases   ] GC(120)   Post Evacuate Collection Set: 1.0ms
[2024-02-09T23:56:27.277+0000][7][gc,phases   ] GC(120)   Other: 0.2ms
[2024-02-09T23:56:27.277+0000][7][gc,age      ] GC(120) Age table with threshold 15 (max threshold 15)
[2024-02-09T23:56:27.277+0000][7][gc,age      ] GC(120) - age   1:    1890368 bytes,    1890368 total
[2024-02-09T23:56:27.277+0000][7][gc,age      ] GC(120) - age   2:       2416 bytes,    1892784 total
[2024-02-09T23:56:27.277+0000][7][gc,age      ] GC(120) - age   3:       5000 bytes,    1897784 total
[2024-02-09T23:56:27.277+0000][7][gc,age      ] GC(120) - age   4:       1672 bytes,    1899456 total
[2024-02-09T23:56:27.277+0000][7][gc,age      ] GC(120) - age   5:      11272 bytes,    1910728 total
[2024-02-09T23:56:27.277+0000][7][gc,age      ] GC(120) - age   6:        344 bytes,    1911072 total
[2024-02-09T23:56:27.277+0000][7][gc,age      ] GC(120) - age   7:      50288 bytes,    1961360 total
[2024-02-09T23:56:27.277+0000][7][gc,age      ] GC(120) - age   8:     151040 bytes,    2112400 total
[2024-02-09T23:56:27.277+0000][7][gc,age      ] GC(120) - age   9:        184 bytes,    2112584 total
[2024-02-09T23:56:27.277+0000][7][gc,age      ] GC(120) - age  10:     106240 bytes,    2218824 total
[2024-02-09T23:56:27.277+0000][7][gc,age      ] GC(120) - age  11:        416 bytes,    2219240 total
[2024-02-09T23:56:27.278+0000][7][gc,age      ] GC(120) - age  14:        376 bytes,    2219616 total
[2024-02-09T23:56:27.278+0000][7][gc,heap     ] GC(120) Eden regions: 152->0(152)
[2024-02-09T23:56:27.278+0000][7][gc,heap     ] GC(120) Survivor regions: 1->1(20)
[2024-02-09T23:56:27.278+0000][7][gc,heap     ] GC(120) Old regions: 23->23
[2024-02-09T23:56:27.278+0000][7][gc,heap     ] GC(120) Archive regions: 2->2
[2024-02-09T23:56:27.278+0000][7][gc,heap     ] GC(120) Humongous regions: 0->0
[2024-02-09T23:56:27.278+0000][7][gc,metaspace] GC(120) Metaspace: 129004K(132736K)->129004K(132736K) NonClass: 112092K(114048K)->112092K(114048K) Class: 16912K(18688K)->16912K(18688K)
[2024-02-09T23:56:27.278+0000][7][gc          ] GC(120) Pause Young (Normal) (G1 Evacuation Pause) 704M->96M(1024M) 3.241ms
[2024-02-09T23:56:27.278+0000][7][gc,cpu      ] GC(120) User=0.01s Sys=0.00s Real=0.01s
[2024-02-09T23:56:27.278+0000][7][safepoint   ] Safepoint "G1CollectForAllocation", Time since last: 116003495517 ns, Reaching safepoint: 39234 ns, At safepoint: 3463506 ns, Total: 3502740 ns
[2024-02-09T23:57:30.284+0000][7][safepoint   ] Safepoint "Cleanup", Time since last: 63005734811 ns, Reaching safepoint: 56711 ns, At safepoint: 7375 ns, Total: 64086 ns
[2024-02-09T23:58:31.289+0000][7][safepoint   ] Safepoint "Cleanup", Time since last: 61005463083 ns, Reaching safepoint: 46366 ns, At safepoint: 28078 ns, Total: 74444 ns
[2024-02-09T23:59:03.820+0000][7][gc,start    ] GC(121) Pause Young (Normal) (G1 Evacuation Pause)
[2024-02-09T23:59:03.820+0000][7][gc,task     ] GC(121) Using 8 workers of 8 for evacuation
[2024-02-09T23:59:03.820+0000][7][gc,age      ] GC(121) Desired survivor size 41943040 bytes, new threshold 15 (max threshold 15)
[2024-02-09T23:59:03.823+0000][7][gc,phases   ] GC(121)   Pre Evacuate Collection Set: 0.1ms
[2024-02-09T23:59:03.823+0000][7][gc,phases   ] GC(121)   Merge Heap Roots: 0.1ms
[2024-02-09T23:59:03.823+0000][7][gc,phases   ] GC(121)   Evacuate Collection Set: 1.8ms
[2024-02-09T23:59:03.823+0000][7][gc,phases   ] GC(121)   Post Evacuate Collection Set: 0.6ms
[2024-02-09T23:59:03.823+0000][7][gc,phases   ] GC(121)   Other: 0.1ms
[2024-02-09T23:59:03.823+0000][7][gc,age      ] GC(121) Age table with threshold 15 (max threshold 15)
[2024-02-09T23:59:03.823+0000][7][gc,age      ] GC(121) - age   1:    1846176 bytes,    1846176 total
[2024-02-09T23:59:03.823+0000][7][gc,age      ] GC(121) - age   2:       3408 bytes,    1849584 total
[2024-02-09T23:59:03.823+0000][7][gc,age      ] GC(121) - age   3:        648 bytes,    1850232 total
[2024-02-09T23:59:03.823+0000][7][gc,age      ] GC(121) - age   4:       4936 bytes,    1855168 total
[2024-02-09T23:59:03.823+0000][7][gc,age      ] GC(121) - age   5:        800 bytes,    1855968 total
[2024-02-09T23:59:03.823+0000][7][gc,age      ] GC(121) - age   6:      11208 bytes,    1867176 total
[2024-02-09T23:59:03.823+0000][7][gc,age      ] GC(121) - age   7:        344 bytes,    1867520 total
[2024-02-09T23:59:03.823+0000][7][gc,age      ] GC(121) - age   8:      50256 bytes,    1917776 total
[2024-02-09T23:59:03.823+0000][7][gc,age      ] GC(121) - age   9:     151040 bytes,    2068816 total
[2024-02-09T23:59:03.823+0000][7][gc,age      ] GC(121) - age  10:        184 bytes,    2069000 total
[2024-02-09T23:59:03.823+0000][7][gc,age      ] GC(121) - age  11:     106240 bytes,    2175240 total
[2024-02-09T23:59:03.823+0000][7][gc,age      ] GC(121) - age  12:        416 bytes,    2175656 total
[2024-02-09T23:59:03.823+0000][7][gc,age      ] GC(121) - age  15:        376 bytes,    2176032 total
[2024-02-09T23:59:03.823+0000][7][gc,heap     ] GC(121) Eden regions: 152->0(152)
[2024-02-09T23:59:03.823+0000][7][gc,heap     ] GC(121) Survivor regions: 1->1(20)
[2024-02-09T23:59:03.823+0000][7][gc,heap     ] GC(121) Old regions: 23->23
[2024-02-09T23:59:03.823+0000][7][gc,heap     ] GC(121) Archive regions: 2->2
[2024-02-09T23:59:03.823+0000][7][gc,heap     ] GC(121) Humongous regions: 0->0
[2024-02-09T23:59:03.823+0000][7][gc,metaspace] GC(121) Metaspace: 129005K(132736K)->129005K(132736K) NonClass: 112093K(114048K)->112093K(114048K) Class: 16912K(18688K)->16912K(18688K)
[2024-02-09T23:59:03.823+0000][7][gc          ] GC(121) Pause Young (Normal) (G1 Evacuation Pause) 704M->96M(1024M) 2.853ms
[2024-02-09T23:59:03.823+0000][7][gc,cpu      ] GC(121) User=0.02s Sys=0.00s Real=0.00s
[2024-02-09T23:59:03.823+0000][7][safepoint   ] Safepoint "G1CollectForAllocation", Time since last: 32530914479 ns, Reaching safepoint: 40478 ns, At safepoint: 2934365 ns, Total: 2974843 ns
[2024-02-10T00:00:00.829+0000][7][safepoint   ] Safepoint "Cleanup", Time since last: 57005437857 ns, Reaching safepoint: 133970 ns, At safepoint: 9720 ns, Total: 143690 ns
[2024-02-10T00:00:03.829+0000][7][safepoint   ] Safepoint "Cleanup", Time since last: 3000306800 ns, Reaching safepoint: 74965 ns, At safepoint: 6038 ns, Total: 81003 ns
[2024-02-10T00:00:30.832+0000][7][safepoint   ] Safepoint "Cleanup", Time since last: 27002621324 ns, Reaching safepoint: 94463 ns, At safepoint: 13217 ns, Total: 107680 ns
[2024-02-10T00:01:30.838+0000][7][safepoint   ] Safepoint "Cleanup", Time since last: 60005984309 ns, Reaching safepoint: 179539 ns, At safepoint: 16811 ns, Total: 196350 ns
[2024-02-10T00:01:39.268+0000][7][gc,start    ] GC(122) Pause Young (Normal) (G1 Evacuation Pause)
[2024-02-10T00:01:39.268+0000][7][gc,task     ] GC(122) Using 8 workers of 8 for evacuation
[2024-02-10T00:01:39.268+0000][7][gc,age      ] GC(122) Desired survivor size 41943040 bytes, new threshold 15 (max threshold 15)
[2024-02-10T00:01:39.271+0000][7][gc,phases   ] GC(122)   Pre Evacuate Collection Set: 0.1ms
[2024-02-10T00:01:39.271+0000][7][gc,phases   ] GC(122)   Merge Heap Roots: 0.1ms
[2024-02-10T00:01:39.271+0000][7][gc,phases   ] GC(122)   Evacuate Collection Set: 1.6ms
[2024-02-10T00:01:39.271+0000][7][gc,phases   ] GC(122)   Post Evacuate Collection Set: 0.8ms
[2024-02-10T00:01:39.271+0000][7][gc,phases   ] GC(122)   Other: 0.1ms
[2024-02-10T00:01:39.271+0000][7][gc,age      ] GC(122) Age table with threshold 15 (max threshold 15)
[2024-02-10T00:01:39.271+0000][7][gc,age      ] GC(122) - age   1:    1922560 bytes,    1922560 total
[2024-02-10T00:01:39.271+0000][7][gc,age      ] GC(122) - age   2:       4336 bytes,    1926896 total
[2024-02-10T00:01:39.271+0000][7][gc,age      ] GC(122) - age   3:        568 bytes,    1927464 total
[2024-02-10T00:01:39.271+0000][7][gc,age      ] GC(122) - age   4:        264 bytes,    1927728 total
[2024-02-10T00:01:39.271+0000][7][gc,age      ] GC(122) - age   5:       1352 bytes,    1929080 total
[2024-02-10T00:01:39.271+0000][7][gc,age      ] GC(122) - age   6:        800 bytes,    1929880 total
[2024-02-10T00:01:39.271+0000][7][gc,age      ] GC(122) - age   7:      10816 bytes,    1940696 total
[2024-02-10T00:01:39.271+0000][7][gc,age      ] GC(122) - age   9:      50192 bytes,    1990888 total
[2024-02-10T00:01:39.271+0000][7][gc,age      ] GC(122) - age  10:     151016 bytes,    2141904 total
[2024-02-10T00:01:39.271+0000][7][gc,age      ] GC(122) - age  11:        184 bytes,    2142088 total
[2024-02-10T00:01:39.271+0000][7][gc,age      ] GC(122) - age  12:     106240 bytes,    2248328 total
[2024-02-10T00:01:39.271+0000][7][gc,age      ] GC(122) - age  13:        416 bytes,    2248744 total
[2024-02-10T00:01:39.271+0000][7][gc,heap     ] GC(122) Eden regions: 152->0(152)
[2024-02-10T00:01:39.271+0000][7][gc,heap     ] GC(122) Survivor regions: 1->1(20)
[2024-02-10T00:01:39.271+0000][7][gc,heap     ] GC(122) Old regions: 23->23
[2024-02-10T00:01:39.271+0000][7][gc,heap     ] GC(122) Archive regions: 2->2
[2024-02-10T00:01:39.271+0000][7][gc,heap     ] GC(122) Humongous regions: 0->0
[2024-02-10T00:01:39.271+0000][7][gc,metaspace] GC(122) Metaspace: 129274K(132992K)->129274K(132992K) NonClass: 112301K(114240K)->112301K(114240K) Class: 16972K(18752K)->16972K(18752K)
[2024-02-10T00:01:39.271+0000][7][gc          ] GC(122) Pause Young (Normal) (G1 Evacuation Pause) 704M->96M(1024M) 2.832ms
[2024-02-10T00:01:39.271+0000][7][gc,cpu      ] GC(122) User=0.01s Sys=0.00s Real=0.01s
[2024-02-10T00:01:39.271+0000][7][safepoint   ] Safepoint "G1CollectForAllocation", Time since last: 8430217224 ns, Reaching safepoint: 46990 ns, At safepoint: 2910817 ns, Total: 2957807 ns
[2024-02-10T00:04:15.536+0000][7][gc,start    ] GC(123) Pause Young (Normal) (G1 Evacuation Pause)
[2024-02-10T00:04:15.536+0000][7][gc,task     ] GC(123) Using 8 workers of 8 for evacuation
[2024-02-10T00:04:15.536+0000][7][gc,age      ] GC(123) Desired survivor size 41943040 bytes, new threshold 15 (max threshold 15)
[2024-02-10T00:04:15.540+0000][7][gc,phases   ] GC(123)   Pre Evacuate Collection Set: 0.2ms
[2024-02-10T00:04:15.540+0000][7][gc,phases   ] GC(123)   Merge Heap Roots: 0.1ms
[2024-02-10T00:04:15.540+0000][7][gc,phases   ] GC(123)   Evacuate Collection Set: 2.8ms
[2024-02-10T00:04:15.540+0000][7][gc,phases   ] GC(123)   Post Evacuate Collection Set: 0.9ms
[2024-02-10T00:04:15.540+0000][7][gc,phases   ] GC(123)   Other: 0.1ms
[2024-02-10T00:04:15.540+0000][7][gc,age      ] GC(123) Age table with threshold 15 (max threshold 15)
[2024-02-10T00:04:15.540+0000][7][gc,age      ] GC(123) - age   1:    1641320 bytes,    1641320 total
[2024-02-10T00:04:15.540+0000][7][gc,age      ] GC(123) - age   2:     405768 bytes,    2047088 total
[2024-02-10T00:04:15.540+0000][7][gc,age      ] GC(123) - age   3:       1056 bytes,    2048144 total
[2024-02-10T00:04:15.540+0000][7][gc,age      ] GC(123) - age   4:        312 bytes,    2048456 total
[2024-02-10T00:04:15.540+0000][7][gc,age      ] GC(123) - age   5:        264 bytes,    2048720 total
[2024-02-10T00:04:15.540+0000][7][gc,age      ] GC(123) - age   6:       1352 bytes,    2050072 total
[2024-02-10T00:04:15.540+0000][7][gc,age      ] GC(123) - age   7:        800 bytes,    2050872 total
[2024-02-10T00:04:15.540+0000][7][gc,age      ] GC(123) - age   8:      10624 bytes,    2061496 total
[2024-02-10T00:04:15.540+0000][7][gc,age      ] GC(123) - age  10:      50192 bytes,    2111688 total
[2024-02-10T00:04:15.540+0000][7][gc,age      ] GC(123) - age  11:     150984 bytes,    2262672 total
[2024-02-10T00:04:15.540+0000][7][gc,age      ] GC(123) - age  13:     106240 bytes,    2368912 total
[2024-02-10T00:04:15.540+0000][7][gc,age      ] GC(123) - age  14:        416 bytes,    2369328 total
[2024-02-10T00:04:15.540+0000][7][gc,heap     ] GC(123) Eden regions: 152->0(152)
[2024-02-10T00:04:15.540+0000][7][gc,heap     ] GC(123) Survivor regions: 1->1(20)
[2024-02-10T00:04:15.540+0000][7][gc,heap     ] GC(123) Old regions: 23->23
[2024-02-10T00:04:15.540+0000][7][gc,heap     ] GC(123) Archive regions: 2->2
[2024-02-10T00:04:15.540+0000][7][gc,heap     ] GC(123) Humongous regions: 0->0
[2024-02-10T00:04:15.540+0000][7][gc,metaspace] GC(123) Metaspace: 129274K(132992K)->129274K(132992K) NonClass: 112301K(114240K)->112301K(114240K) Class: 16972K(18752K)->16972K(18752K)
[2024-02-10T00:04:15.540+0000][7][gc          ] GC(123) Pause Young (Normal) (G1 Evacuation Pause) 704M->96M(1024M) 4.422ms
[2024-02-10T00:04:15.540+0000][7][gc,cpu      ] GC(123) User=0.01s Sys=0.00s Real=0.01s
[2024-02-10T00:04:15.540+0000][7][safepoint   ] Safepoint "G1CollectForAllocation", Time since last: 156264263236 ns, Reaching safepoint: 105764 ns, At safepoint: 4528892 ns, Total: 4634656 ns
[2024-02-10T00:04:48.543+0000][7][safepoint   ] Safepoint "Cleanup", Time since last: 33003291708 ns, Reaching safepoint: 97354 ns, At safepoint: 10592 ns, Total: 107946 ns
[2024-02-10T00:05:30.548+0000][7][safepoint   ] Safepoint "Cleanup", Time since last: 42004157074 ns, Reaching safepoint: 122508 ns, At safepoint: 11991 ns, Total: 134499 ns
[2024-02-10T00:06:51.267+0000][7][gc,start    ] GC(124) Pause Young (Normal) (G1 Evacuation Pause)
[2024-02-10T00:06:51.267+0000][7][gc,task     ] GC(124) Using 8 workers of 8 for evacuation
[2024-02-10T00:06:51.267+0000][7][gc,age      ] GC(124) Desired survivor size 41943040 bytes, new threshold 15 (max threshold 15)
[2024-02-10T00:06:51.270+0000][7][gc,phases   ] GC(124)   Pre Evacuate Collection Set: 0.1ms
[2024-02-10T00:06:51.270+0000][7][gc,phases   ] GC(124)   Merge Heap Roots: 0.1ms
[2024-02-10T00:06:51.270+0000][7][gc,phases   ] GC(124)   Evacuate Collection Set: 1.9ms
[2024-02-10T00:06:51.270+0000][7][gc,phases   ] GC(124)   Post Evacuate Collection Set: 0.8ms
[2024-02-10T00:06:51.270+0000][7][gc,phases   ] GC(124)   Other: 0.1ms
[2024-02-10T00:06:51.270+0000][7][gc,age      ] GC(124) Age table with threshold 15 (max threshold 15)
[2024-02-10T00:06:51.270+0000][7][gc,age      ] GC(124) - age   1:    1556248 bytes,    1556248 total
[2024-02-10T00:06:51.270+0000][7][gc,age      ] GC(124) - age   2:       3168 bytes,    1559416 total
[2024-02-10T00:06:51.270+0000][7][gc,age      ] GC(124) - age   3:     396272 bytes,    1955688 total
[2024-02-10T00:06:51.270+0000][7][gc,age      ] GC(124) - age   4:       1056 bytes,    1956744 total
[2024-02-10T00:06:51.270+0000][7][gc,age      ] GC(124) - age   5:        312 bytes,    1957056 total
[2024-02-10T00:06:51.270+0000][7][gc,age      ] GC(124) - age   6:        264 bytes,    1957320 total
[2024-02-10T00:06:51.270+0000][7][gc,age      ] GC(124) - age   7:       1352 bytes,    1958672 total
[2024-02-10T00:06:51.270+0000][7][gc,age      ] GC(124) - age   8:        800 bytes,    1959472 total
[2024-02-10T00:06:51.270+0000][7][gc,age      ] GC(124) - age   9:      10056 bytes,    1969528 total
[2024-02-10T00:06:51.270+0000][7][gc,age      ] GC(124) - age  11:      50192 bytes,    2019720 total
[2024-02-10T00:06:51.270+0000][7][gc,age      ] GC(124) - age  12:     150984 bytes,    2170704 total
[2024-02-10T00:06:51.270+0000][7][gc,age      ] GC(124) - age  14:     106240 bytes,    2276944 total
[2024-02-10T00:06:51.270+0000][7][gc,age      ] GC(124) - age  15:        416 bytes,    2277360 total
[2024-02-10T00:06:51.270+0000][7][gc,heap     ] GC(124) Eden regions: 152->0(152)
[2024-02-10T00:06:51.270+0000][7][gc,heap     ] GC(124) Survivor regions: 1->1(20)
[2024-02-10T00:06:51.270+0000][7][gc,heap     ] GC(124) Old regions: 23->23
[2024-02-10T00:06:51.270+0000][7][gc,heap     ] GC(124) Archive regions: 2->2
[2024-02-10T00:06:51.270+0000][7][gc,heap     ] GC(124) Humongous regions: 0->0
[2024-02-10T00:06:51.270+0000][7][gc,metaspace] GC(124) Metaspace: 129274K(132992K)->129274K(132992K) NonClass: 112301K(114240K)->112301K(114240K) Class: 16972K(18752K)->16972K(18752K)
[2024-02-10T00:06:51.270+0000][7][gc          ] GC(124) Pause Young (Normal) (G1 Evacuation Pause) 704M->96M(1024M) 3.305ms
[2024-02-10T00:06:51.270+0000][7][gc,cpu      ] GC(124) User=0.02s Sys=0.00s Real=0.01s
[2024-02-10T00:06:51.270+0000][7][safepoint   ] Safepoint "G1CollectForAllocation", Time since last: 80718728178 ns, Reaching safepoint: 57173 ns, At safepoint: 3400154 ns, Total: 3457327 ns
[2024-02-10T00:08:31.280+0000][7][safepoint   ] Safepoint "Cleanup", Time since last: 100010269451 ns, Reaching safepoint: 89619 ns, At safepoint: 22483 ns, Total: 112102 ns
[2024-02-10T00:09:15.400+0000][7][safepoint   ] Safepoint "Cleanup", Time since last: 44119955924 ns, Reaching safepoint: 37951 ns, At safepoint: 3605 ns, Total: 41556 ns
[2024-02-10T00:09:17.333+0000][7][safepoint   ] Safepoint "Cleanup", Time since last: 1932370273 ns, Reaching safepoint: 65303 ns, At safepoint: 6254 ns, Total: 71557 ns
[2024-02-10T00:09:25.363+0000][7][gc,start    ] GC(125) Pause Young (Normal) (G1 Evacuation Pause)
[2024-02-10T00:09:25.363+0000][7][gc,task     ] GC(125) Using 8 workers of 8 for evacuation
[2024-02-10T00:09:25.363+0000][7][gc,age      ] GC(125) Desired survivor size 41943040 bytes, new threshold 15 (max threshold 15)
[2024-02-10T00:09:25.367+0000][7][gc,phases   ] GC(125)   Pre Evacuate Collection Set: 0.1ms
[2024-02-10T00:09:25.367+0000][7][gc,phases   ] GC(125)   Merge Heap Roots: 0.1ms
[2024-02-10T00:09:25.367+0000][7][gc,phases   ] GC(125)   Evacuate Collection Set: 2.5ms
[2024-02-10T00:09:25.367+0000][7][gc,phases   ] GC(125)   Post Evacuate Collection Set: 0.9ms
[2024-02-10T00:09:25.367+0000][7][gc,phases   ] GC(125)   Other: 0.1ms
[2024-02-10T00:09:25.367+0000][7][gc,age      ] GC(125) Age table with threshold 15 (max threshold 15)
[2024-02-10T00:09:25.367+0000][7][gc,age      ] GC(125) - age   1:    1340920 bytes,    1340920 total
[2024-02-10T00:09:25.367+0000][7][gc,age      ] GC(125) - age   2:      11336 bytes,    1352256 total
[2024-02-10T00:09:25.367+0000][7][gc,age      ] GC(125) - age   3:       1128 bytes,    1353384 total
[2024-02-10T00:09:25.367+0000][7][gc,age      ] GC(125) - age   4:     395304 bytes,    1748688 total
[2024-02-10T00:09:25.367+0000][7][gc,age      ] GC(125) - age   5:        280 bytes,    1748968 total
[2024-02-10T00:09:25.367+0000][7][gc,age      ] GC(125) - age   6:        312 bytes,    1749280 total
[2024-02-10T00:09:25.367+0000][7][gc,age      ] GC(125) - age   7:        264 bytes,    1749544 total
[2024-02-10T00:09:25.367+0000][7][gc,age      ] GC(125) - age   8:       1288 bytes,    1750832 total
[2024-02-10T00:09:25.367+0000][7][gc,age      ] GC(125) - age   9:        768 bytes,    1751600 total
[2024-02-10T00:09:25.367+0000][7][gc,age      ] GC(125) - age  10:      10056 bytes,    1761656 total
[2024-02-10T00:09:25.367+0000][7][gc,age      ] GC(125) - age  12:      50192 bytes,    1811848 total
[2024-02-10T00:09:25.367+0000][7][gc,age      ] GC(125) - age  13:     150984 bytes,    1962832 total
[2024-02-10T00:09:25.367+0000][7][gc,age      ] GC(125) - age  15:     106240 bytes,    2069072 total
[2024-02-10T00:09:25.367+0000][7][gc,heap     ] GC(125) Eden regions: 152->0(152)
[2024-02-10T00:09:25.367+0000][7][gc,heap     ] GC(125) Survivor regions: 1->1(20)
[2024-02-10T00:09:25.367+0000][7][gc,heap     ] GC(125) Old regions: 23->23
[2024-02-10T00:09:25.367+0000][7][gc,heap     ] GC(125) Archive regions: 2->2
[2024-02-10T00:09:25.367+0000][7][gc,heap     ] GC(125) Humongous regions: 0->0
[2024-02-10T00:09:25.367+0000][7][gc,metaspace] GC(125) Metaspace: 129286K(133056K)->129286K(133056K) NonClass: 112312K(114304K)->112312K(114304K) Class: 16974K(18752K)->16974K(18752K)
[2024-02-10T00:09:25.367+0000][7][gc          ] GC(125) Pause Young (Normal) (G1 Evacuation Pause) 704M->96M(1024M) 3.991ms
[2024-02-10T00:09:25.367+0000][7][gc,cpu      ] GC(125) User=0.02s Sys=0.00s Real=0.00s
[2024-02-10T00:09:25.367+0000][7][safepoint   ] Safepoint "G1CollectForAllocation", Time since last: 8030441947 ns, Reaching safepoint: 71156 ns, At safepoint: 4095154 ns, Total: 4166310 ns
[2024-02-10T00:09:58.371+0000][7][safepoint   ] Safepoint "Cleanup", Time since last: 33003189793 ns, Reaching safepoint: 62726 ns, At safepoint: 52573 ns, Total: 115299 ns
[2024-02-10T00:12:00.302+0000][7][gc,start    ] GC(126) Pause Young (Normal) (G1 Evacuation Pause)
[2024-02-10T00:12:00.302+0000][7][gc,task     ] GC(126) Using 8 workers of 8 for evacuation
[2024-02-10T00:12:00.302+0000][7][gc,age      ] GC(126) Desired survivor size 41943040 bytes, new threshold 15 (max threshold 15)
[2024-02-10T00:12:00.306+0000][7][gc,phases   ] GC(126)   Pre Evacuate Collection Set: 0.1ms
[2024-02-10T00:12:00.306+0000][7][gc,phases   ] GC(126)   Merge Heap Roots: 0.1ms
[2024-02-10T00:12:00.306+0000][7][gc,phases   ] GC(126)   Evacuate Collection Set: 2.8ms
[2024-02-10T00:12:00.306+0000][7][gc,phases   ] GC(126)   Post Evacuate Collection Set: 0.9ms
[2024-02-10T00:12:00.306+0000][7][gc,phases   ] GC(126)   Other: 0.1ms
[2024-02-10T00:12:00.306+0000][7][gc,age      ] GC(126) Age table with threshold 15 (max threshold 15)
[2024-02-10T00:12:00.306+0000][7][gc,age      ] GC(126) - age   1:    1596936 bytes,    1596936 total
[2024-02-10T00:12:00.306+0000][7][gc,age      ] GC(126) - age   2:     151616 bytes,    1748552 total
[2024-02-10T00:12:00.306+0000][7][gc,age      ] GC(126) - age   3:       8768 bytes,    1757320 total
[2024-02-10T00:12:00.306+0000][7][gc,age      ] GC(126) - age   4:        424 bytes,    1757744 total
[2024-02-10T00:12:00.306+0000][7][gc,age      ] GC(126) - age   5:     391848 bytes,    2149592 total
[2024-02-10T00:12:00.306+0000][7][gc,age      ] GC(126) - age   6:        280 bytes,    2149872 total
[2024-02-10T00:12:00.306+0000][7][gc,age      ] GC(126) - age   7:        248 bytes,    2150120 total
[2024-02-10T00:12:00.306+0000][7][gc,age      ] GC(126) - age   8:        264 bytes,    2150384 total
[2024-02-10T00:12:00.306+0000][7][gc,age      ] GC(126) - age   9:       1288 bytes,    2151672 total
[2024-02-10T00:12:00.306+0000][7][gc,age      ] GC(126) - age  10:        584 bytes,    2152256 total
[2024-02-10T00:12:00.306+0000][7][gc,age      ] GC(126) - age  11:      10056 bytes,    2162312 total
[2024-02-10T00:12:00.306+0000][7][gc,age      ] GC(126) - age  13:      50192 bytes,    2212504 total
[2024-02-10T00:12:00.306+0000][7][gc,age      ] GC(126) - age  14:     150984 bytes,    2363488 total
[2024-02-10T00:12:00.306+0000][7][gc,heap     ] GC(126) Eden regions: 152->0(152)
[2024-02-10T00:12:00.306+0000][7][gc,heap     ] GC(126) Survivor regions: 1->1(20)
[2024-02-10T00:12:00.306+0000][7][gc,heap     ] GC(126) Old regions: 23->23
[2024-02-10T00:12:00.306+0000][7][gc,heap     ] GC(126) Archive regions: 2->2
[2024-02-10T00:12:00.306+0000][7][gc,heap     ] GC(126) Humongous regions: 0->0
[2024-02-10T00:12:00.306+0000][7][gc,metaspace] GC(126) Metaspace: 129286K(133056K)->129286K(133056K) NonClass: 112312K(114304K)->112312K(114304K) Class: 16974K(18752K)->16974K(18752K)
[2024-02-10T00:12:00.306+0000][7][gc          ] GC(126) Pause Young (Normal) (G1 Evacuation Pause) 704M->97M(1024M) 4.494ms
[2024-02-10T00:12:00.306+0000][7][gc,cpu      ] GC(126) User=0.02s Sys=0.00s Real=0.00s
[2024-02-10T00:12:00.306+0000][7][safepoint   ] Safepoint "G1CollectForAllocation", Time since last: 121930842214 ns, Reaching safepoint: 103809 ns, At safepoint: 4613293 ns, Total: 4717102 ns
[2024-02-10T00:12:04.307+0000][7][safepoint   ] Safepoint "Cleanup", Time since last: 4000368997 ns, Reaching safepoint: 94091 ns, At safepoint: 4895 ns, Total: 98986 ns
[2024-02-10T00:12:31.310+0000][7][safepoint   ] Safepoint "Cleanup", Time since last: 27002788729 ns, Reaching safepoint: 96246 ns, At safepoint: 5711 ns, Total: 101957 ns
[2024-02-10T00:13:49.317+0000][7][safepoint   ] Safepoint "Cleanup", Time since last: 78007253740 ns, Reaching safepoint: 70026 ns, At safepoint: 36822 ns, Total: 106848 ns
[2024-02-10T00:14:36.339+0000][7][gc,start    ] GC(127) Pause Young (Normal) (G1 Evacuation Pause)
[2024-02-10T00:14:36.339+0000][7][gc,task     ] GC(127) Using 8 workers of 8 for evacuation
[2024-02-10T00:14:36.339+0000][7][gc,age      ] GC(127) Desired survivor size 41943040 bytes, new threshold 15 (max threshold 15)
[2024-02-10T00:14:36.342+0000][7][gc,phases   ] GC(127)   Pre Evacuate Collection Set: 0.1ms
[2024-02-10T00:14:36.342+0000][7][gc,phases   ] GC(127)   Merge Heap Roots: 0.1ms
[2024-02-10T00:14:36.342+0000][7][gc,phases   ] GC(127)   Evacuate Collection Set: 2.0ms
[2024-02-10T00:14:36.342+0000][7][gc,phases   ] GC(127)   Post Evacuate Collection Set: 0.8ms
[2024-02-10T00:14:36.342+0000][7][gc,phases   ] GC(127)   Other: 0.1ms
[2024-02-10T00:14:36.342+0000][7][gc,age      ] GC(127) Age table with threshold 15 (max threshold 15)
[2024-02-10T00:14:36.342+0000][7][gc,age      ] GC(127) - age   1:    1478888 bytes,    1478888 total
[2024-02-10T00:14:36.342+0000][7][gc,age      ] GC(127) - age   2:       5728 bytes,    1484616 total
[2024-02-10T00:14:36.342+0000][7][gc,age      ] GC(127) - age   3:     150592 bytes,    1635208 total
[2024-02-10T00:14:36.342+0000][7][gc,age      ] GC(127) - age   4:       8584 bytes,    1643792 total
[2024-02-10T00:14:36.342+0000][7][gc,age      ] GC(127) - age   5:        360 bytes,    1644152 total
[2024-02-10T00:14:36.342+0000][7][gc,age      ] GC(127) - age   6:     391848 bytes,    2036000 total
[2024-02-10T00:14:36.342+0000][7][gc,age      ] GC(127) - age   7:        280 bytes,    2036280 total
[2024-02-10T00:14:36.342+0000][7][gc,age      ] GC(127) - age   8:        248 bytes,    2036528 total
[2024-02-10T00:14:36.342+0000][7][gc,age      ] GC(127) - age   9:        264 bytes,    2036792 total
[2024-02-10T00:14:36.342+0000][7][gc,age      ] GC(127) - age  10:       1288 bytes,    2038080 total
[2024-02-10T00:14:36.342+0000][7][gc,age      ] GC(127) - age  11:        584 bytes,    2038664 total
[2024-02-10T00:14:36.342+0000][7][gc,age      ] GC(127) - age  12:      10056 bytes,    2048720 total
[2024-02-10T00:14:36.342+0000][7][gc,age      ] GC(127) - age  14:      50192 bytes,    2098912 total
[2024-02-10T00:14:36.342+0000][7][gc,age      ] GC(127) - age  15:     150984 bytes,    2249896 total
[2024-02-10T00:14:36.342+0000][7][gc,heap     ] GC(127) Eden regions: 152->0(152)
[2024-02-10T00:14:36.342+0000][7][gc,heap     ] GC(127) Survivor regions: 1->1(20)
[2024-02-10T00:14:36.342+0000][7][gc,heap     ] GC(127) Old regions: 23->23
[2024-02-10T00:14:36.342+0000][7][gc,heap     ] GC(127) Archive regions: 2->2
[2024-02-10T00:14:36.342+0000][7][gc,heap     ] GC(127) Humongous regions: 0->0
[2024-02-10T00:14:36.342+0000][7][gc,metaspace] GC(127) Metaspace: 129286K(133056K)->129286K(133056K) NonClass: 112312K(114304K)->112312K(114304K) Class: 16974K(18752K)->16974K(18752K)
[2024-02-10T00:14:36.342+0000][7][gc          ] GC(127) Pause Young (Normal) (G1 Evacuation Pause) 705M->96M(1024M) 3.437ms
[2024-02-10T00:14:36.343+0000][7][gc,cpu      ] GC(127) User=0.02s Sys=0.00s Real=0.00s
[2024-02-10T00:14:36.343+0000][7][safepoint   ] Safepoint "G1CollectForAllocation", Time since last: 47022045712 ns, Reaching safepoint: 84741 ns, At safepoint: 3533444 ns, Total: 3618185 ns
[2024-02-10T00:15:52.350+0000][7][safepoint   ] Safepoint "Cleanup", Time since last: 76007772138 ns, Reaching safepoint: 73233 ns, At safepoint: 39252 ns, Total: 112485 ns
[2024-02-10T00:15:53.351+0000][7][safepoint   ] Safepoint "Cleanup", Time since last: 1000208475 ns, Reaching safepoint: 71175 ns, At safepoint: 7560 ns, Total: 78735 ns
[2024-02-10T00:17:12.334+0000][7][gc,start    ] GC(128) Pause Young (Normal) (G1 Evacuation Pause)
[2024-02-10T00:17:12.334+0000][7][gc,task     ] GC(128) Using 8 workers of 8 for evacuation
[2024-02-10T00:17:12.334+0000][7][gc,age      ] GC(128) Desired survivor size 41943040 bytes, new threshold 15 (max threshold 15)
[2024-02-10T00:17:12.337+0000][7][gc,phases   ] GC(128)   Pre Evacuate Collection Set: 0.1ms
[2024-02-10T00:17:12.337+0000][7][gc,phases   ] GC(128)   Merge Heap Roots: 0.1ms
[2024-02-10T00:17:12.337+0000][7][gc,phases   ] GC(128)   Evacuate Collection Set: 1.6ms
[2024-02-10T00:17:12.337+0000][7][gc,phases   ] GC(128)   Post Evacuate Collection Set: 0.7ms
[2024-02-10T00:17:12.337+0000][7][gc,phases   ] GC(128)   Other: 0.1ms
[2024-02-10T00:17:12.337+0000][7][gc,age      ] GC(128) Age table with threshold 15 (max threshold 15)
[2024-02-10T00:17:12.337+0000][7][gc,age      ] GC(128) - age   1:    1559928 bytes,    1559928 total
[2024-02-10T00:17:12.337+0000][7][gc,age      ] GC(128) - age   2:       2080 bytes,    1562008 total
[2024-02-10T00:17:12.337+0000][7][gc,age      ] GC(128) - age   3:       3776 bytes,    1565784 total
[2024-02-10T00:17:12.337+0000][7][gc,age      ] GC(128) - age   4:     150208 bytes,    1715992 total
[2024-02-10T00:17:12.337+0000][7][gc,age      ] GC(128) - age   5:       8584 bytes,    1724576 total
[2024-02-10T00:17:12.337+0000][7][gc,age      ] GC(128) - age   7:     340744 bytes,    2065320 total
[2024-02-10T00:17:12.337+0000][7][gc,age      ] GC(128) - age   8:        216 bytes,    2065536 total
[2024-02-10T00:17:12.337+0000][7][gc,age      ] GC(128) - age   9:        184 bytes,    2065720 total
[2024-02-10T00:17:12.337+0000][7][gc,age      ] GC(128) - age  10:        264 bytes,    2065984 total
[2024-02-10T00:17:12.337+0000][7][gc,age      ] GC(128) - age  11:       1288 bytes,    2067272 total
[2024-02-10T00:17:12.337+0000][7][gc,age      ] GC(128) - age  12:        584 bytes,    2067856 total
[2024-02-10T00:17:12.337+0000][7][gc,age      ] GC(128) - age  13:      10056 bytes,    2077912 total
[2024-02-10T00:17:12.337+0000][7][gc,age      ] GC(128) - age  15:      50192 bytes,    2128104 total
[2024-02-10T00:17:12.337+0000][7][gc,heap     ] GC(128) Eden regions: 152->0(152)
[2024-02-10T00:17:12.337+0000][7][gc,heap     ] GC(128) Survivor regions: 1->1(20)
[2024-02-10T00:17:12.337+0000][7][gc,heap     ] GC(128) Old regions: 23->23
[2024-02-10T00:17:12.337+0000][7][gc,heap     ] GC(128) Archive regions: 2->2
[2024-02-10T00:17:12.337+0000][7][gc,heap     ] GC(128) Humongous regions: 0->0
[2024-02-10T00:17:12.337+0000][7][gc,metaspace] GC(128) Metaspace: 129286K(133056K)->129286K(133056K) NonClass: 112312K(114304K)->112312K(114304K) Class: 16974K(18752K)->16974K(18752K)
[2024-02-10T00:17:12.337+0000][7][gc          ] GC(128) Pause Young (Normal) (G1 Evacuation Pause) 704M->96M(1024M) 2.925ms
[2024-02-10T00:17:12.337+0000][7][gc,cpu      ] GC(128) User=0.01s Sys=0.01s Real=0.01s
[2024-02-10T00:17:12.337+0000][7][safepoint   ] Safepoint "G1CollectForAllocation", Time since last: 78983386368 ns, Reaching safepoint: 68893 ns, At safepoint: 3017009 ns, Total: 3085902 ns
[2024-02-10T00:17:25.339+0000][7][safepoint   ] Safepoint "Cleanup", Time since last: 13002083258 ns, Reaching safepoint: 89940 ns, At safepoint: 19237 ns, Total: 109177 ns
[2024-02-10T00:17:30.340+0000][7][safepoint   ] Safepoint "Cleanup", Time since last: 5000708722 ns, Reaching safepoint: 121685 ns, At safepoint: 33587 ns, Total: 155272 ns
[2024-02-10T00:19:48.343+0000][7][gc,start    ] GC(129) Pause Young (Normal) (G1 Evacuation Pause)
[2024-02-10T00:19:48.343+0000][7][gc,task     ] GC(129) Using 8 workers of 8 for evacuation
[2024-02-10T00:19:48.343+0000][7][gc,age      ] GC(129) Desired survivor size 41943040 bytes, new threshold 15 (max threshold 15)
[2024-02-10T00:19:48.346+0000][7][gc,phases   ] GC(129)   Pre Evacuate Collection Set: 0.1ms
[2024-02-10T00:19:48.346+0000][7][gc,phases   ] GC(129)   Merge Heap Roots: 0.1ms
[2024-02-10T00:19:48.346+0000][7][gc,phases   ] GC(129)   Evacuate Collection Set: 1.5ms
[2024-02-10T00:19:48.346+0000][7][gc,phases   ] GC(129)   Post Evacuate Collection Set: 0.9ms
[2024-02-10T00:19:48.346+0000][7][gc,phases   ] GC(129)   Other: 0.1ms
[2024-02-10T00:19:48.346+0000][7][gc,age      ] GC(129) Age table with threshold 15 (max threshold 15)
[2024-02-10T00:19:48.346+0000][7][gc,age      ] GC(129) - age   1:    1296368 bytes,    1296368 total
[2024-02-10T00:19:48.346+0000][7][gc,age      ] GC(129) - age   2:       4400 bytes,    1300768 total
[2024-02-10T00:19:48.346+0000][7][gc,age      ] GC(129) - age   3:        504 bytes,    1301272 total
[2024-02-10T00:19:48.346+0000][7][gc,age      ] GC(129) - age   4:       3648 bytes,    1304920 total
[2024-02-10T00:19:48.346+0000][7][gc,age      ] GC(129) - age   5:     149336 bytes,    1454256 total
[2024-02-10T00:19:48.346+0000][7][gc,age      ] GC(129) - age   6:       8584 bytes,    1462840 total
[2024-02-10T00:19:48.346+0000][7][gc,age      ] GC(129) - age   8:     340744 bytes,    1803584 total
[2024-02-10T00:19:48.346+0000][7][gc,age      ] GC(129) - age   9:        184 bytes,    1803768 total
[2024-02-10T00:19:48.346+0000][7][gc,age      ] GC(129) - age  10:        184 bytes,    1803952 total
[2024-02-10T00:19:48.346+0000][7][gc,age      ] GC(129) - age  11:        264 bytes,    1804216 total
[2024-02-10T00:19:48.346+0000][7][gc,age      ] GC(129) - age  12:       1288 bytes,    1805504 total
[2024-02-10T00:19:48.346+0000][7][gc,age      ] GC(129) - age  13:        584 bytes,    1806088 total
[2024-02-10T00:19:48.346+0000][7][gc,age      ] GC(129) - age  14:      10056 bytes,    1816144 total
[2024-02-10T00:19:48.346+0000][7][gc,heap     ] GC(129) Eden regions: 152->0(152)
[2024-02-10T00:19:48.346+0000][7][gc,heap     ] GC(129) Survivor regions: 1->1(20)
[2024-02-10T00:19:48.346+0000][7][gc,heap     ] GC(129) Old regions: 23->23
[2024-02-10T00:19:48.346+0000][7][gc,heap     ] GC(129) Archive regions: 2->2
[2024-02-10T00:19:48.346+0000][7][gc,heap     ] GC(129) Humongous regions: 0->0
[2024-02-10T00:19:48.346+0000][7][gc,metaspace] GC(129) Metaspace: 129287K(133056K)->129287K(133056K) NonClass: 112313K(114304K)->112313K(114304K) Class: 16974K(18752K)->16974K(18752K)
[2024-02-10T00:19:48.346+0000][7][gc          ] GC(129) Pause Young (Normal) (G1 Evacuation Pause) 704M->96M(1024M) 2.920ms
[2024-02-10T00:19:48.346+0000][7][gc,cpu      ] GC(129) User=0.02s Sys=0.00s Real=0.00s
[2024-02-10T00:19:48.346+0000][7][safepoint   ] Safepoint "G1CollectForAllocation", Time since last: 138002608645 ns, Reaching safepoint: 79441 ns, At safepoint: 3013615 ns, Total: 3093056 ns
[2024-02-10T00:21:55.358+0000][7][safepoint   ] Safepoint "Cleanup", Time since last: 127012434672 ns, Reaching safepoint: 74053 ns, At safepoint: 37670 ns, Total: 111723 ns
[2024-02-10T00:22:27.460+0000][7][gc,start    ] GC(130) Pause Young (Normal) (G1 Evacuation Pause)
[2024-02-10T00:22:27.460+0000][7][gc,task     ] GC(130) Using 8 workers of 8 for evacuation
[2024-02-10T00:22:27.460+0000][7][gc,age      ] GC(130) Desired survivor size 41943040 bytes, new threshold 15 (max threshold 15)
[2024-02-10T00:22:27.463+0000][7][gc,phases   ] GC(130)   Pre Evacuate Collection Set: 0.1ms
[2024-02-10T00:22:27.463+0000][7][gc,phases   ] GC(130)   Merge Heap Roots: 0.1ms
[2024-02-10T00:22:27.463+0000][7][gc,phases   ] GC(130)   Evacuate Collection Set: 1.8ms
[2024-02-10T00:22:27.463+0000][7][gc,phases   ] GC(130)   Post Evacuate Collection Set: 0.9ms
[2024-02-10T00:22:27.463+0000][7][gc,phases   ] GC(130)   Other: 0.1ms
[2024-02-10T00:22:27.463+0000][7][gc,age      ] GC(130) Age table with threshold 15 (max threshold 15)
[2024-02-10T00:22:27.463+0000][7][gc,age      ] GC(130) - age   1:    1563056 bytes,    1563056 total
[2024-02-10T00:22:27.463+0000][7][gc,age      ] GC(130) - age   2:       2952 bytes,    1566008 total
[2024-02-10T00:22:27.463+0000][7][gc,age      ] GC(130) - age   3:       1576 bytes,    1567584 total
[2024-02-10T00:22:27.463+0000][7][gc,age      ] GC(130) - age   4:        192 bytes,    1567776 total
[2024-02-10T00:22:27.463+0000][7][gc,age      ] GC(130) - age   5:        192 bytes,    1567968 total
[2024-02-10T00:22:27.463+0000][7][gc,age      ] GC(130) - age   6:     149280 bytes,    1717248 total
[2024-02-10T00:22:27.463+0000][7][gc,age      ] GC(130) - age   7:        568 bytes,    1717816 total
[2024-02-10T00:22:27.463+0000][7][gc,age      ] GC(130) - age   9:     340744 bytes,    2058560 total
[2024-02-10T00:22:27.463+0000][7][gc,age      ] GC(130) - age  10:        184 bytes,    2058744 total
[2024-02-10T00:22:27.463+0000][7][gc,age      ] GC(130) - age  11:        184 bytes,    2058928 total
[2024-02-10T00:22:27.463+0000][7][gc,age      ] GC(130) - age  12:        264 bytes,    2059192 total
[2024-02-10T00:22:27.463+0000][7][gc,age      ] GC(130) - age  13:       1288 bytes,    2060480 total
[2024-02-10T00:22:27.463+0000][7][gc,age      ] GC(130) - age  14:        584 bytes,    2061064 total
[2024-02-10T00:22:27.463+0000][7][gc,age      ] GC(130) - age  15:      10056 bytes,    2071120 total
[2024-02-10T00:22:27.463+0000][7][gc,heap     ] GC(130) Eden regions: 152->0(152)
[2024-02-10T00:22:27.463+0000][7][gc,heap     ] GC(130) Survivor regions: 1->1(20)
[2024-02-10T00:22:27.463+0000][7][gc,heap     ] GC(130) Old regions: 23->23
[2024-02-10T00:22:27.463+0000][7][gc,heap     ] GC(130) Archive regions: 2->2
[2024-02-10T00:22:27.463+0000][7][gc,heap     ] GC(130) Humongous regions: 0->0
[2024-02-10T00:22:27.463+0000][7][gc,metaspace] GC(130) Metaspace: 129288K(133056K)->129288K(133056K) NonClass: 112313K(114304K)->112313K(114304K) Class: 16974K(18752K)->16974K(18752K)
[2024-02-10T00:22:27.463+0000][7][gc          ] GC(130) Pause Young (Normal) (G1 Evacuation Pause) 704M->96M(1024M) 3.352ms
[2024-02-10T00:22:27.463+0000][7][gc,cpu      ] GC(130) User=0.01s Sys=0.00s Real=0.00s
[2024-02-10T00:22:27.463+0000][7][safepoint   ] Safepoint "G1CollectForAllocation", Time since last: 32101133121 ns, Reaching safepoint: 103869 ns, At safepoint: 3453965 ns, Total: 3557834 ns
[2024-02-10T00:25:45.469+0000][7][gc,start    ] GC(131) Pause Young (Normal) (G1 Evacuation Pause)
[2024-02-10T00:25:45.469+0000][7][gc,task     ] GC(131) Using 8 workers of 8 for evacuation
[2024-02-10T00:25:45.469+0000][7][gc,age      ] GC(131) Desired survivor size 41943040 bytes, new threshold 15 (max threshold 15)
[2024-02-10T00:25:45.473+0000][7][gc,phases   ] GC(131)   Pre Evacuate Collection Set: 0.1ms
[2024-02-10T00:25:45.473+0000][7][gc,phases   ] GC(131)   Merge Heap Roots: 0.1ms
[2024-02-10T00:25:45.473+0000][7][gc,phases   ] GC(131)   Evacuate Collection Set: 1.8ms
[2024-02-10T00:25:45.473+0000][7][gc,phases   ] GC(131)   Post Evacuate Collection Set: 1.3ms
[2024-02-10T00:25:45.473+0000][7][gc,phases   ] GC(131)   Other: 0.1ms
[2024-02-10T00:25:45.473+0000][7][gc,age      ] GC(131) Age table with threshold 15 (max threshold 15)
[2024-02-10T00:25:45.473+0000][7][gc,age      ] GC(131) - age   1:    1341808 bytes,    1341808 total
[2024-02-10T00:25:45.473+0000][7][gc,age      ] GC(131) - age   2:       6320 bytes,    1348128 total
[2024-02-10T00:25:45.473+0000][7][gc,age      ] GC(131) - age   3:       1352 bytes,    1349480 total
[2024-02-10T00:25:45.473+0000][7][gc,age      ] GC(131) - age   4:        872 bytes,    1350352 total
[2024-02-10T00:25:45.473+0000][7][gc,age      ] GC(131) - age   5:         64 bytes,    1350416 total
[2024-02-10T00:25:45.473+0000][7][gc,age      ] GC(131) - age   6:        128 bytes,    1350544 total
[2024-02-10T00:25:45.473+0000][7][gc,age      ] GC(131) - age   7:     149184 bytes,    1499728 total
[2024-02-10T00:25:45.473+0000][7][gc,age      ] GC(131) - age   8:        184 bytes,    1499912 total
[2024-02-10T00:25:45.473+0000][7][gc,age      ] GC(131) - age  10:     340744 bytes,    1840656 total
[2024-02-10T00:25:45.473+0000][7][gc,age      ] GC(131) - age  11:        184 bytes,    1840840 total
[2024-02-10T00:25:45.473+0000][7][gc,age      ] GC(131) - age  13:        264 bytes,    1841104 total
[2024-02-10T00:25:45.473+0000][7][gc,age      ] GC(131) - age  14:       1288 bytes,    1842392 total
[2024-02-10T00:25:45.473+0000][7][gc,age      ] GC(131) - age  15:        584 bytes,    1842976 total
[2024-02-10T00:25:45.473+0000][7][gc,heap     ] GC(131) Eden regions: 152->0(152)
[2024-02-10T00:25:45.473+0000][7][gc,heap     ] GC(131) Survivor regions: 1->1(20)
[2024-02-10T00:25:45.473+0000][7][gc,heap     ] GC(131) Old regions: 23->23
[2024-02-10T00:25:45.473+0000][7][gc,heap     ] GC(131) Archive regions: 2->2
[2024-02-10T00:25:45.473+0000][7][gc,heap     ] GC(131) Humongous regions: 0->0
[2024-02-10T00:25:45.473+0000][7][gc,metaspace] GC(131) Metaspace: 129288K(133056K)->129288K(133056K) NonClass: 112313K(114304K)->112313K(114304K) Class: 16974K(18752K)->16974K(18752K)
[2024-02-10T00:25:45.473+0000][7][gc          ] GC(131) Pause Young (Normal) (G1 Evacuation Pause) 704M->96M(1024M) 3.761ms
[2024-02-10T00:25:45.473+0000][7][gc,cpu      ] GC(131) User=0.02s Sys=0.00s Real=0.00s
[2024-02-10T00:25:45.473+0000][7][safepoint   ] Safepoint "G1CollectForAllocation", Time since last: 198005925597 ns, Reaching safepoint: 90377 ns, At safepoint: 3867470 ns, Total: 3957847 ns
[2024-02-10T00:27:16.483+0000][7][safepoint   ] Safepoint "Cleanup", Time since last: 91009699348 ns, Reaching safepoint: 81169 ns, At safepoint: 8710 ns, Total: 89879 ns
[2024-02-10T00:29:09.416+0000][7][gc,start    ] GC(132) Pause Young (Normal) (G1 Evacuation Pause)
[2024-02-10T00:29:09.416+0000][7][gc,task     ] GC(132) Using 8 workers of 8 for evacuation
[2024-02-10T00:29:09.416+0000][7][gc,age      ] GC(132) Desired survivor size 41943040 bytes, new threshold 15 (max threshold 15)
[2024-02-10T00:29:09.419+0000][7][gc,phases   ] GC(132)   Pre Evacuate Collection Set: 0.1ms
[2024-02-10T00:29:09.419+0000][7][gc,phases   ] GC(132)   Merge Heap Roots: 0.1ms
[2024-02-10T00:29:09.419+0000][7][gc,phases   ] GC(132)   Evacuate Collection Set: 1.3ms
[2024-02-10T00:29:09.419+0000][7][gc,phases   ] GC(132)   Post Evacuate Collection Set: 0.9ms
[2024-02-10T00:29:09.419+0000][7][gc,phases   ] GC(132)   Other: 0.1ms
[2024-02-10T00:29:09.419+0000][7][gc,age      ] GC(132) Age table with threshold 15 (max threshold 15)
[2024-02-10T00:29:09.419+0000][7][gc,age      ] GC(132) - age   1:     758400 bytes,     758400 total
[2024-02-10T00:29:09.419+0000][7][gc,age      ] GC(132) - age   2:       3520 bytes,     761920 total
[2024-02-10T00:29:09.419+0000][7][gc,age      ] GC(132) - age   3:       3576 bytes,     765496 total
[2024-02-10T00:29:09.419+0000][7][gc,age      ] GC(132) - age   4:        512 bytes,     766008 total
[2024-02-10T00:29:09.419+0000][7][gc,age      ] GC(132) - age   5:        576 bytes,     766584 total
[2024-02-10T00:29:09.419+0000][7][gc,age      ] GC(132) - age   7:         64 bytes,     766648 total
[2024-02-10T00:29:09.419+0000][7][gc,age      ] GC(132) - age   8:     149152 bytes,     915800 total
[2024-02-10T00:29:09.419+0000][7][gc,age      ] GC(132) - age   9:        184 bytes,     915984 total
[2024-02-10T00:29:09.419+0000][7][gc,age      ] GC(132) - age  11:     340744 bytes,    1256728 total
[2024-02-10T00:29:09.419+0000][7][gc,age      ] GC(132) - age  12:        184 bytes,    1256912 total
[2024-02-10T00:29:09.419+0000][7][gc,age      ] GC(132) - age  14:        264 bytes,    1257176 total
[2024-02-10T00:29:09.419+0000][7][gc,age      ] GC(132) - age  15:       1288 bytes,    1258464 total
[2024-02-10T00:29:09.419+0000][7][gc,heap     ] GC(132) Eden regions: 152->0(152)
[2024-02-10T00:29:09.419+0000][7][gc,heap     ] GC(132) Survivor regions: 1->1(20)
[2024-02-10T00:29:09.419+0000][7][gc,heap     ] GC(132) Old regions: 23->23
[2024-02-10T00:29:09.419+0000][7][gc,heap     ] GC(132) Archive regions: 2->2
[2024-02-10T00:29:09.419+0000][7][gc,heap     ] GC(132) Humongous regions: 0->0
[2024-02-10T00:29:09.419+0000][7][gc,metaspace] GC(132) Metaspace: 129288K(133056K)->129288K(133056K) NonClass: 112313K(114304K)->112313K(114304K) Class: 16974K(18752K)->16974K(18752K)
[2024-02-10T00:29:09.419+0000][7][gc          ] GC(132) Pause Young (Normal) (G1 Evacuation Pause) 704M->96M(1024M) 3.037ms
[2024-02-10T00:29:09.419+0000][7][gc,cpu      ] GC(132) User=0.01s Sys=0.00s Real=0.01s
[2024-02-10T00:29:09.419+0000][7][safepoint   ] Safepoint "G1CollectForAllocation", Time since last: 112933243109 ns, Reaching safepoint: 72324 ns, At safepoint: 3137696 ns, Total: 3210020 ns
[2024-02-10T00:31:06.431+0000][7][safepoint   ] Safepoint "Cleanup", Time since last: 117011900878 ns, Reaching safepoint: 88632 ns, At safepoint: 9192 ns, Total: 97824 ns
[2024-02-10T00:31:09.432+0000][7][safepoint   ] Safepoint "Cleanup", Time since last: 3000491514 ns, Reaching safepoint: 73708 ns, At safepoint: 10469 ns, Total: 84177 ns
[2024-02-10T00:31:12.432+0000][7][safepoint   ] Safepoint "Cleanup", Time since last: 3000302592 ns, Reaching safepoint: 111641 ns, At safepoint: 8837 ns, Total: 120478 ns
[2024-02-10T00:31:15.433+0000][7][safepoint   ] Safepoint "Cleanup", Time since last: 3000260642 ns, Reaching safepoint: 114329 ns, At safepoint: 6584 ns, Total: 120913 ns
[2024-02-10T00:31:18.433+0000][7][safepoint   ] Safepoint "Cleanup", Time since last: 3000284604 ns, Reaching safepoint: 93271 ns, At safepoint: 6935 ns, Total: 100206 ns
[2024-02-10T00:31:21.433+0000][7][safepoint   ] Safepoint "Cleanup", Time since last: 3000282811 ns, Reaching safepoint: 92259 ns, At safepoint: 10696 ns, Total: 102955 ns
[2024-02-10T00:31:27.434+0000][7][safepoint   ] Safepoint "Cleanup", Time since last: 6000695730 ns, Reaching safepoint: 92927 ns, At safepoint: 5473 ns, Total: 98400 ns
[2024-02-10T00:31:29.435+0000][7][safepoint   ] Safepoint "Cleanup", Time since last: 2000229432 ns, Reaching safepoint: 61985 ns, At safepoint: 24345 ns, Total: 86330 ns
[2024-02-10T00:31:31.435+0000][7][safepoint   ] Safepoint "Cleanup", Time since last: 2000351813 ns, Reaching safepoint: 107679 ns, At safepoint: 6299 ns, Total: 113978 ns
[2024-02-10T00:31:33.435+0000][7][safepoint   ] Safepoint "Cleanup", Time since last: 2000210264 ns, Reaching safepoint: 181282 ns, At safepoint: 11680 ns, Total: 192962 ns
[2024-02-10T00:31:42.437+0000][7][safepoint   ] Safepoint "Cleanup", Time since last: 9001343112 ns, Reaching safepoint: 98452 ns, At safepoint: 8435 ns, Total: 106887 ns
[2024-02-10T00:31:45.437+0000][7][safepoint   ] Safepoint "Cleanup", Time since last: 3000301800 ns, Reaching safepoint: 69474 ns, At safepoint: 9278 ns, Total: 78752 ns
[2024-02-10T00:31:51.438+0000][7][safepoint   ] Safepoint "Cleanup", Time since last: 6000807888 ns, Reaching safepoint: 158147 ns, At safepoint: 11899 ns, Total: 170046 ns
[2024-02-10T00:32:22.442+0000][7][safepoint   ] Safepoint "Cleanup", Time since last: 31003977947 ns, Reaching safepoint: 124271 ns, At safepoint: 8477 ns, Total: 132748 ns
[2024-02-10T00:32:24.345+0000][7][gc,start    ] GC(133) Pause Young (Normal) (G1 Evacuation Pause)
[2024-02-10T00:32:24.345+0000][7][gc,task     ] GC(133) Using 8 workers of 8 for evacuation
[2024-02-10T00:32:24.345+0000][7][gc,age      ] GC(133) Desired survivor size 41943040 bytes, new threshold 15 (max threshold 15)
[2024-02-10T00:32:24.348+0000][7][gc,phases   ] GC(133)   Pre Evacuate Collection Set: 0.1ms
[2024-02-10T00:32:24.348+0000][7][gc,phases   ] GC(133)   Merge Heap Roots: 0.1ms
[2024-02-10T00:32:24.348+0000][7][gc,phases   ] GC(133)   Evacuate Collection Set: 1.7ms
[2024-02-10T00:32:24.348+0000][7][gc,phases   ] GC(133)   Post Evacuate Collection Set: 0.8ms
[2024-02-10T00:32:24.348+0000][7][gc,phases   ] GC(133)   Other: 0.1ms
[2024-02-10T00:32:24.348+0000][7][gc,age      ] GC(133) Age table with threshold 15 (max threshold 15)
[2024-02-10T00:32:24.348+0000][7][gc,age      ] GC(133) - age   1:    1315960 bytes,    1315960 total
[2024-02-10T00:32:24.348+0000][7][gc,age      ] GC(133) - age   2:      10232 bytes,    1326192 total
[2024-02-10T00:32:24.348+0000][7][gc,age      ] GC(133) - age   3:        696 bytes,    1326888 total
[2024-02-10T00:32:24.348+0000][7][gc,age      ] GC(133) - age   5:        216 bytes,    1327104 total
[2024-02-10T00:32:24.348+0000][7][gc,age      ] GC(133) - age   6:        184 bytes,    1327288 total
[2024-02-10T00:32:24.348+0000][7][gc,age      ] GC(133) - age   8:         64 bytes,    1327352 total
[2024-02-10T00:32:24.348+0000][7][gc,age      ] GC(133) - age   9:     149056 bytes,    1476408 total
[2024-02-10T00:32:24.348+0000][7][gc,age      ] GC(133) - age  10:        184 bytes,    1476592 total
[2024-02-10T00:32:24.348+0000][7][gc,age      ] GC(133) - age  12:     319072 bytes,    1795664 total
[2024-02-10T00:32:24.348+0000][7][gc,age      ] GC(133) - age  15:        264 bytes,    1795928 total
[2024-02-10T00:32:24.348+0000][7][gc,heap     ] GC(133) Eden regions: 152->0(152)
[2024-02-10T00:32:24.348+0000][7][gc,heap     ] GC(133) Survivor regions: 1->1(20)
[2024-02-10T00:32:24.348+0000][7][gc,heap     ] GC(133) Old regions: 23->23
[2024-02-10T00:32:24.348+0000][7][gc,heap     ] GC(133) Archive regions: 2->2
[2024-02-10T00:32:24.348+0000][7][gc,heap     ] GC(133) Humongous regions: 0->0
[2024-02-10T00:32:24.348+0000][7][gc,metaspace] GC(133) Metaspace: 129314K(133056K)->129314K(133056K) NonClass: 112337K(114304K)->112337K(114304K) Class: 16977K(18752K)->16977K(18752K)
[2024-02-10T00:32:24.348+0000][7][gc          ] GC(133) Pause Young (Normal) (G1 Evacuation Pause) 704M->96M(1024M) 3.144ms
[2024-02-10T00:32:24.348+0000][7][gc,cpu      ] GC(133) User=0.01s Sys=0.00s Real=0.00s
[2024-02-10T00:32:24.348+0000][7][safepoint   ] Safepoint "G1CollectForAllocation", Time since last: 1902540964 ns, Reaching safepoint: 74090 ns, At safepoint: 3243067 ns, Total: 3317157 ns
[2024-02-10T00:32:30.349+0000][7][safepoint   ] Safepoint "Cleanup", Time since last: 6000735327 ns, Reaching safepoint: 101386 ns, At safepoint: 12360 ns, Total: 113746 ns
[2024-02-10T00:32:31.349+0000][7][safepoint   ] Safepoint "Cleanup", Time since last: 1000163000 ns, Reaching safepoint: 92209 ns, At safepoint: 11304 ns, Total: 103513 ns
[2024-02-10T00:32:33.350+0000][7][safepoint   ] Safepoint "Cleanup", Time since last: 2000330193 ns, Reaching safepoint: 68938 ns, At safepoint: 10921 ns, Total: 79859 ns
[2024-02-10T00:32:34.350+0000][7][safepoint   ] Safepoint "Cleanup", Time since last: 1000245333 ns, Reaching safepoint: 92009 ns, At safepoint: 11927 ns, Total: 103936 ns
[2024-02-10T00:32:36.351+0000][7][safepoint   ] Safepoint "Cleanup", Time since last: 2000414791 ns, Reaching safepoint: 70040 ns, At safepoint: 8872 ns, Total: 78912 ns
[2024-02-10T00:33:42.358+0000][7][safepoint   ] Safepoint "Cleanup", Time since last: 66007592876 ns, Reaching safepoint: 146044 ns, At safepoint: 8087 ns, Total: 154131 ns
[2024-02-10T00:34:12.362+0000][7][safepoint   ] Safepoint "Cleanup", Time since last: 30003115274 ns, Reaching safepoint: 139320 ns, At safepoint: 8168 ns, Total: 147488 ns
[2024-02-10T00:34:17.362+0000][7][safepoint   ] Safepoint "Cleanup", Time since last: 5000488872 ns, Reaching safepoint: 57634 ns, At safepoint: 6555 ns, Total: 64189 ns
[2024-02-10T00:35:31.370+0000][7][safepoint   ] Safepoint "Cleanup", Time since last: 74007795685 ns, Reaching safepoint: 132653 ns, At safepoint: 8108 ns, Total: 140761 ns
[2024-02-10T00:35:41.371+0000][7][safepoint   ] Safepoint "Cleanup", Time since last: 10001286435 ns, Reaching safepoint: 64758 ns, At safepoint: 39110 ns, Total: 103868 ns
[2024-02-10T00:35:45.989+0000][7][gc,start    ] GC(134) Pause Young (Normal) (G1 Evacuation Pause)
[2024-02-10T00:35:45.989+0000][7][gc,task     ] GC(134) Using 8 workers of 8 for evacuation
[2024-02-10T00:35:45.989+0000][7][gc,age      ] GC(134) Desired survivor size 41943040 bytes, new threshold 15 (max threshold 15)
[2024-02-10T00:35:45.991+0000][7][gc,phases   ] GC(134)   Pre Evacuate Collection Set: 0.2ms
[2024-02-10T00:35:45.991+0000][7][gc,phases   ] GC(134)   Merge Heap Roots: 0.1ms
[2024-02-10T00:35:45.991+0000][7][gc,phases   ] GC(134)   Evacuate Collection Set: 1.4ms
[2024-02-10T00:35:45.991+0000][7][gc,phases   ] GC(134)   Post Evacuate Collection Set: 0.8ms
[2024-02-10T00:35:45.991+0000][7][gc,phases   ] GC(134)   Other: 0.2ms
[2024-02-10T00:35:45.991+0000][7][gc,age      ] GC(134) Age table with threshold 15 (max threshold 15)
[2024-02-10T00:35:45.991+0000][7][gc,age      ] GC(134) - age   1:     790072 bytes,     790072 total
[2024-02-10T00:35:45.991+0000][7][gc,age      ] GC(134) - age   2:     229312 bytes,    1019384 total
[2024-02-10T00:35:45.991+0000][7][gc,age      ] GC(134) - age   3:       1040 bytes,    1020424 total
[2024-02-10T00:35:45.991+0000][7][gc,age      ] GC(134) - age   4:        632 bytes,    1021056 total
[2024-02-10T00:35:45.991+0000][7][gc,age      ] GC(134) - age   6:        216 bytes,    1021272 total
[2024-02-10T00:35:45.991+0000][7][gc,age      ] GC(134) - age   7:        184 bytes,    1021456 total
[2024-02-10T00:35:45.991+0000][7][gc,age      ] GC(134) - age   9:         64 bytes,    1021520 total
[2024-02-10T00:35:45.991+0000][7][gc,age      ] GC(134) - age  10:     149056 bytes,    1170576 total
[2024-02-10T00:35:45.991+0000][7][gc,age      ] GC(134) - age  11:        184 bytes,    1170760 total
[2024-02-10T00:35:45.991+0000][7][gc,age      ] GC(134) - age  13:     319072 bytes,    1489832 total
[2024-02-10T00:35:45.991+0000][7][gc,heap     ] GC(134) Eden regions: 152->0(152)
[2024-02-10T00:35:45.991+0000][7][gc,heap     ] GC(134) Survivor regions: 1->1(20)
[2024-02-10T00:35:45.991+0000][7][gc,heap     ] GC(134) Old regions: 23->23
[2024-02-10T00:35:45.991+0000][7][gc,heap     ] GC(134) Archive regions: 2->2
[2024-02-10T00:35:45.991+0000][7][gc,heap     ] GC(134) Humongous regions: 0->0
[2024-02-10T00:35:45.992+0000][7][gc,metaspace] GC(134) Metaspace: 129322K(133056K)->129322K(133056K) NonClass: 112345K(114304K)->112345K(114304K) Class: 16977K(18752K)->16977K(18752K)
[2024-02-10T00:35:45.992+0000][7][gc          ] GC(134) Pause Young (Normal) (G1 Evacuation Pause) 704M->96M(1024M) 2.944ms
[2024-02-10T00:35:45.992+0000][7][gc,cpu      ] GC(134) User=0.01s Sys=0.00s Real=0.00s
[2024-02-10T00:35:45.992+0000][7][safepoint   ] Safepoint "G1CollectForAllocation", Time since last: 4617003691 ns, Reaching safepoint: 69533 ns, At safepoint: 3040287 ns, Total: 3109820 ns
[2024-02-10T00:35:48.992+0000][7][safepoint   ] Safepoint "Cleanup", Time since last: 3000256044 ns, Reaching safepoint: 102366 ns, At safepoint: 11935 ns, Total: 114301 ns
[2024-02-10T00:37:23.005+0000][7][safepoint   ] Safepoint "Cleanup", Time since last: 94012793032 ns, Reaching safepoint: 73442 ns, At safepoint: 36462 ns, Total: 109904 ns
[2024-02-10T00:39:07.018+0000][7][safepoint   ] Safepoint "Cleanup", Time since last: 104013504232 ns, Reaching safepoint: 110003 ns, At safepoint: 16314 ns, Total: 126317 ns
[2024-02-10T00:39:09.391+0000][7][gc,start    ] GC(135) Pause Young (Normal) (G1 Evacuation Pause)
[2024-02-10T00:39:09.391+0000][7][gc,task     ] GC(135) Using 8 workers of 8 for evacuation
[2024-02-10T00:39:09.391+0000][7][gc,age      ] GC(135) Desired survivor size 41943040 bytes, new threshold 15 (max threshold 15)
[2024-02-10T00:39:09.394+0000][7][gc,phases   ] GC(135)   Pre Evacuate Collection Set: 0.1ms
[2024-02-10T00:39:09.394+0000][7][gc,phases   ] GC(135)   Merge Heap Roots: 0.1ms
[2024-02-10T00:39:09.394+0000][7][gc,phases   ] GC(135)   Evacuate Collection Set: 1.5ms
[2024-02-10T00:39:09.394+0000][7][gc,phases   ] GC(135)   Post Evacuate Collection Set: 0.8ms
[2024-02-10T00:39:09.394+0000][7][gc,phases   ] GC(135)   Other: 0.1ms
[2024-02-10T00:39:09.394+0000][7][gc,age      ] GC(135) Age table with threshold 15 (max threshold 15)
[2024-02-10T00:39:09.394+0000][7][gc,age      ] GC(135) - age   1:     892656 bytes,     892656 total
[2024-02-10T00:39:09.394+0000][7][gc,age      ] GC(135) - age   2:       2912 bytes,     895568 total
[2024-02-10T00:39:09.394+0000][7][gc,age      ] GC(135) - age   3:     120472 bytes,    1016040 total
[2024-02-10T00:39:09.394+0000][7][gc,age      ] GC(135) - age   4:         32 bytes,    1016072 total
[2024-02-10T00:39:09.394+0000][7][gc,age      ] GC(135) - age   5:        568 bytes,    1016640 total
[2024-02-10T00:39:09.394+0000][7][gc,age      ] GC(135) - age   7:        184 bytes,    1016824 total
[2024-02-10T00:39:09.394+0000][7][gc,age      ] GC(135) - age   8:        184 bytes,    1017008 total
[2024-02-10T00:39:09.394+0000][7][gc,age      ] GC(135) - age  10:         64 bytes,    1017072 total
[2024-02-10T00:39:09.394+0000][7][gc,age      ] GC(135) - age  11:     149056 bytes,    1166128 total
[2024-02-10T00:39:09.394+0000][7][gc,age      ] GC(135) - age  12:        184 bytes,    1166312 total
[2024-02-10T00:39:09.394+0000][7][gc,age      ] GC(135) - age  14:     319072 bytes,    1485384 total
[2024-02-10T00:39:09.394+0000][7][gc,heap     ] GC(135) Eden regions: 152->0(152)
[2024-02-10T00:39:09.394+0000][7][gc,heap     ] GC(135) Survivor regions: 1->1(20)
[2024-02-10T00:39:09.394+0000][7][gc,heap     ] GC(135) Old regions: 23->23
[2024-02-10T00:39:09.394+0000][7][gc,heap     ] GC(135) Archive regions: 2->2
[2024-02-10T00:39:09.394+0000][7][gc,heap     ] GC(135) Humongous regions: 0->0
[2024-02-10T00:39:09.394+0000][7][gc,metaspace] GC(135) Metaspace: 129324K(133056K)->129324K(133056K) NonClass: 112346K(114304K)->112346K(114304K) Class: 16977K(18752K)->16977K(18752K)
[2024-02-10T00:39:09.394+0000][7][gc          ] GC(135) Pause Young (Normal) (G1 Evacuation Pause) 704M->96M(1024M) 2.866ms
[2024-02-10T00:39:09.394+0000][7][gc,cpu      ] GC(135) User=0.02s Sys=0.00s Real=0.00s
[2024-02-10T00:39:09.394+0000][7][safepoint   ] Safepoint "G1CollectForAllocation", Time since last: 2372696427 ns, Reaching safepoint: 80218 ns, At safepoint: 2961351 ns, Total: 3041569 ns
[2024-02-10T00:39:17.453+0000][7][safepoint   ] Safepoint "Cleanup", Time since last: 8058553289 ns, Reaching safepoint: 95232 ns, At safepoint: 7618 ns, Total: 102850 ns
[2024-02-10T00:40:16.460+0000][7][safepoint   ] Safepoint "Cleanup", Time since last: 59006997396 ns, Reaching safepoint: 78616 ns, At safepoint: 7727 ns, Total: 86343 ns
[2024-02-10T00:42:25.476+0000][7][safepoint   ] Safepoint "Cleanup", Time since last: 129015532725 ns, Reaching safepoint: 81784 ns, At safepoint: 43834 ns, Total: 125618 ns
[2024-02-10T00:42:30.538+0000][7][gc,start    ] GC(136) Pause Young (Normal) (G1 Evacuation Pause)
[2024-02-10T00:42:30.538+0000][7][gc,task     ] GC(136) Using 8 workers of 8 for evacuation
[2024-02-10T00:42:30.538+0000][7][gc,age      ] GC(136) Desired survivor size 41943040 bytes, new threshold 15 (max threshold 15)
[2024-02-10T00:42:30.541+0000][7][gc,phases   ] GC(136)   Pre Evacuate Collection Set: 0.1ms
[2024-02-10T00:42:30.541+0000][7][gc,phases   ] GC(136)   Merge Heap Roots: 0.1ms
[2024-02-10T00:42:30.541+0000][7][gc,phases   ] GC(136)   Evacuate Collection Set: 1.8ms
[2024-02-10T00:42:30.541+0000][7][gc,phases   ] GC(136)   Post Evacuate Collection Set: 0.9ms
[2024-02-10T00:42:30.541+0000][7][gc,phases   ] GC(136)   Other: 0.1ms
[2024-02-10T00:42:30.541+0000][7][gc,age      ] GC(136) Age table with threshold 15 (max threshold 15)
[2024-02-10T00:42:30.541+0000][7][gc,age      ] GC(136) - age   1:    1215688 bytes,    1215688 total
[2024-02-10T00:42:30.541+0000][7][gc,age      ] GC(136) - age   2:     205296 bytes,    1420984 total
[2024-02-10T00:42:30.541+0000][7][gc,age      ] GC(136) - age   3:        792 bytes,    1421776 total
[2024-02-10T00:42:30.541+0000][7][gc,age      ] GC(136) - age   4:     116512 bytes,    1538288 total
[2024-02-10T00:42:30.541+0000][7][gc,age      ] GC(136) - age   5:         32 bytes,    1538320 total
[2024-02-10T00:42:30.541+0000][7][gc,age      ] GC(136) - age   6:        568 bytes,    1538888 total
[2024-02-10T00:42:30.541+0000][7][gc,age      ] GC(136) - age   9:        184 bytes,    1539072 total
[2024-02-10T00:42:30.541+0000][7][gc,age      ] GC(136) - age  11:         64 bytes,    1539136 total
[2024-02-10T00:42:30.541+0000][7][gc,age      ] GC(136) - age  12:     149056 bytes,    1688192 total
[2024-02-10T00:42:30.541+0000][7][gc,age      ] GC(136) - age  13:        184 bytes,    1688376 total
[2024-02-10T00:42:30.541+0000][7][gc,age      ] GC(136) - age  15:     319072 bytes,    2007448 total
[2024-02-10T00:42:30.541+0000][7][gc,heap     ] GC(136) Eden regions: 152->0(152)
[2024-02-10T00:42:30.541+0000][7][gc,heap     ] GC(136) Survivor regions: 1->1(20)
[2024-02-10T00:42:30.541+0000][7][gc,heap     ] GC(136) Old regions: 23->23
[2024-02-10T00:42:30.541+0000][7][gc,heap     ] GC(136) Archive regions: 2->2
[2024-02-10T00:42:30.541+0000][7][gc,heap     ] GC(136) Humongous regions: 0->0
[2024-02-10T00:42:30.541+0000][7][gc,metaspace] GC(136) Metaspace: 129325K(133056K)->129325K(133056K) NonClass: 112348K(114304K)->112348K(114304K) Class: 16977K(18752K)->16977K(18752K)
[2024-02-10T00:42:30.541+0000][7][gc          ] GC(136) Pause Young (Normal) (G1 Evacuation Pause) 704M->96M(1024M) 3.411ms
[2024-02-10T00:42:30.541+0000][7][gc,cpu      ] GC(136) User=0.02s Sys=0.00s Real=0.00s
[2024-02-10T00:42:30.541+0000][7][safepoint   ] Safepoint "G1CollectForAllocation", Time since last: 5062052348 ns, Reaching safepoint: 138772 ns, At safepoint: 3543608 ns, Total: 3682380 ns
[2024-02-10T00:44:27.554+0000][7][safepoint   ] Safepoint "Cleanup", Time since last: 117012959708 ns, Reaching safepoint: 60972 ns, At safepoint: 8766 ns, Total: 69738 ns
[2024-02-10T00:44:30.555+0000][7][safepoint   ] Safepoint "Cleanup", Time since last: 3000314993 ns, Reaching safepoint: 75707 ns, At safepoint: 11302 ns, Total: 87009 ns
[2024-02-10T00:44:43.556+0000][7][safepoint   ] Safepoint "Cleanup", Time since last: 13001199798 ns, Reaching safepoint: 49595 ns, At safepoint: 22298 ns, Total: 71893 ns
[2024-02-10T00:45:07.230+0000][7][gc,start    ] GC(137) Pause Young (Normal) (G1 Evacuation Pause)
[2024-02-10T00:45:07.230+0000][7][gc,task     ] GC(137) Using 8 workers of 8 for evacuation
[2024-02-10T00:45:07.230+0000][7][gc,age      ] GC(137) Desired survivor size 41943040 bytes, new threshold 15 (max threshold 15)
[2024-02-10T00:45:07.233+0000][7][gc,phases   ] GC(137)   Pre Evacuate Collection Set: 0.1ms
[2024-02-10T00:45:07.233+0000][7][gc,phases   ] GC(137)   Merge Heap Roots: 0.1ms
[2024-02-10T00:45:07.233+0000][7][gc,phases   ] GC(137)   Evacuate Collection Set: 1.5ms
[2024-02-10T00:45:07.233+0000][7][gc,phases   ] GC(137)   Post Evacuate Collection Set: 1.0ms
[2024-02-10T00:45:07.233+0000][7][gc,phases   ] GC(137)   Other: 0.1ms
[2024-02-10T00:45:07.233+0000][7][gc,age      ] GC(137) Age table with threshold 15 (max threshold 15)
[2024-02-10T00:45:07.233+0000][7][gc,age      ] GC(137) - age   1:     776160 bytes,     776160 total
[2024-02-10T00:45:07.233+0000][7][gc,age      ] GC(137) - age   2:      24608 bytes,     800768 total
[2024-02-10T00:45:07.233+0000][7][gc,age      ] GC(137) - age   3:     203920 bytes,    1004688 total
[2024-02-10T00:45:07.233+0000][7][gc,age      ] GC(137) - age   4:        728 bytes,    1005416 total
[2024-02-10T00:45:07.233+0000][7][gc,age      ] GC(137) - age   5:     116512 bytes,    1121928 total
[2024-02-10T00:45:07.233+0000][7][gc,age      ] GC(137) - age   6:         32 bytes,    1121960 total
[2024-02-10T00:45:07.233+0000][7][gc,age      ] GC(137) - age   7:        184 bytes,    1122144 total
[2024-02-10T00:45:07.233+0000][7][gc,age      ] GC(137) - age  10:        184 bytes,    1122328 total
[2024-02-10T00:45:07.233+0000][7][gc,age      ] GC(137) - age  12:         64 bytes,    1122392 total
[2024-02-10T00:45:07.233+0000][7][gc,age      ] GC(137) - age  13:     149056 bytes,    1271448 total
[2024-02-10T00:45:07.233+0000][7][gc,age      ] GC(137) - age  14:        184 bytes,    1271632 total
[2024-02-10T00:45:07.233+0000][7][gc,heap     ] GC(137) Eden regions: 152->0(152)
[2024-02-10T00:45:07.233+0000][7][gc,heap     ] GC(137) Survivor regions: 1->1(20)
[2024-02-10T00:45:07.233+0000][7][gc,heap     ] GC(137) Old regions: 23->23
[2024-02-10T00:45:07.233+0000][7][gc,heap     ] GC(137) Archive regions: 2->2
[2024-02-10T00:45:07.233+0000][7][gc,heap     ] GC(137) Humongous regions: 0->0
[2024-02-10T00:45:07.233+0000][7][gc,metaspace] GC(137) Metaspace: 129330K(133056K)->129330K(133056K) NonClass: 112353K(114304K)->112353K(114304K) Class: 16977K(18752K)->16977K(18752K)
[2024-02-10T00:45:07.233+0000][7][gc          ] GC(137) Pause Young (Normal) (G1 Evacuation Pause) 704M->96M(1024M) 3.058ms
[2024-02-10T00:45:07.233+0000][7][gc,cpu      ] GC(137) User=0.01s Sys=0.01s Real=0.00s
[2024-02-10T00:45:07.233+0000][7][safepoint   ] Safepoint "G1CollectForAllocation", Time since last: 23673815343 ns, Reaching safepoint: 116731 ns, At safepoint: 3195695 ns, Total: 3312426 ns
[2024-02-10T00:47:31.249+0000][7][safepoint   ] Safepoint "Cleanup", Time since last: 144016127765 ns, Reaching safepoint: 104572 ns, At safepoint: 7139 ns, Total: 111711 ns
[2024-02-10T00:47:45.410+0000][7][gc,start    ] GC(138) Pause Young (Normal) (G1 Evacuation Pause)
[2024-02-10T00:47:45.410+0000][7][gc,task     ] GC(138) Using 8 workers of 8 for evacuation
[2024-02-10T00:47:45.410+0000][7][gc,age      ] GC(138) Desired survivor size 41943040 bytes, new threshold 15 (max threshold 15)
[2024-02-10T00:47:45.412+0000][7][gc,phases   ] GC(138)   Pre Evacuate Collection Set: 0.1ms
[2024-02-10T00:47:45.412+0000][7][gc,phases   ] GC(138)   Merge Heap Roots: 0.1ms
[2024-02-10T00:47:45.412+0000][7][gc,phases   ] GC(138)   Evacuate Collection Set: 1.1ms
[2024-02-10T00:47:45.412+0000][7][gc,phases   ] GC(138)   Post Evacuate Collection Set: 0.8ms
[2024-02-10T00:47:45.412+0000][7][gc,phases   ] GC(138)   Other: 0.1ms
[2024-02-10T00:47:45.412+0000][7][gc,age      ] GC(138) Age table with threshold 15 (max threshold 15)
[2024-02-10T00:47:45.412+0000][7][gc,age      ] GC(138) - age   1:    1048408 bytes,    1048408 total
[2024-02-10T00:47:45.412+0000][7][gc,age      ] GC(138) - age   2:       1672 bytes,    1050080 total
[2024-02-10T00:47:45.412+0000][7][gc,age      ] GC(138) - age   3:      21024 bytes,    1071104 total
[2024-02-10T00:47:45.412+0000][7][gc,age      ] GC(138) - age   4:     203000 bytes,    1274104 total
[2024-02-10T00:47:45.412+0000][7][gc,age      ] GC(138) - age   5:        728 bytes,    1274832 total
[2024-02-10T00:47:45.412+0000][7][gc,age      ] GC(138) - age   6:     115368 bytes,    1390200 total
[2024-02-10T00:47:45.412+0000][7][gc,age      ] GC(138) - age   8:        184 bytes,    1390384 total
[2024-02-10T00:47:45.412+0000][7][gc,age      ] GC(138) - age  11:        184 bytes,    1390568 total
[2024-02-10T00:47:45.412+0000][7][gc,age      ] GC(138) - age  13:         64 bytes,    1390632 total
[2024-02-10T00:47:45.412+0000][7][gc,age      ] GC(138) - age  14:     149056 bytes,    1539688 total
[2024-02-10T00:47:45.412+0000][7][gc,heap     ] GC(138) Eden regions: 152->0(152)
[2024-02-10T00:47:45.412+0000][7][gc,heap     ] GC(138) Survivor regions: 1->1(20)
[2024-02-10T00:47:45.412+0000][7][gc,heap     ] GC(138) Old regions: 23->23
[2024-02-10T00:47:45.412+0000][7][gc,heap     ] GC(138) Archive regions: 2->2
[2024-02-10T00:47:45.412+0000][7][gc,heap     ] GC(138) Humongous regions: 0->0
[2024-02-10T00:47:45.412+0000][7][gc,metaspace] GC(138) Metaspace: 129338K(133056K)->129338K(133056K) NonClass: 112361K(114304K)->112361K(114304K) Class: 16977K(18752K)->16977K(18752K)
[2024-02-10T00:47:45.412+0000][7][gc          ] GC(138) Pause Young (Normal) (G1 Evacuation Pause) 704M->96M(1024M) 2.288ms
[2024-02-10T00:47:45.412+0000][7][gc,cpu      ] GC(138) User=0.01s Sys=0.00s Real=0.00s
[2024-02-10T00:47:45.412+0000][7][safepoint   ] Safepoint "G1CollectForAllocation", Time since last: 14160288844 ns, Reaching safepoint: 56549 ns, At safepoint: 2355799 ns, Total: 2412348 ns
[2024-02-10T00:49:27.424+0000][7][safepoint   ] Safepoint "Cleanup", Time since last: 102011811735 ns, Reaching safepoint: 158611 ns, At safepoint: 14816 ns, Total: 173427 ns
[2024-02-10T00:49:31.425+0000][7][safepoint   ] Safepoint "Cleanup", Time since last: 4000480862 ns, Reaching safepoint: 108696 ns, At safepoint: 18037 ns, Total: 126733 ns
[2024-02-10T00:50:24.425+0000][7][gc,start    ] GC(139) Pause Young (Normal) (G1 Evacuation Pause)
[2024-02-10T00:50:24.425+0000][7][gc,task     ] GC(139) Using 8 workers of 8 for evacuation
[2024-02-10T00:50:24.425+0000][7][gc,age      ] GC(139) Desired survivor size 41943040 bytes, new threshold 15 (max threshold 15)
[2024-02-10T00:50:24.427+0000][7][gc,phases   ] GC(139)   Pre Evacuate Collection Set: 0.1ms
[2024-02-10T00:50:24.427+0000][7][gc,phases   ] GC(139)   Merge Heap Roots: 0.1ms
[2024-02-10T00:50:24.427+0000][7][gc,phases   ] GC(139)   Evacuate Collection Set: 1.2ms
[2024-02-10T00:50:24.427+0000][7][gc,phases   ] GC(139)   Post Evacuate Collection Set: 0.7ms
[2024-02-10T00:50:24.427+0000][7][gc,phases   ] GC(139)   Other: 0.1ms
[2024-02-10T00:50:24.428+0000][7][gc,age      ] GC(139) Age table with threshold 15 (max threshold 15)
[2024-02-10T00:50:24.428+0000][7][gc,age      ] GC(139) - age   1:     963512 bytes,     963512 total
[2024-02-10T00:50:24.428+0000][7][gc,age      ] GC(139) - age   2:      14768 bytes,     978280 total
[2024-02-10T00:50:24.428+0000][7][gc,age      ] GC(139) - age   3:        712 bytes,     978992 total
[2024-02-10T00:50:24.428+0000][7][gc,age      ] GC(139) - age   4:      16896 bytes,     995888 total
[2024-02-10T00:50:24.428+0000][7][gc,age      ] GC(139) - age   5:     194984 bytes,    1190872 total
[2024-02-10T00:50:24.428+0000][7][gc,age      ] GC(139) - age   6:        728 bytes,    1191600 total
[2024-02-10T00:50:24.428+0000][7][gc,age      ] GC(139) - age   7:     115368 bytes,    1306968 total
[2024-02-10T00:50:24.428+0000][7][gc,age      ] GC(139) - age   9:        184 bytes,    1307152 total
[2024-02-10T00:50:24.428+0000][7][gc,age      ] GC(139) - age  14:         64 bytes,    1307216 total
[2024-02-10T00:50:24.428+0000][7][gc,age      ] GC(139) - age  15:     149056 bytes,    1456272 total
[2024-02-10T00:50:24.428+0000][7][gc,heap     ] GC(139) Eden regions: 152->0(152)
[2024-02-10T00:50:24.428+0000][7][gc,heap     ] GC(139) Survivor regions: 1->1(20)
[2024-02-10T00:50:24.428+0000][7][gc,heap     ] GC(139) Old regions: 23->23
[2024-02-10T00:50:24.428+0000][7][gc,heap     ] GC(139) Archive regions: 2->2
[2024-02-10T00:50:24.428+0000][7][gc,heap     ] GC(139) Humongous regions: 0->0
[2024-02-10T00:50:24.428+0000][7][gc,metaspace] GC(139) Metaspace: 129338K(133056K)->129338K(133056K) NonClass: 112361K(114304K)->112361K(114304K) Class: 16977K(18752K)->16977K(18752K)
[2024-02-10T00:50:24.428+0000][7][gc          ] GC(139) Pause Young (Normal) (G1 Evacuation Pause) 704M->96M(1024M) 2.374ms
[2024-02-10T00:50:24.428+0000][7][gc,cpu      ] GC(139) User=0.01s Sys=0.00s Real=0.00s
[2024-02-10T00:50:24.428+0000][7][safepoint   ] Safepoint "G1CollectForAllocation", Time since last: 53000438883 ns, Reaching safepoint: 63625 ns, At safepoint: 2465629 ns, Total: 2529254 ns
[2024-02-10T00:51:07.433+0000][7][safepoint   ] Safepoint "Cleanup", Time since last: 43004916175 ns, Reaching safepoint: 78616 ns, At safepoint: 49219 ns, Total: 127835 ns
[2024-02-10T00:52:01.440+0000][7][safepoint   ] Safepoint "Cleanup", Time since last: 54007362126 ns, Reaching safepoint: 95639 ns, At safepoint: 44936 ns, Total: 140575 ns
[2024-02-10T00:53:00.416+0000][7][gc,start    ] GC(140) Pause Young (Normal) (G1 Evacuation Pause)
[2024-02-10T00:53:00.416+0000][7][gc,task     ] GC(140) Using 8 workers of 8 for evacuation
[2024-02-10T00:53:00.416+0000][7][gc,age      ] GC(140) Desired survivor size 41943040 bytes, new threshold 15 (max threshold 15)
[2024-02-10T00:53:00.419+0000][7][gc,phases   ] GC(140)   Pre Evacuate Collection Set: 0.1ms
[2024-02-10T00:53:00.419+0000][7][gc,phases   ] GC(140)   Merge Heap Roots: 0.1ms
[2024-02-10T00:53:00.419+0000][7][gc,phases   ] GC(140)   Evacuate Collection Set: 1.5ms
[2024-02-10T00:53:00.419+0000][7][gc,phases   ] GC(140)   Post Evacuate Collection Set: 0.7ms
[2024-02-10T00:53:00.419+0000][7][gc,phases   ] GC(140)   Other: 0.1ms
[2024-02-10T00:53:00.419+0000][7][gc,age      ] GC(140) Age table with threshold 15 (max threshold 15)
[2024-02-10T00:53:00.419+0000][7][gc,age      ] GC(140) - age   1:    1078072 bytes,    1078072 total
[2024-02-10T00:53:00.419+0000][7][gc,age      ] GC(140) - age   2:       5528 bytes,    1083600 total
[2024-02-10T00:53:00.419+0000][7][gc,age      ] GC(140) - age   3:      12616 bytes,    1096216 total
[2024-02-10T00:53:00.419+0000][7][gc,age      ] GC(140) - age   4:        648 bytes,    1096864 total
[2024-02-10T00:53:00.419+0000][7][gc,age      ] GC(140) - age   5:      16832 bytes,    1113696 total
[2024-02-10T00:53:00.419+0000][7][gc,age      ] GC(140) - age   6:     194984 bytes,    1308680 total
[2024-02-10T00:53:00.419+0000][7][gc,age      ] GC(140) - age   7:        728 bytes,    1309408 total
[2024-02-10T00:53:00.419+0000][7][gc,age      ] GC(140) - age   8:     115336 bytes,    1424744 total
[2024-02-10T00:53:00.419+0000][7][gc,age      ] GC(140) - age  10:        184 bytes,    1424928 total
[2024-02-10T00:53:00.419+0000][7][gc,age      ] GC(140) - age  15:         64 bytes,    1424992 total
[2024-02-10T00:53:00.419+0000][7][gc,heap     ] GC(140) Eden regions: 152->0(152)
[2024-02-10T00:53:00.419+0000][7][gc,heap     ] GC(140) Survivor regions: 1->1(20)
[2024-02-10T00:53:00.419+0000][7][gc,heap     ] GC(140) Old regions: 23->23
[2024-02-10T00:53:00.419+0000][7][gc,heap     ] GC(140) Archive regions: 2->2
[2024-02-10T00:53:00.419+0000][7][gc,heap     ] GC(140) Humongous regions: 0->0
[2024-02-10T00:53:00.419+0000][7][gc,metaspace] GC(140) Metaspace: 129365K(133120K)->129365K(133120K) NonClass: 112388K(114368K)->112388K(114368K) Class: 16977K(18752K)->16977K(18752K)
[2024-02-10T00:53:00.419+0000][7][gc          ] GC(140) Pause Young (Normal) (G1 Evacuation Pause) 704M->96M(1024M) 2.770ms
[2024-02-10T00:53:00.419+0000][7][gc,cpu      ] GC(140) User=0.02s Sys=0.00s Real=0.01s
[2024-02-10T00:53:00.419+0000][7][safepoint   ] Safepoint "G1CollectForAllocation", Time since last: 58975624693 ns, Reaching safepoint: 48025 ns, At safepoint: 2859162 ns, Total: 2907187 ns
[2024-02-10T00:53:31.422+0000][7][safepoint   ] Safepoint "Cleanup", Time since last: 31003034385 ns, Reaching safepoint: 105888 ns, At safepoint: 8589 ns, Total: 114477 ns
[2024-02-10T00:54:31.429+0000][7][safepoint   ] Safepoint "Cleanup", Time since last: 60006651305 ns, Reaching safepoint: 58868 ns, At safepoint: 3754 ns, Total: 62622 ns
[2024-02-10T00:55:31.436+0000][7][safepoint   ] Safepoint "Cleanup", Time since last: 60007330470 ns, Reaching safepoint: 141926 ns, At safepoint: 8105 ns, Total: 150031 ns
[2024-02-10T00:55:33.403+0000][7][gc,start    ] GC(141) Pause Young (Normal) (G1 Evacuation Pause)
[2024-02-10T00:55:33.403+0000][7][gc,task     ] GC(141) Using 8 workers of 8 for evacuation
[2024-02-10T00:55:33.403+0000][7][gc,age      ] GC(141) Desired survivor size 41943040 bytes, new threshold 15 (max threshold 15)
[2024-02-10T00:55:33.406+0000][7][gc,phases   ] GC(141)   Pre Evacuate Collection Set: 0.1ms
[2024-02-10T00:55:33.406+0000][7][gc,phases   ] GC(141)   Merge Heap Roots: 0.1ms
[2024-02-10T00:55:33.406+0000][7][gc,phases   ] GC(141)   Evacuate Collection Set: 1.5ms
[2024-02-10T00:55:33.406+0000][7][gc,phases   ] GC(141)   Post Evacuate Collection Set: 1.1ms
[2024-02-10T00:55:33.406+0000][7][gc,phases   ] GC(141)   Other: 0.1ms
[2024-02-10T00:55:33.406+0000][7][gc,age      ] GC(141) Age table with threshold 15 (max threshold 15)
[2024-02-10T00:55:33.406+0000][7][gc,age      ] GC(141) - age   1:     952880 bytes,     952880 total
[2024-02-10T00:55:33.406+0000][7][gc,age      ] GC(141) - age   2:       1720 bytes,     954600 total
[2024-02-10T00:55:33.406+0000][7][gc,age      ] GC(141) - age   3:       3640 bytes,     958240 total
[2024-02-10T00:55:33.406+0000][7][gc,age      ] GC(141) - age   4:      11488 bytes,     969728 total
[2024-02-10T00:55:33.406+0000][7][gc,age      ] GC(141) - age   5:        648 bytes,     970376 total
[2024-02-10T00:55:33.406+0000][7][gc,age      ] GC(141) - age   6:      16832 bytes,     987208 total
[2024-02-10T00:55:33.406+0000][7][gc,age      ] GC(141) - age   7:     194984 bytes,    1182192 total
[2024-02-10T00:55:33.406+0000][7][gc,age      ] GC(141) - age   8:        728 bytes,    1182920 total
[2024-02-10T00:55:33.406+0000][7][gc,age      ] GC(141) - age   9:     115336 bytes,    1298256 total
[2024-02-10T00:55:33.406+0000][7][gc,age      ] GC(141) - age  11:        184 bytes,    1298440 total
[2024-02-10T00:55:33.406+0000][7][gc,heap     ] GC(141) Eden regions: 152->0(152)
[2024-02-10T00:55:33.406+0000][7][gc,heap     ] GC(141) Survivor regions: 1->1(20)
[2024-02-10T00:55:33.406+0000][7][gc,heap     ] GC(141) Old regions: 23->23
[2024-02-10T00:55:33.406+0000][7][gc,heap     ] GC(141) Archive regions: 2->2
[2024-02-10T00:55:33.406+0000][7][gc,heap     ] GC(141) Humongous regions: 0->0
[2024-02-10T00:55:33.406+0000][7][gc,metaspace] GC(141) Metaspace: 129373K(133120K)->129373K(133120K) NonClass: 112396K(114368K)->112396K(114368K) Class: 16977K(18752K)->16977K(18752K)
[2024-02-10T00:55:33.406+0000][7][gc          ] GC(141) Pause Young (Normal) (G1 Evacuation Pause) 704M->96M(1024M) 3.342ms
[2024-02-10T00:55:33.406+0000][7][gc,cpu      ] GC(141) User=0.02s Sys=0.00s Real=0.00s
[2024-02-10T00:55:33.406+0000][7][safepoint   ] Safepoint "G1CollectForAllocation", Time since last: 1966533774 ns, Reaching safepoint: 66207 ns, At safepoint: 3448888 ns, Total: 3515095 ns
[2024-02-10T00:57:30.419+0000][7][safepoint   ] Safepoint "Cleanup", Time since last: 117013113389 ns, Reaching safepoint: 107298 ns, At safepoint: 6429 ns, Total: 113727 ns
[2024-02-10T00:57:55.422+0000][7][safepoint   ] Safepoint "Cleanup", Time since last: 25002137385 ns, Reaching safepoint: 61894 ns, At safepoint: 38334 ns, Total: 100228 ns
[2024-02-10T00:58:12.430+0000][7][gc,start    ] GC(142) Pause Young (Normal) (G1 Evacuation Pause)
[2024-02-10T00:58:12.430+0000][7][gc,task     ] GC(142) Using 8 workers of 8 for evacuation
[2024-02-10T00:58:12.430+0000][7][gc,age      ] GC(142) Desired survivor size 41943040 bytes, new threshold 15 (max threshold 15)
[2024-02-10T00:58:12.434+0000][7][gc,phases   ] GC(142)   Pre Evacuate Collection Set: 0.1ms
[2024-02-10T00:58:12.434+0000][7][gc,phases   ] GC(142)   Merge Heap Roots: 0.1ms
[2024-02-10T00:58:12.434+0000][7][gc,phases   ] GC(142)   Evacuate Collection Set: 1.8ms
[2024-02-10T00:58:12.434+0000][7][gc,phases   ] GC(142)   Post Evacuate Collection Set: 1.1ms
[2024-02-10T00:58:12.434+0000][7][gc,phases   ] GC(142)   Other: 0.1ms
[2024-02-10T00:58:12.434+0000][7][gc,age      ] GC(142) Age table with threshold 15 (max threshold 15)
[2024-02-10T00:58:12.434+0000][7][gc,age      ] GC(142) - age   1:    1186184 bytes,    1186184 total
[2024-02-10T00:58:12.434+0000][7][gc,age      ] GC(142) - age   2:      10992 bytes,    1197176 total
[2024-02-10T00:58:12.434+0000][7][gc,age      ] GC(142) - age   3:        536 bytes,    1197712 total
[2024-02-10T00:58:12.434+0000][7][gc,age      ] GC(142) - age   4:       3640 bytes,    1201352 total
[2024-02-10T00:58:12.434+0000][7][gc,age      ] GC(142) - age   5:      10648 bytes,    1212000 total
[2024-02-10T00:58:12.434+0000][7][gc,age      ] GC(142) - age   6:        400 bytes,    1212400 total
[2024-02-10T00:58:12.434+0000][7][gc,age      ] GC(142) - age   7:      16832 bytes,    1229232 total
[2024-02-10T00:58:12.434+0000][7][gc,age      ] GC(142) - age   8:     194952 bytes,    1424184 total
[2024-02-10T00:58:12.434+0000][7][gc,age      ] GC(142) - age   9:        728 bytes,    1424912 total
[2024-02-10T00:58:12.434+0000][7][gc,age      ] GC(142) - age  10:     115336 bytes,    1540248 total
[2024-02-10T00:58:12.434+0000][7][gc,age      ] GC(142) - age  12:        184 bytes,    1540432 total
[2024-02-10T00:58:12.434+0000][7][gc,heap     ] GC(142) Eden regions: 152->0(152)
[2024-02-10T00:58:12.434+0000][7][gc,heap     ] GC(142) Survivor regions: 1->1(20)
[2024-02-10T00:58:12.434+0000][7][gc,heap     ] GC(142) Old regions: 23->23
[2024-02-10T00:58:12.434+0000][7][gc,heap     ] GC(142) Archive regions: 2->2
[2024-02-10T00:58:12.434+0000][7][gc,heap     ] GC(142) Humongous regions: 0->0
[2024-02-10T00:58:12.434+0000][7][gc,metaspace] GC(142) Metaspace: 129373K(133120K)->129373K(133120K) NonClass: 112396K(114368K)->112396K(114368K) Class: 16977K(18752K)->16977K(18752K)
[2024-02-10T00:58:12.434+0000][7][gc          ] GC(142) Pause Young (Normal) (G1 Evacuation Pause) 704M->96M(1024M) 3.534ms
[2024-02-10T00:58:12.434+0000][7][gc,cpu      ] GC(142) User=0.02s Sys=0.00s Real=0.00s
[2024-02-10T00:58:12.434+0000][7][safepoint   ] Safepoint "G1CollectForAllocation", Time since last: 17008507651 ns, Reaching safepoint: 82114 ns, At safepoint: 3631385 ns, Total: 3713499 ns
[2024-02-10T00:58:31.436+0000][7][safepoint   ] Safepoint "Cleanup", Time since last: 19002290378 ns, Reaching safepoint: 106646 ns, At safepoint: 12193 ns, Total: 118839 ns
[2024-02-10T00:58:37.437+0000][7][safepoint   ] Safepoint "Cleanup", Time since last: 6000665676 ns, Reaching safepoint: 74687 ns, At safepoint: 39667 ns, Total: 114354 ns
[2024-02-10T00:58:38.437+0000][7][safepoint   ] Safepoint "Cleanup", Time since last: 1000119519 ns, Reaching safepoint: 66969 ns, At safepoint: 10831 ns, Total: 77800 ns
[2024-02-10T01:00:42.468+0000][7][gc,start    ] GC(143) Pause Young (Normal) (G1 Evacuation Pause)
[2024-02-10T01:00:42.468+0000][7][gc,task     ] GC(143) Using 8 workers of 8 for evacuation
[2024-02-10T01:00:42.468+0000][7][gc,age      ] GC(143) Desired survivor size 41943040 bytes, new threshold 15 (max threshold 15)
[2024-02-10T01:00:42.471+0000][7][gc,phases   ] GC(143)   Pre Evacuate Collection Set: 0.1ms
[2024-02-10T01:00:42.471+0000][7][gc,phases   ] GC(143)   Merge Heap Roots: 0.1ms
[2024-02-10T01:00:42.471+0000][7][gc,phases   ] GC(143)   Evacuate Collection Set: 1.4ms
[2024-02-10T01:00:42.471+0000][7][gc,phases   ] GC(143)   Post Evacuate Collection Set: 1.0ms
[2024-02-10T01:00:42.471+0000][7][gc,phases   ] GC(143)   Other: 0.1ms
[2024-02-10T01:00:42.471+0000][7][gc,age      ] GC(143) Age table with threshold 15 (max threshold 15)
[2024-02-10T01:00:42.471+0000][7][gc,age      ] GC(143) - age   1:    1039744 bytes,    1039744 total
[2024-02-10T01:00:42.471+0000][7][gc,age      ] GC(143) - age   2:       3008 bytes,    1042752 total
[2024-02-10T01:00:42.471+0000][7][gc,age      ] GC(143) - age   3:       1448 bytes,    1044200 total
[2024-02-10T01:00:42.471+0000][7][gc,age      ] GC(143) - age   4:        536 bytes,    1044736 total
[2024-02-10T01:00:42.471+0000][7][gc,age      ] GC(143) - age   5:        184 bytes,    1044920 total
[2024-02-10T01:00:42.471+0000][7][gc,age      ] GC(143) - age   6:      10256 bytes,    1055176 total
[2024-02-10T01:00:42.471+0000][7][gc,age      ] GC(143) - age   7:        400 bytes,    1055576 total
[2024-02-10T01:00:42.471+0000][7][gc,age      ] GC(143) - age   8:      16648 bytes,    1072224 total
[2024-02-10T01:00:42.471+0000][7][gc,age      ] GC(143) - age   9:     194952 bytes,    1267176 total
[2024-02-10T01:00:42.471+0000][7][gc,age      ] GC(143) - age  10:        728 bytes,    1267904 total
[2024-02-10T01:00:42.471+0000][7][gc,age      ] GC(143) - age  11:     115336 bytes,    1383240 total
[2024-02-10T01:00:42.471+0000][7][gc,heap     ] GC(143) Eden regions: 152->0(152)
[2024-02-10T01:00:42.471+0000][7][gc,heap     ] GC(143) Survivor regions: 1->1(20)
[2024-02-10T01:00:42.471+0000][7][gc,heap     ] GC(143) Old regions: 23->23
[2024-02-10T01:00:42.471+0000][7][gc,heap     ] GC(143) Archive regions: 2->2
[2024-02-10T01:00:42.471+0000][7][gc,heap     ] GC(143) Humongous regions: 0->0
[2024-02-10T01:00:42.471+0000][7][gc,metaspace] GC(143) Metaspace: 129375K(133120K)->129375K(133120K) NonClass: 112397K(114368K)->112397K(114368K) Class: 16977K(18752K)->16977K(18752K)
[2024-02-10T01:00:42.471+0000][7][gc          ] GC(143) Pause Young (Normal) (G1 Evacuation Pause) 704M->96M(1024M) 3.055ms
[2024-02-10T01:00:42.471+0000][7][gc,cpu      ] GC(143) User=0.01s Sys=0.00s Real=0.01s
[2024-02-10T01:00:42.471+0000][7][safepoint   ] Safepoint "G1CollectForAllocation", Time since last: 124030476051 ns, Reaching safepoint: 80986 ns, At safepoint: 3164518 ns, Total: 3245504 ns
[2024-02-10T01:03:24.435+0000][7][gc,start    ] GC(144) Pause Young (Normal) (G1 Evacuation Pause)
[2024-02-10T01:03:24.435+0000][7][gc,task     ] GC(144) Using 8 workers of 8 for evacuation
[2024-02-10T01:03:24.435+0000][7][gc,age      ] GC(144) Desired survivor size 41943040 bytes, new threshold 15 (max threshold 15)
[2024-02-10T01:03:24.438+0000][7][gc,phases   ] GC(144)   Pre Evacuate Collection Set: 0.1ms
[2024-02-10T01:03:24.438+0000][7][gc,phases   ] GC(144)   Merge Heap Roots: 0.1ms
[2024-02-10T01:03:24.438+0000][7][gc,phases   ] GC(144)   Evacuate Collection Set: 1.3ms
[2024-02-10T01:03:24.438+0000][7][gc,phases   ] GC(144)   Post Evacuate Collection Set: 0.8ms
[2024-02-10T01:03:24.438+0000][7][gc,phases   ] GC(144)   Other: 0.1ms
[2024-02-10T01:03:24.438+0000][7][gc,age      ] GC(144) Age table with threshold 15 (max threshold 15)
[2024-02-10T01:03:24.438+0000][7][gc,age      ] GC(144) - age   1:     897304 bytes,     897304 total
[2024-02-10T01:03:24.438+0000][7][gc,age      ] GC(144) - age   2:       6888 bytes,     904192 total
[2024-02-10T01:03:24.438+0000][7][gc,age      ] GC(144) - age   3:       1600 bytes,     905792 total
[2024-02-10T01:03:24.438+0000][7][gc,age      ] GC(144) - age   4:       1384 bytes,     907176 total
[2024-02-10T01:03:24.438+0000][7][gc,age      ] GC(144) - age   5:        240 bytes,     907416 total
[2024-02-10T01:03:24.438+0000][7][gc,age      ] GC(144) - age   6:        184 bytes,     907600 total
[2024-02-10T01:03:24.438+0000][7][gc,age      ] GC(144) - age   7:      10072 bytes,     917672 total
[2024-02-10T01:03:24.438+0000][7][gc,age      ] GC(144) - age   8:        400 bytes,     918072 total
[2024-02-10T01:03:24.438+0000][7][gc,age      ] GC(144) - age   9:      16648 bytes,     934720 total
[2024-02-10T01:03:24.438+0000][7][gc,age      ] GC(144) - age  10:     194952 bytes,    1129672 total
[2024-02-10T01:03:24.438+0000][7][gc,age      ] GC(144) - age  11:        728 bytes,    1130400 total
[2024-02-10T01:03:24.438+0000][7][gc,age      ] GC(144) - age  12:     115336 bytes,    1245736 total
[2024-02-10T01:03:24.438+0000][7][gc,heap     ] GC(144) Eden regions: 152->0(152)
[2024-02-10T01:03:24.438+0000][7][gc,heap     ] GC(144) Survivor regions: 1->1(20)
[2024-02-10T01:03:24.438+0000][7][gc,heap     ] GC(144) Old regions: 23->23
[2024-02-10T01:03:24.438+0000][7][gc,heap     ] GC(144) Archive regions: 2->2
[2024-02-10T01:03:24.438+0000][7][gc,heap     ] GC(144) Humongous regions: 0->0
[2024-02-10T01:03:24.438+0000][7][gc,metaspace] GC(144) Metaspace: 129375K(133120K)->129375K(133120K) NonClass: 112397K(114368K)->112397K(114368K) Class: 16977K(18752K)->16977K(18752K)
[2024-02-10T01:03:24.438+0000][7][gc          ] GC(144) Pause Young (Normal) (G1 Evacuation Pause) 704M->96M(1024M) 2.834ms
[2024-02-10T01:03:24.438+0000][7][gc,cpu      ] GC(144) User=0.02s Sys=0.00s Real=0.01s
[2024-02-10T01:03:24.438+0000][7][safepoint   ] Safepoint "G1CollectForAllocation", Time since last: 161964276926 ns, Reaching safepoint: 62785 ns, At safepoint: 2944109 ns, Total: 3006894 ns
[2024-02-10T01:04:29.446+0000][7][safepoint   ] Safepoint "Cleanup", Time since last: 65007988606 ns, Reaching safepoint: 109854 ns, At safepoint: 39709 ns, Total: 149563 ns
[2024-02-10T01:05:54.479+0000][7][gc,start    ] GC(145) Pause Young (Normal) (G1 Evacuation Pause)
[2024-02-10T01:05:54.479+0000][7][gc,task     ] GC(145) Using 8 workers of 8 for evacuation
[2024-02-10T01:05:54.479+0000][7][gc,age      ] GC(145) Desired survivor size 41943040 bytes, new threshold 15 (max threshold 15)
[2024-02-10T01:05:54.482+0000][7][gc,phases   ] GC(145)   Pre Evacuate Collection Set: 0.1ms
[2024-02-10T01:05:54.482+0000][7][gc,phases   ] GC(145)   Merge Heap Roots: 0.1ms
[2024-02-10T01:05:54.482+0000][7][gc,phases   ] GC(145)   Evacuate Collection Set: 1.3ms
[2024-02-10T01:05:54.482+0000][7][gc,phases   ] GC(145)   Post Evacuate Collection Set: 0.7ms
[2024-02-10T01:05:54.482+0000][7][gc,phases   ] GC(145)   Other: 0.1ms
[2024-02-10T01:05:54.482+0000][7][gc,age      ] GC(145) Age table with threshold 15 (max threshold 15)
[2024-02-10T01:05:54.482+0000][7][gc,age      ] GC(145) - age   1:    1160936 bytes,    1160936 total
[2024-02-10T01:05:54.482+0000][7][gc,age      ] GC(145) - age   2:       2872 bytes,    1163808 total
[2024-02-10T01:05:54.482+0000][7][gc,age      ] GC(145) - age   3:       5104 bytes,    1168912 total
[2024-02-10T01:05:54.482+0000][7][gc,age      ] GC(145) - age   4:       1248 bytes,    1170160 total
[2024-02-10T01:05:54.482+0000][7][gc,age      ] GC(145) - age   5:       1200 bytes,    1171360 total
[2024-02-10T01:05:54.482+0000][7][gc,age      ] GC(145) - age   6:        176 bytes,    1171536 total
[2024-02-10T01:05:54.482+0000][7][gc,age      ] GC(145) - age   7:        184 bytes,    1171720 total
[2024-02-10T01:05:54.482+0000][7][gc,age      ] GC(145) - age   8:      10072 bytes,    1181792 total
[2024-02-10T01:05:54.482+0000][7][gc,age      ] GC(145) - age   9:         16 bytes,    1181808 total
[2024-02-10T01:05:54.482+0000][7][gc,age      ] GC(145) - age  10:      16648 bytes,    1198456 total
[2024-02-10T01:05:54.482+0000][7][gc,age      ] GC(145) - age  11:     194952 bytes,    1393408 total
[2024-02-10T01:05:54.482+0000][7][gc,age      ] GC(145) - age  12:        728 bytes,    1394136 total
[2024-02-10T01:05:54.482+0000][7][gc,age      ] GC(145) - age  13:     115336 bytes,    1509472 total
[2024-02-10T01:05:54.482+0000][7][gc,heap     ] GC(145) Eden regions: 152->0(152)
[2024-02-10T01:05:54.482+0000][7][gc,heap     ] GC(145) Survivor regions: 1->1(20)
[2024-02-10T01:05:54.482+0000][7][gc,heap     ] GC(145) Old regions: 23->23
[2024-02-10T01:05:54.482+0000][7][gc,heap     ] GC(145) Archive regions: 2->2
[2024-02-10T01:05:54.482+0000][7][gc,heap     ] GC(145) Humongous regions: 0->0
[2024-02-10T01:05:54.482+0000][7][gc,metaspace] GC(145) Metaspace: 129375K(133120K)->129375K(133120K) NonClass: 112397K(114368K)->112397K(114368K) Class: 16977K(18752K)->16977K(18752K)
[2024-02-10T01:05:54.482+0000][7][gc          ] GC(145) Pause Young (Normal) (G1 Evacuation Pause) 704M->96M(1024M) 2.560ms
[2024-02-10T01:05:54.482+0000][7][gc,cpu      ] GC(145) User=0.01s Sys=0.00s Real=0.00s
[2024-02-10T01:05:54.482+0000][7][safepoint   ] Safepoint "G1CollectForAllocation", Time since last: 85032722252 ns, Reaching safepoint: 34483 ns, At safepoint: 2648766 ns, Total: 2683249 ns
[2024-02-10T01:06:31.486+0000][7][safepoint   ] Safepoint "Cleanup", Time since last: 37004192618 ns, Reaching safepoint: 112796 ns, At safepoint: 7794 ns, Total: 120590 ns
[2024-02-10T01:07:29.493+0000][7][safepoint   ] Safepoint "Cleanup", Time since last: 58006547761 ns, Reaching safepoint: 64302 ns, At safepoint: 19923 ns, Total: 84225 ns
[2024-02-10T01:07:31.493+0000][7][safepoint   ] Safepoint "Cleanup", Time since last: 2000214104 ns, Reaching safepoint: 100507 ns, At safepoint: 9477 ns, Total: 109984 ns
[2024-02-10T01:08:30.537+0000][7][gc,start    ] GC(146) Pause Young (Normal) (G1 Evacuation Pause)
[2024-02-10T01:08:30.537+0000][7][gc,task     ] GC(146) Using 8 workers of 8 for evacuation
[2024-02-10T01:08:30.537+0000][7][gc,age      ] GC(146) Desired survivor size 41943040 bytes, new threshold 15 (max threshold 15)
[2024-02-10T01:08:30.539+0000][7][gc,phases   ] GC(146)   Pre Evacuate Collection Set: 0.1ms
[2024-02-10T01:08:30.539+0000][7][gc,phases   ] GC(146)   Merge Heap Roots: 0.1ms
[2024-02-10T01:08:30.539+0000][7][gc,phases   ] GC(146)   Evacuate Collection Set: 1.1ms
[2024-02-10T01:08:30.539+0000][7][gc,phases   ] GC(146)   Post Evacuate Collection Set: 0.9ms
[2024-02-10T01:08:30.539+0000][7][gc,phases   ] GC(146)   Other: 0.1ms
[2024-02-10T01:08:30.539+0000][7][gc,age      ] GC(146) Age table with threshold 15 (max threshold 15)
[2024-02-10T01:08:30.539+0000][7][gc,age      ] GC(146) - age   1:     496560 bytes,     496560 total
[2024-02-10T01:08:30.539+0000][7][gc,age      ] GC(146) - age   2:       2808 bytes,     499368 total
[2024-02-10T01:08:30.539+0000][7][gc,age      ] GC(146) - age   3:        672 bytes,     500040 total
[2024-02-10T01:08:30.539+0000][7][gc,age      ] GC(146) - age   4:       4536 bytes,     504576 total
[2024-02-10T01:08:30.539+0000][7][gc,age      ] GC(146) - age   5:        344 bytes,     504920 total
[2024-02-10T01:08:30.539+0000][7][gc,age      ] GC(146) - age   6:        840 bytes,     505760 total
[2024-02-10T01:08:30.539+0000][7][gc,age      ] GC(146) - age   7:        176 bytes,     505936 total
[2024-02-10T01:08:30.539+0000][7][gc,age      ] GC(146) - age   9:      10040 bytes,     515976 total
[2024-02-10T01:08:30.539+0000][7][gc,age      ] GC(146) - age  10:         16 bytes,     515992 total
[2024-02-10T01:08:30.539+0000][7][gc,age      ] GC(146) - age  11:      16648 bytes,     532640 total
[2024-02-10T01:08:30.539+0000][7][gc,age      ] GC(146) - age  12:     194952 bytes,     727592 total
[2024-02-10T01:08:30.539+0000][7][gc,age      ] GC(146) - age  13:        728 bytes,     728320 total
[2024-02-10T01:08:30.539+0000][7][gc,age      ] GC(146) - age  14:     115336 bytes,     843656 total
[2024-02-10T01:08:30.539+0000][7][gc,heap     ] GC(146) Eden regions: 152->0(152)
[2024-02-10T01:08:30.539+0000][7][gc,heap     ] GC(146) Survivor regions: 1->1(20)
[2024-02-10T01:08:30.539+0000][7][gc,heap     ] GC(146) Old regions: 23->23
[2024-02-10T01:08:30.539+0000][7][gc,heap     ] GC(146) Archive regions: 2->2
[2024-02-10T01:08:30.539+0000][7][gc,heap     ] GC(146) Humongous regions: 0->0
[2024-02-10T01:08:30.539+0000][7][gc,metaspace] GC(146) Metaspace: 129377K(133120K)->129377K(133120K) NonClass: 112400K(114368K)->112400K(114368K) Class: 16977K(18752K)->16977K(18752K)
[2024-02-10T01:08:30.539+0000][7][gc          ] GC(146) Pause Young (Normal) (G1 Evacuation Pause) 704M->96M(1024M) 2.673ms
[2024-02-10T01:08:30.539+0000][7][gc,cpu      ] GC(146) User=0.01s Sys=0.01s Real=0.00s
[2024-02-10T01:08:30.539+0000][7][safepoint   ] Safepoint "G1CollectForAllocation", Time since last: 59043410818 ns, Reaching safepoint: 80156 ns, At safepoint: 2774709 ns, Total: 2854865 ns
[2024-02-10T01:09:16.546+0000][7][safepoint   ] Safepoint "Cleanup", Time since last: 46006529842 ns, Reaching safepoint: 75098 ns, At safepoint: 9339 ns, Total: 84437 ns
[2024-02-10T01:09:19.547+0000][7][safepoint   ] Safepoint "Cleanup", Time since last: 3000561334 ns, Reaching safepoint: 123930 ns, At safepoint: 8903 ns, Total: 132833 ns
[2024-02-10T01:09:55.553+0000][7][safepoint   ] Safepoint "Cleanup", Time since last: 36006168828 ns, Reaching safepoint: 80680 ns, At safepoint: 46291 ns, Total: 126971 ns
[2024-02-10T01:10:39.558+0000][7][safepoint   ] Safepoint "Cleanup", Time since last: 44004889352 ns, Reaching safepoint: 113128 ns, At safepoint: 22382 ns, Total: 135510 ns
[2024-02-10T01:11:00.772+0000][7][gc,start    ] GC(147) Pause Young (Normal) (G1 Evacuation Pause)
[2024-02-10T01:11:00.772+0000][7][gc,task     ] GC(147) Using 8 workers of 8 for evacuation
[2024-02-10T01:11:00.772+0000][7][gc,age      ] GC(147) Desired survivor size 41943040 bytes, new threshold 15 (max threshold 15)
[2024-02-10T01:11:00.775+0000][7][gc,phases   ] GC(147)   Pre Evacuate Collection Set: 0.1ms
[2024-02-10T01:11:00.775+0000][7][gc,phases   ] GC(147)   Merge Heap Roots: 0.1ms
[2024-02-10T01:11:00.775+0000][7][gc,phases   ] GC(147)   Evacuate Collection Set: 1.3ms
[2024-02-10T01:11:00.775+0000][7][gc,phases   ] GC(147)   Post Evacuate Collection Set: 0.8ms
[2024-02-10T01:11:00.775+0000][7][gc,phases   ] GC(147)   Other: 0.1ms
[2024-02-10T01:11:00.775+0000][7][gc,age      ] GC(147) Age table with threshold 15 (max threshold 15)
[2024-02-10T01:11:00.775+0000][7][gc,age      ] GC(147) - age   1:     739832 bytes,     739832 total
[2024-02-10T01:11:00.775+0000][7][gc,age      ] GC(147) - age   2:      10528 bytes,     750360 total
[2024-02-10T01:11:00.775+0000][7][gc,age      ] GC(147) - age   3:        792 bytes,     751152 total
[2024-02-10T01:11:00.775+0000][7][gc,age      ] GC(147) - age   4:        184 bytes,     751336 total
[2024-02-10T01:11:00.775+0000][7][gc,age      ] GC(147) - age   5:        760 bytes,     752096 total
[2024-02-10T01:11:00.775+0000][7][gc,age      ] GC(147) - age   6:        216 bytes,     752312 total
[2024-02-10T01:11:00.775+0000][7][gc,age      ] GC(147) - age   7:        840 bytes,     753152 total
[2024-02-10T01:11:00.775+0000][7][gc,age      ] GC(147) - age   8:        176 bytes,     753328 total
[2024-02-10T01:11:00.775+0000][7][gc,age      ] GC(147) - age  10:      10040 bytes,     763368 total
[2024-02-10T01:11:00.775+0000][7][gc,age      ] GC(147) - age  11:         16 bytes,     763384 total
[2024-02-10T01:11:00.775+0000][7][gc,age      ] GC(147) - age  12:      16560 bytes,     779944 total
[2024-02-10T01:11:00.775+0000][7][gc,age      ] GC(147) - age  13:     194952 bytes,     974896 total
[2024-02-10T01:11:00.775+0000][7][gc,age      ] GC(147) - age  14:        728 bytes,     975624 total
[2024-02-10T01:11:00.775+0000][7][gc,age      ] GC(147) - age  15:     115336 bytes,    1090960 total
[2024-02-10T01:11:00.775+0000][7][gc,heap     ] GC(147) Eden regions: 152->0(152)
[2024-02-10T01:11:00.775+0000][7][gc,heap     ] GC(147) Survivor regions: 1->1(20)
[2024-02-10T01:11:00.775+0000][7][gc,heap     ] GC(147) Old regions: 23->23
[2024-02-10T01:11:00.775+0000][7][gc,heap     ] GC(147) Archive regions: 2->2
[2024-02-10T01:11:00.775+0000][7][gc,heap     ] GC(147) Humongous regions: 0->0
[2024-02-10T01:11:00.775+0000][7][gc,metaspace] GC(147) Metaspace: 129379K(133120K)->129379K(133120K) NonClass: 112402K(114368K)->112402K(114368K) Class: 16977K(18752K)->16977K(18752K)
[2024-02-10T01:11:00.775+0000][7][gc          ] GC(147) Pause Young (Normal) (G1 Evacuation Pause) 704M->96M(1024M) 2.842ms
[2024-02-10T01:11:00.775+0000][7][gc,cpu      ] GC(147) User=0.02s Sys=0.00s Real=0.00s
[2024-02-10T01:11:00.775+0000][7][safepoint   ] Safepoint "G1CollectForAllocation", Time since last: 21214208486 ns, Reaching safepoint: 98654 ns, At safepoint: 2943908 ns, Total: 3042562 ns
[2024-02-10T01:12:36.791+0000][7][safepoint   ] Safepoint "Cleanup", Time since last: 96015928581 ns, Reaching safepoint: 119328 ns, At safepoint: 13622 ns, Total: 132950 ns
[2024-02-10T01:13:39.491+0000][7][gc,start    ] GC(148) Pause Young (Normal) (G1 Evacuation Pause)
[2024-02-10T01:13:39.491+0000][7][gc,task     ] GC(148) Using 8 workers of 8 for evacuation
[2024-02-10T01:13:39.491+0000][7][gc,age      ] GC(148) Desired survivor size 41943040 bytes, new threshold 15 (max threshold 15)
[2024-02-10T01:13:39.494+0000][7][gc,phases   ] GC(148)   Pre Evacuate Collection Set: 0.1ms
[2024-02-10T01:13:39.494+0000][7][gc,phases   ] GC(148)   Merge Heap Roots: 0.1ms
[2024-02-10T01:13:39.494+0000][7][gc,phases   ] GC(148)   Evacuate Collection Set: 1.2ms
[2024-02-10T01:13:39.494+0000][7][gc,phases   ] GC(148)   Post Evacuate Collection Set: 0.8ms
[2024-02-10T01:13:39.494+0000][7][gc,phases   ] GC(148)   Other: 0.1ms
[2024-02-10T01:13:39.494+0000][7][gc,age      ] GC(148) Age table with threshold 15 (max threshold 15)
[2024-02-10T01:13:39.494+0000][7][gc,age      ] GC(148) - age   1:     649696 bytes,     649696 total
[2024-02-10T01:13:39.494+0000][7][gc,age      ] GC(148) - age   2:     155528 bytes,     805224 total
[2024-02-10T01:13:39.494+0000][7][gc,age      ] GC(148) - age   3:       9232 bytes,     814456 total
[2024-02-10T01:13:39.494+0000][7][gc,age      ] GC(148) - age   4:        536 bytes,     814992 total
[2024-02-10T01:13:39.494+0000][7][gc,age      ] GC(148) - age   5:        184 bytes,     815176 total
[2024-02-10T01:13:39.494+0000][7][gc,age      ] GC(148) - age   6:        760 bytes,     815936 total
[2024-02-10T01:13:39.494+0000][7][gc,age      ] GC(148) - age   7:         32 bytes,     815968 total
[2024-02-10T01:13:39.494+0000][7][gc,age      ] GC(148) - age   8:        840 bytes,     816808 total
[2024-02-10T01:13:39.494+0000][7][gc,age      ] GC(148) - age   9:        176 bytes,     816984 total
[2024-02-10T01:13:39.494+0000][7][gc,age      ] GC(148) - age  11:      10040 bytes,     827024 total
[2024-02-10T01:13:39.494+0000][7][gc,age      ] GC(148) - age  12:         16 bytes,     827040 total
[2024-02-10T01:13:39.494+0000][7][gc,age      ] GC(148) - age  13:      16560 bytes,     843600 total
[2024-02-10T01:13:39.494+0000][7][gc,age      ] GC(148) - age  14:     194952 bytes,    1038552 total
[2024-02-10T01:13:39.494+0000][7][gc,age      ] GC(148) - age  15:        728 bytes,    1039280 total
[2024-02-10T01:13:39.494+0000][7][gc,heap     ] GC(148) Eden regions: 152->0(152)
[2024-02-10T01:13:39.494+0000][7][gc,heap     ] GC(148) Survivor regions: 1->1(20)
[2024-02-10T01:13:39.494+0000][7][gc,heap     ] GC(148) Old regions: 23->23
[2024-02-10T01:13:39.494+0000][7][gc,heap     ] GC(148) Archive regions: 2->2
[2024-02-10T01:13:39.494+0000][7][gc,heap     ] GC(148) Humongous regions: 0->0
[2024-02-10T01:13:39.494+0000][7][gc,metaspace] GC(148) Metaspace: 129379K(133120K)->129379K(133120K) NonClass: 112402K(114368K)->112402K(114368K) Class: 16977K(18752K)->16977K(18752K)
[2024-02-10T01:13:39.494+0000][7][gc          ] GC(148) Pause Young (Normal) (G1 Evacuation Pause) 704M->96M(1024M) 2.601ms
[2024-02-10T01:13:39.494+0000][7][gc,cpu      ] GC(148) User=0.01s Sys=0.00s Real=0.00s
[2024-02-10T01:13:39.494+0000][7][safepoint   ] Safepoint "G1CollectForAllocation", Time since last: 62699802576 ns, Reaching safepoint: 74507 ns, At safepoint: 2697078 ns, Total: 2771585 ns
[2024-02-10T01:16:15.526+0000][7][gc,start    ] GC(149) Pause Young (Normal) (G1 Evacuation Pause)
[2024-02-10T01:16:15.526+0000][7][gc,task     ] GC(149) Using 8 workers of 8 for evacuation
[2024-02-10T01:16:15.526+0000][7][gc,age      ] GC(149) Desired survivor size 41943040 bytes, new threshold 15 (max threshold 15)
[2024-02-10T01:16:15.528+0000][7][gc,phases   ] GC(149)   Pre Evacuate Collection Set: 0.1ms
[2024-02-10T01:16:15.528+0000][7][gc,phases   ] GC(149)   Merge Heap Roots: 0.1ms
[2024-02-10T01:16:15.528+0000][7][gc,phases   ] GC(149)   Evacuate Collection Set: 1.2ms
[2024-02-10T01:16:15.528+0000][7][gc,phases   ] GC(149)   Post Evacuate Collection Set: 0.7ms
[2024-02-10T01:16:15.528+0000][7][gc,phases   ] GC(149)   Other: 0.1ms
[2024-02-10T01:16:15.528+0000][7][gc,age      ] GC(149) Age table with threshold 15 (max threshold 15)
[2024-02-10T01:16:15.528+0000][7][gc,age      ] GC(149) - age   1:     824448 bytes,     824448 total
[2024-02-10T01:16:15.528+0000][7][gc,age      ] GC(149) - age   2:       1648 bytes,     826096 total
[2024-02-10T01:16:15.528+0000][7][gc,age      ] GC(149) - age   3:     144240 bytes,     970336 total
[2024-02-10T01:16:15.528+0000][7][gc,age      ] GC(149) - age   4:       9104 bytes,     979440 total
[2024-02-10T01:16:15.528+0000][7][gc,age      ] GC(149) - age   5:        384 bytes,     979824 total
[2024-02-10T01:16:15.528+0000][7][gc,age      ] GC(149) - age   6:        184 bytes,     980008 total
[2024-02-10T01:16:15.528+0000][7][gc,age      ] GC(149) - age   7:        304 bytes,     980312 total
[2024-02-10T01:16:15.528+0000][7][gc,age      ] GC(149) - age   8:         32 bytes,     980344 total
[2024-02-10T01:16:15.528+0000][7][gc,age      ] GC(149) - age   9:        840 bytes,     981184 total
[2024-02-10T01:16:15.528+0000][7][gc,age      ] GC(149) - age  10:        176 bytes,     981360 total
[2024-02-10T01:16:15.528+0000][7][gc,age      ] GC(149) - age  12:      10040 bytes,     991400 total
[2024-02-10T01:16:15.528+0000][7][gc,age      ] GC(149) - age  13:         16 bytes,     991416 total
[2024-02-10T01:16:15.528+0000][7][gc,age      ] GC(149) - age  14:      16560 bytes,    1007976 total
[2024-02-10T01:16:15.528+0000][7][gc,age      ] GC(149) - age  15:     194952 bytes,    1202928 total
[2024-02-10T01:16:15.528+0000][7][gc,heap     ] GC(149) Eden regions: 152->0(152)
[2024-02-10T01:16:15.528+0000][7][gc,heap     ] GC(149) Survivor regions: 1->1(20)
[2024-02-10T01:16:15.528+0000][7][gc,heap     ] GC(149) Old regions: 23->23
[2024-02-10T01:16:15.528+0000][7][gc,heap     ] GC(149) Archive regions: 2->2
[2024-02-10T01:16:15.528+0000][7][gc,heap     ] GC(149) Humongous regions: 0->0
[2024-02-10T01:16:15.528+0000][7][gc,metaspace] GC(149) Metaspace: 129379K(133120K)->129379K(133120K) NonClass: 112402K(114368K)->112402K(114368K) Class: 16977K(18752K)->16977K(18752K)
[2024-02-10T01:16:15.528+0000][7][gc          ] GC(149) Pause Young (Normal) (G1 Evacuation Pause) 704M->96M(1024M) 2.453ms
[2024-02-10T01:16:15.528+0000][7][gc,cpu      ] GC(149) User=0.01s Sys=0.00s Real=0.00s
[2024-02-10T01:16:15.528+0000][7][safepoint   ] Safepoint "G1CollectForAllocation", Time since last: 156031754755 ns, Reaching safepoint: 63498 ns, At safepoint: 2548620 ns, Total: 2612118 ns
[2024-02-10T01:18:30.547+0000][7][safepoint   ] Safepoint "Cleanup", Time since last: 135018962222 ns, Reaching safepoint: 53868 ns, At safepoint: 9283 ns, Total: 63151 ns
[2024-02-10T01:18:37.549+0000][7][safepoint   ] Safepoint "Cleanup", Time since last: 7001354387 ns, Reaching safepoint: 134551 ns, At safepoint: 13608 ns, Total: 148159 ns
[2024-02-10T01:18:43.266+0000][7][gc,start    ] GC(150) Pause Young (Normal) (G1 Evacuation Pause)
[2024-02-10T01:18:43.266+0000][7][gc,task     ] GC(150) Using 8 workers of 8 for evacuation
[2024-02-10T01:18:43.266+0000][7][gc,age      ] GC(150) Desired survivor size 41943040 bytes, new threshold 15 (max threshold 15)
[2024-02-10T01:18:43.268+0000][7][gc,phases   ] GC(150)   Pre Evacuate Collection Set: 0.1ms
[2024-02-10T01:18:43.268+0000][7][gc,phases   ] GC(150)   Merge Heap Roots: 0.1ms
[2024-02-10T01:18:43.268+0000][7][gc,phases   ] GC(150)   Evacuate Collection Set: 1.4ms
[2024-02-10T01:18:43.268+0000][7][gc,phases   ] GC(150)   Post Evacuate Collection Set: 0.8ms
[2024-02-10T01:18:43.268+0000][7][gc,phases   ] GC(150)   Other: 0.1ms
[2024-02-10T01:18:43.268+0000][7][gc,age      ] GC(150) Age table with threshold 15 (max threshold 15)
[2024-02-10T01:18:43.268+0000][7][gc,age      ] GC(150) - age   1:    2336696 bytes,    2336696 total
[2024-02-10T01:18:43.268+0000][7][gc,age      ] GC(150) - age   2:      10968 bytes,    2347664 total
[2024-02-10T01:18:43.268+0000][7][gc,age      ] GC(150) - age   3:        328 bytes,    2347992 total
[2024-02-10T01:18:43.268+0000][7][gc,age      ] GC(150) - age   4:     135592 bytes,    2483584 total
[2024-02-10T01:18:43.268+0000][7][gc,age      ] GC(150) - age   5:       8416 bytes,    2492000 total
[2024-02-10T01:18:43.268+0000][7][gc,age      ] GC(150) - age   6:        384 bytes,    2492384 total
[2024-02-10T01:18:43.268+0000][7][gc,age      ] GC(150) - age   7:        184 bytes,    2492568 total
[2024-02-10T01:18:43.268+0000][7][gc,age      ] GC(150) - age   8:        120 bytes,    2492688 total
[2024-02-10T01:18:43.268+0000][7][gc,age      ] GC(150) - age  10:        840 bytes,    2493528 total
[2024-02-10T01:18:43.268+0000][7][gc,age      ] GC(150) - age  11:        176 bytes,    2493704 total
[2024-02-10T01:18:43.268+0000][7][gc,age      ] GC(150) - age  13:      10040 bytes,    2503744 total
[2024-02-10T01:18:43.268+0000][7][gc,age      ] GC(150) - age  15:      16560 bytes,    2520304 total
[2024-02-10T01:18:43.268+0000][7][gc,heap     ] GC(150) Eden regions: 152->0(152)
[2024-02-10T01:18:43.268+0000][7][gc,heap     ] GC(150) Survivor regions: 1->1(20)
[2024-02-10T01:18:43.268+0000][7][gc,heap     ] GC(150) Old regions: 23->23
[2024-02-10T01:18:43.268+0000][7][gc,heap     ] GC(150) Archive regions: 2->2
[2024-02-10T01:18:43.268+0000][7][gc,heap     ] GC(150) Humongous regions: 0->0
[2024-02-10T01:18:43.268+0000][7][gc,metaspace] GC(150) Metaspace: 129405K(133120K)->129405K(133120K) NonClass: 112428K(114368K)->112428K(114368K) Class: 16977K(18752K)->16977K(18752K)
[2024-02-10T01:18:43.269+0000][7][gc          ] GC(150) Pause Young (Normal) (G1 Evacuation Pause) 704M->98M(1024M) 2.685ms
[2024-02-10T01:18:43.269+0000][7][gc,cpu      ] GC(150) User=0.01s Sys=0.00s Real=0.01s
[2024-02-10T01:18:43.269+0000][7][safepoint   ] Safepoint "G1CollectForAllocation", Time since last: 5716998460 ns, Reaching safepoint: 51209 ns, At safepoint: 2764880 ns, Total: 2816089 ns
[2024-02-10T01:19:31.276+0000][7][safepoint   ] Safepoint "Cleanup", Time since last: 48007653291 ns, Reaching safepoint: 129817 ns, At safepoint: 12320 ns, Total: 142137 ns
[2024-02-10T01:20:31.287+0000][7][safepoint   ] Safepoint "Cleanup", Time since last: 60010357266 ns, Reaching safepoint: 123198 ns, At safepoint: 16682 ns, Total: 139880 ns
[2024-02-10T01:20:53.290+0000][7][safepoint   ] Safepoint "Cleanup", Time since last: 22003369203 ns, Reaching safepoint: 81969 ns, At safepoint: 45107 ns, Total: 127076 ns
[2024-02-10T01:21:18.715+0000][7][gc,start    ] GC(151) Pause Young (Normal) (G1 Evacuation Pause)
[2024-02-10T01:21:18.715+0000][7][gc,task     ] GC(151) Using 8 workers of 8 for evacuation
[2024-02-10T01:21:18.716+0000][7][gc,age      ] GC(151) Desired survivor size 41943040 bytes, new threshold 15 (max threshold 15)
[2024-02-10T01:21:18.719+0000][7][gc,phases   ] GC(151)   Pre Evacuate Collection Set: 0.1ms
[2024-02-10T01:21:18.719+0000][7][gc,phases   ] GC(151)   Merge Heap Roots: 0.1ms
[2024-02-10T01:21:18.719+0000][7][gc,phases   ] GC(151)   Evacuate Collection Set: 1.8ms
[2024-02-10T01:21:18.719+0000][7][gc,phases   ] GC(151)   Post Evacuate Collection Set: 1.0ms
[2024-02-10T01:21:18.719+0000][7][gc,phases   ] GC(151)   Other: 0.1ms
[2024-02-10T01:21:18.719+0000][7][gc,age      ] GC(151) Age table with threshold 15 (max threshold 15)
[2024-02-10T01:21:18.719+0000][7][gc,age      ] GC(151) - age   1:    1609000 bytes,    1609000 total
[2024-02-10T01:21:18.719+0000][7][gc,age      ] GC(151) - age   2:     472368 bytes,    2081368 total
[2024-02-10T01:21:18.719+0000][7][gc,age      ] GC(151) - age   3:       8848 bytes,    2090216 total
[2024-02-10T01:21:18.719+0000][7][gc,age      ] GC(151) - age   4:        264 bytes,    2090480 total
[2024-02-10T01:21:18.719+0000][7][gc,age      ] GC(151) - age   5:     131592 bytes,    2222072 total
[2024-02-10T01:21:18.719+0000][7][gc,age      ] GC(151) - age   6:       8416 bytes,    2230488 total
[2024-02-10T01:21:18.719+0000][7][gc,age      ] GC(151) - age   7:        384 bytes,    2230872 total
[2024-02-10T01:21:18.719+0000][7][gc,age      ] GC(151) - age   8:        184 bytes,    2231056 total
[2024-02-10T01:21:18.719+0000][7][gc,age      ] GC(151) - age   9:        120 bytes,    2231176 total
[2024-02-10T01:21:18.719+0000][7][gc,age      ] GC(151) - age  11:        840 bytes,    2232016 total
[2024-02-10T01:21:18.719+0000][7][gc,age      ] GC(151) - age  12:        176 bytes,    2232192 total
[2024-02-10T01:21:18.719+0000][7][gc,age      ] GC(151) - age  14:      10040 bytes,    2242232 total
[2024-02-10T01:21:18.719+0000][7][gc,heap     ] GC(151) Eden regions: 152->0(152)
[2024-02-10T01:21:18.719+0000][7][gc,heap     ] GC(151) Survivor regions: 1->1(20)
[2024-02-10T01:21:18.719+0000][7][gc,heap     ] GC(151) Old regions: 23->23
[2024-02-10T01:21:18.719+0000][7][gc,heap     ] GC(151) Archive regions: 2->2
[2024-02-10T01:21:18.719+0000][7][gc,heap     ] GC(151) Humongous regions: 0->0
[2024-02-10T01:21:18.719+0000][7][gc,metaspace] GC(151) Metaspace: 129406K(133120K)->129406K(133120K) NonClass: 112429K(114368K)->112429K(114368K) Class: 16977K(18752K)->16977K(18752K)
[2024-02-10T01:21:18.719+0000][7][gc          ] GC(151) Pause Young (Normal) (G1 Evacuation Pause) 706M->98M(1024M) 3.499ms
[2024-02-10T01:21:18.719+0000][7][gc,cpu      ] GC(151) User=0.02s Sys=0.00s Real=0.01s
[2024-02-10T01:21:18.719+0000][7][safepoint   ] Safepoint "G1CollectForAllocation", Time since last: 25424964423 ns, Reaching safepoint: 79323 ns, At safepoint: 3604701 ns, Total: 3684024 ns
[2024-02-10T01:21:24.720+0000][7][safepoint   ] Safepoint "Cleanup", Time since last: 6001100039 ns, Reaching safepoint: 89531 ns, At safepoint: 9691 ns, Total: 99222 ns
[2024-02-10T01:23:55.288+0000][7][gc,start    ] GC(152) Pause Young (Normal) (G1 Evacuation Pause)
[2024-02-10T01:23:55.288+0000][7][gc,task     ] GC(152) Using 8 workers of 8 for evacuation
[2024-02-10T01:23:55.288+0000][7][gc,age      ] GC(152) Desired survivor size 41943040 bytes, new threshold 15 (max threshold 15)
[2024-02-10T01:23:55.290+0000][7][gc,phases   ] GC(152)   Pre Evacuate Collection Set: 0.1ms
[2024-02-10T01:23:55.290+0000][7][gc,phases   ] GC(152)   Merge Heap Roots: 0.0ms
[2024-02-10T01:23:55.290+0000][7][gc,phases   ] GC(152)   Evacuate Collection Set: 1.0ms
[2024-02-10T01:23:55.290+0000][7][gc,phases   ] GC(152)   Post Evacuate Collection Set: 0.5ms
[2024-02-10T01:23:55.290+0000][7][gc,phases   ] GC(152)   Other: 0.1ms
[2024-02-10T01:23:55.290+0000][7][gc,age      ] GC(152) Age table with threshold 15 (max threshold 15)
[2024-02-10T01:23:55.290+0000][7][gc,age      ] GC(152) - age   1:    1836304 bytes,    1836304 total
[2024-02-10T01:23:55.290+0000][7][gc,age      ] GC(152) - age   2:       7704 bytes,    1844008 total
[2024-02-10T01:23:55.290+0000][7][gc,age      ] GC(152) - age   3:     380088 bytes,    2224096 total
[2024-02-10T01:23:55.290+0000][7][gc,age      ] GC(152) - age   4:       8408 bytes,    2232504 total
[2024-02-10T01:23:55.290+0000][7][gc,age      ] GC(152) - age   5:        264 bytes,    2232768 total
[2024-02-10T01:23:55.290+0000][7][gc,age      ] GC(152) - age   6:     131464 bytes,    2364232 total
[2024-02-10T01:23:55.290+0000][7][gc,age      ] GC(152) - age   7:       8416 bytes,    2372648 total
[2024-02-10T01:23:55.290+0000][7][gc,age      ] GC(152) - age   9:        184 bytes,    2372832 total
[2024-02-10T01:23:55.290+0000][7][gc,age      ] GC(152) - age  10:        120 bytes,    2372952 total
[2024-02-10T01:23:55.290+0000][7][gc,age      ] GC(152) - age  12:        840 bytes,    2373792 total
[2024-02-10T01:23:55.290+0000][7][gc,age      ] GC(152) - age  13:        176 bytes,    2373968 total
[2024-02-10T01:23:55.290+0000][7][gc,age      ] GC(152) - age  15:      10040 bytes,    2384008 total
[2024-02-10T01:23:55.290+0000][7][gc,heap     ] GC(152) Eden regions: 152->0(152)
[2024-02-10T01:23:55.290+0000][7][gc,heap     ] GC(152) Survivor regions: 1->1(20)
[2024-02-10T01:23:55.290+0000][7][gc,heap     ] GC(152) Old regions: 23->23
[2024-02-10T01:23:55.290+0000][7][gc,heap     ] GC(152) Archive regions: 2->2
[2024-02-10T01:23:55.290+0000][7][gc,heap     ] GC(152) Humongous regions: 0->0
[2024-02-10T01:23:55.290+0000][7][gc,metaspace] GC(152) Metaspace: 129409K(133120K)->129409K(133120K) NonClass: 112432K(114368K)->112432K(114368K) Class: 16977K(18752K)->16977K(18752K)
[2024-02-10T01:23:55.290+0000][7][gc          ] GC(152) Pause Young (Normal) (G1 Evacuation Pause) 706M->98M(1024M) 1.913ms
[2024-02-10T01:23:55.290+0000][7][gc,cpu      ] GC(152) User=0.01s Sys=0.00s Real=0.01s
[2024-02-10T01:23:55.290+0000][7][safepoint   ] Safepoint "G1CollectForAllocation", Time since last: 150567611374 ns, Reaching safepoint: 32166 ns, At safepoint: 1984420 ns, Total: 2016586 ns
[2024-02-10T01:25:34.307+0000][7][safepoint   ] Safepoint "Cleanup", Time since last: 99016869874 ns, Reaching safepoint: 126967 ns, At safepoint: 9053 ns, Total: 136020 ns
[2024-02-10T01:25:37.307+0000][7][safepoint   ] Safepoint "Cleanup", Time since last: 3000476392 ns, Reaching safepoint: 103673 ns, At safepoint: 15376 ns, Total: 119049 ns
[2024-02-10T01:25:55.310+0000][7][safepoint   ] Safepoint "Cleanup", Time since last: 18002875141 ns, Reaching safepoint: 73939 ns, At safepoint: 10906 ns, Total: 84845 ns
[2024-02-10T01:26:30.543+0000][7][gc,start    ] GC(153) Pause Young (Normal) (G1 Evacuation Pause)
[2024-02-10T01:26:30.543+0000][7][gc,task     ] GC(153) Using 8 workers of 8 for evacuation
[2024-02-10T01:26:30.543+0000][7][gc,age      ] GC(153) Desired survivor size 41943040 bytes, new threshold 15 (max threshold 15)
[2024-02-10T01:26:30.545+0000][7][gc,phases   ] GC(153)   Pre Evacuate Collection Set: 0.1ms
[2024-02-10T01:26:30.546+0000][7][gc,phases   ] GC(153)   Merge Heap Roots: 0.1ms
[2024-02-10T01:26:30.546+0000][7][gc,phases   ] GC(153)   Evacuate Collection Set: 1.4ms
[2024-02-10T01:26:30.546+0000][7][gc,phases   ] GC(153)   Post Evacuate Collection Set: 0.8ms
[2024-02-10T01:26:30.546+0000][7][gc,phases   ] GC(153)   Other: 0.1ms
[2024-02-10T01:26:30.546+0000][7][gc,age      ] GC(153) Age table with threshold 15 (max threshold 15)
[2024-02-10T01:26:30.546+0000][7][gc,age      ] GC(153) - age   1:    1039184 bytes,    1039184 total
[2024-02-10T01:26:30.546+0000][7][gc,age      ] GC(153) - age   2:     104824 bytes,    1144008 total
[2024-02-10T01:26:30.546+0000][7][gc,age      ] GC(153) - age   3:       4680 bytes,    1148688 total
[2024-02-10T01:26:30.546+0000][7][gc,age      ] GC(153) - age   4:     379072 bytes,    1527760 total
[2024-02-10T01:26:30.546+0000][7][gc,age      ] GC(153) - age   5:       8408 bytes,    1536168 total
[2024-02-10T01:26:30.546+0000][7][gc,age      ] GC(153) - age   6:        264 bytes,    1536432 total
[2024-02-10T01:26:30.546+0000][7][gc,age      ] GC(153) - age   7:     131464 bytes,    1667896 total
[2024-02-10T01:26:30.546+0000][7][gc,age      ] GC(153) - age   8:       8416 bytes,    1676312 total
[2024-02-10T01:26:30.546+0000][7][gc,age      ] GC(153) - age  11:        120 bytes,    1676432 total
[2024-02-10T01:26:30.546+0000][7][gc,age      ] GC(153) - age  13:        840 bytes,    1677272 total
[2024-02-10T01:26:30.546+0000][7][gc,age      ] GC(153) - age  14:        176 bytes,    1677448 total
[2024-02-10T01:26:30.546+0000][7][gc,heap     ] GC(153) Eden regions: 152->0(152)
[2024-02-10T01:26:30.546+0000][7][gc,heap     ] GC(153) Survivor regions: 1->1(20)
[2024-02-10T01:26:30.546+0000][7][gc,heap     ] GC(153) Old regions: 23->23
[2024-02-10T01:26:30.546+0000][7][gc,heap     ] GC(153) Archive regions: 2->2
[2024-02-10T01:26:30.546+0000][7][gc,heap     ] GC(153) Humongous regions: 0->0
[2024-02-10T01:26:30.546+0000][7][gc,metaspace] GC(153) Metaspace: 129409K(133120K)->129409K(133120K) NonClass: 112432K(114368K)->112432K(114368K) Class: 16977K(18752K)->16977K(18752K)
[2024-02-10T01:26:30.546+0000][7][gc          ] GC(153) Pause Young (Normal) (G1 Evacuation Pause) 706M->97M(1024M) 2.980ms
[2024-02-10T01:26:30.546+0000][7][gc,cpu      ] GC(153) User=0.01s Sys=0.00s Real=0.00s
[2024-02-10T01:26:30.546+0000][7][safepoint   ] Safepoint "G1CollectForAllocation", Time since last: 35232315293 ns, Reaching safepoint: 53303 ns, At safepoint: 3098193 ns, Total: 3151496 ns
[2024-02-10T01:26:31.546+0000][7][safepoint   ] Safepoint "Cleanup", Time since last: 1000236572 ns, Reaching safepoint: 92187 ns, At safepoint: 10134 ns, Total: 102321 ns
[2024-02-10T01:27:24.554+0000][7][safepoint   ] Safepoint "Cleanup", Time since last: 53007479980 ns, Reaching safepoint: 127133 ns, At safepoint: 24450 ns, Total: 151583 ns
[2024-02-10T01:28:54.567+0000][7][safepoint   ] Safepoint "Cleanup", Time since last: 90013473353 ns, Reaching safepoint: 68984 ns, At safepoint: 23902 ns, Total: 92886 ns
[2024-02-10T01:29:09.545+0000][7][gc,start    ] GC(154) Pause Young (Normal) (G1 Evacuation Pause)
[2024-02-10T01:29:09.545+0000][7][gc,task     ] GC(154) Using 8 workers of 8 for evacuation
[2024-02-10T01:29:09.545+0000][7][gc,age      ] GC(154) Desired survivor size 41943040 bytes, new threshold 15 (max threshold 15)
[2024-02-10T01:29:09.547+0000][7][gc,phases   ] GC(154)   Pre Evacuate Collection Set: 0.1ms
[2024-02-10T01:29:09.547+0000][7][gc,phases   ] GC(154)   Merge Heap Roots: 0.1ms
[2024-02-10T01:29:09.547+0000][7][gc,phases   ] GC(154)   Evacuate Collection Set: 1.1ms
[2024-02-10T01:29:09.547+0000][7][gc,phases   ] GC(154)   Post Evacuate Collection Set: 0.7ms
[2024-02-10T01:29:09.547+0000][7][gc,phases   ] GC(154)   Other: 0.1ms
[2024-02-10T01:29:09.547+0000][7][gc,age      ] GC(154) Age table with threshold 15 (max threshold 15)
[2024-02-10T01:29:09.547+0000][7][gc,age      ] GC(154) - age   1:     429000 bytes,     429000 total
[2024-02-10T01:29:09.547+0000][7][gc,age      ] GC(154) - age   2:      94888 bytes,     523888 total
[2024-02-10T01:29:09.547+0000][7][gc,age      ] GC(154) - age   3:      94120 bytes,     618008 total
[2024-02-10T01:29:09.547+0000][7][gc,age      ] GC(154) - age   4:       4552 bytes,     622560 total
[2024-02-10T01:29:09.547+0000][7][gc,age      ] GC(154) - age   5:     378328 bytes,    1000888 total
[2024-02-10T01:29:09.547+0000][7][gc,age      ] GC(154) - age   6:       8408 bytes,    1009296 total
[2024-02-10T01:29:09.547+0000][7][gc,age      ] GC(154) - age   7:        264 bytes,    1009560 total
[2024-02-10T01:29:09.547+0000][7][gc,age      ] GC(154) - age   8:     131464 bytes,    1141024 total
[2024-02-10T01:29:09.547+0000][7][gc,age      ] GC(154) - age   9:       8384 bytes,    1149408 total
[2024-02-10T01:29:09.547+0000][7][gc,age      ] GC(154) - age  12:        120 bytes,    1149528 total
[2024-02-10T01:29:09.547+0000][7][gc,age      ] GC(154) - age  14:        840 bytes,    1150368 total
[2024-02-10T01:29:09.547+0000][7][gc,age      ] GC(154) - age  15:        176 bytes,    1150544 total
[2024-02-10T01:29:09.547+0000][7][gc,heap     ] GC(154) Eden regions: 152->0(152)
[2024-02-10T01:29:09.547+0000][7][gc,heap     ] GC(154) Survivor regions: 1->1(20)
[2024-02-10T01:29:09.547+0000][7][gc,heap     ] GC(154) Old regions: 23->23
[2024-02-10T01:29:09.547+0000][7][gc,heap     ] GC(154) Archive regions: 2->2
[2024-02-10T01:29:09.547+0000][7][gc,heap     ] GC(154) Humongous regions: 0->0
[2024-02-10T01:29:09.547+0000][7][gc,metaspace] GC(154) Metaspace: 129414K(133120K)->129414K(133120K) NonClass: 112437K(114368K)->112437K(114368K) Class: 16977K(18752K)->16977K(18752K)
[2024-02-10T01:29:09.547+0000][7][gc          ] GC(154) Pause Young (Normal) (G1 Evacuation Pause) 705M->96M(1024M) 2.485ms
[2024-02-10T01:29:09.547+0000][7][gc,cpu      ] GC(154) User=0.01s Sys=0.00s Real=0.00s
[2024-02-10T01:29:09.547+0000][7][safepoint   ] Safepoint "G1CollectForAllocation", Time since last: 14977374389 ns, Reaching safepoint: 59920 ns, At safepoint: 2578581 ns, Total: 2638501 ns
[2024-02-10T01:29:30.550+0000][7][safepoint   ] Safepoint "Cleanup", Time since last: 21002136729 ns, Reaching safepoint: 156061 ns, At safepoint: 8283 ns, Total: 164344 ns
[2024-02-10T01:29:31.550+0000][7][safepoint   ] Safepoint "Cleanup", Time since last: 1000134914 ns, Reaching safepoint: 70770 ns, At safepoint: 9170 ns, Total: 79940 ns
[2024-02-10T01:29:39.551+0000][7][safepoint   ] Safepoint "Cleanup", Time since last: 8001165308 ns, Reaching safepoint: 91884 ns, At safepoint: 7144 ns, Total: 99028 ns
[2024-02-10T01:30:28.557+0000][7][safepoint   ] Safepoint "Cleanup", Time since last: 49005826667 ns, Reaching safepoint: 178155 ns, At safepoint: 22886 ns, Total: 201041 ns
[2024-02-10T01:30:30.558+0000][7][safepoint   ] Safepoint "Cleanup", Time since last: 2000317702 ns, Reaching safepoint: 150464 ns, At safepoint: 10841 ns, Total: 161305 ns
[2024-02-10T01:30:31.558+0000][7][safepoint   ] Safepoint "Cleanup", Time since last: 1000138092 ns, Reaching safepoint: 75649 ns, At safepoint: 13590 ns, Total: 89239 ns
[2024-02-10T01:31:29.566+0000][7][safepoint   ] Safepoint "Cleanup", Time since last: 58007911725 ns, Reaching safepoint: 94232 ns, At safepoint: 14161 ns, Total: 108393 ns
[2024-02-10T01:31:42.737+0000][7][gc,start    ] GC(155) Pause Young (Normal) (G1 Evacuation Pause)
[2024-02-10T01:31:42.737+0000][7][gc,task     ] GC(155) Using 8 workers of 8 for evacuation
[2024-02-10T01:31:42.737+0000][7][gc,age      ] GC(155) Desired survivor size 41943040 bytes, new threshold 15 (max threshold 15)
[2024-02-10T01:31:42.739+0000][7][gc,phases   ] GC(155)   Pre Evacuate Collection Set: 0.1ms
[2024-02-10T01:31:42.739+0000][7][gc,phases   ] GC(155)   Merge Heap Roots: 0.0ms
[2024-02-10T01:31:42.739+0000][7][gc,phases   ] GC(155)   Evacuate Collection Set: 1.2ms
[2024-02-10T01:31:42.739+0000][7][gc,phases   ] GC(155)   Post Evacuate Collection Set: 0.6ms
[2024-02-10T01:31:42.739+0000][7][gc,phases   ] GC(155)   Other: 0.1ms
[2024-02-10T01:31:42.739+0000][7][gc,age      ] GC(155) Age table with threshold 15 (max threshold 15)
[2024-02-10T01:31:42.739+0000][7][gc,age      ] GC(155) - age   1:    2240112 bytes,    2240112 total
[2024-02-10T01:31:42.739+0000][7][gc,age      ] GC(155) - age   2:      10624 bytes,    2250736 total
[2024-02-10T01:31:42.739+0000][7][gc,age      ] GC(155) - age   3:       2568 bytes,    2253304 total
[2024-02-10T01:31:42.739+0000][7][gc,age      ] GC(155) - age   4:      33568 bytes,    2286872 total
[2024-02-10T01:31:42.739+0000][7][gc,age      ] GC(155) - age   5:        800 bytes,    2287672 total
[2024-02-10T01:31:42.739+0000][7][gc,age      ] GC(155) - age   6:     374200 bytes,    2661872 total
[2024-02-10T01:31:42.739+0000][7][gc,age      ] GC(155) - age   7:       8016 bytes,    2669888 total
[2024-02-10T01:31:42.739+0000][7][gc,age      ] GC(155) - age   8:        264 bytes,    2670152 total
[2024-02-10T01:31:42.739+0000][7][gc,age      ] GC(155) - age   9:     131464 bytes,    2801616 total
[2024-02-10T01:31:42.739+0000][7][gc,age      ] GC(155) - age  10:       8200 bytes,    2809816 total
[2024-02-10T01:31:42.739+0000][7][gc,age      ] GC(155) - age  13:        120 bytes,    2809936 total
[2024-02-10T01:31:42.739+0000][7][gc,age      ] GC(155) - age  15:        840 bytes,    2810776 total
[2024-02-10T01:31:42.739+0000][7][gc,heap     ] GC(155) Eden regions: 152->0(152)
[2024-02-10T01:31:42.739+0000][7][gc,heap     ] GC(155) Survivor regions: 1->1(20)
[2024-02-10T01:31:42.739+0000][7][gc,heap     ] GC(155) Old regions: 23->23
[2024-02-10T01:31:42.739+0000][7][gc,heap     ] GC(155) Archive regions: 2->2
[2024-02-10T01:31:42.739+0000][7][gc,heap     ] GC(155) Humongous regions: 0->0
[2024-02-10T01:31:42.739+0000][7][gc,metaspace] GC(155) Metaspace: 129414K(133120K)->129414K(133120K) NonClass: 112437K(114368K)->112437K(114368K) Class: 16977K(18752K)->16977K(18752K)
[2024-02-10T01:31:42.739+0000][7][gc          ] GC(155) Pause Young (Normal) (G1 Evacuation Pause) 704M->98M(1024M) 2.158ms
[2024-02-10T01:31:42.739+0000][7][gc,cpu      ] GC(155) User=0.01s Sys=0.00s Real=0.00s
[2024-02-10T01:31:42.739+0000][7][safepoint   ] Safepoint "G1CollectForAllocation", Time since last: 13170971929 ns, Reaching safepoint: 36002 ns, At safepoint: 2236401 ns, Total: 2272403 ns
[2024-02-10T01:33:33.758+0000][7][safepoint   ] Safepoint "Cleanup", Time since last: 111018616528 ns, Reaching safepoint: 114589 ns, At safepoint: 27333 ns, Total: 141922 ns
[2024-02-10T01:33:51.761+0000][7][safepoint   ] Safepoint "Cleanup", Time since last: 18003246976 ns, Reaching safepoint: 83836 ns, At safepoint: 13342 ns, Total: 97178 ns
[2024-02-10T01:34:03.764+0000][7][safepoint   ] Safepoint "Cleanup", Time since last: 12002284611 ns, Reaching safepoint: 123070 ns, At safepoint: 13160 ns, Total: 136230 ns
[2024-02-10T01:35:00.773+0000][7][safepoint   ] Safepoint "Cleanup", Time since last: 57009394323 ns, Reaching safepoint: 123322 ns, At safepoint: 19648 ns, Total: 142970 ns
[2024-02-10T01:35:01.227+0000][7][gc,start    ] GC(156) Pause Young (Normal) (G1 Evacuation Pause)
[2024-02-10T01:35:01.227+0000][7][gc,task     ] GC(156) Using 8 workers of 8 for evacuation
[2024-02-10T01:35:01.227+0000][7][gc,age      ] GC(156) Desired survivor size 41943040 bytes, new threshold 15 (max threshold 15)
[2024-02-10T01:35:01.229+0000][7][gc,phases   ] GC(156)   Pre Evacuate Collection Set: 0.1ms
[2024-02-10T01:35:01.229+0000][7][gc,phases   ] GC(156)   Merge Heap Roots: 0.0ms
[2024-02-10T01:35:01.229+0000][7][gc,phases   ] GC(156)   Evacuate Collection Set: 1.1ms
[2024-02-10T01:35:01.229+0000][7][gc,phases   ] GC(156)   Post Evacuate Collection Set: 0.7ms
[2024-02-10T01:35:01.229+0000][7][gc,phases   ] GC(156)   Other: 0.1ms
[2024-02-10T01:35:01.229+0000][7][gc,age      ] GC(156) Age table with threshold 15 (max threshold 15)
[2024-02-10T01:35:01.229+0000][7][gc,age      ] GC(156) - age   1:    1852064 bytes,    1852064 total
[2024-02-10T01:35:01.229+0000][7][gc,age      ] GC(156) - age   2:     164888 bytes,    2016952 total
[2024-02-10T01:35:01.229+0000][7][gc,age      ] GC(156) - age   3:       8768 bytes,    2025720 total
[2024-02-10T01:35:01.229+0000][7][gc,age      ] GC(156) - age   4:        840 bytes,    2026560 total
[2024-02-10T01:35:01.229+0000][7][gc,age      ] GC(156) - age   5:      33472 bytes,    2060032 total
[2024-02-10T01:35:01.229+0000][7][gc,age      ] GC(156) - age   6:        600 bytes,    2060632 total
[2024-02-10T01:35:01.229+0000][7][gc,age      ] GC(156) - age   7:     333248 bytes,    2393880 total
[2024-02-10T01:35:01.229+0000][7][gc,age      ] GC(156) - age   8:       8016 bytes,    2401896 total
[2024-02-10T01:35:01.229+0000][7][gc,age      ] GC(156) - age   9:        264 bytes,    2402160 total
[2024-02-10T01:35:01.229+0000][7][gc,age      ] GC(156) - age  10:     131464 bytes,    2533624 total
[2024-02-10T01:35:01.229+0000][7][gc,age      ] GC(156) - age  11:       8200 bytes,    2541824 total
[2024-02-10T01:35:01.229+0000][7][gc,age      ] GC(156) - age  14:        120 bytes,    2541944 total
[2024-02-10T01:35:01.230+0000][7][gc,heap     ] GC(156) Eden regions: 152->0(152)
[2024-02-10T01:35:01.230+0000][7][gc,heap     ] GC(156) Survivor regions: 1->1(20)
[2024-02-10T01:35:01.230+0000][7][gc,heap     ] GC(156) Old regions: 23->23
[2024-02-10T01:35:01.230+0000][7][gc,heap     ] GC(156) Archive regions: 2->2
[2024-02-10T01:35:01.230+0000][7][gc,heap     ] GC(156) Humongous regions: 0->0
[2024-02-10T01:35:01.230+0000][7][gc,metaspace] GC(156) Metaspace: 129414K(133120K)->129414K(133120K) NonClass: 112437K(114368K)->112437K(114368K) Class: 16977K(18752K)->16977K(18752K)
[2024-02-10T01:35:01.230+0000][7][gc          ] GC(156) Pause Young (Normal) (G1 Evacuation Pause) 706M->98M(1024M) 2.164ms
[2024-02-10T01:35:01.230+0000][7][gc,cpu      ] GC(156) User=0.01s Sys=0.00s Real=0.01s
[2024-02-10T01:35:01.230+0000][7][safepoint   ] Safepoint "G1CollectForAllocation", Time since last: 454083709 ns, Reaching safepoint: 36601 ns, At safepoint: 2232295 ns, Total: 2268896 ns
[2024-02-10T01:35:22.233+0000][7][safepoint   ] Safepoint "Cleanup", Time since last: 21002969037 ns, Reaching safepoint: 112625 ns, At safepoint: 17365 ns, Total: 129990 ns
[2024-02-10T01:35:28.233+0000][7][safepoint   ] Safepoint "Cleanup", Time since last: 6000657451 ns, Reaching safepoint: 68071 ns, At safepoint: 9721 ns, Total: 77792 ns
[2024-02-10T01:35:34.234+0000][7][safepoint   ] Safepoint "Cleanup", Time since last: 6000716789 ns, Reaching safepoint: 92703 ns, At safepoint: 7547 ns, Total: 100250 ns
[2024-02-10T01:36:31.241+0000][7][safepoint   ] Safepoint "Cleanup", Time since last: 57006569697 ns, Reaching safepoint: 135819 ns, At safepoint: 22080 ns, Total: 157899 ns
[2024-02-10T01:37:04.244+0000][7][safepoint   ] Safepoint "Cleanup", Time since last: 33003187283 ns, Reaching safepoint: 101726 ns, At safepoint: 10880 ns, Total: 112606 ns
[2024-02-10T01:37:31.247+0000][7][safepoint   ] Safepoint "Cleanup", Time since last: 27002850307 ns, Reaching safepoint: 117484 ns, At safepoint: 31548 ns, Total: 149032 ns
[2024-02-10T01:37:55.250+0000][7][safepoint   ] Safepoint "Cleanup", Time since last: 24002481579 ns, Reaching safepoint: 73031 ns, At safepoint: 36903 ns, Total: 109934 ns
[2024-02-10T01:38:28.143+0000][7][gc,start    ] GC(157) Pause Young (Normal) (G1 Evacuation Pause)
[2024-02-10T01:38:28.143+0000][7][gc,task     ] GC(157) Using 8 workers of 8 for evacuation
[2024-02-10T01:38:28.143+0000][7][gc,age      ] GC(157) Desired survivor size 41943040 bytes, new threshold 15 (max threshold 15)
[2024-02-10T01:38:28.146+0000][7][gc,phases   ] GC(157)   Pre Evacuate Collection Set: 0.1ms
[2024-02-10T01:38:28.146+0000][7][gc,phases   ] GC(157)   Merge Heap Roots: 0.1ms
[2024-02-10T01:38:28.146+0000][7][gc,phases   ] GC(157)   Evacuate Collection Set: 2.1ms
[2024-02-10T01:38:28.146+0000][7][gc,phases   ] GC(157)   Post Evacuate Collection Set: 0.9ms
[2024-02-10T01:38:28.146+0000][7][gc,phases   ] GC(157)   Other: 0.1ms
[2024-02-10T01:38:28.146+0000][7][gc,age      ] GC(157) Age table with threshold 15 (max threshold 15)
[2024-02-10T01:38:28.146+0000][7][gc,age      ] GC(157) - age   1:    1920824 bytes,    1920824 total
[2024-02-10T01:38:28.146+0000][7][gc,age      ] GC(157) - age   2:       3832 bytes,    1924656 total
[2024-02-10T01:38:28.146+0000][7][gc,age      ] GC(157) - age   3:      79584 bytes,    2004240 total
[2024-02-10T01:38:28.146+0000][7][gc,age      ] GC(157) - age   4:        568 bytes,    2004808 total
[2024-02-10T01:38:28.146+0000][7][gc,age      ] GC(157) - age   5:        840 bytes,    2005648 total
[2024-02-10T01:38:28.146+0000][7][gc,age      ] GC(157) - age   6:       4576 bytes,    2010224 total
[2024-02-10T01:38:28.146+0000][7][gc,age      ] GC(157) - age   7:        416 bytes,    2010640 total
[2024-02-10T01:38:28.146+0000][7][gc,age      ] GC(157) - age   8:     333224 bytes,    2343864 total
[2024-02-10T01:38:28.146+0000][7][gc,age      ] GC(157) - age   9:       8016 bytes,    2351880 total
[2024-02-10T01:38:28.147+0000][7][gc,age      ] GC(157) - age  10:        264 bytes,    2352144 total
[2024-02-10T01:38:28.147+0000][7][gc,age      ] GC(157) - age  11:     131464 bytes,    2483608 total
[2024-02-10T01:38:28.147+0000][7][gc,age      ] GC(157) - age  12:       8016 bytes,    2491624 total
[2024-02-10T01:38:28.147+0000][7][gc,age      ] GC(157) - age  15:        120 bytes,    2491744 total
[2024-02-10T01:38:28.147+0000][7][gc,heap     ] GC(157) Eden regions: 152->0(152)
[2024-02-10T01:38:28.147+0000][7][gc,heap     ] GC(157) Survivor regions: 1->1(20)
[2024-02-10T01:38:28.147+0000][7][gc,heap     ] GC(157) Old regions: 23->23
[2024-02-10T01:38:28.147+0000][7][gc,heap     ] GC(157) Archive regions: 2->2
[2024-02-10T01:38:28.147+0000][7][gc,heap     ] GC(157) Humongous regions: 0->0
[2024-02-10T01:38:28.147+0000][7][gc,metaspace] GC(157) Metaspace: 129415K(133120K)->129415K(133120K) NonClass: 112437K(114368K)->112437K(114368K) Class: 16977K(18752K)->16977K(18752K)
[2024-02-10T01:38:28.147+0000][7][gc          ] GC(157) Pause Young (Normal) (G1 Evacuation Pause) 706M->98M(1024M) 3.648ms
[2024-02-10T01:38:28.147+0000][7][gc,cpu      ] GC(157) User=0.02s Sys=0.00s Real=0.00s
[2024-02-10T01:38:28.147+0000][7][safepoint   ] Safepoint "G1CollectForAllocation", Time since last: 32893004778 ns, Reaching safepoint: 58461 ns, At safepoint: 3753163 ns, Total: 3811624 ns
[2024-02-10T01:40:41.161+0000][7][safepoint   ] Safepoint "Cleanup", Time since last: 133014510009 ns, Reaching safepoint: 135514 ns, At safepoint: 19932 ns, Total: 155446 ns
[2024-02-10T01:41:45.628+0000][7][gc,start    ] GC(158) Pause Young (Normal) (G1 Evacuation Pause)
[2024-02-10T01:41:45.628+0000][7][gc,task     ] GC(158) Using 8 workers of 8 for evacuation
[2024-02-10T01:41:45.628+0000][7][gc,age      ] GC(158) Desired survivor size 41943040 bytes, new threshold 15 (max threshold 15)
[2024-02-10T01:41:45.631+0000][7][gc,phases   ] GC(158)   Pre Evacuate Collection Set: 0.1ms
[2024-02-10T01:41:45.631+0000][7][gc,phases   ] GC(158)   Merge Heap Roots: 0.1ms
[2024-02-10T01:41:45.631+0000][7][gc,phases   ] GC(158)   Evacuate Collection Set: 1.8ms
[2024-02-10T01:41:45.631+0000][7][gc,phases   ] GC(158)   Post Evacuate Collection Set: 1.0ms
[2024-02-10T01:41:45.631+0000][7][gc,phases   ] GC(158)   Other: 0.1ms
[2024-02-10T01:41:45.631+0000][7][gc,age      ] GC(158) Age table with threshold 15 (max threshold 15)
[2024-02-10T01:41:45.631+0000][7][gc,age      ] GC(158) - age   1:    2113720 bytes,    2113720 total
[2024-02-10T01:41:45.631+0000][7][gc,age      ] GC(158) - age   2:     169024 bytes,    2282744 total
[2024-02-10T01:41:45.631+0000][7][gc,age      ] GC(158) - age   3:        384 bytes,    2283128 total
[2024-02-10T01:41:45.631+0000][7][gc,age      ] GC(158) - age   4:      76064 bytes,    2359192 total
[2024-02-10T01:41:45.631+0000][7][gc,age      ] GC(158) - age   5:        568 bytes,    2359760 total
[2024-02-10T01:41:45.631+0000][7][gc,age      ] GC(158) - age   6:        840 bytes,    2360600 total
[2024-02-10T01:41:45.631+0000][7][gc,age      ] GC(158) - age   7:       4576 bytes,    2365176 total
[2024-02-10T01:41:45.631+0000][7][gc,age      ] GC(158) - age   8:        416 bytes,    2365592 total
[2024-02-10T01:41:45.631+0000][7][gc,age      ] GC(158) - age   9:     333224 bytes,    2698816 total
[2024-02-10T01:41:45.631+0000][7][gc,age      ] GC(158) - age  10:       8016 bytes,    2706832 total
[2024-02-10T01:41:45.631+0000][7][gc,age      ] GC(158) - age  11:        264 bytes,    2707096 total
[2024-02-10T01:41:45.631+0000][7][gc,age      ] GC(158) - age  12:     131464 bytes,    2838560 total
[2024-02-10T01:41:45.631+0000][7][gc,age      ] GC(158) - age  13:       8016 bytes,    2846576 total
[2024-02-10T01:41:45.631+0000][7][gc,heap     ] GC(158) Eden regions: 152->0(152)
[2024-02-10T01:41:45.631+0000][7][gc,heap     ] GC(158) Survivor regions: 1->1(20)
[2024-02-10T01:41:45.631+0000][7][gc,heap     ] GC(158) Old regions: 23->23
[2024-02-10T01:41:45.631+0000][7][gc,heap     ] GC(158) Archive regions: 2->2
[2024-02-10T01:41:45.631+0000][7][gc,heap     ] GC(158) Humongous regions: 0->0
[2024-02-10T01:41:45.631+0000][7][gc,metaspace] GC(158) Metaspace: 129415K(133120K)->129415K(133120K) NonClass: 112437K(114368K)->112437K(114368K) Class: 16977K(18752K)->16977K(18752K)
[2024-02-10T01:41:45.631+0000][7][gc          ] GC(158) Pause Young (Normal) (G1 Evacuation Pause) 706M->98M(1024M) 3.381ms
[2024-02-10T01:41:45.631+0000][7][gc,cpu      ] GC(158) User=0.02s Sys=0.00s Real=0.01s
[2024-02-10T01:41:45.631+0000][7][safepoint   ] Safepoint "G1CollectForAllocation", Time since last: 64466192056 ns, Reaching safepoint: 108105 ns, At safepoint: 3476841 ns, Total: 3584946 ns
[2024-02-10T01:42:10.634+0000][7][safepoint   ] Safepoint "Cleanup", Time since last: 25002485733 ns, Reaching safepoint: 56752 ns, At safepoint: 40056 ns, Total: 96808 ns
[2024-02-10T01:42:30.636+0000][7][safepoint   ] Safepoint "Cleanup", Time since last: 20002620044 ns, Reaching safepoint: 62082 ns, At safepoint: 34224 ns, Total: 96306 ns
[2024-02-10T01:44:28.650+0000][7][safepoint   ] Safepoint "Cleanup", Time since last: 118013095817 ns, Reaching safepoint: 82572 ns, At safepoint: 43579 ns, Total: 126151 ns
[2024-02-10T01:45:12.623+0000][7][gc,start    ] GC(159) Pause Young (Normal) (G1 Evacuation Pause)
[2024-02-10T01:45:12.623+0000][7][gc,task     ] GC(159) Using 8 workers of 8 for evacuation
[2024-02-10T01:45:12.623+0000][7][gc,age      ] GC(159) Desired survivor size 41943040 bytes, new threshold 15 (max threshold 15)
[2024-02-10T01:45:12.628+0000][7][gc,phases   ] GC(159)   Pre Evacuate Collection Set: 0.1ms
[2024-02-10T01:45:12.628+0000][7][gc,phases   ] GC(159)   Merge Heap Roots: 0.1ms
[2024-02-10T01:45:12.628+0000][7][gc,phases   ] GC(159)   Evacuate Collection Set: 2.2ms
[2024-02-10T01:45:12.628+0000][7][gc,phases   ] GC(159)   Post Evacuate Collection Set: 2.5ms
[2024-02-10T01:45:12.628+0000][7][gc,phases   ] GC(159)   Other: 0.2ms
[2024-02-10T01:45:12.628+0000][7][gc,age      ] GC(159) Age table with threshold 15 (max threshold 15)
[2024-02-10T01:45:12.628+0000][7][gc,age      ] GC(159) - age   1:    1447368 bytes,    1447368 total
[2024-02-10T01:45:12.628+0000][7][gc,age      ] GC(159) - age   2:      28488 bytes,    1475856 total
[2024-02-10T01:45:12.628+0000][7][gc,age      ] GC(159) - age   3:     166688 bytes,    1642544 total
[2024-02-10T01:45:12.628+0000][7][gc,age      ] GC(159) - age   4:        384 bytes,    1642928 total
[2024-02-10T01:45:12.628+0000][7][gc,age      ] GC(159) - age   5:      76064 bytes,    1718992 total
[2024-02-10T01:45:12.628+0000][7][gc,age      ] GC(159) - age   6:        568 bytes,    1719560 total
[2024-02-10T01:45:12.628+0000][7][gc,age      ] GC(159) - age   7:        656 bytes,    1720216 total
[2024-02-10T01:45:12.628+0000][7][gc,age      ] GC(159) - age   8:       4192 bytes,    1724408 total
[2024-02-10T01:45:12.628+0000][7][gc,age      ] GC(159) - age   9:        416 bytes,    1724824 total
[2024-02-10T01:45:12.628+0000][7][gc,age      ] GC(159) - age  10:     333224 bytes,    2058048 total
[2024-02-10T01:45:12.628+0000][7][gc,age      ] GC(159) - age  11:       8016 bytes,    2066064 total
[2024-02-10T01:45:12.628+0000][7][gc,age      ] GC(159) - age  12:        264 bytes,    2066328 total
[2024-02-10T01:45:12.628+0000][7][gc,age      ] GC(159) - age  13:     131464 bytes,    2197792 total
[2024-02-10T01:45:12.628+0000][7][gc,age      ] GC(159) - age  14:       8016 bytes,    2205808 total
[2024-02-10T01:45:12.628+0000][7][gc,heap     ] GC(159) Eden regions: 152->0(152)
[2024-02-10T01:45:12.628+0000][7][gc,heap     ] GC(159) Survivor regions: 1->1(20)
[2024-02-10T01:45:12.628+0000][7][gc,heap     ] GC(159) Old regions: 23->23
[2024-02-10T01:45:12.628+0000][7][gc,heap     ] GC(159) Archive regions: 2->2
[2024-02-10T01:45:12.628+0000][7][gc,heap     ] GC(159) Humongous regions: 0->0
[2024-02-10T01:45:12.628+0000][7][gc,metaspace] GC(159) Metaspace: 129415K(133120K)->129415K(133120K) NonClass: 112437K(114368K)->112437K(114368K) Class: 16977K(18752K)->16977K(18752K)
[2024-02-10T01:45:12.628+0000][7][gc          ] GC(159) Pause Young (Normal) (G1 Evacuation Pause) 706M->97M(1024M) 5.572ms
[2024-02-10T01:45:12.628+0000][7][gc,cpu      ] GC(159) User=0.02s Sys=0.00s Real=0.00s
[2024-02-10T01:45:12.628+0000][7][safepoint   ] Safepoint "G1CollectForAllocation", Time since last: 43972737560 ns, Reaching safepoint: 168598 ns, At safepoint: 5695428 ns, Total: 5864026 ns
[2024-02-10T01:45:30.630+0000][7][safepoint   ] Safepoint "Cleanup", Time since last: 18001817402 ns, Reaching safepoint: 126456 ns, At safepoint: 8597 ns, Total: 135053 ns
[2024-02-10T01:45:55.633+0000][7][safepoint   ] Safepoint "Cleanup", Time since last: 25002835048 ns, Reaching safepoint: 67185 ns, At safepoint: 8732 ns, Total: 75917 ns
[2024-02-10T01:46:48.638+0000][7][safepoint   ] Safepoint "Cleanup", Time since last: 53005074604 ns, Reaching safepoint: 81855 ns, At safepoint: 11140 ns, Total: 92995 ns
[2024-02-10T01:47:09.641+0000][7][safepoint   ] Safepoint "Cleanup", Time since last: 21002541653 ns, Reaching safepoint: 72742 ns, At safepoint: 10216 ns, Total: 82958 ns
[2024-02-10T01:47:15.642+0000][7][safepoint   ] Safepoint "Cleanup", Time since last: 6000665634 ns, Reaching safepoint: 121834 ns, At safepoint: 9166 ns, Total: 131000 ns
[2024-02-10T01:47:30.644+0000][7][safepoint   ] Safepoint "Cleanup", Time since last: 15002337097 ns, Reaching safepoint: 105756 ns, At safepoint: 14520 ns, Total: 120276 ns
[2024-02-10T01:47:51.682+0000][7][gc,start    ] GC(160) Pause Young (Normal) (G1 Evacuation Pause)
[2024-02-10T01:47:51.683+0000][7][gc,task     ] GC(160) Using 8 workers of 8 for evacuation
[2024-02-10T01:47:51.683+0000][7][gc,age      ] GC(160) Desired survivor size 41943040 bytes, new threshold 15 (max threshold 15)
[2024-02-10T01:47:51.686+0000][7][gc,phases   ] GC(160)   Pre Evacuate Collection Set: 0.2ms
[2024-02-10T01:47:51.686+0000][7][gc,phases   ] GC(160)   Merge Heap Roots: 0.1ms
[2024-02-10T01:47:51.686+0000][7][gc,phases   ] GC(160)   Evacuate Collection Set: 1.8ms
[2024-02-10T01:47:51.686+0000][7][gc,phases   ] GC(160)   Post Evacuate Collection Set: 0.9ms
[2024-02-10T01:47:51.686+0000][7][gc,phases   ] GC(160)   Other: 0.1ms
[2024-02-10T01:47:51.686+0000][7][gc,age      ] GC(160) Age table with threshold 15 (max threshold 15)
[2024-02-10T01:47:51.686+0000][7][gc,age      ] GC(160) - age   1:    1128296 bytes,    1128296 total
[2024-02-10T01:47:51.686+0000][7][gc,age      ] GC(160) - age   2:      29384 bytes,    1157680 total
[2024-02-10T01:47:51.686+0000][7][gc,age      ] GC(160) - age   3:      26344 bytes,    1184024 total
[2024-02-10T01:47:51.686+0000][7][gc,age      ] GC(160) - age   4:     166056 bytes,    1350080 total
[2024-02-10T01:47:51.686+0000][7][gc,age      ] GC(160) - age   5:        384 bytes,    1350464 total
[2024-02-10T01:47:51.686+0000][7][gc,age      ] GC(160) - age   6:      75672 bytes,    1426136 total
[2024-02-10T01:47:51.686+0000][7][gc,age      ] GC(160) - age   8:        600 bytes,    1426736 total
[2024-02-10T01:47:51.686+0000][7][gc,age      ] GC(160) - age   9:       4192 bytes,    1430928 total
[2024-02-10T01:47:51.686+0000][7][gc,age      ] GC(160) - age  10:        416 bytes,    1431344 total
[2024-02-10T01:47:51.686+0000][7][gc,age      ] GC(160) - age  11:     333224 bytes,    1764568 total
[2024-02-10T01:47:51.686+0000][7][gc,age      ] GC(160) - age  12:       8016 bytes,    1772584 total
[2024-02-10T01:47:51.686+0000][7][gc,age      ] GC(160) - age  13:        264 bytes,    1772848 total
[2024-02-10T01:47:51.686+0000][7][gc,age      ] GC(160) - age  14:     131464 bytes,    1904312 total
[2024-02-10T01:47:51.686+0000][7][gc,age      ] GC(160) - age  15:       8016 bytes,    1912328 total
[2024-02-10T01:47:51.686+0000][7][gc,heap     ] GC(160) Eden regions: 152->0(152)
[2024-02-10T01:47:51.686+0000][7][gc,heap     ] GC(160) Survivor regions: 1->1(20)
[2024-02-10T01:47:51.686+0000][7][gc,heap     ] GC(160) Old regions: 23->23
[2024-02-10T01:47:51.686+0000][7][gc,heap     ] GC(160) Archive regions: 2->2
[2024-02-10T01:47:51.686+0000][7][gc,heap     ] GC(160) Humongous regions: 0->0
[2024-02-10T01:47:51.686+0000][7][gc,metaspace] GC(160) Metaspace: 129416K(133120K)->129416K(133120K) NonClass: 112439K(114368K)->112439K(114368K) Class: 16977K(18752K)->16977K(18752K)
[2024-02-10T01:47:51.686+0000][7][gc          ] GC(160) Pause Young (Normal) (G1 Evacuation Pause) 705M->97M(1024M) 3.304ms
[2024-02-10T01:47:51.686+0000][7][gc,cpu      ] GC(160) User=0.02s Sys=0.00s Real=0.00s
[2024-02-10T01:47:51.686+0000][7][safepoint   ] Safepoint "G1CollectForAllocation", Time since last: 21038199017 ns, Reaching safepoint: 89518 ns, At safepoint: 3402836 ns, Total: 3492354 ns
[2024-02-10T01:50:52.288+0000][7][gc,start    ] GC(161) Pause Young (Normal) (G1 Evacuation Pause)
[2024-02-10T01:50:52.288+0000][7][gc,task     ] GC(161) Using 8 workers of 8 for evacuation
[2024-02-10T01:50:52.288+0000][7][gc,age      ] GC(161) Desired survivor size 41943040 bytes, new threshold 15 (max threshold 15)
[2024-02-10T01:50:52.290+0000][7][gc,phases   ] GC(161)   Pre Evacuate Collection Set: 0.1ms
[2024-02-10T01:50:52.290+0000][7][gc,phases   ] GC(161)   Merge Heap Roots: 0.1ms
[2024-02-10T01:50:52.290+0000][7][gc,phases   ] GC(161)   Evacuate Collection Set: 1.6ms
[2024-02-10T01:50:52.290+0000][7][gc,phases   ] GC(161)   Post Evacuate Collection Set: 0.7ms
[2024-02-10T01:50:52.290+0000][7][gc,phases   ] GC(161)   Other: 0.1ms
[2024-02-10T01:50:52.290+0000][7][gc,age      ] GC(161) Age table with threshold 15 (max threshold 15)
[2024-02-10T01:50:52.290+0000][7][gc,age      ] GC(161) - age   1:    1902872 bytes,    1902872 total
[2024-02-10T01:50:52.290+0000][7][gc,age      ] GC(161) - age   2:      19360 bytes,    1922232 total
[2024-02-10T01:50:52.290+0000][7][gc,age      ] GC(161) - age   3:      26184 bytes,    1948416 total
[2024-02-10T01:50:52.290+0000][7][gc,age      ] GC(161) - age   4:      14448 bytes,    1962864 total
[2024-02-10T01:50:52.290+0000][7][gc,age      ] GC(161) - age   5:     165992 bytes,    2128856 total
[2024-02-10T01:50:52.290+0000][7][gc,age      ] GC(161) - age   6:        200 bytes,    2129056 total
[2024-02-10T01:50:52.290+0000][7][gc,age      ] GC(161) - age   7:      75672 bytes,    2204728 total
[2024-02-10T01:50:52.290+0000][7][gc,age      ] GC(161) - age   9:        600 bytes,    2205328 total
[2024-02-10T01:50:52.290+0000][7][gc,age      ] GC(161) - age  10:       4192 bytes,    2209520 total
[2024-02-10T01:50:52.290+0000][7][gc,age      ] GC(161) - age  11:        416 bytes,    2209936 total
[2024-02-10T01:50:52.290+0000][7][gc,age      ] GC(161) - age  12:     333224 bytes,    2543160 total
[2024-02-10T01:50:52.290+0000][7][gc,age      ] GC(161) - age  13:       8016 bytes,    2551176 total
[2024-02-10T01:50:52.291+0000][7][gc,age      ] GC(161) - age  14:        264 bytes,    2551440 total
[2024-02-10T01:50:52.291+0000][7][gc,age      ] GC(161) - age  15:     131464 bytes,    2682904 total
[2024-02-10T01:50:52.291+0000][7][gc,heap     ] GC(161) Eden regions: 152->0(152)
[2024-02-10T01:50:52.291+0000][7][gc,heap     ] GC(161) Survivor regions: 1->1(20)
[2024-02-10T01:50:52.291+0000][7][gc,heap     ] GC(161) Old regions: 23->23
[2024-02-10T01:50:52.291+0000][7][gc,heap     ] GC(161) Archive regions: 2->2
[2024-02-10T01:50:52.291+0000][7][gc,heap     ] GC(161) Humongous regions: 0->0
[2024-02-10T01:50:52.291+0000][7][gc,metaspace] GC(161) Metaspace: 129416K(133120K)->129416K(133120K) NonClass: 112439K(114368K)->112439K(114368K) Class: 16977K(18752K)->16977K(18752K)
[2024-02-10T01:50:52.291+0000][7][gc          ] GC(161) Pause Young (Normal) (G1 Evacuation Pause) 705M->98M(1024M) 2.902ms
[2024-02-10T01:50:52.291+0000][7][gc,cpu      ] GC(161) User=0.02s Sys=0.00s Real=0.01s
[2024-02-10T01:50:52.291+0000][7][safepoint   ] Safepoint "G1CollectForAllocation", Time since last: 180601800809 ns, Reaching safepoint: 32610 ns, At safepoint: 3003125 ns, Total: 3035735 ns
[2024-02-10T01:52:05.300+0000][7][safepoint   ] Safepoint "Cleanup", Time since last: 73008856744 ns, Reaching safepoint: 69858 ns, At safepoint: 38655 ns, Total: 108513 ns
[2024-02-10T01:53:30.775+0000][7][gc,start    ] GC(162) Pause Young (Normal) (G1 Evacuation Pause)
[2024-02-10T01:53:30.775+0000][7][gc,task     ] GC(162) Using 8 workers of 8 for evacuation
[2024-02-10T01:53:30.775+0000][7][gc,age      ] GC(162) Desired survivor size 41943040 bytes, new threshold 15 (max threshold 15)
[2024-02-10T01:53:30.778+0000][7][gc,phases   ] GC(162)   Pre Evacuate Collection Set: 0.1ms
[2024-02-10T01:53:30.778+0000][7][gc,phases   ] GC(162)   Merge Heap Roots: 0.1ms
[2024-02-10T01:53:30.778+0000][7][gc,phases   ] GC(162)   Evacuate Collection Set: 1.9ms
[2024-02-10T01:53:30.778+0000][7][gc,phases   ] GC(162)   Post Evacuate Collection Set: 1.0ms
[2024-02-10T01:53:30.778+0000][7][gc,phases   ] GC(162)   Other: 0.1ms
[2024-02-10T01:53:30.778+0000][7][gc,age      ] GC(162) Age table with threshold 15 (max threshold 15)
[2024-02-10T01:53:30.778+0000][7][gc,age      ] GC(162) - age   1:    1622080 bytes,    1622080 total
[2024-02-10T01:53:30.778+0000][7][gc,age      ] GC(162) - age   2:       6576 bytes,    1628656 total
[2024-02-10T01:53:30.778+0000][7][gc,age      ] GC(162) - age   3:      18344 bytes,    1647000 total
[2024-02-10T01:53:30.778+0000][7][gc,age      ] GC(162) - age   4:      25936 bytes,    1672936 total
[2024-02-10T01:53:30.778+0000][7][gc,age      ] GC(162) - age   5:      14448 bytes,    1687384 total
[2024-02-10T01:53:30.778+0000][7][gc,age      ] GC(162) - age   6:     165992 bytes,    1853376 total
[2024-02-10T01:53:30.778+0000][7][gc,age      ] GC(162) - age   7:        200 bytes,    1853576 total
[2024-02-10T01:53:30.778+0000][7][gc,age      ] GC(162) - age   8:      75672 bytes,    1929248 total
[2024-02-10T01:53:30.778+0000][7][gc,age      ] GC(162) - age  10:        600 bytes,    1929848 total
[2024-02-10T01:53:30.778+0000][7][gc,age      ] GC(162) - age  11:       4192 bytes,    1934040 total
[2024-02-10T01:53:30.778+0000][7][gc,age      ] GC(162) - age  12:        416 bytes,    1934456 total
[2024-02-10T01:53:30.778+0000][7][gc,age      ] GC(162) - age  13:     333224 bytes,    2267680 total
[2024-02-10T01:53:30.778+0000][7][gc,age      ] GC(162) - age  14:       8016 bytes,    2275696 total
[2024-02-10T01:53:30.778+0000][7][gc,age      ] GC(162) - age  15:        264 bytes,    2275960 total
[2024-02-10T01:53:30.778+0000][7][gc,heap     ] GC(162) Eden regions: 152->0(152)
[2024-02-10T01:53:30.778+0000][7][gc,heap     ] GC(162) Survivor regions: 1->1(20)
[2024-02-10T01:53:30.778+0000][7][gc,heap     ] GC(162) Old regions: 23->23
[2024-02-10T01:53:30.779+0000][7][gc,heap     ] GC(162) Archive regions: 2->2
[2024-02-10T01:53:30.779+0000][7][gc,heap     ] GC(162) Humongous regions: 0->0
[2024-02-10T01:53:30.779+0000][7][gc,metaspace] GC(162) Metaspace: 129416K(133120K)->129416K(133120K) NonClass: 112439K(114368K)->112439K(114368K) Class: 16977K(18752K)->16977K(18752K)
[2024-02-10T01:53:30.779+0000][7][gc          ] GC(162) Pause Young (Normal) (G1 Evacuation Pause) 706M->98M(1024M) 3.601ms
[2024-02-10T01:53:30.779+0000][7][gc,cpu      ] GC(162) User=0.01s Sys=0.00s Real=0.01s
[2024-02-10T01:53:30.779+0000][7][safepoint   ] Safepoint "G1CollectForAllocation", Time since last: 85475171098 ns, Reaching safepoint: 90627 ns, At safepoint: 3722767 ns, Total: 3813394 ns
[2024-02-10T01:53:45.781+0000][7][safepoint   ] Safepoint "Cleanup", Time since last: 15002103213 ns, Reaching safepoint: 108386 ns, At safepoint: 14969 ns, Total: 123355 ns
[2024-02-10T01:53:55.782+0000][7][safepoint   ] Safepoint "Cleanup", Time since last: 10000955847 ns, Reaching safepoint: 87281 ns, At safepoint: 69709 ns, Total: 156990 ns
[2024-02-10T01:56:15.657+0000][7][gc,start    ] GC(163) Pause Young (Normal) (G1 Evacuation Pause)
[2024-02-10T01:56:15.657+0000][7][gc,task     ] GC(163) Using 8 workers of 8 for evacuation
[2024-02-10T01:56:15.657+0000][7][gc,age      ] GC(163) Desired survivor size 41943040 bytes, new threshold 15 (max threshold 15)
[2024-02-10T01:56:15.659+0000][7][gc,phases   ] GC(163)   Pre Evacuate Collection Set: 0.1ms
[2024-02-10T01:56:15.659+0000][7][gc,phases   ] GC(163)   Merge Heap Roots: 0.1ms
[2024-02-10T01:56:15.659+0000][7][gc,phases   ] GC(163)   Evacuate Collection Set: 1.3ms
[2024-02-10T01:56:15.659+0000][7][gc,phases   ] GC(163)   Post Evacuate Collection Set: 0.9ms
[2024-02-10T01:56:15.659+0000][7][gc,phases   ] GC(163)   Other: 0.1ms
[2024-02-10T01:56:15.659+0000][7][gc,age      ] GC(163) Age table with threshold 15 (max threshold 15)
[2024-02-10T01:56:15.659+0000][7][gc,age      ] GC(163) - age   1:    1152320 bytes,    1152320 total
[2024-02-10T01:56:15.659+0000][7][gc,age      ] GC(163) - age   2:      10704 bytes,    1163024 total
[2024-02-10T01:56:15.659+0000][7][gc,age      ] GC(163) - age   3:       4496 bytes,    1167520 total
[2024-02-10T01:56:15.659+0000][7][gc,age      ] GC(163) - age   4:      17904 bytes,    1185424 total
[2024-02-10T01:56:15.659+0000][7][gc,age      ] GC(163) - age   5:      25936 bytes,    1211360 total
[2024-02-10T01:56:15.659+0000][7][gc,age      ] GC(163) - age   6:      14448 bytes,    1225808 total
[2024-02-10T01:56:15.659+0000][7][gc,age      ] GC(163) - age   7:     165992 bytes,    1391800 total
[2024-02-10T01:56:15.659+0000][7][gc,age      ] GC(163) - age   8:        200 bytes,    1392000 total
[2024-02-10T01:56:15.659+0000][7][gc,age      ] GC(163) - age   9:      75672 bytes,    1467672 total
[2024-02-10T01:56:15.659+0000][7][gc,age      ] GC(163) - age  11:        600 bytes,    1468272 total
[2024-02-10T01:56:15.659+0000][7][gc,age      ] GC(163) - age  12:       4192 bytes,    1472464 total
[2024-02-10T01:56:15.659+0000][7][gc,age      ] GC(163) - age  13:        416 bytes,    1472880 total
[2024-02-10T01:56:15.659+0000][7][gc,age      ] GC(163) - age  14:     333224 bytes,    1806104 total
[2024-02-10T01:56:15.659+0000][7][gc,age      ] GC(163) - age  15:       8016 bytes,    1814120 total
[2024-02-10T01:56:15.659+0000][7][gc,heap     ] GC(163) Eden regions: 152->0(152)
[2024-02-10T01:56:15.659+0000][7][gc,heap     ] GC(163) Survivor regions: 1->1(20)
[2024-02-10T01:56:15.659+0000][7][gc,heap     ] GC(163) Old regions: 23->23
[2024-02-10T01:56:15.659+0000][7][gc,heap     ] GC(163) Archive regions: 2->2
[2024-02-10T01:56:15.659+0000][7][gc,heap     ] GC(163) Humongous regions: 0->0
[2024-02-10T01:56:15.659+0000][7][gc,metaspace] GC(163) Metaspace: 129416K(133120K)->129416K(133120K) NonClass: 112439K(114368K)->112439K(114368K) Class: 16977K(18752K)->16977K(18752K)
[2024-02-10T01:56:15.659+0000][7][gc          ] GC(163) Pause Young (Normal) (G1 Evacuation Pause) 706M->97M(1024M) 2.770ms
[2024-02-10T01:56:15.659+0000][7][gc,cpu      ] GC(163) User=0.01s Sys=0.00s Real=0.00s
[2024-02-10T01:56:15.659+0000][7][safepoint   ] Safepoint "G1CollectForAllocation", Time since last: 139874433915 ns, Reaching safepoint: 60638 ns, At safepoint: 3031217 ns, Total: 3091855 ns
[2024-02-10T01:56:46.663+0000][7][safepoint   ] Safepoint "Cleanup", Time since last: 31003165627 ns, Reaching safepoint: 125071 ns, At safepoint: 30202 ns, Total: 155273 ns
[2024-02-10T01:59:39.654+0000][7][gc,start    ] GC(164) Pause Young (Normal) (G1 Evacuation Pause)
[2024-02-10T01:59:39.654+0000][7][gc,task     ] GC(164) Using 8 workers of 8 for evacuation
[2024-02-10T01:59:39.654+0000][7][gc,age      ] GC(164) Desired survivor size 41943040 bytes, new threshold 15 (max threshold 15)
[2024-02-10T01:59:39.656+0000][7][gc,phases   ] GC(164)   Pre Evacuate Collection Set: 0.1ms
[2024-02-10T01:59:39.656+0000][7][gc,phases   ] GC(164)   Merge Heap Roots: 0.1ms
[2024-02-10T01:59:39.656+0000][7][gc,phases   ] GC(164)   Evacuate Collection Set: 1.1ms
[2024-02-10T01:59:39.656+0000][7][gc,phases   ] GC(164)   Post Evacuate Collection Set: 0.7ms
[2024-02-10T01:59:39.656+0000][7][gc,phases   ] GC(164)   Other: 0.1ms
[2024-02-10T01:59:39.656+0000][7][gc,age      ] GC(164) Age table with threshold 15 (max threshold 15)
[2024-02-10T01:59:39.656+0000][7][gc,age      ] GC(164) - age   1:     752792 bytes,     752792 total
[2024-02-10T01:59:39.656+0000][7][gc,age      ] GC(164) - age   2:       2176 bytes,     754968 total
[2024-02-10T01:59:39.656+0000][7][gc,age      ] GC(164) - age   3:       8600 bytes,     763568 total
[2024-02-10T01:59:39.656+0000][7][gc,age      ] GC(164) - age   4:       3664 bytes,     767232 total
[2024-02-10T01:59:39.656+0000][7][gc,age      ] GC(164) - age   5:      17024 bytes,     784256 total
[2024-02-10T01:59:39.656+0000][7][gc,age      ] GC(164) - age   6:      25936 bytes,     810192 total
[2024-02-10T01:59:39.656+0000][7][gc,age      ] GC(164) - age   7:      14264 bytes,     824456 total
[2024-02-10T01:59:39.656+0000][7][gc,age      ] GC(164) - age   8:     165960 bytes,     990416 total
[2024-02-10T01:59:39.656+0000][7][gc,age      ] GC(164) - age   9:        200 bytes,     990616 total
[2024-02-10T01:59:39.656+0000][7][gc,age      ] GC(164) - age  10:      75672 bytes,    1066288 total
[2024-02-10T01:59:39.656+0000][7][gc,age      ] GC(164) - age  12:        600 bytes,    1066888 total
[2024-02-10T01:59:39.656+0000][7][gc,age      ] GC(164) - age  13:       4192 bytes,    1071080 total
[2024-02-10T01:59:39.656+0000][7][gc,age      ] GC(164) - age  14:        416 bytes,    1071496 total
[2024-02-10T01:59:39.656+0000][7][gc,age      ] GC(164) - age  15:     333224 bytes,    1404720 total
[2024-02-10T01:59:39.656+0000][7][gc,heap     ] GC(164) Eden regions: 152->0(152)
[2024-02-10T01:59:39.656+0000][7][gc,heap     ] GC(164) Survivor regions: 1->1(20)
[2024-02-10T01:59:39.656+0000][7][gc,heap     ] GC(164) Old regions: 23->23
[2024-02-10T01:59:39.656+0000][7][gc,heap     ] GC(164) Archive regions: 2->2
[2024-02-10T01:59:39.656+0000][7][gc,heap     ] GC(164) Humongous regions: 0->0
[2024-02-10T01:59:39.656+0000][7][gc,metaspace] GC(164) Metaspace: 129417K(133120K)->129417K(133120K) NonClass: 112440K(114368K)->112440K(114368K) Class: 16977K(18752K)->16977K(18752K)
[2024-02-10T01:59:39.656+0000][7][gc          ] GC(164) Pause Young (Normal) (G1 Evacuation Pause) 705M->97M(1024M) 2.363ms
[2024-02-10T01:59:39.656+0000][7][gc,cpu      ] GC(164) User=0.01s Sys=0.01s Real=0.00s
[2024-02-10T01:59:39.656+0000][7][safepoint   ] Safepoint "G1CollectForAllocation", Time since last: 172990753143 ns, Reaching safepoint: 37545 ns, At safepoint: 2449399 ns, Total: 2486944 ns
[2024-02-10T02:02:25.677+0000][7][safepoint   ] Safepoint "Cleanup", Time since last: 166020987594 ns, Reaching safepoint: 71169 ns, At safepoint: 42086 ns, Total: 113255 ns
[2024-02-10T02:02:30.678+0000][7][safepoint   ] Safepoint "Cleanup", Time since last: 5000532606 ns, Reaching safepoint: 102659 ns, At safepoint: 8421 ns, Total: 111080 ns
[2024-02-10T02:02:55.210+0000][7][gc,start    ] GC(165) Pause Young (Normal) (G1 Evacuation Pause)
[2024-02-10T02:02:55.210+0000][7][gc,task     ] GC(165) Using 8 workers of 8 for evacuation
[2024-02-10T02:02:55.210+0000][7][gc,age      ] GC(165) Desired survivor size 41943040 bytes, new threshold 15 (max threshold 15)
[2024-02-10T02:02:55.213+0000][7][gc,phases   ] GC(165)   Pre Evacuate Collection Set: 0.2ms
[2024-02-10T02:02:55.213+0000][7][gc,phases   ] GC(165)   Merge Heap Roots: 0.1ms
[2024-02-10T02:02:55.213+0000][7][gc,phases   ] GC(165)   Evacuate Collection Set: 1.6ms
[2024-02-10T02:02:55.213+0000][7][gc,phases   ] GC(165)   Post Evacuate Collection Set: 1.0ms
[2024-02-10T02:02:55.213+0000][7][gc,phases   ] GC(165)   Other: 0.1ms
[2024-02-10T02:02:55.213+0000][7][gc,age      ] GC(165) Age table with threshold 15 (max threshold 15)
[2024-02-10T02:02:55.213+0000][7][gc,age      ] GC(165) - age   1:     771632 bytes,     771632 total
[2024-02-10T02:02:55.213+0000][7][gc,age      ] GC(165) - age   2:       3104 bytes,     774736 total
[2024-02-10T02:02:55.213+0000][7][gc,age      ] GC(165) - age   3:        656 bytes,     775392 total
[2024-02-10T02:02:55.213+0000][7][gc,age      ] GC(165) - age   4:        288 bytes,     775680 total
[2024-02-10T02:02:55.213+0000][7][gc,age      ] GC(165) - age   5:        208 bytes,     775888 total
[2024-02-10T02:02:55.213+0000][7][gc,age      ] GC(165) - age   6:      16632 bytes,     792520 total
[2024-02-10T02:02:55.213+0000][7][gc,age      ] GC(165) - age   7:      25552 bytes,     818072 total
[2024-02-10T02:02:55.213+0000][7][gc,age      ] GC(165) - age   8:      14264 bytes,     832336 total
[2024-02-10T02:02:55.213+0000][7][gc,age      ] GC(165) - age   9:     165960 bytes,     998296 total
[2024-02-10T02:02:55.213+0000][7][gc,age      ] GC(165) - age  10:        200 bytes,     998496 total
[2024-02-10T02:02:55.213+0000][7][gc,age      ] GC(165) - age  11:      75672 bytes,    1074168 total
[2024-02-10T02:02:55.213+0000][7][gc,age      ] GC(165) - age  13:        600 bytes,    1074768 total
[2024-02-10T02:02:55.213+0000][7][gc,age      ] GC(165) - age  14:       4192 bytes,    1078960 total
[2024-02-10T02:02:55.213+0000][7][gc,age      ] GC(165) - age  15:        416 bytes,    1079376 total
[2024-02-10T02:02:55.213+0000][7][gc,heap     ] GC(165) Eden regions: 152->0(152)
[2024-02-10T02:02:55.213+0000][7][gc,heap     ] GC(165) Survivor regions: 1->1(20)
[2024-02-10T02:02:55.213+0000][7][gc,heap     ] GC(165) Old regions: 23->24
[2024-02-10T02:02:55.213+0000][7][gc,heap     ] GC(165) Archive regions: 2->2
[2024-02-10T02:02:55.213+0000][7][gc,heap     ] GC(165) Humongous regions: 0->0
[2024-02-10T02:02:55.213+0000][7][gc,metaspace] GC(165) Metaspace: 129417K(133120K)->129417K(133120K) NonClass: 112440K(114368K)->112440K(114368K) Class: 16977K(18752K)->16977K(18752K)
[2024-02-10T02:02:55.213+0000][7][gc          ] GC(165) Pause Young (Normal) (G1 Evacuation Pause) 705M->97M(1024M) 3.369ms
[2024-02-10T02:02:55.213+0000][7][gc,cpu      ] GC(165) User=0.02s Sys=0.00s Real=0.00s
[2024-02-10T02:02:55.213+0000][7][safepoint   ] Safepoint "G1CollectForAllocation", Time since last: 24531883805 ns, Reaching safepoint: 50495 ns, At safepoint: 3507845 ns, Total: 3558340 ns
[2024-02-10T02:05:53.246+0000][7][gc,start    ] GC(166) Pause Young (Normal) (G1 Evacuation Pause)
[2024-02-10T02:05:53.246+0000][7][gc,task     ] GC(166) Using 8 workers of 8 for evacuation
[2024-02-10T02:05:53.246+0000][7][gc,age      ] GC(166) Desired survivor size 41943040 bytes, new threshold 15 (max threshold 15)
[2024-02-10T02:05:53.249+0000][7][gc,phases   ] GC(166)   Pre Evacuate Collection Set: 0.1ms
[2024-02-10T02:05:53.249+0000][7][gc,phases   ] GC(166)   Merge Heap Roots: 0.1ms
[2024-02-10T02:05:53.249+0000][7][gc,phases   ] GC(166)   Evacuate Collection Set: 1.5ms
[2024-02-10T02:05:53.249+0000][7][gc,phases   ] GC(166)   Post Evacuate Collection Set: 0.7ms
[2024-02-10T02:05:53.249+0000][7][gc,phases   ] GC(166)   Other: 0.1ms
[2024-02-10T02:05:53.249+0000][7][gc,age      ] GC(166) Age table with threshold 15 (max threshold 15)
[2024-02-10T02:05:53.249+0000][7][gc,age      ] GC(166) - age   1:    1307896 bytes,    1307896 total
[2024-02-10T02:05:53.249+0000][7][gc,age      ] GC(166) - age   2:       7080 bytes,    1314976 total
[2024-02-10T02:05:53.249+0000][7][gc,age      ] GC(166) - age   3:       1688 bytes,    1316664 total
[2024-02-10T02:05:53.249+0000][7][gc,age      ] GC(166) - age   4:        208 bytes,    1316872 total
[2024-02-10T02:05:53.249+0000][7][gc,age      ] GC(166) - age   5:        288 bytes,    1317160 total
[2024-02-10T02:05:53.249+0000][7][gc,age      ] GC(166) - age   6:        208 bytes,    1317368 total
[2024-02-10T02:05:53.249+0000][7][gc,age      ] GC(166) - age   7:      16632 bytes,    1334000 total
[2024-02-10T02:05:53.249+0000][7][gc,age      ] GC(166) - age   8:      25552 bytes,    1359552 total
[2024-02-10T02:05:53.249+0000][7][gc,age      ] GC(166) - age   9:      14264 bytes,    1373816 total
[2024-02-10T02:05:53.249+0000][7][gc,age      ] GC(166) - age  10:     165960 bytes,    1539776 total
[2024-02-10T02:05:53.249+0000][7][gc,age      ] GC(166) - age  11:        200 bytes,    1539976 total
[2024-02-10T02:05:53.249+0000][7][gc,age      ] GC(166) - age  12:      75672 bytes,    1615648 total
[2024-02-10T02:05:53.249+0000][7][gc,age      ] GC(166) - age  14:        600 bytes,    1616248 total
[2024-02-10T02:05:53.249+0000][7][gc,age      ] GC(166) - age  15:       4192 bytes,    1620440 total
[2024-02-10T02:05:53.249+0000][7][gc,heap     ] GC(166) Eden regions: 152->0(152)
[2024-02-10T02:05:53.249+0000][7][gc,heap     ] GC(166) Survivor regions: 1->1(20)
[2024-02-10T02:05:53.249+0000][7][gc,heap     ] GC(166) Old regions: 24->24
[2024-02-10T02:05:53.249+0000][7][gc,heap     ] GC(166) Archive regions: 2->2
[2024-02-10T02:05:53.249+0000][7][gc,heap     ] GC(166) Humongous regions: 0->0
[2024-02-10T02:05:53.249+0000][7][gc,metaspace] GC(166) Metaspace: 129418K(133120K)->129418K(133120K) NonClass: 112440K(114368K)->112440K(114368K) Class: 16977K(18752K)->16977K(18752K)
[2024-02-10T02:05:53.249+0000][7][gc          ] GC(166) Pause Young (Normal) (G1 Evacuation Pause) 705M->97M(1024M) 2.850ms
[2024-02-10T02:05:53.249+0000][7][gc,cpu      ] GC(166) User=0.02s Sys=0.00s Real=0.01s
[2024-02-10T02:05:53.249+0000][7][safepoint   ] Safepoint "G1CollectForAllocation", Time since last: 178032567088 ns, Reaching safepoint: 101610 ns, At safepoint: 2953403 ns, Total: 3055013 ns
[2024-02-10T02:07:30.260+0000][7][safepoint   ] Safepoint "Cleanup", Time since last: 97010667773 ns, Reaching safepoint: 164397 ns, At safepoint: 21232 ns, Total: 185629 ns
[2024-02-10T02:08:24.992+0000][7][gc,start    ] GC(167) Pause Young (Normal) (G1 Evacuation Pause)
[2024-02-10T02:08:24.992+0000][7][gc,task     ] GC(167) Using 8 workers of 8 for evacuation
[2024-02-10T02:08:24.992+0000][7][gc,age      ] GC(167) Desired survivor size 41943040 bytes, new threshold 15 (max threshold 15)
[2024-02-10T02:08:24.995+0000][7][gc,phases   ] GC(167)   Pre Evacuate Collection Set: 0.1ms
[2024-02-10T02:08:24.995+0000][7][gc,phases   ] GC(167)   Merge Heap Roots: 0.1ms
[2024-02-10T02:08:24.995+0000][7][gc,phases   ] GC(167)   Evacuate Collection Set: 1.6ms
[2024-02-10T02:08:24.995+0000][7][gc,phases   ] GC(167)   Post Evacuate Collection Set: 0.9ms
[2024-02-10T02:08:24.995+0000][7][gc,phases   ] GC(167)   Other: 0.1ms
[2024-02-10T02:08:24.995+0000][7][gc,age      ] GC(167) Age table with threshold 15 (max threshold 15)
[2024-02-10T02:08:24.995+0000][7][gc,age      ] GC(167) - age   1:    1245656 bytes,    1245656 total
[2024-02-10T02:08:24.995+0000][7][gc,age      ] GC(167) - age   2:      10328 bytes,    1255984 total
[2024-02-10T02:08:24.995+0000][7][gc,age      ] GC(167) - age   3:       5256 bytes,    1261240 total
[2024-02-10T02:08:24.995+0000][7][gc,age      ] GC(167) - age   4:        976 bytes,    1262216 total
[2024-02-10T02:08:24.995+0000][7][gc,age      ] GC(167) - age   5:        208 bytes,    1262424 total
[2024-02-10T02:08:24.995+0000][7][gc,age      ] GC(167) - age   6:        288 bytes,    1262712 total
[2024-02-10T02:08:24.995+0000][7][gc,age      ] GC(167) - age   7:        208 bytes,    1262920 total
[2024-02-10T02:08:24.995+0000][7][gc,age      ] GC(167) - age   8:      16600 bytes,    1279520 total
[2024-02-10T02:08:24.995+0000][7][gc,age      ] GC(167) - age   9:      25552 bytes,    1305072 total
[2024-02-10T02:08:24.995+0000][7][gc,age      ] GC(167) - age  10:      14264 bytes,    1319336 total
[2024-02-10T02:08:24.995+0000][7][gc,age      ] GC(167) - age  11:     165960 bytes,    1485296 total
[2024-02-10T02:08:24.995+0000][7][gc,age      ] GC(167) - age  12:        200 bytes,    1485496 total
[2024-02-10T02:08:24.995+0000][7][gc,age      ] GC(167) - age  13:      75672 bytes,    1561168 total
[2024-02-10T02:08:24.995+0000][7][gc,age      ] GC(167) - age  15:        600 bytes,    1561768 total
[2024-02-10T02:08:24.995+0000][7][gc,heap     ] GC(167) Eden regions: 152->0(152)
[2024-02-10T02:08:24.995+0000][7][gc,heap     ] GC(167) Survivor regions: 1->1(20)
[2024-02-10T02:08:24.995+0000][7][gc,heap     ] GC(167) Old regions: 24->24
[2024-02-10T02:08:24.995+0000][7][gc,heap     ] GC(167) Archive regions: 2->2
[2024-02-10T02:08:24.995+0000][7][gc,heap     ] GC(167) Humongous regions: 0->0
[2024-02-10T02:08:24.995+0000][7][gc,metaspace] GC(167) Metaspace: 129419K(133120K)->129419K(133120K) NonClass: 112442K(114368K)->112442K(114368K) Class: 16977K(18752K)->16977K(18752K)
[2024-02-10T02:08:24.995+0000][7][gc          ] GC(167) Pause Young (Normal) (G1 Evacuation Pause) 705M->97M(1024M) 3.244ms
[2024-02-10T02:08:24.995+0000][7][gc,cpu      ] GC(167) User=0.01s Sys=0.00s Real=0.00s
[2024-02-10T02:08:24.995+0000][7][safepoint   ] Safepoint "G1CollectForAllocation", Time since last: 54731864570 ns, Reaching safepoint: 41958 ns, At safepoint: 3353022 ns, Total: 3394980 ns
[2024-02-10T02:09:16.002+0000][7][safepoint   ] Safepoint "Cleanup", Time since last: 51006474753 ns, Reaching safepoint: 151370 ns, At safepoint: 11921 ns, Total: 163291 ns
[2024-02-10T02:09:40.004+0000][7][safepoint   ] Safepoint "Cleanup", Time since last: 24002677164 ns, Reaching safepoint: 57377 ns, At safepoint: 39195 ns, Total: 96572 ns
[2024-02-10T02:10:55.005+0000][7][gc,start    ] GC(168) Pause Young (Normal) (G1 Evacuation Pause)
[2024-02-10T02:10:55.005+0000][7][gc,task     ] GC(168) Using 8 workers of 8 for evacuation
[2024-02-10T02:10:55.006+0000][7][gc,age      ] GC(168) Desired survivor size 41943040 bytes, new threshold 15 (max threshold 15)
[2024-02-10T02:10:55.007+0000][7][gc,phases   ] GC(168)   Pre Evacuate Collection Set: 0.1ms
[2024-02-10T02:10:55.007+0000][7][gc,phases   ] GC(168)   Merge Heap Roots: 0.1ms
[2024-02-10T02:10:55.007+0000][7][gc,phases   ] GC(168)   Evacuate Collection Set: 0.9ms
[2024-02-10T02:10:55.007+0000][7][gc,phases   ] GC(168)   Post Evacuate Collection Set: 0.6ms
[2024-02-10T02:10:55.007+0000][7][gc,phases   ] GC(168)   Other: 0.1ms
[2024-02-10T02:10:55.007+0000][7][gc,age      ] GC(168) Age table with threshold 15 (max threshold 15)
[2024-02-10T02:10:55.007+0000][7][gc,age      ] GC(168) - age   1:    1176528 bytes,    1176528 total
[2024-02-10T02:10:55.007+0000][7][gc,age      ] GC(168) - age   2:       3600 bytes,    1180128 total
[2024-02-10T02:10:55.007+0000][7][gc,age      ] GC(168) - age   3:       8528 bytes,    1188656 total
[2024-02-10T02:10:55.007+0000][7][gc,age      ] GC(168) - age   4:       1224 bytes,    1189880 total
[2024-02-10T02:10:55.007+0000][7][gc,age      ] GC(168) - age   5:        912 bytes,    1190792 total
[2024-02-10T02:10:55.007+0000][7][gc,age      ] GC(168) - age   6:        208 bytes,    1191000 total
[2024-02-10T02:10:55.007+0000][7][gc,age      ] GC(168) - age   7:        288 bytes,    1191288 total
[2024-02-10T02:10:55.007+0000][7][gc,age      ] GC(168) - age   8:        208 bytes,    1191496 total
[2024-02-10T02:10:55.007+0000][7][gc,age      ] GC(168) - age   9:      16600 bytes,    1208096 total
[2024-02-10T02:10:55.007+0000][7][gc,age      ] GC(168) - age  10:      25552 bytes,    1233648 total
[2024-02-10T02:10:55.007+0000][7][gc,age      ] GC(168) - age  11:      14264 bytes,    1247912 total
[2024-02-10T02:10:55.007+0000][7][gc,age      ] GC(168) - age  12:     165960 bytes,    1413872 total
[2024-02-10T02:10:55.007+0000][7][gc,age      ] GC(168) - age  13:        200 bytes,    1414072 total
[2024-02-10T02:10:55.007+0000][7][gc,age      ] GC(168) - age  14:      75672 bytes,    1489744 total
[2024-02-10T02:10:55.007+0000][7][gc,heap     ] GC(168) Eden regions: 152->0(152)
[2024-02-10T02:10:55.007+0000][7][gc,heap     ] GC(168) Survivor regions: 1->1(20)
[2024-02-10T02:10:55.007+0000][7][gc,heap     ] GC(168) Old regions: 24->24
[2024-02-10T02:10:55.007+0000][7][gc,heap     ] GC(168) Archive regions: 2->2
[2024-02-10T02:10:55.007+0000][7][gc,heap     ] GC(168) Humongous regions: 0->0
[2024-02-10T02:10:55.007+0000][7][gc,metaspace] GC(168) Metaspace: 129419K(133120K)->129419K(133120K) NonClass: 112442K(114368K)->112442K(114368K) Class: 16977K(18752K)->16977K(18752K)
[2024-02-10T02:10:55.007+0000][7][gc          ] GC(168) Pause Young (Normal) (G1 Evacuation Pause) 705M->97M(1024M) 2.026ms
[2024-02-10T02:10:55.008+0000][7][gc,cpu      ] GC(168) User=0.01s Sys=0.00s Real=0.00s
[2024-02-10T02:10:55.008+0000][7][safepoint   ] Safepoint "G1CollectForAllocation", Time since last: 75001002545 ns, Reaching safepoint: 36325 ns, At safepoint: 2108392 ns, Total: 2144717 ns
[2024-02-10T02:13:28.787+0000][7][gc,start    ] GC(169) Pause Young (Normal) (G1 Evacuation Pause)
[2024-02-10T02:13:28.787+0000][7][gc,task     ] GC(169) Using 8 workers of 8 for evacuation
[2024-02-10T02:13:28.787+0000][7][gc,age      ] GC(169) Desired survivor size 41943040 bytes, new threshold 15 (max threshold 15)
[2024-02-10T02:13:28.789+0000][7][gc,phases   ] GC(169)   Pre Evacuate Collection Set: 0.1ms
[2024-02-10T02:13:28.789+0000][7][gc,phases   ] GC(169)   Merge Heap Roots: 0.1ms
[2024-02-10T02:13:28.789+0000][7][gc,phases   ] GC(169)   Evacuate Collection Set: 1.1ms
[2024-02-10T02:13:28.789+0000][7][gc,phases   ] GC(169)   Post Evacuate Collection Set: 0.6ms
[2024-02-10T02:13:28.789+0000][7][gc,phases   ] GC(169)   Other: 0.1ms
[2024-02-10T02:13:28.789+0000][7][gc,age      ] GC(169) Age table with threshold 15 (max threshold 15)
[2024-02-10T02:13:28.789+0000][7][gc,age      ] GC(169) - age   1:    1735312 bytes,    1735312 total
[2024-02-10T02:13:28.789+0000][7][gc,age      ] GC(169) - age   2:     145248 bytes,    1880560 total
[2024-02-10T02:13:28.789+0000][7][gc,age      ] GC(169) - age   3:       1472 bytes,    1882032 total
[2024-02-10T02:13:28.789+0000][7][gc,age      ] GC(169) - age   4:       8144 bytes,    1890176 total
[2024-02-10T02:13:28.789+0000][7][gc,age      ] GC(169) - age   5:       1224 bytes,    1891400 total
[2024-02-10T02:13:28.789+0000][7][gc,age      ] GC(169) - age   6:        848 bytes,    1892248 total
[2024-02-10T02:13:28.789+0000][7][gc,age      ] GC(169) - age   7:        208 bytes,    1892456 total
[2024-02-10T02:13:28.789+0000][7][gc,age      ] GC(169) - age   8:        288 bytes,    1892744 total
[2024-02-10T02:13:28.789+0000][7][gc,age      ] GC(169) - age   9:        208 bytes,    1892952 total
[2024-02-10T02:13:28.789+0000][7][gc,age      ] GC(169) - age  10:      16600 bytes,    1909552 total
[2024-02-10T02:13:28.789+0000][7][gc,age      ] GC(169) - age  11:      25552 bytes,    1935104 total
[2024-02-10T02:13:28.789+0000][7][gc,age      ] GC(169) - age  12:      14264 bytes,    1949368 total
[2024-02-10T02:13:28.789+0000][7][gc,age      ] GC(169) - age  13:     165960 bytes,    2115328 total
[2024-02-10T02:13:28.789+0000][7][gc,age      ] GC(169) - age  14:        200 bytes,    2115528 total
[2024-02-10T02:13:28.789+0000][7][gc,age      ] GC(169) - age  15:      75672 bytes,    2191200 total
[2024-02-10T02:13:28.789+0000][7][gc,heap     ] GC(169) Eden regions: 152->0(152)
[2024-02-10T02:13:28.789+0000][7][gc,heap     ] GC(169) Survivor regions: 1->1(20)
[2024-02-10T02:13:28.789+0000][7][gc,heap     ] GC(169) Old regions: 24->24
[2024-02-10T02:13:28.789+0000][7][gc,heap     ] GC(169) Archive regions: 2->2
[2024-02-10T02:13:28.789+0000][7][gc,heap     ] GC(169) Humongous regions: 0->0
[2024-02-10T02:13:28.789+0000][7][gc,metaspace] GC(169) Metaspace: 129419K(133120K)->129419K(133120K) NonClass: 112442K(114368K)->112442K(114368K) Class: 16977K(18752K)->16977K(18752K)
[2024-02-10T02:13:28.789+0000][7][gc          ] GC(169) Pause Young (Normal) (G1 Evacuation Pause) 705M->98M(1024M) 2.096ms
[2024-02-10T02:13:28.789+0000][7][gc,cpu      ] GC(169) User=0.01s Sys=0.00s Real=0.01s
[2024-02-10T02:13:28.789+0000][7][safepoint   ] Safepoint "G1CollectForAllocation", Time since last: 153779272696 ns, Reaching safepoint: 47353 ns, At safepoint: 2162025 ns, Total: 2209378 ns
[2024-02-10T02:15:08.800+0000][7][safepoint   ] Safepoint "Cleanup", Time since last: 100011033078 ns, Reaching safepoint: 91456 ns, At safepoint: 10746 ns, Total: 102202 ns
[2024-02-10T02:15:58.122+0000][7][gc,start    ] GC(170) Pause Young (Normal) (G1 Evacuation Pause)
[2024-02-10T02:15:58.122+0000][7][gc,task     ] GC(170) Using 8 workers of 8 for evacuation
[2024-02-10T02:15:58.122+0000][7][gc,age      ] GC(170) Desired survivor size 41943040 bytes, new threshold 15 (max threshold 15)
[2024-02-10T02:15:58.125+0000][7][gc,phases   ] GC(170)   Pre Evacuate Collection Set: 0.1ms
[2024-02-10T02:15:58.125+0000][7][gc,phases   ] GC(170)   Merge Heap Roots: 0.1ms
[2024-02-10T02:15:58.125+0000][7][gc,phases   ] GC(170)   Evacuate Collection Set: 1.8ms
[2024-02-10T02:15:58.125+0000][7][gc,phases   ] GC(170)   Post Evacuate Collection Set: 0.9ms
[2024-02-10T02:15:58.125+0000][7][gc,phases   ] GC(170)   Other: 0.1ms
[2024-02-10T02:15:58.125+0000][7][gc,age      ] GC(170) Age table with threshold 15 (max threshold 15)
[2024-02-10T02:15:58.125+0000][7][gc,age      ] GC(170) - age   1:    1776320 bytes,    1776320 total
[2024-02-10T02:15:58.125+0000][7][gc,age      ] GC(170) - age   2:       3040 bytes,    1779360 total
[2024-02-10T02:15:58.125+0000][7][gc,age      ] GC(170) - age   3:     143384 bytes,    1922744 total
[2024-02-10T02:15:58.125+0000][7][gc,age      ] GC(170) - age   4:       1152 bytes,    1923896 total
[2024-02-10T02:15:58.125+0000][7][gc,age      ] GC(170) - age   5:       8016 bytes,    1931912 total
[2024-02-10T02:15:58.125+0000][7][gc,age      ] GC(170) - age   6:        832 bytes,    1932744 total
[2024-02-10T02:15:58.125+0000][7][gc,age      ] GC(170) - age   7:        664 bytes,    1933408 total
[2024-02-10T02:15:58.125+0000][7][gc,age      ] GC(170) - age   8:        208 bytes,    1933616 total
[2024-02-10T02:15:58.125+0000][7][gc,age      ] GC(170) - age   9:        256 bytes,    1933872 total
[2024-02-10T02:15:58.125+0000][7][gc,age      ] GC(170) - age  10:        208 bytes,    1934080 total
[2024-02-10T02:15:58.125+0000][7][gc,age      ] GC(170) - age  11:      16600 bytes,    1950680 total
[2024-02-10T02:15:58.125+0000][7][gc,age      ] GC(170) - age  12:      25552 bytes,    1976232 total
[2024-02-10T02:15:58.125+0000][7][gc,age      ] GC(170) - age  13:      14264 bytes,    1990496 total
[2024-02-10T02:15:58.125+0000][7][gc,age      ] GC(170) - age  14:     165960 bytes,    2156456 total
[2024-02-10T02:15:58.125+0000][7][gc,age      ] GC(170) - age  15:        200 bytes,    2156656 total
[2024-02-10T02:15:58.125+0000][7][gc,heap     ] GC(170) Eden regions: 152->0(152)
[2024-02-10T02:15:58.125+0000][7][gc,heap     ] GC(170) Survivor regions: 1->1(20)
[2024-02-10T02:15:58.125+0000][7][gc,heap     ] GC(170) Old regions: 24->24
[2024-02-10T02:15:58.125+0000][7][gc,heap     ] GC(170) Archive regions: 2->2
[2024-02-10T02:15:58.125+0000][7][gc,heap     ] GC(170) Humongous regions: 0->0
[2024-02-10T02:15:58.125+0000][7][gc,metaspace] GC(170) Metaspace: 129425K(133184K)->129425K(133184K) NonClass: 112448K(114432K)->112448K(114432K) Class: 16977K(18752K)->16977K(18752K)
[2024-02-10T02:15:58.125+0000][7][gc          ] GC(170) Pause Young (Normal) (G1 Evacuation Pause) 706M->98M(1024M) 3.314ms
[2024-02-10T02:15:58.125+0000][7][gc,cpu      ] GC(170) User=0.01s Sys=0.00s Real=0.00s
[2024-02-10T02:15:58.125+0000][7][safepoint   ] Safepoint "G1CollectForAllocation", Time since last: 49321303815 ns, Reaching safepoint: 53778 ns, At safepoint: 3413886 ns, Total: 3467664 ns
[2024-02-10T02:17:30.135+0000][7][safepoint   ] Safepoint "Cleanup", Time since last: 92010393269 ns, Reaching safepoint: 52449 ns, At safepoint: 4987 ns, Total: 57436 ns
[2024-02-10T02:18:37.559+0000][7][gc,start    ] GC(171) Pause Young (Normal) (G1 Evacuation Pause)
[2024-02-10T02:18:37.559+0000][7][gc,task     ] GC(171) Using 8 workers of 8 for evacuation
[2024-02-10T02:18:37.559+0000][7][gc,age      ] GC(171) Desired survivor size 41943040 bytes, new threshold 15 (max threshold 15)
[2024-02-10T02:18:37.564+0000][7][gc,phases   ] GC(171)   Pre Evacuate Collection Set: 0.2ms
[2024-02-10T02:18:37.564+0000][7][gc,phases   ] GC(171)   Merge Heap Roots: 0.1ms
[2024-02-10T02:18:37.564+0000][7][gc,phases   ] GC(171)   Evacuate Collection Set: 3.2ms
[2024-02-10T02:18:37.564+0000][7][gc,phases   ] GC(171)   Post Evacuate Collection Set: 1.2ms
[2024-02-10T02:18:37.564+0000][7][gc,phases   ] GC(171)   Other: 0.2ms
[2024-02-10T02:18:37.564+0000][7][gc,age      ] GC(171) Age table with threshold 15 (max threshold 15)
[2024-02-10T02:18:37.564+0000][7][gc,age      ] GC(171) - age   1:    1820320 bytes,    1820320 total
[2024-02-10T02:18:37.564+0000][7][gc,age      ] GC(171) - age   2:      11304 bytes,    1831624 total
[2024-02-10T02:18:37.564+0000][7][gc,age      ] GC(171) - age   3:       1336 bytes,    1832960 total
[2024-02-10T02:18:37.564+0000][7][gc,age      ] GC(171) - age   4:     143320 bytes,    1976280 total
[2024-02-10T02:18:37.564+0000][7][gc,age      ] GC(171) - age   5:        280 bytes,    1976560 total
[2024-02-10T02:18:37.564+0000][7][gc,age      ] GC(171) - age   6:       8016 bytes,    1984576 total
[2024-02-10T02:18:37.564+0000][7][gc,age      ] GC(171) - age   7:        832 bytes,    1985408 total
[2024-02-10T02:18:37.564+0000][7][gc,age      ] GC(171) - age   8:        632 bytes,    1986040 total
[2024-02-10T02:18:37.564+0000][7][gc,age      ] GC(171) - age   9:        208 bytes,    1986248 total
[2024-02-10T02:18:37.564+0000][7][gc,age      ] GC(171) - age  10:        256 bytes,    1986504 total
[2024-02-10T02:18:37.564+0000][7][gc,age      ] GC(171) - age  11:        208 bytes,    1986712 total
[2024-02-10T02:18:37.564+0000][7][gc,age      ] GC(171) - age  12:      16600 bytes,    2003312 total
[2024-02-10T02:18:37.564+0000][7][gc,age      ] GC(171) - age  13:      25552 bytes,    2028864 total
[2024-02-10T02:18:37.564+0000][7][gc,age      ] GC(171) - age  14:      14264 bytes,    2043128 total
[2024-02-10T02:18:37.564+0000][7][gc,age      ] GC(171) - age  15:     165960 bytes,    2209088 total
[2024-02-10T02:18:37.564+0000][7][gc,heap     ] GC(171) Eden regions: 152->0(152)
[2024-02-10T02:18:37.564+0000][7][gc,heap     ] GC(171) Survivor regions: 1->1(20)
[2024-02-10T02:18:37.564+0000][7][gc,heap     ] GC(171) Old regions: 24->24
[2024-02-10T02:18:37.564+0000][7][gc,heap     ] GC(171) Archive regions: 2->2
[2024-02-10T02:18:37.564+0000][7][gc,heap     ] GC(171) Humongous regions: 0->0
[2024-02-10T02:18:37.564+0000][7][gc,metaspace] GC(171) Metaspace: 129427K(133184K)->129427K(133184K) NonClass: 112450K(114432K)->112450K(114432K) Class: 16977K(18752K)->16977K(18752K)
[2024-02-10T02:18:37.564+0000][7][gc          ] GC(171) Pause Young (Normal) (G1 Evacuation Pause) 706M->98M(1024M) 5.260ms
[2024-02-10T02:18:37.564+0000][7][gc,cpu      ] GC(171) User=0.02s Sys=0.00s Real=0.00s
[2024-02-10T02:18:37.564+0000][7][safepoint   ] Safepoint "G1CollectForAllocation", Time since last: 67423271603 ns, Reaching safepoint: 56958 ns, At safepoint: 5386660 ns, Total: 5443618 ns
[2024-02-10T02:21:07.004+0000][7][gc,start    ] GC(172) Pause Young (Normal) (G1 Evacuation Pause)
[2024-02-10T02:21:07.004+0000][7][gc,task     ] GC(172) Using 8 workers of 8 for evacuation
[2024-02-10T02:21:07.004+0000][7][gc,age      ] GC(172) Desired survivor size 41943040 bytes, new threshold 15 (max threshold 15)
[2024-02-10T02:21:07.007+0000][7][gc,phases   ] GC(172)   Pre Evacuate Collection Set: 0.1ms
[2024-02-10T02:21:07.007+0000][7][gc,phases   ] GC(172)   Merge Heap Roots: 0.1ms
[2024-02-10T02:21:07.007+0000][7][gc,phases   ] GC(172)   Evacuate Collection Set: 2.1ms
[2024-02-10T02:21:07.007+0000][7][gc,phases   ] GC(172)   Post Evacuate Collection Set: 0.7ms
[2024-02-10T02:21:07.007+0000][7][gc,phases   ] GC(172)   Other: 0.1ms
[2024-02-10T02:21:07.007+0000][7][gc,age      ] GC(172) Age table with threshold 15 (max threshold 15)
[2024-02-10T02:21:07.007+0000][7][gc,age      ] GC(172) - age   1:    1619664 bytes,    1619664 total
[2024-02-10T02:21:07.007+0000][7][gc,age      ] GC(172) - age   2:       3456 bytes,    1623120 total
[2024-02-10T02:21:07.007+0000][7][gc,age      ] GC(172) - age   3:       8600 bytes,    1631720 total
[2024-02-10T02:21:07.007+0000][7][gc,age      ] GC(172) - age   4:        256 bytes,    1631976 total
[2024-02-10T02:21:07.007+0000][7][gc,age      ] GC(172) - age   5:     139864 bytes,    1771840 total
[2024-02-10T02:21:07.007+0000][7][gc,age      ] GC(172) - age   6:        280 bytes,    1772120 total
[2024-02-10T02:21:07.007+0000][7][gc,age      ] GC(172) - age   7:       8016 bytes,    1780136 total
[2024-02-10T02:21:07.007+0000][7][gc,age      ] GC(172) - age   8:        832 bytes,    1780968 total
[2024-02-10T02:21:07.007+0000][7][gc,age      ] GC(172) - age   9:        632 bytes,    1781600 total
[2024-02-10T02:21:07.007+0000][7][gc,age      ] GC(172) - age  10:        208 bytes,    1781808 total
[2024-02-10T02:21:07.007+0000][7][gc,age      ] GC(172) - age  11:        256 bytes,    1782064 total
[2024-02-10T02:21:07.008+0000][7][gc,age      ] GC(172) - age  12:        208 bytes,    1782272 total
[2024-02-10T02:21:07.008+0000][7][gc,age      ] GC(172) - age  13:      16600 bytes,    1798872 total
[2024-02-10T02:21:07.008+0000][7][gc,age      ] GC(172) - age  14:      25552 bytes,    1824424 total
[2024-02-10T02:21:07.008+0000][7][gc,age      ] GC(172) - age  15:      14264 bytes,    1838688 total
[2024-02-10T02:21:07.008+0000][7][gc,heap     ] GC(172) Eden regions: 152->0(152)
[2024-02-10T02:21:07.008+0000][7][gc,heap     ] GC(172) Survivor regions: 1->1(20)
[2024-02-10T02:21:07.008+0000][7][gc,heap     ] GC(172) Old regions: 24->24
[2024-02-10T02:21:07.008+0000][7][gc,heap     ] GC(172) Archive regions: 2->2
[2024-02-10T02:21:07.008+0000][7][gc,heap     ] GC(172) Humongous regions: 0->0
[2024-02-10T02:21:07.008+0000][7][gc,metaspace] GC(172) Metaspace: 129427K(133184K)->129427K(133184K) NonClass: 112450K(114432K)->112450K(114432K) Class: 16977K(18752K)->16977K(18752K)
[2024-02-10T02:21:07.008+0000][7][gc          ] GC(172) Pause Young (Normal) (G1 Evacuation Pause) 706M->98M(1024M) 3.337ms
[2024-02-10T02:21:07.008+0000][7][gc,cpu      ] GC(172) User=0.01s Sys=0.01s Real=0.00s
[2024-02-10T02:21:07.008+0000][7][safepoint   ] Safepoint "G1CollectForAllocation", Time since last: 149440027999 ns, Reaching safepoint: 101421 ns, At safepoint: 3425447 ns, Total: 3526868 ns
[2024-02-10T02:23:48.327+0000][7][gc,start    ] GC(173) Pause Young (Normal) (G1 Evacuation Pause)
[2024-02-10T02:23:48.327+0000][7][gc,task     ] GC(173) Using 8 workers of 8 for evacuation
[2024-02-10T02:23:48.327+0000][7][gc,age      ] GC(173) Desired survivor size 41943040 bytes, new threshold 15 (max threshold 15)
[2024-02-10T02:23:48.330+0000][7][gc,phases   ] GC(173)   Pre Evacuate Collection Set: 0.1ms
[2024-02-10T02:23:48.330+0000][7][gc,phases   ] GC(173)   Merge Heap Roots: 0.1ms
[2024-02-10T02:23:48.330+0000][7][gc,phases   ] GC(173)   Evacuate Collection Set: 1.4ms
[2024-02-10T02:23:48.330+0000][7][gc,phases   ] GC(173)   Post Evacuate Collection Set: 0.8ms
[2024-02-10T02:23:48.330+0000][7][gc,phases   ] GC(173)   Other: 0.1ms
[2024-02-10T02:23:48.330+0000][7][gc,age      ] GC(173) Age table with threshold 15 (max threshold 15)
[2024-02-10T02:23:48.330+0000][7][gc,age      ] GC(173) - age   1:    1197984 bytes,    1197984 total
[2024-02-10T02:23:48.330+0000][7][gc,age      ] GC(173) - age   2:       6664 bytes,    1204648 total
[2024-02-10T02:23:48.330+0000][7][gc,age      ] GC(173) - age   3:       1304 bytes,    1205952 total
[2024-02-10T02:23:48.330+0000][7][gc,age      ] GC(173) - age   4:       8536 bytes,    1214488 total
[2024-02-10T02:23:48.330+0000][7][gc,age      ] GC(173) - age   5:         64 bytes,    1214552 total
[2024-02-10T02:23:48.330+0000][7][gc,age      ] GC(173) - age   6:     139800 bytes,    1354352 total
[2024-02-10T02:23:48.330+0000][7][gc,age      ] GC(173) - age   7:        216 bytes,    1354568 total
[2024-02-10T02:23:48.330+0000][7][gc,age      ] GC(173) - age   8:       8016 bytes,    1362584 total
[2024-02-10T02:23:48.330+0000][7][gc,age      ] GC(173) - age   9:        448 bytes,    1363032 total
[2024-02-10T02:23:48.330+0000][7][gc,age      ] GC(173) - age  10:        632 bytes,    1363664 total
[2024-02-10T02:23:48.330+0000][7][gc,age      ] GC(173) - age  11:        208 bytes,    1363872 total
[2024-02-10T02:23:48.330+0000][7][gc,age      ] GC(173) - age  12:        256 bytes,    1364128 total
[2024-02-10T02:23:48.330+0000][7][gc,age      ] GC(173) - age  13:        208 bytes,    1364336 total
[2024-02-10T02:23:48.330+0000][7][gc,age      ] GC(173) - age  14:      16600 bytes,    1380936 total
[2024-02-10T02:23:48.330+0000][7][gc,age      ] GC(173) - age  15:      25368 bytes,    1406304 total
[2024-02-10T02:23:48.330+0000][7][gc,heap     ] GC(173) Eden regions: 152->0(152)
[2024-02-10T02:23:48.330+0000][7][gc,heap     ] GC(173) Survivor regions: 1->1(20)
[2024-02-10T02:23:48.330+0000][7][gc,heap     ] GC(173) Old regions: 24->24
[2024-02-10T02:23:48.330+0000][7][gc,heap     ] GC(173) Archive regions: 2->2
[2024-02-10T02:23:48.330+0000][7][gc,heap     ] GC(173) Humongous regions: 0->0
[2024-02-10T02:23:48.330+0000][7][gc,metaspace] GC(173) Metaspace: 129427K(133184K)->129427K(133184K) NonClass: 112450K(114432K)->112450K(114432K) Class: 16977K(18752K)->16977K(18752K)
[2024-02-10T02:23:48.330+0000][7][gc          ] GC(173) Pause Young (Normal) (G1 Evacuation Pause) 706M->97M(1024M) 2.792ms
[2024-02-10T02:23:48.330+0000][7][gc,cpu      ] GC(173) User=0.01s Sys=0.00s Real=0.01s
[2024-02-10T02:23:48.330+0000][7][safepoint   ] Safepoint "G1CollectForAllocation", Time since last: 161319635767 ns, Reaching safepoint: 68820 ns, At safepoint: 2888932 ns, Total: 2957752 ns
[2024-02-10T02:26:15.889+0000][7][gc,start    ] GC(174) Pause Young (Normal) (G1 Evacuation Pause)
[2024-02-10T02:26:15.889+0000][7][gc,task     ] GC(174) Using 8 workers of 8 for evacuation
[2024-02-10T02:26:15.889+0000][7][gc,age      ] GC(174) Desired survivor size 41943040 bytes, new threshold 15 (max threshold 15)
[2024-02-10T02:26:15.892+0000][7][gc,phases   ] GC(174)   Pre Evacuate Collection Set: 0.1ms
[2024-02-10T02:26:15.892+0000][7][gc,phases   ] GC(174)   Merge Heap Roots: 0.1ms
[2024-02-10T02:26:15.892+0000][7][gc,phases   ] GC(174)   Evacuate Collection Set: 1.4ms
[2024-02-10T02:26:15.892+0000][7][gc,phases   ] GC(174)   Post Evacuate Collection Set: 0.7ms
[2024-02-10T02:26:15.892+0000][7][gc,phases   ] GC(174)   Other: 0.1ms
[2024-02-10T02:26:15.892+0000][7][gc,age      ] GC(174) Age table with threshold 15 (max threshold 15)
[2024-02-10T02:26:15.892+0000][7][gc,age      ] GC(174) - age   1:    1233736 bytes,    1233736 total
[2024-02-10T02:26:15.892+0000][7][gc,age      ] GC(174) - age   2:       2784 bytes,    1236520 total
[2024-02-10T02:26:15.892+0000][7][gc,age      ] GC(174) - age   3:       4224 bytes,    1240744 total
[2024-02-10T02:26:15.892+0000][7][gc,age      ] GC(174) - age   4:        992 bytes,    1241736 total
[2024-02-10T02:26:15.892+0000][7][gc,age      ] GC(174) - age   5:       8408 bytes,    1250144 total
[2024-02-10T02:26:15.892+0000][7][gc,age      ] GC(174) - age   7:     139800 bytes,    1389944 total
[2024-02-10T02:26:15.892+0000][7][gc,age      ] GC(174) - age   8:        216 bytes,    1390160 total
[2024-02-10T02:26:15.892+0000][7][gc,age      ] GC(174) - age   9:       8016 bytes,    1398176 total
[2024-02-10T02:26:15.892+0000][7][gc,age      ] GC(174) - age  10:        448 bytes,    1398624 total
[2024-02-10T02:26:15.892+0000][7][gc,age      ] GC(174) - age  11:        632 bytes,    1399256 total
[2024-02-10T02:26:15.892+0000][7][gc,age      ] GC(174) - age  12:        208 bytes,    1399464 total
[2024-02-10T02:26:15.892+0000][7][gc,age      ] GC(174) - age  13:        256 bytes,    1399720 total
[2024-02-10T02:26:15.892+0000][7][gc,age      ] GC(174) - age  14:        208 bytes,    1399928 total
[2024-02-10T02:26:15.892+0000][7][gc,age      ] GC(174) - age  15:      16600 bytes,    1416528 total
[2024-02-10T02:26:15.892+0000][7][gc,heap     ] GC(174) Eden regions: 152->0(152)
[2024-02-10T02:26:15.892+0000][7][gc,heap     ] GC(174) Survivor regions: 1->1(20)
[2024-02-10T02:26:15.892+0000][7][gc,heap     ] GC(174) Old regions: 24->24
[2024-02-10T02:26:15.892+0000][7][gc,heap     ] GC(174) Archive regions: 2->2
[2024-02-10T02:26:15.892+0000][7][gc,heap     ] GC(174) Humongous regions: 0->0
[2024-02-10T02:26:15.892+0000][7][gc,metaspace] GC(174) Metaspace: 129427K(133184K)->129427K(133184K) NonClass: 112450K(114432K)->112450K(114432K) Class: 16977K(18752K)->16977K(18752K)
[2024-02-10T02:26:15.892+0000][7][gc          ] GC(174) Pause Young (Normal) (G1 Evacuation Pause) 705M->97M(1024M) 2.694ms
[2024-02-10T02:26:15.892+0000][7][gc,cpu      ] GC(174) User=0.01s Sys=0.00s Real=0.00s
[2024-02-10T02:26:15.892+0000][7][safepoint   ] Safepoint "G1CollectForAllocation", Time since last: 147558955975 ns, Reaching safepoint: 86408 ns, At safepoint: 2795119 ns, Total: 2881527 ns
[2024-02-10T02:26:30.894+0000][7][safepoint   ] Safepoint "Cleanup", Time since last: 15001798101 ns, Reaching safepoint: 56208 ns, At safepoint: 31501 ns, Total: 87709 ns
[2024-02-10T02:27:29.901+0000][7][safepoint   ] Safepoint "Cleanup", Time since last: 59007125931 ns, Reaching safepoint: 73831 ns, At safepoint: 5906 ns, Total: 79737 ns
[2024-02-10T02:28:48.760+0000][7][gc,start    ] GC(175) Pause Young (Normal) (G1 Evacuation Pause)
[2024-02-10T02:28:48.760+0000][7][gc,task     ] GC(175) Using 8 workers of 8 for evacuation
[2024-02-10T02:28:48.760+0000][7][gc,age      ] GC(175) Desired survivor size 41943040 bytes, new threshold 15 (max threshold 15)
[2024-02-10T02:28:48.762+0000][7][gc,phases   ] GC(175)   Pre Evacuate Collection Set: 0.1ms
[2024-02-10T02:28:48.762+0000][7][gc,phases   ] GC(175)   Merge Heap Roots: 0.1ms
[2024-02-10T02:28:48.762+0000][7][gc,phases   ] GC(175)   Evacuate Collection Set: 1.0ms
[2024-02-10T02:28:48.762+0000][7][gc,phases   ] GC(175)   Post Evacuate Collection Set: 0.7ms
[2024-02-10T02:28:48.762+0000][7][gc,phases   ] GC(175)   Other: 0.1ms
[2024-02-10T02:28:48.762+0000][7][gc,age      ] GC(175) Age table with threshold 15 (max threshold 15)
[2024-02-10T02:28:48.762+0000][7][gc,age      ] GC(175) - age   1:     846072 bytes,     846072 total
[2024-02-10T02:28:48.762+0000][7][gc,age      ] GC(175) - age   2:       1184 bytes,     847256 total
[2024-02-10T02:28:48.762+0000][7][gc,age      ] GC(175) - age   3:        632 bytes,     847888 total
[2024-02-10T02:28:48.762+0000][7][gc,age      ] GC(175) - age   4:       3736 bytes,     851624 total
[2024-02-10T02:28:48.762+0000][7][gc,age      ] GC(175) - age   5:        216 bytes,     851840 total
[2024-02-10T02:28:48.762+0000][7][gc,age      ] GC(175) - age   6:       8408 bytes,     860248 total
[2024-02-10T02:28:48.762+0000][7][gc,age      ] GC(175) - age   8:     139712 bytes,     999960 total
[2024-02-10T02:28:48.762+0000][7][gc,age      ] GC(175) - age  10:       8016 bytes,    1007976 total
[2024-02-10T02:28:48.762+0000][7][gc,age      ] GC(175) - age  11:        448 bytes,    1008424 total
[2024-02-10T02:28:48.762+0000][7][gc,age      ] GC(175) - age  12:        632 bytes,    1009056 total
[2024-02-10T02:28:48.762+0000][7][gc,age      ] GC(175) - age  13:        208 bytes,    1009264 total
[2024-02-10T02:28:48.762+0000][7][gc,age      ] GC(175) - age  14:        256 bytes,    1009520 total
[2024-02-10T02:28:48.762+0000][7][gc,age      ] GC(175) - age  15:        208 bytes,    1009728 total
[2024-02-10T02:28:48.762+0000][7][gc,heap     ] GC(175) Eden regions: 152->0(152)
[2024-02-10T02:28:48.762+0000][7][gc,heap     ] GC(175) Survivor regions: 1->1(20)
[2024-02-10T02:28:48.762+0000][7][gc,heap     ] GC(175) Old regions: 24->24
[2024-02-10T02:28:48.762+0000][7][gc,heap     ] GC(175) Archive regions: 2->2
[2024-02-10T02:28:48.762+0000][7][gc,heap     ] GC(175) Humongous regions: 0->0
[2024-02-10T02:28:48.762+0000][7][gc,metaspace] GC(175) Metaspace: 129428K(133184K)->129428K(133184K) NonClass: 112451K(114432K)->112451K(114432K) Class: 16977K(18752K)->16977K(18752K)
[2024-02-10T02:28:48.762+0000][7][gc          ] GC(175) Pause Young (Normal) (G1 Evacuation Pause) 705M->97M(1024M) 2.230ms
[2024-02-10T02:28:48.762+0000][7][gc,cpu      ] GC(175) User=0.01s Sys=0.00s Real=0.00s
[2024-02-10T02:28:48.762+0000][7][safepoint   ] Safepoint "G1CollectForAllocation", Time since last: 78858524737 ns, Reaching safepoint: 61859 ns, At safepoint: 2317464 ns, Total: 2379323 ns
[2024-02-10T02:31:25.712+0000][7][gc,start    ] GC(176) Pause Young (Normal) (G1 Evacuation Pause)
[2024-02-10T02:31:25.712+0000][7][gc,task     ] GC(176) Using 8 workers of 8 for evacuation
[2024-02-10T02:31:25.712+0000][7][gc,age      ] GC(176) Desired survivor size 41943040 bytes, new threshold 15 (max threshold 15)
[2024-02-10T02:31:25.714+0000][7][gc,phases   ] GC(176)   Pre Evacuate Collection Set: 0.1ms
[2024-02-10T02:31:25.714+0000][7][gc,phases   ] GC(176)   Merge Heap Roots: 0.1ms
[2024-02-10T02:31:25.714+0000][7][gc,phases   ] GC(176)   Evacuate Collection Set: 1.5ms
[2024-02-10T02:31:25.714+0000][7][gc,phases   ] GC(176)   Post Evacuate Collection Set: 0.7ms
[2024-02-10T02:31:25.714+0000][7][gc,phases   ] GC(176)   Other: 0.1ms
[2024-02-10T02:31:25.714+0000][7][gc,age      ] GC(176) Age table with threshold 15 (max threshold 15)
[2024-02-10T02:31:25.714+0000][7][gc,age      ] GC(176) - age   1:    1849568 bytes,    1849568 total
[2024-02-10T02:31:25.714+0000][7][gc,age      ] GC(176) - age   2:       2720 bytes,    1852288 total
[2024-02-10T02:31:25.715+0000][7][gc,age      ] GC(176) - age   3:        384 bytes,    1852672 total
[2024-02-10T02:31:25.715+0000][7][gc,age      ] GC(176) - age   4:        568 bytes,    1853240 total
[2024-02-10T02:31:25.715+0000][7][gc,age      ] GC(176) - age   5:        216 bytes,    1853456 total
[2024-02-10T02:31:25.715+0000][7][gc,age      ] GC(176) - age   6:        216 bytes,    1853672 total
[2024-02-10T02:31:25.715+0000][7][gc,age      ] GC(176) - age   7:       8016 bytes,    1861688 total
[2024-02-10T02:31:25.715+0000][7][gc,age      ] GC(176) - age   9:     139712 bytes,    2001400 total
[2024-02-10T02:31:25.715+0000][7][gc,age      ] GC(176) - age  11:       8016 bytes,    2009416 total
[2024-02-10T02:31:25.715+0000][7][gc,age      ] GC(176) - age  12:        448 bytes,    2009864 total
[2024-02-10T02:31:25.715+0000][7][gc,age      ] GC(176) - age  13:        632 bytes,    2010496 total
[2024-02-10T02:31:25.715+0000][7][gc,age      ] GC(176) - age  14:        208 bytes,    2010704 total
[2024-02-10T02:31:25.715+0000][7][gc,age      ] GC(176) - age  15:        256 bytes,    2010960 total
[2024-02-10T02:31:25.715+0000][7][gc,heap     ] GC(176) Eden regions: 152->0(152)
[2024-02-10T02:31:25.715+0000][7][gc,heap     ] GC(176) Survivor regions: 1->1(20)
[2024-02-10T02:31:25.715+0000][7][gc,heap     ] GC(176) Old regions: 24->24
[2024-02-10T02:31:25.715+0000][7][gc,heap     ] GC(176) Archive regions: 2->2
[2024-02-10T02:31:25.715+0000][7][gc,heap     ] GC(176) Humongous regions: 0->0
[2024-02-10T02:31:25.715+0000][7][gc,metaspace] GC(176) Metaspace: 129429K(133184K)->129429K(133184K) NonClass: 112451K(114432K)->112451K(114432K) Class: 16977K(18752K)->16977K(18752K)
[2024-02-10T02:31:25.715+0000][7][gc          ] GC(176) Pause Young (Normal) (G1 Evacuation Pause) 705M->98M(1024M) 2.775ms
[2024-02-10T02:31:25.715+0000][7][gc,cpu      ] GC(176) User=0.01s Sys=0.00s Real=0.00s
[2024-02-10T02:31:25.715+0000][7][safepoint   ] Safepoint "G1CollectForAllocation", Time since last: 156949710954 ns, Reaching safepoint: 48069 ns, At safepoint: 2864477 ns, Total: 2912546 ns
[2024-02-10T02:31:28.715+0000][7][safepoint   ] Safepoint "Cleanup", Time since last: 3000248991 ns, Reaching safepoint: 136231 ns, At safepoint: 9608 ns, Total: 145839 ns
[2024-02-10T02:31:30.715+0000][7][safepoint   ] Safepoint "Cleanup", Time since last: 2000182076 ns, Reaching safepoint: 71273 ns, At safepoint: 6178 ns, Total: 77451 ns
[2024-02-10T02:31:31.716+0000][7][safepoint   ] Safepoint "Cleanup", Time since last: 1000138044 ns, Reaching safepoint: 105407 ns, At safepoint: 9467 ns, Total: 114874 ns
[2024-02-10T02:32:03.719+0000][7][safepoint   ] Safepoint "Cleanup", Time since last: 32003174509 ns, Reaching safepoint: 79864 ns, At safepoint: 8788 ns, Total: 88652 ns
[2024-02-10T02:33:54.779+0000][7][gc,start    ] GC(177) Pause Young (Normal) (G1 Evacuation Pause)
[2024-02-10T02:33:54.779+0000][7][gc,task     ] GC(177) Using 8 workers of 8 for evacuation
[2024-02-10T02:33:54.779+0000][7][gc,age      ] GC(177) Desired survivor size 41943040 bytes, new threshold 15 (max threshold 15)
[2024-02-10T02:33:54.783+0000][7][gc,phases   ] GC(177)   Pre Evacuate Collection Set: 0.1ms
[2024-02-10T02:33:54.783+0000][7][gc,phases   ] GC(177)   Merge Heap Roots: 0.1ms
[2024-02-10T02:33:54.783+0000][7][gc,phases   ] GC(177)   Evacuate Collection Set: 2.3ms
[2024-02-10T02:33:54.783+0000][7][gc,phases   ] GC(177)   Post Evacuate Collection Set: 0.8ms
[2024-02-10T02:33:54.783+0000][7][gc,phases   ] GC(177)   Other: 0.1ms
[2024-02-10T02:33:54.783+0000][7][gc,age      ] GC(177) Age table with threshold 15 (max threshold 15)
[2024-02-10T02:33:54.783+0000][7][gc,age      ] GC(177) - age   1:    2211272 bytes,    2211272 total
[2024-02-10T02:33:54.783+0000][7][gc,age      ] GC(177) - age   2:       8304 bytes,    2219576 total
[2024-02-10T02:33:54.783+0000][7][gc,age      ] GC(177) - age   3:       1152 bytes,    2220728 total
[2024-02-10T02:33:54.783+0000][7][gc,age      ] GC(177) - age   4:         64 bytes,    2220792 total
[2024-02-10T02:33:54.783+0000][7][gc,age      ] GC(177) - age   5:        568 bytes,    2221360 total
[2024-02-10T02:33:54.783+0000][7][gc,age      ] GC(177) - age   6:        184 bytes,    2221544 total
[2024-02-10T02:33:54.783+0000][7][gc,age      ] GC(177) - age   7:        216 bytes,    2221760 total
[2024-02-10T02:33:54.783+0000][7][gc,age      ] GC(177) - age   8:       8016 bytes,    2229776 total
[2024-02-10T02:33:54.783+0000][7][gc,age      ] GC(177) - age  10:     139712 bytes,    2369488 total
[2024-02-10T02:33:54.783+0000][7][gc,age      ] GC(177) - age  12:       8016 bytes,    2377504 total
[2024-02-10T02:33:54.783+0000][7][gc,age      ] GC(177) - age  13:        448 bytes,    2377952 total
[2024-02-10T02:33:54.783+0000][7][gc,age      ] GC(177) - age  14:        632 bytes,    2378584 total
[2024-02-10T02:33:54.783+0000][7][gc,age      ] GC(177) - age  15:        208 bytes,    2378792 total
[2024-02-10T02:33:54.783+0000][7][gc,heap     ] GC(177) Eden regions: 152->0(152)
[2024-02-10T02:33:54.783+0000][7][gc,heap     ] GC(177) Survivor regions: 1->1(20)
[2024-02-10T02:33:54.783+0000][7][gc,heap     ] GC(177) Old regions: 24->24
[2024-02-10T02:33:54.783+0000][7][gc,heap     ] GC(177) Archive regions: 2->2
[2024-02-10T02:33:54.783+0000][7][gc,heap     ] GC(177) Humongous regions: 0->0
[2024-02-10T02:33:54.783+0000][7][gc,metaspace] GC(177) Metaspace: 129429K(133184K)->129429K(133184K) NonClass: 112451K(114432K)->112451K(114432K) Class: 16977K(18752K)->16977K(18752K)
[2024-02-10T02:33:54.783+0000][7][gc          ] GC(177) Pause Young (Normal) (G1 Evacuation Pause) 706M->98M(1024M) 3.692ms
[2024-02-10T02:33:54.783+0000][7][gc,cpu      ] GC(177) User=0.01s Sys=0.00s Real=0.00s
[2024-02-10T02:33:54.783+0000][7][safepoint   ] Safepoint "G1CollectForAllocation", Time since last: 111060203006 ns, Reaching safepoint: 49772 ns, At safepoint: 3791903 ns, Total: 3841675 ns
[2024-02-10T02:36:45.755+0000][7][gc,start    ] GC(178) Pause Young (Normal) (G1 Evacuation Pause)
[2024-02-10T02:36:45.755+0000][7][gc,task     ] GC(178) Using 8 workers of 8 for evacuation
[2024-02-10T02:36:45.755+0000][7][gc,age      ] GC(178) Desired survivor size 41943040 bytes, new threshold 15 (max threshold 15)
[2024-02-10T02:36:45.757+0000][7][gc,phases   ] GC(178)   Pre Evacuate Collection Set: 0.1ms
[2024-02-10T02:36:45.757+0000][7][gc,phases   ] GC(178)   Merge Heap Roots: 0.0ms
[2024-02-10T02:36:45.757+0000][7][gc,phases   ] GC(178)   Evacuate Collection Set: 0.8ms
[2024-02-10T02:36:45.757+0000][7][gc,phases   ] GC(178)   Post Evacuate Collection Set: 0.6ms
[2024-02-10T02:36:45.757+0000][7][gc,phases   ] GC(178)   Other: 0.1ms
[2024-02-10T02:36:45.757+0000][7][gc,age      ] GC(178) Age table with threshold 15 (max threshold 15)
[2024-02-10T02:36:45.757+0000][7][gc,age      ] GC(178) - age   1:     636168 bytes,     636168 total
[2024-02-10T02:36:45.757+0000][7][gc,age      ] GC(178) - age   2:      99240 bytes,     735408 total
[2024-02-10T02:36:45.757+0000][7][gc,age      ] GC(178) - age   3:       4584 bytes,     739992 total
[2024-02-10T02:36:45.757+0000][7][gc,age      ] GC(178) - age   4:       1024 bytes,     741016 total
[2024-02-10T02:36:45.757+0000][7][gc,age      ] GC(178) - age   5:         64 bytes,     741080 total
[2024-02-10T02:36:45.757+0000][7][gc,age      ] GC(178) - age   6:        568 bytes,     741648 total
[2024-02-10T02:36:45.757+0000][7][gc,age      ] GC(178) - age   7:        184 bytes,     741832 total
[2024-02-10T02:36:45.757+0000][7][gc,age      ] GC(178) - age   8:         32 bytes,     741864 total
[2024-02-10T02:36:45.757+0000][7][gc,age      ] GC(178) - age   9:       8016 bytes,     749880 total
[2024-02-10T02:36:45.757+0000][7][gc,age      ] GC(178) - age  11:     139712 bytes,     889592 total
[2024-02-10T02:36:45.757+0000][7][gc,age      ] GC(178) - age  13:       8016 bytes,     897608 total
[2024-02-10T02:36:45.757+0000][7][gc,age      ] GC(178) - age  14:        448 bytes,     898056 total
[2024-02-10T02:36:45.757+0000][7][gc,age      ] GC(178) - age  15:        632 bytes,     898688 total
[2024-02-10T02:36:45.757+0000][7][gc,heap     ] GC(178) Eden regions: 152->0(152)
[2024-02-10T02:36:45.757+0000][7][gc,heap     ] GC(178) Survivor regions: 1->1(20)
[2024-02-10T02:36:45.757+0000][7][gc,heap     ] GC(178) Old regions: 24->24
[2024-02-10T02:36:45.757+0000][7][gc,heap     ] GC(178) Archive regions: 2->2
[2024-02-10T02:36:45.757+0000][7][gc,heap     ] GC(178) Humongous regions: 0->0
[2024-02-10T02:36:45.757+0000][7][gc,metaspace] GC(178) Metaspace: 129429K(133184K)->129429K(133184K) NonClass: 112451K(114432K)->112451K(114432K) Class: 16977K(18752K)->16977K(18752K)
[2024-02-10T02:36:45.757+0000][7][gc          ] GC(178) Pause Young (Normal) (G1 Evacuation Pause) 706M->97M(1024M) 1.795ms
[2024-02-10T02:36:45.757+0000][7][gc,cpu      ] GC(178) User=0.01s Sys=0.00s Real=0.01s
[2024-02-10T02:36:45.757+0000][7][safepoint   ] Safepoint "G1CollectForAllocation", Time since last: 170971970809 ns, Reaching safepoint: 35819 ns, At safepoint: 1869507 ns, Total: 1905326 ns
[2024-02-10T02:37:30.761+0000][7][safepoint   ] Safepoint "Cleanup", Time since last: 45004213509 ns, Reaching safepoint: 157720 ns, At safepoint: 16780 ns, Total: 174500 ns
[2024-02-10T02:39:16.774+0000][7][safepoint   ] Safepoint "Cleanup", Time since last: 106012518780 ns, Reaching safepoint: 91866 ns, At safepoint: 9200 ns, Total: 101066 ns
[2024-02-10T02:40:03.759+0000][7][gc,start    ] GC(179) Pause Young (Normal) (G1 Evacuation Pause)
[2024-02-10T02:40:03.759+0000][7][gc,task     ] GC(179) Using 8 workers of 8 for evacuation
[2024-02-10T02:40:03.759+0000][7][gc,age      ] GC(179) Desired survivor size 41943040 bytes, new threshold 15 (max threshold 15)
[2024-02-10T02:40:03.763+0000][7][gc,phases   ] GC(179)   Pre Evacuate Collection Set: 0.1ms
[2024-02-10T02:40:03.763+0000][7][gc,phases   ] GC(179)   Merge Heap Roots: 0.1ms
[2024-02-10T02:40:03.763+0000][7][gc,phases   ] GC(179)   Evacuate Collection Set: 2.6ms
[2024-02-10T02:40:03.763+0000][7][gc,phases   ] GC(179)   Post Evacuate Collection Set: 1.3ms
[2024-02-10T02:40:03.763+0000][7][gc,phases   ] GC(179)   Other: 0.1ms
[2024-02-10T02:40:03.763+0000][7][gc,age      ] GC(179) Age table with threshold 15 (max threshold 15)
[2024-02-10T02:40:03.763+0000][7][gc,age      ] GC(179) - age   1:     515616 bytes,     515616 total
[2024-02-10T02:40:03.763+0000][7][gc,age      ] GC(179) - age   2:     113096 bytes,     628712 total
[2024-02-10T02:40:03.763+0000][7][gc,age      ] GC(179) - age   3:      96568 bytes,     725280 total
[2024-02-10T02:40:03.763+0000][7][gc,age      ] GC(179) - age   4:       4392 bytes,     729672 total
[2024-02-10T02:40:03.763+0000][7][gc,age      ] GC(179) - age   5:         32 bytes,     729704 total
[2024-02-10T02:40:03.763+0000][7][gc,age      ] GC(179) - age   6:         64 bytes,     729768 total
[2024-02-10T02:40:03.763+0000][7][gc,age      ] GC(179) - age   7:        568 bytes,     730336 total
[2024-02-10T02:40:03.763+0000][7][gc,age      ] GC(179) - age   8:        184 bytes,     730520 total
[2024-02-10T02:40:03.763+0000][7][gc,age      ] GC(179) - age  10:       8016 bytes,     738536 total
[2024-02-10T02:40:03.763+0000][7][gc,age      ] GC(179) - age  12:     139712 bytes,     878248 total
[2024-02-10T02:40:03.763+0000][7][gc,age      ] GC(179) - age  14:       8016 bytes,     886264 total
[2024-02-10T02:40:03.763+0000][7][gc,age      ] GC(179) - age  15:        448 bytes,     886712 total
[2024-02-10T02:40:03.763+0000][7][gc,heap     ] GC(179) Eden regions: 152->0(152)
[2024-02-10T02:40:03.763+0000][7][gc,heap     ] GC(179) Survivor regions: 1->1(20)
[2024-02-10T02:40:03.763+0000][7][gc,heap     ] GC(179) Old regions: 24->24
[2024-02-10T02:40:03.763+0000][7][gc,heap     ] GC(179) Archive regions: 2->2
[2024-02-10T02:40:03.763+0000][7][gc,heap     ] GC(179) Humongous regions: 0->0
[2024-02-10T02:40:03.763+0000][7][gc,metaspace] GC(179) Metaspace: 129431K(133184K)->129431K(133184K) NonClass: 112454K(114432K)->112454K(114432K) Class: 16977K(18752K)->16977K(18752K)
[2024-02-10T02:40:03.763+0000][7][gc          ] GC(179) Pause Young (Normal) (G1 Evacuation Pause) 705M->97M(1024M) 4.474ms
[2024-02-10T02:40:03.763+0000][7][gc,cpu      ] GC(179) User=0.01s Sys=0.00s Real=0.00s
[2024-02-10T02:40:03.763+0000][7][safepoint   ] Safepoint "G1CollectForAllocation", Time since last: 46984803053 ns, Reaching safepoint: 31893 ns, At safepoint: 4569717 ns, Total: 4601610 ns
[2024-02-10T02:43:16.357+0000][7][gc,start    ] GC(180) Pause Young (Normal) (G1 Evacuation Pause)
[2024-02-10T02:43:16.357+0000][7][gc,task     ] GC(180) Using 8 workers of 8 for evacuation
[2024-02-10T02:43:16.357+0000][7][gc,age      ] GC(180) Desired survivor size 41943040 bytes, new threshold 15 (max threshold 15)
[2024-02-10T02:43:16.360+0000][7][gc,phases   ] GC(180)   Pre Evacuate Collection Set: 0.1ms
[2024-02-10T02:43:16.360+0000][7][gc,phases   ] GC(180)   Merge Heap Roots: 0.1ms
[2024-02-10T02:43:16.360+0000][7][gc,phases   ] GC(180)   Evacuate Collection Set: 1.6ms
[2024-02-10T02:43:16.360+0000][7][gc,phases   ] GC(180)   Post Evacuate Collection Set: 0.7ms
[2024-02-10T02:43:16.360+0000][7][gc,phases   ] GC(180)   Other: 0.1ms
[2024-02-10T02:43:16.360+0000][7][gc,age      ] GC(180) Age table with threshold 15 (max threshold 15)
[2024-02-10T02:43:16.360+0000][7][gc,age      ] GC(180) - age   1:    1868992 bytes,    1868992 total
[2024-02-10T02:43:16.360+0000][7][gc,age      ] GC(180) - age   2:      91920 bytes,    1960912 total
[2024-02-10T02:43:16.360+0000][7][gc,age      ] GC(180) - age   3:     111880 bytes,    2072792 total
[2024-02-10T02:43:16.360+0000][7][gc,age      ] GC(180) - age   4:      96056 bytes,    2168848 total
[2024-02-10T02:43:16.360+0000][7][gc,age      ] GC(180) - age   5:        936 bytes,    2169784 total
[2024-02-10T02:43:16.360+0000][7][gc,age      ] GC(180) - age   6:         32 bytes,    2169816 total
[2024-02-10T02:43:16.360+0000][7][gc,age      ] GC(180) - age   7:         64 bytes,    2169880 total
[2024-02-10T02:43:16.360+0000][7][gc,age      ] GC(180) - age   8:        184 bytes,    2170064 total
[2024-02-10T02:43:16.360+0000][7][gc,age      ] GC(180) - age  11:       8016 bytes,    2178080 total
[2024-02-10T02:43:16.360+0000][7][gc,age      ] GC(180) - age  13:     139712 bytes,    2317792 total
[2024-02-10T02:43:16.360+0000][7][gc,age      ] GC(180) - age  15:       8016 bytes,    2325808 total
[2024-02-10T02:43:16.360+0000][7][gc,heap     ] GC(180) Eden regions: 152->0(152)
[2024-02-10T02:43:16.360+0000][7][gc,heap     ] GC(180) Survivor regions: 1->1(20)
[2024-02-10T02:43:16.360+0000][7][gc,heap     ] GC(180) Old regions: 24->24
[2024-02-10T02:43:16.360+0000][7][gc,heap     ] GC(180) Archive regions: 2->2
[2024-02-10T02:43:16.360+0000][7][gc,heap     ] GC(180) Humongous regions: 0->0
[2024-02-10T02:43:16.360+0000][7][gc,metaspace] GC(180) Metaspace: 129432K(133184K)->129432K(133184K) NonClass: 112454K(114432K)->112454K(114432K) Class: 16977K(18752K)->16977K(18752K)
[2024-02-10T02:43:16.360+0000][7][gc          ] GC(180) Pause Young (Normal) (G1 Evacuation Pause) 705M->98M(1024M) 2.761ms
[2024-02-10T02:43:16.360+0000][7][gc,cpu      ] GC(180) User=0.01s Sys=0.00s Real=0.00s
[2024-02-10T02:43:16.360+0000][7][safepoint   ] Safepoint "G1CollectForAllocation", Time since last: 192593871072 ns, Reaching safepoint: 51347 ns, At safepoint: 2845221 ns, Total: 2896568 ns
[2024-02-10T02:44:31.368+0000][7][safepoint   ] Safepoint "Cleanup", Time since last: 75007650492 ns, Reaching safepoint: 64934 ns, At safepoint: 35017 ns, Total: 99951 ns
[2024-02-10T02:46:03.801+0000][7][gc,start    ] GC(181) Pause Young (Normal) (G1 Evacuation Pause)
[2024-02-10T02:46:03.801+0000][7][gc,task     ] GC(181) Using 8 workers of 8 for evacuation
[2024-02-10T02:46:03.801+0000][7][gc,age      ] GC(181) Desired survivor size 41943040 bytes, new threshold 15 (max threshold 15)
[2024-02-10T02:46:03.803+0000][7][gc,phases   ] GC(181)   Pre Evacuate Collection Set: 0.1ms
[2024-02-10T02:46:03.803+0000][7][gc,phases   ] GC(181)   Merge Heap Roots: 0.0ms
[2024-02-10T02:46:03.803+0000][7][gc,phases   ] GC(181)   Evacuate Collection Set: 0.8ms
[2024-02-10T02:46:03.803+0000][7][gc,phases   ] GC(181)   Post Evacuate Collection Set: 0.5ms
[2024-02-10T02:46:03.803+0000][7][gc,phases   ] GC(181)   Other: 0.1ms
[2024-02-10T02:46:03.803+0000][7][gc,age      ] GC(181) Age table with threshold 15 (max threshold 15)
[2024-02-10T02:46:03.803+0000][7][gc,age      ] GC(181) - age   1:     871400 bytes,     871400 total
[2024-02-10T02:46:03.803+0000][7][gc,age      ] GC(181) - age   2:      26632 bytes,     898032 total
[2024-02-10T02:46:03.803+0000][7][gc,age      ] GC(181) - age   3:      90896 bytes,     988928 total
[2024-02-10T02:46:03.803+0000][7][gc,age      ] GC(181) - age   4:     111672 bytes,    1100600 total
[2024-02-10T02:46:03.803+0000][7][gc,age      ] GC(181) - age   5:      96056 bytes,    1196656 total
[2024-02-10T02:46:03.803+0000][7][gc,age      ] GC(181) - age   6:        360 bytes,    1197016 total
[2024-02-10T02:46:03.803+0000][7][gc,age      ] GC(181) - age   7:         32 bytes,    1197048 total
[2024-02-10T02:46:03.803+0000][7][gc,age      ] GC(181) - age   8:         64 bytes,    1197112 total
[2024-02-10T02:46:03.803+0000][7][gc,age      ] GC(181) - age   9:        184 bytes,    1197296 total
[2024-02-10T02:46:03.803+0000][7][gc,age      ] GC(181) - age  14:     139712 bytes,    1337008 total
[2024-02-10T02:46:03.803+0000][7][gc,heap     ] GC(181) Eden regions: 152->0(152)
[2024-02-10T02:46:03.803+0000][7][gc,heap     ] GC(181) Survivor regions: 1->1(20)
[2024-02-10T02:46:03.803+0000][7][gc,heap     ] GC(181) Old regions: 24->24
[2024-02-10T02:46:03.803+0000][7][gc,heap     ] GC(181) Archive regions: 2->2
[2024-02-10T02:46:03.803+0000][7][gc,heap     ] GC(181) Humongous regions: 0->0
[2024-02-10T02:46:03.803+0000][7][gc,metaspace] GC(181) Metaspace: 129432K(133184K)->129432K(133184K) NonClass: 112454K(114432K)->112454K(114432K) Class: 16977K(18752K)->16977K(18752K)
[2024-02-10T02:46:03.803+0000][7][gc          ] GC(181) Pause Young (Normal) (G1 Evacuation Pause) 706M->97M(1024M) 1.726ms
[2024-02-10T02:46:03.803+0000][7][gc,cpu      ] GC(181) User=0.00s Sys=0.00s Real=0.00s
[2024-02-10T02:46:03.803+0000][7][safepoint   ] Safepoint "G1CollectForAllocation", Time since last: 92433300295 ns, Reaching safepoint: 48836 ns, At safepoint: 1792384 ns, Total: 1841220 ns
[2024-02-10T02:48:40.144+0000][7][gc,start    ] GC(182) Pause Young (Normal) (G1 Evacuation Pause)
[2024-02-10T02:48:40.145+0000][7][gc,task     ] GC(182) Using 8 workers of 8 for evacuation
[2024-02-10T02:48:40.145+0000][7][gc,age      ] GC(182) Desired survivor size 41943040 bytes, new threshold 15 (max threshold 15)
[2024-02-10T02:48:40.147+0000][7][gc,phases   ] GC(182)   Pre Evacuate Collection Set: 0.1ms
[2024-02-10T02:48:40.147+0000][7][gc,phases   ] GC(182)   Merge Heap Roots: 0.1ms
[2024-02-10T02:48:40.147+0000][7][gc,phases   ] GC(182)   Evacuate Collection Set: 1.2ms
[2024-02-10T02:48:40.147+0000][7][gc,phases   ] GC(182)   Post Evacuate Collection Set: 0.6ms
[2024-02-10T02:48:40.147+0000][7][gc,phases   ] GC(182)   Other: 0.1ms
[2024-02-10T02:48:40.147+0000][7][gc,age      ] GC(182) Age table with threshold 15 (max threshold 15)
[2024-02-10T02:48:40.147+0000][7][gc,age      ] GC(182) - age   1:    1871456 bytes,    1871456 total
[2024-02-10T02:48:40.147+0000][7][gc,age      ] GC(182) - age   2:      11552 bytes,    1883008 total
[2024-02-10T02:48:40.147+0000][7][gc,age      ] GC(182) - age   3:      15040 bytes,    1898048 total
[2024-02-10T02:48:40.147+0000][7][gc,age      ] GC(182) - age   4:      89928 bytes,    1987976 total
[2024-02-10T02:48:40.147+0000][7][gc,age      ] GC(182) - age   5:     111672 bytes,    2099648 total
[2024-02-10T02:48:40.147+0000][7][gc,age      ] GC(182) - age   6:      96024 bytes,    2195672 total
[2024-02-10T02:48:40.147+0000][7][gc,age      ] GC(182) - age   7:        360 bytes,    2196032 total
[2024-02-10T02:48:40.147+0000][7][gc,age      ] GC(182) - age   9:         64 bytes,    2196096 total
[2024-02-10T02:48:40.147+0000][7][gc,age      ] GC(182) - age  10:        184 bytes,    2196280 total
[2024-02-10T02:48:40.147+0000][7][gc,age      ] GC(182) - age  15:     139712 bytes,    2335992 total
[2024-02-10T02:48:40.147+0000][7][gc,heap     ] GC(182) Eden regions: 152->0(152)
[2024-02-10T02:48:40.147+0000][7][gc,heap     ] GC(182) Survivor regions: 1->1(20)
[2024-02-10T02:48:40.147+0000][7][gc,heap     ] GC(182) Old regions: 24->24
[2024-02-10T02:48:40.147+0000][7][gc,heap     ] GC(182) Archive regions: 2->2
[2024-02-10T02:48:40.147+0000][7][gc,heap     ] GC(182) Humongous regions: 0->0
[2024-02-10T02:48:40.147+0000][7][gc,metaspace] GC(182) Metaspace: 129432K(133184K)->129432K(133184K) NonClass: 112454K(114432K)->112454K(114432K) Class: 16977K(18752K)->16977K(18752K)
[2024-02-10T02:48:40.147+0000][7][gc          ] GC(182) Pause Young (Normal) (G1 Evacuation Pause) 705M->98M(1024M) 2.201ms
[2024-02-10T02:48:40.147+0000][7][gc,cpu      ] GC(182) User=0.01s Sys=0.00s Real=0.00s
[2024-02-10T02:48:40.147+0000][7][safepoint   ] Safepoint "G1CollectForAllocation", Time since last: 156341527544 ns, Reaching safepoint: 56323 ns, At safepoint: 2272538 ns, Total: 2328861 ns
[2024-02-10T02:51:39.820+0000][7][gc,start    ] GC(183) Pause Young (Normal) (G1 Evacuation Pause)
[2024-02-10T02:51:39.820+0000][7][gc,task     ] GC(183) Using 8 workers of 8 for evacuation
[2024-02-10T02:51:39.820+0000][7][gc,age      ] GC(183) Desired survivor size 41943040 bytes, new threshold 15 (max threshold 15)
[2024-02-10T02:51:39.821+0000][7][gc,phases   ] GC(183)   Pre Evacuate Collection Set: 0.1ms
[2024-02-10T02:51:39.821+0000][7][gc,phases   ] GC(183)   Merge Heap Roots: 0.1ms
[2024-02-10T02:51:39.821+0000][7][gc,phases   ] GC(183)   Evacuate Collection Set: 0.7ms
[2024-02-10T02:51:39.821+0000][7][gc,phases   ] GC(183)   Post Evacuate Collection Set: 0.5ms
[2024-02-10T02:51:39.821+0000][7][gc,phases   ] GC(183)   Other: 0.1ms
[2024-02-10T02:51:39.821+0000][7][gc,age      ] GC(183) Age table with threshold 15 (max threshold 15)
[2024-02-10T02:51:39.821+0000][7][gc,age      ] GC(183) - age   1:     792496 bytes,     792496 total
[2024-02-10T02:51:39.821+0000][7][gc,age      ] GC(183) - age   2:       4336 bytes,     796832 total
[2024-02-10T02:51:39.821+0000][7][gc,age      ] GC(183) - age   3:      10680 bytes,     807512 total
[2024-02-10T02:51:39.821+0000][7][gc,age      ] GC(183) - age   4:      11200 bytes,     818712 total
[2024-02-10T02:51:39.821+0000][7][gc,age      ] GC(183) - age   5:      89928 bytes,     908640 total
[2024-02-10T02:51:39.821+0000][7][gc,age      ] GC(183) - age   6:     111672 bytes,    1020312 total
[2024-02-10T02:51:39.821+0000][7][gc,age      ] GC(183) - age   7:      95544 bytes,    1115856 total
[2024-02-10T02:51:39.821+0000][7][gc,age      ] GC(183) - age   8:        360 bytes,    1116216 total
[2024-02-10T02:51:39.821+0000][7][gc,age      ] GC(183) - age  10:         64 bytes,    1116280 total
[2024-02-10T02:51:39.821+0000][7][gc,age      ] GC(183) - age  11:        184 bytes,    1116464 total
[2024-02-10T02:51:39.821+0000][7][gc,heap     ] GC(183) Eden regions: 152->0(152)
[2024-02-10T02:51:39.821+0000][7][gc,heap     ] GC(183) Survivor regions: 1->1(20)
[2024-02-10T02:51:39.821+0000][7][gc,heap     ] GC(183) Old regions: 24->24
[2024-02-10T02:51:39.821+0000][7][gc,heap     ] GC(183) Archive regions: 2->2
[2024-02-10T02:51:39.821+0000][7][gc,heap     ] GC(183) Humongous regions: 0->0
[2024-02-10T02:51:39.821+0000][7][gc,metaspace] GC(183) Metaspace: 129432K(133184K)->129432K(133184K) NonClass: 112455K(114432K)->112455K(114432K) Class: 16977K(18752K)->16977K(18752K)
[2024-02-10T02:51:39.821+0000][7][gc          ] GC(183) Pause Young (Normal) (G1 Evacuation Pause) 706M->97M(1024M) 1.635ms
[2024-02-10T02:51:39.821+0000][7][gc,cpu      ] GC(183) User=0.00s Sys=0.00s Real=0.00s
[2024-02-10T02:51:39.821+0000][7][safepoint   ] Safepoint "G1CollectForAllocation", Time since last: 179672867790 ns, Reaching safepoint: 32204 ns, At safepoint: 1699073 ns, Total: 1731277 ns
[2024-02-10T02:51:45.822+0000][7][safepoint   ] Safepoint "Cleanup", Time since last: 6000578652 ns, Reaching safepoint: 43418 ns, At safepoint: 5587 ns, Total: 49005 ns
[2024-02-10T02:51:58.823+0000][7][safepoint   ] Safepoint "Cleanup", Time since last: 13001395517 ns, Reaching safepoint: 103019 ns, At safepoint: 6025 ns, Total: 109044 ns
[2024-02-10T02:54:58.783+0000][7][gc,start    ] GC(184) Pause Young (Normal) (G1 Evacuation Pause)
[2024-02-10T02:54:58.783+0000][7][gc,task     ] GC(184) Using 8 workers of 8 for evacuation
[2024-02-10T02:54:58.783+0000][7][gc,age      ] GC(184) Desired survivor size 41943040 bytes, new threshold 15 (max threshold 15)
[2024-02-10T02:54:58.785+0000][7][gc,phases   ] GC(184)   Pre Evacuate Collection Set: 0.1ms
[2024-02-10T02:54:58.785+0000][7][gc,phases   ] GC(184)   Merge Heap Roots: 0.1ms
[2024-02-10T02:54:58.785+0000][7][gc,phases   ] GC(184)   Evacuate Collection Set: 1.6ms
[2024-02-10T02:54:58.785+0000][7][gc,phases   ] GC(184)   Post Evacuate Collection Set: 0.7ms
[2024-02-10T02:54:58.785+0000][7][gc,phases   ] GC(184)   Other: 0.1ms
[2024-02-10T02:54:58.785+0000][7][gc,age      ] GC(184) Age table with threshold 15 (max threshold 15)
[2024-02-10T02:54:58.785+0000][7][gc,age      ] GC(184) - age   1:    1865632 bytes,    1865632 total
[2024-02-10T02:54:58.785+0000][7][gc,age      ] GC(184) - age   2:       5016 bytes,    1870648 total
[2024-02-10T02:54:58.785+0000][7][gc,age      ] GC(184) - age   3:       1000 bytes,    1871648 total
[2024-02-10T02:54:58.785+0000][7][gc,age      ] GC(184) - age   4:      10616 bytes,    1882264 total
[2024-02-10T02:54:58.785+0000][7][gc,age      ] GC(184) - age   5:      10440 bytes,    1892704 total
[2024-02-10T02:54:58.785+0000][7][gc,age      ] GC(184) - age   6:      89928 bytes,    1982632 total
[2024-02-10T02:54:58.785+0000][7][gc,age      ] GC(184) - age   7:     111672 bytes,    2094304 total
[2024-02-10T02:54:58.785+0000][7][gc,age      ] GC(184) - age   8:      95544 bytes,    2189848 total
[2024-02-10T02:54:58.785+0000][7][gc,age      ] GC(184) - age   9:        360 bytes,    2190208 total
[2024-02-10T02:54:58.785+0000][7][gc,age      ] GC(184) - age  11:         64 bytes,    2190272 total
[2024-02-10T02:54:58.785+0000][7][gc,age      ] GC(184) - age  12:        184 bytes,    2190456 total
[2024-02-10T02:54:58.785+0000][7][gc,heap     ] GC(184) Eden regions: 152->0(152)
[2024-02-10T02:54:58.785+0000][7][gc,heap     ] GC(184) Survivor regions: 1->1(20)
[2024-02-10T02:54:58.785+0000][7][gc,heap     ] GC(184) Old regions: 24->24
[2024-02-10T02:54:58.785+0000][7][gc,heap     ] GC(184) Archive regions: 2->2
[2024-02-10T02:54:58.785+0000][7][gc,heap     ] GC(184) Humongous regions: 0->0
[2024-02-10T02:54:58.785+0000][7][gc,metaspace] GC(184) Metaspace: 129433K(133184K)->129433K(133184K) NonClass: 112456K(114432K)->112456K(114432K) Class: 16977K(18752K)->16977K(18752K)
[2024-02-10T02:54:58.785+0000][7][gc          ] GC(184) Pause Young (Normal) (G1 Evacuation Pause) 705M->98M(1024M) 2.800ms
[2024-02-10T02:54:58.785+0000][7][gc,cpu      ] GC(184) User=0.01s Sys=0.00s Real=0.00s
[2024-02-10T02:54:58.785+0000][7][safepoint   ] Safepoint "G1CollectForAllocation", Time since last: 179958987781 ns, Reaching safepoint: 50870 ns, At safepoint: 2885106 ns, Total: 2935976 ns
[2024-02-10T02:56:37.796+0000][7][safepoint   ] Safepoint "Cleanup", Time since last: 99010407149 ns, Reaching safepoint: 79854 ns, At safepoint: 11556 ns, Total: 91410 ns
[2024-02-10T02:57:22.800+0000][7][safepoint   ] Safepoint "Cleanup", Time since last: 45004500997 ns, Reaching safepoint: 77862 ns, At safepoint: 38604 ns, Total: 116466 ns
[2024-02-10T02:58:15.822+0000][7][gc,start    ] GC(185) Pause Young (Normal) (G1 Evacuation Pause)
[2024-02-10T02:58:15.822+0000][7][gc,task     ] GC(185) Using 8 workers of 8 for evacuation
[2024-02-10T02:58:15.822+0000][7][gc,age      ] GC(185) Desired survivor size 41943040 bytes, new threshold 15 (max threshold 15)
[2024-02-10T02:58:15.825+0000][7][gc,phases   ] GC(185)   Pre Evacuate Collection Set: 0.1ms
[2024-02-10T02:58:15.825+0000][7][gc,phases   ] GC(185)   Merge Heap Roots: 0.1ms
[2024-02-10T02:58:15.825+0000][7][gc,phases   ] GC(185)   Evacuate Collection Set: 1.6ms
[2024-02-10T02:58:15.825+0000][7][gc,phases   ] GC(185)   Post Evacuate Collection Set: 0.7ms
[2024-02-10T02:58:15.825+0000][7][gc,phases   ] GC(185)   Other: 0.1ms
[2024-02-10T02:58:15.825+0000][7][gc,age      ] GC(185) Age table with threshold 15 (max threshold 15)
[2024-02-10T02:58:15.825+0000][7][gc,age      ] GC(185) - age   1:    1504480 bytes,    1504480 total
[2024-02-10T02:58:15.825+0000][7][gc,age      ] GC(185) - age   2:       2272 bytes,    1506752 total
[2024-02-10T02:58:15.825+0000][7][gc,age      ] GC(185) - age   3:       3832 bytes,    1510584 total
[2024-02-10T02:58:15.825+0000][7][gc,age      ] GC(185) - age   4:        216 bytes,    1510800 total
[2024-02-10T02:58:15.825+0000][7][gc,age      ] GC(185) - age   5:      10616 bytes,    1521416 total
[2024-02-10T02:58:15.825+0000][7][gc,age      ] GC(185) - age   6:      10440 bytes,    1531856 total
[2024-02-10T02:58:15.825+0000][7][gc,age      ] GC(185) - age   7:      89896 bytes,    1621752 total
[2024-02-10T02:58:15.825+0000][7][gc,age      ] GC(185) - age   8:     111672 bytes,    1733424 total
[2024-02-10T02:58:15.825+0000][7][gc,age      ] GC(185) - age   9:      95544 bytes,    1828968 total
[2024-02-10T02:58:15.825+0000][7][gc,age      ] GC(185) - age  10:        360 bytes,    1829328 total
[2024-02-10T02:58:15.825+0000][7][gc,age      ] GC(185) - age  12:         64 bytes,    1829392 total
[2024-02-10T02:58:15.825+0000][7][gc,age      ] GC(185) - age  13:        184 bytes,    1829576 total
[2024-02-10T02:58:15.825+0000][7][gc,heap     ] GC(185) Eden regions: 152->0(152)
[2024-02-10T02:58:15.825+0000][7][gc,heap     ] GC(185) Survivor regions: 1->1(20)
[2024-02-10T02:58:15.825+0000][7][gc,heap     ] GC(185) Old regions: 24->24
[2024-02-10T02:58:15.825+0000][7][gc,heap     ] GC(185) Archive regions: 2->2
[2024-02-10T02:58:15.825+0000][7][gc,heap     ] GC(185) Humongous regions: 0->0
[2024-02-10T02:58:15.825+0000][7][gc,metaspace] GC(185) Metaspace: 129438K(133184K)->129438K(133184K) NonClass: 112461K(114432K)->112461K(114432K) Class: 16977K(18752K)->16977K(18752K)
[2024-02-10T02:58:15.825+0000][7][gc          ] GC(185) Pause Young (Normal) (G1 Evacuation Pause) 706M->98M(1024M) 2.950ms
[2024-02-10T02:58:15.825+0000][7][gc,cpu      ] GC(185) User=0.02s Sys=0.00s Real=0.00s
[2024-02-10T02:58:15.825+0000][7][safepoint   ] Safepoint "G1CollectForAllocation", Time since last: 53021517601 ns, Reaching safepoint: 76698 ns, At safepoint: 3036131 ns, Total: 3112829 ns
[2024-02-10T03:01:30.625+0000][7][gc,start    ] GC(186) Pause Young (Normal) (G1 Evacuation Pause)
[2024-02-10T03:01:30.625+0000][7][gc,task     ] GC(186) Using 8 workers of 8 for evacuation
[2024-02-10T03:01:30.625+0000][7][gc,age      ] GC(186) Desired survivor size 41943040 bytes, new threshold 15 (max threshold 15)
[2024-02-10T03:01:30.627+0000][7][gc,phases   ] GC(186)   Pre Evacuate Collection Set: 0.1ms
[2024-02-10T03:01:30.627+0000][7][gc,phases   ] GC(186)   Merge Heap Roots: 0.1ms
[2024-02-10T03:01:30.627+0000][7][gc,phases   ] GC(186)   Evacuate Collection Set: 1.4ms
[2024-02-10T03:01:30.627+0000][7][gc,phases   ] GC(186)   Post Evacuate Collection Set: 0.8ms
[2024-02-10T03:01:30.627+0000][7][gc,phases   ] GC(186)   Other: 0.1ms
[2024-02-10T03:01:30.627+0000][7][gc,age      ] GC(186) Age table with threshold 15 (max threshold 15)
[2024-02-10T03:01:30.628+0000][7][gc,age      ] GC(186) - age   1:    1160272 bytes,    1160272 total
[2024-02-10T03:01:30.628+0000][7][gc,age      ] GC(186) - age   2:       3672 bytes,    1163944 total
[2024-02-10T03:01:30.628+0000][7][gc,age      ] GC(186) - age   3:         64 bytes,    1164008 total
[2024-02-10T03:01:30.628+0000][7][gc,age      ] GC(186) - age   4:        248 bytes,    1164256 total
[2024-02-10T03:01:30.628+0000][7][gc,age      ] GC(186) - age   5:        152 bytes,    1164408 total
[2024-02-10T03:01:30.628+0000][7][gc,age      ] GC(186) - age   6:      10224 bytes,    1174632 total
[2024-02-10T03:01:30.628+0000][7][gc,age      ] GC(186) - age   7:      10056 bytes,    1184688 total
[2024-02-10T03:01:30.628+0000][7][gc,age      ] GC(186) - age   8:      89896 bytes,    1274584 total
[2024-02-10T03:01:30.628+0000][7][gc,age      ] GC(186) - age   9:     111672 bytes,    1386256 total
[2024-02-10T03:01:30.628+0000][7][gc,age      ] GC(186) - age  10:      95544 bytes,    1481800 total
[2024-02-10T03:01:30.628+0000][7][gc,age      ] GC(186) - age  11:        360 bytes,    1482160 total
[2024-02-10T03:01:30.628+0000][7][gc,age      ] GC(186) - age  13:         64 bytes,    1482224 total
[2024-02-10T03:01:30.628+0000][7][gc,age      ] GC(186) - age  14:        184 bytes,    1482408 total
[2024-02-10T03:01:30.628+0000][7][gc,heap     ] GC(186) Eden regions: 152->0(152)
[2024-02-10T03:01:30.628+0000][7][gc,heap     ] GC(186) Survivor regions: 1->1(20)
[2024-02-10T03:01:30.628+0000][7][gc,heap     ] GC(186) Old regions: 24->24
[2024-02-10T03:01:30.628+0000][7][gc,heap     ] GC(186) Archive regions: 2->2
[2024-02-10T03:01:30.628+0000][7][gc,heap     ] GC(186) Humongous regions: 0->0
[2024-02-10T03:01:30.628+0000][7][gc,metaspace] GC(186) Metaspace: 129449K(133184K)->129449K(133184K) NonClass: 112472K(114432K)->112472K(114432K) Class: 16977K(18752K)->16977K(18752K)
[2024-02-10T03:01:30.628+0000][7][gc          ] GC(186) Pause Young (Normal) (G1 Evacuation Pause) 706M->98M(1024M) 2.796ms
[2024-02-10T03:01:30.628+0000][7][gc,cpu      ] GC(186) User=0.02s Sys=0.00s Real=0.00s
[2024-02-10T03:01:30.628+0000][7][safepoint   ] Safepoint "G1CollectForAllocation", Time since last: 194799640175 ns, Reaching safepoint: 72218 ns, At safepoint: 2889182 ns, Total: 2961400 ns
[2024-02-10T15:43:51.113+0000][7][safepoint   ] Safepoint "Cleanup", Time since last: 43815829437 ns, Reaching safepoint: 70739 ns, At safepoint: 6285 ns, Total: 77024 ns
[2024-02-10T15:43:59.114+0000][7][safepoint   ] Safepoint "Cleanup", Time since last: 8000582106 ns, Reaching safepoint: 130231 ns, At safepoint: 5155 ns, Total: 135386 ns
[2024-02-10T15:44:08.115+0000][7][safepoint   ] Safepoint "Cleanup", Time since last: 9000548866 ns, Reaching safepoint: 93490 ns, At safepoint: 7148 ns, Total: 100638 ns
[2024-02-10T15:45:01.119+0000][7][safepoint   ] Safepoint "Cleanup", Time since last: 53004098428 ns, Reaching safepoint: 79186 ns, At safepoint: 8311 ns, Total: 87497 ns
[2024-02-10T15:46:05.181+0000][7][gc,start    ] GC(187) Pause Young (Normal) (G1 Evacuation Pause)
[2024-02-10T15:46:05.181+0000][7][gc,task     ] GC(187) Using 8 workers of 8 for evacuation
[2024-02-10T15:46:05.181+0000][7][gc,age      ] GC(187) Desired survivor size 41943040 bytes, new threshold 15 (max threshold 15)
[2024-02-10T15:46:05.183+0000][7][gc,phases   ] GC(187)   Pre Evacuate Collection Set: 0.1ms
[2024-02-10T15:46:05.183+0000][7][gc,phases   ] GC(187)   Merge Heap Roots: 0.1ms
[2024-02-10T15:46:05.183+0000][7][gc,phases   ] GC(187)   Evacuate Collection Set: 1.2ms
[2024-02-10T15:46:05.183+0000][7][gc,phases   ] GC(187)   Post Evacuate Collection Set: 0.7ms
[2024-02-10T15:46:05.183+0000][7][gc,phases   ] GC(187)   Other: 0.1ms
[2024-02-10T15:46:05.183+0000][7][gc,age      ] GC(187) Age table with threshold 15 (max threshold 15)
[2024-02-10T15:46:05.183+0000][7][gc,age      ] GC(187) - age   1:    1076560 bytes,    1076560 total
[2024-02-10T15:46:05.183+0000][7][gc,age      ] GC(187) - age   2:       6528 bytes,    1083088 total
[2024-02-10T15:46:05.183+0000][7][gc,age      ] GC(187) - age   3:       1264 bytes,    1084352 total
[2024-02-10T15:46:05.183+0000][7][gc,age      ] GC(187) - age   6:        152 bytes,    1084504 total
[2024-02-10T15:46:05.183+0000][7][gc,age      ] GC(187) - age   7:        184 bytes,    1084688 total
[2024-02-10T15:46:05.183+0000][7][gc,age      ] GC(187) - age   9:        464 bytes,    1085152 total
[2024-02-10T15:46:05.183+0000][7][gc,age      ] GC(187) - age  10:      29096 bytes,    1114248 total
[2024-02-10T15:46:05.183+0000][7][gc,age      ] GC(187) - age  11:      94736 bytes,    1208984 total
[2024-02-10T15:46:05.183+0000][7][gc,age      ] GC(187) - age  12:        360 bytes,    1209344 total
[2024-02-10T15:46:05.183+0000][7][gc,age      ] GC(187) - age  14:         64 bytes,    1209408 total
[2024-02-10T15:46:05.183+0000][7][gc,age      ] GC(187) - age  15:        184 bytes,    1209592 total
[2024-02-10T15:46:05.183+0000][7][gc,heap     ] GC(187) Eden regions: 152->0(152)
[2024-02-10T15:46:05.183+0000][7][gc,heap     ] GC(187) Survivor regions: 1->1(20)
[2024-02-10T15:46:05.183+0000][7][gc,heap     ] GC(187) Old regions: 24->24
[2024-02-10T15:46:05.183+0000][7][gc,heap     ] GC(187) Archive regions: 2->2
[2024-02-10T15:46:05.183+0000][7][gc,heap     ] GC(187) Humongous regions: 0->0
[2024-02-10T15:46:05.183+0000][7][gc,metaspace] GC(187) Metaspace: 129477K(133184K)->129477K(133184K) NonClass: 112500K(114432K)->112500K(114432K) Class: 16977K(18752K)->16977K(18752K)
[2024-02-10T15:46:05.183+0000][7][gc          ] GC(187) Pause Young (Normal) (G1 Evacuation Pause) 706M->98M(1024M) 2.548ms
[2024-02-10T15:46:05.183+0000][7][gc,cpu      ] GC(187) User=0.01s Sys=0.00s Real=0.00s
[2024-02-10T15:46:05.183+0000][7][safepoint   ] Safepoint "G1CollectForAllocation", Time since last: 64061632291 ns, Reaching safepoint: 62947 ns, At safepoint: 2635420 ns, Total: 2698367 ns
[2024-02-10T15:47:08.191+0000][7][safepoint   ] Safepoint "Cleanup", Time since last: 63007676214 ns, Reaching safepoint: 69828 ns, At safepoint: 9125 ns, Total: 78953 ns
[2024-02-10T15:49:17.231+0000][7][gc,start    ] GC(188) Pause Young (Normal) (G1 Evacuation Pause)
[2024-02-10T15:49:17.231+0000][7][gc,task     ] GC(188) Using 8 workers of 8 for evacuation
[2024-02-10T15:49:17.231+0000][7][gc,age      ] GC(188) Desired survivor size 41943040 bytes, new threshold 15 (max threshold 15)
[2024-02-10T15:49:17.233+0000][7][gc,phases   ] GC(188)   Pre Evacuate Collection Set: 0.1ms
[2024-02-10T15:49:17.233+0000][7][gc,phases   ] GC(188)   Merge Heap Roots: 0.1ms
[2024-02-10T15:49:17.233+0000][7][gc,phases   ] GC(188)   Evacuate Collection Set: 1.1ms
[2024-02-10T15:49:17.233+0000][7][gc,phases   ] GC(188)   Post Evacuate Collection Set: 0.6ms
[2024-02-10T15:49:17.233+0000][7][gc,phases   ] GC(188)   Other: 0.1ms
[2024-02-10T15:49:17.233+0000][7][gc,age      ] GC(188) Age table with threshold 15 (max threshold 15)
[2024-02-10T15:49:17.233+0000][7][gc,age      ] GC(188) - age   1:    1947456 bytes,    1947456 total
[2024-02-10T15:49:17.233+0000][7][gc,age      ] GC(188) - age   2:     276448 bytes,    2223904 total
[2024-02-10T15:49:17.233+0000][7][gc,age      ] GC(188) - age   3:       4544 bytes,    2228448 total
[2024-02-10T15:49:17.233+0000][7][gc,age      ] GC(188) - age   4:        144 bytes,    2228592 total
[2024-02-10T15:49:17.233+0000][7][gc,age      ] GC(188) - age   7:        120 bytes,    2228712 total
[2024-02-10T15:49:17.233+0000][7][gc,age      ] GC(188) - age   8:        184 bytes,    2228896 total
[2024-02-10T15:49:17.233+0000][7][gc,age      ] GC(188) - age  10:        240 bytes,    2229136 total
[2024-02-10T15:49:17.233+0000][7][gc,age      ] GC(188) - age  11:        168 bytes,    2229304 total
[2024-02-10T15:49:17.234+0000][7][gc,age      ] GC(188) - age  12:      94736 bytes,    2324040 total
[2024-02-10T15:49:17.234+0000][7][gc,age      ] GC(188) - age  13:        360 bytes,    2324400 total
[2024-02-10T15:49:17.234+0000][7][gc,age      ] GC(188) - age  15:         64 bytes,    2324464 total
[2024-02-10T15:49:17.234+0000][7][gc,heap     ] GC(188) Eden regions: 152->0(152)
[2024-02-10T15:49:17.234+0000][7][gc,heap     ] GC(188) Survivor regions: 1->1(20)
[2024-02-10T15:49:17.234+0000][7][gc,heap     ] GC(188) Old regions: 24->24
[2024-02-10T15:49:17.234+0000][7][gc,heap     ] GC(188) Archive regions: 2->2
[2024-02-10T15:49:17.234+0000][7][gc,heap     ] GC(188) Humongous regions: 0->0
[2024-02-10T15:49:17.234+0000][7][gc,metaspace] GC(188) Metaspace: 129478K(133184K)->129478K(133184K) NonClass: 112500K(114432K)->112500K(114432K) Class: 16977K(18752K)->16977K(18752K)
[2024-02-10T15:49:17.234+0000][7][gc          ] GC(188) Pause Young (Normal) (G1 Evacuation Pause) 706M->99M(1024M) 2.134ms
[2024-02-10T15:49:17.234+0000][7][gc,cpu      ] GC(188) User=0.01s Sys=0.00s Real=0.00s
[2024-02-10T15:49:17.234+0000][7][safepoint   ] Safepoint "G1CollectForAllocation", Time since last: 129040436847 ns, Reaching safepoint: 35844 ns, At safepoint: 2207297 ns, Total: 2243141 ns
[2024-02-10T15:52:41.180+0000][7][gc,start    ] GC(189) Pause Young (Normal) (G1 Evacuation Pause)
[2024-02-10T15:52:41.180+0000][7][gc,task     ] GC(189) Using 8 workers of 8 for evacuation
[2024-02-10T15:52:41.180+0000][7][gc,age      ] GC(189) Desired survivor size 41943040 bytes, new threshold 15 (max threshold 15)
[2024-02-10T15:52:41.182+0000][7][gc,phases   ] GC(189)   Pre Evacuate Collection Set: 0.1ms
[2024-02-10T15:52:41.182+0000][7][gc,phases   ] GC(189)   Merge Heap Roots: 0.1ms
[2024-02-10T15:52:41.182+0000][7][gc,phases   ] GC(189)   Evacuate Collection Set: 1.7ms
[2024-02-10T15:52:41.183+0000][7][gc,phases   ] GC(189)   Post Evacuate Collection Set: 0.8ms
[2024-02-10T15:52:41.183+0000][7][gc,phases   ] GC(189)   Other: 0.1ms
[2024-02-10T15:52:41.183+0000][7][gc,age      ] GC(189) Age table with threshold 15 (max threshold 15)
[2024-02-10T15:52:41.183+0000][7][gc,age      ] GC(189) - age   1:    1730520 bytes,    1730520 total
[2024-02-10T15:52:41.183+0000][7][gc,age      ] GC(189) - age   2:     118728 bytes,    1849248 total
[2024-02-10T15:52:41.183+0000][7][gc,age      ] GC(189) - age   3:     274704 bytes,    2123952 total
[2024-02-10T15:52:41.183+0000][7][gc,age      ] GC(189) - age   4:        960 bytes,    2124912 total
[2024-02-10T15:52:41.183+0000][7][gc,age      ] GC(189) - age   5:        112 bytes,    2125024 total
[2024-02-10T15:52:41.183+0000][7][gc,age      ] GC(189) - age   8:        120 bytes,    2125144 total
[2024-02-10T15:52:41.183+0000][7][gc,age      ] GC(189) - age   9:        184 bytes,    2125328 total
[2024-02-10T15:52:41.183+0000][7][gc,age      ] GC(189) - age  11:         56 bytes,    2125384 total
[2024-02-10T15:52:41.183+0000][7][gc,age      ] GC(189) - age  12:        168 bytes,    2125552 total
[2024-02-10T15:52:41.183+0000][7][gc,age      ] GC(189) - age  13:      94736 bytes,    2220288 total
[2024-02-10T15:52:41.183+0000][7][gc,age      ] GC(189) - age  14:        360 bytes,    2220648 total
[2024-02-10T15:52:41.183+0000][7][gc,heap     ] GC(189) Eden regions: 152->0(152)
[2024-02-10T15:52:41.183+0000][7][gc,heap     ] GC(189) Survivor regions: 1->1(20)
[2024-02-10T15:52:41.183+0000][7][gc,heap     ] GC(189) Old regions: 24->24
[2024-02-10T15:52:41.183+0000][7][gc,heap     ] GC(189) Archive regions: 2->2
[2024-02-10T15:52:41.183+0000][7][gc,heap     ] GC(189) Humongous regions: 0->0
[2024-02-10T15:52:41.183+0000][7][gc,metaspace] GC(189) Metaspace: 129478K(133184K)->129478K(133184K) NonClass: 112500K(114432K)->112500K(114432K) Class: 16977K(18752K)->16977K(18752K)
[2024-02-10T15:52:41.183+0000][7][gc          ] GC(189) Pause Young (Normal) (G1 Evacuation Pause) 707M->98M(1024M) 3.053ms
[2024-02-10T15:52:41.183+0000][7][gc,cpu      ] GC(189) User=0.02s Sys=0.00s Real=0.00s
[2024-02-10T15:52:41.183+0000][7][safepoint   ] Safepoint "G1CollectForAllocation", Time since last: 203945900995 ns, Reaching safepoint: 83157 ns, At safepoint: 3141934 ns, Total: 3225091 ns
[2024-02-10T15:55:11.185+0000][7][gc,start    ] GC(190) Pause Young (Normal) (G1 Evacuation Pause)
[2024-02-10T15:55:11.185+0000][7][gc,task     ] GC(190) Using 8 workers of 8 for evacuation
[2024-02-10T15:55:11.185+0000][7][gc,age      ] GC(190) Desired survivor size 41943040 bytes, new threshold 15 (max threshold 15)
[2024-02-10T15:55:11.187+0000][7][gc,phases   ] GC(190)   Pre Evacuate Collection Set: 0.1ms
[2024-02-10T15:55:11.187+0000][7][gc,phases   ] GC(190)   Merge Heap Roots: 0.1ms
[2024-02-10T15:55:11.187+0000][7][gc,phases   ] GC(190)   Evacuate Collection Set: 1.4ms
[2024-02-10T15:55:11.187+0000][7][gc,phases   ] GC(190)   Post Evacuate Collection Set: 0.7ms
[2024-02-10T15:55:11.187+0000][7][gc,phases   ] GC(190)   Other: 0.1ms
[2024-02-10T15:55:11.187+0000][7][gc,age      ] GC(190) Age table with threshold 15 (max threshold 15)
[2024-02-10T15:55:11.187+0000][7][gc,age      ] GC(190) - age   1:    1068536 bytes,    1068536 total
[2024-02-10T15:55:11.187+0000][7][gc,age      ] GC(190) - age   2:     102648 bytes,    1171184 total
[2024-02-10T15:55:11.187+0000][7][gc,age      ] GC(190) - age   3:     116840 bytes,    1288024 total
[2024-02-10T15:55:11.187+0000][7][gc,age      ] GC(190) - age   4:     274704 bytes,    1562728 total
[2024-02-10T15:55:11.187+0000][7][gc,age      ] GC(190) - age   5:        960 bytes,    1563688 total
[2024-02-10T15:55:11.187+0000][7][gc,age      ] GC(190) - age   6:        112 bytes,    1563800 total
[2024-02-10T15:55:11.187+0000][7][gc,age      ] GC(190) - age   9:        120 bytes,    1563920 total
[2024-02-10T15:55:11.187+0000][7][gc,age      ] GC(190) - age  10:        184 bytes,    1564104 total
[2024-02-10T15:55:11.187+0000][7][gc,age      ] GC(190) - age  12:         56 bytes,    1564160 total
[2024-02-10T15:55:11.187+0000][7][gc,age      ] GC(190) - age  13:        168 bytes,    1564328 total
[2024-02-10T15:55:11.187+0000][7][gc,age      ] GC(190) - age  14:      94736 bytes,    1659064 total
[2024-02-10T15:55:11.187+0000][7][gc,age      ] GC(190) - age  15:        360 bytes,    1659424 total
[2024-02-10T15:55:11.187+0000][7][gc,heap     ] GC(190) Eden regions: 152->0(152)
[2024-02-10T15:55:11.187+0000][7][gc,heap     ] GC(190) Survivor regions: 1->1(20)
[2024-02-10T15:55:11.187+0000][7][gc,heap     ] GC(190) Old regions: 24->24
[2024-02-10T15:55:11.187+0000][7][gc,heap     ] GC(190) Archive regions: 2->2
[2024-02-10T15:55:11.187+0000][7][gc,heap     ] GC(190) Humongous regions: 0->0
[2024-02-10T15:55:11.187+0000][7][gc,metaspace] GC(190) Metaspace: 129478K(133184K)->129478K(133184K) NonClass: 112500K(114432K)->112500K(114432K) Class: 16977K(18752K)->16977K(18752K)
[2024-02-10T15:55:11.187+0000][7][gc          ] GC(190) Pause Young (Normal) (G1 Evacuation Pause) 706M->98M(1024M) 2.660ms
[2024-02-10T15:55:11.187+0000][7][gc,cpu      ] GC(190) User=0.01s Sys=0.00s Real=0.01s
[2024-02-10T15:55:11.187+0000][7][safepoint   ] Safepoint "G1CollectForAllocation", Time since last: 150001855007 ns, Reaching safepoint: 58272 ns, At safepoint: 2755343 ns, Total: 2813615 ns
[2024-02-10T15:57:30.203+0000][7][safepoint   ] Safepoint "Cleanup", Time since last: 139015274895 ns, Reaching safepoint: 124120 ns, At safepoint: 11784 ns, Total: 135904 ns
[2024-02-10T15:58:23.222+0000][7][gc,start    ] GC(191) Pause Young (Normal) (G1 Evacuation Pause)
[2024-02-10T15:58:23.222+0000][7][gc,task     ] GC(191) Using 8 workers of 8 for evacuation
[2024-02-10T15:58:23.222+0000][7][gc,age      ] GC(191) Desired survivor size 41943040 bytes, new threshold 15 (max threshold 15)
[2024-02-10T15:58:23.224+0000][7][gc,phases   ] GC(191)   Pre Evacuate Collection Set: 0.1ms
[2024-02-10T15:58:23.224+0000][7][gc,phases   ] GC(191)   Merge Heap Roots: 0.1ms
[2024-02-10T15:58:23.224+0000][7][gc,phases   ] GC(191)   Evacuate Collection Set: 1.0ms
[2024-02-10T15:58:23.224+0000][7][gc,phases   ] GC(191)   Post Evacuate Collection Set: 0.7ms
[2024-02-10T15:58:23.224+0000][7][gc,phases   ] GC(191)   Other: 0.1ms
[2024-02-10T15:58:23.224+0000][7][gc,age      ] GC(191) Age table with threshold 15 (max threshold 15)
[2024-02-10T15:58:23.224+0000][7][gc,age      ] GC(191) - age   1:     494488 bytes,     494488 total
[2024-02-10T15:58:23.224+0000][7][gc,age      ] GC(191) - age   2:      12560 bytes,     507048 total
[2024-02-10T15:58:23.224+0000][7][gc,age      ] GC(191) - age   3:     100096 bytes,     607144 total
[2024-02-10T15:58:23.224+0000][7][gc,age      ] GC(191) - age   4:     115504 bytes,     722648 total
[2024-02-10T15:58:23.224+0000][7][gc,age      ] GC(191) - age   5:     274704 bytes,     997352 total
[2024-02-10T15:58:23.224+0000][7][gc,age      ] GC(191) - age   6:        568 bytes,     997920 total
[2024-02-10T15:58:23.224+0000][7][gc,age      ] GC(191) - age   7:        112 bytes,     998032 total
[2024-02-10T15:58:23.224+0000][7][gc,age      ] GC(191) - age  10:        120 bytes,     998152 total
[2024-02-10T15:58:23.224+0000][7][gc,age      ] GC(191) - age  13:         56 bytes,     998208 total
[2024-02-10T15:58:23.224+0000][7][gc,age      ] GC(191) - age  14:        168 bytes,     998376 total
[2024-02-10T15:58:23.224+0000][7][gc,age      ] GC(191) - age  15:      94736 bytes,    1093112 total
[2024-02-10T15:58:23.224+0000][7][gc,heap     ] GC(191) Eden regions: 152->0(152)
[2024-02-10T15:58:23.224+0000][7][gc,heap     ] GC(191) Survivor regions: 1->1(20)
[2024-02-10T15:58:23.224+0000][7][gc,heap     ] GC(191) Old regions: 24->24
[2024-02-10T15:58:23.224+0000][7][gc,heap     ] GC(191) Archive regions: 2->2
[2024-02-10T15:58:23.224+0000][7][gc,heap     ] GC(191) Humongous regions: 0->0
[2024-02-10T15:58:23.224+0000][7][gc,metaspace] GC(191) Metaspace: 129478K(133184K)->129478K(133184K) NonClass: 112500K(114432K)->112500K(114432K) Class: 16977K(18752K)->16977K(18752K)
[2024-02-10T15:58:23.224+0000][7][gc          ] GC(191) Pause Young (Normal) (G1 Evacuation Pause) 706M->97M(1024M) 2.267ms
[2024-02-10T15:58:23.224+0000][7][gc,cpu      ] GC(191) User=0.01s Sys=0.00s Real=0.00s
[2024-02-10T15:58:23.224+0000][7][safepoint   ] Safepoint "G1CollectForAllocation", Time since last: 53019127869 ns, Reaching safepoint: 69345 ns, At safepoint: 2354497 ns, Total: 2423842 ns
[2024-02-10T16:01:38.286+0000][7][gc,start    ] GC(192) Pause Young (Normal) (G1 Evacuation Pause)
[2024-02-10T16:01:38.286+0000][7][gc,task     ] GC(192) Using 8 workers of 8 for evacuation
[2024-02-10T16:01:38.286+0000][7][gc,age      ] GC(192) Desired survivor size 41943040 bytes, new threshold 15 (max threshold 15)
[2024-02-10T16:01:38.289+0000][7][gc,phases   ] GC(192)   Pre Evacuate Collection Set: 0.1ms
[2024-02-10T16:01:38.289+0000][7][gc,phases   ] GC(192)   Merge Heap Roots: 0.1ms
[2024-02-10T16:01:38.289+0000][7][gc,phases   ] GC(192)   Evacuate Collection Set: 1.6ms
[2024-02-10T16:01:38.289+0000][7][gc,phases   ] GC(192)   Post Evacuate Collection Set: 0.7ms
[2024-02-10T16:01:38.289+0000][7][gc,phases   ] GC(192)   Other: 0.1ms
[2024-02-10T16:01:38.289+0000][7][gc,age      ] GC(192) Age table with threshold 15 (max threshold 15)
[2024-02-10T16:01:38.289+0000][7][gc,age      ] GC(192) - age   1:    2230032 bytes,    2230032 total
[2024-02-10T16:01:38.289+0000][7][gc,age      ] GC(192) - age   2:       2544 bytes,    2232576 total
[2024-02-10T16:01:38.289+0000][7][gc,age      ] GC(192) - age   3:      10232 bytes,    2242808 total
[2024-02-10T16:01:38.289+0000][7][gc,age      ] GC(192) - age   4:      99840 bytes,    2342648 total
[2024-02-10T16:01:38.289+0000][7][gc,age      ] GC(192) - age   5:     115504 bytes,    2458152 total
[2024-02-10T16:01:38.289+0000][7][gc,age      ] GC(192) - age   6:     274704 bytes,    2732856 total
[2024-02-10T16:01:38.289+0000][7][gc,age      ] GC(192) - age   7:        568 bytes,    2733424 total
[2024-02-10T16:01:38.289+0000][7][gc,age      ] GC(192) - age   8:        112 bytes,    2733536 total
[2024-02-10T16:01:38.289+0000][7][gc,age      ] GC(192) - age  11:        120 bytes,    2733656 total
[2024-02-10T16:01:38.289+0000][7][gc,age      ] GC(192) - age  14:         56 bytes,    2733712 total
[2024-02-10T16:01:38.289+0000][7][gc,age      ] GC(192) - age  15:        168 bytes,    2733880 total
[2024-02-10T16:01:38.289+0000][7][gc,heap     ] GC(192) Eden regions: 152->0(152)
[2024-02-10T16:01:38.289+0000][7][gc,heap     ] GC(192) Survivor regions: 1->1(20)
[2024-02-10T16:01:38.289+0000][7][gc,heap     ] GC(192) Old regions: 24->24
[2024-02-10T16:01:38.289+0000][7][gc,heap     ] GC(192) Archive regions: 2->2
[2024-02-10T16:01:38.289+0000][7][gc,heap     ] GC(192) Humongous regions: 0->0
[2024-02-10T16:01:38.289+0000][7][gc,metaspace] GC(192) Metaspace: 129478K(133184K)->129478K(133184K) NonClass: 112500K(114432K)->112500K(114432K) Class: 16977K(18752K)->16977K(18752K)
[2024-02-10T16:01:38.289+0000][7][gc          ] GC(192) Pause Young (Normal) (G1 Evacuation Pause) 705M->99M(1024M) 2.732ms
[2024-02-10T16:01:38.289+0000][7][gc,cpu      ] GC(192) User=0.01s Sys=0.00s Real=0.01s
[2024-02-10T16:01:38.289+0000][7][safepoint   ] Safepoint "G1CollectForAllocation", Time since last: 195061555576 ns, Reaching safepoint: 38058 ns, At safepoint: 2807200 ns, Total: 2845258 ns
[2024-02-10T16:02:07.293+0000][7][safepoint   ] Safepoint "Cleanup", Time since last: 29004311396 ns, Reaching safepoint: 136576 ns, At safepoint: 29789 ns, Total: 166365 ns
[2024-02-10T16:02:43.299+0000][7][safepoint   ] Safepoint "Cleanup", Time since last: 36005146666 ns, Reaching safepoint: 113246 ns, At safepoint: 12690 ns, Total: 125936 ns
[2024-02-10T16:04:59.250+0000][7][gc,start    ] GC(193) Pause Young (Normal) (G1 Evacuation Pause)
[2024-02-10T16:04:59.250+0000][7][gc,task     ] GC(193) Using 8 workers of 8 for evacuation
[2024-02-10T16:04:59.250+0000][7][gc,age      ] GC(193) Desired survivor size 41943040 bytes, new threshold 15 (max threshold 15)
[2024-02-10T16:04:59.252+0000][7][gc,phases   ] GC(193)   Pre Evacuate Collection Set: 0.1ms
[2024-02-10T16:04:59.252+0000][7][gc,phases   ] GC(193)   Merge Heap Roots: 0.1ms
[2024-02-10T16:04:59.252+0000][7][gc,phases   ] GC(193)   Evacuate Collection Set: 1.3ms
[2024-02-10T16:04:59.252+0000][7][gc,phases   ] GC(193)   Post Evacuate Collection Set: 0.6ms
[2024-02-10T16:04:59.252+0000][7][gc,phases   ] GC(193)   Other: 0.1ms
[2024-02-10T16:04:59.252+0000][7][gc,age      ] GC(193) Age table with threshold 15 (max threshold 15)
[2024-02-10T16:04:59.252+0000][7][gc,age      ] GC(193) - age   1:    1284688 bytes,    1284688 total
[2024-02-10T16:04:59.252+0000][7][gc,age      ] GC(193) - age   2:      11480 bytes,    1296168 total
[2024-02-10T16:04:59.252+0000][7][gc,age      ] GC(193) - age   3:       1592 bytes,    1297760 total
[2024-02-10T16:04:59.252+0000][7][gc,age      ] GC(193) - age   4:      10104 bytes,    1307864 total
[2024-02-10T16:04:59.252+0000][7][gc,age      ] GC(193) - age   5:      96136 bytes,    1404000 total
[2024-02-10T16:04:59.252+0000][7][gc,age      ] GC(193) - age   6:     115504 bytes,    1519504 total
[2024-02-10T16:04:59.252+0000][7][gc,age      ] GC(193) - age   7:     233848 bytes,    1753352 total
[2024-02-10T16:04:59.252+0000][7][gc,age      ] GC(193) - age   8:        184 bytes,    1753536 total
[2024-02-10T16:04:59.252+0000][7][gc,age      ] GC(193) - age   9:        112 bytes,    1753648 total
[2024-02-10T16:04:59.252+0000][7][gc,age      ] GC(193) - age  12:        120 bytes,    1753768 total
[2024-02-10T16:04:59.252+0000][7][gc,age      ] GC(193) - age  15:         56 bytes,    1753824 total
[2024-02-10T16:04:59.252+0000][7][gc,heap     ] GC(193) Eden regions: 152->0(152)
[2024-02-10T16:04:59.252+0000][7][gc,heap     ] GC(193) Survivor regions: 1->1(20)
[2024-02-10T16:04:59.252+0000][7][gc,heap     ] GC(193) Old regions: 24->24
[2024-02-10T16:04:59.252+0000][7][gc,heap     ] GC(193) Archive regions: 2->2
[2024-02-10T16:04:59.252+0000][7][gc,heap     ] GC(193) Humongous regions: 0->0
[2024-02-10T16:04:59.252+0000][7][gc,metaspace] GC(193) Metaspace: 129478K(133184K)->129478K(133184K) NonClass: 112500K(114432K)->112500K(114432K) Class: 16977K(18752K)->16977K(18752K)
[2024-02-10T16:04:59.252+0000][7][gc          ] GC(193) Pause Young (Normal) (G1 Evacuation Pause) 707M->98M(1024M) 2.434ms
[2024-02-10T16:04:59.252+0000][7][gc,cpu      ] GC(193) User=0.01s Sys=0.00s Real=0.00s
[2024-02-10T16:04:59.252+0000][7][safepoint   ] Safepoint "G1CollectForAllocation", Time since last: 135951115543 ns, Reaching safepoint: 66731 ns, At safepoint: 2514176 ns, Total: 2580907 ns
[2024-02-10T16:08:11.227+0000][7][gc,start    ] GC(194) Pause Young (Normal) (G1 Evacuation Pause)
[2024-02-10T16:08:11.227+0000][7][gc,task     ] GC(194) Using 8 workers of 8 for evacuation
[2024-02-10T16:08:11.227+0000][7][gc,age      ] GC(194) Desired survivor size 41943040 bytes, new threshold 15 (max threshold 15)
[2024-02-10T16:08:11.229+0000][7][gc,phases   ] GC(194)   Pre Evacuate Collection Set: 0.1ms
[2024-02-10T16:08:11.229+0000][7][gc,phases   ] GC(194)   Merge Heap Roots: 0.1ms
[2024-02-10T16:08:11.229+0000][7][gc,phases   ] GC(194)   Evacuate Collection Set: 1.5ms
[2024-02-10T16:08:11.229+0000][7][gc,phases   ] GC(194)   Post Evacuate Collection Set: 0.7ms
[2024-02-10T16:08:11.229+0000][7][gc,phases   ] GC(194)   Other: 0.1ms
[2024-02-10T16:08:11.229+0000][7][gc,age      ] GC(194) Age table with threshold 15 (max threshold 15)
[2024-02-10T16:08:11.229+0000][7][gc,age      ] GC(194) - age   1:    1517600 bytes,    1517600 total
[2024-02-10T16:08:11.229+0000][7][gc,age      ] GC(194) - age   2:      15168 bytes,    1532768 total
[2024-02-10T16:08:11.229+0000][7][gc,age      ] GC(194) - age   3:        312 bytes,    1533080 total
[2024-02-10T16:08:11.229+0000][7][gc,age      ] GC(194) - age   4:        440 bytes,    1533520 total
[2024-02-10T16:08:11.229+0000][7][gc,age      ] GC(194) - age   5:      10040 bytes,    1543560 total
[2024-02-10T16:08:11.229+0000][7][gc,age      ] GC(194) - age   6:      96112 bytes,    1639672 total
[2024-02-10T16:08:11.229+0000][7][gc,age      ] GC(194) - age   7:     115472 bytes,    1755144 total
[2024-02-10T16:08:11.229+0000][7][gc,age      ] GC(194) - age   8:     233848 bytes,    1988992 total
[2024-02-10T16:08:11.229+0000][7][gc,age      ] GC(194) - age   9:        184 bytes,    1989176 total
[2024-02-10T16:08:11.229+0000][7][gc,age      ] GC(194) - age  10:        112 bytes,    1989288 total
[2024-02-10T16:08:11.229+0000][7][gc,age      ] GC(194) - age  13:        120 bytes,    1989408 total
[2024-02-10T16:08:11.229+0000][7][gc,heap     ] GC(194) Eden regions: 152->0(152)
[2024-02-10T16:08:11.229+0000][7][gc,heap     ] GC(194) Survivor regions: 1->1(20)
[2024-02-10T16:08:11.229+0000][7][gc,heap     ] GC(194) Old regions: 24->24
[2024-02-10T16:08:11.229+0000][7][gc,heap     ] GC(194) Archive regions: 2->2
[2024-02-10T16:08:11.229+0000][7][gc,heap     ] GC(194) Humongous regions: 0->0
[2024-02-10T16:08:11.229+0000][7][gc,metaspace] GC(194) Metaspace: 129480K(133184K)->129480K(133184K) NonClass: 112503K(114432K)->112503K(114432K) Class: 16977K(18752K)->16977K(18752K)
[2024-02-10T16:08:11.229+0000][7][gc          ] GC(194) Pause Young (Normal) (G1 Evacuation Pause) 706M->98M(1024M) 2.756ms
[2024-02-10T16:08:11.229+0000][7][gc,cpu      ] GC(194) User=0.01s Sys=0.00s Real=0.00s
[2024-02-10T16:08:11.229+0000][7][safepoint   ] Safepoint "G1CollectForAllocation", Time since last: 191974330525 ns, Reaching safepoint: 53550 ns, At safepoint: 2846957 ns, Total: 2900507 ns
[2024-02-10T16:11:11.250+0000][7][safepoint   ] Safepoint "Cleanup", Time since last: 180020177808 ns, Reaching safepoint: 87334 ns, At safepoint: 5993 ns, Total: 93327 ns
[2024-02-10T16:11:23.280+0000][7][gc,start    ] GC(195) Pause Young (Normal) (G1 Evacuation Pause)
[2024-02-10T16:11:23.280+0000][7][gc,task     ] GC(195) Using 8 workers of 8 for evacuation
[2024-02-10T16:11:23.280+0000][7][gc,age      ] GC(195) Desired survivor size 41943040 bytes, new threshold 15 (max threshold 15)
[2024-02-10T16:11:23.283+0000][7][gc,phases   ] GC(195)   Pre Evacuate Collection Set: 0.1ms
[2024-02-10T16:11:23.283+0000][7][gc,phases   ] GC(195)   Merge Heap Roots: 0.1ms
[2024-02-10T16:11:23.283+0000][7][gc,phases   ] GC(195)   Evacuate Collection Set: 1.7ms
[2024-02-10T16:11:23.283+0000][7][gc,phases   ] GC(195)   Post Evacuate Collection Set: 1.3ms
[2024-02-10T16:11:23.283+0000][7][gc,phases   ] GC(195)   Other: 0.1ms
[2024-02-10T16:11:23.283+0000][7][gc,age      ] GC(195) Age table with threshold 15 (max threshold 15)
[2024-02-10T16:11:23.283+0000][7][gc,age      ] GC(195) - age   1:     942680 bytes,     942680 total
[2024-02-10T16:11:23.283+0000][7][gc,age      ] GC(195) - age   2:      10808 bytes,     953488 total
[2024-02-10T16:11:23.283+0000][7][gc,age      ] GC(195) - age   3:      12096 bytes,     965584 total
[2024-02-10T16:11:23.283+0000][7][gc,age      ] GC(195) - age   4:        184 bytes,     965768 total
[2024-02-10T16:11:23.283+0000][7][gc,age      ] GC(195) - age   5:        440 bytes,     966208 total
[2024-02-10T16:11:23.283+0000][7][gc,age      ] GC(195) - age   6:      10040 bytes,     976248 total
[2024-02-10T16:11:23.283+0000][7][gc,age      ] GC(195) - age   7:      96112 bytes,    1072360 total
[2024-02-10T16:11:23.283+0000][7][gc,age      ] GC(195) - age   8:     115288 bytes,    1187648 total
[2024-02-10T16:11:23.283+0000][7][gc,age      ] GC(195) - age   9:     233848 bytes,    1421496 total
[2024-02-10T16:11:23.283+0000][7][gc,age      ] GC(195) - age  10:        184 bytes,    1421680 total
[2024-02-10T16:11:23.283+0000][7][gc,age      ] GC(195) - age  11:        112 bytes,    1421792 total
[2024-02-10T16:11:23.283+0000][7][gc,age      ] GC(195) - age  14:        120 bytes,    1421912 total
[2024-02-10T16:11:23.283+0000][7][gc,heap     ] GC(195) Eden regions: 152->0(152)
[2024-02-10T16:11:23.283+0000][7][gc,heap     ] GC(195) Survivor regions: 1->1(20)
[2024-02-10T16:11:23.283+0000][7][gc,heap     ] GC(195) Old regions: 24->24
[2024-02-10T16:11:23.283+0000][7][gc,heap     ] GC(195) Archive regions: 2->2
[2024-02-10T16:11:23.283+0000][7][gc,heap     ] GC(195) Humongous regions: 0->0
[2024-02-10T16:11:23.283+0000][7][gc,metaspace] GC(195) Metaspace: 129481K(133184K)->129481K(133184K) NonClass: 112504K(114432K)->112504K(114432K) Class: 16977K(18752K)->16977K(18752K)
[2024-02-10T16:11:23.283+0000][7][gc          ] GC(195) Pause Young (Normal) (G1 Evacuation Pause) 706M->98M(1024M) 3.677ms
[2024-02-10T16:11:23.283+0000][7][gc,cpu      ] GC(195) User=0.01s Sys=0.00s Real=0.00s
[2024-02-10T16:11:23.283+0000][7][safepoint   ] Safepoint "G1CollectForAllocation", Time since last: 12029807251 ns, Reaching safepoint: 90415 ns, At safepoint: 3778123 ns, Total: 3868538 ns
[2024-02-10T16:14:30.264+0000][7][gc,start    ] GC(196) Pause Young (Normal) (G1 Evacuation Pause)
[2024-02-10T16:14:30.264+0000][7][gc,task     ] GC(196) Using 8 workers of 8 for evacuation
[2024-02-10T16:14:30.264+0000][7][gc,age      ] GC(196) Desired survivor size 41943040 bytes, new threshold 15 (max threshold 15)
[2024-02-10T16:14:30.266+0000][7][gc,phases   ] GC(196)   Pre Evacuate Collection Set: 0.1ms
[2024-02-10T16:14:30.266+0000][7][gc,phases   ] GC(196)   Merge Heap Roots: 0.0ms
[2024-02-10T16:14:30.266+0000][7][gc,phases   ] GC(196)   Evacuate Collection Set: 1.2ms
[2024-02-10T16:14:30.266+0000][7][gc,phases   ] GC(196)   Post Evacuate Collection Set: 0.6ms
[2024-02-10T16:14:30.266+0000][7][gc,phases   ] GC(196)   Other: 0.1ms
[2024-02-10T16:14:30.266+0000][7][gc,age      ] GC(196) Age table with threshold 15 (max threshold 15)
[2024-02-10T16:14:30.266+0000][7][gc,age      ] GC(196) - age   1:    2009784 bytes,    2009784 total
[2024-02-10T16:14:30.266+0000][7][gc,age      ] GC(196) - age   2:       1376 bytes,    2011160 total
[2024-02-10T16:14:30.266+0000][7][gc,age      ] GC(196) - age   3:       9128 bytes,    2020288 total
[2024-02-10T16:14:30.266+0000][7][gc,age      ] GC(196) - age   4:        624 bytes,    2020912 total
[2024-02-10T16:14:30.266+0000][7][gc,age      ] GC(196) - age   6:         32 bytes,    2020944 total
[2024-02-10T16:14:30.266+0000][7][gc,age      ] GC(196) - age   8:        224 bytes,    2021168 total
[2024-02-10T16:14:30.266+0000][7][gc,age      ] GC(196) - age   9:      29128 bytes,    2050296 total
[2024-02-10T16:14:30.266+0000][7][gc,age      ] GC(196) - age  10:     233120 bytes,    2283416 total
[2024-02-10T16:14:30.266+0000][7][gc,age      ] GC(196) - age  12:        112 bytes,    2283528 total
[2024-02-10T16:14:30.266+0000][7][gc,age      ] GC(196) - age  15:        120 bytes,    2283648 total
[2024-02-10T16:14:30.266+0000][7][gc,heap     ] GC(196) Eden regions: 152->0(152)
[2024-02-10T16:14:30.266+0000][7][gc,heap     ] GC(196) Survivor regions: 1->1(20)
[2024-02-10T16:14:30.266+0000][7][gc,heap     ] GC(196) Old regions: 24->24
[2024-02-10T16:14:30.266+0000][7][gc,heap     ] GC(196) Archive regions: 2->2
[2024-02-10T16:14:30.266+0000][7][gc,heap     ] GC(196) Humongous regions: 0->0
[2024-02-10T16:14:30.266+0000][7][gc,metaspace] GC(196) Metaspace: 129481K(133184K)->129481K(133184K) NonClass: 112504K(114432K)->112504K(114432K) Class: 16977K(18752K)->16977K(18752K)
[2024-02-10T16:14:30.266+0000][7][gc          ] GC(196) Pause Young (Normal) (G1 Evacuation Pause) 706M->99M(1024M) 2.194ms
[2024-02-10T16:14:30.266+0000][7][gc,cpu      ] GC(196) User=0.01s Sys=0.00s Real=0.00s
[2024-02-10T16:14:30.266+0000][7][safepoint   ] Safepoint "G1CollectForAllocation", Time since last: 186980383356 ns, Reaching safepoint: 26425 ns, At safepoint: 2334165 ns, Total: 2360590 ns
[2024-02-10T16:17:30.285+0000][7][safepoint   ] Safepoint "Cleanup", Time since last: 180019082442 ns, Reaching safepoint: 101218 ns, At safepoint: 9252 ns, Total: 110470 ns
[2024-02-10T16:17:53.272+0000][7][gc,start    ] GC(197) Pause Young (Normal) (G1 Evacuation Pause)
[2024-02-10T16:17:53.272+0000][7][gc,task     ] GC(197) Using 8 workers of 8 for evacuation
[2024-02-10T16:17:53.272+0000][7][gc,age      ] GC(197) Desired survivor size 41943040 bytes, new threshold 15 (max threshold 15)
[2024-02-10T16:17:53.275+0000][7][gc,phases   ] GC(197)   Pre Evacuate Collection Set: 0.1ms
[2024-02-10T16:17:53.275+0000][7][gc,phases   ] GC(197)   Merge Heap Roots: 0.1ms
[2024-02-10T16:17:53.275+0000][7][gc,phases   ] GC(197)   Evacuate Collection Set: 1.6ms
[2024-02-10T16:17:53.275+0000][7][gc,phases   ] GC(197)   Post Evacuate Collection Set: 0.7ms
[2024-02-10T16:17:53.275+0000][7][gc,phases   ] GC(197)   Other: 0.1ms
[2024-02-10T16:17:53.275+0000][7][gc,age      ] GC(197) Age table with threshold 15 (max threshold 15)
[2024-02-10T16:17:53.275+0000][7][gc,age      ] GC(197) - age   1:    1704032 bytes,    1704032 total
[2024-02-10T16:17:53.275+0000][7][gc,age      ] GC(197) - age   2:     207376 bytes,    1911408 total
[2024-02-10T16:17:53.275+0000][7][gc,age      ] GC(197) - age   4:       8408 bytes,    1919816 total
[2024-02-10T16:17:53.275+0000][7][gc,age      ] GC(197) - age   5:        624 bytes,    1920440 total
[2024-02-10T16:17:53.275+0000][7][gc,age      ] GC(197) - age   9:         32 bytes,    1920472 total
[2024-02-10T16:17:53.275+0000][7][gc,age      ] GC(197) - age  10:      29064 bytes,    1949536 total
[2024-02-10T16:17:53.275+0000][7][gc,age      ] GC(197) - age  11:     233120 bytes,    2182656 total
[2024-02-10T16:17:53.275+0000][7][gc,age      ] GC(197) - age  13:        112 bytes,    2182768 total
[2024-02-10T16:17:53.275+0000][7][gc,heap     ] GC(197) Eden regions: 152->0(152)
[2024-02-10T16:17:53.275+0000][7][gc,heap     ] GC(197) Survivor regions: 1->1(20)
[2024-02-10T16:17:53.275+0000][7][gc,heap     ] GC(197) Old regions: 24->24
[2024-02-10T16:17:53.275+0000][7][gc,heap     ] GC(197) Archive regions: 2->2
[2024-02-10T16:17:53.275+0000][7][gc,heap     ] GC(197) Humongous regions: 0->0
[2024-02-10T16:17:53.275+0000][7][gc,metaspace] GC(197) Metaspace: 129482K(133184K)->129482K(133184K) NonClass: 112504K(114432K)->112504K(114432K) Class: 16977K(18752K)->16977K(18752K)
[2024-02-10T16:17:53.275+0000][7][gc          ] GC(197) Pause Young (Normal) (G1 Evacuation Pause) 707M->99M(1024M) 2.877ms
[2024-02-10T16:17:53.275+0000][7][gc,cpu      ] GC(197) User=0.01s Sys=0.00s Real=0.00s
[2024-02-10T16:17:53.275+0000][7][safepoint   ] Safepoint "G1CollectForAllocation", Time since last: 22986976251 ns, Reaching safepoint: 69584 ns, At safepoint: 2961356 ns, Total: 3030940 ns
[2024-02-10T16:20:21.577+0000][7][gc,start    ] GC(198) Pause Young (Normal) (G1 Evacuation Pause)
[2024-02-10T16:20:21.577+0000][7][gc,task     ] GC(198) Using 8 workers of 8 for evacuation
[2024-02-10T16:20:21.577+0000][7][gc,age      ] GC(198) Desired survivor size 41943040 bytes, new threshold 15 (max threshold 15)
[2024-02-10T16:20:21.579+0000][7][gc,phases   ] GC(198)   Pre Evacuate Collection Set: 0.1ms
[2024-02-10T16:20:21.579+0000][7][gc,phases   ] GC(198)   Merge Heap Roots: 0.1ms
[2024-02-10T16:20:21.579+0000][7][gc,phases   ] GC(198)   Evacuate Collection Set: 1.4ms
[2024-02-10T16:20:21.579+0000][7][gc,phases   ] GC(198)   Post Evacuate Collection Set: 0.8ms
[2024-02-10T16:20:21.579+0000][7][gc,phases   ] GC(198)   Other: 0.1ms
[2024-02-10T16:20:21.580+0000][7][gc,age      ] GC(198) Age table with threshold 15 (max threshold 15)
[2024-02-10T16:20:21.580+0000][7][gc,age      ] GC(198) - age   1:    1098960 bytes,    1098960 total
[2024-02-10T16:20:21.580+0000][7][gc,age      ] GC(198) - age   2:      11592 bytes,    1110552 total
[2024-02-10T16:20:21.580+0000][7][gc,age      ] GC(198) - age   3:      80504 bytes,    1191056 total
[2024-02-10T16:20:21.580+0000][7][gc,age      ] GC(198) - age   5:       8224 bytes,    1199280 total
[2024-02-10T16:20:21.580+0000][7][gc,age      ] GC(198) - age   6:        624 bytes,    1199904 total
[2024-02-10T16:20:21.580+0000][7][gc,age      ] GC(198) - age  10:         32 bytes,    1199936 total
[2024-02-10T16:20:21.580+0000][7][gc,age      ] GC(198) - age  11:        168 bytes,    1200104 total
[2024-02-10T16:20:21.580+0000][7][gc,age      ] GC(198) - age  12:     233120 bytes,    1433224 total
[2024-02-10T16:20:21.580+0000][7][gc,age      ] GC(198) - age  14:        112 bytes,    1433336 total
[2024-02-10T16:20:21.580+0000][7][gc,heap     ] GC(198) Eden regions: 152->0(152)
[2024-02-10T16:20:21.580+0000][7][gc,heap     ] GC(198) Survivor regions: 1->1(20)
[2024-02-10T16:20:21.580+0000][7][gc,heap     ] GC(198) Old regions: 24->24
[2024-02-10T16:20:21.580+0000][7][gc,heap     ] GC(198) Archive regions: 2->2
[2024-02-10T16:20:21.580+0000][7][gc,heap     ] GC(198) Humongous regions: 0->0
[2024-02-10T16:20:21.580+0000][7][gc,metaspace] GC(198) Metaspace: 129482K(133184K)->129482K(133184K) NonClass: 112504K(114432K)->112504K(114432K) Class: 16977K(18752K)->16977K(18752K)
[2024-02-10T16:20:21.580+0000][7][gc          ] GC(198) Pause Young (Normal) (G1 Evacuation Pause) 707M->98M(1024M) 2.831ms
[2024-02-10T16:20:21.580+0000][7][gc,cpu      ] GC(198) User=0.01s Sys=0.00s Real=0.00s
[2024-02-10T16:20:21.580+0000][7][safepoint   ] Safepoint "G1CollectForAllocation", Time since last: 147712769305 ns, Reaching safepoint: 102030 ns, At safepoint: 2927061 ns, Total: 3029091 ns
[2024-02-10T16:22:48.133+0000][7][gc,start    ] GC(199) Pause Young (Normal) (G1 Evacuation Pause)
[2024-02-10T16:22:48.133+0000][7][gc,task     ] GC(199) Using 8 workers of 8 for evacuation
[2024-02-10T16:22:48.133+0000][7][gc,age      ] GC(199) Desired survivor size 41943040 bytes, new threshold 15 (max threshold 15)
[2024-02-10T16:22:48.135+0000][7][gc,phases   ] GC(199)   Pre Evacuate Collection Set: 0.1ms
[2024-02-10T16:22:48.135+0000][7][gc,phases   ] GC(199)   Merge Heap Roots: 0.0ms
[2024-02-10T16:22:48.135+0000][7][gc,phases   ] GC(199)   Evacuate Collection Set: 1.1ms
[2024-02-10T16:22:48.135+0000][7][gc,phases   ] GC(199)   Post Evacuate Collection Set: 0.5ms
[2024-02-10T16:22:48.135+0000][7][gc,phases   ] GC(199)   Other: 0.1ms
[2024-02-10T16:22:48.135+0000][7][gc,age      ] GC(199) Age table with threshold 15 (max threshold 15)
[2024-02-10T16:22:48.135+0000][7][gc,age      ] GC(199) - age   1:    1921728 bytes,    1921728 total
[2024-02-10T16:22:48.135+0000][7][gc,age      ] GC(199) - age   2:     181904 bytes,    2103632 total
[2024-02-10T16:22:48.135+0000][7][gc,age      ] GC(199) - age   3:       1848 bytes,    2105480 total
[2024-02-10T16:22:48.135+0000][7][gc,age      ] GC(199) - age   4:      76728 bytes,    2182208 total
[2024-02-10T16:22:48.135+0000][7][gc,age      ] GC(199) - age   6:       8224 bytes,    2190432 total
[2024-02-10T16:22:48.135+0000][7][gc,age      ] GC(199) - age   7:         56 bytes,    2190488 total
[2024-02-10T16:22:48.135+0000][7][gc,age      ] GC(199) - age  12:        168 bytes,    2190656 total
[2024-02-10T16:22:48.135+0000][7][gc,age      ] GC(199) - age  13:     233120 bytes,    2423776 total
[2024-02-10T16:22:48.135+0000][7][gc,age      ] GC(199) - age  15:        112 bytes,    2423888 total
[2024-02-10T16:22:48.135+0000][7][gc,heap     ] GC(199) Eden regions: 152->0(152)
[2024-02-10T16:22:48.135+0000][7][gc,heap     ] GC(199) Survivor regions: 1->1(20)
[2024-02-10T16:22:48.135+0000][7][gc,heap     ] GC(199) Old regions: 24->24
[2024-02-10T16:22:48.135+0000][7][gc,heap     ] GC(199) Archive regions: 2->2
[2024-02-10T16:22:48.135+0000][7][gc,heap     ] GC(199) Humongous regions: 0->0
[2024-02-10T16:22:48.135+0000][7][gc,metaspace] GC(199) Metaspace: 129482K(133184K)->129482K(133184K) NonClass: 112504K(114432K)->112504K(114432K) Class: 16977K(18752K)->16977K(18752K)
[2024-02-10T16:22:48.135+0000][7][gc          ] GC(199) Pause Young (Normal) (G1 Evacuation Pause) 706M->99M(1024M) 2.048ms
[2024-02-10T16:22:48.135+0000][7][gc,cpu      ] GC(199) User=0.01s Sys=0.00s Real=0.01s
[2024-02-10T16:22:48.135+0000][7][safepoint   ] Safepoint "G1CollectForAllocation", Time since last: 146553489193 ns, Reaching safepoint: 28496 ns, At safepoint: 2122141 ns, Total: 2150637 ns
[2024-02-10T16:25:36.444+0000][7][gc,start    ] GC(200) Pause Young (Normal) (G1 Evacuation Pause)
[2024-02-10T16:25:36.444+0000][7][gc,task     ] GC(200) Using 8 workers of 8 for evacuation
[2024-02-10T16:25:36.444+0000][7][gc,age      ] GC(200) Desired survivor size 41943040 bytes, new threshold 15 (max threshold 15)
[2024-02-10T16:25:36.447+0000][7][gc,phases   ] GC(200)   Pre Evacuate Collection Set: 0.1ms
[2024-02-10T16:25:36.447+0000][7][gc,phases   ] GC(200)   Merge Heap Roots: 0.1ms
[2024-02-10T16:25:36.447+0000][7][gc,phases   ] GC(200)   Evacuate Collection Set: 1.2ms
[2024-02-10T16:25:36.447+0000][7][gc,phases   ] GC(200)   Post Evacuate Collection Set: 0.7ms
[2024-02-10T16:25:36.447+0000][7][gc,phases   ] GC(200)   Other: 0.1ms
[2024-02-10T16:25:36.447+0000][7][gc,age      ] GC(200) Age table with threshold 15 (max threshold 15)
[2024-02-10T16:25:36.447+0000][7][gc,age      ] GC(200) - age   1:     777664 bytes,     777664 total
[2024-02-10T16:25:36.447+0000][7][gc,age      ] GC(200) - age   2:      40440 bytes,     818104 total
[2024-02-10T16:25:36.447+0000][7][gc,age      ] GC(200) - age   3:     180640 bytes,     998744 total
[2024-02-10T16:25:36.447+0000][7][gc,age      ] GC(200) - age   4:        976 bytes,     999720 total
[2024-02-10T16:25:36.447+0000][7][gc,age      ] GC(200) - age   5:      76544 bytes,    1076264 total
[2024-02-10T16:25:36.447+0000][7][gc,age      ] GC(200) - age   7:       8224 bytes,    1084488 total
[2024-02-10T16:25:36.447+0000][7][gc,age      ] GC(200) - age   8:         56 bytes,    1084544 total
[2024-02-10T16:25:36.447+0000][7][gc,age      ] GC(200) - age  13:        168 bytes,    1084712 total
[2024-02-10T16:25:36.447+0000][7][gc,age      ] GC(200) - age  14:     233120 bytes,    1317832 total
[2024-02-10T16:25:36.447+0000][7][gc,heap     ] GC(200) Eden regions: 152->0(152)
[2024-02-10T16:25:36.447+0000][7][gc,heap     ] GC(200) Survivor regions: 1->1(20)
[2024-02-10T16:25:36.447+0000][7][gc,heap     ] GC(200) Old regions: 24->24
[2024-02-10T16:25:36.447+0000][7][gc,heap     ] GC(200) Archive regions: 2->2
[2024-02-10T16:25:36.447+0000][7][gc,heap     ] GC(200) Humongous regions: 0->0
[2024-02-10T16:25:36.447+0000][7][gc,metaspace] GC(200) Metaspace: 129482K(133184K)->129482K(133184K) NonClass: 112504K(114432K)->112504K(114432K) Class: 16977K(18752K)->16977K(18752K)
[2024-02-10T16:25:36.447+0000][7][gc          ] GC(200) Pause Young (Normal) (G1 Evacuation Pause) 707M->98M(1024M) 2.539ms
[2024-02-10T16:25:36.447+0000][7][gc,cpu      ] GC(200) User=0.00s Sys=0.00s Real=0.01s
[2024-02-10T16:25:36.447+0000][7][safepoint   ] Safepoint "G1CollectForAllocation", Time since last: 168308786512 ns, Reaching safepoint: 52829 ns, At safepoint: 2624216 ns, Total: 2677045 ns
[2024-02-10T16:28:54.857+0000][7][gc,start    ] GC(201) Pause Young (Normal) (G1 Evacuation Pause)
[2024-02-10T16:28:54.857+0000][7][gc,task     ] GC(201) Using 8 workers of 8 for evacuation
[2024-02-10T16:28:54.857+0000][7][gc,age      ] GC(201) Desired survivor size 41943040 bytes, new threshold 15 (max threshold 15)
[2024-02-10T16:28:54.860+0000][7][gc,phases   ] GC(201)   Pre Evacuate Collection Set: 0.1ms
[2024-02-10T16:28:54.860+0000][7][gc,phases   ] GC(201)   Merge Heap Roots: 0.1ms
[2024-02-10T16:28:54.860+0000][7][gc,phases   ] GC(201)   Evacuate Collection Set: 1.7ms
[2024-02-10T16:28:54.860+0000][7][gc,phases   ] GC(201)   Post Evacuate Collection Set: 0.7ms
[2024-02-10T16:28:54.860+0000][7][gc,phases   ] GC(201)   Other: 0.1ms
[2024-02-10T16:28:54.860+0000][7][gc,age      ] GC(201) Age table with threshold 15 (max threshold 15)
[2024-02-10T16:28:54.860+0000][7][gc,age      ] GC(201) - age   1:    1855112 bytes,    1855112 total
[2024-02-10T16:28:54.860+0000][7][gc,age      ] GC(201) - age   2:      18288 bytes,    1873400 total
[2024-02-10T16:28:54.860+0000][7][gc,age      ] GC(201) - age   3:      37680 bytes,    1911080 total
[2024-02-10T16:28:54.860+0000][7][gc,age      ] GC(201) - age   4:     180256 bytes,    2091336 total
[2024-02-10T16:28:54.860+0000][7][gc,age      ] GC(201) - age   5:         48 bytes,    2091384 total
[2024-02-10T16:28:54.860+0000][7][gc,age      ] GC(201) - age   6:      76024 bytes,    2167408 total
[2024-02-10T16:28:54.860+0000][7][gc,age      ] GC(201) - age   8:       8040 bytes,    2175448 total
[2024-02-10T16:28:54.860+0000][7][gc,age      ] GC(201) - age   9:         56 bytes,    2175504 total
[2024-02-10T16:28:54.860+0000][7][gc,age      ] GC(201) - age  14:        168 bytes,    2175672 total
[2024-02-10T16:28:54.860+0000][7][gc,age      ] GC(201) - age  15:     233120 bytes,    2408792 total
[2024-02-10T16:28:54.860+0000][7][gc,heap     ] GC(201) Eden regions: 152->0(152)
[2024-02-10T16:28:54.860+0000][7][gc,heap     ] GC(201) Survivor regions: 1->1(20)
[2024-02-10T16:28:54.860+0000][7][gc,heap     ] GC(201) Old regions: 24->24
[2024-02-10T16:28:54.860+0000][7][gc,heap     ] GC(201) Archive regions: 2->2
[2024-02-10T16:28:54.860+0000][7][gc,heap     ] GC(201) Humongous regions: 0->0
[2024-02-10T16:28:54.860+0000][7][gc,metaspace] GC(201) Metaspace: 129485K(133184K)->129485K(133184K) NonClass: 112508K(114432K)->112508K(114432K) Class: 16977K(18752K)->16977K(18752K)
[2024-02-10T16:28:54.860+0000][7][gc          ] GC(201) Pause Young (Normal) (G1 Evacuation Pause) 706M->99M(1024M) 3.003ms
[2024-02-10T16:28:54.860+0000][7][gc,cpu      ] GC(201) User=0.01s Sys=0.00s Real=0.00s
[2024-02-10T16:28:54.860+0000][7][safepoint   ] Safepoint "G1CollectForAllocation", Time since last: 198410160598 ns, Reaching safepoint: 67748 ns, At safepoint: 3113033 ns, Total: 3180781 ns
[2024-02-10T16:32:03.280+0000][7][gc,start    ] GC(202) Pause Young (Normal) (G1 Evacuation Pause)
[2024-02-10T16:32:03.280+0000][7][gc,task     ] GC(202) Using 8 workers of 8 for evacuation
[2024-02-10T16:32:03.280+0000][7][gc,age      ] GC(202) Desired survivor size 41943040 bytes, new threshold 15 (max threshold 15)
[2024-02-10T16:32:03.283+0000][7][gc,phases   ] GC(202)   Pre Evacuate Collection Set: 0.2ms
[2024-02-10T16:32:03.283+0000][7][gc,phases   ] GC(202)   Merge Heap Roots: 0.1ms
[2024-02-10T16:32:03.283+0000][7][gc,phases   ] GC(202)   Evacuate Collection Set: 1.9ms
[2024-02-10T16:32:03.283+0000][7][gc,phases   ] GC(202)   Post Evacuate Collection Set: 0.8ms
[2024-02-10T16:32:03.283+0000][7][gc,phases   ] GC(202)   Other: 0.1ms
[2024-02-10T16:32:03.283+0000][7][gc,age      ] GC(202) Age table with threshold 15 (max threshold 15)
[2024-02-10T16:32:03.283+0000][7][gc,age      ] GC(202) - age   1:    1610608 bytes,    1610608 total
[2024-02-10T16:32:03.283+0000][7][gc,age      ] GC(202) - age   2:       4104 bytes,    1614712 total
[2024-02-10T16:32:03.283+0000][7][gc,age      ] GC(202) - age   3:      16488 bytes,    1631200 total
[2024-02-10T16:32:03.283+0000][7][gc,age      ] GC(202) - age   4:      34000 bytes,    1665200 total
[2024-02-10T16:32:03.283+0000][7][gc,age      ] GC(202) - age   5:     180072 bytes,    1845272 total
[2024-02-10T16:32:03.283+0000][7][gc,age      ] GC(202) - age   6:         48 bytes,    1845320 total
[2024-02-10T16:32:03.283+0000][7][gc,age      ] GC(202) - age   7:      75840 bytes,    1921160 total
[2024-02-10T16:32:03.283+0000][7][gc,age      ] GC(202) - age   9:       8016 bytes,    1929176 total
[2024-02-10T16:32:03.283+0000][7][gc,age      ] GC(202) - age  10:         56 bytes,    1929232 total
[2024-02-10T16:32:03.283+0000][7][gc,age      ] GC(202) - age  15:        168 bytes,    1929400 total
[2024-02-10T16:32:03.283+0000][7][gc,heap     ] GC(202) Eden regions: 152->0(152)
[2024-02-10T16:32:03.283+0000][7][gc,heap     ] GC(202) Survivor regions: 1->1(20)
[2024-02-10T16:32:03.283+0000][7][gc,heap     ] GC(202) Old regions: 24->24
[2024-02-10T16:32:03.283+0000][7][gc,heap     ] GC(202) Archive regions: 2->2
[2024-02-10T16:32:03.283+0000][7][gc,heap     ] GC(202) Humongous regions: 0->0
[2024-02-10T16:32:03.283+0000][7][gc,metaspace] GC(202) Metaspace: 129486K(133184K)->129486K(133184K) NonClass: 112508K(114432K)->112508K(114432K) Class: 16977K(18752K)->16977K(18752K)
[2024-02-10T16:32:03.284+0000][7][gc          ] GC(202) Pause Young (Normal) (G1 Evacuation Pause) 707M->99M(1024M) 3.309ms
[2024-02-10T16:32:03.284+0000][7][gc,cpu      ] GC(202) User=0.02s Sys=0.00s Real=0.00s
[2024-02-10T16:32:03.284+0000][7][safepoint   ] Safepoint "G1CollectForAllocation", Time since last: 188419947143 ns, Reaching safepoint: 51326 ns, At safepoint: 3432941 ns, Total: 3484267 ns
[2024-02-10T16:35:06.307+0000][7][safepoint   ] Safepoint "Cleanup", Time since last: 183022891686 ns, Reaching safepoint: 73430 ns, At safepoint: 6911 ns, Total: 80341 ns
[2024-02-10T16:35:18.684+0000][7][gc,start    ] GC(203) Pause Young (Normal) (G1 Evacuation Pause)
[2024-02-10T16:35:18.684+0000][7][gc,task     ] GC(203) Using 8 workers of 8 for evacuation
[2024-02-10T16:35:18.684+0000][7][gc,age      ] GC(203) Desired survivor size 41943040 bytes, new threshold 15 (max threshold 15)
[2024-02-10T16:35:18.687+0000][7][gc,phases   ] GC(203)   Pre Evacuate Collection Set: 0.1ms
[2024-02-10T16:35:18.687+0000][7][gc,phases   ] GC(203)   Merge Heap Roots: 0.1ms
[2024-02-10T16:35:18.687+0000][7][gc,phases   ] GC(203)   Evacuate Collection Set: 1.3ms
[2024-02-10T16:35:18.687+0000][7][gc,phases   ] GC(203)   Post Evacuate Collection Set: 0.8ms
[2024-02-10T16:35:18.687+0000][7][gc,phases   ] GC(203)   Other: 0.1ms
[2024-02-10T16:35:18.687+0000][7][gc,age      ] GC(203) Age table with threshold 15 (max threshold 15)
[2024-02-10T16:35:18.687+0000][7][gc,age      ] GC(203) - age   1:    1191312 bytes,    1191312 total
[2024-02-10T16:35:18.687+0000][7][gc,age      ] GC(203) - age   2:       6376 bytes,    1197688 total
[2024-02-10T16:35:18.687+0000][7][gc,age      ] GC(203) - age   3:       1456 bytes,    1199144 total
[2024-02-10T16:35:18.687+0000][7][gc,age      ] GC(203) - age   4:      16488 bytes,    1215632 total
[2024-02-10T16:35:18.687+0000][7][gc,age      ] GC(203) - age   5:      25920 bytes,    1241552 total
[2024-02-10T16:35:18.687+0000][7][gc,age      ] GC(203) - age   6:     179776 bytes,    1421328 total
[2024-02-10T16:35:18.687+0000][7][gc,age      ] GC(203) - age   7:         48 bytes,    1421376 total
[2024-02-10T16:35:18.687+0000][7][gc,age      ] GC(203) - age   8:      75840 bytes,    1497216 total
[2024-02-10T16:35:18.687+0000][7][gc,age      ] GC(203) - age  10:       8016 bytes,    1505232 total
[2024-02-10T16:35:18.687+0000][7][gc,age      ] GC(203) - age  11:         56 bytes,    1505288 total
[2024-02-10T16:35:18.687+0000][7][gc,heap     ] GC(203) Eden regions: 152->0(152)
[2024-02-10T16:35:18.687+0000][7][gc,heap     ] GC(203) Survivor regions: 1->1(20)
[2024-02-10T16:35:18.687+0000][7][gc,heap     ] GC(203) Old regions: 24->24
[2024-02-10T16:35:18.687+0000][7][gc,heap     ] GC(203) Archive regions: 2->2
[2024-02-10T16:35:18.687+0000][7][gc,heap     ] GC(203) Humongous regions: 0->0
[2024-02-10T16:35:18.687+0000][7][gc,metaspace] GC(203) Metaspace: 129487K(133184K)->129487K(133184K) NonClass: 112509K(114432K)->112509K(114432K) Class: 16977K(18752K)->16977K(18752K)
[2024-02-10T16:35:18.687+0000][7][gc          ] GC(203) Pause Young (Normal) (G1 Evacuation Pause) 707M->98M(1024M) 2.788ms
[2024-02-10T16:35:18.687+0000][7][gc,cpu      ] GC(203) User=0.02s Sys=0.00s Real=0.01s
[2024-02-10T16:35:18.687+0000][7][safepoint   ] Safepoint "G1CollectForAllocation", Time since last: 12377310382 ns, Reaching safepoint: 89270 ns, At safepoint: 2879084 ns, Total: 2968354 ns
[2024-02-10T16:38:00.706+0000][7][safepoint   ] Safepoint "Cleanup", Time since last: 162019263467 ns, Reaching safepoint: 52625 ns, At safepoint: 29950 ns, Total: 82575 ns
[2024-02-10T16:38:29.968+0000][7][gc,start    ] GC(204) Pause Young (Normal) (G1 Evacuation Pause)
[2024-02-10T16:38:29.968+0000][7][gc,task     ] GC(204) Using 8 workers of 8 for evacuation
[2024-02-10T16:38:29.968+0000][7][gc,age      ] GC(204) Desired survivor size 41943040 bytes, new threshold 15 (max threshold 15)
[2024-02-10T16:38:29.970+0000][7][gc,phases   ] GC(204)   Pre Evacuate Collection Set: 0.1ms
[2024-02-10T16:38:29.970+0000][7][gc,phases   ] GC(204)   Merge Heap Roots: 0.1ms
[2024-02-10T16:38:29.970+0000][7][gc,phases   ] GC(204)   Evacuate Collection Set: 1.1ms
[2024-02-10T16:38:29.970+0000][7][gc,phases   ] GC(204)   Post Evacuate Collection Set: 0.7ms
[2024-02-10T16:38:29.970+0000][7][gc,phases   ] GC(204)   Other: 0.1ms
[2024-02-10T16:38:29.970+0000][7][gc,age      ] GC(204) Age table with threshold 15 (max threshold 15)
[2024-02-10T16:38:29.970+0000][7][gc,age      ] GC(204) - age   1:     769920 bytes,     769920 total
[2024-02-10T16:38:29.970+0000][7][gc,age      ] GC(204) - age   2:       1888 bytes,     771808 total
[2024-02-10T16:38:29.970+0000][7][gc,age      ] GC(204) - age   3:       4360 bytes,     776168 total
[2024-02-10T16:38:29.970+0000][7][gc,age      ] GC(204) - age   4:        608 bytes,     776776 total
[2024-02-10T16:38:29.970+0000][7][gc,age      ] GC(204) - age   5:      16488 bytes,     793264 total
[2024-02-10T16:38:29.970+0000][7][gc,age      ] GC(204) - age   6:      25736 bytes,     819000 total
[2024-02-10T16:38:29.970+0000][7][gc,age      ] GC(204) - age   7:     179776 bytes,     998776 total
[2024-02-10T16:38:29.970+0000][7][gc,age      ] GC(204) - age   8:         48 bytes,     998824 total
[2024-02-10T16:38:29.970+0000][7][gc,age      ] GC(204) - age   9:      75840 bytes,    1074664 total
[2024-02-10T16:38:29.970+0000][7][gc,age      ] GC(204) - age  11:       8016 bytes,    1082680 total
[2024-02-10T16:38:29.970+0000][7][gc,age      ] GC(204) - age  12:         56 bytes,    1082736 total
[2024-02-10T16:38:29.970+0000][7][gc,heap     ] GC(204) Eden regions: 152->0(152)
[2024-02-10T16:38:29.970+0000][7][gc,heap     ] GC(204) Survivor regions: 1->1(20)
[2024-02-10T16:38:29.970+0000][7][gc,heap     ] GC(204) Old regions: 24->24
[2024-02-10T16:38:29.970+0000][7][gc,heap     ] GC(204) Archive regions: 2->2
[2024-02-10T16:38:29.970+0000][7][gc,heap     ] GC(204) Humongous regions: 0->0
[2024-02-10T16:38:29.970+0000][7][gc,metaspace] GC(204) Metaspace: 129489K(133184K)->129489K(133184K) NonClass: 112511K(114432K)->112511K(114432K) Class: 16977K(18752K)->16977K(18752K)
[2024-02-10T16:38:29.970+0000][7][gc          ] GC(204) Pause Young (Normal) (G1 Evacuation Pause) 706M->98M(1024M) 2.398ms
[2024-02-10T16:38:29.970+0000][7][gc,cpu      ] GC(204) User=0.01s Sys=0.01s Real=0.00s
[2024-02-10T16:38:29.970+0000][7][safepoint   ] Safepoint "G1CollectForAllocation", Time since last: 29261667038 ns, Reaching safepoint: 76887 ns, At safepoint: 2487783 ns, Total: 2564670 ns
[2024-02-10T16:41:07.990+0000][7][safepoint   ] Safepoint "Cleanup", Time since last: 158019407875 ns, Reaching safepoint: 114247 ns, At safepoint: 14381 ns, Total: 128628 ns
[2024-02-10T16:41:42.587+0000][7][gc,start    ] GC(205) Pause Young (Normal) (G1 Evacuation Pause)
[2024-02-10T16:41:42.587+0000][7][gc,task     ] GC(205) Using 8 workers of 8 for evacuation
[2024-02-10T16:41:42.587+0000][7][gc,age      ] GC(205) Desired survivor size 41943040 bytes, new threshold 15 (max threshold 15)
[2024-02-10T16:41:42.589+0000][7][gc,phases   ] GC(205)   Pre Evacuate Collection Set: 0.1ms
[2024-02-10T16:41:42.589+0000][7][gc,phases   ] GC(205)   Merge Heap Roots: 0.1ms
[2024-02-10T16:41:42.589+0000][7][gc,phases   ] GC(205)   Evacuate Collection Set: 1.2ms
[2024-02-10T16:41:42.589+0000][7][gc,phases   ] GC(205)   Post Evacuate Collection Set: 0.6ms
[2024-02-10T16:41:42.589+0000][7][gc,phases   ] GC(205)   Other: 0.1ms
[2024-02-10T16:41:42.589+0000][7][gc,age      ] GC(205) Age table with threshold 15 (max threshold 15)
[2024-02-10T16:41:42.589+0000][7][gc,age      ] GC(205) - age   1:    1942512 bytes,    1942512 total
[2024-02-10T16:41:42.589+0000][7][gc,age      ] GC(205) - age   2:       3048 bytes,    1945560 total
[2024-02-10T16:41:42.589+0000][7][gc,age      ] GC(205) - age   4:       3664 bytes,    1949224 total
[2024-02-10T16:41:42.589+0000][7][gc,age      ] GC(205) - age   5:        608 bytes,    1949832 total
[2024-02-10T16:41:42.589+0000][7][gc,age      ] GC(205) - age   6:      16488 bytes,    1966320 total
[2024-02-10T16:41:42.589+0000][7][gc,age      ] GC(205) - age   7:      25352 bytes,    1991672 total
[2024-02-10T16:41:42.589+0000][7][gc,age      ] GC(205) - age   8:     179776 bytes,    2171448 total
[2024-02-10T16:41:42.589+0000][7][gc,age      ] GC(205) - age   9:         48 bytes,    2171496 total
[2024-02-10T16:41:42.589+0000][7][gc,age      ] GC(205) - age  10:      75840 bytes,    2247336 total
[2024-02-10T16:41:42.589+0000][7][gc,age      ] GC(205) - age  12:       8016 bytes,    2255352 total
[2024-02-10T16:41:42.589+0000][7][gc,age      ] GC(205) - age  13:         56 bytes,    2255408 total
[2024-02-10T16:41:42.589+0000][7][gc,heap     ] GC(205) Eden regions: 152->0(152)
[2024-02-10T16:41:42.589+0000][7][gc,heap     ] GC(205) Survivor regions: 1->1(20)
[2024-02-10T16:41:42.589+0000][7][gc,heap     ] GC(205) Old regions: 24->24
[2024-02-10T16:41:42.589+0000][7][gc,heap     ] GC(205) Archive regions: 2->2
[2024-02-10T16:41:42.589+0000][7][gc,heap     ] GC(205) Humongous regions: 0->0
[2024-02-10T16:41:42.589+0000][7][gc,metaspace] GC(205) Metaspace: 129489K(133184K)->129489K(133184K) NonClass: 112511K(114432K)->112511K(114432K) Class: 16977K(18752K)->16977K(18752K)
[2024-02-10T16:41:42.589+0000][7][gc          ] GC(205) Pause Young (Normal) (G1 Evacuation Pause) 706M->99M(1024M) 2.202ms
[2024-02-10T16:41:42.589+0000][7][gc,cpu      ] GC(205) User=0.01s Sys=0.00s Real=0.00s
[2024-02-10T16:41:42.589+0000][7][safepoint   ] Safepoint "G1CollectForAllocation", Time since last: 34597041786 ns, Reaching safepoint: 46741 ns, At safepoint: 2272541 ns, Total: 2319282 ns
[2024-02-10T16:43:48.605+0000][7][safepoint   ] Safepoint "Cleanup", Time since last: 126015445734 ns, Reaching safepoint: 87193 ns, At safepoint: 8077 ns, Total: 95270 ns
[2024-02-10T16:44:53.916+0000][7][gc,start    ] GC(206) Pause Young (Normal) (G1 Evacuation Pause)
[2024-02-10T16:44:53.916+0000][7][gc,task     ] GC(206) Using 8 workers of 8 for evacuation
[2024-02-10T16:44:53.916+0000][7][gc,age      ] GC(206) Desired survivor size 41943040 bytes, new threshold 15 (max threshold 15)
[2024-02-10T16:44:53.919+0000][7][gc,phases   ] GC(206)   Pre Evacuate Collection Set: 0.1ms
[2024-02-10T16:44:53.919+0000][7][gc,phases   ] GC(206)   Merge Heap Roots: 0.1ms
[2024-02-10T16:44:53.919+0000][7][gc,phases   ] GC(206)   Evacuate Collection Set: 1.7ms
[2024-02-10T16:44:53.919+0000][7][gc,phases   ] GC(206)   Post Evacuate Collection Set: 0.8ms
[2024-02-10T16:44:53.919+0000][7][gc,phases   ] GC(206)   Other: 0.1ms
[2024-02-10T16:44:53.919+0000][7][gc,age      ] GC(206) Age table with threshold 15 (max threshold 15)
[2024-02-10T16:44:53.919+0000][7][gc,age      ] GC(206) - age   1:    1416104 bytes,    1416104 total
[2024-02-10T16:44:53.919+0000][7][gc,age      ] GC(206) - age   2:       3808 bytes,    1419912 total
[2024-02-10T16:44:53.919+0000][7][gc,age      ] GC(206) - age   3:       1352 bytes,    1421264 total
[2024-02-10T16:44:53.919+0000][7][gc,age      ] GC(206) - age   5:        208 bytes,    1421472 total
[2024-02-10T16:44:53.919+0000][7][gc,age      ] GC(206) - age   6:        216 bytes,    1421688 total
[2024-02-10T16:44:53.919+0000][7][gc,age      ] GC(206) - age   7:      16488 bytes,    1438176 total
[2024-02-10T16:44:53.919+0000][7][gc,age      ] GC(206) - age   8:      25352 bytes,    1463528 total
[2024-02-10T16:44:53.919+0000][7][gc,age      ] GC(206) - age   9:     175552 bytes,    1639080 total
[2024-02-10T16:44:53.919+0000][7][gc,age      ] GC(206) - age  10:         48 bytes,    1639128 total
[2024-02-10T16:44:53.919+0000][7][gc,age      ] GC(206) - age  11:      75840 bytes,    1714968 total
[2024-02-10T16:44:53.919+0000][7][gc,age      ] GC(206) - age  13:       8016 bytes,    1722984 total
[2024-02-10T16:44:53.919+0000][7][gc,age      ] GC(206) - age  14:         56 bytes,    1723040 total
[2024-02-10T16:44:53.919+0000][7][gc,heap     ] GC(206) Eden regions: 152->0(152)
[2024-02-10T16:44:53.919+0000][7][gc,heap     ] GC(206) Survivor regions: 1->1(20)
[2024-02-10T16:44:53.919+0000][7][gc,heap     ] GC(206) Old regions: 24->24
[2024-02-10T16:44:53.919+0000][7][gc,heap     ] GC(206) Archive regions: 2->2
[2024-02-10T16:44:53.920+0000][7][gc,heap     ] GC(206) Humongous regions: 0->0
[2024-02-10T16:44:53.920+0000][7][gc,metaspace] GC(206) Metaspace: 129490K(133184K)->129490K(133184K) NonClass: 112513K(114432K)->112513K(114432K) Class: 16977K(18752K)->16977K(18752K)
[2024-02-10T16:44:53.920+0000][7][gc          ] GC(206) Pause Young (Normal) (G1 Evacuation Pause) 707M->98M(1024M) 3.163ms
[2024-02-10T16:44:53.920+0000][7][gc,cpu      ] GC(206) User=0.02s Sys=0.00s Real=0.00s
[2024-02-10T16:44:53.920+0000][7][safepoint   ] Safepoint "G1CollectForAllocation", Time since last: 65311444982 ns, Reaching safepoint: 52168 ns, At safepoint: 3263478 ns, Total: 3315646 ns
[2024-02-10T16:45:07.921+0000][7][safepoint   ] Safepoint "Cleanup", Time since last: 14001512661 ns, Reaching safepoint: 86912 ns, At safepoint: 5883 ns, Total: 92795 ns
[2024-02-10T16:46:07.929+0000][7][safepoint   ] Safepoint "Cleanup", Time since last: 60007188587 ns, Reaching safepoint: 105985 ns, At safepoint: 12055 ns, Total: 118040 ns
[2024-02-10T16:47:29.938+0000][7][safepoint   ] Safepoint "Cleanup", Time since last: 82009478970 ns, Reaching safepoint: 125934 ns, At safepoint: 8009 ns, Total: 133943 ns
[2024-02-10T16:48:05.944+0000][7][gc,start    ] GC(207) Pause Young (Normal) (G1 Evacuation Pause)
[2024-02-10T16:48:05.944+0000][7][gc,task     ] GC(207) Using 8 workers of 8 for evacuation
[2024-02-10T16:48:05.944+0000][7][gc,age      ] GC(207) Desired survivor size 41943040 bytes, new threshold 15 (max threshold 15)
[2024-02-10T16:48:05.946+0000][7][gc,phases   ] GC(207)   Pre Evacuate Collection Set: 0.1ms
[2024-02-10T16:48:05.946+0000][7][gc,phases   ] GC(207)   Merge Heap Roots: 0.1ms
[2024-02-10T16:48:05.946+0000][7][gc,phases   ] GC(207)   Evacuate Collection Set: 1.2ms
[2024-02-10T16:48:05.946+0000][7][gc,phases   ] GC(207)   Post Evacuate Collection Set: 0.7ms
[2024-02-10T16:48:05.946+0000][7][gc,phases   ] GC(207)   Other: 0.1ms
[2024-02-10T16:48:05.946+0000][7][gc,age      ] GC(207) Age table with threshold 15 (max threshold 15)
[2024-02-10T16:48:05.946+0000][7][gc,age      ] GC(207) - age   1:    1107440 bytes,    1107440 total
[2024-02-10T16:48:05.946+0000][7][gc,age      ] GC(207) - age   2:     171720 bytes,    1279160 total
[2024-02-10T16:48:05.946+0000][7][gc,age      ] GC(207) - age   3:        784 bytes,    1279944 total
[2024-02-10T16:48:05.946+0000][7][gc,age      ] GC(207) - age   4:        264 bytes,    1280208 total
[2024-02-10T16:48:05.946+0000][7][gc,age      ] GC(207) - age   6:        208 bytes,    1280416 total
[2024-02-10T16:48:05.946+0000][7][gc,age      ] GC(207) - age   7:        184 bytes,    1280600 total
[2024-02-10T16:48:05.946+0000][7][gc,age      ] GC(207) - age   8:      16488 bytes,    1297088 total
[2024-02-10T16:48:05.946+0000][7][gc,age      ] GC(207) - age   9:      25352 bytes,    1322440 total
[2024-02-10T16:48:05.946+0000][7][gc,age      ] GC(207) - age  10:     175552 bytes,    1497992 total
[2024-02-10T16:48:05.946+0000][7][gc,age      ] GC(207) - age  11:         48 bytes,    1498040 total
[2024-02-10T16:48:05.946+0000][7][gc,age      ] GC(207) - age  12:      75840 bytes,    1573880 total
[2024-02-10T16:48:05.946+0000][7][gc,age      ] GC(207) - age  14:       8016 bytes,    1581896 total
[2024-02-10T16:48:05.946+0000][7][gc,age      ] GC(207) - age  15:         56 bytes,    1581952 total
[2024-02-10T16:48:05.946+0000][7][gc,heap     ] GC(207) Eden regions: 152->0(152)
[2024-02-10T16:48:05.946+0000][7][gc,heap     ] GC(207) Survivor regions: 1->1(20)
[2024-02-10T16:48:05.946+0000][7][gc,heap     ] GC(207) Old regions: 24->24
[2024-02-10T16:48:05.946+0000][7][gc,heap     ] GC(207) Archive regions: 2->2
[2024-02-10T16:48:05.946+0000][7][gc,heap     ] GC(207) Humongous regions: 0->0
[2024-02-10T16:48:05.946+0000][7][gc,metaspace] GC(207) Metaspace: 129492K(133184K)->129492K(133184K) NonClass: 112515K(114432K)->112515K(114432K) Class: 16977K(18752K)->16977K(18752K)
[2024-02-10T16:48:05.946+0000][7][gc          ] GC(207) Pause Young (Normal) (G1 Evacuation Pause) 706M->98M(1024M) 2.485ms
[2024-02-10T16:48:05.946+0000][7][gc,cpu      ] GC(207) User=0.01s Sys=0.00s Real=0.00s
[2024-02-10T16:48:05.946+0000][7][safepoint   ] Safepoint "G1CollectForAllocation", Time since last: 36005549672 ns, Reaching safepoint: 75834 ns, At safepoint: 2569767 ns, Total: 2645601 ns
[2024-02-10T16:50:07.961+0000][7][safepoint   ] Safepoint "Cleanup", Time since last: 122014143690 ns, Reaching safepoint: 94429 ns, At safepoint: 25341 ns, Total: 119770 ns
[2024-02-10T16:51:18.004+0000][7][gc,start    ] GC(208) Pause Young (Normal) (G1 Evacuation Pause)
[2024-02-10T16:51:18.004+0000][7][gc,task     ] GC(208) Using 8 workers of 8 for evacuation
[2024-02-10T16:51:18.004+0000][7][gc,age      ] GC(208) Desired survivor size 41943040 bytes, new threshold 15 (max threshold 15)
[2024-02-10T16:51:18.007+0000][7][gc,phases   ] GC(208)   Pre Evacuate Collection Set: 0.1ms
[2024-02-10T16:51:18.007+0000][7][gc,phases   ] GC(208)   Merge Heap Roots: 0.1ms
[2024-02-10T16:51:18.007+0000][7][gc,phases   ] GC(208)   Evacuate Collection Set: 1.4ms
[2024-02-10T16:51:18.007+0000][7][gc,phases   ] GC(208)   Post Evacuate Collection Set: 0.7ms
[2024-02-10T16:51:18.007+0000][7][gc,phases   ] GC(208)   Other: 0.1ms
[2024-02-10T16:51:18.007+0000][7][gc,age      ] GC(208) Age table with threshold 15 (max threshold 15)
[2024-02-10T16:51:18.007+0000][7][gc,age      ] GC(208) - age   1:    1901728 bytes,    1901728 total
[2024-02-10T16:51:18.007+0000][7][gc,age      ] GC(208) - age   2:       3000 bytes,    1904728 total
[2024-02-10T16:51:18.007+0000][7][gc,age      ] GC(208) - age   3:     170176 bytes,    2074904 total
[2024-02-10T16:51:18.007+0000][7][gc,age      ] GC(208) - age   4:        528 bytes,    2075432 total
[2024-02-10T16:51:18.007+0000][7][gc,age      ] GC(208) - age   5:        264 bytes,    2075696 total
[2024-02-10T16:51:18.007+0000][7][gc,age      ] GC(208) - age   7:         24 bytes,    2075720 total
[2024-02-10T16:51:18.007+0000][7][gc,age      ] GC(208) - age   8:        184 bytes,    2075904 total
[2024-02-10T16:51:18.007+0000][7][gc,age      ] GC(208) - age   9:      16488 bytes,    2092392 total
[2024-02-10T16:51:18.007+0000][7][gc,age      ] GC(208) - age  10:      25352 bytes,    2117744 total
[2024-02-10T16:51:18.007+0000][7][gc,age      ] GC(208) - age  11:     175552 bytes,    2293296 total
[2024-02-10T16:51:18.007+0000][7][gc,age      ] GC(208) - age  12:         48 bytes,    2293344 total
[2024-02-10T16:51:18.007+0000][7][gc,age      ] GC(208) - age  13:      75840 bytes,    2369184 total
[2024-02-10T16:51:18.007+0000][7][gc,age      ] GC(208) - age  15:       8016 bytes,    2377200 total
[2024-02-10T16:51:18.007+0000][7][gc,heap     ] GC(208) Eden regions: 152->0(152)
[2024-02-10T16:51:18.007+0000][7][gc,heap     ] GC(208) Survivor regions: 1->1(20)
[2024-02-10T16:51:18.007+0000][7][gc,heap     ] GC(208) Old regions: 24->24
[2024-02-10T16:51:18.007+0000][7][gc,heap     ] GC(208) Archive regions: 2->2
[2024-02-10T16:51:18.007+0000][7][gc,heap     ] GC(208) Humongous regions: 0->0
[2024-02-10T16:51:18.007+0000][7][gc,metaspace] GC(208) Metaspace: 129492K(133184K)->129492K(133184K) NonClass: 112515K(114432K)->112515K(114432K) Class: 16977K(18752K)->16977K(18752K)
[2024-02-10T16:51:18.007+0000][7][gc          ] GC(208) Pause Young (Normal) (G1 Evacuation Pause) 706M->99M(1024M) 2.643ms
[2024-02-10T16:51:18.007+0000][7][gc,cpu      ] GC(208) User=0.01s Sys=0.00s Real=0.01s
[2024-02-10T16:51:18.007+0000][7][safepoint   ] Safepoint "G1CollectForAllocation", Time since last: 70043739825 ns, Reaching safepoint: 56272 ns, At safepoint: 2721865 ns, Total: 2778137 ns
[2024-02-10T22:03:05.126+0000][7][safepoint   ] Safepoint "Cleanup", Time since last: 137023580604 ns, Reaching safepoint: 62273 ns, At safepoint: 6713 ns, Total: 68986 ns
[2024-02-10T22:03:48.131+0000][7][safepoint   ] Safepoint "Cleanup", Time since last: 43004369120 ns, Reaching safepoint: 80020 ns, At safepoint: 40837 ns, Total: 120857 ns
[2024-02-10T22:03:53.262+0000][7][gc,start    ] GC(209) Pause Young (Normal) (G1 Evacuation Pause)
[2024-02-10T22:03:53.262+0000][7][gc,task     ] GC(209) Using 8 workers of 8 for evacuation
[2024-02-10T22:03:53.262+0000][7][gc,age      ] GC(209) Desired survivor size 41943040 bytes, new threshold 15 (max threshold 15)
[2024-02-10T22:03:53.264+0000][7][gc,phases   ] GC(209)   Pre Evacuate Collection Set: 0.1ms
[2024-02-10T22:03:53.264+0000][7][gc,phases   ] GC(209)   Merge Heap Roots: 0.1ms
[2024-02-10T22:03:53.264+0000][7][gc,phases   ] GC(209)   Evacuate Collection Set: 1.2ms
[2024-02-10T22:03:53.264+0000][7][gc,phases   ] GC(209)   Post Evacuate Collection Set: 0.7ms
[2024-02-10T22:03:53.264+0000][7][gc,phases   ] GC(209)   Other: 0.1ms
[2024-02-10T22:03:53.264+0000][7][gc,age      ] GC(209) Age table with threshold 15 (max threshold 15)
[2024-02-10T22:03:53.264+0000][7][gc,age      ] GC(209) - age   1:    1275336 bytes,    1275336 total
[2024-02-10T22:03:53.264+0000][7][gc,age      ] GC(209) - age   2:      11984 bytes,    1287320 total
[2024-02-10T22:03:53.264+0000][7][gc,age      ] GC(209) - age   3:       1032 bytes,    1288352 total
[2024-02-10T22:03:53.264+0000][7][gc,age      ] GC(209) - age   4:     156992 bytes,    1445344 total
[2024-02-10T22:03:53.264+0000][7][gc,age      ] GC(209) - age   5:        464 bytes,    1445808 total
[2024-02-10T22:03:53.264+0000][7][gc,age      ] GC(209) - age   6:        264 bytes,    1446072 total
[2024-02-10T22:03:53.264+0000][7][gc,age      ] GC(209) - age   8:         24 bytes,    1446096 total
[2024-02-10T22:03:53.264+0000][7][gc,age      ] GC(209) - age   9:        184 bytes,    1446280 total
[2024-02-10T22:03:53.264+0000][7][gc,age      ] GC(209) - age  10:      16488 bytes,    1462768 total
[2024-02-10T22:03:53.264+0000][7][gc,age      ] GC(209) - age  11:      25352 bytes,    1488120 total
[2024-02-10T22:03:53.264+0000][7][gc,age      ] GC(209) - age  12:     175368 bytes,    1663488 total
[2024-02-10T22:03:53.264+0000][7][gc,age      ] GC(209) - age  13:         48 bytes,    1663536 total
[2024-02-10T22:03:53.264+0000][7][gc,age      ] GC(209) - age  14:      75840 bytes,    1739376 total
[2024-02-10T22:03:53.264+0000][7][gc,heap     ] GC(209) Eden regions: 152->0(152)
[2024-02-10T22:03:53.264+0000][7][gc,heap     ] GC(209) Survivor regions: 1->1(20)
[2024-02-10T22:03:53.264+0000][7][gc,heap     ] GC(209) Old regions: 24->24
[2024-02-10T22:03:53.264+0000][7][gc,heap     ] GC(209) Archive regions: 2->2
[2024-02-10T22:03:53.264+0000][7][gc,heap     ] GC(209) Humongous regions: 0->0
[2024-02-10T22:03:53.264+0000][7][gc,metaspace] GC(209) Metaspace: 129492K(133184K)->129492K(133184K) NonClass: 112515K(114432K)->112515K(114432K) Class: 16977K(18752K)->16977K(18752K)
[2024-02-10T22:03:53.264+0000][7][gc          ] GC(209) Pause Young (Normal) (G1 Evacuation Pause) 707M->98M(1024M) 2.514ms
[2024-02-10T22:03:53.264+0000][7][gc,cpu      ] GC(209) User=0.01s Sys=0.00s Real=0.01s
[2024-02-10T22:03:53.264+0000][7][safepoint   ] Safepoint "G1CollectForAllocation", Time since last: 5130720609 ns, Reaching safepoint: 191756 ns, At safepoint: 2608394 ns, Total: 2800150 ns
[2024-02-10T22:04:06.266+0000][7][safepoint   ] Safepoint "Cleanup", Time since last: 13001478666 ns, Reaching safepoint: 87542 ns, At safepoint: 49817 ns, Total: 137359 ns
[2024-02-10T22:07:04.170+0000][7][gc,start    ] GC(210) Pause Young (Normal) (G1 Evacuation Pause)
[2024-02-10T22:07:04.170+0000][7][gc,task     ] GC(210) Using 8 workers of 8 for evacuation
[2024-02-10T22:07:04.170+0000][7][gc,age      ] GC(210) Desired survivor size 41943040 bytes, new threshold 15 (max threshold 15)
[2024-02-10T22:07:04.171+0000][7][gc,phases   ] GC(210)   Pre Evacuate Collection Set: 0.1ms
[2024-02-10T22:07:04.171+0000][7][gc,phases   ] GC(210)   Merge Heap Roots: 0.1ms
[2024-02-10T22:07:04.171+0000][7][gc,phases   ] GC(210)   Evacuate Collection Set: 0.8ms
[2024-02-10T22:07:04.171+0000][7][gc,phases   ] GC(210)   Post Evacuate Collection Set: 0.5ms
[2024-02-10T22:07:04.171+0000][7][gc,phases   ] GC(210)   Other: 0.1ms
[2024-02-10T22:07:04.171+0000][7][gc,age      ] GC(210) Age table with threshold 15 (max threshold 15)
[2024-02-10T22:07:04.171+0000][7][gc,age      ] GC(210) - age   1:     717704 bytes,     717704 total
[2024-02-10T22:07:04.171+0000][7][gc,age      ] GC(210) - age   2:     211688 bytes,     929392 total
[2024-02-10T22:07:04.171+0000][7][gc,age      ] GC(210) - age   3:      10000 bytes,     939392 total
[2024-02-10T22:07:04.171+0000][7][gc,age      ] GC(210) - age   4:        216 bytes,     939608 total
[2024-02-10T22:07:04.171+0000][7][gc,age      ] GC(210) - age   5:     156600 bytes,    1096208 total
[2024-02-10T22:07:04.171+0000][7][gc,age      ] GC(210) - age   6:        464 bytes,    1096672 total
[2024-02-10T22:07:04.171+0000][7][gc,age      ] GC(210) - age   7:        232 bytes,    1096904 total
[2024-02-10T22:07:04.171+0000][7][gc,age      ] GC(210) - age   9:         24 bytes,    1096928 total
[2024-02-10T22:07:04.171+0000][7][gc,age      ] GC(210) - age  10:        184 bytes,    1097112 total
[2024-02-10T22:07:04.171+0000][7][gc,age      ] GC(210) - age  11:      16488 bytes,    1113600 total
[2024-02-10T22:07:04.171+0000][7][gc,age      ] GC(210) - age  12:      25352 bytes,    1138952 total
[2024-02-10T22:07:04.171+0000][7][gc,age      ] GC(210) - age  13:     175368 bytes,    1314320 total
[2024-02-10T22:07:04.171+0000][7][gc,age      ] GC(210) - age  14:         48 bytes,    1314368 total
[2024-02-10T22:07:04.171+0000][7][gc,age      ] GC(210) - age  15:      75840 bytes,    1390208 total
[2024-02-10T22:07:04.171+0000][7][gc,heap     ] GC(210) Eden regions: 152->0(152)
[2024-02-10T22:07:04.171+0000][7][gc,heap     ] GC(210) Survivor regions: 1->1(20)
[2024-02-10T22:07:04.171+0000][7][gc,heap     ] GC(210) Old regions: 24->24
[2024-02-10T22:07:04.171+0000][7][gc,heap     ] GC(210) Archive regions: 2->2
[2024-02-10T22:07:04.171+0000][7][gc,heap     ] GC(210) Humongous regions: 0->0
[2024-02-10T22:07:04.171+0000][7][gc,metaspace] GC(210) Metaspace: 129495K(133184K)->129495K(133184K) NonClass: 112518K(114432K)->112518K(114432K) Class: 16977K(18752K)->16977K(18752K)
[2024-02-10T22:07:04.171+0000][7][gc          ] GC(210) Pause Young (Normal) (G1 Evacuation Pause) 706M->98M(1024M) 1.727ms
[2024-02-10T22:07:04.171+0000][7][gc,cpu      ] GC(210) User=0.01s Sys=0.00s Real=0.01s
[2024-02-10T22:07:04.172+0000][7][safepoint   ] Safepoint "G1CollectForAllocation", Time since last: 177903928660 ns, Reaching safepoint: 42570 ns, At safepoint: 1799052 ns, Total: 1841622 ns
[2024-02-10T22:07:38.026+0000][7][safepoint   ] Safepoint "Cleanup", Time since last: 33854408159 ns, Reaching safepoint: 44271 ns, At safepoint: 2503 ns, Total: 46774 ns
[2024-02-10T22:07:39.026+0000][7][safepoint   ] Safepoint "Cleanup", Time since last: 1000129121 ns, Reaching safepoint: 103322 ns, At safepoint: 12045 ns, Total: 115367 ns
[2024-02-10T22:09:38.039+0000][7][safepoint   ] Safepoint "Cleanup", Time since last: 119012194336 ns, Reaching safepoint: 91529 ns, At safepoint: 10572 ns, Total: 102101 ns
[2024-02-10T22:10:25.168+0000][7][gc,start    ] GC(211) Pause Young (Normal) (G1 Evacuation Pause)
[2024-02-10T22:10:25.168+0000][7][gc,task     ] GC(211) Using 8 workers of 8 for evacuation
[2024-02-10T22:10:25.168+0000][7][gc,age      ] GC(211) Desired survivor size 41943040 bytes, new threshold 15 (max threshold 15)
[2024-02-10T22:10:25.170+0000][7][gc,phases   ] GC(211)   Pre Evacuate Collection Set: 0.1ms
[2024-02-10T22:10:25.170+0000][7][gc,phases   ] GC(211)   Merge Heap Roots: 0.0ms
[2024-02-10T22:10:25.170+0000][7][gc,phases   ] GC(211)   Evacuate Collection Set: 1.0ms
[2024-02-10T22:10:25.170+0000][7][gc,phases   ] GC(211)   Post Evacuate Collection Set: 0.5ms
[2024-02-10T22:10:25.170+0000][7][gc,phases   ] GC(211)   Other: 0.1ms
[2024-02-10T22:10:25.170+0000][7][gc,age      ] GC(211) Age table with threshold 15 (max threshold 15)
[2024-02-10T22:10:25.170+0000][7][gc,age      ] GC(211) - age   1:    1302632 bytes,    1302632 total
[2024-02-10T22:10:25.170+0000][7][gc,age      ] GC(211) - age   2:       2904 bytes,    1305536 total
[2024-02-10T22:10:25.170+0000][7][gc,age      ] GC(211) - age   3:     200864 bytes,    1506400 total
[2024-02-10T22:10:25.170+0000][7][gc,age      ] GC(211) - age   4:       1536 bytes,    1507936 total
[2024-02-10T22:10:25.170+0000][7][gc,age      ] GC(211) - age   5:        184 bytes,    1508120 total
[2024-02-10T22:10:25.170+0000][7][gc,age      ] GC(211) - age   6:     156600 bytes,    1664720 total
[2024-02-10T22:10:25.170+0000][7][gc,age      ] GC(211) - age   7:         80 bytes,    1664800 total
[2024-02-10T22:10:25.170+0000][7][gc,age      ] GC(211) - age   8:        232 bytes,    1665032 total
[2024-02-10T22:10:25.170+0000][7][gc,age      ] GC(211) - age  10:         24 bytes,    1665056 total
[2024-02-10T22:10:25.170+0000][7][gc,age      ] GC(211) - age  12:      16488 bytes,    1681544 total
[2024-02-10T22:10:25.170+0000][7][gc,age      ] GC(211) - age  13:      25352 bytes,    1706896 total
[2024-02-10T22:10:25.170+0000][7][gc,age      ] GC(211) - age  14:     175368 bytes,    1882264 total
[2024-02-10T22:10:25.170+0000][7][gc,age      ] GC(211) - age  15:         48 bytes,    1882312 total
[2024-02-10T22:10:25.170+0000][7][gc,heap     ] GC(211) Eden regions: 152->0(152)
[2024-02-10T22:10:25.170+0000][7][gc,heap     ] GC(211) Survivor regions: 1->1(20)
[2024-02-10T22:10:25.170+0000][7][gc,heap     ] GC(211) Old regions: 24->24
[2024-02-10T22:10:25.170+0000][7][gc,heap     ] GC(211) Archive regions: 2->2
[2024-02-10T22:10:25.170+0000][7][gc,heap     ] GC(211) Humongous regions: 0->0
[2024-02-10T22:10:25.170+0000][7][gc,metaspace] GC(211) Metaspace: 129495K(133184K)->129495K(133184K) NonClass: 112518K(114432K)->112518K(114432K) Class: 16977K(18752K)->16977K(18752K)
[2024-02-10T22:10:25.170+0000][7][gc          ] GC(211) Pause Young (Normal) (G1 Evacuation Pause) 706M->99M(1024M) 1.969ms
[2024-02-10T22:10:25.170+0000][7][gc,cpu      ] GC(211) User=0.00s Sys=0.00s Real=0.01s
[2024-02-10T22:10:25.170+0000][7][safepoint   ] Safepoint "G1CollectForAllocation", Time since last: 47129574904 ns, Reaching safepoint: 53345 ns, At safepoint: 2046813 ns, Total: 2100158 ns
[2024-02-10T22:13:28.288+0000][7][gc,start    ] GC(212) Pause Young (Normal) (G1 Evacuation Pause)
[2024-02-10T22:13:28.288+0000][7][gc,task     ] GC(212) Using 8 workers of 8 for evacuation
[2024-02-10T22:13:28.288+0000][7][gc,age      ] GC(212) Desired survivor size 41943040 bytes, new threshold 15 (max threshold 15)
[2024-02-10T22:13:28.291+0000][7][gc,phases   ] GC(212)   Pre Evacuate Collection Set: 0.1ms
[2024-02-10T22:13:28.291+0000][7][gc,phases   ] GC(212)   Merge Heap Roots: 0.1ms
[2024-02-10T22:13:28.291+0000][7][gc,phases   ] GC(212)   Evacuate Collection Set: 1.4ms
[2024-02-10T22:13:28.291+0000][7][gc,phases   ] GC(212)   Post Evacuate Collection Set: 0.8ms
[2024-02-10T22:13:28.291+0000][7][gc,phases   ] GC(212)   Other: 0.1ms
[2024-02-10T22:13:28.291+0000][7][gc,age      ] GC(212) Age table with threshold 15 (max threshold 15)
[2024-02-10T22:13:28.291+0000][7][gc,age      ] GC(212) - age   1:    1333640 bytes,    1333640 total
[2024-02-10T22:13:28.291+0000][7][gc,age      ] GC(212) - age   2:      19528 bytes,    1353168 total
[2024-02-10T22:13:28.291+0000][7][gc,age      ] GC(212) - age   3:        560 bytes,    1353728 total
[2024-02-10T22:13:28.291+0000][7][gc,age      ] GC(212) - age   4:     197408 bytes,    1551136 total
[2024-02-10T22:13:28.291+0000][7][gc,age      ] GC(212) - age   5:       1472 bytes,    1552608 total
[2024-02-10T22:13:28.291+0000][7][gc,age      ] GC(212) - age   6:        184 bytes,    1552792 total
[2024-02-10T22:13:28.291+0000][7][gc,age      ] GC(212) - age   7:     156600 bytes,    1709392 total
[2024-02-10T22:13:28.291+0000][7][gc,age      ] GC(212) - age   8:         80 bytes,    1709472 total
[2024-02-10T22:13:28.291+0000][7][gc,age      ] GC(212) - age   9:        232 bytes,    1709704 total
[2024-02-10T22:13:28.291+0000][7][gc,age      ] GC(212) - age  11:         24 bytes,    1709728 total
[2024-02-10T22:13:28.291+0000][7][gc,age      ] GC(212) - age  13:      16488 bytes,    1726216 total
[2024-02-10T22:13:28.291+0000][7][gc,age      ] GC(212) - age  14:      25352 bytes,    1751568 total
[2024-02-10T22:13:28.291+0000][7][gc,age      ] GC(212) - age  15:     175368 bytes,    1926936 total
[2024-02-10T22:13:28.291+0000][7][gc,heap     ] GC(212) Eden regions: 152->0(152)
[2024-02-10T22:13:28.291+0000][7][gc,heap     ] GC(212) Survivor regions: 1->1(20)
[2024-02-10T22:13:28.291+0000][7][gc,heap     ] GC(212) Old regions: 24->24
[2024-02-10T22:13:28.291+0000][7][gc,heap     ] GC(212) Archive regions: 2->2
[2024-02-10T22:13:28.291+0000][7][gc,heap     ] GC(212) Humongous regions: 0->0
[2024-02-10T22:13:28.291+0000][7][gc,metaspace] GC(212) Metaspace: 129500K(133184K)->129500K(133184K) NonClass: 112522K(114432K)->112522K(114432K) Class: 16977K(18752K)->16977K(18752K)
[2024-02-10T22:13:28.291+0000][7][gc          ] GC(212) Pause Young (Normal) (G1 Evacuation Pause) 707M->99M(1024M) 2.830ms
[2024-02-10T22:13:28.291+0000][7][gc,cpu      ] GC(212) User=0.01s Sys=0.01s Real=0.01s
[2024-02-10T22:13:28.291+0000][7][safepoint   ] Safepoint "G1CollectForAllocation", Time since last: 183117870072 ns, Reaching safepoint: 71381 ns, At safepoint: 2922544 ns, Total: 2993925 ns
[2024-02-10T22:15:38.303+0000][7][safepoint   ] Safepoint "Cleanup", Time since last: 130011995840 ns, Reaching safepoint: 92020 ns, At safepoint: 8268 ns, Total: 100288 ns
[2024-02-10T22:16:40.941+0000][7][gc,start    ] GC(213) Pause Young (Normal) (G1 Evacuation Pause)
[2024-02-10T22:16:40.941+0000][7][gc,task     ] GC(213) Using 8 workers of 8 for evacuation
[2024-02-10T22:16:40.941+0000][7][gc,age      ] GC(213) Desired survivor size 41943040 bytes, new threshold 15 (max threshold 15)
[2024-02-10T22:16:40.943+0000][7][gc,phases   ] GC(213)   Pre Evacuate Collection Set: 0.1ms
[2024-02-10T22:16:40.943+0000][7][gc,phases   ] GC(213)   Merge Heap Roots: 0.0ms
[2024-02-10T22:16:40.943+0000][7][gc,phases   ] GC(213)   Evacuate Collection Set: 1.0ms
[2024-02-10T22:16:40.943+0000][7][gc,phases   ] GC(213)   Post Evacuate Collection Set: 0.6ms
[2024-02-10T22:16:40.943+0000][7][gc,phases   ] GC(213)   Other: 0.1ms
[2024-02-10T22:16:40.943+0000][7][gc,age      ] GC(213) Age table with threshold 15 (max threshold 15)
[2024-02-10T22:16:40.943+0000][7][gc,age      ] GC(213) - age   1:    1833624 bytes,    1833624 total
[2024-02-10T22:16:40.943+0000][7][gc,age      ] GC(213) - age   2:      18488 bytes,    1852112 total
[2024-02-10T22:16:40.943+0000][7][gc,age      ] GC(213) - age   3:       9368 bytes,    1861480 total
[2024-02-10T22:16:40.943+0000][7][gc,age      ] GC(213) - age   4:        496 bytes,    1861976 total
[2024-02-10T22:16:40.943+0000][7][gc,age      ] GC(213) - age   5:     197408 bytes,    2059384 total
[2024-02-10T22:16:40.943+0000][7][gc,age      ] GC(213) - age   6:       1288 bytes,    2060672 total
[2024-02-10T22:16:40.943+0000][7][gc,age      ] GC(213) - age   7:        184 bytes,    2060856 total
[2024-02-10T22:16:40.943+0000][7][gc,age      ] GC(213) - age   8:     156600 bytes,    2217456 total
[2024-02-10T22:16:40.943+0000][7][gc,age      ] GC(213) - age   9:         80 bytes,    2217536 total
[2024-02-10T22:16:40.943+0000][7][gc,age      ] GC(213) - age  10:        232 bytes,    2217768 total
[2024-02-10T22:16:40.943+0000][7][gc,age      ] GC(213) - age  12:         24 bytes,    2217792 total
[2024-02-10T22:16:40.943+0000][7][gc,age      ] GC(213) - age  14:      16488 bytes,    2234280 total
[2024-02-10T22:16:40.943+0000][7][gc,age      ] GC(213) - age  15:      25352 bytes,    2259632 total
[2024-02-10T22:16:40.943+0000][7][gc,heap     ] GC(213) Eden regions: 152->0(152)
[2024-02-10T22:16:40.943+0000][7][gc,heap     ] GC(213) Survivor regions: 1->1(20)
[2024-02-10T22:16:40.943+0000][7][gc,heap     ] GC(213) Old regions: 24->24
[2024-02-10T22:16:40.943+0000][7][gc,heap     ] GC(213) Archive regions: 2->2
[2024-02-10T22:16:40.943+0000][7][gc,heap     ] GC(213) Humongous regions: 0->0
[2024-02-10T22:16:40.943+0000][7][gc,metaspace] GC(213) Metaspace: 129500K(133184K)->129500K(133184K) NonClass: 112522K(114432K)->112522K(114432K) Class: 16977K(18752K)->16977K(18752K)
[2024-02-10T22:16:40.943+0000][7][gc          ] GC(213) Pause Young (Normal) (G1 Evacuation Pause) 707M->99M(1024M) 2.013ms
[2024-02-10T22:16:40.943+0000][7][gc,cpu      ] GC(213) User=0.00s Sys=0.01s Real=0.01s
[2024-02-10T22:16:40.943+0000][7][safepoint   ] Safepoint "G1CollectForAllocation", Time since last: 62637535287 ns, Reaching safepoint: 43665 ns, At safepoint: 2080462 ns, Total: 2124127 ns
[2024-02-10T22:19:58.183+0000][7][gc,start    ] GC(214) Pause Young (Normal) (G1 Evacuation Pause)
[2024-02-10T22:19:58.183+0000][7][gc,task     ] GC(214) Using 8 workers of 8 for evacuation
[2024-02-10T22:19:58.183+0000][7][gc,age      ] GC(214) Desired survivor size 41943040 bytes, new threshold 15 (max threshold 15)
[2024-02-10T22:19:58.186+0000][7][gc,phases   ] GC(214)   Pre Evacuate Collection Set: 0.1ms
[2024-02-10T22:19:58.186+0000][7][gc,phases   ] GC(214)   Merge Heap Roots: 0.1ms
[2024-02-10T22:19:58.186+0000][7][gc,phases   ] GC(214)   Evacuate Collection Set: 1.6ms
[2024-02-10T22:19:58.186+0000][7][gc,phases   ] GC(214)   Post Evacuate Collection Set: 1.0ms
[2024-02-10T22:19:58.186+0000][7][gc,phases   ] GC(214)   Other: 0.1ms
[2024-02-10T22:19:58.186+0000][7][gc,age      ] GC(214) Age table with threshold 15 (max threshold 15)
[2024-02-10T22:19:58.186+0000][7][gc,age      ] GC(214) - age   1:    1117008 bytes,    1117008 total
[2024-02-10T22:19:58.186+0000][7][gc,age      ] GC(214) - age   2:      10808 bytes,    1127816 total
[2024-02-10T22:19:58.186+0000][7][gc,age      ] GC(214) - age   3:       8352 bytes,    1136168 total
[2024-02-10T22:19:58.186+0000][7][gc,age      ] GC(214) - age   4:       8432 bytes,    1144600 total
[2024-02-10T22:19:58.186+0000][7][gc,age      ] GC(214) - age   5:        464 bytes,    1145064 total
[2024-02-10T22:19:58.186+0000][7][gc,age      ] GC(214) - age   6:     197384 bytes,    1342448 total
[2024-02-10T22:19:58.186+0000][7][gc,age      ] GC(214) - age   7:       1288 bytes,    1343736 total
[2024-02-10T22:19:58.186+0000][7][gc,age      ] GC(214) - age   8:        184 bytes,    1343920 total
[2024-02-10T22:19:58.186+0000][7][gc,age      ] GC(214) - age   9:     156568 bytes,    1500488 total
[2024-02-10T22:19:58.186+0000][7][gc,age      ] GC(214) - age  10:         80 bytes,    1500568 total
[2024-02-10T22:19:58.186+0000][7][gc,age      ] GC(214) - age  11:        232 bytes,    1500800 total
[2024-02-10T22:19:58.186+0000][7][gc,age      ] GC(214) - age  13:         24 bytes,    1500824 total
[2024-02-10T22:19:58.186+0000][7][gc,age      ] GC(214) - age  15:      16488 bytes,    1517312 total
[2024-02-10T22:19:58.186+0000][7][gc,heap     ] GC(214) Eden regions: 152->0(152)
[2024-02-10T22:19:58.186+0000][7][gc,heap     ] GC(214) Survivor regions: 1->1(20)
[2024-02-10T22:19:58.186+0000][7][gc,heap     ] GC(214) Old regions: 24->24
[2024-02-10T22:19:58.186+0000][7][gc,heap     ] GC(214) Archive regions: 2->2
[2024-02-10T22:19:58.186+0000][7][gc,heap     ] GC(214) Humongous regions: 0->0
[2024-02-10T22:19:58.186+0000][7][gc,metaspace] GC(214) Metaspace: 129500K(133184K)->129500K(133184K) NonClass: 112522K(114432K)->112522K(114432K) Class: 16977K(18752K)->16977K(18752K)
[2024-02-10T22:19:58.186+0000][7][gc          ] GC(214) Pause Young (Normal) (G1 Evacuation Pause) 707M->98M(1024M) 3.264ms
[2024-02-10T22:19:58.186+0000][7][gc,cpu      ] GC(214) User=0.00s Sys=0.01s Real=0.00s
[2024-02-10T22:19:58.186+0000][7][safepoint   ] Safepoint "G1CollectForAllocation", Time since last: 197240225010 ns, Reaching safepoint: 45649 ns, At safepoint: 3337172 ns, Total: 3382821 ns
[2024-02-10T22:23:04.211+0000][7][gc,start    ] GC(215) Pause Young (Normal) (G1 Evacuation Pause)
[2024-02-10T22:23:04.211+0000][7][gc,task     ] GC(215) Using 8 workers of 8 for evacuation
[2024-02-10T22:23:04.211+0000][7][gc,age      ] GC(215) Desired survivor size 41943040 bytes, new threshold 15 (max threshold 15)
[2024-02-10T22:23:04.212+0000][7][gc,phases   ] GC(215)   Pre Evacuate Collection Set: 0.1ms
[2024-02-10T22:23:04.212+0000][7][gc,phases   ] GC(215)   Merge Heap Roots: 0.0ms
[2024-02-10T22:23:04.212+0000][7][gc,phases   ] GC(215)   Evacuate Collection Set: 0.9ms
[2024-02-10T22:23:04.212+0000][7][gc,phases   ] GC(215)   Post Evacuate Collection Set: 0.5ms
[2024-02-10T22:23:04.212+0000][7][gc,phases   ] GC(215)   Other: 0.1ms
[2024-02-10T22:23:04.212+0000][7][gc,age      ] GC(215) Age table with threshold 15 (max threshold 15)
[2024-02-10T22:23:04.212+0000][7][gc,age      ] GC(215) - age   1:    1271672 bytes,    1271672 total
[2024-02-10T22:23:04.212+0000][7][gc,age      ] GC(215) - age   2:       3696 bytes,    1275368 total
[2024-02-10T22:23:04.212+0000][7][gc,age      ] GC(215) - age   3:       8144 bytes,    1283512 total
[2024-02-10T22:23:04.212+0000][7][gc,age      ] GC(215) - age   4:       4896 bytes,    1288408 total
[2024-02-10T22:23:04.212+0000][7][gc,age      ] GC(215) - age   5:       8432 bytes,    1296840 total
[2024-02-10T22:23:04.212+0000][7][gc,age      ] GC(215) - age   6:         72 bytes,    1296912 total
[2024-02-10T22:23:04.212+0000][7][gc,age      ] GC(215) - age   7:     197384 bytes,    1494296 total
[2024-02-10T22:23:04.212+0000][7][gc,age      ] GC(215) - age   8:       1288 bytes,    1495584 total
[2024-02-10T22:23:04.212+0000][7][gc,age      ] GC(215) - age   9:        184 bytes,    1495768 total
[2024-02-10T22:23:04.212+0000][7][gc,age      ] GC(215) - age  10:     156568 bytes,    1652336 total
[2024-02-10T22:23:04.212+0000][7][gc,age      ] GC(215) - age  11:         80 bytes,    1652416 total
[2024-02-10T22:23:04.212+0000][7][gc,age      ] GC(215) - age  12:        232 bytes,    1652648 total
[2024-02-10T22:23:04.212+0000][7][gc,age      ] GC(215) - age  14:         24 bytes,    1652672 total
[2024-02-10T22:23:04.212+0000][7][gc,heap     ] GC(215) Eden regions: 152->0(152)
[2024-02-10T22:23:04.212+0000][7][gc,heap     ] GC(215) Survivor regions: 1->1(20)
[2024-02-10T22:23:04.212+0000][7][gc,heap     ] GC(215) Old regions: 24->24
[2024-02-10T22:23:04.212+0000][7][gc,heap     ] GC(215) Archive regions: 2->2
[2024-02-10T22:23:04.212+0000][7][gc,heap     ] GC(215) Humongous regions: 0->0
[2024-02-10T22:23:04.212+0000][7][gc,metaspace] GC(215) Metaspace: 129500K(133184K)->129500K(133184K) NonClass: 112522K(114432K)->112522K(114432K) Class: 16977K(18752K)->16977K(18752K)
[2024-02-10T22:23:04.212+0000][7][gc          ] GC(215) Pause Young (Normal) (G1 Evacuation Pause) 706M->99M(1024M) 1.890ms
[2024-02-10T22:23:04.212+0000][7][gc,cpu      ] GC(215) User=0.01s Sys=0.00s Real=0.00s
[2024-02-10T22:23:04.212+0000][7][safepoint   ] Safepoint "G1CollectForAllocation", Time since last: 186024042820 ns, Reaching safepoint: 25299 ns, At safepoint: 1962189 ns, Total: 1987488 ns
[2024-02-10T22:23:38.216+0000][7][safepoint   ] Safepoint "Cleanup", Time since last: 34003104090 ns, Reaching safepoint: 92196 ns, At safepoint: 10427 ns, Total: 102623 ns
[2024-02-10T22:24:17.219+0000][7][safepoint   ] Safepoint "Cleanup", Time since last: 39003178086 ns, Reaching safepoint: 99415 ns, At safepoint: 17604 ns, Total: 117019 ns
[2024-02-10T22:26:16.214+0000][7][gc,start    ] GC(216) Pause Young (Normal) (G1 Evacuation Pause)
[2024-02-10T22:26:16.214+0000][7][gc,task     ] GC(216) Using 8 workers of 8 for evacuation
[2024-02-10T22:26:16.214+0000][7][gc,age      ] GC(216) Desired survivor size 41943040 bytes, new threshold 15 (max threshold 15)
[2024-02-10T22:26:16.217+0000][7][gc,phases   ] GC(216)   Pre Evacuate Collection Set: 0.1ms
[2024-02-10T22:26:16.217+0000][7][gc,phases   ] GC(216)   Merge Heap Roots: 0.1ms
[2024-02-10T22:26:16.217+0000][7][gc,phases   ] GC(216)   Evacuate Collection Set: 1.9ms
[2024-02-10T22:26:16.217+0000][7][gc,phases   ] GC(216)   Post Evacuate Collection Set: 1.0ms
[2024-02-10T22:26:16.217+0000][7][gc,phases   ] GC(216)   Other: 0.1ms
[2024-02-10T22:26:16.217+0000][7][gc,age      ] GC(216) Age table with threshold 15 (max threshold 15)
[2024-02-10T22:26:16.217+0000][7][gc,age      ] GC(216) - age   1:    2072648 bytes,    2072648 total
[2024-02-10T22:26:16.217+0000][7][gc,age      ] GC(216) - age   2:     224624 bytes,    2297272 total
[2024-02-10T22:26:16.217+0000][7][gc,age      ] GC(216) - age   3:       1168 bytes,    2298440 total
[2024-02-10T22:26:16.217+0000][7][gc,age      ] GC(216) - age   4:       8016 bytes,    2306456 total
[2024-02-10T22:26:16.217+0000][7][gc,age      ] GC(216) - age   5:       4712 bytes,    2311168 total
[2024-02-10T22:26:16.217+0000][7][gc,age      ] GC(216) - age   6:       8432 bytes,    2319600 total
[2024-02-10T22:26:16.217+0000][7][gc,age      ] GC(216) - age   7:         72 bytes,    2319672 total
[2024-02-10T22:26:16.217+0000][7][gc,age      ] GC(216) - age   8:     196872 bytes,    2516544 total
[2024-02-10T22:26:16.217+0000][7][gc,age      ] GC(216) - age   9:       1288 bytes,    2517832 total
[2024-02-10T22:26:16.217+0000][7][gc,age      ] GC(216) - age  10:        184 bytes,    2518016 total
[2024-02-10T22:26:16.217+0000][7][gc,age      ] GC(216) - age  11:     156568 bytes,    2674584 total
[2024-02-10T22:26:16.217+0000][7][gc,age      ] GC(216) - age  12:         80 bytes,    2674664 total
[2024-02-10T22:26:16.217+0000][7][gc,age      ] GC(216) - age  13:        232 bytes,    2674896 total
[2024-02-10T22:26:16.217+0000][7][gc,age      ] GC(216) - age  15:         24 bytes,    2674920 total
[2024-02-10T22:26:16.217+0000][7][gc,heap     ] GC(216) Eden regions: 152->0(152)
[2024-02-10T22:26:16.217+0000][7][gc,heap     ] GC(216) Survivor regions: 1->1(20)
[2024-02-10T22:26:16.217+0000][7][gc,heap     ] GC(216) Old regions: 24->24
[2024-02-10T22:26:16.217+0000][7][gc,heap     ] GC(216) Archive regions: 2->2
[2024-02-10T22:26:16.217+0000][7][gc,heap     ] GC(216) Humongous regions: 0->0
[2024-02-10T22:26:16.217+0000][7][gc,metaspace] GC(216) Metaspace: 129500K(133184K)->129500K(133184K) NonClass: 112522K(114432K)->112522K(114432K) Class: 16977K(18752K)->16977K(18752K)
[2024-02-10T22:26:16.217+0000][7][gc          ] GC(216) Pause Young (Normal) (G1 Evacuation Pause) 707M->100M(1024M) 3.506ms
[2024-02-10T22:26:16.218+0000][7][gc,cpu      ] GC(216) User=0.02s Sys=0.00s Real=0.00s
[2024-02-10T22:26:16.218+0000][7][safepoint   ] Safepoint "G1CollectForAllocation", Time since last: 118994931280 ns, Reaching safepoint: 61921 ns, At safepoint: 3601897 ns, Total: 3663818 ns
[2024-02-10T22:26:34.219+0000][7][safepoint   ] Safepoint "Cleanup", Time since last: 18001372001 ns, Reaching safepoint: 40184 ns, At safepoint: 23914 ns, Total: 64098 ns
[2024-02-10T22:28:00.227+0000][7][safepoint   ] Safepoint "Cleanup", Time since last: 86008030308 ns, Reaching safepoint: 65252 ns, At safepoint: 40438 ns, Total: 105690 ns
[2024-02-10T22:29:22.216+0000][7][gc,start    ] GC(217) Pause Young (Normal) (G1 Evacuation Pause)
[2024-02-10T22:29:22.216+0000][7][gc,task     ] GC(217) Using 8 workers of 8 for evacuation
[2024-02-10T22:29:22.216+0000][7][gc,age      ] GC(217) Desired survivor size 41943040 bytes, new threshold 15 (max threshold 15)
[2024-02-10T22:29:22.219+0000][7][gc,phases   ] GC(217)   Pre Evacuate Collection Set: 0.1ms
[2024-02-10T22:29:22.219+0000][7][gc,phases   ] GC(217)   Merge Heap Roots: 0.1ms
[2024-02-10T22:29:22.219+0000][7][gc,phases   ] GC(217)   Evacuate Collection Set: 1.5ms
[2024-02-10T22:29:22.219+0000][7][gc,phases   ] GC(217)   Post Evacuate Collection Set: 0.6ms
[2024-02-10T22:29:22.219+0000][7][gc,phases   ] GC(217)   Other: 0.2ms
[2024-02-10T22:29:22.219+0000][7][gc,age      ] GC(217) Age table with threshold 15 (max threshold 15)
[2024-02-10T22:29:22.219+0000][7][gc,age      ] GC(217) - age   1:    1207256 bytes,    1207256 total
[2024-02-10T22:29:22.219+0000][7][gc,age      ] GC(217) - age   2:     210408 bytes,    1417664 total
[2024-02-10T22:29:22.219+0000][7][gc,age      ] GC(217) - age   3:     116344 bytes,    1534008 total
[2024-02-10T22:29:22.219+0000][7][gc,age      ] GC(217) - age   4:        424 bytes,    1534432 total
[2024-02-10T22:29:22.219+0000][7][gc,age      ] GC(217) - age   5:       8016 bytes,    1542448 total
[2024-02-10T22:29:22.219+0000][7][gc,age      ] GC(217) - age   6:       4712 bytes,    1547160 total
[2024-02-10T22:29:22.219+0000][7][gc,age      ] GC(217) - age   7:       8016 bytes,    1555176 total
[2024-02-10T22:29:22.219+0000][7][gc,age      ] GC(217) - age   8:         72 bytes,    1555248 total
[2024-02-10T22:29:22.219+0000][7][gc,age      ] GC(217) - age   9:     196872 bytes,    1752120 total
[2024-02-10T22:29:22.219+0000][7][gc,age      ] GC(217) - age  10:       1288 bytes,    1753408 total
[2024-02-10T22:29:22.219+0000][7][gc,age      ] GC(217) - age  12:     156568 bytes,    1909976 total
[2024-02-10T22:29:22.219+0000][7][gc,age      ] GC(217) - age  13:         80 bytes,    1910056 total
[2024-02-10T22:29:22.219+0000][7][gc,age      ] GC(217) - age  14:        232 bytes,    1910288 total
[2024-02-10T22:29:22.219+0000][7][gc,heap     ] GC(217) Eden regions: 152->0(152)
[2024-02-10T22:29:22.219+0000][7][gc,heap     ] GC(217) Survivor regions: 1->1(20)
[2024-02-10T22:29:22.219+0000][7][gc,heap     ] GC(217) Old regions: 24->24
[2024-02-10T22:29:22.219+0000][7][gc,heap     ] GC(217) Archive regions: 2->2
[2024-02-10T22:29:22.219+0000][7][gc,heap     ] GC(217) Humongous regions: 0->0
[2024-02-10T22:29:22.219+0000][7][gc,metaspace] GC(217) Metaspace: 129500K(133184K)->129500K(133184K) NonClass: 112522K(114432K)->112522K(114432K) Class: 16977K(18752K)->16977K(18752K)
[2024-02-10T22:29:22.219+0000][7][gc          ] GC(217) Pause Young (Normal) (G1 Evacuation Pause) 708M->99M(1024M) 2.830ms
[2024-02-10T22:29:22.219+0000][7][gc,cpu      ] GC(217) User=0.01s Sys=0.00s Real=0.00s
[2024-02-10T22:29:22.219+0000][7][safepoint   ] Safepoint "G1CollectForAllocation", Time since last: 81989055648 ns, Reaching safepoint: 50564 ns, At safepoint: 2958434 ns, Total: 3008998 ns
[2024-02-10T22:32:34.290+0000][7][gc,start    ] GC(218) Pause Young (Normal) (G1 Evacuation Pause)
[2024-02-10T22:32:34.290+0000][7][gc,task     ] GC(218) Using 8 workers of 8 for evacuation
[2024-02-10T22:32:34.290+0000][7][gc,age      ] GC(218) Desired survivor size 41943040 bytes, new threshold 15 (max threshold 15)
[2024-02-10T22:32:34.292+0000][7][gc,phases   ] GC(218)   Pre Evacuate Collection Set: 0.1ms
[2024-02-10T22:32:34.292+0000][7][gc,phases   ] GC(218)   Merge Heap Roots: 0.0ms
[2024-02-10T22:32:34.292+0000][7][gc,phases   ] GC(218)   Evacuate Collection Set: 1.2ms
[2024-02-10T22:32:34.292+0000][7][gc,phases   ] GC(218)   Post Evacuate Collection Set: 0.6ms
[2024-02-10T22:32:34.292+0000][7][gc,phases   ] GC(218)   Other: 0.1ms
[2024-02-10T22:32:34.292+0000][7][gc,age      ] GC(218) Age table with threshold 15 (max threshold 15)
[2024-02-10T22:32:34.292+0000][7][gc,age      ] GC(218) - age   1:    1969944 bytes,    1969944 total
[2024-02-10T22:32:34.292+0000][7][gc,age      ] GC(218) - age   2:     126168 bytes,    2096112 total
[2024-02-10T22:32:34.292+0000][7][gc,age      ] GC(218) - age   3:     207160 bytes,    2303272 total
[2024-02-10T22:32:34.292+0000][7][gc,age      ] GC(218) - age   4:     112664 bytes,    2415936 total
[2024-02-10T22:32:34.292+0000][7][gc,age      ] GC(218) - age   5:        424 bytes,    2416360 total
[2024-02-10T22:32:34.292+0000][7][gc,age      ] GC(218) - age   6:       8016 bytes,    2424376 total
[2024-02-10T22:32:34.292+0000][7][gc,age      ] GC(218) - age   7:       4712 bytes,    2429088 total
[2024-02-10T22:32:34.292+0000][7][gc,age      ] GC(218) - age   8:       8016 bytes,    2437104 total
[2024-02-10T22:32:34.292+0000][7][gc,age      ] GC(218) - age   9:         72 bytes,    2437176 total
[2024-02-10T22:32:34.292+0000][7][gc,age      ] GC(218) - age  10:     188856 bytes,    2626032 total
[2024-02-10T22:32:34.292+0000][7][gc,age      ] GC(218) - age  11:       1288 bytes,    2627320 total
[2024-02-10T22:32:34.292+0000][7][gc,age      ] GC(218) - age  13:     156568 bytes,    2783888 total
[2024-02-10T22:32:34.292+0000][7][gc,age      ] GC(218) - age  14:         80 bytes,    2783968 total
[2024-02-10T22:32:34.292+0000][7][gc,age      ] GC(218) - age  15:        232 bytes,    2784200 total
[2024-02-10T22:32:34.292+0000][7][gc,heap     ] GC(218) Eden regions: 152->0(152)
[2024-02-10T22:32:34.292+0000][7][gc,heap     ] GC(218) Survivor regions: 1->1(20)
[2024-02-10T22:32:34.292+0000][7][gc,heap     ] GC(218) Old regions: 24->24
[2024-02-10T22:32:34.292+0000][7][gc,heap     ] GC(218) Archive regions: 2->2
[2024-02-10T22:32:34.292+0000][7][gc,heap     ] GC(218) Humongous regions: 0->0
[2024-02-10T22:32:34.292+0000][7][gc,metaspace] GC(218) Metaspace: 129500K(133184K)->129500K(133184K) NonClass: 112522K(114432K)->112522K(114432K) Class: 16977K(18752K)->16977K(18752K)
[2024-02-10T22:32:34.292+0000][7][gc          ] GC(218) Pause Young (Normal) (G1 Evacuation Pause) 707M->100M(1024M) 2.245ms
[2024-02-10T22:32:34.292+0000][7][gc,cpu      ] GC(218) User=0.01s Sys=0.00s Real=0.01s
[2024-02-10T22:32:34.292+0000][7][safepoint   ] Safepoint "G1CollectForAllocation", Time since last: 192070385285 ns, Reaching safepoint: 92936 ns, At safepoint: 2316262 ns, Total: 2409198 ns
[2024-02-10T22:35:34.246+0000][7][gc,start    ] GC(219) Pause Young (Normal) (G1 Evacuation Pause)
[2024-02-10T22:35:34.246+0000][7][gc,task     ] GC(219) Using 8 workers of 8 for evacuation
[2024-02-10T22:35:34.246+0000][7][gc,age      ] GC(219) Desired survivor size 41943040 bytes, new threshold 15 (max threshold 15)
[2024-02-10T22:35:34.249+0000][7][gc,phases   ] GC(219)   Pre Evacuate Collection Set: 0.1ms
[2024-02-10T22:35:34.249+0000][7][gc,phases   ] GC(219)   Merge Heap Roots: 0.1ms
[2024-02-10T22:35:34.249+0000][7][gc,phases   ] GC(219)   Evacuate Collection Set: 1.6ms
[2024-02-10T22:35:34.249+0000][7][gc,phases   ] GC(219)   Post Evacuate Collection Set: 0.7ms
[2024-02-10T22:35:34.249+0000][7][gc,phases   ] GC(219)   Other: 0.1ms
[2024-02-10T22:35:34.249+0000][7][gc,age      ] GC(219) Age table with threshold 15 (max threshold 15)
[2024-02-10T22:35:34.249+0000][7][gc,age      ] GC(219) - age   1:    2056120 bytes,    2056120 total
[2024-02-10T22:35:34.249+0000][7][gc,age      ] GC(219) - age   2:      94520 bytes,    2150640 total
[2024-02-10T22:35:34.249+0000][7][gc,age      ] GC(219) - age   3:     124728 bytes,    2275368 total
[2024-02-10T22:35:34.249+0000][7][gc,age      ] GC(219) - age   4:     207160 bytes,    2482528 total
[2024-02-10T22:35:34.249+0000][7][gc,age      ] GC(219) - age   5:     112664 bytes,    2595192 total
[2024-02-10T22:35:34.249+0000][7][gc,age      ] GC(219) - age   6:        424 bytes,    2595616 total
[2024-02-10T22:35:34.249+0000][7][gc,age      ] GC(219) - age   7:       8016 bytes,    2603632 total
[2024-02-10T22:35:34.249+0000][7][gc,age      ] GC(219) - age   8:       4712 bytes,    2608344 total
[2024-02-10T22:35:34.249+0000][7][gc,age      ] GC(219) - age   9:       8016 bytes,    2616360 total
[2024-02-10T22:35:34.249+0000][7][gc,age      ] GC(219) - age  10:         72 bytes,    2616432 total
[2024-02-10T22:35:34.249+0000][7][gc,age      ] GC(219) - age  11:     188856 bytes,    2805288 total
[2024-02-10T22:35:34.249+0000][7][gc,age      ] GC(219) - age  12:       1288 bytes,    2806576 total
[2024-02-10T22:35:34.249+0000][7][gc,age      ] GC(219) - age  14:     156568 bytes,    2963144 total
[2024-02-10T22:35:34.249+0000][7][gc,age      ] GC(219) - age  15:         80 bytes,    2963224 total
[2024-02-10T22:35:34.249+0000][7][gc,heap     ] GC(219) Eden regions: 152->0(152)
[2024-02-10T22:35:34.249+0000][7][gc,heap     ] GC(219) Survivor regions: 1->1(20)
[2024-02-10T22:35:34.249+0000][7][gc,heap     ] GC(219) Old regions: 24->24
[2024-02-10T22:35:34.249+0000][7][gc,heap     ] GC(219) Archive regions: 2->2
[2024-02-10T22:35:34.249+0000][7][gc,heap     ] GC(219) Humongous regions: 0->0
[2024-02-10T22:35:34.249+0000][7][gc,metaspace] GC(219) Metaspace: 129500K(133184K)->129500K(133184K) NonClass: 112522K(114432K)->112522K(114432K) Class: 16977K(18752K)->16977K(18752K)
[2024-02-10T22:35:34.249+0000][7][gc          ] GC(219) Pause Young (Normal) (G1 Evacuation Pause) 708M->100M(1024M) 2.945ms
[2024-02-10T22:35:34.249+0000][7][gc,cpu      ] GC(219) User=0.01s Sys=0.00s Real=0.00s
[2024-02-10T22:35:34.249+0000][7][safepoint   ] Safepoint "G1CollectForAllocation", Time since last: 179953682758 ns, Reaching safepoint: 111532 ns, At safepoint: 3045402 ns, Total: 3156934 ns
[2024-02-10T22:35:38.249+0000][7][safepoint   ] Safepoint "Cleanup", Time since last: 4000391246 ns, Reaching safepoint: 76329 ns, At safepoint: 9078 ns, Total: 85407 ns
[2024-02-10T22:38:17.148+0000][7][gc,start    ] GC(220) Pause Young (Normal) (G1 Evacuation Pause)
[2024-02-10T22:38:17.148+0000][7][gc,task     ] GC(220) Using 8 workers of 8 for evacuation
[2024-02-10T22:38:17.148+0000][7][gc,age      ] GC(220) Desired survivor size 41943040 bytes, new threshold 15 (max threshold 15)
[2024-02-10T22:38:17.150+0000][7][gc,phases   ] GC(220)   Pre Evacuate Collection Set: 0.1ms
[2024-02-10T22:38:17.150+0000][7][gc,phases   ] GC(220)   Merge Heap Roots: 0.0ms
[2024-02-10T22:38:17.150+0000][7][gc,phases   ] GC(220)   Evacuate Collection Set: 1.3ms
[2024-02-10T22:38:17.150+0000][7][gc,phases   ] GC(220)   Post Evacuate Collection Set: 0.6ms
[2024-02-10T22:38:17.150+0000][7][gc,phases   ] GC(220)   Other: 0.1ms
[2024-02-10T22:38:17.150+0000][7][gc,age      ] GC(220) Age table with threshold 15 (max threshold 15)
[2024-02-10T22:38:17.150+0000][7][gc,age      ] GC(220) - age   1:    1755448 bytes,    1755448 total
[2024-02-10T22:38:17.150+0000][7][gc,age      ] GC(220) - age   2:       8608 bytes,    1764056 total
[2024-02-10T22:38:17.150+0000][7][gc,age      ] GC(220) - age   3:      91392 bytes,    1855448 total
[2024-02-10T22:38:17.150+0000][7][gc,age      ] GC(220) - age   4:     115928 bytes,    1971376 total
[2024-02-10T22:38:17.150+0000][7][gc,age      ] GC(220) - age   5:     207160 bytes,    2178536 total
[2024-02-10T22:38:17.150+0000][7][gc,age      ] GC(220) - age   6:     112272 bytes,    2290808 total
[2024-02-10T22:38:17.150+0000][7][gc,age      ] GC(220) - age   7:        400 bytes,    2291208 total
[2024-02-10T22:38:17.150+0000][7][gc,age      ] GC(220) - age   8:       8016 bytes,    2299224 total
[2024-02-10T22:38:17.150+0000][7][gc,age      ] GC(220) - age   9:       4712 bytes,    2303936 total
[2024-02-10T22:38:17.150+0000][7][gc,age      ] GC(220) - age  10:       8016 bytes,    2311952 total
[2024-02-10T22:38:17.150+0000][7][gc,age      ] GC(220) - age  11:         72 bytes,    2312024 total
[2024-02-10T22:38:17.150+0000][7][gc,age      ] GC(220) - age  12:     188856 bytes,    2500880 total
[2024-02-10T22:38:17.150+0000][7][gc,age      ] GC(220) - age  13:       1288 bytes,    2502168 total
[2024-02-10T22:38:17.150+0000][7][gc,age      ] GC(220) - age  15:     156568 bytes,    2658736 total
[2024-02-10T22:38:17.150+0000][7][gc,heap     ] GC(220) Eden regions: 152->0(152)
[2024-02-10T22:38:17.150+0000][7][gc,heap     ] GC(220) Survivor regions: 1->1(20)
[2024-02-10T22:38:17.150+0000][7][gc,heap     ] GC(220) Old regions: 24->24
[2024-02-10T22:38:17.150+0000][7][gc,heap     ] GC(220) Archive regions: 2->2
[2024-02-10T22:38:17.150+0000][7][gc,heap     ] GC(220) Humongous regions: 0->0
[2024-02-10T22:38:17.150+0000][7][gc,metaspace] GC(220) Metaspace: 129501K(133184K)->129501K(133184K) NonClass: 112523K(114432K)->112523K(114432K) Class: 16977K(18752K)->16977K(18752K)
[2024-02-10T22:38:17.150+0000][7][gc          ] GC(220) Pause Young (Normal) (G1 Evacuation Pause) 708M->100M(1024M) 2.243ms
[2024-02-10T22:38:17.150+0000][7][gc,cpu      ] GC(220) User=0.01s Sys=0.00s Real=0.01s
[2024-02-10T22:38:17.150+0000][7][safepoint   ] Safepoint "G1CollectForAllocation", Time since last: 158430552132 ns, Reaching safepoint: 44626 ns, At safepoint: 2322903 ns, Total: 2367529 ns
[2024-02-10T22:40:43.744+0000][7][gc,start    ] GC(221) Pause Young (Normal) (G1 Evacuation Pause)
[2024-02-10T22:40:43.744+0000][7][gc,task     ] GC(221) Using 8 workers of 8 for evacuation
[2024-02-10T22:40:43.744+0000][7][gc,age      ] GC(221) Desired survivor size 41943040 bytes, new threshold 15 (max threshold 15)
[2024-02-10T22:40:43.746+0000][7][gc,phases   ] GC(221)   Pre Evacuate Collection Set: 0.1ms
[2024-02-10T22:40:43.746+0000][7][gc,phases   ] GC(221)   Merge Heap Roots: 0.1ms
[2024-02-10T22:40:43.746+0000][7][gc,phases   ] GC(221)   Evacuate Collection Set: 0.9ms
[2024-02-10T22:40:43.746+0000][7][gc,phases   ] GC(221)   Post Evacuate Collection Set: 0.5ms
[2024-02-10T22:40:43.746+0000][7][gc,phases   ] GC(221)   Other: 0.1ms
[2024-02-10T22:40:43.746+0000][7][gc,age      ] GC(221) Age table with threshold 15 (max threshold 15)
[2024-02-10T22:40:43.746+0000][7][gc,age      ] GC(221) - age   1:    1043440 bytes,    1043440 total
[2024-02-10T22:40:43.746+0000][7][gc,age      ] GC(221) - age   2:      31952 bytes,    1075392 total
[2024-02-10T22:40:43.746+0000][7][gc,age      ] GC(221) - age   3:       7424 bytes,    1082816 total
[2024-02-10T22:40:43.746+0000][7][gc,age      ] GC(221) - age   4:      91328 bytes,    1174144 total
[2024-02-10T22:40:43.746+0000][7][gc,age      ] GC(221) - age   5:     115928 bytes,    1290072 total
[2024-02-10T22:40:43.746+0000][7][gc,age      ] GC(221) - age   6:     207160 bytes,    1497232 total
[2024-02-10T22:40:43.746+0000][7][gc,age      ] GC(221) - age   7:     112272 bytes,    1609504 total
[2024-02-10T22:40:43.746+0000][7][gc,age      ] GC(221) - age   8:        216 bytes,    1609720 total
[2024-02-10T22:40:43.746+0000][7][gc,age      ] GC(221) - age   9:       8016 bytes,    1617736 total
[2024-02-10T22:40:43.746+0000][7][gc,age      ] GC(221) - age  10:       4712 bytes,    1622448 total
[2024-02-10T22:40:43.746+0000][7][gc,age      ] GC(221) - age  11:       8016 bytes,    1630464 total
[2024-02-10T22:40:43.746+0000][7][gc,age      ] GC(221) - age  12:         72 bytes,    1630536 total
[2024-02-10T22:40:43.746+0000][7][gc,age      ] GC(221) - age  13:     188856 bytes,    1819392 total
[2024-02-10T22:40:43.746+0000][7][gc,age      ] GC(221) - age  14:       1288 bytes,    1820680 total
[2024-02-10T22:40:43.746+0000][7][gc,heap     ] GC(221) Eden regions: 152->0(152)
[2024-02-10T22:40:43.746+0000][7][gc,heap     ] GC(221) Survivor regions: 1->1(20)
[2024-02-10T22:40:43.746+0000][7][gc,heap     ] GC(221) Old regions: 24->24
[2024-02-10T22:40:43.746+0000][7][gc,heap     ] GC(221) Archive regions: 2->2
[2024-02-10T22:40:43.746+0000][7][gc,heap     ] GC(221) Humongous regions: 0->0
[2024-02-10T22:40:43.746+0000][7][gc,metaspace] GC(221) Metaspace: 129501K(133184K)->129501K(133184K) NonClass: 112523K(114432K)->112523K(114432K) Class: 16977K(18752K)->16977K(18752K)
[2024-02-10T22:40:43.746+0000][7][gc          ] GC(221) Pause Young (Normal) (G1 Evacuation Pause) 708M->99M(1024M) 1.891ms
[2024-02-10T22:40:43.746+0000][7][gc,cpu      ] GC(221) User=0.01s Sys=0.00s Real=0.00s
[2024-02-10T22:40:43.746+0000][7][safepoint   ] Safepoint "G1CollectForAllocation", Time since last: 146593839876 ns, Reaching safepoint: 42933 ns, At safepoint: 1967139 ns, Total: 2010072 ns
[2024-02-10T22:43:16.798+0000][7][gc,start    ] GC(222) Pause Young (Normal) (G1 Evacuation Pause)
[2024-02-10T22:43:16.798+0000][7][gc,task     ] GC(222) Using 8 workers of 8 for evacuation
[2024-02-10T22:43:16.798+0000][7][gc,age      ] GC(222) Desired survivor size 41943040 bytes, new threshold 15 (max threshold 15)
[2024-02-10T22:43:16.801+0000][7][gc,phases   ] GC(222)   Pre Evacuate Collection Set: 0.1ms
[2024-02-10T22:43:16.801+0000][7][gc,phases   ] GC(222)   Merge Heap Roots: 0.1ms
[2024-02-10T22:43:16.801+0000][7][gc,phases   ] GC(222)   Evacuate Collection Set: 1.5ms
[2024-02-10T22:43:16.801+0000][7][gc,phases   ] GC(222)   Post Evacuate Collection Set: 0.7ms
[2024-02-10T22:43:16.801+0000][7][gc,phases   ] GC(222)   Other: 0.1ms
[2024-02-10T22:43:16.801+0000][7][gc,age      ] GC(222) Age table with threshold 15 (max threshold 15)
[2024-02-10T22:43:16.801+0000][7][gc,age      ] GC(222) - age   1:    1754600 bytes,    1754600 total
[2024-02-10T22:43:16.801+0000][7][gc,age      ] GC(222) - age   2:       2240 bytes,    1756840 total
[2024-02-10T22:43:16.801+0000][7][gc,age      ] GC(222) - age   3:      30080 bytes,    1786920 total
[2024-02-10T22:43:16.801+0000][7][gc,age      ] GC(222) - age   4:       7128 bytes,    1794048 total
[2024-02-10T22:43:16.801+0000][7][gc,age      ] GC(222) - age   5:      87872 bytes,    1881920 total
[2024-02-10T22:43:16.801+0000][7][gc,age      ] GC(222) - age   6:     115928 bytes,    1997848 total
[2024-02-10T22:43:16.801+0000][7][gc,age      ] GC(222) - age   7:     190872 bytes,    2188720 total
[2024-02-10T22:43:16.801+0000][7][gc,age      ] GC(222) - age   8:     112272 bytes,    2300992 total
[2024-02-10T22:43:16.801+0000][7][gc,age      ] GC(222) - age   9:        184 bytes,    2301176 total
[2024-02-10T22:43:16.801+0000][7][gc,age      ] GC(222) - age  10:       8016 bytes,    2309192 total
[2024-02-10T22:43:16.801+0000][7][gc,age      ] GC(222) - age  11:       4712 bytes,    2313904 total
[2024-02-10T22:43:16.801+0000][7][gc,age      ] GC(222) - age  12:       8016 bytes,    2321920 total
[2024-02-10T22:43:16.801+0000][7][gc,age      ] GC(222) - age  13:         72 bytes,    2321992 total
[2024-02-10T22:43:16.801+0000][7][gc,age      ] GC(222) - age  14:     188856 bytes,    2510848 total
[2024-02-10T22:43:16.801+0000][7][gc,age      ] GC(222) - age  15:       1288 bytes,    2512136 total
[2024-02-10T22:43:16.801+0000][7][gc,heap     ] GC(222) Eden regions: 152->0(152)
[2024-02-10T22:43:16.801+0000][7][gc,heap     ] GC(222) Survivor regions: 1->1(20)
[2024-02-10T22:43:16.801+0000][7][gc,heap     ] GC(222) Old regions: 24->24
[2024-02-10T22:43:16.801+0000][7][gc,heap     ] GC(222) Archive regions: 2->2
[2024-02-10T22:43:16.801+0000][7][gc,heap     ] GC(222) Humongous regions: 0->0
[2024-02-10T22:43:16.801+0000][7][gc,metaspace] GC(222) Metaspace: 129501K(133184K)->129501K(133184K) NonClass: 112523K(114432K)->112523K(114432K) Class: 16977K(18752K)->16977K(18752K)
[2024-02-10T22:43:16.801+0000][7][gc          ] GC(222) Pause Young (Normal) (G1 Evacuation Pause) 707M->100M(1024M) 2.725ms
[2024-02-10T22:43:16.801+0000][7][gc,cpu      ] GC(222) User=0.01s Sys=0.01s Real=0.01s
[2024-02-10T22:43:16.801+0000][7][safepoint   ] Safepoint "G1CollectForAllocation", Time since last: 153051834080 ns, Reaching safepoint: 40570 ns, At safepoint: 2820270 ns, Total: 2860840 ns
[2024-02-10T22:46:28.769+0000][7][gc,start    ] GC(223) Pause Young (Normal) (G1 Evacuation Pause)
[2024-02-10T22:46:28.769+0000][7][gc,task     ] GC(223) Using 8 workers of 8 for evacuation
[2024-02-10T22:46:28.769+0000][7][gc,age      ] GC(223) Desired survivor size 41943040 bytes, new threshold 15 (max threshold 15)
[2024-02-10T22:46:28.773+0000][7][gc,phases   ] GC(223)   Pre Evacuate Collection Set: 0.1ms
[2024-02-10T22:46:28.773+0000][7][gc,phases   ] GC(223)   Merge Heap Roots: 0.1ms
[2024-02-10T22:46:28.773+0000][7][gc,phases   ] GC(223)   Evacuate Collection Set: 2.4ms
[2024-02-10T22:46:28.773+0000][7][gc,phases   ] GC(223)   Post Evacuate Collection Set: 0.8ms
[2024-02-10T22:46:28.773+0000][7][gc,phases   ] GC(223)   Other: 0.1ms
[2024-02-10T22:46:28.773+0000][7][gc,age      ] GC(223) Age table with threshold 15 (max threshold 15)
[2024-02-10T22:46:28.773+0000][7][gc,age      ] GC(223) - age   1:    1292200 bytes,    1292200 total
[2024-02-10T22:46:28.773+0000][7][gc,age      ] GC(223) - age   2:       6360 bytes,    1298560 total
[2024-02-10T22:46:28.773+0000][7][gc,age      ] GC(223) - age   3:        192 bytes,    1298752 total
[2024-02-10T22:46:28.773+0000][7][gc,age      ] GC(223) - age   4:      21232 bytes,    1319984 total
[2024-02-10T22:46:28.773+0000][7][gc,age      ] GC(223) - age   5:       6616 bytes,    1326600 total
[2024-02-10T22:46:28.773+0000][7][gc,age      ] GC(223) - age   6:      79672 bytes,    1406272 total
[2024-02-10T22:46:28.773+0000][7][gc,age      ] GC(223) - age   7:     115928 bytes,    1522200 total
[2024-02-10T22:46:28.773+0000][7][gc,age      ] GC(223) - age   8:     190872 bytes,    1713072 total
[2024-02-10T22:46:28.773+0000][7][gc,age      ] GC(223) - age   9:     112272 bytes,    1825344 total
[2024-02-10T22:46:28.773+0000][7][gc,age      ] GC(223) - age  10:        184 bytes,    1825528 total
[2024-02-10T22:46:28.773+0000][7][gc,age      ] GC(223) - age  11:       8016 bytes,    1833544 total
[2024-02-10T22:46:28.773+0000][7][gc,age      ] GC(223) - age  12:       4712 bytes,    1838256 total
[2024-02-10T22:46:28.773+0000][7][gc,age      ] GC(223) - age  13:       8016 bytes,    1846272 total
[2024-02-10T22:46:28.773+0000][7][gc,age      ] GC(223) - age  14:         72 bytes,    1846344 total
[2024-02-10T22:46:28.773+0000][7][gc,age      ] GC(223) - age  15:     188856 bytes,    2035200 total
[2024-02-10T22:46:28.773+0000][7][gc,heap     ] GC(223) Eden regions: 152->0(152)
[2024-02-10T22:46:28.773+0000][7][gc,heap     ] GC(223) Survivor regions: 1->1(20)
[2024-02-10T22:46:28.773+0000][7][gc,heap     ] GC(223) Old regions: 24->24
[2024-02-10T22:46:28.773+0000][7][gc,heap     ] GC(223) Archive regions: 2->2
[2024-02-10T22:46:28.773+0000][7][gc,heap     ] GC(223) Humongous regions: 0->0
[2024-02-10T22:46:28.773+0000][7][gc,metaspace] GC(223) Metaspace: 129501K(133184K)->129501K(133184K) NonClass: 112523K(114432K)->112523K(114432K) Class: 16977K(18752K)->16977K(18752K)
[2024-02-10T22:46:28.773+0000][7][gc          ] GC(223) Pause Young (Normal) (G1 Evacuation Pause) 708M->99M(1024M) 3.848ms
[2024-02-10T22:46:28.773+0000][7][gc,cpu      ] GC(223) User=0.02s Sys=0.00s Real=0.01s
[2024-02-10T22:46:28.773+0000][7][safepoint   ] Safepoint "G1CollectForAllocation", Time since last: 191968264859 ns, Reaching safepoint: 106874 ns, At safepoint: 3963834 ns, Total: 4070708 ns
[2024-02-10T22:48:31.784+0000][7][safepoint   ] Safepoint "Cleanup", Time since last: 123010741988 ns, Reaching safepoint: 70132 ns, At safepoint: 39249 ns, Total: 109381 ns
[2024-02-10T22:49:17.788+0000][7][safepoint   ] Safepoint "Cleanup", Time since last: 46003830200 ns, Reaching safepoint: 88537 ns, At safepoint: 8943 ns, Total: 97480 ns
[2024-02-10T22:49:35.719+0000][7][gc,start    ] GC(224) Pause Young (Normal) (G1 Evacuation Pause)
[2024-02-10T22:49:35.719+0000][7][gc,task     ] GC(224) Using 8 workers of 8 for evacuation
[2024-02-10T22:49:35.719+0000][7][gc,age      ] GC(224) Desired survivor size 41943040 bytes, new threshold 15 (max threshold 15)
[2024-02-10T22:49:35.721+0000][7][gc,phases   ] GC(224)   Pre Evacuate Collection Set: 0.1ms
[2024-02-10T22:49:35.721+0000][7][gc,phases   ] GC(224)   Merge Heap Roots: 0.0ms
[2024-02-10T22:49:35.721+0000][7][gc,phases   ] GC(224)   Evacuate Collection Set: 1.3ms
[2024-02-10T22:49:35.721+0000][7][gc,phases   ] GC(224)   Post Evacuate Collection Set: 0.6ms
[2024-02-10T22:49:35.721+0000][7][gc,phases   ] GC(224)   Other: 0.1ms
[2024-02-10T22:49:35.721+0000][7][gc,age      ] GC(224) Age table with threshold 15 (max threshold 15)
[2024-02-10T22:49:35.721+0000][7][gc,age      ] GC(224) - age   1:    1866760 bytes,    1866760 total
[2024-02-10T22:49:35.721+0000][7][gc,age      ] GC(224) - age   2:      18008 bytes,    1884768 total
[2024-02-10T22:49:35.721+0000][7][gc,age      ] GC(224) - age   3:       3888 bytes,    1888656 total
[2024-02-10T22:49:35.721+0000][7][gc,age      ] GC(224) - age   5:      20520 bytes,    1909176 total
[2024-02-10T22:49:35.721+0000][7][gc,age      ] GC(224) - age   6:       6616 bytes,    1915792 total
[2024-02-10T22:49:35.721+0000][7][gc,age      ] GC(224) - age   7:      79672 bytes,    1995464 total
[2024-02-10T22:49:35.721+0000][7][gc,age      ] GC(224) - age   8:     115512 bytes,    2110976 total
[2024-02-10T22:49:35.721+0000][7][gc,age      ] GC(224) - age   9:     190872 bytes,    2301848 total
[2024-02-10T22:49:35.721+0000][7][gc,age      ] GC(224) - age  10:     112272 bytes,    2414120 total
[2024-02-10T22:49:35.721+0000][7][gc,age      ] GC(224) - age  12:       8016 bytes,    2422136 total
[2024-02-10T22:49:35.721+0000][7][gc,age      ] GC(224) - age  13:       4712 bytes,    2426848 total
[2024-02-10T22:49:35.721+0000][7][gc,age      ] GC(224) - age  14:       8016 bytes,    2434864 total
[2024-02-10T22:49:35.721+0000][7][gc,age      ] GC(224) - age  15:         72 bytes,    2434936 total
[2024-02-10T22:49:35.721+0000][7][gc,heap     ] GC(224) Eden regions: 152->0(152)
[2024-02-10T22:49:35.721+0000][7][gc,heap     ] GC(224) Survivor regions: 1->1(20)
[2024-02-10T22:49:35.721+0000][7][gc,heap     ] GC(224) Old regions: 24->24
[2024-02-10T22:49:35.721+0000][7][gc,heap     ] GC(224) Archive regions: 2->2
[2024-02-10T22:49:35.721+0000][7][gc,heap     ] GC(224) Humongous regions: 0->0
[2024-02-10T22:49:35.721+0000][7][gc,metaspace] GC(224) Metaspace: 129504K(133184K)->129504K(133184K) NonClass: 112527K(114432K)->112527K(114432K) Class: 16977K(18752K)->16977K(18752K)
[2024-02-10T22:49:35.721+0000][7][gc          ] GC(224) Pause Young (Normal) (G1 Evacuation Pause) 707M->100M(1024M) 2.261ms
[2024-02-10T22:49:35.721+0000][7][gc,cpu      ] GC(224) User=0.01s Sys=0.00s Real=0.00s
[2024-02-10T22:49:35.721+0000][7][safepoint   ] Safepoint "G1CollectForAllocation", Time since last: 17931086591 ns, Reaching safepoint: 50011 ns, At safepoint: 2335901 ns, Total: 2385912 ns
[2024-02-10T22:52:02.734+0000][7][safepoint   ] Safepoint "Cleanup", Time since last: 147012679557 ns, Reaching safepoint: 55291 ns, At safepoint: 34258 ns, Total: 89549 ns
[2024-02-10T22:52:29.736+0000][7][safepoint   ] Safepoint "Cleanup", Time since last: 27002234543 ns, Reaching safepoint: 62263 ns, At safepoint: 7905 ns, Total: 70168 ns
[2024-02-10T22:52:52.773+0000][7][gc,start    ] GC(225) Pause Young (Normal) (G1 Evacuation Pause)
[2024-02-10T22:52:52.773+0000][7][gc,task     ] GC(225) Using 8 workers of 8 for evacuation
[2024-02-10T22:52:52.773+0000][7][gc,age      ] GC(225) Desired survivor size 41943040 bytes, new threshold 15 (max threshold 15)
[2024-02-10T22:52:52.775+0000][7][gc,phases   ] GC(225)   Pre Evacuate Collection Set: 0.1ms
[2024-02-10T22:52:52.775+0000][7][gc,phases   ] GC(225)   Merge Heap Roots: 0.0ms
[2024-02-10T22:52:52.775+0000][7][gc,phases   ] GC(225)   Evacuate Collection Set: 1.2ms
[2024-02-10T22:52:52.775+0000][7][gc,phases   ] GC(225)   Post Evacuate Collection Set: 0.7ms
[2024-02-10T22:52:52.775+0000][7][gc,phases   ] GC(225)   Other: 0.1ms
[2024-02-10T22:52:52.775+0000][7][gc,age      ] GC(225) Age table with threshold 15 (max threshold 15)
[2024-02-10T22:52:52.776+0000][7][gc,age      ] GC(225) - age   1:    1502168 bytes,    1502168 total
[2024-02-10T22:52:52.776+0000][7][gc,age      ] GC(225) - age   2:       5128 bytes,    1507296 total
[2024-02-10T22:52:52.776+0000][7][gc,age      ] GC(225) - age   3:       8456 bytes,    1515752 total
[2024-02-10T22:52:52.776+0000][7][gc,age      ] GC(225) - age   4:         56 bytes,    1515808 total
[2024-02-10T22:52:52.776+0000][7][gc,age      ] GC(225) - age   6:      20128 bytes,    1535936 total
[2024-02-10T22:52:52.776+0000][7][gc,age      ] GC(225) - age   7:       6616 bytes,    1542552 total
[2024-02-10T22:52:52.776+0000][7][gc,age      ] GC(225) - age   8:      79672 bytes,    1622224 total
[2024-02-10T22:52:52.776+0000][7][gc,age      ] GC(225) - age   9:     115512 bytes,    1737736 total
[2024-02-10T22:52:52.776+0000][7][gc,age      ] GC(225) - age  10:     190872 bytes,    1928608 total
[2024-02-10T22:52:52.776+0000][7][gc,age      ] GC(225) - age  11:     112272 bytes,    2040880 total
[2024-02-10T22:52:52.776+0000][7][gc,age      ] GC(225) - age  13:       8016 bytes,    2048896 total
[2024-02-10T22:52:52.776+0000][7][gc,age      ] GC(225) - age  14:       4712 bytes,    2053608 total
[2024-02-10T22:52:52.776+0000][7][gc,age      ] GC(225) - age  15:       8016 bytes,    2061624 total
[2024-02-10T22:52:52.776+0000][7][gc,heap     ] GC(225) Eden regions: 152->0(152)
[2024-02-10T22:52:52.776+0000][7][gc,heap     ] GC(225) Survivor regions: 1->1(20)
[2024-02-10T22:52:52.776+0000][7][gc,heap     ] GC(225) Old regions: 24->24
[2024-02-10T22:52:52.776+0000][7][gc,heap     ] GC(225) Archive regions: 2->2
[2024-02-10T22:52:52.776+0000][7][gc,heap     ] GC(225) Humongous regions: 0->0
[2024-02-10T22:52:52.776+0000][7][gc,metaspace] GC(225) Metaspace: 129504K(133184K)->129504K(133184K) NonClass: 112527K(114432K)->112527K(114432K) Class: 16977K(18752K)->16977K(18752K)
[2024-02-10T22:52:52.776+0000][7][gc          ] GC(225) Pause Young (Normal) (G1 Evacuation Pause) 708M->99M(1024M) 2.362ms
[2024-02-10T22:52:52.776+0000][7][gc,cpu      ] GC(225) User=0.01s Sys=0.00s Real=0.00s
[2024-02-10T22:52:52.776+0000][7][safepoint   ] Safepoint "G1CollectForAllocation", Time since last: 23036700397 ns, Reaching safepoint: 46114 ns, At safepoint: 2463139 ns, Total: 2509253 ns
[2024-02-10T22:53:23.779+0000][7][safepoint   ] Safepoint "Cleanup", Time since last: 31002758098 ns, Reaching safepoint: 65308 ns, At safepoint: 11938 ns, Total: 77246 ns
[2024-02-10T22:55:58.774+0000][7][gc,start    ] GC(226) Pause Young (Normal) (G1 Evacuation Pause)
[2024-02-10T22:55:58.774+0000][7][gc,task     ] GC(226) Using 8 workers of 8 for evacuation
[2024-02-10T22:55:58.774+0000][7][gc,age      ] GC(226) Desired survivor size 41943040 bytes, new threshold 15 (max threshold 15)
[2024-02-10T22:55:58.777+0000][7][gc,phases   ] GC(226)   Pre Evacuate Collection Set: 0.1ms
[2024-02-10T22:55:58.777+0000][7][gc,phases   ] GC(226)   Merge Heap Roots: 0.1ms
[2024-02-10T22:55:58.777+0000][7][gc,phases   ] GC(226)   Evacuate Collection Set: 1.3ms
[2024-02-10T22:55:58.777+0000][7][gc,phases   ] GC(226)   Post Evacuate Collection Set: 0.8ms
[2024-02-10T22:55:58.777+0000][7][gc,phases   ] GC(226)   Other: 0.1ms
[2024-02-10T22:55:58.777+0000][7][gc,age      ] GC(226) Age table with threshold 15 (max threshold 15)
[2024-02-10T22:55:58.777+0000][7][gc,age      ] GC(226) - age   1:     760312 bytes,     760312 total
[2024-02-10T22:55:58.777+0000][7][gc,age      ] GC(226) - age   2:       5384 bytes,     765696 total
[2024-02-10T22:55:58.777+0000][7][gc,age      ] GC(226) - age   3:       1968 bytes,     767664 total
[2024-02-10T22:55:58.777+0000][7][gc,age      ] GC(226) - age   4:       8328 bytes,     775992 total
[2024-02-10T22:55:58.777+0000][7][gc,age      ] GC(226) - age   5:         56 bytes,     776048 total
[2024-02-10T22:55:58.777+0000][7][gc,age      ] GC(226) - age   7:      20128 bytes,     796176 total
[2024-02-10T22:55:58.777+0000][7][gc,age      ] GC(226) - age   8:       6616 bytes,     802792 total
[2024-02-10T22:55:58.777+0000][7][gc,age      ] GC(226) - age   9:      79672 bytes,     882464 total
[2024-02-10T22:55:58.777+0000][7][gc,age      ] GC(226) - age  10:     115512 bytes,     997976 total
[2024-02-10T22:55:58.777+0000][7][gc,age      ] GC(226) - age  11:     190872 bytes,    1188848 total
[2024-02-10T22:55:58.777+0000][7][gc,age      ] GC(226) - age  12:     112272 bytes,    1301120 total
[2024-02-10T22:55:58.777+0000][7][gc,age      ] GC(226) - age  14:       8016 bytes,    1309136 total
[2024-02-10T22:55:58.777+0000][7][gc,age      ] GC(226) - age  15:       4712 bytes,    1313848 total
[2024-02-10T22:55:58.777+0000][7][gc,heap     ] GC(226) Eden regions: 152->0(152)
[2024-02-10T22:55:58.777+0000][7][gc,heap     ] GC(226) Survivor regions: 1->1(20)
[2024-02-10T22:55:58.777+0000][7][gc,heap     ] GC(226) Old regions: 24->24
[2024-02-10T22:55:58.777+0000][7][gc,heap     ] GC(226) Archive regions: 2->2
[2024-02-10T22:55:58.777+0000][7][gc,heap     ] GC(226) Humongous regions: 0->0
[2024-02-10T22:55:58.777+0000][7][gc,metaspace] GC(226) Metaspace: 129504K(133184K)->129504K(133184K) NonClass: 112527K(114432K)->112527K(114432K) Class: 16977K(18752K)->16977K(18752K)
[2024-02-10T22:55:58.777+0000][7][gc          ] GC(226) Pause Young (Normal) (G1 Evacuation Pause) 707M->99M(1024M) 2.795ms
[2024-02-10T22:55:58.777+0000][7][gc,cpu      ] GC(226) User=0.01s Sys=0.00s Real=0.00s
[2024-02-10T22:55:58.777+0000][7][safepoint   ] Safepoint "G1CollectForAllocation", Time since last: 154995480685 ns, Reaching safepoint: 85657 ns, At safepoint: 2900874 ns, Total: 2986531 ns
[2024-02-10T22:56:38.781+0000][7][safepoint   ] Safepoint "Cleanup", Time since last: 40003539759 ns, Reaching safepoint: 112475 ns, At safepoint: 11799 ns, Total: 124274 ns
[2024-02-10T22:57:29.785+0000][7][safepoint   ] Safepoint "Cleanup", Time since last: 51004138233 ns, Reaching safepoint: 77165 ns, At safepoint: 5458 ns, Total: 82623 ns
[2024-02-10T22:59:11.765+0000][7][gc,start    ] GC(227) Pause Young (Normal) (G1 Evacuation Pause)
[2024-02-10T22:59:11.765+0000][7][gc,task     ] GC(227) Using 8 workers of 8 for evacuation
[2024-02-10T22:59:11.765+0000][7][gc,age      ] GC(227) Desired survivor size 41943040 bytes, new threshold 15 (max threshold 15)
[2024-02-10T22:59:11.768+0000][7][gc,phases   ] GC(227)   Pre Evacuate Collection Set: 0.1ms
[2024-02-10T22:59:11.768+0000][7][gc,phases   ] GC(227)   Merge Heap Roots: 0.1ms
[2024-02-10T22:59:11.768+0000][7][gc,phases   ] GC(227)   Evacuate Collection Set: 1.7ms
[2024-02-10T22:59:11.768+0000][7][gc,phases   ] GC(227)   Post Evacuate Collection Set: 1.3ms
[2024-02-10T22:59:11.768+0000][7][gc,phases   ] GC(227)   Other: 0.2ms
[2024-02-10T22:59:11.768+0000][7][gc,age      ] GC(227) Age table with threshold 15 (max threshold 15)
[2024-02-10T22:59:11.768+0000][7][gc,age      ] GC(227) - age   1:    1204352 bytes,    1204352 total
[2024-02-10T22:59:11.768+0000][7][gc,age      ] GC(227) - age   2:       1760 bytes,    1206112 total
[2024-02-10T22:59:11.768+0000][7][gc,age      ] GC(227) - age   3:       4040 bytes,    1210152 total
[2024-02-10T22:59:11.768+0000][7][gc,age      ] GC(227) - age   4:       1088 bytes,    1211240 total
[2024-02-10T22:59:11.768+0000][7][gc,age      ] GC(227) - age   5:       8200 bytes,    1219440 total
[2024-02-10T22:59:11.768+0000][7][gc,age      ] GC(227) - age   6:         56 bytes,    1219496 total
[2024-02-10T22:59:11.768+0000][7][gc,age      ] GC(227) - age   8:      20096 bytes,    1239592 total
[2024-02-10T22:59:11.768+0000][7][gc,age      ] GC(227) - age   9:       6616 bytes,    1246208 total
[2024-02-10T22:59:11.768+0000][7][gc,age      ] GC(227) - age  10:      79672 bytes,    1325880 total
[2024-02-10T22:59:11.768+0000][7][gc,age      ] GC(227) - age  11:     115512 bytes,    1441392 total
[2024-02-10T22:59:11.768+0000][7][gc,age      ] GC(227) - age  12:     190872 bytes,    1632264 total
[2024-02-10T22:59:11.768+0000][7][gc,age      ] GC(227) - age  13:     112272 bytes,    1744536 total
[2024-02-10T22:59:11.768+0000][7][gc,age      ] GC(227) - age  15:       8016 bytes,    1752552 total
[2024-02-10T22:59:11.768+0000][7][gc,heap     ] GC(227) Eden regions: 152->0(152)
[2024-02-10T22:59:11.768+0000][7][gc,heap     ] GC(227) Survivor regions: 1->1(20)
[2024-02-10T22:59:11.768+0000][7][gc,heap     ] GC(227) Old regions: 24->24
[2024-02-10T22:59:11.768+0000][7][gc,heap     ] GC(227) Archive regions: 2->2
[2024-02-10T22:59:11.768+0000][7][gc,heap     ] GC(227) Humongous regions: 0->0
[2024-02-10T22:59:11.768+0000][7][gc,metaspace] GC(227) Metaspace: 129534K(133248K)->129534K(133248K) NonClass: 112557K(114496K)->112557K(114496K) Class: 16977K(18752K)->16977K(18752K)
[2024-02-10T22:59:11.769+0000][7][gc          ] GC(227) Pause Young (Normal) (G1 Evacuation Pause) 707M->99M(1024M) 4.017ms
[2024-02-10T22:59:11.769+0000][7][gc,cpu      ] GC(227) User=0.01s Sys=0.00s Real=0.00s
[2024-02-10T22:59:11.769+0000][7][safepoint   ] Safepoint "G1CollectForAllocation", Time since last: 101979580868 ns, Reaching safepoint: 54999 ns, At safepoint: 4131780 ns, Total: 4186779 ns
[2024-02-10T23:02:16.793+0000][7][gc,start    ] GC(228) Pause Young (Normal) (G1 Evacuation Pause)
[2024-02-10T23:02:16.793+0000][7][gc,task     ] GC(228) Using 8 workers of 8 for evacuation
[2024-02-10T23:02:16.793+0000][7][gc,age      ] GC(228) Desired survivor size 41943040 bytes, new threshold 15 (max threshold 15)
[2024-02-10T23:02:16.795+0000][7][gc,phases   ] GC(228)   Pre Evacuate Collection Set: 0.1ms
[2024-02-10T23:02:16.795+0000][7][gc,phases   ] GC(228)   Merge Heap Roots: 0.1ms
[2024-02-10T23:02:16.795+0000][7][gc,phases   ] GC(228)   Evacuate Collection Set: 0.9ms
[2024-02-10T23:02:16.795+0000][7][gc,phases   ] GC(228)   Post Evacuate Collection Set: 0.8ms
[2024-02-10T23:02:16.795+0000][7][gc,phases   ] GC(228)   Other: 0.1ms
[2024-02-10T23:02:16.795+0000][7][gc,age      ] GC(228) Age table with threshold 15 (max threshold 15)
[2024-02-10T23:02:16.795+0000][7][gc,age      ] GC(228) - age   1:     913640 bytes,     913640 total
[2024-02-10T23:02:16.795+0000][7][gc,age      ] GC(228) - age   2:      11088 bytes,     924728 total
[2024-02-10T23:02:16.795+0000][7][gc,age      ] GC(228) - age   3:        184 bytes,     924912 total
[2024-02-10T23:02:16.795+0000][7][gc,age      ] GC(228) - age   4:        392 bytes,     925304 total
[2024-02-10T23:02:16.795+0000][7][gc,age      ] GC(228) - age   5:        480 bytes,     925784 total
[2024-02-10T23:02:16.795+0000][7][gc,age      ] GC(228) - age   6:       8016 bytes,     933800 total
[2024-02-10T23:02:16.795+0000][7][gc,age      ] GC(228) - age   7:         56 bytes,     933856 total
[2024-02-10T23:02:16.795+0000][7][gc,age      ] GC(228) - age   9:      20096 bytes,     953952 total
[2024-02-10T23:02:16.795+0000][7][gc,age      ] GC(228) - age  10:       6616 bytes,     960568 total
[2024-02-10T23:02:16.795+0000][7][gc,age      ] GC(228) - age  11:      79672 bytes,    1040240 total
[2024-02-10T23:02:16.795+0000][7][gc,age      ] GC(228) - age  12:     115512 bytes,    1155752 total
[2024-02-10T23:02:16.795+0000][7][gc,age      ] GC(228) - age  13:     190872 bytes,    1346624 total
[2024-02-10T23:02:16.795+0000][7][gc,age      ] GC(228) - age  14:     112272 bytes,    1458896 total
[2024-02-10T23:02:16.795+0000][7][gc,heap     ] GC(228) Eden regions: 152->0(152)
[2024-02-10T23:02:16.795+0000][7][gc,heap     ] GC(228) Survivor regions: 1->1(20)
[2024-02-10T23:02:16.795+0000][7][gc,heap     ] GC(228) Old regions: 24->24
[2024-02-10T23:02:16.795+0000][7][gc,heap     ] GC(228) Archive regions: 2->2
[2024-02-10T23:02:16.795+0000][7][gc,heap     ] GC(228) Humongous regions: 0->0
[2024-02-10T23:02:16.795+0000][7][gc,metaspace] GC(228) Metaspace: 129540K(133248K)->129540K(133248K) NonClass: 112563K(114496K)->112563K(114496K) Class: 16977K(18752K)->16977K(18752K)
[2024-02-10T23:02:16.795+0000][7][gc          ] GC(228) Pause Young (Normal) (G1 Evacuation Pause) 707M->99M(1024M) 2.079ms
[2024-02-10T23:02:16.795+0000][7][gc,cpu      ] GC(228) User=0.01s Sys=0.00s Real=0.00s
[2024-02-10T23:02:16.795+0000][7][safepoint   ] Safepoint "G1CollectForAllocation", Time since last: 185024554215 ns, Reaching safepoint: 65395 ns, At safepoint: 2152701 ns, Total: 2218096 ns
[2024-02-10T23:03:05.800+0000][7][safepoint   ] Safepoint "Cleanup", Time since last: 49004057242 ns, Reaching safepoint: 56367 ns, At safepoint: 5710 ns, Total: 62077 ns
[2024-02-10T23:05:28.799+0000][7][gc,start    ] GC(229) Pause Young (Normal) (G1 Evacuation Pause)
[2024-02-10T23:05:28.799+0000][7][gc,task     ] GC(229) Using 8 workers of 8 for evacuation
[2024-02-10T23:05:28.799+0000][7][gc,age      ] GC(229) Desired survivor size 41943040 bytes, new threshold 15 (max threshold 15)
[2024-02-10T23:05:28.801+0000][7][gc,phases   ] GC(229)   Pre Evacuate Collection Set: 0.1ms
[2024-02-10T23:05:28.802+0000][7][gc,phases   ] GC(229)   Merge Heap Roots: 0.0ms
[2024-02-10T23:05:28.802+0000][7][gc,phases   ] GC(229)   Evacuate Collection Set: 1.3ms
[2024-02-10T23:05:28.802+0000][7][gc,phases   ] GC(229)   Post Evacuate Collection Set: 0.6ms
[2024-02-10T23:05:28.802+0000][7][gc,phases   ] GC(229)   Other: 0.1ms
[2024-02-10T23:05:28.802+0000][7][gc,age      ] GC(229) Age table with threshold 15 (max threshold 15)
[2024-02-10T23:05:28.802+0000][7][gc,age      ] GC(229) - age   1:    1750496 bytes,    1750496 total
[2024-02-10T23:05:28.802+0000][7][gc,age      ] GC(229) - age   2:       5976 bytes,    1756472 total
[2024-02-10T23:05:28.802+0000][7][gc,age      ] GC(229) - age   3:       9008 bytes,    1765480 total
[2024-02-10T23:05:28.802+0000][7][gc,age      ] GC(229) - age   4:        184 bytes,    1765664 total
[2024-02-10T23:05:28.802+0000][7][gc,age      ] GC(229) - age   5:        392 bytes,    1766056 total
[2024-02-10T23:05:28.802+0000][7][gc,age      ] GC(229) - age   6:        480 bytes,    1766536 total
[2024-02-10T23:05:28.802+0000][7][gc,age      ] GC(229) - age   7:       8016 bytes,    1774552 total
[2024-02-10T23:05:28.802+0000][7][gc,age      ] GC(229) - age   8:         56 bytes,    1774608 total
[2024-02-10T23:05:28.802+0000][7][gc,age      ] GC(229) - age  10:      20096 bytes,    1794704 total
[2024-02-10T23:05:28.802+0000][7][gc,age      ] GC(229) - age  11:       6616 bytes,    1801320 total
[2024-02-10T23:05:28.802+0000][7][gc,age      ] GC(229) - age  12:      75448 bytes,    1876768 total
[2024-02-10T23:05:28.802+0000][7][gc,age      ] GC(229) - age  13:     115328 bytes,    1992096 total
[2024-02-10T23:05:28.802+0000][7][gc,age      ] GC(229) - age  14:     190368 bytes,    2182464 total
[2024-02-10T23:05:28.802+0000][7][gc,age      ] GC(229) - age  15:     112272 bytes,    2294736 total
[2024-02-10T23:05:28.802+0000][7][gc,heap     ] GC(229) Eden regions: 152->0(152)
[2024-02-10T23:05:28.802+0000][7][gc,heap     ] GC(229) Survivor regions: 1->1(20)
[2024-02-10T23:05:28.802+0000][7][gc,heap     ] GC(229) Old regions: 24->24
[2024-02-10T23:05:28.802+0000][7][gc,heap     ] GC(229) Archive regions: 2->2
[2024-02-10T23:05:28.802+0000][7][gc,heap     ] GC(229) Humongous regions: 0->0
[2024-02-10T23:05:28.802+0000][7][gc,metaspace] GC(229) Metaspace: 129541K(133248K)->129541K(133248K) NonClass: 112564K(114496K)->112564K(114496K) Class: 16977K(18752K)->16977K(18752K)
[2024-02-10T23:05:28.802+0000][7][gc          ] GC(229) Pause Young (Normal) (G1 Evacuation Pause) 707M->100M(1024M) 2.204ms
[2024-02-10T23:05:28.802+0000][7][gc,cpu      ] GC(229) User=0.01s Sys=0.01s Real=0.00s
[2024-02-10T23:05:28.802+0000][7][safepoint   ] Safepoint "G1CollectForAllocation", Time since last: 142999809892 ns, Reaching safepoint: 66855 ns, At safepoint: 2265935 ns, Total: 2332790 ns
[2024-02-10T23:07:38.814+0000][7][safepoint   ] Safepoint "Cleanup", Time since last: 130012281211 ns, Reaching safepoint: 99982 ns, At safepoint: 16814 ns, Total: 116796 ns
[2024-02-10T23:08:34.805+0000][7][gc,start    ] GC(230) Pause Young (Normal) (G1 Evacuation Pause)
[2024-02-10T23:08:34.805+0000][7][gc,task     ] GC(230) Using 8 workers of 8 for evacuation
[2024-02-10T23:08:34.805+0000][7][gc,age      ] GC(230) Desired survivor size 41943040 bytes, new threshold 15 (max threshold 15)
[2024-02-10T23:08:34.808+0000][7][gc,phases   ] GC(230)   Pre Evacuate Collection Set: 0.1ms
[2024-02-10T23:08:34.808+0000][7][gc,phases   ] GC(230)   Merge Heap Roots: 0.1ms
[2024-02-10T23:08:34.808+0000][7][gc,phases   ] GC(230)   Evacuate Collection Set: 1.4ms
[2024-02-10T23:08:34.808+0000][7][gc,phases   ] GC(230)   Post Evacuate Collection Set: 0.8ms
[2024-02-10T23:08:34.808+0000][7][gc,phases   ] GC(230)   Other: 0.1ms
[2024-02-10T23:08:34.808+0000][7][gc,age      ] GC(230) Age table with threshold 15 (max threshold 15)
[2024-02-10T23:08:34.808+0000][7][gc,age      ] GC(230) - age   1:     736464 bytes,     736464 total
[2024-02-10T23:08:34.808+0000][7][gc,age      ] GC(230) - age   2:     151080 bytes,     887544 total
[2024-02-10T23:08:34.808+0000][7][gc,age      ] GC(230) - age   3:       4272 bytes,     891816 total
[2024-02-10T23:08:34.808+0000][7][gc,age      ] GC(230) - age   4:       8232 bytes,     900048 total
[2024-02-10T23:08:34.808+0000][7][gc,age      ] GC(230) - age   5:        184 bytes,     900232 total
[2024-02-10T23:08:34.808+0000][7][gc,age      ] GC(230) - age   7:         64 bytes,     900296 total
[2024-02-10T23:08:34.808+0000][7][gc,age      ] GC(230) - age  11:      20096 bytes,     920392 total
[2024-02-10T23:08:34.808+0000][7][gc,age      ] GC(230) - age  12:       6616 bytes,     927008 total
[2024-02-10T23:08:34.808+0000][7][gc,age      ] GC(230) - age  13:      75448 bytes,    1002456 total
[2024-02-10T23:08:34.808+0000][7][gc,age      ] GC(230) - age  14:     115328 bytes,    1117784 total
[2024-02-10T23:08:34.808+0000][7][gc,age      ] GC(230) - age  15:     190368 bytes,    1308152 total
[2024-02-10T23:08:34.808+0000][7][gc,heap     ] GC(230) Eden regions: 152->0(152)
[2024-02-10T23:08:34.808+0000][7][gc,heap     ] GC(230) Survivor regions: 1->1(20)
[2024-02-10T23:08:34.808+0000][7][gc,heap     ] GC(230) Old regions: 24->24
[2024-02-10T23:08:34.808+0000][7][gc,heap     ] GC(230) Archive regions: 2->2
[2024-02-10T23:08:34.808+0000][7][gc,heap     ] GC(230) Humongous regions: 0->0
[2024-02-10T23:08:34.808+0000][7][gc,metaspace] GC(230) Metaspace: 129542K(133248K)->129542K(133248K) NonClass: 112565K(114496K)->112565K(114496K) Class: 16977K(18752K)->16977K(18752K)
[2024-02-10T23:08:34.808+0000][7][gc          ] GC(230) Pause Young (Normal) (G1 Evacuation Pause) 708M->99M(1024M) 2.750ms
[2024-02-10T23:08:34.808+0000][7][gc,cpu      ] GC(230) User=0.01s Sys=0.00s Real=0.00s
[2024-02-10T23:08:34.808+0000][7][safepoint   ] Safepoint "G1CollectForAllocation", Time since last: 55991198274 ns, Reaching safepoint: 118674 ns, At safepoint: 2842538 ns, Total: 2961212 ns
[2024-02-10T23:09:04.912+0000][7][safepoint   ] Safepoint "Cleanup", Time since last: 30103502728 ns, Reaching safepoint: 101561 ns, At safepoint: 2827 ns, Total: 104388 ns
[2024-02-10T23:09:05.912+0000][7][safepoint   ] Safepoint "Cleanup", Time since last: 1000207595 ns, Reaching safepoint: 70272 ns, At safepoint: 9669 ns, Total: 79941 ns
[2024-02-10T23:11:40.436+0000][7][gc,start    ] GC(231) Pause Young (Normal) (G1 Evacuation Pause)
[2024-02-10T23:11:40.436+0000][7][gc,task     ] GC(231) Using 8 workers of 8 for evacuation
[2024-02-10T23:11:40.436+0000][7][gc,age      ] GC(231) Desired survivor size 41943040 bytes, new threshold 15 (max threshold 15)
[2024-02-10T23:11:40.438+0000][7][gc,phases   ] GC(231)   Pre Evacuate Collection Set: 0.1ms
[2024-02-10T23:11:40.438+0000][7][gc,phases   ] GC(231)   Merge Heap Roots: 0.1ms
[2024-02-10T23:11:40.438+0000][7][gc,phases   ] GC(231)   Evacuate Collection Set: 1.3ms
[2024-02-10T23:11:40.438+0000][7][gc,phases   ] GC(231)   Post Evacuate Collection Set: 0.8ms
[2024-02-10T23:11:40.438+0000][7][gc,phases   ] GC(231)   Other: 0.1ms
[2024-02-10T23:11:40.438+0000][7][gc,age      ] GC(231) Age table with threshold 15 (max threshold 15)
[2024-02-10T23:11:40.438+0000][7][gc,age      ] GC(231) - age   1:    1830240 bytes,    1830240 total
[2024-02-10T23:11:40.438+0000][7][gc,age      ] GC(231) - age   2:      19400 bytes,    1849640 total
[2024-02-10T23:11:40.438+0000][7][gc,age      ] GC(231) - age   3:     148936 bytes,    1998576 total
[2024-02-10T23:11:40.438+0000][7][gc,age      ] GC(231) - age   4:        504 bytes,    1999080 total
[2024-02-10T23:11:40.438+0000][7][gc,age      ] GC(231) - age   5:       8232 bytes,    2007312 total
[2024-02-10T23:11:40.438+0000][7][gc,age      ] GC(231) - age   8:         64 bytes,    2007376 total
[2024-02-10T23:11:40.438+0000][7][gc,age      ] GC(231) - age  12:      20096 bytes,    2027472 total
[2024-02-10T23:11:40.438+0000][7][gc,age      ] GC(231) - age  13:       6616 bytes,    2034088 total
[2024-02-10T23:11:40.438+0000][7][gc,age      ] GC(231) - age  14:      75448 bytes,    2109536 total
[2024-02-10T23:11:40.438+0000][7][gc,age      ] GC(231) - age  15:     115328 bytes,    2224864 total
[2024-02-10T23:11:40.438+0000][7][gc,heap     ] GC(231) Eden regions: 152->0(152)
[2024-02-10T23:11:40.438+0000][7][gc,heap     ] GC(231) Survivor regions: 1->1(20)
[2024-02-10T23:11:40.438+0000][7][gc,heap     ] GC(231) Old regions: 24->24
[2024-02-10T23:11:40.438+0000][7][gc,heap     ] GC(231) Archive regions: 2->2
[2024-02-10T23:11:40.438+0000][7][gc,heap     ] GC(231) Humongous regions: 0->0
[2024-02-10T23:11:40.438+0000][7][gc,metaspace] GC(231) Metaspace: 129542K(133248K)->129542K(133248K) NonClass: 112565K(114496K)->112565K(114496K) Class: 16977K(18752K)->16977K(18752K)
[2024-02-10T23:11:40.438+0000][7][gc          ] GC(231) Pause Young (Normal) (G1 Evacuation Pause) 707M->100M(1024M) 2.589ms
[2024-02-10T23:11:40.438+0000][7][gc,cpu      ] GC(231) User=0.01s Sys=0.01s Real=0.00s
[2024-02-10T23:11:40.439+0000][7][safepoint   ] Safepoint "G1CollectForAllocation", Time since last: 154952178849 ns, Reaching safepoint: 46791 ns, At safepoint: 2671272 ns, Total: 2718063 ns
[2024-02-10T23:14:40.990+0000][7][gc,start    ] GC(232) Pause Young (Normal) (G1 Evacuation Pause)
[2024-02-10T23:14:40.990+0000][7][gc,task     ] GC(232) Using 8 workers of 8 for evacuation
[2024-02-10T23:14:40.990+0000][7][gc,age      ] GC(232) Desired survivor size 41943040 bytes, new threshold 15 (max threshold 15)
[2024-02-10T23:14:40.992+0000][7][gc,phases   ] GC(232)   Pre Evacuate Collection Set: 0.1ms
[2024-02-10T23:14:40.992+0000][7][gc,phases   ] GC(232)   Merge Heap Roots: 0.1ms
[2024-02-10T23:14:40.992+0000][7][gc,phases   ] GC(232)   Evacuate Collection Set: 1.0ms
[2024-02-10T23:14:40.992+0000][7][gc,phases   ] GC(232)   Post Evacuate Collection Set: 0.6ms
[2024-02-10T23:14:40.992+0000][7][gc,phases   ] GC(232)   Other: 0.1ms
[2024-02-10T23:14:40.992+0000][7][gc,age      ] GC(232) Age table with threshold 15 (max threshold 15)
[2024-02-10T23:14:40.992+0000][7][gc,age      ] GC(232) - age   1:    1522168 bytes,    1522168 total
[2024-02-10T23:14:40.992+0000][7][gc,age      ] GC(232) - age   2:       7096 bytes,    1529264 total
[2024-02-10T23:14:40.992+0000][7][gc,age      ] GC(232) - age   3:      10040 bytes,    1539304 total
[2024-02-10T23:14:40.992+0000][7][gc,age      ] GC(232) - age   4:     148552 bytes,    1687856 total
[2024-02-10T23:14:40.992+0000][7][gc,age      ] GC(232) - age   5:        208 bytes,    1688064 total
[2024-02-10T23:14:40.992+0000][7][gc,age      ] GC(232) - age   6:       8232 bytes,    1696296 total
[2024-02-10T23:14:40.992+0000][7][gc,age      ] GC(232) - age   9:         64 bytes,    1696360 total
[2024-02-10T23:14:40.992+0000][7][gc,age      ] GC(232) - age  13:      20096 bytes,    1716456 total
[2024-02-10T23:14:40.992+0000][7][gc,age      ] GC(232) - age  14:       6616 bytes,    1723072 total
[2024-02-10T23:14:40.992+0000][7][gc,age      ] GC(232) - age  15:      75448 bytes,    1798520 total
[2024-02-10T23:14:40.992+0000][7][gc,heap     ] GC(232) Eden regions: 152->0(152)
[2024-02-10T23:14:40.992+0000][7][gc,heap     ] GC(232) Survivor regions: 1->1(20)
[2024-02-10T23:14:40.992+0000][7][gc,heap     ] GC(232) Old regions: 24->24
[2024-02-10T23:14:40.992+0000][7][gc,heap     ] GC(232) Archive regions: 2->2
[2024-02-10T23:14:40.992+0000][7][gc,heap     ] GC(232) Humongous regions: 0->0
[2024-02-10T23:14:40.992+0000][7][gc,metaspace] GC(232) Metaspace: 129542K(133248K)->129542K(133248K) NonClass: 112565K(114496K)->112565K(114496K) Class: 16977K(18752K)->16977K(18752K)
[2024-02-10T23:14:40.992+0000][7][gc          ] GC(232) Pause Young (Normal) (G1 Evacuation Pause) 708M->100M(1024M) 2.120ms
[2024-02-10T23:14:40.992+0000][7][gc,cpu      ] GC(232) User=0.01s Sys=0.00s Real=0.00s
[2024-02-10T23:14:40.992+0000][7][safepoint   ] Safepoint "G1CollectForAllocation", Time since last: 179954619907 ns, Reaching safepoint: 42763 ns, At safepoint: 2201420 ns, Total: 2244183 ns
[2024-02-10T23:15:38.999+0000][7][safepoint   ] Safepoint "Cleanup", Time since last: 58006256523 ns, Reaching safepoint: 65683 ns, At safepoint: 35442 ns, Total: 101125 ns
[2024-02-10T23:17:30.009+0000][7][safepoint   ] Safepoint "Cleanup", Time since last: 111009810467 ns, Reaching safepoint: 78322 ns, At safepoint: 5860 ns, Total: 84182 ns
[2024-02-10T23:17:47.069+0000][7][gc,start    ] GC(233) Pause Young (Normal) (G1 Evacuation Pause)
[2024-02-10T23:17:47.069+0000][7][gc,task     ] GC(233) Using 8 workers of 8 for evacuation
[2024-02-10T23:17:47.069+0000][7][gc,age      ] GC(233) Desired survivor size 41943040 bytes, new threshold 15 (max threshold 15)
[2024-02-10T23:17:47.071+0000][7][gc,phases   ] GC(233)   Pre Evacuate Collection Set: 0.1ms
[2024-02-10T23:17:47.071+0000][7][gc,phases   ] GC(233)   Merge Heap Roots: 0.1ms
[2024-02-10T23:17:47.071+0000][7][gc,phases   ] GC(233)   Evacuate Collection Set: 1.2ms
[2024-02-10T23:17:47.071+0000][7][gc,phases   ] GC(233)   Post Evacuate Collection Set: 0.8ms
[2024-02-10T23:17:47.071+0000][7][gc,phases   ] GC(233)   Other: 0.1ms
[2024-02-10T23:17:47.071+0000][7][gc,age      ] GC(233) Age table with threshold 15 (max threshold 15)
[2024-02-10T23:17:47.071+0000][7][gc,age      ] GC(233) - age   1:     980264 bytes,     980264 total
[2024-02-10T23:17:47.071+0000][7][gc,age      ] GC(233) - age   2:       1752 bytes,     982016 total
[2024-02-10T23:17:47.071+0000][7][gc,age      ] GC(233) - age   3:       3520 bytes,     985536 total
[2024-02-10T23:17:47.071+0000][7][gc,age      ] GC(233) - age   4:       9192 bytes,     994728 total
[2024-02-10T23:17:47.071+0000][7][gc,age      ] GC(233) - age   5:     148552 bytes,    1143280 total
[2024-02-10T23:17:47.071+0000][7][gc,age      ] GC(233) - age   6:        208 bytes,    1143488 total
[2024-02-10T23:17:47.071+0000][7][gc,age      ] GC(233) - age   7:       8200 bytes,    1151688 total
[2024-02-10T23:17:47.071+0000][7][gc,age      ] GC(233) - age  10:         64 bytes,    1151752 total
[2024-02-10T23:17:47.071+0000][7][gc,age      ] GC(233) - age  14:      20096 bytes,    1171848 total
[2024-02-10T23:17:47.071+0000][7][gc,age      ] GC(233) - age  15:       6616 bytes,    1178464 total
[2024-02-10T23:17:47.071+0000][7][gc,heap     ] GC(233) Eden regions: 152->0(152)
[2024-02-10T23:17:47.071+0000][7][gc,heap     ] GC(233) Survivor regions: 1->1(20)
[2024-02-10T23:17:47.071+0000][7][gc,heap     ] GC(233) Old regions: 24->24
[2024-02-10T23:17:47.071+0000][7][gc,heap     ] GC(233) Archive regions: 2->2
[2024-02-10T23:17:47.071+0000][7][gc,heap     ] GC(233) Humongous regions: 0->0
[2024-02-10T23:17:47.071+0000][7][gc,metaspace] GC(233) Metaspace: 129544K(133248K)->129544K(133248K) NonClass: 112566K(114496K)->112566K(114496K) Class: 16977K(18752K)->16977K(18752K)
[2024-02-10T23:17:47.072+0000][7][gc          ] GC(233) Pause Young (Normal) (G1 Evacuation Pause) 708M->99M(1024M) 2.655ms
[2024-02-10T23:17:47.072+0000][7][gc,cpu      ] GC(233) User=0.01s Sys=0.00s Real=0.00s
[2024-02-10T23:17:47.072+0000][7][safepoint   ] Safepoint "G1CollectForAllocation", Time since last: 17059969145 ns, Reaching safepoint: 83595 ns, At safepoint: 2782066 ns, Total: 2865661 ns
[2024-02-10T23:21:05.021+0000][7][gc,start    ] GC(234) Pause Young (Normal) (G1 Evacuation Pause)
[2024-02-10T23:21:05.021+0000][7][gc,task     ] GC(234) Using 8 workers of 8 for evacuation
[2024-02-10T23:21:05.021+0000][7][gc,age      ] GC(234) Desired survivor size 41943040 bytes, new threshold 15 (max threshold 15)
[2024-02-10T23:21:05.024+0000][7][gc,phases   ] GC(234)   Pre Evacuate Collection Set: 0.1ms
[2024-02-10T23:21:05.024+0000][7][gc,phases   ] GC(234)   Merge Heap Roots: 0.1ms
[2024-02-10T23:21:05.024+0000][7][gc,phases   ] GC(234)   Evacuate Collection Set: 1.4ms
[2024-02-10T23:21:05.024+0000][7][gc,phases   ] GC(234)   Post Evacuate Collection Set: 0.7ms
[2024-02-10T23:21:05.024+0000][7][gc,phases   ] GC(234)   Other: 0.1ms
[2024-02-10T23:21:05.024+0000][7][gc,age      ] GC(234) Age table with threshold 15 (max threshold 15)
[2024-02-10T23:21:05.024+0000][7][gc,age      ] GC(234) - age   1:    1767856 bytes,    1767856 total
[2024-02-10T23:21:05.024+0000][7][gc,age      ] GC(234) - age   2:      11792 bytes,    1779648 total
[2024-02-10T23:21:05.024+0000][7][gc,age      ] GC(234) - age   3:        376 bytes,    1780024 total
[2024-02-10T23:21:05.024+0000][7][gc,age      ] GC(234) - age   4:       3456 bytes,    1783480 total
[2024-02-10T23:21:05.024+0000][7][gc,age      ] GC(234) - age   5:       9192 bytes,    1792672 total
[2024-02-10T23:21:05.024+0000][7][gc,age      ] GC(234) - age   6:     148552 bytes,    1941224 total
[2024-02-10T23:21:05.024+0000][7][gc,age      ] GC(234) - age   7:        208 bytes,    1941432 total
[2024-02-10T23:21:05.024+0000][7][gc,age      ] GC(234) - age   8:       8016 bytes,    1949448 total
[2024-02-10T23:21:05.024+0000][7][gc,age      ] GC(234) - age  11:         64 bytes,    1949512 total
[2024-02-10T23:21:05.024+0000][7][gc,age      ] GC(234) - age  15:      20096 bytes,    1969608 total
[2024-02-10T23:21:05.024+0000][7][gc,heap     ] GC(234) Eden regions: 152->0(152)
[2024-02-10T23:21:05.024+0000][7][gc,heap     ] GC(234) Survivor regions: 1->1(20)
[2024-02-10T23:21:05.024+0000][7][gc,heap     ] GC(234) Old regions: 24->24
[2024-02-10T23:21:05.024+0000][7][gc,heap     ] GC(234) Archive regions: 2->2
[2024-02-10T23:21:05.024+0000][7][gc,heap     ] GC(234) Humongous regions: 0->0
[2024-02-10T23:21:05.024+0000][7][gc,metaspace] GC(234) Metaspace: 129544K(133248K)->129544K(133248K) NonClass: 112566K(114496K)->112566K(114496K) Class: 16977K(18752K)->16977K(18752K)
[2024-02-10T23:21:05.024+0000][7][gc          ] GC(234) Pause Young (Normal) (G1 Evacuation Pause) 707M->100M(1024M) 2.556ms
[2024-02-10T23:21:05.024+0000][7][gc,cpu      ] GC(234) User=0.01s Sys=0.00s Real=0.00s
[2024-02-10T23:21:05.024+0000][7][safepoint   ] Safepoint "G1CollectForAllocation", Time since last: 197949744150 ns, Reaching safepoint: 52496 ns, At safepoint: 2637858 ns, Total: 2690354 ns
[2024-02-10T23:24:11.718+0000][7][gc,start    ] GC(235) Pause Young (Normal) (G1 Evacuation Pause)
[2024-02-10T23:24:11.718+0000][7][gc,task     ] GC(235) Using 8 workers of 8 for evacuation
[2024-02-10T23:24:11.718+0000][7][gc,age      ] GC(235) Desired survivor size 41943040 bytes, new threshold 15 (max threshold 15)
[2024-02-10T23:24:11.720+0000][7][gc,phases   ] GC(235)   Pre Evacuate Collection Set: 0.1ms
[2024-02-10T23:24:11.720+0000][7][gc,phases   ] GC(235)   Merge Heap Roots: 0.1ms
[2024-02-10T23:24:11.720+0000][7][gc,phases   ] GC(235)   Evacuate Collection Set: 1.3ms
[2024-02-10T23:24:11.720+0000][7][gc,phases   ] GC(235)   Post Evacuate Collection Set: 0.7ms
[2024-02-10T23:24:11.720+0000][7][gc,phases   ] GC(235)   Other: 0.1ms
[2024-02-10T23:24:11.720+0000][7][gc,age      ] GC(235) Age table with threshold 15 (max threshold 15)
[2024-02-10T23:24:11.720+0000][7][gc,age      ] GC(235) - age   1:    1142248 bytes,    1142248 total
[2024-02-10T23:24:11.720+0000][7][gc,age      ] GC(235) - age   2:       2616 bytes,    1144864 total
[2024-02-10T23:24:11.720+0000][7][gc,age      ] GC(235) - age   3:       1176 bytes,    1146040 total
[2024-02-10T23:24:11.720+0000][7][gc,age      ] GC(235) - age   4:        248 bytes,    1146288 total
[2024-02-10T23:24:11.720+0000][7][gc,age      ] GC(235) - age   6:       8616 bytes,    1154904 total
[2024-02-10T23:24:11.720+0000][7][gc,age      ] GC(235) - age   7:     148552 bytes,    1303456 total
[2024-02-10T23:24:11.720+0000][7][gc,age      ] GC(235) - age   8:        208 bytes,    1303664 total
[2024-02-10T23:24:11.720+0000][7][gc,age      ] GC(235) - age   9:       8016 bytes,    1311680 total
[2024-02-10T23:24:11.720+0000][7][gc,age      ] GC(235) - age  12:         64 bytes,    1311744 total
[2024-02-10T23:24:11.720+0000][7][gc,heap     ] GC(235) Eden regions: 152->0(152)
[2024-02-10T23:24:11.720+0000][7][gc,heap     ] GC(235) Survivor regions: 1->1(20)
[2024-02-10T23:24:11.720+0000][7][gc,heap     ] GC(235) Old regions: 24->24
[2024-02-10T23:24:11.720+0000][7][gc,heap     ] GC(235) Archive regions: 2->2
[2024-02-10T23:24:11.720+0000][7][gc,heap     ] GC(235) Humongous regions: 0->0
[2024-02-10T23:24:11.720+0000][7][gc,metaspace] GC(235) Metaspace: 129544K(133248K)->129544K(133248K) NonClass: 112566K(114496K)->112566K(114496K) Class: 16977K(18752K)->16977K(18752K)
[2024-02-10T23:24:11.720+0000][7][gc          ] GC(235) Pause Young (Normal) (G1 Evacuation Pause) 708M->99M(1024M) 2.464ms
[2024-02-10T23:24:11.720+0000][7][gc,cpu      ] GC(235) User=0.01s Sys=0.00s Real=0.00s
[2024-02-10T23:24:11.720+0000][7][safepoint   ] Safepoint "G1CollectForAllocation", Time since last: 186005362499 ns, Reaching safepoint: 61679 ns, At safepoint: 2549131 ns, Total: 2610810 ns
[2024-02-10T23:25:37.728+0000][7][safepoint   ] Safepoint "Cleanup", Time since last: 86007059809 ns, Reaching safepoint: 70219 ns, At safepoint: 36789 ns, Total: 107008 ns
[2024-02-10T23:27:17.791+0000][7][gc,start    ] GC(236) Pause Young (Normal) (G1 Evacuation Pause)
[2024-02-10T23:27:17.791+0000][7][gc,task     ] GC(236) Using 8 workers of 8 for evacuation
[2024-02-10T23:27:17.791+0000][7][gc,age      ] GC(236) Desired survivor size 41943040 bytes, new threshold 15 (max threshold 15)
[2024-02-10T23:27:17.794+0000][7][gc,phases   ] GC(236)   Pre Evacuate Collection Set: 0.1ms
[2024-02-10T23:27:17.794+0000][7][gc,phases   ] GC(236)   Merge Heap Roots: 0.0ms
[2024-02-10T23:27:17.794+0000][7][gc,phases   ] GC(236)   Evacuate Collection Set: 1.1ms
[2024-02-10T23:27:17.794+0000][7][gc,phases   ] GC(236)   Post Evacuate Collection Set: 1.2ms
[2024-02-10T23:27:17.794+0000][7][gc,phases   ] GC(236)   Other: 0.1ms
[2024-02-10T23:27:17.794+0000][7][gc,age      ] GC(236) Age table with threshold 15 (max threshold 15)
[2024-02-10T23:27:17.794+0000][7][gc,age      ] GC(236) - age   1:    2320664 bytes,    2320664 total
[2024-02-10T23:27:17.794+0000][7][gc,age      ] GC(236) - age   2:     278448 bytes,    2599112 total
[2024-02-10T23:27:17.794+0000][7][gc,age      ] GC(236) - age   3:         64 bytes,    2599176 total
[2024-02-10T23:27:17.794+0000][7][gc,age      ] GC(236) - age   4:        952 bytes,    2600128 total
[2024-02-10T23:27:17.794+0000][7][gc,age      ] GC(236) - age   5:        184 bytes,    2600312 total
[2024-02-10T23:27:17.794+0000][7][gc,age      ] GC(236) - age   7:       8616 bytes,    2608928 total
[2024-02-10T23:27:17.794+0000][7][gc,age      ] GC(236) - age   8:     148552 bytes,    2757480 total
[2024-02-10T23:27:17.794+0000][7][gc,age      ] GC(236) - age   9:        208 bytes,    2757688 total
[2024-02-10T23:27:17.794+0000][7][gc,age      ] GC(236) - age  10:       8016 bytes,    2765704 total
[2024-02-10T23:27:17.794+0000][7][gc,age      ] GC(236) - age  13:         64 bytes,    2765768 total
[2024-02-10T23:27:17.794+0000][7][gc,heap     ] GC(236) Eden regions: 152->0(152)
[2024-02-10T23:27:17.794+0000][7][gc,heap     ] GC(236) Survivor regions: 1->1(20)
[2024-02-10T23:27:17.794+0000][7][gc,heap     ] GC(236) Old regions: 24->24
[2024-02-10T23:27:17.794+0000][7][gc,heap     ] GC(236) Archive regions: 2->2
[2024-02-10T23:27:17.794+0000][7][gc,heap     ] GC(236) Humongous regions: 0->0
[2024-02-10T23:27:17.794+0000][7][gc,metaspace] GC(236) Metaspace: 129544K(133248K)->129544K(133248K) NonClass: 112566K(114496K)->112566K(114496K) Class: 16977K(18752K)->16977K(18752K)
[2024-02-10T23:27:17.794+0000][7][gc          ] GC(236) Pause Young (Normal) (G1 Evacuation Pause) 707M->101M(1024M) 2.771ms
[2024-02-10T23:27:17.794+0000][7][gc,cpu      ] GC(236) User=0.01s Sys=0.00s Real=0.00s
[2024-02-10T23:27:17.794+0000][7][safepoint   ] Safepoint "G1CollectForAllocation", Time since last: 100063271343 ns, Reaching safepoint: 100423 ns, At safepoint: 2848661 ns, Total: 2949084 ns
[2024-02-10T23:29:48.806+0000][7][safepoint   ] Safepoint "Cleanup", Time since last: 151012029516 ns, Reaching safepoint: 48916 ns, At safepoint: 34856 ns, Total: 83772 ns
[2024-02-10T23:30:29.717+0000][7][gc,start    ] GC(237) Pause Young (Normal) (G1 Evacuation Pause)
[2024-02-10T23:30:29.717+0000][7][gc,task     ] GC(237) Using 8 workers of 8 for evacuation
[2024-02-10T23:30:29.717+0000][7][gc,age      ] GC(237) Desired survivor size 41943040 bytes, new threshold 15 (max threshold 15)
[2024-02-10T23:30:29.718+0000][7][gc,phases   ] GC(237)   Pre Evacuate Collection Set: 0.1ms
[2024-02-10T23:30:29.718+0000][7][gc,phases   ] GC(237)   Merge Heap Roots: 0.0ms
[2024-02-10T23:30:29.718+0000][7][gc,phases   ] GC(237)   Evacuate Collection Set: 0.9ms
[2024-02-10T23:30:29.718+0000][7][gc,phases   ] GC(237)   Post Evacuate Collection Set: 0.5ms
[2024-02-10T23:30:29.718+0000][7][gc,phases   ] GC(237)   Other: 0.1ms
[2024-02-10T23:30:29.718+0000][7][gc,age      ] GC(237) Age table with threshold 15 (max threshold 15)
[2024-02-10T23:30:29.718+0000][7][gc,age      ] GC(237) - age   1:    1229672 bytes,    1229672 total
[2024-02-10T23:30:29.718+0000][7][gc,age      ] GC(237) - age   2:      11008 bytes,    1240680 total
[2024-02-10T23:30:29.718+0000][7][gc,age      ] GC(237) - age   3:     109424 bytes,    1350104 total
[2024-02-10T23:30:29.718+0000][7][gc,age      ] GC(237) - age   5:        240 bytes,    1350344 total
[2024-02-10T23:30:29.718+0000][7][gc,age      ] GC(237) - age   6:        184 bytes,    1350528 total
[2024-02-10T23:30:29.718+0000][7][gc,age      ] GC(237) - age   8:       8200 bytes,    1358728 total
[2024-02-10T23:30:29.718+0000][7][gc,age      ] GC(237) - age   9:     148552 bytes,    1507280 total
[2024-02-10T23:30:29.718+0000][7][gc,age      ] GC(237) - age  10:        208 bytes,    1507488 total
[2024-02-10T23:30:29.718+0000][7][gc,age      ] GC(237) - age  11:       8016 bytes,    1515504 total
[2024-02-10T23:30:29.718+0000][7][gc,age      ] GC(237) - age  14:         64 bytes,    1515568 total
[2024-02-10T23:30:29.718+0000][7][gc,heap     ] GC(237) Eden regions: 152->0(152)
[2024-02-10T23:30:29.718+0000][7][gc,heap     ] GC(237) Survivor regions: 1->1(20)
[2024-02-10T23:30:29.718+0000][7][gc,heap     ] GC(237) Old regions: 24->24
[2024-02-10T23:30:29.718+0000][7][gc,heap     ] GC(237) Archive regions: 2->2
[2024-02-10T23:30:29.718+0000][7][gc,heap     ] GC(237) Humongous regions: 0->0
[2024-02-10T23:30:29.718+0000][7][gc,metaspace] GC(237) Metaspace: 129546K(133248K)->129546K(133248K) NonClass: 112569K(114496K)->112569K(114496K) Class: 16977K(18752K)->16977K(18752K)
[2024-02-10T23:30:29.718+0000][7][gc          ] GC(237) Pause Young (Normal) (G1 Evacuation Pause) 709M->99M(1024M) 1.718ms
[2024-02-10T23:30:29.719+0000][7][gc,cpu      ] GC(237) User=0.01s Sys=0.00s Real=0.00s
[2024-02-10T23:30:29.719+0000][7][safepoint   ] Safepoint "G1CollectForAllocation", Time since last: 40910841722 ns, Reaching safepoint: 34573 ns, At safepoint: 1781488 ns, Total: 1816061 ns
[2024-02-10T23:33:36.756+0000][7][gc,start    ] GC(238) Pause Young (Normal) (G1 Evacuation Pause)
[2024-02-10T23:33:36.756+0000][7][gc,task     ] GC(238) Using 8 workers of 8 for evacuation
[2024-02-10T23:33:36.756+0000][7][gc,age      ] GC(238) Desired survivor size 41943040 bytes, new threshold 15 (max threshold 15)
[2024-02-10T23:33:36.758+0000][7][gc,phases   ] GC(238)   Pre Evacuate Collection Set: 0.1ms
[2024-02-10T23:33:36.758+0000][7][gc,phases   ] GC(238)   Merge Heap Roots: 0.1ms
[2024-02-10T23:33:36.758+0000][7][gc,phases   ] GC(238)   Evacuate Collection Set: 1.3ms
[2024-02-10T23:33:36.758+0000][7][gc,phases   ] GC(238)   Post Evacuate Collection Set: 0.6ms
[2024-02-10T23:33:36.758+0000][7][gc,phases   ] GC(238)   Other: 0.1ms
[2024-02-10T23:33:36.758+0000][7][gc,age      ] GC(238) Age table with threshold 15 (max threshold 15)
[2024-02-10T23:33:36.758+0000][7][gc,age      ] GC(238) - age   1:    1866488 bytes,    1866488 total
[2024-02-10T23:33:36.758+0000][7][gc,age      ] GC(238) - age   2:     205040 bytes,    2071528 total
[2024-02-10T23:33:36.758+0000][7][gc,age      ] GC(238) - age   3:       8704 bytes,    2080232 total
[2024-02-10T23:33:36.758+0000][7][gc,age      ] GC(238) - age   4:     105776 bytes,    2186008 total
[2024-02-10T23:33:36.758+0000][7][gc,age      ] GC(238) - age   6:         56 bytes,    2186064 total
[2024-02-10T23:33:36.758+0000][7][gc,age      ] GC(238) - age   7:        184 bytes,    2186248 total
[2024-02-10T23:33:36.758+0000][7][gc,age      ] GC(238) - age   9:       8200 bytes,    2194448 total
[2024-02-10T23:33:36.758+0000][7][gc,age      ] GC(238) - age  10:     148552 bytes,    2343000 total
[2024-02-10T23:33:36.758+0000][7][gc,age      ] GC(238) - age  11:        208 bytes,    2343208 total
[2024-02-10T23:33:36.758+0000][7][gc,age      ] GC(238) - age  12:       8016 bytes,    2351224 total
[2024-02-10T23:33:36.758+0000][7][gc,age      ] GC(238) - age  15:         64 bytes,    2351288 total
[2024-02-10T23:33:36.758+0000][7][gc,heap     ] GC(238) Eden regions: 152->0(152)
[2024-02-10T23:33:36.758+0000][7][gc,heap     ] GC(238) Survivor regions: 1->1(20)
[2024-02-10T23:33:36.758+0000][7][gc,heap     ] GC(238) Old regions: 24->24
[2024-02-10T23:33:36.758+0000][7][gc,heap     ] GC(238) Archive regions: 2->2
[2024-02-10T23:33:36.758+0000][7][gc,heap     ] GC(238) Humongous regions: 0->0
[2024-02-10T23:33:36.758+0000][7][gc,metaspace] GC(238) Metaspace: 129546K(133248K)->129546K(133248K) NonClass: 112569K(114496K)->112569K(114496K) Class: 16977K(18752K)->16977K(18752K)
[2024-02-10T23:33:36.758+0000][7][gc          ] GC(238) Pause Young (Normal) (G1 Evacuation Pause) 707M->100M(1024M) 2.441ms
[2024-02-10T23:33:36.758+0000][7][gc,cpu      ] GC(238) User=0.01s Sys=0.00s Real=0.00s
[2024-02-10T23:33:36.758+0000][7][safepoint   ] Safepoint "G1CollectForAllocation", Time since last: 187037182348 ns, Reaching safepoint: 44223 ns, At safepoint: 2519075 ns, Total: 2563298 ns
[2024-02-10T23:34:31.763+0000][7][safepoint   ] Safepoint "Cleanup", Time since last: 55004960022 ns, Reaching safepoint: 60094 ns, At safepoint: 55837 ns, Total: 115931 ns
[2024-02-10T23:36:47.726+0000][7][gc,start    ] GC(239) Pause Young (Normal) (G1 Evacuation Pause)
[2024-02-10T23:36:47.726+0000][7][gc,task     ] GC(239) Using 8 workers of 8 for evacuation
[2024-02-10T23:36:47.726+0000][7][gc,age      ] GC(239) Desired survivor size 41943040 bytes, new threshold 15 (max threshold 15)
[2024-02-10T23:36:47.728+0000][7][gc,phases   ] GC(239)   Pre Evacuate Collection Set: 0.1ms
[2024-02-10T23:36:47.728+0000][7][gc,phases   ] GC(239)   Merge Heap Roots: 0.1ms
[2024-02-10T23:36:47.728+0000][7][gc,phases   ] GC(239)   Evacuate Collection Set: 1.4ms
[2024-02-10T23:36:47.728+0000][7][gc,phases   ] GC(239)   Post Evacuate Collection Set: 0.9ms
[2024-02-10T23:36:47.728+0000][7][gc,phases   ] GC(239)   Other: 0.1ms
[2024-02-10T23:36:47.728+0000][7][gc,age      ] GC(239) Age table with threshold 15 (max threshold 15)
[2024-02-10T23:36:47.728+0000][7][gc,age      ] GC(239) - age   1:    1189840 bytes,    1189840 total
[2024-02-10T23:36:47.728+0000][7][gc,age      ] GC(239) - age   2:      34488 bytes,    1224328 total
[2024-02-10T23:36:47.728+0000][7][gc,age      ] GC(239) - age   3:     202744 bytes,    1427072 total
[2024-02-10T23:36:47.728+0000][7][gc,age      ] GC(239) - age   4:       8704 bytes,    1435776 total
[2024-02-10T23:36:47.728+0000][7][gc,age      ] GC(239) - age   5:     105256 bytes,    1541032 total
[2024-02-10T23:36:47.728+0000][7][gc,age      ] GC(239) - age   7:         56 bytes,    1541088 total
[2024-02-10T23:36:47.728+0000][7][gc,age      ] GC(239) - age   8:        184 bytes,    1541272 total
[2024-02-10T23:36:47.728+0000][7][gc,age      ] GC(239) - age  10:        184 bytes,    1541456 total
[2024-02-10T23:36:47.728+0000][7][gc,age      ] GC(239) - age  11:     140536 bytes,    1681992 total
[2024-02-10T23:36:47.728+0000][7][gc,age      ] GC(239) - age  12:        208 bytes,    1682200 total
[2024-02-10T23:36:47.728+0000][7][gc,age      ] GC(239) - age  13:       8016 bytes,    1690216 total
[2024-02-10T23:36:47.728+0000][7][gc,heap     ] GC(239) Eden regions: 152->0(152)
[2024-02-10T23:36:47.728+0000][7][gc,heap     ] GC(239) Survivor regions: 1->1(20)
[2024-02-10T23:36:47.728+0000][7][gc,heap     ] GC(239) Old regions: 24->24
[2024-02-10T23:36:47.728+0000][7][gc,heap     ] GC(239) Archive regions: 2->2
[2024-02-10T23:36:47.728+0000][7][gc,heap     ] GC(239) Humongous regions: 0->0
[2024-02-10T23:36:47.728+0000][7][gc,metaspace] GC(239) Metaspace: 129546K(133248K)->129546K(133248K) NonClass: 112569K(114496K)->112569K(114496K) Class: 16977K(18752K)->16977K(18752K)
[2024-02-10T23:36:47.728+0000][7][gc          ] GC(239) Pause Young (Normal) (G1 Evacuation Pause) 708M->100M(1024M) 2.842ms
[2024-02-10T23:36:47.728+0000][7][gc,cpu      ] GC(239) User=0.02s Sys=0.00s Real=0.01s
[2024-02-10T23:36:47.729+0000][7][safepoint   ] Safepoint "G1CollectForAllocation", Time since last: 135962178940 ns, Reaching safepoint: 55748 ns, At safepoint: 2932481 ns, Total: 2988229 ns
[2024-02-10T23:37:29.733+0000][7][safepoint   ] Safepoint "Cleanup", Time since last: 42004343677 ns, Reaching safepoint: 109562 ns, At safepoint: 7734 ns, Total: 117296 ns
[2024-02-10T23:39:29.729+0000][7][gc,start    ] GC(240) Pause Young (Normal) (G1 Evacuation Pause)
[2024-02-10T23:39:29.729+0000][7][gc,task     ] GC(240) Using 8 workers of 8 for evacuation
[2024-02-10T23:39:29.729+0000][7][gc,age      ] GC(240) Desired survivor size 41943040 bytes, new threshold 15 (max threshold 15)
[2024-02-10T23:39:29.731+0000][7][gc,phases   ] GC(240)   Pre Evacuate Collection Set: 0.1ms
[2024-02-10T23:39:29.731+0000][7][gc,phases   ] GC(240)   Merge Heap Roots: 0.1ms
[2024-02-10T23:39:29.731+0000][7][gc,phases   ] GC(240)   Evacuate Collection Set: 1.2ms
[2024-02-10T23:39:29.731+0000][7][gc,phases   ] GC(240)   Post Evacuate Collection Set: 0.7ms
[2024-02-10T23:39:29.731+0000][7][gc,phases   ] GC(240)   Other: 0.1ms
[2024-02-10T23:39:29.731+0000][7][gc,age      ] GC(240) Age table with threshold 15 (max threshold 15)
[2024-02-10T23:39:29.731+0000][7][gc,age      ] GC(240) - age   1:    1041120 bytes,    1041120 total
[2024-02-10T23:39:29.731+0000][7][gc,age      ] GC(240) - age   2:      12880 bytes,    1054000 total
[2024-02-10T23:39:29.731+0000][7][gc,age      ] GC(240) - age   3:      23912 bytes,    1077912 total
[2024-02-10T23:39:29.731+0000][7][gc,age      ] GC(240) - age   4:     202056 bytes,    1279968 total
[2024-02-10T23:39:29.731+0000][7][gc,age      ] GC(240) - age   5:       8408 bytes,    1288376 total
[2024-02-10T23:39:29.731+0000][7][gc,age      ] GC(240) - age   6:     105256 bytes,    1393632 total
[2024-02-10T23:39:29.731+0000][7][gc,age      ] GC(240) - age   8:         24 bytes,    1393656 total
[2024-02-10T23:39:29.731+0000][7][gc,age      ] GC(240) - age   9:        184 bytes,    1393840 total
[2024-02-10T23:39:29.731+0000][7][gc,age      ] GC(240) - age  11:        184 bytes,    1394024 total
[2024-02-10T23:39:29.731+0000][7][gc,age      ] GC(240) - age  12:     140536 bytes,    1534560 total
[2024-02-10T23:39:29.731+0000][7][gc,age      ] GC(240) - age  13:        208 bytes,    1534768 total
[2024-02-10T23:39:29.731+0000][7][gc,age      ] GC(240) - age  14:       8016 bytes,    1542784 total
[2024-02-10T23:39:29.731+0000][7][gc,heap     ] GC(240) Eden regions: 152->0(152)
[2024-02-10T23:39:29.731+0000][7][gc,heap     ] GC(240) Survivor regions: 1->1(20)
[2024-02-10T23:39:29.731+0000][7][gc,heap     ] GC(240) Old regions: 24->24
[2024-02-10T23:39:29.731+0000][7][gc,heap     ] GC(240) Archive regions: 2->2
[2024-02-10T23:39:29.731+0000][7][gc,heap     ] GC(240) Humongous regions: 0->0
[2024-02-10T23:39:29.731+0000][7][gc,metaspace] GC(240) Metaspace: 129549K(133248K)->129549K(133248K) NonClass: 112572K(114496K)->112572K(114496K) Class: 16977K(18752K)->16977K(18752K)
[2024-02-10T23:39:29.731+0000][7][gc          ] GC(240) Pause Young (Normal) (G1 Evacuation Pause) 708M->99M(1024M) 2.464ms
[2024-02-10T23:39:29.732+0000][7][gc,cpu      ] GC(240) User=0.01s Sys=0.00s Real=0.00s
[2024-02-10T23:39:29.732+0000][7][safepoint   ] Safepoint "G1CollectForAllocation", Time since last: 119995970181 ns, Reaching safepoint: 56855 ns, At safepoint: 2561616 ns, Total: 2618471 ns
[2024-02-10T23:41:39.748+0000][7][safepoint   ] Safepoint "Cleanup", Time since last: 130016138601 ns, Reaching safepoint: 82569 ns, At safepoint: 11380 ns, Total: 93949 ns
[2024-02-10T23:42:29.875+0000][7][gc,start    ] GC(241) Pause Young (Normal) (G1 Evacuation Pause)
[2024-02-10T23:42:29.875+0000][7][gc,task     ] GC(241) Using 8 workers of 8 for evacuation
[2024-02-10T23:42:29.875+0000][7][gc,age      ] GC(241) Desired survivor size 41943040 bytes, new threshold 15 (max threshold 15)
[2024-02-10T23:42:29.877+0000][7][gc,phases   ] GC(241)   Pre Evacuate Collection Set: 0.1ms
[2024-02-10T23:42:29.877+0000][7][gc,phases   ] GC(241)   Merge Heap Roots: 0.0ms
[2024-02-10T23:42:29.877+0000][7][gc,phases   ] GC(241)   Evacuate Collection Set: 1.1ms
[2024-02-10T23:42:29.877+0000][7][gc,phases   ] GC(241)   Post Evacuate Collection Set: 0.5ms
[2024-02-10T23:42:29.877+0000][7][gc,phases   ] GC(241)   Other: 0.1ms
[2024-02-10T23:42:29.877+0000][7][gc,age      ] GC(241) Age table with threshold 15 (max threshold 15)
[2024-02-10T23:42:29.877+0000][7][gc,age      ] GC(241) - age   1:    2086408 bytes,    2086408 total
[2024-02-10T23:42:29.877+0000][7][gc,age      ] GC(241) - age   2:      11928 bytes,    2098336 total
[2024-02-10T23:42:29.877+0000][7][gc,age      ] GC(241) - age   3:       8832 bytes,    2107168 total
[2024-02-10T23:42:29.877+0000][7][gc,age      ] GC(241) - age   4:      20264 bytes,    2127432 total
[2024-02-10T23:42:29.877+0000][7][gc,age      ] GC(241) - age   5:     202056 bytes,    2329488 total
[2024-02-10T23:42:29.877+0000][7][gc,age      ] GC(241) - age   6:       8376 bytes,    2337864 total
[2024-02-10T23:42:29.877+0000][7][gc,age      ] GC(241) - age   7:     105072 bytes,    2442936 total
[2024-02-10T23:42:29.877+0000][7][gc,age      ] GC(241) - age   9:         24 bytes,    2442960 total
[2024-02-10T23:42:29.877+0000][7][gc,age      ] GC(241) - age  12:        184 bytes,    2443144 total
[2024-02-10T23:42:29.877+0000][7][gc,age      ] GC(241) - age  13:     140536 bytes,    2583680 total
[2024-02-10T23:42:29.877+0000][7][gc,age      ] GC(241) - age  14:        208 bytes,    2583888 total
[2024-02-10T23:42:29.877+0000][7][gc,age      ] GC(241) - age  15:       8016 bytes,    2591904 total
[2024-02-10T23:42:29.877+0000][7][gc,heap     ] GC(241) Eden regions: 152->0(152)
[2024-02-10T23:42:29.877+0000][7][gc,heap     ] GC(241) Survivor regions: 1->1(20)
[2024-02-10T23:42:29.877+0000][7][gc,heap     ] GC(241) Old regions: 24->24
[2024-02-10T23:42:29.877+0000][7][gc,heap     ] GC(241) Archive regions: 2->2
[2024-02-10T23:42:29.877+0000][7][gc,heap     ] GC(241) Humongous regions: 0->0
[2024-02-10T23:42:29.877+0000][7][gc,metaspace] GC(241) Metaspace: 129549K(133248K)->129549K(133248K) NonClass: 112572K(114496K)->112572K(114496K) Class: 16977K(18752K)->16977K(18752K)
[2024-02-10T23:42:29.877+0000][7][gc          ] GC(241) Pause Young (Normal) (G1 Evacuation Pause) 707M->100M(1024M) 2.007ms
[2024-02-10T23:42:29.877+0000][7][gc,cpu      ] GC(241) User=0.01s Sys=0.00s Real=0.00s
[2024-02-10T23:42:29.877+0000][7][safepoint   ] Safepoint "G1CollectForAllocation", Time since last: 50127519920 ns, Reaching safepoint: 34893 ns, At safepoint: 2077126 ns, Total: 2112019 ns
[2024-02-10T23:45:47.746+0000][7][gc,start    ] GC(242) Pause Young (Normal) (G1 Evacuation Pause)
[2024-02-10T23:45:47.746+0000][7][gc,task     ] GC(242) Using 8 workers of 8 for evacuation
[2024-02-10T23:45:47.746+0000][7][gc,age      ] GC(242) Desired survivor size 41943040 bytes, new threshold 15 (max threshold 15)
[2024-02-10T23:45:47.748+0000][7][gc,phases   ] GC(242)   Pre Evacuate Collection Set: 0.1ms
[2024-02-10T23:45:47.748+0000][7][gc,phases   ] GC(242)   Merge Heap Roots: 0.0ms
[2024-02-10T23:45:47.748+0000][7][gc,phases   ] GC(242)   Evacuate Collection Set: 0.8ms
[2024-02-10T23:45:47.748+0000][7][gc,phases   ] GC(242)   Post Evacuate Collection Set: 0.5ms
[2024-02-10T23:45:47.748+0000][7][gc,phases   ] GC(242)   Other: 0.1ms
[2024-02-10T23:45:47.748+0000][7][gc,age      ] GC(242) Age table with threshold 15 (max threshold 15)
[2024-02-10T23:45:47.748+0000][7][gc,age      ] GC(242) - age   1:    1017160 bytes,    1017160 total
[2024-02-10T23:45:47.748+0000][7][gc,age      ] GC(242) - age   2:       6912 bytes,    1024072 total
[2024-02-10T23:45:47.748+0000][7][gc,age      ] GC(242) - age   3:       9040 bytes,    1033112 total
[2024-02-10T23:45:47.748+0000][7][gc,age      ] GC(242) - age   4:        408 bytes,    1033520 total
[2024-02-10T23:45:47.748+0000][7][gc,age      ] GC(242) - age   5:      20264 bytes,    1053784 total
[2024-02-10T23:45:47.748+0000][7][gc,age      ] GC(242) - age   6:     201872 bytes,    1255656 total
[2024-02-10T23:45:47.748+0000][7][gc,age      ] GC(242) - age   7:       8376 bytes,    1264032 total
[2024-02-10T23:45:47.748+0000][7][gc,age      ] GC(242) - age   8:     105072 bytes,    1369104 total
[2024-02-10T23:45:47.748+0000][7][gc,age      ] GC(242) - age  10:         24 bytes,    1369128 total
[2024-02-10T23:45:47.748+0000][7][gc,age      ] GC(242) - age  13:        184 bytes,    1369312 total
[2024-02-10T23:45:47.748+0000][7][gc,age      ] GC(242) - age  14:     140536 bytes,    1509848 total
[2024-02-10T23:45:47.748+0000][7][gc,age      ] GC(242) - age  15:         24 bytes,    1509872 total
[2024-02-10T23:45:47.748+0000][7][gc,heap     ] GC(242) Eden regions: 152->0(152)
[2024-02-10T23:45:47.748+0000][7][gc,heap     ] GC(242) Survivor regions: 1->1(20)
[2024-02-10T23:45:47.748+0000][7][gc,heap     ] GC(242) Old regions: 24->24
[2024-02-10T23:45:47.748+0000][7][gc,heap     ] GC(242) Archive regions: 2->2
[2024-02-10T23:45:47.748+0000][7][gc,heap     ] GC(242) Humongous regions: 0->0
[2024-02-10T23:45:47.748+0000][7][gc,metaspace] GC(242) Metaspace: 129549K(133248K)->129549K(133248K) NonClass: 112572K(114496K)->112572K(114496K) Class: 16977K(18752K)->16977K(18752K)
[2024-02-10T23:45:47.748+0000][7][gc          ] GC(242) Pause Young (Normal) (G1 Evacuation Pause) 708M->99M(1024M) 1.685ms
[2024-02-10T23:45:47.748+0000][7][gc,cpu      ] GC(242) User=0.00s Sys=0.00s Real=0.01s
[2024-02-10T23:45:47.748+0000][7][safepoint   ] Safepoint "G1CollectForAllocation", Time since last: 197868741252 ns, Reaching safepoint: 32673 ns, At safepoint: 1748588 ns, Total: 1781261 ns
[2024-02-10T23:48:54.750+0000][7][gc,start    ] GC(243) Pause Young (Normal) (G1 Evacuation Pause)
[2024-02-10T23:48:54.750+0000][7][gc,task     ] GC(243) Using 8 workers of 8 for evacuation
[2024-02-10T23:48:54.750+0000][7][gc,age      ] GC(243) Desired survivor size 41943040 bytes, new threshold 15 (max threshold 15)
[2024-02-10T23:48:54.753+0000][7][gc,phases   ] GC(243)   Pre Evacuate Collection Set: 0.1ms
[2024-02-10T23:48:54.753+0000][7][gc,phases   ] GC(243)   Merge Heap Roots: 0.1ms
[2024-02-10T23:48:54.753+0000][7][gc,phases   ] GC(243)   Evacuate Collection Set: 1.3ms
[2024-02-10T23:48:54.753+0000][7][gc,phases   ] GC(243)   Post Evacuate Collection Set: 0.8ms
[2024-02-10T23:48:54.753+0000][7][gc,phases   ] GC(243)   Other: 0.1ms
[2024-02-10T23:48:54.753+0000][7][gc,age      ] GC(243) Age table with threshold 15 (max threshold 15)
[2024-02-10T23:48:54.753+0000][7][gc,age      ] GC(243) - age   1:    1894856 bytes,    1894856 total
[2024-02-10T23:48:54.753+0000][7][gc,age      ] GC(243) - age   2:       9976 bytes,    1904832 total
[2024-02-10T23:48:54.753+0000][7][gc,age      ] GC(243) - age   3:       3984 bytes,    1908816 total
[2024-02-10T23:48:54.753+0000][7][gc,age      ] GC(243) - age   4:       8328 bytes,    1917144 total
[2024-02-10T23:48:54.753+0000][7][gc,age      ] GC(243) - age   5:        408 bytes,    1917552 total
[2024-02-10T23:48:54.753+0000][7][gc,age      ] GC(243) - age   6:      20264 bytes,    1937816 total
[2024-02-10T23:48:54.753+0000][7][gc,age      ] GC(243) - age   7:     201456 bytes,    2139272 total
[2024-02-10T23:48:54.753+0000][7][gc,age      ] GC(243) - age   8:        360 bytes,    2139632 total
[2024-02-10T23:48:54.753+0000][7][gc,age      ] GC(243) - age   9:     105072 bytes,    2244704 total
[2024-02-10T23:48:54.753+0000][7][gc,age      ] GC(243) - age  11:         24 bytes,    2244728 total
[2024-02-10T23:48:54.753+0000][7][gc,age      ] GC(243) - age  14:        184 bytes,    2244912 total
[2024-02-10T23:48:54.753+0000][7][gc,age      ] GC(243) - age  15:     140536 bytes,    2385448 total
[2024-02-10T23:48:54.753+0000][7][gc,heap     ] GC(243) Eden regions: 152->0(152)
[2024-02-10T23:48:54.753+0000][7][gc,heap     ] GC(243) Survivor regions: 1->1(20)
[2024-02-10T23:48:54.753+0000][7][gc,heap     ] GC(243) Old regions: 24->24
[2024-02-10T23:48:54.753+0000][7][gc,heap     ] GC(243) Archive regions: 2->2
[2024-02-10T23:48:54.753+0000][7][gc,heap     ] GC(243) Humongous regions: 0->0
[2024-02-10T23:48:54.753+0000][7][gc,metaspace] GC(243) Metaspace: 129549K(133248K)->129549K(133248K) NonClass: 112572K(114496K)->112572K(114496K) Class: 16977K(18752K)->16977K(18752K)
[2024-02-10T23:48:54.753+0000][7][gc          ] GC(243) Pause Young (Normal) (G1 Evacuation Pause) 707M->100M(1024M) 2.633ms
[2024-02-10T23:48:54.753+0000][7][gc,cpu      ] GC(243) User=0.02s Sys=0.00s Real=0.00s
[2024-02-10T23:48:54.753+0000][7][safepoint   ] Safepoint "G1CollectForAllocation", Time since last: 187002126947 ns, Reaching safepoint: 35260 ns, At safepoint: 2722134 ns, Total: 2757394 ns
[2024-02-10T23:51:18.770+0000][7][safepoint   ] Safepoint "Cleanup", Time since last: 144017484346 ns, Reaching safepoint: 80522 ns, At safepoint: 40898 ns, Total: 121420 ns
[2024-02-10T23:51:59.860+0000][7][gc,start    ] GC(244) Pause Young (Normal) (G1 Evacuation Pause)
[2024-02-10T23:51:59.860+0000][7][gc,task     ] GC(244) Using 8 workers of 8 for evacuation
[2024-02-10T23:51:59.860+0000][7][gc,age      ] GC(244) Desired survivor size 41943040 bytes, new threshold 15 (max threshold 15)
[2024-02-10T23:51:59.862+0000][7][gc,phases   ] GC(244)   Pre Evacuate Collection Set: 0.1ms
[2024-02-10T23:51:59.862+0000][7][gc,phases   ] GC(244)   Merge Heap Roots: 0.1ms
[2024-02-10T23:51:59.862+0000][7][gc,phases   ] GC(244)   Evacuate Collection Set: 1.2ms
[2024-02-10T23:51:59.862+0000][7][gc,phases   ] GC(244)   Post Evacuate Collection Set: 0.8ms
[2024-02-10T23:51:59.862+0000][7][gc,phases   ] GC(244)   Other: 0.1ms
[2024-02-10T23:51:59.862+0000][7][gc,age      ] GC(244) Age table with threshold 15 (max threshold 15)
[2024-02-10T23:51:59.862+0000][7][gc,age      ] GC(244) - age   1:     973312 bytes,     973312 total
[2024-02-10T23:51:59.862+0000][7][gc,age      ] GC(244) - age   2:      11512 bytes,     984824 total
[2024-02-10T23:51:59.862+0000][7][gc,age      ] GC(244) - age   3:       8752 bytes,     993576 total
[2024-02-10T23:51:59.862+0000][7][gc,age      ] GC(244) - age   4:        248 bytes,     993824 total
[2024-02-10T23:51:59.862+0000][7][gc,age      ] GC(244) - age   5:       8144 bytes,    1001968 total
[2024-02-10T23:51:59.862+0000][7][gc,age      ] GC(244) - age   6:         16 bytes,    1001984 total
[2024-02-10T23:51:59.862+0000][7][gc,age      ] GC(244) - age   7:      20264 bytes,    1022248 total
[2024-02-10T23:51:59.862+0000][7][gc,age      ] GC(244) - age   8:     201456 bytes,    1223704 total
[2024-02-10T23:51:59.862+0000][7][gc,age      ] GC(244) - age   9:        360 bytes,    1224064 total
[2024-02-10T23:51:59.862+0000][7][gc,age      ] GC(244) - age  10:     105072 bytes,    1329136 total
[2024-02-10T23:51:59.862+0000][7][gc,age      ] GC(244) - age  12:         24 bytes,    1329160 total
[2024-02-10T23:51:59.862+0000][7][gc,age      ] GC(244) - age  15:        184 bytes,    1329344 total
[2024-02-10T23:51:59.862+0000][7][gc,heap     ] GC(244) Eden regions: 152->0(152)
[2024-02-10T23:51:59.862+0000][7][gc,heap     ] GC(244) Survivor regions: 1->1(20)
[2024-02-10T23:51:59.862+0000][7][gc,heap     ] GC(244) Old regions: 24->24
[2024-02-10T23:51:59.862+0000][7][gc,heap     ] GC(244) Archive regions: 2->2
[2024-02-10T23:51:59.862+0000][7][gc,heap     ] GC(244) Humongous regions: 0->0
[2024-02-10T23:51:59.862+0000][7][gc,metaspace] GC(244) Metaspace: 129549K(133248K)->129549K(133248K) NonClass: 112572K(114496K)->112572K(114496K) Class: 16977K(18752K)->16977K(18752K)
[2024-02-10T23:51:59.862+0000][7][gc          ] GC(244) Pause Young (Normal) (G1 Evacuation Pause) 708M->99M(1024M) 2.682ms
[2024-02-10T23:51:59.862+0000][7][gc,cpu      ] GC(244) User=0.01s Sys=0.00s Real=0.00s
[2024-02-10T23:51:59.862+0000][7][safepoint   ] Safepoint "G1CollectForAllocation", Time since last: 41089080708 ns, Reaching safepoint: 87214 ns, At safepoint: 2771042 ns, Total: 2858256 ns
[2024-02-10T23:55:06.634+0000][7][gc,start    ] GC(245) Pause Young (Normal) (G1 Evacuation Pause)
[2024-02-10T23:55:06.634+0000][7][gc,task     ] GC(245) Using 8 workers of 8 for evacuation
[2024-02-10T23:55:06.634+0000][7][gc,age      ] GC(245) Desired survivor size 41943040 bytes, new threshold 15 (max threshold 15)
[2024-02-10T23:55:06.636+0000][7][gc,phases   ] GC(245)   Pre Evacuate Collection Set: 0.1ms
[2024-02-10T23:55:06.636+0000][7][gc,phases   ] GC(245)   Merge Heap Roots: 0.1ms
[2024-02-10T23:55:06.636+0000][7][gc,phases   ] GC(245)   Evacuate Collection Set: 1.3ms
[2024-02-10T23:55:06.636+0000][7][gc,phases   ] GC(245)   Post Evacuate Collection Set: 0.7ms
[2024-02-10T23:55:06.636+0000][7][gc,phases   ] GC(245)   Other: 0.1ms
[2024-02-10T23:55:06.636+0000][7][gc,age      ] GC(245) Age table with threshold 15 (max threshold 15)
[2024-02-10T23:55:06.636+0000][7][gc,age      ] GC(245) - age   1:    1851240 bytes,    1851240 total
[2024-02-10T23:55:06.636+0000][7][gc,age      ] GC(245) - age   2:       6912 bytes,    1858152 total
[2024-02-10T23:55:06.636+0000][7][gc,age      ] GC(245) - age   3:       9304 bytes,    1867456 total
[2024-02-10T23:55:06.636+0000][7][gc,age      ] GC(245) - age   4:        248 bytes,    1867704 total
[2024-02-10T23:55:06.636+0000][7][gc,age      ] GC(245) - age   5:        248 bytes,    1867952 total
[2024-02-10T23:55:06.636+0000][7][gc,age      ] GC(245) - age   6:       8144 bytes,    1876096 total
[2024-02-10T23:55:06.636+0000][7][gc,age      ] GC(245) - age   7:         16 bytes,    1876112 total
[2024-02-10T23:55:06.636+0000][7][gc,age      ] GC(245) - age   8:      20080 bytes,    1896192 total
[2024-02-10T23:55:06.636+0000][7][gc,age      ] GC(245) - age   9:     201456 bytes,    2097648 total
[2024-02-10T23:55:06.636+0000][7][gc,age      ] GC(245) - age  10:        360 bytes,    2098008 total
[2024-02-10T23:55:06.636+0000][7][gc,age      ] GC(245) - age  11:     105072 bytes,    2203080 total
[2024-02-10T23:55:06.636+0000][7][gc,age      ] GC(245) - age  13:         24 bytes,    2203104 total
[2024-02-10T23:55:06.636+0000][7][gc,heap     ] GC(245) Eden regions: 152->0(152)
[2024-02-10T23:55:06.636+0000][7][gc,heap     ] GC(245) Survivor regions: 1->1(20)
[2024-02-10T23:55:06.636+0000][7][gc,heap     ] GC(245) Old regions: 24->24
[2024-02-10T23:55:06.636+0000][7][gc,heap     ] GC(245) Archive regions: 2->2
[2024-02-10T23:55:06.636+0000][7][gc,heap     ] GC(245) Humongous regions: 0->0
[2024-02-10T23:55:06.636+0000][7][gc,metaspace] GC(245) Metaspace: 129549K(133248K)->129549K(133248K) NonClass: 112572K(114496K)->112572K(114496K) Class: 16977K(18752K)->16977K(18752K)
[2024-02-10T23:55:06.636+0000][7][gc          ] GC(245) Pause Young (Normal) (G1 Evacuation Pause) 707M->100M(1024M) 2.464ms
[2024-02-10T23:55:06.636+0000][7][gc,cpu      ] GC(245) User=0.02s Sys=0.00s Real=0.01s
[2024-02-10T23:55:06.636+0000][7][safepoint   ] Safepoint "G1CollectForAllocation", Time since last: 186771425948 ns, Reaching safepoint: 48258 ns, At safepoint: 2544630 ns, Total: 2592888 ns
[2024-02-10T23:57:30.655+0000][7][safepoint   ] Safepoint "Cleanup", Time since last: 144018678184 ns, Reaching safepoint: 104562 ns, At safepoint: 17155 ns, Total: 121717 ns
[2024-02-10T23:58:17.820+0000][7][gc,start    ] GC(246) Pause Young (Normal) (G1 Evacuation Pause)
[2024-02-10T23:58:17.820+0000][7][gc,task     ] GC(246) Using 8 workers of 8 for evacuation
[2024-02-10T23:58:17.820+0000][7][gc,age      ] GC(246) Desired survivor size 41943040 bytes, new threshold 15 (max threshold 15)
[2024-02-10T23:58:17.823+0000][7][gc,phases   ] GC(246)   Pre Evacuate Collection Set: 0.1ms
[2024-02-10T23:58:17.823+0000][7][gc,phases   ] GC(246)   Merge Heap Roots: 0.1ms
[2024-02-10T23:58:17.823+0000][7][gc,phases   ] GC(246)   Evacuate Collection Set: 1.4ms
[2024-02-10T23:58:17.823+0000][7][gc,phases   ] GC(246)   Post Evacuate Collection Set: 0.6ms
[2024-02-10T23:58:17.823+0000][7][gc,phases   ] GC(246)   Other: 0.1ms
[2024-02-10T23:58:17.823+0000][7][gc,age      ] GC(246) Age table with threshold 15 (max threshold 15)
[2024-02-10T23:58:17.823+0000][7][gc,age      ] GC(246) - age   1:    1300096 bytes,    1300096 total
[2024-02-10T23:58:17.823+0000][7][gc,age      ] GC(246) - age   2:      11720 bytes,    1311816 total
[2024-02-10T23:58:17.823+0000][7][gc,age      ] GC(246) - age   3:       4288 bytes,    1316104 total
[2024-02-10T23:58:17.823+0000][7][gc,age      ] GC(246) - age   4:        416 bytes,    1316520 total
[2024-02-10T23:58:17.823+0000][7][gc,age      ] GC(246) - age   5:        184 bytes,    1316704 total
[2024-02-10T23:58:17.823+0000][7][gc,age      ] GC(246) - age   6:        184 bytes,    1316888 total
[2024-02-10T23:58:17.823+0000][7][gc,age      ] GC(246) - age   7:       8112 bytes,    1325000 total
[2024-02-10T23:58:17.823+0000][7][gc,age      ] GC(246) - age   8:         16 bytes,    1325016 total
[2024-02-10T23:58:17.823+0000][7][gc,age      ] GC(246) - age   9:      20080 bytes,    1345096 total
[2024-02-10T23:58:17.823+0000][7][gc,age      ] GC(246) - age  10:     201456 bytes,    1546552 total
[2024-02-10T23:58:17.823+0000][7][gc,age      ] GC(246) - age  11:        360 bytes,    1546912 total
[2024-02-10T23:58:17.823+0000][7][gc,age      ] GC(246) - age  12:     105072 bytes,    1651984 total
[2024-02-10T23:58:17.823+0000][7][gc,heap     ] GC(246) Eden regions: 152->0(152)
[2024-02-10T23:58:17.823+0000][7][gc,heap     ] GC(246) Survivor regions: 1->1(20)
[2024-02-10T23:58:17.823+0000][7][gc,heap     ] GC(246) Old regions: 24->24
[2024-02-10T23:58:17.823+0000][7][gc,heap     ] GC(246) Archive regions: 2->2
[2024-02-10T23:58:17.823+0000][7][gc,heap     ] GC(246) Humongous regions: 0->0
[2024-02-10T23:58:17.823+0000][7][gc,metaspace] GC(246) Metaspace: 129550K(133248K)->129550K(133248K) NonClass: 112573K(114496K)->112573K(114496K) Class: 16977K(18752K)->16977K(18752K)
[2024-02-10T23:58:17.823+0000][7][gc          ] GC(246) Pause Young (Normal) (G1 Evacuation Pause) 708M->100M(1024M) 2.528ms
[2024-02-10T23:58:17.823+0000][7][gc,cpu      ] GC(246) User=0.01s Sys=0.00s Real=0.00s
[2024-02-10T23:58:17.823+0000][7][safepoint   ] Safepoint "G1CollectForAllocation", Time since last: 47165002522 ns, Reaching safepoint: 58333 ns, At safepoint: 2613657 ns, Total: 2671990 ns
[2024-02-11T00:00:03.836+0000][7][safepoint   ] Safepoint "Cleanup", Time since last: 106012961732 ns, Reaching safepoint: 118518 ns, At safepoint: 9220 ns, Total: 127738 ns
[2024-02-11T00:00:39.841+0000][7][safepoint   ] Safepoint "Cleanup", Time since last: 36005265339 ns, Reaching safepoint: 145153 ns, At safepoint: 24492 ns, Total: 169645 ns
[2024-02-11T00:01:11.904+0000][7][gc,start    ] GC(247) Pause Young (Normal) (G1 Evacuation Pause)
[2024-02-11T00:01:11.904+0000][7][gc,task     ] GC(247) Using 8 workers of 8 for evacuation
[2024-02-11T00:01:11.904+0000][7][gc,age      ] GC(247) Desired survivor size 41943040 bytes, new threshold 15 (max threshold 15)
[2024-02-11T00:01:11.906+0000][7][gc,phases   ] GC(247)   Pre Evacuate Collection Set: 0.1ms
[2024-02-11T00:01:11.906+0000][7][gc,phases   ] GC(247)   Merge Heap Roots: 0.1ms
[2024-02-11T00:01:11.906+0000][7][gc,phases   ] GC(247)   Evacuate Collection Set: 1.2ms
[2024-02-11T00:01:11.906+0000][7][gc,phases   ] GC(247)   Post Evacuate Collection Set: 0.6ms
[2024-02-11T00:01:11.906+0000][7][gc,phases   ] GC(247)   Other: 0.1ms
[2024-02-11T00:01:11.906+0000][7][gc,age      ] GC(247) Age table with threshold 15 (max threshold 15)
[2024-02-11T00:01:11.906+0000][7][gc,age      ] GC(247) - age   1:    2378080 bytes,    2378080 total
[2024-02-11T00:01:11.906+0000][7][gc,age      ] GC(247) - age   2:      11256 bytes,    2389336 total
[2024-02-11T00:01:11.906+0000][7][gc,age      ] GC(247) - age   3:       8624 bytes,    2397960 total
[2024-02-11T00:01:11.906+0000][7][gc,age      ] GC(247) - age   4:       4032 bytes,    2401992 total
[2024-02-11T00:01:11.906+0000][7][gc,age      ] GC(247) - age   5:        416 bytes,    2402408 total
[2024-02-11T00:01:11.906+0000][7][gc,age      ] GC(247) - age   6:        184 bytes,    2402592 total
[2024-02-11T00:01:11.906+0000][7][gc,age      ] GC(247) - age   7:        184 bytes,    2402776 total
[2024-02-11T00:01:11.906+0000][7][gc,age      ] GC(247) - age   8:       8112 bytes,    2410888 total
[2024-02-11T00:01:11.906+0000][7][gc,age      ] GC(247) - age   9:         16 bytes,    2410904 total
[2024-02-11T00:01:11.906+0000][7][gc,age      ] GC(247) - age  10:      20080 bytes,    2430984 total
[2024-02-11T00:01:11.906+0000][7][gc,age      ] GC(247) - age  11:     201432 bytes,    2632416 total
[2024-02-11T00:01:11.906+0000][7][gc,age      ] GC(247) - age  12:        360 bytes,    2632776 total
[2024-02-11T00:01:11.906+0000][7][gc,age      ] GC(247) - age  13:     105072 bytes,    2737848 total
[2024-02-11T00:01:11.906+0000][7][gc,heap     ] GC(247) Eden regions: 152->0(152)
[2024-02-11T00:01:11.906+0000][7][gc,heap     ] GC(247) Survivor regions: 1->1(20)
[2024-02-11T00:01:11.906+0000][7][gc,heap     ] GC(247) Old regions: 24->24
[2024-02-11T00:01:11.906+0000][7][gc,heap     ] GC(247) Archive regions: 2->2
[2024-02-11T00:01:11.906+0000][7][gc,heap     ] GC(247) Humongous regions: 0->0
[2024-02-11T00:01:11.906+0000][7][gc,metaspace] GC(247) Metaspace: 129554K(133248K)->129554K(133248K) NonClass: 112577K(114496K)->112577K(114496K) Class: 16977K(18752K)->16977K(18752K)
[2024-02-11T00:01:11.906+0000][7][gc          ] GC(247) Pause Young (Normal) (G1 Evacuation Pause) 708M->101M(1024M) 2.205ms
[2024-02-11T00:01:11.906+0000][7][gc,cpu      ] GC(247) User=0.01s Sys=0.00s Real=0.00s
[2024-02-11T00:01:11.906+0000][7][safepoint   ] Safepoint "G1CollectForAllocation", Time since last: 32062765514 ns, Reaching safepoint: 40103 ns, At safepoint: 2275017 ns, Total: 2315120 ns
[2024-02-11T00:03:05.920+0000][7][safepoint   ] Safepoint "Cleanup", Time since last: 114013255499 ns, Reaching safepoint: 57727 ns, At safepoint: 4982 ns, Total: 62709 ns
[2024-02-11T00:03:06.920+0000][7][safepoint   ] Safepoint "Cleanup", Time since last: 1000221500 ns, Reaching safepoint: 69345 ns, At safepoint: 7327 ns, Total: 76672 ns
[2024-02-11T00:04:18.807+0000][7][gc,start    ] GC(248) Pause Young (Normal) (G1 Evacuation Pause)
[2024-02-11T00:04:18.807+0000][7][gc,task     ] GC(248) Using 8 workers of 8 for evacuation
[2024-02-11T00:04:18.807+0000][7][gc,age      ] GC(248) Desired survivor size 41943040 bytes, new threshold 15 (max threshold 15)
[2024-02-11T00:04:18.810+0000][7][gc,phases   ] GC(248)   Pre Evacuate Collection Set: 0.1ms
[2024-02-11T00:04:18.810+0000][7][gc,phases   ] GC(248)   Merge Heap Roots: 0.1ms
[2024-02-11T00:04:18.810+0000][7][gc,phases   ] GC(248)   Evacuate Collection Set: 1.7ms
[2024-02-11T00:04:18.810+0000][7][gc,phases   ] GC(248)   Post Evacuate Collection Set: 0.8ms
[2024-02-11T00:04:18.810+0000][7][gc,phases   ] GC(248)   Other: 0.1ms
[2024-02-11T00:04:18.810+0000][7][gc,age      ] GC(248) Age table with threshold 15 (max threshold 15)
[2024-02-11T00:04:18.810+0000][7][gc,age      ] GC(248) - age   1:     864184 bytes,     864184 total
[2024-02-11T00:04:18.810+0000][7][gc,age      ] GC(248) - age   2:     124088 bytes,     988272 total
[2024-02-11T00:04:18.810+0000][7][gc,age      ] GC(248) - age   3:       9064 bytes,     997336 total
[2024-02-11T00:04:18.810+0000][7][gc,age      ] GC(248) - age   4:       8016 bytes,    1005352 total
[2024-02-11T00:04:18.810+0000][7][gc,age      ] GC(248) - age   5:        576 bytes,    1005928 total
[2024-02-11T00:04:18.810+0000][7][gc,age      ] GC(248) - age   6:        416 bytes,    1006344 total
[2024-02-11T00:04:18.810+0000][7][gc,age      ] GC(248) - age   7:        184 bytes,    1006528 total
[2024-02-11T00:04:18.810+0000][7][gc,age      ] GC(248) - age   8:        184 bytes,    1006712 total
[2024-02-11T00:04:18.810+0000][7][gc,age      ] GC(248) - age   9:       8112 bytes,    1014824 total
[2024-02-11T00:04:18.810+0000][7][gc,age      ] GC(248) - age  10:         16 bytes,    1014840 total
[2024-02-11T00:04:18.810+0000][7][gc,age      ] GC(248) - age  11:      20080 bytes,    1034920 total
[2024-02-11T00:04:18.810+0000][7][gc,age      ] GC(248) - age  12:     197208 bytes,    1232128 total
[2024-02-11T00:04:18.810+0000][7][gc,age      ] GC(248) - age  13:        360 bytes,    1232488 total
[2024-02-11T00:04:18.810+0000][7][gc,age      ] GC(248) - age  14:     105072 bytes,    1337560 total
[2024-02-11T00:04:18.810+0000][7][gc,heap     ] GC(248) Eden regions: 152->0(152)
[2024-02-11T00:04:18.810+0000][7][gc,heap     ] GC(248) Survivor regions: 1->1(20)
[2024-02-11T00:04:18.810+0000][7][gc,heap     ] GC(248) Old regions: 24->24
[2024-02-11T00:04:18.810+0000][7][gc,heap     ] GC(248) Archive regions: 2->2
[2024-02-11T00:04:18.810+0000][7][gc,heap     ] GC(248) Humongous regions: 0->0
[2024-02-11T00:04:18.810+0000][7][gc,metaspace] GC(248) Metaspace: 129558K(133248K)->129558K(133248K) NonClass: 112581K(114496K)->112581K(114496K) Class: 16977K(18752K)->16977K(18752K)
[2024-02-11T00:04:18.810+0000][7][gc          ] GC(248) Pause Young (Normal) (G1 Evacuation Pause) 709M->99M(1024M) 3.038ms
[2024-02-11T00:04:18.810+0000][7][gc,cpu      ] GC(248) User=0.01s Sys=0.00s Real=0.00s
[2024-02-11T00:04:18.810+0000][7][safepoint   ] Safepoint "G1CollectForAllocation", Time since last: 71886835338 ns, Reaching safepoint: 76054 ns, At safepoint: 3142649 ns, Total: 3218703 ns
[2024-02-11T00:05:39.819+0000][7][safepoint   ] Safepoint "Cleanup", Time since last: 81008291286 ns, Reaching safepoint: 111069 ns, At safepoint: 9980 ns, Total: 121049 ns
[2024-02-11T00:06:31.823+0000][7][safepoint   ] Safepoint "Cleanup", Time since last: 52004393677 ns, Reaching safepoint: 128424 ns, At safepoint: 19943 ns, Total: 148367 ns
[2024-02-11T00:06:50.813+0000][7][gc,start    ] GC(249) Pause Young (Normal) (G1 Evacuation Pause)
[2024-02-11T00:06:50.813+0000][7][gc,task     ] GC(249) Using 8 workers of 8 for evacuation
[2024-02-11T00:06:50.813+0000][7][gc,age      ] GC(249) Desired survivor size 41943040 bytes, new threshold 15 (max threshold 15)
[2024-02-11T00:06:50.815+0000][7][gc,phases   ] GC(249)   Pre Evacuate Collection Set: 0.1ms
[2024-02-11T00:06:50.816+0000][7][gc,phases   ] GC(249)   Merge Heap Roots: 0.1ms
[2024-02-11T00:06:50.816+0000][7][gc,phases   ] GC(249)   Evacuate Collection Set: 1.4ms
[2024-02-11T00:06:50.816+0000][7][gc,phases   ] GC(249)   Post Evacuate Collection Set: 0.6ms
[2024-02-11T00:06:50.816+0000][7][gc,phases   ] GC(249)   Other: 0.1ms
[2024-02-11T00:06:50.816+0000][7][gc,age      ] GC(249) Age table with threshold 15 (max threshold 15)
[2024-02-11T00:06:50.816+0000][7][gc,age      ] GC(249) - age   1:    1337312 bytes,    1337312 total
[2024-02-11T00:06:50.816+0000][7][gc,age      ] GC(249) - age   2:     155088 bytes,    1492400 total
[2024-02-11T00:06:50.816+0000][7][gc,age      ] GC(249) - age   3:     121784 bytes,    1614184 total
[2024-02-11T00:06:50.816+0000][7][gc,age      ] GC(249) - age   4:       8968 bytes,    1623152 total
[2024-02-11T00:06:50.816+0000][7][gc,age      ] GC(249) - age   5:       8016 bytes,    1631168 total
[2024-02-11T00:06:50.816+0000][7][gc,age      ] GC(249) - age   7:         32 bytes,    1631200 total
[2024-02-11T00:06:50.816+0000][7][gc,age      ] GC(249) - age   8:        184 bytes,    1631384 total
[2024-02-11T00:06:50.816+0000][7][gc,age      ] GC(249) - age   9:        184 bytes,    1631568 total
[2024-02-11T00:06:50.816+0000][7][gc,age      ] GC(249) - age  10:       8112 bytes,    1639680 total
[2024-02-11T00:06:50.816+0000][7][gc,age      ] GC(249) - age  11:         16 bytes,    1639696 total
[2024-02-11T00:06:50.816+0000][7][gc,age      ] GC(249) - age  12:      20080 bytes,    1659776 total
[2024-02-11T00:06:50.816+0000][7][gc,age      ] GC(249) - age  13:     197208 bytes,    1856984 total
[2024-02-11T00:06:50.816+0000][7][gc,age      ] GC(249) - age  14:        360 bytes,    1857344 total
[2024-02-11T00:06:50.816+0000][7][gc,age      ] GC(249) - age  15:     105072 bytes,    1962416 total
[2024-02-11T00:06:50.816+0000][7][gc,heap     ] GC(249) Eden regions: 152->0(152)
[2024-02-11T00:06:50.816+0000][7][gc,heap     ] GC(249) Survivor regions: 1->1(20)
[2024-02-11T00:06:50.816+0000][7][gc,heap     ] GC(249) Old regions: 24->24
[2024-02-11T00:06:50.816+0000][7][gc,heap     ] GC(249) Archive regions: 2->2
[2024-02-11T00:06:50.816+0000][7][gc,heap     ] GC(249) Humongous regions: 0->0
[2024-02-11T00:06:50.816+0000][7][gc,metaspace] GC(249) Metaspace: 129558K(133248K)->129558K(133248K) NonClass: 112581K(114496K)->112581K(114496K) Class: 16977K(18752K)->16977K(18752K)
[2024-02-11T00:06:50.816+0000][7][gc          ] GC(249) Pause Young (Normal) (G1 Evacuation Pause) 707M->100M(1024M) 2.590ms
[2024-02-11T00:06:50.816+0000][7][gc,cpu      ] GC(249) User=0.01s Sys=0.00s Real=0.01s
[2024-02-11T00:06:50.816+0000][7][safepoint   ] Safepoint "G1CollectForAllocation", Time since last: 18989948207 ns, Reaching safepoint: 46619 ns, At safepoint: 2675201 ns, Total: 2721820 ns
[2024-02-11T00:07:29.820+0000][7][safepoint   ] Safepoint "Cleanup", Time since last: 39004248375 ns, Reaching safepoint: 43058 ns, At safepoint: 5577 ns, Total: 48635 ns
[2024-02-11T00:09:35.812+0000][7][gc,start    ] GC(250) Pause Young (Normal) (G1 Evacuation Pause)
[2024-02-11T00:09:35.812+0000][7][gc,task     ] GC(250) Using 8 workers of 8 for evacuation
[2024-02-11T00:09:35.812+0000][7][gc,age      ] GC(250) Desired survivor size 41943040 bytes, new threshold 15 (max threshold 15)
[2024-02-11T00:09:35.815+0000][7][gc,phases   ] GC(250)   Pre Evacuate Collection Set: 0.1ms
[2024-02-11T00:09:35.815+0000][7][gc,phases   ] GC(250)   Merge Heap Roots: 0.1ms
[2024-02-11T00:09:35.815+0000][7][gc,phases   ] GC(250)   Evacuate Collection Set: 1.4ms
[2024-02-11T00:09:35.815+0000][7][gc,phases   ] GC(250)   Post Evacuate Collection Set: 0.8ms
[2024-02-11T00:09:35.815+0000][7][gc,phases   ] GC(250)   Other: 0.1ms
[2024-02-11T00:09:35.815+0000][7][gc,age      ] GC(250) Age table with threshold 15 (max threshold 15)
[2024-02-11T00:09:35.815+0000][7][gc,age      ] GC(250) - age   1:    1102216 bytes,    1102216 total
[2024-02-11T00:09:35.815+0000][7][gc,age      ] GC(250) - age   2:       3384 bytes,    1105600 total
[2024-02-11T00:09:35.815+0000][7][gc,age      ] GC(250) - age   3:     144872 bytes,    1250472 total
[2024-02-11T00:09:35.815+0000][7][gc,age      ] GC(250) - age   4:     121720 bytes,    1372192 total
[2024-02-11T00:09:35.815+0000][7][gc,age      ] GC(250) - age   5:       8256 bytes,    1380448 total
[2024-02-11T00:09:35.815+0000][7][gc,age      ] GC(250) - age  10:        184 bytes,    1380632 total
[2024-02-11T00:09:35.815+0000][7][gc,age      ] GC(250) - age  11:       8112 bytes,    1388744 total
[2024-02-11T00:09:35.815+0000][7][gc,age      ] GC(250) - age  12:         16 bytes,    1388760 total
[2024-02-11T00:09:35.815+0000][7][gc,age      ] GC(250) - age  13:      20080 bytes,    1408840 total
[2024-02-11T00:09:35.815+0000][7][gc,age      ] GC(250) - age  14:     197208 bytes,    1606048 total
[2024-02-11T00:09:35.815+0000][7][gc,age      ] GC(250) - age  15:        360 bytes,    1606408 total
[2024-02-11T00:09:35.815+0000][7][gc,heap     ] GC(250) Eden regions: 152->0(152)
[2024-02-11T00:09:35.815+0000][7][gc,heap     ] GC(250) Survivor regions: 1->1(20)
[2024-02-11T00:09:35.815+0000][7][gc,heap     ] GC(250) Old regions: 24->24
[2024-02-11T00:09:35.815+0000][7][gc,heap     ] GC(250) Archive regions: 2->2
[2024-02-11T00:09:35.815+0000][7][gc,heap     ] GC(250) Humongous regions: 0->0
[2024-02-11T00:09:35.815+0000][7][gc,metaspace] GC(250) Metaspace: 129561K(133248K)->129561K(133248K) NonClass: 112584K(114496K)->112584K(114496K) Class: 16977K(18752K)->16977K(18752K)
[2024-02-11T00:09:35.815+0000][7][gc          ] GC(250) Pause Young (Normal) (G1 Evacuation Pause) 708M->100M(1024M) 2.788ms
[2024-02-11T00:09:35.815+0000][7][gc,cpu      ] GC(250) User=0.02s Sys=0.00s Real=0.00s
[2024-02-11T00:09:35.815+0000][7][safepoint   ] Safepoint "G1CollectForAllocation", Time since last: 125992049701 ns, Reaching safepoint: 48110 ns, At safepoint: 2916929 ns, Total: 2965039 ns
[2024-02-11T00:12:35.981+0000][7][gc,start    ] GC(251) Pause Young (Normal) (G1 Evacuation Pause)
[2024-02-11T00:12:35.981+0000][7][gc,task     ] GC(251) Using 8 workers of 8 for evacuation
[2024-02-11T00:12:35.981+0000][7][gc,age      ] GC(251) Desired survivor size 41943040 bytes, new threshold 15 (max threshold 15)
[2024-02-11T00:12:35.984+0000][7][gc,phases   ] GC(251)   Pre Evacuate Collection Set: 0.1ms
[2024-02-11T00:12:35.984+0000][7][gc,phases   ] GC(251)   Merge Heap Roots: 0.0ms
[2024-02-11T00:12:35.984+0000][7][gc,phases   ] GC(251)   Evacuate Collection Set: 1.5ms
[2024-02-11T00:12:35.984+0000][7][gc,phases   ] GC(251)   Post Evacuate Collection Set: 0.7ms
[2024-02-11T00:12:35.984+0000][7][gc,phases   ] GC(251)   Other: 0.1ms
[2024-02-11T00:12:35.984+0000][7][gc,age      ] GC(251) Age table with threshold 15 (max threshold 15)
[2024-02-11T00:12:35.984+0000][7][gc,age      ] GC(251) - age   1:    2102472 bytes,    2102472 total
[2024-02-11T00:12:35.984+0000][7][gc,age      ] GC(251) - age   2:      10584 bytes,    2113056 total
[2024-02-11T00:12:35.984+0000][7][gc,age      ] GC(251) - age   3:        960 bytes,    2114016 total
[2024-02-11T00:12:35.984+0000][7][gc,age      ] GC(251) - age   4:     140672 bytes,    2254688 total
[2024-02-11T00:12:35.984+0000][7][gc,age      ] GC(251) - age   5:     121424 bytes,    2376112 total
[2024-02-11T00:12:35.984+0000][7][gc,age      ] GC(251) - age   6:       8256 bytes,    2384368 total
[2024-02-11T00:12:35.984+0000][7][gc,age      ] GC(251) - age  12:       8112 bytes,    2392480 total
[2024-02-11T00:12:35.984+0000][7][gc,age      ] GC(251) - age  13:         16 bytes,    2392496 total
[2024-02-11T00:12:35.984+0000][7][gc,age      ] GC(251) - age  14:      20080 bytes,    2412576 total
[2024-02-11T00:12:35.984+0000][7][gc,age      ] GC(251) - age  15:     197208 bytes,    2609784 total
[2024-02-11T00:12:35.984+0000][7][gc,heap     ] GC(251) Eden regions: 152->0(152)
[2024-02-11T00:12:35.984+0000][7][gc,heap     ] GC(251) Survivor regions: 1->1(20)
[2024-02-11T00:12:35.984+0000][7][gc,heap     ] GC(251) Old regions: 24->24
[2024-02-11T00:12:35.984+0000][7][gc,heap     ] GC(251) Archive regions: 2->2
[2024-02-11T00:12:35.984+0000][7][gc,heap     ] GC(251) Humongous regions: 0->0
[2024-02-11T00:12:35.984+0000][7][gc,metaspace] GC(251) Metaspace: 129561K(133248K)->129561K(133248K) NonClass: 112584K(114496K)->112584K(114496K) Class: 16977K(18752K)->16977K(18752K)
[2024-02-11T00:12:35.984+0000][7][gc          ] GC(251) Pause Young (Normal) (G1 Evacuation Pause) 708M->101M(1024M) 2.640ms
[2024-02-11T00:12:35.984+0000][7][gc,cpu      ] GC(251) User=0.00s Sys=0.01s Real=0.00s
[2024-02-11T00:12:35.984+0000][7][safepoint   ] Safepoint "G1CollectForAllocation", Time since last: 180166163754 ns, Reaching safepoint: 36994 ns, At safepoint: 2709495 ns, Total: 2746489 ns
[2024-02-11T00:15:47.847+0000][7][gc,start    ] GC(252) Pause Young (Normal) (G1 Evacuation Pause)
[2024-02-11T00:15:47.847+0000][7][gc,task     ] GC(252) Using 8 workers of 8 for evacuation
[2024-02-11T00:15:47.847+0000][7][gc,age      ] GC(252) Desired survivor size 41943040 bytes, new threshold 15 (max threshold 15)
[2024-02-11T00:15:47.851+0000][7][gc,phases   ] GC(252)   Pre Evacuate Collection Set: 0.1ms
[2024-02-11T00:15:47.851+0000][7][gc,phases   ] GC(252)   Merge Heap Roots: 0.1ms
[2024-02-11T00:15:47.851+0000][7][gc,phases   ] GC(252)   Evacuate Collection Set: 2.2ms
[2024-02-11T00:15:47.851+0000][7][gc,phases   ] GC(252)   Post Evacuate Collection Set: 0.7ms
[2024-02-11T00:15:47.851+0000][7][gc,phases   ] GC(252)   Other: 0.1ms
[2024-02-11T00:15:47.851+0000][7][gc,age      ] GC(252) Age table with threshold 15 (max threshold 15)
[2024-02-11T00:15:47.851+0000][7][gc,age      ] GC(252) - age   1:    1052328 bytes,    1052328 total
[2024-02-11T00:15:47.851+0000][7][gc,age      ] GC(252) - age   2:      14416 bytes,    1066744 total
[2024-02-11T00:15:47.851+0000][7][gc,age      ] GC(252) - age   3:       9232 bytes,    1075976 total
[2024-02-11T00:15:47.851+0000][7][gc,age      ] GC(252) - age   4:        776 bytes,    1076752 total
[2024-02-11T00:15:47.851+0000][7][gc,age      ] GC(252) - age   5:     140672 bytes,    1217424 total
[2024-02-11T00:15:47.851+0000][7][gc,age      ] GC(252) - age   6:     121240 bytes,    1338664 total
[2024-02-11T00:15:47.851+0000][7][gc,age      ] GC(252) - age   7:       8256 bytes,    1346920 total
[2024-02-11T00:15:47.851+0000][7][gc,age      ] GC(252) - age  13:         96 bytes,    1347016 total
[2024-02-11T00:15:47.851+0000][7][gc,age      ] GC(252) - age  14:         16 bytes,    1347032 total
[2024-02-11T00:15:47.851+0000][7][gc,age      ] GC(252) - age  15:      20080 bytes,    1367112 total
[2024-02-11T00:15:47.851+0000][7][gc,heap     ] GC(252) Eden regions: 152->0(152)
[2024-02-11T00:15:47.851+0000][7][gc,heap     ] GC(252) Survivor regions: 1->1(20)
[2024-02-11T00:15:47.851+0000][7][gc,heap     ] GC(252) Old regions: 24->24
[2024-02-11T00:15:47.851+0000][7][gc,heap     ] GC(252) Archive regions: 2->2
[2024-02-11T00:15:47.851+0000][7][gc,heap     ] GC(252) Humongous regions: 0->0
[2024-02-11T00:15:47.851+0000][7][gc,metaspace] GC(252) Metaspace: 129561K(133248K)->129561K(133248K) NonClass: 112584K(114496K)->112584K(114496K) Class: 16977K(18752K)->16977K(18752K)
[2024-02-11T00:15:47.851+0000][7][gc          ] GC(252) Pause Young (Normal) (G1 Evacuation Pause) 709M->100M(1024M) 3.502ms
[2024-02-11T00:15:47.851+0000][7][gc,cpu      ] GC(252) User=0.02s Sys=0.00s Real=0.00s
[2024-02-11T00:15:47.851+0000][7][safepoint   ] Safepoint "G1CollectForAllocation", Time since last: 191863266694 ns, Reaching safepoint: 57450 ns, At safepoint: 3642095 ns, Total: 3699545 ns
[2024-02-11T00:17:29.861+0000][7][safepoint   ] Safepoint "Cleanup", Time since last: 102010245175 ns, Reaching safepoint: 61250 ns, At safepoint: 2872 ns, Total: 64122 ns
[2024-02-11T00:18:59.866+0000][7][gc,start    ] GC(253) Pause Young (Normal) (G1 Evacuation Pause)
[2024-02-11T00:18:59.866+0000][7][gc,task     ] GC(253) Using 8 workers of 8 for evacuation
[2024-02-11T00:18:59.866+0000][7][gc,age      ] GC(253) Desired survivor size 41943040 bytes, new threshold 15 (max threshold 15)
[2024-02-11T00:18:59.868+0000][7][gc,phases   ] GC(253)   Pre Evacuate Collection Set: 0.1ms
[2024-02-11T00:18:59.868+0000][7][gc,phases   ] GC(253)   Merge Heap Roots: 0.0ms
[2024-02-11T00:18:59.868+0000][7][gc,phases   ] GC(253)   Evacuate Collection Set: 0.9ms
[2024-02-11T00:18:59.868+0000][7][gc,phases   ] GC(253)   Post Evacuate Collection Set: 0.6ms
[2024-02-11T00:18:59.868+0000][7][gc,phases   ] GC(253)   Other: 0.1ms
[2024-02-11T00:18:59.868+0000][7][gc,age      ] GC(253) Age table with threshold 15 (max threshold 15)
[2024-02-11T00:18:59.868+0000][7][gc,age      ] GC(253) - age   1:    1467824 bytes,    1467824 total
[2024-02-11T00:18:59.868+0000][7][gc,age      ] GC(253) - age   2:      10344 bytes,    1478168 total
[2024-02-11T00:18:59.868+0000][7][gc,age      ] GC(253) - age   3:      11816 bytes,    1489984 total
[2024-02-11T00:18:59.868+0000][7][gc,age      ] GC(253) - age   4:        184 bytes,    1490168 total
[2024-02-11T00:18:59.868+0000][7][gc,age      ] GC(253) - age   5:        776 bytes,    1490944 total
[2024-02-11T00:18:59.868+0000][7][gc,age      ] GC(253) - age   6:     140672 bytes,    1631616 total
[2024-02-11T00:18:59.868+0000][7][gc,age      ] GC(253) - age   7:      72344 bytes,    1703960 total
[2024-02-11T00:18:59.868+0000][7][gc,age      ] GC(253) - age   8:       8224 bytes,    1712184 total
[2024-02-11T00:18:59.868+0000][7][gc,age      ] GC(253) - age  14:         96 bytes,    1712280 total
[2024-02-11T00:18:59.868+0000][7][gc,age      ] GC(253) - age  15:         16 bytes,    1712296 total
[2024-02-11T00:18:59.868+0000][7][gc,heap     ] GC(253) Eden regions: 152->0(152)
[2024-02-11T00:18:59.868+0000][7][gc,heap     ] GC(253) Survivor regions: 1->1(20)
[2024-02-11T00:18:59.868+0000][7][gc,heap     ] GC(253) Old regions: 24->24
[2024-02-11T00:18:59.868+0000][7][gc,heap     ] GC(253) Archive regions: 2->2
[2024-02-11T00:18:59.868+0000][7][gc,heap     ] GC(253) Humongous regions: 0->0
[2024-02-11T00:18:59.868+0000][7][gc,metaspace] GC(253) Metaspace: 129564K(133248K)->129564K(133248K) NonClass: 112587K(114496K)->112587K(114496K) Class: 16977K(18752K)->16977K(18752K)
[2024-02-11T00:18:59.868+0000][7][gc          ] GC(253) Pause Young (Normal) (G1 Evacuation Pause) 708M->100M(1024M) 1.875ms
[2024-02-11T00:18:59.868+0000][7][gc,cpu      ] GC(253) User=0.01s Sys=0.00s Real=0.01s
[2024-02-11T00:18:59.868+0000][7][safepoint   ] Safepoint "G1CollectForAllocation", Time since last: 90004648279 ns, Reaching safepoint: 40259 ns, At safepoint: 1940232 ns, Total: 1980491 ns
[2024-02-11T00:20:30.878+0000][7][safepoint   ] Safepoint "Cleanup", Time since last: 91009772429 ns, Reaching safepoint: 69098 ns, At safepoint: 36543 ns, Total: 105641 ns
[2024-02-11T00:21:39.885+0000][7][safepoint   ] Safepoint "Cleanup", Time since last: 69007062730 ns, Reaching safepoint: 89833 ns, At safepoint: 11853 ns, Total: 101686 ns
[2024-02-11T00:21:56.849+0000][7][gc,start    ] GC(254) Pause Young (Normal) (G1 Evacuation Pause)
[2024-02-11T00:21:56.849+0000][7][gc,task     ] GC(254) Using 8 workers of 8 for evacuation
[2024-02-11T00:21:56.849+0000][7][gc,age      ] GC(254) Desired survivor size 41943040 bytes, new threshold 15 (max threshold 15)
[2024-02-11T00:21:56.851+0000][7][gc,phases   ] GC(254)   Pre Evacuate Collection Set: 0.2ms
[2024-02-11T00:21:56.851+0000][7][gc,phases   ] GC(254)   Merge Heap Roots: 0.1ms
[2024-02-11T00:21:56.851+0000][7][gc,phases   ] GC(254)   Evacuate Collection Set: 1.0ms
[2024-02-11T00:21:56.851+0000][7][gc,phases   ] GC(254)   Post Evacuate Collection Set: 0.6ms
[2024-02-11T00:21:56.851+0000][7][gc,phases   ] GC(254)   Other: 0.1ms
[2024-02-11T00:21:56.851+0000][7][gc,age      ] GC(254) Age table with threshold 15 (max threshold 15)
[2024-02-11T00:21:56.851+0000][7][gc,age      ] GC(254) - age   1:     989152 bytes,     989152 total
[2024-02-11T00:21:56.851+0000][7][gc,age      ] GC(254) - age   2:      11760 bytes,    1000912 total
[2024-02-11T00:21:56.851+0000][7][gc,age      ] GC(254) - age   3:        880 bytes,    1001792 total
[2024-02-11T00:21:56.851+0000][7][gc,age      ] GC(254) - age   4:       8200 bytes,    1009992 total
[2024-02-11T00:21:56.851+0000][7][gc,age      ] GC(254) - age   5:        184 bytes,    1010176 total
[2024-02-11T00:21:56.851+0000][7][gc,age      ] GC(254) - age   6:        384 bytes,    1010560 total
[2024-02-11T00:21:56.851+0000][7][gc,age      ] GC(254) - age   7:     140488 bytes,    1151048 total
[2024-02-11T00:21:56.851+0000][7][gc,age      ] GC(254) - age   8:      72344 bytes,    1223392 total
[2024-02-11T00:21:56.851+0000][7][gc,age      ] GC(254) - age   9:       8200 bytes,    1231592 total
[2024-02-11T00:21:56.851+0000][7][gc,age      ] GC(254) - age  15:         96 bytes,    1231688 total
[2024-02-11T00:21:56.851+0000][7][gc,heap     ] GC(254) Eden regions: 152->0(152)
[2024-02-11T00:21:56.851+0000][7][gc,heap     ] GC(254) Survivor regions: 1->1(20)
[2024-02-11T00:21:56.851+0000][7][gc,heap     ] GC(254) Old regions: 24->24
[2024-02-11T00:21:56.851+0000][7][gc,heap     ] GC(254) Archive regions: 2->2
[2024-02-11T00:21:56.851+0000][7][gc,heap     ] GC(254) Humongous regions: 0->0
[2024-02-11T00:21:56.851+0000][7][gc,metaspace] GC(254) Metaspace: 129565K(133248K)->129565K(133248K) NonClass: 112587K(114496K)->112587K(114496K) Class: 16977K(18752K)->16977K(18752K)
[2024-02-11T00:21:56.851+0000][7][gc          ] GC(254) Pause Young (Normal) (G1 Evacuation Pause) 708M->100M(1024M) 2.144ms
[2024-02-11T00:21:56.851+0000][7][gc,cpu      ] GC(254) User=0.01s Sys=0.00s Real=0.00s
[2024-02-11T00:21:56.851+0000][7][safepoint   ] Safepoint "G1CollectForAllocation", Time since last: 16964004229 ns, Reaching safepoint: 50624 ns, At safepoint: 2223516 ns, Total: 2274140 ns
[2024-02-11T00:23:31.862+0000][7][safepoint   ] Safepoint "Cleanup", Time since last: 95011111943 ns, Reaching safepoint: 60100 ns, At safepoint: 26502 ns, Total: 86602 ns
[2024-02-11T00:25:08.867+0000][7][gc,start    ] GC(255) Pause Young (Normal) (G1 Evacuation Pause)
[2024-02-11T00:25:08.867+0000][7][gc,task     ] GC(255) Using 8 workers of 8 for evacuation
[2024-02-11T00:25:08.867+0000][7][gc,age      ] GC(255) Desired survivor size 41943040 bytes, new threshold 15 (max threshold 15)
[2024-02-11T00:25:08.869+0000][7][gc,phases   ] GC(255)   Pre Evacuate Collection Set: 0.1ms
[2024-02-11T00:25:08.869+0000][7][gc,phases   ] GC(255)   Merge Heap Roots: 0.1ms
[2024-02-11T00:25:08.869+0000][7][gc,phases   ] GC(255)   Evacuate Collection Set: 1.7ms
[2024-02-11T00:25:08.870+0000][7][gc,phases   ] GC(255)   Post Evacuate Collection Set: 0.8ms
[2024-02-11T00:25:08.870+0000][7][gc,phases   ] GC(255)   Other: 0.1ms
[2024-02-11T00:25:08.870+0000][7][gc,age      ] GC(255) Age table with threshold 15 (max threshold 15)
[2024-02-11T00:25:08.870+0000][7][gc,age      ] GC(255) - age   1:    1655600 bytes,    1655600 total
[2024-02-11T00:25:08.870+0000][7][gc,age      ] GC(255) - age   2:      14392 bytes,    1669992 total
[2024-02-11T00:25:08.870+0000][7][gc,age      ] GC(255) - age   3:       1336 bytes,    1671328 total
[2024-02-11T00:25:08.870+0000][7][gc,age      ] GC(255) - age   4:        208 bytes,    1671536 total
[2024-02-11T00:25:08.870+0000][7][gc,age      ] GC(255) - age   5:       8200 bytes,    1679736 total
[2024-02-11T00:25:08.870+0000][7][gc,age      ] GC(255) - age   6:        184 bytes,    1679920 total
[2024-02-11T00:25:08.870+0000][7][gc,age      ] GC(255) - age   7:        384 bytes,    1680304 total
[2024-02-11T00:25:08.870+0000][7][gc,age      ] GC(255) - age   8:     140488 bytes,    1820792 total
[2024-02-11T00:25:08.870+0000][7][gc,age      ] GC(255) - age   9:      57632 bytes,    1878424 total
[2024-02-11T00:25:08.870+0000][7][gc,age      ] GC(255) - age  10:       8200 bytes,    1886624 total
[2024-02-11T00:25:08.870+0000][7][gc,heap     ] GC(255) Eden regions: 152->0(152)
[2024-02-11T00:25:08.870+0000][7][gc,heap     ] GC(255) Survivor regions: 1->1(20)
[2024-02-11T00:25:08.870+0000][7][gc,heap     ] GC(255) Old regions: 24->24
[2024-02-11T00:25:08.870+0000][7][gc,heap     ] GC(255) Archive regions: 2->2
[2024-02-11T00:25:08.870+0000][7][gc,heap     ] GC(255) Humongous regions: 0->0
[2024-02-11T00:25:08.870+0000][7][gc,metaspace] GC(255) Metaspace: 129565K(133248K)->129565K(133248K) NonClass: 112587K(114496K)->112587K(114496K) Class: 16977K(18752K)->16977K(18752K)
[2024-02-11T00:25:08.870+0000][7][gc          ] GC(255) Pause Young (Normal) (G1 Evacuation Pause) 708M->100M(1024M) 3.100ms
[2024-02-11T00:25:08.870+0000][7][gc,cpu      ] GC(255) User=0.02s Sys=0.00s Real=0.01s
[2024-02-11T00:25:08.870+0000][7][safepoint   ] Safepoint "G1CollectForAllocation", Time since last: 97004059568 ns, Reaching safepoint: 35702 ns, At safepoint: 3198247 ns, Total: 3233949 ns
[2024-02-11T00:26:37.464+0000][7][safepoint   ] Safepoint "ICBufferFull", Time since last: 88593911246 ns, Reaching safepoint: 286028 ns, At safepoint: 7590 ns, Total: 293618 ns
[2024-02-11T00:26:37.466+0000][7][safepoint   ] Safepoint "ICBufferFull", Time since last: 1478842 ns, Reaching safepoint: 176784 ns, At safepoint: 11933 ns, Total: 188717 ns
[2024-02-11T00:26:37.467+0000][7][safepoint   ] Safepoint "ICBufferFull", Time since last: 863280 ns, Reaching safepoint: 105626 ns, At safepoint: 9579 ns, Total: 115205 ns
[2024-02-11T00:26:37.468+0000][7][safepoint   ] Safepoint "ICBufferFull", Time since last: 1453323 ns, Reaching safepoint: 120094 ns, At safepoint: 22652 ns, Total: 142746 ns
[2024-02-11T00:26:38.469+0000][7][safepoint   ] Safepoint "Cleanup", Time since last: 1000256134 ns, Reaching safepoint: 176162 ns, At safepoint: 10878 ns, Total: 187040 ns
[2024-02-11T00:26:39.469+0000][7][safepoint   ] Safepoint "Cleanup", Time since last: 1000128118 ns, Reaching safepoint: 67307 ns, At safepoint: 5616 ns, Total: 72923 ns
[2024-02-11T00:26:41.469+0000][7][safepoint   ] Safepoint "Cleanup", Time since last: 2000229559 ns, Reaching safepoint: 69908 ns, At safepoint: 5797 ns, Total: 75705 ns
[2024-02-11T00:26:46.470+0000][7][safepoint   ] Safepoint "Cleanup", Time since last: 5000528494 ns, Reaching safepoint: 57340 ns, At safepoint: 5949 ns, Total: 63289 ns
[2024-02-11T00:26:55.471+0000][7][safepoint   ] Safepoint "Cleanup", Time since last: 9000951984 ns, Reaching safepoint: 59575 ns, At safepoint: 7579 ns, Total: 67154 ns
[2024-02-11T00:26:56.471+0000][7][safepoint   ] Safepoint "Cleanup", Time since last: 1000231208 ns, Reaching safepoint: 63816 ns, At safepoint: 6330 ns, Total: 70146 ns
[2024-02-11T00:27:39.476+0000][7][safepoint   ] Safepoint "Cleanup", Time since last: 43004917939 ns, Reaching safepoint: 75078 ns, At safepoint: 5979 ns, Total: 81057 ns
[2024-02-11T00:28:00.761+0000][7][gc,start    ] GC(256) Pause Young (Normal) (G1 Evacuation Pause)
[2024-02-11T00:28:00.761+0000][7][gc,task     ] GC(256) Using 8 workers of 8 for evacuation
[2024-02-11T00:28:00.761+0000][7][gc,age      ] GC(256) Desired survivor size 41943040 bytes, new threshold 15 (max threshold 15)
[2024-02-11T00:28:00.764+0000][7][gc,phases   ] GC(256)   Pre Evacuate Collection Set: 0.1ms
[2024-02-11T00:28:00.764+0000][7][gc,phases   ] GC(256)   Merge Heap Roots: 0.1ms
[2024-02-11T00:28:00.764+0000][7][gc,phases   ] GC(256)   Evacuate Collection Set: 2.1ms
[2024-02-11T00:28:00.764+0000][7][gc,phases   ] GC(256)   Post Evacuate Collection Set: 0.7ms
[2024-02-11T00:28:00.764+0000][7][gc,phases   ] GC(256)   Other: 0.1ms
[2024-02-11T00:28:00.764+0000][7][gc,age      ] GC(256) Age table with threshold 15 (max threshold 15)
[2024-02-11T00:28:00.764+0000][7][gc,age      ] GC(256) - age   1:    2113264 bytes,    2113264 total
[2024-02-11T00:28:00.764+0000][7][gc,age      ] GC(256) - age   2:     110952 bytes,    2224216 total
[2024-02-11T00:28:00.764+0000][7][gc,age      ] GC(256) - age   3:      12728 bytes,    2236944 total
[2024-02-11T00:28:00.764+0000][7][gc,age      ] GC(256) - age   4:        280 bytes,    2237224 total
[2024-02-11T00:28:00.764+0000][7][gc,age      ] GC(256) - age   5:        184 bytes,    2237408 total
[2024-02-11T00:28:00.764+0000][7][gc,age      ] GC(256) - age   6:       8200 bytes,    2245608 total
[2024-02-11T00:28:00.764+0000][7][gc,age      ] GC(256) - age   9:     139880 bytes,    2385488 total
[2024-02-11T00:28:00.764+0000][7][gc,age      ] GC(256) - age  10:      57448 bytes,    2442936 total
[2024-02-11T00:28:00.764+0000][7][gc,age      ] GC(256) - age  11:       8200 bytes,    2451136 total
[2024-02-11T00:28:00.764+0000][7][gc,heap     ] GC(256) Eden regions: 152->0(152)
[2024-02-11T00:28:00.764+0000][7][gc,heap     ] GC(256) Survivor regions: 1->1(20)
[2024-02-11T00:28:00.764+0000][7][gc,heap     ] GC(256) Old regions: 24->24
[2024-02-11T00:28:00.764+0000][7][gc,heap     ] GC(256) Archive regions: 2->2
[2024-02-11T00:28:00.764+0000][7][gc,heap     ] GC(256) Humongous regions: 0->0
[2024-02-11T00:28:00.764+0000][7][gc,metaspace] GC(256) Metaspace: 129600K(133312K)->129600K(133312K) NonClass: 112622K(114560K)->112622K(114560K) Class: 16977K(18752K)->16977K(18752K)
[2024-02-11T00:28:00.764+0000][7][gc          ] GC(256) Pause Young (Normal) (G1 Evacuation Pause) 708M->101M(1024M) 3.203ms
[2024-02-11T00:28:00.764+0000][7][gc,cpu      ] GC(256) User=0.02s Sys=0.00s Real=0.00s
[2024-02-11T00:28:00.764+0000][7][safepoint   ] Safepoint "G1CollectForAllocation", Time since last: 21284631006 ns, Reaching safepoint: 49812 ns, At safepoint: 3279316 ns, Total: 3329128 ns
[2024-02-11T00:28:03.764+0000][7][safepoint   ] Safepoint "Cleanup", Time since last: 3000342012 ns, Reaching safepoint: 85645 ns, At safepoint: 8259 ns, Total: 93904 ns
[2024-02-11T00:28:06.765+0000][7][safepoint   ] Safepoint "Cleanup", Time since last: 3000398468 ns, Reaching safepoint: 39254 ns, At safepoint: 23834 ns, Total: 63088 ns
[2024-02-11T00:28:39.768+0000][7][safepoint   ] Safepoint "Cleanup", Time since last: 33003030974 ns, Reaching safepoint: 66949 ns, At safepoint: 8679 ns, Total: 75628 ns
[2024-02-11T00:29:03.771+0000][7][safepoint   ] Safepoint "Cleanup", Time since last: 24002630114 ns, Reaching safepoint: 64750 ns, At safepoint: 37002 ns, Total: 101752 ns
[2024-02-11T00:29:06.771+0000][7][safepoint   ] Safepoint "Cleanup", Time since last: 3000352863 ns, Reaching safepoint: 69676 ns, At safepoint: 38842 ns, Total: 108518 ns
[2024-02-11T00:29:36.775+0000][7][safepoint   ] Safepoint "Cleanup", Time since last: 30003304100 ns, Reaching safepoint: 86289 ns, At safepoint: 4980 ns, Total: 91269 ns
[2024-02-11T00:29:39.775+0000][7][safepoint   ] Safepoint "Cleanup", Time since last: 3000476157 ns, Reaching safepoint: 85555 ns, At safepoint: 7000 ns, Total: 92555 ns
[2024-02-11T00:30:35.932+0000][7][gc,start    ] GC(257) Pause Young (Normal) (G1 Evacuation Pause)
[2024-02-11T00:30:35.932+0000][7][gc,task     ] GC(257) Using 8 workers of 8 for evacuation
[2024-02-11T00:30:35.932+0000][7][gc,age      ] GC(257) Desired survivor size 41943040 bytes, new threshold 15 (max threshold 15)
[2024-02-11T00:30:35.935+0000][7][gc,phases   ] GC(257)   Pre Evacuate Collection Set: 0.1ms
[2024-02-11T00:30:35.935+0000][7][gc,phases   ] GC(257)   Merge Heap Roots: 0.1ms
[2024-02-11T00:30:35.935+0000][7][gc,phases   ] GC(257)   Evacuate Collection Set: 1.6ms
[2024-02-11T00:30:35.935+0000][7][gc,phases   ] GC(257)   Post Evacuate Collection Set: 0.7ms
[2024-02-11T00:30:35.935+0000][7][gc,phases   ] GC(257)   Other: 0.1ms
[2024-02-11T00:30:35.935+0000][7][gc,age      ] GC(257) Age table with threshold 15 (max threshold 15)
[2024-02-11T00:30:35.935+0000][7][gc,age      ] GC(257) - age   1:    1349104 bytes,    1349104 total
[2024-02-11T00:30:35.935+0000][7][gc,age      ] GC(257) - age   2:     947824 bytes,    2296928 total
[2024-02-11T00:30:35.935+0000][7][gc,age      ] GC(257) - age   3:     107680 bytes,    2404608 total
[2024-02-11T00:30:35.935+0000][7][gc,age      ] GC(257) - age   4:      12280 bytes,    2416888 total
[2024-02-11T00:30:35.935+0000][7][gc,age      ] GC(257) - age   5:        216 bytes,    2417104 total
[2024-02-11T00:30:35.935+0000][7][gc,age      ] GC(257) - age   6:        184 bytes,    2417288 total
[2024-02-11T00:30:35.935+0000][7][gc,age      ] GC(257) - age   7:       8200 bytes,    2425488 total
[2024-02-11T00:30:35.935+0000][7][gc,age      ] GC(257) - age  10:     139880 bytes,    2565368 total
[2024-02-11T00:30:35.935+0000][7][gc,age      ] GC(257) - age  11:      57448 bytes,    2622816 total
[2024-02-11T00:30:35.935+0000][7][gc,age      ] GC(257) - age  12:       8200 bytes,    2631016 total
[2024-02-11T00:30:35.935+0000][7][gc,heap     ] GC(257) Eden regions: 152->0(152)
[2024-02-11T00:30:35.935+0000][7][gc,heap     ] GC(257) Survivor regions: 1->1(20)
[2024-02-11T00:30:35.935+0000][7][gc,heap     ] GC(257) Old regions: 24->24
[2024-02-11T00:30:35.935+0000][7][gc,heap     ] GC(257) Archive regions: 2->2
[2024-02-11T00:30:35.935+0000][7][gc,heap     ] GC(257) Humongous regions: 0->0
[2024-02-11T00:30:35.935+0000][7][gc,metaspace] GC(257) Metaspace: 129601K(133312K)->129601K(133312K) NonClass: 112623K(114560K)->112623K(114560K) Class: 16977K(18752K)->16977K(18752K)
[2024-02-11T00:30:35.935+0000][7][gc          ] GC(257) Pause Young (Normal) (G1 Evacuation Pause) 709M->101M(1024M) 2.816ms
[2024-02-11T00:30:35.935+0000][7][gc,cpu      ] GC(257) User=0.01s Sys=0.00s Real=0.00s
[2024-02-11T00:30:35.935+0000][7][safepoint   ] Safepoint "G1CollectForAllocation", Time since last: 56156792679 ns, Reaching safepoint: 51992 ns, At safepoint: 2897921 ns, Total: 2949913 ns
[2024-02-11T00:31:35.941+0000][7][safepoint   ] Safepoint "Cleanup", Time since last: 60006443073 ns, Reaching safepoint: 113136 ns, At safepoint: 5781 ns, Total: 118917 ns
[2024-02-11T00:31:40.942+0000][7][safepoint   ] Safepoint "Cleanup", Time since last: 5000609483 ns, Reaching safepoint: 41857 ns, At safepoint: 5064 ns, Total: 46921 ns
[2024-02-11T00:33:42.673+0000][7][gc,start    ] GC(258) Pause Young (Normal) (G1 Evacuation Pause)
[2024-02-11T00:33:42.673+0000][7][gc,task     ] GC(258) Using 8 workers of 8 for evacuation
[2024-02-11T00:33:42.673+0000][7][gc,age      ] GC(258) Desired survivor size 41943040 bytes, new threshold 15 (max threshold 15)
[2024-02-11T00:33:42.676+0000][7][gc,phases   ] GC(258)   Pre Evacuate Collection Set: 0.1ms
[2024-02-11T00:33:42.676+0000][7][gc,phases   ] GC(258)   Merge Heap Roots: 0.1ms
[2024-02-11T00:33:42.676+0000][7][gc,phases   ] GC(258)   Evacuate Collection Set: 2.5ms
[2024-02-11T00:33:42.676+0000][7][gc,phases   ] GC(258)   Post Evacuate Collection Set: 0.7ms
[2024-02-11T00:33:42.676+0000][7][gc,phases   ] GC(258)   Other: 0.1ms
[2024-02-11T00:33:42.676+0000][7][gc,age      ] GC(258) Age table with threshold 15 (max threshold 15)
[2024-02-11T00:33:42.677+0000][7][gc,age      ] GC(258) - age   1:    2085280 bytes,    2085280 total
[2024-02-11T00:33:42.677+0000][7][gc,age      ] GC(258) - age   2:       5736 bytes,    2091016 total
[2024-02-11T00:33:42.677+0000][7][gc,age      ] GC(258) - age   3:     801168 bytes,    2892184 total
[2024-02-11T00:33:42.677+0000][7][gc,age      ] GC(258) - age   4:     107280 bytes,    2999464 total
[2024-02-11T00:33:42.677+0000][7][gc,age      ] GC(258) - age   5:       8824 bytes,    3008288 total
[2024-02-11T00:33:42.677+0000][7][gc,age      ] GC(258) - age   6:        216 bytes,    3008504 total
[2024-02-11T00:33:42.677+0000][7][gc,age      ] GC(258) - age   7:        184 bytes,    3008688 total
[2024-02-11T00:33:42.677+0000][7][gc,age      ] GC(258) - age   8:       8016 bytes,    3016704 total
[2024-02-11T00:33:42.677+0000][7][gc,age      ] GC(258) - age  11:     139880 bytes,    3156584 total
[2024-02-11T00:33:42.677+0000][7][gc,age      ] GC(258) - age  12:      57448 bytes,    3214032 total
[2024-02-11T00:33:42.677+0000][7][gc,age      ] GC(258) - age  13:       8016 bytes,    3222048 total
[2024-02-11T00:33:42.677+0000][7][gc,heap     ] GC(258) Eden regions: 152->0(152)
[2024-02-11T00:33:42.677+0000][7][gc,heap     ] GC(258) Survivor regions: 1->1(20)
[2024-02-11T00:33:42.677+0000][7][gc,heap     ] GC(258) Old regions: 24->24
[2024-02-11T00:33:42.677+0000][7][gc,heap     ] GC(258) Archive regions: 2->2
[2024-02-11T00:33:42.677+0000][7][gc,heap     ] GC(258) Humongous regions: 0->0
[2024-02-11T00:33:42.677+0000][7][gc,metaspace] GC(258) Metaspace: 129602K(133312K)->129602K(133312K) NonClass: 112624K(114560K)->112624K(114560K) Class: 16977K(18752K)->16977K(18752K)
[2024-02-11T00:33:42.677+0000][7][gc          ] GC(258) Pause Young (Normal) (G1 Evacuation Pause) 709M->102M(1024M) 3.806ms
[2024-02-11T00:33:42.677+0000][7][gc,cpu      ] GC(258) User=0.02s Sys=0.00s Real=0.01s
[2024-02-11T00:33:42.677+0000][7][safepoint   ] Safepoint "G1CollectForAllocation", Time since last: 121730635868 ns, Reaching safepoint: 42476 ns, At safepoint: 3905818 ns, Total: 3948294 ns
[2024-02-11T00:35:39.689+0000][7][safepoint   ] Safepoint "Cleanup", Time since last: 117012151859 ns, Reaching safepoint: 96252 ns, At safepoint: 8188 ns, Total: 104440 ns
[2024-02-11T00:36:47.964+0000][7][gc,start    ] GC(259) Pause Young (Normal) (G1 Evacuation Pause)
[2024-02-11T00:36:47.964+0000][7][gc,task     ] GC(259) Using 8 workers of 8 for evacuation
[2024-02-11T00:36:47.964+0000][7][gc,age      ] GC(259) Desired survivor size 41943040 bytes, new threshold 15 (max threshold 15)
[2024-02-11T00:36:47.966+0000][7][gc,phases   ] GC(259)   Pre Evacuate Collection Set: 0.1ms
[2024-02-11T00:36:47.966+0000][7][gc,phases   ] GC(259)   Merge Heap Roots: 0.0ms
[2024-02-11T00:36:47.966+0000][7][gc,phases   ] GC(259)   Evacuate Collection Set: 1.0ms
[2024-02-11T00:36:47.966+0000][7][gc,phases   ] GC(259)   Post Evacuate Collection Set: 0.5ms
[2024-02-11T00:36:47.966+0000][7][gc,phases   ] GC(259)   Other: 0.1ms
[2024-02-11T00:36:47.966+0000][7][gc,age      ] GC(259) Age table with threshold 15 (max threshold 15)
[2024-02-11T00:36:47.966+0000][7][gc,age      ] GC(259) - age   1:     911144 bytes,     911144 total
[2024-02-11T00:36:47.966+0000][7][gc,age      ] GC(259) - age   2:     207528 bytes,    1118672 total
[2024-02-11T00:36:47.966+0000][7][gc,age      ] GC(259) - age   3:       2424 bytes,    1121096 total
[2024-02-11T00:36:47.966+0000][7][gc,age      ] GC(259) - age   4:     800752 bytes,    1921848 total
[2024-02-11T00:36:47.966+0000][7][gc,age      ] GC(259) - age   5:     107216 bytes,    2029064 total
[2024-02-11T00:36:47.966+0000][7][gc,age      ] GC(259) - age   6:       8432 bytes,    2037496 total
[2024-02-11T00:36:47.966+0000][7][gc,age      ] GC(259) - age   7:        216 bytes,    2037712 total
[2024-02-11T00:36:47.966+0000][7][gc,age      ] GC(259) - age   8:        184 bytes,    2037896 total
[2024-02-11T00:36:47.966+0000][7][gc,age      ] GC(259) - age   9:       8016 bytes,    2045912 total
[2024-02-11T00:36:47.966+0000][7][gc,age      ] GC(259) - age  12:     139880 bytes,    2185792 total
[2024-02-11T00:36:47.966+0000][7][gc,age      ] GC(259) - age  13:      57448 bytes,    2243240 total
[2024-02-11T00:36:47.966+0000][7][gc,age      ] GC(259) - age  14:       8016 bytes,    2251256 total
[2024-02-11T00:36:47.966+0000][7][gc,heap     ] GC(259) Eden regions: 152->0(152)
[2024-02-11T00:36:47.966+0000][7][gc,heap     ] GC(259) Survivor regions: 1->1(20)
[2024-02-11T00:36:47.966+0000][7][gc,heap     ] GC(259) Old regions: 24->24
[2024-02-11T00:36:47.966+0000][7][gc,heap     ] GC(259) Archive regions: 2->2
[2024-02-11T00:36:47.966+0000][7][gc,heap     ] GC(259) Humongous regions: 0->0
[2024-02-11T00:36:47.966+0000][7][gc,metaspace] GC(259) Metaspace: 129602K(133312K)->129602K(133312K) NonClass: 112624K(114560K)->112624K(114560K) Class: 16977K(18752K)->16977K(18752K)
[2024-02-11T00:36:47.966+0000][7][gc          ] GC(259) Pause Young (Normal) (G1 Evacuation Pause) 710M->101M(1024M) 1.804ms
[2024-02-11T00:36:47.966+0000][7][gc,cpu      ] GC(259) User=0.01s Sys=0.00s Real=0.00s
[2024-02-11T00:36:47.966+0000][7][safepoint   ] Safepoint "G1CollectForAllocation", Time since last: 68275194292 ns, Reaching safepoint: 38722 ns, At safepoint: 1866869 ns, Total: 1905591 ns
[2024-02-11T00:37:05.968+0000][7][safepoint   ] Safepoint "Cleanup", Time since last: 18001472167 ns, Reaching safepoint: 108659 ns, At safepoint: 12834 ns, Total: 121493 ns
[2024-02-11T00:37:35.971+0000][7][safepoint   ] Safepoint "Cleanup", Time since last: 30003084087 ns, Reaching safepoint: 58289 ns, At safepoint: 6813 ns, Total: 65102 ns
[2024-02-11T00:39:27.983+0000][7][safepoint   ] Safepoint "Cleanup", Time since last: 112012069317 ns, Reaching safepoint: 44889 ns, At safepoint: 22548 ns, Total: 67437 ns
[2024-02-11T00:39:53.919+0000][7][gc,start    ] GC(260) Pause Young (Normal) (G1 Evacuation Pause)
[2024-02-11T00:39:53.919+0000][7][gc,task     ] GC(260) Using 8 workers of 8 for evacuation
[2024-02-11T00:39:53.919+0000][7][gc,age      ] GC(260) Desired survivor size 41943040 bytes, new threshold 15 (max threshold 15)
[2024-02-11T00:39:53.922+0000][7][gc,phases   ] GC(260)   Pre Evacuate Collection Set: 0.1ms
[2024-02-11T00:39:53.922+0000][7][gc,phases   ] GC(260)   Merge Heap Roots: 0.0ms
[2024-02-11T00:39:53.922+0000][7][gc,phases   ] GC(260)   Evacuate Collection Set: 1.5ms
[2024-02-11T00:39:53.922+0000][7][gc,phases   ] GC(260)   Post Evacuate Collection Set: 0.9ms
[2024-02-11T00:39:53.922+0000][7][gc,phases   ] GC(260)   Other: 0.1ms
[2024-02-11T00:39:53.922+0000][7][gc,age      ] GC(260) Age table with threshold 15 (max threshold 15)
[2024-02-11T00:39:53.922+0000][7][gc,age      ] GC(260) - age   1:    2129408 bytes,    2129408 total
[2024-02-11T00:39:53.922+0000][7][gc,age      ] GC(260) - age   2:      19768 bytes,    2149176 total
[2024-02-11T00:39:53.922+0000][7][gc,age      ] GC(260) - age   3:     197408 bytes,    2346584 total
[2024-02-11T00:39:53.922+0000][7][gc,age      ] GC(260) - age   4:       2360 bytes,    2348944 total
[2024-02-11T00:39:53.922+0000][7][gc,age      ] GC(260) - age   5:     800032 bytes,    3148976 total
[2024-02-11T00:39:53.922+0000][7][gc,age      ] GC(260) - age   6:     107216 bytes,    3256192 total
[2024-02-11T00:39:53.922+0000][7][gc,age      ] GC(260) - age   7:       8432 bytes,    3264624 total
[2024-02-11T00:39:53.922+0000][7][gc,age      ] GC(260) - age   8:        184 bytes,    3264808 total
[2024-02-11T00:39:53.922+0000][7][gc,age      ] GC(260) - age  10:       8016 bytes,    3272824 total
[2024-02-11T00:39:53.922+0000][7][gc,age      ] GC(260) - age  13:     139880 bytes,    3412704 total
[2024-02-11T00:39:53.922+0000][7][gc,age      ] GC(260) - age  14:      57448 bytes,    3470152 total
[2024-02-11T00:39:53.922+0000][7][gc,age      ] GC(260) - age  15:       8016 bytes,    3478168 total
[2024-02-11T00:39:53.922+0000][7][gc,heap     ] GC(260) Eden regions: 152->0(152)
[2024-02-11T00:39:53.922+0000][7][gc,heap     ] GC(260) Survivor regions: 1->1(20)
[2024-02-11T00:39:53.922+0000][7][gc,heap     ] GC(260) Old regions: 24->24
[2024-02-11T00:39:53.922+0000][7][gc,heap     ] GC(260) Archive regions: 2->2
[2024-02-11T00:39:53.922+0000][7][gc,heap     ] GC(260) Humongous regions: 0->0
[2024-02-11T00:39:53.922+0000][7][gc,metaspace] GC(260) Metaspace: 129602K(133312K)->129602K(133312K) NonClass: 112625K(114560K)->112625K(114560K) Class: 16977K(18752K)->16977K(18752K)
[2024-02-11T00:39:53.922+0000][7][gc          ] GC(260) Pause Young (Normal) (G1 Evacuation Pause) 709M->102M(1024M) 2.764ms
[2024-02-11T00:39:53.922+0000][7][gc,cpu      ] GC(260) User=0.01s Sys=0.00s Real=0.00s
[2024-02-11T00:39:53.922+0000][7][safepoint   ] Safepoint "G1CollectForAllocation", Time since last: 25936326574 ns, Reaching safepoint: 31733 ns, At safepoint: 2842891 ns, Total: 2874624 ns
[2024-02-11T00:40:20.925+0000][7][safepoint   ] Safepoint "Cleanup", Time since last: 27002520273 ns, Reaching safepoint: 41540 ns, At safepoint: 17874 ns, Total: 59414 ns
[2024-02-11T00:42:56.891+0000][7][gc,start    ] GC(261) Pause Young (Normal) (G1 Evacuation Pause)
[2024-02-11T00:42:56.891+0000][7][gc,task     ] GC(261) Using 8 workers of 8 for evacuation
[2024-02-11T00:42:56.891+0000][7][gc,age      ] GC(261) Desired survivor size 41943040 bytes, new threshold 15 (max threshold 15)
[2024-02-11T00:42:56.894+0000][7][gc,phases   ] GC(261)   Pre Evacuate Collection Set: 0.1ms
[2024-02-11T00:42:56.894+0000][7][gc,phases   ] GC(261)   Merge Heap Roots: 0.1ms
[2024-02-11T00:42:56.894+0000][7][gc,phases   ] GC(261)   Evacuate Collection Set: 1.9ms
[2024-02-11T00:42:56.894+0000][7][gc,phases   ] GC(261)   Post Evacuate Collection Set: 0.7ms
[2024-02-11T00:42:56.894+0000][7][gc,phases   ] GC(261)   Other: 0.1ms
[2024-02-11T00:42:56.894+0000][7][gc,age      ] GC(261) Age table with threshold 15 (max threshold 15)
[2024-02-11T00:42:56.894+0000][7][gc,age      ] GC(261) - age   1:     731952 bytes,     731952 total
[2024-02-11T00:42:56.894+0000][7][gc,age      ] GC(261) - age   2:      10192 bytes,     742144 total
[2024-02-11T00:42:56.894+0000][7][gc,age      ] GC(261) - age   3:      18424 bytes,     760568 total
[2024-02-11T00:42:56.894+0000][7][gc,age      ] GC(261) - age   4:     193760 bytes,     954328 total
[2024-02-11T00:42:56.894+0000][7][gc,age      ] GC(261) - age   5:       2064 bytes,     956392 total
[2024-02-11T00:42:56.894+0000][7][gc,age      ] GC(261) - age   6:     800032 bytes,    1756424 total
[2024-02-11T00:42:56.894+0000][7][gc,age      ] GC(261) - age   7:     107216 bytes,    1863640 total
[2024-02-11T00:42:56.894+0000][7][gc,age      ] GC(261) - age   8:       8432 bytes,    1872072 total
[2024-02-11T00:42:56.894+0000][7][gc,age      ] GC(261) - age   9:        184 bytes,    1872256 total
[2024-02-11T00:42:56.894+0000][7][gc,age      ] GC(261) - age  11:       8016 bytes,    1880272 total
[2024-02-11T00:42:56.894+0000][7][gc,age      ] GC(261) - age  14:     139880 bytes,    2020152 total
[2024-02-11T00:42:56.894+0000][7][gc,age      ] GC(261) - age  15:      57448 bytes,    2077600 total
[2024-02-11T00:42:56.894+0000][7][gc,heap     ] GC(261) Eden regions: 152->0(152)
[2024-02-11T00:42:56.894+0000][7][gc,heap     ] GC(261) Survivor regions: 1->1(20)
[2024-02-11T00:42:56.894+0000][7][gc,heap     ] GC(261) Old regions: 24->24
[2024-02-11T00:42:56.894+0000][7][gc,heap     ] GC(261) Archive regions: 2->2
[2024-02-11T00:42:56.894+0000][7][gc,heap     ] GC(261) Humongous regions: 0->0
[2024-02-11T00:42:56.894+0000][7][gc,metaspace] GC(261) Metaspace: 129602K(133312K)->129602K(133312K) NonClass: 112625K(114560K)->112625K(114560K) Class: 16977K(18752K)->16977K(18752K)
[2024-02-11T00:42:56.894+0000][7][gc          ] GC(261) Pause Young (Normal) (G1 Evacuation Pause) 710M->100M(1024M) 3.115ms
[2024-02-11T00:42:56.894+0000][7][gc,cpu      ] GC(261) User=0.02s Sys=0.00s Real=0.00s
[2024-02-11T00:42:56.894+0000][7][safepoint   ] Safepoint "G1CollectForAllocation", Time since last: 155966129284 ns, Reaching safepoint: 41537 ns, At safepoint: 3198651 ns, Total: 3240188 ns
[2024-02-11T00:46:08.897+0000][7][gc,start    ] GC(262) Pause Young (Normal) (G1 Evacuation Pause)
[2024-02-11T00:46:08.897+0000][7][gc,task     ] GC(262) Using 8 workers of 8 for evacuation
[2024-02-11T00:46:08.897+0000][7][gc,age      ] GC(262) Desired survivor size 41943040 bytes, new threshold 15 (max threshold 15)
[2024-02-11T00:46:08.900+0000][7][gc,phases   ] GC(262)   Pre Evacuate Collection Set: 0.1ms
[2024-02-11T00:46:08.900+0000][7][gc,phases   ] GC(262)   Merge Heap Roots: 0.1ms
[2024-02-11T00:46:08.900+0000][7][gc,phases   ] GC(262)   Evacuate Collection Set: 1.8ms
[2024-02-11T00:46:08.900+0000][7][gc,phases   ] GC(262)   Post Evacuate Collection Set: 0.8ms
[2024-02-11T00:46:08.900+0000][7][gc,phases   ] GC(262)   Other: 0.1ms
[2024-02-11T00:46:08.900+0000][7][gc,age      ] GC(262) Age table with threshold 15 (max threshold 15)
[2024-02-11T00:46:08.900+0000][7][gc,age      ] GC(262) - age   1:    1184512 bytes,    1184512 total
[2024-02-11T00:46:08.900+0000][7][gc,age      ] GC(262) - age   2:       4920 bytes,    1189432 total
[2024-02-11T00:46:08.900+0000][7][gc,age      ] GC(262) - age   3:       7880 bytes,    1197312 total
[2024-02-11T00:46:08.900+0000][7][gc,age      ] GC(262) - age   4:      17944 bytes,    1215256 total
[2024-02-11T00:46:08.900+0000][7][gc,age      ] GC(262) - age   5:     193760 bytes,    1409016 total
[2024-02-11T00:46:08.900+0000][7][gc,age      ] GC(262) - age   6:       2064 bytes,    1411080 total
[2024-02-11T00:46:08.900+0000][7][gc,age      ] GC(262) - age   7:     798904 bytes,    2209984 total
[2024-02-11T00:46:08.900+0000][7][gc,age      ] GC(262) - age   8:     107216 bytes,    2317200 total
[2024-02-11T00:46:08.900+0000][7][gc,age      ] GC(262) - age   9:       8432 bytes,    2325632 total
[2024-02-11T00:46:08.900+0000][7][gc,age      ] GC(262) - age  10:        184 bytes,    2325816 total
[2024-02-11T00:46:08.900+0000][7][gc,age      ] GC(262) - age  12:       8016 bytes,    2333832 total
[2024-02-11T00:46:08.900+0000][7][gc,age      ] GC(262) - age  15:     139880 bytes,    2473712 total
[2024-02-11T00:46:08.900+0000][7][gc,heap     ] GC(262) Eden regions: 152->0(152)
[2024-02-11T00:46:08.900+0000][7][gc,heap     ] GC(262) Survivor regions: 1->1(20)
[2024-02-11T00:46:08.900+0000][7][gc,heap     ] GC(262) Old regions: 24->24
[2024-02-11T00:46:08.900+0000][7][gc,heap     ] GC(262) Archive regions: 2->2
[2024-02-11T00:46:08.900+0000][7][gc,heap     ] GC(262) Humongous regions: 0->0
[2024-02-11T00:46:08.900+0000][7][gc,metaspace] GC(262) Metaspace: 129602K(133312K)->129602K(133312K) NonClass: 112625K(114560K)->112625K(114560K) Class: 16977K(18752K)->16977K(18752K)
[2024-02-11T00:46:08.900+0000][7][gc          ] GC(262) Pause Young (Normal) (G1 Evacuation Pause) 708M->101M(1024M) 3.268ms
[2024-02-11T00:46:08.900+0000][7][gc,cpu      ] GC(262) User=0.01s Sys=0.00s Real=0.00s
[2024-02-11T00:46:08.900+0000][7][safepoint   ] Safepoint "G1CollectForAllocation", Time since last: 192002457175 ns, Reaching safepoint: 68354 ns, At safepoint: 3362565 ns, Total: 3430919 ns
[2024-02-11T00:47:29.910+0000][7][safepoint   ] Safepoint "Cleanup", Time since last: 81009945438 ns, Reaching safepoint: 128547 ns, At safepoint: 29837 ns, Total: 158384 ns
[2024-02-11T00:49:06.594+0000][7][gc,start    ] GC(263) Pause Young (Normal) (G1 Evacuation Pause)
[2024-02-11T00:49:06.594+0000][7][gc,task     ] GC(263) Using 8 workers of 8 for evacuation
[2024-02-11T00:49:06.594+0000][7][gc,age      ] GC(263) Desired survivor size 41943040 bytes, new threshold 15 (max threshold 15)
[2024-02-11T00:49:06.596+0000][7][gc,phases   ] GC(263)   Pre Evacuate Collection Set: 0.1ms
[2024-02-11T00:49:06.596+0000][7][gc,phases   ] GC(263)   Merge Heap Roots: 0.0ms
[2024-02-11T00:49:06.596+0000][7][gc,phases   ] GC(263)   Evacuate Collection Set: 1.2ms
[2024-02-11T00:49:06.596+0000][7][gc,phases   ] GC(263)   Post Evacuate Collection Set: 0.6ms
[2024-02-11T00:49:06.596+0000][7][gc,phases   ] GC(263)   Other: 0.1ms
[2024-02-11T00:49:06.596+0000][7][gc,age      ] GC(263) Age table with threshold 15 (max threshold 15)
[2024-02-11T00:49:06.596+0000][7][gc,age      ] GC(263) - age   1:    1607664 bytes,    1607664 total
[2024-02-11T00:49:06.596+0000][7][gc,age      ] GC(263) - age   2:      10944 bytes,    1618608 total
[2024-02-11T00:49:06.596+0000][7][gc,age      ] GC(263) - age   3:       3640 bytes,    1622248 total
[2024-02-11T00:49:06.596+0000][7][gc,age      ] GC(263) - age   4:       7136 bytes,    1629384 total
[2024-02-11T00:49:06.596+0000][7][gc,age      ] GC(263) - age   5:      17944 bytes,    1647328 total
[2024-02-11T00:49:06.596+0000][7][gc,age      ] GC(263) - age   6:     193576 bytes,    1840904 total
[2024-02-11T00:49:06.596+0000][7][gc,age      ] GC(263) - age   7:       2064 bytes,    1842968 total
[2024-02-11T00:49:06.596+0000][7][gc,age      ] GC(263) - age   8:     798904 bytes,    2641872 total
[2024-02-11T00:49:06.596+0000][7][gc,age      ] GC(263) - age   9:     107216 bytes,    2749088 total
[2024-02-11T00:49:06.596+0000][7][gc,age      ] GC(263) - age  10:       8432 bytes,    2757520 total
[2024-02-11T00:49:06.596+0000][7][gc,age      ] GC(263) - age  11:        184 bytes,    2757704 total
[2024-02-11T00:49:06.596+0000][7][gc,age      ] GC(263) - age  13:       8016 bytes,    2765720 total
[2024-02-11T00:49:06.596+0000][7][gc,heap     ] GC(263) Eden regions: 152->0(152)
[2024-02-11T00:49:06.596+0000][7][gc,heap     ] GC(263) Survivor regions: 1->1(20)
[2024-02-11T00:49:06.596+0000][7][gc,heap     ] GC(263) Old regions: 24->24
[2024-02-11T00:49:06.596+0000][7][gc,heap     ] GC(263) Archive regions: 2->2
[2024-02-11T00:49:06.596+0000][7][gc,heap     ] GC(263) Humongous regions: 0->0
[2024-02-11T00:49:06.596+0000][7][gc,metaspace] GC(263) Metaspace: 129602K(133312K)->129602K(133312K) NonClass: 112625K(114560K)->112625K(114560K) Class: 16977K(18752K)->16977K(18752K)
[2024-02-11T00:49:06.596+0000][7][gc          ] GC(263) Pause Young (Normal) (G1 Evacuation Pause) 709M->101M(1024M) 2.235ms
[2024-02-11T00:49:06.596+0000][7][gc,cpu      ] GC(263) User=0.01s Sys=0.00s Real=0.01s
[2024-02-11T00:49:06.596+0000][7][safepoint   ] Safepoint "G1CollectForAllocation", Time since last: 96683789905 ns, Reaching safepoint: 44624 ns, At safepoint: 2298931 ns, Total: 2343555 ns
[2024-02-11T00:52:12.620+0000][7][safepoint   ] Safepoint "Cleanup", Time since last: 186024107167 ns, Reaching safepoint: 92313 ns, At safepoint: 10247 ns, Total: 102560 ns
[2024-02-11T00:52:17.976+0000][7][gc,start    ] GC(264) Pause Young (Normal) (G1 Evacuation Pause)
[2024-02-11T00:52:17.977+0000][7][gc,task     ] GC(264) Using 8 workers of 8 for evacuation
[2024-02-11T00:52:17.977+0000][7][gc,age      ] GC(264) Desired survivor size 41943040 bytes, new threshold 15 (max threshold 15)
[2024-02-11T00:52:17.979+0000][7][gc,phases   ] GC(264)   Pre Evacuate Collection Set: 0.1ms
[2024-02-11T00:52:17.979+0000][7][gc,phases   ] GC(264)   Merge Heap Roots: 0.1ms
[2024-02-11T00:52:17.979+0000][7][gc,phases   ] GC(264)   Evacuate Collection Set: 1.4ms
[2024-02-11T00:52:17.979+0000][7][gc,phases   ] GC(264)   Post Evacuate Collection Set: 0.6ms
[2024-02-11T00:52:17.979+0000][7][gc,phases   ] GC(264)   Other: 0.1ms
[2024-02-11T00:52:17.979+0000][7][gc,age      ] GC(264) Age table with threshold 15 (max threshold 15)
[2024-02-11T00:52:17.979+0000][7][gc,age      ] GC(264) - age   1:    1121400 bytes,    1121400 total
[2024-02-11T00:52:17.979+0000][7][gc,age      ] GC(264) - age   2:       4488 bytes,    1125888 total
[2024-02-11T00:52:17.979+0000][7][gc,age      ] GC(264) - age   3:        888 bytes,    1126776 total
[2024-02-11T00:52:17.979+0000][7][gc,age      ] GC(264) - age   4:        184 bytes,    1126960 total
[2024-02-11T00:52:17.979+0000][7][gc,age      ] GC(264) - age   5:       7136 bytes,    1134096 total
[2024-02-11T00:52:17.979+0000][7][gc,age      ] GC(264) - age   6:      17552 bytes,    1151648 total
[2024-02-11T00:52:17.979+0000][7][gc,age      ] GC(264) - age   7:     193576 bytes,    1345224 total
[2024-02-11T00:52:17.979+0000][7][gc,age      ] GC(264) - age   8:       2064 bytes,    1347288 total
[2024-02-11T00:52:17.979+0000][7][gc,age      ] GC(264) - age   9:     798904 bytes,    2146192 total
[2024-02-11T00:52:17.979+0000][7][gc,age      ] GC(264) - age  10:     107216 bytes,    2253408 total
[2024-02-11T00:52:17.979+0000][7][gc,age      ] GC(264) - age  11:       8248 bytes,    2261656 total
[2024-02-11T00:52:17.979+0000][7][gc,age      ] GC(264) - age  12:        184 bytes,    2261840 total
[2024-02-11T00:52:17.979+0000][7][gc,age      ] GC(264) - age  14:       8016 bytes,    2269856 total
[2024-02-11T00:52:17.979+0000][7][gc,heap     ] GC(264) Eden regions: 152->0(152)
[2024-02-11T00:52:17.979+0000][7][gc,heap     ] GC(264) Survivor regions: 1->1(20)
[2024-02-11T00:52:17.979+0000][7][gc,heap     ] GC(264) Old regions: 24->24
[2024-02-11T00:52:17.979+0000][7][gc,heap     ] GC(264) Archive regions: 2->2
[2024-02-11T00:52:17.979+0000][7][gc,heap     ] GC(264) Humongous regions: 0->0
[2024-02-11T00:52:17.979+0000][7][gc,metaspace] GC(264) Metaspace: 129602K(133312K)->129602K(133312K) NonClass: 112625K(114560K)->112625K(114560K) Class: 16977K(18752K)->16977K(18752K)
[2024-02-11T00:52:17.979+0000][7][gc          ] GC(264) Pause Young (Normal) (G1 Evacuation Pause) 709M->101M(1024M) 2.543ms
[2024-02-11T00:52:17.979+0000][7][gc,cpu      ] GC(264) User=0.01s Sys=0.00s Real=0.00s
[2024-02-11T00:52:17.979+0000][7][safepoint   ] Safepoint "G1CollectForAllocation", Time since last: 5355999841 ns, Reaching safepoint: 45900 ns, At safepoint: 2654758 ns, Total: 2700658 ns
[2024-02-11T00:55:12.062+0000][7][gc,start    ] GC(265) Pause Young (Normal) (G1 Evacuation Pause)
[2024-02-11T00:55:12.062+0000][7][gc,task     ] GC(265) Using 8 workers of 8 for evacuation
[2024-02-11T00:55:12.062+0000][7][gc,age      ] GC(265) Desired survivor size 41943040 bytes, new threshold 15 (max threshold 15)
[2024-02-11T00:55:12.064+0000][7][gc,phases   ] GC(265)   Pre Evacuate Collection Set: 0.1ms
[2024-02-11T00:55:12.064+0000][7][gc,phases   ] GC(265)   Merge Heap Roots: 0.0ms
[2024-02-11T00:55:12.064+0000][7][gc,phases   ] GC(265)   Evacuate Collection Set: 1.3ms
[2024-02-11T00:55:12.064+0000][7][gc,phases   ] GC(265)   Post Evacuate Collection Set: 0.6ms
[2024-02-11T00:55:12.064+0000][7][gc,phases   ] GC(265)   Other: 0.1ms
[2024-02-11T00:55:12.064+0000][7][gc,age      ] GC(265) Age table with threshold 15 (max threshold 15)
[2024-02-11T00:55:12.064+0000][7][gc,age      ] GC(265) - age   1:    2230264 bytes,    2230264 total
[2024-02-11T00:55:12.064+0000][7][gc,age      ] GC(265) - age   2:       5712 bytes,    2235976 total
[2024-02-11T00:55:12.064+0000][7][gc,age      ] GC(265) - age   3:       1096 bytes,    2237072 total
[2024-02-11T00:55:12.064+0000][7][gc,age      ] GC(265) - age   4:        568 bytes,    2237640 total
[2024-02-11T00:55:12.064+0000][7][gc,age      ] GC(265) - age   5:        184 bytes,    2237824 total
[2024-02-11T00:55:12.064+0000][7][gc,age      ] GC(265) - age   6:       7112 bytes,    2244936 total
[2024-02-11T00:55:12.064+0000][7][gc,age      ] GC(265) - age   7:      17520 bytes,    2262456 total
[2024-02-11T00:55:12.064+0000][7][gc,age      ] GC(265) - age   8:     193576 bytes,    2456032 total
[2024-02-11T00:55:12.064+0000][7][gc,age      ] GC(265) - age   9:       2064 bytes,    2458096 total
[2024-02-11T00:55:12.064+0000][7][gc,age      ] GC(265) - age  10:     798720 bytes,    3256816 total
[2024-02-11T00:55:12.064+0000][7][gc,age      ] GC(265) - age  11:     107216 bytes,    3364032 total
[2024-02-11T00:55:12.064+0000][7][gc,age      ] GC(265) - age  12:       8248 bytes,    3372280 total
[2024-02-11T00:55:12.064+0000][7][gc,age      ] GC(265) - age  13:        184 bytes,    3372464 total
[2024-02-11T00:55:12.064+0000][7][gc,age      ] GC(265) - age  15:       8016 bytes,    3380480 total
[2024-02-11T00:55:12.064+0000][7][gc,heap     ] GC(265) Eden regions: 152->0(152)
[2024-02-11T00:55:12.064+0000][7][gc,heap     ] GC(265) Survivor regions: 1->1(20)
[2024-02-11T00:55:12.064+0000][7][gc,heap     ] GC(265) Old regions: 24->24
[2024-02-11T00:55:12.064+0000][7][gc,heap     ] GC(265) Archive regions: 2->2
[2024-02-11T00:55:12.064+0000][7][gc,heap     ] GC(265) Humongous regions: 0->0
[2024-02-11T00:55:12.064+0000][7][gc,metaspace] GC(265) Metaspace: 129603K(133312K)->129603K(133312K) NonClass: 112625K(114560K)->112625K(114560K) Class: 16977K(18752K)->16977K(18752K)
[2024-02-11T00:55:12.064+0000][7][gc          ] GC(265) Pause Young (Normal) (G1 Evacuation Pause) 709M->102M(1024M) 2.331ms
[2024-02-11T00:55:12.064+0000][7][gc,cpu      ] GC(265) User=0.01s Sys=0.00s Real=0.00s
[2024-02-11T00:55:12.064+0000][7][safepoint   ] Safepoint "G1CollectForAllocation", Time since last: 174082810923 ns, Reaching safepoint: 48353 ns, At safepoint: 2396616 ns, Total: 2444969 ns
[2024-02-11T00:58:24.686+0000][7][gc,start    ] GC(266) Pause Young (Normal) (G1 Evacuation Pause)
[2024-02-11T00:58:24.686+0000][7][gc,task     ] GC(266) Using 8 workers of 8 for evacuation
[2024-02-11T00:58:24.686+0000][7][gc,age      ] GC(266) Desired survivor size 41943040 bytes, new threshold 15 (max threshold 15)
[2024-02-11T00:58:24.689+0000][7][gc,phases   ] GC(266)   Pre Evacuate Collection Set: 0.2ms
[2024-02-11T00:58:24.689+0000][7][gc,phases   ] GC(266)   Merge Heap Roots: 0.1ms
[2024-02-11T00:58:24.689+0000][7][gc,phases   ] GC(266)   Evacuate Collection Set: 1.5ms
[2024-02-11T00:58:24.689+0000][7][gc,phases   ] GC(266)   Post Evacuate Collection Set: 0.8ms
[2024-02-11T00:58:24.689+0000][7][gc,phases   ] GC(266)   Other: 0.1ms
[2024-02-11T00:58:24.689+0000][7][gc,age      ] GC(266) Age table with threshold 15 (max threshold 15)
[2024-02-11T00:58:24.689+0000][7][gc,age      ] GC(266) - age   1:     889864 bytes,     889864 total
[2024-02-11T00:58:24.689+0000][7][gc,age      ] GC(266) - age   2:      10592 bytes,     900456 total
[2024-02-11T00:58:24.689+0000][7][gc,age      ] GC(266) - age   3:       4032 bytes,     904488 total
[2024-02-11T00:58:24.689+0000][7][gc,age      ] GC(266) - age   4:         96 bytes,     904584 total
[2024-02-11T00:58:24.689+0000][7][gc,age      ] GC(266) - age   5:        568 bytes,     905152 total
[2024-02-11T00:58:24.689+0000][7][gc,age      ] GC(266) - age   7:       7080 bytes,     912232 total
[2024-02-11T00:58:24.689+0000][7][gc,age      ] GC(266) - age   8:      17520 bytes,     929752 total
[2024-02-11T00:58:24.689+0000][7][gc,age      ] GC(266) - age   9:     193576 bytes,    1123328 total
[2024-02-11T00:58:24.689+0000][7][gc,age      ] GC(266) - age  10:       2064 bytes,    1125392 total
[2024-02-11T00:58:24.689+0000][7][gc,age      ] GC(266) - age  11:     798720 bytes,    1924112 total
[2024-02-11T00:58:24.689+0000][7][gc,age      ] GC(266) - age  12:     107216 bytes,    2031328 total
[2024-02-11T00:58:24.689+0000][7][gc,age      ] GC(266) - age  13:       8248 bytes,    2039576 total
[2024-02-11T00:58:24.689+0000][7][gc,age      ] GC(266) - age  14:        184 bytes,    2039760 total
[2024-02-11T00:58:24.689+0000][7][gc,heap     ] GC(266) Eden regions: 152->0(152)
[2024-02-11T00:58:24.689+0000][7][gc,heap     ] GC(266) Survivor regions: 1->1(20)
[2024-02-11T00:58:24.689+0000][7][gc,heap     ] GC(266) Old regions: 24->24
[2024-02-11T00:58:24.689+0000][7][gc,heap     ] GC(266) Archive regions: 2->2
[2024-02-11T00:58:24.689+0000][7][gc,heap     ] GC(266) Humongous regions: 0->0
[2024-02-11T00:58:24.689+0000][7][gc,metaspace] GC(266) Metaspace: 129605K(133312K)->129605K(133312K) NonClass: 112628K(114560K)->112628K(114560K) Class: 16977K(18752K)->16977K(18752K)
[2024-02-11T00:58:24.689+0000][7][gc          ] GC(266) Pause Young (Normal) (G1 Evacuation Pause) 710M->101M(1024M) 3.079ms
[2024-02-11T00:58:24.689+0000][7][gc,cpu      ] GC(266) User=0.01s Sys=0.00s Real=0.01s
[2024-02-11T00:58:24.689+0000][7][safepoint   ] Safepoint "G1CollectForAllocation", Time since last: 192621484366 ns, Reaching safepoint: 75645 ns, At safepoint: 3185595 ns, Total: 3261240 ns
[2024-02-11T00:59:39.699+0000][7][safepoint   ] Safepoint "Cleanup", Time since last: 75009758880 ns, Reaching safepoint: 74105 ns, At safepoint: 10504 ns, Total: 84609 ns
[2024-02-11T01:01:28.160+0000][7][gc,start    ] GC(267) Pause Young (Normal) (G1 Evacuation Pause)
[2024-02-11T01:01:28.160+0000][7][gc,task     ] GC(267) Using 8 workers of 8 for evacuation
[2024-02-11T01:01:28.160+0000][7][gc,age      ] GC(267) Desired survivor size 41943040 bytes, new threshold 15 (max threshold 15)
[2024-02-11T01:01:28.163+0000][7][gc,phases   ] GC(267)   Pre Evacuate Collection Set: 0.1ms
[2024-02-11T01:01:28.163+0000][7][gc,phases   ] GC(267)   Merge Heap Roots: 0.1ms
[2024-02-11T01:01:28.163+0000][7][gc,phases   ] GC(267)   Evacuate Collection Set: 1.7ms
[2024-02-11T01:01:28.163+0000][7][gc,phases   ] GC(267)   Post Evacuate Collection Set: 0.7ms
[2024-02-11T01:01:28.163+0000][7][gc,phases   ] GC(267)   Other: 0.1ms
[2024-02-11T01:01:28.163+0000][7][gc,age      ] GC(267) Age table with threshold 15 (max threshold 15)
[2024-02-11T01:01:28.163+0000][7][gc,age      ] GC(267) - age   1:    1873856 bytes,    1873856 total
[2024-02-11T01:01:28.163+0000][7][gc,age      ] GC(267) - age   2:       3136 bytes,    1876992 total
[2024-02-11T01:01:28.163+0000][7][gc,age      ] GC(267) - age   3:        464 bytes,    1877456 total
[2024-02-11T01:01:28.163+0000][7][gc,age      ] GC(267) - age   4:       4032 bytes,    1881488 total
[2024-02-11T01:01:28.163+0000][7][gc,age      ] GC(267) - age   5:         32 bytes,    1881520 total
[2024-02-11T01:01:28.163+0000][7][gc,age      ] GC(267) - age   6:        568 bytes,    1882088 total
[2024-02-11T01:01:28.163+0000][7][gc,age      ] GC(267) - age   8:       7080 bytes,    1889168 total
[2024-02-11T01:01:28.163+0000][7][gc,age      ] GC(267) - age   9:      17520 bytes,    1906688 total
[2024-02-11T01:01:28.163+0000][7][gc,age      ] GC(267) - age  10:     193576 bytes,    2100264 total
[2024-02-11T01:01:28.163+0000][7][gc,age      ] GC(267) - age  11:       2064 bytes,    2102328 total
[2024-02-11T01:01:28.163+0000][7][gc,age      ] GC(267) - age  12:     798720 bytes,    2901048 total
[2024-02-11T01:01:28.163+0000][7][gc,age      ] GC(267) - age  13:     107216 bytes,    3008264 total
[2024-02-11T01:01:28.163+0000][7][gc,age      ] GC(267) - age  14:       8248 bytes,    3016512 total
[2024-02-11T01:01:28.163+0000][7][gc,age      ] GC(267) - age  15:        184 bytes,    3016696 total
[2024-02-11T01:01:28.163+0000][7][gc,heap     ] GC(267) Eden regions: 152->0(152)
[2024-02-11T01:01:28.163+0000][7][gc,heap     ] GC(267) Survivor regions: 1->1(20)
[2024-02-11T01:01:28.163+0000][7][gc,heap     ] GC(267) Old regions: 24->24
[2024-02-11T01:01:28.163+0000][7][gc,heap     ] GC(267) Archive regions: 2->2
[2024-02-11T01:01:28.163+0000][7][gc,heap     ] GC(267) Humongous regions: 0->0
[2024-02-11T01:01:28.163+0000][7][gc,metaspace] GC(267) Metaspace: 129605K(133312K)->129605K(133312K) NonClass: 112628K(114560K)->112628K(114560K) Class: 16977K(18752K)->16977K(18752K)
[2024-02-11T01:01:28.163+0000][7][gc          ] GC(267) Pause Young (Normal) (G1 Evacuation Pause) 709M->101M(1024M) 2.885ms
[2024-02-11T01:01:28.163+0000][7][gc,cpu      ] GC(267) User=0.01s Sys=0.00s Real=0.00s
[2024-02-11T01:01:28.163+0000][7][safepoint   ] Safepoint "G1CollectForAllocation", Time since last: 108460949365 ns, Reaching safepoint: 34705 ns, At safepoint: 2970817 ns, Total: 3005522 ns
[2024-02-11T01:02:01.111+0000][7][safepoint   ] Safepoint "Cleanup", Time since last: 32947613288 ns, Reaching safepoint: 86252 ns, At safepoint: 7481 ns, Total: 93733 ns
[2024-02-11T01:04:29.980+0000][7][gc,start    ] GC(268) Pause Young (Normal) (G1 Evacuation Pause)
[2024-02-11T01:04:29.980+0000][7][gc,task     ] GC(268) Using 8 workers of 8 for evacuation
[2024-02-11T01:04:29.980+0000][7][gc,age      ] GC(268) Desired survivor size 41943040 bytes, new threshold 15 (max threshold 15)
[2024-02-11T01:04:29.983+0000][7][gc,phases   ] GC(268)   Pre Evacuate Collection Set: 0.1ms
[2024-02-11T01:04:29.983+0000][7][gc,phases   ] GC(268)   Merge Heap Roots: 0.1ms
[2024-02-11T01:04:29.983+0000][7][gc,phases   ] GC(268)   Evacuate Collection Set: 1.3ms
[2024-02-11T01:04:29.983+0000][7][gc,phases   ] GC(268)   Post Evacuate Collection Set: 0.7ms
[2024-02-11T01:04:29.983+0000][7][gc,phases   ] GC(268)   Other: 0.1ms
[2024-02-11T01:04:29.983+0000][7][gc,age      ] GC(268) Age table with threshold 15 (max threshold 15)
[2024-02-11T01:04:29.983+0000][7][gc,age      ] GC(268) - age   1:     781736 bytes,     781736 total
[2024-02-11T01:04:29.983+0000][7][gc,age      ] GC(268) - age   2:       3528 bytes,     785264 total
[2024-02-11T01:04:29.983+0000][7][gc,age      ] GC(268) - age   3:       1120 bytes,     786384 total
[2024-02-11T01:04:29.983+0000][7][gc,age      ] GC(268) - age   4:        184 bytes,     786568 total
[2024-02-11T01:04:29.983+0000][7][gc,age      ] GC(268) - age   5:        576 bytes,     787144 total
[2024-02-11T01:04:29.983+0000][7][gc,age      ] GC(268) - age   6:         32 bytes,     787176 total
[2024-02-11T01:04:29.983+0000][7][gc,age      ] GC(268) - age   7:        568 bytes,     787744 total
[2024-02-11T01:04:29.983+0000][7][gc,age      ] GC(268) - age   9:       7080 bytes,     794824 total
[2024-02-11T01:04:29.983+0000][7][gc,age      ] GC(268) - age  10:      17520 bytes,     812344 total
[2024-02-11T01:04:29.983+0000][7][gc,age      ] GC(268) - age  11:     193576 bytes,    1005920 total
[2024-02-11T01:04:29.983+0000][7][gc,age      ] GC(268) - age  12:       2064 bytes,    1007984 total
[2024-02-11T01:04:29.983+0000][7][gc,age      ] GC(268) - age  13:     798024 bytes,    1806008 total
[2024-02-11T01:04:29.983+0000][7][gc,age      ] GC(268) - age  14:     107216 bytes,    1913224 total
[2024-02-11T01:04:29.983+0000][7][gc,age      ] GC(268) - age  15:       8248 bytes,    1921472 total
[2024-02-11T01:04:29.983+0000][7][gc,heap     ] GC(268) Eden regions: 152->0(152)
[2024-02-11T01:04:29.983+0000][7][gc,heap     ] GC(268) Survivor regions: 1->1(20)
[2024-02-11T01:04:29.983+0000][7][gc,heap     ] GC(268) Old regions: 24->24
[2024-02-11T01:04:29.983+0000][7][gc,heap     ] GC(268) Archive regions: 2->2
[2024-02-11T01:04:29.983+0000][7][gc,heap     ] GC(268) Humongous regions: 0->0
[2024-02-11T01:04:29.983+0000][7][gc,metaspace] GC(268) Metaspace: 129606K(133312K)->129606K(133312K) NonClass: 112628K(114560K)->112628K(114560K) Class: 16977K(18752K)->16977K(18752K)
[2024-02-11T01:04:29.983+0000][7][gc          ] GC(268) Pause Young (Normal) (G1 Evacuation Pause) 709M->100M(1024M) 2.612ms
[2024-02-11T01:04:29.983+0000][7][gc,cpu      ] GC(268) User=0.01s Sys=0.00s Real=0.00s
[2024-02-11T01:04:29.983+0000][7][safepoint   ] Safepoint "G1CollectForAllocation", Time since last: 148869449283 ns, Reaching safepoint: 46819 ns, At safepoint: 2706333 ns, Total: 2753152 ns
[2024-02-11T01:05:39.990+0000][7][safepoint   ] Safepoint "Cleanup", Time since last: 70007450676 ns, Reaching safepoint: 70142 ns, At safepoint: 41041 ns, Total: 111183 ns
[2024-02-11T01:06:41.997+0000][7][safepoint   ] Safepoint "Cleanup", Time since last: 62006954031 ns, Reaching safepoint: 124926 ns, At safepoint: 8390 ns, Total: 133316 ns
[2024-02-11T01:06:47.998+0000][7][safepoint   ] Safepoint "Cleanup", Time since last: 6000619858 ns, Reaching safepoint: 53466 ns, At safepoint: 13818 ns, Total: 67284 ns
[2024-02-11T01:07:27.083+0000][7][gc,start    ] GC(269) Pause Young (Normal) (G1 Evacuation Pause)
[2024-02-11T01:07:27.083+0000][7][gc,task     ] GC(269) Using 8 workers of 8 for evacuation
[2024-02-11T01:07:27.083+0000][7][gc,age      ] GC(269) Desired survivor size 41943040 bytes, new threshold 15 (max threshold 15)
[2024-02-11T01:07:27.086+0000][7][gc,phases   ] GC(269)   Pre Evacuate Collection Set: 0.2ms
[2024-02-11T01:07:27.086+0000][7][gc,phases   ] GC(269)   Merge Heap Roots: 0.1ms
[2024-02-11T01:07:27.086+0000][7][gc,phases   ] GC(269)   Evacuate Collection Set: 1.6ms
[2024-02-11T01:07:27.086+0000][7][gc,phases   ] GC(269)   Post Evacuate Collection Set: 0.7ms
[2024-02-11T01:07:27.086+0000][7][gc,phases   ] GC(269)   Other: 0.1ms
[2024-02-11T01:07:27.086+0000][7][gc,age      ] GC(269) Age table with threshold 15 (max threshold 15)
[2024-02-11T01:07:27.086+0000][7][gc,age      ] GC(269) - age   1:    1174768 bytes,    1174768 total
[2024-02-11T01:07:27.086+0000][7][gc,age      ] GC(269) - age   2:     139096 bytes,    1313864 total
[2024-02-11T01:07:27.086+0000][7][gc,age      ] GC(269) - age   3:        936 bytes,    1314800 total
[2024-02-11T01:07:27.086+0000][7][gc,age      ] GC(269) - age   4:        800 bytes,    1315600 total
[2024-02-11T01:07:27.086+0000][7][gc,age      ] GC(269) - age   5:        184 bytes,    1315784 total
[2024-02-11T01:07:27.086+0000][7][gc,age      ] GC(269) - age   6:        184 bytes,    1315968 total
[2024-02-11T01:07:27.086+0000][7][gc,age      ] GC(269) - age   7:         32 bytes,    1316000 total
[2024-02-11T01:07:27.086+0000][7][gc,age      ] GC(269) - age   8:        184 bytes,    1316184 total
[2024-02-11T01:07:27.086+0000][7][gc,age      ] GC(269) - age  10:       7080 bytes,    1323264 total
[2024-02-11T01:07:27.086+0000][7][gc,age      ] GC(269) - age  11:      17520 bytes,    1340784 total
[2024-02-11T01:07:27.086+0000][7][gc,age      ] GC(269) - age  12:     193576 bytes,    1534360 total
[2024-02-11T01:07:27.086+0000][7][gc,age      ] GC(269) - age  13:       2064 bytes,    1536424 total
[2024-02-11T01:07:27.086+0000][7][gc,age      ] GC(269) - age  14:     798000 bytes,    2334424 total
[2024-02-11T01:07:27.086+0000][7][gc,age      ] GC(269) - age  15:     107216 bytes,    2441640 total
[2024-02-11T01:07:27.086+0000][7][gc,heap     ] GC(269) Eden regions: 152->0(152)
[2024-02-11T01:07:27.086+0000][7][gc,heap     ] GC(269) Survivor regions: 1->1(20)
[2024-02-11T01:07:27.086+0000][7][gc,heap     ] GC(269) Old regions: 24->24
[2024-02-11T01:07:27.086+0000][7][gc,heap     ] GC(269) Archive regions: 2->2
[2024-02-11T01:07:27.086+0000][7][gc,heap     ] GC(269) Humongous regions: 0->0
[2024-02-11T01:07:27.086+0000][7][gc,metaspace] GC(269) Metaspace: 129606K(133312K)->129606K(133312K) NonClass: 112628K(114560K)->112628K(114560K) Class: 16977K(18752K)->16977K(18752K)
[2024-02-11T01:07:27.086+0000][7][gc          ] GC(269) Pause Young (Normal) (G1 Evacuation Pause) 708M->101M(1024M) 3.032ms
[2024-02-11T01:07:27.086+0000][7][gc,cpu      ] GC(269) User=0.01s Sys=0.00s Real=0.00s
[2024-02-11T01:07:27.086+0000][7][safepoint   ] Safepoint "G1CollectForAllocation", Time since last: 39084928657 ns, Reaching safepoint: 57798 ns, At safepoint: 3123800 ns, Total: 3181598 ns
[2024-02-11T01:10:06.027+0000][7][gc,start    ] GC(270) Pause Young (Normal) (G1 Evacuation Pause)
[2024-02-11T01:10:06.027+0000][7][gc,task     ] GC(270) Using 8 workers of 8 for evacuation
[2024-02-11T01:10:06.027+0000][7][gc,age      ] GC(270) Desired survivor size 41943040 bytes, new threshold 15 (max threshold 15)
[2024-02-11T01:10:06.030+0000][7][gc,phases   ] GC(270)   Pre Evacuate Collection Set: 0.1ms
[2024-02-11T01:10:06.030+0000][7][gc,phases   ] GC(270)   Merge Heap Roots: 0.1ms
[2024-02-11T01:10:06.030+0000][7][gc,phases   ] GC(270)   Evacuate Collection Set: 1.5ms
[2024-02-11T01:10:06.030+0000][7][gc,phases   ] GC(270)   Post Evacuate Collection Set: 0.7ms
[2024-02-11T01:10:06.030+0000][7][gc,phases   ] GC(270)   Other: 0.1ms
[2024-02-11T01:10:06.030+0000][7][gc,age      ] GC(270) Age table with threshold 15 (max threshold 15)
[2024-02-11T01:10:06.030+0000][7][gc,age      ] GC(270) - age   1:    1234312 bytes,    1234312 total
[2024-02-11T01:10:06.030+0000][7][gc,age      ] GC(270) - age   2:      19272 bytes,    1253584 total
[2024-02-11T01:10:06.030+0000][7][gc,age      ] GC(270) - age   3:     136960 bytes,    1390544 total
[2024-02-11T01:10:06.030+0000][7][gc,age      ] GC(270) - age   4:        384 bytes,    1390928 total
[2024-02-11T01:10:06.030+0000][7][gc,age      ] GC(270) - age   5:         56 bytes,    1390984 total
[2024-02-11T01:10:06.030+0000][7][gc,age      ] GC(270) - age   6:        184 bytes,    1391168 total
[2024-02-11T01:10:06.030+0000][7][gc,age      ] GC(270) - age   9:        184 bytes,    1391352 total
[2024-02-11T01:10:06.030+0000][7][gc,age      ] GC(270) - age  11:       7080 bytes,    1398432 total
[2024-02-11T01:10:06.030+0000][7][gc,age      ] GC(270) - age  12:      17520 bytes,    1415952 total
[2024-02-11T01:10:06.030+0000][7][gc,age      ] GC(270) - age  13:     193576 bytes,    1609528 total
[2024-02-11T01:10:06.030+0000][7][gc,age      ] GC(270) - age  14:       2064 bytes,    1611592 total
[2024-02-11T01:10:06.030+0000][7][gc,age      ] GC(270) - age  15:     798000 bytes,    2409592 total
[2024-02-11T01:10:06.030+0000][7][gc,heap     ] GC(270) Eden regions: 152->0(152)
[2024-02-11T01:10:06.030+0000][7][gc,heap     ] GC(270) Survivor regions: 1->1(20)
[2024-02-11T01:10:06.030+0000][7][gc,heap     ] GC(270) Old regions: 24->24
[2024-02-11T01:10:06.030+0000][7][gc,heap     ] GC(270) Archive regions: 2->2
[2024-02-11T01:10:06.030+0000][7][gc,heap     ] GC(270) Humongous regions: 0->0
[2024-02-11T01:10:06.030+0000][7][gc,metaspace] GC(270) Metaspace: 129607K(133312K)->129607K(133312K) NonClass: 112629K(114560K)->112629K(114560K) Class: 16977K(18752K)->16977K(18752K)
[2024-02-11T01:10:06.030+0000][7][gc          ] GC(270) Pause Young (Normal) (G1 Evacuation Pause) 709M->101M(1024M) 2.727ms
[2024-02-11T01:10:06.030+0000][7][gc,cpu      ] GC(270) User=0.01s Sys=0.00s Real=0.01s
[2024-02-11T01:10:06.030+0000][7][safepoint   ] Safepoint "G1CollectForAllocation", Time since last: 158940644070 ns, Reaching safepoint: 44293 ns, At safepoint: 2804990 ns, Total: 2849283 ns
[2024-02-11T21:30:45.114+0000][7][safepoint   ] Safepoint "Cleanup", Time since last: 32726168709 ns, Reaching safepoint: 43575 ns, At safepoint: 4569 ns, Total: 48144 ns
[2024-02-11T21:30:47.114+0000][7][safepoint   ] Safepoint "Cleanup", Time since last: 2000169905 ns, Reaching safepoint: 65933 ns, At safepoint: 5800 ns, Total: 71733 ns
[2024-02-11T21:30:48.114+0000][7][safepoint   ] Safepoint "Cleanup", Time since last: 1000117885 ns, Reaching safepoint: 44730 ns, At safepoint: 3905 ns, Total: 48635 ns
[2024-02-11T21:31:32.118+0000][7][safepoint   ] Safepoint "Cleanup", Time since last: 44003979470 ns, Reaching safepoint: 58876 ns, At safepoint: 3790 ns, Total: 62666 ns
[2024-02-11T21:31:38.119+0000][7][safepoint   ] Safepoint "Cleanup", Time since last: 6000703837 ns, Reaching safepoint: 76166 ns, At safepoint: 23381 ns, Total: 99547 ns
[2024-02-11T21:31:39.119+0000][7][safepoint   ] Safepoint "Cleanup", Time since last: 1000216248 ns, Reaching safepoint: 71934 ns, At safepoint: 8067 ns, Total: 80001 ns
[2024-02-11T21:31:46.120+0000][7][safepoint   ] Safepoint "Cleanup", Time since last: 7000717830 ns, Reaching safepoint: 99978 ns, At safepoint: 10941 ns, Total: 110919 ns
[2024-02-11T21:31:48.120+0000][7][safepoint   ] Safepoint "Cleanup", Time since last: 2000190666 ns, Reaching safepoint: 76225 ns, At safepoint: 5382 ns, Total: 81607 ns
[2024-02-11T21:32:23.123+0000][7][safepoint   ] Safepoint "Cleanup", Time since last: 35002612218 ns, Reaching safepoint: 54913 ns, At safepoint: 5125 ns, Total: 60038 ns
[2024-02-11T21:32:40.633+0000][7][gc,start    ] GC(271) Pause Young (Normal) (G1 Evacuation Pause)
[2024-02-11T21:32:40.633+0000][7][gc,task     ] GC(271) Using 8 workers of 8 for evacuation
[2024-02-11T21:32:40.633+0000][7][gc,age      ] GC(271) Desired survivor size 41943040 bytes, new threshold 15 (max threshold 15)
[2024-02-11T21:32:40.636+0000][7][gc,phases   ] GC(271)   Pre Evacuate Collection Set: 0.1ms
[2024-02-11T21:32:40.636+0000][7][gc,phases   ] GC(271)   Merge Heap Roots: 0.1ms
[2024-02-11T21:32:40.636+0000][7][gc,phases   ] GC(271)   Evacuate Collection Set: 1.9ms
[2024-02-11T21:32:40.636+0000][7][gc,phases   ] GC(271)   Post Evacuate Collection Set: 1.0ms
[2024-02-11T21:32:40.636+0000][7][gc,phases   ] GC(271)   Other: 0.2ms
[2024-02-11T21:32:40.636+0000][7][gc,age      ] GC(271) Age table with threshold 15 (max threshold 15)
[2024-02-11T21:32:40.636+0000][7][gc,age      ] GC(271) - age   1:     941584 bytes,     941584 total
[2024-02-11T21:32:40.636+0000][7][gc,age      ] GC(271) - age   2:       4504 bytes,     946088 total
[2024-02-11T21:32:40.636+0000][7][gc,age      ] GC(271) - age   3:      17424 bytes,     963512 total
[2024-02-11T21:32:40.636+0000][7][gc,age      ] GC(271) - age   4:     132816 bytes,    1096328 total
[2024-02-11T21:32:40.636+0000][7][gc,age      ] GC(271) - age   5:        384 bytes,    1096712 total
[2024-02-11T21:32:40.636+0000][7][gc,age      ] GC(271) - age   6:         56 bytes,    1096768 total
[2024-02-11T21:32:40.636+0000][7][gc,age      ] GC(271) - age   7:        184 bytes,    1096952 total
[2024-02-11T21:32:40.636+0000][7][gc,age      ] GC(271) - age  12:        704 bytes,    1097656 total
[2024-02-11T21:32:40.636+0000][7][gc,age      ] GC(271) - age  13:         48 bytes,    1097704 total
[2024-02-11T21:32:40.636+0000][7][gc,age      ] GC(271) - age  14:      32648 bytes,    1130352 total
[2024-02-11T21:32:40.636+0000][7][gc,age      ] GC(271) - age  15:       2064 bytes,    1132416 total
[2024-02-11T21:32:40.636+0000][7][gc,heap     ] GC(271) Eden regions: 152->0(152)
[2024-02-11T21:32:40.636+0000][7][gc,heap     ] GC(271) Survivor regions: 1->1(20)
[2024-02-11T21:32:40.636+0000][7][gc,heap     ] GC(271) Old regions: 24->24
[2024-02-11T21:32:40.636+0000][7][gc,heap     ] GC(271) Archive regions: 2->2
[2024-02-11T21:32:40.636+0000][7][gc,heap     ] GC(271) Humongous regions: 0->0
[2024-02-11T21:32:40.636+0000][7][gc,metaspace] GC(271) Metaspace: 129623K(133312K)->129623K(133312K) NonClass: 112646K(114560K)->112646K(114560K) Class: 16977K(18752K)->16977K(18752K)
[2024-02-11T21:32:40.636+0000][7][gc          ] GC(271) Pause Young (Normal) (G1 Evacuation Pause) 709M->101M(1024M) 3.636ms
[2024-02-11T21:32:40.636+0000][7][gc,cpu      ] GC(271) User=0.01s Sys=0.00s Real=0.01s
[2024-02-11T21:32:40.636+0000][7][safepoint   ] Safepoint "G1CollectForAllocation", Time since last: 17509497563 ns, Reaching safepoint: 48119 ns, At safepoint: 3738505 ns, Total: 3786624 ns
[2024-02-11T21:35:32.654+0000][7][safepoint   ] Safepoint "Cleanup", Time since last: 172017654288 ns, Reaching safepoint: 66455 ns, At safepoint: 7428 ns, Total: 73883 ns
[2024-02-11T21:35:46.167+0000][7][gc,start    ] GC(272) Pause Young (Normal) (G1 Evacuation Pause)
[2024-02-11T21:35:46.167+0000][7][gc,task     ] GC(272) Using 8 workers of 8 for evacuation
[2024-02-11T21:35:46.167+0000][7][gc,age      ] GC(272) Desired survivor size 41943040 bytes, new threshold 15 (max threshold 15)
[2024-02-11T21:35:46.170+0000][7][gc,phases   ] GC(272)   Pre Evacuate Collection Set: 0.1ms
[2024-02-11T21:35:46.170+0000][7][gc,phases   ] GC(272)   Merge Heap Roots: 0.1ms
[2024-02-11T21:35:46.170+0000][7][gc,phases   ] GC(272)   Evacuate Collection Set: 1.4ms
[2024-02-11T21:35:46.170+0000][7][gc,phases   ] GC(272)   Post Evacuate Collection Set: 0.7ms
[2024-02-11T21:35:46.170+0000][7][gc,phases   ] GC(272)   Other: 0.1ms
[2024-02-11T21:35:46.170+0000][7][gc,age      ] GC(272) Age table with threshold 15 (max threshold 15)
[2024-02-11T21:35:46.170+0000][7][gc,age      ] GC(272) - age   1:    1233248 bytes,    1233248 total
[2024-02-11T21:35:46.170+0000][7][gc,age      ] GC(272) - age   2:     447720 bytes,    1680968 total
[2024-02-11T21:35:46.170+0000][7][gc,age      ] GC(272) - age   3:       2840 bytes,    1683808 total
[2024-02-11T21:35:46.170+0000][7][gc,age      ] GC(272) - age   4:      17168 bytes,    1700976 total
[2024-02-11T21:35:46.170+0000][7][gc,age      ] GC(272) - age   5:     132816 bytes,    1833792 total
[2024-02-11T21:35:46.170+0000][7][gc,age      ] GC(272) - age   6:        200 bytes,    1833992 total
[2024-02-11T21:35:46.170+0000][7][gc,age      ] GC(272) - age   7:         56 bytes,    1834048 total
[2024-02-11T21:35:46.170+0000][7][gc,age      ] GC(272) - age   8:        184 bytes,    1834232 total
[2024-02-11T21:35:46.170+0000][7][gc,age      ] GC(272) - age  13:        704 bytes,    1834936 total
[2024-02-11T21:35:46.170+0000][7][gc,age      ] GC(272) - age  14:         48 bytes,    1834984 total
[2024-02-11T21:35:46.170+0000][7][gc,age      ] GC(272) - age  15:      32392 bytes,    1867376 total
[2024-02-11T21:35:46.170+0000][7][gc,heap     ] GC(272) Eden regions: 152->0(152)
[2024-02-11T21:35:46.170+0000][7][gc,heap     ] GC(272) Survivor regions: 1->1(20)
[2024-02-11T21:35:46.170+0000][7][gc,heap     ] GC(272) Old regions: 24->24
[2024-02-11T21:35:46.170+0000][7][gc,heap     ] GC(272) Archive regions: 2->2
[2024-02-11T21:35:46.170+0000][7][gc,heap     ] GC(272) Humongous regions: 0->0
[2024-02-11T21:35:46.170+0000][7][gc,metaspace] GC(272) Metaspace: 129624K(133312K)->129624K(133312K) NonClass: 112646K(114560K)->112646K(114560K) Class: 16977K(18752K)->16977K(18752K)
[2024-02-11T21:35:46.170+0000][7][gc          ] GC(272) Pause Young (Normal) (G1 Evacuation Pause) 709M->101M(1024M) 2.633ms
[2024-02-11T21:35:46.170+0000][7][gc,cpu      ] GC(272) User=0.01s Sys=0.00s Real=0.00s
[2024-02-11T21:35:46.170+0000][7][safepoint   ] Safepoint "G1CollectForAllocation", Time since last: 13513090949 ns, Reaching safepoint: 36382 ns, At safepoint: 2729807 ns, Total: 2766189 ns
[2024-02-11T21:35:48.170+0000][7][safepoint   ] Safepoint "Cleanup", Time since last: 2000173200 ns, Reaching safepoint: 71941 ns, At safepoint: 5817 ns, Total: 77758 ns
[2024-02-11T21:35:56.171+0000][7][safepoint   ] Safepoint "Cleanup", Time since last: 8000707969 ns, Reaching safepoint: 63532 ns, At safepoint: 5360 ns, Total: 68892 ns
[2024-02-11T21:36:43.175+0000][7][safepoint   ] Safepoint "Cleanup", Time since last: 47004237904 ns, Reaching safepoint: 50633 ns, At safepoint: 12517 ns, Total: 63150 ns
[2024-02-11T21:36:46.176+0000][7][safepoint   ] Safepoint "Cleanup", Time since last: 3000342556 ns, Reaching safepoint: 89538 ns, At safepoint: 11933 ns, Total: 101471 ns
[2024-02-11T21:38:49.150+0000][7][gc,start    ] GC(273) Pause Young (Normal) (G1 Evacuation Pause)
[2024-02-11T21:38:49.150+0000][7][gc,task     ] GC(273) Using 8 workers of 8 for evacuation
[2024-02-11T21:38:49.150+0000][7][gc,age      ] GC(273) Desired survivor size 41943040 bytes, new threshold 15 (max threshold 15)
[2024-02-11T21:38:49.152+0000][7][gc,phases   ] GC(273)   Pre Evacuate Collection Set: 0.1ms
[2024-02-11T21:38:49.152+0000][7][gc,phases   ] GC(273)   Merge Heap Roots: 0.1ms
[2024-02-11T21:38:49.152+0000][7][gc,phases   ] GC(273)   Evacuate Collection Set: 1.5ms
[2024-02-11T21:38:49.152+0000][7][gc,phases   ] GC(273)   Post Evacuate Collection Set: 0.7ms
[2024-02-11T21:38:49.152+0000][7][gc,phases   ] GC(273)   Other: 0.1ms
[2024-02-11T21:38:49.152+0000][7][gc,age      ] GC(273) Age table with threshold 15 (max threshold 15)
[2024-02-11T21:38:49.152+0000][7][gc,age      ] GC(273) - age   1:    1549672 bytes,    1549672 total
[2024-02-11T21:38:49.152+0000][7][gc,age      ] GC(273) - age   2:      10552 bytes,    1560224 total
[2024-02-11T21:38:49.152+0000][7][gc,age      ] GC(273) - age   3:     286040 bytes,    1846264 total
[2024-02-11T21:38:49.152+0000][7][gc,age      ] GC(273) - age   4:       1992 bytes,    1848256 total
[2024-02-11T21:38:49.152+0000][7][gc,age      ] GC(273) - age   5:      17168 bytes,    1865424 total
[2024-02-11T21:38:49.152+0000][7][gc,age      ] GC(273) - age   6:     132816 bytes,    1998240 total
[2024-02-11T21:38:49.152+0000][7][gc,age      ] GC(273) - age   7:        168 bytes,    1998408 total
[2024-02-11T21:38:49.152+0000][7][gc,age      ] GC(273) - age   8:         56 bytes,    1998464 total
[2024-02-11T21:38:49.152+0000][7][gc,age      ] GC(273) - age   9:        184 bytes,    1998648 total
[2024-02-11T21:38:49.152+0000][7][gc,age      ] GC(273) - age  14:        704 bytes,    1999352 total
[2024-02-11T21:38:49.152+0000][7][gc,age      ] GC(273) - age  15:         48 bytes,    1999400 total
[2024-02-11T21:38:49.152+0000][7][gc,heap     ] GC(273) Eden regions: 152->0(152)
[2024-02-11T21:38:49.152+0000][7][gc,heap     ] GC(273) Survivor regions: 1->1(20)
[2024-02-11T21:38:49.152+0000][7][gc,heap     ] GC(273) Old regions: 24->24
[2024-02-11T21:38:49.152+0000][7][gc,heap     ] GC(273) Archive regions: 2->2
[2024-02-11T21:38:49.152+0000][7][gc,heap     ] GC(273) Humongous regions: 0->0
[2024-02-11T21:38:49.152+0000][7][gc,metaspace] GC(273) Metaspace: 129626K(133312K)->129626K(133312K) NonClass: 112648K(114560K)->112648K(114560K) Class: 16977K(18752K)->16977K(18752K)
[2024-02-11T21:38:49.152+0000][7][gc          ] GC(273) Pause Young (Normal) (G1 Evacuation Pause) 709M->101M(1024M) 2.627ms
[2024-02-11T21:38:49.152+0000][7][gc,cpu      ] GC(273) User=0.01s Sys=0.00s Real=0.00s
[2024-02-11T21:38:49.152+0000][7][safepoint   ] Safepoint "G1CollectForAllocation", Time since last: 122973910376 ns, Reaching safepoint: 44191 ns, At safepoint: 2701590 ns, Total: 2745781 ns
[2024-02-11T21:39:38.157+0000][7][safepoint   ] Safepoint "Cleanup", Time since last: 49004664507 ns, Reaching safepoint: 41307 ns, At safepoint: 2876 ns, Total: 44183 ns
[2024-02-11T21:41:43.658+0000][7][gc,start    ] GC(274) Pause Young (Normal) (G1 Evacuation Pause)
[2024-02-11T21:41:43.658+0000][7][gc,task     ] GC(274) Using 8 workers of 8 for evacuation
[2024-02-11T21:41:43.658+0000][7][gc,age      ] GC(274) Desired survivor size 41943040 bytes, new threshold 15 (max threshold 15)
[2024-02-11T21:41:43.661+0000][7][gc,phases   ] GC(274)   Pre Evacuate Collection Set: 0.1ms
[2024-02-11T21:41:43.661+0000][7][gc,phases   ] GC(274)   Merge Heap Roots: 0.1ms
[2024-02-11T21:41:43.661+0000][7][gc,phases   ] GC(274)   Evacuate Collection Set: 1.9ms
[2024-02-11T21:41:43.661+0000][7][gc,phases   ] GC(274)   Post Evacuate Collection Set: 0.8ms
[2024-02-11T21:41:43.661+0000][7][gc,phases   ] GC(274)   Other: 0.1ms
[2024-02-11T21:41:43.661+0000][7][gc,age      ] GC(274) Age table with threshold 15 (max threshold 15)
[2024-02-11T21:41:43.662+0000][7][gc,age      ] GC(274) - age   1:    1821056 bytes,    1821056 total
[2024-02-11T21:41:43.662+0000][7][gc,age      ] GC(274) - age   2:     159320 bytes,    1980376 total
[2024-02-11T21:41:43.662+0000][7][gc,age      ] GC(274) - age   3:       8416 bytes,    1988792 total
[2024-02-11T21:41:43.662+0000][7][gc,age      ] GC(274) - age   4:     282016 bytes,    2270808 total
[2024-02-11T21:41:43.662+0000][7][gc,age      ] GC(274) - age   5:       1992 bytes,    2272800 total
[2024-02-11T21:41:43.662+0000][7][gc,age      ] GC(274) - age   6:       8576 bytes,    2281376 total
[2024-02-11T21:41:43.662+0000][7][gc,age      ] GC(274) - age   7:     132816 bytes,    2414192 total
[2024-02-11T21:41:43.662+0000][7][gc,age      ] GC(274) - age   8:        168 bytes,    2414360 total
[2024-02-11T21:41:43.662+0000][7][gc,age      ] GC(274) - age   9:         56 bytes,    2414416 total
[2024-02-11T21:41:43.662+0000][7][gc,age      ] GC(274) - age  10:        184 bytes,    2414600 total
[2024-02-11T21:41:43.662+0000][7][gc,age      ] GC(274) - age  15:        704 bytes,    2415304 total
[2024-02-11T21:41:43.662+0000][7][gc,heap     ] GC(274) Eden regions: 152->0(152)
[2024-02-11T21:41:43.662+0000][7][gc,heap     ] GC(274) Survivor regions: 1->1(20)
[2024-02-11T21:41:43.662+0000][7][gc,heap     ] GC(274) Old regions: 24->24
[2024-02-11T21:41:43.662+0000][7][gc,heap     ] GC(274) Archive regions: 2->2
[2024-02-11T21:41:43.662+0000][7][gc,heap     ] GC(274) Humongous regions: 0->0
[2024-02-11T21:41:43.662+0000][7][gc,metaspace] GC(274) Metaspace: 129628K(133312K)->129628K(133312K) NonClass: 112650K(114560K)->112650K(114560K) Class: 16977K(18752K)->16977K(18752K)
[2024-02-11T21:41:43.662+0000][7][gc          ] GC(274) Pause Young (Normal) (G1 Evacuation Pause) 709M->102M(1024M) 3.373ms
[2024-02-11T21:41:43.662+0000][7][gc,cpu      ] GC(274) User=0.02s Sys=0.00s Real=0.00s
[2024-02-11T21:41:43.662+0000][7][safepoint   ] Safepoint "G1CollectForAllocation", Time since last: 125501096045 ns, Reaching safepoint: 69536 ns, At safepoint: 3476654 ns, Total: 3546190 ns
[2024-02-11T21:44:22.676+0000][7][safepoint   ] Safepoint "Cleanup", Time since last: 159014419170 ns, Reaching safepoint: 65148 ns, At safepoint: 5800 ns, Total: 70948 ns
[2024-02-11T21:44:32.052+0000][7][gc,start    ] GC(275) Pause Young (Normal) (G1 Evacuation Pause)
[2024-02-11T21:44:32.052+0000][7][gc,task     ] GC(275) Using 8 workers of 8 for evacuation
[2024-02-11T21:44:32.052+0000][7][gc,age      ] GC(275) Desired survivor size 41943040 bytes, new threshold 15 (max threshold 15)
[2024-02-11T21:44:32.055+0000][7][gc,phases   ] GC(275)   Pre Evacuate Collection Set: 0.1ms
[2024-02-11T21:44:32.055+0000][7][gc,phases   ] GC(275)   Merge Heap Roots: 0.1ms
[2024-02-11T21:44:32.055+0000][7][gc,phases   ] GC(275)   Evacuate Collection Set: 1.7ms
[2024-02-11T21:44:32.055+0000][7][gc,phases   ] GC(275)   Post Evacuate Collection Set: 0.8ms
[2024-02-11T21:44:32.055+0000][7][gc,phases   ] GC(275)   Other: 0.1ms
[2024-02-11T21:44:32.055+0000][7][gc,age      ] GC(275) Age table with threshold 15 (max threshold 15)
[2024-02-11T21:44:32.055+0000][7][gc,age      ] GC(275) - age   1:    1698072 bytes,    1698072 total
[2024-02-11T21:44:32.055+0000][7][gc,age      ] GC(275) - age   2:      15168 bytes,    1713240 total
[2024-02-11T21:44:32.055+0000][7][gc,age      ] GC(275) - age   3:      37656 bytes,    1750896 total
[2024-02-11T21:44:32.055+0000][7][gc,age      ] GC(275) - age   4:       8224 bytes,    1759120 total
[2024-02-11T21:44:32.055+0000][7][gc,age      ] GC(275) - age   5:     280800 bytes,    2039920 total
[2024-02-11T21:44:32.055+0000][7][gc,age      ] GC(275) - age   6:       1992 bytes,    2041912 total
[2024-02-11T21:44:32.055+0000][7][gc,age      ] GC(275) - age   7:       8192 bytes,    2050104 total
[2024-02-11T21:44:32.055+0000][7][gc,age      ] GC(275) - age   8:     132816 bytes,    2182920 total
[2024-02-11T21:44:32.055+0000][7][gc,age      ] GC(275) - age   9:        168 bytes,    2183088 total
[2024-02-11T21:44:32.055+0000][7][gc,age      ] GC(275) - age  10:         56 bytes,    2183144 total
[2024-02-11T21:44:32.055+0000][7][gc,age      ] GC(275) - age  11:        184 bytes,    2183328 total
[2024-02-11T21:44:32.055+0000][7][gc,heap     ] GC(275) Eden regions: 152->0(152)
[2024-02-11T21:44:32.055+0000][7][gc,heap     ] GC(275) Survivor regions: 1->1(20)
[2024-02-11T21:44:32.055+0000][7][gc,heap     ] GC(275) Old regions: 24->24
[2024-02-11T21:44:32.056+0000][7][gc,heap     ] GC(275) Archive regions: 2->2
[2024-02-11T21:44:32.056+0000][7][gc,heap     ] GC(275) Humongous regions: 0->0
[2024-02-11T21:44:32.056+0000][7][gc,metaspace] GC(275) Metaspace: 129628K(133312K)->129628K(133312K) NonClass: 112650K(114560K)->112650K(114560K) Class: 16977K(18752K)->16977K(18752K)
[2024-02-11T21:44:32.056+0000][7][gc          ] GC(275) Pause Young (Normal) (G1 Evacuation Pause) 710M->102M(1024M) 3.182ms
[2024-02-11T21:44:32.056+0000][7][gc,cpu      ] GC(275) User=0.02s Sys=0.00s Real=0.01s
[2024-02-11T21:44:32.056+0000][7][safepoint   ] Safepoint "G1CollectForAllocation", Time since last: 9376072288 ns, Reaching safepoint: 61505 ns, At safepoint: 3281889 ns, Total: 3343394 ns
[2024-02-11T21:44:46.057+0000][7][safepoint   ] Safepoint "Cleanup", Time since last: 14001560641 ns, Reaching safepoint: 87778 ns, At safepoint: 9722 ns, Total: 97500 ns
[2024-02-11T21:47:28.172+0000][7][gc,start    ] GC(276) Pause Young (Normal) (G1 Evacuation Pause)
[2024-02-11T21:47:28.172+0000][7][gc,task     ] GC(276) Using 8 workers of 8 for evacuation
[2024-02-11T21:47:28.172+0000][7][gc,age      ] GC(276) Desired survivor size 41943040 bytes, new threshold 15 (max threshold 15)
[2024-02-11T21:47:28.175+0000][7][gc,phases   ] GC(276)   Pre Evacuate Collection Set: 0.1ms
[2024-02-11T21:47:28.175+0000][7][gc,phases   ] GC(276)   Merge Heap Roots: 0.1ms
[2024-02-11T21:47:28.175+0000][7][gc,phases   ] GC(276)   Evacuate Collection Set: 1.1ms
[2024-02-11T21:47:28.175+0000][7][gc,phases   ] GC(276)   Post Evacuate Collection Set: 1.6ms
[2024-02-11T21:47:28.175+0000][7][gc,phases   ] GC(276)   Other: 0.1ms
[2024-02-11T21:47:28.175+0000][7][gc,age      ] GC(276) Age table with threshold 15 (max threshold 15)
[2024-02-11T21:47:28.175+0000][7][gc,age      ] GC(276) - age   1:     566464 bytes,     566464 total
[2024-02-11T21:47:28.175+0000][7][gc,age      ] GC(276) - age   2:     217680 bytes,     784144 total
[2024-02-11T21:47:28.175+0000][7][gc,age      ] GC(276) - age   3:       4376 bytes,     788520 total
[2024-02-11T21:47:28.175+0000][7][gc,age      ] GC(276) - age   4:      37368 bytes,     825888 total
[2024-02-11T21:47:28.175+0000][7][gc,age      ] GC(276) - age   5:       8224 bytes,     834112 total
[2024-02-11T21:47:28.175+0000][7][gc,age      ] GC(276) - age   6:     280800 bytes,    1114912 total
[2024-02-11T21:47:28.175+0000][7][gc,age      ] GC(276) - age   7:       1992 bytes,    1116904 total
[2024-02-11T21:47:28.175+0000][7][gc,age      ] GC(276) - age   8:       8192 bytes,    1125096 total
[2024-02-11T21:47:28.175+0000][7][gc,age      ] GC(276) - age   9:     132816 bytes,    1257912 total
[2024-02-11T21:47:28.175+0000][7][gc,age      ] GC(276) - age  10:        168 bytes,    1258080 total
[2024-02-11T21:47:28.175+0000][7][gc,age      ] GC(276) - age  11:         56 bytes,    1258136 total
[2024-02-11T21:47:28.175+0000][7][gc,age      ] GC(276) - age  12:        184 bytes,    1258320 total
[2024-02-11T21:47:28.175+0000][7][gc,heap     ] GC(276) Eden regions: 152->0(152)
[2024-02-11T21:47:28.175+0000][7][gc,heap     ] GC(276) Survivor regions: 1->1(20)
[2024-02-11T21:47:28.175+0000][7][gc,heap     ] GC(276) Old regions: 24->24
[2024-02-11T21:47:28.175+0000][7][gc,heap     ] GC(276) Archive regions: 2->2
[2024-02-11T21:47:28.175+0000][7][gc,heap     ] GC(276) Humongous regions: 0->0
[2024-02-11T21:47:28.175+0000][7][gc,metaspace] GC(276) Metaspace: 129628K(133312K)->129628K(133312K) NonClass: 112650K(114560K)->112650K(114560K) Class: 16977K(18752K)->16977K(18752K)
[2024-02-11T21:47:28.175+0000][7][gc          ] GC(276) Pause Young (Normal) (G1 Evacuation Pause) 710M->101M(1024M) 3.303ms
[2024-02-11T21:47:28.175+0000][7][gc,cpu      ] GC(276) User=0.01s Sys=0.00s Real=0.01s
[2024-02-11T21:47:28.175+0000][7][safepoint   ] Safepoint "G1CollectForAllocation", Time since last: 162114604301 ns, Reaching safepoint: 50916 ns, At safepoint: 3393759 ns, Total: 3444675 ns
[2024-02-11T21:49:40.188+0000][7][safepoint   ] Safepoint "Cleanup", Time since last: 132012870822 ns, Reaching safepoint: 115911 ns, At safepoint: 5456 ns, Total: 121367 ns
[2024-02-11T21:50:07.258+0000][7][gc,start    ] GC(277) Pause Young (Normal) (G1 Evacuation Pause)
[2024-02-11T21:50:07.258+0000][7][gc,task     ] GC(277) Using 8 workers of 8 for evacuation
[2024-02-11T21:50:07.258+0000][7][gc,age      ] GC(277) Desired survivor size 41943040 bytes, new threshold 15 (max threshold 15)
[2024-02-11T21:50:07.261+0000][7][gc,phases   ] GC(277)   Pre Evacuate Collection Set: 0.1ms
[2024-02-11T21:50:07.261+0000][7][gc,phases   ] GC(277)   Merge Heap Roots: 0.1ms
[2024-02-11T21:50:07.261+0000][7][gc,phases   ] GC(277)   Evacuate Collection Set: 1.6ms
[2024-02-11T21:50:07.261+0000][7][gc,phases   ] GC(277)   Post Evacuate Collection Set: 0.8ms
[2024-02-11T21:50:07.261+0000][7][gc,phases   ] GC(277)   Other: 0.1ms
[2024-02-11T21:50:07.261+0000][7][gc,age      ] GC(277) Age table with threshold 15 (max threshold 15)
[2024-02-11T21:50:07.261+0000][7][gc,age      ] GC(277) - age   1:    2006624 bytes,    2006624 total
[2024-02-11T21:50:07.261+0000][7][gc,age      ] GC(277) - age   2:        896 bytes,    2007520 total
[2024-02-11T21:50:07.261+0000][7][gc,age      ] GC(277) - age   3:      78072 bytes,    2085592 total
[2024-02-11T21:50:07.261+0000][7][gc,age      ] GC(277) - age   4:       4056 bytes,    2089648 total
[2024-02-11T21:50:07.261+0000][7][gc,age      ] GC(277) - age   5:       5040 bytes,    2094688 total
[2024-02-11T21:50:07.261+0000][7][gc,age      ] GC(277) - age   6:       8224 bytes,    2102912 total
[2024-02-11T21:50:07.261+0000][7][gc,age      ] GC(277) - age   7:     248496 bytes,    2351408 total
[2024-02-11T21:50:07.261+0000][7][gc,age      ] GC(277) - age   8:       1776 bytes,    2353184 total
[2024-02-11T21:50:07.261+0000][7][gc,age      ] GC(277) - age   9:       8192 bytes,    2361376 total
[2024-02-11T21:50:07.261+0000][7][gc,age      ] GC(277) - age  10:     132816 bytes,    2494192 total
[2024-02-11T21:50:07.261+0000][7][gc,age      ] GC(277) - age  11:        168 bytes,    2494360 total
[2024-02-11T21:50:07.261+0000][7][gc,age      ] GC(277) - age  12:         56 bytes,    2494416 total
[2024-02-11T21:50:07.261+0000][7][gc,age      ] GC(277) - age  13:        184 bytes,    2494600 total
[2024-02-11T21:50:07.261+0000][7][gc,heap     ] GC(277) Eden regions: 152->0(152)
[2024-02-11T21:50:07.261+0000][7][gc,heap     ] GC(277) Survivor regions: 1->1(20)
[2024-02-11T21:50:07.261+0000][7][gc,heap     ] GC(277) Old regions: 24->24
[2024-02-11T21:50:07.261+0000][7][gc,heap     ] GC(277) Archive regions: 2->2
[2024-02-11T21:50:07.261+0000][7][gc,heap     ] GC(277) Humongous regions: 0->0
[2024-02-11T21:50:07.261+0000][7][gc,metaspace] GC(277) Metaspace: 129629K(133312K)->129629K(133312K) NonClass: 112651K(114560K)->112651K(114560K) Class: 16977K(18752K)->16977K(18752K)
[2024-02-11T21:50:07.261+0000][7][gc          ] GC(277) Pause Young (Normal) (G1 Evacuation Pause) 709M->102M(1024M) 2.932ms
[2024-02-11T21:50:07.261+0000][7][gc,cpu      ] GC(277) User=0.01s Sys=0.00s Real=0.00s
[2024-02-11T21:50:07.261+0000][7][safepoint   ] Safepoint "G1CollectForAllocation", Time since last: 27069925773 ns, Reaching safepoint: 38081 ns, At safepoint: 3024430 ns, Total: 3062511 ns
[2024-02-11T21:51:20.269+0000][7][safepoint   ] Safepoint "Cleanup", Time since last: 73007130012 ns, Reaching safepoint: 60151 ns, At safepoint: 8084 ns, Total: 68235 ns
[2024-02-11T21:52:28.199+0000][7][gc,start    ] GC(278) Pause Young (Normal) (G1 Evacuation Pause)
[2024-02-11T21:52:28.199+0000][7][gc,task     ] GC(278) Using 8 workers of 8 for evacuation
[2024-02-11T21:52:28.199+0000][7][gc,age      ] GC(278) Desired survivor size 41943040 bytes, new threshold 15 (max threshold 15)
[2024-02-11T21:52:28.201+0000][7][gc,phases   ] GC(278)   Pre Evacuate Collection Set: 0.1ms
[2024-02-11T21:52:28.201+0000][7][gc,phases   ] GC(278)   Merge Heap Roots: 0.1ms
[2024-02-11T21:52:28.201+0000][7][gc,phases   ] GC(278)   Evacuate Collection Set: 1.2ms
[2024-02-11T21:52:28.201+0000][7][gc,phases   ] GC(278)   Post Evacuate Collection Set: 0.7ms
[2024-02-11T21:52:28.201+0000][7][gc,phases   ] GC(278)   Other: 0.1ms
[2024-02-11T21:52:28.201+0000][7][gc,age      ] GC(278) Age table with threshold 15 (max threshold 15)
[2024-02-11T21:52:28.201+0000][7][gc,age      ] GC(278) - age   1:     476256 bytes,     476256 total
[2024-02-11T21:52:28.201+0000][7][gc,age      ] GC(278) - age   2:     195224 bytes,     671480 total
[2024-02-11T21:52:28.201+0000][7][gc,age      ] GC(278) - age   3:        216 bytes,     671696 total
[2024-02-11T21:52:28.201+0000][7][gc,age      ] GC(278) - age   4:      76944 bytes,     748640 total
[2024-02-11T21:52:28.201+0000][7][gc,age      ] GC(278) - age   5:        600 bytes,     749240 total
[2024-02-11T21:52:28.201+0000][7][gc,age      ] GC(278) - age   6:       5040 bytes,     754280 total
[2024-02-11T21:52:28.201+0000][7][gc,age      ] GC(278) - age   7:       8224 bytes,     762504 total
[2024-02-11T21:52:28.201+0000][7][gc,age      ] GC(278) - age   8:     248496 bytes,    1011000 total
[2024-02-11T21:52:28.201+0000][7][gc,age      ] GC(278) - age   9:       1776 bytes,    1012776 total
[2024-02-11T21:52:28.201+0000][7][gc,age      ] GC(278) - age  10:       8192 bytes,    1020968 total
[2024-02-11T21:52:28.201+0000][7][gc,age      ] GC(278) - age  11:     132816 bytes,    1153784 total
[2024-02-11T21:52:28.201+0000][7][gc,age      ] GC(278) - age  12:        168 bytes,    1153952 total
[2024-02-11T21:52:28.201+0000][7][gc,age      ] GC(278) - age  13:         56 bytes,    1154008 total
[2024-02-11T21:52:28.201+0000][7][gc,age      ] GC(278) - age  14:        184 bytes,    1154192 total
[2024-02-11T21:52:28.201+0000][7][gc,heap     ] GC(278) Eden regions: 152->0(152)
[2024-02-11T21:52:28.201+0000][7][gc,heap     ] GC(278) Survivor regions: 1->1(20)
[2024-02-11T21:52:28.201+0000][7][gc,heap     ] GC(278) Old regions: 24->24
[2024-02-11T21:52:28.201+0000][7][gc,heap     ] GC(278) Archive regions: 2->2
[2024-02-11T21:52:28.201+0000][7][gc,heap     ] GC(278) Humongous regions: 0->0
[2024-02-11T21:52:28.201+0000][7][gc,metaspace] GC(278) Metaspace: 129629K(133312K)->129629K(133312K) NonClass: 112651K(114560K)->112651K(114560K) Class: 16977K(18752K)->16977K(18752K)
[2024-02-11T21:52:28.201+0000][7][gc          ] GC(278) Pause Young (Normal) (G1 Evacuation Pause) 710M->101M(1024M) 2.467ms
[2024-02-11T21:52:28.201+0000][7][gc,cpu      ] GC(278) User=0.01s Sys=0.00s Real=0.00s
[2024-02-11T21:52:28.201+0000][7][safepoint   ] Safepoint "G1CollectForAllocation", Time since last: 67930001545 ns, Reaching safepoint: 104455 ns, At safepoint: 2561104 ns, Total: 2665559 ns
[2024-02-11T21:55:19.208+0000][7][gc,start    ] GC(279) Pause Young (Normal) (G1 Evacuation Pause)
[2024-02-11T21:55:19.208+0000][7][gc,task     ] GC(279) Using 8 workers of 8 for evacuation
[2024-02-11T21:55:19.208+0000][7][gc,age      ] GC(279) Desired survivor size 41943040 bytes, new threshold 15 (max threshold 15)
[2024-02-11T21:55:19.210+0000][7][gc,phases   ] GC(279)   Pre Evacuate Collection Set: 0.1ms
[2024-02-11T21:55:19.210+0000][7][gc,phases   ] GC(279)   Merge Heap Roots: 0.0ms
[2024-02-11T21:55:19.210+0000][7][gc,phases   ] GC(279)   Evacuate Collection Set: 1.0ms
[2024-02-11T21:55:19.210+0000][7][gc,phases   ] GC(279)   Post Evacuate Collection Set: 0.5ms
[2024-02-11T21:55:19.210+0000][7][gc,phases   ] GC(279)   Other: 0.1ms
[2024-02-11T21:55:19.210+0000][7][gc,age      ] GC(279) Age table with threshold 15 (max threshold 15)
[2024-02-11T21:55:19.210+0000][7][gc,age      ] GC(279) - age   1:    1398608 bytes,    1398608 total
[2024-02-11T21:55:19.210+0000][7][gc,age      ] GC(279) - age   2:      26496 bytes,    1425104 total
[2024-02-11T21:55:19.210+0000][7][gc,age      ] GC(279) - age   3:     192712 bytes,    1617816 total
[2024-02-11T21:55:19.210+0000][7][gc,age      ] GC(279) - age   4:         24 bytes,    1617840 total
[2024-02-11T21:55:19.210+0000][7][gc,age      ] GC(279) - age   5:      76688 bytes,    1694528 total
[2024-02-11T21:55:19.210+0000][7][gc,age      ] GC(279) - age   6:        600 bytes,    1695128 total
[2024-02-11T21:55:19.210+0000][7][gc,age      ] GC(279) - age   7:       5040 bytes,    1700168 total
[2024-02-11T21:55:19.210+0000][7][gc,age      ] GC(279) - age   8:       8040 bytes,    1708208 total
[2024-02-11T21:55:19.210+0000][7][gc,age      ] GC(279) - age   9:     248496 bytes,    1956704 total
[2024-02-11T21:55:19.210+0000][7][gc,age      ] GC(279) - age  10:       1776 bytes,    1958480 total
[2024-02-11T21:55:19.210+0000][7][gc,age      ] GC(279) - age  11:       8192 bytes,    1966672 total
[2024-02-11T21:55:19.210+0000][7][gc,age      ] GC(279) - age  12:     132816 bytes,    2099488 total
[2024-02-11T21:55:19.210+0000][7][gc,age      ] GC(279) - age  13:        168 bytes,    2099656 total
[2024-02-11T21:55:19.210+0000][7][gc,age      ] GC(279) - age  14:         56 bytes,    2099712 total
[2024-02-11T21:55:19.210+0000][7][gc,age      ] GC(279) - age  15:        184 bytes,    2099896 total
[2024-02-11T21:55:19.210+0000][7][gc,heap     ] GC(279) Eden regions: 152->0(152)
[2024-02-11T21:55:19.210+0000][7][gc,heap     ] GC(279) Survivor regions: 1->1(20)
[2024-02-11T21:55:19.210+0000][7][gc,heap     ] GC(279) Old regions: 24->24
[2024-02-11T21:55:19.210+0000][7][gc,heap     ] GC(279) Archive regions: 2->2
[2024-02-11T21:55:19.210+0000][7][gc,heap     ] GC(279) Humongous regions: 0->0
[2024-02-11T21:55:19.210+0000][7][gc,metaspace] GC(279) Metaspace: 129629K(133312K)->129629K(133312K) NonClass: 112651K(114560K)->112651K(114560K) Class: 16977K(18752K)->16977K(18752K)
[2024-02-11T21:55:19.210+0000][7][gc          ] GC(279) Pause Young (Normal) (G1 Evacuation Pause) 709M->102M(1024M) 1.890ms
[2024-02-11T21:55:19.210+0000][7][gc,cpu      ] GC(279) User=0.01s Sys=0.00s Real=0.00s
[2024-02-11T21:55:19.210+0000][7][safepoint   ] Safepoint "G1CollectForAllocation", Time since last: 171006827792 ns, Reaching safepoint: 23864 ns, At safepoint: 1955257 ns, Total: 1979121 ns
[2024-02-11T21:57:30.222+0000][7][safepoint   ] Safepoint "Cleanup", Time since last: 131011956964 ns, Reaching safepoint: 56181 ns, At safepoint: 36223 ns, Total: 92404 ns
[2024-02-11T21:58:01.240+0000][7][gc,start    ] GC(280) Pause Young (Normal) (G1 Evacuation Pause)
[2024-02-11T21:58:01.240+0000][7][gc,task     ] GC(280) Using 8 workers of 8 for evacuation
[2024-02-11T21:58:01.240+0000][7][gc,age      ] GC(280) Desired survivor size 41943040 bytes, new threshold 15 (max threshold 15)
[2024-02-11T21:58:01.242+0000][7][gc,phases   ] GC(280)   Pre Evacuate Collection Set: 0.1ms
[2024-02-11T21:58:01.242+0000][7][gc,phases   ] GC(280)   Merge Heap Roots: 0.1ms
[2024-02-11T21:58:01.242+0000][7][gc,phases   ] GC(280)   Evacuate Collection Set: 1.1ms
[2024-02-11T21:58:01.242+0000][7][gc,phases   ] GC(280)   Post Evacuate Collection Set: 0.6ms
[2024-02-11T21:58:01.242+0000][7][gc,phases   ] GC(280)   Other: 0.1ms
[2024-02-11T21:58:01.242+0000][7][gc,age      ] GC(280) Age table with threshold 15 (max threshold 15)
[2024-02-11T21:58:01.242+0000][7][gc,age      ] GC(280) - age   1:    1058984 bytes,    1058984 total
[2024-02-11T21:58:01.242+0000][7][gc,age      ] GC(280) - age   2:       8904 bytes,    1067888 total
[2024-02-11T21:58:01.242+0000][7][gc,age      ] GC(280) - age   3:      16304 bytes,    1084192 total
[2024-02-11T21:58:01.242+0000][7][gc,age      ] GC(280) - age   4:     191688 bytes,    1275880 total
[2024-02-11T21:58:01.242+0000][7][gc,age      ] GC(280) - age   5:         24 bytes,    1275904 total
[2024-02-11T21:58:01.242+0000][7][gc,age      ] GC(280) - age   6:      76688 bytes,    1352592 total
[2024-02-11T21:58:01.242+0000][7][gc,age      ] GC(280) - age   7:        208 bytes,    1352800 total
[2024-02-11T21:58:01.242+0000][7][gc,age      ] GC(280) - age   8:       5008 bytes,    1357808 total
[2024-02-11T21:58:01.242+0000][7][gc,age      ] GC(280) - age   9:         24 bytes,    1357832 total
[2024-02-11T21:58:01.242+0000][7][gc,age      ] GC(280) - age  10:     248400 bytes,    1606232 total
[2024-02-11T21:58:01.242+0000][7][gc,age      ] GC(280) - age  11:       1776 bytes,    1608008 total
[2024-02-11T21:58:01.242+0000][7][gc,age      ] GC(280) - age  12:       8168 bytes,    1616176 total
[2024-02-11T21:58:01.242+0000][7][gc,age      ] GC(280) - age  13:     132816 bytes,    1748992 total
[2024-02-11T21:58:01.242+0000][7][gc,age      ] GC(280) - age  14:        168 bytes,    1749160 total
[2024-02-11T21:58:01.242+0000][7][gc,age      ] GC(280) - age  15:         56 bytes,    1749216 total
[2024-02-11T21:58:01.242+0000][7][gc,heap     ] GC(280) Eden regions: 152->0(152)
[2024-02-11T21:58:01.242+0000][7][gc,heap     ] GC(280) Survivor regions: 1->1(20)
[2024-02-11T21:58:01.242+0000][7][gc,heap     ] GC(280) Old regions: 24->24
[2024-02-11T21:58:01.242+0000][7][gc,heap     ] GC(280) Archive regions: 2->2
[2024-02-11T21:58:01.242+0000][7][gc,heap     ] GC(280) Humongous regions: 0->0
[2024-02-11T21:58:01.242+0000][7][gc,metaspace] GC(280) Metaspace: 129629K(133312K)->129629K(133312K) NonClass: 112651K(114560K)->112651K(114560K) Class: 16977K(18752K)->16977K(18752K)
[2024-02-11T21:58:01.242+0000][7][gc          ] GC(280) Pause Young (Normal) (G1 Evacuation Pause) 710M->101M(1024M) 2.220ms
[2024-02-11T21:58:01.242+0000][7][gc,cpu      ] GC(280) User=0.02s Sys=0.00s Real=0.00s
[2024-02-11T21:58:01.242+0000][7][safepoint   ] Safepoint "G1CollectForAllocation", Time since last: 31017669640 ns, Reaching safepoint: 61345 ns, At safepoint: 2308442 ns, Total: 2369787 ns
[2024-02-11T21:59:46.252+0000][7][safepoint   ] Safepoint "Cleanup", Time since last: 105010144553 ns, Reaching safepoint: 70739 ns, At safepoint: 8128 ns, Total: 78867 ns
[2024-02-11T22:00:19.303+0000][7][gc,start    ] GC(281) Pause Young (Normal) (G1 Evacuation Pause)
[2024-02-11T22:00:19.303+0000][7][gc,task     ] GC(281) Using 8 workers of 8 for evacuation
[2024-02-11T22:00:19.303+0000][7][gc,age      ] GC(281) Desired survivor size 41943040 bytes, new threshold 15 (max threshold 15)
[2024-02-11T22:00:19.306+0000][7][gc,phases   ] GC(281)   Pre Evacuate Collection Set: 0.1ms
[2024-02-11T22:00:19.306+0000][7][gc,phases   ] GC(281)   Merge Heap Roots: 0.1ms
[2024-02-11T22:00:19.306+0000][7][gc,phases   ] GC(281)   Evacuate Collection Set: 1.5ms
[2024-02-11T22:00:19.306+0000][7][gc,phases   ] GC(281)   Post Evacuate Collection Set: 0.7ms
[2024-02-11T22:00:19.306+0000][7][gc,phases   ] GC(281)   Other: 0.1ms
[2024-02-11T22:00:19.306+0000][7][gc,age      ] GC(281) Age table with threshold 15 (max threshold 15)
[2024-02-11T22:00:19.306+0000][7][gc,age      ] GC(281) - age   1:    1153272 bytes,    1153272 total
[2024-02-11T22:00:19.306+0000][7][gc,age      ] GC(281) - age   2:      12448 bytes,    1165720 total
[2024-02-11T22:00:19.306+0000][7][gc,age      ] GC(281) - age   3:       6816 bytes,    1172536 total
[2024-02-11T22:00:19.306+0000][7][gc,age      ] GC(281) - age   4:      16304 bytes,    1188840 total
[2024-02-11T22:00:19.306+0000][7][gc,age      ] GC(281) - age   5:     191392 bytes,    1380232 total
[2024-02-11T22:00:19.306+0000][7][gc,age      ] GC(281) - age   6:         24 bytes,    1380256 total
[2024-02-11T22:00:19.306+0000][7][gc,age      ] GC(281) - age   7:      76688 bytes,    1456944 total
[2024-02-11T22:00:19.306+0000][7][gc,age      ] GC(281) - age   8:        208 bytes,    1457152 total
[2024-02-11T22:00:19.306+0000][7][gc,age      ] GC(281) - age   9:       4824 bytes,    1461976 total
[2024-02-11T22:00:19.306+0000][7][gc,age      ] GC(281) - age  10:         24 bytes,    1462000 total
[2024-02-11T22:00:19.306+0000][7][gc,age      ] GC(281) - age  11:     248400 bytes,    1710400 total
[2024-02-11T22:00:19.306+0000][7][gc,age      ] GC(281) - age  12:       1776 bytes,    1712176 total
[2024-02-11T22:00:19.306+0000][7][gc,age      ] GC(281) - age  13:       8168 bytes,    1720344 total
[2024-02-11T22:00:19.306+0000][7][gc,age      ] GC(281) - age  14:     132816 bytes,    1853160 total
[2024-02-11T22:00:19.306+0000][7][gc,age      ] GC(281) - age  15:        168 bytes,    1853328 total
[2024-02-11T22:00:19.306+0000][7][gc,heap     ] GC(281) Eden regions: 152->0(152)
[2024-02-11T22:00:19.306+0000][7][gc,heap     ] GC(281) Survivor regions: 1->1(20)
[2024-02-11T22:00:19.306+0000][7][gc,heap     ] GC(281) Old regions: 24->24
[2024-02-11T22:00:19.306+0000][7][gc,heap     ] GC(281) Archive regions: 2->2
[2024-02-11T22:00:19.306+0000][7][gc,heap     ] GC(281) Humongous regions: 0->0
[2024-02-11T22:00:19.306+0000][7][gc,metaspace] GC(281) Metaspace: 129629K(133312K)->129629K(133312K) NonClass: 112651K(114560K)->112651K(114560K) Class: 16977K(18752K)->16977K(18752K)
[2024-02-11T22:00:19.306+0000][7][gc          ] GC(281) Pause Young (Normal) (G1 Evacuation Pause) 709M->101M(1024M) 2.775ms
[2024-02-11T22:00:19.306+0000][7][gc,cpu      ] GC(281) User=0.02s Sys=0.00s Real=0.01s
[2024-02-11T22:00:19.306+0000][7][safepoint   ] Safepoint "G1CollectForAllocation", Time since last: 33050915174 ns, Reaching safepoint: 63955 ns, At safepoint: 2877845 ns, Total: 2941800 ns
[2024-02-11T22:02:41.012+0000][7][gc,start    ] GC(282) Pause Young (Normal) (G1 Evacuation Pause)
[2024-02-11T22:02:41.012+0000][7][gc,task     ] GC(282) Using 8 workers of 8 for evacuation
[2024-02-11T22:02:41.012+0000][7][gc,age      ] GC(282) Desired survivor size 41943040 bytes, new threshold 15 (max threshold 15)
[2024-02-11T22:02:41.014+0000][7][gc,phases   ] GC(282)   Pre Evacuate Collection Set: 0.1ms
[2024-02-11T22:02:41.014+0000][7][gc,phases   ] GC(282)   Merge Heap Roots: 0.1ms
[2024-02-11T22:02:41.014+0000][7][gc,phases   ] GC(282)   Evacuate Collection Set: 1.4ms
[2024-02-11T22:02:41.014+0000][7][gc,phases   ] GC(282)   Post Evacuate Collection Set: 0.7ms
[2024-02-11T22:02:41.014+0000][7][gc,phases   ] GC(282)   Other: 0.1ms
[2024-02-11T22:02:41.014+0000][7][gc,age      ] GC(282) Age table with threshold 15 (max threshold 15)
[2024-02-11T22:02:41.014+0000][7][gc,age      ] GC(282) - age   1:    1131640 bytes,    1131640 total
[2024-02-11T22:02:41.014+0000][7][gc,age      ] GC(282) - age   2:      11480 bytes,    1143120 total
[2024-02-11T22:02:41.014+0000][7][gc,age      ] GC(282) - age   3:      11104 bytes,    1154224 total
[2024-02-11T22:02:41.014+0000][7][gc,age      ] GC(282) - age   4:       6624 bytes,    1160848 total
[2024-02-11T22:02:41.014+0000][7][gc,age      ] GC(282) - age   5:      12848 bytes,    1173696 total
[2024-02-11T22:02:41.014+0000][7][gc,age      ] GC(282) - age   6:     191392 bytes,    1365088 total
[2024-02-11T22:02:41.014+0000][7][gc,age      ] GC(282) - age   7:         24 bytes,    1365112 total
[2024-02-11T22:02:41.014+0000][7][gc,age      ] GC(282) - age   8:      76688 bytes,    1441800 total
[2024-02-11T22:02:41.014+0000][7][gc,age      ] GC(282) - age   9:        208 bytes,    1442008 total
[2024-02-11T22:02:41.014+0000][7][gc,age      ] GC(282) - age  10:       4824 bytes,    1446832 total
[2024-02-11T22:02:41.014+0000][7][gc,age      ] GC(282) - age  11:         24 bytes,    1446856 total
[2024-02-11T22:02:41.014+0000][7][gc,age      ] GC(282) - age  12:     248400 bytes,    1695256 total
[2024-02-11T22:02:41.014+0000][7][gc,age      ] GC(282) - age  13:       1776 bytes,    1697032 total
[2024-02-11T22:02:41.014+0000][7][gc,age      ] GC(282) - age  14:       8168 bytes,    1705200 total
[2024-02-11T22:02:41.014+0000][7][gc,age      ] GC(282) - age  15:     132816 bytes,    1838016 total
[2024-02-11T22:02:41.014+0000][7][gc,heap     ] GC(282) Eden regions: 152->0(152)
[2024-02-11T22:02:41.014+0000][7][gc,heap     ] GC(282) Survivor regions: 1->1(20)
[2024-02-11T22:02:41.014+0000][7][gc,heap     ] GC(282) Old regions: 24->24
[2024-02-11T22:02:41.014+0000][7][gc,heap     ] GC(282) Archive regions: 2->2
[2024-02-11T22:02:41.014+0000][7][gc,heap     ] GC(282) Humongous regions: 0->0
[2024-02-11T22:02:41.014+0000][7][gc,metaspace] GC(282) Metaspace: 129629K(133312K)->129629K(133312K) NonClass: 112651K(114560K)->112651K(114560K) Class: 16977K(18752K)->16977K(18752K)
[2024-02-11T22:02:41.014+0000][7][gc          ] GC(282) Pause Young (Normal) (G1 Evacuation Pause) 709M->101M(1024M) 2.732ms
[2024-02-11T22:02:41.015+0000][7][gc,cpu      ] GC(282) User=0.01s Sys=0.00s Real=0.01s
[2024-02-11T22:02:41.015+0000][7][safepoint   ] Safepoint "G1CollectForAllocation", Time since last: 141705494430 ns, Reaching safepoint: 87876 ns, At safepoint: 2822158 ns, Total: 2910034 ns
[2024-02-11T22:04:32.027+0000][7][safepoint   ] Safepoint "Cleanup", Time since last: 111012369273 ns, Reaching safepoint: 65433 ns, At safepoint: 6129 ns, Total: 71562 ns
[2024-02-11T22:05:02.007+0000][7][gc,start    ] GC(283) Pause Young (Normal) (G1 Evacuation Pause)
[2024-02-11T22:05:02.007+0000][7][gc,task     ] GC(283) Using 8 workers of 8 for evacuation
[2024-02-11T22:05:02.007+0000][7][gc,age      ] GC(283) Desired survivor size 41943040 bytes, new threshold 15 (max threshold 15)
[2024-02-11T22:05:02.010+0000][7][gc,phases   ] GC(283)   Pre Evacuate Collection Set: 0.1ms
[2024-02-11T22:05:02.010+0000][7][gc,phases   ] GC(283)   Merge Heap Roots: 0.1ms
[2024-02-11T22:05:02.010+0000][7][gc,phases   ] GC(283)   Evacuate Collection Set: 1.4ms
[2024-02-11T22:05:02.010+0000][7][gc,phases   ] GC(283)   Post Evacuate Collection Set: 0.7ms
[2024-02-11T22:05:02.010+0000][7][gc,phases   ] GC(283)   Other: 0.1ms
[2024-02-11T22:05:02.010+0000][7][gc,age      ] GC(283) Age table with threshold 15 (max threshold 15)
[2024-02-11T22:05:02.010+0000][7][gc,age      ] GC(283) - age   1:    1370688 bytes,    1370688 total
[2024-02-11T22:05:02.010+0000][7][gc,age      ] GC(283) - age   2:       5696 bytes,    1376384 total
[2024-02-11T22:05:02.010+0000][7][gc,age      ] GC(283) - age   3:        744 bytes,    1377128 total
[2024-02-11T22:05:02.010+0000][7][gc,age      ] GC(283) - age   4:      10912 bytes,    1388040 total
[2024-02-11T22:05:02.010+0000][7][gc,age      ] GC(283) - age   5:       6560 bytes,    1394600 total
[2024-02-11T22:05:02.010+0000][7][gc,age      ] GC(283) - age   6:      12848 bytes,    1407448 total
[2024-02-11T22:05:02.010+0000][7][gc,age      ] GC(283) - age   7:     191352 bytes,    1598800 total
[2024-02-11T22:05:02.010+0000][7][gc,age      ] GC(283) - age   9:      76304 bytes,    1675104 total
[2024-02-11T22:05:02.010+0000][7][gc,age      ] GC(283) - age  10:        208 bytes,    1675312 total
[2024-02-11T22:05:02.010+0000][7][gc,age      ] GC(283) - age  11:       4824 bytes,    1680136 total
[2024-02-11T22:05:02.010+0000][7][gc,age      ] GC(283) - age  12:         24 bytes,    1680160 total
[2024-02-11T22:05:02.010+0000][7][gc,age      ] GC(283) - age  13:     248400 bytes,    1928560 total
[2024-02-11T22:05:02.010+0000][7][gc,age      ] GC(283) - age  14:       1776 bytes,    1930336 total
[2024-02-11T22:05:02.010+0000][7][gc,age      ] GC(283) - age  15:       8168 bytes,    1938504 total
[2024-02-11T22:05:02.010+0000][7][gc,heap     ] GC(283) Eden regions: 152->0(152)
[2024-02-11T22:05:02.010+0000][7][gc,heap     ] GC(283) Survivor regions: 1->1(20)
[2024-02-11T22:05:02.010+0000][7][gc,heap     ] GC(283) Old regions: 24->25
[2024-02-11T22:05:02.010+0000][7][gc,heap     ] GC(283) Archive regions: 2->2
[2024-02-11T22:05:02.010+0000][7][gc,heap     ] GC(283) Humongous regions: 0->0
[2024-02-11T22:05:02.010+0000][7][gc,metaspace] GC(283) Metaspace: 129629K(133312K)->129629K(133312K) NonClass: 112651K(114560K)->112651K(114560K) Class: 16977K(18752K)->16977K(18752K)
[2024-02-11T22:05:02.010+0000][7][gc          ] GC(283) Pause Young (Normal) (G1 Evacuation Pause) 709M->101M(1024M) 2.651ms
[2024-02-11T22:05:02.010+0000][7][gc,cpu      ] GC(283) User=0.02s Sys=0.00s Real=0.00s
[2024-02-11T22:05:02.010+0000][7][safepoint   ] Safepoint "G1CollectForAllocation", Time since last: 29208906756 ns, Reaching safepoint: 69255 ns, At safepoint: 2737791 ns, Total: 2807046 ns
[2024-02-11T22:07:23.160+0000][7][gc,start    ] GC(284) Pause Young (Normal) (G1 Evacuation Pause)
[2024-02-11T22:07:23.160+0000][7][gc,task     ] GC(284) Using 8 workers of 8 for evacuation
[2024-02-11T22:07:23.160+0000][7][gc,age      ] GC(284) Desired survivor size 41943040 bytes, new threshold 15 (max threshold 15)
[2024-02-11T22:07:23.163+0000][7][gc,phases   ] GC(284)   Pre Evacuate Collection Set: 0.1ms
[2024-02-11T22:07:23.163+0000][7][gc,phases   ] GC(284)   Merge Heap Roots: 0.1ms
[2024-02-11T22:07:23.163+0000][7][gc,phases   ] GC(284)   Evacuate Collection Set: 1.9ms
[2024-02-11T22:07:23.163+0000][7][gc,phases   ] GC(284)   Post Evacuate Collection Set: 0.7ms
[2024-02-11T22:07:23.163+0000][7][gc,phases   ] GC(284)   Other: 0.1ms
[2024-02-11T22:07:23.163+0000][7][gc,age      ] GC(284) Age table with threshold 15 (max threshold 15)
[2024-02-11T22:07:23.163+0000][7][gc,age      ] GC(284) - age   1:    1462584 bytes,    1462584 total
[2024-02-11T22:07:23.163+0000][7][gc,age      ] GC(284) - age   2:      16976 bytes,    1479560 total
[2024-02-11T22:07:23.163+0000][7][gc,age      ] GC(284) - age   3:       3944 bytes,    1483504 total
[2024-02-11T22:07:23.163+0000][7][gc,age      ] GC(284) - age   4:        448 bytes,    1483952 total
[2024-02-11T22:07:23.163+0000][7][gc,age      ] GC(284) - age   5:      10272 bytes,    1494224 total
[2024-02-11T22:07:23.163+0000][7][gc,age      ] GC(284) - age   6:       6560 bytes,    1500784 total
[2024-02-11T22:07:23.163+0000][7][gc,age      ] GC(284) - age   7:      12848 bytes,    1513632 total
[2024-02-11T22:07:23.163+0000][7][gc,age      ] GC(284) - age   8:     191352 bytes,    1704984 total
[2024-02-11T22:07:23.163+0000][7][gc,age      ] GC(284) - age  10:      76304 bytes,    1781288 total
[2024-02-11T22:07:23.163+0000][7][gc,age      ] GC(284) - age  11:        208 bytes,    1781496 total
[2024-02-11T22:07:23.163+0000][7][gc,age      ] GC(284) - age  12:       4824 bytes,    1786320 total
[2024-02-11T22:07:23.163+0000][7][gc,age      ] GC(284) - age  13:         24 bytes,    1786344 total
[2024-02-11T22:07:23.163+0000][7][gc,age      ] GC(284) - age  14:     248400 bytes,    2034744 total
[2024-02-11T22:07:23.163+0000][7][gc,age      ] GC(284) - age  15:       1776 bytes,    2036520 total
[2024-02-11T22:07:23.163+0000][7][gc,heap     ] GC(284) Eden regions: 152->0(152)
[2024-02-11T22:07:23.163+0000][7][gc,heap     ] GC(284) Survivor regions: 1->1(20)
[2024-02-11T22:07:23.163+0000][7][gc,heap     ] GC(284) Old regions: 25->25
[2024-02-11T22:07:23.163+0000][7][gc,heap     ] GC(284) Archive regions: 2->2
[2024-02-11T22:07:23.163+0000][7][gc,heap     ] GC(284) Humongous regions: 0->0
[2024-02-11T22:07:23.163+0000][7][gc,metaspace] GC(284) Metaspace: 129629K(133312K)->129629K(133312K) NonClass: 112651K(114560K)->112651K(114560K) Class: 16977K(18752K)->16977K(18752K)
[2024-02-11T22:07:23.163+0000][7][gc          ] GC(284) Pause Young (Normal) (G1 Evacuation Pause) 709M->102M(1024M) 3.231ms
[2024-02-11T22:07:23.163+0000][7][gc,cpu      ] GC(284) User=0.01s Sys=0.01s Real=0.00s
[2024-02-11T22:07:23.163+0000][7][safepoint   ] Safepoint "G1CollectForAllocation", Time since last: 141150033112 ns, Reaching safepoint: 44413 ns, At safepoint: 3344923 ns, Total: 3389336 ns
[2024-02-11T22:09:45.015+0000][7][gc,start    ] GC(285) Pause Young (Normal) (G1 Evacuation Pause)
[2024-02-11T22:09:45.015+0000][7][gc,task     ] GC(285) Using 8 workers of 8 for evacuation
[2024-02-11T22:09:45.015+0000][7][gc,age      ] GC(285) Desired survivor size 41943040 bytes, new threshold 15 (max threshold 15)
[2024-02-11T22:09:45.018+0000][7][gc,phases   ] GC(285)   Pre Evacuate Collection Set: 0.1ms
[2024-02-11T22:09:45.018+0000][7][gc,phases   ] GC(285)   Merge Heap Roots: 0.1ms
[2024-02-11T22:09:45.018+0000][7][gc,phases   ] GC(285)   Evacuate Collection Set: 2.2ms
[2024-02-11T22:09:45.018+0000][7][gc,phases   ] GC(285)   Post Evacuate Collection Set: 1.0ms
[2024-02-11T22:09:45.018+0000][7][gc,phases   ] GC(285)   Other: 0.1ms
[2024-02-11T22:09:45.018+0000][7][gc,age      ] GC(285) Age table with threshold 15 (max threshold 15)
[2024-02-11T22:09:45.018+0000][7][gc,age      ] GC(285) - age   1:    1515264 bytes,    1515264 total
[2024-02-11T22:09:45.018+0000][7][gc,age      ] GC(285) - age   2:       2480 bytes,    1517744 total
[2024-02-11T22:09:45.018+0000][7][gc,age      ] GC(285) - age   3:       7424 bytes,    1525168 total
[2024-02-11T22:09:45.018+0000][7][gc,age      ] GC(285) - age   4:       3456 bytes,    1528624 total
[2024-02-11T22:09:45.018+0000][7][gc,age      ] GC(285) - age   5:        128 bytes,    1528752 total
[2024-02-11T22:09:45.018+0000][7][gc,age      ] GC(285) - age   6:       9400 bytes,    1538152 total
[2024-02-11T22:09:45.018+0000][7][gc,age      ] GC(285) - age   7:       6560 bytes,    1544712 total
[2024-02-11T22:09:45.018+0000][7][gc,age      ] GC(285) - age   8:      12848 bytes,    1557560 total
[2024-02-11T22:09:45.018+0000][7][gc,age      ] GC(285) - age   9:     191320 bytes,    1748880 total
[2024-02-11T22:09:45.018+0000][7][gc,age      ] GC(285) - age  11:      76304 bytes,    1825184 total
[2024-02-11T22:09:45.018+0000][7][gc,age      ] GC(285) - age  12:        208 bytes,    1825392 total
[2024-02-11T22:09:45.018+0000][7][gc,age      ] GC(285) - age  13:       4824 bytes,    1830216 total
[2024-02-11T22:09:45.018+0000][7][gc,age      ] GC(285) - age  14:         24 bytes,    1830240 total
[2024-02-11T22:09:45.018+0000][7][gc,age      ] GC(285) - age  15:     248400 bytes,    2078640 total
[2024-02-11T22:09:45.018+0000][7][gc,heap     ] GC(285) Eden regions: 152->0(152)
[2024-02-11T22:09:45.018+0000][7][gc,heap     ] GC(285) Survivor regions: 1->1(20)
[2024-02-11T22:09:45.018+0000][7][gc,heap     ] GC(285) Old regions: 25->25
[2024-02-11T22:09:45.018+0000][7][gc,heap     ] GC(285) Archive regions: 2->2
[2024-02-11T22:09:45.018+0000][7][gc,heap     ] GC(285) Humongous regions: 0->0
[2024-02-11T22:09:45.018+0000][7][gc,metaspace] GC(285) Metaspace: 129631K(133312K)->129631K(133312K) NonClass: 112653K(114560K)->112653K(114560K) Class: 16977K(18752K)->16977K(18752K)
[2024-02-11T22:09:45.019+0000][7][gc          ] GC(285) Pause Young (Normal) (G1 Evacuation Pause) 710M->102M(1024M) 3.903ms
[2024-02-11T22:09:45.019+0000][7][gc,cpu      ] GC(285) User=0.01s Sys=0.00s Real=0.01s
[2024-02-11T22:09:45.019+0000][7][safepoint   ] Safepoint "G1CollectForAllocation", Time since last: 141851145486 ns, Reaching safepoint: 52400 ns, At safepoint: 4022972 ns, Total: 4075372 ns
[2024-02-11T22:12:41.504+0000][7][gc,start    ] GC(286) Pause Young (Normal) (G1 Evacuation Pause)
[2024-02-11T22:12:41.504+0000][7][gc,task     ] GC(286) Using 8 workers of 8 for evacuation
[2024-02-11T22:12:41.504+0000][7][gc,age      ] GC(286) Desired survivor size 41943040 bytes, new threshold 15 (max threshold 15)
[2024-02-11T22:12:41.506+0000][7][gc,phases   ] GC(286)   Pre Evacuate Collection Set: 0.1ms
[2024-02-11T22:12:41.506+0000][7][gc,phases   ] GC(286)   Merge Heap Roots: 0.1ms
[2024-02-11T22:12:41.506+0000][7][gc,phases   ] GC(286)   Evacuate Collection Set: 1.1ms
[2024-02-11T22:12:41.506+0000][7][gc,phases   ] GC(286)   Post Evacuate Collection Set: 0.5ms
[2024-02-11T22:12:41.506+0000][7][gc,phases   ] GC(286)   Other: 0.1ms
[2024-02-11T22:12:41.506+0000][7][gc,age      ] GC(286) Age table with threshold 15 (max threshold 15)
[2024-02-11T22:12:41.506+0000][7][gc,age      ] GC(286) - age   1:    1874872 bytes,    1874872 total
[2024-02-11T22:12:41.506+0000][7][gc,age      ] GC(286) - age   2:      11736 bytes,    1886608 total
[2024-02-11T22:12:41.506+0000][7][gc,age      ] GC(286) - age   3:        528 bytes,    1887136 total
[2024-02-11T22:12:41.506+0000][7][gc,age      ] GC(286) - age   4:       6856 bytes,    1893992 total
[2024-02-11T22:12:41.506+0000][7][gc,age      ] GC(286) - age   6:         64 bytes,    1894056 total
[2024-02-11T22:12:41.506+0000][7][gc,age      ] GC(286) - age   7:       8624 bytes,    1902680 total
[2024-02-11T22:12:41.506+0000][7][gc,age      ] GC(286) - age   8:       6560 bytes,    1909240 total
[2024-02-11T22:12:41.506+0000][7][gc,age      ] GC(286) - age   9:      12848 bytes,    1922088 total
[2024-02-11T22:12:41.506+0000][7][gc,age      ] GC(286) - age  10:     191320 bytes,    2113408 total
[2024-02-11T22:12:41.506+0000][7][gc,age      ] GC(286) - age  12:      76304 bytes,    2189712 total
[2024-02-11T22:12:41.506+0000][7][gc,age      ] GC(286) - age  13:        208 bytes,    2189920 total
[2024-02-11T22:12:41.506+0000][7][gc,age      ] GC(286) - age  14:       4824 bytes,    2194744 total
[2024-02-11T22:12:41.506+0000][7][gc,age      ] GC(286) - age  15:         24 bytes,    2194768 total
[2024-02-11T22:12:41.506+0000][7][gc,heap     ] GC(286) Eden regions: 152->0(152)
[2024-02-11T22:12:41.506+0000][7][gc,heap     ] GC(286) Survivor regions: 1->1(20)
[2024-02-11T22:12:41.506+0000][7][gc,heap     ] GC(286) Old regions: 25->25
[2024-02-11T22:12:41.506+0000][7][gc,heap     ] GC(286) Archive regions: 2->2
[2024-02-11T22:12:41.506+0000][7][gc,heap     ] GC(286) Humongous regions: 0->0
[2024-02-11T22:12:41.506+0000][7][gc,metaspace] GC(286) Metaspace: 129631K(133312K)->129631K(133312K) NonClass: 112653K(114560K)->112653K(114560K) Class: 16977K(18752K)->16977K(18752K)
[2024-02-11T22:12:41.506+0000][7][gc          ] GC(286) Pause Young (Normal) (G1 Evacuation Pause) 710M->102M(1024M) 2.090ms
[2024-02-11T22:12:41.506+0000][7][gc,cpu      ] GC(286) User=0.01s Sys=0.00s Real=0.00s
[2024-02-11T22:12:41.506+0000][7][safepoint   ] Safepoint "G1CollectForAllocation", Time since last: 176485466844 ns, Reaching safepoint: 32611 ns, At safepoint: 2157308 ns, Total: 2189919 ns
[2024-02-11T22:15:47.018+0000][7][gc,start    ] GC(287) Pause Young (Normal) (G1 Evacuation Pause)
[2024-02-11T22:15:47.018+0000][7][gc,task     ] GC(287) Using 8 workers of 8 for evacuation
[2024-02-11T22:15:47.018+0000][7][gc,age      ] GC(287) Desired survivor size 41943040 bytes, new threshold 15 (max threshold 15)
[2024-02-11T22:15:47.019+0000][7][gc,phases   ] GC(287)   Pre Evacuate Collection Set: 0.1ms
[2024-02-11T22:15:47.019+0000][7][gc,phases   ] GC(287)   Merge Heap Roots: 0.0ms
[2024-02-11T22:15:47.019+0000][7][gc,phases   ] GC(287)   Evacuate Collection Set: 0.7ms
[2024-02-11T22:15:47.019+0000][7][gc,phases   ] GC(287)   Post Evacuate Collection Set: 0.5ms
[2024-02-11T22:15:47.019+0000][7][gc,phases   ] GC(287)   Other: 0.1ms
[2024-02-11T22:15:47.019+0000][7][gc,age      ] GC(287) Age table with threshold 15 (max threshold 15)
[2024-02-11T22:15:47.019+0000][7][gc,age      ] GC(287) - age   1:     609048 bytes,     609048 total
[2024-02-11T22:15:47.019+0000][7][gc,age      ] GC(287) - age   2:       6896 bytes,     615944 total
[2024-02-11T22:15:47.019+0000][7][gc,age      ] GC(287) - age   3:        936 bytes,     616880 total
[2024-02-11T22:15:47.019+0000][7][gc,age      ] GC(287) - age   4:        208 bytes,     617088 total
[2024-02-11T22:15:47.019+0000][7][gc,age      ] GC(287) - age   5:       6856 bytes,     623944 total
[2024-02-11T22:15:47.019+0000][7][gc,age      ] GC(287) - age   8:       8344 bytes,     632288 total
[2024-02-11T22:15:47.019+0000][7][gc,age      ] GC(287) - age   9:       6560 bytes,     638848 total
[2024-02-11T22:15:47.019+0000][7][gc,age      ] GC(287) - age  10:      12848 bytes,     651696 total
[2024-02-11T22:15:47.019+0000][7][gc,age      ] GC(287) - age  11:     191320 bytes,     843016 total
[2024-02-11T22:15:47.019+0000][7][gc,age      ] GC(287) - age  13:      76120 bytes,     919136 total
[2024-02-11T22:15:47.019+0000][7][gc,age      ] GC(287) - age  14:        208 bytes,     919344 total
[2024-02-11T22:15:47.019+0000][7][gc,age      ] GC(287) - age  15:       4824 bytes,     924168 total
[2024-02-11T22:15:47.019+0000][7][gc,heap     ] GC(287) Eden regions: 152->0(152)
[2024-02-11T22:15:47.019+0000][7][gc,heap     ] GC(287) Survivor regions: 1->1(20)
[2024-02-11T22:15:47.019+0000][7][gc,heap     ] GC(287) Old regions: 25->25
[2024-02-11T22:15:47.019+0000][7][gc,heap     ] GC(287) Archive regions: 2->2
[2024-02-11T22:15:47.019+0000][7][gc,heap     ] GC(287) Humongous regions: 0->0
[2024-02-11T22:15:47.019+0000][7][gc,metaspace] GC(287) Metaspace: 129631K(133312K)->129631K(133312K) NonClass: 112653K(114560K)->112653K(114560K) Class: 16977K(18752K)->16977K(18752K)
[2024-02-11T22:15:47.019+0000][7][gc          ] GC(287) Pause Young (Normal) (G1 Evacuation Pause) 710M->101M(1024M) 1.609ms
[2024-02-11T22:15:47.019+0000][7][gc,cpu      ] GC(287) User=0.01s Sys=0.01s Real=0.00s
[2024-02-11T22:15:47.019+0000][7][safepoint   ] Safepoint "G1CollectForAllocation", Time since last: 185511295327 ns, Reaching safepoint: 33874 ns, At safepoint: 1672634 ns, Total: 1706508 ns
[2024-02-11T22:18:50.033+0000][7][gc,start    ] GC(288) Pause Young (Normal) (G1 Evacuation Pause)
[2024-02-11T22:18:50.033+0000][7][gc,task     ] GC(288) Using 8 workers of 8 for evacuation
[2024-02-11T22:18:50.033+0000][7][gc,age      ] GC(288) Desired survivor size 41943040 bytes, new threshold 15 (max threshold 15)
[2024-02-11T22:18:50.035+0000][7][gc,phases   ] GC(288)   Pre Evacuate Collection Set: 0.1ms
[2024-02-11T22:18:50.035+0000][7][gc,phases   ] GC(288)   Merge Heap Roots: 0.0ms
[2024-02-11T22:18:50.035+0000][7][gc,phases   ] GC(288)   Evacuate Collection Set: 1.0ms
[2024-02-11T22:18:50.035+0000][7][gc,phases   ] GC(288)   Post Evacuate Collection Set: 0.5ms
[2024-02-11T22:18:50.035+0000][7][gc,phases   ] GC(288)   Other: 0.1ms
[2024-02-11T22:18:50.035+0000][7][gc,age      ] GC(288) Age table with threshold 15 (max threshold 15)
[2024-02-11T22:18:50.035+0000][7][gc,age      ] GC(288) - age   1:    1129160 bytes,    1129160 total
[2024-02-11T22:18:50.035+0000][7][gc,age      ] GC(288) - age   2:       1776 bytes,    1130936 total
[2024-02-11T22:18:50.035+0000][7][gc,age      ] GC(288) - age   3:       4456 bytes,    1135392 total
[2024-02-11T22:18:50.035+0000][7][gc,age      ] GC(288) - age   4:        184 bytes,    1135576 total
[2024-02-11T22:18:50.035+0000][7][gc,age      ] GC(288) - age   5:         24 bytes,    1135600 total
[2024-02-11T22:18:50.035+0000][7][gc,age      ] GC(288) - age   6:       6792 bytes,    1142392 total
[2024-02-11T22:18:50.035+0000][7][gc,age      ] GC(288) - age   9:       8344 bytes,    1150736 total
[2024-02-11T22:18:50.035+0000][7][gc,age      ] GC(288) - age  10:       6560 bytes,    1157296 total
[2024-02-11T22:18:50.035+0000][7][gc,age      ] GC(288) - age  11:      12848 bytes,    1170144 total
[2024-02-11T22:18:50.035+0000][7][gc,age      ] GC(288) - age  12:     191320 bytes,    1361464 total
[2024-02-11T22:18:50.035+0000][7][gc,age      ] GC(288) - age  14:      76120 bytes,    1437584 total
[2024-02-11T22:18:50.035+0000][7][gc,age      ] GC(288) - age  15:        208 bytes,    1437792 total
[2024-02-11T22:18:50.035+0000][7][gc,heap     ] GC(288) Eden regions: 152->0(152)
[2024-02-11T22:18:50.035+0000][7][gc,heap     ] GC(288) Survivor regions: 1->1(20)
[2024-02-11T22:18:50.035+0000][7][gc,heap     ] GC(288) Old regions: 25->25
[2024-02-11T22:18:50.035+0000][7][gc,heap     ] GC(288) Archive regions: 2->2
[2024-02-11T22:18:50.035+0000][7][gc,heap     ] GC(288) Humongous regions: 0->0
[2024-02-11T22:18:50.035+0000][7][gc,metaspace] GC(288) Metaspace: 129632K(133312K)->129632K(133312K) NonClass: 112654K(114560K)->112654K(114560K) Class: 16977K(18752K)->16977K(18752K)
[2024-02-11T22:18:50.035+0000][7][gc          ] GC(288) Pause Young (Normal) (G1 Evacuation Pause) 709M->101M(1024M) 1.956ms
[2024-02-11T22:18:50.035+0000][7][gc,cpu      ] GC(288) User=0.01s Sys=0.00s Real=0.00s
[2024-02-11T22:18:50.035+0000][7][safepoint   ] Safepoint "G1CollectForAllocation", Time since last: 183013569369 ns, Reaching safepoint: 90198 ns, At safepoint: 2090377 ns, Total: 2180575 ns
[2024-02-11T22:21:08.091+0000][7][gc,start    ] GC(289) Pause Young (Normal) (G1 Evacuation Pause)
[2024-02-11T22:21:08.091+0000][7][gc,task     ] GC(289) Using 8 workers of 8 for evacuation
[2024-02-11T22:21:08.091+0000][7][gc,age      ] GC(289) Desired survivor size 41943040 bytes, new threshold 15 (max threshold 15)
[2024-02-11T22:21:08.093+0000][7][gc,phases   ] GC(289)   Pre Evacuate Collection Set: 0.1ms
[2024-02-11T22:21:08.093+0000][7][gc,phases   ] GC(289)   Merge Heap Roots: 0.1ms
[2024-02-11T22:21:08.093+0000][7][gc,phases   ] GC(289)   Evacuate Collection Set: 1.2ms
[2024-02-11T22:21:08.093+0000][7][gc,phases   ] GC(289)   Post Evacuate Collection Set: 0.7ms
[2024-02-11T22:21:08.093+0000][7][gc,phases   ] GC(289)   Other: 0.1ms
[2024-02-11T22:21:08.093+0000][7][gc,age      ] GC(289) Age table with threshold 15 (max threshold 15)
[2024-02-11T22:21:08.093+0000][7][gc,age      ] GC(289) - age   1:    1485448 bytes,    1485448 total
[2024-02-11T22:21:08.093+0000][7][gc,age      ] GC(289) - age   2:      13720 bytes,    1499168 total
[2024-02-11T22:21:08.093+0000][7][gc,age      ] GC(289) - age   3:        184 bytes,    1499352 total
[2024-02-11T22:21:08.093+0000][7][gc,age      ] GC(289) - age   4:       4032 bytes,    1503384 total
[2024-02-11T22:21:08.093+0000][7][gc,age      ] GC(289) - age   5:        184 bytes,    1503568 total
[2024-02-11T22:21:08.093+0000][7][gc,age      ] GC(289) - age   6:         24 bytes,    1503592 total
[2024-02-11T22:21:08.093+0000][7][gc,age      ] GC(289) - age   7:       6792 bytes,    1510384 total
[2024-02-11T22:21:08.093+0000][7][gc,age      ] GC(289) - age  10:       8344 bytes,    1518728 total
[2024-02-11T22:21:08.093+0000][7][gc,age      ] GC(289) - age  11:       6560 bytes,    1525288 total
[2024-02-11T22:21:08.093+0000][7][gc,age      ] GC(289) - age  12:      12848 bytes,    1538136 total
[2024-02-11T22:21:08.093+0000][7][gc,age      ] GC(289) - age  13:     191320 bytes,    1729456 total
[2024-02-11T22:21:08.093+0000][7][gc,age      ] GC(289) - age  15:      76120 bytes,    1805576 total
[2024-02-11T22:21:08.093+0000][7][gc,heap     ] GC(289) Eden regions: 152->0(152)
[2024-02-11T22:21:08.093+0000][7][gc,heap     ] GC(289) Survivor regions: 1->1(20)
[2024-02-11T22:21:08.093+0000][7][gc,heap     ] GC(289) Old regions: 25->25
[2024-02-11T22:21:08.093+0000][7][gc,heap     ] GC(289) Archive regions: 2->2
[2024-02-11T22:21:08.093+0000][7][gc,heap     ] GC(289) Humongous regions: 0->0
[2024-02-11T22:21:08.093+0000][7][gc,metaspace] GC(289) Metaspace: 129632K(133312K)->129632K(133312K) NonClass: 112654K(114560K)->112654K(114560K) Class: 16977K(18752K)->16977K(18752K)
[2024-02-11T22:21:08.093+0000][7][gc          ] GC(289) Pause Young (Normal) (G1 Evacuation Pause) 709M->102M(1024M) 2.434ms
[2024-02-11T22:21:08.093+0000][7][gc,cpu      ] GC(289) User=0.02s Sys=0.00s Real=0.00s
[2024-02-11T22:21:08.093+0000][7][safepoint   ] Safepoint "G1CollectForAllocation", Time since last: 138055822782 ns, Reaching safepoint: 38697 ns, At safepoint: 2515547 ns, Total: 2554244 ns
[2024-02-11T22:22:47.104+0000][7][safepoint   ] Safepoint "Cleanup", Time since last: 99010962152 ns, Reaching safepoint: 59497 ns, At safepoint: 30987 ns, Total: 90484 ns
[2024-02-11T22:23:32.091+0000][7][gc,start    ] GC(290) Pause Young (Normal) (G1 Evacuation Pause)
[2024-02-11T22:23:32.091+0000][7][gc,task     ] GC(290) Using 8 workers of 8 for evacuation
[2024-02-11T22:23:32.091+0000][7][gc,age      ] GC(290) Desired survivor size 41943040 bytes, new threshold 15 (max threshold 15)
[2024-02-11T22:23:32.093+0000][7][gc,phases   ] GC(290)   Pre Evacuate Collection Set: 0.1ms
[2024-02-11T22:23:32.093+0000][7][gc,phases   ] GC(290)   Merge Heap Roots: 0.1ms
[2024-02-11T22:23:32.093+0000][7][gc,phases   ] GC(290)   Evacuate Collection Set: 1.3ms
[2024-02-11T22:23:32.093+0000][7][gc,phases   ] GC(290)   Post Evacuate Collection Set: 0.8ms
[2024-02-11T22:23:32.093+0000][7][gc,phases   ] GC(290)   Other: 0.1ms
[2024-02-11T22:23:32.093+0000][7][gc,age      ] GC(290) Age table with threshold 15 (max threshold 15)
[2024-02-11T22:23:32.093+0000][7][gc,age      ] GC(290) - age   1:    1163280 bytes,    1163280 total
[2024-02-11T22:23:32.093+0000][7][gc,age      ] GC(290) - age   2:       3080 bytes,    1166360 total
[2024-02-11T22:23:32.093+0000][7][gc,age      ] GC(290) - age   3:      11024 bytes,    1177384 total
[2024-02-11T22:23:32.093+0000][7][gc,age      ] GC(290) - age   4:        184 bytes,    1177568 total
[2024-02-11T22:23:32.093+0000][7][gc,age      ] GC(290) - age   5:        576 bytes,    1178144 total
[2024-02-11T22:23:32.093+0000][7][gc,age      ] GC(290) - age   6:        184 bytes,    1178328 total
[2024-02-11T22:23:32.093+0000][7][gc,age      ] GC(290) - age   7:         24 bytes,    1178352 total
[2024-02-11T22:23:32.093+0000][7][gc,age      ] GC(290) - age   8:       6408 bytes,    1184760 total
[2024-02-11T22:23:32.093+0000][7][gc,age      ] GC(290) - age  11:       8344 bytes,    1193104 total
[2024-02-11T22:23:32.093+0000][7][gc,age      ] GC(290) - age  12:       6560 bytes,    1199664 total
[2024-02-11T22:23:32.093+0000][7][gc,age      ] GC(290) - age  13:      12848 bytes,    1212512 total
[2024-02-11T22:23:32.093+0000][7][gc,age      ] GC(290) - age  14:     191320 bytes,    1403832 total
[2024-02-11T22:23:32.093+0000][7][gc,heap     ] GC(290) Eden regions: 152->0(152)
[2024-02-11T22:23:32.093+0000][7][gc,heap     ] GC(290) Survivor regions: 1->1(20)
[2024-02-11T22:23:32.093+0000][7][gc,heap     ] GC(290) Old regions: 25->25
[2024-02-11T22:23:32.093+0000][7][gc,heap     ] GC(290) Archive regions: 2->2
[2024-02-11T22:23:32.093+0000][7][gc,heap     ] GC(290) Humongous regions: 0->0
[2024-02-11T22:23:32.093+0000][7][gc,metaspace] GC(290) Metaspace: 129632K(133312K)->129632K(133312K) NonClass: 112654K(114560K)->112654K(114560K) Class: 16977K(18752K)->16977K(18752K)
[2024-02-11T22:23:32.093+0000][7][gc          ] GC(290) Pause Young (Normal) (G1 Evacuation Pause) 710M->101M(1024M) 2.568ms
[2024-02-11T22:23:32.093+0000][7][gc,cpu      ] GC(290) User=0.00s Sys=0.00s Real=0.00s
[2024-02-11T22:23:32.093+0000][7][safepoint   ] Safepoint "G1CollectForAllocation", Time since last: 44986005498 ns, Reaching safepoint: 59872 ns, At safepoint: 2656345 ns, Total: 2716217 ns
[2024-02-11T22:23:56.096+0000][7][safepoint   ] Safepoint "Cleanup", Time since last: 24002801573 ns, Reaching safepoint: 144538 ns, At safepoint: 20197 ns, Total: 164735 ns
[2024-02-11T22:24:18.098+0000][7][safepoint   ] Safepoint "Cleanup", Time since last: 22002067933 ns, Reaching safepoint: 72511 ns, At safepoint: 6151 ns, Total: 78662 ns
[2024-02-11T22:25:47.097+0000][7][gc,start    ] GC(291) Pause Young (Normal) (G1 Evacuation Pause)
[2024-02-11T22:25:47.097+0000][7][gc,task     ] GC(291) Using 8 workers of 8 for evacuation
[2024-02-11T22:25:47.097+0000][7][gc,age      ] GC(291) Desired survivor size 41943040 bytes, new threshold 15 (max threshold 15)
[2024-02-11T22:25:47.099+0000][7][gc,phases   ] GC(291)   Pre Evacuate Collection Set: 0.1ms
[2024-02-11T22:25:47.099+0000][7][gc,phases   ] GC(291)   Merge Heap Roots: 0.1ms
[2024-02-11T22:25:47.099+0000][7][gc,phases   ] GC(291)   Evacuate Collection Set: 1.2ms
[2024-02-11T22:25:47.099+0000][7][gc,phases   ] GC(291)   Post Evacuate Collection Set: 0.7ms
[2024-02-11T22:25:47.099+0000][7][gc,phases   ] GC(291)   Other: 0.1ms
[2024-02-11T22:25:47.099+0000][7][gc,age      ] GC(291) Age table with threshold 15 (max threshold 15)
[2024-02-11T22:25:47.099+0000][7][gc,age      ] GC(291) - age   1:    1527904 bytes,    1527904 total
[2024-02-11T22:25:47.099+0000][7][gc,age      ] GC(291) - age   2:       6336 bytes,    1534240 total
[2024-02-11T22:25:47.099+0000][7][gc,age      ] GC(291) - age   3:        424 bytes,    1534664 total
[2024-02-11T22:25:47.099+0000][7][gc,age      ] GC(291) - age   4:       9432 bytes,    1544096 total
[2024-02-11T22:25:47.099+0000][7][gc,age      ] GC(291) - age   5:        184 bytes,    1544280 total
[2024-02-11T22:25:47.099+0000][7][gc,age      ] GC(291) - age   6:        576 bytes,    1544856 total
[2024-02-11T22:25:47.099+0000][7][gc,age      ] GC(291) - age   7:        184 bytes,    1545040 total
[2024-02-11T22:25:47.099+0000][7][gc,age      ] GC(291) - age   8:         24 bytes,    1545064 total
[2024-02-11T22:25:47.099+0000][7][gc,age      ] GC(291) - age   9:       6384 bytes,    1551448 total
[2024-02-11T22:25:47.099+0000][7][gc,age      ] GC(291) - age  12:       8200 bytes,    1559648 total
[2024-02-11T22:25:47.099+0000][7][gc,age      ] GC(291) - age  13:       6560 bytes,    1566208 total
[2024-02-11T22:25:47.099+0000][7][gc,age      ] GC(291) - age  14:      12816 bytes,    1579024 total
[2024-02-11T22:25:47.099+0000][7][gc,age      ] GC(291) - age  15:     191320 bytes,    1770344 total
[2024-02-11T22:25:47.099+0000][7][gc,heap     ] GC(291) Eden regions: 152->0(152)
[2024-02-11T22:25:47.099+0000][7][gc,heap     ] GC(291) Survivor regions: 1->1(20)
[2024-02-11T22:25:47.099+0000][7][gc,heap     ] GC(291) Old regions: 25->25
[2024-02-11T22:25:47.099+0000][7][gc,heap     ] GC(291) Archive regions: 2->2
[2024-02-11T22:25:47.099+0000][7][gc,heap     ] GC(291) Humongous regions: 0->0
[2024-02-11T22:25:47.099+0000][7][gc,metaspace] GC(291) Metaspace: 129632K(133312K)->129632K(133312K) NonClass: 112655K(114560K)->112655K(114560K) Class: 16977K(18752K)->16977K(18752K)
[2024-02-11T22:25:47.099+0000][7][gc          ] GC(291) Pause Young (Normal) (G1 Evacuation Pause) 709M->102M(1024M) 2.460ms
[2024-02-11T22:25:47.099+0000][7][gc,cpu      ] GC(291) User=0.02s Sys=0.00s Real=0.00s
[2024-02-11T22:25:47.099+0000][7][safepoint   ] Safepoint "G1CollectForAllocation", Time since last: 88998369502 ns, Reaching safepoint: 40680 ns, At safepoint: 2545248 ns, Total: 2585928 ns
[2024-02-11T22:27:30.109+0000][7][safepoint   ] Safepoint "Cleanup", Time since last: 103009514198 ns, Reaching safepoint: 87255 ns, At safepoint: 4692 ns, Total: 91947 ns
[2024-02-11T22:28:08.104+0000][7][gc,start    ] GC(292) Pause Young (Normal) (G1 Evacuation Pause)
[2024-02-11T22:28:08.104+0000][7][gc,task     ] GC(292) Using 8 workers of 8 for evacuation
[2024-02-11T22:28:08.104+0000][7][gc,age      ] GC(292) Desired survivor size 41943040 bytes, new threshold 15 (max threshold 15)
[2024-02-11T22:28:08.106+0000][7][gc,phases   ] GC(292)   Pre Evacuate Collection Set: 0.1ms
[2024-02-11T22:28:08.106+0000][7][gc,phases   ] GC(292)   Merge Heap Roots: 0.0ms
[2024-02-11T22:28:08.106+0000][7][gc,phases   ] GC(292)   Evacuate Collection Set: 0.9ms
[2024-02-11T22:28:08.106+0000][7][gc,phases   ] GC(292)   Post Evacuate Collection Set: 0.5ms
[2024-02-11T22:28:08.106+0000][7][gc,phases   ] GC(292)   Other: 0.1ms
[2024-02-11T22:28:08.106+0000][7][gc,age      ] GC(292) Age table with threshold 15 (max threshold 15)
[2024-02-11T22:28:08.106+0000][7][gc,age      ] GC(292) - age   1:    1103976 bytes,    1103976 total
[2024-02-11T22:28:08.106+0000][7][gc,age      ] GC(292) - age   2:      96304 bytes,    1200280 total
[2024-02-11T22:28:08.106+0000][7][gc,age      ] GC(292) - age   3:       4408 bytes,    1204688 total
[2024-02-11T22:28:08.106+0000][7][gc,age      ] GC(292) - age   4:         64 bytes,    1204752 total
[2024-02-11T22:28:08.106+0000][7][gc,age      ] GC(292) - age   5:        384 bytes,    1205136 total
[2024-02-11T22:28:08.106+0000][7][gc,age      ] GC(292) - age   6:        184 bytes,    1205320 total
[2024-02-11T22:28:08.106+0000][7][gc,age      ] GC(292) - age   7:        184 bytes,    1205504 total
[2024-02-11T22:28:08.106+0000][7][gc,age      ] GC(292) - age   8:        184 bytes,    1205688 total
[2024-02-11T22:28:08.106+0000][7][gc,age      ] GC(292) - age   9:         24 bytes,    1205712 total
[2024-02-11T22:28:08.106+0000][7][gc,age      ] GC(292) - age  10:       6384 bytes,    1212096 total
[2024-02-11T22:28:08.106+0000][7][gc,age      ] GC(292) - age  13:       8200 bytes,    1220296 total
[2024-02-11T22:28:08.106+0000][7][gc,age      ] GC(292) - age  14:       6376 bytes,    1226672 total
[2024-02-11T22:28:08.106+0000][7][gc,age      ] GC(292) - age  15:      12816 bytes,    1239488 total
[2024-02-11T22:28:08.106+0000][7][gc,heap     ] GC(292) Eden regions: 152->0(152)
[2024-02-11T22:28:08.106+0000][7][gc,heap     ] GC(292) Survivor regions: 1->1(20)
[2024-02-11T22:28:08.106+0000][7][gc,heap     ] GC(292) Old regions: 25->25
[2024-02-11T22:28:08.106+0000][7][gc,heap     ] GC(292) Archive regions: 2->2
[2024-02-11T22:28:08.106+0000][7][gc,heap     ] GC(292) Humongous regions: 0->0
[2024-02-11T22:28:08.106+0000][7][gc,metaspace] GC(292) Metaspace: 129633K(133312K)->129633K(133312K) NonClass: 112655K(114560K)->112655K(114560K) Class: 16977K(18752K)->16977K(18752K)
[2024-02-11T22:28:08.106+0000][7][gc          ] GC(292) Pause Young (Normal) (G1 Evacuation Pause) 710M->101M(1024M) 1.747ms
[2024-02-11T22:28:08.106+0000][7][gc,cpu      ] GC(292) User=0.00s Sys=0.00s Real=0.00s
[2024-02-11T22:28:08.106+0000][7][safepoint   ] Safepoint "G1CollectForAllocation", Time since last: 37995370437 ns, Reaching safepoint: 30548 ns, At safepoint: 1814597 ns, Total: 1845145 ns
[2024-02-11T22:30:23.202+0000][7][gc,start    ] GC(293) Pause Young (Normal) (G1 Evacuation Pause)
[2024-02-11T22:30:23.202+0000][7][gc,task     ] GC(293) Using 8 workers of 8 for evacuation
[2024-02-11T22:30:23.202+0000][7][gc,age      ] GC(293) Desired survivor size 41943040 bytes, new threshold 15 (max threshold 15)
[2024-02-11T22:30:23.204+0000][7][gc,phases   ] GC(293)   Pre Evacuate Collection Set: 0.1ms
[2024-02-11T22:30:23.204+0000][7][gc,phases   ] GC(293)   Merge Heap Roots: 0.1ms
[2024-02-11T22:30:23.204+0000][7][gc,phases   ] GC(293)   Evacuate Collection Set: 1.2ms
[2024-02-11T22:30:23.204+0000][7][gc,phases   ] GC(293)   Post Evacuate Collection Set: 0.7ms
[2024-02-11T22:30:23.204+0000][7][gc,phases   ] GC(293)   Other: 0.1ms
[2024-02-11T22:30:23.204+0000][7][gc,age      ] GC(293) Age table with threshold 15 (max threshold 15)
[2024-02-11T22:30:23.204+0000][7][gc,age      ] GC(293) - age   1:    1064408 bytes,    1064408 total
[2024-02-11T22:30:23.204+0000][7][gc,age      ] GC(293) - age   2:      11632 bytes,    1076040 total
[2024-02-11T22:30:23.204+0000][7][gc,age      ] GC(293) - age   3:      94520 bytes,    1170560 total
[2024-02-11T22:30:23.204+0000][7][gc,age      ] GC(293) - age   4:       4408 bytes,    1174968 total
[2024-02-11T22:30:23.204+0000][7][gc,age      ] GC(293) - age   5:         64 bytes,    1175032 total
[2024-02-11T22:30:23.204+0000][7][gc,age      ] GC(293) - age   6:        384 bytes,    1175416 total
[2024-02-11T22:30:23.204+0000][7][gc,age      ] GC(293) - age   8:        184 bytes,    1175600 total
[2024-02-11T22:30:23.204+0000][7][gc,age      ] GC(293) - age   9:        184 bytes,    1175784 total
[2024-02-11T22:30:23.204+0000][7][gc,age      ] GC(293) - age  10:         24 bytes,    1175808 total
[2024-02-11T22:30:23.204+0000][7][gc,age      ] GC(293) - age  11:       6384 bytes,    1182192 total
[2024-02-11T22:30:23.204+0000][7][gc,age      ] GC(293) - age  14:       8200 bytes,    1190392 total
[2024-02-11T22:30:23.204+0000][7][gc,age      ] GC(293) - age  15:       6376 bytes,    1196768 total
[2024-02-11T22:30:23.204+0000][7][gc,heap     ] GC(293) Eden regions: 152->0(152)
[2024-02-11T22:30:23.204+0000][7][gc,heap     ] GC(293) Survivor regions: 1->1(20)
[2024-02-11T22:30:23.204+0000][7][gc,heap     ] GC(293) Old regions: 25->25
[2024-02-11T22:30:23.204+0000][7][gc,heap     ] GC(293) Archive regions: 2->2
[2024-02-11T22:30:23.204+0000][7][gc,heap     ] GC(293) Humongous regions: 0->0
[2024-02-11T22:30:23.204+0000][7][gc,metaspace] GC(293) Metaspace: 129633K(133312K)->129633K(133312K) NonClass: 112655K(114560K)->112655K(114560K) Class: 16977K(18752K)->16977K(18752K)
[2024-02-11T22:30:23.204+0000][7][gc          ] GC(293) Pause Young (Normal) (G1 Evacuation Pause) 709M->101M(1024M) 2.635ms
[2024-02-11T22:30:23.204+0000][7][gc,cpu      ] GC(293) User=0.01s Sys=0.00s Real=0.01s
[2024-02-11T22:30:23.204+0000][7][safepoint   ] Safepoint "G1CollectForAllocation", Time since last: 135095402847 ns, Reaching safepoint: 62981 ns, At safepoint: 2745942 ns, Total: 2808923 ns
[2024-02-11T22:30:44.206+0000][7][safepoint   ] Safepoint "Cleanup", Time since last: 21001960677 ns, Reaching safepoint: 148256 ns, At safepoint: 13578 ns, Total: 161834 ns
[2024-02-11T22:32:44.108+0000][7][gc,start    ] GC(294) Pause Young (Normal) (G1 Evacuation Pause)
[2024-02-11T22:32:44.108+0000][7][gc,task     ] GC(294) Using 8 workers of 8 for evacuation
[2024-02-11T22:32:44.108+0000][7][gc,age      ] GC(294) Desired survivor size 41943040 bytes, new threshold 15 (max threshold 15)
[2024-02-11T22:32:44.110+0000][7][gc,phases   ] GC(294)   Pre Evacuate Collection Set: 0.1ms
[2024-02-11T22:32:44.110+0000][7][gc,phases   ] GC(294)   Merge Heap Roots: 0.1ms
[2024-02-11T22:32:44.110+0000][7][gc,phases   ] GC(294)   Evacuate Collection Set: 1.1ms
[2024-02-11T22:32:44.110+0000][7][gc,phases   ] GC(294)   Post Evacuate Collection Set: 0.7ms
[2024-02-11T22:32:44.110+0000][7][gc,phases   ] GC(294)   Other: 0.1ms
[2024-02-11T22:32:44.110+0000][7][gc,age      ] GC(294) Age table with threshold 15 (max threshold 15)
[2024-02-11T22:32:44.110+0000][7][gc,age      ] GC(294) - age   1:    1304224 bytes,    1304224 total
[2024-02-11T22:32:44.110+0000][7][gc,age      ] GC(294) - age   2:       1464 bytes,    1305688 total
[2024-02-11T22:32:44.110+0000][7][gc,age      ] GC(294) - age   3:       1624 bytes,    1307312 total
[2024-02-11T22:32:44.110+0000][7][gc,age      ] GC(294) - age   4:      85128 bytes,    1392440 total
[2024-02-11T22:32:44.110+0000][7][gc,age      ] GC(294) - age   5:        952 bytes,    1393392 total
[2024-02-11T22:32:44.110+0000][7][gc,age      ] GC(294) - age   7:        384 bytes,    1393776 total
[2024-02-11T22:32:44.110+0000][7][gc,age      ] GC(294) - age   9:        184 bytes,    1393960 total
[2024-02-11T22:32:44.110+0000][7][gc,age      ] GC(294) - age  10:        184 bytes,    1394144 total
[2024-02-11T22:32:44.110+0000][7][gc,age      ] GC(294) - age  11:         24 bytes,    1394168 total
[2024-02-11T22:32:44.110+0000][7][gc,age      ] GC(294) - age  12:       6384 bytes,    1400552 total
[2024-02-11T22:32:44.110+0000][7][gc,age      ] GC(294) - age  15:       8200 bytes,    1408752 total
[2024-02-11T22:32:44.110+0000][7][gc,heap     ] GC(294) Eden regions: 152->0(152)
[2024-02-11T22:32:44.110+0000][7][gc,heap     ] GC(294) Survivor regions: 1->1(20)
[2024-02-11T22:32:44.110+0000][7][gc,heap     ] GC(294) Old regions: 25->25
[2024-02-11T22:32:44.110+0000][7][gc,heap     ] GC(294) Archive regions: 2->2
[2024-02-11T22:32:44.110+0000][7][gc,heap     ] GC(294) Humongous regions: 0->0
[2024-02-11T22:32:44.110+0000][7][gc,metaspace] GC(294) Metaspace: 129634K(133312K)->129634K(133312K) NonClass: 112656K(114560K)->112656K(114560K) Class: 16977K(18752K)->16977K(18752K)
[2024-02-11T22:32:44.111+0000][7][gc          ] GC(294) Pause Young (Normal) (G1 Evacuation Pause) 709M->102M(1024M) 2.373ms
[2024-02-11T22:32:44.111+0000][7][gc,cpu      ] GC(294) User=0.01s Sys=0.01s Real=0.00s
[2024-02-11T22:32:44.111+0000][7][safepoint   ] Safepoint "G1CollectForAllocation", Time since last: 119901539275 ns, Reaching safepoint: 168736 ns, At safepoint: 2471636 ns, Total: 2640372 ns
[2024-02-11T22:35:44.129+0000][7][gc,start    ] GC(295) Pause Young (Normal) (G1 Evacuation Pause)
[2024-02-11T22:35:44.129+0000][7][gc,task     ] GC(295) Using 8 workers of 8 for evacuation
[2024-02-11T22:35:44.129+0000][7][gc,age      ] GC(295) Desired survivor size 41943040 bytes, new threshold 15 (max threshold 15)
[2024-02-11T22:35:44.131+0000][7][gc,phases   ] GC(295)   Pre Evacuate Collection Set: 0.1ms
[2024-02-11T22:35:44.131+0000][7][gc,phases   ] GC(295)   Merge Heap Roots: 0.1ms
[2024-02-11T22:35:44.131+0000][7][gc,phases   ] GC(295)   Evacuate Collection Set: 1.5ms
[2024-02-11T22:35:44.131+0000][7][gc,phases   ] GC(295)   Post Evacuate Collection Set: 0.7ms
[2024-02-11T22:35:44.131+0000][7][gc,phases   ] GC(295)   Other: 0.1ms
[2024-02-11T22:35:44.131+0000][7][gc,age      ] GC(295) Age table with threshold 15 (max threshold 15)
[2024-02-11T22:35:44.131+0000][7][gc,age      ] GC(295) - age   1:    1352288 bytes,    1352288 total
[2024-02-11T22:35:44.131+0000][7][gc,age      ] GC(295) - age   2:     145768 bytes,    1498056 total
[2024-02-11T22:35:44.131+0000][7][gc,age      ] GC(295) - age   3:        312 bytes,    1498368 total
[2024-02-11T22:35:44.131+0000][7][gc,age      ] GC(295) - age   4:       1624 bytes,    1499992 total
[2024-02-11T22:35:44.131+0000][7][gc,age      ] GC(295) - age   5:      84872 bytes,    1584864 total
[2024-02-11T22:35:44.131+0000][7][gc,age      ] GC(295) - age   6:        408 bytes,    1585272 total
[2024-02-11T22:35:44.131+0000][7][gc,age      ] GC(295) - age   8:        320 bytes,    1585592 total
[2024-02-11T22:35:44.131+0000][7][gc,age      ] GC(295) - age  10:        184 bytes,    1585776 total
[2024-02-11T22:35:44.131+0000][7][gc,age      ] GC(295) - age  11:        184 bytes,    1585960 total
[2024-02-11T22:35:44.131+0000][7][gc,age      ] GC(295) - age  12:         24 bytes,    1585984 total
[2024-02-11T22:35:44.131+0000][7][gc,age      ] GC(295) - age  13:       6384 bytes,    1592368 total
[2024-02-11T22:35:44.131+0000][7][gc,heap     ] GC(295) Eden regions: 152->0(152)
[2024-02-11T22:35:44.131+0000][7][gc,heap     ] GC(295) Survivor regions: 1->1(20)
[2024-02-11T22:35:44.131+0000][7][gc,heap     ] GC(295) Old regions: 25->25
[2024-02-11T22:35:44.131+0000][7][gc,heap     ] GC(295) Archive regions: 2->2
[2024-02-11T22:35:44.131+0000][7][gc,heap     ] GC(295) Humongous regions: 0->0
[2024-02-11T22:35:44.131+0000][7][gc,metaspace] GC(295) Metaspace: 129634K(133312K)->129634K(133312K) NonClass: 112656K(114560K)->112656K(114560K) Class: 16977K(18752K)->16977K(18752K)
[2024-02-11T22:35:44.131+0000][7][gc          ] GC(295) Pause Young (Normal) (G1 Evacuation Pause) 710M->102M(1024M) 2.765ms
[2024-02-11T22:35:44.131+0000][7][gc,cpu      ] GC(295) User=0.02s Sys=0.00s Real=0.00s
[2024-02-11T22:35:44.131+0000][7][safepoint   ] Safepoint "G1CollectForAllocation", Time since last: 180017898698 ns, Reaching safepoint: 38767 ns, At safepoint: 2850675 ns, Total: 2889442 ns
[2024-02-11T22:37:59.131+0000][7][gc,start    ] GC(296) Pause Young (Normal) (G1 Evacuation Pause)
[2024-02-11T22:37:59.131+0000][7][gc,task     ] GC(296) Using 8 workers of 8 for evacuation
[2024-02-11T22:37:59.131+0000][7][gc,age      ] GC(296) Desired survivor size 41943040 bytes, new threshold 15 (max threshold 15)
[2024-02-11T22:37:59.134+0000][7][gc,phases   ] GC(296)   Pre Evacuate Collection Set: 0.1ms
[2024-02-11T22:37:59.134+0000][7][gc,phases   ] GC(296)   Merge Heap Roots: 0.1ms
[2024-02-11T22:37:59.134+0000][7][gc,phases   ] GC(296)   Evacuate Collection Set: 1.4ms
[2024-02-11T22:37:59.134+0000][7][gc,phases   ] GC(296)   Post Evacuate Collection Set: 0.7ms
[2024-02-11T22:37:59.134+0000][7][gc,phases   ] GC(296)   Other: 0.1ms
[2024-02-11T22:37:59.134+0000][7][gc,age      ] GC(296) Age table with threshold 15 (max threshold 15)
[2024-02-11T22:37:59.134+0000][7][gc,age      ] GC(296) - age   1:    1650456 bytes,    1650456 total
[2024-02-11T22:37:59.134+0000][7][gc,age      ] GC(296) - age   2:       3784 bytes,    1654240 total
[2024-02-11T22:37:59.134+0000][7][gc,age      ] GC(296) - age   3:     143432 bytes,    1797672 total
[2024-02-11T22:37:59.134+0000][7][gc,age      ] GC(296) - age   4:        216 bytes,    1797888 total
[2024-02-11T22:37:59.134+0000][7][gc,age      ] GC(296) - age   5:        872 bytes,    1798760 total
[2024-02-11T22:37:59.134+0000][7][gc,age      ] GC(296) - age   6:      84808 bytes,    1883568 total
[2024-02-11T22:37:59.134+0000][7][gc,age      ] GC(296) - age   7:        408 bytes,    1883976 total
[2024-02-11T22:37:59.134+0000][7][gc,age      ] GC(296) - age  11:        184 bytes,    1884160 total
[2024-02-11T22:37:59.134+0000][7][gc,age      ] GC(296) - age  12:        184 bytes,    1884344 total
[2024-02-11T22:37:59.134+0000][7][gc,age      ] GC(296) - age  13:         24 bytes,    1884368 total
[2024-02-11T22:37:59.134+0000][7][gc,age      ] GC(296) - age  14:       6384 bytes,    1890752 total
[2024-02-11T22:37:59.134+0000][7][gc,heap     ] GC(296) Eden regions: 152->0(152)
[2024-02-11T22:37:59.134+0000][7][gc,heap     ] GC(296) Survivor regions: 1->1(20)
[2024-02-11T22:37:59.134+0000][7][gc,heap     ] GC(296) Old regions: 25->25
[2024-02-11T22:37:59.134+0000][7][gc,heap     ] GC(296) Archive regions: 2->2
[2024-02-11T22:37:59.134+0000][7][gc,heap     ] GC(296) Humongous regions: 0->0
[2024-02-11T22:37:59.134+0000][7][gc,metaspace] GC(296) Metaspace: 129636K(133312K)->129636K(133312K) NonClass: 112658K(114560K)->112658K(114560K) Class: 16977K(18752K)->16977K(18752K)
[2024-02-11T22:37:59.134+0000][7][gc          ] GC(296) Pause Young (Normal) (G1 Evacuation Pause) 710M->102M(1024M) 2.781ms
[2024-02-11T22:37:59.134+0000][7][gc,cpu      ] GC(296) User=0.01s Sys=0.00s Real=0.00s
[2024-02-11T22:37:59.134+0000][7][safepoint   ] Safepoint "G1CollectForAllocation", Time since last: 134999718357 ns, Reaching safepoint: 89533 ns, At safepoint: 2866565 ns, Total: 2956098 ns
[2024-02-11T22:40:56.227+0000][7][gc,start    ] GC(297) Pause Young (Normal) (G1 Evacuation Pause)
[2024-02-11T22:40:56.227+0000][7][gc,task     ] GC(297) Using 8 workers of 8 for evacuation
[2024-02-11T22:40:56.227+0000][7][gc,age      ] GC(297) Desired survivor size 41943040 bytes, new threshold 15 (max threshold 15)
[2024-02-11T22:40:56.229+0000][7][gc,phases   ] GC(297)   Pre Evacuate Collection Set: 0.1ms
[2024-02-11T22:40:56.229+0000][7][gc,phases   ] GC(297)   Merge Heap Roots: 0.1ms
[2024-02-11T22:40:56.229+0000][7][gc,phases   ] GC(297)   Evacuate Collection Set: 1.0ms
[2024-02-11T22:40:56.229+0000][7][gc,phases   ] GC(297)   Post Evacuate Collection Set: 0.9ms
[2024-02-11T22:40:56.229+0000][7][gc,phases   ] GC(297)   Other: 0.1ms
[2024-02-11T22:40:56.229+0000][7][gc,age      ] GC(297) Age table with threshold 15 (max threshold 15)
[2024-02-11T22:40:56.229+0000][7][gc,age      ] GC(297) - age   1:    2184512 bytes,    2184512 total
[2024-02-11T22:40:56.229+0000][7][gc,age      ] GC(297) - age   2:       3800 bytes,    2188312 total
[2024-02-11T22:40:56.229+0000][7][gc,age      ] GC(297) - age   3:        376 bytes,    2188688 total
[2024-02-11T22:40:56.229+0000][7][gc,age      ] GC(297) - age   4:     143072 bytes,    2331760 total
[2024-02-11T22:40:56.229+0000][7][gc,age      ] GC(297) - age   5:        216 bytes,    2331976 total
[2024-02-11T22:40:56.229+0000][7][gc,age      ] GC(297) - age   6:        872 bytes,    2332848 total
[2024-02-11T22:40:56.229+0000][7][gc,age      ] GC(297) - age   7:      84808 bytes,    2417656 total
[2024-02-11T22:40:56.229+0000][7][gc,age      ] GC(297) - age   8:        408 bytes,    2418064 total
[2024-02-11T22:40:56.229+0000][7][gc,age      ] GC(297) - age  12:        184 bytes,    2418248 total
[2024-02-11T22:40:56.229+0000][7][gc,age      ] GC(297) - age  13:        184 bytes,    2418432 total
[2024-02-11T22:40:56.229+0000][7][gc,age      ] GC(297) - age  14:         24 bytes,    2418456 total
[2024-02-11T22:40:56.229+0000][7][gc,age      ] GC(297) - age  15:       6384 bytes,    2424840 total
[2024-02-11T22:40:56.229+0000][7][gc,heap     ] GC(297) Eden regions: 152->0(152)
[2024-02-11T22:40:56.229+0000][7][gc,heap     ] GC(297) Survivor regions: 1->1(20)
[2024-02-11T22:40:56.229+0000][7][gc,heap     ] GC(297) Old regions: 25->25
[2024-02-11T22:40:56.229+0000][7][gc,heap     ] GC(297) Archive regions: 2->2
[2024-02-11T22:40:56.229+0000][7][gc,heap     ] GC(297) Humongous regions: 0->0
[2024-02-11T22:40:56.229+0000][7][gc,metaspace] GC(297) Metaspace: 129636K(133312K)->129636K(133312K) NonClass: 112658K(114560K)->112658K(114560K) Class: 16977K(18752K)->16977K(18752K)
[2024-02-11T22:40:56.229+0000][7][gc          ] GC(297) Pause Young (Normal) (G1 Evacuation Pause) 710M->103M(1024M) 2.328ms
[2024-02-11T22:40:56.229+0000][7][gc,cpu      ] GC(297) User=0.01s Sys=0.01s Real=0.00s
[2024-02-11T22:40:56.229+0000][7][safepoint   ] Safepoint "G1CollectForAllocation", Time since last: 177092771560 ns, Reaching safepoint: 32324 ns, At safepoint: 2399198 ns, Total: 2431522 ns
[2024-02-11T22:43:11.246+0000][7][safepoint   ] Safepoint "Cleanup", Time since last: 135016263459 ns, Reaching safepoint: 74980 ns, At safepoint: 6869 ns, Total: 81849 ns
[2024-02-11T22:43:41.136+0000][7][gc,start    ] GC(298) Pause Young (Normal) (G1 Evacuation Pause)
[2024-02-11T22:43:41.136+0000][7][gc,task     ] GC(298) Using 8 workers of 8 for evacuation
[2024-02-11T22:43:41.136+0000][7][gc,age      ] GC(298) Desired survivor size 41943040 bytes, new threshold 15 (max threshold 15)
[2024-02-11T22:43:41.139+0000][7][gc,phases   ] GC(298)   Pre Evacuate Collection Set: 0.1ms
[2024-02-11T22:43:41.139+0000][7][gc,phases   ] GC(298)   Merge Heap Roots: 0.1ms
[2024-02-11T22:43:41.139+0000][7][gc,phases   ] GC(298)   Evacuate Collection Set: 1.4ms
[2024-02-11T22:43:41.139+0000][7][gc,phases   ] GC(298)   Post Evacuate Collection Set: 0.7ms
[2024-02-11T22:43:41.139+0000][7][gc,phases   ] GC(298)   Other: 0.1ms
[2024-02-11T22:43:41.139+0000][7][gc,age      ] GC(298) Age table with threshold 15 (max threshold 15)
[2024-02-11T22:43:41.139+0000][7][gc,age      ] GC(298) - age   1:    1842688 bytes,    1842688 total
[2024-02-11T22:43:41.139+0000][7][gc,age      ] GC(298) - age   2:       2832 bytes,    1845520 total
[2024-02-11T22:43:41.139+0000][7][gc,age      ] GC(298) - age   3:       1144 bytes,    1846664 total
[2024-02-11T22:43:41.139+0000][7][gc,age      ] GC(298) - age   5:     139616 bytes,    1986280 total
[2024-02-11T22:43:41.139+0000][7][gc,age      ] GC(298) - age   6:        216 bytes,    1986496 total
[2024-02-11T22:43:41.139+0000][7][gc,age      ] GC(298) - age   7:        480 bytes,    1986976 total
[2024-02-11T22:43:41.139+0000][7][gc,age      ] GC(298) - age   8:      68520 bytes,    2055496 total
[2024-02-11T22:43:41.139+0000][7][gc,age      ] GC(298) - age   9:         24 bytes,    2055520 total
[2024-02-11T22:43:41.139+0000][7][gc,age      ] GC(298) - age  13:        184 bytes,    2055704 total
[2024-02-11T22:43:41.139+0000][7][gc,age      ] GC(298) - age  14:        184 bytes,    2055888 total
[2024-02-11T22:43:41.139+0000][7][gc,age      ] GC(298) - age  15:         24 bytes,    2055912 total
[2024-02-11T22:43:41.139+0000][7][gc,heap     ] GC(298) Eden regions: 152->0(152)
[2024-02-11T22:43:41.139+0000][7][gc,heap     ] GC(298) Survivor regions: 1->1(20)
[2024-02-11T22:43:41.139+0000][7][gc,heap     ] GC(298) Old regions: 25->25
[2024-02-11T22:43:41.139+0000][7][gc,heap     ] GC(298) Archive regions: 2->2
[2024-02-11T22:43:41.139+0000][7][gc,heap     ] GC(298) Humongous regions: 0->0
[2024-02-11T22:43:41.139+0000][7][gc,metaspace] GC(298) Metaspace: 129636K(133312K)->129636K(133312K) NonClass: 112658K(114560K)->112658K(114560K) Class: 16977K(18752K)->16977K(18752K)
[2024-02-11T22:43:41.139+0000][7][gc          ] GC(298) Pause Young (Normal) (G1 Evacuation Pause) 711M->102M(1024M) 2.630ms
[2024-02-11T22:43:41.139+0000][7][gc,cpu      ] GC(298) User=0.01s Sys=0.00s Real=0.00s
[2024-02-11T22:43:41.139+0000][7][safepoint   ] Safepoint "G1CollectForAllocation", Time since last: 29890462431 ns, Reaching safepoint: 42168 ns, At safepoint: 2720783 ns, Total: 2762951 ns
[2024-02-11T22:44:45.147+0000][7][safepoint   ] Safepoint "Cleanup", Time since last: 64007760256 ns, Reaching safepoint: 61225 ns, At safepoint: 5912 ns, Total: 67137 ns
[2024-02-11T22:45:59.111+0000][7][gc,start    ] GC(299) Pause Young (Normal) (G1 Evacuation Pause)
[2024-02-11T22:45:59.111+0000][7][gc,task     ] GC(299) Using 8 workers of 8 for evacuation
[2024-02-11T22:45:59.111+0000][7][gc,age      ] GC(299) Desired survivor size 41943040 bytes, new threshold 15 (max threshold 15)
[2024-02-11T22:45:59.113+0000][7][gc,phases   ] GC(299)   Pre Evacuate Collection Set: 0.1ms
[2024-02-11T22:45:59.113+0000][7][gc,phases   ] GC(299)   Merge Heap Roots: 0.1ms
[2024-02-11T22:45:59.114+0000][7][gc,phases   ] GC(299)   Evacuate Collection Set: 1.6ms
[2024-02-11T22:45:59.114+0000][7][gc,phases   ] GC(299)   Post Evacuate Collection Set: 0.7ms
[2024-02-11T22:45:59.114+0000][7][gc,phases   ] GC(299)   Other: 0.1ms
[2024-02-11T22:45:59.114+0000][7][gc,age      ] GC(299) Age table with threshold 15 (max threshold 15)
[2024-02-11T22:45:59.114+0000][7][gc,age      ] GC(299) - age   1:    1433272 bytes,    1433272 total
[2024-02-11T22:45:59.114+0000][7][gc,age      ] GC(299) - age   2:     249744 bytes,    1683016 total
[2024-02-11T22:45:59.114+0000][7][gc,age      ] GC(299) - age   3:        976 bytes,    1683992 total
[2024-02-11T22:45:59.114+0000][7][gc,age      ] GC(299) - age   4:       1016 bytes,    1685008 total
[2024-02-11T22:45:59.114+0000][7][gc,age      ] GC(299) - age   6:     139616 bytes,    1824624 total
[2024-02-11T22:45:59.114+0000][7][gc,age      ] GC(299) - age   7:        216 bytes,    1824840 total
[2024-02-11T22:45:59.114+0000][7][gc,age      ] GC(299) - age   8:        480 bytes,    1825320 total
[2024-02-11T22:45:59.114+0000][7][gc,age      ] GC(299) - age   9:      68520 bytes,    1893840 total
[2024-02-11T22:45:59.114+0000][7][gc,age      ] GC(299) - age  10:         24 bytes,    1893864 total
[2024-02-11T22:45:59.114+0000][7][gc,age      ] GC(299) - age  14:        184 bytes,    1894048 total
[2024-02-11T22:45:59.114+0000][7][gc,heap     ] GC(299) Eden regions: 152->0(152)
[2024-02-11T22:45:59.114+0000][7][gc,heap     ] GC(299) Survivor regions: 1->1(20)
[2024-02-11T22:45:59.114+0000][7][gc,heap     ] GC(299) Old regions: 25->25
[2024-02-11T22:45:59.114+0000][7][gc,heap     ] GC(299) Archive regions: 2->2
[2024-02-11T22:45:59.114+0000][7][gc,heap     ] GC(299) Humongous regions: 0->0
[2024-02-11T22:45:59.114+0000][7][gc,metaspace] GC(299) Metaspace: 129636K(133312K)->129636K(133312K) NonClass: 112658K(114560K)->112658K(114560K) Class: 16977K(18752K)->16977K(18752K)
[2024-02-11T22:45:59.114+0000][7][gc          ] GC(299) Pause Young (Normal) (G1 Evacuation Pause) 710M->102M(1024M) 2.970ms
[2024-02-11T22:45:59.114+0000][7][gc,cpu      ] GC(299) User=0.01s Sys=0.00s Real=0.00s
[2024-02-11T22:45:59.114+0000][7][safepoint   ] Safepoint "G1CollectForAllocation", Time since last: 73963965149 ns, Reaching safepoint: 67204 ns, At safepoint: 3072912 ns, Total: 3140116 ns
[2024-02-11T22:48:32.159+0000][7][gc,start    ] GC(300) Pause Young (Normal) (G1 Evacuation Pause)
[2024-02-11T22:48:32.159+0000][7][gc,task     ] GC(300) Using 8 workers of 8 for evacuation
[2024-02-11T22:48:32.159+0000][7][gc,age      ] GC(300) Desired survivor size 41943040 bytes, new threshold 15 (max threshold 15)
[2024-02-11T22:48:32.161+0000][7][gc,phases   ] GC(300)   Pre Evacuate Collection Set: 0.1ms
[2024-02-11T22:48:32.161+0000][7][gc,phases   ] GC(300)   Merge Heap Roots: 0.1ms
[2024-02-11T22:48:32.161+0000][7][gc,phases   ] GC(300)   Evacuate Collection Set: 0.9ms
[2024-02-11T22:48:32.161+0000][7][gc,phases   ] GC(300)   Post Evacuate Collection Set: 0.6ms
[2024-02-11T22:48:32.161+0000][7][gc,phases   ] GC(300)   Other: 0.1ms
[2024-02-11T22:48:32.161+0000][7][gc,age      ] GC(300) Age table with threshold 15 (max threshold 15)
[2024-02-11T22:48:32.161+0000][7][gc,age      ] GC(300) - age   1:     788120 bytes,     788120 total
[2024-02-11T22:48:32.161+0000][7][gc,age      ] GC(300) - age   2:       1720 bytes,     789840 total
[2024-02-11T22:48:32.161+0000][7][gc,age      ] GC(300) - age   3:     117456 bytes,     907296 total
[2024-02-11T22:48:32.161+0000][7][gc,age      ] GC(300) - age   4:        504 bytes,     907800 total
[2024-02-11T22:48:32.161+0000][7][gc,age      ] GC(300) - age   5:        272 bytes,     908072 total
[2024-02-11T22:48:32.161+0000][7][gc,age      ] GC(300) - age   7:     139616 bytes,    1047688 total
[2024-02-11T22:48:32.161+0000][7][gc,age      ] GC(300) - age   8:        216 bytes,    1047904 total
[2024-02-11T22:48:32.161+0000][7][gc,age      ] GC(300) - age   9:        480 bytes,    1048384 total
[2024-02-11T22:48:32.161+0000][7][gc,age      ] GC(300) - age  10:      68520 bytes,    1116904 total
[2024-02-11T22:48:32.161+0000][7][gc,age      ] GC(300) - age  11:         24 bytes,    1116928 total
[2024-02-11T22:48:32.161+0000][7][gc,heap     ] GC(300) Eden regions: 152->0(152)
[2024-02-11T22:48:32.161+0000][7][gc,heap     ] GC(300) Survivor regions: 1->1(20)
[2024-02-11T22:48:32.161+0000][7][gc,heap     ] GC(300) Old regions: 25->25
[2024-02-11T22:48:32.161+0000][7][gc,heap     ] GC(300) Archive regions: 2->2
[2024-02-11T22:48:32.161+0000][7][gc,heap     ] GC(300) Humongous regions: 0->0
[2024-02-11T22:48:32.161+0000][7][gc,metaspace] GC(300) Metaspace: 129650K(133376K)->129650K(133376K) NonClass: 112673K(114624K)->112673K(114624K) Class: 16977K(18752K)->16977K(18752K)
[2024-02-11T22:48:32.161+0000][7][gc          ] GC(300) Pause Young (Normal) (G1 Evacuation Pause) 710M->101M(1024M) 2.152ms
[2024-02-11T22:48:32.161+0000][7][gc,cpu      ] GC(300) User=0.01s Sys=0.00s Real=0.00s
[2024-02-11T22:48:32.161+0000][7][safepoint   ] Safepoint "G1CollectForAllocation", Time since last: 153045089095 ns, Reaching safepoint: 46126 ns, At safepoint: 2237177 ns, Total: 2283303 ns
[2024-02-11T22:50:41.177+0000][7][safepoint   ] Safepoint "Cleanup", Time since last: 129015568568 ns, Reaching safepoint: 127624 ns, At safepoint: 6980 ns, Total: 134604 ns
[2024-02-11T22:50:47.178+0000][7][safepoint   ] Safepoint "Cleanup", Time since last: 6000741380 ns, Reaching safepoint: 109990 ns, At safepoint: 5922 ns, Total: 115912 ns
[2024-02-11T22:51:11.763+0000][7][gc,start    ] GC(301) Pause Young (Normal) (G1 Evacuation Pause)
[2024-02-11T22:51:11.763+0000][7][gc,task     ] GC(301) Using 8 workers of 8 for evacuation
[2024-02-11T22:51:11.763+0000][7][gc,age      ] GC(301) Desired survivor size 41943040 bytes, new threshold 15 (max threshold 15)
[2024-02-11T22:51:11.765+0000][7][gc,phases   ] GC(301)   Pre Evacuate Collection Set: 0.1ms
[2024-02-11T22:51:11.765+0000][7][gc,phases   ] GC(301)   Merge Heap Roots: 0.0ms
[2024-02-11T22:51:11.765+0000][7][gc,phases   ] GC(301)   Evacuate Collection Set: 1.1ms
[2024-02-11T22:51:11.765+0000][7][gc,phases   ] GC(301)   Post Evacuate Collection Set: 0.5ms
[2024-02-11T22:51:11.765+0000][7][gc,phases   ] GC(301)   Other: 0.1ms
[2024-02-11T22:51:11.765+0000][7][gc,age      ] GC(301) Age table with threshold 15 (max threshold 15)
[2024-02-11T22:51:11.765+0000][7][gc,age      ] GC(301) - age   1:    1953736 bytes,    1953736 total
[2024-02-11T22:51:11.765+0000][7][gc,age      ] GC(301) - age   2:     159240 bytes,    2112976 total
[2024-02-11T22:51:11.765+0000][7][gc,age      ] GC(301) - age   3:        248 bytes,    2113224 total
[2024-02-11T22:51:11.765+0000][7][gc,age      ] GC(301) - age   4:     116824 bytes,    2230048 total
[2024-02-11T22:51:11.765+0000][7][gc,age      ] GC(301) - age   5:        440 bytes,    2230488 total
[2024-02-11T22:51:11.765+0000][7][gc,age      ] GC(301) - age   6:        272 bytes,    2230760 total
[2024-02-11T22:51:11.765+0000][7][gc,age      ] GC(301) - age   8:     139616 bytes,    2370376 total
[2024-02-11T22:51:11.765+0000][7][gc,age      ] GC(301) - age   9:        216 bytes,    2370592 total
[2024-02-11T22:51:11.765+0000][7][gc,age      ] GC(301) - age  10:        480 bytes,    2371072 total
[2024-02-11T22:51:11.765+0000][7][gc,age      ] GC(301) - age  11:      68520 bytes,    2439592 total
[2024-02-11T22:51:11.765+0000][7][gc,age      ] GC(301) - age  12:         24 bytes,    2439616 total
[2024-02-11T22:51:11.765+0000][7][gc,heap     ] GC(301) Eden regions: 152->0(152)
[2024-02-11T22:51:11.765+0000][7][gc,heap     ] GC(301) Survivor regions: 1->1(20)
[2024-02-11T22:51:11.765+0000][7][gc,heap     ] GC(301) Old regions: 25->25
[2024-02-11T22:51:11.765+0000][7][gc,heap     ] GC(301) Archive regions: 2->2
[2024-02-11T22:51:11.765+0000][7][gc,heap     ] GC(301) Humongous regions: 0->0
[2024-02-11T22:51:11.765+0000][7][gc,metaspace] GC(301) Metaspace: 129650K(133376K)->129650K(133376K) NonClass: 112673K(114624K)->112673K(114624K) Class: 16977K(18752K)->16977K(18752K)
[2024-02-11T22:51:11.765+0000][7][gc          ] GC(301) Pause Young (Normal) (G1 Evacuation Pause) 709M->103M(1024M) 1.979ms
[2024-02-11T22:51:11.765+0000][7][gc,cpu      ] GC(301) User=0.01s Sys=0.00s Real=0.01s
[2024-02-11T22:51:11.765+0000][7][safepoint   ] Safepoint "G1CollectForAllocation", Time since last: 24585144496 ns, Reaching safepoint: 45028 ns, At safepoint: 2046953 ns, Total: 2091981 ns
[2024-02-11T22:53:36.080+0000][7][gc,start    ] GC(302) Pause Young (Normal) (G1 Evacuation Pause)
[2024-02-11T22:53:36.080+0000][7][gc,task     ] GC(302) Using 8 workers of 8 for evacuation
[2024-02-11T22:53:36.080+0000][7][gc,age      ] GC(302) Desired survivor size 41943040 bytes, new threshold 15 (max threshold 15)
[2024-02-11T22:53:36.083+0000][7][gc,phases   ] GC(302)   Pre Evacuate Collection Set: 0.1ms
[2024-02-11T22:53:36.083+0000][7][gc,phases   ] GC(302)   Merge Heap Roots: 0.1ms
[2024-02-11T22:53:36.083+0000][7][gc,phases   ] GC(302)   Evacuate Collection Set: 1.7ms
[2024-02-11T22:53:36.083+0000][7][gc,phases   ] GC(302)   Post Evacuate Collection Set: 0.8ms
[2024-02-11T22:53:36.083+0000][7][gc,phases   ] GC(302)   Other: 0.1ms
[2024-02-11T22:53:36.083+0000][7][gc,age      ] GC(302) Age table with threshold 15 (max threshold 15)
[2024-02-11T22:53:36.083+0000][7][gc,age      ] GC(302) - age   1:    1891504 bytes,    1891504 total
[2024-02-11T22:53:36.083+0000][7][gc,age      ] GC(302) - age   2:      67600 bytes,    1959104 total
[2024-02-11T22:53:36.083+0000][7][gc,age      ] GC(302) - age   3:     158056 bytes,    2117160 total
[2024-02-11T22:53:36.083+0000][7][gc,age      ] GC(302) - age   4:        184 bytes,    2117344 total
[2024-02-11T22:53:36.083+0000][7][gc,age      ] GC(302) - age   5:     113112 bytes,    2230456 total
[2024-02-11T22:53:36.083+0000][7][gc,age      ] GC(302) - age   6:        376 bytes,    2230832 total
[2024-02-11T22:53:36.083+0000][7][gc,age      ] GC(302) - age   7:         88 bytes,    2230920 total
[2024-02-11T22:53:36.083+0000][7][gc,age      ] GC(302) - age   9:     139616 bytes,    2370536 total
[2024-02-11T22:53:36.083+0000][7][gc,age      ] GC(302) - age  10:        216 bytes,    2370752 total
[2024-02-11T22:53:36.083+0000][7][gc,age      ] GC(302) - age  11:        480 bytes,    2371232 total
[2024-02-11T22:53:36.083+0000][7][gc,age      ] GC(302) - age  12:      68520 bytes,    2439752 total
[2024-02-11T22:53:36.083+0000][7][gc,age      ] GC(302) - age  13:         24 bytes,    2439776 total
[2024-02-11T22:53:36.083+0000][7][gc,heap     ] GC(302) Eden regions: 152->0(152)
[2024-02-11T22:53:36.083+0000][7][gc,heap     ] GC(302) Survivor regions: 1->1(20)
[2024-02-11T22:53:36.083+0000][7][gc,heap     ] GC(302) Old regions: 25->25
[2024-02-11T22:53:36.083+0000][7][gc,heap     ] GC(302) Archive regions: 2->2
[2024-02-11T22:53:36.083+0000][7][gc,heap     ] GC(302) Humongous regions: 0->0
[2024-02-11T22:53:36.083+0000][7][gc,metaspace] GC(302) Metaspace: 129650K(133376K)->129650K(133376K) NonClass: 112673K(114624K)->112673K(114624K) Class: 16977K(18752K)->16977K(18752K)
[2024-02-11T22:53:36.083+0000][7][gc          ] GC(302) Pause Young (Normal) (G1 Evacuation Pause) 711M->103M(1024M) 3.127ms
[2024-02-11T22:53:36.083+0000][7][gc,cpu      ] GC(302) User=0.01s Sys=0.00s Real=0.00s
[2024-02-11T22:53:36.083+0000][7][safepoint   ] Safepoint "G1CollectForAllocation", Time since last: 144315222318 ns, Reaching safepoint: 37572 ns, At safepoint: 3224656 ns, Total: 3262228 ns
[2024-02-11T22:55:53.478+0000][7][gc,start    ] GC(303) Pause Young (Normal) (G1 Evacuation Pause)
[2024-02-11T22:55:53.478+0000][7][gc,task     ] GC(303) Using 8 workers of 8 for evacuation
[2024-02-11T22:55:53.478+0000][7][gc,age      ] GC(303) Desired survivor size 41943040 bytes, new threshold 15 (max threshold 15)
[2024-02-11T22:55:53.480+0000][7][gc,phases   ] GC(303)   Pre Evacuate Collection Set: 0.1ms
[2024-02-11T22:55:53.480+0000][7][gc,phases   ] GC(303)   Merge Heap Roots: 0.1ms
[2024-02-11T22:55:53.481+0000][7][gc,phases   ] GC(303)   Evacuate Collection Set: 1.5ms
[2024-02-11T22:55:53.481+0000][7][gc,phases   ] GC(303)   Post Evacuate Collection Set: 0.7ms
[2024-02-11T22:55:53.481+0000][7][gc,phases   ] GC(303)   Other: 0.1ms
[2024-02-11T22:55:53.481+0000][7][gc,age      ] GC(303) Age table with threshold 15 (max threshold 15)
[2024-02-11T22:55:53.481+0000][7][gc,age      ] GC(303) - age   1:    1444648 bytes,    1444648 total
[2024-02-11T22:55:53.481+0000][7][gc,age      ] GC(303) - age   2:      12072 bytes,    1456720 total
[2024-02-11T22:55:53.481+0000][7][gc,age      ] GC(303) - age   3:      65240 bytes,    1521960 total
[2024-02-11T22:55:53.481+0000][7][gc,age      ] GC(303) - age   4:     149000 bytes,    1670960 total
[2024-02-11T22:55:53.481+0000][7][gc,age      ] GC(303) - age   5:        184 bytes,    1671144 total
[2024-02-11T22:55:53.481+0000][7][gc,age      ] GC(303) - age   6:     112984 bytes,    1784128 total
[2024-02-11T22:55:53.481+0000][7][gc,age      ] GC(303) - age   7:        184 bytes,    1784312 total
[2024-02-11T22:55:53.481+0000][7][gc,age      ] GC(303) - age   8:         88 bytes,    1784400 total
[2024-02-11T22:55:53.481+0000][7][gc,age      ] GC(303) - age  10:     139616 bytes,    1924016 total
[2024-02-11T22:55:53.481+0000][7][gc,age      ] GC(303) - age  11:        216 bytes,    1924232 total
[2024-02-11T22:55:53.481+0000][7][gc,age      ] GC(303) - age  12:        480 bytes,    1924712 total
[2024-02-11T22:55:53.481+0000][7][gc,age      ] GC(303) - age  13:      68520 bytes,    1993232 total
[2024-02-11T22:55:53.481+0000][7][gc,age      ] GC(303) - age  14:         24 bytes,    1993256 total
[2024-02-11T22:55:53.481+0000][7][gc,heap     ] GC(303) Eden regions: 152->0(152)
[2024-02-11T22:55:53.481+0000][7][gc,heap     ] GC(303) Survivor regions: 1->1(20)
[2024-02-11T22:55:53.481+0000][7][gc,heap     ] GC(303) Old regions: 25->25
[2024-02-11T22:55:53.481+0000][7][gc,heap     ] GC(303) Archive regions: 2->2
[2024-02-11T22:55:53.481+0000][7][gc,heap     ] GC(303) Humongous regions: 0->0
[2024-02-11T22:55:53.481+0000][7][gc,metaspace] GC(303) Metaspace: 129650K(133376K)->129650K(133376K) NonClass: 112673K(114624K)->112673K(114624K) Class: 16977K(18752K)->16977K(18752K)
[2024-02-11T22:55:53.481+0000][7][gc          ] GC(303) Pause Young (Normal) (G1 Evacuation Pause) 711M->102M(1024M) 2.758ms
[2024-02-11T22:55:53.481+0000][7][gc,cpu      ] GC(303) User=0.01s Sys=0.00s Real=0.00s
[2024-02-11T22:55:53.481+0000][7][safepoint   ] Safepoint "G1CollectForAllocation", Time since last: 137394431519 ns, Reaching safepoint: 48313 ns, At safepoint: 2846175 ns, Total: 2894488 ns
[2024-02-11T22:56:46.487+0000][7][safepoint   ] Safepoint "Cleanup", Time since last: 53005723593 ns, Reaching safepoint: 55290 ns, At safepoint: 6738 ns, Total: 62028 ns
[2024-02-11T22:57:29.491+0000][7][safepoint   ] Safepoint "Cleanup", Time since last: 43004710470 ns, Reaching safepoint: 44840 ns, At safepoint: 4627 ns, Total: 49467 ns
[2024-02-11T22:58:08.243+0000][7][gc,start    ] GC(304) Pause Young (Normal) (G1 Evacuation Pause)
[2024-02-11T22:58:08.243+0000][7][gc,task     ] GC(304) Using 8 workers of 8 for evacuation
[2024-02-11T22:58:08.243+0000][7][gc,age      ] GC(304) Desired survivor size 41943040 bytes, new threshold 15 (max threshold 15)
[2024-02-11T22:58:08.246+0000][7][gc,phases   ] GC(304)   Pre Evacuate Collection Set: 0.1ms
[2024-02-11T22:58:08.246+0000][7][gc,phases   ] GC(304)   Merge Heap Roots: 0.1ms
[2024-02-11T22:58:08.246+0000][7][gc,phases   ] GC(304)   Evacuate Collection Set: 1.5ms
[2024-02-11T22:58:08.246+0000][7][gc,phases   ] GC(304)   Post Evacuate Collection Set: 0.8ms
[2024-02-11T22:58:08.246+0000][7][gc,phases   ] GC(304)   Other: 0.1ms
[2024-02-11T22:58:08.246+0000][7][gc,age      ] GC(304) Age table with threshold 15 (max threshold 15)
[2024-02-11T22:58:08.246+0000][7][gc,age      ] GC(304) - age   1:    1387896 bytes,    1387896 total
[2024-02-11T22:58:08.246+0000][7][gc,age      ] GC(304) - age   2:      17512 bytes,    1405408 total
[2024-02-11T22:58:08.246+0000][7][gc,age      ] GC(304) - age   3:      10568 bytes,    1415976 total
[2024-02-11T22:58:08.246+0000][7][gc,age      ] GC(304) - age   4:      64816 bytes,    1480792 total
[2024-02-11T22:58:08.246+0000][7][gc,age      ] GC(304) - age   5:     148248 bytes,    1629040 total
[2024-02-11T22:58:08.246+0000][7][gc,age      ] GC(304) - age   7:     112592 bytes,    1741632 total
[2024-02-11T22:58:08.246+0000][7][gc,age      ] GC(304) - age   8:        184 bytes,    1741816 total
[2024-02-11T22:58:08.246+0000][7][gc,age      ] GC(304) - age   9:         56 bytes,    1741872 total
[2024-02-11T22:58:08.246+0000][7][gc,age      ] GC(304) - age  11:     139616 bytes,    1881488 total
[2024-02-11T22:58:08.246+0000][7][gc,age      ] GC(304) - age  12:        216 bytes,    1881704 total
[2024-02-11T22:58:08.246+0000][7][gc,age      ] GC(304) - age  13:        480 bytes,    1882184 total
[2024-02-11T22:58:08.246+0000][7][gc,age      ] GC(304) - age  14:      68520 bytes,    1950704 total
[2024-02-11T22:58:08.246+0000][7][gc,age      ] GC(304) - age  15:         24 bytes,    1950728 total
[2024-02-11T22:58:08.246+0000][7][gc,heap     ] GC(304) Eden regions: 152->0(152)
[2024-02-11T22:58:08.246+0000][7][gc,heap     ] GC(304) Survivor regions: 1->1(20)
[2024-02-11T22:58:08.246+0000][7][gc,heap     ] GC(304) Old regions: 25->25
[2024-02-11T22:58:08.246+0000][7][gc,heap     ] GC(304) Archive regions: 2->2
[2024-02-11T22:58:08.246+0000][7][gc,heap     ] GC(304) Humongous regions: 0->0
[2024-02-11T22:58:08.246+0000][7][gc,metaspace] GC(304) Metaspace: 129651K(133376K)->129651K(133376K) NonClass: 112673K(114624K)->112673K(114624K) Class: 16977K(18752K)->16977K(18752K)
[2024-02-11T22:58:08.246+0000][7][gc          ] GC(304) Pause Young (Normal) (G1 Evacuation Pause) 710M->102M(1024M) 2.843ms
[2024-02-11T22:58:08.246+0000][7][gc,cpu      ] GC(304) User=0.01s Sys=0.00s Real=0.01s
[2024-02-11T22:58:08.246+0000][7][safepoint   ] Safepoint "G1CollectForAllocation", Time since last: 38751582143 ns, Reaching safepoint: 38300 ns, At safepoint: 2936517 ns, Total: 2974817 ns
[2024-02-11T23:00:44.260+0000][7][safepoint   ] Safepoint "Cleanup", Time since last: 156014326248 ns, Reaching safepoint: 39453 ns, At safepoint: 3771 ns, Total: 43224 ns
[2024-02-11T23:00:44.311+0000][7][gc,start    ] GC(305) Pause Young (Normal) (G1 Evacuation Pause)
[2024-02-11T23:00:44.311+0000][7][gc,task     ] GC(305) Using 8 workers of 8 for evacuation
[2024-02-11T23:00:44.311+0000][7][gc,age      ] GC(305) Desired survivor size 41943040 bytes, new threshold 15 (max threshold 15)
[2024-02-11T23:00:44.313+0000][7][gc,phases   ] GC(305)   Pre Evacuate Collection Set: 0.1ms
[2024-02-11T23:00:44.313+0000][7][gc,phases   ] GC(305)   Merge Heap Roots: 0.0ms
[2024-02-11T23:00:44.313+0000][7][gc,phases   ] GC(305)   Evacuate Collection Set: 1.0ms
[2024-02-11T23:00:44.313+0000][7][gc,phases   ] GC(305)   Post Evacuate Collection Set: 0.6ms
[2024-02-11T23:00:44.313+0000][7][gc,phases   ] GC(305)   Other: 0.1ms
[2024-02-11T23:00:44.313+0000][7][gc,age      ] GC(305) Age table with threshold 15 (max threshold 15)
[2024-02-11T23:00:44.313+0000][7][gc,age      ] GC(305) - age   1:    1065936 bytes,    1065936 total
[2024-02-11T23:00:44.313+0000][7][gc,age      ] GC(305) - age   2:       3312 bytes,    1069248 total
[2024-02-11T23:00:44.313+0000][7][gc,age      ] GC(305) - age   3:      14896 bytes,    1084144 total
[2024-02-11T23:00:44.313+0000][7][gc,age      ] GC(305) - age   4:      10080 bytes,    1094224 total
[2024-02-11T23:00:44.313+0000][7][gc,age      ] GC(305) - age   5:      64816 bytes,    1159040 total
[2024-02-11T23:00:44.313+0000][7][gc,age      ] GC(305) - age   6:     148160 bytes,    1307200 total
[2024-02-11T23:00:44.313+0000][7][gc,age      ] GC(305) - age   8:     112592 bytes,    1419792 total
[2024-02-11T23:00:44.313+0000][7][gc,age      ] GC(305) - age   9:        184 bytes,    1419976 total
[2024-02-11T23:00:44.313+0000][7][gc,age      ] GC(305) - age  10:         56 bytes,    1420032 total
[2024-02-11T23:00:44.313+0000][7][gc,age      ] GC(305) - age  12:     139616 bytes,    1559648 total
[2024-02-11T23:00:44.313+0000][7][gc,age      ] GC(305) - age  13:        216 bytes,    1559864 total
[2024-02-11T23:00:44.313+0000][7][gc,age      ] GC(305) - age  14:        480 bytes,    1560344 total
[2024-02-11T23:00:44.313+0000][7][gc,age      ] GC(305) - age  15:      68520 bytes,    1628864 total
[2024-02-11T23:00:44.313+0000][7][gc,heap     ] GC(305) Eden regions: 152->0(152)
[2024-02-11T23:00:44.313+0000][7][gc,heap     ] GC(305) Survivor regions: 1->1(20)
[2024-02-11T23:00:44.313+0000][7][gc,heap     ] GC(305) Old regions: 25->25
[2024-02-11T23:00:44.313+0000][7][gc,heap     ] GC(305) Archive regions: 2->2
[2024-02-11T23:00:44.313+0000][7][gc,heap     ] GC(305) Humongous regions: 0->0
[2024-02-11T23:00:44.313+0000][7][gc,metaspace] GC(305) Metaspace: 129651K(133376K)->129651K(133376K) NonClass: 112673K(114624K)->112673K(114624K) Class: 16977K(18752K)->16977K(18752K)
[2024-02-11T23:00:44.313+0000][7][gc          ] GC(305) Pause Young (Normal) (G1 Evacuation Pause) 710M->102M(1024M) 1.956ms
[2024-02-11T23:00:44.313+0000][7][gc,cpu      ] GC(305) User=0.01s Sys=0.00s Real=0.00s
[2024-02-11T23:00:44.313+0000][7][safepoint   ] Safepoint "G1CollectForAllocation", Time since last: 50974510 ns, Reaching safepoint: 30997 ns, At safepoint: 2024626 ns, Total: 2055623 ns
[2024-02-11T23:02:14.321+0000][7][safepoint   ] Safepoint "Cleanup", Time since last: 90007737947 ns, Reaching safepoint: 60830 ns, At safepoint: 5117 ns, Total: 65947 ns
[2024-02-11T23:02:47.324+0000][7][safepoint   ] Safepoint "Cleanup", Time since last: 33002846427 ns, Reaching safepoint: 62566 ns, At safepoint: 32761 ns, Total: 95327 ns
[2024-02-11T23:03:05.203+0000][7][gc,start    ] GC(306) Pause Young (Normal) (G1 Evacuation Pause)
[2024-02-11T23:03:05.203+0000][7][gc,task     ] GC(306) Using 8 workers of 8 for evacuation
[2024-02-11T23:03:05.203+0000][7][gc,age      ] GC(306) Desired survivor size 41943040 bytes, new threshold 15 (max threshold 15)
[2024-02-11T23:03:05.205+0000][7][gc,phases   ] GC(306)   Pre Evacuate Collection Set: 0.1ms
[2024-02-11T23:03:05.205+0000][7][gc,phases   ] GC(306)   Merge Heap Roots: 0.1ms
[2024-02-11T23:03:05.205+0000][7][gc,phases   ] GC(306)   Evacuate Collection Set: 1.4ms
[2024-02-11T23:03:05.205+0000][7][gc,phases   ] GC(306)   Post Evacuate Collection Set: 0.7ms
[2024-02-11T23:03:05.205+0000][7][gc,phases   ] GC(306)   Other: 0.1ms
[2024-02-11T23:03:05.205+0000][7][gc,age      ] GC(306) Age table with threshold 15 (max threshold 15)
[2024-02-11T23:03:05.205+0000][7][gc,age      ] GC(306) - age   1:    1058664 bytes,    1058664 total
[2024-02-11T23:03:05.205+0000][7][gc,age      ] GC(306) - age   2:       5424 bytes,    1064088 total
[2024-02-11T23:03:05.205+0000][7][gc,age      ] GC(306) - age   3:       1944 bytes,    1066032 total
[2024-02-11T23:03:05.205+0000][7][gc,age      ] GC(306) - age   4:      14704 bytes,    1080736 total
[2024-02-11T23:03:05.205+0000][7][gc,age      ] GC(306) - age   5:       6432 bytes,    1087168 total
[2024-02-11T23:03:05.205+0000][7][gc,age      ] GC(306) - age   6:      64816 bytes,    1151984 total
[2024-02-11T23:03:05.205+0000][7][gc,age      ] GC(306) - age   7:     148160 bytes,    1300144 total
[2024-02-11T23:03:05.205+0000][7][gc,age      ] GC(306) - age   9:     112208 bytes,    1412352 total
[2024-02-11T23:03:05.206+0000][7][gc,age      ] GC(306) - age  10:        184 bytes,    1412536 total
[2024-02-11T23:03:05.206+0000][7][gc,age      ] GC(306) - age  11:         56 bytes,    1412592 total
[2024-02-11T23:03:05.206+0000][7][gc,age      ] GC(306) - age  13:     139616 bytes,    1552208 total
[2024-02-11T23:03:05.206+0000][7][gc,age      ] GC(306) - age  14:        216 bytes,    1552424 total
[2024-02-11T23:03:05.206+0000][7][gc,age      ] GC(306) - age  15:        480 bytes,    1552904 total
[2024-02-11T23:03:05.206+0000][7][gc,heap     ] GC(306) Eden regions: 152->0(152)
[2024-02-11T23:03:05.206+0000][7][gc,heap     ] GC(306) Survivor regions: 1->1(20)
[2024-02-11T23:03:05.206+0000][7][gc,heap     ] GC(306) Old regions: 25->25
[2024-02-11T23:03:05.206+0000][7][gc,heap     ] GC(306) Archive regions: 2->2
[2024-02-11T23:03:05.206+0000][7][gc,heap     ] GC(306) Humongous regions: 0->0
[2024-02-11T23:03:05.206+0000][7][gc,metaspace] GC(306) Metaspace: 129651K(133376K)->129651K(133376K) NonClass: 112673K(114624K)->112673K(114624K) Class: 16977K(18752K)->16977K(18752K)
[2024-02-11T23:03:05.206+0000][7][gc          ] GC(306) Pause Young (Normal) (G1 Evacuation Pause) 710M->102M(1024M) 2.672ms
[2024-02-11T23:03:05.206+0000][7][gc,cpu      ] GC(306) User=0.01s Sys=0.00s Real=0.01s
[2024-02-11T23:03:05.206+0000][7][safepoint   ] Safepoint "G1CollectForAllocation", Time since last: 17878881542 ns, Reaching safepoint: 58990 ns, At safepoint: 2762231 ns, Total: 2821221 ns
[2024-02-11T23:05:23.232+0000][7][gc,start    ] GC(307) Pause Young (Normal) (G1 Evacuation Pause)
[2024-02-11T23:05:23.232+0000][7][gc,task     ] GC(307) Using 8 workers of 8 for evacuation
[2024-02-11T23:05:23.232+0000][7][gc,age      ] GC(307) Desired survivor size 41943040 bytes, new threshold 15 (max threshold 15)
[2024-02-11T23:05:23.234+0000][7][gc,phases   ] GC(307)   Pre Evacuate Collection Set: 0.1ms
[2024-02-11T23:05:23.234+0000][7][gc,phases   ] GC(307)   Merge Heap Roots: 0.0ms
[2024-02-11T23:05:23.234+0000][7][gc,phases   ] GC(307)   Evacuate Collection Set: 0.7ms
[2024-02-11T23:05:23.234+0000][7][gc,phases   ] GC(307)   Post Evacuate Collection Set: 0.5ms
[2024-02-11T23:05:23.234+0000][7][gc,phases   ] GC(307)   Other: 0.1ms
[2024-02-11T23:05:23.234+0000][7][gc,age      ] GC(307) Age table with threshold 15 (max threshold 15)
[2024-02-11T23:05:23.234+0000][7][gc,age      ] GC(307) - age   1:     777360 bytes,     777360 total
[2024-02-11T23:05:23.234+0000][7][gc,age      ] GC(307) - age   2:       5944 bytes,     783304 total
[2024-02-11T23:05:23.234+0000][7][gc,age      ] GC(307) - age   3:       2264 bytes,     785568 total
[2024-02-11T23:05:23.234+0000][7][gc,age      ] GC(307) - age   4:       1520 bytes,     787088 total
[2024-02-11T23:05:23.234+0000][7][gc,age      ] GC(307) - age   5:       6688 bytes,     793776 total
[2024-02-11T23:05:23.234+0000][7][gc,age      ] GC(307) - age   6:       6432 bytes,     800208 total
[2024-02-11T23:05:23.234+0000][7][gc,age      ] GC(307) - age   7:      64816 bytes,     865024 total
[2024-02-11T23:05:23.234+0000][7][gc,age      ] GC(307) - age   8:     148160 bytes,    1013184 total
[2024-02-11T23:05:23.234+0000][7][gc,age      ] GC(307) - age  10:     112208 bytes,    1125392 total
[2024-02-11T23:05:23.234+0000][7][gc,age      ] GC(307) - age  11:        184 bytes,    1125576 total
[2024-02-11T23:05:23.234+0000][7][gc,age      ] GC(307) - age  12:         56 bytes,    1125632 total
[2024-02-11T23:05:23.234+0000][7][gc,age      ] GC(307) - age  14:     139616 bytes,    1265248 total
[2024-02-11T23:05:23.234+0000][7][gc,age      ] GC(307) - age  15:        216 bytes,    1265464 total
[2024-02-11T23:05:23.234+0000][7][gc,heap     ] GC(307) Eden regions: 152->0(152)
[2024-02-11T23:05:23.234+0000][7][gc,heap     ] GC(307) Survivor regions: 1->1(20)
[2024-02-11T23:05:23.234+0000][7][gc,heap     ] GC(307) Old regions: 25->25
[2024-02-11T23:05:23.234+0000][7][gc,heap     ] GC(307) Archive regions: 2->2
[2024-02-11T23:05:23.234+0000][7][gc,heap     ] GC(307) Humongous regions: 0->0
[2024-02-11T23:05:23.234+0000][7][gc,metaspace] GC(307) Metaspace: 129651K(133376K)->129651K(133376K) NonClass: 112673K(114624K)->112673K(114624K) Class: 16977K(18752K)->16977K(18752K)
[2024-02-11T23:05:23.234+0000][7][gc          ] GC(307) Pause Young (Normal) (G1 Evacuation Pause) 710M->102M(1024M) 1.502ms
[2024-02-11T23:05:23.234+0000][7][gc,cpu      ] GC(307) User=0.00s Sys=0.00s Real=0.00s
[2024-02-11T23:05:23.234+0000][7][safepoint   ] Safepoint "G1CollectForAllocation", Time since last: 138026619719 ns, Reaching safepoint: 31500 ns, At safepoint: 1568488 ns, Total: 1599988 ns
[2024-02-11T23:05:27.234+0000][7][safepoint   ] Safepoint "Cleanup", Time since last: 4000372832 ns, Reaching safepoint: 61270 ns, At safepoint: 6619 ns, Total: 67889 ns
[2024-02-11T23:08:11.218+0000][7][gc,start    ] GC(308) Pause Young (Normal) (G1 Evacuation Pause)
[2024-02-11T23:08:11.218+0000][7][gc,task     ] GC(308) Using 8 workers of 8 for evacuation
[2024-02-11T23:08:11.218+0000][7][gc,age      ] GC(308) Desired survivor size 41943040 bytes, new threshold 15 (max threshold 15)
[2024-02-11T23:08:11.220+0000][7][gc,phases   ] GC(308)   Pre Evacuate Collection Set: 0.1ms
[2024-02-11T23:08:11.220+0000][7][gc,phases   ] GC(308)   Merge Heap Roots: 0.1ms
[2024-02-11T23:08:11.220+0000][7][gc,phases   ] GC(308)   Evacuate Collection Set: 1.3ms
[2024-02-11T23:08:11.220+0000][7][gc,phases   ] GC(308)   Post Evacuate Collection Set: 0.7ms
[2024-02-11T23:08:11.220+0000][7][gc,phases   ] GC(308)   Other: 0.1ms
[2024-02-11T23:08:11.220+0000][7][gc,age      ] GC(308) Age table with threshold 15 (max threshold 15)
[2024-02-11T23:08:11.220+0000][7][gc,age      ] GC(308) - age   1:    1312880 bytes,    1312880 total
[2024-02-11T23:08:11.220+0000][7][gc,age      ] GC(308) - age   2:       9592 bytes,    1322472 total
[2024-02-11T23:08:11.220+0000][7][gc,age      ] GC(308) - age   3:       4384 bytes,    1326856 total
[2024-02-11T23:08:11.220+0000][7][gc,age      ] GC(308) - age   4:        216 bytes,    1327072 total
[2024-02-11T23:08:11.220+0000][7][gc,age      ] GC(308) - age   5:        424 bytes,    1327496 total
[2024-02-11T23:08:11.220+0000][7][gc,age      ] GC(308) - age   6:       6560 bytes,    1334056 total
[2024-02-11T23:08:11.220+0000][7][gc,age      ] GC(308) - age   7:       6432 bytes,    1340488 total
[2024-02-11T23:08:11.220+0000][7][gc,age      ] GC(308) - age   8:      64816 bytes,    1405304 total
[2024-02-11T23:08:11.220+0000][7][gc,age      ] GC(308) - age   9:     140112 bytes,    1545416 total
[2024-02-11T23:08:11.220+0000][7][gc,age      ] GC(308) - age  11:     112184 bytes,    1657600 total
[2024-02-11T23:08:11.220+0000][7][gc,age      ] GC(308) - age  12:        184 bytes,    1657784 total
[2024-02-11T23:08:11.220+0000][7][gc,age      ] GC(308) - age  13:         24 bytes,    1657808 total
[2024-02-11T23:08:11.220+0000][7][gc,age      ] GC(308) - age  15:     139616 bytes,    1797424 total
[2024-02-11T23:08:11.220+0000][7][gc,heap     ] GC(308) Eden regions: 152->0(152)
[2024-02-11T23:08:11.220+0000][7][gc,heap     ] GC(308) Survivor regions: 1->1(20)
[2024-02-11T23:08:11.220+0000][7][gc,heap     ] GC(308) Old regions: 25->25
[2024-02-11T23:08:11.220+0000][7][gc,heap     ] GC(308) Archive regions: 2->2
[2024-02-11T23:08:11.220+0000][7][gc,heap     ] GC(308) Humongous regions: 0->0
[2024-02-11T23:08:11.220+0000][7][gc,metaspace] GC(308) Metaspace: 129656K(133376K)->129656K(133376K) NonClass: 112678K(114624K)->112678K(114624K) Class: 16977K(18752K)->16977K(18752K)
[2024-02-11T23:08:11.220+0000][7][gc          ] GC(308) Pause Young (Normal) (G1 Evacuation Pause) 710M->102M(1024M) 2.446ms
[2024-02-11T23:08:11.220+0000][7][gc,cpu      ] GC(308) User=0.02s Sys=0.00s Real=0.00s
[2024-02-11T23:08:11.220+0000][7][safepoint   ] Safepoint "G1CollectForAllocation", Time since last: 163983138487 ns, Reaching safepoint: 46577 ns, At safepoint: 2527864 ns, Total: 2574441 ns
[2024-02-11T23:11:17.194+0000][7][gc,start    ] GC(309) Pause Young (Normal) (G1 Evacuation Pause)
[2024-02-11T23:11:17.194+0000][7][gc,task     ] GC(309) Using 8 workers of 8 for evacuation
[2024-02-11T23:11:17.194+0000][7][gc,age      ] GC(309) Desired survivor size 41943040 bytes, new threshold 15 (max threshold 15)
[2024-02-11T23:11:17.197+0000][7][gc,phases   ] GC(309)   Pre Evacuate Collection Set: 0.1ms
[2024-02-11T23:11:17.197+0000][7][gc,phases   ] GC(309)   Merge Heap Roots: 0.1ms
[2024-02-11T23:11:17.197+0000][7][gc,phases   ] GC(309)   Evacuate Collection Set: 1.3ms
[2024-02-11T23:11:17.197+0000][7][gc,phases   ] GC(309)   Post Evacuate Collection Set: 1.2ms
[2024-02-11T23:11:17.197+0000][7][gc,phases   ] GC(309)   Other: 0.1ms
[2024-02-11T23:11:17.197+0000][7][gc,age      ] GC(309) Age table with threshold 15 (max threshold 15)
[2024-02-11T23:11:17.197+0000][7][gc,age      ] GC(309) - age   1:    1414760 bytes,    1414760 total
[2024-02-11T23:11:17.197+0000][7][gc,age      ] GC(309) - age   2:      11408 bytes,    1426168 total
[2024-02-11T23:11:17.197+0000][7][gc,age      ] GC(309) - age   3:         64 bytes,    1426232 total
[2024-02-11T23:11:17.197+0000][7][gc,age      ] GC(309) - age   4:       4088 bytes,    1430320 total
[2024-02-11T23:11:17.197+0000][7][gc,age      ] GC(309) - age   6:        424 bytes,    1430744 total
[2024-02-11T23:11:17.197+0000][7][gc,age      ] GC(309) - age   7:       6560 bytes,    1437304 total
[2024-02-11T23:11:17.197+0000][7][gc,age      ] GC(309) - age   8:       6432 bytes,    1443736 total
[2024-02-11T23:11:17.197+0000][7][gc,age      ] GC(309) - age   9:      64816 bytes,    1508552 total
[2024-02-11T23:11:17.197+0000][7][gc,age      ] GC(309) - age  10:     140112 bytes,    1648664 total
[2024-02-11T23:11:17.197+0000][7][gc,age      ] GC(309) - age  12:     112184 bytes,    1760848 total
[2024-02-11T23:11:17.197+0000][7][gc,age      ] GC(309) - age  13:        184 bytes,    1761032 total
[2024-02-11T23:11:17.197+0000][7][gc,age      ] GC(309) - age  14:         24 bytes,    1761056 total
[2024-02-11T23:11:17.197+0000][7][gc,heap     ] GC(309) Eden regions: 152->0(152)
[2024-02-11T23:11:17.197+0000][7][gc,heap     ] GC(309) Survivor regions: 1->1(20)
[2024-02-11T23:11:17.197+0000][7][gc,heap     ] GC(309) Old regions: 25->25
[2024-02-11T23:11:17.197+0000][7][gc,heap     ] GC(309) Archive regions: 2->2
[2024-02-11T23:11:17.197+0000][7][gc,heap     ] GC(309) Humongous regions: 0->0
[2024-02-11T23:11:17.197+0000][7][gc,metaspace] GC(309) Metaspace: 129656K(133376K)->129656K(133376K) NonClass: 112678K(114624K)->112678K(114624K) Class: 16977K(18752K)->16977K(18752K)
[2024-02-11T23:11:17.197+0000][7][gc          ] GC(309) Pause Young (Normal) (G1 Evacuation Pause) 710M->102M(1024M) 3.068ms
[2024-02-11T23:11:17.197+0000][7][gc,cpu      ] GC(309) User=0.01s Sys=0.00s Real=0.01s
[2024-02-11T23:11:17.197+0000][7][safepoint   ] Safepoint "G1CollectForAllocation", Time since last: 185974190736 ns, Reaching safepoint: 59222 ns, At safepoint: 3153436 ns, Total: 3212658 ns
[2024-02-11T23:14:15.263+0000][7][gc,start    ] GC(310) Pause Young (Normal) (G1 Evacuation Pause)
[2024-02-11T23:14:15.263+0000][7][gc,task     ] GC(310) Using 8 workers of 8 for evacuation
[2024-02-11T23:14:15.263+0000][7][gc,age      ] GC(310) Desired survivor size 41943040 bytes, new threshold 15 (max threshold 15)
[2024-02-11T23:14:15.266+0000][7][gc,phases   ] GC(310)   Pre Evacuate Collection Set: 0.1ms
[2024-02-11T23:14:15.266+0000][7][gc,phases   ] GC(310)   Merge Heap Roots: 0.1ms
[2024-02-11T23:14:15.266+0000][7][gc,phases   ] GC(310)   Evacuate Collection Set: 1.5ms
[2024-02-11T23:14:15.266+0000][7][gc,phases   ] GC(310)   Post Evacuate Collection Set: 0.7ms
[2024-02-11T23:14:15.266+0000][7][gc,phases   ] GC(310)   Other: 0.1ms
[2024-02-11T23:14:15.266+0000][7][gc,age      ] GC(310) Age table with threshold 15 (max threshold 15)
[2024-02-11T23:14:15.266+0000][7][gc,age      ] GC(310) - age   1:    1671128 bytes,    1671128 total
[2024-02-11T23:14:15.266+0000][7][gc,age      ] GC(310) - age   2:       2472 bytes,    1673600 total
[2024-02-11T23:14:15.266+0000][7][gc,age      ] GC(310) - age   3:       9712 bytes,    1683312 total
[2024-02-11T23:14:15.266+0000][7][gc,age      ] GC(310) - age   5:        632 bytes,    1683944 total
[2024-02-11T23:14:15.266+0000][7][gc,age      ] GC(310) - age   7:         32 bytes,    1683976 total
[2024-02-11T23:14:15.266+0000][7][gc,age      ] GC(310) - age   8:       6560 bytes,    1690536 total
[2024-02-11T23:14:15.266+0000][7][gc,age      ] GC(310) - age   9:       6432 bytes,    1696968 total
[2024-02-11T23:14:15.266+0000][7][gc,age      ] GC(310) - age  10:      64816 bytes,    1761784 total
[2024-02-11T23:14:15.266+0000][7][gc,age      ] GC(310) - age  11:     140112 bytes,    1901896 total
[2024-02-11T23:14:15.266+0000][7][gc,age      ] GC(310) - age  13:     112184 bytes,    2014080 total
[2024-02-11T23:14:15.266+0000][7][gc,age      ] GC(310) - age  14:        184 bytes,    2014264 total
[2024-02-11T23:14:15.266+0000][7][gc,age      ] GC(310) - age  15:         24 bytes,    2014288 total
[2024-02-11T23:14:15.266+0000][7][gc,heap     ] GC(310) Eden regions: 152->0(152)
[2024-02-11T23:14:15.266+0000][7][gc,heap     ] GC(310) Survivor regions: 1->1(20)
[2024-02-11T23:14:15.266+0000][7][gc,heap     ] GC(310) Old regions: 25->25
[2024-02-11T23:14:15.266+0000][7][gc,heap     ] GC(310) Archive regions: 2->2
[2024-02-11T23:14:15.266+0000][7][gc,heap     ] GC(310) Humongous regions: 0->0
[2024-02-11T23:14:15.266+0000][7][gc,metaspace] GC(310) Metaspace: 129657K(133376K)->129657K(133376K) NonClass: 112679K(114624K)->112679K(114624K) Class: 16977K(18752K)->16977K(18752K)
[2024-02-11T23:14:15.266+0000][7][gc          ] GC(310) Pause Young (Normal) (G1 Evacuation Pause) 710M->102M(1024M) 2.865ms
[2024-02-11T23:14:15.266+0000][7][gc,cpu      ] GC(310) User=0.01s Sys=0.00s Real=0.01s
[2024-02-11T23:14:15.266+0000][7][safepoint   ] Safepoint "G1CollectForAllocation", Time since last: 178065687537 ns, Reaching safepoint: 49532 ns, At safepoint: 2958036 ns, Total: 3007568 ns
[2024-02-11T23:16:32.276+0000][7][gc,start    ] GC(311) Pause Young (Normal) (G1 Evacuation Pause)
[2024-02-11T23:16:32.276+0000][7][gc,task     ] GC(311) Using 8 workers of 8 for evacuation
[2024-02-11T23:16:32.276+0000][7][gc,age      ] GC(311) Desired survivor size 41943040 bytes, new threshold 15 (max threshold 15)
[2024-02-11T23:16:32.279+0000][7][gc,phases   ] GC(311)   Pre Evacuate Collection Set: 0.1ms
[2024-02-11T23:16:32.279+0000][7][gc,phases   ] GC(311)   Merge Heap Roots: 0.1ms
[2024-02-11T23:16:32.279+0000][7][gc,phases   ] GC(311)   Evacuate Collection Set: 1.5ms
[2024-02-11T23:16:32.279+0000][7][gc,phases   ] GC(311)   Post Evacuate Collection Set: 0.6ms
[2024-02-11T23:16:32.279+0000][7][gc,phases   ] GC(311)   Other: 0.1ms
[2024-02-11T23:16:32.279+0000][7][gc,age      ] GC(311) Age table with threshold 15 (max threshold 15)
[2024-02-11T23:16:32.279+0000][7][gc,age      ] GC(311) - age   1:    1888480 bytes,    1888480 total
[2024-02-11T23:16:32.279+0000][7][gc,age      ] GC(311) - age   2:      15616 bytes,    1904096 total
[2024-02-11T23:16:32.279+0000][7][gc,age      ] GC(311) - age   3:        616 bytes,    1904712 total
[2024-02-11T23:16:32.279+0000][7][gc,age      ] GC(311) - age   4:       9136 bytes,    1913848 total
[2024-02-11T23:16:32.279+0000][7][gc,age      ] GC(311) - age   6:        632 bytes,    1914480 total
[2024-02-11T23:16:32.279+0000][7][gc,age      ] GC(311) - age   8:         32 bytes,    1914512 total
[2024-02-11T23:16:32.279+0000][7][gc,age      ] GC(311) - age   9:       6560 bytes,    1921072 total
[2024-02-11T23:16:32.279+0000][7][gc,age      ] GC(311) - age  10:       6432 bytes,    1927504 total
[2024-02-11T23:16:32.279+0000][7][gc,age      ] GC(311) - age  11:      64816 bytes,    1992320 total
[2024-02-11T23:16:32.279+0000][7][gc,age      ] GC(311) - age  12:     140112 bytes,    2132432 total
[2024-02-11T23:16:32.279+0000][7][gc,age      ] GC(311) - age  14:     112184 bytes,    2244616 total
[2024-02-11T23:16:32.279+0000][7][gc,heap     ] GC(311) Eden regions: 152->0(152)
[2024-02-11T23:16:32.279+0000][7][gc,heap     ] GC(311) Survivor regions: 1->1(20)
[2024-02-11T23:16:32.279+0000][7][gc,heap     ] GC(311) Old regions: 25->25
[2024-02-11T23:16:32.279+0000][7][gc,heap     ] GC(311) Archive regions: 2->2
[2024-02-11T23:16:32.279+0000][7][gc,heap     ] GC(311) Humongous regions: 0->0
[2024-02-11T23:16:32.279+0000][7][gc,metaspace] GC(311) Metaspace: 129657K(133376K)->129657K(133376K) NonClass: 112679K(114624K)->112679K(114624K) Class: 16977K(18752K)->16977K(18752K)
[2024-02-11T23:16:32.279+0000][7][gc          ] GC(311) Pause Young (Normal) (G1 Evacuation Pause) 710M->103M(1024M) 2.640ms
[2024-02-11T23:16:32.279+0000][7][gc,cpu      ] GC(311) User=0.02s Sys=0.00s Real=0.00s
[2024-02-11T23:16:32.279+0000][7][safepoint   ] Safepoint "G1CollectForAllocation", Time since last: 137010176419 ns, Reaching safepoint: 35561 ns, At safepoint: 2720660 ns, Total: 2756221 ns
[2024-02-11T23:17:30.285+0000][7][safepoint   ] Safepoint "Cleanup", Time since last: 58005510933 ns, Reaching safepoint: 61306 ns, At safepoint: 10330 ns, Total: 71636 ns
[2024-02-11T23:18:50.258+0000][7][gc,start    ] GC(312) Pause Young (Normal) (G1 Evacuation Pause)
[2024-02-11T23:18:50.258+0000][7][gc,task     ] GC(312) Using 8 workers of 8 for evacuation
[2024-02-11T23:18:50.258+0000][7][gc,age      ] GC(312) Desired survivor size 41943040 bytes, new threshold 15 (max threshold 15)
[2024-02-11T23:18:50.261+0000][7][gc,phases   ] GC(312)   Pre Evacuate Collection Set: 0.1ms
[2024-02-11T23:18:50.261+0000][7][gc,phases   ] GC(312)   Merge Heap Roots: 0.1ms
[2024-02-11T23:18:50.261+0000][7][gc,phases   ] GC(312)   Evacuate Collection Set: 1.3ms
[2024-02-11T23:18:50.261+0000][7][gc,phases   ] GC(312)   Post Evacuate Collection Set: 0.8ms
[2024-02-11T23:18:50.261+0000][7][gc,phases   ] GC(312)   Other: 0.1ms
[2024-02-11T23:18:50.261+0000][7][gc,age      ] GC(312) Age table with threshold 15 (max threshold 15)
[2024-02-11T23:18:50.261+0000][7][gc,age      ] GC(312) - age   1:    1269400 bytes,    1269400 total
[2024-02-11T23:18:50.261+0000][7][gc,age      ] GC(312) - age   2:       2424 bytes,    1271824 total
[2024-02-11T23:18:50.261+0000][7][gc,age      ] GC(312) - age   3:      13408 bytes,    1285232 total
[2024-02-11T23:18:50.261+0000][7][gc,age      ] GC(312) - age   4:        256 bytes,    1285488 total
[2024-02-11T23:18:50.261+0000][7][gc,age      ] GC(312) - age   5:        248 bytes,    1285736 total
[2024-02-11T23:18:50.261+0000][7][gc,age      ] GC(312) - age   7:        632 bytes,    1286368 total
[2024-02-11T23:18:50.261+0000][7][gc,age      ] GC(312) - age  10:       6560 bytes,    1292928 total
[2024-02-11T23:18:50.261+0000][7][gc,age      ] GC(312) - age  11:       6432 bytes,    1299360 total
[2024-02-11T23:18:50.261+0000][7][gc,age      ] GC(312) - age  12:      64816 bytes,    1364176 total
[2024-02-11T23:18:50.261+0000][7][gc,age      ] GC(312) - age  13:     140112 bytes,    1504288 total
[2024-02-11T23:18:50.261+0000][7][gc,age      ] GC(312) - age  15:     112184 bytes,    1616472 total
[2024-02-11T23:18:50.261+0000][7][gc,heap     ] GC(312) Eden regions: 152->0(152)
[2024-02-11T23:18:50.261+0000][7][gc,heap     ] GC(312) Survivor regions: 1->1(20)
[2024-02-11T23:18:50.261+0000][7][gc,heap     ] GC(312) Old regions: 25->25
[2024-02-11T23:18:50.261+0000][7][gc,heap     ] GC(312) Archive regions: 2->2
[2024-02-11T23:18:50.261+0000][7][gc,heap     ] GC(312) Humongous regions: 0->0
[2024-02-11T23:18:50.261+0000][7][gc,metaspace] GC(312) Metaspace: 129669K(133376K)->129669K(133376K) NonClass: 112691K(114624K)->112691K(114624K) Class: 16977K(18752K)->16977K(18752K)
[2024-02-11T23:18:50.261+0000][7][gc          ] GC(312) Pause Young (Normal) (G1 Evacuation Pause) 711M->102M(1024M) 2.650ms
[2024-02-11T23:18:50.261+0000][7][gc,cpu      ] GC(312) User=0.00s Sys=0.01s Real=0.00s
[2024-02-11T23:18:50.261+0000][7][safepoint   ] Safepoint "G1CollectForAllocation", Time since last: 79973667444 ns, Reaching safepoint: 50624 ns, At safepoint: 2737431 ns, Total: 2788055 ns
[2024-02-11T23:21:08.254+0000][7][gc,start    ] GC(313) Pause Young (Normal) (G1 Evacuation Pause)
[2024-02-11T23:21:08.254+0000][7][gc,task     ] GC(313) Using 8 workers of 8 for evacuation
[2024-02-11T23:21:08.254+0000][7][gc,age      ] GC(313) Desired survivor size 41943040 bytes, new threshold 15 (max threshold 15)
[2024-02-11T23:21:08.256+0000][7][gc,phases   ] GC(313)   Pre Evacuate Collection Set: 0.1ms
[2024-02-11T23:21:08.256+0000][7][gc,phases   ] GC(313)   Merge Heap Roots: 0.1ms
[2024-02-11T23:21:08.256+0000][7][gc,phases   ] GC(313)   Evacuate Collection Set: 1.5ms
[2024-02-11T23:21:08.256+0000][7][gc,phases   ] GC(313)   Post Evacuate Collection Set: 0.7ms
[2024-02-11T23:21:08.256+0000][7][gc,phases   ] GC(313)   Other: 0.1ms
[2024-02-11T23:21:08.256+0000][7][gc,age      ] GC(313) Age table with threshold 15 (max threshold 15)
[2024-02-11T23:21:08.256+0000][7][gc,age      ] GC(313) - age   1:    1356112 bytes,    1356112 total
[2024-02-11T23:21:08.256+0000][7][gc,age      ] GC(313) - age   2:      11144 bytes,    1367256 total
[2024-02-11T23:21:08.256+0000][7][gc,age      ] GC(313) - age   3:        656 bytes,    1367912 total
[2024-02-11T23:21:08.256+0000][7][gc,age      ] GC(313) - age   4:       5008 bytes,    1372920 total
[2024-02-11T23:21:08.256+0000][7][gc,age      ] GC(313) - age   5:        256 bytes,    1373176 total
[2024-02-11T23:21:08.256+0000][7][gc,age      ] GC(313) - age   6:        216 bytes,    1373392 total
[2024-02-11T23:21:08.256+0000][7][gc,age      ] GC(313) - age   8:        632 bytes,    1374024 total
[2024-02-11T23:21:08.256+0000][7][gc,age      ] GC(313) - age  11:       6560 bytes,    1380584 total
[2024-02-11T23:21:08.256+0000][7][gc,age      ] GC(313) - age  12:       6432 bytes,    1387016 total
[2024-02-11T23:21:08.256+0000][7][gc,age      ] GC(313) - age  13:      64816 bytes,    1451832 total
[2024-02-11T23:21:08.256+0000][7][gc,age      ] GC(313) - age  14:     140112 bytes,    1591944 total
[2024-02-11T23:21:08.256+0000][7][gc,heap     ] GC(313) Eden regions: 152->0(152)
[2024-02-11T23:21:08.256+0000][7][gc,heap     ] GC(313) Survivor regions: 1->1(20)
[2024-02-11T23:21:08.256+0000][7][gc,heap     ] GC(313) Old regions: 25->25
[2024-02-11T23:21:08.256+0000][7][gc,heap     ] GC(313) Archive regions: 2->2
[2024-02-11T23:21:08.256+0000][7][gc,heap     ] GC(313) Humongous regions: 0->0
[2024-02-11T23:21:08.256+0000][7][gc,metaspace] GC(313) Metaspace: 129669K(133376K)->129669K(133376K) NonClass: 112691K(114624K)->112691K(114624K) Class: 16977K(18752K)->16977K(18752K)
[2024-02-11T23:21:08.256+0000][7][gc          ] GC(313) Pause Young (Normal) (G1 Evacuation Pause) 710M->102M(1024M) 2.713ms
[2024-02-11T23:21:08.256+0000][7][gc,cpu      ] GC(313) User=0.01s Sys=0.00s Real=0.01s
[2024-02-11T23:21:08.256+0000][7][safepoint   ] Safepoint "G1CollectForAllocation", Time since last: 137992322670 ns, Reaching safepoint: 42140 ns, At safepoint: 2800311 ns, Total: 2842451 ns
[2024-02-11T23:23:41.255+0000][7][gc,start    ] GC(314) Pause Young (Normal) (G1 Evacuation Pause)
[2024-02-11T23:23:41.255+0000][7][gc,task     ] GC(314) Using 8 workers of 8 for evacuation
[2024-02-11T23:23:41.255+0000][7][gc,age      ] GC(314) Desired survivor size 41943040 bytes, new threshold 15 (max threshold 15)
[2024-02-11T23:23:41.256+0000][7][gc,phases   ] GC(314)   Pre Evacuate Collection Set: 0.1ms
[2024-02-11T23:23:41.256+0000][7][gc,phases   ] GC(314)   Merge Heap Roots: 0.0ms
[2024-02-11T23:23:41.256+0000][7][gc,phases   ] GC(314)   Evacuate Collection Set: 0.6ms
[2024-02-11T23:23:41.256+0000][7][gc,phases   ] GC(314)   Post Evacuate Collection Set: 0.5ms
[2024-02-11T23:23:41.256+0000][7][gc,phases   ] GC(314)   Other: 0.1ms
[2024-02-11T23:23:41.256+0000][7][gc,age      ] GC(314) Age table with threshold 15 (max threshold 15)
[2024-02-11T23:23:41.256+0000][7][gc,age      ] GC(314) - age   1:     541360 bytes,     541360 total
[2024-02-11T23:23:41.256+0000][7][gc,age      ] GC(314) - age   2:      10160 bytes,     551520 total
[2024-02-11T23:23:41.256+0000][7][gc,age      ] GC(314) - age   3:       9640 bytes,     561160 total
[2024-02-11T23:23:41.256+0000][7][gc,age      ] GC(314) - age   4:        400 bytes,     561560 total
[2024-02-11T23:23:41.257+0000][7][gc,age      ] GC(314) - age   5:       1256 bytes,     562816 total
[2024-02-11T23:23:41.257+0000][7][gc,age      ] GC(314) - age   6:        256 bytes,     563072 total
[2024-02-11T23:23:41.257+0000][7][gc,age      ] GC(314) - age   7:        216 bytes,     563288 total
[2024-02-11T23:23:41.257+0000][7][gc,age      ] GC(314) - age   9:        248 bytes,     563536 total
[2024-02-11T23:23:41.257+0000][7][gc,age      ] GC(314) - age  12:       6560 bytes,     570096 total
[2024-02-11T23:23:41.257+0000][7][gc,age      ] GC(314) - age  13:       6432 bytes,     576528 total
[2024-02-11T23:23:41.257+0000][7][gc,age      ] GC(314) - age  14:      64816 bytes,     641344 total
[2024-02-11T23:23:41.257+0000][7][gc,age      ] GC(314) - age  15:     139928 bytes,     781272 total
[2024-02-11T23:23:41.257+0000][7][gc,heap     ] GC(314) Eden regions: 152->0(152)
[2024-02-11T23:23:41.257+0000][7][gc,heap     ] GC(314) Survivor regions: 1->1(20)
[2024-02-11T23:23:41.257+0000][7][gc,heap     ] GC(314) Old regions: 25->25
[2024-02-11T23:23:41.257+0000][7][gc,heap     ] GC(314) Archive regions: 2->2
[2024-02-11T23:23:41.257+0000][7][gc,heap     ] GC(314) Humongous regions: 0->0
[2024-02-11T23:23:41.257+0000][7][gc,metaspace] GC(314) Metaspace: 129669K(133376K)->129669K(133376K) NonClass: 112691K(114624K)->112691K(114624K) Class: 16977K(18752K)->16977K(18752K)
[2024-02-11T23:23:41.257+0000][7][gc          ] GC(314) Pause Young (Normal) (G1 Evacuation Pause) 710M->101M(1024M) 1.552ms
[2024-02-11T23:23:41.257+0000][7][gc,cpu      ] GC(314) User=0.01s Sys=0.00s Real=0.01s
[2024-02-11T23:23:41.257+0000][7][safepoint   ] Safepoint "G1CollectForAllocation", Time since last: 152998709781 ns, Reaching safepoint: 27155 ns, At safepoint: 1620836 ns, Total: 1647991 ns
[2024-02-11T23:23:44.257+0000][7][safepoint   ] Safepoint "Cleanup", Time since last: 3000264068 ns, Reaching safepoint: 45948 ns, At safepoint: 3466 ns, Total: 49414 ns
[2024-02-11T23:26:41.285+0000][7][gc,start    ] GC(315) Pause Young (Normal) (G1 Evacuation Pause)
[2024-02-11T23:26:41.285+0000][7][gc,task     ] GC(315) Using 8 workers of 8 for evacuation
[2024-02-11T23:26:41.285+0000][7][gc,age      ] GC(315) Desired survivor size 41943040 bytes, new threshold 15 (max threshold 15)
[2024-02-11T23:26:41.287+0000][7][gc,phases   ] GC(315)   Pre Evacuate Collection Set: 0.1ms
[2024-02-11T23:26:41.287+0000][7][gc,phases   ] GC(315)   Merge Heap Roots: 0.1ms
[2024-02-11T23:26:41.287+0000][7][gc,phases   ] GC(315)   Evacuate Collection Set: 0.9ms
[2024-02-11T23:26:41.287+0000][7][gc,phases   ] GC(315)   Post Evacuate Collection Set: 0.7ms
[2024-02-11T23:26:41.287+0000][7][gc,phases   ] GC(315)   Other: 0.1ms
[2024-02-11T23:26:41.287+0000][7][gc,age      ] GC(315) Age table with threshold 15 (max threshold 15)
[2024-02-11T23:26:41.287+0000][7][gc,age      ] GC(315) - age   1:     759496 bytes,     759496 total
[2024-02-11T23:26:41.287+0000][7][gc,age      ] GC(315) - age   2:       5120 bytes,     764616 total
[2024-02-11T23:26:41.287+0000][7][gc,age      ] GC(315) - age   3:       8176 bytes,     772792 total
[2024-02-11T23:26:41.287+0000][7][gc,age      ] GC(315) - age   4:       9448 bytes,     782240 total
[2024-02-11T23:26:41.287+0000][7][gc,age      ] GC(315) - age   5:        208 bytes,     782448 total
[2024-02-11T23:26:41.287+0000][7][gc,age      ] GC(315) - age   6:        520 bytes,     782968 total
[2024-02-11T23:26:41.287+0000][7][gc,age      ] GC(315) - age   8:        216 bytes,     783184 total
[2024-02-11T23:26:41.287+0000][7][gc,age      ] GC(315) - age  10:        248 bytes,     783432 total
[2024-02-11T23:26:41.287+0000][7][gc,age      ] GC(315) - age  13:       6560 bytes,     789992 total
[2024-02-11T23:26:41.287+0000][7][gc,age      ] GC(315) - age  14:       6432 bytes,     796424 total
[2024-02-11T23:26:41.287+0000][7][gc,age      ] GC(315) - age  15:      64816 bytes,     861240 total
[2024-02-11T23:26:41.287+0000][7][gc,heap     ] GC(315) Eden regions: 152->0(152)
[2024-02-11T23:26:41.287+0000][7][gc,heap     ] GC(315) Survivor regions: 1->1(20)
[2024-02-11T23:26:41.287+0000][7][gc,heap     ] GC(315) Old regions: 25->25
[2024-02-11T23:26:41.287+0000][7][gc,heap     ] GC(315) Archive regions: 2->2
[2024-02-11T23:26:41.287+0000][7][gc,heap     ] GC(315) Humongous regions: 0->0
[2024-02-11T23:26:41.287+0000][7][gc,metaspace] GC(315) Metaspace: 129669K(133376K)->129669K(133376K) NonClass: 112691K(114624K)->112691K(114624K) Class: 16977K(18752K)->16977K(18752K)
[2024-02-11T23:26:41.287+0000][7][gc          ] GC(315) Pause Young (Normal) (G1 Evacuation Pause) 709M->102M(1024M) 2.143ms
[2024-02-11T23:26:41.287+0000][7][gc,cpu      ] GC(315) User=0.01s Sys=0.00s Real=0.00s
[2024-02-11T23:26:41.287+0000][7][safepoint   ] Safepoint "G1CollectForAllocation", Time since last: 177027701086 ns, Reaching safepoint: 34236 ns, At safepoint: 2228309 ns, Total: 2262545 ns
[2024-02-11T23:29:32.311+0000][7][gc,start    ] GC(316) Pause Young (Normal) (G1 Evacuation Pause)
[2024-02-11T23:29:32.311+0000][7][gc,task     ] GC(316) Using 8 workers of 8 for evacuation
[2024-02-11T23:29:32.311+0000][7][gc,age      ] GC(316) Desired survivor size 41943040 bytes, new threshold 15 (max threshold 15)
[2024-02-11T23:29:32.313+0000][7][gc,phases   ] GC(316)   Pre Evacuate Collection Set: 0.1ms
[2024-02-11T23:29:32.313+0000][7][gc,phases   ] GC(316)   Merge Heap Roots: 0.1ms
[2024-02-11T23:29:32.313+0000][7][gc,phases   ] GC(316)   Evacuate Collection Set: 1.2ms
[2024-02-11T23:29:32.313+0000][7][gc,phases   ] GC(316)   Post Evacuate Collection Set: 0.6ms
[2024-02-11T23:29:32.313+0000][7][gc,phases   ] GC(316)   Other: 0.1ms
[2024-02-11T23:29:32.313+0000][7][gc,age      ] GC(316) Age table with threshold 15 (max threshold 15)
[2024-02-11T23:29:32.313+0000][7][gc,age      ] GC(316) - age   1:    1435512 bytes,    1435512 total
[2024-02-11T23:29:32.313+0000][7][gc,age      ] GC(316) - age   2:       1920 bytes,    1437432 total
[2024-02-11T23:29:32.313+0000][7][gc,age      ] GC(316) - age   3:       4768 bytes,    1442200 total
[2024-02-11T23:29:32.313+0000][7][gc,age      ] GC(316) - age   4:       8048 bytes,    1450248 total
[2024-02-11T23:29:32.313+0000][7][gc,age      ] GC(316) - age   5:        720 bytes,    1450968 total
[2024-02-11T23:29:32.313+0000][7][gc,age      ] GC(316) - age   7:        456 bytes,    1451424 total
[2024-02-11T23:29:32.313+0000][7][gc,age      ] GC(316) - age   9:        184 bytes,    1451608 total
[2024-02-11T23:29:32.313+0000][7][gc,age      ] GC(316) - age  11:        248 bytes,    1451856 total
[2024-02-11T23:29:32.313+0000][7][gc,age      ] GC(316) - age  14:       6560 bytes,    1458416 total
[2024-02-11T23:29:32.313+0000][7][gc,age      ] GC(316) - age  15:       6432 bytes,    1464848 total
[2024-02-11T23:29:32.313+0000][7][gc,heap     ] GC(316) Eden regions: 152->0(152)
[2024-02-11T23:29:32.313+0000][7][gc,heap     ] GC(316) Survivor regions: 1->1(20)
[2024-02-11T23:29:32.313+0000][7][gc,heap     ] GC(316) Old regions: 25->25
[2024-02-11T23:29:32.313+0000][7][gc,heap     ] GC(316) Archive regions: 2->2
[2024-02-11T23:29:32.313+0000][7][gc,heap     ] GC(316) Humongous regions: 0->0
[2024-02-11T23:29:32.313+0000][7][gc,metaspace] GC(316) Metaspace: 129669K(133376K)->129669K(133376K) NonClass: 112692K(114624K)->112692K(114624K) Class: 16977K(18752K)->16977K(18752K)
[2024-02-11T23:29:32.313+0000][7][gc          ] GC(316) Pause Young (Normal) (G1 Evacuation Pause) 710M->102M(1024M) 2.334ms
[2024-02-11T23:29:32.313+0000][7][gc,cpu      ] GC(316) User=0.01s Sys=0.00s Real=0.00s
[2024-02-11T23:29:32.313+0000][7][safepoint   ] Safepoint "G1CollectForAllocation", Time since last: 171023968252 ns, Reaching safepoint: 53005 ns, At safepoint: 2421784 ns, Total: 2474789 ns
[2024-02-11T23:32:26.304+0000][7][gc,start    ] GC(317) Pause Young (Normal) (G1 Evacuation Pause)
[2024-02-11T23:32:26.304+0000][7][gc,task     ] GC(317) Using 8 workers of 8 for evacuation
[2024-02-11T23:32:26.304+0000][7][gc,age      ] GC(317) Desired survivor size 41943040 bytes, new threshold 15 (max threshold 15)
[2024-02-11T23:32:26.306+0000][7][gc,phases   ] GC(317)   Pre Evacuate Collection Set: 0.1ms
[2024-02-11T23:32:26.306+0000][7][gc,phases   ] GC(317)   Merge Heap Roots: 0.1ms
[2024-02-11T23:32:26.306+0000][7][gc,phases   ] GC(317)   Evacuate Collection Set: 1.2ms
[2024-02-11T23:32:26.306+0000][7][gc,phases   ] GC(317)   Post Evacuate Collection Set: 0.7ms
[2024-02-11T23:32:26.306+0000][7][gc,phases   ] GC(317)   Other: 0.1ms
[2024-02-11T23:32:26.306+0000][7][gc,age      ] GC(317) Age table with threshold 15 (max threshold 15)
[2024-02-11T23:32:26.306+0000][7][gc,age      ] GC(317) - age   1:    1437568 bytes,    1437568 total
[2024-02-11T23:32:26.306+0000][7][gc,age      ] GC(317) - age   2:       4144 bytes,    1441712 total
[2024-02-11T23:32:26.306+0000][7][gc,age      ] GC(317) - age   3:        640 bytes,    1442352 total
[2024-02-11T23:32:26.306+0000][7][gc,age      ] GC(317) - age   4:        952 bytes,    1443304 total
[2024-02-11T23:32:26.306+0000][7][gc,age      ] GC(317) - age   5:       8048 bytes,    1451352 total
[2024-02-11T23:32:26.306+0000][7][gc,age      ] GC(317) - age   6:        720 bytes,    1452072 total
[2024-02-11T23:32:26.306+0000][7][gc,age      ] GC(317) - age   8:        456 bytes,    1452528 total
[2024-02-11T23:32:26.306+0000][7][gc,age      ] GC(317) - age  10:        184 bytes,    1452712 total
[2024-02-11T23:32:26.306+0000][7][gc,age      ] GC(317) - age  12:         64 bytes,    1452776 total
[2024-02-11T23:32:26.306+0000][7][gc,age      ] GC(317) - age  15:       6560 bytes,    1459336 total
[2024-02-11T23:32:26.306+0000][7][gc,heap     ] GC(317) Eden regions: 152->0(152)
[2024-02-11T23:32:26.306+0000][7][gc,heap     ] GC(317) Survivor regions: 1->1(20)
[2024-02-11T23:32:26.306+0000][7][gc,heap     ] GC(317) Old regions: 25->25
[2024-02-11T23:32:26.306+0000][7][gc,heap     ] GC(317) Archive regions: 2->2
[2024-02-11T23:32:26.306+0000][7][gc,heap     ] GC(317) Humongous regions: 0->0
[2024-02-11T23:32:26.306+0000][7][gc,metaspace] GC(317) Metaspace: 129670K(133376K)->129670K(133376K) NonClass: 112693K(114624K)->112693K(114624K) Class: 16977K(18752K)->16977K(18752K)
[2024-02-11T23:32:26.306+0000][7][gc          ] GC(317) Pause Young (Normal) (G1 Evacuation Pause) 710M->102M(1024M) 2.482ms
[2024-02-11T23:32:26.306+0000][7][gc,cpu      ] GC(317) User=0.01s Sys=0.00s Real=0.01s
[2024-02-11T23:32:26.307+0000][7][safepoint   ] Safepoint "G1CollectForAllocation", Time since last: 173990537563 ns, Reaching safepoint: 46447 ns, At safepoint: 2573069 ns, Total: 2619516 ns
[2024-02-11T23:35:26.295+0000][7][gc,start    ] GC(318) Pause Young (Normal) (G1 Evacuation Pause)
[2024-02-11T23:35:26.295+0000][7][gc,task     ] GC(318) Using 8 workers of 8 for evacuation
[2024-02-11T23:35:26.295+0000][7][gc,age      ] GC(318) Desired survivor size 41943040 bytes, new threshold 15 (max threshold 15)
[2024-02-11T23:35:26.297+0000][7][gc,phases   ] GC(318)   Pre Evacuate Collection Set: 0.1ms
[2024-02-11T23:35:26.297+0000][7][gc,phases   ] GC(318)   Merge Heap Roots: 0.1ms
[2024-02-11T23:35:26.297+0000][7][gc,phases   ] GC(318)   Evacuate Collection Set: 1.0ms
[2024-02-11T23:35:26.297+0000][7][gc,phases   ] GC(318)   Post Evacuate Collection Set: 0.5ms
[2024-02-11T23:35:26.297+0000][7][gc,phases   ] GC(318)   Other: 0.1ms
[2024-02-11T23:35:26.297+0000][7][gc,age      ] GC(318) Age table with threshold 15 (max threshold 15)
[2024-02-11T23:35:26.297+0000][7][gc,age      ] GC(318) - age   1:    1448640 bytes,    1448640 total
[2024-02-11T23:35:26.297+0000][7][gc,age      ] GC(318) - age   2:     153920 bytes,    1602560 total
[2024-02-11T23:35:26.297+0000][7][gc,age      ] GC(318) - age   3:       1032 bytes,    1603592 total
[2024-02-11T23:35:26.297+0000][7][gc,age      ] GC(318) - age   4:        392 bytes,    1603984 total
[2024-02-11T23:35:26.297+0000][7][gc,age      ] GC(318) - age   5:        592 bytes,    1604576 total
[2024-02-11T23:35:26.297+0000][7][gc,age      ] GC(318) - age   6:       8048 bytes,    1612624 total
[2024-02-11T23:35:26.297+0000][7][gc,age      ] GC(318) - age   7:        720 bytes,    1613344 total
[2024-02-11T23:35:26.297+0000][7][gc,age      ] GC(318) - age   9:        456 bytes,    1613800 total
[2024-02-11T23:35:26.297+0000][7][gc,age      ] GC(318) - age  11:        184 bytes,    1613984 total
[2024-02-11T23:35:26.297+0000][7][gc,age      ] GC(318) - age  13:         64 bytes,    1614048 total
[2024-02-11T23:35:26.297+0000][7][gc,heap     ] GC(318) Eden regions: 152->0(152)
[2024-02-11T23:35:26.297+0000][7][gc,heap     ] GC(318) Survivor regions: 1->1(20)
[2024-02-11T23:35:26.297+0000][7][gc,heap     ] GC(318) Old regions: 25->25
[2024-02-11T23:35:26.297+0000][7][gc,heap     ] GC(318) Archive regions: 2->2
[2024-02-11T23:35:26.297+0000][7][gc,heap     ] GC(318) Humongous regions: 0->0
[2024-02-11T23:35:26.297+0000][7][gc,metaspace] GC(318) Metaspace: 129670K(133376K)->129670K(133376K) NonClass: 112693K(114624K)->112693K(114624K) Class: 16977K(18752K)->16977K(18752K)
[2024-02-11T23:35:26.297+0000][7][gc          ] GC(318) Pause Young (Normal) (G1 Evacuation Pause) 710M->102M(1024M) 2.209ms
[2024-02-11T23:35:26.297+0000][7][gc,cpu      ] GC(318) User=0.01s Sys=0.00s Real=0.01s
[2024-02-11T23:35:26.297+0000][7][safepoint   ] Safepoint "G1CollectForAllocation", Time since last: 179988233761 ns, Reaching safepoint: 40745 ns, At safepoint: 2285589 ns, Total: 2326334 ns
[2024-02-11T23:35:29.298+0000][7][safepoint   ] Safepoint "Cleanup", Time since last: 3000401683 ns, Reaching safepoint: 60481 ns, At safepoint: 8202 ns, Total: 68683 ns
[2024-02-11T23:35:47.299+0000][7][safepoint   ] Safepoint "Cleanup", Time since last: 18001695626 ns, Reaching safepoint: 83254 ns, At safepoint: 6109 ns, Total: 89363 ns
[2024-02-11T23:38:09.598+0000][7][gc,start    ] GC(319) Pause Young (Normal) (G1 Evacuation Pause)
[2024-02-11T23:38:09.598+0000][7][gc,task     ] GC(319) Using 8 workers of 8 for evacuation
[2024-02-11T23:38:09.598+0000][7][gc,age      ] GC(319) Desired survivor size 41943040 bytes, new threshold 15 (max threshold 15)
[2024-02-11T23:38:09.600+0000][7][gc,phases   ] GC(319)   Pre Evacuate Collection Set: 0.1ms
[2024-02-11T23:38:09.600+0000][7][gc,phases   ] GC(319)   Merge Heap Roots: 0.1ms
[2024-02-11T23:38:09.600+0000][7][gc,phases   ] GC(319)   Evacuate Collection Set: 1.0ms
[2024-02-11T23:38:09.600+0000][7][gc,phases   ] GC(319)   Post Evacuate Collection Set: 0.7ms
[2024-02-11T23:38:09.600+0000][7][gc,phases   ] GC(319)   Other: 0.1ms
[2024-02-11T23:38:09.600+0000][7][gc,age      ] GC(319) Age table with threshold 15 (max threshold 15)
[2024-02-11T23:38:09.600+0000][7][gc,age      ] GC(319) - age   1:     815408 bytes,     815408 total
[2024-02-11T23:38:09.600+0000][7][gc,age      ] GC(319) - age   2:       3304 bytes,     818712 total
[2024-02-11T23:38:09.600+0000][7][gc,age      ] GC(319) - age   3:     143400 bytes,     962112 total
[2024-02-11T23:38:09.600+0000][7][gc,age      ] GC(319) - age   4:        184 bytes,     962296 total
[2024-02-11T23:38:09.600+0000][7][gc,age      ] GC(319) - age   5:        392 bytes,     962688 total
[2024-02-11T23:38:09.600+0000][7][gc,age      ] GC(319) - age   6:        408 bytes,     963096 total
[2024-02-11T23:38:09.600+0000][7][gc,age      ] GC(319) - age   7:       8048 bytes,     971144 total
[2024-02-11T23:38:09.600+0000][7][gc,age      ] GC(319) - age   8:        688 bytes,     971832 total
[2024-02-11T23:38:09.600+0000][7][gc,age      ] GC(319) - age  10:        456 bytes,     972288 total
[2024-02-11T23:38:09.600+0000][7][gc,age      ] GC(319) - age  14:         64 bytes,     972352 total
[2024-02-11T23:38:09.600+0000][7][gc,heap     ] GC(319) Eden regions: 152->0(152)
[2024-02-11T23:38:09.600+0000][7][gc,heap     ] GC(319) Survivor regions: 1->1(20)
[2024-02-11T23:38:09.600+0000][7][gc,heap     ] GC(319) Old regions: 25->25
[2024-02-11T23:38:09.600+0000][7][gc,heap     ] GC(319) Archive regions: 2->2
[2024-02-11T23:38:09.600+0000][7][gc,heap     ] GC(319) Humongous regions: 0->0
[2024-02-11T23:38:09.600+0000][7][gc,metaspace] GC(319) Metaspace: 129671K(133376K)->129671K(133376K) NonClass: 112693K(114624K)->112693K(114624K) Class: 16977K(18752K)->16977K(18752K)
[2024-02-11T23:38:09.600+0000][7][gc          ] GC(319) Pause Young (Normal) (G1 Evacuation Pause) 710M->102M(1024M) 2.255ms
[2024-02-11T23:38:09.600+0000][7][gc,cpu      ] GC(319) User=0.01s Sys=0.00s Real=0.00s
[2024-02-11T23:38:09.600+0000][7][safepoint   ] Safepoint "G1CollectForAllocation", Time since last: 142298241088 ns, Reaching safepoint: 48931 ns, At safepoint: 2352545 ns, Total: 2401476 ns
[2024-02-11T23:41:11.277+0000][7][gc,start    ] GC(320) Pause Young (Normal) (G1 Evacuation Pause)
[2024-02-11T23:41:11.277+0000][7][gc,task     ] GC(320) Using 8 workers of 8 for evacuation
[2024-02-11T23:41:11.277+0000][7][gc,age      ] GC(320) Desired survivor size 41943040 bytes, new threshold 15 (max threshold 15)
[2024-02-11T23:41:11.279+0000][7][gc,phases   ] GC(320)   Pre Evacuate Collection Set: 0.1ms
[2024-02-11T23:41:11.279+0000][7][gc,phases   ] GC(320)   Merge Heap Roots: 0.1ms
[2024-02-11T23:41:11.279+0000][7][gc,phases   ] GC(320)   Evacuate Collection Set: 1.2ms
[2024-02-11T23:41:11.279+0000][7][gc,phases   ] GC(320)   Post Evacuate Collection Set: 0.8ms
[2024-02-11T23:41:11.279+0000][7][gc,phases   ] GC(320)   Other: 0.1ms
[2024-02-11T23:41:11.279+0000][7][gc,age      ] GC(320) Age table with threshold 15 (max threshold 15)
[2024-02-11T23:41:11.279+0000][7][gc,age      ] GC(320) - age   1:     641216 bytes,     641216 total
[2024-02-11T23:41:11.279+0000][7][gc,age      ] GC(320) - age   2:      14792 bytes,     656008 total
[2024-02-11T23:41:11.279+0000][7][gc,age      ] GC(320) - age   3:        832 bytes,     656840 total
[2024-02-11T23:41:11.279+0000][7][gc,age      ] GC(320) - age   4:     143248 bytes,     800088 total
[2024-02-11T23:41:11.279+0000][7][gc,age      ] GC(320) - age   5:        184 bytes,     800272 total
[2024-02-11T23:41:11.279+0000][7][gc,age      ] GC(320) - age   6:        392 bytes,     800664 total
[2024-02-11T23:41:11.279+0000][7][gc,age      ] GC(320) - age   7:         24 bytes,     800688 total
[2024-02-11T23:41:11.279+0000][7][gc,age      ] GC(320) - age   8:       8048 bytes,     808736 total
[2024-02-11T23:41:11.279+0000][7][gc,age      ] GC(320) - age   9:        688 bytes,     809424 total
[2024-02-11T23:41:11.279+0000][7][gc,age      ] GC(320) - age  11:        272 bytes,     809696 total
[2024-02-11T23:41:11.279+0000][7][gc,age      ] GC(320) - age  15:         64 bytes,     809760 total
[2024-02-11T23:41:11.279+0000][7][gc,heap     ] GC(320) Eden regions: 152->0(152)
[2024-02-11T23:41:11.279+0000][7][gc,heap     ] GC(320) Survivor regions: 1->1(20)
[2024-02-11T23:41:11.279+0000][7][gc,heap     ] GC(320) Old regions: 25->25
[2024-02-11T23:41:11.279+0000][7][gc,heap     ] GC(320) Archive regions: 2->2
[2024-02-11T23:41:11.279+0000][7][gc,heap     ] GC(320) Humongous regions: 0->0
[2024-02-11T23:41:11.279+0000][7][gc,metaspace] GC(320) Metaspace: 129671K(133376K)->129671K(133376K) NonClass: 112693K(114624K)->112693K(114624K) Class: 16977K(18752K)->16977K(18752K)
[2024-02-11T23:41:11.279+0000][7][gc          ] GC(320) Pause Young (Normal) (G1 Evacuation Pause) 710M->102M(1024M) 2.654ms
[2024-02-11T23:41:11.279+0000][7][gc,cpu      ] GC(320) User=0.01s Sys=0.00s Real=0.00s
[2024-02-11T23:41:11.279+0000][7][safepoint   ] Safepoint "G1CollectForAllocation", Time since last: 181676709827 ns, Reaching safepoint: 60324 ns, At safepoint: 2751312 ns, Total: 2811636 ns
[2024-02-11T23:44:14.295+0000][7][gc,start    ] GC(321) Pause Young (Normal) (G1 Evacuation Pause)
[2024-02-11T23:44:14.295+0000][7][gc,task     ] GC(321) Using 8 workers of 8 for evacuation
[2024-02-11T23:44:14.295+0000][7][gc,age      ] GC(321) Desired survivor size 41943040 bytes, new threshold 15 (max threshold 15)
[2024-02-11T23:44:14.297+0000][7][gc,phases   ] GC(321)   Pre Evacuate Collection Set: 0.1ms
[2024-02-11T23:44:14.297+0000][7][gc,phases   ] GC(321)   Merge Heap Roots: 0.1ms
[2024-02-11T23:44:14.297+0000][7][gc,phases   ] GC(321)   Evacuate Collection Set: 0.9ms
[2024-02-11T23:44:14.297+0000][7][gc,phases   ] GC(321)   Post Evacuate Collection Set: 0.7ms
[2024-02-11T23:44:14.297+0000][7][gc,phases   ] GC(321)   Other: 0.1ms
[2024-02-11T23:44:14.297+0000][7][gc,age      ] GC(321) Age table with threshold 15 (max threshold 15)
[2024-02-11T23:44:14.297+0000][7][gc,age      ] GC(321) - age   1:     644888 bytes,     644888 total
[2024-02-11T23:44:14.297+0000][7][gc,age      ] GC(321) - age   2:       2960 bytes,     647848 total
[2024-02-11T23:44:14.297+0000][7][gc,age      ] GC(321) - age   3:       4544 bytes,     652392 total
[2024-02-11T23:44:14.297+0000][7][gc,age      ] GC(321) - age   4:        408 bytes,     652800 total
[2024-02-11T23:44:14.297+0000][7][gc,age      ] GC(321) - age   5:     139792 bytes,     792592 total
[2024-02-11T23:44:14.297+0000][7][gc,age      ] GC(321) - age   6:        184 bytes,     792776 total
[2024-02-11T23:44:14.297+0000][7][gc,age      ] GC(321) - age   8:         24 bytes,     792800 total
[2024-02-11T23:44:14.297+0000][7][gc,age      ] GC(321) - age   9:         32 bytes,     792832 total
[2024-02-11T23:44:14.297+0000][7][gc,age      ] GC(321) - age  10:        688 bytes,     793520 total
[2024-02-11T23:44:14.297+0000][7][gc,age      ] GC(321) - age  12:        272 bytes,     793792 total
[2024-02-11T23:44:14.297+0000][7][gc,heap     ] GC(321) Eden regions: 152->0(152)
[2024-02-11T23:44:14.297+0000][7][gc,heap     ] GC(321) Survivor regions: 1->1(20)
[2024-02-11T23:44:14.297+0000][7][gc,heap     ] GC(321) Old regions: 25->25
[2024-02-11T23:44:14.297+0000][7][gc,heap     ] GC(321) Archive regions: 2->2
[2024-02-11T23:44:14.297+0000][7][gc,heap     ] GC(321) Humongous regions: 0->0
[2024-02-11T23:44:14.297+0000][7][gc,metaspace] GC(321) Metaspace: 129671K(133376K)->129671K(133376K) NonClass: 112693K(114624K)->112693K(114624K) Class: 16977K(18752K)->16977K(18752K)
[2024-02-11T23:44:14.297+0000][7][gc          ] GC(321) Pause Young (Normal) (G1 Evacuation Pause) 710M->102M(1024M) 2.136ms
[2024-02-11T23:44:14.297+0000][7][gc,cpu      ] GC(321) User=0.01s Sys=0.00s Real=0.01s
[2024-02-11T23:44:14.297+0000][7][safepoint   ] Safepoint "G1CollectForAllocation", Time since last: 183015690859 ns, Reaching safepoint: 50641 ns, At safepoint: 2217753 ns, Total: 2268394 ns
[2024-02-11T23:47:08.439+0000][7][gc,start    ] GC(322) Pause Young (Normal) (G1 Evacuation Pause)
[2024-02-11T23:47:08.439+0000][7][gc,task     ] GC(322) Using 8 workers of 8 for evacuation
[2024-02-11T23:47:08.439+0000][7][gc,age      ] GC(322) Desired survivor size 41943040 bytes, new threshold 15 (max threshold 15)
[2024-02-11T23:47:08.441+0000][7][gc,phases   ] GC(322)   Pre Evacuate Collection Set: 0.1ms
[2024-02-11T23:47:08.441+0000][7][gc,phases   ] GC(322)   Merge Heap Roots: 0.1ms
[2024-02-11T23:47:08.441+0000][7][gc,phases   ] GC(322)   Evacuate Collection Set: 1.0ms
[2024-02-11T23:47:08.441+0000][7][gc,phases   ] GC(322)   Post Evacuate Collection Set: 0.5ms
[2024-02-11T23:47:08.441+0000][7][gc,phases   ] GC(322)   Other: 0.1ms
[2024-02-11T23:47:08.441+0000][7][gc,age      ] GC(322) Age table with threshold 15 (max threshold 15)
[2024-02-11T23:47:08.441+0000][7][gc,age      ] GC(322) - age   1:    1258872 bytes,    1258872 total
[2024-02-11T23:47:08.441+0000][7][gc,age      ] GC(322) - age   2:     267440 bytes,    1526312 total
[2024-02-11T23:47:08.441+0000][7][gc,age      ] GC(322) - age   3:        784 bytes,    1527096 total
[2024-02-11T23:47:08.441+0000][7][gc,age      ] GC(322) - age   4:       4544 bytes,    1531640 total
[2024-02-11T23:47:08.441+0000][7][gc,age      ] GC(322) - age   5:        224 bytes,    1531864 total
[2024-02-11T23:47:08.441+0000][7][gc,age      ] GC(322) - age   6:     139792 bytes,    1671656 total
[2024-02-11T23:47:08.441+0000][7][gc,age      ] GC(322) - age   7:        184 bytes,    1671840 total
[2024-02-11T23:47:08.441+0000][7][gc,age      ] GC(322) - age   9:         24 bytes,    1671864 total
[2024-02-11T23:47:08.441+0000][7][gc,age      ] GC(322) - age  11:        688 bytes,    1672552 total
[2024-02-11T23:47:08.441+0000][7][gc,age      ] GC(322) - age  13:        272 bytes,    1672824 total
[2024-02-11T23:47:08.441+0000][7][gc,heap     ] GC(322) Eden regions: 152->0(152)
[2024-02-11T23:47:08.441+0000][7][gc,heap     ] GC(322) Survivor regions: 1->1(20)
[2024-02-11T23:47:08.441+0000][7][gc,heap     ] GC(322) Old regions: 25->25
[2024-02-11T23:47:08.441+0000][7][gc,heap     ] GC(322) Archive regions: 2->2
[2024-02-11T23:47:08.441+0000][7][gc,heap     ] GC(322) Humongous regions: 0->0
[2024-02-11T23:47:08.441+0000][7][gc,metaspace] GC(322) Metaspace: 129671K(133376K)->129671K(133376K) NonClass: 112693K(114624K)->112693K(114624K) Class: 16977K(18752K)->16977K(18752K)
[2024-02-11T23:47:08.441+0000][7][gc          ] GC(322) Pause Young (Normal) (G1 Evacuation Pause) 710M->102M(1024M) 1.890ms
[2024-02-11T23:47:08.441+0000][7][gc,cpu      ] GC(322) User=0.01s Sys=0.00s Real=0.00s
[2024-02-11T23:47:08.441+0000][7][safepoint   ] Safepoint "G1CollectForAllocation", Time since last: 174141628575 ns, Reaching safepoint: 29779 ns, At safepoint: 1959809 ns, Total: 1989588 ns
[2024-02-11T23:50:08.346+0000][7][gc,start    ] GC(323) Pause Young (Normal) (G1 Evacuation Pause)
[2024-02-11T23:50:08.346+0000][7][gc,task     ] GC(323) Using 8 workers of 8 for evacuation
[2024-02-11T23:50:08.346+0000][7][gc,age      ] GC(323) Desired survivor size 41943040 bytes, new threshold 15 (max threshold 15)
[2024-02-11T23:50:08.348+0000][7][gc,phases   ] GC(323)   Pre Evacuate Collection Set: 0.1ms
[2024-02-11T23:50:08.348+0000][7][gc,phases   ] GC(323)   Merge Heap Roots: 0.0ms
[2024-02-11T23:50:08.348+0000][7][gc,phases   ] GC(323)   Evacuate Collection Set: 0.9ms
[2024-02-11T23:50:08.348+0000][7][gc,phases   ] GC(323)   Post Evacuate Collection Set: 0.5ms
[2024-02-11T23:50:08.348+0000][7][gc,phases   ] GC(323)   Other: 0.1ms
[2024-02-11T23:50:08.348+0000][7][gc,age      ] GC(323) Age table with threshold 15 (max threshold 15)
[2024-02-11T23:50:08.348+0000][7][gc,age      ] GC(323) - age   1:    1269752 bytes,    1269752 total
[2024-02-11T23:50:08.348+0000][7][gc,age      ] GC(323) - age   2:       2416 bytes,    1272168 total
[2024-02-11T23:50:08.348+0000][7][gc,age      ] GC(323) - age   3:     122208 bytes,    1394376 total
[2024-02-11T23:50:08.348+0000][7][gc,age      ] GC(323) - age   4:        600 bytes,    1394976 total
[2024-02-11T23:50:08.348+0000][7][gc,age      ] GC(323) - age   5:       3800 bytes,    1398776 total
[2024-02-11T23:50:08.348+0000][7][gc,age      ] GC(323) - age   6:        224 bytes,    1399000 total
[2024-02-11T23:50:08.348+0000][7][gc,age      ] GC(323) - age   7:     139792 bytes,    1538792 total
[2024-02-11T23:50:08.348+0000][7][gc,age      ] GC(323) - age   8:        184 bytes,    1538976 total
[2024-02-11T23:50:08.348+0000][7][gc,age      ] GC(323) - age  10:         24 bytes,    1539000 total
[2024-02-11T23:50:08.348+0000][7][gc,age      ] GC(323) - age  12:        688 bytes,    1539688 total
[2024-02-11T23:50:08.348+0000][7][gc,age      ] GC(323) - age  14:        272 bytes,    1539960 total
[2024-02-11T23:50:08.348+0000][7][gc,heap     ] GC(323) Eden regions: 152->0(152)
[2024-02-11T23:50:08.348+0000][7][gc,heap     ] GC(323) Survivor regions: 1->1(20)
[2024-02-11T23:50:08.348+0000][7][gc,heap     ] GC(323) Old regions: 25->25
[2024-02-11T23:50:08.348+0000][7][gc,heap     ] GC(323) Archive regions: 2->2
[2024-02-11T23:50:08.348+0000][7][gc,heap     ] GC(323) Humongous regions: 0->0
[2024-02-11T23:50:08.348+0000][7][gc,metaspace] GC(323) Metaspace: 129677K(133376K)->129677K(133376K) NonClass: 112699K(114624K)->112699K(114624K) Class: 16977K(18752K)->16977K(18752K)
[2024-02-11T23:50:08.348+0000][7][gc          ] GC(323) Pause Young (Normal) (G1 Evacuation Pause) 710M->102M(1024M) 1.773ms
[2024-02-11T23:50:08.348+0000][7][gc,cpu      ] GC(323) User=0.01s Sys=0.00s Real=0.00s
[2024-02-11T23:50:08.348+0000][7][safepoint   ] Safepoint "G1CollectForAllocation", Time since last: 179904751316 ns, Reaching safepoint: 24379 ns, At safepoint: 1842508 ns, Total: 1866887 ns
[2024-02-11T23:53:08.338+0000][7][gc,start    ] GC(324) Pause Young (Normal) (G1 Evacuation Pause)
[2024-02-11T23:53:08.338+0000][7][gc,task     ] GC(324) Using 8 workers of 8 for evacuation
[2024-02-11T23:53:08.338+0000][7][gc,age      ] GC(324) Desired survivor size 41943040 bytes, new threshold 15 (max threshold 15)
[2024-02-11T23:53:08.339+0000][7][gc,phases   ] GC(324)   Pre Evacuate Collection Set: 0.1ms
[2024-02-11T23:53:08.339+0000][7][gc,phases   ] GC(324)   Merge Heap Roots: 0.0ms
[2024-02-11T23:53:08.339+0000][7][gc,phases   ] GC(324)   Evacuate Collection Set: 0.9ms
[2024-02-11T23:53:08.339+0000][7][gc,phases   ] GC(324)   Post Evacuate Collection Set: 0.6ms
[2024-02-11T23:53:08.339+0000][7][gc,phases   ] GC(324)   Other: 0.1ms
[2024-02-11T23:53:08.339+0000][7][gc,age      ] GC(324) Age table with threshold 15 (max threshold 15)
[2024-02-11T23:53:08.339+0000][7][gc,age      ] GC(324) - age   1:    1230432 bytes,    1230432 total
[2024-02-11T23:53:08.339+0000][7][gc,age      ] GC(324) - age   2:     191064 bytes,    1421496 total
[2024-02-11T23:53:08.339+0000][7][gc,age      ] GC(324) - age   3:        280 bytes,    1421776 total
[2024-02-11T23:53:08.339+0000][7][gc,age      ] GC(324) - age   4:     118368 bytes,    1540144 total
[2024-02-11T23:53:08.339+0000][7][gc,age      ] GC(324) - age   5:        408 bytes,    1540552 total
[2024-02-11T23:53:08.339+0000][7][gc,age      ] GC(324) - age   6:       3616 bytes,    1544168 total
[2024-02-11T23:53:08.339+0000][7][gc,age      ] GC(324) - age   7:        224 bytes,    1544392 total
[2024-02-11T23:53:08.339+0000][7][gc,age      ] GC(324) - age   8:     139792 bytes,    1684184 total
[2024-02-11T23:53:08.339+0000][7][gc,age      ] GC(324) - age   9:        184 bytes,    1684368 total
[2024-02-11T23:53:08.339+0000][7][gc,age      ] GC(324) - age  11:         24 bytes,    1684392 total
[2024-02-11T23:53:08.339+0000][7][gc,age      ] GC(324) - age  13:        688 bytes,    1685080 total
[2024-02-11T23:53:08.339+0000][7][gc,age      ] GC(324) - age  15:        272 bytes,    1685352 total
[2024-02-11T23:53:08.339+0000][7][gc,heap     ] GC(324) Eden regions: 152->0(152)
[2024-02-11T23:53:08.339+0000][7][gc,heap     ] GC(324) Survivor regions: 1->1(20)
[2024-02-11T23:53:08.339+0000][7][gc,heap     ] GC(324) Old regions: 25->25
[2024-02-11T23:53:08.339+0000][7][gc,heap     ] GC(324) Archive regions: 2->2
[2024-02-11T23:53:08.339+0000][7][gc,heap     ] GC(324) Humongous regions: 0->0
[2024-02-11T23:53:08.339+0000][7][gc,metaspace] GC(324) Metaspace: 129677K(133376K)->129677K(133376K) NonClass: 112699K(114624K)->112699K(114624K) Class: 16977K(18752K)->16977K(18752K)
[2024-02-11T23:53:08.339+0000][7][gc          ] GC(324) Pause Young (Normal) (G1 Evacuation Pause) 710M->103M(1024M) 1.859ms
[2024-02-11T23:53:08.340+0000][7][gc,cpu      ] GC(324) User=0.01s Sys=0.00s Real=0.00s
[2024-02-11T23:53:08.340+0000][7][safepoint   ] Safepoint "G1CollectForAllocation", Time since last: 179989881854 ns, Reaching safepoint: 30008 ns, At safepoint: 1926481 ns, Total: 1956489 ns
[2024-02-11T23:56:02.346+0000][7][gc,start    ] GC(325) Pause Young (Normal) (G1 Evacuation Pause)
[2024-02-11T23:56:02.347+0000][7][gc,task     ] GC(325) Using 8 workers of 8 for evacuation
[2024-02-11T23:56:02.347+0000][7][gc,age      ] GC(325) Desired survivor size 41943040 bytes, new threshold 15 (max threshold 15)
[2024-02-11T23:56:02.349+0000][7][gc,phases   ] GC(325)   Pre Evacuate Collection Set: 0.1ms
[2024-02-11T23:56:02.349+0000][7][gc,phases   ] GC(325)   Merge Heap Roots: 0.1ms
[2024-02-11T23:56:02.349+0000][7][gc,phases   ] GC(325)   Evacuate Collection Set: 1.5ms
[2024-02-11T23:56:02.349+0000][7][gc,phases   ] GC(325)   Post Evacuate Collection Set: 0.7ms
[2024-02-11T23:56:02.349+0000][7][gc,phases   ] GC(325)   Other: 0.1ms
[2024-02-11T23:56:02.349+0000][7][gc,age      ] GC(325) Age table with threshold 15 (max threshold 15)
[2024-02-11T23:56:02.349+0000][7][gc,age      ] GC(325) - age   1:    1710928 bytes,    1710928 total
[2024-02-11T23:56:02.349+0000][7][gc,age      ] GC(325) - age   2:      42080 bytes,    1753008 total
[2024-02-11T23:56:02.349+0000][7][gc,age      ] GC(325) - age   3:     189656 bytes,    1942664 total
[2024-02-11T23:56:02.349+0000][7][gc,age      ] GC(325) - age   5:     118368 bytes,    2061032 total
[2024-02-11T23:56:02.349+0000][7][gc,age      ] GC(325) - age   6:        384 bytes,    2061416 total
[2024-02-11T23:56:02.349+0000][7][gc,age      ] GC(325) - age   7:       3616 bytes,    2065032 total
[2024-02-11T23:56:02.349+0000][7][gc,age      ] GC(325) - age   8:        224 bytes,    2065256 total
[2024-02-11T23:56:02.349+0000][7][gc,age      ] GC(325) - age   9:     139792 bytes,    2205048 total
[2024-02-11T23:56:02.349+0000][7][gc,age      ] GC(325) - age  10:        184 bytes,    2205232 total
[2024-02-11T23:56:02.349+0000][7][gc,age      ] GC(325) - age  12:         24 bytes,    2205256 total
[2024-02-11T23:56:02.349+0000][7][gc,age      ] GC(325) - age  14:        688 bytes,    2205944 total
[2024-02-11T23:56:02.349+0000][7][gc,heap     ] GC(325) Eden regions: 152->0(152)
[2024-02-11T23:56:02.349+0000][7][gc,heap     ] GC(325) Survivor regions: 1->1(20)
[2024-02-11T23:56:02.349+0000][7][gc,heap     ] GC(325) Old regions: 25->25
[2024-02-11T23:56:02.349+0000][7][gc,heap     ] GC(325) Archive regions: 2->2
[2024-02-11T23:56:02.349+0000][7][gc,heap     ] GC(325) Humongous regions: 0->0
[2024-02-11T23:56:02.349+0000][7][gc,metaspace] GC(325) Metaspace: 129677K(133376K)->129677K(133376K) NonClass: 112699K(114624K)->112699K(114624K) Class: 16977K(18752K)->16977K(18752K)
[2024-02-11T23:56:02.349+0000][7][gc          ] GC(325) Pause Young (Normal) (G1 Evacuation Pause) 711M->103M(1024M) 2.703ms
[2024-02-11T23:56:02.349+0000][7][gc,cpu      ] GC(325) User=0.01s Sys=0.00s Real=0.00s
[2024-02-11T23:56:02.349+0000][7][safepoint   ] Safepoint "G1CollectForAllocation", Time since last: 174006857781 ns, Reaching safepoint: 43763 ns, At safepoint: 2784100 ns, Total: 2827863 ns
[2024-02-11T23:59:02.382+0000][7][gc,start    ] GC(326) Pause Young (Normal) (G1 Evacuation Pause)
[2024-02-11T23:59:02.382+0000][7][gc,task     ] GC(326) Using 8 workers of 8 for evacuation
[2024-02-11T23:59:02.382+0000][7][gc,age      ] GC(326) Desired survivor size 41943040 bytes, new threshold 15 (max threshold 15)
[2024-02-11T23:59:02.385+0000][7][gc,phases   ] GC(326)   Pre Evacuate Collection Set: 0.2ms
[2024-02-11T23:59:02.385+0000][7][gc,phases   ] GC(326)   Merge Heap Roots: 0.1ms
[2024-02-11T23:59:02.385+0000][7][gc,phases   ] GC(326)   Evacuate Collection Set: 1.6ms
[2024-02-11T23:59:02.385+0000][7][gc,phases   ] GC(326)   Post Evacuate Collection Set: 0.6ms
[2024-02-11T23:59:02.385+0000][7][gc,phases   ] GC(326)   Other: 0.1ms
[2024-02-11T23:59:02.385+0000][7][gc,age      ] GC(326) Age table with threshold 15 (max threshold 15)
[2024-02-11T23:59:02.385+0000][7][gc,age      ] GC(326) - age   1:    1435320 bytes,    1435320 total
[2024-02-11T23:59:02.385+0000][7][gc,age      ] GC(326) - age   2:       2432 bytes,    1437752 total
[2024-02-11T23:59:02.385+0000][7][gc,age      ] GC(326) - age   3:      40088 bytes,    1477840 total
[2024-02-11T23:59:02.385+0000][7][gc,age      ] GC(326) - age   4:     180888 bytes,    1658728 total
[2024-02-11T23:59:02.385+0000][7][gc,age      ] GC(326) - age   6:     117976 bytes,    1776704 total
[2024-02-11T23:59:02.385+0000][7][gc,age      ] GC(326) - age   7:        384 bytes,    1777088 total
[2024-02-11T23:59:02.385+0000][7][gc,age      ] GC(326) - age   8:       3584 bytes,    1780672 total
[2024-02-11T23:59:02.385+0000][7][gc,age      ] GC(326) - age   9:        224 bytes,    1780896 total
[2024-02-11T23:59:02.385+0000][7][gc,age      ] GC(326) - age  10:     139792 bytes,    1920688 total
[2024-02-11T23:59:02.385+0000][7][gc,age      ] GC(326) - age  11:        184 bytes,    1920872 total
[2024-02-11T23:59:02.385+0000][7][gc,age      ] GC(326) - age  13:         24 bytes,    1920896 total
[2024-02-11T23:59:02.385+0000][7][gc,age      ] GC(326) - age  15:        688 bytes,    1921584 total
[2024-02-11T23:59:02.385+0000][7][gc,heap     ] GC(326) Eden regions: 152->0(152)
[2024-02-11T23:59:02.385+0000][7][gc,heap     ] GC(326) Survivor regions: 1->1(20)
[2024-02-11T23:59:02.385+0000][7][gc,heap     ] GC(326) Old regions: 25->25
[2024-02-11T23:59:02.385+0000][7][gc,heap     ] GC(326) Archive regions: 2->2
[2024-02-11T23:59:02.385+0000][7][gc,heap     ] GC(326) Humongous regions: 0->0
[2024-02-11T23:59:02.385+0000][7][gc,metaspace] GC(326) Metaspace: 129678K(133376K)->129678K(133376K) NonClass: 112700K(114624K)->112700K(114624K) Class: 16977K(18752K)->16977K(18752K)
[2024-02-11T23:59:02.385+0000][7][gc          ] GC(326) Pause Young (Normal) (G1 Evacuation Pause) 711M->103M(1024M) 2.826ms
[2024-02-11T23:59:02.385+0000][7][gc,cpu      ] GC(326) User=0.02s Sys=0.00s Real=0.01s
[2024-02-11T23:59:02.385+0000][7][safepoint   ] Safepoint "G1CollectForAllocation", Time since last: 180032631702 ns, Reaching safepoint: 29177 ns, At safepoint: 2909204 ns, Total: 2938381 ns
[2024-02-12T00:00:03.390+0000][7][safepoint   ] Safepoint "Cleanup", Time since last: 61005158488 ns, Reaching safepoint: 93559 ns, At safepoint: 20912 ns, Total: 114471 ns
[2024-02-12T00:00:20.392+0000][7][safepoint   ] Safepoint "Cleanup", Time since last: 17001850158 ns, Reaching safepoint: 55831 ns, At safepoint: 7314 ns, Total: 63145 ns
[2024-02-12T00:00:21.392+0000][7][safepoint   ] Safepoint "Cleanup", Time since last: 1000119203 ns, Reaching safepoint: 93931 ns, At safepoint: 6452 ns, Total: 100383 ns
[2024-02-12T00:00:45.395+0000][7][safepoint   ] Safepoint "Cleanup", Time since last: 24002254245 ns, Reaching safepoint: 159267 ns, At safepoint: 19001 ns, Total: 178268 ns
[2024-02-12T00:01:14.398+0000][7][safepoint   ] Safepoint "Cleanup", Time since last: 29002908984 ns, Reaching safepoint: 64811 ns, At safepoint: 10146 ns, Total: 74957 ns
[2024-02-12T00:02:14.392+0000][7][gc,start    ] GC(327) Pause Young (Normal) (G1 Evacuation Pause)
[2024-02-12T00:02:14.392+0000][7][gc,task     ] GC(327) Using 8 workers of 8 for evacuation
[2024-02-12T00:02:14.392+0000][7][gc,age      ] GC(327) Desired survivor size 41943040 bytes, new threshold 15 (max threshold 15)
[2024-02-12T00:02:14.399+0000][7][gc,phases   ] GC(327)   Pre Evacuate Collection Set: 0.1ms
[2024-02-12T00:02:14.400+0000][7][gc,phases   ] GC(327)   Merge Heap Roots: 0.1ms
[2024-02-12T00:02:14.400+0000][7][gc,phases   ] GC(327)   Evacuate Collection Set: 5.2ms
[2024-02-12T00:02:14.400+0000][7][gc,phases   ] GC(327)   Post Evacuate Collection Set: 1.5ms
[2024-02-12T00:02:14.400+0000][7][gc,phases   ] GC(327)   Other: 0.1ms
[2024-02-12T00:02:14.400+0000][7][gc,age      ] GC(327) Age table with threshold 15 (max threshold 15)
[2024-02-12T00:02:14.400+0000][7][gc,age      ] GC(327) - age   1:    2119912 bytes,    2119912 total
[2024-02-12T00:02:14.400+0000][7][gc,age      ] GC(327) - age   2:       2864 bytes,    2122776 total
[2024-02-12T00:02:14.400+0000][7][gc,age      ] GC(327) - age   3:        200 bytes,    2122976 total
[2024-02-12T00:02:14.400+0000][7][gc,age      ] GC(327) - age   4:      36632 bytes,    2159608 total
[2024-02-12T00:02:14.400+0000][7][gc,age      ] GC(327) - age   5:     180864 bytes,    2340472 total
[2024-02-12T00:02:14.400+0000][7][gc,age      ] GC(327) - age   7:     117976 bytes,    2458448 total
[2024-02-12T00:02:14.400+0000][7][gc,age      ] GC(327) - age   9:       3584 bytes,    2462032 total
[2024-02-12T00:02:14.400+0000][7][gc,age      ] GC(327) - age  10:        224 bytes,    2462256 total
[2024-02-12T00:02:14.400+0000][7][gc,age      ] GC(327) - age  11:     139512 bytes,    2601768 total
[2024-02-12T00:02:14.400+0000][7][gc,age      ] GC(327) - age  14:         24 bytes,    2601792 total
[2024-02-12T00:02:14.400+0000][7][gc,heap     ] GC(327) Eden regions: 152->0(152)
[2024-02-12T00:02:14.400+0000][7][gc,heap     ] GC(327) Survivor regions: 1->1(20)
[2024-02-12T00:02:14.400+0000][7][gc,heap     ] GC(327) Old regions: 25->25
[2024-02-12T00:02:14.400+0000][7][gc,heap     ] GC(327) Archive regions: 2->2
[2024-02-12T00:02:14.400+0000][7][gc,heap     ] GC(327) Humongous regions: 0->0
[2024-02-12T00:02:14.400+0000][7][gc,metaspace] GC(327) Metaspace: 129682K(133376K)->129682K(133376K) NonClass: 112705K(114624K)->112705K(114624K) Class: 16977K(18752K)->16977K(18752K)
[2024-02-12T00:02:14.400+0000][7][gc          ] GC(327) Pause Young (Normal) (G1 Evacuation Pause) 711M->103M(1024M) 7.481ms
[2024-02-12T00:02:14.400+0000][7][gc,cpu      ] GC(327) User=0.02s Sys=0.00s Real=0.01s
[2024-02-12T00:02:14.400+0000][7][safepoint   ] Safepoint "G1CollectForAllocation", Time since last: 59994592054 ns, Reaching safepoint: 57037 ns, At safepoint: 7595289 ns, Total: 7652326 ns
[2024-02-12T00:03:15.405+0000][7][safepoint   ] Safepoint "Cleanup", Time since last: 61005177216 ns, Reaching safepoint: 47208 ns, At safepoint: 11910 ns, Total: 59118 ns
[2024-02-12T00:03:32.407+0000][7][safepoint   ] Safepoint "Cleanup", Time since last: 17001612594 ns, Reaching safepoint: 58632 ns, At safepoint: 4395 ns, Total: 63027 ns
[2024-02-12T00:03:57.409+0000][7][safepoint   ] Safepoint "Cleanup", Time since last: 25002370462 ns, Reaching safepoint: 64899 ns, At safepoint: 8522 ns, Total: 73421 ns
[2024-02-12T00:06:02.929+0000][7][gc,start    ] GC(328) Pause Young (Normal) (G1 Evacuation Pause)
[2024-02-12T00:06:02.929+0000][7][gc,task     ] GC(328) Using 8 workers of 8 for evacuation
[2024-02-12T00:06:02.929+0000][7][gc,age      ] GC(328) Desired survivor size 41943040 bytes, new threshold 15 (max threshold 15)
[2024-02-12T00:06:02.931+0000][7][gc,phases   ] GC(328)   Pre Evacuate Collection Set: 0.1ms
[2024-02-12T00:06:02.931+0000][7][gc,phases   ] GC(328)   Merge Heap Roots: 0.0ms
[2024-02-12T00:06:02.931+0000][7][gc,phases   ] GC(328)   Evacuate Collection Set: 1.0ms
[2024-02-12T00:06:02.931+0000][7][gc,phases   ] GC(328)   Post Evacuate Collection Set: 0.5ms
[2024-02-12T00:06:02.931+0000][7][gc,phases   ] GC(328)   Other: 0.1ms
[2024-02-12T00:06:02.931+0000][7][gc,age      ] GC(328) Age table with threshold 15 (max threshold 15)
[2024-02-12T00:06:02.931+0000][7][gc,age      ] GC(328) - age   1:    1428144 bytes,    1428144 total
[2024-02-12T00:06:02.931+0000][7][gc,age      ] GC(328) - age   2:     308800 bytes,    1736944 total
[2024-02-12T00:06:02.931+0000][7][gc,age      ] GC(328) - age   3:       1136 bytes,    1738080 total
[2024-02-12T00:06:02.931+0000][7][gc,age      ] GC(328) - age   4:        200 bytes,    1738280 total
[2024-02-12T00:06:02.931+0000][7][gc,age      ] GC(328) - age   5:      36632 bytes,    1774912 total
[2024-02-12T00:06:02.931+0000][7][gc,age      ] GC(328) - age   6:     180680 bytes,    1955592 total
[2024-02-12T00:06:02.931+0000][7][gc,age      ] GC(328) - age   8:     117792 bytes,    2073384 total
[2024-02-12T00:06:02.931+0000][7][gc,age      ] GC(328) - age  10:       3584 bytes,    2076968 total
[2024-02-12T00:06:02.931+0000][7][gc,age      ] GC(328) - age  11:        224 bytes,    2077192 total
[2024-02-12T00:06:02.931+0000][7][gc,age      ] GC(328) - age  12:     139512 bytes,    2216704 total
[2024-02-12T00:06:02.931+0000][7][gc,age      ] GC(328) - age  15:         24 bytes,    2216728 total
[2024-02-12T00:06:02.931+0000][7][gc,heap     ] GC(328) Eden regions: 152->0(152)
[2024-02-12T00:06:02.931+0000][7][gc,heap     ] GC(328) Survivor regions: 1->1(20)
[2024-02-12T00:06:02.931+0000][7][gc,heap     ] GC(328) Old regions: 25->25
[2024-02-12T00:06:02.931+0000][7][gc,heap     ] GC(328) Archive regions: 2->2
[2024-02-12T00:06:02.931+0000][7][gc,heap     ] GC(328) Humongous regions: 0->0
[2024-02-12T00:06:02.931+0000][7][gc,metaspace] GC(328) Metaspace: 129682K(133376K)->129682K(133376K) NonClass: 112705K(114624K)->112705K(114624K) Class: 16977K(18752K)->16977K(18752K)
[2024-02-12T00:06:02.931+0000][7][gc          ] GC(328) Pause Young (Normal) (G1 Evacuation Pause) 711M->103M(1024M) 1.845ms
[2024-02-12T00:06:02.931+0000][7][gc,cpu      ] GC(328) User=0.00s Sys=0.00s Real=0.00s
[2024-02-12T00:06:02.931+0000][7][safepoint   ] Safepoint "G1CollectForAllocation", Time since last: 125519846654 ns, Reaching safepoint: 32470 ns, At safepoint: 1917266 ns, Total: 1949736 ns
[2024-02-12T00:07:29.939+0000][7][safepoint   ] Safepoint "Cleanup", Time since last: 87008363723 ns, Reaching safepoint: 65948 ns, At safepoint: 7918 ns, Total: 73866 ns
[2024-02-12T00:08:44.948+0000][7][safepoint   ] Safepoint "Cleanup", Time since last: 75008132996 ns, Reaching safepoint: 79211 ns, At safepoint: 7221 ns, Total: 86432 ns
[2024-02-12T00:09:44.491+0000][7][gc,start    ] GC(329) Pause Young (Normal) (G1 Evacuation Pause)
[2024-02-12T00:09:44.491+0000][7][gc,task     ] GC(329) Using 8 workers of 8 for evacuation
[2024-02-12T00:09:44.491+0000][7][gc,age      ] GC(329) Desired survivor size 41943040 bytes, new threshold 15 (max threshold 15)
[2024-02-12T00:09:44.493+0000][7][gc,phases   ] GC(329)   Pre Evacuate Collection Set: 0.1ms
[2024-02-12T00:09:44.493+0000][7][gc,phases   ] GC(329)   Merge Heap Roots: 0.1ms
[2024-02-12T00:09:44.493+0000][7][gc,phases   ] GC(329)   Evacuate Collection Set: 1.2ms
[2024-02-12T00:09:44.493+0000][7][gc,phases   ] GC(329)   Post Evacuate Collection Set: 0.7ms
[2024-02-12T00:09:44.493+0000][7][gc,phases   ] GC(329)   Other: 0.1ms
[2024-02-12T00:09:44.493+0000][7][gc,age      ] GC(329) Age table with threshold 15 (max threshold 15)
[2024-02-12T00:09:44.493+0000][7][gc,age      ] GC(329) - age   1:     831408 bytes,     831408 total
[2024-02-12T00:09:44.493+0000][7][gc,age      ] GC(329) - age   2:       4200 bytes,     835608 total
[2024-02-12T00:09:44.493+0000][7][gc,age      ] GC(329) - age   3:     306904 bytes,    1142512 total
[2024-02-12T00:09:44.493+0000][7][gc,age      ] GC(329) - age   4:        392 bytes,    1142904 total
[2024-02-12T00:09:44.493+0000][7][gc,age      ] GC(329) - age   5:        200 bytes,    1143104 total
[2024-02-12T00:09:44.493+0000][7][gc,age      ] GC(329) - age   6:      36448 bytes,    1179552 total
[2024-02-12T00:09:44.493+0000][7][gc,age      ] GC(329) - age   7:     180648 bytes,    1360200 total
[2024-02-12T00:09:44.493+0000][7][gc,age      ] GC(329) - age   9:     109776 bytes,    1469976 total
[2024-02-12T00:09:44.493+0000][7][gc,age      ] GC(329) - age  11:       3584 bytes,    1473560 total
[2024-02-12T00:09:44.493+0000][7][gc,age      ] GC(329) - age  12:        224 bytes,    1473784 total
[2024-02-12T00:09:44.493+0000][7][gc,age      ] GC(329) - age  13:     139512 bytes,    1613296 total
[2024-02-12T00:09:44.493+0000][7][gc,heap     ] GC(329) Eden regions: 152->0(152)
[2024-02-12T00:09:44.493+0000][7][gc,heap     ] GC(329) Survivor regions: 1->1(20)
[2024-02-12T00:09:44.493+0000][7][gc,heap     ] GC(329) Old regions: 25->25
[2024-02-12T00:09:44.493+0000][7][gc,heap     ] GC(329) Archive regions: 2->2
[2024-02-12T00:09:44.493+0000][7][gc,heap     ] GC(329) Humongous regions: 0->0
[2024-02-12T00:09:44.493+0000][7][gc,metaspace] GC(329) Metaspace: 129686K(133376K)->129686K(133376K) NonClass: 112708K(114624K)->112708K(114624K) Class: 16977K(18752K)->16977K(18752K)
[2024-02-12T00:09:44.493+0000][7][gc          ] GC(329) Pause Young (Normal) (G1 Evacuation Pause) 711M->102M(1024M) 2.438ms
[2024-02-12T00:09:44.493+0000][7][gc,cpu      ] GC(329) User=0.01s Sys=0.00s Real=0.00s
[2024-02-12T00:09:44.493+0000][7][safepoint   ] Safepoint "G1CollectForAllocation", Time since last: 59543279648 ns, Reaching safepoint: 39607 ns, At safepoint: 2524084 ns, Total: 2563691 ns
[2024-02-12T00:13:20.485+0000][7][gc,start    ] GC(330) Pause Young (Normal) (G1 Evacuation Pause)
[2024-02-12T00:13:20.485+0000][7][gc,task     ] GC(330) Using 8 workers of 8 for evacuation
[2024-02-12T00:13:20.485+0000][7][gc,age      ] GC(330) Desired survivor size 41943040 bytes, new threshold 15 (max threshold 15)
[2024-02-12T00:13:20.487+0000][7][gc,phases   ] GC(330)   Pre Evacuate Collection Set: 0.1ms
[2024-02-12T00:13:20.487+0000][7][gc,phases   ] GC(330)   Merge Heap Roots: 0.1ms
[2024-02-12T00:13:20.487+0000][7][gc,phases   ] GC(330)   Evacuate Collection Set: 1.4ms
[2024-02-12T00:13:20.487+0000][7][gc,phases   ] GC(330)   Post Evacuate Collection Set: 0.7ms
[2024-02-12T00:13:20.487+0000][7][gc,phases   ] GC(330)   Other: 0.1ms
[2024-02-12T00:13:20.487+0000][7][gc,age      ] GC(330) Age table with threshold 15 (max threshold 15)
[2024-02-12T00:13:20.487+0000][7][gc,age      ] GC(330) - age   1:    1064240 bytes,    1064240 total
[2024-02-12T00:13:20.487+0000][7][gc,age      ] GC(330) - age   2:       2360 bytes,    1066600 total
[2024-02-12T00:13:20.487+0000][7][gc,age      ] GC(330) - age   3:       1984 bytes,    1068584 total
[2024-02-12T00:13:20.487+0000][7][gc,age      ] GC(330) - age   4:     303384 bytes,    1371968 total
[2024-02-12T00:13:20.487+0000][7][gc,age      ] GC(330) - age   6:        200 bytes,    1372168 total
[2024-02-12T00:13:20.487+0000][7][gc,age      ] GC(330) - age   7:      36448 bytes,    1408616 total
[2024-02-12T00:13:20.487+0000][7][gc,age      ] GC(330) - age   8:     180648 bytes,    1589264 total
[2024-02-12T00:13:20.487+0000][7][gc,age      ] GC(330) - age  10:     109776 bytes,    1699040 total
[2024-02-12T00:13:20.487+0000][7][gc,age      ] GC(330) - age  12:       3584 bytes,    1702624 total
[2024-02-12T00:13:20.487+0000][7][gc,age      ] GC(330) - age  13:        224 bytes,    1702848 total
[2024-02-12T00:13:20.487+0000][7][gc,age      ] GC(330) - age  14:     139512 bytes,    1842360 total
[2024-02-12T00:13:20.487+0000][7][gc,heap     ] GC(330) Eden regions: 152->0(152)
[2024-02-12T00:13:20.487+0000][7][gc,heap     ] GC(330) Survivor regions: 1->1(20)
[2024-02-12T00:13:20.487+0000][7][gc,heap     ] GC(330) Old regions: 25->25
[2024-02-12T00:13:20.487+0000][7][gc,heap     ] GC(330) Archive regions: 2->2
[2024-02-12T00:13:20.487+0000][7][gc,heap     ] GC(330) Humongous regions: 0->0
[2024-02-12T00:13:20.488+0000][7][gc,metaspace] GC(330) Metaspace: 129686K(133376K)->129686K(133376K) NonClass: 112708K(114624K)->112708K(114624K) Class: 16977K(18752K)->16977K(18752K)
[2024-02-12T00:13:20.488+0000][7][gc          ] GC(330) Pause Young (Normal) (G1 Evacuation Pause) 710M->103M(1024M) 2.673ms
[2024-02-12T00:13:20.488+0000][7][gc,cpu      ] GC(330) User=0.01s Sys=0.00s Real=0.00s
[2024-02-12T00:13:20.488+0000][7][safepoint   ] Safepoint "G1CollectForAllocation", Time since last: 215991285132 ns, Reaching safepoint: 45174 ns, At safepoint: 2770275 ns, Total: 2815449 ns
[2024-02-12T00:15:44.501+0000][7][safepoint   ] Safepoint "Cleanup", Time since last: 144013189173 ns, Reaching safepoint: 69282 ns, At safepoint: 3930 ns, Total: 73212 ns
[2024-02-12T00:17:02.395+0000][7][gc,start    ] GC(331) Pause Young (Normal) (G1 Evacuation Pause)
[2024-02-12T00:17:02.395+0000][7][gc,task     ] GC(331) Using 8 workers of 8 for evacuation
[2024-02-12T00:17:02.395+0000][7][gc,age      ] GC(331) Desired survivor size 41943040 bytes, new threshold 15 (max threshold 15)
[2024-02-12T00:17:02.396+0000][7][gc,phases   ] GC(331)   Pre Evacuate Collection Set: 0.1ms
[2024-02-12T00:17:02.396+0000][7][gc,phases   ] GC(331)   Merge Heap Roots: 0.0ms
[2024-02-12T00:17:02.396+0000][7][gc,phases   ] GC(331)   Evacuate Collection Set: 0.9ms
[2024-02-12T00:17:02.396+0000][7][gc,phases   ] GC(331)   Post Evacuate Collection Set: 0.7ms
[2024-02-12T00:17:02.396+0000][7][gc,phases   ] GC(331)   Other: 0.1ms
[2024-02-12T00:17:02.396+0000][7][gc,age      ] GC(331) Age table with threshold 15 (max threshold 15)
[2024-02-12T00:17:02.396+0000][7][gc,age      ] GC(331) - age   1:     585872 bytes,     585872 total
[2024-02-12T00:17:02.396+0000][7][gc,age      ] GC(331) - age   2:       5576 bytes,     591448 total
[2024-02-12T00:17:02.396+0000][7][gc,age      ] GC(331) - age   3:        936 bytes,     592384 total
[2024-02-12T00:17:02.396+0000][7][gc,age      ] GC(331) - age   4:       1672 bytes,     594056 total
[2024-02-12T00:17:02.396+0000][7][gc,age      ] GC(331) - age   5:     303384 bytes,     897440 total
[2024-02-12T00:17:02.396+0000][7][gc,age      ] GC(331) - age   7:        200 bytes,     897640 total
[2024-02-12T00:17:02.396+0000][7][gc,age      ] GC(331) - age   8:      36448 bytes,     934088 total
[2024-02-12T00:17:02.396+0000][7][gc,age      ] GC(331) - age   9:     180464 bytes,    1114552 total
[2024-02-12T00:17:02.396+0000][7][gc,age      ] GC(331) - age  11:     109776 bytes,    1224328 total
[2024-02-12T00:17:02.396+0000][7][gc,age      ] GC(331) - age  13:       3584 bytes,    1227912 total
[2024-02-12T00:17:02.396+0000][7][gc,age      ] GC(331) - age  14:        224 bytes,    1228136 total
[2024-02-12T00:17:02.396+0000][7][gc,age      ] GC(331) - age  15:     139512 bytes,    1367648 total
[2024-02-12T00:17:02.396+0000][7][gc,heap     ] GC(331) Eden regions: 152->0(152)
[2024-02-12T00:17:02.396+0000][7][gc,heap     ] GC(331) Survivor regions: 1->1(20)
[2024-02-12T00:17:02.396+0000][7][gc,heap     ] GC(331) Old regions: 25->25
[2024-02-12T00:17:02.396+0000][7][gc,heap     ] GC(331) Archive regions: 2->2
[2024-02-12T00:17:02.396+0000][7][gc,heap     ] GC(331) Humongous regions: 0->0
[2024-02-12T00:17:02.396+0000][7][gc,metaspace] GC(331) Metaspace: 129686K(133376K)->129686K(133376K) NonClass: 112708K(114624K)->112708K(114624K) Class: 16977K(18752K)->16977K(18752K)
[2024-02-12T00:17:02.397+0000][7][gc          ] GC(331) Pause Young (Normal) (G1 Evacuation Pause) 711M->102M(1024M) 2.014ms
[2024-02-12T00:17:02.397+0000][7][gc,cpu      ] GC(331) User=0.01s Sys=0.00s Real=0.01s
[2024-02-12T00:17:02.397+0000][7][safepoint   ] Safepoint "G1CollectForAllocation", Time since last: 77893602395 ns, Reaching safepoint: 25573 ns, At safepoint: 2104720 ns, Total: 2130293 ns
[2024-02-12T00:20:44.551+0000][7][gc,start    ] GC(332) Pause Young (Normal) (G1 Evacuation Pause)
[2024-02-12T00:20:44.551+0000][7][gc,task     ] GC(332) Using 8 workers of 8 for evacuation
[2024-02-12T00:20:44.551+0000][7][gc,age      ] GC(332) Desired survivor size 41943040 bytes, new threshold 15 (max threshold 15)
[2024-02-12T00:20:44.553+0000][7][gc,phases   ] GC(332)   Pre Evacuate Collection Set: 0.1ms
[2024-02-12T00:20:44.553+0000][7][gc,phases   ] GC(332)   Merge Heap Roots: 0.1ms
[2024-02-12T00:20:44.553+0000][7][gc,phases   ] GC(332)   Evacuate Collection Set: 1.6ms
[2024-02-12T00:20:44.553+0000][7][gc,phases   ] GC(332)   Post Evacuate Collection Set: 0.7ms
[2024-02-12T00:20:44.553+0000][7][gc,phases   ] GC(332)   Other: 0.1ms
[2024-02-12T00:20:44.553+0000][7][gc,age      ] GC(332) Age table with threshold 15 (max threshold 15)
[2024-02-12T00:20:44.553+0000][7][gc,age      ] GC(332) - age   1:    1609064 bytes,    1609064 total
[2024-02-12T00:20:44.553+0000][7][gc,age      ] GC(332) - age   2:        880 bytes,    1609944 total
[2024-02-12T00:20:44.553+0000][7][gc,age      ] GC(332) - age   3:       4144 bytes,    1614088 total
[2024-02-12T00:20:44.553+0000][7][gc,age      ] GC(332) - age   4:        184 bytes,    1614272 total
[2024-02-12T00:20:44.553+0000][7][gc,age      ] GC(332) - age   5:       1672 bytes,    1615944 total
[2024-02-12T00:20:44.553+0000][7][gc,age      ] GC(332) - age   6:     254104 bytes,    1870048 total
[2024-02-12T00:20:44.553+0000][7][gc,age      ] GC(332) - age   8:        200 bytes,    1870248 total
[2024-02-12T00:20:44.553+0000][7][gc,age      ] GC(332) - age   9:      36448 bytes,    1906696 total
[2024-02-12T00:20:44.553+0000][7][gc,age      ] GC(332) - age  10:     180464 bytes,    2087160 total
[2024-02-12T00:20:44.553+0000][7][gc,age      ] GC(332) - age  12:     109776 bytes,    2196936 total
[2024-02-12T00:20:44.553+0000][7][gc,age      ] GC(332) - age  14:       3584 bytes,    2200520 total
[2024-02-12T00:20:44.553+0000][7][gc,age      ] GC(332) - age  15:        224 bytes,    2200744 total
[2024-02-12T00:20:44.553+0000][7][gc,heap     ] GC(332) Eden regions: 152->0(152)
[2024-02-12T00:20:44.553+0000][7][gc,heap     ] GC(332) Survivor regions: 1->1(20)
[2024-02-12T00:20:44.553+0000][7][gc,heap     ] GC(332) Old regions: 25->25
[2024-02-12T00:20:44.554+0000][7][gc,heap     ] GC(332) Archive regions: 2->2
[2024-02-12T00:20:44.554+0000][7][gc,heap     ] GC(332) Humongous regions: 0->0
[2024-02-12T00:20:44.554+0000][7][gc,metaspace] GC(332) Metaspace: 129688K(133376K)->129688K(133376K) NonClass: 112710K(114624K)->112710K(114624K) Class: 16977K(18752K)->16977K(18752K)
[2024-02-12T00:20:44.554+0000][7][gc          ] GC(332) Pause Young (Normal) (G1 Evacuation Pause) 710M->103M(1024M) 2.810ms
[2024-02-12T00:20:44.554+0000][7][gc,cpu      ] GC(332) User=0.01s Sys=0.00s Real=0.00s
[2024-02-12T00:20:44.554+0000][7][safepoint   ] Safepoint "G1CollectForAllocation", Time since last: 222154063096 ns, Reaching safepoint: 45332 ns, At safepoint: 2894925 ns, Total: 2940257 ns
[2024-02-12T00:24:03.577+0000][7][safepoint   ] Safepoint "Cleanup", Time since last: 199023151348 ns, Reaching safepoint: 79569 ns, At safepoint: 45019 ns, Total: 124588 ns
[2024-02-12T00:24:20.470+0000][7][gc,start    ] GC(333) Pause Young (Normal) (G1 Evacuation Pause)
[2024-02-12T00:24:20.470+0000][7][gc,task     ] GC(333) Using 8 workers of 8 for evacuation
[2024-02-12T00:24:20.470+0000][7][gc,age      ] GC(333) Desired survivor size 41943040 bytes, new threshold 15 (max threshold 15)
[2024-02-12T00:24:20.472+0000][7][gc,phases   ] GC(333)   Pre Evacuate Collection Set: 0.1ms
[2024-02-12T00:24:20.472+0000][7][gc,phases   ] GC(333)   Merge Heap Roots: 0.1ms
[2024-02-12T00:24:20.472+0000][7][gc,phases   ] GC(333)   Evacuate Collection Set: 1.1ms
[2024-02-12T00:24:20.472+0000][7][gc,phases   ] GC(333)   Post Evacuate Collection Set: 0.6ms
[2024-02-12T00:24:20.473+0000][7][gc,phases   ] GC(333)   Other: 0.1ms
[2024-02-12T00:24:20.473+0000][7][gc,age      ] GC(333) Age table with threshold 15 (max threshold 15)
[2024-02-12T00:24:20.473+0000][7][gc,age      ] GC(333) - age   1:     888760 bytes,     888760 total
[2024-02-12T00:24:20.473+0000][7][gc,age      ] GC(333) - age   2:      11448 bytes,     900208 total
[2024-02-12T00:24:20.473+0000][7][gc,age      ] GC(333) - age   4:        392 bytes,     900600 total
[2024-02-12T00:24:20.473+0000][7][gc,age      ] GC(333) - age   5:        184 bytes,     900784 total
[2024-02-12T00:24:20.473+0000][7][gc,age      ] GC(333) - age   6:       1672 bytes,     902456 total
[2024-02-12T00:24:20.473+0000][7][gc,age      ] GC(333) - age   7:     254104 bytes,    1156560 total
[2024-02-12T00:24:20.473+0000][7][gc,age      ] GC(333) - age   9:        200 bytes,    1156760 total
[2024-02-12T00:24:20.473+0000][7][gc,age      ] GC(333) - age  10:      36448 bytes,    1193208 total
[2024-02-12T00:24:20.473+0000][7][gc,age      ] GC(333) - age  11:     180464 bytes,    1373672 total
[2024-02-12T00:24:20.473+0000][7][gc,age      ] GC(333) - age  13:     109776 bytes,    1483448 total
[2024-02-12T00:24:20.473+0000][7][gc,age      ] GC(333) - age  15:       3584 bytes,    1487032 total
[2024-02-12T00:24:20.473+0000][7][gc,heap     ] GC(333) Eden regions: 152->0(152)
[2024-02-12T00:24:20.473+0000][7][gc,heap     ] GC(333) Survivor regions: 1->1(20)
[2024-02-12T00:24:20.473+0000][7][gc,heap     ] GC(333) Old regions: 25->25
[2024-02-12T00:24:20.473+0000][7][gc,heap     ] GC(333) Archive regions: 2->2
[2024-02-12T00:24:20.473+0000][7][gc,heap     ] GC(333) Humongous regions: 0->0
[2024-02-12T00:24:20.473+0000][7][gc,metaspace] GC(333) Metaspace: 129688K(133376K)->129688K(133376K) NonClass: 112710K(114624K)->112710K(114624K) Class: 16977K(18752K)->16977K(18752K)
[2024-02-12T00:24:20.473+0000][7][gc          ] GC(333) Pause Young (Normal) (G1 Evacuation Pause) 711M->102M(1024M) 2.252ms
[2024-02-12T00:24:20.473+0000][7][gc,cpu      ] GC(333) User=0.01s Sys=0.00s Real=0.00s
[2024-02-12T00:24:20.473+0000][7][safepoint   ] Safepoint "G1CollectForAllocation", Time since last: 16893423817 ns, Reaching safepoint: 58340 ns, At safepoint: 2333485 ns, Total: 2391825 ns
[2024-02-12T00:27:59.421+0000][7][gc,start    ] GC(334) Pause Young (Normal) (G1 Evacuation Pause)
[2024-02-12T00:27:59.421+0000][7][gc,task     ] GC(334) Using 8 workers of 8 for evacuation
[2024-02-12T00:27:59.421+0000][7][gc,age      ] GC(334) Desired survivor size 41943040 bytes, new threshold 15 (max threshold 15)
[2024-02-12T00:27:59.423+0000][7][gc,phases   ] GC(334)   Pre Evacuate Collection Set: 0.1ms
[2024-02-12T00:27:59.423+0000][7][gc,phases   ] GC(334)   Merge Heap Roots: 0.1ms
[2024-02-12T00:27:59.423+0000][7][gc,phases   ] GC(334)   Evacuate Collection Set: 1.0ms
[2024-02-12T00:27:59.423+0000][7][gc,phases   ] GC(334)   Post Evacuate Collection Set: 0.7ms
[2024-02-12T00:27:59.423+0000][7][gc,phases   ] GC(334)   Other: 0.1ms
[2024-02-12T00:27:59.423+0000][7][gc,age      ] GC(334) Age table with threshold 15 (max threshold 15)
[2024-02-12T00:27:59.423+0000][7][gc,age      ] GC(334) - age   1:     401624 bytes,     401624 total
[2024-02-12T00:27:59.423+0000][7][gc,age      ] GC(334) - age   2:       5368 bytes,     406992 total
[2024-02-12T00:27:59.423+0000][7][gc,age      ] GC(334) - age   3:       8616 bytes,     415608 total
[2024-02-12T00:27:59.423+0000][7][gc,age      ] GC(334) - age   6:        184 bytes,     415792 total
[2024-02-12T00:27:59.423+0000][7][gc,age      ] GC(334) - age   7:       1672 bytes,     417464 total
[2024-02-12T00:27:59.423+0000][7][gc,age      ] GC(334) - age   8:     254104 bytes,     671568 total
[2024-02-12T00:27:59.423+0000][7][gc,age      ] GC(334) - age  10:         16 bytes,     671584 total
[2024-02-12T00:27:59.423+0000][7][gc,age      ] GC(334) - age  11:      36448 bytes,     708032 total
[2024-02-12T00:27:59.423+0000][7][gc,age      ] GC(334) - age  12:     180464 bytes,     888496 total
[2024-02-12T00:27:59.423+0000][7][gc,age      ] GC(334) - age  14:     109776 bytes,     998272 total
[2024-02-12T00:27:59.423+0000][7][gc,heap     ] GC(334) Eden regions: 152->0(152)
[2024-02-12T00:27:59.423+0000][7][gc,heap     ] GC(334) Survivor regions: 1->1(20)
[2024-02-12T00:27:59.423+0000][7][gc,heap     ] GC(334) Old regions: 25->25
[2024-02-12T00:27:59.423+0000][7][gc,heap     ] GC(334) Archive regions: 2->2
[2024-02-12T00:27:59.423+0000][7][gc,heap     ] GC(334) Humongous regions: 0->0
[2024-02-12T00:27:59.424+0000][7][gc,metaspace] GC(334) Metaspace: 129688K(133376K)->129688K(133376K) NonClass: 112710K(114624K)->112710K(114624K) Class: 16977K(18752K)->16977K(18752K)
[2024-02-12T00:27:59.424+0000][7][gc          ] GC(334) Pause Young (Normal) (G1 Evacuation Pause) 710M->102M(1024M) 2.195ms
[2024-02-12T00:27:59.424+0000][7][gc,cpu      ] GC(334) User=0.01s Sys=0.00s Real=0.00s
[2024-02-12T00:27:59.424+0000][7][safepoint   ] Safepoint "G1CollectForAllocation", Time since last: 218948575138 ns, Reaching safepoint: 39161 ns, At safepoint: 2276905 ns, Total: 2316066 ns
[2024-02-12T00:31:26.475+0000][7][gc,start    ] GC(335) Pause Young (Normal) (G1 Evacuation Pause)
[2024-02-12T00:31:26.475+0000][7][gc,task     ] GC(335) Using 8 workers of 8 for evacuation
[2024-02-12T00:31:26.475+0000][7][gc,age      ] GC(335) Desired survivor size 41943040 bytes, new threshold 15 (max threshold 15)
[2024-02-12T00:31:26.477+0000][7][gc,phases   ] GC(335)   Pre Evacuate Collection Set: 0.1ms
[2024-02-12T00:31:26.477+0000][7][gc,phases   ] GC(335)   Merge Heap Roots: 0.1ms
[2024-02-12T00:31:26.477+0000][7][gc,phases   ] GC(335)   Evacuate Collection Set: 1.5ms
[2024-02-12T00:31:26.477+0000][7][gc,phases   ] GC(335)   Post Evacuate Collection Set: 0.7ms
[2024-02-12T00:31:26.477+0000][7][gc,phases   ] GC(335)   Other: 0.1ms
[2024-02-12T00:31:26.477+0000][7][gc,age      ] GC(335) Age table with threshold 15 (max threshold 15)
[2024-02-12T00:31:26.477+0000][7][gc,age      ] GC(335) - age   1:    1940472 bytes,    1940472 total
[2024-02-12T00:31:26.477+0000][7][gc,age      ] GC(335) - age   2:       2368 bytes,    1942840 total
[2024-02-12T00:31:26.477+0000][7][gc,age      ] GC(335) - age   3:       3704 bytes,    1946544 total
[2024-02-12T00:31:26.477+0000][7][gc,age      ] GC(335) - age   4:        600 bytes,    1947144 total
[2024-02-12T00:31:26.477+0000][7][gc,age      ] GC(335) - age   7:        184 bytes,    1947328 total
[2024-02-12T00:31:26.477+0000][7][gc,age      ] GC(335) - age   8:       1648 bytes,    1948976 total
[2024-02-12T00:31:26.477+0000][7][gc,age      ] GC(335) - age   9:     215216 bytes,    2164192 total
[2024-02-12T00:31:26.477+0000][7][gc,age      ] GC(335) - age  11:         16 bytes,    2164208 total
[2024-02-12T00:31:26.477+0000][7][gc,age      ] GC(335) - age  12:      36448 bytes,    2200656 total
[2024-02-12T00:31:26.477+0000][7][gc,age      ] GC(335) - age  13:     175712 bytes,    2376368 total
[2024-02-12T00:31:26.477+0000][7][gc,age      ] GC(335) - age  15:     109776 bytes,    2486144 total
[2024-02-12T00:31:26.477+0000][7][gc,heap     ] GC(335) Eden regions: 152->0(152)
[2024-02-12T00:31:26.477+0000][7][gc,heap     ] GC(335) Survivor regions: 1->1(20)
[2024-02-12T00:31:26.477+0000][7][gc,heap     ] GC(335) Old regions: 25->25
[2024-02-12T00:31:26.477+0000][7][gc,heap     ] GC(335) Archive regions: 2->2
[2024-02-12T00:31:26.477+0000][7][gc,heap     ] GC(335) Humongous regions: 0->0
[2024-02-12T00:31:26.477+0000][7][gc,metaspace] GC(335) Metaspace: 129689K(133376K)->129689K(133376K) NonClass: 112711K(114624K)->112711K(114624K) Class: 16977K(18752K)->16977K(18752K)
[2024-02-12T00:31:26.477+0000][7][gc          ] GC(335) Pause Young (Normal) (G1 Evacuation Pause) 710M->103M(1024M) 2.652ms
[2024-02-12T00:31:26.477+0000][7][gc,cpu      ] GC(335) User=0.01s Sys=0.00s Real=0.01s
[2024-02-12T00:31:26.477+0000][7][safepoint   ] Safepoint "G1CollectForAllocation", Time since last: 207050997396 ns, Reaching safepoint: 95314 ns, At safepoint: 2741058 ns, Total: 2836372 ns
[2024-02-12T00:35:09.300+0000][7][gc,start    ] GC(336) Pause Young (Normal) (G1 Evacuation Pause)
[2024-02-12T00:35:09.300+0000][7][gc,task     ] GC(336) Using 8 workers of 8 for evacuation
[2024-02-12T00:35:09.300+0000][7][gc,age      ] GC(336) Desired survivor size 41943040 bytes, new threshold 15 (max threshold 15)
[2024-02-12T00:35:09.303+0000][7][gc,phases   ] GC(336)   Pre Evacuate Collection Set: 0.1ms
[2024-02-12T00:35:09.303+0000][7][gc,phases   ] GC(336)   Merge Heap Roots: 0.1ms
[2024-02-12T00:35:09.303+0000][7][gc,phases   ] GC(336)   Evacuate Collection Set: 1.3ms
[2024-02-12T00:35:09.303+0000][7][gc,phases   ] GC(336)   Post Evacuate Collection Set: 0.8ms
[2024-02-12T00:35:09.303+0000][7][gc,phases   ] GC(336)   Other: 0.1ms
[2024-02-12T00:35:09.303+0000][7][gc,age      ] GC(336) Age table with threshold 15 (max threshold 15)
[2024-02-12T00:35:09.303+0000][7][gc,age      ] GC(336) - age   1:     794432 bytes,     794432 total
[2024-02-12T00:35:09.303+0000][7][gc,age      ] GC(336) - age   2:     218112 bytes,    1012544 total
[2024-02-12T00:35:09.303+0000][7][gc,age      ] GC(336) - age   3:       1112 bytes,    1013656 total
[2024-02-12T00:35:09.303+0000][7][gc,age      ] GC(336) - age   4:        184 bytes,    1013840 total
[2024-02-12T00:35:09.303+0000][7][gc,age      ] GC(336) - age   5:        600 bytes,    1014440 total
[2024-02-12T00:35:09.303+0000][7][gc,age      ] GC(336) - age   8:        184 bytes,    1014624 total
[2024-02-12T00:35:09.303+0000][7][gc,age      ] GC(336) - age   9:       1464 bytes,    1016088 total
[2024-02-12T00:35:09.303+0000][7][gc,age      ] GC(336) - age  10:     215216 bytes,    1231304 total
[2024-02-12T00:35:09.303+0000][7][gc,age      ] GC(336) - age  12:         16 bytes,    1231320 total
[2024-02-12T00:35:09.303+0000][7][gc,age      ] GC(336) - age  13:      36448 bytes,    1267768 total
[2024-02-12T00:35:09.303+0000][7][gc,age      ] GC(336) - age  14:     175712 bytes,    1443480 total
[2024-02-12T00:35:09.303+0000][7][gc,heap     ] GC(336) Eden regions: 152->0(152)
[2024-02-12T00:35:09.303+0000][7][gc,heap     ] GC(336) Survivor regions: 1->1(20)
[2024-02-12T00:35:09.303+0000][7][gc,heap     ] GC(336) Old regions: 25->25
[2024-02-12T00:35:09.303+0000][7][gc,heap     ] GC(336) Archive regions: 2->2
[2024-02-12T00:35:09.303+0000][7][gc,heap     ] GC(336) Humongous regions: 0->0
[2024-02-12T00:35:09.303+0000][7][gc,metaspace] GC(336) Metaspace: 129689K(133376K)->129689K(133376K) NonClass: 112711K(114624K)->112711K(114624K) Class: 16977K(18752K)->16977K(18752K)
[2024-02-12T00:35:09.303+0000][7][gc          ] GC(336) Pause Young (Normal) (G1 Evacuation Pause) 711M->103M(1024M) 2.650ms
[2024-02-12T00:35:09.303+0000][7][gc,cpu      ] GC(336) User=0.01s Sys=0.00s Real=0.00s
[2024-02-12T00:35:09.303+0000][7][safepoint   ] Safepoint "G1CollectForAllocation", Time since last: 222822513169 ns, Reaching safepoint: 81903 ns, At safepoint: 2757753 ns, Total: 2839656 ns
[2024-02-12T00:38:26.472+0000][7][gc,start    ] GC(337) Pause Young (Normal) (G1 Evacuation Pause)
[2024-02-12T00:38:26.472+0000][7][gc,task     ] GC(337) Using 8 workers of 8 for evacuation
[2024-02-12T00:38:26.472+0000][7][gc,age      ] GC(337) Desired survivor size 41943040 bytes, new threshold 15 (max threshold 15)
[2024-02-12T00:38:26.477+0000][7][gc,phases   ] GC(337)   Pre Evacuate Collection Set: 0.1ms
[2024-02-12T00:38:26.477+0000][7][gc,phases   ] GC(337)   Merge Heap Roots: 0.1ms
[2024-02-12T00:38:26.477+0000][7][gc,phases   ] GC(337)   Evacuate Collection Set: 3.3ms
[2024-02-12T00:38:26.477+0000][7][gc,phases   ] GC(337)   Post Evacuate Collection Set: 1.1ms
[2024-02-12T00:38:26.477+0000][7][gc,phases   ] GC(337)   Other: 0.1ms
[2024-02-12T00:38:26.477+0000][7][gc,age      ] GC(337) Age table with threshold 15 (max threshold 15)
[2024-02-12T00:38:26.477+0000][7][gc,age      ] GC(337) - age   1:    1208616 bytes,    1208616 total
[2024-02-12T00:38:26.477+0000][7][gc,age      ] GC(337) - age   2:      12800 bytes,    1221416 total
[2024-02-12T00:38:26.477+0000][7][gc,age      ] GC(337) - age   3:     208600 bytes,    1430016 total
[2024-02-12T00:38:26.477+0000][7][gc,age      ] GC(337) - age   4:        424 bytes,    1430440 total
[2024-02-12T00:38:26.477+0000][7][gc,age      ] GC(337) - age   6:        568 bytes,    1431008 total
[2024-02-12T00:38:26.477+0000][7][gc,age      ] GC(337) - age   9:        184 bytes,    1431192 total
[2024-02-12T00:38:26.477+0000][7][gc,age      ] GC(337) - age  10:       1464 bytes,    1432656 total
[2024-02-12T00:38:26.477+0000][7][gc,age      ] GC(337) - age  11:     215184 bytes,    1647840 total
[2024-02-12T00:38:26.477+0000][7][gc,age      ] GC(337) - age  13:         16 bytes,    1647856 total
[2024-02-12T00:38:26.477+0000][7][gc,age      ] GC(337) - age  14:      36448 bytes,    1684304 total
[2024-02-12T00:38:26.477+0000][7][gc,age      ] GC(337) - age  15:     175712 bytes,    1860016 total
[2024-02-12T00:38:26.477+0000][7][gc,heap     ] GC(337) Eden regions: 152->0(152)
[2024-02-12T00:38:26.477+0000][7][gc,heap     ] GC(337) Survivor regions: 1->1(20)
[2024-02-12T00:38:26.477+0000][7][gc,heap     ] GC(337) Old regions: 25->25
[2024-02-12T00:38:26.477+0000][7][gc,heap     ] GC(337) Archive regions: 2->2
[2024-02-12T00:38:26.477+0000][7][gc,heap     ] GC(337) Humongous regions: 0->0
[2024-02-12T00:38:26.477+0000][7][gc,metaspace] GC(337) Metaspace: 129689K(133376K)->129689K(133376K) NonClass: 112711K(114624K)->112711K(114624K) Class: 16977K(18752K)->16977K(18752K)
[2024-02-12T00:38:26.477+0000][7][gc          ] GC(337) Pause Young (Normal) (G1 Evacuation Pause) 711M->103M(1024M) 5.150ms
[2024-02-12T00:38:26.477+0000][7][gc,cpu      ] GC(337) User=0.01s Sys=0.00s Real=0.01s
[2024-02-12T00:38:26.477+0000][7][safepoint   ] Safepoint "G1CollectForAllocation", Time since last: 197169057167 ns, Reaching safepoint: 138950 ns, At safepoint: 5254359 ns, Total: 5393309 ns
[2024-02-12T00:41:44.505+0000][7][gc,start    ] GC(338) Pause Young (Normal) (G1 Evacuation Pause)
[2024-02-12T00:41:44.505+0000][7][gc,task     ] GC(338) Using 8 workers of 8 for evacuation
[2024-02-12T00:41:44.505+0000][7][gc,age      ] GC(338) Desired survivor size 41943040 bytes, new threshold 15 (max threshold 15)
[2024-02-12T00:41:44.507+0000][7][gc,phases   ] GC(338)   Pre Evacuate Collection Set: 0.1ms
[2024-02-12T00:41:44.507+0000][7][gc,phases   ] GC(338)   Merge Heap Roots: 0.0ms
[2024-02-12T00:41:44.507+0000][7][gc,phases   ] GC(338)   Evacuate Collection Set: 1.1ms
[2024-02-12T00:41:44.507+0000][7][gc,phases   ] GC(338)   Post Evacuate Collection Set: 0.6ms
[2024-02-12T00:41:44.507+0000][7][gc,phases   ] GC(338)   Other: 0.1ms
[2024-02-12T00:41:44.507+0000][7][gc,age      ] GC(338) Age table with threshold 15 (max threshold 15)
[2024-02-12T00:41:44.507+0000][7][gc,age      ] GC(338) - age   1:    1272176 bytes,    1272176 total
[2024-02-12T00:41:44.507+0000][7][gc,age      ] GC(338) - age   2:       3608 bytes,    1275784 total
[2024-02-12T00:41:44.507+0000][7][gc,age      ] GC(338) - age   3:        248 bytes,    1276032 total
[2024-02-12T00:41:44.507+0000][7][gc,age      ] GC(338) - age   4:     208224 bytes,    1484256 total
[2024-02-12T00:41:44.507+0000][7][gc,age      ] GC(338) - age   5:         32 bytes,    1484288 total
[2024-02-12T00:41:44.507+0000][7][gc,age      ] GC(338) - age   7:        184 bytes,    1484472 total
[2024-02-12T00:41:44.507+0000][7][gc,age      ] GC(338) - age  10:        184 bytes,    1484656 total
[2024-02-12T00:41:44.507+0000][7][gc,age      ] GC(338) - age  11:       1464 bytes,    1486120 total
[2024-02-12T00:41:44.507+0000][7][gc,age      ] GC(338) - age  12:     215184 bytes,    1701304 total
[2024-02-12T00:41:44.507+0000][7][gc,age      ] GC(338) - age  14:         16 bytes,    1701320 total
[2024-02-12T00:41:44.507+0000][7][gc,age      ] GC(338) - age  15:      36448 bytes,    1737768 total
[2024-02-12T00:41:44.507+0000][7][gc,heap     ] GC(338) Eden regions: 152->0(152)
[2024-02-12T00:41:44.507+0000][7][gc,heap     ] GC(338) Survivor regions: 1->1(20)
[2024-02-12T00:41:44.507+0000][7][gc,heap     ] GC(338) Old regions: 25->25
[2024-02-12T00:41:44.507+0000][7][gc,heap     ] GC(338) Archive regions: 2->2
[2024-02-12T00:41:44.507+0000][7][gc,heap     ] GC(338) Humongous regions: 0->0
[2024-02-12T00:41:44.507+0000][7][gc,metaspace] GC(338) Metaspace: 129689K(133376K)->129689K(133376K) NonClass: 112711K(114624K)->112711K(114624K) Class: 16977K(18752K)->16977K(18752K)
[2024-02-12T00:41:44.507+0000][7][gc          ] GC(338) Pause Young (Normal) (G1 Evacuation Pause) 711M->103M(1024M) 2.043ms
[2024-02-12T00:41:44.507+0000][7][gc,cpu      ] GC(338) User=0.00s Sys=0.00s Real=0.00s
[2024-02-12T00:41:44.507+0000][7][safepoint   ] Safepoint "G1CollectForAllocation", Time since last: 198027643815 ns, Reaching safepoint: 29864 ns, At safepoint: 2115346 ns, Total: 2145210 ns
[2024-02-12T00:42:33.512+0000][7][safepoint   ] Safepoint "Cleanup", Time since last: 49005327608 ns, Reaching safepoint: 79152 ns, At safepoint: 37077 ns, Total: 116229 ns
[2024-02-12T00:43:38.520+0000][7][safepoint   ] Safepoint "Cleanup", Time since last: 65007731723 ns, Reaching safepoint: 123464 ns, At safepoint: 8778 ns, Total: 132242 ns
[2024-02-12T00:45:11.492+0000][7][gc,start    ] GC(339) Pause Young (Normal) (G1 Evacuation Pause)
[2024-02-12T00:45:11.492+0000][7][gc,task     ] GC(339) Using 8 workers of 8 for evacuation
[2024-02-12T00:45:11.492+0000][7][gc,age      ] GC(339) Desired survivor size 41943040 bytes, new threshold 15 (max threshold 15)
[2024-02-12T00:45:11.495+0000][7][gc,phases   ] GC(339)   Pre Evacuate Collection Set: 0.1ms
[2024-02-12T00:45:11.495+0000][7][gc,phases   ] GC(339)   Merge Heap Roots: 0.1ms
[2024-02-12T00:45:11.495+0000][7][gc,phases   ] GC(339)   Evacuate Collection Set: 1.4ms
[2024-02-12T00:45:11.495+0000][7][gc,phases   ] GC(339)   Post Evacuate Collection Set: 0.8ms
[2024-02-12T00:45:11.495+0000][7][gc,phases   ] GC(339)   Other: 0.1ms
[2024-02-12T00:45:11.495+0000][7][gc,age      ] GC(339) Age table with threshold 15 (max threshold 15)
[2024-02-12T00:45:11.495+0000][7][gc,age      ] GC(339) - age   1:    1178568 bytes,    1178568 total
[2024-02-12T00:45:11.495+0000][7][gc,age      ] GC(339) - age   2:      15144 bytes,    1193712 total
[2024-02-12T00:45:11.495+0000][7][gc,age      ] GC(339) - age   3:       1088 bytes,    1194800 total
[2024-02-12T00:45:11.495+0000][7][gc,age      ] GC(339) - age   4:        184 bytes,    1194984 total
[2024-02-12T00:45:11.495+0000][7][gc,age      ] GC(339) - age   5:     208224 bytes,    1403208 total
[2024-02-12T00:45:11.495+0000][7][gc,age      ] GC(339) - age   6:         32 bytes,    1403240 total
[2024-02-12T00:45:11.495+0000][7][gc,age      ] GC(339) - age   8:        184 bytes,    1403424 total
[2024-02-12T00:45:11.495+0000][7][gc,age      ] GC(339) - age  11:        184 bytes,    1403608 total
[2024-02-12T00:45:11.495+0000][7][gc,age      ] GC(339) - age  12:       1464 bytes,    1405072 total
[2024-02-12T00:45:11.495+0000][7][gc,age      ] GC(339) - age  13:     200600 bytes,    1605672 total
[2024-02-12T00:45:11.495+0000][7][gc,age      ] GC(339) - age  15:         16 bytes,    1605688 total
[2024-02-12T00:45:11.495+0000][7][gc,heap     ] GC(339) Eden regions: 152->0(152)
[2024-02-12T00:45:11.495+0000][7][gc,heap     ] GC(339) Survivor regions: 1->1(20)
[2024-02-12T00:45:11.495+0000][7][gc,heap     ] GC(339) Old regions: 25->25
[2024-02-12T00:45:11.495+0000][7][gc,heap     ] GC(339) Archive regions: 2->2
[2024-02-12T00:45:11.495+0000][7][gc,heap     ] GC(339) Humongous regions: 0->0
[2024-02-12T00:45:11.495+0000][7][gc,metaspace] GC(339) Metaspace: 129689K(133376K)->129689K(133376K) NonClass: 112711K(114624K)->112711K(114624K) Class: 16977K(18752K)->16977K(18752K)
[2024-02-12T00:45:11.495+0000][7][gc          ] GC(339) Pause Young (Normal) (G1 Evacuation Pause) 711M->103M(1024M) 2.846ms
[2024-02-12T00:45:11.495+0000][7][gc,cpu      ] GC(339) User=0.01s Sys=0.01s Real=0.00s
[2024-02-12T00:45:11.495+0000][7][safepoint   ] Safepoint "G1CollectForAllocation", Time since last: 92971558206 ns, Reaching safepoint: 68372 ns, At safepoint: 2944988 ns, Total: 3013360 ns
[2024-02-12T00:47:33.511+0000][7][safepoint   ] Safepoint "Cleanup", Time since last: 142016325049 ns, Reaching safepoint: 80492 ns, At safepoint: 7184 ns, Total: 87676 ns
[2024-02-12T00:48:45.256+0000][7][gc,start    ] GC(340) Pause Young (Normal) (G1 Evacuation Pause)
[2024-02-12T00:48:45.256+0000][7][gc,task     ] GC(340) Using 8 workers of 8 for evacuation
[2024-02-12T00:48:45.256+0000][7][gc,age      ] GC(340) Desired survivor size 41943040 bytes, new threshold 15 (max threshold 15)
[2024-02-12T00:48:45.259+0000][7][gc,phases   ] GC(340)   Pre Evacuate Collection Set: 0.1ms
[2024-02-12T00:48:45.259+0000][7][gc,phases   ] GC(340)   Merge Heap Roots: 0.1ms
[2024-02-12T00:48:45.259+0000][7][gc,phases   ] GC(340)   Evacuate Collection Set: 1.4ms
[2024-02-12T00:48:45.259+0000][7][gc,phases   ] GC(340)   Post Evacuate Collection Set: 0.7ms
[2024-02-12T00:48:45.259+0000][7][gc,phases   ] GC(340)   Other: 0.1ms
[2024-02-12T00:48:45.259+0000][7][gc,age      ] GC(340) Age table with threshold 15 (max threshold 15)
[2024-02-12T00:48:45.259+0000][7][gc,age      ] GC(340) - age   1:    1830832 bytes,    1830832 total
[2024-02-12T00:48:45.259+0000][7][gc,age      ] GC(340) - age   2:     115104 bytes,    1945936 total
[2024-02-12T00:48:45.259+0000][7][gc,age      ] GC(340) - age   3:      12824 bytes,    1958760 total
[2024-02-12T00:48:45.259+0000][7][gc,age      ] GC(340) - age   4:        216 bytes,    1958976 total
[2024-02-12T00:48:45.259+0000][7][gc,age      ] GC(340) - age   5:        184 bytes,    1959160 total
[2024-02-12T00:48:45.259+0000][7][gc,age      ] GC(340) - age   6:     200208 bytes,    2159368 total
[2024-02-12T00:48:45.259+0000][7][gc,age      ] GC(340) - age   9:        184 bytes,    2159552 total
[2024-02-12T00:48:45.259+0000][7][gc,age      ] GC(340) - age  13:       1464 bytes,    2161016 total
[2024-02-12T00:48:45.259+0000][7][gc,age      ] GC(340) - age  14:     200416 bytes,    2361432 total
[2024-02-12T00:48:45.259+0000][7][gc,heap     ] GC(340) Eden regions: 152->0(152)
[2024-02-12T00:48:45.259+0000][7][gc,heap     ] GC(340) Survivor regions: 1->1(20)
[2024-02-12T00:48:45.259+0000][7][gc,heap     ] GC(340) Old regions: 25->25
[2024-02-12T00:48:45.259+0000][7][gc,heap     ] GC(340) Archive regions: 2->2
[2024-02-12T00:48:45.259+0000][7][gc,heap     ] GC(340) Humongous regions: 0->0
[2024-02-12T00:48:45.259+0000][7][gc,metaspace] GC(340) Metaspace: 129691K(133376K)->129691K(133376K) NonClass: 112713K(114624K)->112713K(114624K) Class: 16977K(18752K)->16977K(18752K)
[2024-02-12T00:48:45.259+0000][7][gc          ] GC(340) Pause Young (Normal) (G1 Evacuation Pause) 711M->104M(1024M) 2.571ms
[2024-02-12T00:48:45.259+0000][7][gc,cpu      ] GC(340) User=0.01s Sys=0.01s Real=0.00s
[2024-02-12T00:48:45.259+0000][7][safepoint   ] Safepoint "G1CollectForAllocation", Time since last: 71745046871 ns, Reaching safepoint: 44050 ns, At safepoint: 2647245 ns, Total: 2691295 ns
[2024-02-12T00:52:20.569+0000][7][gc,start    ] GC(341) Pause Young (Normal) (G1 Evacuation Pause)
[2024-02-12T00:52:20.569+0000][7][gc,task     ] GC(341) Using 8 workers of 8 for evacuation
[2024-02-12T00:52:20.569+0000][7][gc,age      ] GC(341) Desired survivor size 41943040 bytes, new threshold 15 (max threshold 15)
[2024-02-12T00:52:20.571+0000][7][gc,phases   ] GC(341)   Pre Evacuate Collection Set: 0.1ms
[2024-02-12T00:52:20.571+0000][7][gc,phases   ] GC(341)   Merge Heap Roots: 0.1ms
[2024-02-12T00:52:20.571+0000][7][gc,phases   ] GC(341)   Evacuate Collection Set: 1.2ms
[2024-02-12T00:52:20.571+0000][7][gc,phases   ] GC(341)   Post Evacuate Collection Set: 0.7ms
[2024-02-12T00:52:20.571+0000][7][gc,phases   ] GC(341)   Other: 0.1ms
[2024-02-12T00:52:20.571+0000][7][gc,age      ] GC(341) Age table with threshold 15 (max threshold 15)
[2024-02-12T00:52:20.571+0000][7][gc,age      ] GC(341) - age   1:    1268632 bytes,    1268632 total
[2024-02-12T00:52:20.571+0000][7][gc,age      ] GC(341) - age   2:     163984 bytes,    1432616 total
[2024-02-12T00:52:20.571+0000][7][gc,age      ] GC(341) - age   3:     105024 bytes,    1537640 total
[2024-02-12T00:52:20.571+0000][7][gc,age      ] GC(341) - age   4:       9368 bytes,    1547008 total
[2024-02-12T00:52:20.571+0000][7][gc,age      ] GC(341) - age   5:        216 bytes,    1547224 total
[2024-02-12T00:52:20.571+0000][7][gc,age      ] GC(341) - age   6:        184 bytes,    1547408 total
[2024-02-12T00:52:20.571+0000][7][gc,age      ] GC(341) - age   7:     200208 bytes,    1747616 total
[2024-02-12T00:52:20.571+0000][7][gc,age      ] GC(341) - age  14:       1464 bytes,    1749080 total
[2024-02-12T00:52:20.571+0000][7][gc,age      ] GC(341) - age  15:     200416 bytes,    1949496 total
[2024-02-12T00:52:20.571+0000][7][gc,heap     ] GC(341) Eden regions: 152->0(152)
[2024-02-12T00:52:20.571+0000][7][gc,heap     ] GC(341) Survivor regions: 1->1(20)
[2024-02-12T00:52:20.571+0000][7][gc,heap     ] GC(341) Old regions: 25->25
[2024-02-12T00:52:20.571+0000][7][gc,heap     ] GC(341) Archive regions: 2->2
[2024-02-12T00:52:20.571+0000][7][gc,heap     ] GC(341) Humongous regions: 0->0
[2024-02-12T00:52:20.571+0000][7][gc,metaspace] GC(341) Metaspace: 129691K(133376K)->129691K(133376K) NonClass: 112713K(114624K)->112713K(114624K) Class: 16977K(18752K)->16977K(18752K)
[2024-02-12T00:52:20.571+0000][7][gc          ] GC(341) Pause Young (Normal) (G1 Evacuation Pause) 712M->103M(1024M) 2.407ms
[2024-02-12T00:52:20.571+0000][7][gc,cpu      ] GC(341) User=0.01s Sys=0.00s Real=0.00s
[2024-02-12T00:52:20.571+0000][7][safepoint   ] Safepoint "G1CollectForAllocation", Time since last: 215309564329 ns, Reaching safepoint: 50532 ns, At safepoint: 2487826 ns, Total: 2538358 ns
[2024-02-12T00:55:56.609+0000][7][gc,start    ] GC(342) Pause Young (Normal) (G1 Evacuation Pause)
[2024-02-12T00:55:56.609+0000][7][gc,task     ] GC(342) Using 8 workers of 8 for evacuation
[2024-02-12T00:55:56.609+0000][7][gc,age      ] GC(342) Desired survivor size 41943040 bytes, new threshold 15 (max threshold 15)
[2024-02-12T00:55:56.611+0000][7][gc,phases   ] GC(342)   Pre Evacuate Collection Set: 0.1ms
[2024-02-12T00:55:56.611+0000][7][gc,phases   ] GC(342)   Merge Heap Roots: 0.1ms
[2024-02-12T00:55:56.611+0000][7][gc,phases   ] GC(342)   Evacuate Collection Set: 1.3ms
[2024-02-12T00:55:56.611+0000][7][gc,phases   ] GC(342)   Post Evacuate Collection Set: 0.6ms
[2024-02-12T00:55:56.611+0000][7][gc,phases   ] GC(342)   Other: 0.1ms
[2024-02-12T00:55:56.611+0000][7][gc,age      ] GC(342) Age table with threshold 15 (max threshold 15)
[2024-02-12T00:55:56.611+0000][7][gc,age      ] GC(342) - age   1:    1560376 bytes,    1560376 total
[2024-02-12T00:55:56.611+0000][7][gc,age      ] GC(342) - age   2:      82384 bytes,    1642760 total
[2024-02-12T00:55:56.611+0000][7][gc,age      ] GC(342) - age   3:     154040 bytes,    1796800 total
[2024-02-12T00:55:56.611+0000][7][gc,age      ] GC(342) - age   4:     104896 bytes,    1901696 total
[2024-02-12T00:55:56.611+0000][7][gc,age      ] GC(342) - age   5:       9184 bytes,    1910880 total
[2024-02-12T00:55:56.611+0000][7][gc,age      ] GC(342) - age   6:        216 bytes,    1911096 total
[2024-02-12T00:55:56.611+0000][7][gc,age      ] GC(342) - age   7:        184 bytes,    1911280 total
[2024-02-12T00:55:56.611+0000][7][gc,age      ] GC(342) - age   8:     200208 bytes,    2111488 total
[2024-02-12T00:55:56.611+0000][7][gc,age      ] GC(342) - age  15:       1464 bytes,    2112952 total
[2024-02-12T00:55:56.611+0000][7][gc,heap     ] GC(342) Eden regions: 152->0(152)
[2024-02-12T00:55:56.611+0000][7][gc,heap     ] GC(342) Survivor regions: 1->1(20)
[2024-02-12T00:55:56.611+0000][7][gc,heap     ] GC(342) Old regions: 25->25
[2024-02-12T00:55:56.611+0000][7][gc,heap     ] GC(342) Archive regions: 2->2
[2024-02-12T00:55:56.611+0000][7][gc,heap     ] GC(342) Humongous regions: 0->0
[2024-02-12T00:55:56.611+0000][7][gc,metaspace] GC(342) Metaspace: 129691K(133376K)->129691K(133376K) NonClass: 112713K(114624K)->112713K(114624K) Class: 16977K(18752K)->16977K(18752K)
[2024-02-12T00:55:56.611+0000][7][gc          ] GC(342) Pause Young (Normal) (G1 Evacuation Pause) 711M->104M(1024M) 2.444ms
[2024-02-12T00:55:56.611+0000][7][gc,cpu      ] GC(342) User=0.01s Sys=0.00s Real=0.00s
[2024-02-12T00:55:56.611+0000][7][safepoint   ] Safepoint "G1CollectForAllocation", Time since last: 216037418639 ns, Reaching safepoint: 35418 ns, At safepoint: 2526459 ns, Total: 2561877 ns
[2024-02-12T00:59:32.557+0000][7][gc,start    ] GC(343) Pause Young (Normal) (G1 Evacuation Pause)
[2024-02-12T00:59:32.557+0000][7][gc,task     ] GC(343) Using 8 workers of 8 for evacuation
[2024-02-12T00:59:32.557+0000][7][gc,age      ] GC(343) Desired survivor size 41943040 bytes, new threshold 15 (max threshold 15)
[2024-02-12T00:59:32.559+0000][7][gc,phases   ] GC(343)   Pre Evacuate Collection Set: 0.1ms
[2024-02-12T00:59:32.560+0000][7][gc,phases   ] GC(343)   Merge Heap Roots: 0.1ms
[2024-02-12T00:59:32.560+0000][7][gc,phases   ] GC(343)   Evacuate Collection Set: 1.3ms
[2024-02-12T00:59:32.560+0000][7][gc,phases   ] GC(343)   Post Evacuate Collection Set: 0.6ms
[2024-02-12T00:59:32.560+0000][7][gc,phases   ] GC(343)   Other: 0.1ms
[2024-02-12T00:59:32.560+0000][7][gc,age      ] GC(343) Age table with threshold 15 (max threshold 15)
[2024-02-12T00:59:32.560+0000][7][gc,age      ] GC(343) - age   1:     921992 bytes,     921992 total
[2024-02-12T00:59:32.560+0000][7][gc,age      ] GC(343) - age   2:       8968 bytes,     930960 total
[2024-02-12T00:59:32.560+0000][7][gc,age      ] GC(343) - age   3:      80808 bytes,    1011768 total
[2024-02-12T00:59:32.560+0000][7][gc,age      ] GC(343) - age   4:     153040 bytes,    1164808 total
[2024-02-12T00:59:32.560+0000][7][gc,age      ] GC(343) - age   5:     104896 bytes,    1269704 total
[2024-02-12T00:59:32.560+0000][7][gc,age      ] GC(343) - age   6:        392 bytes,    1270096 total
[2024-02-12T00:59:32.560+0000][7][gc,age      ] GC(343) - age   7:        216 bytes,    1270312 total
[2024-02-12T00:59:32.560+0000][7][gc,age      ] GC(343) - age   8:        184 bytes,    1270496 total
[2024-02-12T00:59:32.560+0000][7][gc,age      ] GC(343) - age   9:     200208 bytes,    1470704 total
[2024-02-12T00:59:32.560+0000][7][gc,heap     ] GC(343) Eden regions: 152->0(152)
[2024-02-12T00:59:32.560+0000][7][gc,heap     ] GC(343) Survivor regions: 1->1(20)
[2024-02-12T00:59:32.560+0000][7][gc,heap     ] GC(343) Old regions: 25->25
[2024-02-12T00:59:32.560+0000][7][gc,heap     ] GC(343) Archive regions: 2->2
[2024-02-12T00:59:32.560+0000][7][gc,heap     ] GC(343) Humongous regions: 0->0
[2024-02-12T00:59:32.560+0000][7][gc,metaspace] GC(343) Metaspace: 129694K(133376K)->129694K(133376K) NonClass: 112716K(114624K)->112716K(114624K) Class: 16977K(18752K)->16977K(18752K)
[2024-02-12T00:59:32.560+0000][7][gc          ] GC(343) Pause Young (Normal) (G1 Evacuation Pause) 712M->103M(1024M) 2.447ms
[2024-02-12T00:59:32.560+0000][7][gc,cpu      ] GC(343) User=0.01s Sys=0.00s Real=0.00s
[2024-02-12T00:59:32.560+0000][7][safepoint   ] Safepoint "G1CollectForAllocation", Time since last: 215946049530 ns, Reaching safepoint: 32859 ns, At safepoint: 2531494 ns, Total: 2564353 ns
[2024-02-12T01:02:56.682+0000][7][gc,start    ] GC(344) Pause Young (Normal) (G1 Evacuation Pause)
[2024-02-12T01:02:56.682+0000][7][gc,task     ] GC(344) Using 8 workers of 8 for evacuation
[2024-02-12T01:02:56.682+0000][7][gc,age      ] GC(344) Desired survivor size 41943040 bytes, new threshold 15 (max threshold 15)
[2024-02-12T01:02:56.683+0000][7][gc,phases   ] GC(344)   Pre Evacuate Collection Set: 0.1ms
[2024-02-12T01:02:56.683+0000][7][gc,phases   ] GC(344)   Merge Heap Roots: 0.0ms
[2024-02-12T01:02:56.683+0000][7][gc,phases   ] GC(344)   Evacuate Collection Set: 0.7ms
[2024-02-12T01:02:56.683+0000][7][gc,phases   ] GC(344)   Post Evacuate Collection Set: 0.5ms
[2024-02-12T01:02:56.683+0000][7][gc,phases   ] GC(344)   Other: 0.1ms
[2024-02-12T01:02:56.683+0000][7][gc,age      ] GC(344) Age table with threshold 15 (max threshold 15)
[2024-02-12T01:02:56.683+0000][7][gc,age      ] GC(344) - age   1:     807096 bytes,     807096 total
[2024-02-12T01:02:56.683+0000][7][gc,age      ] GC(344) - age   2:      13328 bytes,     820424 total
[2024-02-12T01:02:56.683+0000][7][gc,age      ] GC(344) - age   3:       7232 bytes,     827656 total
[2024-02-12T01:02:56.683+0000][7][gc,age      ] GC(344) - age   4:      77104 bytes,     904760 total
[2024-02-12T01:02:56.683+0000][7][gc,age      ] GC(344) - age   5:     153040 bytes,    1057800 total
[2024-02-12T01:02:56.683+0000][7][gc,age      ] GC(344) - age   6:     104896 bytes,    1162696 total
[2024-02-12T01:02:56.683+0000][7][gc,age      ] GC(344) - age   7:        392 bytes,    1163088 total
[2024-02-12T01:02:56.683+0000][7][gc,age      ] GC(344) - age   8:         32 bytes,    1163120 total
[2024-02-12T01:02:56.683+0000][7][gc,age      ] GC(344) - age   9:        184 bytes,    1163304 total
[2024-02-12T01:02:56.683+0000][7][gc,age      ] GC(344) - age  10:     200208 bytes,    1363512 total
[2024-02-12T01:02:56.683+0000][7][gc,heap     ] GC(344) Eden regions: 152->0(152)
[2024-02-12T01:02:56.683+0000][7][gc,heap     ] GC(344) Survivor regions: 1->1(20)
[2024-02-12T01:02:56.683+0000][7][gc,heap     ] GC(344) Old regions: 25->25
[2024-02-12T01:02:56.683+0000][7][gc,heap     ] GC(344) Archive regions: 2->2
[2024-02-12T01:02:56.683+0000][7][gc,heap     ] GC(344) Humongous regions: 0->0
[2024-02-12T01:02:56.683+0000][7][gc,metaspace] GC(344) Metaspace: 129694K(133376K)->129694K(133376K) NonClass: 112716K(114624K)->112716K(114624K) Class: 16977K(18752K)->16977K(18752K)
[2024-02-12T01:02:56.683+0000][7][gc          ] GC(344) Pause Young (Normal) (G1 Evacuation Pause) 711M->103M(1024M) 1.553ms
[2024-02-12T01:02:56.683+0000][7][gc,cpu      ] GC(344) User=0.01s Sys=0.00s Real=0.00s
[2024-02-12T01:02:56.683+0000][7][safepoint   ] Safepoint "G1CollectForAllocation", Time since last: 204121910652 ns, Reaching safepoint: 50608 ns, At safepoint: 1620732 ns, Total: 1671340 ns
[2024-02-12T01:06:38.653+0000][7][gc,start    ] GC(345) Pause Young (Normal) (G1 Evacuation Pause)
[2024-02-12T01:06:38.653+0000][7][gc,task     ] GC(345) Using 8 workers of 8 for evacuation
[2024-02-12T01:06:38.653+0000][7][gc,age      ] GC(345) Desired survivor size 41943040 bytes, new threshold 15 (max threshold 15)
[2024-02-12T01:06:38.656+0000][7][gc,phases   ] GC(345)   Pre Evacuate Collection Set: 0.1ms
[2024-02-12T01:06:38.656+0000][7][gc,phases   ] GC(345)   Merge Heap Roots: 0.1ms
[2024-02-12T01:06:38.656+0000][7][gc,phases   ] GC(345)   Evacuate Collection Set: 1.2ms
[2024-02-12T01:06:38.656+0000][7][gc,phases   ] GC(345)   Post Evacuate Collection Set: 0.7ms
[2024-02-12T01:06:38.656+0000][7][gc,phases   ] GC(345)   Other: 0.1ms
[2024-02-12T01:06:38.656+0000][7][gc,age      ] GC(345) Age table with threshold 15 (max threshold 15)
[2024-02-12T01:06:38.656+0000][7][gc,age      ] GC(345) - age   1:     953632 bytes,     953632 total
[2024-02-12T01:06:38.656+0000][7][gc,age      ] GC(345) - age   2:       8560 bytes,     962192 total
[2024-02-12T01:06:38.656+0000][7][gc,age      ] GC(345) - age   3:      12040 bytes,     974232 total
[2024-02-12T01:06:38.656+0000][7][gc,age      ] GC(345) - age   4:       6792 bytes,     981024 total
[2024-02-12T01:06:38.656+0000][7][gc,age      ] GC(345) - age   5:      77104 bytes,    1058128 total
[2024-02-12T01:06:38.656+0000][7][gc,age      ] GC(345) - age   6:     153040 bytes,    1211168 total
[2024-02-12T01:06:38.656+0000][7][gc,age      ] GC(345) - age   7:     104896 bytes,    1316064 total
[2024-02-12T01:06:38.656+0000][7][gc,age      ] GC(345) - age   8:        392 bytes,    1316456 total
[2024-02-12T01:06:38.656+0000][7][gc,age      ] GC(345) - age   9:         32 bytes,    1316488 total
[2024-02-12T01:06:38.656+0000][7][gc,age      ] GC(345) - age  10:        184 bytes,    1316672 total
[2024-02-12T01:06:38.656+0000][7][gc,age      ] GC(345) - age  11:     200208 bytes,    1516880 total
[2024-02-12T01:06:38.656+0000][7][gc,heap     ] GC(345) Eden regions: 152->0(152)
[2024-02-12T01:06:38.656+0000][7][gc,heap     ] GC(345) Survivor regions: 1->1(20)
[2024-02-12T01:06:38.656+0000][7][gc,heap     ] GC(345) Old regions: 25->25
[2024-02-12T01:06:38.656+0000][7][gc,heap     ] GC(345) Archive regions: 2->2
[2024-02-12T01:06:38.656+0000][7][gc,heap     ] GC(345) Humongous regions: 0->0
[2024-02-12T01:06:38.656+0000][7][gc,metaspace] GC(345) Metaspace: 129694K(133376K)->129694K(133376K) NonClass: 112716K(114624K)->112716K(114624K) Class: 16977K(18752K)->16977K(18752K)
[2024-02-12T01:06:38.656+0000][7][gc          ] GC(345) Pause Young (Normal) (G1 Evacuation Pause) 711M->103M(1024M) 2.539ms
[2024-02-12T01:06:38.656+0000][7][gc,cpu      ] GC(345) User=0.01s Sys=0.00s Real=0.00s
[2024-02-12T01:06:38.656+0000][7][safepoint   ] Safepoint "G1CollectForAllocation", Time since last: 221969939084 ns, Reaching safepoint: 49968 ns, At safepoint: 2631277 ns, Total: 2681245 ns
[2024-02-12T01:07:29.661+0000][7][safepoint   ] Safepoint "Cleanup", Time since last: 51005207305 ns, Reaching safepoint: 56781 ns, At safepoint: 7827 ns, Total: 64608 ns
[2024-02-12T01:10:08.590+0000][7][gc,start    ] GC(346) Pause Young (Normal) (G1 Evacuation Pause)
[2024-02-12T01:10:08.590+0000][7][gc,task     ] GC(346) Using 8 workers of 8 for evacuation
[2024-02-12T01:10:08.590+0000][7][gc,age      ] GC(346) Desired survivor size 41943040 bytes, new threshold 15 (max threshold 15)
[2024-02-12T01:10:08.592+0000][7][gc,phases   ] GC(346)   Pre Evacuate Collection Set: 0.1ms
[2024-02-12T01:10:08.592+0000][7][gc,phases   ] GC(346)   Merge Heap Roots: 0.1ms
[2024-02-12T01:10:08.592+0000][7][gc,phases   ] GC(346)   Evacuate Collection Set: 0.8ms
[2024-02-12T01:10:08.592+0000][7][gc,phases   ] GC(346)   Post Evacuate Collection Set: 0.5ms
[2024-02-12T01:10:08.592+0000][7][gc,phases   ] GC(346)   Other: 0.1ms
[2024-02-12T01:10:08.592+0000][7][gc,age      ] GC(346) Age table with threshold 15 (max threshold 15)
[2024-02-12T01:10:08.592+0000][7][gc,age      ] GC(346) - age   1:     505024 bytes,     505024 total
[2024-02-12T01:10:08.592+0000][7][gc,age      ] GC(346) - age   2:       2744 bytes,     507768 total
[2024-02-12T01:10:08.592+0000][7][gc,age      ] GC(346) - age   3:       6600 bytes,     514368 total
[2024-02-12T01:10:08.592+0000][7][gc,age      ] GC(346) - age   4:      11040 bytes,     525408 total
[2024-02-12T01:10:08.592+0000][7][gc,age      ] GC(346) - age   5:       6792 bytes,     532200 total
[2024-02-12T01:10:08.592+0000][7][gc,age      ] GC(346) - age   6:      77104 bytes,     609304 total
[2024-02-12T01:10:08.592+0000][7][gc,age      ] GC(346) - age   7:     152856 bytes,     762160 total
[2024-02-12T01:10:08.592+0000][7][gc,age      ] GC(346) - age   8:     104896 bytes,     867056 total
[2024-02-12T01:10:08.592+0000][7][gc,age      ] GC(346) - age   9:        392 bytes,     867448 total
[2024-02-12T01:10:08.592+0000][7][gc,age      ] GC(346) - age  10:         32 bytes,     867480 total
[2024-02-12T01:10:08.592+0000][7][gc,age      ] GC(346) - age  11:        184 bytes,     867664 total
[2024-02-12T01:10:08.592+0000][7][gc,age      ] GC(346) - age  12:     200208 bytes,    1067872 total
[2024-02-12T01:10:08.592+0000][7][gc,heap     ] GC(346) Eden regions: 152->0(152)
[2024-02-12T01:10:08.592+0000][7][gc,heap     ] GC(346) Survivor regions: 1->1(20)
[2024-02-12T01:10:08.592+0000][7][gc,heap     ] GC(346) Old regions: 25->25
[2024-02-12T01:10:08.592+0000][7][gc,heap     ] GC(346) Archive regions: 2->2
[2024-02-12T01:10:08.592+0000][7][gc,heap     ] GC(346) Humongous regions: 0->0
[2024-02-12T01:10:08.592+0000][7][gc,metaspace] GC(346) Metaspace: 129694K(133376K)->129694K(133376K) NonClass: 112716K(114624K)->112716K(114624K) Class: 16977K(18752K)->16977K(18752K)
[2024-02-12T01:10:08.592+0000][7][gc          ] GC(346) Pause Young (Normal) (G1 Evacuation Pause) 711M->103M(1024M) 1.645ms
[2024-02-12T01:10:08.592+0000][7][gc,cpu      ] GC(346) User=0.01s Sys=0.01s Real=0.00s
[2024-02-12T01:10:08.592+0000][7][safepoint   ] Safepoint "G1CollectForAllocation", Time since last: 158928945614 ns, Reaching safepoint: 56487 ns, At safepoint: 1711723 ns, Total: 1768210 ns
[2024-02-12T01:13:44.618+0000][7][gc,start    ] GC(347) Pause Young (Normal) (G1 Evacuation Pause)
[2024-02-12T01:13:44.618+0000][7][gc,task     ] GC(347) Using 8 workers of 8 for evacuation
[2024-02-12T01:13:44.618+0000][7][gc,age      ] GC(347) Desired survivor size 41943040 bytes, new threshold 15 (max threshold 15)
[2024-02-12T01:13:44.620+0000][7][gc,phases   ] GC(347)   Pre Evacuate Collection Set: 0.1ms
[2024-02-12T01:13:44.620+0000][7][gc,phases   ] GC(347)   Merge Heap Roots: 0.1ms
[2024-02-12T01:13:44.620+0000][7][gc,phases   ] GC(347)   Evacuate Collection Set: 1.2ms
[2024-02-12T01:13:44.620+0000][7][gc,phases   ] GC(347)   Post Evacuate Collection Set: 0.6ms
[2024-02-12T01:13:44.620+0000][7][gc,phases   ] GC(347)   Other: 0.1ms
[2024-02-12T01:13:44.620+0000][7][gc,age      ] GC(347) Age table with threshold 15 (max threshold 15)
[2024-02-12T01:13:44.620+0000][7][gc,age      ] GC(347) - age   1:    1084080 bytes,    1084080 total
[2024-02-12T01:13:44.620+0000][7][gc,age      ] GC(347) - age   2:      10672 bytes,    1094752 total
[2024-02-12T01:13:44.620+0000][7][gc,age      ] GC(347) - age   3:        320 bytes,    1095072 total
[2024-02-12T01:13:44.620+0000][7][gc,age      ] GC(347) - age   4:       2768 bytes,    1097840 total
[2024-02-12T01:13:44.620+0000][7][gc,age      ] GC(347) - age   5:      10616 bytes,    1108456 total
[2024-02-12T01:13:44.620+0000][7][gc,age      ] GC(347) - age   6:       6792 bytes,    1115248 total
[2024-02-12T01:13:44.620+0000][7][gc,age      ] GC(347) - age   7:      69088 bytes,    1184336 total
[2024-02-12T01:13:44.620+0000][7][gc,age      ] GC(347) - age   8:     152856 bytes,    1337192 total
[2024-02-12T01:13:44.620+0000][7][gc,age      ] GC(347) - age   9:     104896 bytes,    1442088 total
[2024-02-12T01:13:44.620+0000][7][gc,age      ] GC(347) - age  10:        392 bytes,    1442480 total
[2024-02-12T01:13:44.620+0000][7][gc,age      ] GC(347) - age  11:         32 bytes,    1442512 total
[2024-02-12T01:13:44.620+0000][7][gc,age      ] GC(347) - age  12:        184 bytes,    1442696 total
[2024-02-12T01:13:44.620+0000][7][gc,age      ] GC(347) - age  13:     200208 bytes,    1642904 total
[2024-02-12T01:13:44.620+0000][7][gc,heap     ] GC(347) Eden regions: 152->0(152)
[2024-02-12T01:13:44.620+0000][7][gc,heap     ] GC(347) Survivor regions: 1->1(20)
[2024-02-12T01:13:44.620+0000][7][gc,heap     ] GC(347) Old regions: 25->25
[2024-02-12T01:13:44.620+0000][7][gc,heap     ] GC(347) Archive regions: 2->2
[2024-02-12T01:13:44.620+0000][7][gc,heap     ] GC(347) Humongous regions: 0->0
[2024-02-12T01:13:44.620+0000][7][gc,metaspace] GC(347) Metaspace: 129694K(133376K)->129694K(133376K) NonClass: 112716K(114624K)->112716K(114624K) Class: 16977K(18752K)->16977K(18752K)
[2024-02-12T01:13:44.620+0000][7][gc          ] GC(347) Pause Young (Normal) (G1 Evacuation Pause) 711M->103M(1024M) 2.339ms
[2024-02-12T01:13:44.620+0000][7][gc,cpu      ] GC(347) User=0.01s Sys=0.00s Real=0.00s
[2024-02-12T01:13:44.620+0000][7][safepoint   ] Safepoint "G1CollectForAllocation", Time since last: 216025538085 ns, Reaching safepoint: 40460 ns, At safepoint: 2415706 ns, Total: 2456166 ns
[2024-02-12T01:17:14.835+0000][7][gc,start    ] GC(348) Pause Young (Normal) (G1 Evacuation Pause)
[2024-02-12T01:17:14.835+0000][7][gc,task     ] GC(348) Using 8 workers of 8 for evacuation
[2024-02-12T01:17:14.835+0000][7][gc,age      ] GC(348) Desired survivor size 41943040 bytes, new threshold 15 (max threshold 15)
[2024-02-12T01:17:14.836+0000][7][gc,phases   ] GC(348)   Pre Evacuate Collection Set: 0.1ms
[2024-02-12T01:17:14.836+0000][7][gc,phases   ] GC(348)   Merge Heap Roots: 0.0ms
[2024-02-12T01:17:14.836+0000][7][gc,phases   ] GC(348)   Evacuate Collection Set: 1.1ms
[2024-02-12T01:17:14.836+0000][7][gc,phases   ] GC(348)   Post Evacuate Collection Set: 0.6ms
[2024-02-12T01:17:14.836+0000][7][gc,phases   ] GC(348)   Other: 0.1ms
[2024-02-12T01:17:14.836+0000][7][gc,age      ] GC(348) Age table with threshold 15 (max threshold 15)
[2024-02-12T01:17:14.836+0000][7][gc,age      ] GC(348) - age   1:    1503528 bytes,    1503528 total
[2024-02-12T01:17:14.836+0000][7][gc,age      ] GC(348) - age   2:      14056 bytes,    1517584 total
[2024-02-12T01:17:14.836+0000][7][gc,age      ] GC(348) - age   3:       1120 bytes,    1518704 total
[2024-02-12T01:17:14.836+0000][7][gc,age      ] GC(348) - age   5:       2672 bytes,    1521376 total
[2024-02-12T01:17:14.836+0000][7][gc,age      ] GC(348) - age   6:      10584 bytes,    1531960 total
[2024-02-12T01:17:14.836+0000][7][gc,age      ] GC(348) - age   7:       6792 bytes,    1538752 total
[2024-02-12T01:17:14.837+0000][7][gc,age      ] GC(348) - age   8:      69088 bytes,    1607840 total
[2024-02-12T01:17:14.837+0000][7][gc,age      ] GC(348) - age   9:     152856 bytes,    1760696 total
[2024-02-12T01:17:14.837+0000][7][gc,age      ] GC(348) - age  10:     104896 bytes,    1865592 total
[2024-02-12T01:17:14.837+0000][7][gc,age      ] GC(348) - age  11:        208 bytes,    1865800 total
[2024-02-12T01:17:14.837+0000][7][gc,age      ] GC(348) - age  13:        184 bytes,    1865984 total
[2024-02-12T01:17:14.837+0000][7][gc,age      ] GC(348) - age  14:     200208 bytes,    2066192 total
[2024-02-12T01:17:14.837+0000][7][gc,heap     ] GC(348) Eden regions: 152->0(152)
[2024-02-12T01:17:14.837+0000][7][gc,heap     ] GC(348) Survivor regions: 1->1(20)
[2024-02-12T01:17:14.837+0000][7][gc,heap     ] GC(348) Old regions: 25->25
[2024-02-12T01:17:14.837+0000][7][gc,heap     ] GC(348) Archive regions: 2->2
[2024-02-12T01:17:14.837+0000][7][gc,heap     ] GC(348) Humongous regions: 0->0
[2024-02-12T01:17:14.837+0000][7][gc,metaspace] GC(348) Metaspace: 129694K(133376K)->129694K(133376K) NonClass: 112716K(114624K)->112716K(114624K) Class: 16977K(18752K)->16977K(18752K)
[2024-02-12T01:17:14.837+0000][7][gc          ] GC(348) Pause Young (Normal) (G1 Evacuation Pause) 711M->104M(1024M) 2.053ms
[2024-02-12T01:17:14.837+0000][7][gc,cpu      ] GC(348) User=0.01s Sys=0.00s Real=0.01s
[2024-02-12T01:17:14.837+0000][7][safepoint   ] Safepoint "G1CollectForAllocation", Time since last: 210214547719 ns, Reaching safepoint: 37913 ns, At safepoint: 2121674 ns, Total: 2159587 ns
[2024-02-12T01:20:51.283+0000][7][gc,start    ] GC(349) Pause Young (Normal) (G1 Evacuation Pause)
[2024-02-12T01:20:51.283+0000][7][gc,task     ] GC(349) Using 8 workers of 8 for evacuation
[2024-02-12T01:20:51.283+0000][7][gc,age      ] GC(349) Desired survivor size 41943040 bytes, new threshold 15 (max threshold 15)
[2024-02-12T01:20:51.285+0000][7][gc,phases   ] GC(349)   Pre Evacuate Collection Set: 0.1ms
[2024-02-12T01:20:51.285+0000][7][gc,phases   ] GC(349)   Merge Heap Roots: 0.1ms
[2024-02-12T01:20:51.285+0000][7][gc,phases   ] GC(349)   Evacuate Collection Set: 1.3ms
[2024-02-12T01:20:51.285+0000][7][gc,phases   ] GC(349)   Post Evacuate Collection Set: 0.8ms
[2024-02-12T01:20:51.285+0000][7][gc,phases   ] GC(349)   Other: 0.1ms
[2024-02-12T01:20:51.285+0000][7][gc,age      ] GC(349) Age table with threshold 15 (max threshold 15)
[2024-02-12T01:20:51.285+0000][7][gc,age      ] GC(349) - age   1:     971360 bytes,     971360 total
[2024-02-12T01:20:51.285+0000][7][gc,age      ] GC(349) - age   2:       2688 bytes,     974048 total
[2024-02-12T01:20:51.285+0000][7][gc,age      ] GC(349) - age   3:      12424 bytes,     986472 total
[2024-02-12T01:20:51.285+0000][7][gc,age      ] GC(349) - age   4:        216 bytes,     986688 total
[2024-02-12T01:20:51.285+0000][7][gc,age      ] GC(349) - age   6:       2288 bytes,     988976 total
[2024-02-12T01:20:51.285+0000][7][gc,age      ] GC(349) - age   7:      10584 bytes,     999560 total
[2024-02-12T01:20:51.285+0000][7][gc,age      ] GC(349) - age   8:       6608 bytes,    1006168 total
[2024-02-12T01:20:51.285+0000][7][gc,age      ] GC(349) - age   9:      69088 bytes,    1075256 total
[2024-02-12T01:20:51.285+0000][7][gc,age      ] GC(349) - age  10:     152856 bytes,    1228112 total
[2024-02-12T01:20:51.285+0000][7][gc,age      ] GC(349) - age  11:     104896 bytes,    1333008 total
[2024-02-12T01:20:51.285+0000][7][gc,age      ] GC(349) - age  12:        208 bytes,    1333216 total
[2024-02-12T01:20:51.285+0000][7][gc,age      ] GC(349) - age  14:        184 bytes,    1333400 total
[2024-02-12T01:20:51.285+0000][7][gc,age      ] GC(349) - age  15:     200208 bytes,    1533608 total
[2024-02-12T01:20:51.285+0000][7][gc,heap     ] GC(349) Eden regions: 152->0(152)
[2024-02-12T01:20:51.285+0000][7][gc,heap     ] GC(349) Survivor regions: 1->1(20)
[2024-02-12T01:20:51.285+0000][7][gc,heap     ] GC(349) Old regions: 25->25
[2024-02-12T01:20:51.285+0000][7][gc,heap     ] GC(349) Archive regions: 2->2
[2024-02-12T01:20:51.285+0000][7][gc,heap     ] GC(349) Humongous regions: 0->0
[2024-02-12T01:20:51.285+0000][7][gc,metaspace] GC(349) Metaspace: 129694K(133376K)->129694K(133376K) NonClass: 112716K(114624K)->112716K(114624K) Class: 16977K(18752K)->16977K(18752K)
[2024-02-12T01:20:51.285+0000][7][gc          ] GC(349) Pause Young (Normal) (G1 Evacuation Pause) 712M->103M(1024M) 2.770ms
[2024-02-12T01:20:51.286+0000][7][gc,cpu      ] GC(349) User=0.02s Sys=0.00s Real=0.01s
[2024-02-12T01:20:51.286+0000][7][safepoint   ] Safepoint "G1CollectForAllocation", Time since last: 216445995549 ns, Reaching safepoint: 50203 ns, At safepoint: 2866299 ns, Total: 2916502 ns
[2024-02-12T01:24:17.590+0000][7][gc,start    ] GC(350) Pause Young (Normal) (G1 Evacuation Pause)
[2024-02-12T01:24:17.590+0000][7][gc,task     ] GC(350) Using 8 workers of 8 for evacuation
[2024-02-12T01:24:17.590+0000][7][gc,age      ] GC(350) Desired survivor size 41943040 bytes, new threshold 15 (max threshold 15)
[2024-02-12T01:24:17.592+0000][7][gc,phases   ] GC(350)   Pre Evacuate Collection Set: 0.1ms
[2024-02-12T01:24:17.592+0000][7][gc,phases   ] GC(350)   Merge Heap Roots: 0.1ms
[2024-02-12T01:24:17.592+0000][7][gc,phases   ] GC(350)   Evacuate Collection Set: 1.1ms
[2024-02-12T01:24:17.592+0000][7][gc,phases   ] GC(350)   Post Evacuate Collection Set: 0.8ms
[2024-02-12T01:24:17.592+0000][7][gc,phases   ] GC(350)   Other: 0.1ms
[2024-02-12T01:24:17.592+0000][7][gc,age      ] GC(350) Age table with threshold 15 (max threshold 15)
[2024-02-12T01:24:17.592+0000][7][gc,age      ] GC(350) - age   1:     411920 bytes,     411920 total
[2024-02-12T01:24:17.592+0000][7][gc,age      ] GC(350) - age   2:       3744 bytes,     415664 total
[2024-02-12T01:24:17.592+0000][7][gc,age      ] GC(350) - age   3:        864 bytes,     416528 total
[2024-02-12T01:24:17.592+0000][7][gc,age      ] GC(350) - age   4:        760 bytes,     417288 total
[2024-02-12T01:24:17.592+0000][7][gc,age      ] GC(350) - age   5:        216 bytes,     417504 total
[2024-02-12T01:24:17.592+0000][7][gc,age      ] GC(350) - age   7:       2288 bytes,     419792 total
[2024-02-12T01:24:17.592+0000][7][gc,age      ] GC(350) - age   8:      10400 bytes,     430192 total
[2024-02-12T01:24:17.592+0000][7][gc,age      ] GC(350) - age   9:       6608 bytes,     436800 total
[2024-02-12T01:24:17.592+0000][7][gc,age      ] GC(350) - age  10:      69088 bytes,     505888 total
[2024-02-12T01:24:17.592+0000][7][gc,age      ] GC(350) - age  11:     152856 bytes,     658744 total
[2024-02-12T01:24:17.592+0000][7][gc,age      ] GC(350) - age  12:     104896 bytes,     763640 total
[2024-02-12T01:24:17.592+0000][7][gc,age      ] GC(350) - age  13:        208 bytes,     763848 total
[2024-02-12T01:24:17.592+0000][7][gc,age      ] GC(350) - age  15:        184 bytes,     764032 total
[2024-02-12T01:24:17.592+0000][7][gc,heap     ] GC(350) Eden regions: 152->0(152)
[2024-02-12T01:24:17.592+0000][7][gc,heap     ] GC(350) Survivor regions: 1->1(20)
[2024-02-12T01:24:17.592+0000][7][gc,heap     ] GC(350) Old regions: 25->25
[2024-02-12T01:24:17.592+0000][7][gc,heap     ] GC(350) Archive regions: 2->2
[2024-02-12T01:24:17.592+0000][7][gc,heap     ] GC(350) Humongous regions: 0->0
[2024-02-12T01:24:17.592+0000][7][gc,metaspace] GC(350) Metaspace: 129694K(133376K)->129694K(133376K) NonClass: 112716K(114624K)->112716K(114624K) Class: 16977K(18752K)->16977K(18752K)
[2024-02-12T01:24:17.593+0000][7][gc          ] GC(350) Pause Young (Normal) (G1 Evacuation Pause) 711M->102M(1024M) 2.464ms
[2024-02-12T01:24:17.593+0000][7][gc,cpu      ] GC(350) User=0.01s Sys=0.01s Real=0.00s
[2024-02-12T01:24:17.593+0000][7][safepoint   ] Safepoint "G1CollectForAllocation", Time since last: 206304423870 ns, Reaching safepoint: 58288 ns, At safepoint: 2548226 ns, Total: 2606514 ns
[2024-02-12T01:25:35.601+0000][7][safepoint   ] Safepoint "Cleanup", Time since last: 78008446492 ns, Reaching safepoint: 60060 ns, At safepoint: 37983 ns, Total: 98043 ns
[2024-02-12T01:27:38.654+0000][7][gc,start    ] GC(351) Pause Young (Normal) (G1 Evacuation Pause)
[2024-02-12T01:27:38.654+0000][7][gc,task     ] GC(351) Using 8 workers of 8 for evacuation
[2024-02-12T01:27:38.654+0000][7][gc,age      ] GC(351) Desired survivor size 41943040 bytes, new threshold 15 (max threshold 15)
[2024-02-12T01:27:38.656+0000][7][gc,phases   ] GC(351)   Pre Evacuate Collection Set: 0.1ms
[2024-02-12T01:27:38.656+0000][7][gc,phases   ] GC(351)   Merge Heap Roots: 0.1ms
[2024-02-12T01:27:38.656+0000][7][gc,phases   ] GC(351)   Evacuate Collection Set: 1.4ms
[2024-02-12T01:27:38.656+0000][7][gc,phases   ] GC(351)   Post Evacuate Collection Set: 0.7ms
[2024-02-12T01:27:38.656+0000][7][gc,phases   ] GC(351)   Other: 0.1ms
[2024-02-12T01:27:38.656+0000][7][gc,age      ] GC(351) Age table with threshold 15 (max threshold 15)
[2024-02-12T01:27:38.656+0000][7][gc,age      ] GC(351) - age   1:    1530824 bytes,    1530824 total
[2024-02-12T01:27:38.656+0000][7][gc,age      ] GC(351) - age   2:      14832 bytes,    1545656 total
[2024-02-12T01:27:38.656+0000][7][gc,age      ] GC(351) - age   3:       1008 bytes,    1546664 total
[2024-02-12T01:27:38.656+0000][7][gc,age      ] GC(351) - age   4:        184 bytes,    1546848 total
[2024-02-12T01:27:38.656+0000][7][gc,age      ] GC(351) - age   5:        184 bytes,    1547032 total
[2024-02-12T01:27:38.656+0000][7][gc,age      ] GC(351) - age   6:        184 bytes,    1547216 total
[2024-02-12T01:27:38.656+0000][7][gc,age      ] GC(351) - age   8:       2288 bytes,    1549504 total
[2024-02-12T01:27:38.656+0000][7][gc,age      ] GC(351) - age   9:       2384 bytes,    1551888 total
[2024-02-12T01:27:38.656+0000][7][gc,age      ] GC(351) - age  10:       6608 bytes,    1558496 total
[2024-02-12T01:27:38.656+0000][7][gc,age      ] GC(351) - age  11:      69088 bytes,    1627584 total
[2024-02-12T01:27:38.656+0000][7][gc,age      ] GC(351) - age  12:     152856 bytes,    1780440 total
[2024-02-12T01:27:38.656+0000][7][gc,age      ] GC(351) - age  13:     104896 bytes,    1885336 total
[2024-02-12T01:27:38.656+0000][7][gc,age      ] GC(351) - age  14:        208 bytes,    1885544 total
[2024-02-12T01:27:38.656+0000][7][gc,heap     ] GC(351) Eden regions: 152->0(152)
[2024-02-12T01:27:38.656+0000][7][gc,heap     ] GC(351) Survivor regions: 1->1(20)
[2024-02-12T01:27:38.656+0000][7][gc,heap     ] GC(351) Old regions: 25->25
[2024-02-12T01:27:38.656+0000][7][gc,heap     ] GC(351) Archive regions: 2->2
[2024-02-12T01:27:38.656+0000][7][gc,heap     ] GC(351) Humongous regions: 0->0
[2024-02-12T01:27:38.656+0000][7][gc,metaspace] GC(351) Metaspace: 129694K(133376K)->129694K(133376K) NonClass: 112716K(114624K)->112716K(114624K) Class: 16977K(18752K)->16977K(18752K)
[2024-02-12T01:27:38.656+0000][7][gc          ] GC(351) Pause Young (Normal) (G1 Evacuation Pause) 710M->104M(1024M) 2.619ms
[2024-02-12T01:27:38.656+0000][7][gc,cpu      ] GC(351) User=0.02s Sys=0.00s Real=0.01s
[2024-02-12T01:27:38.656+0000][7][safepoint   ] Safepoint "G1CollectForAllocation", Time since last: 123052582542 ns, Reaching safepoint: 77180 ns, At safepoint: 2707436 ns, Total: 2784616 ns
[2024-02-12T01:30:57.758+0000][7][gc,start    ] GC(352) Pause Young (Normal) (G1 Evacuation Pause)
[2024-02-12T01:30:57.758+0000][7][gc,task     ] GC(352) Using 8 workers of 8 for evacuation
[2024-02-12T01:30:57.758+0000][7][gc,age      ] GC(352) Desired survivor size 41943040 bytes, new threshold 15 (max threshold 15)
[2024-02-12T01:30:57.760+0000][7][gc,phases   ] GC(352)   Pre Evacuate Collection Set: 0.1ms
[2024-02-12T01:30:57.761+0000][7][gc,phases   ] GC(352)   Merge Heap Roots: 0.1ms
[2024-02-12T01:30:57.761+0000][7][gc,phases   ] GC(352)   Evacuate Collection Set: 1.1ms
[2024-02-12T01:30:57.761+0000][7][gc,phases   ] GC(352)   Post Evacuate Collection Set: 0.8ms
[2024-02-12T01:30:57.761+0000][7][gc,phases   ] GC(352)   Other: 0.1ms
[2024-02-12T01:30:57.761+0000][7][gc,age      ] GC(352) Age table with threshold 15 (max threshold 15)
[2024-02-12T01:30:57.761+0000][7][gc,age      ] GC(352) - age   1:     981176 bytes,     981176 total
[2024-02-12T01:30:57.761+0000][7][gc,age      ] GC(352) - age   2:      12520 bytes,     993696 total
[2024-02-12T01:30:57.761+0000][7][gc,age      ] GC(352) - age   3:       4216 bytes,     997912 total
[2024-02-12T01:30:57.761+0000][7][gc,age      ] GC(352) - age   4:        752 bytes,     998664 total
[2024-02-12T01:30:57.761+0000][7][gc,age      ] GC(352) - age   5:        184 bytes,     998848 total
[2024-02-12T01:30:57.761+0000][7][gc,age      ] GC(352) - age   6:        184 bytes,     999032 total
[2024-02-12T01:30:57.761+0000][7][gc,age      ] GC(352) - age   9:       2288 bytes,    1001320 total
[2024-02-12T01:30:57.761+0000][7][gc,age      ] GC(352) - age  10:       2384 bytes,    1003704 total
[2024-02-12T01:30:57.761+0000][7][gc,age      ] GC(352) - age  11:       6608 bytes,    1010312 total
[2024-02-12T01:30:57.761+0000][7][gc,age      ] GC(352) - age  12:      63808 bytes,    1074120 total
[2024-02-12T01:30:57.761+0000][7][gc,age      ] GC(352) - age  13:     152856 bytes,    1226976 total
[2024-02-12T01:30:57.761+0000][7][gc,age      ] GC(352) - age  14:     104872 bytes,    1331848 total
[2024-02-12T01:30:57.761+0000][7][gc,age      ] GC(352) - age  15:        208 bytes,    1332056 total
[2024-02-12T01:30:57.761+0000][7][gc,heap     ] GC(352) Eden regions: 152->0(152)
[2024-02-12T01:30:57.761+0000][7][gc,heap     ] GC(352) Survivor regions: 1->1(20)
[2024-02-12T01:30:57.761+0000][7][gc,heap     ] GC(352) Old regions: 25->25
[2024-02-12T01:30:57.761+0000][7][gc,heap     ] GC(352) Archive regions: 2->2
[2024-02-12T01:30:57.761+0000][7][gc,heap     ] GC(352) Humongous regions: 0->0
[2024-02-12T01:30:57.761+0000][7][gc,metaspace] GC(352) Metaspace: 129696K(133376K)->129696K(133376K) NonClass: 112718K(114624K)->112718K(114624K) Class: 16977K(18752K)->16977K(18752K)
[2024-02-12T01:30:57.761+0000][7][gc          ] GC(352) Pause Young (Normal) (G1 Evacuation Pause) 712M->103M(1024M) 2.449ms
[2024-02-12T01:30:57.761+0000][7][gc,cpu      ] GC(352) User=0.01s Sys=0.00s Real=0.00s
[2024-02-12T01:30:57.761+0000][7][safepoint   ] Safepoint "G1CollectForAllocation", Time since last: 199101713566 ns, Reaching safepoint: 44890 ns, At safepoint: 2534835 ns, Total: 2579725 ns
[2024-02-12T01:31:46.766+0000][7][safepoint   ] Safepoint "Cleanup", Time since last: 49005499805 ns, Reaching safepoint: 84262 ns, At safepoint: 10697 ns, Total: 94959 ns
[2024-02-12T01:34:23.633+0000][7][gc,start    ] GC(353) Pause Young (Normal) (G1 Evacuation Pause)
[2024-02-12T01:34:23.633+0000][7][gc,task     ] GC(353) Using 8 workers of 8 for evacuation
[2024-02-12T01:34:23.633+0000][7][gc,age      ] GC(353) Desired survivor size 41943040 bytes, new threshold 15 (max threshold 15)
[2024-02-12T01:34:23.636+0000][7][gc,phases   ] GC(353)   Pre Evacuate Collection Set: 0.1ms
[2024-02-12T01:34:23.636+0000][7][gc,phases   ] GC(353)   Merge Heap Roots: 0.1ms
[2024-02-12T01:34:23.636+0000][7][gc,phases   ] GC(353)   Evacuate Collection Set: 1.6ms
[2024-02-12T01:34:23.636+0000][7][gc,phases   ] GC(353)   Post Evacuate Collection Set: 0.7ms
[2024-02-12T01:34:23.636+0000][7][gc,phases   ] GC(353)   Other: 0.1ms
[2024-02-12T01:34:23.636+0000][7][gc,age      ] GC(353) Age table with threshold 15 (max threshold 15)
[2024-02-12T01:34:23.636+0000][7][gc,age      ] GC(353) - age   1:    1315736 bytes,    1315736 total
[2024-02-12T01:34:23.636+0000][7][gc,age      ] GC(353) - age   2:     191952 bytes,    1507688 total
[2024-02-12T01:34:23.636+0000][7][gc,age      ] GC(353) - age   3:       9888 bytes,    1517576 total
[2024-02-12T01:34:23.636+0000][7][gc,age      ] GC(353) - age   4:        248 bytes,    1517824 total
[2024-02-12T01:34:23.636+0000][7][gc,age      ] GC(353) - age   5:        440 bytes,    1518264 total
[2024-02-12T01:34:23.636+0000][7][gc,age      ] GC(353) - age   6:        184 bytes,    1518448 total
[2024-02-12T01:34:23.636+0000][7][gc,age      ] GC(353) - age   7:        184 bytes,    1518632 total
[2024-02-12T01:34:23.636+0000][7][gc,age      ] GC(353) - age  10:       2288 bytes,    1520920 total
[2024-02-12T01:34:23.636+0000][7][gc,age      ] GC(353) - age  11:       2384 bytes,    1523304 total
[2024-02-12T01:34:23.636+0000][7][gc,age      ] GC(353) - age  12:       6608 bytes,    1529912 total
[2024-02-12T01:34:23.636+0000][7][gc,age      ] GC(353) - age  13:      63808 bytes,    1593720 total
[2024-02-12T01:34:23.636+0000][7][gc,age      ] GC(353) - age  14:     152856 bytes,    1746576 total
[2024-02-12T01:34:23.636+0000][7][gc,age      ] GC(353) - age  15:     104872 bytes,    1851448 total
[2024-02-12T01:34:23.636+0000][7][gc,heap     ] GC(353) Eden regions: 152->0(152)
[2024-02-12T01:34:23.636+0000][7][gc,heap     ] GC(353) Survivor regions: 1->1(20)
[2024-02-12T01:34:23.636+0000][7][gc,heap     ] GC(353) Old regions: 25->25
[2024-02-12T01:34:23.636+0000][7][gc,heap     ] GC(353) Archive regions: 2->2
[2024-02-12T01:34:23.636+0000][7][gc,heap     ] GC(353) Humongous regions: 0->0
[2024-02-12T01:34:23.636+0000][7][gc,metaspace] GC(353) Metaspace: 129696K(133376K)->129696K(133376K) NonClass: 112718K(114624K)->112718K(114624K) Class: 16977K(18752K)->16977K(18752K)
[2024-02-12T01:34:23.636+0000][7][gc          ] GC(353) Pause Young (Normal) (G1 Evacuation Pause) 711M->103M(1024M) 3.014ms
[2024-02-12T01:34:23.636+0000][7][gc,cpu      ] GC(353) User=0.01s Sys=0.00s Real=0.01s
[2024-02-12T01:34:23.636+0000][7][safepoint   ] Safepoint "G1CollectForAllocation", Time since last: 156866750992 ns, Reaching safepoint: 48742 ns, At safepoint: 3108271 ns, Total: 3157013 ns
[2024-02-12T01:37:29.656+0000][7][safepoint   ] Safepoint "Cleanup", Time since last: 186019646806 ns, Reaching safepoint: 117932 ns, At safepoint: 22974 ns, Total: 140906 ns
[2024-02-12T01:37:46.558+0000][7][gc,start    ] GC(354) Pause Young (Normal) (G1 Evacuation Pause)
[2024-02-12T01:37:46.558+0000][7][gc,task     ] GC(354) Using 8 workers of 8 for evacuation
[2024-02-12T01:37:46.558+0000][7][gc,age      ] GC(354) Desired survivor size 41943040 bytes, new threshold 15 (max threshold 15)
[2024-02-12T01:37:46.560+0000][7][gc,phases   ] GC(354)   Pre Evacuate Collection Set: 0.1ms
[2024-02-12T01:37:46.560+0000][7][gc,phases   ] GC(354)   Merge Heap Roots: 0.1ms
[2024-02-12T01:37:46.560+0000][7][gc,phases   ] GC(354)   Evacuate Collection Set: 1.1ms
[2024-02-12T01:37:46.560+0000][7][gc,phases   ] GC(354)   Post Evacuate Collection Set: 0.8ms
[2024-02-12T01:37:46.560+0000][7][gc,phases   ] GC(354)   Other: 0.1ms
[2024-02-12T01:37:46.560+0000][7][gc,age      ] GC(354) Age table with threshold 15 (max threshold 15)
[2024-02-12T01:37:46.560+0000][7][gc,age      ] GC(354) - age   1:     363664 bytes,     363664 total
[2024-02-12T01:37:46.560+0000][7][gc,age      ] GC(354) - age   2:       6520 bytes,     370184 total
[2024-02-12T01:37:46.560+0000][7][gc,age      ] GC(354) - age   3:     190216 bytes,     560400 total
[2024-02-12T01:37:46.560+0000][7][gc,age      ] GC(354) - age   4:       8816 bytes,     569216 total
[2024-02-12T01:37:46.560+0000][7][gc,age      ] GC(354) - age   5:        184 bytes,     569400 total
[2024-02-12T01:37:46.560+0000][7][gc,age      ] GC(354) - age   6:        408 bytes,     569808 total
[2024-02-12T01:37:46.560+0000][7][gc,age      ] GC(354) - age   7:        184 bytes,     569992 total
[2024-02-12T01:37:46.560+0000][7][gc,age      ] GC(354) - age  11:       2288 bytes,     572280 total
[2024-02-12T01:37:46.560+0000][7][gc,age      ] GC(354) - age  12:       2384 bytes,     574664 total
[2024-02-12T01:37:46.560+0000][7][gc,age      ] GC(354) - age  13:       6608 bytes,     581272 total
[2024-02-12T01:37:46.560+0000][7][gc,age      ] GC(354) - age  14:      63808 bytes,     645080 total
[2024-02-12T01:37:46.560+0000][7][gc,age      ] GC(354) - age  15:     152856 bytes,     797936 total
[2024-02-12T01:37:46.560+0000][7][gc,heap     ] GC(354) Eden regions: 152->0(152)
[2024-02-12T01:37:46.560+0000][7][gc,heap     ] GC(354) Survivor regions: 1->1(20)
[2024-02-12T01:37:46.560+0000][7][gc,heap     ] GC(354) Old regions: 25->25
[2024-02-12T01:37:46.560+0000][7][gc,heap     ] GC(354) Archive regions: 2->2
[2024-02-12T01:37:46.560+0000][7][gc,heap     ] GC(354) Humongous regions: 0->0
[2024-02-12T01:37:46.560+0000][7][gc,metaspace] GC(354) Metaspace: 129699K(133376K)->129699K(133376K) NonClass: 112721K(114624K)->112721K(114624K) Class: 16977K(18752K)->16977K(18752K)
[2024-02-12T01:37:46.561+0000][7][gc          ] GC(354) Pause Young (Normal) (G1 Evacuation Pause) 711M->103M(1024M) 2.529ms
[2024-02-12T01:37:46.561+0000][7][gc,cpu      ] GC(354) User=0.01s Sys=0.00s Real=0.00s
[2024-02-12T01:37:46.561+0000][7][safepoint   ] Safepoint "G1CollectForAllocation", Time since last: 16901804265 ns, Reaching safepoint: 98819 ns, At safepoint: 2628543 ns, Total: 2727362 ns
[2024-02-12T01:41:14.692+0000][7][gc,start    ] GC(355) Pause Young (Normal) (G1 Evacuation Pause)
[2024-02-12T01:41:14.692+0000][7][gc,task     ] GC(355) Using 8 workers of 8 for evacuation
[2024-02-12T01:41:14.692+0000][7][gc,age      ] GC(355) Desired survivor size 41943040 bytes, new threshold 15 (max threshold 15)
[2024-02-12T01:41:14.694+0000][7][gc,phases   ] GC(355)   Pre Evacuate Collection Set: 0.1ms
[2024-02-12T01:41:14.694+0000][7][gc,phases   ] GC(355)   Merge Heap Roots: 0.1ms
[2024-02-12T01:41:14.694+0000][7][gc,phases   ] GC(355)   Evacuate Collection Set: 1.3ms
[2024-02-12T01:41:14.694+0000][7][gc,phases   ] GC(355)   Post Evacuate Collection Set: 0.7ms
[2024-02-12T01:41:14.694+0000][7][gc,phases   ] GC(355)   Other: 0.1ms
[2024-02-12T01:41:14.694+0000][7][gc,age      ] GC(355) Age table with threshold 15 (max threshold 15)
[2024-02-12T01:41:14.694+0000][7][gc,age      ] GC(355) - age   1:    1330104 bytes,    1330104 total
[2024-02-12T01:41:14.694+0000][7][gc,age      ] GC(355) - age   2:       2304 bytes,    1332408 total
[2024-02-12T01:41:14.694+0000][7][gc,age      ] GC(355) - age   3:       3856 bytes,    1336264 total
[2024-02-12T01:41:14.694+0000][7][gc,age      ] GC(355) - age   4:     189664 bytes,    1525928 total
[2024-02-12T01:41:14.694+0000][7][gc,age      ] GC(355) - age   5:       8504 bytes,    1534432 total
[2024-02-12T01:41:14.694+0000][7][gc,age      ] GC(355) - age   6:        184 bytes,    1534616 total
[2024-02-12T01:41:14.694+0000][7][gc,age      ] GC(355) - age   7:         24 bytes,    1534640 total
[2024-02-12T01:41:14.694+0000][7][gc,age      ] GC(355) - age   8:        184 bytes,    1534824 total
[2024-02-12T01:41:14.694+0000][7][gc,age      ] GC(355) - age  12:       2288 bytes,    1537112 total
[2024-02-12T01:41:14.694+0000][7][gc,age      ] GC(355) - age  13:       2384 bytes,    1539496 total
[2024-02-12T01:41:14.694+0000][7][gc,age      ] GC(355) - age  14:       6608 bytes,    1546104 total
[2024-02-12T01:41:14.694+0000][7][gc,age      ] GC(355) - age  15:      63808 bytes,    1609912 total
[2024-02-12T01:41:14.694+0000][7][gc,heap     ] GC(355) Eden regions: 152->0(152)
[2024-02-12T01:41:14.694+0000][7][gc,heap     ] GC(355) Survivor regions: 1->1(20)
[2024-02-12T01:41:14.694+0000][7][gc,heap     ] GC(355) Old regions: 25->25
[2024-02-12T01:41:14.694+0000][7][gc,heap     ] GC(355) Archive regions: 2->2
[2024-02-12T01:41:14.694+0000][7][gc,heap     ] GC(355) Humongous regions: 0->0
[2024-02-12T01:41:14.694+0000][7][gc,metaspace] GC(355) Metaspace: 129699K(133376K)->129699K(133376K) NonClass: 112721K(114624K)->112721K(114624K) Class: 16977K(18752K)->16977K(18752K)
[2024-02-12T01:41:14.694+0000][7][gc          ] GC(355) Pause Young (Normal) (G1 Evacuation Pause) 711M->103M(1024M) 2.542ms
[2024-02-12T01:41:14.695+0000][7][gc,cpu      ] GC(355) User=0.01s Sys=0.00s Real=0.00s
[2024-02-12T01:41:14.695+0000][7][safepoint   ] Safepoint "G1CollectForAllocation", Time since last: 208131292814 ns, Reaching safepoint: 37495 ns, At safepoint: 2657402 ns, Total: 2694897 ns
[2024-02-12T01:44:38.693+0000][7][gc,start    ] GC(356) Pause Young (Normal) (G1 Evacuation Pause)
[2024-02-12T01:44:38.693+0000][7][gc,task     ] GC(356) Using 8 workers of 8 for evacuation
[2024-02-12T01:44:38.693+0000][7][gc,age      ] GC(356) Desired survivor size 41943040 bytes, new threshold 15 (max threshold 15)
[2024-02-12T01:44:38.695+0000][7][gc,phases   ] GC(356)   Pre Evacuate Collection Set: 0.1ms
[2024-02-12T01:44:38.695+0000][7][gc,phases   ] GC(356)   Merge Heap Roots: 0.0ms
[2024-02-12T01:44:38.695+0000][7][gc,phases   ] GC(356)   Evacuate Collection Set: 1.2ms
[2024-02-12T01:44:38.695+0000][7][gc,phases   ] GC(356)   Post Evacuate Collection Set: 0.6ms
[2024-02-12T01:44:38.695+0000][7][gc,phases   ] GC(356)   Other: 0.1ms
[2024-02-12T01:44:38.695+0000][7][gc,age      ] GC(356) Age table with threshold 15 (max threshold 15)
[2024-02-12T01:44:38.695+0000][7][gc,age      ] GC(356) - age   1:    1996176 bytes,    1996176 total
[2024-02-12T01:44:38.695+0000][7][gc,age      ] GC(356) - age   2:       3104 bytes,    1999280 total
[2024-02-12T01:44:38.695+0000][7][gc,age      ] GC(356) - age   3:       1528 bytes,    2000808 total
[2024-02-12T01:44:38.695+0000][7][gc,age      ] GC(356) - age   4:        336 bytes,    2001144 total
[2024-02-12T01:44:38.695+0000][7][gc,age      ] GC(356) - age   5:     189600 bytes,    2190744 total
[2024-02-12T01:44:38.695+0000][7][gc,age      ] GC(356) - age   6:       8112 bytes,    2198856 total
[2024-02-12T01:44:38.695+0000][7][gc,age      ] GC(356) - age   9:        184 bytes,    2199040 total
[2024-02-12T01:44:38.695+0000][7][gc,age      ] GC(356) - age  13:       2288 bytes,    2201328 total
[2024-02-12T01:44:38.695+0000][7][gc,age      ] GC(356) - age  14:       2384 bytes,    2203712 total
[2024-02-12T01:44:38.695+0000][7][gc,age      ] GC(356) - age  15:       6608 bytes,    2210320 total
[2024-02-12T01:44:38.695+0000][7][gc,heap     ] GC(356) Eden regions: 152->0(152)
[2024-02-12T01:44:38.695+0000][7][gc,heap     ] GC(356) Survivor regions: 1->1(20)
[2024-02-12T01:44:38.695+0000][7][gc,heap     ] GC(356) Old regions: 25->25
[2024-02-12T01:44:38.695+0000][7][gc,heap     ] GC(356) Archive regions: 2->2
[2024-02-12T01:44:38.695+0000][7][gc,heap     ] GC(356) Humongous regions: 0->0
[2024-02-12T01:44:38.695+0000][7][gc,metaspace] GC(356) Metaspace: 129699K(133376K)->129699K(133376K) NonClass: 112721K(114624K)->112721K(114624K) Class: 16977K(18752K)->16977K(18752K)
[2024-02-12T01:44:38.695+0000][7][gc          ] GC(356) Pause Young (Normal) (G1 Evacuation Pause) 711M->104M(1024M) 2.209ms
[2024-02-12T01:44:38.695+0000][7][gc,cpu      ] GC(356) User=0.00s Sys=0.01s Real=0.00s
[2024-02-12T01:44:38.695+0000][7][safepoint   ] Safepoint "G1CollectForAllocation", Time since last: 203998267380 ns, Reaching safepoint: 56600 ns, At safepoint: 2281080 ns, Total: 2337680 ns
[2024-02-12T01:48:02.653+0000][7][gc,start    ] GC(357) Pause Young (Normal) (G1 Evacuation Pause)
[2024-02-12T01:48:02.653+0000][7][gc,task     ] GC(357) Using 8 workers of 8 for evacuation
[2024-02-12T01:48:02.653+0000][7][gc,age      ] GC(357) Desired survivor size 41943040 bytes, new threshold 15 (max threshold 15)
[2024-02-12T01:48:02.655+0000][7][gc,phases   ] GC(357)   Pre Evacuate Collection Set: 0.1ms
[2024-02-12T01:48:02.655+0000][7][gc,phases   ] GC(357)   Merge Heap Roots: 0.1ms
[2024-02-12T01:48:02.655+0000][7][gc,phases   ] GC(357)   Evacuate Collection Set: 1.4ms
[2024-02-12T01:48:02.655+0000][7][gc,phases   ] GC(357)   Post Evacuate Collection Set: 0.7ms
[2024-02-12T01:48:02.655+0000][7][gc,phases   ] GC(357)   Other: 0.1ms
[2024-02-12T01:48:02.655+0000][7][gc,age      ] GC(357) Age table with threshold 15 (max threshold 15)
[2024-02-12T01:48:02.655+0000][7][gc,age      ] GC(357) - age   1:    1273416 bytes,    1273416 total
[2024-02-12T01:48:02.655+0000][7][gc,age      ] GC(357) - age   2:     129704 bytes,    1403120 total
[2024-02-12T01:48:02.655+0000][7][gc,age      ] GC(357) - age   3:        760 bytes,    1403880 total
[2024-02-12T01:48:02.655+0000][7][gc,age      ] GC(357) - age   4:        624 bytes,    1404504 total
[2024-02-12T01:48:02.655+0000][7][gc,age      ] GC(357) - age   6:     189416 bytes,    1593920 total
[2024-02-12T01:48:02.655+0000][7][gc,age      ] GC(357) - age   7:       8080 bytes,    1602000 total
[2024-02-12T01:48:02.655+0000][7][gc,age      ] GC(357) - age  10:        184 bytes,    1602184 total
[2024-02-12T01:48:02.655+0000][7][gc,age      ] GC(357) - age  14:       2288 bytes,    1604472 total
[2024-02-12T01:48:02.655+0000][7][gc,age      ] GC(357) - age  15:       2384 bytes,    1606856 total
[2024-02-12T01:48:02.655+0000][7][gc,heap     ] GC(357) Eden regions: 152->0(152)
[2024-02-12T01:48:02.655+0000][7][gc,heap     ] GC(357) Survivor regions: 1->1(20)
[2024-02-12T01:48:02.655+0000][7][gc,heap     ] GC(357) Old regions: 25->25
[2024-02-12T01:48:02.655+0000][7][gc,heap     ] GC(357) Archive regions: 2->2
[2024-02-12T01:48:02.655+0000][7][gc,heap     ] GC(357) Humongous regions: 0->0
[2024-02-12T01:48:02.655+0000][7][gc,metaspace] GC(357) Metaspace: 129700K(133376K)->129700K(133376K) NonClass: 112722K(114624K)->112722K(114624K) Class: 16977K(18752K)->16977K(18752K)
[2024-02-12T01:48:02.655+0000][7][gc          ] GC(357) Pause Young (Normal) (G1 Evacuation Pause) 712M->104M(1024M) 2.731ms
[2024-02-12T01:48:02.655+0000][7][gc,cpu      ] GC(357) User=0.01s Sys=0.00s Real=0.00s
[2024-02-12T01:48:02.655+0000][7][safepoint   ] Safepoint "G1CollectForAllocation", Time since last: 203957316211 ns, Reaching safepoint: 77388 ns, At safepoint: 2825340 ns, Total: 2902728 ns
[2024-02-12T14:22:00.468+0000][7][safepoint   ] Safepoint "Cleanup", Time since last: 21946818739 ns, Reaching safepoint: 66941 ns, At safepoint: 19946 ns, Total: 86887 ns
[2024-02-12T14:22:03.469+0000][7][safepoint   ] Safepoint "Cleanup", Time since last: 3000235661 ns, Reaching safepoint: 57889 ns, At safepoint: 7047 ns, Total: 64936 ns
[2024-02-12T14:22:14.469+0000][7][safepoint   ] Safepoint "Cleanup", Time since last: 11000781422 ns, Reaching safepoint: 43037 ns, At safepoint: 4552 ns, Total: 47589 ns
[2024-02-12T14:23:16.475+0000][7][safepoint   ] Safepoint "Cleanup", Time since last: 62005547406 ns, Reaching safepoint: 71673 ns, At safepoint: 43025 ns, Total: 114698 ns
[2024-02-12T14:24:23.525+0000][7][gc,start    ] GC(358) Pause Young (Normal) (G1 Evacuation Pause)
[2024-02-12T14:24:23.526+0000][7][gc,task     ] GC(358) Using 8 workers of 8 for evacuation
[2024-02-12T14:24:23.526+0000][7][gc,age      ] GC(358) Desired survivor size 41943040 bytes, new threshold 15 (max threshold 15)
[2024-02-12T14:24:23.528+0000][7][gc,phases   ] GC(358)   Pre Evacuate Collection Set: 0.1ms
[2024-02-12T14:24:23.528+0000][7][gc,phases   ] GC(358)   Merge Heap Roots: 0.1ms
[2024-02-12T14:24:23.528+0000][7][gc,phases   ] GC(358)   Evacuate Collection Set: 1.2ms
[2024-02-12T14:24:23.528+0000][7][gc,phases   ] GC(358)   Post Evacuate Collection Set: 0.7ms
[2024-02-12T14:24:23.528+0000][7][gc,phases   ] GC(358)   Other: 0.1ms
[2024-02-12T14:24:23.528+0000][7][gc,age      ] GC(358) Age table with threshold 15 (max threshold 15)
[2024-02-12T14:24:23.528+0000][7][gc,age      ] GC(358) - age   1:    1302816 bytes,    1302816 total
[2024-02-12T14:24:23.528+0000][7][gc,age      ] GC(358) - age   2:      38056 bytes,    1340872 total
[2024-02-12T14:24:23.528+0000][7][gc,age      ] GC(358) - age   3:     123248 bytes,    1464120 total
[2024-02-12T14:24:23.528+0000][7][gc,age      ] GC(358) - age   4:        568 bytes,    1464688 total
[2024-02-12T14:24:23.528+0000][7][gc,age      ] GC(358) - age   5:        624 bytes,    1465312 total
[2024-02-12T14:24:23.528+0000][7][gc,age      ] GC(358) - age   7:     166688 bytes,    1632000 total
[2024-02-12T14:24:23.528+0000][7][gc,age      ] GC(358) - age  11:        184 bytes,    1632184 total
[2024-02-12T14:24:23.528+0000][7][gc,age      ] GC(358) - age  15:       2288 bytes,    1634472 total
[2024-02-12T14:24:23.528+0000][7][gc,heap     ] GC(358) Eden regions: 152->0(152)
[2024-02-12T14:24:23.528+0000][7][gc,heap     ] GC(358) Survivor regions: 1->1(20)
[2024-02-12T14:24:23.528+0000][7][gc,heap     ] GC(358) Old regions: 25->25
[2024-02-12T14:24:23.528+0000][7][gc,heap     ] GC(358) Archive regions: 2->2
[2024-02-12T14:24:23.528+0000][7][gc,heap     ] GC(358) Humongous regions: 0->0
[2024-02-12T14:24:23.528+0000][7][gc,metaspace] GC(358) Metaspace: 129713K(133376K)->129713K(133376K) NonClass: 112735K(114624K)->112735K(114624K) Class: 16977K(18752K)->16977K(18752K)
[2024-02-12T14:24:23.528+0000][7][gc          ] GC(358) Pause Young (Normal) (G1 Evacuation Pause) 712M->104M(1024M) 2.476ms
[2024-02-12T14:24:23.528+0000][7][gc,cpu      ] GC(358) User=0.01s Sys=0.00s Real=0.00s
[2024-02-12T14:24:23.528+0000][7][safepoint   ] Safepoint "G1CollectForAllocation", Time since last: 67050304398 ns, Reaching safepoint: 46894 ns, At safepoint: 2581683 ns, Total: 2628577 ns
[2024-02-12T14:27:11.548+0000][7][gc,start    ] GC(359) Pause Young (Normal) (G1 Evacuation Pause)
[2024-02-12T14:27:11.548+0000][7][gc,task     ] GC(359) Using 8 workers of 8 for evacuation
[2024-02-12T14:27:11.548+0000][7][gc,age      ] GC(359) Desired survivor size 41943040 bytes, new threshold 15 (max threshold 15)
[2024-02-12T14:27:11.550+0000][7][gc,phases   ] GC(359)   Pre Evacuate Collection Set: 0.1ms
[2024-02-12T14:27:11.550+0000][7][gc,phases   ] GC(359)   Merge Heap Roots: 0.1ms
[2024-02-12T14:27:11.550+0000][7][gc,phases   ] GC(359)   Evacuate Collection Set: 1.5ms
[2024-02-12T14:27:11.550+0000][7][gc,phases   ] GC(359)   Post Evacuate Collection Set: 0.7ms
[2024-02-12T14:27:11.550+0000][7][gc,phases   ] GC(359)   Other: 0.1ms
[2024-02-12T14:27:11.550+0000][7][gc,age      ] GC(359) Age table with threshold 15 (max threshold 15)
[2024-02-12T14:27:11.550+0000][7][gc,age      ] GC(359) - age   1:    1213256 bytes,    1213256 total
[2024-02-12T14:27:11.550+0000][7][gc,age      ] GC(359) - age   2:     298448 bytes,    1511704 total
[2024-02-12T14:27:11.550+0000][7][gc,age      ] GC(359) - age   3:       2192 bytes,    1513896 total
[2024-02-12T14:27:11.550+0000][7][gc,age      ] GC(359) - age   4:     111776 bytes,    1625672 total
[2024-02-12T14:27:11.550+0000][7][gc,age      ] GC(359) - age   5:        568 bytes,    1626240 total
[2024-02-12T14:27:11.550+0000][7][gc,age      ] GC(359) - age   6:        440 bytes,    1626680 total
[2024-02-12T14:27:11.550+0000][7][gc,age      ] GC(359) - age   8:     166688 bytes,    1793368 total
[2024-02-12T14:27:11.550+0000][7][gc,age      ] GC(359) - age  12:        184 bytes,    1793552 total
[2024-02-12T14:27:11.550+0000][7][gc,heap     ] GC(359) Eden regions: 152->0(152)
[2024-02-12T14:27:11.550+0000][7][gc,heap     ] GC(359) Survivor regions: 1->1(20)
[2024-02-12T14:27:11.550+0000][7][gc,heap     ] GC(359) Old regions: 25->25
[2024-02-12T14:27:11.550+0000][7][gc,heap     ] GC(359) Archive regions: 2->2
[2024-02-12T14:27:11.550+0000][7][gc,heap     ] GC(359) Humongous regions: 0->0
[2024-02-12T14:27:11.550+0000][7][gc,metaspace] GC(359) Metaspace: 129713K(133376K)->129713K(133376K) NonClass: 112735K(114624K)->112735K(114624K) Class: 16977K(18752K)->16977K(18752K)
[2024-02-12T14:27:11.551+0000][7][gc          ] GC(359) Pause Young (Normal) (G1 Evacuation Pause) 712M->104M(1024M) 2.759ms
[2024-02-12T14:27:11.551+0000][7][gc,cpu      ] GC(359) User=0.00s Sys=0.00s Real=0.01s
[2024-02-12T14:27:11.551+0000][7][safepoint   ] Safepoint "G1CollectForAllocation", Time since last: 168019601514 ns, Reaching safepoint: 85396 ns, At safepoint: 2854483 ns, Total: 2939879 ns
[2024-02-12T14:27:22.552+0000][7][safepoint   ] Safepoint "Cleanup", Time since last: 11000917881 ns, Reaching safepoint: 41266 ns, At safepoint: 4207 ns, Total: 45473 ns
[2024-02-12T14:29:47.590+0000][7][gc,start    ] GC(360) Pause Young (Normal) (G1 Evacuation Pause)
[2024-02-12T14:29:47.590+0000][7][gc,task     ] GC(360) Using 8 workers of 8 for evacuation
[2024-02-12T14:29:47.590+0000][7][gc,age      ] GC(360) Desired survivor size 41943040 bytes, new threshold 15 (max threshold 15)
[2024-02-12T14:29:47.592+0000][7][gc,phases   ] GC(360)   Pre Evacuate Collection Set: 0.1ms
[2024-02-12T14:29:47.592+0000][7][gc,phases   ] GC(360)   Merge Heap Roots: 0.1ms
[2024-02-12T14:29:47.592+0000][7][gc,phases   ] GC(360)   Evacuate Collection Set: 1.0ms
[2024-02-12T14:29:47.592+0000][7][gc,phases   ] GC(360)   Post Evacuate Collection Set: 0.7ms
[2024-02-12T14:29:47.592+0000][7][gc,phases   ] GC(360)   Other: 0.1ms
[2024-02-12T14:29:47.592+0000][7][gc,age      ] GC(360) Age table with threshold 15 (max threshold 15)
[2024-02-12T14:29:47.592+0000][7][gc,age      ] GC(360) - age   1:     452136 bytes,     452136 total
[2024-02-12T14:29:47.592+0000][7][gc,age      ] GC(360) - age   2:     108200 bytes,     560336 total
[2024-02-12T14:29:47.592+0000][7][gc,age      ] GC(360) - age   3:     295320 bytes,     855656 total
[2024-02-12T14:29:47.592+0000][7][gc,age      ] GC(360) - age   4:       2000 bytes,     857656 total
[2024-02-12T14:29:47.592+0000][7][gc,age      ] GC(360) - age   5:     111712 bytes,     969368 total
[2024-02-12T14:29:47.592+0000][7][gc,age      ] GC(360) - age   6:        568 bytes,     969936 total
[2024-02-12T14:29:47.592+0000][7][gc,age      ] GC(360) - age   7:        440 bytes,     970376 total
[2024-02-12T14:29:47.592+0000][7][gc,age      ] GC(360) - age   9:     166688 bytes,    1137064 total
[2024-02-12T14:29:47.592+0000][7][gc,heap     ] GC(360) Eden regions: 152->0(152)
[2024-02-12T14:29:47.592+0000][7][gc,heap     ] GC(360) Survivor regions: 1->1(20)
[2024-02-12T14:29:47.592+0000][7][gc,heap     ] GC(360) Old regions: 25->25
[2024-02-12T14:29:47.592+0000][7][gc,heap     ] GC(360) Archive regions: 2->2
[2024-02-12T14:29:47.592+0000][7][gc,heap     ] GC(360) Humongous regions: 0->0
[2024-02-12T14:29:47.592+0000][7][gc,metaspace] GC(360) Metaspace: 129713K(133376K)->129713K(133376K) NonClass: 112735K(114624K)->112735K(114624K) Class: 16977K(18752K)->16977K(18752K)
[2024-02-12T14:29:47.592+0000][7][gc          ] GC(360) Pause Young (Normal) (G1 Evacuation Pause) 712M->103M(1024M) 2.232ms
[2024-02-12T14:29:47.592+0000][7][gc,cpu      ] GC(360) User=0.01s Sys=0.00s Real=0.01s
[2024-02-12T14:29:47.592+0000][7][safepoint   ] Safepoint "G1CollectForAllocation", Time since last: 145038100758 ns, Reaching safepoint: 35444 ns, At safepoint: 2325909 ns, Total: 2361353 ns
[2024-02-12T14:30:22.595+0000][7][safepoint   ] Safepoint "Cleanup", Time since last: 35003057076 ns, Reaching safepoint: 72739 ns, At safepoint: 40624 ns, Total: 113363 ns
[2024-02-12T14:32:22.606+0000][7][safepoint   ] Safepoint "Cleanup", Time since last: 120011160771 ns, Reaching safepoint: 59257 ns, At safepoint: 39976 ns, Total: 99233 ns
[2024-02-12T14:33:14.556+0000][7][gc,start    ] GC(361) Pause Young (Normal) (G1 Evacuation Pause)
[2024-02-12T14:33:14.562+0000][7][gc,task     ] GC(361) Using 8 workers of 8 for evacuation
[2024-02-12T14:33:14.562+0000][7][gc,age      ] GC(361) Desired survivor size 41943040 bytes, new threshold 15 (max threshold 15)
[2024-02-12T14:33:14.564+0000][7][gc,phases   ] GC(361)   Pre Evacuate Collection Set: 0.1ms
[2024-02-12T14:33:14.564+0000][7][gc,phases   ] GC(361)   Merge Heap Roots: 0.0ms
[2024-02-12T14:33:14.564+0000][7][gc,phases   ] GC(361)   Evacuate Collection Set: 1.0ms
[2024-02-12T14:33:14.564+0000][7][gc,phases   ] GC(361)   Post Evacuate Collection Set: 0.6ms
[2024-02-12T14:33:14.564+0000][7][gc,phases   ] GC(361)   Other: 0.2ms
[2024-02-12T14:33:14.564+0000][7][gc,age      ] GC(361) Age table with threshold 15 (max threshold 15)
[2024-02-12T14:33:14.564+0000][7][gc,age      ] GC(361) - age   1:     862192 bytes,     862192 total
[2024-02-12T14:33:14.564+0000][7][gc,age      ] GC(361) - age   2:      90512 bytes,     952704 total
[2024-02-12T14:33:14.564+0000][7][gc,age      ] GC(361) - age   3:      98448 bytes,    1051152 total
[2024-02-12T14:33:14.564+0000][7][gc,age      ] GC(361) - age   4:     294880 bytes,    1346032 total
[2024-02-12T14:33:14.564+0000][7][gc,age      ] GC(361) - age   5:       1312 bytes,    1347344 total
[2024-02-12T14:33:14.564+0000][7][gc,age      ] GC(361) - age   6:     111320 bytes,    1458664 total
[2024-02-12T14:33:14.564+0000][7][gc,age      ] GC(361) - age   8:        408 bytes,    1459072 total
[2024-02-12T14:33:14.564+0000][7][gc,age      ] GC(361) - age  10:     166688 bytes,    1625760 total
[2024-02-12T14:33:14.564+0000][7][gc,heap     ] GC(361) Eden regions: 152->0(152)
[2024-02-12T14:33:14.564+0000][7][gc,heap     ] GC(361) Survivor regions: 1->1(20)
[2024-02-12T14:33:14.564+0000][7][gc,heap     ] GC(361) Old regions: 25->25
[2024-02-12T14:33:14.564+0000][7][gc,heap     ] GC(361) Archive regions: 2->2
[2024-02-12T14:33:14.564+0000][7][gc,heap     ] GC(361) Humongous regions: 0->0
[2024-02-12T14:33:14.564+0000][7][gc,metaspace] GC(361) Metaspace: 129713K(133376K)->129713K(133376K) NonClass: 112735K(114624K)->112735K(114624K) Class: 16977K(18752K)->16977K(18752K)
[2024-02-12T14:33:14.564+0000][7][gc          ] GC(361) Pause Young (Normal) (G1 Evacuation Pause) 711M->104M(1024M) 8.216ms
[2024-02-12T14:33:14.564+0000][7][gc,cpu      ] GC(361) User=0.01s Sys=0.00s Real=0.01s
[2024-02-12T14:33:14.564+0000][7][safepoint   ] Safepoint "G1CollectForAllocation", Time since last: 51949717420 ns, Reaching safepoint: 38378 ns, At safepoint: 8298440 ns, Total: 8336818 ns
[2024-02-12T14:33:20.952+0000][7][safepoint   ] Safepoint "Cleanup", Time since last: 6387566492 ns, Reaching safepoint: 64546 ns, At safepoint: 4727 ns, Total: 69273 ns
[2024-02-12T14:34:22.958+0000][7][safepoint   ] Safepoint "Cleanup", Time since last: 62005395100 ns, Reaching safepoint: 56288 ns, At safepoint: 4787 ns, Total: 61075 ns
[2024-02-12T14:36:41.649+0000][7][gc,start    ] GC(362) Pause Young (Normal) (G1 Evacuation Pause)
[2024-02-12T14:36:41.650+0000][7][gc,task     ] GC(362) Using 8 workers of 8 for evacuation
[2024-02-12T14:36:41.650+0000][7][gc,age      ] GC(362) Desired survivor size 41943040 bytes, new threshold 15 (max threshold 15)
[2024-02-12T14:36:41.652+0000][7][gc,phases   ] GC(362)   Pre Evacuate Collection Set: 0.1ms
[2024-02-12T14:36:41.652+0000][7][gc,phases   ] GC(362)   Merge Heap Roots: 0.1ms
[2024-02-12T14:36:41.652+0000][7][gc,phases   ] GC(362)   Evacuate Collection Set: 1.5ms
[2024-02-12T14:36:41.652+0000][7][gc,phases   ] GC(362)   Post Evacuate Collection Set: 0.8ms
[2024-02-12T14:36:41.652+0000][7][gc,phases   ] GC(362)   Other: 0.1ms
[2024-02-12T14:36:41.652+0000][7][gc,age      ] GC(362) Age table with threshold 15 (max threshold 15)
[2024-02-12T14:36:41.652+0000][7][gc,age      ] GC(362) - age   1:    1029952 bytes,    1029952 total
[2024-02-12T14:36:41.652+0000][7][gc,age      ] GC(362) - age   2:      35344 bytes,    1065296 total
[2024-02-12T14:36:41.652+0000][7][gc,age      ] GC(362) - age   3:      89048 bytes,    1154344 total
[2024-02-12T14:36:41.652+0000][7][gc,age      ] GC(362) - age   4:      94800 bytes,    1249144 total
[2024-02-12T14:36:41.652+0000][7][gc,age      ] GC(362) - age   5:     294816 bytes,    1543960 total
[2024-02-12T14:36:41.652+0000][7][gc,age      ] GC(362) - age   6:       1312 bytes,    1545272 total
[2024-02-12T14:36:41.652+0000][7][gc,age      ] GC(362) - age   7:     111320 bytes,    1656592 total
[2024-02-12T14:36:41.652+0000][7][gc,age      ] GC(362) - age   9:        408 bytes,    1657000 total
[2024-02-12T14:36:41.652+0000][7][gc,age      ] GC(362) - age  11:     166688 bytes,    1823688 total
[2024-02-12T14:36:41.652+0000][7][gc,heap     ] GC(362) Eden regions: 152->0(152)
[2024-02-12T14:36:41.652+0000][7][gc,heap     ] GC(362) Survivor regions: 1->1(20)
[2024-02-12T14:36:41.652+0000][7][gc,heap     ] GC(362) Old regions: 25->25
[2024-02-12T14:36:41.652+0000][7][gc,heap     ] GC(362) Archive regions: 2->2
[2024-02-12T14:36:41.652+0000][7][gc,heap     ] GC(362) Humongous regions: 0->0
[2024-02-12T14:36:41.652+0000][7][gc,metaspace] GC(362) Metaspace: 129713K(133376K)->129713K(133376K) NonClass: 112735K(114624K)->112735K(114624K) Class: 16977K(18752K)->16977K(18752K)
[2024-02-12T14:36:41.652+0000][7][gc          ] GC(362) Pause Young (Normal) (G1 Evacuation Pause) 712M->104M(1024M) 3.195ms
[2024-02-12T14:36:41.652+0000][7][gc,cpu      ] GC(362) User=0.01s Sys=0.00s Real=0.01s
[2024-02-12T14:36:41.653+0000][7][safepoint   ] Safepoint "G1CollectForAllocation", Time since last: 138691568485 ns, Reaching safepoint: 94808 ns, At safepoint: 3293576 ns, Total: 3388384 ns
[2024-02-12T14:40:06.126+0000][7][gc,start    ] GC(363) Pause Young (Normal) (G1 Evacuation Pause)
[2024-02-12T14:40:06.126+0000][7][gc,task     ] GC(363) Using 8 workers of 8 for evacuation
[2024-02-12T14:40:06.126+0000][7][gc,age      ] GC(363) Desired survivor size 41943040 bytes, new threshold 15 (max threshold 15)
[2024-02-12T14:40:06.129+0000][7][gc,phases   ] GC(363)   Pre Evacuate Collection Set: 0.1ms
[2024-02-12T14:40:06.129+0000][7][gc,phases   ] GC(363)   Merge Heap Roots: 0.1ms
[2024-02-12T14:40:06.129+0000][7][gc,phases   ] GC(363)   Evacuate Collection Set: 1.9ms
[2024-02-12T14:40:06.129+0000][7][gc,phases   ] GC(363)   Post Evacuate Collection Set: 1.1ms
[2024-02-12T14:40:06.129+0000][7][gc,phases   ] GC(363)   Other: 0.1ms
[2024-02-12T14:40:06.129+0000][7][gc,age      ] GC(363) Age table with threshold 15 (max threshold 15)
[2024-02-12T14:40:06.129+0000][7][gc,age      ] GC(363) - age   1:    1462488 bytes,    1462488 total
[2024-02-12T14:40:06.129+0000][7][gc,age      ] GC(363) - age   2:      11336 bytes,    1473824 total
[2024-02-12T14:40:06.129+0000][7][gc,age      ] GC(363) - age   3:      33024 bytes,    1506848 total
[2024-02-12T14:40:06.129+0000][7][gc,age      ] GC(363) - age   4:      88944 bytes,    1595792 total
[2024-02-12T14:40:06.129+0000][7][gc,age      ] GC(363) - age   5:      94800 bytes,    1690592 total
[2024-02-12T14:40:06.129+0000][7][gc,age      ] GC(363) - age   6:     294632 bytes,    1985224 total
[2024-02-12T14:40:06.129+0000][7][gc,age      ] GC(363) - age   7:       1280 bytes,    1986504 total
[2024-02-12T14:40:06.129+0000][7][gc,age      ] GC(363) - age   8:     111320 bytes,    2097824 total
[2024-02-12T14:40:06.129+0000][7][gc,age      ] GC(363) - age  10:        408 bytes,    2098232 total
[2024-02-12T14:40:06.129+0000][7][gc,age      ] GC(363) - age  12:     166504 bytes,    2264736 total
[2024-02-12T14:40:06.129+0000][7][gc,heap     ] GC(363) Eden regions: 152->0(152)
[2024-02-12T14:40:06.129+0000][7][gc,heap     ] GC(363) Survivor regions: 1->1(20)
[2024-02-12T14:40:06.129+0000][7][gc,heap     ] GC(363) Old regions: 25->25
[2024-02-12T14:40:06.129+0000][7][gc,heap     ] GC(363) Archive regions: 2->2
[2024-02-12T14:40:06.129+0000][7][gc,heap     ] GC(363) Humongous regions: 0->0
[2024-02-12T14:40:06.129+0000][7][gc,metaspace] GC(363) Metaspace: 129714K(133376K)->129714K(133376K) NonClass: 112736K(114624K)->112736K(114624K) Class: 16977K(18752K)->16977K(18752K)
[2024-02-12T14:40:06.129+0000][7][gc          ] GC(363) Pause Young (Normal) (G1 Evacuation Pause) 712M->104M(1024M) 3.672ms
[2024-02-12T14:40:06.129+0000][7][gc,cpu      ] GC(363) User=0.02s Sys=0.00s Real=0.00s
[2024-02-12T14:40:06.129+0000][7][safepoint   ] Safepoint "G1CollectForAllocation", Time since last: 204472954546 ns, Reaching safepoint: 66367 ns, At safepoint: 3783524 ns, Total: 3849891 ns
[2024-02-12T14:43:15.796+0000][7][gc,start    ] GC(364) Pause Young (Normal) (G1 Evacuation Pause)
[2024-02-12T14:43:15.796+0000][7][gc,task     ] GC(364) Using 8 workers of 8 for evacuation
[2024-02-12T14:43:15.797+0000][7][gc,age      ] GC(364) Desired survivor size 41943040 bytes, new threshold 15 (max threshold 15)
[2024-02-12T14:43:15.799+0000][7][gc,phases   ] GC(364)   Pre Evacuate Collection Set: 0.1ms
[2024-02-12T14:43:15.799+0000][7][gc,phases   ] GC(364)   Merge Heap Roots: 0.1ms
[2024-02-12T14:43:15.799+0000][7][gc,phases   ] GC(364)   Evacuate Collection Set: 1.2ms
[2024-02-12T14:43:15.799+0000][7][gc,phases   ] GC(364)   Post Evacuate Collection Set: 0.8ms
[2024-02-12T14:43:15.799+0000][7][gc,phases   ] GC(364)   Other: 0.1ms
[2024-02-12T14:43:15.799+0000][7][gc,age      ] GC(364) Age table with threshold 15 (max threshold 15)
[2024-02-12T14:43:15.799+0000][7][gc,age      ] GC(364) - age   1:     774832 bytes,     774832 total
[2024-02-12T14:43:15.799+0000][7][gc,age      ] GC(364) - age   2:      18304 bytes,     793136 total
[2024-02-12T14:43:15.799+0000][7][gc,age      ] GC(364) - age   3:      10376 bytes,     803512 total
[2024-02-12T14:43:15.799+0000][7][gc,age      ] GC(364) - age   4:      32960 bytes,     836472 total
[2024-02-12T14:43:15.799+0000][7][gc,age      ] GC(364) - age   5:      88944 bytes,     925416 total
[2024-02-12T14:43:15.799+0000][7][gc,age      ] GC(364) - age   6:      94800 bytes,    1020216 total
[2024-02-12T14:43:15.799+0000][7][gc,age      ] GC(364) - age   7:     262328 bytes,    1282544 total
[2024-02-12T14:43:15.799+0000][7][gc,age      ] GC(364) - age   8:       1280 bytes,    1283824 total
[2024-02-12T14:43:15.799+0000][7][gc,age      ] GC(364) - age   9:     111320 bytes,    1395144 total
[2024-02-12T14:43:15.799+0000][7][gc,age      ] GC(364) - age  11:        224 bytes,    1395368 total
[2024-02-12T14:43:15.799+0000][7][gc,age      ] GC(364) - age  13:     166504 bytes,    1561872 total
[2024-02-12T14:43:15.799+0000][7][gc,heap     ] GC(364) Eden regions: 152->0(152)
[2024-02-12T14:43:15.799+0000][7][gc,heap     ] GC(364) Survivor regions: 1->1(20)
[2024-02-12T14:43:15.799+0000][7][gc,heap     ] GC(364) Old regions: 25->25
[2024-02-12T14:43:15.799+0000][7][gc,heap     ] GC(364) Archive regions: 2->2
[2024-02-12T14:43:15.799+0000][7][gc,heap     ] GC(364) Humongous regions: 0->0
[2024-02-12T14:43:15.799+0000][7][gc,metaspace] GC(364) Metaspace: 129714K(133376K)->129714K(133376K) NonClass: 112736K(114624K)->112736K(114624K) Class: 16977K(18752K)->16977K(18752K)
[2024-02-12T14:43:15.799+0000][7][gc          ] GC(364) Pause Young (Normal) (G1 Evacuation Pause) 712M->104M(1024M) 2.602ms
[2024-02-12T14:43:15.799+0000][7][gc,cpu      ] GC(364) User=0.01s Sys=0.00s Real=0.00s
[2024-02-12T14:43:15.799+0000][7][safepoint   ] Safepoint "G1CollectForAllocation", Time since last: 189667013193 ns, Reaching safepoint: 36581 ns, At safepoint: 2690060 ns, Total: 2726641 ns
[2024-02-12T14:46:41.605+0000][7][gc,start    ] GC(365) Pause Young (Normal) (G1 Evacuation Pause)
[2024-02-12T14:46:41.605+0000][7][gc,task     ] GC(365) Using 8 workers of 8 for evacuation
[2024-02-12T14:46:41.605+0000][7][gc,age      ] GC(365) Desired survivor size 41943040 bytes, new threshold 15 (max threshold 15)
[2024-02-12T14:46:41.608+0000][7][gc,phases   ] GC(365)   Pre Evacuate Collection Set: 0.1ms
[2024-02-12T14:46:41.608+0000][7][gc,phases   ] GC(365)   Merge Heap Roots: 0.1ms
[2024-02-12T14:46:41.608+0000][7][gc,phases   ] GC(365)   Evacuate Collection Set: 1.5ms
[2024-02-12T14:46:41.608+0000][7][gc,phases   ] GC(365)   Post Evacuate Collection Set: 0.8ms
[2024-02-12T14:46:41.608+0000][7][gc,phases   ] GC(365)   Other: 0.1ms
[2024-02-12T14:46:41.608+0000][7][gc,age      ] GC(365) Age table with threshold 15 (max threshold 15)
[2024-02-12T14:46:41.608+0000][7][gc,age      ] GC(365) - age   1:    1197240 bytes,    1197240 total
[2024-02-12T14:46:41.608+0000][7][gc,age      ] GC(365) - age   2:       2008 bytes,    1199248 total
[2024-02-12T14:46:41.608+0000][7][gc,age      ] GC(365) - age   3:      15744 bytes,    1214992 total
[2024-02-12T14:46:41.608+0000][7][gc,age      ] GC(365) - age   4:       6376 bytes,    1221368 total
[2024-02-12T14:46:41.608+0000][7][gc,age      ] GC(365) - age   5:      32568 bytes,    1253936 total
[2024-02-12T14:46:41.608+0000][7][gc,age      ] GC(365) - age   6:      88944 bytes,    1342880 total
[2024-02-12T14:46:41.608+0000][7][gc,age      ] GC(365) - age   7:      94800 bytes,    1437680 total
[2024-02-12T14:46:41.608+0000][7][gc,age      ] GC(365) - age   8:     262328 bytes,    1700008 total
[2024-02-12T14:46:41.608+0000][7][gc,age      ] GC(365) - age   9:       1096 bytes,    1701104 total
[2024-02-12T14:46:41.608+0000][7][gc,age      ] GC(365) - age  10:     111320 bytes,    1812424 total
[2024-02-12T14:46:41.608+0000][7][gc,age      ] GC(365) - age  12:        192 bytes,    1812616 total
[2024-02-12T14:46:41.608+0000][7][gc,age      ] GC(365) - age  14:     166504 bytes,    1979120 total
[2024-02-12T14:46:41.608+0000][7][gc,heap     ] GC(365) Eden regions: 152->0(152)
[2024-02-12T14:46:41.608+0000][7][gc,heap     ] GC(365) Survivor regions: 1->1(20)
[2024-02-12T14:46:41.608+0000][7][gc,heap     ] GC(365) Old regions: 25->25
[2024-02-12T14:46:41.608+0000][7][gc,heap     ] GC(365) Archive regions: 2->2
[2024-02-12T14:46:41.608+0000][7][gc,heap     ] GC(365) Humongous regions: 0->0
[2024-02-12T14:46:41.608+0000][7][gc,metaspace] GC(365) Metaspace: 129714K(133376K)->129714K(133376K) NonClass: 112736K(114624K)->112736K(114624K) Class: 16977K(18752K)->16977K(18752K)
[2024-02-12T14:46:41.608+0000][7][gc          ] GC(365) Pause Young (Normal) (G1 Evacuation Pause) 712M->104M(1024M) 2.818ms
[2024-02-12T14:46:41.608+0000][7][gc,cpu      ] GC(365) User=0.01s Sys=0.00s Real=0.00s
[2024-02-12T14:46:41.608+0000][7][safepoint   ] Safepoint "G1CollectForAllocation", Time since last: 205806212848 ns, Reaching safepoint: 36043 ns, At safepoint: 2931693 ns, Total: 2967736 ns
[2024-02-12T14:47:22.612+0000][7][safepoint   ] Safepoint "Cleanup", Time since last: 41003489526 ns, Reaching safepoint: 56432 ns, At safepoint: 6612 ns, Total: 63044 ns
[2024-02-12T14:47:29.613+0000][7][safepoint   ] Safepoint "Cleanup", Time since last: 7000670514 ns, Reaching safepoint: 66030 ns, At safepoint: 10753 ns, Total: 76783 ns
[2024-02-12T14:50:11.629+0000][7][gc,start    ] GC(366) Pause Young (Normal) (G1 Evacuation Pause)
[2024-02-12T14:50:11.629+0000][7][gc,task     ] GC(366) Using 8 workers of 8 for evacuation
[2024-02-12T14:50:11.629+0000][7][gc,age      ] GC(366) Desired survivor size 41943040 bytes, new threshold 15 (max threshold 15)
[2024-02-12T14:50:11.632+0000][7][gc,phases   ] GC(366)   Pre Evacuate Collection Set: 0.1ms
[2024-02-12T14:50:11.632+0000][7][gc,phases   ] GC(366)   Merge Heap Roots: 0.1ms
[2024-02-12T14:50:11.632+0000][7][gc,phases   ] GC(366)   Evacuate Collection Set: 1.5ms
[2024-02-12T14:50:11.632+0000][7][gc,phases   ] GC(366)   Post Evacuate Collection Set: 0.7ms
[2024-02-12T14:50:11.632+0000][7][gc,phases   ] GC(366)   Other: 0.1ms
[2024-02-12T14:50:11.632+0000][7][gc,age      ] GC(366) Age table with threshold 15 (max threshold 15)
[2024-02-12T14:50:11.632+0000][7][gc,age      ] GC(366) - age   1:    1443592 bytes,    1443592 total
[2024-02-12T14:50:11.632+0000][7][gc,age      ] GC(366) - age   2:       7104 bytes,    1450696 total
[2024-02-12T14:50:11.632+0000][7][gc,age      ] GC(366) - age   3:        320 bytes,    1451016 total
[2024-02-12T14:50:11.632+0000][7][gc,age      ] GC(366) - age   4:      14592 bytes,    1465608 total
[2024-02-12T14:50:11.632+0000][7][gc,age      ] GC(366) - age   5:       6376 bytes,    1471984 total
[2024-02-12T14:50:11.632+0000][7][gc,age      ] GC(366) - age   6:      32536 bytes,    1504520 total
[2024-02-12T14:50:11.632+0000][7][gc,age      ] GC(366) - age   7:      88944 bytes,    1593464 total
[2024-02-12T14:50:11.632+0000][7][gc,age      ] GC(366) - age   8:      94800 bytes,    1688264 total
[2024-02-12T14:50:11.632+0000][7][gc,age      ] GC(366) - age   9:     262232 bytes,    1950496 total
[2024-02-12T14:50:11.632+0000][7][gc,age      ] GC(366) - age  10:       1096 bytes,    1951592 total
[2024-02-12T14:50:11.632+0000][7][gc,age      ] GC(366) - age  11:     111320 bytes,    2062912 total
[2024-02-12T14:50:11.632+0000][7][gc,age      ] GC(366) - age  13:        192 bytes,    2063104 total
[2024-02-12T14:50:11.632+0000][7][gc,age      ] GC(366) - age  15:     166504 bytes,    2229608 total
[2024-02-12T14:50:11.632+0000][7][gc,heap     ] GC(366) Eden regions: 152->0(152)
[2024-02-12T14:50:11.632+0000][7][gc,heap     ] GC(366) Survivor regions: 1->1(20)
[2024-02-12T14:50:11.632+0000][7][gc,heap     ] GC(366) Old regions: 25->25
[2024-02-12T14:50:11.632+0000][7][gc,heap     ] GC(366) Archive regions: 2->2
[2024-02-12T14:50:11.632+0000][7][gc,heap     ] GC(366) Humongous regions: 0->0
[2024-02-12T14:50:11.632+0000][7][gc,metaspace] GC(366) Metaspace: 129717K(133376K)->129717K(133376K) NonClass: 112739K(114624K)->112739K(114624K) Class: 16977K(18752K)->16977K(18752K)
[2024-02-12T14:50:11.632+0000][7][gc          ] GC(366) Pause Young (Normal) (G1 Evacuation Pause) 712M->104M(1024M) 2.754ms
[2024-02-12T14:50:11.632+0000][7][gc,cpu      ] GC(366) User=0.02s Sys=0.00s Real=0.01s
[2024-02-12T14:50:11.632+0000][7][safepoint   ] Safepoint "G1CollectForAllocation", Time since last: 162016470964 ns, Reaching safepoint: 68597 ns, At safepoint: 2848458 ns, Total: 2917055 ns
[2024-02-12T14:53:29.757+0000][7][gc,start    ] GC(367) Pause Young (Normal) (G1 Evacuation Pause)
[2024-02-12T14:53:29.757+0000][7][gc,task     ] GC(367) Using 8 workers of 8 for evacuation
[2024-02-12T14:53:29.757+0000][7][gc,age      ] GC(367) Desired survivor size 41943040 bytes, new threshold 15 (max threshold 15)
[2024-02-12T14:53:29.761+0000][7][gc,phases   ] GC(367)   Pre Evacuate Collection Set: 0.1ms
[2024-02-12T14:53:29.761+0000][7][gc,phases   ] GC(367)   Merge Heap Roots: 0.1ms
[2024-02-12T14:53:29.761+0000][7][gc,phases   ] GC(367)   Evacuate Collection Set: 2.7ms
[2024-02-12T14:53:29.761+0000][7][gc,phases   ] GC(367)   Post Evacuate Collection Set: 0.9ms
[2024-02-12T14:53:29.761+0000][7][gc,phases   ] GC(367)   Other: 0.2ms
[2024-02-12T14:53:29.761+0000][7][gc,age      ] GC(367) Age table with threshold 15 (max threshold 15)
[2024-02-12T14:53:29.761+0000][7][gc,age      ] GC(367) - age   1:    1654272 bytes,    1654272 total
[2024-02-12T14:53:29.761+0000][7][gc,age      ] GC(367) - age   2:       3544 bytes,    1657816 total
[2024-02-12T14:53:29.761+0000][7][gc,age      ] GC(367) - age   3:       4696 bytes,    1662512 total
[2024-02-12T14:53:29.761+0000][7][gc,age      ] GC(367) - age   4:        128 bytes,    1662640 total
[2024-02-12T14:53:29.761+0000][7][gc,age      ] GC(367) - age   5:      14592 bytes,    1677232 total
[2024-02-12T14:53:29.761+0000][7][gc,age      ] GC(367) - age   6:       6376 bytes,    1683608 total
[2024-02-12T14:53:29.761+0000][7][gc,age      ] GC(367) - age   7:      31968 bytes,    1715576 total
[2024-02-12T14:53:29.761+0000][7][gc,age      ] GC(367) - age   8:      88760 bytes,    1804336 total
[2024-02-12T14:53:29.761+0000][7][gc,age      ] GC(367) - age   9:      94800 bytes,    1899136 total
[2024-02-12T14:53:29.761+0000][7][gc,age      ] GC(367) - age  10:     262232 bytes,    2161368 total
[2024-02-12T14:53:29.761+0000][7][gc,age      ] GC(367) - age  11:       1096 bytes,    2162464 total
[2024-02-12T14:53:29.761+0000][7][gc,age      ] GC(367) - age  12:     111320 bytes,    2273784 total
[2024-02-12T14:53:29.761+0000][7][gc,age      ] GC(367) - age  14:        192 bytes,    2273976 total
[2024-02-12T14:53:29.761+0000][7][gc,heap     ] GC(367) Eden regions: 152->0(152)
[2024-02-12T14:53:29.761+0000][7][gc,heap     ] GC(367) Survivor regions: 1->1(20)
[2024-02-12T14:53:29.761+0000][7][gc,heap     ] GC(367) Old regions: 25->25
[2024-02-12T14:53:29.761+0000][7][gc,heap     ] GC(367) Archive regions: 2->2
[2024-02-12T14:53:29.761+0000][7][gc,heap     ] GC(367) Humongous regions: 0->0
[2024-02-12T14:53:29.761+0000][7][gc,metaspace] GC(367) Metaspace: 129718K(133376K)->129718K(133376K) NonClass: 112740K(114624K)->112740K(114624K) Class: 16977K(18752K)->16977K(18752K)
[2024-02-12T14:53:29.761+0000][7][gc          ] GC(367) Pause Young (Normal) (G1 Evacuation Pause) 712M->104M(1024M) 4.354ms
[2024-02-12T14:53:29.761+0000][7][gc,cpu      ] GC(367) User=0.02s Sys=0.00s Real=0.00s
[2024-02-12T14:53:29.761+0000][7][safepoint   ] Safepoint "G1CollectForAllocation", Time since last: 198124682515 ns, Reaching safepoint: 45414 ns, At safepoint: 4453766 ns, Total: 4499180 ns
[2024-02-12T14:56:59.660+0000][7][gc,start    ] GC(368) Pause Young (Normal) (G1 Evacuation Pause)
[2024-02-12T14:56:59.660+0000][7][gc,task     ] GC(368) Using 8 workers of 8 for evacuation
[2024-02-12T14:56:59.660+0000][7][gc,age      ] GC(368) Desired survivor size 41943040 bytes, new threshold 15 (max threshold 15)
[2024-02-12T14:56:59.662+0000][7][gc,phases   ] GC(368)   Pre Evacuate Collection Set: 0.1ms
[2024-02-12T14:56:59.662+0000][7][gc,phases   ] GC(368)   Merge Heap Roots: 0.1ms
[2024-02-12T14:56:59.662+0000][7][gc,phases   ] GC(368)   Evacuate Collection Set: 1.0ms
[2024-02-12T14:56:59.662+0000][7][gc,phases   ] GC(368)   Post Evacuate Collection Set: 0.7ms
[2024-02-12T14:56:59.662+0000][7][gc,phases   ] GC(368)   Other: 0.1ms
[2024-02-12T14:56:59.662+0000][7][gc,age      ] GC(368) Age table with threshold 15 (max threshold 15)
[2024-02-12T14:56:59.662+0000][7][gc,age      ] GC(368) - age   1:     816376 bytes,     816376 total
[2024-02-12T14:56:59.662+0000][7][gc,age      ] GC(368) - age   2:       3496 bytes,     819872 total
[2024-02-12T14:56:59.662+0000][7][gc,age      ] GC(368) - age   3:       1592 bytes,     821464 total
[2024-02-12T14:56:59.663+0000][7][gc,age      ] GC(368) - age   4:        920 bytes,     822384 total
[2024-02-12T14:56:59.663+0000][7][gc,age      ] GC(368) - age   6:      14592 bytes,     836976 total
[2024-02-12T14:56:59.663+0000][7][gc,age      ] GC(368) - age   7:       6376 bytes,     843352 total
[2024-02-12T14:56:59.663+0000][7][gc,age      ] GC(368) - age   8:      31968 bytes,     875320 total
[2024-02-12T14:56:59.663+0000][7][gc,age      ] GC(368) - age   9:      88760 bytes,     964080 total
[2024-02-12T14:56:59.663+0000][7][gc,age      ] GC(368) - age  10:      94800 bytes,    1058880 total
[2024-02-12T14:56:59.663+0000][7][gc,age      ] GC(368) - age  11:     262232 bytes,    1321112 total
[2024-02-12T14:56:59.663+0000][7][gc,age      ] GC(368) - age  12:       1096 bytes,    1322208 total
[2024-02-12T14:56:59.663+0000][7][gc,age      ] GC(368) - age  13:     111320 bytes,    1433528 total
[2024-02-12T14:56:59.663+0000][7][gc,age      ] GC(368) - age  15:        192 bytes,    1433720 total
[2024-02-12T14:56:59.663+0000][7][gc,heap     ] GC(368) Eden regions: 152->0(152)
[2024-02-12T14:56:59.663+0000][7][gc,heap     ] GC(368) Survivor regions: 1->1(20)
[2024-02-12T14:56:59.663+0000][7][gc,heap     ] GC(368) Old regions: 25->25
[2024-02-12T14:56:59.663+0000][7][gc,heap     ] GC(368) Archive regions: 2->2
[2024-02-12T14:56:59.663+0000][7][gc,heap     ] GC(368) Humongous regions: 0->0
[2024-02-12T14:56:59.663+0000][7][gc,metaspace] GC(368) Metaspace: 129718K(133376K)->129718K(133376K) NonClass: 112740K(114624K)->112740K(114624K) Class: 16977K(18752K)->16977K(18752K)
[2024-02-12T14:56:59.663+0000][7][gc          ] GC(368) Pause Young (Normal) (G1 Evacuation Pause) 712M->104M(1024M) 2.208ms
[2024-02-12T14:56:59.663+0000][7][gc,cpu      ] GC(368) User=0.01s Sys=0.00s Real=0.01s
[2024-02-12T14:56:59.663+0000][7][safepoint   ] Safepoint "G1CollectForAllocation", Time since last: 209899210198 ns, Reaching safepoint: 46952 ns, At safepoint: 2292129 ns, Total: 2339081 ns
[2024-02-12T14:57:29.666+0000][7][safepoint   ] Safepoint "Cleanup", Time since last: 30003058205 ns, Reaching safepoint: 53565 ns, At safepoint: 4737 ns, Total: 58302 ns
[2024-02-12T14:59:59.726+0000][7][gc,start    ] GC(369) Pause Young (Normal) (G1 Evacuation Pause)
[2024-02-12T14:59:59.726+0000][7][gc,task     ] GC(369) Using 8 workers of 8 for evacuation
[2024-02-12T14:59:59.726+0000][7][gc,age      ] GC(369) Desired survivor size 41943040 bytes, new threshold 15 (max threshold 15)
[2024-02-12T14:59:59.728+0000][7][gc,phases   ] GC(369)   Pre Evacuate Collection Set: 0.1ms
[2024-02-12T14:59:59.728+0000][7][gc,phases   ] GC(369)   Merge Heap Roots: 0.0ms
[2024-02-12T14:59:59.728+0000][7][gc,phases   ] GC(369)   Evacuate Collection Set: 1.1ms
[2024-02-12T14:59:59.728+0000][7][gc,phases   ] GC(369)   Post Evacuate Collection Set: 0.6ms
[2024-02-12T14:59:59.728+0000][7][gc,phases   ] GC(369)   Other: 0.1ms
[2024-02-12T14:59:59.728+0000][7][gc,age      ] GC(369) Age table with threshold 15 (max threshold 15)
[2024-02-12T14:59:59.728+0000][7][gc,age      ] GC(369) - age   1:    1617080 bytes,    1617080 total
[2024-02-12T14:59:59.728+0000][7][gc,age      ] GC(369) - age   2:       6816 bytes,    1623896 total
[2024-02-12T14:59:59.728+0000][7][gc,age      ] GC(369) - age   3:        696 bytes,    1624592 total
[2024-02-12T14:59:59.728+0000][7][gc,age      ] GC(369) - age   4:        376 bytes,    1624968 total
[2024-02-12T14:59:59.728+0000][7][gc,age      ] GC(369) - age   5:        792 bytes,    1625760 total
[2024-02-12T14:59:59.728+0000][7][gc,age      ] GC(369) - age   7:      14560 bytes,    1640320 total
[2024-02-12T14:59:59.728+0000][7][gc,age      ] GC(369) - age   8:       6376 bytes,    1646696 total
[2024-02-12T14:59:59.728+0000][7][gc,age      ] GC(369) - age   9:      31968 bytes,    1678664 total
[2024-02-12T14:59:59.728+0000][7][gc,age      ] GC(369) - age  10:      88760 bytes,    1767424 total
[2024-02-12T14:59:59.728+0000][7][gc,age      ] GC(369) - age  11:      94800 bytes,    1862224 total
[2024-02-12T14:59:59.728+0000][7][gc,age      ] GC(369) - age  12:     262232 bytes,    2124456 total
[2024-02-12T14:59:59.728+0000][7][gc,age      ] GC(369) - age  13:       1096 bytes,    2125552 total
[2024-02-12T14:59:59.728+0000][7][gc,age      ] GC(369) - age  14:     111320 bytes,    2236872 total
[2024-02-12T14:59:59.728+0000][7][gc,heap     ] GC(369) Eden regions: 152->0(152)
[2024-02-12T14:59:59.728+0000][7][gc,heap     ] GC(369) Survivor regions: 1->1(20)
[2024-02-12T14:59:59.728+0000][7][gc,heap     ] GC(369) Old regions: 25->25
[2024-02-12T14:59:59.728+0000][7][gc,heap     ] GC(369) Archive regions: 2->2
[2024-02-12T14:59:59.728+0000][7][gc,heap     ] GC(369) Humongous regions: 0->0
[2024-02-12T14:59:59.728+0000][7][gc,metaspace] GC(369) Metaspace: 129718K(133376K)->129718K(133376K) NonClass: 112740K(114624K)->112740K(114624K) Class: 16977K(18752K)->16977K(18752K)
[2024-02-12T14:59:59.728+0000][7][gc          ] GC(369) Pause Young (Normal) (G1 Evacuation Pause) 712M->104M(1024M) 2.109ms
[2024-02-12T14:59:59.728+0000][7][gc,cpu      ] GC(369) User=0.01s Sys=0.00s Real=0.00s
[2024-02-12T14:59:59.728+0000][7][safepoint   ] Safepoint "G1CollectForAllocation", Time since last: 150059745532 ns, Reaching safepoint: 27829 ns, At safepoint: 2184997 ns, Total: 2212826 ns
[2024-02-12T15:03:23.715+0000][7][gc,start    ] GC(370) Pause Young (Normal) (G1 Evacuation Pause)
[2024-02-12T15:03:23.715+0000][7][gc,task     ] GC(370) Using 8 workers of 8 for evacuation
[2024-02-12T15:03:23.715+0000][7][gc,age      ] GC(370) Desired survivor size 41943040 bytes, new threshold 15 (max threshold 15)
[2024-02-12T15:03:23.717+0000][7][gc,phases   ] GC(370)   Pre Evacuate Collection Set: 0.1ms
[2024-02-12T15:03:23.717+0000][7][gc,phases   ] GC(370)   Merge Heap Roots: 0.1ms
[2024-02-12T15:03:23.717+0000][7][gc,phases   ] GC(370)   Evacuate Collection Set: 1.4ms
[2024-02-12T15:03:23.717+0000][7][gc,phases   ] GC(370)   Post Evacuate Collection Set: 0.5ms
[2024-02-12T15:03:23.717+0000][7][gc,phases   ] GC(370)   Other: 0.1ms
[2024-02-12T15:03:23.717+0000][7][gc,age      ] GC(370) Age table with threshold 15 (max threshold 15)
[2024-02-12T15:03:23.717+0000][7][gc,age      ] GC(370) - age   1:    1624336 bytes,    1624336 total
[2024-02-12T15:03:23.717+0000][7][gc,age      ] GC(370) - age   2:       3584 bytes,    1627920 total
[2024-02-12T15:03:23.717+0000][7][gc,age      ] GC(370) - age   3:       3640 bytes,    1631560 total
[2024-02-12T15:03:23.717+0000][7][gc,age      ] GC(370) - age   4:        448 bytes,    1632008 total
[2024-02-12T15:03:23.717+0000][7][gc,age      ] GC(370) - age   5:        376 bytes,    1632384 total
[2024-02-12T15:03:23.717+0000][7][gc,age      ] GC(370) - age   6:        400 bytes,    1632784 total
[2024-02-12T15:03:23.717+0000][7][gc,age      ] GC(370) - age   8:      14560 bytes,    1647344 total
[2024-02-12T15:03:23.717+0000][7][gc,age      ] GC(370) - age   9:       6376 bytes,    1653720 total
[2024-02-12T15:03:23.717+0000][7][gc,age      ] GC(370) - age  10:      31968 bytes,    1685688 total
[2024-02-12T15:03:23.717+0000][7][gc,age      ] GC(370) - age  11:      88760 bytes,    1774448 total
[2024-02-12T15:03:23.717+0000][7][gc,age      ] GC(370) - age  12:      94800 bytes,    1869248 total
[2024-02-12T15:03:23.717+0000][7][gc,age      ] GC(370) - age  13:     262232 bytes,    2131480 total
[2024-02-12T15:03:23.717+0000][7][gc,age      ] GC(370) - age  14:       1096 bytes,    2132576 total
[2024-02-12T15:03:23.717+0000][7][gc,age      ] GC(370) - age  15:     111320 bytes,    2243896 total
[2024-02-12T15:03:23.717+0000][7][gc,heap     ] GC(370) Eden regions: 152->0(152)
[2024-02-12T15:03:23.717+0000][7][gc,heap     ] GC(370) Survivor regions: 1->1(20)
[2024-02-12T15:03:23.717+0000][7][gc,heap     ] GC(370) Old regions: 25->25
[2024-02-12T15:03:23.717+0000][7][gc,heap     ] GC(370) Archive regions: 2->2
[2024-02-12T15:03:23.717+0000][7][gc,heap     ] GC(370) Humongous regions: 0->0
[2024-02-12T15:03:23.717+0000][7][gc,metaspace] GC(370) Metaspace: 129718K(133376K)->129718K(133376K) NonClass: 112740K(114624K)->112740K(114624K) Class: 16977K(18752K)->16977K(18752K)
[2024-02-12T15:03:23.717+0000][7][gc          ] GC(370) Pause Young (Normal) (G1 Evacuation Pause) 712M->104M(1024M) 2.335ms
[2024-02-12T15:03:23.717+0000][7][gc,cpu      ] GC(370) User=0.01s Sys=0.00s Real=0.00s
[2024-02-12T15:03:23.717+0000][7][safepoint   ] Safepoint "G1CollectForAllocation", Time since last: 203986721279 ns, Reaching safepoint: 37623 ns, At safepoint: 2406254 ns, Total: 2443877 ns
[2024-02-12T15:06:53.703+0000][7][gc,start    ] GC(371) Pause Young (Normal) (G1 Evacuation Pause)
[2024-02-12T15:06:53.703+0000][7][gc,task     ] GC(371) Using 8 workers of 8 for evacuation
[2024-02-12T15:06:53.703+0000][7][gc,age      ] GC(371) Desired survivor size 41943040 bytes, new threshold 15 (max threshold 15)
[2024-02-12T15:06:53.705+0000][7][gc,phases   ] GC(371)   Pre Evacuate Collection Set: 0.1ms
[2024-02-12T15:06:53.705+0000][7][gc,phases   ] GC(371)   Merge Heap Roots: 0.1ms
[2024-02-12T15:06:53.705+0000][7][gc,phases   ] GC(371)   Evacuate Collection Set: 1.1ms
[2024-02-12T15:06:53.705+0000][7][gc,phases   ] GC(371)   Post Evacuate Collection Set: 0.6ms
[2024-02-12T15:06:53.705+0000][7][gc,phases   ] GC(371)   Other: 0.1ms
[2024-02-12T15:06:53.705+0000][7][gc,age      ] GC(371) Age table with threshold 15 (max threshold 15)
[2024-02-12T15:06:53.705+0000][7][gc,age      ] GC(371) - age   1:     877328 bytes,     877328 total
[2024-02-12T15:06:53.705+0000][7][gc,age      ] GC(371) - age   2:       3160 bytes,     880488 total
[2024-02-12T15:06:53.705+0000][7][gc,age      ] GC(371) - age   3:       1768 bytes,     882256 total
[2024-02-12T15:06:53.705+0000][7][gc,age      ] GC(371) - age   4:        184 bytes,     882440 total
[2024-02-12T15:06:53.705+0000][7][gc,age      ] GC(371) - age   5:        384 bytes,     882824 total
[2024-02-12T15:06:53.705+0000][7][gc,age      ] GC(371) - age   6:        376 bytes,     883200 total
[2024-02-12T15:06:53.705+0000][7][gc,age      ] GC(371) - age   7:        216 bytes,     883416 total
[2024-02-12T15:06:53.705+0000][7][gc,age      ] GC(371) - age   9:      14560 bytes,     897976 total
[2024-02-12T15:06:53.705+0000][7][gc,age      ] GC(371) - age  10:       6376 bytes,     904352 total
[2024-02-12T15:06:53.705+0000][7][gc,age      ] GC(371) - age  11:      31968 bytes,     936320 total
[2024-02-12T15:06:53.705+0000][7][gc,age      ] GC(371) - age  12:      88760 bytes,    1025080 total
[2024-02-12T15:06:53.705+0000][7][gc,age      ] GC(371) - age  13:      94800 bytes,    1119880 total
[2024-02-12T15:06:53.705+0000][7][gc,age      ] GC(371) - age  14:     262232 bytes,    1382112 total
[2024-02-12T15:06:53.705+0000][7][gc,age      ] GC(371) - age  15:       1096 bytes,    1383208 total
[2024-02-12T15:06:53.705+0000][7][gc,heap     ] GC(371) Eden regions: 152->0(152)
[2024-02-12T15:06:53.705+0000][7][gc,heap     ] GC(371) Survivor regions: 1->1(20)
[2024-02-12T15:06:53.705+0000][7][gc,heap     ] GC(371) Old regions: 25->25
[2024-02-12T15:06:53.705+0000][7][gc,heap     ] GC(371) Archive regions: 2->2
[2024-02-12T15:06:53.705+0000][7][gc,heap     ] GC(371) Humongous regions: 0->0
[2024-02-12T15:06:53.705+0000][7][gc,metaspace] GC(371) Metaspace: 129718K(133376K)->129718K(133376K) NonClass: 112740K(114624K)->112740K(114624K) Class: 16977K(18752K)->16977K(18752K)
[2024-02-12T15:06:53.705+0000][7][gc          ] GC(371) Pause Young (Normal) (G1 Evacuation Pause) 712M->104M(1024M) 2.255ms
[2024-02-12T15:06:53.705+0000][7][gc,cpu      ] GC(371) User=0.01s Sys=0.01s Real=0.00s
[2024-02-12T15:06:53.705+0000][7][safepoint   ] Safepoint "G1CollectForAllocation", Time since last: 209985659843 ns, Reaching safepoint: 30900 ns, At safepoint: 2338418 ns, Total: 2369318 ns
[2024-02-12T15:07:53.713+0000][7][safepoint   ] Safepoint "Cleanup", Time since last: 60008369810 ns, Reaching safepoint: 43466 ns, At safepoint: 3218 ns, Total: 46684 ns
[2024-02-12T15:09:38.764+0000][7][gc,start    ] GC(372) Pause Young (Normal) (G1 Evacuation Pause)
[2024-02-12T15:09:38.764+0000][7][gc,task     ] GC(372) Using 8 workers of 8 for evacuation
[2024-02-12T15:09:38.764+0000][7][gc,age      ] GC(372) Desired survivor size 41943040 bytes, new threshold 15 (max threshold 15)
[2024-02-12T15:09:38.765+0000][7][gc,phases   ] GC(372)   Pre Evacuate Collection Set: 0.1ms
[2024-02-12T15:09:38.765+0000][7][gc,phases   ] GC(372)   Merge Heap Roots: 0.0ms
[2024-02-12T15:09:38.765+0000][7][gc,phases   ] GC(372)   Evacuate Collection Set: 1.0ms
[2024-02-12T15:09:38.765+0000][7][gc,phases   ] GC(372)   Post Evacuate Collection Set: 0.6ms
[2024-02-12T15:09:38.765+0000][7][gc,phases   ] GC(372)   Other: 0.1ms
[2024-02-12T15:09:38.765+0000][7][gc,age      ] GC(372) Age table with threshold 15 (max threshold 15)
[2024-02-12T15:09:38.765+0000][7][gc,age      ] GC(372) - age   1:    1639952 bytes,    1639952 total
[2024-02-12T15:09:38.765+0000][7][gc,age      ] GC(372) - age   2:       6248 bytes,    1646200 total
[2024-02-12T15:09:38.765+0000][7][gc,age      ] GC(372) - age   3:       1088 bytes,    1647288 total
[2024-02-12T15:09:38.765+0000][7][gc,age      ] GC(372) - age   4:       1016 bytes,    1648304 total
[2024-02-12T15:09:38.765+0000][7][gc,age      ] GC(372) - age   5:        184 bytes,    1648488 total
[2024-02-12T15:09:38.765+0000][7][gc,age      ] GC(372) - age   6:        384 bytes,    1648872 total
[2024-02-12T15:09:38.765+0000][7][gc,age      ] GC(372) - age   7:        344 bytes,    1649216 total
[2024-02-12T15:09:38.765+0000][7][gc,age      ] GC(372) - age   8:        216 bytes,    1649432 total
[2024-02-12T15:09:38.765+0000][7][gc,age      ] GC(372) - age  10:      14560 bytes,    1663992 total
[2024-02-12T15:09:38.765+0000][7][gc,age      ] GC(372) - age  11:       6376 bytes,    1670368 total
[2024-02-12T15:09:38.765+0000][7][gc,age      ] GC(372) - age  12:      31968 bytes,    1702336 total
[2024-02-12T15:09:38.765+0000][7][gc,age      ] GC(372) - age  13:      88760 bytes,    1791096 total
[2024-02-12T15:09:38.765+0000][7][gc,age      ] GC(372) - age  14:      94800 bytes,    1885896 total
[2024-02-12T15:09:38.765+0000][7][gc,age      ] GC(372) - age  15:     262232 bytes,    2148128 total
[2024-02-12T15:09:38.765+0000][7][gc,heap     ] GC(372) Eden regions: 152->0(152)
[2024-02-12T15:09:38.765+0000][7][gc,heap     ] GC(372) Survivor regions: 1->1(20)
[2024-02-12T15:09:38.765+0000][7][gc,heap     ] GC(372) Old regions: 25->25
[2024-02-12T15:09:38.766+0000][7][gc,heap     ] GC(372) Archive regions: 2->2
[2024-02-12T15:09:38.766+0000][7][gc,heap     ] GC(372) Humongous regions: 0->0
[2024-02-12T15:09:38.766+0000][7][gc,metaspace] GC(372) Metaspace: 129721K(133376K)->129721K(133376K) NonClass: 112743K(114624K)->112743K(114624K) Class: 16977K(18752K)->16977K(18752K)
[2024-02-12T15:09:38.766+0000][7][gc          ] GC(372) Pause Young (Normal) (G1 Evacuation Pause) 712M->104M(1024M) 1.984ms
[2024-02-12T15:09:38.766+0000][7][gc,cpu      ] GC(372) User=0.01s Sys=0.01s Real=0.00s
[2024-02-12T15:09:38.766+0000][7][safepoint   ] Safepoint "G1CollectForAllocation", Time since last: 105050061948 ns, Reaching safepoint: 102477 ns, At safepoint: 2051514 ns, Total: 2153991 ns
[2024-02-12T15:12:20.655+0000][7][gc,start    ] GC(373) Pause Young (Normal) (G1 Evacuation Pause)
[2024-02-12T15:12:20.655+0000][7][gc,task     ] GC(373) Using 8 workers of 8 for evacuation
[2024-02-12T15:12:20.655+0000][7][gc,age      ] GC(373) Desired survivor size 41943040 bytes, new threshold 15 (max threshold 15)
[2024-02-12T15:12:20.658+0000][7][gc,phases   ] GC(373)   Pre Evacuate Collection Set: 0.1ms
[2024-02-12T15:12:20.658+0000][7][gc,phases   ] GC(373)   Merge Heap Roots: 0.1ms
[2024-02-12T15:12:20.658+0000][7][gc,phases   ] GC(373)   Evacuate Collection Set: 1.2ms
[2024-02-12T15:12:20.658+0000][7][gc,phases   ] GC(373)   Post Evacuate Collection Set: 0.7ms
[2024-02-12T15:12:20.658+0000][7][gc,phases   ] GC(373)   Other: 0.1ms
[2024-02-12T15:12:20.658+0000][7][gc,age      ] GC(373) Age table with threshold 15 (max threshold 15)
[2024-02-12T15:12:20.658+0000][7][gc,age      ] GC(373) - age   1:     796448 bytes,     796448 total
[2024-02-12T15:12:20.658+0000][7][gc,age      ] GC(373) - age   2:       4064 bytes,     800512 total
[2024-02-12T15:12:20.658+0000][7][gc,age      ] GC(373) - age   3:       4072 bytes,     804584 total
[2024-02-12T15:12:20.658+0000][7][gc,age      ] GC(373) - age   4:        640 bytes,     805224 total
[2024-02-12T15:12:20.658+0000][7][gc,age      ] GC(373) - age   5:        720 bytes,     805944 total
[2024-02-12T15:12:20.658+0000][7][gc,age      ] GC(373) - age   8:        344 bytes,     806288 total
[2024-02-12T15:12:20.658+0000][7][gc,age      ] GC(373) - age   9:        216 bytes,     806504 total
[2024-02-12T15:12:20.658+0000][7][gc,age      ] GC(373) - age  11:      14560 bytes,     821064 total
[2024-02-12T15:12:20.658+0000][7][gc,age      ] GC(373) - age  12:       6376 bytes,     827440 total
[2024-02-12T15:12:20.658+0000][7][gc,age      ] GC(373) - age  13:      31968 bytes,     859408 total
[2024-02-12T15:12:20.658+0000][7][gc,age      ] GC(373) - age  14:      88760 bytes,     948168 total
[2024-02-12T15:12:20.658+0000][7][gc,age      ] GC(373) - age  15:      94800 bytes,    1042968 total
[2024-02-12T15:12:20.658+0000][7][gc,heap     ] GC(373) Eden regions: 152->0(152)
[2024-02-12T15:12:20.658+0000][7][gc,heap     ] GC(373) Survivor regions: 1->1(20)
[2024-02-12T15:12:20.658+0000][7][gc,heap     ] GC(373) Old regions: 25->25
[2024-02-12T15:12:20.658+0000][7][gc,heap     ] GC(373) Archive regions: 2->2
[2024-02-12T15:12:20.658+0000][7][gc,heap     ] GC(373) Humongous regions: 0->0
[2024-02-12T15:12:20.658+0000][7][gc,metaspace] GC(373) Metaspace: 129721K(133376K)->129721K(133376K) NonClass: 112743K(114624K)->112743K(114624K) Class: 16977K(18752K)->16977K(18752K)
[2024-02-12T15:12:20.658+0000][7][gc          ] GC(373) Pause Young (Normal) (G1 Evacuation Pause) 712M->104M(1024M) 2.517ms
[2024-02-12T15:12:20.658+0000][7][gc,cpu      ] GC(373) User=0.01s Sys=0.00s Real=0.00s
[2024-02-12T15:12:20.658+0000][7][safepoint   ] Safepoint "G1CollectForAllocation", Time since last: 161889718448 ns, Reaching safepoint: 52525 ns, At safepoint: 2615731 ns, Total: 2668256 ns
[2024-02-12T15:14:57.480+0000][7][gc,start    ] GC(374) Pause Young (Normal) (G1 Evacuation Pause)
[2024-02-12T15:14:57.480+0000][7][gc,task     ] GC(374) Using 8 workers of 8 for evacuation
[2024-02-12T15:14:57.480+0000][7][gc,age      ] GC(374) Desired survivor size 41943040 bytes, new threshold 15 (max threshold 15)
[2024-02-12T15:14:57.482+0000][7][gc,phases   ] GC(374)   Pre Evacuate Collection Set: 0.1ms
[2024-02-12T15:14:57.482+0000][7][gc,phases   ] GC(374)   Merge Heap Roots: 0.1ms
[2024-02-12T15:14:57.482+0000][7][gc,phases   ] GC(374)   Evacuate Collection Set: 1.3ms
[2024-02-12T15:14:57.482+0000][7][gc,phases   ] GC(374)   Post Evacuate Collection Set: 0.7ms
[2024-02-12T15:14:57.482+0000][7][gc,phases   ] GC(374)   Other: 0.1ms
[2024-02-12T15:14:57.482+0000][7][gc,age      ] GC(374) Age table with threshold 15 (max threshold 15)
[2024-02-12T15:14:57.482+0000][7][gc,age      ] GC(374) - age   1:    1058792 bytes,    1058792 total
[2024-02-12T15:14:57.482+0000][7][gc,age      ] GC(374) - age   2:       2912 bytes,    1061704 total
[2024-02-12T15:14:57.482+0000][7][gc,age      ] GC(374) - age   3:       1544 bytes,    1063248 total
[2024-02-12T15:14:57.482+0000][7][gc,age      ] GC(374) - age   4:       3792 bytes,    1067040 total
[2024-02-12T15:14:57.482+0000][7][gc,age      ] GC(374) - age   5:        640 bytes,    1067680 total
[2024-02-12T15:14:57.482+0000][7][gc,age      ] GC(374) - age   6:        720 bytes,    1068400 total
[2024-02-12T15:14:57.482+0000][7][gc,age      ] GC(374) - age   9:        344 bytes,    1068744 total
[2024-02-12T15:14:57.482+0000][7][gc,age      ] GC(374) - age  10:        216 bytes,    1068960 total
[2024-02-12T15:14:57.482+0000][7][gc,age      ] GC(374) - age  12:       6544 bytes,    1075504 total
[2024-02-12T15:14:57.482+0000][7][gc,age      ] GC(374) - age  13:       6376 bytes,    1081880 total
[2024-02-12T15:14:57.482+0000][7][gc,age      ] GC(374) - age  14:      31968 bytes,    1113848 total
[2024-02-12T15:14:57.482+0000][7][gc,age      ] GC(374) - age  15:      88760 bytes,    1202608 total
[2024-02-12T15:14:57.482+0000][7][gc,heap     ] GC(374) Eden regions: 152->0(152)
[2024-02-12T15:14:57.482+0000][7][gc,heap     ] GC(374) Survivor regions: 1->1(20)
[2024-02-12T15:14:57.482+0000][7][gc,heap     ] GC(374) Old regions: 25->25
[2024-02-12T15:14:57.482+0000][7][gc,heap     ] GC(374) Archive regions: 2->2
[2024-02-12T15:14:57.482+0000][7][gc,heap     ] GC(374) Humongous regions: 0->0
[2024-02-12T15:14:57.482+0000][7][gc,metaspace] GC(374) Metaspace: 129721K(133376K)->129721K(133376K) NonClass: 112743K(114624K)->112743K(114624K) Class: 16977K(18752K)->16977K(18752K)
[2024-02-12T15:14:57.482+0000][7][gc          ] GC(374) Pause Young (Normal) (G1 Evacuation Pause) 712M->104M(1024M) 2.654ms
[2024-02-12T15:14:57.482+0000][7][gc,cpu      ] GC(374) User=0.00s Sys=0.01s Real=0.01s
[2024-02-12T15:14:57.482+0000][7][safepoint   ] Safepoint "G1CollectForAllocation", Time since last: 156821656490 ns, Reaching safepoint: 67660 ns, At safepoint: 2750934 ns, Total: 2818594 ns
[2024-02-12T15:17:35.744+0000][7][gc,start    ] GC(375) Pause Young (Normal) (G1 Evacuation Pause)
[2024-02-12T15:17:35.744+0000][7][gc,task     ] GC(375) Using 8 workers of 8 for evacuation
[2024-02-12T15:17:35.744+0000][7][gc,age      ] GC(375) Desired survivor size 41943040 bytes, new threshold 15 (max threshold 15)
[2024-02-12T15:17:35.747+0000][7][gc,phases   ] GC(375)   Pre Evacuate Collection Set: 0.1ms
[2024-02-12T15:17:35.747+0000][7][gc,phases   ] GC(375)   Merge Heap Roots: 0.1ms
[2024-02-12T15:17:35.747+0000][7][gc,phases   ] GC(375)   Evacuate Collection Set: 1.1ms
[2024-02-12T15:17:35.747+0000][7][gc,phases   ] GC(375)   Post Evacuate Collection Set: 0.7ms
[2024-02-12T15:17:35.747+0000][7][gc,phases   ] GC(375)   Other: 0.1ms
[2024-02-12T15:17:35.747+0000][7][gc,age      ] GC(375) Age table with threshold 15 (max threshold 15)
[2024-02-12T15:17:35.747+0000][7][gc,age      ] GC(375) - age   1:    1435864 bytes,    1435864 total
[2024-02-12T15:17:35.747+0000][7][gc,age      ] GC(375) - age   2:       2080 bytes,    1437944 total
[2024-02-12T15:17:35.747+0000][7][gc,age      ] GC(375) - age   3:        768 bytes,    1438712 total
[2024-02-12T15:17:35.747+0000][7][gc,age      ] GC(375) - age   4:        184 bytes,    1438896 total
[2024-02-12T15:17:35.747+0000][7][gc,age      ] GC(375) - age   5:        336 bytes,    1439232 total
[2024-02-12T15:17:35.747+0000][7][gc,age      ] GC(375) - age   6:        184 bytes,    1439416 total
[2024-02-12T15:17:35.747+0000][7][gc,age      ] GC(375) - age   7:        688 bytes,    1440104 total
[2024-02-12T15:17:35.747+0000][7][gc,age      ] GC(375) - age  10:        344 bytes,    1440448 total
[2024-02-12T15:17:35.747+0000][7][gc,age      ] GC(375) - age  11:        184 bytes,    1440632 total
[2024-02-12T15:17:35.747+0000][7][gc,age      ] GC(375) - age  13:       6544 bytes,    1447176 total
[2024-02-12T15:17:35.747+0000][7][gc,age      ] GC(375) - age  15:       6824 bytes,    1454000 total
[2024-02-12T15:17:35.747+0000][7][gc,heap     ] GC(375) Eden regions: 152->0(152)
[2024-02-12T15:17:35.747+0000][7][gc,heap     ] GC(375) Survivor regions: 1->1(20)
[2024-02-12T15:17:35.747+0000][7][gc,heap     ] GC(375) Old regions: 25->25
[2024-02-12T15:17:35.747+0000][7][gc,heap     ] GC(375) Archive regions: 2->2
[2024-02-12T15:17:35.747+0000][7][gc,heap     ] GC(375) Humongous regions: 0->0
[2024-02-12T15:17:35.747+0000][7][gc,metaspace] GC(375) Metaspace: 129721K(133376K)->129721K(133376K) NonClass: 112743K(114624K)->112743K(114624K) Class: 16977K(18752K)->16977K(18752K)
[2024-02-12T15:17:35.747+0000][7][gc          ] GC(375) Pause Young (Normal) (G1 Evacuation Pause) 712M->104M(1024M) 2.318ms
[2024-02-12T15:17:35.747+0000][7][gc,cpu      ] GC(375) User=0.01s Sys=0.00s Real=0.00s
[2024-02-12T15:17:35.747+0000][7][safepoint   ] Safepoint "G1CollectForAllocation", Time since last: 158261884367 ns, Reaching safepoint: 67912 ns, At safepoint: 2401613 ns, Total: 2469525 ns
[2024-02-12T15:20:56.697+0000][7][gc,start    ] GC(376) Pause Young (Normal) (G1 Evacuation Pause)
[2024-02-12T15:20:56.697+0000][7][gc,task     ] GC(376) Using 8 workers of 8 for evacuation
[2024-02-12T15:20:56.697+0000][7][gc,age      ] GC(376) Desired survivor size 41943040 bytes, new threshold 15 (max threshold 15)
[2024-02-12T15:20:56.699+0000][7][gc,phases   ] GC(376)   Pre Evacuate Collection Set: 0.1ms
[2024-02-12T15:20:56.699+0000][7][gc,phases   ] GC(376)   Merge Heap Roots: 0.1ms
[2024-02-12T15:20:56.699+0000][7][gc,phases   ] GC(376)   Evacuate Collection Set: 1.3ms
[2024-02-12T15:20:56.699+0000][7][gc,phases   ] GC(376)   Post Evacuate Collection Set: 0.8ms
[2024-02-12T15:20:56.699+0000][7][gc,phases   ] GC(376)   Other: 0.1ms
[2024-02-12T15:20:56.699+0000][7][gc,age      ] GC(376) Age table with threshold 15 (max threshold 15)
[2024-02-12T15:20:56.699+0000][7][gc,age      ] GC(376) - age   1:    1376440 bytes,    1376440 total
[2024-02-12T15:20:56.699+0000][7][gc,age      ] GC(376) - age   2:     267104 bytes,    1643544 total
[2024-02-12T15:20:56.699+0000][7][gc,age      ] GC(376) - age   3:        256 bytes,    1643800 total
[2024-02-12T15:20:56.699+0000][7][gc,age      ] GC(376) - age   4:        448 bytes,    1644248 total
[2024-02-12T15:20:56.699+0000][7][gc,age      ] GC(376) - age   5:        184 bytes,    1644432 total
[2024-02-12T15:20:56.699+0000][7][gc,age      ] GC(376) - age   6:        152 bytes,    1644584 total
[2024-02-12T15:20:56.699+0000][7][gc,age      ] GC(376) - age   7:        184 bytes,    1644768 total
[2024-02-12T15:20:56.699+0000][7][gc,age      ] GC(376) - age   8:        688 bytes,    1645456 total
[2024-02-12T15:20:56.699+0000][7][gc,age      ] GC(376) - age  11:        344 bytes,    1645800 total
[2024-02-12T15:20:56.699+0000][7][gc,age      ] GC(376) - age  12:        184 bytes,    1645984 total
[2024-02-12T15:20:56.699+0000][7][gc,age      ] GC(376) - age  14:       6544 bytes,    1652528 total
[2024-02-12T15:20:56.699+0000][7][gc,heap     ] GC(376) Eden regions: 152->0(152)
[2024-02-12T15:20:56.699+0000][7][gc,heap     ] GC(376) Survivor regions: 1->1(20)
[2024-02-12T15:20:56.699+0000][7][gc,heap     ] GC(376) Old regions: 25->25
[2024-02-12T15:20:56.699+0000][7][gc,heap     ] GC(376) Archive regions: 2->2
[2024-02-12T15:20:56.699+0000][7][gc,heap     ] GC(376) Humongous regions: 0->0
[2024-02-12T15:20:56.699+0000][7][gc,metaspace] GC(376) Metaspace: 129721K(133376K)->129721K(133376K) NonClass: 112743K(114624K)->112743K(114624K) Class: 16977K(18752K)->16977K(18752K)
[2024-02-12T15:20:56.699+0000][7][gc          ] GC(376) Pause Young (Normal) (G1 Evacuation Pause) 712M->104M(1024M) 2.656ms
[2024-02-12T15:20:56.699+0000][7][gc,cpu      ] GC(376) User=0.01s Sys=0.00s Real=0.00s
[2024-02-12T15:20:56.700+0000][7][safepoint   ] Safepoint "G1CollectForAllocation", Time since last: 200949902165 ns, Reaching safepoint: 55453 ns, At safepoint: 2755038 ns, Total: 2810491 ns
[2024-02-12T15:23:38.717+0000][7][gc,start    ] GC(377) Pause Young (Normal) (G1 Evacuation Pause)
[2024-02-12T15:23:38.717+0000][7][gc,task     ] GC(377) Using 8 workers of 8 for evacuation
[2024-02-12T15:23:38.717+0000][7][gc,age      ] GC(377) Desired survivor size 41943040 bytes, new threshold 15 (max threshold 15)
[2024-02-12T15:23:38.719+0000][7][gc,phases   ] GC(377)   Pre Evacuate Collection Set: 0.1ms
[2024-02-12T15:23:38.719+0000][7][gc,phases   ] GC(377)   Merge Heap Roots: 0.1ms
[2024-02-12T15:23:38.719+0000][7][gc,phases   ] GC(377)   Evacuate Collection Set: 1.3ms
[2024-02-12T15:23:38.719+0000][7][gc,phases   ] GC(377)   Post Evacuate Collection Set: 0.7ms
[2024-02-12T15:23:38.719+0000][7][gc,phases   ] GC(377)   Other: 0.1ms
[2024-02-12T15:23:38.719+0000][7][gc,age      ] GC(377) Age table with threshold 15 (max threshold 15)
[2024-02-12T15:23:38.719+0000][7][gc,age      ] GC(377) - age   1:    1542128 bytes,    1542128 total
[2024-02-12T15:23:38.719+0000][7][gc,age      ] GC(377) - age   2:       2720 bytes,    1544848 total
[2024-02-12T15:23:38.719+0000][7][gc,age      ] GC(377) - age   3:      94928 bytes,    1639776 total
[2024-02-12T15:23:38.719+0000][7][gc,age      ] GC(377) - age   4:         64 bytes,    1639840 total
[2024-02-12T15:23:38.719+0000][7][gc,age      ] GC(377) - age   5:        384 bytes,    1640224 total
[2024-02-12T15:23:38.719+0000][7][gc,age      ] GC(377) - age   6:        184 bytes,    1640408 total
[2024-02-12T15:23:38.719+0000][7][gc,age      ] GC(377) - age   8:        184 bytes,    1640592 total
[2024-02-12T15:23:38.719+0000][7][gc,age      ] GC(377) - age   9:        504 bytes,    1641096 total
[2024-02-12T15:23:38.719+0000][7][gc,age      ] GC(377) - age  12:        224 bytes,    1641320 total
[2024-02-12T15:23:38.719+0000][7][gc,age      ] GC(377) - age  13:        184 bytes,    1641504 total
[2024-02-12T15:23:38.719+0000][7][gc,age      ] GC(377) - age  15:       6544 bytes,    1648048 total
[2024-02-12T15:23:38.719+0000][7][gc,heap     ] GC(377) Eden regions: 152->0(152)
[2024-02-12T15:23:38.719+0000][7][gc,heap     ] GC(377) Survivor regions: 1->1(20)
[2024-02-12T15:23:38.719+0000][7][gc,heap     ] GC(377) Old regions: 25->25
[2024-02-12T15:23:38.719+0000][7][gc,heap     ] GC(377) Archive regions: 2->2
[2024-02-12T15:23:38.719+0000][7][gc,heap     ] GC(377) Humongous regions: 0->0
[2024-02-12T15:23:38.719+0000][7][gc,metaspace] GC(377) Metaspace: 129721K(133376K)->129721K(133376K) NonClass: 112744K(114624K)->112744K(114624K) Class: 16977K(18752K)->16977K(18752K)
[2024-02-12T15:23:38.719+0000][7][gc          ] GC(377) Pause Young (Normal) (G1 Evacuation Pause) 712M->104M(1024M) 2.584ms
[2024-02-12T15:23:38.719+0000][7][gc,cpu      ] GC(377) User=0.01s Sys=0.00s Real=0.00s
[2024-02-12T15:23:38.719+0000][7][safepoint   ] Safepoint "G1CollectForAllocation", Time since last: 162016940650 ns, Reaching safepoint: 42113 ns, At safepoint: 2672482 ns, Total: 2714595 ns
[2024-02-12T15:26:20.756+0000][7][gc,start    ] GC(378) Pause Young (Normal) (G1 Evacuation Pause)
[2024-02-12T15:26:20.756+0000][7][gc,task     ] GC(378) Using 8 workers of 8 for evacuation
[2024-02-12T15:26:20.756+0000][7][gc,age      ] GC(378) Desired survivor size 41943040 bytes, new threshold 15 (max threshold 15)
[2024-02-12T15:26:20.758+0000][7][gc,phases   ] GC(378)   Pre Evacuate Collection Set: 0.1ms
[2024-02-12T15:26:20.758+0000][7][gc,phases   ] GC(378)   Merge Heap Roots: 0.1ms
[2024-02-12T15:26:20.758+0000][7][gc,phases   ] GC(378)   Evacuate Collection Set: 1.1ms
[2024-02-12T15:26:20.758+0000][7][gc,phases   ] GC(378)   Post Evacuate Collection Set: 0.6ms
[2024-02-12T15:26:20.758+0000][7][gc,phases   ] GC(378)   Other: 0.1ms
[2024-02-12T15:26:20.758+0000][7][gc,age      ] GC(378) Age table with threshold 15 (max threshold 15)
[2024-02-12T15:26:20.758+0000][7][gc,age      ] GC(378) - age   1:     996912 bytes,     996912 total
[2024-02-12T15:26:20.758+0000][7][gc,age      ] GC(378) - age   2:     352424 bytes,    1349336 total
[2024-02-12T15:26:20.758+0000][7][gc,age      ] GC(378) - age   3:        760 bytes,    1350096 total
[2024-02-12T15:26:20.758+0000][7][gc,age      ] GC(378) - age   4:      90832 bytes,    1440928 total
[2024-02-12T15:26:20.758+0000][7][gc,age      ] GC(378) - age   6:        384 bytes,    1441312 total
[2024-02-12T15:26:20.758+0000][7][gc,age      ] GC(378) - age   9:        184 bytes,    1441496 total
[2024-02-12T15:26:20.758+0000][7][gc,age      ] GC(378) - age  10:        504 bytes,    1442000 total
[2024-02-12T15:26:20.758+0000][7][gc,age      ] GC(378) - age  13:        224 bytes,    1442224 total
[2024-02-12T15:26:20.758+0000][7][gc,age      ] GC(378) - age  14:        184 bytes,    1442408 total
[2024-02-12T15:26:20.758+0000][7][gc,heap     ] GC(378) Eden regions: 152->0(152)
[2024-02-12T15:26:20.758+0000][7][gc,heap     ] GC(378) Survivor regions: 1->1(20)
[2024-02-12T15:26:20.758+0000][7][gc,heap     ] GC(378) Old regions: 25->25
[2024-02-12T15:26:20.758+0000][7][gc,heap     ] GC(378) Archive regions: 2->2
[2024-02-12T15:26:20.758+0000][7][gc,heap     ] GC(378) Humongous regions: 0->0
[2024-02-12T15:26:20.758+0000][7][gc,metaspace] GC(378) Metaspace: 129721K(133376K)->129721K(133376K) NonClass: 112744K(114624K)->112744K(114624K) Class: 16977K(18752K)->16977K(18752K)
[2024-02-12T15:26:20.758+0000][7][gc          ] GC(378) Pause Young (Normal) (G1 Evacuation Pause) 712M->104M(1024M) 2.212ms
[2024-02-12T15:26:20.758+0000][7][gc,cpu      ] GC(378) User=0.01s Sys=0.00s Real=0.00s
[2024-02-12T15:26:20.759+0000][7][safepoint   ] Safepoint "G1CollectForAllocation", Time since last: 162037016119 ns, Reaching safepoint: 31164 ns, At safepoint: 2310339 ns, Total: 2341503 ns
[2024-02-12T15:28:56.765+0000][7][gc,start    ] GC(379) Pause Young (Normal) (G1 Evacuation Pause)
[2024-02-12T15:28:56.765+0000][7][gc,task     ] GC(379) Using 8 workers of 8 for evacuation
[2024-02-12T15:28:56.765+0000][7][gc,age      ] GC(379) Desired survivor size 41943040 bytes, new threshold 15 (max threshold 15)
[2024-02-12T15:28:56.767+0000][7][gc,phases   ] GC(379)   Pre Evacuate Collection Set: 0.1ms
[2024-02-12T15:28:56.767+0000][7][gc,phases   ] GC(379)   Merge Heap Roots: 0.1ms
[2024-02-12T15:28:56.767+0000][7][gc,phases   ] GC(379)   Evacuate Collection Set: 1.3ms
[2024-02-12T15:28:56.767+0000][7][gc,phases   ] GC(379)   Post Evacuate Collection Set: 0.7ms
[2024-02-12T15:28:56.767+0000][7][gc,phases   ] GC(379)   Other: 0.1ms
[2024-02-12T15:28:56.767+0000][7][gc,age      ] GC(379) Age table with threshold 15 (max threshold 15)
[2024-02-12T15:28:56.767+0000][7][gc,age      ] GC(379) - age   1:    1400736 bytes,    1400736 total
[2024-02-12T15:28:56.767+0000][7][gc,age      ] GC(379) - age   2:      26336 bytes,    1427072 total
[2024-02-12T15:28:56.767+0000][7][gc,age      ] GC(379) - age   3:     350824 bytes,    1777896 total
[2024-02-12T15:28:56.767+0000][7][gc,age      ] GC(379) - age   4:        568 bytes,    1778464 total
[2024-02-12T15:28:56.767+0000][7][gc,age      ] GC(379) - age   5:      89928 bytes,    1868392 total
[2024-02-12T15:28:56.767+0000][7][gc,age      ] GC(379) - age   7:        384 bytes,    1868776 total
[2024-02-12T15:28:56.767+0000][7][gc,age      ] GC(379) - age  10:        184 bytes,    1868960 total
[2024-02-12T15:28:56.767+0000][7][gc,age      ] GC(379) - age  11:        504 bytes,    1869464 total
[2024-02-12T15:28:56.767+0000][7][gc,age      ] GC(379) - age  14:        224 bytes,    1869688 total
[2024-02-12T15:28:56.767+0000][7][gc,age      ] GC(379) - age  15:        184 bytes,    1869872 total
[2024-02-12T15:28:56.767+0000][7][gc,heap     ] GC(379) Eden regions: 152->0(152)
[2024-02-12T15:28:56.767+0000][7][gc,heap     ] GC(379) Survivor regions: 1->1(20)
[2024-02-12T15:28:56.767+0000][7][gc,heap     ] GC(379) Old regions: 25->25
[2024-02-12T15:28:56.767+0000][7][gc,heap     ] GC(379) Archive regions: 2->2
[2024-02-12T15:28:56.767+0000][7][gc,heap     ] GC(379) Humongous regions: 0->0
[2024-02-12T15:28:56.767+0000][7][gc,metaspace] GC(379) Metaspace: 129723K(133376K)->129723K(133376K) NonClass: 112745K(114624K)->112745K(114624K) Class: 16977K(18752K)->16977K(18752K)
[2024-02-12T15:28:56.767+0000][7][gc          ] GC(379) Pause Young (Normal) (G1 Evacuation Pause) 712M->105M(1024M) 2.526ms
[2024-02-12T15:28:56.767+0000][7][gc,cpu      ] GC(379) User=0.01s Sys=0.00s Real=0.00s
[2024-02-12T15:28:56.768+0000][7][safepoint   ] Safepoint "G1CollectForAllocation", Time since last: 156006350739 ns, Reaching safepoint: 31517 ns, At safepoint: 2616076 ns, Total: 2647593 ns
[2024-02-12T15:32:12.551+0000][7][gc,start    ] GC(380) Pause Young (Normal) (G1 Evacuation Pause)
[2024-02-12T15:32:12.551+0000][7][gc,task     ] GC(380) Using 8 workers of 8 for evacuation
[2024-02-12T15:32:12.551+0000][7][gc,age      ] GC(380) Desired survivor size 41943040 bytes, new threshold 15 (max threshold 15)
[2024-02-12T15:32:12.554+0000][7][gc,phases   ] GC(380)   Pre Evacuate Collection Set: 0.2ms
[2024-02-12T15:32:12.554+0000][7][gc,phases   ] GC(380)   Merge Heap Roots: 0.1ms
[2024-02-12T15:32:12.554+0000][7][gc,phases   ] GC(380)   Evacuate Collection Set: 1.6ms
[2024-02-12T15:32:12.554+0000][7][gc,phases   ] GC(380)   Post Evacuate Collection Set: 0.7ms
[2024-02-12T15:32:12.554+0000][7][gc,phases   ] GC(380)   Other: 0.1ms
[2024-02-12T15:32:12.554+0000][7][gc,age      ] GC(380) Age table with threshold 15 (max threshold 15)
[2024-02-12T15:32:12.554+0000][7][gc,age      ] GC(380) - age   1:    1480840 bytes,    1480840 total
[2024-02-12T15:32:12.554+0000][7][gc,age      ] GC(380) - age   2:       9864 bytes,    1490704 total
[2024-02-12T15:32:12.554+0000][7][gc,age      ] GC(380) - age   3:      16616 bytes,    1507320 total
[2024-02-12T15:32:12.554+0000][7][gc,age      ] GC(380) - age   4:     350056 bytes,    1857376 total
[2024-02-12T15:32:12.554+0000][7][gc,age      ] GC(380) - age   5:        256 bytes,    1857632 total
[2024-02-12T15:32:12.554+0000][7][gc,age      ] GC(380) - age   6:      89536 bytes,    1947168 total
[2024-02-12T15:32:12.554+0000][7][gc,age      ] GC(380) - age  11:        184 bytes,    1947352 total
[2024-02-12T15:32:12.554+0000][7][gc,age      ] GC(380) - age  12:        504 bytes,    1947856 total
[2024-02-12T15:32:12.554+0000][7][gc,age      ] GC(380) - age  15:        224 bytes,    1948080 total
[2024-02-12T15:32:12.554+0000][7][gc,heap     ] GC(380) Eden regions: 152->0(152)
[2024-02-12T15:32:12.554+0000][7][gc,heap     ] GC(380) Survivor regions: 1->1(20)
[2024-02-12T15:32:12.554+0000][7][gc,heap     ] GC(380) Old regions: 25->25
[2024-02-12T15:32:12.554+0000][7][gc,heap     ] GC(380) Archive regions: 2->2
[2024-02-12T15:32:12.554+0000][7][gc,heap     ] GC(380) Humongous regions: 0->0
[2024-02-12T15:32:12.554+0000][7][gc,metaspace] GC(380) Metaspace: 129723K(133376K)->129723K(133376K) NonClass: 112745K(114624K)->112745K(114624K) Class: 16977K(18752K)->16977K(18752K)
[2024-02-12T15:32:12.554+0000][7][gc          ] GC(380) Pause Young (Normal) (G1 Evacuation Pause) 713M->105M(1024M) 3.050ms
[2024-02-12T15:32:12.554+0000][7][gc,cpu      ] GC(380) User=0.02s Sys=0.00s Real=0.00s
[2024-02-12T15:32:12.554+0000][7][safepoint   ] Safepoint "G1CollectForAllocation", Time since last: 195783378798 ns, Reaching safepoint: 103798 ns, At safepoint: 3155070 ns, Total: 3258868 ns
[2024-02-12T15:34:47.790+0000][7][gc,start    ] GC(381) Pause Young (Normal) (G1 Evacuation Pause)
[2024-02-12T15:34:47.790+0000][7][gc,task     ] GC(381) Using 8 workers of 8 for evacuation
[2024-02-12T15:34:47.790+0000][7][gc,age      ] GC(381) Desired survivor size 41943040 bytes, new threshold 15 (max threshold 15)
[2024-02-12T15:34:47.792+0000][7][gc,phases   ] GC(381)   Pre Evacuate Collection Set: 0.1ms
[2024-02-12T15:34:47.792+0000][7][gc,phases   ] GC(381)   Merge Heap Roots: 0.1ms
[2024-02-12T15:34:47.792+0000][7][gc,phases   ] GC(381)   Evacuate Collection Set: 1.4ms
[2024-02-12T15:34:47.792+0000][7][gc,phases   ] GC(381)   Post Evacuate Collection Set: 0.7ms
[2024-02-12T15:34:47.792+0000][7][gc,phases   ] GC(381)   Other: 0.1ms
[2024-02-12T15:34:47.792+0000][7][gc,age      ] GC(381) Age table with threshold 15 (max threshold 15)
[2024-02-12T15:34:47.792+0000][7][gc,age      ] GC(381) - age   1:    1553224 bytes,    1553224 total
[2024-02-12T15:34:47.792+0000][7][gc,age      ] GC(381) - age   2:       3848 bytes,    1557072 total
[2024-02-12T15:34:47.792+0000][7][gc,age      ] GC(381) - age   3:       7528 bytes,    1564600 total
[2024-02-12T15:34:47.792+0000][7][gc,age      ] GC(381) - age   4:      16360 bytes,    1580960 total
[2024-02-12T15:34:47.792+0000][7][gc,age      ] GC(381) - age   5:     349928 bytes,    1930888 total
[2024-02-12T15:34:47.792+0000][7][gc,age      ] GC(381) - age   7:      89536 bytes,    2020424 total
[2024-02-12T15:34:47.792+0000][7][gc,age      ] GC(381) - age  12:        184 bytes,    2020608 total
[2024-02-12T15:34:47.792+0000][7][gc,age      ] GC(381) - age  13:        504 bytes,    2021112 total
[2024-02-12T15:34:47.792+0000][7][gc,heap     ] GC(381) Eden regions: 152->0(152)
[2024-02-12T15:34:47.792+0000][7][gc,heap     ] GC(381) Survivor regions: 1->1(20)
[2024-02-12T15:34:47.792+0000][7][gc,heap     ] GC(381) Old regions: 25->25
[2024-02-12T15:34:47.792+0000][7][gc,heap     ] GC(381) Archive regions: 2->2
[2024-02-12T15:34:47.792+0000][7][gc,heap     ] GC(381) Humongous regions: 0->0
[2024-02-12T15:34:47.792+0000][7][gc,metaspace] GC(381) Metaspace: 129723K(133376K)->129723K(133376K) NonClass: 112745K(114624K)->112745K(114624K) Class: 16977K(18752K)->16977K(18752K)
[2024-02-12T15:34:47.792+0000][7][gc          ] GC(381) Pause Young (Normal) (G1 Evacuation Pause) 713M->105M(1024M) 2.663ms
[2024-02-12T15:34:47.792+0000][7][gc,cpu      ] GC(381) User=0.02s Sys=0.00s Real=0.01s
[2024-02-12T15:34:47.792+0000][7][safepoint   ] Safepoint "G1CollectForAllocation", Time since last: 155235483699 ns, Reaching safepoint: 107226 ns, At safepoint: 2749907 ns, Total: 2857133 ns
[2024-02-12T15:37:23.776+0000][7][gc,start    ] GC(382) Pause Young (Normal) (G1 Evacuation Pause)
[2024-02-12T15:37:23.776+0000][7][gc,task     ] GC(382) Using 8 workers of 8 for evacuation
[2024-02-12T15:37:23.776+0000][7][gc,age      ] GC(382) Desired survivor size 41943040 bytes, new threshold 15 (max threshold 15)
[2024-02-12T15:37:23.778+0000][7][gc,phases   ] GC(382)   Pre Evacuate Collection Set: 0.1ms
[2024-02-12T15:37:23.778+0000][7][gc,phases   ] GC(382)   Merge Heap Roots: 0.1ms
[2024-02-12T15:37:23.778+0000][7][gc,phases   ] GC(382)   Evacuate Collection Set: 1.3ms
[2024-02-12T15:37:23.778+0000][7][gc,phases   ] GC(382)   Post Evacuate Collection Set: 0.6ms
[2024-02-12T15:37:23.778+0000][7][gc,phases   ] GC(382)   Other: 0.1ms
[2024-02-12T15:37:23.778+0000][7][gc,age      ] GC(382) Age table with threshold 15 (max threshold 15)
[2024-02-12T15:37:23.778+0000][7][gc,age      ] GC(382) - age   1:    1414104 bytes,    1414104 total
[2024-02-12T15:37:23.778+0000][7][gc,age      ] GC(382) - age   2:      10240 bytes,    1424344 total
[2024-02-12T15:37:23.778+0000][7][gc,age      ] GC(382) - age   3:       1952 bytes,    1426296 total
[2024-02-12T15:37:23.778+0000][7][gc,age      ] GC(382) - age   4:       7400 bytes,    1433696 total
[2024-02-12T15:37:23.778+0000][7][gc,age      ] GC(382) - age   5:      12904 bytes,    1446600 total
[2024-02-12T15:37:23.778+0000][7][gc,age      ] GC(382) - age   6:     349928 bytes,    1796528 total
[2024-02-12T15:37:23.778+0000][7][gc,age      ] GC(382) - age   8:      89536 bytes,    1886064 total
[2024-02-12T15:37:23.778+0000][7][gc,age      ] GC(382) - age  14:        504 bytes,    1886568 total
[2024-02-12T15:37:23.778+0000][7][gc,heap     ] GC(382) Eden regions: 152->0(152)
[2024-02-12T15:37:23.778+0000][7][gc,heap     ] GC(382) Survivor regions: 1->1(20)
[2024-02-12T15:37:23.778+0000][7][gc,heap     ] GC(382) Old regions: 25->25
[2024-02-12T15:37:23.778+0000][7][gc,heap     ] GC(382) Archive regions: 2->2
[2024-02-12T15:37:23.778+0000][7][gc,heap     ] GC(382) Humongous regions: 0->0
[2024-02-12T15:37:23.778+0000][7][gc,metaspace] GC(382) Metaspace: 129723K(133376K)->129723K(133376K) NonClass: 112745K(114624K)->112745K(114624K) Class: 16977K(18752K)->16977K(18752K)
[2024-02-12T15:37:23.778+0000][7][gc          ] GC(382) Pause Young (Normal) (G1 Evacuation Pause) 713M->105M(1024M) 2.378ms
[2024-02-12T15:37:23.778+0000][7][gc,cpu      ] GC(382) User=0.01s Sys=0.00s Real=0.00s
[2024-02-12T15:37:23.778+0000][7][safepoint   ] Safepoint "G1CollectForAllocation", Time since last: 155982980058 ns, Reaching safepoint: 42721 ns, At safepoint: 2460964 ns, Total: 2503685 ns
[2024-02-12T15:40:17.256+0000][7][gc,start    ] GC(383) Pause Young (Normal) (G1 Evacuation Pause)
[2024-02-12T15:40:17.256+0000][7][gc,task     ] GC(383) Using 8 workers of 8 for evacuation
[2024-02-12T15:40:17.256+0000][7][gc,age      ] GC(383) Desired survivor size 41943040 bytes, new threshold 15 (max threshold 15)
[2024-02-12T15:40:17.259+0000][7][gc,phases   ] GC(383)   Pre Evacuate Collection Set: 0.1ms
[2024-02-12T15:40:17.259+0000][7][gc,phases   ] GC(383)   Merge Heap Roots: 0.1ms
[2024-02-12T15:40:17.259+0000][7][gc,phases   ] GC(383)   Evacuate Collection Set: 1.5ms
[2024-02-12T15:40:17.259+0000][7][gc,phases   ] GC(383)   Post Evacuate Collection Set: 0.8ms
[2024-02-12T15:40:17.259+0000][7][gc,phases   ] GC(383)   Other: 0.1ms
[2024-02-12T15:40:17.259+0000][7][gc,age      ] GC(383) Age table with threshold 15 (max threshold 15)
[2024-02-12T15:40:17.259+0000][7][gc,age      ] GC(383) - age   1:     935384 bytes,     935384 total
[2024-02-12T15:40:17.259+0000][7][gc,age      ] GC(383) - age   2:       6688 bytes,     942072 total
[2024-02-12T15:40:17.259+0000][7][gc,age      ] GC(383) - age   3:        912 bytes,     942984 total
[2024-02-12T15:40:17.259+0000][7][gc,age      ] GC(383) - age   4:       1632 bytes,     944616 total
[2024-02-12T15:40:17.259+0000][7][gc,age      ] GC(383) - age   5:       6656 bytes,     951272 total
[2024-02-12T15:40:17.259+0000][7][gc,age      ] GC(383) - age   6:      12720 bytes,     963992 total
[2024-02-12T15:40:17.259+0000][7][gc,age      ] GC(383) - age   7:     349928 bytes,    1313920 total
[2024-02-12T15:40:17.259+0000][7][gc,age      ] GC(383) - age   9:      89504 bytes,    1403424 total
[2024-02-12T15:40:17.259+0000][7][gc,age      ] GC(383) - age  15:        504 bytes,    1403928 total
[2024-02-12T15:40:17.259+0000][7][gc,heap     ] GC(383) Eden regions: 152->0(152)
[2024-02-12T15:40:17.259+0000][7][gc,heap     ] GC(383) Survivor regions: 1->1(20)
[2024-02-12T15:40:17.259+0000][7][gc,heap     ] GC(383) Old regions: 25->25
[2024-02-12T15:40:17.259+0000][7][gc,heap     ] GC(383) Archive regions: 2->2
[2024-02-12T15:40:17.259+0000][7][gc,heap     ] GC(383) Humongous regions: 0->0
[2024-02-12T15:40:17.259+0000][7][gc,metaspace] GC(383) Metaspace: 129723K(133376K)->129723K(133376K) NonClass: 112745K(114624K)->112745K(114624K) Class: 16977K(18752K)->16977K(18752K)
[2024-02-12T15:40:17.259+0000][7][gc          ] GC(383) Pause Young (Normal) (G1 Evacuation Pause) 713M->104M(1024M) 2.981ms
[2024-02-12T15:40:17.259+0000][7][gc,cpu      ] GC(383) User=0.02s Sys=0.00s Real=0.00s
[2024-02-12T15:40:17.259+0000][7][safepoint   ] Safepoint "G1CollectForAllocation", Time since last: 173477706309 ns, Reaching safepoint: 57565 ns, At safepoint: 3074173 ns, Total: 3131738 ns
[2024-02-12T15:42:56.737+0000][7][gc,start    ] GC(384) Pause Young (Normal) (G1 Evacuation Pause)
[2024-02-12T15:42:56.737+0000][7][gc,task     ] GC(384) Using 8 workers of 8 for evacuation
[2024-02-12T15:42:56.737+0000][7][gc,age      ] GC(384) Desired survivor size 41943040 bytes, new threshold 15 (max threshold 15)
[2024-02-12T15:42:56.739+0000][7][gc,phases   ] GC(384)   Pre Evacuate Collection Set: 0.1ms
[2024-02-12T15:42:56.739+0000][7][gc,phases   ] GC(384)   Merge Heap Roots: 0.0ms
[2024-02-12T15:42:56.739+0000][7][gc,phases   ] GC(384)   Evacuate Collection Set: 0.9ms
[2024-02-12T15:42:56.739+0000][7][gc,phases   ] GC(384)   Post Evacuate Collection Set: 0.8ms
[2024-02-12T15:42:56.739+0000][7][gc,phases   ] GC(384)   Other: 0.1ms
[2024-02-12T15:42:56.739+0000][7][gc,age      ] GC(384) Age table with threshold 15 (max threshold 15)
[2024-02-12T15:42:56.739+0000][7][gc,age      ] GC(384) - age   1:     497280 bytes,     497280 total
[2024-02-12T15:42:56.739+0000][7][gc,age      ] GC(384) - age   2:      12808 bytes,     510088 total
[2024-02-12T15:42:56.739+0000][7][gc,age      ] GC(384) - age   3:       4768 bytes,     514856 total
[2024-02-12T15:42:56.739+0000][7][gc,age      ] GC(384) - age   4:        344 bytes,     515200 total
[2024-02-12T15:42:56.739+0000][7][gc,age      ] GC(384) - age   5:       1272 bytes,     516472 total
[2024-02-12T15:42:56.739+0000][7][gc,age      ] GC(384) - age   6:       6656 bytes,     523128 total
[2024-02-12T15:42:56.739+0000][7][gc,age      ] GC(384) - age   7:      12720 bytes,     535848 total
[2024-02-12T15:42:56.739+0000][7][gc,age      ] GC(384) - age   8:     349928 bytes,     885776 total
[2024-02-12T15:42:56.739+0000][7][gc,age      ] GC(384) - age  10:      89504 bytes,     975280 total
[2024-02-12T15:42:56.739+0000][7][gc,heap     ] GC(384) Eden regions: 152->0(152)
[2024-02-12T15:42:56.739+0000][7][gc,heap     ] GC(384) Survivor regions: 1->1(20)
[2024-02-12T15:42:56.739+0000][7][gc,heap     ] GC(384) Old regions: 25->25
[2024-02-12T15:42:56.739+0000][7][gc,heap     ] GC(384) Archive regions: 2->2
[2024-02-12T15:42:56.739+0000][7][gc,heap     ] GC(384) Humongous regions: 0->0
[2024-02-12T15:42:56.739+0000][7][gc,metaspace] GC(384) Metaspace: 129723K(133376K)->129723K(133376K) NonClass: 112745K(114624K)->112745K(114624K) Class: 16977K(18752K)->16977K(18752K)
[2024-02-12T15:42:56.739+0000][7][gc          ] GC(384) Pause Young (Normal) (G1 Evacuation Pause) 712M->104M(1024M) 2.155ms
[2024-02-12T15:42:56.739+0000][7][gc,cpu      ] GC(384) User=0.01s Sys=0.00s Real=0.00s
[2024-02-12T15:42:56.739+0000][7][safepoint   ] Safepoint "G1CollectForAllocation", Time since last: 159478075328 ns, Reaching safepoint: 34038 ns, At safepoint: 2237050 ns, Total: 2271088 ns
[2024-02-12T15:46:12.098+0000][7][gc,start    ] GC(385) Pause Young (Normal) (G1 Evacuation Pause)
[2024-02-12T15:46:12.098+0000][7][gc,task     ] GC(385) Using 8 workers of 8 for evacuation
[2024-02-12T15:46:12.098+0000][7][gc,age      ] GC(385) Desired survivor size 41943040 bytes, new threshold 15 (max threshold 15)
[2024-02-12T15:46:12.101+0000][7][gc,phases   ] GC(385)   Pre Evacuate Collection Set: 0.1ms
[2024-02-12T15:46:12.101+0000][7][gc,phases   ] GC(385)   Merge Heap Roots: 0.1ms
[2024-02-12T15:46:12.101+0000][7][gc,phases   ] GC(385)   Evacuate Collection Set: 1.3ms
[2024-02-12T15:46:12.101+0000][7][gc,phases   ] GC(385)   Post Evacuate Collection Set: 0.8ms
[2024-02-12T15:46:12.101+0000][7][gc,phases   ] GC(385)   Other: 0.1ms
[2024-02-12T15:46:12.101+0000][7][gc,age      ] GC(385) Age table with threshold 15 (max threshold 15)
[2024-02-12T15:46:12.101+0000][7][gc,age      ] GC(385) - age   1:     791640 bytes,     791640 total
[2024-02-12T15:46:12.101+0000][7][gc,age      ] GC(385) - age   2:       2632 bytes,     794272 total
[2024-02-12T15:46:12.101+0000][7][gc,age      ] GC(385) - age   3:       3544 bytes,     797816 total
[2024-02-12T15:46:12.101+0000][7][gc,age      ] GC(385) - age   4:        608 bytes,     798424 total
[2024-02-12T15:46:12.101+0000][7][gc,age      ] GC(385) - age   5:         24 bytes,     798448 total
[2024-02-12T15:46:12.101+0000][7][gc,age      ] GC(385) - age   6:        752 bytes,     799200 total
[2024-02-12T15:46:12.101+0000][7][gc,age      ] GC(385) - age   7:       6592 bytes,     805792 total
[2024-02-12T15:46:12.101+0000][7][gc,age      ] GC(385) - age   8:      12720 bytes,     818512 total
[2024-02-12T15:46:12.101+0000][7][gc,age      ] GC(385) - age   9:     349832 bytes,    1168344 total
[2024-02-12T15:46:12.101+0000][7][gc,age      ] GC(385) - age  11:      89504 bytes,    1257848 total
[2024-02-12T15:46:12.101+0000][7][gc,heap     ] GC(385) Eden regions: 152->0(152)
[2024-02-12T15:46:12.101+0000][7][gc,heap     ] GC(385) Survivor regions: 1->1(20)
[2024-02-12T15:46:12.101+0000][7][gc,heap     ] GC(385) Old regions: 25->25
[2024-02-12T15:46:12.101+0000][7][gc,heap     ] GC(385) Archive regions: 2->2
[2024-02-12T15:46:12.101+0000][7][gc,heap     ] GC(385) Humongous regions: 0->0
[2024-02-12T15:46:12.101+0000][7][gc,metaspace] GC(385) Metaspace: 129723K(133376K)->129723K(133376K) NonClass: 112745K(114624K)->112745K(114624K) Class: 16977K(18752K)->16977K(18752K)
[2024-02-12T15:46:12.101+0000][7][gc          ] GC(385) Pause Young (Normal) (G1 Evacuation Pause) 712M->104M(1024M) 2.727ms
[2024-02-12T15:46:12.101+0000][7][gc,cpu      ] GC(385) User=0.01s Sys=0.00s Real=0.00s
[2024-02-12T15:46:12.101+0000][7][safepoint   ] Safepoint "G1CollectForAllocation", Time since last: 195358967134 ns, Reaching safepoint: 80225 ns, At safepoint: 2834157 ns, Total: 2914382 ns
[2024-02-12T15:49:29.794+0000][7][gc,start    ] GC(386) Pause Young (Normal) (G1 Evacuation Pause)
[2024-02-12T15:49:29.794+0000][7][gc,task     ] GC(386) Using 8 workers of 8 for evacuation
[2024-02-12T15:49:29.794+0000][7][gc,age      ] GC(386) Desired survivor size 41943040 bytes, new threshold 15 (max threshold 15)
[2024-02-12T15:49:29.796+0000][7][gc,phases   ] GC(386)   Pre Evacuate Collection Set: 0.1ms
[2024-02-12T15:49:29.796+0000][7][gc,phases   ] GC(386)   Merge Heap Roots: 0.0ms
[2024-02-12T15:49:29.796+0000][7][gc,phases   ] GC(386)   Evacuate Collection Set: 0.8ms
[2024-02-12T15:49:29.796+0000][7][gc,phases   ] GC(386)   Post Evacuate Collection Set: 0.6ms
[2024-02-12T15:49:29.796+0000][7][gc,phases   ] GC(386)   Other: 0.1ms
[2024-02-12T15:49:29.796+0000][7][gc,age      ] GC(386) Age table with threshold 15 (max threshold 15)
[2024-02-12T15:49:29.796+0000][7][gc,age      ] GC(386) - age   1:     918488 bytes,     918488 total
[2024-02-12T15:49:29.796+0000][7][gc,age      ] GC(386) - age   2:       6352 bytes,     924840 total
[2024-02-12T15:49:29.796+0000][7][gc,age      ] GC(386) - age   3:        424 bytes,     925264 total
[2024-02-12T15:49:29.796+0000][7][gc,age      ] GC(386) - age   4:       2408 bytes,     927672 total
[2024-02-12T15:49:29.796+0000][7][gc,age      ] GC(386) - age   5:        184 bytes,     927856 total
[2024-02-12T15:49:29.796+0000][7][gc,age      ] GC(386) - age   6:         24 bytes,     927880 total
[2024-02-12T15:49:29.796+0000][7][gc,age      ] GC(386) - age   7:        184 bytes,     928064 total
[2024-02-12T15:49:29.796+0000][7][gc,age      ] GC(386) - age   8:       6560 bytes,     934624 total
[2024-02-12T15:49:29.796+0000][7][gc,age      ] GC(386) - age   9:      12720 bytes,     947344 total
[2024-02-12T15:49:29.796+0000][7][gc,age      ] GC(386) - age  10:     349832 bytes,    1297176 total
[2024-02-12T15:49:29.796+0000][7][gc,age      ] GC(386) - age  12:      89504 bytes,    1386680 total
[2024-02-12T15:49:29.796+0000][7][gc,heap     ] GC(386) Eden regions: 152->0(152)
[2024-02-12T15:49:29.796+0000][7][gc,heap     ] GC(386) Survivor regions: 1->1(20)
[2024-02-12T15:49:29.796+0000][7][gc,heap     ] GC(386) Old regions: 25->25
[2024-02-12T15:49:29.796+0000][7][gc,heap     ] GC(386) Archive regions: 2->2
[2024-02-12T15:49:29.796+0000][7][gc,heap     ] GC(386) Humongous regions: 0->0
[2024-02-12T15:49:29.796+0000][7][gc,metaspace] GC(386) Metaspace: 129723K(133376K)->129723K(133376K) NonClass: 112745K(114624K)->112745K(114624K) Class: 16977K(18752K)->16977K(18752K)
[2024-02-12T15:49:29.796+0000][7][gc          ] GC(386) Pause Young (Normal) (G1 Evacuation Pause) 712M->104M(1024M) 1.776ms
[2024-02-12T15:49:29.796+0000][7][gc,cpu      ] GC(386) User=0.00s Sys=0.00s Real=0.00s
[2024-02-12T15:49:29.796+0000][7][safepoint   ] Safepoint "G1CollectForAllocation", Time since last: 197693035186 ns, Reaching safepoint: 22001 ns, At safepoint: 1850495 ns, Total: 1872496 ns
[2024-02-12T15:52:50.763+0000][7][gc,start    ] GC(387) Pause Young (Normal) (G1 Evacuation Pause)
[2024-02-12T15:52:50.763+0000][7][gc,task     ] GC(387) Using 8 workers of 8 for evacuation
[2024-02-12T15:52:50.763+0000][7][gc,age      ] GC(387) Desired survivor size 41943040 bytes, new threshold 15 (max threshold 15)
[2024-02-12T15:52:50.765+0000][7][gc,phases   ] GC(387)   Pre Evacuate Collection Set: 0.2ms
[2024-02-12T15:52:50.765+0000][7][gc,phases   ] GC(387)   Merge Heap Roots: 0.1ms
[2024-02-12T15:52:50.765+0000][7][gc,phases   ] GC(387)   Evacuate Collection Set: 1.5ms
[2024-02-12T15:52:50.766+0000][7][gc,phases   ] GC(387)   Post Evacuate Collection Set: 0.7ms
[2024-02-12T15:52:50.766+0000][7][gc,phases   ] GC(387)   Other: 0.1ms
[2024-02-12T15:52:50.766+0000][7][gc,age      ] GC(387) Age table with threshold 15 (max threshold 15)
[2024-02-12T15:52:50.766+0000][7][gc,age      ] GC(387) - age   1:    1291544 bytes,    1291544 total
[2024-02-12T15:52:50.766+0000][7][gc,age      ] GC(387) - age   2:       3616 bytes,    1295160 total
[2024-02-12T15:52:50.766+0000][7][gc,age      ] GC(387) - age   3:       4824 bytes,    1299984 total
[2024-02-12T15:52:50.766+0000][7][gc,age      ] GC(387) - age   4:        360 bytes,    1300344 total
[2024-02-12T15:52:50.766+0000][7][gc,age      ] GC(387) - age   5:       2408 bytes,    1302752 total
[2024-02-12T15:52:50.766+0000][7][gc,age      ] GC(387) - age   6:        184 bytes,    1302936 total
[2024-02-12T15:52:50.766+0000][7][gc,age      ] GC(387) - age   7:         24 bytes,    1302960 total
[2024-02-12T15:52:50.766+0000][7][gc,age      ] GC(387) - age   8:        184 bytes,    1303144 total
[2024-02-12T15:52:50.766+0000][7][gc,age      ] GC(387) - age   9:       6376 bytes,    1309520 total
[2024-02-12T15:52:50.766+0000][7][gc,age      ] GC(387) - age  10:      12720 bytes,    1322240 total
[2024-02-12T15:52:50.766+0000][7][gc,age      ] GC(387) - age  11:     349832 bytes,    1672072 total
[2024-02-12T15:52:50.766+0000][7][gc,age      ] GC(387) - age  13:      89504 bytes,    1761576 total
[2024-02-12T15:52:50.766+0000][7][gc,heap     ] GC(387) Eden regions: 152->0(152)
[2024-02-12T15:52:50.766+0000][7][gc,heap     ] GC(387) Survivor regions: 1->1(20)
[2024-02-12T15:52:50.766+0000][7][gc,heap     ] GC(387) Old regions: 25->25
[2024-02-12T15:52:50.766+0000][7][gc,heap     ] GC(387) Archive regions: 2->2
[2024-02-12T15:52:50.766+0000][7][gc,heap     ] GC(387) Humongous regions: 0->0
[2024-02-12T15:52:50.766+0000][7][gc,metaspace] GC(387) Metaspace: 129723K(133376K)->129723K(133376K) NonClass: 112745K(114624K)->112745K(114624K) Class: 16977K(18752K)->16977K(18752K)
[2024-02-12T15:52:50.766+0000][7][gc          ] GC(387) Pause Young (Normal) (G1 Evacuation Pause) 712M->105M(1024M) 2.851ms
[2024-02-12T15:52:50.766+0000][7][gc,cpu      ] GC(387) User=0.01s Sys=0.00s Real=0.00s
[2024-02-12T15:52:50.766+0000][7][safepoint   ] Safepoint "G1CollectForAllocation", Time since last: 200966786034 ns, Reaching safepoint: 63698 ns, At safepoint: 2951992 ns, Total: 3015690 ns
[2024-02-12T15:55:27.532+0000][7][gc,start    ] GC(388) Pause Young (Normal) (G1 Evacuation Pause)
[2024-02-12T15:55:27.532+0000][7][gc,task     ] GC(388) Using 8 workers of 8 for evacuation
[2024-02-12T15:55:27.532+0000][7][gc,age      ] GC(388) Desired survivor size 41943040 bytes, new threshold 15 (max threshold 15)
[2024-02-12T15:55:27.534+0000][7][gc,phases   ] GC(388)   Pre Evacuate Collection Set: 0.1ms
[2024-02-12T15:55:27.534+0000][7][gc,phases   ] GC(388)   Merge Heap Roots: 0.1ms
[2024-02-12T15:55:27.534+0000][7][gc,phases   ] GC(388)   Evacuate Collection Set: 1.4ms
[2024-02-12T15:55:27.534+0000][7][gc,phases   ] GC(388)   Post Evacuate Collection Set: 0.7ms
[2024-02-12T15:55:27.534+0000][7][gc,phases   ] GC(388)   Other: 0.1ms
[2024-02-12T15:55:27.534+0000][7][gc,age      ] GC(388) Age table with threshold 15 (max threshold 15)
[2024-02-12T15:55:27.534+0000][7][gc,age      ] GC(388) - age   1:    1112672 bytes,    1112672 total
[2024-02-12T15:55:27.534+0000][7][gc,age      ] GC(388) - age   2:       5016 bytes,    1117688 total
[2024-02-12T15:55:27.534+0000][7][gc,age      ] GC(388) - age   3:       1632 bytes,    1119320 total
[2024-02-12T15:55:27.534+0000][7][gc,age      ] GC(388) - age   4:        792 bytes,    1120112 total
[2024-02-12T15:55:27.534+0000][7][gc,age      ] GC(388) - age   6:       2160 bytes,    1122272 total
[2024-02-12T15:55:27.534+0000][7][gc,age      ] GC(388) - age   8:         24 bytes,    1122296 total
[2024-02-12T15:55:27.534+0000][7][gc,age      ] GC(388) - age   9:        184 bytes,    1122480 total
[2024-02-12T15:55:27.534+0000][7][gc,age      ] GC(388) - age  10:       6376 bytes,    1128856 total
[2024-02-12T15:55:27.534+0000][7][gc,age      ] GC(388) - age  11:      12720 bytes,    1141576 total
[2024-02-12T15:55:27.534+0000][7][gc,age      ] GC(388) - age  12:     349832 bytes,    1491408 total
[2024-02-12T15:55:27.534+0000][7][gc,age      ] GC(388) - age  14:      89504 bytes,    1580912 total
[2024-02-12T15:55:27.534+0000][7][gc,heap     ] GC(388) Eden regions: 152->0(152)
[2024-02-12T15:55:27.534+0000][7][gc,heap     ] GC(388) Survivor regions: 1->1(20)
[2024-02-12T15:55:27.534+0000][7][gc,heap     ] GC(388) Old regions: 25->25
[2024-02-12T15:55:27.534+0000][7][gc,heap     ] GC(388) Archive regions: 2->2
[2024-02-12T15:55:27.534+0000][7][gc,heap     ] GC(388) Humongous regions: 0->0
[2024-02-12T15:55:27.534+0000][7][gc,metaspace] GC(388) Metaspace: 129723K(133376K)->129723K(133376K) NonClass: 112745K(114624K)->112745K(114624K) Class: 16977K(18752K)->16977K(18752K)
[2024-02-12T15:55:27.534+0000][7][gc          ] GC(388) Pause Young (Normal) (G1 Evacuation Pause) 713M->104M(1024M) 2.735ms
[2024-02-12T15:55:27.534+0000][7][gc,cpu      ] GC(388) User=0.01s Sys=0.00s Real=0.00s
[2024-02-12T15:55:27.534+0000][7][safepoint   ] Safepoint "G1CollectForAllocation", Time since last: 156765680915 ns, Reaching safepoint: 46062 ns, At safepoint: 2836080 ns, Total: 2882142 ns
[2024-02-12T15:58:44.838+0000][7][gc,start    ] GC(389) Pause Young (Normal) (G1 Evacuation Pause)
[2024-02-12T15:58:44.839+0000][7][gc,task     ] GC(389) Using 8 workers of 8 for evacuation
[2024-02-12T15:58:44.839+0000][7][gc,age      ] GC(389) Desired survivor size 41943040 bytes, new threshold 15 (max threshold 15)
[2024-02-12T15:58:44.841+0000][7][gc,phases   ] GC(389)   Pre Evacuate Collection Set: 0.1ms
[2024-02-12T15:58:44.841+0000][7][gc,phases   ] GC(389)   Merge Heap Roots: 0.1ms
[2024-02-12T15:58:44.841+0000][7][gc,phases   ] GC(389)   Evacuate Collection Set: 1.6ms
[2024-02-12T15:58:44.841+0000][7][gc,phases   ] GC(389)   Post Evacuate Collection Set: 0.8ms
[2024-02-12T15:58:44.841+0000][7][gc,phases   ] GC(389)   Other: 0.1ms
[2024-02-12T15:58:44.841+0000][7][gc,age      ] GC(389) Age table with threshold 15 (max threshold 15)
[2024-02-12T15:58:44.841+0000][7][gc,age      ] GC(389) - age   1:    1817432 bytes,    1817432 total
[2024-02-12T15:58:44.841+0000][7][gc,age      ] GC(389) - age   2:      15120 bytes,    1832552 total
[2024-02-12T15:58:44.841+0000][7][gc,age      ] GC(389) - age   3:       1024 bytes,    1833576 total
[2024-02-12T15:58:44.841+0000][7][gc,age      ] GC(389) - age   4:        664 bytes,    1834240 total
[2024-02-12T15:58:44.841+0000][7][gc,age      ] GC(389) - age   5:        792 bytes,    1835032 total
[2024-02-12T15:58:44.841+0000][7][gc,age      ] GC(389) - age   7:       2128 bytes,    1837160 total
[2024-02-12T15:58:44.841+0000][7][gc,age      ] GC(389) - age   9:         24 bytes,    1837184 total
[2024-02-12T15:58:44.841+0000][7][gc,age      ] GC(389) - age  10:        184 bytes,    1837368 total
[2024-02-12T15:58:44.841+0000][7][gc,age      ] GC(389) - age  11:       6376 bytes,    1843744 total
[2024-02-12T15:58:44.841+0000][7][gc,age      ] GC(389) - age  12:      12720 bytes,    1856464 total
[2024-02-12T15:58:44.841+0000][7][gc,age      ] GC(389) - age  13:     349832 bytes,    2206296 total
[2024-02-12T15:58:44.841+0000][7][gc,age      ] GC(389) - age  15:      89504 bytes,    2295800 total
[2024-02-12T15:58:44.841+0000][7][gc,heap     ] GC(389) Eden regions: 152->0(152)
[2024-02-12T15:58:44.841+0000][7][gc,heap     ] GC(389) Survivor regions: 1->1(20)
[2024-02-12T15:58:44.841+0000][7][gc,heap     ] GC(389) Old regions: 25->25
[2024-02-12T15:58:44.841+0000][7][gc,heap     ] GC(389) Archive regions: 2->2
[2024-02-12T15:58:44.841+0000][7][gc,heap     ] GC(389) Humongous regions: 0->0
[2024-02-12T15:58:44.841+0000][7][gc,metaspace] GC(389) Metaspace: 129723K(133376K)->129723K(133376K) NonClass: 112745K(114624K)->112745K(114624K) Class: 16977K(18752K)->16977K(18752K)
[2024-02-12T15:58:44.841+0000][7][gc          ] GC(389) Pause Young (Normal) (G1 Evacuation Pause) 712M->105M(1024M) 2.868ms
[2024-02-12T15:58:44.841+0000][7][gc,cpu      ] GC(389) User=0.01s Sys=0.00s Real=0.00s
[2024-02-12T15:58:44.841+0000][7][safepoint   ] Safepoint "G1CollectForAllocation", Time since last: 197304083416 ns, Reaching safepoint: 48124 ns, At safepoint: 2958809 ns, Total: 3006933 ns
[2024-02-12T16:01:21.556+0000][7][gc,start    ] GC(390) Pause Young (Normal) (G1 Evacuation Pause)
[2024-02-12T16:01:21.557+0000][7][gc,task     ] GC(390) Using 8 workers of 8 for evacuation
[2024-02-12T16:01:21.557+0000][7][gc,age      ] GC(390) Desired survivor size 41943040 bytes, new threshold 15 (max threshold 15)
[2024-02-12T16:01:21.559+0000][7][gc,phases   ] GC(390)   Pre Evacuate Collection Set: 0.2ms
[2024-02-12T16:01:21.560+0000][7][gc,phases   ] GC(390)   Merge Heap Roots: 0.1ms
[2024-02-12T16:01:21.560+0000][7][gc,phases   ] GC(390)   Evacuate Collection Set: 1.6ms
[2024-02-12T16:01:21.560+0000][7][gc,phases   ] GC(390)   Post Evacuate Collection Set: 0.9ms
[2024-02-12T16:01:21.560+0000][7][gc,phases   ] GC(390)   Other: 0.1ms
[2024-02-12T16:01:21.560+0000][7][gc,age      ] GC(390) Age table with threshold 15 (max threshold 15)
[2024-02-12T16:01:21.560+0000][7][gc,age      ] GC(390) - age   1:    1503848 bytes,    1503848 total
[2024-02-12T16:01:21.560+0000][7][gc,age      ] GC(390) - age   2:       3504 bytes,    1507352 total
[2024-02-12T16:01:21.560+0000][7][gc,age      ] GC(390) - age   3:      12584 bytes,    1519936 total
[2024-02-12T16:01:21.560+0000][7][gc,age      ] GC(390) - age   4:         64 bytes,    1520000 total
[2024-02-12T16:01:21.560+0000][7][gc,age      ] GC(390) - age   5:        600 bytes,    1520600 total
[2024-02-12T16:01:21.560+0000][7][gc,age      ] GC(390) - age   6:        216 bytes,    1520816 total
[2024-02-12T16:01:21.560+0000][7][gc,age      ] GC(390) - age   8:       2128 bytes,    1522944 total
[2024-02-12T16:01:21.560+0000][7][gc,age      ] GC(390) - age  10:         24 bytes,    1522968 total
[2024-02-12T16:01:21.560+0000][7][gc,age      ] GC(390) - age  11:        184 bytes,    1523152 total
[2024-02-12T16:01:21.560+0000][7][gc,age      ] GC(390) - age  12:       6376 bytes,    1529528 total
[2024-02-12T16:01:21.560+0000][7][gc,age      ] GC(390) - age  13:      12720 bytes,    1542248 total
[2024-02-12T16:01:21.560+0000][7][gc,age      ] GC(390) - age  14:     349832 bytes,    1892080 total
[2024-02-12T16:01:21.560+0000][7][gc,heap     ] GC(390) Eden regions: 152->0(152)
[2024-02-12T16:01:21.560+0000][7][gc,heap     ] GC(390) Survivor regions: 1->1(20)
[2024-02-12T16:01:21.560+0000][7][gc,heap     ] GC(390) Old regions: 25->25
[2024-02-12T16:01:21.560+0000][7][gc,heap     ] GC(390) Archive regions: 2->2
[2024-02-12T16:01:21.560+0000][7][gc,heap     ] GC(390) Humongous regions: 0->0
[2024-02-12T16:01:21.560+0000][7][gc,metaspace] GC(390) Metaspace: 129723K(133376K)->129723K(133376K) NonClass: 112745K(114624K)->112745K(114624K) Class: 16977K(18752K)->16977K(18752K)
[2024-02-12T16:01:21.560+0000][7][gc          ] GC(390) Pause Young (Normal) (G1 Evacuation Pause) 713M->105M(1024M) 3.264ms
[2024-02-12T16:01:21.560+0000][7][gc,cpu      ] GC(390) User=0.01s Sys=0.00s Real=0.00s
[2024-02-12T16:01:21.560+0000][7][safepoint   ] Safepoint "G1CollectForAllocation", Time since last: 156715011965 ns, Reaching safepoint: 41148 ns, At safepoint: 3365103 ns, Total: 3406251 ns
[2024-02-12T16:03:56.858+0000][7][gc,start    ] GC(391) Pause Young (Normal) (G1 Evacuation Pause)
[2024-02-12T16:03:56.858+0000][7][gc,task     ] GC(391) Using 8 workers of 8 for evacuation
[2024-02-12T16:03:56.858+0000][7][gc,age      ] GC(391) Desired survivor size 41943040 bytes, new threshold 15 (max threshold 15)
[2024-02-12T16:03:56.861+0000][7][gc,phases   ] GC(391)   Pre Evacuate Collection Set: 0.1ms
[2024-02-12T16:03:56.861+0000][7][gc,phases   ] GC(391)   Merge Heap Roots: 0.1ms
[2024-02-12T16:03:56.861+0000][7][gc,phases   ] GC(391)   Evacuate Collection Set: 1.4ms
[2024-02-12T16:03:56.861+0000][7][gc,phases   ] GC(391)   Post Evacuate Collection Set: 0.8ms
[2024-02-12T16:03:56.861+0000][7][gc,phases   ] GC(391)   Other: 0.1ms
[2024-02-12T16:03:56.861+0000][7][gc,age      ] GC(391) Age table with threshold 15 (max threshold 15)
[2024-02-12T16:03:56.861+0000][7][gc,age      ] GC(391) - age   1:    1494720 bytes,    1494720 total
[2024-02-12T16:03:56.861+0000][7][gc,age      ] GC(391) - age   2:       2912 bytes,    1497632 total
[2024-02-12T16:03:56.861+0000][7][gc,age      ] GC(391) - age   3:       1616 bytes,    1499248 total
[2024-02-12T16:03:56.861+0000][7][gc,age      ] GC(391) - age   4:       3824 bytes,    1503072 total
[2024-02-12T16:03:56.861+0000][7][gc,age      ] GC(391) - age   6:        600 bytes,    1503672 total
[2024-02-12T16:03:56.861+0000][7][gc,age      ] GC(391) - age   7:        152 bytes,    1503824 total
[2024-02-12T16:03:56.861+0000][7][gc,age      ] GC(391) - age   9:       2128 bytes,    1505952 total
[2024-02-12T16:03:56.861+0000][7][gc,age      ] GC(391) - age  13:       6376 bytes,    1512328 total
[2024-02-12T16:03:56.861+0000][7][gc,age      ] GC(391) - age  14:      12720 bytes,    1525048 total
[2024-02-12T16:03:56.861+0000][7][gc,age      ] GC(391) - age  15:     349832 bytes,    1874880 total
[2024-02-12T16:03:56.861+0000][7][gc,heap     ] GC(391) Eden regions: 152->0(152)
[2024-02-12T16:03:56.861+0000][7][gc,heap     ] GC(391) Survivor regions: 1->1(20)
[2024-02-12T16:03:56.861+0000][7][gc,heap     ] GC(391) Old regions: 25->25
[2024-02-12T16:03:56.861+0000][7][gc,heap     ] GC(391) Archive regions: 2->2
[2024-02-12T16:03:56.861+0000][7][gc,heap     ] GC(391) Humongous regions: 0->0
[2024-02-12T16:03:56.861+0000][7][gc,metaspace] GC(391) Metaspace: 129723K(133376K)->129723K(133376K) NonClass: 112745K(114624K)->112745K(114624K) Class: 16977K(18752K)->16977K(18752K)
[2024-02-12T16:03:56.861+0000][7][gc          ] GC(391) Pause Young (Normal) (G1 Evacuation Pause) 713M->105M(1024M) 2.714ms
[2024-02-12T16:03:56.861+0000][7][gc,cpu      ] GC(391) User=0.02s Sys=0.00s Real=0.00s
[2024-02-12T16:03:56.861+0000][7][safepoint   ] Safepoint "G1CollectForAllocation", Time since last: 155298140026 ns, Reaching safepoint: 40441 ns, At safepoint: 2799588 ns, Total: 2840029 ns
[2024-02-12T16:06:32.850+0000][7][gc,start    ] GC(392) Pause Young (Normal) (G1 Evacuation Pause)
[2024-02-12T16:06:32.850+0000][7][gc,task     ] GC(392) Using 8 workers of 8 for evacuation
[2024-02-12T16:06:32.850+0000][7][gc,age      ] GC(392) Desired survivor size 41943040 bytes, new threshold 15 (max threshold 15)
[2024-02-12T16:06:32.852+0000][7][gc,phases   ] GC(392)   Pre Evacuate Collection Set: 0.1ms
[2024-02-12T16:06:32.853+0000][7][gc,phases   ] GC(392)   Merge Heap Roots: 0.1ms
[2024-02-12T16:06:32.853+0000][7][gc,phases   ] GC(392)   Evacuate Collection Set: 1.3ms
[2024-02-12T16:06:32.853+0000][7][gc,phases   ] GC(392)   Post Evacuate Collection Set: 0.8ms
[2024-02-12T16:06:32.853+0000][7][gc,phases   ] GC(392)   Other: 0.1ms
[2024-02-12T16:06:32.853+0000][7][gc,age      ] GC(392) Age table with threshold 15 (max threshold 15)
[2024-02-12T16:06:32.853+0000][7][gc,age      ] GC(392) - age   1:    1167824 bytes,    1167824 total
[2024-02-12T16:06:32.853+0000][7][gc,age      ] GC(392) - age   2:      10280 bytes,    1178104 total
[2024-02-12T16:06:32.853+0000][7][gc,age      ] GC(392) - age   3:        888 bytes,    1178992 total
[2024-02-12T16:06:32.853+0000][7][gc,age      ] GC(392) - age   4:       1192 bytes,    1180184 total
[2024-02-12T16:06:32.853+0000][7][gc,age      ] GC(392) - age   5:        368 bytes,    1180552 total
[2024-02-12T16:06:32.853+0000][7][gc,age      ] GC(392) - age   7:        600 bytes,    1181152 total
[2024-02-12T16:06:32.853+0000][7][gc,age      ] GC(392) - age   8:        152 bytes,    1181304 total
[2024-02-12T16:06:32.853+0000][7][gc,age      ] GC(392) - age  10:       2128 bytes,    1183432 total
[2024-02-12T16:06:32.853+0000][7][gc,age      ] GC(392) - age  14:       6376 bytes,    1189808 total
[2024-02-12T16:06:32.853+0000][7][gc,age      ] GC(392) - age  15:      12720 bytes,    1202528 total
[2024-02-12T16:06:32.853+0000][7][gc,heap     ] GC(392) Eden regions: 152->0(152)
[2024-02-12T16:06:32.853+0000][7][gc,heap     ] GC(392) Survivor regions: 1->1(20)
[2024-02-12T16:06:32.853+0000][7][gc,heap     ] GC(392) Old regions: 25->25
[2024-02-12T16:06:32.853+0000][7][gc,heap     ] GC(392) Archive regions: 2->2
[2024-02-12T16:06:32.853+0000][7][gc,heap     ] GC(392) Humongous regions: 0->0
[2024-02-12T16:06:32.853+0000][7][gc,metaspace] GC(392) Metaspace: 129723K(133376K)->129723K(133376K) NonClass: 112745K(114624K)->112745K(114624K) Class: 16977K(18752K)->16977K(18752K)
[2024-02-12T16:06:32.853+0000][7][gc          ] GC(392) Pause Young (Normal) (G1 Evacuation Pause) 713M->104M(1024M) 2.762ms
[2024-02-12T16:06:32.853+0000][7][gc,cpu      ] GC(392) User=0.01s Sys=0.00s Real=0.01s
[2024-02-12T16:06:32.853+0000][7][safepoint   ] Safepoint "G1CollectForAllocation", Time since last: 155989044065 ns, Reaching safepoint: 43758 ns, At safepoint: 2856965 ns, Total: 2900723 ns
[2024-02-12T16:07:29.859+0000][7][safepoint   ] Safepoint "Cleanup", Time since last: 57006554672 ns, Reaching safepoint: 59714 ns, At safepoint: 9890 ns, Total: 69604 ns
[2024-02-12T16:09:06.161+0000][7][gc,start    ] GC(393) Pause Young (Normal) (G1 Evacuation Pause)
[2024-02-12T16:09:06.161+0000][7][gc,task     ] GC(393) Using 8 workers of 8 for evacuation
[2024-02-12T16:09:06.161+0000][7][gc,age      ] GC(393) Desired survivor size 41943040 bytes, new threshold 15 (max threshold 15)
[2024-02-12T16:09:06.163+0000][7][gc,phases   ] GC(393)   Pre Evacuate Collection Set: 0.1ms
[2024-02-12T16:09:06.163+0000][7][gc,phases   ] GC(393)   Merge Heap Roots: 0.1ms
[2024-02-12T16:09:06.163+0000][7][gc,phases   ] GC(393)   Evacuate Collection Set: 1.2ms
[2024-02-12T16:09:06.163+0000][7][gc,phases   ] GC(393)   Post Evacuate Collection Set: 0.8ms
[2024-02-12T16:09:06.163+0000][7][gc,phases   ] GC(393)   Other: 0.1ms
[2024-02-12T16:09:06.163+0000][7][gc,age      ] GC(393) Age table with threshold 15 (max threshold 15)
[2024-02-12T16:09:06.163+0000][7][gc,age      ] GC(393) - age   1:    1326888 bytes,    1326888 total
[2024-02-12T16:09:06.163+0000][7][gc,age      ] GC(393) - age   2:       5856 bytes,    1332744 total
[2024-02-12T16:09:06.163+0000][7][gc,age      ] GC(393) - age   3:        632 bytes,    1333376 total
[2024-02-12T16:09:06.163+0000][7][gc,age      ] GC(393) - age   4:        760 bytes,    1334136 total
[2024-02-12T16:09:06.163+0000][7][gc,age      ] GC(393) - age   5:        120 bytes,    1334256 total
[2024-02-12T16:09:06.163+0000][7][gc,age      ] GC(393) - age   6:        368 bytes,    1334624 total
[2024-02-12T16:09:06.163+0000][7][gc,age      ] GC(393) - age   8:        184 bytes,    1334808 total
[2024-02-12T16:09:06.163+0000][7][gc,age      ] GC(393) - age   9:        120 bytes,    1334928 total
[2024-02-12T16:09:06.163+0000][7][gc,age      ] GC(393) - age  11:       2128 bytes,    1337056 total
[2024-02-12T16:09:06.163+0000][7][gc,age      ] GC(393) - age  15:       6376 bytes,    1343432 total
[2024-02-12T16:09:06.163+0000][7][gc,heap     ] GC(393) Eden regions: 152->0(152)
[2024-02-12T16:09:06.163+0000][7][gc,heap     ] GC(393) Survivor regions: 1->1(20)
[2024-02-12T16:09:06.163+0000][7][gc,heap     ] GC(393) Old regions: 25->25
[2024-02-12T16:09:06.163+0000][7][gc,heap     ] GC(393) Archive regions: 2->2
[2024-02-12T16:09:06.163+0000][7][gc,heap     ] GC(393) Humongous regions: 0->0
[2024-02-12T16:09:06.163+0000][7][gc,metaspace] GC(393) Metaspace: 129723K(133376K)->129723K(133376K) NonClass: 112745K(114624K)->112745K(114624K) Class: 16977K(18752K)->16977K(18752K)
[2024-02-12T16:09:06.164+0000][7][gc          ] GC(393) Pause Young (Normal) (G1 Evacuation Pause) 712M->105M(1024M) 2.610ms
[2024-02-12T16:09:06.164+0000][7][gc,cpu      ] GC(393) User=0.01s Sys=0.00s Real=0.01s
[2024-02-12T16:09:06.164+0000][7][safepoint   ] Safepoint "G1CollectForAllocation", Time since last: 96301411563 ns, Reaching safepoint: 70956 ns, At safepoint: 2704094 ns, Total: 2775050 ns
[2024-02-12T16:11:44.832+0000][7][gc,start    ] GC(394) Pause Young (Normal) (G1 Evacuation Pause)
[2024-02-12T16:11:44.833+0000][7][gc,task     ] GC(394) Using 8 workers of 8 for evacuation
[2024-02-12T16:11:44.833+0000][7][gc,age      ] GC(394) Desired survivor size 41943040 bytes, new threshold 15 (max threshold 15)
[2024-02-12T16:11:44.835+0000][7][gc,phases   ] GC(394)   Pre Evacuate Collection Set: 0.1ms
[2024-02-12T16:11:44.835+0000][7][gc,phases   ] GC(394)   Merge Heap Roots: 0.1ms
[2024-02-12T16:11:44.835+0000][7][gc,phases   ] GC(394)   Evacuate Collection Set: 1.0ms
[2024-02-12T16:11:44.835+0000][7][gc,phases   ] GC(394)   Post Evacuate Collection Set: 0.8ms
[2024-02-12T16:11:44.835+0000][7][gc,phases   ] GC(394)   Other: 0.1ms
[2024-02-12T16:11:44.835+0000][7][gc,age      ] GC(394) Age table with threshold 15 (max threshold 15)
[2024-02-12T16:11:44.835+0000][7][gc,age      ] GC(394) - age   1:     797704 bytes,     797704 total
[2024-02-12T16:11:44.835+0000][7][gc,age      ] GC(394) - age   2:      12272 bytes,     809976 total
[2024-02-12T16:11:44.835+0000][7][gc,age      ] GC(394) - age   3:       4088 bytes,     814064 total
[2024-02-12T16:11:44.835+0000][7][gc,age      ] GC(394) - age   4:        272 bytes,     814336 total
[2024-02-12T16:11:44.835+0000][7][gc,age      ] GC(394) - age   5:        576 bytes,     814912 total
[2024-02-12T16:11:44.835+0000][7][gc,age      ] GC(394) - age   6:        120 bytes,     815032 total
[2024-02-12T16:11:44.835+0000][7][gc,age      ] GC(394) - age   7:        184 bytes,     815216 total
[2024-02-12T16:11:44.835+0000][7][gc,age      ] GC(394) - age   9:        184 bytes,     815400 total
[2024-02-12T16:11:44.835+0000][7][gc,age      ] GC(394) - age  10:        120 bytes,     815520 total
[2024-02-12T16:11:44.835+0000][7][gc,age      ] GC(394) - age  12:       2128 bytes,     817648 total
[2024-02-12T16:11:44.835+0000][7][gc,heap     ] GC(394) Eden regions: 152->0(152)
[2024-02-12T16:11:44.835+0000][7][gc,heap     ] GC(394) Survivor regions: 1->1(20)
[2024-02-12T16:11:44.835+0000][7][gc,heap     ] GC(394) Old regions: 25->25
[2024-02-12T16:11:44.835+0000][7][gc,heap     ] GC(394) Archive regions: 2->2
[2024-02-12T16:11:44.835+0000][7][gc,heap     ] GC(394) Humongous regions: 0->0
[2024-02-12T16:11:44.835+0000][7][gc,metaspace] GC(394) Metaspace: 129723K(133376K)->129723K(133376K) NonClass: 112745K(114624K)->112745K(114624K) Class: 16977K(18752K)->16977K(18752K)
[2024-02-12T16:11:44.835+0000][7][gc          ] GC(394) Pause Young (Normal) (G1 Evacuation Pause) 713M->104M(1024M) 2.397ms
[2024-02-12T16:11:44.835+0000][7][gc,cpu      ] GC(394) User=0.00s Sys=0.01s Real=0.00s
[2024-02-12T16:11:44.835+0000][7][safepoint   ] Safepoint "G1CollectForAllocation", Time since last: 158668781973 ns, Reaching safepoint: 44184 ns, At safepoint: 2489781 ns, Total: 2533965 ns
[2024-02-12T16:14:14.901+0000][7][gc,start    ] GC(395) Pause Young (Normal) (G1 Evacuation Pause)
[2024-02-12T16:14:14.901+0000][7][gc,task     ] GC(395) Using 8 workers of 8 for evacuation
[2024-02-12T16:14:14.901+0000][7][gc,age      ] GC(395) Desired survivor size 41943040 bytes, new threshold 15 (max threshold 15)
[2024-02-12T16:14:14.906+0000][7][gc,phases   ] GC(395)   Pre Evacuate Collection Set: 0.1ms
[2024-02-12T16:14:14.906+0000][7][gc,phases   ] GC(395)   Merge Heap Roots: 0.1ms
[2024-02-12T16:14:14.906+0000][7][gc,phases   ] GC(395)   Evacuate Collection Set: 2.3ms
[2024-02-12T16:14:14.906+0000][7][gc,phases   ] GC(395)   Post Evacuate Collection Set: 1.7ms
[2024-02-12T16:14:14.906+0000][7][gc,phases   ] GC(395)   Other: 0.1ms
[2024-02-12T16:14:14.906+0000][7][gc,age      ] GC(395) Age table with threshold 15 (max threshold 15)
[2024-02-12T16:14:14.906+0000][7][gc,age      ] GC(395) - age   1:     914168 bytes,     914168 total
[2024-02-12T16:14:14.906+0000][7][gc,age      ] GC(395) - age   2:       2008 bytes,     916176 total
[2024-02-12T16:14:14.906+0000][7][gc,age      ] GC(395) - age   3:       9752 bytes,     925928 total
[2024-02-12T16:14:14.906+0000][7][gc,age      ] GC(395) - age   4:       3704 bytes,     929632 total
[2024-02-12T16:14:14.906+0000][7][gc,age      ] GC(395) - age   5:        184 bytes,     929816 total
[2024-02-12T16:14:14.906+0000][7][gc,age      ] GC(395) - age   6:        392 bytes,     930208 total
[2024-02-12T16:14:14.906+0000][7][gc,age      ] GC(395) - age   7:        120 bytes,     930328 total
[2024-02-12T16:14:14.906+0000][7][gc,age      ] GC(395) - age   8:        184 bytes,     930512 total
[2024-02-12T16:14:14.906+0000][7][gc,age      ] GC(395) - age  10:        184 bytes,     930696 total
[2024-02-12T16:14:14.906+0000][7][gc,age      ] GC(395) - age  11:        120 bytes,     930816 total
[2024-02-12T16:14:14.906+0000][7][gc,age      ] GC(395) - age  13:       2128 bytes,     932944 total
[2024-02-12T16:14:14.906+0000][7][gc,heap     ] GC(395) Eden regions: 152->0(152)
[2024-02-12T16:14:14.906+0000][7][gc,heap     ] GC(395) Survivor regions: 1->1(20)
[2024-02-12T16:14:14.906+0000][7][gc,heap     ] GC(395) Old regions: 25->25
[2024-02-12T16:14:14.906+0000][7][gc,heap     ] GC(395) Archive regions: 2->2
[2024-02-12T16:14:14.906+0000][7][gc,heap     ] GC(395) Humongous regions: 0->0
[2024-02-12T16:14:14.906+0000][7][gc,metaspace] GC(395) Metaspace: 129723K(133376K)->129723K(133376K) NonClass: 112745K(114624K)->112745K(114624K) Class: 16977K(18752K)->16977K(18752K)
[2024-02-12T16:14:14.906+0000][7][gc          ] GC(395) Pause Young (Normal) (G1 Evacuation Pause) 712M->104M(1024M) 4.566ms
[2024-02-12T16:14:14.906+0000][7][gc,cpu      ] GC(395) User=0.01s Sys=0.00s Real=0.01s
[2024-02-12T16:14:14.906+0000][7][safepoint   ] Safepoint "G1CollectForAllocation", Time since last: 150066236696 ns, Reaching safepoint: 53657 ns, At safepoint: 4674927 ns, Total: 4728584 ns
[2024-02-12T16:16:50.875+0000][7][gc,start    ] GC(396) Pause Young (Normal) (G1 Evacuation Pause)
[2024-02-12T16:16:50.875+0000][7][gc,task     ] GC(396) Using 8 workers of 8 for evacuation
[2024-02-12T16:16:50.875+0000][7][gc,age      ] GC(396) Desired survivor size 41943040 bytes, new threshold 15 (max threshold 15)
[2024-02-12T16:16:50.876+0000][7][gc,phases   ] GC(396)   Pre Evacuate Collection Set: 0.1ms
[2024-02-12T16:16:50.877+0000][7][gc,phases   ] GC(396)   Merge Heap Roots: 0.0ms
[2024-02-12T16:16:50.877+0000][7][gc,phases   ] GC(396)   Evacuate Collection Set: 0.7ms
[2024-02-12T16:16:50.877+0000][7][gc,phases   ] GC(396)   Post Evacuate Collection Set: 0.5ms
[2024-02-12T16:16:50.877+0000][7][gc,phases   ] GC(396)   Other: 0.1ms
[2024-02-12T16:16:50.877+0000][7][gc,age      ] GC(396) Age table with threshold 15 (max threshold 15)
[2024-02-12T16:16:50.877+0000][7][gc,age      ] GC(396) - age   1:     652856 bytes,     652856 total
[2024-02-12T16:16:50.877+0000][7][gc,age      ] GC(396) - age   2:       2616 bytes,     655472 total
[2024-02-12T16:16:50.877+0000][7][gc,age      ] GC(396) - age   3:        312 bytes,     655784 total
[2024-02-12T16:16:50.877+0000][7][gc,age      ] GC(396) - age   4:       9624 bytes,     665408 total
[2024-02-12T16:16:50.877+0000][7][gc,age      ] GC(396) - age   5:        248 bytes,     665656 total
[2024-02-12T16:16:50.877+0000][7][gc,age      ] GC(396) - age   6:        184 bytes,     665840 total
[2024-02-12T16:16:50.877+0000][7][gc,age      ] GC(396) - age   8:        120 bytes,     665960 total
[2024-02-12T16:16:50.877+0000][7][gc,age      ] GC(396) - age   9:        184 bytes,     666144 total
[2024-02-12T16:16:50.877+0000][7][gc,age      ] GC(396) - age  11:        184 bytes,     666328 total
[2024-02-12T16:16:50.877+0000][7][gc,age      ] GC(396) - age  12:        120 bytes,     666448 total
[2024-02-12T16:16:50.877+0000][7][gc,age      ] GC(396) - age  14:       2128 bytes,     668576 total
[2024-02-12T16:16:50.877+0000][7][gc,heap     ] GC(396) Eden regions: 152->0(152)
[2024-02-12T16:16:50.877+0000][7][gc,heap     ] GC(396) Survivor regions: 1->1(20)
[2024-02-12T16:16:50.877+0000][7][gc,heap     ] GC(396) Old regions: 25->25
[2024-02-12T16:16:50.877+0000][7][gc,heap     ] GC(396) Archive regions: 2->2
[2024-02-12T16:16:50.877+0000][7][gc,heap     ] GC(396) Humongous regions: 0->0
[2024-02-12T16:16:50.877+0000][7][gc,metaspace] GC(396) Metaspace: 129723K(133376K)->129723K(133376K) NonClass: 112745K(114624K)->112745K(114624K) Class: 16977K(18752K)->16977K(18752K)
[2024-02-12T16:16:50.877+0000][7][gc          ] GC(396) Pause Young (Normal) (G1 Evacuation Pause) 712M->104M(1024M) 1.506ms
[2024-02-12T16:16:50.877+0000][7][gc,cpu      ] GC(396) User=0.00s Sys=0.00s Real=0.00s
[2024-02-12T16:16:50.877+0000][7][safepoint   ] Safepoint "G1CollectForAllocation", Time since last: 155969220439 ns, Reaching safepoint: 29002 ns, At safepoint: 1577677 ns, Total: 1606679 ns
[2024-02-12T16:17:22.880+0000][7][safepoint   ] Safepoint "Cleanup", Time since last: 32003095059 ns, Reaching safepoint: 70846 ns, At safepoint: 42538 ns, Total: 113384 ns
[2024-02-12T16:19:21.313+0000][7][gc,start    ] GC(397) Pause Young (Normal) (G1 Evacuation Pause)
[2024-02-12T16:19:21.313+0000][7][gc,task     ] GC(397) Using 8 workers of 8 for evacuation
[2024-02-12T16:19:21.313+0000][7][gc,age      ] GC(397) Desired survivor size 41943040 bytes, new threshold 15 (max threshold 15)
[2024-02-12T16:19:21.316+0000][7][gc,phases   ] GC(397)   Pre Evacuate Collection Set: 0.1ms
[2024-02-12T16:19:21.316+0000][7][gc,phases   ] GC(397)   Merge Heap Roots: 0.1ms
[2024-02-12T16:19:21.316+0000][7][gc,phases   ] GC(397)   Evacuate Collection Set: 1.6ms
[2024-02-12T16:19:21.316+0000][7][gc,phases   ] GC(397)   Post Evacuate Collection Set: 0.8ms
[2024-02-12T16:19:21.316+0000][7][gc,phases   ] GC(397)   Other: 0.1ms
[2024-02-12T16:19:21.316+0000][7][gc,age      ] GC(397) Age table with threshold 15 (max threshold 15)
[2024-02-12T16:19:21.316+0000][7][gc,age      ] GC(397) - age   1:    1650440 bytes,    1650440 total
[2024-02-12T16:19:21.316+0000][7][gc,age      ] GC(397) - age   2:     234304 bytes,    1884744 total
[2024-02-12T16:19:21.316+0000][7][gc,age      ] GC(397) - age   3:        312 bytes,    1885056 total
[2024-02-12T16:19:21.316+0000][7][gc,age      ] GC(397) - age   5:       8616 bytes,    1893672 total
[2024-02-12T16:19:21.316+0000][7][gc,age      ] GC(397) - age   7:        184 bytes,    1893856 total
[2024-02-12T16:19:21.316+0000][7][gc,age      ] GC(397) - age   9:         88 bytes,    1893944 total
[2024-02-12T16:19:21.316+0000][7][gc,age      ] GC(397) - age  10:        184 bytes,    1894128 total
[2024-02-12T16:19:21.316+0000][7][gc,age      ] GC(397) - age  12:        184 bytes,    1894312 total
[2024-02-12T16:19:21.316+0000][7][gc,age      ] GC(397) - age  13:        120 bytes,    1894432 total
[2024-02-12T16:19:21.316+0000][7][gc,age      ] GC(397) - age  15:       2128 bytes,    1896560 total
[2024-02-12T16:19:21.316+0000][7][gc,heap     ] GC(397) Eden regions: 152->0(152)
[2024-02-12T16:19:21.316+0000][7][gc,heap     ] GC(397) Survivor regions: 1->1(20)
[2024-02-12T16:19:21.316+0000][7][gc,heap     ] GC(397) Old regions: 25->25
[2024-02-12T16:19:21.316+0000][7][gc,heap     ] GC(397) Archive regions: 2->2
[2024-02-12T16:19:21.316+0000][7][gc,heap     ] GC(397) Humongous regions: 0->0
[2024-02-12T16:19:21.316+0000][7][gc,metaspace] GC(397) Metaspace: 129723K(133376K)->129723K(133376K) NonClass: 112745K(114624K)->112745K(114624K) Class: 16977K(18752K)->16977K(18752K)
[2024-02-12T16:19:21.316+0000][7][gc          ] GC(397) Pause Young (Normal) (G1 Evacuation Pause) 712M->105M(1024M) 3.232ms
[2024-02-12T16:19:21.317+0000][7][gc,cpu      ] GC(397) User=0.01s Sys=0.00s Real=0.00s
[2024-02-12T16:19:21.317+0000][7][safepoint   ] Safepoint "G1CollectForAllocation", Time since last: 118433267337 ns, Reaching safepoint: 53920 ns, At safepoint: 3335679 ns, Total: 3389599 ns
[2024-02-12T16:22:09.833+0000][7][gc,start    ] GC(398) Pause Young (Normal) (G1 Evacuation Pause)
[2024-02-12T16:22:09.833+0000][7][gc,task     ] GC(398) Using 8 workers of 8 for evacuation
[2024-02-12T16:22:09.833+0000][7][gc,age      ] GC(398) Desired survivor size 41943040 bytes, new threshold 15 (max threshold 15)
[2024-02-12T16:22:09.836+0000][7][gc,phases   ] GC(398)   Pre Evacuate Collection Set: 0.1ms
[2024-02-12T16:22:09.836+0000][7][gc,phases   ] GC(398)   Merge Heap Roots: 0.1ms
[2024-02-12T16:22:09.836+0000][7][gc,phases   ] GC(398)   Evacuate Collection Set: 1.5ms
[2024-02-12T16:22:09.836+0000][7][gc,phases   ] GC(398)   Post Evacuate Collection Set: 0.9ms
[2024-02-12T16:22:09.836+0000][7][gc,phases   ] GC(398)   Other: 0.1ms
[2024-02-12T16:22:09.836+0000][7][gc,age      ] GC(398) Age table with threshold 15 (max threshold 15)
[2024-02-12T16:22:09.836+0000][7][gc,age      ] GC(398) - age   1:    1260456 bytes,    1260456 total
[2024-02-12T16:22:09.836+0000][7][gc,age      ] GC(398) - age   2:       4184 bytes,    1264640 total
[2024-02-12T16:22:09.836+0000][7][gc,age      ] GC(398) - age   3:     121080 bytes,    1385720 total
[2024-02-12T16:22:09.836+0000][7][gc,age      ] GC(398) - age   6:        600 bytes,    1386320 total
[2024-02-12T16:22:09.836+0000][7][gc,age      ] GC(398) - age   8:        184 bytes,    1386504 total
[2024-02-12T16:22:09.836+0000][7][gc,age      ] GC(398) - age  11:        184 bytes,    1386688 total
[2024-02-12T16:22:09.836+0000][7][gc,age      ] GC(398) - age  13:        184 bytes,    1386872 total
[2024-02-12T16:22:09.836+0000][7][gc,age      ] GC(398) - age  14:        120 bytes,    1386992 total
[2024-02-12T16:22:09.836+0000][7][gc,heap     ] GC(398) Eden regions: 152->0(152)
[2024-02-12T16:22:09.836+0000][7][gc,heap     ] GC(398) Survivor regions: 1->1(20)
[2024-02-12T16:22:09.836+0000][7][gc,heap     ] GC(398) Old regions: 25->25
[2024-02-12T16:22:09.836+0000][7][gc,heap     ] GC(398) Archive regions: 2->2
[2024-02-12T16:22:09.836+0000][7][gc,heap     ] GC(398) Humongous regions: 0->0
[2024-02-12T16:22:09.836+0000][7][gc,metaspace] GC(398) Metaspace: 129723K(133376K)->129723K(133376K) NonClass: 112745K(114624K)->112745K(114624K) Class: 16977K(18752K)->16977K(18752K)
[2024-02-12T16:22:09.836+0000][7][gc          ] GC(398) Pause Young (Normal) (G1 Evacuation Pause) 713M->105M(1024M) 2.984ms
[2024-02-12T16:22:09.836+0000][7][gc,cpu      ] GC(398) User=0.02s Sys=0.00s Real=0.00s
[2024-02-12T16:22:09.836+0000][7][safepoint   ] Safepoint "G1CollectForAllocation", Time since last: 168516575777 ns, Reaching safepoint: 78057 ns, At safepoint: 3087227 ns, Total: 3165284 ns
[2024-02-12T16:24:50.912+0000][7][gc,start    ] GC(399) Pause Young (Normal) (G1 Evacuation Pause)
[2024-02-12T16:24:50.912+0000][7][gc,task     ] GC(399) Using 8 workers of 8 for evacuation
[2024-02-12T16:24:50.912+0000][7][gc,age      ] GC(399) Desired survivor size 41943040 bytes, new threshold 15 (max threshold 15)
[2024-02-12T16:24:50.914+0000][7][gc,phases   ] GC(399)   Pre Evacuate Collection Set: 0.1ms
[2024-02-12T16:24:50.914+0000][7][gc,phases   ] GC(399)   Merge Heap Roots: 0.1ms
[2024-02-12T16:24:50.914+0000][7][gc,phases   ] GC(399)   Evacuate Collection Set: 1.0ms
[2024-02-12T16:24:50.914+0000][7][gc,phases   ] GC(399)   Post Evacuate Collection Set: 0.8ms
[2024-02-12T16:24:50.914+0000][7][gc,phases   ] GC(399)   Other: 0.1ms
[2024-02-12T16:24:50.914+0000][7][gc,age      ] GC(399) Age table with threshold 15 (max threshold 15)
[2024-02-12T16:24:50.914+0000][7][gc,age      ] GC(399) - age   1:     748112 bytes,     748112 total
[2024-02-12T16:24:50.914+0000][7][gc,age      ] GC(399) - age   2:     295704 bytes,    1043816 total
[2024-02-12T16:24:50.914+0000][7][gc,age      ] GC(399) - age   3:       2056 bytes,    1045872 total
[2024-02-12T16:24:50.914+0000][7][gc,age      ] GC(399) - age   4:     120216 bytes,    1166088 total
[2024-02-12T16:24:50.914+0000][7][gc,age      ] GC(399) - age   7:        600 bytes,    1166688 total
[2024-02-12T16:24:50.914+0000][7][gc,age      ] GC(399) - age   9:        184 bytes,    1166872 total
[2024-02-12T16:24:50.914+0000][7][gc,age      ] GC(399) - age  12:        184 bytes,    1167056 total
[2024-02-12T16:24:50.914+0000][7][gc,age      ] GC(399) - age  14:        184 bytes,    1167240 total
[2024-02-12T16:24:50.914+0000][7][gc,age      ] GC(399) - age  15:        120 bytes,    1167360 total
[2024-02-12T16:24:50.914+0000][7][gc,heap     ] GC(399) Eden regions: 152->0(152)
[2024-02-12T16:24:50.914+0000][7][gc,heap     ] GC(399) Survivor regions: 1->1(20)
[2024-02-12T16:24:50.914+0000][7][gc,heap     ] GC(399) Old regions: 25->25
[2024-02-12T16:24:50.914+0000][7][gc,heap     ] GC(399) Archive regions: 2->2
[2024-02-12T16:24:50.914+0000][7][gc,heap     ] GC(399) Humongous regions: 0->0
[2024-02-12T16:24:50.914+0000][7][gc,metaspace] GC(399) Metaspace: 129724K(133376K)->129724K(133376K) NonClass: 112746K(114624K)->112746K(114624K) Class: 16977K(18752K)->16977K(18752K)
[2024-02-12T16:24:50.914+0000][7][gc          ] GC(399) Pause Young (Normal) (G1 Evacuation Pause) 713M->104M(1024M) 2.329ms
[2024-02-12T16:24:50.914+0000][7][gc,cpu      ] GC(399) User=0.00s Sys=0.00s Real=0.00s
[2024-02-12T16:24:50.914+0000][7][safepoint   ] Safepoint "G1CollectForAllocation", Time since last: 161075297361 ns, Reaching safepoint: 67879 ns, At safepoint: 2427164 ns, Total: 2495043 ns
[2024-02-12T16:26:57.928+0000][7][safepoint   ] Safepoint "Cleanup", Time since last: 127014029028 ns, Reaching safepoint: 76686 ns, At safepoint: 6308 ns, Total: 82994 ns
[2024-02-12T16:28:08.907+0000][7][gc,start    ] GC(400) Pause Young (Normal) (G1 Evacuation Pause)
[2024-02-12T16:28:08.907+0000][7][gc,task     ] GC(400) Using 8 workers of 8 for evacuation
[2024-02-12T16:28:08.907+0000][7][gc,age      ] GC(400) Desired survivor size 41943040 bytes, new threshold 15 (max threshold 15)
[2024-02-12T16:28:08.909+0000][7][gc,phases   ] GC(400)   Pre Evacuate Collection Set: 0.1ms
[2024-02-12T16:28:08.909+0000][7][gc,phases   ] GC(400)   Merge Heap Roots: 0.1ms
[2024-02-12T16:28:08.909+0000][7][gc,phases   ] GC(400)   Evacuate Collection Set: 0.8ms
[2024-02-12T16:28:08.909+0000][7][gc,phases   ] GC(400)   Post Evacuate Collection Set: 0.6ms
[2024-02-12T16:28:08.909+0000][7][gc,phases   ] GC(400)   Other: 0.1ms
[2024-02-12T16:28:08.909+0000][7][gc,age      ] GC(400) Age table with threshold 15 (max threshold 15)
[2024-02-12T16:28:08.909+0000][7][gc,age      ] GC(400) - age   1:     292208 bytes,     292208 total
[2024-02-12T16:28:08.909+0000][7][gc,age      ] GC(400) - age   2:      38720 bytes,     330928 total
[2024-02-12T16:28:08.909+0000][7][gc,age      ] GC(400) - age   3:     293112 bytes,     624040 total
[2024-02-12T16:28:08.909+0000][7][gc,age      ] GC(400) - age   4:        432 bytes,     624472 total
[2024-02-12T16:28:08.909+0000][7][gc,age      ] GC(400) - age   5:     116760 bytes,     741232 total
[2024-02-12T16:28:08.909+0000][7][gc,age      ] GC(400) - age   8:        184 bytes,     741416 total
[2024-02-12T16:28:08.909+0000][7][gc,age      ] GC(400) - age  15:        184 bytes,     741600 total
[2024-02-12T16:28:08.909+0000][7][gc,heap     ] GC(400) Eden regions: 152->0(152)
[2024-02-12T16:28:08.909+0000][7][gc,heap     ] GC(400) Survivor regions: 1->1(20)
[2024-02-12T16:28:08.909+0000][7][gc,heap     ] GC(400) Old regions: 25->25
[2024-02-12T16:28:08.909+0000][7][gc,heap     ] GC(400) Archive regions: 2->2
[2024-02-12T16:28:08.909+0000][7][gc,heap     ] GC(400) Humongous regions: 0->0
[2024-02-12T16:28:08.909+0000][7][gc,metaspace] GC(400) Metaspace: 129726K(133440K)->129726K(133440K) NonClass: 112748K(114688K)->112748K(114688K) Class: 16977K(18752K)->16977K(18752K)
[2024-02-12T16:28:08.909+0000][7][gc          ] GC(400) Pause Young (Normal) (G1 Evacuation Pause) 712M->104M(1024M) 1.936ms
[2024-02-12T16:28:08.909+0000][7][gc,cpu      ] GC(400) User=0.01s Sys=0.00s Real=0.00s
[2024-02-12T16:28:08.909+0000][7][safepoint   ] Safepoint "G1CollectForAllocation", Time since last: 70979017706 ns, Reaching safepoint: 36235 ns, At safepoint: 2020122 ns, Total: 2056357 ns
[2024-02-12T16:31:24.015+0000][7][gc,start    ] GC(401) Pause Young (Normal) (G1 Evacuation Pause)
[2024-02-12T16:31:24.015+0000][7][gc,task     ] GC(401) Using 8 workers of 8 for evacuation
[2024-02-12T16:31:24.015+0000][7][gc,age      ] GC(401) Desired survivor size 41943040 bytes, new threshold 15 (max threshold 15)
[2024-02-12T16:31:24.017+0000][7][gc,phases   ] GC(401)   Pre Evacuate Collection Set: 0.1ms
[2024-02-12T16:31:24.017+0000][7][gc,phases   ] GC(401)   Merge Heap Roots: 0.0ms
[2024-02-12T16:31:24.017+0000][7][gc,phases   ] GC(401)   Evacuate Collection Set: 1.4ms
[2024-02-12T16:31:24.017+0000][7][gc,phases   ] GC(401)   Post Evacuate Collection Set: 0.6ms
[2024-02-12T16:31:24.017+0000][7][gc,phases   ] GC(401)   Other: 0.1ms
[2024-02-12T16:31:24.017+0000][7][gc,age      ] GC(401) Age table with threshold 15 (max threshold 15)
[2024-02-12T16:31:24.017+0000][7][gc,age      ] GC(401) - age   1:    2131656 bytes,    2131656 total
[2024-02-12T16:31:24.017+0000][7][gc,age      ] GC(401) - age   2:      46048 bytes,    2177704 total
[2024-02-12T16:31:24.018+0000][7][gc,age      ] GC(401) - age   3:      37632 bytes,    2215336 total
[2024-02-12T16:31:24.018+0000][7][gc,age      ] GC(401) - age   4:     293072 bytes,    2508408 total
[2024-02-12T16:31:24.018+0000][7][gc,age      ] GC(401) - age   5:        216 bytes,    2508624 total
[2024-02-12T16:31:24.018+0000][7][gc,age      ] GC(401) - age   6:     116240 bytes,    2624864 total
[2024-02-12T16:31:24.018+0000][7][gc,age      ] GC(401) - age   9:        184 bytes,    2625048 total
[2024-02-12T16:31:24.018+0000][7][gc,heap     ] GC(401) Eden regions: 152->0(152)
[2024-02-12T16:31:24.018+0000][7][gc,heap     ] GC(401) Survivor regions: 1->1(20)
[2024-02-12T16:31:24.018+0000][7][gc,heap     ] GC(401) Old regions: 25->25
[2024-02-12T16:31:24.018+0000][7][gc,heap     ] GC(401) Archive regions: 2->2
[2024-02-12T16:31:24.018+0000][7][gc,heap     ] GC(401) Humongous regions: 0->0
[2024-02-12T16:31:24.018+0000][7][gc,metaspace] GC(401) Metaspace: 129726K(133440K)->129726K(133440K) NonClass: 112748K(114688K)->112748K(114688K) Class: 16977K(18752K)->16977K(18752K)
[2024-02-12T16:31:24.018+0000][7][gc          ] GC(401) Pause Young (Normal) (G1 Evacuation Pause) 712M->106M(1024M) 2.454ms
[2024-02-12T16:31:24.018+0000][7][gc,cpu      ] GC(401) User=0.01s Sys=0.00s Real=0.00s
[2024-02-12T16:31:24.018+0000][7][safepoint   ] Safepoint "G1CollectForAllocation", Time since last: 195105809559 ns, Reaching safepoint: 34914 ns, At safepoint: 2537139 ns, Total: 2572053 ns
[2024-02-12T16:34:47.951+0000][7][gc,start    ] GC(402) Pause Young (Normal) (G1 Evacuation Pause)
[2024-02-12T16:34:47.951+0000][7][gc,task     ] GC(402) Using 8 workers of 8 for evacuation
[2024-02-12T16:34:47.951+0000][7][gc,age      ] GC(402) Desired survivor size 41943040 bytes, new threshold 15 (max threshold 15)
[2024-02-12T16:34:47.953+0000][7][gc,phases   ] GC(402)   Pre Evacuate Collection Set: 0.1ms
[2024-02-12T16:34:47.953+0000][7][gc,phases   ] GC(402)   Merge Heap Roots: 0.0ms
[2024-02-12T16:34:47.953+0000][7][gc,phases   ] GC(402)   Evacuate Collection Set: 1.0ms
[2024-02-12T16:34:47.953+0000][7][gc,phases   ] GC(402)   Post Evacuate Collection Set: 0.6ms
[2024-02-12T16:34:47.953+0000][7][gc,phases   ] GC(402)   Other: 0.1ms
[2024-02-12T16:34:47.953+0000][7][gc,age      ] GC(402) Age table with threshold 15 (max threshold 15)
[2024-02-12T16:34:47.953+0000][7][gc,age      ] GC(402) - age   1:    1505464 bytes,    1505464 total
[2024-02-12T16:34:47.953+0000][7][gc,age      ] GC(402) - age   2:      10120 bytes,    1515584 total
[2024-02-12T16:34:47.953+0000][7][gc,age      ] GC(402) - age   3:      36912 bytes,    1552496 total
[2024-02-12T16:34:47.953+0000][7][gc,age      ] GC(402) - age   4:      37376 bytes,    1589872 total
[2024-02-12T16:34:47.953+0000][7][gc,age      ] GC(402) - age   5:     293072 bytes,    1882944 total
[2024-02-12T16:34:47.953+0000][7][gc,age      ] GC(402) - age   6:        216 bytes,    1883160 total
[2024-02-12T16:34:47.953+0000][7][gc,age      ] GC(402) - age   7:     116240 bytes,    1999400 total
[2024-02-12T16:34:47.953+0000][7][gc,heap     ] GC(402) Eden regions: 152->0(152)
[2024-02-12T16:34:47.953+0000][7][gc,heap     ] GC(402) Survivor regions: 1->1(20)
[2024-02-12T16:34:47.953+0000][7][gc,heap     ] GC(402) Old regions: 25->25
[2024-02-12T16:34:47.953+0000][7][gc,heap     ] GC(402) Archive regions: 2->2
[2024-02-12T16:34:47.953+0000][7][gc,heap     ] GC(402) Humongous regions: 0->0
[2024-02-12T16:34:47.953+0000][7][gc,metaspace] GC(402) Metaspace: 129727K(133440K)->129727K(133440K) NonClass: 112749K(114688K)->112749K(114688K) Class: 16977K(18752K)->16977K(18752K)
[2024-02-12T16:34:47.953+0000][7][gc          ] GC(402) Pause Young (Normal) (G1 Evacuation Pause) 714M->105M(1024M) 1.940ms
[2024-02-12T16:34:47.953+0000][7][gc,cpu      ] GC(402) User=0.01s Sys=0.00s Real=0.00s
[2024-02-12T16:34:47.953+0000][7][safepoint   ] Safepoint "G1CollectForAllocation", Time since last: 203933093109 ns, Reaching safepoint: 91391 ns, At safepoint: 2006660 ns, Total: 2098051 ns
[2024-02-12T16:37:50.916+0000][7][gc,start    ] GC(403) Pause Young (Normal) (G1 Evacuation Pause)
[2024-02-12T16:37:50.916+0000][7][gc,task     ] GC(403) Using 8 workers of 8 for evacuation
[2024-02-12T16:37:50.916+0000][7][gc,age      ] GC(403) Desired survivor size 41943040 bytes, new threshold 15 (max threshold 15)
[2024-02-12T16:37:50.918+0000][7][gc,phases   ] GC(403)   Pre Evacuate Collection Set: 0.1ms
[2024-02-12T16:37:50.918+0000][7][gc,phases   ] GC(403)   Merge Heap Roots: 0.1ms
[2024-02-12T16:37:50.918+0000][7][gc,phases   ] GC(403)   Evacuate Collection Set: 0.9ms
[2024-02-12T16:37:50.918+0000][7][gc,phases   ] GC(403)   Post Evacuate Collection Set: 0.7ms
[2024-02-12T16:37:50.918+0000][7][gc,phases   ] GC(403)   Other: 0.1ms
[2024-02-12T16:37:50.918+0000][7][gc,age      ] GC(403) Age table with threshold 15 (max threshold 15)
[2024-02-12T16:37:50.918+0000][7][gc,age      ] GC(403) - age   1:     267944 bytes,     267944 total
[2024-02-12T16:37:50.918+0000][7][gc,age      ] GC(403) - age   2:       2696 bytes,     270640 total
[2024-02-12T16:37:50.918+0000][7][gc,age      ] GC(403) - age   3:       8208 bytes,     278848 total
[2024-02-12T16:37:50.918+0000][7][gc,age      ] GC(403) - age   4:      32680 bytes,     311528 total
[2024-02-12T16:37:50.918+0000][7][gc,age      ] GC(403) - age   5:      37376 bytes,     348904 total
[2024-02-12T16:37:50.918+0000][7][gc,age      ] GC(403) - age   6:     293072 bytes,     641976 total
[2024-02-12T16:37:50.918+0000][7][gc,age      ] GC(403) - age   7:        184 bytes,     642160 total
[2024-02-12T16:37:50.918+0000][7][gc,age      ] GC(403) - age   8:     116240 bytes,     758400 total
[2024-02-12T16:37:50.918+0000][7][gc,heap     ] GC(403) Eden regions: 152->0(152)
[2024-02-12T16:37:50.918+0000][7][gc,heap     ] GC(403) Survivor regions: 1->1(20)
[2024-02-12T16:37:50.918+0000][7][gc,heap     ] GC(403) Old regions: 25->25
[2024-02-12T16:37:50.918+0000][7][gc,heap     ] GC(403) Archive regions: 2->2
[2024-02-12T16:37:50.918+0000][7][gc,heap     ] GC(403) Humongous regions: 0->0
[2024-02-12T16:37:50.918+0000][7][gc,metaspace] GC(403) Metaspace: 129727K(133440K)->129727K(133440K) NonClass: 112749K(114688K)->112749K(114688K) Class: 16977K(18752K)->16977K(18752K)
[2024-02-12T16:37:50.918+0000][7][gc          ] GC(403) Pause Young (Normal) (G1 Evacuation Pause) 713M->104M(1024M) 2.098ms
[2024-02-12T16:37:50.918+0000][7][gc,cpu      ] GC(403) User=0.01s Sys=0.00s Real=0.00s
[2024-02-12T16:37:50.918+0000][7][safepoint   ] Safepoint "G1CollectForAllocation", Time since last: 182963284708 ns, Reaching safepoint: 73927 ns, At safepoint: 2189898 ns, Total: 2263825 ns
[2024-02-12T16:37:51.919+0000][7][safepoint   ] Safepoint "Cleanup", Time since last: 1000085640 ns, Reaching safepoint: 55317 ns, At safepoint: 7901 ns, Total: 63218 ns
[2024-02-12T16:40:00.932+0000][7][safepoint   ] Safepoint "Cleanup", Time since last: 129012917429 ns, Reaching safepoint: 62334 ns, At safepoint: 8143 ns, Total: 70477 ns
[2024-02-12T16:40:24.953+0000][7][gc,start    ] GC(404) Pause Young (Normal) (G1 Evacuation Pause)
[2024-02-12T16:40:24.954+0000][7][gc,task     ] GC(404) Using 8 workers of 8 for evacuation
[2024-02-12T16:40:24.954+0000][7][gc,age      ] GC(404) Desired survivor size 41943040 bytes, new threshold 15 (max threshold 15)
[2024-02-12T16:40:24.957+0000][7][gc,phases   ] GC(404)   Pre Evacuate Collection Set: 0.1ms
[2024-02-12T16:40:24.957+0000][7][gc,phases   ] GC(404)   Merge Heap Roots: 0.1ms
[2024-02-12T16:40:24.957+0000][7][gc,phases   ] GC(404)   Evacuate Collection Set: 1.8ms
[2024-02-12T16:40:24.957+0000][7][gc,phases   ] GC(404)   Post Evacuate Collection Set: 0.9ms
[2024-02-12T16:40:24.957+0000][7][gc,phases   ] GC(404)   Other: 0.2ms
[2024-02-12T16:40:24.957+0000][7][gc,age      ] GC(404) Age table with threshold 15 (max threshold 15)
[2024-02-12T16:40:24.957+0000][7][gc,age      ] GC(404) - age   1:    1259832 bytes,    1259832 total
[2024-02-12T16:40:24.957+0000][7][gc,age      ] GC(404) - age   2:      15720 bytes,    1275552 total
[2024-02-12T16:40:24.957+0000][7][gc,age      ] GC(404) - age   3:        320 bytes,    1275872 total
[2024-02-12T16:40:24.957+0000][7][gc,age      ] GC(404) - age   4:       7576 bytes,    1283448 total
[2024-02-12T16:40:24.957+0000][7][gc,age      ] GC(404) - age   5:      32384 bytes,    1315832 total
[2024-02-12T16:40:24.957+0000][7][gc,age      ] GC(404) - age   6:      37376 bytes,    1353208 total
[2024-02-12T16:40:24.957+0000][7][gc,age      ] GC(404) - age   7:     293072 bytes,    1646280 total
[2024-02-12T16:40:24.957+0000][7][gc,age      ] GC(404) - age   8:        184 bytes,    1646464 total
[2024-02-12T16:40:24.957+0000][7][gc,age      ] GC(404) - age   9:     116240 bytes,    1762704 total
[2024-02-12T16:40:24.957+0000][7][gc,heap     ] GC(404) Eden regions: 152->0(152)
[2024-02-12T16:40:24.957+0000][7][gc,heap     ] GC(404) Survivor regions: 1->1(20)
[2024-02-12T16:40:24.957+0000][7][gc,heap     ] GC(404) Old regions: 25->25
[2024-02-12T16:40:24.957+0000][7][gc,heap     ] GC(404) Archive regions: 2->2
[2024-02-12T16:40:24.957+0000][7][gc,heap     ] GC(404) Humongous regions: 0->0
[2024-02-12T16:40:24.957+0000][7][gc,metaspace] GC(404) Metaspace: 129727K(133440K)->129727K(133440K) NonClass: 112749K(114688K)->112749K(114688K) Class: 16977K(18752K)->16977K(18752K)
[2024-02-12T16:40:24.957+0000][7][gc          ] GC(404) Pause Young (Normal) (G1 Evacuation Pause) 712M->105M(1024M) 3.422ms
[2024-02-12T16:40:24.957+0000][7][gc,cpu      ] GC(404) User=0.01s Sys=0.00s Real=0.00s
[2024-02-12T16:40:24.957+0000][7][safepoint   ] Safepoint "G1CollectForAllocation", Time since last: 24021897873 ns, Reaching safepoint: 42998 ns, At safepoint: 3534595 ns, Total: 3577593 ns
[2024-02-12T16:42:56.968+0000][7][gc,start    ] GC(405) Pause Young (Normal) (G1 Evacuation Pause)
[2024-02-12T16:42:56.968+0000][7][gc,task     ] GC(405) Using 8 workers of 8 for evacuation
[2024-02-12T16:42:56.968+0000][7][gc,age      ] GC(405) Desired survivor size 41943040 bytes, new threshold 15 (max threshold 15)
[2024-02-12T16:42:56.970+0000][7][gc,phases   ] GC(405)   Pre Evacuate Collection Set: 0.1ms
[2024-02-12T16:42:56.970+0000][7][gc,phases   ] GC(405)   Merge Heap Roots: 0.0ms
[2024-02-12T16:42:56.970+0000][7][gc,phases   ] GC(405)   Evacuate Collection Set: 1.2ms
[2024-02-12T16:42:56.970+0000][7][gc,phases   ] GC(405)   Post Evacuate Collection Set: 0.7ms
[2024-02-12T16:42:56.971+0000][7][gc,phases   ] GC(405)   Other: 0.1ms
[2024-02-12T16:42:56.971+0000][7][gc,age      ] GC(405) Age table with threshold 15 (max threshold 15)
[2024-02-12T16:42:56.971+0000][7][gc,age      ] GC(405) - age   1:    1200008 bytes,    1200008 total
[2024-02-12T16:42:56.971+0000][7][gc,age      ] GC(405) - age   2:       3328 bytes,    1203336 total
[2024-02-12T16:42:56.971+0000][7][gc,age      ] GC(405) - age   3:      13384 bytes,    1216720 total
[2024-02-12T16:42:56.971+0000][7][gc,age      ] GC(405) - age   4:         64 bytes,    1216784 total
[2024-02-12T16:42:56.971+0000][7][gc,age      ] GC(405) - age   5:       7448 bytes,    1224232 total
[2024-02-12T16:42:56.971+0000][7][gc,age      ] GC(405) - age   6:      32384 bytes,    1256616 total
[2024-02-12T16:42:56.971+0000][7][gc,age      ] GC(405) - age   7:      37192 bytes,    1293808 total
[2024-02-12T16:42:56.971+0000][7][gc,age      ] GC(405) - age   8:     293072 bytes,    1586880 total
[2024-02-12T16:42:56.971+0000][7][gc,age      ] GC(405) - age   9:        184 bytes,    1587064 total
[2024-02-12T16:42:56.971+0000][7][gc,age      ] GC(405) - age  10:     116240 bytes,    1703304 total
[2024-02-12T16:42:56.971+0000][7][gc,heap     ] GC(405) Eden regions: 152->0(152)
[2024-02-12T16:42:56.971+0000][7][gc,heap     ] GC(405) Survivor regions: 1->1(20)
[2024-02-12T16:42:56.971+0000][7][gc,heap     ] GC(405) Old regions: 25->25
[2024-02-12T16:42:56.971+0000][7][gc,heap     ] GC(405) Archive regions: 2->2
[2024-02-12T16:42:56.971+0000][7][gc,heap     ] GC(405) Humongous regions: 0->0
[2024-02-12T16:42:56.971+0000][7][gc,metaspace] GC(405) Metaspace: 129727K(133440K)->129727K(133440K) NonClass: 112749K(114688K)->112749K(114688K) Class: 16977K(18752K)->16977K(18752K)
[2024-02-12T16:42:56.971+0000][7][gc          ] GC(405) Pause Young (Normal) (G1 Evacuation Pause) 713M->105M(1024M) 2.343ms
[2024-02-12T16:42:56.971+0000][7][gc,cpu      ] GC(405) User=0.01s Sys=0.00s Real=0.01s
[2024-02-12T16:42:56.971+0000][7][safepoint   ] Safepoint "G1CollectForAllocation", Time since last: 152011250957 ns, Reaching safepoint: 26639 ns, At safepoint: 2422194 ns, Total: 2448833 ns
[2024-02-12T16:46:06.808+0000][7][gc,start    ] GC(406) Pause Young (Normal) (G1 Evacuation Pause)
[2024-02-12T16:46:06.808+0000][7][gc,task     ] GC(406) Using 8 workers of 8 for evacuation
[2024-02-12T16:46:06.808+0000][7][gc,age      ] GC(406) Desired survivor size 41943040 bytes, new threshold 15 (max threshold 15)
[2024-02-12T16:46:06.811+0000][7][gc,phases   ] GC(406)   Pre Evacuate Collection Set: 0.1ms
[2024-02-12T16:46:06.811+0000][7][gc,phases   ] GC(406)   Merge Heap Roots: 0.1ms
[2024-02-12T16:46:06.811+0000][7][gc,phases   ] GC(406)   Evacuate Collection Set: 1.3ms
[2024-02-12T16:46:06.811+0000][7][gc,phases   ] GC(406)   Post Evacuate Collection Set: 0.7ms
[2024-02-12T16:46:06.811+0000][7][gc,phases   ] GC(406)   Other: 0.1ms
[2024-02-12T16:46:06.811+0000][7][gc,age      ] GC(406) Age table with threshold 15 (max threshold 15)
[2024-02-12T16:46:06.811+0000][7][gc,age      ] GC(406) - age   1:    1082640 bytes,    1082640 total
[2024-02-12T16:46:06.811+0000][7][gc,age      ] GC(406) - age   2:       2560 bytes,    1085200 total
[2024-02-12T16:46:06.811+0000][7][gc,age      ] GC(406) - age   3:        128 bytes,    1085328 total
[2024-02-12T16:46:06.811+0000][7][gc,age      ] GC(406) - age   4:       1208 bytes,    1086536 total
[2024-02-12T16:46:06.811+0000][7][gc,age      ] GC(406) - age   6:       6992 bytes,    1093528 total
[2024-02-12T16:46:06.811+0000][7][gc,age      ] GC(406) - age   7:      32384 bytes,    1125912 total
[2024-02-12T16:46:06.811+0000][7][gc,age      ] GC(406) - age   8:      37192 bytes,    1163104 total
[2024-02-12T16:46:06.811+0000][7][gc,age      ] GC(406) - age   9:     293072 bytes,    1456176 total
[2024-02-12T16:46:06.811+0000][7][gc,age      ] GC(406) - age  11:     116240 bytes,    1572416 total
[2024-02-12T16:46:06.811+0000][7][gc,heap     ] GC(406) Eden regions: 152->0(152)
[2024-02-12T16:46:06.811+0000][7][gc,heap     ] GC(406) Survivor regions: 1->1(20)
[2024-02-12T16:46:06.811+0000][7][gc,heap     ] GC(406) Old regions: 25->25
[2024-02-12T16:46:06.811+0000][7][gc,heap     ] GC(406) Archive regions: 2->2
[2024-02-12T16:46:06.811+0000][7][gc,heap     ] GC(406) Humongous regions: 0->0
[2024-02-12T16:46:06.811+0000][7][gc,metaspace] GC(406) Metaspace: 129727K(133440K)->129727K(133440K) NonClass: 112749K(114688K)->112749K(114688K) Class: 16977K(18752K)->16977K(18752K)
[2024-02-12T16:46:06.811+0000][7][gc          ] GC(406) Pause Young (Normal) (G1 Evacuation Pause) 713M->105M(1024M) 2.544ms
[2024-02-12T16:46:06.811+0000][7][gc,cpu      ] GC(406) User=0.01s Sys=0.00s Real=0.01s
[2024-02-12T16:46:06.811+0000][7][safepoint   ] Safepoint "G1CollectForAllocation", Time since last: 189837413685 ns, Reaching safepoint: 47199 ns, At safepoint: 2626611 ns, Total: 2673810 ns
[2024-02-12T16:49:23.610+0000][7][gc,start    ] GC(407) Pause Young (Normal) (G1 Evacuation Pause)
[2024-02-12T16:49:23.610+0000][7][gc,task     ] GC(407) Using 8 workers of 8 for evacuation
[2024-02-12T16:49:23.610+0000][7][gc,age      ] GC(407) Desired survivor size 41943040 bytes, new threshold 15 (max threshold 15)
[2024-02-12T16:49:23.613+0000][7][gc,phases   ] GC(407)   Pre Evacuate Collection Set: 0.1ms
[2024-02-12T16:49:23.613+0000][7][gc,phases   ] GC(407)   Merge Heap Roots: 0.1ms
[2024-02-12T16:49:23.613+0000][7][gc,phases   ] GC(407)   Evacuate Collection Set: 1.3ms
[2024-02-12T16:49:23.613+0000][7][gc,phases   ] GC(407)   Post Evacuate Collection Set: 0.9ms
[2024-02-12T16:49:23.613+0000][7][gc,phases   ] GC(407)   Other: 0.1ms
[2024-02-12T16:49:23.613+0000][7][gc,age      ] GC(407) Age table with threshold 15 (max threshold 15)
[2024-02-12T16:49:23.613+0000][7][gc,age      ] GC(407) - age   1:    1016288 bytes,    1016288 total
[2024-02-12T16:49:23.613+0000][7][gc,age      ] GC(407) - age   2:       5512 bytes,    1021800 total
[2024-02-12T16:49:23.613+0000][7][gc,age      ] GC(407) - age   3:        736 bytes,    1022536 total
[2024-02-12T16:49:23.613+0000][7][gc,age      ] GC(407) - age   5:        328 bytes,    1022864 total
[2024-02-12T16:49:23.613+0000][7][gc,age      ] GC(407) - age   7:       6608 bytes,    1029472 total
[2024-02-12T16:49:23.613+0000][7][gc,age      ] GC(407) - age   8:      32352 bytes,    1061824 total
[2024-02-12T16:49:23.613+0000][7][gc,age      ] GC(407) - age   9:      37192 bytes,    1099016 total
[2024-02-12T16:49:23.613+0000][7][gc,age      ] GC(407) - age  10:     293072 bytes,    1392088 total
[2024-02-12T16:49:23.613+0000][7][gc,age      ] GC(407) - age  12:     116240 bytes,    1508328 total
[2024-02-12T16:49:23.613+0000][7][gc,heap     ] GC(407) Eden regions: 152->0(152)
[2024-02-12T16:49:23.613+0000][7][gc,heap     ] GC(407) Survivor regions: 1->1(20)
[2024-02-12T16:49:23.613+0000][7][gc,heap     ] GC(407) Old regions: 25->25
[2024-02-12T16:49:23.613+0000][7][gc,heap     ] GC(407) Archive regions: 2->2
[2024-02-12T16:49:23.613+0000][7][gc,heap     ] GC(407) Humongous regions: 0->0
[2024-02-12T16:49:23.613+0000][7][gc,metaspace] GC(407) Metaspace: 129727K(133440K)->129727K(133440K) NonClass: 112749K(114688K)->112749K(114688K) Class: 16977K(18752K)->16977K(18752K)
[2024-02-12T16:49:23.613+0000][7][gc          ] GC(407) Pause Young (Normal) (G1 Evacuation Pause) 713M->105M(1024M) 2.852ms
[2024-02-12T16:49:23.613+0000][7][gc,cpu      ] GC(407) User=0.01s Sys=0.01s Real=0.01s
[2024-02-12T16:49:23.613+0000][7][safepoint   ] Safepoint "G1CollectForAllocation", Time since last: 196799148279 ns, Reaching safepoint: 58927 ns, At safepoint: 2951943 ns, Total: 3010870 ns
[2024-02-12T16:51:21.627+0000][7][safepoint   ] Safepoint "Cleanup", Time since last: 118013885600 ns, Reaching safepoint: 72670 ns, At safepoint: 9024 ns, Total: 81694 ns
[2024-02-12T16:52:03.081+0000][7][gc,start    ] GC(408) Pause Young (Normal) (G1 Evacuation Pause)
[2024-02-12T16:52:03.081+0000][7][gc,task     ] GC(408) Using 8 workers of 8 for evacuation
[2024-02-12T16:52:03.081+0000][7][gc,age      ] GC(408) Desired survivor size 41943040 bytes, new threshold 15 (max threshold 15)
[2024-02-12T16:52:03.083+0000][7][gc,phases   ] GC(408)   Pre Evacuate Collection Set: 0.1ms
[2024-02-12T16:52:03.083+0000][7][gc,phases   ] GC(408)   Merge Heap Roots: 0.0ms
[2024-02-12T16:52:03.083+0000][7][gc,phases   ] GC(408)   Evacuate Collection Set: 1.1ms
[2024-02-12T16:52:03.083+0000][7][gc,phases   ] GC(408)   Post Evacuate Collection Set: 0.6ms
[2024-02-12T16:52:03.083+0000][7][gc,phases   ] GC(408)   Other: 0.1ms
[2024-02-12T16:52:03.083+0000][7][gc,age      ] GC(408) Age table with threshold 15 (max threshold 15)
[2024-02-12T16:52:03.083+0000][7][gc,age      ] GC(408) - age   1:    2032560 bytes,    2032560 total
[2024-02-12T16:52:03.083+0000][7][gc,age      ] GC(408) - age   2:       4112 bytes,    2036672 total
[2024-02-12T16:52:03.083+0000][7][gc,age      ] GC(408) - age   3:       4104 bytes,    2040776 total
[2024-02-12T16:52:03.083+0000][7][gc,age      ] GC(408) - age   4:        184 bytes,    2040960 total
[2024-02-12T16:52:03.083+0000][7][gc,age      ] GC(408) - age   6:        328 bytes,    2041288 total
[2024-02-12T16:52:03.083+0000][7][gc,age      ] GC(408) - age   8:       6360 bytes,    2047648 total
[2024-02-12T16:52:03.083+0000][7][gc,age      ] GC(408) - age   9:      32352 bytes,    2080000 total
[2024-02-12T16:52:03.083+0000][7][gc,age      ] GC(408) - age  10:      37192 bytes,    2117192 total
[2024-02-12T16:52:03.083+0000][7][gc,age      ] GC(408) - age  11:     293072 bytes,    2410264 total
[2024-02-12T16:52:03.083+0000][7][gc,age      ] GC(408) - age  13:     116240 bytes,    2526504 total
[2024-02-12T16:52:03.083+0000][7][gc,heap     ] GC(408) Eden regions: 152->0(152)
[2024-02-12T16:52:03.083+0000][7][gc,heap     ] GC(408) Survivor regions: 1->1(20)
[2024-02-12T16:52:03.083+0000][7][gc,heap     ] GC(408) Old regions: 25->25
[2024-02-12T16:52:03.083+0000][7][gc,heap     ] GC(408) Archive regions: 2->2
[2024-02-12T16:52:03.083+0000][7][gc,heap     ] GC(408) Humongous regions: 0->0
[2024-02-12T16:52:03.083+0000][7][gc,metaspace] GC(408) Metaspace: 129727K(133440K)->129727K(133440K) NonClass: 112749K(114688K)->112749K(114688K) Class: 16977K(18752K)->16977K(18752K)
[2024-02-12T16:52:03.083+0000][7][gc          ] GC(408) Pause Young (Normal) (G1 Evacuation Pause) 713M->106M(1024M) 2.054ms
[2024-02-12T16:52:03.083+0000][7][gc,cpu      ] GC(408) User=0.01s Sys=0.00s Real=0.01s
[2024-02-12T16:52:03.083+0000][7][safepoint   ] Safepoint "G1CollectForAllocation", Time since last: 41453885837 ns, Reaching safepoint: 107658 ns, At safepoint: 2120143 ns, Total: 2227801 ns
[2024-02-12T16:53:13.091+0000][7][safepoint   ] Safepoint "Cleanup", Time since last: 70007847308 ns, Reaching safepoint: 69104 ns, At safepoint: 5592 ns, Total: 74696 ns
[2024-02-12T16:54:48.104+0000][7][gc,start    ] GC(409) Pause Young (Normal) (G1 Evacuation Pause)
[2024-02-12T16:54:48.104+0000][7][gc,task     ] GC(409) Using 8 workers of 8 for evacuation
[2024-02-12T16:54:48.104+0000][7][gc,age      ] GC(409) Desired survivor size 41943040 bytes, new threshold 15 (max threshold 15)
[2024-02-12T16:54:48.107+0000][7][gc,phases   ] GC(409)   Pre Evacuate Collection Set: 0.1ms
[2024-02-12T16:54:48.107+0000][7][gc,phases   ] GC(409)   Merge Heap Roots: 0.1ms
[2024-02-12T16:54:48.107+0000][7][gc,phases   ] GC(409)   Evacuate Collection Set: 1.3ms
[2024-02-12T16:54:48.107+0000][7][gc,phases   ] GC(409)   Post Evacuate Collection Set: 0.8ms
[2024-02-12T16:54:48.107+0000][7][gc,phases   ] GC(409)   Other: 0.1ms
[2024-02-12T16:54:48.107+0000][7][gc,age      ] GC(409) Age table with threshold 15 (max threshold 15)
[2024-02-12T16:54:48.107+0000][7][gc,age      ] GC(409) - age   1:    1185904 bytes,    1185904 total
[2024-02-12T16:54:48.107+0000][7][gc,age      ] GC(409) - age   2:       3384 bytes,    1189288 total
[2024-02-12T16:54:48.107+0000][7][gc,age      ] GC(409) - age   3:       2232 bytes,    1191520 total
[2024-02-12T16:54:48.107+0000][7][gc,age      ] GC(409) - age   4:       4104 bytes,    1195624 total
[2024-02-12T16:54:48.107+0000][7][gc,age      ] GC(409) - age   5:        184 bytes,    1195808 total
[2024-02-12T16:54:48.107+0000][7][gc,age      ] GC(409) - age   7:        144 bytes,    1195952 total
[2024-02-12T16:54:48.107+0000][7][gc,age      ] GC(409) - age   9:       6360 bytes,    1202312 total
[2024-02-12T16:54:48.107+0000][7][gc,age      ] GC(409) - age  10:      32352 bytes,    1234664 total
[2024-02-12T16:54:48.107+0000][7][gc,age      ] GC(409) - age  11:      37192 bytes,    1271856 total
[2024-02-12T16:54:48.107+0000][7][gc,age      ] GC(409) - age  12:     293072 bytes,    1564928 total
[2024-02-12T16:54:48.107+0000][7][gc,age      ] GC(409) - age  14:     116240 bytes,    1681168 total
[2024-02-12T16:54:48.107+0000][7][gc,heap     ] GC(409) Eden regions: 152->0(152)
[2024-02-12T16:54:48.107+0000][7][gc,heap     ] GC(409) Survivor regions: 1->1(20)
[2024-02-12T16:54:48.107+0000][7][gc,heap     ] GC(409) Old regions: 25->25
[2024-02-12T16:54:48.107+0000][7][gc,heap     ] GC(409) Archive regions: 2->2
[2024-02-12T16:54:48.107+0000][7][gc,heap     ] GC(409) Humongous regions: 0->0
[2024-02-12T16:54:48.107+0000][7][gc,metaspace] GC(409) Metaspace: 129728K(133440K)->129728K(133440K) NonClass: 112750K(114688K)->112750K(114688K) Class: 16977K(18752K)->16977K(18752K)
[2024-02-12T16:54:48.107+0000][7][gc          ] GC(409) Pause Young (Normal) (G1 Evacuation Pause) 714M->105M(1024M) 2.819ms
[2024-02-12T16:54:48.107+0000][7][gc,cpu      ] GC(409) User=0.01s Sys=0.01s Real=0.00s
[2024-02-12T16:54:48.107+0000][7][safepoint   ] Safepoint "G1CollectForAllocation", Time since last: 95013043461 ns, Reaching safepoint: 68342 ns, At safepoint: 2920495 ns, Total: 2988837 ns
[2024-02-12T16:57:21.003+0000][7][gc,start    ] GC(410) Pause Young (Normal) (G1 Evacuation Pause)
[2024-02-12T16:57:21.003+0000][7][gc,task     ] GC(410) Using 8 workers of 8 for evacuation
[2024-02-12T16:57:21.003+0000][7][gc,age      ] GC(410) Desired survivor size 41943040 bytes, new threshold 15 (max threshold 15)
[2024-02-12T16:57:21.005+0000][7][gc,phases   ] GC(410)   Pre Evacuate Collection Set: 0.1ms
[2024-02-12T16:57:21.005+0000][7][gc,phases   ] GC(410)   Merge Heap Roots: 0.1ms
[2024-02-12T16:57:21.005+0000][7][gc,phases   ] GC(410)   Evacuate Collection Set: 0.9ms
[2024-02-12T16:57:21.005+0000][7][gc,phases   ] GC(410)   Post Evacuate Collection Set: 0.7ms
[2024-02-12T16:57:21.005+0000][7][gc,phases   ] GC(410)   Other: 0.1ms
[2024-02-12T16:57:21.005+0000][7][gc,age      ] GC(410) Age table with threshold 15 (max threshold 15)
[2024-02-12T16:57:21.005+0000][7][gc,age      ] GC(410) - age   1:     686192 bytes,     686192 total
[2024-02-12T16:57:21.005+0000][7][gc,age      ] GC(410) - age   2:      11896 bytes,     698088 total
[2024-02-12T16:57:21.005+0000][7][gc,age      ] GC(410) - age   3:       1168 bytes,     699256 total
[2024-02-12T16:57:21.005+0000][7][gc,age      ] GC(410) - age   4:       1688 bytes,     700944 total
[2024-02-12T16:57:21.005+0000][7][gc,age      ] GC(410) - age   5:        392 bytes,     701336 total
[2024-02-12T16:57:21.005+0000][7][gc,age      ] GC(410) - age   6:        184 bytes,     701520 total
[2024-02-12T16:57:21.005+0000][7][gc,age      ] GC(410) - age   8:         80 bytes,     701600 total
[2024-02-12T16:57:21.005+0000][7][gc,age      ] GC(410) - age  10:       6360 bytes,     707960 total
[2024-02-12T16:57:21.005+0000][7][gc,age      ] GC(410) - age  11:      32168 bytes,     740128 total
[2024-02-12T16:57:21.005+0000][7][gc,age      ] GC(410) - age  12:      37192 bytes,     777320 total
[2024-02-12T16:57:21.005+0000][7][gc,age      ] GC(410) - age  13:     293072 bytes,    1070392 total
[2024-02-12T16:57:21.005+0000][7][gc,age      ] GC(410) - age  15:     116240 bytes,    1186632 total
[2024-02-12T16:57:21.005+0000][7][gc,heap     ] GC(410) Eden regions: 152->0(152)
[2024-02-12T16:57:21.005+0000][7][gc,heap     ] GC(410) Survivor regions: 1->1(20)
[2024-02-12T16:57:21.005+0000][7][gc,heap     ] GC(410) Old regions: 25->25
[2024-02-12T16:57:21.005+0000][7][gc,heap     ] GC(410) Archive regions: 2->2
[2024-02-12T16:57:21.005+0000][7][gc,heap     ] GC(410) Humongous regions: 0->0
[2024-02-12T16:57:21.005+0000][7][gc,metaspace] GC(410) Metaspace: 129728K(133440K)->129728K(133440K) NonClass: 112750K(114688K)->112750K(114688K) Class: 16977K(18752K)->16977K(18752K)
[2024-02-12T16:57:21.005+0000][7][gc          ] GC(410) Pause Young (Normal) (G1 Evacuation Pause) 713M->105M(1024M) 2.189ms
[2024-02-12T16:57:21.005+0000][7][gc,cpu      ] GC(410) User=0.01s Sys=0.00s Real=0.00s
[2024-02-12T16:57:21.005+0000][7][safepoint   ] Safepoint "G1CollectForAllocation", Time since last: 152895908508 ns, Reaching safepoint: 46952 ns, At safepoint: 2269855 ns, Total: 2316807 ns
[2024-02-12T17:00:00.022+0000][7][gc,start    ] GC(411) Pause Young (Normal) (G1 Evacuation Pause)
[2024-02-12T17:00:00.022+0000][7][gc,task     ] GC(411) Using 8 workers of 8 for evacuation
[2024-02-12T17:00:00.022+0000][7][gc,age      ] GC(411) Desired survivor size 41943040 bytes, new threshold 15 (max threshold 15)
[2024-02-12T17:00:00.025+0000][7][gc,phases   ] GC(411)   Pre Evacuate Collection Set: 0.1ms
[2024-02-12T17:00:00.025+0000][7][gc,phases   ] GC(411)   Merge Heap Roots: 0.1ms
[2024-02-12T17:00:00.025+0000][7][gc,phases   ] GC(411)   Evacuate Collection Set: 1.3ms
[2024-02-12T17:00:00.025+0000][7][gc,phases   ] GC(411)   Post Evacuate Collection Set: 1.2ms
[2024-02-12T17:00:00.025+0000][7][gc,phases   ] GC(411)   Other: 0.1ms
[2024-02-12T17:00:00.025+0000][7][gc,age      ] GC(411) Age table with threshold 15 (max threshold 15)
[2024-02-12T17:00:00.025+0000][7][gc,age      ] GC(411) - age   1:    1202544 bytes,    1202544 total
[2024-02-12T17:00:00.025+0000][7][gc,age      ] GC(411) - age   2:       5072 bytes,    1207616 total
[2024-02-12T17:00:00.025+0000][7][gc,age      ] GC(411) - age   3:       1336 bytes,    1208952 total
[2024-02-12T17:00:00.025+0000][7][gc,age      ] GC(411) - age   4:        592 bytes,    1209544 total
[2024-02-12T17:00:00.025+0000][7][gc,age      ] GC(411) - age   5:        752 bytes,    1210296 total
[2024-02-12T17:00:00.025+0000][7][gc,age      ] GC(411) - age   6:        392 bytes,    1210688 total
[2024-02-12T17:00:00.025+0000][7][gc,age      ] GC(411) - age   7:        184 bytes,    1210872 total
[2024-02-12T17:00:00.025+0000][7][gc,age      ] GC(411) - age   9:         48 bytes,    1210920 total
[2024-02-12T17:00:00.025+0000][7][gc,age      ] GC(411) - age  11:       6360 bytes,    1217280 total
[2024-02-12T17:00:00.025+0000][7][gc,age      ] GC(411) - age  12:      32168 bytes,    1249448 total
[2024-02-12T17:00:00.025+0000][7][gc,age      ] GC(411) - age  13:      37192 bytes,    1286640 total
[2024-02-12T17:00:00.025+0000][7][gc,age      ] GC(411) - age  14:     293072 bytes,    1579712 total
[2024-02-12T17:00:00.025+0000][7][gc,heap     ] GC(411) Eden regions: 152->0(152)
[2024-02-12T17:00:00.025+0000][7][gc,heap     ] GC(411) Survivor regions: 1->1(20)
[2024-02-12T17:00:00.025+0000][7][gc,heap     ] GC(411) Old regions: 25->25
[2024-02-12T17:00:00.025+0000][7][gc,heap     ] GC(411) Archive regions: 2->2
[2024-02-12T17:00:00.025+0000][7][gc,heap     ] GC(411) Humongous regions: 0->0
[2024-02-12T17:00:00.025+0000][7][gc,metaspace] GC(411) Metaspace: 129728K(133440K)->129728K(133440K) NonClass: 112750K(114688K)->112750K(114688K) Class: 16977K(18752K)->16977K(18752K)
[2024-02-12T17:00:00.025+0000][7][gc          ] GC(411) Pause Young (Normal) (G1 Evacuation Pause) 713M->105M(1024M) 3.092ms
[2024-02-12T17:00:00.025+0000][7][gc,cpu      ] GC(411) User=0.01s Sys=0.00s Real=0.01s
[2024-02-12T17:00:00.025+0000][7][safepoint   ] Safepoint "G1CollectForAllocation", Time since last: 159016622085 ns, Reaching safepoint: 55615 ns, At safepoint: 3184260 ns, Total: 3239875 ns
[2024-02-12T17:03:15.040+0000][7][gc,start    ] GC(412) Pause Young (Normal) (G1 Evacuation Pause)
[2024-02-12T17:03:15.040+0000][7][gc,task     ] GC(412) Using 8 workers of 8 for evacuation
[2024-02-12T17:03:15.040+0000][7][gc,age      ] GC(412) Desired survivor size 41943040 bytes, new threshold 15 (max threshold 15)
[2024-02-12T17:03:15.043+0000][7][gc,phases   ] GC(412)   Pre Evacuate Collection Set: 0.1ms
[2024-02-12T17:03:15.043+0000][7][gc,phases   ] GC(412)   Merge Heap Roots: 0.1ms
[2024-02-12T17:03:15.043+0000][7][gc,phases   ] GC(412)   Evacuate Collection Set: 1.2ms
[2024-02-12T17:03:15.043+0000][7][gc,phases   ] GC(412)   Post Evacuate Collection Set: 0.8ms
[2024-02-12T17:03:15.043+0000][7][gc,phases   ] GC(412)   Other: 0.1ms
[2024-02-12T17:03:15.043+0000][7][gc,age      ] GC(412) Age table with threshold 15 (max threshold 15)
[2024-02-12T17:03:15.043+0000][7][gc,age      ] GC(412) - age   1:     918240 bytes,     918240 total
[2024-02-12T17:03:15.043+0000][7][gc,age      ] GC(412) - age   2:       3512 bytes,     921752 total
[2024-02-12T17:03:15.043+0000][7][gc,age      ] GC(412) - age   3:       3728 bytes,     925480 total
[2024-02-12T17:03:15.043+0000][7][gc,age      ] GC(412) - age   4:        568 bytes,     926048 total
[2024-02-12T17:03:15.043+0000][7][gc,age      ] GC(412) - age   5:        464 bytes,     926512 total
[2024-02-12T17:03:15.043+0000][7][gc,age      ] GC(412) - age   6:        664 bytes,     927176 total
[2024-02-12T17:03:15.043+0000][7][gc,age      ] GC(412) - age  10:         48 bytes,     927224 total
[2024-02-12T17:03:15.043+0000][7][gc,age      ] GC(412) - age  12:       6360 bytes,     933584 total
[2024-02-12T17:03:15.043+0000][7][gc,age      ] GC(412) - age  13:      32168 bytes,     965752 total
[2024-02-12T17:03:15.043+0000][7][gc,age      ] GC(412) - age  14:      37192 bytes,    1002944 total
[2024-02-12T17:03:15.043+0000][7][gc,age      ] GC(412) - age  15:     293072 bytes,    1296016 total
[2024-02-12T17:03:15.043+0000][7][gc,heap     ] GC(412) Eden regions: 152->0(152)
[2024-02-12T17:03:15.043+0000][7][gc,heap     ] GC(412) Survivor regions: 1->1(20)
[2024-02-12T17:03:15.043+0000][7][gc,heap     ] GC(412) Old regions: 25->25
[2024-02-12T17:03:15.043+0000][7][gc,heap     ] GC(412) Archive regions: 2->2
[2024-02-12T17:03:15.043+0000][7][gc,heap     ] GC(412) Humongous regions: 0->0
[2024-02-12T17:03:15.043+0000][7][gc,metaspace] GC(412) Metaspace: 129728K(133440K)->129728K(133440K) NonClass: 112750K(114688K)->112750K(114688K) Class: 16977K(18752K)->16977K(18752K)
[2024-02-12T17:03:15.043+0000][7][gc          ] GC(412) Pause Young (Normal) (G1 Evacuation Pause) 713M->105M(1024M) 2.600ms
[2024-02-12T17:03:15.043+0000][7][gc,cpu      ] GC(412) User=0.01s Sys=0.00s Real=0.01s
[2024-02-12T17:03:15.043+0000][7][safepoint   ] Safepoint "G1CollectForAllocation", Time since last: 195015101152 ns, Reaching safepoint: 86154 ns, At safepoint: 2700330 ns, Total: 2786484 ns
[2024-02-12T17:06:30.019+0000][7][gc,start    ] GC(413) Pause Young (Normal) (G1 Evacuation Pause)
[2024-02-12T17:06:30.019+0000][7][gc,task     ] GC(413) Using 8 workers of 8 for evacuation
[2024-02-12T17:06:30.019+0000][7][gc,age      ] GC(413) Desired survivor size 41943040 bytes, new threshold 15 (max threshold 15)
[2024-02-12T17:06:30.021+0000][7][gc,phases   ] GC(413)   Pre Evacuate Collection Set: 0.1ms
[2024-02-12T17:06:30.021+0000][7][gc,phases   ] GC(413)   Merge Heap Roots: 0.0ms
[2024-02-12T17:06:30.021+0000][7][gc,phases   ] GC(413)   Evacuate Collection Set: 0.9ms
[2024-02-12T17:06:30.021+0000][7][gc,phases   ] GC(413)   Post Evacuate Collection Set: 0.5ms
[2024-02-12T17:06:30.021+0000][7][gc,phases   ] GC(413)   Other: 0.1ms
[2024-02-12T17:06:30.021+0000][7][gc,age      ] GC(413) Age table with threshold 15 (max threshold 15)
[2024-02-12T17:06:30.021+0000][7][gc,age      ] GC(413) - age   1:     753304 bytes,     753304 total
[2024-02-12T17:06:30.021+0000][7][gc,age      ] GC(413) - age   2:       2336 bytes,     755640 total
[2024-02-12T17:06:30.021+0000][7][gc,age      ] GC(413) - age   3:       1128 bytes,     756768 total
[2024-02-12T17:06:30.021+0000][7][gc,age      ] GC(413) - age   4:        208 bytes,     756976 total
[2024-02-12T17:06:30.021+0000][7][gc,age      ] GC(413) - age   6:        336 bytes,     757312 total
[2024-02-12T17:06:30.021+0000][7][gc,age      ] GC(413) - age   7:        600 bytes,     757912 total
[2024-02-12T17:06:30.021+0000][7][gc,age      ] GC(413) - age  11:         48 bytes,     757960 total
[2024-02-12T17:06:30.021+0000][7][gc,age      ] GC(413) - age  13:       6360 bytes,     764320 total
[2024-02-12T17:06:30.021+0000][7][gc,age      ] GC(413) - age  14:      32168 bytes,     796488 total
[2024-02-12T17:06:30.021+0000][7][gc,age      ] GC(413) - age  15:      37192 bytes,     833680 total
[2024-02-12T17:06:30.021+0000][7][gc,heap     ] GC(413) Eden regions: 152->0(152)
[2024-02-12T17:06:30.021+0000][7][gc,heap     ] GC(413) Survivor regions: 1->1(20)
[2024-02-12T17:06:30.021+0000][7][gc,heap     ] GC(413) Old regions: 25->26
[2024-02-12T17:06:30.021+0000][7][gc,heap     ] GC(413) Archive regions: 2->2
[2024-02-12T17:06:30.021+0000][7][gc,heap     ] GC(413) Humongous regions: 0->0
[2024-02-12T17:06:30.021+0000][7][gc,metaspace] GC(413) Metaspace: 129728K(133440K)->129728K(133440K) NonClass: 112750K(114688K)->112750K(114688K) Class: 16977K(18752K)->16977K(18752K)
[2024-02-12T17:06:30.021+0000][7][gc          ] GC(413) Pause Young (Normal) (G1 Evacuation Pause) 713M->104M(1024M) 1.742ms
[2024-02-12T17:06:30.021+0000][7][gc,cpu      ] GC(413) User=0.01s Sys=0.00s Real=0.00s
[2024-02-12T17:06:30.021+0000][7][safepoint   ] Safepoint "G1CollectForAllocation", Time since last: 194976391809 ns, Reaching safepoint: 52975 ns, At safepoint: 1807005 ns, Total: 1859980 ns
[2024-02-12T17:09:36.669+0000][7][gc,start    ] GC(414) Pause Young (Normal) (G1 Evacuation Pause)
[2024-02-12T17:09:36.669+0000][7][gc,task     ] GC(414) Using 8 workers of 8 for evacuation
[2024-02-12T17:09:36.669+0000][7][gc,age      ] GC(414) Desired survivor size 41943040 bytes, new threshold 15 (max threshold 15)
[2024-02-12T17:09:36.671+0000][7][gc,phases   ] GC(414)   Pre Evacuate Collection Set: 0.1ms
[2024-02-12T17:09:36.671+0000][7][gc,phases   ] GC(414)   Merge Heap Roots: 0.1ms
[2024-02-12T17:09:36.671+0000][7][gc,phases   ] GC(414)   Evacuate Collection Set: 1.6ms
[2024-02-12T17:09:36.671+0000][7][gc,phases   ] GC(414)   Post Evacuate Collection Set: 0.7ms
[2024-02-12T17:09:36.671+0000][7][gc,phases   ] GC(414)   Other: 0.1ms
[2024-02-12T17:09:36.671+0000][7][gc,age      ] GC(414) Age table with threshold 15 (max threshold 15)
[2024-02-12T17:09:36.671+0000][7][gc,age      ] GC(414) - age   1:    1377728 bytes,    1377728 total
[2024-02-12T17:09:36.672+0000][7][gc,age      ] GC(414) - age   2:       6432 bytes,    1384160 total
[2024-02-12T17:09:36.672+0000][7][gc,age      ] GC(414) - age   3:       1024 bytes,    1385184 total
[2024-02-12T17:09:36.672+0000][7][gc,age      ] GC(414) - age   4:        248 bytes,    1385432 total
[2024-02-12T17:09:36.672+0000][7][gc,age      ] GC(414) - age   5:        208 bytes,    1385640 total
[2024-02-12T17:09:36.672+0000][7][gc,age      ] GC(414) - age   7:        336 bytes,    1385976 total
[2024-02-12T17:09:36.672+0000][7][gc,age      ] GC(414) - age   8:        184 bytes,    1386160 total
[2024-02-12T17:09:36.672+0000][7][gc,age      ] GC(414) - age  12:         48 bytes,    1386208 total
[2024-02-12T17:09:36.672+0000][7][gc,age      ] GC(414) - age  14:       6360 bytes,    1392568 total
[2024-02-12T17:09:36.672+0000][7][gc,age      ] GC(414) - age  15:      31984 bytes,    1424552 total
[2024-02-12T17:09:36.672+0000][7][gc,heap     ] GC(414) Eden regions: 152->0(152)
[2024-02-12T17:09:36.672+0000][7][gc,heap     ] GC(414) Survivor regions: 1->1(20)
[2024-02-12T17:09:36.672+0000][7][gc,heap     ] GC(414) Old regions: 26->26
[2024-02-12T17:09:36.672+0000][7][gc,heap     ] GC(414) Archive regions: 2->2
[2024-02-12T17:09:36.672+0000][7][gc,heap     ] GC(414) Humongous regions: 0->0
[2024-02-12T17:09:36.672+0000][7][gc,metaspace] GC(414) Metaspace: 129728K(133440K)->129728K(133440K) NonClass: 112750K(114688K)->112750K(114688K) Class: 16977K(18752K)->16977K(18752K)
[2024-02-12T17:09:36.672+0000][7][gc          ] GC(414) Pause Young (Normal) (G1 Evacuation Pause) 712M->105M(1024M) 2.829ms
[2024-02-12T17:09:36.672+0000][7][gc,cpu      ] GC(414) User=0.01s Sys=0.00s Real=0.01s
[2024-02-12T17:09:36.672+0000][7][safepoint   ] Safepoint "G1CollectForAllocation", Time since last: 186647518671 ns, Reaching safepoint: 50460 ns, At safepoint: 2911707 ns, Total: 2962167 ns
[2024-02-12T17:13:02.998+0000][7][gc,start    ] GC(415) Pause Young (Normal) (G1 Evacuation Pause)
[2024-02-12T17:13:02.998+0000][7][gc,task     ] GC(415) Using 8 workers of 8 for evacuation
[2024-02-12T17:13:02.998+0000][7][gc,age      ] GC(415) Desired survivor size 41943040 bytes, new threshold 15 (max threshold 15)
[2024-02-12T17:13:03.000+0000][7][gc,phases   ] GC(415)   Pre Evacuate Collection Set: 0.1ms
[2024-02-12T17:13:03.000+0000][7][gc,phases   ] GC(415)   Merge Heap Roots: 0.0ms
[2024-02-12T17:13:03.000+0000][7][gc,phases   ] GC(415)   Evacuate Collection Set: 0.8ms
[2024-02-12T17:13:03.000+0000][7][gc,phases   ] GC(415)   Post Evacuate Collection Set: 0.9ms
[2024-02-12T17:13:03.000+0000][7][gc,phases   ] GC(415)   Other: 0.1ms
[2024-02-12T17:13:03.000+0000][7][gc,age      ] GC(415) Age table with threshold 15 (max threshold 15)
[2024-02-12T17:13:03.000+0000][7][gc,age      ] GC(415) - age   1:    1338912 bytes,    1338912 total
[2024-02-12T17:13:03.000+0000][7][gc,age      ] GC(415) - age   2:      12232 bytes,    1351144 total
[2024-02-12T17:13:03.000+0000][7][gc,age      ] GC(415) - age   3:       4192 bytes,    1355336 total
[2024-02-12T17:13:03.000+0000][7][gc,age      ] GC(415) - age   4:        576 bytes,    1355912 total
[2024-02-12T17:13:03.000+0000][7][gc,age      ] GC(415) - age   5:         32 bytes,    1355944 total
[2024-02-12T17:13:03.000+0000][7][gc,age      ] GC(415) - age   6:        208 bytes,    1356152 total
[2024-02-12T17:13:03.000+0000][7][gc,age      ] GC(415) - age   8:        208 bytes,    1356360 total
[2024-02-12T17:13:03.000+0000][7][gc,age      ] GC(415) - age   9:        184 bytes,    1356544 total
[2024-02-12T17:13:03.000+0000][7][gc,age      ] GC(415) - age  13:         48 bytes,    1356592 total
[2024-02-12T17:13:03.000+0000][7][gc,age      ] GC(415) - age  15:       6360 bytes,    1362952 total
[2024-02-12T17:13:03.000+0000][7][gc,heap     ] GC(415) Eden regions: 152->0(152)
[2024-02-12T17:13:03.000+0000][7][gc,heap     ] GC(415) Survivor regions: 1->1(20)
[2024-02-12T17:13:03.000+0000][7][gc,heap     ] GC(415) Old regions: 26->26
[2024-02-12T17:13:03.000+0000][7][gc,heap     ] GC(415) Archive regions: 2->2
[2024-02-12T17:13:03.000+0000][7][gc,heap     ] GC(415) Humongous regions: 0->0
[2024-02-12T17:13:03.000+0000][7][gc,metaspace] GC(415) Metaspace: 129728K(133440K)->129728K(133440K) NonClass: 112750K(114688K)->112750K(114688K) Class: 16977K(18752K)->16977K(18752K)
[2024-02-12T17:13:03.000+0000][7][gc          ] GC(415) Pause Young (Normal) (G1 Evacuation Pause) 713M->105M(1024M) 2.072ms
[2024-02-12T17:13:03.000+0000][7][gc,cpu      ] GC(415) User=0.00s Sys=0.00s Real=0.00s
[2024-02-12T17:13:03.000+0000][7][safepoint   ] Safepoint "G1CollectForAllocation", Time since last: 206326584668 ns, Reaching safepoint: 42288 ns, At safepoint: 2136175 ns, Total: 2178463 ns
[2024-02-12T17:16:12.072+0000][7][gc,start    ] GC(416) Pause Young (Normal) (G1 Evacuation Pause)
[2024-02-12T17:16:12.072+0000][7][gc,task     ] GC(416) Using 8 workers of 8 for evacuation
[2024-02-12T17:16:12.072+0000][7][gc,age      ] GC(416) Desired survivor size 41943040 bytes, new threshold 15 (max threshold 15)
[2024-02-12T17:16:12.074+0000][7][gc,phases   ] GC(416)   Pre Evacuate Collection Set: 0.1ms
[2024-02-12T17:16:12.074+0000][7][gc,phases   ] GC(416)   Merge Heap Roots: 0.1ms
[2024-02-12T17:16:12.074+0000][7][gc,phases   ] GC(416)   Evacuate Collection Set: 1.1ms
[2024-02-12T17:16:12.074+0000][7][gc,phases   ] GC(416)   Post Evacuate Collection Set: 0.6ms
[2024-02-12T17:16:12.074+0000][7][gc,phases   ] GC(416)   Other: 0.1ms
[2024-02-12T17:16:12.074+0000][7][gc,age      ] GC(416) Age table with threshold 15 (max threshold 15)
[2024-02-12T17:16:12.074+0000][7][gc,age      ] GC(416) - age   1:    1284880 bytes,    1284880 total
[2024-02-12T17:16:12.074+0000][7][gc,age      ] GC(416) - age   2:       4200 bytes,    1289080 total
[2024-02-12T17:16:12.074+0000][7][gc,age      ] GC(416) - age   3:       2312 bytes,    1291392 total
[2024-02-12T17:16:12.074+0000][7][gc,age      ] GC(416) - age   4:        248 bytes,    1291640 total
[2024-02-12T17:16:12.074+0000][7][gc,age      ] GC(416) - age   5:        184 bytes,    1291824 total
[2024-02-12T17:16:12.074+0000][7][gc,age      ] GC(416) - age   6:         32 bytes,    1291856 total
[2024-02-12T17:16:12.074+0000][7][gc,age      ] GC(416) - age   7:        208 bytes,    1292064 total
[2024-02-12T17:16:12.074+0000][7][gc,age      ] GC(416) - age   9:         24 bytes,    1292088 total
[2024-02-12T17:16:12.074+0000][7][gc,age      ] GC(416) - age  10:        184 bytes,    1292272 total
[2024-02-12T17:16:12.074+0000][7][gc,age      ] GC(416) - age  14:         48 bytes,    1292320 total
[2024-02-12T17:16:12.074+0000][7][gc,heap     ] GC(416) Eden regions: 152->0(152)
[2024-02-12T17:16:12.074+0000][7][gc,heap     ] GC(416) Survivor regions: 1->1(20)
[2024-02-12T17:16:12.074+0000][7][gc,heap     ] GC(416) Old regions: 26->26
[2024-02-12T17:16:12.074+0000][7][gc,heap     ] GC(416) Archive regions: 2->2
[2024-02-12T17:16:12.074+0000][7][gc,heap     ] GC(416) Humongous regions: 0->0
[2024-02-12T17:16:12.074+0000][7][gc,metaspace] GC(416) Metaspace: 129728K(133440K)->129728K(133440K) NonClass: 112750K(114688K)->112750K(114688K) Class: 16977K(18752K)->16977K(18752K)
[2024-02-12T17:16:12.074+0000][7][gc          ] GC(416) Pause Young (Normal) (G1 Evacuation Pause) 713M->105M(1024M) 2.125ms
[2024-02-12T17:16:12.074+0000][7][gc,cpu      ] GC(416) User=0.01s Sys=0.00s Real=0.00s
[2024-02-12T17:16:12.074+0000][7][safepoint   ] Safepoint "G1CollectForAllocation", Time since last: 189071103162 ns, Reaching safepoint: 31325 ns, At safepoint: 2210482 ns, Total: 2241807 ns
[2024-02-12T17:19:24.945+0000][7][gc,start    ] GC(417) Pause Young (Normal) (G1 Evacuation Pause)
[2024-02-12T17:19:24.945+0000][7][gc,task     ] GC(417) Using 8 workers of 8 for evacuation
[2024-02-12T17:19:24.945+0000][7][gc,age      ] GC(417) Desired survivor size 41943040 bytes, new threshold 15 (max threshold 15)
[2024-02-12T17:19:24.947+0000][7][gc,phases   ] GC(417)   Pre Evacuate Collection Set: 0.1ms
[2024-02-12T17:19:24.947+0000][7][gc,phases   ] GC(417)   Merge Heap Roots: 0.1ms
[2024-02-12T17:19:24.947+0000][7][gc,phases   ] GC(417)   Evacuate Collection Set: 1.1ms
[2024-02-12T17:19:24.947+0000][7][gc,phases   ] GC(417)   Post Evacuate Collection Set: 0.8ms
[2024-02-12T17:19:24.947+0000][7][gc,phases   ] GC(417)   Other: 0.1ms
[2024-02-12T17:19:24.948+0000][7][gc,age      ] GC(417) Age table with threshold 15 (max threshold 15)
[2024-02-12T17:19:24.948+0000][7][gc,age      ] GC(417) - age   1:     931744 bytes,     931744 total
[2024-02-12T17:19:24.948+0000][7][gc,age      ] GC(417) - age   2:      14384 bytes,     946128 total
[2024-02-12T17:19:24.948+0000][7][gc,age      ] GC(417) - age   3:       1472 bytes,     947600 total
[2024-02-12T17:19:24.948+0000][7][gc,age      ] GC(417) - age   4:        856 bytes,     948456 total
[2024-02-12T17:19:24.948+0000][7][gc,age      ] GC(417) - age   5:        184 bytes,     948640 total
[2024-02-12T17:19:24.948+0000][7][gc,age      ] GC(417) - age   8:         24 bytes,     948664 total
[2024-02-12T17:19:24.948+0000][7][gc,age      ] GC(417) - age  10:         24 bytes,     948688 total
[2024-02-12T17:19:24.948+0000][7][gc,age      ] GC(417) - age  11:        184 bytes,     948872 total
[2024-02-12T17:19:24.948+0000][7][gc,age      ] GC(417) - age  15:         48 bytes,     948920 total
[2024-02-12T17:19:24.948+0000][7][gc,heap     ] GC(417) Eden regions: 152->0(152)
[2024-02-12T17:19:24.948+0000][7][gc,heap     ] GC(417) Survivor regions: 1->1(20)
[2024-02-12T17:19:24.948+0000][7][gc,heap     ] GC(417) Old regions: 26->26
[2024-02-12T17:19:24.948+0000][7][gc,heap     ] GC(417) Archive regions: 2->2
[2024-02-12T17:19:24.948+0000][7][gc,heap     ] GC(417) Humongous regions: 0->0
[2024-02-12T17:19:24.948+0000][7][gc,metaspace] GC(417) Metaspace: 129728K(133440K)->129728K(133440K) NonClass: 112750K(114688K)->112750K(114688K) Class: 16977K(18752K)->16977K(18752K)
[2024-02-12T17:19:24.948+0000][7][gc          ] GC(417) Pause Young (Normal) (G1 Evacuation Pause) 713M->105M(1024M) 2.564ms
[2024-02-12T17:19:24.948+0000][7][gc,cpu      ] GC(417) User=0.01s Sys=0.00s Real=0.00s
[2024-02-12T17:19:24.948+0000][7][safepoint   ] Safepoint "G1CollectForAllocation", Time since last: 192871225683 ns, Reaching safepoint: 61339 ns, At safepoint: 2664280 ns, Total: 2725619 ns
[2024-02-12T17:22:30.145+0000][7][gc,start    ] GC(418) Pause Young (Normal) (G1 Evacuation Pause)
[2024-02-12T17:22:30.145+0000][7][gc,task     ] GC(418) Using 8 workers of 8 for evacuation
[2024-02-12T17:22:30.145+0000][7][gc,age      ] GC(418) Desired survivor size 41943040 bytes, new threshold 15 (max threshold 15)
[2024-02-12T17:22:30.147+0000][7][gc,phases   ] GC(418)   Pre Evacuate Collection Set: 0.1ms
[2024-02-12T17:22:30.147+0000][7][gc,phases   ] GC(418)   Merge Heap Roots: 0.1ms
[2024-02-12T17:22:30.147+0000][7][gc,phases   ] GC(418)   Evacuate Collection Set: 1.1ms
[2024-02-12T17:22:30.147+0000][7][gc,phases   ] GC(418)   Post Evacuate Collection Set: 0.7ms
[2024-02-12T17:22:30.147+0000][7][gc,phases   ] GC(418)   Other: 0.1ms
[2024-02-12T17:22:30.147+0000][7][gc,age      ] GC(418) Age table with threshold 15 (max threshold 15)
[2024-02-12T17:22:30.147+0000][7][gc,age      ] GC(418) - age   1:    2024968 bytes,    2024968 total
[2024-02-12T17:22:30.147+0000][7][gc,age      ] GC(418) - age   2:     103416 bytes,    2128384 total
[2024-02-12T17:22:30.147+0000][7][gc,age      ] GC(418) - age   3:      12320 bytes,    2140704 total
[2024-02-12T17:22:30.147+0000][7][gc,age      ] GC(418) - age   4:        376 bytes,    2141080 total
[2024-02-12T17:22:30.147+0000][7][gc,age      ] GC(418) - age   5:        600 bytes,    2141680 total
[2024-02-12T17:22:30.147+0000][7][gc,age      ] GC(418) - age   6:        184 bytes,    2141864 total
[2024-02-12T17:22:30.147+0000][7][gc,age      ] GC(418) - age   9:         24 bytes,    2141888 total
[2024-02-12T17:22:30.147+0000][7][gc,age      ] GC(418) - age  11:         24 bytes,    2141912 total
[2024-02-12T17:22:30.147+0000][7][gc,age      ] GC(418) - age  12:        184 bytes,    2142096 total
[2024-02-12T17:22:30.147+0000][7][gc,heap     ] GC(418) Eden regions: 152->0(152)
[2024-02-12T17:22:30.147+0000][7][gc,heap     ] GC(418) Survivor regions: 1->1(20)
[2024-02-12T17:22:30.147+0000][7][gc,heap     ] GC(418) Old regions: 26->26
[2024-02-12T17:22:30.147+0000][7][gc,heap     ] GC(418) Archive regions: 2->2
[2024-02-12T17:22:30.147+0000][7][gc,heap     ] GC(418) Humongous regions: 0->0
[2024-02-12T17:22:30.147+0000][7][gc,metaspace] GC(418) Metaspace: 129730K(133440K)->129730K(133440K) NonClass: 112753K(114688K)->112753K(114688K) Class: 16977K(18752K)->16977K(18752K)
[2024-02-12T17:22:30.147+0000][7][gc          ] GC(418) Pause Young (Normal) (G1 Evacuation Pause) 713M->106M(1024M) 2.223ms
[2024-02-12T17:22:30.148+0000][7][gc,cpu      ] GC(418) User=0.01s Sys=0.00s Real=0.00s
[2024-02-12T17:22:30.148+0000][7][safepoint   ] Safepoint "G1CollectForAllocation", Time since last: 185197456120 ns, Reaching safepoint: 46686 ns, At safepoint: 2312938 ns, Total: 2359624 ns
[2024-02-12T17:25:12.066+0000][7][gc,start    ] GC(419) Pause Young (Normal) (G1 Evacuation Pause)
[2024-02-12T17:25:12.067+0000][7][gc,task     ] GC(419) Using 8 workers of 8 for evacuation
[2024-02-12T17:25:12.067+0000][7][gc,age      ] GC(419) Desired survivor size 41943040 bytes, new threshold 15 (max threshold 15)
[2024-02-12T17:25:12.069+0000][7][gc,phases   ] GC(419)   Pre Evacuate Collection Set: 0.1ms
[2024-02-12T17:25:12.069+0000][7][gc,phases   ] GC(419)   Merge Heap Roots: 0.1ms
[2024-02-12T17:25:12.069+0000][7][gc,phases   ] GC(419)   Evacuate Collection Set: 1.2ms
[2024-02-12T17:25:12.069+0000][7][gc,phases   ] GC(419)   Post Evacuate Collection Set: 0.7ms
[2024-02-12T17:25:12.069+0000][7][gc,phases   ] GC(419)   Other: 0.1ms
[2024-02-12T17:25:12.069+0000][7][gc,age      ] GC(419) Age table with threshold 15 (max threshold 15)
[2024-02-12T17:25:12.069+0000][7][gc,age      ] GC(419) - age   1:     722872 bytes,     722872 total
[2024-02-12T17:25:12.069+0000][7][gc,age      ] GC(419) - age   2:     320920 bytes,    1043792 total
[2024-02-12T17:25:12.069+0000][7][gc,age      ] GC(419) - age   3:     101600 bytes,    1145392 total
[2024-02-12T17:25:12.069+0000][7][gc,age      ] GC(419) - age   4:      12256 bytes,    1157648 total
[2024-02-12T17:25:12.069+0000][7][gc,age      ] GC(419) - age   5:        184 bytes,    1157832 total
[2024-02-12T17:25:12.069+0000][7][gc,age      ] GC(419) - age   6:        600 bytes,    1158432 total
[2024-02-12T17:25:12.069+0000][7][gc,age      ] GC(419) - age   7:        184 bytes,    1158616 total
[2024-02-12T17:25:12.069+0000][7][gc,age      ] GC(419) - age  10:         24 bytes,    1158640 total
[2024-02-12T17:25:12.069+0000][7][gc,age      ] GC(419) - age  12:         24 bytes,    1158664 total
[2024-02-12T17:25:12.069+0000][7][gc,age      ] GC(419) - age  13:        184 bytes,    1158848 total
[2024-02-12T17:25:12.069+0000][7][gc,heap     ] GC(419) Eden regions: 152->0(152)
[2024-02-12T17:25:12.069+0000][7][gc,heap     ] GC(419) Survivor regions: 1->1(20)
[2024-02-12T17:25:12.069+0000][7][gc,heap     ] GC(419) Old regions: 26->26
[2024-02-12T17:25:12.069+0000][7][gc,heap     ] GC(419) Archive regions: 2->2
[2024-02-12T17:25:12.069+0000][7][gc,heap     ] GC(419) Humongous regions: 0->0
[2024-02-12T17:25:12.069+0000][7][gc,metaspace] GC(419) Metaspace: 129730K(133440K)->129730K(133440K) NonClass: 112753K(114688K)->112753K(114688K) Class: 16977K(18752K)->16977K(18752K)
[2024-02-12T17:25:12.069+0000][7][gc          ] GC(419) Pause Young (Normal) (G1 Evacuation Pause) 714M->105M(1024M) 2.430ms
[2024-02-12T17:25:12.069+0000][7][gc,cpu      ] GC(419) User=0.01s Sys=0.00s Real=0.00s
[2024-02-12T17:25:12.069+0000][7][safepoint   ] Safepoint "G1CollectForAllocation", Time since last: 161918876829 ns, Reaching safepoint: 39779 ns, At safepoint: 2506644 ns, Total: 2546423 ns
[2024-02-12T17:28:00.198+0000][7][gc,start    ] GC(420) Pause Young (Normal) (G1 Evacuation Pause)
[2024-02-12T17:28:00.198+0000][7][gc,task     ] GC(420) Using 8 workers of 8 for evacuation
[2024-02-12T17:28:00.198+0000][7][gc,age      ] GC(420) Desired survivor size 41943040 bytes, new threshold 15 (max threshold 15)
[2024-02-12T17:28:00.201+0000][7][gc,phases   ] GC(420)   Pre Evacuate Collection Set: 0.2ms
[2024-02-12T17:28:00.201+0000][7][gc,phases   ] GC(420)   Merge Heap Roots: 0.1ms
[2024-02-12T17:28:00.201+0000][7][gc,phases   ] GC(420)   Evacuate Collection Set: 1.8ms
[2024-02-12T17:28:00.201+0000][7][gc,phases   ] GC(420)   Post Evacuate Collection Set: 1.1ms
[2024-02-12T17:28:00.201+0000][7][gc,phases   ] GC(420)   Other: 0.1ms
[2024-02-12T17:28:00.201+0000][7][gc,age      ] GC(420) Age table with threshold 15 (max threshold 15)
[2024-02-12T17:28:00.201+0000][7][gc,age      ] GC(420) - age   1:    1136584 bytes,    1136584 total
[2024-02-12T17:28:00.201+0000][7][gc,age      ] GC(420) - age   2:      38400 bytes,    1174984 total
[2024-02-12T17:28:00.201+0000][7][gc,age      ] GC(420) - age   3:     310720 bytes,    1485704 total
[2024-02-12T17:28:00.201+0000][7][gc,age      ] GC(420) - age   4:     100464 bytes,    1586168 total
[2024-02-12T17:28:00.201+0000][7][gc,age      ] GC(420) - age   5:       8800 bytes,    1594968 total
[2024-02-12T17:28:00.201+0000][7][gc,age      ] GC(420) - age   8:        184 bytes,    1595152 total
[2024-02-12T17:28:00.201+0000][7][gc,age      ] GC(420) - age  11:         24 bytes,    1595176 total
[2024-02-12T17:28:00.201+0000][7][gc,age      ] GC(420) - age  13:         24 bytes,    1595200 total
[2024-02-12T17:28:00.201+0000][7][gc,age      ] GC(420) - age  14:        184 bytes,    1595384 total
[2024-02-12T17:28:00.201+0000][7][gc,heap     ] GC(420) Eden regions: 152->0(152)
[2024-02-12T17:28:00.201+0000][7][gc,heap     ] GC(420) Survivor regions: 1->1(20)
[2024-02-12T17:28:00.201+0000][7][gc,heap     ] GC(420) Old regions: 26->26
[2024-02-12T17:28:00.201+0000][7][gc,heap     ] GC(420) Archive regions: 2->2
[2024-02-12T17:28:00.201+0000][7][gc,heap     ] GC(420) Humongous regions: 0->0
[2024-02-12T17:28:00.201+0000][7][gc,metaspace] GC(420) Metaspace: 129732K(133440K)->129732K(133440K) NonClass: 112754K(114688K)->112754K(114688K) Class: 16977K(18752K)->16977K(18752K)
[2024-02-12T17:28:00.201+0000][7][gc          ] GC(420) Pause Young (Normal) (G1 Evacuation Pause) 713M->105M(1024M) 3.656ms
[2024-02-12T17:28:00.201+0000][7][gc,cpu      ] GC(420) User=0.00s Sys=0.01s Real=0.00s
[2024-02-12T17:28:00.201+0000][7][safepoint   ] Safepoint "G1CollectForAllocation", Time since last: 168128595022 ns, Reaching safepoint: 102331 ns, At safepoint: 3769545 ns, Total: 3871876 ns
[2024-02-12T17:30:51.079+0000][7][gc,start    ] GC(421) Pause Young (Normal) (G1 Evacuation Pause)
[2024-02-12T17:30:51.079+0000][7][gc,task     ] GC(421) Using 8 workers of 8 for evacuation
[2024-02-12T17:30:51.079+0000][7][gc,age      ] GC(421) Desired survivor size 41943040 bytes, new threshold 15 (max threshold 15)
[2024-02-12T17:30:51.081+0000][7][gc,phases   ] GC(421)   Pre Evacuate Collection Set: 0.1ms
[2024-02-12T17:30:51.081+0000][7][gc,phases   ] GC(421)   Merge Heap Roots: 0.1ms
[2024-02-12T17:30:51.081+0000][7][gc,phases   ] GC(421)   Evacuate Collection Set: 1.2ms
[2024-02-12T17:30:51.081+0000][7][gc,phases   ] GC(421)   Post Evacuate Collection Set: 0.6ms
[2024-02-12T17:30:51.081+0000][7][gc,phases   ] GC(421)   Other: 0.1ms
[2024-02-12T17:30:51.081+0000][7][gc,age      ] GC(421) Age table with threshold 15 (max threshold 15)
[2024-02-12T17:30:51.081+0000][7][gc,age      ] GC(421) - age   1:    1241616 bytes,    1241616 total
[2024-02-12T17:30:51.081+0000][7][gc,age      ] GC(421) - age   2:      22464 bytes,    1264080 total
[2024-02-12T17:30:51.081+0000][7][gc,age      ] GC(421) - age   3:      37416 bytes,    1301496 total
[2024-02-12T17:30:51.081+0000][7][gc,age      ] GC(421) - age   4:     310272 bytes,    1611768 total
[2024-02-12T17:30:51.081+0000][7][gc,age      ] GC(421) - age   5:     100464 bytes,    1712232 total
[2024-02-12T17:30:51.081+0000][7][gc,age      ] GC(421) - age   6:       8408 bytes,    1720640 total
[2024-02-12T17:30:51.081+0000][7][gc,age      ] GC(421) - age   9:        184 bytes,    1720824 total
[2024-02-12T17:30:51.081+0000][7][gc,age      ] GC(421) - age  12:         24 bytes,    1720848 total
[2024-02-12T17:30:51.081+0000][7][gc,age      ] GC(421) - age  14:         24 bytes,    1720872 total
[2024-02-12T17:30:51.081+0000][7][gc,age      ] GC(421) - age  15:        184 bytes,    1721056 total
[2024-02-12T17:30:51.081+0000][7][gc,heap     ] GC(421) Eden regions: 152->0(152)
[2024-02-12T17:30:51.081+0000][7][gc,heap     ] GC(421) Survivor regions: 1->1(20)
[2024-02-12T17:30:51.081+0000][7][gc,heap     ] GC(421) Old regions: 26->26
[2024-02-12T17:30:51.081+0000][7][gc,heap     ] GC(421) Archive regions: 2->2
[2024-02-12T17:30:51.081+0000][7][gc,heap     ] GC(421) Humongous regions: 0->0
[2024-02-12T17:30:51.081+0000][7][gc,metaspace] GC(421) Metaspace: 129732K(133440K)->129732K(133440K) NonClass: 112754K(114688K)->112754K(114688K) Class: 16977K(18752K)->16977K(18752K)
[2024-02-12T17:30:51.081+0000][7][gc          ] GC(421) Pause Young (Normal) (G1 Evacuation Pause) 713M->105M(1024M) 2.416ms
[2024-02-12T17:30:51.081+0000][7][gc,cpu      ] GC(421) User=0.02s Sys=0.00s Real=0.00s
[2024-02-12T17:30:51.081+0000][7][safepoint   ] Safepoint "G1CollectForAllocation", Time since last: 170877518652 ns, Reaching safepoint: 33124 ns, At safepoint: 2500488 ns, Total: 2533612 ns
[2024-02-12T17:33:24.124+0000][7][gc,start    ] GC(422) Pause Young (Normal) (G1 Evacuation Pause)
[2024-02-12T17:33:24.124+0000][7][gc,task     ] GC(422) Using 8 workers of 8 for evacuation
[2024-02-12T17:33:24.124+0000][7][gc,age      ] GC(422) Desired survivor size 41943040 bytes, new threshold 15 (max threshold 15)
[2024-02-12T17:33:24.126+0000][7][gc,phases   ] GC(422)   Pre Evacuate Collection Set: 0.1ms
[2024-02-12T17:33:24.126+0000][7][gc,phases   ] GC(422)   Merge Heap Roots: 0.1ms
[2024-02-12T17:33:24.126+0000][7][gc,phases   ] GC(422)   Evacuate Collection Set: 1.3ms
[2024-02-12T17:33:24.126+0000][7][gc,phases   ] GC(422)   Post Evacuate Collection Set: 0.6ms
[2024-02-12T17:33:24.126+0000][7][gc,phases   ] GC(422)   Other: 0.1ms
[2024-02-12T17:33:24.126+0000][7][gc,age      ] GC(422) Age table with threshold 15 (max threshold 15)
[2024-02-12T17:33:24.126+0000][7][gc,age      ] GC(422) - age   1:    1719744 bytes,    1719744 total
[2024-02-12T17:33:24.126+0000][7][gc,age      ] GC(422) - age   2:       2504 bytes,    1722248 total
[2024-02-12T17:33:24.126+0000][7][gc,age      ] GC(422) - age   3:      12064 bytes,    1734312 total
[2024-02-12T17:33:24.126+0000][7][gc,age      ] GC(422) - age   4:      37288 bytes,    1771600 total
[2024-02-12T17:33:24.126+0000][7][gc,age      ] GC(422) - age   5:     310208 bytes,    2081808 total
[2024-02-12T17:33:24.126+0000][7][gc,age      ] GC(422) - age   6:     100280 bytes,    2182088 total
[2024-02-12T17:33:24.126+0000][7][gc,age      ] GC(422) - age   7:       8408 bytes,    2190496 total
[2024-02-12T17:33:24.126+0000][7][gc,age      ] GC(422) - age  10:        184 bytes,    2190680 total
[2024-02-12T17:33:24.126+0000][7][gc,age      ] GC(422) - age  13:         24 bytes,    2190704 total
[2024-02-12T17:33:24.126+0000][7][gc,age      ] GC(422) - age  15:         24 bytes,    2190728 total
[2024-02-12T17:33:24.126+0000][7][gc,heap     ] GC(422) Eden regions: 152->0(152)
[2024-02-12T17:33:24.126+0000][7][gc,heap     ] GC(422) Survivor regions: 1->1(20)
[2024-02-12T17:33:24.126+0000][7][gc,heap     ] GC(422) Old regions: 26->26
[2024-02-12T17:33:24.126+0000][7][gc,heap     ] GC(422) Archive regions: 2->2
[2024-02-12T17:33:24.126+0000][7][gc,heap     ] GC(422) Humongous regions: 0->0
[2024-02-12T17:33:24.126+0000][7][gc,metaspace] GC(422) Metaspace: 129732K(133440K)->129732K(133440K) NonClass: 112754K(114688K)->112754K(114688K) Class: 16977K(18752K)->16977K(18752K)
[2024-02-12T17:33:24.126+0000][7][gc          ] GC(422) Pause Young (Normal) (G1 Evacuation Pause) 713M->106M(1024M) 2.403ms
[2024-02-12T17:33:24.126+0000][7][gc,cpu      ] GC(422) User=0.01s Sys=0.01s Real=0.00s
[2024-02-12T17:33:24.126+0000][7][safepoint   ] Safepoint "G1CollectForAllocation", Time since last: 153042174807 ns, Reaching safepoint: 48668 ns, At safepoint: 2480032 ns, Total: 2528700 ns
[2024-02-12T22:14:43.108+0000][7][safepoint   ] Safepoint "Cleanup", Time since last: 80554963085 ns, Reaching safepoint: 82698 ns, At safepoint: 51182 ns, Total: 133880 ns
[2024-02-12T22:16:18.439+0000][7][gc,start    ] GC(423) Pause Young (Normal) (G1 Evacuation Pause)
[2024-02-12T22:16:18.439+0000][7][gc,task     ] GC(423) Using 8 workers of 8 for evacuation
[2024-02-12T22:16:18.439+0000][7][gc,age      ] GC(423) Desired survivor size 41943040 bytes, new threshold 15 (max threshold 15)
[2024-02-12T22:16:18.441+0000][7][gc,phases   ] GC(423)   Pre Evacuate Collection Set: 0.1ms
[2024-02-12T22:16:18.441+0000][7][gc,phases   ] GC(423)   Merge Heap Roots: 0.1ms
[2024-02-12T22:16:18.441+0000][7][gc,phases   ] GC(423)   Evacuate Collection Set: 1.3ms
[2024-02-12T22:16:18.441+0000][7][gc,phases   ] GC(423)   Post Evacuate Collection Set: 0.6ms
[2024-02-12T22:16:18.441+0000][7][gc,phases   ] GC(423)   Other: 0.1ms
[2024-02-12T22:16:18.441+0000][7][gc,age      ] GC(423) Age table with threshold 15 (max threshold 15)
[2024-02-12T22:16:18.441+0000][7][gc,age      ] GC(423) - age   1:    1854536 bytes,    1854536 total
[2024-02-12T22:16:18.441+0000][7][gc,age      ] GC(423) - age   2:       3440 bytes,    1857976 total
[2024-02-12T22:16:18.441+0000][7][gc,age      ] GC(423) - age   3:        712 bytes,    1858688 total
[2024-02-12T22:16:18.441+0000][7][gc,age      ] GC(423) - age   4:       8328 bytes,    1867016 total
[2024-02-12T22:16:18.441+0000][7][gc,age      ] GC(423) - age   5:      32008 bytes,    1899024 total
[2024-02-12T22:16:18.441+0000][7][gc,age      ] GC(423) - age   6:     309696 bytes,    2208720 total
[2024-02-12T22:16:18.441+0000][7][gc,age      ] GC(423) - age   7:      99984 bytes,    2308704 total
[2024-02-12T22:16:18.441+0000][7][gc,age      ] GC(423) - age   8:       8408 bytes,    2317112 total
[2024-02-12T22:16:18.441+0000][7][gc,age      ] GC(423) - age  11:        184 bytes,    2317296 total
[2024-02-12T22:16:18.441+0000][7][gc,age      ] GC(423) - age  14:         24 bytes,    2317320 total
[2024-02-12T22:16:18.441+0000][7][gc,heap     ] GC(423) Eden regions: 152->0(152)
[2024-02-12T22:16:18.441+0000][7][gc,heap     ] GC(423) Survivor regions: 1->1(20)
[2024-02-12T22:16:18.441+0000][7][gc,heap     ] GC(423) Old regions: 26->26
[2024-02-12T22:16:18.441+0000][7][gc,heap     ] GC(423) Archive regions: 2->2
[2024-02-12T22:16:18.441+0000][7][gc,heap     ] GC(423) Humongous regions: 0->0
[2024-02-12T22:16:18.441+0000][7][gc,metaspace] GC(423) Metaspace: 129732K(133440K)->129732K(133440K) NonClass: 112754K(114688K)->112754K(114688K) Class: 16977K(18752K)->16977K(18752K)
[2024-02-12T22:16:18.441+0000][7][gc          ] GC(423) Pause Young (Normal) (G1 Evacuation Pause) 714M->106M(1024M) 2.381ms
[2024-02-12T22:16:18.441+0000][7][gc,cpu      ] GC(423) User=0.01s Sys=0.00s Real=0.00s
[2024-02-12T22:16:18.441+0000][7][safepoint   ] Safepoint "G1CollectForAllocation", Time since last: 95330660341 ns, Reaching safepoint: 31200 ns, At safepoint: 2458564 ns, Total: 2489764 ns
[2024-02-12T22:19:36.276+0000][7][gc,start    ] GC(424) Pause Young (Normal) (G1 Evacuation Pause)
[2024-02-12T22:19:36.276+0000][7][gc,task     ] GC(424) Using 8 workers of 8 for evacuation
[2024-02-12T22:19:36.276+0000][7][gc,age      ] GC(424) Desired survivor size 41943040 bytes, new threshold 15 (max threshold 15)
[2024-02-12T22:19:36.278+0000][7][gc,phases   ] GC(424)   Pre Evacuate Collection Set: 0.1ms
[2024-02-12T22:19:36.278+0000][7][gc,phases   ] GC(424)   Merge Heap Roots: 0.1ms
[2024-02-12T22:19:36.278+0000][7][gc,phases   ] GC(424)   Evacuate Collection Set: 1.3ms
[2024-02-12T22:19:36.278+0000][7][gc,phases   ] GC(424)   Post Evacuate Collection Set: 0.9ms
[2024-02-12T22:19:36.278+0000][7][gc,phases   ] GC(424)   Other: 0.1ms
[2024-02-12T22:19:36.278+0000][7][gc,age      ] GC(424) Age table with threshold 15 (max threshold 15)
[2024-02-12T22:19:36.278+0000][7][gc,age      ] GC(424) - age   1:     731992 bytes,     731992 total
[2024-02-12T22:19:36.278+0000][7][gc,age      ] GC(424) - age   2:     161144 bytes,     893136 total
[2024-02-12T22:19:36.278+0000][7][gc,age      ] GC(424) - age   3:        248 bytes,     893384 total
[2024-02-12T22:19:36.278+0000][7][gc,age      ] GC(424) - age   4:        392 bytes,     893776 total
[2024-02-12T22:19:36.278+0000][7][gc,age      ] GC(424) - age   5:       7072 bytes,     900848 total
[2024-02-12T22:19:36.278+0000][7][gc,age      ] GC(424) - age   6:      32008 bytes,     932856 total
[2024-02-12T22:19:36.278+0000][7][gc,age      ] GC(424) - age   7:     309696 bytes,    1242552 total
[2024-02-12T22:19:36.278+0000][7][gc,age      ] GC(424) - age   8:      99952 bytes,    1342504 total
[2024-02-12T22:19:36.279+0000][7][gc,age      ] GC(424) - age   9:        208 bytes,    1342712 total
[2024-02-12T22:19:36.279+0000][7][gc,age      ] GC(424) - age  12:        184 bytes,    1342896 total
[2024-02-12T22:19:36.279+0000][7][gc,age      ] GC(424) - age  15:         24 bytes,    1342920 total
[2024-02-12T22:19:36.279+0000][7][gc,heap     ] GC(424) Eden regions: 152->0(152)
[2024-02-12T22:19:36.279+0000][7][gc,heap     ] GC(424) Survivor regions: 1->1(20)
[2024-02-12T22:19:36.279+0000][7][gc,heap     ] GC(424) Old regions: 26->26
[2024-02-12T22:19:36.279+0000][7][gc,heap     ] GC(424) Archive regions: 2->2
[2024-02-12T22:19:36.279+0000][7][gc,heap     ] GC(424) Humongous regions: 0->0
[2024-02-12T22:19:36.279+0000][7][gc,metaspace] GC(424) Metaspace: 129732K(133440K)->129732K(133440K) NonClass: 112754K(114688K)->112754K(114688K) Class: 16977K(18752K)->16977K(18752K)
[2024-02-12T22:19:36.279+0000][7][gc          ] GC(424) Pause Young (Normal) (G1 Evacuation Pause) 714M->105M(1024M) 2.875ms
[2024-02-12T22:19:36.279+0000][7][gc,cpu      ] GC(424) User=0.01s Sys=0.00s Real=0.01s
[2024-02-12T22:19:36.279+0000][7][safepoint   ] Safepoint "G1CollectForAllocation", Time since last: 197834601239 ns, Reaching safepoint: 46566 ns, At safepoint: 2979677 ns, Total: 3026243 ns
[2024-02-12T22:22:18.192+0000][7][gc,start    ] GC(425) Pause Young (Normal) (G1 Evacuation Pause)
[2024-02-12T22:22:18.192+0000][7][gc,task     ] GC(425) Using 8 workers of 8 for evacuation
[2024-02-12T22:22:18.192+0000][7][gc,age      ] GC(425) Desired survivor size 41943040 bytes, new threshold 15 (max threshold 15)
[2024-02-12T22:22:18.194+0000][7][gc,phases   ] GC(425)   Pre Evacuate Collection Set: 0.1ms
[2024-02-12T22:22:18.194+0000][7][gc,phases   ] GC(425)   Merge Heap Roots: 0.0ms
[2024-02-12T22:22:18.194+0000][7][gc,phases   ] GC(425)   Evacuate Collection Set: 1.1ms
[2024-02-12T22:22:18.194+0000][7][gc,phases   ] GC(425)   Post Evacuate Collection Set: 0.6ms
[2024-02-12T22:22:18.194+0000][7][gc,phases   ] GC(425)   Other: 0.1ms
[2024-02-12T22:22:18.194+0000][7][gc,age      ] GC(425) Age table with threshold 15 (max threshold 15)
[2024-02-12T22:22:18.194+0000][7][gc,age      ] GC(425) - age   1:    1997048 bytes,    1997048 total
[2024-02-12T22:22:18.194+0000][7][gc,age      ] GC(425) - age   2:      12336 bytes,    2009384 total
[2024-02-12T22:22:18.194+0000][7][gc,age      ] GC(425) - age   3:     157544 bytes,    2166928 total
[2024-02-12T22:22:18.194+0000][7][gc,age      ] GC(425) - age   4:        184 bytes,    2167112 total
[2024-02-12T22:22:18.194+0000][7][gc,age      ] GC(425) - age   5:        392 bytes,    2167504 total
[2024-02-12T22:22:18.194+0000][7][gc,age      ] GC(425) - age   6:       6944 bytes,    2174448 total
[2024-02-12T22:22:18.194+0000][7][gc,age      ] GC(425) - age   7:      32008 bytes,    2206456 total
[2024-02-12T22:22:18.194+0000][7][gc,age      ] GC(425) - age   8:     309512 bytes,    2515968 total
[2024-02-12T22:22:18.194+0000][7][gc,age      ] GC(425) - age   9:      99952 bytes,    2615920 total
[2024-02-12T22:22:18.194+0000][7][gc,age      ] GC(425) - age  10:        208 bytes,    2616128 total
[2024-02-12T22:22:18.194+0000][7][gc,age      ] GC(425) - age  13:        184 bytes,    2616312 total
[2024-02-12T22:22:18.194+0000][7][gc,heap     ] GC(425) Eden regions: 152->0(152)
[2024-02-12T22:22:18.194+0000][7][gc,heap     ] GC(425) Survivor regions: 1->1(20)
[2024-02-12T22:22:18.194+0000][7][gc,heap     ] GC(425) Old regions: 26->26
[2024-02-12T22:22:18.194+0000][7][gc,heap     ] GC(425) Archive regions: 2->2
[2024-02-12T22:22:18.194+0000][7][gc,heap     ] GC(425) Humongous regions: 0->0
[2024-02-12T22:22:18.194+0000][7][gc,metaspace] GC(425) Metaspace: 129732K(133440K)->129732K(133440K) NonClass: 112754K(114688K)->112754K(114688K) Class: 16977K(18752K)->16977K(18752K)
[2024-02-12T22:22:18.194+0000][7][gc          ] GC(425) Pause Young (Normal) (G1 Evacuation Pause) 713M->106M(1024M) 2.006ms
[2024-02-12T22:22:18.194+0000][7][gc,cpu      ] GC(425) User=0.01s Sys=0.00s Real=0.00s
[2024-02-12T22:22:18.194+0000][7][safepoint   ] Safepoint "G1CollectForAllocation", Time since last: 161913603704 ns, Reaching safepoint: 104648 ns, At safepoint: 2074126 ns, Total: 2178774 ns
[2024-02-12T22:24:19.205+0000][7][safepoint   ] Safepoint "Cleanup", Time since last: 121010901084 ns, Reaching safepoint: 71238 ns, At safepoint: 6560 ns, Total: 77798 ns
[2024-02-12T22:25:30.183+0000][7][gc,start    ] GC(426) Pause Young (Normal) (G1 Evacuation Pause)
[2024-02-12T22:25:30.183+0000][7][gc,task     ] GC(426) Using 8 workers of 8 for evacuation
[2024-02-12T22:25:30.183+0000][7][gc,age      ] GC(426) Desired survivor size 41943040 bytes, new threshold 15 (max threshold 15)
[2024-02-12T22:25:30.186+0000][7][gc,phases   ] GC(426)   Pre Evacuate Collection Set: 0.1ms
[2024-02-12T22:25:30.186+0000][7][gc,phases   ] GC(426)   Merge Heap Roots: 0.1ms
[2024-02-12T22:25:30.186+0000][7][gc,phases   ] GC(426)   Evacuate Collection Set: 1.4ms
[2024-02-12T22:25:30.186+0000][7][gc,phases   ] GC(426)   Post Evacuate Collection Set: 1.0ms
[2024-02-12T22:25:30.186+0000][7][gc,phases   ] GC(426)   Other: 0.2ms
[2024-02-12T22:25:30.186+0000][7][gc,age      ] GC(426) Age table with threshold 15 (max threshold 15)
[2024-02-12T22:25:30.186+0000][7][gc,age      ] GC(426) - age   1:    1006384 bytes,    1006384 total
[2024-02-12T22:25:30.186+0000][7][gc,age      ] GC(426) - age   2:       2744 bytes,    1009128 total
[2024-02-12T22:25:30.186+0000][7][gc,age      ] GC(426) - age   3:       9720 bytes,    1018848 total
[2024-02-12T22:25:30.186+0000][7][gc,age      ] GC(426) - age   4:     145152 bytes,    1164000 total
[2024-02-12T22:25:30.186+0000][7][gc,age      ] GC(426) - age   7:       6560 bytes,    1170560 total
[2024-02-12T22:25:30.186+0000][7][gc,age      ] GC(426) - age   8:      32008 bytes,    1202568 total
[2024-02-12T22:25:30.186+0000][7][gc,age      ] GC(426) - age   9:     309512 bytes,    1512080 total
[2024-02-12T22:25:30.186+0000][7][gc,age      ] GC(426) - age  10:      99952 bytes,    1612032 total
[2024-02-12T22:25:30.186+0000][7][gc,age      ] GC(426) - age  11:        208 bytes,    1612240 total
[2024-02-12T22:25:30.186+0000][7][gc,age      ] GC(426) - age  14:        184 bytes,    1612424 total
[2024-02-12T22:25:30.186+0000][7][gc,heap     ] GC(426) Eden regions: 152->0(152)
[2024-02-12T22:25:30.186+0000][7][gc,heap     ] GC(426) Survivor regions: 1->1(20)
[2024-02-12T22:25:30.186+0000][7][gc,heap     ] GC(426) Old regions: 26->26
[2024-02-12T22:25:30.186+0000][7][gc,heap     ] GC(426) Archive regions: 2->2
[2024-02-12T22:25:30.186+0000][7][gc,heap     ] GC(426) Humongous regions: 0->0
[2024-02-12T22:25:30.186+0000][7][gc,metaspace] GC(426) Metaspace: 129734K(133440K)->129734K(133440K) NonClass: 112757K(114688K)->112757K(114688K) Class: 16977K(18752K)->16977K(18752K)
[2024-02-12T22:25:30.186+0000][7][gc          ] GC(426) Pause Young (Normal) (G1 Evacuation Pause) 714M->105M(1024M) 3.183ms
[2024-02-12T22:25:30.186+0000][7][gc,cpu      ] GC(426) User=0.00s Sys=0.01s Real=0.00s
[2024-02-12T22:25:30.186+0000][7][safepoint   ] Safepoint "G1CollectForAllocation", Time since last: 70977246844 ns, Reaching safepoint: 37085 ns, At safepoint: 3275305 ns, Total: 3312390 ns
[2024-02-12T22:28:36.277+0000][7][gc,start    ] GC(427) Pause Young (Normal) (G1 Evacuation Pause)
[2024-02-12T22:28:36.277+0000][7][gc,task     ] GC(427) Using 8 workers of 8 for evacuation
[2024-02-12T22:28:36.277+0000][7][gc,age      ] GC(427) Desired survivor size 41943040 bytes, new threshold 15 (max threshold 15)
[2024-02-12T22:28:36.279+0000][7][gc,phases   ] GC(427)   Pre Evacuate Collection Set: 0.1ms
[2024-02-12T22:28:36.279+0000][7][gc,phases   ] GC(427)   Merge Heap Roots: 0.1ms
[2024-02-12T22:28:36.279+0000][7][gc,phases   ] GC(427)   Evacuate Collection Set: 1.1ms
[2024-02-12T22:28:36.279+0000][7][gc,phases   ] GC(427)   Post Evacuate Collection Set: 0.6ms
[2024-02-12T22:28:36.279+0000][7][gc,phases   ] GC(427)   Other: 0.1ms
[2024-02-12T22:28:36.279+0000][7][gc,age      ] GC(427) Age table with threshold 15 (max threshold 15)
[2024-02-12T22:28:36.279+0000][7][gc,age      ] GC(427) - age   1:    1664320 bytes,    1664320 total
[2024-02-12T22:28:36.279+0000][7][gc,age      ] GC(427) - age   2:     125752 bytes,    1790072 total
[2024-02-12T22:28:36.279+0000][7][gc,age      ] GC(427) - age   3:        384 bytes,    1790456 total
[2024-02-12T22:28:36.279+0000][7][gc,age      ] GC(427) - age   4:       8200 bytes,    1798656 total
[2024-02-12T22:28:36.279+0000][7][gc,age      ] GC(427) - age   5:     145096 bytes,    1943752 total
[2024-02-12T22:28:36.279+0000][7][gc,age      ] GC(427) - age   8:       6560 bytes,    1950312 total
[2024-02-12T22:28:36.279+0000][7][gc,age      ] GC(427) - age   9:      31968 bytes,    1982280 total
[2024-02-12T22:28:36.279+0000][7][gc,age      ] GC(427) - age  10:     309512 bytes,    2291792 total
[2024-02-12T22:28:36.279+0000][7][gc,age      ] GC(427) - age  11:      99952 bytes,    2391744 total
[2024-02-12T22:28:36.279+0000][7][gc,age      ] GC(427) - age  12:        208 bytes,    2391952 total
[2024-02-12T22:28:36.279+0000][7][gc,age      ] GC(427) - age  15:        184 bytes,    2392136 total
[2024-02-12T22:28:36.279+0000][7][gc,heap     ] GC(427) Eden regions: 152->0(152)
[2024-02-12T22:28:36.279+0000][7][gc,heap     ] GC(427) Survivor regions: 1->1(20)
[2024-02-12T22:28:36.279+0000][7][gc,heap     ] GC(427) Old regions: 26->26
[2024-02-12T22:28:36.279+0000][7][gc,heap     ] GC(427) Archive regions: 2->2
[2024-02-12T22:28:36.279+0000][7][gc,heap     ] GC(427) Humongous regions: 0->0
[2024-02-12T22:28:36.279+0000][7][gc,metaspace] GC(427) Metaspace: 129734K(133440K)->129734K(133440K) NonClass: 112757K(114688K)->112757K(114688K) Class: 16977K(18752K)->16977K(18752K)
[2024-02-12T22:28:36.279+0000][7][gc          ] GC(427) Pause Young (Normal) (G1 Evacuation Pause) 713M->106M(1024M) 2.122ms
[2024-02-12T22:28:36.279+0000][7][gc,cpu      ] GC(427) User=0.01s Sys=0.00s Real=0.00s
[2024-02-12T22:28:36.279+0000][7][safepoint   ] Safepoint "G1CollectForAllocation", Time since last: 186090886758 ns, Reaching safepoint: 29502 ns, At safepoint: 2194344 ns, Total: 2223846 ns
[2024-02-12T22:31:54.210+0000][7][gc,start    ] GC(428) Pause Young (Normal) (G1 Evacuation Pause)
[2024-02-12T22:31:54.210+0000][7][gc,task     ] GC(428) Using 8 workers of 8 for evacuation
[2024-02-12T22:31:54.210+0000][7][gc,age      ] GC(428) Desired survivor size 41943040 bytes, new threshold 15 (max threshold 15)
[2024-02-12T22:31:54.212+0000][7][gc,phases   ] GC(428)   Pre Evacuate Collection Set: 0.1ms
[2024-02-12T22:31:54.212+0000][7][gc,phases   ] GC(428)   Merge Heap Roots: 0.1ms
[2024-02-12T22:31:54.212+0000][7][gc,phases   ] GC(428)   Evacuate Collection Set: 1.2ms
[2024-02-12T22:31:54.212+0000][7][gc,phases   ] GC(428)   Post Evacuate Collection Set: 0.7ms
[2024-02-12T22:31:54.212+0000][7][gc,phases   ] GC(428)   Other: 0.1ms
[2024-02-12T22:31:54.212+0000][7][gc,age      ] GC(428) Age table with threshold 15 (max threshold 15)
[2024-02-12T22:31:54.212+0000][7][gc,age      ] GC(428) - age   1:    1098616 bytes,    1098616 total
[2024-02-12T22:31:54.212+0000][7][gc,age      ] GC(428) - age   2:       8920 bytes,    1107536 total
[2024-02-12T22:31:54.212+0000][7][gc,age      ] GC(428) - age   3:     123504 bytes,    1231040 total
[2024-02-12T22:31:54.212+0000][7][gc,age      ] GC(428) - age   5:       8016 bytes,    1239056 total
[2024-02-12T22:31:54.212+0000][7][gc,age      ] GC(428) - age   6:     144912 bytes,    1383968 total
[2024-02-12T22:31:54.212+0000][7][gc,age      ] GC(428) - age   9:       6560 bytes,    1390528 total
[2024-02-12T22:31:54.212+0000][7][gc,age      ] GC(428) - age  10:      31968 bytes,    1422496 total
[2024-02-12T22:31:54.212+0000][7][gc,age      ] GC(428) - age  11:     309512 bytes,    1732008 total
[2024-02-12T22:31:54.212+0000][7][gc,age      ] GC(428) - age  12:      99952 bytes,    1831960 total
[2024-02-12T22:31:54.212+0000][7][gc,age      ] GC(428) - age  13:        208 bytes,    1832168 total
[2024-02-12T22:31:54.212+0000][7][gc,heap     ] GC(428) Eden regions: 152->0(152)
[2024-02-12T22:31:54.212+0000][7][gc,heap     ] GC(428) Survivor regions: 1->1(20)
[2024-02-12T22:31:54.212+0000][7][gc,heap     ] GC(428) Old regions: 26->26
[2024-02-12T22:31:54.212+0000][7][gc,heap     ] GC(428) Archive regions: 2->2
[2024-02-12T22:31:54.212+0000][7][gc,heap     ] GC(428) Humongous regions: 0->0
[2024-02-12T22:31:54.212+0000][7][gc,metaspace] GC(428) Metaspace: 129734K(133440K)->129734K(133440K) NonClass: 112757K(114688K)->112757K(114688K) Class: 16977K(18752K)->16977K(18752K)
[2024-02-12T22:31:54.212+0000][7][gc          ] GC(428) Pause Young (Normal) (G1 Evacuation Pause) 714M->106M(1024M) 2.386ms
[2024-02-12T22:31:54.212+0000][7][gc,cpu      ] GC(428) User=0.01s Sys=0.00s Real=0.00s
[2024-02-12T22:31:54.212+0000][7][safepoint   ] Safepoint "G1CollectForAllocation", Time since last: 197930359380 ns, Reaching safepoint: 39886 ns, At safepoint: 2471213 ns, Total: 2511099 ns
[2024-02-12T22:34:54.370+0000][7][gc,start    ] GC(429) Pause Young (Normal) (G1 Evacuation Pause)
[2024-02-12T22:34:54.370+0000][7][gc,task     ] GC(429) Using 8 workers of 8 for evacuation
[2024-02-12T22:34:54.370+0000][7][gc,age      ] GC(429) Desired survivor size 41943040 bytes, new threshold 15 (max threshold 15)
[2024-02-12T22:34:54.372+0000][7][gc,phases   ] GC(429)   Pre Evacuate Collection Set: 0.1ms
[2024-02-12T22:34:54.372+0000][7][gc,phases   ] GC(429)   Merge Heap Roots: 0.1ms
[2024-02-12T22:34:54.372+0000][7][gc,phases   ] GC(429)   Evacuate Collection Set: 1.1ms
[2024-02-12T22:34:54.372+0000][7][gc,phases   ] GC(429)   Post Evacuate Collection Set: 0.6ms
[2024-02-12T22:34:54.372+0000][7][gc,phases   ] GC(429)   Other: 0.1ms
[2024-02-12T22:34:54.372+0000][7][gc,age      ] GC(429) Age table with threshold 15 (max threshold 15)
[2024-02-12T22:34:54.372+0000][7][gc,age      ] GC(429) - age   1:    1909888 bytes,    1909888 total
[2024-02-12T22:34:54.372+0000][7][gc,age      ] GC(429) - age   2:       3088 bytes,    1912976 total
[2024-02-12T22:34:54.372+0000][7][gc,age      ] GC(429) - age   3:       7584 bytes,    1920560 total
[2024-02-12T22:34:54.372+0000][7][gc,age      ] GC(429) - age   4:     123208 bytes,    2043768 total
[2024-02-12T22:34:54.372+0000][7][gc,age      ] GC(429) - age   6:       8016 bytes,    2051784 total
[2024-02-12T22:34:54.372+0000][7][gc,age      ] GC(429) - age   7:     144912 bytes,    2196696 total
[2024-02-12T22:34:54.372+0000][7][gc,age      ] GC(429) - age  10:       6560 bytes,    2203256 total
[2024-02-12T22:34:54.372+0000][7][gc,age      ] GC(429) - age  11:      31968 bytes,    2235224 total
[2024-02-12T22:34:54.372+0000][7][gc,age      ] GC(429) - age  12:     309512 bytes,    2544736 total
[2024-02-12T22:34:54.372+0000][7][gc,age      ] GC(429) - age  13:      99952 bytes,    2644688 total
[2024-02-12T22:34:54.372+0000][7][gc,age      ] GC(429) - age  14:        208 bytes,    2644896 total
[2024-02-12T22:34:54.372+0000][7][gc,heap     ] GC(429) Eden regions: 152->0(152)
[2024-02-12T22:34:54.372+0000][7][gc,heap     ] GC(429) Survivor regions: 1->1(20)
[2024-02-12T22:34:54.372+0000][7][gc,heap     ] GC(429) Old regions: 26->26
[2024-02-12T22:34:54.372+0000][7][gc,heap     ] GC(429) Archive regions: 2->2
[2024-02-12T22:34:54.372+0000][7][gc,heap     ] GC(429) Humongous regions: 0->0
[2024-02-12T22:34:54.372+0000][7][gc,metaspace] GC(429) Metaspace: 129734K(133440K)->129734K(133440K) NonClass: 112757K(114688K)->112757K(114688K) Class: 16977K(18752K)->16977K(18752K)
[2024-02-12T22:34:54.372+0000][7][gc          ] GC(429) Pause Young (Normal) (G1 Evacuation Pause) 714M->106M(1024M) 2.041ms
[2024-02-12T22:34:54.372+0000][7][gc,cpu      ] GC(429) User=0.01s Sys=0.00s Real=0.00s
[2024-02-12T22:34:54.372+0000][7][safepoint   ] Safepoint "G1CollectForAllocation", Time since last: 180158218517 ns, Reaching safepoint: 25115 ns, At safepoint: 2111037 ns, Total: 2136152 ns
[2024-02-12T22:37:30.389+0000][7][safepoint   ] Safepoint "Cleanup", Time since last: 156016712230 ns, Reaching safepoint: 68220 ns, At safepoint: 38574 ns, Total: 106794 ns
[2024-02-12T22:38:12.685+0000][7][gc,start    ] GC(430) Pause Young (Normal) (G1 Evacuation Pause)
[2024-02-12T22:38:12.685+0000][7][gc,task     ] GC(430) Using 8 workers of 8 for evacuation
[2024-02-12T22:38:12.685+0000][7][gc,age      ] GC(430) Desired survivor size 41943040 bytes, new threshold 15 (max threshold 15)
[2024-02-12T22:38:12.688+0000][7][gc,phases   ] GC(430)   Pre Evacuate Collection Set: 0.1ms
[2024-02-12T22:38:12.688+0000][7][gc,phases   ] GC(430)   Merge Heap Roots: 0.1ms
[2024-02-12T22:38:12.688+0000][7][gc,phases   ] GC(430)   Evacuate Collection Set: 1.7ms
[2024-02-12T22:38:12.688+0000][7][gc,phases   ] GC(430)   Post Evacuate Collection Set: 0.8ms
[2024-02-12T22:38:12.688+0000][7][gc,phases   ] GC(430)   Other: 0.1ms
[2024-02-12T22:38:12.688+0000][7][gc,age      ] GC(430) Age table with threshold 15 (max threshold 15)
[2024-02-12T22:38:12.688+0000][7][gc,age      ] GC(430) - age   1:    1589296 bytes,    1589296 total
[2024-02-12T22:38:12.688+0000][7][gc,age      ] GC(430) - age   2:       3184 bytes,    1592480 total
[2024-02-12T22:38:12.688+0000][7][gc,age      ] GC(430) - age   3:        888 bytes,    1593368 total
[2024-02-12T22:38:12.688+0000][7][gc,age      ] GC(430) - age   4:       6488 bytes,    1599856 total
[2024-02-12T22:38:12.688+0000][7][gc,age      ] GC(430) - age   5:     119752 bytes,    1719608 total
[2024-02-12T22:38:12.688+0000][7][gc,age      ] GC(430) - age   7:       8016 bytes,    1727624 total
[2024-02-12T22:38:12.688+0000][7][gc,age      ] GC(430) - age   8:     144912 bytes,    1872536 total
[2024-02-12T22:38:12.688+0000][7][gc,age      ] GC(430) - age  11:       6560 bytes,    1879096 total
[2024-02-12T22:38:12.688+0000][7][gc,age      ] GC(430) - age  12:      31968 bytes,    1911064 total
[2024-02-12T22:38:12.688+0000][7][gc,age      ] GC(430) - age  13:     309512 bytes,    2220576 total
[2024-02-12T22:38:12.688+0000][7][gc,age      ] GC(430) - age  14:      99952 bytes,    2320528 total
[2024-02-12T22:38:12.688+0000][7][gc,age      ] GC(430) - age  15:        208 bytes,    2320736 total
[2024-02-12T22:38:12.688+0000][7][gc,heap     ] GC(430) Eden regions: 152->0(152)
[2024-02-12T22:38:12.688+0000][7][gc,heap     ] GC(430) Survivor regions: 1->1(20)
[2024-02-12T22:38:12.688+0000][7][gc,heap     ] GC(430) Old regions: 26->26
[2024-02-12T22:38:12.688+0000][7][gc,heap     ] GC(430) Archive regions: 2->2
[2024-02-12T22:38:12.688+0000][7][gc,heap     ] GC(430) Humongous regions: 0->0
[2024-02-12T22:38:12.688+0000][7][gc,metaspace] GC(430) Metaspace: 129734K(133440K)->129734K(133440K) NonClass: 112757K(114688K)->112757K(114688K) Class: 16977K(18752K)->16977K(18752K)
[2024-02-12T22:38:12.688+0000][7][gc          ] GC(430) Pause Young (Normal) (G1 Evacuation Pause) 714M->106M(1024M) 3.191ms
[2024-02-12T22:38:12.688+0000][7][gc,cpu      ] GC(430) User=0.02s Sys=0.00s Real=0.00s
[2024-02-12T22:38:12.688+0000][7][safepoint   ] Safepoint "G1CollectForAllocation", Time since last: 42295897087 ns, Reaching safepoint: 51209 ns, At safepoint: 3299915 ns, Total: 3351124 ns
[2024-02-12T22:41:21.222+0000][7][gc,start    ] GC(431) Pause Young (Normal) (G1 Evacuation Pause)
[2024-02-12T22:41:21.222+0000][7][gc,task     ] GC(431) Using 8 workers of 8 for evacuation
[2024-02-12T22:41:21.222+0000][7][gc,age      ] GC(431) Desired survivor size 41943040 bytes, new threshold 15 (max threshold 15)
[2024-02-12T22:41:21.224+0000][7][gc,phases   ] GC(431)   Pre Evacuate Collection Set: 0.1ms
[2024-02-12T22:41:21.224+0000][7][gc,phases   ] GC(431)   Merge Heap Roots: 0.1ms
[2024-02-12T22:41:21.224+0000][7][gc,phases   ] GC(431)   Evacuate Collection Set: 1.1ms
[2024-02-12T22:41:21.224+0000][7][gc,phases   ] GC(431)   Post Evacuate Collection Set: 0.7ms
[2024-02-12T22:41:21.224+0000][7][gc,phases   ] GC(431)   Other: 0.1ms
[2024-02-12T22:41:21.224+0000][7][gc,age      ] GC(431) Age table with threshold 15 (max threshold 15)
[2024-02-12T22:41:21.224+0000][7][gc,age      ] GC(431) - age   1:     737696 bytes,     737696 total
[2024-02-12T22:41:21.224+0000][7][gc,age      ] GC(431) - age   2:       7192 bytes,     744888 total
[2024-02-12T22:41:21.224+0000][7][gc,age      ] GC(431) - age   3:        128 bytes,     745016 total
[2024-02-12T22:41:21.224+0000][7][gc,age      ] GC(431) - age   4:        512 bytes,     745528 total
[2024-02-12T22:41:21.224+0000][7][gc,age      ] GC(431) - age   5:       6424 bytes,     751952 total
[2024-02-12T22:41:21.224+0000][7][gc,age      ] GC(431) - age   6:     102928 bytes,     854880 total
[2024-02-12T22:41:21.224+0000][7][gc,age      ] GC(431) - age   8:       8016 bytes,     862896 total
[2024-02-12T22:41:21.224+0000][7][gc,age      ] GC(431) - age   9:     144912 bytes,    1007808 total
[2024-02-12T22:41:21.224+0000][7][gc,age      ] GC(431) - age  12:       6560 bytes,    1014368 total
[2024-02-12T22:41:21.224+0000][7][gc,age      ] GC(431) - age  13:      31968 bytes,    1046336 total
[2024-02-12T22:41:21.224+0000][7][gc,age      ] GC(431) - age  14:     309512 bytes,    1355848 total
[2024-02-12T22:41:21.224+0000][7][gc,age      ] GC(431) - age  15:      99952 bytes,    1455800 total
[2024-02-12T22:41:21.224+0000][7][gc,heap     ] GC(431) Eden regions: 152->0(152)
[2024-02-12T22:41:21.224+0000][7][gc,heap     ] GC(431) Survivor regions: 1->1(20)
[2024-02-12T22:41:21.224+0000][7][gc,heap     ] GC(431) Old regions: 26->26
[2024-02-12T22:41:21.224+0000][7][gc,heap     ] GC(431) Archive regions: 2->2
[2024-02-12T22:41:21.224+0000][7][gc,heap     ] GC(431) Humongous regions: 0->0
[2024-02-12T22:41:21.224+0000][7][gc,metaspace] GC(431) Metaspace: 129734K(133440K)->129734K(133440K) NonClass: 112757K(114688K)->112757K(114688K) Class: 16977K(18752K)->16977K(18752K)
[2024-02-12T22:41:21.224+0000][7][gc          ] GC(431) Pause Young (Normal) (G1 Evacuation Pause) 714M->105M(1024M) 2.381ms
[2024-02-12T22:41:21.224+0000][7][gc,cpu      ] GC(431) User=0.01s Sys=0.00s Real=0.00s
[2024-02-12T22:41:21.224+0000][7][safepoint   ] Safepoint "G1CollectForAllocation", Time since last: 188533244974 ns, Reaching safepoint: 82192 ns, At safepoint: 2464854 ns, Total: 2547046 ns
[2024-02-12T22:43:02.236+0000][7][safepoint   ] Safepoint "Cleanup", Time since last: 101011321560 ns, Reaching safepoint: 97156 ns, At safepoint: 3118 ns, Total: 100274 ns
[2024-02-12T22:44:36.235+0000][7][gc,start    ] GC(432) Pause Young (Normal) (G1 Evacuation Pause)
[2024-02-12T22:44:36.235+0000][7][gc,task     ] GC(432) Using 8 workers of 8 for evacuation
[2024-02-12T22:44:36.235+0000][7][gc,age      ] GC(432) Desired survivor size 41943040 bytes, new threshold 15 (max threshold 15)
[2024-02-12T22:44:36.237+0000][7][gc,phases   ] GC(432)   Pre Evacuate Collection Set: 0.1ms
[2024-02-12T22:44:36.237+0000][7][gc,phases   ] GC(432)   Merge Heap Roots: 0.1ms
[2024-02-12T22:44:36.237+0000][7][gc,phases   ] GC(432)   Evacuate Collection Set: 1.1ms
[2024-02-12T22:44:36.237+0000][7][gc,phases   ] GC(432)   Post Evacuate Collection Set: 0.5ms
[2024-02-12T22:44:36.237+0000][7][gc,phases   ] GC(432)   Other: 0.1ms
[2024-02-12T22:44:36.237+0000][7][gc,age      ] GC(432) Age table with threshold 15 (max threshold 15)
[2024-02-12T22:44:36.237+0000][7][gc,age      ] GC(432) - age   1:    1742448 bytes,    1742448 total
[2024-02-12T22:44:36.237+0000][7][gc,age      ] GC(432) - age   2:       7304 bytes,    1749752 total
[2024-02-12T22:44:36.237+0000][7][gc,age      ] GC(432) - age   3:       5240 bytes,    1754992 total
[2024-02-12T22:44:36.237+0000][7][gc,age      ] GC(432) - age   4:         64 bytes,    1755056 total
[2024-02-12T22:44:36.237+0000][7][gc,age      ] GC(432) - age   5:        328 bytes,    1755384 total
[2024-02-12T22:44:36.237+0000][7][gc,age      ] GC(432) - age   6:       6424 bytes,    1761808 total
[2024-02-12T22:44:36.237+0000][7][gc,age      ] GC(432) - age   7:     102928 bytes,    1864736 total
[2024-02-12T22:44:36.237+0000][7][gc,age      ] GC(432) - age   9:       8016 bytes,    1872752 total
[2024-02-12T22:44:36.237+0000][7][gc,age      ] GC(432) - age  10:     144912 bytes,    2017664 total
[2024-02-12T22:44:36.237+0000][7][gc,age      ] GC(432) - age  13:       6560 bytes,    2024224 total
[2024-02-12T22:44:36.237+0000][7][gc,age      ] GC(432) - age  14:      31968 bytes,    2056192 total
[2024-02-12T22:44:36.237+0000][7][gc,age      ] GC(432) - age  15:     309512 bytes,    2365704 total
[2024-02-12T22:44:36.237+0000][7][gc,heap     ] GC(432) Eden regions: 152->0(152)
[2024-02-12T22:44:36.237+0000][7][gc,heap     ] GC(432) Survivor regions: 1->1(20)
[2024-02-12T22:44:36.237+0000][7][gc,heap     ] GC(432) Old regions: 26->26
[2024-02-12T22:44:36.237+0000][7][gc,heap     ] GC(432) Archive regions: 2->2
[2024-02-12T22:44:36.237+0000][7][gc,heap     ] GC(432) Humongous regions: 0->0
[2024-02-12T22:44:36.237+0000][7][gc,metaspace] GC(432) Metaspace: 129737K(133440K)->129737K(133440K) NonClass: 112759K(114688K)->112759K(114688K) Class: 16977K(18752K)->16977K(18752K)
[2024-02-12T22:44:36.237+0000][7][gc          ] GC(432) Pause Young (Normal) (G1 Evacuation Pause) 713M->106M(1024M) 2.074ms
[2024-02-12T22:44:36.237+0000][7][gc,cpu      ] GC(432) User=0.01s Sys=0.00s Real=0.01s
[2024-02-12T22:44:36.237+0000][7][safepoint   ] Safepoint "G1CollectForAllocation", Time since last: 93999196325 ns, Reaching safepoint: 47258 ns, At safepoint: 2145505 ns, Total: 2192763 ns
[2024-02-12T22:47:30.253+0000][7][safepoint   ] Safepoint "Cleanup", Time since last: 174015917392 ns, Reaching safepoint: 139976 ns, At safepoint: 7228 ns, Total: 147204 ns
[2024-02-12T22:47:42.249+0000][7][gc,start    ] GC(433) Pause Young (Normal) (G1 Evacuation Pause)
[2024-02-12T22:47:42.249+0000][7][gc,task     ] GC(433) Using 8 workers of 8 for evacuation
[2024-02-12T22:47:42.249+0000][7][gc,age      ] GC(433) Desired survivor size 41943040 bytes, new threshold 15 (max threshold 15)
[2024-02-12T22:47:42.251+0000][7][gc,phases   ] GC(433)   Pre Evacuate Collection Set: 0.1ms
[2024-02-12T22:47:42.251+0000][7][gc,phases   ] GC(433)   Merge Heap Roots: 0.1ms
[2024-02-12T22:47:42.251+0000][7][gc,phases   ] GC(433)   Evacuate Collection Set: 1.1ms
[2024-02-12T22:47:42.251+0000][7][gc,phases   ] GC(433)   Post Evacuate Collection Set: 0.7ms
[2024-02-12T22:47:42.251+0000][7][gc,phases   ] GC(433)   Other: 0.1ms
[2024-02-12T22:47:42.251+0000][7][gc,age      ] GC(433) Age table with threshold 15 (max threshold 15)
[2024-02-12T22:47:42.251+0000][7][gc,age      ] GC(433) - age   1:    1223112 bytes,    1223112 total
[2024-02-12T22:47:42.251+0000][7][gc,age      ] GC(433) - age   2:       3640 bytes,    1226752 total
[2024-02-12T22:47:42.251+0000][7][gc,age      ] GC(433) - age   3:       3112 bytes,    1229864 total
[2024-02-12T22:47:42.251+0000][7][gc,age      ] GC(433) - age   4:        664 bytes,    1230528 total
[2024-02-12T22:47:42.251+0000][7][gc,age      ] GC(433) - age   6:         32 bytes,    1230560 total
[2024-02-12T22:47:42.251+0000][7][gc,age      ] GC(433) - age   7:       6392 bytes,    1236952 total
[2024-02-12T22:47:42.251+0000][7][gc,age      ] GC(433) - age   8:     102544 bytes,    1339496 total
[2024-02-12T22:47:42.251+0000][7][gc,age      ] GC(433) - age  10:       8016 bytes,    1347512 total
[2024-02-12T22:47:42.251+0000][7][gc,age      ] GC(433) - age  11:     144912 bytes,    1492424 total
[2024-02-12T22:47:42.251+0000][7][gc,age      ] GC(433) - age  14:       6560 bytes,    1498984 total
[2024-02-12T22:47:42.251+0000][7][gc,age      ] GC(433) - age  15:      31968 bytes,    1530952 total
[2024-02-12T22:47:42.251+0000][7][gc,heap     ] GC(433) Eden regions: 152->0(152)
[2024-02-12T22:47:42.251+0000][7][gc,heap     ] GC(433) Survivor regions: 1->1(20)
[2024-02-12T22:47:42.251+0000][7][gc,heap     ] GC(433) Old regions: 26->26
[2024-02-12T22:47:42.251+0000][7][gc,heap     ] GC(433) Archive regions: 2->2
[2024-02-12T22:47:42.251+0000][7][gc,heap     ] GC(433) Humongous regions: 0->0
[2024-02-12T22:47:42.251+0000][7][gc,metaspace] GC(433) Metaspace: 129743K(133440K)->129743K(133440K) NonClass: 112765K(114688K)->112765K(114688K) Class: 16977K(18752K)->16977K(18752K)
[2024-02-12T22:47:42.251+0000][7][gc          ] GC(433) Pause Young (Normal) (G1 Evacuation Pause) 714M->106M(1024M) 2.411ms
[2024-02-12T22:47:42.251+0000][7][gc,cpu      ] GC(433) User=0.01s Sys=0.01s Real=0.01s
[2024-02-12T22:47:42.251+0000][7][safepoint   ] Safepoint "G1CollectForAllocation", Time since last: 11995400832 ns, Reaching safepoint: 118004 ns, At safepoint: 2504637 ns, Total: 2622641 ns
[2024-02-12T22:49:33.262+0000][7][safepoint   ] Safepoint "Cleanup", Time since last: 111010391574 ns, Reaching safepoint: 70167 ns, At safepoint: 42557 ns, Total: 112724 ns
[2024-02-12T22:50:42.353+0000][7][gc,start    ] GC(434) Pause Young (Normal) (G1 Evacuation Pause)
[2024-02-12T22:50:42.353+0000][7][gc,task     ] GC(434) Using 8 workers of 8 for evacuation
[2024-02-12T22:50:42.353+0000][7][gc,age      ] GC(434) Desired survivor size 41943040 bytes, new threshold 15 (max threshold 15)
[2024-02-12T22:50:42.355+0000][7][gc,phases   ] GC(434)   Pre Evacuate Collection Set: 0.1ms
[2024-02-12T22:50:42.355+0000][7][gc,phases   ] GC(434)   Merge Heap Roots: 0.1ms
[2024-02-12T22:50:42.355+0000][7][gc,phases   ] GC(434)   Evacuate Collection Set: 1.1ms
[2024-02-12T22:50:42.355+0000][7][gc,phases   ] GC(434)   Post Evacuate Collection Set: 0.5ms
[2024-02-12T22:50:42.355+0000][7][gc,phases   ] GC(434)   Other: 0.1ms
[2024-02-12T22:50:42.355+0000][7][gc,age      ] GC(434) Age table with threshold 15 (max threshold 15)
[2024-02-12T22:50:42.355+0000][7][gc,age      ] GC(434) - age   1:    2067008 bytes,    2067008 total
[2024-02-12T22:50:42.355+0000][7][gc,age      ] GC(434) - age   2:       8344 bytes,    2075352 total
[2024-02-12T22:50:42.355+0000][7][gc,age      ] GC(434) - age   3:        744 bytes,    2076096 total
[2024-02-12T22:50:42.355+0000][7][gc,age      ] GC(434) - age   4:       2696 bytes,    2078792 total
[2024-02-12T22:50:42.355+0000][7][gc,age      ] GC(434) - age   5:        440 bytes,    2079232 total
[2024-02-12T22:50:42.355+0000][7][gc,age      ] GC(434) - age   7:         32 bytes,    2079264 total
[2024-02-12T22:50:42.355+0000][7][gc,age      ] GC(434) - age   8:       6360 bytes,    2085624 total
[2024-02-12T22:50:42.355+0000][7][gc,age      ] GC(434) - age   9:     102544 bytes,    2188168 total
[2024-02-12T22:50:42.355+0000][7][gc,age      ] GC(434) - age  11:       8016 bytes,    2196184 total
[2024-02-12T22:50:42.355+0000][7][gc,age      ] GC(434) - age  12:     144912 bytes,    2341096 total
[2024-02-12T22:50:42.355+0000][7][gc,age      ] GC(434) - age  15:       6560 bytes,    2347656 total
[2024-02-12T22:50:42.355+0000][7][gc,heap     ] GC(434) Eden regions: 152->0(152)
[2024-02-12T22:50:42.355+0000][7][gc,heap     ] GC(434) Survivor regions: 1->1(20)
[2024-02-12T22:50:42.355+0000][7][gc,heap     ] GC(434) Old regions: 26->26
[2024-02-12T22:50:42.355+0000][7][gc,heap     ] GC(434) Archive regions: 2->2
[2024-02-12T22:50:42.355+0000][7][gc,heap     ] GC(434) Humongous regions: 0->0
[2024-02-12T22:50:42.355+0000][7][gc,metaspace] GC(434) Metaspace: 129743K(133440K)->129743K(133440K) NonClass: 112765K(114688K)->112765K(114688K) Class: 16977K(18752K)->16977K(18752K)
[2024-02-12T22:50:42.355+0000][7][gc          ] GC(434) Pause Young (Normal) (G1 Evacuation Pause) 714M->107M(1024M) 1.993ms
[2024-02-12T22:50:42.355+0000][7][gc,cpu      ] GC(434) User=0.01s Sys=0.01s Real=0.00s
[2024-02-12T22:50:42.355+0000][7][safepoint   ] Safepoint "G1CollectForAllocation", Time since last: 69090968943 ns, Reaching safepoint: 55572 ns, At safepoint: 2073266 ns, Total: 2128838 ns
[2024-02-12T22:50:44.355+0000][7][safepoint   ] Safepoint "Cleanup", Time since last: 2000218896 ns, Reaching safepoint: 89058 ns, At safepoint: 18036 ns, Total: 107094 ns
[2024-02-12T22:51:21.359+0000][7][safepoint   ] Safepoint "Cleanup", Time since last: 37004396566 ns, Reaching safepoint: 60240 ns, At safepoint: 7462 ns, Total: 67702 ns
[2024-02-12T22:53:30.364+0000][7][gc,start    ] GC(435) Pause Young (Normal) (G1 Evacuation Pause)
[2024-02-12T22:53:30.364+0000][7][gc,task     ] GC(435) Using 8 workers of 8 for evacuation
[2024-02-12T22:53:30.364+0000][7][gc,age      ] GC(435) Desired survivor size 41943040 bytes, new threshold 15 (max threshold 15)
[2024-02-12T22:53:30.366+0000][7][gc,phases   ] GC(435)   Pre Evacuate Collection Set: 0.1ms
[2024-02-12T22:53:30.366+0000][7][gc,phases   ] GC(435)   Merge Heap Roots: 0.1ms
[2024-02-12T22:53:30.366+0000][7][gc,phases   ] GC(435)   Evacuate Collection Set: 1.2ms
[2024-02-12T22:53:30.366+0000][7][gc,phases   ] GC(435)   Post Evacuate Collection Set: 0.6ms
[2024-02-12T22:53:30.366+0000][7][gc,phases   ] GC(435)   Other: 0.1ms
[2024-02-12T22:53:30.366+0000][7][gc,age      ] GC(435) Age table with threshold 15 (max threshold 15)
[2024-02-12T22:53:30.366+0000][7][gc,age      ] GC(435) - age   1:    2065288 bytes,    2065288 total
[2024-02-12T22:53:30.366+0000][7][gc,age      ] GC(435) - age   2:       4768 bytes,    2070056 total
[2024-02-12T22:53:30.366+0000][7][gc,age      ] GC(435) - age   3:       5384 bytes,    2075440 total
[2024-02-12T22:53:30.366+0000][7][gc,age      ] GC(435) - age   4:        240 bytes,    2075680 total
[2024-02-12T22:53:30.366+0000][7][gc,age      ] GC(435) - age   5:       2632 bytes,    2078312 total
[2024-02-12T22:53:30.366+0000][7][gc,age      ] GC(435) - age   6:        256 bytes,    2078568 total
[2024-02-12T22:53:30.366+0000][7][gc,age      ] GC(435) - age   8:         32 bytes,    2078600 total
[2024-02-12T22:53:30.366+0000][7][gc,age      ] GC(435) - age   9:       6360 bytes,    2084960 total
[2024-02-12T22:53:30.366+0000][7][gc,age      ] GC(435) - age  10:     102544 bytes,    2187504 total
[2024-02-12T22:53:30.366+0000][7][gc,age      ] GC(435) - age  12:       8016 bytes,    2195520 total
[2024-02-12T22:53:30.366+0000][7][gc,age      ] GC(435) - age  13:     144912 bytes,    2340432 total
[2024-02-12T22:53:30.366+0000][7][gc,heap     ] GC(435) Eden regions: 152->0(152)
[2024-02-12T22:53:30.366+0000][7][gc,heap     ] GC(435) Survivor regions: 1->1(20)
[2024-02-12T22:53:30.366+0000][7][gc,heap     ] GC(435) Old regions: 26->26
[2024-02-12T22:53:30.366+0000][7][gc,heap     ] GC(435) Archive regions: 2->2
[2024-02-12T22:53:30.366+0000][7][gc,heap     ] GC(435) Humongous regions: 0->0
[2024-02-12T22:53:30.366+0000][7][gc,metaspace] GC(435) Metaspace: 129743K(133440K)->129743K(133440K) NonClass: 112765K(114688K)->112765K(114688K) Class: 16977K(18752K)->16977K(18752K)
[2024-02-12T22:53:30.366+0000][7][gc          ] GC(435) Pause Young (Normal) (G1 Evacuation Pause) 715M->107M(1024M) 2.173ms
[2024-02-12T22:53:30.366+0000][7][gc,cpu      ] GC(435) User=0.01s Sys=0.00s Real=0.00s
[2024-02-12T22:53:30.366+0000][7][safepoint   ] Safepoint "G1CollectForAllocation", Time since last: 129004518400 ns, Reaching safepoint: 64446 ns, At safepoint: 2248675 ns, Total: 2313121 ns
[2024-02-12T22:55:54.313+0000][7][gc,start    ] GC(436) Pause Young (Normal) (G1 Evacuation Pause)
[2024-02-12T22:55:54.313+0000][7][gc,task     ] GC(436) Using 8 workers of 8 for evacuation
[2024-02-12T22:55:54.313+0000][7][gc,age      ] GC(436) Desired survivor size 41943040 bytes, new threshold 15 (max threshold 15)
[2024-02-12T22:55:54.315+0000][7][gc,phases   ] GC(436)   Pre Evacuate Collection Set: 0.1ms
[2024-02-12T22:55:54.315+0000][7][gc,phases   ] GC(436)   Merge Heap Roots: 0.1ms
[2024-02-12T22:55:54.315+0000][7][gc,phases   ] GC(436)   Evacuate Collection Set: 0.9ms
[2024-02-12T22:55:54.315+0000][7][gc,phases   ] GC(436)   Post Evacuate Collection Set: 0.5ms
[2024-02-12T22:55:54.315+0000][7][gc,phases   ] GC(436)   Other: 0.1ms
[2024-02-12T22:55:54.315+0000][7][gc,age      ] GC(436) Age table with threshold 15 (max threshold 15)
[2024-02-12T22:55:54.315+0000][7][gc,age      ] GC(436) - age   1:     811592 bytes,     811592 total
[2024-02-12T22:55:54.315+0000][7][gc,age      ] GC(436) - age   2:       4152 bytes,     815744 total
[2024-02-12T22:55:54.315+0000][7][gc,age      ] GC(436) - age   3:       1944 bytes,     817688 total
[2024-02-12T22:55:54.315+0000][7][gc,age      ] GC(436) - age   4:       1288 bytes,     818976 total
[2024-02-12T22:55:54.315+0000][7][gc,age      ] GC(436) - age   5:        176 bytes,     819152 total
[2024-02-12T22:55:54.315+0000][7][gc,age      ] GC(436) - age   6:       2208 bytes,     821360 total
[2024-02-12T22:55:54.315+0000][7][gc,age      ] GC(436) - age   7:        224 bytes,     821584 total
[2024-02-12T22:55:54.315+0000][7][gc,age      ] GC(436) - age   9:         32 bytes,     821616 total
[2024-02-12T22:55:54.315+0000][7][gc,age      ] GC(436) - age  10:       6360 bytes,     827976 total
[2024-02-12T22:55:54.315+0000][7][gc,age      ] GC(436) - age  11:     102544 bytes,     930520 total
[2024-02-12T22:55:54.315+0000][7][gc,age      ] GC(436) - age  13:       8016 bytes,     938536 total
[2024-02-12T22:55:54.315+0000][7][gc,age      ] GC(436) - age  14:     144912 bytes,    1083448 total
[2024-02-12T22:55:54.315+0000][7][gc,heap     ] GC(436) Eden regions: 152->0(152)
[2024-02-12T22:55:54.315+0000][7][gc,heap     ] GC(436) Survivor regions: 1->1(20)
[2024-02-12T22:55:54.315+0000][7][gc,heap     ] GC(436) Old regions: 26->26
[2024-02-12T22:55:54.315+0000][7][gc,heap     ] GC(436) Archive regions: 2->2
[2024-02-12T22:55:54.315+0000][7][gc,heap     ] GC(436) Humongous regions: 0->0
[2024-02-12T22:55:54.315+0000][7][gc,metaspace] GC(436) Metaspace: 129743K(133440K)->129743K(133440K) NonClass: 112765K(114688K)->112765K(114688K) Class: 16977K(18752K)->16977K(18752K)
[2024-02-12T22:55:54.315+0000][7][gc          ] GC(436) Pause Young (Normal) (G1 Evacuation Pause) 715M->105M(1024M) 1.982ms
[2024-02-12T22:55:54.315+0000][7][gc,cpu      ] GC(436) User=0.00s Sys=0.00s Real=0.00s
[2024-02-12T22:55:54.315+0000][7][safepoint   ] Safepoint "G1CollectForAllocation", Time since last: 143946956887 ns, Reaching safepoint: 79193 ns, At safepoint: 2066565 ns, Total: 2145758 ns
[2024-02-12T22:58:54.295+0000][7][gc,start    ] GC(437) Pause Young (Normal) (G1 Evacuation Pause)
[2024-02-12T22:58:54.295+0000][7][gc,task     ] GC(437) Using 8 workers of 8 for evacuation
[2024-02-12T22:58:54.295+0000][7][gc,age      ] GC(437) Desired survivor size 41943040 bytes, new threshold 15 (max threshold 15)
[2024-02-12T22:58:54.297+0000][7][gc,phases   ] GC(437)   Pre Evacuate Collection Set: 0.1ms
[2024-02-12T22:58:54.297+0000][7][gc,phases   ] GC(437)   Merge Heap Roots: 0.1ms
[2024-02-12T22:58:54.297+0000][7][gc,phases   ] GC(437)   Evacuate Collection Set: 0.9ms
[2024-02-12T22:58:54.297+0000][7][gc,phases   ] GC(437)   Post Evacuate Collection Set: 1.3ms
[2024-02-12T22:58:54.297+0000][7][gc,phases   ] GC(437)   Other: 0.1ms
[2024-02-12T22:58:54.297+0000][7][gc,age      ] GC(437) Age table with threshold 15 (max threshold 15)
[2024-02-12T22:58:54.297+0000][7][gc,age      ] GC(437) - age   1:     520096 bytes,     520096 total
[2024-02-12T22:58:54.297+0000][7][gc,age      ] GC(437) - age   2:       5616 bytes,     525712 total
[2024-02-12T22:58:54.297+0000][7][gc,age      ] GC(437) - age   3:        568 bytes,     526280 total
[2024-02-12T22:58:54.297+0000][7][gc,age      ] GC(437) - age   4:        576 bytes,     526856 total
[2024-02-12T22:58:54.297+0000][7][gc,age      ] GC(437) - age   5:        568 bytes,     527424 total
[2024-02-12T22:58:54.297+0000][7][gc,age      ] GC(437) - age   6:        112 bytes,     527536 total
[2024-02-12T22:58:54.297+0000][7][gc,age      ] GC(437) - age   7:       2208 bytes,     529744 total
[2024-02-12T22:58:54.297+0000][7][gc,age      ] GC(437) - age   8:        192 bytes,     529936 total
[2024-02-12T22:58:54.297+0000][7][gc,age      ] GC(437) - age  10:         32 bytes,     529968 total
[2024-02-12T22:58:54.297+0000][7][gc,age      ] GC(437) - age  11:       6360 bytes,     536328 total
[2024-02-12T22:58:54.297+0000][7][gc,age      ] GC(437) - age  12:     102504 bytes,     638832 total
[2024-02-12T22:58:54.297+0000][7][gc,age      ] GC(437) - age  14:       8016 bytes,     646848 total
[2024-02-12T22:58:54.297+0000][7][gc,age      ] GC(437) - age  15:     144912 bytes,     791760 total
[2024-02-12T22:58:54.297+0000][7][gc,heap     ] GC(437) Eden regions: 152->0(152)
[2024-02-12T22:58:54.297+0000][7][gc,heap     ] GC(437) Survivor regions: 1->1(20)
[2024-02-12T22:58:54.297+0000][7][gc,heap     ] GC(437) Old regions: 26->26
[2024-02-12T22:58:54.297+0000][7][gc,heap     ] GC(437) Archive regions: 2->2
[2024-02-12T22:58:54.297+0000][7][gc,heap     ] GC(437) Humongous regions: 0->0
[2024-02-12T22:58:54.297+0000][7][gc,metaspace] GC(437) Metaspace: 129755K(133440K)->129755K(133440K) NonClass: 112777K(114688K)->112777K(114688K) Class: 16977K(18752K)->16977K(18752K)
[2024-02-12T22:58:54.297+0000][7][gc          ] GC(437) Pause Young (Normal) (G1 Evacuation Pause) 713M->105M(1024M) 2.695ms
[2024-02-12T22:58:54.297+0000][7][gc,cpu      ] GC(437) User=0.00s Sys=0.01s Real=0.01s
[2024-02-12T22:58:54.297+0000][7][safepoint   ] Safepoint "G1CollectForAllocation", Time since last: 179979102422 ns, Reaching safepoint: 38967 ns, At safepoint: 2774470 ns, Total: 2813437 ns
[2024-02-12T23:02:01.141+0000][7][gc,start    ] GC(438) Pause Young (Normal) (G1 Evacuation Pause)
[2024-02-12T23:02:01.141+0000][7][gc,task     ] GC(438) Using 8 workers of 8 for evacuation
[2024-02-12T23:02:01.141+0000][7][gc,age      ] GC(438) Desired survivor size 41943040 bytes, new threshold 15 (max threshold 15)
[2024-02-12T23:02:01.143+0000][7][gc,phases   ] GC(438)   Pre Evacuate Collection Set: 0.1ms
[2024-02-12T23:02:01.143+0000][7][gc,phases   ] GC(438)   Merge Heap Roots: 0.1ms
[2024-02-12T23:02:01.143+0000][7][gc,phases   ] GC(438)   Evacuate Collection Set: 1.4ms
[2024-02-12T23:02:01.143+0000][7][gc,phases   ] GC(438)   Post Evacuate Collection Set: 0.7ms
[2024-02-12T23:02:01.143+0000][7][gc,phases   ] GC(438)   Other: 0.1ms
[2024-02-12T23:02:01.143+0000][7][gc,age      ] GC(438) Age table with threshold 15 (max threshold 15)
[2024-02-12T23:02:01.143+0000][7][gc,age      ] GC(438) - age   1:    1211304 bytes,    1211304 total
[2024-02-12T23:02:01.143+0000][7][gc,age      ] GC(438) - age   2:      92496 bytes,    1303800 total
[2024-02-12T23:02:01.143+0000][7][gc,age      ] GC(438) - age   3:       4496 bytes,    1308296 total
[2024-02-12T23:02:01.143+0000][7][gc,age      ] GC(438) - age   4:        192 bytes,    1308488 total
[2024-02-12T23:02:01.143+0000][7][gc,age      ] GC(438) - age   5:        328 bytes,    1308816 total
[2024-02-12T23:02:01.143+0000][7][gc,age      ] GC(438) - age   6:        568 bytes,    1309384 total
[2024-02-12T23:02:01.143+0000][7][gc,age      ] GC(438) - age   7:        112 bytes,    1309496 total
[2024-02-12T23:02:01.143+0000][7][gc,age      ] GC(438) - age   8:       2208 bytes,    1311704 total
[2024-02-12T23:02:01.143+0000][7][gc,age      ] GC(438) - age   9:        192 bytes,    1311896 total
[2024-02-12T23:02:01.143+0000][7][gc,age      ] GC(438) - age  11:         32 bytes,    1311928 total
[2024-02-12T23:02:01.143+0000][7][gc,age      ] GC(438) - age  12:       6360 bytes,    1318288 total
[2024-02-12T23:02:01.143+0000][7][gc,age      ] GC(438) - age  13:     102504 bytes,    1420792 total
[2024-02-12T23:02:01.143+0000][7][gc,age      ] GC(438) - age  15:       8016 bytes,    1428808 total
[2024-02-12T23:02:01.143+0000][7][gc,heap     ] GC(438) Eden regions: 152->0(152)
[2024-02-12T23:02:01.143+0000][7][gc,heap     ] GC(438) Survivor regions: 1->1(20)
[2024-02-12T23:02:01.143+0000][7][gc,heap     ] GC(438) Old regions: 26->26
[2024-02-12T23:02:01.143+0000][7][gc,heap     ] GC(438) Archive regions: 2->2
[2024-02-12T23:02:01.143+0000][7][gc,heap     ] GC(438) Humongous regions: 0->0
[2024-02-12T23:02:01.143+0000][7][gc,metaspace] GC(438) Metaspace: 129755K(133440K)->129755K(133440K) NonClass: 112777K(114688K)->112777K(114688K) Class: 16977K(18752K)->16977K(18752K)
[2024-02-12T23:02:01.143+0000][7][gc          ] GC(438) Pause Young (Normal) (G1 Evacuation Pause) 713M->106M(1024M) 2.744ms
[2024-02-12T23:02:01.143+0000][7][gc,cpu      ] GC(438) User=0.01s Sys=0.00s Real=0.00s
[2024-02-12T23:02:01.144+0000][7][safepoint   ] Safepoint "G1CollectForAllocation", Time since last: 186843272462 ns, Reaching safepoint: 63132 ns, At safepoint: 2844777 ns, Total: 2907909 ns
[2024-02-12T23:05:03.326+0000][7][gc,start    ] GC(439) Pause Young (Normal) (G1 Evacuation Pause)
[2024-02-12T23:05:03.326+0000][7][gc,task     ] GC(439) Using 8 workers of 8 for evacuation
[2024-02-12T23:05:03.326+0000][7][gc,age      ] GC(439) Desired survivor size 41943040 bytes, new threshold 15 (max threshold 15)
[2024-02-12T23:05:03.328+0000][7][gc,phases   ] GC(439)   Pre Evacuate Collection Set: 0.1ms
[2024-02-12T23:05:03.328+0000][7][gc,phases   ] GC(439)   Merge Heap Roots: 0.1ms
[2024-02-12T23:05:03.328+0000][7][gc,phases   ] GC(439)   Evacuate Collection Set: 1.0ms
[2024-02-12T23:05:03.328+0000][7][gc,phases   ] GC(439)   Post Evacuate Collection Set: 0.6ms
[2024-02-12T23:05:03.328+0000][7][gc,phases   ] GC(439)   Other: 0.1ms
[2024-02-12T23:05:03.328+0000][7][gc,age      ] GC(439) Age table with threshold 15 (max threshold 15)
[2024-02-12T23:05:03.328+0000][7][gc,age      ] GC(439) - age   1:     744376 bytes,     744376 total
[2024-02-12T23:05:03.328+0000][7][gc,age      ] GC(439) - age   2:     155648 bytes,     900024 total
[2024-02-12T23:05:03.328+0000][7][gc,age      ] GC(439) - age   3:      88920 bytes,     988944 total
[2024-02-12T23:05:03.328+0000][7][gc,age      ] GC(439) - age   4:       4240 bytes,     993184 total
[2024-02-12T23:05:03.328+0000][7][gc,age      ] GC(439) - age   6:         32 bytes,     993216 total
[2024-02-12T23:05:03.328+0000][7][gc,age      ] GC(439) - age   7:        184 bytes,     993400 total
[2024-02-12T23:05:03.328+0000][7][gc,age      ] GC(439) - age   8:         88 bytes,     993488 total
[2024-02-12T23:05:03.328+0000][7][gc,age      ] GC(439) - age   9:       2208 bytes,     995696 total
[2024-02-12T23:05:03.328+0000][7][gc,age      ] GC(439) - age  10:        192 bytes,     995888 total
[2024-02-12T23:05:03.328+0000][7][gc,age      ] GC(439) - age  12:         32 bytes,     995920 total
[2024-02-12T23:05:03.328+0000][7][gc,age      ] GC(439) - age  13:       6360 bytes,    1002280 total
[2024-02-12T23:05:03.328+0000][7][gc,age      ] GC(439) - age  14:     102504 bytes,    1104784 total
[2024-02-12T23:05:03.328+0000][7][gc,heap     ] GC(439) Eden regions: 152->0(152)
[2024-02-12T23:05:03.328+0000][7][gc,heap     ] GC(439) Survivor regions: 1->1(20)
[2024-02-12T23:05:03.328+0000][7][gc,heap     ] GC(439) Old regions: 26->26
[2024-02-12T23:05:03.328+0000][7][gc,heap     ] GC(439) Archive regions: 2->2
[2024-02-12T23:05:03.328+0000][7][gc,heap     ] GC(439) Humongous regions: 0->0
[2024-02-12T23:05:03.328+0000][7][gc,metaspace] GC(439) Metaspace: 129755K(133440K)->129755K(133440K) NonClass: 112777K(114688K)->112777K(114688K) Class: 16977K(18752K)->16977K(18752K)
[2024-02-12T23:05:03.328+0000][7][gc          ] GC(439) Pause Young (Normal) (G1 Evacuation Pause) 714M->105M(1024M) 2.152ms
[2024-02-12T23:05:03.328+0000][7][gc,cpu      ] GC(439) User=0.01s Sys=0.00s Real=0.00s
[2024-02-12T23:05:03.328+0000][7][safepoint   ] Safepoint "G1CollectForAllocation", Time since last: 182182492364 ns, Reaching safepoint: 45274 ns, At safepoint: 2235561 ns, Total: 2280835 ns
[2024-02-12T23:05:21.330+0000][7][safepoint   ] Safepoint "Cleanup", Time since last: 18001801329 ns, Reaching safepoint: 55550 ns, At safepoint: 5103 ns, Total: 60653 ns
[2024-02-12T23:07:30.345+0000][7][safepoint   ] Safepoint "Cleanup", Time since last: 129014497023 ns, Reaching safepoint: 162414 ns, At safepoint: 23452 ns, Total: 185866 ns
[2024-02-12T23:07:46.150+0000][7][gc,start    ] GC(440) Pause Young (Normal) (G1 Evacuation Pause)
[2024-02-12T23:07:46.150+0000][7][gc,task     ] GC(440) Using 8 workers of 8 for evacuation
[2024-02-12T23:07:46.150+0000][7][gc,age      ] GC(440) Desired survivor size 41943040 bytes, new threshold 15 (max threshold 15)
[2024-02-12T23:07:46.152+0000][7][gc,phases   ] GC(440)   Pre Evacuate Collection Set: 0.1ms
[2024-02-12T23:07:46.152+0000][7][gc,phases   ] GC(440)   Merge Heap Roots: 0.1ms
[2024-02-12T23:07:46.152+0000][7][gc,phases   ] GC(440)   Evacuate Collection Set: 1.0ms
[2024-02-12T23:07:46.152+0000][7][gc,phases   ] GC(440)   Post Evacuate Collection Set: 0.6ms
[2024-02-12T23:07:46.152+0000][7][gc,phases   ] GC(440)   Other: 0.1ms
[2024-02-12T23:07:46.152+0000][7][gc,age      ] GC(440) Age table with threshold 15 (max threshold 15)
[2024-02-12T23:07:46.152+0000][7][gc,age      ] GC(440) - age   1:    1383576 bytes,    1383576 total
[2024-02-12T23:07:46.152+0000][7][gc,age      ] GC(440) - age   2:      71456 bytes,    1455032 total
[2024-02-12T23:07:46.152+0000][7][gc,age      ] GC(440) - age   3:     153104 bytes,    1608136 total
[2024-02-12T23:07:46.152+0000][7][gc,age      ] GC(440) - age   4:      87824 bytes,    1695960 total
[2024-02-12T23:07:46.152+0000][7][gc,age      ] GC(440) - age   5:        784 bytes,    1696744 total
[2024-02-12T23:07:46.152+0000][7][gc,age      ] GC(440) - age   7:         32 bytes,    1696776 total
[2024-02-12T23:07:46.152+0000][7][gc,age      ] GC(440) - age   9:         88 bytes,    1696864 total
[2024-02-12T23:07:46.152+0000][7][gc,age      ] GC(440) - age  10:       2208 bytes,    1699072 total
[2024-02-12T23:07:46.152+0000][7][gc,age      ] GC(440) - age  11:        192 bytes,    1699264 total
[2024-02-12T23:07:46.152+0000][7][gc,age      ] GC(440) - age  13:         32 bytes,    1699296 total
[2024-02-12T23:07:46.152+0000][7][gc,age      ] GC(440) - age  14:       6360 bytes,    1705656 total
[2024-02-12T23:07:46.152+0000][7][gc,age      ] GC(440) - age  15:     102504 bytes,    1808160 total
[2024-02-12T23:07:46.152+0000][7][gc,heap     ] GC(440) Eden regions: 152->0(152)
[2024-02-12T23:07:46.152+0000][7][gc,heap     ] GC(440) Survivor regions: 1->1(20)
[2024-02-12T23:07:46.152+0000][7][gc,heap     ] GC(440) Old regions: 26->26
[2024-02-12T23:07:46.152+0000][7][gc,heap     ] GC(440) Archive regions: 2->2
[2024-02-12T23:07:46.152+0000][7][gc,heap     ] GC(440) Humongous regions: 0->0
[2024-02-12T23:07:46.152+0000][7][gc,metaspace] GC(440) Metaspace: 129755K(133440K)->129755K(133440K) NonClass: 112777K(114688K)->112777K(114688K) Class: 16977K(18752K)->16977K(18752K)
[2024-02-12T23:07:46.152+0000][7][gc          ] GC(440) Pause Young (Normal) (G1 Evacuation Pause) 713M->106M(1024M) 1.929ms
[2024-02-12T23:07:46.152+0000][7][gc,cpu      ] GC(440) User=0.01s Sys=0.00s Real=0.00s
[2024-02-12T23:07:46.152+0000][7][safepoint   ] Safepoint "G1CollectForAllocation", Time since last: 15805434291 ns, Reaching safepoint: 49996 ns, At safepoint: 1995143 ns, Total: 2045139 ns
[2024-02-12T23:10:15.288+0000][7][gc,start    ] GC(441) Pause Young (Normal) (G1 Evacuation Pause)
[2024-02-12T23:10:15.288+0000][7][gc,task     ] GC(441) Using 8 workers of 8 for evacuation
[2024-02-12T23:10:15.288+0000][7][gc,age      ] GC(441) Desired survivor size 41943040 bytes, new threshold 15 (max threshold 15)
[2024-02-12T23:10:15.290+0000][7][gc,phases   ] GC(441)   Pre Evacuate Collection Set: 0.1ms
[2024-02-12T23:10:15.290+0000][7][gc,phases   ] GC(441)   Merge Heap Roots: 0.1ms
[2024-02-12T23:10:15.290+0000][7][gc,phases   ] GC(441)   Evacuate Collection Set: 1.4ms
[2024-02-12T23:10:15.290+0000][7][gc,phases   ] GC(441)   Post Evacuate Collection Set: 0.7ms
[2024-02-12T23:10:15.290+0000][7][gc,phases   ] GC(441)   Other: 0.1ms
[2024-02-12T23:10:15.290+0000][7][gc,age      ] GC(441) Age table with threshold 15 (max threshold 15)
[2024-02-12T23:10:15.290+0000][7][gc,age      ] GC(441) - age   1:     946296 bytes,     946296 total
[2024-02-12T23:10:15.290+0000][7][gc,age      ] GC(441) - age   2:       8672 bytes,     954968 total
[2024-02-12T23:10:15.290+0000][7][gc,age      ] GC(441) - age   3:      70112 bytes,    1025080 total
[2024-02-12T23:10:15.290+0000][7][gc,age      ] GC(441) - age   4:     153040 bytes,    1178120 total
[2024-02-12T23:10:15.290+0000][7][gc,age      ] GC(441) - age   5:      87760 bytes,    1265880 total
[2024-02-12T23:10:15.290+0000][7][gc,age      ] GC(441) - age   6:        392 bytes,    1266272 total
[2024-02-12T23:10:15.291+0000][7][gc,age      ] GC(441) - age   8:         32 bytes,    1266304 total
[2024-02-12T23:10:15.291+0000][7][gc,age      ] GC(441) - age  10:         88 bytes,    1266392 total
[2024-02-12T23:10:15.291+0000][7][gc,age      ] GC(441) - age  11:       2208 bytes,    1268600 total
[2024-02-12T23:10:15.291+0000][7][gc,age      ] GC(441) - age  12:        192 bytes,    1268792 total
[2024-02-12T23:10:15.291+0000][7][gc,age      ] GC(441) - age  14:         32 bytes,    1268824 total
[2024-02-12T23:10:15.291+0000][7][gc,age      ] GC(441) - age  15:       6360 bytes,    1275184 total
[2024-02-12T23:10:15.291+0000][7][gc,heap     ] GC(441) Eden regions: 152->0(152)
[2024-02-12T23:10:15.291+0000][7][gc,heap     ] GC(441) Survivor regions: 1->1(20)
[2024-02-12T23:10:15.291+0000][7][gc,heap     ] GC(441) Old regions: 26->26
[2024-02-12T23:10:15.291+0000][7][gc,heap     ] GC(441) Archive regions: 2->2
[2024-02-12T23:10:15.291+0000][7][gc,heap     ] GC(441) Humongous regions: 0->0
[2024-02-12T23:10:15.291+0000][7][gc,metaspace] GC(441) Metaspace: 129755K(133440K)->129755K(133440K) NonClass: 112777K(114688K)->112777K(114688K) Class: 16977K(18752K)->16977K(18752K)
[2024-02-12T23:10:15.291+0000][7][gc          ] GC(441) Pause Young (Normal) (G1 Evacuation Pause) 714M->106M(1024M) 2.829ms
[2024-02-12T23:10:15.291+0000][7][gc,cpu      ] GC(441) User=0.01s Sys=0.00s Real=0.01s
[2024-02-12T23:10:15.291+0000][7][safepoint   ] Safepoint "G1CollectForAllocation", Time since last: 149135399047 ns, Reaching safepoint: 56832 ns, At safepoint: 2929423 ns, Total: 2986255 ns
[2024-02-12T23:13:06.320+0000][7][gc,start    ] GC(442) Pause Young (Normal) (G1 Evacuation Pause)
[2024-02-12T23:13:06.320+0000][7][gc,task     ] GC(442) Using 8 workers of 8 for evacuation
[2024-02-12T23:13:06.320+0000][7][gc,age      ] GC(442) Desired survivor size 41943040 bytes, new threshold 15 (max threshold 15)
[2024-02-12T23:13:06.322+0000][7][gc,phases   ] GC(442)   Pre Evacuate Collection Set: 0.1ms
[2024-02-12T23:13:06.322+0000][7][gc,phases   ] GC(442)   Merge Heap Roots: 0.1ms
[2024-02-12T23:13:06.322+0000][7][gc,phases   ] GC(442)   Evacuate Collection Set: 1.0ms
[2024-02-12T23:13:06.322+0000][7][gc,phases   ] GC(442)   Post Evacuate Collection Set: 0.7ms
[2024-02-12T23:13:06.322+0000][7][gc,phases   ] GC(442)   Other: 0.1ms
[2024-02-12T23:13:06.322+0000][7][gc,age      ] GC(442) Age table with threshold 15 (max threshold 15)
[2024-02-12T23:13:06.322+0000][7][gc,age      ] GC(442) - age   1:     735224 bytes,     735224 total
[2024-02-12T23:13:06.322+0000][7][gc,age      ] GC(442) - age   2:       2736 bytes,     737960 total
[2024-02-12T23:13:06.322+0000][7][gc,age      ] GC(442) - age   3:       5432 bytes,     743392 total
[2024-02-12T23:13:06.322+0000][7][gc,age      ] GC(442) - age   4:      69944 bytes,     813336 total
[2024-02-12T23:13:06.322+0000][7][gc,age      ] GC(442) - age   5:     152792 bytes,     966128 total
[2024-02-12T23:13:06.322+0000][7][gc,age      ] GC(442) - age   6:      87760 bytes,    1053888 total
[2024-02-12T23:13:06.322+0000][7][gc,age      ] GC(442) - age   7:        392 bytes,    1054280 total
[2024-02-12T23:13:06.322+0000][7][gc,age      ] GC(442) - age   9:         32 bytes,    1054312 total
[2024-02-12T23:13:06.322+0000][7][gc,age      ] GC(442) - age  11:         88 bytes,    1054400 total
[2024-02-12T23:13:06.322+0000][7][gc,age      ] GC(442) - age  12:       2208 bytes,    1056608 total
[2024-02-12T23:13:06.322+0000][7][gc,age      ] GC(442) - age  13:        192 bytes,    1056800 total
[2024-02-12T23:13:06.322+0000][7][gc,age      ] GC(442) - age  15:         32 bytes,    1056832 total
[2024-02-12T23:13:06.322+0000][7][gc,heap     ] GC(442) Eden regions: 152->0(152)
[2024-02-12T23:13:06.322+0000][7][gc,heap     ] GC(442) Survivor regions: 1->1(20)
[2024-02-12T23:13:06.322+0000][7][gc,heap     ] GC(442) Old regions: 26->26
[2024-02-12T23:13:06.322+0000][7][gc,heap     ] GC(442) Archive regions: 2->2
[2024-02-12T23:13:06.322+0000][7][gc,heap     ] GC(442) Humongous regions: 0->0
[2024-02-12T23:13:06.322+0000][7][gc,metaspace] GC(442) Metaspace: 129755K(133440K)->129755K(133440K) NonClass: 112777K(114688K)->112777K(114688K) Class: 16977K(18752K)->16977K(18752K)
[2024-02-12T23:13:06.322+0000][7][gc          ] GC(442) Pause Young (Normal) (G1 Evacuation Pause) 714M->106M(1024M) 2.267ms
[2024-02-12T23:13:06.322+0000][7][gc,cpu      ] GC(442) User=0.02s Sys=0.00s Real=0.00s
[2024-02-12T23:13:06.322+0000][7][safepoint   ] Safepoint "G1CollectForAllocation", Time since last: 171029055542 ns, Reaching safepoint: 59108 ns, At safepoint: 2349425 ns, Total: 2408533 ns
[2024-02-12T23:13:50.327+0000][7][safepoint   ] Safepoint "Cleanup", Time since last: 44004997334 ns, Reaching safepoint: 56904 ns, At safepoint: 8006 ns, Total: 64910 ns
[2024-02-12T23:14:43.333+0000][7][safepoint   ] Safepoint "Cleanup", Time since last: 53006115174 ns, Reaching safepoint: 74831 ns, At safepoint: 7538 ns, Total: 82369 ns
[2024-02-12T23:15:21.338+0000][7][safepoint   ] Safepoint "Cleanup", Time since last: 38004922709 ns, Reaching safepoint: 56959 ns, At safepoint: 26518 ns, Total: 83477 ns
[2024-02-12T23:16:03.327+0000][7][gc,start    ] GC(443) Pause Young (Normal) (G1 Evacuation Pause)
[2024-02-12T23:16:03.327+0000][7][gc,task     ] GC(443) Using 8 workers of 8 for evacuation
[2024-02-12T23:16:03.327+0000][7][gc,age      ] GC(443) Desired survivor size 41943040 bytes, new threshold 15 (max threshold 15)
[2024-02-12T23:16:03.329+0000][7][gc,phases   ] GC(443)   Pre Evacuate Collection Set: 0.1ms
[2024-02-12T23:16:03.329+0000][7][gc,phases   ] GC(443)   Merge Heap Roots: 0.1ms
[2024-02-12T23:16:03.329+0000][7][gc,phases   ] GC(443)   Evacuate Collection Set: 1.1ms
[2024-02-12T23:16:03.329+0000][7][gc,phases   ] GC(443)   Post Evacuate Collection Set: 0.6ms
[2024-02-12T23:16:03.329+0000][7][gc,phases   ] GC(443)   Other: 0.1ms
[2024-02-12T23:16:03.329+0000][7][gc,age      ] GC(443) Age table with threshold 15 (max threshold 15)
[2024-02-12T23:16:03.329+0000][7][gc,age      ] GC(443) - age   1:    1349496 bytes,    1349496 total
[2024-02-12T23:16:03.329+0000][7][gc,age      ] GC(443) - age   2:      11304 bytes,    1360800 total
[2024-02-12T23:16:03.329+0000][7][gc,age      ] GC(443) - age   3:        784 bytes,    1361584 total
[2024-02-12T23:16:03.329+0000][7][gc,age      ] GC(443) - age   4:       1504 bytes,    1363088 total
[2024-02-12T23:16:03.329+0000][7][gc,age      ] GC(443) - age   5:      64472 bytes,    1427560 total
[2024-02-12T23:16:03.329+0000][7][gc,age      ] GC(443) - age   6:     152792 bytes,    1580352 total
[2024-02-12T23:16:03.329+0000][7][gc,age      ] GC(443) - age   7:      87760 bytes,    1668112 total
[2024-02-12T23:16:03.329+0000][7][gc,age      ] GC(443) - age   8:        208 bytes,    1668320 total
[2024-02-12T23:16:03.329+0000][7][gc,age      ] GC(443) - age  10:         32 bytes,    1668352 total
[2024-02-12T23:16:03.329+0000][7][gc,age      ] GC(443) - age  13:       2088 bytes,    1670440 total
[2024-02-12T23:16:03.329+0000][7][gc,age      ] GC(443) - age  14:        192 bytes,    1670632 total
[2024-02-12T23:16:03.329+0000][7][gc,heap     ] GC(443) Eden regions: 152->0(152)
[2024-02-12T23:16:03.329+0000][7][gc,heap     ] GC(443) Survivor regions: 1->1(20)
[2024-02-12T23:16:03.329+0000][7][gc,heap     ] GC(443) Old regions: 26->26
[2024-02-12T23:16:03.329+0000][7][gc,heap     ] GC(443) Archive regions: 2->2
[2024-02-12T23:16:03.329+0000][7][gc,heap     ] GC(443) Humongous regions: 0->0
[2024-02-12T23:16:03.329+0000][7][gc,metaspace] GC(443) Metaspace: 129761K(133440K)->129761K(133440K) NonClass: 112784K(114688K)->112784K(114688K) Class: 16977K(18752K)->16977K(18752K)
[2024-02-12T23:16:03.329+0000][7][gc          ] GC(443) Pause Young (Normal) (G1 Evacuation Pause) 714M->106M(1024M) 2.029ms
[2024-02-12T23:16:03.329+0000][7][gc,cpu      ] GC(443) User=0.01s Sys=0.00s Real=0.01s
[2024-02-12T23:16:03.329+0000][7][safepoint   ] Safepoint "G1CollectForAllocation", Time since last: 41988904279 ns, Reaching safepoint: 30279 ns, At safepoint: 2098966 ns, Total: 2129245 ns
[2024-02-12T23:18:57.356+0000][7][gc,start    ] GC(444) Pause Young (Normal) (G1 Evacuation Pause)
[2024-02-12T23:18:57.356+0000][7][gc,task     ] GC(444) Using 8 workers of 8 for evacuation
[2024-02-12T23:18:57.356+0000][7][gc,age      ] GC(444) Desired survivor size 41943040 bytes, new threshold 15 (max threshold 15)
[2024-02-12T23:18:57.359+0000][7][gc,phases   ] GC(444)   Pre Evacuate Collection Set: 0.1ms
[2024-02-12T23:18:57.359+0000][7][gc,phases   ] GC(444)   Merge Heap Roots: 0.1ms
[2024-02-12T23:18:57.359+0000][7][gc,phases   ] GC(444)   Evacuate Collection Set: 1.2ms
[2024-02-12T23:18:57.359+0000][7][gc,phases   ] GC(444)   Post Evacuate Collection Set: 0.7ms
[2024-02-12T23:18:57.359+0000][7][gc,phases   ] GC(444)   Other: 0.1ms
[2024-02-12T23:18:57.359+0000][7][gc,age      ] GC(444) Age table with threshold 15 (max threshold 15)
[2024-02-12T23:18:57.359+0000][7][gc,age      ] GC(444) - age   1:    1069736 bytes,    1069736 total
[2024-02-12T23:18:57.359+0000][7][gc,age      ] GC(444) - age   2:     149192 bytes,    1218928 total
[2024-02-12T23:18:57.359+0000][7][gc,age      ] GC(444) - age   3:       6784 bytes,    1225712 total
[2024-02-12T23:18:57.359+0000][7][gc,age      ] GC(444) - age   4:        656 bytes,    1226368 total
[2024-02-12T23:18:57.359+0000][7][gc,age      ] GC(444) - age   5:        528 bytes,    1226896 total
[2024-02-12T23:18:57.359+0000][7][gc,age      ] GC(444) - age   6:      64472 bytes,    1291368 total
[2024-02-12T23:18:57.359+0000][7][gc,age      ] GC(444) - age   7:     152792 bytes,    1444160 total
[2024-02-12T23:18:57.359+0000][7][gc,age      ] GC(444) - age   8:      87760 bytes,    1531920 total
[2024-02-12T23:18:57.359+0000][7][gc,age      ] GC(444) - age   9:        208 bytes,    1532128 total
[2024-02-12T23:18:57.359+0000][7][gc,age      ] GC(444) - age  14:       2088 bytes,    1534216 total
[2024-02-12T23:18:57.359+0000][7][gc,age      ] GC(444) - age  15:        192 bytes,    1534408 total
[2024-02-12T23:18:57.359+0000][7][gc,heap     ] GC(444) Eden regions: 152->0(152)
[2024-02-12T23:18:57.359+0000][7][gc,heap     ] GC(444) Survivor regions: 1->1(20)
[2024-02-12T23:18:57.359+0000][7][gc,heap     ] GC(444) Old regions: 26->26
[2024-02-12T23:18:57.359+0000][7][gc,heap     ] GC(444) Archive regions: 2->2
[2024-02-12T23:18:57.359+0000][7][gc,heap     ] GC(444) Humongous regions: 0->0
[2024-02-12T23:18:57.359+0000][7][gc,metaspace] GC(444) Metaspace: 129761K(133440K)->129761K(133440K) NonClass: 112784K(114688K)->112784K(114688K) Class: 16977K(18752K)->16977K(18752K)
[2024-02-12T23:18:57.359+0000][7][gc          ] GC(444) Pause Young (Normal) (G1 Evacuation Pause) 714M->106M(1024M) 2.410ms
[2024-02-12T23:18:57.359+0000][7][gc,cpu      ] GC(444) User=0.01s Sys=0.00s Real=0.01s
[2024-02-12T23:18:57.359+0000][7][safepoint   ] Safepoint "G1CollectForAllocation", Time since last: 174026778224 ns, Reaching safepoint: 37926 ns, At safepoint: 2492623 ns, Total: 2530549 ns
[2024-02-12T23:21:42.512+0000][7][gc,start    ] GC(445) Pause Young (Normal) (G1 Evacuation Pause)
[2024-02-12T23:21:42.512+0000][7][gc,task     ] GC(445) Using 8 workers of 8 for evacuation
[2024-02-12T23:21:42.512+0000][7][gc,age      ] GC(445) Desired survivor size 41943040 bytes, new threshold 15 (max threshold 15)
[2024-02-12T23:21:42.514+0000][7][gc,phases   ] GC(445)   Pre Evacuate Collection Set: 0.1ms
[2024-02-12T23:21:42.514+0000][7][gc,phases   ] GC(445)   Merge Heap Roots: 0.1ms
[2024-02-12T23:21:42.514+0000][7][gc,phases   ] GC(445)   Evacuate Collection Set: 1.1ms
[2024-02-12T23:21:42.514+0000][7][gc,phases   ] GC(445)   Post Evacuate Collection Set: 0.8ms
[2024-02-12T23:21:42.514+0000][7][gc,phases   ] GC(445)   Other: 0.1ms
[2024-02-12T23:21:42.514+0000][7][gc,age      ] GC(445) Age table with threshold 15 (max threshold 15)
[2024-02-12T23:21:42.514+0000][7][gc,age      ] GC(445) - age   1:     689136 bytes,     689136 total
[2024-02-12T23:21:42.514+0000][7][gc,age      ] GC(445) - age   2:       3760 bytes,     692896 total
[2024-02-12T23:21:42.514+0000][7][gc,age      ] GC(445) - age   3:     146440 bytes,     839336 total
[2024-02-12T23:21:42.514+0000][7][gc,age      ] GC(445) - age   4:       6360 bytes,     845696 total
[2024-02-12T23:21:42.514+0000][7][gc,age      ] GC(445) - age   5:        592 bytes,     846288 total
[2024-02-12T23:21:42.514+0000][7][gc,age      ] GC(445) - age   6:        528 bytes,     846816 total
[2024-02-12T23:21:42.514+0000][7][gc,age      ] GC(445) - age   7:      64472 bytes,     911288 total
[2024-02-12T23:21:42.514+0000][7][gc,age      ] GC(445) - age   8:     152792 bytes,    1064080 total
[2024-02-12T23:21:42.514+0000][7][gc,age      ] GC(445) - age   9:      87760 bytes,    1151840 total
[2024-02-12T23:21:42.514+0000][7][gc,age      ] GC(445) - age  10:        208 bytes,    1152048 total
[2024-02-12T23:21:42.514+0000][7][gc,age      ] GC(445) - age  15:       2088 bytes,    1154136 total
[2024-02-12T23:21:42.514+0000][7][gc,heap     ] GC(445) Eden regions: 152->0(152)
[2024-02-12T23:21:42.514+0000][7][gc,heap     ] GC(445) Survivor regions: 1->1(20)
[2024-02-12T23:21:42.514+0000][7][gc,heap     ] GC(445) Old regions: 26->26
[2024-02-12T23:21:42.514+0000][7][gc,heap     ] GC(445) Archive regions: 2->2
[2024-02-12T23:21:42.514+0000][7][gc,heap     ] GC(445) Humongous regions: 0->0
[2024-02-12T23:21:42.514+0000][7][gc,metaspace] GC(445) Metaspace: 129761K(133440K)->129761K(133440K) NonClass: 112784K(114688K)->112784K(114688K) Class: 16977K(18752K)->16977K(18752K)
[2024-02-12T23:21:42.514+0000][7][gc          ] GC(445) Pause Young (Normal) (G1 Evacuation Pause) 714M->106M(1024M) 2.573ms
[2024-02-12T23:21:42.514+0000][7][gc,cpu      ] GC(445) User=0.01s Sys=0.00s Real=0.00s
[2024-02-12T23:21:42.514+0000][7][safepoint   ] Safepoint "G1CollectForAllocation", Time since last: 165152902064 ns, Reaching safepoint: 68409 ns, At safepoint: 2677374 ns, Total: 2745783 ns
[2024-02-12T23:24:42.694+0000][7][gc,start    ] GC(446) Pause Young (Normal) (G1 Evacuation Pause)
[2024-02-12T23:24:42.694+0000][7][gc,task     ] GC(446) Using 8 workers of 8 for evacuation
[2024-02-12T23:24:42.694+0000][7][gc,age      ] GC(446) Desired survivor size 41943040 bytes, new threshold 15 (max threshold 15)
[2024-02-12T23:24:42.696+0000][7][gc,phases   ] GC(446)   Pre Evacuate Collection Set: 0.1ms
[2024-02-12T23:24:42.696+0000][7][gc,phases   ] GC(446)   Merge Heap Roots: 0.1ms
[2024-02-12T23:24:42.696+0000][7][gc,phases   ] GC(446)   Evacuate Collection Set: 1.4ms
[2024-02-12T23:24:42.696+0000][7][gc,phases   ] GC(446)   Post Evacuate Collection Set: 0.6ms
[2024-02-12T23:24:42.696+0000][7][gc,phases   ] GC(446)   Other: 0.1ms
[2024-02-12T23:24:42.696+0000][7][gc,age      ] GC(446) Age table with threshold 15 (max threshold 15)
[2024-02-12T23:24:42.696+0000][7][gc,age      ] GC(446) - age   1:    1686552 bytes,    1686552 total
[2024-02-12T23:24:42.696+0000][7][gc,age      ] GC(446) - age   2:       3648 bytes,    1690200 total
[2024-02-12T23:24:42.696+0000][7][gc,age      ] GC(446) - age   3:       1336 bytes,    1691536 total
[2024-02-12T23:24:42.696+0000][7][gc,age      ] GC(446) - age   4:     146056 bytes,    1837592 total
[2024-02-12T23:24:42.696+0000][7][gc,age      ] GC(446) - age   5:       6360 bytes,    1843952 total
[2024-02-12T23:24:42.696+0000][7][gc,age      ] GC(446) - age   6:        592 bytes,    1844544 total
[2024-02-12T23:24:42.696+0000][7][gc,age      ] GC(446) - age   7:        400 bytes,    1844944 total
[2024-02-12T23:24:42.696+0000][7][gc,age      ] GC(446) - age   8:      64088 bytes,    1909032 total
[2024-02-12T23:24:42.696+0000][7][gc,age      ] GC(446) - age   9:     152792 bytes,    2061824 total
[2024-02-12T23:24:42.696+0000][7][gc,age      ] GC(446) - age  10:      87760 bytes,    2149584 total
[2024-02-12T23:24:42.696+0000][7][gc,age      ] GC(446) - age  11:        208 bytes,    2149792 total
[2024-02-12T23:24:42.696+0000][7][gc,heap     ] GC(446) Eden regions: 152->0(152)
[2024-02-12T23:24:42.696+0000][7][gc,heap     ] GC(446) Survivor regions: 1->1(20)
[2024-02-12T23:24:42.696+0000][7][gc,heap     ] GC(446) Old regions: 26->26
[2024-02-12T23:24:42.696+0000][7][gc,heap     ] GC(446) Archive regions: 2->2
[2024-02-12T23:24:42.696+0000][7][gc,heap     ] GC(446) Humongous regions: 0->0
[2024-02-12T23:24:42.696+0000][7][gc,metaspace] GC(446) Metaspace: 129761K(133440K)->129761K(133440K) NonClass: 112784K(114688K)->112784K(114688K) Class: 16977K(18752K)->16977K(18752K)
[2024-02-12T23:24:42.696+0000][7][gc          ] GC(446) Pause Young (Normal) (G1 Evacuation Pause) 714M->107M(1024M) 2.485ms
[2024-02-12T23:24:42.697+0000][7][gc,cpu      ] GC(446) User=0.01s Sys=0.00s Real=0.00s
[2024-02-12T23:24:42.697+0000][7][safepoint   ] Safepoint "G1CollectForAllocation", Time since last: 180179517469 ns, Reaching safepoint: 48224 ns, At safepoint: 2562181 ns, Total: 2610405 ns
[2024-02-12T23:27:42.430+0000][7][gc,start    ] GC(447) Pause Young (Normal) (G1 Evacuation Pause)
[2024-02-12T23:27:42.430+0000][7][gc,task     ] GC(447) Using 8 workers of 8 for evacuation
[2024-02-12T23:27:42.430+0000][7][gc,age      ] GC(447) Desired survivor size 41943040 bytes, new threshold 15 (max threshold 15)
[2024-02-12T23:27:42.432+0000][7][gc,phases   ] GC(447)   Pre Evacuate Collection Set: 0.1ms
[2024-02-12T23:27:42.432+0000][7][gc,phases   ] GC(447)   Merge Heap Roots: 0.0ms
[2024-02-12T23:27:42.432+0000][7][gc,phases   ] GC(447)   Evacuate Collection Set: 0.9ms
[2024-02-12T23:27:42.432+0000][7][gc,phases   ] GC(447)   Post Evacuate Collection Set: 0.5ms
[2024-02-12T23:27:42.432+0000][7][gc,phases   ] GC(447)   Other: 0.1ms
[2024-02-12T23:27:42.432+0000][7][gc,age      ] GC(447) Age table with threshold 15 (max threshold 15)
[2024-02-12T23:27:42.432+0000][7][gc,age      ] GC(447) - age   1:     866936 bytes,     866936 total
[2024-02-12T23:27:42.432+0000][7][gc,age      ] GC(447) - age   2:       4552 bytes,     871488 total
[2024-02-12T23:27:42.432+0000][7][gc,age      ] GC(447) - age   3:       1400 bytes,     872888 total
[2024-02-12T23:27:42.432+0000][7][gc,age      ] GC(447) - age   4:        432 bytes,     873320 total
[2024-02-12T23:27:42.432+0000][7][gc,age      ] GC(447) - age   5:     142536 bytes,    1015856 total
[2024-02-12T23:27:42.432+0000][7][gc,age      ] GC(447) - age   6:       6360 bytes,    1022216 total
[2024-02-12T23:27:42.432+0000][7][gc,age      ] GC(447) - age   7:        200 bytes,    1022416 total
[2024-02-12T23:27:42.432+0000][7][gc,age      ] GC(447) - age   8:        184 bytes,    1022600 total
[2024-02-12T23:27:42.432+0000][7][gc,age      ] GC(447) - age   9:      64088 bytes,    1086688 total
[2024-02-12T23:27:42.432+0000][7][gc,age      ] GC(447) - age  10:     152792 bytes,    1239480 total
[2024-02-12T23:27:42.432+0000][7][gc,age      ] GC(447) - age  11:      87760 bytes,    1327240 total
[2024-02-12T23:27:42.432+0000][7][gc,age      ] GC(447) - age  12:        208 bytes,    1327448 total
[2024-02-12T23:27:42.432+0000][7][gc,heap     ] GC(447) Eden regions: 152->0(152)
[2024-02-12T23:27:42.432+0000][7][gc,heap     ] GC(447) Survivor regions: 1->1(20)
[2024-02-12T23:27:42.432+0000][7][gc,heap     ] GC(447) Old regions: 26->26
[2024-02-12T23:27:42.432+0000][7][gc,heap     ] GC(447) Archive regions: 2->2
[2024-02-12T23:27:42.432+0000][7][gc,heap     ] GC(447) Humongous regions: 0->0
[2024-02-12T23:27:42.432+0000][7][gc,metaspace] GC(447) Metaspace: 129761K(133440K)->129761K(133440K) NonClass: 112784K(114688K)->112784K(114688K) Class: 16977K(18752K)->16977K(18752K)
[2024-02-12T23:27:42.432+0000][7][gc          ] GC(447) Pause Young (Normal) (G1 Evacuation Pause) 715M->106M(1024M) 1.830ms
[2024-02-12T23:27:42.432+0000][7][gc,cpu      ] GC(447) User=0.01s Sys=0.01s Real=0.00s
[2024-02-12T23:27:42.432+0000][7][safepoint   ] Safepoint "G1CollectForAllocation", Time since last: 179733776306 ns, Reaching safepoint: 35016 ns, At safepoint: 1897631 ns, Total: 1932647 ns
[2024-02-12T23:30:37.676+0000][7][gc,start    ] GC(448) Pause Young (Normal) (G1 Evacuation Pause)
[2024-02-12T23:30:37.676+0000][7][gc,task     ] GC(448) Using 8 workers of 8 for evacuation
[2024-02-12T23:30:37.676+0000][7][gc,age      ] GC(448) Desired survivor size 41943040 bytes, new threshold 15 (max threshold 15)
[2024-02-12T23:30:37.677+0000][7][gc,phases   ] GC(448)   Pre Evacuate Collection Set: 0.1ms
[2024-02-12T23:30:37.678+0000][7][gc,phases   ] GC(448)   Merge Heap Roots: 0.1ms
[2024-02-12T23:30:37.678+0000][7][gc,phases   ] GC(448)   Evacuate Collection Set: 1.0ms
[2024-02-12T23:30:37.678+0000][7][gc,phases   ] GC(448)   Post Evacuate Collection Set: 0.6ms
[2024-02-12T23:30:37.678+0000][7][gc,phases   ] GC(448)   Other: 0.1ms
[2024-02-12T23:30:37.678+0000][7][gc,age      ] GC(448) Age table with threshold 15 (max threshold 15)
[2024-02-12T23:30:37.678+0000][7][gc,age      ] GC(448) - age   1:    1572632 bytes,    1572632 total
[2024-02-12T23:30:37.678+0000][7][gc,age      ] GC(448) - age   2:       7536 bytes,    1580168 total
[2024-02-12T23:30:37.678+0000][7][gc,age      ] GC(448) - age   3:        808 bytes,    1580976 total
[2024-02-12T23:30:37.678+0000][7][gc,age      ] GC(448) - age   4:        376 bytes,    1581352 total
[2024-02-12T23:30:37.678+0000][7][gc,age      ] GC(448) - age   5:        344 bytes,    1581696 total
[2024-02-12T23:30:37.678+0000][7][gc,age      ] GC(448) - age   6:     142472 bytes,    1724168 total
[2024-02-12T23:30:37.678+0000][7][gc,age      ] GC(448) - age   7:       6360 bytes,    1730528 total
[2024-02-12T23:30:37.678+0000][7][gc,age      ] GC(448) - age   8:         16 bytes,    1730544 total
[2024-02-12T23:30:37.678+0000][7][gc,age      ] GC(448) - age   9:        184 bytes,    1730728 total
[2024-02-12T23:30:37.678+0000][7][gc,age      ] GC(448) - age  10:      64088 bytes,    1794816 total
[2024-02-12T23:30:37.678+0000][7][gc,age      ] GC(448) - age  11:     152792 bytes,    1947608 total
[2024-02-12T23:30:37.678+0000][7][gc,age      ] GC(448) - age  12:      87760 bytes,    2035368 total
[2024-02-12T23:30:37.678+0000][7][gc,age      ] GC(448) - age  13:        208 bytes,    2035576 total
[2024-02-12T23:30:37.678+0000][7][gc,heap     ] GC(448) Eden regions: 152->0(152)
[2024-02-12T23:30:37.678+0000][7][gc,heap     ] GC(448) Survivor regions: 1->1(20)
[2024-02-12T23:30:37.678+0000][7][gc,heap     ] GC(448) Old regions: 26->26
[2024-02-12T23:30:37.678+0000][7][gc,heap     ] GC(448) Archive regions: 2->2
[2024-02-12T23:30:37.678+0000][7][gc,heap     ] GC(448) Humongous regions: 0->0
[2024-02-12T23:30:37.678+0000][7][gc,metaspace] GC(448) Metaspace: 129761K(133440K)->129761K(133440K) NonClass: 112784K(114688K)->112784K(114688K) Class: 16977K(18752K)->16977K(18752K)
[2024-02-12T23:30:37.678+0000][7][gc          ] GC(448) Pause Young (Normal) (G1 Evacuation Pause) 714M->106M(1024M) 2.008ms
[2024-02-12T23:30:37.678+0000][7][gc,cpu      ] GC(448) User=0.01s Sys=0.00s Real=0.01s
[2024-02-12T23:30:37.678+0000][7][safepoint   ] Safepoint "G1CollectForAllocation", Time since last: 175243297724 ns, Reaching safepoint: 44578 ns, At safepoint: 2088447 ns, Total: 2133025 ns
[2024-02-12T23:33:47.401+0000][7][gc,start    ] GC(449) Pause Young (Normal) (G1 Evacuation Pause)
[2024-02-12T23:33:47.401+0000][7][gc,task     ] GC(449) Using 8 workers of 8 for evacuation
[2024-02-12T23:33:47.401+0000][7][gc,age      ] GC(449) Desired survivor size 41943040 bytes, new threshold 15 (max threshold 15)
[2024-02-12T23:33:47.403+0000][7][gc,phases   ] GC(449)   Pre Evacuate Collection Set: 0.1ms
[2024-02-12T23:33:47.404+0000][7][gc,phases   ] GC(449)   Merge Heap Roots: 0.1ms
[2024-02-12T23:33:47.404+0000][7][gc,phases   ] GC(449)   Evacuate Collection Set: 1.3ms
[2024-02-12T23:33:47.404+0000][7][gc,phases   ] GC(449)   Post Evacuate Collection Set: 0.7ms
[2024-02-12T23:33:47.404+0000][7][gc,phases   ] GC(449)   Other: 0.1ms
[2024-02-12T23:33:47.404+0000][7][gc,age      ] GC(449) Age table with threshold 15 (max threshold 15)
[2024-02-12T23:33:47.404+0000][7][gc,age      ] GC(449) - age   1:     857552 bytes,     857552 total
[2024-02-12T23:33:47.404+0000][7][gc,age      ] GC(449) - age   2:       3472 bytes,     861024 total
[2024-02-12T23:33:47.404+0000][7][gc,age      ] GC(449) - age   3:       5008 bytes,     866032 total
[2024-02-12T23:33:47.404+0000][7][gc,age      ] GC(449) - age   4:        384 bytes,     866416 total
[2024-02-12T23:33:47.404+0000][7][gc,age      ] GC(449) - age   5:        184 bytes,     866600 total
[2024-02-12T23:33:47.404+0000][7][gc,age      ] GC(449) - age   6:        280 bytes,     866880 total
[2024-02-12T23:33:47.404+0000][7][gc,age      ] GC(449) - age   7:     142472 bytes,    1009352 total
[2024-02-12T23:33:47.404+0000][7][gc,age      ] GC(449) - age   8:       6360 bytes,    1015712 total
[2024-02-12T23:33:47.404+0000][7][gc,age      ] GC(449) - age   9:         16 bytes,    1015728 total
[2024-02-12T23:33:47.404+0000][7][gc,age      ] GC(449) - age  10:        184 bytes,    1015912 total
[2024-02-12T23:33:47.404+0000][7][gc,age      ] GC(449) - age  11:      64088 bytes,    1080000 total
[2024-02-12T23:33:47.404+0000][7][gc,age      ] GC(449) - age  12:     152792 bytes,    1232792 total
[2024-02-12T23:33:47.404+0000][7][gc,age      ] GC(449) - age  13:      87760 bytes,    1320552 total
[2024-02-12T23:33:47.404+0000][7][gc,age      ] GC(449) - age  14:        208 bytes,    1320760 total
[2024-02-12T23:33:47.404+0000][7][gc,heap     ] GC(449) Eden regions: 152->0(152)
[2024-02-12T23:33:47.404+0000][7][gc,heap     ] GC(449) Survivor regions: 1->1(20)
[2024-02-12T23:33:47.404+0000][7][gc,heap     ] GC(449) Old regions: 26->26
[2024-02-12T23:33:47.404+0000][7][gc,heap     ] GC(449) Archive regions: 2->2
[2024-02-12T23:33:47.404+0000][7][gc,heap     ] GC(449) Humongous regions: 0->0
[2024-02-12T23:33:47.404+0000][7][gc,metaspace] GC(449) Metaspace: 129761K(133440K)->129761K(133440K) NonClass: 112784K(114688K)->112784K(114688K) Class: 16977K(18752K)->16977K(18752K)
[2024-02-12T23:33:47.404+0000][7][gc          ] GC(449) Pause Young (Normal) (G1 Evacuation Pause) 714M->106M(1024M) 2.627ms
[2024-02-12T23:33:47.404+0000][7][gc,cpu      ] GC(449) User=0.01s Sys=0.00s Real=0.00s
[2024-02-12T23:33:47.404+0000][7][safepoint   ] Safepoint "G1CollectForAllocation", Time since last: 189723314129 ns, Reaching safepoint: 52989 ns, At safepoint: 2720452 ns, Total: 2773441 ns
[2024-02-12T23:36:48.422+0000][7][gc,start    ] GC(450) Pause Young (Normal) (G1 Evacuation Pause)
[2024-02-12T23:36:48.422+0000][7][gc,task     ] GC(450) Using 8 workers of 8 for evacuation
[2024-02-12T23:36:48.422+0000][7][gc,age      ] GC(450) Desired survivor size 41943040 bytes, new threshold 15 (max threshold 15)
[2024-02-12T23:36:48.424+0000][7][gc,phases   ] GC(450)   Pre Evacuate Collection Set: 0.1ms
[2024-02-12T23:36:48.424+0000][7][gc,phases   ] GC(450)   Merge Heap Roots: 0.1ms
[2024-02-12T23:36:48.424+0000][7][gc,phases   ] GC(450)   Evacuate Collection Set: 1.6ms
[2024-02-12T23:36:48.424+0000][7][gc,phases   ] GC(450)   Post Evacuate Collection Set: 0.7ms
[2024-02-12T23:36:48.424+0000][7][gc,phases   ] GC(450)   Other: 0.1ms
[2024-02-12T23:36:48.424+0000][7][gc,age      ] GC(450) Age table with threshold 15 (max threshold 15)
[2024-02-12T23:36:48.424+0000][7][gc,age      ] GC(450) - age   1:    1719264 bytes,    1719264 total
[2024-02-12T23:36:48.424+0000][7][gc,age      ] GC(450) - age   2:       3800 bytes,    1723064 total
[2024-02-12T23:36:48.424+0000][7][gc,age      ] GC(450) - age   3:        944 bytes,    1724008 total
[2024-02-12T23:36:48.424+0000][7][gc,age      ] GC(450) - age   4:       1360 bytes,    1725368 total
[2024-02-12T23:36:48.424+0000][7][gc,age      ] GC(450) - age   5:        384 bytes,    1725752 total
[2024-02-12T23:36:48.424+0000][7][gc,age      ] GC(450) - age   7:        280 bytes,    1726032 total
[2024-02-12T23:36:48.424+0000][7][gc,age      ] GC(450) - age   8:     142472 bytes,    1868504 total
[2024-02-12T23:36:48.424+0000][7][gc,age      ] GC(450) - age   9:       6360 bytes,    1874864 total
[2024-02-12T23:36:48.424+0000][7][gc,age      ] GC(450) - age  10:         16 bytes,    1874880 total
[2024-02-12T23:36:48.424+0000][7][gc,age      ] GC(450) - age  11:        184 bytes,    1875064 total
[2024-02-12T23:36:48.424+0000][7][gc,age      ] GC(450) - age  12:      64088 bytes,    1939152 total
[2024-02-12T23:36:48.424+0000][7][gc,age      ] GC(450) - age  13:     152792 bytes,    2091944 total
[2024-02-12T23:36:48.424+0000][7][gc,age      ] GC(450) - age  14:      87760 bytes,    2179704 total
[2024-02-12T23:36:48.424+0000][7][gc,age      ] GC(450) - age  15:        208 bytes,    2179912 total
[2024-02-12T23:36:48.424+0000][7][gc,heap     ] GC(450) Eden regions: 152->0(152)
[2024-02-12T23:36:48.424+0000][7][gc,heap     ] GC(450) Survivor regions: 1->1(20)
[2024-02-12T23:36:48.424+0000][7][gc,heap     ] GC(450) Old regions: 26->26
[2024-02-12T23:36:48.424+0000][7][gc,heap     ] GC(450) Archive regions: 2->2
[2024-02-12T23:36:48.424+0000][7][gc,heap     ] GC(450) Humongous regions: 0->0
[2024-02-12T23:36:48.424+0000][7][gc,metaspace] GC(450) Metaspace: 129761K(133440K)->129761K(133440K) NonClass: 112784K(114688K)->112784K(114688K) Class: 16977K(18752K)->16977K(18752K)
[2024-02-12T23:36:48.424+0000][7][gc          ] GC(450) Pause Young (Normal) (G1 Evacuation Pause) 714M->107M(1024M) 2.817ms
[2024-02-12T23:36:48.425+0000][7][gc,cpu      ] GC(450) User=0.01s Sys=0.00s Real=0.00s
[2024-02-12T23:36:48.425+0000][7][safepoint   ] Safepoint "G1CollectForAllocation", Time since last: 181017811792 ns, Reaching safepoint: 59756 ns, At safepoint: 2907454 ns, Total: 2967210 ns
[2024-02-12T23:39:48.380+0000][7][gc,start    ] GC(451) Pause Young (Normal) (G1 Evacuation Pause)
[2024-02-12T23:39:48.380+0000][7][gc,task     ] GC(451) Using 8 workers of 8 for evacuation
[2024-02-12T23:39:48.380+0000][7][gc,age      ] GC(451) Desired survivor size 41943040 bytes, new threshold 15 (max threshold 15)
[2024-02-12T23:39:48.382+0000][7][gc,phases   ] GC(451)   Pre Evacuate Collection Set: 0.1ms
[2024-02-12T23:39:48.382+0000][7][gc,phases   ] GC(451)   Merge Heap Roots: 0.1ms
[2024-02-12T23:39:48.382+0000][7][gc,phases   ] GC(451)   Evacuate Collection Set: 1.3ms
[2024-02-12T23:39:48.382+0000][7][gc,phases   ] GC(451)   Post Evacuate Collection Set: 0.8ms
[2024-02-12T23:39:48.382+0000][7][gc,phases   ] GC(451)   Other: 0.1ms
[2024-02-12T23:39:48.382+0000][7][gc,age      ] GC(451) Age table with threshold 15 (max threshold 15)
[2024-02-12T23:39:48.382+0000][7][gc,age      ] GC(451) - age   1:     970968 bytes,     970968 total
[2024-02-12T23:39:48.382+0000][7][gc,age      ] GC(451) - age   2:       7832 bytes,     978800 total
[2024-02-12T23:39:48.382+0000][7][gc,age      ] GC(451) - age   3:       1008 bytes,     979808 total
[2024-02-12T23:39:48.382+0000][7][gc,age      ] GC(451) - age   4:        344 bytes,     980152 total
[2024-02-12T23:39:48.382+0000][7][gc,age      ] GC(451) - age   5:        608 bytes,     980760 total
[2024-02-12T23:39:48.382+0000][7][gc,age      ] GC(451) - age   6:        384 bytes,     981144 total
[2024-02-12T23:39:48.382+0000][7][gc,age      ] GC(451) - age   8:        184 bytes,     981328 total
[2024-02-12T23:39:48.382+0000][7][gc,age      ] GC(451) - age   9:     142472 bytes,    1123800 total
[2024-02-12T23:39:48.382+0000][7][gc,age      ] GC(451) - age  10:       6360 bytes,    1130160 total
[2024-02-12T23:39:48.382+0000][7][gc,age      ] GC(451) - age  11:         16 bytes,    1130176 total
[2024-02-12T23:39:48.382+0000][7][gc,age      ] GC(451) - age  13:      63904 bytes,    1194080 total
[2024-02-12T23:39:48.382+0000][7][gc,age      ] GC(451) - age  14:     152792 bytes,    1346872 total
[2024-02-12T23:39:48.382+0000][7][gc,age      ] GC(451) - age  15:      87760 bytes,    1434632 total
[2024-02-12T23:39:48.382+0000][7][gc,heap     ] GC(451) Eden regions: 152->0(152)
[2024-02-12T23:39:48.382+0000][7][gc,heap     ] GC(451) Survivor regions: 1->1(20)
[2024-02-12T23:39:48.382+0000][7][gc,heap     ] GC(451) Old regions: 26->26
[2024-02-12T23:39:48.382+0000][7][gc,heap     ] GC(451) Archive regions: 2->2
[2024-02-12T23:39:48.382+0000][7][gc,heap     ] GC(451) Humongous regions: 0->0
[2024-02-12T23:39:48.382+0000][7][gc,metaspace] GC(451) Metaspace: 129763K(133440K)->129763K(133440K) NonClass: 112785K(114688K)->112785K(114688K) Class: 16977K(18752K)->16977K(18752K)
[2024-02-12T23:39:48.382+0000][7][gc          ] GC(451) Pause Young (Normal) (G1 Evacuation Pause) 715M->106M(1024M) 2.666ms
[2024-02-12T23:39:48.382+0000][7][gc,cpu      ] GC(451) User=0.01s Sys=0.00s Real=0.00s
[2024-02-12T23:39:48.382+0000][7][safepoint   ] Safepoint "G1CollectForAllocation", Time since last: 179955117444 ns, Reaching safepoint: 46820 ns, At safepoint: 2763544 ns, Total: 2810364 ns
[2024-02-12T23:42:48.452+0000][7][gc,start    ] GC(452) Pause Young (Normal) (G1 Evacuation Pause)
[2024-02-12T23:42:48.452+0000][7][gc,task     ] GC(452) Using 8 workers of 8 for evacuation
[2024-02-12T23:42:48.452+0000][7][gc,age      ] GC(452) Desired survivor size 41943040 bytes, new threshold 15 (max threshold 15)
[2024-02-12T23:42:48.455+0000][7][gc,phases   ] GC(452)   Pre Evacuate Collection Set: 0.1ms
[2024-02-12T23:42:48.455+0000][7][gc,phases   ] GC(452)   Merge Heap Roots: 0.1ms
[2024-02-12T23:42:48.455+0000][7][gc,phases   ] GC(452)   Evacuate Collection Set: 1.6ms
[2024-02-12T23:42:48.455+0000][7][gc,phases   ] GC(452)   Post Evacuate Collection Set: 0.9ms
[2024-02-12T23:42:48.455+0000][7][gc,phases   ] GC(452)   Other: 0.1ms
[2024-02-12T23:42:48.455+0000][7][gc,age      ] GC(452) Age table with threshold 15 (max threshold 15)
[2024-02-12T23:42:48.455+0000][7][gc,age      ] GC(452) - age   1:    1713064 bytes,    1713064 total
[2024-02-12T23:42:48.455+0000][7][gc,age      ] GC(452) - age   2:      12688 bytes,    1725752 total
[2024-02-12T23:42:48.455+0000][7][gc,age      ] GC(452) - age   3:       4280 bytes,    1730032 total
[2024-02-12T23:42:48.455+0000][7][gc,age      ] GC(452) - age   4:        688 bytes,    1730720 total
[2024-02-12T23:42:48.455+0000][7][gc,age      ] GC(452) - age   5:        280 bytes,    1731000 total
[2024-02-12T23:42:48.455+0000][7][gc,age      ] GC(452) - age   6:         32 bytes,    1731032 total
[2024-02-12T23:42:48.455+0000][7][gc,age      ] GC(452) - age   7:        384 bytes,    1731416 total
[2024-02-12T23:42:48.455+0000][7][gc,age      ] GC(452) - age   9:        184 bytes,    1731600 total
[2024-02-12T23:42:48.455+0000][7][gc,age      ] GC(452) - age  10:     142472 bytes,    1874072 total
[2024-02-12T23:42:48.455+0000][7][gc,age      ] GC(452) - age  11:       6360 bytes,    1880432 total
[2024-02-12T23:42:48.455+0000][7][gc,age      ] GC(452) - age  12:         16 bytes,    1880448 total
[2024-02-12T23:42:48.455+0000][7][gc,age      ] GC(452) - age  14:      63904 bytes,    1944352 total
[2024-02-12T23:42:48.455+0000][7][gc,age      ] GC(452) - age  15:     152792 bytes,    2097144 total
[2024-02-12T23:42:48.455+0000][7][gc,heap     ] GC(452) Eden regions: 152->0(152)
[2024-02-12T23:42:48.455+0000][7][gc,heap     ] GC(452) Survivor regions: 1->1(20)
[2024-02-12T23:42:48.455+0000][7][gc,heap     ] GC(452) Old regions: 26->26
[2024-02-12T23:42:48.455+0000][7][gc,heap     ] GC(452) Archive regions: 2->2
[2024-02-12T23:42:48.455+0000][7][gc,heap     ] GC(452) Humongous regions: 0->0
[2024-02-12T23:42:48.455+0000][7][gc,metaspace] GC(452) Metaspace: 129763K(133440K)->129763K(133440K) NonClass: 112785K(114688K)->112785K(114688K) Class: 16977K(18752K)->16977K(18752K)
[2024-02-12T23:42:48.455+0000][7][gc          ] GC(452) Pause Young (Normal) (G1 Evacuation Pause) 714M->107M(1024M) 3.074ms
[2024-02-12T23:42:48.455+0000][7][gc,cpu      ] GC(452) User=0.01s Sys=0.00s Real=0.00s
[2024-02-12T23:42:48.455+0000][7][safepoint   ] Safepoint "G1CollectForAllocation", Time since last: 180069607347 ns, Reaching safepoint: 36268 ns, At safepoint: 3168034 ns, Total: 3204302 ns
[2024-02-12T23:45:45.423+0000][7][gc,start    ] GC(453) Pause Young (Normal) (G1 Evacuation Pause)
[2024-02-12T23:45:45.423+0000][7][gc,task     ] GC(453) Using 8 workers of 8 for evacuation
[2024-02-12T23:45:45.423+0000][7][gc,age      ] GC(453) Desired survivor size 41943040 bytes, new threshold 15 (max threshold 15)
[2024-02-12T23:45:45.425+0000][7][gc,phases   ] GC(453)   Pre Evacuate Collection Set: 0.1ms
[2024-02-12T23:45:45.425+0000][7][gc,phases   ] GC(453)   Merge Heap Roots: 0.1ms
[2024-02-12T23:45:45.425+0000][7][gc,phases   ] GC(453)   Evacuate Collection Set: 1.1ms
[2024-02-12T23:45:45.425+0000][7][gc,phases   ] GC(453)   Post Evacuate Collection Set: 0.6ms
[2024-02-12T23:45:45.425+0000][7][gc,phases   ] GC(453)   Other: 0.1ms
[2024-02-12T23:45:45.425+0000][7][gc,age      ] GC(453) Age table with threshold 15 (max threshold 15)
[2024-02-12T23:45:45.425+0000][7][gc,age      ] GC(453) - age   1:     885608 bytes,     885608 total
[2024-02-12T23:45:45.425+0000][7][gc,age      ] GC(453) - age   2:       3728 bytes,     889336 total
[2024-02-12T23:45:45.425+0000][7][gc,age      ] GC(453) - age   3:       9864 bytes,     899200 total
[2024-02-12T23:45:45.425+0000][7][gc,age      ] GC(453) - age   4:        184 bytes,     899384 total
[2024-02-12T23:45:45.425+0000][7][gc,age      ] GC(453) - age   5:        184 bytes,     899568 total
[2024-02-12T23:45:45.425+0000][7][gc,age      ] GC(453) - age   6:        184 bytes,     899752 total
[2024-02-12T23:45:45.425+0000][7][gc,age      ] GC(453) - age   7:         32 bytes,     899784 total
[2024-02-12T23:45:45.425+0000][7][gc,age      ] GC(453) - age  10:        184 bytes,     899968 total
[2024-02-12T23:45:45.425+0000][7][gc,age      ] GC(453) - age  11:     142472 bytes,    1042440 total
[2024-02-12T23:45:45.425+0000][7][gc,age      ] GC(453) - age  12:       6360 bytes,    1048800 total
[2024-02-12T23:45:45.425+0000][7][gc,age      ] GC(453) - age  13:         16 bytes,    1048816 total
[2024-02-12T23:45:45.425+0000][7][gc,age      ] GC(453) - age  15:      63904 bytes,    1112720 total
[2024-02-12T23:45:45.425+0000][7][gc,heap     ] GC(453) Eden regions: 152->0(152)
[2024-02-12T23:45:45.425+0000][7][gc,heap     ] GC(453) Survivor regions: 1->1(20)
[2024-02-12T23:45:45.425+0000][7][gc,heap     ] GC(453) Old regions: 26->26
[2024-02-12T23:45:45.425+0000][7][gc,heap     ] GC(453) Archive regions: 2->2
[2024-02-12T23:45:45.425+0000][7][gc,heap     ] GC(453) Humongous regions: 0->0
[2024-02-12T23:45:45.425+0000][7][gc,metaspace] GC(453) Metaspace: 129763K(133440K)->129763K(133440K) NonClass: 112785K(114688K)->112785K(114688K) Class: 16977K(18752K)->16977K(18752K)
[2024-02-12T23:45:45.425+0000][7][gc          ] GC(453) Pause Young (Normal) (G1 Evacuation Pause) 715M->106M(1024M) 2.285ms
[2024-02-12T23:45:45.425+0000][7][gc,cpu      ] GC(453) User=0.01s Sys=0.00s Real=0.00s
[2024-02-12T23:45:45.425+0000][7][safepoint   ] Safepoint "G1CollectForAllocation", Time since last: 176967624852 ns, Reaching safepoint: 32881 ns, At safepoint: 2378475 ns, Total: 2411356 ns
[2024-02-12T23:47:30.436+0000][7][safepoint   ] Safepoint "Cleanup", Time since last: 105010121434 ns, Reaching safepoint: 49237 ns, At safepoint: 25351 ns, Total: 74588 ns
[2024-02-12T23:48:48.451+0000][7][gc,start    ] GC(454) Pause Young (Normal) (G1 Evacuation Pause)
[2024-02-12T23:48:48.451+0000][7][gc,task     ] GC(454) Using 8 workers of 8 for evacuation
[2024-02-12T23:48:48.451+0000][7][gc,age      ] GC(454) Desired survivor size 41943040 bytes, new threshold 15 (max threshold 15)
[2024-02-12T23:48:48.453+0000][7][gc,phases   ] GC(454)   Pre Evacuate Collection Set: 0.1ms
[2024-02-12T23:48:48.453+0000][7][gc,phases   ] GC(454)   Merge Heap Roots: 0.1ms
[2024-02-12T23:48:48.453+0000][7][gc,phases   ] GC(454)   Evacuate Collection Set: 1.4ms
[2024-02-12T23:48:48.453+0000][7][gc,phases   ] GC(454)   Post Evacuate Collection Set: 0.7ms
[2024-02-12T23:48:48.453+0000][7][gc,phases   ] GC(454)   Other: 0.1ms
[2024-02-12T23:48:48.453+0000][7][gc,age      ] GC(454) Age table with threshold 15 (max threshold 15)
[2024-02-12T23:48:48.453+0000][7][gc,age      ] GC(454) - age   1:    1805624 bytes,    1805624 total
[2024-02-12T23:48:48.453+0000][7][gc,age      ] GC(454) - age   2:       8216 bytes,    1813840 total
[2024-02-12T23:48:48.453+0000][7][gc,age      ] GC(454) - age   3:        712 bytes,    1814552 total
[2024-02-12T23:48:48.453+0000][7][gc,age      ] GC(454) - age   4:       8448 bytes,    1823000 total
[2024-02-12T23:48:48.453+0000][7][gc,age      ] GC(454) - age   5:        184 bytes,    1823184 total
[2024-02-12T23:48:48.453+0000][7][gc,age      ] GC(454) - age   6:        184 bytes,    1823368 total
[2024-02-12T23:48:48.453+0000][7][gc,age      ] GC(454) - age   7:        184 bytes,    1823552 total
[2024-02-12T23:48:48.453+0000][7][gc,age      ] GC(454) - age  11:        184 bytes,    1823736 total
[2024-02-12T23:48:48.453+0000][7][gc,age      ] GC(454) - age  12:     142472 bytes,    1966208 total
[2024-02-12T23:48:48.453+0000][7][gc,age      ] GC(454) - age  13:       6360 bytes,    1972568 total
[2024-02-12T23:48:48.453+0000][7][gc,age      ] GC(454) - age  14:         16 bytes,    1972584 total
[2024-02-12T23:48:48.453+0000][7][gc,heap     ] GC(454) Eden regions: 152->0(152)
[2024-02-12T23:48:48.454+0000][7][gc,heap     ] GC(454) Survivor regions: 1->1(20)
[2024-02-12T23:48:48.454+0000][7][gc,heap     ] GC(454) Old regions: 26->26
[2024-02-12T23:48:48.454+0000][7][gc,heap     ] GC(454) Archive regions: 2->2
[2024-02-12T23:48:48.454+0000][7][gc,heap     ] GC(454) Humongous regions: 0->0
[2024-02-12T23:48:48.454+0000][7][gc,metaspace] GC(454) Metaspace: 129763K(133440K)->129763K(133440K) NonClass: 112785K(114688K)->112785K(114688K) Class: 16977K(18752K)->16977K(18752K)
[2024-02-12T23:48:48.454+0000][7][gc          ] GC(454) Pause Young (Normal) (G1 Evacuation Pause) 714M->107M(1024M) 2.688ms
[2024-02-12T23:48:48.454+0000][7][gc,cpu      ] GC(454) User=0.01s Sys=0.00s Real=0.00s
[2024-02-12T23:48:48.454+0000][7][safepoint   ] Safepoint "G1CollectForAllocation", Time since last: 78015197525 ns, Reaching safepoint: 127292 ns, At safepoint: 2778487 ns, Total: 2905779 ns
[2024-02-12T23:51:06.556+0000][7][gc,start    ] GC(455) Pause Young (Normal) (G1 Evacuation Pause)
[2024-02-12T23:51:06.556+0000][7][gc,task     ] GC(455) Using 8 workers of 8 for evacuation
[2024-02-12T23:51:06.556+0000][7][gc,age      ] GC(455) Desired survivor size 41943040 bytes, new threshold 15 (max threshold 15)
[2024-02-12T23:51:06.558+0000][7][gc,phases   ] GC(455)   Pre Evacuate Collection Set: 0.1ms
[2024-02-12T23:51:06.558+0000][7][gc,phases   ] GC(455)   Merge Heap Roots: 0.0ms
[2024-02-12T23:51:06.558+0000][7][gc,phases   ] GC(455)   Evacuate Collection Set: 1.0ms
[2024-02-12T23:51:06.558+0000][7][gc,phases   ] GC(455)   Post Evacuate Collection Set: 0.5ms
[2024-02-12T23:51:06.558+0000][7][gc,phases   ] GC(455)   Other: 0.1ms
[2024-02-12T23:51:06.558+0000][7][gc,age      ] GC(455) Age table with threshold 15 (max threshold 15)
[2024-02-12T23:51:06.558+0000][7][gc,age      ] GC(455) - age   1:    1876776 bytes,    1876776 total
[2024-02-12T23:51:06.558+0000][7][gc,age      ] GC(455) - age   2:       6664 bytes,    1883440 total
[2024-02-12T23:51:06.558+0000][7][gc,age      ] GC(455) - age   3:       5280 bytes,    1888720 total
[2024-02-12T23:51:06.558+0000][7][gc,age      ] GC(455) - age   4:        456 bytes,    1889176 total
[2024-02-12T23:51:06.558+0000][7][gc,age      ] GC(455) - age   5:       8320 bytes,    1897496 total
[2024-02-12T23:51:06.558+0000][7][gc,age      ] GC(455) - age   6:        184 bytes,    1897680 total
[2024-02-12T23:51:06.558+0000][7][gc,age      ] GC(455) - age   7:        184 bytes,    1897864 total
[2024-02-12T23:51:06.558+0000][7][gc,age      ] GC(455) - age   8:        184 bytes,    1898048 total
[2024-02-12T23:51:06.558+0000][7][gc,age      ] GC(455) - age  12:        184 bytes,    1898232 total
[2024-02-12T23:51:06.558+0000][7][gc,age      ] GC(455) - age  13:     142472 bytes,    2040704 total
[2024-02-12T23:51:06.558+0000][7][gc,age      ] GC(455) - age  14:       6360 bytes,    2047064 total
[2024-02-12T23:51:06.558+0000][7][gc,age      ] GC(455) - age  15:         16 bytes,    2047080 total
[2024-02-12T23:51:06.558+0000][7][gc,heap     ] GC(455) Eden regions: 152->0(152)
[2024-02-12T23:51:06.558+0000][7][gc,heap     ] GC(455) Survivor regions: 1->1(20)
[2024-02-12T23:51:06.558+0000][7][gc,heap     ] GC(455) Old regions: 26->26
[2024-02-12T23:51:06.558+0000][7][gc,heap     ] GC(455) Archive regions: 2->2
[2024-02-12T23:51:06.558+0000][7][gc,heap     ] GC(455) Humongous regions: 0->0
[2024-02-12T23:51:06.558+0000][7][gc,metaspace] GC(455) Metaspace: 129763K(133440K)->129763K(133440K) NonClass: 112785K(114688K)->112785K(114688K) Class: 16977K(18752K)->16977K(18752K)
[2024-02-12T23:51:06.558+0000][7][gc          ] GC(455) Pause Young (Normal) (G1 Evacuation Pause) 715M->107M(1024M) 1.838ms
[2024-02-12T23:51:06.558+0000][7][gc,cpu      ] GC(455) User=0.01s Sys=0.00s Real=0.01s
[2024-02-12T23:51:06.558+0000][7][safepoint   ] Safepoint "G1CollectForAllocation", Time since last: 138102238102 ns, Reaching safepoint: 43396 ns, At safepoint: 1905830 ns, Total: 1949226 ns
[2024-02-12T23:53:00.492+0000][7][safepoint   ] Safepoint "Cleanup", Time since last: 113933773324 ns, Reaching safepoint: 147250 ns, At safepoint: 13072 ns, Total: 160322 ns
[2024-02-12T23:53:43.008+0000][7][gc,start    ] GC(456) Pause Young (Normal) (G1 Evacuation Pause)
[2024-02-12T23:53:43.008+0000][7][gc,task     ] GC(456) Using 8 workers of 8 for evacuation
[2024-02-12T23:53:43.008+0000][7][gc,age      ] GC(456) Desired survivor size 41943040 bytes, new threshold 15 (max threshold 15)
[2024-02-12T23:53:43.011+0000][7][gc,phases   ] GC(456)   Pre Evacuate Collection Set: 0.1ms
[2024-02-12T23:53:43.011+0000][7][gc,phases   ] GC(456)   Merge Heap Roots: 0.1ms
[2024-02-12T23:53:43.011+0000][7][gc,phases   ] GC(456)   Evacuate Collection Set: 1.1ms
[2024-02-12T23:53:43.011+0000][7][gc,phases   ] GC(456)   Post Evacuate Collection Set: 1.2ms
[2024-02-12T23:53:43.011+0000][7][gc,phases   ] GC(456)   Other: 0.1ms
[2024-02-12T23:53:43.011+0000][7][gc,age      ] GC(456) Age table with threshold 15 (max threshold 15)
[2024-02-12T23:53:43.011+0000][7][gc,age      ] GC(456) - age   1:    1748128 bytes,    1748128 total
[2024-02-12T23:53:43.011+0000][7][gc,age      ] GC(456) - age   2:       2848 bytes,    1750976 total
[2024-02-12T23:53:43.011+0000][7][gc,age      ] GC(456) - age   3:       1104 bytes,    1752080 total
[2024-02-12T23:53:43.011+0000][7][gc,age      ] GC(456) - age   4:       4160 bytes,    1756240 total
[2024-02-12T23:53:43.011+0000][7][gc,age      ] GC(456) - age   5:        456 bytes,    1756696 total
[2024-02-12T23:53:43.011+0000][7][gc,age      ] GC(456) - age   6:       8296 bytes,    1764992 total
[2024-02-12T23:53:43.011+0000][7][gc,age      ] GC(456) - age   7:        184 bytes,    1765176 total
[2024-02-12T23:53:43.011+0000][7][gc,age      ] GC(456) - age   8:        184 bytes,    1765360 total
[2024-02-12T23:53:43.011+0000][7][gc,age      ] GC(456) - age   9:        184 bytes,    1765544 total
[2024-02-12T23:53:43.011+0000][7][gc,age      ] GC(456) - age  13:        184 bytes,    1765728 total
[2024-02-12T23:53:43.011+0000][7][gc,age      ] GC(456) - age  14:     142472 bytes,    1908200 total
[2024-02-12T23:53:43.011+0000][7][gc,age      ] GC(456) - age  15:       6360 bytes,    1914560 total
[2024-02-12T23:53:43.011+0000][7][gc,heap     ] GC(456) Eden regions: 152->0(152)
[2024-02-12T23:53:43.011+0000][7][gc,heap     ] GC(456) Survivor regions: 1->1(20)
[2024-02-12T23:53:43.011+0000][7][gc,heap     ] GC(456) Old regions: 26->26
[2024-02-12T23:53:43.011+0000][7][gc,heap     ] GC(456) Archive regions: 2->2
[2024-02-12T23:53:43.011+0000][7][gc,heap     ] GC(456) Humongous regions: 0->0
[2024-02-12T23:53:43.011+0000][7][gc,metaspace] GC(456) Metaspace: 129763K(133440K)->129763K(133440K) NonClass: 112785K(114688K)->112785K(114688K) Class: 16977K(18752K)->16977K(18752K)
[2024-02-12T23:53:43.011+0000][7][gc          ] GC(456) Pause Young (Normal) (G1 Evacuation Pause) 715M->107M(1024M) 2.782ms
[2024-02-12T23:53:43.011+0000][7][gc,cpu      ] GC(456) User=0.02s Sys=0.00s Real=0.01s
[2024-02-12T23:53:43.011+0000][7][safepoint   ] Safepoint "G1CollectForAllocation", Time since last: 42516294627 ns, Reaching safepoint: 57945 ns, At safepoint: 2859819 ns, Total: 2917764 ns
[2024-02-12T23:56:36.475+0000][7][gc,start    ] GC(457) Pause Young (Normal) (G1 Evacuation Pause)
[2024-02-12T23:56:36.475+0000][7][gc,task     ] GC(457) Using 8 workers of 8 for evacuation
[2024-02-12T23:56:36.475+0000][7][gc,age      ] GC(457) Desired survivor size 41943040 bytes, new threshold 15 (max threshold 15)
[2024-02-12T23:56:36.477+0000][7][gc,phases   ] GC(457)   Pre Evacuate Collection Set: 0.1ms
[2024-02-12T23:56:36.477+0000][7][gc,phases   ] GC(457)   Merge Heap Roots: 0.1ms
[2024-02-12T23:56:36.477+0000][7][gc,phases   ] GC(457)   Evacuate Collection Set: 1.1ms
[2024-02-12T23:56:36.477+0000][7][gc,phases   ] GC(457)   Post Evacuate Collection Set: 0.7ms
[2024-02-12T23:56:36.477+0000][7][gc,phases   ] GC(457)   Other: 0.1ms
[2024-02-12T23:56:36.477+0000][7][gc,age      ] GC(457) Age table with threshold 15 (max threshold 15)
[2024-02-12T23:56:36.477+0000][7][gc,age      ] GC(457) - age   1:    1152032 bytes,    1152032 total
[2024-02-12T23:56:36.477+0000][7][gc,age      ] GC(457) - age   2:       5336 bytes,    1157368 total
[2024-02-12T23:56:36.477+0000][7][gc,age      ] GC(457) - age   3:        664 bytes,    1158032 total
[2024-02-12T23:56:36.477+0000][7][gc,age      ] GC(457) - age   4:        720 bytes,    1158752 total
[2024-02-12T23:56:36.477+0000][7][gc,age      ] GC(457) - age   5:        448 bytes,    1159200 total
[2024-02-12T23:56:36.477+0000][7][gc,age      ] GC(457) - age   6:         64 bytes,    1159264 total
[2024-02-12T23:56:36.477+0000][7][gc,age      ] GC(457) - age   7:       8296 bytes,    1167560 total
[2024-02-12T23:56:36.477+0000][7][gc,age      ] GC(457) - age   8:        184 bytes,    1167744 total
[2024-02-12T23:56:36.477+0000][7][gc,age      ] GC(457) - age  10:        184 bytes,    1167928 total
[2024-02-12T23:56:36.477+0000][7][gc,age      ] GC(457) - age  14:        184 bytes,    1168112 total
[2024-02-12T23:56:36.477+0000][7][gc,age      ] GC(457) - age  15:     142472 bytes,    1310584 total
[2024-02-12T23:56:36.477+0000][7][gc,heap     ] GC(457) Eden regions: 152->0(152)
[2024-02-12T23:56:36.477+0000][7][gc,heap     ] GC(457) Survivor regions: 1->1(20)
[2024-02-12T23:56:36.477+0000][7][gc,heap     ] GC(457) Old regions: 26->26
[2024-02-12T23:56:36.477+0000][7][gc,heap     ] GC(457) Archive regions: 2->2
[2024-02-12T23:56:36.477+0000][7][gc,heap     ] GC(457) Humongous regions: 0->0
[2024-02-12T23:56:36.477+0000][7][gc,metaspace] GC(457) Metaspace: 129763K(133440K)->129763K(133440K) NonClass: 112785K(114688K)->112785K(114688K) Class: 16977K(18752K)->16977K(18752K)
[2024-02-12T23:56:36.477+0000][7][gc          ] GC(457) Pause Young (Normal) (G1 Evacuation Pause) 715M->106M(1024M) 2.333ms
[2024-02-12T23:56:36.477+0000][7][gc,cpu      ] GC(457) User=0.01s Sys=0.00s Real=0.01s
[2024-02-12T23:56:36.477+0000][7][safepoint   ] Safepoint "G1CollectForAllocation", Time since last: 173463573827 ns, Reaching safepoint: 44443 ns, At safepoint: 2419838 ns, Total: 2464281 ns
[2024-02-12T23:59:12.498+0000][7][gc,start    ] GC(458) Pause Young (Normal) (G1 Evacuation Pause)
[2024-02-12T23:59:12.498+0000][7][gc,task     ] GC(458) Using 8 workers of 8 for evacuation
[2024-02-12T23:59:12.498+0000][7][gc,age      ] GC(458) Desired survivor size 41943040 bytes, new threshold 15 (max threshold 15)
[2024-02-12T23:59:12.500+0000][7][gc,phases   ] GC(458)   Pre Evacuate Collection Set: 0.1ms
[2024-02-12T23:59:12.500+0000][7][gc,phases   ] GC(458)   Merge Heap Roots: 0.1ms
[2024-02-12T23:59:12.500+0000][7][gc,phases   ] GC(458)   Evacuate Collection Set: 0.9ms
[2024-02-12T23:59:12.500+0000][7][gc,phases   ] GC(458)   Post Evacuate Collection Set: 0.6ms
[2024-02-12T23:59:12.500+0000][7][gc,phases   ] GC(458)   Other: 0.1ms
[2024-02-12T23:59:12.500+0000][7][gc,age      ] GC(458) Age table with threshold 15 (max threshold 15)
[2024-02-12T23:59:12.500+0000][7][gc,age      ] GC(458) - age   1:     843032 bytes,     843032 total
[2024-02-12T23:59:12.500+0000][7][gc,age      ] GC(458) - age   2:     238176 bytes,    1081208 total
[2024-02-12T23:59:12.500+0000][7][gc,age      ] GC(458) - age   3:       1224 bytes,    1082432 total
[2024-02-12T23:59:12.500+0000][7][gc,age      ] GC(458) - age   4:        216 bytes,    1082648 total
[2024-02-12T23:59:12.500+0000][7][gc,age      ] GC(458) - age   5:         32 bytes,    1082680 total
[2024-02-12T23:59:12.500+0000][7][gc,age      ] GC(458) - age   6:        448 bytes,    1083128 total
[2024-02-12T23:59:12.500+0000][7][gc,age      ] GC(458) - age   8:       8200 bytes,    1091328 total
[2024-02-12T23:59:12.500+0000][7][gc,age      ] GC(458) - age   9:        184 bytes,    1091512 total
[2024-02-12T23:59:12.500+0000][7][gc,age      ] GC(458) - age  11:        184 bytes,    1091696 total
[2024-02-12T23:59:12.500+0000][7][gc,heap     ] GC(458) Eden regions: 152->0(152)
[2024-02-12T23:59:12.500+0000][7][gc,heap     ] GC(458) Survivor regions: 1->1(20)
[2024-02-12T23:59:12.500+0000][7][gc,heap     ] GC(458) Old regions: 26->26
[2024-02-12T23:59:12.500+0000][7][gc,heap     ] GC(458) Archive regions: 2->2
[2024-02-12T23:59:12.500+0000][7][gc,heap     ] GC(458) Humongous regions: 0->0
[2024-02-12T23:59:12.500+0000][7][gc,metaspace] GC(458) Metaspace: 129764K(133440K)->129764K(133440K) NonClass: 112786K(114688K)->112786K(114688K) Class: 16977K(18752K)->16977K(18752K)
[2024-02-12T23:59:12.500+0000][7][gc          ] GC(458) Pause Young (Normal) (G1 Evacuation Pause) 714M->106M(1024M) 2.094ms
[2024-02-12T23:59:12.500+0000][7][gc,cpu      ] GC(458) User=0.01s Sys=0.00s Real=0.00s
[2024-02-12T23:59:12.500+0000][7][safepoint   ] Safepoint "G1CollectForAllocation", Time since last: 156020615626 ns, Reaching safepoint: 32446 ns, At safepoint: 2174730 ns, Total: 2207176 ns
[2024-02-12T23:59:21.501+0000][7][safepoint   ] Safepoint "Cleanup", Time since last: 9000854660 ns, Reaching safepoint: 50096 ns, At safepoint: 5571 ns, Total: 55667 ns
[2024-02-13T00:00:01.505+0000][7][safepoint   ] Safepoint "Cleanup", Time since last: 40004625561 ns, Reaching safepoint: 85993 ns, At safepoint: 11600 ns, Total: 97593 ns
[2024-02-13T00:02:09.464+0000][7][gc,start    ] GC(459) Pause Young (Normal) (G1 Evacuation Pause)
[2024-02-13T00:02:09.464+0000][7][gc,task     ] GC(459) Using 8 workers of 8 for evacuation
[2024-02-13T00:02:09.464+0000][7][gc,age      ] GC(459) Desired survivor size 41943040 bytes, new threshold 15 (max threshold 15)
[2024-02-13T00:02:09.466+0000][7][gc,phases   ] GC(459)   Pre Evacuate Collection Set: 0.1ms
[2024-02-13T00:02:09.466+0000][7][gc,phases   ] GC(459)   Merge Heap Roots: 0.1ms
[2024-02-13T00:02:09.466+0000][7][gc,phases   ] GC(459)   Evacuate Collection Set: 0.9ms
[2024-02-13T00:02:09.466+0000][7][gc,phases   ] GC(459)   Post Evacuate Collection Set: 0.5ms
[2024-02-13T00:02:09.466+0000][7][gc,phases   ] GC(459)   Other: 0.1ms
[2024-02-13T00:02:09.466+0000][7][gc,age      ] GC(459) Age table with threshold 15 (max threshold 15)
[2024-02-13T00:02:09.466+0000][7][gc,age      ] GC(459) - age   1:    1122072 bytes,    1122072 total
[2024-02-13T00:02:09.466+0000][7][gc,age      ] GC(459) - age   2:       4728 bytes,    1126800 total
[2024-02-13T00:02:09.466+0000][7][gc,age      ] GC(459) - age   3:     125216 bytes,    1252016 total
[2024-02-13T00:02:09.466+0000][7][gc,age      ] GC(459) - age   4:        520 bytes,    1252536 total
[2024-02-13T00:02:09.466+0000][7][gc,age      ] GC(459) - age   5:        216 bytes,    1252752 total
[2024-02-13T00:02:09.466+0000][7][gc,age      ] GC(459) - age   6:         32 bytes,    1252784 total
[2024-02-13T00:02:09.466+0000][7][gc,age      ] GC(459) - age   7:        384 bytes,    1253168 total
[2024-02-13T00:02:09.466+0000][7][gc,age      ] GC(459) - age   9:       8200 bytes,    1261368 total
[2024-02-13T00:02:09.466+0000][7][gc,age      ] GC(459) - age  12:        184 bytes,    1261552 total
[2024-02-13T00:02:09.466+0000][7][gc,heap     ] GC(459) Eden regions: 152->0(152)
[2024-02-13T00:02:09.466+0000][7][gc,heap     ] GC(459) Survivor regions: 1->1(20)
[2024-02-13T00:02:09.466+0000][7][gc,heap     ] GC(459) Old regions: 26->26
[2024-02-13T00:02:09.466+0000][7][gc,heap     ] GC(459) Archive regions: 2->2
[2024-02-13T00:02:09.466+0000][7][gc,heap     ] GC(459) Humongous regions: 0->0
[2024-02-13T00:02:09.466+0000][7][gc,metaspace] GC(459) Metaspace: 129767K(133440K)->129767K(133440K) NonClass: 112789K(114688K)->112789K(114688K) Class: 16977K(18752K)->16977K(18752K)
[2024-02-13T00:02:09.466+0000][7][gc          ] GC(459) Pause Young (Normal) (G1 Evacuation Pause) 714M->106M(1024M) 1.776ms
[2024-02-13T00:02:09.466+0000][7][gc,cpu      ] GC(459) User=0.01s Sys=0.00s Real=0.00s
[2024-02-13T00:02:09.466+0000][7][safepoint   ] Safepoint "G1CollectForAllocation", Time since last: 127958780506 ns, Reaching safepoint: 46007 ns, At safepoint: 1840745 ns, Total: 1886752 ns
[2024-02-13T00:05:12.522+0000][7][gc,start    ] GC(460) Pause Young (Normal) (G1 Evacuation Pause)
[2024-02-13T00:05:12.522+0000][7][gc,task     ] GC(460) Using 8 workers of 8 for evacuation
[2024-02-13T00:05:12.522+0000][7][gc,age      ] GC(460) Desired survivor size 41943040 bytes, new threshold 15 (max threshold 15)
[2024-02-13T00:05:12.525+0000][7][gc,phases   ] GC(460)   Pre Evacuate Collection Set: 0.1ms
[2024-02-13T00:05:12.525+0000][7][gc,phases   ] GC(460)   Merge Heap Roots: 0.1ms
[2024-02-13T00:05:12.525+0000][7][gc,phases   ] GC(460)   Evacuate Collection Set: 1.4ms
[2024-02-13T00:05:12.525+0000][7][gc,phases   ] GC(460)   Post Evacuate Collection Set: 0.7ms
[2024-02-13T00:05:12.525+0000][7][gc,phases   ] GC(460)   Other: 0.1ms
[2024-02-13T00:05:12.525+0000][7][gc,age      ] GC(460) Age table with threshold 15 (max threshold 15)
[2024-02-13T00:05:12.525+0000][7][gc,age      ] GC(460) - age   1:    1753552 bytes,    1753552 total
[2024-02-13T00:05:12.525+0000][7][gc,age      ] GC(460) - age   2:     243664 bytes,    1997216 total
[2024-02-13T00:05:12.525+0000][7][gc,age      ] GC(460) - age   3:       2344 bytes,    1999560 total
[2024-02-13T00:05:12.525+0000][7][gc,age      ] GC(460) - age   4:     124880 bytes,    2124440 total
[2024-02-13T00:05:12.525+0000][7][gc,age      ] GC(460) - age   5:        456 bytes,    2124896 total
[2024-02-13T00:05:12.525+0000][7][gc,age      ] GC(460) - age   6:        216 bytes,    2125112 total
[2024-02-13T00:05:12.525+0000][7][gc,age      ] GC(460) - age   7:         32 bytes,    2125144 total
[2024-02-13T00:05:12.525+0000][7][gc,age      ] GC(460) - age  10:       8016 bytes,    2133160 total
[2024-02-13T00:05:12.525+0000][7][gc,age      ] GC(460) - age  13:        184 bytes,    2133344 total
[2024-02-13T00:05:12.525+0000][7][gc,heap     ] GC(460) Eden regions: 152->0(152)
[2024-02-13T00:05:12.525+0000][7][gc,heap     ] GC(460) Survivor regions: 1->1(20)
[2024-02-13T00:05:12.525+0000][7][gc,heap     ] GC(460) Old regions: 26->26
[2024-02-13T00:05:12.525+0000][7][gc,heap     ] GC(460) Archive regions: 2->2
[2024-02-13T00:05:12.525+0000][7][gc,heap     ] GC(460) Humongous regions: 0->0
[2024-02-13T00:05:12.525+0000][7][gc,metaspace] GC(460) Metaspace: 129767K(133440K)->129767K(133440K) NonClass: 112789K(114688K)->112789K(114688K) Class: 16977K(18752K)->16977K(18752K)
[2024-02-13T00:05:12.525+0000][7][gc          ] GC(460) Pause Young (Normal) (G1 Evacuation Pause) 714M->107M(1024M) 2.675ms
[2024-02-13T00:05:12.525+0000][7][gc,cpu      ] GC(460) User=0.00s Sys=0.00s Real=0.00s
[2024-02-13T00:05:12.525+0000][7][safepoint   ] Safepoint "G1CollectForAllocation", Time since last: 183055909494 ns, Reaching safepoint: 56287 ns, At safepoint: 2771009 ns, Total: 2827296 ns
[2024-02-13T00:06:30.533+0000][7][safepoint   ] Safepoint "Cleanup", Time since last: 78008247431 ns, Reaching safepoint: 131922 ns, At safepoint: 34632 ns, Total: 166554 ns
[2024-02-13T00:07:54.884+0000][7][gc,start    ] GC(461) Pause Young (Normal) (G1 Evacuation Pause)
[2024-02-13T00:07:54.884+0000][7][gc,task     ] GC(461) Using 8 workers of 8 for evacuation
[2024-02-13T00:07:54.884+0000][7][gc,age      ] GC(461) Desired survivor size 41943040 bytes, new threshold 15 (max threshold 15)
[2024-02-13T00:07:54.886+0000][7][gc,phases   ] GC(461)   Pre Evacuate Collection Set: 0.1ms
[2024-02-13T00:07:54.886+0000][7][gc,phases   ] GC(461)   Merge Heap Roots: 0.1ms
[2024-02-13T00:07:54.886+0000][7][gc,phases   ] GC(461)   Evacuate Collection Set: 1.0ms
[2024-02-13T00:07:54.886+0000][7][gc,phases   ] GC(461)   Post Evacuate Collection Set: 0.5ms
[2024-02-13T00:07:54.886+0000][7][gc,phases   ] GC(461)   Other: 0.1ms
[2024-02-13T00:07:54.886+0000][7][gc,age      ] GC(461) Age table with threshold 15 (max threshold 15)
[2024-02-13T00:07:54.886+0000][7][gc,age      ] GC(461) - age   1:    1151112 bytes,    1151112 total
[2024-02-13T00:07:54.886+0000][7][gc,age      ] GC(461) - age   2:      47488 bytes,    1198600 total
[2024-02-13T00:07:54.886+0000][7][gc,age      ] GC(461) - age   3:     241096 bytes,    1439696 total
[2024-02-13T00:07:54.886+0000][7][gc,age      ] GC(461) - age   4:        416 bytes,    1440112 total
[2024-02-13T00:07:54.886+0000][7][gc,age      ] GC(461) - age   5:     121424 bytes,    1561536 total
[2024-02-13T00:07:54.886+0000][7][gc,age      ] GC(461) - age   6:        208 bytes,    1561744 total
[2024-02-13T00:07:54.886+0000][7][gc,age      ] GC(461) - age   7:         32 bytes,    1561776 total
[2024-02-13T00:07:54.886+0000][7][gc,age      ] GC(461) - age  11:       8016 bytes,    1569792 total
[2024-02-13T00:07:54.886+0000][7][gc,age      ] GC(461) - age  14:        184 bytes,    1569976 total
[2024-02-13T00:07:54.886+0000][7][gc,heap     ] GC(461) Eden regions: 152->0(152)
[2024-02-13T00:07:54.886+0000][7][gc,heap     ] GC(461) Survivor regions: 1->1(20)
[2024-02-13T00:07:54.886+0000][7][gc,heap     ] GC(461) Old regions: 26->26
[2024-02-13T00:07:54.886+0000][7][gc,heap     ] GC(461) Archive regions: 2->2
[2024-02-13T00:07:54.886+0000][7][gc,heap     ] GC(461) Humongous regions: 0->0
[2024-02-13T00:07:54.886+0000][7][gc,metaspace] GC(461) Metaspace: 129767K(133440K)->129767K(133440K) NonClass: 112789K(114688K)->112789K(114688K) Class: 16977K(18752K)->16977K(18752K)
[2024-02-13T00:07:54.886+0000][7][gc          ] GC(461) Pause Young (Normal) (G1 Evacuation Pause) 715M->107M(1024M) 1.894ms
[2024-02-13T00:07:54.886+0000][7][gc,cpu      ] GC(461) User=0.01s Sys=0.00s Real=0.00s
[2024-02-13T00:07:54.886+0000][7][safepoint   ] Safepoint "G1CollectForAllocation", Time since last: 84351002016 ns, Reaching safepoint: 43718 ns, At safepoint: 1974143 ns, Total: 2017861 ns
[2024-02-13T00:10:20.903+0000][7][safepoint   ] Safepoint "Cleanup", Time since last: 146016386818 ns, Reaching safepoint: 57525 ns, At safepoint: 32464 ns, Total: 89989 ns
[2024-02-13T04:14:46.379+0000][7][gc,start    ] GC(462) Pause Young (Normal) (G1 Evacuation Pause)
[2024-02-13T04:14:46.379+0000][7][gc,task     ] GC(462) Using 8 workers of 8 for evacuation
[2024-02-13T04:14:46.379+0000][7][gc,age      ] GC(462) Desired survivor size 41943040 bytes, new threshold 15 (max threshold 15)
[2024-02-13T04:14:46.382+0000][7][gc,phases   ] GC(462)   Pre Evacuate Collection Set: 0.1ms
[2024-02-13T04:14:46.382+0000][7][gc,phases   ] GC(462)   Merge Heap Roots: 0.1ms
[2024-02-13T04:14:46.382+0000][7][gc,phases   ] GC(462)   Evacuate Collection Set: 1.6ms
[2024-02-13T04:14:46.382+0000][7][gc,phases   ] GC(462)   Post Evacuate Collection Set: 0.8ms
[2024-02-13T04:14:46.382+0000][7][gc,phases   ] GC(462)   Other: 0.1ms
[2024-02-13T04:14:46.382+0000][7][gc,age      ] GC(462) Age table with threshold 15 (max threshold 15)
[2024-02-13T04:14:46.382+0000][7][gc,age      ] GC(462) - age   1:    2131632 bytes,    2131632 total
[2024-02-13T04:14:46.382+0000][7][gc,age      ] GC(462) - age   2:       8544 bytes,    2140176 total
[2024-02-13T04:14:46.382+0000][7][gc,age      ] GC(462) - age   3:      44760 bytes,    2184936 total
[2024-02-13T04:14:46.382+0000][7][gc,age      ] GC(462) - age   4:     240504 bytes,    2425440 total
[2024-02-13T04:14:46.382+0000][7][gc,age      ] GC(462) - age   5:        416 bytes,    2425856 total
[2024-02-13T04:14:46.382+0000][7][gc,age      ] GC(462) - age   6:     120848 bytes,    2546704 total
[2024-02-13T04:14:46.382+0000][7][gc,age      ] GC(462) - age   7:        184 bytes,    2546888 total
[2024-02-13T04:14:46.382+0000][7][gc,age      ] GC(462) - age   8:         32 bytes,    2546920 total
[2024-02-13T04:14:46.382+0000][7][gc,age      ] GC(462) - age  12:       8016 bytes,    2554936 total
[2024-02-13T04:14:46.382+0000][7][gc,age      ] GC(462) - age  15:        184 bytes,    2555120 total
[2024-02-13T04:14:46.382+0000][7][gc,heap     ] GC(462) Eden regions: 152->0(152)
[2024-02-13T04:14:46.382+0000][7][gc,heap     ] GC(462) Survivor regions: 1->1(20)
[2024-02-13T04:14:46.382+0000][7][gc,heap     ] GC(462) Old regions: 26->26
[2024-02-13T04:14:46.382+0000][7][gc,heap     ] GC(462) Archive regions: 2->2
[2024-02-13T04:14:46.382+0000][7][gc,heap     ] GC(462) Humongous regions: 0->0
[2024-02-13T04:14:46.382+0000][7][gc,metaspace] GC(462) Metaspace: 129767K(133440K)->129767K(133440K) NonClass: 112789K(114688K)->112789K(114688K) Class: 16977K(18752K)->16977K(18752K)
[2024-02-13T04:14:46.382+0000][7][gc          ] GC(462) Pause Young (Normal) (G1 Evacuation Pause) 715M->108M(1024M) 2.897ms
[2024-02-13T04:14:46.382+0000][7][gc,cpu      ] GC(462) User=0.01s Sys=0.00s Real=0.00s
[2024-02-13T04:14:46.382+0000][7][safepoint   ] Safepoint "G1CollectForAllocation", Time since last: 24686634719 ns, Reaching safepoint: 67411 ns, At safepoint: 2988146 ns, Total: 3055557 ns
[2024-02-13T04:14:47.382+0000][7][safepoint   ] Safepoint "Cleanup", Time since last: 1000111358 ns, Reaching safepoint: 75507 ns, At safepoint: 23867 ns, Total: 99374 ns
[2024-02-13T04:14:50.382+0000][7][safepoint   ] Safepoint "Cleanup", Time since last: 3000317356 ns, Reaching safepoint: 115213 ns, At safepoint: 8140 ns, Total: 123353 ns
[2024-02-13T04:14:59.384+0000][7][safepoint   ] Safepoint "Cleanup", Time since last: 9000990138 ns, Reaching safepoint: 99729 ns, At safepoint: 11637 ns, Total: 111366 ns
[2024-02-13T04:15:13.386+0000][7][safepoint   ] Safepoint "Cleanup", Time since last: 14002107565 ns, Reaching safepoint: 71756 ns, At safepoint: 7975 ns, Total: 79731 ns
[2024-02-14T21:35:39.464+0000][7][safepoint   ] Safepoint "Cleanup", Time since last: 6000457534 ns, Reaching safepoint: 50949 ns, At safepoint: 4765 ns, Total: 55714 ns
[2024-02-14T21:35:40.465+0000][7][safepoint   ] Safepoint "Cleanup", Time since last: 1000129939 ns, Reaching safepoint: 78841 ns, At safepoint: 23660 ns, Total: 102501 ns
[2024-02-14T21:35:41.465+0000][7][safepoint   ] Safepoint "Cleanup", Time since last: 1000174375 ns, Reaching safepoint: 84091 ns, At safepoint: 9658 ns, Total: 93749 ns
[2024-02-14T21:35:42.465+0000][7][safepoint   ] Safepoint "Cleanup", Time since last: 1000148379 ns, Reaching safepoint: 61421 ns, At safepoint: 7600 ns, Total: 69021 ns
[2024-02-14T21:35:43.465+0000][7][safepoint   ] Safepoint "Cleanup", Time since last: 1000160671 ns, Reaching safepoint: 97955 ns, At safepoint: 7602 ns, Total: 105557 ns
[2024-02-14T21:35:55.466+0000][7][safepoint   ] Safepoint "Cleanup", Time since last: 12001050480 ns, Reaching safepoint: 71510 ns, At safepoint: 6796 ns, Total: 78306 ns
[2024-02-14T21:35:57.467+0000][7][safepoint   ] Safepoint "Cleanup", Time since last: 2000230612 ns, Reaching safepoint: 66482 ns, At safepoint: 5902 ns, Total: 72384 ns
[2024-02-14T21:37:09.137+0000][7][safepoint   ] Safepoint "Cleanup", Time since last: 57949622085 ns, Reaching safepoint: 87029 ns, At safepoint: 20084 ns, Total: 107113 ns
[2024-02-14T21:37:21.138+0000][7][safepoint   ] Safepoint "Cleanup", Time since last: 12001068152 ns, Reaching safepoint: 75558 ns, At safepoint: 7718 ns, Total: 83276 ns
[2024-02-14T21:37:41.438+0000][7][gc,start    ] GC(463) Pause Young (Normal) (G1 Evacuation Pause)
[2024-02-14T21:37:41.438+0000][7][gc,task     ] GC(463) Using 8 workers of 8 for evacuation
[2024-02-14T21:37:41.438+0000][7][gc,age      ] GC(463) Desired survivor size 41943040 bytes, new threshold 15 (max threshold 15)
[2024-02-14T21:37:41.440+0000][7][gc,phases   ] GC(463)   Pre Evacuate Collection Set: 0.1ms
[2024-02-14T21:37:41.440+0000][7][gc,phases   ] GC(463)   Merge Heap Roots: 0.0ms
[2024-02-14T21:37:41.440+0000][7][gc,phases   ] GC(463)   Evacuate Collection Set: 1.3ms
[2024-02-14T21:37:41.440+0000][7][gc,phases   ] GC(463)   Post Evacuate Collection Set: 0.6ms
[2024-02-14T21:37:41.440+0000][7][gc,phases   ] GC(463)   Other: 0.1ms
[2024-02-14T21:37:41.440+0000][7][gc,age      ] GC(463) Age table with threshold 15 (max threshold 15)
[2024-02-14T21:37:41.440+0000][7][gc,age      ] GC(463) - age   1:    2616592 bytes,    2616592 total
[2024-02-14T21:37:41.440+0000][7][gc,age      ] GC(463) - age   2:      79200 bytes,    2695792 total
[2024-02-14T21:37:41.440+0000][7][gc,age      ] GC(463) - age   3:       4896 bytes,    2700688 total
[2024-02-14T21:37:41.440+0000][7][gc,age      ] GC(463) - age   4:        760 bytes,    2701448 total
[2024-02-14T21:37:41.440+0000][7][gc,age      ] GC(463) - age   5:      98984 bytes,    2800432 total
[2024-02-14T21:37:41.440+0000][7][gc,age      ] GC(463) - age   6:        216 bytes,    2800648 total
[2024-02-14T21:37:41.440+0000][7][gc,age      ] GC(463) - age   7:      31280 bytes,    2831928 total
[2024-02-14T21:37:41.440+0000][7][gc,age      ] GC(463) - age   8:        184 bytes,    2832112 total
[2024-02-14T21:37:41.440+0000][7][gc,heap     ] GC(463) Eden regions: 152->0(152)
[2024-02-14T21:37:41.440+0000][7][gc,heap     ] GC(463) Survivor regions: 1->1(20)
[2024-02-14T21:37:41.440+0000][7][gc,heap     ] GC(463) Old regions: 26->26
[2024-02-14T21:37:41.440+0000][7][gc,heap     ] GC(463) Archive regions: 2->2
[2024-02-14T21:37:41.440+0000][7][gc,heap     ] GC(463) Humongous regions: 0->0
[2024-02-14T21:37:41.440+0000][7][gc,metaspace] GC(463) Metaspace: 129803K(133568K)->129803K(133568K) NonClass: 112824K(114816K)->112824K(114816K) Class: 16979K(18752K)->16979K(18752K)
[2024-02-14T21:37:41.440+0000][7][gc          ] GC(463) Pause Young (Normal) (G1 Evacuation Pause) 716M->108M(1024M) 2.304ms
[2024-02-14T21:37:41.440+0000][7][gc,cpu      ] GC(463) User=0.01s Sys=0.00s Real=0.00s
[2024-02-14T21:37:41.440+0000][7][safepoint   ] Safepoint "G1CollectForAllocation", Time since last: 20299368373 ns, Reaching safepoint: 47276 ns, At safepoint: 2377125 ns, Total: 2424401 ns
[2024-02-14T21:38:11.443+0000][7][safepoint   ] Safepoint "Cleanup", Time since last: 30003095244 ns, Reaching safepoint: 61668 ns, At safepoint: 5879 ns, Total: 67547 ns
[2024-02-14T21:38:55.449+0000][7][safepoint   ] Safepoint "Cleanup", Time since last: 44005813213 ns, Reaching safepoint: 44918 ns, At safepoint: 3229 ns, Total: 48147 ns
[2024-02-14T21:40:08.457+0000][7][safepoint   ] Safepoint "Cleanup", Time since last: 73008007690 ns, Reaching safepoint: 76363 ns, At safepoint: 6473 ns, Total: 82836 ns
[2024-02-14T21:40:26.187+0000][7][gc,start    ] GC(464) Pause Young (Normal) (G1 Evacuation Pause)
[2024-02-14T21:40:26.187+0000][7][gc,task     ] GC(464) Using 8 workers of 8 for evacuation
[2024-02-14T21:40:26.187+0000][7][gc,age      ] GC(464) Desired survivor size 41943040 bytes, new threshold 15 (max threshold 15)
[2024-02-14T21:40:26.189+0000][7][gc,phases   ] GC(464)   Pre Evacuate Collection Set: 0.1ms
[2024-02-14T21:40:26.189+0000][7][gc,phases   ] GC(464)   Merge Heap Roots: 0.0ms
[2024-02-14T21:40:26.189+0000][7][gc,phases   ] GC(464)   Evacuate Collection Set: 1.2ms
[2024-02-14T21:40:26.189+0000][7][gc,phases   ] GC(464)   Post Evacuate Collection Set: 0.6ms
[2024-02-14T21:40:26.189+0000][7][gc,phases   ] GC(464)   Other: 0.1ms
[2024-02-14T21:40:26.189+0000][7][gc,age      ] GC(464) Age table with threshold 15 (max threshold 15)
[2024-02-14T21:40:26.189+0000][7][gc,age      ] GC(464) - age   1:     907488 bytes,     907488 total
[2024-02-14T21:40:26.189+0000][7][gc,age      ] GC(464) - age   2:     902896 bytes,    1810384 total
[2024-02-14T21:40:26.189+0000][7][gc,age      ] GC(464) - age   3:      76768 bytes,    1887152 total
[2024-02-14T21:40:26.189+0000][7][gc,age      ] GC(464) - age   4:       1120 bytes,    1888272 total
[2024-02-14T21:40:26.189+0000][7][gc,age      ] GC(464) - age   5:        568 bytes,    1888840 total
[2024-02-14T21:40:26.189+0000][7][gc,age      ] GC(464) - age   6:      98664 bytes,    1987504 total
[2024-02-14T21:40:26.189+0000][7][gc,age      ] GC(464) - age   7:         32 bytes,    1987536 total
[2024-02-14T21:40:26.189+0000][7][gc,age      ] GC(464) - age   8:      31280 bytes,    2018816 total
[2024-02-14T21:40:26.189+0000][7][gc,age      ] GC(464) - age   9:        184 bytes,    2019000 total
[2024-02-14T21:40:26.189+0000][7][gc,heap     ] GC(464) Eden regions: 152->0(152)
[2024-02-14T21:40:26.189+0000][7][gc,heap     ] GC(464) Survivor regions: 1->1(20)
[2024-02-14T21:40:26.189+0000][7][gc,heap     ] GC(464) Old regions: 26->26
[2024-02-14T21:40:26.189+0000][7][gc,heap     ] GC(464) Archive regions: 2->2
[2024-02-14T21:40:26.189+0000][7][gc,heap     ] GC(464) Humongous regions: 0->0
[2024-02-14T21:40:26.189+0000][7][gc,metaspace] GC(464) Metaspace: 129803K(133568K)->129803K(133568K) NonClass: 112824K(114816K)->112824K(114816K) Class: 16979K(18752K)->16979K(18752K)
[2024-02-14T21:40:26.189+0000][7][gc          ] GC(464) Pause Young (Normal) (G1 Evacuation Pause) 716M->107M(1024M) 2.333ms
[2024-02-14T21:40:26.189+0000][7][gc,cpu      ] GC(464) User=0.01s Sys=0.00s Real=0.00s
[2024-02-14T21:40:26.189+0000][7][safepoint   ] Safepoint "G1CollectForAllocation", Time since last: 17729370577 ns, Reaching safepoint: 44701 ns, At safepoint: 2450956 ns, Total: 2495657 ns
[2024-02-14T21:43:32.199+0000][7][gc,start    ] GC(465) Pause Young (Normal) (G1 Evacuation Pause)
[2024-02-14T21:43:32.200+0000][7][gc,task     ] GC(465) Using 8 workers of 8 for evacuation
[2024-02-14T21:43:32.200+0000][7][gc,age      ] GC(465) Desired survivor size 41943040 bytes, new threshold 15 (max threshold 15)
[2024-02-14T21:43:32.203+0000][7][gc,phases   ] GC(465)   Pre Evacuate Collection Set: 0.1ms
[2024-02-14T21:43:32.203+0000][7][gc,phases   ] GC(465)   Merge Heap Roots: 0.1ms
[2024-02-14T21:43:32.203+0000][7][gc,phases   ] GC(465)   Evacuate Collection Set: 1.6ms
[2024-02-14T21:43:32.203+0000][7][gc,phases   ] GC(465)   Post Evacuate Collection Set: 1.3ms
[2024-02-14T21:43:32.203+0000][7][gc,phases   ] GC(465)   Other: 0.1ms
[2024-02-14T21:43:32.203+0000][7][gc,age      ] GC(465) Age table with threshold 15 (max threshold 15)
[2024-02-14T21:43:32.203+0000][7][gc,age      ] GC(465) - age   1:    1382832 bytes,    1382832 total
[2024-02-14T21:43:32.203+0000][7][gc,age      ] GC(465) - age   2:      16872 bytes,    1399704 total
[2024-02-14T21:43:32.203+0000][7][gc,age      ] GC(465) - age   3:     693160 bytes,    2092864 total
[2024-02-14T21:43:32.203+0000][7][gc,age      ] GC(465) - age   4:      76640 bytes,    2169504 total
[2024-02-14T21:43:32.203+0000][7][gc,age      ] GC(465) - age   5:        432 bytes,    2169936 total
[2024-02-14T21:43:32.203+0000][7][gc,age      ] GC(465) - age   6:        568 bytes,    2170504 total
[2024-02-14T21:43:32.203+0000][7][gc,age      ] GC(465) - age   7:      16464 bytes,    2186968 total
[2024-02-14T21:43:32.203+0000][7][gc,age      ] GC(465) - age   9:      30136 bytes,    2217104 total
[2024-02-14T21:43:32.203+0000][7][gc,age      ] GC(465) - age  10:        184 bytes,    2217288 total
[2024-02-14T21:43:32.203+0000][7][gc,heap     ] GC(465) Eden regions: 152->0(152)
[2024-02-14T21:43:32.203+0000][7][gc,heap     ] GC(465) Survivor regions: 1->1(20)
[2024-02-14T21:43:32.203+0000][7][gc,heap     ] GC(465) Old regions: 26->26
[2024-02-14T21:43:32.203+0000][7][gc,heap     ] GC(465) Archive regions: 2->2
[2024-02-14T21:43:32.203+0000][7][gc,heap     ] GC(465) Humongous regions: 0->0
[2024-02-14T21:43:32.203+0000][7][gc,metaspace] GC(465) Metaspace: 129803K(133568K)->129803K(133568K) NonClass: 112824K(114816K)->112824K(114816K) Class: 16979K(18752K)->16979K(18752K)
[2024-02-14T21:43:32.203+0000][7][gc          ] GC(465) Pause Young (Normal) (G1 Evacuation Pause) 715M->107M(1024M) 3.511ms
[2024-02-14T21:43:32.203+0000][7][gc,cpu      ] GC(465) User=0.02s Sys=0.00s Real=0.00s
[2024-02-14T21:43:32.203+0000][7][safepoint   ] Safepoint "G1CollectForAllocation", Time since last: 186010342746 ns, Reaching safepoint: 52077 ns, At safepoint: 3614903 ns, Total: 3666980 ns
[2024-02-14T21:46:02.216+0000][7][safepoint   ] Safepoint "Cleanup", Time since last: 150013015298 ns, Reaching safepoint: 55308 ns, At safepoint: 4617 ns, Total: 59925 ns
[2024-02-14T21:46:20.754+0000][7][gc,start    ] GC(466) Pause Young (Normal) (G1 Evacuation Pause)
[2024-02-14T21:46:20.754+0000][7][gc,task     ] GC(466) Using 8 workers of 8 for evacuation
[2024-02-14T21:46:20.754+0000][7][gc,age      ] GC(466) Desired survivor size 41943040 bytes, new threshold 15 (max threshold 15)
[2024-02-14T21:46:20.757+0000][7][gc,phases   ] GC(466)   Pre Evacuate Collection Set: 0.1ms
[2024-02-14T21:46:20.757+0000][7][gc,phases   ] GC(466)   Merge Heap Roots: 0.1ms
[2024-02-14T21:46:20.757+0000][7][gc,phases   ] GC(466)   Evacuate Collection Set: 2.1ms
[2024-02-14T21:46:20.757+0000][7][gc,phases   ] GC(466)   Post Evacuate Collection Set: 0.8ms
[2024-02-14T21:46:20.757+0000][7][gc,phases   ] GC(466)   Other: 0.1ms
[2024-02-14T21:46:20.757+0000][7][gc,age      ] GC(466) Age table with threshold 15 (max threshold 15)
[2024-02-14T21:46:20.757+0000][7][gc,age      ] GC(466) - age   1:    1766568 bytes,    1766568 total
[2024-02-14T21:46:20.757+0000][7][gc,age      ] GC(466) - age   2:     137944 bytes,    1904512 total
[2024-02-14T21:46:20.757+0000][7][gc,age      ] GC(466) - age   3:      14328 bytes,    1918840 total
[2024-02-14T21:46:20.757+0000][7][gc,age      ] GC(466) - age   4:     692416 bytes,    2611256 total
[2024-02-14T21:46:20.757+0000][7][gc,age      ] GC(466) - age   5:      76512 bytes,    2687768 total
[2024-02-14T21:46:20.757+0000][7][gc,age      ] GC(466) - age   6:        432 bytes,    2688200 total
[2024-02-14T21:46:20.757+0000][7][gc,age      ] GC(466) - age   7:        184 bytes,    2688384 total
[2024-02-14T21:46:20.757+0000][7][gc,age      ] GC(466) - age   8:      16464 bytes,    2704848 total
[2024-02-14T21:46:20.757+0000][7][gc,age      ] GC(466) - age  10:      30136 bytes,    2734984 total
[2024-02-14T21:46:20.757+0000][7][gc,heap     ] GC(466) Eden regions: 152->0(152)
[2024-02-14T21:46:20.757+0000][7][gc,heap     ] GC(466) Survivor regions: 1->1(20)
[2024-02-14T21:46:20.757+0000][7][gc,heap     ] GC(466) Old regions: 26->26
[2024-02-14T21:46:20.757+0000][7][gc,heap     ] GC(466) Archive regions: 2->2
[2024-02-14T21:46:20.757+0000][7][gc,heap     ] GC(466) Humongous regions: 0->0
[2024-02-14T21:46:20.757+0000][7][gc,metaspace] GC(466) Metaspace: 129804K(133568K)->129804K(133568K) NonClass: 112824K(114816K)->112824K(114816K) Class: 16979K(18752K)->16979K(18752K)
[2024-02-14T21:46:20.757+0000][7][gc          ] GC(466) Pause Young (Normal) (G1 Evacuation Pause) 715M->108M(1024M) 3.514ms
[2024-02-14T21:46:20.757+0000][7][gc,cpu      ] GC(466) User=0.01s Sys=0.00s Real=0.01s
[2024-02-14T21:46:20.757+0000][7][safepoint   ] Safepoint "G1CollectForAllocation", Time since last: 18537414633 ns, Reaching safepoint: 37362 ns, At safepoint: 3635544 ns, Total: 3672906 ns
[2024-02-14T21:47:20.763+0000][7][safepoint   ] Safepoint "Cleanup", Time since last: 60005700838 ns, Reaching safepoint: 55221 ns, At safepoint: 5364 ns, Total: 60585 ns
[2024-02-14T21:48:48.143+0000][7][gc,start    ] GC(467) Pause Young (Normal) (G1 Evacuation Pause)
[2024-02-14T21:48:48.143+0000][7][gc,task     ] GC(467) Using 8 workers of 8 for evacuation
[2024-02-14T21:48:48.143+0000][7][gc,age      ] GC(467) Desired survivor size 41943040 bytes, new threshold 15 (max threshold 15)
[2024-02-14T21:48:48.146+0000][7][gc,phases   ] GC(467)   Pre Evacuate Collection Set: 0.1ms
[2024-02-14T21:48:48.146+0000][7][gc,phases   ] GC(467)   Merge Heap Roots: 0.1ms
[2024-02-14T21:48:48.146+0000][7][gc,phases   ] GC(467)   Evacuate Collection Set: 1.9ms
[2024-02-14T21:48:48.146+0000][7][gc,phases   ] GC(467)   Post Evacuate Collection Set: 1.2ms
[2024-02-14T21:48:48.146+0000][7][gc,phases   ] GC(467)   Other: 0.1ms
[2024-02-14T21:48:48.146+0000][7][gc,age      ] GC(467) Age table with threshold 15 (max threshold 15)
[2024-02-14T21:48:48.146+0000][7][gc,age      ] GC(467) - age   1:    1456368 bytes,    1456368 total
[2024-02-14T21:48:48.146+0000][7][gc,age      ] GC(467) - age   2:      34600 bytes,    1490968 total
[2024-02-14T21:48:48.146+0000][7][gc,age      ] GC(467) - age   3:     134416 bytes,    1625384 total
[2024-02-14T21:48:48.146+0000][7][gc,age      ] GC(467) - age   4:      13976 bytes,    1639360 total
[2024-02-14T21:48:48.146+0000][7][gc,age      ] GC(467) - age   5:     692032 bytes,    2331392 total
[2024-02-14T21:48:48.146+0000][7][gc,age      ] GC(467) - age   6:      76264 bytes,    2407656 total
[2024-02-14T21:48:48.146+0000][7][gc,age      ] GC(467) - age   7:        400 bytes,    2408056 total
[2024-02-14T21:48:48.146+0000][7][gc,age      ] GC(467) - age   8:        184 bytes,    2408240 total
[2024-02-14T21:48:48.146+0000][7][gc,age      ] GC(467) - age   9:      16464 bytes,    2424704 total
[2024-02-14T21:48:48.146+0000][7][gc,age      ] GC(467) - age  11:      30136 bytes,    2454840 total
[2024-02-14T21:48:48.147+0000][7][gc,heap     ] GC(467) Eden regions: 152->0(152)
[2024-02-14T21:48:48.147+0000][7][gc,heap     ] GC(467) Survivor regions: 1->1(20)
[2024-02-14T21:48:48.147+0000][7][gc,heap     ] GC(467) Old regions: 26->26
[2024-02-14T21:48:48.147+0000][7][gc,heap     ] GC(467) Archive regions: 2->2
[2024-02-14T21:48:48.147+0000][7][gc,heap     ] GC(467) Humongous regions: 0->0
[2024-02-14T21:48:48.147+0000][7][gc,metaspace] GC(467) Metaspace: 129804K(133568K)->129804K(133568K) NonClass: 112825K(114816K)->112825K(114816K) Class: 16979K(18752K)->16979K(18752K)
[2024-02-14T21:48:48.147+0000][7][gc          ] GC(467) Pause Young (Normal) (G1 Evacuation Pause) 716M->108M(1024M) 3.756ms
[2024-02-14T21:48:48.147+0000][7][gc,cpu      ] GC(467) User=0.01s Sys=0.00s Real=0.01s
[2024-02-14T21:48:48.147+0000][7][safepoint   ] Safepoint "G1CollectForAllocation", Time since last: 87379720765 ns, Reaching safepoint: 73405 ns, At safepoint: 3860190 ns, Total: 3933595 ns
[2024-02-14T21:50:40.157+0000][7][safepoint   ] Safepoint "Cleanup", Time since last: 112010007936 ns, Reaching safepoint: 85533 ns, At safepoint: 6392 ns, Total: 91925 ns
[2024-02-14T21:51:38.238+0000][7][gc,start    ] GC(468) Pause Young (Normal) (G1 Evacuation Pause)
[2024-02-14T21:51:38.238+0000][7][gc,task     ] GC(468) Using 8 workers of 8 for evacuation
[2024-02-14T21:51:38.238+0000][7][gc,age      ] GC(468) Desired survivor size 41943040 bytes, new threshold 15 (max threshold 15)
[2024-02-14T21:51:38.241+0000][7][gc,phases   ] GC(468)   Pre Evacuate Collection Set: 0.1ms
[2024-02-14T21:51:38.241+0000][7][gc,phases   ] GC(468)   Merge Heap Roots: 0.1ms
[2024-02-14T21:51:38.241+0000][7][gc,phases   ] GC(468)   Evacuate Collection Set: 1.6ms
[2024-02-14T21:51:38.241+0000][7][gc,phases   ] GC(468)   Post Evacuate Collection Set: 1.0ms
[2024-02-14T21:51:38.241+0000][7][gc,phases   ] GC(468)   Other: 0.1ms
[2024-02-14T21:51:38.241+0000][7][gc,age      ] GC(468) Age table with threshold 15 (max threshold 15)
[2024-02-14T21:51:38.241+0000][7][gc,age      ] GC(468) - age   1:     474656 bytes,     474656 total
[2024-02-14T21:51:38.241+0000][7][gc,age      ] GC(468) - age   2:       4360 bytes,     479016 total
[2024-02-14T21:51:38.241+0000][7][gc,age      ] GC(468) - age   3:      31720 bytes,     510736 total
[2024-02-14T21:51:38.241+0000][7][gc,age      ] GC(468) - age   4:     133232 bytes,     643968 total
[2024-02-14T21:51:38.241+0000][7][gc,age      ] GC(468) - age   5:      10328 bytes,     654296 total
[2024-02-14T21:51:38.241+0000][7][gc,age      ] GC(468) - age   6:     691904 bytes,    1346200 total
[2024-02-14T21:51:38.241+0000][7][gc,age      ] GC(468) - age   7:      75872 bytes,    1422072 total
[2024-02-14T21:51:38.241+0000][7][gc,age      ] GC(468) - age   8:        400 bytes,    1422472 total
[2024-02-14T21:51:38.241+0000][7][gc,age      ] GC(468) - age   9:        184 bytes,    1422656 total
[2024-02-14T21:51:38.241+0000][7][gc,age      ] GC(468) - age  10:      16464 bytes,    1439120 total
[2024-02-14T21:51:38.241+0000][7][gc,age      ] GC(468) - age  12:      30136 bytes,    1469256 total
[2024-02-14T21:51:38.241+0000][7][gc,heap     ] GC(468) Eden regions: 152->0(152)
[2024-02-14T21:51:38.241+0000][7][gc,heap     ] GC(468) Survivor regions: 1->1(20)
[2024-02-14T21:51:38.241+0000][7][gc,heap     ] GC(468) Old regions: 26->26
[2024-02-14T21:51:38.241+0000][7][gc,heap     ] GC(468) Archive regions: 2->2
[2024-02-14T21:51:38.241+0000][7][gc,heap     ] GC(468) Humongous regions: 0->0
[2024-02-14T21:51:38.241+0000][7][gc,metaspace] GC(468) Metaspace: 129804K(133568K)->129804K(133568K) NonClass: 112825K(114816K)->112825K(114816K) Class: 16979K(18752K)->16979K(18752K)
[2024-02-14T21:51:38.241+0000][7][gc          ] GC(468) Pause Young (Normal) (G1 Evacuation Pause) 716M->106M(1024M) 3.088ms
[2024-02-14T21:51:38.241+0000][7][gc,cpu      ] GC(468) User=0.01s Sys=0.00s Real=0.00s
[2024-02-14T21:51:38.241+0000][7][safepoint   ] Safepoint "G1CollectForAllocation", Time since last: 58081221825 ns, Reaching safepoint: 41079 ns, At safepoint: 3173522 ns, Total: 3214601 ns
[2024-02-14T21:54:41.195+0000][7][gc,start    ] GC(469) Pause Young (Normal) (G1 Evacuation Pause)
[2024-02-14T21:54:41.195+0000][7][gc,task     ] GC(469) Using 8 workers of 8 for evacuation
[2024-02-14T21:54:41.195+0000][7][gc,age      ] GC(469) Desired survivor size 41943040 bytes, new threshold 15 (max threshold 15)
[2024-02-14T21:54:41.197+0000][7][gc,phases   ] GC(469)   Pre Evacuate Collection Set: 0.1ms
[2024-02-14T21:54:41.197+0000][7][gc,phases   ] GC(469)   Merge Heap Roots: 0.0ms
[2024-02-14T21:54:41.197+0000][7][gc,phases   ] GC(469)   Evacuate Collection Set: 1.0ms
[2024-02-14T21:54:41.197+0000][7][gc,phases   ] GC(469)   Post Evacuate Collection Set: 0.6ms
[2024-02-14T21:54:41.197+0000][7][gc,phases   ] GC(469)   Other: 0.1ms
[2024-02-14T21:54:41.197+0000][7][gc,age      ] GC(469) Age table with threshold 15 (max threshold 15)
[2024-02-14T21:54:41.197+0000][7][gc,age      ] GC(469) - age   1:     845736 bytes,     845736 total
[2024-02-14T21:54:41.197+0000][7][gc,age      ] GC(469) - age   2:       7152 bytes,     852888 total
[2024-02-14T21:54:41.197+0000][7][gc,age      ] GC(469) - age   3:       1224 bytes,     854112 total
[2024-02-14T21:54:41.197+0000][7][gc,age      ] GC(469) - age   4:      31144 bytes,     885256 total
[2024-02-14T21:54:41.197+0000][7][gc,age      ] GC(469) - age   5:     133168 bytes,    1018424 total
[2024-02-14T21:54:41.197+0000][7][gc,age      ] GC(469) - age   6:      10328 bytes,    1028752 total
[2024-02-14T21:54:41.197+0000][7][gc,age      ] GC(469) - age   7:     594672 bytes,    1623424 total
[2024-02-14T21:54:41.197+0000][7][gc,age      ] GC(469) - age   8:      75872 bytes,    1699296 total
[2024-02-14T21:54:41.197+0000][7][gc,age      ] GC(469) - age   9:        216 bytes,    1699512 total
[2024-02-14T21:54:41.197+0000][7][gc,age      ] GC(469) - age  10:        184 bytes,    1699696 total
[2024-02-14T21:54:41.197+0000][7][gc,age      ] GC(469) - age  11:      16024 bytes,    1715720 total
[2024-02-14T21:54:41.197+0000][7][gc,age      ] GC(469) - age  13:      30136 bytes,    1745856 total
[2024-02-14T21:54:41.197+0000][7][gc,heap     ] GC(469) Eden regions: 152->0(152)
[2024-02-14T21:54:41.197+0000][7][gc,heap     ] GC(469) Survivor regions: 1->1(20)
[2024-02-14T21:54:41.197+0000][7][gc,heap     ] GC(469) Old regions: 26->26
[2024-02-14T21:54:41.197+0000][7][gc,heap     ] GC(469) Archive regions: 2->2
[2024-02-14T21:54:41.197+0000][7][gc,heap     ] GC(469) Humongous regions: 0->0
[2024-02-14T21:54:41.197+0000][7][gc,metaspace] GC(469) Metaspace: 129804K(133568K)->129804K(133568K) NonClass: 112825K(114816K)->112825K(114816K) Class: 16979K(18752K)->16979K(18752K)
[2024-02-14T21:54:41.197+0000][7][gc          ] GC(469) Pause Young (Normal) (G1 Evacuation Pause) 714M->107M(1024M) 2.023ms
[2024-02-14T21:54:41.197+0000][7][gc,cpu      ] GC(469) User=0.01s Sys=0.00s Real=0.01s
[2024-02-14T21:54:41.197+0000][7][safepoint   ] Safepoint "G1CollectForAllocation", Time since last: 182953593896 ns, Reaching safepoint: 28499 ns, At safepoint: 2121178 ns, Total: 2149677 ns
[2024-02-14T21:55:56.203+0000][7][safepoint   ] Safepoint "Cleanup", Time since last: 75006266443 ns, Reaching safepoint: 63192 ns, At safepoint: 28346 ns, Total: 91538 ns
[2024-02-14T21:57:39.340+0000][7][gc,start    ] GC(470) Pause Young (Normal) (G1 Evacuation Pause)
[2024-02-14T21:57:39.340+0000][7][gc,task     ] GC(470) Using 8 workers of 8 for evacuation
[2024-02-14T21:57:39.340+0000][7][gc,age      ] GC(470) Desired survivor size 41943040 bytes, new threshold 15 (max threshold 15)
[2024-02-14T21:57:39.343+0000][7][gc,phases   ] GC(470)   Pre Evacuate Collection Set: 0.1ms
[2024-02-14T21:57:39.343+0000][7][gc,phases   ] GC(470)   Merge Heap Roots: 0.1ms
[2024-02-14T21:57:39.343+0000][7][gc,phases   ] GC(470)   Evacuate Collection Set: 1.4ms
[2024-02-14T21:57:39.343+0000][7][gc,phases   ] GC(470)   Post Evacuate Collection Set: 0.7ms
[2024-02-14T21:57:39.343+0000][7][gc,phases   ] GC(470)   Other: 0.1ms
[2024-02-14T21:57:39.343+0000][7][gc,age      ] GC(470) Age table with threshold 15 (max threshold 15)
[2024-02-14T21:57:39.343+0000][7][gc,age      ] GC(470) - age   1:    1050720 bytes,    1050720 total
[2024-02-14T21:57:39.343+0000][7][gc,age      ] GC(470) - age   2:      41696 bytes,    1092416 total
[2024-02-14T21:57:39.343+0000][7][gc,age      ] GC(470) - age   3:       4616 bytes,    1097032 total
[2024-02-14T21:57:39.343+0000][7][gc,age      ] GC(470) - age   4:        408 bytes,    1097440 total
[2024-02-14T21:57:39.343+0000][7][gc,age      ] GC(470) - age   5:      31056 bytes,    1128496 total
[2024-02-14T21:57:39.343+0000][7][gc,age      ] GC(470) - age   6:     133008 bytes,    1261504 total
[2024-02-14T21:57:39.343+0000][7][gc,age      ] GC(470) - age   7:      10328 bytes,    1271832 total
[2024-02-14T21:57:39.343+0000][7][gc,age      ] GC(470) - age   8:     594672 bytes,    1866504 total
[2024-02-14T21:57:39.343+0000][7][gc,age      ] GC(470) - age   9:      75872 bytes,    1942376 total
[2024-02-14T21:57:39.343+0000][7][gc,age      ] GC(470) - age  10:        216 bytes,    1942592 total
[2024-02-14T21:57:39.343+0000][7][gc,age      ] GC(470) - age  11:        184 bytes,    1942776 total
[2024-02-14T21:57:39.343+0000][7][gc,age      ] GC(470) - age  12:      15840 bytes,    1958616 total
[2024-02-14T21:57:39.343+0000][7][gc,age      ] GC(470) - age  14:      30136 bytes,    1988752 total
[2024-02-14T21:57:39.343+0000][7][gc,heap     ] GC(470) Eden regions: 152->0(152)
[2024-02-14T21:57:39.343+0000][7][gc,heap     ] GC(470) Survivor regions: 1->1(20)
[2024-02-14T21:57:39.343+0000][7][gc,heap     ] GC(470) Old regions: 26->26
[2024-02-14T21:57:39.343+0000][7][gc,heap     ] GC(470) Archive regions: 2->2
[2024-02-14T21:57:39.343+0000][7][gc,heap     ] GC(470) Humongous regions: 0->0
[2024-02-14T21:57:39.343+0000][7][gc,metaspace] GC(470) Metaspace: 129804K(133568K)->129804K(133568K) NonClass: 112825K(114816K)->112825K(114816K) Class: 16979K(18752K)->16979K(18752K)
[2024-02-14T21:57:39.343+0000][7][gc          ] GC(470) Pause Young (Normal) (G1 Evacuation Pause) 715M->107M(1024M) 2.668ms
[2024-02-14T21:57:39.343+0000][7][gc,cpu      ] GC(470) User=0.02s Sys=0.00s Real=0.00s
[2024-02-14T21:57:39.343+0000][7][safepoint   ] Safepoint "G1CollectForAllocation", Time since last: 103136710198 ns, Reaching safepoint: 36719 ns, At safepoint: 2765132 ns, Total: 2801851 ns
[2024-02-14T21:58:26.347+0000][7][safepoint   ] Safepoint "Cleanup", Time since last: 47004186528 ns, Reaching safepoint: 69860 ns, At safepoint: 7229 ns, Total: 77089 ns
[2024-02-14T22:00:44.227+0000][7][gc,start    ] GC(471) Pause Young (Normal) (G1 Evacuation Pause)
[2024-02-14T22:00:44.227+0000][7][gc,task     ] GC(471) Using 8 workers of 8 for evacuation
[2024-02-14T22:00:44.227+0000][7][gc,age      ] GC(471) Desired survivor size 41943040 bytes, new threshold 15 (max threshold 15)
[2024-02-14T22:00:44.229+0000][7][gc,phases   ] GC(471)   Pre Evacuate Collection Set: 0.1ms
[2024-02-14T22:00:44.229+0000][7][gc,phases   ] GC(471)   Merge Heap Roots: 0.1ms
[2024-02-14T22:00:44.229+0000][7][gc,phases   ] GC(471)   Evacuate Collection Set: 1.2ms
[2024-02-14T22:00:44.229+0000][7][gc,phases   ] GC(471)   Post Evacuate Collection Set: 0.7ms
[2024-02-14T22:00:44.229+0000][7][gc,phases   ] GC(471)   Other: 0.1ms
[2024-02-14T22:00:44.229+0000][7][gc,age      ] GC(471) Age table with threshold 15 (max threshold 15)
[2024-02-14T22:00:44.229+0000][7][gc,age      ] GC(471) - age   1:    1359128 bytes,    1359128 total
[2024-02-14T22:00:44.229+0000][7][gc,age      ] GC(471) - age   2:       5808 bytes,    1364936 total
[2024-02-14T22:00:44.229+0000][7][gc,age      ] GC(471) - age   3:      38520 bytes,    1403456 total
[2024-02-14T22:00:44.229+0000][7][gc,age      ] GC(471) - age   4:        528 bytes,    1403984 total
[2024-02-14T22:00:44.229+0000][7][gc,age      ] GC(471) - age   5:        280 bytes,    1404264 total
[2024-02-14T22:00:44.229+0000][7][gc,age      ] GC(471) - age   6:      31056 bytes,    1435320 total
[2024-02-14T22:00:44.229+0000][7][gc,age      ] GC(471) - age   7:     133008 bytes,    1568328 total
[2024-02-14T22:00:44.229+0000][7][gc,age      ] GC(471) - age   8:      10328 bytes,    1578656 total
[2024-02-14T22:00:44.229+0000][7][gc,age      ] GC(471) - age   9:     594544 bytes,    2173200 total
[2024-02-14T22:00:44.229+0000][7][gc,age      ] GC(471) - age  10:      75872 bytes,    2249072 total
[2024-02-14T22:00:44.229+0000][7][gc,age      ] GC(471) - age  11:        216 bytes,    2249288 total
[2024-02-14T22:00:44.229+0000][7][gc,age      ] GC(471) - age  12:        184 bytes,    2249472 total
[2024-02-14T22:00:44.229+0000][7][gc,age      ] GC(471) - age  13:      15840 bytes,    2265312 total
[2024-02-14T22:00:44.229+0000][7][gc,age      ] GC(471) - age  15:      30136 bytes,    2295448 total
[2024-02-14T22:00:44.229+0000][7][gc,heap     ] GC(471) Eden regions: 152->0(152)
[2024-02-14T22:00:44.229+0000][7][gc,heap     ] GC(471) Survivor regions: 1->1(20)
[2024-02-14T22:00:44.229+0000][7][gc,heap     ] GC(471) Old regions: 26->26
[2024-02-14T22:00:44.229+0000][7][gc,heap     ] GC(471) Archive regions: 2->2
[2024-02-14T22:00:44.229+0000][7][gc,heap     ] GC(471) Humongous regions: 0->0
[2024-02-14T22:00:44.229+0000][7][gc,metaspace] GC(471) Metaspace: 129804K(133568K)->129804K(133568K) NonClass: 112825K(114816K)->112825K(114816K) Class: 16979K(18752K)->16979K(18752K)
[2024-02-14T22:00:44.229+0000][7][gc          ] GC(471) Pause Young (Normal) (G1 Evacuation Pause) 715M->107M(1024M) 2.301ms
[2024-02-14T22:00:44.229+0000][7][gc,cpu      ] GC(471) User=0.01s Sys=0.00s Real=0.00s
[2024-02-14T22:00:44.229+0000][7][safepoint   ] Safepoint "G1CollectForAllocation", Time since last: 137879694762 ns, Reaching safepoint: 37071 ns, At safepoint: 2370619 ns, Total: 2407690 ns
[2024-02-14T22:01:21.232+0000][7][safepoint   ] Safepoint "Cleanup", Time since last: 37002940230 ns, Reaching safepoint: 59174 ns, At safepoint: 7343 ns, Total: 66517 ns
[2024-02-14T22:03:27.247+0000][7][gc,start    ] GC(472) Pause Young (Normal) (G1 Evacuation Pause)
[2024-02-14T22:03:27.247+0000][7][gc,task     ] GC(472) Using 8 workers of 8 for evacuation
[2024-02-14T22:03:27.247+0000][7][gc,age      ] GC(472) Desired survivor size 41943040 bytes, new threshold 15 (max threshold 15)
[2024-02-14T22:03:27.250+0000][7][gc,phases   ] GC(472)   Pre Evacuate Collection Set: 0.1ms
[2024-02-14T22:03:27.250+0000][7][gc,phases   ] GC(472)   Merge Heap Roots: 0.1ms
[2024-02-14T22:03:27.250+0000][7][gc,phases   ] GC(472)   Evacuate Collection Set: 1.6ms
[2024-02-14T22:03:27.250+0000][7][gc,phases   ] GC(472)   Post Evacuate Collection Set: 0.5ms
[2024-02-14T22:03:27.250+0000][7][gc,phases   ] GC(472)   Other: 0.1ms
[2024-02-14T22:03:27.250+0000][7][gc,age      ] GC(472) Age table with threshold 15 (max threshold 15)
[2024-02-14T22:03:27.250+0000][7][gc,age      ] GC(472) - age   1:    1715312 bytes,    1715312 total
[2024-02-14T22:03:27.250+0000][7][gc,age      ] GC(472) - age   2:       9184 bytes,    1724496 total
[2024-02-14T22:03:27.250+0000][7][gc,age      ] GC(472) - age   3:       1960 bytes,    1726456 total
[2024-02-14T22:03:27.250+0000][7][gc,age      ] GC(472) - age   4:      38264 bytes,    1764720 total
[2024-02-14T22:03:27.250+0000][7][gc,age      ] GC(472) - age   5:        464 bytes,    1765184 total
[2024-02-14T22:03:27.250+0000][7][gc,age      ] GC(472) - age   6:        280 bytes,    1765464 total
[2024-02-14T22:03:27.250+0000][7][gc,age      ] GC(472) - age   7:      31056 bytes,    1796520 total
[2024-02-14T22:03:27.250+0000][7][gc,age      ] GC(472) - age   8:     133008 bytes,    1929528 total
[2024-02-14T22:03:27.250+0000][7][gc,age      ] GC(472) - age   9:      10328 bytes,    1939856 total
[2024-02-14T22:03:27.250+0000][7][gc,age      ] GC(472) - age  10:     594544 bytes,    2534400 total
[2024-02-14T22:03:27.250+0000][7][gc,age      ] GC(472) - age  11:      75872 bytes,    2610272 total
[2024-02-14T22:03:27.250+0000][7][gc,age      ] GC(472) - age  12:        216 bytes,    2610488 total
[2024-02-14T22:03:27.250+0000][7][gc,age      ] GC(472) - age  13:        184 bytes,    2610672 total
[2024-02-14T22:03:27.250+0000][7][gc,age      ] GC(472) - age  14:      15840 bytes,    2626512 total
[2024-02-14T22:03:27.250+0000][7][gc,heap     ] GC(472) Eden regions: 152->0(152)
[2024-02-14T22:03:27.250+0000][7][gc,heap     ] GC(472) Survivor regions: 1->1(20)
[2024-02-14T22:03:27.250+0000][7][gc,heap     ] GC(472) Old regions: 26->26
[2024-02-14T22:03:27.250+0000][7][gc,heap     ] GC(472) Archive regions: 2->2
[2024-02-14T22:03:27.250+0000][7][gc,heap     ] GC(472) Humongous regions: 0->0
[2024-02-14T22:03:27.250+0000][7][gc,metaspace] GC(472) Metaspace: 129804K(133568K)->129804K(133568K) NonClass: 112825K(114816K)->112825K(114816K) Class: 16979K(18752K)->16979K(18752K)
[2024-02-14T22:03:27.250+0000][7][gc          ] GC(472) Pause Young (Normal) (G1 Evacuation Pause) 715M->108M(1024M) 2.657ms
[2024-02-14T22:03:27.250+0000][7][gc,cpu      ] GC(472) User=0.01s Sys=0.00s Real=0.00s
[2024-02-14T22:03:27.250+0000][7][safepoint   ] Safepoint "G1CollectForAllocation", Time since last: 126015053151 ns, Reaching safepoint: 41698 ns, At safepoint: 2739593 ns, Total: 2781291 ns
[2024-02-14T22:06:20.618+0000][7][gc,start    ] GC(473) Pause Young (Normal) (G1 Evacuation Pause)
[2024-02-14T22:06:20.618+0000][7][gc,task     ] GC(473) Using 8 workers of 8 for evacuation
[2024-02-14T22:06:20.618+0000][7][gc,age      ] GC(473) Desired survivor size 41943040 bytes, new threshold 15 (max threshold 15)
[2024-02-14T22:06:20.621+0000][7][gc,phases   ] GC(473)   Pre Evacuate Collection Set: 0.1ms
[2024-02-14T22:06:20.621+0000][7][gc,phases   ] GC(473)   Merge Heap Roots: 0.1ms
[2024-02-14T22:06:20.621+0000][7][gc,phases   ] GC(473)   Evacuate Collection Set: 1.4ms
[2024-02-14T22:06:20.621+0000][7][gc,phases   ] GC(473)   Post Evacuate Collection Set: 0.7ms
[2024-02-14T22:06:20.621+0000][7][gc,phases   ] GC(473)   Other: 0.1ms
[2024-02-14T22:06:20.621+0000][7][gc,age      ] GC(473) Age table with threshold 15 (max threshold 15)
[2024-02-14T22:06:20.621+0000][7][gc,age      ] GC(473) - age   1:     564056 bytes,     564056 total
[2024-02-14T22:06:20.621+0000][7][gc,age      ] GC(473) - age   2:       8592 bytes,     572648 total
[2024-02-14T22:06:20.621+0000][7][gc,age      ] GC(473) - age   3:       5104 bytes,     577752 total
[2024-02-14T22:06:20.621+0000][7][gc,age      ] GC(473) - age   4:       1216 bytes,     578968 total
[2024-02-14T22:06:20.621+0000][7][gc,age      ] GC(473) - age   5:      37632 bytes,     616600 total
[2024-02-14T22:06:20.621+0000][7][gc,age      ] GC(473) - age   6:         72 bytes,     616672 total
[2024-02-14T22:06:20.621+0000][7][gc,age      ] GC(473) - age   7:        280 bytes,     616952 total
[2024-02-14T22:06:20.621+0000][7][gc,age      ] GC(473) - age   8:      30672 bytes,     647624 total
[2024-02-14T22:06:20.621+0000][7][gc,age      ] GC(473) - age   9:     133008 bytes,     780632 total
[2024-02-14T22:06:20.621+0000][7][gc,age      ] GC(473) - age  10:      10328 bytes,     790960 total
[2024-02-14T22:06:20.621+0000][7][gc,age      ] GC(473) - age  11:     594544 bytes,    1385504 total
[2024-02-14T22:06:20.621+0000][7][gc,age      ] GC(473) - age  12:      75872 bytes,    1461376 total
[2024-02-14T22:06:20.621+0000][7][gc,age      ] GC(473) - age  13:        216 bytes,    1461592 total
[2024-02-14T22:06:20.621+0000][7][gc,age      ] GC(473) - age  15:      15840 bytes,    1477432 total
[2024-02-14T22:06:20.621+0000][7][gc,heap     ] GC(473) Eden regions: 152->0(152)
[2024-02-14T22:06:20.621+0000][7][gc,heap     ] GC(473) Survivor regions: 1->1(20)
[2024-02-14T22:06:20.621+0000][7][gc,heap     ] GC(473) Old regions: 26->26
[2024-02-14T22:06:20.621+0000][7][gc,heap     ] GC(473) Archive regions: 2->2
[2024-02-14T22:06:20.621+0000][7][gc,heap     ] GC(473) Humongous regions: 0->0
[2024-02-14T22:06:20.621+0000][7][gc,metaspace] GC(473) Metaspace: 129804K(133568K)->129804K(133568K) NonClass: 112825K(114816K)->112825K(114816K) Class: 16979K(18752K)->16979K(18752K)
[2024-02-14T22:06:20.621+0000][7][gc          ] GC(473) Pause Young (Normal) (G1 Evacuation Pause) 716M->107M(1024M) 2.696ms
[2024-02-14T22:06:20.621+0000][7][gc,cpu      ] GC(473) User=0.01s Sys=0.00s Real=0.00s
[2024-02-14T22:06:20.621+0000][7][safepoint   ] Safepoint "G1CollectForAllocation", Time since last: 173367954232 ns, Reaching safepoint: 56120 ns, At safepoint: 2808406 ns, Total: 2864526 ns
[2024-02-14T22:09:25.550+0000][7][gc,start    ] GC(474) Pause Young (Normal) (G1 Evacuation Pause)
[2024-02-14T22:09:25.550+0000][7][gc,task     ] GC(474) Using 8 workers of 8 for evacuation
[2024-02-14T22:09:25.550+0000][7][gc,age      ] GC(474) Desired survivor size 41943040 bytes, new threshold 15 (max threshold 15)
[2024-02-14T22:09:25.552+0000][7][gc,phases   ] GC(474)   Pre Evacuate Collection Set: 0.1ms
[2024-02-14T22:09:25.552+0000][7][gc,phases   ] GC(474)   Merge Heap Roots: 0.1ms
[2024-02-14T22:09:25.552+0000][7][gc,phases   ] GC(474)   Evacuate Collection Set: 1.4ms
[2024-02-14T22:09:25.552+0000][7][gc,phases   ] GC(474)   Post Evacuate Collection Set: 0.7ms
[2024-02-14T22:09:25.552+0000][7][gc,phases   ] GC(474)   Other: 0.1ms
[2024-02-14T22:09:25.552+0000][7][gc,age      ] GC(474) Age table with threshold 15 (max threshold 15)
[2024-02-14T22:09:25.552+0000][7][gc,age      ] GC(474) - age   1:     739288 bytes,     739288 total
[2024-02-14T22:09:25.552+0000][7][gc,age      ] GC(474) - age   2:      40296 bytes,     779584 total
[2024-02-14T22:09:25.552+0000][7][gc,age      ] GC(474) - age   3:       5224 bytes,     784808 total
[2024-02-14T22:09:25.552+0000][7][gc,age      ] GC(474) - age   4:       3888 bytes,     788696 total
[2024-02-14T22:09:25.552+0000][7][gc,age      ] GC(474) - age   5:        248 bytes,     788944 total
[2024-02-14T22:09:25.552+0000][7][gc,age      ] GC(474) - age   6:      37504 bytes,     826448 total
[2024-02-14T22:09:25.552+0000][7][gc,age      ] GC(474) - age   7:         72 bytes,     826520 total
[2024-02-14T22:09:25.552+0000][7][gc,age      ] GC(474) - age   8:        248 bytes,     826768 total
[2024-02-14T22:09:25.552+0000][7][gc,age      ] GC(474) - age   9:      30672 bytes,     857440 total
[2024-02-14T22:09:25.552+0000][7][gc,age      ] GC(474) - age  10:     133008 bytes,     990448 total
[2024-02-14T22:09:25.552+0000][7][gc,age      ] GC(474) - age  11:      10328 bytes,    1000776 total
[2024-02-14T22:09:25.552+0000][7][gc,age      ] GC(474) - age  12:     594544 bytes,    1595320 total
[2024-02-14T22:09:25.552+0000][7][gc,age      ] GC(474) - age  13:      75872 bytes,    1671192 total
[2024-02-14T22:09:25.552+0000][7][gc,age      ] GC(474) - age  14:        216 bytes,    1671408 total
[2024-02-14T22:09:25.552+0000][7][gc,heap     ] GC(474) Eden regions: 152->0(152)
[2024-02-14T22:09:25.552+0000][7][gc,heap     ] GC(474) Survivor regions: 1->1(20)
[2024-02-14T22:09:25.552+0000][7][gc,heap     ] GC(474) Old regions: 26->26
[2024-02-14T22:09:25.552+0000][7][gc,heap     ] GC(474) Archive regions: 2->2
[2024-02-14T22:09:25.552+0000][7][gc,heap     ] GC(474) Humongous regions: 0->0
[2024-02-14T22:09:25.552+0000][7][gc,metaspace] GC(474) Metaspace: 129804K(133568K)->129804K(133568K) NonClass: 112825K(114816K)->112825K(114816K) Class: 16979K(18752K)->16979K(18752K)
[2024-02-14T22:09:25.552+0000][7][gc          ] GC(474) Pause Young (Normal) (G1 Evacuation Pause) 715M->107M(1024M) 2.598ms
[2024-02-14T22:09:25.552+0000][7][gc,cpu      ] GC(474) User=0.01s Sys=0.00s Real=0.00s
[2024-02-14T22:09:25.552+0000][7][safepoint   ] Safepoint "G1CollectForAllocation", Time since last: 184928862586 ns, Reaching safepoint: 39479 ns, At safepoint: 2690416 ns, Total: 2729895 ns
[2024-02-14T22:12:24.496+0000][7][gc,start    ] GC(475) Pause Young (Normal) (G1 Evacuation Pause)
[2024-02-14T22:12:24.496+0000][7][gc,task     ] GC(475) Using 8 workers of 8 for evacuation
[2024-02-14T22:12:24.496+0000][7][gc,age      ] GC(475) Desired survivor size 41943040 bytes, new threshold 15 (max threshold 15)
[2024-02-14T22:12:24.498+0000][7][gc,phases   ] GC(475)   Pre Evacuate Collection Set: 0.1ms
[2024-02-14T22:12:24.498+0000][7][gc,phases   ] GC(475)   Merge Heap Roots: 0.1ms
[2024-02-14T22:12:24.498+0000][7][gc,phases   ] GC(475)   Evacuate Collection Set: 1.3ms
[2024-02-14T22:12:24.498+0000][7][gc,phases   ] GC(475)   Post Evacuate Collection Set: 0.6ms
[2024-02-14T22:12:24.498+0000][7][gc,phases   ] GC(475)   Other: 0.1ms
[2024-02-14T22:12:24.498+0000][7][gc,age      ] GC(475) Age table with threshold 15 (max threshold 15)
[2024-02-14T22:12:24.498+0000][7][gc,age      ] GC(475) - age   1:    1206744 bytes,    1206744 total
[2024-02-14T22:12:24.498+0000][7][gc,age      ] GC(475) - age   2:       4144 bytes,    1210888 total
[2024-02-14T22:12:24.498+0000][7][gc,age      ] GC(475) - age   3:      38600 bytes,    1249488 total
[2024-02-14T22:12:24.498+0000][7][gc,age      ] GC(475) - age   4:       5032 bytes,    1254520 total
[2024-02-14T22:12:24.498+0000][7][gc,age      ] GC(475) - age   5:        432 bytes,    1254952 total
[2024-02-14T22:12:24.498+0000][7][gc,age      ] GC(475) - age   6:        216 bytes,    1255168 total
[2024-02-14T22:12:24.498+0000][7][gc,age      ] GC(475) - age   7:      37504 bytes,    1292672 total
[2024-02-14T22:12:24.498+0000][7][gc,age      ] GC(475) - age   8:         72 bytes,    1292744 total
[2024-02-14T22:12:24.498+0000][7][gc,age      ] GC(475) - age   9:         64 bytes,    1292808 total
[2024-02-14T22:12:24.498+0000][7][gc,age      ] GC(475) - age  10:      30672 bytes,    1323480 total
[2024-02-14T22:12:24.499+0000][7][gc,age      ] GC(475) - age  11:     133008 bytes,    1456488 total
[2024-02-14T22:12:24.499+0000][7][gc,age      ] GC(475) - age  12:      10328 bytes,    1466816 total
[2024-02-14T22:12:24.499+0000][7][gc,age      ] GC(475) - age  13:     594544 bytes,    2061360 total
[2024-02-14T22:12:24.499+0000][7][gc,age      ] GC(475) - age  14:      75872 bytes,    2137232 total
[2024-02-14T22:12:24.499+0000][7][gc,age      ] GC(475) - age  15:         32 bytes,    2137264 total
[2024-02-14T22:12:24.499+0000][7][gc,heap     ] GC(475) Eden regions: 152->0(152)
[2024-02-14T22:12:24.499+0000][7][gc,heap     ] GC(475) Survivor regions: 1->1(20)
[2024-02-14T22:12:24.499+0000][7][gc,heap     ] GC(475) Old regions: 26->26
[2024-02-14T22:12:24.499+0000][7][gc,heap     ] GC(475) Archive regions: 2->2
[2024-02-14T22:12:24.499+0000][7][gc,heap     ] GC(475) Humongous regions: 0->0
[2024-02-14T22:12:24.499+0000][7][gc,metaspace] GC(475) Metaspace: 129804K(133568K)->129804K(133568K) NonClass: 112825K(114816K)->112825K(114816K) Class: 16979K(18752K)->16979K(18752K)
[2024-02-14T22:12:24.499+0000][7][gc          ] GC(475) Pause Young (Normal) (G1 Evacuation Pause) 715M->107M(1024M) 2.431ms
[2024-02-14T22:12:24.499+0000][7][gc,cpu      ] GC(475) User=0.01s Sys=0.00s Real=0.00s
[2024-02-14T22:12:24.499+0000][7][safepoint   ] Safepoint "G1CollectForAllocation", Time since last: 177724450586 ns, Reaching safepoint: 37081 ns, At safepoint: 2516512 ns, Total: 2553593 ns
[2024-02-14T22:14:15.514+0000][7][safepoint   ] Safepoint "Cleanup", Time since last: 111014934536 ns, Reaching safepoint: 101962 ns, At safepoint: 10899 ns, Total: 112861 ns
[2024-02-14T22:15:27.458+0000][7][gc,start    ] GC(476) Pause Young (Normal) (G1 Evacuation Pause)
[2024-02-14T22:15:27.458+0000][7][gc,task     ] GC(476) Using 8 workers of 8 for evacuation
[2024-02-14T22:15:27.458+0000][7][gc,age      ] GC(476) Desired survivor size 41943040 bytes, new threshold 15 (max threshold 15)
[2024-02-14T22:15:27.461+0000][7][gc,phases   ] GC(476)   Pre Evacuate Collection Set: 0.1ms
[2024-02-14T22:15:27.461+0000][7][gc,phases   ] GC(476)   Merge Heap Roots: 0.1ms
[2024-02-14T22:15:27.461+0000][7][gc,phases   ] GC(476)   Evacuate Collection Set: 2.1ms
[2024-02-14T22:15:27.461+0000][7][gc,phases   ] GC(476)   Post Evacuate Collection Set: 1.0ms
[2024-02-14T22:15:27.461+0000][7][gc,phases   ] GC(476)   Other: 0.1ms
[2024-02-14T22:15:27.461+0000][7][gc,age      ] GC(476) Age table with threshold 15 (max threshold 15)
[2024-02-14T22:15:27.461+0000][7][gc,age      ] GC(476) - age   1:    1032960 bytes,    1032960 total
[2024-02-14T22:15:27.461+0000][7][gc,age      ] GC(476) - age   2:       8768 bytes,    1041728 total
[2024-02-14T22:15:27.461+0000][7][gc,age      ] GC(476) - age   3:       1360 bytes,    1043088 total
[2024-02-14T22:15:27.461+0000][7][gc,age      ] GC(476) - age   4:      38472 bytes,    1081560 total
[2024-02-14T22:15:27.461+0000][7][gc,age      ] GC(476) - age   5:       5032 bytes,    1086592 total
[2024-02-14T22:15:27.461+0000][7][gc,age      ] GC(476) - age   6:        432 bytes,    1087024 total
[2024-02-14T22:15:27.461+0000][7][gc,age      ] GC(476) - age   7:        216 bytes,    1087240 total
[2024-02-14T22:15:27.461+0000][7][gc,age      ] GC(476) - age   8:      37504 bytes,    1124744 total
[2024-02-14T22:15:27.461+0000][7][gc,age      ] GC(476) - age   9:         72 bytes,    1124816 total
[2024-02-14T22:15:27.461+0000][7][gc,age      ] GC(476) - age  10:         64 bytes,    1124880 total
[2024-02-14T22:15:27.461+0000][7][gc,age      ] GC(476) - age  11:      30672 bytes,    1155552 total
[2024-02-14T22:15:27.461+0000][7][gc,age      ] GC(476) - age  12:     133008 bytes,    1288560 total
[2024-02-14T22:15:27.461+0000][7][gc,age      ] GC(476) - age  13:      10328 bytes,    1298888 total
[2024-02-14T22:15:27.461+0000][7][gc,age      ] GC(476) - age  14:     594544 bytes,    1893432 total
[2024-02-14T22:15:27.461+0000][7][gc,age      ] GC(476) - age  15:      75872 bytes,    1969304 total
[2024-02-14T22:15:27.461+0000][7][gc,heap     ] GC(476) Eden regions: 152->0(152)
[2024-02-14T22:15:27.461+0000][7][gc,heap     ] GC(476) Survivor regions: 1->1(20)
[2024-02-14T22:15:27.461+0000][7][gc,heap     ] GC(476) Old regions: 26->26
[2024-02-14T22:15:27.461+0000][7][gc,heap     ] GC(476) Archive regions: 2->2
[2024-02-14T22:15:27.461+0000][7][gc,heap     ] GC(476) Humongous regions: 0->0
[2024-02-14T22:15:27.461+0000][7][gc,metaspace] GC(476) Metaspace: 129804K(133568K)->129804K(133568K) NonClass: 112825K(114816K)->112825K(114816K) Class: 16979K(18752K)->16979K(18752K)
[2024-02-14T22:15:27.461+0000][7][gc          ] GC(476) Pause Young (Normal) (G1 Evacuation Pause) 715M->107M(1024M) 3.656ms
[2024-02-14T22:15:27.461+0000][7][gc,cpu      ] GC(476) User=0.01s Sys=0.00s Real=0.00s
[2024-02-14T22:15:27.461+0000][7][safepoint   ] Safepoint "G1CollectForAllocation", Time since last: 71943913289 ns, Reaching safepoint: 64077 ns, At safepoint: 3756080 ns, Total: 3820157 ns
[2024-02-14T22:18:21.495+0000][7][gc,start    ] GC(477) Pause Young (Normal) (G1 Evacuation Pause)
[2024-02-14T22:18:21.495+0000][7][gc,task     ] GC(477) Using 8 workers of 8 for evacuation
[2024-02-14T22:18:21.495+0000][7][gc,age      ] GC(477) Desired survivor size 41943040 bytes, new threshold 15 (max threshold 15)
[2024-02-14T22:18:21.498+0000][7][gc,phases   ] GC(477)   Pre Evacuate Collection Set: 0.1ms
[2024-02-14T22:18:21.498+0000][7][gc,phases   ] GC(477)   Merge Heap Roots: 0.1ms
[2024-02-14T22:18:21.498+0000][7][gc,phases   ] GC(477)   Evacuate Collection Set: 1.6ms
[2024-02-14T22:18:21.498+0000][7][gc,phases   ] GC(477)   Post Evacuate Collection Set: 0.7ms
[2024-02-14T22:18:21.498+0000][7][gc,phases   ] GC(477)   Other: 0.1ms
[2024-02-14T22:18:21.498+0000][7][gc,age      ] GC(477) Age table with threshold 15 (max threshold 15)
[2024-02-14T22:18:21.498+0000][7][gc,age      ] GC(477) - age   1:    1110128 bytes,    1110128 total
[2024-02-14T22:18:21.498+0000][7][gc,age      ] GC(477) - age   2:       3632 bytes,    1113760 total
[2024-02-14T22:18:21.498+0000][7][gc,age      ] GC(477) - age   3:       4856 bytes,    1118616 total
[2024-02-14T22:18:21.498+0000][7][gc,age      ] GC(477) - age   4:        160 bytes,    1118776 total
[2024-02-14T22:18:21.498+0000][7][gc,age      ] GC(477) - age   5:      38472 bytes,    1157248 total
[2024-02-14T22:18:21.498+0000][7][gc,age      ] GC(477) - age   6:       5032 bytes,    1162280 total
[2024-02-14T22:18:21.498+0000][7][gc,age      ] GC(477) - age   7:        432 bytes,    1162712 total
[2024-02-14T22:18:21.498+0000][7][gc,age      ] GC(477) - age   9:      37504 bytes,    1200216 total
[2024-02-14T22:18:21.498+0000][7][gc,age      ] GC(477) - age  10:         72 bytes,    1200288 total
[2024-02-14T22:18:21.498+0000][7][gc,age      ] GC(477) - age  11:         64 bytes,    1200352 total
[2024-02-14T22:18:21.498+0000][7][gc,age      ] GC(477) - age  12:      30672 bytes,    1231024 total
[2024-02-14T22:18:21.498+0000][7][gc,age      ] GC(477) - age  13:     132824 bytes,    1363848 total
[2024-02-14T22:18:21.498+0000][7][gc,age      ] GC(477) - age  14:      10328 bytes,    1374176 total
[2024-02-14T22:18:21.498+0000][7][gc,age      ] GC(477) - age  15:     594544 bytes,    1968720 total
[2024-02-14T22:18:21.498+0000][7][gc,heap     ] GC(477) Eden regions: 152->0(152)
[2024-02-14T22:18:21.498+0000][7][gc,heap     ] GC(477) Survivor regions: 1->1(20)
[2024-02-14T22:18:21.498+0000][7][gc,heap     ] GC(477) Old regions: 26->26
[2024-02-14T22:18:21.498+0000][7][gc,heap     ] GC(477) Archive regions: 2->2
[2024-02-14T22:18:21.498+0000][7][gc,heap     ] GC(477) Humongous regions: 0->0
[2024-02-14T22:18:21.498+0000][7][gc,metaspace] GC(477) Metaspace: 129804K(133568K)->129804K(133568K) NonClass: 112825K(114816K)->112825K(114816K) Class: 16979K(18752K)->16979K(18752K)
[2024-02-14T22:18:21.498+0000][7][gc          ] GC(477) Pause Young (Normal) (G1 Evacuation Pause) 715M->107M(1024M) 2.929ms
[2024-02-14T22:18:21.498+0000][7][gc,cpu      ] GC(477) User=0.02s Sys=0.00s Real=0.01s
[2024-02-14T22:18:21.498+0000][7][safepoint   ] Safepoint "G1CollectForAllocation", Time since last: 174033521016 ns, Reaching safepoint: 65887 ns, At safepoint: 3018747 ns, Total: 3084634 ns
[2024-02-14T22:21:18.558+0000][7][gc,start    ] GC(478) Pause Young (Normal) (G1 Evacuation Pause)
[2024-02-14T22:21:18.558+0000][7][gc,task     ] GC(478) Using 8 workers of 8 for evacuation
[2024-02-14T22:21:18.558+0000][7][gc,age      ] GC(478) Desired survivor size 41943040 bytes, new threshold 15 (max threshold 15)
[2024-02-14T22:21:18.560+0000][7][gc,phases   ] GC(478)   Pre Evacuate Collection Set: 0.1ms
[2024-02-14T22:21:18.560+0000][7][gc,phases   ] GC(478)   Merge Heap Roots: 0.1ms
[2024-02-14T22:21:18.560+0000][7][gc,phases   ] GC(478)   Evacuate Collection Set: 1.7ms
[2024-02-14T22:21:18.560+0000][7][gc,phases   ] GC(478)   Post Evacuate Collection Set: 0.7ms
[2024-02-14T22:21:18.560+0000][7][gc,phases   ] GC(478)   Other: 0.1ms
[2024-02-14T22:21:18.560+0000][7][gc,age      ] GC(478) Age table with threshold 15 (max threshold 15)
[2024-02-14T22:21:18.560+0000][7][gc,age      ] GC(478) - age   1:    1852464 bytes,    1852464 total
[2024-02-14T22:21:18.560+0000][7][gc,age      ] GC(478) - age   2:       3096 bytes,    1855560 total
[2024-02-14T22:21:18.560+0000][7][gc,age      ] GC(478) - age   3:        952 bytes,    1856512 total
[2024-02-14T22:21:18.560+0000][7][gc,age      ] GC(478) - age   4:        720 bytes,    1857232 total
[2024-02-14T22:21:18.560+0000][7][gc,age      ] GC(478) - age   5:         96 bytes,    1857328 total
[2024-02-14T22:21:18.560+0000][7][gc,age      ] GC(478) - age   6:      38056 bytes,    1895384 total
[2024-02-14T22:21:18.560+0000][7][gc,age      ] GC(478) - age   7:       5032 bytes,    1900416 total
[2024-02-14T22:21:18.560+0000][7][gc,age      ] GC(478) - age   8:        432 bytes,    1900848 total
[2024-02-14T22:21:18.560+0000][7][gc,age      ] GC(478) - age  10:      37504 bytes,    1938352 total
[2024-02-14T22:21:18.560+0000][7][gc,age      ] GC(478) - age  11:         72 bytes,    1938424 total
[2024-02-14T22:21:18.560+0000][7][gc,age      ] GC(478) - age  12:         48 bytes,    1938472 total
[2024-02-14T22:21:18.560+0000][7][gc,age      ] GC(478) - age  13:       4960 bytes,    1943432 total
[2024-02-14T22:21:18.560+0000][7][gc,age      ] GC(478) - age  14:      21792 bytes,    1965224 total
[2024-02-14T22:21:18.560+0000][7][gc,age      ] GC(478) - age  15:      10328 bytes,    1975552 total
[2024-02-14T22:21:18.560+0000][7][gc,heap     ] GC(478) Eden regions: 152->0(152)
[2024-02-14T22:21:18.560+0000][7][gc,heap     ] GC(478) Survivor regions: 1->1(20)
[2024-02-14T22:21:18.561+0000][7][gc,heap     ] GC(478) Old regions: 26->26
[2024-02-14T22:21:18.561+0000][7][gc,heap     ] GC(478) Archive regions: 2->2
[2024-02-14T22:21:18.561+0000][7][gc,heap     ] GC(478) Humongous regions: 0->0
[2024-02-14T22:21:18.561+0000][7][gc,metaspace] GC(478) Metaspace: 129804K(133568K)->129804K(133568K) NonClass: 112825K(114816K)->112825K(114816K) Class: 16979K(18752K)->16979K(18752K)
[2024-02-14T22:21:18.561+0000][7][gc          ] GC(478) Pause Young (Normal) (G1 Evacuation Pause) 715M->108M(1024M) 2.983ms
[2024-02-14T22:21:18.561+0000][7][gc,cpu      ] GC(478) User=0.01s Sys=0.00s Real=0.00s
[2024-02-14T22:21:18.561+0000][7][safepoint   ] Safepoint "G1CollectForAllocation", Time since last: 177059464395 ns, Reaching safepoint: 38920 ns, At safepoint: 3080266 ns, Total: 3119186 ns
[2024-02-14T22:24:13.400+0000][7][gc,start    ] GC(479) Pause Young (Normal) (G1 Evacuation Pause)
[2024-02-14T22:24:13.400+0000][7][gc,task     ] GC(479) Using 8 workers of 8 for evacuation
[2024-02-14T22:24:13.400+0000][7][gc,age      ] GC(479) Desired survivor size 41943040 bytes, new threshold 15 (max threshold 15)
[2024-02-14T22:24:13.402+0000][7][gc,phases   ] GC(479)   Pre Evacuate Collection Set: 0.1ms
[2024-02-14T22:24:13.402+0000][7][gc,phases   ] GC(479)   Merge Heap Roots: 0.0ms
[2024-02-14T22:24:13.402+0000][7][gc,phases   ] GC(479)   Evacuate Collection Set: 1.2ms
[2024-02-14T22:24:13.402+0000][7][gc,phases   ] GC(479)   Post Evacuate Collection Set: 0.5ms
[2024-02-14T22:24:13.402+0000][7][gc,phases   ] GC(479)   Other: 0.1ms
[2024-02-14T22:24:13.402+0000][7][gc,age      ] GC(479) Age table with threshold 15 (max threshold 15)
[2024-02-14T22:24:13.402+0000][7][gc,age      ] GC(479) - age   1:    1744376 bytes,    1744376 total
[2024-02-14T22:24:13.402+0000][7][gc,age      ] GC(479) - age   2:     156352 bytes,    1900728 total
[2024-02-14T22:24:13.402+0000][7][gc,age      ] GC(479) - age   3:       1688 bytes,    1902416 total
[2024-02-14T22:24:13.402+0000][7][gc,age      ] GC(479) - age   4:        504 bytes,    1902920 total
[2024-02-14T22:24:13.402+0000][7][gc,age      ] GC(479) - age   5:         96 bytes,    1903016 total
[2024-02-14T22:24:13.402+0000][7][gc,age      ] GC(479) - age   6:         32 bytes,    1903048 total
[2024-02-14T22:24:13.402+0000][7][gc,age      ] GC(479) - age   7:      38056 bytes,    1941104 total
[2024-02-14T22:24:13.402+0000][7][gc,age      ] GC(479) - age   8:       5032 bytes,    1946136 total
[2024-02-14T22:24:13.402+0000][7][gc,age      ] GC(479) - age   9:        432 bytes,    1946568 total
[2024-02-14T22:24:13.402+0000][7][gc,age      ] GC(479) - age  11:      37504 bytes,    1984072 total
[2024-02-14T22:24:13.402+0000][7][gc,age      ] GC(479) - age  12:         72 bytes,    1984144 total
[2024-02-14T22:24:13.402+0000][7][gc,age      ] GC(479) - age  13:         48 bytes,    1984192 total
[2024-02-14T22:24:13.402+0000][7][gc,age      ] GC(479) - age  14:       4896 bytes,    1989088 total
[2024-02-14T22:24:13.402+0000][7][gc,age      ] GC(479) - age  15:      21664 bytes,    2010752 total
[2024-02-14T22:24:13.402+0000][7][gc,heap     ] GC(479) Eden regions: 152->0(152)
[2024-02-14T22:24:13.402+0000][7][gc,heap     ] GC(479) Survivor regions: 1->1(20)
[2024-02-14T22:24:13.402+0000][7][gc,heap     ] GC(479) Old regions: 26->26
[2024-02-14T22:24:13.402+0000][7][gc,heap     ] GC(479) Archive regions: 2->2
[2024-02-14T22:24:13.402+0000][7][gc,heap     ] GC(479) Humongous regions: 0->0
[2024-02-14T22:24:13.402+0000][7][gc,metaspace] GC(479) Metaspace: 129804K(133568K)->129804K(133568K) NonClass: 112825K(114816K)->112825K(114816K) Class: 16979K(18752K)->16979K(18752K)
[2024-02-14T22:24:13.402+0000][7][gc          ] GC(479) Pause Young (Normal) (G1 Evacuation Pause) 716M->108M(1024M) 2.191ms
[2024-02-14T22:24:13.402+0000][7][gc,cpu      ] GC(479) User=0.01s Sys=0.00s Real=0.00s
[2024-02-14T22:24:13.402+0000][7][safepoint   ] Safepoint "G1CollectForAllocation", Time since last: 174839200054 ns, Reaching safepoint: 43781 ns, At safepoint: 2289088 ns, Total: 2332869 ns
[2024-02-14T22:25:58.412+0000][7][safepoint   ] Safepoint "Cleanup", Time since last: 105010097839 ns, Reaching safepoint: 60484 ns, At safepoint: 6323 ns, Total: 66807 ns
[2024-02-14T22:27:00.697+0000][7][gc,start    ] GC(480) Pause Young (Normal) (G1 Evacuation Pause)
[2024-02-14T22:27:00.697+0000][7][gc,task     ] GC(480) Using 8 workers of 8 for evacuation
[2024-02-14T22:27:00.697+0000][7][gc,age      ] GC(480) Desired survivor size 41943040 bytes, new threshold 15 (max threshold 15)
[2024-02-14T22:27:00.699+0000][7][gc,phases   ] GC(480)   Pre Evacuate Collection Set: 0.1ms
[2024-02-14T22:27:00.699+0000][7][gc,phases   ] GC(480)   Merge Heap Roots: 0.1ms
[2024-02-14T22:27:00.699+0000][7][gc,phases   ] GC(480)   Evacuate Collection Set: 1.1ms
[2024-02-14T22:27:00.699+0000][7][gc,phases   ] GC(480)   Post Evacuate Collection Set: 0.6ms
[2024-02-14T22:27:00.699+0000][7][gc,phases   ] GC(480)   Other: 0.1ms
[2024-02-14T22:27:00.699+0000][7][gc,age      ] GC(480) Age table with threshold 15 (max threshold 15)
[2024-02-14T22:27:00.699+0000][7][gc,age      ] GC(480) - age   1:    2119976 bytes,    2119976 total
[2024-02-14T22:27:00.699+0000][7][gc,age      ] GC(480) - age   2:       3704 bytes,    2123680 total
[2024-02-14T22:27:00.699+0000][7][gc,age      ] GC(480) - age   3:      79568 bytes,    2203248 total
[2024-02-14T22:27:00.699+0000][7][gc,age      ] GC(480) - age   4:       1240 bytes,    2204488 total
[2024-02-14T22:27:00.699+0000][7][gc,age      ] GC(480) - age   5:        144 bytes,    2204632 total
[2024-02-14T22:27:00.699+0000][7][gc,age      ] GC(480) - age   6:         96 bytes,    2204728 total
[2024-02-14T22:27:00.699+0000][7][gc,age      ] GC(480) - age   7:         32 bytes,    2204760 total
[2024-02-14T22:27:00.699+0000][7][gc,age      ] GC(480) - age   8:      37672 bytes,    2242432 total
[2024-02-14T22:27:00.699+0000][7][gc,age      ] GC(480) - age   9:       4848 bytes,    2247280 total
[2024-02-14T22:27:00.699+0000][7][gc,age      ] GC(480) - age  10:        432 bytes,    2247712 total
[2024-02-14T22:27:00.699+0000][7][gc,age      ] GC(480) - age  12:      37504 bytes,    2285216 total
[2024-02-14T22:27:00.699+0000][7][gc,age      ] GC(480) - age  13:         72 bytes,    2285288 total
[2024-02-14T22:27:00.699+0000][7][gc,age      ] GC(480) - age  14:         48 bytes,    2285336 total
[2024-02-14T22:27:00.699+0000][7][gc,age      ] GC(480) - age  15:       4896 bytes,    2290232 total
[2024-02-14T22:27:00.699+0000][7][gc,heap     ] GC(480) Eden regions: 152->0(152)
[2024-02-14T22:27:00.699+0000][7][gc,heap     ] GC(480) Survivor regions: 1->1(20)
[2024-02-14T22:27:00.699+0000][7][gc,heap     ] GC(480) Old regions: 26->26
[2024-02-14T22:27:00.699+0000][7][gc,heap     ] GC(480) Archive regions: 2->2
[2024-02-14T22:27:00.699+0000][7][gc,heap     ] GC(480) Humongous regions: 0->0
[2024-02-14T22:27:00.699+0000][7][gc,metaspace] GC(480) Metaspace: 129804K(133568K)->129804K(133568K) NonClass: 112825K(114816K)->112825K(114816K) Class: 16979K(18752K)->16979K(18752K)
[2024-02-14T22:27:00.699+0000][7][gc          ] GC(480) Pause Young (Normal) (G1 Evacuation Pause) 716M->108M(1024M) 2.097ms
[2024-02-14T22:27:00.699+0000][7][gc,cpu      ] GC(480) User=0.01s Sys=0.01s Real=0.00s
[2024-02-14T22:27:00.699+0000][7][safepoint   ] Safepoint "G1CollectForAllocation", Time since last: 62284643543 ns, Reaching safepoint: 46010 ns, At safepoint: 2168359 ns, Total: 2214369 ns
[2024-02-14T22:30:00.559+0000][7][gc,start    ] GC(481) Pause Young (Normal) (G1 Evacuation Pause)
[2024-02-14T22:30:00.559+0000][7][gc,task     ] GC(481) Using 8 workers of 8 for evacuation
[2024-02-14T22:30:00.559+0000][7][gc,age      ] GC(481) Desired survivor size 41943040 bytes, new threshold 15 (max threshold 15)
[2024-02-14T22:30:00.561+0000][7][gc,phases   ] GC(481)   Pre Evacuate Collection Set: 0.1ms
[2024-02-14T22:30:00.561+0000][7][gc,phases   ] GC(481)   Merge Heap Roots: 0.1ms
[2024-02-14T22:30:00.561+0000][7][gc,phases   ] GC(481)   Evacuate Collection Set: 0.9ms
[2024-02-14T22:30:00.561+0000][7][gc,phases   ] GC(481)   Post Evacuate Collection Set: 0.7ms
[2024-02-14T22:30:00.561+0000][7][gc,phases   ] GC(481)   Other: 0.1ms
[2024-02-14T22:30:00.561+0000][7][gc,age      ] GC(481) Age table with threshold 15 (max threshold 15)
[2024-02-14T22:30:00.561+0000][7][gc,age      ] GC(481) - age   1:     408272 bytes,     408272 total
[2024-02-14T22:30:00.561+0000][7][gc,age      ] GC(481) - age   2:     128856 bytes,     537128 total
[2024-02-14T22:30:00.561+0000][7][gc,age      ] GC(481) - age   3:        760 bytes,     537888 total
[2024-02-14T22:30:00.561+0000][7][gc,age      ] GC(481) - age   4:      75560 bytes,     613448 total
[2024-02-14T22:30:00.561+0000][7][gc,age      ] GC(481) - age   5:        464 bytes,     613912 total
[2024-02-14T22:30:00.561+0000][7][gc,age      ] GC(481) - age   6:        144 bytes,     614056 total
[2024-02-14T22:30:00.561+0000][7][gc,age      ] GC(481) - age   7:         96 bytes,     614152 total
[2024-02-14T22:30:00.561+0000][7][gc,age      ] GC(481) - age   9:      37672 bytes,     651824 total
[2024-02-14T22:30:00.561+0000][7][gc,age      ] GC(481) - age  10:       4848 bytes,     656672 total
[2024-02-14T22:30:00.561+0000][7][gc,age      ] GC(481) - age  11:        432 bytes,     657104 total
[2024-02-14T22:30:00.561+0000][7][gc,age      ] GC(481) - age  13:      37320 bytes,     694424 total
[2024-02-14T22:30:00.561+0000][7][gc,age      ] GC(481) - age  14:         72 bytes,     694496 total
[2024-02-14T22:30:00.561+0000][7][gc,age      ] GC(481) - age  15:         48 bytes,     694544 total
[2024-02-14T22:30:00.561+0000][7][gc,heap     ] GC(481) Eden regions: 152->0(152)
[2024-02-14T22:30:00.561+0000][7][gc,heap     ] GC(481) Survivor regions: 1->1(20)
[2024-02-14T22:30:00.562+0000][7][gc,heap     ] GC(481) Old regions: 26->26
[2024-02-14T22:30:00.562+0000][7][gc,heap     ] GC(481) Archive regions: 2->2
[2024-02-14T22:30:00.562+0000][7][gc,heap     ] GC(481) Humongous regions: 0->0
[2024-02-14T22:30:00.562+0000][7][gc,metaspace] GC(481) Metaspace: 129805K(133568K)->129805K(133568K) NonClass: 112826K(114816K)->112826K(114816K) Class: 16979K(18752K)->16979K(18752K)
[2024-02-14T22:30:00.562+0000][7][gc          ] GC(481) Pause Young (Normal) (G1 Evacuation Pause) 716M->106M(1024M) 2.276ms
[2024-02-14T22:30:00.562+0000][7][gc,cpu      ] GC(481) User=0.01s Sys=0.00s Real=0.00s
[2024-02-14T22:30:00.562+0000][7][safepoint   ] Safepoint "G1CollectForAllocation", Time since last: 179860046241 ns, Reaching safepoint: 47701 ns, At safepoint: 2369744 ns, Total: 2417445 ns
[2024-02-14T22:32:55.057+0000][7][gc,start    ] GC(482) Pause Young (Normal) (G1 Evacuation Pause)
[2024-02-14T22:32:55.057+0000][7][gc,task     ] GC(482) Using 8 workers of 8 for evacuation
[2024-02-14T22:32:55.057+0000][7][gc,age      ] GC(482) Desired survivor size 41943040 bytes, new threshold 15 (max threshold 15)
[2024-02-14T22:32:55.059+0000][7][gc,phases   ] GC(482)   Pre Evacuate Collection Set: 0.1ms
[2024-02-14T22:32:55.059+0000][7][gc,phases   ] GC(482)   Merge Heap Roots: 0.1ms
[2024-02-14T22:32:55.059+0000][7][gc,phases   ] GC(482)   Evacuate Collection Set: 1.0ms
[2024-02-14T22:32:55.059+0000][7][gc,phases   ] GC(482)   Post Evacuate Collection Set: 0.7ms
[2024-02-14T22:32:55.059+0000][7][gc,phases   ] GC(482)   Other: 0.1ms
[2024-02-14T22:32:55.059+0000][7][gc,age      ] GC(482) Age table with threshold 15 (max threshold 15)
[2024-02-14T22:32:55.059+0000][7][gc,age      ] GC(482) - age   1:     791976 bytes,     791976 total
[2024-02-14T22:32:55.059+0000][7][gc,age      ] GC(482) - age   2:      33560 bytes,     825536 total
[2024-02-14T22:32:55.059+0000][7][gc,age      ] GC(482) - age   3:     126392 bytes,     951928 total
[2024-02-14T22:32:55.059+0000][7][gc,age      ] GC(482) - age   4:        632 bytes,     952560 total
[2024-02-14T22:32:55.059+0000][7][gc,age      ] GC(482) - age   5:      75408 bytes,    1027968 total
[2024-02-14T22:32:55.059+0000][7][gc,age      ] GC(482) - age   6:        400 bytes,    1028368 total
[2024-02-14T22:32:55.059+0000][7][gc,age      ] GC(482) - age   7:        144 bytes,    1028512 total
[2024-02-14T22:32:55.059+0000][7][gc,age      ] GC(482) - age  10:      37672 bytes,    1066184 total
[2024-02-14T22:32:55.059+0000][7][gc,age      ] GC(482) - age  11:       4848 bytes,    1071032 total
[2024-02-14T22:32:55.059+0000][7][gc,age      ] GC(482) - age  12:        432 bytes,    1071464 total
[2024-02-14T22:32:55.059+0000][7][gc,age      ] GC(482) - age  14:      37320 bytes,    1108784 total
[2024-02-14T22:32:55.059+0000][7][gc,age      ] GC(482) - age  15:         72 bytes,    1108856 total
[2024-02-14T22:32:55.059+0000][7][gc,heap     ] GC(482) Eden regions: 152->0(152)
[2024-02-14T22:32:55.059+0000][7][gc,heap     ] GC(482) Survivor regions: 1->1(20)
[2024-02-14T22:32:55.059+0000][7][gc,heap     ] GC(482) Old regions: 26->26
[2024-02-14T22:32:55.059+0000][7][gc,heap     ] GC(482) Archive regions: 2->2
[2024-02-14T22:32:55.059+0000][7][gc,heap     ] GC(482) Humongous regions: 0->0
[2024-02-14T22:32:55.059+0000][7][gc,metaspace] GC(482) Metaspace: 129805K(133568K)->129805K(133568K) NonClass: 112826K(114816K)->112826K(114816K) Class: 16979K(18752K)->16979K(18752K)
[2024-02-14T22:32:55.059+0000][7][gc          ] GC(482) Pause Young (Normal) (G1 Evacuation Pause) 714M->107M(1024M) 2.467ms
[2024-02-14T22:32:55.059+0000][7][gc,cpu      ] GC(482) User=0.01s Sys=0.00s Real=0.00s
[2024-02-14T22:32:55.059+0000][7][safepoint   ] Safepoint "G1CollectForAllocation", Time since last: 174494976726 ns, Reaching safepoint: 66799 ns, At safepoint: 2569020 ns, Total: 2635819 ns
[2024-02-14T22:35:40.038+0000][7][gc,start    ] GC(483) Pause Young (Normal) (G1 Evacuation Pause)
[2024-02-14T22:35:40.038+0000][7][gc,task     ] GC(483) Using 8 workers of 8 for evacuation
[2024-02-14T22:35:40.038+0000][7][gc,age      ] GC(483) Desired survivor size 41943040 bytes, new threshold 15 (max threshold 15)
[2024-02-14T22:35:40.040+0000][7][gc,phases   ] GC(483)   Pre Evacuate Collection Set: 0.2ms
[2024-02-14T22:35:40.040+0000][7][gc,phases   ] GC(483)   Merge Heap Roots: 0.1ms
[2024-02-14T22:35:40.040+0000][7][gc,phases   ] GC(483)   Evacuate Collection Set: 1.5ms
[2024-02-14T22:35:40.040+0000][7][gc,phases   ] GC(483)   Post Evacuate Collection Set: 0.8ms
[2024-02-14T22:35:40.040+0000][7][gc,phases   ] GC(483)   Other: 0.1ms
[2024-02-14T22:35:40.040+0000][7][gc,age      ] GC(483) Age table with threshold 15 (max threshold 15)
[2024-02-14T22:35:40.040+0000][7][gc,age      ] GC(483) - age   1:    1223896 bytes,    1223896 total
[2024-02-14T22:35:40.041+0000][7][gc,age      ] GC(483) - age   2:       7896 bytes,    1231792 total
[2024-02-14T22:35:40.041+0000][7][gc,age      ] GC(483) - age   3:      30776 bytes,    1262568 total
[2024-02-14T22:35:40.041+0000][7][gc,age      ] GC(483) - age   4:     125544 bytes,    1388112 total
[2024-02-14T22:35:40.041+0000][7][gc,age      ] GC(483) - age   5:        568 bytes,    1388680 total
[2024-02-14T22:35:40.041+0000][7][gc,age      ] GC(483) - age   6:      75016 bytes,    1463696 total
[2024-02-14T22:35:40.041+0000][7][gc,age      ] GC(483) - age   7:        216 bytes,    1463912 total
[2024-02-14T22:35:40.041+0000][7][gc,age      ] GC(483) - age   8:        144 bytes,    1464056 total
[2024-02-14T22:35:40.041+0000][7][gc,age      ] GC(483) - age  11:      37672 bytes,    1501728 total
[2024-02-14T22:35:40.041+0000][7][gc,age      ] GC(483) - age  12:       4848 bytes,    1506576 total
[2024-02-14T22:35:40.041+0000][7][gc,age      ] GC(483) - age  13:        432 bytes,    1507008 total
[2024-02-14T22:35:40.041+0000][7][gc,age      ] GC(483) - age  15:      37320 bytes,    1544328 total
[2024-02-14T22:35:40.041+0000][7][gc,heap     ] GC(483) Eden regions: 152->0(152)
[2024-02-14T22:35:40.041+0000][7][gc,heap     ] GC(483) Survivor regions: 1->1(20)
[2024-02-14T22:35:40.041+0000][7][gc,heap     ] GC(483) Old regions: 26->26
[2024-02-14T22:35:40.041+0000][7][gc,heap     ] GC(483) Archive regions: 2->2
[2024-02-14T22:35:40.041+0000][7][gc,heap     ] GC(483) Humongous regions: 0->0
[2024-02-14T22:35:40.041+0000][7][gc,metaspace] GC(483) Metaspace: 129805K(133568K)->129805K(133568K) NonClass: 112826K(114816K)->112826K(114816K) Class: 16979K(18752K)->16979K(18752K)
[2024-02-14T22:35:40.041+0000][7][gc          ] GC(483) Pause Young (Normal) (G1 Evacuation Pause) 715M->107M(1024M) 2.973ms
[2024-02-14T22:35:40.041+0000][7][gc,cpu      ] GC(483) User=0.02s Sys=0.00s Real=0.00s
[2024-02-14T22:35:40.041+0000][7][safepoint   ] Safepoint "G1CollectForAllocation", Time since last: 164978333106 ns, Reaching safepoint: 52407 ns, At safepoint: 3078291 ns, Total: 3130698 ns
[2024-02-14T22:36:57.048+0000][7][safepoint   ] Safepoint "Cleanup", Time since last: 77007076829 ns, Reaching safepoint: 64201 ns, At safepoint: 37826 ns, Total: 102027 ns
[2024-02-14T22:38:33.607+0000][7][gc,start    ] GC(484) Pause Young (Normal) (G1 Evacuation Pause)
[2024-02-14T22:38:33.607+0000][7][gc,task     ] GC(484) Using 8 workers of 8 for evacuation
[2024-02-14T22:38:33.607+0000][7][gc,age      ] GC(484) Desired survivor size 41943040 bytes, new threshold 15 (max threshold 15)
[2024-02-14T22:38:33.609+0000][7][gc,phases   ] GC(484)   Pre Evacuate Collection Set: 0.1ms
[2024-02-14T22:38:33.609+0000][7][gc,phases   ] GC(484)   Merge Heap Roots: 0.1ms
[2024-02-14T22:38:33.609+0000][7][gc,phases   ] GC(484)   Evacuate Collection Set: 1.2ms
[2024-02-14T22:38:33.609+0000][7][gc,phases   ] GC(484)   Post Evacuate Collection Set: 0.6ms
[2024-02-14T22:38:33.609+0000][7][gc,phases   ] GC(484)   Other: 0.1ms
[2024-02-14T22:38:33.609+0000][7][gc,age      ] GC(484) Age table with threshold 15 (max threshold 15)
[2024-02-14T22:38:33.609+0000][7][gc,age      ] GC(484) - age   1:    1128856 bytes,    1128856 total
[2024-02-14T22:38:33.609+0000][7][gc,age      ] GC(484) - age   2:     150288 bytes,    1279144 total
[2024-02-14T22:38:33.609+0000][7][gc,age      ] GC(484) - age   3:       5888 bytes,    1285032 total
[2024-02-14T22:38:33.609+0000][7][gc,age      ] GC(484) - age   4:      29896 bytes,    1314928 total
[2024-02-14T22:38:33.609+0000][7][gc,age      ] GC(484) - age   5:     125400 bytes,    1440328 total
[2024-02-14T22:38:33.609+0000][7][gc,age      ] GC(484) - age   6:        568 bytes,    1440896 total
[2024-02-14T22:38:33.609+0000][7][gc,age      ] GC(484) - age   7:      75016 bytes,    1515912 total
[2024-02-14T22:38:33.609+0000][7][gc,age      ] GC(484) - age   8:        184 bytes,    1516096 total
[2024-02-14T22:38:33.609+0000][7][gc,age      ] GC(484) - age   9:        144 bytes,    1516240 total
[2024-02-14T22:38:33.609+0000][7][gc,age      ] GC(484) - age  12:      37488 bytes,    1553728 total
[2024-02-14T22:38:33.609+0000][7][gc,age      ] GC(484) - age  13:       4848 bytes,    1558576 total
[2024-02-14T22:38:33.609+0000][7][gc,age      ] GC(484) - age  14:        432 bytes,    1559008 total
[2024-02-14T22:38:33.609+0000][7][gc,heap     ] GC(484) Eden regions: 152->0(152)
[2024-02-14T22:38:33.609+0000][7][gc,heap     ] GC(484) Survivor regions: 1->1(20)
[2024-02-14T22:38:33.609+0000][7][gc,heap     ] GC(484) Old regions: 26->26
[2024-02-14T22:38:33.609+0000][7][gc,heap     ] GC(484) Archive regions: 2->2
[2024-02-14T22:38:33.609+0000][7][gc,heap     ] GC(484) Humongous regions: 0->0
[2024-02-14T22:38:33.609+0000][7][gc,metaspace] GC(484) Metaspace: 129806K(133568K)->129806K(133568K) NonClass: 112826K(114816K)->112826K(114816K) Class: 16979K(18752K)->16979K(18752K)
[2024-02-14T22:38:33.609+0000][7][gc          ] GC(484) Pause Young (Normal) (G1 Evacuation Pause) 715M->107M(1024M) 2.364ms
[2024-02-14T22:38:33.610+0000][7][gc,cpu      ] GC(484) User=0.01s Sys=0.00s Real=0.00s
[2024-02-14T22:38:33.610+0000][7][safepoint   ] Safepoint "G1CollectForAllocation", Time since last: 96559181380 ns, Reaching safepoint: 34348 ns, At safepoint: 2451581 ns, Total: 2485929 ns
[2024-02-14T22:39:31.616+0000][7][safepoint   ] Safepoint "Cleanup", Time since last: 58006776128 ns, Reaching safepoint: 53338 ns, At safepoint: 5888 ns, Total: 59226 ns
[2024-02-14T22:41:18.925+0000][7][gc,start    ] GC(485) Pause Young (Normal) (G1 Evacuation Pause)
[2024-02-14T22:41:18.925+0000][7][gc,task     ] GC(485) Using 8 workers of 8 for evacuation
[2024-02-14T22:41:18.925+0000][7][gc,age      ] GC(485) Desired survivor size 41943040 bytes, new threshold 15 (max threshold 15)
[2024-02-14T22:41:18.927+0000][7][gc,phases   ] GC(485)   Pre Evacuate Collection Set: 0.1ms
[2024-02-14T22:41:18.927+0000][7][gc,phases   ] GC(485)   Merge Heap Roots: 0.1ms
[2024-02-14T22:41:18.927+0000][7][gc,phases   ] GC(485)   Evacuate Collection Set: 1.5ms
[2024-02-14T22:41:18.927+0000][7][gc,phases   ] GC(485)   Post Evacuate Collection Set: 0.7ms
[2024-02-14T22:41:18.927+0000][7][gc,phases   ] GC(485)   Other: 0.1ms
[2024-02-14T22:41:18.927+0000][7][gc,age      ] GC(485) Age table with threshold 15 (max threshold 15)
[2024-02-14T22:41:18.927+0000][7][gc,age      ] GC(485) - age   1:    1730384 bytes,    1730384 total
[2024-02-14T22:41:18.927+0000][7][gc,age      ] GC(485) - age   2:      12040 bytes,    1742424 total
[2024-02-14T22:41:18.927+0000][7][gc,age      ] GC(485) - age   3:     148136 bytes,    1890560 total
[2024-02-14T22:41:18.927+0000][7][gc,age      ] GC(485) - age   4:       5144 bytes,    1895704 total
[2024-02-14T22:41:18.927+0000][7][gc,age      ] GC(485) - age   5:      26256 bytes,    1921960 total
[2024-02-14T22:41:18.927+0000][7][gc,age      ] GC(485) - age   6:     125400 bytes,    2047360 total
[2024-02-14T22:41:18.927+0000][7][gc,age      ] GC(485) - age   7:        568 bytes,    2047928 total
[2024-02-14T22:41:18.927+0000][7][gc,age      ] GC(485) - age   8:      75016 bytes,    2122944 total
[2024-02-14T22:41:18.927+0000][7][gc,age      ] GC(485) - age   9:        184 bytes,    2123128 total
[2024-02-14T22:41:18.927+0000][7][gc,age      ] GC(485) - age  10:        144 bytes,    2123272 total
[2024-02-14T22:41:18.927+0000][7][gc,age      ] GC(485) - age  13:      37488 bytes,    2160760 total
[2024-02-14T22:41:18.927+0000][7][gc,age      ] GC(485) - age  14:       4848 bytes,    2165608 total
[2024-02-14T22:41:18.927+0000][7][gc,age      ] GC(485) - age  15:        432 bytes,    2166040 total
[2024-02-14T22:41:18.927+0000][7][gc,heap     ] GC(485) Eden regions: 152->0(152)
[2024-02-14T22:41:18.928+0000][7][gc,heap     ] GC(485) Survivor regions: 1->1(20)
[2024-02-14T22:41:18.928+0000][7][gc,heap     ] GC(485) Old regions: 26->26
[2024-02-14T22:41:18.928+0000][7][gc,heap     ] GC(485) Archive regions: 2->2
[2024-02-14T22:41:18.928+0000][7][gc,heap     ] GC(485) Humongous regions: 0->0
[2024-02-14T22:41:18.928+0000][7][gc,metaspace] GC(485) Metaspace: 129806K(133568K)->129806K(133568K) NonClass: 112826K(114816K)->112826K(114816K) Class: 16979K(18752K)->16979K(18752K)
[2024-02-14T22:41:18.928+0000][7][gc          ] GC(485) Pause Young (Normal) (G1 Evacuation Pause) 715M->108M(1024M) 2.728ms
[2024-02-14T22:41:18.928+0000][7][gc,cpu      ] GC(485) User=0.01s Sys=0.00s Real=0.00s
[2024-02-14T22:41:18.928+0000][7][safepoint   ] Safepoint "G1CollectForAllocation", Time since last: 107308372264 ns, Reaching safepoint: 41007 ns, At safepoint: 2830700 ns, Total: 2871707 ns
[2024-02-14T22:44:12.641+0000][7][gc,start    ] GC(486) Pause Young (Normal) (G1 Evacuation Pause)
[2024-02-14T22:44:12.641+0000][7][gc,task     ] GC(486) Using 8 workers of 8 for evacuation
[2024-02-14T22:44:12.641+0000][7][gc,age      ] GC(486) Desired survivor size 41943040 bytes, new threshold 15 (max threshold 15)
[2024-02-14T22:44:12.643+0000][7][gc,phases   ] GC(486)   Pre Evacuate Collection Set: 0.1ms
[2024-02-14T22:44:12.643+0000][7][gc,phases   ] GC(486)   Merge Heap Roots: 0.1ms
[2024-02-14T22:44:12.643+0000][7][gc,phases   ] GC(486)   Evacuate Collection Set: 1.2ms
[2024-02-14T22:44:12.643+0000][7][gc,phases   ] GC(486)   Post Evacuate Collection Set: 0.6ms
[2024-02-14T22:44:12.643+0000][7][gc,phases   ] GC(486)   Other: 0.1ms
[2024-02-14T22:44:12.643+0000][7][gc,age      ] GC(486) Age table with threshold 15 (max threshold 15)
[2024-02-14T22:44:12.643+0000][7][gc,age      ] GC(486) - age   1:    1713656 bytes,    1713656 total
[2024-02-14T22:44:12.643+0000][7][gc,age      ] GC(486) - age   2:       7592 bytes,    1721248 total
[2024-02-14T22:44:12.643+0000][7][gc,age      ] GC(486) - age   3:       7920 bytes,    1729168 total
[2024-02-14T22:44:12.643+0000][7][gc,age      ] GC(486) - age   4:     146672 bytes,    1875840 total
[2024-02-14T22:44:12.643+0000][7][gc,age      ] GC(486) - age   5:       4760 bytes,    1880600 total
[2024-02-14T22:44:12.643+0000][7][gc,age      ] GC(486) - age   6:      26256 bytes,    1906856 total
[2024-02-14T22:44:12.643+0000][7][gc,age      ] GC(486) - age   7:     125400 bytes,    2032256 total
[2024-02-14T22:44:12.643+0000][7][gc,age      ] GC(486) - age   8:        384 bytes,    2032640 total
[2024-02-14T22:44:12.643+0000][7][gc,age      ] GC(486) - age   9:      75016 bytes,    2107656 total
[2024-02-14T22:44:12.643+0000][7][gc,age      ] GC(486) - age  10:        184 bytes,    2107840 total
[2024-02-14T22:44:12.643+0000][7][gc,age      ] GC(486) - age  11:        144 bytes,    2107984 total
[2024-02-14T22:44:12.643+0000][7][gc,age      ] GC(486) - age  14:      37488 bytes,    2145472 total
[2024-02-14T22:44:12.643+0000][7][gc,age      ] GC(486) - age  15:       4848 bytes,    2150320 total
[2024-02-14T22:44:12.643+0000][7][gc,heap     ] GC(486) Eden regions: 152->0(152)
[2024-02-14T22:44:12.643+0000][7][gc,heap     ] GC(486) Survivor regions: 1->1(20)
[2024-02-14T22:44:12.643+0000][7][gc,heap     ] GC(486) Old regions: 26->26
[2024-02-14T22:44:12.643+0000][7][gc,heap     ] GC(486) Archive regions: 2->2
[2024-02-14T22:44:12.643+0000][7][gc,heap     ] GC(486) Humongous regions: 0->0
[2024-02-14T22:44:12.643+0000][7][gc,metaspace] GC(486) Metaspace: 129806K(133568K)->129806K(133568K) NonClass: 112826K(114816K)->112826K(114816K) Class: 16979K(18752K)->16979K(18752K)
[2024-02-14T22:44:12.643+0000][7][gc          ] GC(486) Pause Young (Normal) (G1 Evacuation Pause) 716M->108M(1024M) 2.357ms
[2024-02-14T22:44:12.643+0000][7][gc,cpu      ] GC(486) User=0.02s Sys=0.00s Real=0.00s
[2024-02-14T22:44:12.643+0000][7][safepoint   ] Safepoint "G1CollectForAllocation", Time since last: 173712816245 ns, Reaching safepoint: 52050 ns, At safepoint: 2443577 ns, Total: 2495627 ns
[2024-02-14T22:47:00.650+0000][7][gc,start    ] GC(487) Pause Young (Normal) (G1 Evacuation Pause)
[2024-02-14T22:47:00.650+0000][7][gc,task     ] GC(487) Using 8 workers of 8 for evacuation
[2024-02-14T22:47:00.650+0000][7][gc,age      ] GC(487) Desired survivor size 41943040 bytes, new threshold 15 (max threshold 15)
[2024-02-14T22:47:00.652+0000][7][gc,phases   ] GC(487)   Pre Evacuate Collection Set: 0.1ms
[2024-02-14T22:47:00.652+0000][7][gc,phases   ] GC(487)   Merge Heap Roots: 0.1ms
[2024-02-14T22:47:00.652+0000][7][gc,phases   ] GC(487)   Evacuate Collection Set: 1.0ms
[2024-02-14T22:47:00.652+0000][7][gc,phases   ] GC(487)   Post Evacuate Collection Set: 0.5ms
[2024-02-14T22:47:00.652+0000][7][gc,phases   ] GC(487)   Other: 0.1ms
[2024-02-14T22:47:00.652+0000][7][gc,age      ] GC(487) Age table with threshold 15 (max threshold 15)
[2024-02-14T22:47:00.652+0000][7][gc,age      ] GC(487) - age   1:    2006200 bytes,    2006200 total
[2024-02-14T22:47:00.652+0000][7][gc,age      ] GC(487) - age   2:      11752 bytes,    2017952 total
[2024-02-14T22:47:00.652+0000][7][gc,age      ] GC(487) - age   3:       3960 bytes,    2021912 total
[2024-02-14T22:47:00.652+0000][7][gc,age      ] GC(487) - age   4:       7664 bytes,    2029576 total
[2024-02-14T22:47:00.652+0000][7][gc,age      ] GC(487) - age   5:     146672 bytes,    2176248 total
[2024-02-14T22:47:00.652+0000][7][gc,age      ] GC(487) - age   6:       4760 bytes,    2181008 total
[2024-02-14T22:47:00.652+0000][7][gc,age      ] GC(487) - age   7:      26256 bytes,    2207264 total
[2024-02-14T22:47:00.652+0000][7][gc,age      ] GC(487) - age   8:     125016 bytes,    2332280 total
[2024-02-14T22:47:00.652+0000][7][gc,age      ] GC(487) - age   9:        384 bytes,    2332664 total
[2024-02-14T22:47:00.652+0000][7][gc,age      ] GC(487) - age  10:      75016 bytes,    2407680 total
[2024-02-14T22:47:00.652+0000][7][gc,age      ] GC(487) - age  11:        184 bytes,    2407864 total
[2024-02-14T22:47:00.652+0000][7][gc,age      ] GC(487) - age  12:        144 bytes,    2408008 total
[2024-02-14T22:47:00.652+0000][7][gc,age      ] GC(487) - age  15:      37488 bytes,    2445496 total
[2024-02-14T22:47:00.652+0000][7][gc,heap     ] GC(487) Eden regions: 152->0(152)
[2024-02-14T22:47:00.652+0000][7][gc,heap     ] GC(487) Survivor regions: 1->1(20)
[2024-02-14T22:47:00.652+0000][7][gc,heap     ] GC(487) Old regions: 26->26
[2024-02-14T22:47:00.652+0000][7][gc,heap     ] GC(487) Archive regions: 2->2
[2024-02-14T22:47:00.652+0000][7][gc,heap     ] GC(487) Humongous regions: 0->0
[2024-02-14T22:47:00.652+0000][7][gc,metaspace] GC(487) Metaspace: 129806K(133568K)->129806K(133568K) NonClass: 112827K(114816K)->112827K(114816K) Class: 16979K(18752K)->16979K(18752K)
[2024-02-14T22:47:00.652+0000][7][gc          ] GC(487) Pause Young (Normal) (G1 Evacuation Pause) 716M->108M(1024M) 1.890ms
[2024-02-14T22:47:00.652+0000][7][gc,cpu      ] GC(487) User=0.01s Sys=0.01s Real=0.00s
[2024-02-14T22:47:00.652+0000][7][safepoint   ] Safepoint "G1CollectForAllocation", Time since last: 168006782778 ns, Reaching safepoint: 27772 ns, At safepoint: 1972016 ns, Total: 1999788 ns
[2024-02-14T22:47:37.656+0000][7][safepoint   ] Safepoint "Cleanup", Time since last: 37004442554 ns, Reaching safepoint: 90320 ns, At safepoint: 6301 ns, Total: 96621 ns
[2024-02-14T22:49:54.742+0000][7][gc,start    ] GC(488) Pause Young (Normal) (G1 Evacuation Pause)
[2024-02-14T22:49:54.742+0000][7][gc,task     ] GC(488) Using 8 workers of 8 for evacuation
[2024-02-14T22:49:54.742+0000][7][gc,age      ] GC(488) Desired survivor size 41943040 bytes, new threshold 15 (max threshold 15)
[2024-02-14T22:49:54.743+0000][7][gc,phases   ] GC(488)   Pre Evacuate Collection Set: 0.1ms
[2024-02-14T22:49:54.743+0000][7][gc,phases   ] GC(488)   Merge Heap Roots: 0.1ms
[2024-02-14T22:49:54.743+0000][7][gc,phases   ] GC(488)   Evacuate Collection Set: 1.0ms
[2024-02-14T22:49:54.743+0000][7][gc,phases   ] GC(488)   Post Evacuate Collection Set: 0.6ms
[2024-02-14T22:49:54.743+0000][7][gc,phases   ] GC(488)   Other: 0.1ms
[2024-02-14T22:49:54.743+0000][7][gc,age      ] GC(488) Age table with threshold 15 (max threshold 15)
[2024-02-14T22:49:54.743+0000][7][gc,age      ] GC(488) - age   1:    1940128 bytes,    1940128 total
[2024-02-14T22:49:54.743+0000][7][gc,age      ] GC(488) - age   2:       5976 bytes,    1946104 total
[2024-02-14T22:49:54.743+0000][7][gc,age      ] GC(488) - age   3:       9472 bytes,    1955576 total
[2024-02-14T22:49:54.743+0000][7][gc,age      ] GC(488) - age   4:        376 bytes,    1955952 total
[2024-02-14T22:49:54.743+0000][7][gc,age      ] GC(488) - age   5:       6952 bytes,    1962904 total
[2024-02-14T22:49:54.743+0000][7][gc,age      ] GC(488) - age   6:     146216 bytes,    2109120 total
[2024-02-14T22:49:54.743+0000][7][gc,age      ] GC(488) - age   7:       4760 bytes,    2113880 total
[2024-02-14T22:49:54.743+0000][7][gc,age      ] GC(488) - age   8:      26224 bytes,    2140104 total
[2024-02-14T22:49:54.743+0000][7][gc,age      ] GC(488) - age   9:     125016 bytes,    2265120 total
[2024-02-14T22:49:54.743+0000][7][gc,age      ] GC(488) - age  10:        384 bytes,    2265504 total
[2024-02-14T22:49:54.743+0000][7][gc,age      ] GC(488) - age  11:      75016 bytes,    2340520 total
[2024-02-14T22:49:54.743+0000][7][gc,age      ] GC(488) - age  12:        184 bytes,    2340704 total
[2024-02-14T22:49:54.743+0000][7][gc,age      ] GC(488) - age  13:        144 bytes,    2340848 total
[2024-02-14T22:49:54.743+0000][7][gc,heap     ] GC(488) Eden regions: 152->0(152)
[2024-02-14T22:49:54.743+0000][7][gc,heap     ] GC(488) Survivor regions: 1->1(20)
[2024-02-14T22:49:54.743+0000][7][gc,heap     ] GC(488) Old regions: 26->26
[2024-02-14T22:49:54.743+0000][7][gc,heap     ] GC(488) Archive regions: 2->2
[2024-02-14T22:49:54.743+0000][7][gc,heap     ] GC(488) Humongous regions: 0->0
[2024-02-14T22:49:54.743+0000][7][gc,metaspace] GC(488) Metaspace: 129807K(133568K)->129807K(133568K) NonClass: 112828K(114816K)->112828K(114816K) Class: 16979K(18752K)->16979K(18752K)
[2024-02-14T22:49:54.743+0000][7][gc          ] GC(488) Pause Young (Normal) (G1 Evacuation Pause) 716M->108M(1024M) 1.948ms
[2024-02-14T22:49:54.744+0000][7][gc,cpu      ] GC(488) User=0.01s Sys=0.00s Real=0.00s
[2024-02-14T22:49:54.744+0000][7][safepoint   ] Safepoint "G1CollectForAllocation", Time since last: 137085188391 ns, Reaching safepoint: 80248 ns, At safepoint: 2017521 ns, Total: 2097769 ns
[2024-02-14T22:52:24.567+0000][7][gc,start    ] GC(489) Pause Young (Normal) (G1 Evacuation Pause)
[2024-02-14T22:52:24.567+0000][7][gc,task     ] GC(489) Using 8 workers of 8 for evacuation
[2024-02-14T22:52:24.567+0000][7][gc,age      ] GC(489) Desired survivor size 41943040 bytes, new threshold 15 (max threshold 15)
[2024-02-14T22:52:24.570+0000][7][gc,phases   ] GC(489)   Pre Evacuate Collection Set: 0.1ms
[2024-02-14T22:52:24.570+0000][7][gc,phases   ] GC(489)   Merge Heap Roots: 0.1ms
[2024-02-14T22:52:24.570+0000][7][gc,phases   ] GC(489)   Evacuate Collection Set: 1.2ms
[2024-02-14T22:52:24.570+0000][7][gc,phases   ] GC(489)   Post Evacuate Collection Set: 0.6ms
[2024-02-14T22:52:24.570+0000][7][gc,phases   ] GC(489)   Other: 0.1ms
[2024-02-14T22:52:24.570+0000][7][gc,age      ] GC(489) Age table with threshold 15 (max threshold 15)
[2024-02-14T22:52:24.570+0000][7][gc,age      ] GC(489) - age   1:    1027064 bytes,    1027064 total
[2024-02-14T22:52:24.570+0000][7][gc,age      ] GC(489) - age   2:      14552 bytes,    1041616 total
[2024-02-14T22:52:24.570+0000][7][gc,age      ] GC(489) - age   3:       1888 bytes,    1043504 total
[2024-02-14T22:52:24.570+0000][7][gc,age      ] GC(489) - age   4:       9024 bytes,    1052528 total
[2024-02-14T22:52:24.570+0000][7][gc,age      ] GC(489) - age   5:        128 bytes,    1052656 total
[2024-02-14T22:52:24.570+0000][7][gc,age      ] GC(489) - age   6:       6888 bytes,    1059544 total
[2024-02-14T22:52:24.570+0000][7][gc,age      ] GC(489) - age   7:     146216 bytes,    1205760 total
[2024-02-14T22:52:24.570+0000][7][gc,age      ] GC(489) - age   8:       4760 bytes,    1210520 total
[2024-02-14T22:52:24.570+0000][7][gc,age      ] GC(489) - age   9:      26224 bytes,    1236744 total
[2024-02-14T22:52:24.570+0000][7][gc,age      ] GC(489) - age  10:     125016 bytes,    1361760 total
[2024-02-14T22:52:24.570+0000][7][gc,age      ] GC(489) - age  11:        384 bytes,    1362144 total
[2024-02-14T22:52:24.570+0000][7][gc,age      ] GC(489) - age  12:      75016 bytes,    1437160 total
[2024-02-14T22:52:24.570+0000][7][gc,age      ] GC(489) - age  13:        184 bytes,    1437344 total
[2024-02-14T22:52:24.570+0000][7][gc,age      ] GC(489) - age  14:        144 bytes,    1437488 total
[2024-02-14T22:52:24.570+0000][7][gc,heap     ] GC(489) Eden regions: 152->0(152)
[2024-02-14T22:52:24.570+0000][7][gc,heap     ] GC(489) Survivor regions: 1->1(20)
[2024-02-14T22:52:24.570+0000][7][gc,heap     ] GC(489) Old regions: 26->26
[2024-02-14T22:52:24.570+0000][7][gc,heap     ] GC(489) Archive regions: 2->2
[2024-02-14T22:52:24.570+0000][7][gc,heap     ] GC(489) Humongous regions: 0->0
[2024-02-14T22:52:24.570+0000][7][gc,metaspace] GC(489) Metaspace: 129807K(133568K)->129807K(133568K) NonClass: 112828K(114816K)->112828K(114816K) Class: 16979K(18752K)->16979K(18752K)
[2024-02-14T22:52:24.570+0000][7][gc          ] GC(489) Pause Young (Normal) (G1 Evacuation Pause) 716M->107M(1024M) 2.381ms
[2024-02-14T22:52:24.570+0000][7][gc,cpu      ] GC(489) User=0.01s Sys=0.00s Real=0.00s
[2024-02-14T22:52:24.570+0000][7][safepoint   ] Safepoint "G1CollectForAllocation", Time since last: 149823740124 ns, Reaching safepoint: 48192 ns, At safepoint: 2462891 ns, Total: 2511083 ns
[2024-02-14T22:54:54.744+0000][7][gc,start    ] GC(490) Pause Young (Normal) (G1 Evacuation Pause)
[2024-02-14T22:54:54.744+0000][7][gc,task     ] GC(490) Using 8 workers of 8 for evacuation
[2024-02-14T22:54:54.744+0000][7][gc,age      ] GC(490) Desired survivor size 41943040 bytes, new threshold 15 (max threshold 15)
[2024-02-14T22:54:54.746+0000][7][gc,phases   ] GC(490)   Pre Evacuate Collection Set: 0.1ms
[2024-02-14T22:54:54.746+0000][7][gc,phases   ] GC(490)   Merge Heap Roots: 0.0ms
[2024-02-14T22:54:54.746+0000][7][gc,phases   ] GC(490)   Evacuate Collection Set: 1.0ms
[2024-02-14T22:54:54.746+0000][7][gc,phases   ] GC(490)   Post Evacuate Collection Set: 0.5ms
[2024-02-14T22:54:54.746+0000][7][gc,phases   ] GC(490)   Other: 0.1ms
[2024-02-14T22:54:54.746+0000][7][gc,age      ] GC(490) Age table with threshold 15 (max threshold 15)
[2024-02-14T22:54:54.746+0000][7][gc,age      ] GC(490) - age   1:    2000008 bytes,    2000008 total
[2024-02-14T22:54:54.746+0000][7][gc,age      ] GC(490) - age   2:       2808 bytes,    2002816 total
[2024-02-14T22:54:54.746+0000][7][gc,age      ] GC(490) - age   3:      10544 bytes,    2013360 total
[2024-02-14T22:54:54.746+0000][7][gc,age      ] GC(490) - age   4:       1184 bytes,    2014544 total
[2024-02-14T22:54:54.746+0000][7][gc,age      ] GC(490) - age   5:       8512 bytes,    2023056 total
[2024-02-14T22:54:54.746+0000][7][gc,age      ] GC(490) - age   7:       6888 bytes,    2029944 total
[2024-02-14T22:54:54.746+0000][7][gc,age      ] GC(490) - age   8:     146216 bytes,    2176160 total
[2024-02-14T22:54:54.746+0000][7][gc,age      ] GC(490) - age   9:       4760 bytes,    2180920 total
[2024-02-14T22:54:54.746+0000][7][gc,age      ] GC(490) - age  10:      26224 bytes,    2207144 total
[2024-02-14T22:54:54.746+0000][7][gc,age      ] GC(490) - age  11:     125016 bytes,    2332160 total
[2024-02-14T22:54:54.746+0000][7][gc,age      ] GC(490) - age  12:        384 bytes,    2332544 total
[2024-02-14T22:54:54.746+0000][7][gc,age      ] GC(490) - age  13:      75016 bytes,    2407560 total
[2024-02-14T22:54:54.746+0000][7][gc,age      ] GC(490) - age  14:        184 bytes,    2407744 total
[2024-02-14T22:54:54.746+0000][7][gc,age      ] GC(490) - age  15:        144 bytes,    2407888 total
[2024-02-14T22:54:54.746+0000][7][gc,heap     ] GC(490) Eden regions: 152->0(152)
[2024-02-14T22:54:54.746+0000][7][gc,heap     ] GC(490) Survivor regions: 1->1(20)
[2024-02-14T22:54:54.746+0000][7][gc,heap     ] GC(490) Old regions: 26->26
[2024-02-14T22:54:54.746+0000][7][gc,heap     ] GC(490) Archive regions: 2->2
[2024-02-14T22:54:54.746+0000][7][gc,heap     ] GC(490) Humongous regions: 0->0
[2024-02-14T22:54:54.746+0000][7][gc,metaspace] GC(490) Metaspace: 129808K(133568K)->129808K(133568K) NonClass: 112828K(114816K)->112828K(114816K) Class: 16979K(18752K)->16979K(18752K)
[2024-02-14T22:54:54.746+0000][7][gc          ] GC(490) Pause Young (Normal) (G1 Evacuation Pause) 715M->108M(1024M) 1.942ms
[2024-02-14T22:54:54.746+0000][7][gc,cpu      ] GC(490) User=0.01s Sys=0.00s Real=0.00s
[2024-02-14T22:54:54.746+0000][7][safepoint   ] Safepoint "G1CollectForAllocation", Time since last: 150174317070 ns, Reaching safepoint: 39601 ns, At safepoint: 2011857 ns, Total: 2051458 ns
[2024-02-14T22:57:43.497+0000][7][gc,start    ] GC(491) Pause Young (Normal) (G1 Evacuation Pause)
[2024-02-14T22:57:43.497+0000][7][gc,task     ] GC(491) Using 8 workers of 8 for evacuation
[2024-02-14T22:57:43.497+0000][7][gc,age      ] GC(491) Desired survivor size 41943040 bytes, new threshold 15 (max threshold 15)
[2024-02-14T22:57:43.500+0000][7][gc,phases   ] GC(491)   Pre Evacuate Collection Set: 0.1ms
[2024-02-14T22:57:43.500+0000][7][gc,phases   ] GC(491)   Merge Heap Roots: 0.1ms
[2024-02-14T22:57:43.500+0000][7][gc,phases   ] GC(491)   Evacuate Collection Set: 1.7ms
[2024-02-14T22:57:43.500+0000][7][gc,phases   ] GC(491)   Post Evacuate Collection Set: 1.1ms
[2024-02-14T22:57:43.500+0000][7][gc,phases   ] GC(491)   Other: 0.1ms
[2024-02-14T22:57:43.500+0000][7][gc,age      ] GC(491) Age table with threshold 15 (max threshold 15)
[2024-02-14T22:57:43.500+0000][7][gc,age      ] GC(491) - age   1:    1739592 bytes,    1739592 total
[2024-02-14T22:57:43.500+0000][7][gc,age      ] GC(491) - age   2:       5960 bytes,    1745552 total
[2024-02-14T22:57:43.500+0000][7][gc,age      ] GC(491) - age   3:       1088 bytes,    1746640 total
[2024-02-14T22:57:43.500+0000][7][gc,age      ] GC(491) - age   4:       9024 bytes,    1755664 total
[2024-02-14T22:57:43.500+0000][7][gc,age      ] GC(491) - age   5:        760 bytes,    1756424 total
[2024-02-14T22:57:43.500+0000][7][gc,age      ] GC(491) - age   6:       8384 bytes,    1764808 total
[2024-02-14T22:57:43.500+0000][7][gc,age      ] GC(491) - age   8:       6856 bytes,    1771664 total
[2024-02-14T22:57:43.500+0000][7][gc,age      ] GC(491) - age   9:     146216 bytes,    1917880 total
[2024-02-14T22:57:43.500+0000][7][gc,age      ] GC(491) - age  10:       4760 bytes,    1922640 total
[2024-02-14T22:57:43.500+0000][7][gc,age      ] GC(491) - age  11:      26224 bytes,    1948864 total
[2024-02-14T22:57:43.500+0000][7][gc,age      ] GC(491) - age  12:     125016 bytes,    2073880 total
[2024-02-14T22:57:43.500+0000][7][gc,age      ] GC(491) - age  13:        384 bytes,    2074264 total
[2024-02-14T22:57:43.500+0000][7][gc,age      ] GC(491) - age  14:      75016 bytes,    2149280 total
[2024-02-14T22:57:43.501+0000][7][gc,heap     ] GC(491) Eden regions: 152->0(152)
[2024-02-14T22:57:43.501+0000][7][gc,heap     ] GC(491) Survivor regions: 1->1(20)
[2024-02-14T22:57:43.501+0000][7][gc,heap     ] GC(491) Old regions: 26->26
[2024-02-14T22:57:43.501+0000][7][gc,heap     ] GC(491) Archive regions: 2->2
[2024-02-14T22:57:43.501+0000][7][gc,heap     ] GC(491) Humongous regions: 0->0
[2024-02-14T22:57:43.501+0000][7][gc,metaspace] GC(491) Metaspace: 129808K(133568K)->129808K(133568K) NonClass: 112829K(114816K)->112829K(114816K) Class: 16979K(18752K)->16979K(18752K)
[2024-02-14T22:57:43.501+0000][7][gc          ] GC(491) Pause Young (Normal) (G1 Evacuation Pause) 716M->108M(1024M) 3.254ms
[2024-02-14T22:57:43.501+0000][7][gc,cpu      ] GC(491) User=0.01s Sys=0.00s Real=0.00s
[2024-02-14T22:57:43.501+0000][7][safepoint   ] Safepoint "G1CollectForAllocation", Time since last: 168751052579 ns, Reaching safepoint: 57245 ns, At safepoint: 3337952 ns, Total: 3395197 ns
[2024-02-14T23:00:30.600+0000][7][gc,start    ] GC(492) Pause Young (Normal) (G1 Evacuation Pause)
[2024-02-14T23:00:30.600+0000][7][gc,task     ] GC(492) Using 8 workers of 8 for evacuation
[2024-02-14T23:00:30.600+0000][7][gc,age      ] GC(492) Desired survivor size 41943040 bytes, new threshold 15 (max threshold 15)
[2024-02-14T23:00:30.602+0000][7][gc,phases   ] GC(492)   Pre Evacuate Collection Set: 0.1ms
[2024-02-14T23:00:30.602+0000][7][gc,phases   ] GC(492)   Merge Heap Roots: 0.1ms
[2024-02-14T23:00:30.602+0000][7][gc,phases   ] GC(492)   Evacuate Collection Set: 1.1ms
[2024-02-14T23:00:30.602+0000][7][gc,phases   ] GC(492)   Post Evacuate Collection Set: 0.6ms
[2024-02-14T23:00:30.602+0000][7][gc,phases   ] GC(492)   Other: 0.1ms
[2024-02-14T23:00:30.602+0000][7][gc,age      ] GC(492) Age table with threshold 15 (max threshold 15)
[2024-02-14T23:00:30.602+0000][7][gc,age      ] GC(492) - age   1:     943760 bytes,     943760 total
[2024-02-14T23:00:30.602+0000][7][gc,age      ] GC(492) - age   2:       4136 bytes,     947896 total
[2024-02-14T23:00:30.602+0000][7][gc,age      ] GC(492) - age   3:       1312 bytes,     949208 total
[2024-02-14T23:00:30.602+0000][7][gc,age      ] GC(492) - age   4:        384 bytes,     949592 total
[2024-02-14T23:00:30.602+0000][7][gc,age      ] GC(492) - age   5:       5504 bytes,     955096 total
[2024-02-14T23:00:30.602+0000][7][gc,age      ] GC(492) - age   6:        632 bytes,     955728 total
[2024-02-14T23:00:30.602+0000][7][gc,age      ] GC(492) - age   7:       8384 bytes,     964112 total
[2024-02-14T23:00:30.602+0000][7][gc,age      ] GC(492) - age   9:       6672 bytes,     970784 total
[2024-02-14T23:00:30.602+0000][7][gc,age      ] GC(492) - age  10:     146216 bytes,    1117000 total
[2024-02-14T23:00:30.602+0000][7][gc,age      ] GC(492) - age  11:       4728 bytes,    1121728 total
[2024-02-14T23:00:30.602+0000][7][gc,age      ] GC(492) - age  12:      26040 bytes,    1147768 total
[2024-02-14T23:00:30.602+0000][7][gc,age      ] GC(492) - age  13:     125016 bytes,    1272784 total
[2024-02-14T23:00:30.602+0000][7][gc,age      ] GC(492) - age  14:        384 bytes,    1273168 total
[2024-02-14T23:00:30.602+0000][7][gc,age      ] GC(492) - age  15:      75016 bytes,    1348184 total
[2024-02-14T23:00:30.602+0000][7][gc,heap     ] GC(492) Eden regions: 152->0(152)
[2024-02-14T23:00:30.602+0000][7][gc,heap     ] GC(492) Survivor regions: 1->1(20)
[2024-02-14T23:00:30.602+0000][7][gc,heap     ] GC(492) Old regions: 26->26
[2024-02-14T23:00:30.602+0000][7][gc,heap     ] GC(492) Archive regions: 2->2
[2024-02-14T23:00:30.602+0000][7][gc,heap     ] GC(492) Humongous regions: 0->0
[2024-02-14T23:00:30.602+0000][7][gc,metaspace] GC(492) Metaspace: 129809K(133568K)->129809K(133568K) NonClass: 112830K(114816K)->112830K(114816K) Class: 16979K(18752K)->16979K(18752K)
[2024-02-14T23:00:30.602+0000][7][gc          ] GC(492) Pause Young (Normal) (G1 Evacuation Pause) 716M->107M(1024M) 2.185ms
[2024-02-14T23:00:30.602+0000][7][gc,cpu      ] GC(492) User=0.01s Sys=0.00s Real=0.00s
[2024-02-14T23:00:30.602+0000][7][safepoint   ] Safepoint "G1CollectForAllocation", Time since last: 167098890935 ns, Reaching safepoint: 59140 ns, At safepoint: 2277178 ns, Total: 2336318 ns
[2024-02-14T23:03:19.196+0000][7][gc,start    ] GC(493) Pause Young (Normal) (G1 Evacuation Pause)
[2024-02-14T23:03:19.196+0000][7][gc,task     ] GC(493) Using 8 workers of 8 for evacuation
[2024-02-14T23:03:19.196+0000][7][gc,age      ] GC(493) Desired survivor size 41943040 bytes, new threshold 15 (max threshold 15)
[2024-02-14T23:03:19.198+0000][7][gc,phases   ] GC(493)   Pre Evacuate Collection Set: 0.1ms
[2024-02-14T23:03:19.198+0000][7][gc,phases   ] GC(493)   Merge Heap Roots: 0.1ms
[2024-02-14T23:03:19.198+0000][7][gc,phases   ] GC(493)   Evacuate Collection Set: 1.1ms
[2024-02-14T23:03:19.198+0000][7][gc,phases   ] GC(493)   Post Evacuate Collection Set: 0.7ms
[2024-02-14T23:03:19.198+0000][7][gc,phases   ] GC(493)   Other: 0.1ms
[2024-02-14T23:03:19.198+0000][7][gc,age      ] GC(493) Age table with threshold 15 (max threshold 15)
[2024-02-14T23:03:19.198+0000][7][gc,age      ] GC(493) - age   1:     810424 bytes,     810424 total
[2024-02-14T23:03:19.198+0000][7][gc,age      ] GC(493) - age   2:       6504 bytes,     816928 total
[2024-02-14T23:03:19.198+0000][7][gc,age      ] GC(493) - age   3:       1672 bytes,     818600 total
[2024-02-14T23:03:19.198+0000][7][gc,age      ] GC(493) - age   4:        184 bytes,     818784 total
[2024-02-14T23:03:19.198+0000][7][gc,age      ] GC(493) - age   6:       5504 bytes,     824288 total
[2024-02-14T23:03:19.198+0000][7][gc,age      ] GC(493) - age   7:        632 bytes,     824920 total
[2024-02-14T23:03:19.198+0000][7][gc,age      ] GC(493) - age   8:       8384 bytes,     833304 total
[2024-02-14T23:03:19.198+0000][7][gc,age      ] GC(493) - age  10:       6672 bytes,     839976 total
[2024-02-14T23:03:19.198+0000][7][gc,age      ] GC(493) - age  11:     146216 bytes,     986192 total
[2024-02-14T23:03:19.198+0000][7][gc,age      ] GC(493) - age  12:       4728 bytes,     990920 total
[2024-02-14T23:03:19.198+0000][7][gc,age      ] GC(493) - age  13:      26040 bytes,    1016960 total
[2024-02-14T23:03:19.198+0000][7][gc,age      ] GC(493) - age  14:     125016 bytes,    1141976 total
[2024-02-14T23:03:19.198+0000][7][gc,age      ] GC(493) - age  15:        384 bytes,    1142360 total
[2024-02-14T23:03:19.198+0000][7][gc,heap     ] GC(493) Eden regions: 152->0(152)
[2024-02-14T23:03:19.198+0000][7][gc,heap     ] GC(493) Survivor regions: 1->1(20)
[2024-02-14T23:03:19.198+0000][7][gc,heap     ] GC(493) Old regions: 26->26
[2024-02-14T23:03:19.198+0000][7][gc,heap     ] GC(493) Archive regions: 2->2
[2024-02-14T23:03:19.198+0000][7][gc,heap     ] GC(493) Humongous regions: 0->0
[2024-02-14T23:03:19.198+0000][7][gc,metaspace] GC(493) Metaspace: 129809K(133568K)->129809K(133568K) NonClass: 112830K(114816K)->112830K(114816K) Class: 16979K(18752K)->16979K(18752K)
[2024-02-14T23:03:19.198+0000][7][gc          ] GC(493) Pause Young (Normal) (G1 Evacuation Pause) 715M->107M(1024M) 2.395ms
[2024-02-14T23:03:19.198+0000][7][gc,cpu      ] GC(493) User=0.01s Sys=0.00s Real=0.01s
[2024-02-14T23:03:19.198+0000][7][safepoint   ] Safepoint "G1CollectForAllocation", Time since last: 168593601733 ns, Reaching safepoint: 44262 ns, At safepoint: 2500059 ns, Total: 2544321 ns
[2024-02-14T23:03:55.202+0000][7][safepoint   ] Safepoint "Cleanup", Time since last: 36003539486 ns, Reaching safepoint: 79841 ns, At safepoint: 25080 ns, Total: 104921 ns
[2024-02-14T23:06:06.696+0000][7][gc,start    ] GC(494) Pause Young (Normal) (G1 Evacuation Pause)
[2024-02-14T23:06:06.696+0000][7][gc,task     ] GC(494) Using 8 workers of 8 for evacuation
[2024-02-14T23:06:06.696+0000][7][gc,age      ] GC(494) Desired survivor size 41943040 bytes, new threshold 15 (max threshold 15)
[2024-02-14T23:06:06.698+0000][7][gc,phases   ] GC(494)   Pre Evacuate Collection Set: 0.1ms
[2024-02-14T23:06:06.698+0000][7][gc,phases   ] GC(494)   Merge Heap Roots: 0.1ms
[2024-02-14T23:06:06.698+0000][7][gc,phases   ] GC(494)   Evacuate Collection Set: 1.0ms
[2024-02-14T23:06:06.698+0000][7][gc,phases   ] GC(494)   Post Evacuate Collection Set: 0.7ms
[2024-02-14T23:06:06.698+0000][7][gc,phases   ] GC(494)   Other: 0.1ms
[2024-02-14T23:06:06.698+0000][7][gc,age      ] GC(494) Age table with threshold 15 (max threshold 15)
[2024-02-14T23:06:06.698+0000][7][gc,age      ] GC(494) - age   1:     944840 bytes,     944840 total
[2024-02-14T23:06:06.698+0000][7][gc,age      ] GC(494) - age   2:       3776 bytes,     948616 total
[2024-02-14T23:06:06.698+0000][7][gc,age      ] GC(494) - age   3:       4792 bytes,     953408 total
[2024-02-14T23:06:06.698+0000][7][gc,age      ] GC(494) - age   4:       1056 bytes,     954464 total
[2024-02-14T23:06:06.698+0000][7][gc,age      ] GC(494) - age   5:        184 bytes,     954648 total
[2024-02-14T23:06:06.698+0000][7][gc,age      ] GC(494) - age   7:       5112 bytes,     959760 total
[2024-02-14T23:06:06.698+0000][7][gc,age      ] GC(494) - age   8:        184 bytes,     959944 total
[2024-02-14T23:06:06.698+0000][7][gc,age      ] GC(494) - age   9:       8384 bytes,     968328 total
[2024-02-14T23:06:06.698+0000][7][gc,age      ] GC(494) - age  11:       6672 bytes,     975000 total
[2024-02-14T23:06:06.698+0000][7][gc,age      ] GC(494) - age  12:     146216 bytes,    1121216 total
[2024-02-14T23:06:06.698+0000][7][gc,age      ] GC(494) - age  13:       4728 bytes,    1125944 total
[2024-02-14T23:06:06.698+0000][7][gc,age      ] GC(494) - age  14:      26040 bytes,    1151984 total
[2024-02-14T23:06:06.698+0000][7][gc,age      ] GC(494) - age  15:     125016 bytes,    1277000 total
[2024-02-14T23:06:06.698+0000][7][gc,heap     ] GC(494) Eden regions: 152->0(152)
[2024-02-14T23:06:06.698+0000][7][gc,heap     ] GC(494) Survivor regions: 1->1(20)
[2024-02-14T23:06:06.698+0000][7][gc,heap     ] GC(494) Old regions: 26->26
[2024-02-14T23:06:06.698+0000][7][gc,heap     ] GC(494) Archive regions: 2->2
[2024-02-14T23:06:06.698+0000][7][gc,heap     ] GC(494) Humongous regions: 0->0
[2024-02-14T23:06:06.698+0000][7][gc,metaspace] GC(494) Metaspace: 129809K(133568K)->129809K(133568K) NonClass: 112830K(114816K)->112830K(114816K) Class: 16979K(18752K)->16979K(18752K)
[2024-02-14T23:06:06.698+0000][7][gc          ] GC(494) Pause Young (Normal) (G1 Evacuation Pause) 715M->107M(1024M) 2.165ms
[2024-02-14T23:06:06.698+0000][7][gc,cpu      ] GC(494) User=0.01s Sys=0.00s Real=0.00s
[2024-02-14T23:06:06.699+0000][7][safepoint   ] Safepoint "G1CollectForAllocation", Time since last: 131494563794 ns, Reaching safepoint: 60157 ns, At safepoint: 2252301 ns, Total: 2312458 ns
[2024-02-14T23:08:54.723+0000][7][gc,start    ] GC(495) Pause Young (Normal) (G1 Evacuation Pause)
[2024-02-14T23:08:54.723+0000][7][gc,task     ] GC(495) Using 8 workers of 8 for evacuation
[2024-02-14T23:08:54.723+0000][7][gc,age      ] GC(495) Desired survivor size 41943040 bytes, new threshold 15 (max threshold 15)
[2024-02-14T23:08:54.726+0000][7][gc,phases   ] GC(495)   Pre Evacuate Collection Set: 0.1ms
[2024-02-14T23:08:54.726+0000][7][gc,phases   ] GC(495)   Merge Heap Roots: 0.1ms
[2024-02-14T23:08:54.726+0000][7][gc,phases   ] GC(495)   Evacuate Collection Set: 2.2ms
[2024-02-14T23:08:54.726+0000][7][gc,phases   ] GC(495)   Post Evacuate Collection Set: 0.8ms
[2024-02-14T23:08:54.726+0000][7][gc,phases   ] GC(495)   Other: 0.1ms
[2024-02-14T23:08:54.726+0000][7][gc,age      ] GC(495) Age table with threshold 15 (max threshold 15)
[2024-02-14T23:08:54.726+0000][7][gc,age      ] GC(495) - age   1:    1471976 bytes,    1471976 total
[2024-02-14T23:08:54.726+0000][7][gc,age      ] GC(495) - age   2:       4408 bytes,    1476384 total
[2024-02-14T23:08:54.726+0000][7][gc,age      ] GC(495) - age   3:       1144 bytes,    1477528 total
[2024-02-14T23:08:54.726+0000][7][gc,age      ] GC(495) - age   4:       4224 bytes,    1481752 total
[2024-02-14T23:08:54.726+0000][7][gc,age      ] GC(495) - age   5:        184 bytes,    1481936 total
[2024-02-14T23:08:54.726+0000][7][gc,age      ] GC(495) - age   6:        184 bytes,    1482120 total
[2024-02-14T23:08:54.726+0000][7][gc,age      ] GC(495) - age   8:       5080 bytes,    1487200 total
[2024-02-14T23:08:54.726+0000][7][gc,age      ] GC(495) - age   9:        184 bytes,    1487384 total
[2024-02-14T23:08:54.726+0000][7][gc,age      ] GC(495) - age  10:        368 bytes,    1487752 total
[2024-02-14T23:08:54.726+0000][7][gc,age      ] GC(495) - age  12:       6464 bytes,    1494216 total
[2024-02-14T23:08:54.726+0000][7][gc,age      ] GC(495) - age  13:     146216 bytes,    1640432 total
[2024-02-14T23:08:54.726+0000][7][gc,age      ] GC(495) - age  14:       4728 bytes,    1645160 total
[2024-02-14T23:08:54.726+0000][7][gc,age      ] GC(495) - age  15:      26040 bytes,    1671200 total
[2024-02-14T23:08:54.726+0000][7][gc,heap     ] GC(495) Eden regions: 152->0(152)
[2024-02-14T23:08:54.726+0000][7][gc,heap     ] GC(495) Survivor regions: 1->1(20)
[2024-02-14T23:08:54.726+0000][7][gc,heap     ] GC(495) Old regions: 26->26
[2024-02-14T23:08:54.726+0000][7][gc,heap     ] GC(495) Archive regions: 2->2
[2024-02-14T23:08:54.726+0000][7][gc,heap     ] GC(495) Humongous regions: 0->0
[2024-02-14T23:08:54.726+0000][7][gc,metaspace] GC(495) Metaspace: 129809K(133568K)->129809K(133568K) NonClass: 112830K(114816K)->112830K(114816K) Class: 16979K(18752K)->16979K(18752K)
[2024-02-14T23:08:54.726+0000][7][gc          ] GC(495) Pause Young (Normal) (G1 Evacuation Pause) 715M->108M(1024M) 3.806ms
[2024-02-14T23:08:54.726+0000][7][gc,cpu      ] GC(495) User=0.02s Sys=0.00s Real=0.01s
[2024-02-14T23:08:54.727+0000][7][safepoint   ] Safepoint "G1CollectForAllocation", Time since last: 168024020122 ns, Reaching safepoint: 54024 ns, At safepoint: 3927040 ns, Total: 3981064 ns
[2024-02-14T23:11:36.680+0000][7][gc,start    ] GC(496) Pause Young (Normal) (G1 Evacuation Pause)
[2024-02-14T23:11:36.680+0000][7][gc,task     ] GC(496) Using 8 workers of 8 for evacuation
[2024-02-14T23:11:36.680+0000][7][gc,age      ] GC(496) Desired survivor size 41943040 bytes, new threshold 15 (max threshold 15)
[2024-02-14T23:11:36.682+0000][7][gc,phases   ] GC(496)   Pre Evacuate Collection Set: 0.1ms
[2024-02-14T23:11:36.682+0000][7][gc,phases   ] GC(496)   Merge Heap Roots: 0.1ms
[2024-02-14T23:11:36.682+0000][7][gc,phases   ] GC(496)   Evacuate Collection Set: 1.0ms
[2024-02-14T23:11:36.682+0000][7][gc,phases   ] GC(496)   Post Evacuate Collection Set: 0.5ms
[2024-02-14T23:11:36.682+0000][7][gc,phases   ] GC(496)   Other: 0.1ms
[2024-02-14T23:11:36.682+0000][7][gc,age      ] GC(496) Age table with threshold 15 (max threshold 15)
[2024-02-14T23:11:36.682+0000][7][gc,age      ] GC(496) - age   1:    1364816 bytes,    1364816 total
[2024-02-14T23:11:36.682+0000][7][gc,age      ] GC(496) - age   2:       5560 bytes,    1370376 total
[2024-02-14T23:11:36.682+0000][7][gc,age      ] GC(496) - age   3:       1936 bytes,    1372312 total
[2024-02-14T23:11:36.682+0000][7][gc,age      ] GC(496) - age   4:        568 bytes,    1372880 total
[2024-02-14T23:11:36.682+0000][7][gc,age      ] GC(496) - age   5:        344 bytes,    1373224 total
[2024-02-14T23:11:36.682+0000][7][gc,age      ] GC(496) - age   6:        184 bytes,    1373408 total
[2024-02-14T23:11:36.682+0000][7][gc,age      ] GC(496) - age   7:        184 bytes,    1373592 total
[2024-02-14T23:11:36.682+0000][7][gc,age      ] GC(496) - age   9:       5080 bytes,    1378672 total
[2024-02-14T23:11:36.682+0000][7][gc,age      ] GC(496) - age  10:        184 bytes,    1378856 total
[2024-02-14T23:11:36.682+0000][7][gc,age      ] GC(496) - age  11:        184 bytes,    1379040 total
[2024-02-14T23:11:36.682+0000][7][gc,age      ] GC(496) - age  13:       6464 bytes,    1385504 total
[2024-02-14T23:11:36.682+0000][7][gc,age      ] GC(496) - age  14:     146216 bytes,    1531720 total
[2024-02-14T23:11:36.682+0000][7][gc,age      ] GC(496) - age  15:       4728 bytes,    1536448 total
[2024-02-14T23:11:36.682+0000][7][gc,heap     ] GC(496) Eden regions: 152->0(152)
[2024-02-14T23:11:36.682+0000][7][gc,heap     ] GC(496) Survivor regions: 1->1(20)
[2024-02-14T23:11:36.682+0000][7][gc,heap     ] GC(496) Old regions: 26->26
[2024-02-14T23:11:36.682+0000][7][gc,heap     ] GC(496) Archive regions: 2->2
[2024-02-14T23:11:36.682+0000][7][gc,heap     ] GC(496) Humongous regions: 0->0
[2024-02-14T23:11:36.682+0000][7][gc,metaspace] GC(496) Metaspace: 129809K(133568K)->129809K(133568K) NonClass: 112830K(114816K)->112830K(114816K) Class: 16979K(18752K)->16979K(18752K)
[2024-02-14T23:11:36.682+0000][7][gc          ] GC(496) Pause Young (Normal) (G1 Evacuation Pause) 716M->108M(1024M) 1.927ms
[2024-02-14T23:11:36.682+0000][7][gc,cpu      ] GC(496) User=0.01s Sys=0.00s Real=0.00s
[2024-02-14T23:11:36.682+0000][7][safepoint   ] Safepoint "G1CollectForAllocation", Time since last: 161953362866 ns, Reaching safepoint: 132381 ns, At safepoint: 2004120 ns, Total: 2136501 ns
[2024-02-14T23:14:18.882+0000][7][gc,start    ] GC(497) Pause Young (Normal) (G1 Evacuation Pause)
[2024-02-14T23:14:18.882+0000][7][gc,task     ] GC(497) Using 8 workers of 8 for evacuation
[2024-02-14T23:14:18.882+0000][7][gc,age      ] GC(497) Desired survivor size 41943040 bytes, new threshold 15 (max threshold 15)
[2024-02-14T23:14:18.884+0000][7][gc,phases   ] GC(497)   Pre Evacuate Collection Set: 0.1ms
[2024-02-14T23:14:18.884+0000][7][gc,phases   ] GC(497)   Merge Heap Roots: 0.1ms
[2024-02-14T23:14:18.884+0000][7][gc,phases   ] GC(497)   Evacuate Collection Set: 1.1ms
[2024-02-14T23:14:18.884+0000][7][gc,phases   ] GC(497)   Post Evacuate Collection Set: 0.6ms
[2024-02-14T23:14:18.884+0000][7][gc,phases   ] GC(497)   Other: 0.1ms
[2024-02-14T23:14:18.884+0000][7][gc,age      ] GC(497) Age table with threshold 15 (max threshold 15)
[2024-02-14T23:14:18.884+0000][7][gc,age      ] GC(497) - age   1:    1723880 bytes,    1723880 total
[2024-02-14T23:14:18.884+0000][7][gc,age      ] GC(497) - age   2:       6016 bytes,    1729896 total
[2024-02-14T23:14:18.884+0000][7][gc,age      ] GC(497) - age   3:       1536 bytes,    1731432 total
[2024-02-14T23:14:18.884+0000][7][gc,age      ] GC(497) - age   4:       1232 bytes,    1732664 total
[2024-02-14T23:14:18.884+0000][7][gc,age      ] GC(497) - age   5:        376 bytes,    1733040 total
[2024-02-14T23:14:18.884+0000][7][gc,age      ] GC(497) - age   6:        344 bytes,    1733384 total
[2024-02-14T23:14:18.884+0000][7][gc,age      ] GC(497) - age   7:        184 bytes,    1733568 total
[2024-02-14T23:14:18.884+0000][7][gc,age      ] GC(497) - age   8:        184 bytes,    1733752 total
[2024-02-14T23:14:18.884+0000][7][gc,age      ] GC(497) - age  10:       4896 bytes,    1738648 total
[2024-02-14T23:14:18.884+0000][7][gc,age      ] GC(497) - age  11:        184 bytes,    1738832 total
[2024-02-14T23:14:18.884+0000][7][gc,age      ] GC(497) - age  14:       6464 bytes,    1745296 total
[2024-02-14T23:14:18.884+0000][7][gc,age      ] GC(497) - age  15:     146216 bytes,    1891512 total
[2024-02-14T23:14:18.884+0000][7][gc,heap     ] GC(497) Eden regions: 152->0(152)
[2024-02-14T23:14:18.884+0000][7][gc,heap     ] GC(497) Survivor regions: 1->1(20)
[2024-02-14T23:14:18.884+0000][7][gc,heap     ] GC(497) Old regions: 26->26
[2024-02-14T23:14:18.884+0000][7][gc,heap     ] GC(497) Archive regions: 2->2
[2024-02-14T23:14:18.884+0000][7][gc,heap     ] GC(497) Humongous regions: 0->0
[2024-02-14T23:14:18.884+0000][7][gc,metaspace] GC(497) Metaspace: 129809K(133568K)->129809K(133568K) NonClass: 112830K(114816K)->112830K(114816K) Class: 16979K(18752K)->16979K(18752K)
[2024-02-14T23:14:18.884+0000][7][gc          ] GC(497) Pause Young (Normal) (G1 Evacuation Pause) 716M->108M(1024M) 2.169ms
[2024-02-14T23:14:18.884+0000][7][gc,cpu      ] GC(497) User=0.01s Sys=0.00s Real=0.01s
[2024-02-14T23:14:18.884+0000][7][safepoint   ] Safepoint "G1CollectForAllocation", Time since last: 162199998708 ns, Reaching safepoint: 43370 ns, At safepoint: 2248395 ns, Total: 2291765 ns
[2024-02-14T23:17:18.679+0000][7][gc,start    ] GC(498) Pause Young (Normal) (G1 Evacuation Pause)
[2024-02-14T23:17:18.679+0000][7][gc,task     ] GC(498) Using 8 workers of 8 for evacuation
[2024-02-14T23:17:18.679+0000][7][gc,age      ] GC(498) Desired survivor size 41943040 bytes, new threshold 15 (max threshold 15)
[2024-02-14T23:17:18.681+0000][7][gc,phases   ] GC(498)   Pre Evacuate Collection Set: 0.1ms
[2024-02-14T23:17:18.681+0000][7][gc,phases   ] GC(498)   Merge Heap Roots: 0.1ms
[2024-02-14T23:17:18.681+0000][7][gc,phases   ] GC(498)   Evacuate Collection Set: 1.5ms
[2024-02-14T23:17:18.681+0000][7][gc,phases   ] GC(498)   Post Evacuate Collection Set: 0.8ms
[2024-02-14T23:17:18.681+0000][7][gc,phases   ] GC(498)   Other: 0.1ms
[2024-02-14T23:17:18.681+0000][7][gc,age      ] GC(498) Age table with threshold 15 (max threshold 15)
[2024-02-14T23:17:18.681+0000][7][gc,age      ] GC(498) - age   1:    1569224 bytes,    1569224 total
[2024-02-14T23:17:18.681+0000][7][gc,age      ] GC(498) - age   2:       4024 bytes,    1573248 total
[2024-02-14T23:17:18.681+0000][7][gc,age      ] GC(498) - age   3:       3832 bytes,    1577080 total
[2024-02-14T23:17:18.681+0000][7][gc,age      ] GC(498) - age   4:       1024 bytes,    1578104 total
[2024-02-14T23:17:18.681+0000][7][gc,age      ] GC(498) - age   5:       1168 bytes,    1579272 total
[2024-02-14T23:17:18.681+0000][7][gc,age      ] GC(498) - age   6:        184 bytes,    1579456 total
[2024-02-14T23:17:18.681+0000][7][gc,age      ] GC(498) - age   7:        344 bytes,    1579800 total
[2024-02-14T23:17:18.681+0000][7][gc,age      ] GC(498) - age   8:        184 bytes,    1579984 total
[2024-02-14T23:17:18.681+0000][7][gc,age      ] GC(498) - age  11:       4896 bytes,    1584880 total
[2024-02-14T23:17:18.681+0000][7][gc,age      ] GC(498) - age  12:        184 bytes,    1585064 total
[2024-02-14T23:17:18.681+0000][7][gc,age      ] GC(498) - age  15:       6464 bytes,    1591528 total
[2024-02-14T23:17:18.681+0000][7][gc,heap     ] GC(498) Eden regions: 152->0(152)
[2024-02-14T23:17:18.681+0000][7][gc,heap     ] GC(498) Survivor regions: 1->1(20)
[2024-02-14T23:17:18.681+0000][7][gc,heap     ] GC(498) Old regions: 26->26
[2024-02-14T23:17:18.681+0000][7][gc,heap     ] GC(498) Archive regions: 2->2
[2024-02-14T23:17:18.681+0000][7][gc,heap     ] GC(498) Humongous regions: 0->0
[2024-02-14T23:17:18.681+0000][7][gc,metaspace] GC(498) Metaspace: 129809K(133568K)->129809K(133568K) NonClass: 112830K(114816K)->112830K(114816K) Class: 16979K(18752K)->16979K(18752K)
[2024-02-14T23:17:18.681+0000][7][gc          ] GC(498) Pause Young (Normal) (G1 Evacuation Pause) 716M->108M(1024M) 2.861ms
[2024-02-14T23:17:18.681+0000][7][gc,cpu      ] GC(498) User=0.01s Sys=0.00s Real=0.00s
[2024-02-14T23:17:18.681+0000][7][safepoint   ] Safepoint "G1CollectForAllocation", Time since last: 179794124023 ns, Reaching safepoint: 74551 ns, At safepoint: 2959431 ns, Total: 3033982 ns
[2024-02-14T23:20:06.711+0000][7][gc,start    ] GC(499) Pause Young (Normal) (G1 Evacuation Pause)
[2024-02-14T23:20:06.711+0000][7][gc,task     ] GC(499) Using 8 workers of 8 for evacuation
[2024-02-14T23:20:06.711+0000][7][gc,age      ] GC(499) Desired survivor size 41943040 bytes, new threshold 15 (max threshold 15)
[2024-02-14T23:20:06.713+0000][7][gc,phases   ] GC(499)   Pre Evacuate Collection Set: 0.1ms
[2024-02-14T23:20:06.713+0000][7][gc,phases   ] GC(499)   Merge Heap Roots: 0.0ms
[2024-02-14T23:20:06.713+0000][7][gc,phases   ] GC(499)   Evacuate Collection Set: 0.9ms
[2024-02-14T23:20:06.713+0000][7][gc,phases   ] GC(499)   Post Evacuate Collection Set: 0.5ms
[2024-02-14T23:20:06.713+0000][7][gc,phases   ] GC(499)   Other: 0.1ms
[2024-02-14T23:20:06.713+0000][7][gc,age      ] GC(499) Age table with threshold 15 (max threshold 15)
[2024-02-14T23:20:06.713+0000][7][gc,age      ] GC(499) - age   1:    1403504 bytes,    1403504 total
[2024-02-14T23:20:06.713+0000][7][gc,age      ] GC(499) - age   2:      11992 bytes,    1415496 total
[2024-02-14T23:20:06.713+0000][7][gc,age      ] GC(499) - age   3:       1040 bytes,    1416536 total
[2024-02-14T23:20:06.713+0000][7][gc,age      ] GC(499) - age   4:        184 bytes,    1416720 total
[2024-02-14T23:20:06.713+0000][7][gc,age      ] GC(499) - age   5:        240 bytes,    1416960 total
[2024-02-14T23:20:06.713+0000][7][gc,age      ] GC(499) - age   6:        776 bytes,    1417736 total
[2024-02-14T23:20:06.713+0000][7][gc,age      ] GC(499) - age   7:        184 bytes,    1417920 total
[2024-02-14T23:20:06.713+0000][7][gc,age      ] GC(499) - age   8:        280 bytes,    1418200 total
[2024-02-14T23:20:06.713+0000][7][gc,age      ] GC(499) - age  12:       4896 bytes,    1423096 total
[2024-02-14T23:20:06.713+0000][7][gc,age      ] GC(499) - age  13:        184 bytes,    1423280 total
[2024-02-14T23:20:06.713+0000][7][gc,heap     ] GC(499) Eden regions: 152->0(152)
[2024-02-14T23:20:06.713+0000][7][gc,heap     ] GC(499) Survivor regions: 1->1(20)
[2024-02-14T23:20:06.713+0000][7][gc,heap     ] GC(499) Old regions: 26->26
[2024-02-14T23:20:06.713+0000][7][gc,heap     ] GC(499) Archive regions: 2->2
[2024-02-14T23:20:06.713+0000][7][gc,heap     ] GC(499) Humongous regions: 0->0
[2024-02-14T23:20:06.713+0000][7][gc,metaspace] GC(499) Metaspace: 129810K(133568K)->129810K(133568K) NonClass: 112830K(114816K)->112830K(114816K) Class: 16979K(18752K)->16979K(18752K)
[2024-02-14T23:20:06.713+0000][7][gc          ] GC(499) Pause Young (Normal) (G1 Evacuation Pause) 716M->108M(1024M) 1.735ms
[2024-02-14T23:20:06.713+0000][7][gc,cpu      ] GC(499) User=0.01s Sys=0.00s Real=0.00s
[2024-02-14T23:20:06.713+0000][7][safepoint   ] Safepoint "G1CollectForAllocation", Time since last: 168029535330 ns, Reaching safepoint: 43920 ns, At safepoint: 1816089 ns, Total: 1860009 ns
[2024-02-14T23:22:49.072+0000][7][gc,start    ] GC(500) Pause Young (Normal) (G1 Evacuation Pause)
[2024-02-14T23:22:49.072+0000][7][gc,task     ] GC(500) Using 8 workers of 8 for evacuation
[2024-02-14T23:22:49.072+0000][7][gc,age      ] GC(500) Desired survivor size 41943040 bytes, new threshold 15 (max threshold 15)
[2024-02-14T23:22:49.075+0000][7][gc,phases   ] GC(500)   Pre Evacuate Collection Set: 0.1ms
[2024-02-14T23:22:49.075+0000][7][gc,phases   ] GC(500)   Merge Heap Roots: 0.1ms
[2024-02-14T23:22:49.075+0000][7][gc,phases   ] GC(500)   Evacuate Collection Set: 1.4ms
[2024-02-14T23:22:49.075+0000][7][gc,phases   ] GC(500)   Post Evacuate Collection Set: 0.7ms
[2024-02-14T23:22:49.075+0000][7][gc,phases   ] GC(500)   Other: 0.1ms
[2024-02-14T23:22:49.075+0000][7][gc,age      ] GC(500) Age table with threshold 15 (max threshold 15)
[2024-02-14T23:22:49.075+0000][7][gc,age      ] GC(500) - age   1:    1773984 bytes,    1773984 total
[2024-02-14T23:22:49.075+0000][7][gc,age      ] GC(500) - age   2:       8472 bytes,    1782456 total
[2024-02-14T23:22:49.075+0000][7][gc,age      ] GC(500) - age   3:       8912 bytes,    1791368 total
[2024-02-14T23:22:49.075+0000][7][gc,age      ] GC(500) - age   4:        528 bytes,    1791896 total
[2024-02-14T23:22:49.075+0000][7][gc,age      ] GC(500) - age   5:        184 bytes,    1792080 total
[2024-02-14T23:22:49.075+0000][7][gc,age      ] GC(500) - age   6:        216 bytes,    1792296 total
[2024-02-14T23:22:49.075+0000][7][gc,age      ] GC(500) - age   7:        776 bytes,    1793072 total
[2024-02-14T23:22:49.075+0000][7][gc,age      ] GC(500) - age   8:        184 bytes,    1793256 total
[2024-02-14T23:22:49.075+0000][7][gc,age      ] GC(500) - age   9:        280 bytes,    1793536 total
[2024-02-14T23:22:49.075+0000][7][gc,age      ] GC(500) - age  13:       4712 bytes,    1798248 total
[2024-02-14T23:22:49.075+0000][7][gc,age      ] GC(500) - age  14:        184 bytes,    1798432 total
[2024-02-14T23:22:49.075+0000][7][gc,heap     ] GC(500) Eden regions: 152->0(152)
[2024-02-14T23:22:49.075+0000][7][gc,heap     ] GC(500) Survivor regions: 1->1(20)
[2024-02-14T23:22:49.075+0000][7][gc,heap     ] GC(500) Old regions: 26->26
[2024-02-14T23:22:49.075+0000][7][gc,heap     ] GC(500) Archive regions: 2->2
[2024-02-14T23:22:49.075+0000][7][gc,heap     ] GC(500) Humongous regions: 0->0
[2024-02-14T23:22:49.075+0000][7][gc,metaspace] GC(500) Metaspace: 129810K(133568K)->129810K(133568K) NonClass: 112830K(114816K)->112830K(114816K) Class: 16979K(18752K)->16979K(18752K)
[2024-02-14T23:22:49.075+0000][7][gc          ] GC(500) Pause Young (Normal) (G1 Evacuation Pause) 716M->108M(1024M) 2.634ms
[2024-02-14T23:22:49.075+0000][7][gc,cpu      ] GC(500) User=0.02s Sys=0.00s Real=0.00s
[2024-02-14T23:22:49.075+0000][7][safepoint   ] Safepoint "G1CollectForAllocation", Time since last: 162359456767 ns, Reaching safepoint: 52896 ns, At safepoint: 2732929 ns, Total: 2785825 ns
[2024-02-14T23:24:51.087+0000][7][safepoint   ] Safepoint "Cleanup", Time since last: 122012213350 ns, Reaching safepoint: 61348 ns, At safepoint: 7177 ns, Total: 68525 ns
[2024-02-14T23:24:54.676+0000][7][safepoint   ] Safepoint "Cleanup", Time since last: 3588779068 ns, Reaching safepoint: 245932 ns, At safepoint: 27896 ns, Total: 273828 ns
[2024-02-14T23:24:55.677+0000][7][safepoint   ] Safepoint "Cleanup", Time since last: 1000129823 ns, Reaching safepoint: 87754 ns, At safepoint: 5395 ns, Total: 93149 ns
[2024-02-14T23:24:57.677+0000][7][safepoint   ] Safepoint "Cleanup", Time since last: 2000199104 ns, Reaching safepoint: 131878 ns, At safepoint: 5860 ns, Total: 137738 ns
[2024-02-14T23:25:25.436+0000][7][gc,start    ] GC(501) Pause Young (Normal) (G1 Evacuation Pause)
[2024-02-14T23:25:25.436+0000][7][gc,task     ] GC(501) Using 8 workers of 8 for evacuation
[2024-02-14T23:25:25.436+0000][7][gc,age      ] GC(501) Desired survivor size 41943040 bytes, new threshold 15 (max threshold 15)
[2024-02-14T23:25:25.438+0000][7][gc,phases   ] GC(501)   Pre Evacuate Collection Set: 0.1ms
[2024-02-14T23:25:25.438+0000][7][gc,phases   ] GC(501)   Merge Heap Roots: 0.0ms
[2024-02-14T23:25:25.438+0000][7][gc,phases   ] GC(501)   Evacuate Collection Set: 0.9ms
[2024-02-14T23:25:25.438+0000][7][gc,phases   ] GC(501)   Post Evacuate Collection Set: 0.7ms
[2024-02-14T23:25:25.438+0000][7][gc,phases   ] GC(501)   Other: 0.1ms
[2024-02-14T23:25:25.438+0000][7][gc,age      ] GC(501) Age table with threshold 15 (max threshold 15)
[2024-02-14T23:25:25.438+0000][7][gc,age      ] GC(501) - age   1:    1534792 bytes,    1534792 total
[2024-02-14T23:25:25.438+0000][7][gc,age      ] GC(501) - age   2:      94888 bytes,    1629680 total
[2024-02-14T23:25:25.438+0000][7][gc,age      ] GC(501) - age   3:       5872 bytes,    1635552 total
[2024-02-14T23:25:25.438+0000][7][gc,age      ] GC(501) - age   4:       8336 bytes,    1643888 total
[2024-02-14T23:25:25.438+0000][7][gc,age      ] GC(501) - age   5:        464 bytes,    1644352 total
[2024-02-14T23:25:25.438+0000][7][gc,age      ] GC(501) - age   6:        184 bytes,    1644536 total
[2024-02-14T23:25:25.438+0000][7][gc,age      ] GC(501) - age   7:        216 bytes,    1644752 total
[2024-02-14T23:25:25.438+0000][7][gc,age      ] GC(501) - age   8:        392 bytes,    1645144 total
[2024-02-14T23:25:25.438+0000][7][gc,age      ] GC(501) - age   9:        184 bytes,    1645328 total
[2024-02-14T23:25:25.438+0000][7][gc,age      ] GC(501) - age  10:        280 bytes,    1645608 total
[2024-02-14T23:25:25.438+0000][7][gc,age      ] GC(501) - age  14:       4712 bytes,    1650320 total
[2024-02-14T23:25:25.438+0000][7][gc,age      ] GC(501) - age  15:        184 bytes,    1650504 total
[2024-02-14T23:25:25.438+0000][7][gc,heap     ] GC(501) Eden regions: 152->0(152)
[2024-02-14T23:25:25.438+0000][7][gc,heap     ] GC(501) Survivor regions: 1->1(20)
[2024-02-14T23:25:25.438+0000][7][gc,heap     ] GC(501) Old regions: 26->26
[2024-02-14T23:25:25.438+0000][7][gc,heap     ] GC(501) Archive regions: 2->2
[2024-02-14T23:25:25.438+0000][7][gc,heap     ] GC(501) Humongous regions: 0->0
[2024-02-14T23:25:25.438+0000][7][gc,metaspace] GC(501) Metaspace: 129837K(133568K)->129837K(133568K) NonClass: 112858K(114816K)->112858K(114816K) Class: 16979K(18752K)->16979K(18752K)
[2024-02-14T23:25:25.438+0000][7][gc          ] GC(501) Pause Young (Normal) (G1 Evacuation Pause) 716M->108M(1024M) 2.079ms
[2024-02-14T23:25:25.438+0000][7][gc,cpu      ] GC(501) User=0.01s Sys=0.00s Real=0.00s
[2024-02-14T23:25:25.438+0000][7][safepoint   ] Safepoint "G1CollectForAllocation", Time since last: 27759253707 ns, Reaching safepoint: 30550 ns, At safepoint: 2153220 ns, Total: 2183770 ns
[2024-02-14T23:25:31.439+0000][7][safepoint   ] Safepoint "Cleanup", Time since last: 6000559987 ns, Reaching safepoint: 72733 ns, At safepoint: 6322 ns, Total: 79055 ns
[2024-02-14T23:25:46.441+0000][7][safepoint   ] Safepoint "Cleanup", Time since last: 15001519265 ns, Reaching safepoint: 68086 ns, At safepoint: 6152 ns, Total: 74238 ns
[2024-02-14T23:25:49.441+0000][7][safepoint   ] Safepoint "Cleanup", Time since last: 3000420476 ns, Reaching safepoint: 69648 ns, At safepoint: 5869 ns, Total: 75517 ns
[2024-02-14T23:25:57.442+0000][7][safepoint   ] Safepoint "Cleanup", Time since last: 8000774770 ns, Reaching safepoint: 65444 ns, At safepoint: 9081 ns, Total: 74525 ns
[2024-02-14T23:26:01.443+0000][7][safepoint   ] Safepoint "Cleanup", Time since last: 4000518809 ns, Reaching safepoint: 69627 ns, At safepoint: 11040 ns, Total: 80667 ns
[2024-02-14T23:26:24.445+0000][7][safepoint   ] Safepoint "Cleanup", Time since last: 23002254937 ns, Reaching safepoint: 45611 ns, At safepoint: 10118 ns, Total: 55729 ns
[2024-02-14T23:26:28.445+0000][7][safepoint   ] Safepoint "Cleanup", Time since last: 4000435205 ns, Reaching safepoint: 82132 ns, At safepoint: 10863 ns, Total: 92995 ns
[2024-02-14T23:27:07.449+0000][7][safepoint   ] Safepoint "Cleanup", Time since last: 39003786662 ns, Reaching safepoint: 43292 ns, At safepoint: 3650 ns, Total: 46942 ns
[2024-02-14T23:28:03.727+0000][7][gc,start    ] GC(502) Pause Young (Normal) (G1 Evacuation Pause)
[2024-02-14T23:28:03.727+0000][7][gc,task     ] GC(502) Using 8 workers of 8 for evacuation
[2024-02-14T23:28:03.727+0000][7][gc,age      ] GC(502) Desired survivor size 41943040 bytes, new threshold 15 (max threshold 15)
[2024-02-14T23:28:03.730+0000][7][gc,phases   ] GC(502)   Pre Evacuate Collection Set: 0.1ms
[2024-02-14T23:28:03.730+0000][7][gc,phases   ] GC(502)   Merge Heap Roots: 0.1ms
[2024-02-14T23:28:03.730+0000][7][gc,phases   ] GC(502)   Evacuate Collection Set: 1.4ms
[2024-02-14T23:28:03.730+0000][7][gc,phases   ] GC(502)   Post Evacuate Collection Set: 0.7ms
[2024-02-14T23:28:03.730+0000][7][gc,phases   ] GC(502)   Other: 0.1ms
[2024-02-14T23:28:03.730+0000][7][gc,age      ] GC(502) Age table with threshold 15 (max threshold 15)
[2024-02-14T23:28:03.730+0000][7][gc,age      ] GC(502) - age   1:    1164616 bytes,    1164616 total
[2024-02-14T23:28:03.730+0000][7][gc,age      ] GC(502) - age   2:     943544 bytes,    2108160 total
[2024-02-14T23:28:03.730+0000][7][gc,age      ] GC(502) - age   3:      91848 bytes,    2200008 total
[2024-02-14T23:28:03.730+0000][7][gc,age      ] GC(502) - age   4:       4520 bytes,    2204528 total
[2024-02-14T23:28:03.730+0000][7][gc,age      ] GC(502) - age   5:       8080 bytes,    2212608 total
[2024-02-14T23:28:03.730+0000][7][gc,age      ] GC(502) - age   6:        400 bytes,    2213008 total
[2024-02-14T23:28:03.730+0000][7][gc,age      ] GC(502) - age   7:        184 bytes,    2213192 total
[2024-02-14T23:28:03.730+0000][7][gc,age      ] GC(502) - age   9:        208 bytes,    2213400 total
[2024-02-14T23:28:03.730+0000][7][gc,age      ] GC(502) - age  10:        184 bytes,    2213584 total
[2024-02-14T23:28:03.730+0000][7][gc,age      ] GC(502) - age  11:        280 bytes,    2213864 total
[2024-02-14T23:28:03.730+0000][7][gc,age      ] GC(502) - age  15:       4712 bytes,    2218576 total
[2024-02-14T23:28:03.730+0000][7][gc,heap     ] GC(502) Eden regions: 152->0(152)
[2024-02-14T23:28:03.730+0000][7][gc,heap     ] GC(502) Survivor regions: 1->1(20)
[2024-02-14T23:28:03.730+0000][7][gc,heap     ] GC(502) Old regions: 26->26
[2024-02-14T23:28:03.730+0000][7][gc,heap     ] GC(502) Archive regions: 2->2
[2024-02-14T23:28:03.730+0000][7][gc,heap     ] GC(502) Humongous regions: 0->0
[2024-02-14T23:28:03.730+0000][7][gc,metaspace] GC(502) Metaspace: 129837K(133568K)->129837K(133568K) NonClass: 112858K(114816K)->112858K(114816K) Class: 16979K(18752K)->16979K(18752K)
[2024-02-14T23:28:03.730+0000][7][gc          ] GC(502) Pause Young (Normal) (G1 Evacuation Pause) 716M->108M(1024M) 2.624ms
[2024-02-14T23:28:03.730+0000][7][gc,cpu      ] GC(502) User=0.01s Sys=0.00s Real=0.00s
[2024-02-14T23:28:03.730+0000][7][safepoint   ] Safepoint "G1CollectForAllocation", Time since last: 56277803047 ns, Reaching safepoint: 31620 ns, At safepoint: 2729061 ns, Total: 2760681 ns
[2024-02-14T23:28:09.731+0000][7][safepoint   ] Safepoint "Cleanup", Time since last: 6000730238 ns, Reaching safepoint: 40130 ns, At safepoint: 4601 ns, Total: 44731 ns
[2024-02-14T23:28:15.732+0000][7][safepoint   ] Safepoint "Cleanup", Time since last: 6000918451 ns, Reaching safepoint: 160845 ns, At safepoint: 6569 ns, Total: 167414 ns
[2024-02-14T23:28:16.732+0000][7][safepoint   ] Safepoint "Cleanup", Time since last: 1000117579 ns, Reaching safepoint: 53394 ns, At safepoint: 5536 ns, Total: 58930 ns
[2024-02-14T23:30:39.698+0000][7][gc,start    ] GC(503) Pause Young (Normal) (G1 Evacuation Pause)
[2024-02-14T23:30:39.698+0000][7][gc,task     ] GC(503) Using 8 workers of 8 for evacuation
[2024-02-14T23:30:39.698+0000][7][gc,age      ] GC(503) Desired survivor size 41943040 bytes, new threshold 15 (max threshold 15)
[2024-02-14T23:30:39.701+0000][7][gc,phases   ] GC(503)   Pre Evacuate Collection Set: 0.2ms
[2024-02-14T23:30:39.701+0000][7][gc,phases   ] GC(503)   Merge Heap Roots: 0.1ms
[2024-02-14T23:30:39.701+0000][7][gc,phases   ] GC(503)   Evacuate Collection Set: 1.9ms
[2024-02-14T23:30:39.701+0000][7][gc,phases   ] GC(503)   Post Evacuate Collection Set: 0.7ms
[2024-02-14T23:30:39.701+0000][7][gc,phases   ] GC(503)   Other: 0.1ms
[2024-02-14T23:30:39.701+0000][7][gc,age      ] GC(503) Age table with threshold 15 (max threshold 15)
[2024-02-14T23:30:39.701+0000][7][gc,age      ] GC(503) - age   1:    1489800 bytes,    1489800 total
[2024-02-14T23:30:39.701+0000][7][gc,age      ] GC(503) - age   2:       8328 bytes,    1498128 total
[2024-02-14T23:30:39.701+0000][7][gc,age      ] GC(503) - age   3:     641160 bytes,    2139288 total
[2024-02-14T23:30:39.702+0000][7][gc,age      ] GC(503) - age   4:      91216 bytes,    2230504 total
[2024-02-14T23:30:39.702+0000][7][gc,age      ] GC(503) - age   5:        816 bytes,    2231320 total
[2024-02-14T23:30:39.702+0000][7][gc,age      ] GC(503) - age   6:       8016 bytes,    2239336 total
[2024-02-14T23:30:39.702+0000][7][gc,age      ] GC(503) - age   7:        400 bytes,    2239736 total
[2024-02-14T23:30:39.702+0000][7][gc,age      ] GC(503) - age   8:        184 bytes,    2239920 total
[2024-02-14T23:30:39.702+0000][7][gc,age      ] GC(503) - age  10:        208 bytes,    2240128 total
[2024-02-14T23:30:39.702+0000][7][gc,age      ] GC(503) - age  11:        184 bytes,    2240312 total
[2024-02-14T23:30:39.702+0000][7][gc,age      ] GC(503) - age  12:        280 bytes,    2240592 total
[2024-02-14T23:30:39.702+0000][7][gc,heap     ] GC(503) Eden regions: 152->0(152)
[2024-02-14T23:30:39.702+0000][7][gc,heap     ] GC(503) Survivor regions: 1->1(20)
[2024-02-14T23:30:39.702+0000][7][gc,heap     ] GC(503) Old regions: 26->26
[2024-02-14T23:30:39.702+0000][7][gc,heap     ] GC(503) Archive regions: 2->2
[2024-02-14T23:30:39.702+0000][7][gc,heap     ] GC(503) Humongous regions: 0->0
[2024-02-14T23:30:39.702+0000][7][gc,metaspace] GC(503) Metaspace: 129838K(133568K)->129838K(133568K) NonClass: 112859K(114816K)->112859K(114816K) Class: 16979K(18752K)->16979K(18752K)
[2024-02-14T23:30:39.702+0000][7][gc          ] GC(503) Pause Young (Normal) (G1 Evacuation Pause) 716M->109M(1024M) 3.280ms
[2024-02-14T23:30:39.702+0000][7][gc,cpu      ] GC(503) User=0.02s Sys=0.00s Real=0.00s
[2024-02-14T23:30:39.702+0000][7][safepoint   ] Safepoint "G1CollectForAllocation", Time since last: 142966358010 ns, Reaching safepoint: 61551 ns, At safepoint: 3374904 ns, Total: 3436455 ns
[2024-02-14T23:33:25.595+0000][7][gc,start    ] GC(504) Pause Young (Normal) (G1 Evacuation Pause)
[2024-02-14T23:33:25.595+0000][7][gc,task     ] GC(504) Using 8 workers of 8 for evacuation
[2024-02-14T23:33:25.595+0000][7][gc,age      ] GC(504) Desired survivor size 41943040 bytes, new threshold 15 (max threshold 15)
[2024-02-14T23:33:25.596+0000][7][gc,phases   ] GC(504)   Pre Evacuate Collection Set: 0.1ms
[2024-02-14T23:33:25.596+0000][7][gc,phases   ] GC(504)   Merge Heap Roots: 0.0ms
[2024-02-14T23:33:25.596+0000][7][gc,phases   ] GC(504)   Evacuate Collection Set: 1.0ms
[2024-02-14T23:33:25.596+0000][7][gc,phases   ] GC(504)   Post Evacuate Collection Set: 0.5ms
[2024-02-14T23:33:25.596+0000][7][gc,phases   ] GC(504)   Other: 0.1ms
[2024-02-14T23:33:25.596+0000][7][gc,age      ] GC(504) Age table with threshold 15 (max threshold 15)
[2024-02-14T23:33:25.596+0000][7][gc,age      ] GC(504) - age   1:    1117776 bytes,    1117776 total
[2024-02-14T23:33:25.596+0000][7][gc,age      ] GC(504) - age   2:     161424 bytes,    1279200 total
[2024-02-14T23:33:25.596+0000][7][gc,age      ] GC(504) - age   3:       5592 bytes,    1284792 total
[2024-02-14T23:33:25.596+0000][7][gc,age      ] GC(504) - age   4:     633080 bytes,    1917872 total
[2024-02-14T23:33:25.596+0000][7][gc,age      ] GC(504) - age   5:      91088 bytes,    2008960 total
[2024-02-14T23:33:25.596+0000][7][gc,age      ] GC(504) - age   6:        816 bytes,    2009776 total
[2024-02-14T23:33:25.596+0000][7][gc,age      ] GC(504) - age   7:       8016 bytes,    2017792 total
[2024-02-14T23:33:25.596+0000][7][gc,age      ] GC(504) - age   8:        400 bytes,    2018192 total
[2024-02-14T23:33:25.596+0000][7][gc,age      ] GC(504) - age   9:        184 bytes,    2018376 total
[2024-02-14T23:33:25.596+0000][7][gc,age      ] GC(504) - age  11:        208 bytes,    2018584 total
[2024-02-14T23:33:25.596+0000][7][gc,age      ] GC(504) - age  12:        184 bytes,    2018768 total
[2024-02-14T23:33:25.596+0000][7][gc,age      ] GC(504) - age  13:        280 bytes,    2019048 total
[2024-02-14T23:33:25.596+0000][7][gc,heap     ] GC(504) Eden regions: 152->0(152)
[2024-02-14T23:33:25.596+0000][7][gc,heap     ] GC(504) Survivor regions: 1->1(20)
[2024-02-14T23:33:25.596+0000][7][gc,heap     ] GC(504) Old regions: 26->26
[2024-02-14T23:33:25.596+0000][7][gc,heap     ] GC(504) Archive regions: 2->2
[2024-02-14T23:33:25.596+0000][7][gc,heap     ] GC(504) Humongous regions: 0->0
[2024-02-14T23:33:25.596+0000][7][gc,metaspace] GC(504) Metaspace: 129838K(133568K)->129838K(133568K) NonClass: 112859K(114816K)->112859K(114816K) Class: 16979K(18752K)->16979K(18752K)
[2024-02-14T23:33:25.596+0000][7][gc          ] GC(504) Pause Young (Normal) (G1 Evacuation Pause) 717M->108M(1024M) 1.902ms
[2024-02-14T23:33:25.596+0000][7][gc,cpu      ] GC(504) User=0.01s Sys=0.00s Real=0.01s
[2024-02-14T23:33:25.596+0000][7][safepoint   ] Safepoint "G1CollectForAllocation", Time since last: 165892778209 ns, Reaching safepoint: 46496 ns, At safepoint: 1969138 ns, Total: 2015634 ns
[2024-02-14T23:34:26.603+0000][7][safepoint   ] Safepoint "Cleanup", Time since last: 61006108581 ns, Reaching safepoint: 62924 ns, At safepoint: 5180 ns, Total: 68104 ns
[2024-02-14T23:36:06.750+0000][7][gc,start    ] GC(505) Pause Young (Normal) (G1 Evacuation Pause)
[2024-02-14T23:36:06.750+0000][7][gc,task     ] GC(505) Using 8 workers of 8 for evacuation
[2024-02-14T23:36:06.750+0000][7][gc,age      ] GC(505) Desired survivor size 41943040 bytes, new threshold 15 (max threshold 15)
[2024-02-14T23:36:06.753+0000][7][gc,phases   ] GC(505)   Pre Evacuate Collection Set: 0.1ms
[2024-02-14T23:36:06.753+0000][7][gc,phases   ] GC(505)   Merge Heap Roots: 0.1ms
[2024-02-14T23:36:06.753+0000][7][gc,phases   ] GC(505)   Evacuate Collection Set: 1.5ms
[2024-02-14T23:36:06.753+0000][7][gc,phases   ] GC(505)   Post Evacuate Collection Set: 0.7ms
[2024-02-14T23:36:06.753+0000][7][gc,phases   ] GC(505)   Other: 0.1ms
[2024-02-14T23:36:06.753+0000][7][gc,age      ] GC(505) Age table with threshold 15 (max threshold 15)
[2024-02-14T23:36:06.753+0000][7][gc,age      ] GC(505) - age   1:    1288912 bytes,    1288912 total
[2024-02-14T23:36:06.753+0000][7][gc,age      ] GC(505) - age   2:      50736 bytes,    1339648 total
[2024-02-14T23:36:06.753+0000][7][gc,age      ] GC(505) - age   3:     158168 bytes,    1497816 total
[2024-02-14T23:36:06.753+0000][7][gc,age      ] GC(505) - age   4:       4312 bytes,    1502128 total
[2024-02-14T23:36:06.753+0000][7][gc,age      ] GC(505) - age   5:     631856 bytes,    2133984 total
[2024-02-14T23:36:06.753+0000][7][gc,age      ] GC(505) - age   6:      91024 bytes,    2225008 total
[2024-02-14T23:36:06.753+0000][7][gc,age      ] GC(505) - age   7:        424 bytes,    2225432 total
[2024-02-14T23:36:06.753+0000][7][gc,age      ] GC(505) - age   8:       8016 bytes,    2233448 total
[2024-02-14T23:36:06.753+0000][7][gc,age      ] GC(505) - age   9:        184 bytes,    2233632 total
[2024-02-14T23:36:06.753+0000][7][gc,age      ] GC(505) - age  12:        208 bytes,    2233840 total
[2024-02-14T23:36:06.753+0000][7][gc,age      ] GC(505) - age  13:        184 bytes,    2234024 total
[2024-02-14T23:36:06.753+0000][7][gc,age      ] GC(505) - age  14:        280 bytes,    2234304 total
[2024-02-14T23:36:06.753+0000][7][gc,heap     ] GC(505) Eden regions: 152->0(152)
[2024-02-14T23:36:06.753+0000][7][gc,heap     ] GC(505) Survivor regions: 1->1(20)
[2024-02-14T23:36:06.753+0000][7][gc,heap     ] GC(505) Old regions: 26->26
[2024-02-14T23:36:06.753+0000][7][gc,heap     ] GC(505) Archive regions: 2->2
[2024-02-14T23:36:06.753+0000][7][gc,heap     ] GC(505) Humongous regions: 0->0
[2024-02-14T23:36:06.753+0000][7][gc,metaspace] GC(505) Metaspace: 129838K(133568K)->129838K(133568K) NonClass: 112859K(114816K)->112859K(114816K) Class: 16979K(18752K)->16979K(18752K)
[2024-02-14T23:36:06.753+0000][7][gc          ] GC(505) Pause Young (Normal) (G1 Evacuation Pause) 716M->108M(1024M) 2.708ms
[2024-02-14T23:36:06.753+0000][7][gc,cpu      ] GC(505) User=0.01s Sys=0.00s Real=0.00s
[2024-02-14T23:36:06.753+0000][7][safepoint   ] Safepoint "G1CollectForAllocation", Time since last: 100147501626 ns, Reaching safepoint: 49888 ns, At safepoint: 2800034 ns, Total: 2849922 ns
[2024-02-14T23:37:37.761+0000][7][safepoint   ] Safepoint "Cleanup", Time since last: 91007759715 ns, Reaching safepoint: 66942 ns, At safepoint: 6149 ns, Total: 73091 ns
[2024-02-14T23:38:48.785+0000][7][gc,start    ] GC(506) Pause Young (Normal) (G1 Evacuation Pause)
[2024-02-14T23:38:48.785+0000][7][gc,task     ] GC(506) Using 8 workers of 8 for evacuation
[2024-02-14T23:38:48.785+0000][7][gc,age      ] GC(506) Desired survivor size 41943040 bytes, new threshold 15 (max threshold 15)
[2024-02-14T23:38:48.788+0000][7][gc,phases   ] GC(506)   Pre Evacuate Collection Set: 0.1ms
[2024-02-14T23:38:48.788+0000][7][gc,phases   ] GC(506)   Merge Heap Roots: 0.1ms
[2024-02-14T23:38:48.788+0000][7][gc,phases   ] GC(506)   Evacuate Collection Set: 1.3ms
[2024-02-14T23:38:48.788+0000][7][gc,phases   ] GC(506)   Post Evacuate Collection Set: 0.6ms
[2024-02-14T23:38:48.788+0000][7][gc,phases   ] GC(506)   Other: 0.1ms
[2024-02-14T23:38:48.788+0000][7][gc,age      ] GC(506) Age table with threshold 15 (max threshold 15)
[2024-02-14T23:38:48.788+0000][7][gc,age      ] GC(506) - age   1:    1187976 bytes,    1187976 total
[2024-02-14T23:38:48.788+0000][7][gc,age      ] GC(506) - age   2:     158816 bytes,    1346792 total
[2024-02-14T23:38:48.788+0000][7][gc,age      ] GC(506) - age   3:      48120 bytes,    1394912 total
[2024-02-14T23:38:48.788+0000][7][gc,age      ] GC(506) - age   4:     157592 bytes,    1552504 total
[2024-02-14T23:38:48.788+0000][7][gc,age      ] GC(506) - age   5:       3376 bytes,    1555880 total
[2024-02-14T23:38:48.788+0000][7][gc,age      ] GC(506) - age   6:     631792 bytes,    2187672 total
[2024-02-14T23:38:48.788+0000][7][gc,age      ] GC(506) - age   7:      91024 bytes,    2278696 total
[2024-02-14T23:38:48.788+0000][7][gc,age      ] GC(506) - age   8:        392 bytes,    2279088 total
[2024-02-14T23:38:48.788+0000][7][gc,age      ] GC(506) - age   9:       8016 bytes,    2287104 total
[2024-02-14T23:38:48.788+0000][7][gc,age      ] GC(506) - age  10:        184 bytes,    2287288 total
[2024-02-14T23:38:48.788+0000][7][gc,age      ] GC(506) - age  13:        208 bytes,    2287496 total
[2024-02-14T23:38:48.788+0000][7][gc,age      ] GC(506) - age  14:        184 bytes,    2287680 total
[2024-02-14T23:38:48.788+0000][7][gc,age      ] GC(506) - age  15:        280 bytes,    2287960 total
[2024-02-14T23:38:48.788+0000][7][gc,heap     ] GC(506) Eden regions: 152->0(152)
[2024-02-14T23:38:48.788+0000][7][gc,heap     ] GC(506) Survivor regions: 1->1(20)
[2024-02-14T23:38:48.788+0000][7][gc,heap     ] GC(506) Old regions: 26->26
[2024-02-14T23:38:48.788+0000][7][gc,heap     ] GC(506) Archive regions: 2->2
[2024-02-14T23:38:48.788+0000][7][gc,heap     ] GC(506) Humongous regions: 0->0
[2024-02-14T23:38:48.788+0000][7][gc,metaspace] GC(506) Metaspace: 129841K(133568K)->129841K(133568K) NonClass: 112861K(114816K)->112861K(114816K) Class: 16979K(18752K)->16979K(18752K)
[2024-02-14T23:38:48.788+0000][7][gc          ] GC(506) Pause Young (Normal) (G1 Evacuation Pause) 716M->109M(1024M) 2.460ms
[2024-02-14T23:38:48.788+0000][7][gc,cpu      ] GC(506) User=0.02s Sys=0.01s Real=0.00s
[2024-02-14T23:38:48.788+0000][7][safepoint   ] Safepoint "G1CollectForAllocation", Time since last: 71024398974 ns, Reaching safepoint: 60833 ns, At safepoint: 2562313 ns, Total: 2623146 ns
[2024-02-14T23:39:13.790+0000][7][safepoint   ] Safepoint "Cleanup", Time since last: 25002128350 ns, Reaching safepoint: 56669 ns, At safepoint: 5845 ns, Total: 62514 ns
[2024-02-14T23:41:34.278+0000][7][gc,start    ] GC(507) Pause Young (Normal) (G1 Evacuation Pause)
[2024-02-14T23:41:34.278+0000][7][gc,task     ] GC(507) Using 8 workers of 8 for evacuation
[2024-02-14T23:41:34.278+0000][7][gc,age      ] GC(507) Desired survivor size 41943040 bytes, new threshold 15 (max threshold 15)
[2024-02-14T23:41:34.282+0000][7][gc,phases   ] GC(507)   Pre Evacuate Collection Set: 0.1ms
[2024-02-14T23:41:34.282+0000][7][gc,phases   ] GC(507)   Merge Heap Roots: 0.1ms
[2024-02-14T23:41:34.282+0000][7][gc,phases   ] GC(507)   Evacuate Collection Set: 1.9ms
[2024-02-14T23:41:34.282+0000][7][gc,phases   ] GC(507)   Post Evacuate Collection Set: 1.3ms
[2024-02-14T23:41:34.282+0000][7][gc,phases   ] GC(507)   Other: 0.1ms
[2024-02-14T23:41:34.282+0000][7][gc,age      ] GC(507) Age table with threshold 15 (max threshold 15)
[2024-02-14T23:41:34.282+0000][7][gc,age      ] GC(507) - age   1:    1235896 bytes,    1235896 total
[2024-02-14T23:41:34.282+0000][7][gc,age      ] GC(507) - age   2:      33152 bytes,    1269048 total
[2024-02-14T23:41:34.282+0000][7][gc,age      ] GC(507) - age   3:     155752 bytes,    1424800 total
[2024-02-14T23:41:34.282+0000][7][gc,age      ] GC(507) - age   4:      47504 bytes,    1472304 total
[2024-02-14T23:41:34.282+0000][7][gc,age      ] GC(507) - age   5:     154008 bytes,    1626312 total
[2024-02-14T23:41:34.282+0000][7][gc,age      ] GC(507) - age   6:       3376 bytes,    1629688 total
[2024-02-14T23:41:34.282+0000][7][gc,age      ] GC(507) - age   7:     631048 bytes,    2260736 total
[2024-02-14T23:41:34.282+0000][7][gc,age      ] GC(507) - age   8:      91024 bytes,    2351760 total
[2024-02-14T23:41:34.282+0000][7][gc,age      ] GC(507) - age   9:        392 bytes,    2352152 total
[2024-02-14T23:41:34.282+0000][7][gc,age      ] GC(507) - age  10:       8016 bytes,    2360168 total
[2024-02-14T23:41:34.282+0000][7][gc,age      ] GC(507) - age  14:        208 bytes,    2360376 total
[2024-02-14T23:41:34.282+0000][7][gc,age      ] GC(507) - age  15:        184 bytes,    2360560 total
[2024-02-14T23:41:34.282+0000][7][gc,heap     ] GC(507) Eden regions: 152->0(152)
[2024-02-14T23:41:34.282+0000][7][gc,heap     ] GC(507) Survivor regions: 1->1(20)
[2024-02-14T23:41:34.282+0000][7][gc,heap     ] GC(507) Old regions: 26->26
[2024-02-14T23:41:34.282+0000][7][gc,heap     ] GC(507) Archive regions: 2->2
[2024-02-14T23:41:34.282+0000][7][gc,heap     ] GC(507) Humongous regions: 0->0
[2024-02-14T23:41:34.282+0000][7][gc,metaspace] GC(507) Metaspace: 129841K(133568K)->129841K(133568K) NonClass: 112861K(114816K)->112861K(114816K) Class: 16979K(18752K)->16979K(18752K)
[2024-02-14T23:41:34.282+0000][7][gc          ] GC(507) Pause Young (Normal) (G1 Evacuation Pause) 717M->109M(1024M) 3.810ms
[2024-02-14T23:41:34.282+0000][7][gc,cpu      ] GC(507) User=0.02s Sys=0.00s Real=0.00s
[2024-02-14T23:41:34.282+0000][7][safepoint   ] Safepoint "G1CollectForAllocation", Time since last: 140487985918 ns, Reaching safepoint: 51044 ns, At safepoint: 3943062 ns, Total: 3994106 ns
[2024-02-14T23:41:57.284+0000][7][safepoint   ] Safepoint "Cleanup", Time since last: 23001968035 ns, Reaching safepoint: 106438 ns, At safepoint: 14182 ns, Total: 120620 ns
[2024-02-14T23:44:24.786+0000][7][gc,start    ] GC(508) Pause Young (Normal) (G1 Evacuation Pause)
[2024-02-14T23:44:24.786+0000][7][gc,task     ] GC(508) Using 8 workers of 8 for evacuation
[2024-02-14T23:44:24.786+0000][7][gc,age      ] GC(508) Desired survivor size 41943040 bytes, new threshold 15 (max threshold 15)
[2024-02-14T23:44:24.788+0000][7][gc,phases   ] GC(508)   Pre Evacuate Collection Set: 0.1ms
[2024-02-14T23:44:24.789+0000][7][gc,phases   ] GC(508)   Merge Heap Roots: 0.1ms
[2024-02-14T23:44:24.789+0000][7][gc,phases   ] GC(508)   Evacuate Collection Set: 1.4ms
[2024-02-14T23:44:24.789+0000][7][gc,phases   ] GC(508)   Post Evacuate Collection Set: 0.7ms
[2024-02-14T23:44:24.789+0000][7][gc,phases   ] GC(508)   Other: 0.1ms
[2024-02-14T23:44:24.789+0000][7][gc,age      ] GC(508) Age table with threshold 15 (max threshold 15)
[2024-02-14T23:44:24.789+0000][7][gc,age      ] GC(508) - age   1:    1059520 bytes,    1059520 total
[2024-02-14T23:44:24.789+0000][7][gc,age      ] GC(508) - age   2:       7584 bytes,    1067104 total
[2024-02-14T23:44:24.789+0000][7][gc,age      ] GC(508) - age   3:      30048 bytes,    1097152 total
[2024-02-14T23:44:24.789+0000][7][gc,age      ] GC(508) - age   4:     155328 bytes,    1252480 total
[2024-02-14T23:44:24.789+0000][7][gc,age      ] GC(508) - age   5:      47376 bytes,    1299856 total
[2024-02-14T23:44:24.789+0000][7][gc,age      ] GC(508) - age   6:     154008 bytes,    1453864 total
[2024-02-14T23:44:24.789+0000][7][gc,age      ] GC(508) - age   7:       3312 bytes,    1457176 total
[2024-02-14T23:44:24.789+0000][7][gc,age      ] GC(508) - age   8:     630600 bytes,    2087776 total
[2024-02-14T23:44:24.789+0000][7][gc,age      ] GC(508) - age   9:      91024 bytes,    2178800 total
[2024-02-14T23:44:24.789+0000][7][gc,age      ] GC(508) - age  10:        392 bytes,    2179192 total
[2024-02-14T23:44:24.789+0000][7][gc,age      ] GC(508) - age  11:       8016 bytes,    2187208 total
[2024-02-14T23:44:24.789+0000][7][gc,age      ] GC(508) - age  15:        208 bytes,    2187416 total
[2024-02-14T23:44:24.789+0000][7][gc,heap     ] GC(508) Eden regions: 152->0(152)
[2024-02-14T23:44:24.789+0000][7][gc,heap     ] GC(508) Survivor regions: 1->1(20)
[2024-02-14T23:44:24.789+0000][7][gc,heap     ] GC(508) Old regions: 26->26
[2024-02-14T23:44:24.789+0000][7][gc,heap     ] GC(508) Archive regions: 2->2
[2024-02-14T23:44:24.789+0000][7][gc,heap     ] GC(508) Humongous regions: 0->0
[2024-02-14T23:44:24.789+0000][7][gc,metaspace] GC(508) Metaspace: 129841K(133568K)->129841K(133568K) NonClass: 112861K(114816K)->112861K(114816K) Class: 16979K(18752K)->16979K(18752K)
[2024-02-14T23:44:24.789+0000][7][gc          ] GC(508) Pause Young (Normal) (G1 Evacuation Pause) 717M->108M(1024M) 2.634ms
[2024-02-14T23:44:24.789+0000][7][gc,cpu      ] GC(508) User=0.01s Sys=0.00s Real=0.00s
[2024-02-14T23:44:24.789+0000][7][safepoint   ] Safepoint "G1CollectForAllocation", Time since last: 147501854219 ns, Reaching safepoint: 54729 ns, At safepoint: 2722649 ns, Total: 2777378 ns
[2024-02-14T23:47:09.741+0000][7][gc,start    ] GC(509) Pause Young (Normal) (G1 Evacuation Pause)
[2024-02-14T23:47:09.741+0000][7][gc,task     ] GC(509) Using 8 workers of 8 for evacuation
[2024-02-14T23:47:09.741+0000][7][gc,age      ] GC(509) Desired survivor size 41943040 bytes, new threshold 15 (max threshold 15)
[2024-02-14T23:47:09.743+0000][7][gc,phases   ] GC(509)   Pre Evacuate Collection Set: 0.1ms
[2024-02-14T23:47:09.743+0000][7][gc,phases   ] GC(509)   Merge Heap Roots: 0.1ms
[2024-02-14T23:47:09.743+0000][7][gc,phases   ] GC(509)   Evacuate Collection Set: 1.1ms
[2024-02-14T23:47:09.743+0000][7][gc,phases   ] GC(509)   Post Evacuate Collection Set: 0.5ms
[2024-02-14T23:47:09.743+0000][7][gc,phases   ] GC(509)   Other: 0.1ms
[2024-02-14T23:47:09.743+0000][7][gc,age      ] GC(509) Age table with threshold 15 (max threshold 15)
[2024-02-14T23:47:09.743+0000][7][gc,age      ] GC(509) - age   1:     798344 bytes,     798344 total
[2024-02-14T23:47:09.743+0000][7][gc,age      ] GC(509) - age   2:       4888 bytes,     803232 total
[2024-02-14T23:47:09.743+0000][7][gc,age      ] GC(509) - age   3:       3936 bytes,     807168 total
[2024-02-14T23:47:09.743+0000][7][gc,age      ] GC(509) - age   4:      29160 bytes,     836328 total
[2024-02-14T23:47:09.743+0000][7][gc,age      ] GC(509) - age   5:     155264 bytes,     991592 total
[2024-02-14T23:47:09.743+0000][7][gc,age      ] GC(509) - age   6:      47376 bytes,    1038968 total
[2024-02-14T23:47:09.743+0000][7][gc,age      ] GC(509) - age   7:     154008 bytes,    1192976 total
[2024-02-14T23:47:09.743+0000][7][gc,age      ] GC(509) - age   8:       3312 bytes,    1196288 total
[2024-02-14T23:47:09.743+0000][7][gc,age      ] GC(509) - age   9:     630600 bytes,    1826888 total
[2024-02-14T23:47:09.743+0000][7][gc,age      ] GC(509) - age  10:      91024 bytes,    1917912 total
[2024-02-14T23:47:09.743+0000][7][gc,age      ] GC(509) - age  11:        392 bytes,    1918304 total
[2024-02-14T23:47:09.743+0000][7][gc,age      ] GC(509) - age  12:       8016 bytes,    1926320 total
[2024-02-14T23:47:09.743+0000][7][gc,heap     ] GC(509) Eden regions: 152->0(152)
[2024-02-14T23:47:09.743+0000][7][gc,heap     ] GC(509) Survivor regions: 1->1(20)
[2024-02-14T23:47:09.743+0000][7][gc,heap     ] GC(509) Old regions: 26->26
[2024-02-14T23:47:09.743+0000][7][gc,heap     ] GC(509) Archive regions: 2->2
[2024-02-14T23:47:09.743+0000][7][gc,heap     ] GC(509) Humongous regions: 0->0
[2024-02-14T23:47:09.743+0000][7][gc,metaspace] GC(509) Metaspace: 129841K(133568K)->129841K(133568K) NonClass: 112861K(114816K)->112861K(114816K) Class: 16979K(18752K)->16979K(18752K)
[2024-02-14T23:47:09.743+0000][7][gc          ] GC(509) Pause Young (Normal) (G1 Evacuation Pause) 716M->108M(1024M) 2.052ms
[2024-02-14T23:47:09.743+0000][7][gc,cpu      ] GC(509) User=0.01s Sys=0.00s Real=0.00s
[2024-02-14T23:47:09.743+0000][7][safepoint   ] Safepoint "G1CollectForAllocation", Time since last: 164952096486 ns, Reaching safepoint: 28518 ns, At safepoint: 2126964 ns, Total: 2155482 ns
[2024-02-14T23:49:51.448+0000][7][gc,start    ] GC(510) Pause Young (Normal) (G1 Evacuation Pause)
[2024-02-14T23:49:51.448+0000][7][gc,task     ] GC(510) Using 8 workers of 8 for evacuation
[2024-02-14T23:49:51.448+0000][7][gc,age      ] GC(510) Desired survivor size 41943040 bytes, new threshold 15 (max threshold 15)
[2024-02-14T23:49:51.452+0000][7][gc,phases   ] GC(510)   Pre Evacuate Collection Set: 0.4ms
[2024-02-14T23:49:51.452+0000][7][gc,phases   ] GC(510)   Merge Heap Roots: 0.1ms
[2024-02-14T23:49:51.452+0000][7][gc,phases   ] GC(510)   Evacuate Collection Set: 2.9ms
[2024-02-14T23:49:51.452+0000][7][gc,phases   ] GC(510)   Post Evacuate Collection Set: 0.8ms
[2024-02-14T23:49:51.452+0000][7][gc,phases   ] GC(510)   Other: 0.2ms
[2024-02-14T23:49:51.452+0000][7][gc,age      ] GC(510) Age table with threshold 15 (max threshold 15)
[2024-02-14T23:49:51.452+0000][7][gc,age      ] GC(510) - age   1:     854448 bytes,     854448 total
[2024-02-14T23:49:51.452+0000][7][gc,age      ] GC(510) - age   2:       2440 bytes,     856888 total
[2024-02-14T23:49:51.452+0000][7][gc,age      ] GC(510) - age   3:       1816 bytes,     858704 total
[2024-02-14T23:49:51.452+0000][7][gc,age      ] GC(510) - age   4:         64 bytes,     858768 total
[2024-02-14T23:49:51.452+0000][7][gc,age      ] GC(510) - age   5:      28448 bytes,     887216 total
[2024-02-14T23:49:51.452+0000][7][gc,age      ] GC(510) - age   6:     154872 bytes,    1042088 total
[2024-02-14T23:49:51.452+0000][7][gc,age      ] GC(510) - age   7:      47376 bytes,    1089464 total
[2024-02-14T23:49:51.452+0000][7][gc,age      ] GC(510) - age   8:     154008 bytes,    1243472 total
[2024-02-14T23:49:51.452+0000][7][gc,age      ] GC(510) - age   9:       3096 bytes,    1246568 total
[2024-02-14T23:49:51.452+0000][7][gc,age      ] GC(510) - age  10:     630600 bytes,    1877168 total
[2024-02-14T23:49:51.452+0000][7][gc,age      ] GC(510) - age  11:      91024 bytes,    1968192 total
[2024-02-14T23:49:51.452+0000][7][gc,age      ] GC(510) - age  12:        208 bytes,    1968400 total
[2024-02-14T23:49:51.452+0000][7][gc,age      ] GC(510) - age  13:       8016 bytes,    1976416 total
[2024-02-14T23:49:51.452+0000][7][gc,heap     ] GC(510) Eden regions: 152->0(152)
[2024-02-14T23:49:51.452+0000][7][gc,heap     ] GC(510) Survivor regions: 1->1(20)
[2024-02-14T23:49:51.452+0000][7][gc,heap     ] GC(510) Old regions: 26->26
[2024-02-14T23:49:51.452+0000][7][gc,heap     ] GC(510) Archive regions: 2->2
[2024-02-14T23:49:51.452+0000][7][gc,heap     ] GC(510) Humongous regions: 0->0
[2024-02-14T23:49:51.452+0000][7][gc,metaspace] GC(510) Metaspace: 129841K(133568K)->129841K(133568K) NonClass: 112861K(114816K)->112861K(114816K) Class: 16979K(18752K)->16979K(18752K)
[2024-02-14T23:49:51.453+0000][7][gc          ] GC(510) Pause Young (Normal) (G1 Evacuation Pause) 716M->108M(1024M) 4.895ms
[2024-02-14T23:49:51.453+0000][7][gc,cpu      ] GC(510) User=0.02s Sys=0.00s Real=0.00s
[2024-02-14T23:49:51.453+0000][7][safepoint   ] Safepoint "G1CollectForAllocation", Time since last: 161704403638 ns, Reaching safepoint: 160377 ns, At safepoint: 5040065 ns, Total: 5200442 ns
[2024-02-14T23:52:30.841+0000][7][gc,start    ] GC(511) Pause Young (Normal) (G1 Evacuation Pause)
[2024-02-14T23:52:30.841+0000][7][gc,task     ] GC(511) Using 8 workers of 8 for evacuation
[2024-02-14T23:52:30.841+0000][7][gc,age      ] GC(511) Desired survivor size 41943040 bytes, new threshold 15 (max threshold 15)
[2024-02-14T23:52:30.843+0000][7][gc,phases   ] GC(511)   Pre Evacuate Collection Set: 0.1ms
[2024-02-14T23:52:30.843+0000][7][gc,phases   ] GC(511)   Merge Heap Roots: 0.1ms
[2024-02-14T23:52:30.843+0000][7][gc,phases   ] GC(511)   Evacuate Collection Set: 1.3ms
[2024-02-14T23:52:30.843+0000][7][gc,phases   ] GC(511)   Post Evacuate Collection Set: 0.7ms
[2024-02-14T23:52:30.843+0000][7][gc,phases   ] GC(511)   Other: 0.1ms
[2024-02-14T23:52:30.843+0000][7][gc,age      ] GC(511) Age table with threshold 15 (max threshold 15)
[2024-02-14T23:52:30.843+0000][7][gc,age      ] GC(511) - age   1:     645560 bytes,     645560 total
[2024-02-14T23:52:30.843+0000][7][gc,age      ] GC(511) - age   2:      10656 bytes,     656216 total
[2024-02-14T23:52:30.843+0000][7][gc,age      ] GC(511) - age   3:       1360 bytes,     657576 total
[2024-02-14T23:52:30.843+0000][7][gc,age      ] GC(511) - age   4:        752 bytes,     658328 total
[2024-02-14T23:52:30.843+0000][7][gc,age      ] GC(511) - age   6:      28448 bytes,     686776 total
[2024-02-14T23:52:30.843+0000][7][gc,age      ] GC(511) - age   7:     154872 bytes,     841648 total
[2024-02-14T23:52:30.843+0000][7][gc,age      ] GC(511) - age   8:      47376 bytes,     889024 total
[2024-02-14T23:52:30.843+0000][7][gc,age      ] GC(511) - age   9:     153824 bytes,    1042848 total
[2024-02-14T23:52:30.843+0000][7][gc,age      ] GC(511) - age  10:       3096 bytes,    1045944 total
[2024-02-14T23:52:30.843+0000][7][gc,age      ] GC(511) - age  11:     630600 bytes,    1676544 total
[2024-02-14T23:52:30.843+0000][7][gc,age      ] GC(511) - age  12:      91024 bytes,    1767568 total
[2024-02-14T23:52:30.843+0000][7][gc,age      ] GC(511) - age  13:        208 bytes,    1767776 total
[2024-02-14T23:52:30.843+0000][7][gc,age      ] GC(511) - age  14:       8016 bytes,    1775792 total
[2024-02-14T23:52:30.843+0000][7][gc,heap     ] GC(511) Eden regions: 152->0(152)
[2024-02-14T23:52:30.843+0000][7][gc,heap     ] GC(511) Survivor regions: 1->1(20)
[2024-02-14T23:52:30.843+0000][7][gc,heap     ] GC(511) Old regions: 26->26
[2024-02-14T23:52:30.843+0000][7][gc,heap     ] GC(511) Archive regions: 2->2
[2024-02-14T23:52:30.843+0000][7][gc,heap     ] GC(511) Humongous regions: 0->0
[2024-02-14T23:52:30.843+0000][7][gc,metaspace] GC(511) Metaspace: 129841K(133568K)->129841K(133568K) NonClass: 112861K(114816K)->112861K(114816K) Class: 16979K(18752K)->16979K(18752K)
[2024-02-14T23:52:30.843+0000][7][gc          ] GC(511) Pause Young (Normal) (G1 Evacuation Pause) 716M->108M(1024M) 2.522ms
[2024-02-14T23:52:30.844+0000][7][gc,cpu      ] GC(511) User=0.02s Sys=0.00s Real=0.00s
[2024-02-14T23:52:30.844+0000][7][safepoint   ] Safepoint "G1CollectForAllocation", Time since last: 159388290571 ns, Reaching safepoint: 47655 ns, At safepoint: 2611576 ns, Total: 2659231 ns
[2024-02-14T23:55:15.172+0000][7][gc,start    ] GC(512) Pause Young (Normal) (G1 Evacuation Pause)
[2024-02-14T23:55:15.172+0000][7][gc,task     ] GC(512) Using 8 workers of 8 for evacuation
[2024-02-14T23:55:15.172+0000][7][gc,age      ] GC(512) Desired survivor size 41943040 bytes, new threshold 15 (max threshold 15)
[2024-02-14T23:55:15.175+0000][7][gc,phases   ] GC(512)   Pre Evacuate Collection Set: 0.1ms
[2024-02-14T23:55:15.175+0000][7][gc,phases   ] GC(512)   Merge Heap Roots: 0.1ms
[2024-02-14T23:55:15.175+0000][7][gc,phases   ] GC(512)   Evacuate Collection Set: 1.7ms
[2024-02-14T23:55:15.175+0000][7][gc,phases   ] GC(512)   Post Evacuate Collection Set: 1.0ms
[2024-02-14T23:55:15.175+0000][7][gc,phases   ] GC(512)   Other: 0.1ms
[2024-02-14T23:55:15.175+0000][7][gc,age      ] GC(512) Age table with threshold 15 (max threshold 15)
[2024-02-14T23:55:15.175+0000][7][gc,age      ] GC(512) - age   1:     765224 bytes,     765224 total
[2024-02-14T23:55:15.175+0000][7][gc,age      ] GC(512) - age   2:       3776 bytes,     769000 total
[2024-02-14T23:55:15.175+0000][7][gc,age      ] GC(512) - age   3:       6584 bytes,     775584 total
[2024-02-14T23:55:15.175+0000][7][gc,age      ] GC(512) - age   4:        272 bytes,     775856 total
[2024-02-14T23:55:15.175+0000][7][gc,age      ] GC(512) - age   5:        752 bytes,     776608 total
[2024-02-14T23:55:15.175+0000][7][gc,age      ] GC(512) - age   7:      28448 bytes,     805056 total
[2024-02-14T23:55:15.175+0000][7][gc,age      ] GC(512) - age   8:     154664 bytes,     959720 total
[2024-02-14T23:55:15.175+0000][7][gc,age      ] GC(512) - age   9:      47376 bytes,    1007096 total
[2024-02-14T23:55:15.175+0000][7][gc,age      ] GC(512) - age  10:     153824 bytes,    1160920 total
[2024-02-14T23:55:15.175+0000][7][gc,age      ] GC(512) - age  11:       3096 bytes,    1164016 total
[2024-02-14T23:55:15.175+0000][7][gc,age      ] GC(512) - age  12:     630600 bytes,    1794616 total
[2024-02-14T23:55:15.175+0000][7][gc,age      ] GC(512) - age  13:      91024 bytes,    1885640 total
[2024-02-14T23:55:15.176+0000][7][gc,age      ] GC(512) - age  14:        208 bytes,    1885848 total
[2024-02-14T23:55:15.176+0000][7][gc,age      ] GC(512) - age  15:       8016 bytes,    1893864 total
[2024-02-14T23:55:15.176+0000][7][gc,heap     ] GC(512) Eden regions: 152->0(152)
[2024-02-14T23:55:15.176+0000][7][gc,heap     ] GC(512) Survivor regions: 1->1(20)
[2024-02-14T23:55:15.176+0000][7][gc,heap     ] GC(512) Old regions: 26->26
[2024-02-14T23:55:15.176+0000][7][gc,heap     ] GC(512) Archive regions: 2->2
[2024-02-14T23:55:15.176+0000][7][gc,heap     ] GC(512) Humongous regions: 0->0
[2024-02-14T23:55:15.176+0000][7][gc,metaspace] GC(512) Metaspace: 129841K(133568K)->129841K(133568K) NonClass: 112861K(114816K)->112861K(114816K) Class: 16979K(18752K)->16979K(18752K)
[2024-02-14T23:55:15.176+0000][7][gc          ] GC(512) Pause Young (Normal) (G1 Evacuation Pause) 716M->108M(1024M) 3.582ms
[2024-02-14T23:55:15.176+0000][7][gc,cpu      ] GC(512) User=0.02s Sys=0.00s Real=0.00s
[2024-02-14T23:55:15.176+0000][7][safepoint   ] Safepoint "G1CollectForAllocation", Time since last: 164328420071 ns, Reaching safepoint: 46554 ns, At safepoint: 3702878 ns, Total: 3749432 ns
[2024-02-14T23:58:01.467+0000][7][gc,start    ] GC(513) Pause Young (Normal) (G1 Evacuation Pause)
[2024-02-14T23:58:01.467+0000][7][gc,task     ] GC(513) Using 8 workers of 8 for evacuation
[2024-02-14T23:58:01.467+0000][7][gc,age      ] GC(513) Desired survivor size 41943040 bytes, new threshold 15 (max threshold 15)
[2024-02-14T23:58:01.470+0000][7][gc,phases   ] GC(513)   Pre Evacuate Collection Set: 0.1ms
[2024-02-14T23:58:01.470+0000][7][gc,phases   ] GC(513)   Merge Heap Roots: 0.1ms
[2024-02-14T23:58:01.470+0000][7][gc,phases   ] GC(513)   Evacuate Collection Set: 2.1ms
[2024-02-14T23:58:01.470+0000][7][gc,phases   ] GC(513)   Post Evacuate Collection Set: 0.7ms
[2024-02-14T23:58:01.470+0000][7][gc,phases   ] GC(513)   Other: 0.1ms
[2024-02-14T23:58:01.470+0000][7][gc,age      ] GC(513) Age table with threshold 15 (max threshold 15)
[2024-02-14T23:58:01.470+0000][7][gc,age      ] GC(513) - age   1:    1381184 bytes,    1381184 total
[2024-02-14T23:58:01.470+0000][7][gc,age      ] GC(513) - age   2:       3344 bytes,    1384528 total
[2024-02-14T23:58:01.470+0000][7][gc,age      ] GC(513) - age   3:        576 bytes,    1385104 total
[2024-02-14T23:58:01.470+0000][7][gc,age      ] GC(513) - age   4:       4896 bytes,    1390000 total
[2024-02-14T23:58:01.470+0000][7][gc,age      ] GC(513) - age   5:        272 bytes,    1390272 total
[2024-02-14T23:58:01.470+0000][7][gc,age      ] GC(513) - age   6:        752 bytes,    1391024 total
[2024-02-14T23:58:01.470+0000][7][gc,age      ] GC(513) - age   8:      28416 bytes,    1419440 total
[2024-02-14T23:58:01.470+0000][7][gc,age      ] GC(513) - age   9:     154480 bytes,    1573920 total
[2024-02-14T23:58:01.470+0000][7][gc,age      ] GC(513) - age  10:      47376 bytes,    1621296 total
[2024-02-14T23:58:01.470+0000][7][gc,age      ] GC(513) - age  11:     153824 bytes,    1775120 total
[2024-02-14T23:58:01.470+0000][7][gc,age      ] GC(513) - age  12:       3096 bytes,    1778216 total
[2024-02-14T23:58:01.470+0000][7][gc,age      ] GC(513) - age  13:     630600 bytes,    2408816 total
[2024-02-14T23:58:01.470+0000][7][gc,age      ] GC(513) - age  14:      91024 bytes,    2499840 total
[2024-02-14T23:58:01.470+0000][7][gc,age      ] GC(513) - age  15:        208 bytes,    2500048 total
[2024-02-14T23:58:01.470+0000][7][gc,heap     ] GC(513) Eden regions: 152->0(152)
[2024-02-14T23:58:01.470+0000][7][gc,heap     ] GC(513) Survivor regions: 1->1(20)
[2024-02-14T23:58:01.470+0000][7][gc,heap     ] GC(513) Old regions: 26->26
[2024-02-14T23:58:01.470+0000][7][gc,heap     ] GC(513) Archive regions: 2->2
[2024-02-14T23:58:01.470+0000][7][gc,heap     ] GC(513) Humongous regions: 0->0
[2024-02-14T23:58:01.471+0000][7][gc,metaspace] GC(513) Metaspace: 129842K(133568K)->129842K(133568K) NonClass: 112863K(114816K)->112863K(114816K) Class: 16979K(18752K)->16979K(18752K)
[2024-02-14T23:58:01.471+0000][7][gc          ] GC(513) Pause Young (Normal) (G1 Evacuation Pause) 716M->109M(1024M) 3.555ms
[2024-02-14T23:58:01.471+0000][7][gc,cpu      ] GC(513) User=0.01s Sys=0.00s Real=0.00s
[2024-02-14T23:58:01.471+0000][7][safepoint   ] Safepoint "G1CollectForAllocation", Time since last: 166291188839 ns, Reaching safepoint: 44574 ns, At safepoint: 3657504 ns, Total: 3702078 ns
[2024-02-15T00:00:01.482+0000][7][safepoint   ] Safepoint "Cleanup", Time since last: 120011227728 ns, Reaching safepoint: 46348 ns, At safepoint: 3842 ns, Total: 50190 ns
[2024-02-15T00:00:48.893+0000][7][gc,start    ] GC(514) Pause Young (Normal) (G1 Evacuation Pause)
[2024-02-15T00:00:48.893+0000][7][gc,task     ] GC(514) Using 8 workers of 8 for evacuation
[2024-02-15T00:00:48.893+0000][7][gc,age      ] GC(514) Desired survivor size 41943040 bytes, new threshold 15 (max threshold 15)
[2024-02-15T00:00:48.896+0000][7][gc,phases   ] GC(514)   Pre Evacuate Collection Set: 0.1ms
[2024-02-15T00:00:48.896+0000][7][gc,phases   ] GC(514)   Merge Heap Roots: 0.1ms
[2024-02-15T00:00:48.896+0000][7][gc,phases   ] GC(514)   Evacuate Collection Set: 1.4ms
[2024-02-15T00:00:48.896+0000][7][gc,phases   ] GC(514)   Post Evacuate Collection Set: 0.6ms
[2024-02-15T00:00:48.896+0000][7][gc,phases   ] GC(514)   Other: 0.1ms
[2024-02-15T00:00:48.896+0000][7][gc,age      ] GC(514) Age table with threshold 15 (max threshold 15)
[2024-02-15T00:00:48.896+0000][7][gc,age      ] GC(514) - age   1:    2106112 bytes,    2106112 total
[2024-02-15T00:00:48.896+0000][7][gc,age      ] GC(514) - age   2:       5656 bytes,    2111768 total
[2024-02-15T00:00:48.896+0000][7][gc,age      ] GC(514) - age   3:        592 bytes,    2112360 total
[2024-02-15T00:00:48.896+0000][7][gc,age      ] GC(514) - age   4:        128 bytes,    2112488 total
[2024-02-15T00:00:48.896+0000][7][gc,age      ] GC(514) - age   5:        856 bytes,    2113344 total
[2024-02-15T00:00:48.896+0000][7][gc,age      ] GC(514) - age   6:        208 bytes,    2113552 total
[2024-02-15T00:00:48.896+0000][7][gc,age      ] GC(514) - age   7:        752 bytes,    2114304 total
[2024-02-15T00:00:48.896+0000][7][gc,age      ] GC(514) - age   9:      28416 bytes,    2142720 total
[2024-02-15T00:00:48.896+0000][7][gc,age      ] GC(514) - age  10:     154096 bytes,    2296816 total
[2024-02-15T00:00:48.896+0000][7][gc,age      ] GC(514) - age  11:      39360 bytes,    2336176 total
[2024-02-15T00:00:48.896+0000][7][gc,age      ] GC(514) - age  12:     153800 bytes,    2489976 total
[2024-02-15T00:00:48.896+0000][7][gc,age      ] GC(514) - age  13:       3096 bytes,    2493072 total
[2024-02-15T00:00:48.896+0000][7][gc,age      ] GC(514) - age  14:     630192 bytes,    3123264 total
[2024-02-15T00:00:48.896+0000][7][gc,age      ] GC(514) - age  15:      91024 bytes,    3214288 total
[2024-02-15T00:00:48.896+0000][7][gc,heap     ] GC(514) Eden regions: 152->0(152)
[2024-02-15T00:00:48.896+0000][7][gc,heap     ] GC(514) Survivor regions: 1->1(20)
[2024-02-15T00:00:48.896+0000][7][gc,heap     ] GC(514) Old regions: 26->26
[2024-02-15T00:00:48.896+0000][7][gc,heap     ] GC(514) Archive regions: 2->2
[2024-02-15T00:00:48.896+0000][7][gc,heap     ] GC(514) Humongous regions: 0->0
[2024-02-15T00:00:48.896+0000][7][gc,metaspace] GC(514) Metaspace: 129846K(133568K)->129846K(133568K) NonClass: 112867K(114816K)->112867K(114816K) Class: 16979K(18752K)->16979K(18752K)
[2024-02-15T00:00:48.896+0000][7][gc          ] GC(514) Pause Young (Normal) (G1 Evacuation Pause) 717M->110M(1024M) 2.519ms
[2024-02-15T00:00:48.896+0000][7][gc,cpu      ] GC(514) User=0.01s Sys=0.00s Real=0.00s
[2024-02-15T00:00:48.896+0000][7][safepoint   ] Safepoint "G1CollectForAllocation", Time since last: 47411216662 ns, Reaching safepoint: 65835 ns, At safepoint: 2641166 ns, Total: 2707001 ns
[2024-02-15T00:03:30.881+0000][7][gc,start    ] GC(515) Pause Young (Normal) (G1 Evacuation Pause)
[2024-02-15T00:03:30.882+0000][7][gc,task     ] GC(515) Using 8 workers of 8 for evacuation
[2024-02-15T00:03:30.882+0000][7][gc,age      ] GC(515) Desired survivor size 41943040 bytes, new threshold 15 (max threshold 15)
[2024-02-15T00:03:30.884+0000][7][gc,phases   ] GC(515)   Pre Evacuate Collection Set: 0.1ms
[2024-02-15T00:03:30.884+0000][7][gc,phases   ] GC(515)   Merge Heap Roots: 0.0ms
[2024-02-15T00:03:30.884+0000][7][gc,phases   ] GC(515)   Evacuate Collection Set: 1.4ms
[2024-02-15T00:03:30.884+0000][7][gc,phases   ] GC(515)   Post Evacuate Collection Set: 0.5ms
[2024-02-15T00:03:30.884+0000][7][gc,phases   ] GC(515)   Other: 0.1ms
[2024-02-15T00:03:30.884+0000][7][gc,age      ] GC(515) Age table with threshold 15 (max threshold 15)
[2024-02-15T00:03:30.884+0000][7][gc,age      ] GC(515) - age   1:    2039128 bytes,    2039128 total
[2024-02-15T00:03:30.884+0000][7][gc,age      ] GC(515) - age   2:      94736 bytes,    2133864 total
[2024-02-15T00:03:30.884+0000][7][gc,age      ] GC(515) - age   3:       2488 bytes,    2136352 total
[2024-02-15T00:03:30.884+0000][7][gc,age      ] GC(515) - age   4:        208 bytes,    2136560 total
[2024-02-15T00:03:30.884+0000][7][gc,age      ] GC(515) - age   6:        608 bytes,    2137168 total
[2024-02-15T00:03:30.884+0000][7][gc,age      ] GC(515) - age   7:        208 bytes,    2137376 total
[2024-02-15T00:03:30.884+0000][7][gc,age      ] GC(515) - age   8:        368 bytes,    2137744 total
[2024-02-15T00:03:30.884+0000][7][gc,age      ] GC(515) - age  10:      28416 bytes,    2166160 total
[2024-02-15T00:03:30.884+0000][7][gc,age      ] GC(515) - age  11:     154096 bytes,    2320256 total
[2024-02-15T00:03:30.884+0000][7][gc,age      ] GC(515) - age  12:      39360 bytes,    2359616 total
[2024-02-15T00:03:30.884+0000][7][gc,age      ] GC(515) - age  13:     153800 bytes,    2513416 total
[2024-02-15T00:03:30.884+0000][7][gc,age      ] GC(515) - age  14:       3096 bytes,    2516512 total
[2024-02-15T00:03:30.884+0000][7][gc,age      ] GC(515) - age  15:     630192 bytes,    3146704 total
[2024-02-15T00:03:30.884+0000][7][gc,heap     ] GC(515) Eden regions: 152->0(152)
[2024-02-15T00:03:30.884+0000][7][gc,heap     ] GC(515) Survivor regions: 1->1(20)
[2024-02-15T00:03:30.884+0000][7][gc,heap     ] GC(515) Old regions: 26->26
[2024-02-15T00:03:30.884+0000][7][gc,heap     ] GC(515) Archive regions: 2->2
[2024-02-15T00:03:30.884+0000][7][gc,heap     ] GC(515) Humongous regions: 0->0
[2024-02-15T00:03:30.884+0000][7][gc,metaspace] GC(515) Metaspace: 129847K(133568K)->129847K(133568K) NonClass: 112868K(114816K)->112868K(114816K) Class: 16979K(18752K)->16979K(18752K)
[2024-02-15T00:03:30.884+0000][7][gc          ] GC(515) Pause Young (Normal) (G1 Evacuation Pause) 718M->110M(1024M) 2.354ms
[2024-02-15T00:03:30.884+0000][7][gc,cpu      ] GC(515) User=0.01s Sys=0.01s Real=0.00s
[2024-02-15T00:03:30.884+0000][7][safepoint   ] Safepoint "G1CollectForAllocation", Time since last: 161985577677 ns, Reaching safepoint: 47127 ns, At safepoint: 2422944 ns, Total: 2470071 ns
[2024-02-15T00:06:19.771+0000][7][gc,start    ] GC(516) Pause Young (Normal) (G1 Evacuation Pause)
[2024-02-15T00:06:19.771+0000][7][gc,task     ] GC(516) Using 8 workers of 8 for evacuation
[2024-02-15T00:06:19.771+0000][7][gc,age      ] GC(516) Desired survivor size 41943040 bytes, new threshold 15 (max threshold 15)
[2024-02-15T00:06:19.774+0000][7][gc,phases   ] GC(516)   Pre Evacuate Collection Set: 0.1ms
[2024-02-15T00:06:19.774+0000][7][gc,phases   ] GC(516)   Merge Heap Roots: 0.1ms
[2024-02-15T00:06:19.774+0000][7][gc,phases   ] GC(516)   Evacuate Collection Set: 1.7ms
[2024-02-15T00:06:19.774+0000][7][gc,phases   ] GC(516)   Post Evacuate Collection Set: 0.7ms
[2024-02-15T00:06:19.774+0000][7][gc,phases   ] GC(516)   Other: 0.1ms
[2024-02-15T00:06:19.774+0000][7][gc,age      ] GC(516) Age table with threshold 15 (max threshold 15)
[2024-02-15T00:06:19.774+0000][7][gc,age      ] GC(516) - age   1:    1452512 bytes,    1452512 total
[2024-02-15T00:06:19.774+0000][7][gc,age      ] GC(516) - age   2:      13776 bytes,    1466288 total
[2024-02-15T00:06:19.774+0000][7][gc,age      ] GC(516) - age   3:      92968 bytes,    1559256 total
[2024-02-15T00:06:19.774+0000][7][gc,age      ] GC(516) - age   4:       1616 bytes,    1560872 total
[2024-02-15T00:06:19.774+0000][7][gc,age      ] GC(516) - age   5:        208 bytes,    1561080 total
[2024-02-15T00:06:19.774+0000][7][gc,age      ] GC(516) - age   7:        216 bytes,    1561296 total
[2024-02-15T00:06:19.774+0000][7][gc,age      ] GC(516) - age   8:        208 bytes,    1561504 total
[2024-02-15T00:06:19.774+0000][7][gc,age      ] GC(516) - age   9:        184 bytes,    1561688 total
[2024-02-15T00:06:19.774+0000][7][gc,age      ] GC(516) - age  11:      28416 bytes,    1590104 total
[2024-02-15T00:06:19.774+0000][7][gc,age      ] GC(516) - age  12:     154096 bytes,    1744200 total
[2024-02-15T00:06:19.774+0000][7][gc,age      ] GC(516) - age  13:      39360 bytes,    1783560 total
[2024-02-15T00:06:19.774+0000][7][gc,age      ] GC(516) - age  14:     153800 bytes,    1937360 total
[2024-02-15T00:06:19.774+0000][7][gc,age      ] GC(516) - age  15:       3096 bytes,    1940456 total
[2024-02-15T00:06:19.774+0000][7][gc,heap     ] GC(516) Eden regions: 152->0(152)
[2024-02-15T00:06:19.774+0000][7][gc,heap     ] GC(516) Survivor regions: 1->1(20)
[2024-02-15T00:06:19.774+0000][7][gc,heap     ] GC(516) Old regions: 26->26
[2024-02-15T00:06:19.774+0000][7][gc,heap     ] GC(516) Archive regions: 2->2
[2024-02-15T00:06:19.774+0000][7][gc,heap     ] GC(516) Humongous regions: 0->0
[2024-02-15T00:06:19.774+0000][7][gc,metaspace] GC(516) Metaspace: 129847K(133568K)->129847K(133568K) NonClass: 112868K(114816K)->112868K(114816K) Class: 16979K(18752K)->16979K(18752K)
[2024-02-15T00:06:19.774+0000][7][gc          ] GC(516) Pause Young (Normal) (G1 Evacuation Pause) 718M->109M(1024M) 3.050ms
[2024-02-15T00:06:19.774+0000][7][gc,cpu      ] GC(516) User=0.02s Sys=0.00s Real=0.00s
[2024-02-15T00:06:19.774+0000][7][safepoint   ] Safepoint "G1CollectForAllocation", Time since last: 168887244165 ns, Reaching safepoint: 79228 ns, At safepoint: 3150260 ns, Total: 3229488 ns
[2024-02-15T00:06:32.776+0000][7][safepoint   ] Safepoint "Cleanup", Time since last: 13001112855 ns, Reaching safepoint: 66577 ns, At safepoint: 5277 ns, Total: 71854 ns
[2024-02-15T00:09:01.206+0000][7][gc,start    ] GC(517) Pause Young (Normal) (G1 Evacuation Pause)
[2024-02-15T00:09:01.207+0000][7][gc,task     ] GC(517) Using 8 workers of 8 for evacuation
[2024-02-15T00:09:01.207+0000][7][gc,age      ] GC(517) Desired survivor size 41943040 bytes, new threshold 15 (max threshold 15)
[2024-02-15T00:09:01.209+0000][7][gc,phases   ] GC(517)   Pre Evacuate Collection Set: 0.2ms
[2024-02-15T00:09:01.209+0000][7][gc,phases   ] GC(517)   Merge Heap Roots: 0.1ms
[2024-02-15T00:09:01.209+0000][7][gc,phases   ] GC(517)   Evacuate Collection Set: 1.5ms
[2024-02-15T00:09:01.209+0000][7][gc,phases   ] GC(517)   Post Evacuate Collection Set: 0.7ms
[2024-02-15T00:09:01.209+0000][7][gc,phases   ] GC(517)   Other: 0.1ms
[2024-02-15T00:09:01.209+0000][7][gc,age      ] GC(517) Age table with threshold 15 (max threshold 15)
[2024-02-15T00:09:01.209+0000][7][gc,age      ] GC(517) - age   1:    1577648 bytes,    1577648 total
[2024-02-15T00:09:01.209+0000][7][gc,age      ] GC(517) - age   2:       5016 bytes,    1582664 total
[2024-02-15T00:09:01.209+0000][7][gc,age      ] GC(517) - age   3:       9224 bytes,    1591888 total
[2024-02-15T00:09:01.209+0000][7][gc,age      ] GC(517) - age   4:      92208 bytes,    1684096 total
[2024-02-15T00:09:01.209+0000][7][gc,age      ] GC(517) - age   5:        520 bytes,    1684616 total
[2024-02-15T00:09:01.209+0000][7][gc,age      ] GC(517) - age   6:        208 bytes,    1684824 total
[2024-02-15T00:09:01.209+0000][7][gc,age      ] GC(517) - age   8:        184 bytes,    1685008 total
[2024-02-15T00:09:01.209+0000][7][gc,age      ] GC(517) - age   9:        208 bytes,    1685216 total
[2024-02-15T00:09:01.209+0000][7][gc,age      ] GC(517) - age  10:        184 bytes,    1685400 total
[2024-02-15T00:09:01.209+0000][7][gc,age      ] GC(517) - age  12:      28416 bytes,    1713816 total
[2024-02-15T00:09:01.209+0000][7][gc,age      ] GC(517) - age  13:     154096 bytes,    1867912 total
[2024-02-15T00:09:01.209+0000][7][gc,age      ] GC(517) - age  14:      39360 bytes,    1907272 total
[2024-02-15T00:09:01.209+0000][7][gc,age      ] GC(517) - age  15:     153800 bytes,    2061072 total
[2024-02-15T00:09:01.209+0000][7][gc,heap     ] GC(517) Eden regions: 152->0(152)
[2024-02-15T00:09:01.209+0000][7][gc,heap     ] GC(517) Survivor regions: 1->1(20)
[2024-02-15T00:09:01.209+0000][7][gc,heap     ] GC(517) Old regions: 26->26
[2024-02-15T00:09:01.209+0000][7][gc,heap     ] GC(517) Archive regions: 2->2
[2024-02-15T00:09:01.209+0000][7][gc,heap     ] GC(517) Humongous regions: 0->0
[2024-02-15T00:09:01.209+0000][7][gc,metaspace] GC(517) Metaspace: 129858K(133632K)->129858K(133632K) NonClass: 112879K(114880K)->112879K(114880K) Class: 16979K(18752K)->16979K(18752K)
[2024-02-15T00:09:01.209+0000][7][gc          ] GC(517) Pause Young (Normal) (G1 Evacuation Pause) 717M->109M(1024M) 2.997ms
[2024-02-15T00:09:01.209+0000][7][gc,cpu      ] GC(517) User=0.01s Sys=0.01s Real=0.00s
[2024-02-15T00:09:01.210+0000][7][safepoint   ] Safepoint "G1CollectForAllocation", Time since last: 148430828079 ns, Reaching safepoint: 74246 ns, At safepoint: 3102580 ns, Total: 3176826 ns
[2024-02-15T00:09:55.215+0000][7][safepoint   ] Safepoint "Cleanup", Time since last: 54005788650 ns, Reaching safepoint: 70920 ns, At safepoint: 6656 ns, Total: 77576 ns
[2024-02-15T00:11:51.879+0000][7][gc,start    ] GC(518) Pause Young (Normal) (G1 Evacuation Pause)
[2024-02-15T00:11:51.879+0000][7][gc,task     ] GC(518) Using 8 workers of 8 for evacuation
[2024-02-15T00:11:51.879+0000][7][gc,age      ] GC(518) Desired survivor size 41943040 bytes, new threshold 15 (max threshold 15)
[2024-02-15T00:11:51.881+0000][7][gc,phases   ] GC(518)   Pre Evacuate Collection Set: 0.1ms
[2024-02-15T00:11:51.881+0000][7][gc,phases   ] GC(518)   Merge Heap Roots: 0.1ms
[2024-02-15T00:11:51.881+0000][7][gc,phases   ] GC(518)   Evacuate Collection Set: 1.4ms
[2024-02-15T00:11:51.881+0000][7][gc,phases   ] GC(518)   Post Evacuate Collection Set: 0.8ms
[2024-02-15T00:11:51.881+0000][7][gc,phases   ] GC(518)   Other: 0.1ms
[2024-02-15T00:11:51.881+0000][7][gc,age      ] GC(518) Age table with threshold 15 (max threshold 15)
[2024-02-15T00:11:51.881+0000][7][gc,age      ] GC(518) - age   1:    1044424 bytes,    1044424 total
[2024-02-15T00:11:51.882+0000][7][gc,age      ] GC(518) - age   2:       4856 bytes,    1049280 total
[2024-02-15T00:11:51.882+0000][7][gc,age      ] GC(518) - age   3:       2224 bytes,    1051504 total
[2024-02-15T00:11:51.882+0000][7][gc,age      ] GC(518) - age   4:       8776 bytes,    1060280 total
[2024-02-15T00:11:51.882+0000][7][gc,age      ] GC(518) - age   5:      88688 bytes,    1148968 total
[2024-02-15T00:11:51.882+0000][7][gc,age      ] GC(518) - age   6:        336 bytes,    1149304 total
[2024-02-15T00:11:51.882+0000][7][gc,age      ] GC(518) - age   7:        208 bytes,    1149512 total
[2024-02-15T00:11:51.882+0000][7][gc,age      ] GC(518) - age   9:        184 bytes,    1149696 total
[2024-02-15T00:11:51.882+0000][7][gc,age      ] GC(518) - age  10:        208 bytes,    1149904 total
[2024-02-15T00:11:51.882+0000][7][gc,age      ] GC(518) - age  11:        184 bytes,    1150088 total
[2024-02-15T00:11:51.882+0000][7][gc,age      ] GC(518) - age  13:      28416 bytes,    1178504 total
[2024-02-15T00:11:51.882+0000][7][gc,age      ] GC(518) - age  14:     154096 bytes,    1332600 total
[2024-02-15T00:11:51.882+0000][7][gc,age      ] GC(518) - age  15:      39360 bytes,    1371960 total
[2024-02-15T00:11:51.882+0000][7][gc,heap     ] GC(518) Eden regions: 152->0(152)
[2024-02-15T00:11:51.882+0000][7][gc,heap     ] GC(518) Survivor regions: 1->1(20)
[2024-02-15T00:11:51.882+0000][7][gc,heap     ] GC(518) Old regions: 26->26
[2024-02-15T00:11:51.882+0000][7][gc,heap     ] GC(518) Archive regions: 2->2
[2024-02-15T00:11:51.882+0000][7][gc,heap     ] GC(518) Humongous regions: 0->0
[2024-02-15T00:11:51.882+0000][7][gc,metaspace] GC(518) Metaspace: 129858K(133632K)->129858K(133632K) NonClass: 112879K(114880K)->112879K(114880K) Class: 16979K(18752K)->16979K(18752K)
[2024-02-15T00:11:51.882+0000][7][gc          ] GC(518) Pause Young (Normal) (G1 Evacuation Pause) 717M->109M(1024M) 2.766ms
[2024-02-15T00:11:51.882+0000][7][gc,cpu      ] GC(518) User=0.01s Sys=0.00s Real=0.00s
[2024-02-15T00:11:51.882+0000][7][safepoint   ] Safepoint "G1CollectForAllocation", Time since last: 116663402287 ns, Reaching safepoint: 46938 ns, At safepoint: 2864216 ns, Total: 2911154 ns
[2024-02-15T00:14:24.892+0000][7][gc,start    ] GC(519) Pause Young (Normal) (G1 Evacuation Pause)
[2024-02-15T00:14:24.893+0000][7][gc,task     ] GC(519) Using 8 workers of 8 for evacuation
[2024-02-15T00:14:24.893+0000][7][gc,age      ] GC(519) Desired survivor size 41943040 bytes, new threshold 15 (max threshold 15)
[2024-02-15T00:14:24.895+0000][7][gc,phases   ] GC(519)   Pre Evacuate Collection Set: 0.1ms
[2024-02-15T00:14:24.895+0000][7][gc,phases   ] GC(519)   Merge Heap Roots: 0.1ms
[2024-02-15T00:14:24.895+0000][7][gc,phases   ] GC(519)   Evacuate Collection Set: 1.1ms
[2024-02-15T00:14:24.895+0000][7][gc,phases   ] GC(519)   Post Evacuate Collection Set: 0.6ms
[2024-02-15T00:14:24.895+0000][7][gc,phases   ] GC(519)   Other: 0.1ms
[2024-02-15T00:14:24.895+0000][7][gc,age      ] GC(519) Age table with threshold 15 (max threshold 15)
[2024-02-15T00:14:24.895+0000][7][gc,age      ] GC(519) - age   1:    1310360 bytes,    1310360 total
[2024-02-15T00:14:24.895+0000][7][gc,age      ] GC(519) - age   2:       8504 bytes,    1318864 total
[2024-02-15T00:14:24.895+0000][7][gc,age      ] GC(519) - age   3:       2496 bytes,    1321360 total
[2024-02-15T00:14:24.895+0000][7][gc,age      ] GC(519) - age   4:       1672 bytes,    1323032 total
[2024-02-15T00:14:24.895+0000][7][gc,age      ] GC(519) - age   5:       8584 bytes,    1331616 total
[2024-02-15T00:14:24.895+0000][7][gc,age      ] GC(519) - age   6:      88336 bytes,    1419952 total
[2024-02-15T00:14:24.895+0000][7][gc,age      ] GC(519) - age   7:        272 bytes,    1420224 total
[2024-02-15T00:14:24.895+0000][7][gc,age      ] GC(519) - age   8:        208 bytes,    1420432 total
[2024-02-15T00:14:24.895+0000][7][gc,age      ] GC(519) - age  10:        184 bytes,    1420616 total
[2024-02-15T00:14:24.895+0000][7][gc,age      ] GC(519) - age  11:        208 bytes,    1420824 total
[2024-02-15T00:14:24.895+0000][7][gc,age      ] GC(519) - age  12:        184 bytes,    1421008 total
[2024-02-15T00:14:24.895+0000][7][gc,age      ] GC(519) - age  14:      28416 bytes,    1449424 total
[2024-02-15T00:14:24.895+0000][7][gc,age      ] GC(519) - age  15:     154096 bytes,    1603520 total
[2024-02-15T00:14:24.895+0000][7][gc,heap     ] GC(519) Eden regions: 152->0(152)
[2024-02-15T00:14:24.895+0000][7][gc,heap     ] GC(519) Survivor regions: 1->1(20)
[2024-02-15T00:14:24.895+0000][7][gc,heap     ] GC(519) Old regions: 26->26
[2024-02-15T00:14:24.895+0000][7][gc,heap     ] GC(519) Archive regions: 2->2
[2024-02-15T00:14:24.895+0000][7][gc,heap     ] GC(519) Humongous regions: 0->0
[2024-02-15T00:14:24.895+0000][7][gc,metaspace] GC(519) Metaspace: 129858K(133632K)->129858K(133632K) NonClass: 112879K(114880K)->112879K(114880K) Class: 16979K(18752K)->16979K(18752K)
[2024-02-15T00:14:24.895+0000][7][gc          ] GC(519) Pause Young (Normal) (G1 Evacuation Pause) 717M->109M(1024M) 2.300ms
[2024-02-15T00:14:24.895+0000][7][gc,cpu      ] GC(519) User=0.01s Sys=0.00s Real=0.00s
[2024-02-15T00:14:24.895+0000][7][safepoint   ] Safepoint "G1CollectForAllocation", Time since last: 153010680271 ns, Reaching safepoint: 43417 ns, At safepoint: 2384420 ns, Total: 2427837 ns
[2024-02-15T00:17:09.824+0000][7][gc,start    ] GC(520) Pause Young (Normal) (G1 Evacuation Pause)
[2024-02-15T00:17:09.824+0000][7][gc,task     ] GC(520) Using 8 workers of 8 for evacuation
[2024-02-15T00:17:09.824+0000][7][gc,age      ] GC(520) Desired survivor size 41943040 bytes, new threshold 15 (max threshold 15)
[2024-02-15T00:17:09.825+0000][7][gc,phases   ] GC(520)   Pre Evacuate Collection Set: 0.1ms
[2024-02-15T00:17:09.825+0000][7][gc,phases   ] GC(520)   Merge Heap Roots: 0.1ms
[2024-02-15T00:17:09.825+0000][7][gc,phases   ] GC(520)   Evacuate Collection Set: 0.7ms
[2024-02-15T00:17:09.825+0000][7][gc,phases   ] GC(520)   Post Evacuate Collection Set: 0.5ms
[2024-02-15T00:17:09.825+0000][7][gc,phases   ] GC(520)   Other: 0.1ms
[2024-02-15T00:17:09.825+0000][7][gc,age      ] GC(520) Age table with threshold 15 (max threshold 15)
[2024-02-15T00:17:09.825+0000][7][gc,age      ] GC(520) - age   1:     891800 bytes,     891800 total
[2024-02-15T00:17:09.825+0000][7][gc,age      ] GC(520) - age   2:      13176 bytes,     904976 total
[2024-02-15T00:17:09.825+0000][7][gc,age      ] GC(520) - age   3:       4824 bytes,     909800 total
[2024-02-15T00:17:09.825+0000][7][gc,age      ] GC(520) - age   4:       1048 bytes,     910848 total
[2024-02-15T00:17:09.825+0000][7][gc,age      ] GC(520) - age   5:       1168 bytes,     912016 total
[2024-02-15T00:17:09.825+0000][7][gc,age      ] GC(520) - age   6:        568 bytes,     912584 total
[2024-02-15T00:17:09.825+0000][7][gc,age      ] GC(520) - age   7:      39440 bytes,     952024 total
[2024-02-15T00:17:09.825+0000][7][gc,age      ] GC(520) - age   8:        272 bytes,     952296 total
[2024-02-15T00:17:09.825+0000][7][gc,age      ] GC(520) - age   9:        208 bytes,     952504 total
[2024-02-15T00:17:09.825+0000][7][gc,age      ] GC(520) - age  11:        184 bytes,     952688 total
[2024-02-15T00:17:09.825+0000][7][gc,age      ] GC(520) - age  12:        208 bytes,     952896 total
[2024-02-15T00:17:09.825+0000][7][gc,age      ] GC(520) - age  13:        184 bytes,     953080 total
[2024-02-15T00:17:09.825+0000][7][gc,age      ] GC(520) - age  15:      28416 bytes,     981496 total
[2024-02-15T00:17:09.825+0000][7][gc,heap     ] GC(520) Eden regions: 152->0(152)
[2024-02-15T00:17:09.825+0000][7][gc,heap     ] GC(520) Survivor regions: 1->1(20)
[2024-02-15T00:17:09.825+0000][7][gc,heap     ] GC(520) Old regions: 26->26
[2024-02-15T00:17:09.825+0000][7][gc,heap     ] GC(520) Archive regions: 2->2
[2024-02-15T00:17:09.825+0000][7][gc,heap     ] GC(520) Humongous regions: 0->0
[2024-02-15T00:17:09.825+0000][7][gc,metaspace] GC(520) Metaspace: 129858K(133632K)->129858K(133632K) NonClass: 112879K(114880K)->112879K(114880K) Class: 16979K(18752K)->16979K(18752K)
[2024-02-15T00:17:09.825+0000][7][gc          ] GC(520) Pause Young (Normal) (G1 Evacuation Pause) 717M->108M(1024M) 1.655ms
[2024-02-15T00:17:09.825+0000][7][gc,cpu      ] GC(520) User=0.01s Sys=0.00s Real=0.01s
[2024-02-15T00:17:09.825+0000][7][safepoint   ] Safepoint "G1CollectForAllocation", Time since last: 164928861845 ns, Reaching safepoint: 39999 ns, At safepoint: 1724384 ns, Total: 1764383 ns
[2024-02-15T00:19:54.836+0000][7][gc,start    ] GC(521) Pause Young (Normal) (G1 Evacuation Pause)
[2024-02-15T00:19:54.836+0000][7][gc,task     ] GC(521) Using 8 workers of 8 for evacuation
[2024-02-15T00:19:54.836+0000][7][gc,age      ] GC(521) Desired survivor size 41943040 bytes, new threshold 15 (max threshold 15)
[2024-02-15T00:19:54.838+0000][7][gc,phases   ] GC(521)   Pre Evacuate Collection Set: 0.1ms
[2024-02-15T00:19:54.838+0000][7][gc,phases   ] GC(521)   Merge Heap Roots: 0.1ms
[2024-02-15T00:19:54.838+0000][7][gc,phases   ] GC(521)   Evacuate Collection Set: 0.8ms
[2024-02-15T00:19:54.838+0000][7][gc,phases   ] GC(521)   Post Evacuate Collection Set: 0.8ms
[2024-02-15T00:19:54.838+0000][7][gc,phases   ] GC(521)   Other: 0.1ms
[2024-02-15T00:19:54.838+0000][7][gc,age      ] GC(521) Age table with threshold 15 (max threshold 15)
[2024-02-15T00:19:54.838+0000][7][gc,age      ] GC(521) - age   1:     547736 bytes,     547736 total
[2024-02-15T00:19:54.838+0000][7][gc,age      ] GC(521) - age   2:       3544 bytes,     551280 total
[2024-02-15T00:19:54.838+0000][7][gc,age      ] GC(521) - age   3:       1352 bytes,     552632 total
[2024-02-15T00:19:54.838+0000][7][gc,age      ] GC(521) - age   4:        440 bytes,     553072 total
[2024-02-15T00:19:54.838+0000][7][gc,age      ] GC(521) - age   5:        168 bytes,     553240 total
[2024-02-15T00:19:54.838+0000][7][gc,age      ] GC(521) - age   6:        776 bytes,     554016 total
[2024-02-15T00:19:54.838+0000][7][gc,age      ] GC(521) - age   7:        568 bytes,     554584 total
[2024-02-15T00:19:54.838+0000][7][gc,age      ] GC(521) - age   8:      39440 bytes,     594024 total
[2024-02-15T00:19:54.838+0000][7][gc,age      ] GC(521) - age   9:        240 bytes,     594264 total
[2024-02-15T00:19:54.838+0000][7][gc,age      ] GC(521) - age  10:        208 bytes,     594472 total
[2024-02-15T00:19:54.838+0000][7][gc,age      ] GC(521) - age  12:        184 bytes,     594656 total
[2024-02-15T00:19:54.838+0000][7][gc,age      ] GC(521) - age  13:         24 bytes,     594680 total
[2024-02-15T00:19:54.838+0000][7][gc,age      ] GC(521) - age  14:        184 bytes,     594864 total
[2024-02-15T00:19:54.838+0000][7][gc,heap     ] GC(521) Eden regions: 152->0(152)
[2024-02-15T00:19:54.838+0000][7][gc,heap     ] GC(521) Survivor regions: 1->1(20)
[2024-02-15T00:19:54.838+0000][7][gc,heap     ] GC(521) Old regions: 26->26
[2024-02-15T00:19:54.838+0000][7][gc,heap     ] GC(521) Archive regions: 2->2
[2024-02-15T00:19:54.838+0000][7][gc,heap     ] GC(521) Humongous regions: 0->0
[2024-02-15T00:19:54.838+0000][7][gc,metaspace] GC(521) Metaspace: 129858K(133632K)->129858K(133632K) NonClass: 112879K(114880K)->112879K(114880K) Class: 16979K(18752K)->16979K(18752K)
[2024-02-15T00:19:54.838+0000][7][gc          ] GC(521) Pause Young (Normal) (G1 Evacuation Pause) 716M->108M(1024M) 2.118ms
[2024-02-15T00:19:54.838+0000][7][gc,cpu      ] GC(521) User=0.00s Sys=0.01s Real=0.01s
[2024-02-15T00:19:54.838+0000][7][safepoint   ] Safepoint "G1CollectForAllocation", Time since last: 165010243272 ns, Reaching safepoint: 26190 ns, At safepoint: 2228599 ns, Total: 2254789 ns
[2024-02-15T00:22:30.944+0000][7][gc,start    ] GC(522) Pause Young (Normal) (G1 Evacuation Pause)
[2024-02-15T00:22:30.944+0000][7][gc,task     ] GC(522) Using 8 workers of 8 for evacuation
[2024-02-15T00:22:30.944+0000][7][gc,age      ] GC(522) Desired survivor size 41943040 bytes, new threshold 15 (max threshold 15)
[2024-02-15T00:22:30.946+0000][7][gc,phases   ] GC(522)   Pre Evacuate Collection Set: 0.1ms
[2024-02-15T00:22:30.946+0000][7][gc,phases   ] GC(522)   Merge Heap Roots: 0.1ms
[2024-02-15T00:22:30.946+0000][7][gc,phases   ] GC(522)   Evacuate Collection Set: 1.2ms
[2024-02-15T00:22:30.946+0000][7][gc,phases   ] GC(522)   Post Evacuate Collection Set: 0.7ms
[2024-02-15T00:22:30.946+0000][7][gc,phases   ] GC(522)   Other: 0.1ms
[2024-02-15T00:22:30.946+0000][7][gc,age      ] GC(522) Age table with threshold 15 (max threshold 15)
[2024-02-15T00:22:30.946+0000][7][gc,age      ] GC(522) - age   1:     836568 bytes,     836568 total
[2024-02-15T00:22:30.946+0000][7][gc,age      ] GC(522) - age   2:      17224 bytes,     853792 total
[2024-02-15T00:22:30.946+0000][7][gc,age      ] GC(522) - age   3:       1080 bytes,     854872 total
[2024-02-15T00:22:30.946+0000][7][gc,age      ] GC(522) - age   4:        248 bytes,     855120 total
[2024-02-15T00:22:30.946+0000][7][gc,age      ] GC(522) - age   5:        312 bytes,     855432 total
[2024-02-15T00:22:30.946+0000][7][gc,age      ] GC(522) - age   6:        104 bytes,     855536 total
[2024-02-15T00:22:30.946+0000][7][gc,age      ] GC(522) - age   7:        776 bytes,     856312 total
[2024-02-15T00:22:30.946+0000][7][gc,age      ] GC(522) - age   9:      24728 bytes,     881040 total
[2024-02-15T00:22:30.946+0000][7][gc,age      ] GC(522) - age  10:        240 bytes,     881280 total
[2024-02-15T00:22:30.946+0000][7][gc,age      ] GC(522) - age  11:        208 bytes,     881488 total
[2024-02-15T00:22:30.946+0000][7][gc,age      ] GC(522) - age  13:        184 bytes,     881672 total
[2024-02-15T00:22:30.946+0000][7][gc,age      ] GC(522) - age  14:         24 bytes,     881696 total
[2024-02-15T00:22:30.946+0000][7][gc,age      ] GC(522) - age  15:        184 bytes,     881880 total
[2024-02-15T00:22:30.946+0000][7][gc,heap     ] GC(522) Eden regions: 152->0(152)
[2024-02-15T00:22:30.946+0000][7][gc,heap     ] GC(522) Survivor regions: 1->1(20)
[2024-02-15T00:22:30.947+0000][7][gc,heap     ] GC(522) Old regions: 26->26
[2024-02-15T00:22:30.947+0000][7][gc,heap     ] GC(522) Archive regions: 2->2
[2024-02-15T00:22:30.947+0000][7][gc,heap     ] GC(522) Humongous regions: 0->0
[2024-02-15T00:22:30.947+0000][7][gc,metaspace] GC(522) Metaspace: 129858K(133632K)->129858K(133632K) NonClass: 112879K(114880K)->112879K(114880K) Class: 16979K(18752K)->16979K(18752K)
[2024-02-15T00:22:30.947+0000][7][gc          ] GC(522) Pause Young (Normal) (G1 Evacuation Pause) 716M->108M(1024M) 2.493ms
[2024-02-15T00:22:30.947+0000][7][gc,cpu      ] GC(522) User=0.01s Sys=0.00s Real=0.00s
[2024-02-15T00:22:30.947+0000][7][safepoint   ] Safepoint "G1CollectForAllocation", Time since last: 156106050920 ns, Reaching safepoint: 47602 ns, At safepoint: 2594136 ns, Total: 2641738 ns
[2024-02-15T00:25:19.871+0000][7][gc,start    ] GC(523) Pause Young (Normal) (G1 Evacuation Pause)
[2024-02-15T00:25:19.871+0000][7][gc,task     ] GC(523) Using 8 workers of 8 for evacuation
[2024-02-15T00:25:19.871+0000][7][gc,age      ] GC(523) Desired survivor size 41943040 bytes, new threshold 15 (max threshold 15)
[2024-02-15T00:25:19.873+0000][7][gc,phases   ] GC(523)   Pre Evacuate Collection Set: 0.1ms
[2024-02-15T00:25:19.873+0000][7][gc,phases   ] GC(523)   Merge Heap Roots: 0.0ms
[2024-02-15T00:25:19.873+0000][7][gc,phases   ] GC(523)   Evacuate Collection Set: 1.0ms
[2024-02-15T00:25:19.873+0000][7][gc,phases   ] GC(523)   Post Evacuate Collection Set: 0.7ms
[2024-02-15T00:25:19.873+0000][7][gc,phases   ] GC(523)   Other: 0.1ms
[2024-02-15T00:25:19.873+0000][7][gc,age      ] GC(523) Age table with threshold 15 (max threshold 15)
[2024-02-15T00:25:19.873+0000][7][gc,age      ] GC(523) - age   1:    1763160 bytes,    1763160 total
[2024-02-15T00:25:19.873+0000][7][gc,age      ] GC(523) - age   2:     227136 bytes,    1990296 total
[2024-02-15T00:25:19.873+0000][7][gc,age      ] GC(523) - age   3:      13920 bytes,    2004216 total
[2024-02-15T00:25:19.873+0000][7][gc,age      ] GC(523) - age   4:        384 bytes,    2004600 total
[2024-02-15T00:25:19.873+0000][7][gc,age      ] GC(523) - age   5:        184 bytes,    2004784 total
[2024-02-15T00:25:19.873+0000][7][gc,age      ] GC(523) - age   6:        184 bytes,    2004968 total
[2024-02-15T00:25:19.873+0000][7][gc,age      ] GC(523) - age   7:        104 bytes,    2005072 total
[2024-02-15T00:25:19.873+0000][7][gc,age      ] GC(523) - age   8:        776 bytes,    2005848 total
[2024-02-15T00:25:19.873+0000][7][gc,age      ] GC(523) - age  10:      24728 bytes,    2030576 total
[2024-02-15T00:25:19.873+0000][7][gc,age      ] GC(523) - age  11:        240 bytes,    2030816 total
[2024-02-15T00:25:19.873+0000][7][gc,age      ] GC(523) - age  12:        208 bytes,    2031024 total
[2024-02-15T00:25:19.873+0000][7][gc,age      ] GC(523) - age  14:        184 bytes,    2031208 total
[2024-02-15T00:25:19.873+0000][7][gc,age      ] GC(523) - age  15:         24 bytes,    2031232 total
[2024-02-15T00:25:19.873+0000][7][gc,heap     ] GC(523) Eden regions: 152->0(152)
[2024-02-15T00:25:19.873+0000][7][gc,heap     ] GC(523) Survivor regions: 1->1(20)
[2024-02-15T00:25:19.873+0000][7][gc,heap     ] GC(523) Old regions: 26->26
[2024-02-15T00:25:19.873+0000][7][gc,heap     ] GC(523) Archive regions: 2->2
[2024-02-15T00:25:19.873+0000][7][gc,heap     ] GC(523) Humongous regions: 0->0
[2024-02-15T00:25:19.873+0000][7][gc,metaspace] GC(523) Metaspace: 129858K(133632K)->129858K(133632K) NonClass: 112879K(114880K)->112879K(114880K) Class: 16979K(18752K)->16979K(18752K)
[2024-02-15T00:25:19.873+0000][7][gc          ] GC(523) Pause Young (Normal) (G1 Evacuation Pause) 716M->109M(1024M) 2.007ms
[2024-02-15T00:25:19.873+0000][7][gc,cpu      ] GC(523) User=0.01s Sys=0.00s Real=0.00s
[2024-02-15T00:25:19.873+0000][7][safepoint   ] Safepoint "G1CollectForAllocation", Time since last: 168924660952 ns, Reaching safepoint: 27394 ns, At safepoint: 2089034 ns, Total: 2116428 ns
[2024-02-15T00:25:56.877+0000][7][safepoint   ] Safepoint "Cleanup", Time since last: 37003534598 ns, Reaching safepoint: 51478 ns, At safepoint: 41861 ns, Total: 93339 ns
[2024-02-15T00:27:55.348+0000][7][gc,start    ] GC(524) Pause Young (Normal) (G1 Evacuation Pause)
[2024-02-15T00:27:55.348+0000][7][gc,task     ] GC(524) Using 8 workers of 8 for evacuation
[2024-02-15T00:27:55.348+0000][7][gc,age      ] GC(524) Desired survivor size 41943040 bytes, new threshold 15 (max threshold 15)
[2024-02-15T00:27:55.350+0000][7][gc,phases   ] GC(524)   Pre Evacuate Collection Set: 0.1ms
[2024-02-15T00:27:55.350+0000][7][gc,phases   ] GC(524)   Merge Heap Roots: 0.0ms
[2024-02-15T00:27:55.350+0000][7][gc,phases   ] GC(524)   Evacuate Collection Set: 1.0ms
[2024-02-15T00:27:55.350+0000][7][gc,phases   ] GC(524)   Post Evacuate Collection Set: 0.5ms
[2024-02-15T00:27:55.350+0000][7][gc,phases   ] GC(524)   Other: 0.1ms
[2024-02-15T00:27:55.350+0000][7][gc,age      ] GC(524) Age table with threshold 15 (max threshold 15)
[2024-02-15T00:27:55.350+0000][7][gc,age      ] GC(524) - age   1:    1860296 bytes,    1860296 total
[2024-02-15T00:27:55.350+0000][7][gc,age      ] GC(524) - age   2:       3616 bytes,    1863912 total
[2024-02-15T00:27:55.350+0000][7][gc,age      ] GC(524) - age   3:     105448 bytes,    1969360 total
[2024-02-15T00:27:55.350+0000][7][gc,age      ] GC(524) - age   4:       4488 bytes,    1973848 total
[2024-02-15T00:27:55.350+0000][7][gc,age      ] GC(524) - age   7:        184 bytes,    1974032 total
[2024-02-15T00:27:55.350+0000][7][gc,age      ] GC(524) - age   8:         72 bytes,    1974104 total
[2024-02-15T00:27:55.350+0000][7][gc,age      ] GC(524) - age   9:        776 bytes,    1974880 total
[2024-02-15T00:27:55.350+0000][7][gc,age      ] GC(524) - age  11:      24728 bytes,    1999608 total
[2024-02-15T00:27:55.350+0000][7][gc,age      ] GC(524) - age  12:        240 bytes,    1999848 total
[2024-02-15T00:27:55.350+0000][7][gc,age      ] GC(524) - age  13:        184 bytes,    2000032 total
[2024-02-15T00:27:55.350+0000][7][gc,age      ] GC(524) - age  15:        184 bytes,    2000216 total
[2024-02-15T00:27:55.350+0000][7][gc,heap     ] GC(524) Eden regions: 152->0(152)
[2024-02-15T00:27:55.350+0000][7][gc,heap     ] GC(524) Survivor regions: 1->1(20)
[2024-02-15T00:27:55.350+0000][7][gc,heap     ] GC(524) Old regions: 26->26
[2024-02-15T00:27:55.350+0000][7][gc,heap     ] GC(524) Archive regions: 2->2
[2024-02-15T00:27:55.350+0000][7][gc,heap     ] GC(524) Humongous regions: 0->0
[2024-02-15T00:27:55.350+0000][7][gc,metaspace] GC(524) Metaspace: 129858K(133632K)->129858K(133632K) NonClass: 112879K(114880K)->112879K(114880K) Class: 16979K(18752K)->16979K(18752K)
[2024-02-15T00:27:55.350+0000][7][gc          ] GC(524) Pause Young (Normal) (G1 Evacuation Pause) 717M->109M(1024M) 1.919ms
[2024-02-15T00:27:55.350+0000][7][gc,cpu      ] GC(524) User=0.00s Sys=0.00s Real=0.00s
[2024-02-15T00:27:55.350+0000][7][safepoint   ] Safepoint "G1CollectForAllocation", Time since last: 118470675942 ns, Reaching safepoint: 42163 ns, At safepoint: 1985232 ns, Total: 2027395 ns
[2024-02-15T00:30:51.901+0000][7][gc,start    ] GC(525) Pause Young (Normal) (G1 Evacuation Pause)
[2024-02-15T00:30:51.901+0000][7][gc,task     ] GC(525) Using 8 workers of 8 for evacuation
[2024-02-15T00:30:51.901+0000][7][gc,age      ] GC(525) Desired survivor size 41943040 bytes, new threshold 15 (max threshold 15)
[2024-02-15T00:30:51.903+0000][7][gc,phases   ] GC(525)   Pre Evacuate Collection Set: 0.1ms
[2024-02-15T00:30:51.903+0000][7][gc,phases   ] GC(525)   Merge Heap Roots: 0.1ms
[2024-02-15T00:30:51.903+0000][7][gc,phases   ] GC(525)   Evacuate Collection Set: 1.1ms
[2024-02-15T00:30:51.903+0000][7][gc,phases   ] GC(525)   Post Evacuate Collection Set: 0.6ms
[2024-02-15T00:30:51.903+0000][7][gc,phases   ] GC(525)   Other: 0.1ms
[2024-02-15T00:30:51.903+0000][7][gc,age      ] GC(525) Age table with threshold 15 (max threshold 15)
[2024-02-15T00:30:51.903+0000][7][gc,age      ] GC(525) - age   1:    1393288 bytes,    1393288 total
[2024-02-15T00:30:51.903+0000][7][gc,age      ] GC(525) - age   2:     198808 bytes,    1592096 total
[2024-02-15T00:30:51.903+0000][7][gc,age      ] GC(525) - age   3:       1312 bytes,    1593408 total
[2024-02-15T00:30:51.903+0000][7][gc,age      ] GC(525) - age   4:     104640 bytes,    1698048 total
[2024-02-15T00:30:51.903+0000][7][gc,age      ] GC(525) - age   5:       1032 bytes,    1699080 total
[2024-02-15T00:30:51.903+0000][7][gc,age      ] GC(525) - age   8:        184 bytes,    1699264 total
[2024-02-15T00:30:51.903+0000][7][gc,age      ] GC(525) - age   9:         72 bytes,    1699336 total
[2024-02-15T00:30:51.903+0000][7][gc,age      ] GC(525) - age  10:        776 bytes,    1700112 total
[2024-02-15T00:30:51.903+0000][7][gc,age      ] GC(525) - age  12:      24728 bytes,    1724840 total
[2024-02-15T00:30:51.903+0000][7][gc,age      ] GC(525) - age  13:        240 bytes,    1725080 total
[2024-02-15T00:30:51.903+0000][7][gc,age      ] GC(525) - age  14:        184 bytes,    1725264 total
[2024-02-15T00:30:51.903+0000][7][gc,heap     ] GC(525) Eden regions: 152->0(152)
[2024-02-15T00:30:51.903+0000][7][gc,heap     ] GC(525) Survivor regions: 1->1(20)
[2024-02-15T00:30:51.903+0000][7][gc,heap     ] GC(525) Old regions: 26->26
[2024-02-15T00:30:51.903+0000][7][gc,heap     ] GC(525) Archive regions: 2->2
[2024-02-15T00:30:51.903+0000][7][gc,heap     ] GC(525) Humongous regions: 0->0
[2024-02-15T00:30:51.903+0000][7][gc,metaspace] GC(525) Metaspace: 129858K(133632K)->129858K(133632K) NonClass: 112879K(114880K)->112879K(114880K) Class: 16979K(18752K)->16979K(18752K)
[2024-02-15T00:30:51.903+0000][7][gc          ] GC(525) Pause Young (Normal) (G1 Evacuation Pause) 717M->109M(1024M) 2.118ms
[2024-02-15T00:30:51.903+0000][7][gc,cpu      ] GC(525) User=0.00s Sys=0.00s Real=0.00s
[2024-02-15T00:30:51.903+0000][7][safepoint   ] Safepoint "G1CollectForAllocation", Time since last: 176550928000 ns, Reaching safepoint: 33402 ns, At safepoint: 2188488 ns, Total: 2221890 ns
[2024-02-15T00:33:24.910+0000][7][gc,start    ] GC(526) Pause Young (Normal) (G1 Evacuation Pause)
[2024-02-15T00:33:24.910+0000][7][gc,task     ] GC(526) Using 8 workers of 8 for evacuation
[2024-02-15T00:33:24.910+0000][7][gc,age      ] GC(526) Desired survivor size 41943040 bytes, new threshold 15 (max threshold 15)
[2024-02-15T00:33:24.912+0000][7][gc,phases   ] GC(526)   Pre Evacuate Collection Set: 0.1ms
[2024-02-15T00:33:24.912+0000][7][gc,phases   ] GC(526)   Merge Heap Roots: 0.1ms
[2024-02-15T00:33:24.912+0000][7][gc,phases   ] GC(526)   Evacuate Collection Set: 1.6ms
[2024-02-15T00:33:24.912+0000][7][gc,phases   ] GC(526)   Post Evacuate Collection Set: 0.8ms
[2024-02-15T00:33:24.912+0000][7][gc,phases   ] GC(526)   Other: 0.1ms
[2024-02-15T00:33:24.912+0000][7][gc,age      ] GC(526) Age table with threshold 15 (max threshold 15)
[2024-02-15T00:33:24.912+0000][7][gc,age      ] GC(526) - age   1:    1329872 bytes,    1329872 total
[2024-02-15T00:33:24.912+0000][7][gc,age      ] GC(526) - age   2:      42136 bytes,    1372008 total
[2024-02-15T00:33:24.913+0000][7][gc,age      ] GC(526) - age   3:     178248 bytes,    1550256 total
[2024-02-15T00:33:24.913+0000][7][gc,age      ] GC(526) - age   4:        544 bytes,    1550800 total
[2024-02-15T00:33:24.913+0000][7][gc,age      ] GC(526) - age   5:     104576 bytes,    1655376 total
[2024-02-15T00:33:24.913+0000][7][gc,age      ] GC(526) - age   6:       1000 bytes,    1656376 total
[2024-02-15T00:33:24.913+0000][7][gc,age      ] GC(526) - age   9:        184 bytes,    1656560 total
[2024-02-15T00:33:24.913+0000][7][gc,age      ] GC(526) - age  10:         72 bytes,    1656632 total
[2024-02-15T00:33:24.913+0000][7][gc,age      ] GC(526) - age  11:        592 bytes,    1657224 total
[2024-02-15T00:33:24.913+0000][7][gc,age      ] GC(526) - age  13:      24728 bytes,    1681952 total
[2024-02-15T00:33:24.913+0000][7][gc,age      ] GC(526) - age  14:        240 bytes,    1682192 total
[2024-02-15T00:33:24.913+0000][7][gc,age      ] GC(526) - age  15:        184 bytes,    1682376 total
[2024-02-15T00:33:24.913+0000][7][gc,heap     ] GC(526) Eden regions: 152->0(152)
[2024-02-15T00:33:24.913+0000][7][gc,heap     ] GC(526) Survivor regions: 1->1(20)
[2024-02-15T00:33:24.913+0000][7][gc,heap     ] GC(526) Old regions: 26->26
[2024-02-15T00:33:24.913+0000][7][gc,heap     ] GC(526) Archive regions: 2->2
[2024-02-15T00:33:24.913+0000][7][gc,heap     ] GC(526) Humongous regions: 0->0
[2024-02-15T00:33:24.913+0000][7][gc,metaspace] GC(526) Metaspace: 129859K(133632K)->129859K(133632K) NonClass: 112879K(114880K)->112879K(114880K) Class: 16979K(18752K)->16979K(18752K)
[2024-02-15T00:33:24.913+0000][7][gc          ] GC(526) Pause Young (Normal) (G1 Evacuation Pause) 717M->109M(1024M) 3.018ms
[2024-02-15T00:33:24.913+0000][7][gc,cpu      ] GC(526) User=0.02s Sys=0.00s Real=0.00s
[2024-02-15T00:33:24.913+0000][7][safepoint   ] Safepoint "G1CollectForAllocation", Time since last: 153006664551 ns, Reaching safepoint: 35663 ns, At safepoint: 3118005 ns, Total: 3153668 ns
[2024-02-15T00:35:57.890+0000][7][gc,start    ] GC(527) Pause Young (Normal) (G1 Evacuation Pause)
[2024-02-15T00:35:57.890+0000][7][gc,task     ] GC(527) Using 8 workers of 8 for evacuation
[2024-02-15T00:35:57.890+0000][7][gc,age      ] GC(527) Desired survivor size 41943040 bytes, new threshold 15 (max threshold 15)
[2024-02-15T00:35:57.893+0000][7][gc,phases   ] GC(527)   Pre Evacuate Collection Set: 0.2ms
[2024-02-15T00:35:57.893+0000][7][gc,phases   ] GC(527)   Merge Heap Roots: 0.1ms
[2024-02-15T00:35:57.893+0000][7][gc,phases   ] GC(527)   Evacuate Collection Set: 1.7ms
[2024-02-15T00:35:57.893+0000][7][gc,phases   ] GC(527)   Post Evacuate Collection Set: 1.0ms
[2024-02-15T00:35:57.893+0000][7][gc,phases   ] GC(527)   Other: 0.1ms
[2024-02-15T00:35:57.893+0000][7][gc,age      ] GC(527) Age table with threshold 15 (max threshold 15)
[2024-02-15T00:35:57.893+0000][7][gc,age      ] GC(527) - age   1:    1202264 bytes,    1202264 total
[2024-02-15T00:35:57.893+0000][7][gc,age      ] GC(527) - age   2:      19112 bytes,    1221376 total
[2024-02-15T00:35:57.893+0000][7][gc,age      ] GC(527) - age   3:      38560 bytes,    1259936 total
[2024-02-15T00:35:57.893+0000][7][gc,age      ] GC(527) - age   4:     177592 bytes,    1437528 total
[2024-02-15T00:35:57.893+0000][7][gc,age      ] GC(527) - age   5:        544 bytes,    1438072 total
[2024-02-15T00:35:57.893+0000][7][gc,age      ] GC(527) - age   6:     104448 bytes,    1542520 total
[2024-02-15T00:35:57.893+0000][7][gc,age      ] GC(527) - age   7:        608 bytes,    1543128 total
[2024-02-15T00:35:57.893+0000][7][gc,age      ] GC(527) - age  10:        184 bytes,    1543312 total
[2024-02-15T00:35:57.893+0000][7][gc,age      ] GC(527) - age  11:         72 bytes,    1543384 total
[2024-02-15T00:35:57.893+0000][7][gc,age      ] GC(527) - age  12:        592 bytes,    1543976 total
[2024-02-15T00:35:57.893+0000][7][gc,age      ] GC(527) - age  14:      24416 bytes,    1568392 total
[2024-02-15T00:35:57.893+0000][7][gc,age      ] GC(527) - age  15:        240 bytes,    1568632 total
[2024-02-15T00:35:57.893+0000][7][gc,heap     ] GC(527) Eden regions: 152->0(152)
[2024-02-15T00:35:57.893+0000][7][gc,heap     ] GC(527) Survivor regions: 1->1(20)
[2024-02-15T00:35:57.893+0000][7][gc,heap     ] GC(527) Old regions: 26->26
[2024-02-15T00:35:57.893+0000][7][gc,heap     ] GC(527) Archive regions: 2->2
[2024-02-15T00:35:57.893+0000][7][gc,heap     ] GC(527) Humongous regions: 0->0
[2024-02-15T00:35:57.893+0000][7][gc,metaspace] GC(527) Metaspace: 129859K(133632K)->129859K(133632K) NonClass: 112880K(114880K)->112880K(114880K) Class: 16979K(18752K)->16979K(18752K)
[2024-02-15T00:35:57.893+0000][7][gc          ] GC(527) Pause Young (Normal) (G1 Evacuation Pause) 717M->109M(1024M) 3.487ms
[2024-02-15T00:35:57.893+0000][7][gc,cpu      ] GC(527) User=0.01s Sys=0.00s Real=0.00s
[2024-02-15T00:35:57.893+0000][7][safepoint   ] Safepoint "G1CollectForAllocation", Time since last: 152976822631 ns, Reaching safepoint: 65144 ns, At safepoint: 3605677 ns, Total: 3670821 ns
[2024-02-15T00:38:36.963+0000][7][gc,start    ] GC(528) Pause Young (Normal) (G1 Evacuation Pause)
[2024-02-15T00:38:36.963+0000][7][gc,task     ] GC(528) Using 8 workers of 8 for evacuation
[2024-02-15T00:38:36.963+0000][7][gc,age      ] GC(528) Desired survivor size 41943040 bytes, new threshold 15 (max threshold 15)
[2024-02-15T00:38:36.967+0000][7][gc,phases   ] GC(528)   Pre Evacuate Collection Set: 0.1ms
[2024-02-15T00:38:36.967+0000][7][gc,phases   ] GC(528)   Merge Heap Roots: 0.1ms
[2024-02-15T00:38:36.967+0000][7][gc,phases   ] GC(528)   Evacuate Collection Set: 2.3ms
[2024-02-15T00:38:36.967+0000][7][gc,phases   ] GC(528)   Post Evacuate Collection Set: 1.1ms
[2024-02-15T00:38:36.967+0000][7][gc,phases   ] GC(528)   Other: 0.1ms
[2024-02-15T00:38:36.967+0000][7][gc,age      ] GC(528) Age table with threshold 15 (max threshold 15)
[2024-02-15T00:38:36.967+0000][7][gc,age      ] GC(528) - age   1:     548344 bytes,     548344 total
[2024-02-15T00:38:36.967+0000][7][gc,age      ] GC(528) - age   2:     152560 bytes,     700904 total
[2024-02-15T00:38:36.967+0000][7][gc,age      ] GC(528) - age   3:      16008 bytes,     716912 total
[2024-02-15T00:38:36.967+0000][7][gc,age      ] GC(528) - age   4:      37816 bytes,     754728 total
[2024-02-15T00:38:36.967+0000][7][gc,age      ] GC(528) - age   5:     176904 bytes,     931632 total
[2024-02-15T00:38:36.967+0000][7][gc,age      ] GC(528) - age   6:        248 bytes,     931880 total
[2024-02-15T00:38:36.967+0000][7][gc,age      ] GC(528) - age   7:     104448 bytes,    1036328 total
[2024-02-15T00:38:36.967+0000][7][gc,age      ] GC(528) - age   8:        392 bytes,    1036720 total
[2024-02-15T00:38:36.967+0000][7][gc,age      ] GC(528) - age  11:        184 bytes,    1036904 total
[2024-02-15T00:38:36.967+0000][7][gc,age      ] GC(528) - age  12:         72 bytes,    1036976 total
[2024-02-15T00:38:36.967+0000][7][gc,age      ] GC(528) - age  13:        592 bytes,    1037568 total
[2024-02-15T00:38:36.967+0000][7][gc,age      ] GC(528) - age  15:      24416 bytes,    1061984 total
[2024-02-15T00:38:36.967+0000][7][gc,heap     ] GC(528) Eden regions: 152->0(152)
[2024-02-15T00:38:36.967+0000][7][gc,heap     ] GC(528) Survivor regions: 1->1(20)
[2024-02-15T00:38:36.967+0000][7][gc,heap     ] GC(528) Old regions: 26->26
[2024-02-15T00:38:36.967+0000][7][gc,heap     ] GC(528) Archive regions: 2->2
[2024-02-15T00:38:36.967+0000][7][gc,heap     ] GC(528) Humongous regions: 0->0
[2024-02-15T00:38:36.967+0000][7][gc,metaspace] GC(528) Metaspace: 129859K(133632K)->129859K(133632K) NonClass: 112880K(114880K)->112880K(114880K) Class: 16979K(18752K)->16979K(18752K)
[2024-02-15T00:38:36.967+0000][7][gc          ] GC(528) Pause Young (Normal) (G1 Evacuation Pause) 717M->108M(1024M) 4.195ms
[2024-02-15T00:38:36.967+0000][7][gc,cpu      ] GC(528) User=0.01s Sys=0.00s Real=0.01s
[2024-02-15T00:38:36.967+0000][7][safepoint   ] Safepoint "G1CollectForAllocation", Time since last: 159069412746 ns, Reaching safepoint: 55576 ns, At safepoint: 4334601 ns, Total: 4390177 ns
[2024-02-15T00:41:19.464+0000][7][gc,start    ] GC(529) Pause Young (Normal) (G1 Evacuation Pause)
[2024-02-15T00:41:19.464+0000][7][gc,task     ] GC(529) Using 8 workers of 8 for evacuation
[2024-02-15T00:41:19.464+0000][7][gc,age      ] GC(529) Desired survivor size 41943040 bytes, new threshold 15 (max threshold 15)
[2024-02-15T00:41:19.466+0000][7][gc,phases   ] GC(529)   Pre Evacuate Collection Set: 0.1ms
[2024-02-15T00:41:19.466+0000][7][gc,phases   ] GC(529)   Merge Heap Roots: 0.0ms
[2024-02-15T00:41:19.466+0000][7][gc,phases   ] GC(529)   Evacuate Collection Set: 1.2ms
[2024-02-15T00:41:19.466+0000][7][gc,phases   ] GC(529)   Post Evacuate Collection Set: 0.6ms
[2024-02-15T00:41:19.466+0000][7][gc,phases   ] GC(529)   Other: 0.1ms
[2024-02-15T00:41:19.466+0000][7][gc,age      ] GC(529) Age table with threshold 15 (max threshold 15)
[2024-02-15T00:41:19.466+0000][7][gc,age      ] GC(529) - age   1:    1768976 bytes,    1768976 total
[2024-02-15T00:41:19.466+0000][7][gc,age      ] GC(529) - age   2:      12512 bytes,    1781488 total
[2024-02-15T00:41:19.466+0000][7][gc,age      ] GC(529) - age   3:     148680 bytes,    1930168 total
[2024-02-15T00:41:19.466+0000][7][gc,age      ] GC(529) - age   4:      14792 bytes,    1944960 total
[2024-02-15T00:41:19.466+0000][7][gc,age      ] GC(529) - age   5:      34112 bytes,    1979072 total
[2024-02-15T00:41:19.466+0000][7][gc,age      ] GC(529) - age   6:     176776 bytes,    2155848 total
[2024-02-15T00:41:19.466+0000][7][gc,age      ] GC(529) - age   8:     104064 bytes,    2259912 total
[2024-02-15T00:41:19.466+0000][7][gc,age      ] GC(529) - age   9:        392 bytes,    2260304 total
[2024-02-15T00:41:19.466+0000][7][gc,age      ] GC(529) - age  12:        184 bytes,    2260488 total
[2024-02-15T00:41:19.466+0000][7][gc,age      ] GC(529) - age  13:         72 bytes,    2260560 total
[2024-02-15T00:41:19.466+0000][7][gc,age      ] GC(529) - age  14:        592 bytes,    2261152 total
[2024-02-15T00:41:19.466+0000][7][gc,heap     ] GC(529) Eden regions: 152->0(152)
[2024-02-15T00:41:19.466+0000][7][gc,heap     ] GC(529) Survivor regions: 1->1(20)
[2024-02-15T00:41:19.466+0000][7][gc,heap     ] GC(529) Old regions: 26->26
[2024-02-15T00:41:19.466+0000][7][gc,heap     ] GC(529) Archive regions: 2->2
[2024-02-15T00:41:19.466+0000][7][gc,heap     ] GC(529) Humongous regions: 0->0
[2024-02-15T00:41:19.466+0000][7][gc,metaspace] GC(529) Metaspace: 129859K(133632K)->129859K(133632K) NonClass: 112880K(114880K)->112880K(114880K) Class: 16979K(18752K)->16979K(18752K)
[2024-02-15T00:41:19.466+0000][7][gc          ] GC(529) Pause Young (Normal) (G1 Evacuation Pause) 716M->110M(1024M) 2.171ms
[2024-02-15T00:41:19.466+0000][7][gc,cpu      ] GC(529) User=0.01s Sys=0.00s Real=0.00s
[2024-02-15T00:41:19.466+0000][7][safepoint   ] Safepoint "G1CollectForAllocation", Time since last: 162497052450 ns, Reaching safepoint: 43061 ns, At safepoint: 2260479 ns, Total: 2303540 ns
[2024-02-15T00:44:06.972+0000][7][gc,start    ] GC(530) Pause Young (Normal) (G1 Evacuation Pause)
[2024-02-15T00:44:06.972+0000][7][gc,task     ] GC(530) Using 8 workers of 8 for evacuation
[2024-02-15T00:44:06.972+0000][7][gc,age      ] GC(530) Desired survivor size 41943040 bytes, new threshold 15 (max threshold 15)
[2024-02-15T00:44:06.974+0000][7][gc,phases   ] GC(530)   Pre Evacuate Collection Set: 0.1ms
[2024-02-15T00:44:06.974+0000][7][gc,phases   ] GC(530)   Merge Heap Roots: 0.1ms
[2024-02-15T00:44:06.974+0000][7][gc,phases   ] GC(530)   Evacuate Collection Set: 1.5ms
[2024-02-15T00:44:06.974+0000][7][gc,phases   ] GC(530)   Post Evacuate Collection Set: 0.6ms
[2024-02-15T00:44:06.974+0000][7][gc,phases   ] GC(530)   Other: 0.1ms
[2024-02-15T00:44:06.974+0000][7][gc,age      ] GC(530) Age table with threshold 15 (max threshold 15)
[2024-02-15T00:44:06.974+0000][7][gc,age      ] GC(530) - age   1:    1806184 bytes,    1806184 total
[2024-02-15T00:44:06.975+0000][7][gc,age      ] GC(530) - age   2:      31600 bytes,    1837784 total
[2024-02-15T00:44:06.975+0000][7][gc,age      ] GC(530) - age   3:       1632 bytes,    1839416 total
[2024-02-15T00:44:06.975+0000][7][gc,age      ] GC(530) - age   4:     148616 bytes,    1988032 total
[2024-02-15T00:44:06.975+0000][7][gc,age      ] GC(530) - age   5:      14728 bytes,    2002760 total
[2024-02-15T00:44:06.975+0000][7][gc,age      ] GC(530) - age   6:      34112 bytes,    2036872 total
[2024-02-15T00:44:06.975+0000][7][gc,age      ] GC(530) - age   7:     176776 bytes,    2213648 total
[2024-02-15T00:44:06.975+0000][7][gc,age      ] GC(530) - age   9:     104064 bytes,    2317712 total
[2024-02-15T00:44:06.975+0000][7][gc,age      ] GC(530) - age  10:        208 bytes,    2317920 total
[2024-02-15T00:44:06.975+0000][7][gc,age      ] GC(530) - age  13:        184 bytes,    2318104 total
[2024-02-15T00:44:06.975+0000][7][gc,age      ] GC(530) - age  14:         72 bytes,    2318176 total
[2024-02-15T00:44:06.975+0000][7][gc,age      ] GC(530) - age  15:        592 bytes,    2318768 total
[2024-02-15T00:44:06.975+0000][7][gc,heap     ] GC(530) Eden regions: 152->0(152)
[2024-02-15T00:44:06.975+0000][7][gc,heap     ] GC(530) Survivor regions: 1->1(20)
[2024-02-15T00:44:06.975+0000][7][gc,heap     ] GC(530) Old regions: 26->26
[2024-02-15T00:44:06.975+0000][7][gc,heap     ] GC(530) Archive regions: 2->2
[2024-02-15T00:44:06.975+0000][7][gc,heap     ] GC(530) Humongous regions: 0->0
[2024-02-15T00:44:06.975+0000][7][gc,metaspace] GC(530) Metaspace: 129859K(133632K)->129859K(133632K) NonClass: 112880K(114880K)->112880K(114880K) Class: 16979K(18752K)->16979K(18752K)
[2024-02-15T00:44:06.975+0000][7][gc          ] GC(530) Pause Young (Normal) (G1 Evacuation Pause) 718M->110M(1024M) 2.731ms
[2024-02-15T00:44:06.975+0000][7][gc,cpu      ] GC(530) User=0.01s Sys=0.00s Real=0.00s
[2024-02-15T00:44:06.975+0000][7][safepoint   ] Safepoint "G1CollectForAllocation", Time since last: 167505388919 ns, Reaching safepoint: 111908 ns, At safepoint: 2819340 ns, Total: 2931248 ns
[2024-02-15T00:46:31.177+0000][7][gc,start    ] GC(531) Pause Young (Normal) (G1 Evacuation Pause)
[2024-02-15T00:46:31.177+0000][7][gc,task     ] GC(531) Using 8 workers of 8 for evacuation
[2024-02-15T00:46:31.177+0000][7][gc,age      ] GC(531) Desired survivor size 41943040 bytes, new threshold 15 (max threshold 15)
[2024-02-15T00:46:31.180+0000][7][gc,phases   ] GC(531)   Pre Evacuate Collection Set: 0.1ms
[2024-02-15T00:46:31.180+0000][7][gc,phases   ] GC(531)   Merge Heap Roots: 0.1ms
[2024-02-15T00:46:31.180+0000][7][gc,phases   ] GC(531)   Evacuate Collection Set: 1.7ms
[2024-02-15T00:46:31.180+0000][7][gc,phases   ] GC(531)   Post Evacuate Collection Set: 0.6ms
[2024-02-15T00:46:31.180+0000][7][gc,phases   ] GC(531)   Other: 0.1ms
[2024-02-15T00:46:31.180+0000][7][gc,age      ] GC(531) Age table with threshold 15 (max threshold 15)
[2024-02-15T00:46:31.180+0000][7][gc,age      ] GC(531) - age   1:    1724024 bytes,    1724024 total
[2024-02-15T00:46:31.180+0000][7][gc,age      ] GC(531) - age   2:       4848 bytes,    1728872 total
[2024-02-15T00:46:31.180+0000][7][gc,age      ] GC(531) - age   3:      27144 bytes,    1756016 total
[2024-02-15T00:46:31.180+0000][7][gc,age      ] GC(531) - age   4:       1248 bytes,    1757264 total
[2024-02-15T00:46:31.180+0000][7][gc,age      ] GC(531) - age   5:     148488 bytes,    1905752 total
[2024-02-15T00:46:31.180+0000][7][gc,age      ] GC(531) - age   6:      14664 bytes,    1920416 total
[2024-02-15T00:46:31.180+0000][7][gc,age      ] GC(531) - age   7:      34112 bytes,    1954528 total
[2024-02-15T00:46:31.180+0000][7][gc,age      ] GC(531) - age   8:     176776 bytes,    2131304 total
[2024-02-15T00:46:31.180+0000][7][gc,age      ] GC(531) - age  10:     104064 bytes,    2235368 total
[2024-02-15T00:46:31.180+0000][7][gc,age      ] GC(531) - age  11:        208 bytes,    2235576 total
[2024-02-15T00:46:31.180+0000][7][gc,age      ] GC(531) - age  14:        184 bytes,    2235760 total
[2024-02-15T00:46:31.180+0000][7][gc,age      ] GC(531) - age  15:         72 bytes,    2235832 total
[2024-02-15T00:46:31.180+0000][7][gc,heap     ] GC(531) Eden regions: 152->0(152)
[2024-02-15T00:46:31.180+0000][7][gc,heap     ] GC(531) Survivor regions: 1->1(20)
[2024-02-15T00:46:31.180+0000][7][gc,heap     ] GC(531) Old regions: 26->26
[2024-02-15T00:46:31.180+0000][7][gc,heap     ] GC(531) Archive regions: 2->2
[2024-02-15T00:46:31.180+0000][7][gc,heap     ] GC(531) Humongous regions: 0->0
[2024-02-15T00:46:31.180+0000][7][gc,metaspace] GC(531) Metaspace: 129859K(133632K)->129859K(133632K) NonClass: 112880K(114880K)->112880K(114880K) Class: 16979K(18752K)->16979K(18752K)
[2024-02-15T00:46:31.180+0000][7][gc          ] GC(531) Pause Young (Normal) (G1 Evacuation Pause) 718M->110M(1024M) 2.731ms
[2024-02-15T00:46:31.180+0000][7][gc,cpu      ] GC(531) User=0.01s Sys=0.00s Real=0.00s
[2024-02-15T00:46:31.180+0000][7][safepoint   ] Safepoint "G1CollectForAllocation", Time since last: 144202276981 ns, Reaching safepoint: 43678 ns, At safepoint: 2810361 ns, Total: 2854039 ns
[2024-02-15T00:49:07.498+0000][7][gc,start    ] GC(532) Pause Young (Normal) (G1 Evacuation Pause)
[2024-02-15T00:49:07.498+0000][7][gc,task     ] GC(532) Using 8 workers of 8 for evacuation
[2024-02-15T00:49:07.498+0000][7][gc,age      ] GC(532) Desired survivor size 41943040 bytes, new threshold 15 (max threshold 15)
[2024-02-15T00:49:07.500+0000][7][gc,phases   ] GC(532)   Pre Evacuate Collection Set: 0.1ms
[2024-02-15T00:49:07.500+0000][7][gc,phases   ] GC(532)   Merge Heap Roots: 0.1ms
[2024-02-15T00:49:07.500+0000][7][gc,phases   ] GC(532)   Evacuate Collection Set: 1.4ms
[2024-02-15T00:49:07.501+0000][7][gc,phases   ] GC(532)   Post Evacuate Collection Set: 0.8ms
[2024-02-15T00:49:07.501+0000][7][gc,phases   ] GC(532)   Other: 0.1ms
[2024-02-15T00:49:07.501+0000][7][gc,age      ] GC(532) Age table with threshold 15 (max threshold 15)
[2024-02-15T00:49:07.501+0000][7][gc,age      ] GC(532) - age   1:    1198968 bytes,    1198968 total
[2024-02-15T00:49:07.501+0000][7][gc,age      ] GC(532) - age   2:       3856 bytes,    1202824 total
[2024-02-15T00:49:07.501+0000][7][gc,age      ] GC(532) - age   3:       2264 bytes,    1205088 total
[2024-02-15T00:49:07.501+0000][7][gc,age      ] GC(532) - age   4:      26696 bytes,    1231784 total
[2024-02-15T00:49:07.501+0000][7][gc,age      ] GC(532) - age   5:        216 bytes,    1232000 total
[2024-02-15T00:49:07.501+0000][7][gc,age      ] GC(532) - age   6:     148304 bytes,    1380304 total
[2024-02-15T00:49:07.501+0000][7][gc,age      ] GC(532) - age   7:      14664 bytes,    1394968 total
[2024-02-15T00:49:07.501+0000][7][gc,age      ] GC(532) - age   8:      34112 bytes,    1429080 total
[2024-02-15T00:49:07.501+0000][7][gc,age      ] GC(532) - age   9:     176744 bytes,    1605824 total
[2024-02-15T00:49:07.501+0000][7][gc,age      ] GC(532) - age  11:     104064 bytes,    1709888 total
[2024-02-15T00:49:07.501+0000][7][gc,age      ] GC(532) - age  12:        208 bytes,    1710096 total
[2024-02-15T00:49:07.501+0000][7][gc,age      ] GC(532) - age  15:        184 bytes,    1710280 total
[2024-02-15T00:49:07.501+0000][7][gc,heap     ] GC(532) Eden regions: 152->0(152)
[2024-02-15T00:49:07.501+0000][7][gc,heap     ] GC(532) Survivor regions: 1->1(20)
[2024-02-15T00:49:07.501+0000][7][gc,heap     ] GC(532) Old regions: 26->26
[2024-02-15T00:49:07.501+0000][7][gc,heap     ] GC(532) Archive regions: 2->2
[2024-02-15T00:49:07.501+0000][7][gc,heap     ] GC(532) Humongous regions: 0->0
[2024-02-15T00:49:07.501+0000][7][gc,metaspace] GC(532) Metaspace: 129859K(133632K)->129859K(133632K) NonClass: 112880K(114880K)->112880K(114880K) Class: 16979K(18752K)->16979K(18752K)
[2024-02-15T00:49:07.501+0000][7][gc          ] GC(532) Pause Young (Normal) (G1 Evacuation Pause) 718M->109M(1024M) 2.842ms
[2024-02-15T00:49:07.501+0000][7][gc,cpu      ] GC(532) User=0.01s Sys=0.00s Real=0.00s
[2024-02-15T00:49:07.501+0000][7][safepoint   ] Safepoint "G1CollectForAllocation", Time since last: 156317949971 ns, Reaching safepoint: 60239 ns, At safepoint: 2940094 ns, Total: 3000333 ns
[2024-02-15T00:51:51.973+0000][7][gc,start    ] GC(533) Pause Young (Normal) (G1 Evacuation Pause)
[2024-02-15T00:51:51.974+0000][7][gc,task     ] GC(533) Using 8 workers of 8 for evacuation
[2024-02-15T00:51:51.974+0000][7][gc,age      ] GC(533) Desired survivor size 41943040 bytes, new threshold 15 (max threshold 15)
[2024-02-15T00:51:51.975+0000][7][gc,phases   ] GC(533)   Pre Evacuate Collection Set: 0.1ms
[2024-02-15T00:51:51.975+0000][7][gc,phases   ] GC(533)   Merge Heap Roots: 0.0ms
[2024-02-15T00:51:51.975+0000][7][gc,phases   ] GC(533)   Evacuate Collection Set: 0.8ms
[2024-02-15T00:51:51.975+0000][7][gc,phases   ] GC(533)   Post Evacuate Collection Set: 0.5ms
[2024-02-15T00:51:51.975+0000][7][gc,phases   ] GC(533)   Other: 0.1ms
[2024-02-15T00:51:51.975+0000][7][gc,age      ] GC(533) Age table with threshold 15 (max threshold 15)
[2024-02-15T00:51:51.975+0000][7][gc,age      ] GC(533) - age   1:    1030264 bytes,    1030264 total
[2024-02-15T00:51:51.975+0000][7][gc,age      ] GC(533) - age   2:       4296 bytes,    1034560 total
[2024-02-15T00:51:51.975+0000][7][gc,age      ] GC(533) - age   3:        856 bytes,    1035416 total
[2024-02-15T00:51:51.975+0000][7][gc,age      ] GC(533) - age   4:        856 bytes,    1036272 total
[2024-02-15T00:51:51.975+0000][7][gc,age      ] GC(533) - age   5:      22792 bytes,    1059064 total
[2024-02-15T00:51:51.975+0000][7][gc,age      ] GC(533) - age   6:        216 bytes,    1059280 total
[2024-02-15T00:51:51.975+0000][7][gc,age      ] GC(533) - age   7:     147912 bytes,    1207192 total
[2024-02-15T00:51:51.975+0000][7][gc,age      ] GC(533) - age   8:      14664 bytes,    1221856 total
[2024-02-15T00:51:51.975+0000][7][gc,age      ] GC(533) - age   9:      34112 bytes,    1255968 total
[2024-02-15T00:51:51.975+0000][7][gc,age      ] GC(533) - age  10:     176744 bytes,    1432712 total
[2024-02-15T00:51:51.975+0000][7][gc,age      ] GC(533) - age  12:     104064 bytes,    1536776 total
[2024-02-15T00:51:51.975+0000][7][gc,age      ] GC(533) - age  13:        208 bytes,    1536984 total
[2024-02-15T00:51:51.975+0000][7][gc,heap     ] GC(533) Eden regions: 152->0(152)
[2024-02-15T00:51:51.975+0000][7][gc,heap     ] GC(533) Survivor regions: 1->1(20)
[2024-02-15T00:51:51.975+0000][7][gc,heap     ] GC(533) Old regions: 26->26
[2024-02-15T00:51:51.975+0000][7][gc,heap     ] GC(533) Archive regions: 2->2
[2024-02-15T00:51:51.975+0000][7][gc,heap     ] GC(533) Humongous regions: 0->0
[2024-02-15T00:51:51.975+0000][7][gc,metaspace] GC(533) Metaspace: 129859K(133632K)->129859K(133632K) NonClass: 112880K(114880K)->112880K(114880K) Class: 16979K(18752K)->16979K(18752K)
[2024-02-15T00:51:51.975+0000][7][gc          ] GC(533) Pause Young (Normal) (G1 Evacuation Pause) 717M->109M(1024M) 1.631ms
[2024-02-15T00:51:51.975+0000][7][gc,cpu      ] GC(533) User=0.00s Sys=0.00s Real=0.00s
[2024-02-15T00:51:51.975+0000][7][safepoint   ] Safepoint "G1CollectForAllocation", Time since last: 164472650682 ns, Reaching safepoint: 54350 ns, At safepoint: 1708843 ns, Total: 1763193 ns
[2024-02-15T00:54:25.001+0000][7][gc,start    ] GC(534) Pause Young (Normal) (G1 Evacuation Pause)
[2024-02-15T00:54:25.002+0000][7][gc,task     ] GC(534) Using 8 workers of 8 for evacuation
[2024-02-15T00:54:25.002+0000][7][gc,age      ] GC(534) Desired survivor size 41943040 bytes, new threshold 15 (max threshold 15)
[2024-02-15T00:54:25.003+0000][7][gc,phases   ] GC(534)   Pre Evacuate Collection Set: 0.1ms
[2024-02-15T00:54:25.004+0000][7][gc,phases   ] GC(534)   Merge Heap Roots: 0.1ms
[2024-02-15T00:54:25.004+0000][7][gc,phases   ] GC(534)   Evacuate Collection Set: 1.0ms
[2024-02-15T00:54:25.004+0000][7][gc,phases   ] GC(534)   Post Evacuate Collection Set: 0.6ms
[2024-02-15T00:54:25.004+0000][7][gc,phases   ] GC(534)   Other: 0.1ms
[2024-02-15T00:54:25.004+0000][7][gc,age      ] GC(534) Age table with threshold 15 (max threshold 15)
[2024-02-15T00:54:25.004+0000][7][gc,age      ] GC(534) - age   1:     710088 bytes,     710088 total
[2024-02-15T00:54:25.004+0000][7][gc,age      ] GC(534) - age   2:       9016 bytes,     719104 total
[2024-02-15T00:54:25.004+0000][7][gc,age      ] GC(534) - age   3:       1552 bytes,     720656 total
[2024-02-15T00:54:25.004+0000][7][gc,age      ] GC(534) - age   4:        216 bytes,     720872 total
[2024-02-15T00:54:25.004+0000][7][gc,age      ] GC(534) - age   5:        560 bytes,     721432 total
[2024-02-15T00:54:25.004+0000][7][gc,age      ] GC(534) - age   6:      14776 bytes,     736208 total
[2024-02-15T00:54:25.004+0000][7][gc,age      ] GC(534) - age   7:        216 bytes,     736424 total
[2024-02-15T00:54:25.004+0000][7][gc,age      ] GC(534) - age   8:     147912 bytes,     884336 total
[2024-02-15T00:54:25.004+0000][7][gc,age      ] GC(534) - age   9:      14632 bytes,     898968 total
[2024-02-15T00:54:25.004+0000][7][gc,age      ] GC(534) - age  10:      34112 bytes,     933080 total
[2024-02-15T00:54:25.004+0000][7][gc,age      ] GC(534) - age  11:     176744 bytes,    1109824 total
[2024-02-15T00:54:25.004+0000][7][gc,age      ] GC(534) - age  13:     104064 bytes,    1213888 total
[2024-02-15T00:54:25.004+0000][7][gc,age      ] GC(534) - age  14:        208 bytes,    1214096 total
[2024-02-15T00:54:25.004+0000][7][gc,heap     ] GC(534) Eden regions: 152->0(152)
[2024-02-15T00:54:25.004+0000][7][gc,heap     ] GC(534) Survivor regions: 1->1(20)
[2024-02-15T00:54:25.004+0000][7][gc,heap     ] GC(534) Old regions: 26->26
[2024-02-15T00:54:25.004+0000][7][gc,heap     ] GC(534) Archive regions: 2->2
[2024-02-15T00:54:25.004+0000][7][gc,heap     ] GC(534) Humongous regions: 0->0
[2024-02-15T00:54:25.004+0000][7][gc,metaspace] GC(534) Metaspace: 129859K(133632K)->129859K(133632K) NonClass: 112880K(114880K)->112880K(114880K) Class: 16979K(18752K)->16979K(18752K)
[2024-02-15T00:54:25.004+0000][7][gc          ] GC(534) Pause Young (Normal) (G1 Evacuation Pause) 717M->109M(1024M) 2.210ms
[2024-02-15T00:54:25.004+0000][7][gc,cpu      ] GC(534) User=0.00s Sys=0.00s Real=0.00s
[2024-02-15T00:54:25.004+0000][7][safepoint   ] Safepoint "G1CollectForAllocation", Time since last: 153026205922 ns, Reaching safepoint: 52656 ns, At safepoint: 2299781 ns, Total: 2352437 ns
[2024-02-15T00:56:56.616+0000][7][gc,start    ] GC(535) Pause Young (Normal) (G1 Evacuation Pause)
[2024-02-15T00:56:56.616+0000][7][gc,task     ] GC(535) Using 8 workers of 8 for evacuation
[2024-02-15T00:56:56.616+0000][7][gc,age      ] GC(535) Desired survivor size 41943040 bytes, new threshold 15 (max threshold 15)
[2024-02-15T00:56:56.621+0000][7][gc,phases   ] GC(535)   Pre Evacuate Collection Set: 0.2ms
[2024-02-15T00:56:56.621+0000][7][gc,phases   ] GC(535)   Merge Heap Roots: 0.2ms
[2024-02-15T00:56:56.621+0000][7][gc,phases   ] GC(535)   Evacuate Collection Set: 3.7ms
[2024-02-15T00:56:56.621+0000][7][gc,phases   ] GC(535)   Post Evacuate Collection Set: 1.0ms
[2024-02-15T00:56:56.621+0000][7][gc,phases   ] GC(535)   Other: 0.2ms
[2024-02-15T00:56:56.621+0000][7][gc,age      ] GC(535) Age table with threshold 15 (max threshold 15)
[2024-02-15T00:56:56.621+0000][7][gc,age      ] GC(535) - age   1:    1379056 bytes,    1379056 total
[2024-02-15T00:56:56.621+0000][7][gc,age      ] GC(535) - age   2:      13704 bytes,    1392760 total
[2024-02-15T00:56:56.621+0000][7][gc,age      ] GC(535) - age   3:       6136 bytes,    1398896 total
[2024-02-15T00:56:56.621+0000][7][gc,age      ] GC(535) - age   4:        784 bytes,    1399680 total
[2024-02-15T00:56:56.621+0000][7][gc,age      ] GC(535) - age   5:        216 bytes,    1399896 total
[2024-02-15T00:56:56.621+0000][7][gc,age      ] GC(535) - age   6:        496 bytes,    1400392 total
[2024-02-15T00:56:56.621+0000][7][gc,age      ] GC(535) - age   7:      14776 bytes,    1415168 total
[2024-02-15T00:56:56.621+0000][7][gc,age      ] GC(535) - age   8:        216 bytes,    1415384 total
[2024-02-15T00:56:56.621+0000][7][gc,age      ] GC(535) - age   9:     147912 bytes,    1563296 total
[2024-02-15T00:56:56.621+0000][7][gc,age      ] GC(535) - age  10:      14632 bytes,    1577928 total
[2024-02-15T00:56:56.621+0000][7][gc,age      ] GC(535) - age  11:      34112 bytes,    1612040 total
[2024-02-15T00:56:56.621+0000][7][gc,age      ] GC(535) - age  12:     176744 bytes,    1788784 total
[2024-02-15T00:56:56.621+0000][7][gc,age      ] GC(535) - age  14:     104064 bytes,    1892848 total
[2024-02-15T00:56:56.621+0000][7][gc,age      ] GC(535) - age  15:        208 bytes,    1893056 total
[2024-02-15T00:56:56.621+0000][7][gc,heap     ] GC(535) Eden regions: 152->0(152)
[2024-02-15T00:56:56.621+0000][7][gc,heap     ] GC(535) Survivor regions: 1->1(20)
[2024-02-15T00:56:56.621+0000][7][gc,heap     ] GC(535) Old regions: 26->26
[2024-02-15T00:56:56.621+0000][7][gc,heap     ] GC(535) Archive regions: 2->2
[2024-02-15T00:56:56.621+0000][7][gc,heap     ] GC(535) Humongous regions: 0->0
[2024-02-15T00:56:56.621+0000][7][gc,metaspace] GC(535) Metaspace: 129859K(133632K)->129859K(133632K) NonClass: 112880K(114880K)->112880K(114880K) Class: 16979K(18752K)->16979K(18752K)
[2024-02-15T00:56:56.621+0000][7][gc          ] GC(535) Pause Young (Normal) (G1 Evacuation Pause) 717M->109M(1024M) 5.741ms
[2024-02-15T00:56:56.621+0000][7][gc,cpu      ] GC(535) User=0.01s Sys=0.00s Real=0.01s
[2024-02-15T00:56:56.621+0000][7][safepoint   ] Safepoint "G1CollectForAllocation", Time since last: 151611596284 ns, Reaching safepoint: 130150 ns, At safepoint: 5876849 ns, Total: 6006999 ns
[2024-02-15T00:59:37.320+0000][7][gc,start    ] GC(536) Pause Young (Normal) (G1 Evacuation Pause)
[2024-02-15T00:59:37.320+0000][7][gc,task     ] GC(536) Using 8 workers of 8 for evacuation
[2024-02-15T00:59:37.320+0000][7][gc,age      ] GC(536) Desired survivor size 41943040 bytes, new threshold 15 (max threshold 15)
[2024-02-15T00:59:37.322+0000][7][gc,phases   ] GC(536)   Pre Evacuate Collection Set: 0.1ms
[2024-02-15T00:59:37.322+0000][7][gc,phases   ] GC(536)   Merge Heap Roots: 0.0ms
[2024-02-15T00:59:37.322+0000][7][gc,phases   ] GC(536)   Evacuate Collection Set: 1.0ms
[2024-02-15T00:59:37.322+0000][7][gc,phases   ] GC(536)   Post Evacuate Collection Set: 0.5ms
[2024-02-15T00:59:37.322+0000][7][gc,phases   ] GC(536)   Other: 0.1ms
[2024-02-15T00:59:37.322+0000][7][gc,age      ] GC(536) Age table with threshold 15 (max threshold 15)
[2024-02-15T00:59:37.322+0000][7][gc,age      ] GC(536) - age   1:    1700984 bytes,    1700984 total
[2024-02-15T00:59:37.322+0000][7][gc,age      ] GC(536) - age   2:      13328 bytes,    1714312 total
[2024-02-15T00:59:37.322+0000][7][gc,age      ] GC(536) - age   3:        896 bytes,    1715208 total
[2024-02-15T00:59:37.322+0000][7][gc,age      ] GC(536) - age   4:       5584 bytes,    1720792 total
[2024-02-15T00:59:37.322+0000][7][gc,age      ] GC(536) - age   6:         64 bytes,    1720856 total
[2024-02-15T00:59:37.322+0000][7][gc,age      ] GC(536) - age   7:        496 bytes,    1721352 total
[2024-02-15T00:59:37.322+0000][7][gc,age      ] GC(536) - age   8:      14776 bytes,    1736128 total
[2024-02-15T00:59:37.322+0000][7][gc,age      ] GC(536) - age   9:        184 bytes,    1736312 total
[2024-02-15T00:59:37.322+0000][7][gc,age      ] GC(536) - age  10:     147912 bytes,    1884224 total
[2024-02-15T00:59:37.322+0000][7][gc,age      ] GC(536) - age  11:      14632 bytes,    1898856 total
[2024-02-15T00:59:37.322+0000][7][gc,age      ] GC(536) - age  12:      34112 bytes,    1932968 total
[2024-02-15T00:59:37.322+0000][7][gc,age      ] GC(536) - age  13:     176744 bytes,    2109712 total
[2024-02-15T00:59:37.322+0000][7][gc,age      ] GC(536) - age  15:     104064 bytes,    2213776 total
[2024-02-15T00:59:37.322+0000][7][gc,heap     ] GC(536) Eden regions: 152->0(152)
[2024-02-15T00:59:37.322+0000][7][gc,heap     ] GC(536) Survivor regions: 1->1(20)
[2024-02-15T00:59:37.322+0000][7][gc,heap     ] GC(536) Old regions: 26->26
[2024-02-15T00:59:37.322+0000][7][gc,heap     ] GC(536) Archive regions: 2->2
[2024-02-15T00:59:37.322+0000][7][gc,heap     ] GC(536) Humongous regions: 0->0
[2024-02-15T00:59:37.322+0000][7][gc,metaspace] GC(536) Metaspace: 129859K(133632K)->129859K(133632K) NonClass: 112880K(114880K)->112880K(114880K) Class: 16979K(18752K)->16979K(18752K)
[2024-02-15T00:59:37.322+0000][7][gc          ] GC(536) Pause Young (Normal) (G1 Evacuation Pause) 717M->110M(1024M) 1.947ms
[2024-02-15T00:59:37.322+0000][7][gc,cpu      ] GC(536) User=0.01s Sys=0.00s Real=0.00s
[2024-02-15T00:59:37.322+0000][7][safepoint   ] Safepoint "G1CollectForAllocation", Time since last: 160698634032 ns, Reaching safepoint: 42346 ns, At safepoint: 2017914 ns, Total: 2060260 ns
[2024-02-15T01:00:26.327+0000][7][safepoint   ] Safepoint "Cleanup", Time since last: 49005374256 ns, Reaching safepoint: 59983 ns, At safepoint: 9148 ns, Total: 69131 ns
[2024-02-15T01:02:24.973+0000][7][gc,start    ] GC(537) Pause Young (Normal) (G1 Evacuation Pause)
[2024-02-15T01:02:24.973+0000][7][gc,task     ] GC(537) Using 8 workers of 8 for evacuation
[2024-02-15T01:02:24.973+0000][7][gc,age      ] GC(537) Desired survivor size 41943040 bytes, new threshold 15 (max threshold 15)
[2024-02-15T01:02:24.975+0000][7][gc,phases   ] GC(537)   Pre Evacuate Collection Set: 0.1ms
[2024-02-15T01:02:24.975+0000][7][gc,phases   ] GC(537)   Merge Heap Roots: 0.0ms
[2024-02-15T01:02:24.975+0000][7][gc,phases   ] GC(537)   Evacuate Collection Set: 0.9ms
[2024-02-15T01:02:24.975+0000][7][gc,phases   ] GC(537)   Post Evacuate Collection Set: 0.5ms
[2024-02-15T01:02:24.975+0000][7][gc,phases   ] GC(537)   Other: 0.1ms
[2024-02-15T01:02:24.975+0000][7][gc,age      ] GC(537) Age table with threshold 15 (max threshold 15)
[2024-02-15T01:02:24.975+0000][7][gc,age      ] GC(537) - age   1:    1222696 bytes,    1222696 total
[2024-02-15T01:02:24.975+0000][7][gc,age      ] GC(537) - age   2:       3832 bytes,    1226528 total
[2024-02-15T01:02:24.975+0000][7][gc,age      ] GC(537) - age   3:       1320 bytes,    1227848 total
[2024-02-15T01:02:24.975+0000][7][gc,age      ] GC(537) - age   4:         64 bytes,    1227912 total
[2024-02-15T01:02:24.975+0000][7][gc,age      ] GC(537) - age   5:       1936 bytes,    1229848 total
[2024-02-15T01:02:24.975+0000][7][gc,age      ] GC(537) - age   8:        368 bytes,    1230216 total
[2024-02-15T01:02:24.975+0000][7][gc,age      ] GC(537) - age   9:      14392 bytes,    1244608 total
[2024-02-15T01:02:24.975+0000][7][gc,age      ] GC(537) - age  10:        184 bytes,    1244792 total
[2024-02-15T01:02:24.975+0000][7][gc,age      ] GC(537) - age  11:     147912 bytes,    1392704 total
[2024-02-15T01:02:24.975+0000][7][gc,age      ] GC(537) - age  12:      14432 bytes,    1407136 total
[2024-02-15T01:02:24.975+0000][7][gc,age      ] GC(537) - age  13:      34112 bytes,    1441248 total
[2024-02-15T01:02:24.975+0000][7][gc,age      ] GC(537) - age  14:     176744 bytes,    1617992 total
[2024-02-15T01:02:24.975+0000][7][gc,heap     ] GC(537) Eden regions: 152->0(152)
[2024-02-15T01:02:24.975+0000][7][gc,heap     ] GC(537) Survivor regions: 1->1(20)
[2024-02-15T01:02:24.975+0000][7][gc,heap     ] GC(537) Old regions: 26->27
[2024-02-15T01:02:24.975+0000][7][gc,heap     ] GC(537) Archive regions: 2->2
[2024-02-15T01:02:24.975+0000][7][gc,heap     ] GC(537) Humongous regions: 0->0
[2024-02-15T01:02:24.975+0000][7][gc,metaspace] GC(537) Metaspace: 129860K(133632K)->129860K(133632K) NonClass: 112880K(114880K)->112880K(114880K) Class: 16979K(18752K)->16979K(18752K)
[2024-02-15T01:02:24.975+0000][7][gc          ] GC(537) Pause Young (Normal) (G1 Evacuation Pause) 718M->109M(1024M) 1.784ms
[2024-02-15T01:02:24.975+0000][7][gc,cpu      ] GC(537) User=0.01s Sys=0.00s Real=0.00s
[2024-02-15T01:02:24.975+0000][7][safepoint   ] Safepoint "G1CollectForAllocation", Time since last: 118645534180 ns, Reaching safepoint: 30285 ns, At safepoint: 1848404 ns, Total: 1878689 ns
[2024-02-15T01:03:56.983+0000][7][safepoint   ] Safepoint "Cleanup", Time since last: 92008413986 ns, Reaching safepoint: 82511 ns, At safepoint: 43100 ns, Total: 125611 ns
[2024-02-15T01:04:56.545+0000][7][gc,start    ] GC(538) Pause Young (Normal) (G1 Evacuation Pause)
[2024-02-15T01:04:56.545+0000][7][gc,task     ] GC(538) Using 8 workers of 8 for evacuation
[2024-02-15T01:04:56.545+0000][7][gc,age      ] GC(538) Desired survivor size 41943040 bytes, new threshold 15 (max threshold 15)
[2024-02-15T01:04:56.547+0000][7][gc,phases   ] GC(538)   Pre Evacuate Collection Set: 0.1ms
[2024-02-15T01:04:56.547+0000][7][gc,phases   ] GC(538)   Merge Heap Roots: 0.1ms
[2024-02-15T01:04:56.547+0000][7][gc,phases   ] GC(538)   Evacuate Collection Set: 0.8ms
[2024-02-15T01:04:56.547+0000][7][gc,phases   ] GC(538)   Post Evacuate Collection Set: 0.7ms
[2024-02-15T01:04:56.547+0000][7][gc,phases   ] GC(538)   Other: 0.1ms
[2024-02-15T01:04:56.547+0000][7][gc,age      ] GC(538) Age table with threshold 15 (max threshold 15)
[2024-02-15T01:04:56.547+0000][7][gc,age      ] GC(538) - age   1:     631664 bytes,     631664 total
[2024-02-15T01:04:56.547+0000][7][gc,age      ] GC(538) - age   2:      17840 bytes,     649504 total
[2024-02-15T01:04:56.547+0000][7][gc,age      ] GC(538) - age   3:       1208 bytes,     650712 total
[2024-02-15T01:04:56.547+0000][7][gc,age      ] GC(538) - age   4:        320 bytes,     651032 total
[2024-02-15T01:04:56.547+0000][7][gc,age      ] GC(538) - age   6:       1416 bytes,     652448 total
[2024-02-15T01:04:56.547+0000][7][gc,age      ] GC(538) - age   9:        368 bytes,     652816 total
[2024-02-15T01:04:56.547+0000][7][gc,age      ] GC(538) - age  10:      14392 bytes,     667208 total
[2024-02-15T01:04:56.547+0000][7][gc,age      ] GC(538) - age  11:        184 bytes,     667392 total
[2024-02-15T01:04:56.547+0000][7][gc,age      ] GC(538) - age  12:     147912 bytes,     815304 total
[2024-02-15T01:04:56.547+0000][7][gc,age      ] GC(538) - age  13:      14248 bytes,     829552 total
[2024-02-15T01:04:56.547+0000][7][gc,age      ] GC(538) - age  14:      34112 bytes,     863664 total
[2024-02-15T01:04:56.547+0000][7][gc,age      ] GC(538) - age  15:     176744 bytes,    1040408 total
[2024-02-15T01:04:56.547+0000][7][gc,heap     ] GC(538) Eden regions: 152->0(152)
[2024-02-15T01:04:56.547+0000][7][gc,heap     ] GC(538) Survivor regions: 1->1(20)
[2024-02-15T01:04:56.547+0000][7][gc,heap     ] GC(538) Old regions: 27->27
[2024-02-15T01:04:56.547+0000][7][gc,heap     ] GC(538) Archive regions: 2->2
[2024-02-15T01:04:56.547+0000][7][gc,heap     ] GC(538) Humongous regions: 0->0
[2024-02-15T01:04:56.547+0000][7][gc,metaspace] GC(538) Metaspace: 129860K(133632K)->129860K(133632K) NonClass: 112880K(114880K)->112880K(114880K) Class: 16979K(18752K)->16979K(18752K)
[2024-02-15T01:04:56.547+0000][7][gc          ] GC(538) Pause Young (Normal) (G1 Evacuation Pause) 717M->109M(1024M) 2.075ms
[2024-02-15T01:04:56.547+0000][7][gc,cpu      ] GC(538) User=0.01s Sys=0.00s Real=0.00s
[2024-02-15T01:04:56.547+0000][7][safepoint   ] Safepoint "G1CollectForAllocation", Time since last: 59561317152 ns, Reaching safepoint: 53662 ns, At safepoint: 2161515 ns, Total: 2215177 ns
[2024-02-15T01:07:12.973+0000][7][gc,start    ] GC(539) Pause Young (Normal) (G1 Evacuation Pause)
[2024-02-15T01:07:12.973+0000][7][gc,task     ] GC(539) Using 8 workers of 8 for evacuation
[2024-02-15T01:07:12.973+0000][7][gc,age      ] GC(539) Desired survivor size 41943040 bytes, new threshold 15 (max threshold 15)
[2024-02-15T01:07:12.976+0000][7][gc,phases   ] GC(539)   Pre Evacuate Collection Set: 0.1ms
[2024-02-15T01:07:12.976+0000][7][gc,phases   ] GC(539)   Merge Heap Roots: 0.1ms
[2024-02-15T01:07:12.976+0000][7][gc,phases   ] GC(539)   Evacuate Collection Set: 2.0ms
[2024-02-15T01:07:12.976+0000][7][gc,phases   ] GC(539)   Post Evacuate Collection Set: 0.7ms
[2024-02-15T01:07:12.976+0000][7][gc,phases   ] GC(539)   Other: 0.1ms
[2024-02-15T01:07:12.976+0000][7][gc,age      ] GC(539) Age table with threshold 15 (max threshold 15)
[2024-02-15T01:07:12.976+0000][7][gc,age      ] GC(539) - age   1:    1314120 bytes,    1314120 total
[2024-02-15T01:07:12.976+0000][7][gc,age      ] GC(539) - age   2:       4520 bytes,    1318640 total
[2024-02-15T01:07:12.976+0000][7][gc,age      ] GC(539) - age   3:      13688 bytes,    1332328 total
[2024-02-15T01:07:12.976+0000][7][gc,age      ] GC(539) - age   4:       1024 bytes,    1333352 total
[2024-02-15T01:07:12.976+0000][7][gc,age      ] GC(539) - age   7:       1416 bytes,    1334768 total
[2024-02-15T01:07:12.976+0000][7][gc,age      ] GC(539) - age  10:        368 bytes,    1335136 total
[2024-02-15T01:07:12.976+0000][7][gc,age      ] GC(539) - age  11:      14392 bytes,    1349528 total
[2024-02-15T01:07:12.976+0000][7][gc,age      ] GC(539) - age  12:        184 bytes,    1349712 total
[2024-02-15T01:07:12.976+0000][7][gc,age      ] GC(539) - age  13:     147912 bytes,    1497624 total
[2024-02-15T01:07:12.976+0000][7][gc,age      ] GC(539) - age  14:      14248 bytes,    1511872 total
[2024-02-15T01:07:12.976+0000][7][gc,age      ] GC(539) - age  15:      34112 bytes,    1545984 total
[2024-02-15T01:07:12.977+0000][7][gc,heap     ] GC(539) Eden regions: 152->0(152)
[2024-02-15T01:07:12.977+0000][7][gc,heap     ] GC(539) Survivor regions: 1->1(20)
[2024-02-15T01:07:12.977+0000][7][gc,heap     ] GC(539) Old regions: 27->27
[2024-02-15T01:07:12.977+0000][7][gc,heap     ] GC(539) Archive regions: 2->2
[2024-02-15T01:07:12.977+0000][7][gc,heap     ] GC(539) Humongous regions: 0->0
[2024-02-15T01:07:12.977+0000][7][gc,metaspace] GC(539) Metaspace: 129860K(133632K)->129860K(133632K) NonClass: 112880K(114880K)->112880K(114880K) Class: 16979K(18752K)->16979K(18752K)
[2024-02-15T01:07:12.977+0000][7][gc          ] GC(539) Pause Young (Normal) (G1 Evacuation Pause) 717M->109M(1024M) 3.235ms
[2024-02-15T01:07:12.977+0000][7][gc,cpu      ] GC(539) User=0.01s Sys=0.00s Real=0.01s
[2024-02-15T01:07:12.977+0000][7][safepoint   ] Safepoint "G1CollectForAllocation", Time since last: 136426330101 ns, Reaching safepoint: 35964 ns, At safepoint: 3341025 ns, Total: 3376989 ns
[2024-02-15T01:09:46.848+0000][7][gc,start    ] GC(540) Pause Young (Normal) (G1 Evacuation Pause)
[2024-02-15T01:09:46.848+0000][7][gc,task     ] GC(540) Using 8 workers of 8 for evacuation
[2024-02-15T01:09:46.848+0000][7][gc,age      ] GC(540) Desired survivor size 41943040 bytes, new threshold 15 (max threshold 15)
[2024-02-15T01:09:46.850+0000][7][gc,phases   ] GC(540)   Pre Evacuate Collection Set: 0.1ms
[2024-02-15T01:09:46.850+0000][7][gc,phases   ] GC(540)   Merge Heap Roots: 0.1ms
[2024-02-15T01:09:46.850+0000][7][gc,phases   ] GC(540)   Evacuate Collection Set: 1.1ms
[2024-02-15T01:09:46.850+0000][7][gc,phases   ] GC(540)   Post Evacuate Collection Set: 0.7ms
[2024-02-15T01:09:46.850+0000][7][gc,phases   ] GC(540)   Other: 0.1ms
[2024-02-15T01:09:46.850+0000][7][gc,age      ] GC(540) Age table with threshold 15 (max threshold 15)
[2024-02-15T01:09:46.850+0000][7][gc,age      ] GC(540) - age   1:    1028104 bytes,    1028104 total
[2024-02-15T01:09:46.850+0000][7][gc,age      ] GC(540) - age   2:       4096 bytes,    1032200 total
[2024-02-15T01:09:46.850+0000][7][gc,age      ] GC(540) - age   3:       1216 bytes,    1033416 total
[2024-02-15T01:09:46.850+0000][7][gc,age      ] GC(540) - age   4:       4672 bytes,    1038088 total
[2024-02-15T01:09:46.850+0000][7][gc,age      ] GC(540) - age   5:        216 bytes,    1038304 total
[2024-02-15T01:09:46.850+0000][7][gc,age      ] GC(540) - age   8:       1416 bytes,    1039720 total
[2024-02-15T01:09:46.850+0000][7][gc,age      ] GC(540) - age  11:        184 bytes,    1039904 total
[2024-02-15T01:09:46.850+0000][7][gc,age      ] GC(540) - age  12:      14392 bytes,    1054296 total
[2024-02-15T01:09:46.850+0000][7][gc,age      ] GC(540) - age  13:        184 bytes,    1054480 total
[2024-02-15T01:09:46.850+0000][7][gc,age      ] GC(540) - age  14:     147912 bytes,    1202392 total
[2024-02-15T01:09:46.850+0000][7][gc,age      ] GC(540) - age  15:      14248 bytes,    1216640 total
[2024-02-15T01:09:46.850+0000][7][gc,heap     ] GC(540) Eden regions: 152->0(152)
[2024-02-15T01:09:46.850+0000][7][gc,heap     ] GC(540) Survivor regions: 1->1(20)
[2024-02-15T01:09:46.850+0000][7][gc,heap     ] GC(540) Old regions: 27->27
[2024-02-15T01:09:46.850+0000][7][gc,heap     ] GC(540) Archive regions: 2->2
[2024-02-15T01:09:46.850+0000][7][gc,heap     ] GC(540) Humongous regions: 0->0
[2024-02-15T01:09:46.850+0000][7][gc,metaspace] GC(540) Metaspace: 129860K(133632K)->129860K(133632K) NonClass: 112880K(114880K)->112880K(114880K) Class: 16979K(18752K)->16979K(18752K)
[2024-02-15T01:09:46.850+0000][7][gc          ] GC(540) Pause Young (Normal) (G1 Evacuation Pause) 717M->109M(1024M) 2.544ms
[2024-02-15T01:09:46.850+0000][7][gc,cpu      ] GC(540) User=0.01s Sys=0.00s Real=0.00s
[2024-02-15T01:09:46.851+0000][7][safepoint   ] Safepoint "G1CollectForAllocation", Time since last: 153871149109 ns, Reaching safepoint: 62242 ns, At safepoint: 2639559 ns, Total: 2701801 ns
[2024-02-15T01:10:19.853+0000][7][safepoint   ] Safepoint "Cleanup", Time since last: 33002635052 ns, Reaching safepoint: 46849 ns, At safepoint: 4550 ns, Total: 51399 ns
[2024-02-15T01:12:25.018+0000][7][gc,start    ] GC(541) Pause Young (Normal) (G1 Evacuation Pause)
[2024-02-15T01:12:25.019+0000][7][gc,task     ] GC(541) Using 8 workers of 8 for evacuation
[2024-02-15T01:12:25.019+0000][7][gc,age      ] GC(541) Desired survivor size 41943040 bytes, new threshold 15 (max threshold 15)
[2024-02-15T01:12:25.020+0000][7][gc,phases   ] GC(541)   Pre Evacuate Collection Set: 0.1ms
[2024-02-15T01:12:25.020+0000][7][gc,phases   ] GC(541)   Merge Heap Roots: 0.1ms
[2024-02-15T01:12:25.020+0000][7][gc,phases   ] GC(541)   Evacuate Collection Set: 0.7ms
[2024-02-15T01:12:25.020+0000][7][gc,phases   ] GC(541)   Post Evacuate Collection Set: 0.6ms
[2024-02-15T01:12:25.020+0000][7][gc,phases   ] GC(541)   Other: 0.1ms
[2024-02-15T01:12:25.020+0000][7][gc,age      ] GC(541) Age table with threshold 15 (max threshold 15)
[2024-02-15T01:12:25.020+0000][7][gc,age      ] GC(541) - age   1:     635864 bytes,     635864 total
[2024-02-15T01:12:25.020+0000][7][gc,age      ] GC(541) - age   2:      12952 bytes,     648816 total
[2024-02-15T01:12:25.020+0000][7][gc,age      ] GC(541) - age   3:       1256 bytes,     650072 total
[2024-02-15T01:12:25.020+0000][7][gc,age      ] GC(541) - age   4:        640 bytes,     650712 total
[2024-02-15T01:12:25.020+0000][7][gc,age      ] GC(541) - age   5:        960 bytes,     651672 total
[2024-02-15T01:12:25.020+0000][7][gc,age      ] GC(541) - age   6:        216 bytes,     651888 total
[2024-02-15T01:12:25.020+0000][7][gc,age      ] GC(541) - age   9:       1416 bytes,     653304 total
[2024-02-15T01:12:25.020+0000][7][gc,age      ] GC(541) - age  12:        184 bytes,     653488 total
[2024-02-15T01:12:25.020+0000][7][gc,age      ] GC(541) - age  13:      14392 bytes,     667880 total
[2024-02-15T01:12:25.020+0000][7][gc,age      ] GC(541) - age  14:        184 bytes,     668064 total
[2024-02-15T01:12:25.020+0000][7][gc,age      ] GC(541) - age  15:     147728 bytes,     815792 total
[2024-02-15T01:12:25.020+0000][7][gc,heap     ] GC(541) Eden regions: 152->0(152)
[2024-02-15T01:12:25.020+0000][7][gc,heap     ] GC(541) Survivor regions: 1->1(20)
[2024-02-15T01:12:25.020+0000][7][gc,heap     ] GC(541) Old regions: 27->27
[2024-02-15T01:12:25.020+0000][7][gc,heap     ] GC(541) Archive regions: 2->2
[2024-02-15T01:12:25.020+0000][7][gc,heap     ] GC(541) Humongous regions: 0->0
[2024-02-15T01:12:25.020+0000][7][gc,metaspace] GC(541) Metaspace: 129860K(133632K)->129860K(133632K) NonClass: 112880K(114880K)->112880K(114880K) Class: 16979K(18752K)->16979K(18752K)
[2024-02-15T01:12:25.020+0000][7][gc          ] GC(541) Pause Young (Normal) (G1 Evacuation Pause) 717M->109M(1024M) 1.805ms
[2024-02-15T01:12:25.020+0000][7][gc,cpu      ] GC(541) User=0.00s Sys=0.00s Real=0.00s
[2024-02-15T01:12:25.020+0000][7][safepoint   ] Safepoint "G1CollectForAllocation", Time since last: 125165182353 ns, Reaching safepoint: 39298 ns, At safepoint: 1885718 ns, Total: 1925016 ns
[2024-02-15T01:14:58.173+0000][7][gc,start    ] GC(542) Pause Young (Normal) (G1 Evacuation Pause)
[2024-02-15T01:14:58.174+0000][7][gc,task     ] GC(542) Using 8 workers of 8 for evacuation
[2024-02-15T01:14:58.174+0000][7][gc,age      ] GC(542) Desired survivor size 41943040 bytes, new threshold 15 (max threshold 15)
[2024-02-15T01:14:58.175+0000][7][gc,phases   ] GC(542)   Pre Evacuate Collection Set: 0.1ms
[2024-02-15T01:14:58.175+0000][7][gc,phases   ] GC(542)   Merge Heap Roots: 0.0ms
[2024-02-15T01:14:58.175+0000][7][gc,phases   ] GC(542)   Evacuate Collection Set: 1.0ms
[2024-02-15T01:14:58.175+0000][7][gc,phases   ] GC(542)   Post Evacuate Collection Set: 0.6ms
[2024-02-15T01:14:58.175+0000][7][gc,phases   ] GC(542)   Other: 0.1ms
[2024-02-15T01:14:58.175+0000][7][gc,age      ] GC(542) Age table with threshold 15 (max threshold 15)
[2024-02-15T01:14:58.175+0000][7][gc,age      ] GC(542) - age   1:    2145752 bytes,    2145752 total
[2024-02-15T01:14:58.175+0000][7][gc,age      ] GC(542) - age   2:      11664 bytes,    2157416 total
[2024-02-15T01:14:58.175+0000][7][gc,age      ] GC(542) - age   3:       9264 bytes,    2166680 total
[2024-02-15T01:14:58.175+0000][7][gc,age      ] GC(542) - age   4:        384 bytes,    2167064 total
[2024-02-15T01:14:58.175+0000][7][gc,age      ] GC(542) - age   5:        576 bytes,    2167640 total
[2024-02-15T01:14:58.175+0000][7][gc,age      ] GC(542) - age   6:        896 bytes,    2168536 total
[2024-02-15T01:14:58.175+0000][7][gc,age      ] GC(542) - age   7:        216 bytes,    2168752 total
[2024-02-15T01:14:58.175+0000][7][gc,age      ] GC(542) - age  10:       1416 bytes,    2170168 total
[2024-02-15T01:14:58.175+0000][7][gc,age      ] GC(542) - age  13:        184 bytes,    2170352 total
[2024-02-15T01:14:58.175+0000][7][gc,age      ] GC(542) - age  14:      14392 bytes,    2184744 total
[2024-02-15T01:14:58.175+0000][7][gc,age      ] GC(542) - age  15:        184 bytes,    2184928 total
[2024-02-15T01:14:58.175+0000][7][gc,heap     ] GC(542) Eden regions: 152->0(152)
[2024-02-15T01:14:58.175+0000][7][gc,heap     ] GC(542) Survivor regions: 1->1(20)
[2024-02-15T01:14:58.175+0000][7][gc,heap     ] GC(542) Old regions: 27->27
[2024-02-15T01:14:58.175+0000][7][gc,heap     ] GC(542) Archive regions: 2->2
[2024-02-15T01:14:58.175+0000][7][gc,heap     ] GC(542) Humongous regions: 0->0
[2024-02-15T01:14:58.175+0000][7][gc,metaspace] GC(542) Metaspace: 129860K(133632K)->129860K(133632K) NonClass: 112880K(114880K)->112880K(114880K) Class: 16979K(18752K)->16979K(18752K)
[2024-02-15T01:14:58.175+0000][7][gc          ] GC(542) Pause Young (Normal) (G1 Evacuation Pause) 717M->110M(1024M) 1.959ms
[2024-02-15T01:14:58.175+0000][7][gc,cpu      ] GC(542) User=0.01s Sys=0.00s Real=0.00s
[2024-02-15T01:14:58.175+0000][7][safepoint   ] Safepoint "G1CollectForAllocation", Time since last: 153153103314 ns, Reaching safepoint: 42633 ns, At safepoint: 2033385 ns, Total: 2076018 ns
[2024-02-15T01:17:43.029+0000][7][gc,start    ] GC(543) Pause Young (Normal) (G1 Evacuation Pause)
[2024-02-15T01:17:43.029+0000][7][gc,task     ] GC(543) Using 8 workers of 8 for evacuation
[2024-02-15T01:17:43.029+0000][7][gc,age      ] GC(543) Desired survivor size 41943040 bytes, new threshold 15 (max threshold 15)
[2024-02-15T01:17:43.031+0000][7][gc,phases   ] GC(543)   Pre Evacuate Collection Set: 0.1ms
[2024-02-15T01:17:43.031+0000][7][gc,phases   ] GC(543)   Merge Heap Roots: 0.1ms
[2024-02-15T01:17:43.031+0000][7][gc,phases   ] GC(543)   Evacuate Collection Set: 1.2ms
[2024-02-15T01:17:43.031+0000][7][gc,phases   ] GC(543)   Post Evacuate Collection Set: 0.7ms
[2024-02-15T01:17:43.031+0000][7][gc,phases   ] GC(543)   Other: 0.1ms
[2024-02-15T01:17:43.031+0000][7][gc,age      ] GC(543) Age table with threshold 15 (max threshold 15)
[2024-02-15T01:17:43.031+0000][7][gc,age      ] GC(543) - age   1:    1202072 bytes,    1202072 total
[2024-02-15T01:17:43.031+0000][7][gc,age      ] GC(543) - age   2:       5128 bytes,    1207200 total
[2024-02-15T01:17:43.031+0000][7][gc,age      ] GC(543) - age   3:       9256 bytes,    1216456 total
[2024-02-15T01:17:43.031+0000][7][gc,age      ] GC(543) - age   4:       8384 bytes,    1224840 total
[2024-02-15T01:17:43.031+0000][7][gc,age      ] GC(543) - age   5:        128 bytes,    1224968 total
[2024-02-15T01:17:43.031+0000][7][gc,age      ] GC(543) - age   6:        576 bytes,    1225544 total
[2024-02-15T01:17:43.031+0000][7][gc,age      ] GC(543) - age   7:        712 bytes,    1226256 total
[2024-02-15T01:17:43.031+0000][7][gc,age      ] GC(543) - age   8:        184 bytes,    1226440 total
[2024-02-15T01:17:43.031+0000][7][gc,age      ] GC(543) - age  11:       1416 bytes,    1227856 total
[2024-02-15T01:17:43.031+0000][7][gc,age      ] GC(543) - age  14:        184 bytes,    1228040 total
[2024-02-15T01:17:43.031+0000][7][gc,age      ] GC(543) - age  15:      14392 bytes,    1242432 total
[2024-02-15T01:17:43.031+0000][7][gc,heap     ] GC(543) Eden regions: 152->0(152)
[2024-02-15T01:17:43.031+0000][7][gc,heap     ] GC(543) Survivor regions: 1->1(20)
[2024-02-15T01:17:43.031+0000][7][gc,heap     ] GC(543) Old regions: 27->27
[2024-02-15T01:17:43.031+0000][7][gc,heap     ] GC(543) Archive regions: 2->2
[2024-02-15T01:17:43.031+0000][7][gc,heap     ] GC(543) Humongous regions: 0->0
[2024-02-15T01:17:43.031+0000][7][gc,metaspace] GC(543) Metaspace: 129860K(133632K)->129860K(133632K) NonClass: 112880K(114880K)->112880K(114880K) Class: 16979K(18752K)->16979K(18752K)
[2024-02-15T01:17:43.031+0000][7][gc          ] GC(543) Pause Young (Normal) (G1 Evacuation Pause) 718M->109M(1024M) 2.482ms
[2024-02-15T01:17:43.031+0000][7][gc,cpu      ] GC(543) User=0.01s Sys=0.00s Real=0.00s
[2024-02-15T01:17:43.031+0000][7][safepoint   ] Safepoint "G1CollectForAllocation", Time since last: 164853079242 ns, Reaching safepoint: 38246 ns, At safepoint: 2570838 ns, Total: 2609084 ns
[2024-02-15T01:20:16.504+0000][7][gc,start    ] GC(544) Pause Young (Normal) (G1 Evacuation Pause)
[2024-02-15T01:20:16.504+0000][7][gc,task     ] GC(544) Using 8 workers of 8 for evacuation
[2024-02-15T01:20:16.504+0000][7][gc,age      ] GC(544) Desired survivor size 41943040 bytes, new threshold 15 (max threshold 15)
[2024-02-15T01:20:16.506+0000][7][gc,phases   ] GC(544)   Pre Evacuate Collection Set: 0.1ms
[2024-02-15T01:20:16.506+0000][7][gc,phases   ] GC(544)   Merge Heap Roots: 0.1ms
[2024-02-15T01:20:16.506+0000][7][gc,phases   ] GC(544)   Evacuate Collection Set: 1.1ms
[2024-02-15T01:20:16.506+0000][7][gc,phases   ] GC(544)   Post Evacuate Collection Set: 0.6ms
[2024-02-15T01:20:16.506+0000][7][gc,phases   ] GC(544)   Other: 0.1ms
[2024-02-15T01:20:16.506+0000][7][gc,age      ] GC(544) Age table with threshold 15 (max threshold 15)
[2024-02-15T01:20:16.506+0000][7][gc,age      ] GC(544) - age   1:     829488 bytes,     829488 total
[2024-02-15T01:20:16.506+0000][7][gc,age      ] GC(544) - age   2:      13376 bytes,     842864 total
[2024-02-15T01:20:16.506+0000][7][gc,age      ] GC(544) - age   3:        824 bytes,     843688 total
[2024-02-15T01:20:16.506+0000][7][gc,age      ] GC(544) - age   4:       5520 bytes,     849208 total
[2024-02-15T01:20:16.506+0000][7][gc,age      ] GC(544) - age   5:        368 bytes,     849576 total
[2024-02-15T01:20:16.506+0000][7][gc,age      ] GC(544) - age   6:         64 bytes,     849640 total
[2024-02-15T01:20:16.506+0000][7][gc,age      ] GC(544) - age   8:        328 bytes,     849968 total
[2024-02-15T01:20:16.506+0000][7][gc,age      ] GC(544) - age   9:        184 bytes,     850152 total
[2024-02-15T01:20:16.506+0000][7][gc,age      ] GC(544) - age  12:       1416 bytes,     851568 total
[2024-02-15T01:20:16.506+0000][7][gc,heap     ] GC(544) Eden regions: 152->0(152)
[2024-02-15T01:20:16.506+0000][7][gc,heap     ] GC(544) Survivor regions: 1->1(20)
[2024-02-15T01:20:16.506+0000][7][gc,heap     ] GC(544) Old regions: 27->27
[2024-02-15T01:20:16.506+0000][7][gc,heap     ] GC(544) Archive regions: 2->2
[2024-02-15T01:20:16.506+0000][7][gc,heap     ] GC(544) Humongous regions: 0->0
[2024-02-15T01:20:16.506+0000][7][gc,metaspace] GC(544) Metaspace: 129860K(133632K)->129860K(133632K) NonClass: 112880K(114880K)->112880K(114880K) Class: 16979K(18752K)->16979K(18752K)
[2024-02-15T01:20:16.506+0000][7][gc          ] GC(544) Pause Young (Normal) (G1 Evacuation Pause) 717M->109M(1024M) 2.275ms
[2024-02-15T01:20:16.506+0000][7][gc,cpu      ] GC(544) User=0.01s Sys=0.00s Real=0.01s
[2024-02-15T01:20:16.506+0000][7][safepoint   ] Safepoint "G1CollectForAllocation", Time since last: 153472281466 ns, Reaching safepoint: 42454 ns, At safepoint: 2368638 ns, Total: 2411092 ns
[2024-02-15T01:22:49.068+0000][7][gc,start    ] GC(545) Pause Young (Normal) (G1 Evacuation Pause)
[2024-02-15T01:22:49.069+0000][7][gc,task     ] GC(545) Using 8 workers of 8 for evacuation
[2024-02-15T01:22:49.069+0000][7][gc,age      ] GC(545) Desired survivor size 41943040 bytes, new threshold 15 (max threshold 15)
[2024-02-15T01:22:49.071+0000][7][gc,phases   ] GC(545)   Pre Evacuate Collection Set: 0.1ms
[2024-02-15T01:22:49.071+0000][7][gc,phases   ] GC(545)   Merge Heap Roots: 0.1ms
[2024-02-15T01:22:49.071+0000][7][gc,phases   ] GC(545)   Evacuate Collection Set: 0.9ms
[2024-02-15T01:22:49.071+0000][7][gc,phases   ] GC(545)   Post Evacuate Collection Set: 0.7ms
[2024-02-15T01:22:49.071+0000][7][gc,phases   ] GC(545)   Other: 0.1ms
[2024-02-15T01:22:49.071+0000][7][gc,age      ] GC(545) Age table with threshold 15 (max threshold 15)
[2024-02-15T01:22:49.071+0000][7][gc,age      ] GC(545) - age   1:     661464 bytes,     661464 total
[2024-02-15T01:22:49.071+0000][7][gc,age      ] GC(545) - age   2:       8392 bytes,     669856 total
[2024-02-15T01:22:49.071+0000][7][gc,age      ] GC(545) - age   3:       9296 bytes,     679152 total
[2024-02-15T01:22:49.071+0000][7][gc,age      ] GC(545) - age   4:        504 bytes,     679656 total
[2024-02-15T01:22:49.071+0000][7][gc,age      ] GC(545) - age   5:       5520 bytes,     685176 total
[2024-02-15T01:22:49.071+0000][7][gc,age      ] GC(545) - age   6:        368 bytes,     685544 total
[2024-02-15T01:22:49.071+0000][7][gc,age      ] GC(545) - age   7:         64 bytes,     685608 total
[2024-02-15T01:22:49.071+0000][7][gc,age      ] GC(545) - age   9:        328 bytes,     685936 total
[2024-02-15T01:22:49.071+0000][7][gc,age      ] GC(545) - age  10:        184 bytes,     686120 total
[2024-02-15T01:22:49.071+0000][7][gc,age      ] GC(545) - age  13:       1416 bytes,     687536 total
[2024-02-15T01:22:49.071+0000][7][gc,heap     ] GC(545) Eden regions: 152->0(152)
[2024-02-15T01:22:49.071+0000][7][gc,heap     ] GC(545) Survivor regions: 1->1(20)
[2024-02-15T01:22:49.071+0000][7][gc,heap     ] GC(545) Old regions: 27->27
[2024-02-15T01:22:49.071+0000][7][gc,heap     ] GC(545) Archive regions: 2->2
[2024-02-15T01:22:49.071+0000][7][gc,heap     ] GC(545) Humongous regions: 0->0
[2024-02-15T01:22:49.071+0000][7][gc,metaspace] GC(545) Metaspace: 129860K(133632K)->129860K(133632K) NonClass: 112880K(114880K)->112880K(114880K) Class: 16979K(18752K)->16979K(18752K)
[2024-02-15T01:22:49.071+0000][7][gc          ] GC(545) Pause Young (Normal) (G1 Evacuation Pause) 717M->109M(1024M) 2.345ms
[2024-02-15T01:22:49.071+0000][7][gc,cpu      ] GC(545) User=0.01s Sys=0.00s Real=0.00s
[2024-02-15T01:22:49.071+0000][7][safepoint   ] Safepoint "G1CollectForAllocation", Time since last: 152562536763 ns, Reaching safepoint: 38105 ns, At safepoint: 2451795 ns, Total: 2489900 ns
[2024-02-15T01:24:58.033+0000][7][gc,start    ] GC(546) Pause Young (Normal) (G1 Evacuation Pause)
[2024-02-15T01:24:58.033+0000][7][gc,task     ] GC(546) Using 8 workers of 8 for evacuation
[2024-02-15T01:24:58.033+0000][7][gc,age      ] GC(546) Desired survivor size 41943040 bytes, new threshold 15 (max threshold 15)
[2024-02-15T01:24:58.035+0000][7][gc,phases   ] GC(546)   Pre Evacuate Collection Set: 0.1ms
[2024-02-15T01:24:58.036+0000][7][gc,phases   ] GC(546)   Merge Heap Roots: 0.1ms
[2024-02-15T01:24:58.036+0000][7][gc,phases   ] GC(546)   Evacuate Collection Set: 1.3ms
[2024-02-15T01:24:58.036+0000][7][gc,phases   ] GC(546)   Post Evacuate Collection Set: 0.6ms
[2024-02-15T01:24:58.036+0000][7][gc,phases   ] GC(546)   Other: 0.1ms
[2024-02-15T01:24:58.036+0000][7][gc,age      ] GC(546) Age table with threshold 15 (max threshold 15)
[2024-02-15T01:24:58.036+0000][7][gc,age      ] GC(546) - age   1:    1177256 bytes,    1177256 total
[2024-02-15T01:24:58.036+0000][7][gc,age      ] GC(546) - age   2:     268808 bytes,    1446064 total
[2024-02-15T01:24:58.036+0000][7][gc,age      ] GC(546) - age   3:       5192 bytes,    1451256 total
[2024-02-15T01:24:58.036+0000][7][gc,age      ] GC(546) - age   4:       9200 bytes,    1460456 total
[2024-02-15T01:24:58.036+0000][7][gc,age      ] GC(546) - age   5:        184 bytes,    1460640 total
[2024-02-15T01:24:58.036+0000][7][gc,age      ] GC(546) - age   6:       5392 bytes,    1466032 total
[2024-02-15T01:24:58.036+0000][7][gc,age      ] GC(546) - age   7:        240 bytes,    1466272 total
[2024-02-15T01:24:58.036+0000][7][gc,age      ] GC(546) - age  10:        328 bytes,    1466600 total
[2024-02-15T01:24:58.036+0000][7][gc,age      ] GC(546) - age  14:       1416 bytes,    1468016 total
[2024-02-15T01:24:58.036+0000][7][gc,heap     ] GC(546) Eden regions: 152->0(152)
[2024-02-15T01:24:58.036+0000][7][gc,heap     ] GC(546) Survivor regions: 1->1(20)
[2024-02-15T01:24:58.036+0000][7][gc,heap     ] GC(546) Old regions: 27->27
[2024-02-15T01:24:58.036+0000][7][gc,heap     ] GC(546) Archive regions: 2->2
[2024-02-15T01:24:58.036+0000][7][gc,heap     ] GC(546) Humongous regions: 0->0
[2024-02-15T01:24:58.036+0000][7][gc,metaspace] GC(546) Metaspace: 129860K(133632K)->129860K(133632K) NonClass: 112880K(114880K)->112880K(114880K) Class: 16979K(18752K)->16979K(18752K)
[2024-02-15T01:24:58.036+0000][7][gc          ] GC(546) Pause Young (Normal) (G1 Evacuation Pause) 717M->109M(1024M) 2.500ms
[2024-02-15T01:24:58.036+0000][7][gc,cpu      ] GC(546) User=0.01s Sys=0.00s Real=0.00s
[2024-02-15T01:24:58.036+0000][7][safepoint   ] Safepoint "G1CollectForAllocation", Time since last: 128962188961 ns, Reaching safepoint: 34436 ns, At safepoint: 2591435 ns, Total: 2625871 ns
[2024-02-15T01:27:31.062+0000][7][gc,start    ] GC(547) Pause Young (Normal) (G1 Evacuation Pause)
[2024-02-15T01:27:31.062+0000][7][gc,task     ] GC(547) Using 8 workers of 8 for evacuation
[2024-02-15T01:27:31.062+0000][7][gc,age      ] GC(547) Desired survivor size 41943040 bytes, new threshold 15 (max threshold 15)
[2024-02-15T01:27:31.063+0000][7][gc,phases   ] GC(547)   Pre Evacuate Collection Set: 0.1ms
[2024-02-15T01:27:31.063+0000][7][gc,phases   ] GC(547)   Merge Heap Roots: 0.1ms
[2024-02-15T01:27:31.063+0000][7][gc,phases   ] GC(547)   Evacuate Collection Set: 0.8ms
[2024-02-15T01:27:31.063+0000][7][gc,phases   ] GC(547)   Post Evacuate Collection Set: 0.6ms
[2024-02-15T01:27:31.063+0000][7][gc,phases   ] GC(547)   Other: 0.1ms
[2024-02-15T01:27:31.063+0000][7][gc,age      ] GC(547) Age table with threshold 15 (max threshold 15)
[2024-02-15T01:27:31.063+0000][7][gc,age      ] GC(547) - age   1:     769360 bytes,     769360 total
[2024-02-15T01:27:31.063+0000][7][gc,age      ] GC(547) - age   2:       2712 bytes,     772072 total
[2024-02-15T01:27:31.063+0000][7][gc,age      ] GC(547) - age   3:      97936 bytes,     870008 total
[2024-02-15T01:27:31.063+0000][7][gc,age      ] GC(547) - age   4:       5192 bytes,     875200 total
[2024-02-15T01:27:31.063+0000][7][gc,age      ] GC(547) - age   5:       8424 bytes,     883624 total
[2024-02-15T01:27:31.063+0000][7][gc,age      ] GC(547) - age   6:        184 bytes,     883808 total
[2024-02-15T01:27:31.063+0000][7][gc,age      ] GC(547) - age   7:       5392 bytes,     889200 total
[2024-02-15T01:27:31.063+0000][7][gc,age      ] GC(547) - age   8:        208 bytes,     889408 total
[2024-02-15T01:27:31.064+0000][7][gc,age      ] GC(547) - age  11:        328 bytes,     889736 total
[2024-02-15T01:27:31.064+0000][7][gc,age      ] GC(547) - age  15:       1416 bytes,     891152 total
[2024-02-15T01:27:31.064+0000][7][gc,heap     ] GC(547) Eden regions: 152->0(152)
[2024-02-15T01:27:31.064+0000][7][gc,heap     ] GC(547) Survivor regions: 1->1(20)
[2024-02-15T01:27:31.064+0000][7][gc,heap     ] GC(547) Old regions: 27->27
[2024-02-15T01:27:31.064+0000][7][gc,heap     ] GC(547) Archive regions: 2->2
[2024-02-15T01:27:31.064+0000][7][gc,heap     ] GC(547) Humongous regions: 0->0
[2024-02-15T01:27:31.064+0000][7][gc,metaspace] GC(547) Metaspace: 129860K(133632K)->129860K(133632K) NonClass: 112880K(114880K)->112880K(114880K) Class: 16979K(18752K)->16979K(18752K)
[2024-02-15T01:27:31.064+0000][7][gc          ] GC(547) Pause Young (Normal) (G1 Evacuation Pause) 717M->109M(1024M) 1.975ms
[2024-02-15T01:27:31.064+0000][7][gc,cpu      ] GC(547) User=0.01s Sys=0.01s Real=0.00s
[2024-02-15T01:27:31.064+0000][7][safepoint   ] Safepoint "G1CollectForAllocation", Time since last: 153025797326 ns, Reaching safepoint: 65146 ns, At safepoint: 2056049 ns, Total: 2121195 ns
[2024-02-15T01:30:19.069+0000][7][gc,start    ] GC(548) Pause Young (Normal) (G1 Evacuation Pause)
[2024-02-15T01:30:19.069+0000][7][gc,task     ] GC(548) Using 8 workers of 8 for evacuation
[2024-02-15T01:30:19.069+0000][7][gc,age      ] GC(548) Desired survivor size 41943040 bytes, new threshold 15 (max threshold 15)
[2024-02-15T01:30:19.072+0000][7][gc,phases   ] GC(548)   Pre Evacuate Collection Set: 0.1ms
[2024-02-15T01:30:19.072+0000][7][gc,phases   ] GC(548)   Merge Heap Roots: 0.1ms
[2024-02-15T01:30:19.072+0000][7][gc,phases   ] GC(548)   Evacuate Collection Set: 1.3ms
[2024-02-15T01:30:19.072+0000][7][gc,phases   ] GC(548)   Post Evacuate Collection Set: 0.7ms
[2024-02-15T01:30:19.072+0000][7][gc,phases   ] GC(548)   Other: 0.1ms
[2024-02-15T01:30:19.072+0000][7][gc,age      ] GC(548) Age table with threshold 15 (max threshold 15)
[2024-02-15T01:30:19.072+0000][7][gc,age      ] GC(548) - age   1:    1425408 bytes,    1425408 total
[2024-02-15T01:30:19.072+0000][7][gc,age      ] GC(548) - age   2:     170384 bytes,    1595792 total
[2024-02-15T01:30:19.072+0000][7][gc,age      ] GC(548) - age   3:        896 bytes,    1596688 total
[2024-02-15T01:30:19.072+0000][7][gc,age      ] GC(548) - age   4:      96744 bytes,    1693432 total
[2024-02-15T01:30:19.072+0000][7][gc,age      ] GC(548) - age   5:       1296 bytes,    1694728 total
[2024-02-15T01:30:19.072+0000][7][gc,age      ] GC(548) - age   6:       8232 bytes,    1702960 total
[2024-02-15T01:30:19.072+0000][7][gc,age      ] GC(548) - age   7:        184 bytes,    1703144 total
[2024-02-15T01:30:19.072+0000][7][gc,age      ] GC(548) - age   8:       5272 bytes,    1708416 total
[2024-02-15T01:30:19.072+0000][7][gc,age      ] GC(548) - age   9:        208 bytes,    1708624 total
[2024-02-15T01:30:19.072+0000][7][gc,age      ] GC(548) - age  12:        200 bytes,    1708824 total
[2024-02-15T01:30:19.072+0000][7][gc,heap     ] GC(548) Eden regions: 152->0(152)
[2024-02-15T01:30:19.072+0000][7][gc,heap     ] GC(548) Survivor regions: 1->1(20)
[2024-02-15T01:30:19.072+0000][7][gc,heap     ] GC(548) Old regions: 27->27
[2024-02-15T01:30:19.072+0000][7][gc,heap     ] GC(548) Archive regions: 2->2
[2024-02-15T01:30:19.072+0000][7][gc,heap     ] GC(548) Humongous regions: 0->0
[2024-02-15T01:30:19.072+0000][7][gc,metaspace] GC(548) Metaspace: 129862K(133632K)->129862K(133632K) NonClass: 112882K(114880K)->112882K(114880K) Class: 16979K(18752K)->16979K(18752K)
[2024-02-15T01:30:19.072+0000][7][gc          ] GC(548) Pause Young (Normal) (G1 Evacuation Pause) 717M->110M(1024M) 2.592ms
[2024-02-15T01:30:19.072+0000][7][gc,cpu      ] GC(548) User=0.01s Sys=0.01s Real=0.00s
[2024-02-15T01:30:19.072+0000][7][safepoint   ] Safepoint "G1CollectForAllocation", Time since last: 168005472231 ns, Reaching safepoint: 56475 ns, At safepoint: 2685238 ns, Total: 2741713 ns
[2024-02-15T01:32:46.080+0000][7][gc,start    ] GC(549) Pause Young (Normal) (G1 Evacuation Pause)
[2024-02-15T01:32:46.081+0000][7][gc,task     ] GC(549) Using 8 workers of 8 for evacuation
[2024-02-15T01:32:46.081+0000][7][gc,age      ] GC(549) Desired survivor size 41943040 bytes, new threshold 15 (max threshold 15)
[2024-02-15T01:32:46.083+0000][7][gc,phases   ] GC(549)   Pre Evacuate Collection Set: 0.1ms
[2024-02-15T01:32:46.083+0000][7][gc,phases   ] GC(549)   Merge Heap Roots: 0.1ms
[2024-02-15T01:32:46.083+0000][7][gc,phases   ] GC(549)   Evacuate Collection Set: 1.3ms
[2024-02-15T01:32:46.083+0000][7][gc,phases   ] GC(549)   Post Evacuate Collection Set: 0.6ms
[2024-02-15T01:32:46.083+0000][7][gc,phases   ] GC(549)   Other: 0.1ms
[2024-02-15T01:32:46.083+0000][7][gc,age      ] GC(549) Age table with threshold 15 (max threshold 15)
[2024-02-15T01:32:46.083+0000][7][gc,age      ] GC(549) - age   1:    1343912 bytes,    1343912 total
[2024-02-15T01:32:46.083+0000][7][gc,age      ] GC(549) - age   2:      53176 bytes,    1397088 total
[2024-02-15T01:32:46.083+0000][7][gc,age      ] GC(549) - age   3:     167632 bytes,    1564720 total
[2024-02-15T01:32:46.083+0000][7][gc,age      ] GC(549) - age   4:        216 bytes,    1564936 total
[2024-02-15T01:32:46.083+0000][7][gc,age      ] GC(549) - age   5:      96424 bytes,    1661360 total
[2024-02-15T01:32:46.083+0000][7][gc,age      ] GC(549) - age   6:       1168 bytes,    1662528 total
[2024-02-15T01:32:46.083+0000][7][gc,age      ] GC(549) - age   7:        216 bytes,    1662744 total
[2024-02-15T01:32:46.083+0000][7][gc,age      ] GC(549) - age   8:        184 bytes,    1662928 total
[2024-02-15T01:32:46.083+0000][7][gc,age      ] GC(549) - age   9:       5272 bytes,    1668200 total
[2024-02-15T01:32:46.083+0000][7][gc,age      ] GC(549) - age  10:        208 bytes,    1668408 total
[2024-02-15T01:32:46.083+0000][7][gc,age      ] GC(549) - age  13:        200 bytes,    1668608 total
[2024-02-15T01:32:46.083+0000][7][gc,heap     ] GC(549) Eden regions: 152->0(152)
[2024-02-15T01:32:46.083+0000][7][gc,heap     ] GC(549) Survivor regions: 1->1(20)
[2024-02-15T01:32:46.083+0000][7][gc,heap     ] GC(549) Old regions: 27->27
[2024-02-15T01:32:46.083+0000][7][gc,heap     ] GC(549) Archive regions: 2->2
[2024-02-15T01:32:46.083+0000][7][gc,heap     ] GC(549) Humongous regions: 0->0
[2024-02-15T01:32:46.083+0000][7][gc,metaspace] GC(549) Metaspace: 129862K(133632K)->129862K(133632K) NonClass: 112882K(114880K)->112882K(114880K) Class: 16979K(18752K)->16979K(18752K)
[2024-02-15T01:32:46.083+0000][7][gc          ] GC(549) Pause Young (Normal) (G1 Evacuation Pause) 718M->110M(1024M) 2.446ms
[2024-02-15T01:32:46.083+0000][7][gc,cpu      ] GC(549) User=0.02s Sys=0.00s Real=0.00s
[2024-02-15T01:32:46.083+0000][7][safepoint   ] Safepoint "G1CollectForAllocation", Time since last: 147008556147 ns, Reaching safepoint: 46247 ns, At safepoint: 2533179 ns, Total: 2579426 ns
[2024-02-15T01:35:16.065+0000][7][gc,start    ] GC(550) Pause Young (Normal) (G1 Evacuation Pause)
[2024-02-15T01:35:16.065+0000][7][gc,task     ] GC(550) Using 8 workers of 8 for evacuation
[2024-02-15T01:35:16.065+0000][7][gc,age      ] GC(550) Desired survivor size 41943040 bytes, new threshold 15 (max threshold 15)
[2024-02-15T01:35:16.067+0000][7][gc,phases   ] GC(550)   Pre Evacuate Collection Set: 0.1ms
[2024-02-15T01:35:16.067+0000][7][gc,phases   ] GC(550)   Merge Heap Roots: 0.1ms
[2024-02-15T01:35:16.067+0000][7][gc,phases   ] GC(550)   Evacuate Collection Set: 1.0ms
[2024-02-15T01:35:16.067+0000][7][gc,phases   ] GC(550)   Post Evacuate Collection Set: 0.6ms
[2024-02-15T01:35:16.067+0000][7][gc,phases   ] GC(550)   Other: 0.1ms
[2024-02-15T01:35:16.067+0000][7][gc,age      ] GC(550) Age table with threshold 15 (max threshold 15)
[2024-02-15T01:35:16.067+0000][7][gc,age      ] GC(550) - age   1:     651856 bytes,     651856 total
[2024-02-15T01:35:16.067+0000][7][gc,age      ] GC(550) - age   2:      24712 bytes,     676568 total
[2024-02-15T01:35:16.067+0000][7][gc,age      ] GC(550) - age   3:      51152 bytes,     727720 total
[2024-02-15T01:35:16.067+0000][7][gc,age      ] GC(550) - age   4:     167448 bytes,     895168 total
[2024-02-15T01:35:16.067+0000][7][gc,age      ] GC(550) - age   5:        216 bytes,     895384 total
[2024-02-15T01:35:16.067+0000][7][gc,age      ] GC(550) - age   6:      96424 bytes,     991808 total
[2024-02-15T01:35:16.067+0000][7][gc,age      ] GC(550) - age   7:        776 bytes,     992584 total
[2024-02-15T01:35:16.067+0000][7][gc,age      ] GC(550) - age   8:        216 bytes,     992800 total
[2024-02-15T01:35:16.067+0000][7][gc,age      ] GC(550) - age   9:        184 bytes,     992984 total
[2024-02-15T01:35:16.067+0000][7][gc,age      ] GC(550) - age  10:       5272 bytes,     998256 total
[2024-02-15T01:35:16.067+0000][7][gc,age      ] GC(550) - age  11:        208 bytes,     998464 total
[2024-02-15T01:35:16.067+0000][7][gc,age      ] GC(550) - age  14:        200 bytes,     998664 total
[2024-02-15T01:35:16.067+0000][7][gc,heap     ] GC(550) Eden regions: 152->0(152)
[2024-02-15T01:35:16.067+0000][7][gc,heap     ] GC(550) Survivor regions: 1->1(20)
[2024-02-15T01:35:16.067+0000][7][gc,heap     ] GC(550) Old regions: 27->27
[2024-02-15T01:35:16.067+0000][7][gc,heap     ] GC(550) Archive regions: 2->2
[2024-02-15T01:35:16.067+0000][7][gc,heap     ] GC(550) Humongous regions: 0->0
[2024-02-15T01:35:16.067+0000][7][gc,metaspace] GC(550) Metaspace: 129862K(133632K)->129862K(133632K) NonClass: 112882K(114880K)->112882K(114880K) Class: 16979K(18752K)->16979K(18752K)
[2024-02-15T01:35:16.067+0000][7][gc          ] GC(550) Pause Young (Normal) (G1 Evacuation Pause) 718M->109M(1024M) 2.180ms
[2024-02-15T01:35:16.067+0000][7][gc,cpu      ] GC(550) User=0.01s Sys=0.00s Real=0.00s
[2024-02-15T01:35:16.067+0000][7][safepoint   ] Safepoint "G1CollectForAllocation", Time since last: 149982202455 ns, Reaching safepoint: 52590 ns, At safepoint: 2264532 ns, Total: 2317122 ns
[2024-02-15T01:37:31.110+0000][7][gc,start    ] GC(551) Pause Young (Normal) (G1 Evacuation Pause)
[2024-02-15T01:37:31.111+0000][7][gc,task     ] GC(551) Using 8 workers of 8 for evacuation
[2024-02-15T01:37:31.111+0000][7][gc,age      ] GC(551) Desired survivor size 41943040 bytes, new threshold 15 (max threshold 15)
[2024-02-15T01:37:31.112+0000][7][gc,phases   ] GC(551)   Pre Evacuate Collection Set: 0.1ms
[2024-02-15T01:37:31.112+0000][7][gc,phases   ] GC(551)   Merge Heap Roots: 0.1ms
[2024-02-15T01:37:31.112+0000][7][gc,phases   ] GC(551)   Evacuate Collection Set: 0.9ms
[2024-02-15T01:37:31.112+0000][7][gc,phases   ] GC(551)   Post Evacuate Collection Set: 0.6ms
[2024-02-15T01:37:31.112+0000][7][gc,phases   ] GC(551)   Other: 0.1ms
[2024-02-15T01:37:31.112+0000][7][gc,age      ] GC(551) Age table with threshold 15 (max threshold 15)
[2024-02-15T01:37:31.112+0000][7][gc,age      ] GC(551) - age   1:     907600 bytes,     907600 total
[2024-02-15T01:37:31.112+0000][7][gc,age      ] GC(551) - age   2:      10704 bytes,     918304 total
[2024-02-15T01:37:31.112+0000][7][gc,age      ] GC(551) - age   3:      21448 bytes,     939752 total
[2024-02-15T01:37:31.112+0000][7][gc,age      ] GC(551) - age   4:      42112 bytes,     981864 total
[2024-02-15T01:37:31.112+0000][7][gc,age      ] GC(551) - age   5:     166632 bytes,    1148496 total
[2024-02-15T01:37:31.112+0000][7][gc,age      ] GC(551) - age   6:        184 bytes,    1148680 total
[2024-02-15T01:37:31.112+0000][7][gc,age      ] GC(551) - age   7:      96424 bytes,    1245104 total
[2024-02-15T01:37:31.112+0000][7][gc,age      ] GC(551) - age   8:        776 bytes,    1245880 total
[2024-02-15T01:37:31.112+0000][7][gc,age      ] GC(551) - age   9:        184 bytes,    1246064 total
[2024-02-15T01:37:31.112+0000][7][gc,age      ] GC(551) - age  10:        184 bytes,    1246248 total
[2024-02-15T01:37:31.112+0000][7][gc,age      ] GC(551) - age  11:       5272 bytes,    1251520 total
[2024-02-15T01:37:31.112+0000][7][gc,age      ] GC(551) - age  12:        208 bytes,    1251728 total
[2024-02-15T01:37:31.112+0000][7][gc,age      ] GC(551) - age  15:        200 bytes,    1251928 total
[2024-02-15T01:37:31.112+0000][7][gc,heap     ] GC(551) Eden regions: 152->0(152)
[2024-02-15T01:37:31.112+0000][7][gc,heap     ] GC(551) Survivor regions: 1->1(20)
[2024-02-15T01:37:31.112+0000][7][gc,heap     ] GC(551) Old regions: 27->27
[2024-02-15T01:37:31.112+0000][7][gc,heap     ] GC(551) Archive regions: 2->2
[2024-02-15T01:37:31.112+0000][7][gc,heap     ] GC(551) Humongous regions: 0->0
[2024-02-15T01:37:31.112+0000][7][gc,metaspace] GC(551) Metaspace: 129862K(133632K)->129862K(133632K) NonClass: 112882K(114880K)->112882K(114880K) Class: 16979K(18752K)->16979K(18752K)
[2024-02-15T01:37:31.113+0000][7][gc          ] GC(551) Pause Young (Normal) (G1 Evacuation Pause) 717M->109M(1024M) 2.063ms
[2024-02-15T01:37:31.113+0000][7][gc,cpu      ] GC(551) User=0.01s Sys=0.00s Real=0.00s
[2024-02-15T01:37:31.113+0000][7][safepoint   ] Safepoint "G1CollectForAllocation", Time since last: 135042878903 ns, Reaching safepoint: 49270 ns, At safepoint: 2147544 ns, Total: 2196814 ns
[2024-02-15T01:40:07.975+0000][7][gc,start    ] GC(552) Pause Young (Normal) (G1 Evacuation Pause)
[2024-02-15T01:40:07.975+0000][7][gc,task     ] GC(552) Using 8 workers of 8 for evacuation
[2024-02-15T01:40:07.975+0000][7][gc,age      ] GC(552) Desired survivor size 41943040 bytes, new threshold 15 (max threshold 15)
[2024-02-15T01:40:07.977+0000][7][gc,phases   ] GC(552)   Pre Evacuate Collection Set: 0.1ms
[2024-02-15T01:40:07.977+0000][7][gc,phases   ] GC(552)   Merge Heap Roots: 0.0ms
[2024-02-15T01:40:07.977+0000][7][gc,phases   ] GC(552)   Evacuate Collection Set: 1.2ms
[2024-02-15T01:40:07.977+0000][7][gc,phases   ] GC(552)   Post Evacuate Collection Set: 1.0ms
[2024-02-15T01:40:07.977+0000][7][gc,phases   ] GC(552)   Other: 0.1ms
[2024-02-15T01:40:07.977+0000][7][gc,age      ] GC(552) Age table with threshold 15 (max threshold 15)
[2024-02-15T01:40:07.977+0000][7][gc,age      ] GC(552) - age   1:    1709128 bytes,    1709128 total
[2024-02-15T01:40:07.977+0000][7][gc,age      ] GC(552) - age   2:     138592 bytes,    1847720 total
[2024-02-15T01:40:07.977+0000][7][gc,age      ] GC(552) - age   3:       9424 bytes,    1857144 total
[2024-02-15T01:40:07.978+0000][7][gc,age      ] GC(552) - age   4:      21096 bytes,    1878240 total
[2024-02-15T01:40:07.978+0000][7][gc,age      ] GC(552) - age   5:      38400 bytes,    1916640 total
[2024-02-15T01:40:07.978+0000][7][gc,age      ] GC(552) - age   6:     166512 bytes,    2083152 total
[2024-02-15T01:40:07.978+0000][7][gc,age      ] GC(552) - age   7:        184 bytes,    2083336 total
[2024-02-15T01:40:07.978+0000][7][gc,age      ] GC(552) - age   8:      96424 bytes,    2179760 total
[2024-02-15T01:40:07.978+0000][7][gc,age      ] GC(552) - age   9:        208 bytes,    2179968 total
[2024-02-15T01:40:07.978+0000][7][gc,age      ] GC(552) - age  10:        184 bytes,    2180152 total
[2024-02-15T01:40:07.978+0000][7][gc,age      ] GC(552) - age  11:        184 bytes,    2180336 total
[2024-02-15T01:40:07.978+0000][7][gc,age      ] GC(552) - age  12:       5272 bytes,    2185608 total
[2024-02-15T01:40:07.978+0000][7][gc,age      ] GC(552) - age  13:        208 bytes,    2185816 total
[2024-02-15T01:40:07.978+0000][7][gc,heap     ] GC(552) Eden regions: 152->0(152)
[2024-02-15T01:40:07.978+0000][7][gc,heap     ] GC(552) Survivor regions: 1->1(20)
[2024-02-15T01:40:07.978+0000][7][gc,heap     ] GC(552) Old regions: 27->27
[2024-02-15T01:40:07.978+0000][7][gc,heap     ] GC(552) Archive regions: 2->2
[2024-02-15T01:40:07.978+0000][7][gc,heap     ] GC(552) Humongous regions: 0->0
[2024-02-15T01:40:07.978+0000][7][gc,metaspace] GC(552) Metaspace: 129862K(133632K)->129862K(133632K) NonClass: 112882K(114880K)->112882K(114880K) Class: 16979K(18752K)->16979K(18752K)
[2024-02-15T01:40:07.978+0000][7][gc          ] GC(552) Pause Young (Normal) (G1 Evacuation Pause) 717M->110M(1024M) 2.748ms
[2024-02-15T01:40:07.978+0000][7][gc,cpu      ] GC(552) User=0.01s Sys=0.00s Real=0.01s
[2024-02-15T01:40:07.978+0000][7][safepoint   ] Safepoint "G1CollectForAllocation", Time since last: 156862279911 ns, Reaching safepoint: 40261 ns, At safepoint: 2849916 ns, Total: 2890177 ns
[2024-02-15T22:18:38.466+0000][7][safepoint   ] Safepoint "Cleanup", Time since last: 131444035686 ns, Reaching safepoint: 66145 ns, At safepoint: 5709 ns, Total: 71854 ns
[2024-02-15T22:18:41.467+0000][7][safepoint   ] Safepoint "Cleanup", Time since last: 3000327631 ns, Reaching safepoint: 75380 ns, At safepoint: 13221 ns, Total: 88601 ns
[2024-02-15T22:18:44.506+0000][7][gc,start    ] GC(553) Pause Young (Normal) (G1 Evacuation Pause)
[2024-02-15T22:18:44.506+0000][7][gc,task     ] GC(553) Using 8 workers of 8 for evacuation
[2024-02-15T22:18:44.506+0000][7][gc,age      ] GC(553) Desired survivor size 41943040 bytes, new threshold 15 (max threshold 15)
[2024-02-15T22:18:44.509+0000][7][gc,phases   ] GC(553)   Pre Evacuate Collection Set: 0.1ms
[2024-02-15T22:18:44.509+0000][7][gc,phases   ] GC(553)   Merge Heap Roots: 0.1ms
[2024-02-15T22:18:44.509+0000][7][gc,phases   ] GC(553)   Evacuate Collection Set: 1.8ms
[2024-02-15T22:18:44.509+0000][7][gc,phases   ] GC(553)   Post Evacuate Collection Set: 0.9ms
[2024-02-15T22:18:44.509+0000][7][gc,phases   ] GC(553)   Other: 0.1ms
[2024-02-15T22:18:44.509+0000][7][gc,age      ] GC(553) Age table with threshold 15 (max threshold 15)
[2024-02-15T22:18:44.509+0000][7][gc,age      ] GC(553) - age   1:    1088936 bytes,    1088936 total
[2024-02-15T22:18:44.509+0000][7][gc,age      ] GC(553) - age   2:       7432 bytes,    1096368 total
[2024-02-15T22:18:44.509+0000][7][gc,age      ] GC(553) - age   3:     134048 bytes,    1230416 total
[2024-02-15T22:18:44.509+0000][7][gc,age      ] GC(553) - age   4:       8664 bytes,    1239080 total
[2024-02-15T22:18:44.509+0000][7][gc,age      ] GC(553) - age   5:        248 bytes,    1239328 total
[2024-02-15T22:18:44.509+0000][7][gc,age      ] GC(553) - age   6:        440 bytes,    1239768 total
[2024-02-15T22:18:44.509+0000][7][gc,age      ] GC(553) - age   7:      27936 bytes,    1267704 total
[2024-02-15T22:18:44.509+0000][7][gc,age      ] GC(553) - age   8:        184 bytes,    1267888 total
[2024-02-15T22:18:44.509+0000][7][gc,age      ] GC(553) - age   9:      95456 bytes,    1363344 total
[2024-02-15T22:18:44.509+0000][7][gc,age      ] GC(553) - age  10:        208 bytes,    1363552 total
[2024-02-15T22:18:44.509+0000][7][gc,age      ] GC(553) - age  11:        184 bytes,    1363736 total
[2024-02-15T22:18:44.509+0000][7][gc,age      ] GC(553) - age  12:        184 bytes,    1363920 total
[2024-02-15T22:18:44.509+0000][7][gc,age      ] GC(553) - age  13:       5272 bytes,    1369192 total
[2024-02-15T22:18:44.509+0000][7][gc,age      ] GC(553) - age  14:        208 bytes,    1369400 total
[2024-02-15T22:18:44.509+0000][7][gc,heap     ] GC(553) Eden regions: 152->0(152)
[2024-02-15T22:18:44.509+0000][7][gc,heap     ] GC(553) Survivor regions: 1->1(20)
[2024-02-15T22:18:44.509+0000][7][gc,heap     ] GC(553) Old regions: 27->27
[2024-02-15T22:18:44.509+0000][7][gc,heap     ] GC(553) Archive regions: 2->2
[2024-02-15T22:18:44.509+0000][7][gc,heap     ] GC(553) Humongous regions: 0->0
[2024-02-15T22:18:44.509+0000][7][gc,metaspace] GC(553) Metaspace: 129882K(133632K)->129882K(133632K) NonClass: 112903K(114880K)->112903K(114880K) Class: 16979K(18752K)->16979K(18752K)
[2024-02-15T22:18:44.510+0000][7][gc          ] GC(553) Pause Young (Normal) (G1 Evacuation Pause) 718M->109M(1024M) 3.302ms
[2024-02-15T22:18:44.510+0000][7][gc,cpu      ] GC(553) User=0.01s Sys=0.00s Real=0.01s
[2024-02-15T22:18:44.510+0000][7][safepoint   ] Safepoint "G1CollectForAllocation", Time since last: 3039471793 ns, Reaching safepoint: 58771 ns, At safepoint: 3396544 ns, Total: 3455315 ns
[2024-02-15T22:21:27.112+0000][7][gc,start    ] GC(554) Pause Young (Normal) (G1 Evacuation Pause)
[2024-02-15T22:21:27.112+0000][7][gc,task     ] GC(554) Using 8 workers of 8 for evacuation
[2024-02-15T22:21:27.112+0000][7][gc,age      ] GC(554) Desired survivor size 41943040 bytes, new threshold 15 (max threshold 15)
[2024-02-15T22:21:27.114+0000][7][gc,phases   ] GC(554)   Pre Evacuate Collection Set: 0.1ms
[2024-02-15T22:21:27.114+0000][7][gc,phases   ] GC(554)   Merge Heap Roots: 0.0ms
[2024-02-15T22:21:27.114+0000][7][gc,phases   ] GC(554)   Evacuate Collection Set: 1.1ms
[2024-02-15T22:21:27.114+0000][7][gc,phases   ] GC(554)   Post Evacuate Collection Set: 0.6ms
[2024-02-15T22:21:27.114+0000][7][gc,phases   ] GC(554)   Other: 0.1ms
[2024-02-15T22:21:27.114+0000][7][gc,age      ] GC(554) Age table with threshold 15 (max threshold 15)
[2024-02-15T22:21:27.114+0000][7][gc,age      ] GC(554) - age   1:    1598000 bytes,    1598000 total
[2024-02-15T22:21:27.114+0000][7][gc,age      ] GC(554) - age   2:     352968 bytes,    1950968 total
