[2024-03-01T00:51:29.649+0000][7][gc,init] CardTable entry size: 512
[2024-03-01T00:51:29.649+0000][7][gc     ] Using G1
[2024-03-01T00:51:29.760+0000][7][gc,init] Version: 18.0.1.1+2-6 (release)
[2024-03-01T00:51:29.760+0000][7][gc,init] CPUs: 8 total, 8 available
[2024-03-01T00:51:29.760+0000][7][gc,init] Memory: 19737M
[2024-03-01T00:51:29.760+0000][7][gc,init] Large Page Support: Disabled
[2024-03-01T00:51:29.760+0000][7][gc,init] NUMA Support: Disabled
[2024-03-01T00:51:29.760+0000][7][gc,init] Compressed Oops: Enabled (32-bit)
[2024-03-01T00:51:29.760+0000][7][gc,init] Heap Region Size: 4M
[2024-03-01T00:51:29.760+0000][7][gc,init] Heap Min Capacity: 1G
[2024-03-01T00:51:29.760+0000][7][gc,init] Heap Initial Capacity: 1G
[2024-03-01T00:51:29.760+0000][7][gc,init] Heap Max Capacity: 1G
[2024-03-01T00:51:29.760+0000][7][gc,init] Pre-touch: Enabled
[2024-03-01T00:51:29.760+0000][7][gc,init] Parallel Workers: 8
[2024-03-01T00:51:29.760+0000][7][gc,init] Concurrent Workers: 2
[2024-03-01T00:51:29.760+0000][7][gc,init] Concurrent Refinement Workers: 8
[2024-03-01T00:51:29.760+0000][7][gc,init] Periodic GC: Disabled
[2024-03-01T00:51:29.761+0000][7][gc,metaspace] CDS archive(s) mapped at: [0x0000000800000000-0x0000000800baf000-0x0000000800baf000), size 12251136, SharedBaseAddress: 0x0000000800000000, ArchiveRelocationMode: 0.
[2024-03-01T00:51:29.761+0000][7][gc,metaspace] Compressed class space mapped at: 0x0000000800c00000-0x0000000840c00000, reserved size: 1073741824
[2024-03-01T00:51:29.761+0000][7][gc,metaspace] Narrow klass base: 0x0000000800000000, Narrow klass shift: 0, Narrow klass range: 0x100000000
[2024-03-01T00:51:30.197+0000][7][safepoint   ] Safepoint "ICBufferFull", Time since last: 431286447 ns, Reaching safepoint: 157397 ns, At safepoint: 5042 ns, Total: 162439 ns
[2024-03-01T00:51:30.676+0000][7][safepoint   ] Safepoint "ICBufferFull", Time since last: 478996664 ns, Reaching safepoint: 118962 ns, At safepoint: 3347 ns, Total: 122309 ns
[2024-03-01T00:51:30.755+0000][7][gc,start    ] GC(0) Pause Young (Normal) (G1 Evacuation Pause)
[2024-03-01T00:51:30.755+0000][7][gc,task     ] GC(0) Using 8 workers of 8 for evacuation
[2024-03-01T00:51:30.755+0000][7][gc,age      ] GC(0) Desired survivor size 4194304 bytes, new threshold 15 (max threshold 15)
[2024-03-01T00:51:30.759+0000][7][gc,phases   ] GC(0)   Pre Evacuate Collection Set: 0.1ms
[2024-03-01T00:51:30.759+0000][7][gc,phases   ] GC(0)   Merge Heap Roots: 0.0ms
[2024-03-01T00:51:30.759+0000][7][gc,phases   ] GC(0)   Evacuate Collection Set: 3.5ms
[2024-03-01T00:51:30.759+0000][7][gc,phases   ] GC(0)   Post Evacuate Collection Set: 0.6ms
[2024-03-01T00:51:30.759+0000][7][gc,phases   ] GC(0)   Other: 0.1ms
[2024-03-01T00:51:30.759+0000][7][gc,age      ] GC(0) Age table with threshold 15 (max threshold 15)
[2024-03-01T00:51:30.759+0000][7][gc,age      ] GC(0) - age   1:    6357768 bytes,    6357768 total
[2024-03-01T00:51:30.759+0000][7][gc,heap     ] GC(0) Eden regions: 12->0(11)
[2024-03-01T00:51:30.759+0000][7][gc,heap     ] GC(0) Survivor regions: 0->2(2)
[2024-03-01T00:51:30.759+0000][7][gc,heap     ] GC(0) Old regions: 0->0
[2024-03-01T00:51:30.759+0000][7][gc,heap     ] GC(0) Archive regions: 2->2
[2024-03-01T00:51:30.759+0000][7][gc,heap     ] GC(0) Humongous regions: 0->0
[2024-03-01T00:51:30.759+0000][7][gc,metaspace] GC(0) Metaspace: 12150K(12416K)->12150K(12416K) NonClass: 10709K(10880K)->10709K(10880K) Class: 1441K(1536K)->1441K(1536K)
[2024-03-01T00:51:30.759+0000][7][gc          ] GC(0) Pause Young (Normal) (G1 Evacuation Pause) 51M->10M(1024M) 4.492ms
[2024-03-01T00:51:30.759+0000][7][gc,cpu      ] GC(0) User=0.02s Sys=0.00s Real=0.01s
[2024-03-01T00:51:30.759+0000][7][safepoint   ] Safepoint "G1CollectForAllocation", Time since last: 78234399 ns, Reaching safepoint: 59634 ns, At safepoint: 4535920 ns, Total: 4595554 ns
[2024-03-01T00:51:31.511+0000][7][safepoint   ] Safepoint "ICBufferFull", Time since last: 751889403 ns, Reaching safepoint: 204665 ns, At safepoint: 2865 ns, Total: 207530 ns
[2024-03-01T00:51:31.618+0000][7][gc,start    ] GC(1) Pause Young (Normal) (G1 Evacuation Pause)
[2024-03-01T00:51:31.618+0000][7][gc,task     ] GC(1) Using 8 workers of 8 for evacuation
[2024-03-01T00:51:31.618+0000][7][gc,age      ] GC(1) Desired survivor size 4194304 bytes, new threshold 1 (max threshold 15)
[2024-03-01T00:51:31.624+0000][7][gc,phases   ] GC(1)   Pre Evacuate Collection Set: 0.1ms
[2024-03-01T00:51:31.624+0000][7][gc,phases   ] GC(1)   Merge Heap Roots: 0.0ms
[2024-03-01T00:51:31.624+0000][7][gc,phases   ] GC(1)   Evacuate Collection Set: 4.8ms
[2024-03-01T00:51:31.624+0000][7][gc,phases   ] GC(1)   Post Evacuate Collection Set: 0.9ms
[2024-03-01T00:51:31.624+0000][7][gc,phases   ] GC(1)   Other: 0.1ms
[2024-03-01T00:51:31.624+0000][7][gc,age      ] GC(1) Age table with threshold 1 (max threshold 15)
[2024-03-01T00:51:31.624+0000][7][gc,age      ] GC(1) - age   1:    1361448 bytes,    1361448 total
[2024-03-01T00:51:31.624+0000][7][gc,heap     ] GC(1) Eden regions: 11->0(20)
[2024-03-01T00:51:31.624+0000][7][gc,heap     ] GC(1) Survivor regions: 2->1(2)
[2024-03-01T00:51:31.624+0000][7][gc,heap     ] GC(1) Old regions: 0->2
[2024-03-01T00:51:31.624+0000][7][gc,heap     ] GC(1) Archive regions: 2->2
[2024-03-01T00:51:31.624+0000][7][gc,heap     ] GC(1) Humongous regions: 0->0
[2024-03-01T00:51:31.624+0000][7][gc,metaspace] GC(1) Metaspace: 15477K(15808K)->15477K(15808K) NonClass: 13706K(13888K)->13706K(13888K) Class: 1771K(1920K)->1771K(1920K)
[2024-03-01T00:51:31.624+0000][7][gc          ] GC(1) Pause Young (Normal) (G1 Evacuation Pause) 54M->11M(1024M) 5.999ms
[2024-03-01T00:51:31.624+0000][7][gc,cpu      ] GC(1) User=0.03s Sys=0.00s Real=0.00s
[2024-03-01T00:51:31.624+0000][7][safepoint   ] Safepoint "G1CollectForAllocation", Time since last: 106200951 ns, Reaching safepoint: 58993 ns, At safepoint: 6035449 ns, Total: 6094442 ns
[2024-03-01T00:51:31.925+0000][7][safepoint   ] Safepoint "ICBufferFull", Time since last: 301177544 ns, Reaching safepoint: 136704 ns, At safepoint: 2602 ns, Total: 139306 ns
[2024-03-01T00:51:31.982+0000][7][gc,start    ] GC(2) Pause Young (Normal) (G1 Evacuation Pause)
[2024-03-01T00:51:31.982+0000][7][gc,task     ] GC(2) Using 8 workers of 8 for evacuation
[2024-03-01T00:51:31.982+0000][7][gc,age      ] GC(2) Desired survivor size 6291456 bytes, new threshold 15 (max threshold 15)
[2024-03-01T00:51:31.985+0000][7][gc,phases   ] GC(2)   Pre Evacuate Collection Set: 0.1ms
[2024-03-01T00:51:31.985+0000][7][gc,phases   ] GC(2)   Merge Heap Roots: 0.0ms
[2024-03-01T00:51:31.985+0000][7][gc,phases   ] GC(2)   Evacuate Collection Set: 2.2ms
[2024-03-01T00:51:31.985+0000][7][gc,phases   ] GC(2)   Post Evacuate Collection Set: 0.3ms
[2024-03-01T00:51:31.985+0000][7][gc,phases   ] GC(2)   Other: 0.1ms
[2024-03-01T00:51:31.985+0000][7][gc,age      ] GC(2) Age table with threshold 15 (max threshold 15)
[2024-03-01T00:51:31.985+0000][7][gc,age      ] GC(2) - age   1:    1940320 bytes,    1940320 total
[2024-03-01T00:51:31.985+0000][7][gc,age      ] GC(2) - age   2:    1279808 bytes,    3220128 total
[2024-03-01T00:51:31.985+0000][7][gc,heap     ] GC(2) Eden regions: 20->0(152)
[2024-03-01T00:51:31.985+0000][7][gc,heap     ] GC(2) Survivor regions: 1->1(3)
[2024-03-01T00:51:31.985+0000][7][gc,heap     ] GC(2) Old regions: 2->2
[2024-03-01T00:51:31.985+0000][7][gc,heap     ] GC(2) Archive regions: 2->2
[2024-03-01T00:51:31.985+0000][7][gc,heap     ] GC(2) Humongous regions: 0->0
[2024-03-01T00:51:31.985+0000][7][gc,metaspace] GC(2) Metaspace: 17075K(17472K)->17075K(17472K) NonClass: 15136K(15360K)->15136K(15360K) Class: 1938K(2112K)->1938K(2112K)
[2024-03-01T00:51:31.985+0000][7][gc          ] GC(2) Pause Young (Normal) (G1 Evacuation Pause) 91M->13M(1024M) 2.779ms
[2024-03-01T00:51:31.985+0000][7][gc,cpu      ] GC(2) User=0.02s Sys=0.00s Real=0.00s
[2024-03-01T00:51:31.985+0000][7][safepoint   ] Safepoint "G1CollectForAllocation", Time since last: 57329737 ns, Reaching safepoint: 46522 ns, At safepoint: 2813844 ns, Total: 2860366 ns
[2024-03-01T00:51:32.293+0000][7][gc,start    ] GC(3) Pause Young (Concurrent Start) (Metadata GC Threshold)
[2024-03-01T00:51:32.293+0000][7][gc,task     ] GC(3) Using 8 workers of 8 for evacuation
[2024-03-01T00:51:32.293+0000][7][gc,age      ] GC(3) Desired survivor size 41943040 bytes, new threshold 15 (max threshold 15)
[2024-03-01T00:51:32.296+0000][7][gc,phases   ] GC(3)   Pre Evacuate Collection Set: 0.1ms
[2024-03-01T00:51:32.296+0000][7][gc,phases   ] GC(3)   Merge Heap Roots: 0.0ms
[2024-03-01T00:51:32.296+0000][7][gc,phases   ] GC(3)   Evacuate Collection Set: 2.2ms
[2024-03-01T00:51:32.296+0000][7][gc,phases   ] GC(3)   Post Evacuate Collection Set: 0.2ms
[2024-03-01T00:51:32.296+0000][7][gc,phases   ] GC(3)   Other: 0.1ms
[2024-03-01T00:51:32.296+0000][7][gc,age      ] GC(3) Age table with threshold 15 (max threshold 15)
[2024-03-01T00:51:32.296+0000][7][gc,age      ] GC(3) - age   1:    1260464 bytes,    1260464 total
[2024-03-01T00:51:32.296+0000][7][gc,age      ] GC(3) - age   2:    1546816 bytes,    2807280 total
[2024-03-01T00:51:32.296+0000][7][gc,age      ] GC(3) - age   3:    1279320 bytes,    4086600 total
[2024-03-01T00:51:32.296+0000][7][gc,heap     ] GC(3) Eden regions: 14->0(151)
[2024-03-01T00:51:32.296+0000][7][gc,heap     ] GC(3) Survivor regions: 1->2(20)
[2024-03-01T00:51:32.296+0000][7][gc,heap     ] GC(3) Old regions: 2->2
[2024-03-01T00:51:32.296+0000][7][gc,heap     ] GC(3) Archive regions: 2->2
[2024-03-01T00:51:32.296+0000][7][gc,heap     ] GC(3) Humongous regions: 0->0
[2024-03-01T00:51:32.296+0000][7][gc,metaspace] GC(3) Metaspace: 21140K(21504K)->21140K(21504K) NonClass: 18776K(19008K)->18776K(19008K) Class: 2363K(2496K)->2363K(2496K)
[2024-03-01T00:51:32.296+0000][7][gc          ] GC(3) Pause Young (Concurrent Start) (Metadata GC Threshold) 68M->14M(1024M) 2.918ms
[2024-03-01T00:51:32.296+0000][7][gc,cpu      ] GC(3) User=0.01s Sys=0.00s Real=0.00s
[2024-03-01T00:51:32.296+0000][7][gc          ] GC(4) Concurrent Mark Cycle
[2024-03-01T00:51:32.296+0000][7][gc,marking  ] GC(4) Concurrent Clear Claimed Marks
[2024-03-01T00:51:32.296+0000][7][gc,marking  ] GC(4) Concurrent Clear Claimed Marks 0.027ms
[2024-03-01T00:51:32.296+0000][7][gc,marking  ] GC(4) Concurrent Scan Root Regions
[2024-03-01T00:51:32.296+0000][7][safepoint   ] Safepoint "CollectForMetadataAllocation", Time since last: 308008640 ns, Reaching safepoint: 100140 ns, At safepoint: 3024899 ns, Total: 3125039 ns
[2024-03-01T00:51:32.299+0000][7][gc,marking  ] GC(4) Concurrent Scan Root Regions 2.785ms
[2024-03-01T00:51:32.299+0000][7][gc,marking  ] GC(4) Concurrent Mark
[2024-03-01T00:51:32.299+0000][7][gc,marking  ] GC(4) Concurrent Mark From Roots
[2024-03-01T00:51:32.299+0000][7][gc,task     ] GC(4) Using 2 workers of 2 for marking
[2024-03-01T00:51:32.305+0000][7][gc,marking  ] GC(4) Concurrent Mark From Roots 5.888ms
[2024-03-01T00:51:32.305+0000][7][gc,marking  ] GC(4) Concurrent Preclean
[2024-03-01T00:51:32.305+0000][7][gc,marking  ] GC(4) Concurrent Preclean 0.030ms
[2024-03-01T00:51:32.305+0000][7][gc,start    ] GC(4) Pause Remark
[2024-03-01T00:51:32.309+0000][7][gc          ] GC(4) Pause Remark 16M->16M(1024M) 4.067ms
[2024-03-01T00:51:32.309+0000][7][gc,cpu      ] GC(4) User=0.01s Sys=0.00s Real=0.01s
[2024-03-01T00:51:32.309+0000][7][safepoint   ] Safepoint "G1Concurrent", Time since last: 8808174 ns, Reaching safepoint: 35499 ns, At safepoint: 4138324 ns, Total: 4173823 ns
[2024-03-01T00:51:32.309+0000][7][gc,marking  ] GC(4) Concurrent Mark 10.201ms
[2024-03-01T00:51:32.309+0000][7][gc,marking  ] GC(4) Concurrent Rebuild Remembered Sets
[2024-03-01T00:51:32.314+0000][7][gc,marking  ] GC(4) Concurrent Rebuild Remembered Sets 4.362ms
[2024-03-01T00:51:32.314+0000][7][gc,start    ] GC(4) Pause Cleanup
[2024-03-01T00:51:32.314+0000][7][gc          ] GC(4) Pause Cleanup 18M->18M(1024M) 0.087ms
[2024-03-01T00:51:32.314+0000][7][gc,cpu      ] GC(4) User=0.00s Sys=0.00s Real=0.00s
[2024-03-01T00:51:32.314+0000][7][safepoint   ] Safepoint "G1Concurrent", Time since last: 4509123 ns, Reaching safepoint: 99781 ns, At safepoint: 114659 ns, Total: 214440 ns
[2024-03-01T00:51:32.314+0000][7][gc,marking  ] GC(4) Concurrent Cleanup for Next Mark
[2024-03-01T00:51:32.316+0000][7][gc,marking  ] GC(4) Concurrent Cleanup for Next Mark 1.639ms
[2024-03-01T00:51:32.316+0000][7][gc          ] GC(4) Concurrent Mark Cycle 19.468ms
[2024-03-01T00:51:33.088+0000][7][safepoint   ] Safepoint "ICBufferFull", Time since last: 773679811 ns, Reaching safepoint: 117491 ns, At safepoint: 1931 ns, Total: 119422 ns
[2024-03-01T00:51:33.817+0000][7][gc,start    ] GC(5) Pause Young (Normal) (G1 Evacuation Pause)
[2024-03-01T00:51:33.817+0000][7][gc,task     ] GC(5) Using 8 workers of 8 for evacuation
[2024-03-01T00:51:33.817+0000][7][gc,age      ] GC(5) Desired survivor size 41943040 bytes, new threshold 15 (max threshold 15)
[2024-03-01T00:51:33.824+0000][7][gc,phases   ] GC(5)   Pre Evacuate Collection Set: 0.1ms
[2024-03-01T00:51:33.824+0000][7][gc,phases   ] GC(5)   Merge Heap Roots: 0.0ms
[2024-03-01T00:51:33.824+0000][7][gc,phases   ] GC(5)   Evacuate Collection Set: 6.5ms
[2024-03-01T00:51:33.824+0000][7][gc,phases   ] GC(5)   Post Evacuate Collection Set: 0.6ms
[2024-03-01T00:51:33.824+0000][7][gc,phases   ] GC(5)   Other: 0.1ms
[2024-03-01T00:51:33.824+0000][7][gc,age      ] GC(5) Age table with threshold 15 (max threshold 15)
[2024-03-01T00:51:33.824+0000][7][gc,age      ] GC(5) - age   1:   11109240 bytes,   11109240 total
[2024-03-01T00:51:33.824+0000][7][gc,age      ] GC(5) - age   2:    1231120 bytes,   12340360 total
[2024-03-01T00:51:33.824+0000][7][gc,age      ] GC(5) - age   3:    1542392 bytes,   13882752 total
[2024-03-01T00:51:33.824+0000][7][gc,age      ] GC(5) - age   4:    1252744 bytes,   15135496 total
[2024-03-01T00:51:33.824+0000][7][gc,heap     ] GC(5) Eden regions: 151->0(149)
[2024-03-01T00:51:33.824+0000][7][gc,heap     ] GC(5) Survivor regions: 2->4(20)
[2024-03-01T00:51:33.824+0000][7][gc,heap     ] GC(5) Old regions: 2->2
[2024-03-01T00:51:33.824+0000][7][gc,heap     ] GC(5) Archive regions: 2->2
[2024-03-01T00:51:33.824+0000][7][gc,heap     ] GC(5) Humongous regions: 0->0
[2024-03-01T00:51:33.825+0000][7][gc,metaspace] GC(5) Metaspace: 29704K(30400K)->29704K(30400K) NonClass: 26285K(26688K)->26285K(26688K) Class: 3418K(3712K)->3418K(3712K)
[2024-03-01T00:51:33.825+0000][7][gc          ] GC(5) Pause Young (Normal) (G1 Evacuation Pause) 618M->25M(1024M) 7.363ms
[2024-03-01T00:51:33.825+0000][7][gc,cpu      ] GC(5) User=0.05s Sys=0.00s Real=0.00s
[2024-03-01T00:51:33.825+0000][7][safepoint   ] Safepoint "G1CollectForAllocation", Time since last: 729208488 ns, Reaching safepoint: 136894 ns, At safepoint: 7399148 ns, Total: 7536042 ns
[2024-03-01T00:51:34.782+0000][7][safepoint   ] Safepoint "ICBufferFull", Time since last: 957593397 ns, Reaching safepoint: 208578 ns, At safepoint: 3933 ns, Total: 212511 ns
[2024-03-01T00:51:34.872+0000][7][gc,start    ] GC(6) Pause Young (Concurrent Start) (Metadata GC Threshold)
[2024-03-01T00:51:34.872+0000][7][gc,task     ] GC(6) Using 8 workers of 8 for evacuation
[2024-03-01T00:51:34.872+0000][7][gc,age      ] GC(6) Desired survivor size 41943040 bytes, new threshold 15 (max threshold 15)
[2024-03-01T00:51:34.883+0000][7][gc,phases   ] GC(6)   Pre Evacuate Collection Set: 0.3ms
[2024-03-01T00:51:34.883+0000][7][gc,phases   ] GC(6)   Merge Heap Roots: 0.1ms
[2024-03-01T00:51:34.883+0000][7][gc,phases   ] GC(6)   Evacuate Collection Set: 9.2ms
[2024-03-01T00:51:34.883+0000][7][gc,phases   ] GC(6)   Post Evacuate Collection Set: 0.6ms
[2024-03-01T00:51:34.883+0000][7][gc,phases   ] GC(6)   Other: 0.1ms
[2024-03-01T00:51:34.883+0000][7][gc,age      ] GC(6) Age table with threshold 15 (max threshold 15)
[2024-03-01T00:51:34.883+0000][7][gc,age      ] GC(6) - age   1:    4532544 bytes,    4532544 total
[2024-03-01T00:51:34.883+0000][7][gc,age      ] GC(6) - age   2:    8970448 bytes,   13502992 total
[2024-03-01T00:51:34.883+0000][7][gc,age      ] GC(6) - age   3:    1207784 bytes,   14710776 total
[2024-03-01T00:51:34.883+0000][7][gc,age      ] GC(6) - age   4:    1479368 bytes,   16190144 total
[2024-03-01T00:51:34.883+0000][7][gc,age      ] GC(6) - age   5:    1241640 bytes,   17431784 total
[2024-03-01T00:51:34.883+0000][7][gc,heap     ] GC(6) Eden regions: 103->0(148)
[2024-03-01T00:51:34.883+0000][7][gc,heap     ] GC(6) Survivor regions: 4->5(20)
[2024-03-01T00:51:34.883+0000][7][gc,heap     ] GC(6) Old regions: 2->2
[2024-03-01T00:51:34.883+0000][7][gc,heap     ] GC(6) Archive regions: 2->2
[2024-03-01T00:51:34.883+0000][7][gc,heap     ] GC(6) Humongous regions: 0->0
[2024-03-01T00:51:34.883+0000][7][gc,metaspace] GC(6) Metaspace: 35181K(35968K)->35181K(35968K) NonClass: 31056K(31488K)->31056K(31488K) Class: 4124K(4480K)->4124K(4480K)
[2024-03-01T00:51:34.883+0000][7][gc          ] GC(6) Pause Young (Concurrent Start) (Metadata GC Threshold) 437M->27M(1024M) 10.542ms
[2024-03-01T00:51:34.883+0000][7][gc,cpu      ] GC(6) User=0.03s Sys=0.02s Real=0.01s
[2024-03-01T00:51:34.883+0000][7][gc          ] GC(7) Concurrent Mark Cycle
[2024-03-01T00:51:34.883+0000][7][gc,marking  ] GC(7) Concurrent Clear Claimed Marks
[2024-03-01T00:51:34.883+0000][7][safepoint   ] Safepoint "CollectForMetadataAllocation", Time since last: 89837920 ns, Reaching safepoint: 124050 ns, At safepoint: 10657806 ns, Total: 10781856 ns
[2024-03-01T00:51:34.883+0000][7][gc,marking  ] GC(7) Concurrent Clear Claimed Marks 0.055ms
[2024-03-01T00:51:34.883+0000][7][gc,marking  ] GC(7) Concurrent Scan Root Regions
[2024-03-01T00:51:34.888+0000][7][gc,marking  ] GC(7) Concurrent Scan Root Regions 4.552ms
[2024-03-01T00:51:34.888+0000][7][gc,marking  ] GC(7) Concurrent Mark
[2024-03-01T00:51:34.888+0000][7][gc,marking  ] GC(7) Concurrent Mark From Roots
[2024-03-01T00:51:34.888+0000][7][gc,task     ] GC(7) Using 2 workers of 2 for marking
[2024-03-01T00:51:34.895+0000][7][gc,marking  ] GC(7) Concurrent Mark From Roots 7.443ms
[2024-03-01T00:51:34.895+0000][7][gc,marking  ] GC(7) Concurrent Preclean
[2024-03-01T00:51:34.895+0000][7][gc,marking  ] GC(7) Concurrent Preclean 0.071ms
[2024-03-01T00:51:34.895+0000][7][gc,start    ] GC(7) Pause Remark
[2024-03-01T00:51:34.899+0000][7][gc          ] GC(7) Pause Remark 29M->29M(1024M) 3.914ms
[2024-03-01T00:51:34.899+0000][7][gc,cpu      ] GC(7) User=0.02s Sys=0.00s Real=0.01s
[2024-03-01T00:51:34.899+0000][7][safepoint   ] Safepoint "G1Concurrent", Time since last: 12216576 ns, Reaching safepoint: 29443 ns, At safepoint: 3995025 ns, Total: 4024468 ns
[2024-03-01T00:51:34.899+0000][7][gc,marking  ] GC(7) Concurrent Mark 11.666ms
[2024-03-01T00:51:34.899+0000][7][gc,marking  ] GC(7) Concurrent Rebuild Remembered Sets
[2024-03-01T00:51:34.902+0000][7][gc,marking  ] GC(7) Concurrent Rebuild Remembered Sets 2.478ms
[2024-03-01T00:51:34.902+0000][7][gc,start    ] GC(7) Pause Cleanup
[2024-03-01T00:51:34.902+0000][7][gc          ] GC(7) Pause Cleanup 29M->29M(1024M) 0.064ms
[2024-03-01T00:51:34.902+0000][7][gc,cpu      ] GC(7) User=0.00s Sys=0.00s Real=0.00s
[2024-03-01T00:51:34.902+0000][7][safepoint   ] Safepoint "G1Concurrent", Time since last: 2597831 ns, Reaching safepoint: 26021 ns, At safepoint: 91557 ns, Total: 117578 ns
[2024-03-01T00:51:34.902+0000][7][gc,marking  ] GC(7) Concurrent Cleanup for Next Mark
[2024-03-01T00:51:34.904+0000][7][gc,marking  ] GC(7) Concurrent Cleanup for Next Mark 2.206ms
[2024-03-01T00:51:34.904+0000][7][gc          ] GC(7) Concurrent Mark Cycle 21.324ms
[2024-03-01T00:51:35.624+0000][7][safepoint   ] Safepoint "ICBufferFull", Time since last: 722062249 ns, Reaching safepoint: 209806 ns, At safepoint: 5865 ns, Total: 215671 ns
[2024-03-01T00:51:36.347+0000][7][safepoint   ] Safepoint "ICBufferFull", Time since last: 722295617 ns, Reaching safepoint: 247018 ns, At safepoint: 3796 ns, Total: 250814 ns
[2024-03-01T00:51:36.825+0000][7][safepoint   ] Safepoint "ICBufferFull", Time since last: 477865236 ns, Reaching safepoint: 108309 ns, At safepoint: 2636 ns, Total: 110945 ns
[2024-03-01T00:51:37.520+0000][7][gc,start    ] GC(8) Pause Young (Concurrent Start) (Metadata GC Threshold)
[2024-03-01T00:51:37.520+0000][7][gc,task     ] GC(8) Using 8 workers of 8 for evacuation
[2024-03-01T00:51:37.520+0000][7][gc,age      ] GC(8) Desired survivor size 41943040 bytes, new threshold 15 (max threshold 15)
[2024-03-01T00:51:37.542+0000][7][gc,phases   ] GC(8)   Pre Evacuate Collection Set: 0.2ms
[2024-03-01T00:51:37.542+0000][7][gc,phases   ] GC(8)   Merge Heap Roots: 0.0ms
[2024-03-01T00:51:37.542+0000][7][gc,phases   ] GC(8)   Evacuate Collection Set: 20.0ms
[2024-03-01T00:51:37.542+0000][7][gc,phases   ] GC(8)   Post Evacuate Collection Set: 1.4ms
[2024-03-01T00:51:37.542+0000][7][gc,phases   ] GC(8)   Other: 0.1ms
[2024-03-01T00:51:37.542+0000][7][gc,age      ] GC(8) Age table with threshold 15 (max threshold 15)
[2024-03-01T00:51:37.542+0000][7][gc,age      ] GC(8) - age   1:   24631160 bytes,   24631160 total
[2024-03-01T00:51:37.542+0000][7][gc,age      ] GC(8) - age   2:    4352328 bytes,   28983488 total
[2024-03-01T00:51:37.542+0000][7][gc,age      ] GC(8) - age   3:    8886688 bytes,   37870176 total
[2024-03-01T00:51:37.542+0000][7][gc,age      ] GC(8) - age   4:    1198720 bytes,   39068896 total
[2024-03-01T00:51:37.542+0000][7][gc,age      ] GC(8) - age   5:    1473120 bytes,   40542016 total
[2024-03-01T00:51:37.542+0000][7][gc,age      ] GC(8) - age   6:    1226912 bytes,   41768928 total
[2024-03-01T00:51:37.542+0000][7][gc,heap     ] GC(8) Eden regions: 101->0(142)
[2024-03-01T00:51:37.542+0000][7][gc,heap     ] GC(8) Survivor regions: 5->11(20)
[2024-03-01T00:51:37.542+0000][7][gc,heap     ] GC(8) Old regions: 2->2
[2024-03-01T00:51:37.542+0000][7][gc,heap     ] GC(8) Archive regions: 2->2
[2024-03-01T00:51:37.542+0000][7][gc,heap     ] GC(8) Humongous regions: 0->0
[2024-03-01T00:51:37.542+0000][7][gc,metaspace] GC(8) Metaspace: 58778K(60160K)->58778K(60160K) NonClass: 51206K(51968K)->51206K(51968K) Class: 7572K(8192K)->7572K(8192K)
[2024-03-01T00:51:37.542+0000][7][gc          ] GC(8) Pause Young (Concurrent Start) (Metadata GC Threshold) 429M->50M(1024M) 21.850ms
[2024-03-01T00:51:37.542+0000][7][gc,cpu      ] GC(8) User=0.14s Sys=0.00s Real=0.02s
[2024-03-01T00:51:37.542+0000][7][gc          ] GC(9) Concurrent Mark Cycle
[2024-03-01T00:51:37.542+0000][7][gc,marking  ] GC(9) Concurrent Clear Claimed Marks
[2024-03-01T00:51:37.542+0000][7][safepoint   ] Safepoint "CollectForMetadataAllocation", Time since last: 695377727 ns, Reaching safepoint: 116416 ns, At safepoint: 21943563 ns, Total: 22059979 ns
[2024-03-01T00:51:37.542+0000][7][gc,marking  ] GC(9) Concurrent Clear Claimed Marks 0.108ms
[2024-03-01T00:51:37.542+0000][7][gc,marking  ] GC(9) Concurrent Scan Root Regions
[2024-03-01T00:51:37.557+0000][7][gc,marking  ] GC(9) Concurrent Scan Root Regions 15.186ms
[2024-03-01T00:51:37.557+0000][7][gc,marking  ] GC(9) Concurrent Mark
[2024-03-01T00:51:37.557+0000][7][gc,marking  ] GC(9) Concurrent Mark From Roots
[2024-03-01T00:51:37.557+0000][7][gc,task     ] GC(9) Using 2 workers of 2 for marking
[2024-03-01T00:51:37.561+0000][7][safepoint   ] Safepoint "CollectForMetadataAllocation", Time since last: 19110052 ns, Reaching safepoint: 122663 ns, At safepoint: 57263 ns, Total: 179926 ns
[2024-03-01T00:51:37.564+0000][7][gc,marking  ] GC(9) Concurrent Mark From Roots 6.133ms
[2024-03-01T00:51:37.564+0000][7][gc,marking  ] GC(9) Concurrent Preclean
[2024-03-01T00:51:37.564+0000][7][gc,marking  ] GC(9) Concurrent Preclean 0.042ms
[2024-03-01T00:51:37.564+0000][7][gc,start    ] GC(9) Pause Remark
[2024-03-01T00:51:37.566+0000][7][gc          ] GC(9) Pause Remark 52M->52M(1024M) 2.493ms
[2024-03-01T00:51:37.566+0000][7][gc,cpu      ] GC(9) User=0.01s Sys=0.00s Real=0.00s
[2024-03-01T00:51:37.566+0000][7][safepoint   ] Safepoint "G1Concurrent", Time since last: 2250186 ns, Reaching safepoint: 15838 ns, At safepoint: 2556410 ns, Total: 2572248 ns
[2024-03-01T00:51:37.566+0000][7][gc,marking  ] GC(9) Concurrent Mark 8.826ms
[2024-03-01T00:51:37.566+0000][7][gc,marking  ] GC(9) Concurrent Rebuild Remembered Sets
[2024-03-01T00:51:37.569+0000][7][gc,marking  ] GC(9) Concurrent Rebuild Remembered Sets 2.390ms
[2024-03-01T00:51:37.569+0000][7][gc,start    ] GC(9) Pause Cleanup
[2024-03-01T00:51:37.569+0000][7][gc          ] GC(9) Pause Cleanup 54M->54M(1024M) 0.066ms
[2024-03-01T00:51:37.569+0000][7][gc,cpu      ] GC(9) User=0.00s Sys=0.00s Real=0.00s
[2024-03-01T00:51:37.569+0000][7][safepoint   ] Safepoint "G1Concurrent", Time since last: 2486789 ns, Reaching safepoint: 87654 ns, At safepoint: 100939 ns, Total: 188593 ns
[2024-03-01T00:51:37.569+0000][7][gc,marking  ] GC(9) Concurrent Cleanup for Next Mark
[2024-03-01T00:51:37.570+0000][7][gc,marking  ] GC(9) Concurrent Cleanup for Next Mark 1.221ms
[2024-03-01T00:51:37.570+0000][7][gc          ] GC(9) Concurrent Mark Cycle 28.120ms
[2024-03-01T00:51:38.477+0000][7][safepoint   ] Safepoint "ICBufferFull", Time since last: 908213788 ns, Reaching safepoint: 150723 ns, At safepoint: 2322 ns, Total: 153045 ns
[2024-03-01T00:51:39.611+0000][7][safepoint   ] Safepoint "ICBufferFull", Time since last: 1133254108 ns, Reaching safepoint: 746136 ns, At safepoint: 8280 ns, Total: 754416 ns
[2024-03-01T00:51:40.433+0000][7][safepoint   ] Safepoint "ICBufferFull", Time since last: 821446686 ns, Reaching safepoint: 196887 ns, At safepoint: 3581 ns, Total: 200468 ns
[2024-03-01T00:51:40.857+0000][7][safepoint   ] Safepoint "ICBufferFull", Time since last: 424131243 ns, Reaching safepoint: 328611 ns, At safepoint: 5826 ns, Total: 334437 ns
[2024-03-01T00:51:41.295+0000][7][gc,start    ] GC(10) Pause Young (Concurrent Start) (Metadata GC Threshold)
[2024-03-01T00:51:41.295+0000][7][gc,task     ] GC(10) Using 8 workers of 8 for evacuation
[2024-03-01T00:51:41.295+0000][7][gc,age      ] GC(10) Desired survivor size 41943040 bytes, new threshold 15 (max threshold 15)
[2024-03-01T00:51:41.331+0000][7][gc,phases   ] GC(10)   Pre Evacuate Collection Set: 0.3ms
[2024-03-01T00:51:41.331+0000][7][gc,phases   ] GC(10)   Merge Heap Roots: 0.0ms
[2024-03-01T00:51:41.331+0000][7][gc,phases   ] GC(10)   Evacuate Collection Set: 32.8ms
[2024-03-01T00:51:41.331+0000][7][gc,phases   ] GC(10)   Post Evacuate Collection Set: 2.5ms
[2024-03-01T00:51:41.331+0000][7][gc,phases   ] GC(10)   Other: 0.1ms
[2024-03-01T00:51:41.331+0000][7][gc,age      ] GC(10) Age table with threshold 15 (max threshold 15)
[2024-03-01T00:51:41.331+0000][7][gc,age      ] GC(10) - age   1:   17538864 bytes,   17538864 total
[2024-03-01T00:51:41.331+0000][7][gc,age      ] GC(10) - age   2:   23981824 bytes,   41520688 total
[2024-03-01T00:51:41.331+0000][7][gc,age      ] GC(10) - age   3:    4317464 bytes,   45838152 total
[2024-03-01T00:51:41.331+0000][7][gc,age      ] GC(10) - age   4:    8849584 bytes,   54687736 total
[2024-03-01T00:51:41.331+0000][7][gc,age      ] GC(10) - age   5:    1194376 bytes,   55882112 total
[2024-03-01T00:51:41.331+0000][7][gc,age      ] GC(10) - age   6:    1469040 bytes,   57351152 total
[2024-03-01T00:51:41.331+0000][7][gc,age      ] GC(10) - age   7:    1223696 bytes,   58574848 total
[2024-03-01T00:51:41.331+0000][7][gc,heap     ] GC(10) Eden regions: 118->0(138)
[2024-03-01T00:51:41.331+0000][7][gc,heap     ] GC(10) Survivor regions: 11->15(20)
[2024-03-01T00:51:41.331+0000][7][gc,heap     ] GC(10) Old regions: 2->2
[2024-03-01T00:51:41.331+0000][7][gc,heap     ] GC(10) Archive regions: 2->2
[2024-03-01T00:51:41.331+0000][7][gc,heap     ] GC(10) Humongous regions: 0->0
[2024-03-01T00:51:41.331+0000][7][gc,metaspace] GC(10) Metaspace: 98164K(100928K)->98164K(100928K) NonClass: 84898K(86336K)->84898K(86336K) Class: 13266K(14592K)->13266K(14592K)
[2024-03-01T00:51:41.331+0000][7][gc          ] GC(10) Pause Young (Concurrent Start) (Metadata GC Threshold) 520M->69M(1024M) 35.911ms
[2024-03-01T00:51:41.331+0000][7][gc          ] GC(11) Concurrent Mark Cycle
[2024-03-01T00:51:41.331+0000][7][gc,cpu      ] GC(10) User=0.26s Sys=0.00s Real=0.04s
[2024-03-01T00:51:41.331+0000][7][gc,marking  ] GC(11) Concurrent Clear Claimed Marks
[2024-03-01T00:51:41.331+0000][7][safepoint   ] Safepoint "CollectForMetadataAllocation", Time since last: 436960806 ns, Reaching safepoint: 403350 ns, At safepoint: 36056619 ns, Total: 36459969 ns
[2024-03-01T00:51:41.331+0000][7][gc,marking  ] GC(11) Concurrent Clear Claimed Marks 0.322ms
[2024-03-01T00:51:41.331+0000][7][gc,marking  ] GC(11) Concurrent Scan Root Regions
[2024-03-01T00:51:41.358+0000][7][gc,marking  ] GC(11) Concurrent Scan Root Regions 26.537ms
[2024-03-01T00:51:41.358+0000][7][gc,marking  ] GC(11) Concurrent Mark
[2024-03-01T00:51:41.358+0000][7][gc,marking  ] GC(11) Concurrent Mark From Roots
[2024-03-01T00:51:41.358+0000][7][gc,task     ] GC(11) Using 2 workers of 2 for marking
[2024-03-01T00:51:41.364+0000][7][gc,marking  ] GC(11) Concurrent Mark From Roots 6.496ms
[2024-03-01T00:51:41.364+0000][7][gc,marking  ] GC(11) Concurrent Preclean
[2024-03-01T00:51:41.364+0000][7][gc,marking  ] GC(11) Concurrent Preclean 0.052ms
[2024-03-01T00:51:41.365+0000][7][gc,start    ] GC(11) Pause Remark
[2024-03-01T00:51:41.368+0000][7][gc          ] GC(11) Pause Remark 73M->73M(1024M) 3.491ms
[2024-03-01T00:51:41.368+0000][7][gc,cpu      ] GC(11) User=0.01s Sys=0.01s Real=0.00s
[2024-03-01T00:51:41.368+0000][7][safepoint   ] Safepoint "G1Concurrent", Time since last: 33491531 ns, Reaching safepoint: 164670 ns, At safepoint: 3556712 ns, Total: 3721382 ns
[2024-03-01T00:51:41.368+0000][7][gc,marking  ] GC(11) Concurrent Mark 10.399ms
[2024-03-01T00:51:41.368+0000][7][gc,marking  ] GC(11) Concurrent Rebuild Remembered Sets
[2024-03-01T00:51:41.371+0000][7][gc,marking  ] GC(11) Concurrent Rebuild Remembered Sets 2.597ms
[2024-03-01T00:51:41.371+0000][7][gc,start    ] GC(11) Pause Cleanup
[2024-03-01T00:51:41.371+0000][7][gc          ] GC(11) Pause Cleanup 73M->73M(1024M) 0.073ms
[2024-03-01T00:51:41.371+0000][7][gc,cpu      ] GC(11) User=0.00s Sys=0.00s Real=0.00s
[2024-03-01T00:51:41.371+0000][7][safepoint   ] Safepoint "G1Concurrent", Time since last: 2738324 ns, Reaching safepoint: 23449 ns, At safepoint: 99440 ns, Total: 122889 ns
[2024-03-01T00:51:41.371+0000][7][gc,marking  ] GC(11) Concurrent Cleanup for Next Mark
[2024-03-01T00:51:41.373+0000][7][gc,marking  ] GC(11) Concurrent Cleanup for Next Mark 1.571ms
[2024-03-01T00:51:41.373+0000][7][gc          ] GC(11) Concurrent Mark Cycle 41.808ms
[2024-03-01T00:51:41.517+0000][7][safepoint   ] Safepoint "ICBufferFull", Time since last: 146059024 ns, Reaching safepoint: 177092 ns, At safepoint: 3534 ns, Total: 180626 ns
[2024-03-01T00:51:41.773+0000][7][safepoint   ] Safepoint "ICBufferFull", Time since last: 255895114 ns, Reaching safepoint: 172324 ns, At safepoint: 5681 ns, Total: 178005 ns
[2024-03-01T00:51:42.166+0000][7][safepoint   ] Safepoint "ICBufferFull", Time since last: 392596223 ns, Reaching safepoint: 154617 ns, At safepoint: 7443 ns, Total: 162060 ns
[2024-03-01T00:51:42.559+0000][7][safepoint   ] Safepoint "ICBufferFull", Time since last: 393132304 ns, Reaching safepoint: 143903 ns, At safepoint: 8119 ns, Total: 152022 ns
[2024-03-01T00:51:42.692+0000][7][safepoint   ] Safepoint "ICBufferFull", Time since last: 132918534 ns, Reaching safepoint: 185264 ns, At safepoint: 5943 ns, Total: 191207 ns
[2024-03-01T00:51:42.804+0000][7][safepoint   ] Safepoint "ICBufferFull", Time since last: 111123805 ns, Reaching safepoint: 106961 ns, At safepoint: 3458 ns, Total: 110419 ns
[2024-03-01T00:51:42.927+0000][7][safepoint   ] Safepoint "ICBufferFull", Time since last: 122935801 ns, Reaching safepoint: 142370 ns, At safepoint: 7069 ns, Total: 149439 ns
[2024-03-01T00:51:43.170+0000][7][safepoint   ] Safepoint "ICBufferFull", Time since last: 242746526 ns, Reaching safepoint: 166262 ns, At safepoint: 11726 ns, Total: 177988 ns
[2024-03-01T00:51:43.717+0000][7][safepoint   ] Safepoint "ICBufferFull", Time since last: 547547483 ns, Reaching safepoint: 172340 ns, At safepoint: 4816 ns, Total: 177156 ns
[2024-03-01T00:51:44.206+0000][7][gc,start    ] GC(12) Pause Young (Normal) (G1 Evacuation Pause)
[2024-03-01T00:51:44.206+0000][7][gc,task     ] GC(12) Using 8 workers of 8 for evacuation
[2024-03-01T00:51:44.206+0000][7][gc,age      ] GC(12) Desired survivor size 41943040 bytes, new threshold 3 (max threshold 15)
[2024-03-01T00:51:44.260+0000][7][gc,phases   ] GC(12)   Pre Evacuate Collection Set: 0.1ms
[2024-03-01T00:51:44.260+0000][7][gc,phases   ] GC(12)   Merge Heap Roots: 0.1ms
[2024-03-01T00:51:44.260+0000][7][gc,phases   ] GC(12)   Evacuate Collection Set: 50.4ms
[2024-03-01T00:51:44.260+0000][7][gc,phases   ] GC(12)   Post Evacuate Collection Set: 3.3ms
[2024-03-01T00:51:44.260+0000][7][gc,phases   ] GC(12)   Other: 0.1ms
[2024-03-01T00:51:44.260+0000][7][gc,age      ] GC(12) Age table with threshold 3 (max threshold 15)
[2024-03-01T00:51:44.260+0000][7][gc,age      ] GC(12) - age   1:   16642904 bytes,   16642904 total
[2024-03-01T00:51:44.260+0000][7][gc,age      ] GC(12) - age   2:   16777400 bytes,   33420304 total
[2024-03-01T00:51:44.260+0000][7][gc,age      ] GC(12) - age   3:   23754416 bytes,   57174720 total
[2024-03-01T00:51:44.260+0000][7][gc,heap     ] GC(12) Eden regions: 138->0(138)
[2024-03-01T00:51:44.260+0000][7][gc,heap     ] GC(12) Survivor regions: 15->15(20)
[2024-03-01T00:51:44.260+0000][7][gc,heap     ] GC(12) Old regions: 2->6
[2024-03-01T00:51:44.260+0000][7][gc,heap     ] GC(12) Archive regions: 2->2
[2024-03-01T00:51:44.260+0000][7][gc,heap     ] GC(12) Humongous regions: 0->0
[2024-03-01T00:51:44.260+0000][7][gc,metaspace] GC(12) Metaspace: 110772K(113856K)->110772K(113856K) NonClass: 95723K(97344K)->95723K(97344K) Class: 15049K(16512K)->15049K(16512K)
[2024-03-01T00:51:44.260+0000][7][gc          ] GC(12) Pause Young (Normal) (G1 Evacuation Pause) 621M->86M(1024M) 54.228ms
[2024-03-01T00:51:44.260+0000][7][gc,cpu      ] GC(12) User=0.30s Sys=0.00s Real=0.06s
[2024-03-01T00:51:44.260+0000][7][safepoint   ] Safepoint "G1CollectForAllocation", Time since last: 488374866 ns, Reaching safepoint: 190305 ns, At safepoint: 54318890 ns, Total: 54509195 ns
[2024-03-01T00:51:45.120+0000][7][safepoint   ] Safepoint "ICBufferFull", Time since last: 859125041 ns, Reaching safepoint: 955309 ns, At safepoint: 7342 ns, Total: 962651 ns
[2024-03-01T00:51:45.181+0000][7][gc,start    ] GC(13) Pause Young (Normal) (G1 Evacuation Pause)
[2024-03-01T00:51:45.181+0000][7][gc,task     ] GC(13) Using 8 workers of 8 for evacuation
[2024-03-01T00:51:45.181+0000][7][gc,age      ] GC(13) Desired survivor size 41943040 bytes, new threshold 3 (max threshold 15)
[2024-03-01T00:51:45.207+0000][7][gc,phases   ] GC(13)   Pre Evacuate Collection Set: 0.1ms
[2024-03-01T00:51:45.207+0000][7][gc,phases   ] GC(13)   Merge Heap Roots: 0.1ms
[2024-03-01T00:51:45.207+0000][7][gc,phases   ] GC(13)   Evacuate Collection Set: 24.0ms
[2024-03-01T00:51:45.207+0000][7][gc,phases   ] GC(13)   Post Evacuate Collection Set: 1.5ms
[2024-03-01T00:51:45.207+0000][7][gc,phases   ] GC(13)   Other: 0.1ms
[2024-03-01T00:51:45.207+0000][7][gc,age      ] GC(13) Age table with threshold 3 (max threshold 15)
[2024-03-01T00:51:45.207+0000][7][gc,age      ] GC(13) - age   1:    3530624 bytes,    3530624 total
[2024-03-01T00:51:45.207+0000][7][gc,age      ] GC(13) - age   2:   15945208 bytes,   19475832 total
[2024-03-01T00:51:45.207+0000][7][gc,age      ] GC(13) - age   3:   16767432 bytes,   36243264 total
[2024-03-01T00:51:45.207+0000][7][gc,heap     ] GC(13) Eden regions: 138->0(142)
[2024-03-01T00:51:45.207+0000][7][gc,heap     ] GC(13) Survivor regions: 15->11(20)
[2024-03-01T00:51:45.207+0000][7][gc,heap     ] GC(13) Old regions: 6->12
[2024-03-01T00:51:45.207+0000][7][gc,heap     ] GC(13) Archive regions: 2->2
[2024-03-01T00:51:45.207+0000][7][gc,heap     ] GC(13) Humongous regions: 0->0
[2024-03-01T00:51:45.207+0000][7][gc,metaspace] GC(13) Metaspace: 112262K(115392K)->112262K(115392K) NonClass: 97025K(98688K)->97025K(98688K) Class: 15237K(16704K)->15237K(16704K)
[2024-03-01T00:51:45.207+0000][7][gc          ] GC(13) Pause Young (Normal) (G1 Evacuation Pause) 638M->91M(1024M) 25.952ms
[2024-03-01T00:51:45.207+0000][7][gc,cpu      ] GC(13) User=0.16s Sys=0.00s Real=0.02s
[2024-03-01T00:51:45.207+0000][7][safepoint   ] Safepoint "G1CollectForAllocation", Time since last: 60472394 ns, Reaching safepoint: 76772 ns, At safepoint: 26022731 ns, Total: 26099503 ns
[2024-03-01T00:51:45.655+0000][7][safepoint   ] Safepoint "ICBufferFull", Time since last: 447555029 ns, Reaching safepoint: 203884 ns, At safepoint: 10244 ns, Total: 214128 ns
[2024-03-01T00:51:45.847+0000][7][safepoint   ] Safepoint "ICBufferFull", Time since last: 192563324 ns, Reaching safepoint: 192992 ns, At safepoint: 4258 ns, Total: 197250 ns
[2024-03-01T00:51:46.037+0000][7][safepoint   ] Safepoint "ICBufferFull", Time since last: 188908724 ns, Reaching safepoint: 185206 ns, At safepoint: 3503 ns, Total: 188709 ns
[2024-03-01T00:51:46.420+0000][7][gc,start    ] GC(14) Pause Young (Normal) (G1 Evacuation Pause)
[2024-03-01T00:51:46.420+0000][7][gc,task     ] GC(14) Using 8 workers of 8 for evacuation
[2024-03-01T00:51:46.420+0000][7][gc,age      ] GC(14) Desired survivor size 41943040 bytes, new threshold 15 (max threshold 15)
[2024-03-01T00:51:46.440+0000][7][gc,phases   ] GC(14)   Pre Evacuate Collection Set: 0.1ms
[2024-03-01T00:51:46.440+0000][7][gc,phases   ] GC(14)   Merge Heap Roots: 0.1ms
[2024-03-01T00:51:46.440+0000][7][gc,phases   ] GC(14)   Evacuate Collection Set: 18.2ms
[2024-03-01T00:51:46.440+0000][7][gc,phases   ] GC(14)   Post Evacuate Collection Set: 1.6ms
[2024-03-01T00:51:46.440+0000][7][gc,phases   ] GC(14)   Other: 0.1ms
[2024-03-01T00:51:46.440+0000][7][gc,age      ] GC(14) Age table with threshold 15 (max threshold 15)
[2024-03-01T00:51:46.440+0000][7][gc,age      ] GC(14) - age   1:    9363176 bytes,    9363176 total
[2024-03-01T00:51:46.440+0000][7][gc,age      ] GC(14) - age   2:    2464216 bytes,   11827392 total
[2024-03-01T00:51:46.440+0000][7][gc,age      ] GC(14) - age   3:   15000880 bytes,   26828272 total
[2024-03-01T00:51:46.440+0000][7][gc,age      ] GC(14) - age   4:   16760472 bytes,   43588744 total
[2024-03-01T00:51:46.440+0000][7][gc,heap     ] GC(14) Eden regions: 142->0(141)
[2024-03-01T00:51:46.440+0000][7][gc,heap     ] GC(14) Survivor regions: 11->12(20)
[2024-03-01T00:51:46.440+0000][7][gc,heap     ] GC(14) Old regions: 12->12
[2024-03-01T00:51:46.440+0000][7][gc,heap     ] GC(14) Archive regions: 2->2
[2024-03-01T00:51:46.440+0000][7][gc,heap     ] GC(14) Humongous regions: 0->0
[2024-03-01T00:51:46.440+0000][7][gc,metaspace] GC(14) Metaspace: 115571K(118720K)->115571K(118720K) NonClass: 99869K(101504K)->99869K(101504K) Class: 15702K(17216K)->15702K(17216K)
[2024-03-01T00:51:46.440+0000][7][gc          ] GC(14) Pause Young (Normal) (G1 Evacuation Pause) 659M->96M(1024M) 20.145ms
[2024-03-01T00:51:46.440+0000][7][gc,cpu      ] GC(14) User=0.14s Sys=0.00s Real=0.02s
[2024-03-01T00:51:46.440+0000][7][safepoint   ] Safepoint "G1CollectForAllocation", Time since last: 383515067 ns, Reaching safepoint: 204980 ns, At safepoint: 20214262 ns, Total: 20419242 ns
[2024-03-01T00:51:47.223+0000][7][gc,start    ] GC(15) Pause Young (Normal) (G1 Evacuation Pause)
[2024-03-01T00:51:47.223+0000][7][gc,task     ] GC(15) Using 8 workers of 8 for evacuation
[2024-03-01T00:51:47.223+0000][7][gc,age      ] GC(15) Desired survivor size 41943040 bytes, new threshold 4 (max threshold 15)
[2024-03-01T00:51:47.240+0000][7][gc,phases   ] GC(15)   Pre Evacuate Collection Set: 0.1ms
[2024-03-01T00:51:47.240+0000][7][gc,phases   ] GC(15)   Merge Heap Roots: 0.1ms
[2024-03-01T00:51:47.240+0000][7][gc,phases   ] GC(15)   Evacuate Collection Set: 15.0ms
[2024-03-01T00:51:47.240+0000][7][gc,phases   ] GC(15)   Post Evacuate Collection Set: 1.2ms
[2024-03-01T00:51:47.240+0000][7][gc,phases   ] GC(15)   Other: 0.1ms
[2024-03-01T00:51:47.240+0000][7][gc,age      ] GC(15) Age table with threshold 4 (max threshold 15)
[2024-03-01T00:51:47.240+0000][7][gc,age      ] GC(15) - age   1:    4010016 bytes,    4010016 total
[2024-03-01T00:51:47.240+0000][7][gc,age      ] GC(15) - age   2:    7748192 bytes,   11758208 total
[2024-03-01T00:51:47.240+0000][7][gc,age      ] GC(15) - age   3:    2464184 bytes,   14222392 total
[2024-03-01T00:51:47.240+0000][7][gc,age      ] GC(15) - age   4:   14958600 bytes,   29180992 total
[2024-03-01T00:51:47.240+0000][7][gc,heap     ] GC(15) Eden regions: 141->0(145)
[2024-03-01T00:51:47.240+0000][7][gc,heap     ] GC(15) Survivor regions: 12->8(20)
[2024-03-01T00:51:47.240+0000][7][gc,heap     ] GC(15) Old regions: 12->16
[2024-03-01T00:51:47.240+0000][7][gc,heap     ] GC(15) Archive regions: 2->2
[2024-03-01T00:51:47.240+0000][7][gc,heap     ] GC(15) Humongous regions: 0->0
[2024-03-01T00:51:47.240+0000][7][gc,metaspace] GC(15) Metaspace: 115588K(118784K)->115588K(118784K) NonClass: 99886K(101568K)->99886K(101568K) Class: 15702K(17216K)->15702K(17216K)
[2024-03-01T00:51:47.240+0000][7][gc          ] GC(15) Pause Young (Normal) (G1 Evacuation Pause) 660M->97M(1024M) 16.631ms
[2024-03-01T00:51:47.240+0000][7][gc,cpu      ] GC(15) User=0.11s Sys=0.00s Real=0.02s
[2024-03-01T00:51:47.240+0000][7][safepoint   ] Safepoint "G1CollectForAllocation", Time since last: 782552333 ns, Reaching safepoint: 62736 ns, At safepoint: 16701621 ns, Total: 16764357 ns
[2024-03-01T00:51:48.001+0000][7][gc,start    ] GC(16) Pause Young (Normal) (G1 Evacuation Pause)
[2024-03-01T00:51:48.001+0000][7][gc,task     ] GC(16) Using 8 workers of 8 for evacuation
[2024-03-01T00:51:48.001+0000][7][gc,age      ] GC(16) Desired survivor size 41943040 bytes, new threshold 15 (max threshold 15)
[2024-03-01T00:51:48.012+0000][7][gc,phases   ] GC(16)   Pre Evacuate Collection Set: 0.1ms
[2024-03-01T00:51:48.012+0000][7][gc,phases   ] GC(16)   Merge Heap Roots: 0.1ms
[2024-03-01T00:51:48.012+0000][7][gc,phases   ] GC(16)   Evacuate Collection Set: 9.4ms
[2024-03-01T00:51:48.012+0000][7][gc,phases   ] GC(16)   Post Evacuate Collection Set: 1.1ms
[2024-03-01T00:51:48.012+0000][7][gc,phases   ] GC(16)   Other: 0.1ms
[2024-03-01T00:51:48.012+0000][7][gc,age      ] GC(16) Age table with threshold 15 (max threshold 15)
[2024-03-01T00:51:48.012+0000][7][gc,age      ] GC(16) - age   1:    4714320 bytes,    4714320 total
[2024-03-01T00:51:48.012+0000][7][gc,age      ] GC(16) - age   2:    1805368 bytes,    6519688 total
[2024-03-01T00:51:48.012+0000][7][gc,age      ] GC(16) - age   3:    7745880 bytes,   14265568 total
[2024-03-01T00:51:48.012+0000][7][gc,age      ] GC(16) - age   4:    2462104 bytes,   16727672 total
[2024-03-01T00:51:48.012+0000][7][gc,age      ] GC(16) - age   5:   14958600 bytes,   31686272 total
[2024-03-01T00:51:48.012+0000][7][gc,heap     ] GC(16) Eden regions: 145->0(144)
[2024-03-01T00:51:48.012+0000][7][gc,heap     ] GC(16) Survivor regions: 8->9(20)
[2024-03-01T00:51:48.012+0000][7][gc,heap     ] GC(16) Old regions: 16->16
[2024-03-01T00:51:48.012+0000][7][gc,heap     ] GC(16) Archive regions: 2->2
[2024-03-01T00:51:48.012+0000][7][gc,heap     ] GC(16) Humongous regions: 0->0
[2024-03-01T00:51:48.012+0000][7][gc,metaspace] GC(16) Metaspace: 115623K(118848K)->115623K(118848K) NonClass: 99921K(101632K)->99921K(101632K) Class: 15702K(17216K)->15702K(17216K)
[2024-03-01T00:51:48.012+0000][7][gc          ] GC(16) Pause Young (Normal) (G1 Evacuation Pause) 677M->99M(1024M) 10.894ms
[2024-03-01T00:51:48.012+0000][7][gc,cpu      ] GC(16) User=0.07s Sys=0.00s Real=0.01s
[2024-03-01T00:51:48.012+0000][7][safepoint   ] Safepoint "G1CollectForAllocation", Time since last: 761079477 ns, Reaching safepoint: 92645 ns, At safepoint: 10954505 ns, Total: 11047150 ns
[2024-03-01T00:51:48.764+0000][7][gc,start    ] GC(17) Pause Young (Normal) (G1 Evacuation Pause)
[2024-03-01T00:51:48.764+0000][7][gc,task     ] GC(17) Using 8 workers of 8 for evacuation
[2024-03-01T00:51:48.764+0000][7][gc,age      ] GC(17) Desired survivor size 41943040 bytes, new threshold 15 (max threshold 15)
[2024-03-01T00:51:48.774+0000][7][gc,phases   ] GC(17)   Pre Evacuate Collection Set: 0.1ms
[2024-03-01T00:51:48.774+0000][7][gc,phases   ] GC(17)   Merge Heap Roots: 0.1ms
[2024-03-01T00:51:48.774+0000][7][gc,phases   ] GC(17)   Evacuate Collection Set: 9.0ms
[2024-03-01T00:51:48.774+0000][7][gc,phases   ] GC(17)   Post Evacuate Collection Set: 1.0ms
[2024-03-01T00:51:48.774+0000][7][gc,phases   ] GC(17)   Other: 0.1ms
[2024-03-01T00:51:48.774+0000][7][gc,age      ] GC(17) Age table with threshold 15 (max threshold 15)
[2024-03-01T00:51:48.774+0000][7][gc,age      ] GC(17) - age   1:    5371712 bytes,    5371712 total
[2024-03-01T00:51:48.774+0000][7][gc,age      ] GC(17) - age   2:    1891856 bytes,    7263568 total
[2024-03-01T00:51:48.774+0000][7][gc,age      ] GC(17) - age   3:    1803880 bytes,    9067448 total
[2024-03-01T00:51:48.774+0000][7][gc,age      ] GC(17) - age   4:    7737672 bytes,   16805120 total
[2024-03-01T00:51:48.774+0000][7][gc,age      ] GC(17) - age   5:    2462104 bytes,   19267224 total
[2024-03-01T00:51:48.774+0000][7][gc,age      ] GC(17) - age   6:   14958600 bytes,   34225824 total
[2024-03-01T00:51:48.774+0000][7][gc,heap     ] GC(17) Eden regions: 144->0(144)
[2024-03-01T00:51:48.774+0000][7][gc,heap     ] GC(17) Survivor regions: 9->9(20)
[2024-03-01T00:51:48.774+0000][7][gc,heap     ] GC(17) Old regions: 16->16
[2024-03-01T00:51:48.774+0000][7][gc,heap     ] GC(17) Archive regions: 2->2
[2024-03-01T00:51:48.774+0000][7][gc,heap     ] GC(17) Humongous regions: 0->0
[2024-03-01T00:51:48.774+0000][7][gc,metaspace] GC(17) Metaspace: 115631K(118848K)->115631K(118848K) NonClass: 99929K(101632K)->99929K(101632K) Class: 15702K(17216K)->15702K(17216K)
[2024-03-01T00:51:48.774+0000][7][gc          ] GC(17) Pause Young (Normal) (G1 Evacuation Pause) 675M->102M(1024M) 10.281ms
[2024-03-01T00:51:48.774+0000][7][gc,cpu      ] GC(17) User=0.07s Sys=0.00s Real=0.01s
[2024-03-01T00:51:48.774+0000][7][safepoint   ] Safepoint "G1CollectForAllocation", Time since last: 752119648 ns, Reaching safepoint: 67939 ns, At safepoint: 10337022 ns, Total: 10404961 ns
[2024-03-01T00:51:49.775+0000][7][safepoint   ] Safepoint "Cleanup", Time since last: 1000092116 ns, Reaching safepoint: 184520 ns, At safepoint: 4925 ns, Total: 189445 ns
[2024-03-01T00:51:50.051+0000][7][safepoint   ] Safepoint "ICBufferFull", Time since last: 276543309 ns, Reaching safepoint: 135579 ns, At safepoint: 4320 ns, Total: 139899 ns
[2024-03-01T00:51:50.286+0000][7][safepoint   ] Safepoint "ICBufferFull", Time since last: 234622433 ns, Reaching safepoint: 158525 ns, At safepoint: 4694 ns, Total: 163219 ns
[2024-03-01T00:51:51.286+0000][7][safepoint   ] Safepoint "Cleanup", Time since last: 1000135122 ns, Reaching safepoint: 95133 ns, At safepoint: 7589 ns, Total: 102722 ns
[2024-03-01T00:51:52.287+0000][7][safepoint   ] Safepoint "Cleanup", Time since last: 1000156162 ns, Reaching safepoint: 286038 ns, At safepoint: 8908 ns, Total: 294946 ns
[2024-03-01T00:51:53.654+0000][7][safepoint   ] Safepoint "Cleanup", Time since last: 1367523834 ns, Reaching safepoint: 69715 ns, At safepoint: 3687 ns, Total: 73402 ns
[2024-03-01T00:51:53.766+0000][7][safepoint   ] Safepoint "ICBufferFull", Time since last: 111365845 ns, Reaching safepoint: 153501 ns, At safepoint: 13723 ns, Total: 167224 ns
[2024-03-01T00:51:54.620+0000][7][safepoint   ] Safepoint "ICBufferFull", Time since last: 853966591 ns, Reaching safepoint: 175546 ns, At safepoint: 5659 ns, Total: 181205 ns
[2024-03-01T00:51:55.647+0000][7][safepoint   ] Safepoint "Cleanup", Time since last: 1026482297 ns, Reaching safepoint: 75701 ns, At safepoint: 2451 ns, Total: 78152 ns
[2024-03-01T00:51:56.647+0000][7][safepoint   ] Safepoint "Cleanup", Time since last: 1000226873 ns, Reaching safepoint: 116256 ns, At safepoint: 11932 ns, Total: 128188 ns
[2024-03-01T00:51:56.939+0000][7][safepoint   ] Safepoint "ICBufferFull", Time since last: 291475585 ns, Reaching safepoint: 197186 ns, At safepoint: 4534 ns, Total: 201720 ns
[2024-03-01T00:51:57.939+0000][7][safepoint   ] Safepoint "Cleanup", Time since last: 1000145381 ns, Reaching safepoint: 122157 ns, At safepoint: 7384 ns, Total: 129541 ns
[2024-03-01T00:51:58.939+0000][7][safepoint   ] Safepoint "Cleanup", Time since last: 1000159352 ns, Reaching safepoint: 102554 ns, At safepoint: 6308 ns, Total: 108862 ns
[2024-03-01T00:51:59.773+0000][7][safepoint   ] Safepoint "ICBufferFull", Time since last: 833552681 ns, Reaching safepoint: 209133 ns, At safepoint: 8763 ns, Total: 217896 ns
[2024-03-01T00:52:00.773+0000][7][safepoint   ] Safepoint "Cleanup", Time since last: 1000156430 ns, Reaching safepoint: 137217 ns, At safepoint: 9606 ns, Total: 146823 ns
[2024-03-01T00:52:02.774+0000][7][safepoint   ] Safepoint "Cleanup", Time since last: 2000294824 ns, Reaching safepoint: 158968 ns, At safepoint: 9344 ns, Total: 168312 ns
[2024-03-01T00:52:03.774+0000][7][safepoint   ] Safepoint "Cleanup", Time since last: 1000247483 ns, Reaching safepoint: 122814 ns, At safepoint: 10271 ns, Total: 133085 ns
[2024-03-01T00:52:05.775+0000][7][safepoint   ] Safepoint "Cleanup", Time since last: 2000407946 ns, Reaching safepoint: 101029 ns, At safepoint: 6329 ns, Total: 107358 ns
[2024-03-01T00:52:06.775+0000][7][safepoint   ] Safepoint "Cleanup", Time since last: 1000253304 ns, Reaching safepoint: 99965 ns, At safepoint: 10734 ns, Total: 110699 ns
[2024-03-01T00:52:08.776+0000][7][safepoint   ] Safepoint "Cleanup", Time since last: 2000303337 ns, Reaching safepoint: 99855 ns, At safepoint: 3791 ns, Total: 103646 ns
[2024-03-01T00:52:09.776+0000][7][safepoint   ] Safepoint "Cleanup", Time since last: 1000197968 ns, Reaching safepoint: 173606 ns, At safepoint: 12320 ns, Total: 185926 ns
[2024-03-01T00:52:11.776+0000][7][safepoint   ] Safepoint "Cleanup", Time since last: 2000298078 ns, Reaching safepoint: 107644 ns, At safepoint: 5641 ns, Total: 113285 ns
[2024-03-01T00:52:12.777+0000][7][safepoint   ] Safepoint "Cleanup", Time since last: 1000279787 ns, Reaching safepoint: 134816 ns, At safepoint: 8498 ns, Total: 143314 ns
[2024-03-01T00:52:13.777+0000][7][safepoint   ] Safepoint "Cleanup", Time since last: 1000214656 ns, Reaching safepoint: 105280 ns, At safepoint: 10038 ns, Total: 115318 ns
[2024-03-01T00:52:14.777+0000][7][safepoint   ] Safepoint "Cleanup", Time since last: 1000149524 ns, Reaching safepoint: 203196 ns, At safepoint: 11353 ns, Total: 214549 ns
[2024-03-01T00:52:15.778+0000][7][safepoint   ] Safepoint "Cleanup", Time since last: 1000216412 ns, Reaching safepoint: 136943 ns, At safepoint: 13804 ns, Total: 150747 ns
[2024-03-01T00:52:16.778+0000][7][safepoint   ] Safepoint "Cleanup", Time since last: 1000167663 ns, Reaching safepoint: 67078 ns, At safepoint: 5176 ns, Total: 72254 ns
[2024-03-01T00:52:17.778+0000][7][safepoint   ] Safepoint "Cleanup", Time since last: 1000212261 ns, Reaching safepoint: 111407 ns, At safepoint: 8798 ns, Total: 120205 ns
[2024-03-01T00:52:18.779+0000][7][safepoint   ] Safepoint "Cleanup", Time since last: 1000139523 ns, Reaching safepoint: 75993 ns, At safepoint: 5282 ns, Total: 81275 ns
[2024-03-01T00:52:19.779+0000][7][safepoint   ] Safepoint "Cleanup", Time since last: 1000256925 ns, Reaching safepoint: 113951 ns, At safepoint: 9175 ns, Total: 123126 ns
[2024-03-01T00:52:20.779+0000][7][safepoint   ] Safepoint "Cleanup", Time since last: 1000113278 ns, Reaching safepoint: 92643 ns, At safepoint: 9640 ns, Total: 102283 ns
[2024-03-01T00:52:21.780+0000][7][safepoint   ] Safepoint "Cleanup", Time since last: 1000195278 ns, Reaching safepoint: 159991 ns, At safepoint: 7884 ns, Total: 167875 ns
[2024-03-01T00:52:22.780+0000][7][safepoint   ] Safepoint "Cleanup", Time since last: 1000190886 ns, Reaching safepoint: 69861 ns, At safepoint: 6945 ns, Total: 76806 ns
[2024-03-01T00:52:23.780+0000][7][safepoint   ] Safepoint "Cleanup", Time since last: 1000202559 ns, Reaching safepoint: 72883 ns, At safepoint: 4048 ns, Total: 76931 ns
[2024-03-01T00:52:24.780+0000][7][safepoint   ] Safepoint "Cleanup", Time since last: 1000120641 ns, Reaching safepoint: 57789 ns, At safepoint: 5342 ns, Total: 63131 ns
[2024-03-01T00:52:25.781+0000][7][safepoint   ] Safepoint "Cleanup", Time since last: 1000129676 ns, Reaching safepoint: 86869 ns, At safepoint: 18741 ns, Total: 105610 ns
[2024-03-01T00:52:26.781+0000][7][safepoint   ] Safepoint "Cleanup", Time since last: 1000134743 ns, Reaching safepoint: 127220 ns, At safepoint: 7533 ns, Total: 134753 ns
[2024-03-01T00:52:27.781+0000][7][safepoint   ] Safepoint "Cleanup", Time since last: 1000112940 ns, Reaching safepoint: 71475 ns, At safepoint: 6706 ns, Total: 78181 ns
[2024-03-01T00:52:29.781+0000][7][safepoint   ] Safepoint "Cleanup", Time since last: 2000219578 ns, Reaching safepoint: 89039 ns, At safepoint: 10230 ns, Total: 99269 ns
[2024-03-01T00:52:31.782+0000][7][safepoint   ] Safepoint "Cleanup", Time since last: 2000233304 ns, Reaching safepoint: 143945 ns, At safepoint: 11263 ns, Total: 155208 ns
[2024-03-01T00:52:32.782+0000][7][safepoint   ] Safepoint "Cleanup", Time since last: 1000144261 ns, Reaching safepoint: 91790 ns, At safepoint: 3264 ns, Total: 95054 ns
[2024-03-01T00:52:33.782+0000][7][safepoint   ] Safepoint "Cleanup", Time since last: 1000189549 ns, Reaching safepoint: 53000 ns, At safepoint: 7734 ns, Total: 60734 ns
[2024-03-01T00:52:35.783+0000][7][safepoint   ] Safepoint "Cleanup", Time since last: 2000356247 ns, Reaching safepoint: 193064 ns, At safepoint: 9954 ns, Total: 203018 ns
[2024-03-01T00:52:36.783+0000][7][safepoint   ] Safepoint "Cleanup", Time since last: 1000122452 ns, Reaching safepoint: 63679 ns, At safepoint: 4365 ns, Total: 68044 ns
[2024-03-01T00:52:38.787+0000][7][safepoint   ] Safepoint "Cleanup", Time since last: 2004178012 ns, Reaching safepoint: 123936 ns, At safepoint: 5695 ns, Total: 129631 ns
[2024-03-01T00:52:40.736+0000][7][safepoint   ] Safepoint "Cleanup", Time since last: 1948281775 ns, Reaching safepoint: 133824 ns, At safepoint: 4823 ns, Total: 138647 ns
[2024-03-01T00:52:41.736+0000][7][safepoint   ] Safepoint "Cleanup", Time since last: 1000183702 ns, Reaching safepoint: 57022 ns, At safepoint: 6865 ns, Total: 63887 ns
[2024-03-01T00:52:42.736+0000][7][safepoint   ] Safepoint "Cleanup", Time since last: 1000117687 ns, Reaching safepoint: 80734 ns, At safepoint: 4215 ns, Total: 84949 ns
[2024-03-01T00:52:43.736+0000][7][safepoint   ] Safepoint "Cleanup", Time since last: 1000160304 ns, Reaching safepoint: 63551 ns, At safepoint: 4771 ns, Total: 68322 ns
[2024-03-01T00:52:44.737+0000][7][safepoint   ] Safepoint "Cleanup", Time since last: 1000121222 ns, Reaching safepoint: 56148 ns, At safepoint: 5154 ns, Total: 61302 ns
[2024-03-01T00:52:45.737+0000][7][safepoint   ] Safepoint "Cleanup", Time since last: 1000253245 ns, Reaching safepoint: 110927 ns, At safepoint: 10352 ns, Total: 121279 ns
[2024-03-01T00:52:46.737+0000][7][safepoint   ] Safepoint "Cleanup", Time since last: 1000223001 ns, Reaching safepoint: 50708 ns, At safepoint: 5596 ns, Total: 56304 ns
[2024-03-01T00:52:47.737+0000][7][safepoint   ] Safepoint "Cleanup", Time since last: 1000197788 ns, Reaching safepoint: 79026 ns, At safepoint: 7014 ns, Total: 86040 ns
[2024-03-01T00:52:48.738+0000][7][safepoint   ] Safepoint "Cleanup", Time since last: 1000131499 ns, Reaching safepoint: 95741 ns, At safepoint: 10230 ns, Total: 105971 ns
[2024-03-01T00:52:49.738+0000][7][safepoint   ] Safepoint "Cleanup", Time since last: 1000249394 ns, Reaching safepoint: 93020 ns, At safepoint: 9159 ns, Total: 102179 ns
[2024-03-01T00:52:50.738+0000][7][safepoint   ] Safepoint "Cleanup", Time since last: 1000114529 ns, Reaching safepoint: 105926 ns, At safepoint: 4370 ns, Total: 110296 ns
[2024-03-01T00:52:51.739+0000][7][safepoint   ] Safepoint "Cleanup", Time since last: 1000229028 ns, Reaching safepoint: 102597 ns, At safepoint: 10699 ns, Total: 113296 ns
[2024-03-01T00:52:52.739+0000][7][safepoint   ] Safepoint "Cleanup", Time since last: 1000135636 ns, Reaching safepoint: 78679 ns, At safepoint: 7678 ns, Total: 86357 ns
[2024-03-01T00:52:53.739+0000][7][safepoint   ] Safepoint "Cleanup", Time since last: 1000120886 ns, Reaching safepoint: 106324 ns, At safepoint: 6340 ns, Total: 112664 ns
[2024-03-01T00:52:55.739+0000][7][safepoint   ] Safepoint "Cleanup", Time since last: 2000203529 ns, Reaching safepoint: 79691 ns, At safepoint: 6217 ns, Total: 85908 ns
[2024-03-01T00:52:56.740+0000][7][safepoint   ] Safepoint "Cleanup", Time since last: 1000158068 ns, Reaching safepoint: 145018 ns, At safepoint: 6328 ns, Total: 151346 ns
[2024-03-01T00:52:57.740+0000][7][safepoint   ] Safepoint "Cleanup", Time since last: 1000129033 ns, Reaching safepoint: 91292 ns, At safepoint: 12226 ns, Total: 103518 ns
[2024-03-01T00:52:58.740+0000][7][safepoint   ] Safepoint "Cleanup", Time since last: 1000161751 ns, Reaching safepoint: 64605 ns, At safepoint: 5580 ns, Total: 70185 ns
[2024-03-01T00:52:59.740+0000][7][safepoint   ] Safepoint "Cleanup", Time since last: 1000126761 ns, Reaching safepoint: 79074 ns, At safepoint: 16202 ns, Total: 95276 ns
[2024-03-01T00:53:00.741+0000][7][safepoint   ] Safepoint "Cleanup", Time since last: 1000228686 ns, Reaching safepoint: 205625 ns, At safepoint: 12584 ns, Total: 218209 ns
[2024-03-01T00:53:01.741+0000][7][safepoint   ] Safepoint "Cleanup", Time since last: 1000126864 ns, Reaching safepoint: 69950 ns, At safepoint: 9263 ns, Total: 79213 ns
[2024-03-01T00:53:02.741+0000][7][safepoint   ] Safepoint "Cleanup", Time since last: 1000118627 ns, Reaching safepoint: 41459 ns, At safepoint: 6589 ns, Total: 48048 ns
[2024-03-01T00:53:03.741+0000][7][safepoint   ] Safepoint "Cleanup", Time since last: 1000141361 ns, Reaching safepoint: 51458 ns, At safepoint: 7612 ns, Total: 59070 ns
[2024-03-01T00:53:04.742+0000][7][safepoint   ] Safepoint "Cleanup", Time since last: 1000240557 ns, Reaching safepoint: 119031 ns, At safepoint: 10747 ns, Total: 129778 ns
[2024-03-01T00:53:05.742+0000][7][safepoint   ] Safepoint "Cleanup", Time since last: 1000141379 ns, Reaching safepoint: 67359 ns, At safepoint: 7282 ns, Total: 74641 ns
[2024-03-01T00:53:06.742+0000][7][safepoint   ] Safepoint "Cleanup", Time since last: 1000121905 ns, Reaching safepoint: 48080 ns, At safepoint: 3388 ns, Total: 51468 ns
[2024-03-01T00:53:08.742+0000][7][safepoint   ] Safepoint "Cleanup", Time since last: 2000185988 ns, Reaching safepoint: 59909 ns, At safepoint: 3584 ns, Total: 63493 ns
[2024-03-01T00:53:09.743+0000][7][safepoint   ] Safepoint "Cleanup", Time since last: 1000267961 ns, Reaching safepoint: 118519 ns, At safepoint: 13090 ns, Total: 131609 ns
[2024-03-01T00:53:11.743+0000][7][safepoint   ] Safepoint "Cleanup", Time since last: 2000568675 ns, Reaching safepoint: 55169 ns, At safepoint: 5667 ns, Total: 60836 ns
[2024-03-01T00:53:12.744+0000][7][safepoint   ] Safepoint "Cleanup", Time since last: 1000255027 ns, Reaching safepoint: 87540 ns, At safepoint: 11352 ns, Total: 98892 ns
[2024-03-01T00:53:13.744+0000][7][safepoint   ] Safepoint "Cleanup", Time since last: 1000235741 ns, Reaching safepoint: 59769 ns, At safepoint: 7775 ns, Total: 67544 ns
[2024-03-01T00:53:14.724+0000][7][gc,start    ] GC(18) Pause Young (Normal) (G1 Evacuation Pause)
[2024-03-01T00:53:14.724+0000][7][gc,task     ] GC(18) Using 8 workers of 8 for evacuation
[2024-03-01T00:53:14.724+0000][7][gc,age      ] GC(18) Desired survivor size 41943040 bytes, new threshold 15 (max threshold 15)
[2024-03-01T00:53:14.736+0000][7][gc,phases   ] GC(18)   Pre Evacuate Collection Set: 0.1ms
[2024-03-01T00:53:14.736+0000][7][gc,phases   ] GC(18)   Merge Heap Roots: 0.1ms
[2024-03-01T00:53:14.736+0000][7][gc,phases   ] GC(18)   Evacuate Collection Set: 10.5ms
[2024-03-01T00:53:14.736+0000][7][gc,phases   ] GC(18)   Post Evacuate Collection Set: 1.4ms
[2024-03-01T00:53:14.736+0000][7][gc,phases   ] GC(18)   Other: 0.1ms
[2024-03-01T00:53:14.736+0000][7][gc,age      ] GC(18) Age table with threshold 15 (max threshold 15)
[2024-03-01T00:53:14.736+0000][7][gc,age      ] GC(18) - age   1:    4262112 bytes,    4262112 total
[2024-03-01T00:53:14.736+0000][7][gc,age      ] GC(18) - age   2:        496 bytes,    4262608 total
[2024-03-01T00:53:14.736+0000][7][gc,age      ] GC(18) - age   3:      49784 bytes,    4312392 total
[2024-03-01T00:53:14.736+0000][7][gc,age      ] GC(18) - age   4:        976 bytes,    4313368 total
[2024-03-01T00:53:14.736+0000][7][gc,age      ] GC(18) - age   5:    5997160 bytes,   10310528 total
[2024-03-01T00:53:14.736+0000][7][gc,age      ] GC(18) - age   6:     402024 bytes,   10712552 total
[2024-03-01T00:53:14.736+0000][7][gc,age      ] GC(18) - age   7:   12452776 bytes,   23165328 total
[2024-03-01T00:53:14.736+0000][7][gc,heap     ] GC(18) Eden regions: 144->0(146)
[2024-03-01T00:53:14.736+0000][7][gc,heap     ] GC(18) Survivor regions: 9->7(20)
[2024-03-01T00:53:14.736+0000][7][gc,heap     ] GC(18) Old regions: 16->16
[2024-03-01T00:53:14.736+0000][7][gc,heap     ] GC(18) Archive regions: 2->2
[2024-03-01T00:53:14.736+0000][7][gc,heap     ] GC(18) Humongous regions: 0->0
[2024-03-01T00:53:14.736+0000][7][gc,metaspace] GC(18) Metaspace: 120735K(123968K)->120735K(123968K) NonClass: 104526K(106240K)->104526K(106240K) Class: 16208K(17728K)->16208K(17728K)
[2024-03-01T00:53:14.736+0000][7][gc          ] GC(18) Pause Young (Normal) (G1 Evacuation Pause) 678M->92M(1024M) 12.481ms
[2024-03-01T00:53:14.736+0000][7][gc,cpu      ] GC(18) User=0.09s Sys=0.00s Real=0.01s
[2024-03-01T00:53:14.736+0000][7][safepoint   ] Safepoint "G1CollectForAllocation", Time since last: 979459029 ns, Reaching safepoint: 52074 ns, At safepoint: 12561218 ns, Total: 12613292 ns
[2024-03-01T00:53:15.736+0000][7][safepoint   ] Safepoint "Cleanup", Time since last: 1000197775 ns, Reaching safepoint: 114936 ns, At safepoint: 10906 ns, Total: 125842 ns
[2024-03-01T00:53:16.737+0000][7][safepoint   ] Safepoint "Cleanup", Time since last: 1000241417 ns, Reaching safepoint: 125995 ns, At safepoint: 11543 ns, Total: 137538 ns
[2024-03-01T00:53:17.737+0000][7][safepoint   ] Safepoint "Cleanup", Time since last: 1000141715 ns, Reaching safepoint: 78966 ns, At safepoint: 8955 ns, Total: 87921 ns
[2024-03-01T00:53:18.737+0000][7][safepoint   ] Safepoint "Cleanup", Time since last: 1000116688 ns, Reaching safepoint: 63191 ns, At safepoint: 12199 ns, Total: 75390 ns
[2024-03-01T00:53:20.738+0000][7][safepoint   ] Safepoint "Cleanup", Time since last: 2000293811 ns, Reaching safepoint: 231799 ns, At safepoint: 14181 ns, Total: 245980 ns
[2024-03-01T00:53:21.738+0000][7][safepoint   ] Safepoint "Cleanup", Time since last: 1000137507 ns, Reaching safepoint: 63789 ns, At safepoint: 5312 ns, Total: 69101 ns
[2024-03-01T00:53:23.738+0000][7][safepoint   ] Safepoint "Cleanup", Time since last: 2000222641 ns, Reaching safepoint: 77955 ns, At safepoint: 5385 ns, Total: 83340 ns
[2024-03-01T00:53:24.739+0000][7][safepoint   ] Safepoint "Cleanup", Time since last: 1000136387 ns, Reaching safepoint: 72191 ns, At safepoint: 7311 ns, Total: 79502 ns
[2024-03-01T00:53:26.739+0000][7][safepoint   ] Safepoint "Cleanup", Time since last: 2000229717 ns, Reaching safepoint: 113193 ns, At safepoint: 7011 ns, Total: 120204 ns
[2024-03-01T00:53:27.739+0000][7][safepoint   ] Safepoint "Cleanup", Time since last: 1000225150 ns, Reaching safepoint: 186811 ns, At safepoint: 6900 ns, Total: 193711 ns
[2024-03-01T00:53:28.740+0000][7][safepoint   ] Safepoint "Cleanup", Time since last: 1000207910 ns, Reaching safepoint: 68531 ns, At safepoint: 12909 ns, Total: 81440 ns
[2024-03-01T00:53:29.740+0000][7][safepoint   ] Safepoint "Cleanup", Time since last: 1000164019 ns, Reaching safepoint: 57837 ns, At safepoint: 5122 ns, Total: 62959 ns
[2024-03-01T00:53:32.741+0000][7][safepoint   ] Safepoint "Cleanup", Time since last: 3000583663 ns, Reaching safepoint: 178945 ns, At safepoint: 11135 ns, Total: 190080 ns
[2024-03-01T00:53:33.741+0000][7][safepoint   ] Safepoint "Cleanup", Time since last: 1000225670 ns, Reaching safepoint: 82725 ns, At safepoint: 7810 ns, Total: 90535 ns
[2024-03-01T00:53:34.741+0000][7][safepoint   ] Safepoint "Cleanup", Time since last: 1000132026 ns, Reaching safepoint: 82432 ns, At safepoint: 10903 ns, Total: 93335 ns
[2024-03-01T00:53:35.741+0000][7][safepoint   ] Safepoint "Cleanup", Time since last: 1000282382 ns, Reaching safepoint: 82315 ns, At safepoint: 6333 ns, Total: 88648 ns
[2024-03-01T00:53:38.742+0000][7][safepoint   ] Safepoint "Cleanup", Time since last: 3000517734 ns, Reaching safepoint: 212331 ns, At safepoint: 12954 ns, Total: 225285 ns
[2024-03-01T00:53:39.743+0000][7][safepoint   ] Safepoint "Cleanup", Time since last: 1000256215 ns, Reaching safepoint: 119740 ns, At safepoint: 11383 ns, Total: 131123 ns
[2024-03-01T00:53:41.743+0000][7][safepoint   ] Safepoint "Cleanup", Time since last: 2000438298 ns, Reaching safepoint: 111365 ns, At safepoint: 10125 ns, Total: 121490 ns
[2024-03-01T00:53:42.744+0000][7][safepoint   ] Safepoint "Cleanup", Time since last: 1000250101 ns, Reaching safepoint: 75752 ns, At safepoint: 8226 ns, Total: 83978 ns
[2024-03-01T00:53:43.744+0000][7][safepoint   ] Safepoint "Cleanup", Time since last: 1000261182 ns, Reaching safepoint: 85813 ns, At safepoint: 11336 ns, Total: 97149 ns
[2024-03-01T00:53:44.744+0000][7][safepoint   ] Safepoint "Cleanup", Time since last: 1000173254 ns, Reaching safepoint: 139461 ns, At safepoint: 6508 ns, Total: 145969 ns
[2024-03-01T00:53:45.745+0000][7][safepoint   ] Safepoint "Cleanup", Time since last: 1000255062 ns, Reaching safepoint: 106744 ns, At safepoint: 11816 ns, Total: 118560 ns
[2024-03-01T00:53:47.745+0000][7][safepoint   ] Safepoint "Cleanup", Time since last: 2000276138 ns, Reaching safepoint: 210337 ns, At safepoint: 9222 ns, Total: 219559 ns
[2024-03-01T00:53:50.746+0000][7][safepoint   ] Safepoint "Cleanup", Time since last: 3000522191 ns, Reaching safepoint: 94791 ns, At safepoint: 14377 ns, Total: 109168 ns
[2024-03-01T00:53:51.746+0000][7][safepoint   ] Safepoint "Cleanup", Time since last: 1000252586 ns, Reaching safepoint: 89274 ns, At safepoint: 8089 ns, Total: 97363 ns
[2024-03-01T00:53:53.747+0000][7][safepoint   ] Safepoint "Cleanup", Time since last: 2000397700 ns, Reaching safepoint: 205329 ns, At safepoint: 10380 ns, Total: 215709 ns
[2024-03-01T00:53:54.747+0000][7][safepoint   ] Safepoint "Cleanup", Time since last: 1000220819 ns, Reaching safepoint: 69825 ns, At safepoint: 8521 ns, Total: 78346 ns
[2024-03-01T00:53:56.748+0000][7][safepoint   ] Safepoint "Cleanup", Time since last: 2000409509 ns, Reaching safepoint: 146964 ns, At safepoint: 7084 ns, Total: 154048 ns
[2024-03-01T00:53:57.748+0000][7][safepoint   ] Safepoint "Cleanup", Time since last: 1000224932 ns, Reaching safepoint: 108771 ns, At safepoint: 11720 ns, Total: 120491 ns
[2024-03-01T00:53:58.748+0000][7][safepoint   ] Safepoint "Cleanup", Time since last: 1000234770 ns, Reaching safepoint: 80636 ns, At safepoint: 11051 ns, Total: 91687 ns
[2024-03-01T00:53:59.749+0000][7][safepoint   ] Safepoint "Cleanup", Time since last: 1000231741 ns, Reaching safepoint: 106737 ns, At safepoint: 9778 ns, Total: 116515 ns
[2024-03-01T00:54:02.749+0000][7][safepoint   ] Safepoint "Cleanup", Time since last: 3000515902 ns, Reaching safepoint: 86520 ns, At safepoint: 10127 ns, Total: 96647 ns
[2024-03-01T00:54:03.749+0000][7][safepoint   ] Safepoint "Cleanup", Time since last: 1000225166 ns, Reaching safepoint: 83461 ns, At safepoint: 9897 ns, Total: 93358 ns
[2024-03-01T00:54:04.750+0000][7][safepoint   ] Safepoint "Cleanup", Time since last: 1000268700 ns, Reaching safepoint: 86198 ns, At safepoint: 8036 ns, Total: 94234 ns
[2024-03-01T00:54:05.750+0000][7][safepoint   ] Safepoint "Cleanup", Time since last: 1000250314 ns, Reaching safepoint: 75742 ns, At safepoint: 9381 ns, Total: 85123 ns
[2024-03-01T00:54:08.751+0000][7][safepoint   ] Safepoint "Cleanup", Time since last: 3000422094 ns, Reaching safepoint: 97097 ns, At safepoint: 6790 ns, Total: 103887 ns
[2024-03-01T00:54:09.751+0000][7][safepoint   ] Safepoint "Cleanup", Time since last: 1000146269 ns, Reaching safepoint: 88135 ns, At safepoint: 8143 ns, Total: 96278 ns
[2024-03-01T00:54:11.751+0000][7][safepoint   ] Safepoint "Cleanup", Time since last: 2000458643 ns, Reaching safepoint: 94116 ns, At safepoint: 7605 ns, Total: 101721 ns
[2024-03-01T00:54:12.752+0000][7][safepoint   ] Safepoint "Cleanup", Time since last: 1000220376 ns, Reaching safepoint: 81919 ns, At safepoint: 8517 ns, Total: 90436 ns
[2024-03-01T00:54:13.752+0000][7][safepoint   ] Safepoint "Cleanup", Time since last: 1000277812 ns, Reaching safepoint: 75570 ns, At safepoint: 10457 ns, Total: 86027 ns
[2024-03-01T00:54:14.753+0000][7][safepoint   ] Safepoint "Cleanup", Time since last: 1000219868 ns, Reaching safepoint: 167979 ns, At safepoint: 7087 ns, Total: 175066 ns
[2024-03-01T00:54:15.753+0000][7][safepoint   ] Safepoint "Cleanup", Time since last: 1000255015 ns, Reaching safepoint: 94800 ns, At safepoint: 9172 ns, Total: 103972 ns
[2024-03-01T00:54:17.753+0000][7][safepoint   ] Safepoint "Cleanup", Time since last: 2000249846 ns, Reaching safepoint: 101648 ns, At safepoint: 8150 ns, Total: 109798 ns
[2024-03-01T00:54:20.754+0000][7][safepoint   ] Safepoint "Cleanup", Time since last: 3000515786 ns, Reaching safepoint: 79156 ns, At safepoint: 8300 ns, Total: 87456 ns
[2024-03-01T00:54:22.548+0000][7][safepoint   ] Safepoint "Cleanup", Time since last: 1794035417 ns, Reaching safepoint: 211925 ns, At safepoint: 7774 ns, Total: 219699 ns
[2024-03-01T00:54:24.549+0000][7][safepoint   ] Safepoint "Cleanup", Time since last: 2000313036 ns, Reaching safepoint: 91119 ns, At safepoint: 6631 ns, Total: 97750 ns
[2024-03-01T00:54:26.549+0000][7][safepoint   ] Safepoint "Cleanup", Time since last: 2000321140 ns, Reaching safepoint: 162268 ns, At safepoint: 9537 ns, Total: 171805 ns
[2024-03-01T00:54:27.756+0000][7][safepoint   ] Safepoint "Cleanup", Time since last: 1207110093 ns, Reaching safepoint: 105314 ns, At safepoint: 8955 ns, Total: 114269 ns
[2024-03-01T00:54:28.757+0000][7][safepoint   ] Safepoint "Cleanup", Time since last: 1000282621 ns, Reaching safepoint: 98635 ns, At safepoint: 10512 ns, Total: 109147 ns
[2024-03-01T00:54:29.757+0000][7][safepoint   ] Safepoint "Cleanup", Time since last: 1000126751 ns, Reaching safepoint: 79768 ns, At safepoint: 5898 ns, Total: 85666 ns
[2024-03-01T00:54:31.757+0000][7][safepoint   ] Safepoint "Cleanup", Time since last: 2000330489 ns, Reaching safepoint: 113762 ns, At safepoint: 8904 ns, Total: 122666 ns
[2024-03-01T00:54:32.758+0000][7][safepoint   ] Safepoint "Cleanup", Time since last: 1000115922 ns, Reaching safepoint: 92205 ns, At safepoint: 9524 ns, Total: 101729 ns
[2024-03-01T00:54:33.758+0000][7][safepoint   ] Safepoint "Cleanup", Time since last: 1000141051 ns, Reaching safepoint: 116796 ns, At safepoint: 5855 ns, Total: 122651 ns
[2024-03-01T00:54:35.758+0000][7][safepoint   ] Safepoint "Cleanup", Time since last: 2000421506 ns, Reaching safepoint: 111737 ns, At safepoint: 7440 ns, Total: 119177 ns
[2024-03-01T00:54:36.759+0000][7][safepoint   ] Safepoint "Cleanup", Time since last: 1000259087 ns, Reaching safepoint: 81769 ns, At safepoint: 8354 ns, Total: 90123 ns
[2024-03-01T00:54:38.759+0000][7][safepoint   ] Safepoint "Cleanup", Time since last: 2000345622 ns, Reaching safepoint: 67489 ns, At safepoint: 3855 ns, Total: 71344 ns
[2024-03-01T00:54:39.760+0000][7][safepoint   ] Safepoint "Cleanup", Time since last: 1000268652 ns, Reaching safepoint: 107662 ns, At safepoint: 7830 ns, Total: 115492 ns
[2024-03-01T00:54:41.760+0000][7][safepoint   ] Safepoint "Cleanup", Time since last: 2000354276 ns, Reaching safepoint: 106272 ns, At safepoint: 7045 ns, Total: 113317 ns
[2024-03-01T00:54:42.760+0000][7][safepoint   ] Safepoint "Cleanup", Time since last: 1000263822 ns, Reaching safepoint: 73216 ns, At safepoint: 8404 ns, Total: 81620 ns
[2024-03-01T00:54:44.761+0000][7][safepoint   ] Safepoint "Cleanup", Time since last: 2000344953 ns, Reaching safepoint: 100328 ns, At safepoint: 6682 ns, Total: 107010 ns
[2024-03-01T00:54:45.761+0000][7][safepoint   ] Safepoint "Cleanup", Time since last: 1000192466 ns, Reaching safepoint: 92202 ns, At safepoint: 11017 ns, Total: 103219 ns
[2024-03-01T00:54:47.762+0000][7][safepoint   ] Safepoint "Cleanup", Time since last: 2000370334 ns, Reaching safepoint: 104155 ns, At safepoint: 9261 ns, Total: 113416 ns
[2024-03-01T00:54:50.762+0000][7][safepoint   ] Safepoint "Cleanup", Time since last: 3000515892 ns, Reaching safepoint: 98045 ns, At safepoint: 7936 ns, Total: 105981 ns
[2024-03-01T00:54:51.763+0000][7][safepoint   ] Safepoint "Cleanup", Time since last: 1000259026 ns, Reaching safepoint: 111945 ns, At safepoint: 10977 ns, Total: 122922 ns
[2024-03-01T00:54:53.763+0000][7][safepoint   ] Safepoint "Cleanup", Time since last: 2000433859 ns, Reaching safepoint: 86140 ns, At safepoint: 5279 ns, Total: 91419 ns
[2024-03-01T00:54:54.763+0000][7][safepoint   ] Safepoint "Cleanup", Time since last: 1000255170 ns, Reaching safepoint: 100337 ns, At safepoint: 8845 ns, Total: 109182 ns
[2024-03-01T00:54:56.764+0000][7][safepoint   ] Safepoint "Cleanup", Time since last: 2000438345 ns, Reaching safepoint: 112033 ns, At safepoint: 5422 ns, Total: 117455 ns
[2024-03-01T00:54:57.764+0000][7][safepoint   ] Safepoint "Cleanup", Time since last: 1000243299 ns, Reaching safepoint: 102002 ns, At safepoint: 8517 ns, Total: 110519 ns
[2024-03-01T00:54:58.765+0000][7][safepoint   ] Safepoint "Cleanup", Time since last: 1000304631 ns, Reaching safepoint: 93121 ns, At safepoint: 10648 ns, Total: 103769 ns
[2024-03-01T00:54:59.765+0000][7][safepoint   ] Safepoint "Cleanup", Time since last: 1000222998 ns, Reaching safepoint: 102062 ns, At safepoint: 9235 ns, Total: 111297 ns
[2024-03-01T00:55:02.766+0000][7][safepoint   ] Safepoint "Cleanup", Time since last: 3000552959 ns, Reaching safepoint: 104329 ns, At safepoint: 7223 ns, Total: 111552 ns
[2024-03-01T00:55:03.766+0000][7][safepoint   ] Safepoint "Cleanup", Time since last: 1000247813 ns, Reaching safepoint: 89750 ns, At safepoint: 11606 ns, Total: 101356 ns
[2024-03-01T00:55:04.766+0000][7][safepoint   ] Safepoint "Cleanup", Time since last: 1000263325 ns, Reaching safepoint: 75778 ns, At safepoint: 11110 ns, Total: 86888 ns
[2024-03-01T00:55:05.767+0000][7][safepoint   ] Safepoint "Cleanup", Time since last: 1000201165 ns, Reaching safepoint: 58007 ns, At safepoint: 4273 ns, Total: 62280 ns
[2024-03-01T00:55:06.767+0000][7][safepoint   ] Safepoint "Cleanup", Time since last: 1000231711 ns, Reaching safepoint: 92787 ns, At safepoint: 8285 ns, Total: 101072 ns
[2024-03-01T00:55:08.768+0000][7][safepoint   ] Safepoint "Cleanup", Time since last: 2000407278 ns, Reaching safepoint: 76134 ns, At safepoint: 5497 ns, Total: 81631 ns
[2024-03-01T00:55:09.768+0000][7][safepoint   ] Safepoint "Cleanup", Time since last: 1000269280 ns, Reaching safepoint: 132857 ns, At safepoint: 11217 ns, Total: 144074 ns
[2024-03-01T00:55:11.769+0000][7][safepoint   ] Safepoint "Cleanup", Time since last: 2000434396 ns, Reaching safepoint: 111834 ns, At safepoint: 6926 ns, Total: 118760 ns
[2024-03-01T00:55:12.769+0000][7][safepoint   ] Safepoint "Cleanup", Time since last: 1000286948 ns, Reaching safepoint: 99592 ns, At safepoint: 19710 ns, Total: 119302 ns
[2024-03-01T00:55:13.769+0000][7][safepoint   ] Safepoint "Cleanup", Time since last: 1000237647 ns, Reaching safepoint: 88033 ns, At safepoint: 8876 ns, Total: 96909 ns
[2024-03-01T00:55:14.769+0000][7][safepoint   ] Safepoint "Cleanup", Time since last: 1000133585 ns, Reaching safepoint: 93302 ns, At safepoint: 7146 ns, Total: 100448 ns
[2024-03-01T00:55:15.770+0000][7][safepoint   ] Safepoint "Cleanup", Time since last: 1000252235 ns, Reaching safepoint: 92537 ns, At safepoint: 8119 ns, Total: 100656 ns
[2024-03-01T00:55:17.770+0000][7][safepoint   ] Safepoint "Cleanup", Time since last: 2000463865 ns, Reaching safepoint: 119564 ns, At safepoint: 7590 ns, Total: 127154 ns
[2024-03-01T00:55:20.771+0000][7][safepoint   ] Safepoint "Cleanup", Time since last: 3000609582 ns, Reaching safepoint: 65435 ns, At safepoint: 5269 ns, Total: 70704 ns
[2024-03-01T00:55:21.771+0000][7][safepoint   ] Safepoint "Cleanup", Time since last: 1000235514 ns, Reaching safepoint: 88900 ns, At safepoint: 8444 ns, Total: 97344 ns
[2024-03-01T00:55:23.772+0000][7][safepoint   ] Safepoint "Cleanup", Time since last: 2000428110 ns, Reaching safepoint: 126509 ns, At safepoint: 9289 ns, Total: 135798 ns
[2024-03-01T00:55:26.773+0000][7][safepoint   ] Safepoint "Cleanup", Time since last: 3000559806 ns, Reaching safepoint: 107687 ns, At safepoint: 8158 ns, Total: 115845 ns
[2024-03-01T00:55:27.773+0000][7][safepoint   ] Safepoint "Cleanup", Time since last: 1000126246 ns, Reaching safepoint: 89434 ns, At safepoint: 11399 ns, Total: 100833 ns
[2024-03-01T00:55:28.773+0000][7][safepoint   ] Safepoint "Cleanup", Time since last: 1000255022 ns, Reaching safepoint: 74701 ns, At safepoint: 10627 ns, Total: 85328 ns
[2024-03-01T00:55:32.774+0000][7][safepoint   ] Safepoint "Cleanup", Time since last: 4000627789 ns, Reaching safepoint: 85999 ns, At safepoint: 5680 ns, Total: 91679 ns
[2024-03-01T00:55:33.774+0000][7][safepoint   ] Safepoint "Cleanup", Time since last: 1000215482 ns, Reaching safepoint: 87835 ns, At safepoint: 8250 ns, Total: 96085 ns
[2024-03-01T00:55:35.775+0000][7][safepoint   ] Safepoint "Cleanup", Time since last: 2000418885 ns, Reaching safepoint: 69165 ns, At safepoint: 7305 ns, Total: 76470 ns
[2024-03-01T00:55:36.775+0000][7][safepoint   ] Safepoint "Cleanup", Time since last: 1000227310 ns, Reaching safepoint: 91427 ns, At safepoint: 8057 ns, Total: 99484 ns
[2024-03-01T00:55:38.776+0000][7][safepoint   ] Safepoint "Cleanup", Time since last: 2000425859 ns, Reaching safepoint: 117621 ns, At safepoint: 8014 ns, Total: 125635 ns
[2024-03-01T00:55:39.776+0000][7][safepoint   ] Safepoint "Cleanup", Time since last: 1000269430 ns, Reaching safepoint: 84522 ns, At safepoint: 8338 ns, Total: 92860 ns
[2024-03-01T00:55:41.776+0000][7][safepoint   ] Safepoint "Cleanup", Time since last: 2000316079 ns, Reaching safepoint: 79818 ns, At safepoint: 8834 ns, Total: 88652 ns
[2024-03-01T00:55:42.777+0000][7][safepoint   ] Safepoint "Cleanup", Time since last: 1000252889 ns, Reaching safepoint: 84487 ns, At safepoint: 11560 ns, Total: 96047 ns
[2024-03-01T00:55:43.777+0000][7][safepoint   ] Safepoint "Cleanup", Time since last: 1000271205 ns, Reaching safepoint: 75760 ns, At safepoint: 8303 ns, Total: 84063 ns
[2024-03-01T00:55:44.777+0000][7][safepoint   ] Safepoint "Cleanup", Time since last: 1000161829 ns, Reaching safepoint: 91540 ns, At safepoint: 7614 ns, Total: 99154 ns
[2024-03-01T00:55:45.778+0000][7][safepoint   ] Safepoint "Cleanup", Time since last: 1000115622 ns, Reaching safepoint: 82692 ns, At safepoint: 16745 ns, Total: 99437 ns
[2024-03-01T00:55:46.778+0000][7][safepoint   ] Safepoint "Cleanup", Time since last: 1000268730 ns, Reaching safepoint: 84935 ns, At safepoint: 8903 ns, Total: 93838 ns
[2024-03-01T00:55:47.778+0000][7][safepoint   ] Safepoint "Cleanup", Time since last: 1000158545 ns, Reaching safepoint: 101199 ns, At safepoint: 6810 ns, Total: 108009 ns
[2024-03-01T00:55:48.779+0000][7][safepoint   ] Safepoint "Cleanup", Time since last: 1000262493 ns, Reaching safepoint: 88105 ns, At safepoint: 8597 ns, Total: 96702 ns
[2024-03-01T00:55:50.779+0000][7][safepoint   ] Safepoint "Cleanup", Time since last: 2000346748 ns, Reaching safepoint: 112774 ns, At safepoint: 6638 ns, Total: 119412 ns
[2024-03-01T00:55:51.779+0000][7][safepoint   ] Safepoint "Cleanup", Time since last: 1000260232 ns, Reaching safepoint: 89095 ns, At safepoint: 8192 ns, Total: 97287 ns
[2024-03-01T00:55:53.780+0000][7][safepoint   ] Safepoint "Cleanup", Time since last: 2000402667 ns, Reaching safepoint: 94612 ns, At safepoint: 6021 ns, Total: 100633 ns
[2024-03-01T00:55:56.781+0000][7][safepoint   ] Safepoint "Cleanup", Time since last: 3000519096 ns, Reaching safepoint: 84665 ns, At safepoint: 4335 ns, Total: 89000 ns
[2024-03-01T00:55:57.781+0000][7][safepoint   ] Safepoint "Cleanup", Time since last: 1000222544 ns, Reaching safepoint: 92784 ns, At safepoint: 9731 ns, Total: 102515 ns
[2024-03-01T00:55:58.781+0000][7][safepoint   ] Safepoint "Cleanup", Time since last: 1000162042 ns, Reaching safepoint: 75192 ns, At safepoint: 9572 ns, Total: 84764 ns
[2024-03-01T00:55:59.781+0000][7][safepoint   ] Safepoint "Cleanup", Time since last: 1000152261 ns, Reaching safepoint: 67200 ns, At safepoint: 4499 ns, Total: 71699 ns
[2024-03-01T00:56:02.782+0000][7][safepoint   ] Safepoint "Cleanup", Time since last: 3000526854 ns, Reaching safepoint: 107283 ns, At safepoint: 7876 ns, Total: 115159 ns
[2024-03-01T00:56:03.782+0000][7][safepoint   ] Safepoint "Cleanup", Time since last: 1000199378 ns, Reaching safepoint: 73944 ns, At safepoint: 8570 ns, Total: 82514 ns
[2024-03-01T00:56:05.783+0000][7][safepoint   ] Safepoint "Cleanup", Time since last: 2000373625 ns, Reaching safepoint: 49919 ns, At safepoint: 4919 ns, Total: 54838 ns
[2024-03-01T00:56:08.783+0000][7][safepoint   ] Safepoint "Cleanup", Time since last: 3000635328 ns, Reaching safepoint: 134473 ns, At safepoint: 7507 ns, Total: 141980 ns
[2024-03-01T00:56:09.784+0000][7][safepoint   ] Safepoint "Cleanup", Time since last: 1000186318 ns, Reaching safepoint: 83597 ns, At safepoint: 9021 ns, Total: 92618 ns
[2024-03-01T00:56:11.784+0000][7][safepoint   ] Safepoint "Cleanup", Time since last: 2000451838 ns, Reaching safepoint: 117212 ns, At safepoint: 9526 ns, Total: 126738 ns
[2024-03-01T00:56:12.785+0000][7][safepoint   ] Safepoint "Cleanup", Time since last: 1000269273 ns, Reaching safepoint: 92829 ns, At safepoint: 11624 ns, Total: 104453 ns
[2024-03-01T00:56:14.785+0000][7][safepoint   ] Safepoint "Cleanup", Time since last: 2000310205 ns, Reaching safepoint: 98309 ns, At safepoint: 5860 ns, Total: 104169 ns
[2024-03-01T00:56:15.785+0000][7][safepoint   ] Safepoint "Cleanup", Time since last: 1000156567 ns, Reaching safepoint: 88287 ns, At safepoint: 10403 ns, Total: 98690 ns
[2024-03-01T00:56:16.786+0000][7][safepoint   ] Safepoint "Cleanup", Time since last: 1000142979 ns, Reaching safepoint: 65932 ns, At safepoint: 8761 ns, Total: 74693 ns
[2024-03-01T00:56:17.786+0000][7][safepoint   ] Safepoint "Cleanup", Time since last: 1000227666 ns, Reaching safepoint: 99385 ns, At safepoint: 9447 ns, Total: 108832 ns
[2024-03-01T00:56:20.787+0000][7][safepoint   ] Safepoint "Cleanup", Time since last: 3000615019 ns, Reaching safepoint: 111881 ns, At safepoint: 8063 ns, Total: 119944 ns
[2024-03-01T00:56:21.787+0000][7][safepoint   ] Safepoint "Cleanup", Time since last: 1000251017 ns, Reaching safepoint: 70627 ns, At safepoint: 10430 ns, Total: 81057 ns
[2024-03-01T00:56:23.787+0000][7][safepoint   ] Safepoint "Cleanup", Time since last: 2000340196 ns, Reaching safepoint: 109410 ns, At safepoint: 8420 ns, Total: 117830 ns
[2024-03-01T00:56:26.788+0000][7][safepoint   ] Safepoint "Cleanup", Time since last: 3000537796 ns, Reaching safepoint: 72682 ns, At safepoint: 4964 ns, Total: 77646 ns
[2024-03-01T00:56:29.789+0000][7][safepoint   ] Safepoint "Cleanup", Time since last: 3000598883 ns, Reaching safepoint: 102855 ns, At safepoint: 7764 ns, Total: 110619 ns
[2024-03-01T00:56:31.789+0000][7][safepoint   ] Safepoint "Cleanup", Time since last: 2000206805 ns, Reaching safepoint: 109898 ns, At safepoint: 19886 ns, Total: 129784 ns
[2024-03-01T00:56:32.789+0000][7][safepoint   ] Safepoint "Cleanup", Time since last: 1000243334 ns, Reaching safepoint: 94618 ns, At safepoint: 9107 ns, Total: 103725 ns
[2024-03-01T00:56:33.790+0000][7][safepoint   ] Safepoint "Cleanup", Time since last: 1000160835 ns, Reaching safepoint: 82863 ns, At safepoint: 10690 ns, Total: 93553 ns
[2024-03-01T00:56:38.791+0000][7][safepoint   ] Safepoint "Cleanup", Time since last: 5000834689 ns, Reaching safepoint: 123388 ns, At safepoint: 9524 ns, Total: 132912 ns
[2024-03-01T00:56:39.791+0000][7][safepoint   ] Safepoint "Cleanup", Time since last: 1000262043 ns, Reaching safepoint: 103761 ns, At safepoint: 9536 ns, Total: 113297 ns
[2024-03-01T00:56:41.792+0000][7][safepoint   ] Safepoint "Cleanup", Time since last: 2000405202 ns, Reaching safepoint: 107746 ns, At safepoint: 10227 ns, Total: 117973 ns
[2024-03-01T00:56:42.792+0000][7][safepoint   ] Safepoint "Cleanup", Time since last: 1000134538 ns, Reaching safepoint: 67464 ns, At safepoint: 7844 ns, Total: 75308 ns
[2024-03-01T00:56:43.792+0000][7][safepoint   ] Safepoint "Cleanup", Time since last: 1000232152 ns, Reaching safepoint: 139861 ns, At safepoint: 24417 ns, Total: 164278 ns
[2024-03-01T00:56:44.699+0000][7][gc,start    ] GC(19) Pause Young (Normal) (G1 Evacuation Pause)
[2024-03-01T00:56:44.699+0000][7][gc,task     ] GC(19) Using 8 workers of 8 for evacuation
[2024-03-01T00:56:44.699+0000][7][gc,age      ] GC(19) Desired survivor size 41943040 bytes, new threshold 15 (max threshold 15)
[2024-03-01T00:56:44.713+0000][7][gc,phases   ] GC(19)   Pre Evacuate Collection Set: 0.1ms
[2024-03-01T00:56:44.714+0000][7][gc,phases   ] GC(19)   Merge Heap Roots: 0.1ms
[2024-03-01T00:56:44.714+0000][7][gc,phases   ] GC(19)   Evacuate Collection Set: 12.3ms
[2024-03-01T00:56:44.714+0000][7][gc,phases   ] GC(19)   Post Evacuate Collection Set: 1.7ms
[2024-03-01T00:56:44.714+0000][7][gc,phases   ] GC(19)   Other: 0.1ms
[2024-03-01T00:56:44.714+0000][7][gc,age      ] GC(19) Age table with threshold 15 (max threshold 15)
[2024-03-01T00:56:44.714+0000][7][gc,age      ] GC(19) - age   1:    1174392 bytes,    1174392 total
[2024-03-01T00:56:44.714+0000][7][gc,age      ] GC(19) - age   2:    3087240 bytes,    4261632 total
[2024-03-01T00:56:44.714+0000][7][gc,age      ] GC(19) - age   3:        496 bytes,    4262128 total
[2024-03-01T00:56:44.714+0000][7][gc,age      ] GC(19) - age   4:      49784 bytes,    4311912 total
[2024-03-01T00:56:44.714+0000][7][gc,age      ] GC(19) - age   5:        976 bytes,    4312888 total
[2024-03-01T00:56:44.714+0000][7][gc,age      ] GC(19) - age   6:    5995888 bytes,   10308776 total
[2024-03-01T00:56:44.714+0000][7][gc,age      ] GC(19) - age   7:     402024 bytes,   10710800 total
[2024-03-01T00:56:44.714+0000][7][gc,age      ] GC(19) - age   8:   12201536 bytes,   22912336 total
[2024-03-01T00:56:44.714+0000][7][gc,heap     ] GC(19) Eden regions: 146->0(146)
[2024-03-01T00:56:44.714+0000][7][gc,heap     ] GC(19) Survivor regions: 7->7(20)
[2024-03-01T00:56:44.714+0000][7][gc,heap     ] GC(19) Old regions: 16->16
[2024-03-01T00:56:44.714+0000][7][gc,heap     ] GC(19) Archive regions: 2->2
[2024-03-01T00:56:44.714+0000][7][gc,heap     ] GC(19) Humongous regions: 0->0
[2024-03-01T00:56:44.714+0000][7][gc,metaspace] GC(19) Metaspace: 122310K(125568K)->122310K(125568K) NonClass: 106097K(107840K)->106097K(107840K) Class: 16212K(17728K)->16212K(17728K)
[2024-03-01T00:56:44.714+0000][7][gc          ] GC(19) Pause Young (Normal) (G1 Evacuation Pause) 676M->91M(1024M) 14.614ms
[2024-03-01T00:56:44.714+0000][7][gc,cpu      ] GC(19) User=0.10s Sys=0.00s Real=0.01s
[2024-03-01T00:56:44.714+0000][7][safepoint   ] Safepoint "G1CollectForAllocation", Time since last: 906760886 ns, Reaching safepoint: 130743 ns, At safepoint: 14716018 ns, Total: 14846761 ns
[2024-03-01T00:56:45.714+0000][7][safepoint   ] Safepoint "Cleanup", Time since last: 1000219856 ns, Reaching safepoint: 87449 ns, At safepoint: 7494 ns, Total: 94943 ns
[2024-03-01T00:56:47.715+0000][7][safepoint   ] Safepoint "Cleanup", Time since last: 2000356889 ns, Reaching safepoint: 169711 ns, At safepoint: 14408 ns, Total: 184119 ns
[2024-03-01T00:56:50.715+0000][7][safepoint   ] Safepoint "Cleanup", Time since last: 3000548977 ns, Reaching safepoint: 103097 ns, At safepoint: 10208 ns, Total: 113305 ns
[2024-03-01T00:56:51.716+0000][7][safepoint   ] Safepoint "Cleanup", Time since last: 1000261418 ns, Reaching safepoint: 77672 ns, At safepoint: 7757 ns, Total: 85429 ns
[2024-03-01T00:56:53.716+0000][7][safepoint   ] Safepoint "Cleanup", Time since last: 2000375194 ns, Reaching safepoint: 191365 ns, At safepoint: 6411 ns, Total: 197776 ns
[2024-03-01T00:56:54.717+0000][7][safepoint   ] Safepoint "Cleanup", Time since last: 1000259550 ns, Reaching safepoint: 100076 ns, At safepoint: 7975 ns, Total: 108051 ns
[2024-03-01T00:56:56.717+0000][7][safepoint   ] Safepoint "Cleanup", Time since last: 2000319834 ns, Reaching safepoint: 152278 ns, At safepoint: 9300 ns, Total: 161578 ns
[2024-03-01T00:56:58.462+0000][7][safepoint   ] Safepoint "Cleanup", Time since last: 1744349680 ns, Reaching safepoint: 137289 ns, At safepoint: 9110 ns, Total: 146399 ns
[2024-03-01T00:57:00.462+0000][7][safepoint   ] Safepoint "Cleanup", Time since last: 2000348250 ns, Reaching safepoint: 120328 ns, At safepoint: 8994 ns, Total: 129322 ns
[2024-03-01T00:57:03.463+0000][7][safepoint   ] Safepoint "Cleanup", Time since last: 3000531859 ns, Reaching safepoint: 121635 ns, At safepoint: 9791 ns, Total: 131426 ns
[2024-03-01T00:57:05.463+0000][7][safepoint   ] Safepoint "Cleanup", Time since last: 2000421709 ns, Reaching safepoint: 74969 ns, At safepoint: 11657 ns, Total: 86626 ns
[2024-03-01T00:57:06.464+0000][7][safepoint   ] Safepoint "Cleanup", Time since last: 1000266410 ns, Reaching safepoint: 77868 ns, At safepoint: 7429 ns, Total: 85297 ns
[2024-03-01T00:57:09.464+0000][7][safepoint   ] Safepoint "Cleanup", Time since last: 3000554386 ns, Reaching safepoint: 131949 ns, At safepoint: 7074 ns, Total: 139023 ns
[2024-03-01T00:57:11.465+0000][7][safepoint   ] Safepoint "Cleanup", Time since last: 2000491790 ns, Reaching safepoint: 107005 ns, At safepoint: 33370 ns, Total: 140375 ns
[2024-03-01T00:57:12.465+0000][7][safepoint   ] Safepoint "Cleanup", Time since last: 1000277816 ns, Reaching safepoint: 81041 ns, At safepoint: 10939 ns, Total: 91980 ns
[2024-03-01T00:57:13.466+0000][7][safepoint   ] Safepoint "Cleanup", Time since last: 1000257876 ns, Reaching safepoint: 79400 ns, At safepoint: 10842 ns, Total: 90242 ns
[2024-03-01T00:57:15.466+0000][7][safepoint   ] Safepoint "Cleanup", Time since last: 2000428914 ns, Reaching safepoint: 96088 ns, At safepoint: 10417 ns, Total: 106505 ns
[2024-03-01T00:57:16.466+0000][7][safepoint   ] Safepoint "Cleanup", Time since last: 1000248828 ns, Reaching safepoint: 74928 ns, At safepoint: 7814 ns, Total: 82742 ns
[2024-03-01T00:57:18.467+0000][7][safepoint   ] Safepoint "Cleanup", Time since last: 2000467280 ns, Reaching safepoint: 117336 ns, At safepoint: 7517 ns, Total: 124853 ns
[2024-03-01T00:57:21.468+0000][7][safepoint   ] Safepoint "Cleanup", Time since last: 3000666755 ns, Reaching safepoint: 127399 ns, At safepoint: 8288 ns, Total: 135687 ns
[2024-03-01T00:57:22.468+0000][7][safepoint   ] Safepoint "Cleanup", Time since last: 1000227293 ns, Reaching safepoint: 91225 ns, At safepoint: 15181 ns, Total: 106406 ns
[2024-03-01T00:57:24.469+0000][7][safepoint   ] Safepoint "Cleanup", Time since last: 2000439474 ns, Reaching safepoint: 108310 ns, At safepoint: 9889 ns, Total: 118199 ns
[2024-03-01T00:57:27.469+0000][7][safepoint   ] Safepoint "Cleanup", Time since last: 3000496486 ns, Reaching safepoint: 116076 ns, At safepoint: 6583 ns, Total: 122659 ns
[2024-03-01T00:57:36.471+0000][7][safepoint   ] Safepoint "Cleanup", Time since last: 9001486729 ns, Reaching safepoint: 107115 ns, At safepoint: 8132 ns, Total: 115247 ns
[2024-03-01T00:57:39.472+0000][7][safepoint   ] Safepoint "Cleanup", Time since last: 3000478499 ns, Reaching safepoint: 117199 ns, At safepoint: 8182 ns, Total: 125381 ns
[2024-03-01T00:57:40.472+0000][7][safepoint   ] Safepoint "Cleanup", Time since last: 1000251455 ns, Reaching safepoint: 89854 ns, At safepoint: 9383 ns, Total: 99237 ns
[2024-03-01T00:57:41.472+0000][7][safepoint   ] Safepoint "Cleanup", Time since last: 1000170627 ns, Reaching safepoint: 74018 ns, At safepoint: 9322 ns, Total: 83340 ns
[2024-03-01T00:57:42.473+0000][7][safepoint   ] Safepoint "Cleanup", Time since last: 1000228649 ns, Reaching safepoint: 89854 ns, At safepoint: 8940 ns, Total: 98794 ns
[2024-03-01T00:57:43.473+0000][7][safepoint   ] Safepoint "Cleanup", Time since last: 1000236571 ns, Reaching safepoint: 101650 ns, At safepoint: 9289 ns, Total: 110939 ns
[2024-03-01T00:57:45.473+0000][7][safepoint   ] Safepoint "Cleanup", Time since last: 2000223527 ns, Reaching safepoint: 115973 ns, At safepoint: 8976 ns, Total: 124949 ns
[2024-03-01T00:57:48.474+0000][7][safepoint   ] Safepoint "Cleanup", Time since last: 3000410361 ns, Reaching safepoint: 100852 ns, At safepoint: 9847 ns, Total: 110699 ns
[2024-03-01T00:57:51.474+0000][7][safepoint   ] Safepoint "Cleanup", Time since last: 3000473763 ns, Reaching safepoint: 122145 ns, At safepoint: 9662 ns, Total: 131807 ns
[2024-03-01T00:57:54.475+0000][7][safepoint   ] Safepoint "Cleanup", Time since last: 3000471000 ns, Reaching safepoint: 134459 ns, At safepoint: 9032 ns, Total: 143491 ns
[2024-03-01T00:57:57.476+0000][7][safepoint   ] Safepoint "Cleanup", Time since last: 3000526241 ns, Reaching safepoint: 121978 ns, At safepoint: 7233 ns, Total: 129211 ns
[2024-03-01T00:58:00.476+0000][7][safepoint   ] Safepoint "Cleanup", Time since last: 3000651005 ns, Reaching safepoint: 113093 ns, At safepoint: 19677 ns, Total: 132770 ns
[2024-03-01T00:58:03.477+0000][7][safepoint   ] Safepoint "Cleanup", Time since last: 3000331612 ns, Reaching safepoint: 66955 ns, At safepoint: 3539 ns, Total: 70494 ns
[2024-03-01T00:58:04.477+0000][7][safepoint   ] Safepoint "Cleanup", Time since last: 1000116461 ns, Reaching safepoint: 77737 ns, At safepoint: 7626 ns, Total: 85363 ns
[2024-03-01T00:58:07.477+0000][7][safepoint   ] Safepoint "Cleanup", Time since last: 3000329405 ns, Reaching safepoint: 68396 ns, At safepoint: 10226 ns, Total: 78622 ns
[2024-03-01T00:58:09.478+0000][7][safepoint   ] Safepoint "Cleanup", Time since last: 2000383947 ns, Reaching safepoint: 117677 ns, At safepoint: 16123 ns, Total: 133800 ns
[2024-03-01T00:58:12.479+0000][7][safepoint   ] Safepoint "Cleanup", Time since last: 3000845322 ns, Reaching safepoint: 133263 ns, At safepoint: 10288 ns, Total: 143551 ns
[2024-03-01T00:58:13.479+0000][7][safepoint   ] Safepoint "Cleanup", Time since last: 1000142249 ns, Reaching safepoint: 192831 ns, At safepoint: 13760 ns, Total: 206591 ns
[2024-03-01T00:58:15.480+0000][7][safepoint   ] Safepoint "Cleanup", Time since last: 2000355419 ns, Reaching safepoint: 120138 ns, At safepoint: 7531 ns, Total: 127669 ns
[2024-03-01T00:58:16.480+0000][7][safepoint   ] Safepoint "Cleanup", Time since last: 1000282381 ns, Reaching safepoint: 93636 ns, At safepoint: 7506 ns, Total: 101142 ns
[2024-03-01T00:58:18.480+0000][7][safepoint   ] Safepoint "Cleanup", Time since last: 2000228412 ns, Reaching safepoint: 41669 ns, At safepoint: 3000 ns, Total: 44669 ns
[2024-03-01T00:58:20.481+0000][7][safepoint   ] Safepoint "Cleanup", Time since last: 2000389835 ns, Reaching safepoint: 73160 ns, At safepoint: 9303 ns, Total: 82463 ns
[2024-03-01T00:58:21.481+0000][7][safepoint   ] Safepoint "Cleanup", Time since last: 1000136821 ns, Reaching safepoint: 84899 ns, At safepoint: 10281 ns, Total: 95180 ns
[2024-03-01T00:58:22.481+0000][7][safepoint   ] Safepoint "Cleanup", Time since last: 1000166341 ns, Reaching safepoint: 69650 ns, At safepoint: 9769 ns, Total: 79419 ns
[2024-03-01T00:58:27.482+0000][7][safepoint   ] Safepoint "Cleanup", Time since last: 5000519844 ns, Reaching safepoint: 95307 ns, At safepoint: 4617 ns, Total: 99924 ns
[2024-03-01T00:58:29.482+0000][7][safepoint   ] Safepoint "Cleanup", Time since last: 2000187236 ns, Reaching safepoint: 47229 ns, At safepoint: 3359 ns, Total: 50588 ns
[2024-03-01T00:58:33.483+0000][7][safepoint   ] Safepoint "Cleanup", Time since last: 4000359745 ns, Reaching safepoint: 51983 ns, At safepoint: 4840 ns, Total: 56823 ns
[2024-03-01T00:58:34.483+0000][7][safepoint   ] Safepoint "Cleanup", Time since last: 1000170051 ns, Reaching safepoint: 140708 ns, At safepoint: 10174 ns, Total: 150882 ns
[2024-03-01T00:58:39.483+0000][7][safepoint   ] Safepoint "Cleanup", Time since last: 5000453049 ns, Reaching safepoint: 47614 ns, At safepoint: 14142 ns, Total: 61756 ns
[2024-03-01T00:58:40.484+0000][7][safepoint   ] Safepoint "Cleanup", Time since last: 1000111702 ns, Reaching safepoint: 69476 ns, At safepoint: 23489 ns, Total: 92965 ns
[2024-03-01T00:58:42.484+0000][7][safepoint   ] Safepoint "Cleanup", Time since last: 2000217357 ns, Reaching safepoint: 76468 ns, At safepoint: 5072 ns, Total: 81540 ns
[2024-03-01T00:58:45.484+0000][7][safepoint   ] Safepoint "Cleanup", Time since last: 3000409717 ns, Reaching safepoint: 113242 ns, At safepoint: 6546 ns, Total: 119788 ns
[2024-03-01T00:58:48.485+0000][7][safepoint   ] Safepoint "Cleanup", Time since last: 3000408447 ns, Reaching safepoint: 74305 ns, At safepoint: 5672 ns, Total: 79977 ns
[2024-03-01T00:58:51.485+0000][7][safepoint   ] Safepoint "Cleanup", Time since last: 3000316866 ns, Reaching safepoint: 78428 ns, At safepoint: 7115 ns, Total: 85543 ns
[2024-03-01T00:58:54.486+0000][7][safepoint   ] Safepoint "Cleanup", Time since last: 3000286453 ns, Reaching safepoint: 105090 ns, At safepoint: 7041 ns, Total: 112131 ns
[2024-03-01T00:58:57.486+0000][7][safepoint   ] Safepoint "Cleanup", Time since last: 3000406097 ns, Reaching safepoint: 83372 ns, At safepoint: 8394 ns, Total: 91766 ns
[2024-03-01T00:58:58.487+0000][7][safepoint   ] Safepoint "Cleanup", Time since last: 1000173470 ns, Reaching safepoint: 55205 ns, At safepoint: 5976 ns, Total: 61181 ns
[2024-03-01T00:58:59.487+0000][7][safepoint   ] Safepoint "Cleanup", Time since last: 1000205265 ns, Reaching safepoint: 60006 ns, At safepoint: 6940 ns, Total: 66946 ns
[2024-03-01T00:59:00.487+0000][7][safepoint   ] Safepoint "Cleanup", Time since last: 1000158792 ns, Reaching safepoint: 55325 ns, At safepoint: 7135 ns, Total: 62460 ns
[2024-03-01T00:59:03.488+0000][7][safepoint   ] Safepoint "Cleanup", Time since last: 3000520764 ns, Reaching safepoint: 79321 ns, At safepoint: 5888 ns, Total: 85209 ns
[2024-03-01T00:59:04.488+0000][7][safepoint   ] Safepoint "Cleanup", Time since last: 1000285451 ns, Reaching safepoint: 100617 ns, At safepoint: 9981 ns, Total: 110598 ns
[2024-03-01T00:59:09.489+0000][7][safepoint   ] Safepoint "Cleanup", Time since last: 5000738955 ns, Reaching safepoint: 51460 ns, At safepoint: 7235 ns, Total: 58695 ns
[2024-03-01T00:59:11.489+0000][7][safepoint   ] Safepoint "Cleanup", Time since last: 2000202004 ns, Reaching safepoint: 95784 ns, At safepoint: 19740 ns, Total: 115524 ns
[2024-03-01T00:59:12.489+0000][7][safepoint   ] Safepoint "Cleanup", Time since last: 1000157125 ns, Reaching safepoint: 73455 ns, At safepoint: 5462 ns, Total: 78917 ns
[2024-03-01T00:59:13.490+0000][7][safepoint   ] Safepoint "Cleanup", Time since last: 1000128980 ns, Reaching safepoint: 77694 ns, At safepoint: 6720 ns, Total: 84414 ns
[2024-03-01T00:59:15.490+0000][7][safepoint   ] Safepoint "Cleanup", Time since last: 2000386657 ns, Reaching safepoint: 74887 ns, At safepoint: 10455 ns, Total: 85342 ns
[2024-03-01T00:59:18.491+0000][7][safepoint   ] Safepoint "Cleanup", Time since last: 3000453638 ns, Reaching safepoint: 64678 ns, At safepoint: 3219 ns, Total: 67897 ns
[2024-03-01T00:59:21.491+0000][7][safepoint   ] Safepoint "Cleanup", Time since last: 3000518980 ns, Reaching safepoint: 67308 ns, At safepoint: 6398 ns, Total: 73706 ns
[2024-03-01T00:59:22.492+0000][7][safepoint   ] Safepoint "Cleanup", Time since last: 1000252507 ns, Reaching safepoint: 105523 ns, At safepoint: 8121 ns, Total: 113644 ns
[2024-03-01T00:59:27.492+0000][7][safepoint   ] Safepoint "Cleanup", Time since last: 5000793498 ns, Reaching safepoint: 107860 ns, At safepoint: 18957 ns, Total: 126817 ns
[2024-03-01T00:59:29.493+0000][7][safepoint   ] Safepoint "Cleanup", Time since last: 2000350358 ns, Reaching safepoint: 127645 ns, At safepoint: 11577 ns, Total: 139222 ns
[2024-03-01T00:59:30.493+0000][7][safepoint   ] Safepoint "Cleanup", Time since last: 1000141537 ns, Reaching safepoint: 79759 ns, At safepoint: 9878 ns, Total: 89637 ns
[2024-03-01T00:59:33.494+0000][7][safepoint   ] Safepoint "Cleanup", Time since last: 3000418981 ns, Reaching safepoint: 116015 ns, At safepoint: 7781 ns, Total: 123796 ns
[2024-03-01T00:59:36.494+0000][7][safepoint   ] Safepoint "Cleanup", Time since last: 3000495840 ns, Reaching safepoint: 126852 ns, At safepoint: 9753 ns, Total: 136605 ns
[2024-03-01T00:59:39.495+0000][7][safepoint   ] Safepoint "Cleanup", Time since last: 3000477567 ns, Reaching safepoint: 78738 ns, At safepoint: 7735 ns, Total: 86473 ns
[2024-03-01T00:59:40.495+0000][7][safepoint   ] Safepoint "Cleanup", Time since last: 1000262046 ns, Reaching safepoint: 94350 ns, At safepoint: 17786 ns, Total: 112136 ns
[2024-03-01T00:59:42.496+0000][7][safepoint   ] Safepoint "Cleanup", Time since last: 2000200760 ns, Reaching safepoint: 59980 ns, At safepoint: 3945 ns, Total: 63925 ns
[2024-03-01T00:59:45.496+0000][7][safepoint   ] Safepoint "Cleanup", Time since last: 3000361226 ns, Reaching safepoint: 66285 ns, At safepoint: 5393 ns, Total: 71678 ns
[2024-03-01T00:59:46.496+0000][7][safepoint   ] Safepoint "Cleanup", Time since last: 1000118414 ns, Reaching safepoint: 50229 ns, At safepoint: 4105 ns, Total: 54334 ns
[2024-03-01T00:59:48.497+0000][7][safepoint   ] Safepoint "Cleanup", Time since last: 2000394381 ns, Reaching safepoint: 96079 ns, At safepoint: 11925 ns, Total: 108004 ns
[2024-03-01T00:59:51.497+0000][7][safepoint   ] Safepoint "Cleanup", Time since last: 3000352341 ns, Reaching safepoint: 82037 ns, At safepoint: 10994 ns, Total: 93031 ns
[2024-03-01T00:59:54.498+0000][7][safepoint   ] Safepoint "Cleanup", Time since last: 3000283044 ns, Reaching safepoint: 124069 ns, At safepoint: 7574 ns, Total: 131643 ns
[2024-03-01T00:59:57.498+0000][7][safepoint   ] Safepoint "Cleanup", Time since last: 3000380943 ns, Reaching safepoint: 98719 ns, At safepoint: 7607 ns, Total: 106326 ns
[2024-03-01T01:00:00.499+0000][7][safepoint   ] Safepoint "Cleanup", Time since last: 3000609841 ns, Reaching safepoint: 74552 ns, At safepoint: 39061 ns, Total: 113613 ns
[2024-03-01T01:00:02.861+0000][7][gc,start    ] GC(20) Pause Young (Normal) (G1 Evacuation Pause)
[2024-03-01T01:00:02.861+0000][7][gc,task     ] GC(20) Using 8 workers of 8 for evacuation
[2024-03-01T01:00:02.861+0000][7][gc,age      ] GC(20) Desired survivor size 41943040 bytes, new threshold 15 (max threshold 15)
[2024-03-01T01:00:02.876+0000][7][gc,phases   ] GC(20)   Pre Evacuate Collection Set: 0.1ms
[2024-03-01T01:00:02.876+0000][7][gc,phases   ] GC(20)   Merge Heap Roots: 0.1ms
[2024-03-01T01:00:02.876+0000][7][gc,phases   ] GC(20)   Evacuate Collection Set: 12.8ms
[2024-03-01T01:00:02.876+0000][7][gc,phases   ] GC(20)   Post Evacuate Collection Set: 1.5ms
[2024-03-01T01:00:02.876+0000][7][gc,phases   ] GC(20)   Other: 0.1ms
[2024-03-01T01:00:02.876+0000][7][gc,age      ] GC(20) Age table with threshold 15 (max threshold 15)
[2024-03-01T01:00:02.876+0000][7][gc,age      ] GC(20) - age   1:    1934016 bytes,    1934016 total
[2024-03-01T01:00:02.876+0000][7][gc,age      ] GC(20) - age   2:     420416 bytes,    2354432 total
[2024-03-01T01:00:02.876+0000][7][gc,age      ] GC(20) - age   3:    3010944 bytes,    5365376 total
[2024-03-01T01:00:02.876+0000][7][gc,age      ] GC(20) - age   4:        496 bytes,    5365872 total
[2024-03-01T01:00:02.876+0000][7][gc,age      ] GC(20) - age   5:      49784 bytes,    5415656 total
[2024-03-01T01:00:02.876+0000][7][gc,age      ] GC(20) - age   6:        976 bytes,    5416632 total
[2024-03-01T01:00:02.876+0000][7][gc,age      ] GC(20) - age   7:    5995624 bytes,   11412256 total
[2024-03-01T01:00:02.876+0000][7][gc,age      ] GC(20) - age   8:     402024 bytes,   11814280 total
[2024-03-01T01:00:02.876+0000][7][gc,age      ] GC(20) - age   9:   12146288 bytes,   23960568 total
[2024-03-01T01:00:02.876+0000][7][gc,heap     ] GC(20) Eden regions: 146->0(146)
[2024-03-01T01:00:02.876+0000][7][gc,heap     ] GC(20) Survivor regions: 7->7(20)
[2024-03-01T01:00:02.876+0000][7][gc,heap     ] GC(20) Old regions: 16->16
[2024-03-01T01:00:02.876+0000][7][gc,heap     ] GC(20) Archive regions: 2->2
[2024-03-01T01:00:02.876+0000][7][gc,heap     ] GC(20) Humongous regions: 0->0
[2024-03-01T01:00:02.876+0000][7][gc,metaspace] GC(20) Metaspace: 123040K(126272K)->123040K(126272K) NonClass: 106823K(108544K)->106823K(108544K) Class: 16216K(17728K)->16216K(17728K)
[2024-03-01T01:00:02.876+0000][7][gc          ] GC(20) Pause Young (Normal) (G1 Evacuation Pause) 675M->92M(1024M) 14.910ms
[2024-03-01T01:00:02.876+0000][7][gc,cpu      ] GC(20) User=0.10s Sys=0.00s Real=0.01s
[2024-03-01T01:00:02.876+0000][7][safepoint   ] Safepoint "G1CollectForAllocation", Time since last: 2362348656 ns, Reaching safepoint: 89018 ns, At safepoint: 15000440 ns, Total: 15089458 ns
[2024-03-01T01:00:03.876+0000][7][safepoint   ] Safepoint "Cleanup", Time since last: 1000190057 ns, Reaching safepoint: 86999 ns, At safepoint: 8473 ns, Total: 95472 ns
[2024-03-01T01:00:08.877+0000][7][safepoint   ] Safepoint "Cleanup", Time since last: 5000434602 ns, Reaching safepoint: 99923 ns, At safepoint: 7416 ns, Total: 107339 ns
[2024-03-01T01:00:09.877+0000][7][safepoint   ] Safepoint "Cleanup", Time since last: 1000133880 ns, Reaching safepoint: 86376 ns, At safepoint: 9481 ns, Total: 95857 ns
[2024-03-01T01:00:12.878+0000][7][safepoint   ] Safepoint "Cleanup", Time since last: 3000461619 ns, Reaching safepoint: 64943 ns, At safepoint: 7055 ns, Total: 71998 ns
[2024-03-01T01:00:14.878+0000][7][safepoint   ] Safepoint "Cleanup", Time since last: 2000436963 ns, Reaching safepoint: 123522 ns, At safepoint: 8019 ns, Total: 131541 ns
[2024-03-01T01:00:20.880+0000][7][safepoint   ] Safepoint "Cleanup", Time since last: 6001267092 ns, Reaching safepoint: 59399 ns, At safepoint: 4881 ns, Total: 64280 ns
[2024-03-01T01:00:21.880+0000][7][safepoint   ] Safepoint "Cleanup", Time since last: 1000215834 ns, Reaching safepoint: 76000 ns, At safepoint: 8475 ns, Total: 84475 ns
[2024-03-01T01:00:23.880+0000][7][safepoint   ] Safepoint "Cleanup", Time since last: 2000385319 ns, Reaching safepoint: 101642 ns, At safepoint: 7330 ns, Total: 108972 ns
[2024-03-01T01:00:26.881+0000][7][safepoint   ] Safepoint "Cleanup", Time since last: 3000510066 ns, Reaching safepoint: 65146 ns, At safepoint: 7864 ns, Total: 73010 ns
[2024-03-01T01:00:28.881+0000][7][safepoint   ] Safepoint "Cleanup", Time since last: 2000348691 ns, Reaching safepoint: 75814 ns, At safepoint: 6818 ns, Total: 82632 ns
[2024-03-01T01:00:29.882+0000][7][safepoint   ] Safepoint "Cleanup", Time since last: 1000258262 ns, Reaching safepoint: 119274 ns, At safepoint: 7377 ns, Total: 126651 ns
[2024-03-01T01:00:32.883+0000][7][safepoint   ] Safepoint "Cleanup", Time since last: 3000629131 ns, Reaching safepoint: 92836 ns, At safepoint: 8920 ns, Total: 101756 ns
[2024-03-01T01:00:33.883+0000][7][safepoint   ] Safepoint "Cleanup", Time since last: 1000259791 ns, Reaching safepoint: 78294 ns, At safepoint: 8279 ns, Total: 86573 ns
[2024-03-01T01:00:35.883+0000][7][safepoint   ] Safepoint "Cleanup", Time since last: 2000475185 ns, Reaching safepoint: 91967 ns, At safepoint: 7496 ns, Total: 99463 ns
[2024-03-01T01:00:38.884+0000][7][safepoint   ] Safepoint "Cleanup", Time since last: 3000567508 ns, Reaching safepoint: 111707 ns, At safepoint: 7918 ns, Total: 119625 ns
[2024-03-01T01:00:42.885+0000][7][safepoint   ] Safepoint "Cleanup", Time since last: 4000679818 ns, Reaching safepoint: 92799 ns, At safepoint: 10003 ns, Total: 102802 ns
[2024-03-01T01:00:50.886+0000][7][safepoint   ] Safepoint "Cleanup", Time since last: 8001191267 ns, Reaching safepoint: 92794 ns, At safepoint: 6815 ns, Total: 99609 ns
[2024-03-01T01:00:53.887+0000][7][safepoint   ] Safepoint "Cleanup", Time since last: 3000293001 ns, Reaching safepoint: 113411 ns, At safepoint: 8712 ns, Total: 122123 ns
[2024-03-01T01:00:56.887+0000][7][safepoint   ] Safepoint "Cleanup", Time since last: 3000563743 ns, Reaching safepoint: 109813 ns, At safepoint: 9224 ns, Total: 119037 ns
[2024-03-01T01:00:57.888+0000][7][safepoint   ] Safepoint "Cleanup", Time since last: 1000226364 ns, Reaching safepoint: 70200 ns, At safepoint: 10312 ns, Total: 80512 ns
[2024-03-01T01:00:58.888+0000][7][safepoint   ] Safepoint "Cleanup", Time since last: 1000265623 ns, Reaching safepoint: 70596 ns, At safepoint: 8403 ns, Total: 78999 ns
[2024-03-01T01:00:59.888+0000][7][safepoint   ] Safepoint "Cleanup", Time since last: 1000154039 ns, Reaching safepoint: 106787 ns, At safepoint: 13303 ns, Total: 120090 ns
[2024-03-01T01:01:01.889+0000][7][safepoint   ] Safepoint "Cleanup", Time since last: 2000443023 ns, Reaching safepoint: 99238 ns, At safepoint: 13649 ns, Total: 112887 ns
[2024-03-01T01:01:02.889+0000][7][safepoint   ] Safepoint "Cleanup", Time since last: 1000138021 ns, Reaching safepoint: 68406 ns, At safepoint: 5983 ns, Total: 74389 ns
[2024-03-01T01:01:03.889+0000][7][safepoint   ] Safepoint "Cleanup", Time since last: 1000127559 ns, Reaching safepoint: 65385 ns, At safepoint: 6996 ns, Total: 72381 ns
[2024-03-01T01:01:06.890+0000][7][safepoint   ] Safepoint "Cleanup", Time since last: 3000561673 ns, Reaching safepoint: 117201 ns, At safepoint: 13692 ns, Total: 130893 ns
[2024-03-01T01:01:08.890+0000][7][safepoint   ] Safepoint "Cleanup", Time since last: 2000335783 ns, Reaching safepoint: 43277 ns, At safepoint: 3654 ns, Total: 46931 ns
[2024-03-01T01:01:11.891+0000][7][safepoint   ] Safepoint "Cleanup", Time since last: 3000465788 ns, Reaching safepoint: 71499 ns, At safepoint: 9378 ns, Total: 80877 ns
[2024-03-01T01:01:12.891+0000][7][safepoint   ] Safepoint "Cleanup", Time since last: 1000260132 ns, Reaching safepoint: 90459 ns, At safepoint: 10044 ns, Total: 100503 ns
[2024-03-01T01:01:14.892+0000][7][safepoint   ] Safepoint "Cleanup", Time since last: 2000360568 ns, Reaching safepoint: 81011 ns, At safepoint: 12111 ns, Total: 93122 ns
[2024-03-01T01:01:20.893+0000][7][safepoint   ] Safepoint "Cleanup", Time since last: 6000947462 ns, Reaching safepoint: 98138 ns, At safepoint: 10708 ns, Total: 108846 ns
[2024-03-01T01:01:23.893+0000][7][safepoint   ] Safepoint "Cleanup", Time since last: 3000288200 ns, Reaching safepoint: 55237 ns, At safepoint: 4698 ns, Total: 59935 ns
[2024-03-01T01:01:24.893+0000][7][safepoint   ] Safepoint "Cleanup", Time since last: 1000135605 ns, Reaching safepoint: 62693 ns, At safepoint: 11063 ns, Total: 73756 ns
[2024-03-01T01:01:26.894+0000][7][safepoint   ] Safepoint "Cleanup", Time since last: 2000297019 ns, Reaching safepoint: 90159 ns, At safepoint: 7324 ns, Total: 97483 ns
[2024-03-01T01:01:33.895+0000][7][safepoint   ] Safepoint "Cleanup", Time since last: 7001111761 ns, Reaching safepoint: 98754 ns, At safepoint: 10964 ns, Total: 109718 ns
[2024-03-01T01:01:38.896+0000][7][safepoint   ] Safepoint "Cleanup", Time since last: 5000644012 ns, Reaching safepoint: 110733 ns, At safepoint: 6515 ns, Total: 117248 ns
[2024-03-01T01:01:39.896+0000][7][safepoint   ] Safepoint "Cleanup", Time since last: 1000149717 ns, Reaching safepoint: 61703 ns, At safepoint: 6877 ns, Total: 68580 ns
[2024-03-01T01:01:42.246+0000][7][safepoint   ] Safepoint "Cleanup", Time since last: 2350029936 ns, Reaching safepoint: 56605 ns, At safepoint: 13424 ns, Total: 70029 ns
[2024-03-01T01:01:44.142+0000][7][safepoint   ] Safepoint "Cleanup", Time since last: 1895383264 ns, Reaching safepoint: 194456 ns, At safepoint: 8848 ns, Total: 203304 ns
[2024-03-01T01:01:45.142+0000][7][safepoint   ] Safepoint "Cleanup", Time since last: 1000137054 ns, Reaching safepoint: 56713 ns, At safepoint: 4221 ns, Total: 60934 ns
[2024-03-01T01:01:46.142+0000][7][safepoint   ] Safepoint "Cleanup", Time since last: 1000118970 ns, Reaching safepoint: 89834 ns, At safepoint: 9509 ns, Total: 99343 ns
[2024-03-01T01:01:49.143+0000][7][safepoint   ] Safepoint "Cleanup", Time since last: 3000509459 ns, Reaching safepoint: 133614 ns, At safepoint: 15766 ns, Total: 149380 ns
[2024-03-01T01:01:50.143+0000][7][safepoint   ] Safepoint "Cleanup", Time since last: 1000224740 ns, Reaching safepoint: 75568 ns, At safepoint: 7737 ns, Total: 83305 ns
[2024-03-01T01:01:51.143+0000][7][safepoint   ] Safepoint "Cleanup", Time since last: 1000251793 ns, Reaching safepoint: 82148 ns, At safepoint: 7033 ns, Total: 89181 ns
[2024-03-01T01:01:52.144+0000][7][safepoint   ] Safepoint "Cleanup", Time since last: 1000148494 ns, Reaching safepoint: 67859 ns, At safepoint: 5839 ns, Total: 73698 ns
[2024-03-01T01:01:54.144+0000][7][safepoint   ] Safepoint "Cleanup", Time since last: 2000328756 ns, Reaching safepoint: 71962 ns, At safepoint: 6766 ns, Total: 78728 ns
[2024-03-01T01:01:56.812+0000][7][safepoint   ] Safepoint "Cleanup", Time since last: 2668046582 ns, Reaching safepoint: 120105 ns, At safepoint: 3195 ns, Total: 123300 ns
[2024-03-01T01:01:57.812+0000][7][safepoint   ] Safepoint "Cleanup", Time since last: 1000209725 ns, Reaching safepoint: 103577 ns, At safepoint: 21374 ns, Total: 124951 ns
[2024-03-01T01:02:02.813+0000][7][safepoint   ] Safepoint "Cleanup", Time since last: 5000430168 ns, Reaching safepoint: 102167 ns, At safepoint: 5702 ns, Total: 107869 ns
[2024-03-01T01:02:03.813+0000][7][safepoint   ] Safepoint "Cleanup", Time since last: 1000255188 ns, Reaching safepoint: 75442 ns, At safepoint: 11041 ns, Total: 86483 ns
[2024-03-01T01:02:08.814+0000][7][safepoint   ] Safepoint "Cleanup", Time since last: 5000678231 ns, Reaching safepoint: 125518 ns, At safepoint: 5026 ns, Total: 130544 ns
[2024-03-01T01:02:09.814+0000][7][safepoint   ] Safepoint "Cleanup", Time since last: 1000100060 ns, Reaching safepoint: 53276 ns, At safepoint: 5603 ns, Total: 58879 ns
[2024-03-01T01:02:11.815+0000][7][safepoint   ] Safepoint "Cleanup", Time since last: 2000209013 ns, Reaching safepoint: 49124 ns, At safepoint: 3900 ns, Total: 53024 ns
[2024-03-01T01:02:14.815+0000][7][safepoint   ] Safepoint "Cleanup", Time since last: 3000435870 ns, Reaching safepoint: 69279 ns, At safepoint: 5032 ns, Total: 74311 ns
[2024-03-01T01:02:15.815+0000][7][safepoint   ] Safepoint "Cleanup", Time since last: 1000218618 ns, Reaching safepoint: 94933 ns, At safepoint: 9710 ns, Total: 104643 ns
[2024-03-01T01:02:18.816+0000][7][safepoint   ] Safepoint "Cleanup", Time since last: 3000645413 ns, Reaching safepoint: 106079 ns, At safepoint: 5740 ns, Total: 111819 ns
[2024-03-01T01:02:21.817+0000][7][safepoint   ] Safepoint "Cleanup", Time since last: 3000484648 ns, Reaching safepoint: 126885 ns, At safepoint: 14466 ns, Total: 141351 ns
[2024-03-01T01:02:23.817+0000][7][safepoint   ] Safepoint "Cleanup", Time since last: 2000220821 ns, Reaching safepoint: 108620 ns, At safepoint: 8177 ns, Total: 116797 ns
[2024-03-01T01:02:24.817+0000][7][safepoint   ] Safepoint "Cleanup", Time since last: 1000255469 ns, Reaching safepoint: 71148 ns, At safepoint: 10041 ns, Total: 81189 ns
[2024-03-01T01:02:26.818+0000][7][safepoint   ] Safepoint "Cleanup", Time since last: 2000344816 ns, Reaching safepoint: 59816 ns, At safepoint: 5158 ns, Total: 64974 ns
[2024-03-01T01:02:32.819+0000][7][safepoint   ] Safepoint "Cleanup", Time since last: 6001094927 ns, Reaching safepoint: 134814 ns, At safepoint: 4350 ns, Total: 139164 ns
[2024-03-01T01:02:33.819+0000][7][safepoint   ] Safepoint "Cleanup", Time since last: 1000277766 ns, Reaching safepoint: 82600 ns, At safepoint: 7226 ns, Total: 89826 ns
[2024-03-01T01:02:35.820+0000][7][safepoint   ] Safepoint "Cleanup", Time since last: 2000338097 ns, Reaching safepoint: 108805 ns, At safepoint: 8118 ns, Total: 116923 ns
[2024-03-01T01:02:38.820+0000][7][safepoint   ] Safepoint "Cleanup", Time since last: 3000462238 ns, Reaching safepoint: 99320 ns, At safepoint: 6681 ns, Total: 106001 ns
[2024-03-01T01:02:39.821+0000][7][safepoint   ] Safepoint "Cleanup", Time since last: 1000270288 ns, Reaching safepoint: 75636 ns, At safepoint: 7744 ns, Total: 83380 ns
[2024-03-01T01:02:42.821+0000][7][safepoint   ] Safepoint "Cleanup", Time since last: 3000320157 ns, Reaching safepoint: 73258 ns, At safepoint: 7065 ns, Total: 80323 ns
[2024-03-01T01:02:43.822+0000][7][safepoint   ] Safepoint "Cleanup", Time since last: 1000162035 ns, Reaching safepoint: 163892 ns, At safepoint: 26954 ns, Total: 190846 ns
[2024-03-01T01:02:44.822+0000][7][safepoint   ] Safepoint "Cleanup", Time since last: 1000206766 ns, Reaching safepoint: 155678 ns, At safepoint: 9184 ns, Total: 164862 ns
[2024-03-01T01:02:45.822+0000][7][safepoint   ] Safepoint "Cleanup", Time since last: 1000144045 ns, Reaching safepoint: 69101 ns, At safepoint: 7581 ns, Total: 76682 ns
[2024-03-01T01:02:50.823+0000][7][safepoint   ] Safepoint "Cleanup", Time since last: 5000642139 ns, Reaching safepoint: 135935 ns, At safepoint: 6223 ns, Total: 142158 ns
[2024-03-01T01:02:53.824+0000][7][safepoint   ] Safepoint "Cleanup", Time since last: 3000625082 ns, Reaching safepoint: 129954 ns, At safepoint: 9083 ns, Total: 139037 ns
[2024-03-01T01:02:56.824+0000][7][safepoint   ] Safepoint "Cleanup", Time since last: 3000482274 ns, Reaching safepoint: 110749 ns, At safepoint: 9235 ns, Total: 119984 ns
[2024-03-01T01:03:02.825+0000][7][safepoint   ] Safepoint "Cleanup", Time since last: 6000764066 ns, Reaching safepoint: 95146 ns, At safepoint: 7784 ns, Total: 102930 ns
[2024-03-01T01:03:03.825+0000][7][safepoint   ] Safepoint "Cleanup", Time since last: 1000201255 ns, Reaching safepoint: 95415 ns, At safepoint: 11498 ns, Total: 106913 ns
[2024-03-01T01:03:05.826+0000][7][safepoint   ] Safepoint "Cleanup", Time since last: 2000319241 ns, Reaching safepoint: 122461 ns, At safepoint: 10150 ns, Total: 132611 ns
[2024-03-01T01:03:08.827+0000][7][safepoint   ] Safepoint "Cleanup", Time since last: 3000632071 ns, Reaching safepoint: 80501 ns, At safepoint: 9801 ns, Total: 90302 ns
[2024-03-01T01:03:09.827+0000][7][safepoint   ] Safepoint "Cleanup", Time since last: 1000278973 ns, Reaching safepoint: 75145 ns, At safepoint: 10448 ns, Total: 85593 ns
[2024-03-01T01:03:19.829+0000][7][safepoint   ] Safepoint "Cleanup", Time since last: 10001718665 ns, Reaching safepoint: 97570 ns, At safepoint: 13374 ns, Total: 110944 ns
[2024-03-01T01:03:24.830+0000][7][safepoint   ] Safepoint "Cleanup", Time since last: 5000627943 ns, Reaching safepoint: 247199 ns, At safepoint: 6816 ns, Total: 254015 ns
[2024-03-01T01:03:26.830+0000][7][safepoint   ] Safepoint "Cleanup", Time since last: 2000256138 ns, Reaching safepoint: 92192 ns, At safepoint: 7179 ns, Total: 99371 ns
[2024-03-01T01:03:27.830+0000][7][safepoint   ] Safepoint "Cleanup", Time since last: 1000255821 ns, Reaching safepoint: 81254 ns, At safepoint: 7979 ns, Total: 89233 ns
[2024-03-01T01:03:30.831+0000][7][safepoint   ] Safepoint "Cleanup", Time since last: 3000534181 ns, Reaching safepoint: 81777 ns, At safepoint: 8027 ns, Total: 89804 ns
[2024-03-01T01:03:32.751+0000][7][gc,start    ] GC(21) Pause Young (Normal) (G1 Evacuation Pause)
[2024-03-01T01:03:32.751+0000][7][gc,task     ] GC(21) Using 8 workers of 8 for evacuation
[2024-03-01T01:03:32.751+0000][7][gc,age      ] GC(21) Desired survivor size 41943040 bytes, new threshold 15 (max threshold 15)
[2024-03-01T01:03:32.765+0000][7][gc,phases   ] GC(21)   Pre Evacuate Collection Set: 0.1ms
[2024-03-01T01:03:32.765+0000][7][gc,phases   ] GC(21)   Merge Heap Roots: 0.1ms
[2024-03-01T01:03:32.765+0000][7][gc,phases   ] GC(21)   Evacuate Collection Set: 12.2ms
[2024-03-01T01:03:32.765+0000][7][gc,phases   ] GC(21)   Post Evacuate Collection Set: 1.6ms
[2024-03-01T01:03:32.765+0000][7][gc,phases   ] GC(21)   Other: 0.1ms
[2024-03-01T01:03:32.765+0000][7][gc,age      ] GC(21) Age table with threshold 15 (max threshold 15)
[2024-03-01T01:03:32.765+0000][7][gc,age      ] GC(21) - age   1:     683896 bytes,     683896 total
[2024-03-01T01:03:32.765+0000][7][gc,age      ] GC(21) - age   2:     160672 bytes,     844568 total
[2024-03-01T01:03:32.765+0000][7][gc,age      ] GC(21) - age   3:     294928 bytes,    1139496 total
[2024-03-01T01:03:32.765+0000][7][gc,age      ] GC(21) - age   4:    3009856 bytes,    4149352 total
[2024-03-01T01:03:32.765+0000][7][gc,age      ] GC(21) - age   5:        496 bytes,    4149848 total
[2024-03-01T01:03:32.765+0000][7][gc,age      ] GC(21) - age   6:      49784 bytes,    4199632 total
[2024-03-01T01:03:32.765+0000][7][gc,age      ] GC(21) - age   7:        976 bytes,    4200608 total
[2024-03-01T01:03:32.765+0000][7][gc,age      ] GC(21) - age   8:    5995624 bytes,   10196232 total
[2024-03-01T01:03:32.765+0000][7][gc,age      ] GC(21) - age   9:     402024 bytes,   10598256 total
[2024-03-01T01:03:32.765+0000][7][gc,age      ] GC(21) - age  10:   12091704 bytes,   22689960 total
[2024-03-01T01:03:32.765+0000][7][gc,heap     ] GC(21) Eden regions: 146->0(147)
[2024-03-01T01:03:32.765+0000][7][gc,heap     ] GC(21) Survivor regions: 7->6(20)
[2024-03-01T01:03:32.765+0000][7][gc,heap     ] GC(21) Old regions: 16->16
[2024-03-01T01:03:32.765+0000][7][gc,heap     ] GC(21) Archive regions: 2->2
[2024-03-01T01:03:32.765+0000][7][gc,heap     ] GC(21) Humongous regions: 0->0
[2024-03-01T01:03:32.765+0000][7][gc,metaspace] GC(21) Metaspace: 123643K(126912K)->123643K(126912K) NonClass: 107372K(109120K)->107372K(109120K) Class: 16270K(17792K)->16270K(17792K)
[2024-03-01T01:03:32.765+0000][7][gc          ] GC(21) Pause Young (Normal) (G1 Evacuation Pause) 676M->89M(1024M) 14.399ms
[2024-03-01T01:03:32.765+0000][7][gc,cpu      ] GC(21) User=0.10s Sys=0.00s Real=0.01s
[2024-03-01T01:03:32.765+0000][7][safepoint   ] Safepoint "G1CollectForAllocation", Time since last: 1919856216 ns, Reaching safepoint: 65820 ns, At safepoint: 14485677 ns, Total: 14551497 ns
[2024-03-01T01:03:33.766+0000][7][safepoint   ] Safepoint "Cleanup", Time since last: 1000119423 ns, Reaching safepoint: 86330 ns, At safepoint: 11644 ns, Total: 97974 ns
[2024-03-01T01:03:38.767+0000][7][safepoint   ] Safepoint "Cleanup", Time since last: 5000911128 ns, Reaching safepoint: 150337 ns, At safepoint: 10603 ns, Total: 160940 ns
[2024-03-01T01:03:42.768+0000][7][safepoint   ] Safepoint "Cleanup", Time since last: 4000705744 ns, Reaching safepoint: 78727 ns, At safepoint: 6912 ns, Total: 85639 ns
[2024-03-01T01:03:45.768+0000][7][safepoint   ] Safepoint "Cleanup", Time since last: 3000575136 ns, Reaching safepoint: 107487 ns, At safepoint: 6567 ns, Total: 114054 ns
[2024-03-01T01:03:50.769+0000][7][safepoint   ] Safepoint "Cleanup", Time since last: 5000801640 ns, Reaching safepoint: 57887 ns, At safepoint: 5847 ns, Total: 63734 ns
[2024-03-01T01:03:51.769+0000][7][safepoint   ] Safepoint "Cleanup", Time since last: 1000139131 ns, Reaching safepoint: 58012 ns, At safepoint: 7067 ns, Total: 65079 ns
[2024-03-01T01:03:53.770+0000][7][safepoint   ] Safepoint "Cleanup", Time since last: 2000224397 ns, Reaching safepoint: 93257 ns, At safepoint: 7794 ns, Total: 101051 ns
[2024-03-01T01:03:57.770+0000][7][safepoint   ] Safepoint "Cleanup", Time since last: 4000407842 ns, Reaching safepoint: 54392 ns, At safepoint: 6362 ns, Total: 60754 ns
[2024-03-01T01:04:03.771+0000][7][safepoint   ] Safepoint "Cleanup", Time since last: 6000879850 ns, Reaching safepoint: 114439 ns, At safepoint: 7297 ns, Total: 121736 ns
[2024-03-01T01:04:09.772+0000][7][safepoint   ] Safepoint "Cleanup", Time since last: 6000961899 ns, Reaching safepoint: 92171 ns, At safepoint: 15509 ns, Total: 107680 ns
[2024-03-01T01:04:13.773+0000][7][safepoint   ] Safepoint "Cleanup", Time since last: 4000625799 ns, Reaching safepoint: 59746 ns, At safepoint: 4937 ns, Total: 64683 ns
[2024-03-01T01:04:14.773+0000][7][safepoint   ] Safepoint "Cleanup", Time since last: 1000120178 ns, Reaching safepoint: 93311 ns, At safepoint: 6706 ns, Total: 100017 ns
[2024-03-01T01:04:20.774+0000][7][safepoint   ] Safepoint "Cleanup", Time since last: 6000845362 ns, Reaching safepoint: 101100 ns, At safepoint: 5958 ns, Total: 107058 ns
[2024-03-01T01:04:21.774+0000][7][safepoint   ] Safepoint "Cleanup", Time since last: 1000136038 ns, Reaching safepoint: 81241 ns, At safepoint: 5179 ns, Total: 86420 ns
[2024-03-01T01:04:23.775+0000][7][safepoint   ] Safepoint "Cleanup", Time since last: 2000430713 ns, Reaching safepoint: 77145 ns, At safepoint: 6275 ns, Total: 83420 ns
[2024-03-01T01:04:32.776+0000][7][safepoint   ] Safepoint "Cleanup", Time since last: 9000979117 ns, Reaching safepoint: 83805 ns, At safepoint: 6854 ns, Total: 90659 ns
[2024-03-01T01:04:42.778+0000][7][safepoint   ] Safepoint "Cleanup", Time since last: 10001689730 ns, Reaching safepoint: 86563 ns, At safepoint: 7972 ns, Total: 94535 ns
[2024-03-01T01:04:50.779+0000][7][safepoint   ] Safepoint "Cleanup", Time since last: 8001391084 ns, Reaching safepoint: 57638 ns, At safepoint: 6475 ns, Total: 64113 ns
[2024-03-01T01:04:53.780+0000][7][safepoint   ] Safepoint "Cleanup", Time since last: 3000561703 ns, Reaching safepoint: 155904 ns, At safepoint: 9339 ns, Total: 165243 ns
[2024-03-01T01:04:54.780+0000][7][safepoint   ] Safepoint "Cleanup", Time since last: 1000260955 ns, Reaching safepoint: 81821 ns, At safepoint: 9747 ns, Total: 91568 ns
[2024-03-01T01:04:57.781+0000][7][safepoint   ] Safepoint "Cleanup", Time since last: 3000397198 ns, Reaching safepoint: 120615 ns, At safepoint: 7280 ns, Total: 127895 ns
[2024-03-01T01:04:59.781+0000][7][safepoint   ] Safepoint "Cleanup", Time since last: 2000315091 ns, Reaching safepoint: 105173 ns, At safepoint: 15731 ns, Total: 120904 ns
[2024-03-01T01:05:02.782+0000][7][safepoint   ] Safepoint "Cleanup", Time since last: 3000319567 ns, Reaching safepoint: 83194 ns, At safepoint: 5428 ns, Total: 88622 ns
[2024-03-01T01:05:03.782+0000][7][safepoint   ] Safepoint "Cleanup", Time since last: 1000205826 ns, Reaching safepoint: 86386 ns, At safepoint: 7635 ns, Total: 94021 ns
[2024-03-01T01:05:08.783+0000][7][safepoint   ] Safepoint "Cleanup", Time since last: 5000975304 ns, Reaching safepoint: 93612 ns, At safepoint: 15244 ns, Total: 108856 ns
[2024-03-01T01:05:12.784+0000][7][safepoint   ] Safepoint "Cleanup", Time since last: 4000864176 ns, Reaching safepoint: 133183 ns, At safepoint: 7744 ns, Total: 140927 ns
[2024-03-01T01:05:15.785+0000][7][safepoint   ] Safepoint "Cleanup", Time since last: 3000601862 ns, Reaching safepoint: 85128 ns, At safepoint: 6798 ns, Total: 91926 ns
[2024-03-01T01:05:17.785+0000][7][safepoint   ] Safepoint "Cleanup", Time since last: 2000410519 ns, Reaching safepoint: 79082 ns, At safepoint: 5070 ns, Total: 84152 ns
[2024-03-01T01:05:23.786+0000][7][safepoint   ] Safepoint "Cleanup", Time since last: 6000713263 ns, Reaching safepoint: 116873 ns, At safepoint: 13697 ns, Total: 130570 ns
[2024-03-01T01:05:27.787+0000][7][safepoint   ] Safepoint "Cleanup", Time since last: 4000570381 ns, Reaching safepoint: 107164 ns, At safepoint: 7638 ns, Total: 114802 ns
[2024-03-01T01:05:35.788+0000][7][safepoint   ] Safepoint "Cleanup", Time since last: 8001243508 ns, Reaching safepoint: 114389 ns, At safepoint: 6879 ns, Total: 121268 ns
[2024-03-01T01:05:36.788+0000][7][safepoint   ] Safepoint "Cleanup", Time since last: 1000233867 ns, Reaching safepoint: 77044 ns, At safepoint: 7279 ns, Total: 84323 ns
[2024-03-01T01:05:38.789+0000][7][safepoint   ] Safepoint "Cleanup", Time since last: 2000325210 ns, Reaching safepoint: 130285 ns, At safepoint: 20671 ns, Total: 150956 ns
[2024-03-01T01:05:39.789+0000][7][safepoint   ] Safepoint "Cleanup", Time since last: 1000241455 ns, Reaching safepoint: 86819 ns, At safepoint: 10800 ns, Total: 97619 ns
[2024-03-01T01:05:45.790+0000][7][safepoint   ] Safepoint "Cleanup", Time since last: 6000857500 ns, Reaching safepoint: 110787 ns, At safepoint: 6743 ns, Total: 117530 ns
[2024-03-01T01:05:50.791+0000][7][safepoint   ] Safepoint "Cleanup", Time since last: 5000873918 ns, Reaching safepoint: 108013 ns, At safepoint: 7037 ns, Total: 115050 ns
[2024-03-01T01:05:53.792+0000][7][safepoint   ] Safepoint "Cleanup", Time since last: 3000499072 ns, Reaching safepoint: 100276 ns, At safepoint: 6636 ns, Total: 106912 ns
[2024-03-01T01:05:56.792+0000][7][safepoint   ] Safepoint "Cleanup", Time since last: 3000554989 ns, Reaching safepoint: 89044 ns, At safepoint: 6413 ns, Total: 95457 ns
[2024-03-01T01:05:57.793+0000][7][safepoint   ] Safepoint "Cleanup", Time since last: 1000240753 ns, Reaching safepoint: 80916 ns, At safepoint: 8917 ns, Total: 89833 ns
[2024-03-01T01:06:02.793+0000][7][safepoint   ] Safepoint "Cleanup", Time since last: 5000674937 ns, Reaching safepoint: 102046 ns, At safepoint: 6595 ns, Total: 108641 ns
[2024-03-01T01:06:03.794+0000][7][safepoint   ] Safepoint "Cleanup", Time since last: 1000246124 ns, Reaching safepoint: 105772 ns, At safepoint: 11073 ns, Total: 116845 ns
[2024-03-01T01:06:04.794+0000][7][safepoint   ] Safepoint "Cleanup", Time since last: 1000219388 ns, Reaching safepoint: 74373 ns, At safepoint: 7641 ns, Total: 82014 ns
[2024-03-01T01:06:08.795+0000][7][safepoint   ] Safepoint "Cleanup", Time since last: 4000842354 ns, Reaching safepoint: 103830 ns, At safepoint: 10238 ns, Total: 114068 ns
[2024-03-01T01:06:09.795+0000][7][safepoint   ] Safepoint "Cleanup", Time since last: 1000254851 ns, Reaching safepoint: 91863 ns, At safepoint: 7645 ns, Total: 99508 ns
[2024-03-01T01:06:12.796+0000][7][safepoint   ] Safepoint "Cleanup", Time since last: 3000723948 ns, Reaching safepoint: 116787 ns, At safepoint: 7063 ns, Total: 123850 ns
[2024-03-01T01:06:14.797+0000][7][safepoint   ] Safepoint "Cleanup", Time since last: 2000313273 ns, Reaching safepoint: 72166 ns, At safepoint: 6491 ns, Total: 78657 ns
[2024-03-01T01:06:15.797+0000][7][safepoint   ] Safepoint "Cleanup", Time since last: 1000120176 ns, Reaching safepoint: 74825 ns, At safepoint: 6802 ns, Total: 81627 ns
[2024-03-01T01:06:16.797+0000][7][safepoint   ] Safepoint "Cleanup", Time since last: 1000172878 ns, Reaching safepoint: 72240 ns, At safepoint: 7499 ns, Total: 79739 ns
[2024-03-01T01:06:17.797+0000][7][safepoint   ] Safepoint "Cleanup", Time since last: 1000137069 ns, Reaching safepoint: 98613 ns, At safepoint: 11817 ns, Total: 110430 ns
[2024-03-01T01:06:20.798+0000][7][safepoint   ] Safepoint "Cleanup", Time since last: 3000423827 ns, Reaching safepoint: 68061 ns, At safepoint: 5819 ns, Total: 73880 ns
[2024-03-01T01:06:32.800+0000][7][safepoint   ] Safepoint "Cleanup", Time since last: 12002020746 ns, Reaching safepoint: 142202 ns, At safepoint: 9606 ns, Total: 151808 ns
[2024-03-01T01:06:33.800+0000][7][safepoint   ] Safepoint "Cleanup", Time since last: 1000208737 ns, Reaching safepoint: 89789 ns, At safepoint: 8395 ns, Total: 98184 ns
[2024-03-01T01:06:35.801+0000][7][safepoint   ] Safepoint "Cleanup", Time since last: 2000262404 ns, Reaching safepoint: 108913 ns, At safepoint: 9001 ns, Total: 117914 ns
[2024-03-01T01:06:38.801+0000][7][safepoint   ] Safepoint "Cleanup", Time since last: 3000390166 ns, Reaching safepoint: 103011 ns, At safepoint: 14371 ns, Total: 117382 ns
[2024-03-01T01:06:42.802+0000][7][safepoint   ] Safepoint "Cleanup", Time since last: 4000619510 ns, Reaching safepoint: 82242 ns, At safepoint: 9742 ns, Total: 91984 ns
[2024-03-01T01:06:51.804+0000][7][safepoint   ] Safepoint "Cleanup", Time since last: 9001766482 ns, Reaching safepoint: 104240 ns, At safepoint: 20568 ns, Total: 124808 ns
[2024-03-01T01:06:53.804+0000][7][safepoint   ] Safepoint "Cleanup", Time since last: 2000466333 ns, Reaching safepoint: 130346 ns, At safepoint: 9451 ns, Total: 139797 ns
[2024-03-01T01:06:56.805+0000][7][safepoint   ] Safepoint "Cleanup", Time since last: 3000563621 ns, Reaching safepoint: 94939 ns, At safepoint: 8546 ns, Total: 103485 ns
[2024-03-01T01:06:58.805+0000][7][safepoint   ] Safepoint "Cleanup", Time since last: 2000227864 ns, Reaching safepoint: 75634 ns, At safepoint: 10219 ns, Total: 85853 ns
[2024-03-01T01:07:05.807+0000][7][safepoint   ] Safepoint "Cleanup", Time since last: 7001311274 ns, Reaching safepoint: 103400 ns, At safepoint: 6472 ns, Total: 109872 ns
[2024-03-01T01:07:05.833+0000][7][gc,start    ] GC(22) Pause Young (Normal) (G1 Evacuation Pause)
[2024-03-01T01:07:05.833+0000][7][gc,task     ] GC(22) Using 8 workers of 8 for evacuation
[2024-03-01T01:07:05.833+0000][7][gc,age      ] GC(22) Desired survivor size 41943040 bytes, new threshold 15 (max threshold 15)
[2024-03-01T01:07:05.848+0000][7][gc,phases   ] GC(22)   Pre Evacuate Collection Set: 0.1ms
[2024-03-01T01:07:05.848+0000][7][gc,phases   ] GC(22)   Merge Heap Roots: 0.1ms
[2024-03-01T01:07:05.848+0000][7][gc,phases   ] GC(22)   Evacuate Collection Set: 13.2ms
[2024-03-01T01:07:05.848+0000][7][gc,phases   ] GC(22)   Post Evacuate Collection Set: 1.5ms
[2024-03-01T01:07:05.848+0000][7][gc,phases   ] GC(22)   Other: 0.1ms
[2024-03-01T01:07:05.848+0000][7][gc,age      ] GC(22) Age table with threshold 15 (max threshold 15)
[2024-03-01T01:07:05.848+0000][7][gc,age      ] GC(22) - age   1:     833224 bytes,     833224 total
[2024-03-01T01:07:05.848+0000][7][gc,age      ] GC(22) - age   2:     212064 bytes,    1045288 total
[2024-03-01T01:07:05.848+0000][7][gc,age      ] GC(22) - age   3:     157696 bytes,    1202984 total
[2024-03-01T01:07:05.848+0000][7][gc,age      ] GC(22) - age   4:     294800 bytes,    1497784 total
[2024-03-01T01:07:05.848+0000][7][gc,age      ] GC(22) - age   5:    3009792 bytes,    4507576 total
[2024-03-01T01:07:05.848+0000][7][gc,age      ] GC(22) - age   6:        496 bytes,    4508072 total
[2024-03-01T01:07:05.848+0000][7][gc,age      ] GC(22) - age   7:      49784 bytes,    4557856 total
[2024-03-01T01:07:05.848+0000][7][gc,age      ] GC(22) - age   8:        976 bytes,    4558832 total
[2024-03-01T01:07:05.848+0000][7][gc,age      ] GC(22) - age   9:    5995624 bytes,   10554456 total
[2024-03-01T01:07:05.848+0000][7][gc,age      ] GC(22) - age  10:     401640 bytes,   10956096 total
[2024-03-01T01:07:05.848+0000][7][gc,age      ] GC(22) - age  11:   12091496 bytes,   23047592 total
[2024-03-01T01:07:05.848+0000][7][gc,heap     ] GC(22) Eden regions: 147->0(147)
[2024-03-01T01:07:05.848+0000][7][gc,heap     ] GC(22) Survivor regions: 6->6(20)
[2024-03-01T01:07:05.848+0000][7][gc,heap     ] GC(22) Old regions: 16->16
[2024-03-01T01:07:05.848+0000][7][gc,heap     ] GC(22) Archive regions: 2->2
[2024-03-01T01:07:05.848+0000][7][gc,heap     ] GC(22) Humongous regions: 0->0
[2024-03-01T01:07:05.848+0000][7][gc,metaspace] GC(22) Metaspace: 123883K(127168K)->123883K(127168K) NonClass: 107610K(109312K)->107610K(109312K) Class: 16273K(17856K)->16273K(17856K)
[2024-03-01T01:07:05.848+0000][7][gc          ] GC(22) Pause Young (Normal) (G1 Evacuation Pause) 677M->89M(1024M) 15.400ms
[2024-03-01T01:07:05.848+0000][7][gc,cpu      ] GC(22) User=0.10s Sys=0.00s Real=0.01s
[2024-03-01T01:07:05.848+0000][7][safepoint   ] Safepoint "G1CollectForAllocation", Time since last: 25993939 ns, Reaching safepoint: 116990 ns, At safepoint: 15507915 ns, Total: 15624905 ns
[2024-03-01T01:07:06.849+0000][7][safepoint   ] Safepoint "Cleanup", Time since last: 1000128562 ns, Reaching safepoint: 76004 ns, At safepoint: 10821 ns, Total: 86825 ns
[2024-03-01T01:07:14.850+0000][7][safepoint   ] Safepoint "Cleanup", Time since last: 8001448819 ns, Reaching safepoint: 66660 ns, At safepoint: 6833 ns, Total: 73493 ns
[2024-03-01T01:07:21.852+0000][7][safepoint   ] Safepoint "Cleanup", Time since last: 7001266983 ns, Reaching safepoint: 118600 ns, At safepoint: 7803 ns, Total: 126403 ns
[2024-03-01T01:07:27.853+0000][7][safepoint   ] Safepoint "Cleanup", Time since last: 6001053202 ns, Reaching safepoint: 119260 ns, At safepoint: 8612 ns, Total: 127872 ns
[2024-03-01T01:07:32.853+0000][7][safepoint   ] Safepoint "Cleanup", Time since last: 5000572762 ns, Reaching safepoint: 114494 ns, At safepoint: 9223 ns, Total: 123717 ns
[2024-03-01T01:07:33.854+0000][7][safepoint   ] Safepoint "Cleanup", Time since last: 1000246309 ns, Reaching safepoint: 91086 ns, At safepoint: 8980 ns, Total: 100066 ns
[2024-03-01T01:07:34.854+0000][7][safepoint   ] Safepoint "Cleanup", Time since last: 1000269461 ns, Reaching safepoint: 78359 ns, At safepoint: 10975 ns, Total: 89334 ns
[2024-03-01T01:07:38.855+0000][7][safepoint   ] Safepoint "Cleanup", Time since last: 4000572369 ns, Reaching safepoint: 92125 ns, At safepoint: 12644 ns, Total: 104769 ns
[2024-03-01T01:07:41.856+0000][7][safepoint   ] Safepoint "Cleanup", Time since last: 3000564699 ns, Reaching safepoint: 74059 ns, At safepoint: 12469 ns, Total: 86528 ns
[2024-03-01T01:07:45.856+0000][7][safepoint   ] Safepoint "Cleanup", Time since last: 4000788710 ns, Reaching safepoint: 116061 ns, At safepoint: 7533 ns, Total: 123594 ns
[2024-03-01T01:07:46.857+0000][7][safepoint   ] Safepoint "Cleanup", Time since last: 1000243471 ns, Reaching safepoint: 79774 ns, At safepoint: 11045 ns, Total: 90819 ns
[2024-03-01T01:07:47.857+0000][7][safepoint   ] Safepoint "Cleanup", Time since last: 1000166373 ns, Reaching safepoint: 107843 ns, At safepoint: 5634 ns, Total: 113477 ns
[2024-03-01T01:07:50.858+0000][7][safepoint   ] Safepoint "Cleanup", Time since last: 3000489540 ns, Reaching safepoint: 69439 ns, At safepoint: 11481 ns, Total: 80920 ns
[2024-03-01T01:07:51.858+0000][7][safepoint   ] Safepoint "Cleanup", Time since last: 1000202638 ns, Reaching safepoint: 91668 ns, At safepoint: 7832 ns, Total: 99500 ns
[2024-03-01T01:07:53.859+0000][7][safepoint   ] Safepoint "Cleanup", Time since last: 2000468017 ns, Reaching safepoint: 117985 ns, At safepoint: 9150 ns, Total: 127135 ns
[2024-03-01T01:07:56.859+0000][7][safepoint   ] Safepoint "Cleanup", Time since last: 3000479956 ns, Reaching safepoint: 107555 ns, At safepoint: 7352 ns, Total: 114907 ns
[2024-03-01T01:08:13.862+0000][7][safepoint   ] Safepoint "Cleanup", Time since last: 17002748215 ns, Reaching safepoint: 124085 ns, At safepoint: 6984 ns, Total: 131069 ns
[2024-03-01T01:08:14.862+0000][7][safepoint   ] Safepoint "Cleanup", Time since last: 1000137743 ns, Reaching safepoint: 102883 ns, At safepoint: 5769 ns, Total: 108652 ns
[2024-03-01T01:08:15.863+0000][7][safepoint   ] Safepoint "Cleanup", Time since last: 1000241834 ns, Reaching safepoint: 85790 ns, At safepoint: 7371 ns, Total: 93161 ns
[2024-03-01T01:08:17.863+0000][7][safepoint   ] Safepoint "Cleanup", Time since last: 2000456719 ns, Reaching safepoint: 113069 ns, At safepoint: 10579 ns, Total: 123648 ns
[2024-03-01T01:08:20.864+0000][7][safepoint   ] Safepoint "Cleanup", Time since last: 3000422514 ns, Reaching safepoint: 91011 ns, At safepoint: 8189 ns, Total: 99200 ns
[2024-03-01T01:08:21.864+0000][7][safepoint   ] Safepoint "Cleanup", Time since last: 1000222021 ns, Reaching safepoint: 82388 ns, At safepoint: 8578 ns, Total: 90966 ns
[2024-03-01T01:08:35.866+0000][7][safepoint   ] Safepoint "Cleanup", Time since last: 14002205457 ns, Reaching safepoint: 108675 ns, At safepoint: 7243 ns, Total: 115918 ns
[2024-03-01T01:08:36.867+0000][7][safepoint   ] Safepoint "Cleanup", Time since last: 1000172990 ns, Reaching safepoint: 65413 ns, At safepoint: 8157 ns, Total: 73570 ns
[2024-03-01T01:08:38.867+0000][7][safepoint   ] Safepoint "Cleanup", Time since last: 2000319294 ns, Reaching safepoint: 151376 ns, At safepoint: 10393 ns, Total: 161769 ns
[2024-03-01T01:08:39.867+0000][7][safepoint   ] Safepoint "Cleanup", Time since last: 1000256999 ns, Reaching safepoint: 78156 ns, At safepoint: 9942 ns, Total: 88098 ns
[2024-03-01T01:08:44.868+0000][7][safepoint   ] Safepoint "Cleanup", Time since last: 5000780385 ns, Reaching safepoint: 141713 ns, At safepoint: 16210 ns, Total: 157923 ns
[2024-03-01T01:08:45.869+0000][7][safepoint   ] Safepoint "Cleanup", Time since last: 1000288501 ns, Reaching safepoint: 83584 ns, At safepoint: 11082 ns, Total: 94666 ns
[2024-03-01T01:08:47.869+0000][7][safepoint   ] Safepoint "Cleanup", Time since last: 2000396535 ns, Reaching safepoint: 112285 ns, At safepoint: 10274 ns, Total: 122559 ns
[2024-03-01T01:08:50.870+0000][7][safepoint   ] Safepoint "Cleanup", Time since last: 3000487225 ns, Reaching safepoint: 55382 ns, At safepoint: 6605 ns, Total: 61987 ns
[2024-03-01T01:08:53.871+0000][7][safepoint   ] Safepoint "Cleanup", Time since last: 3000626692 ns, Reaching safepoint: 121182 ns, At safepoint: 9226 ns, Total: 130408 ns
[2024-03-01T01:08:57.871+0000][7][safepoint   ] Safepoint "Cleanup", Time since last: 4000519362 ns, Reaching safepoint: 102455 ns, At safepoint: 7600 ns, Total: 110055 ns
[2024-03-01T01:08:58.871+0000][7][safepoint   ] Safepoint "Cleanup", Time since last: 1000221301 ns, Reaching safepoint: 83333 ns, At safepoint: 8480 ns, Total: 91813 ns
[2024-03-01T01:08:59.872+0000][7][safepoint   ] Safepoint "Cleanup", Time since last: 1000230631 ns, Reaching safepoint: 75166 ns, At safepoint: 5818 ns, Total: 80984 ns
[2024-03-01T01:09:01.872+0000][7][safepoint   ] Safepoint "Cleanup", Time since last: 2000427659 ns, Reaching safepoint: 125818 ns, At safepoint: 12002 ns, Total: 137820 ns
[2024-03-01T01:09:02.873+0000][7][safepoint   ] Safepoint "Cleanup", Time since last: 1000150539 ns, Reaching safepoint: 74828 ns, At safepoint: 20420 ns, Total: 95248 ns
[2024-03-01T01:09:08.873+0000][7][safepoint   ] Safepoint "Cleanup", Time since last: 6000651766 ns, Reaching safepoint: 104502 ns, At safepoint: 11635 ns, Total: 116137 ns
[2024-03-01T01:09:11.874+0000][7][safepoint   ] Safepoint "Cleanup", Time since last: 3000540622 ns, Reaching safepoint: 116983 ns, At safepoint: 7239 ns, Total: 124222 ns
[2024-03-01T01:09:12.874+0000][7][safepoint   ] Safepoint "Cleanup", Time since last: 1000245248 ns, Reaching safepoint: 76682 ns, At safepoint: 9656 ns, Total: 86338 ns
[2024-03-01T01:09:13.875+0000][7][safepoint   ] Safepoint "Cleanup", Time since last: 1000208504 ns, Reaching safepoint: 76741 ns, At safepoint: 11176 ns, Total: 87917 ns
[2024-03-01T01:09:14.875+0000][7][safepoint   ] Safepoint "Cleanup", Time since last: 1000133228 ns, Reaching safepoint: 73028 ns, At safepoint: 5789 ns, Total: 78817 ns
[2024-03-01T01:09:15.875+0000][7][safepoint   ] Safepoint "Cleanup", Time since last: 1000229910 ns, Reaching safepoint: 70305 ns, At safepoint: 8233 ns, Total: 78538 ns
[2024-03-01T01:09:24.877+0000][7][safepoint   ] Safepoint "Cleanup", Time since last: 9001567330 ns, Reaching safepoint: 101550 ns, At safepoint: 5797 ns, Total: 107347 ns
[2024-03-01T01:09:27.877+0000][7][safepoint   ] Safepoint "Cleanup", Time since last: 3000319664 ns, Reaching safepoint: 107929 ns, At safepoint: 8986 ns, Total: 116915 ns
[2024-03-01T01:09:29.878+0000][7][safepoint   ] Safepoint "Cleanup", Time since last: 2000243580 ns, Reaching safepoint: 90412 ns, At safepoint: 11021 ns, Total: 101433 ns
[2024-03-01T01:09:33.934+0000][7][safepoint   ] Safepoint "Cleanup", Time since last: 4055802612 ns, Reaching safepoint: 149087 ns, At safepoint: 9088 ns, Total: 158175 ns
[2024-03-01T01:09:38.934+0000][7][safepoint   ] Safepoint "Cleanup", Time since last: 5000544866 ns, Reaching safepoint: 117386 ns, At safepoint: 6000 ns, Total: 123386 ns
[2024-03-01T01:09:44.936+0000][7][safepoint   ] Safepoint "Cleanup", Time since last: 6001160594 ns, Reaching safepoint: 108303 ns, At safepoint: 7441 ns, Total: 115744 ns
[2024-03-01T01:09:45.936+0000][7][safepoint   ] Safepoint "Cleanup", Time since last: 1000148130 ns, Reaching safepoint: 109348 ns, At safepoint: 9075 ns, Total: 118423 ns
[2024-03-01T01:09:47.936+0000][7][safepoint   ] Safepoint "Cleanup", Time since last: 2000470708 ns, Reaching safepoint: 116870 ns, At safepoint: 8561 ns, Total: 125431 ns
[2024-03-01T01:09:50.937+0000][7][safepoint   ] Safepoint "Cleanup", Time since last: 3000473802 ns, Reaching safepoint: 89992 ns, At safepoint: 5860 ns, Total: 95852 ns
[2024-03-01T01:09:53.938+0000][7][safepoint   ] Safepoint "Cleanup", Time since last: 3000436202 ns, Reaching safepoint: 118972 ns, At safepoint: 9806 ns, Total: 128778 ns
[2024-03-01T01:09:56.938+0000][7][safepoint   ] Safepoint "Cleanup", Time since last: 3000554667 ns, Reaching safepoint: 102333 ns, At safepoint: 7742 ns, Total: 110075 ns
[2024-03-01T01:09:57.939+0000][7][safepoint   ] Safepoint "Cleanup", Time since last: 1000261841 ns, Reaching safepoint: 75185 ns, At safepoint: 8560 ns, Total: 83745 ns
[2024-03-01T01:09:58.939+0000][7][safepoint   ] Safepoint "Cleanup", Time since last: 1000260840 ns, Reaching safepoint: 74874 ns, At safepoint: 10457 ns, Total: 85331 ns
[2024-03-01T01:10:03.940+0000][7][safepoint   ] Safepoint "Cleanup", Time since last: 5000915613 ns, Reaching safepoint: 87329 ns, At safepoint: 8914 ns, Total: 96243 ns
[2024-03-01T01:10:05.941+0000][7][safepoint   ] Safepoint "Cleanup", Time since last: 2000472289 ns, Reaching safepoint: 111311 ns, At safepoint: 11330 ns, Total: 122641 ns
[2024-03-01T01:10:08.941+0000][7][safepoint   ] Safepoint "Cleanup", Time since last: 3000508948 ns, Reaching safepoint: 106163 ns, At safepoint: 9284 ns, Total: 115447 ns
[2024-03-01T01:10:12.942+0000][7][safepoint   ] Safepoint "Cleanup", Time since last: 4000555087 ns, Reaching safepoint: 72883 ns, At safepoint: 6477 ns, Total: 79360 ns
[2024-03-01T01:10:14.942+0000][7][safepoint   ] Safepoint "Cleanup", Time since last: 2000376407 ns, Reaching safepoint: 97842 ns, At safepoint: 6580 ns, Total: 104422 ns
[2024-03-01T01:10:15.943+0000][7][safepoint   ] Safepoint "Cleanup", Time since last: 1000207166 ns, Reaching safepoint: 72548 ns, At safepoint: 11435 ns, Total: 83983 ns
[2024-03-01T01:10:17.943+0000][7][safepoint   ] Safepoint "Cleanup", Time since last: 2000431012 ns, Reaching safepoint: 107676 ns, At safepoint: 9542 ns, Total: 117218 ns
[2024-03-01T01:10:20.944+0000][7][safepoint   ] Safepoint "Cleanup", Time since last: 3000572821 ns, Reaching safepoint: 132376 ns, At safepoint: 9044 ns, Total: 141420 ns
[2024-03-01T01:10:27.945+0000][7][safepoint   ] Safepoint "Cleanup", Time since last: 7000900188 ns, Reaching safepoint: 129909 ns, At safepoint: 13286 ns, Total: 143195 ns
[2024-03-01T01:10:29.945+0000][7][safepoint   ] Safepoint "Cleanup", Time since last: 2000209526 ns, Reaching safepoint: 88295 ns, At safepoint: 12218 ns, Total: 100513 ns
[2024-03-01T01:10:32.798+0000][7][gc,start    ] GC(23) Pause Young (Normal) (G1 Evacuation Pause)
[2024-03-01T01:10:32.798+0000][7][gc,task     ] GC(23) Using 8 workers of 8 for evacuation
[2024-03-01T01:10:32.798+0000][7][gc,age      ] GC(23) Desired survivor size 41943040 bytes, new threshold 15 (max threshold 15)
[2024-03-01T01:10:32.813+0000][7][gc,phases   ] GC(23)   Pre Evacuate Collection Set: 0.2ms
[2024-03-01T01:10:32.813+0000][7][gc,phases   ] GC(23)   Merge Heap Roots: 0.1ms
[2024-03-01T01:10:32.813+0000][7][gc,phases   ] GC(23)   Evacuate Collection Set: 13.1ms
[2024-03-01T01:10:32.813+0000][7][gc,phases   ] GC(23)   Post Evacuate Collection Set: 1.5ms
[2024-03-01T01:10:32.813+0000][7][gc,phases   ] GC(23)   Other: 0.1ms
[2024-03-01T01:10:32.813+0000][7][gc,age      ] GC(23) Age table with threshold 15 (max threshold 15)
[2024-03-01T01:10:32.813+0000][7][gc,age      ] GC(23) - age   1:    1807904 bytes,    1807904 total
[2024-03-01T01:10:32.813+0000][7][gc,age      ] GC(23) - age   2:      23000 bytes,    1830904 total
[2024-03-01T01:10:32.813+0000][7][gc,age      ] GC(23) - age   3:     211224 bytes,    2042128 total
[2024-03-01T01:10:32.813+0000][7][gc,age      ] GC(23) - age   4:     157696 bytes,    2199824 total
[2024-03-01T01:10:32.813+0000][7][gc,age      ] GC(23) - age   5:     294800 bytes,    2494624 total
[2024-03-01T01:10:32.813+0000][7][gc,age      ] GC(23) - age   6:    3009792 bytes,    5504416 total
[2024-03-01T01:10:32.813+0000][7][gc,age      ] GC(23) - age   7:        496 bytes,    5504912 total
[2024-03-01T01:10:32.813+0000][7][gc,age      ] GC(23) - age   8:      49784 bytes,    5554696 total
[2024-03-01T01:10:32.813+0000][7][gc,age      ] GC(23) - age   9:        976 bytes,    5555672 total
[2024-03-01T01:10:32.813+0000][7][gc,age      ] GC(23) - age  10:    5995624 bytes,   11551296 total
[2024-03-01T01:10:32.813+0000][7][gc,age      ] GC(23) - age  11:     401640 bytes,   11952936 total
[2024-03-01T01:10:32.813+0000][7][gc,age      ] GC(23) - age  12:   12091232 bytes,   24044168 total
[2024-03-01T01:10:32.813+0000][7][gc,heap     ] GC(23) Eden regions: 147->0(146)
[2024-03-01T01:10:32.813+0000][7][gc,heap     ] GC(23) Survivor regions: 6->7(20)
[2024-03-01T01:10:32.813+0000][7][gc,heap     ] GC(23) Old regions: 16->16
[2024-03-01T01:10:32.813+0000][7][gc,heap     ] GC(23) Archive regions: 2->2
[2024-03-01T01:10:32.813+0000][7][gc,heap     ] GC(23) Humongous regions: 0->0
[2024-03-01T01:10:32.813+0000][7][gc,metaspace] GC(23) Metaspace: 124013K(127296K)->124013K(127296K) NonClass: 107740K(109440K)->107740K(109440K) Class: 16273K(17856K)->16273K(17856K)
[2024-03-01T01:10:32.813+0000][7][gc          ] GC(23) Pause Young (Normal) (G1 Evacuation Pause) 677M->91M(1024M) 15.316ms
[2024-03-01T01:10:32.813+0000][7][gc,cpu      ] GC(23) User=0.10s Sys=0.00s Real=0.01s
[2024-03-01T01:10:32.813+0000][7][safepoint   ] Safepoint "G1CollectForAllocation", Time since last: 2852499033 ns, Reaching safepoint: 67617 ns, At safepoint: 15409186 ns, Total: 15476803 ns
[2024-03-01T01:10:33.813+0000][7][safepoint   ] Safepoint "Cleanup", Time since last: 1000239498 ns, Reaching safepoint: 96293 ns, At safepoint: 10989 ns, Total: 107282 ns
[2024-03-01T01:10:42.815+0000][7][safepoint   ] Safepoint "Cleanup", Time since last: 9001336558 ns, Reaching safepoint: 78875 ns, At safepoint: 8497 ns, Total: 87372 ns
[2024-03-01T01:10:47.816+0000][7][safepoint   ] Safepoint "Cleanup", Time since last: 5000898306 ns, Reaching safepoint: 96857 ns, At safepoint: 6626 ns, Total: 103483 ns
[2024-03-01T01:10:50.817+0000][7][safepoint   ] Safepoint "Cleanup", Time since last: 3000610420 ns, Reaching safepoint: 167737 ns, At safepoint: 8554 ns, Total: 176291 ns
[2024-03-01T01:10:51.817+0000][7][safepoint   ] Safepoint "Cleanup", Time since last: 1000253248 ns, Reaching safepoint: 86649 ns, At safepoint: 11563 ns, Total: 98212 ns
[2024-03-01T01:10:53.818+0000][7][safepoint   ] Safepoint "Cleanup", Time since last: 2000375384 ns, Reaching safepoint: 104263 ns, At safepoint: 8541 ns, Total: 112804 ns
[2024-03-01T01:11:03.819+0000][7][safepoint   ] Safepoint "Cleanup", Time since last: 10001584487 ns, Reaching safepoint: 110304 ns, At safepoint: 9958 ns, Total: 120262 ns
[2024-03-01T01:11:09.820+0000][7][safepoint   ] Safepoint "Cleanup", Time since last: 6001077573 ns, Reaching safepoint: 128609 ns, At safepoint: 9031 ns, Total: 137640 ns
[2024-03-01T01:11:12.821+0000][7][safepoint   ] Safepoint "Cleanup", Time since last: 3000421992 ns, Reaching safepoint: 79313 ns, At safepoint: 7439 ns, Total: 86752 ns
[2024-03-01T01:11:14.821+0000][7][safepoint   ] Safepoint "Cleanup", Time since last: 2000256456 ns, Reaching safepoint: 115703 ns, At safepoint: 6067 ns, Total: 121770 ns
[2024-03-01T01:11:20.822+0000][7][safepoint   ] Safepoint "Cleanup", Time since last: 6000794713 ns, Reaching safepoint: 162489 ns, At safepoint: 6840 ns, Total: 169329 ns
[2024-03-01T01:11:21.823+0000][7][safepoint   ] Safepoint "Cleanup", Time since last: 1000249636 ns, Reaching safepoint: 79022 ns, At safepoint: 8484 ns, Total: 87506 ns
[2024-03-01T01:11:24.823+0000][7][safepoint   ] Safepoint "Cleanup", Time since last: 3000533446 ns, Reaching safepoint: 117523 ns, At safepoint: 12977 ns, Total: 130500 ns
[2024-03-01T01:11:26.824+0000][7][safepoint   ] Safepoint "Cleanup", Time since last: 2000331598 ns, Reaching safepoint: 50402 ns, At safepoint: 5484 ns, Total: 55886 ns
[2024-03-01T01:11:27.824+0000][7][safepoint   ] Safepoint "Cleanup", Time since last: 1000256068 ns, Reaching safepoint: 76492 ns, At safepoint: 8093 ns, Total: 84585 ns
[2024-03-01T01:11:33.825+0000][7][safepoint   ] Safepoint "Cleanup", Time since last: 6000809707 ns, Reaching safepoint: 109376 ns, At safepoint: 7536 ns, Total: 116912 ns
[2024-03-01T01:11:42.827+0000][7][safepoint   ] Safepoint "Cleanup", Time since last: 9001586356 ns, Reaching safepoint: 86793 ns, At safepoint: 7974 ns, Total: 94767 ns
[2024-03-01T01:11:43.827+0000][7][safepoint   ] Safepoint "Cleanup", Time since last: 1000275875 ns, Reaching safepoint: 87254 ns, At safepoint: 7777 ns, Total: 95031 ns
[2024-03-01T01:11:44.827+0000][7][safepoint   ] Safepoint "Cleanup", Time since last: 1000147117 ns, Reaching safepoint: 197802 ns, At safepoint: 6570 ns, Total: 204372 ns
[2024-03-01T01:11:45.828+0000][7][safepoint   ] Safepoint "Cleanup", Time since last: 1000253658 ns, Reaching safepoint: 103168 ns, At safepoint: 8088 ns, Total: 111256 ns
[2024-03-01T01:11:46.828+0000][7][safepoint   ] Safepoint "Cleanup", Time since last: 1000286659 ns, Reaching safepoint: 84702 ns, At safepoint: 7742 ns, Total: 92444 ns
[2024-03-01T01:11:50.829+0000][7][safepoint   ] Safepoint "Cleanup", Time since last: 4000653479 ns, Reaching safepoint: 79095 ns, At safepoint: 4859 ns, Total: 83954 ns
[2024-03-01T01:11:51.829+0000][7][safepoint   ] Safepoint "Cleanup", Time since last: 1000232849 ns, Reaching safepoint: 106040 ns, At safepoint: 11086 ns, Total: 117126 ns
[2024-03-01T01:11:53.830+0000][7][safepoint   ] Safepoint "Cleanup", Time since last: 2000254757 ns, Reaching safepoint: 118098 ns, At safepoint: 8049 ns, Total: 126147 ns
[2024-03-01T01:11:54.830+0000][7][safepoint   ] Safepoint "Cleanup", Time since last: 1000146658 ns, Reaching safepoint: 79658 ns, At safepoint: 8953 ns, Total: 88611 ns
[2024-03-01T01:11:56.830+0000][7][safepoint   ] Safepoint "Cleanup", Time since last: 2000336610 ns, Reaching safepoint: 98586 ns, At safepoint: 6771 ns, Total: 105357 ns
[2024-03-01T01:12:03.832+0000][7][safepoint   ] Safepoint "Cleanup", Time since last: 7001194057 ns, Reaching safepoint: 112615 ns, At safepoint: 9341 ns, Total: 121956 ns
[2024-03-01T01:12:05.832+0000][7][safepoint   ] Safepoint "Cleanup", Time since last: 2000459532 ns, Reaching safepoint: 81970 ns, At safepoint: 7772 ns, Total: 89742 ns
[2024-03-01T01:12:06.833+0000][7][safepoint   ] Safepoint "Cleanup", Time since last: 1000279295 ns, Reaching safepoint: 246821 ns, At safepoint: 14710 ns, Total: 261531 ns
[2024-03-01T01:12:08.833+0000][7][safepoint   ] Safepoint "Cleanup", Time since last: 2000321700 ns, Reaching safepoint: 72985 ns, At safepoint: 7860 ns, Total: 80845 ns
[2024-03-01T01:12:14.834+0000][7][safepoint   ] Safepoint "Cleanup", Time since last: 6000911514 ns, Reaching safepoint: 93121 ns, At safepoint: 6585 ns, Total: 99706 ns
[2024-03-01T01:12:15.834+0000][7][safepoint   ] Safepoint "Cleanup", Time since last: 1000248458 ns, Reaching safepoint: 73894 ns, At safepoint: 11457 ns, Total: 85351 ns
[2024-03-01T01:12:20.835+0000][7][safepoint   ] Safepoint "Cleanup", Time since last: 5000931904 ns, Reaching safepoint: 95108 ns, At safepoint: 7067 ns, Total: 102175 ns
[2024-03-01T01:12:21.836+0000][7][safepoint   ] Safepoint "Cleanup", Time since last: 1000216988 ns, Reaching safepoint: 71968 ns, At safepoint: 11125 ns, Total: 83093 ns
[2024-03-01T01:12:28.837+0000][7][safepoint   ] Safepoint "Cleanup", Time since last: 7001105797 ns, Reaching safepoint: 127880 ns, At safepoint: 7026 ns, Total: 134906 ns
[2024-03-01T01:12:32.838+0000][7][safepoint   ] Safepoint "Cleanup", Time since last: 4000591459 ns, Reaching safepoint: 68555 ns, At safepoint: 4327 ns, Total: 72882 ns
[2024-03-01T01:12:33.838+0000][7][safepoint   ] Safepoint "Cleanup", Time since last: 1000213959 ns, Reaching safepoint: 80248 ns, At safepoint: 8048 ns, Total: 88296 ns
[2024-03-01T01:12:38.839+0000][7][safepoint   ] Safepoint "Cleanup", Time since last: 5000976910 ns, Reaching safepoint: 110971 ns, At safepoint: 6689 ns, Total: 117660 ns
[2024-03-01T01:12:39.839+0000][7][safepoint   ] Safepoint "Cleanup", Time since last: 1000282476 ns, Reaching safepoint: 77262 ns, At safepoint: 11319 ns, Total: 88581 ns
[2024-03-01T01:12:41.840+0000][7][safepoint   ] Safepoint "Cleanup", Time since last: 2000435831 ns, Reaching safepoint: 100615 ns, At safepoint: 12052 ns, Total: 112667 ns
[2024-03-01T01:12:44.841+0000][7][safepoint   ] Safepoint "Cleanup", Time since last: 3000592194 ns, Reaching safepoint: 122829 ns, At safepoint: 6409 ns, Total: 129238 ns
[2024-03-01T01:12:51.842+0000][7][safepoint   ] Safepoint "Cleanup", Time since last: 7001260221 ns, Reaching safepoint: 116295 ns, At safepoint: 9697 ns, Total: 125992 ns
[2024-03-01T01:12:53.843+0000][7][safepoint   ] Safepoint "Cleanup", Time since last: 2000453557 ns, Reaching safepoint: 106617 ns, At safepoint: 9004 ns, Total: 115621 ns
[2024-03-01T01:12:57.843+0000][7][safepoint   ] Safepoint "Cleanup", Time since last: 4000723183 ns, Reaching safepoint: 95522 ns, At safepoint: 6013 ns, Total: 101535 ns
[2024-03-01T01:12:58.844+0000][7][safepoint   ] Safepoint "Cleanup", Time since last: 1000124426 ns, Reaching safepoint: 70593 ns, At safepoint: 10835 ns, Total: 81428 ns
[2024-03-01T01:13:02.845+0000][7][safepoint   ] Safepoint "Cleanup", Time since last: 4000866798 ns, Reaching safepoint: 78806 ns, At safepoint: 6941 ns, Total: 85747 ns
[2024-03-01T01:13:05.845+0000][7][safepoint   ] Safepoint "Cleanup", Time since last: 3000550810 ns, Reaching safepoint: 106214 ns, At safepoint: 12631 ns, Total: 118845 ns
[2024-03-01T01:13:08.846+0000][7][safepoint   ] Safepoint "Cleanup", Time since last: 3000415315 ns, Reaching safepoint: 118433 ns, At safepoint: 7288 ns, Total: 125721 ns
[2024-03-01T01:13:11.846+0000][7][safepoint   ] Safepoint "Cleanup", Time since last: 3000522335 ns, Reaching safepoint: 105639 ns, At safepoint: 6517 ns, Total: 112156 ns
[2024-03-01T01:13:13.847+0000][7][safepoint   ] Safepoint "Cleanup", Time since last: 2000339631 ns, Reaching safepoint: 76231 ns, At safepoint: 8668 ns, Total: 84899 ns
[2024-03-01T01:13:20.848+0000][7][safepoint   ] Safepoint "Cleanup", Time since last: 7001420559 ns, Reaching safepoint: 108607 ns, At safepoint: 12733 ns, Total: 121340 ns
[2024-03-01T01:13:26.850+0000][7][safepoint   ] Safepoint "Cleanup", Time since last: 6001022311 ns, Reaching safepoint: 103507 ns, At safepoint: 6739 ns, Total: 110246 ns
[2024-03-01T01:13:27.850+0000][7][safepoint   ] Safepoint "Cleanup", Time since last: 1000230784 ns, Reaching safepoint: 85787 ns, At safepoint: 11527 ns, Total: 97314 ns
[2024-03-01T01:13:29.851+0000][7][safepoint   ] Safepoint "Cleanup", Time since last: 2000500927 ns, Reaching safepoint: 116235 ns, At safepoint: 13772 ns, Total: 130007 ns
[2024-03-01T01:13:32.851+0000][7][safepoint   ] Safepoint "Cleanup", Time since last: 3000617281 ns, Reaching safepoint: 105951 ns, At safepoint: 7430 ns, Total: 113381 ns
[2024-03-01T01:13:33.852+0000][7][safepoint   ] Safepoint "Cleanup", Time since last: 1000216800 ns, Reaching safepoint: 60473 ns, At safepoint: 7836 ns, Total: 68309 ns
[2024-03-01T01:13:41.853+0000][7][safepoint   ] Safepoint "Cleanup", Time since last: 8001447966 ns, Reaching safepoint: 114074 ns, At safepoint: 6792 ns, Total: 120866 ns
[2024-03-01T01:13:44.854+0000][7][safepoint   ] Safepoint "Cleanup", Time since last: 3000495137 ns, Reaching safepoint: 72529 ns, At safepoint: 7735 ns, Total: 80264 ns
[2024-03-01T01:13:47.854+0000][7][safepoint   ] Safepoint "Cleanup", Time since last: 3000592655 ns, Reaching safepoint: 61597 ns, At safepoint: 3852 ns, Total: 65449 ns
[2024-03-01T01:13:53.856+0000][7][safepoint   ] Safepoint "Cleanup", Time since last: 6001240435 ns, Reaching safepoint: 125862 ns, At safepoint: 7716 ns, Total: 133578 ns
[2024-03-01T01:13:56.856+0000][7][safepoint   ] Safepoint "Cleanup", Time since last: 3000551802 ns, Reaching safepoint: 76962 ns, At safepoint: 7097 ns, Total: 84059 ns
[2024-03-01T01:13:57.762+0000][7][gc,start    ] GC(24) Pause Young (Normal) (G1 Evacuation Pause)
[2024-03-01T01:13:57.762+0000][7][gc,task     ] GC(24) Using 8 workers of 8 for evacuation
[2024-03-01T01:13:57.762+0000][7][gc,age      ] GC(24) Desired survivor size 41943040 bytes, new threshold 15 (max threshold 15)
[2024-03-01T01:13:57.778+0000][7][gc,phases   ] GC(24)   Pre Evacuate Collection Set: 0.1ms
[2024-03-01T01:13:57.778+0000][7][gc,phases   ] GC(24)   Merge Heap Roots: 0.1ms
[2024-03-01T01:13:57.778+0000][7][gc,phases   ] GC(24)   Evacuate Collection Set: 13.3ms
[2024-03-01T01:13:57.778+0000][7][gc,phases   ] GC(24)   Post Evacuate Collection Set: 1.7ms
[2024-03-01T01:13:57.778+0000][7][gc,phases   ] GC(24)   Other: 0.1ms
[2024-03-01T01:13:57.778+0000][7][gc,age      ] GC(24) Age table with threshold 15 (max threshold 15)
[2024-03-01T01:13:57.778+0000][7][gc,age      ] GC(24) - age   1:    1650552 bytes,    1650552 total
[2024-03-01T01:13:57.778+0000][7][gc,age      ] GC(24) - age   2:      18536 bytes,    1669088 total
[2024-03-01T01:13:57.778+0000][7][gc,age      ] GC(24) - age   3:      21872 bytes,    1690960 total
[2024-03-01T01:13:57.778+0000][7][gc,age      ] GC(24) - age   4:     207024 bytes,    1897984 total
[2024-03-01T01:13:57.778+0000][7][gc,age      ] GC(24) - age   5:     157696 bytes,    2055680 total
[2024-03-01T01:13:57.778+0000][7][gc,age      ] GC(24) - age   6:     294480 bytes,    2350160 total
[2024-03-01T01:13:57.778+0000][7][gc,age      ] GC(24) - age   7:    2876104 bytes,    5226264 total
[2024-03-01T01:13:57.778+0000][7][gc,age      ] GC(24) - age   8:        496 bytes,    5226760 total
[2024-03-01T01:13:57.778+0000][7][gc,age      ] GC(24) - age   9:      49784 bytes,    5276544 total
[2024-03-01T01:13:57.778+0000][7][gc,age      ] GC(24) - age  10:        976 bytes,    5277520 total
[2024-03-01T01:13:57.778+0000][7][gc,age      ] GC(24) - age  11:    5984760 bytes,   11262280 total
[2024-03-01T01:13:57.778+0000][7][gc,age      ] GC(24) - age  12:     345992 bytes,   11608272 total
[2024-03-01T01:13:57.778+0000][7][gc,age      ] GC(24) - age  13:   11877088 bytes,   23485360 total
[2024-03-01T01:13:57.778+0000][7][gc,heap     ] GC(24) Eden regions: 146->0(146)
[2024-03-01T01:13:57.778+0000][7][gc,heap     ] GC(24) Survivor regions: 7->7(20)
[2024-03-01T01:13:57.778+0000][7][gc,heap     ] GC(24) Old regions: 16->16
[2024-03-01T01:13:57.778+0000][7][gc,heap     ] GC(24) Archive regions: 2->2
[2024-03-01T01:13:57.778+0000][7][gc,heap     ] GC(24) Humongous regions: 0->0
[2024-03-01T01:13:57.778+0000][7][gc,metaspace] GC(24) Metaspace: 124137K(127488K)->124137K(127488K) NonClass: 107863K(109632K)->107863K(109632K) Class: 16273K(17856K)->16273K(17856K)
[2024-03-01T01:13:57.778+0000][7][gc          ] GC(24) Pause Young (Normal) (G1 Evacuation Pause) 675M->91M(1024M) 15.663ms
[2024-03-01T01:13:57.778+0000][7][gc,cpu      ] GC(24) User=0.11s Sys=0.00s Real=0.02s
[2024-03-01T01:13:57.778+0000][7][safepoint   ] Safepoint "G1CollectForAllocation", Time since last: 905789451 ns, Reaching safepoint: 49324 ns, At safepoint: 15756189 ns, Total: 15805513 ns
[2024-03-01T01:14:00.779+0000][7][safepoint   ] Safepoint "Cleanup", Time since last: 3000495386 ns, Reaching safepoint: 122319 ns, At safepoint: 7656 ns, Total: 129975 ns
[2024-03-01T01:14:10.780+0000][7][safepoint   ] Safepoint "Cleanup", Time since last: 10001742390 ns, Reaching safepoint: 94918 ns, At safepoint: 9348 ns, Total: 104266 ns
[2024-03-01T01:14:12.781+0000][7][safepoint   ] Safepoint "Cleanup", Time since last: 2000367415 ns, Reaching safepoint: 116739 ns, At safepoint: 9748 ns, Total: 126487 ns
[2024-03-01T01:14:16.781+0000][7][safepoint   ] Safepoint "Cleanup", Time since last: 4000489685 ns, Reaching safepoint: 77859 ns, At safepoint: 11040 ns, Total: 88899 ns
[2024-03-01T01:14:38.785+0000][7][safepoint   ] Safepoint "Cleanup", Time since last: 22003221594 ns, Reaching safepoint: 170926 ns, At safepoint: 33705 ns, Total: 204631 ns
[2024-03-01T01:14:39.785+0000][7][safepoint   ] Safepoint "Cleanup", Time since last: 1000167823 ns, Reaching safepoint: 86188 ns, At safepoint: 9469 ns, Total: 95657 ns
[2024-03-01T01:14:53.787+0000][7][safepoint   ] Safepoint "Cleanup", Time since last: 14001243793 ns, Reaching safepoint: 173341 ns, At safepoint: 11388 ns, Total: 184729 ns
[2024-03-01T01:14:57.787+0000][7][safepoint   ] Safepoint "Cleanup", Time since last: 4000548620 ns, Reaching safepoint: 84334 ns, At safepoint: 7355 ns, Total: 91689 ns
[2024-03-01T01:14:58.788+0000][7][safepoint   ] Safepoint "Cleanup", Time since last: 1000222620 ns, Reaching safepoint: 81355 ns, At safepoint: 16024 ns, Total: 97379 ns
[2024-03-01T01:15:03.788+0000][7][safepoint   ] Safepoint "Cleanup", Time since last: 5000644143 ns, Reaching safepoint: 96914 ns, At safepoint: 6173 ns, Total: 103087 ns
[2024-03-01T01:15:08.789+0000][7][safepoint   ] Safepoint "Cleanup", Time since last: 5000569670 ns, Reaching safepoint: 176942 ns, At safepoint: 15168 ns, Total: 192110 ns
[2024-03-01T01:15:26.791+0000][7][safepoint   ] Safepoint "Cleanup", Time since last: 18002123057 ns, Reaching safepoint: 160587 ns, At safepoint: 13703 ns, Total: 174290 ns
[2024-03-01T01:15:27.792+0000][7][safepoint   ] Safepoint "Cleanup", Time since last: 1000147000 ns, Reaching safepoint: 65953 ns, At safepoint: 8286 ns, Total: 74239 ns
[2024-03-01T01:15:29.792+0000][7][safepoint   ] Safepoint "Cleanup", Time since last: 2000329140 ns, Reaching safepoint: 78573 ns, At safepoint: 10110 ns, Total: 88683 ns
[2024-03-01T01:15:33.793+0000][7][safepoint   ] Safepoint "Cleanup", Time since last: 4000615002 ns, Reaching safepoint: 125804 ns, At safepoint: 5519 ns, Total: 131323 ns
[2024-03-01T01:15:38.793+0000][7][safepoint   ] Safepoint "Cleanup", Time since last: 5000504423 ns, Reaching safepoint: 85695 ns, At safepoint: 8512 ns, Total: 94207 ns
[2024-03-01T01:15:42.794+0000][7][safepoint   ] Safepoint "Cleanup", Time since last: 4000508528 ns, Reaching safepoint: 113335 ns, At safepoint: 6484 ns, Total: 119819 ns
[2024-03-01T01:15:45.794+0000][7][safepoint   ] Safepoint "Cleanup", Time since last: 3000304059 ns, Reaching safepoint: 53881 ns, At safepoint: 5009 ns, Total: 58890 ns
[2024-03-01T01:15:51.795+0000][7][safepoint   ] Safepoint "Cleanup", Time since last: 6000814338 ns, Reaching safepoint: 107490 ns, At safepoint: 9404 ns, Total: 116894 ns
[2024-03-01T01:15:53.796+0000][7][safepoint   ] Safepoint "Cleanup", Time since last: 2000280988 ns, Reaching safepoint: 143002 ns, At safepoint: 10273 ns, Total: 153275 ns
[2024-03-01T01:15:57.797+0000][7][safepoint   ] Safepoint "Cleanup", Time since last: 4000715074 ns, Reaching safepoint: 83262 ns, At safepoint: 7538 ns, Total: 90800 ns
[2024-03-01T01:16:03.797+0000][7][safepoint   ] Safepoint "Cleanup", Time since last: 6000750418 ns, Reaching safepoint: 129133 ns, At safepoint: 7003 ns, Total: 136136 ns
[2024-03-01T01:16:04.798+0000][7][safepoint   ] Safepoint "Cleanup", Time since last: 1000174610 ns, Reaching safepoint: 83166 ns, At safepoint: 7782 ns, Total: 90948 ns
[2024-03-01T01:16:06.798+0000][7][safepoint   ] Safepoint "Cleanup", Time since last: 2000415580 ns, Reaching safepoint: 97796 ns, At safepoint: 10317 ns, Total: 108113 ns
[2024-03-01T01:16:09.799+0000][7][safepoint   ] Safepoint "Cleanup", Time since last: 3000658230 ns, Reaching safepoint: 139659 ns, At safepoint: 9847 ns, Total: 149506 ns
[2024-03-01T01:16:15.800+0000][7][safepoint   ] Safepoint "Cleanup", Time since last: 6001006195 ns, Reaching safepoint: 71459 ns, At safepoint: 8078 ns, Total: 79537 ns
[2024-03-01T01:16:27.802+0000][7][safepoint   ] Safepoint "Cleanup", Time since last: 12001312006 ns, Reaching safepoint: 107484 ns, At safepoint: 7158 ns, Total: 114642 ns
[2024-03-01T01:16:32.802+0000][7][safepoint   ] Safepoint "Cleanup", Time since last: 5000606423 ns, Reaching safepoint: 93625 ns, At safepoint: 9683 ns, Total: 103308 ns
[2024-03-01T01:16:39.803+0000][7][safepoint   ] Safepoint "Cleanup", Time since last: 7000869613 ns, Reaching safepoint: 51777 ns, At safepoint: 4307 ns, Total: 56084 ns
[2024-03-01T01:16:43.804+0000][7][safepoint   ] Safepoint "Cleanup", Time since last: 4000552793 ns, Reaching safepoint: 85804 ns, At safepoint: 7997 ns, Total: 93801 ns
[2024-03-01T01:16:53.805+0000][7][safepoint   ] Safepoint "Cleanup", Time since last: 10001069761 ns, Reaching safepoint: 166799 ns, At safepoint: 8001 ns, Total: 174800 ns
[2024-03-01T01:16:57.806+0000][7][safepoint   ] Safepoint "Cleanup", Time since last: 4000590795 ns, Reaching safepoint: 139923 ns, At safepoint: 9543 ns, Total: 149466 ns
[2024-03-01T01:16:59.806+0000][7][safepoint   ] Safepoint "Cleanup", Time since last: 2000322925 ns, Reaching safepoint: 46126 ns, At safepoint: 4192 ns, Total: 50318 ns
[2024-03-01T01:17:01.807+0000][7][safepoint   ] Safepoint "Cleanup", Time since last: 2000435488 ns, Reaching safepoint: 86536 ns, At safepoint: 8021 ns, Total: 94557 ns
[2024-03-01T01:17:03.807+0000][7][safepoint   ] Safepoint "Cleanup", Time since last: 2000240932 ns, Reaching safepoint: 55760 ns, At safepoint: 5495 ns, Total: 61255 ns
[2024-03-01T01:17:08.808+0000][7][safepoint   ] Safepoint "Cleanup", Time since last: 5000579747 ns, Reaching safepoint: 92128 ns, At safepoint: 6063 ns, Total: 98191 ns
[2024-03-01T01:17:09.808+0000][7][safepoint   ] Safepoint "Cleanup", Time since last: 1000148413 ns, Reaching safepoint: 75048 ns, At safepoint: 6865 ns, Total: 81913 ns
[2024-03-01T01:17:29.795+0000][7][gc,start    ] GC(25) Pause Young (Normal) (G1 Evacuation Pause)
[2024-03-01T01:17:29.795+0000][7][gc,task     ] GC(25) Using 8 workers of 8 for evacuation
[2024-03-01T01:17:29.795+0000][7][gc,age      ] GC(25) Desired survivor size 41943040 bytes, new threshold 15 (max threshold 15)
[2024-03-01T01:17:29.810+0000][7][gc,phases   ] GC(25)   Pre Evacuate Collection Set: 0.1ms
[2024-03-01T01:17:29.810+0000][7][gc,phases   ] GC(25)   Merge Heap Roots: 0.1ms
[2024-03-01T01:17:29.810+0000][7][gc,phases   ] GC(25)   Evacuate Collection Set: 12.8ms
[2024-03-01T01:17:29.810+0000][7][gc,phases   ] GC(25)   Post Evacuate Collection Set: 1.8ms
[2024-03-01T01:17:29.810+0000][7][gc,phases   ] GC(25)   Other: 0.1ms
[2024-03-01T01:17:29.810+0000][7][gc,age      ] GC(25) Age table with threshold 15 (max threshold 15)
[2024-03-01T01:17:29.810+0000][7][gc,age      ] GC(25) - age   1:    1308640 bytes,    1308640 total
[2024-03-01T01:17:29.810+0000][7][gc,age      ] GC(25) - age   2:      16600 bytes,    1325240 total
[2024-03-01T01:17:29.810+0000][7][gc,age      ] GC(25) - age   3:      16936 bytes,    1342176 total
[2024-03-01T01:17:29.810+0000][7][gc,age      ] GC(25) - age   4:      21624 bytes,    1363800 total
[2024-03-01T01:17:29.810+0000][7][gc,age      ] GC(25) - age   5:     206984 bytes,    1570784 total
[2024-03-01T01:17:29.810+0000][7][gc,age      ] GC(25) - age   6:     157672 bytes,    1728456 total
[2024-03-01T01:17:29.810+0000][7][gc,age      ] GC(25) - age   7:     294288 bytes,    2022744 total
[2024-03-01T01:17:29.810+0000][7][gc,age      ] GC(25) - age   8:    2876104 bytes,    4898848 total
[2024-03-01T01:17:29.810+0000][7][gc,age      ] GC(25) - age   9:        496 bytes,    4899344 total
[2024-03-01T01:17:29.810+0000][7][gc,age      ] GC(25) - age  10:      49784 bytes,    4949128 total
[2024-03-01T01:17:29.810+0000][7][gc,age      ] GC(25) - age  11:        976 bytes,    4950104 total
[2024-03-01T01:17:29.810+0000][7][gc,age      ] GC(25) - age  12:    5984760 bytes,   10934864 total
[2024-03-01T01:17:29.810+0000][7][gc,age      ] GC(25) - age  13:     345992 bytes,   11280856 total
[2024-03-01T01:17:29.810+0000][7][gc,age      ] GC(25) - age  14:   11877088 bytes,   23157944 total
[2024-03-01T01:17:29.810+0000][7][gc,heap     ] GC(25) Eden regions: 146->0(146)
[2024-03-01T01:17:29.810+0000][7][gc,heap     ] GC(25) Survivor regions: 7->7(20)
[2024-03-01T01:17:29.810+0000][7][gc,heap     ] GC(25) Old regions: 16->16
[2024-03-01T01:17:29.810+0000][7][gc,heap     ] GC(25) Archive regions: 2->2
[2024-03-01T01:17:29.810+0000][7][gc,heap     ] GC(25) Humongous regions: 0->0
[2024-03-01T01:17:29.810+0000][7][gc,metaspace] GC(25) Metaspace: 124201K(127488K)->124201K(127488K) NonClass: 107928K(109632K)->107928K(109632K) Class: 16273K(17856K)->16273K(17856K)
[2024-03-01T01:17:29.810+0000][7][gc          ] GC(25) Pause Young (Normal) (G1 Evacuation Pause) 675M->91M(1024M) 15.264ms
[2024-03-01T01:17:29.810+0000][7][gc,cpu      ] GC(25) User=0.10s Sys=0.00s Real=0.02s
[2024-03-01T01:17:29.810+0000][7][safepoint   ] Safepoint "G1CollectForAllocation", Time since last: 19986924284 ns, Reaching safepoint: 78855 ns, At safepoint: 15357498 ns, Total: 15436353 ns
[2024-03-01T01:17:30.811+0000][7][safepoint   ] Safepoint "Cleanup", Time since last: 1000208737 ns, Reaching safepoint: 64373 ns, At safepoint: 7194 ns, Total: 71567 ns
[2024-03-01T01:17:31.811+0000][7][safepoint   ] Safepoint "Cleanup", Time since last: 1000150631 ns, Reaching safepoint: 62509 ns, At safepoint: 5160 ns, Total: 67669 ns
[2024-03-01T01:17:33.811+0000][7][safepoint   ] Safepoint "Cleanup", Time since last: 2000220418 ns, Reaching safepoint: 100161 ns, At safepoint: 7526 ns, Total: 107687 ns
[2024-03-01T01:17:48.813+0000][7][safepoint   ] Safepoint "Cleanup", Time since last: 15001854347 ns, Reaching safepoint: 102349 ns, At safepoint: 8954 ns, Total: 111303 ns
[2024-03-01T01:17:53.814+0000][7][safepoint   ] Safepoint "Cleanup", Time since last: 5000583662 ns, Reaching safepoint: 120492 ns, At safepoint: 20939 ns, Total: 141431 ns
[2024-03-01T01:18:00.815+0000][7][safepoint   ] Safepoint "Cleanup", Time since last: 7001092242 ns, Reaching safepoint: 120713 ns, At safepoint: 10760 ns, Total: 131473 ns
[2024-03-01T01:18:06.313+0000][7][safepoint   ] Safepoint "Cleanup", Time since last: 5497998937 ns, Reaching safepoint: 40513 ns, At safepoint: 4595 ns, Total: 45108 ns
[2024-03-01T01:18:07.313+0000][7][safepoint   ] Safepoint "Cleanup", Time since last: 1000146593 ns, Reaching safepoint: 104502 ns, At safepoint: 7620 ns, Total: 112122 ns
[2024-03-01T01:18:09.795+0000][7][safepoint   ] Safepoint "Cleanup", Time since last: 2482001713 ns, Reaching safepoint: 163210 ns, At safepoint: 5531 ns, Total: 168741 ns
[2024-03-01T01:18:18.796+0000][7][safepoint   ] Safepoint "Cleanup", Time since last: 9000851838 ns, Reaching safepoint: 64253 ns, At safepoint: 6784 ns, Total: 71037 ns
[2024-03-01T01:18:21.797+0000][7][safepoint   ] Safepoint "Cleanup", Time since last: 3000395332 ns, Reaching safepoint: 70499 ns, At safepoint: 6434 ns, Total: 76933 ns
[2024-03-01T01:18:26.797+0000][7][safepoint   ] Safepoint "Cleanup", Time since last: 5000463199 ns, Reaching safepoint: 60479 ns, At safepoint: 6297 ns, Total: 66776 ns
[2024-03-01T01:18:29.798+0000][7][safepoint   ] Safepoint "Cleanup", Time since last: 3000294270 ns, Reaching safepoint: 94903 ns, At safepoint: 23499 ns, Total: 118402 ns
[2024-03-01T01:18:42.862+0000][7][safepoint   ] Safepoint "Cleanup", Time since last: 13064096930 ns, Reaching safepoint: 90513 ns, At safepoint: 6979 ns, Total: 97492 ns
[2024-03-01T01:18:43.862+0000][7][safepoint   ] Safepoint "Cleanup", Time since last: 1000157221 ns, Reaching safepoint: 67568 ns, At safepoint: 7482 ns, Total: 75050 ns
[2024-03-01T01:18:53.864+0000][7][safepoint   ] Safepoint "Cleanup", Time since last: 10001777116 ns, Reaching safepoint: 120195 ns, At safepoint: 10132 ns, Total: 130327 ns
[2024-03-01T01:18:59.865+0000][7][safepoint   ] Safepoint "Cleanup", Time since last: 6000977393 ns, Reaching safepoint: 58834 ns, At safepoint: 6223 ns, Total: 65057 ns
[2024-03-01T01:19:01.865+0000][7][safepoint   ] Safepoint "Cleanup", Time since last: 2000226017 ns, Reaching safepoint: 58457 ns, At safepoint: 6172 ns, Total: 64629 ns
[2024-03-01T01:19:12.867+0000][7][safepoint   ] Safepoint "Cleanup", Time since last: 11001401925 ns, Reaching safepoint: 73577 ns, At safepoint: 12526 ns, Total: 86103 ns
[2024-03-01T01:19:17.868+0000][7][safepoint   ] Safepoint "Cleanup", Time since last: 5000699361 ns, Reaching safepoint: 87852 ns, At safepoint: 6786 ns, Total: 94638 ns
[2024-03-01T01:19:18.868+0000][7][safepoint   ] Safepoint "Cleanup", Time since last: 1000150153 ns, Reaching safepoint: 50096 ns, At safepoint: 4768 ns, Total: 54864 ns
[2024-03-01T01:19:21.869+0000][7][safepoint   ] Safepoint "Cleanup", Time since last: 3000646990 ns, Reaching safepoint: 114632 ns, At safepoint: 7537 ns, Total: 122169 ns
[2024-03-01T01:19:30.870+0000][7][safepoint   ] Safepoint "Cleanup", Time since last: 9001212148 ns, Reaching safepoint: 123293 ns, At safepoint: 8978 ns, Total: 132271 ns
[2024-03-01T01:19:36.871+0000][7][safepoint   ] Safepoint "Cleanup", Time since last: 6000622090 ns, Reaching safepoint: 84948 ns, At safepoint: 19267 ns, Total: 104215 ns
[2024-03-01T01:19:42.872+0000][7][safepoint   ] Safepoint "Cleanup", Time since last: 6000914521 ns, Reaching safepoint: 84772 ns, At safepoint: 8506 ns, Total: 93278 ns
[2024-03-01T01:19:48.873+0000][7][safepoint   ] Safepoint "Cleanup", Time since last: 6000902029 ns, Reaching safepoint: 72567 ns, At safepoint: 5738 ns, Total: 78305 ns
[2024-03-01T01:19:53.873+0000][7][safepoint   ] Safepoint "Cleanup", Time since last: 5000469767 ns, Reaching safepoint: 110475 ns, At safepoint: 7921 ns, Total: 118396 ns
[2024-03-01T01:19:56.874+0000][7][safepoint   ] Safepoint "Cleanup", Time since last: 3000449582 ns, Reaching safepoint: 70020 ns, At safepoint: 12225 ns, Total: 82245 ns
[2024-03-01T01:20:06.876+0000][7][safepoint   ] Safepoint "Cleanup", Time since last: 10001756748 ns, Reaching safepoint: 107122 ns, At safepoint: 6510 ns, Total: 113632 ns
[2024-03-01T01:20:08.876+0000][7][safepoint   ] Safepoint "Cleanup", Time since last: 2000316177 ns, Reaching safepoint: 49910 ns, At safepoint: 3312 ns, Total: 53222 ns
[2024-03-01T01:20:11.820+0000][7][gc,start    ] GC(26) Pause Young (Normal) (G1 Evacuation Pause)
[2024-03-01T01:20:11.820+0000][7][gc,task     ] GC(26) Using 8 workers of 8 for evacuation
[2024-03-01T01:20:11.820+0000][7][gc,age      ] GC(26) Desired survivor size 41943040 bytes, new threshold 15 (max threshold 15)
[2024-03-01T01:20:11.837+0000][7][gc,phases   ] GC(26)   Pre Evacuate Collection Set: 0.1ms
[2024-03-01T01:20:11.837+0000][7][gc,phases   ] GC(26)   Merge Heap Roots: 0.1ms
[2024-03-01T01:20:11.837+0000][7][gc,phases   ] GC(26)   Evacuate Collection Set: 14.2ms
[2024-03-01T01:20:11.837+0000][7][gc,phases   ] GC(26)   Post Evacuate Collection Set: 1.5ms
[2024-03-01T01:20:11.837+0000][7][gc,phases   ] GC(26)   Other: 0.1ms
[2024-03-01T01:20:11.837+0000][7][gc,age      ] GC(26) Age table with threshold 15 (max threshold 15)
[2024-03-01T01:20:11.837+0000][7][gc,age      ] GC(26) - age   1:     611408 bytes,     611408 total
[2024-03-01T01:20:11.837+0000][7][gc,age      ] GC(26) - age   2:      19696 bytes,     631104 total
[2024-03-01T01:20:11.837+0000][7][gc,age      ] GC(26) - age   3:      13856 bytes,     644960 total
[2024-03-01T01:20:11.837+0000][7][gc,age      ] GC(26) - age   4:      16304 bytes,     661264 total
[2024-03-01T01:20:11.837+0000][7][gc,age      ] GC(26) - age   5:      21624 bytes,     682888 total
[2024-03-01T01:20:11.837+0000][7][gc,age      ] GC(26) - age   6:     206856 bytes,     889744 total
[2024-03-01T01:20:11.837+0000][7][gc,age      ] GC(26) - age   7:     157672 bytes,    1047416 total
[2024-03-01T01:20:11.837+0000][7][gc,age      ] GC(26) - age   8:     294288 bytes,    1341704 total
[2024-03-01T01:20:11.837+0000][7][gc,age      ] GC(26) - age   9:    2876104 bytes,    4217808 total
[2024-03-01T01:20:11.837+0000][7][gc,age      ] GC(26) - age  10:        496 bytes,    4218304 total
[2024-03-01T01:20:11.837+0000][7][gc,age      ] GC(26) - age  11:      49784 bytes,    4268088 total
[2024-03-01T01:20:11.837+0000][7][gc,age      ] GC(26) - age  12:        976 bytes,    4269064 total
[2024-03-01T01:20:11.837+0000][7][gc,age      ] GC(26) - age  13:    5984760 bytes,   10253824 total
[2024-03-01T01:20:11.837+0000][7][gc,age      ] GC(26) - age  14:     345992 bytes,   10599816 total
[2024-03-01T01:20:11.837+0000][7][gc,age      ] GC(26) - age  15:   11877088 bytes,   22476904 total
[2024-03-01T01:20:11.837+0000][7][gc,heap     ] GC(26) Eden regions: 146->0(147)
[2024-03-01T01:20:11.837+0000][7][gc,heap     ] GC(26) Survivor regions: 7->6(20)
[2024-03-01T01:20:11.837+0000][7][gc,heap     ] GC(26) Old regions: 16->16
[2024-03-01T01:20:11.837+0000][7][gc,heap     ] GC(26) Archive regions: 2->2
[2024-03-01T01:20:11.837+0000][7][gc,heap     ] GC(26) Humongous regions: 0->0
[2024-03-01T01:20:11.837+0000][7][gc,metaspace] GC(26) Metaspace: 124236K(127552K)->124236K(127552K) NonClass: 107962K(109696K)->107962K(109696K) Class: 16273K(17856K)->16273K(17856K)
[2024-03-01T01:20:11.837+0000][7][gc          ] GC(26) Pause Young (Normal) (G1 Evacuation Pause) 675M->89M(1024M) 16.432ms
[2024-03-01T01:20:11.837+0000][7][gc,cpu      ] GC(26) User=0.08s Sys=0.01s Real=0.02s
[2024-03-01T01:20:11.837+0000][7][safepoint   ] Safepoint "G1CollectForAllocation", Time since last: 2944155313 ns, Reaching safepoint: 51955 ns, At safepoint: 16525247 ns, Total: 16577202 ns
[2024-03-01T01:20:12.837+0000][7][safepoint   ] Safepoint "Cleanup", Time since last: 1000105728 ns, Reaching safepoint: 55275 ns, At safepoint: 6460 ns, Total: 61735 ns
[2024-03-01T01:20:18.838+0000][7][safepoint   ] Safepoint "Cleanup", Time since last: 6000692371 ns, Reaching safepoint: 124494 ns, At safepoint: 10875 ns, Total: 135369 ns
[2024-03-01T01:20:20.838+0000][7][safepoint   ] Safepoint "Cleanup", Time since last: 2000228780 ns, Reaching safepoint: 72386 ns, At safepoint: 7057 ns, Total: 79443 ns
[2024-03-01T01:20:26.839+0000][7][safepoint   ] Safepoint "Cleanup", Time since last: 6000889686 ns, Reaching safepoint: 122534 ns, At safepoint: 6454 ns, Total: 128988 ns
[2024-03-01T01:20:29.840+0000][7][safepoint   ] Safepoint "Cleanup", Time since last: 3000575563 ns, Reaching safepoint: 148052 ns, At safepoint: 7252 ns, Total: 155304 ns
[2024-03-01T01:20:36.841+0000][7][safepoint   ] Safepoint "Cleanup", Time since last: 7000939515 ns, Reaching safepoint: 82120 ns, At safepoint: 7095 ns, Total: 89215 ns
[2024-03-01T01:20:42.842+0000][7][safepoint   ] Safepoint "Cleanup", Time since last: 6000561383 ns, Reaching safepoint: 57789 ns, At safepoint: 6343 ns, Total: 64132 ns
[2024-03-01T01:20:44.842+0000][7][safepoint   ] Safepoint "Cleanup", Time since last: 2000231737 ns, Reaching safepoint: 59481 ns, At safepoint: 9646 ns, Total: 69127 ns
[2024-03-01T01:20:53.843+0000][7][safepoint   ] Safepoint "Cleanup", Time since last: 9001051889 ns, Reaching safepoint: 112024 ns, At safepoint: 6672 ns, Total: 118696 ns
[2024-03-01T01:20:59.844+0000][7][safepoint   ] Safepoint "Cleanup", Time since last: 6000882817 ns, Reaching safepoint: 137097 ns, At safepoint: 8558 ns, Total: 145655 ns
[2024-03-01T01:21:00.844+0000][7][safepoint   ] Safepoint "Cleanup", Time since last: 1000221020 ns, Reaching safepoint: 95369 ns, At safepoint: 11261 ns, Total: 106630 ns
[2024-03-01T01:21:12.846+0000][7][safepoint   ] Safepoint "Cleanup", Time since last: 12001418781 ns, Reaching safepoint: 47457 ns, At safepoint: 6120 ns, Total: 53577 ns
[2024-03-01T01:21:17.847+0000][7][safepoint   ] Safepoint "Cleanup", Time since last: 5000577781 ns, Reaching safepoint: 87306 ns, At safepoint: 7590 ns, Total: 94896 ns
[2024-03-01T01:21:18.847+0000][7][safepoint   ] Safepoint "Cleanup", Time since last: 1000255560 ns, Reaching safepoint: 79533 ns, At safepoint: 11931 ns, Total: 91464 ns
[2024-03-01T01:21:21.847+0000][7][safepoint   ] Safepoint "Cleanup", Time since last: 3000420370 ns, Reaching safepoint: 71708 ns, At safepoint: 6419 ns, Total: 78127 ns
[2024-03-01T01:21:23.848+0000][7][safepoint   ] Safepoint "Cleanup", Time since last: 2000339077 ns, Reaching safepoint: 101453 ns, At safepoint: 14900 ns, Total: 116353 ns
[2024-03-01T01:21:26.848+0000][7][safepoint   ] Safepoint "Cleanup", Time since last: 3000417789 ns, Reaching safepoint: 83086 ns, At safepoint: 9148 ns, Total: 92234 ns
[2024-03-01T01:21:32.849+0000][7][safepoint   ] Safepoint "Cleanup", Time since last: 6000571894 ns, Reaching safepoint: 100629 ns, At safepoint: 7837 ns, Total: 108466 ns
[2024-03-01T01:21:33.849+0000][7][safepoint   ] Safepoint "Cleanup", Time since last: 1000137494 ns, Reaching safepoint: 66531 ns, At safepoint: 8464 ns, Total: 74995 ns
[2024-03-01T01:21:37.850+0000][7][safepoint   ] Safepoint "Cleanup", Time since last: 4000391012 ns, Reaching safepoint: 157586 ns, At safepoint: 9739 ns, Total: 167325 ns
[2024-03-01T01:21:41.850+0000][7][safepoint   ] Safepoint "Cleanup", Time since last: 4000420732 ns, Reaching safepoint: 94332 ns, At safepoint: 8651 ns, Total: 102983 ns
[2024-03-01T01:21:42.851+0000][7][safepoint   ] Safepoint "Cleanup", Time since last: 1000228208 ns, Reaching safepoint: 89393 ns, At safepoint: 9292 ns, Total: 98685 ns
[2024-03-01T01:21:53.852+0000][7][safepoint   ] Safepoint "Cleanup", Time since last: 11001374404 ns, Reaching safepoint: 105249 ns, At safepoint: 4776 ns, Total: 110025 ns
[2024-03-01T01:21:56.853+0000][7][safepoint   ] Safepoint "Cleanup", Time since last: 3000395252 ns, Reaching safepoint: 139529 ns, At safepoint: 19168 ns, Total: 158697 ns
[2024-03-01T01:22:05.854+0000][7][safepoint   ] Safepoint "Cleanup", Time since last: 9001158492 ns, Reaching safepoint: 94628 ns, At safepoint: 9010 ns, Total: 103638 ns
[2024-03-01T01:22:14.855+0000][7][safepoint   ] Safepoint "Cleanup", Time since last: 9001131928 ns, Reaching safepoint: 46990 ns, At safepoint: 5045 ns, Total: 52035 ns
[2024-03-01T01:22:21.856+0000][7][safepoint   ] Safepoint "Cleanup", Time since last: 7001002812 ns, Reaching safepoint: 83969 ns, At safepoint: 8040 ns, Total: 92009 ns
[2024-03-01T01:22:23.857+0000][7][safepoint   ] Safepoint "Cleanup", Time since last: 2000350093 ns, Reaching safepoint: 116858 ns, At safepoint: 7135 ns, Total: 123993 ns
[2024-03-01T01:22:32.858+0000][7][safepoint   ] Safepoint "Cleanup", Time since last: 9000757260 ns, Reaching safepoint: 85410 ns, At safepoint: 20490 ns, Total: 105900 ns
[2024-03-01T01:22:33.858+0000][7][safepoint   ] Safepoint "Cleanup", Time since last: 1000151031 ns, Reaching safepoint: 79253 ns, At safepoint: 6011 ns, Total: 85264 ns
[2024-03-01T01:22:42.859+0000][7][safepoint   ] Safepoint "Cleanup", Time since last: 9001126351 ns, Reaching safepoint: 123999 ns, At safepoint: 15348 ns, Total: 139347 ns
[2024-03-01T01:22:53.861+0000][7][safepoint   ] Safepoint "Cleanup", Time since last: 11001293820 ns, Reaching safepoint: 108228 ns, At safepoint: 6326 ns, Total: 114554 ns
[2024-03-01T01:22:54.861+0000][7][safepoint   ] Safepoint "Cleanup", Time since last: 1000263152 ns, Reaching safepoint: 79865 ns, At safepoint: 23907 ns, Total: 103772 ns
[2024-03-01T01:22:56.861+0000][7][safepoint   ] Safepoint "Cleanup", Time since last: 2000341673 ns, Reaching safepoint: 70630 ns, At safepoint: 8081 ns, Total: 78711 ns
[2024-03-01T01:22:56.904+0000][7][gc,start    ] GC(27) Pause Young (Normal) (G1 Evacuation Pause)
[2024-03-01T01:22:56.904+0000][7][gc,task     ] GC(27) Using 8 workers of 8 for evacuation
[2024-03-01T01:22:56.904+0000][7][gc,age      ] GC(27) Desired survivor size 41943040 bytes, new threshold 15 (max threshold 15)
[2024-03-01T01:22:56.921+0000][7][gc,phases   ] GC(27)   Pre Evacuate Collection Set: 0.1ms
[2024-03-01T01:22:56.921+0000][7][gc,phases   ] GC(27)   Merge Heap Roots: 0.1ms
[2024-03-01T01:22:56.921+0000][7][gc,phases   ] GC(27)   Evacuate Collection Set: 14.9ms
[2024-03-01T01:22:56.921+0000][7][gc,phases   ] GC(27)   Post Evacuate Collection Set: 1.7ms
[2024-03-01T01:22:56.921+0000][7][gc,phases   ] GC(27)   Other: 0.1ms
[2024-03-01T01:22:56.921+0000][7][gc,age      ] GC(27) Age table with threshold 15 (max threshold 15)
[2024-03-01T01:22:56.921+0000][7][gc,age      ] GC(27) - age   1:    1537120 bytes,    1537120 total
[2024-03-01T01:22:56.921+0000][7][gc,age      ] GC(27) - age   2:       9512 bytes,    1546632 total
[2024-03-01T01:22:56.921+0000][7][gc,age      ] GC(27) - age   3:      16552 bytes,    1563184 total
[2024-03-01T01:22:56.921+0000][7][gc,age      ] GC(27) - age   4:       9360 bytes,    1572544 total
[2024-03-01T01:22:56.921+0000][7][gc,age      ] GC(27) - age   5:      16240 bytes,    1588784 total
[2024-03-01T01:22:56.921+0000][7][gc,age      ] GC(27) - age   6:      21232 bytes,    1610016 total
[2024-03-01T01:22:56.921+0000][7][gc,age      ] GC(27) - age   7:     206856 bytes,    1816872 total
[2024-03-01T01:22:56.921+0000][7][gc,age      ] GC(27) - age   8:     157672 bytes,    1974544 total
[2024-03-01T01:22:56.921+0000][7][gc,age      ] GC(27) - age   9:     294288 bytes,    2268832 total
[2024-03-01T01:22:56.921+0000][7][gc,age      ] GC(27) - age  10:    2876072 bytes,    5144904 total
[2024-03-01T01:22:56.921+0000][7][gc,age      ] GC(27) - age  11:        496 bytes,    5145400 total
[2024-03-01T01:22:56.921+0000][7][gc,age      ] GC(27) - age  12:      49784 bytes,    5195184 total
[2024-03-01T01:22:56.921+0000][7][gc,age      ] GC(27) - age  13:        976 bytes,    5196160 total
[2024-03-01T01:22:56.921+0000][7][gc,age      ] GC(27) - age  14:    5984760 bytes,   11180920 total
[2024-03-01T01:22:56.921+0000][7][gc,age      ] GC(27) - age  15:     345992 bytes,   11526912 total
[2024-03-01T01:22:56.921+0000][7][gc,heap     ] GC(27) Eden regions: 147->0(149)
[2024-03-01T01:22:56.921+0000][7][gc,heap     ] GC(27) Survivor regions: 6->4(20)
[2024-03-01T01:22:56.921+0000][7][gc,heap     ] GC(27) Old regions: 16->19
[2024-03-01T01:22:56.921+0000][7][gc,heap     ] GC(27) Archive regions: 2->2
[2024-03-01T01:22:56.921+0000][7][gc,heap     ] GC(27) Humongous regions: 0->0
[2024-03-01T01:22:56.921+0000][7][gc,metaspace] GC(27) Metaspace: 124252K(127552K)->124252K(127552K) NonClass: 107978K(109696K)->107978K(109696K) Class: 16273K(17856K)->16273K(17856K)
[2024-03-01T01:22:56.921+0000][7][gc          ] GC(27) Pause Young (Normal) (G1 Evacuation Pause) 677M->91M(1024M) 17.261ms
[2024-03-01T01:22:56.922+0000][7][gc,cpu      ] GC(27) User=0.11s Sys=0.00s Real=0.02s
[2024-03-01T01:22:56.922+0000][7][safepoint   ] Safepoint "G1CollectForAllocation", Time since last: 42876710 ns, Reaching safepoint: 35990 ns, At safepoint: 17354368 ns, Total: 17390358 ns
[2024-03-01T01:22:57.922+0000][7][safepoint   ] Safepoint "Cleanup", Time since last: 1000118634 ns, Reaching safepoint: 71659 ns, At safepoint: 9484 ns, Total: 81143 ns
[2024-03-01T01:22:59.922+0000][7][safepoint   ] Safepoint "Cleanup", Time since last: 2000231038 ns, Reaching safepoint: 59128 ns, At safepoint: 3309 ns, Total: 62437 ns
[2024-03-01T01:23:09.924+0000][7][safepoint   ] Safepoint "Cleanup", Time since last: 10001651168 ns, Reaching safepoint: 104613 ns, At safepoint: 6688 ns, Total: 111301 ns
[2024-03-01T01:23:12.924+0000][7][safepoint   ] Safepoint "Cleanup", Time since last: 3000309632 ns, Reaching safepoint: 91506 ns, At safepoint: 7781 ns, Total: 99287 ns
[2024-03-01T01:23:17.925+0000][7][safepoint   ] Safepoint "Cleanup", Time since last: 5000658749 ns, Reaching safepoint: 80851 ns, At safepoint: 10194 ns, Total: 91045 ns
[2024-03-01T01:23:20.925+0000][7][safepoint   ] Safepoint "Cleanup", Time since last: 3000337055 ns, Reaching safepoint: 93568 ns, At safepoint: 8309 ns, Total: 101877 ns
[2024-03-01T01:23:24.926+0000][7][safepoint   ] Safepoint "Cleanup", Time since last: 4000364536 ns, Reaching safepoint: 55923 ns, At safepoint: 12969 ns, Total: 68892 ns
[2024-03-01T01:23:53.929+0000][7][safepoint   ] Safepoint "Cleanup", Time since last: 29003389466 ns, Reaching safepoint: 128175 ns, At safepoint: 10260 ns, Total: 138435 ns
[2024-03-01T01:23:56.930+0000][7][safepoint   ] Safepoint "Cleanup", Time since last: 3000422491 ns, Reaching safepoint: 75890 ns, At safepoint: 12103 ns, Total: 87993 ns
[2024-03-01T01:23:57.930+0000][7][safepoint   ] Safepoint "Cleanup", Time since last: 1000266929 ns, Reaching safepoint: 71786 ns, At safepoint: 8010 ns, Total: 79796 ns
[2024-03-01T01:23:59.931+0000][7][safepoint   ] Safepoint "Cleanup", Time since last: 2000477015 ns, Reaching safepoint: 108097 ns, At safepoint: 11808 ns, Total: 119905 ns
[2024-03-01T01:24:09.933+0000][7][safepoint   ] Safepoint "Cleanup", Time since last: 10001868905 ns, Reaching safepoint: 124844 ns, At safepoint: 6561 ns, Total: 131405 ns
[2024-03-01T01:24:11.933+0000][7][safepoint   ] Safepoint "Cleanup", Time since last: 2000325263 ns, Reaching safepoint: 104587 ns, At safepoint: 7421 ns, Total: 112008 ns
[2024-03-01T01:24:12.934+0000][7][safepoint   ] Safepoint "Cleanup", Time since last: 1000169771 ns, Reaching safepoint: 66024 ns, At safepoint: 9828 ns, Total: 75852 ns
[2024-03-01T01:24:13.934+0000][7][safepoint   ] Safepoint "Cleanup", Time since last: 1000146512 ns, Reaching safepoint: 64937 ns, At safepoint: 7008 ns, Total: 71945 ns
[2024-03-01T01:24:20.935+0000][7][safepoint   ] Safepoint "Cleanup", Time since last: 7001024543 ns, Reaching safepoint: 128045 ns, At safepoint: 16773 ns, Total: 144818 ns
[2024-03-01T01:24:23.935+0000][7][safepoint   ] Safepoint "Cleanup", Time since last: 3000368419 ns, Reaching safepoint: 48968 ns, At safepoint: 20351 ns, Total: 69319 ns
[2024-03-01T01:24:29.936+0000][7][safepoint   ] Safepoint "Cleanup", Time since last: 6000845997 ns, Reaching safepoint: 116272 ns, At safepoint: 10204 ns, Total: 126476 ns
[2024-03-01T01:24:51.939+0000][7][safepoint   ] Safepoint "Cleanup", Time since last: 22002992758 ns, Reaching safepoint: 159421 ns, At safepoint: 26579 ns, Total: 186000 ns
[2024-03-01T01:24:53.940+0000][7][safepoint   ] Safepoint "Cleanup", Time since last: 2000428807 ns, Reaching safepoint: 72370 ns, At safepoint: 8587 ns, Total: 80957 ns
[2024-03-01T01:24:54.940+0000][7][safepoint   ] Safepoint "Cleanup", Time since last: 1000265843 ns, Reaching safepoint: 92171 ns, At safepoint: 9311 ns, Total: 101482 ns
[2024-03-01T01:25:05.942+0000][7][safepoint   ] Safepoint "Cleanup", Time since last: 11001136353 ns, Reaching safepoint: 114187 ns, At safepoint: 9189 ns, Total: 123376 ns
[2024-03-01T01:25:08.942+0000][7][safepoint   ] Safepoint "Cleanup", Time since last: 3000590007 ns, Reaching safepoint: 107592 ns, At safepoint: 9415 ns, Total: 117007 ns
[2024-03-01T01:25:12.943+0000][7][safepoint   ] Safepoint "Cleanup", Time since last: 4000874641 ns, Reaching safepoint: 83115 ns, At safepoint: 13276 ns, Total: 96391 ns
[2024-03-01T01:25:44.860+0000][7][gc,start    ] GC(28) Pause Young (Normal) (G1 Evacuation Pause)
[2024-03-01T01:25:44.860+0000][7][gc,task     ] GC(28) Using 8 workers of 8 for evacuation
[2024-03-01T01:25:44.860+0000][7][gc,age      ] GC(28) Desired survivor size 41943040 bytes, new threshold 15 (max threshold 15)
[2024-03-01T01:25:44.870+0000][7][gc,phases   ] GC(28)   Pre Evacuate Collection Set: 0.1ms
[2024-03-01T01:25:44.870+0000][7][gc,phases   ] GC(28)   Merge Heap Roots: 0.1ms
[2024-03-01T01:25:44.870+0000][7][gc,phases   ] GC(28)   Evacuate Collection Set: 8.6ms
[2024-03-01T01:25:44.870+0000][7][gc,phases   ] GC(28)   Post Evacuate Collection Set: 1.2ms
[2024-03-01T01:25:44.870+0000][7][gc,phases   ] GC(28)   Other: 0.1ms
[2024-03-01T01:25:44.870+0000][7][gc,age      ] GC(28) Age table with threshold 15 (max threshold 15)
[2024-03-01T01:25:44.870+0000][7][gc,age      ] GC(28) - age   1:    1069728 bytes,    1069728 total
[2024-03-01T01:25:44.870+0000][7][gc,age      ] GC(28) - age   2:      16408 bytes,    1086136 total
[2024-03-01T01:25:44.870+0000][7][gc,age      ] GC(28) - age   3:       8296 bytes,    1094432 total
[2024-03-01T01:25:44.870+0000][7][gc,age      ] GC(28) - age   4:      16272 bytes,    1110704 total
[2024-03-01T01:25:44.870+0000][7][gc,age      ] GC(28) - age   5:       9360 bytes,    1120064 total
[2024-03-01T01:25:44.870+0000][7][gc,age      ] GC(28) - age   6:      16240 bytes,    1136304 total
[2024-03-01T01:25:44.870+0000][7][gc,age      ] GC(28) - age   7:      20848 bytes,    1157152 total
[2024-03-01T01:25:44.870+0000][7][gc,age      ] GC(28) - age   8:     206856 bytes,    1364008 total
[2024-03-01T01:25:44.870+0000][7][gc,age      ] GC(28) - age   9:     157672 bytes,    1521680 total
[2024-03-01T01:25:44.870+0000][7][gc,age      ] GC(28) - age  10:     286272 bytes,    1807952 total
[2024-03-01T01:25:44.870+0000][7][gc,age      ] GC(28) - age  11:    2875792 bytes,    4683744 total
[2024-03-01T01:25:44.870+0000][7][gc,age      ] GC(28) - age  12:        496 bytes,    4684240 total
[2024-03-01T01:25:44.870+0000][7][gc,age      ] GC(28) - age  13:      49784 bytes,    4734024 total
[2024-03-01T01:25:44.870+0000][7][gc,age      ] GC(28) - age  14:        976 bytes,    4735000 total
[2024-03-01T01:25:44.870+0000][7][gc,age      ] GC(28) - age  15:    5984760 bytes,   10719760 total
[2024-03-01T01:25:44.870+0000][7][gc,heap     ] GC(28) Eden regions: 149->0(150)
[2024-03-01T01:25:44.870+0000][7][gc,heap     ] GC(28) Survivor regions: 4->3(20)
[2024-03-01T01:25:44.870+0000][7][gc,heap     ] GC(28) Old regions: 19->19
[2024-03-01T01:25:44.870+0000][7][gc,heap     ] GC(28) Archive regions: 2->2
[2024-03-01T01:25:44.870+0000][7][gc,heap     ] GC(28) Humongous regions: 0->0
[2024-03-01T01:25:44.870+0000][7][gc,metaspace] GC(28) Metaspace: 124307K(127616K)->124307K(127616K) NonClass: 108031K(109760K)->108031K(109760K) Class: 16275K(17856K)->16275K(17856K)
[2024-03-01T01:25:44.870+0000][7][gc          ] GC(28) Pause Young (Normal) (G1 Evacuation Pause) 687M->90M(1024M) 10.480ms
[2024-03-01T01:25:44.870+0000][7][gc,cpu      ] GC(28) User=0.05s Sys=0.00s Real=0.01s
[2024-03-01T01:25:44.871+0000][7][safepoint   ] Safepoint "G1CollectForAllocation", Time since last: 31916600024 ns, Reaching safepoint: 45523 ns, At safepoint: 10581936 ns, Total: 10627459 ns
[2024-03-01T01:25:53.872+0000][7][safepoint   ] Safepoint "Cleanup", Time since last: 9001722111 ns, Reaching safepoint: 110891 ns, At safepoint: 6715 ns, Total: 117606 ns
[2024-03-01T01:26:11.874+0000][7][safepoint   ] Safepoint "Cleanup", Time since last: 18001985768 ns, Reaching safepoint: 137887 ns, At safepoint: 6537 ns, Total: 144424 ns
[2024-03-01T01:26:12.875+0000][7][safepoint   ] Safepoint "Cleanup", Time since last: 1000236084 ns, Reaching safepoint: 80155 ns, At safepoint: 18023 ns, Total: 98178 ns
[2024-03-01T01:26:17.876+0000][7][safepoint   ] Safepoint "Cleanup", Time since last: 5000655734 ns, Reaching safepoint: 77621 ns, At safepoint: 7249 ns, Total: 84870 ns
[2024-03-01T01:26:24.877+0000][7][safepoint   ] Safepoint "Cleanup", Time since last: 7001013184 ns, Reaching safepoint: 112078 ns, At safepoint: 9416 ns, Total: 121494 ns
[2024-03-01T01:26:29.877+0000][7][safepoint   ] Safepoint "Cleanup", Time since last: 5000418794 ns, Reaching safepoint: 66519 ns, At safepoint: 3124 ns, Total: 69643 ns
[2024-03-01T01:26:33.878+0000][7][safepoint   ] Safepoint "Cleanup", Time since last: 4000307075 ns, Reaching safepoint: 75039 ns, At safepoint: 5383 ns, Total: 80422 ns
[2024-03-01T01:26:35.878+0000][7][safepoint   ] Safepoint "Cleanup", Time since last: 2000193372 ns, Reaching safepoint: 69044 ns, At safepoint: 3930 ns, Total: 72974 ns
[2024-03-01T01:26:42.879+0000][7][safepoint   ] Safepoint "Cleanup", Time since last: 7001115448 ns, Reaching safepoint: 44089 ns, At safepoint: 5426 ns, Total: 49515 ns
[2024-03-01T01:26:53.881+0000][7][safepoint   ] Safepoint "Cleanup", Time since last: 11001532693 ns, Reaching safepoint: 123869 ns, At safepoint: 14618 ns, Total: 138487 ns
[2024-03-01T01:26:56.881+0000][7][safepoint   ] Safepoint "Cleanup", Time since last: 3000388004 ns, Reaching safepoint: 84935 ns, At safepoint: 6042 ns, Total: 90977 ns
[2024-03-01T01:27:04.882+0000][7][safepoint   ] Safepoint "Cleanup", Time since last: 8000923927 ns, Reaching safepoint: 99855 ns, At safepoint: 13819 ns, Total: 113674 ns
[2024-03-01T01:27:05.882+0000][7][safepoint   ] Safepoint "Cleanup", Time since last: 1000117522 ns, Reaching safepoint: 68261 ns, At safepoint: 20249 ns, Total: 88510 ns
[2024-03-01T01:27:11.883+0000][7][safepoint   ] Safepoint "Cleanup", Time since last: 6000931890 ns, Reaching safepoint: 82398 ns, At safepoint: 4828 ns, Total: 87226 ns
[2024-03-01T01:27:12.884+0000][7][safepoint   ] Safepoint "Cleanup", Time since last: 1000181705 ns, Reaching safepoint: 61478 ns, At safepoint: 7310 ns, Total: 68788 ns
[2024-03-01T01:27:13.884+0000][7][safepoint   ] Safepoint "Cleanup", Time since last: 1000206333 ns, Reaching safepoint: 74337 ns, At safepoint: 8427 ns, Total: 82764 ns
[2024-03-01T01:27:14.884+0000][7][safepoint   ] Safepoint "Cleanup", Time since last: 1000139777 ns, Reaching safepoint: 89987 ns, At safepoint: 14392 ns, Total: 104379 ns
[2024-03-01T01:27:24.885+0000][7][safepoint   ] Safepoint "Cleanup", Time since last: 10001093430 ns, Reaching safepoint: 75744 ns, At safepoint: 6522 ns, Total: 82266 ns
[2024-03-01T01:27:27.827+0000][7][safepoint   ] Safepoint "Cleanup", Time since last: 2941321700 ns, Reaching safepoint: 102204 ns, At safepoint: 12572 ns, Total: 114776 ns
[2024-03-01T01:27:30.827+0000][7][safepoint   ] Safepoint "Cleanup", Time since last: 3000358483 ns, Reaching safepoint: 66414 ns, At safepoint: 5697 ns, Total: 72111 ns
[2024-03-01T01:27:36.828+0000][7][safepoint   ] Safepoint "Cleanup", Time since last: 6001002920 ns, Reaching safepoint: 111176 ns, At safepoint: 6713 ns, Total: 117889 ns
[2024-03-01T01:27:56.830+0000][7][safepoint   ] Safepoint "Cleanup", Time since last: 20001955442 ns, Reaching safepoint: 135767 ns, At safepoint: 6435 ns, Total: 142202 ns
[2024-03-01T01:27:57.831+0000][7][safepoint   ] Safepoint "Cleanup", Time since last: 1000250401 ns, Reaching safepoint: 83734 ns, At safepoint: 7908 ns, Total: 91642 ns
[2024-03-01T01:28:00.831+0000][7][safepoint   ] Safepoint "Cleanup", Time since last: 3000356795 ns, Reaching safepoint: 164273 ns, At safepoint: 24938 ns, Total: 189211 ns
[2024-03-01T01:28:06.832+0000][7][safepoint   ] Safepoint "Cleanup", Time since last: 6000957391 ns, Reaching safepoint: 93452 ns, At safepoint: 9046 ns, Total: 102498 ns
[2024-03-01T01:28:08.833+0000][7][safepoint   ] Safepoint "Cleanup", Time since last: 2000289527 ns, Reaching safepoint: 46921 ns, At safepoint: 5130 ns, Total: 52051 ns
[2024-03-01T01:28:10.833+0000][7][safepoint   ] Safepoint "Cleanup", Time since last: 2000242157 ns, Reaching safepoint: 87712 ns, At safepoint: 14409 ns, Total: 102121 ns
[2024-03-01T01:28:12.833+0000][7][safepoint   ] Safepoint "Cleanup", Time since last: 2000239677 ns, Reaching safepoint: 57244 ns, At safepoint: 5538 ns, Total: 62782 ns
[2024-03-01T01:28:13.834+0000][7][safepoint   ] Safepoint "Cleanup", Time since last: 1000143150 ns, Reaching safepoint: 76661 ns, At safepoint: 8336 ns, Total: 84997 ns
[2024-03-01T01:28:18.835+0000][7][safepoint   ] Safepoint "Cleanup", Time since last: 5000782207 ns, Reaching safepoint: 124567 ns, At safepoint: 11313 ns, Total: 135880 ns
[2024-03-01T01:28:20.835+0000][7][safepoint   ] Safepoint "Cleanup", Time since last: 2000253805 ns, Reaching safepoint: 77422 ns, At safepoint: 19734 ns, Total: 97156 ns
[2024-03-01T01:28:21.835+0000][7][safepoint   ] Safepoint "Cleanup", Time since last: 1000245069 ns, Reaching safepoint: 82116 ns, At safepoint: 11812 ns, Total: 93928 ns
[2024-03-01T01:28:30.837+0000][7][safepoint   ] Safepoint "Cleanup", Time since last: 9001271640 ns, Reaching safepoint: 104347 ns, At safepoint: 8972 ns, Total: 113319 ns
[2024-03-01T01:28:30.974+0000][7][gc,start    ] GC(29) Pause Young (Normal) (G1 Evacuation Pause)
[2024-03-01T01:28:30.974+0000][7][gc,task     ] GC(29) Using 8 workers of 8 for evacuation
[2024-03-01T01:28:30.974+0000][7][gc,age      ] GC(29) Desired survivor size 41943040 bytes, new threshold 15 (max threshold 15)
[2024-03-01T01:28:30.986+0000][7][gc,phases   ] GC(29)   Pre Evacuate Collection Set: 0.1ms
[2024-03-01T01:28:30.986+0000][7][gc,phases   ] GC(29)   Merge Heap Roots: 0.1ms
[2024-03-01T01:28:30.986+0000][7][gc,phases   ] GC(29)   Evacuate Collection Set: 10.2ms
[2024-03-01T01:28:30.986+0000][7][gc,phases   ] GC(29)   Post Evacuate Collection Set: 1.2ms
[2024-03-01T01:28:30.986+0000][7][gc,phases   ] GC(29)   Other: 0.1ms
[2024-03-01T01:28:30.986+0000][7][gc,age      ] GC(29) Age table with threshold 15 (max threshold 15)
[2024-03-01T01:28:30.986+0000][7][gc,age      ] GC(29) - age   1:     791960 bytes,     791960 total
[2024-03-01T01:28:30.986+0000][7][gc,age      ] GC(29) - age   2:       7000 bytes,     798960 total
[2024-03-01T01:28:30.986+0000][7][gc,age      ] GC(29) - age   3:      14232 bytes,     813192 total
[2024-03-01T01:28:30.986+0000][7][gc,age      ] GC(29) - age   4:       8112 bytes,     821304 total
[2024-03-01T01:28:30.986+0000][7][gc,age      ] GC(29) - age   5:      16272 bytes,     837576 total
[2024-03-01T01:28:30.986+0000][7][gc,age      ] GC(29) - age   6:       9360 bytes,     846936 total
[2024-03-01T01:28:30.986+0000][7][gc,age      ] GC(29) - age   7:      16240 bytes,     863176 total
[2024-03-01T01:28:30.986+0000][7][gc,age      ] GC(29) - age   8:      20848 bytes,     884024 total
[2024-03-01T01:28:30.986+0000][7][gc,age      ] GC(29) - age   9:     206856 bytes,    1090880 total
[2024-03-01T01:28:30.986+0000][7][gc,age      ] GC(29) - age  10:     157672 bytes,    1248552 total
[2024-03-01T01:28:30.986+0000][7][gc,age      ] GC(29) - age  11:     286272 bytes,    1534824 total
[2024-03-01T01:28:30.986+0000][7][gc,age      ] GC(29) - age  12:    2875792 bytes,    4410616 total
[2024-03-01T01:28:30.986+0000][7][gc,age      ] GC(29) - age  13:        496 bytes,    4411112 total
[2024-03-01T01:28:30.986+0000][7][gc,age      ] GC(29) - age  14:      49784 bytes,    4460896 total
[2024-03-01T01:28:30.986+0000][7][gc,age      ] GC(29) - age  15:        976 bytes,    4461872 total
[2024-03-01T01:28:30.986+0000][7][gc,heap     ] GC(29) Eden regions: 150->0(151)
[2024-03-01T01:28:30.986+0000][7][gc,heap     ] GC(29) Survivor regions: 3->2(20)
[2024-03-01T01:28:30.986+0000][7][gc,heap     ] GC(29) Old regions: 19->21
[2024-03-01T01:28:30.986+0000][7][gc,heap     ] GC(29) Archive regions: 2->2
[2024-03-01T01:28:30.986+0000][7][gc,heap     ] GC(29) Humongous regions: 0->0
[2024-03-01T01:28:30.986+0000][7][gc,metaspace] GC(29) Metaspace: 124342K(127680K)->124342K(127680K) NonClass: 108066K(109824K)->108066K(109824K) Class: 16276K(17856K)->16276K(17856K)
[2024-03-01T01:28:30.986+0000][7][gc          ] GC(29) Pause Young (Normal) (G1 Evacuation Pause) 690M->90M(1024M) 12.101ms
[2024-03-01T01:28:30.986+0000][7][gc,cpu      ] GC(29) User=0.05s Sys=0.00s Real=0.01s
[2024-03-01T01:28:30.986+0000][7][safepoint   ] Safepoint "G1CollectForAllocation", Time since last: 137467121 ns, Reaching safepoint: 47689 ns, At safepoint: 12192901 ns, Total: 12240590 ns
[2024-03-01T01:28:42.988+0000][7][safepoint   ] Safepoint "Cleanup", Time since last: 12001915998 ns, Reaching safepoint: 87166 ns, At safepoint: 19630 ns, Total: 106796 ns
[2024-03-01T01:28:44.989+0000][7][safepoint   ] Safepoint "Cleanup", Time since last: 2000339754 ns, Reaching safepoint: 58646 ns, At safepoint: 15123 ns, Total: 73769 ns
[2024-03-01T01:28:46.989+0000][7][safepoint   ] Safepoint "Cleanup", Time since last: 2000203546 ns, Reaching safepoint: 60380 ns, At safepoint: 5866 ns, Total: 66246 ns
[2024-03-01T01:28:53.990+0000][7][safepoint   ] Safepoint "Cleanup", Time since last: 7000624807 ns, Reaching safepoint: 77073 ns, At safepoint: 9406 ns, Total: 86479 ns
[2024-03-01T01:29:00.991+0000][7][safepoint   ] Safepoint "Cleanup", Time since last: 7001230635 ns, Reaching safepoint: 88854 ns, At safepoint: 8692 ns, Total: 97546 ns
[2024-03-01T01:29:08.963+0000][7][safepoint   ] Safepoint "Cleanup", Time since last: 7972130243 ns, Reaching safepoint: 71940 ns, At safepoint: 4832 ns, Total: 76772 ns
[2024-03-01T01:29:09.964+0000][7][safepoint   ] Safepoint "Cleanup", Time since last: 1000268428 ns, Reaching safepoint: 265473 ns, At safepoint: 13183 ns, Total: 278656 ns
[2024-03-01T01:29:10.964+0000][7][safepoint   ] Safepoint "Cleanup", Time since last: 1000298814 ns, Reaching safepoint: 98321 ns, At safepoint: 9741 ns, Total: 108062 ns
[2024-03-01T01:29:11.965+0000][7][safepoint   ] Safepoint "Cleanup", Time since last: 1000279154 ns, Reaching safepoint: 155643 ns, At safepoint: 12499 ns, Total: 168142 ns
[2024-03-01T01:29:12.965+0000][7][safepoint   ] Safepoint "Cleanup", Time since last: 1000247484 ns, Reaching safepoint: 94361 ns, At safepoint: 16969 ns, Total: 111330 ns
[2024-03-01T01:29:13.965+0000][7][safepoint   ] Safepoint "Cleanup", Time since last: 1000292135 ns, Reaching safepoint: 82043 ns, At safepoint: 11893 ns, Total: 93936 ns
[2024-03-01T01:29:14.966+0000][7][safepoint   ] Safepoint "Cleanup", Time since last: 1000173522 ns, Reaching safepoint: 82766 ns, At safepoint: 8283 ns, Total: 91049 ns
[2024-03-01T01:29:17.966+0000][7][safepoint   ] Safepoint "Cleanup", Time since last: 3000481196 ns, Reaching safepoint: 63751 ns, At safepoint: 7527 ns, Total: 71278 ns
[2024-03-01T01:29:18.966+0000][7][safepoint   ] Safepoint "Cleanup", Time since last: 1000162352 ns, Reaching safepoint: 69605 ns, At safepoint: 8835 ns, Total: 78440 ns
[2024-03-01T01:29:20.967+0000][7][safepoint   ] Safepoint "Cleanup", Time since last: 2000437881 ns, Reaching safepoint: 118523 ns, At safepoint: 6305 ns, Total: 124828 ns
[2024-03-01T01:29:24.968+0000][7][safepoint   ] Safepoint "Cleanup", Time since last: 4000663934 ns, Reaching safepoint: 117901 ns, At safepoint: 7783 ns, Total: 125684 ns
[2024-03-01T01:29:29.969+0000][7][safepoint   ] Safepoint "Cleanup", Time since last: 5000854157 ns, Reaching safepoint: 107156 ns, At safepoint: 9779 ns, Total: 116935 ns
[2024-03-01T01:29:38.970+0000][7][safepoint   ] Safepoint "Cleanup", Time since last: 9001215338 ns, Reaching safepoint: 104824 ns, At safepoint: 11035 ns, Total: 115859 ns
[2024-03-01T01:29:41.971+0000][7][safepoint   ] Safepoint "Cleanup", Time since last: 3000415013 ns, Reaching safepoint: 60427 ns, At safepoint: 5686 ns, Total: 66113 ns
[2024-03-01T01:29:42.971+0000][7][safepoint   ] Safepoint "Cleanup", Time since last: 1000130627 ns, Reaching safepoint: 54496 ns, At safepoint: 6502 ns, Total: 60998 ns
[2024-03-01T01:29:44.971+0000][7][safepoint   ] Safepoint "Cleanup", Time since last: 2000224468 ns, Reaching safepoint: 57889 ns, At safepoint: 7010 ns, Total: 64899 ns
[2024-03-01T01:29:47.971+0000][7][safepoint   ] Safepoint "Cleanup", Time since last: 3000306282 ns, Reaching safepoint: 69297 ns, At safepoint: 5215 ns, Total: 74512 ns
[2024-03-01T01:29:50.972+0000][7][safepoint   ] Safepoint "Cleanup", Time since last: 3000402678 ns, Reaching safepoint: 76630 ns, At safepoint: 5934 ns, Total: 82564 ns
[2024-03-01T01:29:51.972+0000][7][safepoint   ] Safepoint "Cleanup", Time since last: 1000235877 ns, Reaching safepoint: 164985 ns, At safepoint: 22535 ns, Total: 187520 ns
[2024-03-01T01:29:53.973+0000][7][safepoint   ] Safepoint "Cleanup", Time since last: 2000346009 ns, Reaching safepoint: 122680 ns, At safepoint: 15680 ns, Total: 138360 ns
[2024-03-01T01:29:54.973+0000][7][safepoint   ] Safepoint "Cleanup", Time since last: 1000241125 ns, Reaching safepoint: 90905 ns, At safepoint: 12965 ns, Total: 103870 ns
[2024-03-01T01:29:56.974+0000][7][safepoint   ] Safepoint "Cleanup", Time since last: 2000241519 ns, Reaching safepoint: 42382 ns, At safepoint: 3752 ns, Total: 46134 ns
[2024-03-01T01:29:59.974+0000][7][safepoint   ] Safepoint "Cleanup", Time since last: 3000268878 ns, Reaching safepoint: 116040 ns, At safepoint: 8022 ns, Total: 124062 ns
[2024-03-01T01:30:00.974+0000][7][safepoint   ] Safepoint "Cleanup", Time since last: 1000126729 ns, Reaching safepoint: 58030 ns, At safepoint: 6894 ns, Total: 64924 ns
[2024-03-01T01:30:12.976+0000][7][safepoint   ] Safepoint "Cleanup", Time since last: 12001697768 ns, Reaching safepoint: 77938 ns, At safepoint: 4860 ns, Total: 82798 ns
[2024-03-01T01:30:14.976+0000][7][safepoint   ] Safepoint "Cleanup", Time since last: 2000318726 ns, Reaching safepoint: 62806 ns, At safepoint: 5429 ns, Total: 68235 ns
[2024-03-01T01:30:29.978+0000][7][safepoint   ] Safepoint "Cleanup", Time since last: 15001834083 ns, Reaching safepoint: 111226 ns, At safepoint: 8543 ns, Total: 119769 ns
[2024-03-01T01:30:30.979+0000][7][safepoint   ] Safepoint "Cleanup", Time since last: 1000266929 ns, Reaching safepoint: 84515 ns, At safepoint: 9854 ns, Total: 94369 ns
[2024-03-01T01:30:32.979+0000][7][safepoint   ] Safepoint "Cleanup", Time since last: 2000236119 ns, Reaching safepoint: 101757 ns, At safepoint: 6078 ns, Total: 107835 ns
[2024-03-01T01:30:38.980+0000][7][safepoint   ] Safepoint "Cleanup", Time since last: 6000986946 ns, Reaching safepoint: 93096 ns, At safepoint: 8542 ns, Total: 101638 ns
[2024-03-01T01:30:44.981+0000][7][safepoint   ] Safepoint "Cleanup", Time since last: 6000819371 ns, Reaching safepoint: 96111 ns, At safepoint: 23301 ns, Total: 119412 ns
[2024-03-01T01:30:46.981+0000][7][safepoint   ] Safepoint "Cleanup", Time since last: 2000364922 ns, Reaching safepoint: 74292 ns, At safepoint: 7053 ns, Total: 81345 ns
[2024-03-01T01:30:47.982+0000][7][safepoint   ] Safepoint "Cleanup", Time since last: 1000143099 ns, Reaching safepoint: 61264 ns, At safepoint: 11785 ns, Total: 73049 ns
[2024-03-01T01:30:48.982+0000][7][safepoint   ] Safepoint "Cleanup", Time since last: 1000167662 ns, Reaching safepoint: 66350 ns, At safepoint: 8537 ns, Total: 74887 ns
[2024-03-01T01:30:50.982+0000][7][safepoint   ] Safepoint "Cleanup", Time since last: 2000222655 ns, Reaching safepoint: 66390 ns, At safepoint: 6709 ns, Total: 73099 ns
[2024-03-01T01:30:53.983+0000][7][safepoint   ] Safepoint "Cleanup", Time since last: 3000439112 ns, Reaching safepoint: 118099 ns, At safepoint: 9533 ns, Total: 127632 ns
[2024-03-01T01:30:56.983+0000][7][safepoint   ] Safepoint "Cleanup", Time since last: 3000420020 ns, Reaching safepoint: 95018 ns, At safepoint: 7030 ns, Total: 102048 ns
[2024-03-01T01:30:57.984+0000][7][safepoint   ] Safepoint "Cleanup", Time since last: 1000255381 ns, Reaching safepoint: 84484 ns, At safepoint: 8438 ns, Total: 92922 ns
[2024-03-01T01:31:11.986+0000][7][safepoint   ] Safepoint "Cleanup", Time since last: 14002122962 ns, Reaching safepoint: 87331 ns, At safepoint: 20196 ns, Total: 107527 ns
[2024-03-01T01:31:17.866+0000][7][gc,start    ] GC(30) Pause Young (Normal) (G1 Evacuation Pause)
[2024-03-01T01:31:17.866+0000][7][gc,task     ] GC(30) Using 8 workers of 8 for evacuation
[2024-03-01T01:31:17.866+0000][7][gc,age      ] GC(30) Desired survivor size 41943040 bytes, new threshold 15 (max threshold 15)
[2024-03-01T01:31:17.875+0000][7][gc,phases   ] GC(30)   Pre Evacuate Collection Set: 0.1ms
[2024-03-01T01:31:17.875+0000][7][gc,phases   ] GC(30)   Merge Heap Roots: 0.1ms
[2024-03-01T01:31:17.875+0000][7][gc,phases   ] GC(30)   Evacuate Collection Set: 8.0ms
[2024-03-01T01:31:17.875+0000][7][gc,phases   ] GC(30)   Post Evacuate Collection Set: 1.2ms
[2024-03-01T01:31:17.875+0000][7][gc,phases   ] GC(30)   Other: 0.1ms
[2024-03-01T01:31:17.875+0000][7][gc,age      ] GC(30) Age table with threshold 15 (max threshold 15)
[2024-03-01T01:31:17.875+0000][7][gc,age      ] GC(30) - age   1:    1796488 bytes,    1796488 total
[2024-03-01T01:31:17.875+0000][7][gc,age      ] GC(30) - age   2:      14192 bytes,    1810680 total
[2024-03-01T01:31:17.875+0000][7][gc,age      ] GC(30) - age   3:       4792 bytes,    1815472 total
[2024-03-01T01:31:17.875+0000][7][gc,age      ] GC(30) - age   4:      13336 bytes,    1828808 total
[2024-03-01T01:31:17.875+0000][7][gc,age      ] GC(30) - age   5:       8112 bytes,    1836920 total
[2024-03-01T01:31:17.875+0000][7][gc,age      ] GC(30) - age   6:      15960 bytes,    1852880 total
[2024-03-01T01:31:17.875+0000][7][gc,age      ] GC(30) - age   7:       9360 bytes,    1862240 total
[2024-03-01T01:31:17.875+0000][7][gc,age      ] GC(30) - age   8:      16224 bytes,    1878464 total
[2024-03-01T01:31:17.875+0000][7][gc,age      ] GC(30) - age   9:      16704 bytes,    1895168 total
[2024-03-01T01:31:17.875+0000][7][gc,age      ] GC(30) - age  10:     111024 bytes,    2006192 total
[2024-03-01T01:31:17.875+0000][7][gc,age      ] GC(30) - age  11:     157472 bytes,    2163664 total
[2024-03-01T01:31:17.875+0000][7][gc,age      ] GC(30) - age  12:     136776 bytes,    2300440 total
[2024-03-01T01:31:17.875+0000][7][gc,age      ] GC(30) - age  13:    2865760 bytes,    5166200 total
[2024-03-01T01:31:17.875+0000][7][gc,age      ] GC(30) - age  14:        496 bytes,    5166696 total
[2024-03-01T01:31:17.875+0000][7][gc,age      ] GC(30) - age  15:      49784 bytes,    5216480 total
[2024-03-01T01:31:17.875+0000][7][gc,heap     ] GC(30) Eden regions: 151->0(151)
[2024-03-01T01:31:17.875+0000][7][gc,heap     ] GC(30) Survivor regions: 2->2(20)
[2024-03-01T01:31:17.875+0000][7][gc,heap     ] GC(30) Old regions: 21->21
[2024-03-01T01:31:17.875+0000][7][gc,heap     ] GC(30) Archive regions: 2->2
[2024-03-01T01:31:17.875+0000][7][gc,heap     ] GC(30) Humongous regions: 0->0
[2024-03-01T01:31:17.875+0000][7][gc,metaspace] GC(30) Metaspace: 124744K(128064K)->124744K(128064K) NonClass: 108402K(110144K)->108402K(110144K) Class: 16341K(17920K)->16341K(17920K)
[2024-03-01T01:31:17.875+0000][7][gc          ] GC(30) Pause Young (Normal) (G1 Evacuation Pause) 694M->91M(1024M) 9.875ms
[2024-03-01T01:31:17.876+0000][7][gc,cpu      ] GC(30) User=0.04s Sys=0.00s Real=0.01s
[2024-03-01T01:31:17.876+0000][7][safepoint   ] Safepoint "G1CollectForAllocation", Time since last: 5879703992 ns, Reaching safepoint: 54368 ns, At safepoint: 9969901 ns, Total: 10024269 ns
[2024-03-01T01:31:24.877+0000][7][safepoint   ] Safepoint "Cleanup", Time since last: 7000998540 ns, Reaching safepoint: 84484 ns, At safepoint: 9253 ns, Total: 93737 ns
[2024-03-01T01:31:42.879+0000][7][safepoint   ] Safepoint "Cleanup", Time since last: 18002391004 ns, Reaching safepoint: 78342 ns, At safepoint: 7646 ns, Total: 85988 ns
[2024-03-01T01:31:43.880+0000][7][safepoint   ] Safepoint "Cleanup", Time since last: 1000288019 ns, Reaching safepoint: 109644 ns, At safepoint: 9786 ns, Total: 119430 ns
[2024-03-01T01:31:44.880+0000][7][safepoint   ] Safepoint "Cleanup", Time since last: 1000218240 ns, Reaching safepoint: 160725 ns, At safepoint: 13779 ns, Total: 174504 ns
[2024-03-01T01:31:45.880+0000][7][safepoint   ] Safepoint "Cleanup", Time since last: 1000156028 ns, Reaching safepoint: 82847 ns, At safepoint: 21534 ns, Total: 104381 ns
[2024-03-01T01:31:53.881+0000][7][safepoint   ] Safepoint "Cleanup", Time since last: 8000999620 ns, Reaching safepoint: 90223 ns, At safepoint: 5558 ns, Total: 95781 ns
[2024-03-01T01:32:20.885+0000][7][safepoint   ] Safepoint "Cleanup", Time since last: 27003769245 ns, Reaching safepoint: 62740 ns, At safepoint: 3900 ns, Total: 66640 ns
[2024-03-01T01:32:21.885+0000][7][safepoint   ] Safepoint "Cleanup", Time since last: 1000197598 ns, Reaching safepoint: 75040 ns, At safepoint: 7221 ns, Total: 82261 ns
[2024-03-01T01:32:23.886+0000][7][safepoint   ] Safepoint "Cleanup", Time since last: 2000223543 ns, Reaching safepoint: 87263 ns, At safepoint: 7892 ns, Total: 95155 ns
[2024-03-01T01:32:36.887+0000][7][safepoint   ] Safepoint "Cleanup", Time since last: 13001682971 ns, Reaching safepoint: 77242 ns, At safepoint: 9559 ns, Total: 86801 ns
[2024-03-01T01:32:53.890+0000][7][safepoint   ] Safepoint "Cleanup", Time since last: 17002138053 ns, Reaching safepoint: 83874 ns, At safepoint: 14638 ns, Total: 98512 ns
[2024-03-01T01:32:54.890+0000][7][safepoint   ] Safepoint "Cleanup", Time since last: 1000143576 ns, Reaching safepoint: 77843 ns, At safepoint: 5656 ns, Total: 83499 ns
[2024-03-01T01:32:56.890+0000][7][safepoint   ] Safepoint "Cleanup", Time since last: 2000217574 ns, Reaching safepoint: 122678 ns, At safepoint: 17650 ns, Total: 140328 ns
[2024-03-01T01:33:05.892+0000][7][safepoint   ] Safepoint "Cleanup", Time since last: 9001204675 ns, Reaching safepoint: 95651 ns, At safepoint: 6304 ns, Total: 101955 ns
[2024-03-01T01:33:08.892+0000][7][safepoint   ] Safepoint "Cleanup", Time since last: 3000299088 ns, Reaching safepoint: 132079 ns, At safepoint: 6018 ns, Total: 138097 ns
[2024-03-01T01:33:12.893+0000][7][safepoint   ] Safepoint "Cleanup", Time since last: 4000511259 ns, Reaching safepoint: 132032 ns, At safepoint: 13696 ns, Total: 145728 ns
[2024-03-01T01:33:21.894+0000][7][safepoint   ] Safepoint "Cleanup", Time since last: 9000874235 ns, Reaching safepoint: 74318 ns, At safepoint: 12031 ns, Total: 86349 ns
[2024-03-01T01:33:29.895+0000][7][safepoint   ] Safepoint "Cleanup", Time since last: 8001019244 ns, Reaching safepoint: 103639 ns, At safepoint: 9334 ns, Total: 112973 ns
[2024-03-01T01:33:35.896+0000][7][safepoint   ] Safepoint "Cleanup", Time since last: 6000918094 ns, Reaching safepoint: 216785 ns, At safepoint: 5319 ns, Total: 222104 ns
[2024-03-01T01:33:38.897+0000][7][safepoint   ] Safepoint "Cleanup", Time since last: 3000547272 ns, Reaching safepoint: 67740 ns, At safepoint: 7528 ns, Total: 75268 ns
[2024-03-01T01:33:44.897+0000][7][safepoint   ] Safepoint "Cleanup", Time since last: 6000556603 ns, Reaching safepoint: 164932 ns, At safepoint: 5845 ns, Total: 170777 ns
[2024-03-01T01:33:53.898+0000][7][safepoint   ] Safepoint "Cleanup", Time since last: 9001048818 ns, Reaching safepoint: 102108 ns, At safepoint: 7873 ns, Total: 109981 ns
[2024-03-01T01:34:00.900+0000][7][safepoint   ] Safepoint "Cleanup", Time since last: 7001103962 ns, Reaching safepoint: 59687 ns, At safepoint: 7417 ns, Total: 67104 ns
[2024-03-01T01:34:05.857+0000][7][gc,start    ] GC(31) Pause Young (Normal) (G1 Evacuation Pause)
[2024-03-01T01:34:05.857+0000][7][gc,task     ] GC(31) Using 8 workers of 8 for evacuation
[2024-03-01T01:34:05.857+0000][7][gc,age      ] GC(31) Desired survivor size 41943040 bytes, new threshold 15 (max threshold 15)
[2024-03-01T01:34:05.866+0000][7][gc,phases   ] GC(31)   Pre Evacuate Collection Set: 0.1ms
[2024-03-01T01:34:05.866+0000][7][gc,phases   ] GC(31)   Merge Heap Roots: 0.1ms
[2024-03-01T01:34:05.866+0000][7][gc,phases   ] GC(31)   Evacuate Collection Set: 7.8ms
[2024-03-01T01:34:05.866+0000][7][gc,phases   ] GC(31)   Post Evacuate Collection Set: 0.9ms
[2024-03-01T01:34:05.866+0000][7][gc,phases   ] GC(31)   Other: 0.1ms
[2024-03-01T01:34:05.866+0000][7][gc,age      ] GC(31) Age table with threshold 15 (max threshold 15)
[2024-03-01T01:34:05.866+0000][7][gc,age      ] GC(31) - age   1:     756016 bytes,     756016 total
[2024-03-01T01:34:05.866+0000][7][gc,age      ] GC(31) - age   2:     555216 bytes,    1311232 total
[2024-03-01T01:34:05.866+0000][7][gc,age      ] GC(31) - age   3:      13456 bytes,    1324688 total
[2024-03-01T01:34:05.866+0000][7][gc,age      ] GC(31) - age   4:       4728 bytes,    1329416 total
[2024-03-01T01:34:05.866+0000][7][gc,age      ] GC(31) - age   5:       9168 bytes,    1338584 total
[2024-03-01T01:34:05.866+0000][7][gc,age      ] GC(31) - age   6:       7816 bytes,    1346400 total
[2024-03-01T01:34:05.866+0000][7][gc,age      ] GC(31) - age   7:      15960 bytes,    1362360 total
[2024-03-01T01:34:05.866+0000][7][gc,age      ] GC(31) - age   8:       9144 bytes,    1371504 total
[2024-03-01T01:34:05.866+0000][7][gc,age      ] GC(31) - age   9:      16224 bytes,    1387728 total
[2024-03-01T01:34:05.866+0000][7][gc,age      ] GC(31) - age  10:      16704 bytes,    1404432 total
[2024-03-01T01:34:05.866+0000][7][gc,age      ] GC(31) - age  11:     110768 bytes,    1515200 total
[2024-03-01T01:34:05.867+0000][7][gc,age      ] GC(31) - age  12:     157288 bytes,    1672488 total
[2024-03-01T01:34:05.867+0000][7][gc,age      ] GC(31) - age  13:     136776 bytes,    1809264 total
[2024-03-01T01:34:05.867+0000][7][gc,age      ] GC(31) - age  14:    2865760 bytes,    4675024 total
[2024-03-01T01:34:05.867+0000][7][gc,age      ] GC(31) - age  15:        496 bytes,    4675520 total
[2024-03-01T01:34:05.867+0000][7][gc,heap     ] GC(31) Eden regions: 151->0(151)
[2024-03-01T01:34:05.867+0000][7][gc,heap     ] GC(31) Survivor regions: 2->2(20)
[2024-03-01T01:34:05.867+0000][7][gc,heap     ] GC(31) Old regions: 21->21
[2024-03-01T01:34:05.867+0000][7][gc,heap     ] GC(31) Archive regions: 2->2
[2024-03-01T01:34:05.867+0000][7][gc,heap     ] GC(31) Humongous regions: 0->0
[2024-03-01T01:34:05.867+0000][7][gc,metaspace] GC(31) Metaspace: 124777K(128064K)->124777K(128064K) NonClass: 108436K(110144K)->108436K(110144K) Class: 16341K(17920K)->16341K(17920K)
[2024-03-01T01:34:05.867+0000][7][gc          ] GC(31) Pause Young (Normal) (G1 Evacuation Pause) 695M->90M(1024M) 9.402ms
[2024-03-01T01:34:05.867+0000][7][gc,cpu      ] GC(31) User=0.03s Sys=0.01s Real=0.00s
[2024-03-01T01:34:05.867+0000][7][safepoint   ] Safepoint "G1CollectForAllocation", Time since last: 4957480751 ns, Reaching safepoint: 63986 ns, At safepoint: 9494967 ns, Total: 9558953 ns
[2024-03-01T01:34:09.867+0000][7][safepoint   ] Safepoint "Cleanup", Time since last: 4000548271 ns, Reaching safepoint: 134982 ns, At safepoint: 10438 ns, Total: 145420 ns
[2024-03-01T01:34:18.869+0000][7][safepoint   ] Safepoint "Cleanup", Time since last: 9001216141 ns, Reaching safepoint: 137400 ns, At safepoint: 16467 ns, Total: 153867 ns
[2024-03-01T01:34:19.869+0000][7][safepoint   ] Safepoint "Cleanup", Time since last: 1000145617 ns, Reaching safepoint: 70493 ns, At safepoint: 7477 ns, Total: 77970 ns
[2024-03-01T01:34:21.869+0000][7][safepoint   ] Safepoint "Cleanup", Time since last: 2000237426 ns, Reaching safepoint: 75451 ns, At safepoint: 16804 ns, Total: 92255 ns
[2024-03-01T01:34:23.870+0000][7][safepoint   ] Safepoint "Cleanup", Time since last: 2000354183 ns, Reaching safepoint: 71769 ns, At safepoint: 8732 ns, Total: 80501 ns
[2024-03-01T01:34:26.870+0000][7][safepoint   ] Safepoint "Cleanup", Time since last: 3000568513 ns, Reaching safepoint: 103830 ns, At safepoint: 7361 ns, Total: 111191 ns
[2024-03-01T01:34:31.871+0000][7][safepoint   ] Safepoint "Cleanup", Time since last: 5000756875 ns, Reaching safepoint: 99202 ns, At safepoint: 19961 ns, Total: 119163 ns
[2024-03-01T01:34:36.872+0000][7][safepoint   ] Safepoint "Cleanup", Time since last: 5000442577 ns, Reaching safepoint: 98183 ns, At safepoint: 5630 ns, Total: 103813 ns
[2024-03-01T01:34:38.872+0000][7][safepoint   ] Safepoint "Cleanup", Time since last: 2000296514 ns, Reaching safepoint: 78873 ns, At safepoint: 22620 ns, Total: 101493 ns
[2024-03-01T01:34:45.873+0000][7][safepoint   ] Safepoint "Cleanup", Time since last: 7000933411 ns, Reaching safepoint: 80528 ns, At safepoint: 6808 ns, Total: 87336 ns
[2024-03-01T01:34:51.874+0000][7][safepoint   ] Safepoint "Cleanup", Time since last: 6000750999 ns, Reaching safepoint: 111867 ns, At safepoint: 7805 ns, Total: 119672 ns
[2024-03-01T01:34:53.875+0000][7][safepoint   ] Safepoint "Cleanup", Time since last: 2000345560 ns, Reaching safepoint: 82465 ns, At safepoint: 8681 ns, Total: 91146 ns
[2024-03-01T01:34:57.875+0000][7][safepoint   ] Safepoint "Cleanup", Time since last: 4000704562 ns, Reaching safepoint: 108355 ns, At safepoint: 7641 ns, Total: 115996 ns
[2024-03-01T01:34:58.876+0000][7][safepoint   ] Safepoint "Cleanup", Time since last: 1000209385 ns, Reaching safepoint: 73320 ns, At safepoint: 8354 ns, Total: 81674 ns
[2024-03-01T01:34:59.876+0000][7][safepoint   ] Safepoint "Cleanup", Time since last: 1000204426 ns, Reaching safepoint: 80092 ns, At safepoint: 13386 ns, Total: 93478 ns
[2024-03-01T01:35:10.878+0000][7][safepoint   ] Safepoint "Cleanup", Time since last: 11001541953 ns, Reaching safepoint: 62197 ns, At safepoint: 8089 ns, Total: 70286 ns
[2024-03-01T01:35:15.878+0000][7][safepoint   ] Safepoint "Cleanup", Time since last: 5000565504 ns, Reaching safepoint: 82179 ns, At safepoint: 7367 ns, Total: 89546 ns
[2024-03-01T01:35:16.879+0000][7][safepoint   ] Safepoint "Cleanup", Time since last: 1000269703 ns, Reaching safepoint: 64433 ns, At safepoint: 9999 ns, Total: 74432 ns
[2024-03-01T01:35:17.879+0000][7][safepoint   ] Safepoint "Cleanup", Time since last: 1000150700 ns, Reaching safepoint: 69977 ns, At safepoint: 7981 ns, Total: 77958 ns
[2024-03-01T01:35:29.880+0000][7][safepoint   ] Safepoint "Cleanup", Time since last: 12001492608 ns, Reaching safepoint: 99296 ns, At safepoint: 7029 ns, Total: 106325 ns
[2024-03-01T01:35:33.881+0000][7][safepoint   ] Safepoint "Cleanup", Time since last: 4000436799 ns, Reaching safepoint: 87080 ns, At safepoint: 11443 ns, Total: 98523 ns
[2024-03-01T01:35:41.882+0000][7][safepoint   ] Safepoint "Cleanup", Time since last: 8000774059 ns, Reaching safepoint: 73401 ns, At safepoint: 11667 ns, Total: 85068 ns
[2024-03-01T01:35:44.857+0000][7][safepoint   ] Safepoint "Cleanup", Time since last: 2975068516 ns, Reaching safepoint: 69347 ns, At safepoint: 6334 ns, Total: 75681 ns
[2024-03-01T01:35:45.897+0000][7][safepoint   ] Safepoint "Cleanup", Time since last: 1040398328 ns, Reaching safepoint: 150507 ns, At safepoint: 19993 ns, Total: 170500 ns
[2024-03-01T01:35:53.899+0000][7][safepoint   ] Safepoint "Cleanup", Time since last: 8001040624 ns, Reaching safepoint: 92274 ns, At safepoint: 8263 ns, Total: 100537 ns
[2024-03-01T01:36:08.901+0000][7][safepoint   ] Safepoint "Cleanup", Time since last: 15001789012 ns, Reaching safepoint: 131496 ns, At safepoint: 21036 ns, Total: 152532 ns
[2024-03-01T01:36:12.901+0000][7][safepoint   ] Safepoint "Cleanup", Time since last: 4000372318 ns, Reaching safepoint: 53744 ns, At safepoint: 6498 ns, Total: 60242 ns
[2024-03-01T01:36:20.902+0000][7][safepoint   ] Safepoint "Cleanup", Time since last: 8001110158 ns, Reaching safepoint: 128070 ns, At safepoint: 11836 ns, Total: 139906 ns
[2024-03-01T01:36:23.903+0000][7][safepoint   ] Safepoint "Cleanup", Time since last: 3000533476 ns, Reaching safepoint: 486210 ns, At safepoint: 15269 ns, Total: 501479 ns
[2024-03-01T01:36:26.904+0000][7][safepoint   ] Safepoint "Cleanup", Time since last: 3000515004 ns, Reaching safepoint: 63342 ns, At safepoint: 6009 ns, Total: 69351 ns
[2024-03-01T01:36:45.056+0000][7][safepoint   ] Safepoint "Cleanup", Time since last: 18152283342 ns, Reaching safepoint: 73472 ns, At safepoint: 8557 ns, Total: 82029 ns
[2024-03-01T01:36:54.057+0000][7][safepoint   ] Safepoint "Cleanup", Time since last: 9001123703 ns, Reaching safepoint: 100536 ns, At safepoint: 11031 ns, Total: 111567 ns
[2024-03-01T01:36:58.058+0000][7][safepoint   ] Safepoint "Cleanup", Time since last: 4000702264 ns, Reaching safepoint: 81158 ns, At safepoint: 45802 ns, Total: 126960 ns
[2024-03-01T01:37:14.061+0000][7][safepoint   ] Safepoint "Cleanup", Time since last: 16002259468 ns, Reaching safepoint: 115870 ns, At safepoint: 13810 ns, Total: 129680 ns
[2024-03-01T01:37:15.061+0000][7][safepoint   ] Safepoint "Cleanup", Time since last: 1000131956 ns, Reaching safepoint: 47430 ns, At safepoint: 4256 ns, Total: 51686 ns
[2024-03-01T01:37:21.062+0000][7][safepoint   ] Safepoint "Cleanup", Time since last: 6001012831 ns, Reaching safepoint: 97397 ns, At safepoint: 11344 ns, Total: 108741 ns
[2024-03-01T01:37:24.063+0000][7][safepoint   ] Safepoint "Cleanup", Time since last: 3000599938 ns, Reaching safepoint: 109342 ns, At safepoint: 15304 ns, Total: 124646 ns
[2024-03-01T01:37:26.880+0000][7][gc,start    ] GC(32) Pause Young (Normal) (G1 Evacuation Pause)
[2024-03-01T01:37:26.880+0000][7][gc,task     ] GC(32) Using 8 workers of 8 for evacuation
[2024-03-01T01:37:26.880+0000][7][gc,age      ] GC(32) Desired survivor size 41943040 bytes, new threshold 15 (max threshold 15)
[2024-03-01T01:37:26.888+0000][7][gc,phases   ] GC(32)   Pre Evacuate Collection Set: 0.1ms
[2024-03-01T01:37:26.888+0000][7][gc,phases   ] GC(32)   Merge Heap Roots: 0.1ms
[2024-03-01T01:37:26.888+0000][7][gc,phases   ] GC(32)   Evacuate Collection Set: 7.1ms
[2024-03-01T01:37:26.888+0000][7][gc,phases   ] GC(32)   Post Evacuate Collection Set: 1.0ms
[2024-03-01T01:37:26.888+0000][7][gc,phases   ] GC(32)   Other: 0.1ms
[2024-03-01T01:37:26.888+0000][7][gc,age      ] GC(32) Age table with threshold 15 (max threshold 15)
[2024-03-01T01:37:26.888+0000][7][gc,age      ] GC(32) - age   1:     778656 bytes,     778656 total
[2024-03-01T01:37:26.888+0000][7][gc,age      ] GC(32) - age   2:      15264 bytes,     793920 total
[2024-03-01T01:37:26.888+0000][7][gc,age      ] GC(32) - age   3:     476040 bytes,    1269960 total
[2024-03-01T01:37:26.888+0000][7][gc,age      ] GC(32) - age   4:      12880 bytes,    1282840 total
[2024-03-01T01:37:26.888+0000][7][gc,age      ] GC(32) - age   5:       4600 bytes,    1287440 total
[2024-03-01T01:37:26.888+0000][7][gc,age      ] GC(32) - age   6:       8776 bytes,    1296216 total
[2024-03-01T01:37:26.888+0000][7][gc,age      ] GC(32) - age   7:       7816 bytes,    1304032 total
[2024-03-01T01:37:26.888+0000][7][gc,age      ] GC(32) - age   8:      15776 bytes,    1319808 total
[2024-03-01T01:37:26.888+0000][7][gc,age      ] GC(32) - age   9:       9144 bytes,    1328952 total
[2024-03-01T01:37:26.888+0000][7][gc,age      ] GC(32) - age  10:      16224 bytes,    1345176 total
[2024-03-01T01:37:26.888+0000][7][gc,age      ] GC(32) - age  11:      16704 bytes,    1361880 total
[2024-03-01T01:37:26.888+0000][7][gc,age      ] GC(32) - age  12:      96608 bytes,    1458488 total
[2024-03-01T01:37:26.888+0000][7][gc,age      ] GC(32) - age  13:     157256 bytes,    1615744 total
[2024-03-01T01:37:26.889+0000][7][gc,age      ] GC(32) - age  14:     135360 bytes,    1751104 total
[2024-03-01T01:37:26.889+0000][7][gc,age      ] GC(32) - age  15:    2865760 bytes,    4616864 total
[2024-03-01T01:37:26.889+0000][7][gc,heap     ] GC(32) Eden regions: 151->0(151)
[2024-03-01T01:37:26.889+0000][7][gc,heap     ] GC(32) Survivor regions: 2->2(20)
[2024-03-01T01:37:26.889+0000][7][gc,heap     ] GC(32) Old regions: 21->21
[2024-03-01T01:37:26.889+0000][7][gc,heap     ] GC(32) Archive regions: 2->2
[2024-03-01T01:37:26.889+0000][7][gc,heap     ] GC(32) Humongous regions: 0->0
[2024-03-01T01:37:26.889+0000][7][gc,metaspace] GC(32) Metaspace: 124825K(128128K)->124825K(128128K) NonClass: 108484K(110208K)->108484K(110208K) Class: 16341K(17920K)->16341K(17920K)
[2024-03-01T01:37:26.889+0000][7][gc          ] GC(32) Pause Young (Normal) (G1 Evacuation Pause) 694M->90M(1024M) 8.814ms
[2024-03-01T01:37:26.889+0000][7][gc,cpu      ] GC(32) User=0.04s Sys=0.00s Real=0.01s
[2024-03-01T01:37:26.889+0000][7][safepoint   ] Safepoint "G1CollectForAllocation", Time since last: 2816971711 ns, Reaching safepoint: 76843 ns, At safepoint: 8914484 ns, Total: 8991327 ns
[2024-03-01T01:37:53.892+0000][7][safepoint   ] Safepoint "Cleanup", Time since last: 27003083238 ns, Reaching safepoint: 66232 ns, At safepoint: 7368 ns, Total: 73600 ns
[2024-03-01T01:38:12.894+0000][7][safepoint   ] Safepoint "Cleanup", Time since last: 19002234190 ns, Reaching safepoint: 60328 ns, At safepoint: 5593 ns, Total: 65921 ns
[2024-03-01T01:38:15.895+0000][7][safepoint   ] Safepoint "Cleanup", Time since last: 3000554344 ns, Reaching safepoint: 76743 ns, At safepoint: 8420 ns, Total: 85163 ns
[2024-03-01T01:38:16.895+0000][7][safepoint   ] Safepoint "Cleanup", Time since last: 1000269466 ns, Reaching safepoint: 68155 ns, At safepoint: 10441 ns, Total: 78596 ns
[2024-03-01T01:38:21.896+0000][7][safepoint   ] Safepoint "Cleanup", Time since last: 5000853198 ns, Reaching safepoint: 104228 ns, At safepoint: 8860 ns, Total: 113088 ns
[2024-03-01T01:38:29.897+0000][7][safepoint   ] Safepoint "Cleanup", Time since last: 8000700826 ns, Reaching safepoint: 93845 ns, At safepoint: 11666 ns, Total: 105511 ns
[2024-03-01T01:38:33.897+0000][7][safepoint   ] Safepoint "Cleanup", Time since last: 4000383086 ns, Reaching safepoint: 113408 ns, At safepoint: 7873 ns, Total: 121281 ns
[2024-03-01T01:38:34.898+0000][7][safepoint   ] Safepoint "Cleanup", Time since last: 1000143128 ns, Reaching safepoint: 144071 ns, At safepoint: 7003 ns, Total: 151074 ns
[2024-03-01T01:38:49.900+0000][7][safepoint   ] Safepoint "Cleanup", Time since last: 15002036492 ns, Reaching safepoint: 79956 ns, At safepoint: 5718 ns, Total: 85674 ns
[2024-03-01T01:38:50.900+0000][7][safepoint   ] Safepoint "Cleanup", Time since last: 1000129683 ns, Reaching safepoint: 73990 ns, At safepoint: 19791 ns, Total: 93781 ns
[2024-03-01T01:38:53.901+0000][7][safepoint   ] Safepoint "Cleanup", Time since last: 3000580842 ns, Reaching safepoint: 62430 ns, At safepoint: 4879 ns, Total: 67309 ns
[2024-03-01T01:39:01.902+0000][7][safepoint   ] Safepoint "Cleanup", Time since last: 8000737999 ns, Reaching safepoint: 88086 ns, At safepoint: 7997 ns, Total: 96083 ns
[2024-03-01T01:39:02.902+0000][7][safepoint   ] Safepoint "Cleanup", Time since last: 1000130000 ns, Reaching safepoint: 61555 ns, At safepoint: 7235 ns, Total: 68790 ns
[2024-03-01T01:39:07.902+0000][7][safepoint   ] Safepoint "Cleanup", Time since last: 5000529883 ns, Reaching safepoint: 90578 ns, At safepoint: 4519 ns, Total: 95097 ns
[2024-03-01T01:39:08.903+0000][7][safepoint   ] Safepoint "Cleanup", Time since last: 1000103092 ns, Reaching safepoint: 45531 ns, At safepoint: 4995 ns, Total: 50526 ns
[2024-03-01T01:39:09.903+0000][7][safepoint   ] Safepoint "Cleanup", Time since last: 1000135486 ns, Reaching safepoint: 67074 ns, At safepoint: 5287 ns, Total: 72361 ns
[2024-03-01T01:39:11.903+0000][7][safepoint   ] Safepoint "Cleanup", Time since last: 2000209271 ns, Reaching safepoint: 155104 ns, At safepoint: 6625 ns, Total: 161729 ns
[2024-03-01T01:39:26.905+0000][7][safepoint   ] Safepoint "Cleanup", Time since last: 15001362215 ns, Reaching safepoint: 118373 ns, At safepoint: 13162 ns, Total: 131535 ns
[2024-03-01T01:39:42.906+0000][7][safepoint   ] Safepoint "Cleanup", Time since last: 16001663390 ns, Reaching safepoint: 83275 ns, At safepoint: 9282 ns, Total: 92557 ns
[2024-03-01T01:39:53.908+0000][7][safepoint   ] Safepoint "Cleanup", Time since last: 11001604547 ns, Reaching safepoint: 89856 ns, At safepoint: 6879 ns, Total: 96735 ns
[2024-03-01T01:40:08.910+0000][7][safepoint   ] Safepoint "Cleanup", Time since last: 15001454567 ns, Reaching safepoint: 62620 ns, At safepoint: 9323 ns, Total: 71943 ns
[2024-03-01T01:40:17.911+0000][7][safepoint   ] Safepoint "Cleanup", Time since last: 9000797788 ns, Reaching safepoint: 137254 ns, At safepoint: 7069 ns, Total: 144323 ns
[2024-03-01T01:40:50.914+0000][7][safepoint   ] Safepoint "Cleanup", Time since last: 33003313040 ns, Reaching safepoint: 56404 ns, At safepoint: 11640 ns, Total: 68044 ns
[2024-03-01T01:41:08.907+0000][7][gc,start    ] GC(33) Pause Young (Normal) (G1 Evacuation Pause)
[2024-03-01T01:41:08.907+0000][7][gc,task     ] GC(33) Using 8 workers of 8 for evacuation
[2024-03-01T01:41:08.907+0000][7][gc,age      ] GC(33) Desired survivor size 41943040 bytes, new threshold 15 (max threshold 15)
[2024-03-01T01:41:08.915+0000][7][gc,phases   ] GC(33)   Pre Evacuate Collection Set: 0.1ms
[2024-03-01T01:41:08.915+0000][7][gc,phases   ] GC(33)   Merge Heap Roots: 0.1ms
[2024-03-01T01:41:08.915+0000][7][gc,phases   ] GC(33)   Evacuate Collection Set: 6.7ms
[2024-03-01T01:41:08.915+0000][7][gc,phases   ] GC(33)   Post Evacuate Collection Set: 1.0ms
[2024-03-01T01:41:08.915+0000][7][gc,phases   ] GC(33)   Other: 0.1ms
[2024-03-01T01:41:08.915+0000][7][gc,age      ] GC(33) Age table with threshold 15 (max threshold 15)
[2024-03-01T01:41:08.915+0000][7][gc,age      ] GC(33) - age   1:    1157960 bytes,    1157960 total
[2024-03-01T01:41:08.915+0000][7][gc,age      ] GC(33) - age   2:     129216 bytes,    1287176 total
[2024-03-01T01:41:08.915+0000][7][gc,age      ] GC(33) - age   3:      14208 bytes,    1301384 total
[2024-03-01T01:41:08.915+0000][7][gc,age      ] GC(33) - age   4:     475152 bytes,    1776536 total
[2024-03-01T01:41:08.915+0000][7][gc,age      ] GC(33) - age   5:      12880 bytes,    1789416 total
[2024-03-01T01:41:08.915+0000][7][gc,age      ] GC(33) - age   6:       4416 bytes,    1793832 total
[2024-03-01T01:41:08.915+0000][7][gc,age      ] GC(33) - age   7:       8776 bytes,    1802608 total
[2024-03-01T01:41:08.915+0000][7][gc,age      ] GC(33) - age   8:       7816 bytes,    1810424 total
[2024-03-01T01:41:08.915+0000][7][gc,age      ] GC(33) - age   9:      15776 bytes,    1826200 total
[2024-03-01T01:41:08.915+0000][7][gc,age      ] GC(33) - age  10:       9144 bytes,    1835344 total
[2024-03-01T01:41:08.915+0000][7][gc,age      ] GC(33) - age  11:      16224 bytes,    1851568 total
[2024-03-01T01:41:08.915+0000][7][gc,age      ] GC(33) - age  12:      16704 bytes,    1868272 total
[2024-03-01T01:41:08.915+0000][7][gc,age      ] GC(33) - age  13:      96608 bytes,    1964880 total
[2024-03-01T01:41:08.915+0000][7][gc,age      ] GC(33) - age  14:     157256 bytes,    2122136 total
[2024-03-01T01:41:08.915+0000][7][gc,age      ] GC(33) - age  15:     135360 bytes,    2257496 total
[2024-03-01T01:41:08.915+0000][7][gc,heap     ] GC(33) Eden regions: 151->0(152)
[2024-03-01T01:41:08.915+0000][7][gc,heap     ] GC(33) Survivor regions: 2->1(20)
[2024-03-01T01:41:08.915+0000][7][gc,heap     ] GC(33) Old regions: 21->22
[2024-03-01T01:41:08.915+0000][7][gc,heap     ] GC(33) Archive regions: 2->2
[2024-03-01T01:41:08.915+0000][7][gc,heap     ] GC(33) Humongous regions: 0->0
[2024-03-01T01:41:08.915+0000][7][gc,metaspace] GC(33) Metaspace: 124844K(128128K)->124844K(128128K) NonClass: 108501K(110208K)->108501K(110208K) Class: 16342K(17920K)->16342K(17920K)
[2024-03-01T01:41:08.915+0000][7][gc          ] GC(33) Pause Young (Normal) (G1 Evacuation Pause) 694M->91M(1024M) 8.305ms
[2024-03-01T01:41:08.916+0000][7][gc,cpu      ] GC(33) User=0.04s Sys=0.00s Real=0.01s
[2024-03-01T01:41:08.916+0000][7][safepoint   ] Safepoint "G1CollectForAllocation", Time since last: 17993162200 ns, Reaching safepoint: 80528 ns, At safepoint: 8410843 ns, Total: 8491371 ns
[2024-03-01T01:41:12.916+0000][7][safepoint   ] Safepoint "Cleanup", Time since last: 4000711025 ns, Reaching safepoint: 72070 ns, At safepoint: 5742 ns, Total: 77812 ns
[2024-03-01T01:41:13.917+0000][7][safepoint   ] Safepoint "Cleanup", Time since last: 1000128050 ns, Reaching safepoint: 55893 ns, At safepoint: 3355 ns, Total: 59248 ns
[2024-03-01T01:41:14.917+0000][7][safepoint   ] Safepoint "Cleanup", Time since last: 1000104687 ns, Reaching safepoint: 139621 ns, At safepoint: 7812 ns, Total: 147433 ns
[2024-03-01T01:41:32.918+0000][7][safepoint   ] Safepoint "Cleanup", Time since last: 18001540102 ns, Reaching safepoint: 157165 ns, At safepoint: 7682 ns, Total: 164847 ns
[2024-03-01T01:41:38.919+0000][7][safepoint   ] Safepoint "Cleanup", Time since last: 6000793335 ns, Reaching safepoint: 128786 ns, At safepoint: 6750 ns, Total: 135536 ns
[2024-03-01T01:41:42.920+0000][7][safepoint   ] Safepoint "Cleanup", Time since last: 4000505280 ns, Reaching safepoint: 87241 ns, At safepoint: 11140 ns, Total: 98381 ns
[2024-03-01T01:41:45.921+0000][7][safepoint   ] Safepoint "Cleanup", Time since last: 3000481547 ns, Reaching safepoint: 114207 ns, At safepoint: 10218 ns, Total: 124425 ns
[2024-03-01T01:41:53.921+0000][7][safepoint   ] Safepoint "Cleanup", Time since last: 8000779261 ns, Reaching safepoint: 85959 ns, At safepoint: 6647 ns, Total: 92606 ns
[2024-03-01T01:42:42.927+0000][7][safepoint   ] Safepoint "Cleanup", Time since last: 49005222882 ns, Reaching safepoint: 61163 ns, At safepoint: 8281 ns, Total: 69444 ns
[2024-03-01T01:42:44.927+0000][7][safepoint   ] Safepoint "Cleanup", Time since last: 2000295598 ns, Reaching safepoint: 81771 ns, At safepoint: 11358 ns, Total: 93129 ns
[2024-03-01T01:42:51.928+0000][7][safepoint   ] Safepoint "Cleanup", Time since last: 7001095327 ns, Reaching safepoint: 103859 ns, At safepoint: 6992 ns, Total: 110851 ns
[2024-03-01T01:42:53.929+0000][7][safepoint   ] Safepoint "Cleanup", Time since last: 2000337760 ns, Reaching safepoint: 102370 ns, At safepoint: 6899 ns, Total: 109269 ns
[2024-03-01T01:43:12.931+0000][7][safepoint   ] Safepoint "Cleanup", Time since last: 19001587330 ns, Reaching safepoint: 75360 ns, At safepoint: 35211 ns, Total: 110571 ns
[2024-03-01T01:43:20.932+0000][7][safepoint   ] Safepoint "Cleanup", Time since last: 8000839671 ns, Reaching safepoint: 191473 ns, At safepoint: 14815 ns, Total: 206288 ns
[2024-03-01T01:43:53.935+0000][7][safepoint   ] Safepoint "Cleanup", Time since last: 33003201045 ns, Reaching safepoint: 88871 ns, At safepoint: 6068 ns, Total: 94939 ns
[2024-03-01T01:44:12.937+0000][7][safepoint   ] Safepoint "Cleanup", Time since last: 19002154880 ns, Reaching safepoint: 70434 ns, At safepoint: 6803 ns, Total: 77237 ns
[2024-03-01T01:44:14.938+0000][7][safepoint   ] Safepoint "Cleanup", Time since last: 2000292406 ns, Reaching safepoint: 100414 ns, At safepoint: 16078 ns, Total: 116492 ns
[2024-03-01T01:44:20.938+0000][7][safepoint   ] Safepoint "Cleanup", Time since last: 6000621772 ns, Reaching safepoint: 67135 ns, At safepoint: 28594 ns, Total: 95729 ns
[2024-03-01T01:44:38.887+0000][7][gc,start    ] GC(34) Pause Young (Normal) (G1 Evacuation Pause)
[2024-03-01T01:44:38.887+0000][7][gc,task     ] GC(34) Using 8 workers of 8 for evacuation
[2024-03-01T01:44:38.887+0000][7][gc,age      ] GC(34) Desired survivor size 41943040 bytes, new threshold 15 (max threshold 15)
[2024-03-01T01:44:38.890+0000][7][gc,phases   ] GC(34)   Pre Evacuate Collection Set: 0.1ms
[2024-03-01T01:44:38.890+0000][7][gc,phases   ] GC(34)   Merge Heap Roots: 0.1ms
[2024-03-01T01:44:38.890+0000][7][gc,phases   ] GC(34)   Evacuate Collection Set: 2.3ms
[2024-03-01T01:44:38.890+0000][7][gc,phases   ] GC(34)   Post Evacuate Collection Set: 0.6ms
[2024-03-01T01:44:38.890+0000][7][gc,phases   ] GC(34)   Other: 0.1ms
[2024-03-01T01:44:38.890+0000][7][gc,age      ] GC(34) Age table with threshold 15 (max threshold 15)
[2024-03-01T01:44:38.890+0000][7][gc,age      ] GC(34) - age   1:    1085768 bytes,    1085768 total
[2024-03-01T01:44:38.890+0000][7][gc,age      ] GC(34) - age   2:       4280 bytes,    1090048 total
[2024-03-01T01:44:38.890+0000][7][gc,age      ] GC(34) - age   3:     127632 bytes,    1217680 total
[2024-03-01T01:44:38.890+0000][7][gc,age      ] GC(34) - age   4:       2016 bytes,    1219696 total
[2024-03-01T01:44:38.890+0000][7][gc,age      ] GC(34) - age   5:     475064 bytes,    1694760 total
[2024-03-01T01:44:38.890+0000][7][gc,age      ] GC(34) - age   6:      12640 bytes,    1707400 total
[2024-03-01T01:44:38.890+0000][7][gc,age      ] GC(34) - age   7:       4416 bytes,    1711816 total
[2024-03-01T01:44:38.890+0000][7][gc,age      ] GC(34) - age   8:       8744 bytes,    1720560 total
[2024-03-01T01:44:38.890+0000][7][gc,age      ] GC(34) - age   9:       7816 bytes,    1728376 total
[2024-03-01T01:44:38.890+0000][7][gc,age      ] GC(34) - age  10:      15776 bytes,    1744152 total
[2024-03-01T01:44:38.890+0000][7][gc,age      ] GC(34) - age  11:       9144 bytes,    1753296 total
[2024-03-01T01:44:38.890+0000][7][gc,age      ] GC(34) - age  12:      16224 bytes,    1769520 total
[2024-03-01T01:44:38.890+0000][7][gc,age      ] GC(34) - age  13:      16704 bytes,    1786224 total
[2024-03-01T01:44:38.890+0000][7][gc,age      ] GC(34) - age  14:      96608 bytes,    1882832 total
[2024-03-01T01:44:38.890+0000][7][gc,age      ] GC(34) - age  15:     157256 bytes,    2040088 total
[2024-03-01T01:44:38.890+0000][7][gc,heap     ] GC(34) Eden regions: 152->0(152)
[2024-03-01T01:44:38.890+0000][7][gc,heap     ] GC(34) Survivor regions: 1->1(20)
[2024-03-01T01:44:38.890+0000][7][gc,heap     ] GC(34) Old regions: 22->22
[2024-03-01T01:44:38.890+0000][7][gc,heap     ] GC(34) Archive regions: 2->2
[2024-03-01T01:44:38.890+0000][7][gc,heap     ] GC(34) Humongous regions: 0->0
[2024-03-01T01:44:38.890+0000][7][gc,metaspace] GC(34) Metaspace: 124900K(128192K)->124900K(128192K) NonClass: 108555K(110272K)->108555K(110272K) Class: 16344K(17920K)->16344K(17920K)
[2024-03-01T01:44:38.890+0000][7][gc          ] GC(34) Pause Young (Normal) (G1 Evacuation Pause) 699M->90M(1024M) 3.302ms
[2024-03-01T01:44:38.890+0000][7][gc,cpu      ] GC(34) User=0.02s Sys=0.00s Real=0.01s
[2024-03-01T01:44:38.890+0000][7][safepoint   ] Safepoint "G1CollectForAllocation", Time since last: 17948521728 ns, Reaching safepoint: 34204 ns, At safepoint: 3405889 ns, Total: 3440093 ns
[2024-03-01T01:44:42.891+0000][7][safepoint   ] Safepoint "Cleanup", Time since last: 4000630570 ns, Reaching safepoint: 57999 ns, At safepoint: 7494 ns, Total: 65493 ns
[2024-03-01T01:44:51.892+0000][7][safepoint   ] Safepoint "Cleanup", Time since last: 9001233377 ns, Reaching safepoint: 66053 ns, At safepoint: 3875 ns, Total: 69928 ns
[2024-03-01T01:44:53.893+0000][7][safepoint   ] Safepoint "Cleanup", Time since last: 2000304006 ns, Reaching safepoint: 96022 ns, At safepoint: 6645 ns, Total: 102667 ns
[2024-03-01T01:44:57.893+0000][7][safepoint   ] Safepoint "Cleanup", Time since last: 4000355009 ns, Reaching safepoint: 101114 ns, At safepoint: 7818 ns, Total: 108932 ns
[2024-03-01T01:45:12.895+0000][7][safepoint   ] Safepoint "Cleanup", Time since last: 15001452720 ns, Reaching safepoint: 78945 ns, At safepoint: 36889 ns, Total: 115834 ns
[2024-03-01T01:45:33.897+0000][7][safepoint   ] Safepoint "Cleanup", Time since last: 21002193340 ns, Reaching safepoint: 82838 ns, At safepoint: 7912 ns, Total: 90750 ns
[2024-03-01T01:45:57.900+0000][7][safepoint   ] Safepoint "Cleanup", Time since last: 24003103065 ns, Reaching safepoint: 112972 ns, At safepoint: 13256 ns, Total: 126228 ns
[2024-03-01T01:46:02.901+0000][7][safepoint   ] Safepoint "Cleanup", Time since last: 5000693572 ns, Reaching safepoint: 52938 ns, At safepoint: 5870 ns, Total: 58808 ns
[2024-03-01T01:46:03.901+0000][7][safepoint   ] Safepoint "Cleanup", Time since last: 1000160418 ns, Reaching safepoint: 117677 ns, At safepoint: 18730 ns, Total: 136407 ns
[2024-03-01T01:46:09.902+0000][7][safepoint   ] Safepoint "Cleanup", Time since last: 6000756603 ns, Reaching safepoint: 182276 ns, At safepoint: 5707 ns, Total: 187983 ns
[2024-03-01T01:46:12.903+0000][7][safepoint   ] Safepoint "Cleanup", Time since last: 3000329009 ns, Reaching safepoint: 84459 ns, At safepoint: 8437 ns, Total: 92896 ns
[2024-03-01T01:46:27.904+0000][7][safepoint   ] Safepoint "Cleanup", Time since last: 15001745101 ns, Reaching safepoint: 79873 ns, At safepoint: 42877 ns, Total: 122750 ns
[2024-03-01T01:46:41.906+0000][7][safepoint   ] Safepoint "Cleanup", Time since last: 14001656101 ns, Reaching safepoint: 69743 ns, At safepoint: 7704 ns, Total: 77447 ns
[2024-03-01T01:46:50.907+0000][7][safepoint   ] Safepoint "Cleanup", Time since last: 9001214277 ns, Reaching safepoint: 117503 ns, At safepoint: 10108 ns, Total: 127611 ns
[2024-03-01T01:46:51.908+0000][7][safepoint   ] Safepoint "Cleanup", Time since last: 1000255416 ns, Reaching safepoint: 91533 ns, At safepoint: 8797 ns, Total: 100330 ns
[2024-03-01T01:46:53.908+0000][7][safepoint   ] Safepoint "Cleanup", Time since last: 2000303290 ns, Reaching safepoint: 92794 ns, At safepoint: 6023 ns, Total: 98817 ns
[2024-03-01T01:47:02.909+0000][7][safepoint   ] Safepoint "Cleanup", Time since last: 9000932557 ns, Reaching safepoint: 139344 ns, At safepoint: 16171 ns, Total: 155515 ns
[2024-03-01T01:47:03.910+0000][7][safepoint   ] Safepoint "Cleanup", Time since last: 1000214145 ns, Reaching safepoint: 73509 ns, At safepoint: 9094 ns, Total: 82603 ns
[2024-03-01T01:47:12.911+0000][7][safepoint   ] Safepoint "Cleanup", Time since last: 9001103752 ns, Reaching safepoint: 48622 ns, At safepoint: 4375 ns, Total: 52997 ns
[2024-03-01T01:47:21.912+0000][7][safepoint   ] Safepoint "Cleanup", Time since last: 9001388276 ns, Reaching safepoint: 79807 ns, At safepoint: 15672 ns, Total: 95479 ns
[2024-03-01T01:47:24.913+0000][7][safepoint   ] Safepoint "Cleanup", Time since last: 3000522460 ns, Reaching safepoint: 106081 ns, At safepoint: 19734 ns, Total: 125815 ns
[2024-03-01T01:47:53.917+0000][7][safepoint   ] Safepoint "Cleanup", Time since last: 29003860293 ns, Reaching safepoint: 103044 ns, At safepoint: 10673 ns, Total: 113717 ns
[2024-03-01T01:48:06.918+0000][7][safepoint   ] Safepoint "Cleanup", Time since last: 13001346271 ns, Reaching safepoint: 113668 ns, At safepoint: 8019 ns, Total: 121687 ns
[2024-03-01T01:48:08.919+0000][7][safepoint   ] Safepoint "Cleanup", Time since last: 2000384477 ns, Reaching safepoint: 153941 ns, At safepoint: 10691 ns, Total: 164632 ns
[2024-03-01T01:48:09.524+0000][7][gc,start    ] GC(35) Pause Young (Normal) (G1 Evacuation Pause)
[2024-03-01T01:48:09.524+0000][7][gc,task     ] GC(35) Using 8 workers of 8 for evacuation
[2024-03-01T01:48:09.524+0000][7][gc,age      ] GC(35) Desired survivor size 41943040 bytes, new threshold 15 (max threshold 15)
[2024-03-01T01:48:09.528+0000][7][gc,phases   ] GC(35)   Pre Evacuate Collection Set: 0.1ms
[2024-03-01T01:48:09.528+0000][7][gc,phases   ] GC(35)   Merge Heap Roots: 0.1ms
[2024-03-01T01:48:09.528+0000][7][gc,phases   ] GC(35)   Evacuate Collection Set: 2.7ms
[2024-03-01T01:48:09.528+0000][7][gc,phases   ] GC(35)   Post Evacuate Collection Set: 0.7ms
[2024-03-01T01:48:09.528+0000][7][gc,phases   ] GC(35)   Other: 0.1ms
[2024-03-01T01:48:09.528+0000][7][gc,age      ] GC(35) Age table with threshold 15 (max threshold 15)
[2024-03-01T01:48:09.528+0000][7][gc,age      ] GC(35) - age   1:    1460640 bytes,    1460640 total
[2024-03-01T01:48:09.528+0000][7][gc,age      ] GC(35) - age   2:      11832 bytes,    1472472 total
[2024-03-01T01:48:09.528+0000][7][gc,age      ] GC(35) - age   3:       2512 bytes,    1474984 total
[2024-03-01T01:48:09.528+0000][7][gc,age      ] GC(35) - age   4:     127504 bytes,    1602488 total
[2024-03-01T01:48:09.528+0000][7][gc,age      ] GC(35) - age   5:       2016 bytes,    1604504 total
[2024-03-01T01:48:09.528+0000][7][gc,age      ] GC(35) - age   6:     410936 bytes,    2015440 total
[2024-03-01T01:48:09.528+0000][7][gc,age      ] GC(35) - age   7:       7400 bytes,    2022840 total
[2024-03-01T01:48:09.528+0000][7][gc,age      ] GC(35) - age   8:       4032 bytes,    2026872 total
[2024-03-01T01:48:09.528+0000][7][gc,age      ] GC(35) - age   9:       8744 bytes,    2035616 total
[2024-03-01T01:48:09.528+0000][7][gc,age      ] GC(35) - age  10:       7816 bytes,    2043432 total
[2024-03-01T01:48:09.528+0000][7][gc,age      ] GC(35) - age  11:      15776 bytes,    2059208 total
[2024-03-01T01:48:09.528+0000][7][gc,age      ] GC(35) - age  12:       9144 bytes,    2068352 total
[2024-03-01T01:48:09.528+0000][7][gc,age      ] GC(35) - age  13:      16224 bytes,    2084576 total
[2024-03-01T01:48:09.528+0000][7][gc,age      ] GC(35) - age  14:      16704 bytes,    2101280 total
[2024-03-01T01:48:09.528+0000][7][gc,age      ] GC(35) - age  15:      96608 bytes,    2197888 total
[2024-03-01T01:48:09.528+0000][7][gc,heap     ] GC(35) Eden regions: 152->0(152)
[2024-03-01T01:48:09.528+0000][7][gc,heap     ] GC(35) Survivor regions: 1->1(20)
[2024-03-01T01:48:09.528+0000][7][gc,heap     ] GC(35) Old regions: 22->22
[2024-03-01T01:48:09.528+0000][7][gc,heap     ] GC(35) Archive regions: 2->2
[2024-03-01T01:48:09.528+0000][7][gc,heap     ] GC(35) Humongous regions: 0->0
[2024-03-01T01:48:09.528+0000][7][gc,metaspace] GC(35) Metaspace: 124980K(128256K)->124980K(128256K) NonClass: 108622K(110336K)->108622K(110336K) Class: 16358K(17920K)->16358K(17920K)
[2024-03-01T01:48:09.528+0000][7][gc          ] GC(35) Pause Young (Normal) (G1 Evacuation Pause) 698M->91M(1024M) 3.955ms
[2024-03-01T01:48:09.528+0000][7][gc,cpu      ] GC(35) User=0.02s Sys=0.00s Real=0.00s
[2024-03-01T01:48:09.528+0000][7][safepoint   ] Safepoint "G1CollectForAllocation", Time since last: 605206433 ns, Reaching safepoint: 32642 ns, At safepoint: 4042887 ns, Total: 4075529 ns
[2024-03-01T01:48:39.532+0000][7][safepoint   ] Safepoint "Cleanup", Time since last: 30003572867 ns, Reaching safepoint: 73129 ns, At safepoint: 33351 ns, Total: 106480 ns
[2024-03-01T01:48:54.534+0000][7][safepoint   ] Safepoint "Cleanup", Time since last: 15001565156 ns, Reaching safepoint: 99384 ns, At safepoint: 8469 ns, Total: 107853 ns
[2024-03-01T01:49:12.536+0000][7][safepoint   ] Safepoint "Cleanup", Time since last: 18002367549 ns, Reaching safepoint: 104438 ns, At safepoint: 7694 ns, Total: 112132 ns
[2024-03-01T01:49:15.537+0000][7][safepoint   ] Safepoint "Cleanup", Time since last: 3000604404 ns, Reaching safepoint: 110926 ns, At safepoint: 9778 ns, Total: 120704 ns
[2024-03-01T01:49:18.537+0000][7][safepoint   ] Safepoint "Cleanup", Time since last: 3000342801 ns, Reaching safepoint: 122192 ns, At safepoint: 9524 ns, Total: 131716 ns
[2024-03-01T01:49:30.539+0000][7][safepoint   ] Safepoint "Cleanup", Time since last: 12001572034 ns, Reaching safepoint: 102657 ns, At safepoint: 7784 ns, Total: 110441 ns
[2024-03-01T01:50:03.544+0000][7][safepoint   ] Safepoint "Cleanup", Time since last: 33004670182 ns, Reaching safepoint: 119771 ns, At safepoint: 7014 ns, Total: 126785 ns
[2024-03-01T01:50:04.544+0000][7][safepoint   ] Safepoint "Cleanup", Time since last: 1000216924 ns, Reaching safepoint: 71652 ns, At safepoint: 9912 ns, Total: 81564 ns
[2024-03-01T01:50:12.545+0000][7][safepoint   ] Safepoint "Cleanup", Time since last: 8001045058 ns, Reaching safepoint: 74740 ns, At safepoint: 6129 ns, Total: 80869 ns
[2024-03-01T01:50:22.390+0000][7][safepoint   ] Safepoint "Cleanup", Time since last: 9845078829 ns, Reaching safepoint: 81739 ns, At safepoint: 8232 ns, Total: 89971 ns
[2024-03-01T01:50:27.391+0000][7][safepoint   ] Safepoint "Cleanup", Time since last: 5000909675 ns, Reaching safepoint: 127250 ns, At safepoint: 17182 ns, Total: 144432 ns
[2024-03-01T01:50:33.392+0000][7][safepoint   ] Safepoint "Cleanup", Time since last: 6000947728 ns, Reaching safepoint: 101246 ns, At safepoint: 8355 ns, Total: 109601 ns
[2024-03-01T01:50:45.394+0000][7][safepoint   ] Safepoint "Cleanup", Time since last: 12001361726 ns, Reaching safepoint: 90077 ns, At safepoint: 7316 ns, Total: 97393 ns
[2024-03-01T01:50:54.396+0000][7][safepoint   ] Safepoint "Cleanup", Time since last: 9001750314 ns, Reaching safepoint: 164285 ns, At safepoint: 11280 ns, Total: 175565 ns
[2024-03-01T01:51:12.398+0000][7][safepoint   ] Safepoint "Cleanup", Time since last: 18002035809 ns, Reaching safepoint: 125206 ns, At safepoint: 13623 ns, Total: 138829 ns
[2024-03-01T01:51:31.401+0000][7][safepoint   ] Safepoint "Cleanup", Time since last: 19002449808 ns, Reaching safepoint: 99303 ns, At safepoint: 12913 ns, Total: 112216 ns
[2024-03-01T01:51:41.402+0000][7][safepoint   ] Safepoint "Cleanup", Time since last: 10001220863 ns, Reaching safepoint: 100943 ns, At safepoint: 8236 ns, Total: 109179 ns
[2024-03-01T01:51:42.402+0000][7][safepoint   ] Safepoint "Cleanup", Time since last: 1000229166 ns, Reaching safepoint: 72824 ns, At safepoint: 13002 ns, Total: 85826 ns
[2024-03-01T01:51:51.915+0000][7][gc,start    ] GC(36) Pause Young (Normal) (G1 Evacuation Pause)
[2024-03-01T01:51:51.915+0000][7][gc,task     ] GC(36) Using 8 workers of 8 for evacuation
[2024-03-01T01:51:51.915+0000][7][gc,age      ] GC(36) Desired survivor size 41943040 bytes, new threshold 15 (max threshold 15)
[2024-03-01T01:51:51.919+0000][7][gc,phases   ] GC(36)   Pre Evacuate Collection Set: 0.1ms
[2024-03-01T01:51:51.919+0000][7][gc,phases   ] GC(36)   Merge Heap Roots: 0.1ms
[2024-03-01T01:51:51.919+0000][7][gc,phases   ] GC(36)   Evacuate Collection Set: 3.0ms
[2024-03-01T01:51:51.919+0000][7][gc,phases   ] GC(36)   Post Evacuate Collection Set: 0.9ms
[2024-03-01T01:51:51.919+0000][7][gc,phases   ] GC(36)   Other: 0.1ms
[2024-03-01T01:51:51.919+0000][7][gc,age      ] GC(36) Age table with threshold 15 (max threshold 15)
[2024-03-01T01:51:51.919+0000][7][gc,age      ] GC(36) - age   1:    1237016 bytes,    1237016 total
[2024-03-01T01:51:51.919+0000][7][gc,age      ] GC(36) - age   2:      28912 bytes,    1265928 total
[2024-03-01T01:51:51.919+0000][7][gc,age      ] GC(36) - age   3:       6296 bytes,    1272224 total
[2024-03-01T01:51:51.919+0000][7][gc,age      ] GC(36) - age   4:       2512 bytes,    1274736 total
[2024-03-01T01:51:51.919+0000][7][gc,age      ] GC(36) - age   5:     127112 bytes,    1401848 total
[2024-03-01T01:51:51.919+0000][7][gc,age      ] GC(36) - age   6:       2016 bytes,    1403864 total
[2024-03-01T01:51:51.919+0000][7][gc,age      ] GC(36) - age   7:     410936 bytes,    1814800 total
[2024-03-01T01:51:51.919+0000][7][gc,age      ] GC(36) - age   8:       7400 bytes,    1822200 total
[2024-03-01T01:51:51.919+0000][7][gc,age      ] GC(36) - age   9:       4032 bytes,    1826232 total
[2024-03-01T01:51:51.919+0000][7][gc,age      ] GC(36) - age  10:       8744 bytes,    1834976 total
[2024-03-01T01:51:51.919+0000][7][gc,age      ] GC(36) - age  11:       7816 bytes,    1842792 total
[2024-03-01T01:51:51.919+0000][7][gc,age      ] GC(36) - age  12:      15776 bytes,    1858568 total
[2024-03-01T01:51:51.919+0000][7][gc,age      ] GC(36) - age  13:       9144 bytes,    1867712 total
[2024-03-01T01:51:51.919+0000][7][gc,age      ] GC(36) - age  14:      16224 bytes,    1883936 total
[2024-03-01T01:51:51.919+0000][7][gc,age      ] GC(36) - age  15:      16704 bytes,    1900640 total
[2024-03-01T01:51:51.919+0000][7][gc,heap     ] GC(36) Eden regions: 152->0(152)
[2024-03-01T01:51:51.919+0000][7][gc,heap     ] GC(36) Survivor regions: 1->1(20)
[2024-03-01T01:51:51.919+0000][7][gc,heap     ] GC(36) Old regions: 22->22
[2024-03-01T01:51:51.919+0000][7][gc,heap     ] GC(36) Archive regions: 2->2
[2024-03-01T01:51:51.919+0000][7][gc,heap     ] GC(36) Humongous regions: 0->0
[2024-03-01T01:51:51.919+0000][7][gc,metaspace] GC(36) Metaspace: 125011K(128320K)->125011K(128320K) NonClass: 108652K(110400K)->108652K(110400K) Class: 16359K(17920K)->16359K(17920K)
[2024-03-01T01:51:51.920+0000][7][gc          ] GC(36) Pause Young (Normal) (G1 Evacuation Pause) 699M->91M(1024M) 4.641ms
[2024-03-01T01:51:51.920+0000][7][gc,cpu      ] GC(36) User=0.02s Sys=0.00s Real=0.01s
[2024-03-01T01:51:51.920+0000][7][safepoint   ] Safepoint "G1CollectForAllocation", Time since last: 9512589193 ns, Reaching safepoint: 75380 ns, At safepoint: 4740267 ns, Total: 4815647 ns
[2024-03-01T01:51:57.921+0000][7][safepoint   ] Safepoint "Cleanup", Time since last: 6000876649 ns, Reaching safepoint: 152534 ns, At safepoint: 11855 ns, Total: 164389 ns
[2024-03-01T01:51:59.921+0000][7][safepoint   ] Safepoint "Cleanup", Time since last: 2000203103 ns, Reaching safepoint: 62823 ns, At safepoint: 7996 ns, Total: 70819 ns
[2024-03-01T01:52:00.954+0000][7][safepoint   ] Safepoint "Cleanup", Time since last: 1033299813 ns, Reaching safepoint: 67312 ns, At safepoint: 7937 ns, Total: 75249 ns
[2024-03-01T01:52:01.955+0000][7][safepoint   ] Safepoint "Cleanup", Time since last: 1000273602 ns, Reaching safepoint: 91724 ns, At safepoint: 12358 ns, Total: 104082 ns
[2024-03-01T01:52:09.956+0000][7][safepoint   ] Safepoint "Cleanup", Time since last: 8001011873 ns, Reaching safepoint: 102118 ns, At safepoint: 9164 ns, Total: 111282 ns
[2024-03-01T01:52:17.957+0000][7][safepoint   ] Safepoint "Cleanup", Time since last: 8001049187 ns, Reaching safepoint: 58055 ns, At safepoint: 7158 ns, Total: 65213 ns
[2024-03-01T01:52:20.957+0000][7][safepoint   ] Safepoint "Cleanup", Time since last: 3000360566 ns, Reaching safepoint: 66919 ns, At safepoint: 5921 ns, Total: 72840 ns
[2024-03-01T01:52:24.958+0000][7][safepoint   ] Safepoint "Cleanup", Time since last: 4000423430 ns, Reaching safepoint: 64702 ns, At safepoint: 7690 ns, Total: 72392 ns
[2024-03-01T01:52:44.961+0000][7][safepoint   ] Safepoint "Cleanup", Time since last: 20003050218 ns, Reaching safepoint: 122722 ns, At safepoint: 33425 ns, Total: 156147 ns
[2024-03-01T01:52:52.962+0000][7][safepoint   ] Safepoint "Cleanup", Time since last: 8001180412 ns, Reaching safepoint: 111306 ns, At safepoint: 9375 ns, Total: 120681 ns
[2024-03-01T01:52:53.963+0000][7][safepoint   ] Safepoint "Cleanup", Time since last: 1000127064 ns, Reaching safepoint: 66908 ns, At safepoint: 4972 ns, Total: 71880 ns
[2024-03-01T01:52:56.963+0000][7][safepoint   ] Safepoint "Cleanup", Time since last: 3000501069 ns, Reaching safepoint: 78400 ns, At safepoint: 12764 ns, Total: 91164 ns
[2024-03-01T01:52:58.964+0000][7][safepoint   ] Safepoint "Cleanup", Time since last: 2000332857 ns, Reaching safepoint: 69763 ns, At safepoint: 6314 ns, Total: 76077 ns
[2024-03-01T01:53:02.964+0000][7][safepoint   ] Safepoint "Cleanup", Time since last: 4000567189 ns, Reaching safepoint: 109836 ns, At safepoint: 7420 ns, Total: 117256 ns
[2024-03-01T01:53:17.966+0000][7][safepoint   ] Safepoint "Cleanup", Time since last: 15001783773 ns, Reaching safepoint: 49047 ns, At safepoint: 6401 ns, Total: 55448 ns
[2024-03-01T01:53:18.966+0000][7][safepoint   ] Safepoint "Cleanup", Time since last: 1000139507 ns, Reaching safepoint: 230084 ns, At safepoint: 22613 ns, Total: 252697 ns
[2024-03-01T01:53:41.970+0000][7][safepoint   ] Safepoint "Cleanup", Time since last: 23003433212 ns, Reaching safepoint: 103281 ns, At safepoint: 12855 ns, Total: 116136 ns
[2024-03-01T01:53:42.970+0000][7][safepoint   ] Safepoint "Cleanup", Time since last: 1000151222 ns, Reaching safepoint: 79025 ns, At safepoint: 7186 ns, Total: 86211 ns
[2024-03-01T01:53:53.972+0000][7][safepoint   ] Safepoint "Cleanup", Time since last: 11001514469 ns, Reaching safepoint: 68869 ns, At safepoint: 8158 ns, Total: 77027 ns
[2024-03-01T01:54:09.974+0000][7][safepoint   ] Safepoint "Cleanup", Time since last: 16001710969 ns, Reaching safepoint: 75601 ns, At safepoint: 8005 ns, Total: 83606 ns
[2024-03-01T01:54:23.976+0000][7][safepoint   ] Safepoint "Cleanup", Time since last: 14002410772 ns, Reaching safepoint: 88464 ns, At safepoint: 15541 ns, Total: 104005 ns
[2024-03-01T01:54:29.977+0000][7][safepoint   ] Safepoint "Cleanup", Time since last: 6000777628 ns, Reaching safepoint: 55133 ns, At safepoint: 6434 ns, Total: 61567 ns
[2024-03-01T01:54:30.977+0000][7][safepoint   ] Safepoint "Cleanup", Time since last: 1000128062 ns, Reaching safepoint: 91213 ns, At safepoint: 7718 ns, Total: 98931 ns
[2024-03-01T01:54:32.947+0000][7][gc,start    ] GC(37) Pause Young (Normal) (G1 Evacuation Pause)
[2024-03-01T01:54:32.947+0000][7][gc,task     ] GC(37) Using 8 workers of 8 for evacuation
[2024-03-01T01:54:32.947+0000][7][gc,age      ] GC(37) Desired survivor size 41943040 bytes, new threshold 15 (max threshold 15)
[2024-03-01T01:54:32.950+0000][7][gc,phases   ] GC(37)   Pre Evacuate Collection Set: 0.1ms
[2024-03-01T01:54:32.950+0000][7][gc,phases   ] GC(37)   Merge Heap Roots: 0.1ms
[2024-03-01T01:54:32.950+0000][7][gc,phases   ] GC(37)   Evacuate Collection Set: 2.1ms
[2024-03-01T01:54:32.950+0000][7][gc,phases   ] GC(37)   Post Evacuate Collection Set: 0.8ms
[2024-03-01T01:54:32.950+0000][7][gc,phases   ] GC(37)   Other: 0.1ms
[2024-03-01T01:54:32.950+0000][7][gc,age      ] GC(37) Age table with threshold 15 (max threshold 15)
[2024-03-01T01:54:32.951+0000][7][gc,age      ] GC(37) - age   1:    1167952 bytes,    1167952 total
[2024-03-01T01:54:32.951+0000][7][gc,age      ] GC(37) - age   2:      12544 bytes,    1180496 total
[2024-03-01T01:54:32.951+0000][7][gc,age      ] GC(37) - age   3:      26600 bytes,    1207096 total
[2024-03-01T01:54:32.951+0000][7][gc,age      ] GC(37) - age   4:       5944 bytes,    1213040 total
[2024-03-01T01:54:32.951+0000][7][gc,age      ] GC(37) - age   5:       2392 bytes,    1215432 total
[2024-03-01T01:54:32.951+0000][7][gc,age      ] GC(37) - age   6:      18784 bytes,    1234216 total
[2024-03-01T01:54:32.951+0000][7][gc,age      ] GC(37) - age   7:       2016 bytes,    1236232 total
[2024-03-01T01:54:32.951+0000][7][gc,age      ] GC(37) - age   8:     410168 bytes,    1646400 total
[2024-03-01T01:54:32.951+0000][7][gc,age      ] GC(37) - age   9:       7400 bytes,    1653800 total
[2024-03-01T01:54:32.951+0000][7][gc,age      ] GC(37) - age  10:       4032 bytes,    1657832 total
[2024-03-01T01:54:32.951+0000][7][gc,age      ] GC(37) - age  11:       8744 bytes,    1666576 total
[2024-03-01T01:54:32.951+0000][7][gc,age      ] GC(37) - age  12:       7816 bytes,    1674392 total
[2024-03-01T01:54:32.951+0000][7][gc,age      ] GC(37) - age  13:      15776 bytes,    1690168 total
[2024-03-01T01:54:32.951+0000][7][gc,age      ] GC(37) - age  14:       9144 bytes,    1699312 total
[2024-03-01T01:54:32.951+0000][7][gc,age      ] GC(37) - age  15:      16224 bytes,    1715536 total
[2024-03-01T01:54:32.951+0000][7][gc,heap     ] GC(37) Eden regions: 152->0(152)
[2024-03-01T01:54:32.951+0000][7][gc,heap     ] GC(37) Survivor regions: 1->1(20)
[2024-03-01T01:54:32.951+0000][7][gc,heap     ] GC(37) Old regions: 22->22
[2024-03-01T01:54:32.951+0000][7][gc,heap     ] GC(37) Archive regions: 2->2
[2024-03-01T01:54:32.951+0000][7][gc,heap     ] GC(37) Humongous regions: 0->0
[2024-03-01T01:54:32.951+0000][7][gc,metaspace] GC(37) Metaspace: 125060K(128384K)->125060K(128384K) NonClass: 108699K(110464K)->108699K(110464K) Class: 16360K(17920K)->16360K(17920K)
[2024-03-01T01:54:32.951+0000][7][gc          ] GC(37) Pause Young (Normal) (G1 Evacuation Pause) 699M->90M(1024M) 3.503ms
[2024-03-01T01:54:32.951+0000][7][gc,cpu      ] GC(37) User=0.02s Sys=0.00s Real=0.01s
[2024-03-01T01:54:32.951+0000][7][safepoint   ] Safepoint "G1CollectForAllocation", Time since last: 1969834560 ns, Reaching safepoint: 85720 ns, At safepoint: 3591520 ns, Total: 3677240 ns
[2024-03-01T01:54:53.954+0000][7][safepoint   ] Safepoint "Cleanup", Time since last: 21002885431 ns, Reaching safepoint: 96275 ns, At safepoint: 7545 ns, Total: 103820 ns
[2024-03-01T01:55:36.959+0000][7][safepoint   ] Safepoint "Cleanup", Time since last: 43005339868 ns, Reaching safepoint: 108395 ns, At safepoint: 7187 ns, Total: 115582 ns
[2024-03-01T01:55:42.960+0000][7][safepoint   ] Safepoint "Cleanup", Time since last: 6000885166 ns, Reaching safepoint: 68664 ns, At safepoint: 14547 ns, Total: 83211 ns
[2024-03-01T01:55:53.961+0000][7][safepoint   ] Safepoint "Cleanup", Time since last: 11001271921 ns, Reaching safepoint: 75450 ns, At safepoint: 4195 ns, Total: 79645 ns
[2024-03-01T01:56:06.964+0000][7][safepoint   ] Safepoint "Cleanup", Time since last: 13002135921 ns, Reaching safepoint: 100794 ns, At safepoint: 7782 ns, Total: 108576 ns
[2024-03-01T01:56:17.965+0000][7][safepoint   ] Safepoint "Cleanup", Time since last: 11001161770 ns, Reaching safepoint: 129657 ns, At safepoint: 22808 ns, Total: 152465 ns
[2024-03-01T01:56:18.965+0000][7][safepoint   ] Safepoint "Cleanup", Time since last: 1000263046 ns, Reaching safepoint: 88372 ns, At safepoint: 9012 ns, Total: 97384 ns
[2024-03-01T01:56:29.967+0000][7][safepoint   ] Safepoint "Cleanup", Time since last: 11001383310 ns, Reaching safepoint: 70511 ns, At safepoint: 8484 ns, Total: 78995 ns
[2024-03-01T01:56:35.968+0000][7][safepoint   ] Safepoint "Cleanup", Time since last: 6000943816 ns, Reaching safepoint: 66130 ns, At safepoint: 10352 ns, Total: 76482 ns
[2024-03-01T01:56:53.970+0000][7][safepoint   ] Safepoint "Cleanup", Time since last: 18002106341 ns, Reaching safepoint: 90490 ns, At safepoint: 9064 ns, Total: 99554 ns
[2024-03-01T01:56:56.970+0000][7][safepoint   ] Safepoint "Cleanup", Time since last: 3000342985 ns, Reaching safepoint: 36217 ns, At safepoint: 4735 ns, Total: 40952 ns
[2024-03-01T01:57:35.934+0000][7][gc,start    ] GC(38) Pause Young (Normal) (G1 Evacuation Pause)
[2024-03-01T01:57:35.934+0000][7][gc,task     ] GC(38) Using 8 workers of 8 for evacuation
[2024-03-01T01:57:35.934+0000][7][gc,age      ] GC(38) Desired survivor size 41943040 bytes, new threshold 15 (max threshold 15)
[2024-03-01T01:57:35.936+0000][7][gc,phases   ] GC(38)   Pre Evacuate Collection Set: 0.1ms
[2024-03-01T01:57:35.936+0000][7][gc,phases   ] GC(38)   Merge Heap Roots: 0.1ms
[2024-03-01T01:57:35.936+0000][7][gc,phases   ] GC(38)   Evacuate Collection Set: 1.3ms
[2024-03-01T01:57:35.936+0000][7][gc,phases   ] GC(38)   Post Evacuate Collection Set: 0.5ms
[2024-03-01T01:57:35.936+0000][7][gc,phases   ] GC(38)   Other: 0.1ms
[2024-03-01T01:57:35.936+0000][7][gc,age      ] GC(38) Age table with threshold 15 (max threshold 15)
[2024-03-01T01:57:35.936+0000][7][gc,age      ] GC(38) - age   1:     961560 bytes,     961560 total
[2024-03-01T01:57:35.936+0000][7][gc,age      ] GC(38) - age   2:     327640 bytes,    1289200 total
[2024-03-01T01:57:35.936+0000][7][gc,age      ] GC(38) - age   3:      10456 bytes,    1299656 total
[2024-03-01T01:57:35.936+0000][7][gc,age      ] GC(38) - age   4:      26408 bytes,    1326064 total
[2024-03-01T01:57:35.936+0000][7][gc,age      ] GC(38) - age   5:       5944 bytes,    1332008 total
[2024-03-01T01:57:35.936+0000][7][gc,age      ] GC(38) - age   6:       2392 bytes,    1334400 total
[2024-03-01T01:57:35.936+0000][7][gc,age      ] GC(38) - age   7:      18528 bytes,    1352928 total
[2024-03-01T01:57:35.936+0000][7][gc,age      ] GC(38) - age   8:       2016 bytes,    1354944 total
[2024-03-01T01:57:35.936+0000][7][gc,age      ] GC(38) - age   9:     404480 bytes,    1759424 total
[2024-03-01T01:57:35.936+0000][7][gc,age      ] GC(38) - age  10:       7400 bytes,    1766824 total
[2024-03-01T01:57:35.936+0000][7][gc,age      ] GC(38) - age  11:       3944 bytes,    1770768 total
[2024-03-01T01:57:35.936+0000][7][gc,age      ] GC(38) - age  12:       8744 bytes,    1779512 total
[2024-03-01T01:57:35.936+0000][7][gc,age      ] GC(38) - age  13:       7816 bytes,    1787328 total
[2024-03-01T01:57:35.936+0000][7][gc,age      ] GC(38) - age  14:      15776 bytes,    1803104 total
[2024-03-01T01:57:35.936+0000][7][gc,age      ] GC(38) - age  15:       9144 bytes,    1812248 total
[2024-03-01T01:57:35.936+0000][7][gc,heap     ] GC(38) Eden regions: 152->0(152)
[2024-03-01T01:57:35.936+0000][7][gc,heap     ] GC(38) Survivor regions: 1->1(20)
[2024-03-01T01:57:35.936+0000][7][gc,heap     ] GC(38) Old regions: 22->22
[2024-03-01T01:57:35.936+0000][7][gc,heap     ] GC(38) Archive regions: 2->2
[2024-03-01T01:57:35.936+0000][7][gc,heap     ] GC(38) Humongous regions: 0->0
[2024-03-01T01:57:35.936+0000][7][gc,metaspace] GC(38) Metaspace: 125093K(128448K)->125093K(128448K) NonClass: 108731K(110528K)->108731K(110528K) Class: 16362K(17920K)->16362K(17920K)
[2024-03-01T01:57:35.937+0000][7][gc          ] GC(38) Pause Young (Normal) (G1 Evacuation Pause) 698M->90M(1024M) 2.194ms
[2024-03-01T01:57:35.937+0000][7][gc,cpu      ] GC(38) User=0.01s Sys=0.00s Real=0.00s
[2024-03-01T01:57:35.937+0000][7][safepoint   ] Safepoint "G1CollectForAllocation", Time since last: 38963795244 ns, Reaching safepoint: 30710 ns, At safepoint: 2268744 ns, Total: 2299454 ns
[2024-03-01T01:57:54.939+0000][7][safepoint   ] Safepoint "Cleanup", Time since last: 19001928729 ns, Reaching safepoint: 118402 ns, At safepoint: 11785 ns, Total: 130187 ns
[2024-03-01T01:57:57.939+0000][7][safepoint   ] Safepoint "Cleanup", Time since last: 3000502507 ns, Reaching safepoint: 62513 ns, At safepoint: 10577 ns, Total: 73090 ns
[2024-03-01T01:58:15.942+0000][7][safepoint   ] Safepoint "Cleanup", Time since last: 18002502461 ns, Reaching safepoint: 213761 ns, At safepoint: 9729 ns, Total: 223490 ns
[2024-03-01T01:58:41.945+0000][7][safepoint   ] Safepoint "Cleanup", Time since last: 26003070513 ns, Reaching safepoint: 80231 ns, At safepoint: 5503 ns, Total: 85734 ns
[2024-03-01T01:58:53.947+0000][7][safepoint   ] Safepoint "Cleanup", Time since last: 12001382705 ns, Reaching safepoint: 94825 ns, At safepoint: 7598 ns, Total: 102423 ns
[2024-03-01T01:58:59.947+0000][7][safepoint   ] Safepoint "Cleanup", Time since last: 6000759854 ns, Reaching safepoint: 138459 ns, At safepoint: 13888 ns, Total: 152347 ns
[2024-03-01T01:59:53.954+0000][7][safepoint   ] Safepoint "Cleanup", Time since last: 54006769963 ns, Reaching safepoint: 90817 ns, At safepoint: 7296 ns, Total: 98113 ns
[2024-03-01T02:00:08.956+0000][7][safepoint   ] Safepoint "Cleanup", Time since last: 15001894045 ns, Reaching safepoint: 70783 ns, At safepoint: 8742 ns, Total: 79525 ns
[2024-03-01T02:00:28.025+0000][7][safepoint   ] Safepoint "Cleanup", Time since last: 19068776198 ns, Reaching safepoint: 133658 ns, At safepoint: 9817 ns, Total: 143475 ns
[2024-03-01T02:00:53.952+0000][7][safepoint   ] Safepoint "Cleanup", Time since last: 25926363271 ns, Reaching safepoint: 76685 ns, At safepoint: 10980 ns, Total: 87665 ns
[2024-03-01T02:01:09.231+0000][7][gc,start    ] GC(39) Pause Young (Normal) (G1 Evacuation Pause)
[2024-03-01T02:01:09.231+0000][7][gc,task     ] GC(39) Using 8 workers of 8 for evacuation
[2024-03-01T02:01:09.231+0000][7][gc,age      ] GC(39) Desired survivor size 41943040 bytes, new threshold 15 (max threshold 15)
[2024-03-01T02:01:09.234+0000][7][gc,phases   ] GC(39)   Pre Evacuate Collection Set: 0.1ms
[2024-03-01T02:01:09.234+0000][7][gc,phases   ] GC(39)   Merge Heap Roots: 0.1ms
[2024-03-01T02:01:09.234+0000][7][gc,phases   ] GC(39)   Evacuate Collection Set: 2.0ms
[2024-03-01T02:01:09.234+0000][7][gc,phases   ] GC(39)   Post Evacuate Collection Set: 0.8ms
[2024-03-01T02:01:09.234+0000][7][gc,phases   ] GC(39)   Other: 0.1ms
[2024-03-01T02:01:09.234+0000][7][gc,age      ] GC(39) Age table with threshold 15 (max threshold 15)
[2024-03-01T02:01:09.234+0000][7][gc,age      ] GC(39) - age   1:    1035776 bytes,    1035776 total
[2024-03-01T02:01:09.234+0000][7][gc,age      ] GC(39) - age   2:       5896 bytes,    1041672 total
[2024-03-01T02:01:09.234+0000][7][gc,age      ] GC(39) - age   3:     232840 bytes,    1274512 total
[2024-03-01T02:01:09.234+0000][7][gc,age      ] GC(39) - age   4:      10072 bytes,    1284584 total
[2024-03-01T02:01:09.234+0000][7][gc,age      ] GC(39) - age   5:      26408 bytes,    1310992 total
[2024-03-01T02:01:09.234+0000][7][gc,age      ] GC(39) - age   6:       5944 bytes,    1316936 total
[2024-03-01T02:01:09.234+0000][7][gc,age      ] GC(39) - age   7:       2392 bytes,    1319328 total
[2024-03-01T02:01:09.234+0000][7][gc,age      ] GC(39) - age   8:       4400 bytes,    1323728 total
[2024-03-01T02:01:09.234+0000][7][gc,age      ] GC(39) - age   9:       1832 bytes,    1325560 total
[2024-03-01T02:01:09.234+0000][7][gc,age      ] GC(39) - age  10:     404480 bytes,    1730040 total
[2024-03-01T02:01:09.234+0000][7][gc,age      ] GC(39) - age  11:       7400 bytes,    1737440 total
[2024-03-01T02:01:09.234+0000][7][gc,age      ] GC(39) - age  12:       3944 bytes,    1741384 total
[2024-03-01T02:01:09.234+0000][7][gc,age      ] GC(39) - age  13:       8744 bytes,    1750128 total
[2024-03-01T02:01:09.234+0000][7][gc,age      ] GC(39) - age  14:       7816 bytes,    1757944 total
[2024-03-01T02:01:09.234+0000][7][gc,age      ] GC(39) - age  15:      15776 bytes,    1773720 total
[2024-03-01T02:01:09.234+0000][7][gc,heap     ] GC(39) Eden regions: 152->0(152)
[2024-03-01T02:01:09.234+0000][7][gc,heap     ] GC(39) Survivor regions: 1->1(20)
[2024-03-01T02:01:09.234+0000][7][gc,heap     ] GC(39) Old regions: 22->22
[2024-03-01T02:01:09.235+0000][7][gc,heap     ] GC(39) Archive regions: 2->2
[2024-03-01T02:01:09.235+0000][7][gc,heap     ] GC(39) Humongous regions: 0->0
[2024-03-01T02:01:09.235+0000][7][gc,metaspace] GC(39) Metaspace: 125101K(128448K)->125101K(128448K) NonClass: 108739K(110528K)->108739K(110528K) Class: 16362K(17920K)->16362K(17920K)
[2024-03-01T02:01:09.235+0000][7][gc          ] GC(39) Pause Young (Normal) (G1 Evacuation Pause) 698M->90M(1024M) 3.500ms
[2024-03-01T02:01:09.235+0000][7][gc,cpu      ] GC(39) User=0.02s Sys=0.00s Real=0.00s
[2024-03-01T02:01:09.235+0000][7][safepoint   ] Safepoint "G1CollectForAllocation", Time since last: 15279270831 ns, Reaching safepoint: 61565 ns, At safepoint: 3593759 ns, Total: 3655324 ns
[2024-03-01T02:01:33.974+0000][7][safepoint   ] Safepoint "Cleanup", Time since last: 24738759210 ns, Reaching safepoint: 120511 ns, At safepoint: 10517 ns, Total: 131028 ns
[2024-03-01T02:01:42.975+0000][7][safepoint   ] Safepoint "Cleanup", Time since last: 9001136694 ns, Reaching safepoint: 93341 ns, At safepoint: 8511 ns, Total: 101852 ns
[2024-03-01T02:01:56.977+0000][7][safepoint   ] Safepoint "Cleanup", Time since last: 14002167300 ns, Reaching safepoint: 132846 ns, At safepoint: 26669 ns, Total: 159515 ns
[2024-03-01T02:02:02.978+0000][7][safepoint   ] Safepoint "Cleanup", Time since last: 6000774202 ns, Reaching safepoint: 145568 ns, At safepoint: 8798 ns, Total: 154366 ns
[2024-03-01T02:02:14.979+0000][7][safepoint   ] Safepoint "Cleanup", Time since last: 12001388391 ns, Reaching safepoint: 42407 ns, At safepoint: 4774 ns, Total: 47181 ns
[2024-03-01T02:02:30.981+0000][7][safepoint   ] Safepoint "Cleanup", Time since last: 16001837271 ns, Reaching safepoint: 64786 ns, At safepoint: 6106 ns, Total: 70892 ns
[2024-03-01T02:02:33.982+0000][7][safepoint   ] Safepoint "Cleanup", Time since last: 3000385873 ns, Reaching safepoint: 70442 ns, At safepoint: 9172 ns, Total: 79614 ns
[2024-03-01T02:02:35.982+0000][7][safepoint   ] Safepoint "Cleanup", Time since last: 2000300758 ns, Reaching safepoint: 58264 ns, At safepoint: 3927 ns, Total: 62191 ns
[2024-03-01T02:02:39.983+0000][7][safepoint   ] Safepoint "Cleanup", Time since last: 4000568348 ns, Reaching safepoint: 89681 ns, At safepoint: 12353 ns, Total: 102034 ns
[2024-03-01T02:02:50.984+0000][7][safepoint   ] Safepoint "Cleanup", Time since last: 11001378709 ns, Reaching safepoint: 157269 ns, At safepoint: 6838 ns, Total: 164107 ns
[2024-03-01T02:02:53.985+0000][7][safepoint   ] Safepoint "Cleanup", Time since last: 3000380541 ns, Reaching safepoint: 69736 ns, At safepoint: 8940 ns, Total: 78676 ns
[2024-03-01T02:03:08.986+0000][7][safepoint   ] Safepoint "Cleanup", Time since last: 15001263304 ns, Reaching safepoint: 50929 ns, At safepoint: 3604 ns, Total: 54533 ns
[2024-03-01T02:03:41.991+0000][7][safepoint   ] Safepoint "Cleanup", Time since last: 33004645455 ns, Reaching safepoint: 136553 ns, At safepoint: 7507 ns, Total: 144060 ns
[2024-03-01T02:03:51.992+0000][7][safepoint   ] Safepoint "Cleanup", Time since last: 10001198105 ns, Reaching safepoint: 95581 ns, At safepoint: 10891 ns, Total: 106472 ns
[2024-03-01T02:04:44.979+0000][7][gc,start    ] GC(40) Pause Young (Normal) (G1 Evacuation Pause)
[2024-03-01T02:04:44.979+0000][7][gc,task     ] GC(40) Using 8 workers of 8 for evacuation
[2024-03-01T02:04:44.979+0000][7][gc,age      ] GC(40) Desired survivor size 41943040 bytes, new threshold 15 (max threshold 15)
[2024-03-01T02:04:44.982+0000][7][gc,phases   ] GC(40)   Pre Evacuate Collection Set: 0.1ms
[2024-03-01T02:04:44.982+0000][7][gc,phases   ] GC(40)   Merge Heap Roots: 0.1ms
[2024-03-01T02:04:44.982+0000][7][gc,phases   ] GC(40)   Evacuate Collection Set: 2.2ms
[2024-03-01T02:04:44.982+0000][7][gc,phases   ] GC(40)   Post Evacuate Collection Set: 1.1ms
[2024-03-01T02:04:44.982+0000][7][gc,phases   ] GC(40)   Other: 0.1ms
[2024-03-01T02:04:44.982+0000][7][gc,age      ] GC(40) Age table with threshold 15 (max threshold 15)
[2024-03-01T02:04:44.982+0000][7][gc,age      ] GC(40) - age   1:    1373776 bytes,    1373776 total
[2024-03-01T02:04:44.982+0000][7][gc,age      ] GC(40) - age   2:     125344 bytes,    1499120 total
[2024-03-01T02:04:44.982+0000][7][gc,age      ] GC(40) - age   3:       4264 bytes,    1503384 total
[2024-03-01T02:04:44.982+0000][7][gc,age      ] GC(40) - age   4:     232520 bytes,    1735904 total
[2024-03-01T02:04:44.982+0000][7][gc,age      ] GC(40) - age   5:       5712 bytes,    1741616 total
[2024-03-01T02:04:44.982+0000][7][gc,age      ] GC(40) - age   6:      25960 bytes,    1767576 total
[2024-03-01T02:04:44.982+0000][7][gc,age      ] GC(40) - age   7:       5944 bytes,    1773520 total
[2024-03-01T02:04:44.982+0000][7][gc,age      ] GC(40) - age   8:       2392 bytes,    1775912 total
[2024-03-01T02:04:44.982+0000][7][gc,age      ] GC(40) - age   9:       4400 bytes,    1780312 total
[2024-03-01T02:04:44.983+0000][7][gc,age      ] GC(40) - age  10:       1832 bytes,    1782144 total
[2024-03-01T02:04:44.983+0000][7][gc,age      ] GC(40) - age  11:     404480 bytes,    2186624 total
[2024-03-01T02:04:44.983+0000][7][gc,age      ] GC(40) - age  12:       7400 bytes,    2194024 total
[2024-03-01T02:04:44.983+0000][7][gc,age      ] GC(40) - age  13:       3944 bytes,    2197968 total
[2024-03-01T02:04:44.983+0000][7][gc,age      ] GC(40) - age  14:       8744 bytes,    2206712 total
[2024-03-01T02:04:44.983+0000][7][gc,age      ] GC(40) - age  15:       7816 bytes,    2214528 total
[2024-03-01T02:04:44.983+0000][7][gc,heap     ] GC(40) Eden regions: 152->0(152)
[2024-03-01T02:04:44.983+0000][7][gc,heap     ] GC(40) Survivor regions: 1->1(20)
[2024-03-01T02:04:44.983+0000][7][gc,heap     ] GC(40) Old regions: 22->22
[2024-03-01T02:04:44.983+0000][7][gc,heap     ] GC(40) Archive regions: 2->2
[2024-03-01T02:04:44.983+0000][7][gc,heap     ] GC(40) Humongous regions: 0->0
[2024-03-01T02:04:44.983+0000][7][gc,metaspace] GC(40) Metaspace: 125105K(128448K)->125105K(128448K) NonClass: 108743K(110528K)->108743K(110528K) Class: 16362K(17920K)->16362K(17920K)
[2024-03-01T02:04:44.983+0000][7][gc          ] GC(40) Pause Young (Normal) (G1 Evacuation Pause) 698M->91M(1024M) 3.869ms
[2024-03-01T02:04:44.983+0000][7][gc,cpu      ] GC(40) User=0.02s Sys=0.00s Real=0.00s
[2024-03-01T02:04:44.983+0000][7][safepoint   ] Safepoint "G1CollectForAllocation", Time since last: 52986390288 ns, Reaching safepoint: 71494 ns, At safepoint: 3965763 ns, Total: 4037257 ns
[2024-03-01T02:04:53.984+0000][7][safepoint   ] Safepoint "Cleanup", Time since last: 9001393013 ns, Reaching safepoint: 65746 ns, At safepoint: 5902 ns, Total: 71648 ns
[2024-03-01T02:05:21.988+0000][7][safepoint   ] Safepoint "Cleanup", Time since last: 28003536500 ns, Reaching safepoint: 95787 ns, At safepoint: 7945 ns, Total: 103732 ns
[2024-03-01T02:05:30.989+0000][7][safepoint   ] Safepoint "Cleanup", Time since last: 9001085799 ns, Reaching safepoint: 57677 ns, At safepoint: 12036 ns, Total: 69713 ns
[2024-03-01T02:05:45.990+0000][7][safepoint   ] Safepoint "Cleanup", Time since last: 15001407182 ns, Reaching safepoint: 89547 ns, At safepoint: 8603 ns, Total: 98150 ns
[2024-03-01T02:05:56.992+0000][7][safepoint   ] Safepoint "Cleanup", Time since last: 11001602374 ns, Reaching safepoint: 98692 ns, At safepoint: 9414 ns, Total: 108106 ns
[2024-03-01T02:06:08.993+0000][7][safepoint   ] Safepoint "Cleanup", Time since last: 12001074603 ns, Reaching safepoint: 141540 ns, At safepoint: 8842 ns, Total: 150382 ns
[2024-03-01T02:06:12.994+0000][7][safepoint   ] Safepoint "Cleanup", Time since last: 4000504515 ns, Reaching safepoint: 63127 ns, At safepoint: 40026 ns, Total: 103153 ns
[2024-03-01T02:06:15.994+0000][7][safepoint   ] Safepoint "Cleanup", Time since last: 3000321630 ns, Reaching safepoint: 87041 ns, At safepoint: 7267 ns, Total: 94308 ns
[2024-03-01T02:06:27.996+0000][7][safepoint   ] Safepoint "Cleanup", Time since last: 12001426721 ns, Reaching safepoint: 83624 ns, At safepoint: 11167 ns, Total: 94791 ns
[2024-03-01T02:06:57.999+0000][7][safepoint   ] Safepoint "Cleanup", Time since last: 30002754171 ns, Reaching safepoint: 84961 ns, At safepoint: 11063 ns, Total: 96024 ns
[2024-03-01T02:07:22.002+0000][7][safepoint   ] Safepoint "Cleanup", Time since last: 24003045860 ns, Reaching safepoint: 85452 ns, At safepoint: 8412 ns, Total: 93864 ns
[2024-03-01T02:07:54.006+0000][7][safepoint   ] Safepoint "Cleanup", Time since last: 32003893437 ns, Reaching safepoint: 68398 ns, At safepoint: 7047 ns, Total: 75445 ns
[2024-03-01T02:08:21.992+0000][7][gc,start    ] GC(41) Pause Young (Normal) (G1 Evacuation Pause)
[2024-03-01T02:08:21.992+0000][7][gc,task     ] GC(41) Using 8 workers of 8 for evacuation
[2024-03-01T02:08:21.992+0000][7][gc,age      ] GC(41) Desired survivor size 41943040 bytes, new threshold 15 (max threshold 15)
[2024-03-01T02:08:21.995+0000][7][gc,phases   ] GC(41)   Pre Evacuate Collection Set: 0.1ms
[2024-03-01T02:08:21.995+0000][7][gc,phases   ] GC(41)   Merge Heap Roots: 0.1ms
[2024-03-01T02:08:21.995+0000][7][gc,phases   ] GC(41)   Evacuate Collection Set: 1.8ms
[2024-03-01T02:08:21.995+0000][7][gc,phases   ] GC(41)   Post Evacuate Collection Set: 0.9ms
[2024-03-01T02:08:21.995+0000][7][gc,phases   ] GC(41)   Other: 0.1ms
[2024-03-01T02:08:21.995+0000][7][gc,age      ] GC(41) Age table with threshold 15 (max threshold 15)
[2024-03-01T02:08:21.995+0000][7][gc,age      ] GC(41) - age   1:     758024 bytes,     758024 total
[2024-03-01T02:08:21.995+0000][7][gc,age      ] GC(41) - age   2:       8280 bytes,     766304 total
[2024-03-01T02:08:21.995+0000][7][gc,age      ] GC(41) - age   3:     123648 bytes,     889952 total
[2024-03-01T02:08:21.995+0000][7][gc,age      ] GC(41) - age   4:       4264 bytes,     894216 total
[2024-03-01T02:08:21.995+0000][7][gc,age      ] GC(41) - age   5:     232176 bytes,    1126392 total
[2024-03-01T02:08:21.995+0000][7][gc,age      ] GC(41) - age   6:       5320 bytes,    1131712 total
[2024-03-01T02:08:21.995+0000][7][gc,age      ] GC(41) - age   7:      25960 bytes,    1157672 total
[2024-03-01T02:08:21.995+0000][7][gc,age      ] GC(41) - age   8:       5944 bytes,    1163616 total
[2024-03-01T02:08:21.995+0000][7][gc,age      ] GC(41) - age   9:       2392 bytes,    1166008 total
[2024-03-01T02:08:21.995+0000][7][gc,age      ] GC(41) - age  10:       4400 bytes,    1170408 total
[2024-03-01T02:08:21.995+0000][7][gc,age      ] GC(41) - age  11:       1832 bytes,    1172240 total
[2024-03-01T02:08:21.995+0000][7][gc,age      ] GC(41) - age  12:     404480 bytes,    1576720 total
[2024-03-01T02:08:21.995+0000][7][gc,age      ] GC(41) - age  13:       7400 bytes,    1584120 total
[2024-03-01T02:08:21.995+0000][7][gc,age      ] GC(41) - age  14:       3944 bytes,    1588064 total
[2024-03-01T02:08:21.995+0000][7][gc,age      ] GC(41) - age  15:       8744 bytes,    1596808 total
[2024-03-01T02:08:21.995+0000][7][gc,heap     ] GC(41) Eden regions: 152->0(152)
[2024-03-01T02:08:21.995+0000][7][gc,heap     ] GC(41) Survivor regions: 1->1(20)
[2024-03-01T02:08:21.995+0000][7][gc,heap     ] GC(41) Old regions: 22->22
[2024-03-01T02:08:21.995+0000][7][gc,heap     ] GC(41) Archive regions: 2->2
[2024-03-01T02:08:21.995+0000][7][gc,heap     ] GC(41) Humongous regions: 0->0
[2024-03-01T02:08:21.995+0000][7][gc,metaspace] GC(41) Metaspace: 125129K(128448K)->125129K(128448K) NonClass: 108767K(110528K)->108767K(110528K) Class: 16362K(17920K)->16362K(17920K)
[2024-03-01T02:08:21.995+0000][7][gc          ] GC(41) Pause Young (Normal) (G1 Evacuation Pause) 699M->90M(1024M) 3.381ms
[2024-03-01T02:08:21.995+0000][7][gc,cpu      ] GC(41) User=0.02s Sys=0.00s Real=0.00s
[2024-03-01T02:08:21.995+0000][7][safepoint   ] Safepoint "G1CollectForAllocation", Time since last: 27986034724 ns, Reaching safepoint: 72854 ns, At safepoint: 3485043 ns, Total: 3557897 ns
[2024-03-01T02:08:43.998+0000][7][safepoint   ] Safepoint "Cleanup", Time since last: 22002353720 ns, Reaching safepoint: 78131 ns, At safepoint: 11295 ns, Total: 89426 ns
[2024-03-01T02:08:54.000+0000][7][safepoint   ] Safepoint "Cleanup", Time since last: 10001508192 ns, Reaching safepoint: 113412 ns, At safepoint: 7536 ns, Total: 120948 ns
[2024-03-01T02:08:58.000+0000][7][safepoint   ] Safepoint "Cleanup", Time since last: 4000733009 ns, Reaching safepoint: 78068 ns, At safepoint: 8991 ns, Total: 87059 ns
[2024-03-01T02:09:09.002+0000][7][safepoint   ] Safepoint "Cleanup", Time since last: 11001376076 ns, Reaching safepoint: 150877 ns, At safepoint: 14530 ns, Total: 165407 ns
[2024-03-01T02:09:16.003+0000][7][safepoint   ] Safepoint "Cleanup", Time since last: 7000757983 ns, Reaching safepoint: 90206 ns, At safepoint: 20732 ns, Total: 110938 ns
[2024-03-01T02:09:21.003+0000][7][safepoint   ] Safepoint "Cleanup", Time since last: 5000483493 ns, Reaching safepoint: 63594 ns, At safepoint: 5626 ns, Total: 69220 ns
[2024-03-01T02:09:54.006+0000][7][safepoint   ] Safepoint "Cleanup", Time since last: 33002696271 ns, Reaching safepoint: 75219 ns, At safepoint: 9057 ns, Total: 84276 ns
[2024-03-01T02:09:57.007+0000][7][safepoint   ] Safepoint "Cleanup", Time since last: 3000482700 ns, Reaching safepoint: 74892 ns, At safepoint: 16377 ns, Total: 91269 ns
[2024-03-01T02:10:06.008+0000][7][safepoint   ] Safepoint "Cleanup", Time since last: 9001022664 ns, Reaching safepoint: 186146 ns, At safepoint: 7417 ns, Total: 193563 ns
[2024-03-01T02:10:10.009+0000][7][safepoint   ] Safepoint "Cleanup", Time since last: 4000584840 ns, Reaching safepoint: 99005 ns, At safepoint: 29893 ns, Total: 128898 ns
[2024-03-01T02:10:21.010+0000][7][safepoint   ] Safepoint "Cleanup", Time since last: 11001251957 ns, Reaching safepoint: 100719 ns, At safepoint: 6084 ns, Total: 106803 ns
[2024-03-01T02:10:24.010+0000][7][safepoint   ] Safepoint "Cleanup", Time since last: 3000283740 ns, Reaching safepoint: 52593 ns, At safepoint: 4033 ns, Total: 56626 ns
[2024-03-01T02:10:27.011+0000][7][safepoint   ] Safepoint "Cleanup", Time since last: 3000384810 ns, Reaching safepoint: 61547 ns, At safepoint: 4161 ns, Total: 65708 ns
[2024-03-01T02:11:45.022+0000][7][safepoint   ] Safepoint "Cleanup", Time since last: 78011217964 ns, Reaching safepoint: 51929 ns, At safepoint: 11520 ns, Total: 63449 ns
[2024-03-01T02:11:54.023+0000][7][safepoint   ] Safepoint "Cleanup", Time since last: 9000987699 ns, Reaching safepoint: 68729 ns, At safepoint: 7548 ns, Total: 76277 ns
[2024-03-01T02:11:57.027+0000][7][gc,start    ] GC(42) Pause Young (Normal) (G1 Evacuation Pause)
[2024-03-01T02:11:57.027+0000][7][gc,task     ] GC(42) Using 8 workers of 8 for evacuation
[2024-03-01T02:11:57.027+0000][7][gc,age      ] GC(42) Desired survivor size 41943040 bytes, new threshold 15 (max threshold 15)
[2024-03-01T02:11:57.030+0000][7][gc,phases   ] GC(42)   Pre Evacuate Collection Set: 0.1ms
[2024-03-01T02:11:57.030+0000][7][gc,phases   ] GC(42)   Merge Heap Roots: 0.1ms
[2024-03-01T02:11:57.030+0000][7][gc,phases   ] GC(42)   Evacuate Collection Set: 1.9ms
[2024-03-01T02:11:57.030+0000][7][gc,phases   ] GC(42)   Post Evacuate Collection Set: 0.8ms
[2024-03-01T02:11:57.030+0000][7][gc,phases   ] GC(42)   Other: 0.1ms
[2024-03-01T02:11:57.030+0000][7][gc,age      ] GC(42) Age table with threshold 15 (max threshold 15)
[2024-03-01T02:11:57.030+0000][7][gc,age      ] GC(42) - age   1:    1542720 bytes,    1542720 total
[2024-03-01T02:11:57.030+0000][7][gc,age      ] GC(42) - age   2:       4264 bytes,    1546984 total
[2024-03-01T02:11:57.030+0000][7][gc,age      ] GC(42) - age   3:       1816 bytes,    1548800 total
[2024-03-01T02:11:57.030+0000][7][gc,age      ] GC(42) - age   4:     123624 bytes,    1672424 total
[2024-03-01T02:11:57.030+0000][7][gc,age      ] GC(42) - age   5:       4136 bytes,    1676560 total
[2024-03-01T02:11:57.030+0000][7][gc,age      ] GC(42) - age   6:     232176 bytes,    1908736 total
[2024-03-01T02:11:57.030+0000][7][gc,age      ] GC(42) - age   7:       5288 bytes,    1914024 total
[2024-03-01T02:11:57.030+0000][7][gc,age      ] GC(42) - age   8:      25960 bytes,    1939984 total
[2024-03-01T02:11:57.030+0000][7][gc,age      ] GC(42) - age   9:       5944 bytes,    1945928 total
[2024-03-01T02:11:57.030+0000][7][gc,age      ] GC(42) - age  10:       2392 bytes,    1948320 total
[2024-03-01T02:11:57.030+0000][7][gc,age      ] GC(42) - age  11:       4400 bytes,    1952720 total
[2024-03-01T02:11:57.030+0000][7][gc,age      ] GC(42) - age  12:       1832 bytes,    1954552 total
[2024-03-01T02:11:57.030+0000][7][gc,age      ] GC(42) - age  13:     404480 bytes,    2359032 total
[2024-03-01T02:11:57.030+0000][7][gc,age      ] GC(42) - age  14:       7400 bytes,    2366432 total
[2024-03-01T02:11:57.030+0000][7][gc,age      ] GC(42) - age  15:       3944 bytes,    2370376 total
[2024-03-01T02:11:57.030+0000][7][gc,heap     ] GC(42) Eden regions: 152->0(152)
[2024-03-01T02:11:57.030+0000][7][gc,heap     ] GC(42) Survivor regions: 1->1(20)
[2024-03-01T02:11:57.030+0000][7][gc,heap     ] GC(42) Old regions: 22->22
[2024-03-01T02:11:57.030+0000][7][gc,heap     ] GC(42) Archive regions: 2->2
[2024-03-01T02:11:57.030+0000][7][gc,heap     ] GC(42) Humongous regions: 0->0
[2024-03-01T02:11:57.030+0000][7][gc,metaspace] GC(42) Metaspace: 125157K(128448K)->125157K(128448K) NonClass: 108795K(110528K)->108795K(110528K) Class: 16362K(17920K)->16362K(17920K)
[2024-03-01T02:11:57.030+0000][7][gc          ] GC(42) Pause Young (Normal) (G1 Evacuation Pause) 698M->91M(1024M) 3.251ms
[2024-03-01T02:11:57.030+0000][7][gc,cpu      ] GC(42) User=0.02s Sys=0.00s Real=0.01s
[2024-03-01T02:11:57.030+0000][7][safepoint   ] Safepoint "G1CollectForAllocation", Time since last: 3003631517 ns, Reaching safepoint: 45135 ns, At safepoint: 3336884 ns, Total: 3382019 ns
[2024-03-01T02:12:51.037+0000][7][safepoint   ] Safepoint "Cleanup", Time since last: 54006551940 ns, Reaching safepoint: 80220 ns, At safepoint: 14112 ns, Total: 94332 ns
[2024-03-01T02:12:54.037+0000][7][safepoint   ] Safepoint "Cleanup", Time since last: 3000524373 ns, Reaching safepoint: 73047 ns, At safepoint: 6837 ns, Total: 79884 ns
[2024-03-01T02:12:58.038+0000][7][safepoint   ] Safepoint "Cleanup", Time since last: 4000471735 ns, Reaching safepoint: 101014 ns, At safepoint: 10807 ns, Total: 111821 ns
[2024-03-01T02:13:22.041+0000][7][safepoint   ] Safepoint "Cleanup", Time since last: 24002824609 ns, Reaching safepoint: 74398 ns, At safepoint: 5446 ns, Total: 79844 ns
[2024-03-01T02:14:03.045+0000][7][safepoint   ] Safepoint "Cleanup", Time since last: 41004147308 ns, Reaching safepoint: 128042 ns, At safepoint: 12518 ns, Total: 140560 ns
[2024-03-01T02:14:09.046+0000][7][safepoint   ] Safepoint "Cleanup", Time since last: 6000702425 ns, Reaching safepoint: 64310 ns, At safepoint: 4514 ns, Total: 68824 ns
[2024-03-01T02:14:10.046+0000][7][safepoint   ] Safepoint "Cleanup", Time since last: 1000249356 ns, Reaching safepoint: 91052 ns, At safepoint: 10360 ns, Total: 101412 ns
[2024-03-01T02:14:21.048+0000][7][safepoint   ] Safepoint "Cleanup", Time since last: 11001619888 ns, Reaching safepoint: 62233 ns, At safepoint: 6640 ns, Total: 68873 ns
[2024-03-01T02:14:22.048+0000][7][safepoint   ] Safepoint "Cleanup", Time since last: 1000269309 ns, Reaching safepoint: 91834 ns, At safepoint: 9935 ns, Total: 101769 ns
[2024-03-01T02:14:28.049+0000][7][safepoint   ] Safepoint "Cleanup", Time since last: 6000914838 ns, Reaching safepoint: 150779 ns, At safepoint: 25972 ns, Total: 176751 ns
[2024-03-01T02:14:39.051+0000][7][safepoint   ] Safepoint "Cleanup", Time since last: 11001558060 ns, Reaching safepoint: 104169 ns, At safepoint: 34992 ns, Total: 139161 ns
[2024-03-01T02:14:54.053+0000][7][safepoint   ] Safepoint "Cleanup", Time since last: 15001769646 ns, Reaching safepoint: 48387 ns, At safepoint: 4078 ns, Total: 52465 ns
[2024-03-01T02:15:30.000+0000][7][gc,start    ] GC(43) Pause Young (Normal) (G1 Evacuation Pause)
[2024-03-01T02:15:30.000+0000][7][gc,task     ] GC(43) Using 8 workers of 8 for evacuation
[2024-03-01T02:15:30.000+0000][7][gc,age      ] GC(43) Desired survivor size 41943040 bytes, new threshold 15 (max threshold 15)
[2024-03-01T02:15:30.003+0000][7][gc,phases   ] GC(43)   Pre Evacuate Collection Set: 0.1ms
[2024-03-01T02:15:30.003+0000][7][gc,phases   ] GC(43)   Merge Heap Roots: 0.1ms
[2024-03-01T02:15:30.003+0000][7][gc,phases   ] GC(43)   Evacuate Collection Set: 2.1ms
[2024-03-01T02:15:30.003+0000][7][gc,phases   ] GC(43)   Post Evacuate Collection Set: 1.0ms
[2024-03-01T02:15:30.003+0000][7][gc,phases   ] GC(43)   Other: 0.1ms
[2024-03-01T02:15:30.003+0000][7][gc,age      ] GC(43) Age table with threshold 15 (max threshold 15)
[2024-03-01T02:15:30.003+0000][7][gc,age      ] GC(43) - age   1:     888056 bytes,     888056 total
[2024-03-01T02:15:30.003+0000][7][gc,age      ] GC(43) - age   2:       8344 bytes,     896400 total
[2024-03-01T02:15:30.003+0000][7][gc,age      ] GC(43) - age   3:       2720 bytes,     899120 total
[2024-03-01T02:15:30.003+0000][7][gc,age      ] GC(43) - age   4:       1624 bytes,     900744 total
[2024-03-01T02:15:30.003+0000][7][gc,age      ] GC(43) - age   5:     123624 bytes,    1024368 total
[2024-03-01T02:15:30.003+0000][7][gc,age      ] GC(43) - age   6:       4136 bytes,    1028504 total
[2024-03-01T02:15:30.003+0000][7][gc,age      ] GC(43) - age   7:     232176 bytes,    1260680 total
[2024-03-01T02:15:30.003+0000][7][gc,age      ] GC(43) - age   8:       5288 bytes,    1265968 total
[2024-03-01T02:15:30.003+0000][7][gc,age      ] GC(43) - age   9:      25960 bytes,    1291928 total
[2024-03-01T02:15:30.003+0000][7][gc,age      ] GC(43) - age  10:       5944 bytes,    1297872 total
[2024-03-01T02:15:30.003+0000][7][gc,age      ] GC(43) - age  11:       2208 bytes,    1300080 total
[2024-03-01T02:15:30.003+0000][7][gc,age      ] GC(43) - age  12:       4400 bytes,    1304480 total
[2024-03-01T02:15:30.003+0000][7][gc,age      ] GC(43) - age  13:       1832 bytes,    1306312 total
[2024-03-01T02:15:30.003+0000][7][gc,age      ] GC(43) - age  14:     404480 bytes,    1710792 total
[2024-03-01T02:15:30.003+0000][7][gc,age      ] GC(43) - age  15:       7400 bytes,    1718192 total
[2024-03-01T02:15:30.003+0000][7][gc,heap     ] GC(43) Eden regions: 152->0(152)
[2024-03-01T02:15:30.003+0000][7][gc,heap     ] GC(43) Survivor regions: 1->1(20)
[2024-03-01T02:15:30.003+0000][7][gc,heap     ] GC(43) Old regions: 22->22
[2024-03-01T02:15:30.003+0000][7][gc,heap     ] GC(43) Archive regions: 2->2
[2024-03-01T02:15:30.003+0000][7][gc,heap     ] GC(43) Humongous regions: 0->0
[2024-03-01T02:15:30.003+0000][7][gc,metaspace] GC(43) Metaspace: 125171K(128448K)->125171K(128448K) NonClass: 108809K(110528K)->108809K(110528K) Class: 16362K(17920K)->16362K(17920K)
[2024-03-01T02:15:30.003+0000][7][gc          ] GC(43) Pause Young (Normal) (G1 Evacuation Pause) 699M->90M(1024M) 3.731ms
[2024-03-01T02:15:30.004+0000][7][gc,cpu      ] GC(43) User=0.02s Sys=0.00s Real=0.00s
[2024-03-01T02:15:30.004+0000][7][safepoint   ] Safepoint "G1CollectForAllocation", Time since last: 35946690518 ns, Reaching safepoint: 74374 ns, At safepoint: 3846774 ns, Total: 3921148 ns
[2024-03-01T02:15:54.006+0000][7][safepoint   ] Safepoint "Cleanup", Time since last: 24002749008 ns, Reaching safepoint: 161831 ns, At safepoint: 10108 ns, Total: 171939 ns
[2024-03-01T02:16:40.013+0000][7][safepoint   ] Safepoint "Cleanup", Time since last: 46006500474 ns, Reaching safepoint: 86008 ns, At safepoint: 39613 ns, Total: 125621 ns
[2024-03-01T02:17:43.021+0000][7][safepoint   ] Safepoint "Cleanup", Time since last: 63007538494 ns, Reaching safepoint: 58876 ns, At safepoint: 11712 ns, Total: 70588 ns
[2024-03-01T02:17:53.022+0000][7][safepoint   ] Safepoint "Cleanup", Time since last: 10001110129 ns, Reaching safepoint: 64893 ns, At safepoint: 13500 ns, Total: 78393 ns
[2024-03-01T02:18:22.026+0000][7][safepoint   ] Safepoint "Cleanup", Time since last: 29003570177 ns, Reaching safepoint: 80368 ns, At safepoint: 39569 ns, Total: 119937 ns
[2024-03-01T02:19:03.220+0000][7][gc,start    ] GC(44) Pause Young (Normal) (G1 Evacuation Pause)
[2024-03-01T02:19:03.220+0000][7][gc,task     ] GC(44) Using 8 workers of 8 for evacuation
[2024-03-01T02:19:03.220+0000][7][gc,age      ] GC(44) Desired survivor size 41943040 bytes, new threshold 15 (max threshold 15)
[2024-03-01T02:19:03.222+0000][7][gc,phases   ] GC(44)   Pre Evacuate Collection Set: 0.1ms
[2024-03-01T02:19:03.222+0000][7][gc,phases   ] GC(44)   Merge Heap Roots: 0.1ms
[2024-03-01T02:19:03.222+0000][7][gc,phases   ] GC(44)   Evacuate Collection Set: 1.5ms
[2024-03-01T02:19:03.222+0000][7][gc,phases   ] GC(44)   Post Evacuate Collection Set: 0.6ms
[2024-03-01T02:19:03.222+0000][7][gc,phases   ] GC(44)   Other: 0.1ms
[2024-03-01T02:19:03.222+0000][7][gc,age      ] GC(44) Age table with threshold 15 (max threshold 15)
[2024-03-01T02:19:03.222+0000][7][gc,age      ] GC(44) - age   1:    1658224 bytes,    1658224 total
[2024-03-01T02:19:03.222+0000][7][gc,age      ] GC(44) - age   2:       2600 bytes,    1660824 total
[2024-03-01T02:19:03.222+0000][7][gc,age      ] GC(44) - age   3:       5960 bytes,    1666784 total
[2024-03-01T02:19:03.222+0000][7][gc,age      ] GC(44) - age   4:       2400 bytes,    1669184 total
[2024-03-01T02:19:03.222+0000][7][gc,age      ] GC(44) - age   5:       1328 bytes,    1670512 total
[2024-03-01T02:19:03.222+0000][7][gc,age      ] GC(44) - age   6:     123624 bytes,    1794136 total
[2024-03-01T02:19:03.222+0000][7][gc,age      ] GC(44) - age   7:       4136 bytes,    1798272 total
[2024-03-01T02:19:03.222+0000][7][gc,age      ] GC(44) - age   8:     232176 bytes,    2030448 total
[2024-03-01T02:19:03.222+0000][7][gc,age      ] GC(44) - age   9:       5288 bytes,    2035736 total
[2024-03-01T02:19:03.222+0000][7][gc,age      ] GC(44) - age  10:      25960 bytes,    2061696 total
[2024-03-01T02:19:03.222+0000][7][gc,age      ] GC(44) - age  11:       5944 bytes,    2067640 total
[2024-03-01T02:19:03.222+0000][7][gc,age      ] GC(44) - age  12:       2208 bytes,    2069848 total
[2024-03-01T02:19:03.222+0000][7][gc,age      ] GC(44) - age  13:       4400 bytes,    2074248 total
[2024-03-01T02:19:03.222+0000][7][gc,age      ] GC(44) - age  14:       1832 bytes,    2076080 total
[2024-03-01T02:19:03.222+0000][7][gc,age      ] GC(44) - age  15:     404480 bytes,    2480560 total
[2024-03-01T02:19:03.222+0000][7][gc,heap     ] GC(44) Eden regions: 152->0(152)
[2024-03-01T02:19:03.222+0000][7][gc,heap     ] GC(44) Survivor regions: 1->1(20)
[2024-03-01T02:19:03.222+0000][7][gc,heap     ] GC(44) Old regions: 22->22
[2024-03-01T02:19:03.222+0000][7][gc,heap     ] GC(44) Archive regions: 2->2
[2024-03-01T02:19:03.222+0000][7][gc,heap     ] GC(44) Humongous regions: 0->0
[2024-03-01T02:19:03.222+0000][7][gc,metaspace] GC(44) Metaspace: 125181K(128448K)->125181K(128448K) NonClass: 108819K(110528K)->108819K(110528K) Class: 16362K(17920K)->16362K(17920K)
[2024-03-01T02:19:03.222+0000][7][gc          ] GC(44) Pause Young (Normal) (G1 Evacuation Pause) 698M->91M(1024M) 2.395ms
[2024-03-01T02:19:03.222+0000][7][gc,cpu      ] GC(44) User=0.01s Sys=0.00s Real=0.00s
[2024-03-01T02:19:03.222+0000][7][safepoint   ] Safepoint "G1CollectForAllocation", Time since last: 41193893321 ns, Reaching safepoint: 36594 ns, At safepoint: 2462074 ns, Total: 2498668 ns
[2024-03-01T02:19:54.229+0000][7][safepoint   ] Safepoint "Cleanup", Time since last: 51007087879 ns, Reaching safepoint: 65747 ns, At safepoint: 5533 ns, Total: 71280 ns
[2024-03-01T02:20:13.231+0000][7][safepoint   ] Safepoint "Cleanup", Time since last: 19002188155 ns, Reaching safepoint: 68121 ns, At safepoint: 6480 ns, Total: 74601 ns
[2024-03-01T02:20:27.233+0000][7][safepoint   ] Safepoint "Cleanup", Time since last: 14001722781 ns, Reaching safepoint: 93900 ns, At safepoint: 6112 ns, Total: 100012 ns
[2024-03-01T02:20:43.236+0000][7][safepoint   ] Safepoint "Cleanup", Time since last: 16002469680 ns, Reaching safepoint: 90900 ns, At safepoint: 8479 ns, Total: 99379 ns
[2024-03-01T02:21:43.244+0000][7][safepoint   ] Safepoint "Cleanup", Time since last: 60008205946 ns, Reaching safepoint: 75602 ns, At safepoint: 6804 ns, Total: 82406 ns
[2024-03-01T02:21:45.245+0000][7][safepoint   ] Safepoint "Cleanup", Time since last: 2000363908 ns, Reaching safepoint: 110096 ns, At safepoint: 12164 ns, Total: 122260 ns
[2024-03-01T02:21:54.246+0000][7][safepoint   ] Safepoint "Cleanup", Time since last: 9001094841 ns, Reaching safepoint: 105671 ns, At safepoint: 10550 ns, Total: 116221 ns
[2024-03-01T02:22:28.251+0000][7][safepoint   ] Safepoint "Cleanup", Time since last: 34005160798 ns, Reaching safepoint: 84277 ns, At safepoint: 11709 ns, Total: 95986 ns
[2024-03-01T02:22:42.103+0000][7][gc,start    ] GC(45) Pause Young (Normal) (G1 Evacuation Pause)
[2024-03-01T02:22:42.103+0000][7][gc,task     ] GC(45) Using 8 workers of 8 for evacuation
[2024-03-01T02:22:42.103+0000][7][gc,age      ] GC(45) Desired survivor size 41943040 bytes, new threshold 15 (max threshold 15)
[2024-03-01T02:22:42.106+0000][7][gc,phases   ] GC(45)   Pre Evacuate Collection Set: 0.1ms
[2024-03-01T02:22:42.106+0000][7][gc,phases   ] GC(45)   Merge Heap Roots: 0.1ms
[2024-03-01T02:22:42.106+0000][7][gc,phases   ] GC(45)   Evacuate Collection Set: 1.9ms
[2024-03-01T02:22:42.106+0000][7][gc,phases   ] GC(45)   Post Evacuate Collection Set: 0.9ms
[2024-03-01T02:22:42.106+0000][7][gc,phases   ] GC(45)   Other: 0.1ms
[2024-03-01T02:22:42.106+0000][7][gc,age      ] GC(45) Age table with threshold 15 (max threshold 15)
[2024-03-01T02:22:42.106+0000][7][gc,age      ] GC(45) - age   1:    1022568 bytes,    1022568 total
[2024-03-01T02:22:42.106+0000][7][gc,age      ] GC(45) - age   2:       2008 bytes,    1024576 total
[2024-03-01T02:22:42.106+0000][7][gc,age      ] GC(45) - age   3:        840 bytes,    1025416 total
[2024-03-01T02:22:42.106+0000][7][gc,age      ] GC(45) - age   4:       1496 bytes,    1026912 total
[2024-03-01T02:22:42.106+0000][7][gc,age      ] GC(45) - age   5:       1944 bytes,    1028856 total
[2024-03-01T02:22:42.106+0000][7][gc,age      ] GC(45) - age   6:       1296 bytes,    1030152 total
[2024-03-01T02:22:42.106+0000][7][gc,age      ] GC(45) - age   7:     123624 bytes,    1153776 total
[2024-03-01T02:22:42.106+0000][7][gc,age      ] GC(45) - age   8:       4136 bytes,    1157912 total
[2024-03-01T02:22:42.106+0000][7][gc,age      ] GC(45) - age   9:     232176 bytes,    1390088 total
[2024-03-01T02:22:42.106+0000][7][gc,age      ] GC(45) - age  10:       5288 bytes,    1395376 total
[2024-03-01T02:22:42.106+0000][7][gc,age      ] GC(45) - age  11:      25960 bytes,    1421336 total
[2024-03-01T02:22:42.106+0000][7][gc,age      ] GC(45) - age  12:       5944 bytes,    1427280 total
[2024-03-01T02:22:42.106+0000][7][gc,age      ] GC(45) - age  13:       2208 bytes,    1429488 total
[2024-03-01T02:22:42.106+0000][7][gc,age      ] GC(45) - age  14:       4216 bytes,    1433704 total
[2024-03-01T02:22:42.106+0000][7][gc,age      ] GC(45) - age  15:       1832 bytes,    1435536 total
[2024-03-01T02:22:42.106+0000][7][gc,heap     ] GC(45) Eden regions: 152->0(152)
[2024-03-01T02:22:42.106+0000][7][gc,heap     ] GC(45) Survivor regions: 1->1(20)
[2024-03-01T02:22:42.106+0000][7][gc,heap     ] GC(45) Old regions: 22->22
[2024-03-01T02:22:42.106+0000][7][gc,heap     ] GC(45) Archive regions: 2->2
[2024-03-01T02:22:42.106+0000][7][gc,heap     ] GC(45) Humongous regions: 0->0
[2024-03-01T02:22:42.106+0000][7][gc,metaspace] GC(45) Metaspace: 125213K(128512K)->125213K(128512K) NonClass: 108851K(110592K)->108851K(110592K) Class: 16362K(17920K)->16362K(17920K)
[2024-03-01T02:22:42.107+0000][7][gc          ] GC(45) Pause Young (Normal) (G1 Evacuation Pause) 699M->90M(1024M) 3.728ms
[2024-03-01T02:22:42.107+0000][7][gc,cpu      ] GC(45) User=0.02s Sys=0.00s Real=0.00s
[2024-03-01T02:22:42.107+0000][7][safepoint   ] Safepoint "G1CollectForAllocation", Time since last: 13851621461 ns, Reaching safepoint: 98833 ns, At safepoint: 3848576 ns, Total: 3947409 ns
[2024-03-01T02:22:43.107+0000][7][safepoint   ] Safepoint "Cleanup", Time since last: 1000132797 ns, Reaching safepoint: 94375 ns, At safepoint: 8510 ns, Total: 102885 ns
[2024-03-01T02:22:54.108+0000][7][safepoint   ] Safepoint "Cleanup", Time since last: 11001345243 ns, Reaching safepoint: 69250 ns, At safepoint: 7847 ns, Total: 77097 ns
[2024-03-01T02:23:15.110+0000][7][safepoint   ] Safepoint "Cleanup", Time since last: 21002157692 ns, Reaching safepoint: 67572 ns, At safepoint: 7613 ns, Total: 75185 ns
[2024-03-01T02:23:28.112+0000][7][safepoint   ] Safepoint "Cleanup", Time since last: 13001452324 ns, Reaching safepoint: 58732 ns, At safepoint: 4135 ns, Total: 62867 ns
[2024-03-01T02:23:58.115+0000][7][safepoint   ] Safepoint "Cleanup", Time since last: 30002962971 ns, Reaching safepoint: 129213 ns, At safepoint: 12342 ns, Total: 141555 ns
[2024-03-01T02:24:15.118+0000][7][safepoint   ] Safepoint "Cleanup", Time since last: 17002529278 ns, Reaching safepoint: 67829 ns, At safepoint: 11817 ns, Total: 79646 ns
[2024-03-01T02:24:52.123+0000][7][safepoint   ] Safepoint "Cleanup", Time since last: 37005427715 ns, Reaching safepoint: 121828 ns, At safepoint: 8215 ns, Total: 130043 ns
[2024-03-01T02:24:54.124+0000][7][safepoint   ] Safepoint "Cleanup", Time since last: 2000445181 ns, Reaching safepoint: 116795 ns, At safepoint: 8252 ns, Total: 125047 ns
[2024-03-01T13:52:31.113+0000][7][safepoint   ] Safepoint "Cleanup", Time since last: 23632155348 ns, Reaching safepoint: 73295 ns, At safepoint: 5164 ns, Total: 78459 ns
[2024-03-01T13:52:34.113+0000][7][safepoint   ] Safepoint "Cleanup", Time since last: 3000228868 ns, Reaching safepoint: 99607 ns, At safepoint: 3894 ns, Total: 103501 ns
[2024-03-01T13:52:35.114+0000][7][safepoint   ] Safepoint "Cleanup", Time since last: 1000408251 ns, Reaching safepoint: 121273 ns, At safepoint: 8157 ns, Total: 129430 ns
[2024-03-01T13:52:38.114+0000][7][safepoint   ] Safepoint "Cleanup", Time since last: 3000256379 ns, Reaching safepoint: 33559 ns, At safepoint: 4360 ns, Total: 37919 ns
[2024-03-01T13:52:53.115+0000][7][safepoint   ] Safepoint "Cleanup", Time since last: 15000943493 ns, Reaching safepoint: 78763 ns, At safepoint: 8089 ns, Total: 86852 ns
[2024-03-01T13:52:56.115+0000][7][safepoint   ] Safepoint "Cleanup", Time since last: 3000283554 ns, Reaching safepoint: 55323 ns, At safepoint: 7562 ns, Total: 62885 ns
[2024-03-01T13:52:57.116+0000][7][safepoint   ] Safepoint "Cleanup", Time since last: 1000142805 ns, Reaching safepoint: 56938 ns, At safepoint: 6534 ns, Total: 63472 ns
[2024-03-01T13:53:01.116+0000][7][safepoint   ] Safepoint "Cleanup", Time since last: 4000432924 ns, Reaching safepoint: 80961 ns, At safepoint: 15648 ns, Total: 96609 ns
[2024-03-01T13:53:02.116+0000][7][safepoint   ] Safepoint "Cleanup", Time since last: 1000213561 ns, Reaching safepoint: 83115 ns, At safepoint: 13109 ns, Total: 96224 ns
[2024-03-01T13:53:04.117+0000][7][safepoint   ] Safepoint "Cleanup", Time since last: 2000295682 ns, Reaching safepoint: 84166 ns, At safepoint: 21483 ns, Total: 105649 ns
[2024-03-01T13:53:07.117+0000][7][safepoint   ] Safepoint "Cleanup", Time since last: 3000291920 ns, Reaching safepoint: 59332 ns, At safepoint: 4334 ns, Total: 63666 ns
[2024-03-01T13:53:18.145+0000][7][gc,start    ] GC(46) Pause Young (Normal) (G1 Evacuation Pause)
[2024-03-01T13:53:18.145+0000][7][gc,task     ] GC(46) Using 8 workers of 8 for evacuation
[2024-03-01T13:53:18.145+0000][7][gc,age      ] GC(46) Desired survivor size 41943040 bytes, new threshold 15 (max threshold 15)
[2024-03-01T13:53:18.147+0000][7][gc,phases   ] GC(46)   Pre Evacuate Collection Set: 0.1ms
[2024-03-01T13:53:18.147+0000][7][gc,phases   ] GC(46)   Merge Heap Roots: 0.1ms
[2024-03-01T13:53:18.147+0000][7][gc,phases   ] GC(46)   Evacuate Collection Set: 1.5ms
[2024-03-01T13:53:18.147+0000][7][gc,phases   ] GC(46)   Post Evacuate Collection Set: 0.6ms
[2024-03-01T13:53:18.147+0000][7][gc,phases   ] GC(46)   Other: 0.1ms
[2024-03-01T13:53:18.147+0000][7][gc,age      ] GC(46) Age table with threshold 15 (max threshold 15)
[2024-03-01T13:53:18.147+0000][7][gc,age      ] GC(46) - age   1:    2085840 bytes,    2085840 total
[2024-03-01T13:53:18.147+0000][7][gc,age      ] GC(46) - age   2:       7152 bytes,    2092992 total
[2024-03-01T13:53:18.147+0000][7][gc,age      ] GC(46) - age   3:        736 bytes,    2093728 total
[2024-03-01T13:53:18.147+0000][7][gc,age      ] GC(46) - age   4:        840 bytes,    2094568 total
[2024-03-01T13:53:18.147+0000][7][gc,age      ] GC(46) - age   5:       1496 bytes,    2096064 total
[2024-03-01T13:53:18.147+0000][7][gc,age      ] GC(46) - age   6:       1848 bytes,    2097912 total
[2024-03-01T13:53:18.147+0000][7][gc,age      ] GC(46) - age   7:        608 bytes,    2098520 total
[2024-03-01T13:53:18.147+0000][7][gc,age      ] GC(46) - age   8:      15264 bytes,    2113784 total
[2024-03-01T13:53:18.147+0000][7][gc,age      ] GC(46) - age   9:       4024 bytes,    2117808 total
[2024-03-01T13:53:18.147+0000][7][gc,age      ] GC(46) - age  10:     231376 bytes,    2349184 total
[2024-03-01T13:53:18.147+0000][7][gc,age      ] GC(46) - age  11:       5224 bytes,    2354408 total
[2024-03-01T13:53:18.147+0000][7][gc,age      ] GC(46) - age  12:      25960 bytes,    2380368 total
[2024-03-01T13:53:18.147+0000][7][gc,age      ] GC(46) - age  13:       5944 bytes,    2386312 total
[2024-03-01T13:53:18.147+0000][7][gc,age      ] GC(46) - age  14:       2208 bytes,    2388520 total
[2024-03-01T13:53:18.147+0000][7][gc,age      ] GC(46) - age  15:       4216 bytes,    2392736 total
[2024-03-01T13:53:18.147+0000][7][gc,heap     ] GC(46) Eden regions: 152->0(152)
[2024-03-01T13:53:18.147+0000][7][gc,heap     ] GC(46) Survivor regions: 1->1(20)
[2024-03-01T13:53:18.147+0000][7][gc,heap     ] GC(46) Old regions: 22->22
[2024-03-01T13:53:18.147+0000][7][gc,heap     ] GC(46) Archive regions: 2->2
[2024-03-01T13:53:18.147+0000][7][gc,heap     ] GC(46) Humongous regions: 0->0
[2024-03-01T13:53:18.147+0000][7][gc,metaspace] GC(46) Metaspace: 125416K(128704K)->125416K(128704K) NonClass: 109028K(110720K)->109028K(110720K) Class: 16388K(17984K)->16388K(17984K)
[2024-03-01T13:53:18.147+0000][7][gc          ] GC(46) Pause Young (Normal) (G1 Evacuation Pause) 698M->91M(1024M) 2.486ms
[2024-03-01T13:53:18.147+0000][7][gc,cpu      ] GC(46) User=0.01s Sys=0.00s Real=0.01s
[2024-03-01T13:53:18.147+0000][7][safepoint   ] Safepoint "G1CollectForAllocation", Time since last: 11027494411 ns, Reaching safepoint: 63159 ns, At safepoint: 2551655 ns, Total: 2614814 ns
[2024-03-01T13:53:24.148+0000][7][safepoint   ] Safepoint "Cleanup", Time since last: 6000782788 ns, Reaching safepoint: 39740 ns, At safepoint: 15098 ns, Total: 54838 ns
[2024-03-01T13:53:25.148+0000][7][safepoint   ] Safepoint "Cleanup", Time since last: 1000102158 ns, Reaching safepoint: 79305 ns, At safepoint: 6765 ns, Total: 86070 ns
[2024-03-01T13:53:37.150+0000][7][safepoint   ] Safepoint "Cleanup", Time since last: 12001298059 ns, Reaching safepoint: 79532 ns, At safepoint: 10755 ns, Total: 90287 ns
[2024-03-01T13:54:08.060+0000][7][safepoint   ] Safepoint "Cleanup", Time since last: 30909953173 ns, Reaching safepoint: 100825 ns, At safepoint: 12923 ns, Total: 113748 ns
[2024-03-01T13:54:19.062+0000][7][safepoint   ] Safepoint "Cleanup", Time since last: 11001725340 ns, Reaching safepoint: 78130 ns, At safepoint: 8492 ns, Total: 86622 ns
[2024-03-01T13:54:31.064+0000][7][safepoint   ] Safepoint "Cleanup", Time since last: 12002129231 ns, Reaching safepoint: 128273 ns, At safepoint: 8723 ns, Total: 136996 ns
[2024-03-01T13:54:43.066+0000][7][safepoint   ] Safepoint "Cleanup", Time since last: 12001993986 ns, Reaching safepoint: 78816 ns, At safepoint: 9194 ns, Total: 88010 ns
[2024-03-01T13:55:01.070+0000][7][safepoint   ] Safepoint "Cleanup", Time since last: 18003588714 ns, Reaching safepoint: 137936 ns, At safepoint: 8255 ns, Total: 146191 ns
[2024-03-01T13:55:07.071+0000][7][safepoint   ] Safepoint "Cleanup", Time since last: 6000937240 ns, Reaching safepoint: 143516 ns, At safepoint: 10341 ns, Total: 153857 ns
[2024-03-01T13:55:13.072+0000][7][safepoint   ] Safepoint "Cleanup", Time since last: 6001249650 ns, Reaching safepoint: 90066 ns, At safepoint: 8754 ns, Total: 98820 ns
[2024-03-01T13:55:22.074+0000][7][safepoint   ] Safepoint "Cleanup", Time since last: 9001610897 ns, Reaching safepoint: 110143 ns, At safepoint: 14311 ns, Total: 124454 ns
[2024-03-01T13:55:37.077+0000][7][safepoint   ] Safepoint "Cleanup", Time since last: 15002986887 ns, Reaching safepoint: 85405 ns, At safepoint: 10556 ns, Total: 95961 ns
[2024-03-01T13:55:40.078+0000][7][safepoint   ] Safepoint "Cleanup", Time since last: 3000641426 ns, Reaching safepoint: 125663 ns, At safepoint: 20118 ns, Total: 145781 ns
[2024-03-01T13:56:01.082+0000][7][safepoint   ] Safepoint "Cleanup", Time since last: 21003963220 ns, Reaching safepoint: 93451 ns, At safepoint: 13460 ns, Total: 106911 ns
[2024-03-01T13:56:07.083+0000][7][safepoint   ] Safepoint "Cleanup", Time since last: 6001175537 ns, Reaching safepoint: 98111 ns, At safepoint: 7301 ns, Total: 105412 ns
[2024-03-01T13:56:25.087+0000][7][safepoint   ] Safepoint "Cleanup", Time since last: 18003370164 ns, Reaching safepoint: 89624 ns, At safepoint: 10641 ns, Total: 100265 ns
[2024-03-01T13:56:43.090+0000][7][safepoint   ] Safepoint "Cleanup", Time since last: 18003077841 ns, Reaching safepoint: 106821 ns, At safepoint: 8700 ns, Total: 115521 ns
[2024-03-01T13:56:48.142+0000][7][gc,start    ] GC(47) Pause Young (Normal) (G1 Evacuation Pause)
[2024-03-01T13:56:48.142+0000][7][gc,task     ] GC(47) Using 8 workers of 8 for evacuation
[2024-03-01T13:56:48.142+0000][7][gc,age      ] GC(47) Desired survivor size 41943040 bytes, new threshold 15 (max threshold 15)
[2024-03-01T13:56:48.146+0000][7][gc,phases   ] GC(47)   Pre Evacuate Collection Set: 0.2ms
[2024-03-01T13:56:48.146+0000][7][gc,phases   ] GC(47)   Merge Heap Roots: 0.1ms
[2024-03-01T13:56:48.146+0000][7][gc,phases   ] GC(47)   Evacuate Collection Set: 2.1ms
[2024-03-01T13:56:48.146+0000][7][gc,phases   ] GC(47)   Post Evacuate Collection Set: 0.9ms
[2024-03-01T13:56:48.146+0000][7][gc,phases   ] GC(47)   Other: 0.1ms
[2024-03-01T13:56:48.146+0000][7][gc,age      ] GC(47) Age table with threshold 15 (max threshold 15)
[2024-03-01T13:56:48.146+0000][7][gc,age      ] GC(47) - age   1:    1266984 bytes,    1266984 total
[2024-03-01T13:56:48.146+0000][7][gc,age      ] GC(47) - age   2:     550216 bytes,    1817200 total
[2024-03-01T13:56:48.146+0000][7][gc,age      ] GC(47) - age   3:       5424 bytes,    1822624 total
[2024-03-01T13:56:48.146+0000][7][gc,age      ] GC(47) - age   4:        480 bytes,    1823104 total
[2024-03-01T13:56:48.146+0000][7][gc,age      ] GC(47) - age   5:        840 bytes,    1823944 total
[2024-03-01T13:56:48.146+0000][7][gc,age      ] GC(47) - age   6:       1312 bytes,    1825256 total
[2024-03-01T13:56:48.146+0000][7][gc,age      ] GC(47) - age   7:       1848 bytes,    1827104 total
[2024-03-01T13:56:48.146+0000][7][gc,age      ] GC(47) - age   8:        608 bytes,    1827712 total
[2024-03-01T13:56:48.146+0000][7][gc,age      ] GC(47) - age   9:      15008 bytes,    1842720 total
[2024-03-01T13:56:48.146+0000][7][gc,age      ] GC(47) - age  10:       4024 bytes,    1846744 total
[2024-03-01T13:56:48.146+0000][7][gc,age      ] GC(47) - age  11:     231376 bytes,    2078120 total
[2024-03-01T13:56:48.146+0000][7][gc,age      ] GC(47) - age  12:       5224 bytes,    2083344 total
[2024-03-01T13:56:48.146+0000][7][gc,age      ] GC(47) - age  13:      25960 bytes,    2109304 total
[2024-03-01T13:56:48.146+0000][7][gc,age      ] GC(47) - age  14:       5944 bytes,    2115248 total
[2024-03-01T13:56:48.146+0000][7][gc,age      ] GC(47) - age  15:       2208 bytes,    2117456 total
[2024-03-01T13:56:48.146+0000][7][gc,heap     ] GC(47) Eden regions: 152->0(152)
[2024-03-01T13:56:48.146+0000][7][gc,heap     ] GC(47) Survivor regions: 1->1(20)
[2024-03-01T13:56:48.146+0000][7][gc,heap     ] GC(47) Old regions: 22->22
[2024-03-01T13:56:48.146+0000][7][gc,heap     ] GC(47) Archive regions: 2->2
[2024-03-01T13:56:48.146+0000][7][gc,heap     ] GC(47) Humongous regions: 0->0
[2024-03-01T13:56:48.146+0000][7][gc,metaspace] GC(47) Metaspace: 125478K(128832K)->125478K(128832K) NonClass: 109090K(110848K)->109090K(110848K) Class: 16388K(17984K)->16388K(17984K)
[2024-03-01T13:56:48.146+0000][7][gc          ] GC(47) Pause Young (Normal) (G1 Evacuation Pause) 699M->91M(1024M) 3.789ms
[2024-03-01T13:56:48.146+0000][7][gc,cpu      ] GC(47) User=0.02s Sys=0.00s Real=0.01s
[2024-03-01T13:56:48.146+0000][7][safepoint   ] Safepoint "G1CollectForAllocation", Time since last: 5052340899 ns, Reaching safepoint: 51413 ns, At safepoint: 3892727 ns, Total: 3944140 ns
[2024-03-01T13:57:33.152+0000][7][safepoint   ] Safepoint "Cleanup", Time since last: 45006274318 ns, Reaching safepoint: 76110 ns, At safepoint: 10025 ns, Total: 86135 ns
[2024-03-01T13:57:45.154+0000][7][safepoint   ] Safepoint "Cleanup", Time since last: 12001530129 ns, Reaching safepoint: 103294 ns, At safepoint: 10948 ns, Total: 114242 ns
[2024-03-01T13:57:56.156+0000][7][safepoint   ] Safepoint "Cleanup", Time since last: 11001450957 ns, Reaching safepoint: 83513 ns, At safepoint: 9769 ns, Total: 93282 ns
[2024-03-01T13:58:07.157+0000][7][safepoint   ] Safepoint "Cleanup", Time since last: 11001673958 ns, Reaching safepoint: 142458 ns, At safepoint: 10972 ns, Total: 153430 ns
[2024-03-01T13:58:13.158+0000][7][safepoint   ] Safepoint "Cleanup", Time since last: 6000832323 ns, Reaching safepoint: 137311 ns, At safepoint: 10015 ns, Total: 147326 ns
[2024-03-01T13:58:17.159+0000][7][safepoint   ] Safepoint "Cleanup", Time since last: 4000697918 ns, Reaching safepoint: 121116 ns, At safepoint: 14544 ns, Total: 135660 ns
[2024-03-01T13:58:19.160+0000][7][safepoint   ] Safepoint "Cleanup", Time since last: 2000322251 ns, Reaching safepoint: 90874 ns, At safepoint: 10173 ns, Total: 101047 ns
[2024-03-01T13:58:31.162+0000][7][safepoint   ] Safepoint "Cleanup", Time since last: 12001859053 ns, Reaching safepoint: 119847 ns, At safepoint: 11373 ns, Total: 131220 ns
[2024-03-01T13:58:40.163+0000][7][safepoint   ] Safepoint "Cleanup", Time since last: 9000803942 ns, Reaching safepoint: 114584 ns, At safepoint: 15081 ns, Total: 129665 ns
[2024-03-01T13:58:55.164+0000][7][safepoint   ] Safepoint "Cleanup", Time since last: 15001451302 ns, Reaching safepoint: 78821 ns, At safepoint: 9735 ns, Total: 88556 ns
[2024-03-01T13:58:56.164+0000][7][safepoint   ] Safepoint "Cleanup", Time since last: 1000150573 ns, Reaching safepoint: 73685 ns, At safepoint: 10524 ns, Total: 84209 ns
[2024-03-01T13:59:01.165+0000][7][safepoint   ] Safepoint "Cleanup", Time since last: 5000515634 ns, Reaching safepoint: 106059 ns, At safepoint: 7740 ns, Total: 113799 ns
[2024-03-01T13:59:07.166+0000][7][safepoint   ] Safepoint "Cleanup", Time since last: 6000876504 ns, Reaching safepoint: 116370 ns, At safepoint: 9972 ns, Total: 126342 ns
[2024-03-01T14:00:07.173+0000][7][safepoint   ] Safepoint "Cleanup", Time since last: 60006783461 ns, Reaching safepoint: 106555 ns, At safepoint: 7399 ns, Total: 113954 ns
[2024-03-01T14:00:13.072+0000][7][gc,start    ] GC(48) Pause Young (Normal) (G1 Evacuation Pause)
[2024-03-01T14:00:13.072+0000][7][gc,task     ] GC(48) Using 8 workers of 8 for evacuation
[2024-03-01T14:00:13.072+0000][7][gc,age      ] GC(48) Desired survivor size 41943040 bytes, new threshold 15 (max threshold 15)
[2024-03-01T14:00:13.077+0000][7][gc,phases   ] GC(48)   Pre Evacuate Collection Set: 0.1ms
[2024-03-01T14:00:13.077+0000][7][gc,phases   ] GC(48)   Merge Heap Roots: 0.1ms
[2024-03-01T14:00:13.077+0000][7][gc,phases   ] GC(48)   Evacuate Collection Set: 3.0ms
[2024-03-01T14:00:13.077+0000][7][gc,phases   ] GC(48)   Post Evacuate Collection Set: 1.2ms
[2024-03-01T14:00:13.077+0000][7][gc,phases   ] GC(48)   Other: 0.1ms
[2024-03-01T14:00:13.077+0000][7][gc,age      ] GC(48) Age table with threshold 15 (max threshold 15)
[2024-03-01T14:00:13.077+0000][7][gc,age      ] GC(48) - age   1:    1841656 bytes,    1841656 total
[2024-03-01T14:00:13.077+0000][7][gc,age      ] GC(48) - age   2:      20736 bytes,    1862392 total
[2024-03-01T14:00:13.077+0000][7][gc,age      ] GC(48) - age   3:     486232 bytes,    2348624 total
[2024-03-01T14:00:13.077+0000][7][gc,age      ] GC(48) - age   4:       1192 bytes,    2349816 total
[2024-03-01T14:00:13.077+0000][7][gc,age      ] GC(48) - age   5:        480 bytes,    2350296 total
[2024-03-01T14:00:13.077+0000][7][gc,age      ] GC(48) - age   6:        840 bytes,    2351136 total
[2024-03-01T14:00:13.077+0000][7][gc,age      ] GC(48) - age   7:       1280 bytes,    2352416 total
[2024-03-01T14:00:13.077+0000][7][gc,age      ] GC(48) - age   8:       1848 bytes,    2354264 total
[2024-03-01T14:00:13.077+0000][7][gc,age      ] GC(48) - age   9:        608 bytes,    2354872 total
[2024-03-01T14:00:13.077+0000][7][gc,age      ] GC(48) - age  10:        880 bytes,    2355752 total
[2024-03-01T14:00:13.077+0000][7][gc,age      ] GC(48) - age  11:       4024 bytes,    2359776 total
[2024-03-01T14:00:13.077+0000][7][gc,age      ] GC(48) - age  12:     231376 bytes,    2591152 total
[2024-03-01T14:00:13.077+0000][7][gc,age      ] GC(48) - age  13:       5224 bytes,    2596376 total
[2024-03-01T14:00:13.077+0000][7][gc,age      ] GC(48) - age  14:      25960 bytes,    2622336 total
[2024-03-01T14:00:13.077+0000][7][gc,age      ] GC(48) - age  15:       5944 bytes,    2628280 total
[2024-03-01T14:00:13.077+0000][7][gc,heap     ] GC(48) Eden regions: 152->0(152)
[2024-03-01T14:00:13.077+0000][7][gc,heap     ] GC(48) Survivor regions: 1->1(20)
[2024-03-01T14:00:13.077+0000][7][gc,heap     ] GC(48) Old regions: 22->22
[2024-03-01T14:00:13.077+0000][7][gc,heap     ] GC(48) Archive regions: 2->2
[2024-03-01T14:00:13.077+0000][7][gc,heap     ] GC(48) Humongous regions: 0->0
[2024-03-01T14:00:13.077+0000][7][gc,metaspace] GC(48) Metaspace: 125481K(128832K)->125481K(128832K) NonClass: 109093K(110848K)->109093K(110848K) Class: 16388K(17984K)->16388K(17984K)
[2024-03-01T14:00:13.077+0000][7][gc          ] GC(48) Pause Young (Normal) (G1 Evacuation Pause) 699M->92M(1024M) 4.865ms
[2024-03-01T14:00:13.077+0000][7][gc,cpu      ] GC(48) User=0.02s Sys=0.00s Real=0.01s
[2024-03-01T14:00:13.077+0000][7][safepoint   ] Safepoint "G1CollectForAllocation", Time since last: 5899274551 ns, Reaching safepoint: 70882 ns, At safepoint: 4963582 ns, Total: 5034464 ns
[2024-03-01T14:00:38.080+0000][7][safepoint   ] Safepoint "Cleanup", Time since last: 25002783465 ns, Reaching safepoint: 69754 ns, At safepoint: 10516 ns, Total: 80270 ns
[2024-03-01T14:00:39.080+0000][7][safepoint   ] Safepoint "Cleanup", Time since last: 1000271978 ns, Reaching safepoint: 94925 ns, At safepoint: 7497 ns, Total: 102422 ns
[2024-03-01T14:00:56.082+0000][7][safepoint   ] Safepoint "Cleanup", Time since last: 17001547732 ns, Reaching safepoint: 72214 ns, At safepoint: 6770 ns, Total: 78984 ns
[2024-03-01T14:01:07.083+0000][7][safepoint   ] Safepoint "Cleanup", Time since last: 11001057599 ns, Reaching safepoint: 90340 ns, At safepoint: 6186 ns, Total: 96526 ns
[2024-03-01T14:01:43.087+0000][7][safepoint   ] Safepoint "Cleanup", Time since last: 36003540003 ns, Reaching safepoint: 103469 ns, At safepoint: 6811 ns, Total: 110280 ns
[2024-03-01T14:02:01.089+0000][7][safepoint   ] Safepoint "Cleanup", Time since last: 18001970325 ns, Reaching safepoint: 90829 ns, At safepoint: 11139 ns, Total: 101968 ns
[2024-03-01T14:02:07.090+0000][7][safepoint   ] Safepoint "Cleanup", Time since last: 6000541834 ns, Reaching safepoint: 51961 ns, At safepoint: 6062 ns, Total: 58023 ns
[2024-03-01T14:02:37.094+0000][7][safepoint   ] Safepoint "Cleanup", Time since last: 30003979512 ns, Reaching safepoint: 69271 ns, At safepoint: 8405 ns, Total: 77676 ns
[2024-03-01T14:02:38.094+0000][7][safepoint   ] Safepoint "Cleanup", Time since last: 1000144488 ns, Reaching safepoint: 70108 ns, At safepoint: 8142 ns, Total: 78250 ns
[2024-03-01T14:02:43.094+0000][7][safepoint   ] Safepoint "Cleanup", Time since last: 5000544124 ns, Reaching safepoint: 66606 ns, At safepoint: 6583 ns, Total: 73189 ns
[2024-03-01T14:02:46.095+0000][7][safepoint   ] Safepoint "Cleanup", Time since last: 3000308331 ns, Reaching safepoint: 84180 ns, At safepoint: 9780 ns, Total: 93960 ns
[2024-03-01T14:02:49.095+0000][7][safepoint   ] Safepoint "Cleanup", Time since last: 3000295569 ns, Reaching safepoint: 110572 ns, At safepoint: 6450 ns, Total: 117022 ns
[2024-03-01T14:02:53.096+0000][7][safepoint   ] Safepoint "Cleanup", Time since last: 4000427076 ns, Reaching safepoint: 89828 ns, At safepoint: 25027 ns, Total: 114855 ns
[2024-03-01T14:02:58.097+0000][7][safepoint   ] Safepoint "Cleanup", Time since last: 5000632243 ns, Reaching safepoint: 101512 ns, At safepoint: 24710 ns, Total: 126222 ns
[2024-03-01T14:03:07.098+0000][7][safepoint   ] Safepoint "Cleanup", Time since last: 9001116090 ns, Reaching safepoint: 97784 ns, At safepoint: 7520 ns, Total: 105304 ns
[2024-03-01T14:03:19.099+0000][7][safepoint   ] Safepoint "Cleanup", Time since last: 12001146299 ns, Reaching safepoint: 87666 ns, At safepoint: 7339 ns, Total: 95005 ns
[2024-03-01T14:03:31.100+0000][7][safepoint   ] Safepoint "Cleanup", Time since last: 12001311804 ns, Reaching safepoint: 65848 ns, At safepoint: 8041 ns, Total: 73889 ns
[2024-03-01T14:03:43.102+0000][7][safepoint   ] Safepoint "Cleanup", Time since last: 12001367903 ns, Reaching safepoint: 76771 ns, At safepoint: 5934 ns, Total: 82705 ns
[2024-03-01T14:03:54.165+0000][7][gc,start    ] GC(49) Pause Young (Normal) (G1 Evacuation Pause)
[2024-03-01T14:03:54.165+0000][7][gc,task     ] GC(49) Using 8 workers of 8 for evacuation
[2024-03-01T14:03:54.165+0000][7][gc,age      ] GC(49) Desired survivor size 41943040 bytes, new threshold 15 (max threshold 15)
[2024-03-01T14:03:54.169+0000][7][gc,phases   ] GC(49)   Pre Evacuate Collection Set: 0.2ms
[2024-03-01T14:03:54.169+0000][7][gc,phases   ] GC(49)   Merge Heap Roots: 0.1ms
[2024-03-01T14:03:54.169+0000][7][gc,phases   ] GC(49)   Evacuate Collection Set: 2.6ms
[2024-03-01T14:03:54.169+0000][7][gc,phases   ] GC(49)   Post Evacuate Collection Set: 0.9ms
[2024-03-01T14:03:54.169+0000][7][gc,phases   ] GC(49)   Other: 0.2ms
[2024-03-01T14:03:54.169+0000][7][gc,age      ] GC(49) Age table with threshold 15 (max threshold 15)
[2024-03-01T14:03:54.169+0000][7][gc,age      ] GC(49) - age   1:    1295176 bytes,    1295176 total
[2024-03-01T14:03:54.169+0000][7][gc,age      ] GC(49) - age   2:     130464 bytes,    1425640 total
[2024-03-01T14:03:54.169+0000][7][gc,age      ] GC(49) - age   3:      10680 bytes,    1436320 total
[2024-03-01T14:03:54.169+0000][7][gc,age      ] GC(49) - age   4:     485656 bytes,    1921976 total
[2024-03-01T14:03:54.169+0000][7][gc,age      ] GC(49) - age   5:        792 bytes,    1922768 total
[2024-03-01T14:03:54.169+0000][7][gc,age      ] GC(49) - age   6:        480 bytes,    1923248 total
[2024-03-01T14:03:54.169+0000][7][gc,age      ] GC(49) - age   7:        840 bytes,    1924088 total
[2024-03-01T14:03:54.169+0000][7][gc,age      ] GC(49) - age   8:       1280 bytes,    1925368 total
[2024-03-01T14:03:54.169+0000][7][gc,age      ] GC(49) - age   9:       1848 bytes,    1927216 total
[2024-03-01T14:03:54.169+0000][7][gc,age      ] GC(49) - age  10:        424 bytes,    1927640 total
[2024-03-01T14:03:54.169+0000][7][gc,age      ] GC(49) - age  11:        880 bytes,    1928520 total
[2024-03-01T14:03:54.169+0000][7][gc,age      ] GC(49) - age  12:       4024 bytes,    1932544 total
[2024-03-01T14:03:54.169+0000][7][gc,age      ] GC(49) - age  13:     231376 bytes,    2163920 total
[2024-03-01T14:03:54.169+0000][7][gc,age      ] GC(49) - age  14:       5224 bytes,    2169144 total
[2024-03-01T14:03:54.169+0000][7][gc,age      ] GC(49) - age  15:      25960 bytes,    2195104 total
[2024-03-01T14:03:54.169+0000][7][gc,heap     ] GC(49) Eden regions: 152->0(152)
[2024-03-01T14:03:54.169+0000][7][gc,heap     ] GC(49) Survivor regions: 1->1(20)
[2024-03-01T14:03:54.169+0000][7][gc,heap     ] GC(49) Old regions: 22->22
[2024-03-01T14:03:54.169+0000][7][gc,heap     ] GC(49) Archive regions: 2->2
[2024-03-01T14:03:54.169+0000][7][gc,heap     ] GC(49) Humongous regions: 0->0
[2024-03-01T14:03:54.169+0000][7][gc,metaspace] GC(49) Metaspace: 125487K(128832K)->125487K(128832K) NonClass: 109099K(110848K)->109099K(110848K) Class: 16388K(17984K)->16388K(17984K)
[2024-03-01T14:03:54.169+0000][7][gc          ] GC(49) Pause Young (Normal) (G1 Evacuation Pause) 700M->91M(1024M) 4.332ms
[2024-03-01T14:03:54.169+0000][7][gc,cpu      ] GC(49) User=0.02s Sys=0.00s Real=0.01s
[2024-03-01T14:03:54.169+0000][7][safepoint   ] Safepoint "G1CollectForAllocation", Time since last: 11062953372 ns, Reaching safepoint: 60681 ns, At safepoint: 4457927 ns, Total: 4518608 ns
[2024-03-01T14:04:07.171+0000][7][safepoint   ] Safepoint "Cleanup", Time since last: 13001109069 ns, Reaching safepoint: 87821 ns, At safepoint: 8847 ns, Total: 96668 ns
[2024-03-01T14:04:43.174+0000][7][safepoint   ] Safepoint "Cleanup", Time since last: 36003682335 ns, Reaching safepoint: 90070 ns, At safepoint: 11353 ns, Total: 101423 ns
[2024-03-01T14:04:49.175+0000][7][safepoint   ] Safepoint "Cleanup", Time since last: 6000657055 ns, Reaching safepoint: 108610 ns, At safepoint: 10499 ns, Total: 119109 ns
[2024-03-01T14:05:07.178+0000][7][safepoint   ] Safepoint "Cleanup", Time since last: 18002393245 ns, Reaching safepoint: 130615 ns, At safepoint: 9158 ns, Total: 139773 ns
[2024-03-01T14:06:07.183+0000][7][safepoint   ] Safepoint "Cleanup", Time since last: 60005804673 ns, Reaching safepoint: 42373 ns, At safepoint: 3750 ns, Total: 46123 ns
[2024-03-01T14:07:07.189+0000][7][safepoint   ] Safepoint "Cleanup", Time since last: 60005476854 ns, Reaching safepoint: 102855 ns, At safepoint: 8886 ns, Total: 111741 ns
[2024-03-01T14:07:24.194+0000][7][gc,start    ] GC(50) Pause Young (Normal) (G1 Evacuation Pause)
[2024-03-01T14:07:24.194+0000][7][gc,task     ] GC(50) Using 8 workers of 8 for evacuation
[2024-03-01T14:07:24.194+0000][7][gc,age      ] GC(50) Desired survivor size 41943040 bytes, new threshold 15 (max threshold 15)
[2024-03-01T14:07:24.196+0000][7][gc,phases   ] GC(50)   Pre Evacuate Collection Set: 0.1ms
[2024-03-01T14:07:24.196+0000][7][gc,phases   ] GC(50)   Merge Heap Roots: 0.1ms
[2024-03-01T14:07:24.196+0000][7][gc,phases   ] GC(50)   Evacuate Collection Set: 1.3ms
[2024-03-01T14:07:24.196+0000][7][gc,phases   ] GC(50)   Post Evacuate Collection Set: 0.7ms
[2024-03-01T14:07:24.196+0000][7][gc,phases   ] GC(50)   Other: 0.1ms
[2024-03-01T14:07:24.197+0000][7][gc,age      ] GC(50) Age table with threshold 15 (max threshold 15)
[2024-03-01T14:07:24.197+0000][7][gc,age      ] GC(50) - age   1:     778216 bytes,     778216 total
[2024-03-01T14:07:24.197+0000][7][gc,age      ] GC(50) - age   2:       4976 bytes,     783192 total
[2024-03-01T14:07:24.197+0000][7][gc,age      ] GC(50) - age   3:     128056 bytes,     911248 total
[2024-03-01T14:07:24.197+0000][7][gc,age      ] GC(50) - age   4:      10552 bytes,     921800 total
[2024-03-01T14:07:24.197+0000][7][gc,age      ] GC(50) - age   5:     485472 bytes,    1407272 total
[2024-03-01T14:07:24.197+0000][7][gc,age      ] GC(50) - age   6:        584 bytes,    1407856 total
[2024-03-01T14:07:24.197+0000][7][gc,age      ] GC(50) - age   7:        480 bytes,    1408336 total
[2024-03-01T14:07:24.197+0000][7][gc,age      ] GC(50) - age   8:        840 bytes,    1409176 total
[2024-03-01T14:07:24.197+0000][7][gc,age      ] GC(50) - age   9:       1280 bytes,    1410456 total
[2024-03-01T14:07:24.197+0000][7][gc,age      ] GC(50) - age  10:       1848 bytes,    1412304 total
[2024-03-01T14:07:24.197+0000][7][gc,age      ] GC(50) - age  11:        424 bytes,    1412728 total
[2024-03-01T14:07:24.197+0000][7][gc,age      ] GC(50) - age  12:        880 bytes,    1413608 total
[2024-03-01T14:07:24.197+0000][7][gc,age      ] GC(50) - age  13:       4024 bytes,    1417632 total
[2024-03-01T14:07:24.197+0000][7][gc,age      ] GC(50) - age  14:     231376 bytes,    1649008 total
[2024-03-01T14:07:24.197+0000][7][gc,age      ] GC(50) - age  15:       5224 bytes,    1654232 total
[2024-03-01T14:07:24.197+0000][7][gc,heap     ] GC(50) Eden regions: 152->0(152)
[2024-03-01T14:07:24.197+0000][7][gc,heap     ] GC(50) Survivor regions: 1->1(20)
[2024-03-01T14:07:24.197+0000][7][gc,heap     ] GC(50) Old regions: 22->22
[2024-03-01T14:07:24.197+0000][7][gc,heap     ] GC(50) Archive regions: 2->2
[2024-03-01T14:07:24.197+0000][7][gc,heap     ] GC(50) Humongous regions: 0->0
[2024-03-01T14:07:24.197+0000][7][gc,metaspace] GC(50) Metaspace: 125497K(128896K)->125497K(128896K) NonClass: 109109K(110912K)->109109K(110912K) Class: 16388K(17984K)->16388K(17984K)
[2024-03-01T14:07:24.197+0000][7][gc          ] GC(50) Pause Young (Normal) (G1 Evacuation Pause) 699M->91M(1024M) 2.676ms
[2024-03-01T14:07:24.197+0000][7][gc,cpu      ] GC(50) User=0.01s Sys=0.00s Real=0.00s
[2024-03-01T14:07:24.197+0000][7][safepoint   ] Safepoint "G1CollectForAllocation", Time since last: 17004858588 ns, Reaching safepoint: 62632 ns, At safepoint: 2769310 ns, Total: 2831942 ns
[2024-03-01T14:08:07.201+0000][7][safepoint   ] Safepoint "Cleanup", Time since last: 43003752150 ns, Reaching safepoint: 75579 ns, At safepoint: 22981 ns, Total: 98560 ns
[2024-03-01T14:08:26.202+0000][7][safepoint   ] Safepoint "Cleanup", Time since last: 19001622531 ns, Reaching safepoint: 59766 ns, At safepoint: 7033 ns, Total: 66799 ns
[2024-03-01T14:08:58.205+0000][7][safepoint   ] Safepoint "Cleanup", Time since last: 32003104823 ns, Reaching safepoint: 81394 ns, At safepoint: 10438 ns, Total: 91832 ns
[2024-03-01T14:09:56.211+0000][7][safepoint   ] Safepoint "Cleanup", Time since last: 58005389103 ns, Reaching safepoint: 68550 ns, At safepoint: 7233 ns, Total: 75783 ns
[2024-03-01T14:10:09.213+0000][7][safepoint   ] Safepoint "Cleanup", Time since last: 13001528943 ns, Reaching safepoint: 122087 ns, At safepoint: 20245 ns, Total: 142332 ns
[2024-03-01T14:10:54.266+0000][7][gc,start    ] GC(51) Pause Young (Normal) (G1 Evacuation Pause)
[2024-03-01T14:10:54.266+0000][7][gc,task     ] GC(51) Using 8 workers of 8 for evacuation
[2024-03-01T14:10:54.266+0000][7][gc,age      ] GC(51) Desired survivor size 41943040 bytes, new threshold 15 (max threshold 15)
[2024-03-01T14:10:54.269+0000][7][gc,phases   ] GC(51)   Pre Evacuate Collection Set: 0.1ms
[2024-03-01T14:10:54.269+0000][7][gc,phases   ] GC(51)   Merge Heap Roots: 0.1ms
[2024-03-01T14:10:54.269+0000][7][gc,phases   ] GC(51)   Evacuate Collection Set: 2.0ms
[2024-03-01T14:10:54.269+0000][7][gc,phases   ] GC(51)   Post Evacuate Collection Set: 0.7ms
[2024-03-01T14:10:54.269+0000][7][gc,phases   ] GC(51)   Other: 0.1ms
[2024-03-01T14:10:54.269+0000][7][gc,age      ] GC(51) Age table with threshold 15 (max threshold 15)
[2024-03-01T14:10:54.269+0000][7][gc,age      ] GC(51) - age   1:    1445712 bytes,    1445712 total
[2024-03-01T14:10:54.269+0000][7][gc,age      ] GC(51) - age   2:      13872 bytes,    1459584 total
[2024-03-01T14:10:54.269+0000][7][gc,age      ] GC(51) - age   3:       2960 bytes,    1462544 total
[2024-03-01T14:10:54.269+0000][7][gc,age      ] GC(51) - age   4:     123904 bytes,    1586448 total
[2024-03-01T14:10:54.269+0000][7][gc,age      ] GC(51) - age   5:      10552 bytes,    1597000 total
[2024-03-01T14:10:54.269+0000][7][gc,age      ] GC(51) - age   6:     426600 bytes,    2023600 total
[2024-03-01T14:10:54.269+0000][7][gc,age      ] GC(51) - age   7:        584 bytes,    2024184 total
[2024-03-01T14:10:54.269+0000][7][gc,age      ] GC(51) - age   8:        480 bytes,    2024664 total
[2024-03-01T14:10:54.269+0000][7][gc,age      ] GC(51) - age   9:        840 bytes,    2025504 total
[2024-03-01T14:10:54.269+0000][7][gc,age      ] GC(51) - age  10:       1280 bytes,    2026784 total
[2024-03-01T14:10:54.270+0000][7][gc,age      ] GC(51) - age  11:       1848 bytes,    2028632 total
[2024-03-01T14:10:54.270+0000][7][gc,age      ] GC(51) - age  12:        424 bytes,    2029056 total
[2024-03-01T14:10:54.270+0000][7][gc,age      ] GC(51) - age  13:        880 bytes,    2029936 total
[2024-03-01T14:10:54.270+0000][7][gc,age      ] GC(51) - age  14:       4024 bytes,    2033960 total
[2024-03-01T14:10:54.270+0000][7][gc,age      ] GC(51) - age  15:     231376 bytes,    2265336 total
[2024-03-01T14:10:54.270+0000][7][gc,heap     ] GC(51) Eden regions: 152->0(152)
[2024-03-01T14:10:54.270+0000][7][gc,heap     ] GC(51) Survivor regions: 1->1(20)
[2024-03-01T14:10:54.270+0000][7][gc,heap     ] GC(51) Old regions: 22->22
[2024-03-01T14:10:54.270+0000][7][gc,heap     ] GC(51) Archive regions: 2->2
[2024-03-01T14:10:54.270+0000][7][gc,heap     ] GC(51) Humongous regions: 0->0
[2024-03-01T14:10:54.270+0000][7][gc,metaspace] GC(51) Metaspace: 125516K(128896K)->125516K(128896K) NonClass: 109128K(110912K)->109128K(110912K) Class: 16388K(17984K)->16388K(17984K)
[2024-03-01T14:10:54.270+0000][7][gc          ] GC(51) Pause Young (Normal) (G1 Evacuation Pause) 699M->91M(1024M) 3.395ms
[2024-03-01T14:10:54.270+0000][7][gc,cpu      ] GC(51) User=0.01s Sys=0.00s Real=0.00s
[2024-03-01T14:10:54.270+0000][7][safepoint   ] Safepoint "G1CollectForAllocation", Time since last: 45053477277 ns, Reaching safepoint: 99599 ns, At safepoint: 3490939 ns, Total: 3590538 ns
[2024-03-01T14:11:07.271+0000][7][safepoint   ] Safepoint "Cleanup", Time since last: 13001138706 ns, Reaching safepoint: 75792 ns, At safepoint: 22116 ns, Total: 97908 ns
[2024-03-01T14:12:01.278+0000][7][safepoint   ] Safepoint "Cleanup", Time since last: 54007339665 ns, Reaching safepoint: 106588 ns, At safepoint: 7359 ns, Total: 113947 ns
[2024-03-01T14:12:12.507+0000][7][safepoint   ] Safepoint "Cleanup", Time since last: 11228335550 ns, Reaching safepoint: 72397 ns, At safepoint: 6332 ns, Total: 78729 ns
[2024-03-01T14:12:18.507+0000][7][safepoint   ] Safepoint "Cleanup", Time since last: 6000480585 ns, Reaching safepoint: 83925 ns, At safepoint: 5280 ns, Total: 89205 ns
[2024-03-01T14:12:30.509+0000][7][safepoint   ] Safepoint "Cleanup", Time since last: 12001142021 ns, Reaching safepoint: 90712 ns, At safepoint: 13950 ns, Total: 104662 ns
[2024-03-01T14:12:42.510+0000][7][safepoint   ] Safepoint "Cleanup", Time since last: 12001234595 ns, Reaching safepoint: 65532 ns, At safepoint: 6808 ns, Total: 72340 ns
[2024-03-01T14:13:00.512+0000][7][safepoint   ] Safepoint "Cleanup", Time since last: 18001523835 ns, Reaching safepoint: 140035 ns, At safepoint: 11805 ns, Total: 151840 ns
[2024-03-01T14:13:01.512+0000][7][safepoint   ] Safepoint "Cleanup", Time since last: 1000218379 ns, Reaching safepoint: 62766 ns, At safepoint: 8537 ns, Total: 71303 ns
[2024-03-01T14:13:07.513+0000][7][safepoint   ] Safepoint "Cleanup", Time since last: 6000889939 ns, Reaching safepoint: 102096 ns, At safepoint: 10694 ns, Total: 112790 ns
[2024-03-01T14:13:40.516+0000][7][safepoint   ] Safepoint "Cleanup", Time since last: 33003214992 ns, Reaching safepoint: 112497 ns, At safepoint: 18043 ns, Total: 130540 ns
[2024-03-01T14:14:26.214+0000][7][gc,start    ] GC(52) Pause Young (Normal) (G1 Evacuation Pause)
[2024-03-01T14:14:26.214+0000][7][gc,task     ] GC(52) Using 8 workers of 8 for evacuation
[2024-03-01T14:14:26.214+0000][7][gc,age      ] GC(52) Desired survivor size 41943040 bytes, new threshold 15 (max threshold 15)
[2024-03-01T14:14:26.216+0000][7][gc,phases   ] GC(52)   Pre Evacuate Collection Set: 0.1ms
[2024-03-01T14:14:26.216+0000][7][gc,phases   ] GC(52)   Merge Heap Roots: 0.1ms
[2024-03-01T14:14:26.216+0000][7][gc,phases   ] GC(52)   Evacuate Collection Set: 1.3ms
[2024-03-01T14:14:26.216+0000][7][gc,phases   ] GC(52)   Post Evacuate Collection Set: 0.7ms
[2024-03-01T14:14:26.216+0000][7][gc,phases   ] GC(52)   Other: 0.1ms
[2024-03-01T14:14:26.216+0000][7][gc,age      ] GC(52) Age table with threshold 15 (max threshold 15)
[2024-03-01T14:14:26.216+0000][7][gc,age      ] GC(52) - age   1:     502032 bytes,     502032 total
[2024-03-01T14:14:26.216+0000][7][gc,age      ] GC(52) - age   2:       7632 bytes,     509664 total
[2024-03-01T14:14:26.216+0000][7][gc,age      ] GC(52) - age   3:      12304 bytes,     521968 total
[2024-03-01T14:14:26.216+0000][7][gc,age      ] GC(52) - age   4:       2248 bytes,     524216 total
[2024-03-01T14:14:26.216+0000][7][gc,age      ] GC(52) - age   5:     123576 bytes,     647792 total
[2024-03-01T14:14:26.216+0000][7][gc,age      ] GC(52) - age   6:      10552 bytes,     658344 total
[2024-03-01T14:14:26.216+0000][7][gc,age      ] GC(52) - age   7:     424328 bytes,    1082672 total
[2024-03-01T14:14:26.216+0000][7][gc,age      ] GC(52) - age   8:        584 bytes,    1083256 total
[2024-03-01T14:14:26.216+0000][7][gc,age      ] GC(52) - age   9:        480 bytes,    1083736 total
[2024-03-01T14:14:26.216+0000][7][gc,age      ] GC(52) - age  10:        840 bytes,    1084576 total
[2024-03-01T14:14:26.216+0000][7][gc,age      ] GC(52) - age  11:       1280 bytes,    1085856 total
[2024-03-01T14:14:26.216+0000][7][gc,age      ] GC(52) - age  12:       1848 bytes,    1087704 total
[2024-03-01T14:14:26.216+0000][7][gc,age      ] GC(52) - age  13:        424 bytes,    1088128 total
[2024-03-01T14:14:26.216+0000][7][gc,age      ] GC(52) - age  14:        880 bytes,    1089008 total
[2024-03-01T14:14:26.216+0000][7][gc,age      ] GC(52) - age  15:       4024 bytes,    1093032 total
[2024-03-01T14:14:26.216+0000][7][gc,heap     ] GC(52) Eden regions: 152->0(152)
[2024-03-01T14:14:26.216+0000][7][gc,heap     ] GC(52) Survivor regions: 1->1(20)
[2024-03-01T14:14:26.216+0000][7][gc,heap     ] GC(52) Old regions: 22->22
[2024-03-01T14:14:26.216+0000][7][gc,heap     ] GC(52) Archive regions: 2->2
[2024-03-01T14:14:26.216+0000][7][gc,heap     ] GC(52) Humongous regions: 0->0
[2024-03-01T14:14:26.216+0000][7][gc,metaspace] GC(52) Metaspace: 125552K(128896K)->125552K(128896K) NonClass: 109160K(110912K)->109160K(110912K) Class: 16391K(17984K)->16391K(17984K)
[2024-03-01T14:14:26.216+0000][7][gc          ] GC(52) Pause Young (Normal) (G1 Evacuation Pause) 699M->91M(1024M) 2.609ms
[2024-03-01T14:14:26.217+0000][7][gc,cpu      ] GC(52) User=0.01s Sys=0.00s Real=0.00s
[2024-03-01T14:14:26.217+0000][7][safepoint   ] Safepoint "G1CollectForAllocation", Time since last: 45697501529 ns, Reaching safepoint: 136066 ns, At safepoint: 2698271 ns, Total: 2834337 ns
[2024-03-01T14:14:27.217+0000][7][safepoint   ] Safepoint "Cleanup", Time since last: 1000103121 ns, Reaching safepoint: 59275 ns, At safepoint: 6532 ns, Total: 65807 ns
[2024-03-01T14:14:42.218+0000][7][safepoint   ] Safepoint "Cleanup", Time since last: 15001368803 ns, Reaching safepoint: 86044 ns, At safepoint: 8882 ns, Total: 94926 ns
[2024-03-01T14:14:49.219+0000][7][safepoint   ] Safepoint "Cleanup", Time since last: 7000681289 ns, Reaching safepoint: 84761 ns, At safepoint: 5660 ns, Total: 90421 ns
[2024-03-01T14:15:43.225+0000][7][safepoint   ] Safepoint "Cleanup", Time since last: 54006233535 ns, Reaching safepoint: 83325 ns, At safepoint: 6545 ns, Total: 89870 ns
[2024-03-01T14:16:26.229+0000][7][safepoint   ] Safepoint "Cleanup", Time since last: 43003659182 ns, Reaching safepoint: 68555 ns, At safepoint: 7215 ns, Total: 75770 ns
[2024-03-01T14:16:54.232+0000][7][safepoint   ] Safepoint "Cleanup", Time since last: 28002867168 ns, Reaching safepoint: 133957 ns, At safepoint: 6365 ns, Total: 140322 ns
[2024-03-01T14:17:37.237+0000][7][safepoint   ] Safepoint "Cleanup", Time since last: 43004573228 ns, Reaching safepoint: 95869 ns, At safepoint: 7128 ns, Total: 102997 ns
[2024-03-01T14:17:57.214+0000][7][gc,start    ] GC(53) Pause Young (Normal) (G1 Evacuation Pause)
[2024-03-01T14:17:57.214+0000][7][gc,task     ] GC(53) Using 8 workers of 8 for evacuation
[2024-03-01T14:17:57.214+0000][7][gc,age      ] GC(53) Desired survivor size 41943040 bytes, new threshold 15 (max threshold 15)
[2024-03-01T14:17:57.216+0000][7][gc,phases   ] GC(53)   Pre Evacuate Collection Set: 0.1ms
[2024-03-01T14:17:57.217+0000][7][gc,phases   ] GC(53)   Merge Heap Roots: 0.1ms
[2024-03-01T14:17:57.217+0000][7][gc,phases   ] GC(53)   Evacuate Collection Set: 1.6ms
[2024-03-01T14:17:57.217+0000][7][gc,phases   ] GC(53)   Post Evacuate Collection Set: 0.8ms
[2024-03-01T14:17:57.217+0000][7][gc,phases   ] GC(53)   Other: 0.1ms
[2024-03-01T14:17:57.217+0000][7][gc,age      ] GC(53) Age table with threshold 15 (max threshold 15)
[2024-03-01T14:17:57.217+0000][7][gc,age      ] GC(53) - age   1:    1125784 bytes,    1125784 total
[2024-03-01T14:17:57.217+0000][7][gc,age      ] GC(53) - age   2:       5336 bytes,    1131120 total
[2024-03-01T14:17:57.217+0000][7][gc,age      ] GC(53) - age   3:       4544 bytes,    1135664 total
[2024-03-01T14:17:57.217+0000][7][gc,age      ] GC(53) - age   4:      12112 bytes,    1147776 total
[2024-03-01T14:17:57.217+0000][7][gc,age      ] GC(53) - age   5:       2184 bytes,    1149960 total
[2024-03-01T14:17:57.217+0000][7][gc,age      ] GC(53) - age   6:     123392 bytes,    1273352 total
[2024-03-01T14:17:57.217+0000][7][gc,age      ] GC(53) - age   7:       2536 bytes,    1275888 total
[2024-03-01T14:17:57.217+0000][7][gc,age      ] GC(53) - age   8:     424328 bytes,    1700216 total
[2024-03-01T14:17:57.217+0000][7][gc,age      ] GC(53) - age   9:        584 bytes,    1700800 total
[2024-03-01T14:17:57.217+0000][7][gc,age      ] GC(53) - age  10:        480 bytes,    1701280 total
[2024-03-01T14:17:57.217+0000][7][gc,age      ] GC(53) - age  11:        840 bytes,    1702120 total
[2024-03-01T14:17:57.217+0000][7][gc,age      ] GC(53) - age  12:       1280 bytes,    1703400 total
[2024-03-01T14:17:57.217+0000][7][gc,age      ] GC(53) - age  13:       1848 bytes,    1705248 total
[2024-03-01T14:17:57.217+0000][7][gc,age      ] GC(53) - age  14:        424 bytes,    1705672 total
[2024-03-01T14:17:57.217+0000][7][gc,age      ] GC(53) - age  15:        880 bytes,    1706552 total
[2024-03-01T14:17:57.217+0000][7][gc,heap     ] GC(53) Eden regions: 152->0(152)
[2024-03-01T14:17:57.217+0000][7][gc,heap     ] GC(53) Survivor regions: 1->1(20)
[2024-03-01T14:17:57.217+0000][7][gc,heap     ] GC(53) Old regions: 22->22
[2024-03-01T14:17:57.217+0000][7][gc,heap     ] GC(53) Archive regions: 2->2
[2024-03-01T14:17:57.217+0000][7][gc,heap     ] GC(53) Humongous regions: 0->0
[2024-03-01T14:17:57.217+0000][7][gc,metaspace] GC(53) Metaspace: 125580K(128960K)->125580K(128960K) NonClass: 109188K(110976K)->109188K(110976K) Class: 16391K(17984K)->16391K(17984K)
[2024-03-01T14:17:57.217+0000][7][gc          ] GC(53) Pause Young (Normal) (G1 Evacuation Pause) 699M->91M(1024M) 3.055ms
[2024-03-01T14:17:57.217+0000][7][gc,cpu      ] GC(53) User=0.02s Sys=0.00s Real=0.00s
[2024-03-01T14:17:57.217+0000][7][safepoint   ] Safepoint "G1CollectForAllocation", Time since last: 19976895151 ns, Reaching safepoint: 42173 ns, At safepoint: 3148868 ns, Total: 3191041 ns
[2024-03-01T14:18:37.221+0000][7][safepoint   ] Safepoint "Cleanup", Time since last: 40004299490 ns, Reaching safepoint: 89288 ns, At safepoint: 7241 ns, Total: 96529 ns
[2024-03-01T14:18:55.223+0000][7][safepoint   ] Safepoint "Cleanup", Time since last: 18002163389 ns, Reaching safepoint: 65618 ns, At safepoint: 7011 ns, Total: 72629 ns
[2024-03-01T14:19:26.227+0000][7][safepoint   ] Safepoint "Cleanup", Time since last: 31003323688 ns, Reaching safepoint: 58933 ns, At safepoint: 15148 ns, Total: 74081 ns
[2024-03-01T14:19:56.230+0000][7][safepoint   ] Safepoint "Cleanup", Time since last: 30002920110 ns, Reaching safepoint: 64549 ns, At safepoint: 33527 ns, Total: 98076 ns
[2024-03-01T14:20:05.231+0000][7][safepoint   ] Safepoint "Cleanup", Time since last: 9000825403 ns, Reaching safepoint: 86550 ns, At safepoint: 8991 ns, Total: 95541 ns
[2024-03-01T14:20:13.232+0000][7][safepoint   ] Safepoint "Cleanup", Time since last: 8000737153 ns, Reaching safepoint: 86571 ns, At safepoint: 11369 ns, Total: 97940 ns
[2024-03-01T14:20:43.235+0000][7][safepoint   ] Safepoint "Cleanup", Time since last: 30002977894 ns, Reaching safepoint: 65533 ns, At safepoint: 35920 ns, Total: 101453 ns
[2024-03-01T14:20:55.236+0000][7][safepoint   ] Safepoint "Cleanup", Time since last: 12001587920 ns, Reaching safepoint: 59596 ns, At safepoint: 5928 ns, Total: 65524 ns
[2024-03-01T14:21:24.225+0000][7][gc,start    ] GC(54) Pause Young (Normal) (G1 Evacuation Pause)
[2024-03-01T14:21:24.225+0000][7][gc,task     ] GC(54) Using 8 workers of 8 for evacuation
[2024-03-01T14:21:24.225+0000][7][gc,age      ] GC(54) Desired survivor size 41943040 bytes, new threshold 15 (max threshold 15)
[2024-03-01T14:21:24.227+0000][7][gc,phases   ] GC(54)   Pre Evacuate Collection Set: 0.1ms
[2024-03-01T14:21:24.227+0000][7][gc,phases   ] GC(54)   Merge Heap Roots: 0.1ms
[2024-03-01T14:21:24.227+0000][7][gc,phases   ] GC(54)   Evacuate Collection Set: 1.5ms
[2024-03-01T14:21:24.227+0000][7][gc,phases   ] GC(54)   Post Evacuate Collection Set: 0.8ms
[2024-03-01T14:21:24.227+0000][7][gc,phases   ] GC(54)   Other: 0.1ms
[2024-03-01T14:21:24.228+0000][7][gc,age      ] GC(54) Age table with threshold 15 (max threshold 15)
[2024-03-01T14:21:24.228+0000][7][gc,age      ] GC(54) - age   1:     858304 bytes,     858304 total
[2024-03-01T14:21:24.228+0000][7][gc,age      ] GC(54) - age   2:       9928 bytes,     868232 total
[2024-03-01T14:21:24.228+0000][7][gc,age      ] GC(54) - age   3:       4144 bytes,     872376 total
[2024-03-01T14:21:24.228+0000][7][gc,age      ] GC(54) - age   4:        960 bytes,     873336 total
[2024-03-01T14:21:24.228+0000][7][gc,age      ] GC(54) - age   5:      11704 bytes,     885040 total
[2024-03-01T14:21:24.228+0000][7][gc,age      ] GC(54) - age   6:       1584 bytes,     886624 total
[2024-03-01T14:21:24.228+0000][7][gc,age      ] GC(54) - age   7:      15168 bytes,     901792 total
[2024-03-01T14:21:24.228+0000][7][gc,age      ] GC(54) - age   8:       2536 bytes,     904328 total
[2024-03-01T14:21:24.228+0000][7][gc,age      ] GC(54) - age   9:     423944 bytes,    1328272 total
[2024-03-01T14:21:24.228+0000][7][gc,age      ] GC(54) - age  10:        584 bytes,    1328856 total
[2024-03-01T14:21:24.228+0000][7][gc,age      ] GC(54) - age  11:        480 bytes,    1329336 total
[2024-03-01T14:21:24.228+0000][7][gc,age      ] GC(54) - age  12:        840 bytes,    1330176 total
[2024-03-01T14:21:24.228+0000][7][gc,age      ] GC(54) - age  13:       1280 bytes,    1331456 total
[2024-03-01T14:21:24.228+0000][7][gc,age      ] GC(54) - age  14:       1848 bytes,    1333304 total
[2024-03-01T14:21:24.228+0000][7][gc,age      ] GC(54) - age  15:        424 bytes,    1333728 total
[2024-03-01T14:21:24.228+0000][7][gc,heap     ] GC(54) Eden regions: 152->0(152)
[2024-03-01T14:21:24.228+0000][7][gc,heap     ] GC(54) Survivor regions: 1->1(20)
[2024-03-01T14:21:24.228+0000][7][gc,heap     ] GC(54) Old regions: 22->22
[2024-03-01T14:21:24.228+0000][7][gc,heap     ] GC(54) Archive regions: 2->2
[2024-03-01T14:21:24.228+0000][7][gc,heap     ] GC(54) Humongous regions: 0->0
[2024-03-01T14:21:24.228+0000][7][gc,metaspace] GC(54) Metaspace: 125588K(128960K)->125588K(128960K) NonClass: 109197K(110976K)->109197K(110976K) Class: 16391K(17984K)->16391K(17984K)
[2024-03-01T14:21:24.228+0000][7][gc          ] GC(54) Pause Young (Normal) (G1 Evacuation Pause) 699M->91M(1024M) 3.050ms
[2024-03-01T14:21:24.228+0000][7][gc,cpu      ] GC(54) User=0.01s Sys=0.00s Real=0.01s
[2024-03-01T14:21:24.228+0000][7][safepoint   ] Safepoint "G1CollectForAllocation", Time since last: 28988278301 ns, Reaching safepoint: 57025 ns, At safepoint: 3159140 ns, Total: 3216165 ns
[2024-03-01T14:21:43.230+0000][7][safepoint   ] Safepoint "Cleanup", Time since last: 19001736248 ns, Reaching safepoint: 72862 ns, At safepoint: 8261 ns, Total: 81123 ns
[2024-03-01T14:22:36.235+0000][7][safepoint   ] Safepoint "Cleanup", Time since last: 53004760753 ns, Reaching safepoint: 132394 ns, At safepoint: 6661 ns, Total: 139055 ns
[2024-03-01T14:22:56.237+0000][7][safepoint   ] Safepoint "Cleanup", Time since last: 20002459389 ns, Reaching safepoint: 63815 ns, At safepoint: 7754 ns, Total: 71569 ns
[2024-03-01T14:22:58.237+0000][7][safepoint   ] Safepoint "Cleanup", Time since last: 2000285979 ns, Reaching safepoint: 92985 ns, At safepoint: 9270 ns, Total: 102255 ns
[2024-03-01T14:23:03.238+0000][7][safepoint   ] Safepoint "Cleanup", Time since last: 5000438778 ns, Reaching safepoint: 47845 ns, At safepoint: 28643 ns, Total: 76488 ns
[2024-03-01T14:23:07.238+0000][7][safepoint   ] Safepoint "Cleanup", Time since last: 4000376769 ns, Reaching safepoint: 108261 ns, At safepoint: 21949 ns, Total: 130210 ns
[2024-03-01T14:24:07.244+0000][7][safepoint   ] Safepoint "Cleanup", Time since last: 60005531418 ns, Reaching safepoint: 130477 ns, At safepoint: 24540 ns, Total: 155017 ns
[2024-03-01T14:24:37.247+0000][7][safepoint   ] Safepoint "Cleanup", Time since last: 30003025652 ns, Reaching safepoint: 83326 ns, At safepoint: 9593 ns, Total: 92919 ns
[2024-03-01T14:25:00.250+0000][7][safepoint   ] Safepoint "Cleanup", Time since last: 23002631068 ns, Reaching safepoint: 76544 ns, At safepoint: 8846 ns, Total: 85390 ns
[2024-03-01T14:25:00.266+0000][7][gc,start    ] GC(55) Pause Young (Normal) (G1 Evacuation Pause)
[2024-03-01T14:25:00.266+0000][7][gc,task     ] GC(55) Using 8 workers of 8 for evacuation
[2024-03-01T14:25:00.266+0000][7][gc,age      ] GC(55) Desired survivor size 41943040 bytes, new threshold 15 (max threshold 15)
[2024-03-01T14:25:00.269+0000][7][gc,phases   ] GC(55)   Pre Evacuate Collection Set: 0.1ms
[2024-03-01T14:25:00.269+0000][7][gc,phases   ] GC(55)   Merge Heap Roots: 0.1ms
[2024-03-01T14:25:00.269+0000][7][gc,phases   ] GC(55)   Evacuate Collection Set: 1.6ms
[2024-03-01T14:25:00.269+0000][7][gc,phases   ] GC(55)   Post Evacuate Collection Set: 0.7ms
[2024-03-01T14:25:00.269+0000][7][gc,phases   ] GC(55)   Other: 0.1ms
[2024-03-01T14:25:00.269+0000][7][gc,age      ] GC(55) Age table with threshold 15 (max threshold 15)
[2024-03-01T14:25:00.269+0000][7][gc,age      ] GC(55) - age   1:     965784 bytes,     965784 total
[2024-03-01T14:25:00.269+0000][7][gc,age      ] GC(55) - age   2:     158496 bytes,    1124280 total
[2024-03-01T14:25:00.269+0000][7][gc,age      ] GC(55) - age   3:        160 bytes,    1124440 total
[2024-03-01T14:25:00.269+0000][7][gc,age      ] GC(55) - age   4:       3272 bytes,    1127712 total
[2024-03-01T14:25:00.269+0000][7][gc,age      ] GC(55) - age   5:        960 bytes,    1128672 total
[2024-03-01T14:25:00.269+0000][7][gc,age      ] GC(55) - age   6:      11704 bytes,    1140376 total
[2024-03-01T14:25:00.269+0000][7][gc,age      ] GC(55) - age   7:       1552 bytes,    1141928 total
[2024-03-01T14:25:00.269+0000][7][gc,age      ] GC(55) - age   8:      14912 bytes,    1156840 total
[2024-03-01T14:25:00.269+0000][7][gc,age      ] GC(55) - age   9:       2536 bytes,    1159376 total
[2024-03-01T14:25:00.269+0000][7][gc,age      ] GC(55) - age  10:     423944 bytes,    1583320 total
[2024-03-01T14:25:00.269+0000][7][gc,age      ] GC(55) - age  11:        584 bytes,    1583904 total
[2024-03-01T14:25:00.269+0000][7][gc,age      ] GC(55) - age  12:        480 bytes,    1584384 total
[2024-03-01T14:25:00.269+0000][7][gc,age      ] GC(55) - age  13:        840 bytes,    1585224 total
[2024-03-01T14:25:00.269+0000][7][gc,age      ] GC(55) - age  14:       1280 bytes,    1586504 total
[2024-03-01T14:25:00.269+0000][7][gc,age      ] GC(55) - age  15:       1848 bytes,    1588352 total
[2024-03-01T14:25:00.269+0000][7][gc,heap     ] GC(55) Eden regions: 152->0(152)
[2024-03-01T14:25:00.269+0000][7][gc,heap     ] GC(55) Survivor regions: 1->1(20)
[2024-03-01T14:25:00.269+0000][7][gc,heap     ] GC(55) Old regions: 22->22
[2024-03-01T14:25:00.269+0000][7][gc,heap     ] GC(55) Archive regions: 2->2
[2024-03-01T14:25:00.269+0000][7][gc,heap     ] GC(55) Humongous regions: 0->0
[2024-03-01T14:25:00.269+0000][7][gc,metaspace] GC(55) Metaspace: 125606K(128960K)->125606K(128960K) NonClass: 109215K(110976K)->109215K(110976K) Class: 16391K(17984K)->16391K(17984K)
[2024-03-01T14:25:00.269+0000][7][gc          ] GC(55) Pause Young (Normal) (G1 Evacuation Pause) 699M->91M(1024M) 2.836ms
[2024-03-01T14:25:00.269+0000][7][gc,cpu      ] GC(55) User=0.01s Sys=0.00s Real=0.00s
[2024-03-01T14:25:00.269+0000][7][safepoint   ] Safepoint "G1CollectForAllocation", Time since last: 16179426 ns, Reaching safepoint: 49740 ns, At safepoint: 2927514 ns, Total: 2977254 ns
[2024-03-01T14:25:26.272+0000][7][safepoint   ] Safepoint "Cleanup", Time since last: 26002303249 ns, Reaching safepoint: 54781 ns, At safepoint: 7730 ns, Total: 62511 ns
[2024-03-01T14:25:37.273+0000][7][safepoint   ] Safepoint "Cleanup", Time since last: 11001250719 ns, Reaching safepoint: 57418 ns, At safepoint: 33657 ns, Total: 91075 ns
[2024-03-01T14:25:56.275+0000][7][safepoint   ] Safepoint "Cleanup", Time since last: 19001875129 ns, Reaching safepoint: 61814 ns, At safepoint: 10760 ns, Total: 72574 ns
[2024-03-01T14:27:08.173+0000][7][safepoint   ] Safepoint "Cleanup", Time since last: 71007943696 ns, Reaching safepoint: 91334 ns, At safepoint: 5621 ns, Total: 96955 ns
[2024-03-01T14:27:27.175+0000][7][safepoint   ] Safepoint "Cleanup", Time since last: 19002448172 ns, Reaching safepoint: 49475 ns, At safepoint: 36795 ns, Total: 86270 ns
[2024-03-01T14:27:47.177+0000][7][safepoint   ] Safepoint "Cleanup", Time since last: 20001774249 ns, Reaching safepoint: 73031 ns, At safepoint: 7733 ns, Total: 80764 ns
[2024-03-01T14:28:08.040+0000][7][gc,start    ] GC(56) Pause Young (Normal) (G1 Evacuation Pause)
[2024-03-01T14:28:08.040+0000][7][gc,task     ] GC(56) Using 8 workers of 8 for evacuation
[2024-03-01T14:28:08.040+0000][7][gc,age      ] GC(56) Desired survivor size 41943040 bytes, new threshold 15 (max threshold 15)
[2024-03-01T14:28:08.043+0000][7][gc,phases   ] GC(56)   Pre Evacuate Collection Set: 0.1ms
[2024-03-01T14:28:08.043+0000][7][gc,phases   ] GC(56)   Merge Heap Roots: 0.1ms
[2024-03-01T14:28:08.043+0000][7][gc,phases   ] GC(56)   Evacuate Collection Set: 1.4ms
[2024-03-01T14:28:08.043+0000][7][gc,phases   ] GC(56)   Post Evacuate Collection Set: 0.7ms
[2024-03-01T14:28:08.043+0000][7][gc,phases   ] GC(56)   Other: 0.1ms
[2024-03-01T14:28:08.043+0000][7][gc,age      ] GC(56) Age table with threshold 15 (max threshold 15)
[2024-03-01T14:28:08.043+0000][7][gc,age      ] GC(56) - age   1:     987168 bytes,     987168 total
[2024-03-01T14:28:08.043+0000][7][gc,age      ] GC(56) - age   2:       4264 bytes,     991432 total
[2024-03-01T14:28:08.043+0000][7][gc,age      ] GC(56) - age   3:      80944 bytes,    1072376 total
[2024-03-01T14:28:08.043+0000][7][gc,age      ] GC(56) - age   4:         96 bytes,    1072472 total
[2024-03-01T14:28:08.043+0000][7][gc,age      ] GC(56) - age   5:       3272 bytes,    1075744 total
[2024-03-01T14:28:08.043+0000][7][gc,age      ] GC(56) - age   6:        960 bytes,    1076704 total
[2024-03-01T14:28:08.043+0000][7][gc,age      ] GC(56) - age   7:      11704 bytes,    1088408 total
[2024-03-01T14:28:08.043+0000][7][gc,age      ] GC(56) - age   8:       1552 bytes,    1089960 total
[2024-03-01T14:28:08.043+0000][7][gc,age      ] GC(56) - age   9:        784 bytes,    1090744 total
[2024-03-01T14:28:08.043+0000][7][gc,age      ] GC(56) - age  10:       2536 bytes,    1093280 total
[2024-03-01T14:28:08.043+0000][7][gc,age      ] GC(56) - age  11:     423944 bytes,    1517224 total
[2024-03-01T14:28:08.043+0000][7][gc,age      ] GC(56) - age  12:        584 bytes,    1517808 total
[2024-03-01T14:28:08.043+0000][7][gc,age      ] GC(56) - age  13:        296 bytes,    1518104 total
[2024-03-01T14:28:08.043+0000][7][gc,age      ] GC(56) - age  14:        840 bytes,    1518944 total
[2024-03-01T14:28:08.043+0000][7][gc,age      ] GC(56) - age  15:       1280 bytes,    1520224 total
[2024-03-01T14:28:08.043+0000][7][gc,heap     ] GC(56) Eden regions: 152->0(152)
[2024-03-01T14:28:08.043+0000][7][gc,heap     ] GC(56) Survivor regions: 1->1(20)
[2024-03-01T14:28:08.043+0000][7][gc,heap     ] GC(56) Old regions: 22->22
[2024-03-01T14:28:08.043+0000][7][gc,heap     ] GC(56) Archive regions: 2->2
[2024-03-01T14:28:08.043+0000][7][gc,heap     ] GC(56) Humongous regions: 0->0
[2024-03-01T14:28:08.043+0000][7][gc,metaspace] GC(56) Metaspace: 125660K(129024K)->125660K(129024K) NonClass: 109269K(111040K)->109269K(111040K) Class: 16391K(17984K)->16391K(17984K)
[2024-03-01T14:28:08.043+0000][7][gc          ] GC(56) Pause Young (Normal) (G1 Evacuation Pause) 699M->91M(1024M) 2.750ms
[2024-03-01T14:28:08.043+0000][7][gc,cpu      ] GC(56) User=0.01s Sys=0.00s Real=0.00s
[2024-03-01T14:28:08.043+0000][7][safepoint   ] Safepoint "G1CollectForAllocation", Time since last: 20862696667 ns, Reaching safepoint: 79060 ns, At safepoint: 2834380 ns, Total: 2913440 ns
[2024-03-01T14:28:58.048+0000][7][safepoint   ] Safepoint "Cleanup", Time since last: 50004871784 ns, Reaching safepoint: 62922 ns, At safepoint: 7928 ns, Total: 70850 ns
[2024-03-01T14:29:27.050+0000][7][safepoint   ] Safepoint "Cleanup", Time since last: 29002497422 ns, Reaching safepoint: 70005 ns, At safepoint: 32762 ns, Total: 102767 ns
[2024-03-01T14:30:52.229+0000][7][gc,start    ] GC(57) Pause Young (Normal) (G1 Evacuation Pause)
[2024-03-01T14:30:52.229+0000][7][gc,task     ] GC(57) Using 8 workers of 8 for evacuation
[2024-03-01T14:30:52.229+0000][7][gc,age      ] GC(57) Desired survivor size 41943040 bytes, new threshold 15 (max threshold 15)
[2024-03-01T14:30:52.232+0000][7][gc,phases   ] GC(57)   Pre Evacuate Collection Set: 0.1ms
[2024-03-01T14:30:52.232+0000][7][gc,phases   ] GC(57)   Merge Heap Roots: 0.1ms
[2024-03-01T14:30:52.232+0000][7][gc,phases   ] GC(57)   Evacuate Collection Set: 1.4ms
[2024-03-01T14:30:52.232+0000][7][gc,phases   ] GC(57)   Post Evacuate Collection Set: 0.9ms
[2024-03-01T14:30:52.232+0000][7][gc,phases   ] GC(57)   Other: 0.1ms
[2024-03-01T14:30:52.232+0000][7][gc,age      ] GC(57) Age table with threshold 15 (max threshold 15)
[2024-03-01T14:30:52.232+0000][7][gc,age      ] GC(57) - age   1:     723696 bytes,     723696 total
[2024-03-01T14:30:52.232+0000][7][gc,age      ] GC(57) - age   2:     120448 bytes,     844144 total
[2024-03-01T14:30:52.232+0000][7][gc,age      ] GC(57) - age   3:       1904 bytes,     846048 total
[2024-03-01T14:30:52.232+0000][7][gc,age      ] GC(57) - age   4:      77232 bytes,     923280 total
[2024-03-01T14:30:52.232+0000][7][gc,age      ] GC(57) - age   5:         96 bytes,     923376 total
[2024-03-01T14:30:52.232+0000][7][gc,age      ] GC(57) - age   6:       3272 bytes,     926648 total
[2024-03-01T14:30:52.232+0000][7][gc,age      ] GC(57) - age   7:        576 bytes,     927224 total
[2024-03-01T14:30:52.232+0000][7][gc,age      ] GC(57) - age   8:      11704 bytes,     938928 total
[2024-03-01T14:30:52.232+0000][7][gc,age      ] GC(57) - age   9:       1552 bytes,     940480 total
[2024-03-01T14:30:52.232+0000][7][gc,age      ] GC(57) - age  10:        784 bytes,     941264 total
[2024-03-01T14:30:52.232+0000][7][gc,age      ] GC(57) - age  11:       2536 bytes,     943800 total
[2024-03-01T14:30:52.232+0000][7][gc,age      ] GC(57) - age  12:     423912 bytes,    1367712 total
[2024-03-01T14:30:52.232+0000][7][gc,age      ] GC(57) - age  13:        584 bytes,    1368296 total
[2024-03-01T14:30:52.232+0000][7][gc,age      ] GC(57) - age  14:        296 bytes,    1368592 total
[2024-03-01T14:30:52.232+0000][7][gc,age      ] GC(57) - age  15:        840 bytes,    1369432 total
[2024-03-01T14:30:52.232+0000][7][gc,heap     ] GC(57) Eden regions: 152->0(152)
[2024-03-01T14:30:52.232+0000][7][gc,heap     ] GC(57) Survivor regions: 1->1(20)
[2024-03-01T14:30:52.232+0000][7][gc,heap     ] GC(57) Old regions: 22->22
[2024-03-01T14:30:52.232+0000][7][gc,heap     ] GC(57) Archive regions: 2->2
[2024-03-01T14:30:52.232+0000][7][gc,heap     ] GC(57) Humongous regions: 0->0
[2024-03-01T14:30:52.232+0000][7][gc,metaspace] GC(57) Metaspace: 125664K(129024K)->125664K(129024K) NonClass: 109273K(111040K)->109273K(111040K) Class: 16391K(17984K)->16391K(17984K)
[2024-03-01T14:30:52.232+0000][7][gc          ] GC(57) Pause Young (Normal) (G1 Evacuation Pause) 699M->91M(1024M) 3.053ms
[2024-03-01T14:30:52.232+0000][7][gc,cpu      ] GC(57) User=0.01s Sys=0.00s Real=0.00s
[2024-03-01T14:30:52.232+0000][7][safepoint   ] Safepoint "G1CollectForAllocation", Time since last: 85178803854 ns, Reaching safepoint: 74597 ns, At safepoint: 3158310 ns, Total: 3232907 ns
[2024-03-01T14:32:49.246+0000][7][safepoint   ] Safepoint "Cleanup", Time since last: 117013678929 ns, Reaching safepoint: 106753 ns, At safepoint: 7401 ns, Total: 114154 ns
[2024-03-01T14:32:52.247+0000][7][safepoint   ] Safepoint "Cleanup", Time since last: 3000490378 ns, Reaching safepoint: 67202 ns, At safepoint: 7778 ns, Total: 74980 ns
[2024-03-01T14:32:55.247+0000][7][safepoint   ] Safepoint "Cleanup", Time since last: 3000373733 ns, Reaching safepoint: 99109 ns, At safepoint: 4781 ns, Total: 103890 ns
[2024-03-01T14:32:58.248+0000][7][safepoint   ] Safepoint "Cleanup", Time since last: 3000372681 ns, Reaching safepoint: 54272 ns, At safepoint: 6454 ns, Total: 60726 ns
[2024-03-01T14:33:08.249+0000][7][safepoint   ] Safepoint "Cleanup", Time since last: 10001423032 ns, Reaching safepoint: 111531 ns, At safepoint: 7683 ns, Total: 119214 ns
[2024-03-01T14:33:40.188+0000][7][gc,start    ] GC(58) Pause Young (Normal) (G1 Evacuation Pause)
[2024-03-01T14:33:40.188+0000][7][gc,task     ] GC(58) Using 8 workers of 8 for evacuation
[2024-03-01T14:33:40.188+0000][7][gc,age      ] GC(58) Desired survivor size 41943040 bytes, new threshold 15 (max threshold 15)
[2024-03-01T14:33:40.190+0000][7][gc,phases   ] GC(58)   Pre Evacuate Collection Set: 0.1ms
[2024-03-01T14:33:40.190+0000][7][gc,phases   ] GC(58)   Merge Heap Roots: 0.1ms
[2024-03-01T14:33:40.190+0000][7][gc,phases   ] GC(58)   Evacuate Collection Set: 1.5ms
[2024-03-01T14:33:40.190+0000][7][gc,phases   ] GC(58)   Post Evacuate Collection Set: 0.7ms
[2024-03-01T14:33:40.190+0000][7][gc,phases   ] GC(58)   Other: 0.1ms
[2024-03-01T14:33:40.190+0000][7][gc,age      ] GC(58) Age table with threshold 15 (max threshold 15)
[2024-03-01T14:33:40.190+0000][7][gc,age      ] GC(58) - age   1:    1294176 bytes,    1294176 total
[2024-03-01T14:33:40.190+0000][7][gc,age      ] GC(58) - age   2:      22304 bytes,    1316480 total
[2024-03-01T14:33:40.190+0000][7][gc,age      ] GC(58) - age   3:     118328 bytes,    1434808 total
[2024-03-01T14:33:40.190+0000][7][gc,age      ] GC(58) - age   4:        832 bytes,    1435640 total
[2024-03-01T14:33:40.190+0000][7][gc,age      ] GC(58) - age   5:      77232 bytes,    1512872 total
[2024-03-01T14:33:40.190+0000][7][gc,age      ] GC(58) - age   6:         96 bytes,    1512968 total
[2024-03-01T14:33:40.190+0000][7][gc,age      ] GC(58) - age   7:       3056 bytes,    1516024 total
[2024-03-01T14:33:40.190+0000][7][gc,age      ] GC(58) - age   8:        576 bytes,    1516600 total
[2024-03-01T14:33:40.190+0000][7][gc,age      ] GC(58) - age   9:      11704 bytes,    1528304 total
[2024-03-01T14:33:40.190+0000][7][gc,age      ] GC(58) - age  10:       1552 bytes,    1529856 total
[2024-03-01T14:33:40.190+0000][7][gc,age      ] GC(58) - age  11:        784 bytes,    1530640 total
[2024-03-01T14:33:40.190+0000][7][gc,age      ] GC(58) - age  12:       2536 bytes,    1533176 total
[2024-03-01T14:33:40.190+0000][7][gc,age      ] GC(58) - age  13:     423912 bytes,    1957088 total
[2024-03-01T14:33:40.190+0000][7][gc,age      ] GC(58) - age  14:        584 bytes,    1957672 total
[2024-03-01T14:33:40.190+0000][7][gc,age      ] GC(58) - age  15:        296 bytes,    1957968 total
[2024-03-01T14:33:40.190+0000][7][gc,heap     ] GC(58) Eden regions: 152->0(152)
[2024-03-01T14:33:40.190+0000][7][gc,heap     ] GC(58) Survivor regions: 1->1(20)
[2024-03-01T14:33:40.190+0000][7][gc,heap     ] GC(58) Old regions: 22->22
[2024-03-01T14:33:40.190+0000][7][gc,heap     ] GC(58) Archive regions: 2->2
[2024-03-01T14:33:40.190+0000][7][gc,heap     ] GC(58) Humongous regions: 0->0
[2024-03-01T14:33:40.190+0000][7][gc,metaspace] GC(58) Metaspace: 125668K(129024K)->125668K(129024K) NonClass: 109276K(111040K)->109276K(111040K) Class: 16391K(17984K)->16391K(17984K)
[2024-03-01T14:33:40.190+0000][7][gc          ] GC(58) Pause Young (Normal) (G1 Evacuation Pause) 699M->91M(1024M) 2.785ms
[2024-03-01T14:33:40.190+0000][7][gc,cpu      ] GC(58) User=0.01s Sys=0.00s Real=0.00s
[2024-03-01T14:33:40.191+0000][7][safepoint   ] Safepoint "G1CollectForAllocation", Time since last: 31938276577 ns, Reaching safepoint: 89945 ns, At safepoint: 2869886 ns, Total: 2959831 ns
[2024-03-01T14:34:08.196+0000][7][safepoint   ] Safepoint "Cleanup", Time since last: 28004916382 ns, Reaching safepoint: 116971 ns, At safepoint: 16718 ns, Total: 133689 ns
[2024-03-01T14:35:08.206+0000][7][safepoint   ] Safepoint "Cleanup", Time since last: 60010329749 ns, Reaching safepoint: 116918 ns, At safepoint: 10938 ns, Total: 127856 ns
[2024-03-01T14:36:20.219+0000][7][safepoint   ] Safepoint "Cleanup", Time since last: 72012868612 ns, Reaching safepoint: 87364 ns, At safepoint: 47909 ns, Total: 135273 ns
[2024-03-01T14:36:28.176+0000][7][gc,start    ] GC(59) Pause Young (Normal) (G1 Evacuation Pause)
[2024-03-01T14:36:28.177+0000][7][gc,task     ] GC(59) Using 8 workers of 8 for evacuation
[2024-03-01T14:36:28.177+0000][7][gc,age      ] GC(59) Desired survivor size 41943040 bytes, new threshold 15 (max threshold 15)
[2024-03-01T14:36:28.179+0000][7][gc,phases   ] GC(59)   Pre Evacuate Collection Set: 0.1ms
[2024-03-01T14:36:28.179+0000][7][gc,phases   ] GC(59)   Merge Heap Roots: 0.1ms
[2024-03-01T14:36:28.179+0000][7][gc,phases   ] GC(59)   Evacuate Collection Set: 1.5ms
[2024-03-01T14:36:28.179+0000][7][gc,phases   ] GC(59)   Post Evacuate Collection Set: 0.8ms
[2024-03-01T14:36:28.179+0000][7][gc,phases   ] GC(59)   Other: 0.1ms
[2024-03-01T14:36:28.179+0000][7][gc,age      ] GC(59) Age table with threshold 15 (max threshold 15)
[2024-03-01T14:36:28.179+0000][7][gc,age      ] GC(59) - age   1:    1021696 bytes,    1021696 total
[2024-03-01T14:36:28.179+0000][7][gc,age      ] GC(59) - age   2:       4352 bytes,    1026048 total
[2024-03-01T14:36:28.179+0000][7][gc,age      ] GC(59) - age   3:      19624 bytes,    1045672 total
[2024-03-01T14:36:28.179+0000][7][gc,age      ] GC(59) - age   4:     110248 bytes,    1155920 total
[2024-03-01T14:36:28.179+0000][7][gc,age      ] GC(59) - age   5:        832 bytes,    1156752 total
[2024-03-01T14:36:28.179+0000][7][gc,age      ] GC(59) - age   6:      76840 bytes,    1233592 total
[2024-03-01T14:36:28.179+0000][7][gc,age      ] GC(59) - age   7:         96 bytes,    1233688 total
[2024-03-01T14:36:28.179+0000][7][gc,age      ] GC(59) - age   8:       3056 bytes,    1236744 total
[2024-03-01T14:36:28.179+0000][7][gc,age      ] GC(59) - age   9:        576 bytes,    1237320 total
[2024-03-01T14:36:28.179+0000][7][gc,age      ] GC(59) - age  10:      11704 bytes,    1249024 total
[2024-03-01T14:36:28.179+0000][7][gc,age      ] GC(59) - age  11:       1552 bytes,    1250576 total
[2024-03-01T14:36:28.179+0000][7][gc,age      ] GC(59) - age  12:        784 bytes,    1251360 total
[2024-03-01T14:36:28.179+0000][7][gc,age      ] GC(59) - age  13:       2536 bytes,    1253896 total
[2024-03-01T14:36:28.179+0000][7][gc,age      ] GC(59) - age  14:     423912 bytes,    1677808 total
[2024-03-01T14:36:28.179+0000][7][gc,age      ] GC(59) - age  15:        584 bytes,    1678392 total
[2024-03-01T14:36:28.179+0000][7][gc,heap     ] GC(59) Eden regions: 152->0(152)
[2024-03-01T14:36:28.179+0000][7][gc,heap     ] GC(59) Survivor regions: 1->1(20)
[2024-03-01T14:36:28.179+0000][7][gc,heap     ] GC(59) Old regions: 22->22
[2024-03-01T14:36:28.179+0000][7][gc,heap     ] GC(59) Archive regions: 2->2
[2024-03-01T14:36:28.179+0000][7][gc,heap     ] GC(59) Humongous regions: 0->0
[2024-03-01T14:36:28.179+0000][7][gc,metaspace] GC(59) Metaspace: 125674K(129024K)->125674K(129024K) NonClass: 109282K(111040K)->109282K(111040K) Class: 16391K(17984K)->16391K(17984K)
[2024-03-01T14:36:28.179+0000][7][gc          ] GC(59) Pause Young (Normal) (G1 Evacuation Pause) 699M->91M(1024M) 2.985ms
[2024-03-01T14:36:28.179+0000][7][gc,cpu      ] GC(59) User=0.02s Sys=0.00s Real=0.00s
[2024-03-01T14:36:28.179+0000][7][safepoint   ] Safepoint "G1CollectForAllocation", Time since last: 7957288939 ns, Reaching safepoint: 78407 ns, At safepoint: 3092684 ns, Total: 3171091 ns
[2024-03-01T14:37:47.191+0000][7][safepoint   ] Safepoint "Cleanup", Time since last: 79011330306 ns, Reaching safepoint: 86077 ns, At safepoint: 9326 ns, Total: 95403 ns
[2024-03-01T14:39:13.600+0000][7][gc,start    ] GC(60) Pause Young (Normal) (G1 Evacuation Pause)
[2024-03-01T14:39:13.600+0000][7][gc,task     ] GC(60) Using 8 workers of 8 for evacuation
[2024-03-01T14:39:13.600+0000][7][gc,age      ] GC(60) Desired survivor size 41943040 bytes, new threshold 15 (max threshold 15)
[2024-03-01T14:39:13.603+0000][7][gc,phases   ] GC(60)   Pre Evacuate Collection Set: 0.1ms
[2024-03-01T14:39:13.603+0000][7][gc,phases   ] GC(60)   Merge Heap Roots: 0.1ms
[2024-03-01T14:39:13.603+0000][7][gc,phases   ] GC(60)   Evacuate Collection Set: 2.0ms
[2024-03-01T14:39:13.603+0000][7][gc,phases   ] GC(60)   Post Evacuate Collection Set: 0.8ms
[2024-03-01T14:39:13.603+0000][7][gc,phases   ] GC(60)   Other: 0.1ms
[2024-03-01T14:39:13.604+0000][7][gc,age      ] GC(60) Age table with threshold 15 (max threshold 15)
[2024-03-01T14:39:13.604+0000][7][gc,age      ] GC(60) - age   1:    1239640 bytes,    1239640 total
[2024-03-01T14:39:13.604+0000][7][gc,age      ] GC(60) - age   2:       9784 bytes,    1249424 total
[2024-03-01T14:39:13.604+0000][7][gc,age      ] GC(60) - age   3:       2056 bytes,    1251480 total
[2024-03-01T14:39:13.604+0000][7][gc,age      ] GC(60) - age   4:      15528 bytes,    1267008 total
[2024-03-01T14:39:13.604+0000][7][gc,age      ] GC(60) - age   5:     110184 bytes,    1377192 total
[2024-03-01T14:39:13.604+0000][7][gc,age      ] GC(60) - age   6:        832 bytes,    1378024 total
[2024-03-01T14:39:13.604+0000][7][gc,age      ] GC(60) - age   7:      76656 bytes,    1454680 total
[2024-03-01T14:39:13.604+0000][7][gc,age      ] GC(60) - age   8:         96 bytes,    1454776 total
[2024-03-01T14:39:13.604+0000][7][gc,age      ] GC(60) - age   9:       3056 bytes,    1457832 total
[2024-03-01T14:39:13.604+0000][7][gc,age      ] GC(60) - age  10:        576 bytes,    1458408 total
[2024-03-01T14:39:13.604+0000][7][gc,age      ] GC(60) - age  11:      11704 bytes,    1470112 total
[2024-03-01T14:39:13.604+0000][7][gc,age      ] GC(60) - age  12:       1552 bytes,    1471664 total
[2024-03-01T14:39:13.604+0000][7][gc,age      ] GC(60) - age  13:        784 bytes,    1472448 total
[2024-03-01T14:39:13.604+0000][7][gc,age      ] GC(60) - age  14:       2536 bytes,    1474984 total
[2024-03-01T14:39:13.604+0000][7][gc,age      ] GC(60) - age  15:     423912 bytes,    1898896 total
[2024-03-01T14:39:13.604+0000][7][gc,heap     ] GC(60) Eden regions: 152->0(152)
[2024-03-01T14:39:13.604+0000][7][gc,heap     ] GC(60) Survivor regions: 1->1(20)
[2024-03-01T14:39:13.604+0000][7][gc,heap     ] GC(60) Old regions: 22->22
[2024-03-01T14:39:13.604+0000][7][gc,heap     ] GC(60) Archive regions: 2->2
[2024-03-01T14:39:13.604+0000][7][gc,heap     ] GC(60) Humongous regions: 0->0
[2024-03-01T14:39:13.604+0000][7][gc,metaspace] GC(60) Metaspace: 125677K(129024K)->125677K(129024K) NonClass: 109286K(111040K)->109286K(111040K) Class: 16391K(17984K)->16391K(17984K)
[2024-03-01T14:39:13.604+0000][7][gc          ] GC(60) Pause Young (Normal) (G1 Evacuation Pause) 699M->91M(1024M) 3.508ms
[2024-03-01T14:39:13.604+0000][7][gc,cpu      ] GC(60) User=0.02s Sys=0.01s Real=0.01s
[2024-03-01T14:39:13.604+0000][7][safepoint   ] Safepoint "G1CollectForAllocation", Time since last: 86409165011 ns, Reaching safepoint: 94038 ns, At safepoint: 3610442 ns, Total: 3704480 ns
[2024-03-01T14:39:43.608+0000][7][safepoint   ] Safepoint "Cleanup", Time since last: 30004581669 ns, Reaching safepoint: 108523 ns, At safepoint: 11800 ns, Total: 120323 ns
[2024-03-01T14:41:08.620+0000][7][safepoint   ] Safepoint "Cleanup", Time since last: 85011873278 ns, Reaching safepoint: 103523 ns, At safepoint: 14532 ns, Total: 118055 ns
[2024-03-01T14:41:41.625+0000][7][safepoint   ] Safepoint "Cleanup", Time since last: 33004211753 ns, Reaching safepoint: 81131 ns, At safepoint: 9019 ns, Total: 90150 ns
[2024-03-01T14:41:53.627+0000][7][safepoint   ] Safepoint "Cleanup", Time since last: 12002049329 ns, Reaching safepoint: 93065 ns, At safepoint: 11689 ns, Total: 104754 ns
[2024-03-01T14:41:55.627+0000][7][safepoint   ] Safepoint "Cleanup", Time since last: 2000314474 ns, Reaching safepoint: 84109 ns, At safepoint: 7097 ns, Total: 91206 ns
[2024-03-01T14:41:58.202+0000][7][gc,start    ] GC(61) Pause Young (Normal) (G1 Evacuation Pause)
[2024-03-01T14:41:58.202+0000][7][gc,task     ] GC(61) Using 8 workers of 8 for evacuation
[2024-03-01T14:41:58.202+0000][7][gc,age      ] GC(61) Desired survivor size 41943040 bytes, new threshold 15 (max threshold 15)
[2024-03-01T14:41:58.204+0000][7][gc,phases   ] GC(61)   Pre Evacuate Collection Set: 0.1ms
[2024-03-01T14:41:58.204+0000][7][gc,phases   ] GC(61)   Merge Heap Roots: 0.1ms
[2024-03-01T14:41:58.204+0000][7][gc,phases   ] GC(61)   Evacuate Collection Set: 1.6ms
[2024-03-01T14:41:58.204+0000][7][gc,phases   ] GC(61)   Post Evacuate Collection Set: 0.9ms
[2024-03-01T14:41:58.205+0000][7][gc,phases   ] GC(61)   Other: 0.1ms
[2024-03-01T14:41:58.205+0000][7][gc,age      ] GC(61) Age table with threshold 15 (max threshold 15)
[2024-03-01T14:41:58.205+0000][7][gc,age      ] GC(61) - age   1:    1146408 bytes,    1146408 total
[2024-03-01T14:41:58.205+0000][7][gc,age      ] GC(61) - age   2:       6752 bytes,    1153160 total
[2024-03-01T14:41:58.205+0000][7][gc,age      ] GC(61) - age   3:        584 bytes,    1153744 total
[2024-03-01T14:41:58.205+0000][7][gc,age      ] GC(61) - age   4:       1368 bytes,    1155112 total
[2024-03-01T14:41:58.205+0000][7][gc,age      ] GC(61) - age   5:      15368 bytes,    1170480 total
[2024-03-01T14:41:58.205+0000][7][gc,age      ] GC(61) - age   6:     110056 bytes,    1280536 total
[2024-03-01T14:41:58.205+0000][7][gc,age      ] GC(61) - age   7:        736 bytes,    1281272 total
[2024-03-01T14:41:58.205+0000][7][gc,age      ] GC(61) - age   8:      76656 bytes,    1357928 total
[2024-03-01T14:41:58.205+0000][7][gc,age      ] GC(61) - age   9:         96 bytes,    1358024 total
[2024-03-01T14:41:58.205+0000][7][gc,age      ] GC(61) - age  10:       3056 bytes,    1361080 total
[2024-03-01T14:41:58.205+0000][7][gc,age      ] GC(61) - age  11:        576 bytes,    1361656 total
[2024-03-01T14:41:58.205+0000][7][gc,age      ] GC(61) - age  12:      11704 bytes,    1373360 total
[2024-03-01T14:41:58.205+0000][7][gc,age      ] GC(61) - age  13:       1552 bytes,    1374912 total
[2024-03-01T14:41:58.205+0000][7][gc,age      ] GC(61) - age  14:        784 bytes,    1375696 total
[2024-03-01T14:41:58.205+0000][7][gc,age      ] GC(61) - age  15:       2536 bytes,    1378232 total
[2024-03-01T14:41:58.205+0000][7][gc,heap     ] GC(61) Eden regions: 152->0(152)
[2024-03-01T14:41:58.205+0000][7][gc,heap     ] GC(61) Survivor regions: 1->1(20)
[2024-03-01T14:41:58.205+0000][7][gc,heap     ] GC(61) Old regions: 22->22
[2024-03-01T14:41:58.205+0000][7][gc,heap     ] GC(61) Archive regions: 2->2
[2024-03-01T14:41:58.205+0000][7][gc,heap     ] GC(61) Humongous regions: 0->0
[2024-03-01T14:41:58.205+0000][7][gc,metaspace] GC(61) Metaspace: 125695K(129024K)->125695K(129024K) NonClass: 109303K(111040K)->109303K(111040K) Class: 16391K(17984K)->16391K(17984K)
[2024-03-01T14:41:58.205+0000][7][gc          ] GC(61) Pause Young (Normal) (G1 Evacuation Pause) 699M->91M(1024M) 3.147ms
[2024-03-01T14:41:58.205+0000][7][gc,cpu      ] GC(61) User=0.00s Sys=0.02s Real=0.01s
[2024-03-01T14:41:58.205+0000][7][safepoint   ] Safepoint "G1CollectForAllocation", Time since last: 2574111473 ns, Reaching safepoint: 59770 ns, At safepoint: 3250029 ns, Total: 3309799 ns
[2024-03-01T14:42:23.208+0000][7][safepoint   ] Safepoint "Cleanup", Time since last: 25003372995 ns, Reaching safepoint: 78927 ns, At safepoint: 8677 ns, Total: 87604 ns
[2024-03-01T14:43:18.216+0000][7][safepoint   ] Safepoint "Cleanup", Time since last: 55008082048 ns, Reaching safepoint: 89285 ns, At safepoint: 45668 ns, Total: 134953 ns
[2024-03-01T14:44:27.227+0000][7][safepoint   ] Safepoint "Cleanup", Time since last: 69010158088 ns, Reaching safepoint: 96941 ns, At safepoint: 13610 ns, Total: 110551 ns
[2024-03-01T14:44:29.227+0000][7][safepoint   ] Safepoint "Cleanup", Time since last: 2000406707 ns, Reaching safepoint: 99481 ns, At safepoint: 12082 ns, Total: 111563 ns
[2024-03-01T14:44:46.217+0000][7][gc,start    ] GC(62) Pause Young (Normal) (G1 Evacuation Pause)
[2024-03-01T14:44:46.218+0000][7][gc,task     ] GC(62) Using 8 workers of 8 for evacuation
[2024-03-01T14:44:46.218+0000][7][gc,age      ] GC(62) Desired survivor size 41943040 bytes, new threshold 15 (max threshold 15)
[2024-03-01T14:44:46.225+0000][7][gc,phases   ] GC(62)   Pre Evacuate Collection Set: 0.2ms
[2024-03-01T14:44:46.225+0000][7][gc,phases   ] GC(62)   Merge Heap Roots: 0.2ms
[2024-03-01T14:44:46.225+0000][7][gc,phases   ] GC(62)   Evacuate Collection Set: 6.1ms
[2024-03-01T14:44:46.225+0000][7][gc,phases   ] GC(62)   Post Evacuate Collection Set: 1.2ms
[2024-03-01T14:44:46.225+0000][7][gc,phases   ] GC(62)   Other: 0.2ms
[2024-03-01T14:44:46.225+0000][7][gc,age      ] GC(62) Age table with threshold 15 (max threshold 15)
[2024-03-01T14:44:46.225+0000][7][gc,age      ] GC(62) - age   1:    1525912 bytes,    1525912 total
[2024-03-01T14:44:46.225+0000][7][gc,age      ] GC(62) - age   2:       4288 bytes,    1530200 total
[2024-03-01T14:44:46.225+0000][7][gc,age      ] GC(62) - age   3:       4672 bytes,    1534872 total
[2024-03-01T14:44:46.225+0000][7][gc,age      ] GC(62) - age   4:        520 bytes,    1535392 total
[2024-03-01T14:44:46.225+0000][7][gc,age      ] GC(62) - age   5:       1184 bytes,    1536576 total
[2024-03-01T14:44:46.225+0000][7][gc,age      ] GC(62) - age   6:      15368 bytes,    1551944 total
[2024-03-01T14:44:46.225+0000][7][gc,age      ] GC(62) - age   7:     110056 bytes,    1662000 total
[2024-03-01T14:44:46.225+0000][7][gc,age      ] GC(62) - age   8:        736 bytes,    1662736 total
[2024-03-01T14:44:46.226+0000][7][gc,age      ] GC(62) - age   9:      76656 bytes,    1739392 total
[2024-03-01T14:44:46.226+0000][7][gc,age      ] GC(62) - age  10:         96 bytes,    1739488 total
[2024-03-01T14:44:46.226+0000][7][gc,age      ] GC(62) - age  11:       3056 bytes,    1742544 total
[2024-03-01T14:44:46.226+0000][7][gc,age      ] GC(62) - age  12:        576 bytes,    1743120 total
[2024-03-01T14:44:46.226+0000][7][gc,age      ] GC(62) - age  13:      11704 bytes,    1754824 total
[2024-03-01T14:44:46.226+0000][7][gc,age      ] GC(62) - age  14:       1552 bytes,    1756376 total
[2024-03-01T14:44:46.226+0000][7][gc,age      ] GC(62) - age  15:        784 bytes,    1757160 total
[2024-03-01T14:44:46.226+0000][7][gc,heap     ] GC(62) Eden regions: 152->0(152)
[2024-03-01T14:44:46.226+0000][7][gc,heap     ] GC(62) Survivor regions: 1->1(20)
[2024-03-01T14:44:46.226+0000][7][gc,heap     ] GC(62) Old regions: 22->22
[2024-03-01T14:44:46.226+0000][7][gc,heap     ] GC(62) Archive regions: 2->2
[2024-03-01T14:44:46.226+0000][7][gc,heap     ] GC(62) Humongous regions: 0->0
[2024-03-01T14:44:46.226+0000][7][gc,metaspace] GC(62) Metaspace: 125696K(129024K)->125696K(129024K) NonClass: 109305K(111040K)->109305K(111040K) Class: 16391K(17984K)->16391K(17984K)
[2024-03-01T14:44:46.226+0000][7][gc          ] GC(62) Pause Young (Normal) (G1 Evacuation Pause) 699M->92M(1024M) 8.254ms
[2024-03-01T14:44:46.226+0000][7][gc,cpu      ] GC(62) User=0.01s Sys=0.00s Real=0.01s
[2024-03-01T14:44:46.226+0000][7][safepoint   ] Safepoint "G1CollectForAllocation", Time since last: 16990037839 ns, Reaching safepoint: 131418 ns, At safepoint: 8367868 ns, Total: 8499286 ns
[2024-03-01T14:44:47.226+0000][7][safepoint   ] Safepoint "Cleanup", Time since last: 1000228340 ns, Reaching safepoint: 98540 ns, At safepoint: 13091 ns, Total: 111631 ns
[2024-03-01T14:44:57.228+0000][7][safepoint   ] Safepoint "Cleanup", Time since last: 10001658904 ns, Reaching safepoint: 86063 ns, At safepoint: 12701 ns, Total: 98764 ns
[2024-03-01T14:45:08.230+0000][7][safepoint   ] Safepoint "Cleanup", Time since last: 11002052658 ns, Reaching safepoint: 129051 ns, At safepoint: 10469 ns, Total: 139520 ns
[2024-03-01T14:45:27.233+0000][7][safepoint   ] Safepoint "Cleanup", Time since last: 19002533049 ns, Reaching safepoint: 79421 ns, At safepoint: 10623 ns, Total: 90044 ns
[2024-03-01T14:46:08.239+0000][7][safepoint   ] Safepoint "Cleanup", Time since last: 41006002827 ns, Reaching safepoint: 108969 ns, At safepoint: 11192 ns, Total: 120161 ns
[2024-03-01T14:46:55.246+0000][7][safepoint   ] Safepoint "Cleanup", Time since last: 47007566068 ns, Reaching safepoint: 98531 ns, At safepoint: 14059 ns, Total: 112590 ns
[2024-03-01T14:47:28.251+0000][7][safepoint   ] Safepoint "Cleanup", Time since last: 33004820394 ns, Reaching safepoint: 61692 ns, At safepoint: 35137 ns, Total: 96829 ns
[2024-03-01T14:47:31.229+0000][7][gc,start    ] GC(63) Pause Young (Normal) (G1 Evacuation Pause)
[2024-03-01T14:47:31.229+0000][7][gc,task     ] GC(63) Using 8 workers of 8 for evacuation
[2024-03-01T14:47:31.229+0000][7][gc,age      ] GC(63) Desired survivor size 41943040 bytes, new threshold 15 (max threshold 15)
[2024-03-01T14:47:31.232+0000][7][gc,phases   ] GC(63)   Pre Evacuate Collection Set: 0.1ms
[2024-03-01T14:47:31.232+0000][7][gc,phases   ] GC(63)   Merge Heap Roots: 0.1ms
[2024-03-01T14:47:31.232+0000][7][gc,phases   ] GC(63)   Evacuate Collection Set: 1.2ms
[2024-03-01T14:47:31.232+0000][7][gc,phases   ] GC(63)   Post Evacuate Collection Set: 0.7ms
[2024-03-01T14:47:31.232+0000][7][gc,phases   ] GC(63)   Other: 0.1ms
[2024-03-01T14:47:31.232+0000][7][gc,age      ] GC(63) Age table with threshold 15 (max threshold 15)
[2024-03-01T14:47:31.232+0000][7][gc,age      ] GC(63) - age   1:     977416 bytes,     977416 total
[2024-03-01T14:47:31.232+0000][7][gc,age      ] GC(63) - age   2:       3096 bytes,     980512 total
[2024-03-01T14:47:31.232+0000][7][gc,age      ] GC(63) - age   3:       2272 bytes,     982784 total
[2024-03-01T14:47:31.232+0000][7][gc,age      ] GC(63) - age   4:       4424 bytes,     987208 total
[2024-03-01T14:47:31.232+0000][7][gc,age      ] GC(63) - age   5:        520 bytes,     987728 total
[2024-03-01T14:47:31.232+0000][7][gc,age      ] GC(63) - age   6:       1184 bytes,     988912 total
[2024-03-01T14:47:31.232+0000][7][gc,age      ] GC(63) - age   7:      15368 bytes,    1004280 total
[2024-03-01T14:47:31.232+0000][7][gc,age      ] GC(63) - age   8:     110056 bytes,    1114336 total
[2024-03-01T14:47:31.232+0000][7][gc,age      ] GC(63) - age   9:        736 bytes,    1115072 total
[2024-03-01T14:47:31.232+0000][7][gc,age      ] GC(63) - age  10:      76656 bytes,    1191728 total
[2024-03-01T14:47:31.232+0000][7][gc,age      ] GC(63) - age  11:         96 bytes,    1191824 total
[2024-03-01T14:47:31.232+0000][7][gc,age      ] GC(63) - age  12:       3056 bytes,    1194880 total
[2024-03-01T14:47:31.232+0000][7][gc,age      ] GC(63) - age  13:        576 bytes,    1195456 total
[2024-03-01T14:47:31.232+0000][7][gc,age      ] GC(63) - age  14:      11704 bytes,    1207160 total
[2024-03-01T14:47:31.232+0000][7][gc,age      ] GC(63) - age  15:       1552 bytes,    1208712 total
[2024-03-01T14:47:31.232+0000][7][gc,heap     ] GC(63) Eden regions: 152->0(152)
[2024-03-01T14:47:31.232+0000][7][gc,heap     ] GC(63) Survivor regions: 1->1(20)
[2024-03-01T14:47:31.232+0000][7][gc,heap     ] GC(63) Old regions: 22->22
[2024-03-01T14:47:31.232+0000][7][gc,heap     ] GC(63) Archive regions: 2->2
[2024-03-01T14:47:31.232+0000][7][gc,heap     ] GC(63) Humongous regions: 0->0
[2024-03-01T14:47:31.232+0000][7][gc,metaspace] GC(63) Metaspace: 125697K(129024K)->125697K(129024K) NonClass: 109305K(111040K)->109305K(111040K) Class: 16391K(17984K)->16391K(17984K)
[2024-03-01T14:47:31.232+0000][7][gc          ] GC(63) Pause Young (Normal) (G1 Evacuation Pause) 700M->91M(1024M) 2.495ms
[2024-03-01T14:47:31.232+0000][7][gc,cpu      ] GC(63) User=0.01s Sys=0.00s Real=0.00s
[2024-03-01T14:47:31.232+0000][7][safepoint   ] Safepoint "G1CollectForAllocation", Time since last: 2977788847 ns, Reaching safepoint: 58411 ns, At safepoint: 2584967 ns, Total: 2643378 ns
[2024-03-01T14:47:53.235+0000][7][safepoint   ] Safepoint "Cleanup", Time since last: 22002818634 ns, Reaching safepoint: 231492 ns, At safepoint: 7879 ns, Total: 239371 ns
[2024-03-01T14:48:11.237+0000][7][safepoint   ] Safepoint "Cleanup", Time since last: 18001856284 ns, Reaching safepoint: 71159 ns, At safepoint: 7999 ns, Total: 79158 ns
[2024-03-01T14:48:32.240+0000][7][safepoint   ] Safepoint "Cleanup", Time since last: 21002971591 ns, Reaching safepoint: 73312 ns, At safepoint: 17450 ns, Total: 90762 ns
[2024-03-01T14:48:55.242+0000][7][safepoint   ] Safepoint "Cleanup", Time since last: 23002398109 ns, Reaching safepoint: 80306 ns, At safepoint: 9371 ns, Total: 89677 ns
[2024-03-01T14:48:57.243+0000][7][safepoint   ] Safepoint "Cleanup", Time since last: 2000282244 ns, Reaching safepoint: 72080 ns, At safepoint: 12118 ns, Total: 84198 ns
[2024-03-01T14:49:08.244+0000][7][safepoint   ] Safepoint "Cleanup", Time since last: 11001181993 ns, Reaching safepoint: 106714 ns, At safepoint: 7470 ns, Total: 114184 ns
[2024-03-01T14:50:16.246+0000][7][gc,start    ] GC(64) Pause Young (Normal) (G1 Evacuation Pause)
[2024-03-01T14:50:16.246+0000][7][gc,task     ] GC(64) Using 8 workers of 8 for evacuation
[2024-03-01T14:50:16.246+0000][7][gc,age      ] GC(64) Desired survivor size 41943040 bytes, new threshold 15 (max threshold 15)
[2024-03-01T14:50:16.249+0000][7][gc,phases   ] GC(64)   Pre Evacuate Collection Set: 0.1ms
[2024-03-01T14:50:16.249+0000][7][gc,phases   ] GC(64)   Merge Heap Roots: 0.1ms
[2024-03-01T14:50:16.249+0000][7][gc,phases   ] GC(64)   Evacuate Collection Set: 1.8ms
[2024-03-01T14:50:16.249+0000][7][gc,phases   ] GC(64)   Post Evacuate Collection Set: 0.8ms
[2024-03-01T14:50:16.249+0000][7][gc,phases   ] GC(64)   Other: 0.1ms
[2024-03-01T14:50:16.249+0000][7][gc,age      ] GC(64) Age table with threshold 15 (max threshold 15)
[2024-03-01T14:50:16.249+0000][7][gc,age      ] GC(64) - age   1:    1951656 bytes,    1951656 total
[2024-03-01T14:50:16.249+0000][7][gc,age      ] GC(64) - age   2:       2160 bytes,    1953816 total
[2024-03-01T14:50:16.249+0000][7][gc,age      ] GC(64) - age   3:        848 bytes,    1954664 total
[2024-03-01T14:50:16.249+0000][7][gc,age      ] GC(64) - age   4:       1760 bytes,    1956424 total
[2024-03-01T14:50:16.249+0000][7][gc,age      ] GC(64) - age   5:        544 bytes,    1956968 total
[2024-03-01T14:50:16.249+0000][7][gc,age      ] GC(64) - age   6:         64 bytes,    1957032 total
[2024-03-01T14:50:16.249+0000][7][gc,age      ] GC(64) - age   7:       1184 bytes,    1958216 total
[2024-03-01T14:50:16.249+0000][7][gc,age      ] GC(64) - age   8:      14984 bytes,    1973200 total
[2024-03-01T14:50:16.249+0000][7][gc,age      ] GC(64) - age   9:     110056 bytes,    2083256 total
[2024-03-01T14:50:16.249+0000][7][gc,age      ] GC(64) - age  10:        736 bytes,    2083992 total
[2024-03-01T14:50:16.249+0000][7][gc,age      ] GC(64) - age  11:      76656 bytes,    2160648 total
[2024-03-01T14:50:16.249+0000][7][gc,age      ] GC(64) - age  12:         96 bytes,    2160744 total
[2024-03-01T14:50:16.249+0000][7][gc,age      ] GC(64) - age  13:       3056 bytes,    2163800 total
[2024-03-01T14:50:16.249+0000][7][gc,age      ] GC(64) - age  14:        576 bytes,    2164376 total
[2024-03-01T14:50:16.249+0000][7][gc,age      ] GC(64) - age  15:      11704 bytes,    2176080 total
[2024-03-01T14:50:16.249+0000][7][gc,heap     ] GC(64) Eden regions: 152->0(152)
[2024-03-01T14:50:16.249+0000][7][gc,heap     ] GC(64) Survivor regions: 1->1(20)
[2024-03-01T14:50:16.249+0000][7][gc,heap     ] GC(64) Old regions: 22->22
[2024-03-01T14:50:16.249+0000][7][gc,heap     ] GC(64) Archive regions: 2->2
[2024-03-01T14:50:16.249+0000][7][gc,heap     ] GC(64) Humongous regions: 0->0
[2024-03-01T14:50:16.249+0000][7][gc,metaspace] GC(64) Metaspace: 125702K(129024K)->125702K(129024K) NonClass: 109311K(111040K)->109311K(111040K) Class: 16391K(17984K)->16391K(17984K)
[2024-03-01T14:50:16.249+0000][7][gc          ] GC(64) Pause Young (Normal) (G1 Evacuation Pause) 699M->92M(1024M) 3.167ms
[2024-03-01T14:50:16.249+0000][7][gc,cpu      ] GC(64) User=0.01s Sys=0.00s Real=0.00s
[2024-03-01T14:50:16.249+0000][7][safepoint   ] Safepoint "G1CollectForAllocation", Time since last: 68002057198 ns, Reaching safepoint: 105943 ns, At safepoint: 3256319 ns, Total: 3362262 ns
[2024-03-01T14:50:35.252+0000][7][safepoint   ] Safepoint "Cleanup", Time since last: 19002632469 ns, Reaching safepoint: 43272 ns, At safepoint: 3983 ns, Total: 47255 ns
[2024-03-01T14:50:40.253+0000][7][safepoint   ] Safepoint "Cleanup", Time since last: 5000449222 ns, Reaching safepoint: 63724 ns, At safepoint: 5635 ns, Total: 69359 ns
[2024-03-01T14:50:53.255+0000][7][safepoint   ] Safepoint "Cleanup", Time since last: 13001987204 ns, Reaching safepoint: 75127 ns, At safepoint: 47143 ns, Total: 122270 ns
[2024-03-01T14:51:08.257+0000][7][safepoint   ] Safepoint "Cleanup", Time since last: 15002184559 ns, Reaching safepoint: 107542 ns, At safepoint: 14178 ns, Total: 121720 ns
[2024-03-01T14:51:28.260+0000][7][safepoint   ] Safepoint "Cleanup", Time since last: 20002632486 ns, Reaching safepoint: 47348 ns, At safepoint: 3736 ns, Total: 51084 ns
[2024-03-01T14:51:42.261+0000][7][safepoint   ] Safepoint "Cleanup", Time since last: 14001277363 ns, Reaching safepoint: 100815 ns, At safepoint: 24587 ns, Total: 125402 ns
[2024-03-01T14:52:32.267+0000][7][safepoint   ] Safepoint "Cleanup", Time since last: 50005266246 ns, Reaching safepoint: 119224 ns, At safepoint: 20381 ns, Total: 139605 ns
[2024-03-01T14:52:35.267+0000][7][safepoint   ] Safepoint "Cleanup", Time since last: 3000299618 ns, Reaching safepoint: 108407 ns, At safepoint: 55307 ns, Total: 163714 ns
[2024-03-01T14:52:37.267+0000][7][safepoint   ] Safepoint "Cleanup", Time since last: 2000220097 ns, Reaching safepoint: 102029 ns, At safepoint: 6794 ns, Total: 108823 ns
[2024-03-01T14:52:39.268+0000][7][safepoint   ] Safepoint "Cleanup", Time since last: 2000214863 ns, Reaching safepoint: 67795 ns, At safepoint: 9378 ns, Total: 77173 ns
[2024-03-01T14:52:40.268+0000][7][safepoint   ] Safepoint "Cleanup", Time since last: 1000162206 ns, Reaching safepoint: 226258 ns, At safepoint: 26333 ns, Total: 252591 ns
[2024-03-01T14:52:41.269+0000][7][safepoint   ] Safepoint "Cleanup", Time since last: 1000243682 ns, Reaching safepoint: 230701 ns, At safepoint: 19117 ns, Total: 249818 ns
[2024-03-01T14:52:58.760+0000][7][gc,start    ] GC(65) Pause Young (Normal) (G1 Evacuation Pause)
[2024-03-01T14:52:58.760+0000][7][gc,task     ] GC(65) Using 8 workers of 8 for evacuation
[2024-03-01T14:52:58.760+0000][7][gc,age      ] GC(65) Desired survivor size 41943040 bytes, new threshold 15 (max threshold 15)
[2024-03-01T14:52:58.763+0000][7][gc,phases   ] GC(65)   Pre Evacuate Collection Set: 0.1ms
[2024-03-01T14:52:58.763+0000][7][gc,phases   ] GC(65)   Merge Heap Roots: 0.1ms
[2024-03-01T14:52:58.763+0000][7][gc,phases   ] GC(65)   Evacuate Collection Set: 1.6ms
[2024-03-01T14:52:58.763+0000][7][gc,phases   ] GC(65)   Post Evacuate Collection Set: 1.0ms
[2024-03-01T14:52:58.763+0000][7][gc,phases   ] GC(65)   Other: 0.1ms
[2024-03-01T14:52:58.763+0000][7][gc,age      ] GC(65) Age table with threshold 15 (max threshold 15)
[2024-03-01T14:52:58.763+0000][7][gc,age      ] GC(65) - age   1:    1148928 bytes,    1148928 total
[2024-03-01T14:52:58.763+0000][7][gc,age      ] GC(65) - age   2:       6352 bytes,    1155280 total
[2024-03-01T14:52:58.764+0000][7][gc,age      ] GC(65) - age   3:        728 bytes,    1156008 total
[2024-03-01T14:52:58.764+0000][7][gc,age      ] GC(65) - age   4:        592 bytes,    1156600 total
[2024-03-01T14:52:58.764+0000][7][gc,age      ] GC(65) - age   5:        280 bytes,    1156880 total
[2024-03-01T14:52:58.764+0000][7][gc,age      ] GC(65) - age   6:        184 bytes,    1157064 total
[2024-03-01T14:52:58.764+0000][7][gc,age      ] GC(65) - age   7:         64 bytes,    1157128 total
[2024-03-01T14:52:58.764+0000][7][gc,age      ] GC(65) - age   8:       1152 bytes,    1158280 total
[2024-03-01T14:52:58.764+0000][7][gc,age      ] GC(65) - age   9:      14984 bytes,    1173264 total
[2024-03-01T14:52:58.764+0000][7][gc,age      ] GC(65) - age  10:     109968 bytes,    1283232 total
[2024-03-01T14:52:58.764+0000][7][gc,age      ] GC(65) - age  11:        552 bytes,    1283784 total
[2024-03-01T14:52:58.764+0000][7][gc,age      ] GC(65) - age  12:      76656 bytes,    1360440 total
[2024-03-01T14:52:58.764+0000][7][gc,age      ] GC(65) - age  13:         96 bytes,    1360536 total
[2024-03-01T14:52:58.764+0000][7][gc,age      ] GC(65) - age  14:       3056 bytes,    1363592 total
[2024-03-01T14:52:58.764+0000][7][gc,age      ] GC(65) - age  15:        576 bytes,    1364168 total
[2024-03-01T14:52:58.764+0000][7][gc,heap     ] GC(65) Eden regions: 152->0(152)
[2024-03-01T14:52:58.764+0000][7][gc,heap     ] GC(65) Survivor regions: 1->1(20)
[2024-03-01T14:52:58.764+0000][7][gc,heap     ] GC(65) Old regions: 22->22
[2024-03-01T14:52:58.764+0000][7][gc,heap     ] GC(65) Archive regions: 2->2
[2024-03-01T14:52:58.764+0000][7][gc,heap     ] GC(65) Humongous regions: 0->0
[2024-03-01T14:52:58.764+0000][7][gc,metaspace] GC(65) Metaspace: 125703K(129024K)->125703K(129024K) NonClass: 109312K(111040K)->109312K(111040K) Class: 16391K(17984K)->16391K(17984K)
[2024-03-01T14:52:58.764+0000][7][gc          ] GC(65) Pause Young (Normal) (G1 Evacuation Pause) 700M->91M(1024M) 3.509ms
[2024-03-01T14:52:58.764+0000][7][gc,cpu      ] GC(65) User=0.01s Sys=0.01s Real=0.01s
[2024-03-01T14:52:58.764+0000][7][safepoint   ] Safepoint "G1CollectForAllocation", Time since last: 17491642537 ns, Reaching safepoint: 57680 ns, At safepoint: 3633908 ns, Total: 3691588 ns
[2024-03-01T14:53:28.768+0000][7][safepoint   ] Safepoint "Cleanup", Time since last: 30003958134 ns, Reaching safepoint: 82710 ns, At safepoint: 9072 ns, Total: 91782 ns
[2024-03-01T14:54:27.775+0000][7][safepoint   ] Safepoint "Cleanup", Time since last: 59006555486 ns, Reaching safepoint: 138615 ns, At safepoint: 5615 ns, Total: 144230 ns
[2024-03-01T14:55:08.779+0000][7][safepoint   ] Safepoint "Cleanup", Time since last: 41004450862 ns, Reaching safepoint: 77108 ns, At safepoint: 8375 ns, Total: 85483 ns
[2024-03-01T14:55:10.780+0000][7][safepoint   ] Safepoint "Cleanup", Time since last: 2000253010 ns, Reaching safepoint: 98974 ns, At safepoint: 10805 ns, Total: 109779 ns
[2024-03-01T14:55:17.632+0000][7][safepoint   ] Safepoint "Cleanup", Time since last: 6852365368 ns, Reaching safepoint: 144692 ns, At safepoint: 10238 ns, Total: 154930 ns
[2024-03-01T14:55:43.270+0000][7][gc,start    ] GC(66) Pause Young (Normal) (G1 Evacuation Pause)
[2024-03-01T14:55:43.270+0000][7][gc,task     ] GC(66) Using 8 workers of 8 for evacuation
[2024-03-01T14:55:43.270+0000][7][gc,age      ] GC(66) Desired survivor size 41943040 bytes, new threshold 15 (max threshold 15)
[2024-03-01T14:55:43.273+0000][7][gc,phases   ] GC(66)   Pre Evacuate Collection Set: 0.1ms
[2024-03-01T14:55:43.273+0000][7][gc,phases   ] GC(66)   Merge Heap Roots: 0.1ms
[2024-03-01T14:55:43.273+0000][7][gc,phases   ] GC(66)   Evacuate Collection Set: 1.6ms
[2024-03-01T14:55:43.273+0000][7][gc,phases   ] GC(66)   Post Evacuate Collection Set: 0.8ms
[2024-03-01T14:55:43.273+0000][7][gc,phases   ] GC(66)   Other: 0.1ms
[2024-03-01T14:55:43.273+0000][7][gc,age      ] GC(66) Age table with threshold 15 (max threshold 15)
[2024-03-01T14:55:43.273+0000][7][gc,age      ] GC(66) - age   1:    1605104 bytes,    1605104 total
[2024-03-01T14:55:43.273+0000][7][gc,age      ] GC(66) - age   2:     143288 bytes,    1748392 total
[2024-03-01T14:55:43.273+0000][7][gc,age      ] GC(66) - age   3:       4752 bytes,    1753144 total
[2024-03-01T14:55:43.273+0000][7][gc,age      ] GC(66) - age   4:        336 bytes,    1753480 total
[2024-03-01T14:55:43.273+0000][7][gc,age      ] GC(66) - age   5:        464 bytes,    1753944 total
[2024-03-01T14:55:43.273+0000][7][gc,age      ] GC(66) - age   6:        216 bytes,    1754160 total
[2024-03-01T14:55:43.273+0000][7][gc,age      ] GC(66) - age   7:        184 bytes,    1754344 total
[2024-03-01T14:55:43.273+0000][7][gc,age      ] GC(66) - age   9:       1152 bytes,    1755496 total
[2024-03-01T14:55:43.273+0000][7][gc,age      ] GC(66) - age  10:      14984 bytes,    1770480 total
[2024-03-01T14:55:43.273+0000][7][gc,age      ] GC(66) - age  11:     109968 bytes,    1880448 total
[2024-03-01T14:55:43.273+0000][7][gc,age      ] GC(66) - age  12:        552 bytes,    1881000 total
[2024-03-01T14:55:43.273+0000][7][gc,age      ] GC(66) - age  13:      76656 bytes,    1957656 total
[2024-03-01T14:55:43.273+0000][7][gc,age      ] GC(66) - age  14:         96 bytes,    1957752 total
[2024-03-01T14:55:43.273+0000][7][gc,age      ] GC(66) - age  15:       3056 bytes,    1960808 total
[2024-03-01T14:55:43.273+0000][7][gc,heap     ] GC(66) Eden regions: 152->0(152)
[2024-03-01T14:55:43.273+0000][7][gc,heap     ] GC(66) Survivor regions: 1->1(20)
[2024-03-01T14:55:43.273+0000][7][gc,heap     ] GC(66) Old regions: 22->22
[2024-03-01T14:55:43.273+0000][7][gc,heap     ] GC(66) Archive regions: 2->2
[2024-03-01T14:55:43.273+0000][7][gc,heap     ] GC(66) Humongous regions: 0->0
[2024-03-01T14:55:43.273+0000][7][gc,metaspace] GC(66) Metaspace: 125715K(129024K)->125715K(129024K) NonClass: 109324K(111040K)->109324K(111040K) Class: 16391K(17984K)->16391K(17984K)
[2024-03-01T14:55:43.273+0000][7][gc          ] GC(66) Pause Young (Normal) (G1 Evacuation Pause) 699M->92M(1024M) 2.995ms
[2024-03-01T14:55:43.273+0000][7][gc,cpu      ] GC(66) User=0.01s Sys=0.00s Real=0.00s
[2024-03-01T14:55:43.273+0000][7][safepoint   ] Safepoint "G1CollectForAllocation", Time since last: 25637715359 ns, Reaching safepoint: 80421 ns, At safepoint: 3100138 ns, Total: 3180559 ns
[2024-03-01T14:55:48.274+0000][7][safepoint   ] Safepoint "Cleanup", Time since last: 5000913434 ns, Reaching safepoint: 89847 ns, At safepoint: 9904 ns, Total: 99751 ns
[2024-03-01T14:55:58.276+0000][7][safepoint   ] Safepoint "Cleanup", Time since last: 10001626209 ns, Reaching safepoint: 70396 ns, At safepoint: 11194 ns, Total: 81590 ns
[2024-03-01T14:57:08.288+0000][7][safepoint   ] Safepoint "Cleanup", Time since last: 70011855027 ns, Reaching safepoint: 103195 ns, At safepoint: 8240 ns, Total: 111435 ns
[2024-03-01T14:57:11.288+0000][7][safepoint   ] Safepoint "Cleanup", Time since last: 3000434036 ns, Reaching safepoint: 124501 ns, At safepoint: 8903 ns, Total: 133404 ns
[2024-03-01T14:57:20.290+0000][7][safepoint   ] Safepoint "Cleanup", Time since last: 9001461161 ns, Reaching safepoint: 123603 ns, At safepoint: 15320 ns, Total: 138923 ns
[2024-03-01T14:58:28.389+0000][7][gc,start    ] GC(67) Pause Young (Normal) (G1 Evacuation Pause)
[2024-03-01T14:58:28.389+0000][7][gc,task     ] GC(67) Using 8 workers of 8 for evacuation
[2024-03-01T14:58:28.389+0000][7][gc,age      ] GC(67) Desired survivor size 41943040 bytes, new threshold 15 (max threshold 15)
[2024-03-01T14:58:28.392+0000][7][gc,phases   ] GC(67)   Pre Evacuate Collection Set: 0.1ms
[2024-03-01T14:58:28.392+0000][7][gc,phases   ] GC(67)   Merge Heap Roots: 0.1ms
[2024-03-01T14:58:28.392+0000][7][gc,phases   ] GC(67)   Evacuate Collection Set: 1.9ms
[2024-03-01T14:58:28.392+0000][7][gc,phases   ] GC(67)   Post Evacuate Collection Set: 1.0ms
[2024-03-01T14:58:28.392+0000][7][gc,phases   ] GC(67)   Other: 0.1ms
[2024-03-01T14:58:28.392+0000][7][gc,age      ] GC(67) Age table with threshold 15 (max threshold 15)
[2024-03-01T14:58:28.392+0000][7][gc,age      ] GC(67) - age   1:    1751784 bytes,    1751784 total
[2024-03-01T14:58:28.392+0000][7][gc,age      ] GC(67) - age   2:       2248 bytes,    1754032 total
[2024-03-01T14:58:28.392+0000][7][gc,age      ] GC(67) - age   3:     141648 bytes,    1895680 total
[2024-03-01T14:58:28.392+0000][7][gc,age      ] GC(67) - age   4:       4752 bytes,    1900432 total
[2024-03-01T14:58:28.392+0000][7][gc,age      ] GC(67) - age   5:        272 bytes,    1900704 total
[2024-03-01T14:58:28.392+0000][7][gc,age      ] GC(67) - age   6:        464 bytes,    1901168 total
[2024-03-01T14:58:28.393+0000][7][gc,age      ] GC(67) - age   7:        216 bytes,    1901384 total
[2024-03-01T14:58:28.393+0000][7][gc,age      ] GC(67) - age   8:        184 bytes,    1901568 total
[2024-03-01T14:58:28.393+0000][7][gc,age      ] GC(67) - age  10:       1152 bytes,    1902720 total
[2024-03-01T14:58:28.393+0000][7][gc,age      ] GC(67) - age  11:      14984 bytes,    1917704 total
[2024-03-01T14:58:28.393+0000][7][gc,age      ] GC(67) - age  12:     109968 bytes,    2027672 total
[2024-03-01T14:58:28.393+0000][7][gc,age      ] GC(67) - age  13:        552 bytes,    2028224 total
[2024-03-01T14:58:28.393+0000][7][gc,age      ] GC(67) - age  14:      76656 bytes,    2104880 total
[2024-03-01T14:58:28.393+0000][7][gc,age      ] GC(67) - age  15:         96 bytes,    2104976 total
[2024-03-01T14:58:28.393+0000][7][gc,heap     ] GC(67) Eden regions: 152->0(152)
[2024-03-01T14:58:28.393+0000][7][gc,heap     ] GC(67) Survivor regions: 1->1(20)
[2024-03-01T14:58:28.393+0000][7][gc,heap     ] GC(67) Old regions: 22->22
[2024-03-01T14:58:28.393+0000][7][gc,heap     ] GC(67) Archive regions: 2->2
[2024-03-01T14:58:28.393+0000][7][gc,heap     ] GC(67) Humongous regions: 0->0
[2024-03-01T14:58:28.393+0000][7][gc,metaspace] GC(67) Metaspace: 125722K(129024K)->125722K(129024K) NonClass: 109331K(111040K)->109331K(111040K) Class: 16391K(17984K)->16391K(17984K)
[2024-03-01T14:58:28.393+0000][7][gc          ] GC(67) Pause Young (Normal) (G1 Evacuation Pause) 700M->92M(1024M) 3.587ms
[2024-03-01T14:58:28.393+0000][7][gc,cpu      ] GC(67) User=0.01s Sys=0.01s Real=0.00s
[2024-03-01T14:58:28.393+0000][7][safepoint   ] Safepoint "G1CollectForAllocation", Time since last: 68099179971 ns, Reaching safepoint: 57324 ns, At safepoint: 3692753 ns, Total: 3750077 ns
[2024-03-01T14:59:08.399+0000][7][safepoint   ] Safepoint "Cleanup", Time since last: 40006019533 ns, Reaching safepoint: 120102 ns, At safepoint: 8661 ns, Total: 128763 ns
[2024-03-01T15:00:19.410+0000][7][safepoint   ] Safepoint "Cleanup", Time since last: 71010420997 ns, Reaching safepoint: 184724 ns, At safepoint: 59657 ns, Total: 244381 ns
[2024-03-01T15:01:07.415+0000][7][safepoint   ] Safepoint "Cleanup", Time since last: 48005621553 ns, Reaching safepoint: 73254 ns, At safepoint: 6742 ns, Total: 79996 ns
[2024-03-01T15:01:16.243+0000][7][gc,start    ] GC(68) Pause Young (Normal) (G1 Evacuation Pause)
[2024-03-01T15:01:16.243+0000][7][gc,task     ] GC(68) Using 8 workers of 8 for evacuation
[2024-03-01T15:01:16.243+0000][7][gc,age      ] GC(68) Desired survivor size 41943040 bytes, new threshold 15 (max threshold 15)
[2024-03-01T15:01:16.246+0000][7][gc,phases   ] GC(68)   Pre Evacuate Collection Set: 0.1ms
[2024-03-01T15:01:16.246+0000][7][gc,phases   ] GC(68)   Merge Heap Roots: 0.1ms
[2024-03-01T15:01:16.246+0000][7][gc,phases   ] GC(68)   Evacuate Collection Set: 1.8ms
[2024-03-01T15:01:16.246+0000][7][gc,phases   ] GC(68)   Post Evacuate Collection Set: 0.9ms
[2024-03-01T15:01:16.246+0000][7][gc,phases   ] GC(68)   Other: 0.1ms
[2024-03-01T15:01:16.246+0000][7][gc,age      ] GC(68) Age table with threshold 15 (max threshold 15)
[2024-03-01T15:01:16.246+0000][7][gc,age      ] GC(68) - age   1:    1497008 bytes,    1497008 total
[2024-03-01T15:01:16.246+0000][7][gc,age      ] GC(68) - age   2:      11520 bytes,    1508528 total
[2024-03-01T15:01:16.246+0000][7][gc,age      ] GC(68) - age   3:       1072 bytes,    1509600 total
[2024-03-01T15:01:16.246+0000][7][gc,age      ] GC(68) - age   4:     141520 bytes,    1651120 total
[2024-03-01T15:01:16.246+0000][7][gc,age      ] GC(68) - age   5:       1296 bytes,    1652416 total
[2024-03-01T15:01:16.246+0000][7][gc,age      ] GC(68) - age   6:        272 bytes,    1652688 total
[2024-03-01T15:01:16.246+0000][7][gc,age      ] GC(68) - age   7:        464 bytes,    1653152 total
[2024-03-01T15:01:16.246+0000][7][gc,age      ] GC(68) - age   8:        216 bytes,    1653368 total
[2024-03-01T15:01:16.246+0000][7][gc,age      ] GC(68) - age  11:       1152 bytes,    1654520 total
[2024-03-01T15:01:16.246+0000][7][gc,age      ] GC(68) - age  12:      14984 bytes,    1669504 total
[2024-03-01T15:01:16.246+0000][7][gc,age      ] GC(68) - age  13:     109968 bytes,    1779472 total
[2024-03-01T15:01:16.246+0000][7][gc,age      ] GC(68) - age  14:        552 bytes,    1780024 total
[2024-03-01T15:01:16.246+0000][7][gc,age      ] GC(68) - age  15:      76656 bytes,    1856680 total
[2024-03-01T15:01:16.246+0000][7][gc,heap     ] GC(68) Eden regions: 152->0(152)
[2024-03-01T15:01:16.246+0000][7][gc,heap     ] GC(68) Survivor regions: 1->1(20)
[2024-03-01T15:01:16.246+0000][7][gc,heap     ] GC(68) Old regions: 22->22
[2024-03-01T15:01:16.246+0000][7][gc,heap     ] GC(68) Archive regions: 2->2
[2024-03-01T15:01:16.246+0000][7][gc,heap     ] GC(68) Humongous regions: 0->0
[2024-03-01T15:01:16.246+0000][7][gc,metaspace] GC(68) Metaspace: 125724K(129024K)->125724K(129024K) NonClass: 109333K(111040K)->109333K(111040K) Class: 16391K(17984K)->16391K(17984K)
[2024-03-01T15:01:16.246+0000][7][gc          ] GC(68) Pause Young (Normal) (G1 Evacuation Pause) 700M->92M(1024M) 3.351ms
[2024-03-01T15:01:16.246+0000][7][gc,cpu      ] GC(68) User=0.02s Sys=0.00s Real=0.01s
[2024-03-01T15:01:16.246+0000][7][safepoint   ] Safepoint "G1CollectForAllocation", Time since last: 8827216221 ns, Reaching safepoint: 64972 ns, At safepoint: 3468928 ns, Total: 3533900 ns
[2024-03-01T15:01:42.249+0000][7][safepoint   ] Safepoint "Cleanup", Time since last: 26002628796 ns, Reaching safepoint: 125530 ns, At safepoint: 11056 ns, Total: 136586 ns
[2024-03-01T15:02:29.254+0000][7][safepoint   ] Safepoint "Cleanup", Time since last: 47005295397 ns, Reaching safepoint: 75424 ns, At safepoint: 15108 ns, Total: 90532 ns
[2024-03-01T15:03:55.251+0000][7][gc,start    ] GC(69) Pause Young (Normal) (G1 Evacuation Pause)
[2024-03-01T15:03:55.251+0000][7][gc,task     ] GC(69) Using 8 workers of 8 for evacuation
[2024-03-01T15:03:55.251+0000][7][gc,age      ] GC(69) Desired survivor size 41943040 bytes, new threshold 15 (max threshold 15)
[2024-03-01T15:03:55.254+0000][7][gc,phases   ] GC(69)   Pre Evacuate Collection Set: 0.1ms
[2024-03-01T15:03:55.255+0000][7][gc,phases   ] GC(69)   Merge Heap Roots: 0.1ms
[2024-03-01T15:03:55.255+0000][7][gc,phases   ] GC(69)   Evacuate Collection Set: 1.8ms
[2024-03-01T15:03:55.255+0000][7][gc,phases   ] GC(69)   Post Evacuate Collection Set: 0.9ms
[2024-03-01T15:03:55.255+0000][7][gc,phases   ] GC(69)   Other: 0.1ms
[2024-03-01T15:03:55.255+0000][7][gc,age      ] GC(69) Age table with threshold 15 (max threshold 15)
[2024-03-01T15:03:55.255+0000][7][gc,age      ] GC(69) - age   1:     704872 bytes,     704872 total
[2024-03-01T15:03:55.255+0000][7][gc,age      ] GC(69) - age   2:       7360 bytes,     712232 total
[2024-03-01T15:03:55.255+0000][7][gc,age      ] GC(69) - age   3:       9296 bytes,     721528 total
[2024-03-01T15:03:55.255+0000][7][gc,age      ] GC(69) - age   4:        880 bytes,     722408 total
[2024-03-01T15:03:55.255+0000][7][gc,age      ] GC(69) - age   5:     140832 bytes,     863240 total
[2024-03-01T15:03:55.255+0000][7][gc,age      ] GC(69) - age   6:       1112 bytes,     864352 total
[2024-03-01T15:03:55.255+0000][7][gc,age      ] GC(69) - age   7:        272 bytes,     864624 total
[2024-03-01T15:03:55.255+0000][7][gc,age      ] GC(69) - age   8:        464 bytes,     865088 total
[2024-03-01T15:03:55.255+0000][7][gc,age      ] GC(69) - age   9:        184 bytes,     865272 total
[2024-03-01T15:03:55.255+0000][7][gc,age      ] GC(69) - age  12:       1152 bytes,     866424 total
[2024-03-01T15:03:55.255+0000][7][gc,age      ] GC(69) - age  13:      14984 bytes,     881408 total
[2024-03-01T15:03:55.255+0000][7][gc,age      ] GC(69) - age  14:     109968 bytes,     991376 total
[2024-03-01T15:03:55.255+0000][7][gc,age      ] GC(69) - age  15:        552 bytes,     991928 total
[2024-03-01T15:03:55.255+0000][7][gc,heap     ] GC(69) Eden regions: 152->0(152)
[2024-03-01T15:03:55.255+0000][7][gc,heap     ] GC(69) Survivor regions: 1->1(20)
[2024-03-01T15:03:55.255+0000][7][gc,heap     ] GC(69) Old regions: 22->22
[2024-03-01T15:03:55.255+0000][7][gc,heap     ] GC(69) Archive regions: 2->2
[2024-03-01T15:03:55.255+0000][7][gc,heap     ] GC(69) Humongous regions: 0->0
[2024-03-01T15:03:55.255+0000][7][gc,metaspace] GC(69) Metaspace: 125725K(129024K)->125725K(129024K) NonClass: 109333K(111040K)->109333K(111040K) Class: 16391K(17984K)->16391K(17984K)
[2024-03-01T15:03:55.255+0000][7][gc          ] GC(69) Pause Young (Normal) (G1 Evacuation Pause) 700M->91M(1024M) 3.542ms
[2024-03-01T15:03:55.255+0000][7][gc,cpu      ] GC(69) User=0.01s Sys=0.00s Real=0.00s
[2024-03-01T15:03:55.255+0000][7][safepoint   ] Safepoint "G1CollectForAllocation", Time since last: 85997018204 ns, Reaching safepoint: 90385 ns, At safepoint: 3656328 ns, Total: 3746713 ns
[2024-03-01T15:04:08.256+0000][7][safepoint   ] Safepoint "Cleanup", Time since last: 13001124004 ns, Reaching safepoint: 58330 ns, At safepoint: 8300 ns, Total: 66630 ns
[2024-03-01T15:04:27.258+0000][7][safepoint   ] Safepoint "Cleanup", Time since last: 19002192269 ns, Reaching safepoint: 86548 ns, At safepoint: 10666 ns, Total: 97214 ns
[2024-03-01T15:04:57.262+0000][7][safepoint   ] Safepoint "Cleanup", Time since last: 30003466836 ns, Reaching safepoint: 85529 ns, At safepoint: 9761 ns, Total: 95290 ns
[2024-03-01T15:06:34.484+0000][7][gc,start    ] GC(70) Pause Young (Normal) (G1 Evacuation Pause)
[2024-03-01T15:06:34.484+0000][7][gc,task     ] GC(70) Using 8 workers of 8 for evacuation
[2024-03-01T15:06:34.484+0000][7][gc,age      ] GC(70) Desired survivor size 41943040 bytes, new threshold 15 (max threshold 15)
[2024-03-01T15:06:34.487+0000][7][gc,phases   ] GC(70)   Pre Evacuate Collection Set: 0.1ms
[2024-03-01T15:06:34.487+0000][7][gc,phases   ] GC(70)   Merge Heap Roots: 0.1ms
[2024-03-01T15:06:34.487+0000][7][gc,phases   ] GC(70)   Evacuate Collection Set: 1.4ms
[2024-03-01T15:06:34.487+0000][7][gc,phases   ] GC(70)   Post Evacuate Collection Set: 0.7ms
[2024-03-01T15:06:34.487+0000][7][gc,phases   ] GC(70)   Other: 0.1ms
[2024-03-01T15:06:34.487+0000][7][gc,age      ] GC(70) Age table with threshold 15 (max threshold 15)
[2024-03-01T15:06:34.487+0000][7][gc,age      ] GC(70) - age   1:    1655480 bytes,    1655480 total
[2024-03-01T15:06:34.487+0000][7][gc,age      ] GC(70) - age   2:       3696 bytes,    1659176 total
[2024-03-01T15:06:34.487+0000][7][gc,age      ] GC(70) - age   3:       4312 bytes,    1663488 total
[2024-03-01T15:06:34.487+0000][7][gc,age      ] GC(70) - age   4:        600 bytes,    1664088 total
[2024-03-01T15:06:34.487+0000][7][gc,age      ] GC(70) - age   5:        656 bytes,    1664744 total
[2024-03-01T15:06:34.487+0000][7][gc,age      ] GC(70) - age   6:     140832 bytes,    1805576 total
[2024-03-01T15:06:34.487+0000][7][gc,age      ] GC(70) - age   7:        904 bytes,    1806480 total
[2024-03-01T15:06:34.487+0000][7][gc,age      ] GC(70) - age   8:        272 bytes,    1806752 total
[2024-03-01T15:06:34.487+0000][7][gc,age      ] GC(70) - age   9:        464 bytes,    1807216 total
[2024-03-01T15:06:34.487+0000][7][gc,age      ] GC(70) - age  10:        184 bytes,    1807400 total
[2024-03-01T15:06:34.487+0000][7][gc,age      ] GC(70) - age  13:       1152 bytes,    1808552 total
[2024-03-01T15:06:34.487+0000][7][gc,age      ] GC(70) - age  14:      14984 bytes,    1823536 total
[2024-03-01T15:06:34.487+0000][7][gc,age      ] GC(70) - age  15:     109968 bytes,    1933504 total
[2024-03-01T15:06:34.487+0000][7][gc,heap     ] GC(70) Eden regions: 152->0(152)
[2024-03-01T15:06:34.487+0000][7][gc,heap     ] GC(70) Survivor regions: 1->1(20)
[2024-03-01T15:06:34.487+0000][7][gc,heap     ] GC(70) Old regions: 22->22
[2024-03-01T15:06:34.487+0000][7][gc,heap     ] GC(70) Archive regions: 2->2
[2024-03-01T15:06:34.487+0000][7][gc,heap     ] GC(70) Humongous regions: 0->0
[2024-03-01T15:06:34.487+0000][7][gc,metaspace] GC(70) Metaspace: 125733K(129088K)->125733K(129088K) NonClass: 109342K(111104K)->109342K(111104K) Class: 16391K(17984K)->16391K(17984K)
[2024-03-01T15:06:34.487+0000][7][gc          ] GC(70) Pause Young (Normal) (G1 Evacuation Pause) 699M->92M(1024M) 2.588ms
[2024-03-01T15:06:34.487+0000][7][gc,cpu      ] GC(70) User=0.02s Sys=0.00s Real=0.00s
[2024-03-01T15:06:34.487+0000][7][safepoint   ] Safepoint "G1CollectForAllocation", Time since last: 97222343056 ns, Reaching safepoint: 57076 ns, At safepoint: 2672573 ns, Total: 2729649 ns
[2024-03-01T15:09:19.306+0000][7][gc,start    ] GC(71) Pause Young (Normal) (G1 Evacuation Pause)
[2024-03-01T15:09:19.306+0000][7][gc,task     ] GC(71) Using 8 workers of 8 for evacuation
[2024-03-01T15:09:19.306+0000][7][gc,age      ] GC(71) Desired survivor size 41943040 bytes, new threshold 15 (max threshold 15)
[2024-03-01T15:09:19.308+0000][7][gc,phases   ] GC(71)   Pre Evacuate Collection Set: 0.1ms
[2024-03-01T15:09:19.308+0000][7][gc,phases   ] GC(71)   Merge Heap Roots: 0.1ms
[2024-03-01T15:09:19.308+0000][7][gc,phases   ] GC(71)   Evacuate Collection Set: 1.1ms
[2024-03-01T15:09:19.308+0000][7][gc,phases   ] GC(71)   Post Evacuate Collection Set: 0.7ms
[2024-03-01T15:09:19.308+0000][7][gc,phases   ] GC(71)   Other: 0.1ms
[2024-03-01T15:09:19.308+0000][7][gc,age      ] GC(71) Age table with threshold 15 (max threshold 15)
[2024-03-01T15:09:19.308+0000][7][gc,age      ] GC(71) - age   1:     911752 bytes,     911752 total
[2024-03-01T15:09:19.308+0000][7][gc,age      ] GC(71) - age   2:       3992 bytes,     915744 total
[2024-03-01T15:09:19.308+0000][7][gc,age      ] GC(71) - age   3:       2664 bytes,     918408 total
[2024-03-01T15:09:19.308+0000][7][gc,age      ] GC(71) - age   4:        728 bytes,     919136 total
[2024-03-01T15:09:19.308+0000][7][gc,age      ] GC(71) - age   5:        600 bytes,     919736 total
[2024-03-01T15:09:19.308+0000][7][gc,age      ] GC(71) - age   6:        656 bytes,     920392 total
[2024-03-01T15:09:19.308+0000][7][gc,age      ] GC(71) - age   7:     140832 bytes,    1061224 total
[2024-03-01T15:09:19.308+0000][7][gc,age      ] GC(71) - age   8:        520 bytes,    1061744 total
[2024-03-01T15:09:19.308+0000][7][gc,age      ] GC(71) - age   9:        272 bytes,    1062016 total
[2024-03-01T15:09:19.308+0000][7][gc,age      ] GC(71) - age  10:        464 bytes,    1062480 total
[2024-03-01T15:09:19.308+0000][7][gc,age      ] GC(71) - age  11:        184 bytes,    1062664 total
[2024-03-01T15:09:19.308+0000][7][gc,age      ] GC(71) - age  14:       1152 bytes,    1063816 total
[2024-03-01T15:09:19.308+0000][7][gc,age      ] GC(71) - age  15:      14984 bytes,    1078800 total
[2024-03-01T15:09:19.308+0000][7][gc,heap     ] GC(71) Eden regions: 152->0(152)
[2024-03-01T15:09:19.308+0000][7][gc,heap     ] GC(71) Survivor regions: 1->1(20)
[2024-03-01T15:09:19.308+0000][7][gc,heap     ] GC(71) Old regions: 22->22
[2024-03-01T15:09:19.308+0000][7][gc,heap     ] GC(71) Archive regions: 2->2
[2024-03-01T15:09:19.308+0000][7][gc,heap     ] GC(71) Humongous regions: 0->0
[2024-03-01T15:09:19.308+0000][7][gc,metaspace] GC(71) Metaspace: 125737K(129088K)->125737K(129088K) NonClass: 109346K(111104K)->109346K(111104K) Class: 16391K(17984K)->16391K(17984K)
[2024-03-01T15:09:19.308+0000][7][gc          ] GC(71) Pause Young (Normal) (G1 Evacuation Pause) 700M->91M(1024M) 2.322ms
[2024-03-01T15:09:19.308+0000][7][gc,cpu      ] GC(71) User=0.01s Sys=0.00s Real=0.00s
[2024-03-01T15:09:19.308+0000][7][safepoint   ] Safepoint "G1CollectForAllocation", Time since last: 164818700567 ns, Reaching safepoint: 61574 ns, At safepoint: 2407272 ns, Total: 2468846 ns
[2024-03-01T15:10:08.315+0000][7][safepoint   ] Safepoint "Cleanup", Time since last: 49006329264 ns, Reaching safepoint: 107838 ns, At safepoint: 12356 ns, Total: 120194 ns
[2024-03-01T15:10:11.315+0000][7][safepoint   ] Safepoint "Cleanup", Time since last: 3000620122 ns, Reaching safepoint: 145708 ns, At safepoint: 4566 ns, Total: 150274 ns
[2024-03-01T15:11:32.325+0000][7][safepoint   ] Safepoint "Cleanup", Time since last: 81009160138 ns, Reaching safepoint: 92839 ns, At safepoint: 23366 ns, Total: 116205 ns
[2024-03-01T15:11:42.326+0000][7][safepoint   ] Safepoint "Cleanup", Time since last: 10001160858 ns, Reaching safepoint: 57418 ns, At safepoint: 7169 ns, Total: 64587 ns
[2024-03-01T15:12:07.303+0000][7][gc,start    ] GC(72) Pause Young (Normal) (G1 Evacuation Pause)
[2024-03-01T15:12:07.303+0000][7][gc,task     ] GC(72) Using 8 workers of 8 for evacuation
[2024-03-01T15:12:07.303+0000][7][gc,age      ] GC(72) Desired survivor size 41943040 bytes, new threshold 15 (max threshold 15)
[2024-03-01T15:12:07.305+0000][7][gc,phases   ] GC(72)   Pre Evacuate Collection Set: 0.1ms
[2024-03-01T15:12:07.305+0000][7][gc,phases   ] GC(72)   Merge Heap Roots: 0.1ms
[2024-03-01T15:12:07.305+0000][7][gc,phases   ] GC(72)   Evacuate Collection Set: 1.5ms
[2024-03-01T15:12:07.305+0000][7][gc,phases   ] GC(72)   Post Evacuate Collection Set: 0.8ms
[2024-03-01T15:12:07.305+0000][7][gc,phases   ] GC(72)   Other: 0.1ms
[2024-03-01T15:12:07.305+0000][7][gc,age      ] GC(72) Age table with threshold 15 (max threshold 15)
[2024-03-01T15:12:07.305+0000][7][gc,age      ] GC(72) - age   1:    1744088 bytes,    1744088 total
[2024-03-01T15:12:07.305+0000][7][gc,age      ] GC(72) - age   2:      14368 bytes,    1758456 total
[2024-03-01T15:12:07.305+0000][7][gc,age      ] GC(72) - age   3:       1584 bytes,    1760040 total
[2024-03-01T15:12:07.305+0000][7][gc,age      ] GC(72) - age   4:       1928 bytes,    1761968 total
[2024-03-01T15:12:07.305+0000][7][gc,age      ] GC(72) - age   5:        344 bytes,    1762312 total
[2024-03-01T15:12:07.305+0000][7][gc,age      ] GC(72) - age   6:        536 bytes,    1762848 total
[2024-03-01T15:12:07.305+0000][7][gc,age      ] GC(72) - age   7:        656 bytes,    1763504 total
[2024-03-01T15:12:07.305+0000][7][gc,age      ] GC(72) - age   8:     140800 bytes,    1904304 total
[2024-03-01T15:12:07.305+0000][7][gc,age      ] GC(72) - age   9:        520 bytes,    1904824 total
[2024-03-01T15:12:07.305+0000][7][gc,age      ] GC(72) - age  10:        272 bytes,    1905096 total
[2024-03-01T15:12:07.305+0000][7][gc,age      ] GC(72) - age  11:        464 bytes,    1905560 total
[2024-03-01T15:12:07.305+0000][7][gc,age      ] GC(72) - age  15:       1152 bytes,    1906712 total
[2024-03-01T15:12:07.305+0000][7][gc,heap     ] GC(72) Eden regions: 152->0(152)
[2024-03-01T15:12:07.305+0000][7][gc,heap     ] GC(72) Survivor regions: 1->1(20)
[2024-03-01T15:12:07.305+0000][7][gc,heap     ] GC(72) Old regions: 22->22
[2024-03-01T15:12:07.305+0000][7][gc,heap     ] GC(72) Archive regions: 2->2
[2024-03-01T15:12:07.305+0000][7][gc,heap     ] GC(72) Humongous regions: 0->0
[2024-03-01T15:12:07.305+0000][7][gc,metaspace] GC(72) Metaspace: 125741K(129088K)->125741K(129088K) NonClass: 109349K(111104K)->109349K(111104K) Class: 16391K(17984K)->16391K(17984K)
[2024-03-01T15:12:07.305+0000][7][gc          ] GC(72) Pause Young (Normal) (G1 Evacuation Pause) 699M->92M(1024M) 2.953ms
[2024-03-01T15:12:07.306+0000][7][gc,cpu      ] GC(72) User=0.02s Sys=0.00s Real=0.01s
[2024-03-01T15:12:07.306+0000][7][safepoint   ] Safepoint "G1CollectForAllocation", Time since last: 24976514510 ns, Reaching safepoint: 56466 ns, At safepoint: 3050269 ns, Total: 3106735 ns
[2024-03-01T15:12:24.308+0000][7][safepoint   ] Safepoint "Cleanup", Time since last: 17002262965 ns, Reaching safepoint: 91254 ns, At safepoint: 12251 ns, Total: 103505 ns
[2024-03-01T15:13:11.314+0000][7][safepoint   ] Safepoint "Cleanup", Time since last: 47006292851 ns, Reaching safepoint: 56022 ns, At safepoint: 11654 ns, Total: 67676 ns
[2024-03-01T15:14:23.323+0000][7][safepoint   ] Safepoint "Cleanup", Time since last: 72008906285 ns, Reaching safepoint: 94119 ns, At safepoint: 13422 ns, Total: 107541 ns
[2024-03-01T15:14:52.296+0000][7][gc,start    ] GC(73) Pause Young (Normal) (G1 Evacuation Pause)
[2024-03-01T15:14:52.296+0000][7][gc,task     ] GC(73) Using 8 workers of 8 for evacuation
[2024-03-01T15:14:52.296+0000][7][gc,age      ] GC(73) Desired survivor size 41943040 bytes, new threshold 15 (max threshold 15)
[2024-03-01T15:14:52.300+0000][7][gc,phases   ] GC(73)   Pre Evacuate Collection Set: 0.1ms
[2024-03-01T15:14:52.300+0000][7][gc,phases   ] GC(73)   Merge Heap Roots: 0.1ms
[2024-03-01T15:14:52.300+0000][7][gc,phases   ] GC(73)   Evacuate Collection Set: 2.9ms
[2024-03-01T15:14:52.300+0000][7][gc,phases   ] GC(73)   Post Evacuate Collection Set: 0.7ms
[2024-03-01T15:14:52.300+0000][7][gc,phases   ] GC(73)   Other: 0.1ms
[2024-03-01T15:14:52.300+0000][7][gc,age      ] GC(73) Age table with threshold 15 (max threshold 15)
[2024-03-01T15:14:52.300+0000][7][gc,age      ] GC(73) - age   1:    1118128 bytes,    1118128 total
[2024-03-01T15:14:52.300+0000][7][gc,age      ] GC(73) - age   2:       4768 bytes,    1122896 total
[2024-03-01T15:14:52.300+0000][7][gc,age      ] GC(73) - age   3:      12376 bytes,    1135272 total
[2024-03-01T15:14:52.300+0000][7][gc,age      ] GC(73) - age   4:        848 bytes,    1136120 total
[2024-03-01T15:14:52.300+0000][7][gc,age      ] GC(73) - age   5:       1928 bytes,    1138048 total
[2024-03-01T15:14:52.300+0000][7][gc,age      ] GC(73) - age   6:        216 bytes,    1138264 total
[2024-03-01T15:14:52.300+0000][7][gc,age      ] GC(73) - age   7:        352 bytes,    1138616 total
[2024-03-01T15:14:52.300+0000][7][gc,age      ] GC(73) - age   8:        656 bytes,    1139272 total
[2024-03-01T15:14:52.300+0000][7][gc,age      ] GC(73) - age   9:     140800 bytes,    1280072 total
[2024-03-01T15:14:52.300+0000][7][gc,age      ] GC(73) - age  10:        520 bytes,    1280592 total
[2024-03-01T15:14:52.300+0000][7][gc,age      ] GC(73) - age  11:        272 bytes,    1280864 total
[2024-03-01T15:14:52.300+0000][7][gc,age      ] GC(73) - age  12:        464 bytes,    1281328 total
[2024-03-01T15:14:52.300+0000][7][gc,heap     ] GC(73) Eden regions: 152->0(152)
[2024-03-01T15:14:52.300+0000][7][gc,heap     ] GC(73) Survivor regions: 1->1(20)
[2024-03-01T15:14:52.300+0000][7][gc,heap     ] GC(73) Old regions: 22->22
[2024-03-01T15:14:52.300+0000][7][gc,heap     ] GC(73) Archive regions: 2->2
[2024-03-01T15:14:52.300+0000][7][gc,heap     ] GC(73) Humongous regions: 0->0
[2024-03-01T15:14:52.300+0000][7][gc,metaspace] GC(73) Metaspace: 125743K(129088K)->125743K(129088K) NonClass: 109352K(111104K)->109352K(111104K) Class: 16391K(17984K)->16391K(17984K)
[2024-03-01T15:14:52.300+0000][7][gc          ] GC(73) Pause Young (Normal) (G1 Evacuation Pause) 700M->91M(1024M) 4.012ms
[2024-03-01T15:14:52.300+0000][7][gc,cpu      ] GC(73) User=0.01s Sys=0.00s Real=0.00s
[2024-03-01T15:14:52.300+0000][7][safepoint   ] Safepoint "G1CollectForAllocation", Time since last: 28972648690 ns, Reaching safepoint: 54124 ns, At safepoint: 4142398 ns, Total: 4196522 ns
[2024-03-01T15:15:54.308+0000][7][safepoint   ] Safepoint "Cleanup", Time since last: 62007697436 ns, Reaching safepoint: 81877 ns, At safepoint: 40492 ns, Total: 122369 ns
[2024-03-01T15:17:35.183+0000][7][gc,start    ] GC(74) Pause Young (Normal) (G1 Evacuation Pause)
[2024-03-01T15:17:35.183+0000][7][gc,task     ] GC(74) Using 8 workers of 8 for evacuation
[2024-03-01T15:17:35.183+0000][7][gc,age      ] GC(74) Desired survivor size 41943040 bytes, new threshold 15 (max threshold 15)
[2024-03-01T15:17:35.186+0000][7][gc,phases   ] GC(74)   Pre Evacuate Collection Set: 0.2ms
[2024-03-01T15:17:35.186+0000][7][gc,phases   ] GC(74)   Merge Heap Roots: 0.1ms
[2024-03-01T15:17:35.186+0000][7][gc,phases   ] GC(74)   Evacuate Collection Set: 1.5ms
[2024-03-01T15:17:35.186+0000][7][gc,phases   ] GC(74)   Post Evacuate Collection Set: 0.8ms
[2024-03-01T15:17:35.186+0000][7][gc,phases   ] GC(74)   Other: 0.1ms
[2024-03-01T15:17:35.186+0000][7][gc,age      ] GC(74) Age table with threshold 15 (max threshold 15)
[2024-03-01T15:17:35.186+0000][7][gc,age      ] GC(74) - age   1:    1327312 bytes,    1327312 total
[2024-03-01T15:17:35.186+0000][7][gc,age      ] GC(74) - age   2:       1608 bytes,    1328920 total
[2024-03-01T15:17:35.186+0000][7][gc,age      ] GC(74) - age   3:       2936 bytes,    1331856 total
[2024-03-01T15:17:35.186+0000][7][gc,age      ] GC(74) - age   4:       4112 bytes,    1335968 total
[2024-03-01T15:17:35.186+0000][7][gc,age      ] GC(74) - age   5:        488 bytes,    1336456 total
[2024-03-01T15:17:35.186+0000][7][gc,age      ] GC(74) - age   6:       1928 bytes,    1338384 total
[2024-03-01T15:17:35.186+0000][7][gc,age      ] GC(74) - age   7:         24 bytes,    1338408 total
[2024-03-01T15:17:35.186+0000][7][gc,age      ] GC(74) - age   8:        224 bytes,    1338632 total
[2024-03-01T15:17:35.186+0000][7][gc,age      ] GC(74) - age   9:        656 bytes,    1339288 total
[2024-03-01T15:17:35.186+0000][7][gc,age      ] GC(74) - age  10:     140800 bytes,    1480088 total
[2024-03-01T15:17:35.186+0000][7][gc,age      ] GC(74) - age  11:        520 bytes,    1480608 total
[2024-03-01T15:17:35.186+0000][7][gc,age      ] GC(74) - age  12:        272 bytes,    1480880 total
[2024-03-01T15:17:35.186+0000][7][gc,age      ] GC(74) - age  13:        464 bytes,    1481344 total
[2024-03-01T15:17:35.186+0000][7][gc,heap     ] GC(74) Eden regions: 152->0(152)
[2024-03-01T15:17:35.186+0000][7][gc,heap     ] GC(74) Survivor regions: 1->1(20)
[2024-03-01T15:17:35.186+0000][7][gc,heap     ] GC(74) Old regions: 22->22
[2024-03-01T15:17:35.186+0000][7][gc,heap     ] GC(74) Archive regions: 2->2
[2024-03-01T15:17:35.186+0000][7][gc,heap     ] GC(74) Humongous regions: 0->0
[2024-03-01T15:17:35.186+0000][7][gc,metaspace] GC(74) Metaspace: 125747K(129088K)->125747K(129088K) NonClass: 109355K(111104K)->109355K(111104K) Class: 16392K(17984K)->16392K(17984K)
[2024-03-01T15:17:35.186+0000][7][gc          ] GC(74) Pause Young (Normal) (G1 Evacuation Pause) 699M->92M(1024M) 3.141ms
[2024-03-01T15:17:35.186+0000][7][gc,cpu      ] GC(74) User=0.01s Sys=0.00s Real=0.01s
[2024-03-01T15:17:35.186+0000][7][safepoint   ] Safepoint "G1CollectForAllocation", Time since last: 100874880290 ns, Reaching safepoint: 109152 ns, At safepoint: 3246226 ns, Total: 3355378 ns
[2024-03-01T15:20:07.211+0000][7][safepoint   ] Safepoint "Cleanup", Time since last: 152024277870 ns, Reaching safepoint: 126436 ns, At safepoint: 14214 ns, Total: 140650 ns
[2024-03-01T15:20:08.211+0000][7][safepoint   ] Safepoint "Cleanup", Time since last: 1000273606 ns, Reaching safepoint: 73428 ns, At safepoint: 8837 ns, Total: 82265 ns
[2024-03-01T15:20:11.212+0000][7][safepoint   ] Safepoint "Cleanup", Time since last: 3000594770 ns, Reaching safepoint: 78486 ns, At safepoint: 10271 ns, Total: 88757 ns
[2024-03-01T15:20:16.349+0000][7][gc,start    ] GC(75) Pause Young (Normal) (G1 Evacuation Pause)
[2024-03-01T15:20:16.349+0000][7][gc,task     ] GC(75) Using 8 workers of 8 for evacuation
[2024-03-01T15:20:16.349+0000][7][gc,age      ] GC(75) Desired survivor size 41943040 bytes, new threshold 15 (max threshold 15)
[2024-03-01T15:20:16.352+0000][7][gc,phases   ] GC(75)   Pre Evacuate Collection Set: 0.1ms
[2024-03-01T15:20:16.352+0000][7][gc,phases   ] GC(75)   Merge Heap Roots: 0.1ms
[2024-03-01T15:20:16.352+0000][7][gc,phases   ] GC(75)   Evacuate Collection Set: 1.2ms
[2024-03-01T15:20:16.352+0000][7][gc,phases   ] GC(75)   Post Evacuate Collection Set: 0.7ms
[2024-03-01T15:20:16.352+0000][7][gc,phases   ] GC(75)   Other: 0.1ms
[2024-03-01T15:20:16.352+0000][7][gc,age      ] GC(75) Age table with threshold 15 (max threshold 15)
[2024-03-01T15:20:16.352+0000][7][gc,age      ] GC(75) - age   1:     762728 bytes,     762728 total
[2024-03-01T15:20:16.352+0000][7][gc,age      ] GC(75) - age   2:      10736 bytes,     773464 total
[2024-03-01T15:20:16.352+0000][7][gc,age      ] GC(75) - age   3:        360 bytes,     773824 total
[2024-03-01T15:20:16.352+0000][7][gc,age      ] GC(75) - age   4:       2576 bytes,     776400 total
[2024-03-01T15:20:16.352+0000][7][gc,age      ] GC(75) - age   5:        408 bytes,     776808 total
[2024-03-01T15:20:16.352+0000][7][gc,age      ] GC(75) - age   6:         88 bytes,     776896 total
[2024-03-01T15:20:16.352+0000][7][gc,age      ] GC(75) - age   7:       1744 bytes,     778640 total
[2024-03-01T15:20:16.352+0000][7][gc,age      ] GC(75) - age   8:         24 bytes,     778664 total
[2024-03-01T15:20:16.352+0000][7][gc,age      ] GC(75) - age   9:        224 bytes,     778888 total
[2024-03-01T15:20:16.352+0000][7][gc,age      ] GC(75) - age  10:        656 bytes,     779544 total
[2024-03-01T15:20:16.352+0000][7][gc,age      ] GC(75) - age  11:     140800 bytes,     920344 total
[2024-03-01T15:20:16.352+0000][7][gc,age      ] GC(75) - age  12:        520 bytes,     920864 total
[2024-03-01T15:20:16.352+0000][7][gc,age      ] GC(75) - age  13:        272 bytes,     921136 total
[2024-03-01T15:20:16.352+0000][7][gc,age      ] GC(75) - age  14:        464 bytes,     921600 total
[2024-03-01T15:20:16.352+0000][7][gc,heap     ] GC(75) Eden regions: 152->0(152)
[2024-03-01T15:20:16.352+0000][7][gc,heap     ] GC(75) Survivor regions: 1->1(20)
[2024-03-01T15:20:16.352+0000][7][gc,heap     ] GC(75) Old regions: 22->22
[2024-03-01T15:20:16.352+0000][7][gc,heap     ] GC(75) Archive regions: 2->2
[2024-03-01T15:20:16.352+0000][7][gc,heap     ] GC(75) Humongous regions: 0->0
[2024-03-01T15:20:16.352+0000][7][gc,metaspace] GC(75) Metaspace: 125759K(129088K)->125759K(129088K) NonClass: 109367K(111104K)->109367K(111104K) Class: 16392K(17984K)->16392K(17984K)
[2024-03-01T15:20:16.352+0000][7][gc          ] GC(75) Pause Young (Normal) (G1 Evacuation Pause) 700M->91M(1024M) 2.519ms
[2024-03-01T15:20:16.352+0000][7][gc,cpu      ] GC(75) User=0.01s Sys=0.00s Real=0.00s
[2024-03-01T15:20:16.352+0000][7][safepoint   ] Safepoint "G1CollectForAllocation", Time since last: 5137674061 ns, Reaching safepoint: 54963 ns, At safepoint: 2620295 ns, Total: 2675258 ns
[2024-03-01T15:23:05.133+0000][7][gc,start    ] GC(76) Pause Young (Normal) (G1 Evacuation Pause)
[2024-03-01T15:23:05.133+0000][7][gc,task     ] GC(76) Using 8 workers of 8 for evacuation
[2024-03-01T15:23:05.133+0000][7][gc,age      ] GC(76) Desired survivor size 41943040 bytes, new threshold 15 (max threshold 15)
[2024-03-01T15:23:05.135+0000][7][gc,phases   ] GC(76)   Pre Evacuate Collection Set: 0.1ms
[2024-03-01T15:23:05.135+0000][7][gc,phases   ] GC(76)   Merge Heap Roots: 0.1ms
[2024-03-01T15:23:05.135+0000][7][gc,phases   ] GC(76)   Evacuate Collection Set: 1.6ms
[2024-03-01T15:23:05.135+0000][7][gc,phases   ] GC(76)   Post Evacuate Collection Set: 0.8ms
[2024-03-01T15:23:05.135+0000][7][gc,phases   ] GC(76)   Other: 0.1ms
[2024-03-01T15:23:05.135+0000][7][gc,age      ] GC(76) Age table with threshold 15 (max threshold 15)
[2024-03-01T15:23:05.135+0000][7][gc,age      ] GC(76) - age   1:    1275408 bytes,    1275408 total
[2024-03-01T15:23:05.136+0000][7][gc,age      ] GC(76) - age   2:     146928 bytes,    1422336 total
[2024-03-01T15:23:05.136+0000][7][gc,age      ] GC(76) - age   3:        576 bytes,    1422912 total
[2024-03-01T15:23:05.136+0000][7][gc,age      ] GC(76) - age   4:        176 bytes,    1423088 total
[2024-03-01T15:23:05.136+0000][7][gc,age      ] GC(76) - age   5:       1888 bytes,    1424976 total
[2024-03-01T15:23:05.136+0000][7][gc,age      ] GC(76) - age   6:        408 bytes,    1425384 total
[2024-03-01T15:23:05.136+0000][7][gc,age      ] GC(76) - age   7:         88 bytes,    1425472 total
[2024-03-01T15:23:05.136+0000][7][gc,age      ] GC(76) - age   8:       1712 bytes,    1427184 total
[2024-03-01T15:23:05.136+0000][7][gc,age      ] GC(76) - age   9:         24 bytes,    1427208 total
[2024-03-01T15:23:05.136+0000][7][gc,age      ] GC(76) - age  10:        224 bytes,    1427432 total
[2024-03-01T15:23:05.136+0000][7][gc,age      ] GC(76) - age  11:        656 bytes,    1428088 total
[2024-03-01T15:23:05.136+0000][7][gc,age      ] GC(76) - age  12:     140800 bytes,    1568888 total
[2024-03-01T15:23:05.136+0000][7][gc,age      ] GC(76) - age  13:        520 bytes,    1569408 total
[2024-03-01T15:23:05.136+0000][7][gc,age      ] GC(76) - age  14:        272 bytes,    1569680 total
[2024-03-01T15:23:05.136+0000][7][gc,age      ] GC(76) - age  15:        464 bytes,    1570144 total
[2024-03-01T15:23:05.136+0000][7][gc,heap     ] GC(76) Eden regions: 152->0(152)
[2024-03-01T15:23:05.136+0000][7][gc,heap     ] GC(76) Survivor regions: 1->1(20)
[2024-03-01T15:23:05.136+0000][7][gc,heap     ] GC(76) Old regions: 22->22
[2024-03-01T15:23:05.136+0000][7][gc,heap     ] GC(76) Archive regions: 2->2
[2024-03-01T15:23:05.136+0000][7][gc,heap     ] GC(76) Humongous regions: 0->0
[2024-03-01T15:23:05.136+0000][7][gc,metaspace] GC(76) Metaspace: 125761K(129088K)->125761K(129088K) NonClass: 109369K(111104K)->109369K(111104K) Class: 16392K(17984K)->16392K(17984K)
[2024-03-01T15:23:05.136+0000][7][gc          ] GC(76) Pause Young (Normal) (G1 Evacuation Pause) 699M->92M(1024M) 3.041ms
[2024-03-01T15:23:05.136+0000][7][gc,cpu      ] GC(76) User=0.01s Sys=0.01s Real=0.01s
[2024-03-01T15:23:05.136+0000][7][safepoint   ] Safepoint "G1CollectForAllocation", Time since last: 168780531186 ns, Reaching safepoint: 82202 ns, At safepoint: 3137972 ns, Total: 3220174 ns
[2024-03-01T15:23:23.139+0000][7][safepoint   ] Safepoint "Cleanup", Time since last: 18002815938 ns, Reaching safepoint: 118194 ns, At safepoint: 13239 ns, Total: 131433 ns
[2024-03-01T15:23:47.143+0000][7][safepoint   ] Safepoint "Cleanup", Time since last: 24004153239 ns, Reaching safepoint: 86869 ns, At safepoint: 46015 ns, Total: 132884 ns
[2024-03-01T15:24:59.155+0000][7][safepoint   ] Safepoint "Cleanup", Time since last: 72011906978 ns, Reaching safepoint: 76806 ns, At safepoint: 8366 ns, Total: 85172 ns
[2024-03-01T15:25:05.156+0000][7][safepoint   ] Safepoint "Cleanup", Time since last: 6001016886 ns, Reaching safepoint: 161313 ns, At safepoint: 49892 ns, Total: 211205 ns
[2024-03-01T15:25:09.157+0000][7][safepoint   ] Safepoint "Cleanup", Time since last: 4000681380 ns, Reaching safepoint: 102146 ns, At safepoint: 11000 ns, Total: 113146 ns
[2024-03-01T15:25:42.163+0000][7][safepoint   ] Safepoint "Cleanup", Time since last: 33005628939 ns, Reaching safepoint: 112623 ns, At safepoint: 20952 ns, Total: 133575 ns
[2024-03-01T15:25:43.644+0000][7][gc,start    ] GC(77) Pause Young (Normal) (G1 Evacuation Pause)
[2024-03-01T15:25:43.644+0000][7][gc,task     ] GC(77) Using 8 workers of 8 for evacuation
[2024-03-01T15:25:43.644+0000][7][gc,age      ] GC(77) Desired survivor size 41943040 bytes, new threshold 15 (max threshold 15)
[2024-03-01T15:25:43.647+0000][7][gc,phases   ] GC(77)   Pre Evacuate Collection Set: 0.1ms
[2024-03-01T15:25:43.647+0000][7][gc,phases   ] GC(77)   Merge Heap Roots: 0.1ms
[2024-03-01T15:25:43.647+0000][7][gc,phases   ] GC(77)   Evacuate Collection Set: 1.5ms
[2024-03-01T15:25:43.647+0000][7][gc,phases   ] GC(77)   Post Evacuate Collection Set: 0.8ms
[2024-03-01T15:25:43.647+0000][7][gc,phases   ] GC(77)   Other: 0.1ms
[2024-03-01T15:25:43.647+0000][7][gc,age      ] GC(77) Age table with threshold 15 (max threshold 15)
[2024-03-01T15:25:43.647+0000][7][gc,age      ] GC(77) - age   1:     712224 bytes,     712224 total
[2024-03-01T15:25:43.647+0000][7][gc,age      ] GC(77) - age   2:      11608 bytes,     723832 total
[2024-03-01T15:25:43.647+0000][7][gc,age      ] GC(77) - age   3:      99224 bytes,     823056 total
[2024-03-01T15:25:43.647+0000][7][gc,age      ] GC(77) - age   4:        576 bytes,     823632 total
[2024-03-01T15:25:43.647+0000][7][gc,age      ] GC(77) - age   5:        144 bytes,     823776 total
[2024-03-01T15:25:43.647+0000][7][gc,age      ] GC(77) - age   6:       1824 bytes,     825600 total
[2024-03-01T15:25:43.647+0000][7][gc,age      ] GC(77) - age   7:        408 bytes,     826008 total
[2024-03-01T15:25:43.647+0000][7][gc,age      ] GC(77) - age   8:         88 bytes,     826096 total
[2024-03-01T15:25:43.647+0000][7][gc,age      ] GC(77) - age   9:       1712 bytes,     827808 total
[2024-03-01T15:25:43.647+0000][7][gc,age      ] GC(77) - age  10:         24 bytes,     827832 total
[2024-03-01T15:25:43.647+0000][7][gc,age      ] GC(77) - age  11:        224 bytes,     828056 total
[2024-03-01T15:25:43.647+0000][7][gc,age      ] GC(77) - age  12:        656 bytes,     828712 total
[2024-03-01T15:25:43.647+0000][7][gc,age      ] GC(77) - age  13:     140800 bytes,     969512 total
[2024-03-01T15:25:43.647+0000][7][gc,age      ] GC(77) - age  14:        520 bytes,     970032 total
[2024-03-01T15:25:43.647+0000][7][gc,age      ] GC(77) - age  15:         88 bytes,     970120 total
[2024-03-01T15:25:43.647+0000][7][gc,heap     ] GC(77) Eden regions: 152->0(152)
[2024-03-01T15:25:43.647+0000][7][gc,heap     ] GC(77) Survivor regions: 1->1(20)
[2024-03-01T15:25:43.647+0000][7][gc,heap     ] GC(77) Old regions: 22->22
[2024-03-01T15:25:43.647+0000][7][gc,heap     ] GC(77) Archive regions: 2->2
[2024-03-01T15:25:43.647+0000][7][gc,heap     ] GC(77) Humongous regions: 0->0
[2024-03-01T15:25:43.647+0000][7][gc,metaspace] GC(77) Metaspace: 125761K(129088K)->125761K(129088K) NonClass: 109369K(111104K)->109369K(111104K) Class: 16392K(17984K)->16392K(17984K)
[2024-03-01T15:25:43.647+0000][7][gc          ] GC(77) Pause Young (Normal) (G1 Evacuation Pause) 700M->91M(1024M) 2.901ms
[2024-03-01T15:25:43.647+0000][7][gc,cpu      ] GC(77) User=0.01s Sys=0.00s Real=0.00s
[2024-03-01T15:25:43.647+0000][7][safepoint   ] Safepoint "G1CollectForAllocation", Time since last: 1481283386 ns, Reaching safepoint: 65467 ns, At safepoint: 2998317 ns, Total: 3063784 ns
[2024-03-01T15:25:55.649+0000][7][safepoint   ] Safepoint "Cleanup", Time since last: 12001653779 ns, Reaching safepoint: 117668 ns, At safepoint: 11330 ns, Total: 128998 ns
[2024-03-01T15:25:58.650+0000][7][safepoint   ] Safepoint "Cleanup", Time since last: 3000599067 ns, Reaching safepoint: 88107 ns, At safepoint: 8833 ns, Total: 96940 ns
[2024-03-01T15:26:04.651+0000][7][safepoint   ] Safepoint "Cleanup", Time since last: 6001267453 ns, Reaching safepoint: 118670 ns, At safepoint: 15554 ns, Total: 134224 ns
[2024-03-01T15:26:17.653+0000][7][safepoint   ] Safepoint "Cleanup", Time since last: 13001882796 ns, Reaching safepoint: 140656 ns, At safepoint: 11705 ns, Total: 152361 ns
[2024-03-01T15:26:19.653+0000][7][safepoint   ] Safepoint "Cleanup", Time since last: 2000257452 ns, Reaching safepoint: 108967 ns, At safepoint: 8417 ns, Total: 117384 ns
[2024-03-01T15:26:34.656+0000][7][safepoint   ] Safepoint "Cleanup", Time since last: 15002447062 ns, Reaching safepoint: 83061 ns, At safepoint: 8938 ns, Total: 91999 ns
[2024-03-01T15:26:43.657+0000][7][safepoint   ] Safepoint "Cleanup", Time since last: 9001379046 ns, Reaching safepoint: 120482 ns, At safepoint: 13466 ns, Total: 133948 ns
[2024-03-01T15:28:28.372+0000][7][gc,start    ] GC(78) Pause Young (Normal) (G1 Evacuation Pause)
[2024-03-01T15:28:28.372+0000][7][gc,task     ] GC(78) Using 8 workers of 8 for evacuation
[2024-03-01T15:28:28.372+0000][7][gc,age      ] GC(78) Desired survivor size 41943040 bytes, new threshold 15 (max threshold 15)
[2024-03-01T15:28:28.375+0000][7][gc,phases   ] GC(78)   Pre Evacuate Collection Set: 0.1ms
[2024-03-01T15:28:28.375+0000][7][gc,phases   ] GC(78)   Merge Heap Roots: 0.1ms
[2024-03-01T15:28:28.375+0000][7][gc,phases   ] GC(78)   Evacuate Collection Set: 1.5ms
[2024-03-01T15:28:28.375+0000][7][gc,phases   ] GC(78)   Post Evacuate Collection Set: 0.8ms
[2024-03-01T15:28:28.375+0000][7][gc,phases   ] GC(78)   Other: 0.1ms
[2024-03-01T15:28:28.375+0000][7][gc,age      ] GC(78) Age table with threshold 15 (max threshold 15)
[2024-03-01T15:28:28.375+0000][7][gc,age      ] GC(78) - age   1:    1396592 bytes,    1396592 total
[2024-03-01T15:28:28.375+0000][7][gc,age      ] GC(78) - age   2:      79832 bytes,    1476424 total
[2024-03-01T15:28:28.375+0000][7][gc,age      ] GC(78) - age   3:       1672 bytes,    1478096 total
[2024-03-01T15:28:28.375+0000][7][gc,age      ] GC(78) - age   4:      99160 bytes,    1577256 total
[2024-03-01T15:28:28.375+0000][7][gc,age      ] GC(78) - age   5:        576 bytes,    1577832 total
[2024-03-01T15:28:28.375+0000][7][gc,age      ] GC(78) - age   6:        144 bytes,    1577976 total
[2024-03-01T15:28:28.375+0000][7][gc,age      ] GC(78) - age   7:       1824 bytes,    1579800 total
[2024-03-01T15:28:28.375+0000][7][gc,age      ] GC(78) - age   8:        408 bytes,    1580208 total
[2024-03-01T15:28:28.375+0000][7][gc,age      ] GC(78) - age   9:         88 bytes,    1580296 total
[2024-03-01T15:28:28.375+0000][7][gc,age      ] GC(78) - age  10:       1712 bytes,    1582008 total
[2024-03-01T15:28:28.375+0000][7][gc,age      ] GC(78) - age  11:         24 bytes,    1582032 total
[2024-03-01T15:28:28.375+0000][7][gc,age      ] GC(78) - age  12:        224 bytes,    1582256 total
[2024-03-01T15:28:28.375+0000][7][gc,age      ] GC(78) - age  13:        472 bytes,    1582728 total
[2024-03-01T15:28:28.375+0000][7][gc,age      ] GC(78) - age  14:     140800 bytes,    1723528 total
[2024-03-01T15:28:28.375+0000][7][gc,age      ] GC(78) - age  15:        520 bytes,    1724048 total
[2024-03-01T15:28:28.375+0000][7][gc,heap     ] GC(78) Eden regions: 152->0(152)
[2024-03-01T15:28:28.375+0000][7][gc,heap     ] GC(78) Survivor regions: 1->1(20)
[2024-03-01T15:28:28.375+0000][7][gc,heap     ] GC(78) Old regions: 22->22
[2024-03-01T15:28:28.375+0000][7][gc,heap     ] GC(78) Archive regions: 2->2
[2024-03-01T15:28:28.375+0000][7][gc,heap     ] GC(78) Humongous regions: 0->0
[2024-03-01T15:28:28.375+0000][7][gc,metaspace] GC(78) Metaspace: 125762K(129088K)->125762K(129088K) NonClass: 109370K(111104K)->109370K(111104K) Class: 16392K(17984K)->16392K(17984K)
[2024-03-01T15:28:28.375+0000][7][gc          ] GC(78) Pause Young (Normal) (G1 Evacuation Pause) 699M->92M(1024M) 2.864ms
[2024-03-01T15:28:28.375+0000][7][gc,cpu      ] GC(78) User=0.02s Sys=0.00s Real=0.00s
[2024-03-01T15:28:28.375+0000][7][safepoint   ] Safepoint "G1CollectForAllocation", Time since last: 104714813296 ns, Reaching safepoint: 66025 ns, At safepoint: 2968226 ns, Total: 3034251 ns
[2024-03-01T15:28:53.379+0000][7][safepoint   ] Safepoint "Cleanup", Time since last: 25003288116 ns, Reaching safepoint: 78055 ns, At safepoint: 40798 ns, Total: 118853 ns
[2024-03-01T15:29:27.384+0000][7][safepoint   ] Safepoint "Cleanup", Time since last: 34005012342 ns, Reaching safepoint: 76943 ns, At safepoint: 9218 ns, Total: 86161 ns
[2024-03-01T15:29:29.384+0000][7][safepoint   ] Safepoint "Cleanup", Time since last: 2000220012 ns, Reaching safepoint: 66911 ns, At safepoint: 7210 ns, Total: 74121 ns
[2024-03-01T15:29:44.387+0000][7][safepoint   ] Safepoint "Cleanup", Time since last: 15002398403 ns, Reaching safepoint: 121633 ns, At safepoint: 6293 ns, Total: 127926 ns
[2024-03-01T15:29:57.388+0000][7][safepoint   ] Safepoint "Cleanup", Time since last: 13001474459 ns, Reaching safepoint: 95387 ns, At safepoint: 12700 ns, Total: 108087 ns
[2024-03-01T15:30:05.389+0000][7][safepoint   ] Safepoint "Cleanup", Time since last: 8000846798 ns, Reaching safepoint: 70444 ns, At safepoint: 8624 ns, Total: 79068 ns
[2024-03-01T15:30:19.391+0000][7][safepoint   ] Safepoint "Cleanup", Time since last: 14001714372 ns, Reaching safepoint: 72536 ns, At safepoint: 6447 ns, Total: 78983 ns
[2024-03-01T15:30:57.396+0000][7][safepoint   ] Safepoint "Cleanup", Time since last: 38005463655 ns, Reaching safepoint: 80587 ns, At safepoint: 7658 ns, Total: 88245 ns
[2024-03-01T15:31:08.398+0000][7][safepoint   ] Safepoint "Cleanup", Time since last: 11001784013 ns, Reaching safepoint: 99927 ns, At safepoint: 14596 ns, Total: 114523 ns
[2024-03-01T15:31:10.371+0000][7][gc,start    ] GC(79) Pause Young (Normal) (G1 Evacuation Pause)
[2024-03-01T15:31:10.371+0000][7][gc,task     ] GC(79) Using 8 workers of 8 for evacuation
[2024-03-01T15:31:10.371+0000][7][gc,age      ] GC(79) Desired survivor size 41943040 bytes, new threshold 15 (max threshold 15)
[2024-03-01T15:31:10.374+0000][7][gc,phases   ] GC(79)   Pre Evacuate Collection Set: 0.2ms
[2024-03-01T15:31:10.374+0000][7][gc,phases   ] GC(79)   Merge Heap Roots: 0.1ms
[2024-03-01T15:31:10.374+0000][7][gc,phases   ] GC(79)   Evacuate Collection Set: 1.3ms
[2024-03-01T15:31:10.374+0000][7][gc,phases   ] GC(79)   Post Evacuate Collection Set: 0.7ms
[2024-03-01T15:31:10.374+0000][7][gc,phases   ] GC(79)   Other: 0.1ms
[2024-03-01T15:31:10.374+0000][7][gc,age      ] GC(79) Age table with threshold 15 (max threshold 15)
[2024-03-01T15:31:10.374+0000][7][gc,age      ] GC(79) - age   1:     723920 bytes,     723920 total
[2024-03-01T15:31:10.374+0000][7][gc,age      ] GC(79) - age   2:      34544 bytes,     758464 total
[2024-03-01T15:31:10.374+0000][7][gc,age      ] GC(79) - age   3:      78264 bytes,     836728 total
[2024-03-01T15:31:10.374+0000][7][gc,age      ] GC(79) - age   4:       1312 bytes,     838040 total
[2024-03-01T15:31:10.374+0000][7][gc,age      ] GC(79) - age   5:      95520 bytes,     933560 total
[2024-03-01T15:31:10.374+0000][7][gc,age      ] GC(79) - age   6:        576 bytes,     934136 total
[2024-03-01T15:31:10.374+0000][7][gc,age      ] GC(79) - age   7:        144 bytes,     934280 total
[2024-03-01T15:31:10.374+0000][7][gc,age      ] GC(79) - age   8:       1824 bytes,     936104 total
[2024-03-01T15:31:10.374+0000][7][gc,age      ] GC(79) - age   9:         24 bytes,     936128 total
[2024-03-01T15:31:10.374+0000][7][gc,age      ] GC(79) - age  10:         88 bytes,     936216 total
[2024-03-01T15:31:10.374+0000][7][gc,age      ] GC(79) - age  11:       1712 bytes,     937928 total
[2024-03-01T15:31:10.374+0000][7][gc,age      ] GC(79) - age  12:         24 bytes,     937952 total
[2024-03-01T15:31:10.374+0000][7][gc,age      ] GC(79) - age  13:        224 bytes,     938176 total
[2024-03-01T15:31:10.374+0000][7][gc,age      ] GC(79) - age  14:        472 bytes,     938648 total
[2024-03-01T15:31:10.374+0000][7][gc,age      ] GC(79) - age  15:     140800 bytes,    1079448 total
[2024-03-01T15:31:10.374+0000][7][gc,heap     ] GC(79) Eden regions: 152->0(152)
[2024-03-01T15:31:10.374+0000][7][gc,heap     ] GC(79) Survivor regions: 1->1(20)
[2024-03-01T15:31:10.374+0000][7][gc,heap     ] GC(79) Old regions: 22->22
[2024-03-01T15:31:10.374+0000][7][gc,heap     ] GC(79) Archive regions: 2->2
[2024-03-01T15:31:10.374+0000][7][gc,heap     ] GC(79) Humongous regions: 0->0
[2024-03-01T15:31:10.374+0000][7][gc,metaspace] GC(79) Metaspace: 125795K(129088K)->125795K(129088K) NonClass: 109403K(111104K)->109403K(111104K) Class: 16392K(17984K)->16392K(17984K)
[2024-03-01T15:31:10.374+0000][7][gc          ] GC(79) Pause Young (Normal) (G1 Evacuation Pause) 700M->91M(1024M) 2.763ms
[2024-03-01T15:31:10.374+0000][7][gc,cpu      ] GC(79) User=0.01s Sys=0.00s Real=0.00s
[2024-03-01T15:31:10.374+0000][7][safepoint   ] Safepoint "G1CollectForAllocation", Time since last: 1972811690 ns, Reaching safepoint: 48862 ns, At safepoint: 2856425 ns, Total: 2905287 ns
[2024-03-01T15:32:32.387+0000][7][safepoint   ] Safepoint "Cleanup", Time since last: 82012768074 ns, Reaching safepoint: 90371 ns, At safepoint: 50022 ns, Total: 140393 ns
[2024-03-01T15:33:55.390+0000][7][gc,start    ] GC(80) Pause Young (Normal) (G1 Evacuation Pause)
[2024-03-01T15:33:55.390+0000][7][gc,task     ] GC(80) Using 8 workers of 8 for evacuation
[2024-03-01T15:33:55.390+0000][7][gc,age      ] GC(80) Desired survivor size 41943040 bytes, new threshold 15 (max threshold 15)
[2024-03-01T15:33:55.393+0000][7][gc,phases   ] GC(80)   Pre Evacuate Collection Set: 0.1ms
[2024-03-01T15:33:55.393+0000][7][gc,phases   ] GC(80)   Merge Heap Roots: 0.1ms
[2024-03-01T15:33:55.393+0000][7][gc,phases   ] GC(80)   Evacuate Collection Set: 1.4ms
[2024-03-01T15:33:55.393+0000][7][gc,phases   ] GC(80)   Post Evacuate Collection Set: 0.7ms
[2024-03-01T15:33:55.393+0000][7][gc,phases   ] GC(80)   Other: 0.1ms
[2024-03-01T15:33:55.393+0000][7][gc,age      ] GC(80) Age table with threshold 15 (max threshold 15)
[2024-03-01T15:33:55.393+0000][7][gc,age      ] GC(80) - age   1:    1158000 bytes,    1158000 total
[2024-03-01T15:33:55.393+0000][7][gc,age      ] GC(80) - age   2:      30960 bytes,    1188960 total
[2024-03-01T15:33:55.393+0000][7][gc,age      ] GC(80) - age   3:      32376 bytes,    1221336 total
[2024-03-01T15:33:55.393+0000][7][gc,age      ] GC(80) - age   4:      78160 bytes,    1299496 total
[2024-03-01T15:33:55.393+0000][7][gc,age      ] GC(80) - age   5:        600 bytes,    1300096 total
[2024-03-01T15:33:55.393+0000][7][gc,age      ] GC(80) - age   6:      95336 bytes,    1395432 total
[2024-03-01T15:33:55.393+0000][7][gc,age      ] GC(80) - age   7:        576 bytes,    1396008 total
[2024-03-01T15:33:55.393+0000][7][gc,age      ] GC(80) - age   8:        144 bytes,    1396152 total
[2024-03-01T15:33:55.393+0000][7][gc,age      ] GC(80) - age   9:       1792 bytes,    1397944 total
[2024-03-01T15:33:55.393+0000][7][gc,age      ] GC(80) - age  10:         24 bytes,    1397968 total
[2024-03-01T15:33:55.393+0000][7][gc,age      ] GC(80) - age  11:         88 bytes,    1398056 total
[2024-03-01T15:33:55.393+0000][7][gc,age      ] GC(80) - age  12:       1712 bytes,    1399768 total
[2024-03-01T15:33:55.393+0000][7][gc,age      ] GC(80) - age  13:         24 bytes,    1399792 total
[2024-03-01T15:33:55.393+0000][7][gc,age      ] GC(80) - age  14:        224 bytes,    1400016 total
[2024-03-01T15:33:55.393+0000][7][gc,age      ] GC(80) - age  15:        472 bytes,    1400488 total
[2024-03-01T15:33:55.393+0000][7][gc,heap     ] GC(80) Eden regions: 152->0(152)
[2024-03-01T15:33:55.393+0000][7][gc,heap     ] GC(80) Survivor regions: 1->1(20)
[2024-03-01T15:33:55.393+0000][7][gc,heap     ] GC(80) Old regions: 22->22
[2024-03-01T15:33:55.393+0000][7][gc,heap     ] GC(80) Archive regions: 2->2
[2024-03-01T15:33:55.393+0000][7][gc,heap     ] GC(80) Humongous regions: 0->0
[2024-03-01T15:33:55.393+0000][7][gc,metaspace] GC(80) Metaspace: 125797K(129088K)->125797K(129088K) NonClass: 109404K(111104K)->109404K(111104K) Class: 16392K(17984K)->16392K(17984K)
[2024-03-01T15:33:55.393+0000][7][gc          ] GC(80) Pause Young (Normal) (G1 Evacuation Pause) 699M->92M(1024M) 2.794ms
[2024-03-01T15:33:55.393+0000][7][gc,cpu      ] GC(80) User=0.02s Sys=0.00s Real=0.00s
[2024-03-01T15:33:55.393+0000][7][safepoint   ] Safepoint "G1CollectForAllocation", Time since last: 83002869131 ns, Reaching safepoint: 78762 ns, At safepoint: 2888943 ns, Total: 2967705 ns
[2024-03-01T15:34:34.400+0000][7][safepoint   ] Safepoint "Cleanup", Time since last: 39006664507 ns, Reaching safepoint: 157630 ns, At safepoint: 11519 ns, Total: 169149 ns
[2024-03-01T15:36:08.414+0000][7][safepoint   ] Safepoint "Cleanup", Time since last: 94013926297 ns, Reaching safepoint: 169936 ns, At safepoint: 12820 ns, Total: 182756 ns
[2024-03-01T15:36:18.415+0000][7][safepoint   ] Safepoint "Cleanup", Time since last: 10001470854 ns, Reaching safepoint: 108482 ns, At safepoint: 11509 ns, Total: 119991 ns
[2024-03-01T15:36:34.419+0000][7][gc,start    ] GC(81) Pause Young (Normal) (G1 Evacuation Pause)
[2024-03-01T15:36:34.419+0000][7][gc,task     ] GC(81) Using 8 workers of 8 for evacuation
[2024-03-01T15:36:34.419+0000][7][gc,age      ] GC(81) Desired survivor size 41943040 bytes, new threshold 15 (max threshold 15)
[2024-03-01T15:36:34.422+0000][7][gc,phases   ] GC(81)   Pre Evacuate Collection Set: 0.1ms
[2024-03-01T15:36:34.422+0000][7][gc,phases   ] GC(81)   Merge Heap Roots: 0.1ms
[2024-03-01T15:36:34.422+0000][7][gc,phases   ] GC(81)   Evacuate Collection Set: 1.6ms
[2024-03-01T15:36:34.422+0000][7][gc,phases   ] GC(81)   Post Evacuate Collection Set: 0.7ms
[2024-03-01T15:36:34.422+0000][7][gc,phases   ] GC(81)   Other: 0.1ms
[2024-03-01T15:36:34.422+0000][7][gc,age      ] GC(81) Age table with threshold 15 (max threshold 15)
[2024-03-01T15:36:34.422+0000][7][gc,age      ] GC(81) - age   1:    1726328 bytes,    1726328 total
[2024-03-01T15:36:34.422+0000][7][gc,age      ] GC(81) - age   2:       4208 bytes,    1730536 total
[2024-03-01T15:36:34.422+0000][7][gc,age      ] GC(81) - age   3:      28424 bytes,    1758960 total
[2024-03-01T15:36:34.422+0000][7][gc,age      ] GC(81) - age   4:      32312 bytes,    1791272 total
[2024-03-01T15:36:34.422+0000][7][gc,age      ] GC(81) - age   5:      78160 bytes,    1869432 total
[2024-03-01T15:36:34.422+0000][7][gc,age      ] GC(81) - age   6:        416 bytes,    1869848 total
[2024-03-01T15:36:34.422+0000][7][gc,age      ] GC(81) - age   7:      95128 bytes,    1964976 total
[2024-03-01T15:36:34.422+0000][7][gc,age      ] GC(81) - age   8:        456 bytes,    1965432 total
[2024-03-01T15:36:34.422+0000][7][gc,age      ] GC(81) - age   9:        144 bytes,    1965576 total
[2024-03-01T15:36:34.422+0000][7][gc,age      ] GC(81) - age  10:       1792 bytes,    1967368 total
[2024-03-01T15:36:34.422+0000][7][gc,age      ] GC(81) - age  11:         24 bytes,    1967392 total
[2024-03-01T15:36:34.422+0000][7][gc,age      ] GC(81) - age  12:         88 bytes,    1967480 total
[2024-03-01T15:36:34.422+0000][7][gc,age      ] GC(81) - age  13:       1712 bytes,    1969192 total
[2024-03-01T15:36:34.422+0000][7][gc,age      ] GC(81) - age  14:         24 bytes,    1969216 total
[2024-03-01T15:36:34.422+0000][7][gc,age      ] GC(81) - age  15:        224 bytes,    1969440 total
[2024-03-01T15:36:34.422+0000][7][gc,heap     ] GC(81) Eden regions: 152->0(152)
[2024-03-01T15:36:34.422+0000][7][gc,heap     ] GC(81) Survivor regions: 1->1(20)
[2024-03-01T15:36:34.422+0000][7][gc,heap     ] GC(81) Old regions: 22->22
[2024-03-01T15:36:34.422+0000][7][gc,heap     ] GC(81) Archive regions: 2->2
[2024-03-01T15:36:34.422+0000][7][gc,heap     ] GC(81) Humongous regions: 0->0
[2024-03-01T15:36:34.422+0000][7][gc,metaspace] GC(81) Metaspace: 125806K(129152K)->125806K(129152K) NonClass: 109413K(111168K)->109413K(111168K) Class: 16392K(17984K)->16392K(17984K)
[2024-03-01T15:36:34.422+0000][7][gc          ] GC(81) Pause Young (Normal) (G1 Evacuation Pause) 700M->92M(1024M) 2.865ms
[2024-03-01T15:36:34.422+0000][7][gc,cpu      ] GC(81) User=0.02s Sys=0.00s Real=0.00s
[2024-03-01T15:36:34.422+0000][7][safepoint   ] Safepoint "G1CollectForAllocation", Time since last: 16003791290 ns, Reaching safepoint: 50555 ns, At safepoint: 2956064 ns, Total: 3006619 ns
[2024-03-01T15:39:19.465+0000][7][gc,start    ] GC(82) Pause Young (Normal) (G1 Evacuation Pause)
[2024-03-01T15:39:19.465+0000][7][gc,task     ] GC(82) Using 8 workers of 8 for evacuation
[2024-03-01T15:39:19.465+0000][7][gc,age      ] GC(82) Desired survivor size 41943040 bytes, new threshold 15 (max threshold 15)
[2024-03-01T15:39:19.467+0000][7][gc,phases   ] GC(82)   Pre Evacuate Collection Set: 0.2ms
[2024-03-01T15:39:19.467+0000][7][gc,phases   ] GC(82)   Merge Heap Roots: 0.1ms
[2024-03-01T15:39:19.467+0000][7][gc,phases   ] GC(82)   Evacuate Collection Set: 1.3ms
[2024-03-01T15:39:19.467+0000][7][gc,phases   ] GC(82)   Post Evacuate Collection Set: 0.8ms
[2024-03-01T15:39:19.467+0000][7][gc,phases   ] GC(82)   Other: 0.1ms
[2024-03-01T15:39:19.467+0000][7][gc,age      ] GC(82) Age table with threshold 15 (max threshold 15)
[2024-03-01T15:39:19.467+0000][7][gc,age      ] GC(82) - age   1:     616496 bytes,     616496 total
[2024-03-01T15:39:19.467+0000][7][gc,age      ] GC(82) - age   2:       4856 bytes,     621352 total
[2024-03-01T15:39:19.467+0000][7][gc,age      ] GC(82) - age   3:       2448 bytes,     623800 total
[2024-03-01T15:39:19.467+0000][7][gc,age      ] GC(82) - age   4:      24288 bytes,     648088 total
[2024-03-01T15:39:19.467+0000][7][gc,age      ] GC(82) - age   5:      32064 bytes,     680152 total
[2024-03-01T15:39:19.467+0000][7][gc,age      ] GC(82) - age   6:      78096 bytes,     758248 total
[2024-03-01T15:39:19.467+0000][7][gc,age      ] GC(82) - age   7:        416 bytes,     758664 total
[2024-03-01T15:39:19.467+0000][7][gc,age      ] GC(82) - age   8:      95064 bytes,     853728 total
[2024-03-01T15:39:19.467+0000][7][gc,age      ] GC(82) - age   9:        456 bytes,     854184 total
[2024-03-01T15:39:19.467+0000][7][gc,age      ] GC(82) - age  10:        144 bytes,     854328 total
[2024-03-01T15:39:19.467+0000][7][gc,age      ] GC(82) - age  11:       1792 bytes,     856120 total
[2024-03-01T15:39:19.467+0000][7][gc,age      ] GC(82) - age  12:         24 bytes,     856144 total
[2024-03-01T15:39:19.467+0000][7][gc,age      ] GC(82) - age  13:         88 bytes,     856232 total
[2024-03-01T15:39:19.467+0000][7][gc,age      ] GC(82) - age  14:       1712 bytes,     857944 total
[2024-03-01T15:39:19.467+0000][7][gc,age      ] GC(82) - age  15:         24 bytes,     857968 total
[2024-03-01T15:39:19.467+0000][7][gc,heap     ] GC(82) Eden regions: 152->0(152)
[2024-03-01T15:39:19.467+0000][7][gc,heap     ] GC(82) Survivor regions: 1->1(20)
[2024-03-01T15:39:19.467+0000][7][gc,heap     ] GC(82) Old regions: 22->22
[2024-03-01T15:39:19.467+0000][7][gc,heap     ] GC(82) Archive regions: 2->2
[2024-03-01T15:39:19.467+0000][7][gc,heap     ] GC(82) Humongous regions: 0->0
[2024-03-01T15:39:19.467+0000][7][gc,metaspace] GC(82) Metaspace: 125809K(129152K)->125809K(129152K) NonClass: 109416K(111168K)->109416K(111168K) Class: 16392K(17984K)->16392K(17984K)
[2024-03-01T15:39:19.467+0000][7][gc          ] GC(82) Pause Young (Normal) (G1 Evacuation Pause) 700M->91M(1024M) 2.929ms
[2024-03-01T15:39:19.468+0000][7][gc,cpu      ] GC(82) User=0.01s Sys=0.00s Real=0.00s
[2024-03-01T15:39:19.468+0000][7][safepoint   ] Safepoint "G1CollectForAllocation", Time since last: 165042258042 ns, Reaching safepoint: 111655 ns, At safepoint: 3026612 ns, Total: 3138267 ns
[2024-03-01T15:42:05.467+0000][7][gc,start    ] GC(83) Pause Young (Normal) (G1 Evacuation Pause)
[2024-03-01T15:42:05.467+0000][7][gc,task     ] GC(83) Using 8 workers of 8 for evacuation
[2024-03-01T15:42:05.467+0000][7][gc,age      ] GC(83) Desired survivor size 41943040 bytes, new threshold 15 (max threshold 15)
[2024-03-01T15:42:05.470+0000][7][gc,phases   ] GC(83)   Pre Evacuate Collection Set: 0.1ms
[2024-03-01T15:42:05.470+0000][7][gc,phases   ] GC(83)   Merge Heap Roots: 0.1ms
[2024-03-01T15:42:05.470+0000][7][gc,phases   ] GC(83)   Evacuate Collection Set: 1.6ms
[2024-03-01T15:42:05.470+0000][7][gc,phases   ] GC(83)   Post Evacuate Collection Set: 0.9ms
[2024-03-01T15:42:05.470+0000][7][gc,phases   ] GC(83)   Other: 0.1ms
[2024-03-01T15:42:05.470+0000][7][gc,age      ] GC(83) Age table with threshold 15 (max threshold 15)
[2024-03-01T15:42:05.470+0000][7][gc,age      ] GC(83) - age   1:    1094200 bytes,    1094200 total
[2024-03-01T15:42:05.470+0000][7][gc,age      ] GC(83) - age   2:       5264 bytes,    1099464 total
[2024-03-01T15:42:05.470+0000][7][gc,age      ] GC(83) - age   3:       2784 bytes,    1102248 total
[2024-03-01T15:42:05.470+0000][7][gc,age      ] GC(83) - age   4:       1632 bytes,    1103880 total
[2024-03-01T15:42:05.470+0000][7][gc,age      ] GC(83) - age   5:      23912 bytes,    1127792 total
[2024-03-01T15:42:05.470+0000][7][gc,age      ] GC(83) - age   6:      31960 bytes,    1159752 total
[2024-03-01T15:42:05.470+0000][7][gc,age      ] GC(83) - age   7:      78000 bytes,    1237752 total
[2024-03-01T15:42:05.470+0000][7][gc,age      ] GC(83) - age   8:        384 bytes,    1238136 total
[2024-03-01T15:42:05.470+0000][7][gc,age      ] GC(83) - age   9:      95064 bytes,    1333200 total
[2024-03-01T15:42:05.470+0000][7][gc,age      ] GC(83) - age  10:        456 bytes,    1333656 total
[2024-03-01T15:42:05.470+0000][7][gc,age      ] GC(83) - age  11:        144 bytes,    1333800 total
[2024-03-01T15:42:05.470+0000][7][gc,age      ] GC(83) - age  12:       1792 bytes,    1335592 total
[2024-03-01T15:42:05.470+0000][7][gc,age      ] GC(83) - age  13:         24 bytes,    1335616 total
[2024-03-01T15:42:05.470+0000][7][gc,age      ] GC(83) - age  14:         88 bytes,    1335704 total
[2024-03-01T15:42:05.470+0000][7][gc,age      ] GC(83) - age  15:       1712 bytes,    1337416 total
[2024-03-01T15:42:05.470+0000][7][gc,heap     ] GC(83) Eden regions: 152->0(152)
[2024-03-01T15:42:05.470+0000][7][gc,heap     ] GC(83) Survivor regions: 1->1(20)
[2024-03-01T15:42:05.470+0000][7][gc,heap     ] GC(83) Old regions: 22->22
[2024-03-01T15:42:05.470+0000][7][gc,heap     ] GC(83) Archive regions: 2->2
[2024-03-01T15:42:05.470+0000][7][gc,heap     ] GC(83) Humongous regions: 0->0
[2024-03-01T15:42:05.470+0000][7][gc,metaspace] GC(83) Metaspace: 125809K(129152K)->125809K(129152K) NonClass: 109416K(111168K)->109416K(111168K) Class: 16392K(17984K)->16392K(17984K)
[2024-03-01T15:42:05.470+0000][7][gc          ] GC(83) Pause Young (Normal) (G1 Evacuation Pause) 699M->92M(1024M) 3.266ms
[2024-03-01T15:42:05.470+0000][7][gc,cpu      ] GC(83) User=0.01s Sys=0.00s Real=0.00s
[2024-03-01T15:42:05.470+0000][7][safepoint   ] Safepoint "G1CollectForAllocation", Time since last: 165999495060 ns, Reaching safepoint: 71335 ns, At safepoint: 3371318 ns, Total: 3442653 ns
[2024-03-01T15:42:08.471+0000][7][safepoint   ] Safepoint "Cleanup", Time since last: 3000588061 ns, Reaching safepoint: 124489 ns, At safepoint: 11498 ns, Total: 135987 ns
[2024-03-01T15:42:11.472+0000][7][safepoint   ] Safepoint "Cleanup", Time since last: 3000397141 ns, Reaching safepoint: 83062 ns, At safepoint: 10881 ns, Total: 93943 ns
[2024-03-01T15:42:12.472+0000][7][safepoint   ] Safepoint "Cleanup", Time since last: 1000174702 ns, Reaching safepoint: 81582 ns, At safepoint: 12337 ns, Total: 93919 ns
[2024-03-01T15:42:34.476+0000][7][safepoint   ] Safepoint "Cleanup", Time since last: 22003887787 ns, Reaching safepoint: 93279 ns, At safepoint: 5192 ns, Total: 98471 ns
[2024-03-01T15:43:08.481+0000][7][safepoint   ] Safepoint "Cleanup", Time since last: 34005397599 ns, Reaching safepoint: 118605 ns, At safepoint: 8042 ns, Total: 126647 ns
[2024-03-01T15:44:08.492+0000][7][safepoint   ] Safepoint "Cleanup", Time since last: 60010421876 ns, Reaching safepoint: 87107 ns, At safepoint: 43614 ns, Total: 130721 ns
[2024-03-01T15:44:43.998+0000][7][gc,start    ] GC(84) Pause Young (Normal) (G1 Evacuation Pause)
[2024-03-01T15:44:43.998+0000][7][gc,task     ] GC(84) Using 8 workers of 8 for evacuation
[2024-03-01T15:44:43.998+0000][7][gc,age      ] GC(84) Desired survivor size 41943040 bytes, new threshold 15 (max threshold 15)
[2024-03-01T15:44:44.001+0000][7][gc,phases   ] GC(84)   Pre Evacuate Collection Set: 0.1ms
[2024-03-01T15:44:44.001+0000][7][gc,phases   ] GC(84)   Merge Heap Roots: 0.1ms
[2024-03-01T15:44:44.001+0000][7][gc,phases   ] GC(84)   Evacuate Collection Set: 1.6ms
[2024-03-01T15:44:44.001+0000][7][gc,phases   ] GC(84)   Post Evacuate Collection Set: 0.7ms
[2024-03-01T15:44:44.001+0000][7][gc,phases   ] GC(84)   Other: 0.1ms
[2024-03-01T15:44:44.001+0000][7][gc,age      ] GC(84) Age table with threshold 15 (max threshold 15)
[2024-03-01T15:44:44.001+0000][7][gc,age      ] GC(84) - age   1:    1772320 bytes,    1772320 total
[2024-03-01T15:44:44.001+0000][7][gc,age      ] GC(84) - age   2:       5176 bytes,    1777496 total
[2024-03-01T15:44:44.001+0000][7][gc,age      ] GC(84) - age   3:       3768 bytes,    1781264 total
[2024-03-01T15:44:44.001+0000][7][gc,age      ] GC(84) - age   4:       1272 bytes,    1782536 total
[2024-03-01T15:44:44.001+0000][7][gc,age      ] GC(84) - age   5:       1272 bytes,    1783808 total
[2024-03-01T15:44:44.001+0000][7][gc,age      ] GC(84) - age   6:      23656 bytes,    1807464 total
[2024-03-01T15:44:44.001+0000][7][gc,age      ] GC(84) - age   7:      31960 bytes,    1839424 total
[2024-03-01T15:44:44.001+0000][7][gc,age      ] GC(84) - age   8:      78000 bytes,    1917424 total
[2024-03-01T15:44:44.001+0000][7][gc,age      ] GC(84) - age   9:        384 bytes,    1917808 total
[2024-03-01T15:44:44.001+0000][7][gc,age      ] GC(84) - age  10:      95064 bytes,    2012872 total
[2024-03-01T15:44:44.001+0000][7][gc,age      ] GC(84) - age  11:        456 bytes,    2013328 total
[2024-03-01T15:44:44.001+0000][7][gc,age      ] GC(84) - age  12:        144 bytes,    2013472 total
[2024-03-01T15:44:44.001+0000][7][gc,age      ] GC(84) - age  13:       1792 bytes,    2015264 total
[2024-03-01T15:44:44.001+0000][7][gc,age      ] GC(84) - age  14:         24 bytes,    2015288 total
[2024-03-01T15:44:44.001+0000][7][gc,age      ] GC(84) - age  15:         88 bytes,    2015376 total
[2024-03-01T15:44:44.001+0000][7][gc,heap     ] GC(84) Eden regions: 152->0(152)
[2024-03-01T15:44:44.001+0000][7][gc,heap     ] GC(84) Survivor regions: 1->1(20)
[2024-03-01T15:44:44.001+0000][7][gc,heap     ] GC(84) Old regions: 22->22
[2024-03-01T15:44:44.001+0000][7][gc,heap     ] GC(84) Archive regions: 2->2
[2024-03-01T15:44:44.001+0000][7][gc,heap     ] GC(84) Humongous regions: 0->0
[2024-03-01T15:44:44.001+0000][7][gc,metaspace] GC(84) Metaspace: 125815K(129152K)->125815K(129152K) NonClass: 109422K(111168K)->109422K(111168K) Class: 16392K(17984K)->16392K(17984K)
[2024-03-01T15:44:44.001+0000][7][gc          ] GC(84) Pause Young (Normal) (G1 Evacuation Pause) 700M->92M(1024M) 2.828ms
[2024-03-01T15:44:44.001+0000][7][gc,cpu      ] GC(84) User=0.02s Sys=0.00s Real=0.00s
[2024-03-01T15:44:44.001+0000][7][safepoint   ] Safepoint "G1CollectForAllocation", Time since last: 35506017069 ns, Reaching safepoint: 43038 ns, At safepoint: 2907320 ns, Total: 2950358 ns
[2024-03-01T15:47:29.410+0000][7][gc,start    ] GC(85) Pause Young (Normal) (G1 Evacuation Pause)
[2024-03-01T15:47:29.410+0000][7][gc,task     ] GC(85) Using 8 workers of 8 for evacuation
[2024-03-01T15:47:29.410+0000][7][gc,age      ] GC(85) Desired survivor size 41943040 bytes, new threshold 15 (max threshold 15)
[2024-03-01T15:47:29.413+0000][7][gc,phases   ] GC(85)   Pre Evacuate Collection Set: 0.1ms
[2024-03-01T15:47:29.413+0000][7][gc,phases   ] GC(85)   Merge Heap Roots: 0.1ms
[2024-03-01T15:47:29.413+0000][7][gc,phases   ] GC(85)   Evacuate Collection Set: 1.3ms
[2024-03-01T15:47:29.413+0000][7][gc,phases   ] GC(85)   Post Evacuate Collection Set: 1.0ms
[2024-03-01T15:47:29.413+0000][7][gc,phases   ] GC(85)   Other: 0.1ms
[2024-03-01T15:47:29.413+0000][7][gc,age      ] GC(85) Age table with threshold 15 (max threshold 15)
[2024-03-01T15:47:29.413+0000][7][gc,age      ] GC(85) - age   1:     809168 bytes,     809168 total
[2024-03-01T15:47:29.413+0000][7][gc,age      ] GC(85) - age   2:       2968 bytes,     812136 total
[2024-03-01T15:47:29.413+0000][7][gc,age      ] GC(85) - age   3:       2328 bytes,     814464 total
[2024-03-01T15:47:29.413+0000][7][gc,age      ] GC(85) - age   4:       3640 bytes,     818104 total
[2024-03-01T15:47:29.413+0000][7][gc,age      ] GC(85) - age   5:       1144 bytes,     819248 total
[2024-03-01T15:47:29.413+0000][7][gc,age      ] GC(85) - age   6:       1208 bytes,     820456 total
[2024-03-01T15:47:29.413+0000][7][gc,age      ] GC(85) - age   7:      23656 bytes,     844112 total
[2024-03-01T15:47:29.413+0000][7][gc,age      ] GC(85) - age   8:      31960 bytes,     876072 total
[2024-03-01T15:47:29.413+0000][7][gc,age      ] GC(85) - age   9:      78000 bytes,     954072 total
[2024-03-01T15:47:29.413+0000][7][gc,age      ] GC(85) - age  10:        384 bytes,     954456 total
[2024-03-01T15:47:29.413+0000][7][gc,age      ] GC(85) - age  11:      95064 bytes,    1049520 total
[2024-03-01T15:47:29.413+0000][7][gc,age      ] GC(85) - age  12:        456 bytes,    1049976 total
[2024-03-01T15:47:29.413+0000][7][gc,age      ] GC(85) - age  13:        144 bytes,    1050120 total
[2024-03-01T15:47:29.413+0000][7][gc,age      ] GC(85) - age  14:       1792 bytes,    1051912 total
[2024-03-01T15:47:29.413+0000][7][gc,age      ] GC(85) - age  15:         24 bytes,    1051936 total
[2024-03-01T15:47:29.413+0000][7][gc,heap     ] GC(85) Eden regions: 152->0(152)
[2024-03-01T15:47:29.413+0000][7][gc,heap     ] GC(85) Survivor regions: 1->1(20)
[2024-03-01T15:47:29.413+0000][7][gc,heap     ] GC(85) Old regions: 22->22
[2024-03-01T15:47:29.413+0000][7][gc,heap     ] GC(85) Archive regions: 2->2
[2024-03-01T15:47:29.413+0000][7][gc,heap     ] GC(85) Humongous regions: 0->0
[2024-03-01T15:47:29.413+0000][7][gc,metaspace] GC(85) Metaspace: 125829K(129152K)->125829K(129152K) NonClass: 109437K(111168K)->109437K(111168K) Class: 16392K(17984K)->16392K(17984K)
[2024-03-01T15:47:29.413+0000][7][gc          ] GC(85) Pause Young (Normal) (G1 Evacuation Pause) 700M->91M(1024M) 3.123ms
[2024-03-01T15:47:29.413+0000][7][gc,cpu      ] GC(85) User=0.01s Sys=0.00s Real=0.00s
[2024-03-01T15:47:29.413+0000][7][safepoint   ] Safepoint "G1CollectForAllocation", Time since last: 165408815799 ns, Reaching safepoint: 84731 ns, At safepoint: 3236733 ns, Total: 3321464 ns
[2024-03-01T17:28:33.464+0000][7][safepoint   ] Safepoint "Cleanup", Time since last: 68205787039 ns, Reaching safepoint: 58397 ns, At safepoint: 9407 ns, Total: 67804 ns
[2024-03-01T17:28:34.464+0000][7][safepoint   ] Safepoint "Cleanup", Time since last: 1000150347 ns, Reaching safepoint: 60801 ns, At safepoint: 7648 ns, Total: 68449 ns
[2024-03-01T17:28:36.464+0000][7][safepoint   ] Safepoint "Cleanup", Time since last: 2000212345 ns, Reaching safepoint: 131134 ns, At safepoint: 7317 ns, Total: 138451 ns
[2024-03-01T17:28:37.465+0000][7][safepoint   ] Safepoint "Cleanup", Time since last: 1000127978 ns, Reaching safepoint: 58489 ns, At safepoint: 7420 ns, Total: 65909 ns
[2024-03-01T21:31:22.109+0000][7][safepoint   ] Safepoint "Cleanup", Time since last: 26373004901 ns, Reaching safepoint: 63646 ns, At safepoint: 8165 ns, Total: 71811 ns
[2024-03-01T21:32:27.558+0000][7][gc,start    ] GC(86) Pause Young (Normal) (G1 Evacuation Pause)
[2024-03-01T21:32:27.559+0000][7][gc,task     ] GC(86) Using 8 workers of 8 for evacuation
[2024-03-01T21:32:27.559+0000][7][gc,age      ] GC(86) Desired survivor size 41943040 bytes, new threshold 15 (max threshold 15)
[2024-03-01T21:32:27.561+0000][7][gc,phases   ] GC(86)   Pre Evacuate Collection Set: 0.1ms
[2024-03-01T21:32:27.561+0000][7][gc,phases   ] GC(86)   Merge Heap Roots: 0.1ms
[2024-03-01T21:32:27.561+0000][7][gc,phases   ] GC(86)   Evacuate Collection Set: 1.6ms
[2024-03-01T21:32:27.561+0000][7][gc,phases   ] GC(86)   Post Evacuate Collection Set: 0.9ms
[2024-03-01T21:32:27.561+0000][7][gc,phases   ] GC(86)   Other: 0.1ms
[2024-03-01T21:32:27.561+0000][7][gc,age      ] GC(86) Age table with threshold 15 (max threshold 15)
[2024-03-01T21:32:27.561+0000][7][gc,age      ] GC(86) - age   1:    1066184 bytes,    1066184 total
[2024-03-01T21:32:27.561+0000][7][gc,age      ] GC(86) - age   2:       1568 bytes,    1067752 total
[2024-03-01T21:32:27.561+0000][7][gc,age      ] GC(86) - age   3:        288 bytes,    1068040 total
[2024-03-01T21:32:27.561+0000][7][gc,age      ] GC(86) - age   4:       1296 bytes,    1069336 total
[2024-03-01T21:32:27.562+0000][7][gc,age      ] GC(86) - age   5:        184 bytes,    1069520 total
[2024-03-01T21:32:27.562+0000][7][gc,age      ] GC(86) - age   6:        936 bytes,    1070456 total
[2024-03-01T21:32:27.562+0000][7][gc,age      ] GC(86) - age   7:        904 bytes,    1071360 total
[2024-03-01T21:32:27.562+0000][7][gc,age      ] GC(86) - age   8:      23272 bytes,    1094632 total
[2024-03-01T21:32:27.562+0000][7][gc,age      ] GC(86) - age   9:      30376 bytes,    1125008 total
[2024-03-01T21:32:27.562+0000][7][gc,age      ] GC(86) - age  10:      78000 bytes,    1203008 total
[2024-03-01T21:32:27.562+0000][7][gc,age      ] GC(86) - age  11:        184 bytes,    1203192 total
[2024-03-01T21:32:27.562+0000][7][gc,age      ] GC(86) - age  12:      95064 bytes,    1298256 total
[2024-03-01T21:32:27.562+0000][7][gc,age      ] GC(86) - age  13:        456 bytes,    1298712 total
[2024-03-01T21:32:27.562+0000][7][gc,age      ] GC(86) - age  14:        144 bytes,    1298856 total
[2024-03-01T21:32:27.562+0000][7][gc,age      ] GC(86) - age  15:       1792 bytes,    1300648 total
[2024-03-01T21:32:27.562+0000][7][gc,heap     ] GC(86) Eden regions: 152->0(152)
[2024-03-01T21:32:27.562+0000][7][gc,heap     ] GC(86) Survivor regions: 1->1(20)
[2024-03-01T21:32:27.562+0000][7][gc,heap     ] GC(86) Old regions: 22->22
[2024-03-01T21:32:27.562+0000][7][gc,heap     ] GC(86) Archive regions: 2->2
[2024-03-01T21:32:27.562+0000][7][gc,heap     ] GC(86) Humongous regions: 0->0
[2024-03-01T21:32:27.562+0000][7][gc,metaspace] GC(86) Metaspace: 125832K(129152K)->125832K(129152K) NonClass: 109439K(111168K)->109439K(111168K) Class: 16392K(17984K)->16392K(17984K)
[2024-03-01T21:32:27.562+0000][7][gc          ] GC(86) Pause Young (Normal) (G1 Evacuation Pause) 699M->92M(1024M) 3.191ms
[2024-03-01T21:32:27.562+0000][7][gc,cpu      ] GC(86) User=0.02s Sys=0.00s Real=0.01s
[2024-03-01T21:32:27.562+0000][7][safepoint   ] Safepoint "G1CollectForAllocation", Time since last: 65448975430 ns, Reaching safepoint: 61838 ns, At safepoint: 3300603 ns, Total: 3362441 ns
[2024-03-01T21:35:09.587+0000][7][safepoint   ] Safepoint "Cleanup", Time since last: 162024736475 ns, Reaching safepoint: 88645 ns, At safepoint: 13593 ns, Total: 102238 ns
[2024-03-01T21:35:09.597+0000][7][gc,start    ] GC(87) Pause Young (Normal) (G1 Evacuation Pause)
[2024-03-01T21:35:09.597+0000][7][gc,task     ] GC(87) Using 8 workers of 8 for evacuation
[2024-03-01T21:35:09.597+0000][7][gc,age      ] GC(87) Desired survivor size 41943040 bytes, new threshold 15 (max threshold 15)
[2024-03-01T21:35:09.600+0000][7][gc,phases   ] GC(87)   Pre Evacuate Collection Set: 0.1ms
[2024-03-01T21:35:09.600+0000][7][gc,phases   ] GC(87)   Merge Heap Roots: 0.1ms
[2024-03-01T21:35:09.600+0000][7][gc,phases   ] GC(87)   Evacuate Collection Set: 1.9ms
[2024-03-01T21:35:09.600+0000][7][gc,phases   ] GC(87)   Post Evacuate Collection Set: 0.8ms
[2024-03-01T21:35:09.600+0000][7][gc,phases   ] GC(87)   Other: 0.1ms
[2024-03-01T21:35:09.600+0000][7][gc,age      ] GC(87) Age table with threshold 15 (max threshold 15)
[2024-03-01T21:35:09.600+0000][7][gc,age      ] GC(87) - age   1:    2044016 bytes,    2044016 total
[2024-03-01T21:35:09.600+0000][7][gc,age      ] GC(87) - age   2:     144816 bytes,    2188832 total
[2024-03-01T21:35:09.600+0000][7][gc,age      ] GC(87) - age   3:        544 bytes,    2189376 total
[2024-03-01T21:35:09.600+0000][7][gc,age      ] GC(87) - age   4:        288 bytes,    2189664 total
[2024-03-01T21:35:09.600+0000][7][gc,age      ] GC(87) - age   5:        520 bytes,    2190184 total
[2024-03-01T21:35:09.600+0000][7][gc,age      ] GC(87) - age   6:        184 bytes,    2190368 total
[2024-03-01T21:35:09.600+0000][7][gc,age      ] GC(87) - age   7:        936 bytes,    2191304 total
[2024-03-01T21:35:09.600+0000][7][gc,age      ] GC(87) - age   8:        872 bytes,    2192176 total
[2024-03-01T21:35:09.600+0000][7][gc,age      ] GC(87) - age   9:      23272 bytes,    2215448 total
[2024-03-01T21:35:09.600+0000][7][gc,age      ] GC(87) - age  10:      30376 bytes,    2245824 total
[2024-03-01T21:35:09.600+0000][7][gc,age      ] GC(87) - age  11:      78000 bytes,    2323824 total
[2024-03-01T21:35:09.600+0000][7][gc,age      ] GC(87) - age  12:        184 bytes,    2324008 total
[2024-03-01T21:35:09.600+0000][7][gc,age      ] GC(87) - age  13:      95064 bytes,    2419072 total
[2024-03-01T21:35:09.600+0000][7][gc,age      ] GC(87) - age  14:        456 bytes,    2419528 total
[2024-03-01T21:35:09.600+0000][7][gc,age      ] GC(87) - age  15:        144 bytes,    2419672 total
[2024-03-01T21:35:09.600+0000][7][gc,heap     ] GC(87) Eden regions: 152->0(152)
[2024-03-01T21:35:09.600+0000][7][gc,heap     ] GC(87) Survivor regions: 1->1(20)
[2024-03-01T21:35:09.600+0000][7][gc,heap     ] GC(87) Old regions: 22->22
[2024-03-01T21:35:09.600+0000][7][gc,heap     ] GC(87) Archive regions: 2->2
[2024-03-01T21:35:09.600+0000][7][gc,heap     ] GC(87) Humongous regions: 0->0
[2024-03-01T21:35:09.600+0000][7][gc,metaspace] GC(87) Metaspace: 125836K(129152K)->125836K(129152K) NonClass: 109443K(111168K)->109443K(111168K) Class: 16392K(17984K)->16392K(17984K)
[2024-03-01T21:35:09.600+0000][7][gc          ] GC(87) Pause Young (Normal) (G1 Evacuation Pause) 700M->93M(1024M) 3.393ms
[2024-03-01T21:35:09.600+0000][7][gc,cpu      ] GC(87) User=0.02s Sys=0.01s Real=0.01s
[2024-03-01T21:35:09.600+0000][7][safepoint   ] Safepoint "G1CollectForAllocation", Time since last: 10040302 ns, Reaching safepoint: 130923 ns, At safepoint: 3487610 ns, Total: 3618533 ns
[2024-03-01T21:35:10.601+0000][7][safepoint   ] Safepoint "Cleanup", Time since last: 1000176528 ns, Reaching safepoint: 118469 ns, At safepoint: 19423 ns, Total: 137892 ns
[2024-03-01T21:35:11.601+0000][7][safepoint   ] Safepoint "Cleanup", Time since last: 1000177320 ns, Reaching safepoint: 78809 ns, At safepoint: 9248 ns, Total: 88057 ns
[2024-03-01T21:36:22.611+0000][7][safepoint   ] Safepoint "Cleanup", Time since last: 71010223158 ns, Reaching safepoint: 85580 ns, At safepoint: 9939 ns, Total: 95519 ns
[2024-03-01T21:36:58.617+0000][7][safepoint   ] Safepoint "Cleanup", Time since last: 36005837469 ns, Reaching safepoint: 99761 ns, At safepoint: 16968 ns, Total: 116729 ns
[2024-03-01T21:37:13.620+0000][7][safepoint   ] Safepoint "Cleanup", Time since last: 15002857435 ns, Reaching safepoint: 112380 ns, At safepoint: 12528 ns, Total: 124908 ns
[2024-03-01T21:37:22.622+0000][7][safepoint   ] Safepoint "Cleanup", Time since last: 9001497770 ns, Reaching safepoint: 125967 ns, At safepoint: 10983 ns, Total: 136950 ns
[2024-03-01T21:37:48.619+0000][7][gc,start    ] GC(88) Pause Young (Normal) (G1 Evacuation Pause)
[2024-03-01T21:37:48.619+0000][7][gc,task     ] GC(88) Using 8 workers of 8 for evacuation
[2024-03-01T21:37:48.619+0000][7][gc,age      ] GC(88) Desired survivor size 41943040 bytes, new threshold 15 (max threshold 15)
[2024-03-01T21:37:48.621+0000][7][gc,phases   ] GC(88)   Pre Evacuate Collection Set: 0.1ms
[2024-03-01T21:37:48.621+0000][7][gc,phases   ] GC(88)   Merge Heap Roots: 0.1ms
[2024-03-01T21:37:48.621+0000][7][gc,phases   ] GC(88)   Evacuate Collection Set: 1.1ms
[2024-03-01T21:37:48.621+0000][7][gc,phases   ] GC(88)   Post Evacuate Collection Set: 0.9ms
[2024-03-01T21:37:48.621+0000][7][gc,phases   ] GC(88)   Other: 0.1ms
[2024-03-01T21:37:48.621+0000][7][gc,age      ] GC(88) Age table with threshold 15 (max threshold 15)
[2024-03-01T21:37:48.621+0000][7][gc,age      ] GC(88) - age   1:     703008 bytes,     703008 total
[2024-03-01T21:37:48.621+0000][7][gc,age      ] GC(88) - age   2:      11584 bytes,     714592 total
[2024-03-01T21:37:48.621+0000][7][gc,age      ] GC(88) - age   3:     143392 bytes,     857984 total
[2024-03-01T21:37:48.621+0000][7][gc,age      ] GC(88) - age   4:        544 bytes,     858528 total
[2024-03-01T21:37:48.621+0000][7][gc,age      ] GC(88) - age   5:        288 bytes,     858816 total
[2024-03-01T21:37:48.621+0000][7][gc,age      ] GC(88) - age   6:        520 bytes,     859336 total
[2024-03-01T21:37:48.621+0000][7][gc,age      ] GC(88) - age   8:        936 bytes,     860272 total
[2024-03-01T21:37:48.621+0000][7][gc,age      ] GC(88) - age   9:        872 bytes,     861144 total
[2024-03-01T21:37:48.621+0000][7][gc,age      ] GC(88) - age  10:      15256 bytes,     876400 total
[2024-03-01T21:37:48.621+0000][7][gc,age      ] GC(88) - age  11:      30376 bytes,     906776 total
[2024-03-01T21:37:48.621+0000][7][gc,age      ] GC(88) - age  12:      78000 bytes,     984776 total
[2024-03-01T21:37:48.621+0000][7][gc,age      ] GC(88) - age  13:        184 bytes,     984960 total
[2024-03-01T21:37:48.621+0000][7][gc,age      ] GC(88) - age  14:      95064 bytes,    1080024 total
[2024-03-01T21:37:48.621+0000][7][gc,age      ] GC(88) - age  15:        456 bytes,    1080480 total
[2024-03-01T21:37:48.621+0000][7][gc,heap     ] GC(88) Eden regions: 152->0(152)
[2024-03-01T21:37:48.621+0000][7][gc,heap     ] GC(88) Survivor regions: 1->1(20)
[2024-03-01T21:37:48.621+0000][7][gc,heap     ] GC(88) Old regions: 22->22
[2024-03-01T21:37:48.621+0000][7][gc,heap     ] GC(88) Archive regions: 2->2
[2024-03-01T21:37:48.621+0000][7][gc,heap     ] GC(88) Humongous regions: 0->0
[2024-03-01T21:37:48.621+0000][7][gc,metaspace] GC(88) Metaspace: 125843K(129152K)->125843K(129152K) NonClass: 109450K(111168K)->109450K(111168K) Class: 16392K(17984K)->16392K(17984K)
[2024-03-01T21:37:48.621+0000][7][gc          ] GC(88) Pause Young (Normal) (G1 Evacuation Pause) 701M->91M(1024M) 2.541ms
[2024-03-01T21:37:48.621+0000][7][gc,cpu      ] GC(88) User=0.02s Sys=0.00s Real=0.01s
[2024-03-01T21:37:48.621+0000][7][safepoint   ] Safepoint "G1CollectForAllocation", Time since last: 25996850895 ns, Reaching safepoint: 67777 ns, At safepoint: 2634151 ns, Total: 2701928 ns
[2024-03-01T21:38:07.625+0000][7][safepoint   ] Safepoint "Cleanup", Time since last: 19003429256 ns, Reaching safepoint: 86734 ns, At safepoint: 9095 ns, Total: 95829 ns
[2024-03-01T21:38:22.628+0000][7][safepoint   ] Safepoint "Cleanup", Time since last: 15002866905 ns, Reaching safepoint: 103928 ns, At safepoint: 10025 ns, Total: 113953 ns
[2024-03-01T21:38:43.631+0000][7][safepoint   ] Safepoint "Cleanup", Time since last: 21003357388 ns, Reaching safepoint: 110619 ns, At safepoint: 11305 ns, Total: 121924 ns
[2024-03-01T21:39:49.641+0000][7][safepoint   ] Safepoint "Cleanup", Time since last: 66009645067 ns, Reaching safepoint: 165071 ns, At safepoint: 16952 ns, Total: 182023 ns
[2024-03-01T21:40:34.733+0000][7][gc,start    ] GC(89) Pause Young (Normal) (G1 Evacuation Pause)
[2024-03-01T21:40:34.733+0000][7][gc,task     ] GC(89) Using 8 workers of 8 for evacuation
[2024-03-01T21:40:34.733+0000][7][gc,age      ] GC(89) Desired survivor size 41943040 bytes, new threshold 15 (max threshold 15)
[2024-03-01T21:40:34.736+0000][7][gc,phases   ] GC(89)   Pre Evacuate Collection Set: 0.1ms
[2024-03-01T21:40:34.736+0000][7][gc,phases   ] GC(89)   Merge Heap Roots: 0.1ms
[2024-03-01T21:40:34.736+0000][7][gc,phases   ] GC(89)   Evacuate Collection Set: 1.5ms
[2024-03-01T21:40:34.736+0000][7][gc,phases   ] GC(89)   Post Evacuate Collection Set: 0.8ms
[2024-03-01T21:40:34.736+0000][7][gc,phases   ] GC(89)   Other: 0.1ms
[2024-03-01T21:40:34.736+0000][7][gc,age      ] GC(89) Age table with threshold 15 (max threshold 15)
[2024-03-01T21:40:34.736+0000][7][gc,age      ] GC(89) - age   1:    1015840 bytes,    1015840 total
[2024-03-01T21:40:34.736+0000][7][gc,age      ] GC(89) - age   2:      10408 bytes,    1026248 total
[2024-03-01T21:40:34.736+0000][7][gc,age      ] GC(89) - age   3:       1744 bytes,    1027992 total
[2024-03-01T21:40:34.736+0000][7][gc,age      ] GC(89) - age   4:     143392 bytes,    1171384 total
[2024-03-01T21:40:34.736+0000][7][gc,age      ] GC(89) - age   5:        544 bytes,    1171928 total
[2024-03-01T21:40:34.736+0000][7][gc,age      ] GC(89) - age   6:        288 bytes,    1172216 total
[2024-03-01T21:40:34.736+0000][7][gc,age      ] GC(89) - age   7:        520 bytes,    1172736 total
[2024-03-01T21:40:34.736+0000][7][gc,age      ] GC(89) - age   9:        936 bytes,    1173672 total
[2024-03-01T21:40:34.736+0000][7][gc,age      ] GC(89) - age  10:        872 bytes,    1174544 total
[2024-03-01T21:40:34.736+0000][7][gc,age      ] GC(89) - age  11:      15256 bytes,    1189800 total
[2024-03-01T21:40:34.736+0000][7][gc,age      ] GC(89) - age  12:      30376 bytes,    1220176 total
[2024-03-01T21:40:34.736+0000][7][gc,age      ] GC(89) - age  13:      78000 bytes,    1298176 total
[2024-03-01T21:40:34.736+0000][7][gc,age      ] GC(89) - age  15:      95064 bytes,    1393240 total
[2024-03-01T21:40:34.736+0000][7][gc,heap     ] GC(89) Eden regions: 152->0(152)
[2024-03-01T21:40:34.736+0000][7][gc,heap     ] GC(89) Survivor regions: 1->1(20)
[2024-03-01T21:40:34.736+0000][7][gc,heap     ] GC(89) Old regions: 22->22
[2024-03-01T21:40:34.736+0000][7][gc,heap     ] GC(89) Archive regions: 2->2
[2024-03-01T21:40:34.736+0000][7][gc,heap     ] GC(89) Humongous regions: 0->0
[2024-03-01T21:40:34.736+0000][7][gc,metaspace] GC(89) Metaspace: 125845K(129152K)->125845K(129152K) NonClass: 109452K(111168K)->109452K(111168K) Class: 16392K(17984K)->16392K(17984K)
[2024-03-01T21:40:34.736+0000][7][gc          ] GC(89) Pause Young (Normal) (G1 Evacuation Pause) 699M->92M(1024M) 2.932ms
[2024-03-01T21:40:34.736+0000][7][gc,cpu      ] GC(89) User=0.01s Sys=0.00s Real=0.00s
[2024-03-01T21:40:34.736+0000][7][safepoint   ] Safepoint "G1CollectForAllocation", Time since last: 45091658825 ns, Reaching safepoint: 84201 ns, At safepoint: 3033444 ns, Total: 3117645 ns
[2024-03-01T21:40:42.737+0000][7][safepoint   ] Safepoint "Cleanup", Time since last: 8001037111 ns, Reaching safepoint: 75035 ns, At safepoint: 40549 ns, Total: 115584 ns
[2024-03-01T21:41:11.742+0000][7][safepoint   ] Safepoint "Cleanup", Time since last: 29004440456 ns, Reaching safepoint: 84687 ns, At safepoint: 10136 ns, Total: 94823 ns
[2024-03-01T21:41:43.635+0000][7][safepoint   ] Safepoint "Cleanup", Time since last: 31893431561 ns, Reaching safepoint: 118925 ns, At safepoint: 13388 ns, Total: 132313 ns
[2024-03-01T21:41:45.636+0000][7][safepoint   ] Safepoint "Cleanup", Time since last: 2000330181 ns, Reaching safepoint: 81362 ns, At safepoint: 13083 ns, Total: 94445 ns
[2024-03-01T21:43:18.679+0000][7][gc,start    ] GC(90) Pause Young (Normal) (G1 Evacuation Pause)
[2024-03-01T21:43:18.679+0000][7][gc,task     ] GC(90) Using 8 workers of 8 for evacuation
[2024-03-01T21:43:18.679+0000][7][gc,age      ] GC(90) Desired survivor size 41943040 bytes, new threshold 15 (max threshold 15)
[2024-03-01T21:43:18.682+0000][7][gc,phases   ] GC(90)   Pre Evacuate Collection Set: 0.2ms
[2024-03-01T21:43:18.682+0000][7][gc,phases   ] GC(90)   Merge Heap Roots: 0.2ms
[2024-03-01T21:43:18.682+0000][7][gc,phases   ] GC(90)   Evacuate Collection Set: 1.8ms
[2024-03-01T21:43:18.682+0000][7][gc,phases   ] GC(90)   Post Evacuate Collection Set: 0.9ms
[2024-03-01T21:43:18.682+0000][7][gc,phases   ] GC(90)   Other: 0.1ms
[2024-03-01T21:43:18.682+0000][7][gc,age      ] GC(90) Age table with threshold 15 (max threshold 15)
[2024-03-01T21:43:18.682+0000][7][gc,age      ] GC(90) - age   1:    1316120 bytes,    1316120 total
[2024-03-01T21:43:18.682+0000][7][gc,age      ] GC(90) - age   2:      10688 bytes,    1326808 total
[2024-03-01T21:43:18.682+0000][7][gc,age      ] GC(90) - age   3:       8800 bytes,    1335608 total
[2024-03-01T21:43:18.682+0000][7][gc,age      ] GC(90) - age   4:        608 bytes,    1336216 total
[2024-03-01T21:43:18.682+0000][7][gc,age      ] GC(90) - age   5:     139872 bytes,    1476088 total
[2024-03-01T21:43:18.682+0000][7][gc,age      ] GC(90) - age   6:        360 bytes,    1476448 total
[2024-03-01T21:43:18.682+0000][7][gc,age      ] GC(90) - age   7:        288 bytes,    1476736 total
[2024-03-01T21:43:18.682+0000][7][gc,age      ] GC(90) - age   8:        488 bytes,    1477224 total
[2024-03-01T21:43:18.682+0000][7][gc,age      ] GC(90) - age  10:        936 bytes,    1478160 total
[2024-03-01T21:43:18.682+0000][7][gc,age      ] GC(90) - age  11:        872 bytes,    1479032 total
[2024-03-01T21:43:18.682+0000][7][gc,age      ] GC(90) - age  12:      15256 bytes,    1494288 total
[2024-03-01T21:43:18.682+0000][7][gc,age      ] GC(90) - age  13:      30376 bytes,    1524664 total
[2024-03-01T21:43:18.682+0000][7][gc,age      ] GC(90) - age  14:      78000 bytes,    1602664 total
[2024-03-01T21:43:18.682+0000][7][gc,heap     ] GC(90) Eden regions: 152->0(152)
[2024-03-01T21:43:18.682+0000][7][gc,heap     ] GC(90) Survivor regions: 1->1(20)
[2024-03-01T21:43:18.682+0000][7][gc,heap     ] GC(90) Old regions: 22->22
[2024-03-01T21:43:18.682+0000][7][gc,heap     ] GC(90) Archive regions: 2->2
[2024-03-01T21:43:18.682+0000][7][gc,heap     ] GC(90) Humongous regions: 0->0
[2024-03-01T21:43:18.682+0000][7][gc,metaspace] GC(90) Metaspace: 125852K(129152K)->125852K(129152K) NonClass: 109459K(111168K)->109459K(111168K) Class: 16392K(17984K)->16392K(17984K)
[2024-03-01T21:43:18.682+0000][7][gc          ] GC(90) Pause Young (Normal) (G1 Evacuation Pause) 700M->92M(1024M) 3.466ms
[2024-03-01T21:43:18.682+0000][7][gc,cpu      ] GC(90) User=0.02s Sys=0.00s Real=0.01s
[2024-03-01T21:43:18.682+0000][7][safepoint   ] Safepoint "G1CollectForAllocation", Time since last: 93043084026 ns, Reaching safepoint: 114000 ns, At safepoint: 3566506 ns, Total: 3680506 ns
[2024-03-01T21:44:31.695+0000][7][safepoint   ] Safepoint "Cleanup", Time since last: 73012844746 ns, Reaching safepoint: 90392 ns, At safepoint: 48636 ns, Total: 139028 ns
[2024-03-01T21:46:00.696+0000][7][gc,start    ] GC(91) Pause Young (Normal) (G1 Evacuation Pause)
[2024-03-01T21:46:00.696+0000][7][gc,task     ] GC(91) Using 8 workers of 8 for evacuation
[2024-03-01T21:46:00.696+0000][7][gc,age      ] GC(91) Desired survivor size 41943040 bytes, new threshold 15 (max threshold 15)
[2024-03-01T21:46:00.698+0000][7][gc,phases   ] GC(91)   Pre Evacuate Collection Set: 0.1ms
[2024-03-01T21:46:00.698+0000][7][gc,phases   ] GC(91)   Merge Heap Roots: 0.1ms
[2024-03-01T21:46:00.698+0000][7][gc,phases   ] GC(91)   Evacuate Collection Set: 1.4ms
[2024-03-01T21:46:00.698+0000][7][gc,phases   ] GC(91)   Post Evacuate Collection Set: 0.6ms
[2024-03-01T21:46:00.698+0000][7][gc,phases   ] GC(91)   Other: 0.1ms
[2024-03-01T21:46:00.698+0000][7][gc,age      ] GC(91) Age table with threshold 15 (max threshold 15)
[2024-03-01T21:46:00.698+0000][7][gc,age      ] GC(91) - age   1:    2057272 bytes,    2057272 total
[2024-03-01T21:46:00.698+0000][7][gc,age      ] GC(91) - age   2:      14472 bytes,    2071744 total
[2024-03-01T21:46:00.698+0000][7][gc,age      ] GC(91) - age   3:        976 bytes,    2072720 total
[2024-03-01T21:46:00.698+0000][7][gc,age      ] GC(91) - age   4:        472 bytes,    2073192 total
[2024-03-01T21:46:00.698+0000][7][gc,age      ] GC(91) - age   5:        120 bytes,    2073312 total
[2024-03-01T21:46:00.698+0000][7][gc,age      ] GC(91) - age   6:     139872 bytes,    2213184 total
[2024-03-01T21:46:00.698+0000][7][gc,age      ] GC(91) - age   7:        360 bytes,    2213544 total
[2024-03-01T21:46:00.698+0000][7][gc,age      ] GC(91) - age   8:        288 bytes,    2213832 total
[2024-03-01T21:46:00.698+0000][7][gc,age      ] GC(91) - age   9:        488 bytes,    2214320 total
[2024-03-01T21:46:00.698+0000][7][gc,age      ] GC(91) - age  11:        936 bytes,    2215256 total
[2024-03-01T21:46:00.698+0000][7][gc,age      ] GC(91) - age  12:        872 bytes,    2216128 total
[2024-03-01T21:46:00.698+0000][7][gc,age      ] GC(91) - age  13:      15256 bytes,    2231384 total
[2024-03-01T21:46:00.698+0000][7][gc,age      ] GC(91) - age  14:      30376 bytes,    2261760 total
[2024-03-01T21:46:00.698+0000][7][gc,age      ] GC(91) - age  15:      78000 bytes,    2339760 total
[2024-03-01T21:46:00.698+0000][7][gc,heap     ] GC(91) Eden regions: 152->0(152)
[2024-03-01T21:46:00.698+0000][7][gc,heap     ] GC(91) Survivor regions: 1->1(20)
[2024-03-01T21:46:00.698+0000][7][gc,heap     ] GC(91) Old regions: 22->22
[2024-03-01T21:46:00.698+0000][7][gc,heap     ] GC(91) Archive regions: 2->2
[2024-03-01T21:46:00.698+0000][7][gc,heap     ] GC(91) Humongous regions: 0->0
[2024-03-01T21:46:00.698+0000][7][gc,metaspace] GC(91) Metaspace: 125855K(129152K)->125855K(129152K) NonClass: 109461K(111168K)->109461K(111168K) Class: 16393K(17984K)->16393K(17984K)
[2024-03-01T21:46:00.699+0000][7][gc          ] GC(91) Pause Young (Normal) (G1 Evacuation Pause) 700M->93M(1024M) 2.538ms
[2024-03-01T21:46:00.699+0000][7][gc,cpu      ] GC(91) User=0.00s Sys=0.00s Real=0.00s
[2024-03-01T21:46:00.699+0000][7][safepoint   ] Safepoint "G1CollectForAllocation", Time since last: 89000624531 ns, Reaching safepoint: 45398 ns, At safepoint: 2624245 ns, Total: 2669643 ns
[2024-03-01T21:46:22.702+0000][7][safepoint   ] Safepoint "Cleanup", Time since last: 22003533771 ns, Reaching safepoint: 129158 ns, At safepoint: 9076 ns, Total: 138234 ns
[2024-03-01T21:46:41.705+0000][7][safepoint   ] Safepoint "Cleanup", Time since last: 19003024286 ns, Reaching safepoint: 77852 ns, At safepoint: 46034 ns, Total: 123886 ns
[2024-03-01T21:48:40.473+0000][7][gc,start    ] GC(92) Pause Young (Normal) (G1 Evacuation Pause)
[2024-03-01T21:48:40.473+0000][7][gc,task     ] GC(92) Using 8 workers of 8 for evacuation
[2024-03-01T21:48:40.473+0000][7][gc,age      ] GC(92) Desired survivor size 41943040 bytes, new threshold 15 (max threshold 15)
[2024-03-01T21:48:40.476+0000][7][gc,phases   ] GC(92)   Pre Evacuate Collection Set: 0.1ms
[2024-03-01T21:48:40.476+0000][7][gc,phases   ] GC(92)   Merge Heap Roots: 0.1ms
[2024-03-01T21:48:40.476+0000][7][gc,phases   ] GC(92)   Evacuate Collection Set: 1.5ms
[2024-03-01T21:48:40.476+0000][7][gc,phases   ] GC(92)   Post Evacuate Collection Set: 1.0ms
[2024-03-01T21:48:40.476+0000][7][gc,phases   ] GC(92)   Other: 0.1ms
[2024-03-01T21:48:40.476+0000][7][gc,age      ] GC(92) Age table with threshold 15 (max threshold 15)
[2024-03-01T21:48:40.476+0000][7][gc,age      ] GC(92) - age   1:    1023344 bytes,    1023344 total
[2024-03-01T21:48:40.476+0000][7][gc,age      ] GC(92) - age   2:       3808 bytes,    1027152 total
[2024-03-01T21:48:40.476+0000][7][gc,age      ] GC(92) - age   3:       4592 bytes,    1031744 total
[2024-03-01T21:48:40.476+0000][7][gc,age      ] GC(92) - age   4:        336 bytes,    1032080 total
[2024-03-01T21:48:40.476+0000][7][gc,age      ] GC(92) - age   5:        408 bytes,    1032488 total
[2024-03-01T21:48:40.476+0000][7][gc,age      ] GC(92) - age   6:        120 bytes,    1032608 total
[2024-03-01T21:48:40.476+0000][7][gc,age      ] GC(92) - age   7:     139480 bytes,    1172088 total
[2024-03-01T21:48:40.476+0000][7][gc,age      ] GC(92) - age   8:        360 bytes,    1172448 total
[2024-03-01T21:48:40.476+0000][7][gc,age      ] GC(92) - age   9:        288 bytes,    1172736 total
[2024-03-01T21:48:40.476+0000][7][gc,age      ] GC(92) - age  10:        488 bytes,    1173224 total
[2024-03-01T21:48:40.476+0000][7][gc,age      ] GC(92) - age  12:        936 bytes,    1174160 total
[2024-03-01T21:48:40.476+0000][7][gc,age      ] GC(92) - age  13:        872 bytes,    1175032 total
[2024-03-01T21:48:40.476+0000][7][gc,age      ] GC(92) - age  14:      15256 bytes,    1190288 total
[2024-03-01T21:48:40.476+0000][7][gc,age      ] GC(92) - age  15:      30376 bytes,    1220664 total
[2024-03-01T21:48:40.476+0000][7][gc,heap     ] GC(92) Eden regions: 152->0(152)
[2024-03-01T21:48:40.476+0000][7][gc,heap     ] GC(92) Survivor regions: 1->1(20)
[2024-03-01T21:48:40.476+0000][7][gc,heap     ] GC(92) Old regions: 22->22
[2024-03-01T21:48:40.476+0000][7][gc,heap     ] GC(92) Archive regions: 2->2
[2024-03-01T21:48:40.476+0000][7][gc,heap     ] GC(92) Humongous regions: 0->0
[2024-03-01T21:48:40.476+0000][7][gc,metaspace] GC(92) Metaspace: 125860K(129152K)->125860K(129152K) NonClass: 109467K(111168K)->109467K(111168K) Class: 16393K(17984K)->16393K(17984K)
[2024-03-01T21:48:40.476+0000][7][gc          ] GC(92) Pause Young (Normal) (G1 Evacuation Pause) 701M->92M(1024M) 3.184ms
[2024-03-01T21:48:40.476+0000][7][gc,cpu      ] GC(92) User=0.01s Sys=0.01s Real=0.00s
[2024-03-01T21:48:40.476+0000][7][safepoint   ] Safepoint "G1CollectForAllocation", Time since last: 118767653843 ns, Reaching safepoint: 56790 ns, At safepoint: 3327985 ns, Total: 3384775 ns
[2024-03-01T21:49:22.481+0000][7][safepoint   ] Safepoint "Cleanup", Time since last: 42004748051 ns, Reaching safepoint: 88018 ns, At safepoint: 45386 ns, Total: 133404 ns
[2024-03-01T21:50:16.489+0000][7][safepoint   ] Safepoint "Cleanup", Time since last: 54007367439 ns, Reaching safepoint: 67068 ns, At safepoint: 35449 ns, Total: 102517 ns
[2024-03-01T21:50:45.492+0000][7][safepoint   ] Safepoint "Cleanup", Time since last: 29003443636 ns, Reaching safepoint: 62742 ns, At safepoint: 21378 ns, Total: 84120 ns
[2024-03-01T21:50:52.493+0000][7][safepoint   ] Safepoint "Cleanup", Time since last: 7000801535 ns, Reaching safepoint: 78969 ns, At safepoint: 52883 ns, Total: 131852 ns
[2024-03-01T21:51:21.666+0000][7][gc,start    ] GC(93) Pause Young (Normal) (G1 Evacuation Pause)
[2024-03-01T21:51:21.666+0000][7][gc,task     ] GC(93) Using 8 workers of 8 for evacuation
[2024-03-01T21:51:21.666+0000][7][gc,age      ] GC(93) Desired survivor size 41943040 bytes, new threshold 15 (max threshold 15)
[2024-03-01T21:51:21.670+0000][7][gc,phases   ] GC(93)   Pre Evacuate Collection Set: 0.1ms
[2024-03-01T21:51:21.670+0000][7][gc,phases   ] GC(93)   Merge Heap Roots: 0.1ms
[2024-03-01T21:51:21.670+0000][7][gc,phases   ] GC(93)   Evacuate Collection Set: 2.3ms
[2024-03-01T21:51:21.670+0000][7][gc,phases   ] GC(93)   Post Evacuate Collection Set: 1.0ms
[2024-03-01T21:51:21.670+0000][7][gc,phases   ] GC(93)   Other: 0.1ms
[2024-03-01T21:51:21.670+0000][7][gc,age      ] GC(93) Age table with threshold 15 (max threshold 15)
[2024-03-01T21:51:21.670+0000][7][gc,age      ] GC(93) - age   1:    1329232 bytes,    1329232 total
[2024-03-01T21:51:21.670+0000][7][gc,age      ] GC(93) - age   2:      10056 bytes,    1339288 total
[2024-03-01T21:51:21.670+0000][7][gc,age      ] GC(93) - age   3:        656 bytes,    1339944 total
[2024-03-01T21:51:21.670+0000][7][gc,age      ] GC(93) - age   4:       1008 bytes,    1340952 total
[2024-03-01T21:51:21.670+0000][7][gc,age      ] GC(93) - age   5:         88 bytes,    1341040 total
[2024-03-01T21:51:21.670+0000][7][gc,age      ] GC(93) - age   6:        408 bytes,    1341448 total
[2024-03-01T21:51:21.670+0000][7][gc,age      ] GC(93) - age   7:        120 bytes,    1341568 total
[2024-03-01T21:51:21.670+0000][7][gc,age      ] GC(93) - age   8:     139096 bytes,    1480664 total
[2024-03-01T21:51:21.670+0000][7][gc,age      ] GC(93) - age   9:        360 bytes,    1481024 total
[2024-03-01T21:51:21.670+0000][7][gc,age      ] GC(93) - age  10:        288 bytes,    1481312 total
[2024-03-01T21:51:21.670+0000][7][gc,age      ] GC(93) - age  11:        488 bytes,    1481800 total
[2024-03-01T21:51:21.670+0000][7][gc,age      ] GC(93) - age  13:        936 bytes,    1482736 total
[2024-03-01T21:51:21.670+0000][7][gc,age      ] GC(93) - age  14:        688 bytes,    1483424 total
[2024-03-01T21:51:21.670+0000][7][gc,age      ] GC(93) - age  15:      15256 bytes,    1498680 total
[2024-03-01T21:51:21.670+0000][7][gc,heap     ] GC(93) Eden regions: 152->0(152)
[2024-03-01T21:51:21.670+0000][7][gc,heap     ] GC(93) Survivor regions: 1->1(20)
[2024-03-01T21:51:21.670+0000][7][gc,heap     ] GC(93) Old regions: 22->22
[2024-03-01T21:51:21.670+0000][7][gc,heap     ] GC(93) Archive regions: 2->2
[2024-03-01T21:51:21.670+0000][7][gc,heap     ] GC(93) Humongous regions: 0->0
[2024-03-01T21:51:21.671+0000][7][gc,metaspace] GC(93) Metaspace: 125862K(129152K)->125862K(129152K) NonClass: 109469K(111168K)->109469K(111168K) Class: 16393K(17984K)->16393K(17984K)
[2024-03-01T21:51:21.671+0000][7][gc          ] GC(93) Pause Young (Normal) (G1 Evacuation Pause) 700M->92M(1024M) 4.174ms
[2024-03-01T21:51:21.671+0000][7][gc,cpu      ] GC(93) User=0.02s Sys=0.00s Real=0.00s
[2024-03-01T21:51:21.671+0000][7][safepoint   ] Safepoint "G1CollectForAllocation", Time since last: 29173031031 ns, Reaching safepoint: 75544 ns, At safepoint: 4290234 ns, Total: 4365778 ns
[2024-03-01T21:52:00.674+0000][7][safepoint   ] Safepoint "Cleanup", Time since last: 39003545978 ns, Reaching safepoint: 106250 ns, At safepoint: 5535 ns, Total: 111785 ns
[2024-03-01T21:54:00.639+0000][7][gc,start    ] GC(94) Pause Young (Normal) (G1 Evacuation Pause)
[2024-03-01T21:54:00.639+0000][7][gc,task     ] GC(94) Using 8 workers of 8 for evacuation
[2024-03-01T21:54:00.639+0000][7][gc,age      ] GC(94) Desired survivor size 41943040 bytes, new threshold 15 (max threshold 15)
[2024-03-01T21:54:00.643+0000][7][gc,phases   ] GC(94)   Pre Evacuate Collection Set: 0.2ms
[2024-03-01T21:54:00.643+0000][7][gc,phases   ] GC(94)   Merge Heap Roots: 0.1ms
[2024-03-01T21:54:00.643+0000][7][gc,phases   ] GC(94)   Evacuate Collection Set: 1.9ms
[2024-03-01T21:54:00.643+0000][7][gc,phases   ] GC(94)   Post Evacuate Collection Set: 0.9ms
[2024-03-01T21:54:00.643+0000][7][gc,phases   ] GC(94)   Other: 0.1ms
[2024-03-01T21:54:00.643+0000][7][gc,age      ] GC(94) Age table with threshold 15 (max threshold 15)
[2024-03-01T21:54:00.643+0000][7][gc,age      ] GC(94) - age   1:     426496 bytes,     426496 total
[2024-03-01T21:54:00.643+0000][7][gc,age      ] GC(94) - age   2:       7088 bytes,     433584 total
[2024-03-01T21:54:00.643+0000][7][gc,age      ] GC(94) - age   3:        648 bytes,     434232 total
[2024-03-01T21:54:00.643+0000][7][gc,age      ] GC(94) - age   4:        496 bytes,     434728 total
[2024-03-01T21:54:00.643+0000][7][gc,age      ] GC(94) - age   5:        296 bytes,     435024 total
[2024-03-01T21:54:00.643+0000][7][gc,age      ] GC(94) - age   6:         88 bytes,     435112 total
[2024-03-01T21:54:00.643+0000][7][gc,age      ] GC(94) - age   7:        408 bytes,     435520 total
[2024-03-01T21:54:00.643+0000][7][gc,age      ] GC(94) - age   8:         24 bytes,     435544 total
[2024-03-01T21:54:00.643+0000][7][gc,age      ] GC(94) - age   9:     139096 bytes,     574640 total
[2024-03-01T21:54:00.643+0000][7][gc,age      ] GC(94) - age  10:        360 bytes,     575000 total
[2024-03-01T21:54:00.643+0000][7][gc,age      ] GC(94) - age  11:        288 bytes,     575288 total
[2024-03-01T21:54:00.643+0000][7][gc,age      ] GC(94) - age  12:        488 bytes,     575776 total
[2024-03-01T21:54:00.643+0000][7][gc,age      ] GC(94) - age  14:        936 bytes,     576712 total
[2024-03-01T21:54:00.643+0000][7][gc,age      ] GC(94) - age  15:        688 bytes,     577400 total
[2024-03-01T21:54:00.643+0000][7][gc,heap     ] GC(94) Eden regions: 152->0(152)
[2024-03-01T21:54:00.643+0000][7][gc,heap     ] GC(94) Survivor regions: 1->1(20)
[2024-03-01T21:54:00.643+0000][7][gc,heap     ] GC(94) Old regions: 22->22
[2024-03-01T21:54:00.643+0000][7][gc,heap     ] GC(94) Archive regions: 2->2
[2024-03-01T21:54:00.643+0000][7][gc,heap     ] GC(94) Humongous regions: 0->0
[2024-03-01T21:54:00.643+0000][7][gc,metaspace] GC(94) Metaspace: 125862K(129152K)->125862K(129152K) NonClass: 109469K(111168K)->109469K(111168K) Class: 16393K(17984K)->16393K(17984K)
[2024-03-01T21:54:00.643+0000][7][gc          ] GC(94) Pause Young (Normal) (G1 Evacuation Pause) 700M->91M(1024M) 3.589ms
[2024-03-01T21:54:00.643+0000][7][gc,cpu      ] GC(94) User=0.01s Sys=0.00s Real=0.01s
[2024-03-01T21:54:00.643+0000][7][safepoint   ] Safepoint "G1CollectForAllocation", Time since last: 119964741272 ns, Reaching safepoint: 66837 ns, At safepoint: 3693959 ns, Total: 3760796 ns
[2024-03-01T21:56:22.657+0000][7][safepoint   ] Safepoint "Cleanup", Time since last: 142013963603 ns, Reaching safepoint: 74534 ns, At safepoint: 7092 ns, Total: 81626 ns
[2024-03-01T21:56:42.688+0000][7][gc,start    ] GC(95) Pause Young (Normal) (G1 Evacuation Pause)
[2024-03-01T21:56:42.688+0000][7][gc,task     ] GC(95) Using 8 workers of 8 for evacuation
[2024-03-01T21:56:42.688+0000][7][gc,age      ] GC(95) Desired survivor size 41943040 bytes, new threshold 15 (max threshold 15)
[2024-03-01T21:56:42.696+0000][7][gc,phases   ] GC(95)   Pre Evacuate Collection Set: 0.2ms
[2024-03-01T21:56:42.697+0000][7][gc,phases   ] GC(95)   Merge Heap Roots: 0.2ms
[2024-03-01T21:56:42.697+0000][7][gc,phases   ] GC(95)   Evacuate Collection Set: 5.3ms
[2024-03-01T21:56:42.697+0000][7][gc,phases   ] GC(95)   Post Evacuate Collection Set: 2.2ms
[2024-03-01T21:56:42.697+0000][7][gc,phases   ] GC(95)   Other: 0.1ms
[2024-03-01T21:56:42.697+0000][7][gc,age      ] GC(95) Age table with threshold 15 (max threshold 15)
[2024-03-01T21:56:42.697+0000][7][gc,age      ] GC(95) - age   1:     681472 bytes,     681472 total
[2024-03-01T21:56:42.697+0000][7][gc,age      ] GC(95) - age   2:      11448 bytes,     692920 total
[2024-03-01T21:56:42.697+0000][7][gc,age      ] GC(95) - age   3:       4920 bytes,     697840 total
[2024-03-01T21:56:42.697+0000][7][gc,age      ] GC(95) - age   4:        456 bytes,     698296 total
[2024-03-01T21:56:42.697+0000][7][gc,age      ] GC(95) - age   5:        496 bytes,     698792 total
[2024-03-01T21:56:42.697+0000][7][gc,age      ] GC(95) - age   6:        296 bytes,     699088 total
[2024-03-01T21:56:42.697+0000][7][gc,age      ] GC(95) - age   7:         24 bytes,     699112 total
[2024-03-01T21:56:42.697+0000][7][gc,age      ] GC(95) - age   8:        408 bytes,     699520 total
[2024-03-01T21:56:42.697+0000][7][gc,age      ] GC(95) - age   9:         24 bytes,     699544 total
[2024-03-01T21:56:42.697+0000][7][gc,age      ] GC(95) - age  10:     138976 bytes,     838520 total
[2024-03-01T21:56:42.697+0000][7][gc,age      ] GC(95) - age  11:        360 bytes,     838880 total
[2024-03-01T21:56:42.697+0000][7][gc,age      ] GC(95) - age  12:        288 bytes,     839168 total
[2024-03-01T21:56:42.697+0000][7][gc,age      ] GC(95) - age  13:        488 bytes,     839656 total
[2024-03-01T21:56:42.697+0000][7][gc,age      ] GC(95) - age  15:        936 bytes,     840592 total
[2024-03-01T21:56:42.697+0000][7][gc,heap     ] GC(95) Eden regions: 152->0(152)
[2024-03-01T21:56:42.697+0000][7][gc,heap     ] GC(95) Survivor regions: 1->1(20)
[2024-03-01T21:56:42.697+0000][7][gc,heap     ] GC(95) Old regions: 22->22
[2024-03-01T21:56:42.697+0000][7][gc,heap     ] GC(95) Archive regions: 2->2
[2024-03-01T21:56:42.697+0000][7][gc,heap     ] GC(95) Humongous regions: 0->0
[2024-03-01T21:56:42.697+0000][7][gc,metaspace] GC(95) Metaspace: 125875K(129216K)->125875K(129216K) NonClass: 109482K(111232K)->109482K(111232K) Class: 16393K(17984K)->16393K(17984K)
[2024-03-01T21:56:42.697+0000][7][gc          ] GC(95) Pause Young (Normal) (G1 Evacuation Pause) 699M->91M(1024M) 8.466ms
[2024-03-01T21:56:42.697+0000][7][gc,cpu      ] GC(95) User=0.01s Sys=0.00s Real=0.01s
[2024-03-01T21:56:42.697+0000][7][safepoint   ] Safepoint "G1CollectForAllocation", Time since last: 20031329877 ns, Reaching safepoint: 102947 ns, At safepoint: 8583635 ns, Total: 8686582 ns
[2024-03-01T21:57:22.701+0000][7][safepoint   ] Safepoint "Cleanup", Time since last: 40004425728 ns, Reaching safepoint: 86152 ns, At safepoint: 12521 ns, Total: 98673 ns
[2024-03-01T21:58:22.707+0000][7][safepoint   ] Safepoint "Cleanup", Time since last: 60005319467 ns, Reaching safepoint: 71432 ns, At safepoint: 4787 ns, Total: 76219 ns
[2024-03-01T21:59:21.721+0000][7][gc,start    ] GC(96) Pause Young (Normal) (G1 Evacuation Pause)
[2024-03-01T21:59:21.721+0000][7][gc,task     ] GC(96) Using 8 workers of 8 for evacuation
[2024-03-01T21:59:21.721+0000][7][gc,age      ] GC(96) Desired survivor size 41943040 bytes, new threshold 15 (max threshold 15)
[2024-03-01T21:59:21.722+0000][7][gc,phases   ] GC(96)   Pre Evacuate Collection Set: 0.1ms
[2024-03-01T21:59:21.722+0000][7][gc,phases   ] GC(96)   Merge Heap Roots: 0.1ms
[2024-03-01T21:59:21.722+0000][7][gc,phases   ] GC(96)   Evacuate Collection Set: 1.1ms
[2024-03-01T21:59:21.722+0000][7][gc,phases   ] GC(96)   Post Evacuate Collection Set: 0.6ms
[2024-03-01T21:59:21.723+0000][7][gc,phases   ] GC(96)   Other: 0.1ms
[2024-03-01T21:59:21.723+0000][7][gc,age      ] GC(96) Age table with threshold 15 (max threshold 15)
[2024-03-01T21:59:21.723+0000][7][gc,age      ] GC(96) - age   1:    1241816 bytes,    1241816 total
[2024-03-01T21:59:21.723+0000][7][gc,age      ] GC(96) - age   2:       2672 bytes,    1244488 total
[2024-03-01T21:59:21.723+0000][7][gc,age      ] GC(96) - age   3:       9496 bytes,    1253984 total
[2024-03-01T21:59:21.723+0000][7][gc,age      ] GC(96) - age   4:       4496 bytes,    1258480 total
[2024-03-01T21:59:21.723+0000][7][gc,age      ] GC(96) - age   5:        456 bytes,    1258936 total
[2024-03-01T21:59:21.723+0000][7][gc,age      ] GC(96) - age   6:        496 bytes,    1259432 total
[2024-03-01T21:59:21.723+0000][7][gc,age      ] GC(96) - age   7:        296 bytes,    1259728 total
[2024-03-01T21:59:21.723+0000][7][gc,age      ] GC(96) - age   8:         24 bytes,    1259752 total
[2024-03-01T21:59:21.723+0000][7][gc,age      ] GC(96) - age   9:        224 bytes,    1259976 total
[2024-03-01T21:59:21.723+0000][7][gc,age      ] GC(96) - age  10:         24 bytes,    1260000 total
[2024-03-01T21:59:21.723+0000][7][gc,age      ] GC(96) - age  11:     138792 bytes,    1398792 total
[2024-03-01T21:59:21.723+0000][7][gc,age      ] GC(96) - age  12:        360 bytes,    1399152 total
[2024-03-01T21:59:21.723+0000][7][gc,age      ] GC(96) - age  13:        288 bytes,    1399440 total
[2024-03-01T21:59:21.723+0000][7][gc,age      ] GC(96) - age  14:        488 bytes,    1399928 total
[2024-03-01T21:59:21.723+0000][7][gc,heap     ] GC(96) Eden regions: 152->0(152)
[2024-03-01T21:59:21.723+0000][7][gc,heap     ] GC(96) Survivor regions: 1->1(20)
[2024-03-01T21:59:21.723+0000][7][gc,heap     ] GC(96) Old regions: 22->22
[2024-03-01T21:59:21.723+0000][7][gc,heap     ] GC(96) Archive regions: 2->2
[2024-03-01T21:59:21.723+0000][7][gc,heap     ] GC(96) Humongous regions: 0->0
[2024-03-01T21:59:21.723+0000][7][gc,metaspace] GC(96) Metaspace: 125875K(129216K)->125875K(129216K) NonClass: 109482K(111232K)->109482K(111232K) Class: 16393K(17984K)->16393K(17984K)
[2024-03-01T21:59:21.723+0000][7][gc          ] GC(96) Pause Young (Normal) (G1 Evacuation Pause) 699M->92M(1024M) 2.047ms
[2024-03-01T21:59:21.723+0000][7][gc,cpu      ] GC(96) User=0.01s Sys=0.00s Real=0.00s
[2024-03-01T21:59:21.723+0000][7][safepoint   ] Safepoint "G1CollectForAllocation", Time since last: 59013722263 ns, Reaching safepoint: 30208 ns, At safepoint: 2117190 ns, Total: 2147398 ns
[2024-03-01T22:01:10.733+0000][7][safepoint   ] Safepoint "Cleanup", Time since last: 109010530798 ns, Reaching safepoint: 120421 ns, At safepoint: 12725 ns, Total: 133146 ns
[2024-03-01T22:01:13.734+0000][7][safepoint   ] Safepoint "Cleanup", Time since last: 3000434230 ns, Reaching safepoint: 87514 ns, At safepoint: 10880 ns, Total: 98394 ns
[2024-03-01T22:01:22.735+0000][7][safepoint   ] Safepoint "Cleanup", Time since last: 9001120507 ns, Reaching safepoint: 115043 ns, At safepoint: 15058 ns, Total: 130101 ns
[2024-03-01T22:02:03.745+0000][7][gc,start    ] GC(97) Pause Young (Normal) (G1 Evacuation Pause)
[2024-03-01T22:02:03.745+0000][7][gc,task     ] GC(97) Using 8 workers of 8 for evacuation
[2024-03-01T22:02:03.745+0000][7][gc,age      ] GC(97) Desired survivor size 41943040 bytes, new threshold 15 (max threshold 15)
[2024-03-01T22:02:03.748+0000][7][gc,phases   ] GC(97)   Pre Evacuate Collection Set: 0.1ms
[2024-03-01T22:02:03.748+0000][7][gc,phases   ] GC(97)   Merge Heap Roots: 0.1ms
[2024-03-01T22:02:03.748+0000][7][gc,phases   ] GC(97)   Evacuate Collection Set: 1.7ms
[2024-03-01T22:02:03.748+0000][7][gc,phases   ] GC(97)   Post Evacuate Collection Set: 0.6ms
[2024-03-01T22:02:03.748+0000][7][gc,phases   ] GC(97)   Other: 0.1ms
[2024-03-01T22:02:03.748+0000][7][gc,age      ] GC(97) Age table with threshold 15 (max threshold 15)
[2024-03-01T22:02:03.748+0000][7][gc,age      ] GC(97) - age   1:    1288216 bytes,    1288216 total
[2024-03-01T22:02:03.748+0000][7][gc,age      ] GC(97) - age   2:       2384 bytes,    1290600 total
[2024-03-01T22:02:03.748+0000][7][gc,age      ] GC(97) - age   3:       1192 bytes,    1291792 total
[2024-03-01T22:02:03.748+0000][7][gc,age      ] GC(97) - age   4:       8552 bytes,    1300344 total
[2024-03-01T22:02:03.748+0000][7][gc,age      ] GC(97) - age   5:        848 bytes,    1301192 total
[2024-03-01T22:02:03.748+0000][7][gc,age      ] GC(97) - age   6:         64 bytes,    1301256 total
[2024-03-01T22:02:03.748+0000][7][gc,age      ] GC(97) - age   7:        496 bytes,    1301752 total
[2024-03-01T22:02:03.748+0000][7][gc,age      ] GC(97) - age   8:         80 bytes,    1301832 total
[2024-03-01T22:02:03.748+0000][7][gc,age      ] GC(97) - age   9:         24 bytes,    1301856 total
[2024-03-01T22:02:03.748+0000][7][gc,age      ] GC(97) - age  10:        224 bytes,    1302080 total
[2024-03-01T22:02:03.748+0000][7][gc,age      ] GC(97) - age  11:         24 bytes,    1302104 total
[2024-03-01T22:02:03.748+0000][7][gc,age      ] GC(97) - age  12:     138792 bytes,    1440896 total
[2024-03-01T22:02:03.748+0000][7][gc,age      ] GC(97) - age  13:        360 bytes,    1441256 total
[2024-03-01T22:02:03.748+0000][7][gc,age      ] GC(97) - age  14:        288 bytes,    1441544 total
[2024-03-01T22:02:03.748+0000][7][gc,age      ] GC(97) - age  15:        488 bytes,    1442032 total
[2024-03-01T22:02:03.748+0000][7][gc,heap     ] GC(97) Eden regions: 152->0(152)
[2024-03-01T22:02:03.748+0000][7][gc,heap     ] GC(97) Survivor regions: 1->1(20)
[2024-03-01T22:02:03.748+0000][7][gc,heap     ] GC(97) Old regions: 22->22
[2024-03-01T22:02:03.748+0000][7][gc,heap     ] GC(97) Archive regions: 2->2
[2024-03-01T22:02:03.748+0000][7][gc,heap     ] GC(97) Humongous regions: 0->0
[2024-03-01T22:02:03.748+0000][7][gc,metaspace] GC(97) Metaspace: 125878K(129216K)->125878K(129216K) NonClass: 109485K(111232K)->109485K(111232K) Class: 16393K(17984K)->16393K(17984K)
[2024-03-01T22:02:03.748+0000][7][gc          ] GC(97) Pause Young (Normal) (G1 Evacuation Pause) 700M->92M(1024M) 2.879ms
[2024-03-01T22:02:03.748+0000][7][gc,cpu      ] GC(97) User=0.00s Sys=0.00s Real=0.00s
[2024-03-01T22:02:03.748+0000][7][safepoint   ] Safepoint "G1CollectForAllocation", Time since last: 41010095664 ns, Reaching safepoint: 83613 ns, At safepoint: 2958461 ns, Total: 3042074 ns
[2024-03-01T22:02:20.750+0000][7][safepoint   ] Safepoint "Cleanup", Time since last: 17001389361 ns, Reaching safepoint: 79135 ns, At safepoint: 4787 ns, Total: 83922 ns
[2024-03-01T22:03:22.755+0000][7][safepoint   ] Safepoint "Cleanup", Time since last: 62005647419 ns, Reaching safepoint: 103400 ns, At safepoint: 6323 ns, Total: 109723 ns
[2024-03-01T22:04:22.761+0000][7][safepoint   ] Safepoint "Cleanup", Time since last: 60005714560 ns, Reaching safepoint: 96454 ns, At safepoint: 13108 ns, Total: 109562 ns
[2024-03-01T22:04:42.736+0000][7][gc,start    ] GC(98) Pause Young (Normal) (G1 Evacuation Pause)
[2024-03-01T22:04:42.736+0000][7][gc,task     ] GC(98) Using 8 workers of 8 for evacuation
[2024-03-01T22:04:42.736+0000][7][gc,age      ] GC(98) Desired survivor size 41943040 bytes, new threshold 15 (max threshold 15)
[2024-03-01T22:04:42.739+0000][7][gc,phases   ] GC(98)   Pre Evacuate Collection Set: 0.1ms
[2024-03-01T22:04:42.739+0000][7][gc,phases   ] GC(98)   Merge Heap Roots: 0.1ms
[2024-03-01T22:04:42.739+0000][7][gc,phases   ] GC(98)   Evacuate Collection Set: 1.5ms
[2024-03-01T22:04:42.739+0000][7][gc,phases   ] GC(98)   Post Evacuate Collection Set: 0.6ms
[2024-03-01T22:04:42.739+0000][7][gc,phases   ] GC(98)   Other: 0.1ms
[2024-03-01T22:04:42.739+0000][7][gc,age      ] GC(98) Age table with threshold 15 (max threshold 15)
[2024-03-01T22:04:42.739+0000][7][gc,age      ] GC(98) - age   1:    1959400 bytes,    1959400 total
[2024-03-01T22:04:42.739+0000][7][gc,age      ] GC(98) - age   2:      16216 bytes,    1975616 total
[2024-03-01T22:04:42.739+0000][7][gc,age      ] GC(98) - age   3:        560 bytes,    1976176 total
[2024-03-01T22:04:42.739+0000][7][gc,age      ] GC(98) - age   4:        448 bytes,    1976624 total
[2024-03-01T22:04:42.739+0000][7][gc,age      ] GC(98) - age   5:       8048 bytes,    1984672 total
[2024-03-01T22:04:42.739+0000][7][gc,age      ] GC(98) - age   6:        592 bytes,    1985264 total
[2024-03-01T22:04:42.739+0000][7][gc,age      ] GC(98) - age   8:        496 bytes,    1985760 total
[2024-03-01T22:04:42.739+0000][7][gc,age      ] GC(98) - age   9:         80 bytes,    1985840 total
[2024-03-01T22:04:42.739+0000][7][gc,age      ] GC(98) - age  10:         24 bytes,    1985864 total
[2024-03-01T22:04:42.739+0000][7][gc,age      ] GC(98) - age  11:        224 bytes,    1986088 total
[2024-03-01T22:04:42.739+0000][7][gc,age      ] GC(98) - age  12:         24 bytes,    1986112 total
[2024-03-01T22:04:42.739+0000][7][gc,age      ] GC(98) - age  13:     138592 bytes,    2124704 total
[2024-03-01T22:04:42.739+0000][7][gc,age      ] GC(98) - age  14:        360 bytes,    2125064 total
[2024-03-01T22:04:42.739+0000][7][gc,age      ] GC(98) - age  15:        288 bytes,    2125352 total
[2024-03-01T22:04:42.739+0000][7][gc,heap     ] GC(98) Eden regions: 152->0(152)
[2024-03-01T22:04:42.739+0000][7][gc,heap     ] GC(98) Survivor regions: 1->1(20)
[2024-03-01T22:04:42.739+0000][7][gc,heap     ] GC(98) Old regions: 22->22
[2024-03-01T22:04:42.739+0000][7][gc,heap     ] GC(98) Archive regions: 2->2
[2024-03-01T22:04:42.739+0000][7][gc,heap     ] GC(98) Humongous regions: 0->0
[2024-03-01T22:04:42.739+0000][7][gc,metaspace] GC(98) Metaspace: 125884K(129216K)->125884K(129216K) NonClass: 109490K(111232K)->109490K(111232K) Class: 16393K(17984K)->16393K(17984K)
[2024-03-01T22:04:42.739+0000][7][gc          ] GC(98) Pause Young (Normal) (G1 Evacuation Pause) 700M->93M(1024M) 2.647ms
[2024-03-01T22:04:42.739+0000][7][gc,cpu      ] GC(98) User=0.01s Sys=0.00s Real=0.00s
[2024-03-01T22:04:42.739+0000][7][safepoint   ] Safepoint "G1CollectForAllocation", Time since last: 19974851721 ns, Reaching safepoint: 52138 ns, At safepoint: 2735768 ns, Total: 2787906 ns
[2024-03-01T22:06:22.749+0000][7][safepoint   ] Safepoint "Cleanup", Time since last: 100010273081 ns, Reaching safepoint: 76513 ns, At safepoint: 7025 ns, Total: 83538 ns
[2024-03-01T22:07:21.681+0000][7][gc,start    ] GC(99) Pause Young (Normal) (G1 Evacuation Pause)
[2024-03-01T22:07:21.681+0000][7][gc,task     ] GC(99) Using 8 workers of 8 for evacuation
[2024-03-01T22:07:21.681+0000][7][gc,age      ] GC(99) Desired survivor size 41943040 bytes, new threshold 15 (max threshold 15)
[2024-03-01T22:07:21.684+0000][7][gc,phases   ] GC(99)   Pre Evacuate Collection Set: 0.1ms
[2024-03-01T22:07:21.684+0000][7][gc,phases   ] GC(99)   Merge Heap Roots: 0.1ms
[2024-03-01T22:07:21.684+0000][7][gc,phases   ] GC(99)   Evacuate Collection Set: 1.6ms
[2024-03-01T22:07:21.684+0000][7][gc,phases   ] GC(99)   Post Evacuate Collection Set: 0.8ms
[2024-03-01T22:07:21.684+0000][7][gc,phases   ] GC(99)   Other: 0.1ms
[2024-03-01T22:07:21.684+0000][7][gc,age      ] GC(99) Age table with threshold 15 (max threshold 15)
[2024-03-01T22:07:21.684+0000][7][gc,age      ] GC(99) - age   1:    1012928 bytes,    1012928 total
[2024-03-01T22:07:21.684+0000][7][gc,age      ] GC(99) - age   2:     184160 bytes,    1197088 total
[2024-03-01T22:07:21.684+0000][7][gc,age      ] GC(99) - age   3:       5248 bytes,    1202336 total
[2024-03-01T22:07:21.684+0000][7][gc,age      ] GC(99) - age   4:        312 bytes,    1202648 total
[2024-03-01T22:07:21.684+0000][7][gc,age      ] GC(99) - age   5:        448 bytes,    1203096 total
[2024-03-01T22:07:21.684+0000][7][gc,age      ] GC(99) - age   6:       8048 bytes,    1211144 total
[2024-03-01T22:07:21.684+0000][7][gc,age      ] GC(99) - age   7:        408 bytes,    1211552 total
[2024-03-01T22:07:21.684+0000][7][gc,age      ] GC(99) - age   9:        496 bytes,    1212048 total
[2024-03-01T22:07:21.684+0000][7][gc,age      ] GC(99) - age  10:         80 bytes,    1212128 total
[2024-03-01T22:07:21.684+0000][7][gc,age      ] GC(99) - age  11:         24 bytes,    1212152 total
[2024-03-01T22:07:21.684+0000][7][gc,age      ] GC(99) - age  12:        224 bytes,    1212376 total
[2024-03-01T22:07:21.684+0000][7][gc,age      ] GC(99) - age  13:         24 bytes,    1212400 total
[2024-03-01T22:07:21.684+0000][7][gc,age      ] GC(99) - age  14:     138592 bytes,    1350992 total
[2024-03-01T22:07:21.684+0000][7][gc,age      ] GC(99) - age  15:        360 bytes,    1351352 total
[2024-03-01T22:07:21.684+0000][7][gc,heap     ] GC(99) Eden regions: 152->0(152)
[2024-03-01T22:07:21.684+0000][7][gc,heap     ] GC(99) Survivor regions: 1->1(20)
[2024-03-01T22:07:21.684+0000][7][gc,heap     ] GC(99) Old regions: 22->22
[2024-03-01T22:07:21.684+0000][7][gc,heap     ] GC(99) Archive regions: 2->2
[2024-03-01T22:07:21.684+0000][7][gc,heap     ] GC(99) Humongous regions: 0->0
[2024-03-01T22:07:21.684+0000][7][gc,metaspace] GC(99) Metaspace: 125884K(129216K)->125884K(129216K) NonClass: 109490K(111232K)->109490K(111232K) Class: 16393K(17984K)->16393K(17984K)
[2024-03-01T22:07:21.684+0000][7][gc          ] GC(99) Pause Young (Normal) (G1 Evacuation Pause) 701M->92M(1024M) 3.163ms
[2024-03-01T22:07:21.684+0000][7][gc,cpu      ] GC(99) User=0.01s Sys=0.00s Real=0.00s
[2024-03-01T22:07:21.684+0000][7][safepoint   ] Safepoint "G1CollectForAllocation", Time since last: 58931301853 ns, Reaching safepoint: 75010 ns, At safepoint: 3266714 ns, Total: 3341724 ns
[2024-03-01T22:10:03.689+0000][7][gc,start    ] GC(100) Pause Young (Normal) (G1 Evacuation Pause)
[2024-03-01T22:10:03.689+0000][7][gc,task     ] GC(100) Using 8 workers of 8 for evacuation
[2024-03-01T22:10:03.689+0000][7][gc,age      ] GC(100) Desired survivor size 41943040 bytes, new threshold 15 (max threshold 15)
[2024-03-01T22:10:03.692+0000][7][gc,phases   ] GC(100)   Pre Evacuate Collection Set: 0.1ms
[2024-03-01T22:10:03.692+0000][7][gc,phases   ] GC(100)   Merge Heap Roots: 0.1ms
[2024-03-01T22:10:03.692+0000][7][gc,phases   ] GC(100)   Evacuate Collection Set: 1.5ms
[2024-03-01T22:10:03.692+0000][7][gc,phases   ] GC(100)   Post Evacuate Collection Set: 0.8ms
[2024-03-01T22:10:03.692+0000][7][gc,phases   ] GC(100)   Other: 0.1ms
[2024-03-01T22:10:03.692+0000][7][gc,age      ] GC(100) Age table with threshold 15 (max threshold 15)
[2024-03-01T22:10:03.692+0000][7][gc,age      ] GC(100) - age   1:    1121424 bytes,    1121424 total
[2024-03-01T22:10:03.692+0000][7][gc,age      ] GC(100) - age   2:      12656 bytes,    1134080 total
[2024-03-01T22:10:03.692+0000][7][gc,age      ] GC(100) - age   3:      88120 bytes,    1222200 total
[2024-03-01T22:10:03.692+0000][7][gc,age      ] GC(100) - age   4:       5056 bytes,    1227256 total
[2024-03-01T22:10:03.692+0000][7][gc,age      ] GC(100) - age   5:        248 bytes,    1227504 total
[2024-03-01T22:10:03.692+0000][7][gc,age      ] GC(100) - age   6:        448 bytes,    1227952 total
[2024-03-01T22:10:03.692+0000][7][gc,age      ] GC(100) - age   7:       8048 bytes,    1236000 total
[2024-03-01T22:10:03.692+0000][7][gc,age      ] GC(100) - age   8:         24 bytes,    1236024 total
[2024-03-01T22:10:03.692+0000][7][gc,age      ] GC(100) - age  10:        496 bytes,    1236520 total
[2024-03-01T22:10:03.692+0000][7][gc,age      ] GC(100) - age  11:         80 bytes,    1236600 total
[2024-03-01T22:10:03.692+0000][7][gc,age      ] GC(100) - age  12:         24 bytes,    1236624 total
[2024-03-01T22:10:03.692+0000][7][gc,age      ] GC(100) - age  13:        224 bytes,    1236848 total
[2024-03-01T22:10:03.692+0000][7][gc,age      ] GC(100) - age  14:         24 bytes,    1236872 total
[2024-03-01T22:10:03.692+0000][7][gc,age      ] GC(100) - age  15:     138592 bytes,    1375464 total
[2024-03-01T22:10:03.692+0000][7][gc,heap     ] GC(100) Eden regions: 152->0(152)
[2024-03-01T22:10:03.692+0000][7][gc,heap     ] GC(100) Survivor regions: 1->1(20)
[2024-03-01T22:10:03.692+0000][7][gc,heap     ] GC(100) Old regions: 22->22
[2024-03-01T22:10:03.692+0000][7][gc,heap     ] GC(100) Archive regions: 2->2
[2024-03-01T22:10:03.692+0000][7][gc,heap     ] GC(100) Humongous regions: 0->0
[2024-03-01T22:10:03.692+0000][7][gc,metaspace] GC(100) Metaspace: 125884K(129216K)->125884K(129216K) NonClass: 109491K(111232K)->109491K(111232K) Class: 16393K(17984K)->16393K(17984K)
[2024-03-01T22:10:03.692+0000][7][gc          ] GC(100) Pause Young (Normal) (G1 Evacuation Pause) 700M->92M(1024M) 2.948ms
[2024-03-01T22:10:03.692+0000][7][gc,cpu      ] GC(100) User=0.01s Sys=0.01s Real=0.01s
[2024-03-01T22:10:03.692+0000][7][safepoint   ] Safepoint "G1CollectForAllocation", Time since last: 162005154620 ns, Reaching safepoint: 50270 ns, At safepoint: 3041655 ns, Total: 3091925 ns
[2024-03-01T22:11:22.700+0000][7][safepoint   ] Safepoint "Cleanup", Time since last: 79007444169 ns, Reaching safepoint: 130732 ns, At safepoint: 22030 ns, Total: 152762 ns
[2024-03-01T22:12:07.705+0000][7][safepoint   ] Safepoint "Cleanup", Time since last: 45005088363 ns, Reaching safepoint: 96172 ns, At safepoint: 50994 ns, Total: 147166 ns
[2024-03-01T22:12:22.706+0000][7][safepoint   ] Safepoint "Cleanup", Time since last: 15001407898 ns, Reaching safepoint: 65613 ns, At safepoint: 7620 ns, Total: 73233 ns
[2024-03-01T22:12:40.896+0000][7][gc,start    ] GC(101) Pause Young (Normal) (G1 Evacuation Pause)
[2024-03-01T22:12:40.896+0000][7][gc,task     ] GC(101) Using 8 workers of 8 for evacuation
[2024-03-01T22:12:40.897+0000][7][gc,age      ] GC(101) Desired survivor size 41943040 bytes, new threshold 15 (max threshold 15)
[2024-03-01T22:12:40.899+0000][7][gc,phases   ] GC(101)   Pre Evacuate Collection Set: 0.1ms
[2024-03-01T22:12:40.900+0000][7][gc,phases   ] GC(101)   Merge Heap Roots: 0.1ms
[2024-03-01T22:12:40.900+0000][7][gc,phases   ] GC(101)   Evacuate Collection Set: 1.8ms
[2024-03-01T22:12:40.900+0000][7][gc,phases   ] GC(101)   Post Evacuate Collection Set: 0.9ms
[2024-03-01T22:12:40.900+0000][7][gc,phases   ] GC(101)   Other: 0.1ms
[2024-03-01T22:12:40.900+0000][7][gc,age      ] GC(101) Age table with threshold 15 (max threshold 15)
[2024-03-01T22:12:40.900+0000][7][gc,age      ] GC(101) - age   1:    1420048 bytes,    1420048 total
[2024-03-01T22:12:40.900+0000][7][gc,age      ] GC(101) - age   2:     110392 bytes,    1530440 total
[2024-03-01T22:12:40.900+0000][7][gc,age      ] GC(101) - age   3:       8456 bytes,    1538896 total
[2024-03-01T22:12:40.900+0000][7][gc,age      ] GC(101) - age   4:      87536 bytes,    1626432 total
[2024-03-01T22:12:40.900+0000][7][gc,age      ] GC(101) - age   5:        864 bytes,    1627296 total
[2024-03-01T22:12:40.900+0000][7][gc,age      ] GC(101) - age   6:        248 bytes,    1627544 total
[2024-03-01T22:12:40.900+0000][7][gc,age      ] GC(101) - age   7:        264 bytes,    1627808 total
[2024-03-01T22:12:40.900+0000][7][gc,age      ] GC(101) - age   8:       8016 bytes,    1635824 total
[2024-03-01T22:12:40.900+0000][7][gc,age      ] GC(101) - age   9:         24 bytes,    1635848 total
[2024-03-01T22:12:40.900+0000][7][gc,age      ] GC(101) - age  11:        496 bytes,    1636344 total
[2024-03-01T22:12:40.900+0000][7][gc,age      ] GC(101) - age  12:         80 bytes,    1636424 total
[2024-03-01T22:12:40.900+0000][7][gc,age      ] GC(101) - age  13:         24 bytes,    1636448 total
[2024-03-01T22:12:40.900+0000][7][gc,age      ] GC(101) - age  14:        224 bytes,    1636672 total
[2024-03-01T22:12:40.900+0000][7][gc,age      ] GC(101) - age  15:         24 bytes,    1636696 total
[2024-03-01T22:12:40.900+0000][7][gc,heap     ] GC(101) Eden regions: 152->0(152)
[2024-03-01T22:12:40.900+0000][7][gc,heap     ] GC(101) Survivor regions: 1->1(20)
[2024-03-01T22:12:40.900+0000][7][gc,heap     ] GC(101) Old regions: 22->22
[2024-03-01T22:12:40.900+0000][7][gc,heap     ] GC(101) Archive regions: 2->2
[2024-03-01T22:12:40.900+0000][7][gc,heap     ] GC(101) Humongous regions: 0->0
[2024-03-01T22:12:40.900+0000][7][gc,metaspace] GC(101) Metaspace: 125886K(129216K)->125886K(129216K) NonClass: 109492K(111232K)->109492K(111232K) Class: 16393K(17984K)->16393K(17984K)
[2024-03-01T22:12:40.900+0000][7][gc          ] GC(101) Pause Young (Normal) (G1 Evacuation Pause) 700M->92M(1024M) 3.298ms
[2024-03-01T22:12:40.900+0000][7][gc,cpu      ] GC(101) User=0.01s Sys=0.00s Real=0.00s
[2024-03-01T22:12:40.900+0000][7][safepoint   ] Safepoint "G1CollectForAllocation", Time since last: 18189798259 ns, Reaching safepoint: 94372 ns, At safepoint: 3398383 ns, Total: 3492755 ns
[2024-03-01T22:13:57.908+0000][7][safepoint   ] Safepoint "Cleanup", Time since last: 77008528660 ns, Reaching safepoint: 92662 ns, At safepoint: 13822 ns, Total: 106484 ns
[2024-03-01T22:14:10.910+0000][7][safepoint   ] Safepoint "Cleanup", Time since last: 13001431588 ns, Reaching safepoint: 70245 ns, At safepoint: 41450 ns, Total: 111695 ns
[2024-03-01T22:15:22.555+0000][7][gc,start    ] GC(102) Pause Young (Normal) (G1 Evacuation Pause)
[2024-03-01T22:15:22.555+0000][7][gc,task     ] GC(102) Using 8 workers of 8 for evacuation
[2024-03-01T22:15:22.555+0000][7][gc,age      ] GC(102) Desired survivor size 41943040 bytes, new threshold 15 (max threshold 15)
[2024-03-01T22:15:22.559+0000][7][gc,phases   ] GC(102)   Pre Evacuate Collection Set: 0.1ms
[2024-03-01T22:15:22.559+0000][7][gc,phases   ] GC(102)   Merge Heap Roots: 0.1ms
[2024-03-01T22:15:22.559+0000][7][gc,phases   ] GC(102)   Evacuate Collection Set: 2.2ms
[2024-03-01T22:15:22.559+0000][7][gc,phases   ] GC(102)   Post Evacuate Collection Set: 1.0ms
[2024-03-01T22:15:22.559+0000][7][gc,phases   ] GC(102)   Other: 0.1ms
[2024-03-01T22:15:22.559+0000][7][gc,age      ] GC(102) Age table with threshold 15 (max threshold 15)
[2024-03-01T22:15:22.559+0000][7][gc,age      ] GC(102) - age   1:    1671416 bytes,    1671416 total
[2024-03-01T22:15:22.559+0000][7][gc,age      ] GC(102) - age   2:      23536 bytes,    1694952 total
[2024-03-01T22:15:22.559+0000][7][gc,age      ] GC(102) - age   3:     108784 bytes,    1803736 total
[2024-03-01T22:15:22.559+0000][7][gc,age      ] GC(102) - age   4:        256 bytes,    1803992 total
[2024-03-01T22:15:22.559+0000][7][gc,age      ] GC(102) - age   5:      87536 bytes,    1891528 total
[2024-03-01T22:15:22.559+0000][7][gc,age      ] GC(102) - age   6:        864 bytes,    1892392 total
[2024-03-01T22:15:22.559+0000][7][gc,age      ] GC(102) - age   7:        248 bytes,    1892640 total
[2024-03-01T22:15:22.559+0000][7][gc,age      ] GC(102) - age   8:        264 bytes,    1892904 total
[2024-03-01T22:15:22.559+0000][7][gc,age      ] GC(102) - age   9:       8016 bytes,    1900920 total
[2024-03-01T22:15:22.559+0000][7][gc,age      ] GC(102) - age  10:         24 bytes,    1900944 total
[2024-03-01T22:15:22.559+0000][7][gc,age      ] GC(102) - age  12:        496 bytes,    1901440 total
[2024-03-01T22:15:22.559+0000][7][gc,age      ] GC(102) - age  13:         80 bytes,    1901520 total
[2024-03-01T22:15:22.559+0000][7][gc,age      ] GC(102) - age  14:         24 bytes,    1901544 total
[2024-03-01T22:15:22.559+0000][7][gc,age      ] GC(102) - age  15:        224 bytes,    1901768 total
[2024-03-01T22:15:22.559+0000][7][gc,heap     ] GC(102) Eden regions: 152->0(152)
[2024-03-01T22:15:22.559+0000][7][gc,heap     ] GC(102) Survivor regions: 1->1(20)
[2024-03-01T22:15:22.559+0000][7][gc,heap     ] GC(102) Old regions: 22->22
[2024-03-01T22:15:22.559+0000][7][gc,heap     ] GC(102) Archive regions: 2->2
[2024-03-01T22:15:22.559+0000][7][gc,heap     ] GC(102) Humongous regions: 0->0
[2024-03-01T22:15:22.559+0000][7][gc,metaspace] GC(102) Metaspace: 125892K(129216K)->125892K(129216K) NonClass: 109499K(111232K)->109499K(111232K) Class: 16393K(17984K)->16393K(17984K)
[2024-03-01T22:15:22.559+0000][7][gc          ] GC(102) Pause Young (Normal) (G1 Evacuation Pause) 700M->93M(1024M) 3.837ms
[2024-03-01T22:15:22.559+0000][7][gc,cpu      ] GC(102) User=0.02s Sys=0.00s Real=0.00s
[2024-03-01T22:15:22.559+0000][7][safepoint   ] Safepoint "G1CollectForAllocation", Time since last: 71645063004 ns, Reaching safepoint: 99678 ns, At safepoint: 3944398 ns, Total: 4044076 ns
[2024-03-01T22:17:12.572+0000][7][safepoint   ] Safepoint "Cleanup", Time since last: 110012666145 ns, Reaching safepoint: 70544 ns, At safepoint: 7756 ns, Total: 78300 ns
[2024-03-01T22:17:22.573+0000][7][safepoint   ] Safepoint "Cleanup", Time since last: 10000817652 ns, Reaching safepoint: 75751 ns, At safepoint: 6988 ns, Total: 82739 ns
[2024-03-01T22:17:58.028+0000][7][gc,start    ] GC(103) Pause Young (Normal) (G1 Evacuation Pause)
[2024-03-01T22:17:58.028+0000][7][gc,task     ] GC(103) Using 8 workers of 8 for evacuation
[2024-03-01T22:17:58.028+0000][7][gc,age      ] GC(103) Desired survivor size 41943040 bytes, new threshold 15 (max threshold 15)
[2024-03-01T22:17:58.030+0000][7][gc,phases   ] GC(103)   Pre Evacuate Collection Set: 0.1ms
[2024-03-01T22:17:58.030+0000][7][gc,phases   ] GC(103)   Merge Heap Roots: 0.1ms
[2024-03-01T22:17:58.030+0000][7][gc,phases   ] GC(103)   Evacuate Collection Set: 1.3ms
[2024-03-01T22:17:58.030+0000][7][gc,phases   ] GC(103)   Post Evacuate Collection Set: 0.8ms
[2024-03-01T22:17:58.030+0000][7][gc,phases   ] GC(103)   Other: 0.1ms
[2024-03-01T22:17:58.030+0000][7][gc,age      ] GC(103) Age table with threshold 15 (max threshold 15)
[2024-03-01T22:17:58.030+0000][7][gc,age      ] GC(103) - age   1:     853056 bytes,     853056 total
[2024-03-01T22:17:58.030+0000][7][gc,age      ] GC(103) - age   2:       3512 bytes,     856568 total
[2024-03-01T22:17:58.031+0000][7][gc,age      ] GC(103) - age   3:      19728 bytes,     876296 total
[2024-03-01T22:17:58.031+0000][7][gc,age      ] GC(103) - age   4:     108080 bytes,     984376 total
[2024-03-01T22:17:58.031+0000][7][gc,age      ] GC(103) - age   5:        256 bytes,     984632 total
[2024-03-01T22:17:58.031+0000][7][gc,age      ] GC(103) - age   6:      87536 bytes,    1072168 total
[2024-03-01T22:17:58.031+0000][7][gc,age      ] GC(103) - age   7:        472 bytes,    1072640 total
[2024-03-01T22:17:58.031+0000][7][gc,age      ] GC(103) - age   8:        248 bytes,    1072888 total
[2024-03-01T22:17:58.031+0000][7][gc,age      ] GC(103) - age   9:        264 bytes,    1073152 total
[2024-03-01T22:17:58.031+0000][7][gc,age      ] GC(103) - age  10:       8016 bytes,    1081168 total
[2024-03-01T22:17:58.031+0000][7][gc,age      ] GC(103) - age  11:         24 bytes,    1081192 total
[2024-03-01T22:17:58.031+0000][7][gc,age      ] GC(103) - age  13:        496 bytes,    1081688 total
[2024-03-01T22:17:58.031+0000][7][gc,age      ] GC(103) - age  14:         80 bytes,    1081768 total
[2024-03-01T22:17:58.031+0000][7][gc,age      ] GC(103) - age  15:         24 bytes,    1081792 total
[2024-03-01T22:17:58.031+0000][7][gc,heap     ] GC(103) Eden regions: 152->0(152)
[2024-03-01T22:17:58.031+0000][7][gc,heap     ] GC(103) Survivor regions: 1->1(20)
[2024-03-01T22:17:58.031+0000][7][gc,heap     ] GC(103) Old regions: 22->22
[2024-03-01T22:17:58.031+0000][7][gc,heap     ] GC(103) Archive regions: 2->2
[2024-03-01T22:17:58.031+0000][7][gc,heap     ] GC(103) Humongous regions: 0->0
[2024-03-01T22:17:58.031+0000][7][gc,metaspace] GC(103) Metaspace: 125966K(129280K)->125966K(129280K) NonClass: 109572K(111296K)->109572K(111296K) Class: 16393K(17984K)->16393K(17984K)
[2024-03-01T22:17:58.031+0000][7][gc          ] GC(103) Pause Young (Normal) (G1 Evacuation Pause) 701M->92M(1024M) 2.804ms
[2024-03-01T22:17:58.031+0000][7][gc,cpu      ] GC(103) User=0.01s Sys=0.00s Real=0.00s
[2024-03-01T22:17:58.031+0000][7][safepoint   ] Safepoint "G1CollectForAllocation", Time since last: 35455009899 ns, Reaching safepoint: 82836 ns, At safepoint: 2907500 ns, Total: 2990336 ns
[2024-03-01T22:18:08.032+0000][7][safepoint   ] Safepoint "Cleanup", Time since last: 10001108191 ns, Reaching safepoint: 133189 ns, At safepoint: 67644 ns, Total: 200833 ns
[2024-03-01T22:18:40.035+0000][7][safepoint   ] Safepoint "Cleanup", Time since last: 32002843175 ns, Reaching safepoint: 98081 ns, At safepoint: 10889 ns, Total: 108970 ns
[2024-03-01T22:20:42.730+0000][7][gc,start    ] GC(104) Pause Young (Normal) (G1 Evacuation Pause)
[2024-03-01T22:20:42.730+0000][7][gc,task     ] GC(104) Using 8 workers of 8 for evacuation
[2024-03-01T22:20:42.730+0000][7][gc,age      ] GC(104) Desired survivor size 41943040 bytes, new threshold 15 (max threshold 15)
[2024-03-01T22:20:42.733+0000][7][gc,phases   ] GC(104)   Pre Evacuate Collection Set: 0.1ms
[2024-03-01T22:20:42.733+0000][7][gc,phases   ] GC(104)   Merge Heap Roots: 0.1ms
[2024-03-01T22:20:42.733+0000][7][gc,phases   ] GC(104)   Evacuate Collection Set: 1.5ms
[2024-03-01T22:20:42.733+0000][7][gc,phases   ] GC(104)   Post Evacuate Collection Set: 0.7ms
[2024-03-01T22:20:42.733+0000][7][gc,phases   ] GC(104)   Other: 0.1ms
[2024-03-01T22:20:42.733+0000][7][gc,age      ] GC(104) Age table with threshold 15 (max threshold 15)
[2024-03-01T22:20:42.733+0000][7][gc,age      ] GC(104) - age   1:     973672 bytes,     973672 total
[2024-03-01T22:20:42.733+0000][7][gc,age      ] GC(104) - age   2:       6392 bytes,     980064 total
[2024-03-01T22:20:42.733+0000][7][gc,age      ] GC(104) - age   3:        816 bytes,     980880 total
[2024-03-01T22:20:42.733+0000][7][gc,age      ] GC(104) - age   4:      19304 bytes,    1000184 total
[2024-03-01T22:20:42.733+0000][7][gc,age      ] GC(104) - age   5:     108080 bytes,    1108264 total
[2024-03-01T22:20:42.733+0000][7][gc,age      ] GC(104) - age   6:         72 bytes,    1108336 total
[2024-03-01T22:20:42.733+0000][7][gc,age      ] GC(104) - age   7:      87536 bytes,    1195872 total
[2024-03-01T22:20:42.733+0000][7][gc,age      ] GC(104) - age   8:        472 bytes,    1196344 total
[2024-03-01T22:20:42.733+0000][7][gc,age      ] GC(104) - age   9:        248 bytes,    1196592 total
[2024-03-01T22:20:42.733+0000][7][gc,age      ] GC(104) - age  10:        264 bytes,    1196856 total
[2024-03-01T22:20:42.733+0000][7][gc,age      ] GC(104) - age  11:       8016 bytes,    1204872 total
[2024-03-01T22:20:42.733+0000][7][gc,age      ] GC(104) - age  12:         24 bytes,    1204896 total
[2024-03-01T22:20:42.733+0000][7][gc,age      ] GC(104) - age  14:        496 bytes,    1205392 total
[2024-03-01T22:20:42.733+0000][7][gc,age      ] GC(104) - age  15:         80 bytes,    1205472 total
[2024-03-01T22:20:42.733+0000][7][gc,heap     ] GC(104) Eden regions: 152->0(152)
[2024-03-01T22:20:42.733+0000][7][gc,heap     ] GC(104) Survivor regions: 1->1(20)
[2024-03-01T22:20:42.733+0000][7][gc,heap     ] GC(104) Old regions: 22->22
[2024-03-01T22:20:42.733+0000][7][gc,heap     ] GC(104) Archive regions: 2->2
[2024-03-01T22:20:42.733+0000][7][gc,heap     ] GC(104) Humongous regions: 0->0
[2024-03-01T22:20:42.733+0000][7][gc,metaspace] GC(104) Metaspace: 125966K(129280K)->125966K(129280K) NonClass: 109572K(111296K)->109572K(111296K) Class: 16393K(17984K)->16393K(17984K)
[2024-03-01T22:20:42.733+0000][7][gc          ] GC(104) Pause Young (Normal) (G1 Evacuation Pause) 700M->92M(1024M) 2.840ms
[2024-03-01T22:20:42.733+0000][7][gc,cpu      ] GC(104) User=0.01s Sys=0.00s Real=0.01s
[2024-03-01T22:20:42.733+0000][7][safepoint   ] Safepoint "G1CollectForAllocation", Time since last: 122695143480 ns, Reaching safepoint: 48735 ns, At safepoint: 2935262 ns, Total: 2983997 ns
[2024-03-01T22:22:22.747+0000][7][safepoint   ] Safepoint "Cleanup", Time since last: 100014239261 ns, Reaching safepoint: 116051 ns, At safepoint: 7607 ns, Total: 123658 ns
[2024-03-01T22:23:21.771+0000][7][gc,start    ] GC(105) Pause Young (Normal) (G1 Evacuation Pause)
[2024-03-01T22:23:21.772+0000][7][gc,task     ] GC(105) Using 8 workers of 8 for evacuation
[2024-03-01T22:23:21.772+0000][7][gc,age      ] GC(105) Desired survivor size 41943040 bytes, new threshold 15 (max threshold 15)
[2024-03-01T22:23:21.774+0000][7][gc,phases   ] GC(105)   Pre Evacuate Collection Set: 0.1ms
[2024-03-01T22:23:21.774+0000][7][gc,phases   ] GC(105)   Merge Heap Roots: 0.1ms
[2024-03-01T22:23:21.774+0000][7][gc,phases   ] GC(105)   Evacuate Collection Set: 1.5ms
[2024-03-01T22:23:21.774+0000][7][gc,phases   ] GC(105)   Post Evacuate Collection Set: 0.8ms
[2024-03-01T22:23:21.774+0000][7][gc,phases   ] GC(105)   Other: 0.1ms
[2024-03-01T22:23:21.774+0000][7][gc,age      ] GC(105) Age table with threshold 15 (max threshold 15)
[2024-03-01T22:23:21.774+0000][7][gc,age      ] GC(105) - age   1:    1467912 bytes,    1467912 total
[2024-03-01T22:23:21.774+0000][7][gc,age      ] GC(105) - age   2:       2984 bytes,    1470896 total
[2024-03-01T22:23:21.774+0000][7][gc,age      ] GC(105) - age   3:       3832 bytes,    1474728 total
[2024-03-01T22:23:21.774+0000][7][gc,age      ] GC(105) - age   4:        624 bytes,    1475352 total
[2024-03-01T22:23:21.774+0000][7][gc,age      ] GC(105) - age   5:      15120 bytes,    1490472 total
[2024-03-01T22:23:21.774+0000][7][gc,age      ] GC(105) - age   6:     108080 bytes,    1598552 total
[2024-03-01T22:23:21.774+0000][7][gc,age      ] GC(105) - age   7:         72 bytes,    1598624 total
[2024-03-01T22:23:21.774+0000][7][gc,age      ] GC(105) - age   8:      87536 bytes,    1686160 total
[2024-03-01T22:23:21.774+0000][7][gc,age      ] GC(105) - age   9:        440 bytes,    1686600 total
[2024-03-01T22:23:21.774+0000][7][gc,age      ] GC(105) - age  10:         64 bytes,    1686664 total
[2024-03-01T22:23:21.774+0000][7][gc,age      ] GC(105) - age  11:        144 bytes,    1686808 total
[2024-03-01T22:23:21.774+0000][7][gc,age      ] GC(105) - age  13:         24 bytes,    1686832 total
[2024-03-01T22:23:21.774+0000][7][gc,age      ] GC(105) - age  15:        496 bytes,    1687328 total
[2024-03-01T22:23:21.774+0000][7][gc,heap     ] GC(105) Eden regions: 152->0(152)
[2024-03-01T22:23:21.774+0000][7][gc,heap     ] GC(105) Survivor regions: 1->1(20)
[2024-03-01T22:23:21.774+0000][7][gc,heap     ] GC(105) Old regions: 22->22
[2024-03-01T22:23:21.774+0000][7][gc,heap     ] GC(105) Archive regions: 2->2
[2024-03-01T22:23:21.774+0000][7][gc,heap     ] GC(105) Humongous regions: 0->0
[2024-03-01T22:23:21.774+0000][7][gc,metaspace] GC(105) Metaspace: 125970K(129280K)->125970K(129280K) NonClass: 109576K(111296K)->109576K(111296K) Class: 16393K(17984K)->16393K(17984K)
[2024-03-01T22:23:21.774+0000][7][gc          ] GC(105) Pause Young (Normal) (G1 Evacuation Pause) 700M->92M(1024M) 2.981ms
[2024-03-01T22:23:21.774+0000][7][gc,cpu      ] GC(105) User=0.01s Sys=0.00s Real=0.01s
[2024-03-01T22:23:21.775+0000][7][safepoint   ] Safepoint "G1CollectForAllocation", Time since last: 59023887350 ns, Reaching safepoint: 86285 ns, At safepoint: 3075404 ns, Total: 3161689 ns
[2024-03-01T22:24:22.784+0000][7][safepoint   ] Safepoint "Cleanup", Time since last: 61009370991 ns, Reaching safepoint: 134757 ns, At safepoint: 17376 ns, Total: 152133 ns
[2024-03-01T22:26:00.788+0000][7][gc,start    ] GC(106) Pause Young (Normal) (G1 Evacuation Pause)
[2024-03-01T22:26:00.788+0000][7][gc,task     ] GC(106) Using 8 workers of 8 for evacuation
[2024-03-01T22:26:00.788+0000][7][gc,age      ] GC(106) Desired survivor size 41943040 bytes, new threshold 15 (max threshold 15)
[2024-03-01T22:26:00.791+0000][7][gc,phases   ] GC(106)   Pre Evacuate Collection Set: 0.1ms
[2024-03-01T22:26:00.791+0000][7][gc,phases   ] GC(106)   Merge Heap Roots: 0.1ms
[2024-03-01T22:26:00.791+0000][7][gc,phases   ] GC(106)   Evacuate Collection Set: 1.8ms
[2024-03-01T22:26:00.791+0000][7][gc,phases   ] GC(106)   Post Evacuate Collection Set: 0.8ms
[2024-03-01T22:26:00.791+0000][7][gc,phases   ] GC(106)   Other: 0.1ms
[2024-03-01T22:26:00.791+0000][7][gc,age      ] GC(106) Age table with threshold 15 (max threshold 15)
[2024-03-01T22:26:00.791+0000][7][gc,age      ] GC(106) - age   1:    2114376 bytes,    2114376 total
[2024-03-01T22:26:00.791+0000][7][gc,age      ] GC(106) - age   2:      10688 bytes,    2125064 total
[2024-03-01T22:26:00.791+0000][7][gc,age      ] GC(106) - age   3:       1256 bytes,    2126320 total
[2024-03-01T22:26:00.791+0000][7][gc,age      ] GC(106) - age   4:       3448 bytes,    2129768 total
[2024-03-01T22:26:00.791+0000][7][gc,age      ] GC(106) - age   5:        376 bytes,    2130144 total
[2024-03-01T22:26:00.791+0000][7][gc,age      ] GC(106) - age   6:      15096 bytes,    2145240 total
[2024-03-01T22:26:00.791+0000][7][gc,age      ] GC(106) - age   7:     108080 bytes,    2253320 total
[2024-03-01T22:26:00.791+0000][7][gc,age      ] GC(106) - age   8:         72 bytes,    2253392 total
[2024-03-01T22:26:00.791+0000][7][gc,age      ] GC(106) - age   9:      87536 bytes,    2340928 total
[2024-03-01T22:26:00.791+0000][7][gc,age      ] GC(106) - age  10:        440 bytes,    2341368 total
[2024-03-01T22:26:00.791+0000][7][gc,age      ] GC(106) - age  11:         64 bytes,    2341432 total
[2024-03-01T22:26:00.791+0000][7][gc,age      ] GC(106) - age  12:        144 bytes,    2341576 total
[2024-03-01T22:26:00.791+0000][7][gc,age      ] GC(106) - age  14:         24 bytes,    2341600 total
[2024-03-01T22:26:00.791+0000][7][gc,heap     ] GC(106) Eden regions: 152->0(152)
[2024-03-01T22:26:00.791+0000][7][gc,heap     ] GC(106) Survivor regions: 1->1(20)
[2024-03-01T22:26:00.791+0000][7][gc,heap     ] GC(106) Old regions: 22->22
[2024-03-01T22:26:00.791+0000][7][gc,heap     ] GC(106) Archive regions: 2->2
[2024-03-01T22:26:00.791+0000][7][gc,heap     ] GC(106) Humongous regions: 0->0
[2024-03-01T22:26:00.791+0000][7][gc,metaspace] GC(106) Metaspace: 125970K(129280K)->125970K(129280K) NonClass: 109576K(111296K)->109576K(111296K) Class: 16393K(17984K)->16393K(17984K)
[2024-03-01T22:26:00.791+0000][7][gc          ] GC(106) Pause Young (Normal) (G1 Evacuation Pause) 700M->93M(1024M) 3.169ms
[2024-03-01T22:26:00.791+0000][7][gc,cpu      ] GC(106) User=0.02s Sys=0.00s Real=0.00s
[2024-03-01T22:26:00.791+0000][7][safepoint   ] Safepoint "G1CollectForAllocation", Time since last: 98003436573 ns, Reaching safepoint: 62274 ns, At safepoint: 3262153 ns, Total: 3324427 ns
[2024-03-01T22:26:22.795+0000][7][safepoint   ] Safepoint "Cleanup", Time since last: 22003726808 ns, Reaching safepoint: 118285 ns, At safepoint: 10751 ns, Total: 129036 ns
[2024-03-01T22:27:49.808+0000][7][safepoint   ] Safepoint "Cleanup", Time since last: 87013341238 ns, Reaching safepoint: 85506 ns, At safepoint: 8918 ns, Total: 94424 ns
[2024-03-01T22:28:22.813+0000][7][safepoint   ] Safepoint "Cleanup", Time since last: 33005107340 ns, Reaching safepoint: 112901 ns, At safepoint: 7886 ns, Total: 120787 ns
[2024-03-01T22:28:38.859+0000][7][gc,start    ] GC(107) Pause Young (Normal) (G1 Evacuation Pause)
[2024-03-01T22:28:38.859+0000][7][gc,task     ] GC(107) Using 8 workers of 8 for evacuation
[2024-03-01T22:28:38.859+0000][7][gc,age      ] GC(107) Desired survivor size 41943040 bytes, new threshold 15 (max threshold 15)
[2024-03-01T22:28:38.862+0000][7][gc,phases   ] GC(107)   Pre Evacuate Collection Set: 0.1ms
[2024-03-01T22:28:38.862+0000][7][gc,phases   ] GC(107)   Merge Heap Roots: 0.1ms
[2024-03-01T22:28:38.862+0000][7][gc,phases   ] GC(107)   Evacuate Collection Set: 1.6ms
[2024-03-01T22:28:38.862+0000][7][gc,phases   ] GC(107)   Post Evacuate Collection Set: 1.0ms
[2024-03-01T22:28:38.862+0000][7][gc,phases   ] GC(107)   Other: 0.1ms
[2024-03-01T22:28:38.862+0000][7][gc,age      ] GC(107) Age table with threshold 15 (max threshold 15)
[2024-03-01T22:28:38.862+0000][7][gc,age      ] GC(107) - age   1:     923248 bytes,     923248 total
[2024-03-01T22:28:38.862+0000][7][gc,age      ] GC(107) - age   2:      11104 bytes,     934352 total
[2024-03-01T22:28:38.862+0000][7][gc,age      ] GC(107) - age   3:       6880 bytes,     941232 total
[2024-03-01T22:28:38.862+0000][7][gc,age      ] GC(107) - age   4:       1064 bytes,     942296 total
[2024-03-01T22:28:38.863+0000][7][gc,age      ] GC(107) - age   5:       3448 bytes,     945744 total
[2024-03-01T22:28:38.863+0000][7][gc,age      ] GC(107) - age   6:        376 bytes,     946120 total
[2024-03-01T22:28:38.863+0000][7][gc,age      ] GC(107) - age   7:      15096 bytes,     961216 total
[2024-03-01T22:28:38.863+0000][7][gc,age      ] GC(107) - age   8:     108080 bytes,    1069296 total
[2024-03-01T22:28:38.863+0000][7][gc,age      ] GC(107) - age   9:         72 bytes,    1069368 total
[2024-03-01T22:28:38.863+0000][7][gc,age      ] GC(107) - age  10:      87536 bytes,    1156904 total
[2024-03-01T22:28:38.863+0000][7][gc,age      ] GC(107) - age  11:        440 bytes,    1157344 total
[2024-03-01T22:28:38.863+0000][7][gc,age      ] GC(107) - age  12:         64 bytes,    1157408 total
[2024-03-01T22:28:38.863+0000][7][gc,age      ] GC(107) - age  13:        144 bytes,    1157552 total
[2024-03-01T22:28:38.863+0000][7][gc,age      ] GC(107) - age  15:         24 bytes,    1157576 total
[2024-03-01T22:28:38.863+0000][7][gc,heap     ] GC(107) Eden regions: 152->0(152)
[2024-03-01T22:28:38.863+0000][7][gc,heap     ] GC(107) Survivor regions: 1->1(20)
[2024-03-01T22:28:38.863+0000][7][gc,heap     ] GC(107) Old regions: 22->22
[2024-03-01T22:28:38.863+0000][7][gc,heap     ] GC(107) Archive regions: 2->2
[2024-03-01T22:28:38.863+0000][7][gc,heap     ] GC(107) Humongous regions: 0->0
[2024-03-01T22:28:38.863+0000][7][gc,metaspace] GC(107) Metaspace: 125977K(129280K)->125977K(129280K) NonClass: 109583K(111296K)->109583K(111296K) Class: 16393K(17984K)->16393K(17984K)
[2024-03-01T22:28:38.863+0000][7][gc          ] GC(107) Pause Young (Normal) (G1 Evacuation Pause) 701M->92M(1024M) 3.395ms
[2024-03-01T22:28:38.863+0000][7][gc,cpu      ] GC(107) User=0.02s Sys=0.00s Real=0.01s
[2024-03-01T22:28:38.863+0000][7][safepoint   ] Safepoint "G1CollectForAllocation", Time since last: 16045825385 ns, Reaching safepoint: 103328 ns, At safepoint: 3506132 ns, Total: 3609460 ns
[2024-03-01T22:31:21.822+0000][7][gc,start    ] GC(108) Pause Young (Normal) (G1 Evacuation Pause)
[2024-03-01T22:31:21.822+0000][7][gc,task     ] GC(108) Using 8 workers of 8 for evacuation
[2024-03-01T22:31:21.822+0000][7][gc,age      ] GC(108) Desired survivor size 41943040 bytes, new threshold 15 (max threshold 15)
[2024-03-01T22:31:21.824+0000][7][gc,phases   ] GC(108)   Pre Evacuate Collection Set: 0.1ms
[2024-03-01T22:31:21.824+0000][7][gc,phases   ] GC(108)   Merge Heap Roots: 0.1ms
[2024-03-01T22:31:21.824+0000][7][gc,phases   ] GC(108)   Evacuate Collection Set: 1.3ms
[2024-03-01T22:31:21.824+0000][7][gc,phases   ] GC(108)   Post Evacuate Collection Set: 0.7ms
[2024-03-01T22:31:21.824+0000][7][gc,phases   ] GC(108)   Other: 0.1ms
[2024-03-01T22:31:21.824+0000][7][gc,age      ] GC(108) Age table with threshold 15 (max threshold 15)
[2024-03-01T22:31:21.824+0000][7][gc,age      ] GC(108) - age   1:    1218792 bytes,    1218792 total
[2024-03-01T22:31:21.824+0000][7][gc,age      ] GC(108) - age   2:       3864 bytes,    1222656 total
[2024-03-01T22:31:21.824+0000][7][gc,age      ] GC(108) - age   3:        600 bytes,    1223256 total
[2024-03-01T22:31:21.824+0000][7][gc,age      ] GC(108) - age   4:       1600 bytes,    1224856 total
[2024-03-01T22:31:21.824+0000][7][gc,age      ] GC(108) - age   5:        872 bytes,    1225728 total
[2024-03-01T22:31:21.824+0000][7][gc,age      ] GC(108) - age   6:       3056 bytes,    1228784 total
[2024-03-01T22:31:21.824+0000][7][gc,age      ] GC(108) - age   7:        376 bytes,    1229160 total
[2024-03-01T22:31:21.824+0000][7][gc,age      ] GC(108) - age   8:      15096 bytes,    1244256 total
[2024-03-01T22:31:21.824+0000][7][gc,age      ] GC(108) - age   9:     107696 bytes,    1351952 total
[2024-03-01T22:31:21.824+0000][7][gc,age      ] GC(108) - age  10:         72 bytes,    1352024 total
[2024-03-01T22:31:21.824+0000][7][gc,age      ] GC(108) - age  11:      87536 bytes,    1439560 total
[2024-03-01T22:31:21.824+0000][7][gc,age      ] GC(108) - age  12:        440 bytes,    1440000 total
[2024-03-01T22:31:21.824+0000][7][gc,age      ] GC(108) - age  13:         64 bytes,    1440064 total
[2024-03-01T22:31:21.824+0000][7][gc,age      ] GC(108) - age  14:        144 bytes,    1440208 total
[2024-03-01T22:31:21.824+0000][7][gc,heap     ] GC(108) Eden regions: 152->0(152)
[2024-03-01T22:31:21.824+0000][7][gc,heap     ] GC(108) Survivor regions: 1->1(20)
[2024-03-01T22:31:21.824+0000][7][gc,heap     ] GC(108) Old regions: 22->22
[2024-03-01T22:31:21.824+0000][7][gc,heap     ] GC(108) Archive regions: 2->2
[2024-03-01T22:31:21.824+0000][7][gc,heap     ] GC(108) Humongous regions: 0->0
[2024-03-01T22:31:21.824+0000][7][gc,metaspace] GC(108) Metaspace: 125980K(129280K)->125980K(129280K) NonClass: 109586K(111296K)->109586K(111296K) Class: 16393K(17984K)->16393K(17984K)
[2024-03-01T22:31:21.824+0000][7][gc          ] GC(108) Pause Young (Normal) (G1 Evacuation Pause) 700M->92M(1024M) 2.525ms
[2024-03-01T22:31:21.824+0000][7][gc,cpu      ] GC(108) User=0.01s Sys=0.00s Real=0.00s
[2024-03-01T22:31:21.824+0000][7][safepoint   ] Safepoint "G1CollectForAllocation", Time since last: 162958890264 ns, Reaching safepoint: 79021 ns, At safepoint: 2609150 ns, Total: 2688171 ns
[2024-03-01T22:31:22.825+0000][7][safepoint   ] Safepoint "Cleanup", Time since last: 1000123103 ns, Reaching safepoint: 86512 ns, At safepoint: 9951 ns, Total: 96463 ns
[2024-03-01T22:31:42.828+0000][7][safepoint   ] Safepoint "Cleanup", Time since last: 20003532822 ns, Reaching safepoint: 79966 ns, At safepoint: 9212 ns, Total: 89178 ns
[2024-03-01T22:32:22.835+0000][7][safepoint   ] Safepoint "Cleanup", Time since last: 40006934505 ns, Reaching safepoint: 85787 ns, At safepoint: 7999 ns, Total: 93786 ns
[2024-03-01T22:32:27.836+0000][7][safepoint   ] Safepoint "Cleanup", Time since last: 5000936462 ns, Reaching safepoint: 77954 ns, At safepoint: 13194 ns, Total: 91148 ns
[2024-03-01T22:33:16.844+0000][7][safepoint   ] Safepoint "Cleanup", Time since last: 49007574158 ns, Reaching safepoint: 109757 ns, At safepoint: 12573 ns, Total: 122330 ns
[2024-03-01T22:33:46.849+0000][7][safepoint   ] Safepoint "Cleanup", Time since last: 30004509621 ns, Reaching safepoint: 105375 ns, At safepoint: 13913 ns, Total: 119288 ns
[2024-03-01T22:34:39.828+0000][7][gc,start    ] GC(109) Pause Young (Normal) (G1 Evacuation Pause)
[2024-03-01T22:34:39.828+0000][7][gc,task     ] GC(109) Using 8 workers of 8 for evacuation
[2024-03-01T22:34:39.828+0000][7][gc,age      ] GC(109) Desired survivor size 41943040 bytes, new threshold 15 (max threshold 15)
[2024-03-01T22:34:39.831+0000][7][gc,phases   ] GC(109)   Pre Evacuate Collection Set: 0.1ms
[2024-03-01T22:34:39.831+0000][7][gc,phases   ] GC(109)   Merge Heap Roots: 0.1ms
[2024-03-01T22:34:39.831+0000][7][gc,phases   ] GC(109)   Evacuate Collection Set: 1.4ms
[2024-03-01T22:34:39.831+0000][7][gc,phases   ] GC(109)   Post Evacuate Collection Set: 0.8ms
[2024-03-01T22:34:39.831+0000][7][gc,phases   ] GC(109)   Other: 0.1ms
[2024-03-01T22:34:39.831+0000][7][gc,age      ] GC(109) Age table with threshold 15 (max threshold 15)
[2024-03-01T22:34:39.831+0000][7][gc,age      ] GC(109) - age   1:    1214256 bytes,    1214256 total
[2024-03-01T22:34:39.831+0000][7][gc,age      ] GC(109) - age   2:      22432 bytes,    1236688 total
[2024-03-01T22:34:39.831+0000][7][gc,age      ] GC(109) - age   3:       1360 bytes,    1238048 total
[2024-03-01T22:34:39.831+0000][7][gc,age      ] GC(109) - age   4:        472 bytes,    1238520 total
[2024-03-01T22:34:39.831+0000][7][gc,age      ] GC(109) - age   5:        736 bytes,    1239256 total
[2024-03-01T22:34:39.831+0000][7][gc,age      ] GC(109) - age   6:        872 bytes,    1240128 total
[2024-03-01T22:34:39.831+0000][7][gc,age      ] GC(109) - age   7:       3056 bytes,    1243184 total
[2024-03-01T22:34:39.831+0000][7][gc,age      ] GC(109) - age   8:        376 bytes,    1243560 total
[2024-03-01T22:34:39.831+0000][7][gc,age      ] GC(109) - age   9:      15064 bytes,    1258624 total
[2024-03-01T22:34:39.831+0000][7][gc,age      ] GC(109) - age  10:     106112 bytes,    1364736 total
[2024-03-01T22:34:39.831+0000][7][gc,age      ] GC(109) - age  11:         72 bytes,    1364808 total
[2024-03-01T22:34:39.831+0000][7][gc,age      ] GC(109) - age  12:      87536 bytes,    1452344 total
[2024-03-01T22:34:39.831+0000][7][gc,age      ] GC(109) - age  13:        440 bytes,    1452784 total
[2024-03-01T22:34:39.831+0000][7][gc,age      ] GC(109) - age  14:         64 bytes,    1452848 total
[2024-03-01T22:34:39.831+0000][7][gc,age      ] GC(109) - age  15:        144 bytes,    1452992 total
[2024-03-01T22:34:39.831+0000][7][gc,heap     ] GC(109) Eden regions: 152->0(152)
[2024-03-01T22:34:39.831+0000][7][gc,heap     ] GC(109) Survivor regions: 1->1(20)
[2024-03-01T22:34:39.831+0000][7][gc,heap     ] GC(109) Old regions: 22->22
[2024-03-01T22:34:39.831+0000][7][gc,heap     ] GC(109) Archive regions: 2->2
[2024-03-01T22:34:39.831+0000][7][gc,heap     ] GC(109) Humongous regions: 0->0
[2024-03-01T22:34:39.831+0000][7][gc,metaspace] GC(109) Metaspace: 125983K(129280K)->125983K(129280K) NonClass: 109589K(111296K)->109589K(111296K) Class: 16393K(17984K)->16393K(17984K)
[2024-03-01T22:34:39.831+0000][7][gc          ] GC(109) Pause Young (Normal) (G1 Evacuation Pause) 700M->92M(1024M) 2.813ms
[2024-03-01T22:34:39.831+0000][7][gc,cpu      ] GC(109) User=0.01s Sys=0.00s Real=0.00s
[2024-03-01T22:34:39.831+0000][7][safepoint   ] Safepoint "G1CollectForAllocation", Time since last: 52979354246 ns, Reaching safepoint: 65451 ns, At safepoint: 2905577 ns, Total: 2971028 ns
[2024-03-01T22:35:22.836+0000][7][safepoint   ] Safepoint "Cleanup", Time since last: 43005507914 ns, Reaching safepoint: 90763 ns, At safepoint: 10247 ns, Total: 101010 ns
[2024-03-01T22:38:01.404+0000][7][gc,start    ] GC(110) Pause Young (Normal) (G1 Evacuation Pause)
[2024-03-01T22:38:01.404+0000][7][gc,task     ] GC(110) Using 8 workers of 8 for evacuation
[2024-03-01T22:38:01.404+0000][7][gc,age      ] GC(110) Desired survivor size 41943040 bytes, new threshold 15 (max threshold 15)
[2024-03-01T22:38:01.408+0000][7][gc,phases   ] GC(110)   Pre Evacuate Collection Set: 0.1ms
[2024-03-01T22:38:01.408+0000][7][gc,phases   ] GC(110)   Merge Heap Roots: 0.1ms
[2024-03-01T22:38:01.408+0000][7][gc,phases   ] GC(110)   Evacuate Collection Set: 1.9ms
[2024-03-01T22:38:01.408+0000][7][gc,phases   ] GC(110)   Post Evacuate Collection Set: 0.9ms
[2024-03-01T22:38:01.408+0000][7][gc,phases   ] GC(110)   Other: 0.1ms
[2024-03-01T22:38:01.408+0000][7][gc,age      ] GC(110) Age table with threshold 15 (max threshold 15)
[2024-03-01T22:38:01.408+0000][7][gc,age      ] GC(110) - age   1:    1394856 bytes,    1394856 total
[2024-03-01T22:38:01.408+0000][7][gc,age      ] GC(110) - age   2:     137408 bytes,    1532264 total
[2024-03-01T22:38:01.408+0000][7][gc,age      ] GC(110) - age   3:      20392 bytes,    1552656 total
[2024-03-01T22:38:01.408+0000][7][gc,age      ] GC(110) - age   4:        872 bytes,    1553528 total
[2024-03-01T22:38:01.408+0000][7][gc,age      ] GC(110) - age   5:        472 bytes,    1554000 total
[2024-03-01T22:38:01.408+0000][7][gc,age      ] GC(110) - age   6:        736 bytes,    1554736 total
[2024-03-01T22:38:01.408+0000][7][gc,age      ] GC(110) - age   7:        872 bytes,    1555608 total
[2024-03-01T22:38:01.408+0000][7][gc,age      ] GC(110) - age   8:       3056 bytes,    1558664 total
[2024-03-01T22:38:01.408+0000][7][gc,age      ] GC(110) - age   9:        376 bytes,    1559040 total
[2024-03-01T22:38:01.408+0000][7][gc,age      ] GC(110) - age  10:      15064 bytes,    1574104 total
[2024-03-01T22:38:01.408+0000][7][gc,age      ] GC(110) - age  11:     106112 bytes,    1680216 total
[2024-03-01T22:38:01.408+0000][7][gc,age      ] GC(110) - age  12:         72 bytes,    1680288 total
[2024-03-01T22:38:01.408+0000][7][gc,age      ] GC(110) - age  13:      87536 bytes,    1767824 total
[2024-03-01T22:38:01.408+0000][7][gc,age      ] GC(110) - age  14:        440 bytes,    1768264 total
[2024-03-01T22:38:01.408+0000][7][gc,age      ] GC(110) - age  15:         64 bytes,    1768328 total
[2024-03-01T22:38:01.408+0000][7][gc,heap     ] GC(110) Eden regions: 152->0(152)
[2024-03-01T22:38:01.408+0000][7][gc,heap     ] GC(110) Survivor regions: 1->1(20)
[2024-03-01T22:38:01.408+0000][7][gc,heap     ] GC(110) Old regions: 22->22
[2024-03-01T22:38:01.408+0000][7][gc,heap     ] GC(110) Archive regions: 2->2
[2024-03-01T22:38:01.408+0000][7][gc,heap     ] GC(110) Humongous regions: 0->0
[2024-03-01T22:38:01.408+0000][7][gc,metaspace] GC(110) Metaspace: 125983K(129280K)->125983K(129280K) NonClass: 109589K(111296K)->109589K(111296K) Class: 16393K(17984K)->16393K(17984K)
[2024-03-01T22:38:01.408+0000][7][gc          ] GC(110) Pause Young (Normal) (G1 Evacuation Pause) 700M->92M(1024M) 3.525ms
[2024-03-01T22:38:01.408+0000][7][gc,cpu      ] GC(110) User=0.01s Sys=0.00s Real=0.00s
[2024-03-01T22:38:01.408+0000][7][safepoint   ] Safepoint "G1CollectForAllocation", Time since last: 158567751756 ns, Reaching safepoint: 87676 ns, At safepoint: 3666155 ns, Total: 3753831 ns
[2024-03-01T22:41:26.138+0000][7][gc,start    ] GC(111) Pause Young (Normal) (G1 Evacuation Pause)
[2024-03-01T22:41:26.138+0000][7][gc,task     ] GC(111) Using 8 workers of 8 for evacuation
[2024-03-01T22:41:26.138+0000][7][gc,age      ] GC(111) Desired survivor size 41943040 bytes, new threshold 15 (max threshold 15)
[2024-03-01T22:41:26.141+0000][7][gc,phases   ] GC(111)   Pre Evacuate Collection Set: 0.1ms
[2024-03-01T22:41:26.142+0000][7][gc,phases   ] GC(111)   Merge Heap Roots: 0.2ms
[2024-03-01T22:41:26.142+0000][7][gc,phases   ] GC(111)   Evacuate Collection Set: 2.0ms
[2024-03-01T22:41:26.142+0000][7][gc,phases   ] GC(111)   Post Evacuate Collection Set: 1.0ms
[2024-03-01T22:41:26.142+0000][7][gc,phases   ] GC(111)   Other: 0.1ms
[2024-03-01T22:41:26.142+0000][7][gc,age      ] GC(111) Age table with threshold 15 (max threshold 15)
[2024-03-01T22:41:26.142+0000][7][gc,age      ] GC(111) - age   1:    1449408 bytes,    1449408 total
[2024-03-01T22:41:26.142+0000][7][gc,age      ] GC(111) - age   2:       2800 bytes,    1452208 total
[2024-03-01T22:41:26.142+0000][7][gc,age      ] GC(111) - age   3:     135840 bytes,    1588048 total
[2024-03-01T22:41:26.142+0000][7][gc,age      ] GC(111) - age   4:      16872 bytes,    1604920 total
[2024-03-01T22:41:26.142+0000][7][gc,age      ] GC(111) - age   5:        688 bytes,    1605608 total
[2024-03-01T22:41:26.142+0000][7][gc,age      ] GC(111) - age   6:        472 bytes,    1606080 total
[2024-03-01T22:41:26.142+0000][7][gc,age      ] GC(111) - age   7:        736 bytes,    1606816 total
[2024-03-01T22:41:26.142+0000][7][gc,age      ] GC(111) - age   8:        872 bytes,    1607688 total
[2024-03-01T22:41:26.142+0000][7][gc,age      ] GC(111) - age   9:       2872 bytes,    1610560 total
[2024-03-01T22:41:26.142+0000][7][gc,age      ] GC(111) - age  10:        376 bytes,    1610936 total
[2024-03-01T22:41:26.142+0000][7][gc,age      ] GC(111) - age  11:      15064 bytes,    1626000 total
[2024-03-01T22:41:26.142+0000][7][gc,age      ] GC(111) - age  12:     106112 bytes,    1732112 total
[2024-03-01T22:41:26.142+0000][7][gc,age      ] GC(111) - age  13:         72 bytes,    1732184 total
[2024-03-01T22:41:26.142+0000][7][gc,age      ] GC(111) - age  14:      87536 bytes,    1819720 total
[2024-03-01T22:41:26.142+0000][7][gc,age      ] GC(111) - age  15:        440 bytes,    1820160 total
[2024-03-01T22:41:26.142+0000][7][gc,heap     ] GC(111) Eden regions: 152->0(152)
[2024-03-01T22:41:26.142+0000][7][gc,heap     ] GC(111) Survivor regions: 1->1(20)
[2024-03-01T22:41:26.142+0000][7][gc,heap     ] GC(111) Old regions: 22->22
[2024-03-01T22:41:26.142+0000][7][gc,heap     ] GC(111) Archive regions: 2->2
[2024-03-01T22:41:26.142+0000][7][gc,heap     ] GC(111) Humongous regions: 0->0
[2024-03-01T22:41:26.142+0000][7][gc,metaspace] GC(111) Metaspace: 125983K(129280K)->125983K(129280K) NonClass: 109589K(111296K)->109589K(111296K) Class: 16393K(17984K)->16393K(17984K)
[2024-03-01T22:41:26.142+0000][7][gc          ] GC(111) Pause Young (Normal) (G1 Evacuation Pause) 700M->93M(1024M) 3.770ms
[2024-03-01T22:41:26.142+0000][7][gc,cpu      ] GC(111) User=0.02s Sys=0.00s Real=0.01s
[2024-03-01T22:41:26.142+0000][7][safepoint   ] Safepoint "G1CollectForAllocation", Time since last: 204082509824 ns, Reaching safepoint: 86502 ns, At safepoint: 3872641 ns, Total: 3959143 ns
[2024-03-01T22:41:59.146+0000][7][safepoint   ] Safepoint "Cleanup", Time since last: 33004510709 ns, Reaching safepoint: 110684 ns, At safepoint: 14986 ns, Total: 125670 ns
[2024-03-01T22:43:11.159+0000][7][safepoint   ] Safepoint "Cleanup", Time since last: 72012746139 ns, Reaching safepoint: 104646 ns, At safepoint: 65820 ns, Total: 170466 ns
[2024-03-01T22:43:12.160+0000][7][safepoint   ] Safepoint "Cleanup", Time since last: 1000273005 ns, Reaching safepoint: 94586 ns, At safepoint: 9114 ns, Total: 103700 ns
[2024-03-01T22:43:23.162+0000][7][safepoint   ] Safepoint "Cleanup", Time since last: 11001689088 ns, Reaching safepoint: 166424 ns, At safepoint: 10067 ns, Total: 176491 ns
[2024-03-01T22:44:46.845+0000][7][gc,start    ] GC(112) Pause Young (Normal) (G1 Evacuation Pause)
[2024-03-01T22:44:46.845+0000][7][gc,task     ] GC(112) Using 8 workers of 8 for evacuation
[2024-03-01T22:44:46.845+0000][7][gc,age      ] GC(112) Desired survivor size 41943040 bytes, new threshold 15 (max threshold 15)
[2024-03-01T22:44:46.848+0000][7][gc,phases   ] GC(112)   Pre Evacuate Collection Set: 0.1ms
[2024-03-01T22:44:46.848+0000][7][gc,phases   ] GC(112)   Merge Heap Roots: 0.1ms
[2024-03-01T22:44:46.848+0000][7][gc,phases   ] GC(112)   Evacuate Collection Set: 1.6ms
[2024-03-01T22:44:46.848+0000][7][gc,phases   ] GC(112)   Post Evacuate Collection Set: 0.7ms
[2024-03-01T22:44:46.848+0000][7][gc,phases   ] GC(112)   Other: 0.1ms
[2024-03-01T22:44:46.848+0000][7][gc,age      ] GC(112) Age table with threshold 15 (max threshold 15)
[2024-03-01T22:44:46.848+0000][7][gc,age      ] GC(112) - age   1:    1819344 bytes,    1819344 total
[2024-03-01T22:44:46.848+0000][7][gc,age      ] GC(112) - age   2:       6040 bytes,    1825384 total
[2024-03-01T22:44:46.848+0000][7][gc,age      ] GC(112) - age   3:        936 bytes,    1826320 total
[2024-03-01T22:44:46.848+0000][7][gc,age      ] GC(112) - age   4:     134808 bytes,    1961128 total
[2024-03-01T22:44:46.848+0000][7][gc,age      ] GC(112) - age   5:      16808 bytes,    1977936 total
[2024-03-01T22:44:46.848+0000][7][gc,age      ] GC(112) - age   6:        688 bytes,    1978624 total
[2024-03-01T22:44:46.848+0000][7][gc,age      ] GC(112) - age   7:        472 bytes,    1979096 total
[2024-03-01T22:44:46.848+0000][7][gc,age      ] GC(112) - age   8:        736 bytes,    1979832 total
[2024-03-01T22:44:46.848+0000][7][gc,age      ] GC(112) - age   9:        872 bytes,    1980704 total
[2024-03-01T22:44:46.848+0000][7][gc,age      ] GC(112) - age  10:       2872 bytes,    1983576 total
[2024-03-01T22:44:46.848+0000][7][gc,age      ] GC(112) - age  11:        376 bytes,    1983952 total
[2024-03-01T22:44:46.848+0000][7][gc,age      ] GC(112) - age  12:      15064 bytes,    1999016 total
[2024-03-01T22:44:46.848+0000][7][gc,age      ] GC(112) - age  13:     106112 bytes,    2105128 total
[2024-03-01T22:44:46.848+0000][7][gc,age      ] GC(112) - age  14:         72 bytes,    2105200 total
[2024-03-01T22:44:46.848+0000][7][gc,age      ] GC(112) - age  15:      87536 bytes,    2192736 total
[2024-03-01T22:44:46.848+0000][7][gc,heap     ] GC(112) Eden regions: 152->0(152)
[2024-03-01T22:44:46.848+0000][7][gc,heap     ] GC(112) Survivor regions: 1->1(20)
[2024-03-01T22:44:46.848+0000][7][gc,heap     ] GC(112) Old regions: 22->22
[2024-03-01T22:44:46.848+0000][7][gc,heap     ] GC(112) Archive regions: 2->2
[2024-03-01T22:44:46.848+0000][7][gc,heap     ] GC(112) Humongous regions: 0->0
[2024-03-01T22:44:46.848+0000][7][gc,metaspace] GC(112) Metaspace: 125985K(129280K)->125985K(129280K) NonClass: 109591K(111296K)->109591K(111296K) Class: 16393K(17984K)->16393K(17984K)
[2024-03-01T22:44:46.848+0000][7][gc          ] GC(112) Pause Young (Normal) (G1 Evacuation Pause) 701M->93M(1024M) 2.877ms
[2024-03-01T22:44:46.848+0000][7][gc,cpu      ] GC(112) User=0.01s Sys=0.00s Real=0.01s
[2024-03-01T22:44:46.848+0000][7][safepoint   ] Safepoint "G1CollectForAllocation", Time since last: 83683182701 ns, Reaching safepoint: 55349 ns, At safepoint: 2961157 ns, Total: 3016506 ns
[2024-03-01T22:48:11.280+0000][7][gc,start    ] GC(113) Pause Young (Normal) (G1 Evacuation Pause)
[2024-03-01T22:48:11.280+0000][7][gc,task     ] GC(113) Using 8 workers of 8 for evacuation
[2024-03-01T22:48:11.280+0000][7][gc,age      ] GC(113) Desired survivor size 41943040 bytes, new threshold 15 (max threshold 15)
[2024-03-01T22:48:11.283+0000][7][gc,phases   ] GC(113)   Pre Evacuate Collection Set: 0.1ms
[2024-03-01T22:48:11.283+0000][7][gc,phases   ] GC(113)   Merge Heap Roots: 0.1ms
[2024-03-01T22:48:11.283+0000][7][gc,phases   ] GC(113)   Evacuate Collection Set: 1.6ms
[2024-03-01T22:48:11.283+0000][7][gc,phases   ] GC(113)   Post Evacuate Collection Set: 0.7ms
[2024-03-01T22:48:11.283+0000][7][gc,phases   ] GC(113)   Other: 0.1ms
[2024-03-01T22:48:11.283+0000][7][gc,age      ] GC(113) Age table with threshold 15 (max threshold 15)
[2024-03-01T22:48:11.283+0000][7][gc,age      ] GC(113) - age   1:    1831416 bytes,    1831416 total
[2024-03-01T22:48:11.283+0000][7][gc,age      ] GC(113) - age   2:       3208 bytes,    1834624 total
[2024-03-01T22:48:11.283+0000][7][gc,age      ] GC(113) - age   3:       4376 bytes,    1839000 total
[2024-03-01T22:48:11.283+0000][7][gc,age      ] GC(113) - age   4:        808 bytes,    1839808 total
[2024-03-01T22:48:11.283+0000][7][gc,age      ] GC(113) - age   5:     134808 bytes,    1974616 total
[2024-03-01T22:48:11.283+0000][7][gc,age      ] GC(113) - age   6:      16032 bytes,    1990648 total
[2024-03-01T22:48:11.283+0000][7][gc,age      ] GC(113) - age   7:        688 bytes,    1991336 total
[2024-03-01T22:48:11.283+0000][7][gc,age      ] GC(113) - age   8:        472 bytes,    1991808 total
[2024-03-01T22:48:11.283+0000][7][gc,age      ] GC(113) - age   9:        736 bytes,    1992544 total
[2024-03-01T22:48:11.283+0000][7][gc,age      ] GC(113) - age  10:        872 bytes,    1993416 total
[2024-03-01T22:48:11.283+0000][7][gc,age      ] GC(113) - age  11:       2872 bytes,    1996288 total
[2024-03-01T22:48:11.283+0000][7][gc,age      ] GC(113) - age  12:        192 bytes,    1996480 total
[2024-03-01T22:48:11.283+0000][7][gc,age      ] GC(113) - age  13:      15064 bytes,    2011544 total
[2024-03-01T22:48:11.283+0000][7][gc,age      ] GC(113) - age  14:     106112 bytes,    2117656 total
[2024-03-01T22:48:11.283+0000][7][gc,age      ] GC(113) - age  15:         72 bytes,    2117728 total
[2024-03-01T22:48:11.283+0000][7][gc,heap     ] GC(113) Eden regions: 152->0(152)
[2024-03-01T22:48:11.283+0000][7][gc,heap     ] GC(113) Survivor regions: 1->1(20)
[2024-03-01T22:48:11.283+0000][7][gc,heap     ] GC(113) Old regions: 22->22
[2024-03-01T22:48:11.283+0000][7][gc,heap     ] GC(113) Archive regions: 2->2
[2024-03-01T22:48:11.283+0000][7][gc,heap     ] GC(113) Humongous regions: 0->0
[2024-03-01T22:48:11.283+0000][7][gc,metaspace] GC(113) Metaspace: 125986K(129280K)->125986K(129280K) NonClass: 109592K(111296K)->109592K(111296K) Class: 16393K(17984K)->16393K(17984K)
[2024-03-01T22:48:11.283+0000][7][gc          ] GC(113) Pause Young (Normal) (G1 Evacuation Pause) 701M->93M(1024M) 2.920ms
[2024-03-01T22:48:11.283+0000][7][gc,cpu      ] GC(113) User=0.02s Sys=0.00s Real=0.00s
[2024-03-01T22:48:11.283+0000][7][safepoint   ] Safepoint "G1CollectForAllocation", Time since last: 204432367423 ns, Reaching safepoint: 51978 ns, At safepoint: 3009955 ns, Total: 3061933 ns
[2024-03-01T22:51:32.126+0000][7][gc,start    ] GC(114) Pause Young (Normal) (G1 Evacuation Pause)
[2024-03-01T22:51:32.126+0000][7][gc,task     ] GC(114) Using 8 workers of 8 for evacuation
[2024-03-01T22:51:32.126+0000][7][gc,age      ] GC(114) Desired survivor size 41943040 bytes, new threshold 15 (max threshold 15)
[2024-03-01T22:51:32.129+0000][7][gc,phases   ] GC(114)   Pre Evacuate Collection Set: 0.1ms
[2024-03-01T22:51:32.129+0000][7][gc,phases   ] GC(114)   Merge Heap Roots: 0.1ms
[2024-03-01T22:51:32.129+0000][7][gc,phases   ] GC(114)   Evacuate Collection Set: 1.3ms
[2024-03-01T22:51:32.129+0000][7][gc,phases   ] GC(114)   Post Evacuate Collection Set: 1.0ms
[2024-03-01T22:51:32.129+0000][7][gc,phases   ] GC(114)   Other: 0.1ms
[2024-03-01T22:51:32.129+0000][7][gc,age      ] GC(114) Age table with threshold 15 (max threshold 15)
[2024-03-01T22:51:32.129+0000][7][gc,age      ] GC(114) - age   1:     702328 bytes,     702328 total
[2024-03-01T22:51:32.129+0000][7][gc,age      ] GC(114) - age   2:       4464 bytes,     706792 total
[2024-03-01T22:51:32.129+0000][7][gc,age      ] GC(114) - age   3:       1056 bytes,     707848 total
[2024-03-01T22:51:32.129+0000][7][gc,age      ] GC(114) - age   4:        248 bytes,     708096 total
[2024-03-01T22:51:32.129+0000][7][gc,age      ] GC(114) - age   5:        560 bytes,     708656 total
[2024-03-01T22:51:32.129+0000][7][gc,age      ] GC(114) - age   6:     134808 bytes,     843464 total
[2024-03-01T22:51:32.129+0000][7][gc,age      ] GC(114) - age   7:      16032 bytes,     859496 total
[2024-03-01T22:51:32.129+0000][7][gc,age      ] GC(114) - age   8:        656 bytes,     860152 total
[2024-03-01T22:51:32.129+0000][7][gc,age      ] GC(114) - age   9:        472 bytes,     860624 total
[2024-03-01T22:51:32.129+0000][7][gc,age      ] GC(114) - age  10:        736 bytes,     861360 total
[2024-03-01T22:51:32.129+0000][7][gc,age      ] GC(114) - age  11:        872 bytes,     862232 total
[2024-03-01T22:51:32.129+0000][7][gc,age      ] GC(114) - age  12:       2872 bytes,     865104 total
[2024-03-01T22:51:32.129+0000][7][gc,age      ] GC(114) - age  13:        192 bytes,     865296 total
[2024-03-01T22:51:32.129+0000][7][gc,age      ] GC(114) - age  14:      15064 bytes,     880360 total
[2024-03-01T22:51:32.129+0000][7][gc,age      ] GC(114) - age  15:     106112 bytes,     986472 total
[2024-03-01T22:51:32.129+0000][7][gc,heap     ] GC(114) Eden regions: 152->0(152)
[2024-03-01T22:51:32.129+0000][7][gc,heap     ] GC(114) Survivor regions: 1->1(20)
[2024-03-01T22:51:32.129+0000][7][gc,heap     ] GC(114) Old regions: 22->22
[2024-03-01T22:51:32.129+0000][7][gc,heap     ] GC(114) Archive regions: 2->2
[2024-03-01T22:51:32.129+0000][7][gc,heap     ] GC(114) Humongous regions: 0->0
[2024-03-01T22:51:32.129+0000][7][gc,metaspace] GC(114) Metaspace: 125986K(129280K)->125986K(129280K) NonClass: 109592K(111296K)->109592K(111296K) Class: 16393K(17984K)->16393K(17984K)
[2024-03-01T22:51:32.129+0000][7][gc          ] GC(114) Pause Young (Normal) (G1 Evacuation Pause) 701M->92M(1024M) 2.971ms
[2024-03-01T22:51:32.129+0000][7][gc,cpu      ] GC(114) User=0.01s Sys=0.00s Real=0.01s
[2024-03-01T22:51:32.129+0000][7][safepoint   ] Safepoint "G1CollectForAllocation", Time since last: 200842855956 ns, Reaching safepoint: 93083 ns, At safepoint: 3078950 ns, Total: 3172033 ns
[2024-03-01T22:53:59.154+0000][7][safepoint   ] Safepoint "Cleanup", Time since last: 147024381279 ns, Reaching safepoint: 85434 ns, At safepoint: 41682 ns, Total: 127116 ns
[2024-03-01T22:54:58.567+0000][7][gc,start    ] GC(115) Pause Young (Normal) (G1 Evacuation Pause)
[2024-03-01T22:54:58.567+0000][7][gc,task     ] GC(115) Using 8 workers of 8 for evacuation
[2024-03-01T22:54:58.567+0000][7][gc,age      ] GC(115) Desired survivor size 41943040 bytes, new threshold 15 (max threshold 15)
[2024-03-01T22:54:58.570+0000][7][gc,phases   ] GC(115)   Pre Evacuate Collection Set: 0.2ms
[2024-03-01T22:54:58.570+0000][7][gc,phases   ] GC(115)   Merge Heap Roots: 0.2ms
[2024-03-01T22:54:58.570+0000][7][gc,phases   ] GC(115)   Evacuate Collection Set: 1.1ms
[2024-03-01T22:54:58.570+0000][7][gc,phases   ] GC(115)   Post Evacuate Collection Set: 0.7ms
[2024-03-01T22:54:58.570+0000][7][gc,phases   ] GC(115)   Other: 0.1ms
[2024-03-01T22:54:58.570+0000][7][gc,age      ] GC(115) Age table with threshold 15 (max threshold 15)
[2024-03-01T22:54:58.570+0000][7][gc,age      ] GC(115) - age   1:     722176 bytes,     722176 total
[2024-03-01T22:54:58.570+0000][7][gc,age      ] GC(115) - age   2:       5792 bytes,     727968 total
[2024-03-01T22:54:58.570+0000][7][gc,age      ] GC(115) - age   3:       1720 bytes,     729688 total
[2024-03-01T22:54:58.570+0000][7][gc,age      ] GC(115) - age   4:         32 bytes,     729720 total
[2024-03-01T22:54:58.570+0000][7][gc,age      ] GC(115) - age   5:        248 bytes,     729968 total
[2024-03-01T22:54:58.570+0000][7][gc,age      ] GC(115) - age   6:        496 bytes,     730464 total
[2024-03-01T22:54:58.570+0000][7][gc,age      ] GC(115) - age   7:     134712 bytes,     865176 total
[2024-03-01T22:54:58.570+0000][7][gc,age      ] GC(115) - age   8:      16032 bytes,     881208 total
[2024-03-01T22:54:58.570+0000][7][gc,age      ] GC(115) - age   9:        656 bytes,     881864 total
[2024-03-01T22:54:58.570+0000][7][gc,age      ] GC(115) - age  10:        472 bytes,     882336 total
[2024-03-01T22:54:58.570+0000][7][gc,age      ] GC(115) - age  11:        736 bytes,     883072 total
[2024-03-01T22:54:58.570+0000][7][gc,age      ] GC(115) - age  12:        872 bytes,     883944 total
[2024-03-01T22:54:58.570+0000][7][gc,age      ] GC(115) - age  13:       2872 bytes,     886816 total
[2024-03-01T22:54:58.570+0000][7][gc,age      ] GC(115) - age  14:        192 bytes,     887008 total
[2024-03-01T22:54:58.570+0000][7][gc,age      ] GC(115) - age  15:      15064 bytes,     902072 total
[2024-03-01T22:54:58.570+0000][7][gc,heap     ] GC(115) Eden regions: 152->0(152)
[2024-03-01T22:54:58.570+0000][7][gc,heap     ] GC(115) Survivor regions: 1->1(20)
[2024-03-01T22:54:58.570+0000][7][gc,heap     ] GC(115) Old regions: 22->22
[2024-03-01T22:54:58.570+0000][7][gc,heap     ] GC(115) Archive regions: 2->2
[2024-03-01T22:54:58.570+0000][7][gc,heap     ] GC(115) Humongous regions: 0->0
[2024-03-01T22:54:58.570+0000][7][gc,metaspace] GC(115) Metaspace: 125986K(129280K)->125986K(129280K) NonClass: 109592K(111296K)->109592K(111296K) Class: 16393K(17984K)->16393K(17984K)
[2024-03-01T22:54:58.570+0000][7][gc          ] GC(115) Pause Young (Normal) (G1 Evacuation Pause) 700M->92M(1024M) 2.532ms
[2024-03-01T22:54:58.570+0000][7][gc,cpu      ] GC(115) User=0.01s Sys=0.00s Real=0.00s
[2024-03-01T22:54:58.570+0000][7][safepoint   ] Safepoint "G1CollectForAllocation", Time since last: 59413477546 ns, Reaching safepoint: 97888 ns, At safepoint: 2632802 ns, Total: 2730690 ns
[2024-03-01T22:58:17.588+0000][7][gc,start    ] GC(116) Pause Young (Normal) (G1 Evacuation Pause)
[2024-03-01T22:58:17.589+0000][7][gc,task     ] GC(116) Using 8 workers of 8 for evacuation
[2024-03-01T22:58:17.589+0000][7][gc,age      ] GC(116) Desired survivor size 41943040 bytes, new threshold 15 (max threshold 15)
[2024-03-01T22:58:17.591+0000][7][gc,phases   ] GC(116)   Pre Evacuate Collection Set: 0.1ms
[2024-03-01T22:58:17.591+0000][7][gc,phases   ] GC(116)   Merge Heap Roots: 0.1ms
[2024-03-01T22:58:17.591+0000][7][gc,phases   ] GC(116)   Evacuate Collection Set: 1.2ms
[2024-03-01T22:58:17.591+0000][7][gc,phases   ] GC(116)   Post Evacuate Collection Set: 0.8ms
[2024-03-01T22:58:17.591+0000][7][gc,phases   ] GC(116)   Other: 0.1ms
[2024-03-01T22:58:17.591+0000][7][gc,age      ] GC(116) Age table with threshold 15 (max threshold 15)
[2024-03-01T22:58:17.591+0000][7][gc,age      ] GC(116) - age   1:     603928 bytes,     603928 total
[2024-03-01T22:58:17.591+0000][7][gc,age      ] GC(116) - age   2:       1552 bytes,     605480 total
[2024-03-01T22:58:17.591+0000][7][gc,age      ] GC(116) - age   3:       3984 bytes,     609464 total
[2024-03-01T22:58:17.591+0000][7][gc,age      ] GC(116) - age   4:       1208 bytes,     610672 total
[2024-03-01T22:58:17.591+0000][7][gc,age      ] GC(116) - age   5:         32 bytes,     610704 total
[2024-03-01T22:58:17.591+0000][7][gc,age      ] GC(116) - age   7:        496 bytes,     611200 total
[2024-03-01T22:58:17.591+0000][7][gc,age      ] GC(116) - age   8:     134712 bytes,     745912 total
[2024-03-01T22:58:17.591+0000][7][gc,age      ] GC(116) - age   9:      16032 bytes,     761944 total
[2024-03-01T22:58:17.591+0000][7][gc,age      ] GC(116) - age  10:        656 bytes,     762600 total
[2024-03-01T22:58:17.591+0000][7][gc,age      ] GC(116) - age  11:        472 bytes,     763072 total
[2024-03-01T22:58:17.591+0000][7][gc,age      ] GC(116) - age  12:        736 bytes,     763808 total
[2024-03-01T22:58:17.591+0000][7][gc,age      ] GC(116) - age  13:        872 bytes,     764680 total
[2024-03-01T22:58:17.591+0000][7][gc,age      ] GC(116) - age  14:       2872 bytes,     767552 total
[2024-03-01T22:58:17.591+0000][7][gc,age      ] GC(116) - age  15:        192 bytes,     767744 total
[2024-03-01T22:58:17.591+0000][7][gc,heap     ] GC(116) Eden regions: 152->0(152)
[2024-03-01T22:58:17.591+0000][7][gc,heap     ] GC(116) Survivor regions: 1->1(20)
[2024-03-01T22:58:17.591+0000][7][gc,heap     ] GC(116) Old regions: 22->22
[2024-03-01T22:58:17.591+0000][7][gc,heap     ] GC(116) Archive regions: 2->2
[2024-03-01T22:58:17.591+0000][7][gc,heap     ] GC(116) Humongous regions: 0->0
[2024-03-01T22:58:17.591+0000][7][gc,metaspace] GC(116) Metaspace: 125986K(129280K)->125986K(129280K) NonClass: 109592K(111296K)->109592K(111296K) Class: 16393K(17984K)->16393K(17984K)
[2024-03-01T22:58:17.591+0000][7][gc          ] GC(116) Pause Young (Normal) (G1 Evacuation Pause) 700M->92M(1024M) 2.726ms
[2024-03-01T22:58:17.591+0000][7][gc,cpu      ] GC(116) User=0.01s Sys=0.00s Real=0.00s
[2024-03-01T22:58:17.591+0000][7][safepoint   ] Safepoint "G1CollectForAllocation", Time since last: 199018329290 ns, Reaching safepoint: 99632 ns, At safepoint: 2835656 ns, Total: 2935288 ns
[2024-03-01T22:58:23.593+0000][7][safepoint   ] Safepoint "Cleanup", Time since last: 6001153637 ns, Reaching safepoint: 130039 ns, At safepoint: 11288 ns, Total: 141327 ns
[2024-03-01T22:59:52.606+0000][7][safepoint   ] Safepoint "Cleanup", Time since last: 89013582127 ns, Reaching safepoint: 109693 ns, At safepoint: 12533 ns, Total: 122226 ns
[2024-03-01T23:00:05.608+0000][7][safepoint   ] Safepoint "Cleanup", Time since last: 13001931066 ns, Reaching safepoint: 240169 ns, At safepoint: 12118 ns, Total: 252287 ns
[2024-03-01T23:00:10.609+0000][7][safepoint   ] Safepoint "Cleanup", Time since last: 5000976277 ns, Reaching safepoint: 98605 ns, At safepoint: 5868 ns, Total: 104473 ns
[2024-03-01T23:00:46.615+0000][7][safepoint   ] Safepoint "Cleanup", Time since last: 36005571545 ns, Reaching safepoint: 98696 ns, At safepoint: 10056 ns, Total: 108752 ns
[2024-03-01T23:00:52.616+0000][7][safepoint   ] Safepoint "Cleanup", Time since last: 6000666956 ns, Reaching safepoint: 62126 ns, At safepoint: 19456 ns, Total: 81582 ns
[2024-03-01T23:01:23.620+0000][7][safepoint   ] Safepoint "Cleanup", Time since last: 31003969822 ns, Reaching safepoint: 118508 ns, At safepoint: 7721 ns, Total: 126229 ns
[2024-03-01T23:01:37.579+0000][7][gc,start    ] GC(117) Pause Young (Normal) (G1 Evacuation Pause)
[2024-03-01T23:01:37.579+0000][7][gc,task     ] GC(117) Using 8 workers of 8 for evacuation
[2024-03-01T23:01:37.579+0000][7][gc,age      ] GC(117) Desired survivor size 41943040 bytes, new threshold 15 (max threshold 15)
[2024-03-01T23:01:37.582+0000][7][gc,phases   ] GC(117)   Pre Evacuate Collection Set: 0.1ms
[2024-03-01T23:01:37.582+0000][7][gc,phases   ] GC(117)   Merge Heap Roots: 0.1ms
[2024-03-01T23:01:37.582+0000][7][gc,phases   ] GC(117)   Evacuate Collection Set: 1.2ms
[2024-03-01T23:01:37.582+0000][7][gc,phases   ] GC(117)   Post Evacuate Collection Set: 1.0ms
[2024-03-01T23:01:37.582+0000][7][gc,phases   ] GC(117)   Other: 0.1ms
[2024-03-01T23:01:37.582+0000][7][gc,age      ] GC(117) Age table with threshold 15 (max threshold 15)
[2024-03-01T23:01:37.582+0000][7][gc,age      ] GC(117) - age   1:     892112 bytes,     892112 total
[2024-03-01T23:01:37.582+0000][7][gc,age      ] GC(117) - age   2:       2960 bytes,     895072 total
[2024-03-01T23:01:37.582+0000][7][gc,age      ] GC(117) - age   3:        912 bytes,     895984 total
[2024-03-01T23:01:37.582+0000][7][gc,age      ] GC(117) - age   4:        216 bytes,     896200 total
[2024-03-01T23:01:37.582+0000][7][gc,age      ] GC(117) - age   5:        752 bytes,     896952 total
[2024-03-01T23:01:37.582+0000][7][gc,age      ] GC(117) - age   6:         32 bytes,     896984 total
[2024-03-01T23:01:37.582+0000][7][gc,age      ] GC(117) - age   8:        496 bytes,     897480 total
[2024-03-01T23:01:37.582+0000][7][gc,age      ] GC(117) - age   9:     134432 bytes,    1031912 total
[2024-03-01T23:01:37.582+0000][7][gc,age      ] GC(117) - age  10:       8016 bytes,    1039928 total
[2024-03-01T23:01:37.582+0000][7][gc,age      ] GC(117) - age  11:        568 bytes,    1040496 total
[2024-03-01T23:01:37.582+0000][7][gc,age      ] GC(117) - age  12:        472 bytes,    1040968 total
[2024-03-01T23:01:37.582+0000][7][gc,age      ] GC(117) - age  13:        736 bytes,    1041704 total
[2024-03-01T23:01:37.582+0000][7][gc,age      ] GC(117) - age  14:        872 bytes,    1042576 total
[2024-03-01T23:01:37.582+0000][7][gc,age      ] GC(117) - age  15:       2872 bytes,    1045448 total
[2024-03-01T23:01:37.582+0000][7][gc,heap     ] GC(117) Eden regions: 152->0(152)
[2024-03-01T23:01:37.582+0000][7][gc,heap     ] GC(117) Survivor regions: 1->1(20)
[2024-03-01T23:01:37.582+0000][7][gc,heap     ] GC(117) Old regions: 22->22
[2024-03-01T23:01:37.582+0000][7][gc,heap     ] GC(117) Archive regions: 2->2
[2024-03-01T23:01:37.582+0000][7][gc,heap     ] GC(117) Humongous regions: 0->0
[2024-03-01T23:01:37.582+0000][7][gc,metaspace] GC(117) Metaspace: 126017K(129280K)->126017K(129280K) NonClass: 109619K(111296K)->109619K(111296K) Class: 16397K(17984K)->16397K(17984K)
[2024-03-01T23:01:37.582+0000][7][gc          ] GC(117) Pause Young (Normal) (G1 Evacuation Pause) 700M->92M(1024M) 2.924ms
[2024-03-01T23:01:37.582+0000][7][gc,cpu      ] GC(117) User=0.01s Sys=0.00s Real=0.01s
[2024-03-01T23:01:37.582+0000][7][safepoint   ] Safepoint "G1CollectForAllocation", Time since last: 13958803300 ns, Reaching safepoint: 74960 ns, At safepoint: 3021962 ns, Total: 3096922 ns
[2024-03-01T23:01:47.583+0000][7][safepoint   ] Safepoint "Cleanup", Time since last: 10001196628 ns, Reaching safepoint: 104758 ns, At safepoint: 7661 ns, Total: 112419 ns
[2024-03-01T23:02:28.588+0000][7][safepoint   ] Safepoint "Cleanup", Time since last: 41004316136 ns, Reaching safepoint: 58274 ns, At safepoint: 9892 ns, Total: 68166 ns
[2024-03-01T23:03:11.592+0000][7][safepoint   ] Safepoint "Cleanup", Time since last: 43004644323 ns, Reaching safepoint: 119494 ns, At safepoint: 9126 ns, Total: 128620 ns
[2024-03-01T23:03:47.598+0000][7][safepoint   ] Safepoint "Cleanup", Time since last: 36005041215 ns, Reaching safepoint: 120978 ns, At safepoint: 8202 ns, Total: 129180 ns
[2024-03-01T23:03:59.600+0000][7][safepoint   ] Safepoint "Cleanup", Time since last: 12001988680 ns, Reaching safepoint: 118815 ns, At safepoint: 10199 ns, Total: 129014 ns
[2024-03-01T23:04:04.601+0000][7][safepoint   ] Safepoint "Cleanup", Time since last: 5000793679 ns, Reaching safepoint: 92022 ns, At safepoint: 10764 ns, Total: 102786 ns
[2024-03-01T23:04:12.602+0000][7][safepoint   ] Safepoint "Cleanup", Time since last: 8001462276 ns, Reaching safepoint: 91912 ns, At safepoint: 9245 ns, Total: 101157 ns
[2024-03-01T23:04:23.604+0000][7][safepoint   ] Safepoint "Cleanup", Time since last: 11001915413 ns, Reaching safepoint: 113662 ns, At safepoint: 10811 ns, Total: 124473 ns
[2024-03-01T23:04:58.687+0000][7][gc,start    ] GC(118) Pause Young (Normal) (G1 Evacuation Pause)
[2024-03-01T23:04:58.687+0000][7][gc,task     ] GC(118) Using 8 workers of 8 for evacuation
[2024-03-01T23:04:58.687+0000][7][gc,age      ] GC(118) Desired survivor size 41943040 bytes, new threshold 15 (max threshold 15)
[2024-03-01T23:04:58.689+0000][7][gc,phases   ] GC(118)   Pre Evacuate Collection Set: 0.1ms
[2024-03-01T23:04:58.690+0000][7][gc,phases   ] GC(118)   Merge Heap Roots: 0.0ms
[2024-03-01T23:04:58.690+0000][7][gc,phases   ] GC(118)   Evacuate Collection Set: 1.5ms
[2024-03-01T23:04:58.690+0000][7][gc,phases   ] GC(118)   Post Evacuate Collection Set: 0.5ms
[2024-03-01T23:04:58.690+0000][7][gc,phases   ] GC(118)   Other: 0.1ms
[2024-03-01T23:04:58.690+0000][7][gc,age      ] GC(118) Age table with threshold 15 (max threshold 15)
[2024-03-01T23:04:58.690+0000][7][gc,age      ] GC(118) - age   1:    2279768 bytes,    2279768 total
[2024-03-01T23:04:58.690+0000][7][gc,age      ] GC(118) - age   2:     179696 bytes,    2459464 total
[2024-03-01T23:04:58.690+0000][7][gc,age      ] GC(118) - age   3:        384 bytes,    2459848 total
[2024-03-01T23:04:58.690+0000][7][gc,age      ] GC(118) - age   4:        160 bytes,    2460008 total
[2024-03-01T23:04:58.690+0000][7][gc,age      ] GC(118) - age   5:        216 bytes,    2460224 total
[2024-03-01T23:04:58.690+0000][7][gc,age      ] GC(118) - age   6:        752 bytes,    2460976 total
[2024-03-01T23:04:58.690+0000][7][gc,age      ] GC(118) - age   9:        496 bytes,    2461472 total
[2024-03-01T23:04:58.690+0000][7][gc,age      ] GC(118) - age  10:     134432 bytes,    2595904 total
[2024-03-01T23:04:58.690+0000][7][gc,age      ] GC(118) - age  11:       8016 bytes,    2603920 total
[2024-03-01T23:04:58.690+0000][7][gc,age      ] GC(118) - age  12:        568 bytes,    2604488 total
[2024-03-01T23:04:58.690+0000][7][gc,age      ] GC(118) - age  13:        472 bytes,    2604960 total
[2024-03-01T23:04:58.690+0000][7][gc,age      ] GC(118) - age  14:        736 bytes,    2605696 total
[2024-03-01T23:04:58.690+0000][7][gc,age      ] GC(118) - age  15:        872 bytes,    2606568 total
[2024-03-01T23:04:58.690+0000][7][gc,heap     ] GC(118) Eden regions: 152->0(152)
[2024-03-01T23:04:58.690+0000][7][gc,heap     ] GC(118) Survivor regions: 1->1(20)
[2024-03-01T23:04:58.690+0000][7][gc,heap     ] GC(118) Old regions: 22->22
[2024-03-01T23:04:58.690+0000][7][gc,heap     ] GC(118) Archive regions: 2->2
[2024-03-01T23:04:58.690+0000][7][gc,heap     ] GC(118) Humongous regions: 0->0
[2024-03-01T23:04:58.690+0000][7][gc,metaspace] GC(118) Metaspace: 126018K(129280K)->126018K(129280K) NonClass: 109620K(111296K)->109620K(111296K) Class: 16397K(17984K)->16397K(17984K)
[2024-03-01T23:04:58.690+0000][7][gc          ] GC(118) Pause Young (Normal) (G1 Evacuation Pause) 700M->93M(1024M) 2.447ms
[2024-03-01T23:04:58.690+0000][7][gc,cpu      ] GC(118) User=0.01s Sys=0.00s Real=0.01s
[2024-03-01T23:04:58.690+0000][7][safepoint   ] Safepoint "G1CollectForAllocation", Time since last: 35082973857 ns, Reaching safepoint: 33898 ns, At safepoint: 2528842 ns, Total: 2562740 ns
[2024-03-01T23:05:38.270+0000][7][safepoint   ] Safepoint "Cleanup", Time since last: 39580317693 ns, Reaching safepoint: 152330 ns, At safepoint: 14819 ns, Total: 167149 ns
[2024-03-01T23:05:50.272+0000][7][safepoint   ] Safepoint "Cleanup", Time since last: 12001820681 ns, Reaching safepoint: 102057 ns, At safepoint: 51671 ns, Total: 153728 ns
[2024-03-01T23:07:35.289+0000][7][safepoint   ] Safepoint "Cleanup", Time since last: 105016280725 ns, Reaching safepoint: 105193 ns, At safepoint: 6621 ns, Total: 111814 ns
[2024-03-01T23:07:53.292+0000][7][safepoint   ] Safepoint "Cleanup", Time since last: 18003147981 ns, Reaching safepoint: 105738 ns, At safepoint: 12777 ns, Total: 118515 ns
[2024-03-01T23:08:16.914+0000][7][gc,start    ] GC(119) Pause Young (Normal) (G1 Evacuation Pause)
[2024-03-01T23:08:16.914+0000][7][gc,task     ] GC(119) Using 8 workers of 8 for evacuation
[2024-03-01T23:08:16.914+0000][7][gc,age      ] GC(119) Desired survivor size 41943040 bytes, new threshold 15 (max threshold 15)
[2024-03-01T23:08:16.916+0000][7][gc,phases   ] GC(119)   Pre Evacuate Collection Set: 0.1ms
[2024-03-01T23:08:16.916+0000][7][gc,phases   ] GC(119)   Merge Heap Roots: 0.1ms
[2024-03-01T23:08:16.916+0000][7][gc,phases   ] GC(119)   Evacuate Collection Set: 1.5ms
[2024-03-01T23:08:16.916+0000][7][gc,phases   ] GC(119)   Post Evacuate Collection Set: 0.9ms
[2024-03-01T23:08:16.916+0000][7][gc,phases   ] GC(119)   Other: 0.1ms
[2024-03-01T23:08:16.916+0000][7][gc,age      ] GC(119) Age table with threshold 15 (max threshold 15)
[2024-03-01T23:08:16.916+0000][7][gc,age      ] GC(119) - age   1:     990632 bytes,     990632 total
[2024-03-01T23:08:16.916+0000][7][gc,age      ] GC(119) - age   2:      89912 bytes,    1080544 total
[2024-03-01T23:08:16.916+0000][7][gc,age      ] GC(119) - age   3:     177808 bytes,    1258352 total
[2024-03-01T23:08:16.916+0000][7][gc,age      ] GC(119) - age   4:         64 bytes,    1258416 total
[2024-03-01T23:08:16.916+0000][7][gc,age      ] GC(119) - age   5:         32 bytes,    1258448 total
[2024-03-01T23:08:16.916+0000][7][gc,age      ] GC(119) - age   7:        368 bytes,    1258816 total
[2024-03-01T23:08:16.916+0000][7][gc,age      ] GC(119) - age  10:        496 bytes,    1259312 total
[2024-03-01T23:08:16.916+0000][7][gc,age      ] GC(119) - age  11:     134432 bytes,    1393744 total
[2024-03-01T23:08:16.916+0000][7][gc,age      ] GC(119) - age  12:       8016 bytes,    1401760 total
[2024-03-01T23:08:16.917+0000][7][gc,age      ] GC(119) - age  13:        568 bytes,    1402328 total
[2024-03-01T23:08:16.917+0000][7][gc,age      ] GC(119) - age  14:        472 bytes,    1402800 total
[2024-03-01T23:08:16.917+0000][7][gc,age      ] GC(119) - age  15:        736 bytes,    1403536 total
[2024-03-01T23:08:16.917+0000][7][gc,heap     ] GC(119) Eden regions: 152->0(152)
[2024-03-01T23:08:16.917+0000][7][gc,heap     ] GC(119) Survivor regions: 1->1(20)
[2024-03-01T23:08:16.917+0000][7][gc,heap     ] GC(119) Old regions: 22->22
[2024-03-01T23:08:16.917+0000][7][gc,heap     ] GC(119) Archive regions: 2->2
[2024-03-01T23:08:16.917+0000][7][gc,heap     ] GC(119) Humongous regions: 0->0
[2024-03-01T23:08:16.917+0000][7][gc,metaspace] GC(119) Metaspace: 126020K(129280K)->126020K(129280K) NonClass: 109622K(111296K)->109622K(111296K) Class: 16397K(17984K)->16397K(17984K)
[2024-03-01T23:08:16.917+0000][7][gc          ] GC(119) Pause Young (Normal) (G1 Evacuation Pause) 701M->92M(1024M) 3.111ms
[2024-03-01T23:08:16.917+0000][7][gc,cpu      ] GC(119) User=0.01s Sys=0.00s Real=0.00s
[2024-03-01T23:08:16.917+0000][7][safepoint   ] Safepoint "G1CollectForAllocation", Time since last: 23621562594 ns, Reaching safepoint: 87141 ns, At safepoint: 3217088 ns, Total: 3304229 ns
[2024-03-01T23:08:22.918+0000][7][safepoint   ] Safepoint "Cleanup", Time since last: 6000996410 ns, Reaching safepoint: 95562 ns, At safepoint: 8125 ns, Total: 103687 ns
[2024-03-01T23:09:22.927+0000][7][safepoint   ] Safepoint "Cleanup", Time since last: 60008621583 ns, Reaching safepoint: 140971 ns, At safepoint: 18996 ns, Total: 159967 ns
[2024-03-01T23:10:22.934+0000][7][safepoint   ] Safepoint "Cleanup", Time since last: 60007562446 ns, Reaching safepoint: 92613 ns, At safepoint: 46384 ns, Total: 138997 ns
[2024-03-01T23:11:46.596+0000][7][gc,start    ] GC(120) Pause Young (Normal) (G1 Evacuation Pause)
[2024-03-01T23:11:46.596+0000][7][gc,task     ] GC(120) Using 8 workers of 8 for evacuation
[2024-03-01T23:11:46.596+0000][7][gc,age      ] GC(120) Desired survivor size 41943040 bytes, new threshold 15 (max threshold 15)
[2024-03-01T23:11:46.598+0000][7][gc,phases   ] GC(120)   Pre Evacuate Collection Set: 0.2ms
[2024-03-01T23:11:46.598+0000][7][gc,phases   ] GC(120)   Merge Heap Roots: 0.1ms
[2024-03-01T23:11:46.598+0000][7][gc,phases   ] GC(120)   Evacuate Collection Set: 1.3ms
[2024-03-01T23:11:46.598+0000][7][gc,phases   ] GC(120)   Post Evacuate Collection Set: 0.7ms
[2024-03-01T23:11:46.598+0000][7][gc,phases   ] GC(120)   Other: 0.1ms
[2024-03-01T23:11:46.598+0000][7][gc,age      ] GC(120) Age table with threshold 15 (max threshold 15)
[2024-03-01T23:11:46.598+0000][7][gc,age      ] GC(120) - age   1:     694888 bytes,     694888 total
[2024-03-01T23:11:46.598+0000][7][gc,age      ] GC(120) - age   2:     102720 bytes,     797608 total
[2024-03-01T23:11:46.598+0000][7][gc,age      ] GC(120) - age   3:      85720 bytes,     883328 total
[2024-03-01T23:11:46.598+0000][7][gc,age      ] GC(120) - age   4:     174040 bytes,    1057368 total
[2024-03-01T23:11:46.598+0000][7][gc,age      ] GC(120) - age   5:         64 bytes,    1057432 total
[2024-03-01T23:11:46.598+0000][7][gc,age      ] GC(120) - age   8:        368 bytes,    1057800 total
[2024-03-01T23:11:46.598+0000][7][gc,age      ] GC(120) - age  11:        496 bytes,    1058296 total
[2024-03-01T23:11:46.598+0000][7][gc,age      ] GC(120) - age  12:     134432 bytes,    1192728 total
[2024-03-01T23:11:46.598+0000][7][gc,age      ] GC(120) - age  13:       8016 bytes,    1200744 total
[2024-03-01T23:11:46.598+0000][7][gc,age      ] GC(120) - age  14:        568 bytes,    1201312 total
[2024-03-01T23:11:46.598+0000][7][gc,age      ] GC(120) - age  15:        472 bytes,    1201784 total
[2024-03-01T23:11:46.598+0000][7][gc,heap     ] GC(120) Eden regions: 152->0(152)
[2024-03-01T23:11:46.598+0000][7][gc,heap     ] GC(120) Survivor regions: 1->1(20)
[2024-03-01T23:11:46.598+0000][7][gc,heap     ] GC(120) Old regions: 22->22
[2024-03-01T23:11:46.598+0000][7][gc,heap     ] GC(120) Archive regions: 2->2
[2024-03-01T23:11:46.598+0000][7][gc,heap     ] GC(120) Humongous regions: 0->0
[2024-03-01T23:11:46.598+0000][7][gc,metaspace] GC(120) Metaspace: 126032K(129280K)->126032K(129280K) NonClass: 109634K(111296K)->109634K(111296K) Class: 16397K(17984K)->16397K(17984K)
[2024-03-01T23:11:46.598+0000][7][gc          ] GC(120) Pause Young (Normal) (G1 Evacuation Pause) 700M->92M(1024M) 2.698ms
[2024-03-01T23:11:46.598+0000][7][gc,cpu      ] GC(120) User=0.01s Sys=0.01s Real=0.00s
[2024-03-01T23:11:46.598+0000][7][safepoint   ] Safepoint "G1CollectForAllocation", Time since last: 83661087847 ns, Reaching safepoint: 201974 ns, At safepoint: 2791020 ns, Total: 2992994 ns
[2024-03-01T23:12:08.601+0000][7][safepoint   ] Safepoint "Cleanup", Time since last: 22002826737 ns, Reaching safepoint: 126958 ns, At safepoint: 7692 ns, Total: 134650 ns
[2024-03-01T23:14:22.616+0000][7][safepoint   ] Safepoint "Cleanup", Time since last: 134014991004 ns, Reaching safepoint: 67887 ns, At safepoint: 5986 ns, Total: 73873 ns
[2024-03-01T23:15:04.606+0000][7][gc,start    ] GC(121) Pause Young (Normal) (G1 Evacuation Pause)
[2024-03-01T23:15:04.606+0000][7][gc,task     ] GC(121) Using 8 workers of 8 for evacuation
[2024-03-01T23:15:04.606+0000][7][gc,age      ] GC(121) Desired survivor size 41943040 bytes, new threshold 15 (max threshold 15)
[2024-03-01T23:15:04.608+0000][7][gc,phases   ] GC(121)   Pre Evacuate Collection Set: 0.1ms
[2024-03-01T23:15:04.609+0000][7][gc,phases   ] GC(121)   Merge Heap Roots: 0.1ms
[2024-03-01T23:15:04.609+0000][7][gc,phases   ] GC(121)   Evacuate Collection Set: 1.5ms
[2024-03-01T23:15:04.609+0000][7][gc,phases   ] GC(121)   Post Evacuate Collection Set: 0.9ms
[2024-03-01T23:15:04.609+0000][7][gc,phases   ] GC(121)   Other: 0.1ms
[2024-03-01T23:15:04.609+0000][7][gc,age      ] GC(121) Age table with threshold 15 (max threshold 15)
[2024-03-01T23:15:04.609+0000][7][gc,age      ] GC(121) - age   1:     862384 bytes,     862384 total
[2024-03-01T23:15:04.609+0000][7][gc,age      ] GC(121) - age   2:      37880 bytes,     900264 total
[2024-03-01T23:15:04.609+0000][7][gc,age      ] GC(121) - age   3:      93008 bytes,     993272 total
[2024-03-01T23:15:04.609+0000][7][gc,age      ] GC(121) - age   4:      85464 bytes,    1078736 total
[2024-03-01T23:15:04.609+0000][7][gc,age      ] GC(121) - age   5:     174040 bytes,    1252776 total
[2024-03-01T23:15:04.609+0000][7][gc,age      ] GC(121) - age   6:         64 bytes,    1252840 total
[2024-03-01T23:15:04.609+0000][7][gc,age      ] GC(121) - age   9:        368 bytes,    1253208 total
[2024-03-01T23:15:04.609+0000][7][gc,age      ] GC(121) - age  12:        496 bytes,    1253704 total
[2024-03-01T23:15:04.609+0000][7][gc,age      ] GC(121) - age  13:     134432 bytes,    1388136 total
[2024-03-01T23:15:04.609+0000][7][gc,age      ] GC(121) - age  14:       8016 bytes,    1396152 total
[2024-03-01T23:15:04.609+0000][7][gc,age      ] GC(121) - age  15:        568 bytes,    1396720 total
[2024-03-01T23:15:04.609+0000][7][gc,heap     ] GC(121) Eden regions: 152->0(152)
[2024-03-01T23:15:04.609+0000][7][gc,heap     ] GC(121) Survivor regions: 1->1(20)
[2024-03-01T23:15:04.609+0000][7][gc,heap     ] GC(121) Old regions: 22->22
[2024-03-01T23:15:04.609+0000][7][gc,heap     ] GC(121) Archive regions: 2->2
[2024-03-01T23:15:04.609+0000][7][gc,heap     ] GC(121) Humongous regions: 0->0
[2024-03-01T23:15:04.609+0000][7][gc,metaspace] GC(121) Metaspace: 126032K(129280K)->126032K(129280K) NonClass: 109634K(111296K)->109634K(111296K) Class: 16397K(17984K)->16397K(17984K)
[2024-03-01T23:15:04.609+0000][7][gc          ] GC(121) Pause Young (Normal) (G1 Evacuation Pause) 700M->92M(1024M) 2.968ms
[2024-03-01T23:15:04.609+0000][7][gc,cpu      ] GC(121) User=0.02s Sys=0.00s Real=0.01s
[2024-03-01T23:15:04.609+0000][7][safepoint   ] Safepoint "G1CollectForAllocation", Time since last: 41989249869 ns, Reaching safepoint: 72288 ns, At safepoint: 3065083 ns, Total: 3137371 ns
[2024-03-01T23:15:23.612+0000][7][safepoint   ] Safepoint "Cleanup", Time since last: 19002699767 ns, Reaching safepoint: 118265 ns, At safepoint: 16022 ns, Total: 134287 ns
[2024-03-01T23:17:47.183+0000][7][gc,start    ] GC(122) Pause Young (Normal) (G1 Evacuation Pause)
[2024-03-01T23:17:47.183+0000][7][gc,task     ] GC(122) Using 8 workers of 8 for evacuation
[2024-03-01T23:17:47.183+0000][7][gc,age      ] GC(122) Desired survivor size 41943040 bytes, new threshold 15 (max threshold 15)
[2024-03-01T23:17:47.186+0000][7][gc,phases   ] GC(122)   Pre Evacuate Collection Set: 0.2ms
[2024-03-01T23:17:47.186+0000][7][gc,phases   ] GC(122)   Merge Heap Roots: 0.1ms
[2024-03-01T23:17:47.186+0000][7][gc,phases   ] GC(122)   Evacuate Collection Set: 1.4ms
[2024-03-01T23:17:47.186+0000][7][gc,phases   ] GC(122)   Post Evacuate Collection Set: 0.8ms
[2024-03-01T23:17:47.186+0000][7][gc,phases   ] GC(122)   Other: 0.1ms
[2024-03-01T23:17:47.186+0000][7][gc,age      ] GC(122) Age table with threshold 15 (max threshold 15)
[2024-03-01T23:17:47.186+0000][7][gc,age      ] GC(122) - age   1:     757136 bytes,     757136 total
[2024-03-01T23:17:47.186+0000][7][gc,age      ] GC(122) - age   2:       3752 bytes,     760888 total
[2024-03-01T23:17:47.186+0000][7][gc,age      ] GC(122) - age   3:      36544 bytes,     797432 total
[2024-03-01T23:17:47.186+0000][7][gc,age      ] GC(122) - age   4:      92648 bytes,     890080 total
[2024-03-01T23:17:47.186+0000][7][gc,age      ] GC(122) - age   5:      85464 bytes,     975544 total
[2024-03-01T23:17:47.186+0000][7][gc,age      ] GC(122) - age   6:     157360 bytes,    1132904 total
[2024-03-01T23:17:47.186+0000][7][gc,age      ] GC(122) - age   7:         64 bytes,    1132968 total
[2024-03-01T23:17:47.186+0000][7][gc,age      ] GC(122) - age  10:        368 bytes,    1133336 total
[2024-03-01T23:17:47.186+0000][7][gc,age      ] GC(122) - age  13:        472 bytes,    1133808 total
[2024-03-01T23:17:47.186+0000][7][gc,age      ] GC(122) - age  14:     134432 bytes,    1268240 total
[2024-03-01T23:17:47.186+0000][7][gc,age      ] GC(122) - age  15:       8016 bytes,    1276256 total
[2024-03-01T23:17:47.186+0000][7][gc,heap     ] GC(122) Eden regions: 152->0(152)
[2024-03-01T23:17:47.186+0000][7][gc,heap     ] GC(122) Survivor regions: 1->1(20)
[2024-03-01T23:17:47.186+0000][7][gc,heap     ] GC(122) Old regions: 22->22
[2024-03-01T23:17:47.186+0000][7][gc,heap     ] GC(122) Archive regions: 2->2
[2024-03-01T23:17:47.186+0000][7][gc,heap     ] GC(122) Humongous regions: 0->0
[2024-03-01T23:17:47.186+0000][7][gc,metaspace] GC(122) Metaspace: 126032K(129280K)->126032K(129280K) NonClass: 109634K(111296K)->109634K(111296K) Class: 16397K(17984K)->16397K(17984K)
[2024-03-01T23:17:47.186+0000][7][gc          ] GC(122) Pause Young (Normal) (G1 Evacuation Pause) 700M->92M(1024M) 2.960ms
[2024-03-01T23:17:47.186+0000][7][gc,cpu      ] GC(122) User=0.01s Sys=0.00s Real=0.00s
[2024-03-01T23:17:47.186+0000][7][safepoint   ] Safepoint "G1CollectForAllocation", Time since last: 143571391665 ns, Reaching safepoint: 97794 ns, At safepoint: 3063467 ns, Total: 3161261 ns
[2024-03-01T23:20:25.657+0000][7][gc,start    ] GC(123) Pause Young (Normal) (G1 Evacuation Pause)
[2024-03-01T23:20:25.657+0000][7][gc,task     ] GC(123) Using 8 workers of 8 for evacuation
[2024-03-01T23:20:25.657+0000][7][gc,age      ] GC(123) Desired survivor size 41943040 bytes, new threshold 15 (max threshold 15)
[2024-03-01T23:20:25.659+0000][7][gc,phases   ] GC(123)   Pre Evacuate Collection Set: 0.1ms
[2024-03-01T23:20:25.659+0000][7][gc,phases   ] GC(123)   Merge Heap Roots: 0.1ms
[2024-03-01T23:20:25.659+0000][7][gc,phases   ] GC(123)   Evacuate Collection Set: 1.2ms
[2024-03-01T23:20:25.659+0000][7][gc,phases   ] GC(123)   Post Evacuate Collection Set: 0.7ms
[2024-03-01T23:20:25.659+0000][7][gc,phases   ] GC(123)   Other: 0.1ms
[2024-03-01T23:20:25.659+0000][7][gc,age      ] GC(123) Age table with threshold 15 (max threshold 15)
[2024-03-01T23:20:25.659+0000][7][gc,age      ] GC(123) - age   1:    1016248 bytes,    1016248 total
[2024-03-01T23:20:25.659+0000][7][gc,age      ] GC(123) - age   2:      11672 bytes,    1027920 total
[2024-03-01T23:20:25.659+0000][7][gc,age      ] GC(123) - age   3:       1720 bytes,    1029640 total
[2024-03-01T23:20:25.659+0000][7][gc,age      ] GC(123) - age   4:      36416 bytes,    1066056 total
[2024-03-01T23:20:25.659+0000][7][gc,age      ] GC(123) - age   5:      92464 bytes,    1158520 total
[2024-03-01T23:20:25.659+0000][7][gc,age      ] GC(123) - age   6:      85464 bytes,    1243984 total
[2024-03-01T23:20:25.659+0000][7][gc,age      ] GC(123) - age   7:     157360 bytes,    1401344 total
[2024-03-01T23:20:25.659+0000][7][gc,age      ] GC(123) - age   8:         64 bytes,    1401408 total
[2024-03-01T23:20:25.659+0000][7][gc,age      ] GC(123) - age  11:        368 bytes,    1401776 total
[2024-03-01T23:20:25.659+0000][7][gc,age      ] GC(123) - age  14:        472 bytes,    1402248 total
[2024-03-01T23:20:25.659+0000][7][gc,age      ] GC(123) - age  15:     134432 bytes,    1536680 total
[2024-03-01T23:20:25.659+0000][7][gc,heap     ] GC(123) Eden regions: 152->0(152)
[2024-03-01T23:20:25.659+0000][7][gc,heap     ] GC(123) Survivor regions: 1->1(20)
[2024-03-01T23:20:25.659+0000][7][gc,heap     ] GC(123) Old regions: 22->22
[2024-03-01T23:20:25.659+0000][7][gc,heap     ] GC(123) Archive regions: 2->2
[2024-03-01T23:20:25.659+0000][7][gc,heap     ] GC(123) Humongous regions: 0->0
[2024-03-01T23:20:25.659+0000][7][gc,metaspace] GC(123) Metaspace: 126062K(129344K)->126062K(129344K) NonClass: 109664K(111360K)->109664K(111360K) Class: 16397K(17984K)->16397K(17984K)
[2024-03-01T23:20:25.659+0000][7][gc          ] GC(123) Pause Young (Normal) (G1 Evacuation Pause) 700M->93M(1024M) 2.482ms
[2024-03-01T23:20:25.659+0000][7][gc,cpu      ] GC(123) User=0.01s Sys=0.00s Real=0.00s
[2024-03-01T23:20:25.659+0000][7][safepoint   ] Safepoint "G1CollectForAllocation", Time since last: 158470271006 ns, Reaching safepoint: 52266 ns, At safepoint: 2566982 ns, Total: 2619248 ns
[2024-03-01T23:21:12.664+0000][7][safepoint   ] Safepoint "Cleanup", Time since last: 47004708163 ns, Reaching safepoint: 69403 ns, At safepoint: 48126 ns, Total: 117529 ns
[2024-03-01T23:21:42.668+0000][7][safepoint   ] Safepoint "Cleanup", Time since last: 30003728726 ns, Reaching safepoint: 65909 ns, At safepoint: 8752 ns, Total: 74661 ns
[2024-03-01T23:23:01.637+0000][7][gc,start    ] GC(124) Pause Young (Normal) (G1 Evacuation Pause)
[2024-03-01T23:23:01.637+0000][7][gc,task     ] GC(124) Using 8 workers of 8 for evacuation
[2024-03-01T23:23:01.637+0000][7][gc,age      ] GC(124) Desired survivor size 41943040 bytes, new threshold 15 (max threshold 15)
[2024-03-01T23:23:01.640+0000][7][gc,phases   ] GC(124)   Pre Evacuate Collection Set: 0.1ms
[2024-03-01T23:23:01.640+0000][7][gc,phases   ] GC(124)   Merge Heap Roots: 0.1ms
[2024-03-01T23:23:01.640+0000][7][gc,phases   ] GC(124)   Evacuate Collection Set: 1.6ms
[2024-03-01T23:23:01.640+0000][7][gc,phases   ] GC(124)   Post Evacuate Collection Set: 1.0ms
[2024-03-01T23:23:01.640+0000][7][gc,phases   ] GC(124)   Other: 0.1ms
[2024-03-01T23:23:01.640+0000][7][gc,age      ] GC(124) Age table with threshold 15 (max threshold 15)
[2024-03-01T23:23:01.640+0000][7][gc,age      ] GC(124) - age   1:    1077176 bytes,    1077176 total
[2024-03-01T23:23:01.640+0000][7][gc,age      ] GC(124) - age   2:       2296 bytes,    1079472 total
[2024-03-01T23:23:01.640+0000][7][gc,age      ] GC(124) - age   3:       1320 bytes,    1080792 total
[2024-03-01T23:23:01.640+0000][7][gc,age      ] GC(124) - age   4:        592 bytes,    1081384 total
[2024-03-01T23:23:01.640+0000][7][gc,age      ] GC(124) - age   5:      32272 bytes,    1113656 total
[2024-03-01T23:23:01.640+0000][7][gc,age      ] GC(124) - age   6:      92464 bytes,    1206120 total
[2024-03-01T23:23:01.640+0000][7][gc,age      ] GC(124) - age   7:      85432 bytes,    1291552 total
[2024-03-01T23:23:01.640+0000][7][gc,age      ] GC(124) - age   8:     157360 bytes,    1448912 total
[2024-03-01T23:23:01.640+0000][7][gc,age      ] GC(124) - age   9:         64 bytes,    1448976 total
[2024-03-01T23:23:01.640+0000][7][gc,age      ] GC(124) - age  12:        368 bytes,    1449344 total
[2024-03-01T23:23:01.640+0000][7][gc,age      ] GC(124) - age  15:        472 bytes,    1449816 total
[2024-03-01T23:23:01.640+0000][7][gc,heap     ] GC(124) Eden regions: 152->0(152)
[2024-03-01T23:23:01.640+0000][7][gc,heap     ] GC(124) Survivor regions: 1->1(20)
[2024-03-01T23:23:01.640+0000][7][gc,heap     ] GC(124) Old regions: 22->22
[2024-03-01T23:23:01.640+0000][7][gc,heap     ] GC(124) Archive regions: 2->2
[2024-03-01T23:23:01.640+0000][7][gc,heap     ] GC(124) Humongous regions: 0->0
[2024-03-01T23:23:01.640+0000][7][gc,metaspace] GC(124) Metaspace: 126086K(129344K)->126086K(129344K) NonClass: 109688K(111360K)->109688K(111360K) Class: 16397K(17984K)->16397K(17984K)
[2024-03-01T23:23:01.640+0000][7][gc          ] GC(124) Pause Young (Normal) (G1 Evacuation Pause) 701M->93M(1024M) 3.228ms
[2024-03-01T23:23:01.640+0000][7][gc,cpu      ] GC(124) User=0.02s Sys=0.00s Real=0.01s
[2024-03-01T23:23:01.640+0000][7][safepoint   ] Safepoint "G1CollectForAllocation", Time since last: 78969286942 ns, Reaching safepoint: 89736 ns, At safepoint: 3324787 ns, Total: 3414523 ns
[2024-03-01T23:24:29.650+0000][7][safepoint   ] Safepoint "Cleanup", Time since last: 88009944844 ns, Reaching safepoint: 102052 ns, At safepoint: 15737 ns, Total: 117789 ns
[2024-03-01T23:26:28.643+0000][7][gc,start    ] GC(125) Pause Young (Normal) (G1 Evacuation Pause)
[2024-03-01T23:26:28.643+0000][7][gc,task     ] GC(125) Using 8 workers of 8 for evacuation
[2024-03-01T23:26:28.643+0000][7][gc,age      ] GC(125) Desired survivor size 41943040 bytes, new threshold 15 (max threshold 15)
[2024-03-01T23:26:28.646+0000][7][gc,phases   ] GC(125)   Pre Evacuate Collection Set: 0.1ms
[2024-03-01T23:26:28.646+0000][7][gc,phases   ] GC(125)   Merge Heap Roots: 0.1ms
[2024-03-01T23:26:28.646+0000][7][gc,phases   ] GC(125)   Evacuate Collection Set: 1.3ms
[2024-03-01T23:26:28.646+0000][7][gc,phases   ] GC(125)   Post Evacuate Collection Set: 0.7ms
[2024-03-01T23:26:28.646+0000][7][gc,phases   ] GC(125)   Other: 0.1ms
[2024-03-01T23:26:28.646+0000][7][gc,age      ] GC(125) Age table with threshold 15 (max threshold 15)
[2024-03-01T23:26:28.646+0000][7][gc,age      ] GC(125) - age   1:     987480 bytes,     987480 total
[2024-03-01T23:26:28.646+0000][7][gc,age      ] GC(125) - age   2:       8352 bytes,     995832 total
[2024-03-01T23:26:28.646+0000][7][gc,age      ] GC(125) - age   3:        112 bytes,     995944 total
[2024-03-01T23:26:28.646+0000][7][gc,age      ] GC(125) - age   4:        816 bytes,     996760 total
[2024-03-01T23:26:28.646+0000][7][gc,age      ] GC(125) - age   5:        248 bytes,     997008 total
[2024-03-01T23:26:28.646+0000][7][gc,age      ] GC(125) - age   6:      32088 bytes,    1029096 total
[2024-03-01T23:26:28.646+0000][7][gc,age      ] GC(125) - age   7:      92464 bytes,    1121560 total
[2024-03-01T23:26:28.646+0000][7][gc,age      ] GC(125) - age   8:      85432 bytes,    1206992 total
[2024-03-01T23:26:28.646+0000][7][gc,age      ] GC(125) - age   9:     157360 bytes,    1364352 total
[2024-03-01T23:26:28.646+0000][7][gc,age      ] GC(125) - age  10:         64 bytes,    1364416 total
[2024-03-01T23:26:28.646+0000][7][gc,age      ] GC(125) - age  13:        368 bytes,    1364784 total
[2024-03-01T23:26:28.646+0000][7][gc,heap     ] GC(125) Eden regions: 152->0(152)
[2024-03-01T23:26:28.646+0000][7][gc,heap     ] GC(125) Survivor regions: 1->1(20)
[2024-03-01T23:26:28.646+0000][7][gc,heap     ] GC(125) Old regions: 22->22
[2024-03-01T23:26:28.646+0000][7][gc,heap     ] GC(125) Archive regions: 2->2
[2024-03-01T23:26:28.646+0000][7][gc,heap     ] GC(125) Humongous regions: 0->0
[2024-03-01T23:26:28.646+0000][7][gc,metaspace] GC(125) Metaspace: 126086K(129344K)->126086K(129344K) NonClass: 109688K(111360K)->109688K(111360K) Class: 16397K(17984K)->16397K(17984K)
[2024-03-01T23:26:28.646+0000][7][gc          ] GC(125) Pause Young (Normal) (G1 Evacuation Pause) 701M->93M(1024M) 2.707ms
[2024-03-01T23:26:28.646+0000][7][gc,cpu      ] GC(125) User=0.00s Sys=0.00s Real=0.00s
[2024-03-01T23:26:28.646+0000][7][safepoint   ] Safepoint "G1CollectForAllocation", Time since last: 118992713689 ns, Reaching safepoint: 77118 ns, At safepoint: 2798482 ns, Total: 2875600 ns
[2024-03-01T23:28:11.656+0000][7][safepoint   ] Safepoint "Cleanup", Time since last: 103010022813 ns, Reaching safepoint: 202241 ns, At safepoint: 35952 ns, Total: 238193 ns
[2024-03-01T23:29:23.664+0000][7][safepoint   ] Safepoint "Cleanup", Time since last: 72007975811 ns, Reaching safepoint: 90151 ns, At safepoint: 46011 ns, Total: 136162 ns
[2024-03-01T23:29:40.678+0000][7][gc,start    ] GC(126) Pause Young (Normal) (G1 Evacuation Pause)
[2024-03-01T23:29:40.678+0000][7][gc,task     ] GC(126) Using 8 workers of 8 for evacuation
[2024-03-01T23:29:40.678+0000][7][gc,age      ] GC(126) Desired survivor size 41943040 bytes, new threshold 15 (max threshold 15)
[2024-03-01T23:29:40.680+0000][7][gc,phases   ] GC(126)   Pre Evacuate Collection Set: 0.1ms
[2024-03-01T23:29:40.680+0000][7][gc,phases   ] GC(126)   Merge Heap Roots: 0.1ms
[2024-03-01T23:29:40.680+0000][7][gc,phases   ] GC(126)   Evacuate Collection Set: 1.5ms
[2024-03-01T23:29:40.680+0000][7][gc,phases   ] GC(126)   Post Evacuate Collection Set: 0.7ms
[2024-03-01T23:29:40.680+0000][7][gc,phases   ] GC(126)   Other: 0.3ms
[2024-03-01T23:29:40.680+0000][7][gc,age      ] GC(126) Age table with threshold 15 (max threshold 15)
[2024-03-01T23:29:40.680+0000][7][gc,age      ] GC(126) - age   1:    1183344 bytes,    1183344 total
[2024-03-01T23:29:40.680+0000][7][gc,age      ] GC(126) - age   2:       4048 bytes,    1187392 total
[2024-03-01T23:29:40.680+0000][7][gc,age      ] GC(126) - age   3:       4912 bytes,    1192304 total
[2024-03-01T23:29:40.680+0000][7][gc,age      ] GC(126) - age   4:        112 bytes,    1192416 total
[2024-03-01T23:29:40.680+0000][7][gc,age      ] GC(126) - age   5:        816 bytes,    1193232 total
[2024-03-01T23:29:40.680+0000][7][gc,age      ] GC(126) - age   6:        248 bytes,    1193480 total
[2024-03-01T23:29:40.680+0000][7][gc,age      ] GC(126) - age   7:      32088 bytes,    1225568 total
[2024-03-01T23:29:40.680+0000][7][gc,age      ] GC(126) - age   8:      92080 bytes,    1317648 total
[2024-03-01T23:29:40.680+0000][7][gc,age      ] GC(126) - age   9:      85432 bytes,    1403080 total
[2024-03-01T23:29:40.680+0000][7][gc,age      ] GC(126) - age  10:     157360 bytes,    1560440 total
[2024-03-01T23:29:40.680+0000][7][gc,age      ] GC(126) - age  11:         64 bytes,    1560504 total
[2024-03-01T23:29:40.680+0000][7][gc,age      ] GC(126) - age  14:        184 bytes,    1560688 total
[2024-03-01T23:29:40.681+0000][7][gc,heap     ] GC(126) Eden regions: 152->0(152)
[2024-03-01T23:29:40.681+0000][7][gc,heap     ] GC(126) Survivor regions: 1->1(20)
[2024-03-01T23:29:40.681+0000][7][gc,heap     ] GC(126) Old regions: 22->22
[2024-03-01T23:29:40.681+0000][7][gc,heap     ] GC(126) Archive regions: 2->2
[2024-03-01T23:29:40.681+0000][7][gc,heap     ] GC(126) Humongous regions: 0->0
[2024-03-01T23:29:40.681+0000][7][gc,metaspace] GC(126) Metaspace: 126087K(129344K)->126087K(129344K) NonClass: 109689K(111360K)->109689K(111360K) Class: 16397K(17984K)->16397K(17984K)
[2024-03-01T23:29:40.681+0000][7][gc          ] GC(126) Pause Young (Normal) (G1 Evacuation Pause) 701M->93M(1024M) 3.049ms
[2024-03-01T23:29:40.681+0000][7][gc,cpu      ] GC(126) User=0.00s Sys=0.02s Real=0.01s
[2024-03-01T23:29:40.681+0000][7][safepoint   ] Safepoint "G1CollectForAllocation", Time since last: 17013017360 ns, Reaching safepoint: 72281 ns, At safepoint: 3147331 ns, Total: 3219612 ns
[2024-03-01T23:31:22.694+0000][7][safepoint   ] Safepoint "Cleanup", Time since last: 102013062264 ns, Reaching safepoint: 48089 ns, At safepoint: 23224 ns, Total: 71313 ns
[2024-03-01T23:31:23.694+0000][7][safepoint   ] Safepoint "Cleanup", Time since last: 1000138276 ns, Reaching safepoint: 100353 ns, At safepoint: 7849 ns, Total: 108202 ns
[2024-03-01T23:32:58.683+0000][7][gc,start    ] GC(127) Pause Young (Normal) (G1 Evacuation Pause)
[2024-03-01T23:32:58.683+0000][7][gc,task     ] GC(127) Using 8 workers of 8 for evacuation
[2024-03-01T23:32:58.683+0000][7][gc,age      ] GC(127) Desired survivor size 41943040 bytes, new threshold 15 (max threshold 15)
[2024-03-01T23:32:58.686+0000][7][gc,phases   ] GC(127)   Pre Evacuate Collection Set: 0.1ms
[2024-03-01T23:32:58.686+0000][7][gc,phases   ] GC(127)   Merge Heap Roots: 0.1ms
[2024-03-01T23:32:58.686+0000][7][gc,phases   ] GC(127)   Evacuate Collection Set: 1.7ms
[2024-03-01T23:32:58.686+0000][7][gc,phases   ] GC(127)   Post Evacuate Collection Set: 0.8ms
[2024-03-01T23:32:58.686+0000][7][gc,phases   ] GC(127)   Other: 0.1ms
[2024-03-01T23:32:58.686+0000][7][gc,age      ] GC(127) Age table with threshold 15 (max threshold 15)
[2024-03-01T23:32:58.686+0000][7][gc,age      ] GC(127) - age   1:    1195568 bytes,    1195568 total
[2024-03-01T23:32:58.686+0000][7][gc,age      ] GC(127) - age   2:       2456 bytes,    1198024 total
[2024-03-01T23:32:58.686+0000][7][gc,age      ] GC(127) - age   3:       1296 bytes,    1199320 total
[2024-03-01T23:32:58.686+0000][7][gc,age      ] GC(127) - age   4:        680 bytes,    1200000 total
[2024-03-01T23:32:58.686+0000][7][gc,age      ] GC(127) - age   5:        112 bytes,    1200112 total
[2024-03-01T23:32:58.686+0000][7][gc,age      ] GC(127) - age   6:        424 bytes,    1200536 total
[2024-03-01T23:32:58.686+0000][7][gc,age      ] GC(127) - age   7:        248 bytes,    1200784 total
[2024-03-01T23:32:58.686+0000][7][gc,age      ] GC(127) - age   8:      30472 bytes,    1231256 total
[2024-03-01T23:32:58.686+0000][7][gc,age      ] GC(127) - age   9:      92080 bytes,    1323336 total
[2024-03-01T23:32:58.686+0000][7][gc,age      ] GC(127) - age  10:      85432 bytes,    1408768 total
[2024-03-01T23:32:58.686+0000][7][gc,age      ] GC(127) - age  11:     156832 bytes,    1565600 total
[2024-03-01T23:32:58.686+0000][7][gc,age      ] GC(127) - age  12:         64 bytes,    1565664 total
[2024-03-01T23:32:58.686+0000][7][gc,age      ] GC(127) - age  15:        184 bytes,    1565848 total
[2024-03-01T23:32:58.686+0000][7][gc,heap     ] GC(127) Eden regions: 152->0(152)
[2024-03-01T23:32:58.686+0000][7][gc,heap     ] GC(127) Survivor regions: 1->1(20)
[2024-03-01T23:32:58.686+0000][7][gc,heap     ] GC(127) Old regions: 22->22
[2024-03-01T23:32:58.686+0000][7][gc,heap     ] GC(127) Archive regions: 2->2
[2024-03-01T23:32:58.686+0000][7][gc,heap     ] GC(127) Humongous regions: 0->0
[2024-03-01T23:32:58.686+0000][7][gc,metaspace] GC(127) Metaspace: 126090K(129344K)->126090K(129344K) NonClass: 109692K(111360K)->109692K(111360K) Class: 16397K(17984K)->16397K(17984K)
[2024-03-01T23:32:58.686+0000][7][gc          ] GC(127) Pause Young (Normal) (G1 Evacuation Pause) 701M->93M(1024M) 3.128ms
[2024-03-01T23:32:58.686+0000][7][gc,cpu      ] GC(127) User=0.01s Sys=0.00s Real=0.00s
[2024-03-01T23:32:58.686+0000][7][safepoint   ] Safepoint "G1CollectForAllocation", Time since last: 94988507452 ns, Reaching safepoint: 84952 ns, At safepoint: 3222162 ns, Total: 3307114 ns
[2024-03-01T23:35:41.704+0000][7][safepoint   ] Safepoint "Cleanup", Time since last: 163018430298 ns, Reaching safepoint: 87545 ns, At safepoint: 46715 ns, Total: 134260 ns
[2024-03-01T23:36:22.664+0000][7][gc,start    ] GC(128) Pause Young (Normal) (G1 Evacuation Pause)
[2024-03-01T23:36:22.664+0000][7][gc,task     ] GC(128) Using 8 workers of 8 for evacuation
[2024-03-01T23:36:22.664+0000][7][gc,age      ] GC(128) Desired survivor size 41943040 bytes, new threshold 15 (max threshold 15)
[2024-03-01T23:36:22.668+0000][7][gc,phases   ] GC(128)   Pre Evacuate Collection Set: 0.3ms
[2024-03-01T23:36:22.668+0000][7][gc,phases   ] GC(128)   Merge Heap Roots: 0.1ms
[2024-03-01T23:36:22.668+0000][7][gc,phases   ] GC(128)   Evacuate Collection Set: 1.8ms
[2024-03-01T23:36:22.668+0000][7][gc,phases   ] GC(128)   Post Evacuate Collection Set: 1.1ms
[2024-03-01T23:36:22.668+0000][7][gc,phases   ] GC(128)   Other: 0.1ms
[2024-03-01T23:36:22.668+0000][7][gc,age      ] GC(128) Age table with threshold 15 (max threshold 15)
[2024-03-01T23:36:22.668+0000][7][gc,age      ] GC(128) - age   1:     999456 bytes,     999456 total
[2024-03-01T23:36:22.668+0000][7][gc,age      ] GC(128) - age   2:     141352 bytes,    1140808 total
[2024-03-01T23:36:22.668+0000][7][gc,age      ] GC(128) - age   3:       1176 bytes,    1141984 total
[2024-03-01T23:36:22.668+0000][7][gc,age      ] GC(128) - age   4:        976 bytes,    1142960 total
[2024-03-01T23:36:22.668+0000][7][gc,age      ] GC(128) - age   5:        680 bytes,    1143640 total
[2024-03-01T23:36:22.668+0000][7][gc,age      ] GC(128) - age   6:         80 bytes,    1143720 total
[2024-03-01T23:36:22.668+0000][7][gc,age      ] GC(128) - age   7:        424 bytes,    1144144 total
[2024-03-01T23:36:22.668+0000][7][gc,age      ] GC(128) - age   8:        248 bytes,    1144392 total
[2024-03-01T23:36:22.668+0000][7][gc,age      ] GC(128) - age   9:      30472 bytes,    1174864 total
[2024-03-01T23:36:22.668+0000][7][gc,age      ] GC(128) - age  10:      92080 bytes,    1266944 total
[2024-03-01T23:36:22.668+0000][7][gc,age      ] GC(128) - age  11:      85432 bytes,    1352376 total
[2024-03-01T23:36:22.668+0000][7][gc,age      ] GC(128) - age  12:     156832 bytes,    1509208 total
[2024-03-01T23:36:22.668+0000][7][gc,age      ] GC(128) - age  13:         64 bytes,    1509272 total
[2024-03-01T23:36:22.668+0000][7][gc,heap     ] GC(128) Eden regions: 152->0(152)
[2024-03-01T23:36:22.668+0000][7][gc,heap     ] GC(128) Survivor regions: 1->1(20)
[2024-03-01T23:36:22.668+0000][7][gc,heap     ] GC(128) Old regions: 22->22
[2024-03-01T23:36:22.668+0000][7][gc,heap     ] GC(128) Archive regions: 2->2
[2024-03-01T23:36:22.668+0000][7][gc,heap     ] GC(128) Humongous regions: 0->0
[2024-03-01T23:36:22.668+0000][7][gc,metaspace] GC(128) Metaspace: 126090K(129344K)->126090K(129344K) NonClass: 109692K(111360K)->109692K(111360K) Class: 16397K(17984K)->16397K(17984K)
[2024-03-01T23:36:22.668+0000][7][gc          ] GC(128) Pause Young (Normal) (G1 Evacuation Pause) 701M->93M(1024M) 3.798ms
[2024-03-01T23:36:22.668+0000][7][gc,cpu      ] GC(128) User=0.02s Sys=0.00s Real=0.01s
[2024-03-01T23:36:22.668+0000][7][safepoint   ] Safepoint "G1CollectForAllocation", Time since last: 40959629378 ns, Reaching safepoint: 52761 ns, At safepoint: 3919723 ns, Total: 3972484 ns
[2024-03-01T23:39:31.700+0000][7][gc,start    ] GC(129) Pause Young (Normal) (G1 Evacuation Pause)
[2024-03-01T23:39:31.700+0000][7][gc,task     ] GC(129) Using 8 workers of 8 for evacuation
[2024-03-01T23:39:31.700+0000][7][gc,age      ] GC(129) Desired survivor size 41943040 bytes, new threshold 15 (max threshold 15)
[2024-03-01T23:39:31.705+0000][7][gc,phases   ] GC(129)   Pre Evacuate Collection Set: 0.1ms
[2024-03-01T23:39:31.705+0000][7][gc,phases   ] GC(129)   Merge Heap Roots: 0.1ms
[2024-03-01T23:39:31.705+0000][7][gc,phases   ] GC(129)   Evacuate Collection Set: 3.2ms
[2024-03-01T23:39:31.705+0000][7][gc,phases   ] GC(129)   Post Evacuate Collection Set: 0.9ms
[2024-03-01T23:39:31.705+0000][7][gc,phases   ] GC(129)   Other: 0.1ms
[2024-03-01T23:39:31.705+0000][7][gc,age      ] GC(129) Age table with threshold 15 (max threshold 15)
[2024-03-01T23:39:31.705+0000][7][gc,age      ] GC(129) - age   1:    1286840 bytes,    1286840 total
[2024-03-01T23:39:31.705+0000][7][gc,age      ] GC(129) - age   2:       2392 bytes,    1289232 total
[2024-03-01T23:39:31.705+0000][7][gc,age      ] GC(129) - age   3:     139656 bytes,    1428888 total
[2024-03-01T23:39:31.705+0000][7][gc,age      ] GC(129) - age   4:        752 bytes,    1429640 total
[2024-03-01T23:39:31.705+0000][7][gc,age      ] GC(129) - age   5:        792 bytes,    1430432 total
[2024-03-01T23:39:31.705+0000][7][gc,age      ] GC(129) - age   6:        680 bytes,    1431112 total
[2024-03-01T23:39:31.705+0000][7][gc,age      ] GC(129) - age   7:         80 bytes,    1431192 total
[2024-03-01T23:39:31.705+0000][7][gc,age      ] GC(129) - age   8:        424 bytes,    1431616 total
[2024-03-01T23:39:31.705+0000][7][gc,age      ] GC(129) - age   9:        248 bytes,    1431864 total
[2024-03-01T23:39:31.705+0000][7][gc,age      ] GC(129) - age  10:      30472 bytes,    1462336 total
[2024-03-01T23:39:31.705+0000][7][gc,age      ] GC(129) - age  11:      92080 bytes,    1554416 total
[2024-03-01T23:39:31.705+0000][7][gc,age      ] GC(129) - age  12:      85432 bytes,    1639848 total
[2024-03-01T23:39:31.705+0000][7][gc,age      ] GC(129) - age  13:     156832 bytes,    1796680 total
[2024-03-01T23:39:31.705+0000][7][gc,age      ] GC(129) - age  14:         64 bytes,    1796744 total
[2024-03-01T23:39:31.705+0000][7][gc,heap     ] GC(129) Eden regions: 152->0(152)
[2024-03-01T23:39:31.705+0000][7][gc,heap     ] GC(129) Survivor regions: 1->1(20)
[2024-03-01T23:39:31.705+0000][7][gc,heap     ] GC(129) Old regions: 22->22
[2024-03-01T23:39:31.705+0000][7][gc,heap     ] GC(129) Archive regions: 2->2
[2024-03-01T23:39:31.705+0000][7][gc,heap     ] GC(129) Humongous regions: 0->0
[2024-03-01T23:39:31.705+0000][7][gc,metaspace] GC(129) Metaspace: 126090K(129344K)->126090K(129344K) NonClass: 109692K(111360K)->109692K(111360K) Class: 16397K(17984K)->16397K(17984K)
[2024-03-01T23:39:31.705+0000][7][gc          ] GC(129) Pause Young (Normal) (G1 Evacuation Pause) 701M->93M(1024M) 4.755ms
[2024-03-01T23:39:31.705+0000][7][gc,cpu      ] GC(129) User=0.01s Sys=0.00s Real=0.00s
[2024-03-01T23:39:31.705+0000][7][safepoint   ] Safepoint "G1CollectForAllocation", Time since last: 189032196902 ns, Reaching safepoint: 112693 ns, At safepoint: 4844334 ns, Total: 4957027 ns
[2024-03-01T23:41:42.718+0000][7][safepoint   ] Safepoint "Cleanup", Time since last: 131012976189 ns, Reaching safepoint: 89123 ns, At safepoint: 18208 ns, Total: 107331 ns
[2024-03-01T23:42:34.741+0000][7][gc,start    ] GC(130) Pause Young (Normal) (G1 Evacuation Pause)
[2024-03-01T23:42:34.741+0000][7][gc,task     ] GC(130) Using 8 workers of 8 for evacuation
[2024-03-01T23:42:34.741+0000][7][gc,age      ] GC(130) Desired survivor size 41943040 bytes, new threshold 15 (max threshold 15)
[2024-03-01T23:42:34.743+0000][7][gc,phases   ] GC(130)   Pre Evacuate Collection Set: 0.1ms
[2024-03-01T23:42:34.743+0000][7][gc,phases   ] GC(130)   Merge Heap Roots: 0.1ms
[2024-03-01T23:42:34.743+0000][7][gc,phases   ] GC(130)   Evacuate Collection Set: 1.5ms
[2024-03-01T23:42:34.743+0000][7][gc,phases   ] GC(130)   Post Evacuate Collection Set: 0.6ms
[2024-03-01T23:42:34.743+0000][7][gc,phases   ] GC(130)   Other: 0.1ms
[2024-03-01T23:42:34.743+0000][7][gc,age      ] GC(130) Age table with threshold 15 (max threshold 15)
[2024-03-01T23:42:34.743+0000][7][gc,age      ] GC(130) - age   1:    1848632 bytes,    1848632 total
[2024-03-01T23:42:34.743+0000][7][gc,age      ] GC(130) - age   2:       3560 bytes,    1852192 total
[2024-03-01T23:42:34.743+0000][7][gc,age      ] GC(130) - age   3:        368 bytes,    1852560 total
[2024-03-01T23:42:34.743+0000][7][gc,age      ] GC(130) - age   4:     135256 bytes,    1987816 total
[2024-03-01T23:42:34.743+0000][7][gc,age      ] GC(130) - age   5:        752 bytes,    1988568 total
[2024-03-01T23:42:34.743+0000][7][gc,age      ] GC(130) - age   6:        792 bytes,    1989360 total
[2024-03-01T23:42:34.743+0000][7][gc,age      ] GC(130) - age   7:        648 bytes,    1990008 total
[2024-03-01T23:42:34.743+0000][7][gc,age      ] GC(130) - age   8:         80 bytes,    1990088 total
[2024-03-01T23:42:34.743+0000][7][gc,age      ] GC(130) - age   9:        240 bytes,    1990328 total
[2024-03-01T23:42:34.743+0000][7][gc,age      ] GC(130) - age  10:        248 bytes,    1990576 total
[2024-03-01T23:42:34.743+0000][7][gc,age      ] GC(130) - age  11:      30472 bytes,    2021048 total
[2024-03-01T23:42:34.743+0000][7][gc,age      ] GC(130) - age  12:      92080 bytes,    2113128 total
[2024-03-01T23:42:34.743+0000][7][gc,age      ] GC(130) - age  13:      85432 bytes,    2198560 total
[2024-03-01T23:42:34.743+0000][7][gc,age      ] GC(130) - age  14:     156832 bytes,    2355392 total
[2024-03-01T23:42:34.743+0000][7][gc,age      ] GC(130) - age  15:         64 bytes,    2355456 total
[2024-03-01T23:42:34.743+0000][7][gc,heap     ] GC(130) Eden regions: 152->0(152)
[2024-03-01T23:42:34.743+0000][7][gc,heap     ] GC(130) Survivor regions: 1->1(20)
[2024-03-01T23:42:34.743+0000][7][gc,heap     ] GC(130) Old regions: 22->22
[2024-03-01T23:42:34.743+0000][7][gc,heap     ] GC(130) Archive regions: 2->2
[2024-03-01T23:42:34.743+0000][7][gc,heap     ] GC(130) Humongous regions: 0->0
[2024-03-01T23:42:34.743+0000][7][gc,metaspace] GC(130) Metaspace: 126091K(129344K)->126091K(129344K) NonClass: 109693K(111360K)->109693K(111360K) Class: 16397K(17984K)->16397K(17984K)
[2024-03-01T23:42:34.743+0000][7][gc          ] GC(130) Pause Young (Normal) (G1 Evacuation Pause) 701M->93M(1024M) 2.688ms
[2024-03-01T23:42:34.743+0000][7][gc,cpu      ] GC(130) User=0.01s Sys=0.00s Real=0.00s
[2024-03-01T23:42:34.743+0000][7][safepoint   ] Safepoint "G1CollectForAllocation", Time since last: 52022371935 ns, Reaching safepoint: 58563 ns, At safepoint: 2775409 ns, Total: 2833972 ns
[2024-03-01T23:45:52.698+0000][7][gc,start    ] GC(131) Pause Young (Normal) (G1 Evacuation Pause)
[2024-03-01T23:45:52.698+0000][7][gc,task     ] GC(131) Using 8 workers of 8 for evacuation
[2024-03-01T23:45:52.698+0000][7][gc,age      ] GC(131) Desired survivor size 41943040 bytes, new threshold 15 (max threshold 15)
[2024-03-01T23:45:52.700+0000][7][gc,phases   ] GC(131)   Pre Evacuate Collection Set: 0.1ms
[2024-03-01T23:45:52.700+0000][7][gc,phases   ] GC(131)   Merge Heap Roots: 0.1ms
[2024-03-01T23:45:52.700+0000][7][gc,phases   ] GC(131)   Evacuate Collection Set: 1.0ms
[2024-03-01T23:45:52.700+0000][7][gc,phases   ] GC(131)   Post Evacuate Collection Set: 0.5ms
[2024-03-01T23:45:52.700+0000][7][gc,phases   ] GC(131)   Other: 0.1ms
[2024-03-01T23:45:52.700+0000][7][gc,age      ] GC(131) Age table with threshold 15 (max threshold 15)
[2024-03-01T23:45:52.700+0000][7][gc,age      ] GC(131) - age   1:     850984 bytes,     850984 total
[2024-03-01T23:45:52.700+0000][7][gc,age      ] GC(131) - age   2:       6472 bytes,     857456 total
[2024-03-01T23:45:52.700+0000][7][gc,age      ] GC(131) - age   3:        560 bytes,     858016 total
[2024-03-01T23:45:52.700+0000][7][gc,age      ] GC(131) - age   4:        240 bytes,     858256 total
[2024-03-01T23:45:52.700+0000][7][gc,age      ] GC(131) - age   5:     135192 bytes,     993448 total
[2024-03-01T23:45:52.700+0000][7][gc,age      ] GC(131) - age   6:        568 bytes,     994016 total
[2024-03-01T23:45:52.700+0000][7][gc,age      ] GC(131) - age   7:        792 bytes,     994808 total
[2024-03-01T23:45:52.700+0000][7][gc,age      ] GC(131) - age   8:        648 bytes,     995456 total
[2024-03-01T23:45:52.700+0000][7][gc,age      ] GC(131) - age   9:         80 bytes,     995536 total
[2024-03-01T23:45:52.700+0000][7][gc,age      ] GC(131) - age  10:        240 bytes,     995776 total
[2024-03-01T23:45:52.700+0000][7][gc,age      ] GC(131) - age  11:        248 bytes,     996024 total
[2024-03-01T23:45:52.700+0000][7][gc,age      ] GC(131) - age  12:      30472 bytes,    1026496 total
[2024-03-01T23:45:52.700+0000][7][gc,age      ] GC(131) - age  13:      92080 bytes,    1118576 total
[2024-03-01T23:45:52.700+0000][7][gc,age      ] GC(131) - age  14:      85432 bytes,    1204008 total
[2024-03-01T23:45:52.700+0000][7][gc,age      ] GC(131) - age  15:     156832 bytes,    1360840 total
[2024-03-01T23:45:52.700+0000][7][gc,heap     ] GC(131) Eden regions: 152->0(152)
[2024-03-01T23:45:52.700+0000][7][gc,heap     ] GC(131) Survivor regions: 1->1(20)
[2024-03-01T23:45:52.700+0000][7][gc,heap     ] GC(131) Old regions: 22->22
[2024-03-01T23:45:52.700+0000][7][gc,heap     ] GC(131) Archive regions: 2->2
[2024-03-01T23:45:52.700+0000][7][gc,heap     ] GC(131) Humongous regions: 0->0
[2024-03-01T23:45:52.700+0000][7][gc,metaspace] GC(131) Metaspace: 126093K(129344K)->126093K(129344K) NonClass: 109695K(111360K)->109695K(111360K) Class: 16397K(17984K)->16397K(17984K)
[2024-03-01T23:45:52.700+0000][7][gc          ] GC(131) Pause Young (Normal) (G1 Evacuation Pause) 701M->93M(1024M) 1.913ms
[2024-03-01T23:45:52.700+0000][7][gc,cpu      ] GC(131) User=0.00s Sys=0.00s Real=0.01s
[2024-03-01T23:45:52.700+0000][7][safepoint   ] Safepoint "G1CollectForAllocation", Time since last: 197954927105 ns, Reaching safepoint: 38227 ns, At safepoint: 1984331 ns, Total: 2022558 ns
[2024-03-01T23:46:11.702+0000][7][safepoint   ] Safepoint "Cleanup", Time since last: 19001897799 ns, Reaching safepoint: 78444 ns, At safepoint: 53480 ns, Total: 131924 ns
[2024-03-01T23:48:52.734+0000][7][gc,start    ] GC(132) Pause Young (Normal) (G1 Evacuation Pause)
[2024-03-01T23:48:52.734+0000][7][gc,task     ] GC(132) Using 8 workers of 8 for evacuation
[2024-03-01T23:48:52.734+0000][7][gc,age      ] GC(132) Desired survivor size 41943040 bytes, new threshold 15 (max threshold 15)
[2024-03-01T23:48:52.737+0000][7][gc,phases   ] GC(132)   Pre Evacuate Collection Set: 0.1ms
[2024-03-01T23:48:52.737+0000][7][gc,phases   ] GC(132)   Merge Heap Roots: 0.1ms
[2024-03-01T23:48:52.737+0000][7][gc,phases   ] GC(132)   Evacuate Collection Set: 1.4ms
[2024-03-01T23:48:52.737+0000][7][gc,phases   ] GC(132)   Post Evacuate Collection Set: 0.7ms
[2024-03-01T23:48:52.737+0000][7][gc,phases   ] GC(132)   Other: 0.1ms
[2024-03-01T23:48:52.737+0000][7][gc,age      ] GC(132) Age table with threshold 15 (max threshold 15)
[2024-03-01T23:48:52.737+0000][7][gc,age      ] GC(132) - age   1:    1165008 bytes,    1165008 total
[2024-03-01T23:48:52.737+0000][7][gc,age      ] GC(132) - age   2:       2760 bytes,    1167768 total
[2024-03-01T23:48:52.737+0000][7][gc,age      ] GC(132) - age   3:       4456 bytes,    1172224 total
[2024-03-01T23:48:52.737+0000][7][gc,age      ] GC(132) - age   4:        184 bytes,    1172408 total
[2024-03-01T23:48:52.737+0000][7][gc,age      ] GC(132) - age   5:        240 bytes,    1172648 total
[2024-03-01T23:48:52.737+0000][7][gc,age      ] GC(132) - age   6:     134800 bytes,    1307448 total
[2024-03-01T23:48:52.737+0000][7][gc,age      ] GC(132) - age   7:        184 bytes,    1307632 total
[2024-03-01T23:48:52.737+0000][7][gc,age      ] GC(132) - age   8:        792 bytes,    1308424 total
[2024-03-01T23:48:52.737+0000][7][gc,age      ] GC(132) - age   9:        648 bytes,    1309072 total
[2024-03-01T23:48:52.737+0000][7][gc,age      ] GC(132) - age  10:         80 bytes,    1309152 total
[2024-03-01T23:48:52.737+0000][7][gc,age      ] GC(132) - age  11:        240 bytes,    1309392 total
[2024-03-01T23:48:52.737+0000][7][gc,age      ] GC(132) - age  12:        248 bytes,    1309640 total
[2024-03-01T23:48:52.737+0000][7][gc,age      ] GC(132) - age  13:      30472 bytes,    1340112 total
[2024-03-01T23:48:52.737+0000][7][gc,age      ] GC(132) - age  14:      92080 bytes,    1432192 total
[2024-03-01T23:48:52.737+0000][7][gc,age      ] GC(132) - age  15:      85432 bytes,    1517624 total
[2024-03-01T23:48:52.737+0000][7][gc,heap     ] GC(132) Eden regions: 152->0(152)
[2024-03-01T23:48:52.737+0000][7][gc,heap     ] GC(132) Survivor regions: 1->1(20)
[2024-03-01T23:48:52.737+0000][7][gc,heap     ] GC(132) Old regions: 22->22
[2024-03-01T23:48:52.737+0000][7][gc,heap     ] GC(132) Archive regions: 2->2
[2024-03-01T23:48:52.737+0000][7][gc,heap     ] GC(132) Humongous regions: 0->0
[2024-03-01T23:48:52.737+0000][7][gc,metaspace] GC(132) Metaspace: 126093K(129344K)->126093K(129344K) NonClass: 109695K(111360K)->109695K(111360K) Class: 16397K(17984K)->16397K(17984K)
[2024-03-01T23:48:52.737+0000][7][gc          ] GC(132) Pause Young (Normal) (G1 Evacuation Pause) 701M->93M(1024M) 2.641ms
[2024-03-01T23:48:52.737+0000][7][gc,cpu      ] GC(132) User=0.01s Sys=0.00s Real=0.00s
[2024-03-01T23:48:52.737+0000][7][safepoint   ] Safepoint "G1CollectForAllocation", Time since last: 161031879467 ns, Reaching safepoint: 68139 ns, At safepoint: 2729221 ns, Total: 2797360 ns
[2024-03-01T23:49:42.742+0000][7][safepoint   ] Safepoint "Cleanup", Time since last: 50005230884 ns, Reaching safepoint: 66484 ns, At safepoint: 41185 ns, Total: 107669 ns
[2024-03-01T23:51:28.715+0000][7][gc,start    ] GC(133) Pause Young (Normal) (G1 Evacuation Pause)
[2024-03-01T23:51:28.715+0000][7][gc,task     ] GC(133) Using 8 workers of 8 for evacuation
[2024-03-01T23:51:28.715+0000][7][gc,age      ] GC(133) Desired survivor size 41943040 bytes, new threshold 15 (max threshold 15)
[2024-03-01T23:51:28.718+0000][7][gc,phases   ] GC(133)   Pre Evacuate Collection Set: 0.1ms
[2024-03-01T23:51:28.718+0000][7][gc,phases   ] GC(133)   Merge Heap Roots: 0.1ms
[2024-03-01T23:51:28.718+0000][7][gc,phases   ] GC(133)   Evacuate Collection Set: 1.5ms
[2024-03-01T23:51:28.718+0000][7][gc,phases   ] GC(133)   Post Evacuate Collection Set: 0.9ms
[2024-03-01T23:51:28.718+0000][7][gc,phases   ] GC(133)   Other: 0.1ms
[2024-03-01T23:51:28.718+0000][7][gc,age      ] GC(133) Age table with threshold 15 (max threshold 15)
[2024-03-01T23:51:28.718+0000][7][gc,age      ] GC(133) - age   1:    1015328 bytes,    1015328 total
[2024-03-01T23:51:28.718+0000][7][gc,age      ] GC(133) - age   2:       3784 bytes,    1019112 total
[2024-03-01T23:51:28.718+0000][7][gc,age      ] GC(133) - age   3:       1440 bytes,    1020552 total
[2024-03-01T23:51:28.718+0000][7][gc,age      ] GC(133) - age   4:        872 bytes,    1021424 total
[2024-03-01T23:51:28.718+0000][7][gc,age      ] GC(133) - age   6:        208 bytes,    1021632 total
[2024-03-01T23:51:28.718+0000][7][gc,age      ] GC(133) - age   7:     134800 bytes,    1156432 total
[2024-03-01T23:51:28.718+0000][7][gc,age      ] GC(133) - age   9:        792 bytes,    1157224 total
[2024-03-01T23:51:28.718+0000][7][gc,age      ] GC(133) - age  10:        648 bytes,    1157872 total
[2024-03-01T23:51:28.718+0000][7][gc,age      ] GC(133) - age  11:         80 bytes,    1157952 total
[2024-03-01T23:51:28.718+0000][7][gc,age      ] GC(133) - age  12:        240 bytes,    1158192 total
[2024-03-01T23:51:28.718+0000][7][gc,age      ] GC(133) - age  13:        248 bytes,    1158440 total
[2024-03-01T23:51:28.718+0000][7][gc,age      ] GC(133) - age  14:      30472 bytes,    1188912 total
[2024-03-01T23:51:28.718+0000][7][gc,age      ] GC(133) - age  15:      92080 bytes,    1280992 total
[2024-03-01T23:51:28.718+0000][7][gc,heap     ] GC(133) Eden regions: 152->0(152)
[2024-03-01T23:51:28.718+0000][7][gc,heap     ] GC(133) Survivor regions: 1->1(20)
[2024-03-01T23:51:28.718+0000][7][gc,heap     ] GC(133) Old regions: 22->22
[2024-03-01T23:51:28.718+0000][7][gc,heap     ] GC(133) Archive regions: 2->2
[2024-03-01T23:51:28.718+0000][7][gc,heap     ] GC(133) Humongous regions: 0->0
[2024-03-01T23:51:28.718+0000][7][gc,metaspace] GC(133) Metaspace: 126094K(129344K)->126094K(129344K) NonClass: 109696K(111360K)->109696K(111360K) Class: 16397K(17984K)->16397K(17984K)
[2024-03-01T23:51:28.718+0000][7][gc          ] GC(133) Pause Young (Normal) (G1 Evacuation Pause) 701M->93M(1024M) 3.156ms
[2024-03-01T23:51:28.718+0000][7][gc,cpu      ] GC(133) User=0.01s Sys=0.00s Real=0.00s
[2024-03-01T23:51:28.718+0000][7][safepoint   ] Safepoint "G1CollectForAllocation", Time since last: 105972346540 ns, Reaching safepoint: 65750 ns, At safepoint: 3278536 ns, Total: 3344286 ns
[2024-03-01T23:53:59.257+0000][7][gc,start    ] GC(134) Pause Young (Normal) (G1 Evacuation Pause)
[2024-03-01T23:53:59.258+0000][7][gc,task     ] GC(134) Using 8 workers of 8 for evacuation
[2024-03-01T23:53:59.258+0000][7][gc,age      ] GC(134) Desired survivor size 41943040 bytes, new threshold 15 (max threshold 15)
[2024-03-01T23:53:59.261+0000][7][gc,phases   ] GC(134)   Pre Evacuate Collection Set: 0.1ms
[2024-03-01T23:53:59.261+0000][7][gc,phases   ] GC(134)   Merge Heap Roots: 0.1ms
[2024-03-01T23:53:59.261+0000][7][gc,phases   ] GC(134)   Evacuate Collection Set: 2.4ms
[2024-03-01T23:53:59.261+0000][7][gc,phases   ] GC(134)   Post Evacuate Collection Set: 0.5ms
[2024-03-01T23:53:59.261+0000][7][gc,phases   ] GC(134)   Other: 0.1ms
[2024-03-01T23:53:59.261+0000][7][gc,age      ] GC(134) Age table with threshold 15 (max threshold 15)
[2024-03-01T23:53:59.261+0000][7][gc,age      ] GC(134) - age   1:    1417192 bytes,    1417192 total
[2024-03-01T23:53:59.261+0000][7][gc,age      ] GC(134) - age   2:       6928 bytes,    1424120 total
[2024-03-01T23:53:59.261+0000][7][gc,age      ] GC(134) - age   3:       1112 bytes,    1425232 total
[2024-03-01T23:53:59.261+0000][7][gc,age      ] GC(134) - age   4:        544 bytes,    1425776 total
[2024-03-01T23:53:59.261+0000][7][gc,age      ] GC(134) - age   5:         32 bytes,    1425808 total
[2024-03-01T23:53:59.261+0000][7][gc,age      ] GC(134) - age   7:        208 bytes,    1426016 total
[2024-03-01T23:53:59.261+0000][7][gc,age      ] GC(134) - age   8:     134768 bytes,    1560784 total
[2024-03-01T23:53:59.261+0000][7][gc,age      ] GC(134) - age  10:        792 bytes,    1561576 total
[2024-03-01T23:53:59.261+0000][7][gc,age      ] GC(134) - age  11:        648 bytes,    1562224 total
[2024-03-01T23:53:59.261+0000][7][gc,age      ] GC(134) - age  12:         80 bytes,    1562304 total
[2024-03-01T23:53:59.261+0000][7][gc,age      ] GC(134) - age  13:        240 bytes,    1562544 total
[2024-03-01T23:53:59.261+0000][7][gc,age      ] GC(134) - age  14:        248 bytes,    1562792 total
[2024-03-01T23:53:59.261+0000][7][gc,age      ] GC(134) - age  15:      30472 bytes,    1593264 total
[2024-03-01T23:53:59.261+0000][7][gc,heap     ] GC(134) Eden regions: 152->0(152)
[2024-03-01T23:53:59.261+0000][7][gc,heap     ] GC(134) Survivor regions: 1->1(20)
[2024-03-01T23:53:59.261+0000][7][gc,heap     ] GC(134) Old regions: 22->23
[2024-03-01T23:53:59.261+0000][7][gc,heap     ] GC(134) Archive regions: 2->2
[2024-03-01T23:53:59.261+0000][7][gc,heap     ] GC(134) Humongous regions: 0->0
[2024-03-01T23:53:59.261+0000][7][gc,metaspace] GC(134) Metaspace: 126094K(129344K)->126094K(129344K) NonClass: 109696K(111360K)->109696K(111360K) Class: 16397K(17984K)->16397K(17984K)
[2024-03-01T23:53:59.261+0000][7][gc          ] GC(134) Pause Young (Normal) (G1 Evacuation Pause) 701M->93M(1024M) 3.338ms
[2024-03-01T23:53:59.261+0000][7][gc,cpu      ] GC(134) User=0.01s Sys=0.00s Real=0.01s
[2024-03-01T23:53:59.261+0000][7][safepoint   ] Safepoint "G1CollectForAllocation", Time since last: 150539241649 ns, Reaching safepoint: 77737 ns, At safepoint: 3417939 ns, Total: 3495676 ns
[2024-03-01T23:55:23.271+0000][7][safepoint   ] Safepoint "Cleanup", Time since last: 84010079009 ns, Reaching safepoint: 105597 ns, At safepoint: 10757 ns, Total: 116354 ns
[2024-03-01T23:56:37.754+0000][7][gc,start    ] GC(135) Pause Young (Normal) (G1 Evacuation Pause)
[2024-03-01T23:56:37.754+0000][7][gc,task     ] GC(135) Using 8 workers of 8 for evacuation
[2024-03-01T23:56:37.754+0000][7][gc,age      ] GC(135) Desired survivor size 41943040 bytes, new threshold 15 (max threshold 15)
[2024-03-01T23:56:37.756+0000][7][gc,phases   ] GC(135)   Pre Evacuate Collection Set: 0.1ms
[2024-03-01T23:56:37.756+0000][7][gc,phases   ] GC(135)   Merge Heap Roots: 0.1ms
[2024-03-01T23:56:37.756+0000][7][gc,phases   ] GC(135)   Evacuate Collection Set: 1.1ms
[2024-03-01T23:56:37.756+0000][7][gc,phases   ] GC(135)   Post Evacuate Collection Set: 0.6ms
[2024-03-01T23:56:37.756+0000][7][gc,phases   ] GC(135)   Other: 0.1ms
[2024-03-01T23:56:37.756+0000][7][gc,age      ] GC(135) Age table with threshold 15 (max threshold 15)
[2024-03-01T23:56:37.756+0000][7][gc,age      ] GC(135) - age   1:     981920 bytes,     981920 total
[2024-03-01T23:56:37.756+0000][7][gc,age      ] GC(135) - age   2:       3496 bytes,     985416 total
[2024-03-01T23:56:37.756+0000][7][gc,age      ] GC(135) - age   3:       4256 bytes,     989672 total
[2024-03-01T23:56:37.756+0000][7][gc,age      ] GC(135) - age   4:       1112 bytes,     990784 total
[2024-03-01T23:56:37.756+0000][7][gc,age      ] GC(135) - age   5:        544 bytes,     991328 total
[2024-03-01T23:56:37.756+0000][7][gc,age      ] GC(135) - age   6:         32 bytes,     991360 total
[2024-03-01T23:56:37.756+0000][7][gc,age      ] GC(135) - age   8:        208 bytes,     991568 total
[2024-03-01T23:56:37.757+0000][7][gc,age      ] GC(135) - age   9:     134768 bytes,    1126336 total
[2024-03-01T23:56:37.757+0000][7][gc,age      ] GC(135) - age  11:        792 bytes,    1127128 total
[2024-03-01T23:56:37.757+0000][7][gc,age      ] GC(135) - age  12:        648 bytes,    1127776 total
[2024-03-01T23:56:37.757+0000][7][gc,age      ] GC(135) - age  13:         80 bytes,    1127856 total
[2024-03-01T23:56:37.757+0000][7][gc,age      ] GC(135) - age  14:        240 bytes,    1128096 total
[2024-03-01T23:56:37.757+0000][7][gc,age      ] GC(135) - age  15:        248 bytes,    1128344 total
[2024-03-01T23:56:37.757+0000][7][gc,heap     ] GC(135) Eden regions: 152->0(152)
[2024-03-01T23:56:37.757+0000][7][gc,heap     ] GC(135) Survivor regions: 1->1(20)
[2024-03-01T23:56:37.757+0000][7][gc,heap     ] GC(135) Old regions: 23->23
[2024-03-01T23:56:37.757+0000][7][gc,heap     ] GC(135) Archive regions: 2->2
[2024-03-01T23:56:37.757+0000][7][gc,heap     ] GC(135) Humongous regions: 0->0
[2024-03-01T23:56:37.757+0000][7][gc,metaspace] GC(135) Metaspace: 126096K(129344K)->126096K(129344K) NonClass: 109698K(111360K)->109698K(111360K) Class: 16397K(17984K)->16397K(17984K)
[2024-03-01T23:56:37.757+0000][7][gc          ] GC(135) Pause Young (Normal) (G1 Evacuation Pause) 701M->93M(1024M) 2.212ms
[2024-03-01T23:56:37.757+0000][7][gc,cpu      ] GC(135) User=0.02s Sys=0.00s Real=0.00s
[2024-03-01T23:56:37.757+0000][7][safepoint   ] Safepoint "G1CollectForAllocation", Time since last: 74483254136 ns, Reaching safepoint: 59417 ns, At safepoint: 2298843 ns, Total: 2358260 ns
[2024-03-01T23:58:04.766+0000][7][safepoint   ] Safepoint "Cleanup", Time since last: 87009555433 ns, Reaching safepoint: 42403 ns, At safepoint: 6848 ns, Total: 49251 ns
[2024-03-01T23:58:22.768+0000][7][safepoint   ] Safepoint "Cleanup", Time since last: 18001857341 ns, Reaching safepoint: 130049 ns, At safepoint: 32260 ns, Total: 162309 ns
[2024-03-01T23:59:10.825+0000][7][gc,start    ] GC(136) Pause Young (Normal) (G1 Evacuation Pause)
[2024-03-01T23:59:10.825+0000][7][gc,task     ] GC(136) Using 8 workers of 8 for evacuation
[2024-03-01T23:59:10.825+0000][7][gc,age      ] GC(136) Desired survivor size 41943040 bytes, new threshold 15 (max threshold 15)
[2024-03-01T23:59:10.828+0000][7][gc,phases   ] GC(136)   Pre Evacuate Collection Set: 0.2ms
[2024-03-01T23:59:10.828+0000][7][gc,phases   ] GC(136)   Merge Heap Roots: 0.1ms
[2024-03-01T23:59:10.828+0000][7][gc,phases   ] GC(136)   Evacuate Collection Set: 1.5ms
[2024-03-01T23:59:10.828+0000][7][gc,phases   ] GC(136)   Post Evacuate Collection Set: 0.9ms
[2024-03-01T23:59:10.828+0000][7][gc,phases   ] GC(136)   Other: 0.1ms
[2024-03-01T23:59:10.828+0000][7][gc,age      ] GC(136) Age table with threshold 15 (max threshold 15)
[2024-03-01T23:59:10.828+0000][7][gc,age      ] GC(136) - age   1:    1385720 bytes,    1385720 total
[2024-03-01T23:59:10.828+0000][7][gc,age      ] GC(136) - age   2:       9936 bytes,    1395656 total
[2024-03-01T23:59:10.828+0000][7][gc,age      ] GC(136) - age   3:       1480 bytes,    1397136 total
[2024-03-01T23:59:10.828+0000][7][gc,age      ] GC(136) - age   4:       3648 bytes,    1400784 total
[2024-03-01T23:59:10.828+0000][7][gc,age      ] GC(136) - age   5:       1112 bytes,    1401896 total
[2024-03-01T23:59:10.828+0000][7][gc,age      ] GC(136) - age   6:        456 bytes,    1402352 total
[2024-03-01T23:59:10.828+0000][7][gc,age      ] GC(136) - age   7:         32 bytes,    1402384 total
[2024-03-01T23:59:10.828+0000][7][gc,age      ] GC(136) - age   9:        208 bytes,    1402592 total
[2024-03-01T23:59:10.828+0000][7][gc,age      ] GC(136) - age  10:     134768 bytes,    1537360 total
[2024-03-01T23:59:10.828+0000][7][gc,age      ] GC(136) - age  12:        792 bytes,    1538152 total
[2024-03-01T23:59:10.828+0000][7][gc,age      ] GC(136) - age  13:        648 bytes,    1538800 total
[2024-03-01T23:59:10.828+0000][7][gc,age      ] GC(136) - age  14:         80 bytes,    1538880 total
[2024-03-01T23:59:10.828+0000][7][gc,age      ] GC(136) - age  15:        240 bytes,    1539120 total
[2024-03-01T23:59:10.828+0000][7][gc,heap     ] GC(136) Eden regions: 152->0(152)
[2024-03-01T23:59:10.828+0000][7][gc,heap     ] GC(136) Survivor regions: 1->1(20)
[2024-03-01T23:59:10.828+0000][7][gc,heap     ] GC(136) Old regions: 23->23
[2024-03-01T23:59:10.828+0000][7][gc,heap     ] GC(136) Archive regions: 2->2
[2024-03-01T23:59:10.828+0000][7][gc,heap     ] GC(136) Humongous regions: 0->0
[2024-03-01T23:59:10.828+0000][7][gc,metaspace] GC(136) Metaspace: 126096K(129344K)->126096K(129344K) NonClass: 109698K(111360K)->109698K(111360K) Class: 16397K(17984K)->16397K(17984K)
[2024-03-01T23:59:10.828+0000][7][gc          ] GC(136) Pause Young (Normal) (G1 Evacuation Pause) 701M->93M(1024M) 3.135ms
[2024-03-01T23:59:10.828+0000][7][gc,cpu      ] GC(136) User=0.02s Sys=0.00s Real=0.01s
[2024-03-01T23:59:10.828+0000][7][safepoint   ] Safepoint "G1CollectForAllocation", Time since last: 48056495538 ns, Reaching safepoint: 100082 ns, At safepoint: 3235605 ns, Total: 3335687 ns
[2024-03-02T00:00:01.835+0000][7][safepoint   ] Safepoint "Cleanup", Time since last: 51006543118 ns, Reaching safepoint: 48554 ns, At safepoint: 3695 ns, Total: 52249 ns
[2024-03-02T00:00:02.002+0000][7][safepoint   ] Safepoint "ICBufferFull", Time since last: 166856729 ns, Reaching safepoint: 274913 ns, At safepoint: 10339 ns, Total: 285252 ns
[2024-03-02T00:00:03.112+0000][7][safepoint   ] Safepoint "Cleanup", Time since last: 1110435389 ns, Reaching safepoint: 133613 ns, At safepoint: 8904 ns, Total: 142517 ns
[2024-03-02T00:00:05.113+0000][7][safepoint   ] Safepoint "Cleanup", Time since last: 2000225977 ns, Reaching safepoint: 75384 ns, At safepoint: 6903 ns, Total: 82287 ns
[2024-03-02T00:00:08.113+0000][7][safepoint   ] Safepoint "Cleanup", Time since last: 3000400911 ns, Reaching safepoint: 148658 ns, At safepoint: 11116 ns, Total: 159774 ns
[2024-03-02T00:00:09.114+0000][7][safepoint   ] Safepoint "Cleanup", Time since last: 1000224027 ns, Reaching safepoint: 96714 ns, At safepoint: 13742 ns, Total: 110456 ns
[2024-03-02T00:00:10.114+0000][7][safepoint   ] Safepoint "Cleanup", Time since last: 1000213764 ns, Reaching safepoint: 73794 ns, At safepoint: 14589 ns, Total: 88383 ns
[2024-03-02T00:00:11.114+0000][7][safepoint   ] Safepoint "Cleanup", Time since last: 1000242034 ns, Reaching safepoint: 119485 ns, At safepoint: 13124 ns, Total: 132609 ns
[2024-03-02T00:00:12.115+0000][7][safepoint   ] Safepoint "Cleanup", Time since last: 1000147510 ns, Reaching safepoint: 87295 ns, At safepoint: 9698 ns, Total: 96993 ns
[2024-03-02T00:00:14.774+0000][7][safepoint   ] Safepoint "Cleanup", Time since last: 2659171644 ns, Reaching safepoint: 80401 ns, At safepoint: 11200 ns, Total: 91601 ns
[2024-03-02T00:00:16.774+0000][7][safepoint   ] Safepoint "Cleanup", Time since last: 2000256418 ns, Reaching safepoint: 101967 ns, At safepoint: 11338 ns, Total: 113305 ns
[2024-03-02T00:00:22.775+0000][7][safepoint   ] Safepoint "Cleanup", Time since last: 6000751863 ns, Reaching safepoint: 145003 ns, At safepoint: 6842 ns, Total: 151845 ns
[2024-03-02T00:00:34.776+0000][7][safepoint   ] Safepoint "Cleanup", Time since last: 12001155538 ns, Reaching safepoint: 139155 ns, At safepoint: 6998 ns, Total: 146153 ns
[2024-03-02T00:00:37.777+0000][7][safepoint   ] Safepoint "Cleanup", Time since last: 3000287459 ns, Reaching safepoint: 124481 ns, At safepoint: 7618 ns, Total: 132099 ns
[2024-03-02T00:00:38.777+0000][7][safepoint   ] Safepoint "Cleanup", Time since last: 1000114399 ns, Reaching safepoint: 51182 ns, At safepoint: 5353 ns, Total: 56535 ns
[2024-03-02T00:00:40.777+0000][7][safepoint   ] Safepoint "Cleanup", Time since last: 2000308768 ns, Reaching safepoint: 121723 ns, At safepoint: 14991 ns, Total: 136714 ns
[2024-03-02T00:00:47.778+0000][7][safepoint   ] Safepoint "Cleanup", Time since last: 7000969645 ns, Reaching safepoint: 72564 ns, At safepoint: 7011 ns, Total: 79575 ns
[2024-03-02T00:01:11.781+0000][7][safepoint   ] Safepoint "Cleanup", Time since last: 24002287346 ns, Reaching safepoint: 99007 ns, At safepoint: 10240 ns, Total: 109247 ns
[2024-03-02T00:01:19.782+0000][7][safepoint   ] Safepoint "Cleanup", Time since last: 8000956015 ns, Reaching safepoint: 88497 ns, At safepoint: 6843 ns, Total: 95340 ns
[2024-03-02T00:01:22.783+0000][7][safepoint   ] Safepoint "Cleanup", Time since last: 3000602160 ns, Reaching safepoint: 368505 ns, At safepoint: 12644 ns, Total: 381149 ns
[2024-03-02T00:01:25.783+0000][7][safepoint   ] Safepoint "Cleanup", Time since last: 3000447684 ns, Reaching safepoint: 114861 ns, At safepoint: 8003 ns, Total: 122864 ns
[2024-03-02T00:01:35.555+0000][7][gc,start    ] GC(137) Pause Young (Normal) (G1 Evacuation Pause)
[2024-03-02T00:01:35.555+0000][7][gc,task     ] GC(137) Using 8 workers of 8 for evacuation
[2024-03-02T00:01:35.555+0000][7][gc,age      ] GC(137) Desired survivor size 41943040 bytes, new threshold 15 (max threshold 15)
[2024-03-02T00:01:35.559+0000][7][gc,phases   ] GC(137)   Pre Evacuate Collection Set: 0.1ms
[2024-03-02T00:01:35.559+0000][7][gc,phases   ] GC(137)   Merge Heap Roots: 0.1ms
[2024-03-02T00:01:35.559+0000][7][gc,phases   ] GC(137)   Evacuate Collection Set: 2.8ms
[2024-03-02T00:01:35.559+0000][7][gc,phases   ] GC(137)   Post Evacuate Collection Set: 0.8ms
[2024-03-02T00:01:35.559+0000][7][gc,phases   ] GC(137)   Other: 0.1ms
[2024-03-02T00:01:35.559+0000][7][gc,age      ] GC(137) Age table with threshold 15 (max threshold 15)
[2024-03-02T00:01:35.559+0000][7][gc,age      ] GC(137) - age   1:    3198424 bytes,    3198424 total
[2024-03-02T00:01:35.559+0000][7][gc,age      ] GC(137) - age   2:       1872 bytes,    3200296 total
[2024-03-02T00:01:35.559+0000][7][gc,age      ] GC(137) - age   4:        928 bytes,    3201224 total
[2024-03-02T00:01:35.559+0000][7][gc,age      ] GC(137) - age   6:        568 bytes,    3201792 total
[2024-03-02T00:01:35.559+0000][7][gc,age      ] GC(137) - age   7:        272 bytes,    3202064 total
[2024-03-02T00:01:35.559+0000][7][gc,age      ] GC(137) - age   8:         32 bytes,    3202096 total
[2024-03-02T00:01:35.559+0000][7][gc,age      ] GC(137) - age  10:         24 bytes,    3202120 total
[2024-03-02T00:01:35.559+0000][7][gc,age      ] GC(137) - age  11:     134432 bytes,    3336552 total
[2024-03-02T00:01:35.559+0000][7][gc,age      ] GC(137) - age  13:        792 bytes,    3337344 total
[2024-03-02T00:01:35.559+0000][7][gc,age      ] GC(137) - age  14:        648 bytes,    3337992 total
[2024-03-02T00:01:35.559+0000][7][gc,age      ] GC(137) - age  15:         80 bytes,    3338072 total
[2024-03-02T00:01:35.559+0000][7][gc,heap     ] GC(137) Eden regions: 152->0(152)
[2024-03-02T00:01:35.559+0000][7][gc,heap     ] GC(137) Survivor regions: 1->1(20)
[2024-03-02T00:01:35.559+0000][7][gc,heap     ] GC(137) Old regions: 23->23
[2024-03-02T00:01:35.559+0000][7][gc,heap     ] GC(137) Archive regions: 2->2
[2024-03-02T00:01:35.559+0000][7][gc,heap     ] GC(137) Humongous regions: 0->0
[2024-03-02T00:01:35.559+0000][7][gc,metaspace] GC(137) Metaspace: 127134K(130560K)->127134K(130560K) NonClass: 110567K(112384K)->110567K(112384K) Class: 16567K(18176K)->16567K(18176K)
[2024-03-02T00:01:35.559+0000][7][gc          ] GC(137) Pause Young (Normal) (G1 Evacuation Pause) 701M->95M(1024M) 4.337ms
[2024-03-02T00:01:35.559+0000][7][gc,cpu      ] GC(137) User=0.03s Sys=0.00s Real=0.00s
[2024-03-02T00:01:35.559+0000][7][safepoint   ] Safepoint "G1CollectForAllocation", Time since last: 9770957828 ns, Reaching safepoint: 71443 ns, At safepoint: 4443622 ns, Total: 4515065 ns
[2024-03-02T00:01:47.561+0000][7][safepoint   ] Safepoint "Cleanup", Time since last: 12001427545 ns, Reaching safepoint: 121616 ns, At safepoint: 7929 ns, Total: 129545 ns
[2024-03-02T00:02:11.564+0000][7][safepoint   ] Safepoint "Cleanup", Time since last: 24003427987 ns, Reaching safepoint: 106576 ns, At safepoint: 7948 ns, Total: 114524 ns
[2024-03-02T00:02:21.565+0000][7][safepoint   ] Safepoint "Cleanup", Time since last: 10001171759 ns, Reaching safepoint: 89609 ns, At safepoint: 12075 ns, Total: 101684 ns
[2024-03-02T00:02:23.566+0000][7][safepoint   ] Safepoint "Cleanup", Time since last: 2000372534 ns, Reaching safepoint: 82882 ns, At safepoint: 11441 ns, Total: 94323 ns
[2024-03-02T00:02:32.567+0000][7][safepoint   ] Safepoint "Cleanup", Time since last: 9001414092 ns, Reaching safepoint: 85610 ns, At safepoint: 14132 ns, Total: 99742 ns
[2024-03-02T00:02:43.568+0000][7][safepoint   ] Safepoint "Cleanup", Time since last: 11000948722 ns, Reaching safepoint: 63061 ns, At safepoint: 10295 ns, Total: 73356 ns
[2024-03-02T00:02:47.569+0000][7][safepoint   ] Safepoint "Cleanup", Time since last: 4000412601 ns, Reaching safepoint: 66326 ns, At safepoint: 7407 ns, Total: 73733 ns
[2024-03-02T00:02:50.569+0000][7][safepoint   ] Safepoint "Cleanup", Time since last: 3000505268 ns, Reaching safepoint: 76428 ns, At safepoint: 14788 ns, Total: 91216 ns
[2024-03-02T00:02:56.571+0000][7][safepoint   ] Safepoint "Cleanup", Time since last: 6001007052 ns, Reaching safepoint: 121159 ns, At safepoint: 22602 ns, Total: 143761 ns
[2024-03-02T00:02:59.571+0000][7][safepoint   ] Safepoint "Cleanup", Time since last: 3000338468 ns, Reaching safepoint: 100675 ns, At safepoint: 6879 ns, Total: 107554 ns
[2024-03-02T00:03:08.572+0000][7][safepoint   ] Safepoint "Cleanup", Time since last: 9000849783 ns, Reaching safepoint: 58596 ns, At safepoint: 8269 ns, Total: 66865 ns
[2024-03-02T00:03:20.574+0000][7][safepoint   ] Safepoint "Cleanup", Time since last: 12001701577 ns, Reaching safepoint: 175912 ns, At safepoint: 12169 ns, Total: 188081 ns
[2024-03-02T00:03:23.574+0000][7][safepoint   ] Safepoint "Cleanup", Time since last: 3000481727 ns, Reaching safepoint: 139729 ns, At safepoint: 20299 ns, Total: 160028 ns
[2024-03-02T00:03:38.576+0000][7][safepoint   ] Safepoint "Cleanup", Time since last: 15001691895 ns, Reaching safepoint: 118083 ns, At safepoint: 7770 ns, Total: 125853 ns
[2024-03-02T00:03:59.579+0000][7][safepoint   ] Safepoint "Cleanup", Time since last: 21002568416 ns, Reaching safepoint: 94332 ns, At safepoint: 7151 ns, Total: 101483 ns
[2024-03-02T00:04:02.579+0000][7][safepoint   ] Safepoint "Cleanup", Time since last: 3000403539 ns, Reaching safepoint: 89023 ns, At safepoint: 6256 ns, Total: 95279 ns
[2024-03-02T00:04:11.039+0000][7][gc,start    ] GC(138) Pause Young (Normal) (G1 Evacuation Pause)
[2024-03-02T00:04:11.039+0000][7][gc,task     ] GC(138) Using 8 workers of 8 for evacuation
[2024-03-02T00:04:11.039+0000][7][gc,age      ] GC(138) Desired survivor size 41943040 bytes, new threshold 15 (max threshold 15)
[2024-03-02T00:04:11.042+0000][7][gc,phases   ] GC(138)   Pre Evacuate Collection Set: 0.1ms
[2024-03-02T00:04:11.042+0000][7][gc,phases   ] GC(138)   Merge Heap Roots: 0.1ms
[2024-03-02T00:04:11.042+0000][7][gc,phases   ] GC(138)   Evacuate Collection Set: 2.6ms
[2024-03-02T00:04:11.042+0000][7][gc,phases   ] GC(138)   Post Evacuate Collection Set: 0.8ms
[2024-03-02T00:04:11.042+0000][7][gc,phases   ] GC(138)   Other: 0.1ms
[2024-03-02T00:04:11.042+0000][7][gc,age      ] GC(138) Age table with threshold 15 (max threshold 15)
[2024-03-02T00:04:11.042+0000][7][gc,age      ] GC(138) - age   1:    2060408 bytes,    2060408 total
[2024-03-02T00:04:11.042+0000][7][gc,age      ] GC(138) - age   2:    1354120 bytes,    3414528 total
[2024-03-02T00:04:11.042+0000][7][gc,age      ] GC(138) - age   3:        280 bytes,    3414808 total
[2024-03-02T00:04:11.042+0000][7][gc,age      ] GC(138) - age   5:        240 bytes,    3415048 total
[2024-03-02T00:04:11.042+0000][7][gc,age      ] GC(138) - age   7:        568 bytes,    3415616 total
[2024-03-02T00:04:11.042+0000][7][gc,age      ] GC(138) - age   8:         88 bytes,    3415704 total
[2024-03-02T00:04:11.042+0000][7][gc,age      ] GC(138) - age  11:         24 bytes,    3415728 total
[2024-03-02T00:04:11.042+0000][7][gc,age      ] GC(138) - age  12:     134432 bytes,    3550160 total
[2024-03-02T00:04:11.042+0000][7][gc,age      ] GC(138) - age  14:        792 bytes,    3550952 total
[2024-03-02T00:04:11.042+0000][7][gc,age      ] GC(138) - age  15:        648 bytes,    3551600 total
[2024-03-02T00:04:11.042+0000][7][gc,heap     ] GC(138) Eden regions: 152->0(152)
[2024-03-02T00:04:11.042+0000][7][gc,heap     ] GC(138) Survivor regions: 1->1(20)
[2024-03-02T00:04:11.042+0000][7][gc,heap     ] GC(138) Old regions: 23->23
[2024-03-02T00:04:11.042+0000][7][gc,heap     ] GC(138) Archive regions: 2->2
[2024-03-02T00:04:11.042+0000][7][gc,heap     ] GC(138) Humongous regions: 0->0
[2024-03-02T00:04:11.042+0000][7][gc,metaspace] GC(138) Metaspace: 127166K(130560K)->127166K(130560K) NonClass: 110594K(112384K)->110594K(112384K) Class: 16571K(18176K)->16571K(18176K)
[2024-03-02T00:04:11.043+0000][7][gc          ] GC(138) Pause Young (Normal) (G1 Evacuation Pause) 703M->95M(1024M) 3.962ms
[2024-03-02T00:04:11.043+0000][7][gc,cpu      ] GC(138) User=0.02s Sys=0.00s Real=0.01s
[2024-03-02T00:04:11.043+0000][7][safepoint   ] Safepoint "G1CollectForAllocation", Time since last: 8458999505 ns, Reaching safepoint: 57930 ns, At safepoint: 4052648 ns, Total: 4110578 ns
[2024-03-02T00:04:12.043+0000][7][safepoint   ] Safepoint "Cleanup", Time since last: 1000246688 ns, Reaching safepoint: 97933 ns, At safepoint: 20544 ns, Total: 118477 ns
[2024-03-02T00:04:14.043+0000][7][safepoint   ] Safepoint "Cleanup", Time since last: 2000467620 ns, Reaching safepoint: 63761 ns, At safepoint: 7205 ns, Total: 70966 ns
[2024-03-02T00:04:23.044+0000][7][safepoint   ] Safepoint "Cleanup", Time since last: 9000851717 ns, Reaching safepoint: 65273 ns, At safepoint: 7550 ns, Total: 72823 ns
[2024-03-02T00:04:32.046+0000][7][safepoint   ] Safepoint "Cleanup", Time since last: 9001445859 ns, Reaching safepoint: 70730 ns, At safepoint: 14511 ns, Total: 85241 ns
[2024-03-02T00:04:41.047+0000][7][safepoint   ] Safepoint "Cleanup", Time since last: 9001429270 ns, Reaching safepoint: 73372 ns, At safepoint: 9101 ns, Total: 82473 ns
[2024-03-02T00:04:44.048+0000][7][safepoint   ] Safepoint "Cleanup", Time since last: 3000305764 ns, Reaching safepoint: 78851 ns, At safepoint: 8302 ns, Total: 87153 ns
[2024-03-02T00:04:56.049+0000][7][safepoint   ] Safepoint "Cleanup", Time since last: 12001125912 ns, Reaching safepoint: 113954 ns, At safepoint: 9253 ns, Total: 123207 ns
[2024-03-02T00:05:23.052+0000][7][safepoint   ] Safepoint "Cleanup", Time since last: 27002852469 ns, Reaching safepoint: 98342 ns, At safepoint: 6311 ns, Total: 104653 ns
[2024-03-02T00:05:25.052+0000][7][safepoint   ] Safepoint "Cleanup", Time since last: 2000237490 ns, Reaching safepoint: 60739 ns, At safepoint: 6893 ns, Total: 67632 ns
[2024-03-02T00:05:26.053+0000][7][safepoint   ] Safepoint "Cleanup", Time since last: 1000150943 ns, Reaching safepoint: 69130 ns, At safepoint: 7513 ns, Total: 76643 ns
[2024-03-02T00:05:38.054+0000][7][safepoint   ] Safepoint "Cleanup", Time since last: 12001380137 ns, Reaching safepoint: 99900 ns, At safepoint: 7755 ns, Total: 107655 ns
[2024-03-02T00:05:42.055+0000][7][safepoint   ] Safepoint "Cleanup", Time since last: 4000458148 ns, Reaching safepoint: 92079 ns, At safepoint: 20868 ns, Total: 112947 ns
[2024-03-02T00:06:15.059+0000][7][safepoint   ] Safepoint "Cleanup", Time since last: 33004330184 ns, Reaching safepoint: 68848 ns, At safepoint: 10321 ns, Total: 79169 ns
[2024-03-02T00:06:23.060+0000][7][safepoint   ] Safepoint "Cleanup", Time since last: 8001006461 ns, Reaching safepoint: 84453 ns, At safepoint: 11653 ns, Total: 96106 ns
[2024-03-02T00:06:35.062+0000][7][safepoint   ] Safepoint "Cleanup", Time since last: 12001618068 ns, Reaching safepoint: 123662 ns, At safepoint: 9757 ns, Total: 133419 ns
[2024-03-02T00:06:49.783+0000][7][gc,start    ] GC(139) Pause Young (Normal) (G1 Evacuation Pause)
[2024-03-02T00:06:49.783+0000][7][gc,task     ] GC(139) Using 8 workers of 8 for evacuation
[2024-03-02T00:06:49.783+0000][7][gc,age      ] GC(139) Desired survivor size 41943040 bytes, new threshold 15 (max threshold 15)
[2024-03-02T00:06:49.787+0000][7][gc,phases   ] GC(139)   Pre Evacuate Collection Set: 0.1ms
[2024-03-02T00:06:49.787+0000][7][gc,phases   ] GC(139)   Merge Heap Roots: 0.1ms
[2024-03-02T00:06:49.787+0000][7][gc,phases   ] GC(139)   Evacuate Collection Set: 3.2ms
[2024-03-02T00:06:49.787+0000][7][gc,phases   ] GC(139)   Post Evacuate Collection Set: 0.8ms
[2024-03-02T00:06:49.787+0000][7][gc,phases   ] GC(139)   Other: 0.1ms
[2024-03-02T00:06:49.787+0000][7][gc,age      ] GC(139) Age table with threshold 15 (max threshold 15)
[2024-03-02T00:06:49.787+0000][7][gc,age      ] GC(139) - age   1:    1643880 bytes,    1643880 total
[2024-03-02T00:06:49.787+0000][7][gc,age      ] GC(139) - age   2:     210744 bytes,    1854624 total
[2024-03-02T00:06:49.787+0000][7][gc,age      ] GC(139) - age   3:    1351672 bytes,    3206296 total
[2024-03-02T00:06:49.787+0000][7][gc,age      ] GC(139) - age   4:        216 bytes,    3206512 total
[2024-03-02T00:06:49.787+0000][7][gc,age      ] GC(139) - age   6:        240 bytes,    3206752 total
[2024-03-02T00:06:49.787+0000][7][gc,age      ] GC(139) - age   9:         88 bytes,    3206840 total
[2024-03-02T00:06:49.787+0000][7][gc,age      ] GC(139) - age  12:         24 bytes,    3206864 total
[2024-03-02T00:06:49.787+0000][7][gc,age      ] GC(139) - age  13:     134432 bytes,    3341296 total
[2024-03-02T00:06:49.787+0000][7][gc,age      ] GC(139) - age  15:        792 bytes,    3342088 total
[2024-03-02T00:06:49.787+0000][7][gc,heap     ] GC(139) Eden regions: 152->0(152)
[2024-03-02T00:06:49.787+0000][7][gc,heap     ] GC(139) Survivor regions: 1->1(20)
[2024-03-02T00:06:49.787+0000][7][gc,heap     ] GC(139) Old regions: 23->23
[2024-03-02T00:06:49.787+0000][7][gc,heap     ] GC(139) Archive regions: 2->2
[2024-03-02T00:06:49.787+0000][7][gc,heap     ] GC(139) Humongous regions: 0->0
[2024-03-02T00:06:49.787+0000][7][gc,metaspace] GC(139) Metaspace: 127172K(130560K)->127172K(130560K) NonClass: 110600K(112384K)->110600K(112384K) Class: 16571K(18176K)->16571K(18176K)
[2024-03-02T00:06:49.787+0000][7][gc          ] GC(139) Pause Young (Normal) (G1 Evacuation Pause) 703M->95M(1024M) 4.588ms
[2024-03-02T00:06:49.787+0000][7][gc,cpu      ] GC(139) User=0.03s Sys=0.00s Real=0.00s
[2024-03-02T00:06:49.787+0000][7][safepoint   ] Safepoint "G1CollectForAllocation", Time since last: 14720661705 ns, Reaching safepoint: 56674 ns, At safepoint: 4694424 ns, Total: 4751098 ns
[2024-03-02T00:07:01.789+0000][7][safepoint   ] Safepoint "Cleanup", Time since last: 12001174426 ns, Reaching safepoint: 140215 ns, At safepoint: 19206 ns, Total: 159421 ns
[2024-03-02T00:07:13.790+0000][7][safepoint   ] Safepoint "Cleanup", Time since last: 12001298703 ns, Reaching safepoint: 122848 ns, At safepoint: 8707 ns, Total: 131555 ns
[2024-03-02T00:07:22.791+0000][7][safepoint   ] Safepoint "Cleanup", Time since last: 9000957943 ns, Reaching safepoint: 82501 ns, At safepoint: 11617 ns, Total: 94118 ns
[2024-03-02T00:07:26.792+0000][7][safepoint   ] Safepoint "Cleanup", Time since last: 4000449914 ns, Reaching safepoint: 81941 ns, At safepoint: 6724 ns, Total: 88665 ns
[2024-03-02T00:07:38.793+0000][7][safepoint   ] Safepoint "Cleanup", Time since last: 12001254028 ns, Reaching safepoint: 106226 ns, At safepoint: 17966 ns, Total: 124192 ns
[2024-03-02T00:08:31.799+0000][7][safepoint   ] Safepoint "Cleanup", Time since last: 53005920740 ns, Reaching safepoint: 179032 ns, At safepoint: 23016 ns, Total: 202048 ns
[2024-03-02T00:09:25.795+0000][7][gc,start    ] GC(140) Pause Young (Normal) (G1 Evacuation Pause)
[2024-03-02T00:09:25.795+0000][7][gc,task     ] GC(140) Using 8 workers of 8 for evacuation
[2024-03-02T00:09:25.795+0000][7][gc,age      ] GC(140) Desired survivor size 41943040 bytes, new threshold 15 (max threshold 15)
[2024-03-02T00:09:25.798+0000][7][gc,phases   ] GC(140)   Pre Evacuate Collection Set: 0.1ms
[2024-03-02T00:09:25.798+0000][7][gc,phases   ] GC(140)   Merge Heap Roots: 0.1ms
[2024-03-02T00:09:25.798+0000][7][gc,phases   ] GC(140)   Evacuate Collection Set: 2.5ms
[2024-03-02T00:09:25.798+0000][7][gc,phases   ] GC(140)   Post Evacuate Collection Set: 0.7ms
[2024-03-02T00:09:25.798+0000][7][gc,phases   ] GC(140)   Other: 0.1ms
[2024-03-02T00:09:25.798+0000][7][gc,age      ] GC(140) Age table with threshold 15 (max threshold 15)
[2024-03-02T00:09:25.798+0000][7][gc,age      ] GC(140) - age   1:    1982792 bytes,    1982792 total
[2024-03-02T00:09:25.798+0000][7][gc,age      ] GC(140) - age   2:       3792 bytes,    1986584 total
[2024-03-02T00:09:25.798+0000][7][gc,age      ] GC(140) - age   3:      94608 bytes,    2081192 total
[2024-03-02T00:09:25.798+0000][7][gc,age      ] GC(140) - age   4:    1343280 bytes,    3424472 total
[2024-03-02T00:09:25.798+0000][7][gc,age      ] GC(140) - age   5:        216 bytes,    3424688 total
[2024-03-02T00:09:25.798+0000][7][gc,age      ] GC(140) - age   7:        240 bytes,    3424928 total
[2024-03-02T00:09:25.798+0000][7][gc,age      ] GC(140) - age  10:         88 bytes,    3425016 total
[2024-03-02T00:09:25.798+0000][7][gc,age      ] GC(140) - age  13:         24 bytes,    3425040 total
[2024-03-02T00:09:25.798+0000][7][gc,age      ] GC(140) - age  14:     134432 bytes,    3559472 total
[2024-03-02T00:09:25.798+0000][7][gc,heap     ] GC(140) Eden regions: 152->0(152)
[2024-03-02T00:09:25.798+0000][7][gc,heap     ] GC(140) Survivor regions: 1->1(20)
[2024-03-02T00:09:25.798+0000][7][gc,heap     ] GC(140) Old regions: 23->23
[2024-03-02T00:09:25.798+0000][7][gc,heap     ] GC(140) Archive regions: 2->2
[2024-03-02T00:09:25.798+0000][7][gc,heap     ] GC(140) Humongous regions: 0->0
[2024-03-02T00:09:25.798+0000][7][gc,metaspace] GC(140) Metaspace: 127177K(130560K)->127177K(130560K) NonClass: 110605K(112384K)->110605K(112384K) Class: 16571K(18176K)->16571K(18176K)
[2024-03-02T00:09:25.798+0000][7][gc          ] GC(140) Pause Young (Normal) (G1 Evacuation Pause) 703M->95M(1024M) 3.767ms
[2024-03-02T00:09:25.798+0000][7][gc,cpu      ] GC(140) User=0.03s Sys=0.00s Real=0.00s
[2024-03-02T00:09:25.799+0000][7][safepoint   ] Safepoint "G1CollectForAllocation", Time since last: 53995385807 ns, Reaching safepoint: 116722 ns, At safepoint: 3856514 ns, Total: 3973236 ns
[2024-03-02T00:11:22.812+0000][7][safepoint   ] Safepoint "Cleanup", Time since last: 117013667035 ns, Reaching safepoint: 156267 ns, At safepoint: 7164 ns, Total: 163431 ns
[2024-03-02T00:12:02.360+0000][7][gc,start    ] GC(141) Pause Young (Normal) (G1 Evacuation Pause)
[2024-03-02T00:12:02.360+0000][7][gc,task     ] GC(141) Using 8 workers of 8 for evacuation
[2024-03-02T00:12:02.360+0000][7][gc,age      ] GC(141) Desired survivor size 41943040 bytes, new threshold 15 (max threshold 15)
[2024-03-02T00:12:02.364+0000][7][gc,phases   ] GC(141)   Pre Evacuate Collection Set: 0.1ms
[2024-03-02T00:12:02.364+0000][7][gc,phases   ] GC(141)   Merge Heap Roots: 0.1ms
[2024-03-02T00:12:02.364+0000][7][gc,phases   ] GC(141)   Evacuate Collection Set: 2.8ms
[2024-03-02T00:12:02.364+0000][7][gc,phases   ] GC(141)   Post Evacuate Collection Set: 0.8ms
[2024-03-02T00:12:02.364+0000][7][gc,phases   ] GC(141)   Other: 0.1ms
[2024-03-02T00:12:02.364+0000][7][gc,age      ] GC(141) Age table with threshold 15 (max threshold 15)
[2024-03-02T00:12:02.364+0000][7][gc,age      ] GC(141) - age   1:    1638064 bytes,    1638064 total
[2024-03-02T00:12:02.364+0000][7][gc,age      ] GC(141) - age   2:     135296 bytes,    1773360 total
[2024-03-02T00:12:02.364+0000][7][gc,age      ] GC(141) - age   3:       2128 bytes,    1775488 total
[2024-03-02T00:12:02.364+0000][7][gc,age      ] GC(141) - age   4:      93344 bytes,    1868832 total
[2024-03-02T00:12:02.364+0000][7][gc,age      ] GC(141) - age   5:    1339824 bytes,    3208656 total
[2024-03-02T00:12:02.364+0000][7][gc,age      ] GC(141) - age   6:         32 bytes,    3208688 total
[2024-03-02T00:12:02.364+0000][7][gc,age      ] GC(141) - age   8:        208 bytes,    3208896 total
[2024-03-02T00:12:02.364+0000][7][gc,age      ] GC(141) - age  11:         88 bytes,    3208984 total
[2024-03-02T00:12:02.364+0000][7][gc,age      ] GC(141) - age  14:         24 bytes,    3209008 total
[2024-03-02T00:12:02.364+0000][7][gc,age      ] GC(141) - age  15:     134432 bytes,    3343440 total
[2024-03-02T00:12:02.364+0000][7][gc,heap     ] GC(141) Eden regions: 152->0(152)
[2024-03-02T00:12:02.364+0000][7][gc,heap     ] GC(141) Survivor regions: 1->1(20)
[2024-03-02T00:12:02.364+0000][7][gc,heap     ] GC(141) Old regions: 23->23
[2024-03-02T00:12:02.364+0000][7][gc,heap     ] GC(141) Archive regions: 2->2
[2024-03-02T00:12:02.364+0000][7][gc,heap     ] GC(141) Humongous regions: 0->0
[2024-03-02T00:12:02.364+0000][7][gc,metaspace] GC(141) Metaspace: 127183K(130560K)->127183K(130560K) NonClass: 110612K(112384K)->110612K(112384K) Class: 16571K(18176K)->16571K(18176K)
[2024-03-02T00:12:02.364+0000][7][gc          ] GC(141) Pause Young (Normal) (G1 Evacuation Pause) 703M->95M(1024M) 4.043ms
[2024-03-02T00:12:02.364+0000][7][gc,cpu      ] GC(141) User=0.02s Sys=0.00s Real=0.00s
[2024-03-02T00:12:02.365+0000][7][safepoint   ] Safepoint "G1CollectForAllocation", Time since last: 39547996282 ns, Reaching safepoint: 43432 ns, At safepoint: 4131881 ns, Total: 4175313 ns
[2024-03-02T00:12:23.367+0000][7][safepoint   ] Safepoint "Cleanup", Time since last: 21002410878 ns, Reaching safepoint: 70407 ns, At safepoint: 7344 ns, Total: 77751 ns
[2024-03-02T00:14:14.381+0000][7][safepoint   ] Safepoint "Cleanup", Time since last: 111013660906 ns, Reaching safepoint: 58165 ns, At safepoint: 6277 ns, Total: 64442 ns
[2024-03-02T00:14:40.784+0000][7][gc,start    ] GC(142) Pause Young (Normal) (G1 Evacuation Pause)
[2024-03-02T00:14:40.784+0000][7][gc,task     ] GC(142) Using 8 workers of 8 for evacuation
[2024-03-02T00:14:40.784+0000][7][gc,age      ] GC(142) Desired survivor size 41943040 bytes, new threshold 15 (max threshold 15)
[2024-03-02T00:14:40.788+0000][7][gc,phases   ] GC(142)   Pre Evacuate Collection Set: 0.2ms
[2024-03-02T00:14:40.788+0000][7][gc,phases   ] GC(142)   Merge Heap Roots: 0.1ms
[2024-03-02T00:14:40.788+0000][7][gc,phases   ] GC(142)   Evacuate Collection Set: 3.0ms
[2024-03-02T00:14:40.788+0000][7][gc,phases   ] GC(142)   Post Evacuate Collection Set: 0.8ms
[2024-03-02T00:14:40.788+0000][7][gc,phases   ] GC(142)   Other: 0.1ms
[2024-03-02T00:14:40.788+0000][7][gc,age      ] GC(142) Age table with threshold 15 (max threshold 15)
[2024-03-02T00:14:40.788+0000][7][gc,age      ] GC(142) - age   1:    1461752 bytes,    1461752 total
[2024-03-02T00:14:40.788+0000][7][gc,age      ] GC(142) - age   2:      10152 bytes,    1471904 total
[2024-03-02T00:14:40.788+0000][7][gc,age      ] GC(142) - age   3:     133096 bytes,    1605000 total
[2024-03-02T00:14:40.788+0000][7][gc,age      ] GC(142) - age   4:       2000 bytes,    1607000 total
[2024-03-02T00:14:40.788+0000][7][gc,age      ] GC(142) - age   5:      93344 bytes,    1700344 total
[2024-03-02T00:14:40.788+0000][7][gc,age      ] GC(142) - age   6:    1339824 bytes,    3040168 total
[2024-03-02T00:14:40.788+0000][7][gc,age      ] GC(142) - age   7:         32 bytes,    3040200 total
[2024-03-02T00:14:40.788+0000][7][gc,age      ] GC(142) - age   9:        208 bytes,    3040408 total
[2024-03-02T00:14:40.788+0000][7][gc,age      ] GC(142) - age  12:         88 bytes,    3040496 total
[2024-03-02T00:14:40.788+0000][7][gc,age      ] GC(142) - age  15:         24 bytes,    3040520 total
[2024-03-02T00:14:40.788+0000][7][gc,heap     ] GC(142) Eden regions: 152->0(152)
[2024-03-02T00:14:40.788+0000][7][gc,heap     ] GC(142) Survivor regions: 1->1(20)
[2024-03-02T00:14:40.788+0000][7][gc,heap     ] GC(142) Old regions: 23->23
[2024-03-02T00:14:40.788+0000][7][gc,heap     ] GC(142) Archive regions: 2->2
[2024-03-02T00:14:40.788+0000][7][gc,heap     ] GC(142) Humongous regions: 0->0
[2024-03-02T00:14:40.788+0000][7][gc,metaspace] GC(142) Metaspace: 127183K(130560K)->127183K(130560K) NonClass: 110612K(112384K)->110612K(112384K) Class: 16571K(18176K)->16571K(18176K)
[2024-03-02T00:14:40.789+0000][7][gc          ] GC(142) Pause Young (Normal) (G1 Evacuation Pause) 703M->95M(1024M) 4.591ms
[2024-03-02T00:14:40.789+0000][7][gc,cpu      ] GC(142) User=0.03s Sys=0.00s Real=0.01s
[2024-03-02T00:14:40.789+0000][7][safepoint   ] Safepoint "G1CollectForAllocation", Time since last: 26403052673 ns, Reaching safepoint: 104262 ns, At safepoint: 4685349 ns, Total: 4789611 ns
[2024-03-02T00:16:22.800+0000][7][safepoint   ] Safepoint "Cleanup", Time since last: 102011429483 ns, Reaching safepoint: 110572 ns, At safepoint: 24079 ns, Total: 134651 ns
[2024-03-02T00:17:19.803+0000][7][gc,start    ] GC(143) Pause Young (Normal) (G1 Evacuation Pause)
[2024-03-02T00:17:19.803+0000][7][gc,task     ] GC(143) Using 8 workers of 8 for evacuation
[2024-03-02T00:17:19.803+0000][7][gc,age      ] GC(143) Desired survivor size 41943040 bytes, new threshold 15 (max threshold 15)
[2024-03-02T00:17:19.807+0000][7][gc,phases   ] GC(143)   Pre Evacuate Collection Set: 0.1ms
[2024-03-02T00:17:19.807+0000][7][gc,phases   ] GC(143)   Merge Heap Roots: 0.1ms
[2024-03-02T00:17:19.807+0000][7][gc,phases   ] GC(143)   Evacuate Collection Set: 2.6ms
[2024-03-02T00:17:19.807+0000][7][gc,phases   ] GC(143)   Post Evacuate Collection Set: 0.9ms
[2024-03-02T00:17:19.807+0000][7][gc,phases   ] GC(143)   Other: 0.1ms
[2024-03-02T00:17:19.807+0000][7][gc,age      ] GC(143) Age table with threshold 15 (max threshold 15)
[2024-03-02T00:17:19.807+0000][7][gc,age      ] GC(143) - age   1:    1429264 bytes,    1429264 total
[2024-03-02T00:17:19.807+0000][7][gc,age      ] GC(143) - age   2:      10088 bytes,    1439352 total
[2024-03-02T00:17:19.807+0000][7][gc,age      ] GC(143) - age   3:       7424 bytes,    1446776 total
[2024-03-02T00:17:19.807+0000][7][gc,age      ] GC(143) - age   4:     131824 bytes,    1578600 total
[2024-03-02T00:17:19.807+0000][7][gc,age      ] GC(143) - age   5:       1384 bytes,    1579984 total
[2024-03-02T00:17:19.807+0000][7][gc,age      ] GC(143) - age   6:      93344 bytes,    1673328 total
[2024-03-02T00:17:19.807+0000][7][gc,age      ] GC(143) - age   7:    1180856 bytes,    2854184 total
[2024-03-02T00:17:19.807+0000][7][gc,age      ] GC(143) - age  10:        208 bytes,    2854392 total
[2024-03-02T00:17:19.807+0000][7][gc,age      ] GC(143) - age  13:         88 bytes,    2854480 total
[2024-03-02T00:17:19.807+0000][7][gc,heap     ] GC(143) Eden regions: 152->0(152)
[2024-03-02T00:17:19.807+0000][7][gc,heap     ] GC(143) Survivor regions: 1->1(20)
[2024-03-02T00:17:19.807+0000][7][gc,heap     ] GC(143) Old regions: 23->23
[2024-03-02T00:17:19.807+0000][7][gc,heap     ] GC(143) Archive regions: 2->2
[2024-03-02T00:17:19.807+0000][7][gc,heap     ] GC(143) Humongous regions: 0->0
[2024-03-02T00:17:19.807+0000][7][gc,metaspace] GC(143) Metaspace: 127183K(130560K)->127183K(130560K) NonClass: 110612K(112384K)->110612K(112384K) Class: 16571K(18176K)->16571K(18176K)
[2024-03-02T00:17:19.807+0000][7][gc          ] GC(143) Pause Young (Normal) (G1 Evacuation Pause) 703M->95M(1024M) 4.129ms
[2024-03-02T00:17:19.807+0000][7][gc,cpu      ] GC(143) User=0.03s Sys=0.00s Real=0.00s
[2024-03-02T00:17:19.807+0000][7][safepoint   ] Safepoint "G1CollectForAllocation", Time since last: 57002381515 ns, Reaching safepoint: 64937 ns, At safepoint: 4227711 ns, Total: 4292648 ns
[2024-03-02T00:17:22.807+0000][7][safepoint   ] Safepoint "Cleanup", Time since last: 3000342476 ns, Reaching safepoint: 125046 ns, At safepoint: 23365 ns, Total: 148411 ns
[2024-03-02T00:18:22.814+0000][7][safepoint   ] Safepoint "Cleanup", Time since last: 60006523400 ns, Reaching safepoint: 81792 ns, At safepoint: 8904 ns, Total: 90696 ns
[2024-03-02T00:19:49.844+0000][7][gc,start    ] GC(144) Pause Young (Normal) (G1 Evacuation Pause)
[2024-03-02T00:19:49.845+0000][7][gc,task     ] GC(144) Using 8 workers of 8 for evacuation
[2024-03-02T00:19:49.845+0000][7][gc,age      ] GC(144) Desired survivor size 41943040 bytes, new threshold 15 (max threshold 15)
[2024-03-02T00:19:49.848+0000][7][gc,phases   ] GC(144)   Pre Evacuate Collection Set: 0.1ms
[2024-03-02T00:19:49.848+0000][7][gc,phases   ] GC(144)   Merge Heap Roots: 0.1ms
[2024-03-02T00:19:49.848+0000][7][gc,phases   ] GC(144)   Evacuate Collection Set: 2.4ms
[2024-03-02T00:19:49.848+0000][7][gc,phases   ] GC(144)   Post Evacuate Collection Set: 0.9ms
[2024-03-02T00:19:49.848+0000][7][gc,phases   ] GC(144)   Other: 0.1ms
[2024-03-02T00:19:49.848+0000][7][gc,age      ] GC(144) Age table with threshold 15 (max threshold 15)
[2024-03-02T00:19:49.848+0000][7][gc,age      ] GC(144) - age   1:    1562232 bytes,    1562232 total
[2024-03-02T00:19:49.848+0000][7][gc,age      ] GC(144) - age   2:       2568 bytes,    1564800 total
[2024-03-02T00:19:49.848+0000][7][gc,age      ] GC(144) - age   3:       8288 bytes,    1573088 total
[2024-03-02T00:19:49.848+0000][7][gc,age      ] GC(144) - age   4:       7424 bytes,    1580512 total
[2024-03-02T00:19:49.848+0000][7][gc,age      ] GC(144) - age   5:     131656 bytes,    1712168 total
[2024-03-02T00:19:49.848+0000][7][gc,age      ] GC(144) - age   6:       1320 bytes,    1713488 total
[2024-03-02T00:19:49.848+0000][7][gc,age      ] GC(144) - age   7:      92912 bytes,    1806400 total
[2024-03-02T00:19:49.848+0000][7][gc,age      ] GC(144) - age   8:    1180856 bytes,    2987256 total
[2024-03-02T00:19:49.848+0000][7][gc,age      ] GC(144) - age  11:        208 bytes,    2987464 total
[2024-03-02T00:19:49.848+0000][7][gc,age      ] GC(144) - age  14:         88 bytes,    2987552 total
[2024-03-02T00:19:49.848+0000][7][gc,heap     ] GC(144) Eden regions: 152->0(152)
[2024-03-02T00:19:49.848+0000][7][gc,heap     ] GC(144) Survivor regions: 1->1(20)
[2024-03-02T00:19:49.848+0000][7][gc,heap     ] GC(144) Old regions: 23->23
[2024-03-02T00:19:49.848+0000][7][gc,heap     ] GC(144) Archive regions: 2->2
[2024-03-02T00:19:49.848+0000][7][gc,heap     ] GC(144) Humongous regions: 0->0
[2024-03-02T00:19:49.848+0000][7][gc,metaspace] GC(144) Metaspace: 127184K(130560K)->127184K(130560K) NonClass: 110613K(112384K)->110613K(112384K) Class: 16571K(18176K)->16571K(18176K)
[2024-03-02T00:19:49.848+0000][7][gc          ] GC(144) Pause Young (Normal) (G1 Evacuation Pause) 703M->95M(1024M) 3.891ms
[2024-03-02T00:19:49.848+0000][7][gc,cpu      ] GC(144) User=0.02s Sys=0.01s Real=0.01s
[2024-03-02T00:19:49.848+0000][7][safepoint   ] Safepoint "G1CollectForAllocation", Time since last: 87030496300 ns, Reaching safepoint: 33479 ns, At safepoint: 3986201 ns, Total: 4019680 ns
[2024-03-02T00:22:22.866+0000][7][safepoint   ] Safepoint "Cleanup", Time since last: 153017200474 ns, Reaching safepoint: 108540 ns, At safepoint: 9599 ns, Total: 118139 ns
[2024-03-02T00:23:04.873+0000][7][gc,start    ] GC(145) Pause Young (Normal) (G1 Evacuation Pause)
[2024-03-02T00:23:04.873+0000][7][gc,task     ] GC(145) Using 8 workers of 8 for evacuation
[2024-03-02T00:23:04.873+0000][7][gc,age      ] GC(145) Desired survivor size 41943040 bytes, new threshold 15 (max threshold 15)
[2024-03-02T00:23:04.876+0000][7][gc,phases   ] GC(145)   Pre Evacuate Collection Set: 0.1ms
[2024-03-02T00:23:04.876+0000][7][gc,phases   ] GC(145)   Merge Heap Roots: 0.1ms
[2024-03-02T00:23:04.876+0000][7][gc,phases   ] GC(145)   Evacuate Collection Set: 2.0ms
[2024-03-02T00:23:04.876+0000][7][gc,phases   ] GC(145)   Post Evacuate Collection Set: 0.9ms
[2024-03-02T00:23:04.876+0000][7][gc,phases   ] GC(145)   Other: 0.1ms
[2024-03-02T00:23:04.876+0000][7][gc,age      ] GC(145) Age table with threshold 15 (max threshold 15)
[2024-03-02T00:23:04.876+0000][7][gc,age      ] GC(145) - age   1:    1897976 bytes,    1897976 total
[2024-03-02T00:23:04.876+0000][7][gc,age      ] GC(145) - age   2:       2696 bytes,    1900672 total
[2024-03-02T00:23:04.876+0000][7][gc,age      ] GC(145) - age   3:        648 bytes,    1901320 total
[2024-03-02T00:23:04.876+0000][7][gc,age      ] GC(145) - age   4:         80 bytes,    1901400 total
[2024-03-02T00:23:04.876+0000][7][gc,age      ] GC(145) - age   5:       3216 bytes,    1904616 total
[2024-03-02T00:23:04.876+0000][7][gc,age      ] GC(145) - age   6:     131568 bytes,    2036184 total
[2024-03-02T00:23:04.876+0000][7][gc,age      ] GC(145) - age   7:       1320 bytes,    2037504 total
[2024-03-02T00:23:04.876+0000][7][gc,age      ] GC(145) - age   8:      92880 bytes,    2130384 total
[2024-03-02T00:23:04.876+0000][7][gc,age      ] GC(145) - age   9:    1180760 bytes,    3311144 total
[2024-03-02T00:23:04.876+0000][7][gc,age      ] GC(145) - age  12:        208 bytes,    3311352 total
[2024-03-02T00:23:04.876+0000][7][gc,age      ] GC(145) - age  15:         88 bytes,    3311440 total
[2024-03-02T00:23:04.876+0000][7][gc,heap     ] GC(145) Eden regions: 152->0(152)
[2024-03-02T00:23:04.876+0000][7][gc,heap     ] GC(145) Survivor regions: 1->1(20)
[2024-03-02T00:23:04.876+0000][7][gc,heap     ] GC(145) Old regions: 23->23
[2024-03-02T00:23:04.876+0000][7][gc,heap     ] GC(145) Archive regions: 2->2
[2024-03-02T00:23:04.876+0000][7][gc,heap     ] GC(145) Humongous regions: 0->0
[2024-03-02T00:23:04.876+0000][7][gc,metaspace] GC(145) Metaspace: 127188K(130560K)->127188K(130560K) NonClass: 110617K(112384K)->110617K(112384K) Class: 16571K(18176K)->16571K(18176K)
[2024-03-02T00:23:04.876+0000][7][gc          ] GC(145) Pause Young (Normal) (G1 Evacuation Pause) 703M->95M(1024M) 3.416ms
[2024-03-02T00:23:04.876+0000][7][gc,cpu      ] GC(145) User=0.01s Sys=0.00s Real=0.00s
[2024-03-02T00:23:04.876+0000][7][safepoint   ] Safepoint "G1CollectForAllocation", Time since last: 42007124622 ns, Reaching safepoint: 48519 ns, At safepoint: 3510097 ns, Total: 3558616 ns
[2024-03-02T00:23:22.879+0000][7][safepoint   ] Safepoint "Cleanup", Time since last: 18002152295 ns, Reaching safepoint: 66520 ns, At safepoint: 9850 ns, Total: 76370 ns
[2024-03-02T00:24:22.885+0000][7][safepoint   ] Safepoint "Cleanup", Time since last: 60006574074 ns, Reaching safepoint: 111098 ns, At safepoint: 9844 ns, Total: 120942 ns
[2024-03-02T00:24:34.887+0000][7][safepoint   ] Safepoint "Cleanup", Time since last: 12001870202 ns, Reaching safepoint: 106526 ns, At safepoint: 9872 ns, Total: 116398 ns
[2024-03-02T00:25:22.894+0000][7][safepoint   ] Safepoint "Cleanup", Time since last: 48006317190 ns, Reaching safepoint: 139486 ns, At safepoint: 8644 ns, Total: 148130 ns
[2024-03-02T00:26:13.898+0000][7][gc,start    ] GC(146) Pause Young (Normal) (G1 Evacuation Pause)
[2024-03-02T00:26:13.898+0000][7][gc,task     ] GC(146) Using 8 workers of 8 for evacuation
[2024-03-02T00:26:13.898+0000][7][gc,age      ] GC(146) Desired survivor size 41943040 bytes, new threshold 15 (max threshold 15)
[2024-03-02T00:26:13.902+0000][7][gc,phases   ] GC(146)   Pre Evacuate Collection Set: 0.2ms
[2024-03-02T00:26:13.902+0000][7][gc,phases   ] GC(146)   Merge Heap Roots: 0.1ms
[2024-03-02T00:26:13.902+0000][7][gc,phases   ] GC(146)   Evacuate Collection Set: 2.3ms
[2024-03-02T00:26:13.902+0000][7][gc,phases   ] GC(146)   Post Evacuate Collection Set: 1.0ms
[2024-03-02T00:26:13.902+0000][7][gc,phases   ] GC(146)   Other: 0.1ms
[2024-03-02T00:26:13.902+0000][7][gc,age      ] GC(146) Age table with threshold 15 (max threshold 15)
[2024-03-02T00:26:13.902+0000][7][gc,age      ] GC(146) - age   1:     796480 bytes,     796480 total
[2024-03-02T00:26:13.902+0000][7][gc,age      ] GC(146) - age   2:       9104 bytes,     805584 total
[2024-03-02T00:26:13.902+0000][7][gc,age      ] GC(146) - age   3:        480 bytes,     806064 total
[2024-03-02T00:26:13.902+0000][7][gc,age      ] GC(146) - age   4:        392 bytes,     806456 total
[2024-03-02T00:26:13.902+0000][7][gc,age      ] GC(146) - age   5:         16 bytes,     806472 total
[2024-03-02T00:26:13.902+0000][7][gc,age      ] GC(146) - age   6:       3216 bytes,     809688 total
[2024-03-02T00:26:13.902+0000][7][gc,age      ] GC(146) - age   7:     131568 bytes,     941256 total
[2024-03-02T00:26:13.902+0000][7][gc,age      ] GC(146) - age   8:        872 bytes,     942128 total
[2024-03-02T00:26:13.902+0000][7][gc,age      ] GC(146) - age   9:      92880 bytes,    1035008 total
[2024-03-02T00:26:13.902+0000][7][gc,age      ] GC(146) - age  10:    1180576 bytes,    2215584 total
[2024-03-02T00:26:13.902+0000][7][gc,age      ] GC(146) - age  13:        208 bytes,    2215792 total
[2024-03-02T00:26:13.902+0000][7][gc,heap     ] GC(146) Eden regions: 152->0(152)
[2024-03-02T00:26:13.902+0000][7][gc,heap     ] GC(146) Survivor regions: 1->1(20)
[2024-03-02T00:26:13.902+0000][7][gc,heap     ] GC(146) Old regions: 23->23
[2024-03-02T00:26:13.902+0000][7][gc,heap     ] GC(146) Archive regions: 2->2
[2024-03-02T00:26:13.902+0000][7][gc,heap     ] GC(146) Humongous regions: 0->0
[2024-03-02T00:26:13.902+0000][7][gc,metaspace] GC(146) Metaspace: 127211K(130624K)->127211K(130624K) NonClass: 110640K(112448K)->110640K(112448K) Class: 16571K(18176K)->16571K(18176K)
[2024-03-02T00:26:13.902+0000][7][gc          ] GC(146) Pause Young (Normal) (G1 Evacuation Pause) 703M->94M(1024M) 3.913ms
[2024-03-02T00:26:13.902+0000][7][gc,cpu      ] GC(146) User=0.02s Sys=0.00s Real=0.01s
[2024-03-02T00:26:13.902+0000][7][safepoint   ] Safepoint "G1CollectForAllocation", Time since last: 51004200119 ns, Reaching safepoint: 41467 ns, At safepoint: 4012238 ns, Total: 4053705 ns
[2024-03-02T00:26:22.904+0000][7][safepoint   ] Safepoint "Cleanup", Time since last: 9001409570 ns, Reaching safepoint: 110178 ns, At safepoint: 10849 ns, Total: 121027 ns
[2024-03-02T00:28:42.920+0000][7][safepoint   ] Safepoint "Cleanup", Time since last: 140016480797 ns, Reaching safepoint: 74461 ns, At safepoint: 39398 ns, Total: 113859 ns
[2024-03-02T00:28:49.818+0000][7][gc,start    ] GC(147) Pause Young (Normal) (G1 Evacuation Pause)
[2024-03-02T00:28:49.818+0000][7][gc,task     ] GC(147) Using 8 workers of 8 for evacuation
[2024-03-02T00:28:49.818+0000][7][gc,age      ] GC(147) Desired survivor size 41943040 bytes, new threshold 15 (max threshold 15)
[2024-03-02T00:28:49.822+0000][7][gc,phases   ] GC(147)   Pre Evacuate Collection Set: 0.1ms
[2024-03-02T00:28:49.822+0000][7][gc,phases   ] GC(147)   Merge Heap Roots: 0.1ms
[2024-03-02T00:28:49.822+0000][7][gc,phases   ] GC(147)   Evacuate Collection Set: 2.7ms
[2024-03-02T00:28:49.822+0000][7][gc,phases   ] GC(147)   Post Evacuate Collection Set: 0.9ms
[2024-03-02T00:28:49.822+0000][7][gc,phases   ] GC(147)   Other: 0.1ms
[2024-03-02T00:28:49.822+0000][7][gc,age      ] GC(147) Age table with threshold 15 (max threshold 15)
[2024-03-02T00:28:49.822+0000][7][gc,age      ] GC(147) - age   1:     946352 bytes,     946352 total
[2024-03-02T00:28:49.822+0000][7][gc,age      ] GC(147) - age   2:       2144 bytes,     948496 total
[2024-03-02T00:28:49.822+0000][7][gc,age      ] GC(147) - age   3:       5672 bytes,     954168 total
[2024-03-02T00:28:49.822+0000][7][gc,age      ] GC(147) - age   4:        288 bytes,     954456 total
[2024-03-02T00:28:49.822+0000][7][gc,age      ] GC(147) - age   5:        392 bytes,     954848 total
[2024-03-02T00:28:49.822+0000][7][gc,age      ] GC(147) - age   6:         16 bytes,     954864 total
[2024-03-02T00:28:49.822+0000][7][gc,age      ] GC(147) - age   7:       3216 bytes,     958080 total
[2024-03-02T00:28:49.822+0000][7][gc,age      ] GC(147) - age   8:     131568 bytes,    1089648 total
[2024-03-02T00:28:49.822+0000][7][gc,age      ] GC(147) - age   9:        872 bytes,    1090520 total
[2024-03-02T00:28:49.822+0000][7][gc,age      ] GC(147) - age  10:      92696 bytes,    1183216 total
[2024-03-02T00:28:49.822+0000][7][gc,age      ] GC(147) - age  11:    1180576 bytes,    2363792 total
[2024-03-02T00:28:49.822+0000][7][gc,age      ] GC(147) - age  14:        208 bytes,    2364000 total
[2024-03-02T00:28:49.822+0000][7][gc,heap     ] GC(147) Eden regions: 152->0(152)
[2024-03-02T00:28:49.822+0000][7][gc,heap     ] GC(147) Survivor regions: 1->1(20)
[2024-03-02T00:28:49.822+0000][7][gc,heap     ] GC(147) Old regions: 23->23
[2024-03-02T00:28:49.822+0000][7][gc,heap     ] GC(147) Archive regions: 2->2
[2024-03-02T00:28:49.822+0000][7][gc,heap     ] GC(147) Humongous regions: 0->0
[2024-03-02T00:28:49.822+0000][7][gc,metaspace] GC(147) Metaspace: 127211K(130624K)->127211K(130624K) NonClass: 110640K(112448K)->110640K(112448K) Class: 16571K(18176K)->16571K(18176K)
[2024-03-02T00:28:49.822+0000][7][gc          ] GC(147) Pause Young (Normal) (G1 Evacuation Pause) 702M->94M(1024M) 4.479ms
[2024-03-02T00:28:49.822+0000][7][gc,cpu      ] GC(147) User=0.02s Sys=0.00s Real=0.01s
[2024-03-02T00:28:49.822+0000][7][safepoint   ] Safepoint "G1CollectForAllocation", Time since last: 6897346874 ns, Reaching safepoint: 61112 ns, At safepoint: 4595325 ns, Total: 4656437 ns
[2024-03-02T00:29:22.826+0000][7][safepoint   ] Safepoint "Cleanup", Time since last: 33003448480 ns, Reaching safepoint: 97156 ns, At safepoint: 9888 ns, Total: 107044 ns
[2024-03-02T00:31:22.880+0000][7][gc,start    ] GC(148) Pause Young (Normal) (G1 Evacuation Pause)
[2024-03-02T00:31:22.880+0000][7][gc,task     ] GC(148) Using 8 workers of 8 for evacuation
[2024-03-02T00:31:22.880+0000][7][gc,age      ] GC(148) Desired survivor size 41943040 bytes, new threshold 15 (max threshold 15)
[2024-03-02T00:31:22.884+0000][7][gc,phases   ] GC(148)   Pre Evacuate Collection Set: 0.1ms
[2024-03-02T00:31:22.884+0000][7][gc,phases   ] GC(148)   Merge Heap Roots: 0.1ms
[2024-03-02T00:31:22.884+0000][7][gc,phases   ] GC(148)   Evacuate Collection Set: 2.4ms
[2024-03-02T00:31:22.884+0000][7][gc,phases   ] GC(148)   Post Evacuate Collection Set: 1.4ms
[2024-03-02T00:31:22.884+0000][7][gc,phases   ] GC(148)   Other: 0.1ms
[2024-03-02T00:31:22.884+0000][7][gc,age      ] GC(148) Age table with threshold 15 (max threshold 15)
[2024-03-02T00:31:22.884+0000][7][gc,age      ] GC(148) - age   1:     756480 bytes,     756480 total
[2024-03-02T00:31:22.884+0000][7][gc,age      ] GC(148) - age   2:      12936 bytes,     769416 total
[2024-03-02T00:31:22.884+0000][7][gc,age      ] GC(148) - age   3:        720 bytes,     770136 total
[2024-03-02T00:31:22.884+0000][7][gc,age      ] GC(148) - age   4:       1896 bytes,     772032 total
[2024-03-02T00:31:22.884+0000][7][gc,age      ] GC(148) - age   5:        104 bytes,     772136 total
[2024-03-02T00:31:22.884+0000][7][gc,age      ] GC(148) - age   7:         16 bytes,     772152 total
[2024-03-02T00:31:22.884+0000][7][gc,age      ] GC(148) - age   8:       3216 bytes,     775368 total
[2024-03-02T00:31:22.884+0000][7][gc,age      ] GC(148) - age   9:     131568 bytes,     906936 total
[2024-03-02T00:31:22.884+0000][7][gc,age      ] GC(148) - age  10:        872 bytes,     907808 total
[2024-03-02T00:31:22.884+0000][7][gc,age      ] GC(148) - age  11:      92696 bytes,    1000504 total
[2024-03-02T00:31:22.884+0000][7][gc,age      ] GC(148) - age  12:    1180576 bytes,    2181080 total
[2024-03-02T00:31:22.884+0000][7][gc,age      ] GC(148) - age  15:         24 bytes,    2181104 total
[2024-03-02T00:31:22.884+0000][7][gc,heap     ] GC(148) Eden regions: 152->0(152)
[2024-03-02T00:31:22.884+0000][7][gc,heap     ] GC(148) Survivor regions: 1->1(20)
[2024-03-02T00:31:22.884+0000][7][gc,heap     ] GC(148) Old regions: 23->23
[2024-03-02T00:31:22.884+0000][7][gc,heap     ] GC(148) Archive regions: 2->2
[2024-03-02T00:31:22.884+0000][7][gc,heap     ] GC(148) Humongous regions: 0->0
[2024-03-02T00:31:22.884+0000][7][gc,metaspace] GC(148) Metaspace: 127211K(130624K)->127211K(130624K) NonClass: 110640K(112448K)->110640K(112448K) Class: 16571K(18176K)->16571K(18176K)
[2024-03-02T00:31:22.884+0000][7][gc          ] GC(148) Pause Young (Normal) (G1 Evacuation Pause) 702M->94M(1024M) 4.403ms
[2024-03-02T00:31:22.884+0000][7][gc,cpu      ] GC(148) User=0.01s Sys=0.00s Real=0.00s
[2024-03-02T00:31:22.884+0000][7][safepoint   ] Safepoint "G1CollectForAllocation", Time since last: 120053685301 ns, Reaching safepoint: 84174 ns, At safepoint: 4501987 ns, Total: 4586161 ns
[2024-03-02T00:31:23.884+0000][7][safepoint   ] Safepoint "Cleanup", Time since last: 1000112912 ns, Reaching safepoint: 55880 ns, At safepoint: 6275 ns, Total: 62155 ns
[2024-03-02T00:31:42.886+0000][7][safepoint   ] Safepoint "Cleanup", Time since last: 19002197848 ns, Reaching safepoint: 52451 ns, At safepoint: 22368 ns, Total: 74819 ns
[2024-03-02T00:33:22.896+0000][7][safepoint   ] Safepoint "Cleanup", Time since last: 100009269037 ns, Reaching safepoint: 144925 ns, At safepoint: 9129 ns, Total: 154054 ns
[2024-03-02T00:33:58.897+0000][7][gc,start    ] GC(149) Pause Young (Normal) (G1 Evacuation Pause)
[2024-03-02T00:33:58.897+0000][7][gc,task     ] GC(149) Using 8 workers of 8 for evacuation
[2024-03-02T00:33:58.897+0000][7][gc,age      ] GC(149) Desired survivor size 41943040 bytes, new threshold 15 (max threshold 15)
[2024-03-02T00:33:58.900+0000][7][gc,phases   ] GC(149)   Pre Evacuate Collection Set: 0.1ms
[2024-03-02T00:33:58.900+0000][7][gc,phases   ] GC(149)   Merge Heap Roots: 0.1ms
[2024-03-02T00:33:58.900+0000][7][gc,phases   ] GC(149)   Evacuate Collection Set: 2.5ms
[2024-03-02T00:33:58.900+0000][7][gc,phases   ] GC(149)   Post Evacuate Collection Set: 0.8ms
[2024-03-02T00:33:58.900+0000][7][gc,phases   ] GC(149)   Other: 0.1ms
[2024-03-02T00:33:58.900+0000][7][gc,age      ] GC(149) Age table with threshold 15 (max threshold 15)
[2024-03-02T00:33:58.900+0000][7][gc,age      ] GC(149) - age   1:    1986416 bytes,    1986416 total
[2024-03-02T00:33:58.900+0000][7][gc,age      ] GC(149) - age   2:       5816 bytes,    1992232 total
[2024-03-02T00:33:58.900+0000][7][gc,age      ] GC(149) - age   3:       8968 bytes,    2001200 total
[2024-03-02T00:33:58.900+0000][7][gc,age      ] GC(149) - age   4:        656 bytes,    2001856 total
[2024-03-02T00:33:58.900+0000][7][gc,age      ] GC(149) - age   5:       1024 bytes,    2002880 total
[2024-03-02T00:33:58.900+0000][7][gc,age      ] GC(149) - age   6:        104 bytes,    2002984 total
[2024-03-02T00:33:58.900+0000][7][gc,age      ] GC(149) - age   8:         16 bytes,    2003000 total
[2024-03-02T00:33:58.900+0000][7][gc,age      ] GC(149) - age   9:       3000 bytes,    2006000 total
[2024-03-02T00:33:58.900+0000][7][gc,age      ] GC(149) - age  10:     131568 bytes,    2137568 total
[2024-03-02T00:33:58.900+0000][7][gc,age      ] GC(149) - age  11:        872 bytes,    2138440 total
[2024-03-02T00:33:58.900+0000][7][gc,age      ] GC(149) - age  12:      92696 bytes,    2231136 total
[2024-03-02T00:33:58.900+0000][7][gc,age      ] GC(149) - age  13:    1180280 bytes,    3411416 total
[2024-03-02T00:33:58.900+0000][7][gc,heap     ] GC(149) Eden regions: 152->0(152)
[2024-03-02T00:33:58.900+0000][7][gc,heap     ] GC(149) Survivor regions: 1->1(20)
[2024-03-02T00:33:58.900+0000][7][gc,heap     ] GC(149) Old regions: 23->23
[2024-03-02T00:33:58.900+0000][7][gc,heap     ] GC(149) Archive regions: 2->2
[2024-03-02T00:33:58.900+0000][7][gc,heap     ] GC(149) Humongous regions: 0->0
[2024-03-02T00:33:58.900+0000][7][gc,metaspace] GC(149) Metaspace: 127215K(130624K)->127215K(130624K) NonClass: 110644K(112448K)->110644K(112448K) Class: 16571K(18176K)->16571K(18176K)
[2024-03-02T00:33:58.900+0000][7][gc          ] GC(149) Pause Young (Normal) (G1 Evacuation Pause) 702M->95M(1024M) 3.744ms
[2024-03-02T00:33:58.900+0000][7][gc,cpu      ] GC(149) User=0.00s Sys=0.01s Real=0.01s
[2024-03-02T00:33:58.900+0000][7][safepoint   ] Safepoint "G1CollectForAllocation", Time since last: 36000542644 ns, Reaching safepoint: 108425 ns, At safepoint: 3825762 ns, Total: 3934187 ns
[2024-03-02T00:34:22.903+0000][7][safepoint   ] Safepoint "Cleanup", Time since last: 24002300958 ns, Reaching safepoint: 73134 ns, At safepoint: 6550 ns, Total: 79684 ns
[2024-03-02T00:34:42.905+0000][7][safepoint   ] Safepoint "Cleanup", Time since last: 20001737498 ns, Reaching safepoint: 65137 ns, At safepoint: 30001 ns, Total: 95138 ns
[2024-03-02T00:37:10.940+0000][7][gc,start    ] GC(150) Pause Young (Normal) (G1 Evacuation Pause)
[2024-03-02T00:37:10.940+0000][7][gc,task     ] GC(150) Using 8 workers of 8 for evacuation
[2024-03-02T00:37:10.940+0000][7][gc,age      ] GC(150) Desired survivor size 41943040 bytes, new threshold 15 (max threshold 15)
[2024-03-02T00:37:10.943+0000][7][gc,phases   ] GC(150)   Pre Evacuate Collection Set: 0.1ms
[2024-03-02T00:37:10.943+0000][7][gc,phases   ] GC(150)   Merge Heap Roots: 0.1ms
[2024-03-02T00:37:10.943+0000][7][gc,phases   ] GC(150)   Evacuate Collection Set: 1.9ms
[2024-03-02T00:37:10.943+0000][7][gc,phases   ] GC(150)   Post Evacuate Collection Set: 0.7ms
[2024-03-02T00:37:10.943+0000][7][gc,phases   ] GC(150)   Other: 0.1ms
[2024-03-02T00:37:10.943+0000][7][gc,age      ] GC(150) Age table with threshold 15 (max threshold 15)
[2024-03-02T00:37:10.943+0000][7][gc,age      ] GC(150) - age   1:     489232 bytes,     489232 total
[2024-03-02T00:37:10.943+0000][7][gc,age      ] GC(150) - age   2:     136680 bytes,     625912 total
[2024-03-02T00:37:10.943+0000][7][gc,age      ] GC(150) - age   3:       4640 bytes,     630552 total
[2024-03-02T00:37:10.943+0000][7][gc,age      ] GC(150) - age   4:       8712 bytes,     639264 total
[2024-03-02T00:37:10.943+0000][7][gc,age      ] GC(150) - age   5:        472 bytes,     639736 total
[2024-03-02T00:37:10.943+0000][7][gc,age      ] GC(150) - age   6:       1024 bytes,     640760 total
[2024-03-02T00:37:10.943+0000][7][gc,age      ] GC(150) - age   7:        104 bytes,     640864 total
[2024-03-02T00:37:10.943+0000][7][gc,age      ] GC(150) - age   9:         16 bytes,     640880 total
[2024-03-02T00:37:10.943+0000][7][gc,age      ] GC(150) - age  10:       3000 bytes,     643880 total
[2024-03-02T00:37:10.943+0000][7][gc,age      ] GC(150) - age  11:     131568 bytes,     775448 total
[2024-03-02T00:37:10.943+0000][7][gc,age      ] GC(150) - age  12:        872 bytes,     776320 total
[2024-03-02T00:37:10.943+0000][7][gc,age      ] GC(150) - age  13:      92696 bytes,     869016 total
[2024-03-02T00:37:10.943+0000][7][gc,age      ] GC(150) - age  14:    1180280 bytes,    2049296 total
[2024-03-02T00:37:10.943+0000][7][gc,heap     ] GC(150) Eden regions: 152->0(152)
[2024-03-02T00:37:10.943+0000][7][gc,heap     ] GC(150) Survivor regions: 1->1(20)
[2024-03-02T00:37:10.943+0000][7][gc,heap     ] GC(150) Old regions: 23->23
[2024-03-02T00:37:10.943+0000][7][gc,heap     ] GC(150) Archive regions: 2->2
[2024-03-02T00:37:10.943+0000][7][gc,heap     ] GC(150) Humongous regions: 0->0
[2024-03-02T00:37:10.943+0000][7][gc,metaspace] GC(150) Metaspace: 127216K(130624K)->127216K(130624K) NonClass: 110645K(112448K)->110645K(112448K) Class: 16571K(18176K)->16571K(18176K)
[2024-03-02T00:37:10.943+0000][7][gc          ] GC(150) Pause Young (Normal) (G1 Evacuation Pause) 703M->94M(1024M) 3.268ms
[2024-03-02T00:37:10.943+0000][7][gc,cpu      ] GC(150) User=0.02s Sys=0.00s Real=0.00s
[2024-03-02T00:37:10.943+0000][7][safepoint   ] Safepoint "G1CollectForAllocation", Time since last: 148035235442 ns, Reaching safepoint: 78745 ns, At safepoint: 3361633 ns, Total: 3440378 ns
[2024-03-02T00:38:22.950+0000][7][safepoint   ] Safepoint "Cleanup", Time since last: 72006455583 ns, Reaching safepoint: 109248 ns, At safepoint: 5425 ns, Total: 114673 ns
[2024-03-02T00:40:22.963+0000][7][safepoint   ] Safepoint "Cleanup", Time since last: 120013325905 ns, Reaching safepoint: 93376 ns, At safepoint: 11624 ns, Total: 105000 ns
[2024-03-02T00:40:29.837+0000][7][gc,start    ] GC(151) Pause Young (Normal) (G1 Evacuation Pause)
[2024-03-02T00:40:29.837+0000][7][gc,task     ] GC(151) Using 8 workers of 8 for evacuation
[2024-03-02T00:40:29.837+0000][7][gc,age      ] GC(151) Desired survivor size 41943040 bytes, new threshold 15 (max threshold 15)
[2024-03-02T00:40:29.839+0000][7][gc,phases   ] GC(151)   Pre Evacuate Collection Set: 0.1ms
[2024-03-02T00:40:29.839+0000][7][gc,phases   ] GC(151)   Merge Heap Roots: 0.1ms
[2024-03-02T00:40:29.839+0000][7][gc,phases   ] GC(151)   Evacuate Collection Set: 1.6ms
[2024-03-02T00:40:29.839+0000][7][gc,phases   ] GC(151)   Post Evacuate Collection Set: 0.5ms
[2024-03-02T00:40:29.839+0000][7][gc,phases   ] GC(151)   Other: 0.1ms
[2024-03-02T00:40:29.839+0000][7][gc,age      ] GC(151) Age table with threshold 15 (max threshold 15)
[2024-03-02T00:40:29.839+0000][7][gc,age      ] GC(151) - age   1:    1784192 bytes,    1784192 total
[2024-03-02T00:40:29.839+0000][7][gc,age      ] GC(151) - age   2:       1656 bytes,    1785848 total
[2024-03-02T00:40:29.839+0000][7][gc,age      ] GC(151) - age   3:     133312 bytes,    1919160 total
[2024-03-02T00:40:29.839+0000][7][gc,age      ] GC(151) - age   4:       4032 bytes,    1923192 total
[2024-03-02T00:40:29.839+0000][7][gc,age      ] GC(151) - age   5:       8200 bytes,    1931392 total
[2024-03-02T00:40:29.839+0000][7][gc,age      ] GC(151) - age   6:        472 bytes,    1931864 total
[2024-03-02T00:40:29.839+0000][7][gc,age      ] GC(151) - age   7:       1024 bytes,    1932888 total
[2024-03-02T00:40:29.839+0000][7][gc,age      ] GC(151) - age   8:        104 bytes,    1932992 total
[2024-03-02T00:40:29.839+0000][7][gc,age      ] GC(151) - age  10:         16 bytes,    1933008 total
[2024-03-02T00:40:29.839+0000][7][gc,age      ] GC(151) - age  11:       3000 bytes,    1936008 total
[2024-03-02T00:40:29.839+0000][7][gc,age      ] GC(151) - age  12:     131568 bytes,    2067576 total
[2024-03-02T00:40:29.839+0000][7][gc,age      ] GC(151) - age  13:        872 bytes,    2068448 total
[2024-03-02T00:40:29.839+0000][7][gc,age      ] GC(151) - age  14:      92696 bytes,    2161144 total
[2024-03-02T00:40:29.839+0000][7][gc,age      ] GC(151) - age  15:    1180280 bytes,    3341424 total
[2024-03-02T00:40:29.839+0000][7][gc,heap     ] GC(151) Eden regions: 152->0(152)
[2024-03-02T00:40:29.839+0000][7][gc,heap     ] GC(151) Survivor regions: 1->1(20)
[2024-03-02T00:40:29.839+0000][7][gc,heap     ] GC(151) Old regions: 23->23
[2024-03-02T00:40:29.839+0000][7][gc,heap     ] GC(151) Archive regions: 2->2
[2024-03-02T00:40:29.839+0000][7][gc,heap     ] GC(151) Humongous regions: 0->0
[2024-03-02T00:40:29.839+0000][7][gc,metaspace] GC(151) Metaspace: 127217K(130624K)->127217K(130624K) NonClass: 110646K(112448K)->110646K(112448K) Class: 16571K(18176K)->16571K(18176K)
[2024-03-02T00:40:29.839+0000][7][gc          ] GC(151) Pause Young (Normal) (G1 Evacuation Pause) 702M->95M(1024M) 2.556ms
[2024-03-02T00:40:29.839+0000][7][gc,cpu      ] GC(151) User=0.01s Sys=0.00s Real=0.00s
[2024-03-02T00:40:29.839+0000][7][safepoint   ] Safepoint "G1CollectForAllocation", Time since last: 6873310206 ns, Reaching safepoint: 32424 ns, At safepoint: 2623593 ns, Total: 2656017 ns
[2024-03-02T00:42:55.855+0000][7][safepoint   ] Safepoint "Cleanup", Time since last: 146016101183 ns, Reaching safepoint: 136747 ns, At safepoint: 14292 ns, Total: 151039 ns
[2024-03-02T00:42:56.856+0000][7][safepoint   ] Safepoint "Cleanup", Time since last: 1000194944 ns, Reaching safepoint: 99207 ns, At safepoint: 21598 ns, Total: 120805 ns
[2024-03-02T00:42:57.856+0000][7][safepoint   ] Safepoint "Cleanup", Time since last: 1000138244 ns, Reaching safepoint: 99138 ns, At safepoint: 14799 ns, Total: 113937 ns
[2024-03-02T00:42:59.856+0000][7][safepoint   ] Safepoint "Cleanup", Time since last: 2000226314 ns, Reaching safepoint: 79336 ns, At safepoint: 6546 ns, Total: 85882 ns
[2024-03-02T00:43:22.858+0000][7][safepoint   ] Safepoint "Cleanup", Time since last: 23002005010 ns, Reaching safepoint: 83665 ns, At safepoint: 38777 ns, Total: 122442 ns
[2024-03-02T00:43:55.031+0000][7][gc,start    ] GC(152) Pause Young (Normal) (G1 Evacuation Pause)
[2024-03-02T00:43:55.031+0000][7][gc,task     ] GC(152) Using 8 workers of 8 for evacuation
[2024-03-02T00:43:55.031+0000][7][gc,age      ] GC(152) Desired survivor size 41943040 bytes, new threshold 15 (max threshold 15)
[2024-03-02T00:43:55.035+0000][7][gc,phases   ] GC(152)   Pre Evacuate Collection Set: 0.2ms
[2024-03-02T00:43:55.035+0000][7][gc,phases   ] GC(152)   Merge Heap Roots: 0.1ms
[2024-03-02T00:43:55.035+0000][7][gc,phases   ] GC(152)   Evacuate Collection Set: 2.3ms
[2024-03-02T00:43:55.035+0000][7][gc,phases   ] GC(152)   Post Evacuate Collection Set: 0.9ms
[2024-03-02T00:43:55.035+0000][7][gc,phases   ] GC(152)   Other: 0.1ms
[2024-03-02T00:43:55.035+0000][7][gc,age      ] GC(152) Age table with threshold 15 (max threshold 15)
[2024-03-02T00:43:55.035+0000][7][gc,age      ] GC(152) - age   1:     649600 bytes,     649600 total
[2024-03-02T00:43:55.035+0000][7][gc,age      ] GC(152) - age   2:       3264 bytes,     652864 total
[2024-03-02T00:43:55.035+0000][7][gc,age      ] GC(152) - age   4:     132336 bytes,     785200 total
[2024-03-02T00:43:55.035+0000][7][gc,age      ] GC(152) - age   5:        576 bytes,     785776 total
[2024-03-02T00:43:55.035+0000][7][gc,age      ] GC(152) - age   6:       8016 bytes,     793792 total
[2024-03-02T00:43:55.035+0000][7][gc,age      ] GC(152) - age   7:        472 bytes,     794264 total
[2024-03-02T00:43:55.035+0000][7][gc,age      ] GC(152) - age   8:       1024 bytes,     795288 total
[2024-03-02T00:43:55.035+0000][7][gc,age      ] GC(152) - age   9:        104 bytes,     795392 total
[2024-03-02T00:43:55.035+0000][7][gc,age      ] GC(152) - age  11:         16 bytes,     795408 total
[2024-03-02T00:43:55.035+0000][7][gc,age      ] GC(152) - age  12:       3000 bytes,     798408 total
[2024-03-02T00:43:55.035+0000][7][gc,age      ] GC(152) - age  13:     131568 bytes,     929976 total
[2024-03-02T00:43:55.035+0000][7][gc,age      ] GC(152) - age  14:        872 bytes,     930848 total
[2024-03-02T00:43:55.035+0000][7][gc,age      ] GC(152) - age  15:      92696 bytes,    1023544 total
[2024-03-02T00:43:55.035+0000][7][gc,heap     ] GC(152) Eden regions: 152->0(152)
[2024-03-02T00:43:55.035+0000][7][gc,heap     ] GC(152) Survivor regions: 1->1(20)
[2024-03-02T00:43:55.035+0000][7][gc,heap     ] GC(152) Old regions: 23->23
[2024-03-02T00:43:55.035+0000][7][gc,heap     ] GC(152) Archive regions: 2->2
[2024-03-02T00:43:55.035+0000][7][gc,heap     ] GC(152) Humongous regions: 0->0
[2024-03-02T00:43:55.035+0000][7][gc,metaspace] GC(152) Metaspace: 127218K(130624K)->127218K(130624K) NonClass: 110647K(112448K)->110647K(112448K) Class: 16571K(18176K)->16571K(18176K)
[2024-03-02T00:43:55.035+0000][7][gc          ] GC(152) Pause Young (Normal) (G1 Evacuation Pause) 703M->94M(1024M) 3.958ms
[2024-03-02T00:43:55.035+0000][7][gc,cpu      ] GC(152) User=0.02s Sys=0.00s Real=0.00s
[2024-03-02T00:43:55.035+0000][7][safepoint   ] Safepoint "G1CollectForAllocation", Time since last: 32172724191 ns, Reaching safepoint: 112723 ns, At safepoint: 4092513 ns, Total: 4205236 ns
[2024-03-02T00:43:59.036+0000][7][safepoint   ] Safepoint "Cleanup", Time since last: 4000344023 ns, Reaching safepoint: 101310 ns, At safepoint: 6664 ns, Total: 107974 ns
[2024-03-02T00:44:00.036+0000][7][safepoint   ] Safepoint "Cleanup", Time since last: 1000133476 ns, Reaching safepoint: 66046 ns, At safepoint: 9361 ns, Total: 75407 ns
[2024-03-02T00:45:05.044+0000][7][safepoint   ] Safepoint "Cleanup", Time since last: 65007426922 ns, Reaching safepoint: 43036 ns, At safepoint: 25057 ns, Total: 68093 ns
[2024-03-02T00:46:11.051+0000][7][safepoint   ] Safepoint "Cleanup", Time since last: 66007086023 ns, Reaching safepoint: 95707 ns, At safepoint: 13124 ns, Total: 108831 ns
[2024-03-02T00:47:16.994+0000][7][gc,start    ] GC(153) Pause Young (Normal) (G1 Evacuation Pause)
[2024-03-02T00:47:16.994+0000][7][gc,task     ] GC(153) Using 8 workers of 8 for evacuation
[2024-03-02T00:47:16.994+0000][7][gc,age      ] GC(153) Desired survivor size 41943040 bytes, new threshold 15 (max threshold 15)
[2024-03-02T00:47:16.996+0000][7][gc,phases   ] GC(153)   Pre Evacuate Collection Set: 0.1ms
[2024-03-02T00:47:16.996+0000][7][gc,phases   ] GC(153)   Merge Heap Roots: 0.1ms
[2024-03-02T00:47:16.996+0000][7][gc,phases   ] GC(153)   Evacuate Collection Set: 1.3ms
[2024-03-02T00:47:16.996+0000][7][gc,phases   ] GC(153)   Post Evacuate Collection Set: 0.8ms
[2024-03-02T00:47:16.996+0000][7][gc,phases   ] GC(153)   Other: 0.1ms
[2024-03-02T00:47:16.996+0000][7][gc,age      ] GC(153) Age table with threshold 15 (max threshold 15)
[2024-03-02T00:47:16.996+0000][7][gc,age      ] GC(153) - age   1:     651488 bytes,     651488 total
[2024-03-02T00:47:16.996+0000][7][gc,age      ] GC(153) - age   2:       6832 bytes,     658320 total
[2024-03-02T00:47:16.996+0000][7][gc,age      ] GC(153) - age   3:        248 bytes,     658568 total
[2024-03-02T00:47:16.996+0000][7][gc,age      ] GC(153) - age   5:     132336 bytes,     790904 total
[2024-03-02T00:47:16.996+0000][7][gc,age      ] GC(153) - age   7:       8016 bytes,     798920 total
[2024-03-02T00:47:16.997+0000][7][gc,age      ] GC(153) - age   8:         88 bytes,     799008 total
[2024-03-02T00:47:16.997+0000][7][gc,age      ] GC(153) - age   9:       1024 bytes,     800032 total
[2024-03-02T00:47:16.997+0000][7][gc,age      ] GC(153) - age  10:        104 bytes,     800136 total
[2024-03-02T00:47:16.997+0000][7][gc,age      ] GC(153) - age  12:         16 bytes,     800152 total
[2024-03-02T00:47:16.997+0000][7][gc,age      ] GC(153) - age  13:       3000 bytes,     803152 total
[2024-03-02T00:47:16.997+0000][7][gc,age      ] GC(153) - age  14:     131568 bytes,     934720 total
[2024-03-02T00:47:16.997+0000][7][gc,age      ] GC(153) - age  15:        872 bytes,     935592 total
[2024-03-02T00:47:16.997+0000][7][gc,heap     ] GC(153) Eden regions: 152->0(152)
[2024-03-02T00:47:16.997+0000][7][gc,heap     ] GC(153) Survivor regions: 1->1(20)
[2024-03-02T00:47:16.997+0000][7][gc,heap     ] GC(153) Old regions: 23->23
[2024-03-02T00:47:16.997+0000][7][gc,heap     ] GC(153) Archive regions: 2->2
[2024-03-02T00:47:16.997+0000][7][gc,heap     ] GC(153) Humongous regions: 0->0
[2024-03-02T00:47:16.997+0000][7][gc,metaspace] GC(153) Metaspace: 127218K(130624K)->127218K(130624K) NonClass: 110647K(112448K)->110647K(112448K) Class: 16571K(18176K)->16571K(18176K)
[2024-03-02T00:47:16.997+0000][7][gc          ] GC(153) Pause Young (Normal) (G1 Evacuation Pause) 702M->94M(1024M) 2.729ms
[2024-03-02T00:47:16.997+0000][7][gc,cpu      ] GC(153) User=0.01s Sys=0.00s Real=0.00s
[2024-03-02T00:47:16.997+0000][7][safepoint   ] Safepoint "G1CollectForAllocation", Time since last: 65943021134 ns, Reaching safepoint: 67392 ns, At safepoint: 2830184 ns, Total: 2897576 ns
[2024-03-02T00:47:22.998+0000][7][safepoint   ] Safepoint "Cleanup", Time since last: 6000899899 ns, Reaching safepoint: 97022 ns, At safepoint: 9767 ns, Total: 106789 ns
[2024-03-02T00:50:37.922+0000][7][gc,start    ] GC(154) Pause Young (Normal) (G1 Evacuation Pause)
[2024-03-02T00:50:37.922+0000][7][gc,task     ] GC(154) Using 8 workers of 8 for evacuation
[2024-03-02T00:50:37.922+0000][7][gc,age      ] GC(154) Desired survivor size 41943040 bytes, new threshold 15 (max threshold 15)
[2024-03-02T00:50:37.925+0000][7][gc,phases   ] GC(154)   Pre Evacuate Collection Set: 0.3ms
[2024-03-02T00:50:37.925+0000][7][gc,phases   ] GC(154)   Merge Heap Roots: 0.1ms
[2024-03-02T00:50:37.925+0000][7][gc,phases   ] GC(154)   Evacuate Collection Set: 1.2ms
[2024-03-02T00:50:37.925+0000][7][gc,phases   ] GC(154)   Post Evacuate Collection Set: 0.8ms
[2024-03-02T00:50:37.925+0000][7][gc,phases   ] GC(154)   Other: 0.1ms
[2024-03-02T00:50:37.925+0000][7][gc,age      ] GC(154) Age table with threshold 15 (max threshold 15)
[2024-03-02T00:50:37.925+0000][7][gc,age      ] GC(154) - age   1:     754768 bytes,     754768 total
[2024-03-02T00:50:37.925+0000][7][gc,age      ] GC(154) - age   2:       4464 bytes,     759232 total
[2024-03-02T00:50:37.925+0000][7][gc,age      ] GC(154) - age   3:       4656 bytes,     763888 total
[2024-03-02T00:50:37.925+0000][7][gc,age      ] GC(154) - age   4:         64 bytes,     763952 total
[2024-03-02T00:50:37.925+0000][7][gc,age      ] GC(154) - age   6:     132304 bytes,     896256 total
[2024-03-02T00:50:37.925+0000][7][gc,age      ] GC(154) - age   8:       8016 bytes,     904272 total
[2024-03-02T00:50:37.925+0000][7][gc,age      ] GC(154) - age   9:         88 bytes,     904360 total
[2024-03-02T00:50:37.925+0000][7][gc,age      ] GC(154) - age  10:       1024 bytes,     905384 total
[2024-03-02T00:50:37.925+0000][7][gc,age      ] GC(154) - age  11:        104 bytes,     905488 total
[2024-03-02T00:50:37.925+0000][7][gc,age      ] GC(154) - age  13:         16 bytes,     905504 total
[2024-03-02T00:50:37.925+0000][7][gc,age      ] GC(154) - age  14:       3000 bytes,     908504 total
[2024-03-02T00:50:37.925+0000][7][gc,age      ] GC(154) - age  15:     131568 bytes,    1040072 total
[2024-03-02T00:50:37.925+0000][7][gc,heap     ] GC(154) Eden regions: 152->0(152)
[2024-03-02T00:50:37.925+0000][7][gc,heap     ] GC(154) Survivor regions: 1->1(20)
[2024-03-02T00:50:37.925+0000][7][gc,heap     ] GC(154) Old regions: 23->23
[2024-03-02T00:50:37.925+0000][7][gc,heap     ] GC(154) Archive regions: 2->2
[2024-03-02T00:50:37.925+0000][7][gc,heap     ] GC(154) Humongous regions: 0->0
[2024-03-02T00:50:37.925+0000][7][gc,metaspace] GC(154) Metaspace: 127218K(130624K)->127218K(130624K) NonClass: 110647K(112448K)->110647K(112448K) Class: 16571K(18176K)->16571K(18176K)
[2024-03-02T00:50:37.925+0000][7][gc          ] GC(154) Pause Young (Normal) (G1 Evacuation Pause) 702M->94M(1024M) 2.785ms
[2024-03-02T00:50:37.925+0000][7][gc,cpu      ] GC(154) User=0.01s Sys=0.00s Real=0.00s
[2024-03-02T00:50:37.925+0000][7][safepoint   ] Safepoint "G1CollectForAllocation", Time since last: 194924227985 ns, Reaching safepoint: 63710 ns, At safepoint: 2889342 ns, Total: 2953052 ns
[2024-03-02T00:51:22.929+0000][7][safepoint   ] Safepoint "Cleanup", Time since last: 45004118757 ns, Reaching safepoint: 86800 ns, At safepoint: 7346 ns, Total: 94146 ns
[2024-03-02T00:51:42.932+0000][7][safepoint   ] Safepoint "Cleanup", Time since last: 20002328823 ns, Reaching safepoint: 86209 ns, At safepoint: 7903 ns, Total: 94112 ns
[2024-03-02T00:52:59.939+0000][7][safepoint   ] Safepoint "Cleanup", Time since last: 77007398718 ns, Reaching safepoint: 68545 ns, At safepoint: 8040 ns, Total: 76585 ns
[2024-03-02T00:53:10.940+0000][7][safepoint   ] Safepoint "Cleanup", Time since last: 11001007934 ns, Reaching safepoint: 134501 ns, At safepoint: 12837 ns, Total: 147338 ns
[2024-03-02T00:53:17.941+0000][7][safepoint   ] Safepoint "Cleanup", Time since last: 7000672677 ns, Reaching safepoint: 85683 ns, At safepoint: 12440 ns, Total: 98123 ns
[2024-03-02T00:53:47.945+0000][7][safepoint   ] Safepoint "Cleanup", Time since last: 30003703351 ns, Reaching safepoint: 113232 ns, At safepoint: 9325 ns, Total: 122557 ns
[2024-03-02T00:53:59.472+0000][7][gc,start    ] GC(155) Pause Young (Normal) (G1 Evacuation Pause)
[2024-03-02T00:53:59.472+0000][7][gc,task     ] GC(155) Using 8 workers of 8 for evacuation
[2024-03-02T00:53:59.472+0000][7][gc,age      ] GC(155) Desired survivor size 41943040 bytes, new threshold 15 (max threshold 15)
[2024-03-02T00:53:59.473+0000][7][gc,phases   ] GC(155)   Pre Evacuate Collection Set: 0.1ms
[2024-03-02T00:53:59.474+0000][7][gc,phases   ] GC(155)   Merge Heap Roots: 0.0ms
[2024-03-02T00:53:59.474+0000][7][gc,phases   ] GC(155)   Evacuate Collection Set: 0.7ms
[2024-03-02T00:53:59.474+0000][7][gc,phases   ] GC(155)   Post Evacuate Collection Set: 0.5ms
[2024-03-02T00:53:59.474+0000][7][gc,phases   ] GC(155)   Other: 0.1ms
[2024-03-02T00:53:59.474+0000][7][gc,age      ] GC(155) Age table with threshold 15 (max threshold 15)
[2024-03-02T00:53:59.474+0000][7][gc,age      ] GC(155) - age   1:     709392 bytes,     709392 total
[2024-03-02T00:53:59.474+0000][7][gc,age      ] GC(155) - age   2:       9600 bytes,     718992 total
[2024-03-02T00:53:59.474+0000][7][gc,age      ] GC(155) - age   3:       1696 bytes,     720688 total
[2024-03-02T00:53:59.474+0000][7][gc,age      ] GC(155) - age   4:        120 bytes,     720808 total
[2024-03-02T00:53:59.474+0000][7][gc,age      ] GC(155) - age   5:         64 bytes,     720872 total
[2024-03-02T00:53:59.474+0000][7][gc,age      ] GC(155) - age   7:     132272 bytes,     853144 total
[2024-03-02T00:53:59.474+0000][7][gc,age      ] GC(155) - age   9:       8016 bytes,     861160 total
[2024-03-02T00:53:59.474+0000][7][gc,age      ] GC(155) - age  10:         88 bytes,     861248 total
[2024-03-02T00:53:59.474+0000][7][gc,age      ] GC(155) - age  11:       1024 bytes,     862272 total
[2024-03-02T00:53:59.474+0000][7][gc,age      ] GC(155) - age  12:        104 bytes,     862376 total
[2024-03-02T00:53:59.474+0000][7][gc,age      ] GC(155) - age  14:         16 bytes,     862392 total
[2024-03-02T00:53:59.474+0000][7][gc,age      ] GC(155) - age  15:       3000 bytes,     865392 total
[2024-03-02T00:53:59.474+0000][7][gc,heap     ] GC(155) Eden regions: 152->0(152)
[2024-03-02T00:53:59.474+0000][7][gc,heap     ] GC(155) Survivor regions: 1->1(20)
[2024-03-02T00:53:59.474+0000][7][gc,heap     ] GC(155) Old regions: 23->23
[2024-03-02T00:53:59.474+0000][7][gc,heap     ] GC(155) Archive regions: 2->2
[2024-03-02T00:53:59.474+0000][7][gc,heap     ] GC(155) Humongous regions: 0->0
[2024-03-02T00:53:59.474+0000][7][gc,metaspace] GC(155) Metaspace: 127220K(130624K)->127220K(130624K) NonClass: 110649K(112448K)->110649K(112448K) Class: 16571K(18176K)->16571K(18176K)
[2024-03-02T00:53:59.474+0000][7][gc          ] GC(155) Pause Young (Normal) (G1 Evacuation Pause) 702M->94M(1024M) 1.542ms
[2024-03-02T00:53:59.474+0000][7][gc,cpu      ] GC(155) User=0.01s Sys=0.00s Real=0.00s
[2024-03-02T00:53:59.474+0000][7][safepoint   ] Safepoint "G1CollectForAllocation", Time since last: 11527290275 ns, Reaching safepoint: 41453 ns, At safepoint: 1606135 ns, Total: 1647588 ns
[2024-03-02T00:57:17.496+0000][7][safepoint   ] Safepoint "Cleanup", Time since last: 198022551630 ns, Reaching safepoint: 80187 ns, At safepoint: 41431 ns, Total: 121618 ns
[2024-03-02T00:57:22.972+0000][7][gc,start    ] GC(156) Pause Young (Normal) (G1 Evacuation Pause)
[2024-03-02T00:57:22.972+0000][7][gc,task     ] GC(156) Using 8 workers of 8 for evacuation
[2024-03-02T00:57:22.972+0000][7][gc,age      ] GC(156) Desired survivor size 41943040 bytes, new threshold 15 (max threshold 15)
[2024-03-02T00:57:22.974+0000][7][gc,phases   ] GC(156)   Pre Evacuate Collection Set: 0.1ms
[2024-03-02T00:57:22.974+0000][7][gc,phases   ] GC(156)   Merge Heap Roots: 0.1ms
[2024-03-02T00:57:22.974+0000][7][gc,phases   ] GC(156)   Evacuate Collection Set: 0.9ms
[2024-03-02T00:57:22.974+0000][7][gc,phases   ] GC(156)   Post Evacuate Collection Set: 0.6ms
[2024-03-02T00:57:22.974+0000][7][gc,phases   ] GC(156)   Other: 0.1ms
[2024-03-02T00:57:22.974+0000][7][gc,age      ] GC(156) Age table with threshold 15 (max threshold 15)
[2024-03-02T00:57:22.974+0000][7][gc,age      ] GC(156) - age   1:     661424 bytes,     661424 total
[2024-03-02T00:57:22.974+0000][7][gc,age      ] GC(156) - age   2:       7040 bytes,     668464 total
[2024-03-02T00:57:22.974+0000][7][gc,age      ] GC(156) - age   3:       8512 bytes,     676976 total
[2024-03-02T00:57:22.974+0000][7][gc,age      ] GC(156) - age   4:       1448 bytes,     678424 total
[2024-03-02T00:57:22.974+0000][7][gc,age      ] GC(156) - age   5:        120 bytes,     678544 total
[2024-03-02T00:57:22.974+0000][7][gc,age      ] GC(156) - age   6:         64 bytes,     678608 total
[2024-03-02T00:57:22.974+0000][7][gc,age      ] GC(156) - age   8:     132272 bytes,     810880 total
[2024-03-02T00:57:22.974+0000][7][gc,age      ] GC(156) - age  10:       8016 bytes,     818896 total
[2024-03-02T00:57:22.974+0000][7][gc,age      ] GC(156) - age  11:         88 bytes,     818984 total
[2024-03-02T00:57:22.974+0000][7][gc,age      ] GC(156) - age  12:        840 bytes,     819824 total
[2024-03-02T00:57:22.974+0000][7][gc,age      ] GC(156) - age  13:        104 bytes,     819928 total
[2024-03-02T00:57:22.974+0000][7][gc,age      ] GC(156) - age  15:         16 bytes,     819944 total
[2024-03-02T00:57:22.974+0000][7][gc,heap     ] GC(156) Eden regions: 152->0(152)
[2024-03-02T00:57:22.974+0000][7][gc,heap     ] GC(156) Survivor regions: 1->1(20)
[2024-03-02T00:57:22.974+0000][7][gc,heap     ] GC(156) Old regions: 23->23
[2024-03-02T00:57:22.974+0000][7][gc,heap     ] GC(156) Archive regions: 2->2
[2024-03-02T00:57:22.974+0000][7][gc,heap     ] GC(156) Humongous regions: 0->0
[2024-03-02T00:57:22.974+0000][7][gc,metaspace] GC(156) Metaspace: 127220K(130624K)->127220K(130624K) NonClass: 110649K(112448K)->110649K(112448K) Class: 16571K(18176K)->16571K(18176K)
[2024-03-02T00:57:22.974+0000][7][gc          ] GC(156) Pause Young (Normal) (G1 Evacuation Pause) 702M->94M(1024M) 2.061ms
[2024-03-02T00:57:22.974+0000][7][gc,cpu      ] GC(156) User=0.01s Sys=0.00s Real=0.00s
[2024-03-02T00:57:22.974+0000][7][safepoint   ] Safepoint "G1CollectForAllocation", Time since last: 5475639926 ns, Reaching safepoint: 59056 ns, At safepoint: 2144397 ns, Total: 2203453 ns
[2024-03-02T00:57:35.942+0000][7][safepoint   ] Safepoint "Cleanup", Time since last: 12967278342 ns, Reaching safepoint: 94610 ns, At safepoint: 7931 ns, Total: 102541 ns
[2024-03-02T00:59:01.951+0000][7][safepoint   ] Safepoint "Cleanup", Time since last: 86009547658 ns, Reaching safepoint: 152088 ns, At safepoint: 9210 ns, Total: 161298 ns
[2024-03-02T01:00:11.958+0000][7][safepoint   ] Safepoint "Cleanup", Time since last: 70006824405 ns, Reaching safepoint: 86067 ns, At safepoint: 11214 ns, Total: 97281 ns
[2024-03-02T01:00:42.982+0000][7][gc,start    ] GC(157) Pause Young (Normal) (G1 Evacuation Pause)
[2024-03-02T01:00:42.982+0000][7][gc,task     ] GC(157) Using 8 workers of 8 for evacuation
[2024-03-02T01:00:42.982+0000][7][gc,age      ] GC(157) Desired survivor size 41943040 bytes, new threshold 15 (max threshold 15)
[2024-03-02T01:00:42.984+0000][7][gc,phases   ] GC(157)   Pre Evacuate Collection Set: 0.1ms
[2024-03-02T01:00:42.984+0000][7][gc,phases   ] GC(157)   Merge Heap Roots: 0.1ms
[2024-03-02T01:00:42.984+0000][7][gc,phases   ] GC(157)   Evacuate Collection Set: 1.3ms
[2024-03-02T01:00:42.984+0000][7][gc,phases   ] GC(157)   Post Evacuate Collection Set: 0.8ms
[2024-03-02T01:00:42.984+0000][7][gc,phases   ] GC(157)   Other: 0.1ms
[2024-03-02T01:00:42.984+0000][7][gc,age      ] GC(157) Age table with threshold 15 (max threshold 15)
[2024-03-02T01:00:42.984+0000][7][gc,age      ] GC(157) - age   1:     889120 bytes,     889120 total
[2024-03-02T01:00:42.984+0000][7][gc,age      ] GC(157) - age   2:       1528 bytes,     890648 total
[2024-03-02T01:00:42.984+0000][7][gc,age      ] GC(157) - age   3:       5192 bytes,     895840 total
[2024-03-02T01:00:42.984+0000][7][gc,age      ] GC(157) - age   4:        184 bytes,     896024 total
[2024-03-02T01:00:42.985+0000][7][gc,age      ] GC(157) - age   5:       1384 bytes,     897408 total
[2024-03-02T01:00:42.985+0000][7][gc,age      ] GC(157) - age   6:         56 bytes,     897464 total
[2024-03-02T01:00:42.985+0000][7][gc,age      ] GC(157) - age   7:         64 bytes,     897528 total
[2024-03-02T01:00:42.985+0000][7][gc,age      ] GC(157) - age   9:     132272 bytes,    1029800 total
[2024-03-02T01:00:42.985+0000][7][gc,age      ] GC(157) - age  11:       8016 bytes,    1037816 total
[2024-03-02T01:00:42.985+0000][7][gc,age      ] GC(157) - age  12:         88 bytes,    1037904 total
[2024-03-02T01:00:42.985+0000][7][gc,age      ] GC(157) - age  13:        840 bytes,    1038744 total
[2024-03-02T01:00:42.985+0000][7][gc,age      ] GC(157) - age  14:        104 bytes,    1038848 total
[2024-03-02T01:00:42.985+0000][7][gc,heap     ] GC(157) Eden regions: 152->0(152)
[2024-03-02T01:00:42.985+0000][7][gc,heap     ] GC(157) Survivor regions: 1->1(20)
[2024-03-02T01:00:42.985+0000][7][gc,heap     ] GC(157) Old regions: 23->23
[2024-03-02T01:00:42.985+0000][7][gc,heap     ] GC(157) Archive regions: 2->2
[2024-03-02T01:00:42.985+0000][7][gc,heap     ] GC(157) Humongous regions: 0->0
[2024-03-02T01:00:42.985+0000][7][gc,metaspace] GC(157) Metaspace: 127220K(130624K)->127220K(130624K) NonClass: 110649K(112448K)->110649K(112448K) Class: 16571K(18176K)->16571K(18176K)
[2024-03-02T01:00:42.985+0000][7][gc          ] GC(157) Pause Young (Normal) (G1 Evacuation Pause) 702M->94M(1024M) 2.711ms
[2024-03-02T01:00:42.985+0000][7][gc,cpu      ] GC(157) User=0.01s Sys=0.00s Real=0.00s
[2024-03-02T01:00:42.985+0000][7][safepoint   ] Safepoint "G1CollectForAllocation", Time since last: 31023636334 ns, Reaching safepoint: 48312 ns, At safepoint: 2811978 ns, Total: 2860290 ns
[2024-03-02T01:04:04.984+0000][7][gc,start    ] GC(158) Pause Young (Normal) (G1 Evacuation Pause)
[2024-03-02T01:04:04.984+0000][7][gc,task     ] GC(158) Using 8 workers of 8 for evacuation
[2024-03-02T01:04:04.984+0000][7][gc,age      ] GC(158) Desired survivor size 41943040 bytes, new threshold 15 (max threshold 15)
[2024-03-02T01:04:04.986+0000][7][gc,phases   ] GC(158)   Pre Evacuate Collection Set: 0.1ms
[2024-03-02T01:04:04.986+0000][7][gc,phases   ] GC(158)   Merge Heap Roots: 0.1ms
[2024-03-02T01:04:04.986+0000][7][gc,phases   ] GC(158)   Evacuate Collection Set: 1.2ms
[2024-03-02T01:04:04.986+0000][7][gc,phases   ] GC(158)   Post Evacuate Collection Set: 0.7ms
[2024-03-02T01:04:04.986+0000][7][gc,phases   ] GC(158)   Other: 0.1ms
[2024-03-02T01:04:04.986+0000][7][gc,age      ] GC(158) Age table with threshold 15 (max threshold 15)
[2024-03-02T01:04:04.986+0000][7][gc,age      ] GC(158) - age   1:    1116480 bytes,    1116480 total
[2024-03-02T01:04:04.986+0000][7][gc,age      ] GC(158) - age   2:       9792 bytes,    1126272 total
[2024-03-02T01:04:04.986+0000][7][gc,age      ] GC(158) - age   3:        312 bytes,    1126584 total
[2024-03-02T01:04:04.986+0000][7][gc,age      ] GC(158) - age   4:        736 bytes,    1127320 total
[2024-03-02T01:04:04.986+0000][7][gc,age      ] GC(158) - age   5:        184 bytes,    1127504 total
[2024-03-02T01:04:04.986+0000][7][gc,age      ] GC(158) - age   6:        864 bytes,    1128368 total
[2024-03-02T01:04:04.986+0000][7][gc,age      ] GC(158) - age   7:         24 bytes,    1128392 total
[2024-03-02T01:04:04.986+0000][7][gc,age      ] GC(158) - age   8:         64 bytes,    1128456 total
[2024-03-02T01:04:04.986+0000][7][gc,age      ] GC(158) - age  10:     132272 bytes,    1260728 total
[2024-03-02T01:04:04.986+0000][7][gc,age      ] GC(158) - age  12:       8016 bytes,    1268744 total
[2024-03-02T01:04:04.986+0000][7][gc,age      ] GC(158) - age  13:         88 bytes,    1268832 total
[2024-03-02T01:04:04.986+0000][7][gc,age      ] GC(158) - age  14:        840 bytes,    1269672 total
[2024-03-02T01:04:04.986+0000][7][gc,age      ] GC(158) - age  15:        104 bytes,    1269776 total
[2024-03-02T01:04:04.986+0000][7][gc,heap     ] GC(158) Eden regions: 152->0(152)
[2024-03-02T01:04:04.986+0000][7][gc,heap     ] GC(158) Survivor regions: 1->1(20)
[2024-03-02T01:04:04.986+0000][7][gc,heap     ] GC(158) Old regions: 23->23
[2024-03-02T01:04:04.986+0000][7][gc,heap     ] GC(158) Archive regions: 2->2
[2024-03-02T01:04:04.986+0000][7][gc,heap     ] GC(158) Humongous regions: 0->0
[2024-03-02T01:04:04.986+0000][7][gc,metaspace] GC(158) Metaspace: 127220K(130624K)->127220K(130624K) NonClass: 110649K(112448K)->110649K(112448K) Class: 16571K(18176K)->16571K(18176K)
[2024-03-02T01:04:04.986+0000][7][gc          ] GC(158) Pause Young (Normal) (G1 Evacuation Pause) 702M->94M(1024M) 2.374ms
[2024-03-02T01:04:04.986+0000][7][gc,cpu      ] GC(158) User=0.01s Sys=0.00s Real=0.00s
[2024-03-02T01:04:04.986+0000][7][safepoint   ] Safepoint "G1CollectForAllocation", Time since last: 201998743445 ns, Reaching safepoint: 50241 ns, At safepoint: 2468409 ns, Total: 2518650 ns
[2024-03-02T01:04:13.988+0000][7][safepoint   ] Safepoint "Cleanup", Time since last: 9001495819 ns, Reaching safepoint: 95559 ns, At safepoint: 12118 ns, Total: 107677 ns
[2024-03-02T01:05:22.995+0000][7][safepoint   ] Safepoint "Cleanup", Time since last: 69007320429 ns, Reaching safepoint: 85777 ns, At safepoint: 9845 ns, Total: 95622 ns
[2024-03-02T01:05:58.999+0000][7][safepoint   ] Safepoint "Cleanup", Time since last: 36004003273 ns, Reaching safepoint: 69074 ns, At safepoint: 10564 ns, Total: 79638 ns
[2024-03-02T01:06:23.002+0000][7][safepoint   ] Safepoint "Cleanup", Time since last: 24002360168 ns, Reaching safepoint: 76569 ns, At safepoint: 10458 ns, Total: 87027 ns
[2024-03-02T01:07:28.967+0000][7][gc,start    ] GC(159) Pause Young (Normal) (G1 Evacuation Pause)
[2024-03-02T01:07:28.967+0000][7][gc,task     ] GC(159) Using 8 workers of 8 for evacuation
[2024-03-02T01:07:28.967+0000][7][gc,age      ] GC(159) Desired survivor size 41943040 bytes, new threshold 15 (max threshold 15)
[2024-03-02T01:07:28.970+0000][7][gc,phases   ] GC(159)   Pre Evacuate Collection Set: 0.1ms
[2024-03-02T01:07:28.970+0000][7][gc,phases   ] GC(159)   Merge Heap Roots: 0.1ms
[2024-03-02T01:07:28.970+0000][7][gc,phases   ] GC(159)   Evacuate Collection Set: 1.5ms
[2024-03-02T01:07:28.970+0000][7][gc,phases   ] GC(159)   Post Evacuate Collection Set: 0.7ms
[2024-03-02T01:07:28.970+0000][7][gc,phases   ] GC(159)   Other: 0.1ms
[2024-03-02T01:07:28.970+0000][7][gc,age      ] GC(159) Age table with threshold 15 (max threshold 15)
[2024-03-02T01:07:28.970+0000][7][gc,age      ] GC(159) - age   1:     966952 bytes,     966952 total
[2024-03-02T01:07:28.970+0000][7][gc,age      ] GC(159) - age   2:     101776 bytes,    1068728 total
[2024-03-02T01:07:28.970+0000][7][gc,age      ] GC(159) - age   3:       8440 bytes,    1077168 total
[2024-03-02T01:07:28.970+0000][7][gc,age      ] GC(159) - age   4:        184 bytes,    1077352 total
[2024-03-02T01:07:28.970+0000][7][gc,age      ] GC(159) - age   5:        552 bytes,    1077904 total
[2024-03-02T01:07:28.970+0000][7][gc,age      ] GC(159) - age   6:        184 bytes,    1078088 total
[2024-03-02T01:07:28.970+0000][7][gc,age      ] GC(159) - age   7:        480 bytes,    1078568 total
[2024-03-02T01:07:28.970+0000][7][gc,age      ] GC(159) - age   8:         24 bytes,    1078592 total
[2024-03-02T01:07:28.970+0000][7][gc,age      ] GC(159) - age   9:         64 bytes,    1078656 total
[2024-03-02T01:07:28.970+0000][7][gc,age      ] GC(159) - age  11:     132272 bytes,    1210928 total
[2024-03-02T01:07:28.970+0000][7][gc,age      ] GC(159) - age  13:       8016 bytes,    1218944 total
[2024-03-02T01:07:28.970+0000][7][gc,age      ] GC(159) - age  14:         88 bytes,    1219032 total
[2024-03-02T01:07:28.970+0000][7][gc,age      ] GC(159) - age  15:        840 bytes,    1219872 total
[2024-03-02T01:07:28.970+0000][7][gc,heap     ] GC(159) Eden regions: 152->0(152)
[2024-03-02T01:07:28.970+0000][7][gc,heap     ] GC(159) Survivor regions: 1->1(20)
[2024-03-02T01:07:28.970+0000][7][gc,heap     ] GC(159) Old regions: 23->23
[2024-03-02T01:07:28.970+0000][7][gc,heap     ] GC(159) Archive regions: 2->2
[2024-03-02T01:07:28.970+0000][7][gc,heap     ] GC(159) Humongous regions: 0->0
[2024-03-02T01:07:28.970+0000][7][gc,metaspace] GC(159) Metaspace: 127220K(130624K)->127220K(130624K) NonClass: 110649K(112448K)->110649K(112448K) Class: 16571K(18176K)->16571K(18176K)
[2024-03-02T01:07:28.970+0000][7][gc          ] GC(159) Pause Young (Normal) (G1 Evacuation Pause) 702M->94M(1024M) 2.911ms
[2024-03-02T01:07:28.970+0000][7][gc,cpu      ] GC(159) User=0.01s Sys=0.00s Real=0.01s
[2024-03-02T01:07:28.970+0000][7][safepoint   ] Safepoint "G1CollectForAllocation", Time since last: 65965651252 ns, Reaching safepoint: 72755 ns, At safepoint: 3016094 ns, Total: 3088849 ns
[2024-03-02T01:07:59.973+0000][7][safepoint   ] Safepoint "Cleanup", Time since last: 31002654373 ns, Reaching safepoint: 68229 ns, At safepoint: 8396 ns, Total: 76625 ns
[2024-03-02T01:08:19.975+0000][7][safepoint   ] Safepoint "Cleanup", Time since last: 20001932180 ns, Reaching safepoint: 79323 ns, At safepoint: 17176 ns, Total: 96499 ns
[2024-03-02T01:08:25.976+0000][7][safepoint   ] Safepoint "Cleanup", Time since last: 6000644637 ns, Reaching safepoint: 89444 ns, At safepoint: 9585 ns, Total: 99029 ns
[2024-03-02T01:09:22.983+0000][7][safepoint   ] Safepoint "Cleanup", Time since last: 57006667970 ns, Reaching safepoint: 150566 ns, At safepoint: 15539 ns, Total: 166105 ns
[2024-03-02T01:09:43.986+0000][7][safepoint   ] Safepoint "Cleanup", Time since last: 21003077378 ns, Reaching safepoint: 89690 ns, At safepoint: 34850 ns, Total: 124540 ns
[2024-03-02T01:10:47.109+0000][7][gc,start    ] GC(160) Pause Young (Normal) (G1 Evacuation Pause)
[2024-03-02T01:10:47.109+0000][7][gc,task     ] GC(160) Using 8 workers of 8 for evacuation
[2024-03-02T01:10:47.109+0000][7][gc,age      ] GC(160) Desired survivor size 41943040 bytes, new threshold 15 (max threshold 15)
[2024-03-02T01:10:47.111+0000][7][gc,phases   ] GC(160)   Pre Evacuate Collection Set: 0.1ms
[2024-03-02T01:10:47.111+0000][7][gc,phases   ] GC(160)   Merge Heap Roots: 0.1ms
[2024-03-02T01:10:47.111+0000][7][gc,phases   ] GC(160)   Evacuate Collection Set: 1.4ms
[2024-03-02T01:10:47.111+0000][7][gc,phases   ] GC(160)   Post Evacuate Collection Set: 0.9ms
[2024-03-02T01:10:47.111+0000][7][gc,phases   ] GC(160)   Other: 0.1ms
[2024-03-02T01:10:47.111+0000][7][gc,age      ] GC(160) Age table with threshold 15 (max threshold 15)
[2024-03-02T01:10:47.111+0000][7][gc,age      ] GC(160) - age   1:    1032416 bytes,    1032416 total
[2024-03-02T01:10:47.111+0000][7][gc,age      ] GC(160) - age   2:      67288 bytes,    1099704 total
[2024-03-02T01:10:47.111+0000][7][gc,age      ] GC(160) - age   3:      99792 bytes,    1199496 total
[2024-03-02T01:10:47.111+0000][7][gc,age      ] GC(160) - age   4:       8248 bytes,    1207744 total
[2024-03-02T01:10:47.111+0000][7][gc,age      ] GC(160) - age   5:        184 bytes,    1207928 total
[2024-03-02T01:10:47.111+0000][7][gc,age      ] GC(160) - age   6:        552 bytes,    1208480 total
[2024-03-02T01:10:47.111+0000][7][gc,age      ] GC(160) - age   7:        184 bytes,    1208664 total
[2024-03-02T01:10:47.111+0000][7][gc,age      ] GC(160) - age   8:        296 bytes,    1208960 total
[2024-03-02T01:10:47.111+0000][7][gc,age      ] GC(160) - age   9:         24 bytes,    1208984 total
[2024-03-02T01:10:47.111+0000][7][gc,age      ] GC(160) - age  10:         64 bytes,    1209048 total
[2024-03-02T01:10:47.111+0000][7][gc,age      ] GC(160) - age  12:     132272 bytes,    1341320 total
[2024-03-02T01:10:47.111+0000][7][gc,age      ] GC(160) - age  14:       8016 bytes,    1349336 total
[2024-03-02T01:10:47.111+0000][7][gc,age      ] GC(160) - age  15:         88 bytes,    1349424 total
[2024-03-02T01:10:47.111+0000][7][gc,heap     ] GC(160) Eden regions: 152->0(152)
[2024-03-02T01:10:47.111+0000][7][gc,heap     ] GC(160) Survivor regions: 1->1(20)
[2024-03-02T01:10:47.111+0000][7][gc,heap     ] GC(160) Old regions: 23->23
[2024-03-02T01:10:47.111+0000][7][gc,heap     ] GC(160) Archive regions: 2->2
[2024-03-02T01:10:47.112+0000][7][gc,heap     ] GC(160) Humongous regions: 0->0
[2024-03-02T01:10:47.112+0000][7][gc,metaspace] GC(160) Metaspace: 127220K(130624K)->127220K(130624K) NonClass: 110649K(112448K)->110649K(112448K) Class: 16571K(18176K)->16571K(18176K)
[2024-03-02T01:10:47.112+0000][7][gc          ] GC(160) Pause Young (Normal) (G1 Evacuation Pause) 702M->94M(1024M) 2.980ms
[2024-03-02T01:10:47.112+0000][7][gc,cpu      ] GC(160) User=0.01s Sys=0.00s Real=0.00s
[2024-03-02T01:10:47.112+0000][7][safepoint   ] Safepoint "G1CollectForAllocation", Time since last: 63122660042 ns, Reaching safepoint: 99984 ns, At safepoint: 3084223 ns, Total: 3184207 ns
[2024-03-03T21:46:57.125+0000][7][safepoint   ] Safepoint "Cleanup", Time since last: 66143034984 ns, Reaching safepoint: 39607 ns, At safepoint: 3444 ns, Total: 43051 ns
[2024-03-03T21:47:00.126+0000][7][safepoint   ] Safepoint "Cleanup", Time since last: 3000217265 ns, Reaching safepoint: 225827 ns, At safepoint: 4877 ns, Total: 230704 ns
[2024-03-03T21:47:03.126+0000][7][safepoint   ] Safepoint "Cleanup", Time since last: 3000214816 ns, Reaching safepoint: 106683 ns, At safepoint: 4539 ns, Total: 111222 ns
[2024-03-03T21:47:24.128+0000][7][safepoint   ] Safepoint "Cleanup", Time since last: 21001622350 ns, Reaching safepoint: 60723 ns, At safepoint: 6776 ns, Total: 67499 ns
[2024-03-03T21:47:27.128+0000][7][safepoint   ] Safepoint "Cleanup", Time since last: 3000341197 ns, Reaching safepoint: 70814 ns, At safepoint: 5065 ns, Total: 75879 ns
[2024-03-03T21:47:28.129+0000][7][safepoint   ] Safepoint "Cleanup", Time since last: 1000123267 ns, Reaching safepoint: 68271 ns, At safepoint: 13940 ns, Total: 82211 ns
[2024-03-03T21:47:30.129+0000][7][safepoint   ] Safepoint "Cleanup", Time since last: 2000208415 ns, Reaching safepoint: 47271 ns, At safepoint: 3985 ns, Total: 51256 ns
[2024-03-03T21:48:12.134+0000][7][safepoint   ] Safepoint "Cleanup", Time since last: 42005346907 ns, Reaching safepoint: 115439 ns, At safepoint: 8136 ns, Total: 123575 ns
[2024-03-03T21:48:27.136+0000][7][safepoint   ] Safepoint "Cleanup", Time since last: 15001385677 ns, Reaching safepoint: 97050 ns, At safepoint: 13473 ns, Total: 110523 ns
[2024-03-03T21:48:51.139+0000][7][safepoint   ] Safepoint "Cleanup", Time since last: 24002582607 ns, Reaching safepoint: 143578 ns, At safepoint: 23259 ns, Total: 166837 ns
[2024-03-03T21:48:56.856+0000][7][gc,start    ] GC(161) Pause Young (Normal) (G1 Evacuation Pause)
[2024-03-03T21:48:56.856+0000][7][gc,task     ] GC(161) Using 8 workers of 8 for evacuation
[2024-03-03T21:48:56.856+0000][7][gc,age      ] GC(161) Desired survivor size 41943040 bytes, new threshold 15 (max threshold 15)
[2024-03-03T21:48:56.860+0000][7][gc,phases   ] GC(161)   Pre Evacuate Collection Set: 0.1ms
[2024-03-03T21:48:56.860+0000][7][gc,phases   ] GC(161)   Merge Heap Roots: 0.1ms
[2024-03-03T21:48:56.860+0000][7][gc,phases   ] GC(161)   Evacuate Collection Set: 2.4ms
[2024-03-03T21:48:56.860+0000][7][gc,phases   ] GC(161)   Post Evacuate Collection Set: 0.8ms
[2024-03-03T21:48:56.860+0000][7][gc,phases   ] GC(161)   Other: 0.1ms
[2024-03-03T21:48:56.860+0000][7][gc,age      ] GC(161) Age table with threshold 15 (max threshold 15)
[2024-03-03T21:48:56.860+0000][7][gc,age      ] GC(161) - age   1:    2463864 bytes,    2463864 total
[2024-03-03T21:48:56.860+0000][7][gc,age      ] GC(161) - age   2:       1944 bytes,    2465808 total
[2024-03-03T21:48:56.860+0000][7][gc,age      ] GC(161) - age   3:      17856 bytes,    2483664 total
[2024-03-03T21:48:56.860+0000][7][gc,age      ] GC(161) - age   4:      93848 bytes,    2577512 total
[2024-03-03T21:48:56.860+0000][7][gc,age      ] GC(161) - age   5:         24 bytes,    2577536 total
[2024-03-03T21:48:56.860+0000][7][gc,age      ] GC(161) - age   6:        184 bytes,    2577720 total
[2024-03-03T21:48:56.860+0000][7][gc,age      ] GC(161) - age   7:        520 bytes,    2578240 total
[2024-03-03T21:48:56.860+0000][7][gc,age      ] GC(161) - age   9:        296 bytes,    2578536 total
[2024-03-03T21:48:56.860+0000][7][gc,age      ] GC(161) - age  10:         24 bytes,    2578560 total
[2024-03-03T21:48:56.860+0000][7][gc,age      ] GC(161) - age  11:         64 bytes,    2578624 total
[2024-03-03T21:48:56.860+0000][7][gc,age      ] GC(161) - age  13:     131720 bytes,    2710344 total
[2024-03-03T21:48:56.860+0000][7][gc,age      ] GC(161) - age  15:       8016 bytes,    2718360 total
[2024-03-03T21:48:56.860+0000][7][gc,heap     ] GC(161) Eden regions: 152->0(152)
[2024-03-03T21:48:56.860+0000][7][gc,heap     ] GC(161) Survivor regions: 1->1(20)
[2024-03-03T21:48:56.860+0000][7][gc,heap     ] GC(161) Old regions: 23->23
[2024-03-03T21:48:56.860+0000][7][gc,heap     ] GC(161) Archive regions: 2->2
[2024-03-03T21:48:56.860+0000][7][gc,heap     ] GC(161) Humongous regions: 0->0
[2024-03-03T21:48:56.860+0000][7][gc,metaspace] GC(161) Metaspace: 127283K(130624K)->127283K(130624K) NonClass: 110702K(112448K)->110702K(112448K) Class: 16580K(18176K)->16580K(18176K)
[2024-03-03T21:48:56.860+0000][7][gc          ] GC(161) Pause Young (Normal) (G1 Evacuation Pause) 702M->96M(1024M) 3.873ms
[2024-03-03T21:48:56.860+0000][7][gc,cpu      ] GC(161) User=0.02s Sys=0.00s Real=0.01s
[2024-03-03T21:48:56.860+0000][7][safepoint   ] Safepoint "G1CollectForAllocation", Time since last: 5717770779 ns, Reaching safepoint: 67491 ns, At safepoint: 3974860 ns, Total: 4042351 ns
[2024-03-03T21:50:06.871+0000][7][safepoint   ] Safepoint "Cleanup", Time since last: 70010916115 ns, Reaching safepoint: 145793 ns, At safepoint: 13551 ns, Total: 159344 ns
[2024-03-03T21:51:49.891+0000][7][safepoint   ] Safepoint "Cleanup", Time since last: 103019316940 ns, Reaching safepoint: 83624 ns, At safepoint: 16044 ns, Total: 99668 ns
[2024-03-03T21:52:14.855+0000][7][gc,start    ] GC(162) Pause Young (Normal) (G1 Evacuation Pause)
[2024-03-03T21:52:14.855+0000][7][gc,task     ] GC(162) Using 8 workers of 8 for evacuation
[2024-03-03T21:52:14.855+0000][7][gc,age      ] GC(162) Desired survivor size 41943040 bytes, new threshold 15 (max threshold 15)
[2024-03-03T21:52:14.858+0000][7][gc,phases   ] GC(162)   Pre Evacuate Collection Set: 0.1ms
[2024-03-03T21:52:14.858+0000][7][gc,phases   ] GC(162)   Merge Heap Roots: 0.1ms
[2024-03-03T21:52:14.858+0000][7][gc,phases   ] GC(162)   Evacuate Collection Set: 2.2ms
[2024-03-03T21:52:14.858+0000][7][gc,phases   ] GC(162)   Post Evacuate Collection Set: 0.9ms
[2024-03-03T21:52:14.858+0000][7][gc,phases   ] GC(162)   Other: 0.1ms
[2024-03-03T21:52:14.858+0000][7][gc,age      ] GC(162) Age table with threshold 15 (max threshold 15)
[2024-03-03T21:52:14.858+0000][7][gc,age      ] GC(162) - age   1:    1608400 bytes,    1608400 total
[2024-03-03T21:52:14.858+0000][7][gc,age      ] GC(162) - age   2:     667488 bytes,    2275888 total
[2024-03-03T21:52:14.858+0000][7][gc,age      ] GC(162) - age   3:        376 bytes,    2276264 total
[2024-03-03T21:52:14.858+0000][7][gc,age      ] GC(162) - age   4:        792 bytes,    2277056 total
[2024-03-03T21:52:14.858+0000][7][gc,age      ] GC(162) - age   5:      93272 bytes,    2370328 total
[2024-03-03T21:52:14.858+0000][7][gc,age      ] GC(162) - age   6:         24 bytes,    2370352 total
[2024-03-03T21:52:14.858+0000][7][gc,age      ] GC(162) - age   7:        184 bytes,    2370536 total
[2024-03-03T21:52:14.858+0000][7][gc,age      ] GC(162) - age   8:        520 bytes,    2371056 total
[2024-03-03T21:52:14.858+0000][7][gc,age      ] GC(162) - age  10:        296 bytes,    2371352 total
[2024-03-03T21:52:14.858+0000][7][gc,age      ] GC(162) - age  11:         24 bytes,    2371376 total
[2024-03-03T21:52:14.858+0000][7][gc,age      ] GC(162) - age  12:         64 bytes,    2371440 total
[2024-03-03T21:52:14.858+0000][7][gc,age      ] GC(162) - age  14:     131720 bytes,    2503160 total
[2024-03-03T21:52:14.858+0000][7][gc,heap     ] GC(162) Eden regions: 152->0(152)
[2024-03-03T21:52:14.858+0000][7][gc,heap     ] GC(162) Survivor regions: 1->1(20)
[2024-03-03T21:52:14.858+0000][7][gc,heap     ] GC(162) Old regions: 23->23
[2024-03-03T21:52:14.858+0000][7][gc,heap     ] GC(162) Archive regions: 2->2
[2024-03-03T21:52:14.858+0000][7][gc,heap     ] GC(162) Humongous regions: 0->0
[2024-03-03T21:52:14.858+0000][7][gc,metaspace] GC(162) Metaspace: 127283K(130624K)->127283K(130624K) NonClass: 110703K(112448K)->110703K(112448K) Class: 16580K(18176K)->16580K(18176K)
[2024-03-03T21:52:14.858+0000][7][gc          ] GC(162) Pause Young (Normal) (G1 Evacuation Pause) 704M->96M(1024M) 3.778ms
[2024-03-03T21:52:14.858+0000][7][gc,cpu      ] GC(162) User=0.01s Sys=0.01s Real=0.01s
[2024-03-03T21:52:14.858+0000][7][safepoint   ] Safepoint "G1CollectForAllocation", Time since last: 24963667279 ns, Reaching safepoint: 92326 ns, At safepoint: 3884776 ns, Total: 3977102 ns
[2024-03-03T21:52:17.859+0000][7][safepoint   ] Safepoint "Cleanup", Time since last: 3000343491 ns, Reaching safepoint: 94906 ns, At safepoint: 12417 ns, Total: 107323 ns
[2024-03-03T21:55:33.330+0000][7][gc,start    ] GC(163) Pause Young (Normal) (G1 Evacuation Pause)
[2024-03-03T21:55:33.330+0000][7][gc,task     ] GC(163) Using 8 workers of 8 for evacuation
[2024-03-03T21:55:33.330+0000][7][gc,age      ] GC(163) Desired survivor size 41943040 bytes, new threshold 15 (max threshold 15)
[2024-03-03T21:55:33.334+0000][7][gc,phases   ] GC(163)   Pre Evacuate Collection Set: 0.1ms
[2024-03-03T21:55:33.334+0000][7][gc,phases   ] GC(163)   Merge Heap Roots: 0.1ms
[2024-03-03T21:55:33.334+0000][7][gc,phases   ] GC(163)   Evacuate Collection Set: 2.2ms
[2024-03-03T21:55:33.334+0000][7][gc,phases   ] GC(163)   Post Evacuate Collection Set: 1.0ms
[2024-03-03T21:55:33.334+0000][7][gc,phases   ] GC(163)   Other: 0.1ms
[2024-03-03T21:55:33.334+0000][7][gc,age      ] GC(163) Age table with threshold 15 (max threshold 15)
[2024-03-03T21:55:33.334+0000][7][gc,age      ] GC(163) - age   1:    1737104 bytes,    1737104 total
[2024-03-03T21:55:33.334+0000][7][gc,age      ] GC(163) - age   2:      98288 bytes,    1835392 total
[2024-03-03T21:55:33.334+0000][7][gc,age      ] GC(163) - age   3:     664936 bytes,    2500328 total
[2024-03-03T21:55:33.334+0000][7][gc,age      ] GC(163) - age   4:        184 bytes,    2500512 total
[2024-03-03T21:55:33.334+0000][7][gc,age      ] GC(163) - age   5:        696 bytes,    2501208 total
[2024-03-03T21:55:33.334+0000][7][gc,age      ] GC(163) - age   6:      93272 bytes,    2594480 total
[2024-03-03T21:55:33.334+0000][7][gc,age      ] GC(163) - age   7:         24 bytes,    2594504 total
[2024-03-03T21:55:33.334+0000][7][gc,age      ] GC(163) - age   9:        520 bytes,    2595024 total
[2024-03-03T21:55:33.334+0000][7][gc,age      ] GC(163) - age  11:        296 bytes,    2595320 total
[2024-03-03T21:55:33.334+0000][7][gc,age      ] GC(163) - age  12:         24 bytes,    2595344 total
[2024-03-03T21:55:33.334+0000][7][gc,age      ] GC(163) - age  13:         64 bytes,    2595408 total
[2024-03-03T21:55:33.334+0000][7][gc,age      ] GC(163) - age  15:     131720 bytes,    2727128 total
[2024-03-03T21:55:33.334+0000][7][gc,heap     ] GC(163) Eden regions: 152->0(152)
[2024-03-03T21:55:33.334+0000][7][gc,heap     ] GC(163) Survivor regions: 1->1(20)
[2024-03-03T21:55:33.334+0000][7][gc,heap     ] GC(163) Old regions: 23->23
[2024-03-03T21:55:33.334+0000][7][gc,heap     ] GC(163) Archive regions: 2->2
[2024-03-03T21:55:33.334+0000][7][gc,heap     ] GC(163) Humongous regions: 0->0
[2024-03-03T21:55:33.334+0000][7][gc,metaspace] GC(163) Metaspace: 127283K(130624K)->127283K(130624K) NonClass: 110703K(112448K)->110703K(112448K) Class: 16580K(18176K)->16580K(18176K)
[2024-03-03T21:55:33.334+0000][7][gc          ] GC(163) Pause Young (Normal) (G1 Evacuation Pause) 704M->96M(1024M) 3.845ms
[2024-03-03T21:55:33.334+0000][7][gc,cpu      ] GC(163) User=0.01s Sys=0.01s Real=0.00s
[2024-03-03T21:55:33.334+0000][7][safepoint   ] Safepoint "G1CollectForAllocation", Time since last: 195470971070 ns, Reaching safepoint: 106976 ns, At safepoint: 3973766 ns, Total: 4080742 ns
[2024-03-03T21:56:27.343+0000][7][safepoint   ] Safepoint "Cleanup", Time since last: 54008569157 ns, Reaching safepoint: 112848 ns, At safepoint: 8712 ns, Total: 121560 ns
[2024-03-03T21:56:46.346+0000][7][safepoint   ] Safepoint "Cleanup", Time since last: 19002896680 ns, Reaching safepoint: 77884 ns, At safepoint: 9236 ns, Total: 87120 ns
[2024-03-03T21:58:20.922+0000][7][gc,start    ] GC(164) Pause Young (Normal) (G1 Evacuation Pause)
[2024-03-03T21:58:20.922+0000][7][gc,task     ] GC(164) Using 8 workers of 8 for evacuation
[2024-03-03T21:58:20.922+0000][7][gc,age      ] GC(164) Desired survivor size 41943040 bytes, new threshold 15 (max threshold 15)
[2024-03-03T21:58:20.924+0000][7][gc,phases   ] GC(164)   Pre Evacuate Collection Set: 0.1ms
[2024-03-03T21:58:20.924+0000][7][gc,phases   ] GC(164)   Merge Heap Roots: 0.1ms
[2024-03-03T21:58:20.924+0000][7][gc,phases   ] GC(164)   Evacuate Collection Set: 1.4ms
[2024-03-03T21:58:20.924+0000][7][gc,phases   ] GC(164)   Post Evacuate Collection Set: 0.8ms
[2024-03-03T21:58:20.924+0000][7][gc,phases   ] GC(164)   Other: 0.1ms
[2024-03-03T21:58:20.924+0000][7][gc,age      ] GC(164) Age table with threshold 15 (max threshold 15)
[2024-03-03T21:58:20.924+0000][7][gc,age      ] GC(164) - age   1:    1093824 bytes,    1093824 total
[2024-03-03T21:58:20.924+0000][7][gc,age      ] GC(164) - age   2:      47928 bytes,    1141752 total
[2024-03-03T21:58:20.924+0000][7][gc,age      ] GC(164) - age   3:      96280 bytes,    1238032 total
[2024-03-03T21:58:20.924+0000][7][gc,age      ] GC(164) - age   4:     660640 bytes,    1898672 total
[2024-03-03T21:58:20.924+0000][7][gc,age      ] GC(164) - age   5:        184 bytes,    1898856 total
[2024-03-03T21:58:20.924+0000][7][gc,age      ] GC(164) - age   6:        696 bytes,    1899552 total
[2024-03-03T21:58:20.924+0000][7][gc,age      ] GC(164) - age   7:      93272 bytes,    1992824 total
[2024-03-03T21:58:20.924+0000][7][gc,age      ] GC(164) - age   8:         24 bytes,    1992848 total
[2024-03-03T21:58:20.924+0000][7][gc,age      ] GC(164) - age  10:        520 bytes,    1993368 total
[2024-03-03T21:58:20.924+0000][7][gc,age      ] GC(164) - age  12:        296 bytes,    1993664 total
[2024-03-03T21:58:20.924+0000][7][gc,age      ] GC(164) - age  13:         24 bytes,    1993688 total
[2024-03-03T21:58:20.924+0000][7][gc,age      ] GC(164) - age  14:         64 bytes,    1993752 total
[2024-03-03T21:58:20.924+0000][7][gc,heap     ] GC(164) Eden regions: 152->0(152)
[2024-03-03T21:58:20.924+0000][7][gc,heap     ] GC(164) Survivor regions: 1->1(20)
[2024-03-03T21:58:20.924+0000][7][gc,heap     ] GC(164) Old regions: 23->23
[2024-03-03T21:58:20.924+0000][7][gc,heap     ] GC(164) Archive regions: 2->2
[2024-03-03T21:58:20.924+0000][7][gc,heap     ] GC(164) Humongous regions: 0->0
[2024-03-03T21:58:20.924+0000][7][gc,metaspace] GC(164) Metaspace: 127286K(130624K)->127286K(130624K) NonClass: 110706K(112448K)->110706K(112448K) Class: 16580K(18176K)->16580K(18176K)
[2024-03-03T21:58:20.924+0000][7][gc          ] GC(164) Pause Young (Normal) (G1 Evacuation Pause) 704M->95M(1024M) 2.834ms
[2024-03-03T21:58:20.925+0000][7][gc,cpu      ] GC(164) User=0.01s Sys=0.00s Real=0.00s
[2024-03-03T21:58:20.925+0000][7][safepoint   ] Safepoint "G1CollectForAllocation", Time since last: 94575892249 ns, Reaching safepoint: 85608 ns, At safepoint: 2925431 ns, Total: 3011039 ns
[2024-03-03T21:58:45.929+0000][7][safepoint   ] Safepoint "Cleanup", Time since last: 25003914944 ns, Reaching safepoint: 128330 ns, At safepoint: 8496 ns, Total: 136826 ns
[2024-03-03T21:59:45.938+0000][7][safepoint   ] Safepoint "Cleanup", Time since last: 60009655401 ns, Reaching safepoint: 105023 ns, At safepoint: 43396 ns, Total: 148419 ns
[2024-03-03T21:59:56.940+0000][7][safepoint   ] Safepoint "Cleanup", Time since last: 11001979888 ns, Reaching safepoint: 95508 ns, At safepoint: 9843 ns, Total: 105351 ns
[2024-03-03T22:00:17.944+0000][7][safepoint   ] Safepoint "Cleanup", Time since last: 21003499662 ns, Reaching safepoint: 141843 ns, At safepoint: 15262 ns, Total: 157105 ns
[2024-03-03T22:00:26.946+0000][7][safepoint   ] Safepoint "Cleanup", Time since last: 9001567797 ns, Reaching safepoint: 73951 ns, At safepoint: 6242 ns, Total: 80193 ns
[2024-03-03T22:00:54.343+0000][7][gc,start    ] GC(165) Pause Young (Normal) (G1 Evacuation Pause)
[2024-03-03T22:00:54.344+0000][7][gc,task     ] GC(165) Using 8 workers of 8 for evacuation
[2024-03-03T22:00:54.344+0000][7][gc,age      ] GC(165) Desired survivor size 41943040 bytes, new threshold 15 (max threshold 15)
[2024-03-03T22:00:54.347+0000][7][gc,phases   ] GC(165)   Pre Evacuate Collection Set: 0.1ms
[2024-03-03T22:00:54.347+0000][7][gc,phases   ] GC(165)   Merge Heap Roots: 0.1ms
[2024-03-03T22:00:54.347+0000][7][gc,phases   ] GC(165)   Evacuate Collection Set: 1.6ms
[2024-03-03T22:00:54.347+0000][7][gc,phases   ] GC(165)   Post Evacuate Collection Set: 1.0ms
[2024-03-03T22:00:54.347+0000][7][gc,phases   ] GC(165)   Other: 0.1ms
[2024-03-03T22:00:54.347+0000][7][gc,age      ] GC(165) Age table with threshold 15 (max threshold 15)
[2024-03-03T22:00:54.347+0000][7][gc,age      ] GC(165) - age   1:     799000 bytes,     799000 total
[2024-03-03T22:00:54.347+0000][7][gc,age      ] GC(165) - age   2:      10472 bytes,     809472 total
[2024-03-03T22:00:54.347+0000][7][gc,age      ] GC(165) - age   3:      37664 bytes,     847136 total
[2024-03-03T22:00:54.347+0000][7][gc,age      ] GC(165) - age   4:      96216 bytes,     943352 total
[2024-03-03T22:00:54.347+0000][7][gc,age      ] GC(165) - age   5:     660456 bytes,    1603808 total
[2024-03-03T22:00:54.347+0000][7][gc,age      ] GC(165) - age   6:        184 bytes,    1603992 total
[2024-03-03T22:00:54.347+0000][7][gc,age      ] GC(165) - age   7:        312 bytes,    1604304 total
[2024-03-03T22:00:54.347+0000][7][gc,age      ] GC(165) - age   8:      93272 bytes,    1697576 total
[2024-03-03T22:00:54.347+0000][7][gc,age      ] GC(165) - age   9:         24 bytes,    1697600 total
[2024-03-03T22:00:54.347+0000][7][gc,age      ] GC(165) - age  11:        520 bytes,    1698120 total
[2024-03-03T22:00:54.347+0000][7][gc,age      ] GC(165) - age  13:        296 bytes,    1698416 total
[2024-03-03T22:00:54.347+0000][7][gc,age      ] GC(165) - age  14:         24 bytes,    1698440 total
[2024-03-03T22:00:54.347+0000][7][gc,age      ] GC(165) - age  15:         64 bytes,    1698504 total
[2024-03-03T22:00:54.347+0000][7][gc,heap     ] GC(165) Eden regions: 152->0(152)
[2024-03-03T22:00:54.347+0000][7][gc,heap     ] GC(165) Survivor regions: 1->1(20)
[2024-03-03T22:00:54.347+0000][7][gc,heap     ] GC(165) Old regions: 23->23
[2024-03-03T22:00:54.347+0000][7][gc,heap     ] GC(165) Archive regions: 2->2
[2024-03-03T22:00:54.347+0000][7][gc,heap     ] GC(165) Humongous regions: 0->0
[2024-03-03T22:00:54.347+0000][7][gc,metaspace] GC(165) Metaspace: 127286K(130624K)->127286K(130624K) NonClass: 110706K(112448K)->110706K(112448K) Class: 16580K(18176K)->16580K(18176K)
[2024-03-03T22:00:54.347+0000][7][gc          ] GC(165) Pause Young (Normal) (G1 Evacuation Pause) 703M->95M(1024M) 3.359ms
[2024-03-03T22:00:54.347+0000][7][gc,cpu      ] GC(165) User=0.02s Sys=0.00s Real=0.00s
[2024-03-03T22:00:54.347+0000][7][safepoint   ] Safepoint "G1CollectForAllocation", Time since last: 27397543509 ns, Reaching safepoint: 100823 ns, At safepoint: 3466470 ns, Total: 3567293 ns
[2024-03-03T22:01:42.355+0000][7][safepoint   ] Safepoint "Cleanup", Time since last: 48008396004 ns, Reaching safepoint: 86024 ns, At safepoint: 13006 ns, Total: 99030 ns
[2024-03-03T22:03:24.844+0000][7][gc,start    ] GC(166) Pause Young (Normal) (G1 Evacuation Pause)
[2024-03-03T22:03:24.844+0000][7][gc,task     ] GC(166) Using 8 workers of 8 for evacuation
[2024-03-03T22:03:24.844+0000][7][gc,age      ] GC(166) Desired survivor size 41943040 bytes, new threshold 15 (max threshold 15)
[2024-03-03T22:03:24.846+0000][7][gc,phases   ] GC(166)   Pre Evacuate Collection Set: 0.1ms
[2024-03-03T22:03:24.846+0000][7][gc,phases   ] GC(166)   Merge Heap Roots: 0.1ms
[2024-03-03T22:03:24.846+0000][7][gc,phases   ] GC(166)   Evacuate Collection Set: 0.9ms
[2024-03-03T22:03:24.846+0000][7][gc,phases   ] GC(166)   Post Evacuate Collection Set: 0.4ms
[2024-03-03T22:03:24.846+0000][7][gc,phases   ] GC(166)   Other: 0.1ms
[2024-03-03T22:03:24.846+0000][7][gc,age      ] GC(166) Age table with threshold 15 (max threshold 15)
[2024-03-03T22:03:24.846+0000][7][gc,age      ] GC(166) - age   1:     642536 bytes,     642536 total
[2024-03-03T22:03:24.846+0000][7][gc,age      ] GC(166) - age   2:      11248 bytes,     653784 total
[2024-03-03T22:03:24.846+0000][7][gc,age      ] GC(166) - age   3:       7456 bytes,     661240 total
[2024-03-03T22:03:24.846+0000][7][gc,age      ] GC(166) - age   4:      37216 bytes,     698456 total
[2024-03-03T22:03:24.846+0000][7][gc,age      ] GC(166) - age   5:      96152 bytes,     794608 total
[2024-03-03T22:03:24.846+0000][7][gc,age      ] GC(166) - age   6:     660456 bytes,    1455064 total
[2024-03-03T22:03:24.846+0000][7][gc,age      ] GC(166) - age   8:        312 bytes,    1455376 total
[2024-03-03T22:03:24.846+0000][7][gc,age      ] GC(166) - age   9:      93272 bytes,    1548648 total
[2024-03-03T22:03:24.846+0000][7][gc,age      ] GC(166) - age  10:         24 bytes,    1548672 total
[2024-03-03T22:03:24.846+0000][7][gc,age      ] GC(166) - age  12:        520 bytes,    1549192 total
[2024-03-03T22:03:24.846+0000][7][gc,age      ] GC(166) - age  14:        296 bytes,    1549488 total
[2024-03-03T22:03:24.846+0000][7][gc,age      ] GC(166) - age  15:         24 bytes,    1549512 total
[2024-03-03T22:03:24.846+0000][7][gc,heap     ] GC(166) Eden regions: 152->0(152)
[2024-03-03T22:03:24.846+0000][7][gc,heap     ] GC(166) Survivor regions: 1->1(20)
[2024-03-03T22:03:24.846+0000][7][gc,heap     ] GC(166) Old regions: 23->23
[2024-03-03T22:03:24.846+0000][7][gc,heap     ] GC(166) Archive regions: 2->2
[2024-03-03T22:03:24.846+0000][7][gc,heap     ] GC(166) Humongous regions: 0->0
[2024-03-03T22:03:24.846+0000][7][gc,metaspace] GC(166) Metaspace: 127286K(130624K)->127286K(130624K) NonClass: 110706K(112448K)->110706K(112448K) Class: 16580K(18176K)->16580K(18176K)
[2024-03-03T22:03:24.846+0000][7][gc          ] GC(166) Pause Young (Normal) (G1 Evacuation Pause) 703M->95M(1024M) 1.734ms
[2024-03-03T22:03:24.846+0000][7][gc,cpu      ] GC(166) User=0.00s Sys=0.01s Real=0.00s
[2024-03-03T22:03:24.846+0000][7][safepoint   ] Safepoint "G1CollectForAllocation", Time since last: 102488864339 ns, Reaching safepoint: 46127 ns, At safepoint: 1795610 ns, Total: 1841737 ns
[2024-03-03T22:04:26.856+0000][7][safepoint   ] Safepoint "Cleanup", Time since last: 62009852141 ns, Reaching safepoint: 122587 ns, At safepoint: 14972 ns, Total: 137559 ns
[2024-03-03T22:05:09.864+0000][7][safepoint   ] Safepoint "Cleanup", Time since last: 43007803288 ns, Reaching safepoint: 114771 ns, At safepoint: 15223 ns, Total: 129994 ns
[2024-03-03T22:05:59.952+0000][7][gc,start    ] GC(167) Pause Young (Normal) (G1 Evacuation Pause)
[2024-03-03T22:05:59.952+0000][7][gc,task     ] GC(167) Using 8 workers of 8 for evacuation
[2024-03-03T22:05:59.952+0000][7][gc,age      ] GC(167) Desired survivor size 41943040 bytes, new threshold 15 (max threshold 15)
[2024-03-03T22:05:59.954+0000][7][gc,phases   ] GC(167)   Pre Evacuate Collection Set: 0.1ms
[2024-03-03T22:05:59.954+0000][7][gc,phases   ] GC(167)   Merge Heap Roots: 0.1ms
[2024-03-03T22:05:59.954+0000][7][gc,phases   ] GC(167)   Evacuate Collection Set: 1.5ms
[2024-03-03T22:05:59.954+0000][7][gc,phases   ] GC(167)   Post Evacuate Collection Set: 0.7ms
[2024-03-03T22:05:59.954+0000][7][gc,phases   ] GC(167)   Other: 0.1ms
[2024-03-03T22:05:59.954+0000][7][gc,age      ] GC(167) Age table with threshold 15 (max threshold 15)
[2024-03-03T22:05:59.954+0000][7][gc,age      ] GC(167) - age   1:    1118008 bytes,    1118008 total
[2024-03-03T22:05:59.954+0000][7][gc,age      ] GC(167) - age   2:       2312 bytes,    1120320 total
[2024-03-03T22:05:59.954+0000][7][gc,age      ] GC(167) - age   3:       9232 bytes,    1129552 total
[2024-03-03T22:05:59.954+0000][7][gc,age      ] GC(167) - age   4:       6944 bytes,    1136496 total
[2024-03-03T22:05:59.954+0000][7][gc,age      ] GC(167) - age   5:      36512 bytes,    1173008 total
[2024-03-03T22:05:59.954+0000][7][gc,age      ] GC(167) - age   6:      96088 bytes,    1269096 total
[2024-03-03T22:05:59.954+0000][7][gc,age      ] GC(167) - age   7:     502384 bytes,    1771480 total
[2024-03-03T22:05:59.954+0000][7][gc,age      ] GC(167) - age   9:        312 bytes,    1771792 total
[2024-03-03T22:05:59.954+0000][7][gc,age      ] GC(167) - age  10:      93272 bytes,    1865064 total
[2024-03-03T22:05:59.954+0000][7][gc,age      ] GC(167) - age  11:         24 bytes,    1865088 total
[2024-03-03T22:05:59.954+0000][7][gc,age      ] GC(167) - age  13:        520 bytes,    1865608 total
[2024-03-03T22:05:59.954+0000][7][gc,age      ] GC(167) - age  15:        296 bytes,    1865904 total
[2024-03-03T22:05:59.954+0000][7][gc,heap     ] GC(167) Eden regions: 152->0(152)
[2024-03-03T22:05:59.954+0000][7][gc,heap     ] GC(167) Survivor regions: 1->1(20)
[2024-03-03T22:05:59.954+0000][7][gc,heap     ] GC(167) Old regions: 23->23
[2024-03-03T22:05:59.954+0000][7][gc,heap     ] GC(167) Archive regions: 2->2
[2024-03-03T22:05:59.954+0000][7][gc,heap     ] GC(167) Humongous regions: 0->0
[2024-03-03T22:05:59.954+0000][7][gc,metaspace] GC(167) Metaspace: 127286K(130624K)->127286K(130624K) NonClass: 110706K(112448K)->110706K(112448K) Class: 16580K(18176K)->16580K(18176K)
[2024-03-03T22:05:59.955+0000][7][gc          ] GC(167) Pause Young (Normal) (G1 Evacuation Pause) 703M->95M(1024M) 2.792ms
[2024-03-03T22:05:59.955+0000][7][gc,cpu      ] GC(167) User=0.01s Sys=0.00s Real=0.00s
[2024-03-03T22:05:59.955+0000][7][safepoint   ] Safepoint "G1CollectForAllocation", Time since last: 50087603211 ns, Reaching safepoint: 65969 ns, At safepoint: 2885534 ns, Total: 2951503 ns
[2024-03-03T22:08:32.977+0000][7][gc,start    ] GC(168) Pause Young (Normal) (G1 Evacuation Pause)
[2024-03-03T22:08:32.977+0000][7][gc,task     ] GC(168) Using 8 workers of 8 for evacuation
[2024-03-03T22:08:32.977+0000][7][gc,age      ] GC(168) Desired survivor size 41943040 bytes, new threshold 15 (max threshold 15)
[2024-03-03T22:08:32.980+0000][7][gc,phases   ] GC(168)   Pre Evacuate Collection Set: 0.1ms
[2024-03-03T22:08:32.980+0000][7][gc,phases   ] GC(168)   Merge Heap Roots: 0.1ms
[2024-03-03T22:08:32.980+0000][7][gc,phases   ] GC(168)   Evacuate Collection Set: 1.4ms
[2024-03-03T22:08:32.980+0000][7][gc,phases   ] GC(168)   Post Evacuate Collection Set: 0.7ms
[2024-03-03T22:08:32.980+0000][7][gc,phases   ] GC(168)   Other: 0.1ms
[2024-03-03T22:08:32.980+0000][7][gc,age      ] GC(168) Age table with threshold 15 (max threshold 15)
[2024-03-03T22:08:32.980+0000][7][gc,age      ] GC(168) - age   1:     680128 bytes,     680128 total
[2024-03-03T22:08:32.980+0000][7][gc,age      ] GC(168) - age   2:       3808 bytes,     683936 total
[2024-03-03T22:08:32.980+0000][7][gc,age      ] GC(168) - age   3:       1320 bytes,     685256 total
[2024-03-03T22:08:32.980+0000][7][gc,age      ] GC(168) - age   4:       1032 bytes,     686288 total
[2024-03-03T22:08:32.980+0000][7][gc,age      ] GC(168) - age   5:       3192 bytes,     689480 total
[2024-03-03T22:08:32.980+0000][7][gc,age      ] GC(168) - age   6:      36512 bytes,     725992 total
[2024-03-03T22:08:32.980+0000][7][gc,age      ] GC(168) - age   7:      95696 bytes,     821688 total
[2024-03-03T22:08:32.980+0000][7][gc,age      ] GC(168) - age   8:     502384 bytes,    1324072 total
[2024-03-03T22:08:32.980+0000][7][gc,age      ] GC(168) - age  10:        128 bytes,    1324200 total
[2024-03-03T22:08:32.980+0000][7][gc,age      ] GC(168) - age  11:      93272 bytes,    1417472 total
[2024-03-03T22:08:32.980+0000][7][gc,age      ] GC(168) - age  12:         24 bytes,    1417496 total
[2024-03-03T22:08:32.980+0000][7][gc,age      ] GC(168) - age  14:        520 bytes,    1418016 total
[2024-03-03T22:08:32.980+0000][7][gc,heap     ] GC(168) Eden regions: 152->0(152)
[2024-03-03T22:08:32.980+0000][7][gc,heap     ] GC(168) Survivor regions: 1->1(20)
[2024-03-03T22:08:32.980+0000][7][gc,heap     ] GC(168) Old regions: 23->23
[2024-03-03T22:08:32.980+0000][7][gc,heap     ] GC(168) Archive regions: 2->2
[2024-03-03T22:08:32.980+0000][7][gc,heap     ] GC(168) Humongous regions: 0->0
[2024-03-03T22:08:32.980+0000][7][gc,metaspace] GC(168) Metaspace: 127286K(130624K)->127286K(130624K) NonClass: 110706K(112448K)->110706K(112448K) Class: 16580K(18176K)->16580K(18176K)
[2024-03-03T22:08:32.980+0000][7][gc          ] GC(168) Pause Young (Normal) (G1 Evacuation Pause) 703M->95M(1024M) 2.749ms
[2024-03-03T22:08:32.980+0000][7][gc,cpu      ] GC(168) User=0.01s Sys=0.00s Real=0.01s
[2024-03-03T22:08:32.980+0000][7][safepoint   ] Safepoint "G1CollectForAllocation", Time since last: 153022549363 ns, Reaching safepoint: 84315 ns, At safepoint: 2846987 ns, Total: 2931302 ns
[2024-03-03T22:11:06.118+0000][7][gc,start    ] GC(169) Pause Young (Normal) (G1 Evacuation Pause)
[2024-03-03T22:11:06.118+0000][7][gc,task     ] GC(169) Using 8 workers of 8 for evacuation
[2024-03-03T22:11:06.118+0000][7][gc,age      ] GC(169) Desired survivor size 41943040 bytes, new threshold 15 (max threshold 15)
[2024-03-03T22:11:06.121+0000][7][gc,phases   ] GC(169)   Pre Evacuate Collection Set: 0.1ms
[2024-03-03T22:11:06.121+0000][7][gc,phases   ] GC(169)   Merge Heap Roots: 0.1ms
[2024-03-03T22:11:06.121+0000][7][gc,phases   ] GC(169)   Evacuate Collection Set: 1.8ms
[2024-03-03T22:11:06.122+0000][7][gc,phases   ] GC(169)   Post Evacuate Collection Set: 0.9ms
[2024-03-03T22:11:06.122+0000][7][gc,phases   ] GC(169)   Other: 0.1ms
[2024-03-03T22:11:06.122+0000][7][gc,age      ] GC(169) Age table with threshold 15 (max threshold 15)
[2024-03-03T22:11:06.122+0000][7][gc,age      ] GC(169) - age   1:     970424 bytes,     970424 total
[2024-03-03T22:11:06.122+0000][7][gc,age      ] GC(169) - age   2:      14312 bytes,     984736 total
[2024-03-03T22:11:06.122+0000][7][gc,age      ] GC(169) - age   3:       1224 bytes,     985960 total
[2024-03-03T22:11:06.122+0000][7][gc,age      ] GC(169) - age   4:       1192 bytes,     987152 total
[2024-03-03T22:11:06.122+0000][7][gc,age      ] GC(169) - age   5:       1032 bytes,     988184 total
[2024-03-03T22:11:06.122+0000][7][gc,age      ] GC(169) - age   6:       3192 bytes,     991376 total
[2024-03-03T22:11:06.122+0000][7][gc,age      ] GC(169) - age   7:      36512 bytes,    1027888 total
[2024-03-03T22:11:06.122+0000][7][gc,age      ] GC(169) - age   8:      95696 bytes,    1123584 total
[2024-03-03T22:11:06.122+0000][7][gc,age      ] GC(169) - age   9:     502384 bytes,    1625968 total
[2024-03-03T22:11:06.122+0000][7][gc,age      ] GC(169) - age  11:        128 bytes,    1626096 total
[2024-03-03T22:11:06.122+0000][7][gc,age      ] GC(169) - age  12:      93272 bytes,    1719368 total
[2024-03-03T22:11:06.122+0000][7][gc,age      ] GC(169) - age  13:         24 bytes,    1719392 total
[2024-03-03T22:11:06.122+0000][7][gc,age      ] GC(169) - age  15:        520 bytes,    1719912 total
[2024-03-03T22:11:06.122+0000][7][gc,heap     ] GC(169) Eden regions: 152->0(152)
[2024-03-03T22:11:06.122+0000][7][gc,heap     ] GC(169) Survivor regions: 1->1(20)
[2024-03-03T22:11:06.122+0000][7][gc,heap     ] GC(169) Old regions: 23->23
[2024-03-03T22:11:06.122+0000][7][gc,heap     ] GC(169) Archive regions: 2->2
[2024-03-03T22:11:06.122+0000][7][gc,heap     ] GC(169) Humongous regions: 0->0
[2024-03-03T22:11:06.122+0000][7][gc,metaspace] GC(169) Metaspace: 127286K(130624K)->127286K(130624K) NonClass: 110706K(112448K)->110706K(112448K) Class: 16580K(18176K)->16580K(18176K)
[2024-03-03T22:11:06.122+0000][7][gc          ] GC(169) Pause Young (Normal) (G1 Evacuation Pause) 703M->95M(1024M) 3.437ms
[2024-03-03T22:11:06.122+0000][7][gc,cpu      ] GC(169) User=0.02s Sys=0.00s Real=0.00s
[2024-03-03T22:11:06.122+0000][7][safepoint   ] Safepoint "G1CollectForAllocation", Time since last: 153138070102 ns, Reaching safepoint: 91714 ns, At safepoint: 3549344 ns, Total: 3641058 ns
[2024-03-03T22:13:33.147+0000][7][safepoint   ] Safepoint "Cleanup", Time since last: 147024742244 ns, Reaching safepoint: 117904 ns, At safepoint: 17255 ns, Total: 135159 ns
[2024-03-03T22:13:42.908+0000][7][gc,start    ] GC(170) Pause Young (Normal) (G1 Evacuation Pause)
[2024-03-03T22:13:42.908+0000][7][gc,task     ] GC(170) Using 8 workers of 8 for evacuation
[2024-03-03T22:13:42.908+0000][7][gc,age      ] GC(170) Desired survivor size 41943040 bytes, new threshold 15 (max threshold 15)
[2024-03-03T22:13:42.910+0000][7][gc,phases   ] GC(170)   Pre Evacuate Collection Set: 0.1ms
[2024-03-03T22:13:42.910+0000][7][gc,phases   ] GC(170)   Merge Heap Roots: 0.0ms
[2024-03-03T22:13:42.910+0000][7][gc,phases   ] GC(170)   Evacuate Collection Set: 1.2ms
[2024-03-03T22:13:42.910+0000][7][gc,phases   ] GC(170)   Post Evacuate Collection Set: 0.5ms
[2024-03-03T22:13:42.910+0000][7][gc,phases   ] GC(170)   Other: 0.1ms
[2024-03-03T22:13:42.910+0000][7][gc,age      ] GC(170) Age table with threshold 15 (max threshold 15)
[2024-03-03T22:13:42.910+0000][7][gc,age      ] GC(170) - age   1:    1947624 bytes,    1947624 total
[2024-03-03T22:13:42.910+0000][7][gc,age      ] GC(170) - age   2:       1856 bytes,    1949480 total
[2024-03-03T22:13:42.910+0000][7][gc,age      ] GC(170) - age   3:       4752 bytes,    1954232 total
[2024-03-03T22:13:42.910+0000][7][gc,age      ] GC(170) - age   4:       1032 bytes,    1955264 total
[2024-03-03T22:13:42.910+0000][7][gc,age      ] GC(170) - age   5:        440 bytes,    1955704 total
[2024-03-03T22:13:42.910+0000][7][gc,age      ] GC(170) - age   6:        968 bytes,    1956672 total
[2024-03-03T22:13:42.910+0000][7][gc,age      ] GC(170) - age   7:       2976 bytes,    1959648 total
[2024-03-03T22:13:42.910+0000][7][gc,age      ] GC(170) - age   8:      36472 bytes,    1996120 total
[2024-03-03T22:13:42.910+0000][7][gc,age      ] GC(170) - age   9:      95696 bytes,    2091816 total
[2024-03-03T22:13:42.910+0000][7][gc,age      ] GC(170) - age  10:     502384 bytes,    2594200 total
[2024-03-03T22:13:42.910+0000][7][gc,age      ] GC(170) - age  12:        128 bytes,    2594328 total
[2024-03-03T22:13:42.910+0000][7][gc,age      ] GC(170) - age  13:      93272 bytes,    2687600 total
[2024-03-03T22:13:42.910+0000][7][gc,age      ] GC(170) - age  14:         24 bytes,    2687624 total
[2024-03-03T22:13:42.910+0000][7][gc,heap     ] GC(170) Eden regions: 152->0(152)
[2024-03-03T22:13:42.910+0000][7][gc,heap     ] GC(170) Survivor regions: 1->1(20)
[2024-03-03T22:13:42.910+0000][7][gc,heap     ] GC(170) Old regions: 23->23
[2024-03-03T22:13:42.910+0000][7][gc,heap     ] GC(170) Archive regions: 2->2
[2024-03-03T22:13:42.910+0000][7][gc,heap     ] GC(170) Humongous regions: 0->0
[2024-03-03T22:13:42.910+0000][7][gc,metaspace] GC(170) Metaspace: 127288K(130624K)->127288K(130624K) NonClass: 110708K(112448K)->110708K(112448K) Class: 16580K(18176K)->16580K(18176K)
[2024-03-03T22:13:42.910+0000][7][gc          ] GC(170) Pause Young (Normal) (G1 Evacuation Pause) 703M->96M(1024M) 2.033ms
[2024-03-03T22:13:42.910+0000][7][gc,cpu      ] GC(170) User=0.01s Sys=0.00s Real=0.00s
[2024-03-03T22:13:42.910+0000][7][safepoint   ] Safepoint "G1CollectForAllocation", Time since last: 9761219889 ns, Reaching safepoint: 31625 ns, At safepoint: 2096599 ns, Total: 2128224 ns
[2024-03-03T22:16:12.455+0000][7][gc,start    ] GC(171) Pause Young (Normal) (G1 Evacuation Pause)
[2024-03-03T22:16:12.455+0000][7][gc,task     ] GC(171) Using 8 workers of 8 for evacuation
[2024-03-03T22:16:12.455+0000][7][gc,age      ] GC(171) Desired survivor size 41943040 bytes, new threshold 15 (max threshold 15)
[2024-03-03T22:16:12.457+0000][7][gc,phases   ] GC(171)   Pre Evacuate Collection Set: 0.1ms
[2024-03-03T22:16:12.457+0000][7][gc,phases   ] GC(171)   Merge Heap Roots: 0.0ms
[2024-03-03T22:16:12.457+0000][7][gc,phases   ] GC(171)   Evacuate Collection Set: 1.1ms
[2024-03-03T22:16:12.457+0000][7][gc,phases   ] GC(171)   Post Evacuate Collection Set: 0.6ms
[2024-03-03T22:16:12.457+0000][7][gc,phases   ] GC(171)   Other: 0.1ms
[2024-03-03T22:16:12.457+0000][7][gc,age      ] GC(171) Age table with threshold 15 (max threshold 15)
[2024-03-03T22:16:12.457+0000][7][gc,age      ] GC(171) - age   1:    1823304 bytes,    1823304 total
[2024-03-03T22:16:12.457+0000][7][gc,age      ] GC(171) - age   2:       2856 bytes,    1826160 total
[2024-03-03T22:16:12.457+0000][7][gc,age      ] GC(171) - age   3:        544 bytes,    1826704 total
[2024-03-03T22:16:12.457+0000][7][gc,age      ] GC(171) - age   4:       4272 bytes,    1830976 total
[2024-03-03T22:16:12.457+0000][7][gc,age      ] GC(171) - age   5:        840 bytes,    1831816 total
[2024-03-03T22:16:12.457+0000][7][gc,age      ] GC(171) - age   6:        376 bytes,    1832192 total
[2024-03-03T22:16:12.457+0000][7][gc,age      ] GC(171) - age   7:        968 bytes,    1833160 total
[2024-03-03T22:16:12.457+0000][7][gc,age      ] GC(171) - age   8:       2976 bytes,    1836136 total
[2024-03-03T22:16:12.457+0000][7][gc,age      ] GC(171) - age   9:      36344 bytes,    1872480 total
[2024-03-03T22:16:12.457+0000][7][gc,age      ] GC(171) - age  10:      95696 bytes,    1968176 total
[2024-03-03T22:16:12.457+0000][7][gc,age      ] GC(171) - age  11:     502384 bytes,    2470560 total
[2024-03-03T22:16:12.457+0000][7][gc,age      ] GC(171) - age  13:        128 bytes,    2470688 total
[2024-03-03T22:16:12.457+0000][7][gc,age      ] GC(171) - age  14:      93272 bytes,    2563960 total
[2024-03-03T22:16:12.457+0000][7][gc,age      ] GC(171) - age  15:         24 bytes,    2563984 total
[2024-03-03T22:16:12.457+0000][7][gc,heap     ] GC(171) Eden regions: 152->0(152)
[2024-03-03T22:16:12.457+0000][7][gc,heap     ] GC(171) Survivor regions: 1->1(20)
[2024-03-03T22:16:12.457+0000][7][gc,heap     ] GC(171) Old regions: 23->23
[2024-03-03T22:16:12.457+0000][7][gc,heap     ] GC(171) Archive regions: 2->2
[2024-03-03T22:16:12.457+0000][7][gc,heap     ] GC(171) Humongous regions: 0->0
[2024-03-03T22:16:12.457+0000][7][gc,metaspace] GC(171) Metaspace: 127289K(130624K)->127289K(130624K) NonClass: 110709K(112448K)->110709K(112448K) Class: 16580K(18176K)->16580K(18176K)
[2024-03-03T22:16:12.458+0000][7][gc          ] GC(171) Pause Young (Normal) (G1 Evacuation Pause) 704M->96M(1024M) 2.058ms
[2024-03-03T22:16:12.458+0000][7][gc,cpu      ] GC(171) User=0.01s Sys=0.00s Real=0.00s
[2024-03-03T22:16:12.458+0000][7][safepoint   ] Safepoint "G1CollectForAllocation", Time since last: 149545407253 ns, Reaching safepoint: 33354 ns, At safepoint: 2122365 ns, Total: 2155719 ns
[2024-03-03T22:16:33.461+0000][7][safepoint   ] Safepoint "Cleanup", Time since last: 21003845349 ns, Reaching safepoint: 81705 ns, At safepoint: 8787 ns, Total: 90492 ns
[2024-03-03T22:18:51.644+0000][7][gc,start    ] GC(172) Pause Young (Normal) (G1 Evacuation Pause)
[2024-03-03T22:18:51.644+0000][7][gc,task     ] GC(172) Using 8 workers of 8 for evacuation
[2024-03-03T22:18:51.644+0000][7][gc,age      ] GC(172) Desired survivor size 41943040 bytes, new threshold 15 (max threshold 15)
[2024-03-03T22:18:51.647+0000][7][gc,phases   ] GC(172)   Pre Evacuate Collection Set: 0.1ms
[2024-03-03T22:18:51.647+0000][7][gc,phases   ] GC(172)   Merge Heap Roots: 0.1ms
[2024-03-03T22:18:51.647+0000][7][gc,phases   ] GC(172)   Evacuate Collection Set: 2.1ms
[2024-03-03T22:18:51.647+0000][7][gc,phases   ] GC(172)   Post Evacuate Collection Set: 1.0ms
[2024-03-03T22:18:51.647+0000][7][gc,phases   ] GC(172)   Other: 0.1ms
[2024-03-03T22:18:51.647+0000][7][gc,age      ] GC(172) Age table with threshold 15 (max threshold 15)
[2024-03-03T22:18:51.647+0000][7][gc,age      ] GC(172) - age   1:    1396128 bytes,    1396128 total
[2024-03-03T22:18:51.647+0000][7][gc,age      ] GC(172) - age   2:       2344 bytes,    1398472 total
[2024-03-03T22:18:51.647+0000][7][gc,age      ] GC(172) - age   3:       1224 bytes,    1399696 total
[2024-03-03T22:18:51.647+0000][7][gc,age      ] GC(172) - age   4:        184 bytes,    1399880 total
[2024-03-03T22:18:51.647+0000][7][gc,age      ] GC(172) - age   5:        632 bytes,    1400512 total
[2024-03-03T22:18:51.647+0000][7][gc,age      ] GC(172) - age   6:        712 bytes,    1401224 total
[2024-03-03T22:18:51.647+0000][7][gc,age      ] GC(172) - age   7:        376 bytes,    1401600 total
[2024-03-03T22:18:51.647+0000][7][gc,age      ] GC(172) - age   8:        584 bytes,    1402184 total
[2024-03-03T22:18:51.647+0000][7][gc,age      ] GC(172) - age   9:       2976 bytes,    1405160 total
[2024-03-03T22:18:51.647+0000][7][gc,age      ] GC(172) - age  10:      36160 bytes,    1441320 total
[2024-03-03T22:18:51.648+0000][7][gc,age      ] GC(172) - age  11:      95696 bytes,    1537016 total
[2024-03-03T22:18:51.648+0000][7][gc,age      ] GC(172) - age  12:     502384 bytes,    2039400 total
[2024-03-03T22:18:51.648+0000][7][gc,age      ] GC(172) - age  14:        128 bytes,    2039528 total
[2024-03-03T22:18:51.648+0000][7][gc,age      ] GC(172) - age  15:      93272 bytes,    2132800 total
[2024-03-03T22:18:51.648+0000][7][gc,heap     ] GC(172) Eden regions: 152->0(152)
[2024-03-03T22:18:51.648+0000][7][gc,heap     ] GC(172) Survivor regions: 1->1(20)
[2024-03-03T22:18:51.648+0000][7][gc,heap     ] GC(172) Old regions: 23->23
[2024-03-03T22:18:51.648+0000][7][gc,heap     ] GC(172) Archive regions: 2->2
[2024-03-03T22:18:51.648+0000][7][gc,heap     ] GC(172) Humongous regions: 0->0
[2024-03-03T22:18:51.648+0000][7][gc,metaspace] GC(172) Metaspace: 127289K(130624K)->127289K(130624K) NonClass: 110709K(112448K)->110709K(112448K) Class: 16580K(18176K)->16580K(18176K)
[2024-03-03T22:18:51.648+0000][7][gc          ] GC(172) Pause Young (Normal) (G1 Evacuation Pause) 704M->96M(1024M) 3.824ms
[2024-03-03T22:18:51.648+0000][7][gc,cpu      ] GC(172) User=0.02s Sys=0.00s Real=0.00s
[2024-03-03T22:18:51.648+0000][7][safepoint   ] Safepoint "G1CollectForAllocation", Time since last: 138182212731 ns, Reaching safepoint: 66785 ns, At safepoint: 3939513 ns, Total: 4006298 ns
[2024-03-03T22:21:17.869+0000][7][safepoint   ] Safepoint "Cleanup", Time since last: 145025695752 ns, Reaching safepoint: 94564 ns, At safepoint: 47946 ns, Total: 142510 ns
[2024-03-03T22:21:25.356+0000][7][gc,start    ] GC(173) Pause Young (Normal) (G1 Evacuation Pause)
[2024-03-03T22:21:25.356+0000][7][gc,task     ] GC(173) Using 8 workers of 8 for evacuation
[2024-03-03T22:21:25.356+0000][7][gc,age      ] GC(173) Desired survivor size 41943040 bytes, new threshold 15 (max threshold 15)
[2024-03-03T22:21:25.359+0000][7][gc,phases   ] GC(173)   Pre Evacuate Collection Set: 0.1ms
[2024-03-03T22:21:25.359+0000][7][gc,phases   ] GC(173)   Merge Heap Roots: 0.1ms
[2024-03-03T22:21:25.359+0000][7][gc,phases   ] GC(173)   Evacuate Collection Set: 2.2ms
[2024-03-03T22:21:25.359+0000][7][gc,phases   ] GC(173)   Post Evacuate Collection Set: 1.1ms
[2024-03-03T22:21:25.359+0000][7][gc,phases   ] GC(173)   Other: 0.1ms
[2024-03-03T22:21:25.359+0000][7][gc,age      ] GC(173) Age table with threshold 15 (max threshold 15)
[2024-03-03T22:21:25.359+0000][7][gc,age      ] GC(173) - age   1:    1464120 bytes,    1464120 total
[2024-03-03T22:21:25.359+0000][7][gc,age      ] GC(173) - age   2:       6096 bytes,    1470216 total
[2024-03-03T22:21:25.359+0000][7][gc,age      ] GC(173) - age   3:        736 bytes,    1470952 total
[2024-03-03T22:21:25.359+0000][7][gc,age      ] GC(173) - age   4:       1224 bytes,    1472176 total
[2024-03-03T22:21:25.359+0000][7][gc,age      ] GC(173) - age   5:        184 bytes,    1472360 total
[2024-03-03T22:21:25.359+0000][7][gc,age      ] GC(173) - age   6:        112 bytes,    1472472 total
[2024-03-03T22:21:25.359+0000][7][gc,age      ] GC(173) - age   7:        712 bytes,    1473184 total
[2024-03-03T22:21:25.360+0000][7][gc,age      ] GC(173) - age   8:        376 bytes,    1473560 total
[2024-03-03T22:21:25.360+0000][7][gc,age      ] GC(173) - age   9:        584 bytes,    1474144 total
[2024-03-03T22:21:25.360+0000][7][gc,age      ] GC(173) - age  10:       2792 bytes,    1476936 total
[2024-03-03T22:21:25.360+0000][7][gc,age      ] GC(173) - age  11:      36160 bytes,    1513096 total
[2024-03-03T22:21:25.360+0000][7][gc,age      ] GC(173) - age  12:      95696 bytes,    1608792 total
[2024-03-03T22:21:25.360+0000][7][gc,age      ] GC(173) - age  13:     502384 bytes,    2111176 total
[2024-03-03T22:21:25.360+0000][7][gc,age      ] GC(173) - age  15:        128 bytes,    2111304 total
[2024-03-03T22:21:25.360+0000][7][gc,heap     ] GC(173) Eden regions: 152->0(152)
[2024-03-03T22:21:25.360+0000][7][gc,heap     ] GC(173) Survivor regions: 1->1(20)
[2024-03-03T22:21:25.360+0000][7][gc,heap     ] GC(173) Old regions: 23->23
[2024-03-03T22:21:25.360+0000][7][gc,heap     ] GC(173) Archive regions: 2->2
[2024-03-03T22:21:25.360+0000][7][gc,heap     ] GC(173) Humongous regions: 0->0
[2024-03-03T22:21:25.360+0000][7][gc,metaspace] GC(173) Metaspace: 127289K(130624K)->127289K(130624K) NonClass: 110709K(112448K)->110709K(112448K) Class: 16580K(18176K)->16580K(18176K)
[2024-03-03T22:21:25.360+0000][7][gc          ] GC(173) Pause Young (Normal) (G1 Evacuation Pause) 704M->96M(1024M) 4.025ms
[2024-03-03T22:21:25.360+0000][7][gc,cpu      ] GC(173) User=0.02s Sys=0.00s Real=0.00s
[2024-03-03T22:21:25.360+0000][7][safepoint   ] Safepoint "G1CollectForAllocation", Time since last: 7486811293 ns, Reaching safepoint: 52633 ns, At safepoint: 4140160 ns, Total: 4192793 ns
[2024-03-03T22:21:28.360+0000][7][safepoint   ] Safepoint "Cleanup", Time since last: 3000634489 ns, Reaching safepoint: 56675 ns, At safepoint: 41404 ns, Total: 98079 ns
[2024-03-03T22:24:37.258+0000][7][gc,start    ] GC(174) Pause Young (Normal) (G1 Evacuation Pause)
[2024-03-03T22:24:37.258+0000][7][gc,task     ] GC(174) Using 8 workers of 8 for evacuation
[2024-03-03T22:24:37.259+0000][7][gc,age      ] GC(174) Desired survivor size 41943040 bytes, new threshold 15 (max threshold 15)
[2024-03-03T22:24:37.261+0000][7][gc,phases   ] GC(174)   Pre Evacuate Collection Set: 0.1ms
[2024-03-03T22:24:37.261+0000][7][gc,phases   ] GC(174)   Merge Heap Roots: 0.1ms
[2024-03-03T22:24:37.261+0000][7][gc,phases   ] GC(174)   Evacuate Collection Set: 1.7ms
[2024-03-03T22:24:37.261+0000][7][gc,phases   ] GC(174)   Post Evacuate Collection Set: 0.7ms
[2024-03-03T22:24:37.261+0000][7][gc,phases   ] GC(174)   Other: 0.1ms
[2024-03-03T22:24:37.261+0000][7][gc,age      ] GC(174) Age table with threshold 15 (max threshold 15)
[2024-03-03T22:24:37.261+0000][7][gc,age      ] GC(174) - age   1:    1517000 bytes,    1517000 total
[2024-03-03T22:24:37.261+0000][7][gc,age      ] GC(174) - age   2:      10472 bytes,    1527472 total
[2024-03-03T22:24:37.261+0000][7][gc,age      ] GC(174) - age   3:       4024 bytes,    1531496 total
[2024-03-03T22:24:37.261+0000][7][gc,age      ] GC(174) - age   4:        296 bytes,    1531792 total
[2024-03-03T22:24:37.261+0000][7][gc,age      ] GC(174) - age   5:        512 bytes,    1532304 total
[2024-03-03T22:24:37.261+0000][7][gc,age      ] GC(174) - age   6:        184 bytes,    1532488 total
[2024-03-03T22:24:37.261+0000][7][gc,age      ] GC(174) - age   7:        112 bytes,    1532600 total
[2024-03-03T22:24:37.261+0000][7][gc,age      ] GC(174) - age   8:        712 bytes,    1533312 total
[2024-03-03T22:24:37.261+0000][7][gc,age      ] GC(174) - age   9:        344 bytes,    1533656 total
[2024-03-03T22:24:37.261+0000][7][gc,age      ] GC(174) - age  10:        584 bytes,    1534240 total
[2024-03-03T22:24:37.261+0000][7][gc,age      ] GC(174) - age  11:       2792 bytes,    1537032 total
[2024-03-03T22:24:37.261+0000][7][gc,age      ] GC(174) - age  12:      36160 bytes,    1573192 total
[2024-03-03T22:24:37.261+0000][7][gc,age      ] GC(174) - age  13:      95696 bytes,    1668888 total
[2024-03-03T22:24:37.261+0000][7][gc,age      ] GC(174) - age  14:     502384 bytes,    2171272 total
[2024-03-03T22:24:37.261+0000][7][gc,heap     ] GC(174) Eden regions: 152->0(152)
[2024-03-03T22:24:37.261+0000][7][gc,heap     ] GC(174) Survivor regions: 1->1(20)
[2024-03-03T22:24:37.261+0000][7][gc,heap     ] GC(174) Old regions: 23->23
[2024-03-03T22:24:37.261+0000][7][gc,heap     ] GC(174) Archive regions: 2->2
[2024-03-03T22:24:37.261+0000][7][gc,heap     ] GC(174) Humongous regions: 0->0
[2024-03-03T22:24:37.261+0000][7][gc,metaspace] GC(174) Metaspace: 127302K(130688K)->127302K(130688K) NonClass: 110721K(112512K)->110721K(112512K) Class: 16580K(18176K)->16580K(18176K)
[2024-03-03T22:24:37.261+0000][7][gc          ] GC(174) Pause Young (Normal) (G1 Evacuation Pause) 704M->96M(1024M) 2.946ms
[2024-03-03T22:24:37.261+0000][7][gc,cpu      ] GC(174) User=0.01s Sys=0.00s Real=0.00s
[2024-03-03T22:24:37.261+0000][7][safepoint   ] Safepoint "G1CollectForAllocation", Time since last: 188897866980 ns, Reaching safepoint: 67371 ns, At safepoint: 3035270 ns, Total: 3102641 ns
[2024-03-03T22:25:56.271+0000][7][safepoint   ] Safepoint "Cleanup", Time since last: 79009310205 ns, Reaching safepoint: 118713 ns, At safepoint: 29143 ns, Total: 147856 ns
[2024-03-03T22:27:32.286+0000][7][safepoint   ] Safepoint "Cleanup", Time since last: 96014609391 ns, Reaching safepoint: 90145 ns, At safepoint: 46872 ns, Total: 137017 ns
[2024-03-03T22:27:50.376+0000][7][gc,start    ] GC(175) Pause Young (Normal) (G1 Evacuation Pause)
[2024-03-03T22:27:50.376+0000][7][gc,task     ] GC(175) Using 8 workers of 8 for evacuation
[2024-03-03T22:27:50.376+0000][7][gc,age      ] GC(175) Desired survivor size 41943040 bytes, new threshold 15 (max threshold 15)
[2024-03-03T22:27:50.379+0000][7][gc,phases   ] GC(175)   Pre Evacuate Collection Set: 0.2ms
[2024-03-03T22:27:50.379+0000][7][gc,phases   ] GC(175)   Merge Heap Roots: 0.2ms
[2024-03-03T22:27:50.379+0000][7][gc,phases   ] GC(175)   Evacuate Collection Set: 1.9ms
[2024-03-03T22:27:50.379+0000][7][gc,phases   ] GC(175)   Post Evacuate Collection Set: 0.9ms
[2024-03-03T22:27:50.380+0000][7][gc,phases   ] GC(175)   Other: 0.1ms
[2024-03-03T22:27:50.380+0000][7][gc,age      ] GC(175) Age table with threshold 15 (max threshold 15)
[2024-03-03T22:27:50.380+0000][7][gc,age      ] GC(175) - age   1:    1304560 bytes,    1304560 total
[2024-03-03T22:27:50.380+0000][7][gc,age      ] GC(175) - age   2:       3608 bytes,    1308168 total
[2024-03-03T22:27:50.380+0000][7][gc,age      ] GC(175) - age   3:        728 bytes,    1308896 total
[2024-03-03T22:27:50.380+0000][7][gc,age      ] GC(175) - age   4:        568 bytes,    1309464 total
[2024-03-03T22:27:50.380+0000][7][gc,age      ] GC(175) - age   5:        296 bytes,    1309760 total
[2024-03-03T22:27:50.380+0000][7][gc,age      ] GC(175) - age   6:        384 bytes,    1310144 total
[2024-03-03T22:27:50.380+0000][7][gc,age      ] GC(175) - age   8:        112 bytes,    1310256 total
[2024-03-03T22:27:50.380+0000][7][gc,age      ] GC(175) - age   9:        712 bytes,    1310968 total
[2024-03-03T22:27:50.380+0000][7][gc,age      ] GC(175) - age  10:        344 bytes,    1311312 total
[2024-03-03T22:27:50.380+0000][7][gc,age      ] GC(175) - age  11:        584 bytes,    1311896 total
[2024-03-03T22:27:50.380+0000][7][gc,age      ] GC(175) - age  12:       2792 bytes,    1314688 total
[2024-03-03T22:27:50.380+0000][7][gc,age      ] GC(175) - age  13:      36072 bytes,    1350760 total
[2024-03-03T22:27:50.380+0000][7][gc,age      ] GC(175) - age  14:      95696 bytes,    1446456 total
[2024-03-03T22:27:50.380+0000][7][gc,age      ] GC(175) - age  15:     502384 bytes,    1948840 total
[2024-03-03T22:27:50.380+0000][7][gc,heap     ] GC(175) Eden regions: 152->0(152)
[2024-03-03T22:27:50.380+0000][7][gc,heap     ] GC(175) Survivor regions: 1->1(20)
[2024-03-03T22:27:50.380+0000][7][gc,heap     ] GC(175) Old regions: 23->23
[2024-03-03T22:27:50.380+0000][7][gc,heap     ] GC(175) Archive regions: 2->2
[2024-03-03T22:27:50.380+0000][7][gc,heap     ] GC(175) Humongous regions: 0->0
[2024-03-03T22:27:50.380+0000][7][gc,metaspace] GC(175) Metaspace: 127308K(130688K)->127308K(130688K) NonClass: 110728K(112512K)->110728K(112512K) Class: 16580K(18176K)->16580K(18176K)
[2024-03-03T22:27:50.380+0000][7][gc          ] GC(175) Pause Young (Normal) (G1 Evacuation Pause) 704M->95M(1024M) 3.675ms
[2024-03-03T22:27:50.380+0000][7][gc,cpu      ] GC(175) User=0.02s Sys=0.00s Real=0.00s
[2024-03-03T22:27:50.380+0000][7][safepoint   ] Safepoint "G1CollectForAllocation", Time since last: 18090241154 ns, Reaching safepoint: 101176 ns, At safepoint: 3784691 ns, Total: 3885867 ns
[2024-03-03T22:29:28.396+0000][7][safepoint   ] Safepoint "Cleanup", Time since last: 98016037452 ns, Reaching safepoint: 133098 ns, At safepoint: 14785 ns, Total: 147883 ns
[2024-03-03T22:31:11.283+0000][7][gc,start    ] GC(176) Pause Young (Normal) (G1 Evacuation Pause)
[2024-03-03T22:31:11.283+0000][7][gc,task     ] GC(176) Using 8 workers of 8 for evacuation
[2024-03-03T22:31:11.283+0000][7][gc,age      ] GC(176) Desired survivor size 41943040 bytes, new threshold 15 (max threshold 15)
[2024-03-03T22:31:11.286+0000][7][gc,phases   ] GC(176)   Pre Evacuate Collection Set: 0.1ms
[2024-03-03T22:31:11.286+0000][7][gc,phases   ] GC(176)   Merge Heap Roots: 0.1ms
[2024-03-03T22:31:11.286+0000][7][gc,phases   ] GC(176)   Evacuate Collection Set: 1.8ms
[2024-03-03T22:31:11.286+0000][7][gc,phases   ] GC(176)   Post Evacuate Collection Set: 1.0ms
[2024-03-03T22:31:11.286+0000][7][gc,phases   ] GC(176)   Other: 0.2ms
[2024-03-03T22:31:11.286+0000][7][gc,age      ] GC(176) Age table with threshold 15 (max threshold 15)
[2024-03-03T22:31:11.286+0000][7][gc,age      ] GC(176) - age   1:    1026792 bytes,    1026792 total
[2024-03-03T22:31:11.286+0000][7][gc,age      ] GC(176) - age   2:       5888 bytes,    1032680 total
[2024-03-03T22:31:11.286+0000][7][gc,age      ] GC(176) - age   3:       1440 bytes,    1034120 total
[2024-03-03T22:31:11.286+0000][7][gc,age      ] GC(176) - age   4:        664 bytes,    1034784 total
[2024-03-03T22:31:11.286+0000][7][gc,age      ] GC(176) - age   5:        568 bytes,    1035352 total
[2024-03-03T22:31:11.286+0000][7][gc,age      ] GC(176) - age   7:        384 bytes,    1035736 total
[2024-03-03T22:31:11.286+0000][7][gc,age      ] GC(176) - age   9:        112 bytes,    1035848 total
[2024-03-03T22:31:11.286+0000][7][gc,age      ] GC(176) - age  10:        712 bytes,    1036560 total
[2024-03-03T22:31:11.286+0000][7][gc,age      ] GC(176) - age  11:        344 bytes,    1036904 total
[2024-03-03T22:31:11.286+0000][7][gc,age      ] GC(176) - age  12:        584 bytes,    1037488 total
[2024-03-03T22:31:11.286+0000][7][gc,age      ] GC(176) - age  13:       2792 bytes,    1040280 total
[2024-03-03T22:31:11.286+0000][7][gc,age      ] GC(176) - age  14:      36072 bytes,    1076352 total
[2024-03-03T22:31:11.286+0000][7][gc,age      ] GC(176) - age  15:      95696 bytes,    1172048 total
[2024-03-03T22:31:11.286+0000][7][gc,heap     ] GC(176) Eden regions: 152->0(152)
[2024-03-03T22:31:11.286+0000][7][gc,heap     ] GC(176) Survivor regions: 1->1(20)
[2024-03-03T22:31:11.286+0000][7][gc,heap     ] GC(176) Old regions: 23->23
[2024-03-03T22:31:11.286+0000][7][gc,heap     ] GC(176) Archive regions: 2->2
[2024-03-03T22:31:11.286+0000][7][gc,heap     ] GC(176) Humongous regions: 0->0
[2024-03-03T22:31:11.286+0000][7][gc,metaspace] GC(176) Metaspace: 127309K(130688K)->127309K(130688K) NonClass: 110729K(112512K)->110729K(112512K) Class: 16580K(18176K)->16580K(18176K)
[2024-03-03T22:31:11.286+0000][7][gc          ] GC(176) Pause Young (Normal) (G1 Evacuation Pause) 703M->95M(1024M) 3.518ms
[2024-03-03T22:31:11.286+0000][7][gc,cpu      ] GC(176) User=0.01s Sys=0.00s Real=0.01s
[2024-03-03T22:31:11.286+0000][7][safepoint   ] Safepoint "G1CollectForAllocation", Time since last: 102886410991 ns, Reaching safepoint: 148739 ns, At safepoint: 3623444 ns, Total: 3772183 ns
[2024-03-03T22:31:42.291+0000][7][safepoint   ] Safepoint "Cleanup", Time since last: 31004539595 ns, Reaching safepoint: 76002 ns, At safepoint: 8525 ns, Total: 84527 ns
[2024-03-03T22:32:28.298+0000][7][safepoint   ] Safepoint "Cleanup", Time since last: 46006828598 ns, Reaching safepoint: 103758 ns, At safepoint: 13077 ns, Total: 116835 ns
[2024-03-03T22:34:25.404+0000][7][gc,start    ] GC(177) Pause Young (Normal) (G1 Evacuation Pause)
[2024-03-03T22:34:25.404+0000][7][gc,task     ] GC(177) Using 8 workers of 8 for evacuation
[2024-03-03T22:34:25.404+0000][7][gc,age      ] GC(177) Desired survivor size 41943040 bytes, new threshold 15 (max threshold 15)
[2024-03-03T22:34:25.406+0000][7][gc,phases   ] GC(177)   Pre Evacuate Collection Set: 0.1ms
[2024-03-03T22:34:25.406+0000][7][gc,phases   ] GC(177)   Merge Heap Roots: 0.1ms
[2024-03-03T22:34:25.406+0000][7][gc,phases   ] GC(177)   Evacuate Collection Set: 1.3ms
[2024-03-03T22:34:25.406+0000][7][gc,phases   ] GC(177)   Post Evacuate Collection Set: 0.7ms
[2024-03-03T22:34:25.406+0000][7][gc,phases   ] GC(177)   Other: 0.1ms
[2024-03-03T22:34:25.406+0000][7][gc,age      ] GC(177) Age table with threshold 15 (max threshold 15)
[2024-03-03T22:34:25.406+0000][7][gc,age      ] GC(177) - age   1:    1006296 bytes,    1006296 total
[2024-03-03T22:34:25.406+0000][7][gc,age      ] GC(177) - age   2:       2424 bytes,    1008720 total
[2024-03-03T22:34:25.406+0000][7][gc,age      ] GC(177) - age   3:       3840 bytes,    1012560 total
[2024-03-03T22:34:25.406+0000][7][gc,age      ] GC(177) - age   4:        688 bytes,    1013248 total
[2024-03-03T22:34:25.406+0000][7][gc,age      ] GC(177) - age   5:        480 bytes,    1013728 total
[2024-03-03T22:34:25.406+0000][7][gc,age      ] GC(177) - age   6:        568 bytes,    1014296 total
[2024-03-03T22:34:25.406+0000][7][gc,age      ] GC(177) - age   8:        352 bytes,    1014648 total
[2024-03-03T22:34:25.406+0000][7][gc,age      ] GC(177) - age  10:        112 bytes,    1014760 total
[2024-03-03T22:34:25.406+0000][7][gc,age      ] GC(177) - age  11:        712 bytes,    1015472 total
[2024-03-03T22:34:25.406+0000][7][gc,age      ] GC(177) - age  12:        344 bytes,    1015816 total
[2024-03-03T22:34:25.406+0000][7][gc,age      ] GC(177) - age  13:        584 bytes,    1016400 total
[2024-03-03T22:34:25.406+0000][7][gc,age      ] GC(177) - age  14:       2792 bytes,    1019192 total
[2024-03-03T22:34:25.406+0000][7][gc,age      ] GC(177) - age  15:      36072 bytes,    1055264 total
[2024-03-03T22:34:25.406+0000][7][gc,heap     ] GC(177) Eden regions: 152->0(152)
[2024-03-03T22:34:25.406+0000][7][gc,heap     ] GC(177) Survivor regions: 1->1(20)
[2024-03-03T22:34:25.406+0000][7][gc,heap     ] GC(177) Old regions: 23->23
[2024-03-03T22:34:25.406+0000][7][gc,heap     ] GC(177) Archive regions: 2->2
[2024-03-03T22:34:25.406+0000][7][gc,heap     ] GC(177) Humongous regions: 0->0
[2024-03-03T22:34:25.406+0000][7][gc,metaspace] GC(177) Metaspace: 127312K(130688K)->127312K(130688K) NonClass: 110732K(112512K)->110732K(112512K) Class: 16580K(18176K)->16580K(18176K)
[2024-03-03T22:34:25.406+0000][7][gc          ] GC(177) Pause Young (Normal) (G1 Evacuation Pause) 703M->95M(1024M) 2.600ms
[2024-03-03T22:34:25.406+0000][7][gc,cpu      ] GC(177) User=0.01s Sys=0.00s Real=0.01s
[2024-03-03T22:34:25.406+0000][7][safepoint   ] Safepoint "G1CollectForAllocation", Time since last: 117106012483 ns, Reaching safepoint: 65994 ns, At safepoint: 2693806 ns, Total: 2759800 ns
[2024-03-03T22:36:16.420+0000][7][safepoint   ] Safepoint "Cleanup", Time since last: 111013565230 ns, Reaching safepoint: 86602 ns, At safepoint: 48926 ns, Total: 135528 ns
[2024-03-03T22:37:43.845+0000][7][gc,start    ] GC(178) Pause Young (Normal) (G1 Evacuation Pause)
[2024-03-03T22:37:43.845+0000][7][gc,task     ] GC(178) Using 8 workers of 8 for evacuation
[2024-03-03T22:37:43.845+0000][7][gc,age      ] GC(178) Desired survivor size 41943040 bytes, new threshold 15 (max threshold 15)
[2024-03-03T22:37:43.848+0000][7][gc,phases   ] GC(178)   Pre Evacuate Collection Set: 0.1ms
[2024-03-03T22:37:43.848+0000][7][gc,phases   ] GC(178)   Merge Heap Roots: 0.1ms
[2024-03-03T22:37:43.848+0000][7][gc,phases   ] GC(178)   Evacuate Collection Set: 1.6ms
[2024-03-03T22:37:43.848+0000][7][gc,phases   ] GC(178)   Post Evacuate Collection Set: 0.8ms
[2024-03-03T22:37:43.848+0000][7][gc,phases   ] GC(178)   Other: 0.1ms
[2024-03-03T22:37:43.848+0000][7][gc,age      ] GC(178) Age table with threshold 15 (max threshold 15)
[2024-03-03T22:37:43.848+0000][7][gc,age      ] GC(178) - age   1:     982360 bytes,     982360 total
[2024-03-03T22:37:43.848+0000][7][gc,age      ] GC(178) - age   2:       2496 bytes,     984856 total
[2024-03-03T22:37:43.848+0000][7][gc,age      ] GC(178) - age   3:        408 bytes,     985264 total
[2024-03-03T22:37:43.848+0000][7][gc,age      ] GC(178) - age   4:         24 bytes,     985288 total
[2024-03-03T22:37:43.848+0000][7][gc,age      ] GC(178) - age   5:        688 bytes,     985976 total
[2024-03-03T22:37:43.848+0000][7][gc,age      ] GC(178) - age   6:         88 bytes,     986064 total
[2024-03-03T22:37:43.848+0000][7][gc,age      ] GC(178) - age   7:        568 bytes,     986632 total
[2024-03-03T22:37:43.848+0000][7][gc,age      ] GC(178) - age   9:        352 bytes,     986984 total
[2024-03-03T22:37:43.848+0000][7][gc,age      ] GC(178) - age  11:        112 bytes,     987096 total
[2024-03-03T22:37:43.848+0000][7][gc,age      ] GC(178) - age  12:        712 bytes,     987808 total
[2024-03-03T22:37:43.848+0000][7][gc,age      ] GC(178) - age  13:        344 bytes,     988152 total
[2024-03-03T22:37:43.848+0000][7][gc,age      ] GC(178) - age  14:        584 bytes,     988736 total
[2024-03-03T22:37:43.848+0000][7][gc,age      ] GC(178) - age  15:       2792 bytes,     991528 total
[2024-03-03T22:37:43.848+0000][7][gc,heap     ] GC(178) Eden regions: 152->0(152)
[2024-03-03T22:37:43.848+0000][7][gc,heap     ] GC(178) Survivor regions: 1->1(20)
[2024-03-03T22:37:43.848+0000][7][gc,heap     ] GC(178) Old regions: 23->23
[2024-03-03T22:37:43.848+0000][7][gc,heap     ] GC(178) Archive regions: 2->2
[2024-03-03T22:37:43.848+0000][7][gc,heap     ] GC(178) Humongous regions: 0->0
[2024-03-03T22:37:43.848+0000][7][gc,metaspace] GC(178) Metaspace: 127312K(130688K)->127312K(130688K) NonClass: 110732K(112512K)->110732K(112512K) Class: 16580K(18176K)->16580K(18176K)
[2024-03-03T22:37:43.848+0000][7][gc          ] GC(178) Pause Young (Normal) (G1 Evacuation Pause) 703M->95M(1024M) 2.911ms
[2024-03-03T22:37:43.848+0000][7][gc,cpu      ] GC(178) User=0.00s Sys=0.01s Real=0.01s
[2024-03-03T22:37:43.848+0000][7][safepoint   ] Safepoint "G1CollectForAllocation", Time since last: 87424794561 ns, Reaching safepoint: 56182 ns, At safepoint: 3004258 ns, Total: 3060440 ns
[2024-03-03T22:40:27.866+0000][7][safepoint   ] Safepoint "Cleanup", Time since last: 164017912796 ns, Reaching safepoint: 74898 ns, At safepoint: 13109 ns, Total: 88007 ns
[2024-03-03T22:41:02.253+0000][7][gc,start    ] GC(179) Pause Young (Normal) (G1 Evacuation Pause)
[2024-03-03T22:41:02.253+0000][7][gc,task     ] GC(179) Using 8 workers of 8 for evacuation
[2024-03-03T22:41:02.253+0000][7][gc,age      ] GC(179) Desired survivor size 41943040 bytes, new threshold 15 (max threshold 15)
[2024-03-03T22:41:02.256+0000][7][gc,phases   ] GC(179)   Pre Evacuate Collection Set: 0.1ms
[2024-03-03T22:41:02.256+0000][7][gc,phases   ] GC(179)   Merge Heap Roots: 0.1ms
[2024-03-03T22:41:02.256+0000][7][gc,phases   ] GC(179)   Evacuate Collection Set: 1.6ms
[2024-03-03T22:41:02.256+0000][7][gc,phases   ] GC(179)   Post Evacuate Collection Set: 0.7ms
[2024-03-03T22:41:02.256+0000][7][gc,phases   ] GC(179)   Other: 0.1ms
[2024-03-03T22:41:02.256+0000][7][gc,age      ] GC(179) Age table with threshold 15 (max threshold 15)
[2024-03-03T22:41:02.256+0000][7][gc,age      ] GC(179) - age   1:    1627728 bytes,    1627728 total
[2024-03-03T22:41:02.256+0000][7][gc,age      ] GC(179) - age   2:     178328 bytes,    1806056 total
[2024-03-03T22:41:02.256+0000][7][gc,age      ] GC(179) - age   3:       1472 bytes,    1807528 total
[2024-03-03T22:41:02.256+0000][7][gc,age      ] GC(179) - age   4:        216 bytes,    1807744 total
[2024-03-03T22:41:02.256+0000][7][gc,age      ] GC(179) - age   5:         24 bytes,    1807768 total
[2024-03-03T22:41:02.256+0000][7][gc,age      ] GC(179) - age   6:        688 bytes,    1808456 total
[2024-03-03T22:41:02.256+0000][7][gc,age      ] GC(179) - age   7:         88 bytes,    1808544 total
[2024-03-03T22:41:02.256+0000][7][gc,age      ] GC(179) - age  10:        168 bytes,    1808712 total
[2024-03-03T22:41:02.256+0000][7][gc,age      ] GC(179) - age  12:        112 bytes,    1808824 total
[2024-03-03T22:41:02.256+0000][7][gc,age      ] GC(179) - age  13:        712 bytes,    1809536 total
[2024-03-03T22:41:02.256+0000][7][gc,age      ] GC(179) - age  14:        344 bytes,    1809880 total
[2024-03-03T22:41:02.256+0000][7][gc,age      ] GC(179) - age  15:        584 bytes,    1810464 total
[2024-03-03T22:41:02.256+0000][7][gc,heap     ] GC(179) Eden regions: 152->0(152)
[2024-03-03T22:41:02.256+0000][7][gc,heap     ] GC(179) Survivor regions: 1->1(20)
[2024-03-03T22:41:02.256+0000][7][gc,heap     ] GC(179) Old regions: 23->23
[2024-03-03T22:41:02.256+0000][7][gc,heap     ] GC(179) Archive regions: 2->2
[2024-03-03T22:41:02.256+0000][7][gc,heap     ] GC(179) Humongous regions: 0->0
[2024-03-03T22:41:02.256+0000][7][gc,metaspace] GC(179) Metaspace: 127312K(130688K)->127312K(130688K) NonClass: 110732K(112512K)->110732K(112512K) Class: 16580K(18176K)->16580K(18176K)
[2024-03-03T22:41:02.256+0000][7][gc          ] GC(179) Pause Young (Normal) (G1 Evacuation Pause) 703M->96M(1024M) 2.993ms
[2024-03-03T22:41:02.256+0000][7][gc,cpu      ] GC(179) User=0.01s Sys=0.00s Real=0.01s
[2024-03-03T22:41:02.256+0000][7][safepoint   ] Safepoint "G1CollectForAllocation", Time since last: 34387035461 ns, Reaching safepoint: 49642 ns, At safepoint: 3083772 ns, Total: 3133414 ns
[2024-03-03T22:41:42.261+0000][7][safepoint   ] Safepoint "Cleanup", Time since last: 40004472872 ns, Reaching safepoint: 98215 ns, At safepoint: 12184 ns, Total: 110399 ns
[2024-03-03T22:44:19.303+0000][7][gc,start    ] GC(180) Pause Young (Normal) (G1 Evacuation Pause)
[2024-03-03T22:44:19.303+0000][7][gc,task     ] GC(180) Using 8 workers of 8 for evacuation
[2024-03-03T22:44:19.303+0000][7][gc,age      ] GC(180) Desired survivor size 41943040 bytes, new threshold 15 (max threshold 15)
[2024-03-03T22:44:19.305+0000][7][gc,phases   ] GC(180)   Pre Evacuate Collection Set: 0.1ms
[2024-03-03T22:44:19.305+0000][7][gc,phases   ] GC(180)   Merge Heap Roots: 0.1ms
[2024-03-03T22:44:19.305+0000][7][gc,phases   ] GC(180)   Evacuate Collection Set: 1.1ms
[2024-03-03T22:44:19.305+0000][7][gc,phases   ] GC(180)   Post Evacuate Collection Set: 0.7ms
[2024-03-03T22:44:19.305+0000][7][gc,phases   ] GC(180)   Other: 0.1ms
[2024-03-03T22:44:19.305+0000][7][gc,age      ] GC(180) Age table with threshold 15 (max threshold 15)
[2024-03-03T22:44:19.305+0000][7][gc,age      ] GC(180) - age   1:     981080 bytes,     981080 total
[2024-03-03T22:44:19.305+0000][7][gc,age      ] GC(180) - age   2:       3392 bytes,     984472 total
[2024-03-03T22:44:19.305+0000][7][gc,age      ] GC(180) - age   3:     102720 bytes,    1087192 total
[2024-03-03T22:44:19.305+0000][7][gc,age      ] GC(180) - age   4:        216 bytes,    1087408 total
[2024-03-03T22:44:19.305+0000][7][gc,age      ] GC(180) - age   5:        152 bytes,    1087560 total
[2024-03-03T22:44:19.305+0000][7][gc,age      ] GC(180) - age   6:         24 bytes,    1087584 total
[2024-03-03T22:44:19.305+0000][7][gc,age      ] GC(180) - age   7:        656 bytes,    1088240 total
[2024-03-03T22:44:19.305+0000][7][gc,age      ] GC(180) - age   8:         88 bytes,    1088328 total
[2024-03-03T22:44:19.305+0000][7][gc,age      ] GC(180) - age  11:        168 bytes,    1088496 total
[2024-03-03T22:44:19.305+0000][7][gc,age      ] GC(180) - age  13:        112 bytes,    1088608 total
[2024-03-03T22:44:19.305+0000][7][gc,age      ] GC(180) - age  14:        712 bytes,    1089320 total
[2024-03-03T22:44:19.305+0000][7][gc,age      ] GC(180) - age  15:        344 bytes,    1089664 total
[2024-03-03T22:44:19.305+0000][7][gc,heap     ] GC(180) Eden regions: 152->0(152)
[2024-03-03T22:44:19.305+0000][7][gc,heap     ] GC(180) Survivor regions: 1->1(20)
[2024-03-03T22:44:19.305+0000][7][gc,heap     ] GC(180) Old regions: 23->23
[2024-03-03T22:44:19.305+0000][7][gc,heap     ] GC(180) Archive regions: 2->2
[2024-03-03T22:44:19.305+0000][7][gc,heap     ] GC(180) Humongous regions: 0->0
[2024-03-03T22:44:19.305+0000][7][gc,metaspace] GC(180) Metaspace: 127312K(130688K)->127312K(130688K) NonClass: 110732K(112512K)->110732K(112512K) Class: 16580K(18176K)->16580K(18176K)
[2024-03-03T22:44:19.305+0000][7][gc          ] GC(180) Pause Young (Normal) (G1 Evacuation Pause) 704M->95M(1024M) 2.385ms
[2024-03-03T22:44:19.305+0000][7][gc,cpu      ] GC(180) User=0.01s Sys=0.00s Real=0.00s
[2024-03-03T22:44:19.305+0000][7][safepoint   ] Safepoint "G1CollectForAllocation", Time since last: 157041677132 ns, Reaching safepoint: 76753 ns, At safepoint: 2480738 ns, Total: 2557491 ns
[2024-03-03T22:46:28.318+0000][7][safepoint   ] Safepoint "Cleanup", Time since last: 129012963924 ns, Reaching safepoint: 110240 ns, At safepoint: 10688 ns, Total: 120928 ns
[2024-03-03T22:46:58.322+0000][7][safepoint   ] Safepoint "Cleanup", Time since last: 30003409209 ns, Reaching safepoint: 103641 ns, At safepoint: 25969 ns, Total: 129610 ns
[2024-03-03T22:46:59.322+0000][7][safepoint   ] Safepoint "Cleanup", Time since last: 1000145257 ns, Reaching safepoint: 68523 ns, At safepoint: 7533 ns, Total: 76056 ns
[2024-03-03T22:47:19.324+0000][7][gc,start    ] GC(181) Pause Young (Normal) (G1 Evacuation Pause)
[2024-03-03T22:47:19.324+0000][7][gc,task     ] GC(181) Using 8 workers of 8 for evacuation
[2024-03-03T22:47:19.324+0000][7][gc,age      ] GC(181) Desired survivor size 41943040 bytes, new threshold 15 (max threshold 15)
[2024-03-03T22:47:19.331+0000][7][gc,phases   ] GC(181)   Pre Evacuate Collection Set: 0.2ms
[2024-03-03T22:47:19.331+0000][7][gc,phases   ] GC(181)   Merge Heap Roots: 0.1ms
[2024-03-03T22:47:19.331+0000][7][gc,phases   ] GC(181)   Evacuate Collection Set: 4.1ms
[2024-03-03T22:47:19.331+0000][7][gc,phases   ] GC(181)   Post Evacuate Collection Set: 2.3ms
[2024-03-03T22:47:19.331+0000][7][gc,phases   ] GC(181)   Other: 0.3ms
[2024-03-03T22:47:19.331+0000][7][gc,age      ] GC(181) Age table with threshold 15 (max threshold 15)
[2024-03-03T22:47:19.331+0000][7][gc,age      ] GC(181) - age   1:     900336 bytes,     900336 total
[2024-03-03T22:47:19.331+0000][7][gc,age      ] GC(181) - age   2:     124664 bytes,    1025000 total
[2024-03-03T22:47:19.331+0000][7][gc,age      ] GC(181) - age   3:       1088 bytes,    1026088 total
[2024-03-03T22:47:19.331+0000][7][gc,age      ] GC(181) - age   4:      99072 bytes,    1125160 total
[2024-03-03T22:47:19.331+0000][7][gc,age      ] GC(181) - age   5:        216 bytes,    1125376 total
[2024-03-03T22:47:19.331+0000][7][gc,age      ] GC(181) - age   6:        152 bytes,    1125528 total
[2024-03-03T22:47:19.331+0000][7][gc,age      ] GC(181) - age   7:         24 bytes,    1125552 total
[2024-03-03T22:47:19.331+0000][7][gc,age      ] GC(181) - age   8:        656 bytes,    1126208 total
[2024-03-03T22:47:19.331+0000][7][gc,age      ] GC(181) - age   9:         88 bytes,    1126296 total
[2024-03-03T22:47:19.331+0000][7][gc,age      ] GC(181) - age  12:        168 bytes,    1126464 total
[2024-03-03T22:47:19.331+0000][7][gc,age      ] GC(181) - age  14:        112 bytes,    1126576 total
[2024-03-03T22:47:19.331+0000][7][gc,age      ] GC(181) - age  15:        712 bytes,    1127288 total
[2024-03-03T22:47:19.331+0000][7][gc,heap     ] GC(181) Eden regions: 152->0(152)
[2024-03-03T22:47:19.331+0000][7][gc,heap     ] GC(181) Survivor regions: 1->1(20)
[2024-03-03T22:47:19.331+0000][7][gc,heap     ] GC(181) Old regions: 23->23
[2024-03-03T22:47:19.331+0000][7][gc,heap     ] GC(181) Archive regions: 2->2
[2024-03-03T22:47:19.331+0000][7][gc,heap     ] GC(181) Humongous regions: 0->0
[2024-03-03T22:47:19.331+0000][7][gc,metaspace] GC(181) Metaspace: 127314K(130688K)->127314K(130688K) NonClass: 110734K(112512K)->110734K(112512K) Class: 16580K(18176K)->16580K(18176K)
[2024-03-03T22:47:19.331+0000][7][gc          ] GC(181) Pause Young (Normal) (G1 Evacuation Pause) 703M->95M(1024M) 7.670ms
[2024-03-03T22:47:19.331+0000][7][gc,cpu      ] GC(181) User=0.01s Sys=0.00s Real=0.01s
[2024-03-03T22:47:19.332+0000][7][safepoint   ] Safepoint "G1CollectForAllocation", Time since last: 20001779540 ns, Reaching safepoint: 68770 ns, At safepoint: 7787673 ns, Total: 7856443 ns
[2024-03-03T22:49:52.377+0000][7][gc,start    ] GC(182) Pause Young (Normal) (G1 Evacuation Pause)
[2024-03-03T22:49:52.377+0000][7][gc,task     ] GC(182) Using 8 workers of 8 for evacuation
[2024-03-03T22:49:52.377+0000][7][gc,age      ] GC(182) Desired survivor size 41943040 bytes, new threshold 15 (max threshold 15)
[2024-03-03T22:49:52.379+0000][7][gc,phases   ] GC(182)   Pre Evacuate Collection Set: 0.1ms
[2024-03-03T22:49:52.379+0000][7][gc,phases   ] GC(182)   Merge Heap Roots: 0.1ms
[2024-03-03T22:49:52.379+0000][7][gc,phases   ] GC(182)   Evacuate Collection Set: 1.4ms
[2024-03-03T22:49:52.379+0000][7][gc,phases   ] GC(182)   Post Evacuate Collection Set: 0.6ms
[2024-03-03T22:49:52.379+0000][7][gc,phases   ] GC(182)   Other: 0.1ms
[2024-03-03T22:49:52.379+0000][7][gc,age      ] GC(182) Age table with threshold 15 (max threshold 15)
[2024-03-03T22:49:52.379+0000][7][gc,age      ] GC(182) - age   1:    1827288 bytes,    1827288 total
[2024-03-03T22:49:52.379+0000][7][gc,age      ] GC(182) - age   2:     179736 bytes,    2007024 total
[2024-03-03T22:49:52.379+0000][7][gc,age      ] GC(182) - age   3:     122624 bytes,    2129648 total
[2024-03-03T22:49:52.379+0000][7][gc,age      ] GC(182) - age   4:        896 bytes,    2130544 total
[2024-03-03T22:49:52.379+0000][7][gc,age      ] GC(182) - age   5:      98888 bytes,    2229432 total
[2024-03-03T22:49:52.379+0000][7][gc,age      ] GC(182) - age   6:        216 bytes,    2229648 total
[2024-03-03T22:49:52.379+0000][7][gc,age      ] GC(182) - age   7:        152 bytes,    2229800 total
[2024-03-03T22:49:52.379+0000][7][gc,age      ] GC(182) - age   8:         24 bytes,    2229824 total
[2024-03-03T22:49:52.379+0000][7][gc,age      ] GC(182) - age   9:        656 bytes,    2230480 total
[2024-03-03T22:49:52.379+0000][7][gc,age      ] GC(182) - age  10:         88 bytes,    2230568 total
[2024-03-03T22:49:52.379+0000][7][gc,age      ] GC(182) - age  13:        168 bytes,    2230736 total
[2024-03-03T22:49:52.379+0000][7][gc,age      ] GC(182) - age  15:        112 bytes,    2230848 total
[2024-03-03T22:49:52.379+0000][7][gc,heap     ] GC(182) Eden regions: 152->0(152)
[2024-03-03T22:49:52.379+0000][7][gc,heap     ] GC(182) Survivor regions: 1->1(20)
[2024-03-03T22:49:52.379+0000][7][gc,heap     ] GC(182) Old regions: 23->23
[2024-03-03T22:49:52.379+0000][7][gc,heap     ] GC(182) Archive regions: 2->2
[2024-03-03T22:49:52.379+0000][7][gc,heap     ] GC(182) Humongous regions: 0->0
[2024-03-03T22:49:52.379+0000][7][gc,metaspace] GC(182) Metaspace: 127314K(130688K)->127314K(130688K) NonClass: 110734K(112512K)->110734K(112512K) Class: 16580K(18176K)->16580K(18176K)
[2024-03-03T22:49:52.379+0000][7][gc          ] GC(182) Pause Young (Normal) (G1 Evacuation Pause) 703M->96M(1024M) 2.518ms
[2024-03-03T22:49:52.379+0000][7][gc,cpu      ] GC(182) User=0.01s Sys=0.00s Real=0.00s
[2024-03-03T22:49:52.379+0000][7][safepoint   ] Safepoint "G1CollectForAllocation", Time since last: 153045243119 ns, Reaching safepoint: 62392 ns, At safepoint: 2596848 ns, Total: 2659240 ns
[2024-03-03T22:52:28.396+0000][7][safepoint   ] Safepoint "Cleanup", Time since last: 156016955238 ns, Reaching safepoint: 100122 ns, At safepoint: 10185 ns, Total: 110307 ns
[2024-03-03T22:53:07.369+0000][7][gc,start    ] GC(183) Pause Young (Normal) (G1 Evacuation Pause)
[2024-03-03T22:53:07.369+0000][7][gc,task     ] GC(183) Using 8 workers of 8 for evacuation
[2024-03-03T22:53:07.369+0000][7][gc,age      ] GC(183) Desired survivor size 41943040 bytes, new threshold 15 (max threshold 15)
[2024-03-03T22:53:07.371+0000][7][gc,phases   ] GC(183)   Pre Evacuate Collection Set: 0.1ms
[2024-03-03T22:53:07.371+0000][7][gc,phases   ] GC(183)   Merge Heap Roots: 0.1ms
[2024-03-03T22:53:07.371+0000][7][gc,phases   ] GC(183)   Evacuate Collection Set: 1.6ms
[2024-03-03T22:53:07.371+0000][7][gc,phases   ] GC(183)   Post Evacuate Collection Set: 0.7ms
[2024-03-03T22:53:07.371+0000][7][gc,phases   ] GC(183)   Other: 0.1ms
[2024-03-03T22:53:07.371+0000][7][gc,age      ] GC(183) Age table with threshold 15 (max threshold 15)
[2024-03-03T22:53:07.371+0000][7][gc,age      ] GC(183) - age   1:    1736080 bytes,    1736080 total
[2024-03-03T22:53:07.371+0000][7][gc,age      ] GC(183) - age   2:       2944 bytes,    1739024 total
[2024-03-03T22:53:07.371+0000][7][gc,age      ] GC(183) - age   3:     170352 bytes,    1909376 total
[2024-03-03T22:53:07.371+0000][7][gc,age      ] GC(183) - age   4:     121744 bytes,    2031120 total
[2024-03-03T22:53:07.371+0000][7][gc,age      ] GC(183) - age   5:        896 bytes,    2032016 total
[2024-03-03T22:53:07.371+0000][7][gc,age      ] GC(183) - age   6:      98496 bytes,    2130512 total
[2024-03-03T22:53:07.371+0000][7][gc,age      ] GC(183) - age   8:        152 bytes,    2130664 total
[2024-03-03T22:53:07.371+0000][7][gc,age      ] GC(183) - age   9:         24 bytes,    2130688 total
[2024-03-03T22:53:07.371+0000][7][gc,age      ] GC(183) - age  10:        656 bytes,    2131344 total
[2024-03-03T22:53:07.371+0000][7][gc,age      ] GC(183) - age  11:         88 bytes,    2131432 total
[2024-03-03T22:53:07.371+0000][7][gc,age      ] GC(183) - age  14:        168 bytes,    2131600 total
[2024-03-03T22:53:07.371+0000][7][gc,heap     ] GC(183) Eden regions: 152->0(152)
[2024-03-03T22:53:07.371+0000][7][gc,heap     ] GC(183) Survivor regions: 1->1(20)
[2024-03-03T22:53:07.371+0000][7][gc,heap     ] GC(183) Old regions: 23->23
[2024-03-03T22:53:07.371+0000][7][gc,heap     ] GC(183) Archive regions: 2->2
[2024-03-03T22:53:07.371+0000][7][gc,heap     ] GC(183) Humongous regions: 0->0
[2024-03-03T22:53:07.371+0000][7][gc,metaspace] GC(183) Metaspace: 127314K(130688K)->127314K(130688K) NonClass: 110734K(112512K)->110734K(112512K) Class: 16580K(18176K)->16580K(18176K)
[2024-03-03T22:53:07.372+0000][7][gc          ] GC(183) Pause Young (Normal) (G1 Evacuation Pause) 704M->96M(1024M) 2.770ms
[2024-03-03T22:53:07.372+0000][7][gc,cpu      ] GC(183) User=0.02s Sys=0.00s Real=0.00s
[2024-03-03T22:53:07.372+0000][7][safepoint   ] Safepoint "G1CollectForAllocation", Time since last: 38972191472 ns, Reaching safepoint: 40834 ns, At safepoint: 2863000 ns, Total: 2903834 ns
[2024-03-03T22:56:29.737+0000][7][gc,start    ] GC(184) Pause Young (Normal) (G1 Evacuation Pause)
[2024-03-03T22:56:29.737+0000][7][gc,task     ] GC(184) Using 8 workers of 8 for evacuation
[2024-03-03T22:56:29.737+0000][7][gc,age      ] GC(184) Desired survivor size 41943040 bytes, new threshold 15 (max threshold 15)
[2024-03-03T22:56:29.740+0000][7][gc,phases   ] GC(184)   Pre Evacuate Collection Set: 0.1ms
[2024-03-03T22:56:29.740+0000][7][gc,phases   ] GC(184)   Merge Heap Roots: 0.1ms
[2024-03-03T22:56:29.740+0000][7][gc,phases   ] GC(184)   Evacuate Collection Set: 1.7ms
[2024-03-03T22:56:29.740+0000][7][gc,phases   ] GC(184)   Post Evacuate Collection Set: 0.9ms
[2024-03-03T22:56:29.740+0000][7][gc,phases   ] GC(184)   Other: 0.1ms
[2024-03-03T22:56:29.740+0000][7][gc,age      ] GC(184) Age table with threshold 15 (max threshold 15)
[2024-03-03T22:56:29.740+0000][7][gc,age      ] GC(184) - age   1:    1146952 bytes,    1146952 total
[2024-03-03T22:56:29.740+0000][7][gc,age      ] GC(184) - age   2:       4464 bytes,    1151416 total
[2024-03-03T22:56:29.740+0000][7][gc,age      ] GC(184) - age   3:        960 bytes,    1152376 total
[2024-03-03T22:56:29.740+0000][7][gc,age      ] GC(184) - age   4:     166352 bytes,    1318728 total
[2024-03-03T22:56:29.740+0000][7][gc,age      ] GC(184) - age   5:     121744 bytes,    1440472 total
[2024-03-03T22:56:29.740+0000][7][gc,age      ] GC(184) - age   6:        712 bytes,    1441184 total
[2024-03-03T22:56:29.740+0000][7][gc,age      ] GC(184) - age   7:      98496 bytes,    1539680 total
[2024-03-03T22:56:29.740+0000][7][gc,age      ] GC(184) - age   9:        152 bytes,    1539832 total
[2024-03-03T22:56:29.740+0000][7][gc,age      ] GC(184) - age  10:         24 bytes,    1539856 total
[2024-03-03T22:56:29.740+0000][7][gc,age      ] GC(184) - age  11:        656 bytes,    1540512 total
[2024-03-03T22:56:29.740+0000][7][gc,age      ] GC(184) - age  12:         88 bytes,    1540600 total
[2024-03-03T22:56:29.740+0000][7][gc,age      ] GC(184) - age  15:        168 bytes,    1540768 total
[2024-03-03T22:56:29.740+0000][7][gc,heap     ] GC(184) Eden regions: 152->0(152)
[2024-03-03T22:56:29.740+0000][7][gc,heap     ] GC(184) Survivor regions: 1->1(20)
[2024-03-03T22:56:29.740+0000][7][gc,heap     ] GC(184) Old regions: 23->23
[2024-03-03T22:56:29.740+0000][7][gc,heap     ] GC(184) Archive regions: 2->2
[2024-03-03T22:56:29.740+0000][7][gc,heap     ] GC(184) Humongous regions: 0->0
[2024-03-03T22:56:29.740+0000][7][gc,metaspace] GC(184) Metaspace: 127314K(130688K)->127314K(130688K) NonClass: 110734K(112512K)->110734K(112512K) Class: 16580K(18176K)->16580K(18176K)
[2024-03-03T22:56:29.740+0000][7][gc          ] GC(184) Pause Young (Normal) (G1 Evacuation Pause) 704M->96M(1024M) 3.334ms
[2024-03-03T22:56:29.740+0000][7][gc,cpu      ] GC(184) User=0.02s Sys=0.00s Real=0.00s
[2024-03-03T22:56:29.740+0000][7][safepoint   ] Safepoint "G1CollectForAllocation", Time since last: 202364838616 ns, Reaching safepoint: 76000 ns, At safepoint: 3436947 ns, Total: 3512947 ns
[2024-03-03T22:59:43.393+0000][7][gc,start    ] GC(185) Pause Young (Normal) (G1 Evacuation Pause)
[2024-03-03T22:59:43.393+0000][7][gc,task     ] GC(185) Using 8 workers of 8 for evacuation
[2024-03-03T22:59:43.393+0000][7][gc,age      ] GC(185) Desired survivor size 41943040 bytes, new threshold 15 (max threshold 15)
[2024-03-03T22:59:43.396+0000][7][gc,phases   ] GC(185)   Pre Evacuate Collection Set: 0.1ms
[2024-03-03T22:59:43.396+0000][7][gc,phases   ] GC(185)   Merge Heap Roots: 0.1ms
[2024-03-03T22:59:43.396+0000][7][gc,phases   ] GC(185)   Evacuate Collection Set: 1.5ms
[2024-03-03T22:59:43.396+0000][7][gc,phases   ] GC(185)   Post Evacuate Collection Set: 0.9ms
[2024-03-03T22:59:43.396+0000][7][gc,phases   ] GC(185)   Other: 0.1ms
[2024-03-03T22:59:43.396+0000][7][gc,age      ] GC(185) Age table with threshold 15 (max threshold 15)
[2024-03-03T22:59:43.396+0000][7][gc,age      ] GC(185) - age   1:    1313328 bytes,    1313328 total
[2024-03-03T22:59:43.396+0000][7][gc,age      ] GC(185) - age   2:       5744 bytes,    1319072 total
[2024-03-03T22:59:43.396+0000][7][gc,age      ] GC(185) - age   3:       1640 bytes,    1320712 total
[2024-03-03T22:59:43.396+0000][7][gc,age      ] GC(185) - age   4:        408 bytes,    1321120 total
[2024-03-03T22:59:43.396+0000][7][gc,age      ] GC(185) - age   5:     166352 bytes,    1487472 total
[2024-03-03T22:59:43.396+0000][7][gc,age      ] GC(185) - age   6:     121560 bytes,    1609032 total
[2024-03-03T22:59:43.396+0000][7][gc,age      ] GC(185) - age   7:        328 bytes,    1609360 total
[2024-03-03T22:59:43.396+0000][7][gc,age      ] GC(185) - age   8:      98496 bytes,    1707856 total
[2024-03-03T22:59:43.396+0000][7][gc,age      ] GC(185) - age  10:        152 bytes,    1708008 total
[2024-03-03T22:59:43.396+0000][7][gc,age      ] GC(185) - age  11:         24 bytes,    1708032 total
[2024-03-03T22:59:43.396+0000][7][gc,age      ] GC(185) - age  12:        656 bytes,    1708688 total
[2024-03-03T22:59:43.396+0000][7][gc,age      ] GC(185) - age  13:         88 bytes,    1708776 total
[2024-03-03T22:59:43.396+0000][7][gc,heap     ] GC(185) Eden regions: 152->0(152)
[2024-03-03T22:59:43.396+0000][7][gc,heap     ] GC(185) Survivor regions: 1->1(20)
[2024-03-03T22:59:43.396+0000][7][gc,heap     ] GC(185) Old regions: 23->23
[2024-03-03T22:59:43.396+0000][7][gc,heap     ] GC(185) Archive regions: 2->2
[2024-03-03T22:59:43.396+0000][7][gc,heap     ] GC(185) Humongous regions: 0->0
[2024-03-03T22:59:43.396+0000][7][gc,metaspace] GC(185) Metaspace: 127314K(130688K)->127314K(130688K) NonClass: 110734K(112512K)->110734K(112512K) Class: 16580K(18176K)->16580K(18176K)
[2024-03-03T22:59:43.396+0000][7][gc          ] GC(185) Pause Young (Normal) (G1 Evacuation Pause) 704M->96M(1024M) 3.051ms
[2024-03-03T22:59:43.396+0000][7][gc,cpu      ] GC(185) User=0.02s Sys=0.00s Real=0.01s
[2024-03-03T22:59:43.396+0000][7][safepoint   ] Safepoint "G1CollectForAllocation", Time since last: 193652896661 ns, Reaching safepoint: 110244 ns, At safepoint: 3153924 ns, Total: 3264168 ns
[2024-03-03T23:03:01.377+0000][7][gc,start    ] GC(186) Pause Young (Normal) (G1 Evacuation Pause)
[2024-03-03T23:03:01.377+0000][7][gc,task     ] GC(186) Using 8 workers of 8 for evacuation
[2024-03-03T23:03:01.377+0000][7][gc,age      ] GC(186) Desired survivor size 41943040 bytes, new threshold 15 (max threshold 15)
[2024-03-03T23:03:01.379+0000][7][gc,phases   ] GC(186)   Pre Evacuate Collection Set: 0.1ms
[2024-03-03T23:03:01.379+0000][7][gc,phases   ] GC(186)   Merge Heap Roots: 0.1ms
[2024-03-03T23:03:01.379+0000][7][gc,phases   ] GC(186)   Evacuate Collection Set: 1.2ms
[2024-03-03T23:03:01.379+0000][7][gc,phases   ] GC(186)   Post Evacuate Collection Set: 0.8ms
[2024-03-03T23:03:01.379+0000][7][gc,phases   ] GC(186)   Other: 0.1ms
[2024-03-03T23:03:01.379+0000][7][gc,age      ] GC(186) Age table with threshold 15 (max threshold 15)
[2024-03-03T23:03:01.379+0000][7][gc,age      ] GC(186) - age   1:     995000 bytes,     995000 total
[2024-03-03T23:03:01.379+0000][7][gc,age      ] GC(186) - age   2:       3728 bytes,     998728 total
[2024-03-03T23:03:01.379+0000][7][gc,age      ] GC(186) - age   3:       3832 bytes,    1002560 total
[2024-03-03T23:03:01.380+0000][7][gc,age      ] GC(186) - age   4:        608 bytes,    1003168 total
[2024-03-03T23:03:01.380+0000][7][gc,age      ] GC(186) - age   5:        224 bytes,    1003392 total
[2024-03-03T23:03:01.380+0000][7][gc,age      ] GC(186) - age   6:     166352 bytes,    1169744 total
[2024-03-03T23:03:01.380+0000][7][gc,age      ] GC(186) - age   7:     121528 bytes,    1291272 total
[2024-03-03T23:03:01.380+0000][7][gc,age      ] GC(186) - age   8:        328 bytes,    1291600 total
[2024-03-03T23:03:01.380+0000][7][gc,age      ] GC(186) - age   9:      98496 bytes,    1390096 total
[2024-03-03T23:03:01.380+0000][7][gc,age      ] GC(186) - age  11:        152 bytes,    1390248 total
[2024-03-03T23:03:01.380+0000][7][gc,age      ] GC(186) - age  12:         24 bytes,    1390272 total
[2024-03-03T23:03:01.380+0000][7][gc,age      ] GC(186) - age  13:        656 bytes,    1390928 total
[2024-03-03T23:03:01.380+0000][7][gc,age      ] GC(186) - age  14:         88 bytes,    1391016 total
[2024-03-03T23:03:01.380+0000][7][gc,heap     ] GC(186) Eden regions: 152->0(152)
[2024-03-03T23:03:01.380+0000][7][gc,heap     ] GC(186) Survivor regions: 1->1(20)
[2024-03-03T23:03:01.380+0000][7][gc,heap     ] GC(186) Old regions: 23->23
[2024-03-03T23:03:01.380+0000][7][gc,heap     ] GC(186) Archive regions: 2->2
[2024-03-03T23:03:01.380+0000][7][gc,heap     ] GC(186) Humongous regions: 0->0
[2024-03-03T23:03:01.380+0000][7][gc,metaspace] GC(186) Metaspace: 127316K(130688K)->127316K(130688K) NonClass: 110736K(112512K)->110736K(112512K) Class: 16580K(18176K)->16580K(18176K)
[2024-03-03T23:03:01.380+0000][7][gc          ] GC(186) Pause Young (Normal) (G1 Evacuation Pause) 704M->96M(1024M) 2.632ms
[2024-03-03T23:03:01.380+0000][7][gc,cpu      ] GC(186) User=0.01s Sys=0.00s Real=0.00s
[2024-03-03T23:03:01.380+0000][7][safepoint   ] Safepoint "G1CollectForAllocation", Time since last: 197980806428 ns, Reaching safepoint: 71120 ns, At safepoint: 2724020 ns, Total: 2795140 ns
[2024-03-03T23:06:16.357+0000][7][gc,start    ] GC(187) Pause Young (Normal) (G1 Evacuation Pause)
[2024-03-03T23:06:16.357+0000][7][gc,task     ] GC(187) Using 8 workers of 8 for evacuation
[2024-03-03T23:06:16.357+0000][7][gc,age      ] GC(187) Desired survivor size 41943040 bytes, new threshold 15 (max threshold 15)
[2024-03-03T23:06:16.360+0000][7][gc,phases   ] GC(187)   Pre Evacuate Collection Set: 0.1ms
[2024-03-03T23:06:16.360+0000][7][gc,phases   ] GC(187)   Merge Heap Roots: 0.1ms
[2024-03-03T23:06:16.360+0000][7][gc,phases   ] GC(187)   Evacuate Collection Set: 1.5ms
[2024-03-03T23:06:16.360+0000][7][gc,phases   ] GC(187)   Post Evacuate Collection Set: 0.9ms
[2024-03-03T23:06:16.360+0000][7][gc,phases   ] GC(187)   Other: 0.1ms
[2024-03-03T23:06:16.360+0000][7][gc,age      ] GC(187) Age table with threshold 15 (max threshold 15)
[2024-03-03T23:06:16.360+0000][7][gc,age      ] GC(187) - age   1:     928784 bytes,     928784 total
[2024-03-03T23:06:16.360+0000][7][gc,age      ] GC(187) - age   2:      11696 bytes,     940480 total
[2024-03-03T23:06:16.360+0000][7][gc,age      ] GC(187) - age   3:        848 bytes,     941328 total
[2024-03-03T23:06:16.360+0000][7][gc,age      ] GC(187) - age   4:       3640 bytes,     944968 total
[2024-03-03T23:06:16.360+0000][7][gc,age      ] GC(187) - age   5:        216 bytes,     945184 total
[2024-03-03T23:06:16.360+0000][7][gc,age      ] GC(187) - age   6:        224 bytes,     945408 total
[2024-03-03T23:06:16.360+0000][7][gc,age      ] GC(187) - age   7:     166352 bytes,    1111760 total
[2024-03-03T23:06:16.360+0000][7][gc,age      ] GC(187) - age   8:     121528 bytes,    1233288 total
[2024-03-03T23:06:16.360+0000][7][gc,age      ] GC(187) - age   9:        328 bytes,    1233616 total
[2024-03-03T23:06:16.360+0000][7][gc,age      ] GC(187) - age  10:      98496 bytes,    1332112 total
[2024-03-03T23:06:16.360+0000][7][gc,age      ] GC(187) - age  12:        152 bytes,    1332264 total
[2024-03-03T23:06:16.360+0000][7][gc,age      ] GC(187) - age  13:         24 bytes,    1332288 total
[2024-03-03T23:06:16.360+0000][7][gc,age      ] GC(187) - age  14:        472 bytes,    1332760 total
[2024-03-03T23:06:16.360+0000][7][gc,age      ] GC(187) - age  15:         88 bytes,    1332848 total
[2024-03-03T23:06:16.360+0000][7][gc,heap     ] GC(187) Eden regions: 152->0(152)
[2024-03-03T23:06:16.360+0000][7][gc,heap     ] GC(187) Survivor regions: 1->1(20)
[2024-03-03T23:06:16.360+0000][7][gc,heap     ] GC(187) Old regions: 23->23
[2024-03-03T23:06:16.360+0000][7][gc,heap     ] GC(187) Archive regions: 2->2
[2024-03-03T23:06:16.360+0000][7][gc,heap     ] GC(187) Humongous regions: 0->0
[2024-03-03T23:06:16.360+0000][7][gc,metaspace] GC(187) Metaspace: 127325K(130688K)->127325K(130688K) NonClass: 110744K(112512K)->110744K(112512K) Class: 16580K(18176K)->16580K(18176K)
[2024-03-03T23:06:16.360+0000][7][gc          ] GC(187) Pause Young (Normal) (G1 Evacuation Pause) 704M->95M(1024M) 3.033ms
[2024-03-03T23:06:16.360+0000][7][gc,cpu      ] GC(187) User=0.02s Sys=0.00s Real=0.00s
[2024-03-03T23:06:16.360+0000][7][safepoint   ] Safepoint "G1CollectForAllocation", Time since last: 194977460544 ns, Reaching safepoint: 103263 ns, At safepoint: 3129363 ns, Total: 3232626 ns
[2024-03-03T23:06:28.362+0000][7][safepoint   ] Safepoint "Cleanup", Time since last: 12001376320 ns, Reaching safepoint: 163851 ns, At safepoint: 8259 ns, Total: 172110 ns
[2024-03-03T23:08:28.375+0000][7][safepoint   ] Safepoint "Cleanup", Time since last: 120012912964 ns, Reaching safepoint: 154133 ns, At safepoint: 10665 ns, Total: 164798 ns
[2024-03-03T23:09:32.222+0000][7][gc,start    ] GC(188) Pause Young (Normal) (G1 Evacuation Pause)
[2024-03-03T23:09:32.222+0000][7][gc,task     ] GC(188) Using 8 workers of 8 for evacuation
[2024-03-03T23:09:32.222+0000][7][gc,age      ] GC(188) Desired survivor size 41943040 bytes, new threshold 15 (max threshold 15)
[2024-03-03T23:09:32.224+0000][7][gc,phases   ] GC(188)   Pre Evacuate Collection Set: 0.1ms
[2024-03-03T23:09:32.224+0000][7][gc,phases   ] GC(188)   Merge Heap Roots: 0.0ms
[2024-03-03T23:09:32.224+0000][7][gc,phases   ] GC(188)   Evacuate Collection Set: 1.1ms
[2024-03-03T23:09:32.224+0000][7][gc,phases   ] GC(188)   Post Evacuate Collection Set: 0.5ms
[2024-03-03T23:09:32.224+0000][7][gc,phases   ] GC(188)   Other: 0.1ms
[2024-03-03T23:09:32.224+0000][7][gc,age      ] GC(188) Age table with threshold 15 (max threshold 15)
[2024-03-03T23:09:32.224+0000][7][gc,age      ] GC(188) - age   1:    1766720 bytes,    1766720 total
[2024-03-03T23:09:32.224+0000][7][gc,age      ] GC(188) - age   2:       2728 bytes,    1769448 total
[2024-03-03T23:09:32.224+0000][7][gc,age      ] GC(188) - age   3:       1856 bytes,    1771304 total
[2024-03-03T23:09:32.224+0000][7][gc,age      ] GC(188) - age   4:        384 bytes,    1771688 total
[2024-03-03T23:09:32.224+0000][7][gc,age      ] GC(188) - age   6:        216 bytes,    1771904 total
[2024-03-03T23:09:32.224+0000][7][gc,age      ] GC(188) - age   7:        224 bytes,    1772128 total
[2024-03-03T23:09:32.224+0000][7][gc,age      ] GC(188) - age   8:     166352 bytes,    1938480 total
[2024-03-03T23:09:32.224+0000][7][gc,age      ] GC(188) - age   9:     121528 bytes,    2060008 total
[2024-03-03T23:09:32.224+0000][7][gc,age      ] GC(188) - age  10:        328 bytes,    2060336 total
[2024-03-03T23:09:32.224+0000][7][gc,age      ] GC(188) - age  11:      98496 bytes,    2158832 total
[2024-03-03T23:09:32.224+0000][7][gc,age      ] GC(188) - age  13:        152 bytes,    2158984 total
[2024-03-03T23:09:32.224+0000][7][gc,age      ] GC(188) - age  14:         24 bytes,    2159008 total
[2024-03-03T23:09:32.224+0000][7][gc,age      ] GC(188) - age  15:        472 bytes,    2159480 total
[2024-03-03T23:09:32.224+0000][7][gc,heap     ] GC(188) Eden regions: 152->0(152)
[2024-03-03T23:09:32.224+0000][7][gc,heap     ] GC(188) Survivor regions: 1->1(20)
[2024-03-03T23:09:32.224+0000][7][gc,heap     ] GC(188) Old regions: 23->23
[2024-03-03T23:09:32.224+0000][7][gc,heap     ] GC(188) Archive regions: 2->2
[2024-03-03T23:09:32.224+0000][7][gc,heap     ] GC(188) Humongous regions: 0->0
[2024-03-03T23:09:32.224+0000][7][gc,metaspace] GC(188) Metaspace: 127335K(130688K)->127335K(130688K) NonClass: 110755K(112512K)->110755K(112512K) Class: 16580K(18176K)->16580K(18176K)
[2024-03-03T23:09:32.224+0000][7][gc          ] GC(188) Pause Young (Normal) (G1 Evacuation Pause) 703M->96M(1024M) 2.020ms
[2024-03-03T23:09:32.224+0000][7][gc,cpu      ] GC(188) User=0.01s Sys=0.00s Real=0.00s
[2024-03-03T23:09:32.224+0000][7][safepoint   ] Safepoint "G1CollectForAllocation", Time since last: 63846697750 ns, Reaching safepoint: 43141 ns, At safepoint: 2079735 ns, Total: 2122876 ns
[2024-03-03T23:09:53.227+0000][7][safepoint   ] Safepoint "Cleanup", Time since last: 21002641267 ns, Reaching safepoint: 152073 ns, At safepoint: 11585 ns, Total: 163658 ns
[2024-03-03T23:11:19.238+0000][7][safepoint   ] Safepoint "Cleanup", Time since last: 86011227487 ns, Reaching safepoint: 113206 ns, At safepoint: 18549 ns, Total: 131755 ns
[2024-03-03T23:11:42.241+0000][7][safepoint   ] Safepoint "Cleanup", Time since last: 23002650590 ns, Reaching safepoint: 95728 ns, At safepoint: 7414 ns, Total: 103142 ns
[2024-03-03T23:12:43.468+0000][7][gc,start    ] GC(189) Pause Young (Normal) (G1 Evacuation Pause)
[2024-03-03T23:12:43.468+0000][7][gc,task     ] GC(189) Using 8 workers of 8 for evacuation
[2024-03-03T23:12:43.468+0000][7][gc,age      ] GC(189) Desired survivor size 41943040 bytes, new threshold 15 (max threshold 15)
[2024-03-03T23:12:43.470+0000][7][gc,phases   ] GC(189)   Pre Evacuate Collection Set: 0.1ms
[2024-03-03T23:12:43.470+0000][7][gc,phases   ] GC(189)   Merge Heap Roots: 0.0ms
[2024-03-03T23:12:43.470+0000][7][gc,phases   ] GC(189)   Evacuate Collection Set: 1.1ms
[2024-03-03T23:12:43.470+0000][7][gc,phases   ] GC(189)   Post Evacuate Collection Set: 0.6ms
[2024-03-03T23:12:43.470+0000][7][gc,phases   ] GC(189)   Other: 0.1ms
[2024-03-03T23:12:43.470+0000][7][gc,age      ] GC(189) Age table with threshold 15 (max threshold 15)
[2024-03-03T23:12:43.470+0000][7][gc,age      ] GC(189) - age   1:    2200816 bytes,    2200816 total
[2024-03-03T23:12:43.470+0000][7][gc,age      ] GC(189) - age   2:       6648 bytes,    2207464 total
[2024-03-03T23:12:43.470+0000][7][gc,age      ] GC(189) - age   3:        736 bytes,    2208200 total
[2024-03-03T23:12:43.470+0000][7][gc,age      ] GC(189) - age   4:        912 bytes,    2209112 total
[2024-03-03T23:12:43.470+0000][7][gc,age      ] GC(189) - age   5:        384 bytes,    2209496 total
[2024-03-03T23:12:43.470+0000][7][gc,age      ] GC(189) - age   7:        184 bytes,    2209680 total
[2024-03-03T23:12:43.470+0000][7][gc,age      ] GC(189) - age   8:        224 bytes,    2209904 total
[2024-03-03T23:12:43.470+0000][7][gc,age      ] GC(189) - age   9:     166352 bytes,    2376256 total
[2024-03-03T23:12:43.470+0000][7][gc,age      ] GC(189) - age  10:     121528 bytes,    2497784 total
[2024-03-03T23:12:43.470+0000][7][gc,age      ] GC(189) - age  11:        328 bytes,    2498112 total
[2024-03-03T23:12:43.470+0000][7][gc,age      ] GC(189) - age  12:      98496 bytes,    2596608 total
[2024-03-03T23:12:43.470+0000][7][gc,age      ] GC(189) - age  14:        152 bytes,    2596760 total
[2024-03-03T23:12:43.470+0000][7][gc,age      ] GC(189) - age  15:         24 bytes,    2596784 total
[2024-03-03T23:12:43.470+0000][7][gc,heap     ] GC(189) Eden regions: 152->0(152)
[2024-03-03T23:12:43.470+0000][7][gc,heap     ] GC(189) Survivor regions: 1->1(20)
[2024-03-03T23:12:43.470+0000][7][gc,heap     ] GC(189) Old regions: 23->23
[2024-03-03T23:12:43.470+0000][7][gc,heap     ] GC(189) Archive regions: 2->2
[2024-03-03T23:12:43.470+0000][7][gc,heap     ] GC(189) Humongous regions: 0->0
[2024-03-03T23:12:43.470+0000][7][gc,metaspace] GC(189) Metaspace: 127335K(130688K)->127335K(130688K) NonClass: 110755K(112512K)->110755K(112512K) Class: 16580K(18176K)->16580K(18176K)
[2024-03-03T23:12:43.470+0000][7][gc          ] GC(189) Pause Young (Normal) (G1 Evacuation Pause) 704M->97M(1024M) 2.153ms
[2024-03-03T23:12:43.470+0000][7][gc,cpu      ] GC(189) User=0.01s Sys=0.00s Real=0.00s
[2024-03-03T23:12:43.470+0000][7][safepoint   ] Safepoint "G1CollectForAllocation", Time since last: 61227273339 ns, Reaching safepoint: 33172 ns, At safepoint: 2217931 ns, Total: 2251103 ns
[2024-03-03T23:13:19.474+0000][7][safepoint   ] Safepoint "Cleanup", Time since last: 36003927564 ns, Reaching safepoint: 59217 ns, At safepoint: 27750 ns, Total: 86967 ns
[2024-03-03T23:16:07.537+0000][7][gc,start    ] GC(190) Pause Young (Normal) (G1 Evacuation Pause)
[2024-03-03T23:16:07.537+0000][7][gc,task     ] GC(190) Using 8 workers of 8 for evacuation
[2024-03-03T23:16:07.537+0000][7][gc,age      ] GC(190) Desired survivor size 41943040 bytes, new threshold 15 (max threshold 15)
[2024-03-03T23:16:07.540+0000][7][gc,phases   ] GC(190)   Pre Evacuate Collection Set: 0.1ms
[2024-03-03T23:16:07.540+0000][7][gc,phases   ] GC(190)   Merge Heap Roots: 0.1ms
[2024-03-03T23:16:07.540+0000][7][gc,phases   ] GC(190)   Evacuate Collection Set: 2.0ms
[2024-03-03T23:16:07.540+0000][7][gc,phases   ] GC(190)   Post Evacuate Collection Set: 0.8ms
[2024-03-03T23:16:07.540+0000][7][gc,phases   ] GC(190)   Other: 0.1ms
[2024-03-03T23:16:07.540+0000][7][gc,age      ] GC(190) Age table with threshold 15 (max threshold 15)
[2024-03-03T23:16:07.540+0000][7][gc,age      ] GC(190) - age   1:    1595800 bytes,    1595800 total
[2024-03-03T23:16:07.540+0000][7][gc,age      ] GC(190) - age   2:       4000 bytes,    1599800 total
[2024-03-03T23:16:07.540+0000][7][gc,age      ] GC(190) - age   3:       4560 bytes,    1604360 total
[2024-03-03T23:16:07.540+0000][7][gc,age      ] GC(190) - age   4:        544 bytes,    1604904 total
[2024-03-03T23:16:07.540+0000][7][gc,age      ] GC(190) - age   5:        728 bytes,    1605632 total
[2024-03-03T23:16:07.540+0000][7][gc,age      ] GC(190) - age   6:        384 bytes,    1606016 total
[2024-03-03T23:16:07.540+0000][7][gc,age      ] GC(190) - age   8:        184 bytes,    1606200 total
[2024-03-03T23:16:07.540+0000][7][gc,age      ] GC(190) - age   9:        224 bytes,    1606424 total
[2024-03-03T23:16:07.540+0000][7][gc,age      ] GC(190) - age  10:     166352 bytes,    1772776 total
[2024-03-03T23:16:07.540+0000][7][gc,age      ] GC(190) - age  11:     121528 bytes,    1894304 total
[2024-03-03T23:16:07.540+0000][7][gc,age      ] GC(190) - age  12:        328 bytes,    1894632 total
[2024-03-03T23:16:07.540+0000][7][gc,age      ] GC(190) - age  13:      98496 bytes,    1993128 total
[2024-03-03T23:16:07.540+0000][7][gc,age      ] GC(190) - age  15:        152 bytes,    1993280 total
[2024-03-03T23:16:07.540+0000][7][gc,heap     ] GC(190) Eden regions: 152->0(152)
[2024-03-03T23:16:07.540+0000][7][gc,heap     ] GC(190) Survivor regions: 1->1(20)
[2024-03-03T23:16:07.540+0000][7][gc,heap     ] GC(190) Old regions: 23->23
[2024-03-03T23:16:07.540+0000][7][gc,heap     ] GC(190) Archive regions: 2->2
[2024-03-03T23:16:07.540+0000][7][gc,heap     ] GC(190) Humongous regions: 0->0
[2024-03-03T23:16:07.540+0000][7][gc,metaspace] GC(190) Metaspace: 127335K(130688K)->127335K(130688K) NonClass: 110755K(112512K)->110755K(112512K) Class: 16580K(18176K)->16580K(18176K)
[2024-03-03T23:16:07.540+0000][7][gc          ] GC(190) Pause Young (Normal) (G1 Evacuation Pause) 705M->96M(1024M) 3.516ms
[2024-03-03T23:16:07.540+0000][7][gc,cpu      ] GC(190) User=0.02s Sys=0.00s Real=0.00s
[2024-03-03T23:16:07.540+0000][7][safepoint   ] Safepoint "G1CollectForAllocation", Time since last: 168062496713 ns, Reaching safepoint: 79675 ns, At safepoint: 3620418 ns, Total: 3700093 ns
[2024-03-03T23:17:28.549+0000][7][safepoint   ] Safepoint "Cleanup", Time since last: 81007995663 ns, Reaching safepoint: 62770 ns, At safepoint: 8731 ns, Total: 71501 ns
[2024-03-03T23:17:58.552+0000][7][safepoint   ] Safepoint "Cleanup", Time since last: 30003270654 ns, Reaching safepoint: 100229 ns, At safepoint: 10809 ns, Total: 111038 ns
[2024-03-03T23:19:25.409+0000][7][gc,start    ] GC(191) Pause Young (Normal) (G1 Evacuation Pause)
[2024-03-03T23:19:25.409+0000][7][gc,task     ] GC(191) Using 8 workers of 8 for evacuation
[2024-03-03T23:19:25.409+0000][7][gc,age      ] GC(191) Desired survivor size 41943040 bytes, new threshold 15 (max threshold 15)
[2024-03-03T23:19:25.412+0000][7][gc,phases   ] GC(191)   Pre Evacuate Collection Set: 0.1ms
[2024-03-03T23:19:25.412+0000][7][gc,phases   ] GC(191)   Merge Heap Roots: 0.1ms
[2024-03-03T23:19:25.412+0000][7][gc,phases   ] GC(191)   Evacuate Collection Set: 1.2ms
[2024-03-03T23:19:25.412+0000][7][gc,phases   ] GC(191)   Post Evacuate Collection Set: 0.9ms
[2024-03-03T23:19:25.412+0000][7][gc,phases   ] GC(191)   Other: 0.1ms
[2024-03-03T23:19:25.412+0000][7][gc,age      ] GC(191) Age table with threshold 15 (max threshold 15)
[2024-03-03T23:19:25.412+0000][7][gc,age      ] GC(191) - age   1:     987472 bytes,     987472 total
[2024-03-03T23:19:25.412+0000][7][gc,age      ] GC(191) - age   2:       2040 bytes,     989512 total
[2024-03-03T23:19:25.412+0000][7][gc,age      ] GC(191) - age   3:       1224 bytes,     990736 total
[2024-03-03T23:19:25.412+0000][7][gc,age      ] GC(191) - age   4:        976 bytes,     991712 total
[2024-03-03T23:19:25.412+0000][7][gc,age      ] GC(191) - age   5:        480 bytes,     992192 total
[2024-03-03T23:19:25.412+0000][7][gc,age      ] GC(191) - age   6:        544 bytes,     992736 total
[2024-03-03T23:19:25.412+0000][7][gc,age      ] GC(191) - age   9:        184 bytes,     992920 total
[2024-03-03T23:19:25.412+0000][7][gc,age      ] GC(191) - age  10:        224 bytes,     993144 total
[2024-03-03T23:19:25.412+0000][7][gc,age      ] GC(191) - age  11:     166352 bytes,    1159496 total
[2024-03-03T23:19:25.412+0000][7][gc,age      ] GC(191) - age  12:     121528 bytes,    1281024 total
[2024-03-03T23:19:25.412+0000][7][gc,age      ] GC(191) - age  13:        328 bytes,    1281352 total
[2024-03-03T23:19:25.412+0000][7][gc,age      ] GC(191) - age  14:      98496 bytes,    1379848 total
[2024-03-03T23:19:25.412+0000][7][gc,heap     ] GC(191) Eden regions: 152->0(152)
[2024-03-03T23:19:25.412+0000][7][gc,heap     ] GC(191) Survivor regions: 1->1(20)
[2024-03-03T23:19:25.412+0000][7][gc,heap     ] GC(191) Old regions: 23->23
[2024-03-03T23:19:25.412+0000][7][gc,heap     ] GC(191) Archive regions: 2->2
[2024-03-03T23:19:25.412+0000][7][gc,heap     ] GC(191) Humongous regions: 0->0
[2024-03-03T23:19:25.412+0000][7][gc,metaspace] GC(191) Metaspace: 127339K(130688K)->127339K(130688K) NonClass: 110758K(112512K)->110758K(112512K) Class: 16580K(18176K)->16580K(18176K)
[2024-03-03T23:19:25.412+0000][7][gc          ] GC(191) Pause Young (Normal) (G1 Evacuation Pause) 704M->96M(1024M) 2.682ms
[2024-03-03T23:19:25.412+0000][7][gc,cpu      ] GC(191) User=0.01s Sys=0.00s Real=0.00s
[2024-03-03T23:19:25.412+0000][7][safepoint   ] Safepoint "G1CollectForAllocation", Time since last: 86857323530 ns, Reaching safepoint: 65079 ns, At safepoint: 2776373 ns, Total: 2841452 ns
[2024-03-03T23:19:39.414+0000][7][safepoint   ] Safepoint "Cleanup", Time since last: 14001738114 ns, Reaching safepoint: 79090 ns, At safepoint: 48486 ns, Total: 127576 ns
[2024-03-03T23:22:31.847+0000][7][gc,start    ] GC(192) Pause Young (Normal) (G1 Evacuation Pause)
[2024-03-03T23:22:31.847+0000][7][gc,task     ] GC(192) Using 8 workers of 8 for evacuation
[2024-03-03T23:22:31.847+0000][7][gc,age      ] GC(192) Desired survivor size 41943040 bytes, new threshold 15 (max threshold 15)
[2024-03-03T23:22:31.850+0000][7][gc,phases   ] GC(192)   Pre Evacuate Collection Set: 0.1ms
[2024-03-03T23:22:31.850+0000][7][gc,phases   ] GC(192)   Merge Heap Roots: 0.1ms
[2024-03-03T23:22:31.850+0000][7][gc,phases   ] GC(192)   Evacuate Collection Set: 1.4ms
[2024-03-03T23:22:31.850+0000][7][gc,phases   ] GC(192)   Post Evacuate Collection Set: 0.9ms
[2024-03-03T23:22:31.850+0000][7][gc,phases   ] GC(192)   Other: 0.1ms
[2024-03-03T23:22:31.850+0000][7][gc,age      ] GC(192) Age table with threshold 15 (max threshold 15)
[2024-03-03T23:22:31.850+0000][7][gc,age      ] GC(192) - age   1:     870744 bytes,     870744 total
[2024-03-03T23:22:31.850+0000][7][gc,age      ] GC(192) - age   2:       5712 bytes,     876456 total
[2024-03-03T23:22:31.850+0000][7][gc,age      ] GC(192) - age   3:        376 bytes,     876832 total
[2024-03-03T23:22:31.850+0000][7][gc,age      ] GC(192) - age   4:        216 bytes,     877048 total
[2024-03-03T23:22:31.850+0000][7][gc,age      ] GC(192) - age   5:        976 bytes,     878024 total
[2024-03-03T23:22:31.850+0000][7][gc,age      ] GC(192) - age   6:         88 bytes,     878112 total
[2024-03-03T23:22:31.850+0000][7][gc,age      ] GC(192) - age   7:        512 bytes,     878624 total
[2024-03-03T23:22:31.850+0000][7][gc,age      ] GC(192) - age  10:        184 bytes,     878808 total
[2024-03-03T23:22:31.850+0000][7][gc,age      ] GC(192) - age  11:        224 bytes,     879032 total
[2024-03-03T23:22:31.850+0000][7][gc,age      ] GC(192) - age  12:     166352 bytes,    1045384 total
[2024-03-03T23:22:31.850+0000][7][gc,age      ] GC(192) - age  13:     121528 bytes,    1166912 total
[2024-03-03T23:22:31.850+0000][7][gc,age      ] GC(192) - age  14:        328 bytes,    1167240 total
[2024-03-03T23:22:31.850+0000][7][gc,age      ] GC(192) - age  15:      98496 bytes,    1265736 total
[2024-03-03T23:22:31.850+0000][7][gc,heap     ] GC(192) Eden regions: 152->0(152)
[2024-03-03T23:22:31.850+0000][7][gc,heap     ] GC(192) Survivor regions: 1->1(20)
[2024-03-03T23:22:31.850+0000][7][gc,heap     ] GC(192) Old regions: 23->23
[2024-03-03T23:22:31.850+0000][7][gc,heap     ] GC(192) Archive regions: 2->2
[2024-03-03T23:22:31.850+0000][7][gc,heap     ] GC(192) Humongous regions: 0->0
[2024-03-03T23:22:31.850+0000][7][gc,metaspace] GC(192) Metaspace: 127340K(130688K)->127340K(130688K) NonClass: 110760K(112512K)->110760K(112512K) Class: 16580K(18176K)->16580K(18176K)
[2024-03-03T23:22:31.850+0000][7][gc          ] GC(192) Pause Young (Normal) (G1 Evacuation Pause) 704M->95M(1024M) 2.944ms
[2024-03-03T23:22:31.850+0000][7][gc,cpu      ] GC(192) User=0.02s Sys=0.00s Real=0.00s
[2024-03-03T23:22:31.850+0000][7][safepoint   ] Safepoint "G1CollectForAllocation", Time since last: 172433243853 ns, Reaching safepoint: 47883 ns, At safepoint: 3047902 ns, Total: 3095785 ns
[2024-03-03T23:25:55.447+0000][7][gc,start    ] GC(193) Pause Young (Normal) (G1 Evacuation Pause)
[2024-03-03T23:25:55.447+0000][7][gc,task     ] GC(193) Using 8 workers of 8 for evacuation
[2024-03-03T23:25:55.447+0000][7][gc,age      ] GC(193) Desired survivor size 41943040 bytes, new threshold 15 (max threshold 15)
[2024-03-03T23:25:55.450+0000][7][gc,phases   ] GC(193)   Pre Evacuate Collection Set: 0.1ms
[2024-03-03T23:25:55.450+0000][7][gc,phases   ] GC(193)   Merge Heap Roots: 0.1ms
[2024-03-03T23:25:55.450+0000][7][gc,phases   ] GC(193)   Evacuate Collection Set: 1.7ms
[2024-03-03T23:25:55.450+0000][7][gc,phases   ] GC(193)   Post Evacuate Collection Set: 0.6ms
[2024-03-03T23:25:55.450+0000][7][gc,phases   ] GC(193)   Other: 0.1ms
[2024-03-03T23:25:55.450+0000][7][gc,age      ] GC(193) Age table with threshold 15 (max threshold 15)
[2024-03-03T23:25:55.450+0000][7][gc,age      ] GC(193) - age   1:    1941064 bytes,    1941064 total
[2024-03-03T23:25:55.450+0000][7][gc,age      ] GC(193) - age   2:       2808 bytes,    1943872 total
[2024-03-03T23:25:55.450+0000][7][gc,age      ] GC(193) - age   3:       4152 bytes,    1948024 total
[2024-03-03T23:25:55.450+0000][7][gc,age      ] GC(193) - age   4:        248 bytes,    1948272 total
[2024-03-03T23:25:55.450+0000][7][gc,age      ] GC(193) - age   5:        216 bytes,    1948488 total
[2024-03-03T23:25:55.450+0000][7][gc,age      ] GC(193) - age   6:        976 bytes,    1949464 total
[2024-03-03T23:25:55.450+0000][7][gc,age      ] GC(193) - age   7:         88 bytes,    1949552 total
[2024-03-03T23:25:55.450+0000][7][gc,age      ] GC(193) - age   8:        512 bytes,    1950064 total
[2024-03-03T23:25:55.450+0000][7][gc,age      ] GC(193) - age  11:        184 bytes,    1950248 total
[2024-03-03T23:25:55.450+0000][7][gc,age      ] GC(193) - age  12:        224 bytes,    1950472 total
[2024-03-03T23:25:55.450+0000][7][gc,age      ] GC(193) - age  13:     166352 bytes,    2116824 total
[2024-03-03T23:25:55.450+0000][7][gc,age      ] GC(193) - age  14:     121528 bytes,    2238352 total
[2024-03-03T23:25:55.450+0000][7][gc,age      ] GC(193) - age  15:        328 bytes,    2238680 total
[2024-03-03T23:25:55.450+0000][7][gc,heap     ] GC(193) Eden regions: 152->0(152)
[2024-03-03T23:25:55.450+0000][7][gc,heap     ] GC(193) Survivor regions: 1->1(20)
[2024-03-03T23:25:55.450+0000][7][gc,heap     ] GC(193) Old regions: 23->23
[2024-03-03T23:25:55.450+0000][7][gc,heap     ] GC(193) Archive regions: 2->2
[2024-03-03T23:25:55.450+0000][7][gc,heap     ] GC(193) Humongous regions: 0->0
[2024-03-03T23:25:55.450+0000][7][gc,metaspace] GC(193) Metaspace: 127340K(130688K)->127340K(130688K) NonClass: 110760K(112512K)->110760K(112512K) Class: 16580K(18176K)->16580K(18176K)
[2024-03-03T23:25:55.450+0000][7][gc          ] GC(193) Pause Young (Normal) (G1 Evacuation Pause) 703M->96M(1024M) 2.663ms
[2024-03-03T23:25:55.450+0000][7][gc,cpu      ] GC(193) User=0.01s Sys=0.00s Real=0.00s
[2024-03-03T23:25:55.450+0000][7][safepoint   ] Safepoint "G1CollectForAllocation", Time since last: 203596925120 ns, Reaching safepoint: 100618 ns, At safepoint: 2729405 ns, Total: 2830023 ns
[2024-03-03T23:25:59.451+0000][7][safepoint   ] Safepoint "Cleanup", Time since last: 4000395452 ns, Reaching safepoint: 107158 ns, At safepoint: 13533 ns, Total: 120691 ns
[2024-03-03T23:29:01.789+0000][7][gc,start    ] GC(194) Pause Young (Normal) (G1 Evacuation Pause)
[2024-03-03T23:29:01.789+0000][7][gc,task     ] GC(194) Using 8 workers of 8 for evacuation
[2024-03-03T23:29:01.789+0000][7][gc,age      ] GC(194) Desired survivor size 41943040 bytes, new threshold 15 (max threshold 15)
[2024-03-03T23:29:01.791+0000][7][gc,phases   ] GC(194)   Pre Evacuate Collection Set: 0.1ms
[2024-03-03T23:29:01.791+0000][7][gc,phases   ] GC(194)   Merge Heap Roots: 0.1ms
[2024-03-03T23:29:01.791+0000][7][gc,phases   ] GC(194)   Evacuate Collection Set: 1.1ms
[2024-03-03T23:29:01.791+0000][7][gc,phases   ] GC(194)   Post Evacuate Collection Set: 0.6ms
[2024-03-03T23:29:01.791+0000][7][gc,phases   ] GC(194)   Other: 0.1ms
[2024-03-03T23:29:01.791+0000][7][gc,age      ] GC(194) Age table with threshold 15 (max threshold 15)
[2024-03-03T23:29:01.791+0000][7][gc,age      ] GC(194) - age   1:    1842904 bytes,    1842904 total
[2024-03-03T23:29:01.791+0000][7][gc,age      ] GC(194) - age   2:      10376 bytes,    1853280 total
[2024-03-03T23:29:01.791+0000][7][gc,age      ] GC(194) - age   3:       1320 bytes,    1854600 total
[2024-03-03T23:29:01.791+0000][7][gc,age      ] GC(194) - age   4:        568 bytes,    1855168 total
[2024-03-03T23:29:01.791+0000][7][gc,age      ] GC(194) - age   6:        216 bytes,    1855384 total
[2024-03-03T23:29:01.791+0000][7][gc,age      ] GC(194) - age   7:        976 bytes,    1856360 total
[2024-03-03T23:29:01.791+0000][7][gc,age      ] GC(194) - age   8:         88 bytes,    1856448 total
[2024-03-03T23:29:01.791+0000][7][gc,age      ] GC(194) - age   9:        512 bytes,    1856960 total
[2024-03-03T23:29:01.791+0000][7][gc,age      ] GC(194) - age  12:        184 bytes,    1857144 total
[2024-03-03T23:29:01.791+0000][7][gc,age      ] GC(194) - age  13:        224 bytes,    1857368 total
[2024-03-03T23:29:01.791+0000][7][gc,age      ] GC(194) - age  14:     166352 bytes,    2023720 total
[2024-03-03T23:29:01.791+0000][7][gc,age      ] GC(194) - age  15:     121528 bytes,    2145248 total
[2024-03-03T23:29:01.791+0000][7][gc,heap     ] GC(194) Eden regions: 152->0(152)
[2024-03-03T23:29:01.791+0000][7][gc,heap     ] GC(194) Survivor regions: 1->1(20)
[2024-03-03T23:29:01.791+0000][7][gc,heap     ] GC(194) Old regions: 23->23
[2024-03-03T23:29:01.791+0000][7][gc,heap     ] GC(194) Archive regions: 2->2
[2024-03-03T23:29:01.791+0000][7][gc,heap     ] GC(194) Humongous regions: 0->0
[2024-03-03T23:29:01.791+0000][7][gc,metaspace] GC(194) Metaspace: 127340K(130688K)->127340K(130688K) NonClass: 110760K(112512K)->110760K(112512K) Class: 16580K(18176K)->16580K(18176K)
[2024-03-03T23:29:01.791+0000][7][gc          ] GC(194) Pause Young (Normal) (G1 Evacuation Pause) 704M->96M(1024M) 2.133ms
[2024-03-03T23:29:01.791+0000][7][gc,cpu      ] GC(194) User=0.01s Sys=0.00s Real=0.00s
[2024-03-03T23:29:01.791+0000][7][safepoint   ] Safepoint "G1CollectForAllocation", Time since last: 182338130132 ns, Reaching safepoint: 40364 ns, At safepoint: 2211213 ns, Total: 2251577 ns
[2024-03-03T23:31:42.809+0000][7][safepoint   ] Safepoint "Cleanup", Time since last: 161018421726 ns, Reaching safepoint: 70428 ns, At safepoint: 8562 ns, Total: 78990 ns
[2024-03-03T23:32:25.488+0000][7][gc,start    ] GC(195) Pause Young (Normal) (G1 Evacuation Pause)
[2024-03-03T23:32:25.488+0000][7][gc,task     ] GC(195) Using 8 workers of 8 for evacuation
[2024-03-03T23:32:25.488+0000][7][gc,age      ] GC(195) Desired survivor size 41943040 bytes, new threshold 15 (max threshold 15)
[2024-03-03T23:32:25.490+0000][7][gc,phases   ] GC(195)   Pre Evacuate Collection Set: 0.1ms
[2024-03-03T23:32:25.491+0000][7][gc,phases   ] GC(195)   Merge Heap Roots: 0.1ms
[2024-03-03T23:32:25.491+0000][7][gc,phases   ] GC(195)   Evacuate Collection Set: 1.2ms
[2024-03-03T23:32:25.491+0000][7][gc,phases   ] GC(195)   Post Evacuate Collection Set: 0.7ms
[2024-03-03T23:32:25.491+0000][7][gc,phases   ] GC(195)   Other: 0.1ms
[2024-03-03T23:32:25.491+0000][7][gc,age      ] GC(195) Age table with threshold 15 (max threshold 15)
[2024-03-03T23:32:25.491+0000][7][gc,age      ] GC(195) - age   1:    1343992 bytes,    1343992 total
[2024-03-03T23:32:25.491+0000][7][gc,age      ] GC(195) - age   2:       6160 bytes,    1350152 total
[2024-03-03T23:32:25.491+0000][7][gc,age      ] GC(195) - age   3:        184 bytes,    1350336 total
[2024-03-03T23:32:25.491+0000][7][gc,age      ] GC(195) - age   4:        568 bytes,    1350904 total
[2024-03-03T23:32:25.491+0000][7][gc,age      ] GC(195) - age   5:        568 bytes,    1351472 total
[2024-03-03T23:32:25.491+0000][7][gc,age      ] GC(195) - age   7:        184 bytes,    1351656 total
[2024-03-03T23:32:25.491+0000][7][gc,age      ] GC(195) - age   8:        976 bytes,    1352632 total
[2024-03-03T23:32:25.491+0000][7][gc,age      ] GC(195) - age   9:         88 bytes,    1352720 total
[2024-03-03T23:32:25.491+0000][7][gc,age      ] GC(195) - age  10:        512 bytes,    1353232 total
[2024-03-03T23:32:25.491+0000][7][gc,age      ] GC(195) - age  14:        224 bytes,    1353456 total
[2024-03-03T23:32:25.491+0000][7][gc,age      ] GC(195) - age  15:     166352 bytes,    1519808 total
[2024-03-03T23:32:25.491+0000][7][gc,heap     ] GC(195) Eden regions: 152->0(152)
[2024-03-03T23:32:25.491+0000][7][gc,heap     ] GC(195) Survivor regions: 1->1(20)
[2024-03-03T23:32:25.491+0000][7][gc,heap     ] GC(195) Old regions: 23->23
[2024-03-03T23:32:25.491+0000][7][gc,heap     ] GC(195) Archive regions: 2->2
[2024-03-03T23:32:25.491+0000][7][gc,heap     ] GC(195) Humongous regions: 0->0
[2024-03-03T23:32:25.491+0000][7][gc,metaspace] GC(195) Metaspace: 127340K(130688K)->127340K(130688K) NonClass: 110760K(112512K)->110760K(112512K) Class: 16580K(18176K)->16580K(18176K)
[2024-03-03T23:32:25.491+0000][7][gc          ] GC(195) Pause Young (Normal) (G1 Evacuation Pause) 704M->96M(1024M) 2.464ms
[2024-03-03T23:32:25.491+0000][7][gc,cpu      ] GC(195) User=0.01s Sys=0.00s Real=0.00s
[2024-03-03T23:32:25.491+0000][7][safepoint   ] Safepoint "G1CollectForAllocation", Time since last: 42678641128 ns, Reaching safepoint: 69186 ns, At safepoint: 2549136 ns, Total: 2618322 ns
[2024-03-03T23:33:28.499+0000][7][safepoint   ] Safepoint "Cleanup", Time since last: 63007819095 ns, Reaching safepoint: 92220 ns, At safepoint: 13673 ns, Total: 105893 ns
[2024-03-03T23:34:28.506+0000][7][safepoint   ] Safepoint "Cleanup", Time since last: 60006845964 ns, Reaching safepoint: 73466 ns, At safepoint: 9981 ns, Total: 83447 ns
[2024-03-03T23:35:28.513+0000][7][safepoint   ] Safepoint "Cleanup", Time since last: 60007539150 ns, Reaching safepoint: 124413 ns, At safepoint: 29834 ns, Total: 154247 ns
[2024-03-03T23:35:37.480+0000][7][gc,start    ] GC(196) Pause Young (Normal) (G1 Evacuation Pause)
[2024-03-03T23:35:37.480+0000][7][gc,task     ] GC(196) Using 8 workers of 8 for evacuation
[2024-03-03T23:35:37.480+0000][7][gc,age      ] GC(196) Desired survivor size 41943040 bytes, new threshold 15 (max threshold 15)
[2024-03-03T23:35:37.482+0000][7][gc,phases   ] GC(196)   Pre Evacuate Collection Set: 0.1ms
[2024-03-03T23:35:37.482+0000][7][gc,phases   ] GC(196)   Merge Heap Roots: 0.1ms
[2024-03-03T23:35:37.482+0000][7][gc,phases   ] GC(196)   Evacuate Collection Set: 1.0ms
[2024-03-03T23:35:37.482+0000][7][gc,phases   ] GC(196)   Post Evacuate Collection Set: 0.7ms
[2024-03-03T23:35:37.482+0000][7][gc,phases   ] GC(196)   Other: 0.1ms
[2024-03-03T23:35:37.482+0000][7][gc,age      ] GC(196) Age table with threshold 15 (max threshold 15)
[2024-03-03T23:35:37.482+0000][7][gc,age      ] GC(196) - age   1:     776680 bytes,     776680 total
[2024-03-03T23:35:37.482+0000][7][gc,age      ] GC(196) - age   2:      11728 bytes,     788408 total
[2024-03-03T23:35:37.482+0000][7][gc,age      ] GC(196) - age   3:       3952 bytes,     792360 total
[2024-03-03T23:35:37.482+0000][7][gc,age      ] GC(196) - age   4:        184 bytes,     792544 total
[2024-03-03T23:35:37.482+0000][7][gc,age      ] GC(196) - age   5:        568 bytes,     793112 total
[2024-03-03T23:35:37.482+0000][7][gc,age      ] GC(196) - age   6:        568 bytes,     793680 total
[2024-03-03T23:35:37.482+0000][7][gc,age      ] GC(196) - age   8:        184 bytes,     793864 total
[2024-03-03T23:35:37.482+0000][7][gc,age      ] GC(196) - age   9:        976 bytes,     794840 total
[2024-03-03T23:35:37.482+0000][7][gc,age      ] GC(196) - age  10:         88 bytes,     794928 total
[2024-03-03T23:35:37.482+0000][7][gc,age      ] GC(196) - age  11:        512 bytes,     795440 total
[2024-03-03T23:35:37.482+0000][7][gc,age      ] GC(196) - age  15:        224 bytes,     795664 total
[2024-03-03T23:35:37.482+0000][7][gc,heap     ] GC(196) Eden regions: 152->0(152)
[2024-03-03T23:35:37.482+0000][7][gc,heap     ] GC(196) Survivor regions: 1->1(20)
[2024-03-03T23:35:37.483+0000][7][gc,heap     ] GC(196) Old regions: 23->23
[2024-03-03T23:35:37.483+0000][7][gc,heap     ] GC(196) Archive regions: 2->2
[2024-03-03T23:35:37.483+0000][7][gc,heap     ] GC(196) Humongous regions: 0->0
[2024-03-03T23:35:37.483+0000][7][gc,metaspace] GC(196) Metaspace: 127340K(130688K)->127340K(130688K) NonClass: 110760K(112512K)->110760K(112512K) Class: 16580K(18176K)->16580K(18176K)
[2024-03-03T23:35:37.483+0000][7][gc          ] GC(196) Pause Young (Normal) (G1 Evacuation Pause) 704M->95M(1024M) 2.206ms
[2024-03-03T23:35:37.483+0000][7][gc,cpu      ] GC(196) User=0.01s Sys=0.00s Real=0.00s
[2024-03-03T23:35:37.483+0000][7][safepoint   ] Safepoint "G1CollectForAllocation", Time since last: 8967009298 ns, Reaching safepoint: 53715 ns, At safepoint: 2291406 ns, Total: 2345121 ns
[2024-03-03T23:38:49.448+0000][7][gc,start    ] GC(197) Pause Young (Normal) (G1 Evacuation Pause)
[2024-03-03T23:38:49.448+0000][7][gc,task     ] GC(197) Using 8 workers of 8 for evacuation
[2024-03-03T23:38:49.448+0000][7][gc,age      ] GC(197) Desired survivor size 41943040 bytes, new threshold 15 (max threshold 15)
[2024-03-03T23:38:49.451+0000][7][gc,phases   ] GC(197)   Pre Evacuate Collection Set: 0.1ms
[2024-03-03T23:38:49.451+0000][7][gc,phases   ] GC(197)   Merge Heap Roots: 0.1ms
[2024-03-03T23:38:49.451+0000][7][gc,phases   ] GC(197)   Evacuate Collection Set: 1.2ms
[2024-03-03T23:38:49.451+0000][7][gc,phases   ] GC(197)   Post Evacuate Collection Set: 0.8ms
[2024-03-03T23:38:49.451+0000][7][gc,phases   ] GC(197)   Other: 0.1ms
[2024-03-03T23:38:49.451+0000][7][gc,age      ] GC(197) Age table with threshold 15 (max threshold 15)
[2024-03-03T23:38:49.451+0000][7][gc,age      ] GC(197) - age   1:     655592 bytes,     655592 total
[2024-03-03T23:38:49.451+0000][7][gc,age      ] GC(197) - age   2:       1816 bytes,     657408 total
[2024-03-03T23:38:49.451+0000][7][gc,age      ] GC(197) - age   3:       1440 bytes,     658848 total
[2024-03-03T23:38:49.451+0000][7][gc,age      ] GC(197) - age   4:        304 bytes,     659152 total
[2024-03-03T23:38:49.451+0000][7][gc,age      ] GC(197) - age   5:        184 bytes,     659336 total
[2024-03-03T23:38:49.451+0000][7][gc,age      ] GC(197) - age   6:        176 bytes,     659512 total
[2024-03-03T23:38:49.451+0000][7][gc,age      ] GC(197) - age   7:        184 bytes,     659696 total
[2024-03-03T23:38:49.451+0000][7][gc,age      ] GC(197) - age   9:        184 bytes,     659880 total
[2024-03-03T23:38:49.451+0000][7][gc,age      ] GC(197) - age  10:        792 bytes,     660672 total
[2024-03-03T23:38:49.451+0000][7][gc,age      ] GC(197) - age  11:         88 bytes,     660760 total
[2024-03-03T23:38:49.451+0000][7][gc,age      ] GC(197) - age  12:        512 bytes,     661272 total
[2024-03-03T23:38:49.451+0000][7][gc,heap     ] GC(197) Eden regions: 152->0(152)
[2024-03-03T23:38:49.451+0000][7][gc,heap     ] GC(197) Survivor regions: 1->1(20)
[2024-03-03T23:38:49.451+0000][7][gc,heap     ] GC(197) Old regions: 23->23
[2024-03-03T23:38:49.451+0000][7][gc,heap     ] GC(197) Archive regions: 2->2
[2024-03-03T23:38:49.451+0000][7][gc,heap     ] GC(197) Humongous regions: 0->0
[2024-03-03T23:38:49.451+0000][7][gc,metaspace] GC(197) Metaspace: 127340K(130688K)->127340K(130688K) NonClass: 110760K(112512K)->110760K(112512K) Class: 16580K(18176K)->16580K(18176K)
[2024-03-03T23:38:49.451+0000][7][gc          ] GC(197) Pause Young (Normal) (G1 Evacuation Pause) 703M->95M(1024M) 2.461ms
[2024-03-03T23:38:49.451+0000][7][gc,cpu      ] GC(197) User=0.01s Sys=0.00s Real=0.00s
[2024-03-03T23:38:49.451+0000][7][safepoint   ] Safepoint "G1CollectForAllocation", Time since last: 191965679237 ns, Reaching safepoint: 31899 ns, At safepoint: 2692330 ns, Total: 2724229 ns
[2024-03-03T23:42:07.501+0000][7][gc,start    ] GC(198) Pause Young (Normal) (G1 Evacuation Pause)
[2024-03-03T23:42:07.501+0000][7][gc,task     ] GC(198) Using 8 workers of 8 for evacuation
[2024-03-03T23:42:07.501+0000][7][gc,age      ] GC(198) Desired survivor size 41943040 bytes, new threshold 15 (max threshold 15)
[2024-03-03T23:42:07.503+0000][7][gc,phases   ] GC(198)   Pre Evacuate Collection Set: 0.1ms
[2024-03-03T23:42:07.503+0000][7][gc,phases   ] GC(198)   Merge Heap Roots: 0.1ms
[2024-03-03T23:42:07.503+0000][7][gc,phases   ] GC(198)   Evacuate Collection Set: 1.5ms
[2024-03-03T23:42:07.503+0000][7][gc,phases   ] GC(198)   Post Evacuate Collection Set: 0.7ms
[2024-03-03T23:42:07.503+0000][7][gc,phases   ] GC(198)   Other: 0.1ms
[2024-03-03T23:42:07.503+0000][7][gc,age      ] GC(198) Age table with threshold 15 (max threshold 15)
[2024-03-03T23:42:07.503+0000][7][gc,age      ] GC(198) - age   1:    1378912 bytes,    1378912 total
[2024-03-03T23:42:07.503+0000][7][gc,age      ] GC(198) - age   2:     208232 bytes,    1587144 total
[2024-03-03T23:42:07.503+0000][7][gc,age      ] GC(198) - age   3:        288 bytes,    1587432 total
[2024-03-03T23:42:07.503+0000][7][gc,age      ] GC(198) - age   4:        280 bytes,    1587712 total
[2024-03-03T23:42:07.503+0000][7][gc,age      ] GC(198) - age   5:        304 bytes,    1588016 total
[2024-03-03T23:42:07.503+0000][7][gc,age      ] GC(198) - age   6:        184 bytes,    1588200 total
[2024-03-03T23:42:07.503+0000][7][gc,age      ] GC(198) - age   7:        144 bytes,    1588344 total
[2024-03-03T23:42:07.503+0000][7][gc,age      ] GC(198) - age   8:        184 bytes,    1588528 total
[2024-03-03T23:42:07.503+0000][7][gc,age      ] GC(198) - age  10:        184 bytes,    1588712 total
[2024-03-03T23:42:07.503+0000][7][gc,age      ] GC(198) - age  11:        792 bytes,    1589504 total
[2024-03-03T23:42:07.503+0000][7][gc,age      ] GC(198) - age  12:         88 bytes,    1589592 total
[2024-03-03T23:42:07.503+0000][7][gc,age      ] GC(198) - age  13:        512 bytes,    1590104 total
[2024-03-03T23:42:07.503+0000][7][gc,heap     ] GC(198) Eden regions: 152->0(152)
[2024-03-03T23:42:07.503+0000][7][gc,heap     ] GC(198) Survivor regions: 1->1(20)
[2024-03-03T23:42:07.503+0000][7][gc,heap     ] GC(198) Old regions: 23->23
[2024-03-03T23:42:07.503+0000][7][gc,heap     ] GC(198) Archive regions: 2->2
[2024-03-03T23:42:07.503+0000][7][gc,heap     ] GC(198) Humongous regions: 0->0
[2024-03-03T23:42:07.503+0000][7][gc,metaspace] GC(198) Metaspace: 127340K(130688K)->127340K(130688K) NonClass: 110760K(112512K)->110760K(112512K) Class: 16580K(18176K)->16580K(18176K)
[2024-03-03T23:42:07.503+0000][7][gc          ] GC(198) Pause Young (Normal) (G1 Evacuation Pause) 703M->96M(1024M) 2.771ms
[2024-03-03T23:42:07.503+0000][7][gc,cpu      ] GC(198) User=0.01s Sys=0.00s Real=0.00s
[2024-03-03T23:42:07.503+0000][7][safepoint   ] Safepoint "G1CollectForAllocation", Time since last: 198049542428 ns, Reaching safepoint: 70622 ns, At safepoint: 2860753 ns, Total: 2931375 ns
[2024-03-03T23:45:23.160+0000][7][gc,start    ] GC(199) Pause Young (Normal) (G1 Evacuation Pause)
[2024-03-03T23:45:23.160+0000][7][gc,task     ] GC(199) Using 8 workers of 8 for evacuation
[2024-03-03T23:45:23.160+0000][7][gc,age      ] GC(199) Desired survivor size 41943040 bytes, new threshold 15 (max threshold 15)
[2024-03-03T23:45:23.163+0000][7][gc,phases   ] GC(199)   Pre Evacuate Collection Set: 0.1ms
[2024-03-03T23:45:23.163+0000][7][gc,phases   ] GC(199)   Merge Heap Roots: 0.1ms
[2024-03-03T23:45:23.163+0000][7][gc,phases   ] GC(199)   Evacuate Collection Set: 1.5ms
[2024-03-03T23:45:23.163+0000][7][gc,phases   ] GC(199)   Post Evacuate Collection Set: 1.0ms
[2024-03-03T23:45:23.163+0000][7][gc,phases   ] GC(199)   Other: 0.1ms
[2024-03-03T23:45:23.163+0000][7][gc,age      ] GC(199) Age table with threshold 15 (max threshold 15)
[2024-03-03T23:45:23.163+0000][7][gc,age      ] GC(199) - age   1:    1291728 bytes,    1291728 total
[2024-03-03T23:45:23.163+0000][7][gc,age      ] GC(199) - age   2:       2848 bytes,    1294576 total
[2024-03-03T23:45:23.163+0000][7][gc,age      ] GC(199) - age   3:     103016 bytes,    1397592 total
[2024-03-03T23:45:23.163+0000][7][gc,age      ] GC(199) - age   5:        216 bytes,    1397808 total
[2024-03-03T23:45:23.163+0000][7][gc,age      ] GC(199) - age   6:        280 bytes,    1398088 total
[2024-03-03T23:45:23.163+0000][7][gc,age      ] GC(199) - age   7:        184 bytes,    1398272 total
[2024-03-03T23:45:23.163+0000][7][gc,age      ] GC(199) - age   8:        144 bytes,    1398416 total
[2024-03-03T23:45:23.163+0000][7][gc,age      ] GC(199) - age   9:        184 bytes,    1398600 total
[2024-03-03T23:45:23.163+0000][7][gc,age      ] GC(199) - age  11:        184 bytes,    1398784 total
[2024-03-03T23:45:23.163+0000][7][gc,age      ] GC(199) - age  12:        792 bytes,    1399576 total
[2024-03-03T23:45:23.163+0000][7][gc,age      ] GC(199) - age  13:         88 bytes,    1399664 total
[2024-03-03T23:45:23.163+0000][7][gc,age      ] GC(199) - age  14:        512 bytes,    1400176 total
[2024-03-03T23:45:23.163+0000][7][gc,heap     ] GC(199) Eden regions: 152->0(152)
[2024-03-03T23:45:23.163+0000][7][gc,heap     ] GC(199) Survivor regions: 1->1(20)
[2024-03-03T23:45:23.163+0000][7][gc,heap     ] GC(199) Old regions: 23->23
[2024-03-03T23:45:23.163+0000][7][gc,heap     ] GC(199) Archive regions: 2->2
[2024-03-03T23:45:23.163+0000][7][gc,heap     ] GC(199) Humongous regions: 0->0
[2024-03-03T23:45:23.163+0000][7][gc,metaspace] GC(199) Metaspace: 127340K(130688K)->127340K(130688K) NonClass: 110760K(112512K)->110760K(112512K) Class: 16580K(18176K)->16580K(18176K)
[2024-03-03T23:45:23.163+0000][7][gc          ] GC(199) Pause Young (Normal) (G1 Evacuation Pause) 704M->96M(1024M) 3.205ms
[2024-03-03T23:45:23.163+0000][7][gc,cpu      ] GC(199) User=0.01s Sys=0.00s Real=0.00s
[2024-03-03T23:45:23.164+0000][7][safepoint   ] Safepoint "G1CollectForAllocation", Time since last: 195656596556 ns, Reaching safepoint: 134859 ns, At safepoint: 3329044 ns, Total: 3463903 ns
[2024-03-03T23:46:28.171+0000][7][safepoint   ] Safepoint "Cleanup", Time since last: 65007166700 ns, Reaching safepoint: 80312 ns, At safepoint: 44081 ns, Total: 124393 ns
[2024-03-03T23:46:59.175+0000][7][safepoint   ] Safepoint "Cleanup", Time since last: 31004234829 ns, Reaching safepoint: 81081 ns, At safepoint: 7686 ns, Total: 88767 ns
[2024-03-03T23:48:08.166+0000][7][gc,start    ] GC(200) Pause Young (Normal) (G1 Evacuation Pause)
[2024-03-03T23:48:08.167+0000][7][gc,task     ] GC(200) Using 8 workers of 8 for evacuation
[2024-03-03T23:48:08.167+0000][7][gc,age      ] GC(200) Desired survivor size 41943040 bytes, new threshold 15 (max threshold 15)
[2024-03-03T23:48:08.170+0000][7][gc,phases   ] GC(200)   Pre Evacuate Collection Set: 0.1ms
[2024-03-03T23:48:08.170+0000][7][gc,phases   ] GC(200)   Merge Heap Roots: 0.1ms
[2024-03-03T23:48:08.170+0000][7][gc,phases   ] GC(200)   Evacuate Collection Set: 1.8ms
[2024-03-03T23:48:08.170+0000][7][gc,phases   ] GC(200)   Post Evacuate Collection Set: 1.1ms
[2024-03-03T23:48:08.170+0000][7][gc,phases   ] GC(200)   Other: 0.1ms
[2024-03-03T23:48:08.170+0000][7][gc,age      ] GC(200) Age table with threshold 15 (max threshold 15)
[2024-03-03T23:48:08.170+0000][7][gc,age      ] GC(200) - age   1:    1619808 bytes,    1619808 total
[2024-03-03T23:48:08.170+0000][7][gc,age      ] GC(200) - age   2:     135432 bytes,    1755240 total
[2024-03-03T23:48:08.170+0000][7][gc,age      ] GC(200) - age   3:        848 bytes,    1756088 total
[2024-03-03T23:48:08.170+0000][7][gc,age      ] GC(200) - age   4:      99368 bytes,    1855456 total
[2024-03-03T23:48:08.170+0000][7][gc,age      ] GC(200) - age   6:        216 bytes,    1855672 total
[2024-03-03T23:48:08.170+0000][7][gc,age      ] GC(200) - age   7:        280 bytes,    1855952 total
[2024-03-03T23:48:08.170+0000][7][gc,age      ] GC(200) - age   9:        144 bytes,    1856096 total
[2024-03-03T23:48:08.170+0000][7][gc,age      ] GC(200) - age  10:        184 bytes,    1856280 total
[2024-03-03T23:48:08.170+0000][7][gc,age      ] GC(200) - age  12:        184 bytes,    1856464 total
[2024-03-03T23:48:08.170+0000][7][gc,age      ] GC(200) - age  13:        792 bytes,    1857256 total
[2024-03-03T23:48:08.170+0000][7][gc,age      ] GC(200) - age  14:         88 bytes,    1857344 total
[2024-03-03T23:48:08.170+0000][7][gc,age      ] GC(200) - age  15:        512 bytes,    1857856 total
[2024-03-03T23:48:08.170+0000][7][gc,heap     ] GC(200) Eden regions: 152->0(152)
[2024-03-03T23:48:08.170+0000][7][gc,heap     ] GC(200) Survivor regions: 1->1(20)
[2024-03-03T23:48:08.170+0000][7][gc,heap     ] GC(200) Old regions: 23->23
[2024-03-03T23:48:08.170+0000][7][gc,heap     ] GC(200) Archive regions: 2->2
[2024-03-03T23:48:08.170+0000][7][gc,heap     ] GC(200) Humongous regions: 0->0
[2024-03-03T23:48:08.170+0000][7][gc,metaspace] GC(200) Metaspace: 127341K(130688K)->127341K(130688K) NonClass: 110760K(112512K)->110760K(112512K) Class: 16580K(18176K)->16580K(18176K)
[2024-03-03T23:48:08.170+0000][7][gc          ] GC(200) Pause Young (Normal) (G1 Evacuation Pause) 704M->96M(1024M) 3.535ms
[2024-03-03T23:48:08.170+0000][7][gc,cpu      ] GC(200) User=0.02s Sys=0.00s Real=0.00s
[2024-03-03T23:48:08.170+0000][7][safepoint   ] Safepoint "G1CollectForAllocation", Time since last: 68991198290 ns, Reaching safepoint: 96419 ns, At safepoint: 3644596 ns, Total: 3741015 ns
[2024-03-03T23:50:37.485+0000][7][gc,start    ] GC(201) Pause Young (Normal) (G1 Evacuation Pause)
[2024-03-03T23:50:37.485+0000][7][gc,task     ] GC(201) Using 8 workers of 8 for evacuation
[2024-03-03T23:50:37.485+0000][7][gc,age      ] GC(201) Desired survivor size 41943040 bytes, new threshold 15 (max threshold 15)
[2024-03-03T23:50:37.488+0000][7][gc,phases   ] GC(201)   Pre Evacuate Collection Set: 0.1ms
[2024-03-03T23:50:37.488+0000][7][gc,phases   ] GC(201)   Merge Heap Roots: 0.1ms
[2024-03-03T23:50:37.488+0000][7][gc,phases   ] GC(201)   Evacuate Collection Set: 1.6ms
[2024-03-03T23:50:37.488+0000][7][gc,phases   ] GC(201)   Post Evacuate Collection Set: 0.9ms
[2024-03-03T23:50:37.488+0000][7][gc,phases   ] GC(201)   Other: 0.1ms
[2024-03-03T23:50:37.488+0000][7][gc,age      ] GC(201) Age table with threshold 15 (max threshold 15)
[2024-03-03T23:50:37.488+0000][7][gc,age      ] GC(201) - age   1:     973912 bytes,     973912 total
[2024-03-03T23:50:37.488+0000][7][gc,age      ] GC(201) - age   2:     178128 bytes,    1152040 total
[2024-03-03T23:50:37.488+0000][7][gc,age      ] GC(201) - age   3:     125648 bytes,    1277688 total
[2024-03-03T23:50:37.488+0000][7][gc,age      ] GC(201) - age   4:        784 bytes,    1278472 total
[2024-03-03T23:50:37.488+0000][7][gc,age      ] GC(201) - age   5:      99368 bytes,    1377840 total
[2024-03-03T23:50:37.488+0000][7][gc,age      ] GC(201) - age   7:        216 bytes,    1378056 total
[2024-03-03T23:50:37.488+0000][7][gc,age      ] GC(201) - age   8:         96 bytes,    1378152 total
[2024-03-03T23:50:37.488+0000][7][gc,age      ] GC(201) - age  10:        144 bytes,    1378296 total
[2024-03-03T23:50:37.488+0000][7][gc,age      ] GC(201) - age  11:        184 bytes,    1378480 total
[2024-03-03T23:50:37.488+0000][7][gc,age      ] GC(201) - age  14:        792 bytes,    1379272 total
[2024-03-03T23:50:37.488+0000][7][gc,age      ] GC(201) - age  15:         88 bytes,    1379360 total
[2024-03-03T23:50:37.488+0000][7][gc,heap     ] GC(201) Eden regions: 152->0(152)
[2024-03-03T23:50:37.488+0000][7][gc,heap     ] GC(201) Survivor regions: 1->1(20)
[2024-03-03T23:50:37.488+0000][7][gc,heap     ] GC(201) Old regions: 23->23
[2024-03-03T23:50:37.488+0000][7][gc,heap     ] GC(201) Archive regions: 2->2
[2024-03-03T23:50:37.488+0000][7][gc,heap     ] GC(201) Humongous regions: 0->0
[2024-03-03T23:50:37.488+0000][7][gc,metaspace] GC(201) Metaspace: 127342K(130688K)->127342K(130688K) NonClass: 110762K(112512K)->110762K(112512K) Class: 16580K(18176K)->16580K(18176K)
[2024-03-03T23:50:37.488+0000][7][gc          ] GC(201) Pause Young (Normal) (G1 Evacuation Pause) 704M->96M(1024M) 3.142ms
[2024-03-03T23:50:37.489+0000][7][gc,cpu      ] GC(201) User=0.02s Sys=0.00s Real=0.00s
[2024-03-03T23:50:37.489+0000][7][safepoint   ] Safepoint "G1CollectForAllocation", Time since last: 149315117789 ns, Reaching safepoint: 74382 ns, At safepoint: 3247171 ns, Total: 3321553 ns
[2024-03-04T16:06:15.117+0000][7][safepoint   ] Safepoint "Cleanup", Time since last: 137325095559 ns, Reaching safepoint: 67451 ns, At safepoint: 3988 ns, Total: 71439 ns
[2024-03-04T16:06:18.118+0000][7][safepoint   ] Safepoint "Cleanup", Time since last: 3000198114 ns, Reaching safepoint: 45525 ns, At safepoint: 3510 ns, Total: 49035 ns
[2024-03-04T16:06:20.150+0000][7][gc,start    ] GC(202) Pause Young (Normal) (G1 Evacuation Pause)
[2024-03-04T16:06:20.150+0000][7][gc,task     ] GC(202) Using 8 workers of 8 for evacuation
[2024-03-04T16:06:20.150+0000][7][gc,age      ] GC(202) Desired survivor size 41943040 bytes, new threshold 15 (max threshold 15)
[2024-03-04T16:06:20.152+0000][7][gc,phases   ] GC(202)   Pre Evacuate Collection Set: 0.1ms
[2024-03-04T16:06:20.152+0000][7][gc,phases   ] GC(202)   Merge Heap Roots: 0.1ms
[2024-03-04T16:06:20.152+0000][7][gc,phases   ] GC(202)   Evacuate Collection Set: 1.2ms
[2024-03-04T16:06:20.152+0000][7][gc,phases   ] GC(202)   Post Evacuate Collection Set: 0.6ms
[2024-03-04T16:06:20.152+0000][7][gc,phases   ] GC(202)   Other: 0.1ms
[2024-03-04T16:06:20.152+0000][7][gc,age      ] GC(202) Age table with threshold 15 (max threshold 15)
[2024-03-04T16:06:20.152+0000][7][gc,age      ] GC(202) - age   1:    1629464 bytes,    1629464 total
[2024-03-04T16:06:20.152+0000][7][gc,age      ] GC(202) - age   2:      10128 bytes,    1639592 total
[2024-03-04T16:06:20.152+0000][7][gc,age      ] GC(202) - age   3:      12648 bytes,    1652240 total
[2024-03-04T16:06:20.152+0000][7][gc,age      ] GC(202) - age   4:      20656 bytes,    1672896 total
[2024-03-04T16:06:20.152+0000][7][gc,age      ] GC(202) - age   6:      97032 bytes,    1769928 total
[2024-03-04T16:06:20.152+0000][7][gc,age      ] GC(202) - age   8:        184 bytes,    1770112 total
[2024-03-04T16:06:20.152+0000][7][gc,age      ] GC(202) - age   9:         96 bytes,    1770208 total
[2024-03-04T16:06:20.152+0000][7][gc,age      ] GC(202) - age  11:        144 bytes,    1770352 total
[2024-03-04T16:06:20.152+0000][7][gc,age      ] GC(202) - age  12:        184 bytes,    1770536 total
[2024-03-04T16:06:20.152+0000][7][gc,age      ] GC(202) - age  15:        792 bytes,    1771328 total
[2024-03-04T16:06:20.152+0000][7][gc,heap     ] GC(202) Eden regions: 152->0(152)
[2024-03-04T16:06:20.152+0000][7][gc,heap     ] GC(202) Survivor regions: 1->1(20)
[2024-03-04T16:06:20.152+0000][7][gc,heap     ] GC(202) Old regions: 23->23
[2024-03-04T16:06:20.152+0000][7][gc,heap     ] GC(202) Archive regions: 2->2
[2024-03-04T16:06:20.152+0000][7][gc,heap     ] GC(202) Humongous regions: 0->0
[2024-03-04T16:06:20.152+0000][7][gc,metaspace] GC(202) Metaspace: 127378K(130816K)->127378K(130816K) NonClass: 110796K(112640K)->110796K(112640K) Class: 16581K(18176K)->16581K(18176K)
[2024-03-04T16:06:20.152+0000][7][gc          ] GC(202) Pause Young (Normal) (G1 Evacuation Pause) 704M->96M(1024M) 2.266ms
[2024-03-04T16:06:20.152+0000][7][gc,cpu      ] GC(202) User=0.01s Sys=0.00s Real=0.00s
[2024-03-04T16:06:20.152+0000][7][safepoint   ] Safepoint "G1CollectForAllocation", Time since last: 2032198801 ns, Reaching safepoint: 42706 ns, At safepoint: 2346095 ns, Total: 2388801 ns
[2024-03-04T16:06:29.153+0000][7][safepoint   ] Safepoint "Cleanup", Time since last: 9000922066 ns, Reaching safepoint: 79170 ns, At safepoint: 6986 ns, Total: 86156 ns
[2024-03-04T16:07:08.157+0000][7][safepoint   ] Safepoint "Cleanup", Time since last: 39004144267 ns, Reaching safepoint: 48604 ns, At safepoint: 11168 ns, Total: 59772 ns
[2024-03-04T16:07:14.158+0000][7][safepoint   ] Safepoint "Cleanup", Time since last: 6000468118 ns, Reaching safepoint: 40782 ns, At safepoint: 3897 ns, Total: 44679 ns
[2024-03-04T16:09:28.800+0000][7][gc,start    ] GC(203) Pause Young (Normal) (G1 Evacuation Pause)
[2024-03-04T16:09:28.800+0000][7][gc,task     ] GC(203) Using 8 workers of 8 for evacuation
[2024-03-04T16:09:28.800+0000][7][gc,age      ] GC(203) Desired survivor size 41943040 bytes, new threshold 15 (max threshold 15)
[2024-03-04T16:09:28.803+0000][7][gc,phases   ] GC(203)   Pre Evacuate Collection Set: 0.1ms
[2024-03-04T16:09:28.803+0000][7][gc,phases   ] GC(203)   Merge Heap Roots: 0.1ms
[2024-03-04T16:09:28.803+0000][7][gc,phases   ] GC(203)   Evacuate Collection Set: 1.9ms
[2024-03-04T16:09:28.803+0000][7][gc,phases   ] GC(203)   Post Evacuate Collection Set: 0.7ms
[2024-03-04T16:09:28.803+0000][7][gc,phases   ] GC(203)   Other: 0.1ms
[2024-03-04T16:09:28.803+0000][7][gc,age      ] GC(203) Age table with threshold 15 (max threshold 15)
[2024-03-04T16:09:28.803+0000][7][gc,age      ] GC(203) - age   1:    1154648 bytes,    1154648 total
[2024-03-04T16:09:28.803+0000][7][gc,age      ] GC(203) - age   2:     595392 bytes,    1750040 total
[2024-03-04T16:09:28.803+0000][7][gc,age      ] GC(203) - age   3:       8456 bytes,    1758496 total
[2024-03-04T16:09:28.803+0000][7][gc,age      ] GC(203) - age   4:      12160 bytes,    1770656 total
[2024-03-04T16:09:28.803+0000][7][gc,age      ] GC(203) - age   5:      19976 bytes,    1790632 total
[2024-03-04T16:09:28.803+0000][7][gc,age      ] GC(203) - age   7:      96448 bytes,    1887080 total
[2024-03-04T16:09:28.803+0000][7][gc,age      ] GC(203) - age   9:        184 bytes,    1887264 total
[2024-03-04T16:09:28.803+0000][7][gc,age      ] GC(203) - age  10:         96 bytes,    1887360 total
[2024-03-04T16:09:28.803+0000][7][gc,age      ] GC(203) - age  12:        144 bytes,    1887504 total
[2024-03-04T16:09:28.803+0000][7][gc,age      ] GC(203) - age  13:        184 bytes,    1887688 total
[2024-03-04T16:09:28.803+0000][7][gc,heap     ] GC(203) Eden regions: 152->0(152)
[2024-03-04T16:09:28.803+0000][7][gc,heap     ] GC(203) Survivor regions: 1->1(20)
[2024-03-04T16:09:28.803+0000][7][gc,heap     ] GC(203) Old regions: 23->23
[2024-03-04T16:09:28.803+0000][7][gc,heap     ] GC(203) Archive regions: 2->2
[2024-03-04T16:09:28.803+0000][7][gc,heap     ] GC(203) Humongous regions: 0->0
[2024-03-04T16:09:28.803+0000][7][gc,metaspace] GC(203) Metaspace: 127378K(130816K)->127378K(130816K) NonClass: 110796K(112640K)->110796K(112640K) Class: 16581K(18176K)->16581K(18176K)
[2024-03-04T16:09:28.803+0000][7][gc          ] GC(203) Pause Young (Normal) (G1 Evacuation Pause) 704M->96M(1024M) 3.302ms
[2024-03-04T16:09:28.803+0000][7][gc,cpu      ] GC(203) User=0.02s Sys=0.00s Real=0.00s
[2024-03-04T16:09:28.803+0000][7][safepoint   ] Safepoint "G1CollectForAllocation", Time since last: 134641543118 ns, Reaching safepoint: 45068 ns, At safepoint: 3403947 ns, Total: 3449015 ns
[2024-03-04T16:11:48.819+0000][7][safepoint   ] Safepoint "Cleanup", Time since last: 140015691549 ns, Reaching safepoint: 78643 ns, At safepoint: 11276 ns, Total: 89919 ns
[2024-03-04T16:12:38.920+0000][7][gc,start    ] GC(204) Pause Young (Normal) (G1 Evacuation Pause)
[2024-03-04T16:12:38.920+0000][7][gc,task     ] GC(204) Using 8 workers of 8 for evacuation
[2024-03-04T16:12:38.920+0000][7][gc,age      ] GC(204) Desired survivor size 41943040 bytes, new threshold 15 (max threshold 15)
[2024-03-04T16:12:38.923+0000][7][gc,phases   ] GC(204)   Pre Evacuate Collection Set: 0.1ms
[2024-03-04T16:12:38.923+0000][7][gc,phases   ] GC(204)   Merge Heap Roots: 0.1ms
[2024-03-04T16:12:38.923+0000][7][gc,phases   ] GC(204)   Evacuate Collection Set: 1.8ms
[2024-03-04T16:12:38.923+0000][7][gc,phases   ] GC(204)   Post Evacuate Collection Set: 0.8ms
[2024-03-04T16:12:38.923+0000][7][gc,phases   ] GC(204)   Other: 0.1ms
[2024-03-04T16:12:38.923+0000][7][gc,age      ] GC(204) Age table with threshold 15 (max threshold 15)
[2024-03-04T16:12:38.923+0000][7][gc,age      ] GC(204) - age   1:    1666584 bytes,    1666584 total
[2024-03-04T16:12:38.923+0000][7][gc,age      ] GC(204) - age   2:       5440 bytes,    1672024 total
[2024-03-04T16:12:38.923+0000][7][gc,age      ] GC(204) - age   3:     545720 bytes,    2217744 total
[2024-03-04T16:12:38.923+0000][7][gc,age      ] GC(204) - age   4:       8080 bytes,    2225824 total
[2024-03-04T16:12:38.923+0000][7][gc,age      ] GC(204) - age   5:       8704 bytes,    2234528 total
[2024-03-04T16:12:38.923+0000][7][gc,age      ] GC(204) - age   6:        416 bytes,    2234944 total
[2024-03-04T16:12:38.923+0000][7][gc,age      ] GC(204) - age   8:      96448 bytes,    2331392 total
[2024-03-04T16:12:38.923+0000][7][gc,age      ] GC(204) - age  10:        184 bytes,    2331576 total
[2024-03-04T16:12:38.923+0000][7][gc,age      ] GC(204) - age  11:         96 bytes,    2331672 total
[2024-03-04T16:12:38.923+0000][7][gc,age      ] GC(204) - age  13:        144 bytes,    2331816 total
[2024-03-04T16:12:38.923+0000][7][gc,age      ] GC(204) - age  14:        184 bytes,    2332000 total
[2024-03-04T16:12:38.923+0000][7][gc,heap     ] GC(204) Eden regions: 152->0(152)
[2024-03-04T16:12:38.923+0000][7][gc,heap     ] GC(204) Survivor regions: 1->1(20)
[2024-03-04T16:12:38.923+0000][7][gc,heap     ] GC(204) Old regions: 23->23
[2024-03-04T16:12:38.923+0000][7][gc,heap     ] GC(204) Archive regions: 2->2
[2024-03-04T16:12:38.923+0000][7][gc,heap     ] GC(204) Humongous regions: 0->0
[2024-03-04T16:12:38.923+0000][7][gc,metaspace] GC(204) Metaspace: 127378K(130816K)->127378K(130816K) NonClass: 110796K(112640K)->110796K(112640K) Class: 16581K(18176K)->16581K(18176K)
[2024-03-04T16:12:38.923+0000][7][gc          ] GC(204) Pause Young (Normal) (G1 Evacuation Pause) 704M->97M(1024M) 3.156ms
[2024-03-04T16:12:38.923+0000][7][gc,cpu      ] GC(204) User=0.02s Sys=0.00s Real=0.00s
[2024-03-04T16:12:38.923+0000][7][safepoint   ] Safepoint "G1CollectForAllocation", Time since last: 50101039753 ns, Reaching safepoint: 67237 ns, At safepoint: 3249009 ns, Total: 3316246 ns
[2024-03-04T20:52:05.112+0000][7][safepoint   ] Safepoint "Cleanup", Time since last: 129493137584 ns, Reaching safepoint: 113078 ns, At safepoint: 7899 ns, Total: 120977 ns
[2024-03-04T20:52:20.114+0000][7][safepoint   ] Safepoint "Cleanup", Time since last: 15001169604 ns, Reaching safepoint: 223692 ns, At safepoint: 22320 ns, Total: 246012 ns
[2024-03-04T20:52:57.119+0000][7][gc,start    ] GC(205) Pause Young (Normal) (G1 Evacuation Pause)
[2024-03-04T20:52:57.119+0000][7][gc,task     ] GC(205) Using 8 workers of 8 for evacuation
[2024-03-04T20:52:57.119+0000][7][gc,age      ] GC(205) Desired survivor size 41943040 bytes, new threshold 15 (max threshold 15)
[2024-03-04T20:52:57.123+0000][7][gc,phases   ] GC(205)   Pre Evacuate Collection Set: 0.2ms
[2024-03-04T20:52:57.123+0000][7][gc,phases   ] GC(205)   Merge Heap Roots: 0.1ms
[2024-03-04T20:52:57.123+0000][7][gc,phases   ] GC(205)   Evacuate Collection Set: 2.5ms
[2024-03-04T20:52:57.123+0000][7][gc,phases   ] GC(205)   Post Evacuate Collection Set: 0.9ms
[2024-03-04T20:52:57.123+0000][7][gc,phases   ] GC(205)   Other: 0.1ms
[2024-03-04T20:52:57.123+0000][7][gc,age      ] GC(205) Age table with threshold 15 (max threshold 15)
[2024-03-04T20:52:57.123+0000][7][gc,age      ] GC(205) - age   1:    1598576 bytes,    1598576 total
[2024-03-04T20:52:57.123+0000][7][gc,age      ] GC(205) - age   2:     128576 bytes,    1727152 total
[2024-03-04T20:52:57.123+0000][7][gc,age      ] GC(205) - age   3:       4288 bytes,    1731440 total
[2024-03-04T20:52:57.123+0000][7][gc,age      ] GC(205) - age   4:     543256 bytes,    2274696 total
[2024-03-04T20:52:57.123+0000][7][gc,age      ] GC(205) - age   5:       8016 bytes,    2282712 total
[2024-03-04T20:52:57.123+0000][7][gc,age      ] GC(205) - age   6:       8520 bytes,    2291232 total
[2024-03-04T20:52:57.123+0000][7][gc,age      ] GC(205) - age   7:        416 bytes,    2291648 total
[2024-03-04T20:52:57.123+0000][7][gc,age      ] GC(205) - age   9:      96448 bytes,    2388096 total
[2024-03-04T20:52:57.123+0000][7][gc,age      ] GC(205) - age  11:        184 bytes,    2388280 total
[2024-03-04T20:52:57.123+0000][7][gc,age      ] GC(205) - age  12:         96 bytes,    2388376 total
[2024-03-04T20:52:57.123+0000][7][gc,age      ] GC(205) - age  14:        144 bytes,    2388520 total
[2024-03-04T20:52:57.123+0000][7][gc,age      ] GC(205) - age  15:        184 bytes,    2388704 total
[2024-03-04T20:52:57.123+0000][7][gc,heap     ] GC(205) Eden regions: 152->0(152)
[2024-03-04T20:52:57.123+0000][7][gc,heap     ] GC(205) Survivor regions: 1->1(20)
[2024-03-04T20:52:57.123+0000][7][gc,heap     ] GC(205) Old regions: 23->23
[2024-03-04T20:52:57.123+0000][7][gc,heap     ] GC(205) Archive regions: 2->2
[2024-03-04T20:52:57.123+0000][7][gc,heap     ] GC(205) Humongous regions: 0->0
[2024-03-04T20:52:57.123+0000][7][gc,metaspace] GC(205) Metaspace: 127379K(130816K)->127379K(130816K) NonClass: 110797K(112640K)->110797K(112640K) Class: 16581K(18176K)->16581K(18176K)
[2024-03-04T20:52:57.123+0000][7][gc          ] GC(205) Pause Young (Normal) (G1 Evacuation Pause) 705M->97M(1024M) 4.155ms
[2024-03-04T20:52:57.123+0000][7][gc,cpu      ] GC(205) User=0.02s Sys=0.00s Real=0.00s
[2024-03-04T20:52:57.123+0000][7][safepoint   ] Safepoint "G1CollectForAllocation", Time since last: 37005175761 ns, Reaching safepoint: 74866 ns, At safepoint: 4256937 ns, Total: 4331803 ns
[2024-03-04T20:53:05.124+0000][7][safepoint   ] Safepoint "Cleanup", Time since last: 8000787208 ns, Reaching safepoint: 77790 ns, At safepoint: 8149 ns, Total: 85939 ns
[2024-03-04T20:53:47.129+0000][7][safepoint   ] Safepoint "Cleanup", Time since last: 42005160623 ns, Reaching safepoint: 84671 ns, At safepoint: 40848 ns, Total: 125519 ns
[2024-03-04T20:56:19.138+0000][7][gc,start    ] GC(206) Pause Young (Normal) (G1 Evacuation Pause)
[2024-03-04T20:56:19.138+0000][7][gc,task     ] GC(206) Using 8 workers of 8 for evacuation
[2024-03-04T20:56:19.138+0000][7][gc,age      ] GC(206) Desired survivor size 41943040 bytes, new threshold 15 (max threshold 15)
[2024-03-04T20:56:19.141+0000][7][gc,phases   ] GC(206)   Pre Evacuate Collection Set: 0.2ms
[2024-03-04T20:56:19.141+0000][7][gc,phases   ] GC(206)   Merge Heap Roots: 0.1ms
[2024-03-04T20:56:19.141+0000][7][gc,phases   ] GC(206)   Evacuate Collection Set: 2.0ms
[2024-03-04T20:56:19.141+0000][7][gc,phases   ] GC(206)   Post Evacuate Collection Set: 0.9ms
[2024-03-04T20:56:19.141+0000][7][gc,phases   ] GC(206)   Other: 0.1ms
[2024-03-04T20:56:19.141+0000][7][gc,age      ] GC(206) Age table with threshold 15 (max threshold 15)
[2024-03-04T20:56:19.141+0000][7][gc,age      ] GC(206) - age   1:    1402736 bytes,    1402736 total
[2024-03-04T20:56:19.141+0000][7][gc,age      ] GC(206) - age   2:     164496 bytes,    1567232 total
[2024-03-04T20:56:19.141+0000][7][gc,age      ] GC(206) - age   3:     125560 bytes,    1692792 total
[2024-03-04T20:56:19.141+0000][7][gc,age      ] GC(206) - age   4:       4096 bytes,    1696888 total
[2024-03-04T20:56:19.141+0000][7][gc,age      ] GC(206) - age   5:     535240 bytes,    2232128 total
[2024-03-04T20:56:19.141+0000][7][gc,age      ] GC(206) - age   6:       8016 bytes,    2240144 total
[2024-03-04T20:56:19.141+0000][7][gc,age      ] GC(206) - age   7:       8520 bytes,    2248664 total
[2024-03-04T20:56:19.141+0000][7][gc,age      ] GC(206) - age   8:        416 bytes,    2249080 total
[2024-03-04T20:56:19.141+0000][7][gc,age      ] GC(206) - age  10:      96264 bytes,    2345344 total
[2024-03-04T20:56:19.141+0000][7][gc,age      ] GC(206) - age  12:        184 bytes,    2345528 total
[2024-03-04T20:56:19.141+0000][7][gc,age      ] GC(206) - age  13:         96 bytes,    2345624 total
[2024-03-04T20:56:19.141+0000][7][gc,age      ] GC(206) - age  15:        144 bytes,    2345768 total
[2024-03-04T20:56:19.141+0000][7][gc,heap     ] GC(206) Eden regions: 152->0(152)
[2024-03-04T20:56:19.141+0000][7][gc,heap     ] GC(206) Survivor regions: 1->1(20)
[2024-03-04T20:56:19.141+0000][7][gc,heap     ] GC(206) Old regions: 23->23
[2024-03-04T20:56:19.141+0000][7][gc,heap     ] GC(206) Archive regions: 2->2
[2024-03-04T20:56:19.141+0000][7][gc,heap     ] GC(206) Humongous regions: 0->0
[2024-03-04T20:56:19.141+0000][7][gc,metaspace] GC(206) Metaspace: 127379K(130816K)->127379K(130816K) NonClass: 110797K(112640K)->110797K(112640K) Class: 16581K(18176K)->16581K(18176K)
[2024-03-04T20:56:19.141+0000][7][gc          ] GC(206) Pause Young (Normal) (G1 Evacuation Pause) 705M->97M(1024M) 3.655ms
[2024-03-04T20:56:19.141+0000][7][gc,cpu      ] GC(206) User=0.02s Sys=0.00s Real=0.00s
[2024-03-04T20:56:19.141+0000][7][safepoint   ] Safepoint "G1CollectForAllocation", Time since last: 152008224532 ns, Reaching safepoint: 84055 ns, At safepoint: 3767931 ns, Total: 3851986 ns
[2024-03-04T20:59:27.150+0000][7][gc,start    ] GC(207) Pause Young (Normal) (G1 Evacuation Pause)
[2024-03-04T20:59:27.150+0000][7][gc,task     ] GC(207) Using 8 workers of 8 for evacuation
[2024-03-04T20:59:27.150+0000][7][gc,age      ] GC(207) Desired survivor size 41943040 bytes, new threshold 15 (max threshold 15)
[2024-03-04T20:59:27.153+0000][7][gc,phases   ] GC(207)   Pre Evacuate Collection Set: 0.2ms
[2024-03-04T20:59:27.153+0000][7][gc,phases   ] GC(207)   Merge Heap Roots: 0.1ms
[2024-03-04T20:59:27.153+0000][7][gc,phases   ] GC(207)   Evacuate Collection Set: 1.7ms
[2024-03-04T20:59:27.153+0000][7][gc,phases   ] GC(207)   Post Evacuate Collection Set: 0.9ms
[2024-03-04T20:59:27.153+0000][7][gc,phases   ] GC(207)   Other: 0.1ms
[2024-03-04T20:59:27.153+0000][7][gc,age      ] GC(207) Age table with threshold 15 (max threshold 15)
[2024-03-04T20:59:27.153+0000][7][gc,age      ] GC(207) - age   1:     857888 bytes,     857888 total
[2024-03-04T20:59:27.153+0000][7][gc,age      ] GC(207) - age   2:      11280 bytes,     869168 total
[2024-03-04T20:59:27.153+0000][7][gc,age      ] GC(207) - age   3:     161488 bytes,    1030656 total
[2024-03-04T20:59:27.153+0000][7][gc,age      ] GC(207) - age   4:     121720 bytes,    1152376 total
[2024-03-04T20:59:27.153+0000][7][gc,age      ] GC(207) - age   5:       4096 bytes,    1156472 total
[2024-03-04T20:59:27.153+0000][7][gc,age      ] GC(207) - age   6:     534848 bytes,    1691320 total
[2024-03-04T20:59:27.153+0000][7][gc,age      ] GC(207) - age   7:       8016 bytes,    1699336 total
[2024-03-04T20:59:27.153+0000][7][gc,age      ] GC(207) - age   8:       8520 bytes,    1707856 total
[2024-03-04T20:59:27.153+0000][7][gc,age      ] GC(207) - age   9:        416 bytes,    1708272 total
[2024-03-04T20:59:27.153+0000][7][gc,age      ] GC(207) - age  11:      96264 bytes,    1804536 total
[2024-03-04T20:59:27.153+0000][7][gc,age      ] GC(207) - age  13:        184 bytes,    1804720 total
[2024-03-04T20:59:27.153+0000][7][gc,age      ] GC(207) - age  14:         96 bytes,    1804816 total
[2024-03-04T20:59:27.153+0000][7][gc,heap     ] GC(207) Eden regions: 152->0(152)
[2024-03-04T20:59:27.153+0000][7][gc,heap     ] GC(207) Survivor regions: 1->1(20)
[2024-03-04T20:59:27.153+0000][7][gc,heap     ] GC(207) Old regions: 23->23
[2024-03-04T20:59:27.153+0000][7][gc,heap     ] GC(207) Archive regions: 2->2
[2024-03-04T20:59:27.153+0000][7][gc,heap     ] GC(207) Humongous regions: 0->0
[2024-03-04T20:59:27.153+0000][7][gc,metaspace] GC(207) Metaspace: 127383K(130816K)->127383K(130816K) NonClass: 110801K(112640K)->110801K(112640K) Class: 16581K(18176K)->16581K(18176K)
[2024-03-04T20:59:27.153+0000][7][gc          ] GC(207) Pause Young (Normal) (G1 Evacuation Pause) 705M->96M(1024M) 3.338ms
[2024-03-04T20:59:27.154+0000][7][gc,cpu      ] GC(207) User=0.02s Sys=0.00s Real=0.01s
[2024-03-04T20:59:27.154+0000][7][safepoint   ] Safepoint "G1CollectForAllocation", Time since last: 188008564240 ns, Reaching safepoint: 58498 ns, At safepoint: 3456032 ns, Total: 3514530 ns
[2024-03-04T21:01:43.171+0000][7][safepoint   ] Safepoint "Cleanup", Time since last: 136017054315 ns, Reaching safepoint: 151647 ns, At safepoint: 19491 ns, Total: 171138 ns
[2024-03-04T21:02:40.185+0000][7][gc,start    ] GC(208) Pause Young (Normal) (G1 Evacuation Pause)
[2024-03-04T21:02:40.185+0000][7][gc,task     ] GC(208) Using 8 workers of 8 for evacuation
[2024-03-04T21:02:40.185+0000][7][gc,age      ] GC(208) Desired survivor size 41943040 bytes, new threshold 15 (max threshold 15)
[2024-03-04T21:02:40.187+0000][7][gc,phases   ] GC(208)   Pre Evacuate Collection Set: 0.1ms
[2024-03-04T21:02:40.187+0000][7][gc,phases   ] GC(208)   Merge Heap Roots: 0.1ms
[2024-03-04T21:02:40.187+0000][7][gc,phases   ] GC(208)   Evacuate Collection Set: 1.2ms
[2024-03-04T21:02:40.187+0000][7][gc,phases   ] GC(208)   Post Evacuate Collection Set: 0.7ms
[2024-03-04T21:02:40.187+0000][7][gc,phases   ] GC(208)   Other: 0.1ms
[2024-03-04T21:02:40.187+0000][7][gc,age      ] GC(208) Age table with threshold 15 (max threshold 15)
[2024-03-04T21:02:40.187+0000][7][gc,age      ] GC(208) - age   1:     470904 bytes,     470904 total
[2024-03-04T21:02:40.187+0000][7][gc,age      ] GC(208) - age   2:       5672 bytes,     476576 total
[2024-03-04T21:02:40.187+0000][7][gc,age      ] GC(208) - age   3:        288 bytes,     476864 total
[2024-03-04T21:02:40.187+0000][7][gc,age      ] GC(208) - age   4:     160768 bytes,     637632 total
[2024-03-04T21:02:40.187+0000][7][gc,age      ] GC(208) - age   5:     121720 bytes,     759352 total
[2024-03-04T21:02:40.187+0000][7][gc,age      ] GC(208) - age   6:       3912 bytes,     763264 total
[2024-03-04T21:02:40.187+0000][7][gc,age      ] GC(208) - age   7:     460648 bytes,    1223912 total
[2024-03-04T21:02:40.187+0000][7][gc,age      ] GC(208) - age   8:       8016 bytes,    1231928 total
[2024-03-04T21:02:40.187+0000][7][gc,age      ] GC(208) - age   9:       8520 bytes,    1240448 total
[2024-03-04T21:02:40.187+0000][7][gc,age      ] GC(208) - age  10:        416 bytes,    1240864 total
[2024-03-04T21:02:40.187+0000][7][gc,age      ] GC(208) - age  12:      96264 bytes,    1337128 total
[2024-03-04T21:02:40.187+0000][7][gc,age      ] GC(208) - age  14:        184 bytes,    1337312 total
[2024-03-04T21:02:40.187+0000][7][gc,age      ] GC(208) - age  15:         96 bytes,    1337408 total
[2024-03-04T21:02:40.187+0000][7][gc,heap     ] GC(208) Eden regions: 152->0(152)
[2024-03-04T21:02:40.187+0000][7][gc,heap     ] GC(208) Survivor regions: 1->1(20)
[2024-03-04T21:02:40.187+0000][7][gc,heap     ] GC(208) Old regions: 23->23
[2024-03-04T21:02:40.187+0000][7][gc,heap     ] GC(208) Archive regions: 2->2
[2024-03-04T21:02:40.187+0000][7][gc,heap     ] GC(208) Humongous regions: 0->0
[2024-03-04T21:02:40.187+0000][7][gc,metaspace] GC(208) Metaspace: 127383K(130816K)->127383K(130816K) NonClass: 110801K(112640K)->110801K(112640K) Class: 16581K(18176K)->16581K(18176K)
[2024-03-04T21:02:40.188+0000][7][gc          ] GC(208) Pause Young (Normal) (G1 Evacuation Pause) 704M->96M(1024M) 2.425ms
[2024-03-04T21:02:40.188+0000][7][gc,cpu      ] GC(208) User=0.00s Sys=0.00s Real=0.00s
[2024-03-04T21:02:40.188+0000][7][safepoint   ] Safepoint "G1CollectForAllocation", Time since last: 57014220494 ns, Reaching safepoint: 48147 ns, At safepoint: 2518678 ns, Total: 2566825 ns
[2024-03-04T21:03:05.191+0000][7][safepoint   ] Safepoint "Cleanup", Time since last: 25003158749 ns, Reaching safepoint: 88885 ns, At safepoint: 46144 ns, Total: 135029 ns
[2024-03-04T21:05:58.205+0000][7][gc,start    ] GC(209) Pause Young (Normal) (G1 Evacuation Pause)
[2024-03-04T21:05:58.205+0000][7][gc,task     ] GC(209) Using 8 workers of 8 for evacuation
[2024-03-04T21:05:58.205+0000][7][gc,age      ] GC(209) Desired survivor size 41943040 bytes, new threshold 15 (max threshold 15)
[2024-03-04T21:05:58.208+0000][7][gc,phases   ] GC(209)   Pre Evacuate Collection Set: 0.1ms
[2024-03-04T21:05:58.208+0000][7][gc,phases   ] GC(209)   Merge Heap Roots: 0.1ms
[2024-03-04T21:05:58.208+0000][7][gc,phases   ] GC(209)   Evacuate Collection Set: 1.9ms
[2024-03-04T21:05:58.208+0000][7][gc,phases   ] GC(209)   Post Evacuate Collection Set: 0.8ms
[2024-03-04T21:05:58.208+0000][7][gc,phases   ] GC(209)   Other: 0.1ms
[2024-03-04T21:05:58.208+0000][7][gc,age      ] GC(209) Age table with threshold 15 (max threshold 15)
[2024-03-04T21:05:58.208+0000][7][gc,age      ] GC(209) - age   1:    1661856 bytes,    1661856 total
[2024-03-04T21:05:58.208+0000][7][gc,age      ] GC(209) - age   2:       2056 bytes,    1663912 total
[2024-03-04T21:05:58.208+0000][7][gc,age      ] GC(209) - age   3:       4328 bytes,    1668240 total
[2024-03-04T21:05:58.208+0000][7][gc,age      ] GC(209) - age   4:         40 bytes,    1668280 total
[2024-03-04T21:05:58.208+0000][7][gc,age      ] GC(209) - age   5:     160704 bytes,    1828984 total
[2024-03-04T21:05:58.208+0000][7][gc,age      ] GC(209) - age   6:     121720 bytes,    1950704 total
[2024-03-04T21:05:58.208+0000][7][gc,age      ] GC(209) - age   7:       3528 bytes,    1954232 total
[2024-03-04T21:05:58.208+0000][7][gc,age      ] GC(209) - age   8:     460648 bytes,    2414880 total
[2024-03-04T21:05:58.208+0000][7][gc,age      ] GC(209) - age   9:       8016 bytes,    2422896 total
[2024-03-04T21:05:58.208+0000][7][gc,age      ] GC(209) - age  10:       8520 bytes,    2431416 total
[2024-03-04T21:05:58.208+0000][7][gc,age      ] GC(209) - age  11:        416 bytes,    2431832 total
[2024-03-04T21:05:58.208+0000][7][gc,age      ] GC(209) - age  13:      96264 bytes,    2528096 total
[2024-03-04T21:05:58.208+0000][7][gc,age      ] GC(209) - age  15:        184 bytes,    2528280 total
[2024-03-04T21:05:58.208+0000][7][gc,heap     ] GC(209) Eden regions: 152->0(152)
[2024-03-04T21:05:58.208+0000][7][gc,heap     ] GC(209) Survivor regions: 1->1(20)
[2024-03-04T21:05:58.208+0000][7][gc,heap     ] GC(209) Old regions: 23->23
[2024-03-04T21:05:58.208+0000][7][gc,heap     ] GC(209) Archive regions: 2->2
[2024-03-04T21:05:58.208+0000][7][gc,heap     ] GC(209) Humongous regions: 0->0
[2024-03-04T21:05:58.208+0000][7][gc,metaspace] GC(209) Metaspace: 127383K(130816K)->127383K(130816K) NonClass: 110801K(112640K)->110801K(112640K) Class: 16581K(18176K)->16581K(18176K)
[2024-03-04T21:05:58.208+0000][7][gc          ] GC(209) Pause Young (Normal) (G1 Evacuation Pause) 704M->97M(1024M) 3.287ms
[2024-03-04T21:05:58.208+0000][7][gc,cpu      ] GC(209) User=0.01s Sys=0.00s Real=0.00s
[2024-03-04T21:05:58.208+0000][7][safepoint   ] Safepoint "G1CollectForAllocation", Time since last: 173013906114 ns, Reaching safepoint: 74976 ns, At safepoint: 3397667 ns, Total: 3472643 ns
[2024-03-04T21:09:07.186+0000][7][gc,start    ] GC(210) Pause Young (Normal) (G1 Evacuation Pause)
[2024-03-04T21:09:07.186+0000][7][gc,task     ] GC(210) Using 8 workers of 8 for evacuation
[2024-03-04T21:09:07.186+0000][7][gc,age      ] GC(210) Desired survivor size 41943040 bytes, new threshold 15 (max threshold 15)
[2024-03-04T21:09:07.189+0000][7][gc,phases   ] GC(210)   Pre Evacuate Collection Set: 0.1ms
[2024-03-04T21:09:07.189+0000][7][gc,phases   ] GC(210)   Merge Heap Roots: 0.1ms
[2024-03-04T21:09:07.189+0000][7][gc,phases   ] GC(210)   Evacuate Collection Set: 1.7ms
[2024-03-04T21:09:07.189+0000][7][gc,phases   ] GC(210)   Post Evacuate Collection Set: 0.9ms
[2024-03-04T21:09:07.189+0000][7][gc,phases   ] GC(210)   Other: 0.1ms
[2024-03-04T21:09:07.189+0000][7][gc,age      ] GC(210) Age table with threshold 15 (max threshold 15)
[2024-03-04T21:09:07.189+0000][7][gc,age      ] GC(210) - age   1:    1184864 bytes,    1184864 total
[2024-03-04T21:09:07.189+0000][7][gc,age      ] GC(210) - age   2:       3744 bytes,    1188608 total
[2024-03-04T21:09:07.189+0000][7][gc,age      ] GC(210) - age   3:        768 bytes,    1189376 total
[2024-03-04T21:09:07.189+0000][7][gc,age      ] GC(210) - age   4:        576 bytes,    1189952 total
[2024-03-04T21:09:07.189+0000][7][gc,age      ] GC(210) - age   5:         40 bytes,    1189992 total
[2024-03-04T21:09:07.189+0000][7][gc,age      ] GC(210) - age   6:      29432 bytes,    1219424 total
[2024-03-04T21:09:07.189+0000][7][gc,age      ] GC(210) - age   7:     121720 bytes,    1341144 total
[2024-03-04T21:09:07.189+0000][7][gc,age      ] GC(210) - age   8:       3528 bytes,    1344672 total
[2024-03-04T21:09:07.189+0000][7][gc,age      ] GC(210) - age   9:     436480 bytes,    1781152 total
[2024-03-04T21:09:07.189+0000][7][gc,age      ] GC(210) - age  10:       8016 bytes,    1789168 total
[2024-03-04T21:09:07.189+0000][7][gc,age      ] GC(210) - age  11:       8520 bytes,    1797688 total
[2024-03-04T21:09:07.189+0000][7][gc,age      ] GC(210) - age  12:        416 bytes,    1798104 total
[2024-03-04T21:09:07.189+0000][7][gc,age      ] GC(210) - age  14:      96264 bytes,    1894368 total
[2024-03-04T21:09:07.189+0000][7][gc,heap     ] GC(210) Eden regions: 152->0(152)
[2024-03-04T21:09:07.189+0000][7][gc,heap     ] GC(210) Survivor regions: 1->1(20)
[2024-03-04T21:09:07.189+0000][7][gc,heap     ] GC(210) Old regions: 23->23
[2024-03-04T21:09:07.189+0000][7][gc,heap     ] GC(210) Archive regions: 2->2
[2024-03-04T21:09:07.189+0000][7][gc,heap     ] GC(210) Humongous regions: 0->0
[2024-03-04T21:09:07.189+0000][7][gc,metaspace] GC(210) Metaspace: 127383K(130816K)->127383K(130816K) NonClass: 110801K(112640K)->110801K(112640K) Class: 16581K(18176K)->16581K(18176K)
[2024-03-04T21:09:07.189+0000][7][gc          ] GC(210) Pause Young (Normal) (G1 Evacuation Pause) 705M->96M(1024M) 3.340ms
[2024-03-04T21:09:07.189+0000][7][gc,cpu      ] GC(210) User=0.02s Sys=0.00s Real=0.00s
[2024-03-04T21:09:07.189+0000][7][safepoint   ] Safepoint "G1CollectForAllocation", Time since last: 188977420126 ns, Reaching safepoint: 54958 ns, At safepoint: 3447114 ns, Total: 3502072 ns
[2024-03-04T21:12:05.213+0000][7][safepoint   ] Safepoint "Cleanup", Time since last: 178023232765 ns, Reaching safepoint: 116888 ns, At safepoint: 15099 ns, Total: 131987 ns
[2024-03-04T21:12:16.247+0000][7][gc,start    ] GC(211) Pause Young (Normal) (G1 Evacuation Pause)
[2024-03-04T21:12:16.247+0000][7][gc,task     ] GC(211) Using 8 workers of 8 for evacuation
[2024-03-04T21:12:16.247+0000][7][gc,age      ] GC(211) Desired survivor size 41943040 bytes, new threshold 15 (max threshold 15)
[2024-03-04T21:12:16.249+0000][7][gc,phases   ] GC(211)   Pre Evacuate Collection Set: 0.1ms
[2024-03-04T21:12:16.249+0000][7][gc,phases   ] GC(211)   Merge Heap Roots: 0.1ms
[2024-03-04T21:12:16.249+0000][7][gc,phases   ] GC(211)   Evacuate Collection Set: 1.1ms
[2024-03-04T21:12:16.249+0000][7][gc,phases   ] GC(211)   Post Evacuate Collection Set: 0.8ms
[2024-03-04T21:12:16.249+0000][7][gc,phases   ] GC(211)   Other: 0.1ms
[2024-03-04T21:12:16.249+0000][7][gc,age      ] GC(211) Age table with threshold 15 (max threshold 15)
[2024-03-04T21:12:16.249+0000][7][gc,age      ] GC(211) - age   1:     515552 bytes,     515552 total
[2024-03-04T21:12:16.249+0000][7][gc,age      ] GC(211) - age   2:      13704 bytes,     529256 total
[2024-03-04T21:12:16.249+0000][7][gc,age      ] GC(211) - age   3:        824 bytes,     530080 total
[2024-03-04T21:12:16.249+0000][7][gc,age      ] GC(211) - age   4:         56 bytes,     530136 total
[2024-03-04T21:12:16.250+0000][7][gc,age      ] GC(211) - age   5:        184 bytes,     530320 total
[2024-03-04T21:12:16.250+0000][7][gc,age      ] GC(211) - age   6:         40 bytes,     530360 total
[2024-03-04T21:12:16.250+0000][7][gc,age      ] GC(211) - age   7:      29400 bytes,     559760 total
[2024-03-04T21:12:16.250+0000][7][gc,age      ] GC(211) - age   8:     121720 bytes,     681480 total
[2024-03-04T21:12:16.250+0000][7][gc,age      ] GC(211) - age   9:       3528 bytes,     685008 total
[2024-03-04T21:12:16.250+0000][7][gc,age      ] GC(211) - age  10:     436480 bytes,    1121488 total
[2024-03-04T21:12:16.250+0000][7][gc,age      ] GC(211) - age  11:       8016 bytes,    1129504 total
[2024-03-04T21:12:16.250+0000][7][gc,age      ] GC(211) - age  12:       8520 bytes,    1138024 total
[2024-03-04T21:12:16.250+0000][7][gc,age      ] GC(211) - age  13:        416 bytes,    1138440 total
[2024-03-04T21:12:16.250+0000][7][gc,age      ] GC(211) - age  15:      96264 bytes,    1234704 total
[2024-03-04T21:12:16.250+0000][7][gc,heap     ] GC(211) Eden regions: 152->0(152)
[2024-03-04T21:12:16.250+0000][7][gc,heap     ] GC(211) Survivor regions: 1->1(20)
[2024-03-04T21:12:16.250+0000][7][gc,heap     ] GC(211) Old regions: 23->23
[2024-03-04T21:12:16.250+0000][7][gc,heap     ] GC(211) Archive regions: 2->2
[2024-03-04T21:12:16.250+0000][7][gc,heap     ] GC(211) Humongous regions: 0->0
[2024-03-04T21:12:16.250+0000][7][gc,metaspace] GC(211) Metaspace: 127387K(130816K)->127387K(130816K) NonClass: 110806K(112640K)->110806K(112640K) Class: 16581K(18176K)->16581K(18176K)
[2024-03-04T21:12:16.250+0000][7][gc          ] GC(211) Pause Young (Normal) (G1 Evacuation Pause) 704M->96M(1024M) 2.454ms
[2024-03-04T21:12:16.250+0000][7][gc,cpu      ] GC(211) User=0.02s Sys=0.00s Real=0.00s
[2024-03-04T21:12:16.250+0000][7][safepoint   ] Safepoint "G1CollectForAllocation", Time since last: 11034529837 ns, Reaching safepoint: 69478 ns, At safepoint: 2544034 ns, Total: 2613512 ns
[2024-03-04T21:14:05.262+0000][7][safepoint   ] Safepoint "Cleanup", Time since last: 109012078286 ns, Reaching safepoint: 115981 ns, At safepoint: 12875 ns, Total: 128856 ns
[2024-03-04T21:15:34.248+0000][7][gc,start    ] GC(212) Pause Young (Normal) (G1 Evacuation Pause)
[2024-03-04T21:15:34.248+0000][7][gc,task     ] GC(212) Using 8 workers of 8 for evacuation
[2024-03-04T21:15:34.248+0000][7][gc,age      ] GC(212) Desired survivor size 41943040 bytes, new threshold 15 (max threshold 15)
[2024-03-04T21:15:34.251+0000][7][gc,phases   ] GC(212)   Pre Evacuate Collection Set: 0.1ms
[2024-03-04T21:15:34.251+0000][7][gc,phases   ] GC(212)   Merge Heap Roots: 0.1ms
[2024-03-04T21:15:34.251+0000][7][gc,phases   ] GC(212)   Evacuate Collection Set: 1.7ms
[2024-03-04T21:15:34.251+0000][7][gc,phases   ] GC(212)   Post Evacuate Collection Set: 0.8ms
[2024-03-04T21:15:34.251+0000][7][gc,phases   ] GC(212)   Other: 0.1ms
[2024-03-04T21:15:34.251+0000][7][gc,age      ] GC(212) Age table with threshold 15 (max threshold 15)
[2024-03-04T21:15:34.251+0000][7][gc,age      ] GC(212) - age   1:    1487056 bytes,    1487056 total
[2024-03-04T21:15:34.251+0000][7][gc,age      ] GC(212) - age   2:       3152 bytes,    1490208 total
[2024-03-04T21:15:34.251+0000][7][gc,age      ] GC(212) - age   3:       3640 bytes,    1493848 total
[2024-03-04T21:15:34.251+0000][7][gc,age      ] GC(212) - age   4:        632 bytes,    1494480 total
[2024-03-04T21:15:34.251+0000][7][gc,age      ] GC(212) - age   5:         56 bytes,    1494536 total
[2024-03-04T21:15:34.251+0000][7][gc,age      ] GC(212) - age   6:        184 bytes,    1494720 total
[2024-03-04T21:15:34.251+0000][7][gc,age      ] GC(212) - age   7:         40 bytes,    1494760 total
[2024-03-04T21:15:34.251+0000][7][gc,age      ] GC(212) - age   8:      29376 bytes,    1524136 total
[2024-03-04T21:15:34.251+0000][7][gc,age      ] GC(212) - age   9:     121536 bytes,    1645672 total
[2024-03-04T21:15:34.251+0000][7][gc,age      ] GC(212) - age  10:       3528 bytes,    1649200 total
[2024-03-04T21:15:34.251+0000][7][gc,age      ] GC(212) - age  11:     436448 bytes,    2085648 total
[2024-03-04T21:15:34.251+0000][7][gc,age      ] GC(212) - age  12:       8016 bytes,    2093664 total
[2024-03-04T21:15:34.251+0000][7][gc,age      ] GC(212) - age  13:       8520 bytes,    2102184 total
[2024-03-04T21:15:34.251+0000][7][gc,age      ] GC(212) - age  14:        416 bytes,    2102600 total
[2024-03-04T21:15:34.251+0000][7][gc,heap     ] GC(212) Eden regions: 152->0(152)
[2024-03-04T21:15:34.251+0000][7][gc,heap     ] GC(212) Survivor regions: 1->1(20)
[2024-03-04T21:15:34.251+0000][7][gc,heap     ] GC(212) Old regions: 23->23
[2024-03-04T21:15:34.251+0000][7][gc,heap     ] GC(212) Archive regions: 2->2
[2024-03-04T21:15:34.251+0000][7][gc,heap     ] GC(212) Humongous regions: 0->0
[2024-03-04T21:15:34.251+0000][7][gc,metaspace] GC(212) Metaspace: 127387K(130816K)->127387K(130816K) NonClass: 110806K(112640K)->110806K(112640K) Class: 16581K(18176K)->16581K(18176K)
[2024-03-04T21:15:34.251+0000][7][gc          ] GC(212) Pause Young (Normal) (G1 Evacuation Pause) 704M->97M(1024M) 3.191ms
[2024-03-04T21:15:34.251+0000][7][gc,cpu      ] GC(212) User=0.02s Sys=0.00s Real=0.00s
[2024-03-04T21:15:34.251+0000][7][safepoint   ] Safepoint "G1CollectForAllocation", Time since last: 88985888170 ns, Reaching safepoint: 59649 ns, At safepoint: 3292931 ns, Total: 3352580 ns
[2024-03-04T21:18:44.742+0000][7][gc,start    ] GC(213) Pause Young (Normal) (G1 Evacuation Pause)
[2024-03-04T21:18:44.742+0000][7][gc,task     ] GC(213) Using 8 workers of 8 for evacuation
[2024-03-04T21:18:44.742+0000][7][gc,age      ] GC(213) Desired survivor size 41943040 bytes, new threshold 15 (max threshold 15)
[2024-03-04T21:18:44.745+0000][7][gc,phases   ] GC(213)   Pre Evacuate Collection Set: 0.1ms
[2024-03-04T21:18:44.745+0000][7][gc,phases   ] GC(213)   Merge Heap Roots: 0.1ms
[2024-03-04T21:18:44.745+0000][7][gc,phases   ] GC(213)   Evacuate Collection Set: 1.6ms
[2024-03-04T21:18:44.745+0000][7][gc,phases   ] GC(213)   Post Evacuate Collection Set: 0.9ms
[2024-03-04T21:18:44.745+0000][7][gc,phases   ] GC(213)   Other: 0.1ms
[2024-03-04T21:18:44.745+0000][7][gc,age      ] GC(213) Age table with threshold 15 (max threshold 15)
[2024-03-04T21:18:44.745+0000][7][gc,age      ] GC(213) - age   1:     938296 bytes,     938296 total
[2024-03-04T21:18:44.745+0000][7][gc,age      ] GC(213) - age   2:       2712 bytes,     941008 total
[2024-03-04T21:18:44.745+0000][7][gc,age      ] GC(213) - age   3:       1376 bytes,     942384 total
[2024-03-04T21:18:44.745+0000][7][gc,age      ] GC(213) - age   4:        184 bytes,     942568 total
[2024-03-04T21:18:44.745+0000][7][gc,age      ] GC(213) - age   5:        568 bytes,     943136 total
[2024-03-04T21:18:44.745+0000][7][gc,age      ] GC(213) - age   6:         56 bytes,     943192 total
[2024-03-04T21:18:44.745+0000][7][gc,age      ] GC(213) - age   7:        184 bytes,     943376 total
[2024-03-04T21:18:44.745+0000][7][gc,age      ] GC(213) - age   8:         40 bytes,     943416 total
[2024-03-04T21:18:44.745+0000][7][gc,age      ] GC(213) - age   9:      29280 bytes,     972696 total
[2024-03-04T21:18:44.745+0000][7][gc,age      ] GC(213) - age  10:     121536 bytes,    1094232 total
[2024-03-04T21:18:44.745+0000][7][gc,age      ] GC(213) - age  11:       3528 bytes,    1097760 total
[2024-03-04T21:18:44.745+0000][7][gc,age      ] GC(213) - age  12:     436448 bytes,    1534208 total
[2024-03-04T21:18:44.745+0000][7][gc,age      ] GC(213) - age  13:       8016 bytes,    1542224 total
[2024-03-04T21:18:44.745+0000][7][gc,age      ] GC(213) - age  14:       8520 bytes,    1550744 total
[2024-03-04T21:18:44.745+0000][7][gc,age      ] GC(213) - age  15:        416 bytes,    1551160 total
[2024-03-04T21:18:44.745+0000][7][gc,heap     ] GC(213) Eden regions: 152->0(152)
[2024-03-04T21:18:44.745+0000][7][gc,heap     ] GC(213) Survivor regions: 1->1(20)
[2024-03-04T21:18:44.745+0000][7][gc,heap     ] GC(213) Old regions: 23->23
[2024-03-04T21:18:44.745+0000][7][gc,heap     ] GC(213) Archive regions: 2->2
[2024-03-04T21:18:44.745+0000][7][gc,heap     ] GC(213) Humongous regions: 0->0
[2024-03-04T21:18:44.745+0000][7][gc,metaspace] GC(213) Metaspace: 127388K(130816K)->127388K(130816K) NonClass: 110806K(112640K)->110806K(112640K) Class: 16581K(18176K)->16581K(18176K)
[2024-03-04T21:18:44.745+0000][7][gc          ] GC(213) Pause Young (Normal) (G1 Evacuation Pause) 705M->96M(1024M) 3.231ms
[2024-03-04T21:18:44.745+0000][7][gc,cpu      ] GC(213) User=0.02s Sys=0.00s Real=0.01s
[2024-03-04T21:18:44.745+0000][7][safepoint   ] Safepoint "G1CollectForAllocation", Time since last: 190490823897 ns, Reaching safepoint: 79800 ns, At safepoint: 3333901 ns, Total: 3413701 ns
[2024-03-04T21:21:05.766+0000][7][safepoint   ] Safepoint "Cleanup", Time since last: 141020567201 ns, Reaching safepoint: 134436 ns, At safepoint: 9380 ns, Total: 143816 ns
[2024-03-04T21:21:42.772+0000][7][safepoint   ] Safepoint "Cleanup", Time since last: 37005809538 ns, Reaching safepoint: 98449 ns, At safepoint: 10485 ns, Total: 108934 ns
[2024-03-04T21:21:58.254+0000][7][gc,start    ] GC(214) Pause Young (Normal) (G1 Evacuation Pause)
[2024-03-04T21:21:58.255+0000][7][gc,task     ] GC(214) Using 8 workers of 8 for evacuation
[2024-03-04T21:21:58.255+0000][7][gc,age      ] GC(214) Desired survivor size 41943040 bytes, new threshold 15 (max threshold 15)
[2024-03-04T21:21:58.257+0000][7][gc,phases   ] GC(214)   Pre Evacuate Collection Set: 0.1ms
[2024-03-04T21:21:58.257+0000][7][gc,phases   ] GC(214)   Merge Heap Roots: 0.1ms
[2024-03-04T21:21:58.257+0000][7][gc,phases   ] GC(214)   Evacuate Collection Set: 1.1ms
[2024-03-04T21:21:58.257+0000][7][gc,phases   ] GC(214)   Post Evacuate Collection Set: 0.7ms
[2024-03-04T21:21:58.257+0000][7][gc,phases   ] GC(214)   Other: 0.1ms
[2024-03-04T21:21:58.257+0000][7][gc,age      ] GC(214) Age table with threshold 15 (max threshold 15)
[2024-03-04T21:21:58.257+0000][7][gc,age      ] GC(214) - age   1:     622800 bytes,     622800 total
[2024-03-04T21:21:58.257+0000][7][gc,age      ] GC(214) - age   2:       6400 bytes,     629200 total
[2024-03-04T21:21:58.257+0000][7][gc,age      ] GC(214) - age   3:        368 bytes,     629568 total
[2024-03-04T21:21:58.257+0000][7][gc,age      ] GC(214) - age   4:        496 bytes,     630064 total
[2024-03-04T21:21:58.257+0000][7][gc,age      ] GC(214) - age   5:        184 bytes,     630248 total
[2024-03-04T21:21:58.257+0000][7][gc,age      ] GC(214) - age   6:        568 bytes,     630816 total
[2024-03-04T21:21:58.257+0000][7][gc,age      ] GC(214) - age   7:         24 bytes,     630840 total
[2024-03-04T21:21:58.257+0000][7][gc,age      ] GC(214) - age   8:        184 bytes,     631024 total
[2024-03-04T21:21:58.257+0000][7][gc,age      ] GC(214) - age   9:         40 bytes,     631064 total
[2024-03-04T21:21:58.257+0000][7][gc,age      ] GC(214) - age  10:      29280 bytes,     660344 total
[2024-03-04T21:21:58.257+0000][7][gc,age      ] GC(214) - age  11:     121536 bytes,     781880 total
[2024-03-04T21:21:58.257+0000][7][gc,age      ] GC(214) - age  12:       3528 bytes,     785408 total
[2024-03-04T21:21:58.257+0000][7][gc,age      ] GC(214) - age  13:     436448 bytes,    1221856 total
[2024-03-04T21:21:58.257+0000][7][gc,age      ] GC(214) - age  14:       8016 bytes,    1229872 total
[2024-03-04T21:21:58.257+0000][7][gc,age      ] GC(214) - age  15:       8520 bytes,    1238392 total
[2024-03-04T21:21:58.257+0000][7][gc,heap     ] GC(214) Eden regions: 152->0(152)
[2024-03-04T21:21:58.257+0000][7][gc,heap     ] GC(214) Survivor regions: 1->1(20)
[2024-03-04T21:21:58.257+0000][7][gc,heap     ] GC(214) Old regions: 23->23
[2024-03-04T21:21:58.257+0000][7][gc,heap     ] GC(214) Archive regions: 2->2
[2024-03-04T21:21:58.257+0000][7][gc,heap     ] GC(214) Humongous regions: 0->0
[2024-03-04T21:21:58.257+0000][7][gc,metaspace] GC(214) Metaspace: 127388K(130816K)->127388K(130816K) NonClass: 110806K(112640K)->110806K(112640K) Class: 16581K(18176K)->16581K(18176K)
[2024-03-04T21:21:58.257+0000][7][gc          ] GC(214) Pause Young (Normal) (G1 Evacuation Pause) 704M->96M(1024M) 2.468ms
[2024-03-04T21:21:58.257+0000][7][gc,cpu      ] GC(214) User=0.01s Sys=0.00s Real=0.00s
[2024-03-04T21:21:58.257+0000][7][safepoint   ] Safepoint "G1CollectForAllocation", Time since last: 15482381317 ns, Reaching safepoint: 61982 ns, At safepoint: 2562347 ns, Total: 2624329 ns
[2024-03-04T21:22:05.258+0000][7][safepoint   ] Safepoint "Cleanup", Time since last: 7000565088 ns, Reaching safepoint: 109694 ns, At safepoint: 11605 ns, Total: 121299 ns
[2024-03-04T21:25:10.292+0000][7][gc,start    ] GC(215) Pause Young (Normal) (G1 Evacuation Pause)
[2024-03-04T21:25:10.292+0000][7][gc,task     ] GC(215) Using 8 workers of 8 for evacuation
[2024-03-04T21:25:10.292+0000][7][gc,age      ] GC(215) Desired survivor size 41943040 bytes, new threshold 15 (max threshold 15)
[2024-03-04T21:25:10.295+0000][7][gc,phases   ] GC(215)   Pre Evacuate Collection Set: 0.1ms
[2024-03-04T21:25:10.295+0000][7][gc,phases   ] GC(215)   Merge Heap Roots: 0.1ms
[2024-03-04T21:25:10.295+0000][7][gc,phases   ] GC(215)   Evacuate Collection Set: 1.6ms
[2024-03-04T21:25:10.295+0000][7][gc,phases   ] GC(215)   Post Evacuate Collection Set: 0.8ms
[2024-03-04T21:25:10.295+0000][7][gc,phases   ] GC(215)   Other: 0.1ms
[2024-03-04T21:25:10.295+0000][7][gc,age      ] GC(215) Age table with threshold 15 (max threshold 15)
[2024-03-04T21:25:10.295+0000][7][gc,age      ] GC(215) - age   1:    1684480 bytes,    1684480 total
[2024-03-04T21:25:10.295+0000][7][gc,age      ] GC(215) - age   2:      10432 bytes,    1694912 total
[2024-03-04T21:25:10.295+0000][7][gc,age      ] GC(215) - age   3:       4000 bytes,    1698912 total
[2024-03-04T21:25:10.295+0000][7][gc,age      ] GC(215) - age   4:         56 bytes,    1698968 total
[2024-03-04T21:25:10.295+0000][7][gc,age      ] GC(215) - age   5:        496 bytes,    1699464 total
[2024-03-04T21:25:10.295+0000][7][gc,age      ] GC(215) - age   7:        184 bytes,    1699648 total
[2024-03-04T21:25:10.295+0000][7][gc,age      ] GC(215) - age   8:         24 bytes,    1699672 total
[2024-03-04T21:25:10.295+0000][7][gc,age      ] GC(215) - age   9:        184 bytes,    1699856 total
[2024-03-04T21:25:10.295+0000][7][gc,age      ] GC(215) - age  10:         40 bytes,    1699896 total
[2024-03-04T21:25:10.295+0000][7][gc,age      ] GC(215) - age  11:      29280 bytes,    1729176 total
[2024-03-04T21:25:10.295+0000][7][gc,age      ] GC(215) - age  12:     121536 bytes,    1850712 total
[2024-03-04T21:25:10.295+0000][7][gc,age      ] GC(215) - age  13:       3528 bytes,    1854240 total
[2024-03-04T21:25:10.295+0000][7][gc,age      ] GC(215) - age  14:     436448 bytes,    2290688 total
[2024-03-04T21:25:10.295+0000][7][gc,age      ] GC(215) - age  15:       8016 bytes,    2298704 total
[2024-03-04T21:25:10.295+0000][7][gc,heap     ] GC(215) Eden regions: 152->0(152)
[2024-03-04T21:25:10.295+0000][7][gc,heap     ] GC(215) Survivor regions: 1->1(20)
[2024-03-04T21:25:10.295+0000][7][gc,heap     ] GC(215) Old regions: 23->23
[2024-03-04T21:25:10.295+0000][7][gc,heap     ] GC(215) Archive regions: 2->2
[2024-03-04T21:25:10.295+0000][7][gc,heap     ] GC(215) Humongous regions: 0->0
[2024-03-04T21:25:10.295+0000][7][gc,metaspace] GC(215) Metaspace: 127388K(130816K)->127388K(130816K) NonClass: 110806K(112640K)->110806K(112640K) Class: 16581K(18176K)->16581K(18176K)
[2024-03-04T21:25:10.295+0000][7][gc          ] GC(215) Pause Young (Normal) (G1 Evacuation Pause) 704M->97M(1024M) 3.025ms
[2024-03-04T21:25:10.295+0000][7][gc,cpu      ] GC(215) User=0.02s Sys=0.00s Real=0.01s
[2024-03-04T21:25:10.295+0000][7][safepoint   ] Safepoint "G1CollectForAllocation", Time since last: 185034257951 ns, Reaching safepoint: 74403 ns, At safepoint: 3139065 ns, Total: 3213468 ns
[2024-03-04T21:28:20.634+0000][7][gc,start    ] GC(216) Pause Young (Normal) (G1 Evacuation Pause)
[2024-03-04T21:28:20.634+0000][7][gc,task     ] GC(216) Using 8 workers of 8 for evacuation
[2024-03-04T21:28:20.634+0000][7][gc,age      ] GC(216) Desired survivor size 41943040 bytes, new threshold 15 (max threshold 15)
[2024-03-04T21:28:20.637+0000][7][gc,phases   ] GC(216)   Pre Evacuate Collection Set: 0.1ms
[2024-03-04T21:28:20.637+0000][7][gc,phases   ] GC(216)   Merge Heap Roots: 0.1ms
[2024-03-04T21:28:20.637+0000][7][gc,phases   ] GC(216)   Evacuate Collection Set: 1.6ms
[2024-03-04T21:28:20.637+0000][7][gc,phases   ] GC(216)   Post Evacuate Collection Set: 1.0ms
[2024-03-04T21:28:20.637+0000][7][gc,phases   ] GC(216)   Other: 0.1ms
[2024-03-04T21:28:20.637+0000][7][gc,age      ] GC(216) Age table with threshold 15 (max threshold 15)
[2024-03-04T21:28:20.637+0000][7][gc,age      ] GC(216) - age   1:    1242232 bytes,    1242232 total
[2024-03-04T21:28:20.637+0000][7][gc,age      ] GC(216) - age   2:       2616 bytes,    1244848 total
[2024-03-04T21:28:20.637+0000][7][gc,age      ] GC(216) - age   3:       1328 bytes,    1246176 total
[2024-03-04T21:28:20.637+0000][7][gc,age      ] GC(216) - age   4:         96 bytes,    1246272 total
[2024-03-04T21:28:20.637+0000][7][gc,age      ] GC(216) - age   5:         24 bytes,    1246296 total
[2024-03-04T21:28:20.637+0000][7][gc,age      ] GC(216) - age   6:        104 bytes,    1246400 total
[2024-03-04T21:28:20.637+0000][7][gc,age      ] GC(216) - age   8:        184 bytes,    1246584 total
[2024-03-04T21:28:20.637+0000][7][gc,age      ] GC(216) - age   9:         24 bytes,    1246608 total
[2024-03-04T21:28:20.637+0000][7][gc,age      ] GC(216) - age  10:        184 bytes,    1246792 total
[2024-03-04T21:28:20.637+0000][7][gc,age      ] GC(216) - age  11:         24 bytes,    1246816 total
[2024-03-04T21:28:20.637+0000][7][gc,age      ] GC(216) - age  12:       2496 bytes,    1249312 total
[2024-03-04T21:28:20.637+0000][7][gc,age      ] GC(216) - age  13:      19920 bytes,    1269232 total
[2024-03-04T21:28:20.637+0000][7][gc,age      ] GC(216) - age  14:       3528 bytes,    1272760 total
[2024-03-04T21:28:20.637+0000][7][gc,age      ] GC(216) - age  15:     436104 bytes,    1708864 total
[2024-03-04T21:28:20.637+0000][7][gc,heap     ] GC(216) Eden regions: 152->0(152)
[2024-03-04T21:28:20.637+0000][7][gc,heap     ] GC(216) Survivor regions: 1->1(20)
[2024-03-04T21:28:20.637+0000][7][gc,heap     ] GC(216) Old regions: 23->23
[2024-03-04T21:28:20.637+0000][7][gc,heap     ] GC(216) Archive regions: 2->2
[2024-03-04T21:28:20.637+0000][7][gc,heap     ] GC(216) Humongous regions: 0->0
[2024-03-04T21:28:20.637+0000][7][gc,metaspace] GC(216) Metaspace: 127388K(130816K)->127388K(130816K) NonClass: 110806K(112640K)->110806K(112640K) Class: 16581K(18176K)->16581K(18176K)
[2024-03-04T21:28:20.637+0000][7][gc          ] GC(216) Pause Young (Normal) (G1 Evacuation Pause) 705M->96M(1024M) 3.313ms
[2024-03-04T21:28:20.637+0000][7][gc,cpu      ] GC(216) User=0.02s Sys=0.00s Real=0.01s
[2024-03-04T21:28:20.637+0000][7][safepoint   ] Safepoint "G1CollectForAllocation", Time since last: 189247182642 ns, Reaching safepoint: 92316 ns, At safepoint: 3418131 ns, Total: 3510447 ns
[2024-03-04T21:29:06.643+0000][7][safepoint   ] Safepoint "Cleanup", Time since last: 46005509255 ns, Reaching safepoint: 219920 ns, At safepoint: 20905 ns, Total: 240825 ns
[2024-03-04T21:31:32.385+0000][7][gc,start    ] GC(217) Pause Young (Normal) (G1 Evacuation Pause)
[2024-03-04T21:31:32.385+0000][7][gc,task     ] GC(217) Using 8 workers of 8 for evacuation
[2024-03-04T21:31:32.385+0000][7][gc,age      ] GC(217) Desired survivor size 41943040 bytes, new threshold 15 (max threshold 15)
[2024-03-04T21:31:32.387+0000][7][gc,phases   ] GC(217)   Pre Evacuate Collection Set: 0.1ms
[2024-03-04T21:31:32.387+0000][7][gc,phases   ] GC(217)   Merge Heap Roots: 0.1ms
[2024-03-04T21:31:32.387+0000][7][gc,phases   ] GC(217)   Evacuate Collection Set: 1.2ms
[2024-03-04T21:31:32.387+0000][7][gc,phases   ] GC(217)   Post Evacuate Collection Set: 0.7ms
[2024-03-04T21:31:32.387+0000][7][gc,phases   ] GC(217)   Other: 0.1ms
[2024-03-04T21:31:32.387+0000][7][gc,age      ] GC(217) Age table with threshold 15 (max threshold 15)
[2024-03-04T21:31:32.387+0000][7][gc,age      ] GC(217) - age   1:     737408 bytes,     737408 total
[2024-03-04T21:31:32.387+0000][7][gc,age      ] GC(217) - age   2:     150296 bytes,     887704 total
[2024-03-04T21:31:32.387+0000][7][gc,age      ] GC(217) - age   3:        760 bytes,     888464 total
[2024-03-04T21:31:32.387+0000][7][gc,age      ] GC(217) - age   4:       1080 bytes,     889544 total
[2024-03-04T21:31:32.387+0000][7][gc,age      ] GC(217) - age   5:         96 bytes,     889640 total
[2024-03-04T21:31:32.387+0000][7][gc,age      ] GC(217) - age   6:         24 bytes,     889664 total
[2024-03-04T21:31:32.387+0000][7][gc,age      ] GC(217) - age   7:        104 bytes,     889768 total
[2024-03-04T21:31:32.387+0000][7][gc,age      ] GC(217) - age  10:         24 bytes,     889792 total
[2024-03-04T21:31:32.387+0000][7][gc,age      ] GC(217) - age  11:        184 bytes,     889976 total
[2024-03-04T21:31:32.387+0000][7][gc,age      ] GC(217) - age  12:         24 bytes,     890000 total
[2024-03-04T21:31:32.387+0000][7][gc,age      ] GC(217) - age  13:       2432 bytes,     892432 total
[2024-03-04T21:31:32.387+0000][7][gc,age      ] GC(217) - age  14:      19696 bytes,     912128 total
[2024-03-04T21:31:32.387+0000][7][gc,age      ] GC(217) - age  15:       3328 bytes,     915456 total
[2024-03-04T21:31:32.387+0000][7][gc,heap     ] GC(217) Eden regions: 152->0(152)
[2024-03-04T21:31:32.387+0000][7][gc,heap     ] GC(217) Survivor regions: 1->1(20)
[2024-03-04T21:31:32.387+0000][7][gc,heap     ] GC(217) Old regions: 23->23
[2024-03-04T21:31:32.387+0000][7][gc,heap     ] GC(217) Archive regions: 2->2
[2024-03-04T21:31:32.387+0000][7][gc,heap     ] GC(217) Humongous regions: 0->0
[2024-03-04T21:31:32.387+0000][7][gc,metaspace] GC(217) Metaspace: 127388K(130816K)->127388K(130816K) NonClass: 110806K(112640K)->110806K(112640K) Class: 16581K(18176K)->16581K(18176K)
[2024-03-04T21:31:32.387+0000][7][gc          ] GC(217) Pause Young (Normal) (G1 Evacuation Pause) 704M->96M(1024M) 2.535ms
[2024-03-04T21:31:32.387+0000][7][gc,cpu      ] GC(217) User=0.01s Sys=0.01s Real=0.00s
[2024-03-04T21:31:32.388+0000][7][safepoint   ] Safepoint "G1CollectForAllocation", Time since last: 145741719201 ns, Reaching safepoint: 68449 ns, At safepoint: 2625616 ns, Total: 2694065 ns
[2024-03-04T21:33:32.404+0000][7][safepoint   ] Safepoint "Cleanup", Time since last: 120016709856 ns, Reaching safepoint: 141361 ns, At safepoint: 44870 ns, Total: 186231 ns
[2024-03-04T21:33:58.408+0000][7][safepoint   ] Safepoint "Cleanup", Time since last: 26003539745 ns, Reaching safepoint: 78107 ns, At safepoint: 9303 ns, Total: 87410 ns
[2024-03-04T21:34:02.409+0000][7][safepoint   ] Safepoint "Cleanup", Time since last: 4000589959 ns, Reaching safepoint: 85907 ns, At safepoint: 9018 ns, Total: 94925 ns
[2024-03-04T21:34:44.413+0000][7][gc,start    ] GC(218) Pause Young (Normal) (G1 Evacuation Pause)
[2024-03-04T21:34:44.413+0000][7][gc,task     ] GC(218) Using 8 workers of 8 for evacuation
[2024-03-04T21:34:44.413+0000][7][gc,age      ] GC(218) Desired survivor size 41943040 bytes, new threshold 15 (max threshold 15)
[2024-03-04T21:34:44.416+0000][7][gc,phases   ] GC(218)   Pre Evacuate Collection Set: 0.1ms
[2024-03-04T21:34:44.416+0000][7][gc,phases   ] GC(218)   Merge Heap Roots: 0.1ms
[2024-03-04T21:34:44.416+0000][7][gc,phases   ] GC(218)   Evacuate Collection Set: 1.9ms
[2024-03-04T21:34:44.416+0000][7][gc,phases   ] GC(218)   Post Evacuate Collection Set: 0.8ms
[2024-03-04T21:34:44.416+0000][7][gc,phases   ] GC(218)   Other: 0.1ms
[2024-03-04T21:34:44.416+0000][7][gc,age      ] GC(218) Age table with threshold 15 (max threshold 15)
[2024-03-04T21:34:44.416+0000][7][gc,age      ] GC(218) - age   1:    2275000 bytes,    2275000 total
[2024-03-04T21:34:44.416+0000][7][gc,age      ] GC(218) - age   2:       9352 bytes,    2284352 total
[2024-03-04T21:34:44.416+0000][7][gc,age      ] GC(218) - age   3:      78616 bytes,    2362968 total
[2024-03-04T21:34:44.416+0000][7][gc,age      ] GC(218) - age   4:        384 bytes,    2363352 total
[2024-03-04T21:34:44.416+0000][7][gc,age      ] GC(218) - age   5:        368 bytes,    2363720 total
[2024-03-04T21:34:44.416+0000][7][gc,age      ] GC(218) - age   6:         96 bytes,    2363816 total
[2024-03-04T21:34:44.416+0000][7][gc,age      ] GC(218) - age   7:         24 bytes,    2363840 total
[2024-03-04T21:34:44.416+0000][7][gc,age      ] GC(218) - age   8:         72 bytes,    2363912 total
[2024-03-04T21:34:44.416+0000][7][gc,age      ] GC(218) - age  11:         24 bytes,    2363936 total
[2024-03-04T21:34:44.416+0000][7][gc,age      ] GC(218) - age  12:        184 bytes,    2364120 total
[2024-03-04T21:34:44.416+0000][7][gc,age      ] GC(218) - age  13:         24 bytes,    2364144 total
[2024-03-04T21:34:44.416+0000][7][gc,age      ] GC(218) - age  14:       2432 bytes,    2366576 total
[2024-03-04T21:34:44.416+0000][7][gc,age      ] GC(218) - age  15:         56 bytes,    2366632 total
[2024-03-04T21:34:44.416+0000][7][gc,heap     ] GC(218) Eden regions: 152->0(152)
[2024-03-04T21:34:44.416+0000][7][gc,heap     ] GC(218) Survivor regions: 1->1(20)
[2024-03-04T21:34:44.416+0000][7][gc,heap     ] GC(218) Old regions: 23->23
[2024-03-04T21:34:44.416+0000][7][gc,heap     ] GC(218) Archive regions: 2->2
[2024-03-04T21:34:44.416+0000][7][gc,heap     ] GC(218) Humongous regions: 0->0
[2024-03-04T21:34:44.416+0000][7][gc,metaspace] GC(218) Metaspace: 127388K(130816K)->127388K(130816K) NonClass: 110806K(112640K)->110806K(112640K) Class: 16581K(18176K)->16581K(18176K)
[2024-03-04T21:34:44.416+0000][7][gc          ] GC(218) Pause Young (Normal) (G1 Evacuation Pause) 704M->97M(1024M) 3.317ms
[2024-03-04T21:34:44.417+0000][7][gc,cpu      ] GC(218) User=0.01s Sys=0.00s Real=0.01s
[2024-03-04T21:34:44.417+0000][7][safepoint   ] Safepoint "G1CollectForAllocation", Time since last: 42004288473 ns, Reaching safepoint: 127590 ns, At safepoint: 3411424 ns, Total: 3539014 ns
[2024-03-04T21:37:56.421+0000][7][gc,start    ] GC(219) Pause Young (Normal) (G1 Evacuation Pause)
[2024-03-04T21:37:56.421+0000][7][gc,task     ] GC(219) Using 8 workers of 8 for evacuation
[2024-03-04T21:37:56.421+0000][7][gc,age      ] GC(219) Desired survivor size 41943040 bytes, new threshold 15 (max threshold 15)
[2024-03-04T21:37:56.423+0000][7][gc,phases   ] GC(219)   Pre Evacuate Collection Set: 0.1ms
[2024-03-04T21:37:56.423+0000][7][gc,phases   ] GC(219)   Merge Heap Roots: 0.1ms
[2024-03-04T21:37:56.423+0000][7][gc,phases   ] GC(219)   Evacuate Collection Set: 1.3ms
[2024-03-04T21:37:56.423+0000][7][gc,phases   ] GC(219)   Post Evacuate Collection Set: 0.7ms
[2024-03-04T21:37:56.423+0000][7][gc,phases   ] GC(219)   Other: 0.1ms
[2024-03-04T21:37:56.423+0000][7][gc,age      ] GC(219) Age table with threshold 15 (max threshold 15)
[2024-03-04T21:37:56.423+0000][7][gc,age      ] GC(219) - age   1:     974880 bytes,     974880 total
[2024-03-04T21:37:56.423+0000][7][gc,age      ] GC(219) - age   2:     114920 bytes,    1089800 total
[2024-03-04T21:37:56.423+0000][7][gc,age      ] GC(219) - age   3:       8464 bytes,    1098264 total
[2024-03-04T21:37:56.423+0000][7][gc,age      ] GC(219) - age   4:      74912 bytes,    1173176 total
[2024-03-04T21:37:56.423+0000][7][gc,age      ] GC(219) - age   5:        384 bytes,    1173560 total
[2024-03-04T21:37:56.424+0000][7][gc,age      ] GC(219) - age   6:        368 bytes,    1173928 total
[2024-03-04T21:37:56.424+0000][7][gc,age      ] GC(219) - age   7:         96 bytes,    1174024 total
[2024-03-04T21:37:56.424+0000][7][gc,age      ] GC(219) - age   8:         24 bytes,    1174048 total
[2024-03-04T21:37:56.424+0000][7][gc,age      ] GC(219) - age   9:         72 bytes,    1174120 total
[2024-03-04T21:37:56.424+0000][7][gc,age      ] GC(219) - age  12:         24 bytes,    1174144 total
[2024-03-04T21:37:56.424+0000][7][gc,age      ] GC(219) - age  13:        184 bytes,    1174328 total
[2024-03-04T21:37:56.424+0000][7][gc,age      ] GC(219) - age  14:         24 bytes,    1174352 total
[2024-03-04T21:37:56.424+0000][7][gc,age      ] GC(219) - age  15:       2432 bytes,    1176784 total
[2024-03-04T21:37:56.424+0000][7][gc,heap     ] GC(219) Eden regions: 152->0(152)
[2024-03-04T21:37:56.424+0000][7][gc,heap     ] GC(219) Survivor regions: 1->1(20)
[2024-03-04T21:37:56.424+0000][7][gc,heap     ] GC(219) Old regions: 23->23
[2024-03-04T21:37:56.424+0000][7][gc,heap     ] GC(219) Archive regions: 2->2
[2024-03-04T21:37:56.424+0000][7][gc,heap     ] GC(219) Humongous regions: 0->0
[2024-03-04T21:37:56.424+0000][7][gc,metaspace] GC(219) Metaspace: 127388K(130816K)->127388K(130816K) NonClass: 110806K(112640K)->110806K(112640K) Class: 16581K(18176K)->16581K(18176K)
[2024-03-04T21:37:56.424+0000][7][gc          ] GC(219) Pause Young (Normal) (G1 Evacuation Pause) 705M->96M(1024M) 2.627ms
[2024-03-04T21:37:56.424+0000][7][gc,cpu      ] GC(219) User=0.02s Sys=0.00s Real=0.00s
[2024-03-04T21:37:56.424+0000][7][safepoint   ] Safepoint "G1CollectForAllocation", Time since last: 192004375828 ns, Reaching safepoint: 45442 ns, At safepoint: 2721173 ns, Total: 2766615 ns
[2024-03-04T21:41:08.474+0000][7][gc,start    ] GC(220) Pause Young (Normal) (G1 Evacuation Pause)
[2024-03-04T21:41:08.474+0000][7][gc,task     ] GC(220) Using 8 workers of 8 for evacuation
[2024-03-04T21:41:08.474+0000][7][gc,age      ] GC(220) Desired survivor size 41943040 bytes, new threshold 15 (max threshold 15)
[2024-03-04T21:41:08.476+0000][7][gc,phases   ] GC(220)   Pre Evacuate Collection Set: 0.1ms
[2024-03-04T21:41:08.476+0000][7][gc,phases   ] GC(220)   Merge Heap Roots: 0.1ms
[2024-03-04T21:41:08.476+0000][7][gc,phases   ] GC(220)   Evacuate Collection Set: 1.6ms
[2024-03-04T21:41:08.476+0000][7][gc,phases   ] GC(220)   Post Evacuate Collection Set: 0.7ms
[2024-03-04T21:41:08.476+0000][7][gc,phases   ] GC(220)   Other: 0.1ms
[2024-03-04T21:41:08.476+0000][7][gc,age      ] GC(220) Age table with threshold 15 (max threshold 15)
[2024-03-04T21:41:08.476+0000][7][gc,age      ] GC(220) - age   1:    1873872 bytes,    1873872 total
[2024-03-04T21:41:08.476+0000][7][gc,age      ] GC(220) - age   2:      31664 bytes,    1905536 total
[2024-03-04T21:41:08.476+0000][7][gc,age      ] GC(220) - age   3:     111144 bytes,    2016680 total
[2024-03-04T21:41:08.476+0000][7][gc,age      ] GC(220) - age   4:       8400 bytes,    2025080 total
[2024-03-04T21:41:08.476+0000][7][gc,age      ] GC(220) - age   5:      74880 bytes,    2099960 total
[2024-03-04T21:41:08.476+0000][7][gc,age      ] GC(220) - age   6:        384 bytes,    2100344 total
[2024-03-04T21:41:08.476+0000][7][gc,age      ] GC(220) - age   7:        368 bytes,    2100712 total
[2024-03-04T21:41:08.476+0000][7][gc,age      ] GC(220) - age   8:         96 bytes,    2100808 total
[2024-03-04T21:41:08.476+0000][7][gc,age      ] GC(220) - age  10:         72 bytes,    2100880 total
[2024-03-04T21:41:08.476+0000][7][gc,age      ] GC(220) - age  13:         24 bytes,    2100904 total
[2024-03-04T21:41:08.476+0000][7][gc,age      ] GC(220) - age  14:        184 bytes,    2101088 total
[2024-03-04T21:41:08.476+0000][7][gc,age      ] GC(220) - age  15:         24 bytes,    2101112 total
[2024-03-04T21:41:08.476+0000][7][gc,heap     ] GC(220) Eden regions: 152->0(152)
[2024-03-04T21:41:08.476+0000][7][gc,heap     ] GC(220) Survivor regions: 1->1(20)
[2024-03-04T21:41:08.476+0000][7][gc,heap     ] GC(220) Old regions: 23->23
[2024-03-04T21:41:08.476+0000][7][gc,heap     ] GC(220) Archive regions: 2->2
[2024-03-04T21:41:08.476+0000][7][gc,heap     ] GC(220) Humongous regions: 0->0
[2024-03-04T21:41:08.476+0000][7][gc,metaspace] GC(220) Metaspace: 127388K(130816K)->127388K(130816K) NonClass: 110806K(112640K)->110806K(112640K) Class: 16581K(18176K)->16581K(18176K)
[2024-03-04T21:41:08.477+0000][7][gc          ] GC(220) Pause Young (Normal) (G1 Evacuation Pause) 704M->97M(1024M) 2.806ms
[2024-03-04T21:41:08.477+0000][7][gc,cpu      ] GC(220) User=0.01s Sys=0.01s Real=0.01s
[2024-03-04T21:41:08.477+0000][7][safepoint   ] Safepoint "G1CollectForAllocation", Time since last: 192049920288 ns, Reaching safepoint: 58721 ns, At safepoint: 2903523 ns, Total: 2962244 ns
[2024-03-04T21:44:14.452+0000][7][gc,start    ] GC(221) Pause Young (Normal) (G1 Evacuation Pause)
[2024-03-04T21:44:14.452+0000][7][gc,task     ] GC(221) Using 8 workers of 8 for evacuation
[2024-03-04T21:44:14.452+0000][7][gc,age      ] GC(221) Desired survivor size 41943040 bytes, new threshold 15 (max threshold 15)
[2024-03-04T21:44:14.454+0000][7][gc,phases   ] GC(221)   Pre Evacuate Collection Set: 0.1ms
[2024-03-04T21:44:14.454+0000][7][gc,phases   ] GC(221)   Merge Heap Roots: 0.1ms
[2024-03-04T21:44:14.454+0000][7][gc,phases   ] GC(221)   Evacuate Collection Set: 1.4ms
[2024-03-04T21:44:14.454+0000][7][gc,phases   ] GC(221)   Post Evacuate Collection Set: 0.8ms
[2024-03-04T21:44:14.454+0000][7][gc,phases   ] GC(221)   Other: 0.1ms
[2024-03-04T21:44:14.454+0000][7][gc,age      ] GC(221) Age table with threshold 15 (max threshold 15)
[2024-03-04T21:44:14.454+0000][7][gc,age      ] GC(221) - age   1:    1312416 bytes,    1312416 total
[2024-03-04T21:44:14.454+0000][7][gc,age      ] GC(221) - age   2:      23632 bytes,    1336048 total
[2024-03-04T21:44:14.454+0000][7][gc,age      ] GC(221) - age   3:      30352 bytes,    1366400 total
[2024-03-04T21:44:14.454+0000][7][gc,age      ] GC(221) - age   4:     109968 bytes,    1476368 total
[2024-03-04T21:44:14.454+0000][7][gc,age      ] GC(221) - age   5:       8400 bytes,    1484768 total
[2024-03-04T21:44:14.454+0000][7][gc,age      ] GC(221) - age   6:      74488 bytes,    1559256 total
[2024-03-04T21:44:14.454+0000][7][gc,age      ] GC(221) - age   7:        384 bytes,    1559640 total
[2024-03-04T21:44:14.454+0000][7][gc,age      ] GC(221) - age   8:        336 bytes,    1559976 total
[2024-03-04T21:44:14.454+0000][7][gc,age      ] GC(221) - age   9:         96 bytes,    1560072 total
[2024-03-04T21:44:14.454+0000][7][gc,age      ] GC(221) - age  11:         72 bytes,    1560144 total
[2024-03-04T21:44:14.454+0000][7][gc,age      ] GC(221) - age  14:         24 bytes,    1560168 total
[2024-03-04T21:44:14.454+0000][7][gc,age      ] GC(221) - age  15:        184 bytes,    1560352 total
[2024-03-04T21:44:14.454+0000][7][gc,heap     ] GC(221) Eden regions: 152->0(152)
[2024-03-04T21:44:14.454+0000][7][gc,heap     ] GC(221) Survivor regions: 1->1(20)
[2024-03-04T21:44:14.454+0000][7][gc,heap     ] GC(221) Old regions: 23->23
[2024-03-04T21:44:14.454+0000][7][gc,heap     ] GC(221) Archive regions: 2->2
[2024-03-04T21:44:14.454+0000][7][gc,heap     ] GC(221) Humongous regions: 0->0
[2024-03-04T21:44:14.454+0000][7][gc,metaspace] GC(221) Metaspace: 127388K(130816K)->127388K(130816K) NonClass: 110806K(112640K)->110806K(112640K) Class: 16581K(18176K)->16581K(18176K)
[2024-03-04T21:44:14.454+0000][7][gc          ] GC(221) Pause Young (Normal) (G1 Evacuation Pause) 705M->97M(1024M) 2.798ms
[2024-03-04T21:44:14.455+0000][7][gc,cpu      ] GC(221) User=0.02s Sys=0.00s Real=0.00s
[2024-03-04T21:44:14.455+0000][7][safepoint   ] Safepoint "G1CollectForAllocation", Time since last: 185974986638 ns, Reaching safepoint: 97538 ns, At safepoint: 2890465 ns, Total: 2988003 ns
[2024-03-04T21:47:03.476+0000][7][safepoint   ] Safepoint "Cleanup", Time since last: 169021719145 ns, Reaching safepoint: 100426 ns, At safepoint: 30452 ns, Total: 130878 ns
[2024-03-04T21:47:08.477+0000][7][safepoint   ] Safepoint "Cleanup", Time since last: 5000465268 ns, Reaching safepoint: 103375 ns, At safepoint: 7917 ns, Total: 111292 ns
[2024-03-04T21:47:15.478+0000][7][safepoint   ] Safepoint "Cleanup", Time since last: 7000785901 ns, Reaching safepoint: 107976 ns, At safepoint: 10287 ns, Total: 118263 ns
[2024-03-04T21:47:20.721+0000][7][gc,start    ] GC(222) Pause Young (Normal) (G1 Evacuation Pause)
[2024-03-04T21:47:20.721+0000][7][gc,task     ] GC(222) Using 8 workers of 8 for evacuation
[2024-03-04T21:47:20.721+0000][7][gc,age      ] GC(222) Desired survivor size 41943040 bytes, new threshold 15 (max threshold 15)
[2024-03-04T21:47:20.724+0000][7][gc,phases   ] GC(222)   Pre Evacuate Collection Set: 0.1ms
[2024-03-04T21:47:20.724+0000][7][gc,phases   ] GC(222)   Merge Heap Roots: 0.1ms
[2024-03-04T21:47:20.724+0000][7][gc,phases   ] GC(222)   Evacuate Collection Set: 1.8ms
[2024-03-04T21:47:20.724+0000][7][gc,phases   ] GC(222)   Post Evacuate Collection Set: 1.0ms
[2024-03-04T21:47:20.724+0000][7][gc,phases   ] GC(222)   Other: 0.1ms
[2024-03-04T21:47:20.724+0000][7][gc,age      ] GC(222) Age table with threshold 15 (max threshold 15)
[2024-03-04T21:47:20.724+0000][7][gc,age      ] GC(222) - age   1:    2072456 bytes,    2072456 total
[2024-03-04T21:47:20.724+0000][7][gc,age      ] GC(222) - age   2:       3840 bytes,    2076296 total
[2024-03-04T21:47:20.724+0000][7][gc,age      ] GC(222) - age   3:      21160 bytes,    2097456 total
[2024-03-04T21:47:20.724+0000][7][gc,age      ] GC(222) - age   4:      23664 bytes,    2121120 total
[2024-03-04T21:47:20.724+0000][7][gc,age      ] GC(222) - age   5:     109968 bytes,    2231088 total
[2024-03-04T21:47:20.724+0000][7][gc,age      ] GC(222) - age   6:        200 bytes,    2231288 total
[2024-03-04T21:47:20.724+0000][7][gc,age      ] GC(222) - age   7:      74488 bytes,    2305776 total
[2024-03-04T21:47:20.724+0000][7][gc,age      ] GC(222) - age   9:        152 bytes,    2305928 total
[2024-03-04T21:47:20.724+0000][7][gc,age      ] GC(222) - age  12:         72 bytes,    2306000 total
[2024-03-04T21:47:20.724+0000][7][gc,age      ] GC(222) - age  15:         24 bytes,    2306024 total
[2024-03-04T21:47:20.724+0000][7][gc,heap     ] GC(222) Eden regions: 152->0(152)
[2024-03-04T21:47:20.724+0000][7][gc,heap     ] GC(222) Survivor regions: 1->1(20)
[2024-03-04T21:47:20.724+0000][7][gc,heap     ] GC(222) Old regions: 23->23
[2024-03-04T21:47:20.724+0000][7][gc,heap     ] GC(222) Archive regions: 2->2
[2024-03-04T21:47:20.724+0000][7][gc,heap     ] GC(222) Humongous regions: 0->0
[2024-03-04T21:47:20.724+0000][7][gc,metaspace] GC(222) Metaspace: 127391K(130816K)->127391K(130816K) NonClass: 110809K(112640K)->110809K(112640K) Class: 16581K(18176K)->16581K(18176K)
[2024-03-04T21:47:20.724+0000][7][gc          ] GC(222) Pause Young (Normal) (G1 Evacuation Pause) 705M->97M(1024M) 3.380ms
[2024-03-04T21:47:20.724+0000][7][gc,cpu      ] GC(222) User=0.01s Sys=0.00s Real=0.00s
[2024-03-04T21:47:20.724+0000][7][safepoint   ] Safepoint "G1CollectForAllocation", Time since last: 5242714896 ns, Reaching safepoint: 61958 ns, At safepoint: 3480793 ns, Total: 3542751 ns
[2024-03-04T21:50:32.944+0000][7][gc,start    ] GC(223) Pause Young (Normal) (G1 Evacuation Pause)
[2024-03-04T21:50:32.944+0000][7][gc,task     ] GC(223) Using 8 workers of 8 for evacuation
[2024-03-04T21:50:32.944+0000][7][gc,age      ] GC(223) Desired survivor size 41943040 bytes, new threshold 15 (max threshold 15)
[2024-03-04T21:50:32.947+0000][7][gc,phases   ] GC(223)   Pre Evacuate Collection Set: 0.1ms
[2024-03-04T21:50:32.947+0000][7][gc,phases   ] GC(223)   Merge Heap Roots: 0.1ms
[2024-03-04T21:50:32.947+0000][7][gc,phases   ] GC(223)   Evacuate Collection Set: 1.9ms
[2024-03-04T21:50:32.947+0000][7][gc,phases   ] GC(223)   Post Evacuate Collection Set: 0.9ms
[2024-03-04T21:50:32.947+0000][7][gc,phases   ] GC(223)   Other: 0.1ms
[2024-03-04T21:50:32.947+0000][7][gc,age      ] GC(223) Age table with threshold 15 (max threshold 15)
[2024-03-04T21:50:32.947+0000][7][gc,age      ] GC(223) - age   1:    1655176 bytes,    1655176 total
[2024-03-04T21:50:32.947+0000][7][gc,age      ] GC(223) - age   2:     225008 bytes,    1880184 total
[2024-03-04T21:50:32.947+0000][7][gc,age      ] GC(223) - age   3:       1352 bytes,    1881536 total
[2024-03-04T21:50:32.947+0000][7][gc,age      ] GC(223) - age   4:      21096 bytes,    1902632 total
[2024-03-04T21:50:32.947+0000][7][gc,age      ] GC(223) - age   5:      23664 bytes,    1926296 total
[2024-03-04T21:50:32.947+0000][7][gc,age      ] GC(223) - age   6:     109968 bytes,    2036264 total
[2024-03-04T21:50:32.947+0000][7][gc,age      ] GC(223) - age   7:        200 bytes,    2036464 total
[2024-03-04T21:50:32.947+0000][7][gc,age      ] GC(223) - age   8:      74488 bytes,    2110952 total
[2024-03-04T21:50:32.947+0000][7][gc,age      ] GC(223) - age  10:        152 bytes,    2111104 total
[2024-03-04T21:50:32.947+0000][7][gc,age      ] GC(223) - age  13:         72 bytes,    2111176 total
[2024-03-04T21:50:32.947+0000][7][gc,heap     ] GC(223) Eden regions: 152->0(152)
[2024-03-04T21:50:32.948+0000][7][gc,heap     ] GC(223) Survivor regions: 1->1(20)
[2024-03-04T21:50:32.948+0000][7][gc,heap     ] GC(223) Old regions: 23->23
[2024-03-04T21:50:32.948+0000][7][gc,heap     ] GC(223) Archive regions: 2->2
[2024-03-04T21:50:32.948+0000][7][gc,heap     ] GC(223) Humongous regions: 0->0
[2024-03-04T21:50:32.948+0000][7][gc,metaspace] GC(223) Metaspace: 127391K(130816K)->127391K(130816K) NonClass: 110809K(112640K)->110809K(112640K) Class: 16581K(18176K)->16581K(18176K)
[2024-03-04T21:50:32.948+0000][7][gc          ] GC(223) Pause Young (Normal) (G1 Evacuation Pause) 705M->97M(1024M) 3.370ms
[2024-03-04T21:50:32.948+0000][7][gc,cpu      ] GC(223) User=0.01s Sys=0.01s Real=0.01s
[2024-03-04T21:50:32.948+0000][7][safepoint   ] Safepoint "G1CollectForAllocation", Time since last: 192219963326 ns, Reaching safepoint: 63950 ns, At safepoint: 3467401 ns, Total: 3531351 ns
[2024-03-04T21:53:11.487+0000][7][gc,start    ] GC(224) Pause Young (Normal) (G1 Evacuation Pause)
[2024-03-04T21:53:11.487+0000][7][gc,task     ] GC(224) Using 8 workers of 8 for evacuation
[2024-03-04T21:53:11.487+0000][7][gc,age      ] GC(224) Desired survivor size 41943040 bytes, new threshold 15 (max threshold 15)
[2024-03-04T21:53:11.490+0000][7][gc,phases   ] GC(224)   Pre Evacuate Collection Set: 0.1ms
[2024-03-04T21:53:11.490+0000][7][gc,phases   ] GC(224)   Merge Heap Roots: 0.1ms
[2024-03-04T21:53:11.490+0000][7][gc,phases   ] GC(224)   Evacuate Collection Set: 2.2ms
[2024-03-04T21:53:11.490+0000][7][gc,phases   ] GC(224)   Post Evacuate Collection Set: 0.9ms
[2024-03-04T21:53:11.490+0000][7][gc,phases   ] GC(224)   Other: 0.1ms
[2024-03-04T21:53:11.490+0000][7][gc,age      ] GC(224) Age table with threshold 15 (max threshold 15)
[2024-03-04T21:53:11.490+0000][7][gc,age      ] GC(224) - age   1:    2058960 bytes,    2058960 total
[2024-03-04T21:53:11.490+0000][7][gc,age      ] GC(224) - age   2:       3144 bytes,    2062104 total
[2024-03-04T21:53:11.490+0000][7][gc,age      ] GC(224) - age   3:     221440 bytes,    2283544 total
[2024-03-04T21:53:11.490+0000][7][gc,age      ] GC(224) - age   4:        512 bytes,    2284056 total
[2024-03-04T21:53:11.490+0000][7][gc,age      ] GC(224) - age   5:      20784 bytes,    2304840 total
[2024-03-04T21:53:11.490+0000][7][gc,age      ] GC(224) - age   6:      23664 bytes,    2328504 total
[2024-03-04T21:53:11.490+0000][7][gc,age      ] GC(224) - age   7:     109936 bytes,    2438440 total
[2024-03-04T21:53:11.490+0000][7][gc,age      ] GC(224) - age   8:        200 bytes,    2438640 total
[2024-03-04T21:53:11.490+0000][7][gc,age      ] GC(224) - age   9:      74488 bytes,    2513128 total
[2024-03-04T21:53:11.490+0000][7][gc,age      ] GC(224) - age  11:        152 bytes,    2513280 total
[2024-03-04T21:53:11.490+0000][7][gc,age      ] GC(224) - age  14:         72 bytes,    2513352 total
[2024-03-04T21:53:11.490+0000][7][gc,heap     ] GC(224) Eden regions: 152->0(152)
[2024-03-04T21:53:11.490+0000][7][gc,heap     ] GC(224) Survivor regions: 1->1(20)
[2024-03-04T21:53:11.490+0000][7][gc,heap     ] GC(224) Old regions: 23->23
[2024-03-04T21:53:11.490+0000][7][gc,heap     ] GC(224) Archive regions: 2->2
[2024-03-04T21:53:11.491+0000][7][gc,heap     ] GC(224) Humongous regions: 0->0
[2024-03-04T21:53:11.491+0000][7][gc,metaspace] GC(224) Metaspace: 127393K(130816K)->127393K(130816K) NonClass: 110811K(112640K)->110811K(112640K) Class: 16581K(18176K)->16581K(18176K)
[2024-03-04T21:53:11.491+0000][7][gc          ] GC(224) Pause Young (Normal) (G1 Evacuation Pause) 705M->98M(1024M) 3.818ms
[2024-03-04T21:53:11.491+0000][7][gc,cpu      ] GC(224) User=0.02s Sys=0.00s Real=0.00s
[2024-03-04T21:53:11.491+0000][7][safepoint   ] Safepoint "G1CollectForAllocation", Time since last: 158538947234 ns, Reaching safepoint: 118428 ns, At safepoint: 3947652 ns, Total: 4066080 ns
[2024-03-04T21:54:03.497+0000][7][safepoint   ] Safepoint "Cleanup", Time since last: 52005796358 ns, Reaching safepoint: 72302 ns, At safepoint: 22767 ns, Total: 95069 ns
[2024-03-04T21:54:06.497+0000][7][safepoint   ] Safepoint "Cleanup", Time since last: 3000321010 ns, Reaching safepoint: 115737 ns, At safepoint: 16782 ns, Total: 132519 ns
[2024-03-04T21:54:39.501+0000][7][safepoint   ] Safepoint "Cleanup", Time since last: 33003635866 ns, Reaching safepoint: 74113 ns, At safepoint: 8797 ns, Total: 82910 ns
[2024-03-04T21:55:03.503+0000][7][safepoint   ] Safepoint "Cleanup", Time since last: 24002647488 ns, Reaching safepoint: 81659 ns, At safepoint: 41249 ns, Total: 122908 ns
[2024-03-04T21:55:53.965+0000][7][gc,start    ] GC(225) Pause Young (Normal) (G1 Evacuation Pause)
[2024-03-04T21:55:53.965+0000][7][gc,task     ] GC(225) Using 8 workers of 8 for evacuation
[2024-03-04T21:55:53.965+0000][7][gc,age      ] GC(225) Desired survivor size 41943040 bytes, new threshold 15 (max threshold 15)
[2024-03-04T21:55:53.967+0000][7][gc,phases   ] GC(225)   Pre Evacuate Collection Set: 0.1ms
[2024-03-04T21:55:53.967+0000][7][gc,phases   ] GC(225)   Merge Heap Roots: 0.0ms
[2024-03-04T21:55:53.967+0000][7][gc,phases   ] GC(225)   Evacuate Collection Set: 1.1ms
[2024-03-04T21:55:53.967+0000][7][gc,phases   ] GC(225)   Post Evacuate Collection Set: 0.5ms
[2024-03-04T21:55:53.967+0000][7][gc,phases   ] GC(225)   Other: 0.1ms
[2024-03-04T21:55:53.967+0000][7][gc,age      ] GC(225) Age table with threshold 15 (max threshold 15)
[2024-03-04T21:55:53.967+0000][7][gc,age      ] GC(225) - age   1:    1962888 bytes,    1962888 total
[2024-03-04T21:55:53.967+0000][7][gc,age      ] GC(225) - age   2:     142728 bytes,    2105616 total
[2024-03-04T21:55:53.967+0000][7][gc,age      ] GC(225) - age   3:        864 bytes,    2106480 total
[2024-03-04T21:55:53.967+0000][7][gc,age      ] GC(225) - age   4:     213232 bytes,    2319712 total
[2024-03-04T21:55:53.967+0000][7][gc,age      ] GC(225) - age   5:        448 bytes,    2320160 total
[2024-03-04T21:55:53.967+0000][7][gc,age      ] GC(225) - age   6:      20784 bytes,    2340944 total
[2024-03-04T21:55:53.967+0000][7][gc,age      ] GC(225) - age   7:      23664 bytes,    2364608 total
[2024-03-04T21:55:53.967+0000][7][gc,age      ] GC(225) - age   8:     109936 bytes,    2474544 total
[2024-03-04T21:55:53.967+0000][7][gc,age      ] GC(225) - age   9:        200 bytes,    2474744 total
[2024-03-04T21:55:53.967+0000][7][gc,age      ] GC(225) - age  10:      74488 bytes,    2549232 total
[2024-03-04T21:55:53.967+0000][7][gc,age      ] GC(225) - age  12:        152 bytes,    2549384 total
[2024-03-04T21:55:53.967+0000][7][gc,age      ] GC(225) - age  15:         72 bytes,    2549456 total
[2024-03-04T21:55:53.967+0000][7][gc,heap     ] GC(225) Eden regions: 152->0(152)
[2024-03-04T21:55:53.967+0000][7][gc,heap     ] GC(225) Survivor regions: 1->1(20)
[2024-03-04T21:55:53.967+0000][7][gc,heap     ] GC(225) Old regions: 23->23
[2024-03-04T21:55:53.967+0000][7][gc,heap     ] GC(225) Archive regions: 2->2
[2024-03-04T21:55:53.967+0000][7][gc,heap     ] GC(225) Humongous regions: 0->0
[2024-03-04T21:55:53.967+0000][7][gc,metaspace] GC(225) Metaspace: 127393K(130816K)->127393K(130816K) NonClass: 110811K(112640K)->110811K(112640K) Class: 16581K(18176K)->16581K(18176K)
[2024-03-04T21:55:53.967+0000][7][gc          ] GC(225) Pause Young (Normal) (G1 Evacuation Pause) 706M->98M(1024M) 2.042ms
[2024-03-04T21:55:53.967+0000][7][gc,cpu      ] GC(225) User=0.01s Sys=0.00s Real=0.00s
[2024-03-04T21:55:53.968+0000][7][safepoint   ] Safepoint "G1CollectForAllocation", Time since last: 50461882990 ns, Reaching safepoint: 42546 ns, At safepoint: 2108933 ns, Total: 2151479 ns
[2024-03-04T21:59:11.501+0000][7][gc,start    ] GC(226) Pause Young (Normal) (G1 Evacuation Pause)
[2024-03-04T21:59:11.501+0000][7][gc,task     ] GC(226) Using 8 workers of 8 for evacuation
[2024-03-04T21:59:11.501+0000][7][gc,age      ] GC(226) Desired survivor size 41943040 bytes, new threshold 15 (max threshold 15)
[2024-03-04T21:59:11.504+0000][7][gc,phases   ] GC(226)   Pre Evacuate Collection Set: 0.1ms
[2024-03-04T21:59:11.504+0000][7][gc,phases   ] GC(226)   Merge Heap Roots: 0.1ms
[2024-03-04T21:59:11.504+0000][7][gc,phases   ] GC(226)   Evacuate Collection Set: 1.4ms
[2024-03-04T21:59:11.504+0000][7][gc,phases   ] GC(226)   Post Evacuate Collection Set: 0.8ms
[2024-03-04T21:59:11.504+0000][7][gc,phases   ] GC(226)   Other: 0.1ms
[2024-03-04T21:59:11.504+0000][7][gc,age      ] GC(226) Age table with threshold 15 (max threshold 15)
[2024-03-04T21:59:11.504+0000][7][gc,age      ] GC(226) - age   1:    1149216 bytes,    1149216 total
[2024-03-04T21:59:11.504+0000][7][gc,age      ] GC(226) - age   2:      10208 bytes,    1159424 total
[2024-03-04T21:59:11.504+0000][7][gc,age      ] GC(226) - age   3:     140672 bytes,    1300096 total
[2024-03-04T21:59:11.504+0000][7][gc,age      ] GC(226) - age   4:        480 bytes,    1300576 total
[2024-03-04T21:59:11.504+0000][7][gc,age      ] GC(226) - age   5:     209592 bytes,    1510168 total
[2024-03-04T21:59:11.504+0000][7][gc,age      ] GC(226) - age   6:         56 bytes,    1510224 total
[2024-03-04T21:59:11.504+0000][7][gc,age      ] GC(226) - age   7:      20784 bytes,    1531008 total
[2024-03-04T21:59:11.504+0000][7][gc,age      ] GC(226) - age   8:      23664 bytes,    1554672 total
[2024-03-04T21:59:11.504+0000][7][gc,age      ] GC(226) - age   9:     109936 bytes,    1664608 total
[2024-03-04T21:59:11.504+0000][7][gc,age      ] GC(226) - age  10:        200 bytes,    1664808 total
[2024-03-04T21:59:11.504+0000][7][gc,age      ] GC(226) - age  11:      74488 bytes,    1739296 total
[2024-03-04T21:59:11.504+0000][7][gc,age      ] GC(226) - age  13:        152 bytes,    1739448 total
[2024-03-04T21:59:11.504+0000][7][gc,heap     ] GC(226) Eden regions: 152->0(152)
[2024-03-04T21:59:11.504+0000][7][gc,heap     ] GC(226) Survivor regions: 1->1(20)
[2024-03-04T21:59:11.504+0000][7][gc,heap     ] GC(226) Old regions: 23->23
[2024-03-04T21:59:11.504+0000][7][gc,heap     ] GC(226) Archive regions: 2->2
[2024-03-04T21:59:11.504+0000][7][gc,heap     ] GC(226) Humongous regions: 0->0
[2024-03-04T21:59:11.504+0000][7][gc,metaspace] GC(226) Metaspace: 127393K(130816K)->127393K(130816K) NonClass: 110811K(112640K)->110811K(112640K) Class: 16581K(18176K)->16581K(18176K)
[2024-03-04T21:59:11.504+0000][7][gc          ] GC(226) Pause Young (Normal) (G1 Evacuation Pause) 706M->97M(1024M) 2.726ms
[2024-03-04T21:59:11.504+0000][7][gc,cpu      ] GC(226) User=0.01s Sys=0.00s Real=0.00s
[2024-03-04T21:59:11.504+0000][7][safepoint   ] Safepoint "G1CollectForAllocation", Time since last: 197533735300 ns, Reaching safepoint: 70991 ns, At safepoint: 2821648 ns, Total: 2892639 ns
[2024-03-04T22:00:06.511+0000][7][safepoint   ] Safepoint "Cleanup", Time since last: 55006319381 ns, Reaching safepoint: 80983 ns, At safepoint: 43819 ns, Total: 124802 ns
[2024-03-04T22:01:25.521+0000][7][safepoint   ] Safepoint "Cleanup", Time since last: 79010335454 ns, Reaching safepoint: 80690 ns, At safepoint: 38929 ns, Total: 119619 ns
[2024-03-04T22:01:42.524+0000][7][safepoint   ] Safepoint "Cleanup", Time since last: 17002380475 ns, Reaching safepoint: 117390 ns, At safepoint: 8068 ns, Total: 125458 ns
[2024-03-04T22:01:52.525+0000][7][safepoint   ] Safepoint "Cleanup", Time since last: 10001402074 ns, Reaching safepoint: 74846 ns, At safepoint: 10560 ns, Total: 85406 ns
[2024-03-04T22:01:56.526+0000][7][safepoint   ] Safepoint "Cleanup", Time since last: 4000478438 ns, Reaching safepoint: 109553 ns, At safepoint: 24166 ns, Total: 133719 ns
[2024-03-04T22:02:18.445+0000][7][gc,start    ] GC(227) Pause Young (Normal) (G1 Evacuation Pause)
[2024-03-04T22:02:18.445+0000][7][gc,task     ] GC(227) Using 8 workers of 8 for evacuation
[2024-03-04T22:02:18.445+0000][7][gc,age      ] GC(227) Desired survivor size 41943040 bytes, new threshold 15 (max threshold 15)
[2024-03-04T22:02:18.449+0000][7][gc,phases   ] GC(227)   Pre Evacuate Collection Set: 0.1ms
[2024-03-04T22:02:18.449+0000][7][gc,phases   ] GC(227)   Merge Heap Roots: 0.1ms
[2024-03-04T22:02:18.449+0000][7][gc,phases   ] GC(227)   Evacuate Collection Set: 2.4ms
[2024-03-04T22:02:18.449+0000][7][gc,phases   ] GC(227)   Post Evacuate Collection Set: 0.9ms
[2024-03-04T22:02:18.449+0000][7][gc,phases   ] GC(227)   Other: 0.1ms
[2024-03-04T22:02:18.449+0000][7][gc,age      ] GC(227) Age table with threshold 15 (max threshold 15)
[2024-03-04T22:02:18.449+0000][7][gc,age      ] GC(227) - age   1:     641704 bytes,     641704 total
[2024-03-04T22:02:18.449+0000][7][gc,age      ] GC(227) - age   2:       6480 bytes,     648184 total
[2024-03-04T22:02:18.449+0000][7][gc,age      ] GC(227) - age   3:        272 bytes,     648456 total
[2024-03-04T22:02:18.449+0000][7][gc,age      ] GC(227) - age   4:     139672 bytes,     788128 total
[2024-03-04T22:02:18.449+0000][7][gc,age      ] GC(227) - age   5:        184 bytes,     788312 total
[2024-03-04T22:02:18.449+0000][7][gc,age      ] GC(227) - age   6:     209592 bytes,     997904 total
[2024-03-04T22:02:18.449+0000][7][gc,age      ] GC(227) - age   7:         24 bytes,     997928 total
[2024-03-04T22:02:18.449+0000][7][gc,age      ] GC(227) - age   8:      20784 bytes,    1018712 total
[2024-03-04T22:02:18.449+0000][7][gc,age      ] GC(227) - age   9:      23664 bytes,    1042376 total
[2024-03-04T22:02:18.449+0000][7][gc,age      ] GC(227) - age  10:     109936 bytes,    1152312 total
[2024-03-04T22:02:18.449+0000][7][gc,age      ] GC(227) - age  11:        200 bytes,    1152512 total
[2024-03-04T22:02:18.449+0000][7][gc,age      ] GC(227) - age  12:      74488 bytes,    1227000 total
[2024-03-04T22:02:18.449+0000][7][gc,age      ] GC(227) - age  14:        152 bytes,    1227152 total
[2024-03-04T22:02:18.449+0000][7][gc,heap     ] GC(227) Eden regions: 152->0(152)
[2024-03-04T22:02:18.449+0000][7][gc,heap     ] GC(227) Survivor regions: 1->1(20)
[2024-03-04T22:02:18.449+0000][7][gc,heap     ] GC(227) Old regions: 23->23
[2024-03-04T22:02:18.449+0000][7][gc,heap     ] GC(227) Archive regions: 2->2
[2024-03-04T22:02:18.449+0000][7][gc,heap     ] GC(227) Humongous regions: 0->0
[2024-03-04T22:02:18.449+0000][7][gc,metaspace] GC(227) Metaspace: 127395K(130816K)->127395K(130816K) NonClass: 110813K(112640K)->110813K(112640K) Class: 16581K(18176K)->16581K(18176K)
[2024-03-04T22:02:18.449+0000][7][gc          ] GC(227) Pause Young (Normal) (G1 Evacuation Pause) 705M->96M(1024M) 3.987ms
[2024-03-04T22:02:18.449+0000][7][gc,cpu      ] GC(227) User=0.01s Sys=0.00s Real=0.00s
[2024-03-04T22:02:18.449+0000][7][safepoint   ] Safepoint "G1CollectForAllocation", Time since last: 21919097182 ns, Reaching safepoint: 82499 ns, At safepoint: 4089697 ns, Total: 4172196 ns
[2024-03-04T22:05:32.543+0000][7][gc,start    ] GC(228) Pause Young (Normal) (G1 Evacuation Pause)
[2024-03-04T22:05:32.543+0000][7][gc,task     ] GC(228) Using 8 workers of 8 for evacuation
[2024-03-04T22:05:32.543+0000][7][gc,age      ] GC(228) Desired survivor size 41943040 bytes, new threshold 15 (max threshold 15)
[2024-03-04T22:05:32.546+0000][7][gc,phases   ] GC(228)   Pre Evacuate Collection Set: 0.1ms
[2024-03-04T22:05:32.546+0000][7][gc,phases   ] GC(228)   Merge Heap Roots: 0.1ms
[2024-03-04T22:05:32.546+0000][7][gc,phases   ] GC(228)   Evacuate Collection Set: 1.5ms
[2024-03-04T22:05:32.546+0000][7][gc,phases   ] GC(228)   Post Evacuate Collection Set: 0.7ms
[2024-03-04T22:05:32.546+0000][7][gc,phases   ] GC(228)   Other: 0.1ms
[2024-03-04T22:05:32.546+0000][7][gc,age      ] GC(228) Age table with threshold 15 (max threshold 15)
[2024-03-04T22:05:32.546+0000][7][gc,age      ] GC(228) - age   1:    1768976 bytes,    1768976 total
[2024-03-04T22:05:32.546+0000][7][gc,age      ] GC(228) - age   2:       2504 bytes,    1771480 total
[2024-03-04T22:05:32.546+0000][7][gc,age      ] GC(228) - age   3:       4112 bytes,    1775592 total
[2024-03-04T22:05:32.546+0000][7][gc,age      ] GC(228) - age   4:        208 bytes,    1775800 total
[2024-03-04T22:05:32.546+0000][7][gc,age      ] GC(228) - age   5:     139672 bytes,    1915472 total
[2024-03-04T22:05:32.546+0000][7][gc,age      ] GC(228) - age   7:     192920 bytes,    2108392 total
[2024-03-04T22:05:32.546+0000][7][gc,age      ] GC(228) - age   8:         24 bytes,    2108416 total
[2024-03-04T22:05:32.546+0000][7][gc,age      ] GC(228) - age   9:      20784 bytes,    2129200 total
[2024-03-04T22:05:32.546+0000][7][gc,age      ] GC(228) - age  10:      23480 bytes,    2152680 total
[2024-03-04T22:05:32.546+0000][7][gc,age      ] GC(228) - age  11:     109936 bytes,    2262616 total
[2024-03-04T22:05:32.546+0000][7][gc,age      ] GC(228) - age  12:        200 bytes,    2262816 total
[2024-03-04T22:05:32.546+0000][7][gc,age      ] GC(228) - age  13:      74488 bytes,    2337304 total
[2024-03-04T22:05:32.546+0000][7][gc,age      ] GC(228) - age  15:        152 bytes,    2337456 total
[2024-03-04T22:05:32.546+0000][7][gc,heap     ] GC(228) Eden regions: 152->0(152)
[2024-03-04T22:05:32.546+0000][7][gc,heap     ] GC(228) Survivor regions: 1->1(20)
[2024-03-04T22:05:32.546+0000][7][gc,heap     ] GC(228) Old regions: 23->23
[2024-03-04T22:05:32.546+0000][7][gc,heap     ] GC(228) Archive regions: 2->2
[2024-03-04T22:05:32.546+0000][7][gc,heap     ] GC(228) Humongous regions: 0->0
[2024-03-04T22:05:32.546+0000][7][gc,metaspace] GC(228) Metaspace: 127395K(130816K)->127395K(130816K) NonClass: 110813K(112640K)->110813K(112640K) Class: 16581K(18176K)->16581K(18176K)
[2024-03-04T22:05:32.546+0000][7][gc          ] GC(228) Pause Young (Normal) (G1 Evacuation Pause) 704M->97M(1024M) 2.831ms
[2024-03-04T22:05:32.546+0000][7][gc,cpu      ] GC(228) User=0.01s Sys=0.00s Real=0.01s
[2024-03-04T22:05:32.546+0000][7][safepoint   ] Safepoint "G1CollectForAllocation", Time since last: 194093891838 ns, Reaching safepoint: 61105 ns, At safepoint: 2915436 ns, Total: 2976541 ns
[2024-03-04T22:07:06.557+0000][7][safepoint   ] Safepoint "Cleanup", Time since last: 94011382916 ns, Reaching safepoint: 98779 ns, At safepoint: 9918 ns, Total: 108697 ns
[2024-03-04T22:08:38.542+0000][7][gc,start    ] GC(229) Pause Young (Normal) (G1 Evacuation Pause)
[2024-03-04T22:08:38.542+0000][7][gc,task     ] GC(229) Using 8 workers of 8 for evacuation
[2024-03-04T22:08:38.542+0000][7][gc,age      ] GC(229) Desired survivor size 41943040 bytes, new threshold 15 (max threshold 15)
[2024-03-04T22:08:38.545+0000][7][gc,phases   ] GC(229)   Pre Evacuate Collection Set: 0.1ms
[2024-03-04T22:08:38.545+0000][7][gc,phases   ] GC(229)   Merge Heap Roots: 0.1ms
[2024-03-04T22:08:38.545+0000][7][gc,phases   ] GC(229)   Evacuate Collection Set: 1.1ms
[2024-03-04T22:08:38.545+0000][7][gc,phases   ] GC(229)   Post Evacuate Collection Set: 0.8ms
[2024-03-04T22:08:38.545+0000][7][gc,phases   ] GC(229)   Other: 0.1ms
[2024-03-04T22:08:38.545+0000][7][gc,age      ] GC(229) Age table with threshold 15 (max threshold 15)
[2024-03-04T22:08:38.545+0000][7][gc,age      ] GC(229) - age   1:     817768 bytes,     817768 total
[2024-03-04T22:08:38.545+0000][7][gc,age      ] GC(229) - age   2:      11976 bytes,     829744 total
[2024-03-04T22:08:38.545+0000][7][gc,age      ] GC(229) - age   3:        992 bytes,     830736 total
[2024-03-04T22:08:38.545+0000][7][gc,age      ] GC(229) - age   4:        656 bytes,     831392 total
[2024-03-04T22:08:38.545+0000][7][gc,age      ] GC(229) - age   5:        184 bytes,     831576 total
[2024-03-04T22:08:38.545+0000][7][gc,age      ] GC(229) - age   6:     139672 bytes,     971248 total
[2024-03-04T22:08:38.545+0000][7][gc,age      ] GC(229) - age   8:     192920 bytes,    1164168 total
[2024-03-04T22:08:38.545+0000][7][gc,age      ] GC(229) - age   9:         24 bytes,    1164192 total
[2024-03-04T22:08:38.545+0000][7][gc,age      ] GC(229) - age  10:      20784 bytes,    1184976 total
[2024-03-04T22:08:38.545+0000][7][gc,age      ] GC(229) - age  11:      23480 bytes,    1208456 total
[2024-03-04T22:08:38.545+0000][7][gc,age      ] GC(229) - age  12:     109936 bytes,    1318392 total
[2024-03-04T22:08:38.545+0000][7][gc,age      ] GC(229) - age  13:        200 bytes,    1318592 total
[2024-03-04T22:08:38.545+0000][7][gc,age      ] GC(229) - age  14:      74488 bytes,    1393080 total
[2024-03-04T22:08:38.545+0000][7][gc,heap     ] GC(229) Eden regions: 152->0(152)
[2024-03-04T22:08:38.545+0000][7][gc,heap     ] GC(229) Survivor regions: 1->1(20)
[2024-03-04T22:08:38.545+0000][7][gc,heap     ] GC(229) Old regions: 23->23
[2024-03-04T22:08:38.545+0000][7][gc,heap     ] GC(229) Archive regions: 2->2
[2024-03-04T22:08:38.545+0000][7][gc,heap     ] GC(229) Humongous regions: 0->0
[2024-03-04T22:08:38.545+0000][7][gc,metaspace] GC(229) Metaspace: 127402K(130816K)->127402K(130816K) NonClass: 110820K(112640K)->110820K(112640K) Class: 16581K(18176K)->16581K(18176K)
[2024-03-04T22:08:38.545+0000][7][gc          ] GC(229) Pause Young (Normal) (G1 Evacuation Pause) 705M->97M(1024M) 2.503ms
[2024-03-04T22:08:38.545+0000][7][gc,cpu      ] GC(229) User=0.02s Sys=0.01s Real=0.01s
[2024-03-04T22:08:38.545+0000][7][safepoint   ] Safepoint "G1CollectForAllocation", Time since last: 91984992672 ns, Reaching safepoint: 80662 ns, At safepoint: 2589541 ns, Total: 2670203 ns
[2024-03-04T22:09:06.549+0000][7][safepoint   ] Safepoint "Cleanup", Time since last: 28003488988 ns, Reaching safepoint: 140220 ns, At safepoint: 37035 ns, Total: 177255 ns
[2024-03-04T22:11:51.084+0000][7][gc,start    ] GC(230) Pause Young (Normal) (G1 Evacuation Pause)
[2024-03-04T22:11:51.084+0000][7][gc,task     ] GC(230) Using 8 workers of 8 for evacuation
[2024-03-04T22:11:51.084+0000][7][gc,age      ] GC(230) Desired survivor size 41943040 bytes, new threshold 15 (max threshold 15)
[2024-03-04T22:11:51.088+0000][7][gc,phases   ] GC(230)   Pre Evacuate Collection Set: 0.2ms
[2024-03-04T22:11:51.088+0000][7][gc,phases   ] GC(230)   Merge Heap Roots: 0.1ms
[2024-03-04T22:11:51.088+0000][7][gc,phases   ] GC(230)   Evacuate Collection Set: 2.6ms
[2024-03-04T22:11:51.088+0000][7][gc,phases   ] GC(230)   Post Evacuate Collection Set: 0.8ms
[2024-03-04T22:11:51.088+0000][7][gc,phases   ] GC(230)   Other: 0.1ms
[2024-03-04T22:11:51.088+0000][7][gc,age      ] GC(230) Age table with threshold 15 (max threshold 15)
[2024-03-04T22:11:51.088+0000][7][gc,age      ] GC(230) - age   1:    1626712 bytes,    1626712 total
[2024-03-04T22:11:51.088+0000][7][gc,age      ] GC(230) - age   2:       8624 bytes,    1635336 total
[2024-03-04T22:11:51.088+0000][7][gc,age      ] GC(230) - age   3:       8656 bytes,    1643992 total
[2024-03-04T22:11:51.088+0000][7][gc,age      ] GC(230) - age   4:        280 bytes,    1644272 total
[2024-03-04T22:11:51.088+0000][7][gc,age      ] GC(230) - age   5:        472 bytes,    1644744 total
[2024-03-04T22:11:51.088+0000][7][gc,age      ] GC(230) - age   6:        184 bytes,    1644928 total
[2024-03-04T22:11:51.088+0000][7][gc,age      ] GC(230) - age   7:     139640 bytes,    1784568 total
[2024-03-04T22:11:51.088+0000][7][gc,age      ] GC(230) - age   9:     192920 bytes,    1977488 total
[2024-03-04T22:11:51.088+0000][7][gc,age      ] GC(230) - age  10:         24 bytes,    1977512 total
[2024-03-04T22:11:51.088+0000][7][gc,age      ] GC(230) - age  11:      20784 bytes,    1998296 total
[2024-03-04T22:11:51.088+0000][7][gc,age      ] GC(230) - age  12:      23480 bytes,    2021776 total
[2024-03-04T22:11:51.088+0000][7][gc,age      ] GC(230) - age  13:     109936 bytes,    2131712 total
[2024-03-04T22:11:51.088+0000][7][gc,age      ] GC(230) - age  14:        200 bytes,    2131912 total
[2024-03-04T22:11:51.088+0000][7][gc,age      ] GC(230) - age  15:      74488 bytes,    2206400 total
[2024-03-04T22:11:51.088+0000][7][gc,heap     ] GC(230) Eden regions: 152->0(152)
[2024-03-04T22:11:51.088+0000][7][gc,heap     ] GC(230) Survivor regions: 1->1(20)
[2024-03-04T22:11:51.088+0000][7][gc,heap     ] GC(230) Old regions: 23->23
[2024-03-04T22:11:51.088+0000][7][gc,heap     ] GC(230) Archive regions: 2->2
[2024-03-04T22:11:51.088+0000][7][gc,heap     ] GC(230) Humongous regions: 0->0
[2024-03-04T22:11:51.088+0000][7][gc,metaspace] GC(230) Metaspace: 127405K(130816K)->127405K(130816K) NonClass: 110823K(112640K)->110823K(112640K) Class: 16581K(18176K)->16581K(18176K)
[2024-03-04T22:11:51.088+0000][7][gc          ] GC(230) Pause Young (Normal) (G1 Evacuation Pause) 705M->97M(1024M) 4.288ms
[2024-03-04T22:11:51.088+0000][7][gc,cpu      ] GC(230) User=0.01s Sys=0.00s Real=0.01s
[2024-03-04T22:11:51.088+0000][7][safepoint   ] Safepoint "G1CollectForAllocation", Time since last: 164535220918 ns, Reaching safepoint: 41490 ns, At safepoint: 4394276 ns, Total: 4435766 ns
[2024-03-04T22:14:56.574+0000][7][gc,start    ] GC(231) Pause Young (Normal) (G1 Evacuation Pause)
[2024-03-04T22:14:56.574+0000][7][gc,task     ] GC(231) Using 8 workers of 8 for evacuation
[2024-03-04T22:14:56.574+0000][7][gc,age      ] GC(231) Desired survivor size 41943040 bytes, new threshold 15 (max threshold 15)
[2024-03-04T22:14:56.576+0000][7][gc,phases   ] GC(231)   Pre Evacuate Collection Set: 0.1ms
[2024-03-04T22:14:56.576+0000][7][gc,phases   ] GC(231)   Merge Heap Roots: 0.1ms
[2024-03-04T22:14:56.576+0000][7][gc,phases   ] GC(231)   Evacuate Collection Set: 1.3ms
[2024-03-04T22:14:56.576+0000][7][gc,phases   ] GC(231)   Post Evacuate Collection Set: 0.7ms
[2024-03-04T22:14:56.576+0000][7][gc,phases   ] GC(231)   Other: 0.1ms
[2024-03-04T22:14:56.576+0000][7][gc,age      ] GC(231) Age table with threshold 15 (max threshold 15)
[2024-03-04T22:14:56.576+0000][7][gc,age      ] GC(231) - age   1:     977432 bytes,     977432 total
[2024-03-04T22:14:56.576+0000][7][gc,age      ] GC(231) - age   2:       3712 bytes,     981144 total
[2024-03-04T22:14:56.576+0000][7][gc,age      ] GC(231) - age   3:       7272 bytes,     988416 total
[2024-03-04T22:14:56.576+0000][7][gc,age      ] GC(231) - age   4:        448 bytes,     988864 total
[2024-03-04T22:14:56.576+0000][7][gc,age      ] GC(231) - age   5:         96 bytes,     988960 total
[2024-03-04T22:14:56.576+0000][7][gc,age      ] GC(231) - age   6:         80 bytes,     989040 total
[2024-03-04T22:14:56.576+0000][7][gc,age      ] GC(231) - age   7:        184 bytes,     989224 total
[2024-03-04T22:14:56.576+0000][7][gc,age      ] GC(231) - age   8:     139640 bytes,    1128864 total
[2024-03-04T22:14:56.576+0000][7][gc,age      ] GC(231) - age  10:     192920 bytes,    1321784 total
[2024-03-04T22:14:56.576+0000][7][gc,age      ] GC(231) - age  11:         24 bytes,    1321808 total
[2024-03-04T22:14:56.576+0000][7][gc,age      ] GC(231) - age  12:      20784 bytes,    1342592 total
[2024-03-04T22:14:56.576+0000][7][gc,age      ] GC(231) - age  13:      23480 bytes,    1366072 total
[2024-03-04T22:14:56.576+0000][7][gc,age      ] GC(231) - age  14:     109936 bytes,    1476008 total
[2024-03-04T22:14:56.576+0000][7][gc,age      ] GC(231) - age  15:        200 bytes,    1476208 total
[2024-03-04T22:14:56.576+0000][7][gc,heap     ] GC(231) Eden regions: 152->0(152)
[2024-03-04T22:14:56.576+0000][7][gc,heap     ] GC(231) Survivor regions: 1->1(20)
[2024-03-04T22:14:56.576+0000][7][gc,heap     ] GC(231) Old regions: 23->23
[2024-03-04T22:14:56.576+0000][7][gc,heap     ] GC(231) Archive regions: 2->2
[2024-03-04T22:14:56.576+0000][7][gc,heap     ] GC(231) Humongous regions: 0->0
[2024-03-04T22:14:56.576+0000][7][gc,metaspace] GC(231) Metaspace: 127406K(130816K)->127406K(130816K) NonClass: 110824K(112640K)->110824K(112640K) Class: 16581K(18176K)->16581K(18176K)
[2024-03-04T22:14:56.576+0000][7][gc          ] GC(231) Pause Young (Normal) (G1 Evacuation Pause) 705M->97M(1024M) 2.536ms
[2024-03-04T22:14:56.576+0000][7][gc,cpu      ] GC(231) User=0.01s Sys=0.00s Real=0.00s
[2024-03-04T22:14:56.576+0000][7][safepoint   ] Safepoint "G1CollectForAllocation", Time since last: 185485291246 ns, Reaching safepoint: 42907 ns, At safepoint: 2623836 ns, Total: 2666743 ns
[2024-03-04T22:16:06.972+0000][7][safepoint   ] Safepoint "Cleanup", Time since last: 70396098053 ns, Reaching safepoint: 118885 ns, At safepoint: 16003 ns, Total: 134888 ns
[2024-03-04T22:17:05.981+0000][7][safepoint   ] Safepoint "Cleanup", Time since last: 59008104019 ns, Reaching safepoint: 108827 ns, At safepoint: 15866 ns, Total: 124693 ns
[2024-03-04T22:18:03.074+0000][7][gc,start    ] GC(232) Pause Young (Normal) (G1 Evacuation Pause)
[2024-03-04T22:18:03.074+0000][7][gc,task     ] GC(232) Using 8 workers of 8 for evacuation
[2024-03-04T22:18:03.074+0000][7][gc,age      ] GC(232) Desired survivor size 41943040 bytes, new threshold 15 (max threshold 15)
[2024-03-04T22:18:03.075+0000][7][gc,phases   ] GC(232)   Pre Evacuate Collection Set: 0.1ms
[2024-03-04T22:18:03.076+0000][7][gc,phases   ] GC(232)   Merge Heap Roots: 0.0ms
[2024-03-04T22:18:03.076+0000][7][gc,phases   ] GC(232)   Evacuate Collection Set: 1.0ms
[2024-03-04T22:18:03.076+0000][7][gc,phases   ] GC(232)   Post Evacuate Collection Set: 0.6ms
[2024-03-04T22:18:03.076+0000][7][gc,phases   ] GC(232)   Other: 0.1ms
[2024-03-04T22:18:03.076+0000][7][gc,age      ] GC(232) Age table with threshold 15 (max threshold 15)
[2024-03-04T22:18:03.076+0000][7][gc,age      ] GC(232) - age   1:    1836936 bytes,    1836936 total
[2024-03-04T22:18:03.076+0000][7][gc,age      ] GC(232) - age   2:       2336 bytes,    1839272 total
[2024-03-04T22:18:03.076+0000][7][gc,age      ] GC(232) - age   3:       1160 bytes,    1840432 total
[2024-03-04T22:18:03.076+0000][7][gc,age      ] GC(232) - age   4:       3408 bytes,    1843840 total
[2024-03-04T22:18:03.076+0000][7][gc,age      ] GC(232) - age   5:        384 bytes,    1844224 total
[2024-03-04T22:18:03.076+0000][7][gc,age      ] GC(232) - age   6:         96 bytes,    1844320 total
[2024-03-04T22:18:03.076+0000][7][gc,age      ] GC(232) - age   7:         80 bytes,    1844400 total
[2024-03-04T22:18:03.076+0000][7][gc,age      ] GC(232) - age   8:        184 bytes,    1844584 total
[2024-03-04T22:18:03.076+0000][7][gc,age      ] GC(232) - age   9:     139640 bytes,    1984224 total
[2024-03-04T22:18:03.076+0000][7][gc,age      ] GC(232) - age  11:     192736 bytes,    2176960 total
[2024-03-04T22:18:03.076+0000][7][gc,age      ] GC(232) - age  12:         24 bytes,    2176984 total
[2024-03-04T22:18:03.076+0000][7][gc,age      ] GC(232) - age  13:      20784 bytes,    2197768 total
[2024-03-04T22:18:03.076+0000][7][gc,age      ] GC(232) - age  14:      23480 bytes,    2221248 total
[2024-03-04T22:18:03.076+0000][7][gc,age      ] GC(232) - age  15:     109936 bytes,    2331184 total
[2024-03-04T22:18:03.076+0000][7][gc,heap     ] GC(232) Eden regions: 152->0(152)
[2024-03-04T22:18:03.076+0000][7][gc,heap     ] GC(232) Survivor regions: 1->1(20)
[2024-03-04T22:18:03.076+0000][7][gc,heap     ] GC(232) Old regions: 23->23
[2024-03-04T22:18:03.076+0000][7][gc,heap     ] GC(232) Archive regions: 2->2
[2024-03-04T22:18:03.076+0000][7][gc,heap     ] GC(232) Humongous regions: 0->0
[2024-03-04T22:18:03.076+0000][7][gc,metaspace] GC(232) Metaspace: 127406K(130816K)->127406K(130816K) NonClass: 110824K(112640K)->110824K(112640K) Class: 16581K(18176K)->16581K(18176K)
[2024-03-04T22:18:03.076+0000][7][gc          ] GC(232) Pause Young (Normal) (G1 Evacuation Pause) 705M->98M(1024M) 1.960ms
[2024-03-04T22:18:03.076+0000][7][gc,cpu      ] GC(232) User=0.01s Sys=0.00s Real=0.00s
[2024-03-04T22:18:03.076+0000][7][safepoint   ] Safepoint "G1CollectForAllocation", Time since last: 57092905672 ns, Reaching safepoint: 39599 ns, At safepoint: 2024709 ns, Total: 2064308 ns
[2024-03-04T22:21:20.013+0000][7][gc,start    ] GC(233) Pause Young (Normal) (G1 Evacuation Pause)
[2024-03-04T22:21:20.013+0000][7][gc,task     ] GC(233) Using 8 workers of 8 for evacuation
[2024-03-04T22:21:20.013+0000][7][gc,age      ] GC(233) Desired survivor size 41943040 bytes, new threshold 15 (max threshold 15)
[2024-03-04T22:21:20.016+0000][7][gc,phases   ] GC(233)   Pre Evacuate Collection Set: 0.2ms
[2024-03-04T22:21:20.016+0000][7][gc,phases   ] GC(233)   Merge Heap Roots: 0.1ms
[2024-03-04T22:21:20.016+0000][7][gc,phases   ] GC(233)   Evacuate Collection Set: 1.6ms
[2024-03-04T22:21:20.016+0000][7][gc,phases   ] GC(233)   Post Evacuate Collection Set: 0.9ms
[2024-03-04T22:21:20.016+0000][7][gc,phases   ] GC(233)   Other: 0.1ms
[2024-03-04T22:21:20.016+0000][7][gc,age      ] GC(233) Age table with threshold 15 (max threshold 15)
[2024-03-04T22:21:20.016+0000][7][gc,age      ] GC(233) - age   1:    1037328 bytes,    1037328 total
[2024-03-04T22:21:20.016+0000][7][gc,age      ] GC(233) - age   2:      15000 bytes,    1052328 total
[2024-03-04T22:21:20.016+0000][7][gc,age      ] GC(233) - age   3:        952 bytes,    1053280 total
[2024-03-04T22:21:20.016+0000][7][gc,age      ] GC(233) - age   4:        904 bytes,    1054184 total
[2024-03-04T22:21:20.016+0000][7][gc,age      ] GC(233) - age   5:       3408 bytes,    1057592 total
[2024-03-04T22:21:20.016+0000][7][gc,age      ] GC(233) - age   6:        384 bytes,    1057976 total
[2024-03-04T22:21:20.016+0000][7][gc,age      ] GC(233) - age   7:         96 bytes,    1058072 total
[2024-03-04T22:21:20.016+0000][7][gc,age      ] GC(233) - age   8:         80 bytes,    1058152 total
[2024-03-04T22:21:20.016+0000][7][gc,age      ] GC(233) - age  10:     139640 bytes,    1197792 total
[2024-03-04T22:21:20.016+0000][7][gc,age      ] GC(233) - age  12:     192736 bytes,    1390528 total
[2024-03-04T22:21:20.016+0000][7][gc,age      ] GC(233) - age  13:         24 bytes,    1390552 total
[2024-03-04T22:21:20.016+0000][7][gc,age      ] GC(233) - age  14:      20784 bytes,    1411336 total
[2024-03-04T22:21:20.016+0000][7][gc,age      ] GC(233) - age  15:      23480 bytes,    1434816 total
[2024-03-04T22:21:20.016+0000][7][gc,heap     ] GC(233) Eden regions: 152->0(152)
[2024-03-04T22:21:20.016+0000][7][gc,heap     ] GC(233) Survivor regions: 1->1(20)
[2024-03-04T22:21:20.016+0000][7][gc,heap     ] GC(233) Old regions: 23->23
[2024-03-04T22:21:20.016+0000][7][gc,heap     ] GC(233) Archive regions: 2->2
[2024-03-04T22:21:20.016+0000][7][gc,heap     ] GC(233) Humongous regions: 0->0
[2024-03-04T22:21:20.016+0000][7][gc,metaspace] GC(233) Metaspace: 127406K(130816K)->127406K(130816K) NonClass: 110824K(112640K)->110824K(112640K) Class: 16581K(18176K)->16581K(18176K)
[2024-03-04T22:21:20.016+0000][7][gc          ] GC(233) Pause Young (Normal) (G1 Evacuation Pause) 706M->97M(1024M) 3.166ms
[2024-03-04T22:21:20.016+0000][7][gc,cpu      ] GC(233) User=0.01s Sys=0.00s Real=0.00s
[2024-03-04T22:21:20.016+0000][7][safepoint   ] Safepoint "G1CollectForAllocation", Time since last: 196936963635 ns, Reaching safepoint: 72053 ns, At safepoint: 3261650 ns, Total: 3333703 ns
[2024-03-04T22:21:43.019+0000][7][safepoint   ] Safepoint "Cleanup", Time since last: 23002695748 ns, Reaching safepoint: 117207 ns, At safepoint: 9444 ns, Total: 126651 ns
[2024-03-04T22:22:51.027+0000][7][safepoint   ] Safepoint "Cleanup", Time since last: 68007764226 ns, Reaching safepoint: 72083 ns, At safepoint: 5845 ns, Total: 77928 ns
[2024-03-04T22:24:26.566+0000][7][gc,start    ] GC(234) Pause Young (Normal) (G1 Evacuation Pause)
[2024-03-04T22:24:26.566+0000][7][gc,task     ] GC(234) Using 8 workers of 8 for evacuation
[2024-03-04T22:24:26.566+0000][7][gc,age      ] GC(234) Desired survivor size 41943040 bytes, new threshold 15 (max threshold 15)
[2024-03-04T22:24:26.569+0000][7][gc,phases   ] GC(234)   Pre Evacuate Collection Set: 0.2ms
[2024-03-04T22:24:26.569+0000][7][gc,phases   ] GC(234)   Merge Heap Roots: 0.1ms
[2024-03-04T22:24:26.569+0000][7][gc,phases   ] GC(234)   Evacuate Collection Set: 1.2ms
[2024-03-04T22:24:26.569+0000][7][gc,phases   ] GC(234)   Post Evacuate Collection Set: 0.9ms
[2024-03-04T22:24:26.569+0000][7][gc,phases   ] GC(234)   Other: 0.2ms
[2024-03-04T22:24:26.569+0000][7][gc,age      ] GC(234) Age table with threshold 15 (max threshold 15)
[2024-03-04T22:24:26.569+0000][7][gc,age      ] GC(234) - age   1:     593040 bytes,     593040 total
[2024-03-04T22:24:26.569+0000][7][gc,age      ] GC(234) - age   2:       1440 bytes,     594480 total
[2024-03-04T22:24:26.569+0000][7][gc,age      ] GC(234) - age   3:       3584 bytes,     598064 total
[2024-03-04T22:24:26.569+0000][7][gc,age      ] GC(234) - age   4:        760 bytes,     598824 total
[2024-03-04T22:24:26.569+0000][7][gc,age      ] GC(234) - age   5:        216 bytes,     599040 total
[2024-03-04T22:24:26.569+0000][7][gc,age      ] GC(234) - age   6:       3384 bytes,     602424 total
[2024-03-04T22:24:26.569+0000][7][gc,age      ] GC(234) - age   8:         64 bytes,     602488 total
[2024-03-04T22:24:26.569+0000][7][gc,age      ] GC(234) - age   9:         80 bytes,     602568 total
[2024-03-04T22:24:26.569+0000][7][gc,age      ] GC(234) - age  11:     139640 bytes,     742208 total
[2024-03-04T22:24:26.569+0000][7][gc,age      ] GC(234) - age  13:     192736 bytes,     934944 total
[2024-03-04T22:24:26.569+0000][7][gc,age      ] GC(234) - age  14:         24 bytes,     934968 total
[2024-03-04T22:24:26.569+0000][7][gc,age      ] GC(234) - age  15:      20752 bytes,     955720 total
[2024-03-04T22:24:26.569+0000][7][gc,heap     ] GC(234) Eden regions: 152->0(152)
[2024-03-04T22:24:26.569+0000][7][gc,heap     ] GC(234) Survivor regions: 1->1(20)
[2024-03-04T22:24:26.569+0000][7][gc,heap     ] GC(234) Old regions: 23->23
[2024-03-04T22:24:26.569+0000][7][gc,heap     ] GC(234) Archive regions: 2->2
[2024-03-04T22:24:26.569+0000][7][gc,heap     ] GC(234) Humongous regions: 0->0
[2024-03-04T22:24:26.569+0000][7][gc,metaspace] GC(234) Metaspace: 127406K(130816K)->127406K(130816K) NonClass: 110824K(112640K)->110824K(112640K) Class: 16581K(18176K)->16581K(18176K)
[2024-03-04T22:24:26.569+0000][7][gc          ] GC(234) Pause Young (Normal) (G1 Evacuation Pause) 705M->96M(1024M) 2.917ms
[2024-03-04T22:24:26.569+0000][7][gc,cpu      ] GC(234) User=0.01s Sys=0.00s Real=0.00s
[2024-03-04T22:24:26.569+0000][7][safepoint   ] Safepoint "G1CollectForAllocation", Time since last: 95539510818 ns, Reaching safepoint: 54980 ns, At safepoint: 3030268 ns, Total: 3085248 ns
[2024-03-04T22:27:06.588+0000][7][safepoint   ] Safepoint "Cleanup", Time since last: 160018237675 ns, Reaching safepoint: 97420 ns, At safepoint: 11526 ns, Total: 108946 ns
[2024-03-04T22:27:38.619+0000][7][gc,start    ] GC(235) Pause Young (Normal) (G1 Evacuation Pause)
[2024-03-04T22:27:38.619+0000][7][gc,task     ] GC(235) Using 8 workers of 8 for evacuation
[2024-03-04T22:27:38.619+0000][7][gc,age      ] GC(235) Desired survivor size 41943040 bytes, new threshold 15 (max threshold 15)
[2024-03-04T22:27:38.621+0000][7][gc,phases   ] GC(235)   Pre Evacuate Collection Set: 0.1ms
[2024-03-04T22:27:38.621+0000][7][gc,phases   ] GC(235)   Merge Heap Roots: 0.1ms
[2024-03-04T22:27:38.621+0000][7][gc,phases   ] GC(235)   Evacuate Collection Set: 1.4ms
[2024-03-04T22:27:38.621+0000][7][gc,phases   ] GC(235)   Post Evacuate Collection Set: 0.7ms
[2024-03-04T22:27:38.621+0000][7][gc,phases   ] GC(235)   Other: 0.1ms
[2024-03-04T22:27:38.621+0000][7][gc,age      ] GC(235) Age table with threshold 15 (max threshold 15)
[2024-03-04T22:27:38.621+0000][7][gc,age      ] GC(235) - age   1:    1382688 bytes,    1382688 total
[2024-03-04T22:27:38.621+0000][7][gc,age      ] GC(235) - age   2:       2136 bytes,    1384824 total
[2024-03-04T22:27:38.621+0000][7][gc,age      ] GC(235) - age   3:        184 bytes,    1385008 total
[2024-03-04T22:27:38.621+0000][7][gc,age      ] GC(235) - age   5:        368 bytes,    1385376 total
[2024-03-04T22:27:38.621+0000][7][gc,age      ] GC(235) - age   6:        216 bytes,    1385592 total
[2024-03-04T22:27:38.621+0000][7][gc,age      ] GC(235) - age   7:       3384 bytes,    1388976 total
[2024-03-04T22:27:38.621+0000][7][gc,age      ] GC(235) - age   9:         64 bytes,    1389040 total
[2024-03-04T22:27:38.621+0000][7][gc,age      ] GC(235) - age  10:         80 bytes,    1389120 total
[2024-03-04T22:27:38.621+0000][7][gc,age      ] GC(235) - age  12:     139640 bytes,    1528760 total
[2024-03-04T22:27:38.621+0000][7][gc,age      ] GC(235) - age  14:     192736 bytes,    1721496 total
[2024-03-04T22:27:38.621+0000][7][gc,age      ] GC(235) - age  15:         24 bytes,    1721520 total
[2024-03-04T22:27:38.621+0000][7][gc,heap     ] GC(235) Eden regions: 152->0(152)
[2024-03-04T22:27:38.621+0000][7][gc,heap     ] GC(235) Survivor regions: 1->1(20)
[2024-03-04T22:27:38.621+0000][7][gc,heap     ] GC(235) Old regions: 23->23
[2024-03-04T22:27:38.621+0000][7][gc,heap     ] GC(235) Archive regions: 2->2
[2024-03-04T22:27:38.621+0000][7][gc,heap     ] GC(235) Humongous regions: 0->0
[2024-03-04T22:27:38.621+0000][7][gc,metaspace] GC(235) Metaspace: 127406K(130816K)->127406K(130816K) NonClass: 110824K(112640K)->110824K(112640K) Class: 16581K(18176K)->16581K(18176K)
[2024-03-04T22:27:38.621+0000][7][gc          ] GC(235) Pause Young (Normal) (G1 Evacuation Pause) 704M->97M(1024M) 2.711ms
[2024-03-04T22:27:38.621+0000][7][gc,cpu      ] GC(235) User=0.01s Sys=0.00s Real=0.00s
[2024-03-04T22:27:38.621+0000][7][safepoint   ] Safepoint "G1CollectForAllocation", Time since last: 32031086766 ns, Reaching safepoint: 60389 ns, At safepoint: 2801084 ns, Total: 2861473 ns
[2024-03-04T22:30:38.774+0000][7][gc,start    ] GC(236) Pause Young (Normal) (G1 Evacuation Pause)
[2024-03-04T22:30:38.774+0000][7][gc,task     ] GC(236) Using 8 workers of 8 for evacuation
[2024-03-04T22:30:38.775+0000][7][gc,age      ] GC(236) Desired survivor size 41943040 bytes, new threshold 15 (max threshold 15)
[2024-03-04T22:30:38.777+0000][7][gc,phases   ] GC(236)   Pre Evacuate Collection Set: 0.1ms
[2024-03-04T22:30:38.777+0000][7][gc,phases   ] GC(236)   Merge Heap Roots: 0.1ms
[2024-03-04T22:30:38.777+0000][7][gc,phases   ] GC(236)   Evacuate Collection Set: 1.3ms
[2024-03-04T22:30:38.777+0000][7][gc,phases   ] GC(236)   Post Evacuate Collection Set: 0.8ms
[2024-03-04T22:30:38.777+0000][7][gc,phases   ] GC(236)   Other: 0.1ms
[2024-03-04T22:30:38.777+0000][7][gc,age      ] GC(236) Age table with threshold 15 (max threshold 15)
[2024-03-04T22:30:38.777+0000][7][gc,age      ] GC(236) - age   1:    1011488 bytes,    1011488 total
[2024-03-04T22:30:38.777+0000][7][gc,age      ] GC(236) - age   2:      14664 bytes,    1026152 total
[2024-03-04T22:30:38.777+0000][7][gc,age      ] GC(236) - age   3:       1504 bytes,    1027656 total
[2024-03-04T22:30:38.777+0000][7][gc,age      ] GC(236) - age   4:        184 bytes,    1027840 total
[2024-03-04T22:30:38.777+0000][7][gc,age      ] GC(236) - age   6:        184 bytes,    1028024 total
[2024-03-04T22:30:38.777+0000][7][gc,age      ] GC(236) - age   7:        216 bytes,    1028240 total
[2024-03-04T22:30:38.777+0000][7][gc,age      ] GC(236) - age   8:       3384 bytes,    1031624 total
[2024-03-04T22:30:38.777+0000][7][gc,age      ] GC(236) - age  10:         64 bytes,    1031688 total
[2024-03-04T22:30:38.777+0000][7][gc,age      ] GC(236) - age  11:         80 bytes,    1031768 total
[2024-03-04T22:30:38.777+0000][7][gc,age      ] GC(236) - age  13:     139640 bytes,    1171408 total
[2024-03-04T22:30:38.777+0000][7][gc,age      ] GC(236) - age  15:     192696 bytes,    1364104 total
[2024-03-04T22:30:38.777+0000][7][gc,heap     ] GC(236) Eden regions: 152->0(152)
[2024-03-04T22:30:38.777+0000][7][gc,heap     ] GC(236) Survivor regions: 1->1(20)
[2024-03-04T22:30:38.777+0000][7][gc,heap     ] GC(236) Old regions: 23->23
[2024-03-04T22:30:38.777+0000][7][gc,heap     ] GC(236) Archive regions: 2->2
[2024-03-04T22:30:38.777+0000][7][gc,heap     ] GC(236) Humongous regions: 0->0
[2024-03-04T22:30:38.777+0000][7][gc,metaspace] GC(236) Metaspace: 127409K(130816K)->127409K(130816K) NonClass: 110827K(112640K)->110827K(112640K) Class: 16581K(18176K)->16581K(18176K)
[2024-03-04T22:30:38.777+0000][7][gc          ] GC(236) Pause Young (Normal) (G1 Evacuation Pause) 705M->97M(1024M) 2.758ms
[2024-03-04T22:30:38.777+0000][7][gc,cpu      ] GC(236) User=0.02s Sys=0.00s Real=0.01s
[2024-03-04T22:30:38.777+0000][7][safepoint   ] Safepoint "G1CollectForAllocation", Time since last: 180152807877 ns, Reaching safepoint: 82834 ns, At safepoint: 2857709 ns, Total: 2940543 ns
[2024-03-04T22:33:53.599+0000][7][gc,start    ] GC(237) Pause Young (Normal) (G1 Evacuation Pause)
[2024-03-04T22:33:53.599+0000][7][gc,task     ] GC(237) Using 8 workers of 8 for evacuation
[2024-03-04T22:33:53.599+0000][7][gc,age      ] GC(237) Desired survivor size 41943040 bytes, new threshold 15 (max threshold 15)
[2024-03-04T22:33:53.602+0000][7][gc,phases   ] GC(237)   Pre Evacuate Collection Set: 0.1ms
[2024-03-04T22:33:53.602+0000][7][gc,phases   ] GC(237)   Merge Heap Roots: 0.1ms
[2024-03-04T22:33:53.602+0000][7][gc,phases   ] GC(237)   Evacuate Collection Set: 1.8ms
[2024-03-04T22:33:53.602+0000][7][gc,phases   ] GC(237)   Post Evacuate Collection Set: 0.9ms
[2024-03-04T22:33:53.602+0000][7][gc,phases   ] GC(237)   Other: 0.1ms
[2024-03-04T22:33:53.602+0000][7][gc,age      ] GC(237) Age table with threshold 15 (max threshold 15)
[2024-03-04T22:33:53.602+0000][7][gc,age      ] GC(237) - age   1:    1607024 bytes,    1607024 total
[2024-03-04T22:33:53.602+0000][7][gc,age      ] GC(237) - age   2:      89176 bytes,    1696200 total
[2024-03-04T22:33:53.602+0000][7][gc,age      ] GC(237) - age   3:      12384 bytes,    1708584 total
[2024-03-04T22:33:53.602+0000][7][gc,age      ] GC(237) - age   4:        472 bytes,    1709056 total
[2024-03-04T22:33:53.602+0000][7][gc,age      ] GC(237) - age   5:        184 bytes,    1709240 total
[2024-03-04T22:33:53.602+0000][7][gc,age      ] GC(237) - age   7:        184 bytes,    1709424 total
[2024-03-04T22:33:53.602+0000][7][gc,age      ] GC(237) - age   8:        184 bytes,    1709608 total
[2024-03-04T22:33:53.602+0000][7][gc,age      ] GC(237) - age   9:       3200 bytes,    1712808 total
[2024-03-04T22:33:53.602+0000][7][gc,age      ] GC(237) - age  11:         64 bytes,    1712872 total
[2024-03-04T22:33:53.602+0000][7][gc,age      ] GC(237) - age  12:         80 bytes,    1712952 total
[2024-03-04T22:33:53.602+0000][7][gc,age      ] GC(237) - age  14:     139640 bytes,    1852592 total
[2024-03-04T22:33:53.602+0000][7][gc,heap     ] GC(237) Eden regions: 152->0(152)
[2024-03-04T22:33:53.602+0000][7][gc,heap     ] GC(237) Survivor regions: 1->1(20)
[2024-03-04T22:33:53.602+0000][7][gc,heap     ] GC(237) Old regions: 23->24
[2024-03-04T22:33:53.602+0000][7][gc,heap     ] GC(237) Archive regions: 2->2
[2024-03-04T22:33:53.602+0000][7][gc,heap     ] GC(237) Humongous regions: 0->0
[2024-03-04T22:33:53.602+0000][7][gc,metaspace] GC(237) Metaspace: 127413K(130816K)->127413K(130816K) NonClass: 110831K(112640K)->110831K(112640K) Class: 16581K(18176K)->16581K(18176K)
[2024-03-04T22:33:53.602+0000][7][gc          ] GC(237) Pause Young (Normal) (G1 Evacuation Pause) 705M->97M(1024M) 3.357ms
[2024-03-04T22:33:53.602+0000][7][gc,cpu      ] GC(237) User=0.01s Sys=0.00s Real=0.00s
[2024-03-04T22:33:53.602+0000][7][safepoint   ] Safepoint "G1CollectForAllocation", Time since last: 194821701808 ns, Reaching safepoint: 82996 ns, At safepoint: 3459234 ns, Total: 3542230 ns
[2024-03-04T22:37:02.642+0000][7][gc,start    ] GC(238) Pause Young (Normal) (G1 Evacuation Pause)
[2024-03-04T22:37:02.642+0000][7][gc,task     ] GC(238) Using 8 workers of 8 for evacuation
[2024-03-04T22:37:02.642+0000][7][gc,age      ] GC(238) Desired survivor size 41943040 bytes, new threshold 15 (max threshold 15)
[2024-03-04T22:37:02.644+0000][7][gc,phases   ] GC(238)   Pre Evacuate Collection Set: 0.1ms
[2024-03-04T22:37:02.644+0000][7][gc,phases   ] GC(238)   Merge Heap Roots: 0.1ms
[2024-03-04T22:37:02.644+0000][7][gc,phases   ] GC(238)   Evacuate Collection Set: 0.9ms
[2024-03-04T22:37:02.644+0000][7][gc,phases   ] GC(238)   Post Evacuate Collection Set: 0.6ms
[2024-03-04T22:37:02.644+0000][7][gc,phases   ] GC(238)   Other: 0.1ms
[2024-03-04T22:37:02.644+0000][7][gc,age      ] GC(238) Age table with threshold 15 (max threshold 15)
[2024-03-04T22:37:02.644+0000][7][gc,age      ] GC(238) - age   1:     711256 bytes,     711256 total
[2024-03-04T22:37:02.644+0000][7][gc,age      ] GC(238) - age   2:     114912 bytes,     826168 total
[2024-03-04T22:37:02.644+0000][7][gc,age      ] GC(238) - age   3:      87088 bytes,     913256 total
[2024-03-04T22:37:02.644+0000][7][gc,age      ] GC(238) - age   4:       8616 bytes,     921872 total
[2024-03-04T22:37:02.644+0000][7][gc,age      ] GC(238) - age   5:        416 bytes,     922288 total
[2024-03-04T22:37:02.644+0000][7][gc,age      ] GC(238) - age   6:        184 bytes,     922472 total
[2024-03-04T22:37:02.644+0000][7][gc,age      ] GC(238) - age   8:        184 bytes,     922656 total
[2024-03-04T22:37:02.644+0000][7][gc,age      ] GC(238) - age   9:        184 bytes,     922840 total
[2024-03-04T22:37:02.644+0000][7][gc,age      ] GC(238) - age  10:       3200 bytes,     926040 total
[2024-03-04T22:37:02.644+0000][7][gc,age      ] GC(238) - age  12:         64 bytes,     926104 total
[2024-03-04T22:37:02.644+0000][7][gc,age      ] GC(238) - age  13:         80 bytes,     926184 total
[2024-03-04T22:37:02.644+0000][7][gc,age      ] GC(238) - age  15:     139640 bytes,    1065824 total
[2024-03-04T22:37:02.644+0000][7][gc,heap     ] GC(238) Eden regions: 152->0(152)
[2024-03-04T22:37:02.644+0000][7][gc,heap     ] GC(238) Survivor regions: 1->1(20)
[2024-03-04T22:37:02.644+0000][7][gc,heap     ] GC(238) Old regions: 24->24
[2024-03-04T22:37:02.644+0000][7][gc,heap     ] GC(238) Archive regions: 2->2
[2024-03-04T22:37:02.644+0000][7][gc,heap     ] GC(238) Humongous regions: 0->0
[2024-03-04T22:37:02.644+0000][7][gc,metaspace] GC(238) Metaspace: 127413K(130816K)->127413K(130816K) NonClass: 110831K(112640K)->110831K(112640K) Class: 16581K(18176K)->16581K(18176K)
[2024-03-04T22:37:02.644+0000][7][gc          ] GC(238) Pause Young (Normal) (G1 Evacuation Pause) 705M->97M(1024M) 2.084ms
[2024-03-04T22:37:02.644+0000][7][gc,cpu      ] GC(238) User=0.01s Sys=0.00s Real=0.00s
[2024-03-04T22:37:02.644+0000][7][safepoint   ] Safepoint "G1CollectForAllocation", Time since last: 189039630661 ns, Reaching safepoint: 49871 ns, At safepoint: 2169728 ns, Total: 2219599 ns
[2024-03-04T22:40:08.636+0000][7][gc,start    ] GC(239) Pause Young (Normal) (G1 Evacuation Pause)
[2024-03-04T22:40:08.636+0000][7][gc,task     ] GC(239) Using 8 workers of 8 for evacuation
[2024-03-04T22:40:08.636+0000][7][gc,age      ] GC(239) Desired survivor size 41943040 bytes, new threshold 15 (max threshold 15)
[2024-03-04T22:40:08.639+0000][7][gc,phases   ] GC(239)   Pre Evacuate Collection Set: 0.1ms
[2024-03-04T22:40:08.639+0000][7][gc,phases   ] GC(239)   Merge Heap Roots: 0.1ms
[2024-03-04T22:40:08.639+0000][7][gc,phases   ] GC(239)   Evacuate Collection Set: 1.6ms
[2024-03-04T22:40:08.639+0000][7][gc,phases   ] GC(239)   Post Evacuate Collection Set: 0.9ms
[2024-03-04T22:40:08.639+0000][7][gc,phases   ] GC(239)   Other: 0.1ms
[2024-03-04T22:40:08.639+0000][7][gc,age      ] GC(239) Age table with threshold 15 (max threshold 15)
[2024-03-04T22:40:08.639+0000][7][gc,age      ] GC(239) - age   1:    1605072 bytes,    1605072 total
[2024-03-04T22:40:08.639+0000][7][gc,age      ] GC(239) - age   2:      53344 bytes,    1658416 total
[2024-03-04T22:40:08.639+0000][7][gc,age      ] GC(239) - age   3:     111520 bytes,    1769936 total
[2024-03-04T22:40:08.639+0000][7][gc,age      ] GC(239) - age   4:      86576 bytes,    1856512 total
[2024-03-04T22:40:08.639+0000][7][gc,age      ] GC(239) - age   5:       8616 bytes,    1865128 total
[2024-03-04T22:40:08.639+0000][7][gc,age      ] GC(239) - age   6:        416 bytes,    1865544 total
[2024-03-04T22:40:08.639+0000][7][gc,age      ] GC(239) - age   7:        184 bytes,    1865728 total
[2024-03-04T22:40:08.639+0000][7][gc,age      ] GC(239) - age   9:        184 bytes,    1865912 total
[2024-03-04T22:40:08.639+0000][7][gc,age      ] GC(239) - age  10:        184 bytes,    1866096 total
[2024-03-04T22:40:08.639+0000][7][gc,age      ] GC(239) - age  11:       3200 bytes,    1869296 total
[2024-03-04T22:40:08.639+0000][7][gc,age      ] GC(239) - age  13:         64 bytes,    1869360 total
[2024-03-04T22:40:08.639+0000][7][gc,age      ] GC(239) - age  14:         80 bytes,    1869440 total
[2024-03-04T22:40:08.639+0000][7][gc,heap     ] GC(239) Eden regions: 152->0(152)
[2024-03-04T22:40:08.639+0000][7][gc,heap     ] GC(239) Survivor regions: 1->1(20)
[2024-03-04T22:40:08.639+0000][7][gc,heap     ] GC(239) Old regions: 24->24
[2024-03-04T22:40:08.639+0000][7][gc,heap     ] GC(239) Archive regions: 2->2
[2024-03-04T22:40:08.639+0000][7][gc,heap     ] GC(239) Humongous regions: 0->0
[2024-03-04T22:40:08.639+0000][7][gc,metaspace] GC(239) Metaspace: 127415K(130816K)->127415K(130816K) NonClass: 110833K(112640K)->110833K(112640K) Class: 16581K(18176K)->16581K(18176K)
[2024-03-04T22:40:08.639+0000][7][gc          ] GC(239) Pause Young (Normal) (G1 Evacuation Pause) 705M->98M(1024M) 3.076ms
[2024-03-04T22:40:08.639+0000][7][gc,cpu      ] GC(239) User=0.01s Sys=0.00s Real=0.01s
[2024-03-04T22:40:08.639+0000][7][safepoint   ] Safepoint "G1CollectForAllocation", Time since last: 185991399908 ns, Reaching safepoint: 52437 ns, At safepoint: 3171398 ns, Total: 3223835 ns
[2024-03-04T22:43:15.631+0000][7][gc,start    ] GC(240) Pause Young (Normal) (G1 Evacuation Pause)
[2024-03-04T22:43:15.631+0000][7][gc,task     ] GC(240) Using 8 workers of 8 for evacuation
[2024-03-04T22:43:15.631+0000][7][gc,age      ] GC(240) Desired survivor size 41943040 bytes, new threshold 15 (max threshold 15)
[2024-03-04T22:43:15.633+0000][7][gc,phases   ] GC(240)   Pre Evacuate Collection Set: 0.1ms
[2024-03-04T22:43:15.633+0000][7][gc,phases   ] GC(240)   Merge Heap Roots: 0.1ms
[2024-03-04T22:43:15.633+0000][7][gc,phases   ] GC(240)   Evacuate Collection Set: 1.1ms
[2024-03-04T22:43:15.633+0000][7][gc,phases   ] GC(240)   Post Evacuate Collection Set: 0.9ms
[2024-03-04T22:43:15.633+0000][7][gc,phases   ] GC(240)   Other: 0.1ms
[2024-03-04T22:43:15.633+0000][7][gc,age      ] GC(240) Age table with threshold 15 (max threshold 15)
[2024-03-04T22:43:15.633+0000][7][gc,age      ] GC(240) - age   1:     612504 bytes,     612504 total
[2024-03-04T22:43:15.633+0000][7][gc,age      ] GC(240) - age   2:       2880 bytes,     615384 total
[2024-03-04T22:43:15.633+0000][7][gc,age      ] GC(240) - age   3:      51056 bytes,     666440 total
[2024-03-04T22:43:15.633+0000][7][gc,age      ] GC(240) - age   4:     110704 bytes,     777144 total
[2024-03-04T22:43:15.633+0000][7][gc,age      ] GC(240) - age   5:      86576 bytes,     863720 total
[2024-03-04T22:43:15.633+0000][7][gc,age      ] GC(240) - age   6:        208 bytes,     863928 total
[2024-03-04T22:43:15.633+0000][7][gc,age      ] GC(240) - age  11:        184 bytes,     864112 total
[2024-03-04T22:43:15.633+0000][7][gc,age      ] GC(240) - age  12:       3200 bytes,     867312 total
[2024-03-04T22:43:15.633+0000][7][gc,age      ] GC(240) - age  14:         64 bytes,     867376 total
[2024-03-04T22:43:15.633+0000][7][gc,age      ] GC(240) - age  15:         80 bytes,     867456 total
[2024-03-04T22:43:15.633+0000][7][gc,heap     ] GC(240) Eden regions: 152->0(152)
[2024-03-04T22:43:15.633+0000][7][gc,heap     ] GC(240) Survivor regions: 1->1(20)
[2024-03-04T22:43:15.633+0000][7][gc,heap     ] GC(240) Old regions: 24->24
[2024-03-04T22:43:15.633+0000][7][gc,heap     ] GC(240) Archive regions: 2->2
[2024-03-04T22:43:15.633+0000][7][gc,heap     ] GC(240) Humongous regions: 0->0
[2024-03-04T22:43:15.633+0000][7][gc,metaspace] GC(240) Metaspace: 127415K(130816K)->127415K(130816K) NonClass: 110833K(112640K)->110833K(112640K) Class: 16581K(18176K)->16581K(18176K)
[2024-03-04T22:43:15.633+0000][7][gc          ] GC(240) Pause Young (Normal) (G1 Evacuation Pause) 706M->97M(1024M) 2.589ms
[2024-03-04T22:43:15.633+0000][7][gc,cpu      ] GC(240) User=0.01s Sys=0.00s Real=0.00s
[2024-03-04T22:43:15.633+0000][7][safepoint   ] Safepoint "G1CollectForAllocation", Time since last: 186991703032 ns, Reaching safepoint: 92051 ns, At safepoint: 2693439 ns, Total: 2785490 ns
[2024-03-04T22:43:39.637+0000][7][safepoint   ] Safepoint "Cleanup", Time since last: 24003320397 ns, Reaching safepoint: 70368 ns, At safepoint: 45249 ns, Total: 115617 ns
[2024-03-04T22:45:06.647+0000][7][safepoint   ] Safepoint "Cleanup", Time since last: 87010471144 ns, Reaching safepoint: 111973 ns, At safepoint: 12949 ns, Total: 124922 ns
[2024-03-04T22:46:26.680+0000][7][gc,start    ] GC(241) Pause Young (Normal) (G1 Evacuation Pause)
[2024-03-04T22:46:26.680+0000][7][gc,task     ] GC(241) Using 8 workers of 8 for evacuation
[2024-03-04T22:46:26.680+0000][7][gc,age      ] GC(241) Desired survivor size 41943040 bytes, new threshold 15 (max threshold 15)
[2024-03-04T22:46:26.683+0000][7][gc,phases   ] GC(241)   Pre Evacuate Collection Set: 0.1ms
[2024-03-04T22:46:26.683+0000][7][gc,phases   ] GC(241)   Merge Heap Roots: 0.1ms
[2024-03-04T22:46:26.683+0000][7][gc,phases   ] GC(241)   Evacuate Collection Set: 1.5ms
[2024-03-04T22:46:26.683+0000][7][gc,phases   ] GC(241)   Post Evacuate Collection Set: 0.8ms
[2024-03-04T22:46:26.683+0000][7][gc,phases   ] GC(241)   Other: 0.1ms
[2024-03-04T22:46:26.683+0000][7][gc,age      ] GC(241) Age table with threshold 15 (max threshold 15)
[2024-03-04T22:46:26.683+0000][7][gc,age      ] GC(241) - age   1:    1943088 bytes,    1943088 total
[2024-03-04T22:46:26.683+0000][7][gc,age      ] GC(241) - age   2:       4160 bytes,    1947248 total
[2024-03-04T22:46:26.683+0000][7][gc,age      ] GC(241) - age   3:        496 bytes,    1947744 total
[2024-03-04T22:46:26.683+0000][7][gc,age      ] GC(241) - age   4:      51056 bytes,    1998800 total
[2024-03-04T22:46:26.683+0000][7][gc,age      ] GC(241) - age   5:     110640 bytes,    2109440 total
[2024-03-04T22:46:26.683+0000][7][gc,age      ] GC(241) - age   6:      86576 bytes,    2196016 total
[2024-03-04T22:46:26.683+0000][7][gc,age      ] GC(241) - age   7:        208 bytes,    2196224 total
[2024-03-04T22:46:26.683+0000][7][gc,age      ] GC(241) - age  12:        184 bytes,    2196408 total
[2024-03-04T22:46:26.683+0000][7][gc,age      ] GC(241) - age  13:       3200 bytes,    2199608 total
[2024-03-04T22:46:26.683+0000][7][gc,age      ] GC(241) - age  15:         64 bytes,    2199672 total
[2024-03-04T22:46:26.683+0000][7][gc,heap     ] GC(241) Eden regions: 152->0(152)
[2024-03-04T22:46:26.683+0000][7][gc,heap     ] GC(241) Survivor regions: 1->1(20)
[2024-03-04T22:46:26.683+0000][7][gc,heap     ] GC(241) Old regions: 24->24
[2024-03-04T22:46:26.683+0000][7][gc,heap     ] GC(241) Archive regions: 2->2
[2024-03-04T22:46:26.683+0000][7][gc,heap     ] GC(241) Humongous regions: 0->0
[2024-03-04T22:46:26.683+0000][7][gc,metaspace] GC(241) Metaspace: 127415K(130816K)->127415K(130816K) NonClass: 110833K(112640K)->110833K(112640K) Class: 16581K(18176K)->16581K(18176K)
[2024-03-04T22:46:26.683+0000][7][gc          ] GC(241) Pause Young (Normal) (G1 Evacuation Pause) 705M->98M(1024M) 2.935ms
[2024-03-04T22:46:26.683+0000][7][gc,cpu      ] GC(241) User=0.01s Sys=0.00s Real=0.00s
[2024-03-04T22:46:26.683+0000][7][safepoint   ] Safepoint "G1CollectForAllocation", Time since last: 80032159701 ns, Reaching safepoint: 124867 ns, At safepoint: 3023908 ns, Total: 3148775 ns
[2024-03-04T22:47:06.689+0000][7][safepoint   ] Safepoint "Cleanup", Time since last: 40005884795 ns, Reaching safepoint: 107519 ns, At safepoint: 10702 ns, Total: 118221 ns
[2024-03-04T22:49:38.662+0000][7][gc,start    ] GC(242) Pause Young (Normal) (G1 Evacuation Pause)
[2024-03-04T22:49:38.662+0000][7][gc,task     ] GC(242) Using 8 workers of 8 for evacuation
[2024-03-04T22:49:38.662+0000][7][gc,age      ] GC(242) Desired survivor size 41943040 bytes, new threshold 15 (max threshold 15)
[2024-03-04T22:49:38.663+0000][7][gc,phases   ] GC(242)   Pre Evacuate Collection Set: 0.1ms
[2024-03-04T22:49:38.663+0000][7][gc,phases   ] GC(242)   Merge Heap Roots: 0.1ms
[2024-03-04T22:49:38.663+0000][7][gc,phases   ] GC(242)   Evacuate Collection Set: 0.8ms
[2024-03-04T22:49:38.663+0000][7][gc,phases   ] GC(242)   Post Evacuate Collection Set: 0.5ms
[2024-03-04T22:49:38.663+0000][7][gc,phases   ] GC(242)   Other: 0.1ms
[2024-03-04T22:49:38.663+0000][7][gc,age      ] GC(242) Age table with threshold 15 (max threshold 15)
[2024-03-04T22:49:38.663+0000][7][gc,age      ] GC(242) - age   1:     731616 bytes,     731616 total
[2024-03-04T22:49:38.663+0000][7][gc,age      ] GC(242) - age   2:      11168 bytes,     742784 total
[2024-03-04T22:49:38.663+0000][7][gc,age      ] GC(242) - age   3:       2296 bytes,     745080 total
[2024-03-04T22:49:38.663+0000][7][gc,age      ] GC(242) - age   4:        120 bytes,     745200 total
[2024-03-04T22:49:38.663+0000][7][gc,age      ] GC(242) - age   5:      47600 bytes,     792800 total
[2024-03-04T22:49:38.663+0000][7][gc,age      ] GC(242) - age   6:     110576 bytes,     903376 total
[2024-03-04T22:49:38.663+0000][7][gc,age      ] GC(242) - age   7:      86576 bytes,     989952 total
[2024-03-04T22:49:38.663+0000][7][gc,age      ] GC(242) - age   8:        208 bytes,     990160 total
[2024-03-04T22:49:38.663+0000][7][gc,age      ] GC(242) - age  13:        184 bytes,     990344 total
[2024-03-04T22:49:38.663+0000][7][gc,age      ] GC(242) - age  14:       3200 bytes,     993544 total
[2024-03-04T22:49:38.663+0000][7][gc,heap     ] GC(242) Eden regions: 152->0(152)
[2024-03-04T22:49:38.663+0000][7][gc,heap     ] GC(242) Survivor regions: 1->1(20)
[2024-03-04T22:49:38.663+0000][7][gc,heap     ] GC(242) Old regions: 24->24
[2024-03-04T22:49:38.663+0000][7][gc,heap     ] GC(242) Archive regions: 2->2
[2024-03-04T22:49:38.663+0000][7][gc,heap     ] GC(242) Humongous regions: 0->0
[2024-03-04T22:49:38.663+0000][7][gc,metaspace] GC(242) Metaspace: 127415K(130816K)->127415K(130816K) NonClass: 110833K(112640K)->110833K(112640K) Class: 16581K(18176K)->16581K(18176K)
[2024-03-04T22:49:38.663+0000][7][gc          ] GC(242) Pause Young (Normal) (G1 Evacuation Pause) 706M->97M(1024M) 1.630ms
[2024-03-04T22:49:38.663+0000][7][gc,cpu      ] GC(242) User=0.01s Sys=0.00s Real=0.00s
[2024-03-04T22:49:38.663+0000][7][safepoint   ] Safepoint "G1CollectForAllocation", Time since last: 151972653927 ns, Reaching safepoint: 52445 ns, At safepoint: 1695626 ns, Total: 1748071 ns
[2024-03-04T22:51:54.681+0000][7][safepoint   ] Safepoint "Cleanup", Time since last: 136018010879 ns, Reaching safepoint: 70073 ns, At safepoint: 47685 ns, Total: 117758 ns
[2024-03-04T22:52:23.847+0000][7][gc,start    ] GC(243) Pause Young (Normal) (G1 Evacuation Pause)
[2024-03-04T22:52:23.847+0000][7][gc,task     ] GC(243) Using 8 workers of 8 for evacuation
[2024-03-04T22:52:23.847+0000][7][gc,age      ] GC(243) Desired survivor size 41943040 bytes, new threshold 15 (max threshold 15)
[2024-03-04T22:52:23.849+0000][7][gc,phases   ] GC(243)   Pre Evacuate Collection Set: 0.1ms
[2024-03-04T22:52:23.849+0000][7][gc,phases   ] GC(243)   Merge Heap Roots: 0.1ms
[2024-03-04T22:52:23.849+0000][7][gc,phases   ] GC(243)   Evacuate Collection Set: 1.0ms
[2024-03-04T22:52:23.849+0000][7][gc,phases   ] GC(243)   Post Evacuate Collection Set: 0.5ms
[2024-03-04T22:52:23.849+0000][7][gc,phases   ] GC(243)   Other: 0.1ms
[2024-03-04T22:52:23.849+0000][7][gc,age      ] GC(243) Age table with threshold 15 (max threshold 15)
[2024-03-04T22:52:23.849+0000][7][gc,age      ] GC(243) - age   1:    2032088 bytes,    2032088 total
[2024-03-04T22:52:23.849+0000][7][gc,age      ] GC(243) - age   2:       5096 bytes,    2037184 total
[2024-03-04T22:52:23.849+0000][7][gc,age      ] GC(243) - age   3:       8144 bytes,    2045328 total
[2024-03-04T22:52:23.849+0000][7][gc,age      ] GC(243) - age   4:       1096 bytes,    2046424 total
[2024-03-04T22:52:23.849+0000][7][gc,age      ] GC(243) - age   5:        120 bytes,    2046544 total
[2024-03-04T22:52:23.849+0000][7][gc,age      ] GC(243) - age   6:      47544 bytes,    2094088 total
[2024-03-04T22:52:23.849+0000][7][gc,age      ] GC(243) - age   7:     110544 bytes,    2204632 total
[2024-03-04T22:52:23.849+0000][7][gc,age      ] GC(243) - age   8:      86576 bytes,    2291208 total
[2024-03-04T22:52:23.849+0000][7][gc,age      ] GC(243) - age   9:        208 bytes,    2291416 total
[2024-03-04T22:52:23.849+0000][7][gc,age      ] GC(243) - age  14:        184 bytes,    2291600 total
[2024-03-04T22:52:23.849+0000][7][gc,age      ] GC(243) - age  15:       3200 bytes,    2294800 total
[2024-03-04T22:52:23.849+0000][7][gc,heap     ] GC(243) Eden regions: 152->0(152)
[2024-03-04T22:52:23.849+0000][7][gc,heap     ] GC(243) Survivor regions: 1->1(20)
[2024-03-04T22:52:23.849+0000][7][gc,heap     ] GC(243) Old regions: 24->24
[2024-03-04T22:52:23.849+0000][7][gc,heap     ] GC(243) Archive regions: 2->2
[2024-03-04T22:52:23.849+0000][7][gc,heap     ] GC(243) Humongous regions: 0->0
[2024-03-04T22:52:23.849+0000][7][gc,metaspace] GC(243) Metaspace: 127415K(130816K)->127415K(130816K) NonClass: 110833K(112640K)->110833K(112640K) Class: 16581K(18176K)->16581K(18176K)
[2024-03-04T22:52:23.849+0000][7][gc          ] GC(243) Pause Young (Normal) (G1 Evacuation Pause) 705M->98M(1024M) 1.906ms
[2024-03-04T22:52:23.849+0000][7][gc,cpu      ] GC(243) User=0.00s Sys=0.01s Real=0.00s
[2024-03-04T22:52:23.849+0000][7][safepoint   ] Safepoint "G1CollectForAllocation", Time since last: 29165414588 ns, Reaching safepoint: 36818 ns, At safepoint: 1969812 ns, Total: 2006630 ns
[2024-03-04T22:54:53.658+0000][7][gc,start    ] GC(244) Pause Young (Normal) (G1 Evacuation Pause)
[2024-03-04T22:54:53.658+0000][7][gc,task     ] GC(244) Using 8 workers of 8 for evacuation
[2024-03-04T22:54:53.658+0000][7][gc,age      ] GC(244) Desired survivor size 41943040 bytes, new threshold 15 (max threshold 15)
[2024-03-04T22:54:53.660+0000][7][gc,phases   ] GC(244)   Pre Evacuate Collection Set: 0.1ms
[2024-03-04T22:54:53.660+0000][7][gc,phases   ] GC(244)   Merge Heap Roots: 0.1ms
[2024-03-04T22:54:53.660+0000][7][gc,phases   ] GC(244)   Evacuate Collection Set: 1.0ms
[2024-03-04T22:54:53.660+0000][7][gc,phases   ] GC(244)   Post Evacuate Collection Set: 0.5ms
[2024-03-04T22:54:53.660+0000][7][gc,phases   ] GC(244)   Other: 0.1ms
[2024-03-04T22:54:53.660+0000][7][gc,age      ] GC(244) Age table with threshold 15 (max threshold 15)
[2024-03-04T22:54:53.660+0000][7][gc,age      ] GC(244) - age   1:     844304 bytes,     844304 total
[2024-03-04T22:54:53.660+0000][7][gc,age      ] GC(244) - age   2:     136368 bytes,     980672 total
[2024-03-04T22:54:53.660+0000][7][gc,age      ] GC(244) - age   3:       3896 bytes,     984568 total
[2024-03-04T22:54:53.660+0000][7][gc,age      ] GC(244) - age   4:       8016 bytes,     992584 total
[2024-03-04T22:54:53.660+0000][7][gc,age      ] GC(244) - age   5:        912 bytes,     993496 total
[2024-03-04T22:54:53.660+0000][7][gc,age      ] GC(244) - age   6:        120 bytes,     993616 total
[2024-03-04T22:54:53.660+0000][7][gc,age      ] GC(244) - age   7:      47544 bytes,    1041160 total
[2024-03-04T22:54:53.660+0000][7][gc,age      ] GC(244) - age   8:     110544 bytes,    1151704 total
[2024-03-04T22:54:53.660+0000][7][gc,age      ] GC(244) - age   9:      86576 bytes,    1238280 total
[2024-03-04T22:54:53.660+0000][7][gc,age      ] GC(244) - age  10:        208 bytes,    1238488 total
[2024-03-04T22:54:53.660+0000][7][gc,age      ] GC(244) - age  15:        184 bytes,    1238672 total
[2024-03-04T22:54:53.660+0000][7][gc,heap     ] GC(244) Eden regions: 152->0(152)
[2024-03-04T22:54:53.660+0000][7][gc,heap     ] GC(244) Survivor regions: 1->1(20)
[2024-03-04T22:54:53.660+0000][7][gc,heap     ] GC(244) Old regions: 24->24
[2024-03-04T22:54:53.660+0000][7][gc,heap     ] GC(244) Archive regions: 2->2
[2024-03-04T22:54:53.660+0000][7][gc,heap     ] GC(244) Humongous regions: 0->0
[2024-03-04T22:54:53.660+0000][7][gc,metaspace] GC(244) Metaspace: 127415K(130816K)->127415K(130816K) NonClass: 110833K(112640K)->110833K(112640K) Class: 16581K(18176K)->16581K(18176K)
[2024-03-04T22:54:53.660+0000][7][gc          ] GC(244) Pause Young (Normal) (G1 Evacuation Pause) 706M->97M(1024M) 1.887ms
[2024-03-04T22:54:53.660+0000][7][gc,cpu      ] GC(244) User=0.00s Sys=0.00s Real=0.00s
[2024-03-04T22:54:53.660+0000][7][safepoint   ] Safepoint "G1CollectForAllocation", Time since last: 149809586088 ns, Reaching safepoint: 47615 ns, At safepoint: 1957035 ns, Total: 2004650 ns
[2024-03-04T22:57:17.702+0000][7][gc,start    ] GC(245) Pause Young (Normal) (G1 Evacuation Pause)
[2024-03-04T22:57:17.702+0000][7][gc,task     ] GC(245) Using 8 workers of 8 for evacuation
[2024-03-04T22:57:17.702+0000][7][gc,age      ] GC(245) Desired survivor size 41943040 bytes, new threshold 15 (max threshold 15)
[2024-03-04T22:57:17.705+0000][7][gc,phases   ] GC(245)   Pre Evacuate Collection Set: 0.1ms
[2024-03-04T22:57:17.705+0000][7][gc,phases   ] GC(245)   Merge Heap Roots: 0.1ms
[2024-03-04T22:57:17.705+0000][7][gc,phases   ] GC(245)   Evacuate Collection Set: 1.6ms
[2024-03-04T22:57:17.705+0000][7][gc,phases   ] GC(245)   Post Evacuate Collection Set: 0.9ms
[2024-03-04T22:57:17.705+0000][7][gc,phases   ] GC(245)   Other: 0.1ms
[2024-03-04T22:57:17.705+0000][7][gc,age      ] GC(245) Age table with threshold 15 (max threshold 15)
[2024-03-04T22:57:17.705+0000][7][gc,age      ] GC(245) - age   1:    1498240 bytes,    1498240 total
[2024-03-04T22:57:17.705+0000][7][gc,age      ] GC(245) - age   2:       9416 bytes,    1507656 total
[2024-03-04T22:57:17.705+0000][7][gc,age      ] GC(245) - age   3:     133720 bytes,    1641376 total
[2024-03-04T22:57:17.705+0000][7][gc,age      ] GC(245) - age   4:        184 bytes,    1641560 total
[2024-03-04T22:57:17.705+0000][7][gc,age      ] GC(245) - age   5:       8016 bytes,    1649576 total
[2024-03-04T22:57:17.705+0000][7][gc,age      ] GC(245) - age   6:        520 bytes,    1650096 total
[2024-03-04T22:57:17.705+0000][7][gc,age      ] GC(245) - age   7:        120 bytes,    1650216 total
[2024-03-04T22:57:17.705+0000][7][gc,age      ] GC(245) - age   8:      47544 bytes,    1697760 total
[2024-03-04T22:57:17.705+0000][7][gc,age      ] GC(245) - age   9:     110544 bytes,    1808304 total
[2024-03-04T22:57:17.705+0000][7][gc,age      ] GC(245) - age  10:      86576 bytes,    1894880 total
[2024-03-04T22:57:17.705+0000][7][gc,age      ] GC(245) - age  11:        208 bytes,    1895088 total
[2024-03-04T22:57:17.705+0000][7][gc,heap     ] GC(245) Eden regions: 152->0(152)
[2024-03-04T22:57:17.705+0000][7][gc,heap     ] GC(245) Survivor regions: 1->1(20)
[2024-03-04T22:57:17.705+0000][7][gc,heap     ] GC(245) Old regions: 24->24
[2024-03-04T22:57:17.705+0000][7][gc,heap     ] GC(245) Archive regions: 2->2
[2024-03-04T22:57:17.705+0000][7][gc,heap     ] GC(245) Humongous regions: 0->0
[2024-03-04T22:57:17.705+0000][7][gc,metaspace] GC(245) Metaspace: 127416K(130816K)->127416K(130816K) NonClass: 110834K(112640K)->110834K(112640K) Class: 16581K(18176K)->16581K(18176K)
[2024-03-04T22:57:17.705+0000][7][gc          ] GC(245) Pause Young (Normal) (G1 Evacuation Pause) 705M->98M(1024M) 3.020ms
[2024-03-04T22:57:17.705+0000][7][gc,cpu      ] GC(245) User=0.02s Sys=0.00s Real=0.01s
[2024-03-04T22:57:17.705+0000][7][safepoint   ] Safepoint "G1CollectForAllocation", Time since last: 144041931945 ns, Reaching safepoint: 51525 ns, At safepoint: 3121449 ns, Total: 3172974 ns
[2024-03-04T23:00:14.679+0000][7][gc,start    ] GC(246) Pause Young (Normal) (G1 Evacuation Pause)
[2024-03-04T23:00:14.679+0000][7][gc,task     ] GC(246) Using 8 workers of 8 for evacuation
[2024-03-04T23:00:14.679+0000][7][gc,age      ] GC(246) Desired survivor size 41943040 bytes, new threshold 15 (max threshold 15)
[2024-03-04T23:00:14.682+0000][7][gc,phases   ] GC(246)   Pre Evacuate Collection Set: 0.1ms
[2024-03-04T23:00:14.682+0000][7][gc,phases   ] GC(246)   Merge Heap Roots: 0.1ms
[2024-03-04T23:00:14.682+0000][7][gc,phases   ] GC(246)   Evacuate Collection Set: 1.4ms
[2024-03-04T23:00:14.682+0000][7][gc,phases   ] GC(246)   Post Evacuate Collection Set: 0.7ms
[2024-03-04T23:00:14.682+0000][7][gc,phases   ] GC(246)   Other: 0.1ms
[2024-03-04T23:00:14.682+0000][7][gc,age      ] GC(246) Age table with threshold 15 (max threshold 15)
[2024-03-04T23:00:14.682+0000][7][gc,age      ] GC(246) - age   1:    1295088 bytes,    1295088 total
[2024-03-04T23:00:14.682+0000][7][gc,age      ] GC(246) - age   2:       6560 bytes,    1301648 total
[2024-03-04T23:00:14.682+0000][7][gc,age      ] GC(246) - age   3:        304 bytes,    1301952 total
[2024-03-04T23:00:14.682+0000][7][gc,age      ] GC(246) - age   4:     132912 bytes,    1434864 total
[2024-03-04T23:00:14.682+0000][7][gc,age      ] GC(246) - age   5:        184 bytes,    1435048 total
[2024-03-04T23:00:14.682+0000][7][gc,age      ] GC(246) - age   6:       8016 bytes,    1443064 total
[2024-03-04T23:00:14.682+0000][7][gc,age      ] GC(246) - age   7:        520 bytes,    1443584 total
[2024-03-04T23:00:14.682+0000][7][gc,age      ] GC(246) - age   8:        120 bytes,    1443704 total
[2024-03-04T23:00:14.682+0000][7][gc,age      ] GC(246) - age   9:      47544 bytes,    1491248 total
[2024-03-04T23:00:14.682+0000][7][gc,age      ] GC(246) - age  10:     110544 bytes,    1601792 total
[2024-03-04T23:00:14.682+0000][7][gc,age      ] GC(246) - age  11:      86576 bytes,    1688368 total
[2024-03-04T23:00:14.682+0000][7][gc,age      ] GC(246) - age  12:        208 bytes,    1688576 total
[2024-03-04T23:00:14.682+0000][7][gc,heap     ] GC(246) Eden regions: 152->0(152)
[2024-03-04T23:00:14.682+0000][7][gc,heap     ] GC(246) Survivor regions: 1->1(20)
[2024-03-04T23:00:14.682+0000][7][gc,heap     ] GC(246) Old regions: 24->24
[2024-03-04T23:00:14.682+0000][7][gc,heap     ] GC(246) Archive regions: 2->2
[2024-03-04T23:00:14.682+0000][7][gc,heap     ] GC(246) Humongous regions: 0->0
[2024-03-04T23:00:14.682+0000][7][gc,metaspace] GC(246) Metaspace: 127416K(130816K)->127416K(130816K) NonClass: 110834K(112640K)->110834K(112640K) Class: 16581K(18176K)->16581K(18176K)
[2024-03-04T23:00:14.682+0000][7][gc          ] GC(246) Pause Young (Normal) (G1 Evacuation Pause) 706M->97M(1024M) 2.614ms
[2024-03-04T23:00:14.682+0000][7][gc,cpu      ] GC(246) User=0.01s Sys=0.00s Real=0.00s
[2024-03-04T23:00:14.682+0000][7][safepoint   ] Safepoint "G1CollectForAllocation", Time since last: 176973816587 ns, Reaching safepoint: 139034 ns, At safepoint: 2702248 ns, Total: 2841282 ns
[2024-03-04T23:02:03.694+0000][7][safepoint   ] Safepoint "Cleanup", Time since last: 109011491831 ns, Reaching safepoint: 78922 ns, At safepoint: 5357 ns, Total: 84279 ns
[2024-03-04T23:03:14.687+0000][7][gc,start    ] GC(247) Pause Young (Normal) (G1 Evacuation Pause)
[2024-03-04T23:03:14.687+0000][7][gc,task     ] GC(247) Using 8 workers of 8 for evacuation
[2024-03-04T23:03:14.687+0000][7][gc,age      ] GC(247) Desired survivor size 41943040 bytes, new threshold 15 (max threshold 15)
[2024-03-04T23:03:14.690+0000][7][gc,phases   ] GC(247)   Pre Evacuate Collection Set: 0.1ms
[2024-03-04T23:03:14.690+0000][7][gc,phases   ] GC(247)   Merge Heap Roots: 0.1ms
[2024-03-04T23:03:14.690+0000][7][gc,phases   ] GC(247)   Evacuate Collection Set: 2.1ms
[2024-03-04T23:03:14.690+0000][7][gc,phases   ] GC(247)   Post Evacuate Collection Set: 0.8ms
[2024-03-04T23:03:14.690+0000][7][gc,phases   ] GC(247)   Other: 0.1ms
[2024-03-04T23:03:14.690+0000][7][gc,age      ] GC(247) Age table with threshold 15 (max threshold 15)
[2024-03-04T23:03:14.690+0000][7][gc,age      ] GC(247) - age   1:     727176 bytes,     727176 total
[2024-03-04T23:03:14.690+0000][7][gc,age      ] GC(247) - age   2:       1632 bytes,     728808 total
[2024-03-04T23:03:14.690+0000][7][gc,age      ] GC(247) - age   3:       4160 bytes,     732968 total
[2024-03-04T23:03:14.690+0000][7][gc,age      ] GC(247) - age   4:        184 bytes,     733152 total
[2024-03-04T23:03:14.690+0000][7][gc,age      ] GC(247) - age   5:     132224 bytes,     865376 total
[2024-03-04T23:03:14.690+0000][7][gc,age      ] GC(247) - age   7:       8016 bytes,     873392 total
[2024-03-04T23:03:14.690+0000][7][gc,age      ] GC(247) - age   8:        104 bytes,     873496 total
[2024-03-04T23:03:14.690+0000][7][gc,age      ] GC(247) - age   9:        120 bytes,     873616 total
[2024-03-04T23:03:14.690+0000][7][gc,age      ] GC(247) - age  10:      47360 bytes,     920976 total
[2024-03-04T23:03:14.690+0000][7][gc,age      ] GC(247) - age  11:     110544 bytes,    1031520 total
[2024-03-04T23:03:14.690+0000][7][gc,age      ] GC(247) - age  12:      86576 bytes,    1118096 total
[2024-03-04T23:03:14.690+0000][7][gc,age      ] GC(247) - age  13:        208 bytes,    1118304 total
[2024-03-04T23:03:14.690+0000][7][gc,heap     ] GC(247) Eden regions: 152->0(152)
[2024-03-04T23:03:14.690+0000][7][gc,heap     ] GC(247) Survivor regions: 1->1(20)
[2024-03-04T23:03:14.690+0000][7][gc,heap     ] GC(247) Old regions: 24->24
[2024-03-04T23:03:14.690+0000][7][gc,heap     ] GC(247) Archive regions: 2->2
[2024-03-04T23:03:14.690+0000][7][gc,heap     ] GC(247) Humongous regions: 0->0
[2024-03-04T23:03:14.690+0000][7][gc,metaspace] GC(247) Metaspace: 127424K(130816K)->127424K(130816K) NonClass: 110842K(112640K)->110842K(112640K) Class: 16581K(18176K)->16581K(18176K)
[2024-03-04T23:03:14.690+0000][7][gc          ] GC(247) Pause Young (Normal) (G1 Evacuation Pause) 705M->97M(1024M) 3.524ms
[2024-03-04T23:03:14.690+0000][7][gc,cpu      ] GC(247) User=0.01s Sys=0.00s Real=0.00s
[2024-03-04T23:03:14.690+0000][7][safepoint   ] Safepoint "G1CollectForAllocation", Time since last: 70992989229 ns, Reaching safepoint: 54771 ns, At safepoint: 3619705 ns, Total: 3674476 ns
[2024-03-04T23:06:29.614+0000][7][gc,start    ] GC(248) Pause Young (Normal) (G1 Evacuation Pause)
[2024-03-04T23:06:29.614+0000][7][gc,task     ] GC(248) Using 8 workers of 8 for evacuation
[2024-03-04T23:06:29.614+0000][7][gc,age      ] GC(248) Desired survivor size 41943040 bytes, new threshold 15 (max threshold 15)
[2024-03-04T23:06:29.617+0000][7][gc,phases   ] GC(248)   Pre Evacuate Collection Set: 0.2ms
[2024-03-04T23:06:29.617+0000][7][gc,phases   ] GC(248)   Merge Heap Roots: 0.1ms
[2024-03-04T23:06:29.617+0000][7][gc,phases   ] GC(248)   Evacuate Collection Set: 1.4ms
[2024-03-04T23:06:29.617+0000][7][gc,phases   ] GC(248)   Post Evacuate Collection Set: 0.9ms
[2024-03-04T23:06:29.617+0000][7][gc,phases   ] GC(248)   Other: 0.1ms
[2024-03-04T23:06:29.617+0000][7][gc,age      ] GC(248) Age table with threshold 15 (max threshold 15)
[2024-03-04T23:06:29.617+0000][7][gc,age      ] GC(248) - age   1:    1012424 bytes,    1012424 total
[2024-03-04T23:06:29.617+0000][7][gc,age      ] GC(248) - age   2:       2432 bytes,    1014856 total
[2024-03-04T23:06:29.617+0000][7][gc,age      ] GC(248) - age   3:        184 bytes,    1015040 total
[2024-03-04T23:06:29.617+0000][7][gc,age      ] GC(248) - age   4:       4032 bytes,    1019072 total
[2024-03-04T23:06:29.617+0000][7][gc,age      ] GC(248) - age   5:        184 bytes,    1019256 total
[2024-03-04T23:06:29.617+0000][7][gc,age      ] GC(248) - age   6:     132160 bytes,    1151416 total
[2024-03-04T23:06:29.617+0000][7][gc,age      ] GC(248) - age   8:       8016 bytes,    1159432 total
[2024-03-04T23:06:29.617+0000][7][gc,age      ] GC(248) - age   9:        104 bytes,    1159536 total
[2024-03-04T23:06:29.617+0000][7][gc,age      ] GC(248) - age  10:        120 bytes,    1159656 total
[2024-03-04T23:06:29.617+0000][7][gc,age      ] GC(248) - age  11:      47360 bytes,    1207016 total
[2024-03-04T23:06:29.617+0000][7][gc,age      ] GC(248) - age  12:     110544 bytes,    1317560 total
[2024-03-04T23:06:29.617+0000][7][gc,age      ] GC(248) - age  13:      86576 bytes,    1404136 total
[2024-03-04T23:06:29.617+0000][7][gc,age      ] GC(248) - age  14:        208 bytes,    1404344 total
[2024-03-04T23:06:29.617+0000][7][gc,heap     ] GC(248) Eden regions: 152->0(152)
[2024-03-04T23:06:29.617+0000][7][gc,heap     ] GC(248) Survivor regions: 1->1(20)
[2024-03-04T23:06:29.617+0000][7][gc,heap     ] GC(248) Old regions: 24->24
[2024-03-04T23:06:29.617+0000][7][gc,heap     ] GC(248) Archive regions: 2->2
[2024-03-04T23:06:29.617+0000][7][gc,heap     ] GC(248) Humongous regions: 0->0
[2024-03-04T23:06:29.617+0000][7][gc,metaspace] GC(248) Metaspace: 127424K(130816K)->127424K(130816K) NonClass: 110842K(112640K)->110842K(112640K) Class: 16581K(18176K)->16581K(18176K)
[2024-03-04T23:06:29.617+0000][7][gc          ] GC(248) Pause Young (Normal) (G1 Evacuation Pause) 705M->97M(1024M) 2.972ms
[2024-03-04T23:06:29.617+0000][7][gc,cpu      ] GC(248) User=0.01s Sys=0.01s Real=0.01s
[2024-03-04T23:06:29.617+0000][7][safepoint   ] Safepoint "G1CollectForAllocation", Time since last: 194923336785 ns, Reaching safepoint: 100446 ns, At safepoint: 3067791 ns, Total: 3168237 ns
[2024-03-04T23:09:33.887+0000][7][gc,start    ] GC(249) Pause Young (Normal) (G1 Evacuation Pause)
[2024-03-04T23:09:33.887+0000][7][gc,task     ] GC(249) Using 8 workers of 8 for evacuation
[2024-03-04T23:09:33.887+0000][7][gc,age      ] GC(249) Desired survivor size 41943040 bytes, new threshold 15 (max threshold 15)
[2024-03-04T23:09:33.889+0000][7][gc,phases   ] GC(249)   Pre Evacuate Collection Set: 0.1ms
[2024-03-04T23:09:33.890+0000][7][gc,phases   ] GC(249)   Merge Heap Roots: 0.1ms
[2024-03-04T23:09:33.890+0000][7][gc,phases   ] GC(249)   Evacuate Collection Set: 1.3ms
[2024-03-04T23:09:33.890+0000][7][gc,phases   ] GC(249)   Post Evacuate Collection Set: 0.6ms
[2024-03-04T23:09:33.890+0000][7][gc,phases   ] GC(249)   Other: 0.1ms
[2024-03-04T23:09:33.890+0000][7][gc,age      ] GC(249) Age table with threshold 15 (max threshold 15)
[2024-03-04T23:09:33.890+0000][7][gc,age      ] GC(249) - age   1:    1861488 bytes,    1861488 total
[2024-03-04T23:09:33.890+0000][7][gc,age      ] GC(249) - age   2:       2600 bytes,    1864088 total
[2024-03-04T23:09:33.890+0000][7][gc,age      ] GC(249) - age   3:       1528 bytes,    1865616 total
[2024-03-04T23:09:33.890+0000][7][gc,age      ] GC(249) - age   4:        184 bytes,    1865800 total
[2024-03-04T23:09:33.890+0000][7][gc,age      ] GC(249) - age   5:        576 bytes,    1866376 total
[2024-03-04T23:09:33.890+0000][7][gc,age      ] GC(249) - age   6:        184 bytes,    1866560 total
[2024-03-04T23:09:33.890+0000][7][gc,age      ] GC(249) - age   7:     132160 bytes,    1998720 total
[2024-03-04T23:09:33.890+0000][7][gc,age      ] GC(249) - age   9:       8016 bytes,    2006736 total
[2024-03-04T23:09:33.890+0000][7][gc,age      ] GC(249) - age  10:        104 bytes,    2006840 total
[2024-03-04T23:09:33.890+0000][7][gc,age      ] GC(249) - age  11:        120 bytes,    2006960 total
[2024-03-04T23:09:33.890+0000][7][gc,age      ] GC(249) - age  12:      47360 bytes,    2054320 total
[2024-03-04T23:09:33.890+0000][7][gc,age      ] GC(249) - age  13:     110544 bytes,    2164864 total
[2024-03-04T23:09:33.890+0000][7][gc,age      ] GC(249) - age  14:      86576 bytes,    2251440 total
[2024-03-04T23:09:33.890+0000][7][gc,age      ] GC(249) - age  15:        208 bytes,    2251648 total
[2024-03-04T23:09:33.890+0000][7][gc,heap     ] GC(249) Eden regions: 152->0(152)
[2024-03-04T23:09:33.890+0000][7][gc,heap     ] GC(249) Survivor regions: 1->1(20)
[2024-03-04T23:09:33.890+0000][7][gc,heap     ] GC(249) Old regions: 24->24
[2024-03-04T23:09:33.890+0000][7][gc,heap     ] GC(249) Archive regions: 2->2
[2024-03-04T23:09:33.890+0000][7][gc,heap     ] GC(249) Humongous regions: 0->0
[2024-03-04T23:09:33.890+0000][7][gc,metaspace] GC(249) Metaspace: 127424K(130816K)->127424K(130816K) NonClass: 110842K(112640K)->110842K(112640K) Class: 16581K(18176K)->16581K(18176K)
[2024-03-04T23:09:33.890+0000][7][gc          ] GC(249) Pause Young (Normal) (G1 Evacuation Pause) 705M->98M(1024M) 2.362ms
[2024-03-04T23:09:33.890+0000][7][gc,cpu      ] GC(249) User=0.01s Sys=0.00s Real=0.00s
[2024-03-04T23:09:33.890+0000][7][safepoint   ] Safepoint "G1CollectForAllocation", Time since last: 184270350411 ns, Reaching safepoint: 48549 ns, At safepoint: 2436735 ns, Total: 2485284 ns
[2024-03-04T23:12:38.754+0000][7][gc,start    ] GC(250) Pause Young (Normal) (G1 Evacuation Pause)
[2024-03-04T23:12:38.754+0000][7][gc,task     ] GC(250) Using 8 workers of 8 for evacuation
[2024-03-04T23:12:38.754+0000][7][gc,age      ] GC(250) Desired survivor size 41943040 bytes, new threshold 15 (max threshold 15)
[2024-03-04T23:12:38.756+0000][7][gc,phases   ] GC(250)   Pre Evacuate Collection Set: 0.1ms
[2024-03-04T23:12:38.756+0000][7][gc,phases   ] GC(250)   Merge Heap Roots: 0.1ms
[2024-03-04T23:12:38.756+0000][7][gc,phases   ] GC(250)   Evacuate Collection Set: 1.0ms
[2024-03-04T23:12:38.756+0000][7][gc,phases   ] GC(250)   Post Evacuate Collection Set: 0.5ms
[2024-03-04T23:12:38.756+0000][7][gc,phases   ] GC(250)   Other: 0.1ms
[2024-03-04T23:12:38.756+0000][7][gc,age      ] GC(250) Age table with threshold 15 (max threshold 15)
[2024-03-04T23:12:38.756+0000][7][gc,age      ] GC(250) - age   1:    1385512 bytes,    1385512 total
[2024-03-04T23:12:38.756+0000][7][gc,age      ] GC(250) - age   2:       5984 bytes,    1391496 total
[2024-03-04T23:12:38.756+0000][7][gc,age      ] GC(250) - age   3:        424 bytes,    1391920 total
[2024-03-04T23:12:38.756+0000][7][gc,age      ] GC(250) - age   4:        752 bytes,    1392672 total
[2024-03-04T23:12:38.756+0000][7][gc,age      ] GC(250) - age   5:        184 bytes,    1392856 total
[2024-03-04T23:12:38.756+0000][7][gc,age      ] GC(250) - age   6:        184 bytes,    1393040 total
[2024-03-04T23:12:38.756+0000][7][gc,age      ] GC(250) - age   7:        184 bytes,    1393224 total
[2024-03-04T23:12:38.756+0000][7][gc,age      ] GC(250) - age   8:     132128 bytes,    1525352 total
[2024-03-04T23:12:38.756+0000][7][gc,age      ] GC(250) - age  10:       8016 bytes,    1533368 total
[2024-03-04T23:12:38.756+0000][7][gc,age      ] GC(250) - age  11:        104 bytes,    1533472 total
[2024-03-04T23:12:38.756+0000][7][gc,age      ] GC(250) - age  12:        120 bytes,    1533592 total
[2024-03-04T23:12:38.756+0000][7][gc,age      ] GC(250) - age  13:      47360 bytes,    1580952 total
[2024-03-04T23:12:38.756+0000][7][gc,age      ] GC(250) - age  14:     110544 bytes,    1691496 total
[2024-03-04T23:12:38.756+0000][7][gc,age      ] GC(250) - age  15:      86576 bytes,    1778072 total
[2024-03-04T23:12:38.756+0000][7][gc,heap     ] GC(250) Eden regions: 152->0(152)
[2024-03-04T23:12:38.756+0000][7][gc,heap     ] GC(250) Survivor regions: 1->1(20)
[2024-03-04T23:12:38.756+0000][7][gc,heap     ] GC(250) Old regions: 24->24
[2024-03-04T23:12:38.756+0000][7][gc,heap     ] GC(250) Archive regions: 2->2
[2024-03-04T23:12:38.756+0000][7][gc,heap     ] GC(250) Humongous regions: 0->0
[2024-03-04T23:12:38.756+0000][7][gc,metaspace] GC(250) Metaspace: 127425K(130816K)->127425K(130816K) NonClass: 110843K(112640K)->110843K(112640K) Class: 16581K(18176K)->16581K(18176K)
[2024-03-04T23:12:38.756+0000][7][gc          ] GC(250) Pause Young (Normal) (G1 Evacuation Pause) 706M->98M(1024M) 1.833ms
[2024-03-04T23:12:38.756+0000][7][gc,cpu      ] GC(250) User=0.01s Sys=0.00s Real=0.00s
[2024-03-04T23:12:38.756+0000][7][safepoint   ] Safepoint "G1CollectForAllocation", Time since last: 184864644303 ns, Reaching safepoint: 38789 ns, At safepoint: 1894680 ns, Total: 1933469 ns
[2024-03-04T23:15:17.778+0000][7][gc,start    ] GC(251) Pause Young (Normal) (G1 Evacuation Pause)
[2024-03-04T23:15:17.778+0000][7][gc,task     ] GC(251) Using 8 workers of 8 for evacuation
[2024-03-04T23:15:17.778+0000][7][gc,age      ] GC(251) Desired survivor size 41943040 bytes, new threshold 15 (max threshold 15)
[2024-03-04T23:15:17.780+0000][7][gc,phases   ] GC(251)   Pre Evacuate Collection Set: 0.1ms
[2024-03-04T23:15:17.780+0000][7][gc,phases   ] GC(251)   Merge Heap Roots: 0.1ms
[2024-03-04T23:15:17.780+0000][7][gc,phases   ] GC(251)   Evacuate Collection Set: 1.3ms
[2024-03-04T23:15:17.780+0000][7][gc,phases   ] GC(251)   Post Evacuate Collection Set: 0.7ms
[2024-03-04T23:15:17.780+0000][7][gc,phases   ] GC(251)   Other: 0.1ms
[2024-03-04T23:15:17.780+0000][7][gc,age      ] GC(251) Age table with threshold 15 (max threshold 15)
[2024-03-04T23:15:17.780+0000][7][gc,age      ] GC(251) - age   1:    1002144 bytes,    1002144 total
[2024-03-04T23:15:17.780+0000][7][gc,age      ] GC(251) - age   2:       4392 bytes,    1006536 total
[2024-03-04T23:15:17.780+0000][7][gc,age      ] GC(251) - age   3:       3608 bytes,    1010144 total
[2024-03-04T23:15:17.780+0000][7][gc,age      ] GC(251) - age   5:        568 bytes,    1010712 total
[2024-03-04T23:15:17.780+0000][7][gc,age      ] GC(251) - age   6:        184 bytes,    1010896 total
[2024-03-04T23:15:17.780+0000][7][gc,age      ] GC(251) - age   8:        184 bytes,    1011080 total
[2024-03-04T23:15:17.780+0000][7][gc,age      ] GC(251) - age   9:     132128 bytes,    1143208 total
[2024-03-04T23:15:17.780+0000][7][gc,age      ] GC(251) - age  11:       8016 bytes,    1151224 total
[2024-03-04T23:15:17.780+0000][7][gc,age      ] GC(251) - age  12:        104 bytes,    1151328 total
[2024-03-04T23:15:17.780+0000][7][gc,age      ] GC(251) - age  13:        120 bytes,    1151448 total
[2024-03-04T23:15:17.780+0000][7][gc,age      ] GC(251) - age  14:      47360 bytes,    1198808 total
[2024-03-04T23:15:17.780+0000][7][gc,age      ] GC(251) - age  15:     110544 bytes,    1309352 total
[2024-03-04T23:15:17.780+0000][7][gc,heap     ] GC(251) Eden regions: 152->0(152)
[2024-03-04T23:15:17.780+0000][7][gc,heap     ] GC(251) Survivor regions: 1->1(20)
[2024-03-04T23:15:17.780+0000][7][gc,heap     ] GC(251) Old regions: 24->24
[2024-03-04T23:15:17.780+0000][7][gc,heap     ] GC(251) Archive regions: 2->2
[2024-03-04T23:15:17.780+0000][7][gc,heap     ] GC(251) Humongous regions: 0->0
[2024-03-04T23:15:17.780+0000][7][gc,metaspace] GC(251) Metaspace: 127425K(130816K)->127425K(130816K) NonClass: 110843K(112640K)->110843K(112640K) Class: 16581K(18176K)->16581K(18176K)
[2024-03-04T23:15:17.780+0000][7][gc          ] GC(251) Pause Young (Normal) (G1 Evacuation Pause) 706M->97M(1024M) 2.565ms
[2024-03-04T23:15:17.780+0000][7][gc,cpu      ] GC(251) User=0.01s Sys=0.00s Real=0.00s
[2024-03-04T23:15:17.780+0000][7][safepoint   ] Safepoint "G1CollectForAllocation", Time since last: 159021296934 ns, Reaching safepoint: 138664 ns, At safepoint: 2652875 ns, Total: 2791539 ns
[2024-03-04T23:17:41.792+0000][7][gc,start    ] GC(252) Pause Young (Normal) (G1 Evacuation Pause)
[2024-03-04T23:17:41.792+0000][7][gc,task     ] GC(252) Using 8 workers of 8 for evacuation
[2024-03-04T23:17:41.792+0000][7][gc,age      ] GC(252) Desired survivor size 41943040 bytes, new threshold 15 (max threshold 15)
[2024-03-04T23:17:41.794+0000][7][gc,phases   ] GC(252)   Pre Evacuate Collection Set: 0.1ms
[2024-03-04T23:17:41.794+0000][7][gc,phases   ] GC(252)   Merge Heap Roots: 0.1ms
[2024-03-04T23:17:41.794+0000][7][gc,phases   ] GC(252)   Evacuate Collection Set: 1.2ms
[2024-03-04T23:17:41.794+0000][7][gc,phases   ] GC(252)   Post Evacuate Collection Set: 0.6ms
[2024-03-04T23:17:41.794+0000][7][gc,phases   ] GC(252)   Other: 0.1ms
[2024-03-04T23:17:41.794+0000][7][gc,age      ] GC(252) Age table with threshold 15 (max threshold 15)
[2024-03-04T23:17:41.794+0000][7][gc,age      ] GC(252) - age   1:    1637688 bytes,    1637688 total
[2024-03-04T23:17:41.794+0000][7][gc,age      ] GC(252) - age   2:      10008 bytes,    1647696 total
[2024-03-04T23:17:41.794+0000][7][gc,age      ] GC(252) - age   3:       1512 bytes,    1649208 total
[2024-03-04T23:17:41.794+0000][7][gc,age      ] GC(252) - age   4:         24 bytes,    1649232 total
[2024-03-04T23:17:41.794+0000][7][gc,age      ] GC(252) - age   6:        536 bytes,    1649768 total
[2024-03-04T23:17:41.794+0000][7][gc,age      ] GC(252) - age   7:        184 bytes,    1649952 total
[2024-03-04T23:17:41.794+0000][7][gc,age      ] GC(252) - age   9:        184 bytes,    1650136 total
[2024-03-04T23:17:41.794+0000][7][gc,age      ] GC(252) - age  10:     132128 bytes,    1782264 total
[2024-03-04T23:17:41.794+0000][7][gc,age      ] GC(252) - age  12:       8016 bytes,    1790280 total
[2024-03-04T23:17:41.794+0000][7][gc,age      ] GC(252) - age  13:        104 bytes,    1790384 total
[2024-03-04T23:17:41.794+0000][7][gc,age      ] GC(252) - age  14:        120 bytes,    1790504 total
[2024-03-04T23:17:41.794+0000][7][gc,age      ] GC(252) - age  15:      47360 bytes,    1837864 total
[2024-03-04T23:17:41.794+0000][7][gc,heap     ] GC(252) Eden regions: 152->0(152)
[2024-03-04T23:17:41.794+0000][7][gc,heap     ] GC(252) Survivor regions: 1->1(20)
[2024-03-04T23:17:41.794+0000][7][gc,heap     ] GC(252) Old regions: 24->24
[2024-03-04T23:17:41.794+0000][7][gc,heap     ] GC(252) Archive regions: 2->2
[2024-03-04T23:17:41.794+0000][7][gc,heap     ] GC(252) Humongous regions: 0->0
[2024-03-04T23:17:41.794+0000][7][gc,metaspace] GC(252) Metaspace: 127425K(130816K)->127425K(130816K) NonClass: 110843K(112640K)->110843K(112640K) Class: 16581K(18176K)->16581K(18176K)
[2024-03-04T23:17:41.794+0000][7][gc          ] GC(252) Pause Young (Normal) (G1 Evacuation Pause) 705M->98M(1024M) 2.119ms
[2024-03-04T23:17:41.794+0000][7][gc,cpu      ] GC(252) User=0.01s Sys=0.00s Real=0.00s
[2024-03-04T23:17:41.794+0000][7][safepoint   ] Safepoint "G1CollectForAllocation", Time since last: 144011215874 ns, Reaching safepoint: 46064 ns, At safepoint: 2188350 ns, Total: 2234414 ns
[2024-03-04T23:20:06.672+0000][7][gc,start    ] GC(253) Pause Young (Normal) (G1 Evacuation Pause)
[2024-03-04T23:20:06.672+0000][7][gc,task     ] GC(253) Using 8 workers of 8 for evacuation
[2024-03-04T23:20:06.672+0000][7][gc,age      ] GC(253) Desired survivor size 41943040 bytes, new threshold 15 (max threshold 15)
[2024-03-04T23:20:06.674+0000][7][gc,phases   ] GC(253)   Pre Evacuate Collection Set: 0.1ms
[2024-03-04T23:20:06.674+0000][7][gc,phases   ] GC(253)   Merge Heap Roots: 0.1ms
[2024-03-04T23:20:06.674+0000][7][gc,phases   ] GC(253)   Evacuate Collection Set: 1.4ms
[2024-03-04T23:20:06.674+0000][7][gc,phases   ] GC(253)   Post Evacuate Collection Set: 0.6ms
[2024-03-04T23:20:06.674+0000][7][gc,phases   ] GC(253)   Other: 0.1ms
[2024-03-04T23:20:06.674+0000][7][gc,age      ] GC(253) Age table with threshold 15 (max threshold 15)
[2024-03-04T23:20:06.674+0000][7][gc,age      ] GC(253) - age   1:    1868416 bytes,    1868416 total
[2024-03-04T23:20:06.674+0000][7][gc,age      ] GC(253) - age   2:       6912 bytes,    1875328 total
[2024-03-04T23:20:06.674+0000][7][gc,age      ] GC(253) - age   3:        408 bytes,    1875736 total
[2024-03-04T23:20:06.674+0000][7][gc,age      ] GC(253) - age   4:       1320 bytes,    1877056 total
[2024-03-04T23:20:06.674+0000][7][gc,age      ] GC(253) - age   5:         24 bytes,    1877080 total
[2024-03-04T23:20:06.674+0000][7][gc,age      ] GC(253) - age   7:        536 bytes,    1877616 total
[2024-03-04T23:20:06.674+0000][7][gc,age      ] GC(253) - age   8:        184 bytes,    1877800 total
[2024-03-04T23:20:06.674+0000][7][gc,age      ] GC(253) - age  10:        184 bytes,    1877984 total
[2024-03-04T23:20:06.674+0000][7][gc,age      ] GC(253) - age  11:     132128 bytes,    2010112 total
[2024-03-04T23:20:06.674+0000][7][gc,age      ] GC(253) - age  13:       8016 bytes,    2018128 total
[2024-03-04T23:20:06.674+0000][7][gc,age      ] GC(253) - age  14:        104 bytes,    2018232 total
[2024-03-04T23:20:06.674+0000][7][gc,age      ] GC(253) - age  15:        120 bytes,    2018352 total
[2024-03-04T23:20:06.674+0000][7][gc,heap     ] GC(253) Eden regions: 152->0(152)
[2024-03-04T23:20:06.674+0000][7][gc,heap     ] GC(253) Survivor regions: 1->1(20)
[2024-03-04T23:20:06.674+0000][7][gc,heap     ] GC(253) Old regions: 24->24
[2024-03-04T23:20:06.674+0000][7][gc,heap     ] GC(253) Archive regions: 2->2
[2024-03-04T23:20:06.674+0000][7][gc,heap     ] GC(253) Humongous regions: 0->0
[2024-03-04T23:20:06.674+0000][7][gc,metaspace] GC(253) Metaspace: 127425K(130816K)->127425K(130816K) NonClass: 110843K(112640K)->110843K(112640K) Class: 16581K(18176K)->16581K(18176K)
[2024-03-04T23:20:06.674+0000][7][gc          ] GC(253) Pause Young (Normal) (G1 Evacuation Pause) 706M->98M(1024M) 2.513ms
[2024-03-04T23:20:06.674+0000][7][gc,cpu      ] GC(253) User=0.01s Sys=0.00s Real=0.00s
[2024-03-04T23:20:06.674+0000][7][safepoint   ] Safepoint "G1CollectForAllocation", Time since last: 144877990646 ns, Reaching safepoint: 52453 ns, At safepoint: 2605460 ns, Total: 2657913 ns
[2024-03-04T23:22:27.453+0000][7][gc,start    ] GC(254) Pause Young (Normal) (G1 Evacuation Pause)
[2024-03-04T23:22:27.453+0000][7][gc,task     ] GC(254) Using 8 workers of 8 for evacuation
[2024-03-04T23:22:27.453+0000][7][gc,age      ] GC(254) Desired survivor size 41943040 bytes, new threshold 15 (max threshold 15)
[2024-03-04T23:22:27.455+0000][7][gc,phases   ] GC(254)   Pre Evacuate Collection Set: 0.1ms
[2024-03-04T23:22:27.455+0000][7][gc,phases   ] GC(254)   Merge Heap Roots: 0.1ms
[2024-03-04T23:22:27.455+0000][7][gc,phases   ] GC(254)   Evacuate Collection Set: 1.0ms
[2024-03-04T23:22:27.455+0000][7][gc,phases   ] GC(254)   Post Evacuate Collection Set: 0.7ms
[2024-03-04T23:22:27.455+0000][7][gc,phases   ] GC(254)   Other: 0.1ms
[2024-03-04T23:22:27.455+0000][7][gc,age      ] GC(254) Age table with threshold 15 (max threshold 15)
[2024-03-04T23:22:27.455+0000][7][gc,age      ] GC(254) - age   1:     759792 bytes,     759792 total
[2024-03-04T23:22:27.455+0000][7][gc,age      ] GC(254) - age   2:       2184 bytes,     761976 total
[2024-03-04T23:22:27.455+0000][7][gc,age      ] GC(254) - age   3:       4352 bytes,     766328 total
[2024-03-04T23:22:27.455+0000][7][gc,age      ] GC(254) - age   4:        280 bytes,     766608 total
[2024-03-04T23:22:27.455+0000][7][gc,age      ] GC(254) - age   5:        632 bytes,     767240 total
[2024-03-04T23:22:27.455+0000][7][gc,age      ] GC(254) - age   6:         24 bytes,     767264 total
[2024-03-04T23:22:27.455+0000][7][gc,age      ] GC(254) - age   8:         96 bytes,     767360 total
[2024-03-04T23:22:27.455+0000][7][gc,age      ] GC(254) - age   9:        184 bytes,     767544 total
[2024-03-04T23:22:27.455+0000][7][gc,age      ] GC(254) - age  11:        184 bytes,     767728 total
[2024-03-04T23:22:27.455+0000][7][gc,age      ] GC(254) - age  12:     132128 bytes,     899856 total
[2024-03-04T23:22:27.455+0000][7][gc,age      ] GC(254) - age  14:       8016 bytes,     907872 total
[2024-03-04T23:22:27.455+0000][7][gc,age      ] GC(254) - age  15:        104 bytes,     907976 total
[2024-03-04T23:22:27.455+0000][7][gc,heap     ] GC(254) Eden regions: 152->0(152)
[2024-03-04T23:22:27.455+0000][7][gc,heap     ] GC(254) Survivor regions: 1->1(20)
[2024-03-04T23:22:27.455+0000][7][gc,heap     ] GC(254) Old regions: 24->24
[2024-03-04T23:22:27.455+0000][7][gc,heap     ] GC(254) Archive regions: 2->2
[2024-03-04T23:22:27.455+0000][7][gc,heap     ] GC(254) Humongous regions: 0->0
[2024-03-04T23:22:27.455+0000][7][gc,metaspace] GC(254) Metaspace: 127427K(130880K)->127427K(130880K) NonClass: 110845K(112704K)->110845K(112704K) Class: 16581K(18176K)->16581K(18176K)
[2024-03-04T23:22:27.455+0000][7][gc          ] GC(254) Pause Young (Normal) (G1 Evacuation Pause) 706M->97M(1024M) 2.219ms
[2024-03-04T23:22:27.456+0000][7][gc,cpu      ] GC(254) User=0.01s Sys=0.01s Real=0.00s
[2024-03-04T23:22:27.456+0000][7][safepoint   ] Safepoint "G1CollectForAllocation", Time since last: 140778740300 ns, Reaching safepoint: 51413 ns, At safepoint: 2304853 ns, Total: 2356266 ns
[2024-03-04T23:24:54.620+0000][7][gc,start    ] GC(255) Pause Young (Normal) (G1 Evacuation Pause)
[2024-03-04T23:24:54.620+0000][7][gc,task     ] GC(255) Using 8 workers of 8 for evacuation
[2024-03-04T23:24:54.620+0000][7][gc,age      ] GC(255) Desired survivor size 41943040 bytes, new threshold 15 (max threshold 15)
[2024-03-04T23:24:54.623+0000][7][gc,phases   ] GC(255)   Pre Evacuate Collection Set: 0.1ms
[2024-03-04T23:24:54.623+0000][7][gc,phases   ] GC(255)   Merge Heap Roots: 0.1ms
[2024-03-04T23:24:54.623+0000][7][gc,phases   ] GC(255)   Evacuate Collection Set: 1.3ms
[2024-03-04T23:24:54.623+0000][7][gc,phases   ] GC(255)   Post Evacuate Collection Set: 0.9ms
[2024-03-04T23:24:54.623+0000][7][gc,phases   ] GC(255)   Other: 0.1ms
[2024-03-04T23:24:54.623+0000][7][gc,age      ] GC(255) Age table with threshold 15 (max threshold 15)
[2024-03-04T23:24:54.623+0000][7][gc,age      ] GC(255) - age   1:    1040608 bytes,    1040608 total
[2024-03-04T23:24:54.623+0000][7][gc,age      ] GC(255) - age   2:       3808 bytes,    1044416 total
[2024-03-04T23:24:54.623+0000][7][gc,age      ] GC(255) - age   3:        192 bytes,    1044608 total
[2024-03-04T23:24:54.623+0000][7][gc,age      ] GC(255) - age   4:       3968 bytes,    1048576 total
[2024-03-04T23:24:54.623+0000][7][gc,age      ] GC(255) - age   6:        632 bytes,    1049208 total
[2024-03-04T23:24:54.623+0000][7][gc,age      ] GC(255) - age   7:         24 bytes,    1049232 total
[2024-03-04T23:24:54.623+0000][7][gc,age      ] GC(255) - age   9:         96 bytes,    1049328 total
[2024-03-04T23:24:54.623+0000][7][gc,age      ] GC(255) - age  10:        184 bytes,    1049512 total
[2024-03-04T23:24:54.623+0000][7][gc,age      ] GC(255) - age  12:        184 bytes,    1049696 total
[2024-03-04T23:24:54.623+0000][7][gc,age      ] GC(255) - age  13:     132128 bytes,    1181824 total
[2024-03-04T23:24:54.623+0000][7][gc,age      ] GC(255) - age  15:       8016 bytes,    1189840 total
[2024-03-04T23:24:54.623+0000][7][gc,heap     ] GC(255) Eden regions: 152->0(152)
[2024-03-04T23:24:54.623+0000][7][gc,heap     ] GC(255) Survivor regions: 1->1(20)
[2024-03-04T23:24:54.623+0000][7][gc,heap     ] GC(255) Old regions: 24->24
[2024-03-04T23:24:54.623+0000][7][gc,heap     ] GC(255) Archive regions: 2->2
[2024-03-04T23:24:54.623+0000][7][gc,heap     ] GC(255) Humongous regions: 0->0
[2024-03-04T23:24:54.623+0000][7][gc,metaspace] GC(255) Metaspace: 127427K(130880K)->127427K(130880K) NonClass: 110845K(112704K)->110845K(112704K) Class: 16581K(18176K)->16581K(18176K)
[2024-03-04T23:24:54.623+0000][7][gc          ] GC(255) Pause Young (Normal) (G1 Evacuation Pause) 705M->97M(1024M) 2.795ms
[2024-03-04T23:24:54.623+0000][7][gc,cpu      ] GC(255) User=0.00s Sys=0.01s Real=0.00s
[2024-03-04T23:24:54.623+0000][7][safepoint   ] Safepoint "G1CollectForAllocation", Time since last: 147164491908 ns, Reaching safepoint: 55165 ns, At safepoint: 2901924 ns, Total: 2957089 ns
[2024-03-04T23:26:46.636+0000][7][safepoint   ] Safepoint "Cleanup", Time since last: 112012994420 ns, Reaching safepoint: 77925 ns, At safepoint: 36900 ns, Total: 114825 ns
[2024-03-04T23:27:57.202+0000][7][gc,start    ] GC(256) Pause Young (Normal) (G1 Evacuation Pause)
[2024-03-04T23:27:57.202+0000][7][gc,task     ] GC(256) Using 8 workers of 8 for evacuation
[2024-03-04T23:27:57.202+0000][7][gc,age      ] GC(256) Desired survivor size 41943040 bytes, new threshold 15 (max threshold 15)
[2024-03-04T23:27:57.203+0000][7][gc,phases   ] GC(256)   Pre Evacuate Collection Set: 0.1ms
[2024-03-04T23:27:57.203+0000][7][gc,phases   ] GC(256)   Merge Heap Roots: 0.0ms
[2024-03-04T23:27:57.203+0000][7][gc,phases   ] GC(256)   Evacuate Collection Set: 0.9ms
[2024-03-04T23:27:57.203+0000][7][gc,phases   ] GC(256)   Post Evacuate Collection Set: 0.5ms
[2024-03-04T23:27:57.203+0000][7][gc,phases   ] GC(256)   Other: 0.1ms
[2024-03-04T23:27:57.203+0000][7][gc,age      ] GC(256) Age table with threshold 15 (max threshold 15)
[2024-03-04T23:27:57.203+0000][7][gc,age      ] GC(256) - age   1:    1764344 bytes,    1764344 total
[2024-03-04T23:27:57.203+0000][7][gc,age      ] GC(256) - age   2:       2312 bytes,    1766656 total
[2024-03-04T23:27:57.203+0000][7][gc,age      ] GC(256) - age   3:       1528 bytes,    1768184 total
[2024-03-04T23:27:57.203+0000][7][gc,age      ] GC(256) - age   4:         64 bytes,    1768248 total
[2024-03-04T23:27:57.203+0000][7][gc,age      ] GC(256) - age   5:         64 bytes,    1768312 total
[2024-03-04T23:27:57.203+0000][7][gc,age      ] GC(256) - age   7:        240 bytes,    1768552 total
[2024-03-04T23:27:57.203+0000][7][gc,age      ] GC(256) - age   8:         24 bytes,    1768576 total
[2024-03-04T23:27:57.203+0000][7][gc,age      ] GC(256) - age  10:         96 bytes,    1768672 total
[2024-03-04T23:27:57.203+0000][7][gc,age      ] GC(256) - age  13:        184 bytes,    1768856 total
[2024-03-04T23:27:57.203+0000][7][gc,age      ] GC(256) - age  14:     132128 bytes,    1900984 total
[2024-03-04T23:27:57.203+0000][7][gc,heap     ] GC(256) Eden regions: 152->0(152)
[2024-03-04T23:27:57.203+0000][7][gc,heap     ] GC(256) Survivor regions: 1->1(20)
[2024-03-04T23:27:57.203+0000][7][gc,heap     ] GC(256) Old regions: 24->24
[2024-03-04T23:27:57.203+0000][7][gc,heap     ] GC(256) Archive regions: 2->2
[2024-03-04T23:27:57.203+0000][7][gc,heap     ] GC(256) Humongous regions: 0->0
[2024-03-04T23:27:57.203+0000][7][gc,metaspace] GC(256) Metaspace: 127427K(130880K)->127427K(130880K) NonClass: 110845K(112704K)->110845K(112704K) Class: 16581K(18176K)->16581K(18176K)
[2024-03-04T23:27:57.203+0000][7][gc          ] GC(256) Pause Young (Normal) (G1 Evacuation Pause) 705M->98M(1024M) 1.808ms
[2024-03-04T23:27:57.203+0000][7][gc,cpu      ] GC(256) User=0.01s Sys=0.00s Real=0.00s
[2024-03-04T23:27:57.203+0000][7][safepoint   ] Safepoint "G1CollectForAllocation", Time since last: 70565331968 ns, Reaching safepoint: 44784 ns, At safepoint: 1872358 ns, Total: 1917142 ns
[2024-03-04T23:28:05.205+0000][7][safepoint   ] Safepoint "Cleanup", Time since last: 8001226669 ns, Reaching safepoint: 109854 ns, At safepoint: 10981 ns, Total: 120835 ns
[2024-03-04T23:31:02.883+0000][7][gc,start    ] GC(257) Pause Young (Normal) (G1 Evacuation Pause)
[2024-03-04T23:31:02.883+0000][7][gc,task     ] GC(257) Using 8 workers of 8 for evacuation
[2024-03-04T23:31:02.883+0000][7][gc,age      ] GC(257) Desired survivor size 41943040 bytes, new threshold 15 (max threshold 15)
[2024-03-04T23:31:02.885+0000][7][gc,phases   ] GC(257)   Pre Evacuate Collection Set: 0.1ms
[2024-03-04T23:31:02.885+0000][7][gc,phases   ] GC(257)   Merge Heap Roots: 0.1ms
[2024-03-04T23:31:02.885+0000][7][gc,phases   ] GC(257)   Evacuate Collection Set: 1.3ms
[2024-03-04T23:31:02.885+0000][7][gc,phases   ] GC(257)   Post Evacuate Collection Set: 0.8ms
[2024-03-04T23:31:02.885+0000][7][gc,phases   ] GC(257)   Other: 0.1ms
[2024-03-04T23:31:02.885+0000][7][gc,age      ] GC(257) Age table with threshold 15 (max threshold 15)
[2024-03-04T23:31:02.885+0000][7][gc,age      ] GC(257) - age   1:    1055544 bytes,    1055544 total
[2024-03-04T23:31:02.885+0000][7][gc,age      ] GC(257) - age   2:      14288 bytes,    1069832 total
[2024-03-04T23:31:02.885+0000][7][gc,age      ] GC(257) - age   3:        192 bytes,    1070024 total
[2024-03-04T23:31:02.885+0000][7][gc,age      ] GC(257) - age   4:       1336 bytes,    1071360 total
[2024-03-04T23:31:02.885+0000][7][gc,age      ] GC(257) - age   6:         64 bytes,    1071424 total
[2024-03-04T23:31:02.885+0000][7][gc,age      ] GC(257) - age   8:        240 bytes,    1071664 total
[2024-03-04T23:31:02.885+0000][7][gc,age      ] GC(257) - age   9:         24 bytes,    1071688 total
[2024-03-04T23:31:02.885+0000][7][gc,age      ] GC(257) - age  11:         96 bytes,    1071784 total
[2024-03-04T23:31:02.885+0000][7][gc,age      ] GC(257) - age  15:     132128 bytes,    1203912 total
[2024-03-04T23:31:02.885+0000][7][gc,heap     ] GC(257) Eden regions: 152->0(152)
[2024-03-04T23:31:02.886+0000][7][gc,heap     ] GC(257) Survivor regions: 1->1(20)
[2024-03-04T23:31:02.886+0000][7][gc,heap     ] GC(257) Old regions: 24->24
[2024-03-04T23:31:02.886+0000][7][gc,heap     ] GC(257) Archive regions: 2->2
[2024-03-04T23:31:02.886+0000][7][gc,heap     ] GC(257) Humongous regions: 0->0
[2024-03-04T23:31:02.886+0000][7][gc,metaspace] GC(257) Metaspace: 127427K(130880K)->127427K(130880K) NonClass: 110845K(112704K)->110845K(112704K) Class: 16581K(18176K)->16581K(18176K)
[2024-03-04T23:31:02.886+0000][7][gc          ] GC(257) Pause Young (Normal) (G1 Evacuation Pause) 706M->97M(1024M) 2.802ms
[2024-03-04T23:31:02.886+0000][7][gc,cpu      ] GC(257) User=0.00s Sys=0.02s Real=0.01s
[2024-03-04T23:31:02.886+0000][7][safepoint   ] Safepoint "G1CollectForAllocation", Time since last: 177677940526 ns, Reaching safepoint: 89060 ns, At safepoint: 2904136 ns, Total: 2993196 ns
[2024-03-04T23:32:04.223+0000][7][safepoint   ] Safepoint "Cleanup", Time since last: 61337398920 ns, Reaching safepoint: 191386 ns, At safepoint: 26329 ns, Total: 217715 ns
[2024-03-04T23:32:04.263+0000][7][safepoint   ] Safepoint "ICBufferFull", Time since last: 39940468 ns, Reaching safepoint: 195083 ns, At safepoint: 15705 ns, Total: 210788 ns
[2024-03-04T23:32:04.312+0000][7][safepoint   ] Safepoint "ICBufferFull", Time since last: 48769164 ns, Reaching safepoint: 143278 ns, At safepoint: 3806 ns, Total: 147084 ns
[2024-03-04T23:32:05.538+0000][7][safepoint   ] Safepoint "Cleanup", Time since last: 1225023126 ns, Reaching safepoint: 314951 ns, At safepoint: 22218 ns, Total: 337169 ns
[2024-03-04T23:32:06.538+0000][7][safepoint   ] Safepoint "Cleanup", Time since last: 1000292149 ns, Reaching safepoint: 139366 ns, At safepoint: 11504 ns, Total: 150870 ns
[2024-03-04T23:32:07.538+0000][7][safepoint   ] Safepoint "Cleanup", Time since last: 1000226357 ns, Reaching safepoint: 112187 ns, At safepoint: 8381 ns, Total: 120568 ns
[2024-03-04T23:32:09.539+0000][7][safepoint   ] Safepoint "Cleanup", Time since last: 2000459397 ns, Reaching safepoint: 122704 ns, At safepoint: 12984 ns, Total: 135688 ns
[2024-03-04T23:32:12.539+0000][7][safepoint   ] Safepoint "Cleanup", Time since last: 3000332145 ns, Reaching safepoint: 77300 ns, At safepoint: 6639 ns, Total: 83939 ns
[2024-03-04T23:32:14.540+0000][7][safepoint   ] Safepoint "Cleanup", Time since last: 2000355643 ns, Reaching safepoint: 115036 ns, At safepoint: 22046 ns, Total: 137082 ns
[2024-03-04T23:32:15.540+0000][7][safepoint   ] Safepoint "Cleanup", Time since last: 1000133029 ns, Reaching safepoint: 77447 ns, At safepoint: 10198 ns, Total: 87645 ns
[2024-03-04T23:32:16.540+0000][7][safepoint   ] Safepoint "Cleanup", Time since last: 1000135287 ns, Reaching safepoint: 87236 ns, At safepoint: 9791 ns, Total: 97027 ns
[2024-03-04T23:32:19.541+0000][7][safepoint   ] Safepoint "Cleanup", Time since last: 3000320030 ns, Reaching safepoint: 109041 ns, At safepoint: 14270 ns, Total: 123311 ns
[2024-03-04T23:32:21.541+0000][7][safepoint   ] Safepoint "Cleanup", Time since last: 2000218143 ns, Reaching safepoint: 109285 ns, At safepoint: 6665 ns, Total: 115950 ns
[2024-03-04T23:32:24.542+0000][7][safepoint   ] Safepoint "Cleanup", Time since last: 3000385955 ns, Reaching safepoint: 118730 ns, At safepoint: 6823 ns, Total: 125553 ns
[2024-03-04T23:32:27.542+0000][7][safepoint   ] Safepoint "Cleanup", Time since last: 3000479444 ns, Reaching safepoint: 97174 ns, At safepoint: 17799 ns, Total: 114973 ns
[2024-03-04T23:32:29.543+0000][7][safepoint   ] Safepoint "Cleanup", Time since last: 2000467683 ns, Reaching safepoint: 117613 ns, At safepoint: 14170 ns, Total: 131783 ns
[2024-03-04T23:32:40.544+0000][7][safepoint   ] Safepoint "Cleanup", Time since last: 11001439106 ns, Reaching safepoint: 112578 ns, At safepoint: 6797 ns, Total: 119375 ns
[2024-03-04T23:32:41.545+0000][7][safepoint   ] Safepoint "Cleanup", Time since last: 1000133762 ns, Reaching safepoint: 113145 ns, At safepoint: 12692 ns, Total: 125837 ns
[2024-03-04T23:32:42.545+0000][7][safepoint   ] Safepoint "Cleanup", Time since last: 1000149306 ns, Reaching safepoint: 87043 ns, At safepoint: 7697 ns, Total: 94740 ns
[2024-03-04T23:32:45.546+0000][7][safepoint   ] Safepoint "Cleanup", Time since last: 3000435094 ns, Reaching safepoint: 122440 ns, At safepoint: 6831 ns, Total: 129271 ns
[2024-03-04T23:32:46.546+0000][7][safepoint   ] Safepoint "Cleanup", Time since last: 1000261884 ns, Reaching safepoint: 74352 ns, At safepoint: 7164 ns, Total: 81516 ns
[2024-03-04T23:32:57.548+0000][7][safepoint   ] Safepoint "Cleanup", Time since last: 11001793180 ns, Reaching safepoint: 57744 ns, At safepoint: 6607 ns, Total: 64351 ns
[2024-03-04T23:33:00.548+0000][7][safepoint   ] Safepoint "Cleanup", Time since last: 3000567603 ns, Reaching safepoint: 123371 ns, At safepoint: 13810 ns, Total: 137181 ns
[2024-03-04T23:33:01.549+0000][7][safepoint   ] Safepoint "Cleanup", Time since last: 1000127481 ns, Reaching safepoint: 96887 ns, At safepoint: 10053 ns, Total: 106940 ns
[2024-03-04T23:33:06.549+0000][7][safepoint   ] Safepoint "Cleanup", Time since last: 5000551351 ns, Reaching safepoint: 88357 ns, At safepoint: 5464 ns, Total: 93821 ns
[2024-03-04T23:33:09.550+0000][7][safepoint   ] Safepoint "Cleanup", Time since last: 3000299910 ns, Reaching safepoint: 88744 ns, At safepoint: 6814 ns, Total: 95558 ns
[2024-03-04T23:33:15.550+0000][7][safepoint   ] Safepoint "Cleanup", Time since last: 6000621753 ns, Reaching safepoint: 132240 ns, At safepoint: 8548 ns, Total: 140788 ns
[2024-03-04T23:33:16.551+0000][7][safepoint   ] Safepoint "Cleanup", Time since last: 1000216685 ns, Reaching safepoint: 84544 ns, At safepoint: 11705 ns, Total: 96249 ns
[2024-03-04T23:33:19.551+0000][7][safepoint   ] Safepoint "Cleanup", Time since last: 3000504078 ns, Reaching safepoint: 119554 ns, At safepoint: 12325 ns, Total: 131879 ns
[2024-03-04T23:33:27.553+0000][7][safepoint   ] Safepoint "Cleanup", Time since last: 8001241228 ns, Reaching safepoint: 99437 ns, At safepoint: 7420 ns, Total: 106857 ns
[2024-03-04T23:33:30.773+0000][7][safepoint   ] Safepoint "Cleanup", Time since last: 3219704631 ns, Reaching safepoint: 125485 ns, At safepoint: 7328 ns, Total: 132813 ns
[2024-03-04T23:33:33.773+0000][7][safepoint   ] Safepoint "Cleanup", Time since last: 3000400957 ns, Reaching safepoint: 115830 ns, At safepoint: 9566 ns, Total: 125396 ns
[2024-03-04T23:33:39.774+0000][7][safepoint   ] Safepoint "Cleanup", Time since last: 6000896236 ns, Reaching safepoint: 109036 ns, At safepoint: 12136 ns, Total: 121172 ns
[2024-03-04T23:33:46.775+0000][7][safepoint   ] Safepoint "Cleanup", Time since last: 7001170469 ns, Reaching safepoint: 98040 ns, At safepoint: 8667 ns, Total: 106707 ns
[2024-03-04T23:33:49.776+0000][7][safepoint   ] Safepoint "Cleanup", Time since last: 3000492159 ns, Reaching safepoint: 124179 ns, At safepoint: 8296 ns, Total: 132475 ns
[2024-03-04T23:33:50.808+0000][7][gc,start    ] GC(258) Pause Young (Normal) (G1 Evacuation Pause)
[2024-03-04T23:33:50.808+0000][7][gc,task     ] GC(258) Using 8 workers of 8 for evacuation
[2024-03-04T23:33:50.808+0000][7][gc,age      ] GC(258) Desired survivor size 41943040 bytes, new threshold 15 (max threshold 15)
[2024-03-04T23:33:50.811+0000][7][gc,phases   ] GC(258)   Pre Evacuate Collection Set: 0.1ms
[2024-03-04T23:33:50.812+0000][7][gc,phases   ] GC(258)   Merge Heap Roots: 0.1ms
[2024-03-04T23:33:50.812+0000][7][gc,phases   ] GC(258)   Evacuate Collection Set: 2.4ms
[2024-03-04T23:33:50.812+0000][7][gc,phases   ] GC(258)   Post Evacuate Collection Set: 0.9ms
[2024-03-04T23:33:50.812+0000][7][gc,phases   ] GC(258)   Other: 0.1ms
[2024-03-04T23:33:50.812+0000][7][gc,age      ] GC(258) Age table with threshold 15 (max threshold 15)
[2024-03-04T23:33:50.812+0000][7][gc,age      ] GC(258) - age   1:    2907264 bytes,    2907264 total
[2024-03-04T23:33:50.812+0000][7][gc,age      ] GC(258) - age   2:      93136 bytes,    3000400 total
[2024-03-04T23:33:50.812+0000][7][gc,age      ] GC(258) - age   3:       4488 bytes,    3004888 total
[2024-03-04T23:33:50.812+0000][7][gc,age      ] GC(258) - age   5:        600 bytes,    3005488 total
[2024-03-04T23:33:50.812+0000][7][gc,age      ] GC(258) - age   7:         64 bytes,    3005552 total
[2024-03-04T23:33:50.812+0000][7][gc,age      ] GC(258) - age   9:        208 bytes,    3005760 total
[2024-03-04T23:33:50.812+0000][7][gc,age      ] GC(258) - age  10:         24 bytes,    3005784 total
[2024-03-04T23:33:50.812+0000][7][gc,age      ] GC(258) - age  12:         96 bytes,    3005880 total
[2024-03-04T23:33:50.812+0000][7][gc,heap     ] GC(258) Eden regions: 152->0(152)
[2024-03-04T23:33:50.812+0000][7][gc,heap     ] GC(258) Survivor regions: 1->1(20)
[2024-03-04T23:33:50.812+0000][7][gc,heap     ] GC(258) Old regions: 24->24
[2024-03-04T23:33:50.812+0000][7][gc,heap     ] GC(258) Archive regions: 2->2
[2024-03-04T23:33:50.812+0000][7][gc,heap     ] GC(258) Humongous regions: 0->0
[2024-03-04T23:33:50.812+0000][7][gc,metaspace] GC(258) Metaspace: 128786K(132288K)->128786K(132288K) NonClass: 111934K(113792K)->111934K(113792K) Class: 16851K(18496K)->16851K(18496K)
[2024-03-04T23:33:50.812+0000][7][gc          ] GC(258) Pause Young (Normal) (G1 Evacuation Pause) 705M->99M(1024M) 3.786ms
[2024-03-04T23:33:50.812+0000][7][gc,cpu      ] GC(258) User=0.03s Sys=0.00s Real=0.00s
[2024-03-04T23:33:50.812+0000][7][safepoint   ] Safepoint "G1CollectForAllocation", Time since last: 1031730353 ns, Reaching safepoint: 35855 ns, At safepoint: 3882622 ns, Total: 3918477 ns
[2024-03-04T23:33:56.813+0000][7][safepoint   ] Safepoint "Cleanup", Time since last: 6000933720 ns, Reaching safepoint: 121089 ns, At safepoint: 6773 ns, Total: 127862 ns
[2024-03-04T23:33:57.813+0000][7][safepoint   ] Safepoint "Cleanup", Time since last: 1000232818 ns, Reaching safepoint: 86099 ns, At safepoint: 15632 ns, Total: 101731 ns
[2024-03-04T23:33:58.813+0000][7][safepoint   ] Safepoint "Cleanup", Time since last: 1000140990 ns, Reaching safepoint: 66608 ns, At safepoint: 6949 ns, Total: 73557 ns
[2024-03-04T23:34:27.818+0000][7][safepoint   ] Safepoint "Cleanup", Time since last: 29004161019 ns, Reaching safepoint: 88883 ns, At safepoint: 8508 ns, Total: 97391 ns
[2024-03-04T23:34:32.818+0000][7][safepoint   ] Safepoint "Cleanup", Time since last: 5000690093 ns, Reaching safepoint: 134892 ns, At safepoint: 7313 ns, Total: 142205 ns
[2024-03-04T23:34:57.821+0000][7][safepoint   ] Safepoint "Cleanup", Time since last: 25002578730 ns, Reaching safepoint: 75292 ns, At safepoint: 37478 ns, Total: 112770 ns
[2024-03-04T23:35:06.822+0000][7][safepoint   ] Safepoint "Cleanup", Time since last: 9000924064 ns, Reaching safepoint: 111266 ns, At safepoint: 8192 ns, Total: 119458 ns
[2024-03-04T23:36:02.829+0000][7][safepoint   ] Safepoint "Cleanup", Time since last: 56006772225 ns, Reaching safepoint: 75501 ns, At safepoint: 6161 ns, Total: 81662 ns
[2024-03-04T23:36:03.829+0000][7][safepoint   ] Safepoint "Cleanup", Time since last: 1000143020 ns, Reaching safepoint: 77038 ns, At safepoint: 7267 ns, Total: 84305 ns
[2024-03-04T23:36:41.835+0000][7][safepoint   ] Safepoint "Cleanup", Time since last: 38005393219 ns, Reaching safepoint: 154137 ns, At safepoint: 7403 ns, Total: 161540 ns
[2024-03-04T23:36:44.835+0000][7][safepoint   ] Safepoint "Cleanup", Time since last: 3000360900 ns, Reaching safepoint: 130295 ns, At safepoint: 12272 ns, Total: 142567 ns
[2024-03-04T23:36:45.836+0000][7][safepoint   ] Safepoint "Cleanup", Time since last: 1000223506 ns, Reaching safepoint: 72622 ns, At safepoint: 10827 ns, Total: 83449 ns
[2024-03-04T23:36:47.836+0000][7][safepoint   ] Safepoint "Cleanup", Time since last: 2000443876 ns, Reaching safepoint: 105776 ns, At safepoint: 17267 ns, Total: 123043 ns
[2024-03-04T23:36:57.838+0000][7][safepoint   ] Safepoint "Cleanup", Time since last: 10001342037 ns, Reaching safepoint: 78739 ns, At safepoint: 39118 ns, Total: 117857 ns
[2024-03-04T23:37:02.827+0000][7][gc,start    ] GC(259) Pause Young (Normal) (G1 Evacuation Pause)
[2024-03-04T23:37:02.827+0000][7][gc,task     ] GC(259) Using 8 workers of 8 for evacuation
[2024-03-04T23:37:02.827+0000][7][gc,age      ] GC(259) Desired survivor size 41943040 bytes, new threshold 15 (max threshold 15)
[2024-03-04T23:37:02.830+0000][7][gc,phases   ] GC(259)   Pre Evacuate Collection Set: 0.1ms
[2024-03-04T23:37:02.830+0000][7][gc,phases   ] GC(259)   Merge Heap Roots: 0.1ms
[2024-03-04T23:37:02.830+0000][7][gc,phases   ] GC(259)   Evacuate Collection Set: 2.5ms
[2024-03-04T23:37:02.830+0000][7][gc,phases   ] GC(259)   Post Evacuate Collection Set: 0.7ms
[2024-03-04T23:37:02.830+0000][7][gc,phases   ] GC(259)   Other: 0.1ms
[2024-03-04T23:37:02.830+0000][7][gc,age      ] GC(259) Age table with threshold 15 (max threshold 15)
[2024-03-04T23:37:02.830+0000][7][gc,age      ] GC(259) - age   1:    1621272 bytes,    1621272 total
[2024-03-04T23:37:02.830+0000][7][gc,age      ] GC(259) - age   2:    2021112 bytes,    3642384 total
[2024-03-04T23:37:02.830+0000][7][gc,age      ] GC(259) - age   3:      91888 bytes,    3734272 total
[2024-03-04T23:37:02.830+0000][7][gc,age      ] GC(259) - age   4:        784 bytes,    3735056 total
[2024-03-04T23:37:02.830+0000][7][gc,age      ] GC(259) - age   6:        600 bytes,    3735656 total
[2024-03-04T23:37:02.830+0000][7][gc,age      ] GC(259) - age  10:        208 bytes,    3735864 total
[2024-03-04T23:37:02.830+0000][7][gc,age      ] GC(259) - age  11:         24 bytes,    3735888 total
[2024-03-04T23:37:02.830+0000][7][gc,age      ] GC(259) - age  13:         96 bytes,    3735984 total
[2024-03-04T23:37:02.830+0000][7][gc,heap     ] GC(259) Eden regions: 152->0(152)
[2024-03-04T23:37:02.830+0000][7][gc,heap     ] GC(259) Survivor regions: 1->1(20)
[2024-03-04T23:37:02.830+0000][7][gc,heap     ] GC(259) Old regions: 24->24
[2024-03-04T23:37:02.830+0000][7][gc,heap     ] GC(259) Archive regions: 2->2
[2024-03-04T23:37:02.830+0000][7][gc,heap     ] GC(259) Humongous regions: 0->0
[2024-03-04T23:37:02.830+0000][7][gc,metaspace] GC(259) Metaspace: 128788K(132288K)->128788K(132288K) NonClass: 111937K(113792K)->111937K(113792K) Class: 16851K(18496K)->16851K(18496K)
[2024-03-04T23:37:02.830+0000][7][gc          ] GC(259) Pause Young (Normal) (G1 Evacuation Pause) 707M->100M(1024M) 3.765ms
[2024-03-04T23:37:02.830+0000][7][gc,cpu      ] GC(259) User=0.03s Sys=0.00s Real=0.00s
[2024-03-04T23:37:02.831+0000][7][safepoint   ] Safepoint "G1CollectForAllocation", Time since last: 4988975819 ns, Reaching safepoint: 59032 ns, At safepoint: 3851620 ns, Total: 3910652 ns
[2024-03-04T23:37:06.831+0000][7][safepoint   ] Safepoint "Cleanup", Time since last: 4000815110 ns, Reaching safepoint: 123008 ns, At safepoint: 8483 ns, Total: 131491 ns
[2024-03-04T23:37:08.832+0000][7][safepoint   ] Safepoint "Cleanup", Time since last: 2000411759 ns, Reaching safepoint: 132022 ns, At safepoint: 26960 ns, Total: 158982 ns
[2024-03-04T23:37:14.833+0000][7][safepoint   ] Safepoint "Cleanup", Time since last: 6000703797 ns, Reaching safepoint: 139994 ns, At safepoint: 10674 ns, Total: 150668 ns
[2024-03-04T23:38:14.840+0000][7][safepoint   ] Safepoint "Cleanup", Time since last: 60006798381 ns, Reaching safepoint: 81940 ns, At safepoint: 6850 ns, Total: 88790 ns
[2024-03-04T23:38:16.840+0000][7][safepoint   ] Safepoint "Cleanup", Time since last: 2000195036 ns, Reaching safepoint: 44836 ns, At safepoint: 3565 ns, Total: 48401 ns
[2024-03-04T23:39:14.846+0000][7][safepoint   ] Safepoint "Cleanup", Time since last: 58006138636 ns, Reaching safepoint: 92386 ns, At safepoint: 9051 ns, Total: 101437 ns
[2024-03-04T23:39:32.849+0000][7][safepoint   ] Safepoint "Cleanup", Time since last: 18002144970 ns, Reaching safepoint: 108143 ns, At safepoint: 9747 ns, Total: 117890 ns
[2024-03-04T23:40:03.935+0000][7][gc,start    ] GC(260) Pause Young (Normal) (G1 Evacuation Pause)
[2024-03-04T23:40:03.935+0000][7][gc,task     ] GC(260) Using 8 workers of 8 for evacuation
[2024-03-04T23:40:03.935+0000][7][gc,age      ] GC(260) Desired survivor size 41943040 bytes, new threshold 15 (max threshold 15)
[2024-03-04T23:40:03.938+0000][7][gc,phases   ] GC(260)   Pre Evacuate Collection Set: 0.1ms
[2024-03-04T23:40:03.938+0000][7][gc,phases   ] GC(260)   Merge Heap Roots: 0.1ms
[2024-03-04T23:40:03.938+0000][7][gc,phases   ] GC(260)   Evacuate Collection Set: 2.0ms
[2024-03-04T23:40:03.938+0000][7][gc,phases   ] GC(260)   Post Evacuate Collection Set: 0.6ms
[2024-03-04T23:40:03.938+0000][7][gc,phases   ] GC(260)   Other: 0.1ms
[2024-03-04T23:40:03.938+0000][7][gc,age      ] GC(260) Age table with threshold 15 (max threshold 15)
[2024-03-04T23:40:03.938+0000][7][gc,age      ] GC(260) - age   1:    2079992 bytes,    2079992 total
[2024-03-04T23:40:03.938+0000][7][gc,age      ] GC(260) - age   2:      16672 bytes,    2096664 total
[2024-03-04T23:40:03.938+0000][7][gc,age      ] GC(260) - age   3:    1850656 bytes,    3947320 total
[2024-03-04T23:40:03.938+0000][7][gc,age      ] GC(260) - age   4:      91064 bytes,    4038384 total
[2024-03-04T23:40:03.938+0000][7][gc,age      ] GC(260) - age   5:        600 bytes,    4038984 total
[2024-03-04T23:40:03.938+0000][7][gc,age      ] GC(260) - age   7:        600 bytes,    4039584 total
[2024-03-04T23:40:03.938+0000][7][gc,age      ] GC(260) - age  11:        208 bytes,    4039792 total
[2024-03-04T23:40:03.938+0000][7][gc,age      ] GC(260) - age  12:         24 bytes,    4039816 total
[2024-03-04T23:40:03.938+0000][7][gc,age      ] GC(260) - age  14:         96 bytes,    4039912 total
[2024-03-04T23:40:03.938+0000][7][gc,heap     ] GC(260) Eden regions: 152->0(151)
[2024-03-04T23:40:03.938+0000][7][gc,heap     ] GC(260) Survivor regions: 1->2(20)
[2024-03-04T23:40:03.938+0000][7][gc,heap     ] GC(260) Old regions: 24->24
[2024-03-04T23:40:03.938+0000][7][gc,heap     ] GC(260) Archive regions: 2->2
[2024-03-04T23:40:03.938+0000][7][gc,heap     ] GC(260) Humongous regions: 0->0
[2024-03-04T23:40:03.938+0000][7][gc,metaspace] GC(260) Metaspace: 128788K(132288K)->128788K(132288K) NonClass: 111937K(113792K)->111937K(113792K) Class: 16851K(18496K)->16851K(18496K)
[2024-03-04T23:40:03.938+0000][7][gc          ] GC(260) Pause Young (Normal) (G1 Evacuation Pause) 708M->100M(1024M) 2.980ms
[2024-03-04T23:40:03.938+0000][7][gc,cpu      ] GC(260) User=0.01s Sys=0.00s Real=0.01s
[2024-03-04T23:40:03.938+0000][7][safepoint   ] Safepoint "G1CollectForAllocation", Time since last: 31086670073 ns, Reaching safepoint: 36367 ns, At safepoint: 3047099 ns, Total: 3083466 ns
[2024-03-04T23:40:20.941+0000][7][safepoint   ] Safepoint "Cleanup", Time since last: 17002216562 ns, Reaching safepoint: 97866 ns, At safepoint: 9121 ns, Total: 106987 ns
[2024-03-04T23:40:52.944+0000][7][safepoint   ] Safepoint "Cleanup", Time since last: 32003203430 ns, Reaching safepoint: 87748 ns, At safepoint: 42525 ns, Total: 130273 ns
[2024-03-04T23:41:06.945+0000][7][safepoint   ] Safepoint "Cleanup", Time since last: 14001106187 ns, Reaching safepoint: 94898 ns, At safepoint: 10338 ns, Total: 105236 ns
[2024-03-04T23:41:26.948+0000][7][safepoint   ] Safepoint "Cleanup", Time since last: 20002461467 ns, Reaching safepoint: 88251 ns, At safepoint: 45780 ns, Total: 134031 ns
[2024-03-04T23:41:42.949+0000][7][safepoint   ] Safepoint "Cleanup", Time since last: 16001702554 ns, Reaching safepoint: 61351 ns, At safepoint: 6182 ns, Total: 67533 ns
[2024-03-04T23:41:51.846+0000][7][safepoint   ] Safepoint "Cleanup", Time since last: 8896157648 ns, Reaching safepoint: 356905 ns, At safepoint: 7094 ns, Total: 363999 ns
[2024-03-04T23:41:57.847+0000][7][safepoint   ] Safepoint "Cleanup", Time since last: 6000551780 ns, Reaching safepoint: 73811 ns, At safepoint: 7880 ns, Total: 81691 ns
[2024-03-04T23:42:16.849+0000][7][safepoint   ] Safepoint "Cleanup", Time since last: 19001860818 ns, Reaching safepoint: 100887 ns, At safepoint: 10961 ns, Total: 111848 ns
[2024-03-04T23:42:57.854+0000][7][safepoint   ] Safepoint "Cleanup", Time since last: 41004805454 ns, Reaching safepoint: 79299 ns, At safepoint: 37360 ns, Total: 116659 ns
[2024-03-04T23:43:08.849+0000][7][gc,start    ] GC(261) Pause Young (Normal) (G1 Evacuation Pause)
[2024-03-04T23:43:08.849+0000][7][gc,task     ] GC(261) Using 8 workers of 8 for evacuation
[2024-03-04T23:43:08.849+0000][7][gc,age      ] GC(261) Desired survivor size 41943040 bytes, new threshold 15 (max threshold 15)
[2024-03-04T23:43:08.852+0000][7][gc,phases   ] GC(261)   Pre Evacuate Collection Set: 0.1ms
[2024-03-04T23:43:08.852+0000][7][gc,phases   ] GC(261)   Merge Heap Roots: 0.1ms
[2024-03-04T23:43:08.852+0000][7][gc,phases   ] GC(261)   Evacuate Collection Set: 2.3ms
[2024-03-04T23:43:08.852+0000][7][gc,phases   ] GC(261)   Post Evacuate Collection Set: 0.7ms
[2024-03-04T23:43:08.852+0000][7][gc,phases   ] GC(261)   Other: 0.1ms
[2024-03-04T23:43:08.852+0000][7][gc,age      ] GC(261) Age table with threshold 15 (max threshold 15)
[2024-03-04T23:43:08.852+0000][7][gc,age      ] GC(261) - age   1:    1068152 bytes,    1068152 total
[2024-03-04T23:43:08.852+0000][7][gc,age      ] GC(261) - age   2:     225704 bytes,    1293856 total
[2024-03-04T23:43:08.852+0000][7][gc,age      ] GC(261) - age   3:      13176 bytes,    1307032 total
[2024-03-04T23:43:08.852+0000][7][gc,age      ] GC(261) - age   4:    1849584 bytes,    3156616 total
[2024-03-04T23:43:08.852+0000][7][gc,age      ] GC(261) - age   5:      91064 bytes,    3247680 total
[2024-03-04T23:43:08.852+0000][7][gc,age      ] GC(261) - age   6:        208 bytes,    3247888 total
[2024-03-04T23:43:08.852+0000][7][gc,age      ] GC(261) - age  12:         24 bytes,    3247912 total
[2024-03-04T23:43:08.852+0000][7][gc,age      ] GC(261) - age  13:         24 bytes,    3247936 total
[2024-03-04T23:43:08.852+0000][7][gc,age      ] GC(261) - age  15:         96 bytes,    3248032 total
[2024-03-04T23:43:08.852+0000][7][gc,heap     ] GC(261) Eden regions: 151->0(152)
[2024-03-04T23:43:08.852+0000][7][gc,heap     ] GC(261) Survivor regions: 2->1(20)
[2024-03-04T23:43:08.852+0000][7][gc,heap     ] GC(261) Old regions: 24->24
[2024-03-04T23:43:08.852+0000][7][gc,heap     ] GC(261) Archive regions: 2->2
[2024-03-04T23:43:08.852+0000][7][gc,heap     ] GC(261) Humongous regions: 0->0
[2024-03-04T23:43:08.852+0000][7][gc,metaspace] GC(261) Metaspace: 128791K(132288K)->128791K(132288K) NonClass: 111939K(113792K)->111939K(113792K) Class: 16851K(18496K)->16851K(18496K)
[2024-03-04T23:43:08.853+0000][7][gc          ] GC(261) Pause Young (Normal) (G1 Evacuation Pause) 704M->99M(1024M) 3.596ms
[2024-03-04T23:43:08.853+0000][7][gc,cpu      ] GC(261) User=0.02s Sys=0.01s Real=0.00s
[2024-03-04T23:43:08.853+0000][7][safepoint   ] Safepoint "G1CollectForAllocation", Time since last: 10995285261 ns, Reaching safepoint: 58701 ns, At safepoint: 3699292 ns, Total: 3757993 ns
[2024-03-04T23:43:48.857+0000][7][safepoint   ] Safepoint "Cleanup", Time since last: 40004507486 ns, Reaching safepoint: 86398 ns, At safepoint: 5115 ns, Total: 91513 ns
[2024-03-04T23:44:06.859+0000][7][safepoint   ] Safepoint "Cleanup", Time since last: 18002202410 ns, Reaching safepoint: 74354 ns, At safepoint: 6307 ns, Total: 80661 ns
[2024-03-04T23:45:06.866+0000][7][safepoint   ] Safepoint "Cleanup", Time since last: 60006827232 ns, Reaching safepoint: 76315 ns, At safepoint: 9813 ns, Total: 86128 ns
[2024-03-04T23:45:19.868+0000][7][safepoint   ] Safepoint "Cleanup", Time since last: 13001151884 ns, Reaching safepoint: 55161 ns, At safepoint: 11726 ns, Total: 66887 ns
[2024-03-04T23:45:35.866+0000][7][gc,start    ] GC(262) Pause Young (Normal) (G1 Evacuation Pause)
[2024-03-04T23:45:35.866+0000][7][gc,task     ] GC(262) Using 8 workers of 8 for evacuation
[2024-03-04T23:45:35.866+0000][7][gc,age      ] GC(262) Desired survivor size 41943040 bytes, new threshold 15 (max threshold 15)
[2024-03-04T23:45:35.874+0000][7][gc,phases   ] GC(262)   Pre Evacuate Collection Set: 0.1ms
[2024-03-04T23:45:35.874+0000][7][gc,phases   ] GC(262)   Merge Heap Roots: 0.1ms
[2024-03-04T23:45:35.874+0000][7][gc,phases   ] GC(262)   Evacuate Collection Set: 5.0ms
[2024-03-04T23:45:35.874+0000][7][gc,phases   ] GC(262)   Post Evacuate Collection Set: 2.1ms
[2024-03-04T23:45:35.874+0000][7][gc,phases   ] GC(262)   Other: 0.1ms
[2024-03-04T23:45:35.874+0000][7][gc,age      ] GC(262) Age table with threshold 15 (max threshold 15)
[2024-03-04T23:45:35.874+0000][7][gc,age      ] GC(262) - age   1:    1269808 bytes,    1269808 total
[2024-03-04T23:45:35.874+0000][7][gc,age      ] GC(262) - age   2:      15720 bytes,    1285528 total
[2024-03-04T23:45:35.874+0000][7][gc,age      ] GC(262) - age   3:     223816 bytes,    1509344 total
[2024-03-04T23:45:35.874+0000][7][gc,age      ] GC(262) - age   4:      12928 bytes,    1522272 total
[2024-03-04T23:45:35.874+0000][7][gc,age      ] GC(262) - age   5:    1841568 bytes,    3363840 total
[2024-03-04T23:45:35.874+0000][7][gc,age      ] GC(262) - age   6:      91064 bytes,    3454904 total
[2024-03-04T23:45:35.874+0000][7][gc,age      ] GC(262) - age   7:        208 bytes,    3455112 total
[2024-03-04T23:45:35.874+0000][7][gc,age      ] GC(262) - age  13:         24 bytes,    3455136 total
[2024-03-04T23:45:35.874+0000][7][gc,age      ] GC(262) - age  14:         24 bytes,    3455160 total
[2024-03-04T23:45:35.874+0000][7][gc,heap     ] GC(262) Eden regions: 152->0(152)
[2024-03-04T23:45:35.874+0000][7][gc,heap     ] GC(262) Survivor regions: 1->1(20)
[2024-03-04T23:45:35.874+0000][7][gc,heap     ] GC(262) Old regions: 24->24
[2024-03-04T23:45:35.874+0000][7][gc,heap     ] GC(262) Archive regions: 2->2
[2024-03-04T23:45:35.874+0000][7][gc,heap     ] GC(262) Humongous regions: 0->0
[2024-03-04T23:45:35.874+0000][7][gc,metaspace] GC(262) Metaspace: 128791K(132288K)->128791K(132288K) NonClass: 111939K(113792K)->111939K(113792K) Class: 16851K(18496K)->16851K(18496K)
[2024-03-04T23:45:35.874+0000][7][gc          ] GC(262) Pause Young (Normal) (G1 Evacuation Pause) 707M->100M(1024M) 7.787ms
[2024-03-04T23:45:35.874+0000][7][gc,cpu      ] GC(262) User=0.02s Sys=0.00s Real=0.00s
[2024-03-04T23:45:35.874+0000][7][safepoint   ] Safepoint "G1CollectForAllocation", Time since last: 15998525749 ns, Reaching safepoint: 49340 ns, At safepoint: 7889974 ns, Total: 7939314 ns
[2024-03-04T23:47:50.959+0000][7][gc,start    ] GC(263) Pause Young (Normal) (G1 Evacuation Pause)
[2024-03-04T23:47:50.959+0000][7][gc,task     ] GC(263) Using 8 workers of 8 for evacuation
[2024-03-04T23:47:50.959+0000][7][gc,age      ] GC(263) Desired survivor size 41943040 bytes, new threshold 15 (max threshold 15)
[2024-03-04T23:47:50.962+0000][7][gc,phases   ] GC(263)   Pre Evacuate Collection Set: 0.1ms
[2024-03-04T23:47:50.962+0000][7][gc,phases   ] GC(263)   Merge Heap Roots: 0.1ms
[2024-03-04T23:47:50.962+0000][7][gc,phases   ] GC(263)   Evacuate Collection Set: 2.0ms
[2024-03-04T23:47:50.962+0000][7][gc,phases   ] GC(263)   Post Evacuate Collection Set: 0.7ms
[2024-03-04T23:47:50.962+0000][7][gc,phases   ] GC(263)   Other: 0.1ms
[2024-03-04T23:47:50.962+0000][7][gc,age      ] GC(263) Age table with threshold 15 (max threshold 15)
[2024-03-04T23:47:50.962+0000][7][gc,age      ] GC(263) - age   1:    2204784 bytes,    2204784 total
[2024-03-04T23:47:50.962+0000][7][gc,age      ] GC(263) - age   2:      10224 bytes,    2215008 total
[2024-03-04T23:47:50.962+0000][7][gc,age      ] GC(263) - age   3:      12424 bytes,    2227432 total
[2024-03-04T23:47:50.962+0000][7][gc,age      ] GC(263) - age   4:     223624 bytes,    2451056 total
[2024-03-04T23:47:50.962+0000][7][gc,age      ] GC(263) - age   5:       9472 bytes,    2460528 total
[2024-03-04T23:47:50.962+0000][7][gc,age      ] GC(263) - age   6:    1841568 bytes,    4302096 total
[2024-03-04T23:47:50.962+0000][7][gc,age      ] GC(263) - age   7:      91064 bytes,    4393160 total
[2024-03-04T23:47:50.962+0000][7][gc,age      ] GC(263) - age   8:        208 bytes,    4393368 total
[2024-03-04T23:47:50.962+0000][7][gc,age      ] GC(263) - age  14:         24 bytes,    4393392 total
[2024-03-04T23:47:50.962+0000][7][gc,age      ] GC(263) - age  15:         24 bytes,    4393416 total
[2024-03-04T23:47:50.962+0000][7][gc,heap     ] GC(263) Eden regions: 152->0(151)
[2024-03-04T23:47:50.962+0000][7][gc,heap     ] GC(263) Survivor regions: 1->2(20)
[2024-03-04T23:47:50.962+0000][7][gc,heap     ] GC(263) Old regions: 24->24
[2024-03-04T23:47:50.962+0000][7][gc,heap     ] GC(263) Archive regions: 2->2
[2024-03-04T23:47:50.962+0000][7][gc,heap     ] GC(263) Humongous regions: 0->0
[2024-03-04T23:47:50.962+0000][7][gc,metaspace] GC(263) Metaspace: 128791K(132288K)->128791K(132288K) NonClass: 111939K(113792K)->111939K(113792K) Class: 16851K(18496K)->16851K(18496K)
[2024-03-04T23:47:50.962+0000][7][gc          ] GC(263) Pause Young (Normal) (G1 Evacuation Pause) 708M->101M(1024M) 2.979ms
[2024-03-04T23:47:50.962+0000][7][gc,cpu      ] GC(263) User=0.02s Sys=0.00s Real=0.00s
[2024-03-04T23:47:50.962+0000][7][safepoint   ] Safepoint "G1CollectForAllocation", Time since last: 135084863314 ns, Reaching safepoint: 38544 ns, At safepoint: 3045207 ns, Total: 3083751 ns
[2024-03-04T23:48:06.965+0000][7][safepoint   ] Safepoint "Cleanup", Time since last: 16002549503 ns, Reaching safepoint: 85297 ns, At safepoint: 9574 ns, Total: 94871 ns
[2024-03-04T23:48:33.968+0000][7][safepoint   ] Safepoint "Cleanup", Time since last: 27002771966 ns, Reaching safepoint: 72425 ns, At safepoint: 5215 ns, Total: 77640 ns
[2024-03-04T23:48:56.970+0000][7][safepoint   ] Safepoint "Cleanup", Time since last: 23002227549 ns, Reaching safepoint: 48461 ns, At safepoint: 31553 ns, Total: 80014 ns
[2024-03-04T23:50:41.828+0000][7][gc,start    ] GC(264) Pause Young (Normal) (G1 Evacuation Pause)
[2024-03-04T23:50:41.828+0000][7][gc,task     ] GC(264) Using 8 workers of 8 for evacuation
[2024-03-04T23:50:41.828+0000][7][gc,age      ] GC(264) Desired survivor size 41943040 bytes, new threshold 15 (max threshold 15)
[2024-03-04T23:50:41.833+0000][7][gc,phases   ] GC(264)   Pre Evacuate Collection Set: 0.2ms
[2024-03-04T23:50:41.833+0000][7][gc,phases   ] GC(264)   Merge Heap Roots: 0.1ms
[2024-03-04T23:50:41.833+0000][7][gc,phases   ] GC(264)   Evacuate Collection Set: 2.9ms
[2024-03-04T23:50:41.833+0000][7][gc,phases   ] GC(264)   Post Evacuate Collection Set: 0.9ms
[2024-03-04T23:50:41.833+0000][7][gc,phases   ] GC(264)   Other: 0.3ms
[2024-03-04T23:50:41.833+0000][7][gc,age      ] GC(264) Age table with threshold 15 (max threshold 15)
[2024-03-04T23:50:41.833+0000][7][gc,age      ] GC(264) - age   1:    1495656 bytes,    1495656 total
[2024-03-04T23:50:41.833+0000][7][gc,age      ] GC(264) - age   2:       6712 bytes,    1502368 total
[2024-03-04T23:50:41.833+0000][7][gc,age      ] GC(264) - age   3:       8600 bytes,    1510968 total
[2024-03-04T23:50:41.833+0000][7][gc,age      ] GC(264) - age   4:      11744 bytes,    1522712 total
[2024-03-04T23:50:41.833+0000][7][gc,age      ] GC(264) - age   5:     223536 bytes,    1746248 total
[2024-03-04T23:50:41.833+0000][7][gc,age      ] GC(264) - age   6:       9472 bytes,    1755720 total
[2024-03-04T23:50:41.833+0000][7][gc,age      ] GC(264) - age   7:    1808568 bytes,    3564288 total
[2024-03-04T23:50:41.833+0000][7][gc,age      ] GC(264) - age   8:      91064 bytes,    3655352 total
[2024-03-04T23:50:41.833+0000][7][gc,age      ] GC(264) - age   9:        208 bytes,    3655560 total
[2024-03-04T23:50:41.833+0000][7][gc,age      ] GC(264) - age  15:         24 bytes,    3655584 total
[2024-03-04T23:50:41.833+0000][7][gc,heap     ] GC(264) Eden regions: 151->0(152)
[2024-03-04T23:50:41.833+0000][7][gc,heap     ] GC(264) Survivor regions: 2->1(20)
[2024-03-04T23:50:41.833+0000][7][gc,heap     ] GC(264) Old regions: 24->24
[2024-03-04T23:50:41.833+0000][7][gc,heap     ] GC(264) Archive regions: 2->2
[2024-03-04T23:50:41.833+0000][7][gc,heap     ] GC(264) Humongous regions: 0->0
[2024-03-04T23:50:41.833+0000][7][gc,metaspace] GC(264) Metaspace: 128793K(132288K)->128793K(132288K) NonClass: 111942K(113792K)->111942K(113792K) Class: 16851K(18496K)->16851K(18496K)
[2024-03-04T23:50:41.833+0000][7][gc          ] GC(264) Pause Young (Normal) (G1 Evacuation Pause) 705M->100M(1024M) 4.685ms
[2024-03-04T23:50:41.833+0000][7][gc,cpu      ] GC(264) User=0.03s Sys=0.00s Real=0.00s
[2024-03-04T23:50:41.833+0000][7][safepoint   ] Safepoint "G1CollectForAllocation", Time since last: 104858298725 ns, Reaching safepoint: 99791 ns, At safepoint: 4781238 ns, Total: 4881029 ns
[2024-03-04T23:51:42.839+0000][7][safepoint   ] Safepoint "Cleanup", Time since last: 61005847414 ns, Reaching safepoint: 114124 ns, At safepoint: 12835 ns, Total: 126959 ns
[2024-03-04T23:51:54.840+0000][7][safepoint   ] Safepoint "Cleanup", Time since last: 12001430956 ns, Reaching safepoint: 85869 ns, At safepoint: 7840 ns, Total: 93709 ns
[2024-03-04T23:51:55.841+0000][7][safepoint   ] Safepoint "Cleanup", Time since last: 1000210308 ns, Reaching safepoint: 74001 ns, At safepoint: 16082 ns, Total: 90083 ns
[2024-03-04T23:52:53.825+0000][7][gc,start    ] GC(265) Pause Young (Normal) (G1 Evacuation Pause)
[2024-03-04T23:52:53.825+0000][7][gc,task     ] GC(265) Using 8 workers of 8 for evacuation
[2024-03-04T23:52:53.825+0000][7][gc,age      ] GC(265) Desired survivor size 41943040 bytes, new threshold 15 (max threshold 15)
[2024-03-04T23:52:53.829+0000][7][gc,phases   ] GC(265)   Pre Evacuate Collection Set: 0.2ms
[2024-03-04T23:52:53.829+0000][7][gc,phases   ] GC(265)   Merge Heap Roots: 0.1ms
[2024-03-04T23:52:53.829+0000][7][gc,phases   ] GC(265)   Evacuate Collection Set: 2.5ms
[2024-03-04T23:52:53.829+0000][7][gc,phases   ] GC(265)   Post Evacuate Collection Set: 0.9ms
[2024-03-04T23:52:53.829+0000][7][gc,phases   ] GC(265)   Other: 0.1ms
[2024-03-04T23:52:53.829+0000][7][gc,age      ] GC(265) Age table with threshold 15 (max threshold 15)
[2024-03-04T23:52:53.829+0000][7][gc,age      ] GC(265) - age   1:     546992 bytes,     546992 total
[2024-03-04T23:52:53.829+0000][7][gc,age      ] GC(265) - age   2:       5848 bytes,     552840 total
[2024-03-04T23:52:53.829+0000][7][gc,age      ] GC(265) - age   3:       4280 bytes,     557120 total
[2024-03-04T23:52:53.829+0000][7][gc,age      ] GC(265) - age   4:       8344 bytes,     565464 total
[2024-03-04T23:52:53.829+0000][7][gc,age      ] GC(265) - age   5:      10904 bytes,     576368 total
[2024-03-04T23:52:53.829+0000][7][gc,age      ] GC(265) - age   6:     223536 bytes,     799904 total
[2024-03-04T23:52:53.829+0000][7][gc,age      ] GC(265) - age   7:       9472 bytes,     809376 total
[2024-03-04T23:52:53.829+0000][7][gc,age      ] GC(265) - age   8:    1807208 bytes,    2616584 total
[2024-03-04T23:52:53.829+0000][7][gc,age      ] GC(265) - age   9:      90880 bytes,    2707464 total
[2024-03-04T23:52:53.829+0000][7][gc,age      ] GC(265) - age  10:        208 bytes,    2707672 total
[2024-03-04T23:52:53.829+0000][7][gc,heap     ] GC(265) Eden regions: 152->0(152)
[2024-03-04T23:52:53.829+0000][7][gc,heap     ] GC(265) Survivor regions: 1->1(20)
[2024-03-04T23:52:53.829+0000][7][gc,heap     ] GC(265) Old regions: 24->24
[2024-03-04T23:52:53.829+0000][7][gc,heap     ] GC(265) Archive regions: 2->2
[2024-03-04T23:52:53.829+0000][7][gc,heap     ] GC(265) Humongous regions: 0->0
[2024-03-04T23:52:53.829+0000][7][gc,metaspace] GC(265) Metaspace: 128794K(132288K)->128794K(132288K) NonClass: 111942K(113792K)->111942K(113792K) Class: 16851K(18496K)->16851K(18496K)
[2024-03-04T23:52:53.829+0000][7][gc          ] GC(265) Pause Young (Normal) (G1 Evacuation Pause) 708M->99M(1024M) 4.092ms
[2024-03-04T23:52:53.829+0000][7][gc,cpu      ] GC(265) User=0.02s Sys=0.00s Real=0.00s
[2024-03-04T23:52:53.829+0000][7][safepoint   ] Safepoint "G1CollectForAllocation", Time since last: 57984392455 ns, Reaching safepoint: 56695 ns, At safepoint: 4193761 ns, Total: 4250456 ns
[2024-03-04T23:53:51.836+0000][7][safepoint   ] Safepoint "Cleanup", Time since last: 58005980212 ns, Reaching safepoint: 74762 ns, At safepoint: 11818 ns, Total: 86580 ns
[2024-03-04T23:55:15.609+0000][7][gc,start    ] GC(266) Pause Young (Normal) (G1 Evacuation Pause)
[2024-03-04T23:55:15.609+0000][7][gc,task     ] GC(266) Using 8 workers of 8 for evacuation
[2024-03-04T23:55:15.609+0000][7][gc,age      ] GC(266) Desired survivor size 41943040 bytes, new threshold 15 (max threshold 15)
[2024-03-04T23:55:15.612+0000][7][gc,phases   ] GC(266)   Pre Evacuate Collection Set: 0.1ms
[2024-03-04T23:55:15.613+0000][7][gc,phases   ] GC(266)   Merge Heap Roots: 0.1ms
[2024-03-04T23:55:15.613+0000][7][gc,phases   ] GC(266)   Evacuate Collection Set: 2.5ms
[2024-03-04T23:55:15.613+0000][7][gc,phases   ] GC(266)   Post Evacuate Collection Set: 0.9ms
[2024-03-04T23:55:15.613+0000][7][gc,phases   ] GC(266)   Other: 0.1ms
[2024-03-04T23:55:15.613+0000][7][gc,age      ] GC(266) Age table with threshold 15 (max threshold 15)
[2024-03-04T23:55:15.613+0000][7][gc,age      ] GC(266) - age   1:     840384 bytes,     840384 total
[2024-03-04T23:55:15.613+0000][7][gc,age      ] GC(266) - age   2:     142928 bytes,     983312 total
[2024-03-04T23:55:15.613+0000][7][gc,age      ] GC(266) - age   3:       2936 bytes,     986248 total
[2024-03-04T23:55:15.613+0000][7][gc,age      ] GC(266) - age   4:       3896 bytes,     990144 total
[2024-03-04T23:55:15.613+0000][7][gc,age      ] GC(266) - age   5:       8344 bytes,     998488 total
[2024-03-04T23:55:15.613+0000][7][gc,age      ] GC(266) - age   6:      10904 bytes,    1009392 total
[2024-03-04T23:55:15.613+0000][7][gc,age      ] GC(266) - age   7:     223352 bytes,    1232744 total
[2024-03-04T23:55:15.613+0000][7][gc,age      ] GC(266) - age   8:       1272 bytes,    1234016 total
[2024-03-04T23:55:15.613+0000][7][gc,age      ] GC(266) - age   9:    1807208 bytes,    3041224 total
[2024-03-04T23:55:15.613+0000][7][gc,age      ] GC(266) - age  10:      90880 bytes,    3132104 total
[2024-03-04T23:55:15.613+0000][7][gc,age      ] GC(266) - age  11:        208 bytes,    3132312 total
[2024-03-04T23:55:15.613+0000][7][gc,heap     ] GC(266) Eden regions: 152->0(152)
[2024-03-04T23:55:15.613+0000][7][gc,heap     ] GC(266) Survivor regions: 1->1(20)
[2024-03-04T23:55:15.613+0000][7][gc,heap     ] GC(266) Old regions: 24->24
[2024-03-04T23:55:15.613+0000][7][gc,heap     ] GC(266) Archive regions: 2->2
[2024-03-04T23:55:15.613+0000][7][gc,heap     ] GC(266) Humongous regions: 0->0
[2024-03-04T23:55:15.613+0000][7][gc,metaspace] GC(266) Metaspace: 128794K(132288K)->128794K(132288K) NonClass: 111942K(113792K)->111942K(113792K) Class: 16851K(18496K)->16851K(18496K)
[2024-03-04T23:55:15.613+0000][7][gc          ] GC(266) Pause Young (Normal) (G1 Evacuation Pause) 707M->99M(1024M) 4.041ms
[2024-03-04T23:55:15.613+0000][7][gc,cpu      ] GC(266) User=0.02s Sys=0.00s Real=0.00s
[2024-03-04T23:55:15.613+0000][7][safepoint   ] Safepoint "G1CollectForAllocation", Time since last: 83773074660 ns, Reaching safepoint: 38485 ns, At safepoint: 4141059 ns, Total: 4179544 ns
[2024-03-04T23:55:27.614+0000][7][safepoint   ] Safepoint "Cleanup", Time since last: 12001307844 ns, Reaching safepoint: 80172 ns, At safepoint: 6501 ns, Total: 86673 ns
[2024-03-04T23:55:37.615+0000][7][safepoint   ] Safepoint "Cleanup", Time since last: 10001081016 ns, Reaching safepoint: 105196 ns, At safepoint: 112878 ns, Total: 218074 ns
[2024-03-04T23:58:17.874+0000][7][gc,start    ] GC(267) Pause Young (Normal) (G1 Evacuation Pause)
[2024-03-04T23:58:17.874+0000][7][gc,task     ] GC(267) Using 8 workers of 8 for evacuation
[2024-03-04T23:58:17.874+0000][7][gc,age      ] GC(267) Desired survivor size 41943040 bytes, new threshold 15 (max threshold 15)
[2024-03-04T23:58:17.878+0000][7][gc,phases   ] GC(267)   Pre Evacuate Collection Set: 0.1ms
[2024-03-04T23:58:17.878+0000][7][gc,phases   ] GC(267)   Merge Heap Roots: 0.1ms
[2024-03-04T23:58:17.878+0000][7][gc,phases   ] GC(267)   Evacuate Collection Set: 2.8ms
[2024-03-04T23:58:17.878+0000][7][gc,phases   ] GC(267)   Post Evacuate Collection Set: 0.8ms
[2024-03-04T23:58:17.878+0000][7][gc,phases   ] GC(267)   Other: 0.1ms
[2024-03-04T23:58:17.878+0000][7][gc,age      ] GC(267) Age table with threshold 15 (max threshold 15)
[2024-03-04T23:58:17.878+0000][7][gc,age      ] GC(267) - age   1:    1674952 bytes,    1674952 total
[2024-03-04T23:58:17.878+0000][7][gc,age      ] GC(267) - age   2:       3128 bytes,    1678080 total
[2024-03-04T23:58:17.878+0000][7][gc,age      ] GC(267) - age   3:     141752 bytes,    1819832 total
[2024-03-04T23:58:17.878+0000][7][gc,age      ] GC(267) - age   4:       2064 bytes,    1821896 total
[2024-03-04T23:58:17.878+0000][7][gc,age      ] GC(267) - age   6:       8152 bytes,    1830048 total
[2024-03-04T23:58:17.878+0000][7][gc,age      ] GC(267) - age   7:      10512 bytes,    1840560 total
[2024-03-04T23:58:17.878+0000][7][gc,age      ] GC(267) - age   8:     223352 bytes,    2063912 total
[2024-03-04T23:58:17.878+0000][7][gc,age      ] GC(267) - age   9:       1272 bytes,    2065184 total
[2024-03-04T23:58:17.878+0000][7][gc,age      ] GC(267) - age  10:    1807208 bytes,    3872392 total
[2024-03-04T23:58:17.878+0000][7][gc,age      ] GC(267) - age  11:      90880 bytes,    3963272 total
[2024-03-04T23:58:17.878+0000][7][gc,age      ] GC(267) - age  12:        208 bytes,    3963480 total
[2024-03-04T23:58:17.878+0000][7][gc,heap     ] GC(267) Eden regions: 152->0(152)
[2024-03-04T23:58:17.878+0000][7][gc,heap     ] GC(267) Survivor regions: 1->1(20)
[2024-03-04T23:58:17.878+0000][7][gc,heap     ] GC(267) Old regions: 24->24
[2024-03-04T23:58:17.878+0000][7][gc,heap     ] GC(267) Archive regions: 2->2
[2024-03-04T23:58:17.878+0000][7][gc,heap     ] GC(267) Humongous regions: 0->0
[2024-03-04T23:58:17.878+0000][7][gc,metaspace] GC(267) Metaspace: 128794K(132288K)->128794K(132288K) NonClass: 111942K(113792K)->111942K(113792K) Class: 16851K(18496K)->16851K(18496K)
[2024-03-04T23:58:17.878+0000][7][gc          ] GC(267) Pause Young (Normal) (G1 Evacuation Pause) 707M->100M(1024M) 4.236ms
[2024-03-04T23:58:17.878+0000][7][gc,cpu      ] GC(267) User=0.02s Sys=0.00s Real=0.01s
[2024-03-04T23:58:17.878+0000][7][safepoint   ] Safepoint "G1CollectForAllocation", Time since last: 160258480607 ns, Reaching safepoint: 117333 ns, At safepoint: 4329654 ns, Total: 4446987 ns
[2024-03-05T00:00:03.889+0000][7][safepoint   ] Safepoint "Cleanup", Time since last: 106010495177 ns, Reaching safepoint: 65767 ns, At safepoint: 3909 ns, Total: 69676 ns
[2024-03-05T00:00:05.889+0000][7][safepoint   ] Safepoint "Cleanup", Time since last: 2000200820 ns, Reaching safepoint: 61157 ns, At safepoint: 6687 ns, Total: 67844 ns
[2024-03-05T00:00:06.889+0000][7][safepoint   ] Safepoint "Cleanup", Time since last: 1000134322 ns, Reaching safepoint: 68693 ns, At safepoint: 5874 ns, Total: 74567 ns
[2024-03-05T00:00:50.873+0000][7][gc,start    ] GC(268) Pause Young (Normal) (G1 Evacuation Pause)
[2024-03-05T00:00:50.873+0000][7][gc,task     ] GC(268) Using 8 workers of 8 for evacuation
[2024-03-05T00:00:50.873+0000][7][gc,age      ] GC(268) Desired survivor size 41943040 bytes, new threshold 15 (max threshold 15)
[2024-03-05T00:00:50.877+0000][7][gc,phases   ] GC(268)   Pre Evacuate Collection Set: 0.1ms
[2024-03-05T00:00:50.877+0000][7][gc,phases   ] GC(268)   Merge Heap Roots: 0.1ms
[2024-03-05T00:00:50.877+0000][7][gc,phases   ] GC(268)   Evacuate Collection Set: 2.5ms
[2024-03-05T00:00:50.877+0000][7][gc,phases   ] GC(268)   Post Evacuate Collection Set: 1.2ms
[2024-03-05T00:00:50.878+0000][7][gc,phases   ] GC(268)   Other: 0.1ms
[2024-03-05T00:00:50.878+0000][7][gc,age      ] GC(268) Age table with threshold 15 (max threshold 15)
[2024-03-05T00:00:50.878+0000][7][gc,age      ] GC(268) - age   1:    1491840 bytes,    1491840 total
[2024-03-05T00:00:50.878+0000][7][gc,age      ] GC(268) - age   2:       7264 bytes,    1499104 total
[2024-03-05T00:00:50.878+0000][7][gc,age      ] GC(268) - age   3:        880 bytes,    1499984 total
[2024-03-05T00:00:50.878+0000][7][gc,age      ] GC(268) - age   4:     141208 bytes,    1641192 total
[2024-03-05T00:00:50.878+0000][7][gc,age      ] GC(268) - age   5:       1304 bytes,    1642496 total
[2024-03-05T00:00:50.878+0000][7][gc,age      ] GC(268) - age   7:       8152 bytes,    1650648 total
[2024-03-05T00:00:50.878+0000][7][gc,age      ] GC(268) - age   8:      10512 bytes,    1661160 total
[2024-03-05T00:00:50.878+0000][7][gc,age      ] GC(268) - age   9:     223328 bytes,    1884488 total
[2024-03-05T00:00:50.878+0000][7][gc,age      ] GC(268) - age  10:       1272 bytes,    1885760 total
[2024-03-05T00:00:50.878+0000][7][gc,age      ] GC(268) - age  11:    1806888 bytes,    3692648 total
[2024-03-05T00:00:50.878+0000][7][gc,age      ] GC(268) - age  12:      90880 bytes,    3783528 total
[2024-03-05T00:00:50.878+0000][7][gc,age      ] GC(268) - age  13:        208 bytes,    3783736 total
[2024-03-05T00:00:50.878+0000][7][gc,heap     ] GC(268) Eden regions: 152->0(152)
[2024-03-05T00:00:50.878+0000][7][gc,heap     ] GC(268) Survivor regions: 1->1(20)
[2024-03-05T00:00:50.878+0000][7][gc,heap     ] GC(268) Old regions: 24->24
[2024-03-05T00:00:50.878+0000][7][gc,heap     ] GC(268) Archive regions: 2->2
[2024-03-05T00:00:50.878+0000][7][gc,heap     ] GC(268) Humongous regions: 0->0
[2024-03-05T00:00:50.878+0000][7][gc,metaspace] GC(268) Metaspace: 128797K(132288K)->128797K(132288K) NonClass: 111945K(113792K)->111945K(113792K) Class: 16851K(18496K)->16851K(18496K)
[2024-03-05T00:00:50.878+0000][7][gc          ] GC(268) Pause Young (Normal) (G1 Evacuation Pause) 708M->100M(1024M) 4.344ms
[2024-03-05T00:00:50.878+0000][7][gc,cpu      ] GC(268) User=0.02s Sys=0.01s Real=0.01s
[2024-03-05T00:00:50.878+0000][7][safepoint   ] Safepoint "G1CollectForAllocation", Time since last: 43983842077 ns, Reaching safepoint: 81768 ns, At safepoint: 4456881 ns, Total: 4538649 ns
[2024-03-05T00:01:11.881+0000][7][safepoint   ] Safepoint "Cleanup", Time since last: 21002920766 ns, Reaching safepoint: 146911 ns, At safepoint: 9575 ns, Total: 156486 ns
[2024-03-05T00:02:11.888+0000][7][safepoint   ] Safepoint "Cleanup", Time since last: 60006868059 ns, Reaching safepoint: 92777 ns, At safepoint: 5140 ns, Total: 97917 ns
[2024-03-05T00:03:06.072+0000][7][gc,start    ] GC(269) Pause Young (Normal) (G1 Evacuation Pause)
[2024-03-05T00:03:06.072+0000][7][gc,task     ] GC(269) Using 8 workers of 8 for evacuation
[2024-03-05T00:03:06.072+0000][7][gc,age      ] GC(269) Desired survivor size 41943040 bytes, new threshold 15 (max threshold 15)
[2024-03-05T00:03:06.075+0000][7][gc,phases   ] GC(269)   Pre Evacuate Collection Set: 0.1ms
[2024-03-05T00:03:06.075+0000][7][gc,phases   ] GC(269)   Merge Heap Roots: 0.1ms
[2024-03-05T00:03:06.075+0000][7][gc,phases   ] GC(269)   Evacuate Collection Set: 2.4ms
[2024-03-05T00:03:06.075+0000][7][gc,phases   ] GC(269)   Post Evacuate Collection Set: 0.7ms
[2024-03-05T00:03:06.075+0000][7][gc,phases   ] GC(269)   Other: 0.1ms
[2024-03-05T00:03:06.075+0000][7][gc,age      ] GC(269) Age table with threshold 15 (max threshold 15)
[2024-03-05T00:03:06.075+0000][7][gc,age      ] GC(269) - age   1:    1822896 bytes,    1822896 total
[2024-03-05T00:03:06.075+0000][7][gc,age      ] GC(269) - age   2:     135656 bytes,    1958552 total
[2024-03-05T00:03:06.075+0000][7][gc,age      ] GC(269) - age   3:       4728 bytes,    1963280 total
[2024-03-05T00:03:06.075+0000][7][gc,age      ] GC(269) - age   4:        560 bytes,    1963840 total
[2024-03-05T00:03:06.075+0000][7][gc,age      ] GC(269) - age   5:     140520 bytes,    2104360 total
[2024-03-05T00:03:06.075+0000][7][gc,age      ] GC(269) - age   6:       1304 bytes,    2105664 total
[2024-03-05T00:03:06.075+0000][7][gc,age      ] GC(269) - age   8:       8152 bytes,    2113816 total
[2024-03-05T00:03:06.075+0000][7][gc,age      ] GC(269) - age   9:       9912 bytes,    2123728 total
[2024-03-05T00:03:06.075+0000][7][gc,age      ] GC(269) - age  10:     223328 bytes,    2347056 total
[2024-03-05T00:03:06.075+0000][7][gc,age      ] GC(269) - age  11:       1272 bytes,    2348328 total
[2024-03-05T00:03:06.075+0000][7][gc,age      ] GC(269) - age  12:    1806888 bytes,    4155216 total
[2024-03-05T00:03:06.075+0000][7][gc,age      ] GC(269) - age  13:      90880 bytes,    4246096 total
[2024-03-05T00:03:06.075+0000][7][gc,age      ] GC(269) - age  14:        208 bytes,    4246304 total
[2024-03-05T00:03:06.075+0000][7][gc,heap     ] GC(269) Eden regions: 152->0(151)
[2024-03-05T00:03:06.075+0000][7][gc,heap     ] GC(269) Survivor regions: 1->2(20)
[2024-03-05T00:03:06.075+0000][7][gc,heap     ] GC(269) Old regions: 24->24
[2024-03-05T00:03:06.075+0000][7][gc,heap     ] GC(269) Archive regions: 2->2
[2024-03-05T00:03:06.075+0000][7][gc,heap     ] GC(269) Humongous regions: 0->0
[2024-03-05T00:03:06.075+0000][7][gc,metaspace] GC(269) Metaspace: 128797K(132288K)->128797K(132288K) NonClass: 111945K(113792K)->111945K(113792K) Class: 16851K(18496K)->16851K(18496K)
[2024-03-05T00:03:06.075+0000][7][gc          ] GC(269) Pause Young (Normal) (G1 Evacuation Pause) 708M->100M(1024M) 3.617ms
[2024-03-05T00:03:06.075+0000][7][gc,cpu      ] GC(269) User=0.02s Sys=0.00s Real=0.00s
[2024-03-05T00:03:06.075+0000][7][safepoint   ] Safepoint "G1CollectForAllocation", Time since last: 54183868391 ns, Reaching safepoint: 33903 ns, At safepoint: 3701571 ns, Total: 3735474 ns
[2024-03-05T00:04:07.099+0000][7][safepoint   ] Safepoint "Cleanup", Time since last: 61022954269 ns, Reaching safepoint: 78521 ns, At safepoint: 21232 ns, Total: 99753 ns
[2024-03-05T00:04:54.104+0000][7][safepoint   ] Safepoint "Cleanup", Time since last: 47005685230 ns, Reaching safepoint: 94388 ns, At safepoint: 21763 ns, Total: 116151 ns
[2024-03-05T00:05:06.106+0000][7][safepoint   ] Safepoint "Cleanup", Time since last: 12001207318 ns, Reaching safepoint: 86223 ns, At safepoint: 36020 ns, Total: 122243 ns
[2024-03-05T00:05:47.878+0000][7][gc,start    ] GC(270) Pause Young (Normal) (G1 Evacuation Pause)
[2024-03-05T00:05:47.878+0000][7][gc,task     ] GC(270) Using 8 workers of 8 for evacuation
[2024-03-05T00:05:47.878+0000][7][gc,age      ] GC(270) Desired survivor size 41943040 bytes, new threshold 15 (max threshold 15)
[2024-03-05T00:05:47.883+0000][7][gc,phases   ] GC(270)   Pre Evacuate Collection Set: 0.1ms
[2024-03-05T00:05:47.883+0000][7][gc,phases   ] GC(270)   Merge Heap Roots: 0.1ms
[2024-03-05T00:05:47.883+0000][7][gc,phases   ] GC(270)   Evacuate Collection Set: 2.9ms
[2024-03-05T00:05:47.883+0000][7][gc,phases   ] GC(270)   Post Evacuate Collection Set: 1.1ms
[2024-03-05T00:05:47.883+0000][7][gc,phases   ] GC(270)   Other: 0.1ms
[2024-03-05T00:05:47.883+0000][7][gc,age      ] GC(270) Age table with threshold 15 (max threshold 15)
[2024-03-05T00:05:47.883+0000][7][gc,age      ] GC(270) - age   1:    1369232 bytes,    1369232 total
[2024-03-05T00:05:47.883+0000][7][gc,age      ] GC(270) - age   2:       3008 bytes,    1372240 total
[2024-03-05T00:05:47.883+0000][7][gc,age      ] GC(270) - age   3:     133872 bytes,    1506112 total
[2024-03-05T00:05:47.883+0000][7][gc,age      ] GC(270) - age   4:       4408 bytes,    1510520 total
[2024-03-05T00:05:47.883+0000][7][gc,age      ] GC(270) - age   5:        496 bytes,    1511016 total
[2024-03-05T00:05:47.883+0000][7][gc,age      ] GC(270) - age   6:     140336 bytes,    1651352 total
[2024-03-05T00:05:47.883+0000][7][gc,age      ] GC(270) - age   7:       1304 bytes,    1652656 total
[2024-03-05T00:05:47.883+0000][7][gc,age      ] GC(270) - age   9:       8152 bytes,    1660808 total
[2024-03-05T00:05:47.883+0000][7][gc,age      ] GC(270) - age  10:       9912 bytes,    1670720 total
[2024-03-05T00:05:47.883+0000][7][gc,age      ] GC(270) - age  11:     223328 bytes,    1894048 total
[2024-03-05T00:05:47.883+0000][7][gc,age      ] GC(270) - age  12:       1272 bytes,    1895320 total
[2024-03-05T00:05:47.883+0000][7][gc,age      ] GC(270) - age  13:    1806888 bytes,    3702208 total
[2024-03-05T00:05:47.883+0000][7][gc,age      ] GC(270) - age  14:      90880 bytes,    3793088 total
[2024-03-05T00:05:47.883+0000][7][gc,age      ] GC(270) - age  15:        208 bytes,    3793296 total
[2024-03-05T00:05:47.883+0000][7][gc,heap     ] GC(270) Eden regions: 151->0(152)
[2024-03-05T00:05:47.883+0000][7][gc,heap     ] GC(270) Survivor regions: 2->1(20)
[2024-03-05T00:05:47.883+0000][7][gc,heap     ] GC(270) Old regions: 24->24
[2024-03-05T00:05:47.883+0000][7][gc,heap     ] GC(270) Archive regions: 2->2
[2024-03-05T00:05:47.883+0000][7][gc,heap     ] GC(270) Humongous regions: 0->0
[2024-03-05T00:05:47.883+0000][7][gc,metaspace] GC(270) Metaspace: 128797K(132288K)->128797K(132288K) NonClass: 111945K(113792K)->111945K(113792K) Class: 16851K(18496K)->16851K(18496K)
[2024-03-05T00:05:47.883+0000][7][gc          ] GC(270) Pause Young (Normal) (G1 Evacuation Pause) 704M->100M(1024M) 4.674ms
[2024-03-05T00:05:47.883+0000][7][gc,cpu      ] GC(270) User=0.02s Sys=0.00s Real=0.00s
[2024-03-05T00:05:47.883+0000][7][safepoint   ] Safepoint "G1CollectForAllocation", Time since last: 41772545864 ns, Reaching safepoint: 93104 ns, At safepoint: 4771089 ns, Total: 4864193 ns
[2024-03-05T00:07:01.891+0000][7][safepoint   ] Safepoint "Cleanup", Time since last: 74007954087 ns, Reaching safepoint: 88726 ns, At safepoint: 8062 ns, Total: 96788 ns
[2024-03-05T00:08:44.958+0000][7][gc,start    ] GC(271) Pause Young (Normal) (G1 Evacuation Pause)
[2024-03-05T00:08:44.958+0000][7][gc,task     ] GC(271) Using 8 workers of 8 for evacuation
[2024-03-05T00:08:44.958+0000][7][gc,age      ] GC(271) Desired survivor size 41943040 bytes, new threshold 15 (max threshold 15)
[2024-03-05T00:08:44.961+0000][7][gc,phases   ] GC(271)   Pre Evacuate Collection Set: 0.1ms
[2024-03-05T00:08:44.961+0000][7][gc,phases   ] GC(271)   Merge Heap Roots: 0.1ms
[2024-03-05T00:08:44.961+0000][7][gc,phases   ] GC(271)   Evacuate Collection Set: 2.1ms
[2024-03-05T00:08:44.961+0000][7][gc,phases   ] GC(271)   Post Evacuate Collection Set: 0.6ms
[2024-03-05T00:08:44.961+0000][7][gc,phases   ] GC(271)   Other: 0.1ms
[2024-03-05T00:08:44.961+0000][7][gc,age      ] GC(271) Age table with threshold 15 (max threshold 15)
[2024-03-05T00:08:44.961+0000][7][gc,age      ] GC(271) - age   1:    2110480 bytes,    2110480 total
[2024-03-05T00:08:44.961+0000][7][gc,age      ] GC(271) - age   2:       2888 bytes,    2113368 total
[2024-03-05T00:08:44.961+0000][7][gc,age      ] GC(271) - age   3:       1496 bytes,    2114864 total
[2024-03-05T00:08:44.961+0000][7][gc,age      ] GC(271) - age   4:     133872 bytes,    2248736 total
[2024-03-05T00:08:44.961+0000][7][gc,age      ] GC(271) - age   5:        632 bytes,    2249368 total
[2024-03-05T00:08:44.961+0000][7][gc,age      ] GC(271) - age   6:        184 bytes,    2249552 total
[2024-03-05T00:08:44.961+0000][7][gc,age      ] GC(271) - age   7:     140336 bytes,    2389888 total
[2024-03-05T00:08:44.961+0000][7][gc,age      ] GC(271) - age   8:       1304 bytes,    2391192 total
[2024-03-05T00:08:44.961+0000][7][gc,age      ] GC(271) - age  10:       8152 bytes,    2399344 total
[2024-03-05T00:08:44.961+0000][7][gc,age      ] GC(271) - age  11:       9912 bytes,    2409256 total
[2024-03-05T00:08:44.961+0000][7][gc,age      ] GC(271) - age  12:     223328 bytes,    2632584 total
[2024-03-05T00:08:44.961+0000][7][gc,age      ] GC(271) - age  13:       1272 bytes,    2633856 total
[2024-03-05T00:08:44.961+0000][7][gc,age      ] GC(271) - age  14:    1806888 bytes,    4440744 total
[2024-03-05T00:08:44.961+0000][7][gc,age      ] GC(271) - age  15:      90880 bytes,    4531624 total
[2024-03-05T00:08:44.962+0000][7][gc,heap     ] GC(271) Eden regions: 152->0(151)
[2024-03-05T00:08:44.962+0000][7][gc,heap     ] GC(271) Survivor regions: 1->2(20)
[2024-03-05T00:08:44.962+0000][7][gc,heap     ] GC(271) Old regions: 24->24
[2024-03-05T00:08:44.962+0000][7][gc,heap     ] GC(271) Archive regions: 2->2
[2024-03-05T00:08:44.962+0000][7][gc,heap     ] GC(271) Humongous regions: 0->0
[2024-03-05T00:08:44.962+0000][7][gc,metaspace] GC(271) Metaspace: 128797K(132288K)->128797K(132288K) NonClass: 111945K(113792K)->111945K(113792K) Class: 16851K(18496K)->16851K(18496K)
[2024-03-05T00:08:44.962+0000][7][gc          ] GC(271) Pause Young (Normal) (G1 Evacuation Pause) 708M->101M(1024M) 3.095ms
[2024-03-05T00:08:44.962+0000][7][gc,cpu      ] GC(271) User=0.01s Sys=0.00s Real=0.00s
[2024-03-05T00:08:44.962+0000][7][safepoint   ] Safepoint "G1CollectForAllocation", Time since last: 103067232394 ns, Reaching safepoint: 91439 ns, At safepoint: 3163353 ns, Total: 3254792 ns
[2024-03-05T00:10:59.975+0000][7][safepoint   ] Safepoint "Cleanup", Time since last: 135013775636 ns, Reaching safepoint: 110528 ns, At safepoint: 24424 ns, Total: 134952 ns
[2024-03-05T00:11:50.978+0000][7][gc,start    ] GC(272) Pause Young (Normal) (G1 Evacuation Pause)
[2024-03-05T00:11:50.978+0000][7][gc,task     ] GC(272) Using 8 workers of 8 for evacuation
[2024-03-05T00:11:50.978+0000][7][gc,age      ] GC(272) Desired survivor size 41943040 bytes, new threshold 15 (max threshold 15)
[2024-03-05T00:11:50.982+0000][7][gc,phases   ] GC(272)   Pre Evacuate Collection Set: 0.1ms
[2024-03-05T00:11:50.982+0000][7][gc,phases   ] GC(272)   Merge Heap Roots: 0.1ms
[2024-03-05T00:11:50.982+0000][7][gc,phases   ] GC(272)   Evacuate Collection Set: 2.5ms
[2024-03-05T00:11:50.982+0000][7][gc,phases   ] GC(272)   Post Evacuate Collection Set: 0.9ms
[2024-03-05T00:11:50.982+0000][7][gc,phases   ] GC(272)   Other: 0.1ms
[2024-03-05T00:11:50.982+0000][7][gc,age      ] GC(272) Age table with threshold 15 (max threshold 15)
[2024-03-05T00:11:50.982+0000][7][gc,age      ] GC(272) - age   1:     893888 bytes,     893888 total
[2024-03-05T00:11:50.982+0000][7][gc,age      ] GC(272) - age   2:      14288 bytes,     908176 total
[2024-03-05T00:11:50.982+0000][7][gc,age      ] GC(272) - age   3:        264 bytes,     908440 total
[2024-03-05T00:11:50.982+0000][7][gc,age      ] GC(272) - age   4:        784 bytes,     909224 total
[2024-03-05T00:11:50.982+0000][7][gc,age      ] GC(272) - age   5:     133872 bytes,    1043096 total
[2024-03-05T00:11:50.982+0000][7][gc,age      ] GC(272) - age   6:        448 bytes,    1043544 total
[2024-03-05T00:11:50.982+0000][7][gc,age      ] GC(272) - age   8:     140304 bytes,    1183848 total
[2024-03-05T00:11:50.982+0000][7][gc,age      ] GC(272) - age   9:       1304 bytes,    1185152 total
[2024-03-05T00:11:50.982+0000][7][gc,age      ] GC(272) - age  11:       8152 bytes,    1193304 total
[2024-03-05T00:11:50.982+0000][7][gc,age      ] GC(272) - age  12:       9912 bytes,    1203216 total
[2024-03-05T00:11:50.982+0000][7][gc,age      ] GC(272) - age  13:     223328 bytes,    1426544 total
[2024-03-05T00:11:50.982+0000][7][gc,age      ] GC(272) - age  14:       1272 bytes,    1427816 total
[2024-03-05T00:11:50.982+0000][7][gc,age      ] GC(272) - age  15:    1806888 bytes,    3234704 total
[2024-03-05T00:11:50.982+0000][7][gc,heap     ] GC(272) Eden regions: 151->0(152)
[2024-03-05T00:11:50.982+0000][7][gc,heap     ] GC(272) Survivor regions: 2->1(20)
[2024-03-05T00:11:50.982+0000][7][gc,heap     ] GC(272) Old regions: 24->24
[2024-03-05T00:11:50.982+0000][7][gc,heap     ] GC(272) Archive regions: 2->2
[2024-03-05T00:11:50.982+0000][7][gc,heap     ] GC(272) Humongous regions: 0->0
[2024-03-05T00:11:50.982+0000][7][gc,metaspace] GC(272) Metaspace: 128797K(132288K)->128797K(132288K) NonClass: 111946K(113792K)->111946K(113792K) Class: 16851K(18496K)->16851K(18496K)
[2024-03-05T00:11:50.982+0000][7][gc          ] GC(272) Pause Young (Normal) (G1 Evacuation Pause) 705M->100M(1024M) 4.158ms
[2024-03-05T00:11:50.982+0000][7][gc,cpu      ] GC(272) User=0.02s Sys=0.00s Real=0.00s
[2024-03-05T00:11:50.982+0000][7][safepoint   ] Safepoint "G1CollectForAllocation", Time since last: 51002146572 ns, Reaching safepoint: 97479 ns, At safepoint: 4252270 ns, Total: 4349749 ns
[2024-03-05T00:14:30.001+0000][7][safepoint   ] Safepoint "Cleanup", Time since last: 159018559697 ns, Reaching safepoint: 152360 ns, At safepoint: 8365 ns, Total: 160725 ns
[2024-03-05T00:14:59.911+0000][7][gc,start    ] GC(273) Pause Young (Normal) (G1 Evacuation Pause)
[2024-03-05T00:14:59.911+0000][7][gc,task     ] GC(273) Using 8 workers of 8 for evacuation
[2024-03-05T00:14:59.911+0000][7][gc,age      ] GC(273) Desired survivor size 41943040 bytes, new threshold 15 (max threshold 15)
[2024-03-05T00:14:59.915+0000][7][gc,phases   ] GC(273)   Pre Evacuate Collection Set: 0.1ms
[2024-03-05T00:14:59.915+0000][7][gc,phases   ] GC(273)   Merge Heap Roots: 0.1ms
[2024-03-05T00:14:59.915+0000][7][gc,phases   ] GC(273)   Evacuate Collection Set: 2.7ms
[2024-03-05T00:14:59.915+0000][7][gc,phases   ] GC(273)   Post Evacuate Collection Set: 0.9ms
[2024-03-05T00:14:59.915+0000][7][gc,phases   ] GC(273)   Other: 0.1ms
[2024-03-05T00:14:59.915+0000][7][gc,age      ] GC(273) Age table with threshold 15 (max threshold 15)
[2024-03-05T00:14:59.915+0000][7][gc,age      ] GC(273) - age   1:    1373720 bytes,    1373720 total
[2024-03-05T00:14:59.915+0000][7][gc,age      ] GC(273) - age   2:       2984 bytes,    1376704 total
[2024-03-05T00:14:59.915+0000][7][gc,age      ] GC(273) - age   3:      12080 bytes,    1388784 total
[2024-03-05T00:14:59.915+0000][7][gc,age      ] GC(273) - age   4:         80 bytes,    1388864 total
[2024-03-05T00:14:59.915+0000][7][gc,age      ] GC(273) - age   5:        784 bytes,    1389648 total
[2024-03-05T00:14:59.915+0000][7][gc,age      ] GC(273) - age   6:     125800 bytes,    1515448 total
[2024-03-05T00:14:59.915+0000][7][gc,age      ] GC(273) - age   7:         56 bytes,    1515504 total
[2024-03-05T00:14:59.915+0000][7][gc,age      ] GC(273) - age   9:     140304 bytes,    1655808 total
[2024-03-05T00:14:59.915+0000][7][gc,age      ] GC(273) - age  10:       1304 bytes,    1657112 total
[2024-03-05T00:14:59.915+0000][7][gc,age      ] GC(273) - age  12:       8152 bytes,    1665264 total
[2024-03-05T00:14:59.915+0000][7][gc,age      ] GC(273) - age  13:       9912 bytes,    1675176 total
[2024-03-05T00:14:59.915+0000][7][gc,age      ] GC(273) - age  14:     223328 bytes,    1898504 total
[2024-03-05T00:14:59.915+0000][7][gc,age      ] GC(273) - age  15:       1272 bytes,    1899776 total
[2024-03-05T00:14:59.915+0000][7][gc,heap     ] GC(273) Eden regions: 152->0(152)
[2024-03-05T00:14:59.915+0000][7][gc,heap     ] GC(273) Survivor regions: 1->1(20)
[2024-03-05T00:14:59.915+0000][7][gc,heap     ] GC(273) Old regions: 24->24
[2024-03-05T00:14:59.915+0000][7][gc,heap     ] GC(273) Archive regions: 2->2
[2024-03-05T00:14:59.915+0000][7][gc,heap     ] GC(273) Humongous regions: 0->0
[2024-03-05T00:14:59.915+0000][7][gc,metaspace] GC(273) Metaspace: 128797K(132288K)->128797K(132288K) NonClass: 111946K(113792K)->111946K(113792K) Class: 16851K(18496K)->16851K(18496K)
[2024-03-05T00:14:59.915+0000][7][gc          ] GC(273) Pause Young (Normal) (G1 Evacuation Pause) 708M->100M(1024M) 4.203ms
[2024-03-05T00:14:59.915+0000][7][gc,cpu      ] GC(273) User=0.03s Sys=0.00s Real=0.00s
[2024-03-05T00:14:59.915+0000][7][safepoint   ] Safepoint "G1CollectForAllocation", Time since last: 29910336506 ns, Reaching safepoint: 61124 ns, At safepoint: 4305678 ns, Total: 4366802 ns
[2024-03-05T00:16:57.929+0000][7][safepoint   ] Safepoint "Cleanup", Time since last: 118013151020 ns, Reaching safepoint: 93807 ns, At safepoint: 41683 ns, Total: 135490 ns
[2024-03-05T00:18:02.943+0000][7][gc,start    ] GC(274) Pause Young (Normal) (G1 Evacuation Pause)
[2024-03-05T00:18:02.943+0000][7][gc,task     ] GC(274) Using 8 workers of 8 for evacuation
[2024-03-05T00:18:02.943+0000][7][gc,age      ] GC(274) Desired survivor size 41943040 bytes, new threshold 15 (max threshold 15)
[2024-03-05T00:18:02.945+0000][7][gc,phases   ] GC(274)   Pre Evacuate Collection Set: 0.1ms
[2024-03-05T00:18:02.945+0000][7][gc,phases   ] GC(274)   Merge Heap Roots: 0.1ms
[2024-03-05T00:18:02.945+0000][7][gc,phases   ] GC(274)   Evacuate Collection Set: 1.1ms
[2024-03-05T00:18:02.945+0000][7][gc,phases   ] GC(274)   Post Evacuate Collection Set: 0.6ms
[2024-03-05T00:18:02.945+0000][7][gc,phases   ] GC(274)   Other: 0.1ms
[2024-03-05T00:18:02.945+0000][7][gc,age      ] GC(274) Age table with threshold 15 (max threshold 15)
[2024-03-05T00:18:02.945+0000][7][gc,age      ] GC(274) - age   1:     778184 bytes,     778184 total
[2024-03-05T00:18:02.945+0000][7][gc,age      ] GC(274) - age   2:      11440 bytes,     789624 total
[2024-03-05T00:18:02.945+0000][7][gc,age      ] GC(274) - age   3:        904 bytes,     790528 total
[2024-03-05T00:18:02.945+0000][7][gc,age      ] GC(274) - age   4:       8496 bytes,     799024 total
[2024-03-05T00:18:02.945+0000][7][gc,age      ] GC(274) - age   5:         80 bytes,     799104 total
[2024-03-05T00:18:02.945+0000][7][gc,age      ] GC(274) - age   6:        784 bytes,     799888 total
[2024-03-05T00:18:02.945+0000][7][gc,age      ] GC(274) - age   7:      76904 bytes,     876792 total
[2024-03-05T00:18:02.945+0000][7][gc,age      ] GC(274) - age   8:         32 bytes,     876824 total
[2024-03-05T00:18:02.945+0000][7][gc,age      ] GC(274) - age  10:     140304 bytes,    1017128 total
[2024-03-05T00:18:02.945+0000][7][gc,age      ] GC(274) - age  11:       1304 bytes,    1018432 total
[2024-03-05T00:18:02.945+0000][7][gc,age      ] GC(274) - age  13:       8152 bytes,    1026584 total
[2024-03-05T00:18:02.945+0000][7][gc,age      ] GC(274) - age  14:       9912 bytes,    1036496 total
[2024-03-05T00:18:02.945+0000][7][gc,age      ] GC(274) - age  15:     223328 bytes,    1259824 total
[2024-03-05T00:18:02.945+0000][7][gc,heap     ] GC(274) Eden regions: 152->0(152)
[2024-03-05T00:18:02.945+0000][7][gc,heap     ] GC(274) Survivor regions: 1->1(20)
[2024-03-05T00:18:02.945+0000][7][gc,heap     ] GC(274) Old regions: 24->24
[2024-03-05T00:18:02.945+0000][7][gc,heap     ] GC(274) Archive regions: 2->2
[2024-03-05T00:18:02.945+0000][7][gc,heap     ] GC(274) Humongous regions: 0->0
[2024-03-05T00:18:02.945+0000][7][gc,metaspace] GC(274) Metaspace: 128797K(132288K)->128797K(132288K) NonClass: 111946K(113792K)->111946K(113792K) Class: 16851K(18496K)->16851K(18496K)
[2024-03-05T00:18:02.945+0000][7][gc          ] GC(274) Pause Young (Normal) (G1 Evacuation Pause) 708M->99M(1024M) 2.249ms
[2024-03-05T00:18:02.945+0000][7][gc,cpu      ] GC(274) User=0.01s Sys=0.00s Real=0.01s
[2024-03-05T00:18:02.945+0000][7][safepoint   ] Safepoint "G1CollectForAllocation", Time since last: 65013744060 ns, Reaching safepoint: 67797 ns, At safepoint: 2330998 ns, Total: 2398795 ns
[2024-03-05T00:19:41.957+0000][7][safepoint   ] Safepoint "Cleanup", Time since last: 99012143086 ns, Reaching safepoint: 98180 ns, At safepoint: 12664 ns, Total: 110844 ns
[2024-03-05T00:20:06.960+0000][7][safepoint   ] Safepoint "Cleanup", Time since last: 25003170755 ns, Reaching safepoint: 95317 ns, At safepoint: 20504 ns, Total: 115821 ns
[2024-03-05T00:21:08.968+0000][7][gc,start    ] GC(275) Pause Young (Normal) (G1 Evacuation Pause)
[2024-03-05T00:21:08.968+0000][7][gc,task     ] GC(275) Using 8 workers of 8 for evacuation
[2024-03-05T00:21:08.968+0000][7][gc,age      ] GC(275) Desired survivor size 41943040 bytes, new threshold 15 (max threshold 15)
[2024-03-05T00:21:08.970+0000][7][gc,phases   ] GC(275)   Pre Evacuate Collection Set: 0.1ms
[2024-03-05T00:21:08.970+0000][7][gc,phases   ] GC(275)   Merge Heap Roots: 0.1ms
[2024-03-05T00:21:08.970+0000][7][gc,phases   ] GC(275)   Evacuate Collection Set: 1.2ms
[2024-03-05T00:21:08.970+0000][7][gc,phases   ] GC(275)   Post Evacuate Collection Set: 0.8ms
[2024-03-05T00:21:08.970+0000][7][gc,phases   ] GC(275)   Other: 0.1ms
[2024-03-05T00:21:08.970+0000][7][gc,age      ] GC(275) Age table with threshold 15 (max threshold 15)
[2024-03-05T00:21:08.970+0000][7][gc,age      ] GC(275) - age   1:    1136320 bytes,    1136320 total
[2024-03-05T00:21:08.970+0000][7][gc,age      ] GC(275) - age   2:       4912 bytes,    1141232 total
[2024-03-05T00:21:08.970+0000][7][gc,age      ] GC(275) - age   3:       8744 bytes,    1149976 total
[2024-03-05T00:21:08.970+0000][7][gc,age      ] GC(275) - age   4:        904 bytes,    1150880 total
[2024-03-05T00:21:08.970+0000][7][gc,age      ] GC(275) - age   5:        296 bytes,    1151176 total
[2024-03-05T00:21:08.970+0000][7][gc,age      ] GC(275) - age   6:         80 bytes,    1151256 total
[2024-03-05T00:21:08.970+0000][7][gc,age      ] GC(275) - age   7:        216 bytes,    1151472 total
[2024-03-05T00:21:08.970+0000][7][gc,age      ] GC(275) - age   8:      76904 bytes,    1228376 total
[2024-03-05T00:21:08.970+0000][7][gc,age      ] GC(275) - age   9:         32 bytes,    1228408 total
[2024-03-05T00:21:08.970+0000][7][gc,age      ] GC(275) - age  11:     140304 bytes,    1368712 total
[2024-03-05T00:21:08.970+0000][7][gc,age      ] GC(275) - age  12:       1304 bytes,    1370016 total
[2024-03-05T00:21:08.970+0000][7][gc,age      ] GC(275) - age  14:       8152 bytes,    1378168 total
[2024-03-05T00:21:08.970+0000][7][gc,age      ] GC(275) - age  15:       9912 bytes,    1388080 total
[2024-03-05T00:21:08.970+0000][7][gc,heap     ] GC(275) Eden regions: 152->0(152)
[2024-03-05T00:21:08.970+0000][7][gc,heap     ] GC(275) Survivor regions: 1->1(20)
[2024-03-05T00:21:08.970+0000][7][gc,heap     ] GC(275) Old regions: 24->24
[2024-03-05T00:21:08.970+0000][7][gc,heap     ] GC(275) Archive regions: 2->2
[2024-03-05T00:21:08.970+0000][7][gc,heap     ] GC(275) Humongous regions: 0->0
[2024-03-05T00:21:08.970+0000][7][gc,metaspace] GC(275) Metaspace: 128799K(132288K)->128799K(132288K) NonClass: 111947K(113792K)->111947K(113792K) Class: 16851K(18496K)->16851K(18496K)
[2024-03-05T00:21:08.970+0000][7][gc          ] GC(275) Pause Young (Normal) (G1 Evacuation Pause) 707M->100M(1024M) 2.522ms
[2024-03-05T00:21:08.970+0000][7][gc,cpu      ] GC(275) User=0.01s Sys=0.00s Real=0.00s
[2024-03-05T00:21:08.970+0000][7][safepoint   ] Safepoint "G1CollectForAllocation", Time since last: 62007192239 ns, Reaching safepoint: 46767 ns, At safepoint: 2608017 ns, Total: 2654784 ns
[2024-03-05T00:21:27.973+0000][7][safepoint   ] Safepoint "Cleanup", Time since last: 19002604397 ns, Reaching safepoint: 62094 ns, At safepoint: 8718 ns, Total: 70812 ns
[2024-03-05T00:21:42.975+0000][7][safepoint   ] Safepoint "Cleanup", Time since last: 15001826317 ns, Reaching safepoint: 122158 ns, At safepoint: 25132 ns, Total: 147290 ns
[2024-03-05T00:23:30.988+0000][7][safepoint   ] Safepoint "Cleanup", Time since last: 108013106196 ns, Reaching safepoint: 93939 ns, At safepoint: 9778 ns, Total: 103717 ns
[2024-03-05T00:24:09.031+0000][7][gc,start    ] GC(276) Pause Young (Normal) (G1 Evacuation Pause)
[2024-03-05T00:24:09.031+0000][7][gc,task     ] GC(276) Using 8 workers of 8 for evacuation
[2024-03-05T00:24:09.031+0000][7][gc,age      ] GC(276) Desired survivor size 41943040 bytes, new threshold 15 (max threshold 15)
[2024-03-05T00:24:09.033+0000][7][gc,phases   ] GC(276)   Pre Evacuate Collection Set: 0.1ms
[2024-03-05T00:24:09.033+0000][7][gc,phases   ] GC(276)   Merge Heap Roots: 0.1ms
[2024-03-05T00:24:09.033+0000][7][gc,phases   ] GC(276)   Evacuate Collection Set: 1.3ms
[2024-03-05T00:24:09.033+0000][7][gc,phases   ] GC(276)   Post Evacuate Collection Set: 0.7ms
[2024-03-05T00:24:09.033+0000][7][gc,phases   ] GC(276)   Other: 0.1ms
[2024-03-05T00:24:09.033+0000][7][gc,age      ] GC(276) Age table with threshold 15 (max threshold 15)
[2024-03-05T00:24:09.033+0000][7][gc,age      ] GC(276) - age   1:    1880936 bytes,    1880936 total
[2024-03-05T00:24:09.033+0000][7][gc,age      ] GC(276) - age   2:      11304 bytes,    1892240 total
[2024-03-05T00:24:09.033+0000][7][gc,age      ] GC(276) - age   3:       3704 bytes,    1895944 total
[2024-03-05T00:24:09.033+0000][7][gc,age      ] GC(276) - age   4:       8680 bytes,    1904624 total
[2024-03-05T00:24:09.033+0000][7][gc,age      ] GC(276) - age   5:        216 bytes,    1904840 total
[2024-03-05T00:24:09.033+0000][7][gc,age      ] GC(276) - age   7:         80 bytes,    1904920 total
[2024-03-05T00:24:09.033+0000][7][gc,age      ] GC(276) - age   9:      76904 bytes,    1981824 total
[2024-03-05T00:24:09.033+0000][7][gc,age      ] GC(276) - age  12:     140304 bytes,    2122128 total
[2024-03-05T00:24:09.033+0000][7][gc,age      ] GC(276) - age  13:       1304 bytes,    2123432 total
[2024-03-05T00:24:09.033+0000][7][gc,age      ] GC(276) - age  15:       8152 bytes,    2131584 total
[2024-03-05T00:24:09.033+0000][7][gc,heap     ] GC(276) Eden regions: 152->0(152)
[2024-03-05T00:24:09.033+0000][7][gc,heap     ] GC(276) Survivor regions: 1->1(20)
[2024-03-05T00:24:09.033+0000][7][gc,heap     ] GC(276) Old regions: 24->24
[2024-03-05T00:24:09.033+0000][7][gc,heap     ] GC(276) Archive regions: 2->2
[2024-03-05T00:24:09.033+0000][7][gc,heap     ] GC(276) Humongous regions: 0->0
[2024-03-05T00:24:09.033+0000][7][gc,metaspace] GC(276) Metaspace: 128799K(132288K)->128799K(132288K) NonClass: 111948K(113792K)->111948K(113792K) Class: 16851K(18496K)->16851K(18496K)
[2024-03-05T00:24:09.033+0000][7][gc          ] GC(276) Pause Young (Normal) (G1 Evacuation Pause) 708M->100M(1024M) 2.471ms
[2024-03-05T00:24:09.033+0000][7][gc,cpu      ] GC(276) User=0.01s Sys=0.00s Real=0.00s
[2024-03-05T00:24:09.033+0000][7][safepoint   ] Safepoint "G1CollectForAllocation", Time since last: 38042793065 ns, Reaching safepoint: 38839 ns, At safepoint: 2556139 ns, Total: 2594978 ns
[2024-03-05T00:24:11.034+0000][7][safepoint   ] Safepoint "Cleanup", Time since last: 2000218913 ns, Reaching safepoint: 87434 ns, At safepoint: 6855 ns, Total: 94289 ns
[2024-03-05T00:25:06.041+0000][7][safepoint   ] Safepoint "Cleanup", Time since last: 55007518843 ns, Reaching safepoint: 121972 ns, At safepoint: 13326 ns, Total: 135298 ns
[2024-03-05T00:27:06.057+0000][7][safepoint   ] Safepoint "Cleanup", Time since last: 120015077149 ns, Reaching safepoint: 108493 ns, At safepoint: 8578 ns, Total: 117071 ns
[2024-03-05T00:27:11.591+0000][7][gc,start    ] GC(277) Pause Young (Normal) (G1 Evacuation Pause)
[2024-03-05T00:27:11.591+0000][7][gc,task     ] GC(277) Using 8 workers of 8 for evacuation
[2024-03-05T00:27:11.591+0000][7][gc,age      ] GC(277) Desired survivor size 41943040 bytes, new threshold 15 (max threshold 15)
[2024-03-05T00:27:11.594+0000][7][gc,phases   ] GC(277)   Pre Evacuate Collection Set: 0.1ms
[2024-03-05T00:27:11.594+0000][7][gc,phases   ] GC(277)   Merge Heap Roots: 0.1ms
[2024-03-05T00:27:11.594+0000][7][gc,phases   ] GC(277)   Evacuate Collection Set: 1.4ms
[2024-03-05T00:27:11.594+0000][7][gc,phases   ] GC(277)   Post Evacuate Collection Set: 0.8ms
[2024-03-05T00:27:11.594+0000][7][gc,phases   ] GC(277)   Other: 0.1ms
[2024-03-05T00:27:11.594+0000][7][gc,age      ] GC(277) Age table with threshold 15 (max threshold 15)
[2024-03-05T00:27:11.594+0000][7][gc,age      ] GC(277) - age   1:     723144 bytes,     723144 total
[2024-03-05T00:27:11.594+0000][7][gc,age      ] GC(277) - age   2:       4304 bytes,     727448 total
[2024-03-05T00:27:11.594+0000][7][gc,age      ] GC(277) - age   3:       8960 bytes,     736408 total
[2024-03-05T00:27:11.594+0000][7][gc,age      ] GC(277) - age   4:        184 bytes,     736592 total
[2024-03-05T00:27:11.594+0000][7][gc,age      ] GC(277) - age   5:        272 bytes,     736864 total
[2024-03-05T00:27:11.594+0000][7][gc,age      ] GC(277) - age   6:        216 bytes,     737080 total
[2024-03-05T00:27:11.594+0000][7][gc,age      ] GC(277) - age   8:         80 bytes,     737160 total
[2024-03-05T00:27:11.594+0000][7][gc,age      ] GC(277) - age  10:      76904 bytes,     814064 total
[2024-03-05T00:27:11.594+0000][7][gc,age      ] GC(277) - age  13:     140304 bytes,     954368 total
[2024-03-05T00:27:11.594+0000][7][gc,age      ] GC(277) - age  14:       1304 bytes,     955672 total
[2024-03-05T00:27:11.594+0000][7][gc,heap     ] GC(277) Eden regions: 152->0(152)
[2024-03-05T00:27:11.594+0000][7][gc,heap     ] GC(277) Survivor regions: 1->1(20)
[2024-03-05T00:27:11.594+0000][7][gc,heap     ] GC(277) Old regions: 24->24
[2024-03-05T00:27:11.594+0000][7][gc,heap     ] GC(277) Archive regions: 2->2
[2024-03-05T00:27:11.594+0000][7][gc,heap     ] GC(277) Humongous regions: 0->0
[2024-03-05T00:27:11.594+0000][7][gc,metaspace] GC(277) Metaspace: 128799K(132288K)->128799K(132288K) NonClass: 111948K(113792K)->111948K(113792K) Class: 16851K(18496K)->16851K(18496K)
[2024-03-05T00:27:11.594+0000][7][gc          ] GC(277) Pause Young (Normal) (G1 Evacuation Pause) 708M->99M(1024M) 2.816ms
[2024-03-05T00:27:11.594+0000][7][gc,cpu      ] GC(277) User=0.01s Sys=0.00s Real=0.00s
[2024-03-05T00:27:11.594+0000][7][safepoint   ] Safepoint "G1CollectForAllocation", Time since last: 5534361533 ns, Reaching safepoint: 80733 ns, At safepoint: 2913945 ns, Total: 2994678 ns
[2024-03-05T00:27:30.597+0000][7][safepoint   ] Safepoint "Cleanup", Time since last: 19002644081 ns, Reaching safepoint: 157432 ns, At safepoint: 38239 ns, Total: 195671 ns
[2024-03-05T00:27:36.598+0000][7][safepoint   ] Safepoint "Cleanup", Time since last: 6000612865 ns, Reaching safepoint: 122121 ns, At safepoint: 12397 ns, Total: 134518 ns
[2024-03-05T00:28:03.601+0000][7][safepoint   ] Safepoint "Cleanup", Time since last: 27003575820 ns, Reaching safepoint: 73336 ns, At safepoint: 7532 ns, Total: 80868 ns
[2024-03-05T00:28:04.602+0000][7][safepoint   ] Safepoint "Cleanup", Time since last: 1000213953 ns, Reaching safepoint: 56181 ns, At safepoint: 8261 ns, Total: 64442 ns
[2024-03-05T00:28:21.604+0000][7][safepoint   ] Safepoint "Cleanup", Time since last: 17002075667 ns, Reaching safepoint: 87245 ns, At safepoint: 9852 ns, Total: 97097 ns
[2024-03-05T00:30:06.616+0000][7][safepoint   ] Safepoint "Cleanup", Time since last: 105012635746 ns, Reaching safepoint: 112192 ns, At safepoint: 16531 ns, Total: 128723 ns
[2024-03-05T00:30:20.997+0000][7][gc,start    ] GC(278) Pause Young (Normal) (G1 Evacuation Pause)
[2024-03-05T00:30:20.997+0000][7][gc,task     ] GC(278) Using 8 workers of 8 for evacuation
[2024-03-05T00:30:20.997+0000][7][gc,age      ] GC(278) Desired survivor size 41943040 bytes, new threshold 15 (max threshold 15)
[2024-03-05T00:30:20.999+0000][7][gc,phases   ] GC(278)   Pre Evacuate Collection Set: 0.1ms
[2024-03-05T00:30:20.999+0000][7][gc,phases   ] GC(278)   Merge Heap Roots: 0.1ms
[2024-03-05T00:30:20.999+0000][7][gc,phases   ] GC(278)   Evacuate Collection Set: 1.1ms
[2024-03-05T00:30:20.999+0000][7][gc,phases   ] GC(278)   Post Evacuate Collection Set: 0.6ms
[2024-03-05T00:30:20.999+0000][7][gc,phases   ] GC(278)   Other: 0.1ms
[2024-03-05T00:30:20.999+0000][7][gc,age      ] GC(278) Age table with threshold 15 (max threshold 15)
[2024-03-05T00:30:20.999+0000][7][gc,age      ] GC(278) - age   1:    1239592 bytes,    1239592 total
[2024-03-05T00:30:20.999+0000][7][gc,age      ] GC(278) - age   2:       5568 bytes,    1245160 total
[2024-03-05T00:30:20.999+0000][7][gc,age      ] GC(278) - age   3:       1128 bytes,    1246288 total
[2024-03-05T00:30:20.999+0000][7][gc,age      ] GC(278) - age   4:       8648 bytes,    1254936 total
[2024-03-05T00:30:20.999+0000][7][gc,age      ] GC(278) - age   5:        184 bytes,    1255120 total
[2024-03-05T00:30:20.999+0000][7][gc,age      ] GC(278) - age   6:        272 bytes,    1255392 total
[2024-03-05T00:30:20.999+0000][7][gc,age      ] GC(278) - age   7:        216 bytes,    1255608 total
[2024-03-05T00:30:20.999+0000][7][gc,age      ] GC(278) - age   9:         80 bytes,    1255688 total
[2024-03-05T00:30:20.999+0000][7][gc,age      ] GC(278) - age  11:      62112 bytes,    1317800 total
[2024-03-05T00:30:20.999+0000][7][gc,age      ] GC(278) - age  14:     140304 bytes,    1458104 total
[2024-03-05T00:30:20.999+0000][7][gc,age      ] GC(278) - age  15:       1304 bytes,    1459408 total
[2024-03-05T00:30:20.999+0000][7][gc,heap     ] GC(278) Eden regions: 152->0(152)
[2024-03-05T00:30:20.999+0000][7][gc,heap     ] GC(278) Survivor regions: 1->1(20)
[2024-03-05T00:30:20.999+0000][7][gc,heap     ] GC(278) Old regions: 24->24
[2024-03-05T00:30:20.999+0000][7][gc,heap     ] GC(278) Archive regions: 2->2
[2024-03-05T00:30:20.999+0000][7][gc,heap     ] GC(278) Humongous regions: 0->0
[2024-03-05T00:30:20.999+0000][7][gc,metaspace] GC(278) Metaspace: 128799K(132288K)->128799K(132288K) NonClass: 111948K(113792K)->111948K(113792K) Class: 16851K(18496K)->16851K(18496K)
[2024-03-05T00:30:21.000+0000][7][gc          ] GC(278) Pause Young (Normal) (G1 Evacuation Pause) 707M->100M(1024M) 2.293ms
[2024-03-05T00:30:21.000+0000][7][gc,cpu      ] GC(278) User=0.01s Sys=0.00s Real=0.00s
[2024-03-05T00:30:21.000+0000][7][safepoint   ] Safepoint "G1CollectForAllocation", Time since last: 14380685281 ns, Reaching safepoint: 54407 ns, At safepoint: 2374820 ns, Total: 2429227 ns
[2024-03-05T00:33:24.501+0000][7][gc,start    ] GC(279) Pause Young (Normal) (G1 Evacuation Pause)
[2024-03-05T00:33:24.502+0000][7][gc,task     ] GC(279) Using 8 workers of 8 for evacuation
[2024-03-05T00:33:24.502+0000][7][gc,age      ] GC(279) Desired survivor size 41943040 bytes, new threshold 15 (max threshold 15)
[2024-03-05T00:33:24.504+0000][7][gc,phases   ] GC(279)   Pre Evacuate Collection Set: 0.1ms
[2024-03-05T00:33:24.504+0000][7][gc,phases   ] GC(279)   Merge Heap Roots: 0.1ms
[2024-03-05T00:33:24.504+0000][7][gc,phases   ] GC(279)   Evacuate Collection Set: 1.3ms
[2024-03-05T00:33:24.504+0000][7][gc,phases   ] GC(279)   Post Evacuate Collection Set: 0.6ms
[2024-03-05T00:33:24.504+0000][7][gc,phases   ] GC(279)   Other: 0.1ms
[2024-03-05T00:33:24.504+0000][7][gc,age      ] GC(279) Age table with threshold 15 (max threshold 15)
[2024-03-05T00:33:24.504+0000][7][gc,age      ] GC(279) - age   1:    1993264 bytes,    1993264 total
[2024-03-05T00:33:24.504+0000][7][gc,age      ] GC(279) - age   2:     115632 bytes,    2108896 total
[2024-03-05T00:33:24.504+0000][7][gc,age      ] GC(279) - age   3:       4328 bytes,    2113224 total
[2024-03-05T00:33:24.504+0000][7][gc,age      ] GC(279) - age   4:        120 bytes,    2113344 total
[2024-03-05T00:33:24.504+0000][7][gc,age      ] GC(279) - age   5:       8400 bytes,    2121744 total
[2024-03-05T00:33:24.504+0000][7][gc,age      ] GC(279) - age   6:        184 bytes,    2121928 total
[2024-03-05T00:33:24.504+0000][7][gc,age      ] GC(279) - age   7:         88 bytes,    2122016 total
[2024-03-05T00:33:24.504+0000][7][gc,age      ] GC(279) - age   8:        184 bytes,    2122200 total
[2024-03-05T00:33:24.504+0000][7][gc,age      ] GC(279) - age  10:         80 bytes,    2122280 total
[2024-03-05T00:33:24.504+0000][7][gc,age      ] GC(279) - age  12:      62112 bytes,    2184392 total
[2024-03-05T00:33:24.504+0000][7][gc,age      ] GC(279) - age  15:     140304 bytes,    2324696 total
[2024-03-05T00:33:24.504+0000][7][gc,heap     ] GC(279) Eden regions: 152->0(152)
[2024-03-05T00:33:24.504+0000][7][gc,heap     ] GC(279) Survivor regions: 1->1(20)
[2024-03-05T00:33:24.504+0000][7][gc,heap     ] GC(279) Old regions: 24->24
[2024-03-05T00:33:24.504+0000][7][gc,heap     ] GC(279) Archive regions: 2->2
[2024-03-05T00:33:24.504+0000][7][gc,heap     ] GC(279) Humongous regions: 0->0
[2024-03-05T00:33:24.504+0000][7][gc,metaspace] GC(279) Metaspace: 128800K(132288K)->128800K(132288K) NonClass: 111949K(113792K)->111949K(113792K) Class: 16851K(18496K)->16851K(18496K)
[2024-03-05T00:33:24.504+0000][7][gc          ] GC(279) Pause Young (Normal) (G1 Evacuation Pause) 708M->101M(1024M) 2.206ms
[2024-03-05T00:33:24.504+0000][7][gc,cpu      ] GC(279) User=0.01s Sys=0.01s Real=0.00s
[2024-03-05T00:33:24.504+0000][7][safepoint   ] Safepoint "G1CollectForAllocation", Time since last: 183501815081 ns, Reaching safepoint: 41588 ns, At safepoint: 2271536 ns, Total: 2313124 ns
[2024-03-05T00:34:27.511+0000][7][safepoint   ] Safepoint "Cleanup", Time since last: 63007033476 ns, Reaching safepoint: 65185 ns, At safepoint: 6627 ns, Total: 71812 ns
[2024-03-05T00:34:48.513+0000][7][safepoint   ] Safepoint "Cleanup", Time since last: 21002529079 ns, Reaching safepoint: 100693 ns, At safepoint: 12536 ns, Total: 113229 ns
[2024-03-05T00:36:15.524+0000][7][safepoint   ] Safepoint "Cleanup", Time since last: 87010268576 ns, Reaching safepoint: 105323 ns, At safepoint: 12311 ns, Total: 117634 ns
[2024-03-05T00:36:21.917+0000][7][gc,start    ] GC(280) Pause Young (Normal) (G1 Evacuation Pause)
[2024-03-05T00:36:21.917+0000][7][gc,task     ] GC(280) Using 8 workers of 8 for evacuation
[2024-03-05T00:36:21.917+0000][7][gc,age      ] GC(280) Desired survivor size 41943040 bytes, new threshold 15 (max threshold 15)
[2024-03-05T00:36:21.920+0000][7][gc,phases   ] GC(280)   Pre Evacuate Collection Set: 0.1ms
[2024-03-05T00:36:21.920+0000][7][gc,phases   ] GC(280)   Merge Heap Roots: 0.1ms
[2024-03-05T00:36:21.920+0000][7][gc,phases   ] GC(280)   Evacuate Collection Set: 1.7ms
[2024-03-05T00:36:21.920+0000][7][gc,phases   ] GC(280)   Post Evacuate Collection Set: 0.7ms
[2024-03-05T00:36:21.920+0000][7][gc,phases   ] GC(280)   Other: 0.1ms
[2024-03-05T00:36:21.920+0000][7][gc,age      ] GC(280) Age table with threshold 15 (max threshold 15)
[2024-03-05T00:36:21.920+0000][7][gc,age      ] GC(280) - age   1:    1654984 bytes,    1654984 total
[2024-03-05T00:36:21.920+0000][7][gc,age      ] GC(280) - age   2:     155072 bytes,    1810056 total
[2024-03-05T00:36:21.920+0000][7][gc,age      ] GC(280) - age   3:     104936 bytes,    1914992 total
[2024-03-05T00:36:21.920+0000][7][gc,age      ] GC(280) - age   4:       4264 bytes,    1919256 total
[2024-03-05T00:36:21.920+0000][7][gc,age      ] GC(280) - age   5:         56 bytes,    1919312 total
[2024-03-05T00:36:21.920+0000][7][gc,age      ] GC(280) - age   6:       8400 bytes,    1927712 total
[2024-03-05T00:36:21.920+0000][7][gc,age      ] GC(280) - age   7:        184 bytes,    1927896 total
[2024-03-05T00:36:21.920+0000][7][gc,age      ] GC(280) - age   8:         88 bytes,    1927984 total
[2024-03-05T00:36:21.920+0000][7][gc,age      ] GC(280) - age   9:        184 bytes,    1928168 total
[2024-03-05T00:36:21.920+0000][7][gc,age      ] GC(280) - age  11:         80 bytes,    1928248 total
[2024-03-05T00:36:21.920+0000][7][gc,age      ] GC(280) - age  13:      62112 bytes,    1990360 total
[2024-03-05T00:36:21.920+0000][7][gc,heap     ] GC(280) Eden regions: 152->0(152)
[2024-03-05T00:36:21.920+0000][7][gc,heap     ] GC(280) Survivor regions: 1->1(20)
[2024-03-05T00:36:21.920+0000][7][gc,heap     ] GC(280) Old regions: 24->24
[2024-03-05T00:36:21.920+0000][7][gc,heap     ] GC(280) Archive regions: 2->2
[2024-03-05T00:36:21.920+0000][7][gc,heap     ] GC(280) Humongous regions: 0->0
[2024-03-05T00:36:21.920+0000][7][gc,metaspace] GC(280) Metaspace: 128800K(132288K)->128800K(132288K) NonClass: 111949K(113792K)->111949K(113792K) Class: 16851K(18496K)->16851K(18496K)
[2024-03-05T00:36:21.920+0000][7][gc          ] GC(280) Pause Young (Normal) (G1 Evacuation Pause) 709M->100M(1024M) 2.955ms
[2024-03-05T00:36:21.920+0000][7][gc,cpu      ] GC(280) User=0.02s Sys=0.00s Real=0.00s
[2024-03-05T00:36:21.920+0000][7][safepoint   ] Safepoint "G1CollectForAllocation", Time since last: 6392979001 ns, Reaching safepoint: 52228 ns, At safepoint: 3044693 ns, Total: 3096921 ns
[2024-03-05T00:39:29.988+0000][7][gc,start    ] GC(281) Pause Young (Normal) (G1 Evacuation Pause)
[2024-03-05T00:39:29.988+0000][7][gc,task     ] GC(281) Using 8 workers of 8 for evacuation
[2024-03-05T00:39:29.988+0000][7][gc,age      ] GC(281) Desired survivor size 41943040 bytes, new threshold 15 (max threshold 15)
[2024-03-05T00:39:29.991+0000][7][gc,phases   ] GC(281)   Pre Evacuate Collection Set: 0.1ms
[2024-03-05T00:39:29.991+0000][7][gc,phases   ] GC(281)   Merge Heap Roots: 0.1ms
[2024-03-05T00:39:29.991+0000][7][gc,phases   ] GC(281)   Evacuate Collection Set: 2.3ms
[2024-03-05T00:39:29.991+0000][7][gc,phases   ] GC(281)   Post Evacuate Collection Set: 0.8ms
[2024-03-05T00:39:29.991+0000][7][gc,phases   ] GC(281)   Other: 0.1ms
[2024-03-05T00:39:29.991+0000][7][gc,age      ] GC(281) Age table with threshold 15 (max threshold 15)
[2024-03-05T00:39:29.991+0000][7][gc,age      ] GC(281) - age   1:    1242976 bytes,    1242976 total
[2024-03-05T00:39:29.991+0000][7][gc,age      ] GC(281) - age   2:      57888 bytes,    1300864 total
[2024-03-05T00:39:29.991+0000][7][gc,age      ] GC(281) - age   3:     152480 bytes,    1453344 total
[2024-03-05T00:39:29.991+0000][7][gc,age      ] GC(281) - age   4:     104608 bytes,    1557952 total
[2024-03-05T00:39:29.991+0000][7][gc,age      ] GC(281) - age   5:        808 bytes,    1558760 total
[2024-03-05T00:39:29.991+0000][7][gc,age      ] GC(281) - age   6:         56 bytes,    1558816 total
[2024-03-05T00:39:29.991+0000][7][gc,age      ] GC(281) - age   7:       8400 bytes,    1567216 total
[2024-03-05T00:39:29.991+0000][7][gc,age      ] GC(281) - age   8:        184 bytes,    1567400 total
[2024-03-05T00:39:29.991+0000][7][gc,age      ] GC(281) - age  10:        184 bytes,    1567584 total
[2024-03-05T00:39:29.991+0000][7][gc,age      ] GC(281) - age  12:         80 bytes,    1567664 total
[2024-03-05T00:39:29.991+0000][7][gc,age      ] GC(281) - age  14:      62112 bytes,    1629776 total
[2024-03-05T00:39:29.991+0000][7][gc,heap     ] GC(281) Eden regions: 152->0(152)
[2024-03-05T00:39:29.991+0000][7][gc,heap     ] GC(281) Survivor regions: 1->1(20)
[2024-03-05T00:39:29.991+0000][7][gc,heap     ] GC(281) Old regions: 24->24
[2024-03-05T00:39:29.991+0000][7][gc,heap     ] GC(281) Archive regions: 2->2
[2024-03-05T00:39:29.991+0000][7][gc,heap     ] GC(281) Humongous regions: 0->0
[2024-03-05T00:39:29.991+0000][7][gc,metaspace] GC(281) Metaspace: 128800K(132288K)->128800K(132288K) NonClass: 111949K(113792K)->111949K(113792K) Class: 16851K(18496K)->16851K(18496K)
[2024-03-05T00:39:29.991+0000][7][gc          ] GC(281) Pause Young (Normal) (G1 Evacuation Pause) 708M->100M(1024M) 3.754ms
[2024-03-05T00:39:29.991+0000][7][gc,cpu      ] GC(281) User=0.02s Sys=0.00s Real=0.00s
[2024-03-05T00:39:29.991+0000][7][safepoint   ] Safepoint "G1CollectForAllocation", Time since last: 188067500655 ns, Reaching safepoint: 47546 ns, At safepoint: 3865994 ns, Total: 3913540 ns
[2024-03-05T00:41:22.004+0000][7][safepoint   ] Safepoint "Cleanup", Time since last: 112012360261 ns, Reaching safepoint: 57740 ns, At safepoint: 31854 ns, Total: 89594 ns
[2024-03-05T00:42:33.815+0000][7][gc,start    ] GC(282) Pause Young (Normal) (G1 Evacuation Pause)
[2024-03-05T00:42:33.815+0000][7][gc,task     ] GC(282) Using 8 workers of 8 for evacuation
[2024-03-05T00:42:33.815+0000][7][gc,age      ] GC(282) Desired survivor size 41943040 bytes, new threshold 15 (max threshold 15)
[2024-03-05T00:42:33.818+0000][7][gc,phases   ] GC(282)   Pre Evacuate Collection Set: 0.1ms
[2024-03-05T00:42:33.818+0000][7][gc,phases   ] GC(282)   Merge Heap Roots: 0.3ms
[2024-03-05T00:42:33.818+0000][7][gc,phases   ] GC(282)   Evacuate Collection Set: 1.8ms
[2024-03-05T00:42:33.818+0000][7][gc,phases   ] GC(282)   Post Evacuate Collection Set: 0.8ms
[2024-03-05T00:42:33.818+0000][7][gc,phases   ] GC(282)   Other: 0.1ms
[2024-03-05T00:42:33.818+0000][7][gc,age      ] GC(282) Age table with threshold 15 (max threshold 15)
[2024-03-05T00:42:33.818+0000][7][gc,age      ] GC(282) - age   1:    1640968 bytes,    1640968 total
[2024-03-05T00:42:33.818+0000][7][gc,age      ] GC(282) - age   2:      41480 bytes,    1682448 total
[2024-03-05T00:42:33.819+0000][7][gc,age      ] GC(282) - age   3:      55264 bytes,    1737712 total
[2024-03-05T00:42:33.819+0000][7][gc,age      ] GC(282) - age   4:     151616 bytes,    1889328 total
[2024-03-05T00:42:33.819+0000][7][gc,age      ] GC(282) - age   5:     104608 bytes,    1993936 total
[2024-03-05T00:42:33.819+0000][7][gc,age      ] GC(282) - age   6:        416 bytes,    1994352 total
[2024-03-05T00:42:33.819+0000][7][gc,age      ] GC(282) - age   7:         24 bytes,    1994376 total
[2024-03-05T00:42:33.819+0000][7][gc,age      ] GC(282) - age   8:       8016 bytes,    2002392 total
[2024-03-05T00:42:33.819+0000][7][gc,age      ] GC(282) - age   9:        184 bytes,    2002576 total
[2024-03-05T00:42:33.819+0000][7][gc,age      ] GC(282) - age  13:         80 bytes,    2002656 total
[2024-03-05T00:42:33.819+0000][7][gc,age      ] GC(282) - age  15:      62112 bytes,    2064768 total
[2024-03-05T00:42:33.819+0000][7][gc,heap     ] GC(282) Eden regions: 152->0(152)
[2024-03-05T00:42:33.819+0000][7][gc,heap     ] GC(282) Survivor regions: 1->1(20)
[2024-03-05T00:42:33.819+0000][7][gc,heap     ] GC(282) Old regions: 24->24
[2024-03-05T00:42:33.819+0000][7][gc,heap     ] GC(282) Archive regions: 2->2
[2024-03-05T00:42:33.819+0000][7][gc,heap     ] GC(282) Humongous regions: 0->0
[2024-03-05T00:42:33.819+0000][7][gc,metaspace] GC(282) Metaspace: 128800K(132288K)->128800K(132288K) NonClass: 111949K(113792K)->111949K(113792K) Class: 16851K(18496K)->16851K(18496K)
[2024-03-05T00:42:33.819+0000][7][gc          ] GC(282) Pause Young (Normal) (G1 Evacuation Pause) 708M->101M(1024M) 3.383ms
[2024-03-05T00:42:33.819+0000][7][gc,cpu      ] GC(282) User=0.02s Sys=0.00s Real=0.01s
[2024-03-05T00:42:33.819+0000][7][safepoint   ] Safepoint "G1CollectForAllocation", Time since last: 71811353691 ns, Reaching safepoint: 99206 ns, At safepoint: 3486119 ns, Total: 3585325 ns
[2024-03-05T00:45:29.985+0000][7][gc,start    ] GC(283) Pause Young (Normal) (G1 Evacuation Pause)
[2024-03-05T00:45:29.985+0000][7][gc,task     ] GC(283) Using 8 workers of 8 for evacuation
[2024-03-05T00:45:29.985+0000][7][gc,age      ] GC(283) Desired survivor size 41943040 bytes, new threshold 15 (max threshold 15)
[2024-03-05T00:45:29.988+0000][7][gc,phases   ] GC(283)   Pre Evacuate Collection Set: 0.1ms
[2024-03-05T00:45:29.988+0000][7][gc,phases   ] GC(283)   Merge Heap Roots: 0.1ms
[2024-03-05T00:45:29.988+0000][7][gc,phases   ] GC(283)   Evacuate Collection Set: 1.3ms
[2024-03-05T00:45:29.988+0000][7][gc,phases   ] GC(283)   Post Evacuate Collection Set: 0.8ms
[2024-03-05T00:45:29.988+0000][7][gc,phases   ] GC(283)   Other: 0.1ms
[2024-03-05T00:45:29.988+0000][7][gc,age      ] GC(283) Age table with threshold 15 (max threshold 15)
[2024-03-05T00:45:29.988+0000][7][gc,age      ] GC(283) - age   1:     597504 bytes,     597504 total
[2024-03-05T00:45:29.988+0000][7][gc,age      ] GC(283) - age   2:      14744 bytes,     612248 total
[2024-03-05T00:45:29.988+0000][7][gc,age      ] GC(283) - age   3:      39792 bytes,     652040 total
[2024-03-05T00:45:29.988+0000][7][gc,age      ] GC(283) - age   4:      55200 bytes,     707240 total
[2024-03-05T00:45:29.988+0000][7][gc,age      ] GC(283) - age   5:     151432 bytes,     858672 total
[2024-03-05T00:45:29.988+0000][7][gc,age      ] GC(283) - age   6:     104608 bytes,     963280 total
[2024-03-05T00:45:29.988+0000][7][gc,age      ] GC(283) - age   7:        232 bytes,     963512 total
[2024-03-05T00:45:29.988+0000][7][gc,age      ] GC(283) - age   8:         24 bytes,     963536 total
[2024-03-05T00:45:29.988+0000][7][gc,age      ] GC(283) - age   9:       8016 bytes,     971552 total
[2024-03-05T00:45:29.988+0000][7][gc,age      ] GC(283) - age  10:        184 bytes,     971736 total
[2024-03-05T00:45:29.988+0000][7][gc,age      ] GC(283) - age  14:         80 bytes,     971816 total
[2024-03-05T00:45:29.988+0000][7][gc,heap     ] GC(283) Eden regions: 152->0(152)
[2024-03-05T00:45:29.988+0000][7][gc,heap     ] GC(283) Survivor regions: 1->1(20)
[2024-03-05T00:45:29.988+0000][7][gc,heap     ] GC(283) Old regions: 24->24
[2024-03-05T00:45:29.988+0000][7][gc,heap     ] GC(283) Archive regions: 2->2
[2024-03-05T00:45:29.988+0000][7][gc,heap     ] GC(283) Humongous regions: 0->0
[2024-03-05T00:45:29.988+0000][7][gc,metaspace] GC(283) Metaspace: 128800K(132288K)->128800K(132288K) NonClass: 111949K(113792K)->111949K(113792K) Class: 16851K(18496K)->16851K(18496K)
[2024-03-05T00:45:29.988+0000][7][gc          ] GC(283) Pause Young (Normal) (G1 Evacuation Pause) 709M->100M(1024M) 2.769ms
[2024-03-05T00:45:29.988+0000][7][gc,cpu      ] GC(283) User=0.01s Sys=0.00s Real=0.00s
[2024-03-05T00:45:29.988+0000][7][safepoint   ] Safepoint "G1CollectForAllocation", Time since last: 176166395217 ns, Reaching safepoint: 65887 ns, At safepoint: 2873040 ns, Total: 2938927 ns
[2024-03-05T00:47:36.002+0000][7][safepoint   ] Safepoint "Cleanup", Time since last: 126013984009 ns, Reaching safepoint: 137129 ns, At safepoint: 6292 ns, Total: 143421 ns
[2024-03-05T00:48:39.005+0000][7][gc,start    ] GC(284) Pause Young (Normal) (G1 Evacuation Pause)
[2024-03-05T00:48:39.005+0000][7][gc,task     ] GC(284) Using 8 workers of 8 for evacuation
[2024-03-05T00:48:39.005+0000][7][gc,age      ] GC(284) Desired survivor size 41943040 bytes, new threshold 15 (max threshold 15)
[2024-03-05T00:48:39.008+0000][7][gc,phases   ] GC(284)   Pre Evacuate Collection Set: 0.1ms
[2024-03-05T00:48:39.008+0000][7][gc,phases   ] GC(284)   Merge Heap Roots: 0.1ms
[2024-03-05T00:48:39.008+0000][7][gc,phases   ] GC(284)   Evacuate Collection Set: 1.5ms
[2024-03-05T00:48:39.008+0000][7][gc,phases   ] GC(284)   Post Evacuate Collection Set: 0.8ms
[2024-03-05T00:48:39.008+0000][7][gc,phases   ] GC(284)   Other: 0.1ms
[2024-03-05T00:48:39.008+0000][7][gc,age      ] GC(284) Age table with threshold 15 (max threshold 15)
[2024-03-05T00:48:39.008+0000][7][gc,age      ] GC(284) - age   1:     962056 bytes,     962056 total
[2024-03-05T00:48:39.008+0000][7][gc,age      ] GC(284) - age   2:       2480 bytes,     964536 total
[2024-03-05T00:48:39.008+0000][7][gc,age      ] GC(284) - age   3:      11824 bytes,     976360 total
[2024-03-05T00:48:39.008+0000][7][gc,age      ] GC(284) - age   4:      36208 bytes,    1012568 total
[2024-03-05T00:48:39.008+0000][7][gc,age      ] GC(284) - age   5:      55200 bytes,    1067768 total
[2024-03-05T00:48:39.008+0000][7][gc,age      ] GC(284) - age   6:     151432 bytes,    1219200 total
[2024-03-05T00:48:39.008+0000][7][gc,age      ] GC(284) - age   7:     104608 bytes,    1323808 total
[2024-03-05T00:48:39.008+0000][7][gc,age      ] GC(284) - age   8:        232 bytes,    1324040 total
[2024-03-05T00:48:39.008+0000][7][gc,age      ] GC(284) - age   9:         24 bytes,    1324064 total
[2024-03-05T00:48:39.008+0000][7][gc,age      ] GC(284) - age  10:       8016 bytes,    1332080 total
[2024-03-05T00:48:39.008+0000][7][gc,age      ] GC(284) - age  15:         80 bytes,    1332160 total
[2024-03-05T00:48:39.008+0000][7][gc,heap     ] GC(284) Eden regions: 152->0(152)
[2024-03-05T00:48:39.008+0000][7][gc,heap     ] GC(284) Survivor regions: 1->1(20)
[2024-03-05T00:48:39.008+0000][7][gc,heap     ] GC(284) Old regions: 24->24
[2024-03-05T00:48:39.008+0000][7][gc,heap     ] GC(284) Archive regions: 2->2
[2024-03-05T00:48:39.008+0000][7][gc,heap     ] GC(284) Humongous regions: 0->0
[2024-03-05T00:48:39.008+0000][7][gc,metaspace] GC(284) Metaspace: 128800K(132288K)->128800K(132288K) NonClass: 111949K(113792K)->111949K(113792K) Class: 16851K(18496K)->16851K(18496K)
[2024-03-05T00:48:39.008+0000][7][gc          ] GC(284) Pause Young (Normal) (G1 Evacuation Pause) 708M->100M(1024M) 2.819ms
[2024-03-05T00:48:39.008+0000][7][gc,cpu      ] GC(284) User=0.01s Sys=0.00s Real=0.00s
[2024-03-05T00:48:39.008+0000][7][safepoint   ] Safepoint "G1CollectForAllocation", Time since last: 63002657153 ns, Reaching safepoint: 45815 ns, At safepoint: 2906828 ns, Total: 2952643 ns
[2024-03-05T00:51:42.018+0000][7][gc,start    ] GC(285) Pause Young (Normal) (G1 Evacuation Pause)
[2024-03-05T00:51:42.018+0000][7][gc,task     ] GC(285) Using 8 workers of 8 for evacuation
[2024-03-05T00:51:42.018+0000][7][gc,age      ] GC(285) Desired survivor size 41943040 bytes, new threshold 15 (max threshold 15)
[2024-03-05T00:51:42.020+0000][7][gc,phases   ] GC(285)   Pre Evacuate Collection Set: 0.1ms
[2024-03-05T00:51:42.020+0000][7][gc,phases   ] GC(285)   Merge Heap Roots: 0.1ms
[2024-03-05T00:51:42.020+0000][7][gc,phases   ] GC(285)   Evacuate Collection Set: 1.5ms
[2024-03-05T00:51:42.020+0000][7][gc,phases   ] GC(285)   Post Evacuate Collection Set: 0.7ms
[2024-03-05T00:51:42.020+0000][7][gc,phases   ] GC(285)   Other: 0.1ms
[2024-03-05T00:51:42.020+0000][7][gc,age      ] GC(285) Age table with threshold 15 (max threshold 15)
[2024-03-05T00:51:42.020+0000][7][gc,age      ] GC(285) - age   1:    1299832 bytes,    1299832 total
[2024-03-05T00:51:42.020+0000][7][gc,age      ] GC(285) - age   2:       6280 bytes,    1306112 total
[2024-03-05T00:51:42.020+0000][7][gc,age      ] GC(285) - age   3:        656 bytes,    1306768 total
[2024-03-05T00:51:42.020+0000][7][gc,age      ] GC(285) - age   4:      11448 bytes,    1318216 total
[2024-03-05T00:51:42.020+0000][7][gc,age      ] GC(285) - age   5:      35728 bytes,    1353944 total
[2024-03-05T00:51:42.020+0000][7][gc,age      ] GC(285) - age   6:      55200 bytes,    1409144 total
[2024-03-05T00:51:42.020+0000][7][gc,age      ] GC(285) - age   7:     151432 bytes,    1560576 total
[2024-03-05T00:51:42.020+0000][7][gc,age      ] GC(285) - age   8:     104608 bytes,    1665184 total
[2024-03-05T00:51:42.020+0000][7][gc,age      ] GC(285) - age   9:        232 bytes,    1665416 total
[2024-03-05T00:51:42.020+0000][7][gc,age      ] GC(285) - age  10:         24 bytes,    1665440 total
[2024-03-05T00:51:42.020+0000][7][gc,age      ] GC(285) - age  11:       8016 bytes,    1673456 total
[2024-03-05T00:51:42.020+0000][7][gc,heap     ] GC(285) Eden regions: 152->0(152)
[2024-03-05T00:51:42.020+0000][7][gc,heap     ] GC(285) Survivor regions: 1->1(20)
[2024-03-05T00:51:42.020+0000][7][gc,heap     ] GC(285) Old regions: 24->24
[2024-03-05T00:51:42.020+0000][7][gc,heap     ] GC(285) Archive regions: 2->2
[2024-03-05T00:51:42.020+0000][7][gc,heap     ] GC(285) Humongous regions: 0->0
[2024-03-05T00:51:42.020+0000][7][gc,metaspace] GC(285) Metaspace: 128800K(132288K)->128800K(132288K) NonClass: 111949K(113792K)->111949K(113792K) Class: 16851K(18496K)->16851K(18496K)
[2024-03-05T00:51:42.021+0000][7][gc          ] GC(285) Pause Young (Normal) (G1 Evacuation Pause) 708M->100M(1024M) 2.713ms
[2024-03-05T00:51:42.021+0000][7][gc,cpu      ] GC(285) User=0.01s Sys=0.00s Real=0.00s
[2024-03-05T00:51:42.021+0000][7][safepoint   ] Safepoint "G1CollectForAllocation", Time since last: 183009932107 ns, Reaching safepoint: 47925 ns, At safepoint: 2844011 ns, Total: 2891936 ns
[2024-03-05T00:53:57.015+0000][7][gc,start    ] GC(286) Pause Young (Normal) (G1 Evacuation Pause)
[2024-03-05T00:53:57.015+0000][7][gc,task     ] GC(286) Using 8 workers of 8 for evacuation
[2024-03-05T00:53:57.015+0000][7][gc,age      ] GC(286) Desired survivor size 41943040 bytes, new threshold 15 (max threshold 15)
[2024-03-05T00:53:57.018+0000][7][gc,phases   ] GC(286)   Pre Evacuate Collection Set: 0.1ms
[2024-03-05T00:53:57.018+0000][7][gc,phases   ] GC(286)   Merge Heap Roots: 0.1ms
[2024-03-05T00:53:57.018+0000][7][gc,phases   ] GC(286)   Evacuate Collection Set: 1.7ms
[2024-03-05T00:53:57.018+0000][7][gc,phases   ] GC(286)   Post Evacuate Collection Set: 0.7ms
[2024-03-05T00:53:57.018+0000][7][gc,phases   ] GC(286)   Other: 0.1ms
[2024-03-05T00:53:57.018+0000][7][gc,age      ] GC(286) Age table with threshold 15 (max threshold 15)
[2024-03-05T00:53:57.018+0000][7][gc,age      ] GC(286) - age   1:    1624440 bytes,    1624440 total
[2024-03-05T00:53:57.018+0000][7][gc,age      ] GC(286) - age   2:       2376 bytes,    1626816 total
[2024-03-05T00:53:57.018+0000][7][gc,age      ] GC(286) - age   3:       4000 bytes,    1630816 total
[2024-03-05T00:53:57.018+0000][7][gc,age      ] GC(286) - age   4:        216 bytes,    1631032 total
[2024-03-05T00:53:57.018+0000][7][gc,age      ] GC(286) - age   5:      10704 bytes,    1641736 total
[2024-03-05T00:53:57.018+0000][7][gc,age      ] GC(286) - age   6:      35608 bytes,    1677344 total
[2024-03-05T00:53:57.018+0000][7][gc,age      ] GC(286) - age   7:      55200 bytes,    1732544 total
[2024-03-05T00:53:57.018+0000][7][gc,age      ] GC(286) - age   8:     151432 bytes,    1883976 total
[2024-03-05T00:53:57.018+0000][7][gc,age      ] GC(286) - age   9:     104608 bytes,    1988584 total
[2024-03-05T00:53:57.018+0000][7][gc,age      ] GC(286) - age  10:        232 bytes,    1988816 total
[2024-03-05T00:53:57.018+0000][7][gc,age      ] GC(286) - age  12:       8016 bytes,    1996832 total
[2024-03-05T00:53:57.018+0000][7][gc,heap     ] GC(286) Eden regions: 152->0(152)
[2024-03-05T00:53:57.018+0000][7][gc,heap     ] GC(286) Survivor regions: 1->1(20)
[2024-03-05T00:53:57.018+0000][7][gc,heap     ] GC(286) Old regions: 24->24
[2024-03-05T00:53:57.018+0000][7][gc,heap     ] GC(286) Archive regions: 2->2
[2024-03-05T00:53:57.018+0000][7][gc,heap     ] GC(286) Humongous regions: 0->0
[2024-03-05T00:53:57.018+0000][7][gc,metaspace] GC(286) Metaspace: 128800K(132288K)->128800K(132288K) NonClass: 111949K(113792K)->111949K(113792K) Class: 16851K(18496K)->16851K(18496K)
[2024-03-05T00:53:57.018+0000][7][gc          ] GC(286) Pause Young (Normal) (G1 Evacuation Pause) 708M->100M(1024M) 3.021ms
[2024-03-05T00:53:57.018+0000][7][gc,cpu      ] GC(286) User=0.01s Sys=0.00s Real=0.01s
[2024-03-05T00:53:57.018+0000][7][safepoint   ] Safepoint "G1CollectForAllocation", Time since last: 134994071668 ns, Reaching safepoint: 31698 ns, At safepoint: 3106743 ns, Total: 3138441 ns
[2024-03-05T00:56:21.022+0000][7][gc,start    ] GC(287) Pause Young (Normal) (G1 Evacuation Pause)
[2024-03-05T00:56:21.022+0000][7][gc,task     ] GC(287) Using 8 workers of 8 for evacuation
[2024-03-05T00:56:21.022+0000][7][gc,age      ] GC(287) Desired survivor size 41943040 bytes, new threshold 15 (max threshold 15)
[2024-03-05T00:56:21.024+0000][7][gc,phases   ] GC(287)   Pre Evacuate Collection Set: 0.1ms
[2024-03-05T00:56:21.024+0000][7][gc,phases   ] GC(287)   Merge Heap Roots: 0.1ms
[2024-03-05T00:56:21.024+0000][7][gc,phases   ] GC(287)   Evacuate Collection Set: 1.6ms
[2024-03-05T00:56:21.024+0000][7][gc,phases   ] GC(287)   Post Evacuate Collection Set: 0.7ms
[2024-03-05T00:56:21.024+0000][7][gc,phases   ] GC(287)   Other: 0.1ms
[2024-03-05T00:56:21.024+0000][7][gc,age      ] GC(287) Age table with threshold 15 (max threshold 15)
[2024-03-05T00:56:21.025+0000][7][gc,age      ] GC(287) - age   1:    1500944 bytes,    1500944 total
[2024-03-05T00:56:21.025+0000][7][gc,age      ] GC(287) - age   2:     136976 bytes,    1637920 total
[2024-03-05T00:56:21.025+0000][7][gc,age      ] GC(287) - age   3:       1056 bytes,    1638976 total
[2024-03-05T00:56:21.025+0000][7][gc,age      ] GC(287) - age   4:       3640 bytes,    1642616 total
[2024-03-05T00:56:21.025+0000][7][gc,age      ] GC(287) - age   6:      10704 bytes,    1653320 total
[2024-03-05T00:56:21.025+0000][7][gc,age      ] GC(287) - age   7:      35608 bytes,    1688928 total
[2024-03-05T00:56:21.025+0000][7][gc,age      ] GC(287) - age   8:      55200 bytes,    1744128 total
[2024-03-05T00:56:21.025+0000][7][gc,age      ] GC(287) - age   9:     151432 bytes,    1895560 total
[2024-03-05T00:56:21.025+0000][7][gc,age      ] GC(287) - age  10:     104608 bytes,    2000168 total
[2024-03-05T00:56:21.025+0000][7][gc,age      ] GC(287) - age  11:        232 bytes,    2000400 total
[2024-03-05T00:56:21.025+0000][7][gc,age      ] GC(287) - age  13:       8016 bytes,    2008416 total
[2024-03-05T00:56:21.025+0000][7][gc,heap     ] GC(287) Eden regions: 152->0(152)
[2024-03-05T00:56:21.025+0000][7][gc,heap     ] GC(287) Survivor regions: 1->1(20)
[2024-03-05T00:56:21.025+0000][7][gc,heap     ] GC(287) Old regions: 24->24
[2024-03-05T00:56:21.025+0000][7][gc,heap     ] GC(287) Archive regions: 2->2
[2024-03-05T00:56:21.025+0000][7][gc,heap     ] GC(287) Humongous regions: 0->0
[2024-03-05T00:56:21.025+0000][7][gc,metaspace] GC(287) Metaspace: 128800K(132288K)->128800K(132288K) NonClass: 111949K(113792K)->111949K(113792K) Class: 16851K(18496K)->16851K(18496K)
[2024-03-05T00:56:21.025+0000][7][gc          ] GC(287) Pause Young (Normal) (G1 Evacuation Pause) 708M->100M(1024M) 2.939ms
[2024-03-05T00:56:21.025+0000][7][gc,cpu      ] GC(287) User=0.02s Sys=0.00s Real=0.01s
[2024-03-05T00:56:21.025+0000][7][safepoint   ] Safepoint "G1CollectForAllocation", Time since last: 144003763230 ns, Reaching safepoint: 78558 ns, At safepoint: 3026684 ns, Total: 3105242 ns
[2024-03-05T00:58:36.640+0000][7][gc,start    ] GC(288) Pause Young (Normal) (G1 Evacuation Pause)
[2024-03-05T00:58:36.640+0000][7][gc,task     ] GC(288) Using 8 workers of 8 for evacuation
[2024-03-05T00:58:36.640+0000][7][gc,age      ] GC(288) Desired survivor size 41943040 bytes, new threshold 15 (max threshold 15)
[2024-03-05T00:58:36.642+0000][7][gc,phases   ] GC(288)   Pre Evacuate Collection Set: 0.1ms
[2024-03-05T00:58:36.642+0000][7][gc,phases   ] GC(288)   Merge Heap Roots: 0.1ms
[2024-03-05T00:58:36.642+0000][7][gc,phases   ] GC(288)   Evacuate Collection Set: 1.2ms
[2024-03-05T00:58:36.642+0000][7][gc,phases   ] GC(288)   Post Evacuate Collection Set: 0.7ms
[2024-03-05T00:58:36.642+0000][7][gc,phases   ] GC(288)   Other: 0.1ms
[2024-03-05T00:58:36.642+0000][7][gc,age      ] GC(288) Age table with threshold 15 (max threshold 15)
[2024-03-05T00:58:36.642+0000][7][gc,age      ] GC(288) - age   1:    1849504 bytes,    1849504 total
[2024-03-05T00:58:36.642+0000][7][gc,age      ] GC(288) - age   2:       3200 bytes,    1852704 total
[2024-03-05T00:58:36.642+0000][7][gc,age      ] GC(288) - age   3:     134256 bytes,    1986960 total
[2024-03-05T00:58:36.642+0000][7][gc,age      ] GC(288) - age   4:        544 bytes,    1987504 total
[2024-03-05T00:58:36.642+0000][7][gc,age      ] GC(288) - age   5:        184 bytes,    1987688 total
[2024-03-05T00:58:36.642+0000][7][gc,age      ] GC(288) - age   7:      10312 bytes,    1998000 total
[2024-03-05T00:58:36.642+0000][7][gc,age      ] GC(288) - age   8:      35608 bytes,    2033608 total
[2024-03-05T00:58:36.642+0000][7][gc,age      ] GC(288) - age   9:      55200 bytes,    2088808 total
[2024-03-05T00:58:36.642+0000][7][gc,age      ] GC(288) - age  10:     151432 bytes,    2240240 total
[2024-03-05T00:58:36.642+0000][7][gc,age      ] GC(288) - age  11:     104608 bytes,    2344848 total
[2024-03-05T00:58:36.642+0000][7][gc,age      ] GC(288) - age  12:        232 bytes,    2345080 total
[2024-03-05T00:58:36.642+0000][7][gc,age      ] GC(288) - age  14:       8016 bytes,    2353096 total
[2024-03-05T00:58:36.642+0000][7][gc,heap     ] GC(288) Eden regions: 152->0(152)
[2024-03-05T00:58:36.642+0000][7][gc,heap     ] GC(288) Survivor regions: 1->1(20)
[2024-03-05T00:58:36.642+0000][7][gc,heap     ] GC(288) Old regions: 24->24
[2024-03-05T00:58:36.642+0000][7][gc,heap     ] GC(288) Archive regions: 2->2
[2024-03-05T00:58:36.642+0000][7][gc,heap     ] GC(288) Humongous regions: 0->0
[2024-03-05T00:58:36.642+0000][7][gc,metaspace] GC(288) Metaspace: 128800K(132288K)->128800K(132288K) NonClass: 111949K(113792K)->111949K(113792K) Class: 16851K(18496K)->16851K(18496K)
[2024-03-05T00:58:36.642+0000][7][gc          ] GC(288) Pause Young (Normal) (G1 Evacuation Pause) 708M->101M(1024M) 2.283ms
[2024-03-05T00:58:36.642+0000][7][gc,cpu      ] GC(288) User=0.02s Sys=0.00s Real=0.00s
[2024-03-05T00:58:36.642+0000][7][safepoint   ] Safepoint "G1CollectForAllocation", Time since last: 135615183644 ns, Reaching safepoint: 36724 ns, At safepoint: 2357186 ns, Total: 2393910 ns
[2024-03-05T01:01:01.068+0000][7][gc,start    ] GC(289) Pause Young (Normal) (G1 Evacuation Pause)
[2024-03-05T01:01:01.068+0000][7][gc,task     ] GC(289) Using 8 workers of 8 for evacuation
[2024-03-05T01:01:01.068+0000][7][gc,age      ] GC(289) Desired survivor size 41943040 bytes, new threshold 15 (max threshold 15)
[2024-03-05T01:01:01.071+0000][7][gc,phases   ] GC(289)   Pre Evacuate Collection Set: 0.1ms
[2024-03-05T01:01:01.071+0000][7][gc,phases   ] GC(289)   Merge Heap Roots: 0.1ms
[2024-03-05T01:01:01.071+0000][7][gc,phases   ] GC(289)   Evacuate Collection Set: 1.4ms
[2024-03-05T01:01:01.071+0000][7][gc,phases   ] GC(289)   Post Evacuate Collection Set: 0.7ms
[2024-03-05T01:01:01.071+0000][7][gc,phases   ] GC(289)   Other: 0.1ms
[2024-03-05T01:01:01.071+0000][7][gc,age      ] GC(289) Age table with threshold 15 (max threshold 15)
[2024-03-05T01:01:01.071+0000][7][gc,age      ] GC(289) - age   1:    1844104 bytes,    1844104 total
[2024-03-05T01:01:01.071+0000][7][gc,age      ] GC(289) - age   2:       5576 bytes,    1849680 total
[2024-03-05T01:01:01.071+0000][7][gc,age      ] GC(289) - age   3:        856 bytes,    1850536 total
[2024-03-05T01:01:01.071+0000][7][gc,age      ] GC(289) - age   4:     133392 bytes,    1983928 total
[2024-03-05T01:01:01.071+0000][7][gc,age      ] GC(289) - age   5:        296 bytes,    1984224 total
[2024-03-05T01:01:01.071+0000][7][gc,age      ] GC(289) - age   6:        184 bytes,    1984408 total
[2024-03-05T01:01:01.071+0000][7][gc,age      ] GC(289) - age   8:       9928 bytes,    1994336 total
[2024-03-05T01:01:01.071+0000][7][gc,age      ] GC(289) - age   9:      35608 bytes,    2029944 total
[2024-03-05T01:01:01.071+0000][7][gc,age      ] GC(289) - age  10:      55200 bytes,    2085144 total
[2024-03-05T01:01:01.071+0000][7][gc,age      ] GC(289) - age  11:     151432 bytes,    2236576 total
[2024-03-05T01:01:01.071+0000][7][gc,age      ] GC(289) - age  12:     104608 bytes,    2341184 total
[2024-03-05T01:01:01.071+0000][7][gc,age      ] GC(289) - age  13:        232 bytes,    2341416 total
[2024-03-05T01:01:01.071+0000][7][gc,age      ] GC(289) - age  15:       8016 bytes,    2349432 total
[2024-03-05T01:01:01.071+0000][7][gc,heap     ] GC(289) Eden regions: 152->0(152)
[2024-03-05T01:01:01.071+0000][7][gc,heap     ] GC(289) Survivor regions: 1->1(20)
[2024-03-05T01:01:01.071+0000][7][gc,heap     ] GC(289) Old regions: 24->24
[2024-03-05T01:01:01.071+0000][7][gc,heap     ] GC(289) Archive regions: 2->2
[2024-03-05T01:01:01.071+0000][7][gc,heap     ] GC(289) Humongous regions: 0->0
[2024-03-05T01:01:01.071+0000][7][gc,metaspace] GC(289) Metaspace: 128800K(132288K)->128800K(132288K) NonClass: 111949K(113792K)->111949K(113792K) Class: 16851K(18496K)->16851K(18496K)
[2024-03-05T01:01:01.071+0000][7][gc          ] GC(289) Pause Young (Normal) (G1 Evacuation Pause) 709M->101M(1024M) 2.672ms
[2024-03-05T01:01:01.071+0000][7][gc,cpu      ] GC(289) User=0.01s Sys=0.00s Real=0.00s
[2024-03-05T01:01:01.071+0000][7][safepoint   ] Safepoint "G1CollectForAllocation", Time since last: 144425734394 ns, Reaching safepoint: 47891 ns, At safepoint: 2747650 ns, Total: 2795541 ns
[2024-03-05T01:03:51.085+0000][7][gc,start    ] GC(290) Pause Young (Normal) (G1 Evacuation Pause)
[2024-03-05T01:03:51.085+0000][7][gc,task     ] GC(290) Using 8 workers of 8 for evacuation
[2024-03-05T01:03:51.085+0000][7][gc,age      ] GC(290) Desired survivor size 41943040 bytes, new threshold 15 (max threshold 15)
[2024-03-05T01:03:51.088+0000][7][gc,phases   ] GC(290)   Pre Evacuate Collection Set: 0.2ms
[2024-03-05T01:03:51.088+0000][7][gc,phases   ] GC(290)   Merge Heap Roots: 0.1ms
[2024-03-05T01:03:51.088+0000][7][gc,phases   ] GC(290)   Evacuate Collection Set: 1.5ms
[2024-03-05T01:03:51.088+0000][7][gc,phases   ] GC(290)   Post Evacuate Collection Set: 0.8ms
[2024-03-05T01:03:51.088+0000][7][gc,phases   ] GC(290)   Other: 0.1ms
[2024-03-05T01:03:51.088+0000][7][gc,age      ] GC(290) Age table with threshold 15 (max threshold 15)
[2024-03-05T01:03:51.088+0000][7][gc,age      ] GC(290) - age   1:    1087240 bytes,    1087240 total
[2024-03-05T01:03:51.088+0000][7][gc,age      ] GC(290) - age   2:       3584 bytes,    1090824 total
[2024-03-05T01:03:51.088+0000][7][gc,age      ] GC(290) - age   3:       4360 bytes,    1095184 total
[2024-03-05T01:03:51.088+0000][7][gc,age      ] GC(290) - age   4:        568 bytes,    1095752 total
[2024-03-05T01:03:51.088+0000][7][gc,age      ] GC(290) - age   5:     132352 bytes,    1228104 total
[2024-03-05T01:03:51.088+0000][7][gc,age      ] GC(290) - age   6:        232 bytes,    1228336 total
[2024-03-05T01:03:51.088+0000][7][gc,age      ] GC(290) - age   7:        184 bytes,    1228520 total
[2024-03-05T01:03:51.088+0000][7][gc,age      ] GC(290) - age   9:       9896 bytes,    1238416 total
[2024-03-05T01:03:51.088+0000][7][gc,age      ] GC(290) - age  10:      35608 bytes,    1274024 total
[2024-03-05T01:03:51.088+0000][7][gc,age      ] GC(290) - age  11:      55200 bytes,    1329224 total
[2024-03-05T01:03:51.088+0000][7][gc,age      ] GC(290) - age  12:     151432 bytes,    1480656 total
[2024-03-05T01:03:51.088+0000][7][gc,age      ] GC(290) - age  13:     104608 bytes,    1585264 total
[2024-03-05T01:03:51.088+0000][7][gc,age      ] GC(290) - age  14:        232 bytes,    1585496 total
[2024-03-05T01:03:51.088+0000][7][gc,heap     ] GC(290) Eden regions: 152->0(152)
[2024-03-05T01:03:51.088+0000][7][gc,heap     ] GC(290) Survivor regions: 1->1(20)
[2024-03-05T01:03:51.088+0000][7][gc,heap     ] GC(290) Old regions: 24->24
[2024-03-05T01:03:51.088+0000][7][gc,heap     ] GC(290) Archive regions: 2->2
[2024-03-05T01:03:51.088+0000][7][gc,heap     ] GC(290) Humongous regions: 0->0
[2024-03-05T01:03:51.088+0000][7][gc,metaspace] GC(290) Metaspace: 128801K(132288K)->128801K(132288K) NonClass: 111950K(113792K)->111950K(113792K) Class: 16851K(18496K)->16851K(18496K)
[2024-03-05T01:03:51.088+0000][7][gc          ] GC(290) Pause Young (Normal) (G1 Evacuation Pause) 709M->100M(1024M) 3.092ms
[2024-03-05T01:03:51.088+0000][7][gc,cpu      ] GC(290) User=0.02s Sys=0.00s Real=0.00s
[2024-03-05T01:03:51.089+0000][7][safepoint   ] Safepoint "G1CollectForAllocation", Time since last: 170014439512 ns, Reaching safepoint: 71186 ns, At safepoint: 3195538 ns, Total: 3266724 ns
[2024-03-05T01:06:06.103+0000][7][safepoint   ] Safepoint "Cleanup", Time since last: 135014712622 ns, Reaching safepoint: 89429 ns, At safepoint: 5235 ns, Total: 94664 ns
[2024-03-05T01:06:57.939+0000][7][gc,start    ] GC(291) Pause Young (Normal) (G1 Evacuation Pause)
[2024-03-05T01:06:57.939+0000][7][gc,task     ] GC(291) Using 8 workers of 8 for evacuation
[2024-03-05T01:06:57.939+0000][7][gc,age      ] GC(291) Desired survivor size 41943040 bytes, new threshold 15 (max threshold 15)
[2024-03-05T01:06:57.942+0000][7][gc,phases   ] GC(291)   Pre Evacuate Collection Set: 0.1ms
[2024-03-05T01:06:57.942+0000][7][gc,phases   ] GC(291)   Merge Heap Roots: 0.1ms
[2024-03-05T01:06:57.942+0000][7][gc,phases   ] GC(291)   Evacuate Collection Set: 1.8ms
[2024-03-05T01:06:57.942+0000][7][gc,phases   ] GC(291)   Post Evacuate Collection Set: 0.9ms
[2024-03-05T01:06:57.942+0000][7][gc,phases   ] GC(291)   Other: 0.1ms
[2024-03-05T01:06:57.942+0000][7][gc,age      ] GC(291) Age table with threshold 15 (max threshold 15)
[2024-03-05T01:06:57.942+0000][7][gc,age      ] GC(291) - age   1:    1179032 bytes,    1179032 total
[2024-03-05T01:06:57.942+0000][7][gc,age      ] GC(291) - age   2:       2656 bytes,    1181688 total
[2024-03-05T01:06:57.942+0000][7][gc,age      ] GC(291) - age   3:        864 bytes,    1182552 total
[2024-03-05T01:06:57.942+0000][7][gc,age      ] GC(291) - age   4:        392 bytes,    1182944 total
[2024-03-05T01:06:57.942+0000][7][gc,age      ] GC(291) - age   5:         24 bytes,    1182968 total
[2024-03-05T01:06:57.942+0000][7][gc,age      ] GC(291) - age   6:     132096 bytes,    1315064 total
[2024-03-05T01:06:57.942+0000][7][gc,age      ] GC(291) - age   7:         48 bytes,    1315112 total
[2024-03-05T01:06:57.942+0000][7][gc,age      ] GC(291) - age   8:        184 bytes,    1315296 total
[2024-03-05T01:06:57.942+0000][7][gc,age      ] GC(291) - age  10:       9896 bytes,    1325192 total
[2024-03-05T01:06:57.942+0000][7][gc,age      ] GC(291) - age  11:      35608 bytes,    1360800 total
[2024-03-05T01:06:57.942+0000][7][gc,age      ] GC(291) - age  12:      55200 bytes,    1416000 total
[2024-03-05T01:06:57.942+0000][7][gc,age      ] GC(291) - age  13:     151432 bytes,    1567432 total
[2024-03-05T01:06:57.942+0000][7][gc,age      ] GC(291) - age  14:     104608 bytes,    1672040 total
[2024-03-05T01:06:57.942+0000][7][gc,age      ] GC(291) - age  15:        232 bytes,    1672272 total
[2024-03-05T01:06:57.942+0000][7][gc,heap     ] GC(291) Eden regions: 152->0(152)
[2024-03-05T01:06:57.942+0000][7][gc,heap     ] GC(291) Survivor regions: 1->1(20)
[2024-03-05T01:06:57.942+0000][7][gc,heap     ] GC(291) Old regions: 24->24
[2024-03-05T01:06:57.942+0000][7][gc,heap     ] GC(291) Archive regions: 2->2
[2024-03-05T01:06:57.942+0000][7][gc,heap     ] GC(291) Humongous regions: 0->0
[2024-03-05T01:06:57.942+0000][7][gc,metaspace] GC(291) Metaspace: 128801K(132288K)->128801K(132288K) NonClass: 111950K(113792K)->111950K(113792K) Class: 16851K(18496K)->16851K(18496K)
[2024-03-05T01:06:57.942+0000][7][gc          ] GC(291) Pause Young (Normal) (G1 Evacuation Pause) 708M->100M(1024M) 3.417ms
[2024-03-05T01:06:57.942+0000][7][gc,cpu      ] GC(291) User=0.02s Sys=0.00s Real=0.00s
[2024-03-05T01:06:57.942+0000][7][safepoint   ] Safepoint "G1CollectForAllocation", Time since last: 51835577301 ns, Reaching safepoint: 84795 ns, At safepoint: 3515155 ns, Total: 3599950 ns
[2024-03-05T01:07:06.944+0000][7][safepoint   ] Safepoint "Cleanup", Time since last: 9001128192 ns, Reaching safepoint: 81724 ns, At safepoint: 46685 ns, Total: 128409 ns
[2024-03-05T01:09:48.058+0000][7][gc,start    ] GC(292) Pause Young (Normal) (G1 Evacuation Pause)
[2024-03-05T01:09:48.058+0000][7][gc,task     ] GC(292) Using 8 workers of 8 for evacuation
[2024-03-05T01:09:48.058+0000][7][gc,age      ] GC(292) Desired survivor size 41943040 bytes, new threshold 15 (max threshold 15)
[2024-03-05T01:09:48.060+0000][7][gc,phases   ] GC(292)   Pre Evacuate Collection Set: 0.1ms
[2024-03-05T01:09:48.060+0000][7][gc,phases   ] GC(292)   Merge Heap Roots: 0.1ms
[2024-03-05T01:09:48.060+0000][7][gc,phases   ] GC(292)   Evacuate Collection Set: 0.9ms
[2024-03-05T01:09:48.060+0000][7][gc,phases   ] GC(292)   Post Evacuate Collection Set: 0.7ms
[2024-03-05T01:09:48.060+0000][7][gc,phases   ] GC(292)   Other: 0.1ms
[2024-03-05T01:09:48.060+0000][7][gc,age      ] GC(292) Age table with threshold 15 (max threshold 15)
[2024-03-05T01:09:48.060+0000][7][gc,age      ] GC(292) - age   1:     384584 bytes,     384584 total
[2024-03-05T01:09:48.061+0000][7][gc,age      ] GC(292) - age   2:       6904 bytes,     391488 total
[2024-03-05T01:09:48.061+0000][7][gc,age      ] GC(292) - age   3:        904 bytes,     392392 total
[2024-03-05T01:09:48.061+0000][7][gc,age      ] GC(292) - age   4:        568 bytes,     392960 total
[2024-03-05T01:09:48.061+0000][7][gc,age      ] GC(292) - age   5:        392 bytes,     393352 total
[2024-03-05T01:09:48.061+0000][7][gc,age      ] GC(292) - age   6:         24 bytes,     393376 total
[2024-03-05T01:09:48.061+0000][7][gc,age      ] GC(292) - age   7:     132096 bytes,     525472 total
[2024-03-05T01:09:48.061+0000][7][gc,age      ] GC(292) - age   8:         48 bytes,     525520 total
[2024-03-05T01:09:48.061+0000][7][gc,age      ] GC(292) - age   9:        184 bytes,     525704 total
[2024-03-05T01:09:48.061+0000][7][gc,age      ] GC(292) - age  11:       9896 bytes,     535600 total
[2024-03-05T01:09:48.061+0000][7][gc,age      ] GC(292) - age  12:      35608 bytes,     571208 total
[2024-03-05T01:09:48.061+0000][7][gc,age      ] GC(292) - age  13:      55200 bytes,     626408 total
[2024-03-05T01:09:48.061+0000][7][gc,age      ] GC(292) - age  14:     151432 bytes,     777840 total
[2024-03-05T01:09:48.061+0000][7][gc,age      ] GC(292) - age  15:     104608 bytes,     882448 total
[2024-03-05T01:09:48.061+0000][7][gc,heap     ] GC(292) Eden regions: 152->0(152)
[2024-03-05T01:09:48.061+0000][7][gc,heap     ] GC(292) Survivor regions: 1->1(20)
[2024-03-05T01:09:48.061+0000][7][gc,heap     ] GC(292) Old regions: 24->24
[2024-03-05T01:09:48.061+0000][7][gc,heap     ] GC(292) Archive regions: 2->2
[2024-03-05T01:09:48.061+0000][7][gc,heap     ] GC(292) Humongous regions: 0->0
[2024-03-05T01:09:48.061+0000][7][gc,metaspace] GC(292) Metaspace: 128801K(132288K)->128801K(132288K) NonClass: 111950K(113792K)->111950K(113792K) Class: 16851K(18496K)->16851K(18496K)
[2024-03-05T01:09:48.061+0000][7][gc          ] GC(292) Pause Young (Normal) (G1 Evacuation Pause) 708M->99M(1024M) 2.252ms
[2024-03-05T01:09:48.061+0000][7][gc,cpu      ] GC(292) User=0.01s Sys=0.00s Real=0.00s
[2024-03-05T01:09:48.061+0000][7][safepoint   ] Safepoint "G1CollectForAllocation", Time since last: 161114550364 ns, Reaching safepoint: 66827 ns, At safepoint: 2341969 ns, Total: 2408796 ns
[2024-03-05T01:11:43.071+0000][7][safepoint   ] Safepoint "Cleanup", Time since last: 115010186791 ns, Reaching safepoint: 99729 ns, At safepoint: 6299 ns, Total: 106028 ns
[2024-03-05T01:12:57.104+0000][7][gc,start    ] GC(293) Pause Young (Normal) (G1 Evacuation Pause)
[2024-03-05T01:12:57.104+0000][7][gc,task     ] GC(293) Using 8 workers of 8 for evacuation
[2024-03-05T01:12:57.104+0000][7][gc,age      ] GC(293) Desired survivor size 41943040 bytes, new threshold 15 (max threshold 15)
[2024-03-05T01:12:57.106+0000][7][gc,phases   ] GC(293)   Pre Evacuate Collection Set: 0.1ms
[2024-03-05T01:12:57.106+0000][7][gc,phases   ] GC(293)   Merge Heap Roots: 0.1ms
[2024-03-05T01:12:57.107+0000][7][gc,phases   ] GC(293)   Evacuate Collection Set: 1.3ms
[2024-03-05T01:12:57.107+0000][7][gc,phases   ] GC(293)   Post Evacuate Collection Set: 1.2ms
[2024-03-05T01:12:57.107+0000][7][gc,phases   ] GC(293)   Other: 0.1ms
[2024-03-05T01:12:57.107+0000][7][gc,age      ] GC(293) Age table with threshold 15 (max threshold 15)
[2024-03-05T01:12:57.107+0000][7][gc,age      ] GC(293) - age   1:     688832 bytes,     688832 total
[2024-03-05T01:12:57.107+0000][7][gc,age      ] GC(293) - age   2:       1576 bytes,     690408 total
[2024-03-05T01:12:57.107+0000][7][gc,age      ] GC(293) - age   3:       4344 bytes,     694752 total
[2024-03-05T01:12:57.107+0000][7][gc,age      ] GC(293) - age   4:         32 bytes,     694784 total
[2024-03-05T01:12:57.107+0000][7][gc,age      ] GC(293) - age   5:        568 bytes,     695352 total
[2024-03-05T01:12:57.107+0000][7][gc,age      ] GC(293) - age   7:         24 bytes,     695376 total
[2024-03-05T01:12:57.107+0000][7][gc,age      ] GC(293) - age   8:     132096 bytes,     827472 total
[2024-03-05T01:12:57.107+0000][7][gc,age      ] GC(293) - age   9:         48 bytes,     827520 total
[2024-03-05T01:12:57.107+0000][7][gc,age      ] GC(293) - age  12:       9896 bytes,     837416 total
[2024-03-05T01:12:57.107+0000][7][gc,age      ] GC(293) - age  13:      35608 bytes,     873024 total
[2024-03-05T01:12:57.107+0000][7][gc,age      ] GC(293) - age  14:      55200 bytes,     928224 total
[2024-03-05T01:12:57.107+0000][7][gc,age      ] GC(293) - age  15:     151432 bytes,    1079656 total
[2024-03-05T01:12:57.107+0000][7][gc,heap     ] GC(293) Eden regions: 152->0(152)
[2024-03-05T01:12:57.107+0000][7][gc,heap     ] GC(293) Survivor regions: 1->1(20)
[2024-03-05T01:12:57.107+0000][7][gc,heap     ] GC(293) Old regions: 24->24
[2024-03-05T01:12:57.107+0000][7][gc,heap     ] GC(293) Archive regions: 2->2
[2024-03-05T01:12:57.107+0000][7][gc,heap     ] GC(293) Humongous regions: 0->0
[2024-03-05T01:12:57.107+0000][7][gc,metaspace] GC(293) Metaspace: 128803K(132288K)->128803K(132288K) NonClass: 111951K(113792K)->111951K(113792K) Class: 16851K(18496K)->16851K(18496K)
[2024-03-05T01:12:57.107+0000][7][gc          ] GC(293) Pause Young (Normal) (G1 Evacuation Pause) 707M->100M(1024M) 3.278ms
[2024-03-05T01:12:57.107+0000][7][gc,cpu      ] GC(293) User=0.02s Sys=0.00s Real=0.01s
[2024-03-05T01:12:57.107+0000][7][safepoint   ] Safepoint "G1CollectForAllocation", Time since last: 74032426223 ns, Reaching safepoint: 44196 ns, At safepoint: 3393506 ns, Total: 3437702 ns
[2024-03-05T01:15:57.958+0000][7][gc,start    ] GC(294) Pause Young (Normal) (G1 Evacuation Pause)
[2024-03-05T01:15:57.959+0000][7][gc,task     ] GC(294) Using 8 workers of 8 for evacuation
[2024-03-05T01:15:57.959+0000][7][gc,age      ] GC(294) Desired survivor size 41943040 bytes, new threshold 15 (max threshold 15)
[2024-03-05T01:15:57.961+0000][7][gc,phases   ] GC(294)   Pre Evacuate Collection Set: 0.1ms
[2024-03-05T01:15:57.961+0000][7][gc,phases   ] GC(294)   Merge Heap Roots: 0.1ms
[2024-03-05T01:15:57.961+0000][7][gc,phases   ] GC(294)   Evacuate Collection Set: 1.6ms
[2024-03-05T01:15:57.961+0000][7][gc,phases   ] GC(294)   Post Evacuate Collection Set: 0.9ms
[2024-03-05T01:15:57.961+0000][7][gc,phases   ] GC(294)   Other: 0.1ms
[2024-03-05T01:15:57.961+0000][7][gc,age      ] GC(294) Age table with threshold 15 (max threshold 15)
[2024-03-05T01:15:57.961+0000][7][gc,age      ] GC(294) - age   1:    1281568 bytes,    1281568 total
[2024-03-05T01:15:57.961+0000][7][gc,age      ] GC(294) - age   2:      10472 bytes,    1292040 total
[2024-03-05T01:15:57.961+0000][7][gc,age      ] GC(294) - age   3:        128 bytes,    1292168 total
[2024-03-05T01:15:57.962+0000][7][gc,age      ] GC(294) - age   4:       3736 bytes,    1295904 total
[2024-03-05T01:15:57.962+0000][7][gc,age      ] GC(294) - age   5:         32 bytes,    1295936 total
[2024-03-05T01:15:57.962+0000][7][gc,age      ] GC(294) - age   6:        568 bytes,    1296504 total
[2024-03-05T01:15:57.962+0000][7][gc,age      ] GC(294) - age   8:         24 bytes,    1296528 total
[2024-03-05T01:15:57.962+0000][7][gc,age      ] GC(294) - age   9:     132096 bytes,    1428624 total
[2024-03-05T01:15:57.962+0000][7][gc,age      ] GC(294) - age  10:         48 bytes,    1428672 total
[2024-03-05T01:15:57.962+0000][7][gc,age      ] GC(294) - age  13:       9896 bytes,    1438568 total
[2024-03-05T01:15:57.962+0000][7][gc,age      ] GC(294) - age  14:      35608 bytes,    1474176 total
[2024-03-05T01:15:57.962+0000][7][gc,age      ] GC(294) - age  15:      55200 bytes,    1529376 total
[2024-03-05T01:15:57.962+0000][7][gc,heap     ] GC(294) Eden regions: 152->0(152)
[2024-03-05T01:15:57.962+0000][7][gc,heap     ] GC(294) Survivor regions: 1->1(20)
[2024-03-05T01:15:57.962+0000][7][gc,heap     ] GC(294) Old regions: 24->24
[2024-03-05T01:15:57.962+0000][7][gc,heap     ] GC(294) Archive regions: 2->2
[2024-03-05T01:15:57.962+0000][7][gc,heap     ] GC(294) Humongous regions: 0->0
[2024-03-05T01:15:57.962+0000][7][gc,metaspace] GC(294) Metaspace: 128803K(132288K)->128803K(132288K) NonClass: 111951K(113792K)->111951K(113792K) Class: 16851K(18496K)->16851K(18496K)
[2024-03-05T01:15:57.962+0000][7][gc          ] GC(294) Pause Young (Normal) (G1 Evacuation Pause) 708M->100M(1024M) 3.190ms
[2024-03-05T01:15:57.962+0000][7][gc,cpu      ] GC(294) User=0.00s Sys=0.00s Real=0.00s
[2024-03-05T01:15:57.962+0000][7][safepoint   ] Safepoint "G1CollectForAllocation", Time since last: 180851499224 ns, Reaching safepoint: 39150 ns, At safepoint: 3287300 ns, Total: 3326450 ns
[2024-03-05T01:19:03.129+0000][7][gc,start    ] GC(295) Pause Young (Normal) (G1 Evacuation Pause)
[2024-03-05T01:19:03.129+0000][7][gc,task     ] GC(295) Using 8 workers of 8 for evacuation
[2024-03-05T01:19:03.129+0000][7][gc,age      ] GC(295) Desired survivor size 41943040 bytes, new threshold 15 (max threshold 15)
[2024-03-05T01:19:03.133+0000][7][gc,phases   ] GC(295)   Pre Evacuate Collection Set: 0.1ms
[2024-03-05T01:19:03.133+0000][7][gc,phases   ] GC(295)   Merge Heap Roots: 0.1ms
[2024-03-05T01:19:03.133+0000][7][gc,phases   ] GC(295)   Evacuate Collection Set: 1.7ms
[2024-03-05T01:19:03.133+0000][7][gc,phases   ] GC(295)   Post Evacuate Collection Set: 1.5ms
[2024-03-05T01:19:03.133+0000][7][gc,phases   ] GC(295)   Other: 0.1ms
[2024-03-05T01:19:03.133+0000][7][gc,age      ] GC(295) Age table with threshold 15 (max threshold 15)
[2024-03-05T01:19:03.133+0000][7][gc,age      ] GC(295) - age   1:    1720504 bytes,    1720504 total
[2024-03-05T01:19:03.133+0000][7][gc,age      ] GC(295) - age   2:       2688 bytes,    1723192 total
[2024-03-05T01:19:03.133+0000][7][gc,age      ] GC(295) - age   3:       9336 bytes,    1732528 total
[2024-03-05T01:19:03.133+0000][7][gc,age      ] GC(295) - age   5:        280 bytes,    1732808 total
[2024-03-05T01:19:03.133+0000][7][gc,age      ] GC(295) - age   6:         32 bytes,    1732840 total
[2024-03-05T01:19:03.133+0000][7][gc,age      ] GC(295) - age   7:        384 bytes,    1733224 total
[2024-03-05T01:19:03.133+0000][7][gc,age      ] GC(295) - age   9:         24 bytes,    1733248 total
[2024-03-05T01:19:03.133+0000][7][gc,age      ] GC(295) - age  10:     132096 bytes,    1865344 total
[2024-03-05T01:19:03.133+0000][7][gc,age      ] GC(295) - age  11:         48 bytes,    1865392 total
[2024-03-05T01:19:03.133+0000][7][gc,age      ] GC(295) - age  14:       9896 bytes,    1875288 total
[2024-03-05T01:19:03.133+0000][7][gc,age      ] GC(295) - age  15:      35608 bytes,    1910896 total
[2024-03-05T01:19:03.133+0000][7][gc,heap     ] GC(295) Eden regions: 152->0(152)
[2024-03-05T01:19:03.133+0000][7][gc,heap     ] GC(295) Survivor regions: 1->1(20)
[2024-03-05T01:19:03.133+0000][7][gc,heap     ] GC(295) Old regions: 24->24
[2024-03-05T01:19:03.133+0000][7][gc,heap     ] GC(295) Archive regions: 2->2
[2024-03-05T01:19:03.133+0000][7][gc,heap     ] GC(295) Humongous regions: 0->0
[2024-03-05T01:19:03.133+0000][7][gc,metaspace] GC(295) Metaspace: 128803K(132288K)->128803K(132288K) NonClass: 111951K(113792K)->111951K(113792K) Class: 16851K(18496K)->16851K(18496K)
[2024-03-05T01:19:03.133+0000][7][gc          ] GC(295) Pause Young (Normal) (G1 Evacuation Pause) 708M->101M(1024M) 3.793ms
[2024-03-05T01:19:03.133+0000][7][gc,cpu      ] GC(295) User=0.01s Sys=0.00s Real=0.00s
[2024-03-05T01:19:03.133+0000][7][safepoint   ] Safepoint "G1CollectForAllocation", Time since last: 185167484708 ns, Reaching safepoint: 102908 ns, At safepoint: 3892445 ns, Total: 3995353 ns
[2024-03-05T01:19:06.134+0000][7][safepoint   ] Safepoint "Cleanup", Time since last: 3000297139 ns, Reaching safepoint: 68860 ns, At safepoint: 18219 ns, Total: 87079 ns
[2024-03-05T01:21:43.149+0000][7][safepoint   ] Safepoint "Cleanup", Time since last: 157014969483 ns, Reaching safepoint: 109301 ns, At safepoint: 9034 ns, Total: 118335 ns
[2024-03-05T01:21:58.179+0000][7][gc,start    ] GC(296) Pause Young (Normal) (G1 Evacuation Pause)
[2024-03-05T01:21:58.179+0000][7][gc,task     ] GC(296) Using 8 workers of 8 for evacuation
[2024-03-05T01:21:58.179+0000][7][gc,age      ] GC(296) Desired survivor size 41943040 bytes, new threshold 15 (max threshold 15)
[2024-03-05T01:21:58.182+0000][7][gc,phases   ] GC(296)   Pre Evacuate Collection Set: 0.1ms
[2024-03-05T01:21:58.182+0000][7][gc,phases   ] GC(296)   Merge Heap Roots: 0.1ms
[2024-03-05T01:21:58.182+0000][7][gc,phases   ] GC(296)   Evacuate Collection Set: 1.7ms
[2024-03-05T01:21:58.182+0000][7][gc,phases   ] GC(296)   Post Evacuate Collection Set: 0.6ms
[2024-03-05T01:21:58.182+0000][7][gc,phases   ] GC(296)   Other: 0.1ms
[2024-03-05T01:21:58.182+0000][7][gc,age      ] GC(296) Age table with threshold 15 (max threshold 15)
[2024-03-05T01:21:58.182+0000][7][gc,age      ] GC(296) - age   1:    1824080 bytes,    1824080 total
[2024-03-05T01:21:58.182+0000][7][gc,age      ] GC(296) - age   2:       6520 bytes,    1830600 total
[2024-03-05T01:21:58.182+0000][7][gc,age      ] GC(296) - age   3:        640 bytes,    1831240 total
[2024-03-05T01:21:58.182+0000][7][gc,age      ] GC(296) - age   4:       8648 bytes,    1839888 total
[2024-03-05T01:21:58.182+0000][7][gc,age      ] GC(296) - age   6:        280 bytes,    1840168 total
[2024-03-05T01:21:58.182+0000][7][gc,age      ] GC(296) - age  10:         24 bytes,    1840192 total
[2024-03-05T01:21:58.182+0000][7][gc,age      ] GC(296) - age  11:     132096 bytes,    1972288 total
[2024-03-05T01:21:58.182+0000][7][gc,age      ] GC(296) - age  12:         48 bytes,    1972336 total
[2024-03-05T01:21:58.182+0000][7][gc,age      ] GC(296) - age  15:       9896 bytes,    1982232 total
[2024-03-05T01:21:58.182+0000][7][gc,heap     ] GC(296) Eden regions: 152->0(152)
[2024-03-05T01:21:58.182+0000][7][gc,heap     ] GC(296) Survivor regions: 1->1(20)
[2024-03-05T01:21:58.182+0000][7][gc,heap     ] GC(296) Old regions: 24->24
[2024-03-05T01:21:58.182+0000][7][gc,heap     ] GC(296) Archive regions: 2->2
[2024-03-05T01:21:58.182+0000][7][gc,heap     ] GC(296) Humongous regions: 0->0
[2024-03-05T01:21:58.182+0000][7][gc,metaspace] GC(296) Metaspace: 128815K(132288K)->128815K(132288K) NonClass: 111963K(113792K)->111963K(113792K) Class: 16851K(18496K)->16851K(18496K)
[2024-03-05T01:21:58.182+0000][7][gc          ] GC(296) Pause Young (Normal) (G1 Evacuation Pause) 709M->101M(1024M) 2.764ms
[2024-03-05T01:21:58.182+0000][7][gc,cpu      ] GC(296) User=0.02s Sys=0.00s Real=0.00s
[2024-03-05T01:21:58.182+0000][7][safepoint   ] Safepoint "G1CollectForAllocation", Time since last: 15030563852 ns, Reaching safepoint: 31263 ns, At safepoint: 2843057 ns, Total: 2874320 ns
[2024-03-05T01:24:48.130+0000][7][gc,start    ] GC(297) Pause Young (Normal) (G1 Evacuation Pause)
[2024-03-05T01:24:48.130+0000][7][gc,task     ] GC(297) Using 8 workers of 8 for evacuation
[2024-03-05T01:24:48.130+0000][7][gc,age      ] GC(297) Desired survivor size 41943040 bytes, new threshold 15 (max threshold 15)
[2024-03-05T01:24:48.132+0000][7][gc,phases   ] GC(297)   Pre Evacuate Collection Set: 0.1ms
[2024-03-05T01:24:48.132+0000][7][gc,phases   ] GC(297)   Merge Heap Roots: 0.1ms
[2024-03-05T01:24:48.132+0000][7][gc,phases   ] GC(297)   Evacuate Collection Set: 1.1ms
[2024-03-05T01:24:48.132+0000][7][gc,phases   ] GC(297)   Post Evacuate Collection Set: 0.7ms
[2024-03-05T01:24:48.132+0000][7][gc,phases   ] GC(297)   Other: 0.1ms
[2024-03-05T01:24:48.132+0000][7][gc,age      ] GC(297) Age table with threshold 15 (max threshold 15)
[2024-03-05T01:24:48.132+0000][7][gc,age      ] GC(297) - age   1:    1466400 bytes,    1466400 total
[2024-03-05T01:24:48.132+0000][7][gc,age      ] GC(297) - age   2:       4512 bytes,    1470912 total
[2024-03-05T01:24:48.132+0000][7][gc,age      ] GC(297) - age   3:       4192 bytes,    1475104 total
[2024-03-05T01:24:48.132+0000][7][gc,age      ] GC(297) - age   4:        248 bytes,    1475352 total
[2024-03-05T01:24:48.132+0000][7][gc,age      ] GC(297) - age   5:       8648 bytes,    1484000 total
[2024-03-05T01:24:48.132+0000][7][gc,age      ] GC(297) - age   7:        280 bytes,    1484280 total
[2024-03-05T01:24:48.132+0000][7][gc,age      ] GC(297) - age  11:         24 bytes,    1484304 total
[2024-03-05T01:24:48.132+0000][7][gc,age      ] GC(297) - age  12:     132096 bytes,    1616400 total
[2024-03-05T01:24:48.132+0000][7][gc,age      ] GC(297) - age  13:         48 bytes,    1616448 total
[2024-03-05T01:24:48.132+0000][7][gc,heap     ] GC(297) Eden regions: 152->0(152)
[2024-03-05T01:24:48.132+0000][7][gc,heap     ] GC(297) Survivor regions: 1->1(20)
[2024-03-05T01:24:48.132+0000][7][gc,heap     ] GC(297) Old regions: 24->24
[2024-03-05T01:24:48.132+0000][7][gc,heap     ] GC(297) Archive regions: 2->2
[2024-03-05T01:24:48.132+0000][7][gc,heap     ] GC(297) Humongous regions: 0->0
[2024-03-05T01:24:48.132+0000][7][gc,metaspace] GC(297) Metaspace: 128815K(132288K)->128815K(132288K) NonClass: 111963K(113792K)->111963K(113792K) Class: 16851K(18496K)->16851K(18496K)
[2024-03-05T01:24:48.132+0000][7][gc          ] GC(297) Pause Young (Normal) (G1 Evacuation Pause) 709M->101M(1024M) 2.250ms
[2024-03-05T01:24:48.132+0000][7][gc,cpu      ] GC(297) User=0.01s Sys=0.00s Real=0.00s
[2024-03-05T01:24:48.132+0000][7][safepoint   ] Safepoint "G1CollectForAllocation", Time since last: 169947804250 ns, Reaching safepoint: 72517 ns, At safepoint: 2328475 ns, Total: 2400992 ns
[2024-03-05T01:26:06.141+0000][7][safepoint   ] Safepoint "Cleanup", Time since last: 78007974813 ns, Reaching safepoint: 369184 ns, At safepoint: 34973 ns, Total: 404157 ns
[2024-03-05T01:27:06.229+0000][7][gc,start    ] GC(298) Pause Young (Normal) (G1 Evacuation Pause)
[2024-03-05T01:27:06.229+0000][7][gc,task     ] GC(298) Using 8 workers of 8 for evacuation
[2024-03-05T01:27:06.229+0000][7][gc,age      ] GC(298) Desired survivor size 41943040 bytes, new threshold 15 (max threshold 15)
[2024-03-05T01:27:06.233+0000][7][gc,phases   ] GC(298)   Pre Evacuate Collection Set: 0.1ms
[2024-03-05T01:27:06.233+0000][7][gc,phases   ] GC(298)   Merge Heap Roots: 0.1ms
[2024-03-05T01:27:06.233+0000][7][gc,phases   ] GC(298)   Evacuate Collection Set: 2.3ms
[2024-03-05T01:27:06.233+0000][7][gc,phases   ] GC(298)   Post Evacuate Collection Set: 1.1ms
[2024-03-05T01:27:06.233+0000][7][gc,phases   ] GC(298)   Other: 0.1ms
[2024-03-05T01:27:06.233+0000][7][gc,age      ] GC(298) Age table with threshold 15 (max threshold 15)
[2024-03-05T01:27:06.233+0000][7][gc,age      ] GC(298) - age   1:    1622024 bytes,    1622024 total
[2024-03-05T01:27:06.233+0000][7][gc,age      ] GC(298) - age   2:       2296 bytes,    1624320 total
[2024-03-05T01:27:06.233+0000][7][gc,age      ] GC(298) - age   3:       2528 bytes,    1626848 total
[2024-03-05T01:27:06.233+0000][7][gc,age      ] GC(298) - age   4:        184 bytes,    1627032 total
[2024-03-05T01:27:06.233+0000][7][gc,age      ] GC(298) - age   5:        184 bytes,    1627216 total
[2024-03-05T01:27:06.233+0000][7][gc,age      ] GC(298) - age   6:       8072 bytes,    1635288 total
[2024-03-05T01:27:06.233+0000][7][gc,age      ] GC(298) - age   8:        280 bytes,    1635568 total
[2024-03-05T01:27:06.233+0000][7][gc,age      ] GC(298) - age  12:         24 bytes,    1635592 total
[2024-03-05T01:27:06.233+0000][7][gc,age      ] GC(298) - age  13:     132096 bytes,    1767688 total
[2024-03-05T01:27:06.233+0000][7][gc,age      ] GC(298) - age  14:         48 bytes,    1767736 total
[2024-03-05T01:27:06.233+0000][7][gc,heap     ] GC(298) Eden regions: 152->0(152)
[2024-03-05T01:27:06.233+0000][7][gc,heap     ] GC(298) Survivor regions: 1->1(20)
[2024-03-05T01:27:06.233+0000][7][gc,heap     ] GC(298) Old regions: 24->24
[2024-03-05T01:27:06.233+0000][7][gc,heap     ] GC(298) Archive regions: 2->2
[2024-03-05T01:27:06.233+0000][7][gc,heap     ] GC(298) Humongous regions: 0->0
[2024-03-05T01:27:06.233+0000][7][gc,metaspace] GC(298) Metaspace: 128815K(132288K)->128815K(132288K) NonClass: 111963K(113792K)->111963K(113792K) Class: 16851K(18496K)->16851K(18496K)
[2024-03-05T01:27:06.233+0000][7][gc          ] GC(298) Pause Young (Normal) (G1 Evacuation Pause) 709M->101M(1024M) 4.096ms
[2024-03-05T01:27:06.233+0000][7][gc,cpu      ] GC(298) User=0.02s Sys=0.00s Real=0.00s
[2024-03-05T01:27:06.233+0000][7][safepoint   ] Safepoint "G1CollectForAllocation", Time since last: 60088299585 ns, Reaching safepoint: 119240 ns, At safepoint: 4207212 ns, Total: 4326452 ns
[2024-03-05T01:29:27.094+0000][7][gc,start    ] GC(299) Pause Young (Normal) (G1 Evacuation Pause)
[2024-03-05T01:29:27.094+0000][7][gc,task     ] GC(299) Using 8 workers of 8 for evacuation
[2024-03-05T01:29:27.094+0000][7][gc,age      ] GC(299) Desired survivor size 41943040 bytes, new threshold 15 (max threshold 15)
[2024-03-05T01:29:27.097+0000][7][gc,phases   ] GC(299)   Pre Evacuate Collection Set: 0.1ms
[2024-03-05T01:29:27.097+0000][7][gc,phases   ] GC(299)   Merge Heap Roots: 0.1ms
[2024-03-05T01:29:27.097+0000][7][gc,phases   ] GC(299)   Evacuate Collection Set: 1.7ms
[2024-03-05T01:29:27.097+0000][7][gc,phases   ] GC(299)   Post Evacuate Collection Set: 0.8ms
[2024-03-05T01:29:27.097+0000][7][gc,phases   ] GC(299)   Other: 0.1ms
[2024-03-05T01:29:27.097+0000][7][gc,age      ] GC(299) Age table with threshold 15 (max threshold 15)
[2024-03-05T01:29:27.097+0000][7][gc,age      ] GC(299) - age   1:    1731088 bytes,    1731088 total
[2024-03-05T01:29:27.097+0000][7][gc,age      ] GC(299) - age   2:      14552 bytes,    1745640 total
[2024-03-05T01:29:27.097+0000][7][gc,age      ] GC(299) - age   3:        248 bytes,    1745888 total
[2024-03-05T01:29:27.097+0000][7][gc,age      ] GC(299) - age   4:       1400 bytes,    1747288 total
[2024-03-05T01:29:27.097+0000][7][gc,age      ] GC(299) - age   5:        184 bytes,    1747472 total
[2024-03-05T01:29:27.097+0000][7][gc,age      ] GC(299) - age   6:        184 bytes,    1747656 total
[2024-03-05T01:29:27.097+0000][7][gc,age      ] GC(299) - age   7:       8072 bytes,    1755728 total
[2024-03-05T01:29:27.097+0000][7][gc,age      ] GC(299) - age   9:        280 bytes,    1756008 total
[2024-03-05T01:29:27.097+0000][7][gc,age      ] GC(299) - age  14:     132096 bytes,    1888104 total
[2024-03-05T01:29:27.097+0000][7][gc,age      ] GC(299) - age  15:         48 bytes,    1888152 total
[2024-03-05T01:29:27.097+0000][7][gc,heap     ] GC(299) Eden regions: 152->0(152)
[2024-03-05T01:29:27.097+0000][7][gc,heap     ] GC(299) Survivor regions: 1->1(20)
[2024-03-05T01:29:27.097+0000][7][gc,heap     ] GC(299) Old regions: 24->24
[2024-03-05T01:29:27.097+0000][7][gc,heap     ] GC(299) Archive regions: 2->2
[2024-03-05T01:29:27.097+0000][7][gc,heap     ] GC(299) Humongous regions: 0->0
[2024-03-05T01:29:27.097+0000][7][gc,metaspace] GC(299) Metaspace: 128816K(132288K)->128816K(132288K) NonClass: 111964K(113792K)->111964K(113792K) Class: 16851K(18496K)->16851K(18496K)
[2024-03-05T01:29:27.097+0000][7][gc          ] GC(299) Pause Young (Normal) (G1 Evacuation Pause) 709M->101M(1024M) 3.093ms
[2024-03-05T01:29:27.097+0000][7][gc,cpu      ] GC(299) User=0.02s Sys=0.00s Real=0.01s
[2024-03-05T01:29:27.097+0000][7][safepoint   ] Safepoint "G1CollectForAllocation", Time since last: 140860476517 ns, Reaching safepoint: 60679 ns, At safepoint: 3201812 ns, Total: 3262491 ns
[2024-03-05T01:31:06.106+0000][7][safepoint   ] Safepoint "Cleanup", Time since last: 99008952214 ns, Reaching safepoint: 129952 ns, At safepoint: 36914 ns, Total: 166866 ns
[2024-03-05T01:31:45.102+0000][7][gc,start    ] GC(300) Pause Young (Normal) (G1 Evacuation Pause)
[2024-03-05T01:31:45.102+0000][7][gc,task     ] GC(300) Using 8 workers of 8 for evacuation
[2024-03-05T01:31:45.102+0000][7][gc,age      ] GC(300) Desired survivor size 41943040 bytes, new threshold 15 (max threshold 15)
[2024-03-05T01:31:45.106+0000][7][gc,phases   ] GC(300)   Pre Evacuate Collection Set: 0.1ms
[2024-03-05T01:31:45.106+0000][7][gc,phases   ] GC(300)   Merge Heap Roots: 0.1ms
[2024-03-05T01:31:45.106+0000][7][gc,phases   ] GC(300)   Evacuate Collection Set: 2.6ms
[2024-03-05T01:31:45.106+0000][7][gc,phases   ] GC(300)   Post Evacuate Collection Set: 0.7ms
[2024-03-05T01:31:45.106+0000][7][gc,phases   ] GC(300)   Other: 0.1ms
[2024-03-05T01:31:45.106+0000][7][gc,age      ] GC(300) Age table with threshold 15 (max threshold 15)
[2024-03-05T01:31:45.106+0000][7][gc,age      ] GC(300) - age   1:    1512256 bytes,    1512256 total
[2024-03-05T01:31:45.106+0000][7][gc,age      ] GC(300) - age   2:     258120 bytes,    1770376 total
[2024-03-05T01:31:45.106+0000][7][gc,age      ] GC(300) - age   3:      12136 bytes,    1782512 total
[2024-03-05T01:31:45.106+0000][7][gc,age      ] GC(300) - age   4:        184 bytes,    1782696 total
[2024-03-05T01:31:45.106+0000][7][gc,age      ] GC(300) - age   5:       1008 bytes,    1783704 total
[2024-03-05T01:31:45.106+0000][7][gc,age      ] GC(300) - age   6:        184 bytes,    1783888 total
[2024-03-05T01:31:45.106+0000][7][gc,age      ] GC(300) - age   7:        184 bytes,    1784072 total
[2024-03-05T01:31:45.106+0000][7][gc,age      ] GC(300) - age   8:       8040 bytes,    1792112 total
[2024-03-05T01:31:45.106+0000][7][gc,age      ] GC(300) - age  10:        280 bytes,    1792392 total
[2024-03-05T01:31:45.106+0000][7][gc,age      ] GC(300) - age  15:     132096 bytes,    1924488 total
[2024-03-05T01:31:45.106+0000][7][gc,heap     ] GC(300) Eden regions: 152->0(152)
[2024-03-05T01:31:45.106+0000][7][gc,heap     ] GC(300) Survivor regions: 1->1(20)
[2024-03-05T01:31:45.106+0000][7][gc,heap     ] GC(300) Old regions: 24->24
[2024-03-05T01:31:45.106+0000][7][gc,heap     ] GC(300) Archive regions: 2->2
[2024-03-05T01:31:45.106+0000][7][gc,heap     ] GC(300) Humongous regions: 0->0
[2024-03-05T01:31:45.106+0000][7][gc,metaspace] GC(300) Metaspace: 128829K(132288K)->128829K(132288K) NonClass: 111978K(113792K)->111978K(113792K) Class: 16851K(18496K)->16851K(18496K)
[2024-03-05T01:31:45.106+0000][7][gc          ] GC(300) Pause Young (Normal) (G1 Evacuation Pause) 709M->101M(1024M) 3.875ms
[2024-03-05T01:31:45.106+0000][7][gc,cpu      ] GC(300) User=0.01s Sys=0.00s Real=0.01s
[2024-03-05T01:31:45.106+0000][7][safepoint   ] Safepoint "G1CollectForAllocation", Time since last: 38995970540 ns, Reaching safepoint: 53073 ns, At safepoint: 3964549 ns, Total: 4017622 ns
[2024-03-05T01:32:13.110+0000][7][safepoint   ] Safepoint "Cleanup", Time since last: 28003611584 ns, Reaching safepoint: 108932 ns, At safepoint: 11760 ns, Total: 120692 ns
[2024-03-05T01:33:37.119+0000][7][safepoint   ] Safepoint "Cleanup", Time since last: 84008637688 ns, Reaching safepoint: 106487 ns, At safepoint: 15913 ns, Total: 122400 ns
[2024-03-05T01:34:06.005+0000][7][gc,start    ] GC(301) Pause Young (Normal) (G1 Evacuation Pause)
[2024-03-05T01:34:06.005+0000][7][gc,task     ] GC(301) Using 8 workers of 8 for evacuation
[2024-03-05T01:34:06.005+0000][7][gc,age      ] GC(301) Desired survivor size 41943040 bytes, new threshold 15 (max threshold 15)
[2024-03-05T01:34:06.008+0000][7][gc,phases   ] GC(301)   Pre Evacuate Collection Set: 0.1ms
[2024-03-05T01:34:06.008+0000][7][gc,phases   ] GC(301)   Merge Heap Roots: 0.1ms
[2024-03-05T01:34:06.008+0000][7][gc,phases   ] GC(301)   Evacuate Collection Set: 2.0ms
[2024-03-05T01:34:06.008+0000][7][gc,phases   ] GC(301)   Post Evacuate Collection Set: 1.0ms
[2024-03-05T01:34:06.008+0000][7][gc,phases   ] GC(301)   Other: 0.1ms
[2024-03-05T01:34:06.008+0000][7][gc,age      ] GC(301) Age table with threshold 15 (max threshold 15)
[2024-03-05T01:34:06.008+0000][7][gc,age      ] GC(301) - age   1:    1621024 bytes,    1621024 total
[2024-03-05T01:34:06.008+0000][7][gc,age      ] GC(301) - age   2:       3328 bytes,    1624352 total
[2024-03-05T01:34:06.008+0000][7][gc,age      ] GC(301) - age   3:     107760 bytes,    1732112 total
[2024-03-05T01:34:06.008+0000][7][gc,age      ] GC(301) - age   4:      12136 bytes,    1744248 total
[2024-03-05T01:34:06.008+0000][7][gc,age      ] GC(301) - age   5:        184 bytes,    1744432 total
[2024-03-05T01:34:06.008+0000][7][gc,age      ] GC(301) - age   6:       1008 bytes,    1745440 total
[2024-03-05T01:34:06.008+0000][7][gc,age      ] GC(301) - age   7:        184 bytes,    1745624 total
[2024-03-05T01:34:06.008+0000][7][gc,age      ] GC(301) - age   9:       8040 bytes,    1753664 total
[2024-03-05T01:34:06.008+0000][7][gc,age      ] GC(301) - age  11:        280 bytes,    1753944 total
[2024-03-05T01:34:06.008+0000][7][gc,heap     ] GC(301) Eden regions: 152->0(152)
[2024-03-05T01:34:06.008+0000][7][gc,heap     ] GC(301) Survivor regions: 1->1(20)
[2024-03-05T01:34:06.008+0000][7][gc,heap     ] GC(301) Old regions: 24->24
[2024-03-05T01:34:06.008+0000][7][gc,heap     ] GC(301) Archive regions: 2->2
[2024-03-05T01:34:06.008+0000][7][gc,heap     ] GC(301) Humongous regions: 0->0
[2024-03-05T01:34:06.008+0000][7][gc,metaspace] GC(301) Metaspace: 128829K(132288K)->128829K(132288K) NonClass: 111978K(113792K)->111978K(113792K) Class: 16851K(18496K)->16851K(18496K)
[2024-03-05T01:34:06.008+0000][7][gc          ] GC(301) Pause Young (Normal) (G1 Evacuation Pause) 709M->101M(1024M) 3.616ms
[2024-03-05T01:34:06.008+0000][7][gc,cpu      ] GC(301) User=0.01s Sys=0.01s Real=0.00s
[2024-03-05T01:34:06.008+0000][7][safepoint   ] Safepoint "G1CollectForAllocation", Time since last: 28886000711 ns, Reaching safepoint: 71013 ns, At safepoint: 3724118 ns, Total: 3795131 ns
[2024-03-05T01:36:18.895+0000][7][gc,start    ] GC(302) Pause Young (Normal) (G1 Evacuation Pause)
[2024-03-05T01:36:18.895+0000][7][gc,task     ] GC(302) Using 8 workers of 8 for evacuation
[2024-03-05T01:36:18.895+0000][7][gc,age      ] GC(302) Desired survivor size 41943040 bytes, new threshold 15 (max threshold 15)
[2024-03-05T01:36:18.898+0000][7][gc,phases   ] GC(302)   Pre Evacuate Collection Set: 0.1ms
[2024-03-05T01:36:18.898+0000][7][gc,phases   ] GC(302)   Merge Heap Roots: 0.1ms
[2024-03-05T01:36:18.898+0000][7][gc,phases   ] GC(302)   Evacuate Collection Set: 1.5ms
[2024-03-05T01:36:18.898+0000][7][gc,phases   ] GC(302)   Post Evacuate Collection Set: 0.8ms
[2024-03-05T01:36:18.898+0000][7][gc,phases   ] GC(302)   Other: 0.1ms
[2024-03-05T01:36:18.898+0000][7][gc,age      ] GC(302) Age table with threshold 15 (max threshold 15)
[2024-03-05T01:36:18.898+0000][7][gc,age      ] GC(302) - age   1:    1564616 bytes,    1564616 total
[2024-03-05T01:36:18.898+0000][7][gc,age      ] GC(302) - age   2:     154608 bytes,    1719224 total
[2024-03-05T01:36:18.898+0000][7][gc,age      ] GC(302) - age   3:       1600 bytes,    1720824 total
[2024-03-05T01:36:18.898+0000][7][gc,age      ] GC(302) - age   4:     107280 bytes,    1828104 total
[2024-03-05T01:36:18.898+0000][7][gc,age      ] GC(302) - age   5:      12136 bytes,    1840240 total
[2024-03-05T01:36:18.898+0000][7][gc,age      ] GC(302) - age   7:       1008 bytes,    1841248 total
[2024-03-05T01:36:18.898+0000][7][gc,age      ] GC(302) - age   8:        184 bytes,    1841432 total
[2024-03-05T01:36:18.898+0000][7][gc,age      ] GC(302) - age  10:       8040 bytes,    1849472 total
[2024-03-05T01:36:18.898+0000][7][gc,age      ] GC(302) - age  12:        280 bytes,    1849752 total
[2024-03-05T01:36:18.898+0000][7][gc,heap     ] GC(302) Eden regions: 152->0(152)
[2024-03-05T01:36:18.898+0000][7][gc,heap     ] GC(302) Survivor regions: 1->1(20)
[2024-03-05T01:36:18.898+0000][7][gc,heap     ] GC(302) Old regions: 24->24
[2024-03-05T01:36:18.898+0000][7][gc,heap     ] GC(302) Archive regions: 2->2
[2024-03-05T01:36:18.898+0000][7][gc,heap     ] GC(302) Humongous regions: 0->0
[2024-03-05T01:36:18.898+0000][7][gc,metaspace] GC(302) Metaspace: 128829K(132288K)->128829K(132288K) NonClass: 111978K(113792K)->111978K(113792K) Class: 16851K(18496K)->16851K(18496K)
[2024-03-05T01:36:18.898+0000][7][gc          ] GC(302) Pause Young (Normal) (G1 Evacuation Pause) 709M->101M(1024M) 2.854ms
[2024-03-05T01:36:18.898+0000][7][gc,cpu      ] GC(302) User=0.01s Sys=0.00s Real=0.01s
[2024-03-05T01:36:18.898+0000][7][safepoint   ] Safepoint "G1CollectForAllocation", Time since last: 132886675083 ns, Reaching safepoint: 124953 ns, At safepoint: 2946010 ns, Total: 3070963 ns
[2024-03-05T01:38:39.392+0000][7][gc,start    ] GC(303) Pause Young (Normal) (G1 Evacuation Pause)
[2024-03-05T01:38:39.393+0000][7][gc,task     ] GC(303) Using 8 workers of 8 for evacuation
[2024-03-05T01:38:39.393+0000][7][gc,age      ] GC(303) Desired survivor size 41943040 bytes, new threshold 15 (max threshold 15)
[2024-03-05T01:38:39.396+0000][7][gc,phases   ] GC(303)   Pre Evacuate Collection Set: 0.1ms
[2024-03-05T01:38:39.396+0000][7][gc,phases   ] GC(303)   Merge Heap Roots: 0.1ms
[2024-03-05T01:38:39.396+0000][7][gc,phases   ] GC(303)   Evacuate Collection Set: 1.9ms
[2024-03-05T01:38:39.396+0000][7][gc,phases   ] GC(303)   Post Evacuate Collection Set: 0.9ms
[2024-03-05T01:38:39.396+0000][7][gc,phases   ] GC(303)   Other: 0.1ms
[2024-03-05T01:38:39.396+0000][7][gc,age      ] GC(303) Age table with threshold 15 (max threshold 15)
[2024-03-05T01:38:39.396+0000][7][gc,age      ] GC(303) - age   1:    1543288 bytes,    1543288 total
[2024-03-05T01:38:39.396+0000][7][gc,age      ] GC(303) - age   2:      74696 bytes,    1617984 total
[2024-03-05T01:38:39.396+0000][7][gc,age      ] GC(303) - age   3:     152360 bytes,    1770344 total
[2024-03-05T01:38:39.396+0000][7][gc,age      ] GC(303) - age   4:       1048 bytes,    1771392 total
[2024-03-05T01:38:39.396+0000][7][gc,age      ] GC(303) - age   5:     107280 bytes,    1878672 total
[2024-03-05T01:38:39.396+0000][7][gc,age      ] GC(303) - age   6:       8680 bytes,    1887352 total
[2024-03-05T01:38:39.396+0000][7][gc,age      ] GC(303) - age   8:       1008 bytes,    1888360 total
[2024-03-05T01:38:39.396+0000][7][gc,age      ] GC(303) - age   9:        184 bytes,    1888544 total
[2024-03-05T01:38:39.396+0000][7][gc,age      ] GC(303) - age  11:       8040 bytes,    1896584 total
[2024-03-05T01:38:39.396+0000][7][gc,age      ] GC(303) - age  13:         96 bytes,    1896680 total
[2024-03-05T01:38:39.396+0000][7][gc,heap     ] GC(303) Eden regions: 152->0(152)
[2024-03-05T01:38:39.396+0000][7][gc,heap     ] GC(303) Survivor regions: 1->1(20)
[2024-03-05T01:38:39.396+0000][7][gc,heap     ] GC(303) Old regions: 24->24
[2024-03-05T01:38:39.396+0000][7][gc,heap     ] GC(303) Archive regions: 2->2
[2024-03-05T01:38:39.396+0000][7][gc,heap     ] GC(303) Humongous regions: 0->0
[2024-03-05T01:38:39.396+0000][7][gc,metaspace] GC(303) Metaspace: 128829K(132288K)->128829K(132288K) NonClass: 111978K(113792K)->111978K(113792K) Class: 16851K(18496K)->16851K(18496K)
[2024-03-05T01:38:39.396+0000][7][gc          ] GC(303) Pause Young (Normal) (G1 Evacuation Pause) 709M->101M(1024M) 3.442ms
[2024-03-05T01:38:39.396+0000][7][gc,cpu      ] GC(303) User=0.02s Sys=0.00s Real=0.00s
[2024-03-05T01:38:39.396+0000][7][safepoint   ] Safepoint "G1CollectForAllocation", Time since last: 140494120490 ns, Reaching safepoint: 88216 ns, At safepoint: 3560331 ns, Total: 3648547 ns
[2024-03-05T01:38:45.397+0000][7][safepoint   ] Safepoint "Cleanup", Time since last: 6000737036 ns, Reaching safepoint: 82847 ns, At safepoint: 40568 ns, Total: 123415 ns
[2024-03-05T01:41:00.178+0000][7][gc,start    ] GC(304) Pause Young (Normal) (G1 Evacuation Pause)
[2024-03-05T01:41:00.178+0000][7][gc,task     ] GC(304) Using 8 workers of 8 for evacuation
[2024-03-05T01:41:00.178+0000][7][gc,age      ] GC(304) Desired survivor size 41943040 bytes, new threshold 15 (max threshold 15)
[2024-03-05T01:41:00.181+0000][7][gc,phases   ] GC(304)   Pre Evacuate Collection Set: 0.1ms
[2024-03-05T01:41:00.181+0000][7][gc,phases   ] GC(304)   Merge Heap Roots: 0.1ms
[2024-03-05T01:41:00.181+0000][7][gc,phases   ] GC(304)   Evacuate Collection Set: 1.4ms
[2024-03-05T01:41:00.181+0000][7][gc,phases   ] GC(304)   Post Evacuate Collection Set: 0.7ms
[2024-03-05T01:41:00.181+0000][7][gc,phases   ] GC(304)   Other: 0.1ms
[2024-03-05T01:41:00.181+0000][7][gc,age      ] GC(304) Age table with threshold 15 (max threshold 15)
[2024-03-05T01:41:00.181+0000][7][gc,age      ] GC(304) - age   1:    1497816 bytes,    1497816 total
[2024-03-05T01:41:00.181+0000][7][gc,age      ] GC(304) - age   2:      25984 bytes,    1523800 total
[2024-03-05T01:41:00.181+0000][7][gc,age      ] GC(304) - age   3:      72816 bytes,    1596616 total
[2024-03-05T01:41:00.181+0000][7][gc,age      ] GC(304) - age   4:     151816 bytes,    1748432 total
[2024-03-05T01:41:00.181+0000][7][gc,age      ] GC(304) - age   5:       1048 bytes,    1749480 total
[2024-03-05T01:41:00.181+0000][7][gc,age      ] GC(304) - age   6:     107216 bytes,    1856696 total
[2024-03-05T01:41:00.181+0000][7][gc,age      ] GC(304) - age   7:       8616 bytes,    1865312 total
[2024-03-05T01:41:00.181+0000][7][gc,age      ] GC(304) - age   9:        624 bytes,    1865936 total
[2024-03-05T01:41:00.181+0000][7][gc,age      ] GC(304) - age  10:        184 bytes,    1866120 total
[2024-03-05T01:41:00.181+0000][7][gc,age      ] GC(304) - age  12:       8040 bytes,    1874160 total
[2024-03-05T01:41:00.181+0000][7][gc,age      ] GC(304) - age  14:         96 bytes,    1874256 total
[2024-03-05T01:41:00.181+0000][7][gc,heap     ] GC(304) Eden regions: 152->0(152)
[2024-03-05T01:41:00.181+0000][7][gc,heap     ] GC(304) Survivor regions: 1->1(20)
[2024-03-05T01:41:00.181+0000][7][gc,heap     ] GC(304) Old regions: 24->24
[2024-03-05T01:41:00.181+0000][7][gc,heap     ] GC(304) Archive regions: 2->2
[2024-03-05T01:41:00.181+0000][7][gc,heap     ] GC(304) Humongous regions: 0->0
[2024-03-05T01:41:00.181+0000][7][gc,metaspace] GC(304) Metaspace: 128829K(132288K)->128829K(132288K) NonClass: 111978K(113792K)->111978K(113792K) Class: 16851K(18496K)->16851K(18496K)
[2024-03-05T01:41:00.181+0000][7][gc          ] GC(304) Pause Young (Normal) (G1 Evacuation Pause) 709M->101M(1024M) 2.639ms
[2024-03-05T01:41:00.181+0000][7][gc,cpu      ] GC(304) User=0.01s Sys=0.00s Real=0.00s
[2024-03-05T01:41:00.181+0000][7][safepoint   ] Safepoint "G1CollectForAllocation", Time since last: 134781428986 ns, Reaching safepoint: 57837 ns, At safepoint: 2727107 ns, Total: 2784944 ns
[2024-03-05T01:41:42.185+0000][7][safepoint   ] Safepoint "Cleanup", Time since last: 42004257121 ns, Reaching safepoint: 55809 ns, At safepoint: 17132 ns, Total: 72941 ns
[2024-03-05T01:43:51.132+0000][7][gc,start    ] GC(305) Pause Young (Normal) (G1 Evacuation Pause)
[2024-03-05T01:43:51.132+0000][7][gc,task     ] GC(305) Using 8 workers of 8 for evacuation
[2024-03-05T01:43:51.132+0000][7][gc,age      ] GC(305) Desired survivor size 41943040 bytes, new threshold 15 (max threshold 15)
[2024-03-05T01:43:51.133+0000][7][gc,phases   ] GC(305)   Pre Evacuate Collection Set: 0.1ms
[2024-03-05T01:43:51.133+0000][7][gc,phases   ] GC(305)   Merge Heap Roots: 0.0ms
[2024-03-05T01:43:51.133+0000][7][gc,phases   ] GC(305)   Evacuate Collection Set: 0.8ms
[2024-03-05T01:43:51.133+0000][7][gc,phases   ] GC(305)   Post Evacuate Collection Set: 0.5ms
[2024-03-05T01:43:51.133+0000][7][gc,phases   ] GC(305)   Other: 0.1ms
[2024-03-05T01:43:51.133+0000][7][gc,age      ] GC(305) Age table with threshold 15 (max threshold 15)
[2024-03-05T01:43:51.134+0000][7][gc,age      ] GC(305) - age   1:     404984 bytes,     404984 total
[2024-03-05T01:43:51.134+0000][7][gc,age      ] GC(305) - age   2:       3152 bytes,     408136 total
[2024-03-05T01:43:51.134+0000][7][gc,age      ] GC(305) - age   3:      23776 bytes,     431912 total
[2024-03-05T01:43:51.134+0000][7][gc,age      ] GC(305) - age   4:      72688 bytes,     504600 total
[2024-03-05T01:43:51.134+0000][7][gc,age      ] GC(305) - age   5:     151816 bytes,     656416 total
[2024-03-05T01:43:51.134+0000][7][gc,age      ] GC(305) - age   6:        864 bytes,     657280 total
[2024-03-05T01:43:51.134+0000][7][gc,age      ] GC(305) - age   7:     107216 bytes,     764496 total
[2024-03-05T01:43:51.134+0000][7][gc,age      ] GC(305) - age   8:        208 bytes,     764704 total
[2024-03-05T01:43:51.134+0000][7][gc,age      ] GC(305) - age  11:        184 bytes,     764888 total
[2024-03-05T01:43:51.134+0000][7][gc,age      ] GC(305) - age  13:       8040 bytes,     772928 total
[2024-03-05T01:43:51.134+0000][7][gc,age      ] GC(305) - age  15:         96 bytes,     773024 total
[2024-03-05T01:43:51.134+0000][7][gc,heap     ] GC(305) Eden regions: 152->0(152)
[2024-03-05T01:43:51.134+0000][7][gc,heap     ] GC(305) Survivor regions: 1->1(20)
[2024-03-05T01:43:51.134+0000][7][gc,heap     ] GC(305) Old regions: 24->24
[2024-03-05T01:43:51.134+0000][7][gc,heap     ] GC(305) Archive regions: 2->2
[2024-03-05T01:43:51.134+0000][7][gc,heap     ] GC(305) Humongous regions: 0->0
[2024-03-05T01:43:51.134+0000][7][gc,metaspace] GC(305) Metaspace: 128836K(132288K)->128836K(132288K) NonClass: 111985K(113792K)->111985K(113792K) Class: 16851K(18496K)->16851K(18496K)
[2024-03-05T01:43:51.134+0000][7][gc          ] GC(305) Pause Young (Normal) (G1 Evacuation Pause) 709M->100M(1024M) 1.755ms
[2024-03-05T01:43:51.134+0000][7][gc,cpu      ] GC(305) User=0.01s Sys=0.00s Real=0.00s
[2024-03-05T01:43:51.134+0000][7][safepoint   ] Safepoint "G1CollectForAllocation", Time since last: 128946490703 ns, Reaching safepoint: 25058 ns, At safepoint: 1845037 ns, Total: 1870095 ns
[2024-03-05T01:45:28.144+0000][7][safepoint   ] Safepoint "Cleanup", Time since last: 97009796845 ns, Reaching safepoint: 64026 ns, At safepoint: 42300 ns, Total: 106326 ns
[2024-03-05T01:46:54.169+0000][7][gc,start    ] GC(306) Pause Young (Normal) (G1 Evacuation Pause)
[2024-03-05T01:46:54.169+0000][7][gc,task     ] GC(306) Using 8 workers of 8 for evacuation
[2024-03-05T01:46:54.169+0000][7][gc,age      ] GC(306) Desired survivor size 41943040 bytes, new threshold 15 (max threshold 15)
[2024-03-05T01:46:54.172+0000][7][gc,phases   ] GC(306)   Pre Evacuate Collection Set: 0.1ms
[2024-03-05T01:46:54.172+0000][7][gc,phases   ] GC(306)   Merge Heap Roots: 0.1ms
[2024-03-05T01:46:54.172+0000][7][gc,phases   ] GC(306)   Evacuate Collection Set: 1.1ms
[2024-03-05T01:46:54.172+0000][7][gc,phases   ] GC(306)   Post Evacuate Collection Set: 0.9ms
[2024-03-05T01:46:54.172+0000][7][gc,phases   ] GC(306)   Other: 0.1ms
[2024-03-05T01:46:54.172+0000][7][gc,age      ] GC(306) Age table with threshold 15 (max threshold 15)
[2024-03-05T01:46:54.172+0000][7][gc,age      ] GC(306) - age   1:     704384 bytes,     704384 total
[2024-03-05T01:46:54.172+0000][7][gc,age      ] GC(306) - age   2:       2616 bytes,     707000 total
[2024-03-05T01:46:54.172+0000][7][gc,age      ] GC(306) - age   3:        776 bytes,     707776 total
[2024-03-05T01:46:54.172+0000][7][gc,age      ] GC(306) - age   4:      23712 bytes,     731488 total
[2024-03-05T01:46:54.172+0000][7][gc,age      ] GC(306) - age   5:      72688 bytes,     804176 total
[2024-03-05T01:46:54.172+0000][7][gc,age      ] GC(306) - age   6:     151816 bytes,     955992 total
[2024-03-05T01:46:54.172+0000][7][gc,age      ] GC(306) - age   7:        680 bytes,     956672 total
[2024-03-05T01:46:54.172+0000][7][gc,age      ] GC(306) - age   8:     107216 bytes,    1063888 total
[2024-03-05T01:46:54.172+0000][7][gc,age      ] GC(306) - age   9:        208 bytes,    1064096 total
[2024-03-05T01:46:54.172+0000][7][gc,age      ] GC(306) - age  12:        184 bytes,    1064280 total
[2024-03-05T01:46:54.172+0000][7][gc,age      ] GC(306) - age  14:       8040 bytes,    1072320 total
[2024-03-05T01:46:54.172+0000][7][gc,heap     ] GC(306) Eden regions: 152->0(152)
[2024-03-05T01:46:54.172+0000][7][gc,heap     ] GC(306) Survivor regions: 1->1(20)
[2024-03-05T01:46:54.172+0000][7][gc,heap     ] GC(306) Old regions: 24->24
[2024-03-05T01:46:54.172+0000][7][gc,heap     ] GC(306) Archive regions: 2->2
[2024-03-05T01:46:54.172+0000][7][gc,heap     ] GC(306) Humongous regions: 0->0
[2024-03-05T01:46:54.172+0000][7][gc,metaspace] GC(306) Metaspace: 128836K(132288K)->128836K(132288K) NonClass: 111985K(113792K)->111985K(113792K) Class: 16851K(18496K)->16851K(18496K)
[2024-03-05T01:46:54.172+0000][7][gc          ] GC(306) Pause Young (Normal) (G1 Evacuation Pause) 708M->100M(1024M) 2.604ms
[2024-03-05T01:46:54.172+0000][7][gc,cpu      ] GC(306) User=0.01s Sys=0.00s Real=0.00s
[2024-03-05T01:46:54.172+0000][7][safepoint   ] Safepoint "G1CollectForAllocation", Time since last: 86025659838 ns, Reaching safepoint: 64037 ns, At safepoint: 2687430 ns, Total: 2751467 ns
[2024-03-05T01:49:56.873+0000][7][gc,start    ] GC(307) Pause Young (Normal) (G1 Evacuation Pause)
[2024-03-05T01:49:56.873+0000][7][gc,task     ] GC(307) Using 8 workers of 8 for evacuation
[2024-03-05T01:49:56.873+0000][7][gc,age      ] GC(307) Desired survivor size 41943040 bytes, new threshold 15 (max threshold 15)
[2024-03-05T01:49:56.876+0000][7][gc,phases   ] GC(307)   Pre Evacuate Collection Set: 0.1ms
[2024-03-05T01:49:56.876+0000][7][gc,phases   ] GC(307)   Merge Heap Roots: 0.1ms
[2024-03-05T01:49:56.876+0000][7][gc,phases   ] GC(307)   Evacuate Collection Set: 1.5ms
[2024-03-05T01:49:56.876+0000][7][gc,phases   ] GC(307)   Post Evacuate Collection Set: 0.8ms
[2024-03-05T01:49:56.876+0000][7][gc,phases   ] GC(307)   Other: 0.1ms
[2024-03-05T01:49:56.876+0000][7][gc,age      ] GC(307) Age table with threshold 15 (max threshold 15)
[2024-03-05T01:49:56.876+0000][7][gc,age      ] GC(307) - age   1:     951928 bytes,     951928 total
[2024-03-05T01:49:56.876+0000][7][gc,age      ] GC(307) - age   2:       1424 bytes,     953352 total
[2024-03-05T01:49:56.876+0000][7][gc,age      ] GC(307) - age   3:       1944 bytes,     955296 total
[2024-03-05T01:49:56.876+0000][7][gc,age      ] GC(307) - age   4:        648 bytes,     955944 total
[2024-03-05T01:49:56.876+0000][7][gc,age      ] GC(307) - age   5:      20000 bytes,     975944 total
[2024-03-05T01:49:56.876+0000][7][gc,age      ] GC(307) - age   6:      72688 bytes,    1048632 total
[2024-03-05T01:49:56.876+0000][7][gc,age      ] GC(307) - age   7:     151816 bytes,    1200448 total
[2024-03-05T01:49:56.876+0000][7][gc,age      ] GC(307) - age   8:        680 bytes,    1201128 total
[2024-03-05T01:49:56.876+0000][7][gc,age      ] GC(307) - age   9:     107216 bytes,    1308344 total
[2024-03-05T01:49:56.876+0000][7][gc,age      ] GC(307) - age  10:        208 bytes,    1308552 total
[2024-03-05T01:49:56.876+0000][7][gc,age      ] GC(307) - age  15:       8040 bytes,    1316592 total
[2024-03-05T01:49:56.876+0000][7][gc,heap     ] GC(307) Eden regions: 152->0(152)
[2024-03-05T01:49:56.876+0000][7][gc,heap     ] GC(307) Survivor regions: 1->1(20)
[2024-03-05T01:49:56.876+0000][7][gc,heap     ] GC(307) Old regions: 24->24
[2024-03-05T01:49:56.876+0000][7][gc,heap     ] GC(307) Archive regions: 2->2
[2024-03-05T01:49:56.876+0000][7][gc,heap     ] GC(307) Humongous regions: 0->0
[2024-03-05T01:49:56.876+0000][7][gc,metaspace] GC(307) Metaspace: 128836K(132288K)->128836K(132288K) NonClass: 111985K(113792K)->111985K(113792K) Class: 16851K(18496K)->16851K(18496K)
[2024-03-05T01:49:56.876+0000][7][gc          ] GC(307) Pause Young (Normal) (G1 Evacuation Pause) 708M->100M(1024M) 3.019ms
[2024-03-05T01:49:56.876+0000][7][gc,cpu      ] GC(307) User=0.01s Sys=0.00s Real=0.00s
[2024-03-05T01:49:56.876+0000][7][safepoint   ] Safepoint "G1CollectForAllocation", Time since last: 182700699170 ns, Reaching safepoint: 59211 ns, At safepoint: 3119974 ns, Total: 3179185 ns
[2024-03-05T01:51:42.888+0000][7][safepoint   ] Safepoint "Cleanup", Time since last: 106012008545 ns, Reaching safepoint: 62610 ns, At safepoint: 6451 ns, Total: 69061 ns
[2024-03-05T01:52:27.774+0000][7][gc,start    ] GC(308) Pause Young (Normal) (G1 Evacuation Pause)
[2024-03-05T01:52:27.774+0000][7][gc,task     ] GC(308) Using 8 workers of 8 for evacuation
[2024-03-05T01:52:27.774+0000][7][gc,age      ] GC(308) Desired survivor size 41943040 bytes, new threshold 15 (max threshold 15)
[2024-03-05T01:52:27.776+0000][7][gc,phases   ] GC(308)   Pre Evacuate Collection Set: 0.1ms
[2024-03-05T01:52:27.776+0000][7][gc,phases   ] GC(308)   Merge Heap Roots: 0.0ms
[2024-03-05T01:52:27.776+0000][7][gc,phases   ] GC(308)   Evacuate Collection Set: 1.1ms
[2024-03-05T01:52:27.776+0000][7][gc,phases   ] GC(308)   Post Evacuate Collection Set: 0.6ms
[2024-03-05T01:52:27.776+0000][7][gc,phases   ] GC(308)   Other: 0.1ms
[2024-03-05T01:52:27.776+0000][7][gc,age      ] GC(308) Age table with threshold 15 (max threshold 15)
[2024-03-05T01:52:27.776+0000][7][gc,age      ] GC(308) - age   1:    2030440 bytes,    2030440 total
[2024-03-05T01:52:27.776+0000][7][gc,age      ] GC(308) - age   2:      13864 bytes,    2044304 total
[2024-03-05T01:52:27.776+0000][7][gc,age      ] GC(308) - age   3:        376 bytes,    2044680 total
[2024-03-05T01:52:27.776+0000][7][gc,age      ] GC(308) - age   4:       1080 bytes,    2045760 total
[2024-03-05T01:52:27.776+0000][7][gc,age      ] GC(308) - age   5:        584 bytes,    2046344 total
[2024-03-05T01:52:27.776+0000][7][gc,age      ] GC(308) - age   6:      19816 bytes,    2066160 total
[2024-03-05T01:52:27.776+0000][7][gc,age      ] GC(308) - age   7:      72688 bytes,    2138848 total
[2024-03-05T01:52:27.776+0000][7][gc,age      ] GC(308) - age   8:     151816 bytes,    2290664 total
[2024-03-05T01:52:27.776+0000][7][gc,age      ] GC(308) - age   9:        648 bytes,    2291312 total
[2024-03-05T01:52:27.776+0000][7][gc,age      ] GC(308) - age  10:     107216 bytes,    2398528 total
[2024-03-05T01:52:27.776+0000][7][gc,age      ] GC(308) - age  11:        208 bytes,    2398736 total
[2024-03-05T01:52:27.776+0000][7][gc,heap     ] GC(308) Eden regions: 152->0(152)
[2024-03-05T01:52:27.776+0000][7][gc,heap     ] GC(308) Survivor regions: 1->1(20)
[2024-03-05T01:52:27.776+0000][7][gc,heap     ] GC(308) Old regions: 24->24
[2024-03-05T01:52:27.776+0000][7][gc,heap     ] GC(308) Archive regions: 2->2
[2024-03-05T01:52:27.776+0000][7][gc,heap     ] GC(308) Humongous regions: 0->0
[2024-03-05T01:52:27.776+0000][7][gc,metaspace] GC(308) Metaspace: 128838K(132288K)->128838K(132288K) NonClass: 111987K(113792K)->111987K(113792K) Class: 16851K(18496K)->16851K(18496K)
[2024-03-05T01:52:27.776+0000][7][gc          ] GC(308) Pause Young (Normal) (G1 Evacuation Pause) 708M->101M(1024M) 2.049ms
[2024-03-05T01:52:27.776+0000][7][gc,cpu      ] GC(308) User=0.01s Sys=0.00s Real=0.00s
[2024-03-05T01:52:27.776+0000][7][safepoint   ] Safepoint "G1CollectForAllocation", Time since last: 44885672459 ns, Reaching safepoint: 34982 ns, At safepoint: 2111541 ns, Total: 2146523 ns
[2024-03-05T01:54:52.190+0000][7][gc,start    ] GC(309) Pause Young (Normal) (G1 Evacuation Pause)
[2024-03-05T01:54:52.190+0000][7][gc,task     ] GC(309) Using 8 workers of 8 for evacuation
[2024-03-05T01:54:52.190+0000][7][gc,age      ] GC(309) Desired survivor size 41943040 bytes, new threshold 15 (max threshold 15)
[2024-03-05T01:54:52.192+0000][7][gc,phases   ] GC(309)   Pre Evacuate Collection Set: 0.1ms
[2024-03-05T01:54:52.192+0000][7][gc,phases   ] GC(309)   Merge Heap Roots: 0.1ms
[2024-03-05T01:54:52.192+0000][7][gc,phases   ] GC(309)   Evacuate Collection Set: 1.3ms
[2024-03-05T01:54:52.192+0000][7][gc,phases   ] GC(309)   Post Evacuate Collection Set: 0.6ms
[2024-03-05T01:54:52.192+0000][7][gc,phases   ] GC(309)   Other: 0.1ms
[2024-03-05T01:54:52.192+0000][7][gc,age      ] GC(309) Age table with threshold 15 (max threshold 15)
[2024-03-05T01:54:52.192+0000][7][gc,age      ] GC(309) - age   1:    1913136 bytes,    1913136 total
[2024-03-05T01:54:52.192+0000][7][gc,age      ] GC(309) - age   2:     143240 bytes,    2056376 total
[2024-03-05T01:54:52.192+0000][7][gc,age      ] GC(309) - age   3:      11912 bytes,    2068288 total
[2024-03-05T01:54:52.192+0000][7][gc,age      ] GC(309) - age   4:        184 bytes,    2068472 total
[2024-03-05T01:54:52.192+0000][7][gc,age      ] GC(309) - age   5:       1016 bytes,    2069488 total
[2024-03-05T01:54:52.192+0000][7][gc,age      ] GC(309) - age   6:        400 bytes,    2069888 total
[2024-03-05T01:54:52.192+0000][7][gc,age      ] GC(309) - age   7:      19816 bytes,    2089704 total
[2024-03-05T01:54:52.192+0000][7][gc,age      ] GC(309) - age   8:      72688 bytes,    2162392 total
[2024-03-05T01:54:52.192+0000][7][gc,age      ] GC(309) - age   9:     151816 bytes,    2314208 total
[2024-03-05T01:54:52.192+0000][7][gc,age      ] GC(309) - age  10:        648 bytes,    2314856 total
[2024-03-05T01:54:52.192+0000][7][gc,age      ] GC(309) - age  11:     107216 bytes,    2422072 total
[2024-03-05T01:54:52.192+0000][7][gc,age      ] GC(309) - age  12:        208 bytes,    2422280 total
[2024-03-05T01:54:52.192+0000][7][gc,heap     ] GC(309) Eden regions: 152->0(152)
[2024-03-05T01:54:52.192+0000][7][gc,heap     ] GC(309) Survivor regions: 1->1(20)
[2024-03-05T01:54:52.192+0000][7][gc,heap     ] GC(309) Old regions: 24->24
[2024-03-05T01:54:52.192+0000][7][gc,heap     ] GC(309) Archive regions: 2->2
[2024-03-05T01:54:52.192+0000][7][gc,heap     ] GC(309) Humongous regions: 0->0
[2024-03-05T01:54:52.192+0000][7][gc,metaspace] GC(309) Metaspace: 128838K(132288K)->128838K(132288K) NonClass: 111987K(113792K)->111987K(113792K) Class: 16851K(18496K)->16851K(18496K)
[2024-03-05T01:54:52.192+0000][7][gc          ] GC(309) Pause Young (Normal) (G1 Evacuation Pause) 709M->101M(1024M) 2.306ms
[2024-03-05T01:54:52.192+0000][7][gc,cpu      ] GC(309) User=0.01s Sys=0.00s Real=0.00s
[2024-03-05T01:54:52.192+0000][7][safepoint   ] Safepoint "G1CollectForAllocation", Time since last: 144414057627 ns, Reaching safepoint: 37708 ns, At safepoint: 2376837 ns, Total: 2414545 ns
[2024-03-05T01:57:03.776+0000][7][gc,start    ] GC(310) Pause Young (Normal) (G1 Evacuation Pause)
[2024-03-05T01:57:03.776+0000][7][gc,task     ] GC(310) Using 8 workers of 8 for evacuation
[2024-03-05T01:57:03.776+0000][7][gc,age      ] GC(310) Desired survivor size 41943040 bytes, new threshold 15 (max threshold 15)
[2024-03-05T01:57:03.777+0000][7][gc,phases   ] GC(310)   Pre Evacuate Collection Set: 0.1ms
[2024-03-05T01:57:03.777+0000][7][gc,phases   ] GC(310)   Merge Heap Roots: 0.0ms
[2024-03-05T01:57:03.777+0000][7][gc,phases   ] GC(310)   Evacuate Collection Set: 1.0ms
[2024-03-05T01:57:03.777+0000][7][gc,phases   ] GC(310)   Post Evacuate Collection Set: 0.6ms
[2024-03-05T01:57:03.777+0000][7][gc,phases   ] GC(310)   Other: 0.1ms
[2024-03-05T01:57:03.777+0000][7][gc,age      ] GC(310) Age table with threshold 15 (max threshold 15)
[2024-03-05T01:57:03.777+0000][7][gc,age      ] GC(310) - age   1:    1790240 bytes,    1790240 total
[2024-03-05T01:57:03.777+0000][7][gc,age      ] GC(310) - age   2:       2752 bytes,    1792992 total
[2024-03-05T01:57:03.777+0000][7][gc,age      ] GC(310) - age   3:     141808 bytes,    1934800 total
[2024-03-05T01:57:03.777+0000][7][gc,age      ] GC(310) - age   4:       8200 bytes,    1943000 total
[2024-03-05T01:57:03.777+0000][7][gc,age      ] GC(310) - age   5:        184 bytes,    1943184 total
[2024-03-05T01:57:03.777+0000][7][gc,age      ] GC(310) - age   6:        328 bytes,    1943512 total
[2024-03-05T01:57:03.777+0000][7][gc,age      ] GC(310) - age   7:        400 bytes,    1943912 total
[2024-03-05T01:57:03.777+0000][7][gc,age      ] GC(310) - age   8:      19816 bytes,    1963728 total
[2024-03-05T01:57:03.777+0000][7][gc,age      ] GC(310) - age   9:      72688 bytes,    2036416 total
[2024-03-05T01:57:03.777+0000][7][gc,age      ] GC(310) - age  10:     151816 bytes,    2188232 total
[2024-03-05T01:57:03.777+0000][7][gc,age      ] GC(310) - age  11:        648 bytes,    2188880 total
[2024-03-05T01:57:03.778+0000][7][gc,age      ] GC(310) - age  12:     107032 bytes,    2295912 total
[2024-03-05T01:57:03.778+0000][7][gc,age      ] GC(310) - age  13:        208 bytes,    2296120 total
[2024-03-05T01:57:03.778+0000][7][gc,heap     ] GC(310) Eden regions: 152->0(152)
[2024-03-05T01:57:03.778+0000][7][gc,heap     ] GC(310) Survivor regions: 1->1(20)
[2024-03-05T01:57:03.778+0000][7][gc,heap     ] GC(310) Old regions: 24->24
[2024-03-05T01:57:03.778+0000][7][gc,heap     ] GC(310) Archive regions: 2->2
[2024-03-05T01:57:03.778+0000][7][gc,heap     ] GC(310) Humongous regions: 0->0
[2024-03-05T01:57:03.778+0000][7][gc,metaspace] GC(310) Metaspace: 128838K(132288K)->128838K(132288K) NonClass: 111987K(113792K)->111987K(113792K) Class: 16851K(18496K)->16851K(18496K)
[2024-03-05T01:57:03.778+0000][7][gc          ] GC(310) Pause Young (Normal) (G1 Evacuation Pause) 709M->101M(1024M) 2.010ms
[2024-03-05T01:57:03.778+0000][7][gc,cpu      ] GC(310) User=0.01s Sys=0.00s Real=0.01s
[2024-03-05T01:57:03.778+0000][7][safepoint   ] Safepoint "G1CollectForAllocation", Time since last: 131583229765 ns, Reaching safepoint: 34688 ns, At safepoint: 2074062 ns, Total: 2108750 ns
[2024-03-05T01:59:06.793+0000][7][safepoint   ] Safepoint "Cleanup", Time since last: 123014967176 ns, Reaching safepoint: 147714 ns, At safepoint: 48029 ns, Total: 195743 ns
[2024-03-05T01:59:25.172+0000][7][gc,start    ] GC(311) Pause Young (Normal) (G1 Evacuation Pause)
[2024-03-05T01:59:25.173+0000][7][gc,task     ] GC(311) Using 8 workers of 8 for evacuation
[2024-03-05T01:59:25.173+0000][7][gc,age      ] GC(311) Desired survivor size 41943040 bytes, new threshold 15 (max threshold 15)
[2024-03-05T01:59:25.175+0000][7][gc,phases   ] GC(311)   Pre Evacuate Collection Set: 0.1ms
[2024-03-05T01:59:25.175+0000][7][gc,phases   ] GC(311)   Merge Heap Roots: 0.1ms
[2024-03-05T01:59:25.175+0000][7][gc,phases   ] GC(311)   Evacuate Collection Set: 1.3ms
[2024-03-05T01:59:25.175+0000][7][gc,phases   ] GC(311)   Post Evacuate Collection Set: 0.6ms
[2024-03-05T01:59:25.175+0000][7][gc,phases   ] GC(311)   Other: 0.1ms
[2024-03-05T01:59:25.175+0000][7][gc,age      ] GC(311) Age table with threshold 15 (max threshold 15)
[2024-03-05T01:59:25.175+0000][7][gc,age      ] GC(311) - age   1:    1908192 bytes,    1908192 total
[2024-03-05T01:59:25.175+0000][7][gc,age      ] GC(311) - age   2:       7616 bytes,    1915808 total
[2024-03-05T01:59:25.175+0000][7][gc,age      ] GC(311) - age   3:       1016 bytes,    1916824 total
[2024-03-05T01:59:25.175+0000][7][gc,age      ] GC(311) - age   4:     141496 bytes,    2058320 total
[2024-03-05T01:59:25.175+0000][7][gc,age      ] GC(311) - age   5:       8200 bytes,    2066520 total
[2024-03-05T01:59:25.175+0000][7][gc,age      ] GC(311) - age   6:        184 bytes,    2066704 total
[2024-03-05T01:59:25.175+0000][7][gc,age      ] GC(311) - age   7:        328 bytes,    2067032 total
[2024-03-05T01:59:25.175+0000][7][gc,age      ] GC(311) - age   8:         16 bytes,    2067048 total
[2024-03-05T01:59:25.175+0000][7][gc,age      ] GC(311) - age   9:      19816 bytes,    2086864 total
[2024-03-05T01:59:25.175+0000][7][gc,age      ] GC(311) - age  10:      72688 bytes,    2159552 total
[2024-03-05T01:59:25.175+0000][7][gc,age      ] GC(311) - age  11:     151816 bytes,    2311368 total
[2024-03-05T01:59:25.175+0000][7][gc,age      ] GC(311) - age  12:        648 bytes,    2312016 total
[2024-03-05T01:59:25.175+0000][7][gc,age      ] GC(311) - age  13:     107032 bytes,    2419048 total
[2024-03-05T01:59:25.175+0000][7][gc,age      ] GC(311) - age  14:        208 bytes,    2419256 total
[2024-03-05T01:59:25.175+0000][7][gc,heap     ] GC(311) Eden regions: 152->0(152)
[2024-03-05T01:59:25.175+0000][7][gc,heap     ] GC(311) Survivor regions: 1->1(20)
[2024-03-05T01:59:25.175+0000][7][gc,heap     ] GC(311) Old regions: 24->24
[2024-03-05T01:59:25.175+0000][7][gc,heap     ] GC(311) Archive regions: 2->2
[2024-03-05T01:59:25.175+0000][7][gc,heap     ] GC(311) Humongous regions: 0->0
[2024-03-05T01:59:25.175+0000][7][gc,metaspace] GC(311) Metaspace: 128838K(132288K)->128838K(132288K) NonClass: 111987K(113792K)->111987K(113792K) Class: 16851K(18496K)->16851K(18496K)
[2024-03-05T01:59:25.175+0000][7][gc          ] GC(311) Pause Young (Normal) (G1 Evacuation Pause) 709M->101M(1024M) 2.427ms
[2024-03-05T01:59:25.175+0000][7][gc,cpu      ] GC(311) User=0.01s Sys=0.00s Real=0.00s
[2024-03-05T01:59:25.175+0000][7][safepoint   ] Safepoint "G1CollectForAllocation", Time since last: 18379609332 ns, Reaching safepoint: 53023 ns, At safepoint: 2512179 ns, Total: 2565202 ns
[2024-03-05T02:01:36.847+0000][7][gc,start    ] GC(312) Pause Young (Normal) (G1 Evacuation Pause)
[2024-03-05T02:01:36.847+0000][7][gc,task     ] GC(312) Using 8 workers of 8 for evacuation
[2024-03-05T02:01:36.847+0000][7][gc,age      ] GC(312) Desired survivor size 41943040 bytes, new threshold 15 (max threshold 15)
[2024-03-05T02:01:36.849+0000][7][gc,phases   ] GC(312)   Pre Evacuate Collection Set: 0.1ms
[2024-03-05T02:01:36.849+0000][7][gc,phases   ] GC(312)   Merge Heap Roots: 0.1ms
[2024-03-05T02:01:36.849+0000][7][gc,phases   ] GC(312)   Evacuate Collection Set: 1.6ms
[2024-03-05T02:01:36.849+0000][7][gc,phases   ] GC(312)   Post Evacuate Collection Set: 0.6ms
[2024-03-05T02:01:36.849+0000][7][gc,phases   ] GC(312)   Other: 0.1ms
[2024-03-05T02:01:36.849+0000][7][gc,age      ] GC(312) Age table with threshold 15 (max threshold 15)
[2024-03-05T02:01:36.849+0000][7][gc,age      ] GC(312) - age   1:    1545200 bytes,    1545200 total
[2024-03-05T02:01:36.849+0000][7][gc,age      ] GC(312) - age   2:       2800 bytes,    1548000 total
[2024-03-05T02:01:36.849+0000][7][gc,age      ] GC(312) - age   3:       4416 bytes,    1552416 total
[2024-03-05T02:01:36.849+0000][7][gc,age      ] GC(312) - age   4:        440 bytes,    1552856 total
[2024-03-05T02:01:36.849+0000][7][gc,age      ] GC(312) - age   5:     141336 bytes,    1694192 total
[2024-03-05T02:01:36.849+0000][7][gc,age      ] GC(312) - age   6:       8200 bytes,    1702392 total
[2024-03-05T02:01:36.849+0000][7][gc,age      ] GC(312) - age   8:        328 bytes,    1702720 total
[2024-03-05T02:01:36.849+0000][7][gc,age      ] GC(312) - age   9:         16 bytes,    1702736 total
[2024-03-05T02:01:36.849+0000][7][gc,age      ] GC(312) - age  10:      19816 bytes,    1722552 total
[2024-03-05T02:01:36.849+0000][7][gc,age      ] GC(312) - age  11:      72688 bytes,    1795240 total
[2024-03-05T02:01:36.849+0000][7][gc,age      ] GC(312) - age  12:     151816 bytes,    1947056 total
[2024-03-05T02:01:36.849+0000][7][gc,age      ] GC(312) - age  13:        648 bytes,    1947704 total
[2024-03-05T02:01:36.849+0000][7][gc,age      ] GC(312) - age  14:     107032 bytes,    2054736 total
[2024-03-05T02:01:36.849+0000][7][gc,age      ] GC(312) - age  15:        208 bytes,    2054944 total
[2024-03-05T02:01:36.849+0000][7][gc,heap     ] GC(312) Eden regions: 152->0(152)
[2024-03-05T02:01:36.849+0000][7][gc,heap     ] GC(312) Survivor regions: 1->1(20)
[2024-03-05T02:01:36.849+0000][7][gc,heap     ] GC(312) Old regions: 24->24
[2024-03-05T02:01:36.849+0000][7][gc,heap     ] GC(312) Archive regions: 2->2
[2024-03-05T02:01:36.849+0000][7][gc,heap     ] GC(312) Humongous regions: 0->0
[2024-03-05T02:01:36.849+0000][7][gc,metaspace] GC(312) Metaspace: 128838K(132288K)->128838K(132288K) NonClass: 111987K(113792K)->111987K(113792K) Class: 16851K(18496K)->16851K(18496K)
[2024-03-05T02:01:36.849+0000][7][gc          ] GC(312) Pause Young (Normal) (G1 Evacuation Pause) 709M->101M(1024M) 2.631ms
[2024-03-05T02:01:36.849+0000][7][gc,cpu      ] GC(312) User=0.00s Sys=0.01s Real=0.00s
[2024-03-05T02:01:36.849+0000][7][safepoint   ] Safepoint "G1CollectForAllocation", Time since last: 131671610969 ns, Reaching safepoint: 37486 ns, At safepoint: 2698165 ns, Total: 2735651 ns
[2024-03-05T02:04:01.229+0000][7][gc,start    ] GC(313) Pause Young (Normal) (G1 Evacuation Pause)
[2024-03-05T02:04:01.229+0000][7][gc,task     ] GC(313) Using 8 workers of 8 for evacuation
[2024-03-05T02:04:01.229+0000][7][gc,age      ] GC(313) Desired survivor size 41943040 bytes, new threshold 15 (max threshold 15)
[2024-03-05T02:04:01.231+0000][7][gc,phases   ] GC(313)   Pre Evacuate Collection Set: 0.1ms
[2024-03-05T02:04:01.231+0000][7][gc,phases   ] GC(313)   Merge Heap Roots: 0.0ms
[2024-03-05T02:04:01.231+0000][7][gc,phases   ] GC(313)   Evacuate Collection Set: 1.0ms
[2024-03-05T02:04:01.231+0000][7][gc,phases   ] GC(313)   Post Evacuate Collection Set: 0.6ms
[2024-03-05T02:04:01.231+0000][7][gc,phases   ] GC(313)   Other: 0.1ms
[2024-03-05T02:04:01.231+0000][7][gc,age      ] GC(313) Age table with threshold 15 (max threshold 15)
[2024-03-05T02:04:01.231+0000][7][gc,age      ] GC(313) - age   1:    1959960 bytes,    1959960 total
[2024-03-05T02:04:01.231+0000][7][gc,age      ] GC(313) - age   2:       3416 bytes,    1963376 total
[2024-03-05T02:04:01.231+0000][7][gc,age      ] GC(313) - age   3:       1328 bytes,    1964704 total
[2024-03-05T02:04:01.231+0000][7][gc,age      ] GC(313) - age   4:       4032 bytes,    1968736 total
[2024-03-05T02:04:01.231+0000][7][gc,age      ] GC(313) - age   5:        248 bytes,    1968984 total
[2024-03-05T02:04:01.231+0000][7][gc,age      ] GC(313) - age   6:     140352 bytes,    2109336 total
[2024-03-05T02:04:01.231+0000][7][gc,age      ] GC(313) - age   7:       8016 bytes,    2117352 total
[2024-03-05T02:04:01.231+0000][7][gc,age      ] GC(313) - age   9:        296 bytes,    2117648 total
[2024-03-05T02:04:01.231+0000][7][gc,age      ] GC(313) - age  10:         16 bytes,    2117664 total
[2024-03-05T02:04:01.231+0000][7][gc,age      ] GC(313) - age  11:      19816 bytes,    2137480 total
[2024-03-05T02:04:01.231+0000][7][gc,age      ] GC(313) - age  12:      72688 bytes,    2210168 total
[2024-03-05T02:04:01.231+0000][7][gc,age      ] GC(313) - age  13:     151816 bytes,    2361984 total
[2024-03-05T02:04:01.231+0000][7][gc,age      ] GC(313) - age  14:        648 bytes,    2362632 total
[2024-03-05T02:04:01.231+0000][7][gc,age      ] GC(313) - age  15:     107032 bytes,    2469664 total
[2024-03-05T02:04:01.231+0000][7][gc,heap     ] GC(313) Eden regions: 152->0(152)
[2024-03-05T02:04:01.231+0000][7][gc,heap     ] GC(313) Survivor regions: 1->1(20)
[2024-03-05T02:04:01.231+0000][7][gc,heap     ] GC(313) Old regions: 24->24
[2024-03-05T02:04:01.231+0000][7][gc,heap     ] GC(313) Archive regions: 2->2
[2024-03-05T02:04:01.231+0000][7][gc,heap     ] GC(313) Humongous regions: 0->0
[2024-03-05T02:04:01.231+0000][7][gc,metaspace] GC(313) Metaspace: 128852K(132352K)->128852K(132352K) NonClass: 112001K(113856K)->112001K(113856K) Class: 16851K(18496K)->16851K(18496K)
[2024-03-05T02:04:01.231+0000][7][gc          ] GC(313) Pause Young (Normal) (G1 Evacuation Pause) 709M->101M(1024M) 1.973ms
[2024-03-05T02:04:01.231+0000][7][gc,cpu      ] GC(313) User=0.01s Sys=0.01s Real=0.00s
[2024-03-05T02:04:01.231+0000][7][safepoint   ] Safepoint "G1CollectForAllocation", Time since last: 144379334670 ns, Reaching safepoint: 27383 ns, At safepoint: 2038610 ns, Total: 2065993 ns
[2024-03-05T02:06:06.244+0000][7][safepoint   ] Safepoint "Cleanup", Time since last: 125013477048 ns, Reaching safepoint: 76245 ns, At safepoint: 8106 ns, Total: 84351 ns
[2024-03-05T02:06:57.248+0000][7][gc,start    ] GC(314) Pause Young (Normal) (G1 Evacuation Pause)
[2024-03-05T02:06:57.249+0000][7][gc,task     ] GC(314) Using 8 workers of 8 for evacuation
[2024-03-05T02:06:57.249+0000][7][gc,age      ] GC(314) Desired survivor size 41943040 bytes, new threshold 15 (max threshold 15)
[2024-03-05T02:06:57.251+0000][7][gc,phases   ] GC(314)   Pre Evacuate Collection Set: 0.1ms
[2024-03-05T02:06:57.251+0000][7][gc,phases   ] GC(314)   Merge Heap Roots: 0.1ms
[2024-03-05T02:06:57.251+0000][7][gc,phases   ] GC(314)   Evacuate Collection Set: 1.3ms
[2024-03-05T02:06:57.251+0000][7][gc,phases   ] GC(314)   Post Evacuate Collection Set: 0.6ms
[2024-03-05T02:06:57.251+0000][7][gc,phases   ] GC(314)   Other: 0.1ms
[2024-03-05T02:06:57.251+0000][7][gc,age      ] GC(314) Age table with threshold 15 (max threshold 15)
[2024-03-05T02:06:57.251+0000][7][gc,age      ] GC(314) - age   1:     881576 bytes,     881576 total
[2024-03-05T02:06:57.251+0000][7][gc,age      ] GC(314) - age   2:       4640 bytes,     886216 total
[2024-03-05T02:06:57.251+0000][7][gc,age      ] GC(314) - age   3:        448 bytes,     886664 total
[2024-03-05T02:06:57.251+0000][7][gc,age      ] GC(314) - age   4:        720 bytes,     887384 total
[2024-03-05T02:06:57.251+0000][7][gc,age      ] GC(314) - age   5:        576 bytes,     887960 total
[2024-03-05T02:06:57.251+0000][7][gc,age      ] GC(314) - age   7:     132184 bytes,    1020144 total
[2024-03-05T02:06:57.251+0000][7][gc,age      ] GC(314) - age   8:       8016 bytes,    1028160 total
[2024-03-05T02:06:57.251+0000][7][gc,age      ] GC(314) - age  10:        296 bytes,    1028456 total
[2024-03-05T02:06:57.251+0000][7][gc,age      ] GC(314) - age  11:         16 bytes,    1028472 total
[2024-03-05T02:06:57.251+0000][7][gc,age      ] GC(314) - age  12:      19816 bytes,    1048288 total
[2024-03-05T02:06:57.251+0000][7][gc,age      ] GC(314) - age  13:      72688 bytes,    1120976 total
[2024-03-05T02:06:57.251+0000][7][gc,age      ] GC(314) - age  14:     151816 bytes,    1272792 total
[2024-03-05T02:06:57.251+0000][7][gc,age      ] GC(314) - age  15:        648 bytes,    1273440 total
[2024-03-05T02:06:57.251+0000][7][gc,heap     ] GC(314) Eden regions: 152->0(152)
[2024-03-05T02:06:57.251+0000][7][gc,heap     ] GC(314) Survivor regions: 1->1(20)
[2024-03-05T02:06:57.251+0000][7][gc,heap     ] GC(314) Old regions: 24->24
[2024-03-05T02:06:57.251+0000][7][gc,heap     ] GC(314) Archive regions: 2->2
[2024-03-05T02:06:57.251+0000][7][gc,heap     ] GC(314) Humongous regions: 0->0
[2024-03-05T02:06:57.251+0000][7][gc,metaspace] GC(314) Metaspace: 128852K(132352K)->128852K(132352K) NonClass: 112001K(113856K)->112001K(113856K) Class: 16851K(18496K)->16851K(18496K)
[2024-03-05T02:06:57.251+0000][7][gc          ] GC(314) Pause Young (Normal) (G1 Evacuation Pause) 709M->101M(1024M) 2.470ms
[2024-03-05T02:06:57.251+0000][7][gc,cpu      ] GC(314) User=0.01s Sys=0.00s Real=0.00s
[2024-03-05T02:06:57.251+0000][7][safepoint   ] Safepoint "G1CollectForAllocation", Time since last: 51004118578 ns, Reaching safepoint: 61091 ns, At safepoint: 2558055 ns, Total: 2619146 ns
[2024-03-05T02:08:58.266+0000][7][safepoint   ] Safepoint "Cleanup", Time since last: 121014473407 ns, Reaching safepoint: 63138 ns, At safepoint: 35872 ns, Total: 99010 ns
[2024-03-05T02:10:00.267+0000][7][gc,start    ] GC(315) Pause Young (Normal) (G1 Evacuation Pause)
[2024-03-05T02:10:00.267+0000][7][gc,task     ] GC(315) Using 8 workers of 8 for evacuation
[2024-03-05T02:10:00.267+0000][7][gc,age      ] GC(315) Desired survivor size 41943040 bytes, new threshold 15 (max threshold 15)
[2024-03-05T02:10:00.270+0000][7][gc,phases   ] GC(315)   Pre Evacuate Collection Set: 0.1ms
[2024-03-05T02:10:00.270+0000][7][gc,phases   ] GC(315)   Merge Heap Roots: 0.1ms
[2024-03-05T02:10:00.270+0000][7][gc,phases   ] GC(315)   Evacuate Collection Set: 1.4ms
[2024-03-05T02:10:00.270+0000][7][gc,phases   ] GC(315)   Post Evacuate Collection Set: 0.8ms
[2024-03-05T02:10:00.270+0000][7][gc,phases   ] GC(315)   Other: 0.1ms
[2024-03-05T02:10:00.270+0000][7][gc,age      ] GC(315) Age table with threshold 15 (max threshold 15)
[2024-03-05T02:10:00.270+0000][7][gc,age      ] GC(315) - age   1:    1113240 bytes,    1113240 total
[2024-03-05T02:10:00.270+0000][7][gc,age      ] GC(315) - age   2:      21264 bytes,    1134504 total
[2024-03-05T02:10:00.270+0000][7][gc,age      ] GC(315) - age   3:       2104 bytes,    1136608 total
[2024-03-05T02:10:00.270+0000][7][gc,age      ] GC(315) - age   5:        592 bytes,    1137200 total
[2024-03-05T02:10:00.270+0000][7][gc,age      ] GC(315) - age   6:        576 bytes,    1137776 total
[2024-03-05T02:10:00.270+0000][7][gc,age      ] GC(315) - age   8:     132184 bytes,    1269960 total
[2024-03-05T02:10:00.270+0000][7][gc,age      ] GC(315) - age   9:       8016 bytes,    1277976 total
[2024-03-05T02:10:00.270+0000][7][gc,age      ] GC(315) - age  11:        296 bytes,    1278272 total
[2024-03-05T02:10:00.270+0000][7][gc,age      ] GC(315) - age  12:         16 bytes,    1278288 total
[2024-03-05T02:10:00.270+0000][7][gc,age      ] GC(315) - age  13:      19816 bytes,    1298104 total
[2024-03-05T02:10:00.270+0000][7][gc,age      ] GC(315) - age  14:      72688 bytes,    1370792 total
[2024-03-05T02:10:00.270+0000][7][gc,age      ] GC(315) - age  15:     151816 bytes,    1522608 total
[2024-03-05T02:10:00.270+0000][7][gc,heap     ] GC(315) Eden regions: 152->0(152)
[2024-03-05T02:10:00.270+0000][7][gc,heap     ] GC(315) Survivor regions: 1->1(20)
[2024-03-05T02:10:00.270+0000][7][gc,heap     ] GC(315) Old regions: 24->24
[2024-03-05T02:10:00.270+0000][7][gc,heap     ] GC(315) Archive regions: 2->2
[2024-03-05T02:10:00.270+0000][7][gc,heap     ] GC(315) Humongous regions: 0->0
[2024-03-05T02:10:00.270+0000][7][gc,metaspace] GC(315) Metaspace: 128852K(132352K)->128852K(132352K) NonClass: 112001K(113856K)->112001K(113856K) Class: 16851K(18496K)->16851K(18496K)
[2024-03-05T02:10:00.270+0000][7][gc          ] GC(315) Pause Young (Normal) (G1 Evacuation Pause) 709M->101M(1024M) 2.700ms
[2024-03-05T02:10:00.270+0000][7][gc,cpu      ] GC(315) User=0.01s Sys=0.00s Real=0.00s
[2024-03-05T02:10:00.270+0000][7][safepoint   ] Safepoint "G1CollectForAllocation", Time since last: 62001688929 ns, Reaching safepoint: 111637 ns, At safepoint: 2786445 ns, Total: 2898082 ns
[2024-03-05T02:13:03.280+0000][7][gc,start    ] GC(316) Pause Young (Normal) (G1 Evacuation Pause)
[2024-03-05T02:13:03.280+0000][7][gc,task     ] GC(316) Using 8 workers of 8 for evacuation
[2024-03-05T02:13:03.280+0000][7][gc,age      ] GC(316) Desired survivor size 41943040 bytes, new threshold 15 (max threshold 15)
[2024-03-05T02:13:03.283+0000][7][gc,phases   ] GC(316)   Pre Evacuate Collection Set: 0.1ms
[2024-03-05T02:13:03.283+0000][7][gc,phases   ] GC(316)   Merge Heap Roots: 0.1ms
[2024-03-05T02:13:03.283+0000][7][gc,phases   ] GC(316)   Evacuate Collection Set: 1.3ms
[2024-03-05T02:13:03.283+0000][7][gc,phases   ] GC(316)   Post Evacuate Collection Set: 0.7ms
[2024-03-05T02:13:03.283+0000][7][gc,phases   ] GC(316)   Other: 0.1ms
[2024-03-05T02:13:03.283+0000][7][gc,age      ] GC(316) Age table with threshold 15 (max threshold 15)
[2024-03-05T02:13:03.283+0000][7][gc,age      ] GC(316) - age   1:    1259040 bytes,    1259040 total
[2024-03-05T02:13:03.283+0000][7][gc,age      ] GC(316) - age   2:       3224 bytes,    1262264 total
[2024-03-05T02:13:03.283+0000][7][gc,age      ] GC(316) - age   3:      20088 bytes,    1282352 total
[2024-03-05T02:13:03.283+0000][7][gc,age      ] GC(316) - age   4:       1096 bytes,    1283448 total
[2024-03-05T02:13:03.283+0000][7][gc,age      ] GC(316) - age   6:        592 bytes,    1284040 total
[2024-03-05T02:13:03.283+0000][7][gc,age      ] GC(316) - age   9:     132152 bytes,    1416192 total
[2024-03-05T02:13:03.283+0000][7][gc,age      ] GC(316) - age  10:       8016 bytes,    1424208 total
[2024-03-05T02:13:03.283+0000][7][gc,age      ] GC(316) - age  12:        112 bytes,    1424320 total
[2024-03-05T02:13:03.283+0000][7][gc,age      ] GC(316) - age  13:         16 bytes,    1424336 total
[2024-03-05T02:13:03.283+0000][7][gc,age      ] GC(316) - age  14:      19816 bytes,    1444152 total
[2024-03-05T02:13:03.283+0000][7][gc,age      ] GC(316) - age  15:      72688 bytes,    1516840 total
[2024-03-05T02:13:03.283+0000][7][gc,heap     ] GC(316) Eden regions: 152->0(152)
[2024-03-05T02:13:03.283+0000][7][gc,heap     ] GC(316) Survivor regions: 1->1(20)
[2024-03-05T02:13:03.283+0000][7][gc,heap     ] GC(316) Old regions: 24->24
[2024-03-05T02:13:03.283+0000][7][gc,heap     ] GC(316) Archive regions: 2->2
[2024-03-05T02:13:03.283+0000][7][gc,heap     ] GC(316) Humongous regions: 0->0
[2024-03-05T02:13:03.283+0000][7][gc,metaspace] GC(316) Metaspace: 128854K(132352K)->128854K(132352K) NonClass: 112002K(113856K)->112002K(113856K) Class: 16851K(18496K)->16851K(18496K)
[2024-03-05T02:13:03.283+0000][7][gc          ] GC(316) Pause Young (Normal) (G1 Evacuation Pause) 709M->101M(1024M) 2.566ms
[2024-03-05T02:13:03.283+0000][7][gc,cpu      ] GC(316) User=0.01s Sys=0.00s Real=0.00s
[2024-03-05T02:13:03.283+0000][7][safepoint   ] Safepoint "G1CollectForAllocation", Time since last: 183010188063 ns, Reaching safepoint: 61170 ns, At safepoint: 2661032 ns, Total: 2722202 ns
[2024-03-05T02:14:28.294+0000][7][safepoint   ] Safepoint "Cleanup", Time since last: 85010583739 ns, Reaching safepoint: 70488 ns, At safepoint: 35420 ns, Total: 105908 ns
[2024-03-05T02:14:58.297+0000][7][safepoint   ] Safepoint "Cleanup", Time since last: 30002685295 ns, Reaching safepoint: 75864 ns, At safepoint: 20600 ns, Total: 96464 ns
[2024-03-05T02:16:03.281+0000][7][gc,start    ] GC(317) Pause Young (Normal) (G1 Evacuation Pause)
[2024-03-05T02:16:03.281+0000][7][gc,task     ] GC(317) Using 8 workers of 8 for evacuation
[2024-03-05T02:16:03.281+0000][7][gc,age      ] GC(317) Desired survivor size 41943040 bytes, new threshold 15 (max threshold 15)
[2024-03-05T02:16:03.283+0000][7][gc,phases   ] GC(317)   Pre Evacuate Collection Set: 0.1ms
[2024-03-05T02:16:03.283+0000][7][gc,phases   ] GC(317)   Merge Heap Roots: 0.1ms
[2024-03-05T02:16:03.283+0000][7][gc,phases   ] GC(317)   Evacuate Collection Set: 1.3ms
[2024-03-05T02:16:03.283+0000][7][gc,phases   ] GC(317)   Post Evacuate Collection Set: 0.7ms
[2024-03-05T02:16:03.283+0000][7][gc,phases   ] GC(317)   Other: 0.1ms
[2024-03-05T02:16:03.283+0000][7][gc,age      ] GC(317) Age table with threshold 15 (max threshold 15)
[2024-03-05T02:16:03.283+0000][7][gc,age      ] GC(317) - age   1:    1338960 bytes,    1338960 total
[2024-03-05T02:16:03.283+0000][7][gc,age      ] GC(317) - age   2:       3576 bytes,    1342536 total
[2024-03-05T02:16:03.283+0000][7][gc,age      ] GC(317) - age   3:        184 bytes,    1342720 total
[2024-03-05T02:16:03.283+0000][7][gc,age      ] GC(317) - age   4:      11688 bytes,    1354408 total
[2024-03-05T02:16:03.283+0000][7][gc,age      ] GC(317) - age   5:        904 bytes,    1355312 total
[2024-03-05T02:16:03.283+0000][7][gc,age      ] GC(317) - age   7:        592 bytes,    1355904 total
[2024-03-05T02:16:03.283+0000][7][gc,age      ] GC(317) - age  10:     132152 bytes,    1488056 total
[2024-03-05T02:16:03.283+0000][7][gc,age      ] GC(317) - age  11:       8016 bytes,    1496072 total
[2024-03-05T02:16:03.283+0000][7][gc,age      ] GC(317) - age  13:        112 bytes,    1496184 total
[2024-03-05T02:16:03.283+0000][7][gc,age      ] GC(317) - age  14:         16 bytes,    1496200 total
[2024-03-05T02:16:03.283+0000][7][gc,age      ] GC(317) - age  15:      19816 bytes,    1516016 total
[2024-03-05T02:16:03.283+0000][7][gc,heap     ] GC(317) Eden regions: 152->0(152)
[2024-03-05T02:16:03.283+0000][7][gc,heap     ] GC(317) Survivor regions: 1->1(20)
[2024-03-05T02:16:03.283+0000][7][gc,heap     ] GC(317) Old regions: 24->24
[2024-03-05T02:16:03.283+0000][7][gc,heap     ] GC(317) Archive regions: 2->2
[2024-03-05T02:16:03.283+0000][7][gc,heap     ] GC(317) Humongous regions: 0->0
[2024-03-05T02:16:03.283+0000][7][gc,metaspace] GC(317) Metaspace: 128854K(132352K)->128854K(132352K) NonClass: 112002K(113856K)->112002K(113856K) Class: 16851K(18496K)->16851K(18496K)
[2024-03-05T02:16:03.283+0000][7][gc          ] GC(317) Pause Young (Normal) (G1 Evacuation Pause) 709M->101M(1024M) 2.373ms
[2024-03-05T02:16:03.283+0000][7][gc,cpu      ] GC(317) User=0.01s Sys=0.00s Real=0.00s
[2024-03-05T02:16:03.283+0000][7][safepoint   ] Safepoint "G1CollectForAllocation", Time since last: 64984451937 ns, Reaching safepoint: 68743 ns, At safepoint: 2443206 ns, Total: 2511949 ns
[2024-03-05T02:18:51.409+0000][7][gc,start    ] GC(318) Pause Young (Normal) (G1 Evacuation Pause)
[2024-03-05T02:18:51.409+0000][7][gc,task     ] GC(318) Using 8 workers of 8 for evacuation
[2024-03-05T02:18:51.409+0000][7][gc,age      ] GC(318) Desired survivor size 41943040 bytes, new threshold 15 (max threshold 15)
[2024-03-05T02:18:51.411+0000][7][gc,phases   ] GC(318)   Pre Evacuate Collection Set: 0.1ms
[2024-03-05T02:18:51.411+0000][7][gc,phases   ] GC(318)   Merge Heap Roots: 0.1ms
[2024-03-05T02:18:51.411+0000][7][gc,phases   ] GC(318)   Evacuate Collection Set: 1.1ms
[2024-03-05T02:18:51.411+0000][7][gc,phases   ] GC(318)   Post Evacuate Collection Set: 0.5ms
[2024-03-05T02:18:51.411+0000][7][gc,phases   ] GC(318)   Other: 0.1ms
[2024-03-05T02:18:51.411+0000][7][gc,age      ] GC(318) Age table with threshold 15 (max threshold 15)
[2024-03-05T02:18:51.411+0000][7][gc,age      ] GC(318) - age   1:    2224304 bytes,    2224304 total
[2024-03-05T02:18:51.411+0000][7][gc,age      ] GC(318) - age   2:      11648 bytes,    2235952 total
[2024-03-05T02:18:51.411+0000][7][gc,age      ] GC(318) - age   3:       1656 bytes,    2237608 total
[2024-03-05T02:18:51.411+0000][7][gc,age      ] GC(318) - age   5:       8200 bytes,    2245808 total
[2024-03-05T02:18:51.411+0000][7][gc,age      ] GC(318) - age   6:        904 bytes,    2246712 total
[2024-03-05T02:18:51.411+0000][7][gc,age      ] GC(318) - age   8:        208 bytes,    2246920 total
[2024-03-05T02:18:51.411+0000][7][gc,age      ] GC(318) - age  11:     132152 bytes,    2379072 total
[2024-03-05T02:18:51.411+0000][7][gc,age      ] GC(318) - age  12:       8016 bytes,    2387088 total
[2024-03-05T02:18:51.411+0000][7][gc,age      ] GC(318) - age  14:        112 bytes,    2387200 total
[2024-03-05T02:18:51.411+0000][7][gc,age      ] GC(318) - age  15:         16 bytes,    2387216 total
[2024-03-05T02:18:51.411+0000][7][gc,heap     ] GC(318) Eden regions: 152->0(152)
[2024-03-05T02:18:51.411+0000][7][gc,heap     ] GC(318) Survivor regions: 1->1(20)
[2024-03-05T02:18:51.411+0000][7][gc,heap     ] GC(318) Old regions: 24->24
[2024-03-05T02:18:51.411+0000][7][gc,heap     ] GC(318) Archive regions: 2->2
[2024-03-05T02:18:51.411+0000][7][gc,heap     ] GC(318) Humongous regions: 0->0
[2024-03-05T02:18:51.411+0000][7][gc,metaspace] GC(318) Metaspace: 128854K(132352K)->128854K(132352K) NonClass: 112002K(113856K)->112002K(113856K) Class: 16851K(18496K)->16851K(18496K)
[2024-03-05T02:18:51.411+0000][7][gc          ] GC(318) Pause Young (Normal) (G1 Evacuation Pause) 709M->102M(1024M) 1.977ms
[2024-03-05T02:18:51.411+0000][7][gc,cpu      ] GC(318) User=0.01s Sys=0.00s Real=0.00s
[2024-03-05T02:18:51.411+0000][7][safepoint   ] Safepoint "G1CollectForAllocation", Time since last: 168125454456 ns, Reaching safepoint: 111871 ns, At safepoint: 2058121 ns, Total: 2169992 ns
[2024-03-05T02:21:51.369+0000][7][gc,start    ] GC(319) Pause Young (Normal) (G1 Evacuation Pause)
[2024-03-05T02:21:51.369+0000][7][gc,task     ] GC(319) Using 8 workers of 8 for evacuation
[2024-03-05T02:21:51.369+0000][7][gc,age      ] GC(319) Desired survivor size 41943040 bytes, new threshold 15 (max threshold 15)
[2024-03-05T02:21:51.372+0000][7][gc,phases   ] GC(319)   Pre Evacuate Collection Set: 0.1ms
[2024-03-05T02:21:51.372+0000][7][gc,phases   ] GC(319)   Merge Heap Roots: 0.1ms
[2024-03-05T02:21:51.372+0000][7][gc,phases   ] GC(319)   Evacuate Collection Set: 1.1ms
[2024-03-05T02:21:51.372+0000][7][gc,phases   ] GC(319)   Post Evacuate Collection Set: 0.9ms
[2024-03-05T02:21:51.372+0000][7][gc,phases   ] GC(319)   Other: 0.1ms
[2024-03-05T02:21:51.372+0000][7][gc,age      ] GC(319) Age table with threshold 15 (max threshold 15)
[2024-03-05T02:21:51.372+0000][7][gc,age      ] GC(319) - age   1:     871384 bytes,     871384 total
[2024-03-05T02:21:51.372+0000][7][gc,age      ] GC(319) - age   2:       6792 bytes,     878176 total
[2024-03-05T02:21:51.372+0000][7][gc,age      ] GC(319) - age   3:        128 bytes,     878304 total
[2024-03-05T02:21:51.372+0000][7][gc,age      ] GC(319) - age   4:        608 bytes,     878912 total
[2024-03-05T02:21:51.372+0000][7][gc,age      ] GC(319) - age   6:       8200 bytes,     887112 total
[2024-03-05T02:21:51.372+0000][7][gc,age      ] GC(319) - age   7:        872 bytes,     887984 total
[2024-03-05T02:21:51.372+0000][7][gc,age      ] GC(319) - age   9:         24 bytes,     888008 total
[2024-03-05T02:21:51.372+0000][7][gc,age      ] GC(319) - age  12:     132152 bytes,    1020160 total
[2024-03-05T02:21:51.372+0000][7][gc,age      ] GC(319) - age  13:       8016 bytes,    1028176 total
[2024-03-05T02:21:51.372+0000][7][gc,age      ] GC(319) - age  15:        112 bytes,    1028288 total
[2024-03-05T02:21:51.372+0000][7][gc,heap     ] GC(319) Eden regions: 152->0(152)
[2024-03-05T02:21:51.372+0000][7][gc,heap     ] GC(319) Survivor regions: 1->1(20)
[2024-03-05T02:21:51.372+0000][7][gc,heap     ] GC(319) Old regions: 24->24
[2024-03-05T02:21:51.372+0000][7][gc,heap     ] GC(319) Archive regions: 2->2
[2024-03-05T02:21:51.372+0000][7][gc,heap     ] GC(319) Humongous regions: 0->0
[2024-03-05T02:21:51.372+0000][7][gc,metaspace] GC(319) Metaspace: 128855K(132352K)->128855K(132352K) NonClass: 112004K(113856K)->112004K(113856K) Class: 16851K(18496K)->16851K(18496K)
[2024-03-05T02:21:51.372+0000][7][gc          ] GC(319) Pause Young (Normal) (G1 Evacuation Pause) 710M->100M(1024M) 2.587ms
[2024-03-05T02:21:51.372+0000][7][gc,cpu      ] GC(319) User=0.01s Sys=0.00s Real=0.00s
[2024-03-05T02:21:51.372+0000][7][safepoint   ] Safepoint "G1CollectForAllocation", Time since last: 179957955440 ns, Reaching safepoint: 170541 ns, At safepoint: 2685096 ns, Total: 2855637 ns
[2024-03-05T02:24:52.373+0000][7][gc,start    ] GC(320) Pause Young (Normal) (G1 Evacuation Pause)
[2024-03-05T02:24:52.373+0000][7][gc,task     ] GC(320) Using 8 workers of 8 for evacuation
[2024-03-05T02:24:52.373+0000][7][gc,age      ] GC(320) Desired survivor size 41943040 bytes, new threshold 15 (max threshold 15)
[2024-03-05T02:24:52.375+0000][7][gc,phases   ] GC(320)   Pre Evacuate Collection Set: 0.2ms
[2024-03-05T02:24:52.375+0000][7][gc,phases   ] GC(320)   Merge Heap Roots: 0.1ms
[2024-03-05T02:24:52.375+0000][7][gc,phases   ] GC(320)   Evacuate Collection Set: 1.2ms
[2024-03-05T02:24:52.375+0000][7][gc,phases   ] GC(320)   Post Evacuate Collection Set: 0.8ms
[2024-03-05T02:24:52.376+0000][7][gc,phases   ] GC(320)   Other: 0.1ms
[2024-03-05T02:24:52.376+0000][7][gc,age      ] GC(320) Age table with threshold 15 (max threshold 15)
[2024-03-05T02:24:52.376+0000][7][gc,age      ] GC(320) - age   1:     762264 bytes,     762264 total
[2024-03-05T02:24:52.376+0000][7][gc,age      ] GC(320) - age   2:       2120 bytes,     764384 total
[2024-03-05T02:24:52.376+0000][7][gc,age      ] GC(320) - age   3:       4192 bytes,     768576 total
[2024-03-05T02:24:52.376+0000][7][gc,age      ] GC(320) - age   4:         64 bytes,     768640 total
[2024-03-05T02:24:52.376+0000][7][gc,age      ] GC(320) - age   5:        608 bytes,     769248 total
[2024-03-05T02:24:52.376+0000][7][gc,age      ] GC(320) - age   7:       8200 bytes,     777448 total
[2024-03-05T02:24:52.376+0000][7][gc,age      ] GC(320) - age   8:        872 bytes,     778320 total
[2024-03-05T02:24:52.376+0000][7][gc,age      ] GC(320) - age  10:         24 bytes,     778344 total
[2024-03-05T02:24:52.376+0000][7][gc,age      ] GC(320) - age  13:     132152 bytes,     910496 total
[2024-03-05T02:24:52.376+0000][7][gc,age      ] GC(320) - age  14:       8016 bytes,     918512 total
[2024-03-05T02:24:52.376+0000][7][gc,heap     ] GC(320) Eden regions: 152->0(152)
[2024-03-05T02:24:52.376+0000][7][gc,heap     ] GC(320) Survivor regions: 1->1(20)
[2024-03-05T02:24:52.376+0000][7][gc,heap     ] GC(320) Old regions: 24->24
[2024-03-05T02:24:52.376+0000][7][gc,heap     ] GC(320) Archive regions: 2->2
[2024-03-05T02:24:52.376+0000][7][gc,heap     ] GC(320) Humongous regions: 0->0
[2024-03-05T02:24:52.376+0000][7][gc,metaspace] GC(320) Metaspace: 128855K(132352K)->128855K(132352K) NonClass: 112004K(113856K)->112004K(113856K) Class: 16851K(18496K)->16851K(18496K)
[2024-03-05T02:24:52.376+0000][7][gc          ] GC(320) Pause Young (Normal) (G1 Evacuation Pause) 708M->100M(1024M) 2.661ms
[2024-03-05T02:24:52.376+0000][7][gc,cpu      ] GC(320) User=0.01s Sys=0.00s Real=0.00s
[2024-03-05T02:24:52.376+0000][7][safepoint   ] Safepoint "G1CollectForAllocation", Time since last: 181000950254 ns, Reaching safepoint: 86485 ns, At safepoint: 2754304 ns, Total: 2840789 ns
[2024-03-05T02:27:57.326+0000][7][gc,start    ] GC(321) Pause Young (Normal) (G1 Evacuation Pause)
[2024-03-05T02:27:57.326+0000][7][gc,task     ] GC(321) Using 8 workers of 8 for evacuation
[2024-03-05T02:27:57.326+0000][7][gc,age      ] GC(321) Desired survivor size 41943040 bytes, new threshold 15 (max threshold 15)
[2024-03-05T02:27:57.328+0000][7][gc,phases   ] GC(321)   Pre Evacuate Collection Set: 0.1ms
[2024-03-05T02:27:57.328+0000][7][gc,phases   ] GC(321)   Merge Heap Roots: 0.1ms
[2024-03-05T02:27:57.328+0000][7][gc,phases   ] GC(321)   Evacuate Collection Set: 1.8ms
[2024-03-05T02:27:57.328+0000][7][gc,phases   ] GC(321)   Post Evacuate Collection Set: 0.5ms
[2024-03-05T02:27:57.328+0000][7][gc,phases   ] GC(321)   Other: 0.1ms
[2024-03-05T02:27:57.328+0000][7][gc,age      ] GC(321) Age table with threshold 15 (max threshold 15)
[2024-03-05T02:27:57.328+0000][7][gc,age      ] GC(321) - age   1:    1182896 bytes,    1182896 total
[2024-03-05T02:27:57.328+0000][7][gc,age      ] GC(321) - age   2:      13296 bytes,    1196192 total
[2024-03-05T02:27:57.328+0000][7][gc,age      ] GC(321) - age   3:        976 bytes,    1197168 total
[2024-03-05T02:27:57.328+0000][7][gc,age      ] GC(321) - age   4:        648 bytes,    1197816 total
[2024-03-05T02:27:57.328+0000][7][gc,age      ] GC(321) - age   5:         64 bytes,    1197880 total
[2024-03-05T02:27:57.328+0000][7][gc,age      ] GC(321) - age   6:        216 bytes,    1198096 total
[2024-03-05T02:27:57.328+0000][7][gc,age      ] GC(321) - age   8:       8016 bytes,    1206112 total
[2024-03-05T02:27:57.328+0000][7][gc,age      ] GC(321) - age   9:        872 bytes,    1206984 total
[2024-03-05T02:27:57.328+0000][7][gc,age      ] GC(321) - age  11:         24 bytes,    1207008 total
[2024-03-05T02:27:57.328+0000][7][gc,age      ] GC(321) - age  14:     132152 bytes,    1339160 total
[2024-03-05T02:27:57.328+0000][7][gc,age      ] GC(321) - age  15:       8016 bytes,    1347176 total
[2024-03-05T02:27:57.328+0000][7][gc,heap     ] GC(321) Eden regions: 152->0(152)
[2024-03-05T02:27:57.328+0000][7][gc,heap     ] GC(321) Survivor regions: 1->1(20)
[2024-03-05T02:27:57.328+0000][7][gc,heap     ] GC(321) Old regions: 24->24
[2024-03-05T02:27:57.328+0000][7][gc,heap     ] GC(321) Archive regions: 2->2
[2024-03-05T02:27:57.328+0000][7][gc,heap     ] GC(321) Humongous regions: 0->0
[2024-03-05T02:27:57.328+0000][7][gc,metaspace] GC(321) Metaspace: 128855K(132352K)->128855K(132352K) NonClass: 112004K(113856K)->112004K(113856K) Class: 16851K(18496K)->16851K(18496K)
[2024-03-05T02:27:57.328+0000][7][gc          ] GC(321) Pause Young (Normal) (G1 Evacuation Pause) 708M->101M(1024M) 2.788ms
[2024-03-05T02:27:57.328+0000][7][gc,cpu      ] GC(321) User=0.00s Sys=0.00s Real=0.00s
[2024-03-05T02:27:57.328+0000][7][safepoint   ] Safepoint "G1CollectForAllocation", Time since last: 184949845692 ns, Reaching safepoint: 42830 ns, At safepoint: 2855361 ns, Total: 2898191 ns
[2024-03-05T02:28:58.335+0000][7][safepoint   ] Safepoint "Cleanup", Time since last: 61006864802 ns, Reaching safepoint: 97371 ns, At safepoint: 11667 ns, Total: 109038 ns
[2024-03-05T02:29:21.342+0000][7][safepoint   ] Safepoint "Cleanup", Time since last: 23006265813 ns, Reaching safepoint: 120652 ns, At safepoint: 11774 ns, Total: 132426 ns
[2024-03-05T02:29:22.342+0000][7][safepoint   ] Safepoint "Cleanup", Time since last: 1000266705 ns, Reaching safepoint: 134505 ns, At safepoint: 8543 ns, Total: 143048 ns
[2024-03-05T02:29:46.346+0000][7][safepoint   ] Safepoint "Cleanup", Time since last: 24003461540 ns, Reaching safepoint: 102835 ns, At safepoint: 43823 ns, Total: 146658 ns
[2024-03-05T02:31:04.365+0000][7][safepoint   ] Safepoint "Cleanup", Time since last: 78018583198 ns, Reaching safepoint: 100547 ns, At safepoint: 46102 ns, Total: 146649 ns
[2024-03-05T02:31:18.322+0000][7][gc,start    ] GC(322) Pause Young (Normal) (G1 Evacuation Pause)
[2024-03-05T02:31:18.323+0000][7][gc,task     ] GC(322) Using 8 workers of 8 for evacuation
[2024-03-05T02:31:18.323+0000][7][gc,age      ] GC(322) Desired survivor size 41943040 bytes, new threshold 15 (max threshold 15)
[2024-03-05T02:31:18.325+0000][7][gc,phases   ] GC(322)   Pre Evacuate Collection Set: 0.1ms
[2024-03-05T02:31:18.325+0000][7][gc,phases   ] GC(322)   Merge Heap Roots: 0.0ms
[2024-03-05T02:31:18.325+0000][7][gc,phases   ] GC(322)   Evacuate Collection Set: 1.2ms
[2024-03-05T02:31:18.325+0000][7][gc,phases   ] GC(322)   Post Evacuate Collection Set: 0.6ms
[2024-03-05T02:31:18.325+0000][7][gc,phases   ] GC(322)   Other: 0.1ms
[2024-03-05T02:31:18.325+0000][7][gc,age      ] GC(322) Age table with threshold 15 (max threshold 15)
[2024-03-05T02:31:18.325+0000][7][gc,age      ] GC(322) - age   1:    1396512 bytes,    1396512 total
[2024-03-05T02:31:18.325+0000][7][gc,age      ] GC(322) - age   2:       5920 bytes,    1402432 total
[2024-03-05T02:31:18.325+0000][7][gc,age      ] GC(322) - age   3:       3784 bytes,    1406216 total
[2024-03-05T02:31:18.325+0000][7][gc,age      ] GC(322) - age   4:        792 bytes,    1407008 total
[2024-03-05T02:31:18.325+0000][7][gc,age      ] GC(322) - age   5:        584 bytes,    1407592 total
[2024-03-05T02:31:18.325+0000][7][gc,age      ] GC(322) - age   6:         64 bytes,    1407656 total
[2024-03-05T02:31:18.325+0000][7][gc,age      ] GC(322) - age   7:        216 bytes,    1407872 total
[2024-03-05T02:31:18.325+0000][7][gc,age      ] GC(322) - age   9:       8016 bytes,    1415888 total
[2024-03-05T02:31:18.325+0000][7][gc,age      ] GC(322) - age  10:        872 bytes,    1416760 total
[2024-03-05T02:31:18.325+0000][7][gc,age      ] GC(322) - age  12:         24 bytes,    1416784 total
[2024-03-05T02:31:18.325+0000][7][gc,age      ] GC(322) - age  15:     132152 bytes,    1548936 total
[2024-03-05T02:31:18.325+0000][7][gc,heap     ] GC(322) Eden regions: 152->0(152)
[2024-03-05T02:31:18.325+0000][7][gc,heap     ] GC(322) Survivor regions: 1->1(20)
[2024-03-05T02:31:18.325+0000][7][gc,heap     ] GC(322) Old regions: 24->24
[2024-03-05T02:31:18.325+0000][7][gc,heap     ] GC(322) Archive regions: 2->2
[2024-03-05T02:31:18.325+0000][7][gc,heap     ] GC(322) Humongous regions: 0->0
[2024-03-05T02:31:18.325+0000][7][gc,metaspace] GC(322) Metaspace: 128855K(132352K)->128855K(132352K) NonClass: 112004K(113856K)->112004K(113856K) Class: 16851K(18496K)->16851K(18496K)
[2024-03-05T02:31:18.325+0000][7][gc          ] GC(322) Pause Young (Normal) (G1 Evacuation Pause) 709M->101M(1024M) 2.284ms
[2024-03-05T02:31:18.325+0000][7][gc,cpu      ] GC(322) User=0.01s Sys=0.00s Real=0.01s
[2024-03-05T02:31:18.325+0000][7][safepoint   ] Safepoint "G1CollectForAllocation", Time since last: 13957825890 ns, Reaching safepoint: 44445 ns, At safepoint: 2364197 ns, Total: 2408642 ns
[2024-03-05T02:32:37.333+0000][7][safepoint   ] Safepoint "Cleanup", Time since last: 79008247079 ns, Reaching safepoint: 103514 ns, At safepoint: 16975 ns, Total: 120489 ns
[2024-03-05T02:33:07.336+0000][7][safepoint   ] Safepoint "Cleanup", Time since last: 30002881980 ns, Reaching safepoint: 71901 ns, At safepoint: 6635 ns, Total: 78536 ns
[2024-03-05T02:34:28.343+0000][7][safepoint   ] Safepoint "Cleanup", Time since last: 81007234058 ns, Reaching safepoint: 77192 ns, At safepoint: 6395 ns, Total: 83587 ns
[2024-03-05T02:34:48.401+0000][7][gc,start    ] GC(323) Pause Young (Normal) (G1 Evacuation Pause)
[2024-03-05T02:34:48.402+0000][7][gc,task     ] GC(323) Using 8 workers of 8 for evacuation
[2024-03-05T02:34:48.402+0000][7][gc,age      ] GC(323) Desired survivor size 41943040 bytes, new threshold 15 (max threshold 15)
[2024-03-05T02:34:48.405+0000][7][gc,phases   ] GC(323)   Pre Evacuate Collection Set: 0.1ms
[2024-03-05T02:34:48.405+0000][7][gc,phases   ] GC(323)   Merge Heap Roots: 0.1ms
[2024-03-05T02:34:48.405+0000][7][gc,phases   ] GC(323)   Evacuate Collection Set: 2.3ms
[2024-03-05T02:34:48.405+0000][7][gc,phases   ] GC(323)   Post Evacuate Collection Set: 1.1ms
[2024-03-05T02:34:48.405+0000][7][gc,phases   ] GC(323)   Other: 0.1ms
[2024-03-05T02:34:48.405+0000][7][gc,age      ] GC(323) Age table with threshold 15 (max threshold 15)
[2024-03-05T02:34:48.405+0000][7][gc,age      ] GC(323) - age   1:    2029448 bytes,    2029448 total
[2024-03-05T02:34:48.405+0000][7][gc,age      ] GC(323) - age   2:     304744 bytes,    2334192 total
[2024-03-05T02:34:48.405+0000][7][gc,age      ] GC(323) - age   3:       4448 bytes,    2338640 total
[2024-03-05T02:34:48.405+0000][7][gc,age      ] GC(323) - age   4:       3624 bytes,    2342264 total
[2024-03-05T02:34:48.405+0000][7][gc,age      ] GC(323) - age   5:         48 bytes,    2342312 total
[2024-03-05T02:34:48.405+0000][7][gc,age      ] GC(323) - age   6:        584 bytes,    2342896 total
[2024-03-05T02:34:48.405+0000][7][gc,age      ] GC(323) - age   7:         64 bytes,    2342960 total
[2024-03-05T02:34:48.405+0000][7][gc,age      ] GC(323) - age   8:        184 bytes,    2343144 total
[2024-03-05T02:34:48.405+0000][7][gc,age      ] GC(323) - age  10:       8016 bytes,    2351160 total
[2024-03-05T02:34:48.405+0000][7][gc,age      ] GC(323) - age  11:        872 bytes,    2352032 total
[2024-03-05T02:34:48.405+0000][7][gc,age      ] GC(323) - age  13:         24 bytes,    2352056 total
[2024-03-05T02:34:48.405+0000][7][gc,heap     ] GC(323) Eden regions: 152->0(152)
[2024-03-05T02:34:48.405+0000][7][gc,heap     ] GC(323) Survivor regions: 1->1(20)
[2024-03-05T02:34:48.405+0000][7][gc,heap     ] GC(323) Old regions: 24->25
[2024-03-05T02:34:48.405+0000][7][gc,heap     ] GC(323) Archive regions: 2->2
[2024-03-05T02:34:48.406+0000][7][gc,heap     ] GC(323) Humongous regions: 0->0
[2024-03-05T02:34:48.406+0000][7][gc,metaspace] GC(323) Metaspace: 128856K(132352K)->128856K(132352K) NonClass: 112004K(113856K)->112004K(113856K) Class: 16851K(18496K)->16851K(18496K)
[2024-03-05T02:34:48.406+0000][7][gc          ] GC(323) Pause Young (Normal) (G1 Evacuation Pause) 709M->102M(1024M) 4.080ms
[2024-03-05T02:34:48.406+0000][7][gc,cpu      ] GC(323) User=0.01s Sys=0.01s Real=0.01s
[2024-03-05T02:34:48.406+0000][7][safepoint   ] Safepoint "G1CollectForAllocation", Time since last: 20057861737 ns, Reaching safepoint: 123963 ns, At safepoint: 4193623 ns, Total: 4317586 ns
[2024-03-05T02:35:25.409+0000][7][safepoint   ] Safepoint "Cleanup", Time since last: 37003509097 ns, Reaching safepoint: 124678 ns, At safepoint: 36137 ns, Total: 160815 ns
[2024-03-05T02:35:58.413+0000][7][safepoint   ] Safepoint "Cleanup", Time since last: 33002945936 ns, Reaching safepoint: 224503 ns, At safepoint: 54777 ns, Total: 279280 ns
[2024-03-05T02:37:48.396+0000][7][gc,start    ] GC(324) Pause Young (Normal) (G1 Evacuation Pause)
[2024-03-05T02:37:48.396+0000][7][gc,task     ] GC(324) Using 8 workers of 8 for evacuation
[2024-03-05T02:37:48.396+0000][7][gc,age      ] GC(324) Desired survivor size 41943040 bytes, new threshold 15 (max threshold 15)
[2024-03-05T02:37:48.398+0000][7][gc,phases   ] GC(324)   Pre Evacuate Collection Set: 0.1ms
[2024-03-05T02:37:48.398+0000][7][gc,phases   ] GC(324)   Merge Heap Roots: 0.1ms
[2024-03-05T02:37:48.398+0000][7][gc,phases   ] GC(324)   Evacuate Collection Set: 1.0ms
[2024-03-05T02:37:48.398+0000][7][gc,phases   ] GC(324)   Post Evacuate Collection Set: 0.7ms
[2024-03-05T02:37:48.398+0000][7][gc,phases   ] GC(324)   Other: 0.1ms
[2024-03-05T02:37:48.398+0000][7][gc,age      ] GC(324) Age table with threshold 15 (max threshold 15)
[2024-03-05T02:37:48.398+0000][7][gc,age      ] GC(324) - age   1:     407944 bytes,     407944 total
[2024-03-05T02:37:48.398+0000][7][gc,age      ] GC(324) - age   2:     196488 bytes,     604432 total
[2024-03-05T02:37:48.398+0000][7][gc,age      ] GC(324) - age   3:     303472 bytes,     907904 total
[2024-03-05T02:37:48.398+0000][7][gc,age      ] GC(324) - age   4:        784 bytes,     908688 total
[2024-03-05T02:37:48.398+0000][7][gc,age      ] GC(324) - age   5:       3624 bytes,     912312 total
[2024-03-05T02:37:48.398+0000][7][gc,age      ] GC(324) - age   6:         48 bytes,     912360 total
[2024-03-05T02:37:48.398+0000][7][gc,age      ] GC(324) - age   7:        584 bytes,     912944 total
[2024-03-05T02:37:48.398+0000][7][gc,age      ] GC(324) - age   8:         64 bytes,     913008 total
[2024-03-05T02:37:48.398+0000][7][gc,age      ] GC(324) - age   9:        184 bytes,     913192 total
[2024-03-05T02:37:48.398+0000][7][gc,age      ] GC(324) - age  11:       8016 bytes,     921208 total
[2024-03-05T02:37:48.398+0000][7][gc,age      ] GC(324) - age  12:        872 bytes,     922080 total
[2024-03-05T02:37:48.398+0000][7][gc,age      ] GC(324) - age  14:         24 bytes,     922104 total
[2024-03-05T02:37:48.398+0000][7][gc,heap     ] GC(324) Eden regions: 152->0(152)
[2024-03-05T02:37:48.398+0000][7][gc,heap     ] GC(324) Survivor regions: 1->1(20)
[2024-03-05T02:37:48.398+0000][7][gc,heap     ] GC(324) Old regions: 25->25
[2024-03-05T02:37:48.398+0000][7][gc,heap     ] GC(324) Archive regions: 2->2
[2024-03-05T02:37:48.398+0000][7][gc,heap     ] GC(324) Humongous regions: 0->0
[2024-03-05T02:37:48.398+0000][7][gc,metaspace] GC(324) Metaspace: 128856K(132352K)->128856K(132352K) NonClass: 112004K(113856K)->112004K(113856K) Class: 16851K(18496K)->16851K(18496K)
[2024-03-05T02:37:48.398+0000][7][gc          ] GC(324) Pause Young (Normal) (G1 Evacuation Pause) 710M->101M(1024M) 2.184ms
[2024-03-05T02:37:48.398+0000][7][gc,cpu      ] GC(324) User=0.01s Sys=0.00s Real=0.01s
[2024-03-05T02:37:48.398+0000][7][safepoint   ] Safepoint "G1CollectForAllocation", Time since last: 109983423153 ns, Reaching safepoint: 55349 ns, At safepoint: 2270368 ns, Total: 2325717 ns
[2024-03-05T02:40:45.361+0000][7][gc,start    ] GC(325) Pause Young (Normal) (G1 Evacuation Pause)
[2024-03-05T02:40:45.361+0000][7][gc,task     ] GC(325) Using 8 workers of 8 for evacuation
[2024-03-05T02:40:45.361+0000][7][gc,age      ] GC(325) Desired survivor size 41943040 bytes, new threshold 15 (max threshold 15)
[2024-03-05T02:40:45.365+0000][7][gc,phases   ] GC(325)   Pre Evacuate Collection Set: 0.2ms
[2024-03-05T02:40:45.365+0000][7][gc,phases   ] GC(325)   Merge Heap Roots: 0.1ms
[2024-03-05T02:40:45.365+0000][7][gc,phases   ] GC(325)   Evacuate Collection Set: 2.7ms
[2024-03-05T02:40:45.365+0000][7][gc,phases   ] GC(325)   Post Evacuate Collection Set: 0.9ms
[2024-03-05T02:40:45.365+0000][7][gc,phases   ] GC(325)   Other: 0.1ms
[2024-03-05T02:40:45.365+0000][7][gc,age      ] GC(325) Age table with threshold 15 (max threshold 15)
[2024-03-05T02:40:45.365+0000][7][gc,age      ] GC(325) - age   1:     693144 bytes,     693144 total
[2024-03-05T02:40:45.365+0000][7][gc,age      ] GC(325) - age   2:      45168 bytes,     738312 total
[2024-03-05T02:40:45.365+0000][7][gc,age      ] GC(325) - age   3:     194280 bytes,     932592 total
[2024-03-05T02:40:45.365+0000][7][gc,age      ] GC(325) - age   4:     303112 bytes,    1235704 total
[2024-03-05T02:40:45.365+0000][7][gc,age      ] GC(325) - age   5:        784 bytes,    1236488 total
[2024-03-05T02:40:45.365+0000][7][gc,age      ] GC(325) - age   6:       3624 bytes,    1240112 total
[2024-03-05T02:40:45.365+0000][7][gc,age      ] GC(325) - age   7:         48 bytes,    1240160 total
[2024-03-05T02:40:45.365+0000][7][gc,age      ] GC(325) - age   8:        200 bytes,    1240360 total
[2024-03-05T02:40:45.365+0000][7][gc,age      ] GC(325) - age   9:         64 bytes,    1240424 total
[2024-03-05T02:40:45.365+0000][7][gc,age      ] GC(325) - age  10:        184 bytes,    1240608 total
[2024-03-05T02:40:45.365+0000][7][gc,age      ] GC(325) - age  12:       8016 bytes,    1248624 total
[2024-03-05T02:40:45.365+0000][7][gc,age      ] GC(325) - age  13:        872 bytes,    1249496 total
[2024-03-05T02:40:45.365+0000][7][gc,age      ] GC(325) - age  15:         24 bytes,    1249520 total
[2024-03-05T02:40:45.365+0000][7][gc,heap     ] GC(325) Eden regions: 152->0(152)
[2024-03-05T02:40:45.365+0000][7][gc,heap     ] GC(325) Survivor regions: 1->1(20)
[2024-03-05T02:40:45.365+0000][7][gc,heap     ] GC(325) Old regions: 25->25
[2024-03-05T02:40:45.365+0000][7][gc,heap     ] GC(325) Archive regions: 2->2
[2024-03-05T02:40:45.365+0000][7][gc,heap     ] GC(325) Humongous regions: 0->0
[2024-03-05T02:40:45.365+0000][7][gc,metaspace] GC(325) Metaspace: 128856K(132352K)->128856K(132352K) NonClass: 112004K(113856K)->112004K(113856K) Class: 16851K(18496K)->16851K(18496K)
[2024-03-05T02:40:45.365+0000][7][gc          ] GC(325) Pause Young (Normal) (G1 Evacuation Pause) 709M->101M(1024M) 4.388ms
[2024-03-05T02:40:45.365+0000][7][gc,cpu      ] GC(325) User=0.01s Sys=0.00s Real=0.01s
[2024-03-05T02:40:45.365+0000][7][safepoint   ] Safepoint "G1CollectForAllocation", Time since last: 176962274262 ns, Reaching safepoint: 75809 ns, At safepoint: 4570010 ns, Total: 4645819 ns
[2024-03-05T02:41:42.371+0000][7][safepoint   ] Safepoint "Cleanup", Time since last: 57005728781 ns, Reaching safepoint: 121030 ns, At safepoint: 9680 ns, Total: 130710 ns
[2024-03-05T02:43:57.675+0000][7][gc,start    ] GC(326) Pause Young (Normal) (G1 Evacuation Pause)
[2024-03-05T02:43:57.676+0000][7][gc,task     ] GC(326) Using 8 workers of 8 for evacuation
[2024-03-05T02:43:57.676+0000][7][gc,age      ] GC(326) Desired survivor size 41943040 bytes, new threshold 15 (max threshold 15)
[2024-03-05T02:43:57.678+0000][7][gc,phases   ] GC(326)   Pre Evacuate Collection Set: 0.4ms
[2024-03-05T02:43:57.678+0000][7][gc,phases   ] GC(326)   Merge Heap Roots: 0.1ms
[2024-03-05T02:43:57.678+0000][7][gc,phases   ] GC(326)   Evacuate Collection Set: 1.2ms
[2024-03-05T02:43:57.678+0000][7][gc,phases   ] GC(326)   Post Evacuate Collection Set: 0.7ms
[2024-03-05T02:43:57.678+0000][7][gc,phases   ] GC(326)   Other: 0.1ms
[2024-03-05T02:43:57.678+0000][7][gc,age      ] GC(326) Age table with threshold 15 (max threshold 15)
[2024-03-05T02:43:57.678+0000][7][gc,age      ] GC(326) - age   1:     358384 bytes,     358384 total
[2024-03-05T02:43:57.678+0000][7][gc,age      ] GC(326) - age   2:       1808 bytes,     360192 total
[2024-03-05T02:43:57.678+0000][7][gc,age      ] GC(326) - age   3:      44408 bytes,     404600 total
[2024-03-05T02:43:57.678+0000][7][gc,age      ] GC(326) - age   4:     193280 bytes,     597880 total
[2024-03-05T02:43:57.678+0000][7][gc,age      ] GC(326) - age   5:     303112 bytes,     900992 total
[2024-03-05T02:43:57.678+0000][7][gc,age      ] GC(326) - age   6:        392 bytes,     901384 total
[2024-03-05T02:43:57.678+0000][7][gc,age      ] GC(326) - age   7:       3624 bytes,     905008 total
[2024-03-05T02:43:57.678+0000][7][gc,age      ] GC(326) - age   8:         48 bytes,     905056 total
[2024-03-05T02:43:57.678+0000][7][gc,age      ] GC(326) - age   9:        200 bytes,     905256 total
[2024-03-05T02:43:57.678+0000][7][gc,age      ] GC(326) - age  10:         64 bytes,     905320 total
[2024-03-05T02:43:57.678+0000][7][gc,age      ] GC(326) - age  11:        184 bytes,     905504 total
[2024-03-05T02:43:57.678+0000][7][gc,age      ] GC(326) - age  13:       8016 bytes,     913520 total
[2024-03-05T02:43:57.678+0000][7][gc,age      ] GC(326) - age  14:        688 bytes,     914208 total
[2024-03-05T02:43:57.678+0000][7][gc,heap     ] GC(326) Eden regions: 152->0(152)
[2024-03-05T02:43:57.678+0000][7][gc,heap     ] GC(326) Survivor regions: 1->1(20)
[2024-03-05T02:43:57.678+0000][7][gc,heap     ] GC(326) Old regions: 25->25
[2024-03-05T02:43:57.678+0000][7][gc,heap     ] GC(326) Archive regions: 2->2
[2024-03-05T02:43:57.678+0000][7][gc,heap     ] GC(326) Humongous regions: 0->0
[2024-03-05T02:43:57.678+0000][7][gc,metaspace] GC(326) Metaspace: 128856K(132352K)->128856K(132352K) NonClass: 112004K(113856K)->112004K(113856K) Class: 16851K(18496K)->16851K(18496K)
[2024-03-05T02:43:57.678+0000][7][gc          ] GC(326) Pause Young (Normal) (G1 Evacuation Pause) 709M->101M(1024M) 2.862ms
[2024-03-05T02:43:57.678+0000][7][gc,cpu      ] GC(326) User=0.01s Sys=0.00s Real=0.01s
[2024-03-05T02:43:57.678+0000][7][safepoint   ] Safepoint "G1CollectForAllocation", Time since last: 135304312595 ns, Reaching safepoint: 67355 ns, At safepoint: 2965839 ns, Total: 3033194 ns
[2024-03-05T02:47:46.091+0000][7][gc,start    ] GC(327) Pause Young (Normal) (G1 Evacuation Pause)
[2024-03-05T02:47:46.091+0000][7][gc,task     ] GC(327) Using 8 workers of 8 for evacuation
[2024-03-05T02:47:46.091+0000][7][gc,age      ] GC(327) Desired survivor size 41943040 bytes, new threshold 15 (max threshold 15)
[2024-03-05T02:47:46.094+0000][7][gc,phases   ] GC(327)   Pre Evacuate Collection Set: 0.1ms
[2024-03-05T02:47:46.094+0000][7][gc,phases   ] GC(327)   Merge Heap Roots: 0.1ms
[2024-03-05T02:47:46.094+0000][7][gc,phases   ] GC(327)   Evacuate Collection Set: 1.9ms
[2024-03-05T02:47:46.094+0000][7][gc,phases   ] GC(327)   Post Evacuate Collection Set: 0.8ms
[2024-03-05T02:47:46.094+0000][7][gc,phases   ] GC(327)   Other: 0.1ms
[2024-03-05T02:47:46.094+0000][7][gc,age      ] GC(327) Age table with threshold 15 (max threshold 15)
[2024-03-05T02:47:46.094+0000][7][gc,age      ] GC(327) - age   1:    1530328 bytes,    1530328 total
[2024-03-05T02:47:46.094+0000][7][gc,age      ] GC(327) - age   2:      11728 bytes,    1542056 total
[2024-03-05T02:47:46.094+0000][7][gc,age      ] GC(327) - age   3:        400 bytes,    1542456 total
[2024-03-05T02:47:46.094+0000][7][gc,age      ] GC(327) - age   4:      40768 bytes,    1583224 total
[2024-03-05T02:47:46.094+0000][7][gc,age      ] GC(327) - age   5:     193192 bytes,    1776416 total
[2024-03-05T02:47:46.094+0000][7][gc,age      ] GC(327) - age   6:     303112 bytes,    2079528 total
[2024-03-05T02:47:46.094+0000][7][gc,age      ] GC(327) - age   7:        392 bytes,    2079920 total
[2024-03-05T02:47:46.094+0000][7][gc,age      ] GC(327) - age   8:       3624 bytes,    2083544 total
[2024-03-05T02:47:46.095+0000][7][gc,age      ] GC(327) - age   9:         48 bytes,    2083592 total
[2024-03-05T02:47:46.095+0000][7][gc,age      ] GC(327) - age  10:        200 bytes,    2083792 total
[2024-03-05T02:47:46.095+0000][7][gc,age      ] GC(327) - age  11:         64 bytes,    2083856 total
[2024-03-05T02:47:46.095+0000][7][gc,age      ] GC(327) - age  12:        184 bytes,    2084040 total
[2024-03-05T02:47:46.095+0000][7][gc,age      ] GC(327) - age  14:       8016 bytes,    2092056 total
[2024-03-05T02:47:46.095+0000][7][gc,age      ] GC(327) - age  15:        688 bytes,    2092744 total
[2024-03-05T02:47:46.095+0000][7][gc,heap     ] GC(327) Eden regions: 152->0(152)
[2024-03-05T02:47:46.095+0000][7][gc,heap     ] GC(327) Survivor regions: 1->1(20)
[2024-03-05T02:47:46.095+0000][7][gc,heap     ] GC(327) Old regions: 25->25
[2024-03-05T02:47:46.095+0000][7][gc,heap     ] GC(327) Archive regions: 2->2
[2024-03-05T02:47:46.095+0000][7][gc,heap     ] GC(327) Humongous regions: 0->0
[2024-03-05T02:47:46.095+0000][7][gc,metaspace] GC(327) Metaspace: 128856K(132352K)->128856K(132352K) NonClass: 112004K(113856K)->112004K(113856K) Class: 16851K(18496K)->16851K(18496K)
[2024-03-05T02:47:46.095+0000][7][gc          ] GC(327) Pause Young (Normal) (G1 Evacuation Pause) 709M->102M(1024M) 3.448ms
[2024-03-05T02:47:46.095+0000][7][gc,cpu      ] GC(327) User=0.02s Sys=0.00s Real=0.00s
[2024-03-05T02:47:46.095+0000][7][safepoint   ] Safepoint "G1CollectForAllocation", Time since last: 228412624652 ns, Reaching safepoint: 100686 ns, At safepoint: 3552302 ns, Total: 3652988 ns
[2024-03-06T21:22:52.121+0000][7][safepoint   ] Safepoint "Cleanup", Time since last: 165105948000 ns, Reaching safepoint: 56978 ns, At safepoint: 26119 ns, Total: 83097 ns
[2024-03-06T21:22:55.121+0000][7][safepoint   ] Safepoint "Cleanup", Time since last: 3000212603 ns, Reaching safepoint: 60792 ns, At safepoint: 4895 ns, Total: 65687 ns
[2024-03-06T21:22:58.122+0000][7][safepoint   ] Safepoint "Cleanup", Time since last: 3000223405 ns, Reaching safepoint: 45594 ns, At safepoint: 3545 ns, Total: 49139 ns
[2024-03-06T21:23:22.183+0000][7][gc,start    ] GC(328) Pause Young (Normal) (G1 Evacuation Pause)
[2024-03-06T21:23:22.183+0000][7][gc,task     ] GC(328) Using 8 workers of 8 for evacuation
[2024-03-06T21:23:22.183+0000][7][gc,age      ] GC(328) Desired survivor size 41943040 bytes, new threshold 15 (max threshold 15)
[2024-03-06T21:23:22.185+0000][7][gc,phases   ] GC(328)   Pre Evacuate Collection Set: 0.1ms
[2024-03-06T21:23:22.185+0000][7][gc,phases   ] GC(328)   Merge Heap Roots: 0.1ms
[2024-03-06T21:23:22.185+0000][7][gc,phases   ] GC(328)   Evacuate Collection Set: 1.1ms
[2024-03-06T21:23:22.185+0000][7][gc,phases   ] GC(328)   Post Evacuate Collection Set: 0.6ms
[2024-03-06T21:23:22.185+0000][7][gc,phases   ] GC(328)   Other: 0.1ms
[2024-03-06T21:23:22.185+0000][7][gc,age      ] GC(328) Age table with threshold 15 (max threshold 15)
[2024-03-06T21:23:22.185+0000][7][gc,age      ] GC(328) - age   1:    1149256 bytes,    1149256 total
[2024-03-06T21:23:22.185+0000][7][gc,age      ] GC(328) - age   2:       5808 bytes,    1155064 total
[2024-03-06T21:23:22.185+0000][7][gc,age      ] GC(328) - age   3:       1320 bytes,    1156384 total
[2024-03-06T21:23:22.185+0000][7][gc,age      ] GC(328) - age   4:        384 bytes,    1156768 total
[2024-03-06T21:23:22.185+0000][7][gc,age      ] GC(328) - age   5:         64 bytes,    1156832 total
[2024-03-06T21:23:22.185+0000][7][gc,age      ] GC(328) - age   6:      34704 bytes,    1191536 total
[2024-03-06T21:23:22.185+0000][7][gc,age      ] GC(328) - age   7:     253320 bytes,    1444856 total
[2024-03-06T21:23:22.185+0000][7][gc,age      ] GC(328) - age   8:        208 bytes,    1445064 total
[2024-03-06T21:23:22.185+0000][7][gc,age      ] GC(328) - age   9:       3624 bytes,    1448688 total
[2024-03-06T21:23:22.185+0000][7][gc,age      ] GC(328) - age  10:         48 bytes,    1448736 total
[2024-03-06T21:23:22.185+0000][7][gc,age      ] GC(328) - age  11:        200 bytes,    1448936 total
[2024-03-06T21:23:22.185+0000][7][gc,age      ] GC(328) - age  12:         64 bytes,    1449000 total
[2024-03-06T21:23:22.185+0000][7][gc,age      ] GC(328) - age  13:        184 bytes,    1449184 total
[2024-03-06T21:23:22.185+0000][7][gc,age      ] GC(328) - age  15:       8016 bytes,    1457200 total
[2024-03-06T21:23:22.185+0000][7][gc,heap     ] GC(328) Eden regions: 152->0(152)
[2024-03-06T21:23:22.185+0000][7][gc,heap     ] GC(328) Survivor regions: 1->1(20)
[2024-03-06T21:23:22.185+0000][7][gc,heap     ] GC(328) Old regions: 25->25
[2024-03-06T21:23:22.185+0000][7][gc,heap     ] GC(328) Archive regions: 2->2
[2024-03-06T21:23:22.185+0000][7][gc,heap     ] GC(328) Humongous regions: 0->0
[2024-03-06T21:23:22.185+0000][7][gc,metaspace] GC(328) Metaspace: 128888K(132352K)->128888K(132352K) NonClass: 112036K(113856K)->112036K(113856K) Class: 16851K(18496K)->16851K(18496K)
[2024-03-06T21:23:22.185+0000][7][gc          ] GC(328) Pause Young (Normal) (G1 Evacuation Pause) 710M->101M(1024M) 2.144ms
[2024-03-06T21:23:22.185+0000][7][gc,cpu      ] GC(328) User=0.00s Sys=0.00s Real=0.01s
[2024-03-06T21:23:22.185+0000][7][safepoint   ] Safepoint "G1CollectForAllocation", Time since last: 24061022997 ns, Reaching safepoint: 45033 ns, At safepoint: 2216363 ns, Total: 2261396 ns
[2024-03-06T21:26:57.676+0000][7][gc,start    ] GC(329) Pause Young (Normal) (G1 Evacuation Pause)
[2024-03-06T21:26:57.676+0000][7][gc,task     ] GC(329) Using 8 workers of 8 for evacuation
[2024-03-06T21:26:57.676+0000][7][gc,age      ] GC(329) Desired survivor size 41943040 bytes, new threshold 15 (max threshold 15)
[2024-03-06T21:26:57.678+0000][7][gc,phases   ] GC(329)   Pre Evacuate Collection Set: 0.2ms
[2024-03-06T21:26:57.678+0000][7][gc,phases   ] GC(329)   Merge Heap Roots: 0.1ms
[2024-03-06T21:26:57.678+0000][7][gc,phases   ] GC(329)   Evacuate Collection Set: 1.7ms
[2024-03-06T21:26:57.678+0000][7][gc,phases   ] GC(329)   Post Evacuate Collection Set: 0.5ms
[2024-03-06T21:26:57.679+0000][7][gc,phases   ] GC(329)   Other: 0.1ms
[2024-03-06T21:26:57.679+0000][7][gc,age      ] GC(329) Age table with threshold 15 (max threshold 15)
[2024-03-06T21:26:57.679+0000][7][gc,age      ] GC(329) - age   1:     515128 bytes,     515128 total
[2024-03-06T21:26:57.679+0000][7][gc,age      ] GC(329) - age   2:     518432 bytes,    1033560 total
[2024-03-06T21:26:57.679+0000][7][gc,age      ] GC(329) - age   3:       3952 bytes,    1037512 total
[2024-03-06T21:26:57.679+0000][7][gc,age      ] GC(329) - age   4:        608 bytes,    1038120 total
[2024-03-06T21:26:57.679+0000][7][gc,age      ] GC(329) - age   5:        384 bytes,    1038504 total
[2024-03-06T21:26:57.679+0000][7][gc,age      ] GC(329) - age   6:         64 bytes,    1038568 total
[2024-03-06T21:26:57.679+0000][7][gc,age      ] GC(329) - age   7:      34480 bytes,    1073048 total
[2024-03-06T21:26:57.679+0000][7][gc,age      ] GC(329) - age   8:     253320 bytes,    1326368 total
[2024-03-06T21:26:57.679+0000][7][gc,age      ] GC(329) - age   9:        208 bytes,    1326576 total
[2024-03-06T21:26:57.679+0000][7][gc,age      ] GC(329) - age  10:       3624 bytes,    1330200 total
[2024-03-06T21:26:57.679+0000][7][gc,age      ] GC(329) - age  11:         48 bytes,    1330248 total
[2024-03-06T21:26:57.679+0000][7][gc,age      ] GC(329) - age  12:        200 bytes,    1330448 total
[2024-03-06T21:26:57.679+0000][7][gc,age      ] GC(329) - age  13:         64 bytes,    1330512 total
[2024-03-06T21:26:57.679+0000][7][gc,age      ] GC(329) - age  14:        184 bytes,    1330696 total
[2024-03-06T21:26:57.679+0000][7][gc,heap     ] GC(329) Eden regions: 152->0(152)
[2024-03-06T21:26:57.679+0000][7][gc,heap     ] GC(329) Survivor regions: 1->1(20)
[2024-03-06T21:26:57.679+0000][7][gc,heap     ] GC(329) Old regions: 25->25
[2024-03-06T21:26:57.679+0000][7][gc,heap     ] GC(329) Archive regions: 2->2
[2024-03-06T21:26:57.679+0000][7][gc,heap     ] GC(329) Humongous regions: 0->0
[2024-03-06T21:26:57.679+0000][7][gc,metaspace] GC(329) Metaspace: 128888K(132352K)->128888K(132352K) NonClass: 112036K(113856K)->112036K(113856K) Class: 16851K(18496K)->16851K(18496K)
[2024-03-06T21:26:57.679+0000][7][gc          ] GC(329) Pause Young (Normal) (G1 Evacuation Pause) 709M->101M(1024M) 2.874ms
[2024-03-06T21:26:57.679+0000][7][gc,cpu      ] GC(329) User=0.01s Sys=0.00s Real=0.01s
[2024-03-06T21:26:57.679+0000][7][safepoint   ] Safepoint "G1CollectForAllocation", Time since last: 215490693046 ns, Reaching safepoint: 64365 ns, At safepoint: 2950104 ns, Total: 3014469 ns
[2024-03-06T21:28:14.688+0000][7][safepoint   ] Safepoint "Cleanup", Time since last: 77009354708 ns, Reaching safepoint: 135529 ns, At safepoint: 12082 ns, Total: 147611 ns
[2024-03-06T21:29:51.700+0000][7][safepoint   ] Safepoint "Cleanup", Time since last: 97011736533 ns, Reaching safepoint: 61415 ns, At safepoint: 32604 ns, Total: 94019 ns
[2024-03-06T21:30:33.514+0000][7][gc,start    ] GC(330) Pause Young (Normal) (G1 Evacuation Pause)
[2024-03-06T21:30:33.514+0000][7][gc,task     ] GC(330) Using 8 workers of 8 for evacuation
[2024-03-06T21:30:33.514+0000][7][gc,age      ] GC(330) Desired survivor size 41943040 bytes, new threshold 15 (max threshold 15)
[2024-03-06T21:30:33.518+0000][7][gc,phases   ] GC(330)   Pre Evacuate Collection Set: 0.1ms
[2024-03-06T21:30:33.518+0000][7][gc,phases   ] GC(330)   Merge Heap Roots: 0.1ms
[2024-03-06T21:30:33.518+0000][7][gc,phases   ] GC(330)   Evacuate Collection Set: 2.5ms
[2024-03-06T21:30:33.518+0000][7][gc,phases   ] GC(330)   Post Evacuate Collection Set: 1.0ms
[2024-03-06T21:30:33.518+0000][7][gc,phases   ] GC(330)   Other: 0.1ms
[2024-03-06T21:30:33.518+0000][7][gc,age      ] GC(330) Age table with threshold 15 (max threshold 15)
[2024-03-06T21:30:33.518+0000][7][gc,age      ] GC(330) - age   1:    1660520 bytes,    1660520 total
[2024-03-06T21:30:33.518+0000][7][gc,age      ] GC(330) - age   2:      11696 bytes,    1672216 total
[2024-03-06T21:30:33.518+0000][7][gc,age      ] GC(330) - age   3:     421240 bytes,    2093456 total
[2024-03-06T21:30:33.518+0000][7][gc,age      ] GC(330) - age   4:        184 bytes,    2093640 total
[2024-03-06T21:30:33.518+0000][7][gc,age      ] GC(330) - age   5:        216 bytes,    2093856 total
[2024-03-06T21:30:33.518+0000][7][gc,age      ] GC(330) - age   8:        152 bytes,    2094008 total
[2024-03-06T21:30:33.518+0000][7][gc,age      ] GC(330) - age   9:     253320 bytes,    2347328 total
[2024-03-06T21:30:33.518+0000][7][gc,age      ] GC(330) - age  10:        208 bytes,    2347536 total
[2024-03-06T21:30:33.518+0000][7][gc,age      ] GC(330) - age  11:       3624 bytes,    2351160 total
[2024-03-06T21:30:33.518+0000][7][gc,age      ] GC(330) - age  12:         48 bytes,    2351208 total
[2024-03-06T21:30:33.518+0000][7][gc,age      ] GC(330) - age  13:        200 bytes,    2351408 total
[2024-03-06T21:30:33.518+0000][7][gc,age      ] GC(330) - age  14:         64 bytes,    2351472 total
[2024-03-06T21:30:33.518+0000][7][gc,age      ] GC(330) - age  15:        184 bytes,    2351656 total
[2024-03-06T21:30:33.518+0000][7][gc,heap     ] GC(330) Eden regions: 152->0(152)
[2024-03-06T21:30:33.518+0000][7][gc,heap     ] GC(330) Survivor regions: 1->1(20)
[2024-03-06T21:30:33.518+0000][7][gc,heap     ] GC(330) Old regions: 25->25
[2024-03-06T21:30:33.518+0000][7][gc,heap     ] GC(330) Archive regions: 2->2
[2024-03-06T21:30:33.518+0000][7][gc,heap     ] GC(330) Humongous regions: 0->0
[2024-03-06T21:30:33.518+0000][7][gc,metaspace] GC(330) Metaspace: 128895K(132352K)->128895K(132352K) NonClass: 112043K(113856K)->112043K(113856K) Class: 16851K(18496K)->16851K(18496K)
[2024-03-06T21:30:33.518+0000][7][gc          ] GC(330) Pause Young (Normal) (G1 Evacuation Pause) 709M->102M(1024M) 4.166ms
[2024-03-06T21:30:33.518+0000][7][gc,cpu      ] GC(330) User=0.02s Sys=0.00s Real=0.01s
[2024-03-06T21:30:33.518+0000][7][safepoint   ] Safepoint "G1CollectForAllocation", Time since last: 41813547433 ns, Reaching safepoint: 92035 ns, At safepoint: 4268139 ns, Total: 4360174 ns
[2024-03-06T21:34:15.392+0000][7][gc,start    ] GC(331) Pause Young (Normal) (G1 Evacuation Pause)
[2024-03-06T21:34:15.392+0000][7][gc,task     ] GC(331) Using 8 workers of 8 for evacuation
[2024-03-06T21:34:15.392+0000][7][gc,age      ] GC(331) Desired survivor size 41943040 bytes, new threshold 15 (max threshold 15)
[2024-03-06T21:34:15.395+0000][7][gc,phases   ] GC(331)   Pre Evacuate Collection Set: 0.1ms
[2024-03-06T21:34:15.395+0000][7][gc,phases   ] GC(331)   Merge Heap Roots: 0.1ms
[2024-03-06T21:34:15.395+0000][7][gc,phases   ] GC(331)   Evacuate Collection Set: 1.3ms
[2024-03-06T21:34:15.395+0000][7][gc,phases   ] GC(331)   Post Evacuate Collection Set: 0.8ms
[2024-03-06T21:34:15.395+0000][7][gc,phases   ] GC(331)   Other: 0.1ms
[2024-03-06T21:34:15.395+0000][7][gc,age      ] GC(331) Age table with threshold 15 (max threshold 15)
[2024-03-06T21:34:15.395+0000][7][gc,age      ] GC(331) - age   1:     868200 bytes,     868200 total
[2024-03-06T21:34:15.395+0000][7][gc,age      ] GC(331) - age   2:     230648 bytes,    1098848 total
[2024-03-06T21:34:15.395+0000][7][gc,age      ] GC(331) - age   3:       9512 bytes,    1108360 total
[2024-03-06T21:34:15.395+0000][7][gc,age      ] GC(331) - age   4:     421152 bytes,    1529512 total
[2024-03-06T21:34:15.395+0000][7][gc,age      ] GC(331) - age   5:        184 bytes,    1529696 total
[2024-03-06T21:34:15.395+0000][7][gc,age      ] GC(331) - age   6:        184 bytes,    1529880 total
[2024-03-06T21:34:15.395+0000][7][gc,age      ] GC(331) - age   9:        152 bytes,    1530032 total
[2024-03-06T21:34:15.395+0000][7][gc,age      ] GC(331) - age  10:     253320 bytes,    1783352 total
[2024-03-06T21:34:15.395+0000][7][gc,age      ] GC(331) - age  11:        208 bytes,    1783560 total
[2024-03-06T21:34:15.395+0000][7][gc,age      ] GC(331) - age  12:       3624 bytes,    1787184 total
[2024-03-06T21:34:15.395+0000][7][gc,age      ] GC(331) - age  13:         48 bytes,    1787232 total
[2024-03-06T21:34:15.395+0000][7][gc,age      ] GC(331) - age  14:        200 bytes,    1787432 total
[2024-03-06T21:34:15.395+0000][7][gc,age      ] GC(331) - age  15:         64 bytes,    1787496 total
[2024-03-06T21:34:15.395+0000][7][gc,heap     ] GC(331) Eden regions: 152->0(152)
[2024-03-06T21:34:15.395+0000][7][gc,heap     ] GC(331) Survivor regions: 1->1(20)
[2024-03-06T21:34:15.395+0000][7][gc,heap     ] GC(331) Old regions: 25->25
[2024-03-06T21:34:15.395+0000][7][gc,heap     ] GC(331) Archive regions: 2->2
[2024-03-06T21:34:15.395+0000][7][gc,heap     ] GC(331) Humongous regions: 0->0
[2024-03-06T21:34:15.395+0000][7][gc,metaspace] GC(331) Metaspace: 128895K(132352K)->128895K(132352K) NonClass: 112043K(113856K)->112043K(113856K) Class: 16851K(18496K)->16851K(18496K)
[2024-03-06T21:34:15.395+0000][7][gc          ] GC(331) Pause Young (Normal) (G1 Evacuation Pause) 710M->101M(1024M) 2.749ms
[2024-03-06T21:34:15.395+0000][7][gc,cpu      ] GC(331) User=0.02s Sys=0.00s Real=0.00s
[2024-03-06T21:34:15.395+0000][7][safepoint   ] Safepoint "G1CollectForAllocation", Time since last: 221874244173 ns, Reaching safepoint: 102596 ns, At safepoint: 2847058 ns, Total: 2949654 ns
[2024-03-06T21:37:51.418+0000][7][gc,start    ] GC(332) Pause Young (Normal) (G1 Evacuation Pause)
[2024-03-06T21:37:51.418+0000][7][gc,task     ] GC(332) Using 8 workers of 8 for evacuation
[2024-03-06T21:37:51.418+0000][7][gc,age      ] GC(332) Desired survivor size 41943040 bytes, new threshold 15 (max threshold 15)
[2024-03-06T21:37:51.421+0000][7][gc,phases   ] GC(332)   Pre Evacuate Collection Set: 0.1ms
[2024-03-06T21:37:51.421+0000][7][gc,phases   ] GC(332)   Merge Heap Roots: 0.1ms
[2024-03-06T21:37:51.421+0000][7][gc,phases   ] GC(332)   Evacuate Collection Set: 1.7ms
[2024-03-06T21:37:51.421+0000][7][gc,phases   ] GC(332)   Post Evacuate Collection Set: 0.7ms
[2024-03-06T21:37:51.421+0000][7][gc,phases   ] GC(332)   Other: 0.1ms
[2024-03-06T21:37:51.421+0000][7][gc,age      ] GC(332) Age table with threshold 15 (max threshold 15)
[2024-03-06T21:37:51.421+0000][7][gc,age      ] GC(332) - age   1:    1605328 bytes,    1605328 total
[2024-03-06T21:37:51.421+0000][7][gc,age      ] GC(332) - age   2:      11832 bytes,    1617160 total
[2024-03-06T21:37:51.421+0000][7][gc,age      ] GC(332) - age   3:     229104 bytes,    1846264 total
[2024-03-06T21:37:51.421+0000][7][gc,age      ] GC(332) - age   4:       9512 bytes,    1855776 total
[2024-03-06T21:37:51.421+0000][7][gc,age      ] GC(332) - age   5:     421152 bytes,    2276928 total
[2024-03-06T21:37:51.421+0000][7][gc,age      ] GC(332) - age   6:        184 bytes,    2277112 total
[2024-03-06T21:37:51.421+0000][7][gc,age      ] GC(332) - age  10:        152 bytes,    2277264 total
[2024-03-06T21:37:51.421+0000][7][gc,age      ] GC(332) - age  11:     253320 bytes,    2530584 total
[2024-03-06T21:37:51.421+0000][7][gc,age      ] GC(332) - age  12:        208 bytes,    2530792 total
[2024-03-06T21:37:51.421+0000][7][gc,age      ] GC(332) - age  13:       3624 bytes,    2534416 total
[2024-03-06T21:37:51.421+0000][7][gc,age      ] GC(332) - age  14:         48 bytes,    2534464 total
[2024-03-06T21:37:51.421+0000][7][gc,age      ] GC(332) - age  15:        200 bytes,    2534664 total
[2024-03-06T21:37:51.421+0000][7][gc,heap     ] GC(332) Eden regions: 152->0(152)
[2024-03-06T21:37:51.421+0000][7][gc,heap     ] GC(332) Survivor regions: 1->1(20)
[2024-03-06T21:37:51.421+0000][7][gc,heap     ] GC(332) Old regions: 25->25
[2024-03-06T21:37:51.421+0000][7][gc,heap     ] GC(332) Archive regions: 2->2
[2024-03-06T21:37:51.421+0000][7][gc,heap     ] GC(332) Humongous regions: 0->0
[2024-03-06T21:37:51.421+0000][7][gc,metaspace] GC(332) Metaspace: 128895K(132352K)->128895K(132352K) NonClass: 112043K(113856K)->112043K(113856K) Class: 16851K(18496K)->16851K(18496K)
[2024-03-06T21:37:51.421+0000][7][gc          ] GC(332) Pause Young (Normal) (G1 Evacuation Pause) 709M->102M(1024M) 2.918ms
[2024-03-06T21:37:51.421+0000][7][gc,cpu      ] GC(332) User=0.01s Sys=0.00s Real=0.00s
[2024-03-06T21:37:51.421+0000][7][safepoint   ] Safepoint "G1CollectForAllocation", Time since last: 216023239295 ns, Reaching safepoint: 53573 ns, At safepoint: 2997705 ns, Total: 3051278 ns
[2024-03-06T21:41:27.388+0000][7][gc,start    ] GC(333) Pause Young (Normal) (G1 Evacuation Pause)
[2024-03-06T21:41:27.388+0000][7][gc,task     ] GC(333) Using 8 workers of 8 for evacuation
[2024-03-06T21:41:27.388+0000][7][gc,age      ] GC(333) Desired survivor size 41943040 bytes, new threshold 15 (max threshold 15)
[2024-03-06T21:41:27.391+0000][7][gc,phases   ] GC(333)   Pre Evacuate Collection Set: 0.1ms
[2024-03-06T21:41:27.391+0000][7][gc,phases   ] GC(333)   Merge Heap Roots: 0.1ms
[2024-03-06T21:41:27.391+0000][7][gc,phases   ] GC(333)   Evacuate Collection Set: 1.8ms
[2024-03-06T21:41:27.391+0000][7][gc,phases   ] GC(333)   Post Evacuate Collection Set: 0.8ms
[2024-03-06T21:41:27.391+0000][7][gc,phases   ] GC(333)   Other: 0.1ms
[2024-03-06T21:41:27.391+0000][7][gc,age      ] GC(333) Age table with threshold 15 (max threshold 15)
[2024-03-06T21:41:27.391+0000][7][gc,age      ] GC(333) - age   1:    1640544 bytes,    1640544 total
[2024-03-06T21:41:27.391+0000][7][gc,age      ] GC(333) - age   2:       3424 bytes,    1643968 total
[2024-03-06T21:41:27.391+0000][7][gc,age      ] GC(333) - age   3:      10720 bytes,    1654688 total
[2024-03-06T21:41:27.391+0000][7][gc,age      ] GC(333) - age   4:     225144 bytes,    1879832 total
[2024-03-06T21:41:27.391+0000][7][gc,age      ] GC(333) - age   5:       9512 bytes,    1889344 total
[2024-03-06T21:41:27.391+0000][7][gc,age      ] GC(333) - age   6:     339816 bytes,    2229160 total
[2024-03-06T21:41:27.391+0000][7][gc,age      ] GC(333) - age   7:        184 bytes,    2229344 total
[2024-03-06T21:41:27.391+0000][7][gc,age      ] GC(333) - age  11:        152 bytes,    2229496 total
[2024-03-06T21:41:27.391+0000][7][gc,age      ] GC(333) - age  12:     253320 bytes,    2482816 total
[2024-03-06T21:41:27.391+0000][7][gc,age      ] GC(333) - age  13:        208 bytes,    2483024 total
[2024-03-06T21:41:27.391+0000][7][gc,age      ] GC(333) - age  14:       3624 bytes,    2486648 total
[2024-03-06T21:41:27.391+0000][7][gc,age      ] GC(333) - age  15:         48 bytes,    2486696 total
[2024-03-06T21:41:27.391+0000][7][gc,heap     ] GC(333) Eden regions: 152->0(152)
[2024-03-06T21:41:27.391+0000][7][gc,heap     ] GC(333) Survivor regions: 1->1(20)
[2024-03-06T21:41:27.391+0000][7][gc,heap     ] GC(333) Old regions: 25->25
[2024-03-06T21:41:27.391+0000][7][gc,heap     ] GC(333) Archive regions: 2->2
[2024-03-06T21:41:27.391+0000][7][gc,heap     ] GC(333) Humongous regions: 0->0
[2024-03-06T21:41:27.391+0000][7][gc,metaspace] GC(333) Metaspace: 128895K(132352K)->128895K(132352K) NonClass: 112043K(113856K)->112043K(113856K) Class: 16851K(18496K)->16851K(18496K)
[2024-03-06T21:41:27.391+0000][7][gc          ] GC(333) Pause Young (Normal) (G1 Evacuation Pause) 710M->102M(1024M) 3.139ms
[2024-03-06T21:41:27.391+0000][7][gc,cpu      ] GC(333) User=0.02s Sys=0.00s Real=0.00s
[2024-03-06T21:41:27.391+0000][7][safepoint   ] Safepoint "G1CollectForAllocation", Time since last: 215966681624 ns, Reaching safepoint: 75155 ns, At safepoint: 3224146 ns, Total: 3299301 ns
[2024-03-06T21:44:57.510+0000][7][gc,start    ] GC(334) Pause Young (Normal) (G1 Evacuation Pause)
[2024-03-06T21:44:57.510+0000][7][gc,task     ] GC(334) Using 8 workers of 8 for evacuation
[2024-03-06T21:44:57.510+0000][7][gc,age      ] GC(334) Desired survivor size 41943040 bytes, new threshold 15 (max threshold 15)
[2024-03-06T21:44:57.513+0000][7][gc,phases   ] GC(334)   Pre Evacuate Collection Set: 0.2ms
[2024-03-06T21:44:57.513+0000][7][gc,phases   ] GC(334)   Merge Heap Roots: 0.1ms
[2024-03-06T21:44:57.513+0000][7][gc,phases   ] GC(334)   Evacuate Collection Set: 1.6ms
[2024-03-06T21:44:57.513+0000][7][gc,phases   ] GC(334)   Post Evacuate Collection Set: 1.1ms
[2024-03-06T21:44:57.513+0000][7][gc,phases   ] GC(334)   Other: 0.1ms
[2024-03-06T21:44:57.513+0000][7][gc,age      ] GC(334) Age table with threshold 15 (max threshold 15)
[2024-03-06T21:44:57.513+0000][7][gc,age      ] GC(334) - age   1:     722512 bytes,     722512 total
[2024-03-06T21:44:57.513+0000][7][gc,age      ] GC(334) - age   2:      16184 bytes,     738696 total
[2024-03-06T21:44:57.513+0000][7][gc,age      ] GC(334) - age   3:        632 bytes,     739328 total
[2024-03-06T21:44:57.513+0000][7][gc,age      ] GC(334) - age   4:       9944 bytes,     749272 total
[2024-03-06T21:44:57.513+0000][7][gc,age      ] GC(334) - age   5:     224568 bytes,     973840 total
[2024-03-06T21:44:57.513+0000][7][gc,age      ] GC(334) - age   6:       9480 bytes,     983320 total
[2024-03-06T21:44:57.513+0000][7][gc,age      ] GC(334) - age   7:     339816 bytes,    1323136 total
[2024-03-06T21:44:57.513+0000][7][gc,age      ] GC(334) - age   8:        184 bytes,    1323320 total
[2024-03-06T21:44:57.513+0000][7][gc,age      ] GC(334) - age  12:        152 bytes,    1323472 total
[2024-03-06T21:44:57.513+0000][7][gc,age      ] GC(334) - age  13:     253320 bytes,    1576792 total
[2024-03-06T21:44:57.513+0000][7][gc,age      ] GC(334) - age  14:        208 bytes,    1577000 total
[2024-03-06T21:44:57.513+0000][7][gc,age      ] GC(334) - age  15:       3624 bytes,    1580624 total
[2024-03-06T21:44:57.513+0000][7][gc,heap     ] GC(334) Eden regions: 152->0(152)
[2024-03-06T21:44:57.513+0000][7][gc,heap     ] GC(334) Survivor regions: 1->1(20)
[2024-03-06T21:44:57.513+0000][7][gc,heap     ] GC(334) Old regions: 25->25
[2024-03-06T21:44:57.513+0000][7][gc,heap     ] GC(334) Archive regions: 2->2
[2024-03-06T21:44:57.513+0000][7][gc,heap     ] GC(334) Humongous regions: 0->0
[2024-03-06T21:44:57.513+0000][7][gc,metaspace] GC(334) Metaspace: 128895K(132352K)->128895K(132352K) NonClass: 112043K(113856K)->112043K(113856K) Class: 16851K(18496K)->16851K(18496K)
[2024-03-06T21:44:57.513+0000][7][gc          ] GC(334) Pause Young (Normal) (G1 Evacuation Pause) 710M->101M(1024M) 3.406ms
[2024-03-06T21:44:57.513+0000][7][gc,cpu      ] GC(334) User=0.02s Sys=0.00s Real=0.00s
[2024-03-06T21:44:57.513+0000][7][safepoint   ] Safepoint "G1CollectForAllocation", Time since last: 210118515859 ns, Reaching safepoint: 42176 ns, At safepoint: 3510942 ns, Total: 3553118 ns
[2024-03-06T21:48:33.505+0000][7][gc,start    ] GC(335) Pause Young (Normal) (G1 Evacuation Pause)
[2024-03-06T21:48:33.505+0000][7][gc,task     ] GC(335) Using 8 workers of 8 for evacuation
[2024-03-06T21:48:33.505+0000][7][gc,age      ] GC(335) Desired survivor size 41943040 bytes, new threshold 15 (max threshold 15)
[2024-03-06T21:48:33.507+0000][7][gc,phases   ] GC(335)   Pre Evacuate Collection Set: 0.1ms
[2024-03-06T21:48:33.507+0000][7][gc,phases   ] GC(335)   Merge Heap Roots: 0.1ms
[2024-03-06T21:48:33.507+0000][7][gc,phases   ] GC(335)   Evacuate Collection Set: 1.4ms
[2024-03-06T21:48:33.507+0000][7][gc,phases   ] GC(335)   Post Evacuate Collection Set: 0.7ms
[2024-03-06T21:48:33.507+0000][7][gc,phases   ] GC(335)   Other: 0.1ms
[2024-03-06T21:48:33.507+0000][7][gc,age      ] GC(335) Age table with threshold 15 (max threshold 15)
[2024-03-06T21:48:33.507+0000][7][gc,age      ] GC(335) - age   1:    1294952 bytes,    1294952 total
[2024-03-06T21:48:33.507+0000][7][gc,age      ] GC(335) - age   2:       4872 bytes,    1299824 total
[2024-03-06T21:48:33.507+0000][7][gc,age      ] GC(335) - age   3:      13664 bytes,    1313488 total
[2024-03-06T21:48:33.508+0000][7][gc,age      ] GC(335) - age   4:        312 bytes,    1313800 total
[2024-03-06T21:48:33.508+0000][7][gc,age      ] GC(335) - age   5:       9944 bytes,    1323744 total
[2024-03-06T21:48:33.508+0000][7][gc,age      ] GC(335) - age   6:     224184 bytes,    1547928 total
[2024-03-06T21:48:33.508+0000][7][gc,age      ] GC(335) - age   7:       9480 bytes,    1557408 total
[2024-03-06T21:48:33.508+0000][7][gc,age      ] GC(335) - age   8:     339760 bytes,    1897168 total
[2024-03-06T21:48:33.508+0000][7][gc,age      ] GC(335) - age   9:        184 bytes,    1897352 total
[2024-03-06T21:48:33.508+0000][7][gc,age      ] GC(335) - age  13:        152 bytes,    1897504 total
[2024-03-06T21:48:33.508+0000][7][gc,age      ] GC(335) - age  14:     253320 bytes,    2150824 total
[2024-03-06T21:48:33.508+0000][7][gc,age      ] GC(335) - age  15:        208 bytes,    2151032 total
[2024-03-06T21:48:33.508+0000][7][gc,heap     ] GC(335) Eden regions: 152->0(152)
[2024-03-06T21:48:33.508+0000][7][gc,heap     ] GC(335) Survivor regions: 1->1(20)
[2024-03-06T21:48:33.508+0000][7][gc,heap     ] GC(335) Old regions: 25->25
[2024-03-06T21:48:33.508+0000][7][gc,heap     ] GC(335) Archive regions: 2->2
[2024-03-06T21:48:33.508+0000][7][gc,heap     ] GC(335) Humongous regions: 0->0
[2024-03-06T21:48:33.508+0000][7][gc,metaspace] GC(335) Metaspace: 128895K(132352K)->128895K(132352K) NonClass: 112043K(113856K)->112043K(113856K) Class: 16851K(18496K)->16851K(18496K)
[2024-03-06T21:48:33.508+0000][7][gc          ] GC(335) Pause Young (Normal) (G1 Evacuation Pause) 709M->102M(1024M) 2.496ms
[2024-03-06T21:48:33.508+0000][7][gc,cpu      ] GC(335) User=0.01s Sys=0.00s Real=0.00s
[2024-03-06T21:48:33.508+0000][7][safepoint   ] Safepoint "G1CollectForAllocation", Time since last: 215991617395 ns, Reaching safepoint: 37690 ns, At safepoint: 2572421 ns, Total: 2610111 ns
[2024-03-06T21:52:15.445+0000][7][gc,start    ] GC(336) Pause Young (Normal) (G1 Evacuation Pause)
[2024-03-06T21:52:15.445+0000][7][gc,task     ] GC(336) Using 8 workers of 8 for evacuation
[2024-03-06T21:52:15.445+0000][7][gc,age      ] GC(336) Desired survivor size 41943040 bytes, new threshold 15 (max threshold 15)
[2024-03-06T21:52:15.448+0000][7][gc,phases   ] GC(336)   Pre Evacuate Collection Set: 0.1ms
[2024-03-06T21:52:15.448+0000][7][gc,phases   ] GC(336)   Merge Heap Roots: 0.1ms
[2024-03-06T21:52:15.448+0000][7][gc,phases   ] GC(336)   Evacuate Collection Set: 1.6ms
[2024-03-06T21:52:15.448+0000][7][gc,phases   ] GC(336)   Post Evacuate Collection Set: 0.7ms
[2024-03-06T21:52:15.448+0000][7][gc,phases   ] GC(336)   Other: 0.1ms
[2024-03-06T21:52:15.448+0000][7][gc,age      ] GC(336) Age table with threshold 15 (max threshold 15)
[2024-03-06T21:52:15.448+0000][7][gc,age      ] GC(336) - age   1:    1177624 bytes,    1177624 total
[2024-03-06T21:52:15.448+0000][7][gc,age      ] GC(336) - age   2:       4352 bytes,    1181976 total
[2024-03-06T21:52:15.448+0000][7][gc,age      ] GC(336) - age   3:       2992 bytes,    1184968 total
[2024-03-06T21:52:15.448+0000][7][gc,age      ] GC(336) - age   4:      10112 bytes,    1195080 total
[2024-03-06T21:52:15.448+0000][7][gc,age      ] GC(336) - age   5:         64 bytes,    1195144 total
[2024-03-06T21:52:15.448+0000][7][gc,age      ] GC(336) - age   6:       9912 bytes,    1205056 total
[2024-03-06T21:52:15.448+0000][7][gc,age      ] GC(336) - age   7:     224184 bytes,    1429240 total
[2024-03-06T21:52:15.448+0000][7][gc,age      ] GC(336) - age   8:       9480 bytes,    1438720 total
[2024-03-06T21:52:15.448+0000][7][gc,age      ] GC(336) - age   9:     339576 bytes,    1778296 total
[2024-03-06T21:52:15.448+0000][7][gc,age      ] GC(336) - age  10:        184 bytes,    1778480 total
[2024-03-06T21:52:15.448+0000][7][gc,age      ] GC(336) - age  14:        152 bytes,    1778632 total
[2024-03-06T21:52:15.448+0000][7][gc,age      ] GC(336) - age  15:     253320 bytes,    2031952 total
[2024-03-06T21:52:15.448+0000][7][gc,heap     ] GC(336) Eden regions: 152->0(152)
[2024-03-06T21:52:15.448+0000][7][gc,heap     ] GC(336) Survivor regions: 1->1(20)
[2024-03-06T21:52:15.448+0000][7][gc,heap     ] GC(336) Old regions: 25->25
[2024-03-06T21:52:15.448+0000][7][gc,heap     ] GC(336) Archive regions: 2->2
[2024-03-06T21:52:15.448+0000][7][gc,heap     ] GC(336) Humongous regions: 0->0
[2024-03-06T21:52:15.448+0000][7][gc,metaspace] GC(336) Metaspace: 128895K(132352K)->128895K(132352K) NonClass: 112043K(113856K)->112043K(113856K) Class: 16851K(18496K)->16851K(18496K)
[2024-03-06T21:52:15.448+0000][7][gc          ] GC(336) Pause Young (Normal) (G1 Evacuation Pause) 710M->102M(1024M) 2.824ms
[2024-03-06T21:52:15.448+0000][7][gc,cpu      ] GC(336) User=0.01s Sys=0.00s Real=0.00s
[2024-03-06T21:52:15.448+0000][7][safepoint   ] Safepoint "G1CollectForAllocation", Time since last: 221937309243 ns, Reaching safepoint: 60958 ns, At safepoint: 2914922 ns, Total: 2975880 ns
[2024-03-06T21:55:45.645+0000][7][gc,start    ] GC(337) Pause Young (Normal) (G1 Evacuation Pause)
[2024-03-06T21:55:45.645+0000][7][gc,task     ] GC(337) Using 8 workers of 8 for evacuation
[2024-03-06T21:55:45.645+0000][7][gc,age      ] GC(337) Desired survivor size 41943040 bytes, new threshold 15 (max threshold 15)
[2024-03-06T21:55:45.648+0000][7][gc,phases   ] GC(337)   Pre Evacuate Collection Set: 0.1ms
[2024-03-06T21:55:45.648+0000][7][gc,phases   ] GC(337)   Merge Heap Roots: 0.1ms
[2024-03-06T21:55:45.648+0000][7][gc,phases   ] GC(337)   Evacuate Collection Set: 1.6ms
[2024-03-06T21:55:45.648+0000][7][gc,phases   ] GC(337)   Post Evacuate Collection Set: 1.0ms
[2024-03-06T21:55:45.648+0000][7][gc,phases   ] GC(337)   Other: 0.1ms
[2024-03-06T21:55:45.648+0000][7][gc,age      ] GC(337) Age table with threshold 15 (max threshold 15)
[2024-03-06T21:55:45.648+0000][7][gc,age      ] GC(337) - age   1:     886584 bytes,     886584 total
[2024-03-06T21:55:45.648+0000][7][gc,age      ] GC(337) - age   2:       6240 bytes,     892824 total
[2024-03-06T21:55:45.648+0000][7][gc,age      ] GC(337) - age   3:        992 bytes,     893816 total
[2024-03-06T21:55:45.648+0000][7][gc,age      ] GC(337) - age   4:       2776 bytes,     896592 total
[2024-03-06T21:55:45.648+0000][7][gc,age      ] GC(337) - age   5:      10056 bytes,     906648 total
[2024-03-06T21:55:45.648+0000][7][gc,age      ] GC(337) - age   7:       9912 bytes,     916560 total
[2024-03-06T21:55:45.648+0000][7][gc,age      ] GC(337) - age   8:     224184 bytes,    1140744 total
[2024-03-06T21:55:45.648+0000][7][gc,age      ] GC(337) - age   9:       9480 bytes,    1150224 total
[2024-03-06T21:55:45.648+0000][7][gc,age      ] GC(337) - age  10:     339576 bytes,    1489800 total
[2024-03-06T21:55:45.648+0000][7][gc,age      ] GC(337) - age  15:        152 bytes,    1489952 total
[2024-03-06T21:55:45.648+0000][7][gc,heap     ] GC(337) Eden regions: 152->0(152)
[2024-03-06T21:55:45.648+0000][7][gc,heap     ] GC(337) Survivor regions: 1->1(20)
[2024-03-06T21:55:45.648+0000][7][gc,heap     ] GC(337) Old regions: 25->25
[2024-03-06T21:55:45.648+0000][7][gc,heap     ] GC(337) Archive regions: 2->2
[2024-03-06T21:55:45.648+0000][7][gc,heap     ] GC(337) Humongous regions: 0->0
[2024-03-06T21:55:45.648+0000][7][gc,metaspace] GC(337) Metaspace: 128895K(132352K)->128895K(132352K) NonClass: 112043K(113856K)->112043K(113856K) Class: 16851K(18496K)->16851K(18496K)
[2024-03-06T21:55:45.648+0000][7][gc          ] GC(337) Pause Young (Normal) (G1 Evacuation Pause) 710M->101M(1024M) 3.219ms
[2024-03-06T21:55:45.648+0000][7][gc,cpu      ] GC(337) User=0.02s Sys=0.01s Real=0.00s
[2024-03-06T21:55:45.648+0000][7][safepoint   ] Safepoint "G1CollectForAllocation", Time since last: 210196851993 ns, Reaching safepoint: 103563 ns, At safepoint: 3324680 ns, Total: 3428243 ns
[2024-03-06T21:58:54.722+0000][7][gc,start    ] GC(338) Pause Young (Normal) (G1 Evacuation Pause)
[2024-03-06T21:58:54.722+0000][7][gc,task     ] GC(338) Using 8 workers of 8 for evacuation
[2024-03-06T21:58:54.722+0000][7][gc,age      ] GC(338) Desired survivor size 41943040 bytes, new threshold 15 (max threshold 15)
[2024-03-06T21:58:54.726+0000][7][gc,phases   ] GC(338)   Pre Evacuate Collection Set: 0.2ms
[2024-03-06T21:58:54.726+0000][7][gc,phases   ] GC(338)   Merge Heap Roots: 0.1ms
[2024-03-06T21:58:54.726+0000][7][gc,phases   ] GC(338)   Evacuate Collection Set: 1.7ms
[2024-03-06T21:58:54.726+0000][7][gc,phases   ] GC(338)   Post Evacuate Collection Set: 1.1ms
[2024-03-06T21:58:54.726+0000][7][gc,phases   ] GC(338)   Other: 0.1ms
[2024-03-06T21:58:54.726+0000][7][gc,age      ] GC(338) Age table with threshold 15 (max threshold 15)
[2024-03-06T21:58:54.726+0000][7][gc,age      ] GC(338) - age   1:     856856 bytes,     856856 total
[2024-03-06T21:58:54.726+0000][7][gc,age      ] GC(338) - age   2:       2512 bytes,     859368 total
[2024-03-06T21:58:54.726+0000][7][gc,age      ] GC(338) - age   3:       4544 bytes,     863912 total
[2024-03-06T21:58:54.726+0000][7][gc,age      ] GC(338) - age   4:        928 bytes,     864840 total
[2024-03-06T21:58:54.726+0000][7][gc,age      ] GC(338) - age   5:       2776 bytes,     867616 total
[2024-03-06T21:58:54.726+0000][7][gc,age      ] GC(338) - age   6:      10056 bytes,     877672 total
[2024-03-06T21:58:54.726+0000][7][gc,age      ] GC(338) - age   8:       9912 bytes,     887584 total
[2024-03-06T21:58:54.726+0000][7][gc,age      ] GC(338) - age   9:     224184 bytes,    1111768 total
[2024-03-06T21:58:54.726+0000][7][gc,age      ] GC(338) - age  10:       9480 bytes,    1121248 total
[2024-03-06T21:58:54.726+0000][7][gc,age      ] GC(338) - age  11:     339576 bytes,    1460824 total
[2024-03-06T21:58:54.726+0000][7][gc,heap     ] GC(338) Eden regions: 152->0(152)
[2024-03-06T21:58:54.726+0000][7][gc,heap     ] GC(338) Survivor regions: 1->1(20)
[2024-03-06T21:58:54.726+0000][7][gc,heap     ] GC(338) Old regions: 25->25
[2024-03-06T21:58:54.726+0000][7][gc,heap     ] GC(338) Archive regions: 2->2
[2024-03-06T21:58:54.726+0000][7][gc,heap     ] GC(338) Humongous regions: 0->0
[2024-03-06T21:58:54.726+0000][7][gc,metaspace] GC(338) Metaspace: 128895K(132352K)->128895K(132352K) NonClass: 112043K(113856K)->112043K(113856K) Class: 16851K(18496K)->16851K(18496K)
[2024-03-06T21:58:54.726+0000][7][gc          ] GC(338) Pause Young (Normal) (G1 Evacuation Pause) 709M->101M(1024M) 3.541ms
[2024-03-06T21:58:54.726+0000][7][gc,cpu      ] GC(338) User=0.01s Sys=0.00s Real=0.01s
[2024-03-06T21:58:54.726+0000][7][safepoint   ] Safepoint "G1CollectForAllocation", Time since last: 188125270411 ns, Reaching safepoint: 45680 ns, At safepoint: 3651051 ns, Total: 3696731 ns
[2024-03-06T22:00:26.741+0000][7][safepoint   ] Safepoint "Cleanup", Time since last: 92014868934 ns, Reaching safepoint: 103965 ns, At safepoint: 46454 ns, Total: 150419 ns
[2024-03-06T22:01:11.748+0000][7][safepoint   ] Safepoint "Cleanup", Time since last: 45006990345 ns, Reaching safepoint: 75887 ns, At safepoint: 8819 ns, Total: 84706 ns
[2024-03-06T22:01:28.750+0000][7][safepoint   ] Safepoint "Cleanup", Time since last: 17002216775 ns, Reaching safepoint: 123629 ns, At safepoint: 17532 ns, Total: 141161 ns
[2024-03-06T22:01:29.751+0000][7][safepoint   ] Safepoint "Cleanup", Time since last: 1000154761 ns, Reaching safepoint: 74446 ns, At safepoint: 8975 ns, Total: 83421 ns
[2024-03-06T22:02:10.659+0000][7][gc,start    ] GC(339) Pause Young (Normal) (G1 Evacuation Pause)
[2024-03-06T22:02:10.659+0000][7][gc,task     ] GC(339) Using 8 workers of 8 for evacuation
[2024-03-06T22:02:10.659+0000][7][gc,age      ] GC(339) Desired survivor size 41943040 bytes, new threshold 15 (max threshold 15)
[2024-03-06T22:02:10.662+0000][7][gc,phases   ] GC(339)   Pre Evacuate Collection Set: 0.1ms
[2024-03-06T22:02:10.662+0000][7][gc,phases   ] GC(339)   Merge Heap Roots: 0.1ms
[2024-03-06T22:02:10.662+0000][7][gc,phases   ] GC(339)   Evacuate Collection Set: 1.6ms
[2024-03-06T22:02:10.662+0000][7][gc,phases   ] GC(339)   Post Evacuate Collection Set: 0.9ms
[2024-03-06T22:02:10.662+0000][7][gc,phases   ] GC(339)   Other: 0.1ms
[2024-03-06T22:02:10.662+0000][7][gc,age      ] GC(339) Age table with threshold 15 (max threshold 15)
[2024-03-06T22:02:10.662+0000][7][gc,age      ] GC(339) - age   1:    1105672 bytes,    1105672 total
[2024-03-06T22:02:10.662+0000][7][gc,age      ] GC(339) - age   2:       1360 bytes,    1107032 total
[2024-03-06T22:02:10.662+0000][7][gc,age      ] GC(339) - age   3:        632 bytes,    1107664 total
[2024-03-06T22:02:10.662+0000][7][gc,age      ] GC(339) - age   4:        216 bytes,    1107880 total
[2024-03-06T22:02:10.662+0000][7][gc,age      ] GC(339) - age   5:        928 bytes,    1108808 total
[2024-03-06T22:02:10.662+0000][7][gc,age      ] GC(339) - age   6:       2384 bytes,    1111192 total
[2024-03-06T22:02:10.662+0000][7][gc,age      ] GC(339) - age   7:        160 bytes,    1111352 total
[2024-03-06T22:02:10.662+0000][7][gc,age      ] GC(339) - age  10:      34696 bytes,    1146048 total
[2024-03-06T22:02:10.662+0000][7][gc,age      ] GC(339) - age  11:       9480 bytes,    1155528 total
[2024-03-06T22:02:10.662+0000][7][gc,age      ] GC(339) - age  12:     267840 bytes,    1423368 total
[2024-03-06T22:02:10.662+0000][7][gc,heap     ] GC(339) Eden regions: 152->0(152)
[2024-03-06T22:02:10.662+0000][7][gc,heap     ] GC(339) Survivor regions: 1->1(20)
[2024-03-06T22:02:10.662+0000][7][gc,heap     ] GC(339) Old regions: 25->25
[2024-03-06T22:02:10.662+0000][7][gc,heap     ] GC(339) Archive regions: 2->2
[2024-03-06T22:02:10.662+0000][7][gc,heap     ] GC(339) Humongous regions: 0->0
[2024-03-06T22:02:10.662+0000][7][gc,metaspace] GC(339) Metaspace: 128895K(132352K)->128895K(132352K) NonClass: 112043K(113856K)->112043K(113856K) Class: 16851K(18496K)->16851K(18496K)
[2024-03-06T22:02:10.662+0000][7][gc          ] GC(339) Pause Young (Normal) (G1 Evacuation Pause) 709M->101M(1024M) 3.038ms
[2024-03-06T22:02:10.662+0000][7][gc,cpu      ] GC(339) User=0.00s Sys=0.02s Real=0.00s
[2024-03-06T22:02:10.662+0000][7][safepoint   ] Safepoint "G1CollectForAllocation", Time since last: 40908045988 ns, Reaching safepoint: 66039 ns, At safepoint: 3138416 ns, Total: 3204455 ns
[2024-03-06T22:05:41.168+0000][7][gc,start    ] GC(340) Pause Young (Normal) (G1 Evacuation Pause)
[2024-03-06T22:05:41.168+0000][7][gc,task     ] GC(340) Using 8 workers of 8 for evacuation
[2024-03-06T22:05:41.168+0000][7][gc,age      ] GC(340) Desired survivor size 41943040 bytes, new threshold 15 (max threshold 15)
[2024-03-06T22:05:41.171+0000][7][gc,phases   ] GC(340)   Pre Evacuate Collection Set: 0.1ms
[2024-03-06T22:05:41.171+0000][7][gc,phases   ] GC(340)   Merge Heap Roots: 0.1ms
[2024-03-06T22:05:41.171+0000][7][gc,phases   ] GC(340)   Evacuate Collection Set: 1.8ms
[2024-03-06T22:05:41.171+0000][7][gc,phases   ] GC(340)   Post Evacuate Collection Set: 1.0ms
[2024-03-06T22:05:41.171+0000][7][gc,phases   ] GC(340)   Other: 0.1ms
[2024-03-06T22:05:41.171+0000][7][gc,age      ] GC(340) Age table with threshold 15 (max threshold 15)
[2024-03-06T22:05:41.171+0000][7][gc,age      ] GC(340) - age   1:    1715312 bytes,    1715312 total
[2024-03-06T22:05:41.171+0000][7][gc,age      ] GC(340) - age   2:     106728 bytes,    1822040 total
[2024-03-06T22:05:41.171+0000][7][gc,age      ] GC(340) - age   3:         48 bytes,    1822088 total
[2024-03-06T22:05:41.171+0000][7][gc,age      ] GC(340) - age   4:        568 bytes,    1822656 total
[2024-03-06T22:05:41.171+0000][7][gc,age      ] GC(340) - age   5:        216 bytes,    1822872 total
[2024-03-06T22:05:41.171+0000][7][gc,age      ] GC(340) - age   6:        928 bytes,    1823800 total
[2024-03-06T22:05:41.171+0000][7][gc,age      ] GC(340) - age   7:       2384 bytes,    1826184 total
[2024-03-06T22:05:41.171+0000][7][gc,age      ] GC(340) - age   8:        160 bytes,    1826344 total
[2024-03-06T22:05:41.171+0000][7][gc,age      ] GC(340) - age  11:        728 bytes,    1827072 total
[2024-03-06T22:05:41.171+0000][7][gc,age      ] GC(340) - age  12:       9480 bytes,    1836552 total
[2024-03-06T22:05:41.171+0000][7][gc,age      ] GC(340) - age  13:     267672 bytes,    2104224 total
[2024-03-06T22:05:41.171+0000][7][gc,heap     ] GC(340) Eden regions: 152->0(152)
[2024-03-06T22:05:41.171+0000][7][gc,heap     ] GC(340) Survivor regions: 1->1(20)
[2024-03-06T22:05:41.171+0000][7][gc,heap     ] GC(340) Old regions: 25->25
[2024-03-06T22:05:41.171+0000][7][gc,heap     ] GC(340) Archive regions: 2->2
[2024-03-06T22:05:41.171+0000][7][gc,heap     ] GC(340) Humongous regions: 0->0
[2024-03-06T22:05:41.171+0000][7][gc,metaspace] GC(340) Metaspace: 128895K(132352K)->128895K(132352K) NonClass: 112044K(113856K)->112044K(113856K) Class: 16851K(18496K)->16851K(18496K)
[2024-03-06T22:05:41.171+0000][7][gc          ] GC(340) Pause Young (Normal) (G1 Evacuation Pause) 709M->102M(1024M) 3.456ms
[2024-03-06T22:05:41.171+0000][7][gc,cpu      ] GC(340) User=0.02s Sys=0.00s Real=0.00s
[2024-03-06T22:05:41.171+0000][7][safepoint   ] Safepoint "G1CollectForAllocation", Time since last: 210505794191 ns, Reaching safepoint: 68691 ns, At safepoint: 3559261 ns, Total: 3627952 ns
[2024-03-06T22:06:11.176+0000][7][safepoint   ] Safepoint "Cleanup", Time since last: 30004329272 ns, Reaching safepoint: 93656 ns, At safepoint: 49844 ns, Total: 143500 ns
[2024-03-06T22:08:17.197+0000][7][safepoint   ] Safepoint "Cleanup", Time since last: 126021387430 ns, Reaching safepoint: 88907 ns, At safepoint: 47521 ns, Total: 136428 ns
[2024-03-06T22:09:02.204+0000][7][safepoint   ] Safepoint "Cleanup", Time since last: 45006673896 ns, Reaching safepoint: 71439 ns, At safepoint: 43227 ns, Total: 114666 ns
[2024-03-06T22:09:16.481+0000][7][gc,start    ] GC(341) Pause Young (Normal) (G1 Evacuation Pause)
[2024-03-06T22:09:16.481+0000][7][gc,task     ] GC(341) Using 8 workers of 8 for evacuation
[2024-03-06T22:09:16.481+0000][7][gc,age      ] GC(341) Desired survivor size 41943040 bytes, new threshold 15 (max threshold 15)
[2024-03-06T22:09:16.483+0000][7][gc,phases   ] GC(341)   Pre Evacuate Collection Set: 0.1ms
[2024-03-06T22:09:16.483+0000][7][gc,phases   ] GC(341)   Merge Heap Roots: 0.1ms
[2024-03-06T22:09:16.483+0000][7][gc,phases   ] GC(341)   Evacuate Collection Set: 1.2ms
[2024-03-06T22:09:16.483+0000][7][gc,phases   ] GC(341)   Post Evacuate Collection Set: 0.7ms
[2024-03-06T22:09:16.483+0000][7][gc,phases   ] GC(341)   Other: 0.1ms
[2024-03-06T22:09:16.483+0000][7][gc,age      ] GC(341) Age table with threshold 15 (max threshold 15)
[2024-03-06T22:09:16.483+0000][7][gc,age      ] GC(341) - age   1:    1241864 bytes,    1241864 total
[2024-03-06T22:09:16.483+0000][7][gc,age      ] GC(341) - age   2:      73976 bytes,    1315840 total
[2024-03-06T22:09:16.483+0000][7][gc,age      ] GC(341) - age   3:     105520 bytes,    1421360 total
[2024-03-06T22:09:16.483+0000][7][gc,age      ] GC(341) - age   4:         48 bytes,    1421408 total
[2024-03-06T22:09:16.483+0000][7][gc,age      ] GC(341) - age   5:        296 bytes,    1421704 total
[2024-03-06T22:09:16.483+0000][7][gc,age      ] GC(341) - age   6:        216 bytes,    1421920 total
[2024-03-06T22:09:16.483+0000][7][gc,age      ] GC(341) - age   7:        480 bytes,    1422400 total
[2024-03-06T22:09:16.483+0000][7][gc,age      ] GC(341) - age   8:       2384 bytes,    1424784 total
[2024-03-06T22:09:16.483+0000][7][gc,age      ] GC(341) - age   9:        160 bytes,    1424944 total
[2024-03-06T22:09:16.483+0000][7][gc,age      ] GC(341) - age  12:        728 bytes,    1425672 total
[2024-03-06T22:09:16.484+0000][7][gc,age      ] GC(341) - age  13:       9480 bytes,    1435152 total
[2024-03-06T22:09:16.484+0000][7][gc,age      ] GC(341) - age  14:     267672 bytes,    1702824 total
[2024-03-06T22:09:16.484+0000][7][gc,heap     ] GC(341) Eden regions: 152->0(152)
[2024-03-06T22:09:16.484+0000][7][gc,heap     ] GC(341) Survivor regions: 1->1(20)
[2024-03-06T22:09:16.484+0000][7][gc,heap     ] GC(341) Old regions: 25->25
[2024-03-06T22:09:16.484+0000][7][gc,heap     ] GC(341) Archive regions: 2->2
[2024-03-06T22:09:16.484+0000][7][gc,heap     ] GC(341) Humongous regions: 0->0
[2024-03-06T22:09:16.484+0000][7][gc,metaspace] GC(341) Metaspace: 128895K(132352K)->128895K(132352K) NonClass: 112044K(113856K)->112044K(113856K) Class: 16851K(18496K)->16851K(18496K)
[2024-03-06T22:09:16.484+0000][7][gc          ] GC(341) Pause Young (Normal) (G1 Evacuation Pause) 710M->102M(1024M) 2.518ms
[2024-03-06T22:09:16.484+0000][7][gc,cpu      ] GC(341) User=0.02s Sys=0.00s Real=0.00s
[2024-03-06T22:09:16.484+0000][7][safepoint   ] Safepoint "G1CollectForAllocation", Time since last: 14276906286 ns, Reaching safepoint: 62959 ns, At safepoint: 2602763 ns, Total: 2665722 ns
[2024-03-06T22:11:34.504+0000][7][safepoint   ] Safepoint "Cleanup", Time since last: 138020628676 ns, Reaching safepoint: 140080 ns, At safepoint: 30576 ns, Total: 170656 ns
[2024-03-06T22:12:53.045+0000][7][gc,start    ] GC(342) Pause Young (Normal) (G1 Evacuation Pause)
[2024-03-06T22:12:53.045+0000][7][gc,task     ] GC(342) Using 8 workers of 8 for evacuation
[2024-03-06T22:12:53.045+0000][7][gc,age      ] GC(342) Desired survivor size 41943040 bytes, new threshold 15 (max threshold 15)
[2024-03-06T22:12:53.048+0000][7][gc,phases   ] GC(342)   Pre Evacuate Collection Set: 0.1ms
[2024-03-06T22:12:53.048+0000][7][gc,phases   ] GC(342)   Merge Heap Roots: 0.1ms
[2024-03-06T22:12:53.048+0000][7][gc,phases   ] GC(342)   Evacuate Collection Set: 1.9ms
[2024-03-06T22:12:53.048+0000][7][gc,phases   ] GC(342)   Post Evacuate Collection Set: 0.9ms
[2024-03-06T22:12:53.048+0000][7][gc,phases   ] GC(342)   Other: 0.1ms
[2024-03-06T22:12:53.048+0000][7][gc,age      ] GC(342) Age table with threshold 15 (max threshold 15)
[2024-03-06T22:12:53.048+0000][7][gc,age      ] GC(342) - age   1:    1514488 bytes,    1514488 total
[2024-03-06T22:12:53.048+0000][7][gc,age      ] GC(342) - age   2:      55696 bytes,    1570184 total
[2024-03-06T22:12:53.048+0000][7][gc,age      ] GC(342) - age   3:      71744 bytes,    1641928 total
[2024-03-06T22:12:53.048+0000][7][gc,age      ] GC(342) - age   4:     101312 bytes,    1743240 total
[2024-03-06T22:12:53.048+0000][7][gc,age      ] GC(342) - age   5:         48 bytes,    1743288 total
[2024-03-06T22:12:53.048+0000][7][gc,age      ] GC(342) - age   8:        480 bytes,    1743768 total
[2024-03-06T22:12:53.048+0000][7][gc,age      ] GC(342) - age   9:       2384 bytes,    1746152 total
[2024-03-06T22:12:53.048+0000][7][gc,age      ] GC(342) - age  10:        160 bytes,    1746312 total
[2024-03-06T22:12:53.048+0000][7][gc,age      ] GC(342) - age  13:        728 bytes,    1747040 total
[2024-03-06T22:12:53.048+0000][7][gc,age      ] GC(342) - age  14:       9480 bytes,    1756520 total
[2024-03-06T22:12:53.048+0000][7][gc,age      ] GC(342) - age  15:     267672 bytes,    2024192 total
[2024-03-06T22:12:53.048+0000][7][gc,heap     ] GC(342) Eden regions: 152->0(152)
[2024-03-06T22:12:53.049+0000][7][gc,heap     ] GC(342) Survivor regions: 1->1(20)
[2024-03-06T22:12:53.049+0000][7][gc,heap     ] GC(342) Old regions: 25->25
[2024-03-06T22:12:53.049+0000][7][gc,heap     ] GC(342) Archive regions: 2->2
[2024-03-06T22:12:53.049+0000][7][gc,heap     ] GC(342) Humongous regions: 0->0
[2024-03-06T22:12:53.049+0000][7][gc,metaspace] GC(342) Metaspace: 128896K(132352K)->128896K(132352K) NonClass: 112044K(113856K)->112044K(113856K) Class: 16851K(18496K)->16851K(18496K)
[2024-03-06T22:12:53.049+0000][7][gc          ] GC(342) Pause Young (Normal) (G1 Evacuation Pause) 710M->102M(1024M) 3.486ms
[2024-03-06T22:12:53.049+0000][7][gc,cpu      ] GC(342) User=0.02s Sys=0.00s Real=0.01s
[2024-03-06T22:12:53.049+0000][7][safepoint   ] Safepoint "G1CollectForAllocation", Time since last: 78540525679 ns, Reaching safepoint: 98136 ns, At safepoint: 3586555 ns, Total: 3684691 ns
[2024-03-06T22:13:42.057+0000][7][safepoint   ] Safepoint "Cleanup", Time since last: 49008062763 ns, Reaching safepoint: 90469 ns, At safepoint: 42812 ns, Total: 133281 ns
[2024-03-06T22:16:26.014+0000][7][gc,start    ] GC(343) Pause Young (Normal) (G1 Evacuation Pause)
[2024-03-06T22:16:26.014+0000][7][gc,task     ] GC(343) Using 8 workers of 8 for evacuation
[2024-03-06T22:16:26.014+0000][7][gc,age      ] GC(343) Desired survivor size 41943040 bytes, new threshold 15 (max threshold 15)
[2024-03-06T22:16:26.017+0000][7][gc,phases   ] GC(343)   Pre Evacuate Collection Set: 0.1ms
[2024-03-06T22:16:26.017+0000][7][gc,phases   ] GC(343)   Merge Heap Roots: 0.1ms
[2024-03-06T22:16:26.017+0000][7][gc,phases   ] GC(343)   Evacuate Collection Set: 1.7ms
[2024-03-06T22:16:26.018+0000][7][gc,phases   ] GC(343)   Post Evacuate Collection Set: 0.9ms
[2024-03-06T22:16:26.018+0000][7][gc,phases   ] GC(343)   Other: 0.1ms
[2024-03-06T22:16:26.018+0000][7][gc,age      ] GC(343) Age table with threshold 15 (max threshold 15)
[2024-03-06T22:16:26.018+0000][7][gc,age      ] GC(343) - age   1:     989544 bytes,     989544 total
[2024-03-06T22:16:26.018+0000][7][gc,age      ] GC(343) - age   2:      14128 bytes,    1003672 total
[2024-03-06T22:16:26.018+0000][7][gc,age      ] GC(343) - age   3:      54000 bytes,    1057672 total
[2024-03-06T22:16:26.018+0000][7][gc,age      ] GC(343) - age   4:      71680 bytes,    1129352 total
[2024-03-06T22:16:26.018+0000][7][gc,age      ] GC(343) - age   5:     100888 bytes,    1230240 total
[2024-03-06T22:16:26.018+0000][7][gc,age      ] GC(343) - age   6:         48 bytes,    1230288 total
[2024-03-06T22:16:26.018+0000][7][gc,age      ] GC(343) - age   9:        296 bytes,    1230584 total
[2024-03-06T22:16:26.018+0000][7][gc,age      ] GC(343) - age  10:       2384 bytes,    1232968 total
[2024-03-06T22:16:26.018+0000][7][gc,age      ] GC(343) - age  11:        160 bytes,    1233128 total
[2024-03-06T22:16:26.018+0000][7][gc,age      ] GC(343) - age  14:        728 bytes,    1233856 total
[2024-03-06T22:16:26.018+0000][7][gc,age      ] GC(343) - age  15:       9480 bytes,    1243336 total
[2024-03-06T22:16:26.018+0000][7][gc,heap     ] GC(343) Eden regions: 152->0(152)
[2024-03-06T22:16:26.018+0000][7][gc,heap     ] GC(343) Survivor regions: 1->1(20)
[2024-03-06T22:16:26.018+0000][7][gc,heap     ] GC(343) Old regions: 25->25
[2024-03-06T22:16:26.018+0000][7][gc,heap     ] GC(343) Archive regions: 2->2
[2024-03-06T22:16:26.018+0000][7][gc,heap     ] GC(343) Humongous regions: 0->0
[2024-03-06T22:16:26.018+0000][7][gc,metaspace] GC(343) Metaspace: 128897K(132352K)->128897K(132352K) NonClass: 112045K(113856K)->112045K(113856K) Class: 16851K(18496K)->16851K(18496K)
[2024-03-06T22:16:26.018+0000][7][gc          ] GC(343) Pause Young (Normal) (G1 Evacuation Pause) 710M->101M(1024M) 3.363ms
[2024-03-06T22:16:26.018+0000][7][gc,cpu      ] GC(343) User=0.02s Sys=0.00s Real=0.00s
[2024-03-06T22:16:26.018+0000][7][safepoint   ] Safepoint "G1CollectForAllocation", Time since last: 163957403751 ns, Reaching safepoint: 88449 ns, At safepoint: 3475480 ns, Total: 3563929 ns
[2024-03-06T22:18:41.040+0000][7][safepoint   ] Safepoint "Cleanup", Time since last: 135022313174 ns, Reaching safepoint: 129073 ns, At safepoint: 18862 ns, Total: 147935 ns
[2024-03-06T22:19:52.519+0000][7][gc,start    ] GC(344) Pause Young (Normal) (G1 Evacuation Pause)
[2024-03-06T22:19:52.519+0000][7][gc,task     ] GC(344) Using 8 workers of 8 for evacuation
[2024-03-06T22:19:52.519+0000][7][gc,age      ] GC(344) Desired survivor size 41943040 bytes, new threshold 15 (max threshold 15)
[2024-03-06T22:19:52.521+0000][7][gc,phases   ] GC(344)   Pre Evacuate Collection Set: 0.1ms
[2024-03-06T22:19:52.521+0000][7][gc,phases   ] GC(344)   Merge Heap Roots: 0.1ms
[2024-03-06T22:19:52.521+0000][7][gc,phases   ] GC(344)   Evacuate Collection Set: 1.4ms
[2024-03-06T22:19:52.521+0000][7][gc,phases   ] GC(344)   Post Evacuate Collection Set: 0.7ms
[2024-03-06T22:19:52.521+0000][7][gc,phases   ] GC(344)   Other: 0.1ms
[2024-03-06T22:19:52.521+0000][7][gc,age      ] GC(344) Age table with threshold 15 (max threshold 15)
[2024-03-06T22:19:52.521+0000][7][gc,age      ] GC(344) - age   1:    1632344 bytes,    1632344 total
[2024-03-06T22:19:52.521+0000][7][gc,age      ] GC(344) - age   2:       2672 bytes,    1635016 total
[2024-03-06T22:19:52.521+0000][7][gc,age      ] GC(344) - age   3:       8368 bytes,    1643384 total
[2024-03-06T22:19:52.521+0000][7][gc,age      ] GC(344) - age   4:      53560 bytes,    1696944 total
[2024-03-06T22:19:52.521+0000][7][gc,age      ] GC(344) - age   5:      71680 bytes,    1768624 total
[2024-03-06T22:19:52.521+0000][7][gc,age      ] GC(344) - age   6:     100888 bytes,    1869512 total
[2024-03-06T22:19:52.521+0000][7][gc,age      ] GC(344) - age   7:         48 bytes,    1869560 total
[2024-03-06T22:19:52.521+0000][7][gc,age      ] GC(344) - age  10:        112 bytes,    1869672 total
[2024-03-06T22:19:52.521+0000][7][gc,age      ] GC(344) - age  11:       2384 bytes,    1872056 total
[2024-03-06T22:19:52.521+0000][7][gc,age      ] GC(344) - age  12:        160 bytes,    1872216 total
[2024-03-06T22:19:52.521+0000][7][gc,age      ] GC(344) - age  15:        728 bytes,    1872944 total
[2024-03-06T22:19:52.521+0000][7][gc,heap     ] GC(344) Eden regions: 152->0(152)
[2024-03-06T22:19:52.521+0000][7][gc,heap     ] GC(344) Survivor regions: 1->1(20)
[2024-03-06T22:19:52.521+0000][7][gc,heap     ] GC(344) Old regions: 25->25
[2024-03-06T22:19:52.521+0000][7][gc,heap     ] GC(344) Archive regions: 2->2
[2024-03-06T22:19:52.521+0000][7][gc,heap     ] GC(344) Humongous regions: 0->0
[2024-03-06T22:19:52.521+0000][7][gc,metaspace] GC(344) Metaspace: 128897K(132352K)->128897K(132352K) NonClass: 112045K(113856K)->112045K(113856K) Class: 16851K(18496K)->16851K(18496K)
[2024-03-06T22:19:52.521+0000][7][gc          ] GC(344) Pause Young (Normal) (G1 Evacuation Pause) 709M->102M(1024M) 2.624ms
[2024-03-06T22:19:52.521+0000][7][gc,cpu      ] GC(344) User=0.01s Sys=0.00s Real=0.00s
[2024-03-06T22:19:52.521+0000][7][safepoint   ] Safepoint "G1CollectForAllocation", Time since last: 71478313779 ns, Reaching safepoint: 121338 ns, At safepoint: 2704262 ns, Total: 2825600 ns
[2024-03-06T22:20:34.527+0000][7][safepoint   ] Safepoint "Cleanup", Time since last: 42005165896 ns, Reaching safepoint: 91878 ns, At safepoint: 12947 ns, Total: 104825 ns
[2024-03-06T22:22:40.546+0000][7][safepoint   ] Safepoint "Cleanup", Time since last: 126018845503 ns, Reaching safepoint: 166294 ns, At safepoint: 32289 ns, Total: 198583 ns
[2024-03-06T22:22:52.548+0000][7][safepoint   ] Safepoint "Cleanup", Time since last: 12002078001 ns, Reaching safepoint: 78138 ns, At safepoint: 41698 ns, Total: 119836 ns
[2024-03-06T22:23:22.515+0000][7][gc,start    ] GC(345) Pause Young (Normal) (G1 Evacuation Pause)
[2024-03-06T22:23:22.515+0000][7][gc,task     ] GC(345) Using 8 workers of 8 for evacuation
[2024-03-06T22:23:22.515+0000][7][gc,age      ] GC(345) Desired survivor size 41943040 bytes, new threshold 15 (max threshold 15)
[2024-03-06T22:23:22.518+0000][7][gc,phases   ] GC(345)   Pre Evacuate Collection Set: 0.1ms
[2024-03-06T22:23:22.518+0000][7][gc,phases   ] GC(345)   Merge Heap Roots: 0.1ms
[2024-03-06T22:23:22.518+0000][7][gc,phases   ] GC(345)   Evacuate Collection Set: 1.3ms
[2024-03-06T22:23:22.518+0000][7][gc,phases   ] GC(345)   Post Evacuate Collection Set: 0.8ms
[2024-03-06T22:23:22.518+0000][7][gc,phases   ] GC(345)   Other: 0.1ms
[2024-03-06T22:23:22.518+0000][7][gc,age      ] GC(345) Age table with threshold 15 (max threshold 15)
[2024-03-06T22:23:22.518+0000][7][gc,age      ] GC(345) - age   1:    1106088 bytes,    1106088 total
[2024-03-06T22:23:22.518+0000][7][gc,age      ] GC(345) - age   2:       5432 bytes,    1111520 total
[2024-03-06T22:23:22.518+0000][7][gc,age      ] GC(345) - age   3:        848 bytes,    1112368 total
[2024-03-06T22:23:22.518+0000][7][gc,age      ] GC(345) - age   4:       6784 bytes,    1119152 total
[2024-03-06T22:23:22.518+0000][7][gc,age      ] GC(345) - age   5:      52416 bytes,    1171568 total
[2024-03-06T22:23:22.518+0000][7][gc,age      ] GC(345) - age   6:      71680 bytes,    1243248 total
[2024-03-06T22:23:22.518+0000][7][gc,age      ] GC(345) - age   7:     100856 bytes,    1344104 total
[2024-03-06T22:23:22.518+0000][7][gc,age      ] GC(345) - age   8:         48 bytes,    1344152 total
[2024-03-06T22:23:22.518+0000][7][gc,age      ] GC(345) - age  11:         24 bytes,    1344176 total
[2024-03-06T22:23:22.518+0000][7][gc,age      ] GC(345) - age  12:       2384 bytes,    1346560 total
[2024-03-06T22:23:22.518+0000][7][gc,age      ] GC(345) - age  13:        160 bytes,    1346720 total
[2024-03-06T22:23:22.518+0000][7][gc,heap     ] GC(345) Eden regions: 152->0(152)
[2024-03-06T22:23:22.518+0000][7][gc,heap     ] GC(345) Survivor regions: 1->1(20)
[2024-03-06T22:23:22.518+0000][7][gc,heap     ] GC(345) Old regions: 25->25
[2024-03-06T22:23:22.518+0000][7][gc,heap     ] GC(345) Archive regions: 2->2
[2024-03-06T22:23:22.518+0000][7][gc,heap     ] GC(345) Humongous regions: 0->0
[2024-03-06T22:23:22.518+0000][7][gc,metaspace] GC(345) Metaspace: 128901K(132352K)->128901K(132352K) NonClass: 112049K(113856K)->112049K(113856K) Class: 16851K(18496K)->16851K(18496K)
[2024-03-06T22:23:22.518+0000][7][gc          ] GC(345) Pause Young (Normal) (G1 Evacuation Pause) 710M->102M(1024M) 2.674ms
[2024-03-06T22:23:22.518+0000][7][gc,cpu      ] GC(345) User=0.00s Sys=0.01s Real=0.00s
[2024-03-06T22:23:22.518+0000][7][safepoint   ] Safepoint "G1CollectForAllocation", Time since last: 29967347661 ns, Reaching safepoint: 55484 ns, At safepoint: 2762872 ns, Total: 2818356 ns
[2024-03-06T22:26:53.284+0000][7][gc,start    ] GC(346) Pause Young (Normal) (G1 Evacuation Pause)
[2024-03-06T22:26:53.284+0000][7][gc,task     ] GC(346) Using 8 workers of 8 for evacuation
[2024-03-06T22:26:53.284+0000][7][gc,age      ] GC(346) Desired survivor size 41943040 bytes, new threshold 15 (max threshold 15)
[2024-03-06T22:26:53.287+0000][7][gc,phases   ] GC(346)   Pre Evacuate Collection Set: 0.1ms
[2024-03-06T22:26:53.287+0000][7][gc,phases   ] GC(346)   Merge Heap Roots: 0.1ms
[2024-03-06T22:26:53.287+0000][7][gc,phases   ] GC(346)   Evacuate Collection Set: 1.6ms
[2024-03-06T22:26:53.287+0000][7][gc,phases   ] GC(346)   Post Evacuate Collection Set: 0.9ms
[2024-03-06T22:26:53.287+0000][7][gc,phases   ] GC(346)   Other: 0.1ms
[2024-03-06T22:26:53.287+0000][7][gc,age      ] GC(346) Age table with threshold 15 (max threshold 15)
[2024-03-06T22:26:53.287+0000][7][gc,age      ] GC(346) - age   1:    1265872 bytes,    1265872 total
[2024-03-06T22:26:53.287+0000][7][gc,age      ] GC(346) - age   2:     145664 bytes,    1411536 total
[2024-03-06T22:26:53.287+0000][7][gc,age      ] GC(346) - age   3:       3832 bytes,    1415368 total
[2024-03-06T22:26:53.287+0000][7][gc,age      ] GC(346) - age   4:        784 bytes,    1416152 total
[2024-03-06T22:26:53.287+0000][7][gc,age      ] GC(346) - age   5:       6592 bytes,    1422744 total
[2024-03-06T22:26:53.287+0000][7][gc,age      ] GC(346) - age   6:      52416 bytes,    1475160 total
[2024-03-06T22:26:53.287+0000][7][gc,age      ] GC(346) - age   7:      71496 bytes,    1546656 total
[2024-03-06T22:26:53.287+0000][7][gc,age      ] GC(346) - age   8:     100856 bytes,    1647512 total
[2024-03-06T22:26:53.287+0000][7][gc,age      ] GC(346) - age   9:         48 bytes,    1647560 total
[2024-03-06T22:26:53.287+0000][7][gc,age      ] GC(346) - age  12:         24 bytes,    1647584 total
[2024-03-06T22:26:53.287+0000][7][gc,age      ] GC(346) - age  13:       2384 bytes,    1649968 total
[2024-03-06T22:26:53.287+0000][7][gc,age      ] GC(346) - age  14:        160 bytes,    1650128 total
[2024-03-06T22:26:53.287+0000][7][gc,heap     ] GC(346) Eden regions: 152->0(152)
[2024-03-06T22:26:53.287+0000][7][gc,heap     ] GC(346) Survivor regions: 1->1(20)
[2024-03-06T22:26:53.287+0000][7][gc,heap     ] GC(346) Old regions: 25->25
[2024-03-06T22:26:53.287+0000][7][gc,heap     ] GC(346) Archive regions: 2->2
[2024-03-06T22:26:53.287+0000][7][gc,heap     ] GC(346) Humongous regions: 0->0
[2024-03-06T22:26:53.287+0000][7][gc,metaspace] GC(346) Metaspace: 128901K(132352K)->128901K(132352K) NonClass: 112049K(113856K)->112049K(113856K) Class: 16851K(18496K)->16851K(18496K)
[2024-03-06T22:26:53.287+0000][7][gc          ] GC(346) Pause Young (Normal) (G1 Evacuation Pause) 710M->102M(1024M) 3.235ms
[2024-03-06T22:26:53.287+0000][7][gc,cpu      ] GC(346) User=0.01s Sys=0.00s Real=0.01s
[2024-03-06T22:26:53.287+0000][7][safepoint   ] Safepoint "G1CollectForAllocation", Time since last: 210765585050 ns, Reaching safepoint: 92474 ns, At safepoint: 3342913 ns, Total: 3435387 ns
[2024-03-06T22:28:59.309+0000][7][safepoint   ] Safepoint "Cleanup", Time since last: 126021973656 ns, Reaching safepoint: 81007 ns, At safepoint: 42798 ns, Total: 123805 ns
[2024-03-06T22:30:20.500+0000][7][gc,start    ] GC(347) Pause Young (Normal) (G1 Evacuation Pause)
[2024-03-06T22:30:20.500+0000][7][gc,task     ] GC(347) Using 8 workers of 8 for evacuation
[2024-03-06T22:30:20.500+0000][7][gc,age      ] GC(347) Desired survivor size 41943040 bytes, new threshold 15 (max threshold 15)
[2024-03-06T22:30:20.503+0000][7][gc,phases   ] GC(347)   Pre Evacuate Collection Set: 0.1ms
[2024-03-06T22:30:20.503+0000][7][gc,phases   ] GC(347)   Merge Heap Roots: 0.1ms
[2024-03-06T22:30:20.503+0000][7][gc,phases   ] GC(347)   Evacuate Collection Set: 1.5ms
[2024-03-06T22:30:20.503+0000][7][gc,phases   ] GC(347)   Post Evacuate Collection Set: 0.9ms
[2024-03-06T22:30:20.503+0000][7][gc,phases   ] GC(347)   Other: 0.1ms
[2024-03-06T22:30:20.503+0000][7][gc,age      ] GC(347) Age table with threshold 15 (max threshold 15)
[2024-03-06T22:30:20.503+0000][7][gc,age      ] GC(347) - age   1:     831768 bytes,     831768 total
[2024-03-06T22:30:20.503+0000][7][gc,age      ] GC(347) - age   2:       2448 bytes,     834216 total
[2024-03-06T22:30:20.503+0000][7][gc,age      ] GC(347) - age   3:     143928 bytes,     978144 total
[2024-03-06T22:30:20.503+0000][7][gc,age      ] GC(347) - age   4:         64 bytes,     978208 total
[2024-03-06T22:30:20.503+0000][7][gc,age      ] GC(347) - age   5:        392 bytes,     978600 total
[2024-03-06T22:30:20.503+0000][7][gc,age      ] GC(347) - age   6:       6592 bytes,     985192 total
[2024-03-06T22:30:20.503+0000][7][gc,age      ] GC(347) - age   7:      52032 bytes,    1037224 total
[2024-03-06T22:30:20.503+0000][7][gc,age      ] GC(347) - age   8:      71496 bytes,    1108720 total
[2024-03-06T22:30:20.503+0000][7][gc,age      ] GC(347) - age   9:     100856 bytes,    1209576 total
[2024-03-06T22:30:20.503+0000][7][gc,age      ] GC(347) - age  10:         48 bytes,    1209624 total
[2024-03-06T22:30:20.503+0000][7][gc,age      ] GC(347) - age  13:         24 bytes,    1209648 total
[2024-03-06T22:30:20.503+0000][7][gc,age      ] GC(347) - age  14:       2384 bytes,    1212032 total
[2024-03-06T22:30:20.503+0000][7][gc,age      ] GC(347) - age  15:        160 bytes,    1212192 total
[2024-03-06T22:30:20.503+0000][7][gc,heap     ] GC(347) Eden regions: 152->0(152)
[2024-03-06T22:30:20.503+0000][7][gc,heap     ] GC(347) Survivor regions: 1->1(20)
[2024-03-06T22:30:20.503+0000][7][gc,heap     ] GC(347) Old regions: 25->25
[2024-03-06T22:30:20.503+0000][7][gc,heap     ] GC(347) Archive regions: 2->2
[2024-03-06T22:30:20.503+0000][7][gc,heap     ] GC(347) Humongous regions: 0->0
[2024-03-06T22:30:20.503+0000][7][gc,metaspace] GC(347) Metaspace: 128901K(132352K)->128901K(132352K) NonClass: 112049K(113856K)->112049K(113856K) Class: 16851K(18496K)->16851K(18496K)
[2024-03-06T22:30:20.503+0000][7][gc          ] GC(347) Pause Young (Normal) (G1 Evacuation Pause) 710M->101M(1024M) 3.176ms
[2024-03-06T22:30:20.503+0000][7][gc,cpu      ] GC(347) User=0.00s Sys=0.01s Real=0.00s
[2024-03-06T22:30:20.503+0000][7][safepoint   ] Safepoint "G1CollectForAllocation", Time since last: 81190367609 ns, Reaching safepoint: 71395 ns, At safepoint: 3278310 ns, Total: 3349705 ns
[2024-03-06T22:31:42.512+0000][7][safepoint   ] Safepoint "Cleanup", Time since last: 82008552720 ns, Reaching safepoint: 74860 ns, At safepoint: 6533 ns, Total: 81393 ns
[2024-03-06T22:33:58.525+0000][7][gc,start    ] GC(348) Pause Young (Normal) (G1 Evacuation Pause)
[2024-03-06T22:33:58.525+0000][7][gc,task     ] GC(348) Using 8 workers of 8 for evacuation
[2024-03-06T22:33:58.525+0000][7][gc,age      ] GC(348) Desired survivor size 41943040 bytes, new threshold 15 (max threshold 15)
[2024-03-06T22:33:58.528+0000][7][gc,phases   ] GC(348)   Pre Evacuate Collection Set: 0.1ms
[2024-03-06T22:33:58.528+0000][7][gc,phases   ] GC(348)   Merge Heap Roots: 0.1ms
[2024-03-06T22:33:58.528+0000][7][gc,phases   ] GC(348)   Evacuate Collection Set: 1.5ms
[2024-03-06T22:33:58.528+0000][7][gc,phases   ] GC(348)   Post Evacuate Collection Set: 0.8ms
[2024-03-06T22:33:58.528+0000][7][gc,phases   ] GC(348)   Other: 0.1ms
[2024-03-06T22:33:58.528+0000][7][gc,age      ] GC(348) Age table with threshold 15 (max threshold 15)
[2024-03-06T22:33:58.528+0000][7][gc,age      ] GC(348) - age   1:    1140320 bytes,    1140320 total
[2024-03-06T22:33:58.528+0000][7][gc,age      ] GC(348) - age   2:       6424 bytes,    1146744 total
[2024-03-06T22:33:58.528+0000][7][gc,age      ] GC(348) - age   3:        448 bytes,    1147192 total
[2024-03-06T22:33:58.528+0000][7][gc,age      ] GC(348) - age   4:     142792 bytes,    1289984 total
[2024-03-06T22:33:58.528+0000][7][gc,age      ] GC(348) - age   6:        208 bytes,    1290192 total
[2024-03-06T22:33:58.528+0000][7][gc,age      ] GC(348) - age   7:       6560 bytes,    1296752 total
[2024-03-06T22:33:58.528+0000][7][gc,age      ] GC(348) - age   8:      52032 bytes,    1348784 total
[2024-03-06T22:33:58.528+0000][7][gc,age      ] GC(348) - age   9:      71496 bytes,    1420280 total
[2024-03-06T22:33:58.528+0000][7][gc,age      ] GC(348) - age  10:     100856 bytes,    1521136 total
[2024-03-06T22:33:58.528+0000][7][gc,age      ] GC(348) - age  11:         48 bytes,    1521184 total
[2024-03-06T22:33:58.528+0000][7][gc,age      ] GC(348) - age  14:         24 bytes,    1521208 total
[2024-03-06T22:33:58.528+0000][7][gc,age      ] GC(348) - age  15:       2384 bytes,    1523592 total
[2024-03-06T22:33:58.528+0000][7][gc,heap     ] GC(348) Eden regions: 152->0(152)
[2024-03-06T22:33:58.528+0000][7][gc,heap     ] GC(348) Survivor regions: 1->1(20)
[2024-03-06T22:33:58.528+0000][7][gc,heap     ] GC(348) Old regions: 25->25
[2024-03-06T22:33:58.528+0000][7][gc,heap     ] GC(348) Archive regions: 2->2
[2024-03-06T22:33:58.528+0000][7][gc,heap     ] GC(348) Humongous regions: 0->0
[2024-03-06T22:33:58.528+0000][7][gc,metaspace] GC(348) Metaspace: 128902K(132352K)->128902K(132352K) NonClass: 112050K(113856K)->112050K(113856K) Class: 16851K(18496K)->16851K(18496K)
[2024-03-06T22:33:58.528+0000][7][gc          ] GC(348) Pause Young (Normal) (G1 Evacuation Pause) 709M->102M(1024M) 2.923ms
[2024-03-06T22:33:58.528+0000][7][gc,cpu      ] GC(348) User=0.01s Sys=0.00s Real=0.01s
[2024-03-06T22:33:58.528+0000][7][safepoint   ] Safepoint "G1CollectForAllocation", Time since last: 136013502608 ns, Reaching safepoint: 62667 ns, At safepoint: 3020354 ns, Total: 3083021 ns
[2024-03-06T22:37:27.898+0000][7][gc,start    ] GC(349) Pause Young (Normal) (G1 Evacuation Pause)
[2024-03-06T22:37:27.898+0000][7][gc,task     ] GC(349) Using 8 workers of 8 for evacuation
[2024-03-06T22:37:27.898+0000][7][gc,age      ] GC(349) Desired survivor size 41943040 bytes, new threshold 15 (max threshold 15)
[2024-03-06T22:37:27.901+0000][7][gc,phases   ] GC(349)   Pre Evacuate Collection Set: 0.1ms
[2024-03-06T22:37:27.901+0000][7][gc,phases   ] GC(349)   Merge Heap Roots: 0.1ms
[2024-03-06T22:37:27.901+0000][7][gc,phases   ] GC(349)   Evacuate Collection Set: 1.5ms
[2024-03-06T22:37:27.901+0000][7][gc,phases   ] GC(349)   Post Evacuate Collection Set: 0.9ms
[2024-03-06T22:37:27.901+0000][7][gc,phases   ] GC(349)   Other: 0.1ms
[2024-03-06T22:37:27.901+0000][7][gc,age      ] GC(349) Age table with threshold 15 (max threshold 15)
[2024-03-06T22:37:27.901+0000][7][gc,age      ] GC(349) - age   1:     789408 bytes,     789408 total
[2024-03-06T22:37:27.901+0000][7][gc,age      ] GC(349) - age   2:       3048 bytes,     792456 total
[2024-03-06T22:37:27.901+0000][7][gc,age      ] GC(349) - age   3:       4760 bytes,     797216 total
[2024-03-06T22:37:27.901+0000][7][gc,age      ] GC(349) - age   5:     142704 bytes,     939920 total
[2024-03-06T22:37:27.901+0000][7][gc,age      ] GC(349) - age   7:        208 bytes,     940128 total
[2024-03-06T22:37:27.901+0000][7][gc,age      ] GC(349) - age   8:       6376 bytes,     946504 total
[2024-03-06T22:37:27.901+0000][7][gc,age      ] GC(349) - age   9:      52032 bytes,     998536 total
[2024-03-06T22:37:27.901+0000][7][gc,age      ] GC(349) - age  10:      71496 bytes,    1070032 total
[2024-03-06T22:37:27.901+0000][7][gc,age      ] GC(349) - age  11:     100856 bytes,    1170888 total
[2024-03-06T22:37:27.901+0000][7][gc,age      ] GC(349) - age  12:         48 bytes,    1170936 total
[2024-03-06T22:37:27.901+0000][7][gc,age      ] GC(349) - age  15:         24 bytes,    1170960 total
[2024-03-06T22:37:27.901+0000][7][gc,heap     ] GC(349) Eden regions: 152->0(152)
[2024-03-06T22:37:27.901+0000][7][gc,heap     ] GC(349) Survivor regions: 1->1(20)
[2024-03-06T22:37:27.901+0000][7][gc,heap     ] GC(349) Old regions: 25->25
[2024-03-06T22:37:27.901+0000][7][gc,heap     ] GC(349) Archive regions: 2->2
[2024-03-06T22:37:27.901+0000][7][gc,heap     ] GC(349) Humongous regions: 0->0
[2024-03-06T22:37:27.901+0000][7][gc,metaspace] GC(349) Metaspace: 128902K(132352K)->128902K(132352K) NonClass: 112050K(113856K)->112050K(113856K) Class: 16851K(18496K)->16851K(18496K)
[2024-03-06T22:37:27.901+0000][7][gc          ] GC(349) Pause Young (Normal) (G1 Evacuation Pause) 710M->101M(1024M) 3.084ms
[2024-03-06T22:37:27.901+0000][7][gc,cpu      ] GC(349) User=0.01s Sys=0.00s Real=0.00s
[2024-03-06T22:37:27.901+0000][7][safepoint   ] Safepoint "G1CollectForAllocation", Time since last: 209370033340 ns, Reaching safepoint: 80623 ns, At safepoint: 3195846 ns, Total: 3276469 ns
[2024-03-06T22:40:58.603+0000][7][gc,start    ] GC(350) Pause Young (Normal) (G1 Evacuation Pause)
[2024-03-06T22:40:58.603+0000][7][gc,task     ] GC(350) Using 8 workers of 8 for evacuation
[2024-03-06T22:40:58.603+0000][7][gc,age      ] GC(350) Desired survivor size 41943040 bytes, new threshold 15 (max threshold 15)
[2024-03-06T22:40:58.606+0000][7][gc,phases   ] GC(350)   Pre Evacuate Collection Set: 0.1ms
[2024-03-06T22:40:58.606+0000][7][gc,phases   ] GC(350)   Merge Heap Roots: 0.1ms
[2024-03-06T22:40:58.606+0000][7][gc,phases   ] GC(350)   Evacuate Collection Set: 1.3ms
[2024-03-06T22:40:58.606+0000][7][gc,phases   ] GC(350)   Post Evacuate Collection Set: 0.8ms
[2024-03-06T22:40:58.606+0000][7][gc,phases   ] GC(350)   Other: 0.1ms
[2024-03-06T22:40:58.606+0000][7][gc,age      ] GC(350) Age table with threshold 15 (max threshold 15)
[2024-03-06T22:40:58.606+0000][7][gc,age      ] GC(350) - age   1:    1152536 bytes,    1152536 total
[2024-03-06T22:40:58.606+0000][7][gc,age      ] GC(350) - age   2:       1376 bytes,    1153912 total
[2024-03-06T22:40:58.606+0000][7][gc,age      ] GC(350) - age   3:        928 bytes,    1154840 total
[2024-03-06T22:40:58.606+0000][7][gc,age      ] GC(350) - age   4:       1176 bytes,    1156016 total
[2024-03-06T22:40:58.606+0000][7][gc,age      ] GC(350) - age   6:     142704 bytes,    1298720 total
[2024-03-06T22:40:58.606+0000][7][gc,age      ] GC(350) - age   8:        208 bytes,    1298928 total
[2024-03-06T22:40:58.606+0000][7][gc,age      ] GC(350) - age   9:       6376 bytes,    1305304 total
[2024-03-06T22:40:58.606+0000][7][gc,age      ] GC(350) - age  10:      52032 bytes,    1357336 total
[2024-03-06T22:40:58.606+0000][7][gc,age      ] GC(350) - age  11:      71496 bytes,    1428832 total
[2024-03-06T22:40:58.606+0000][7][gc,age      ] GC(350) - age  12:     100856 bytes,    1529688 total
[2024-03-06T22:40:58.606+0000][7][gc,age      ] GC(350) - age  13:         48 bytes,    1529736 total
[2024-03-06T22:40:58.606+0000][7][gc,heap     ] GC(350) Eden regions: 152->0(152)
[2024-03-06T22:40:58.606+0000][7][gc,heap     ] GC(350) Survivor regions: 1->1(20)
[2024-03-06T22:40:58.606+0000][7][gc,heap     ] GC(350) Old regions: 25->25
[2024-03-06T22:40:58.606+0000][7][gc,heap     ] GC(350) Archive regions: 2->2
[2024-03-06T22:40:58.606+0000][7][gc,heap     ] GC(350) Humongous regions: 0->0
[2024-03-06T22:40:58.606+0000][7][gc,metaspace] GC(350) Metaspace: 128902K(132352K)->128902K(132352K) NonClass: 112050K(113856K)->112050K(113856K) Class: 16851K(18496K)->16851K(18496K)
[2024-03-06T22:40:58.606+0000][7][gc          ] GC(350) Pause Young (Normal) (G1 Evacuation Pause) 709M->102M(1024M) 2.638ms
[2024-03-06T22:40:58.606+0000][7][gc,cpu      ] GC(350) User=0.01s Sys=0.01s Real=0.01s
[2024-03-06T22:40:58.606+0000][7][safepoint   ] Safepoint "G1CollectForAllocation", Time since last: 210701852565 ns, Reaching safepoint: 75120 ns, At safepoint: 2726074 ns, Total: 2801194 ns
[2024-03-06T22:44:28.579+0000][7][gc,start    ] GC(351) Pause Young (Normal) (G1 Evacuation Pause)
[2024-03-06T22:44:28.579+0000][7][gc,task     ] GC(351) Using 8 workers of 8 for evacuation
[2024-03-06T22:44:28.579+0000][7][gc,age      ] GC(351) Desired survivor size 41943040 bytes, new threshold 15 (max threshold 15)
[2024-03-06T22:44:28.581+0000][7][gc,phases   ] GC(351)   Pre Evacuate Collection Set: 0.2ms
[2024-03-06T22:44:28.581+0000][7][gc,phases   ] GC(351)   Merge Heap Roots: 0.1ms
[2024-03-06T22:44:28.581+0000][7][gc,phases   ] GC(351)   Evacuate Collection Set: 1.1ms
[2024-03-06T22:44:28.581+0000][7][gc,phases   ] GC(351)   Post Evacuate Collection Set: 0.9ms
[2024-03-06T22:44:28.581+0000][7][gc,phases   ] GC(351)   Other: 0.1ms
[2024-03-06T22:44:28.581+0000][7][gc,age      ] GC(351) Age table with threshold 15 (max threshold 15)
[2024-03-06T22:44:28.581+0000][7][gc,age      ] GC(351) - age   1:     374632 bytes,     374632 total
[2024-03-06T22:44:28.581+0000][7][gc,age      ] GC(351) - age   2:       6944 bytes,     381576 total
[2024-03-06T22:44:28.581+0000][7][gc,age      ] GC(351) - age   3:        312 bytes,     381888 total
[2024-03-06T22:44:28.581+0000][7][gc,age      ] GC(351) - age   4:         32 bytes,     381920 total
[2024-03-06T22:44:28.581+0000][7][gc,age      ] GC(351) - age   5:        752 bytes,     382672 total
[2024-03-06T22:44:28.581+0000][7][gc,age      ] GC(351) - age   7:     142672 bytes,     525344 total
[2024-03-06T22:44:28.581+0000][7][gc,age      ] GC(351) - age   9:         24 bytes,     525368 total
[2024-03-06T22:44:28.581+0000][7][gc,age      ] GC(351) - age  10:       6376 bytes,     531744 total
[2024-03-06T22:44:28.581+0000][7][gc,age      ] GC(351) - age  11:      52032 bytes,     583776 total
[2024-03-06T22:44:28.581+0000][7][gc,age      ] GC(351) - age  12:      71496 bytes,     655272 total
[2024-03-06T22:44:28.581+0000][7][gc,age      ] GC(351) - age  13:     100856 bytes,     756128 total
[2024-03-06T22:44:28.581+0000][7][gc,age      ] GC(351) - age  14:         48 bytes,     756176 total
[2024-03-06T22:44:28.581+0000][7][gc,heap     ] GC(351) Eden regions: 152->0(152)
[2024-03-06T22:44:28.581+0000][7][gc,heap     ] GC(351) Survivor regions: 1->1(20)
[2024-03-06T22:44:28.581+0000][7][gc,heap     ] GC(351) Old regions: 25->25
[2024-03-06T22:44:28.581+0000][7][gc,heap     ] GC(351) Archive regions: 2->2
[2024-03-06T22:44:28.581+0000][7][gc,heap     ] GC(351) Humongous regions: 0->0
[2024-03-06T22:44:28.581+0000][7][gc,metaspace] GC(351) Metaspace: 128902K(132352K)->128902K(132352K) NonClass: 112050K(113856K)->112050K(113856K) Class: 16851K(18496K)->16851K(18496K)
[2024-03-06T22:44:28.582+0000][7][gc          ] GC(351) Pause Young (Normal) (G1 Evacuation Pause) 710M->101M(1024M) 2.888ms
[2024-03-06T22:44:28.582+0000][7][gc,cpu      ] GC(351) User=0.01s Sys=0.00s Real=0.00s
[2024-03-06T22:44:28.582+0000][7][safepoint   ] Safepoint "G1CollectForAllocation", Time since last: 209972422412 ns, Reaching safepoint: 107240 ns, At safepoint: 3003516 ns, Total: 3110756 ns
[2024-03-06T22:48:04.568+0000][7][gc,start    ] GC(352) Pause Young (Normal) (G1 Evacuation Pause)
[2024-03-06T22:48:04.568+0000][7][gc,task     ] GC(352) Using 8 workers of 8 for evacuation
[2024-03-06T22:48:04.568+0000][7][gc,age      ] GC(352) Desired survivor size 41943040 bytes, new threshold 15 (max threshold 15)
[2024-03-06T22:48:04.570+0000][7][gc,phases   ] GC(352)   Pre Evacuate Collection Set: 0.1ms
[2024-03-06T22:48:04.570+0000][7][gc,phases   ] GC(352)   Merge Heap Roots: 0.1ms
[2024-03-06T22:48:04.570+0000][7][gc,phases   ] GC(352)   Evacuate Collection Set: 1.4ms
[2024-03-06T22:48:04.570+0000][7][gc,phases   ] GC(352)   Post Evacuate Collection Set: 0.8ms
[2024-03-06T22:48:04.570+0000][7][gc,phases   ] GC(352)   Other: 0.1ms
[2024-03-06T22:48:04.570+0000][7][gc,age      ] GC(352) Age table with threshold 15 (max threshold 15)
[2024-03-06T22:48:04.570+0000][7][gc,age      ] GC(352) - age   1:     834112 bytes,     834112 total
[2024-03-06T22:48:04.570+0000][7][gc,age      ] GC(352) - age   2:       2616 bytes,     836728 total
[2024-03-06T22:48:04.570+0000][7][gc,age      ] GC(352) - age   3:       4280 bytes,     841008 total
[2024-03-06T22:48:04.570+0000][7][gc,age      ] GC(352) - age   5:         32 bytes,     841040 total
[2024-03-06T22:48:04.570+0000][7][gc,age      ] GC(352) - age   6:        368 bytes,     841408 total
[2024-03-06T22:48:04.570+0000][7][gc,age      ] GC(352) - age   8:     142672 bytes,     984080 total
[2024-03-06T22:48:04.570+0000][7][gc,age      ] GC(352) - age  10:         24 bytes,     984104 total
[2024-03-06T22:48:04.570+0000][7][gc,age      ] GC(352) - age  11:       6376 bytes,     990480 total
[2024-03-06T22:48:04.570+0000][7][gc,age      ] GC(352) - age  12:      52032 bytes,    1042512 total
[2024-03-06T22:48:04.570+0000][7][gc,age      ] GC(352) - age  13:      71496 bytes,    1114008 total
[2024-03-06T22:48:04.570+0000][7][gc,age      ] GC(352) - age  14:     100856 bytes,    1214864 total
[2024-03-06T22:48:04.570+0000][7][gc,age      ] GC(352) - age  15:         48 bytes,    1214912 total
[2024-03-06T22:48:04.571+0000][7][gc,heap     ] GC(352) Eden regions: 152->0(152)
[2024-03-06T22:48:04.571+0000][7][gc,heap     ] GC(352) Survivor regions: 1->1(20)
[2024-03-06T22:48:04.571+0000][7][gc,heap     ] GC(352) Old regions: 25->25
[2024-03-06T22:48:04.571+0000][7][gc,heap     ] GC(352) Archive regions: 2->2
[2024-03-06T22:48:04.571+0000][7][gc,heap     ] GC(352) Humongous regions: 0->0
[2024-03-06T22:48:04.571+0000][7][gc,metaspace] GC(352) Metaspace: 128902K(132352K)->128902K(132352K) NonClass: 112050K(113856K)->112050K(113856K) Class: 16851K(18496K)->16851K(18496K)
[2024-03-06T22:48:04.571+0000][7][gc          ] GC(352) Pause Young (Normal) (G1 Evacuation Pause) 709M->101M(1024M) 2.762ms
[2024-03-06T22:48:04.571+0000][7][gc,cpu      ] GC(352) User=0.01s Sys=0.00s Real=0.00s
[2024-03-06T22:48:04.571+0000][7][safepoint   ] Safepoint "G1CollectForAllocation", Time since last: 215986077790 ns, Reaching safepoint: 64703 ns, At safepoint: 2872997 ns, Total: 2937700 ns
[2024-03-06T22:48:17.573+0000][7][safepoint   ] Safepoint "Cleanup", Time since last: 13001997025 ns, Reaching safepoint: 86046 ns, At safepoint: 48304 ns, Total: 134350 ns
[2024-03-06T22:51:23.025+0000][7][gc,start    ] GC(353) Pause Young (Normal) (G1 Evacuation Pause)
[2024-03-06T22:51:23.025+0000][7][gc,task     ] GC(353) Using 8 workers of 8 for evacuation
[2024-03-06T22:51:23.025+0000][7][gc,age      ] GC(353) Desired survivor size 41943040 bytes, new threshold 15 (max threshold 15)
[2024-03-06T22:51:23.027+0000][7][gc,phases   ] GC(353)   Pre Evacuate Collection Set: 0.1ms
[2024-03-06T22:51:23.027+0000][7][gc,phases   ] GC(353)   Merge Heap Roots: 0.1ms
[2024-03-06T22:51:23.027+0000][7][gc,phases   ] GC(353)   Evacuate Collection Set: 1.3ms
[2024-03-06T22:51:23.027+0000][7][gc,phases   ] GC(353)   Post Evacuate Collection Set: 0.7ms
[2024-03-06T22:51:23.027+0000][7][gc,phases   ] GC(353)   Other: 0.1ms
[2024-03-06T22:51:23.027+0000][7][gc,age      ] GC(353) Age table with threshold 15 (max threshold 15)
[2024-03-06T22:51:23.027+0000][7][gc,age      ] GC(353) - age   1:    1696664 bytes,    1696664 total
[2024-03-06T22:51:23.027+0000][7][gc,age      ] GC(353) - age   2:       3568 bytes,    1700232 total
[2024-03-06T22:51:23.027+0000][7][gc,age      ] GC(353) - age   3:       1176 bytes,    1701408 total
[2024-03-06T22:51:23.027+0000][7][gc,age      ] GC(353) - age   4:        400 bytes,    1701808 total
[2024-03-06T22:51:23.027+0000][7][gc,age      ] GC(353) - age   6:         32 bytes,    1701840 total
[2024-03-06T22:51:23.027+0000][7][gc,age      ] GC(353) - age   7:        368 bytes,    1702208 total
[2024-03-06T22:51:23.027+0000][7][gc,age      ] GC(353) - age   9:     142672 bytes,    1844880 total
[2024-03-06T22:51:23.027+0000][7][gc,age      ] GC(353) - age  11:         24 bytes,    1844904 total
[2024-03-06T22:51:23.027+0000][7][gc,age      ] GC(353) - age  12:       6376 bytes,    1851280 total
[2024-03-06T22:51:23.027+0000][7][gc,age      ] GC(353) - age  13:      52032 bytes,    1903312 total
[2024-03-06T22:51:23.027+0000][7][gc,age      ] GC(353) - age  14:      71496 bytes,    1974808 total
[2024-03-06T22:51:23.027+0000][7][gc,age      ] GC(353) - age  15:     100856 bytes,    2075664 total
[2024-03-06T22:51:23.027+0000][7][gc,heap     ] GC(353) Eden regions: 152->0(152)
[2024-03-06T22:51:23.027+0000][7][gc,heap     ] GC(353) Survivor regions: 1->1(20)
[2024-03-06T22:51:23.027+0000][7][gc,heap     ] GC(353) Old regions: 25->25
[2024-03-06T22:51:23.027+0000][7][gc,heap     ] GC(353) Archive regions: 2->2
[2024-03-06T22:51:23.027+0000][7][gc,heap     ] GC(353) Humongous regions: 0->0
[2024-03-06T22:51:23.027+0000][7][gc,metaspace] GC(353) Metaspace: 128902K(132352K)->128902K(132352K) NonClass: 112050K(113856K)->112050K(113856K) Class: 16851K(18496K)->16851K(18496K)
[2024-03-06T22:51:23.027+0000][7][gc          ] GC(353) Pause Young (Normal) (G1 Evacuation Pause) 709M->102M(1024M) 2.497ms
[2024-03-06T22:51:23.027+0000][7][gc,cpu      ] GC(353) User=0.01s Sys=0.00s Real=0.01s
[2024-03-06T22:51:23.027+0000][7][safepoint   ] Safepoint "G1CollectForAllocation", Time since last: 185451909394 ns, Reaching safepoint: 68961 ns, At safepoint: 2580715 ns, Total: 2649676 ns
[2024-03-06T22:54:55.601+0000][7][gc,start    ] GC(354) Pause Young (Normal) (G1 Evacuation Pause)
[2024-03-06T22:54:55.601+0000][7][gc,task     ] GC(354) Using 8 workers of 8 for evacuation
[2024-03-06T22:54:55.601+0000][7][gc,age      ] GC(354) Desired survivor size 41943040 bytes, new threshold 15 (max threshold 15)
[2024-03-06T22:54:55.603+0000][7][gc,phases   ] GC(354)   Pre Evacuate Collection Set: 0.1ms
[2024-03-06T22:54:55.603+0000][7][gc,phases   ] GC(354)   Merge Heap Roots: 0.1ms
[2024-03-06T22:54:55.603+0000][7][gc,phases   ] GC(354)   Evacuate Collection Set: 0.9ms
[2024-03-06T22:54:55.603+0000][7][gc,phases   ] GC(354)   Post Evacuate Collection Set: 0.7ms
[2024-03-06T22:54:55.603+0000][7][gc,phases   ] GC(354)   Other: 0.1ms
[2024-03-06T22:54:55.603+0000][7][gc,age      ] GC(354) Age table with threshold 15 (max threshold 15)
[2024-03-06T22:54:55.603+0000][7][gc,age      ] GC(354) - age   1:     230336 bytes,     230336 total
[2024-03-06T22:54:55.603+0000][7][gc,age      ] GC(354) - age   2:       5632 bytes,     235968 total
[2024-03-06T22:54:55.603+0000][7][gc,age      ] GC(354) - age   3:       1048 bytes,     237016 total
[2024-03-06T22:54:55.603+0000][7][gc,age      ] GC(354) - age   4:        392 bytes,     237408 total
[2024-03-06T22:54:55.603+0000][7][gc,age      ] GC(354) - age   5:        208 bytes,     237616 total
[2024-03-06T22:54:55.603+0000][7][gc,age      ] GC(354) - age   8:        184 bytes,     237800 total
[2024-03-06T22:54:55.603+0000][7][gc,age      ] GC(354) - age  10:     142672 bytes,     380472 total
[2024-03-06T22:54:55.603+0000][7][gc,age      ] GC(354) - age  12:         24 bytes,     380496 total
[2024-03-06T22:54:55.603+0000][7][gc,age      ] GC(354) - age  13:       6376 bytes,     386872 total
[2024-03-06T22:54:55.603+0000][7][gc,age      ] GC(354) - age  14:      52032 bytes,     438904 total
[2024-03-06T22:54:55.603+0000][7][gc,age      ] GC(354) - age  15:      71496 bytes,     510400 total
[2024-03-06T22:54:55.603+0000][7][gc,heap     ] GC(354) Eden regions: 152->0(152)
[2024-03-06T22:54:55.603+0000][7][gc,heap     ] GC(354) Survivor regions: 1->1(20)
[2024-03-06T22:54:55.603+0000][7][gc,heap     ] GC(354) Old regions: 25->25
[2024-03-06T22:54:55.603+0000][7][gc,heap     ] GC(354) Archive regions: 2->2
[2024-03-06T22:54:55.603+0000][7][gc,heap     ] GC(354) Humongous regions: 0->0
[2024-03-06T22:54:55.603+0000][7][gc,metaspace] GC(354) Metaspace: 128902K(132352K)->128902K(132352K) NonClass: 112050K(113856K)->112050K(113856K) Class: 16851K(18496K)->16851K(18496K)
[2024-03-06T22:54:55.603+0000][7][gc          ] GC(354) Pause Young (Normal) (G1 Evacuation Pause) 710M->101M(1024M) 2.262ms
[2024-03-06T22:54:55.603+0000][7][gc,cpu      ] GC(354) User=0.01s Sys=0.00s Real=0.00s
[2024-03-06T22:54:55.603+0000][7][safepoint   ] Safepoint "G1CollectForAllocation", Time since last: 212573094189 ns, Reaching safepoint: 67125 ns, At safepoint: 2355323 ns, Total: 2422448 ns
[2024-03-06T22:58:19.677+0000][7][gc,start    ] GC(355) Pause Young (Normal) (G1 Evacuation Pause)
[2024-03-06T22:58:19.677+0000][7][gc,task     ] GC(355) Using 8 workers of 8 for evacuation
[2024-03-06T22:58:19.677+0000][7][gc,age      ] GC(355) Desired survivor size 41943040 bytes, new threshold 15 (max threshold 15)
[2024-03-06T22:58:19.679+0000][7][gc,phases   ] GC(355)   Pre Evacuate Collection Set: 0.1ms
[2024-03-06T22:58:19.679+0000][7][gc,phases   ] GC(355)   Merge Heap Roots: 0.1ms
[2024-03-06T22:58:19.679+0000][7][gc,phases   ] GC(355)   Evacuate Collection Set: 1.2ms
[2024-03-06T22:58:19.679+0000][7][gc,phases   ] GC(355)   Post Evacuate Collection Set: 0.6ms
[2024-03-06T22:58:19.679+0000][7][gc,phases   ] GC(355)   Other: 0.1ms
[2024-03-06T22:58:19.679+0000][7][gc,age      ] GC(355) Age table with threshold 15 (max threshold 15)
[2024-03-06T22:58:19.679+0000][7][gc,age      ] GC(355) - age   1:    1148760 bytes,    1148760 total
[2024-03-06T22:58:19.679+0000][7][gc,age      ] GC(355) - age   2:       2208 bytes,    1150968 total
[2024-03-06T22:58:19.679+0000][7][gc,age      ] GC(355) - age   3:       3744 bytes,    1154712 total
[2024-03-06T22:58:19.679+0000][7][gc,age      ] GC(355) - age   4:        864 bytes,    1155576 total
[2024-03-06T22:58:19.679+0000][7][gc,age      ] GC(355) - age   5:        392 bytes,    1155968 total
[2024-03-06T22:58:19.679+0000][7][gc,age      ] GC(355) - age   6:        208 bytes,    1156176 total
[2024-03-06T22:58:19.679+0000][7][gc,age      ] GC(355) - age   9:        184 bytes,    1156360 total
[2024-03-06T22:58:19.679+0000][7][gc,age      ] GC(355) - age  11:     142672 bytes,    1299032 total
[2024-03-06T22:58:19.679+0000][7][gc,age      ] GC(355) - age  13:         24 bytes,    1299056 total
[2024-03-06T22:58:19.679+0000][7][gc,age      ] GC(355) - age  14:       6376 bytes,    1305432 total
[2024-03-06T22:58:19.679+0000][7][gc,age      ] GC(355) - age  15:      52032 bytes,    1357464 total
[2024-03-06T22:58:19.679+0000][7][gc,heap     ] GC(355) Eden regions: 152->0(152)
[2024-03-06T22:58:19.679+0000][7][gc,heap     ] GC(355) Survivor regions: 1->1(20)
[2024-03-06T22:58:19.679+0000][7][gc,heap     ] GC(355) Old regions: 25->25
[2024-03-06T22:58:19.679+0000][7][gc,heap     ] GC(355) Archive regions: 2->2
[2024-03-06T22:58:19.679+0000][7][gc,heap     ] GC(355) Humongous regions: 0->0
[2024-03-06T22:58:19.679+0000][7][gc,metaspace] GC(355) Metaspace: 128902K(132352K)->128902K(132352K) NonClass: 112050K(113856K)->112050K(113856K) Class: 16851K(18496K)->16851K(18496K)
[2024-03-06T22:58:19.679+0000][7][gc          ] GC(355) Pause Young (Normal) (G1 Evacuation Pause) 709M->102M(1024M) 2.320ms
[2024-03-06T22:58:19.679+0000][7][gc,cpu      ] GC(355) User=0.01s Sys=0.00s Real=0.00s
[2024-03-06T22:58:19.679+0000][7][safepoint   ] Safepoint "G1CollectForAllocation", Time since last: 204073961874 ns, Reaching safepoint: 41342 ns, At safepoint: 2402827 ns, Total: 2444169 ns
[2024-03-06T22:58:28.680+0000][7][safepoint   ] Safepoint "Cleanup", Time since last: 9000823137 ns, Reaching safepoint: 144906 ns, At safepoint: 6652 ns, Total: 151558 ns
[2024-03-06T23:01:28.627+0000][7][gc,start    ] GC(356) Pause Young (Normal) (G1 Evacuation Pause)
[2024-03-06T23:01:28.627+0000][7][gc,task     ] GC(356) Using 8 workers of 8 for evacuation
[2024-03-06T23:01:28.627+0000][7][gc,age      ] GC(356) Desired survivor size 41943040 bytes, new threshold 15 (max threshold 15)
[2024-03-06T23:01:28.629+0000][7][gc,phases   ] GC(356)   Pre Evacuate Collection Set: 0.1ms
[2024-03-06T23:01:28.629+0000][7][gc,phases   ] GC(356)   Merge Heap Roots: 0.1ms
[2024-03-06T23:01:28.629+0000][7][gc,phases   ] GC(356)   Evacuate Collection Set: 1.0ms
[2024-03-06T23:01:28.629+0000][7][gc,phases   ] GC(356)   Post Evacuate Collection Set: 0.6ms
[2024-03-06T23:01:28.629+0000][7][gc,phases   ] GC(356)   Other: 0.1ms
[2024-03-06T23:01:28.629+0000][7][gc,age      ] GC(356) Age table with threshold 15 (max threshold 15)
[2024-03-06T23:01:28.629+0000][7][gc,age      ] GC(356) - age   1:     739120 bytes,     739120 total
[2024-03-06T23:01:28.629+0000][7][gc,age      ] GC(356) - age   2:       2104 bytes,     741224 total
[2024-03-06T23:01:28.629+0000][7][gc,age      ] GC(356) - age   3:       1624 bytes,     742848 total
[2024-03-06T23:01:28.629+0000][7][gc,age      ] GC(356) - age   4:         96 bytes,     742944 total
[2024-03-06T23:01:28.629+0000][7][gc,age      ] GC(356) - age   5:        568 bytes,     743512 total
[2024-03-06T23:01:28.629+0000][7][gc,age      ] GC(356) - age   7:         24 bytes,     743536 total
[2024-03-06T23:01:28.629+0000][7][gc,age      ] GC(356) - age  10:        184 bytes,     743720 total
[2024-03-06T23:01:28.629+0000][7][gc,age      ] GC(356) - age  12:     142672 bytes,     886392 total
[2024-03-06T23:01:28.629+0000][7][gc,age      ] GC(356) - age  14:         24 bytes,     886416 total
[2024-03-06T23:01:28.629+0000][7][gc,age      ] GC(356) - age  15:       6376 bytes,     892792 total
[2024-03-06T23:01:28.629+0000][7][gc,heap     ] GC(356) Eden regions: 152->0(152)
[2024-03-06T23:01:28.629+0000][7][gc,heap     ] GC(356) Survivor regions: 1->1(20)
[2024-03-06T23:01:28.629+0000][7][gc,heap     ] GC(356) Old regions: 25->25
[2024-03-06T23:01:28.629+0000][7][gc,heap     ] GC(356) Archive regions: 2->2
[2024-03-06T23:01:28.629+0000][7][gc,heap     ] GC(356) Humongous regions: 0->0
[2024-03-06T23:01:28.629+0000][7][gc,metaspace] GC(356) Metaspace: 128902K(132352K)->128902K(132352K) NonClass: 112050K(113856K)->112050K(113856K) Class: 16851K(18496K)->16851K(18496K)
[2024-03-06T23:01:28.629+0000][7][gc          ] GC(356) Pause Young (Normal) (G1 Evacuation Pause) 710M->101M(1024M) 2.090ms
[2024-03-06T23:01:28.629+0000][7][gc,cpu      ] GC(356) User=0.01s Sys=0.00s Real=0.00s
[2024-03-06T23:01:28.629+0000][7][safepoint   ] Safepoint "G1CollectForAllocation", Time since last: 179947017830 ns, Reaching safepoint: 49011 ns, At safepoint: 2174727 ns, Total: 2223738 ns
[2024-03-06T23:04:46.647+0000][7][gc,start    ] GC(357) Pause Young (Normal) (G1 Evacuation Pause)
[2024-03-06T23:04:46.647+0000][7][gc,task     ] GC(357) Using 8 workers of 8 for evacuation
[2024-03-06T23:04:46.647+0000][7][gc,age      ] GC(357) Desired survivor size 41943040 bytes, new threshold 15 (max threshold 15)
[2024-03-06T23:04:46.650+0000][7][gc,phases   ] GC(357)   Pre Evacuate Collection Set: 0.1ms
[2024-03-06T23:04:46.650+0000][7][gc,phases   ] GC(357)   Merge Heap Roots: 0.1ms
[2024-03-06T23:04:46.650+0000][7][gc,phases   ] GC(357)   Evacuate Collection Set: 1.6ms
[2024-03-06T23:04:46.650+0000][7][gc,phases   ] GC(357)   Post Evacuate Collection Set: 0.8ms
[2024-03-06T23:04:46.650+0000][7][gc,phases   ] GC(357)   Other: 0.1ms
[2024-03-06T23:04:46.650+0000][7][gc,age      ] GC(357) Age table with threshold 15 (max threshold 15)
[2024-03-06T23:04:46.650+0000][7][gc,age      ] GC(357) - age   1:    1390168 bytes,    1390168 total
[2024-03-06T23:04:46.650+0000][7][gc,age      ] GC(357) - age   2:     184080 bytes,    1574248 total
[2024-03-06T23:04:46.650+0000][7][gc,age      ] GC(357) - age   3:        552 bytes,    1574800 total
[2024-03-06T23:04:46.650+0000][7][gc,age      ] GC(357) - age   4:        304 bytes,    1575104 total
[2024-03-06T23:04:46.650+0000][7][gc,age      ] GC(357) - age   5:         96 bytes,    1575200 total
[2024-03-06T23:04:46.650+0000][7][gc,age      ] GC(357) - age   6:        568 bytes,    1575768 total
[2024-03-06T23:04:46.650+0000][7][gc,age      ] GC(357) - age   8:         24 bytes,    1575792 total
[2024-03-06T23:04:46.650+0000][7][gc,age      ] GC(357) - age  11:        184 bytes,    1575976 total
[2024-03-06T23:04:46.650+0000][7][gc,age      ] GC(357) - age  13:     142672 bytes,    1718648 total
[2024-03-06T23:04:46.650+0000][7][gc,age      ] GC(357) - age  15:         24 bytes,    1718672 total
[2024-03-06T23:04:46.650+0000][7][gc,heap     ] GC(357) Eden regions: 152->0(152)
[2024-03-06T23:04:46.650+0000][7][gc,heap     ] GC(357) Survivor regions: 1->1(20)
[2024-03-06T23:04:46.650+0000][7][gc,heap     ] GC(357) Old regions: 25->25
[2024-03-06T23:04:46.650+0000][7][gc,heap     ] GC(357) Archive regions: 2->2
[2024-03-06T23:04:46.650+0000][7][gc,heap     ] GC(357) Humongous regions: 0->0
[2024-03-06T23:04:46.650+0000][7][gc,metaspace] GC(357) Metaspace: 128905K(132352K)->128905K(132352K) NonClass: 112054K(113856K)->112054K(113856K) Class: 16851K(18496K)->16851K(18496K)
[2024-03-06T23:04:46.650+0000][7][gc          ] GC(357) Pause Young (Normal) (G1 Evacuation Pause) 709M->102M(1024M) 2.986ms
[2024-03-06T23:04:46.650+0000][7][gc,cpu      ] GC(357) User=0.02s Sys=0.00s Real=0.00s
[2024-03-06T23:04:46.650+0000][7][safepoint   ] Safepoint "G1CollectForAllocation", Time since last: 198017799272 ns, Reaching safepoint: 86597 ns, At safepoint: 3096492 ns, Total: 3183089 ns
[2024-03-06T23:05:27.655+0000][7][safepoint   ] Safepoint "Cleanup", Time since last: 41004891700 ns, Reaching safepoint: 118553 ns, At safepoint: 10963 ns, Total: 129516 ns
[2024-03-06T23:08:04.774+0000][7][gc,start    ] GC(358) Pause Young (Normal) (G1 Evacuation Pause)
[2024-03-06T23:08:04.774+0000][7][gc,task     ] GC(358) Using 8 workers of 8 for evacuation
[2024-03-06T23:08:04.774+0000][7][gc,age      ] GC(358) Desired survivor size 41943040 bytes, new threshold 15 (max threshold 15)
[2024-03-06T23:08:04.776+0000][7][gc,phases   ] GC(358)   Pre Evacuate Collection Set: 0.1ms
[2024-03-06T23:08:04.776+0000][7][gc,phases   ] GC(358)   Merge Heap Roots: 0.1ms
[2024-03-06T23:08:04.776+0000][7][gc,phases   ] GC(358)   Evacuate Collection Set: 1.2ms
[2024-03-06T23:08:04.776+0000][7][gc,phases   ] GC(358)   Post Evacuate Collection Set: 0.5ms
[2024-03-06T23:08:04.776+0000][7][gc,phases   ] GC(358)   Other: 0.1ms
[2024-03-06T23:08:04.776+0000][7][gc,age      ] GC(358) Age table with threshold 15 (max threshold 15)
[2024-03-06T23:08:04.776+0000][7][gc,age      ] GC(358) - age   1:    1773592 bytes,    1773592 total
[2024-03-06T23:08:04.776+0000][7][gc,age      ] GC(358) - age   2:       3896 bytes,    1777488 total
[2024-03-06T23:08:04.776+0000][7][gc,age      ] GC(358) - age   3:     106736 bytes,    1884224 total
[2024-03-06T23:08:04.776+0000][7][gc,age      ] GC(358) - age   5:        304 bytes,    1884528 total
[2024-03-06T23:08:04.776+0000][7][gc,age      ] GC(358) - age   6:         32 bytes,    1884560 total
[2024-03-06T23:08:04.776+0000][7][gc,age      ] GC(358) - age   7:        184 bytes,    1884744 total
[2024-03-06T23:08:04.776+0000][7][gc,age      ] GC(358) - age   9:         24 bytes,    1884768 total
[2024-03-06T23:08:04.776+0000][7][gc,age      ] GC(358) - age  12:        184 bytes,    1884952 total
[2024-03-06T23:08:04.776+0000][7][gc,age      ] GC(358) - age  14:     142672 bytes,    2027624 total
[2024-03-06T23:08:04.776+0000][7][gc,heap     ] GC(358) Eden regions: 152->0(152)
[2024-03-06T23:08:04.776+0000][7][gc,heap     ] GC(358) Survivor regions: 1->1(20)
[2024-03-06T23:08:04.776+0000][7][gc,heap     ] GC(358) Old regions: 25->25
[2024-03-06T23:08:04.776+0000][7][gc,heap     ] GC(358) Archive regions: 2->2
[2024-03-06T23:08:04.776+0000][7][gc,heap     ] GC(358) Humongous regions: 0->0
[2024-03-06T23:08:04.776+0000][7][gc,metaspace] GC(358) Metaspace: 128914K(132416K)->128914K(132416K) NonClass: 112062K(113920K)->112062K(113920K) Class: 16851K(18496K)->16851K(18496K)
[2024-03-06T23:08:04.776+0000][7][gc          ] GC(358) Pause Young (Normal) (G1 Evacuation Pause) 710M->102M(1024M) 2.092ms
[2024-03-06T23:08:04.777+0000][7][gc,cpu      ] GC(358) User=0.01s Sys=0.00s Real=0.00s
[2024-03-06T23:08:04.777+0000][7][safepoint   ] Safepoint "G1CollectForAllocation", Time since last: 157118848732 ns, Reaching safepoint: 32539 ns, At safepoint: 2154921 ns, Total: 2187460 ns
[2024-03-06T23:11:28.696+0000][7][gc,start    ] GC(359) Pause Young (Normal) (G1 Evacuation Pause)
[2024-03-06T23:11:28.696+0000][7][gc,task     ] GC(359) Using 8 workers of 8 for evacuation
[2024-03-06T23:11:28.696+0000][7][gc,age      ] GC(359) Desired survivor size 41943040 bytes, new threshold 15 (max threshold 15)
[2024-03-06T23:11:28.699+0000][7][gc,phases   ] GC(359)   Pre Evacuate Collection Set: 0.1ms
[2024-03-06T23:11:28.699+0000][7][gc,phases   ] GC(359)   Merge Heap Roots: 0.1ms
[2024-03-06T23:11:28.699+0000][7][gc,phases   ] GC(359)   Evacuate Collection Set: 1.3ms
[2024-03-06T23:11:28.699+0000][7][gc,phases   ] GC(359)   Post Evacuate Collection Set: 0.8ms
[2024-03-06T23:11:28.699+0000][7][gc,phases   ] GC(359)   Other: 0.1ms
[2024-03-06T23:11:28.699+0000][7][gc,age      ] GC(359) Age table with threshold 15 (max threshold 15)
[2024-03-06T23:11:28.699+0000][7][gc,age      ] GC(359) - age   1:     944680 bytes,     944680 total
[2024-03-06T23:11:28.699+0000][7][gc,age      ] GC(359) - age   2:     133640 bytes,    1078320 total
[2024-03-06T23:11:28.699+0000][7][gc,age      ] GC(359) - age   3:        968 bytes,    1079288 total
[2024-03-06T23:11:28.699+0000][7][gc,age      ] GC(359) - age   4:     103032 bytes,    1182320 total
[2024-03-06T23:11:28.699+0000][7][gc,age      ] GC(359) - age   6:        304 bytes,    1182624 total
[2024-03-06T23:11:28.699+0000][7][gc,age      ] GC(359) - age   7:         32 bytes,    1182656 total
[2024-03-06T23:11:28.699+0000][7][gc,age      ] GC(359) - age   8:        184 bytes,    1182840 total
[2024-03-06T23:11:28.699+0000][7][gc,age      ] GC(359) - age  10:         24 bytes,    1182864 total
[2024-03-06T23:11:28.699+0000][7][gc,age      ] GC(359) - age  13:        184 bytes,    1183048 total
[2024-03-06T23:11:28.699+0000][7][gc,age      ] GC(359) - age  15:     142672 bytes,    1325720 total
[2024-03-06T23:11:28.699+0000][7][gc,heap     ] GC(359) Eden regions: 152->0(152)
[2024-03-06T23:11:28.699+0000][7][gc,heap     ] GC(359) Survivor regions: 1->1(20)
[2024-03-06T23:11:28.699+0000][7][gc,heap     ] GC(359) Old regions: 25->25
[2024-03-06T23:11:28.699+0000][7][gc,heap     ] GC(359) Archive regions: 2->2
[2024-03-06T23:11:28.699+0000][7][gc,heap     ] GC(359) Humongous regions: 0->0
[2024-03-06T23:11:28.699+0000][7][gc,metaspace] GC(359) Metaspace: 128914K(132416K)->128914K(132416K) NonClass: 112063K(113920K)->112063K(113920K) Class: 16851K(18496K)->16851K(18496K)
[2024-03-06T23:11:28.699+0000][7][gc          ] GC(359) Pause Young (Normal) (G1 Evacuation Pause) 710M->102M(1024M) 2.677ms
[2024-03-06T23:11:28.699+0000][7][gc,cpu      ] GC(359) User=0.02s Sys=0.00s Real=0.00s
[2024-03-06T23:11:28.699+0000][7][safepoint   ] Safepoint "G1CollectForAllocation", Time since last: 203919426673 ns, Reaching safepoint: 62414 ns, At safepoint: 2769213 ns, Total: 2831627 ns
[2024-03-06T23:11:42.701+0000][7][safepoint   ] Safepoint "Cleanup", Time since last: 14002199978 ns, Reaching safepoint: 80906 ns, At safepoint: 41757 ns, Total: 122663 ns
[2024-03-06T23:12:27.965+0000][7][safepoint   ] Safepoint "Cleanup", Time since last: 45263593760 ns, Reaching safepoint: 121635 ns, At safepoint: 3771 ns, Total: 125406 ns
[2024-03-06T23:12:28.965+0000][7][safepoint   ] Safepoint "Cleanup", Time since last: 1000122050 ns, Reaching safepoint: 77097 ns, At safepoint: 6952 ns, Total: 84049 ns
[2024-03-06T23:13:27.974+0000][7][safepoint   ] Safepoint "Cleanup", Time since last: 59008437447 ns, Reaching safepoint: 125366 ns, At safepoint: 14161 ns, Total: 139527 ns
[2024-03-06T23:14:46.764+0000][7][gc,start    ] GC(360) Pause Young (Normal) (G1 Evacuation Pause)
[2024-03-06T23:14:46.764+0000][7][gc,task     ] GC(360) Using 8 workers of 8 for evacuation
[2024-03-06T23:14:46.764+0000][7][gc,age      ] GC(360) Desired survivor size 41943040 bytes, new threshold 15 (max threshold 15)
[2024-03-06T23:14:46.767+0000][7][gc,phases   ] GC(360)   Pre Evacuate Collection Set: 0.1ms
[2024-03-06T23:14:46.767+0000][7][gc,phases   ] GC(360)   Merge Heap Roots: 0.1ms
[2024-03-06T23:14:46.767+0000][7][gc,phases   ] GC(360)   Evacuate Collection Set: 1.9ms
[2024-03-06T23:14:46.767+0000][7][gc,phases   ] GC(360)   Post Evacuate Collection Set: 1.0ms
[2024-03-06T23:14:46.767+0000][7][gc,phases   ] GC(360)   Other: 0.1ms
[2024-03-06T23:14:46.767+0000][7][gc,age      ] GC(360) Age table with threshold 15 (max threshold 15)
[2024-03-06T23:14:46.767+0000][7][gc,age      ] GC(360) - age   1:    1058896 bytes,    1058896 total
[2024-03-06T23:14:46.767+0000][7][gc,age      ] GC(360) - age   2:      21368 bytes,    1080264 total
[2024-03-06T23:14:46.767+0000][7][gc,age      ] GC(360) - age   3:     131720 bytes,    1211984 total
[2024-03-06T23:14:46.767+0000][7][gc,age      ] GC(360) - age   4:        248 bytes,    1212232 total
[2024-03-06T23:14:46.767+0000][7][gc,age      ] GC(360) - age   5:     102640 bytes,    1314872 total
[2024-03-06T23:14:46.767+0000][7][gc,age      ] GC(360) - age   7:         88 bytes,    1314960 total
[2024-03-06T23:14:46.767+0000][7][gc,age      ] GC(360) - age   8:         32 bytes,    1314992 total
[2024-03-06T23:14:46.767+0000][7][gc,age      ] GC(360) - age   9:        184 bytes,    1315176 total
[2024-03-06T23:14:46.767+0000][7][gc,age      ] GC(360) - age  11:         24 bytes,    1315200 total
[2024-03-06T23:14:46.767+0000][7][gc,age      ] GC(360) - age  14:        184 bytes,    1315384 total
[2024-03-06T23:14:46.767+0000][7][gc,heap     ] GC(360) Eden regions: 152->0(152)
[2024-03-06T23:14:46.767+0000][7][gc,heap     ] GC(360) Survivor regions: 1->1(20)
[2024-03-06T23:14:46.767+0000][7][gc,heap     ] GC(360) Old regions: 25->25
[2024-03-06T23:14:46.767+0000][7][gc,heap     ] GC(360) Archive regions: 2->2
[2024-03-06T23:14:46.767+0000][7][gc,heap     ] GC(360) Humongous regions: 0->0
[2024-03-06T23:14:46.767+0000][7][gc,metaspace] GC(360) Metaspace: 128914K(132416K)->128914K(132416K) NonClass: 112063K(113920K)->112063K(113920K) Class: 16851K(18496K)->16851K(18496K)
[2024-03-06T23:14:46.767+0000][7][gc          ] GC(360) Pause Young (Normal) (G1 Evacuation Pause) 710M->102M(1024M) 3.578ms
[2024-03-06T23:14:46.767+0000][7][gc,cpu      ] GC(360) User=0.02s Sys=0.00s Real=0.01s
[2024-03-06T23:14:46.767+0000][7][safepoint   ] Safepoint "G1CollectForAllocation", Time since last: 78790021573 ns, Reaching safepoint: 84071 ns, At safepoint: 3680951 ns, Total: 3765022 ns
[2024-03-06T23:15:28.773+0000][7][safepoint   ] Safepoint "Cleanup", Time since last: 42005995495 ns, Reaching safepoint: 96979 ns, At safepoint: 8650 ns, Total: 105629 ns
[2024-03-06T23:17:22.789+0000][7][safepoint   ] Safepoint "Cleanup", Time since last: 114015615172 ns, Reaching safepoint: 106632 ns, At safepoint: 11215 ns, Total: 117847 ns
[2024-03-06T23:18:04.738+0000][7][gc,start    ] GC(361) Pause Young (Normal) (G1 Evacuation Pause)
[2024-03-06T23:18:04.738+0000][7][gc,task     ] GC(361) Using 8 workers of 8 for evacuation
[2024-03-06T23:18:04.738+0000][7][gc,age      ] GC(361) Desired survivor size 41943040 bytes, new threshold 15 (max threshold 15)
[2024-03-06T23:18:04.740+0000][7][gc,phases   ] GC(361)   Pre Evacuate Collection Set: 0.1ms
[2024-03-06T23:18:04.740+0000][7][gc,phases   ] GC(361)   Merge Heap Roots: 0.1ms
[2024-03-06T23:18:04.740+0000][7][gc,phases   ] GC(361)   Evacuate Collection Set: 0.9ms
[2024-03-06T23:18:04.740+0000][7][gc,phases   ] GC(361)   Post Evacuate Collection Set: 0.6ms
[2024-03-06T23:18:04.740+0000][7][gc,phases   ] GC(361)   Other: 0.1ms
[2024-03-06T23:18:04.740+0000][7][gc,age      ] GC(361) Age table with threshold 15 (max threshold 15)
[2024-03-06T23:18:04.740+0000][7][gc,age      ] GC(361) - age   1:     527912 bytes,     527912 total
[2024-03-06T23:18:04.740+0000][7][gc,age      ] GC(361) - age   2:       3064 bytes,     530976 total
[2024-03-06T23:18:04.740+0000][7][gc,age      ] GC(361) - age   3:      19296 bytes,     550272 total
[2024-03-06T23:18:04.740+0000][7][gc,age      ] GC(361) - age   4:     131208 bytes,     681480 total
[2024-03-06T23:18:04.740+0000][7][gc,age      ] GC(361) - age   5:        224 bytes,     681704 total
[2024-03-06T23:18:04.740+0000][7][gc,age      ] GC(361) - age   6:     102640 bytes,     784344 total
[2024-03-06T23:18:04.740+0000][7][gc,age      ] GC(361) - age   8:         88 bytes,     784432 total
[2024-03-06T23:18:04.740+0000][7][gc,age      ] GC(361) - age  10:        184 bytes,     784616 total
[2024-03-06T23:18:04.740+0000][7][gc,age      ] GC(361) - age  12:         24 bytes,     784640 total
[2024-03-06T23:18:04.740+0000][7][gc,age      ] GC(361) - age  15:        184 bytes,     784824 total
[2024-03-06T23:18:04.740+0000][7][gc,heap     ] GC(361) Eden regions: 152->0(152)
[2024-03-06T23:18:04.740+0000][7][gc,heap     ] GC(361) Survivor regions: 1->1(20)
[2024-03-06T23:18:04.740+0000][7][gc,heap     ] GC(361) Old regions: 25->25
[2024-03-06T23:18:04.740+0000][7][gc,heap     ] GC(361) Archive regions: 2->2
[2024-03-06T23:18:04.740+0000][7][gc,heap     ] GC(361) Humongous regions: 0->0
[2024-03-06T23:18:04.740+0000][7][gc,metaspace] GC(361) Metaspace: 128914K(132416K)->128914K(132416K) NonClass: 112063K(113920K)->112063K(113920K) Class: 16851K(18496K)->16851K(18496K)
[2024-03-06T23:18:04.740+0000][7][gc          ] GC(361) Pause Young (Normal) (G1 Evacuation Pause) 710M->101M(1024M) 2.082ms
[2024-03-06T23:18:04.740+0000][7][gc,cpu      ] GC(361) User=0.01s Sys=0.00s Real=0.00s
[2024-03-06T23:18:04.740+0000][7][safepoint   ] Safepoint "G1CollectForAllocation", Time since last: 41948615548 ns, Reaching safepoint: 56720 ns, At safepoint: 2167844 ns, Total: 2224564 ns
[2024-03-06T23:18:28.743+0000][7][safepoint   ] Safepoint "Cleanup", Time since last: 24002987629 ns, Reaching safepoint: 135954 ns, At safepoint: 31276 ns, Total: 167230 ns
[2024-03-06T23:21:26.436+0000][7][gc,start    ] GC(362) Pause Young (Normal) (G1 Evacuation Pause)
[2024-03-06T23:21:26.436+0000][7][gc,task     ] GC(362) Using 8 workers of 8 for evacuation
[2024-03-06T23:21:26.436+0000][7][gc,age      ] GC(362) Desired survivor size 41943040 bytes, new threshold 15 (max threshold 15)
[2024-03-06T23:21:26.438+0000][7][gc,phases   ] GC(362)   Pre Evacuate Collection Set: 0.1ms
[2024-03-06T23:21:26.438+0000][7][gc,phases   ] GC(362)   Merge Heap Roots: 0.1ms
[2024-03-06T23:21:26.438+0000][7][gc,phases   ] GC(362)   Evacuate Collection Set: 1.3ms
[2024-03-06T23:21:26.438+0000][7][gc,phases   ] GC(362)   Post Evacuate Collection Set: 0.9ms
[2024-03-06T23:21:26.438+0000][7][gc,phases   ] GC(362)   Other: 0.1ms
[2024-03-06T23:21:26.438+0000][7][gc,age      ] GC(362) Age table with threshold 15 (max threshold 15)
[2024-03-06T23:21:26.438+0000][7][gc,age      ] GC(362) - age   1:     936880 bytes,     936880 total
[2024-03-06T23:21:26.438+0000][7][gc,age      ] GC(362) - age   2:       1944 bytes,     938824 total
[2024-03-06T23:21:26.438+0000][7][gc,age      ] GC(362) - age   3:       1504 bytes,     940328 total
[2024-03-06T23:21:26.438+0000][7][gc,age      ] GC(362) - age   4:      15584 bytes,     955912 total
[2024-03-06T23:21:26.438+0000][7][gc,age      ] GC(362) - age   5:     131208 bytes,    1087120 total
[2024-03-06T23:21:26.438+0000][7][gc,age      ] GC(362) - age   6:        224 bytes,    1087344 total
[2024-03-06T23:21:26.438+0000][7][gc,age      ] GC(362) - age   7:     102640 bytes,    1189984 total
[2024-03-06T23:21:26.438+0000][7][gc,age      ] GC(362) - age   9:         88 bytes,    1190072 total
[2024-03-06T23:21:26.438+0000][7][gc,age      ] GC(362) - age  11:        184 bytes,    1190256 total
[2024-03-06T23:21:26.438+0000][7][gc,age      ] GC(362) - age  13:         24 bytes,    1190280 total
[2024-03-06T23:21:26.438+0000][7][gc,heap     ] GC(362) Eden regions: 152->0(152)
[2024-03-06T23:21:26.438+0000][7][gc,heap     ] GC(362) Survivor regions: 1->1(20)
[2024-03-06T23:21:26.438+0000][7][gc,heap     ] GC(362) Old regions: 25->25
[2024-03-06T23:21:26.438+0000][7][gc,heap     ] GC(362) Archive regions: 2->2
[2024-03-06T23:21:26.438+0000][7][gc,heap     ] GC(362) Humongous regions: 0->0
[2024-03-06T23:21:26.439+0000][7][gc,metaspace] GC(362) Metaspace: 128914K(132416K)->128914K(132416K) NonClass: 112063K(113920K)->112063K(113920K) Class: 16851K(18496K)->16851K(18496K)
[2024-03-06T23:21:26.439+0000][7][gc          ] GC(362) Pause Young (Normal) (G1 Evacuation Pause) 709M->102M(1024M) 2.890ms
[2024-03-06T23:21:26.439+0000][7][gc,cpu      ] GC(362) User=0.02s Sys=0.00s Real=0.00s
[2024-03-06T23:21:26.439+0000][7][safepoint   ] Safepoint "G1CollectForAllocation", Time since last: 177692298786 ns, Reaching safepoint: 94989 ns, At safepoint: 2993375 ns, Total: 3088364 ns
[2024-03-06T23:24:34.938+0000][7][gc,start    ] GC(363) Pause Young (Normal) (G1 Evacuation Pause)
[2024-03-06T23:24:34.938+0000][7][gc,task     ] GC(363) Using 8 workers of 8 for evacuation
[2024-03-06T23:24:34.938+0000][7][gc,age      ] GC(363) Desired survivor size 41943040 bytes, new threshold 15 (max threshold 15)
[2024-03-06T23:24:34.941+0000][7][gc,phases   ] GC(363)   Pre Evacuate Collection Set: 0.1ms
[2024-03-06T23:24:34.941+0000][7][gc,phases   ] GC(363)   Merge Heap Roots: 0.1ms
[2024-03-06T23:24:34.941+0000][7][gc,phases   ] GC(363)   Evacuate Collection Set: 1.7ms
[2024-03-06T23:24:34.941+0000][7][gc,phases   ] GC(363)   Post Evacuate Collection Set: 0.7ms
[2024-03-06T23:24:34.941+0000][7][gc,phases   ] GC(363)   Other: 0.1ms
[2024-03-06T23:24:34.941+0000][7][gc,age      ] GC(363) Age table with threshold 15 (max threshold 15)
[2024-03-06T23:24:34.941+0000][7][gc,age      ] GC(363) - age   1:    1487064 bytes,    1487064 total
[2024-03-06T23:24:34.941+0000][7][gc,age      ] GC(363) - age   2:       5448 bytes,    1492512 total
[2024-03-06T23:24:34.941+0000][7][gc,age      ] GC(363) - age   3:        184 bytes,    1492696 total
[2024-03-06T23:24:34.941+0000][7][gc,age      ] GC(363) - age   4:        568 bytes,    1493264 total
[2024-03-06T23:24:34.941+0000][7][gc,age      ] GC(363) - age   5:      15456 bytes,    1508720 total
[2024-03-06T23:24:34.941+0000][7][gc,age      ] GC(363) - age   6:     129544 bytes,    1638264 total
[2024-03-06T23:24:34.941+0000][7][gc,age      ] GC(363) - age   7:        224 bytes,    1638488 total
[2024-03-06T23:24:34.941+0000][7][gc,age      ] GC(363) - age   8:     102640 bytes,    1741128 total
[2024-03-06T23:24:34.941+0000][7][gc,age      ] GC(363) - age  12:        184 bytes,    1741312 total
[2024-03-06T23:24:34.941+0000][7][gc,age      ] GC(363) - age  14:         24 bytes,    1741336 total
[2024-03-06T23:24:34.941+0000][7][gc,heap     ] GC(363) Eden regions: 152->0(152)
[2024-03-06T23:24:34.941+0000][7][gc,heap     ] GC(363) Survivor regions: 1->1(20)
[2024-03-06T23:24:34.941+0000][7][gc,heap     ] GC(363) Old regions: 25->25
[2024-03-06T23:24:34.941+0000][7][gc,heap     ] GC(363) Archive regions: 2->2
[2024-03-06T23:24:34.941+0000][7][gc,heap     ] GC(363) Humongous regions: 0->0
[2024-03-06T23:24:34.941+0000][7][gc,metaspace] GC(363) Metaspace: 128914K(132416K)->128914K(132416K) NonClass: 112063K(113920K)->112063K(113920K) Class: 16851K(18496K)->16851K(18496K)
[2024-03-06T23:24:34.941+0000][7][gc          ] GC(363) Pause Young (Normal) (G1 Evacuation Pause) 710M->102M(1024M) 3.025ms
[2024-03-06T23:24:34.941+0000][7][gc,cpu      ] GC(363) User=0.02s Sys=0.01s Real=0.00s
[2024-03-06T23:24:34.941+0000][7][safepoint   ] Safepoint "G1CollectForAllocation", Time since last: 188499387767 ns, Reaching safepoint: 61424 ns, At safepoint: 3124948 ns, Total: 3186372 ns
[2024-03-06T23:27:52.811+0000][7][gc,start    ] GC(364) Pause Young (Normal) (G1 Evacuation Pause)
[2024-03-06T23:27:52.811+0000][7][gc,task     ] GC(364) Using 8 workers of 8 for evacuation
[2024-03-06T23:27:52.811+0000][7][gc,age      ] GC(364) Desired survivor size 41943040 bytes, new threshold 15 (max threshold 15)
[2024-03-06T23:27:52.814+0000][7][gc,phases   ] GC(364)   Pre Evacuate Collection Set: 0.1ms
[2024-03-06T23:27:52.814+0000][7][gc,phases   ] GC(364)   Merge Heap Roots: 0.1ms
[2024-03-06T23:27:52.814+0000][7][gc,phases   ] GC(364)   Evacuate Collection Set: 1.4ms
[2024-03-06T23:27:52.814+0000][7][gc,phases   ] GC(364)   Post Evacuate Collection Set: 0.6ms
[2024-03-06T23:27:52.814+0000][7][gc,phases   ] GC(364)   Other: 0.1ms
[2024-03-06T23:27:52.814+0000][7][gc,age      ] GC(364) Age table with threshold 15 (max threshold 15)
[2024-03-06T23:27:52.814+0000][7][gc,age      ] GC(364) - age   1:    1704272 bytes,    1704272 total
[2024-03-06T23:27:52.814+0000][7][gc,age      ] GC(364) - age   2:     153128 bytes,    1857400 total
[2024-03-06T23:27:52.814+0000][7][gc,age      ] GC(364) - age   3:       3584 bytes,    1860984 total
[2024-03-06T23:27:52.814+0000][7][gc,age      ] GC(364) - age   4:        184 bytes,    1861168 total
[2024-03-06T23:27:52.814+0000][7][gc,age      ] GC(364) - age   5:        440 bytes,    1861608 total
[2024-03-06T23:27:52.814+0000][7][gc,age      ] GC(364) - age   6:      15456 bytes,    1877064 total
[2024-03-06T23:27:52.814+0000][7][gc,age      ] GC(364) - age   7:     129160 bytes,    2006224 total
[2024-03-06T23:27:52.814+0000][7][gc,age      ] GC(364) - age   8:        224 bytes,    2006448 total
[2024-03-06T23:27:52.814+0000][7][gc,age      ] GC(364) - age   9:     102640 bytes,    2109088 total
[2024-03-06T23:27:52.814+0000][7][gc,age      ] GC(364) - age  13:        184 bytes,    2109272 total
[2024-03-06T23:27:52.814+0000][7][gc,age      ] GC(364) - age  15:         24 bytes,    2109296 total
[2024-03-06T23:27:52.814+0000][7][gc,heap     ] GC(364) Eden regions: 152->0(152)
[2024-03-06T23:27:52.814+0000][7][gc,heap     ] GC(364) Survivor regions: 1->1(20)
[2024-03-06T23:27:52.814+0000][7][gc,heap     ] GC(364) Old regions: 25->25
[2024-03-06T23:27:52.814+0000][7][gc,heap     ] GC(364) Archive regions: 2->2
[2024-03-06T23:27:52.814+0000][7][gc,heap     ] GC(364) Humongous regions: 0->0
[2024-03-06T23:27:52.814+0000][7][gc,metaspace] GC(364) Metaspace: 128914K(132416K)->128914K(132416K) NonClass: 112063K(113920K)->112063K(113920K) Class: 16851K(18496K)->16851K(18496K)
[2024-03-06T23:27:52.814+0000][7][gc          ] GC(364) Pause Young (Normal) (G1 Evacuation Pause) 710M->103M(1024M) 2.479ms
[2024-03-06T23:27:52.814+0000][7][gc,cpu      ] GC(364) User=0.01s Sys=0.00s Real=0.01s
[2024-03-06T23:27:52.814+0000][7][safepoint   ] Safepoint "G1CollectForAllocation", Time since last: 197869925862 ns, Reaching safepoint: 72626 ns, At safepoint: 2557713 ns, Total: 2630339 ns
[2024-03-06T23:31:10.911+0000][7][gc,start    ] GC(365) Pause Young (Normal) (G1 Evacuation Pause)
[2024-03-06T23:31:10.911+0000][7][gc,task     ] GC(365) Using 8 workers of 8 for evacuation
[2024-03-06T23:31:10.911+0000][7][gc,age      ] GC(365) Desired survivor size 41943040 bytes, new threshold 15 (max threshold 15)
[2024-03-06T23:31:10.913+0000][7][gc,phases   ] GC(365)   Pre Evacuate Collection Set: 0.1ms
[2024-03-06T23:31:10.913+0000][7][gc,phases   ] GC(365)   Merge Heap Roots: 0.1ms
[2024-03-06T23:31:10.913+0000][7][gc,phases   ] GC(365)   Evacuate Collection Set: 1.3ms
[2024-03-06T23:31:10.913+0000][7][gc,phases   ] GC(365)   Post Evacuate Collection Set: 0.8ms
[2024-03-06T23:31:10.913+0000][7][gc,phases   ] GC(365)   Other: 0.1ms
[2024-03-06T23:31:10.914+0000][7][gc,age      ] GC(365) Age table with threshold 15 (max threshold 15)
[2024-03-06T23:31:10.914+0000][7][gc,age      ] GC(365) - age   1:     805824 bytes,     805824 total
[2024-03-06T23:31:10.914+0000][7][gc,age      ] GC(365) - age   2:       3488 bytes,     809312 total
[2024-03-06T23:31:10.914+0000][7][gc,age      ] GC(365) - age   3:     150128 bytes,     959440 total
[2024-03-06T23:31:10.914+0000][7][gc,age      ] GC(365) - age   4:         64 bytes,     959504 total
[2024-03-06T23:31:10.914+0000][7][gc,age      ] GC(365) - age   5:        184 bytes,     959688 total
[2024-03-06T23:31:10.914+0000][7][gc,age      ] GC(365) - age   6:         48 bytes,     959736 total
[2024-03-06T23:31:10.914+0000][7][gc,age      ] GC(365) - age   7:      15456 bytes,     975192 total
[2024-03-06T23:31:10.914+0000][7][gc,age      ] GC(365) - age   8:     129160 bytes,    1104352 total
[2024-03-06T23:31:10.914+0000][7][gc,age      ] GC(365) - age   9:        224 bytes,    1104576 total
[2024-03-06T23:31:10.914+0000][7][gc,age      ] GC(365) - age  10:     102640 bytes,    1207216 total
[2024-03-06T23:31:10.914+0000][7][gc,age      ] GC(365) - age  14:        184 bytes,    1207400 total
[2024-03-06T23:31:10.914+0000][7][gc,heap     ] GC(365) Eden regions: 152->0(152)
[2024-03-06T23:31:10.914+0000][7][gc,heap     ] GC(365) Survivor regions: 1->1(20)
[2024-03-06T23:31:10.914+0000][7][gc,heap     ] GC(365) Old regions: 25->25
[2024-03-06T23:31:10.914+0000][7][gc,heap     ] GC(365) Archive regions: 2->2
[2024-03-06T23:31:10.914+0000][7][gc,heap     ] GC(365) Humongous regions: 0->0
[2024-03-06T23:31:10.914+0000][7][gc,metaspace] GC(365) Metaspace: 128914K(132416K)->128914K(132416K) NonClass: 112063K(113920K)->112063K(113920K) Class: 16851K(18496K)->16851K(18496K)
[2024-03-06T23:31:10.914+0000][7][gc          ] GC(365) Pause Young (Normal) (G1 Evacuation Pause) 711M->102M(1024M) 2.717ms
[2024-03-06T23:31:10.914+0000][7][gc,cpu      ] GC(365) User=0.00s Sys=0.01s Real=0.01s
[2024-03-06T23:31:10.914+0000][7][safepoint   ] Safepoint "G1CollectForAllocation", Time since last: 198097092911 ns, Reaching safepoint: 82061 ns, At safepoint: 2813927 ns, Total: 2895988 ns
[2024-03-06T23:32:27.924+0000][7][safepoint   ] Safepoint "Cleanup", Time since last: 77010224163 ns, Reaching safepoint: 91529 ns, At safepoint: 10351 ns, Total: 101880 ns
[2024-03-06T23:34:32.606+0000][7][gc,start    ] GC(366) Pause Young (Normal) (G1 Evacuation Pause)
[2024-03-06T23:34:32.606+0000][7][gc,task     ] GC(366) Using 8 workers of 8 for evacuation
[2024-03-06T23:34:32.606+0000][7][gc,age      ] GC(366) Desired survivor size 41943040 bytes, new threshold 15 (max threshold 15)
[2024-03-06T23:34:32.609+0000][7][gc,phases   ] GC(366)   Pre Evacuate Collection Set: 0.1ms
[2024-03-06T23:34:32.609+0000][7][gc,phases   ] GC(366)   Merge Heap Roots: 0.1ms
[2024-03-06T23:34:32.609+0000][7][gc,phases   ] GC(366)   Evacuate Collection Set: 1.4ms
[2024-03-06T23:34:32.609+0000][7][gc,phases   ] GC(366)   Post Evacuate Collection Set: 0.8ms
[2024-03-06T23:34:32.609+0000][7][gc,phases   ] GC(366)   Other: 0.1ms
[2024-03-06T23:34:32.609+0000][7][gc,age      ] GC(366) Age table with threshold 15 (max threshold 15)
[2024-03-06T23:34:32.609+0000][7][gc,age      ] GC(366) - age   1:     836784 bytes,     836784 total
[2024-03-06T23:34:32.609+0000][7][gc,age      ] GC(366) - age   2:       5160 bytes,     841944 total
[2024-03-06T23:34:32.609+0000][7][gc,age      ] GC(366) - age   3:        824 bytes,     842768 total
[2024-03-06T23:34:32.609+0000][7][gc,age      ] GC(366) - age   4:     141136 bytes,     983904 total
[2024-03-06T23:34:32.609+0000][7][gc,age      ] GC(366) - age   6:        184 bytes,     984088 total
[2024-03-06T23:34:32.609+0000][7][gc,age      ] GC(366) - age   7:         16 bytes,     984104 total
[2024-03-06T23:34:32.609+0000][7][gc,age      ] GC(366) - age   8:      15456 bytes,     999560 total
[2024-03-06T23:34:32.609+0000][7][gc,age      ] GC(366) - age   9:     129160 bytes,    1128720 total
[2024-03-06T23:34:32.609+0000][7][gc,age      ] GC(366) - age  10:        224 bytes,    1128944 total
[2024-03-06T23:34:32.609+0000][7][gc,age      ] GC(366) - age  11:     102456 bytes,    1231400 total
[2024-03-06T23:34:32.609+0000][7][gc,age      ] GC(366) - age  15:        184 bytes,    1231584 total
[2024-03-06T23:34:32.609+0000][7][gc,heap     ] GC(366) Eden regions: 152->0(152)
[2024-03-06T23:34:32.609+0000][7][gc,heap     ] GC(366) Survivor regions: 1->1(20)
[2024-03-06T23:34:32.609+0000][7][gc,heap     ] GC(366) Old regions: 25->25
[2024-03-06T23:34:32.609+0000][7][gc,heap     ] GC(366) Archive regions: 2->2
[2024-03-06T23:34:32.609+0000][7][gc,heap     ] GC(366) Humongous regions: 0->0
[2024-03-06T23:34:32.609+0000][7][gc,metaspace] GC(366) Metaspace: 128914K(132416K)->128914K(132416K) NonClass: 112063K(113920K)->112063K(113920K) Class: 16851K(18496K)->16851K(18496K)
[2024-03-06T23:34:32.609+0000][7][gc          ] GC(366) Pause Young (Normal) (G1 Evacuation Pause) 710M->102M(1024M) 2.895ms
[2024-03-06T23:34:32.609+0000][7][gc,cpu      ] GC(366) User=0.02s Sys=0.00s Real=0.00s
[2024-03-06T23:34:32.609+0000][7][safepoint   ] Safepoint "G1CollectForAllocation", Time since last: 124681789342 ns, Reaching safepoint: 90121 ns, At safepoint: 3002358 ns, Total: 3092479 ns
[2024-03-06T23:35:28.616+0000][7][safepoint   ] Safepoint "Cleanup", Time since last: 56007293514 ns, Reaching safepoint: 77246 ns, At safepoint: 5616 ns, Total: 82862 ns
[2024-03-06T23:37:52.847+0000][7][gc,start    ] GC(367) Pause Young (Normal) (G1 Evacuation Pause)
[2024-03-06T23:37:52.847+0000][7][gc,task     ] GC(367) Using 8 workers of 8 for evacuation
[2024-03-06T23:37:52.847+0000][7][gc,age      ] GC(367) Desired survivor size 41943040 bytes, new threshold 15 (max threshold 15)
[2024-03-06T23:37:52.850+0000][7][gc,phases   ] GC(367)   Pre Evacuate Collection Set: 0.2ms
[2024-03-06T23:37:52.850+0000][7][gc,phases   ] GC(367)   Merge Heap Roots: 0.1ms
[2024-03-06T23:37:52.850+0000][7][gc,phases   ] GC(367)   Evacuate Collection Set: 1.5ms
[2024-03-06T23:37:52.850+0000][7][gc,phases   ] GC(367)   Post Evacuate Collection Set: 0.9ms
[2024-03-06T23:37:52.850+0000][7][gc,phases   ] GC(367)   Other: 0.1ms
[2024-03-06T23:37:52.850+0000][7][gc,age      ] GC(367) Age table with threshold 15 (max threshold 15)
[2024-03-06T23:37:52.850+0000][7][gc,age      ] GC(367) - age   1:    1311696 bytes,    1311696 total
[2024-03-06T23:37:52.850+0000][7][gc,age      ] GC(367) - age   2:      11704 bytes,    1323400 total
[2024-03-06T23:37:52.850+0000][7][gc,age      ] GC(367) - age   3:       3936 bytes,    1327336 total
[2024-03-06T23:37:52.850+0000][7][gc,age      ] GC(367) - age   4:        384 bytes,    1327720 total
[2024-03-06T23:37:52.850+0000][7][gc,age      ] GC(367) - age   5:     141136 bytes,    1468856 total
[2024-03-06T23:37:52.850+0000][7][gc,age      ] GC(367) - age   8:         16 bytes,    1468872 total
[2024-03-06T23:37:52.850+0000][7][gc,age      ] GC(367) - age   9:      15456 bytes,    1484328 total
[2024-03-06T23:37:52.850+0000][7][gc,age      ] GC(367) - age  10:     129160 bytes,    1613488 total
[2024-03-06T23:37:52.850+0000][7][gc,age      ] GC(367) - age  11:        224 bytes,    1613712 total
[2024-03-06T23:37:52.850+0000][7][gc,age      ] GC(367) - age  12:     102456 bytes,    1716168 total
[2024-03-06T23:37:52.850+0000][7][gc,heap     ] GC(367) Eden regions: 152->0(152)
[2024-03-06T23:37:52.850+0000][7][gc,heap     ] GC(367) Survivor regions: 1->1(20)
[2024-03-06T23:37:52.850+0000][7][gc,heap     ] GC(367) Old regions: 25->25
[2024-03-06T23:37:52.850+0000][7][gc,heap     ] GC(367) Archive regions: 2->2
[2024-03-06T23:37:52.850+0000][7][gc,heap     ] GC(367) Humongous regions: 0->0
[2024-03-06T23:37:52.850+0000][7][gc,metaspace] GC(367) Metaspace: 128914K(132416K)->128914K(132416K) NonClass: 112063K(113920K)->112063K(113920K) Class: 16851K(18496K)->16851K(18496K)
[2024-03-06T23:37:52.850+0000][7][gc          ] GC(367) Pause Young (Normal) (G1 Evacuation Pause) 710M->102M(1024M) 3.051ms
[2024-03-06T23:37:52.850+0000][7][gc,cpu      ] GC(367) User=0.01s Sys=0.00s Real=0.00s
[2024-03-06T23:37:52.850+0000][7][safepoint   ] Safepoint "G1CollectForAllocation", Time since last: 144230601679 ns, Reaching safepoint: 161284 ns, At safepoint: 3151253 ns, Total: 3312537 ns
[2024-03-06T23:39:34.866+0000][7][safepoint   ] Safepoint "Cleanup", Time since last: 102015864684 ns, Reaching safepoint: 102251 ns, At safepoint: 27110 ns, Total: 129361 ns
[2024-03-06T23:41:04.809+0000][7][gc,start    ] GC(368) Pause Young (Normal) (G1 Evacuation Pause)
[2024-03-06T23:41:04.809+0000][7][gc,task     ] GC(368) Using 8 workers of 8 for evacuation
[2024-03-06T23:41:04.809+0000][7][gc,age      ] GC(368) Desired survivor size 41943040 bytes, new threshold 15 (max threshold 15)
[2024-03-06T23:41:04.811+0000][7][gc,phases   ] GC(368)   Pre Evacuate Collection Set: 0.1ms
[2024-03-06T23:41:04.811+0000][7][gc,phases   ] GC(368)   Merge Heap Roots: 0.1ms
[2024-03-06T23:41:04.811+0000][7][gc,phases   ] GC(368)   Evacuate Collection Set: 0.8ms
[2024-03-06T23:41:04.811+0000][7][gc,phases   ] GC(368)   Post Evacuate Collection Set: 0.7ms
[2024-03-06T23:41:04.811+0000][7][gc,phases   ] GC(368)   Other: 0.1ms
[2024-03-06T23:41:04.811+0000][7][gc,age      ] GC(368) Age table with threshold 15 (max threshold 15)
[2024-03-06T23:41:04.811+0000][7][gc,age      ] GC(368) - age   1:     285400 bytes,     285400 total
[2024-03-06T23:41:04.811+0000][7][gc,age      ] GC(368) - age   2:       5888 bytes,     291288 total
[2024-03-06T23:41:04.811+0000][7][gc,age      ] GC(368) - age   3:       1472 bytes,     292760 total
[2024-03-06T23:41:04.811+0000][7][gc,age      ] GC(368) - age   4:        416 bytes,     293176 total
[2024-03-06T23:41:04.811+0000][7][gc,age      ] GC(368) - age   5:        384 bytes,     293560 total
[2024-03-06T23:41:04.811+0000][7][gc,age      ] GC(368) - age   6:     141136 bytes,     434696 total
[2024-03-06T23:41:04.811+0000][7][gc,age      ] GC(368) - age   9:         16 bytes,     434712 total
[2024-03-06T23:41:04.811+0000][7][gc,age      ] GC(368) - age  10:      15456 bytes,     450168 total
[2024-03-06T23:41:04.811+0000][7][gc,age      ] GC(368) - age  11:     129160 bytes,     579328 total
[2024-03-06T23:41:04.811+0000][7][gc,age      ] GC(368) - age  12:        224 bytes,     579552 total
[2024-03-06T23:41:04.811+0000][7][gc,age      ] GC(368) - age  13:     102456 bytes,     682008 total
[2024-03-06T23:41:04.811+0000][7][gc,heap     ] GC(368) Eden regions: 152->0(152)
[2024-03-06T23:41:04.811+0000][7][gc,heap     ] GC(368) Survivor regions: 1->1(20)
[2024-03-06T23:41:04.811+0000][7][gc,heap     ] GC(368) Old regions: 25->25
[2024-03-06T23:41:04.811+0000][7][gc,heap     ] GC(368) Archive regions: 2->2
[2024-03-06T23:41:04.811+0000][7][gc,heap     ] GC(368) Humongous regions: 0->0
[2024-03-06T23:41:04.811+0000][7][gc,metaspace] GC(368) Metaspace: 128914K(132416K)->128914K(132416K) NonClass: 112063K(113920K)->112063K(113920K) Class: 16851K(18496K)->16851K(18496K)
[2024-03-06T23:41:04.811+0000][7][gc          ] GC(368) Pause Young (Normal) (G1 Evacuation Pause) 710M->101M(1024M) 1.962ms
[2024-03-06T23:41:04.811+0000][7][gc,cpu      ] GC(368) User=0.01s Sys=0.00s Real=0.00s
[2024-03-06T23:41:04.811+0000][7][safepoint   ] Safepoint "G1CollectForAllocation", Time since last: 89942793418 ns, Reaching safepoint: 53169 ns, At safepoint: 2045206 ns, Total: 2098375 ns
[2024-03-06T23:44:22.800+0000][7][gc,start    ] GC(369) Pause Young (Normal) (G1 Evacuation Pause)
[2024-03-06T23:44:22.800+0000][7][gc,task     ] GC(369) Using 8 workers of 8 for evacuation
[2024-03-06T23:44:22.800+0000][7][gc,age      ] GC(369) Desired survivor size 41943040 bytes, new threshold 15 (max threshold 15)
[2024-03-06T23:44:22.802+0000][7][gc,phases   ] GC(369)   Pre Evacuate Collection Set: 0.1ms
[2024-03-06T23:44:22.802+0000][7][gc,phases   ] GC(369)   Merge Heap Roots: 0.1ms
[2024-03-06T23:44:22.802+0000][7][gc,phases   ] GC(369)   Evacuate Collection Set: 1.3ms
[2024-03-06T23:44:22.802+0000][7][gc,phases   ] GC(369)   Post Evacuate Collection Set: 0.7ms
[2024-03-06T23:44:22.802+0000][7][gc,phases   ] GC(369)   Other: 0.1ms
[2024-03-06T23:44:22.802+0000][7][gc,age      ] GC(369) Age table with threshold 15 (max threshold 15)
[2024-03-06T23:44:22.802+0000][7][gc,age      ] GC(369) - age   1:     566664 bytes,     566664 total
[2024-03-06T23:44:22.802+0000][7][gc,age      ] GC(369) - age   2:      13520 bytes,     580184 total
[2024-03-06T23:44:22.802+0000][7][gc,age      ] GC(369) - age   3:       2600 bytes,     582784 total
[2024-03-06T23:44:22.802+0000][7][gc,age      ] GC(369) - age   4:        344 bytes,     583128 total
[2024-03-06T23:44:22.803+0000][7][gc,age      ] GC(369) - age   6:        384 bytes,     583512 total
[2024-03-06T23:44:22.803+0000][7][gc,age      ] GC(369) - age   7:     141136 bytes,     724648 total
[2024-03-06T23:44:22.803+0000][7][gc,age      ] GC(369) - age  10:         16 bytes,     724664 total
[2024-03-06T23:44:22.803+0000][7][gc,age      ] GC(369) - age  11:      15456 bytes,     740120 total
[2024-03-06T23:44:22.803+0000][7][gc,age      ] GC(369) - age  12:     129160 bytes,     869280 total
[2024-03-06T23:44:22.803+0000][7][gc,age      ] GC(369) - age  13:        224 bytes,     869504 total
[2024-03-06T23:44:22.803+0000][7][gc,age      ] GC(369) - age  14:     102456 bytes,     971960 total
[2024-03-06T23:44:22.803+0000][7][gc,heap     ] GC(369) Eden regions: 152->0(152)
[2024-03-06T23:44:22.803+0000][7][gc,heap     ] GC(369) Survivor regions: 1->1(20)
[2024-03-06T23:44:22.803+0000][7][gc,heap     ] GC(369) Old regions: 25->25
[2024-03-06T23:44:22.803+0000][7][gc,heap     ] GC(369) Archive regions: 2->2
[2024-03-06T23:44:22.803+0000][7][gc,heap     ] GC(369) Humongous regions: 0->0
[2024-03-06T23:44:22.803+0000][7][gc,metaspace] GC(369) Metaspace: 128914K(132416K)->128914K(132416K) NonClass: 112063K(113920K)->112063K(113920K) Class: 16851K(18496K)->16851K(18496K)
[2024-03-06T23:44:22.803+0000][7][gc          ] GC(369) Pause Young (Normal) (G1 Evacuation Pause) 709M->102M(1024M) 2.584ms
[2024-03-06T23:44:22.803+0000][7][gc,cpu      ] GC(369) User=0.01s Sys=0.01s Real=0.00s
[2024-03-06T23:44:22.803+0000][7][safepoint   ] Safepoint "G1CollectForAllocation", Time since last: 197988804562 ns, Reaching safepoint: 75365 ns, At safepoint: 2671833 ns, Total: 2747198 ns
[2024-03-06T23:46:56.383+0000][7][gc,start    ] GC(370) Pause Young (Normal) (G1 Evacuation Pause)
[2024-03-06T23:46:56.383+0000][7][gc,task     ] GC(370) Using 8 workers of 8 for evacuation
[2024-03-06T23:46:56.383+0000][7][gc,age      ] GC(370) Desired survivor size 41943040 bytes, new threshold 15 (max threshold 15)
[2024-03-06T23:46:56.385+0000][7][gc,phases   ] GC(370)   Pre Evacuate Collection Set: 0.1ms
[2024-03-06T23:46:56.385+0000][7][gc,phases   ] GC(370)   Merge Heap Roots: 0.1ms
[2024-03-06T23:46:56.385+0000][7][gc,phases   ] GC(370)   Evacuate Collection Set: 1.2ms
[2024-03-06T23:46:56.385+0000][7][gc,phases   ] GC(370)   Post Evacuate Collection Set: 0.7ms
[2024-03-06T23:46:56.385+0000][7][gc,phases   ] GC(370)   Other: 0.1ms
[2024-03-06T23:46:56.385+0000][7][gc,age      ] GC(370) Age table with threshold 15 (max threshold 15)
[2024-03-06T23:46:56.385+0000][7][gc,age      ] GC(370) - age   1:    1132960 bytes,    1132960 total
[2024-03-06T23:46:56.385+0000][7][gc,age      ] GC(370) - age   2:       4880 bytes,    1137840 total
[2024-03-06T23:46:56.385+0000][7][gc,age      ] GC(370) - age   3:      11920 bytes,    1149760 total
[2024-03-06T23:46:56.385+0000][7][gc,age      ] GC(370) - age   4:       2472 bytes,    1152232 total
[2024-03-06T23:46:56.385+0000][7][gc,age      ] GC(370) - age   5:        344 bytes,    1152576 total
[2024-03-06T23:46:56.385+0000][7][gc,age      ] GC(370) - age   8:     141136 bytes,    1293712 total
[2024-03-06T23:46:56.385+0000][7][gc,age      ] GC(370) - age  11:         16 bytes,    1293728 total
[2024-03-06T23:46:56.385+0000][7][gc,age      ] GC(370) - age  12:      15456 bytes,    1309184 total
[2024-03-06T23:46:56.385+0000][7][gc,age      ] GC(370) - age  13:     129160 bytes,    1438344 total
[2024-03-06T23:46:56.385+0000][7][gc,age      ] GC(370) - age  14:        224 bytes,    1438568 total
[2024-03-06T23:46:56.385+0000][7][gc,age      ] GC(370) - age  15:     102456 bytes,    1541024 total
[2024-03-06T23:46:56.385+0000][7][gc,heap     ] GC(370) Eden regions: 152->0(152)
[2024-03-06T23:46:56.385+0000][7][gc,heap     ] GC(370) Survivor regions: 1->1(20)
[2024-03-06T23:46:56.385+0000][7][gc,heap     ] GC(370) Old regions: 25->25
[2024-03-06T23:46:56.385+0000][7][gc,heap     ] GC(370) Archive regions: 2->2
[2024-03-06T23:46:56.385+0000][7][gc,heap     ] GC(370) Humongous regions: 0->0
[2024-03-06T23:46:56.385+0000][7][gc,metaspace] GC(370) Metaspace: 128914K(132416K)->128914K(132416K) NonClass: 112063K(113920K)->112063K(113920K) Class: 16851K(18496K)->16851K(18496K)
[2024-03-06T23:46:56.385+0000][7][gc          ] GC(370) Pause Young (Normal) (G1 Evacuation Pause) 710M->102M(1024M) 2.523ms
[2024-03-06T23:46:56.385+0000][7][gc,cpu      ] GC(370) User=0.01s Sys=0.00s Real=0.00s
[2024-03-06T23:46:56.385+0000][7][safepoint   ] Safepoint "G1CollectForAllocation", Time since last: 153579938948 ns, Reaching safepoint: 36552 ns, At safepoint: 2614370 ns, Total: 2650922 ns
[2024-03-06T23:47:41.391+0000][7][safepoint   ] Safepoint "Cleanup", Time since last: 45005374004 ns, Reaching safepoint: 88921 ns, At safepoint: 39673 ns, Total: 128594 ns
[2024-03-06T23:49:46.917+0000][7][gc,start    ] GC(371) Pause Young (Normal) (G1 Evacuation Pause)
[2024-03-06T23:49:46.917+0000][7][gc,task     ] GC(371) Using 8 workers of 8 for evacuation
[2024-03-06T23:49:46.917+0000][7][gc,age      ] GC(371) Desired survivor size 41943040 bytes, new threshold 15 (max threshold 15)
[2024-03-06T23:49:46.918+0000][7][gc,phases   ] GC(371)   Pre Evacuate Collection Set: 0.1ms
[2024-03-06T23:49:46.919+0000][7][gc,phases   ] GC(371)   Merge Heap Roots: 0.1ms
[2024-03-06T23:49:46.919+0000][7][gc,phases   ] GC(371)   Evacuate Collection Set: 0.8ms
[2024-03-06T23:49:46.919+0000][7][gc,phases   ] GC(371)   Post Evacuate Collection Set: 0.6ms
[2024-03-06T23:49:46.919+0000][7][gc,phases   ] GC(371)   Other: 0.1ms
[2024-03-06T23:49:46.919+0000][7][gc,age      ] GC(371) Age table with threshold 15 (max threshold 15)
[2024-03-06T23:49:46.919+0000][7][gc,age      ] GC(371) - age   1:     753216 bytes,     753216 total
[2024-03-06T23:49:46.919+0000][7][gc,age      ] GC(371) - age   2:       2976 bytes,     756192 total
[2024-03-06T23:49:46.919+0000][7][gc,age      ] GC(371) - age   3:       2440 bytes,     758632 total
[2024-03-06T23:49:46.919+0000][7][gc,age      ] GC(371) - age   4:       8080 bytes,     766712 total
[2024-03-06T23:49:46.919+0000][7][gc,age      ] GC(371) - age   5:       2408 bytes,     769120 total
[2024-03-06T23:49:46.919+0000][7][gc,age      ] GC(371) - age   6:        160 bytes,     769280 total
[2024-03-06T23:49:46.919+0000][7][gc,age      ] GC(371) - age   9:     141136 bytes,     910416 total
[2024-03-06T23:49:46.919+0000][7][gc,age      ] GC(371) - age  12:         16 bytes,     910432 total
[2024-03-06T23:49:46.919+0000][7][gc,age      ] GC(371) - age  13:      15456 bytes,     925888 total
[2024-03-06T23:49:46.919+0000][7][gc,age      ] GC(371) - age  14:     129160 bytes,    1055048 total
[2024-03-06T23:49:46.919+0000][7][gc,age      ] GC(371) - age  15:        224 bytes,    1055272 total
[2024-03-06T23:49:46.919+0000][7][gc,heap     ] GC(371) Eden regions: 152->0(152)
[2024-03-06T23:49:46.919+0000][7][gc,heap     ] GC(371) Survivor regions: 1->1(20)
[2024-03-06T23:49:46.919+0000][7][gc,heap     ] GC(371) Old regions: 25->25
[2024-03-06T23:49:46.919+0000][7][gc,heap     ] GC(371) Archive regions: 2->2
[2024-03-06T23:49:46.919+0000][7][gc,heap     ] GC(371) Humongous regions: 0->0
[2024-03-06T23:49:46.919+0000][7][gc,metaspace] GC(371) Metaspace: 128914K(132416K)->128914K(132416K) NonClass: 112063K(113920K)->112063K(113920K) Class: 16851K(18496K)->16851K(18496K)
[2024-03-06T23:49:46.919+0000][7][gc          ] GC(371) Pause Young (Normal) (G1 Evacuation Pause) 710M->102M(1024M) 1.859ms
[2024-03-06T23:49:46.919+0000][7][gc,cpu      ] GC(371) User=0.01s Sys=0.00s Real=0.00s
[2024-03-06T23:49:46.919+0000][7][safepoint   ] Safepoint "G1CollectForAllocation", Time since last: 125525988726 ns, Reaching safepoint: 63120 ns, At safepoint: 1935556 ns, Total: 1998676 ns
[2024-03-06T23:53:01.842+0000][7][gc,start    ] GC(372) Pause Young (Normal) (G1 Evacuation Pause)
[2024-03-06T23:53:01.842+0000][7][gc,task     ] GC(372) Using 8 workers of 8 for evacuation
[2024-03-06T23:53:01.842+0000][7][gc,age      ] GC(372) Desired survivor size 41943040 bytes, new threshold 15 (max threshold 15)
[2024-03-06T23:53:01.845+0000][7][gc,phases   ] GC(372)   Pre Evacuate Collection Set: 0.1ms
[2024-03-06T23:53:01.845+0000][7][gc,phases   ] GC(372)   Merge Heap Roots: 0.1ms
[2024-03-06T23:53:01.845+0000][7][gc,phases   ] GC(372)   Evacuate Collection Set: 1.5ms
[2024-03-06T23:53:01.845+0000][7][gc,phases   ] GC(372)   Post Evacuate Collection Set: 0.8ms
[2024-03-06T23:53:01.845+0000][7][gc,phases   ] GC(372)   Other: 0.1ms
[2024-03-06T23:53:01.845+0000][7][gc,age      ] GC(372) Age table with threshold 15 (max threshold 15)
[2024-03-06T23:53:01.845+0000][7][gc,age      ] GC(372) - age   1:    1045464 bytes,    1045464 total
[2024-03-06T23:53:01.845+0000][7][gc,age      ] GC(372) - age   2:       6296 bytes,    1051760 total
[2024-03-06T23:53:01.845+0000][7][gc,age      ] GC(372) - age   3:        696 bytes,    1052456 total
[2024-03-06T23:53:01.845+0000][7][gc,age      ] GC(372) - age   4:        664 bytes,    1053120 total
[2024-03-06T23:53:01.845+0000][7][gc,age      ] GC(372) - age   5:       8016 bytes,    1061136 total
[2024-03-06T23:53:01.845+0000][7][gc,age      ] GC(372) - age   6:       2408 bytes,    1063544 total
[2024-03-06T23:53:01.845+0000][7][gc,age      ] GC(372) - age   7:        128 bytes,    1063672 total
[2024-03-06T23:53:01.845+0000][7][gc,age      ] GC(372) - age  10:     141136 bytes,    1204808 total
[2024-03-06T23:53:01.845+0000][7][gc,age      ] GC(372) - age  13:         16 bytes,    1204824 total
[2024-03-06T23:53:01.845+0000][7][gc,age      ] GC(372) - age  14:      15456 bytes,    1220280 total
[2024-03-06T23:53:01.845+0000][7][gc,age      ] GC(372) - age  15:     129160 bytes,    1349440 total
[2024-03-06T23:53:01.845+0000][7][gc,heap     ] GC(372) Eden regions: 152->0(152)
[2024-03-06T23:53:01.845+0000][7][gc,heap     ] GC(372) Survivor regions: 1->1(20)
[2024-03-06T23:53:01.845+0000][7][gc,heap     ] GC(372) Old regions: 25->25
[2024-03-06T23:53:01.845+0000][7][gc,heap     ] GC(372) Archive regions: 2->2
[2024-03-06T23:53:01.845+0000][7][gc,heap     ] GC(372) Humongous regions: 0->0
[2024-03-06T23:53:01.845+0000][7][gc,metaspace] GC(372) Metaspace: 128925K(132416K)->128925K(132416K) NonClass: 112073K(113920K)->112073K(113920K) Class: 16851K(18496K)->16851K(18496K)
[2024-03-06T23:53:01.845+0000][7][gc          ] GC(372) Pause Young (Normal) (G1 Evacuation Pause) 710M->102M(1024M) 2.995ms
[2024-03-06T23:53:01.845+0000][7][gc,cpu      ] GC(372) User=0.01s Sys=0.00s Real=0.00s
[2024-03-06T23:53:01.846+0000][7][safepoint   ] Safepoint "G1CollectForAllocation", Time since last: 194923577569 ns, Reaching safepoint: 68130 ns, At safepoint: 3103714 ns, Total: 3171844 ns
[2024-03-06T23:56:04.928+0000][7][gc,start    ] GC(373) Pause Young (Normal) (G1 Evacuation Pause)
[2024-03-06T23:56:04.928+0000][7][gc,task     ] GC(373) Using 8 workers of 8 for evacuation
[2024-03-06T23:56:04.928+0000][7][gc,age      ] GC(373) Desired survivor size 41943040 bytes, new threshold 15 (max threshold 15)
[2024-03-06T23:56:04.930+0000][7][gc,phases   ] GC(373)   Pre Evacuate Collection Set: 0.1ms
[2024-03-06T23:56:04.930+0000][7][gc,phases   ] GC(373)   Merge Heap Roots: 0.1ms
[2024-03-06T23:56:04.930+0000][7][gc,phases   ] GC(373)   Evacuate Collection Set: 1.2ms
[2024-03-06T23:56:04.930+0000][7][gc,phases   ] GC(373)   Post Evacuate Collection Set: 0.6ms
[2024-03-06T23:56:04.930+0000][7][gc,phases   ] GC(373)   Other: 0.1ms
[2024-03-06T23:56:04.930+0000][7][gc,age      ] GC(373) Age table with threshold 15 (max threshold 15)
[2024-03-06T23:56:04.930+0000][7][gc,age      ] GC(373) - age   1:    1690560 bytes,    1690560 total
[2024-03-06T23:56:04.930+0000][7][gc,age      ] GC(373) - age   2:       4680 bytes,    1695240 total
[2024-03-06T23:56:04.930+0000][7][gc,age      ] GC(373) - age   3:       4056 bytes,    1699296 total
[2024-03-06T23:56:04.930+0000][7][gc,age      ] GC(373) - age   4:        696 bytes,    1699992 total
[2024-03-06T23:56:04.930+0000][7][gc,age      ] GC(373) - age   5:        664 bytes,    1700656 total
[2024-03-06T23:56:04.930+0000][7][gc,age      ] GC(373) - age   6:       8016 bytes,    1708672 total
[2024-03-06T23:56:04.930+0000][7][gc,age      ] GC(373) - age   7:       2408 bytes,    1711080 total
[2024-03-06T23:56:04.930+0000][7][gc,age      ] GC(373) - age   8:        128 bytes,    1711208 total
[2024-03-06T23:56:04.930+0000][7][gc,age      ] GC(373) - age  11:     141136 bytes,    1852344 total
[2024-03-06T23:56:04.930+0000][7][gc,age      ] GC(373) - age  14:         16 bytes,    1852360 total
[2024-03-06T23:56:04.930+0000][7][gc,age      ] GC(373) - age  15:      15456 bytes,    1867816 total
[2024-03-06T23:56:04.930+0000][7][gc,heap     ] GC(373) Eden regions: 152->0(152)
[2024-03-06T23:56:04.930+0000][7][gc,heap     ] GC(373) Survivor regions: 1->1(20)
[2024-03-06T23:56:04.930+0000][7][gc,heap     ] GC(373) Old regions: 25->25
[2024-03-06T23:56:04.930+0000][7][gc,heap     ] GC(373) Archive regions: 2->2
[2024-03-06T23:56:04.930+0000][7][gc,heap     ] GC(373) Humongous regions: 0->0
[2024-03-06T23:56:04.930+0000][7][gc,metaspace] GC(373) Metaspace: 128925K(132416K)->128925K(132416K) NonClass: 112073K(113920K)->112073K(113920K) Class: 16851K(18496K)->16851K(18496K)
[2024-03-06T23:56:04.930+0000][7][gc          ] GC(373) Pause Young (Normal) (G1 Evacuation Pause) 710M->103M(1024M) 2.268ms
[2024-03-06T23:56:04.930+0000][7][gc,cpu      ] GC(373) User=0.01s Sys=0.00s Real=0.00s
[2024-03-06T23:56:04.930+0000][7][safepoint   ] Safepoint "G1CollectForAllocation", Time since last: 183082039713 ns, Reaching safepoint: 53092 ns, At safepoint: 2342416 ns, Total: 2395508 ns
[2024-03-06T23:59:13.899+0000][7][gc,start    ] GC(374) Pause Young (Normal) (G1 Evacuation Pause)
[2024-03-06T23:59:13.900+0000][7][gc,task     ] GC(374) Using 8 workers of 8 for evacuation
[2024-03-06T23:59:13.900+0000][7][gc,age      ] GC(374) Desired survivor size 41943040 bytes, new threshold 15 (max threshold 15)
[2024-03-06T23:59:13.902+0000][7][gc,phases   ] GC(374)   Pre Evacuate Collection Set: 0.1ms
[2024-03-06T23:59:13.902+0000][7][gc,phases   ] GC(374)   Merge Heap Roots: 0.1ms
[2024-03-06T23:59:13.902+0000][7][gc,phases   ] GC(374)   Evacuate Collection Set: 1.1ms
[2024-03-06T23:59:13.902+0000][7][gc,phases   ] GC(374)   Post Evacuate Collection Set: 0.6ms
[2024-03-06T23:59:13.902+0000][7][gc,phases   ] GC(374)   Other: 0.1ms
[2024-03-06T23:59:13.902+0000][7][gc,age      ] GC(374) Age table with threshold 15 (max threshold 15)
[2024-03-06T23:59:13.902+0000][7][gc,age      ] GC(374) - age   1:    1139696 bytes,    1139696 total
[2024-03-06T23:59:13.902+0000][7][gc,age      ] GC(374) - age   2:       3096 bytes,    1142792 total
[2024-03-06T23:59:13.902+0000][7][gc,age      ] GC(374) - age   3:       1992 bytes,    1144784 total
[2024-03-06T23:59:13.902+0000][7][gc,age      ] GC(374) - age   4:       3736 bytes,    1148520 total
[2024-03-06T23:59:13.902+0000][7][gc,age      ] GC(374) - age   5:        632 bytes,    1149152 total
[2024-03-06T23:59:13.902+0000][7][gc,age      ] GC(374) - age   6:        480 bytes,    1149632 total
[2024-03-06T23:59:13.902+0000][7][gc,age      ] GC(374) - age   7:       8016 bytes,    1157648 total
[2024-03-06T23:59:13.902+0000][7][gc,age      ] GC(374) - age   8:       2224 bytes,    1159872 total
[2024-03-06T23:59:13.902+0000][7][gc,age      ] GC(374) - age   9:        128 bytes,    1160000 total
[2024-03-06T23:59:13.902+0000][7][gc,age      ] GC(374) - age  12:     141136 bytes,    1301136 total
[2024-03-06T23:59:13.902+0000][7][gc,age      ] GC(374) - age  15:         16 bytes,    1301152 total
[2024-03-06T23:59:13.902+0000][7][gc,heap     ] GC(374) Eden regions: 152->0(152)
[2024-03-06T23:59:13.902+0000][7][gc,heap     ] GC(374) Survivor regions: 1->1(20)
[2024-03-06T23:59:13.902+0000][7][gc,heap     ] GC(374) Old regions: 25->25
[2024-03-06T23:59:13.902+0000][7][gc,heap     ] GC(374) Archive regions: 2->2
[2024-03-06T23:59:13.902+0000][7][gc,heap     ] GC(374) Humongous regions: 0->0
[2024-03-06T23:59:13.902+0000][7][gc,metaspace] GC(374) Metaspace: 128925K(132416K)->128925K(132416K) NonClass: 112073K(113920K)->112073K(113920K) Class: 16851K(18496K)->16851K(18496K)
[2024-03-06T23:59:13.902+0000][7][gc          ] GC(374) Pause Young (Normal) (G1 Evacuation Pause) 711M->102M(1024M) 2.255ms
[2024-03-06T23:59:13.902+0000][7][gc,cpu      ] GC(374) User=0.02s Sys=0.00s Real=0.00s
[2024-03-06T23:59:13.902+0000][7][safepoint   ] Safepoint "G1CollectForAllocation", Time since last: 188969469630 ns, Reaching safepoint: 62174 ns, At safepoint: 2338596 ns, Total: 2400770 ns
[2024-03-07T00:00:02.908+0000][7][safepoint   ] Safepoint "Cleanup", Time since last: 49006412220 ns, Reaching safepoint: 66426 ns, At safepoint: 7483 ns, Total: 73909 ns
[2024-03-07T00:02:22.719+0000][7][gc,start    ] GC(375) Pause Young (Normal) (G1 Evacuation Pause)
[2024-03-07T00:02:22.719+0000][7][gc,task     ] GC(375) Using 8 workers of 8 for evacuation
[2024-03-07T00:02:22.719+0000][7][gc,age      ] GC(375) Desired survivor size 41943040 bytes, new threshold 15 (max threshold 15)
[2024-03-07T00:02:22.722+0000][7][gc,phases   ] GC(375)   Pre Evacuate Collection Set: 0.1ms
[2024-03-07T00:02:22.722+0000][7][gc,phases   ] GC(375)   Merge Heap Roots: 0.1ms
[2024-03-07T00:02:22.722+0000][7][gc,phases   ] GC(375)   Evacuate Collection Set: 1.4ms
[2024-03-07T00:02:22.722+0000][7][gc,phases   ] GC(375)   Post Evacuate Collection Set: 0.8ms
[2024-03-07T00:02:22.722+0000][7][gc,phases   ] GC(375)   Other: 0.1ms
[2024-03-07T00:02:22.722+0000][7][gc,age      ] GC(375) Age table with threshold 15 (max threshold 15)
[2024-03-07T00:02:22.722+0000][7][gc,age      ] GC(375) - age   1:    1315528 bytes,    1315528 total
[2024-03-07T00:02:22.722+0000][7][gc,age      ] GC(375) - age   2:       3208 bytes,    1318736 total
[2024-03-07T00:02:22.722+0000][7][gc,age      ] GC(375) - age   3:        504 bytes,    1319240 total
[2024-03-07T00:02:22.722+0000][7][gc,age      ] GC(375) - age   4:        408 bytes,    1319648 total
[2024-03-07T00:02:22.722+0000][7][gc,age      ] GC(375) - age   5:        280 bytes,    1319928 total
[2024-03-07T00:02:22.722+0000][7][gc,age      ] GC(375) - age   6:        384 bytes,    1320312 total
[2024-03-07T00:02:22.722+0000][7][gc,age      ] GC(375) - age   7:        240 bytes,    1320552 total
[2024-03-07T00:02:22.722+0000][7][gc,age      ] GC(375) - age   8:       8016 bytes,    1328568 total
[2024-03-07T00:02:22.722+0000][7][gc,age      ] GC(375) - age   9:       2224 bytes,    1330792 total
[2024-03-07T00:02:22.722+0000][7][gc,age      ] GC(375) - age  10:        128 bytes,    1330920 total
[2024-03-07T00:02:22.722+0000][7][gc,age      ] GC(375) - age  13:     140752 bytes,    1471672 total
[2024-03-07T00:02:22.722+0000][7][gc,heap     ] GC(375) Eden regions: 152->0(152)
[2024-03-07T00:02:22.722+0000][7][gc,heap     ] GC(375) Survivor regions: 1->1(20)
[2024-03-07T00:02:22.722+0000][7][gc,heap     ] GC(375) Old regions: 25->25
[2024-03-07T00:02:22.722+0000][7][gc,heap     ] GC(375) Archive regions: 2->2
[2024-03-07T00:02:22.722+0000][7][gc,heap     ] GC(375) Humongous regions: 0->0
[2024-03-07T00:02:22.722+0000][7][gc,metaspace] GC(375) Metaspace: 128930K(132416K)->128930K(132416K) NonClass: 112078K(113920K)->112078K(113920K) Class: 16851K(18496K)->16851K(18496K)
[2024-03-07T00:02:22.722+0000][7][gc          ] GC(375) Pause Young (Normal) (G1 Evacuation Pause) 710M->102M(1024M) 2.882ms
[2024-03-07T00:02:22.722+0000][7][gc,cpu      ] GC(375) User=0.02s Sys=0.00s Real=0.00s
[2024-03-07T00:02:22.722+0000][7][safepoint   ] Safepoint "G1CollectForAllocation", Time since last: 139810515121 ns, Reaching safepoint: 63026 ns, At safepoint: 2981246 ns, Total: 3044272 ns
[2024-03-07T00:05:07.902+0000][7][gc,start    ] GC(376) Pause Young (Normal) (G1 Evacuation Pause)
[2024-03-07T00:05:07.902+0000][7][gc,task     ] GC(376) Using 8 workers of 8 for evacuation
[2024-03-07T00:05:07.902+0000][7][gc,age      ] GC(376) Desired survivor size 41943040 bytes, new threshold 15 (max threshold 15)
[2024-03-07T00:05:07.904+0000][7][gc,phases   ] GC(376)   Pre Evacuate Collection Set: 0.1ms
[2024-03-07T00:05:07.904+0000][7][gc,phases   ] GC(376)   Merge Heap Roots: 0.1ms
[2024-03-07T00:05:07.904+0000][7][gc,phases   ] GC(376)   Evacuate Collection Set: 1.1ms
[2024-03-07T00:05:07.904+0000][7][gc,phases   ] GC(376)   Post Evacuate Collection Set: 0.6ms
[2024-03-07T00:05:07.904+0000][7][gc,phases   ] GC(376)   Other: 0.1ms
[2024-03-07T00:05:07.904+0000][7][gc,age      ] GC(376) Age table with threshold 15 (max threshold 15)
[2024-03-07T00:05:07.904+0000][7][gc,age      ] GC(376) - age   1:     965832 bytes,     965832 total
[2024-03-07T00:05:07.904+0000][7][gc,age      ] GC(376) - age   2:     301128 bytes,    1266960 total
[2024-03-07T00:05:07.904+0000][7][gc,age      ] GC(376) - age   3:       1088 bytes,    1268048 total
[2024-03-07T00:05:07.904+0000][7][gc,age      ] GC(376) - age   4:        312 bytes,    1268360 total
[2024-03-07T00:05:07.904+0000][7][gc,age      ] GC(376) - age   5:        216 bytes,    1268576 total
[2024-03-07T00:05:07.904+0000][7][gc,age      ] GC(376) - age   7:        384 bytes,    1268960 total
[2024-03-07T00:05:07.904+0000][7][gc,age      ] GC(376) - age   8:        240 bytes,    1269200 total
[2024-03-07T00:05:07.904+0000][7][gc,age      ] GC(376) - age   9:       8016 bytes,    1277216 total
[2024-03-07T00:05:07.904+0000][7][gc,age      ] GC(376) - age  10:       2224 bytes,    1279440 total
[2024-03-07T00:05:07.904+0000][7][gc,age      ] GC(376) - age  11:        128 bytes,    1279568 total
[2024-03-07T00:05:07.904+0000][7][gc,age      ] GC(376) - age  14:     140752 bytes,    1420320 total
[2024-03-07T00:05:07.904+0000][7][gc,heap     ] GC(376) Eden regions: 152->0(152)
[2024-03-07T00:05:07.904+0000][7][gc,heap     ] GC(376) Survivor regions: 1->1(20)
[2024-03-07T00:05:07.904+0000][7][gc,heap     ] GC(376) Old regions: 25->25
[2024-03-07T00:05:07.904+0000][7][gc,heap     ] GC(376) Archive regions: 2->2
[2024-03-07T00:05:07.904+0000][7][gc,heap     ] GC(376) Humongous regions: 0->0
[2024-03-07T00:05:07.904+0000][7][gc,metaspace] GC(376) Metaspace: 128930K(132416K)->128930K(132416K) NonClass: 112079K(113920K)->112079K(113920K) Class: 16851K(18496K)->16851K(18496K)
[2024-03-07T00:05:07.904+0000][7][gc          ] GC(376) Pause Young (Normal) (G1 Evacuation Pause) 710M->102M(1024M) 2.218ms
[2024-03-07T00:05:07.904+0000][7][gc,cpu      ] GC(376) User=0.01s Sys=0.00s Real=0.00s
[2024-03-07T00:05:07.905+0000][7][safepoint   ] Safepoint "G1CollectForAllocation", Time since last: 165180311158 ns, Reaching safepoint: 60999 ns, At safepoint: 2299421 ns, Total: 2360420 ns
[2024-03-07T00:07:40.927+0000][7][gc,start    ] GC(377) Pause Young (Normal) (G1 Evacuation Pause)
[2024-03-07T00:07:40.927+0000][7][gc,task     ] GC(377) Using 8 workers of 8 for evacuation
[2024-03-07T00:07:40.927+0000][7][gc,age      ] GC(377) Desired survivor size 41943040 bytes, new threshold 15 (max threshold 15)
[2024-03-07T00:07:40.929+0000][7][gc,phases   ] GC(377)   Pre Evacuate Collection Set: 0.1ms
[2024-03-07T00:07:40.929+0000][7][gc,phases   ] GC(377)   Merge Heap Roots: 0.1ms
[2024-03-07T00:07:40.929+0000][7][gc,phases   ] GC(377)   Evacuate Collection Set: 1.1ms
[2024-03-07T00:07:40.929+0000][7][gc,phases   ] GC(377)   Post Evacuate Collection Set: 0.6ms
[2024-03-07T00:07:40.929+0000][7][gc,phases   ] GC(377)   Other: 0.1ms
[2024-03-07T00:07:40.929+0000][7][gc,age      ] GC(377) Age table with threshold 15 (max threshold 15)
[2024-03-07T00:07:40.929+0000][7][gc,age      ] GC(377) - age   1:    1151528 bytes,    1151528 total
[2024-03-07T00:07:40.929+0000][7][gc,age      ] GC(377) - age   2:       3048 bytes,    1154576 total
[2024-03-07T00:07:40.929+0000][7][gc,age      ] GC(377) - age   3:     189448 bytes,    1344024 total
[2024-03-07T00:07:40.929+0000][7][gc,age      ] GC(377) - age   4:        576 bytes,    1344600 total
[2024-03-07T00:07:40.929+0000][7][gc,age      ] GC(377) - age   5:        184 bytes,    1344784 total
[2024-03-07T00:07:40.929+0000][7][gc,age      ] GC(377) - age   6:        216 bytes,    1345000 total
[2024-03-07T00:07:40.929+0000][7][gc,age      ] GC(377) - age   9:         56 bytes,    1345056 total
[2024-03-07T00:07:40.929+0000][7][gc,age      ] GC(377) - age  10:       8016 bytes,    1353072 total
[2024-03-07T00:07:40.929+0000][7][gc,age      ] GC(377) - age  11:       2224 bytes,    1355296 total
[2024-03-07T00:07:40.929+0000][7][gc,age      ] GC(377) - age  12:        128 bytes,    1355424 total
[2024-03-07T00:07:40.929+0000][7][gc,age      ] GC(377) - age  15:     140752 bytes,    1496176 total
[2024-03-07T00:07:40.929+0000][7][gc,heap     ] GC(377) Eden regions: 152->0(152)
[2024-03-07T00:07:40.929+0000][7][gc,heap     ] GC(377) Survivor regions: 1->1(20)
[2024-03-07T00:07:40.929+0000][7][gc,heap     ] GC(377) Old regions: 25->25
[2024-03-07T00:07:40.929+0000][7][gc,heap     ] GC(377) Archive regions: 2->2
[2024-03-07T00:07:40.929+0000][7][gc,heap     ] GC(377) Humongous regions: 0->0
[2024-03-07T00:07:40.929+0000][7][gc,metaspace] GC(377) Metaspace: 128930K(132416K)->128930K(132416K) NonClass: 112079K(113920K)->112079K(113920K) Class: 16851K(18496K)->16851K(18496K)
[2024-03-07T00:07:40.929+0000][7][gc          ] GC(377) Pause Young (Normal) (G1 Evacuation Pause) 710M->102M(1024M) 2.270ms
[2024-03-07T00:07:40.929+0000][7][gc,cpu      ] GC(377) User=0.01s Sys=0.00s Real=0.00s
[2024-03-07T00:07:40.929+0000][7][safepoint   ] Safepoint "G1CollectForAllocation", Time since last: 153022438458 ns, Reaching safepoint: 72253 ns, At safepoint: 2350728 ns, Total: 2422981 ns
[2024-03-07T00:10:16.916+0000][7][gc,start    ] GC(378) Pause Young (Normal) (G1 Evacuation Pause)
[2024-03-07T00:10:16.916+0000][7][gc,task     ] GC(378) Using 8 workers of 8 for evacuation
[2024-03-07T00:10:16.916+0000][7][gc,age      ] GC(378) Desired survivor size 41943040 bytes, new threshold 15 (max threshold 15)
[2024-03-07T00:10:16.919+0000][7][gc,phases   ] GC(378)   Pre Evacuate Collection Set: 0.1ms
[2024-03-07T00:10:16.919+0000][7][gc,phases   ] GC(378)   Merge Heap Roots: 0.1ms
[2024-03-07T00:10:16.919+0000][7][gc,phases   ] GC(378)   Evacuate Collection Set: 1.3ms
[2024-03-07T00:10:16.919+0000][7][gc,phases   ] GC(378)   Post Evacuate Collection Set: 0.9ms
[2024-03-07T00:10:16.919+0000][7][gc,phases   ] GC(378)   Other: 0.1ms
[2024-03-07T00:10:16.919+0000][7][gc,age      ] GC(378) Age table with threshold 15 (max threshold 15)
[2024-03-07T00:10:16.919+0000][7][gc,age      ] GC(378) - age   1:    1070944 bytes,    1070944 total
[2024-03-07T00:10:16.919+0000][7][gc,age      ] GC(378) - age   2:     132200 bytes,    1203144 total
[2024-03-07T00:10:16.919+0000][7][gc,age      ] GC(378) - age   4:     185608 bytes,    1388752 total
[2024-03-07T00:10:16.919+0000][7][gc,age      ] GC(378) - age   5:        576 bytes,    1389328 total
[2024-03-07T00:10:16.919+0000][7][gc,age      ] GC(378) - age   6:        184 bytes,    1389512 total
[2024-03-07T00:10:16.919+0000][7][gc,age      ] GC(378) - age   7:        192 bytes,    1389704 total
[2024-03-07T00:10:16.919+0000][7][gc,age      ] GC(378) - age  10:         56 bytes,    1389760 total
[2024-03-07T00:10:16.919+0000][7][gc,age      ] GC(378) - age  11:       8016 bytes,    1397776 total
[2024-03-07T00:10:16.919+0000][7][gc,age      ] GC(378) - age  12:       2224 bytes,    1400000 total
[2024-03-07T00:10:16.919+0000][7][gc,age      ] GC(378) - age  13:        128 bytes,    1400128 total
[2024-03-07T00:10:16.919+0000][7][gc,heap     ] GC(378) Eden regions: 152->0(152)
[2024-03-07T00:10:16.919+0000][7][gc,heap     ] GC(378) Survivor regions: 1->1(20)
[2024-03-07T00:10:16.919+0000][7][gc,heap     ] GC(378) Old regions: 25->25
[2024-03-07T00:10:16.919+0000][7][gc,heap     ] GC(378) Archive regions: 2->2
[2024-03-07T00:10:16.919+0000][7][gc,heap     ] GC(378) Humongous regions: 0->0
[2024-03-07T00:10:16.919+0000][7][gc,metaspace] GC(378) Metaspace: 128930K(132416K)->128930K(132416K) NonClass: 112079K(113920K)->112079K(113920K) Class: 16851K(18496K)->16851K(18496K)
[2024-03-07T00:10:16.919+0000][7][gc          ] GC(378) Pause Young (Normal) (G1 Evacuation Pause) 710M->102M(1024M) 2.802ms
[2024-03-07T00:10:16.919+0000][7][gc,cpu      ] GC(378) User=0.01s Sys=0.00s Real=0.00s
[2024-03-07T00:10:16.919+0000][7][safepoint   ] Safepoint "G1CollectForAllocation", Time since last: 155986873825 ns, Reaching safepoint: 96080 ns, At safepoint: 2893585 ns, Total: 2989665 ns
[2024-03-07T00:11:42.930+0000][7][safepoint   ] Safepoint "Cleanup", Time since last: 86010952033 ns, Reaching safepoint: 77127 ns, At safepoint: 6110 ns, Total: 83237 ns
[2024-03-07T00:12:52.951+0000][7][gc,start    ] GC(379) Pause Young (Normal) (G1 Evacuation Pause)
[2024-03-07T00:12:52.951+0000][7][gc,task     ] GC(379) Using 8 workers of 8 for evacuation
[2024-03-07T00:12:52.951+0000][7][gc,age      ] GC(379) Desired survivor size 41943040 bytes, new threshold 15 (max threshold 15)
[2024-03-07T00:12:52.953+0000][7][gc,phases   ] GC(379)   Pre Evacuate Collection Set: 0.1ms
[2024-03-07T00:12:52.953+0000][7][gc,phases   ] GC(379)   Merge Heap Roots: 0.1ms
[2024-03-07T00:12:52.953+0000][7][gc,phases   ] GC(379)   Evacuate Collection Set: 1.0ms
[2024-03-07T00:12:52.953+0000][7][gc,phases   ] GC(379)   Post Evacuate Collection Set: 0.6ms
[2024-03-07T00:12:52.953+0000][7][gc,phases   ] GC(379)   Other: 0.1ms
[2024-03-07T00:12:52.953+0000][7][gc,age      ] GC(379) Age table with threshold 15 (max threshold 15)
[2024-03-07T00:12:52.953+0000][7][gc,age      ] GC(379) - age   1:     830488 bytes,     830488 total
[2024-03-07T00:12:52.953+0000][7][gc,age      ] GC(379) - age   2:      33456 bytes,     863944 total
[2024-03-07T00:12:52.953+0000][7][gc,age      ] GC(379) - age   3:     131112 bytes,     995056 total
[2024-03-07T00:12:52.953+0000][7][gc,age      ] GC(379) - age   5:     184888 bytes,    1179944 total
[2024-03-07T00:12:52.953+0000][7][gc,age      ] GC(379) - age   6:        392 bytes,    1180336 total
[2024-03-07T00:12:52.953+0000][7][gc,age      ] GC(379) - age   7:        184 bytes,    1180520 total
[2024-03-07T00:12:52.953+0000][7][gc,age      ] GC(379) - age   8:         96 bytes,    1180616 total
[2024-03-07T00:12:52.953+0000][7][gc,age      ] GC(379) - age  11:         56 bytes,    1180672 total
[2024-03-07T00:12:52.953+0000][7][gc,age      ] GC(379) - age  12:       8016 bytes,    1188688 total
[2024-03-07T00:12:52.953+0000][7][gc,age      ] GC(379) - age  13:       2224 bytes,    1190912 total
[2024-03-07T00:12:52.953+0000][7][gc,age      ] GC(379) - age  14:        128 bytes,    1191040 total
[2024-03-07T00:12:52.953+0000][7][gc,heap     ] GC(379) Eden regions: 152->0(152)
[2024-03-07T00:12:52.953+0000][7][gc,heap     ] GC(379) Survivor regions: 1->1(20)
[2024-03-07T00:12:52.953+0000][7][gc,heap     ] GC(379) Old regions: 25->25
[2024-03-07T00:12:52.953+0000][7][gc,heap     ] GC(379) Archive regions: 2->2
[2024-03-07T00:12:52.953+0000][7][gc,heap     ] GC(379) Humongous regions: 0->0
[2024-03-07T00:12:52.953+0000][7][gc,metaspace] GC(379) Metaspace: 128930K(132416K)->128930K(132416K) NonClass: 112079K(113920K)->112079K(113920K) Class: 16851K(18496K)->16851K(18496K)
[2024-03-07T00:12:52.953+0000][7][gc          ] GC(379) Pause Young (Normal) (G1 Evacuation Pause) 710M->102M(1024M) 2.040ms
[2024-03-07T00:12:52.953+0000][7][gc,cpu      ] GC(379) User=0.01s Sys=0.00s Real=0.00s
[2024-03-07T00:12:52.953+0000][7][safepoint   ] Safepoint "G1CollectForAllocation", Time since last: 70020500954 ns, Reaching safepoint: 58039 ns, At safepoint: 2120908 ns, Total: 2178947 ns
[2024-03-07T00:15:26.413+0000][7][gc,start    ] GC(380) Pause Young (Normal) (G1 Evacuation Pause)
[2024-03-07T00:15:26.413+0000][7][gc,task     ] GC(380) Using 8 workers of 8 for evacuation
[2024-03-07T00:15:26.413+0000][7][gc,age      ] GC(380) Desired survivor size 41943040 bytes, new threshold 15 (max threshold 15)
[2024-03-07T00:15:26.415+0000][7][gc,phases   ] GC(380)   Pre Evacuate Collection Set: 0.1ms
[2024-03-07T00:15:26.416+0000][7][gc,phases   ] GC(380)   Merge Heap Roots: 0.1ms
[2024-03-07T00:15:26.416+0000][7][gc,phases   ] GC(380)   Evacuate Collection Set: 1.5ms
[2024-03-07T00:15:26.416+0000][7][gc,phases   ] GC(380)   Post Evacuate Collection Set: 0.9ms
[2024-03-07T00:15:26.416+0000][7][gc,phases   ] GC(380)   Other: 0.1ms
[2024-03-07T00:15:26.416+0000][7][gc,age      ] GC(380) Age table with threshold 15 (max threshold 15)
[2024-03-07T00:15:26.416+0000][7][gc,age      ] GC(380) - age   1:     943592 bytes,     943592 total
[2024-03-07T00:15:26.416+0000][7][gc,age      ] GC(380) - age   2:       9288 bytes,     952880 total
[2024-03-07T00:15:26.416+0000][7][gc,age      ] GC(380) - age   3:      31472 bytes,     984352 total
[2024-03-07T00:15:26.416+0000][7][gc,age      ] GC(380) - age   4:     130624 bytes,    1114976 total
[2024-03-07T00:15:26.416+0000][7][gc,age      ] GC(380) - age   6:     184680 bytes,    1299656 total
[2024-03-07T00:15:26.416+0000][7][gc,age      ] GC(380) - age   7:        208 bytes,    1299864 total
[2024-03-07T00:15:26.416+0000][7][gc,age      ] GC(380) - age   8:        184 bytes,    1300048 total
[2024-03-07T00:15:26.416+0000][7][gc,age      ] GC(380) - age   9:         96 bytes,    1300144 total
[2024-03-07T00:15:26.416+0000][7][gc,age      ] GC(380) - age  12:         56 bytes,    1300200 total
[2024-03-07T00:15:26.416+0000][7][gc,age      ] GC(380) - age  13:       8016 bytes,    1308216 total
[2024-03-07T00:15:26.416+0000][7][gc,age      ] GC(380) - age  14:       2224 bytes,    1310440 total
[2024-03-07T00:15:26.416+0000][7][gc,age      ] GC(380) - age  15:        128 bytes,    1310568 total
[2024-03-07T00:15:26.416+0000][7][gc,heap     ] GC(380) Eden regions: 152->0(152)
[2024-03-07T00:15:26.416+0000][7][gc,heap     ] GC(380) Survivor regions: 1->1(20)
[2024-03-07T00:15:26.416+0000][7][gc,heap     ] GC(380) Old regions: 25->25
[2024-03-07T00:15:26.416+0000][7][gc,heap     ] GC(380) Archive regions: 2->2
[2024-03-07T00:15:26.416+0000][7][gc,heap     ] GC(380) Humongous regions: 0->0
[2024-03-07T00:15:26.416+0000][7][gc,metaspace] GC(380) Metaspace: 128930K(132416K)->128930K(132416K) NonClass: 112079K(113920K)->112079K(113920K) Class: 16851K(18496K)->16851K(18496K)
[2024-03-07T00:15:26.416+0000][7][gc          ] GC(380) Pause Young (Normal) (G1 Evacuation Pause) 710M->102M(1024M) 3.094ms
[2024-03-07T00:15:26.416+0000][7][gc,cpu      ] GC(380) User=0.02s Sys=0.00s Real=0.01s
[2024-03-07T00:15:26.416+0000][7][safepoint   ] Safepoint "G1CollectForAllocation", Time since last: 153459574527 ns, Reaching safepoint: 79628 ns, At safepoint: 3198750 ns, Total: 3278378 ns
[2024-03-07T00:18:07.975+0000][7][gc,start    ] GC(381) Pause Young (Normal) (G1 Evacuation Pause)
[2024-03-07T00:18:07.975+0000][7][gc,task     ] GC(381) Using 8 workers of 8 for evacuation
[2024-03-07T00:18:07.975+0000][7][gc,age      ] GC(381) Desired survivor size 41943040 bytes, new threshold 15 (max threshold 15)
[2024-03-07T00:18:07.978+0000][7][gc,phases   ] GC(381)   Pre Evacuate Collection Set: 0.1ms
[2024-03-07T00:18:07.978+0000][7][gc,phases   ] GC(381)   Merge Heap Roots: 0.1ms
[2024-03-07T00:18:07.978+0000][7][gc,phases   ] GC(381)   Evacuate Collection Set: 1.2ms
[2024-03-07T00:18:07.978+0000][7][gc,phases   ] GC(381)   Post Evacuate Collection Set: 0.7ms
[2024-03-07T00:18:07.978+0000][7][gc,phases   ] GC(381)   Other: 0.1ms
[2024-03-07T00:18:07.978+0000][7][gc,age      ] GC(381) Age table with threshold 15 (max threshold 15)
[2024-03-07T00:18:07.978+0000][7][gc,age      ] GC(381) - age   1:    1284920 bytes,    1284920 total
[2024-03-07T00:18:07.978+0000][7][gc,age      ] GC(381) - age   2:       4200 bytes,    1289120 total
[2024-03-07T00:18:07.978+0000][7][gc,age      ] GC(381) - age   3:       7496 bytes,    1296616 total
[2024-03-07T00:18:07.978+0000][7][gc,age      ] GC(381) - age   4:      31088 bytes,    1327704 total
[2024-03-07T00:18:07.978+0000][7][gc,age      ] GC(381) - age   5:     130440 bytes,    1458144 total
[2024-03-07T00:18:07.978+0000][7][gc,age      ] GC(381) - age   7:     135784 bytes,    1593928 total
[2024-03-07T00:18:07.978+0000][7][gc,age      ] GC(381) - age   8:        208 bytes,    1594136 total
[2024-03-07T00:18:07.978+0000][7][gc,age      ] GC(381) - age   9:        184 bytes,    1594320 total
[2024-03-07T00:18:07.978+0000][7][gc,age      ] GC(381) - age  10:         96 bytes,    1594416 total
[2024-03-07T00:18:07.978+0000][7][gc,age      ] GC(381) - age  13:         56 bytes,    1594472 total
[2024-03-07T00:18:07.978+0000][7][gc,age      ] GC(381) - age  14:       8016 bytes,    1602488 total
[2024-03-07T00:18:07.978+0000][7][gc,age      ] GC(381) - age  15:       2224 bytes,    1604712 total
[2024-03-07T00:18:07.978+0000][7][gc,heap     ] GC(381) Eden regions: 152->0(152)
[2024-03-07T00:18:07.978+0000][7][gc,heap     ] GC(381) Survivor regions: 1->1(20)
[2024-03-07T00:18:07.978+0000][7][gc,heap     ] GC(381) Old regions: 25->25
[2024-03-07T00:18:07.978+0000][7][gc,heap     ] GC(381) Archive regions: 2->2
[2024-03-07T00:18:07.978+0000][7][gc,heap     ] GC(381) Humongous regions: 0->0
[2024-03-07T00:18:07.978+0000][7][gc,metaspace] GC(381) Metaspace: 128930K(132416K)->128930K(132416K) NonClass: 112079K(113920K)->112079K(113920K) Class: 16851K(18496K)->16851K(18496K)
[2024-03-07T00:18:07.978+0000][7][gc          ] GC(381) Pause Young (Normal) (G1 Evacuation Pause) 710M->103M(1024M) 2.460ms
[2024-03-07T00:18:07.978+0000][7][gc,cpu      ] GC(381) User=0.01s Sys=0.00s Real=0.00s
[2024-03-07T00:18:07.978+0000][7][safepoint   ] Safepoint "G1CollectForAllocation", Time since last: 161559368274 ns, Reaching safepoint: 49113 ns, At safepoint: 2548633 ns, Total: 2597746 ns
[2024-03-07T00:20:40.959+0000][7][gc,start    ] GC(382) Pause Young (Normal) (G1 Evacuation Pause)
[2024-03-07T00:20:40.959+0000][7][gc,task     ] GC(382) Using 8 workers of 8 for evacuation
[2024-03-07T00:20:40.959+0000][7][gc,age      ] GC(382) Desired survivor size 41943040 bytes, new threshold 15 (max threshold 15)
[2024-03-07T00:20:40.961+0000][7][gc,phases   ] GC(382)   Pre Evacuate Collection Set: 0.1ms
[2024-03-07T00:20:40.961+0000][7][gc,phases   ] GC(382)   Merge Heap Roots: 0.1ms
[2024-03-07T00:20:40.961+0000][7][gc,phases   ] GC(382)   Evacuate Collection Set: 1.4ms
[2024-03-07T00:20:40.961+0000][7][gc,phases   ] GC(382)   Post Evacuate Collection Set: 0.7ms
[2024-03-07T00:20:40.961+0000][7][gc,phases   ] GC(382)   Other: 0.1ms
[2024-03-07T00:20:40.961+0000][7][gc,age      ] GC(382) Age table with threshold 15 (max threshold 15)
[2024-03-07T00:20:40.961+0000][7][gc,age      ] GC(382) - age   1:    1132632 bytes,    1132632 total
[2024-03-07T00:20:40.961+0000][7][gc,age      ] GC(382) - age   2:       1464 bytes,    1134096 total
[2024-03-07T00:20:40.961+0000][7][gc,age      ] GC(382) - age   3:       1208 bytes,    1135304 total
[2024-03-07T00:20:40.961+0000][7][gc,age      ] GC(382) - age   4:       7176 bytes,    1142480 total
[2024-03-07T00:20:40.961+0000][7][gc,age      ] GC(382) - age   5:      27632 bytes,    1170112 total
[2024-03-07T00:20:40.961+0000][7][gc,age      ] GC(382) - age   6:     130440 bytes,    1300552 total
[2024-03-07T00:20:40.961+0000][7][gc,age      ] GC(382) - age   8:     135600 bytes,    1436152 total
[2024-03-07T00:20:40.961+0000][7][gc,age      ] GC(382) - age   9:        208 bytes,    1436360 total
[2024-03-07T00:20:40.961+0000][7][gc,age      ] GC(382) - age  10:        184 bytes,    1436544 total
[2024-03-07T00:20:40.961+0000][7][gc,age      ] GC(382) - age  11:         96 bytes,    1436640 total
[2024-03-07T00:20:40.961+0000][7][gc,age      ] GC(382) - age  14:         56 bytes,    1436696 total
[2024-03-07T00:20:40.961+0000][7][gc,age      ] GC(382) - age  15:       8016 bytes,    1444712 total
[2024-03-07T00:20:40.961+0000][7][gc,heap     ] GC(382) Eden regions: 152->0(152)
[2024-03-07T00:20:40.961+0000][7][gc,heap     ] GC(382) Survivor regions: 1->1(20)
[2024-03-07T00:20:40.961+0000][7][gc,heap     ] GC(382) Old regions: 25->25
[2024-03-07T00:20:40.961+0000][7][gc,heap     ] GC(382) Archive regions: 2->2
[2024-03-07T00:20:40.961+0000][7][gc,heap     ] GC(382) Humongous regions: 0->0
[2024-03-07T00:20:40.961+0000][7][gc,metaspace] GC(382) Metaspace: 128931K(132416K)->128931K(132416K) NonClass: 112079K(113920K)->112079K(113920K) Class: 16851K(18496K)->16851K(18496K)
[2024-03-07T00:20:40.961+0000][7][gc          ] GC(382) Pause Young (Normal) (G1 Evacuation Pause) 711M->102M(1024M) 2.629ms
[2024-03-07T00:20:40.961+0000][7][gc,cpu      ] GC(382) User=0.01s Sys=0.00s Real=0.00s
[2024-03-07T00:20:40.961+0000][7][safepoint   ] Safepoint "G1CollectForAllocation", Time since last: 152980760888 ns, Reaching safepoint: 53312 ns, At safepoint: 2712191 ns, Total: 2765503 ns
[2024-03-07T00:23:09.113+0000][7][gc,start    ] GC(383) Pause Young (Normal) (G1 Evacuation Pause)
[2024-03-07T00:23:09.113+0000][7][gc,task     ] GC(383) Using 8 workers of 8 for evacuation
[2024-03-07T00:23:09.113+0000][7][gc,age      ] GC(383) Desired survivor size 41943040 bytes, new threshold 15 (max threshold 15)
[2024-03-07T00:23:09.116+0000][7][gc,phases   ] GC(383)   Pre Evacuate Collection Set: 0.1ms
[2024-03-07T00:23:09.116+0000][7][gc,phases   ] GC(383)   Merge Heap Roots: 0.1ms
[2024-03-07T00:23:09.116+0000][7][gc,phases   ] GC(383)   Evacuate Collection Set: 1.8ms
[2024-03-07T00:23:09.117+0000][7][gc,phases   ] GC(383)   Post Evacuate Collection Set: 0.9ms
[2024-03-07T00:23:09.117+0000][7][gc,phases   ] GC(383)   Other: 0.1ms
[2024-03-07T00:23:09.117+0000][7][gc,age      ] GC(383) Age table with threshold 15 (max threshold 15)
[2024-03-07T00:23:09.117+0000][7][gc,age      ] GC(383) - age   1:    1392600 bytes,    1392600 total
[2024-03-07T00:23:09.117+0000][7][gc,age      ] GC(383) - age   2:       6720 bytes,    1399320 total
[2024-03-07T00:23:09.117+0000][7][gc,age      ] GC(383) - age   3:        248 bytes,    1399568 total
[2024-03-07T00:23:09.117+0000][7][gc,age      ] GC(383) - age   4:        792 bytes,    1400360 total
[2024-03-07T00:23:09.117+0000][7][gc,age      ] GC(383) - age   5:       6368 bytes,    1406728 total
[2024-03-07T00:23:09.117+0000][7][gc,age      ] GC(383) - age   6:      27448 bytes,    1434176 total
[2024-03-07T00:23:09.117+0000][7][gc,age      ] GC(383) - age   7:     130440 bytes,    1564616 total
[2024-03-07T00:23:09.117+0000][7][gc,age      ] GC(383) - age   9:     127176 bytes,    1691792 total
[2024-03-07T00:23:09.117+0000][7][gc,age      ] GC(383) - age  10:        208 bytes,    1692000 total
[2024-03-07T00:23:09.117+0000][7][gc,age      ] GC(383) - age  11:        184 bytes,    1692184 total
[2024-03-07T00:23:09.117+0000][7][gc,age      ] GC(383) - age  12:         96 bytes,    1692280 total
[2024-03-07T00:23:09.117+0000][7][gc,age      ] GC(383) - age  15:         56 bytes,    1692336 total
[2024-03-07T00:23:09.117+0000][7][gc,heap     ] GC(383) Eden regions: 152->0(152)
[2024-03-07T00:23:09.117+0000][7][gc,heap     ] GC(383) Survivor regions: 1->1(20)
[2024-03-07T00:23:09.117+0000][7][gc,heap     ] GC(383) Old regions: 25->25
[2024-03-07T00:23:09.117+0000][7][gc,heap     ] GC(383) Archive regions: 2->2
[2024-03-07T00:23:09.117+0000][7][gc,heap     ] GC(383) Humongous regions: 0->0
[2024-03-07T00:23:09.117+0000][7][gc,metaspace] GC(383) Metaspace: 128931K(132416K)->128931K(132416K) NonClass: 112079K(113920K)->112079K(113920K) Class: 16851K(18496K)->16851K(18496K)
[2024-03-07T00:23:09.117+0000][7][gc          ] GC(383) Pause Young (Normal) (G1 Evacuation Pause) 710M->103M(1024M) 3.291ms
[2024-03-07T00:23:09.117+0000][7][gc,cpu      ] GC(383) User=0.01s Sys=0.00s Real=0.01s
[2024-03-07T00:23:09.117+0000][7][safepoint   ] Safepoint "G1CollectForAllocation", Time since last: 148151989721 ns, Reaching safepoint: 73214 ns, At safepoint: 3393097 ns, Total: 3466311 ns
[2024-03-07T00:25:44.001+0000][7][gc,start    ] GC(384) Pause Young (Normal) (G1 Evacuation Pause)
[2024-03-07T00:25:44.001+0000][7][gc,task     ] GC(384) Using 8 workers of 8 for evacuation
[2024-03-07T00:25:44.001+0000][7][gc,age      ] GC(384) Desired survivor size 41943040 bytes, new threshold 15 (max threshold 15)
[2024-03-07T00:25:44.003+0000][7][gc,phases   ] GC(384)   Pre Evacuate Collection Set: 0.1ms
[2024-03-07T00:25:44.003+0000][7][gc,phases   ] GC(384)   Merge Heap Roots: 0.1ms
[2024-03-07T00:25:44.003+0000][7][gc,phases   ] GC(384)   Evacuate Collection Set: 1.4ms
[2024-03-07T00:25:44.003+0000][7][gc,phases   ] GC(384)   Post Evacuate Collection Set: 0.7ms
[2024-03-07T00:25:44.003+0000][7][gc,phases   ] GC(384)   Other: 0.1ms
[2024-03-07T00:25:44.003+0000][7][gc,age      ] GC(384) Age table with threshold 15 (max threshold 15)
[2024-03-07T00:25:44.003+0000][7][gc,age      ] GC(384) - age   1:    1194256 bytes,    1194256 total
[2024-03-07T00:25:44.003+0000][7][gc,age      ] GC(384) - age   2:     146352 bytes,    1340608 total
[2024-03-07T00:25:44.003+0000][7][gc,age      ] GC(384) - age   3:       4200 bytes,    1344808 total
[2024-03-07T00:25:44.003+0000][7][gc,age      ] GC(384) - age   5:        600 bytes,    1345408 total
[2024-03-07T00:25:44.003+0000][7][gc,age      ] GC(384) - age   6:       6368 bytes,    1351776 total
[2024-03-07T00:25:44.003+0000][7][gc,age      ] GC(384) - age   7:      27448 bytes,    1379224 total
[2024-03-07T00:25:44.003+0000][7][gc,age      ] GC(384) - age   8:     130056 bytes,    1509280 total
[2024-03-07T00:25:44.003+0000][7][gc,age      ] GC(384) - age  10:     127176 bytes,    1636456 total
[2024-03-07T00:25:44.003+0000][7][gc,age      ] GC(384) - age  11:        208 bytes,    1636664 total
[2024-03-07T00:25:44.003+0000][7][gc,age      ] GC(384) - age  12:        184 bytes,    1636848 total
[2024-03-07T00:25:44.003+0000][7][gc,age      ] GC(384) - age  13:         96 bytes,    1636944 total
[2024-03-07T00:25:44.003+0000][7][gc,heap     ] GC(384) Eden regions: 152->0(152)
[2024-03-07T00:25:44.003+0000][7][gc,heap     ] GC(384) Survivor regions: 1->1(20)
[2024-03-07T00:25:44.003+0000][7][gc,heap     ] GC(384) Old regions: 25->25
[2024-03-07T00:25:44.003+0000][7][gc,heap     ] GC(384) Archive regions: 2->2
[2024-03-07T00:25:44.003+0000][7][gc,heap     ] GC(384) Humongous regions: 0->0
[2024-03-07T00:25:44.003+0000][7][gc,metaspace] GC(384) Metaspace: 128931K(132416K)->128931K(132416K) NonClass: 112079K(113920K)->112079K(113920K) Class: 16851K(18496K)->16851K(18496K)
[2024-03-07T00:25:44.003+0000][7][gc          ] GC(384) Pause Young (Normal) (G1 Evacuation Pause) 711M->103M(1024M) 2.739ms
[2024-03-07T00:25:44.003+0000][7][gc,cpu      ] GC(384) User=0.01s Sys=0.00s Real=0.00s
[2024-03-07T00:25:44.003+0000][7][safepoint   ] Safepoint "G1CollectForAllocation", Time since last: 154883791157 ns, Reaching safepoint: 75253 ns, At safepoint: 2841775 ns, Total: 2917028 ns
[2024-03-07T00:28:16.999+0000][7][gc,start    ] GC(385) Pause Young (Normal) (G1 Evacuation Pause)
[2024-03-07T00:28:16.999+0000][7][gc,task     ] GC(385) Using 8 workers of 8 for evacuation
[2024-03-07T00:28:16.999+0000][7][gc,age      ] GC(385) Desired survivor size 41943040 bytes, new threshold 15 (max threshold 15)
[2024-03-07T00:28:17.002+0000][7][gc,phases   ] GC(385)   Pre Evacuate Collection Set: 0.1ms
[2024-03-07T00:28:17.002+0000][7][gc,phases   ] GC(385)   Merge Heap Roots: 0.1ms
[2024-03-07T00:28:17.002+0000][7][gc,phases   ] GC(385)   Evacuate Collection Set: 1.7ms
[2024-03-07T00:28:17.002+0000][7][gc,phases   ] GC(385)   Post Evacuate Collection Set: 0.7ms
[2024-03-07T00:28:17.002+0000][7][gc,phases   ] GC(385)   Other: 0.1ms
[2024-03-07T00:28:17.002+0000][7][gc,age      ] GC(385) Age table with threshold 15 (max threshold 15)
[2024-03-07T00:28:17.002+0000][7][gc,age      ] GC(385) - age   1:    1948784 bytes,    1948784 total
[2024-03-07T00:28:17.002+0000][7][gc,age      ] GC(385) - age   2:       3872 bytes,    1952656 total
[2024-03-07T00:28:17.002+0000][7][gc,age      ] GC(385) - age   3:     143608 bytes,    2096264 total
[2024-03-07T00:28:17.002+0000][7][gc,age      ] GC(385) - age   4:       3520 bytes,    2099784 total
[2024-03-07T00:28:17.002+0000][7][gc,age      ] GC(385) - age   6:        600 bytes,    2100384 total
[2024-03-07T00:28:17.002+0000][7][gc,age      ] GC(385) - age   7:       6368 bytes,    2106752 total
[2024-03-07T00:28:17.002+0000][7][gc,age      ] GC(385) - age   8:      27448 bytes,    2134200 total
[2024-03-07T00:28:17.002+0000][7][gc,age      ] GC(385) - age   9:     130056 bytes,    2264256 total
[2024-03-07T00:28:17.002+0000][7][gc,age      ] GC(385) - age  11:     127176 bytes,    2391432 total
[2024-03-07T00:28:17.002+0000][7][gc,age      ] GC(385) - age  12:        208 bytes,    2391640 total
[2024-03-07T00:28:17.002+0000][7][gc,age      ] GC(385) - age  14:         96 bytes,    2391736 total
[2024-03-07T00:28:17.002+0000][7][gc,heap     ] GC(385) Eden regions: 152->0(152)
[2024-03-07T00:28:17.002+0000][7][gc,heap     ] GC(385) Survivor regions: 1->1(20)
[2024-03-07T00:28:17.002+0000][7][gc,heap     ] GC(385) Old regions: 25->25
[2024-03-07T00:28:17.002+0000][7][gc,heap     ] GC(385) Archive regions: 2->2
[2024-03-07T00:28:17.002+0000][7][gc,heap     ] GC(385) Humongous regions: 0->0
[2024-03-07T00:28:17.002+0000][7][gc,metaspace] GC(385) Metaspace: 128931K(132416K)->128931K(132416K) NonClass: 112079K(113920K)->112079K(113920K) Class: 16851K(18496K)->16851K(18496K)
[2024-03-07T00:28:17.002+0000][7][gc          ] GC(385) Pause Young (Normal) (G1 Evacuation Pause) 711M->103M(1024M) 2.876ms
[2024-03-07T00:28:17.002+0000][7][gc,cpu      ] GC(385) User=0.01s Sys=0.00s Real=0.00s
[2024-03-07T00:28:17.002+0000][7][safepoint   ] Safepoint "G1CollectForAllocation", Time since last: 152995689841 ns, Reaching safepoint: 120350 ns, At safepoint: 2971153 ns, Total: 3091503 ns
[2024-03-07T00:29:18.077+0000][7][safepoint   ] Safepoint "Cleanup", Time since last: 61074394956 ns, Reaching safepoint: 91628 ns, At safepoint: 9912 ns, Total: 101540 ns
[2024-03-07T00:30:50.032+0000][7][gc,start    ] GC(386) Pause Young (Normal) (G1 Evacuation Pause)
[2024-03-07T00:30:50.032+0000][7][gc,task     ] GC(386) Using 8 workers of 8 for evacuation
[2024-03-07T00:30:50.032+0000][7][gc,age      ] GC(386) Desired survivor size 41943040 bytes, new threshold 15 (max threshold 15)
[2024-03-07T00:30:50.035+0000][7][gc,phases   ] GC(386)   Pre Evacuate Collection Set: 0.1ms
[2024-03-07T00:30:50.035+0000][7][gc,phases   ] GC(386)   Merge Heap Roots: 0.1ms
[2024-03-07T00:30:50.035+0000][7][gc,phases   ] GC(386)   Evacuate Collection Set: 1.4ms
[2024-03-07T00:30:50.035+0000][7][gc,phases   ] GC(386)   Post Evacuate Collection Set: 0.7ms
[2024-03-07T00:30:50.035+0000][7][gc,phases   ] GC(386)   Other: 0.1ms
[2024-03-07T00:30:50.035+0000][7][gc,age      ] GC(386) Age table with threshold 15 (max threshold 15)
[2024-03-07T00:30:50.035+0000][7][gc,age      ] GC(386) - age   1:    1360184 bytes,    1360184 total
[2024-03-07T00:30:50.035+0000][7][gc,age      ] GC(386) - age   2:       1968 bytes,    1362152 total
[2024-03-07T00:30:50.035+0000][7][gc,age      ] GC(386) - age   3:       1432 bytes,    1363584 total
[2024-03-07T00:30:50.035+0000][7][gc,age      ] GC(386) - age   4:     142848 bytes,    1506432 total
[2024-03-07T00:30:50.035+0000][7][gc,age      ] GC(386) - age   7:        208 bytes,    1506640 total
[2024-03-07T00:30:50.035+0000][7][gc,age      ] GC(386) - age   8:       6368 bytes,    1513008 total
[2024-03-07T00:30:50.035+0000][7][gc,age      ] GC(386) - age   9:      27448 bytes,    1540456 total
[2024-03-07T00:30:50.035+0000][7][gc,age      ] GC(386) - age  10:     130056 bytes,    1670512 total
[2024-03-07T00:30:50.035+0000][7][gc,age      ] GC(386) - age  12:     127176 bytes,    1797688 total
[2024-03-07T00:30:50.035+0000][7][gc,age      ] GC(386) - age  13:        208 bytes,    1797896 total
[2024-03-07T00:30:50.035+0000][7][gc,age      ] GC(386) - age  15:         96 bytes,    1797992 total
[2024-03-07T00:30:50.035+0000][7][gc,heap     ] GC(386) Eden regions: 152->0(152)
[2024-03-07T00:30:50.035+0000][7][gc,heap     ] GC(386) Survivor regions: 1->1(20)
[2024-03-07T00:30:50.035+0000][7][gc,heap     ] GC(386) Old regions: 25->25
[2024-03-07T00:30:50.035+0000][7][gc,heap     ] GC(386) Archive regions: 2->2
[2024-03-07T00:30:50.035+0000][7][gc,heap     ] GC(386) Humongous regions: 0->0
[2024-03-07T00:30:50.035+0000][7][gc,metaspace] GC(386) Metaspace: 128931K(132416K)->128931K(132416K) NonClass: 112079K(113920K)->112079K(113920K) Class: 16851K(18496K)->16851K(18496K)
[2024-03-07T00:30:50.035+0000][7][gc          ] GC(386) Pause Young (Normal) (G1 Evacuation Pause) 711M->103M(1024M) 2.623ms
[2024-03-07T00:30:50.035+0000][7][gc,cpu      ] GC(386) User=0.01s Sys=0.00s Real=0.01s
[2024-03-07T00:30:50.035+0000][7][safepoint   ] Safepoint "G1CollectForAllocation", Time since last: 91955569560 ns, Reaching safepoint: 79203 ns, At safepoint: 2707721 ns, Total: 2786924 ns
[2024-03-07T00:33:20.089+0000][7][gc,start    ] GC(387) Pause Young (Normal) (G1 Evacuation Pause)
[2024-03-07T00:33:20.089+0000][7][gc,task     ] GC(387) Using 8 workers of 8 for evacuation
[2024-03-07T00:33:20.089+0000][7][gc,age      ] GC(387) Desired survivor size 41943040 bytes, new threshold 15 (max threshold 15)
[2024-03-07T00:33:20.091+0000][7][gc,phases   ] GC(387)   Pre Evacuate Collection Set: 0.1ms
[2024-03-07T00:33:20.091+0000][7][gc,phases   ] GC(387)   Merge Heap Roots: 0.1ms
[2024-03-07T00:33:20.091+0000][7][gc,phases   ] GC(387)   Evacuate Collection Set: 1.2ms
[2024-03-07T00:33:20.091+0000][7][gc,phases   ] GC(387)   Post Evacuate Collection Set: 0.6ms
[2024-03-07T00:33:20.091+0000][7][gc,phases   ] GC(387)   Other: 0.1ms
[2024-03-07T00:33:20.091+0000][7][gc,age      ] GC(387) Age table with threshold 15 (max threshold 15)
[2024-03-07T00:33:20.091+0000][7][gc,age      ] GC(387) - age   1:    1527536 bytes,    1527536 total
[2024-03-07T00:33:20.091+0000][7][gc,age      ] GC(387) - age   2:       6944 bytes,    1534480 total
[2024-03-07T00:33:20.091+0000][7][gc,age      ] GC(387) - age   3:        440 bytes,    1534920 total
[2024-03-07T00:33:20.091+0000][7][gc,age      ] GC(387) - age   4:        568 bytes,    1535488 total
[2024-03-07T00:33:20.091+0000][7][gc,age      ] GC(387) - age   5:     141968 bytes,    1677456 total
[2024-03-07T00:33:20.091+0000][7][gc,age      ] GC(387) - age   8:         24 bytes,    1677480 total
[2024-03-07T00:33:20.091+0000][7][gc,age      ] GC(387) - age   9:       6336 bytes,    1683816 total
[2024-03-07T00:33:20.091+0000][7][gc,age      ] GC(387) - age  10:      27448 bytes,    1711264 total
[2024-03-07T00:33:20.091+0000][7][gc,age      ] GC(387) - age  11:     130056 bytes,    1841320 total
[2024-03-07T00:33:20.091+0000][7][gc,age      ] GC(387) - age  13:     127176 bytes,    1968496 total
[2024-03-07T00:33:20.091+0000][7][gc,age      ] GC(387) - age  14:        208 bytes,    1968704 total
[2024-03-07T00:33:20.091+0000][7][gc,heap     ] GC(387) Eden regions: 152->0(152)
[2024-03-07T00:33:20.091+0000][7][gc,heap     ] GC(387) Survivor regions: 1->1(20)
[2024-03-07T00:33:20.091+0000][7][gc,heap     ] GC(387) Old regions: 25->25
[2024-03-07T00:33:20.091+0000][7][gc,heap     ] GC(387) Archive regions: 2->2
[2024-03-07T00:33:20.091+0000][7][gc,heap     ] GC(387) Humongous regions: 0->0
[2024-03-07T00:33:20.091+0000][7][gc,metaspace] GC(387) Metaspace: 128931K(132416K)->128931K(132416K) NonClass: 112079K(113920K)->112079K(113920K) Class: 16851K(18496K)->16851K(18496K)
[2024-03-07T00:33:20.091+0000][7][gc          ] GC(387) Pause Young (Normal) (G1 Evacuation Pause) 711M->103M(1024M) 2.206ms
[2024-03-07T00:33:20.091+0000][7][gc,cpu      ] GC(387) User=0.01s Sys=0.00s Real=0.00s
[2024-03-07T00:33:20.091+0000][7][safepoint   ] Safepoint "G1CollectForAllocation", Time since last: 150053886514 ns, Reaching safepoint: 42267 ns, At safepoint: 2276413 ns, Total: 2318680 ns
[2024-03-07T00:35:56.884+0000][7][gc,start    ] GC(388) Pause Young (Normal) (G1 Evacuation Pause)
[2024-03-07T00:35:56.885+0000][7][gc,task     ] GC(388) Using 8 workers of 8 for evacuation
[2024-03-07T00:35:56.885+0000][7][gc,age      ] GC(388) Desired survivor size 41943040 bytes, new threshold 15 (max threshold 15)
[2024-03-07T00:35:56.887+0000][7][gc,phases   ] GC(388)   Pre Evacuate Collection Set: 0.1ms
[2024-03-07T00:35:56.887+0000][7][gc,phases   ] GC(388)   Merge Heap Roots: 0.1ms
[2024-03-07T00:35:56.887+0000][7][gc,phases   ] GC(388)   Evacuate Collection Set: 1.6ms
[2024-03-07T00:35:56.887+0000][7][gc,phases   ] GC(388)   Post Evacuate Collection Set: 0.9ms
[2024-03-07T00:35:56.887+0000][7][gc,phases   ] GC(388)   Other: 0.1ms
[2024-03-07T00:35:56.887+0000][7][gc,age      ] GC(388) Age table with threshold 15 (max threshold 15)
[2024-03-07T00:35:56.887+0000][7][gc,age      ] GC(388) - age   1:    1786184 bytes,    1786184 total
[2024-03-07T00:35:56.887+0000][7][gc,age      ] GC(388) - age   2:       4984 bytes,    1791168 total
[2024-03-07T00:35:56.887+0000][7][gc,age      ] GC(388) - age   3:       4504 bytes,    1795672 total
[2024-03-07T00:35:56.887+0000][7][gc,age      ] GC(388) - age   4:        248 bytes,    1795920 total
[2024-03-07T00:35:56.887+0000][7][gc,age      ] GC(388) - age   5:        384 bytes,    1796304 total
[2024-03-07T00:35:56.887+0000][7][gc,age      ] GC(388) - age   6:     141968 bytes,    1938272 total
[2024-03-07T00:35:56.887+0000][7][gc,age      ] GC(388) - age   9:         24 bytes,    1938296 total
[2024-03-07T00:35:56.887+0000][7][gc,age      ] GC(388) - age  10:       6336 bytes,    1944632 total
[2024-03-07T00:35:56.887+0000][7][gc,age      ] GC(388) - age  11:      27448 bytes,    1972080 total
[2024-03-07T00:35:56.887+0000][7][gc,age      ] GC(388) - age  12:     130056 bytes,    2102136 total
[2024-03-07T00:35:56.887+0000][7][gc,age      ] GC(388) - age  14:     127176 bytes,    2229312 total
[2024-03-07T00:35:56.887+0000][7][gc,age      ] GC(388) - age  15:        208 bytes,    2229520 total
[2024-03-07T00:35:56.888+0000][7][gc,heap     ] GC(388) Eden regions: 152->0(152)
[2024-03-07T00:35:56.888+0000][7][gc,heap     ] GC(388) Survivor regions: 1->1(20)
[2024-03-07T00:35:56.888+0000][7][gc,heap     ] GC(388) Old regions: 25->25
[2024-03-07T00:35:56.888+0000][7][gc,heap     ] GC(388) Archive regions: 2->2
[2024-03-07T00:35:56.888+0000][7][gc,heap     ] GC(388) Humongous regions: 0->0
[2024-03-07T00:35:56.888+0000][7][gc,metaspace] GC(388) Metaspace: 128931K(132416K)->128931K(132416K) NonClass: 112079K(113920K)->112079K(113920K) Class: 16851K(18496K)->16851K(18496K)
[2024-03-07T00:35:56.888+0000][7][gc          ] GC(388) Pause Young (Normal) (G1 Evacuation Pause) 711M->103M(1024M) 3.078ms
[2024-03-07T00:35:56.888+0000][7][gc,cpu      ] GC(388) User=0.02s Sys=0.00s Real=0.01s
[2024-03-07T00:35:56.888+0000][7][safepoint   ] Safepoint "G1CollectForAllocation", Time since last: 156793091567 ns, Reaching safepoint: 65110 ns, At safepoint: 3182312 ns, Total: 3247422 ns
[2024-03-07T00:38:32.070+0000][7][gc,start    ] GC(389) Pause Young (Normal) (G1 Evacuation Pause)
[2024-03-07T00:38:32.070+0000][7][gc,task     ] GC(389) Using 8 workers of 8 for evacuation
[2024-03-07T00:38:32.070+0000][7][gc,age      ] GC(389) Desired survivor size 41943040 bytes, new threshold 15 (max threshold 15)
[2024-03-07T00:38:32.072+0000][7][gc,phases   ] GC(389)   Pre Evacuate Collection Set: 0.1ms
[2024-03-07T00:38:32.072+0000][7][gc,phases   ] GC(389)   Merge Heap Roots: 0.1ms
[2024-03-07T00:38:32.072+0000][7][gc,phases   ] GC(389)   Evacuate Collection Set: 1.3ms
[2024-03-07T00:38:32.072+0000][7][gc,phases   ] GC(389)   Post Evacuate Collection Set: 0.7ms
[2024-03-07T00:38:32.072+0000][7][gc,phases   ] GC(389)   Other: 0.1ms
[2024-03-07T00:38:32.072+0000][7][gc,age      ] GC(389) Age table with threshold 15 (max threshold 15)
[2024-03-07T00:38:32.072+0000][7][gc,age      ] GC(389) - age   1:    1451480 bytes,    1451480 total
[2024-03-07T00:38:32.072+0000][7][gc,age      ] GC(389) - age   2:       3616 bytes,    1455096 total
[2024-03-07T00:38:32.072+0000][7][gc,age      ] GC(389) - age   3:       2288 bytes,    1457384 total
[2024-03-07T00:38:32.072+0000][7][gc,age      ] GC(389) - age   4:       4192 bytes,    1461576 total
[2024-03-07T00:38:32.072+0000][7][gc,age      ] GC(389) - age   5:        248 bytes,    1461824 total
[2024-03-07T00:38:32.072+0000][7][gc,age      ] GC(389) - age   6:        384 bytes,    1462208 total
[2024-03-07T00:38:32.072+0000][7][gc,age      ] GC(389) - age   7:     141968 bytes,    1604176 total
[2024-03-07T00:38:32.072+0000][7][gc,age      ] GC(389) - age  10:         24 bytes,    1604200 total
[2024-03-07T00:38:32.072+0000][7][gc,age      ] GC(389) - age  11:       6336 bytes,    1610536 total
[2024-03-07T00:38:32.073+0000][7][gc,age      ] GC(389) - age  12:      27448 bytes,    1637984 total
[2024-03-07T00:38:32.073+0000][7][gc,age      ] GC(389) - age  13:     130056 bytes,    1768040 total
[2024-03-07T00:38:32.073+0000][7][gc,age      ] GC(389) - age  15:     127176 bytes,    1895216 total
[2024-03-07T00:38:32.073+0000][7][gc,heap     ] GC(389) Eden regions: 152->0(152)
[2024-03-07T00:38:32.073+0000][7][gc,heap     ] GC(389) Survivor regions: 1->1(20)
[2024-03-07T00:38:32.073+0000][7][gc,heap     ] GC(389) Old regions: 25->25
[2024-03-07T00:38:32.073+0000][7][gc,heap     ] GC(389) Archive regions: 2->2
[2024-03-07T00:38:32.073+0000][7][gc,heap     ] GC(389) Humongous regions: 0->0
[2024-03-07T00:38:32.073+0000][7][gc,metaspace] GC(389) Metaspace: 128931K(132416K)->128931K(132416K) NonClass: 112079K(113920K)->112079K(113920K) Class: 16851K(18496K)->16851K(18496K)
[2024-03-07T00:38:32.073+0000][7][gc          ] GC(389) Pause Young (Normal) (G1 Evacuation Pause) 711M->103M(1024M) 2.522ms
[2024-03-07T00:38:32.073+0000][7][gc,cpu      ] GC(389) User=0.01s Sys=0.00s Real=0.00s
[2024-03-07T00:38:32.073+0000][7][safepoint   ] Safepoint "G1CollectForAllocation", Time since last: 155182324937 ns, Reaching safepoint: 56633 ns, At safepoint: 2605616 ns, Total: 2662249 ns
[2024-03-07T00:41:05.088+0000][7][gc,start    ] GC(390) Pause Young (Normal) (G1 Evacuation Pause)
[2024-03-07T00:41:05.088+0000][7][gc,task     ] GC(390) Using 8 workers of 8 for evacuation
[2024-03-07T00:41:05.088+0000][7][gc,age      ] GC(390) Desired survivor size 41943040 bytes, new threshold 15 (max threshold 15)
[2024-03-07T00:41:05.095+0000][7][gc,phases   ] GC(390)   Pre Evacuate Collection Set: 0.1ms
[2024-03-07T00:41:05.095+0000][7][gc,phases   ] GC(390)   Merge Heap Roots: 0.1ms
[2024-03-07T00:41:05.095+0000][7][gc,phases   ] GC(390)   Evacuate Collection Set: 5.4ms
[2024-03-07T00:41:05.095+0000][7][gc,phases   ] GC(390)   Post Evacuate Collection Set: 1.3ms
[2024-03-07T00:41:05.095+0000][7][gc,phases   ] GC(390)   Other: 0.1ms
[2024-03-07T00:41:05.095+0000][7][gc,age      ] GC(390) Age table with threshold 15 (max threshold 15)
[2024-03-07T00:41:05.095+0000][7][gc,age      ] GC(390) - age   1:    1272896 bytes,    1272896 total
[2024-03-07T00:41:05.095+0000][7][gc,age      ] GC(390) - age   2:      10944 bytes,    1283840 total
[2024-03-07T00:41:05.095+0000][7][gc,age      ] GC(390) - age   3:        568 bytes,    1284408 total
[2024-03-07T00:41:05.095+0000][7][gc,age      ] GC(390) - age   4:       1336 bytes,    1285744 total
[2024-03-07T00:41:05.095+0000][7][gc,age      ] GC(390) - age   5:        416 bytes,    1286160 total
[2024-03-07T00:41:05.095+0000][7][gc,age      ] GC(390) - age   6:        184 bytes,    1286344 total
[2024-03-07T00:41:05.095+0000][7][gc,age      ] GC(390) - age   7:        384 bytes,    1286728 total
[2024-03-07T00:41:05.095+0000][7][gc,age      ] GC(390) - age   8:     141968 bytes,    1428696 total
[2024-03-07T00:41:05.095+0000][7][gc,age      ] GC(390) - age  11:         24 bytes,    1428720 total
[2024-03-07T00:41:05.095+0000][7][gc,age      ] GC(390) - age  12:       6336 bytes,    1435056 total
[2024-03-07T00:41:05.095+0000][7][gc,age      ] GC(390) - age  13:      27448 bytes,    1462504 total
[2024-03-07T00:41:05.096+0000][7][gc,age      ] GC(390) - age  14:     130056 bytes,    1592560 total
[2024-03-07T00:41:05.096+0000][7][gc,heap     ] GC(390) Eden regions: 152->0(152)
[2024-03-07T00:41:05.096+0000][7][gc,heap     ] GC(390) Survivor regions: 1->1(20)
[2024-03-07T00:41:05.096+0000][7][gc,heap     ] GC(390) Old regions: 25->25
[2024-03-07T00:41:05.096+0000][7][gc,heap     ] GC(390) Archive regions: 2->2
[2024-03-07T00:41:05.096+0000][7][gc,heap     ] GC(390) Humongous regions: 0->0
[2024-03-07T00:41:05.096+0000][7][gc,metaspace] GC(390) Metaspace: 128931K(132416K)->128931K(132416K) NonClass: 112079K(113920K)->112079K(113920K) Class: 16851K(18496K)->16851K(18496K)
[2024-03-07T00:41:05.096+0000][7][gc          ] GC(390) Pause Young (Normal) (G1 Evacuation Pause) 711M->103M(1024M) 7.461ms
[2024-03-07T00:41:05.096+0000][7][gc,cpu      ] GC(390) User=0.00s Sys=0.00s Real=0.01s
[2024-03-07T00:41:05.096+0000][7][safepoint   ] Safepoint "G1CollectForAllocation", Time since last: 153015427282 ns, Reaching safepoint: 69241 ns, At safepoint: 7566371 ns, Total: 7635612 ns
[2024-03-07T00:44:02.027+0000][7][gc,start    ] GC(391) Pause Young (Normal) (G1 Evacuation Pause)
[2024-03-07T00:44:02.027+0000][7][gc,task     ] GC(391) Using 8 workers of 8 for evacuation
[2024-03-07T00:44:02.027+0000][7][gc,age      ] GC(391) Desired survivor size 41943040 bytes, new threshold 15 (max threshold 15)
[2024-03-07T00:44:02.029+0000][7][gc,phases   ] GC(391)   Pre Evacuate Collection Set: 0.1ms
[2024-03-07T00:44:02.029+0000][7][gc,phases   ] GC(391)   Merge Heap Roots: 0.1ms
[2024-03-07T00:44:02.029+0000][7][gc,phases   ] GC(391)   Evacuate Collection Set: 0.9ms
[2024-03-07T00:44:02.029+0000][7][gc,phases   ] GC(391)   Post Evacuate Collection Set: 0.7ms
[2024-03-07T00:44:02.029+0000][7][gc,phases   ] GC(391)   Other: 0.1ms
[2024-03-07T00:44:02.029+0000][7][gc,age      ] GC(391) Age table with threshold 15 (max threshold 15)
[2024-03-07T00:44:02.029+0000][7][gc,age      ] GC(391) - age   1:     520072 bytes,     520072 total
[2024-03-07T00:44:02.029+0000][7][gc,age      ] GC(391) - age   2:       7912 bytes,     527984 total
[2024-03-07T00:44:02.029+0000][7][gc,age      ] GC(391) - age   3:       1016 bytes,     529000 total
[2024-03-07T00:44:02.029+0000][7][gc,age      ] GC(391) - age   4:        440 bytes,     529440 total
[2024-03-07T00:44:02.029+0000][7][gc,age      ] GC(391) - age   5:         56 bytes,     529496 total
[2024-03-07T00:44:02.029+0000][7][gc,age      ] GC(391) - age   6:        416 bytes,     529912 total
[2024-03-07T00:44:02.029+0000][7][gc,age      ] GC(391) - age   7:        184 bytes,     530096 total
[2024-03-07T00:44:02.029+0000][7][gc,age      ] GC(391) - age   8:        384 bytes,     530480 total
[2024-03-07T00:44:02.029+0000][7][gc,age      ] GC(391) - age   9:     141840 bytes,     672320 total
[2024-03-07T00:44:02.029+0000][7][gc,age      ] GC(391) - age  12:         24 bytes,     672344 total
[2024-03-07T00:44:02.029+0000][7][gc,age      ] GC(391) - age  13:       6336 bytes,     678680 total
[2024-03-07T00:44:02.029+0000][7][gc,age      ] GC(391) - age  14:      27448 bytes,     706128 total
[2024-03-07T00:44:02.029+0000][7][gc,age      ] GC(391) - age  15:     130056 bytes,     836184 total
[2024-03-07T00:44:02.029+0000][7][gc,heap     ] GC(391) Eden regions: 152->0(152)
[2024-03-07T00:44:02.029+0000][7][gc,heap     ] GC(391) Survivor regions: 1->1(20)
[2024-03-07T00:44:02.029+0000][7][gc,heap     ] GC(391) Old regions: 25->25
[2024-03-07T00:44:02.029+0000][7][gc,heap     ] GC(391) Archive regions: 2->2
[2024-03-07T00:44:02.029+0000][7][gc,heap     ] GC(391) Humongous regions: 0->0
[2024-03-07T00:44:02.029+0000][7][gc,metaspace] GC(391) Metaspace: 128931K(132416K)->128931K(132416K) NonClass: 112079K(113920K)->112079K(113920K) Class: 16851K(18496K)->16851K(18496K)
[2024-03-07T00:44:02.029+0000][7][gc          ] GC(391) Pause Young (Normal) (G1 Evacuation Pause) 711M->102M(1024M) 2.201ms
[2024-03-07T00:44:02.029+0000][7][gc,cpu      ] GC(391) User=0.01s Sys=0.00s Real=0.00s
[2024-03-07T00:44:02.029+0000][7][safepoint   ] Safepoint "G1CollectForAllocation", Time since last: 176930990541 ns, Reaching safepoint: 74038 ns, At safepoint: 2289761 ns, Total: 2363799 ns
[2024-03-07T00:46:38.084+0000][7][gc,start    ] GC(392) Pause Young (Normal) (G1 Evacuation Pause)
[2024-03-07T00:46:38.084+0000][7][gc,task     ] GC(392) Using 8 workers of 8 for evacuation
[2024-03-07T00:46:38.084+0000][7][gc,age      ] GC(392) Desired survivor size 41943040 bytes, new threshold 15 (max threshold 15)
[2024-03-07T00:46:38.087+0000][7][gc,phases   ] GC(392)   Pre Evacuate Collection Set: 0.1ms
[2024-03-07T00:46:38.087+0000][7][gc,phases   ] GC(392)   Merge Heap Roots: 0.1ms
[2024-03-07T00:46:38.087+0000][7][gc,phases   ] GC(392)   Evacuate Collection Set: 1.4ms
[2024-03-07T00:46:38.087+0000][7][gc,phases   ] GC(392)   Post Evacuate Collection Set: 0.7ms
[2024-03-07T00:46:38.087+0000][7][gc,phases   ] GC(392)   Other: 0.1ms
[2024-03-07T00:46:38.087+0000][7][gc,age      ] GC(392) Age table with threshold 15 (max threshold 15)
[2024-03-07T00:46:38.087+0000][7][gc,age      ] GC(392) - age   1:    1448272 bytes,    1448272 total
[2024-03-07T00:46:38.087+0000][7][gc,age      ] GC(392) - age   2:       3416 bytes,    1451688 total
[2024-03-07T00:46:38.087+0000][7][gc,age      ] GC(392) - age   3:       5280 bytes,    1456968 total
[2024-03-07T00:46:38.087+0000][7][gc,age      ] GC(392) - age   4:        760 bytes,    1457728 total
[2024-03-07T00:46:38.087+0000][7][gc,age      ] GC(392) - age   5:        192 bytes,    1457920 total
[2024-03-07T00:46:38.087+0000][7][gc,age      ] GC(392) - age   6:         56 bytes,    1457976 total
[2024-03-07T00:46:38.087+0000][7][gc,age      ] GC(392) - age   7:         24 bytes,    1458000 total
[2024-03-07T00:46:38.087+0000][7][gc,age      ] GC(392) - age   8:        184 bytes,    1458184 total
[2024-03-07T00:46:38.087+0000][7][gc,age      ] GC(392) - age  10:     141840 bytes,    1600024 total
[2024-03-07T00:46:38.087+0000][7][gc,age      ] GC(392) - age  13:         24 bytes,    1600048 total
[2024-03-07T00:46:38.087+0000][7][gc,age      ] GC(392) - age  14:       6336 bytes,    1606384 total
[2024-03-07T00:46:38.087+0000][7][gc,age      ] GC(392) - age  15:      27448 bytes,    1633832 total
[2024-03-07T00:46:38.087+0000][7][gc,heap     ] GC(392) Eden regions: 152->0(152)
[2024-03-07T00:46:38.087+0000][7][gc,heap     ] GC(392) Survivor regions: 1->1(20)
[2024-03-07T00:46:38.087+0000][7][gc,heap     ] GC(392) Old regions: 25->25
[2024-03-07T00:46:38.087+0000][7][gc,heap     ] GC(392) Archive regions: 2->2
[2024-03-07T00:46:38.087+0000][7][gc,heap     ] GC(392) Humongous regions: 0->0
[2024-03-07T00:46:38.087+0000][7][gc,metaspace] GC(392) Metaspace: 128931K(132416K)->128931K(132416K) NonClass: 112079K(113920K)->112079K(113920K) Class: 16851K(18496K)->16851K(18496K)
[2024-03-07T00:46:38.087+0000][7][gc          ] GC(392) Pause Young (Normal) (G1 Evacuation Pause) 710M->103M(1024M) 2.748ms
[2024-03-07T00:46:38.087+0000][7][gc,cpu      ] GC(392) User=0.02s Sys=0.00s Real=0.01s
[2024-03-07T00:46:38.087+0000][7][safepoint   ] Safepoint "G1CollectForAllocation", Time since last: 156055050931 ns, Reaching safepoint: 125248 ns, At safepoint: 2883108 ns, Total: 3008356 ns
[2024-03-07T00:49:05.560+0000][7][gc,start    ] GC(393) Pause Young (Normal) (G1 Evacuation Pause)
[2024-03-07T00:49:05.560+0000][7][gc,task     ] GC(393) Using 8 workers of 8 for evacuation
[2024-03-07T00:49:05.560+0000][7][gc,age      ] GC(393) Desired survivor size 41943040 bytes, new threshold 15 (max threshold 15)
[2024-03-07T00:49:05.563+0000][7][gc,phases   ] GC(393)   Pre Evacuate Collection Set: 0.1ms
[2024-03-07T00:49:05.563+0000][7][gc,phases   ] GC(393)   Merge Heap Roots: 0.1ms
[2024-03-07T00:49:05.563+0000][7][gc,phases   ] GC(393)   Evacuate Collection Set: 1.5ms
[2024-03-07T00:49:05.563+0000][7][gc,phases   ] GC(393)   Post Evacuate Collection Set: 0.8ms
[2024-03-07T00:49:05.563+0000][7][gc,phases   ] GC(393)   Other: 0.1ms
[2024-03-07T00:49:05.563+0000][7][gc,age      ] GC(393) Age table with threshold 15 (max threshold 15)
[2024-03-07T00:49:05.563+0000][7][gc,age      ] GC(393) - age   1:    1700792 bytes,    1700792 total
[2024-03-07T00:49:05.563+0000][7][gc,age      ] GC(393) - age   2:       3728 bytes,    1704520 total
[2024-03-07T00:49:05.563+0000][7][gc,age      ] GC(393) - age   3:       1144 bytes,    1705664 total
[2024-03-07T00:49:05.563+0000][7][gc,age      ] GC(393) - age   4:       3704 bytes,    1709368 total
[2024-03-07T00:49:05.563+0000][7][gc,age      ] GC(393) - age   5:        184 bytes,    1709552 total
[2024-03-07T00:49:05.563+0000][7][gc,age      ] GC(393) - age   7:         56 bytes,    1709608 total
[2024-03-07T00:49:05.563+0000][7][gc,age      ] GC(393) - age   8:         24 bytes,    1709632 total
[2024-03-07T00:49:05.563+0000][7][gc,age      ] GC(393) - age   9:        184 bytes,    1709816 total
[2024-03-07T00:49:05.563+0000][7][gc,age      ] GC(393) - age  11:     141840 bytes,    1851656 total
[2024-03-07T00:49:05.563+0000][7][gc,age      ] GC(393) - age  14:         24 bytes,    1851680 total
[2024-03-07T00:49:05.563+0000][7][gc,age      ] GC(393) - age  15:       6336 bytes,    1858016 total
[2024-03-07T00:49:05.563+0000][7][gc,heap     ] GC(393) Eden regions: 152->0(152)
[2024-03-07T00:49:05.563+0000][7][gc,heap     ] GC(393) Survivor regions: 1->1(20)
[2024-03-07T00:49:05.563+0000][7][gc,heap     ] GC(393) Old regions: 25->25
[2024-03-07T00:49:05.563+0000][7][gc,heap     ] GC(393) Archive regions: 2->2
[2024-03-07T00:49:05.563+0000][7][gc,heap     ] GC(393) Humongous regions: 0->0
[2024-03-07T00:49:05.563+0000][7][gc,metaspace] GC(393) Metaspace: 128931K(132416K)->128931K(132416K) NonClass: 112079K(113920K)->112079K(113920K) Class: 16851K(18496K)->16851K(18496K)
[2024-03-07T00:49:05.563+0000][7][gc          ] GC(393) Pause Young (Normal) (G1 Evacuation Pause) 711M->103M(1024M) 2.890ms
[2024-03-07T00:49:05.563+0000][7][gc,cpu      ] GC(393) User=0.01s Sys=0.00s Real=0.00s
[2024-03-07T00:49:05.563+0000][7][safepoint   ] Safepoint "G1CollectForAllocation", Time since last: 147472744558 ns, Reaching safepoint: 71659 ns, At safepoint: 2985180 ns, Total: 3056839 ns
[2024-03-07T00:51:44.074+0000][7][gc,start    ] GC(394) Pause Young (Normal) (G1 Evacuation Pause)
[2024-03-07T00:51:44.074+0000][7][gc,task     ] GC(394) Using 8 workers of 8 for evacuation
[2024-03-07T00:51:44.074+0000][7][gc,age      ] GC(394) Desired survivor size 41943040 bytes, new threshold 15 (max threshold 15)
[2024-03-07T00:51:44.076+0000][7][gc,phases   ] GC(394)   Pre Evacuate Collection Set: 0.1ms
[2024-03-07T00:51:44.076+0000][7][gc,phases   ] GC(394)   Merge Heap Roots: 0.1ms
[2024-03-07T00:51:44.076+0000][7][gc,phases   ] GC(394)   Evacuate Collection Set: 1.2ms
[2024-03-07T00:51:44.076+0000][7][gc,phases   ] GC(394)   Post Evacuate Collection Set: 0.7ms
[2024-03-07T00:51:44.076+0000][7][gc,phases   ] GC(394)   Other: 0.1ms
[2024-03-07T00:51:44.076+0000][7][gc,age      ] GC(394) Age table with threshold 15 (max threshold 15)
[2024-03-07T00:51:44.076+0000][7][gc,age      ] GC(394) - age   1:    1138656 bytes,    1138656 total
[2024-03-07T00:51:44.076+0000][7][gc,age      ] GC(394) - age   2:       3840 bytes,    1142496 total
[2024-03-07T00:51:44.076+0000][7][gc,age      ] GC(394) - age   3:       1544 bytes,    1144040 total
[2024-03-07T00:51:44.076+0000][7][gc,age      ] GC(394) - age   4:        208 bytes,    1144248 total
[2024-03-07T00:51:44.076+0000][7][gc,age      ] GC(394) - age   5:        184 bytes,    1144432 total
[2024-03-07T00:51:44.076+0000][7][gc,age      ] GC(394) - age   6:        184 bytes,    1144616 total
[2024-03-07T00:51:44.076+0000][7][gc,age      ] GC(394) - age   8:         24 bytes,    1144640 total
[2024-03-07T00:51:44.076+0000][7][gc,age      ] GC(394) - age   9:         24 bytes,    1144664 total
[2024-03-07T00:51:44.076+0000][7][gc,age      ] GC(394) - age  10:        184 bytes,    1144848 total
[2024-03-07T00:51:44.076+0000][7][gc,age      ] GC(394) - age  12:     141840 bytes,    1286688 total
[2024-03-07T00:51:44.076+0000][7][gc,age      ] GC(394) - age  15:         24 bytes,    1286712 total
[2024-03-07T00:51:44.076+0000][7][gc,heap     ] GC(394) Eden regions: 152->0(152)
[2024-03-07T00:51:44.076+0000][7][gc,heap     ] GC(394) Survivor regions: 1->1(20)
[2024-03-07T00:51:44.076+0000][7][gc,heap     ] GC(394) Old regions: 25->25
[2024-03-07T00:51:44.076+0000][7][gc,heap     ] GC(394) Archive regions: 2->2
[2024-03-07T00:51:44.076+0000][7][gc,heap     ] GC(394) Humongous regions: 0->0
[2024-03-07T00:51:44.076+0000][7][gc,metaspace] GC(394) Metaspace: 128931K(132416K)->128931K(132416K) NonClass: 112079K(113920K)->112079K(113920K) Class: 16851K(18496K)->16851K(18496K)
[2024-03-07T00:51:44.076+0000][7][gc          ] GC(394) Pause Young (Normal) (G1 Evacuation Pause) 711M->103M(1024M) 2.350ms
[2024-03-07T00:51:44.076+0000][7][gc,cpu      ] GC(394) User=0.01s Sys=0.00s Real=0.00s
[2024-03-07T00:51:44.076+0000][7][safepoint   ] Safepoint "G1CollectForAllocation", Time since last: 158510724470 ns, Reaching safepoint: 66222 ns, At safepoint: 2435616 ns, Total: 2501838 ns
[2024-03-07T00:54:14.071+0000][7][gc,start    ] GC(395) Pause Young (Normal) (G1 Evacuation Pause)
[2024-03-07T00:54:14.071+0000][7][gc,task     ] GC(395) Using 8 workers of 8 for evacuation
[2024-03-07T00:54:14.071+0000][7][gc,age      ] GC(395) Desired survivor size 41943040 bytes, new threshold 15 (max threshold 15)
[2024-03-07T00:54:14.073+0000][7][gc,phases   ] GC(395)   Pre Evacuate Collection Set: 0.1ms
[2024-03-07T00:54:14.073+0000][7][gc,phases   ] GC(395)   Merge Heap Roots: 0.1ms
[2024-03-07T00:54:14.073+0000][7][gc,phases   ] GC(395)   Evacuate Collection Set: 1.1ms
[2024-03-07T00:54:14.073+0000][7][gc,phases   ] GC(395)   Post Evacuate Collection Set: 0.7ms
[2024-03-07T00:54:14.073+0000][7][gc,phases   ] GC(395)   Other: 0.1ms
[2024-03-07T00:54:14.073+0000][7][gc,age      ] GC(395) Age table with threshold 15 (max threshold 15)
[2024-03-07T00:54:14.073+0000][7][gc,age      ] GC(395) - age   1:    1271496 bytes,    1271496 total
[2024-03-07T00:54:14.073+0000][7][gc,age      ] GC(395) - age   2:       7040 bytes,    1278536 total
[2024-03-07T00:54:14.073+0000][7][gc,age      ] GC(395) - age   3:        664 bytes,    1279200 total
[2024-03-07T00:54:14.073+0000][7][gc,age      ] GC(395) - age   4:        968 bytes,    1280168 total
[2024-03-07T00:54:14.073+0000][7][gc,age      ] GC(395) - age   5:        144 bytes,    1280312 total
[2024-03-07T00:54:14.073+0000][7][gc,age      ] GC(395) - age   6:        184 bytes,    1280496 total
[2024-03-07T00:54:14.073+0000][7][gc,age      ] GC(395) - age   7:        184 bytes,    1280680 total
[2024-03-07T00:54:14.073+0000][7][gc,age      ] GC(395) - age   9:         24 bytes,    1280704 total
[2024-03-07T00:54:14.073+0000][7][gc,age      ] GC(395) - age  10:         24 bytes,    1280728 total
[2024-03-07T00:54:14.073+0000][7][gc,age      ] GC(395) - age  11:        184 bytes,    1280912 total
[2024-03-07T00:54:14.073+0000][7][gc,age      ] GC(395) - age  13:     141840 bytes,    1422752 total
[2024-03-07T00:54:14.073+0000][7][gc,heap     ] GC(395) Eden regions: 152->0(152)
[2024-03-07T00:54:14.073+0000][7][gc,heap     ] GC(395) Survivor regions: 1->1(20)
[2024-03-07T00:54:14.073+0000][7][gc,heap     ] GC(395) Old regions: 25->25
[2024-03-07T00:54:14.073+0000][7][gc,heap     ] GC(395) Archive regions: 2->2
[2024-03-07T00:54:14.073+0000][7][gc,heap     ] GC(395) Humongous regions: 0->0
[2024-03-07T00:54:14.073+0000][7][gc,metaspace] GC(395) Metaspace: 128931K(132416K)->128931K(132416K) NonClass: 112079K(113920K)->112079K(113920K) Class: 16851K(18496K)->16851K(18496K)
[2024-03-07T00:54:14.073+0000][7][gc          ] GC(395) Pause Young (Normal) (G1 Evacuation Pause) 711M->103M(1024M) 2.360ms
[2024-03-07T00:54:14.073+0000][7][gc,cpu      ] GC(395) User=0.01s Sys=0.01s Real=0.00s
[2024-03-07T00:54:14.073+0000][7][safepoint   ] Safepoint "G1CollectForAllocation", Time since last: 149994586113 ns, Reaching safepoint: 65087 ns, At safepoint: 2447445 ns, Total: 2512532 ns
[2024-03-07T00:56:42.096+0000][7][gc,start    ] GC(396) Pause Young (Normal) (G1 Evacuation Pause)
[2024-03-07T00:56:42.096+0000][7][gc,task     ] GC(396) Using 8 workers of 8 for evacuation
[2024-03-07T00:56:42.096+0000][7][gc,age      ] GC(396) Desired survivor size 41943040 bytes, new threshold 15 (max threshold 15)
[2024-03-07T00:56:42.098+0000][7][gc,phases   ] GC(396)   Pre Evacuate Collection Set: 0.1ms
[2024-03-07T00:56:42.098+0000][7][gc,phases   ] GC(396)   Merge Heap Roots: 0.1ms
[2024-03-07T00:56:42.098+0000][7][gc,phases   ] GC(396)   Evacuate Collection Set: 1.2ms
[2024-03-07T00:56:42.098+0000][7][gc,phases   ] GC(396)   Post Evacuate Collection Set: 0.8ms
[2024-03-07T00:56:42.098+0000][7][gc,phases   ] GC(396)   Other: 0.1ms
[2024-03-07T00:56:42.098+0000][7][gc,age      ] GC(396) Age table with threshold 15 (max threshold 15)
[2024-03-07T00:56:42.098+0000][7][gc,age      ] GC(396) - age   1:     897808 bytes,     897808 total
[2024-03-07T00:56:42.098+0000][7][gc,age      ] GC(396) - age   2:       3232 bytes,     901040 total
[2024-03-07T00:56:42.098+0000][7][gc,age      ] GC(396) - age   3:       5344 bytes,     906384 total
[2024-03-07T00:56:42.098+0000][7][gc,age      ] GC(396) - age   4:        288 bytes,     906672 total
[2024-03-07T00:56:42.098+0000][7][gc,age      ] GC(396) - age   5:        904 bytes,     907576 total
[2024-03-07T00:56:42.098+0000][7][gc,age      ] GC(396) - age   6:        144 bytes,     907720 total
[2024-03-07T00:56:42.098+0000][7][gc,age      ] GC(396) - age   7:        184 bytes,     907904 total
[2024-03-07T00:56:42.098+0000][7][gc,age      ] GC(396) - age   8:        184 bytes,     908088 total
[2024-03-07T00:56:42.098+0000][7][gc,age      ] GC(396) - age  10:         24 bytes,     908112 total
[2024-03-07T00:56:42.098+0000][7][gc,age      ] GC(396) - age  11:         24 bytes,     908136 total
[2024-03-07T00:56:42.098+0000][7][gc,age      ] GC(396) - age  12:        184 bytes,     908320 total
[2024-03-07T00:56:42.098+0000][7][gc,age      ] GC(396) - age  14:     141840 bytes,    1050160 total
[2024-03-07T00:56:42.098+0000][7][gc,heap     ] GC(396) Eden regions: 152->0(152)
[2024-03-07T00:56:42.098+0000][7][gc,heap     ] GC(396) Survivor regions: 1->1(20)
[2024-03-07T00:56:42.098+0000][7][gc,heap     ] GC(396) Old regions: 25->25
[2024-03-07T00:56:42.098+0000][7][gc,heap     ] GC(396) Archive regions: 2->2
[2024-03-07T00:56:42.098+0000][7][gc,heap     ] GC(396) Humongous regions: 0->0
[2024-03-07T00:56:42.098+0000][7][gc,metaspace] GC(396) Metaspace: 128931K(132416K)->128931K(132416K) NonClass: 112079K(113920K)->112079K(113920K) Class: 16851K(18496K)->16851K(18496K)
[2024-03-07T00:56:42.098+0000][7][gc          ] GC(396) Pause Young (Normal) (G1 Evacuation Pause) 711M->102M(1024M) 2.620ms
[2024-03-07T00:56:42.098+0000][7][gc,cpu      ] GC(396) User=0.01s Sys=0.00s Real=0.00s
[2024-03-07T00:56:42.098+0000][7][safepoint   ] Safepoint "G1CollectForAllocation", Time since last: 148022238858 ns, Reaching safepoint: 64519 ns, At safepoint: 2729840 ns, Total: 2794359 ns
[2024-03-07T00:59:58.124+0000][7][gc,start    ] GC(397) Pause Young (Normal) (G1 Evacuation Pause)
[2024-03-07T00:59:58.124+0000][7][gc,task     ] GC(397) Using 8 workers of 8 for evacuation
[2024-03-07T00:59:58.124+0000][7][gc,age      ] GC(397) Desired survivor size 41943040 bytes, new threshold 15 (max threshold 15)
[2024-03-07T00:59:58.126+0000][7][gc,phases   ] GC(397)   Pre Evacuate Collection Set: 0.1ms
[2024-03-07T00:59:58.126+0000][7][gc,phases   ] GC(397)   Merge Heap Roots: 0.1ms
[2024-03-07T00:59:58.126+0000][7][gc,phases   ] GC(397)   Evacuate Collection Set: 1.4ms
[2024-03-07T00:59:58.126+0000][7][gc,phases   ] GC(397)   Post Evacuate Collection Set: 1.0ms
[2024-03-07T00:59:58.126+0000][7][gc,phases   ] GC(397)   Other: 0.1ms
[2024-03-07T00:59:58.126+0000][7][gc,age      ] GC(397) Age table with threshold 15 (max threshold 15)
[2024-03-07T00:59:58.126+0000][7][gc,age      ] GC(397) - age   1:     996632 bytes,     996632 total
[2024-03-07T00:59:58.126+0000][7][gc,age      ] GC(397) - age   2:       2976 bytes,     999608 total
[2024-03-07T00:59:58.126+0000][7][gc,age      ] GC(397) - age   3:        376 bytes,     999984 total
[2024-03-07T00:59:58.126+0000][7][gc,age      ] GC(397) - age   4:       1312 bytes,    1001296 total
[2024-03-07T00:59:58.126+0000][7][gc,age      ] GC(397) - age   5:         96 bytes,    1001392 total
[2024-03-07T00:59:58.126+0000][7][gc,age      ] GC(397) - age   6:        384 bytes,    1001776 total
[2024-03-07T00:59:58.127+0000][7][gc,age      ] GC(397) - age   7:         56 bytes,    1001832 total
[2024-03-07T00:59:58.127+0000][7][gc,age      ] GC(397) - age   9:        184 bytes,    1002016 total
[2024-03-07T00:59:58.127+0000][7][gc,age      ] GC(397) - age  11:         24 bytes,    1002040 total
[2024-03-07T00:59:58.127+0000][7][gc,age      ] GC(397) - age  12:         24 bytes,    1002064 total
[2024-03-07T00:59:58.127+0000][7][gc,age      ] GC(397) - age  15:     141840 bytes,    1143904 total
[2024-03-07T00:59:58.127+0000][7][gc,heap     ] GC(397) Eden regions: 152->0(152)
[2024-03-07T00:59:58.127+0000][7][gc,heap     ] GC(397) Survivor regions: 1->1(20)
[2024-03-07T00:59:58.127+0000][7][gc,heap     ] GC(397) Old regions: 25->25
[2024-03-07T00:59:58.127+0000][7][gc,heap     ] GC(397) Archive regions: 2->2
[2024-03-07T00:59:58.127+0000][7][gc,heap     ] GC(397) Humongous regions: 0->0
[2024-03-07T00:59:58.127+0000][7][gc,metaspace] GC(397) Metaspace: 128931K(132416K)->128931K(132416K) NonClass: 112079K(113920K)->112079K(113920K) Class: 16851K(18496K)->16851K(18496K)
[2024-03-07T00:59:58.127+0000][7][gc          ] GC(397) Pause Young (Normal) (G1 Evacuation Pause) 710M->102M(1024M) 3.023ms
[2024-03-07T00:59:58.127+0000][7][gc,cpu      ] GC(397) User=0.02s Sys=0.00s Real=0.01s
[2024-03-07T00:59:58.127+0000][7][safepoint   ] Safepoint "G1CollectForAllocation", Time since last: 196025208142 ns, Reaching safepoint: 84903 ns, At safepoint: 3123948 ns, Total: 3208851 ns
[2024-03-07T01:01:43.138+0000][7][safepoint   ] Safepoint "Cleanup", Time since last: 105011594572 ns, Reaching safepoint: 66685 ns, At safepoint: 38647 ns, Total: 105332 ns
[2024-03-07T01:03:11.108+0000][7][gc,start    ] GC(398) Pause Young (Normal) (G1 Evacuation Pause)
[2024-03-07T01:03:11.108+0000][7][gc,task     ] GC(398) Using 8 workers of 8 for evacuation
[2024-03-07T01:03:11.108+0000][7][gc,age      ] GC(398) Desired survivor size 41943040 bytes, new threshold 15 (max threshold 15)
[2024-03-07T01:03:11.110+0000][7][gc,phases   ] GC(398)   Pre Evacuate Collection Set: 0.1ms
[2024-03-07T01:03:11.110+0000][7][gc,phases   ] GC(398)   Merge Heap Roots: 0.1ms
[2024-03-07T01:03:11.111+0000][7][gc,phases   ] GC(398)   Evacuate Collection Set: 1.2ms
[2024-03-07T01:03:11.111+0000][7][gc,phases   ] GC(398)   Post Evacuate Collection Set: 0.7ms
[2024-03-07T01:03:11.111+0000][7][gc,phases   ] GC(398)   Other: 0.1ms
[2024-03-07T01:03:11.111+0000][7][gc,age      ] GC(398) Age table with threshold 15 (max threshold 15)
[2024-03-07T01:03:11.111+0000][7][gc,age      ] GC(398) - age   1:    1323432 bytes,    1323432 total
[2024-03-07T01:03:11.111+0000][7][gc,age      ] GC(398) - age   2:      14624 bytes,    1338056 total
[2024-03-07T01:03:11.111+0000][7][gc,age      ] GC(398) - age   3:        320 bytes,    1338376 total
[2024-03-07T01:03:11.111+0000][7][gc,age      ] GC(398) - age   4:        248 bytes,    1338624 total
[2024-03-07T01:03:11.111+0000][7][gc,age      ] GC(398) - age   5:        304 bytes,    1338928 total
[2024-03-07T01:03:11.111+0000][7][gc,age      ] GC(398) - age   6:         32 bytes,    1338960 total
[2024-03-07T01:03:11.111+0000][7][gc,age      ] GC(398) - age   7:        384 bytes,    1339344 total
[2024-03-07T01:03:11.111+0000][7][gc,age      ] GC(398) - age   8:         24 bytes,    1339368 total
[2024-03-07T01:03:11.111+0000][7][gc,age      ] GC(398) - age  10:        184 bytes,    1339552 total
[2024-03-07T01:03:11.111+0000][7][gc,age      ] GC(398) - age  12:         24 bytes,    1339576 total
[2024-03-07T01:03:11.111+0000][7][gc,age      ] GC(398) - age  13:         24 bytes,    1339600 total
[2024-03-07T01:03:11.111+0000][7][gc,heap     ] GC(398) Eden regions: 152->0(152)
[2024-03-07T01:03:11.111+0000][7][gc,heap     ] GC(398) Survivor regions: 1->1(20)
[2024-03-07T01:03:11.111+0000][7][gc,heap     ] GC(398) Old regions: 25->25
[2024-03-07T01:03:11.111+0000][7][gc,heap     ] GC(398) Archive regions: 2->2
[2024-03-07T01:03:11.111+0000][7][gc,heap     ] GC(398) Humongous regions: 0->0
[2024-03-07T01:03:11.111+0000][7][gc,metaspace] GC(398) Metaspace: 128931K(132416K)->128931K(132416K) NonClass: 112079K(113920K)->112079K(113920K) Class: 16851K(18496K)->16851K(18496K)
[2024-03-07T01:03:11.111+0000][7][gc          ] GC(398) Pause Young (Normal) (G1 Evacuation Pause) 710M->103M(1024M) 2.436ms
[2024-03-07T01:03:11.111+0000][7][gc,cpu      ] GC(398) User=0.01s Sys=0.00s Real=0.00s
[2024-03-07T01:03:11.111+0000][7][safepoint   ] Safepoint "G1CollectForAllocation", Time since last: 87969743150 ns, Reaching safepoint: 67089 ns, At safepoint: 2519051 ns, Total: 2586140 ns
[2024-03-07T01:04:06.117+0000][7][safepoint   ] Safepoint "Cleanup", Time since last: 55005993602 ns, Reaching safepoint: 81380 ns, At safepoint: 40631 ns, Total: 122011 ns
[2024-03-07T01:06:17.152+0000][7][gc,start    ] GC(399) Pause Young (Normal) (G1 Evacuation Pause)
[2024-03-07T01:06:17.152+0000][7][gc,task     ] GC(399) Using 8 workers of 8 for evacuation
[2024-03-07T01:06:17.152+0000][7][gc,age      ] GC(399) Desired survivor size 41943040 bytes, new threshold 15 (max threshold 15)
[2024-03-07T01:06:17.154+0000][7][gc,phases   ] GC(399)   Pre Evacuate Collection Set: 0.1ms
[2024-03-07T01:06:17.154+0000][7][gc,phases   ] GC(399)   Merge Heap Roots: 0.1ms
[2024-03-07T01:06:17.154+0000][7][gc,phases   ] GC(399)   Evacuate Collection Set: 1.3ms
[2024-03-07T01:06:17.154+0000][7][gc,phases   ] GC(399)   Post Evacuate Collection Set: 0.7ms
[2024-03-07T01:06:17.154+0000][7][gc,phases   ] GC(399)   Other: 0.1ms
[2024-03-07T01:06:17.154+0000][7][gc,age      ] GC(399) Age table with threshold 15 (max threshold 15)
[2024-03-07T01:06:17.154+0000][7][gc,age      ] GC(399) - age   1:    1404224 bytes,    1404224 total
[2024-03-07T01:06:17.154+0000][7][gc,age      ] GC(399) - age   2:      94392 bytes,    1498616 total
[2024-03-07T01:06:17.154+0000][7][gc,age      ] GC(399) - age   3:      12384 bytes,    1511000 total
[2024-03-07T01:06:17.154+0000][7][gc,age      ] GC(399) - age   5:        184 bytes,    1511184 total
[2024-03-07T01:06:17.154+0000][7][gc,age      ] GC(399) - age   6:         56 bytes,    1511240 total
[2024-03-07T01:06:17.154+0000][7][gc,age      ] GC(399) - age   9:         24 bytes,    1511264 total
[2024-03-07T01:06:17.154+0000][7][gc,age      ] GC(399) - age  11:        184 bytes,    1511448 total
[2024-03-07T01:06:17.154+0000][7][gc,age      ] GC(399) - age  13:         24 bytes,    1511472 total
[2024-03-07T01:06:17.154+0000][7][gc,age      ] GC(399) - age  14:         24 bytes,    1511496 total
[2024-03-07T01:06:17.154+0000][7][gc,heap     ] GC(399) Eden regions: 152->0(152)
[2024-03-07T01:06:17.154+0000][7][gc,heap     ] GC(399) Survivor regions: 1->1(20)
[2024-03-07T01:06:17.154+0000][7][gc,heap     ] GC(399) Old regions: 25->25
[2024-03-07T01:06:17.154+0000][7][gc,heap     ] GC(399) Archive regions: 2->2
[2024-03-07T01:06:17.154+0000][7][gc,heap     ] GC(399) Humongous regions: 0->0
[2024-03-07T01:06:17.154+0000][7][gc,metaspace] GC(399) Metaspace: 128931K(132416K)->128931K(132416K) NonClass: 112079K(113920K)->112079K(113920K) Class: 16851K(18496K)->16851K(18496K)
[2024-03-07T01:06:17.154+0000][7][gc          ] GC(399) Pause Young (Normal) (G1 Evacuation Pause) 711M->103M(1024M) 2.526ms
[2024-03-07T01:06:17.154+0000][7][gc,cpu      ] GC(399) User=0.01s Sys=0.01s Real=0.01s
[2024-03-07T01:06:17.154+0000][7][safepoint   ] Safepoint "G1CollectForAllocation", Time since last: 131034742029 ns, Reaching safepoint: 68943 ns, At safepoint: 2610849 ns, Total: 2679792 ns
[2024-03-07T01:08:59.237+0000][7][gc,start    ] GC(400) Pause Young (Normal) (G1 Evacuation Pause)
[2024-03-07T01:08:59.237+0000][7][gc,task     ] GC(400) Using 8 workers of 8 for evacuation
[2024-03-07T01:08:59.237+0000][7][gc,age      ] GC(400) Desired survivor size 41943040 bytes, new threshold 15 (max threshold 15)
[2024-03-07T01:08:59.239+0000][7][gc,phases   ] GC(400)   Pre Evacuate Collection Set: 0.1ms
[2024-03-07T01:08:59.239+0000][7][gc,phases   ] GC(400)   Merge Heap Roots: 0.1ms
[2024-03-07T01:08:59.239+0000][7][gc,phases   ] GC(400)   Evacuate Collection Set: 1.0ms
[2024-03-07T01:08:59.239+0000][7][gc,phases   ] GC(400)   Post Evacuate Collection Set: 0.6ms
[2024-03-07T01:08:59.239+0000][7][gc,phases   ] GC(400)   Other: 0.1ms
[2024-03-07T01:08:59.239+0000][7][gc,age      ] GC(400) Age table with threshold 15 (max threshold 15)
[2024-03-07T01:08:59.239+0000][7][gc,age      ] GC(400) - age   1:    1987544 bytes,    1987544 total
[2024-03-07T01:08:59.239+0000][7][gc,age      ] GC(400) - age   2:     111328 bytes,    2098872 total
[2024-03-07T01:08:59.239+0000][7][gc,age      ] GC(400) - age   3:      92008 bytes,    2190880 total
[2024-03-07T01:08:59.239+0000][7][gc,age      ] GC(400) - age   4:      12256 bytes,    2203136 total
[2024-03-07T01:08:59.239+0000][7][gc,age      ] GC(400) - age   6:        184 bytes,    2203320 total
[2024-03-07T01:08:59.239+0000][7][gc,age      ] GC(400) - age   7:         32 bytes,    2203352 total
[2024-03-07T01:08:59.239+0000][7][gc,age      ] GC(400) - age  10:         24 bytes,    2203376 total
[2024-03-07T01:08:59.239+0000][7][gc,age      ] GC(400) - age  12:        184 bytes,    2203560 total
[2024-03-07T01:08:59.239+0000][7][gc,age      ] GC(400) - age  14:         24 bytes,    2203584 total
[2024-03-07T01:08:59.239+0000][7][gc,age      ] GC(400) - age  15:         24 bytes,    2203608 total
[2024-03-07T01:08:59.239+0000][7][gc,heap     ] GC(400) Eden regions: 152->0(152)
[2024-03-07T01:08:59.239+0000][7][gc,heap     ] GC(400) Survivor regions: 1->1(20)
[2024-03-07T01:08:59.239+0000][7][gc,heap     ] GC(400) Old regions: 25->25
[2024-03-07T01:08:59.239+0000][7][gc,heap     ] GC(400) Archive regions: 2->2
[2024-03-07T01:08:59.239+0000][7][gc,heap     ] GC(400) Humongous regions: 0->0
[2024-03-07T01:08:59.239+0000][7][gc,metaspace] GC(400) Metaspace: 128931K(132416K)->128931K(132416K) NonClass: 112079K(113920K)->112079K(113920K) Class: 16851K(18496K)->16851K(18496K)
[2024-03-07T01:08:59.239+0000][7][gc          ] GC(400) Pause Young (Normal) (G1 Evacuation Pause) 711M->104M(1024M) 1.950ms
[2024-03-07T01:08:59.239+0000][7][gc,cpu      ] GC(400) User=0.01s Sys=0.00s Real=0.00s
[2024-03-07T01:08:59.239+0000][7][safepoint   ] Safepoint "G1CollectForAllocation", Time since last: 162082811431 ns, Reaching safepoint: 32887 ns, At safepoint: 2019704 ns, Total: 2052591 ns
[2024-03-07T01:12:06.260+0000][7][safepoint   ] Safepoint "Cleanup", Time since last: 187020899411 ns, Reaching safepoint: 89946 ns, At safepoint: 38334 ns, Total: 128280 ns
[2024-03-07T01:12:11.566+0000][7][gc,start    ] GC(401) Pause Young (Normal) (G1 Evacuation Pause)
[2024-03-07T01:12:11.566+0000][7][gc,task     ] GC(401) Using 8 workers of 8 for evacuation
[2024-03-07T01:12:11.566+0000][7][gc,age      ] GC(401) Desired survivor size 41943040 bytes, new threshold 15 (max threshold 15)
[2024-03-07T01:12:11.568+0000][7][gc,phases   ] GC(401)   Pre Evacuate Collection Set: 0.2ms
[2024-03-07T01:12:11.568+0000][7][gc,phases   ] GC(401)   Merge Heap Roots: 0.1ms
[2024-03-07T01:12:11.568+0000][7][gc,phases   ] GC(401)   Evacuate Collection Set: 1.0ms
[2024-03-07T01:12:11.568+0000][7][gc,phases   ] GC(401)   Post Evacuate Collection Set: 0.7ms
[2024-03-07T01:12:11.568+0000][7][gc,phases   ] GC(401)   Other: 0.1ms
[2024-03-07T01:12:11.568+0000][7][gc,age      ] GC(401) Age table with threshold 15 (max threshold 15)
[2024-03-07T01:12:11.568+0000][7][gc,age      ] GC(401) - age   1:     663392 bytes,     663392 total
[2024-03-07T01:12:11.568+0000][7][gc,age      ] GC(401) - age   2:      35944 bytes,     699336 total
[2024-03-07T01:12:11.568+0000][7][gc,age      ] GC(401) - age   3:     108320 bytes,     807656 total
[2024-03-07T01:12:11.568+0000][7][gc,age      ] GC(401) - age   4:      90872 bytes,     898528 total
[2024-03-07T01:12:11.568+0000][7][gc,age      ] GC(401) - age   5:       8800 bytes,     907328 total
[2024-03-07T01:12:11.568+0000][7][gc,age      ] GC(401) - age  11:         24 bytes,     907352 total
[2024-03-07T01:12:11.568+0000][7][gc,age      ] GC(401) - age  13:        184 bytes,     907536 total
[2024-03-07T01:12:11.568+0000][7][gc,age      ] GC(401) - age  15:         24 bytes,     907560 total
[2024-03-07T01:12:11.568+0000][7][gc,heap     ] GC(401) Eden regions: 152->0(152)
[2024-03-07T01:12:11.568+0000][7][gc,heap     ] GC(401) Survivor regions: 1->1(20)
[2024-03-07T01:12:11.568+0000][7][gc,heap     ] GC(401) Old regions: 25->25
[2024-03-07T01:12:11.568+0000][7][gc,heap     ] GC(401) Archive regions: 2->2
[2024-03-07T01:12:11.568+0000][7][gc,heap     ] GC(401) Humongous regions: 0->0
[2024-03-07T01:12:11.568+0000][7][gc,metaspace] GC(401) Metaspace: 128932K(132416K)->128932K(132416K) NonClass: 112081K(113920K)->112081K(113920K) Class: 16851K(18496K)->16851K(18496K)
[2024-03-07T01:12:11.568+0000][7][gc          ] GC(401) Pause Young (Normal) (G1 Evacuation Pause) 712M->102M(1024M) 2.437ms
[2024-03-07T01:12:11.568+0000][7][gc,cpu      ] GC(401) User=0.01s Sys=0.00s Real=0.00s
[2024-03-07T01:12:11.568+0000][7][safepoint   ] Safepoint "G1CollectForAllocation", Time since last: 5305601914 ns, Reaching safepoint: 102308 ns, At safepoint: 2530262 ns, Total: 2632570 ns
[2024-03-07T01:15:15.038+0000][7][gc,start    ] GC(402) Pause Young (Normal) (G1 Evacuation Pause)
[2024-03-07T01:15:15.038+0000][7][gc,task     ] GC(402) Using 8 workers of 8 for evacuation
[2024-03-07T01:15:15.038+0000][7][gc,age      ] GC(402) Desired survivor size 41943040 bytes, new threshold 15 (max threshold 15)
[2024-03-07T01:15:15.040+0000][7][gc,phases   ] GC(402)   Pre Evacuate Collection Set: 0.1ms
[2024-03-07T01:15:15.040+0000][7][gc,phases   ] GC(402)   Merge Heap Roots: 0.1ms
[2024-03-07T01:15:15.040+0000][7][gc,phases   ] GC(402)   Evacuate Collection Set: 1.0ms
[2024-03-07T01:15:15.040+0000][7][gc,phases   ] GC(402)   Post Evacuate Collection Set: 0.7ms
[2024-03-07T01:15:15.040+0000][7][gc,phases   ] GC(402)   Other: 0.1ms
[2024-03-07T01:15:15.040+0000][7][gc,age      ] GC(402) Age table with threshold 15 (max threshold 15)
[2024-03-07T01:15:15.040+0000][7][gc,age      ] GC(402) - age   1:     424200 bytes,     424200 total
[2024-03-07T01:15:15.040+0000][7][gc,age      ] GC(402) - age   2:      23728 bytes,     447928 total
[2024-03-07T01:15:15.040+0000][7][gc,age      ] GC(402) - age   3:      33344 bytes,     481272 total
[2024-03-07T01:15:15.040+0000][7][gc,age      ] GC(402) - age   4:     107936 bytes,     589208 total
[2024-03-07T01:15:15.040+0000][7][gc,age      ] GC(402) - age   5:      90808 bytes,     680016 total
[2024-03-07T01:15:15.040+0000][7][gc,age      ] GC(402) - age   6:       8408 bytes,     688424 total
[2024-03-07T01:15:15.040+0000][7][gc,age      ] GC(402) - age  12:         24 bytes,     688448 total
[2024-03-07T01:15:15.040+0000][7][gc,age      ] GC(402) - age  14:        184 bytes,     688632 total
[2024-03-07T01:15:15.040+0000][7][gc,heap     ] GC(402) Eden regions: 152->0(152)
[2024-03-07T01:15:15.040+0000][7][gc,heap     ] GC(402) Survivor regions: 1->1(20)
[2024-03-07T01:15:15.040+0000][7][gc,heap     ] GC(402) Old regions: 25->25
[2024-03-07T01:15:15.040+0000][7][gc,heap     ] GC(402) Archive regions: 2->2
[2024-03-07T01:15:15.040+0000][7][gc,heap     ] GC(402) Humongous regions: 0->0
[2024-03-07T01:15:15.040+0000][7][gc,metaspace] GC(402) Metaspace: 128932K(132416K)->128932K(132416K) NonClass: 112081K(113920K)->112081K(113920K) Class: 16851K(18496K)->16851K(18496K)
[2024-03-07T01:15:15.040+0000][7][gc          ] GC(402) Pause Young (Normal) (G1 Evacuation Pause) 710M->102M(1024M) 2.367ms
[2024-03-07T01:15:15.040+0000][7][gc,cpu      ] GC(402) User=0.01s Sys=0.00s Real=0.00s
[2024-03-07T01:15:15.040+0000][7][safepoint   ] Safepoint "G1CollectForAllocation", Time since last: 183469262322 ns, Reaching safepoint: 91241 ns, At safepoint: 2464694 ns, Total: 2555935 ns
[2024-03-07T01:18:17.141+0000][7][gc,start    ] GC(403) Pause Young (Normal) (G1 Evacuation Pause)
[2024-03-07T01:18:17.141+0000][7][gc,task     ] GC(403) Using 8 workers of 8 for evacuation
[2024-03-07T01:18:17.141+0000][7][gc,age      ] GC(403) Desired survivor size 41943040 bytes, new threshold 15 (max threshold 15)
[2024-03-07T01:18:17.143+0000][7][gc,phases   ] GC(403)   Pre Evacuate Collection Set: 0.1ms
[2024-03-07T01:18:17.143+0000][7][gc,phases   ] GC(403)   Merge Heap Roots: 0.1ms
[2024-03-07T01:18:17.143+0000][7][gc,phases   ] GC(403)   Evacuate Collection Set: 1.1ms
[2024-03-07T01:18:17.143+0000][7][gc,phases   ] GC(403)   Post Evacuate Collection Set: 0.7ms
[2024-03-07T01:18:17.143+0000][7][gc,phases   ] GC(403)   Other: 0.1ms
[2024-03-07T01:18:17.143+0000][7][gc,age      ] GC(403) Age table with threshold 15 (max threshold 15)
[2024-03-07T01:18:17.143+0000][7][gc,age      ] GC(403) - age   1:     775984 bytes,     775984 total
[2024-03-07T01:18:17.143+0000][7][gc,age      ] GC(403) - age   2:      10528 bytes,     786512 total
[2024-03-07T01:18:17.143+0000][7][gc,age      ] GC(403) - age   3:      22072 bytes,     808584 total
[2024-03-07T01:18:17.143+0000][7][gc,age      ] GC(403) - age   4:      33096 bytes,     841680 total
[2024-03-07T01:18:17.143+0000][7][gc,age      ] GC(403) - age   5:     107872 bytes,     949552 total
[2024-03-07T01:18:17.144+0000][7][gc,age      ] GC(403) - age   6:      90624 bytes,    1040176 total
[2024-03-07T01:18:17.144+0000][7][gc,age      ] GC(403) - age   7:       8408 bytes,    1048584 total
[2024-03-07T01:18:17.144+0000][7][gc,age      ] GC(403) - age  13:         24 bytes,    1048608 total
[2024-03-07T01:18:17.144+0000][7][gc,age      ] GC(403) - age  15:        184 bytes,    1048792 total
[2024-03-07T01:18:17.144+0000][7][gc,heap     ] GC(403) Eden regions: 152->0(152)
[2024-03-07T01:18:17.144+0000][7][gc,heap     ] GC(403) Survivor regions: 1->1(20)
[2024-03-07T01:18:17.144+0000][7][gc,heap     ] GC(403) Old regions: 25->25
[2024-03-07T01:18:17.144+0000][7][gc,heap     ] GC(403) Archive regions: 2->2
[2024-03-07T01:18:17.144+0000][7][gc,heap     ] GC(403) Humongous regions: 0->0
[2024-03-07T01:18:17.144+0000][7][gc,metaspace] GC(403) Metaspace: 128932K(132416K)->128932K(132416K) NonClass: 112081K(113920K)->112081K(113920K) Class: 16851K(18496K)->16851K(18496K)
[2024-03-07T01:18:17.144+0000][7][gc          ] GC(403) Pause Young (Normal) (G1 Evacuation Pause) 710M->102M(1024M) 2.406ms
[2024-03-07T01:18:17.144+0000][7][gc,cpu      ] GC(403) User=0.01s Sys=0.00s Real=0.00s
[2024-03-07T01:18:17.144+0000][7][safepoint   ] Safepoint "G1CollectForAllocation", Time since last: 182100792116 ns, Reaching safepoint: 105292 ns, At safepoint: 2550388 ns, Total: 2655680 ns
[2024-03-07T01:21:26.130+0000][7][gc,start    ] GC(404) Pause Young (Normal) (G1 Evacuation Pause)
[2024-03-07T01:21:26.130+0000][7][gc,task     ] GC(404) Using 8 workers of 8 for evacuation
[2024-03-07T01:21:26.130+0000][7][gc,age      ] GC(404) Desired survivor size 41943040 bytes, new threshold 15 (max threshold 15)
[2024-03-07T01:21:26.132+0000][7][gc,phases   ] GC(404)   Pre Evacuate Collection Set: 0.1ms
[2024-03-07T01:21:26.132+0000][7][gc,phases   ] GC(404)   Merge Heap Roots: 0.1ms
[2024-03-07T01:21:26.133+0000][7][gc,phases   ] GC(404)   Evacuate Collection Set: 1.1ms
[2024-03-07T01:21:26.133+0000][7][gc,phases   ] GC(404)   Post Evacuate Collection Set: 0.7ms
[2024-03-07T01:21:26.133+0000][7][gc,phases   ] GC(404)   Other: 0.1ms
[2024-03-07T01:21:26.133+0000][7][gc,age      ] GC(404) Age table with threshold 15 (max threshold 15)
[2024-03-07T01:21:26.133+0000][7][gc,age      ] GC(404) - age   1:     538152 bytes,     538152 total
[2024-03-07T01:21:26.133+0000][7][gc,age      ] GC(404) - age   2:       1624 bytes,     539776 total
[2024-03-07T01:21:26.133+0000][7][gc,age      ] GC(404) - age   3:       7088 bytes,     546864 total
[2024-03-07T01:21:26.133+0000][7][gc,age      ] GC(404) - age   4:      18424 bytes,     565288 total
[2024-03-07T01:21:26.133+0000][7][gc,age      ] GC(404) - age   5:      33032 bytes,     598320 total
[2024-03-07T01:21:26.133+0000][7][gc,age      ] GC(404) - age   6:     107872 bytes,     706192 total
[2024-03-07T01:21:26.133+0000][7][gc,age      ] GC(404) - age   7:      90624 bytes,     796816 total
[2024-03-07T01:21:26.133+0000][7][gc,age      ] GC(404) - age   8:        208 bytes,     797024 total
[2024-03-07T01:21:26.133+0000][7][gc,age      ] GC(404) - age  14:         24 bytes,     797048 total
[2024-03-07T01:21:26.133+0000][7][gc,heap     ] GC(404) Eden regions: 152->0(152)
[2024-03-07T01:21:26.133+0000][7][gc,heap     ] GC(404) Survivor regions: 1->1(20)
[2024-03-07T01:21:26.133+0000][7][gc,heap     ] GC(404) Old regions: 25->25
[2024-03-07T01:21:26.133+0000][7][gc,heap     ] GC(404) Archive regions: 2->2
[2024-03-07T01:21:26.133+0000][7][gc,heap     ] GC(404) Humongous regions: 0->0
[2024-03-07T01:21:26.133+0000][7][gc,metaspace] GC(404) Metaspace: 128932K(132416K)->128932K(132416K) NonClass: 112081K(113920K)->112081K(113920K) Class: 16851K(18496K)->16851K(18496K)
[2024-03-07T01:21:26.133+0000][7][gc          ] GC(404) Pause Young (Normal) (G1 Evacuation Pause) 710M->102M(1024M) 2.406ms
[2024-03-07T01:21:26.133+0000][7][gc,cpu      ] GC(404) User=0.01s Sys=0.00s Real=0.00s
[2024-03-07T01:21:26.133+0000][7][safepoint   ] Safepoint "G1CollectForAllocation", Time since last: 188986523319 ns, Reaching safepoint: 69653 ns, At safepoint: 2503207 ns, Total: 2572860 ns
[2024-03-07T01:23:22.145+0000][7][safepoint   ] Safepoint "Cleanup", Time since last: 116012551375 ns, Reaching safepoint: 95917 ns, At safepoint: 11032 ns, Total: 106949 ns
[2024-03-07T01:24:17.138+0000][7][gc,start    ] GC(405) Pause Young (Normal) (G1 Evacuation Pause)
[2024-03-07T01:24:17.138+0000][7][gc,task     ] GC(405) Using 8 workers of 8 for evacuation
[2024-03-07T01:24:17.138+0000][7][gc,age      ] GC(405) Desired survivor size 41943040 bytes, new threshold 15 (max threshold 15)
[2024-03-07T01:24:17.142+0000][7][gc,phases   ] GC(405)   Pre Evacuate Collection Set: 0.1ms
[2024-03-07T01:24:17.142+0000][7][gc,phases   ] GC(405)   Merge Heap Roots: 0.1ms
[2024-03-07T01:24:17.142+0000][7][gc,phases   ] GC(405)   Evacuate Collection Set: 2.7ms
[2024-03-07T01:24:17.142+0000][7][gc,phases   ] GC(405)   Post Evacuate Collection Set: 0.8ms
[2024-03-07T01:24:17.142+0000][7][gc,phases   ] GC(405)   Other: 0.1ms
[2024-03-07T01:24:17.142+0000][7][gc,age      ] GC(405) Age table with threshold 15 (max threshold 15)
[2024-03-07T01:24:17.142+0000][7][gc,age      ] GC(405) - age   1:    1194360 bytes,    1194360 total
[2024-03-07T01:24:17.142+0000][7][gc,age      ] GC(405) - age   2:      21664 bytes,    1216024 total
[2024-03-07T01:24:17.142+0000][7][gc,age      ] GC(405) - age   3:        536 bytes,    1216560 total
[2024-03-07T01:24:17.142+0000][7][gc,age      ] GC(405) - age   4:       6896 bytes,    1223456 total
[2024-03-07T01:24:17.142+0000][7][gc,age      ] GC(405) - age   5:      17648 bytes,    1241104 total
[2024-03-07T01:24:17.142+0000][7][gc,age      ] GC(405) - age   6:      33032 bytes,    1274136 total
[2024-03-07T01:24:17.142+0000][7][gc,age      ] GC(405) - age   7:     107488 bytes,    1381624 total
[2024-03-07T01:24:17.142+0000][7][gc,age      ] GC(405) - age   8:      90592 bytes,    1472216 total
[2024-03-07T01:24:17.142+0000][7][gc,age      ] GC(405) - age   9:        208 bytes,    1472424 total
[2024-03-07T01:24:17.142+0000][7][gc,age      ] GC(405) - age  15:         24 bytes,    1472448 total
[2024-03-07T01:24:17.142+0000][7][gc,heap     ] GC(405) Eden regions: 152->0(152)
[2024-03-07T01:24:17.142+0000][7][gc,heap     ] GC(405) Survivor regions: 1->1(20)
[2024-03-07T01:24:17.142+0000][7][gc,heap     ] GC(405) Old regions: 25->25
[2024-03-07T01:24:17.142+0000][7][gc,heap     ] GC(405) Archive regions: 2->2
[2024-03-07T01:24:17.142+0000][7][gc,heap     ] GC(405) Humongous regions: 0->0
[2024-03-07T01:24:17.142+0000][7][gc,metaspace] GC(405) Metaspace: 128935K(132416K)->128935K(132416K) NonClass: 112084K(113920K)->112084K(113920K) Class: 16851K(18496K)->16851K(18496K)
[2024-03-07T01:24:17.142+0000][7][gc          ] GC(405) Pause Young (Normal) (G1 Evacuation Pause) 710M->103M(1024M) 4.191ms
[2024-03-07T01:24:17.142+0000][7][gc,cpu      ] GC(405) User=0.01s Sys=0.00s Real=0.00s
[2024-03-07T01:24:17.142+0000][7][safepoint   ] Safepoint "G1CollectForAllocation", Time since last: 54992170002 ns, Reaching safepoint: 107495 ns, At safepoint: 4295147 ns, Total: 4402642 ns
[2024-03-07T01:27:23.962+0000][7][gc,start    ] GC(406) Pause Young (Normal) (G1 Evacuation Pause)
[2024-03-07T01:27:23.962+0000][7][gc,task     ] GC(406) Using 8 workers of 8 for evacuation
[2024-03-07T01:27:23.962+0000][7][gc,age      ] GC(406) Desired survivor size 41943040 bytes, new threshold 15 (max threshold 15)
[2024-03-07T01:27:23.964+0000][7][gc,phases   ] GC(406)   Pre Evacuate Collection Set: 0.1ms
[2024-03-07T01:27:23.964+0000][7][gc,phases   ] GC(406)   Merge Heap Roots: 0.1ms
[2024-03-07T01:27:23.964+0000][7][gc,phases   ] GC(406)   Evacuate Collection Set: 1.2ms
[2024-03-07T01:27:23.964+0000][7][gc,phases   ] GC(406)   Post Evacuate Collection Set: 0.8ms
[2024-03-07T01:27:23.964+0000][7][gc,phases   ] GC(406)   Other: 0.1ms
[2024-03-07T01:27:23.964+0000][7][gc,age      ] GC(406) Age table with threshold 15 (max threshold 15)
[2024-03-07T01:27:23.964+0000][7][gc,age      ] GC(406) - age   1:     692736 bytes,     692736 total
[2024-03-07T01:27:23.964+0000][7][gc,age      ] GC(406) - age   2:     143384 bytes,     836120 total
[2024-03-07T01:27:23.964+0000][7][gc,age      ] GC(406) - age   3:      19864 bytes,     855984 total
[2024-03-07T01:27:23.964+0000][7][gc,age      ] GC(406) - age   4:        408 bytes,     856392 total
[2024-03-07T01:27:23.964+0000][7][gc,age      ] GC(406) - age   5:       6896 bytes,     863288 total
[2024-03-07T01:27:23.964+0000][7][gc,age      ] GC(406) - age   6:      17648 bytes,     880936 total
[2024-03-07T01:27:23.964+0000][7][gc,age      ] GC(406) - age   7:      33032 bytes,     913968 total
[2024-03-07T01:27:23.964+0000][7][gc,age      ] GC(406) - age   8:     107488 bytes,    1021456 total
[2024-03-07T01:27:23.964+0000][7][gc,age      ] GC(406) - age   9:      90592 bytes,    1112048 total
[2024-03-07T01:27:23.964+0000][7][gc,age      ] GC(406) - age  10:        208 bytes,    1112256 total
[2024-03-07T01:27:23.964+0000][7][gc,heap     ] GC(406) Eden regions: 152->0(152)
[2024-03-07T01:27:23.964+0000][7][gc,heap     ] GC(406) Survivor regions: 1->1(20)
[2024-03-07T01:27:23.964+0000][7][gc,heap     ] GC(406) Old regions: 25->25
[2024-03-07T01:27:23.964+0000][7][gc,heap     ] GC(406) Archive regions: 2->2
[2024-03-07T01:27:23.964+0000][7][gc,heap     ] GC(406) Humongous regions: 0->0
[2024-03-07T01:27:23.964+0000][7][gc,metaspace] GC(406) Metaspace: 128935K(132416K)->128935K(132416K) NonClass: 112084K(113920K)->112084K(113920K) Class: 16851K(18496K)->16851K(18496K)
[2024-03-07T01:27:23.964+0000][7][gc          ] GC(406) Pause Young (Normal) (G1 Evacuation Pause) 711M->103M(1024M) 2.624ms
[2024-03-07T01:27:23.964+0000][7][gc,cpu      ] GC(406) User=0.01s Sys=0.00s Real=0.00s
[2024-03-07T01:27:23.964+0000][7][safepoint   ] Safepoint "G1CollectForAllocation", Time since last: 186819673933 ns, Reaching safepoint: 83171 ns, At safepoint: 2715713 ns, Total: 2798884 ns
[2024-03-07T01:27:26.965+0000][7][safepoint   ] Safepoint "Cleanup", Time since last: 3000470037 ns, Reaching safepoint: 108440 ns, At safepoint: 12132 ns, Total: 120572 ns
[2024-03-07T01:29:50.197+0000][7][gc,start    ] GC(407) Pause Young (Normal) (G1 Evacuation Pause)
[2024-03-07T01:29:50.197+0000][7][gc,task     ] GC(407) Using 8 workers of 8 for evacuation
[2024-03-07T01:29:50.197+0000][7][gc,age      ] GC(407) Desired survivor size 41943040 bytes, new threshold 15 (max threshold 15)
[2024-03-07T01:29:50.198+0000][7][gc,phases   ] GC(407)   Pre Evacuate Collection Set: 0.1ms
[2024-03-07T01:29:50.198+0000][7][gc,phases   ] GC(407)   Merge Heap Roots: 0.1ms
[2024-03-07T01:29:50.198+0000][7][gc,phases   ] GC(407)   Evacuate Collection Set: 0.8ms
[2024-03-07T01:29:50.198+0000][7][gc,phases   ] GC(407)   Post Evacuate Collection Set: 0.7ms
[2024-03-07T01:29:50.198+0000][7][gc,phases   ] GC(407)   Other: 0.1ms
[2024-03-07T01:29:50.198+0000][7][gc,age      ] GC(407) Age table with threshold 15 (max threshold 15)
[2024-03-07T01:29:50.198+0000][7][gc,age      ] GC(407) - age   1:     398200 bytes,     398200 total
[2024-03-07T01:29:50.198+0000][7][gc,age      ] GC(407) - age   2:       3640 bytes,     401840 total
[2024-03-07T01:29:50.198+0000][7][gc,age      ] GC(407) - age   3:     141848 bytes,     543688 total
[2024-03-07T01:29:50.199+0000][7][gc,age      ] GC(407) - age   4:      16280 bytes,     559968 total
[2024-03-07T01:29:50.199+0000][7][gc,age      ] GC(407) - age   5:        184 bytes,     560152 total
[2024-03-07T01:29:50.199+0000][7][gc,age      ] GC(407) - age   6:       6320 bytes,     566472 total
[2024-03-07T01:29:50.199+0000][7][gc,age      ] GC(407) - age   7:      17648 bytes,     584120 total
[2024-03-07T01:29:50.199+0000][7][gc,age      ] GC(407) - age   8:      33032 bytes,     617152 total
[2024-03-07T01:29:50.199+0000][7][gc,age      ] GC(407) - age   9:     107488 bytes,     724640 total
[2024-03-07T01:29:50.199+0000][7][gc,age      ] GC(407) - age  10:      90592 bytes,     815232 total
[2024-03-07T01:29:50.199+0000][7][gc,age      ] GC(407) - age  11:        208 bytes,     815440 total
[2024-03-07T01:29:50.199+0000][7][gc,heap     ] GC(407) Eden regions: 152->0(152)
[2024-03-07T01:29:50.199+0000][7][gc,heap     ] GC(407) Survivor regions: 1->1(20)
[2024-03-07T01:29:50.199+0000][7][gc,heap     ] GC(407) Old regions: 25->25
[2024-03-07T01:29:50.199+0000][7][gc,heap     ] GC(407) Archive regions: 2->2
[2024-03-07T01:29:50.199+0000][7][gc,heap     ] GC(407) Humongous regions: 0->0
[2024-03-07T01:29:50.199+0000][7][gc,metaspace] GC(407) Metaspace: 128935K(132416K)->128935K(132416K) NonClass: 112084K(113920K)->112084K(113920K) Class: 16851K(18496K)->16851K(18496K)
[2024-03-07T01:29:50.199+0000][7][gc          ] GC(407) Pause Young (Normal) (G1 Evacuation Pause) 711M->102M(1024M) 1.988ms
[2024-03-07T01:29:50.199+0000][7][gc,cpu      ] GC(407) User=0.01s Sys=0.00s Real=0.00s
[2024-03-07T01:29:50.199+0000][7][safepoint   ] Safepoint "G1CollectForAllocation", Time since last: 143231514476 ns, Reaching safepoint: 45877 ns, At safepoint: 2069444 ns, Total: 2115321 ns
[2024-03-07T01:32:33.039+0000][7][gc,start    ] GC(408) Pause Young (Normal) (G1 Evacuation Pause)
[2024-03-07T01:32:33.039+0000][7][gc,task     ] GC(408) Using 8 workers of 8 for evacuation
[2024-03-07T01:32:33.039+0000][7][gc,age      ] GC(408) Desired survivor size 41943040 bytes, new threshold 15 (max threshold 15)
[2024-03-07T01:32:33.042+0000][7][gc,phases   ] GC(408)   Pre Evacuate Collection Set: 0.1ms
[2024-03-07T01:32:33.042+0000][7][gc,phases   ] GC(408)   Merge Heap Roots: 0.1ms
[2024-03-07T01:32:33.042+0000][7][gc,phases   ] GC(408)   Evacuate Collection Set: 1.6ms
[2024-03-07T01:32:33.042+0000][7][gc,phases   ] GC(408)   Post Evacuate Collection Set: 0.8ms
[2024-03-07T01:32:33.042+0000][7][gc,phases   ] GC(408)   Other: 0.1ms
[2024-03-07T01:32:33.042+0000][7][gc,age      ] GC(408) Age table with threshold 15 (max threshold 15)
[2024-03-07T01:32:33.042+0000][7][gc,age      ] GC(408) - age   1:    1094008 bytes,    1094008 total
[2024-03-07T01:32:33.042+0000][7][gc,age      ] GC(408) - age   2:       7000 bytes,    1101008 total
[2024-03-07T01:32:33.042+0000][7][gc,age      ] GC(408) - age   3:       1144 bytes,    1102152 total
[2024-03-07T01:32:33.042+0000][7][gc,age      ] GC(408) - age   4:     140848 bytes,    1243000 total
[2024-03-07T01:32:33.042+0000][7][gc,age      ] GC(408) - age   5:      16216 bytes,    1259216 total
[2024-03-07T01:32:33.042+0000][7][gc,age      ] GC(408) - age   6:        184 bytes,    1259400 total
[2024-03-07T01:32:33.042+0000][7][gc,age      ] GC(408) - age   7:       6320 bytes,    1265720 total
[2024-03-07T01:32:33.042+0000][7][gc,age      ] GC(408) - age   8:      17616 bytes,    1283336 total
[2024-03-07T01:32:33.042+0000][7][gc,age      ] GC(408) - age   9:      33032 bytes,    1316368 total
[2024-03-07T01:32:33.042+0000][7][gc,age      ] GC(408) - age  10:     107488 bytes,    1423856 total
[2024-03-07T01:32:33.042+0000][7][gc,age      ] GC(408) - age  11:      90592 bytes,    1514448 total
[2024-03-07T01:32:33.042+0000][7][gc,age      ] GC(408) - age  12:        208 bytes,    1514656 total
[2024-03-07T01:32:33.042+0000][7][gc,heap     ] GC(408) Eden regions: 152->0(152)
[2024-03-07T01:32:33.042+0000][7][gc,heap     ] GC(408) Survivor regions: 1->1(20)
[2024-03-07T01:32:33.042+0000][7][gc,heap     ] GC(408) Old regions: 25->25
[2024-03-07T01:32:33.042+0000][7][gc,heap     ] GC(408) Archive regions: 2->2
[2024-03-07T01:32:33.042+0000][7][gc,heap     ] GC(408) Humongous regions: 0->0
[2024-03-07T01:32:33.042+0000][7][gc,metaspace] GC(408) Metaspace: 128935K(132416K)->128935K(132416K) NonClass: 112084K(113920K)->112084K(113920K) Class: 16851K(18496K)->16851K(18496K)
[2024-03-07T01:32:33.042+0000][7][gc          ] GC(408) Pause Young (Normal) (G1 Evacuation Pause) 710M->103M(1024M) 3.096ms
[2024-03-07T01:32:33.042+0000][7][gc,cpu      ] GC(408) User=0.02s Sys=0.00s Real=0.00s
[2024-03-07T01:32:33.042+0000][7][safepoint   ] Safepoint "G1CollectForAllocation", Time since last: 162840366496 ns, Reaching safepoint: 73789 ns, At safepoint: 3196985 ns, Total: 3270774 ns
[2024-03-07T01:34:59.188+0000][7][gc,start    ] GC(409) Pause Young (Normal) (G1 Evacuation Pause)
[2024-03-07T01:34:59.188+0000][7][gc,task     ] GC(409) Using 8 workers of 8 for evacuation
[2024-03-07T01:34:59.188+0000][7][gc,age      ] GC(409) Desired survivor size 41943040 bytes, new threshold 15 (max threshold 15)
[2024-03-07T01:34:59.190+0000][7][gc,phases   ] GC(409)   Pre Evacuate Collection Set: 0.1ms
[2024-03-07T01:34:59.190+0000][7][gc,phases   ] GC(409)   Merge Heap Roots: 0.1ms
[2024-03-07T01:34:59.190+0000][7][gc,phases   ] GC(409)   Evacuate Collection Set: 1.4ms
[2024-03-07T01:34:59.190+0000][7][gc,phases   ] GC(409)   Post Evacuate Collection Set: 0.8ms
[2024-03-07T01:34:59.190+0000][7][gc,phases   ] GC(409)   Other: 0.1ms
[2024-03-07T01:34:59.190+0000][7][gc,age      ] GC(409) Age table with threshold 15 (max threshold 15)
[2024-03-07T01:34:59.190+0000][7][gc,age      ] GC(409) - age   1:     884984 bytes,     884984 total
[2024-03-07T01:34:59.190+0000][7][gc,age      ] GC(409) - age   2:       2696 bytes,     887680 total
[2024-03-07T01:34:59.190+0000][7][gc,age      ] GC(409) - age   3:       4352 bytes,     892032 total
[2024-03-07T01:34:59.190+0000][7][gc,age      ] GC(409) - age   4:        656 bytes,     892688 total
[2024-03-07T01:34:59.190+0000][7][gc,age      ] GC(409) - age   5:     140656 bytes,    1033344 total
[2024-03-07T01:34:59.190+0000][7][gc,age      ] GC(409) - age   6:      16216 bytes,    1049560 total
[2024-03-07T01:34:59.190+0000][7][gc,age      ] GC(409) - age   7:        184 bytes,    1049744 total
[2024-03-07T01:34:59.190+0000][7][gc,age      ] GC(409) - age   8:       6320 bytes,    1056064 total
[2024-03-07T01:34:59.190+0000][7][gc,age      ] GC(409) - age   9:      17616 bytes,    1073680 total
[2024-03-07T01:34:59.190+0000][7][gc,age      ] GC(409) - age  10:      33032 bytes,    1106712 total
[2024-03-07T01:34:59.190+0000][7][gc,age      ] GC(409) - age  11:     107488 bytes,    1214200 total
[2024-03-07T01:34:59.190+0000][7][gc,age      ] GC(409) - age  12:      90592 bytes,    1304792 total
[2024-03-07T01:34:59.190+0000][7][gc,age      ] GC(409) - age  13:        208 bytes,    1305000 total
[2024-03-07T01:34:59.190+0000][7][gc,heap     ] GC(409) Eden regions: 152->0(152)
[2024-03-07T01:34:59.190+0000][7][gc,heap     ] GC(409) Survivor regions: 1->1(20)
[2024-03-07T01:34:59.190+0000][7][gc,heap     ] GC(409) Old regions: 25->25
[2024-03-07T01:34:59.190+0000][7][gc,heap     ] GC(409) Archive regions: 2->2
[2024-03-07T01:34:59.190+0000][7][gc,heap     ] GC(409) Humongous regions: 0->0
[2024-03-07T01:34:59.190+0000][7][gc,metaspace] GC(409) Metaspace: 128935K(132416K)->128935K(132416K) NonClass: 112084K(113920K)->112084K(113920K) Class: 16851K(18496K)->16851K(18496K)
[2024-03-07T01:34:59.190+0000][7][gc          ] GC(409) Pause Young (Normal) (G1 Evacuation Pause) 711M->103M(1024M) 2.808ms
[2024-03-07T01:34:59.190+0000][7][gc,cpu      ] GC(409) User=0.02s Sys=0.00s Real=0.00s
[2024-03-07T01:34:59.190+0000][7][safepoint   ] Safepoint "G1CollectForAllocation", Time since last: 146145154875 ns, Reaching safepoint: 69032 ns, At safepoint: 2906079 ns, Total: 2975111 ns
[2024-03-07T01:35:22.193+0000][7][safepoint   ] Safepoint "Cleanup", Time since last: 23002508535 ns, Reaching safepoint: 111836 ns, At safepoint: 12643 ns, Total: 124479 ns
[2024-03-07T01:37:30.195+0000][7][gc,start    ] GC(410) Pause Young (Normal) (G1 Evacuation Pause)
[2024-03-07T01:37:30.196+0000][7][gc,task     ] GC(410) Using 8 workers of 8 for evacuation
[2024-03-07T01:37:30.196+0000][7][gc,age      ] GC(410) Desired survivor size 41943040 bytes, new threshold 15 (max threshold 15)
[2024-03-07T01:37:30.197+0000][7][gc,phases   ] GC(410)   Pre Evacuate Collection Set: 0.1ms
[2024-03-07T01:37:30.197+0000][7][gc,phases   ] GC(410)   Merge Heap Roots: 0.0ms
[2024-03-07T01:37:30.197+0000][7][gc,phases   ] GC(410)   Evacuate Collection Set: 1.0ms
[2024-03-07T01:37:30.197+0000][7][gc,phases   ] GC(410)   Post Evacuate Collection Set: 0.6ms
[2024-03-07T01:37:30.197+0000][7][gc,phases   ] GC(410)   Other: 0.1ms
[2024-03-07T01:37:30.197+0000][7][gc,age      ] GC(410) Age table with threshold 15 (max threshold 15)
[2024-03-07T01:37:30.197+0000][7][gc,age      ] GC(410) - age   1:    1586976 bytes,    1586976 total
[2024-03-07T01:37:30.197+0000][7][gc,age      ] GC(410) - age   2:       2248 bytes,    1589224 total
[2024-03-07T01:37:30.197+0000][7][gc,age      ] GC(410) - age   3:       1224 bytes,    1590448 total
[2024-03-07T01:37:30.197+0000][7][gc,age      ] GC(410) - age   4:       4032 bytes,    1594480 total
[2024-03-07T01:37:30.197+0000][7][gc,age      ] GC(410) - age   5:        592 bytes,    1595072 total
[2024-03-07T01:37:30.197+0000][7][gc,age      ] GC(410) - age   6:     140656 bytes,    1735728 total
[2024-03-07T01:37:30.197+0000][7][gc,age      ] GC(410) - age   7:      16032 bytes,    1751760 total
[2024-03-07T01:37:30.197+0000][7][gc,age      ] GC(410) - age   8:        184 bytes,    1751944 total
[2024-03-07T01:37:30.197+0000][7][gc,age      ] GC(410) - age   9:       6320 bytes,    1758264 total
[2024-03-07T01:37:30.197+0000][7][gc,age      ] GC(410) - age  10:      17616 bytes,    1775880 total
[2024-03-07T01:37:30.197+0000][7][gc,age      ] GC(410) - age  11:      33032 bytes,    1808912 total
[2024-03-07T01:37:30.197+0000][7][gc,age      ] GC(410) - age  12:     107304 bytes,    1916216 total
[2024-03-07T01:37:30.197+0000][7][gc,age      ] GC(410) - age  13:      90592 bytes,    2006808 total
[2024-03-07T01:37:30.197+0000][7][gc,age      ] GC(410) - age  14:        208 bytes,    2007016 total
[2024-03-07T01:37:30.197+0000][7][gc,heap     ] GC(410) Eden regions: 152->0(152)
[2024-03-07T01:37:30.197+0000][7][gc,heap     ] GC(410) Survivor regions: 1->1(20)
[2024-03-07T01:37:30.197+0000][7][gc,heap     ] GC(410) Old regions: 25->25
[2024-03-07T01:37:30.197+0000][7][gc,heap     ] GC(410) Archive regions: 2->2
[2024-03-07T01:37:30.197+0000][7][gc,heap     ] GC(410) Humongous regions: 0->0
[2024-03-07T01:37:30.197+0000][7][gc,metaspace] GC(410) Metaspace: 128935K(132416K)->128935K(132416K) NonClass: 112084K(113920K)->112084K(113920K) Class: 16851K(18496K)->16851K(18496K)
[2024-03-07T01:37:30.197+0000][7][gc          ] GC(410) Pause Young (Normal) (G1 Evacuation Pause) 711M->103M(1024M) 1.943ms
[2024-03-07T01:37:30.197+0000][7][gc,cpu      ] GC(410) User=0.01s Sys=0.00s Real=0.00s
[2024-03-07T01:37:30.197+0000][7][safepoint   ] Safepoint "G1CollectForAllocation", Time since last: 128002335314 ns, Reaching safepoint: 41281 ns, At safepoint: 2010531 ns, Total: 2051812 ns
[2024-03-07T01:39:56.713+0000][7][gc,start    ] GC(411) Pause Young (Normal) (G1 Evacuation Pause)
[2024-03-07T01:39:56.713+0000][7][gc,task     ] GC(411) Using 8 workers of 8 for evacuation
[2024-03-07T01:39:56.713+0000][7][gc,age      ] GC(411) Desired survivor size 41943040 bytes, new threshold 15 (max threshold 15)
[2024-03-07T01:39:56.715+0000][7][gc,phases   ] GC(411)   Pre Evacuate Collection Set: 0.1ms
[2024-03-07T01:39:56.715+0000][7][gc,phases   ] GC(411)   Merge Heap Roots: 0.1ms
[2024-03-07T01:39:56.715+0000][7][gc,phases   ] GC(411)   Evacuate Collection Set: 1.2ms
[2024-03-07T01:39:56.715+0000][7][gc,phases   ] GC(411)   Post Evacuate Collection Set: 0.6ms
[2024-03-07T01:39:56.715+0000][7][gc,phases   ] GC(411)   Other: 0.1ms
[2024-03-07T01:39:56.715+0000][7][gc,age      ] GC(411) Age table with threshold 15 (max threshold 15)
[2024-03-07T01:39:56.715+0000][7][gc,age      ] GC(411) - age   1:    1699504 bytes,    1699504 total
[2024-03-07T01:39:56.715+0000][7][gc,age      ] GC(411) - age   2:       2928 bytes,    1702432 total
[2024-03-07T01:39:56.715+0000][7][gc,age      ] GC(411) - age   3:        216 bytes,    1702648 total
[2024-03-07T01:39:56.715+0000][7][gc,age      ] GC(411) - age   4:       1224 bytes,    1703872 total
[2024-03-07T01:39:56.715+0000][7][gc,age      ] GC(411) - age   5:        512 bytes,    1704384 total
[2024-03-07T01:39:56.715+0000][7][gc,age      ] GC(411) - age   6:        272 bytes,    1704656 total
[2024-03-07T01:39:56.715+0000][7][gc,age      ] GC(411) - age   7:     140656 bytes,    1845312 total
[2024-03-07T01:39:56.715+0000][7][gc,age      ] GC(411) - age   8:      16032 bytes,    1861344 total
[2024-03-07T01:39:56.715+0000][7][gc,age      ] GC(411) - age   9:        184 bytes,    1861528 total
[2024-03-07T01:39:56.715+0000][7][gc,age      ] GC(411) - age  10:       6320 bytes,    1867848 total
[2024-03-07T01:39:56.715+0000][7][gc,age      ] GC(411) - age  11:      17616 bytes,    1885464 total
[2024-03-07T01:39:56.715+0000][7][gc,age      ] GC(411) - age  12:      33032 bytes,    1918496 total
[2024-03-07T01:39:56.715+0000][7][gc,age      ] GC(411) - age  13:     107304 bytes,    2025800 total
[2024-03-07T01:39:56.715+0000][7][gc,age      ] GC(411) - age  14:      90592 bytes,    2116392 total
[2024-03-07T01:39:56.715+0000][7][gc,age      ] GC(411) - age  15:        208 bytes,    2116600 total
[2024-03-07T01:39:56.715+0000][7][gc,heap     ] GC(411) Eden regions: 152->0(152)
[2024-03-07T01:39:56.715+0000][7][gc,heap     ] GC(411) Survivor regions: 1->1(20)
[2024-03-07T01:39:56.715+0000][7][gc,heap     ] GC(411) Old regions: 25->25
[2024-03-07T01:39:56.715+0000][7][gc,heap     ] GC(411) Archive regions: 2->2
[2024-03-07T01:39:56.715+0000][7][gc,heap     ] GC(411) Humongous regions: 0->0
[2024-03-07T01:39:56.715+0000][7][gc,metaspace] GC(411) Metaspace: 128935K(132416K)->128935K(132416K) NonClass: 112084K(113920K)->112084K(113920K) Class: 16851K(18496K)->16851K(18496K)
[2024-03-07T01:39:56.715+0000][7][gc          ] GC(411) Pause Young (Normal) (G1 Evacuation Pause) 711M->104M(1024M) 2.347ms
[2024-03-07T01:39:56.715+0000][7][gc,cpu      ] GC(411) User=0.01s Sys=0.00s Real=0.01s
[2024-03-07T01:39:56.716+0000][7][safepoint   ] Safepoint "G1CollectForAllocation", Time since last: 146515591755 ns, Reaching safepoint: 52888 ns, At safepoint: 2425174 ns, Total: 2478062 ns
[2024-03-07T01:42:35.255+0000][7][gc,start    ] GC(412) Pause Young (Normal) (G1 Evacuation Pause)
[2024-03-07T01:42:35.255+0000][7][gc,task     ] GC(412) Using 8 workers of 8 for evacuation
[2024-03-07T01:42:35.255+0000][7][gc,age      ] GC(412) Desired survivor size 41943040 bytes, new threshold 15 (max threshold 15)
[2024-03-07T01:42:35.257+0000][7][gc,phases   ] GC(412)   Pre Evacuate Collection Set: 0.1ms
[2024-03-07T01:42:35.257+0000][7][gc,phases   ] GC(412)   Merge Heap Roots: 0.1ms
[2024-03-07T01:42:35.257+0000][7][gc,phases   ] GC(412)   Evacuate Collection Set: 1.0ms
[2024-03-07T01:42:35.257+0000][7][gc,phases   ] GC(412)   Post Evacuate Collection Set: 0.6ms
[2024-03-07T01:42:35.257+0000][7][gc,phases   ] GC(412)   Other: 0.1ms
[2024-03-07T01:42:35.257+0000][7][gc,age      ] GC(412) Age table with threshold 15 (max threshold 15)
[2024-03-07T01:42:35.257+0000][7][gc,age      ] GC(412) - age   1:     948560 bytes,     948560 total
[2024-03-07T01:42:35.257+0000][7][gc,age      ] GC(412) - age   2:       6680 bytes,     955240 total
[2024-03-07T01:42:35.257+0000][7][gc,age      ] GC(412) - age   3:        672 bytes,     955912 total
[2024-03-07T01:42:35.257+0000][7][gc,age      ] GC(412) - age   4:         24 bytes,     955936 total
[2024-03-07T01:42:35.257+0000][7][gc,age      ] GC(412) - age   5:        512 bytes,     956448 total
[2024-03-07T01:42:35.257+0000][7][gc,age      ] GC(412) - age   6:        448 bytes,     956896 total
[2024-03-07T01:42:35.257+0000][7][gc,age      ] GC(412) - age   7:        272 bytes,     957168 total
[2024-03-07T01:42:35.257+0000][7][gc,age      ] GC(412) - age   8:     140624 bytes,    1097792 total
[2024-03-07T01:42:35.257+0000][7][gc,age      ] GC(412) - age   9:      16032 bytes,    1113824 total
[2024-03-07T01:42:35.257+0000][7][gc,age      ] GC(412) - age  10:        184 bytes,    1114008 total
[2024-03-07T01:42:35.257+0000][7][gc,age      ] GC(412) - age  11:       6320 bytes,    1120328 total
[2024-03-07T01:42:35.257+0000][7][gc,age      ] GC(412) - age  12:      17616 bytes,    1137944 total
[2024-03-07T01:42:35.257+0000][7][gc,age      ] GC(412) - age  13:      33032 bytes,    1170976 total
[2024-03-07T01:42:35.257+0000][7][gc,age      ] GC(412) - age  14:     107304 bytes,    1278280 total
[2024-03-07T01:42:35.257+0000][7][gc,age      ] GC(412) - age  15:      90592 bytes,    1368872 total
[2024-03-07T01:42:35.257+0000][7][gc,heap     ] GC(412) Eden regions: 152->0(152)
[2024-03-07T01:42:35.257+0000][7][gc,heap     ] GC(412) Survivor regions: 1->1(20)
[2024-03-07T01:42:35.257+0000][7][gc,heap     ] GC(412) Old regions: 25->25
[2024-03-07T01:42:35.257+0000][7][gc,heap     ] GC(412) Archive regions: 2->2
[2024-03-07T01:42:35.257+0000][7][gc,heap     ] GC(412) Humongous regions: 0->0
[2024-03-07T01:42:35.257+0000][7][gc,metaspace] GC(412) Metaspace: 128936K(132416K)->128936K(132416K) NonClass: 112084K(113920K)->112084K(113920K) Class: 16851K(18496K)->16851K(18496K)
[2024-03-07T01:42:35.257+0000][7][gc          ] GC(412) Pause Young (Normal) (G1 Evacuation Pause) 712M->103M(1024M) 2.096ms
[2024-03-07T01:42:35.257+0000][7][gc,cpu      ] GC(412) User=0.01s Sys=0.00s Real=0.00s
[2024-03-07T01:42:35.257+0000][7][safepoint   ] Safepoint "G1CollectForAllocation", Time since last: 158539710302 ns, Reaching safepoint: 57840 ns, At safepoint: 2179633 ns, Total: 2237473 ns
[2024-03-07T01:43:31.265+0000][7][safepoint   ] Safepoint "Cleanup", Time since last: 56007305044 ns, Reaching safepoint: 84866 ns, At safepoint: 6637 ns, Total: 91503 ns
[2024-03-07T01:45:41.229+0000][7][gc,start    ] GC(413) Pause Young (Normal) (G1 Evacuation Pause)
[2024-03-07T01:45:41.229+0000][7][gc,task     ] GC(413) Using 8 workers of 8 for evacuation
[2024-03-07T01:45:41.229+0000][7][gc,age      ] GC(413) Desired survivor size 41943040 bytes, new threshold 15 (max threshold 15)
[2024-03-07T01:45:41.231+0000][7][gc,phases   ] GC(413)   Pre Evacuate Collection Set: 0.1ms
[2024-03-07T01:45:41.231+0000][7][gc,phases   ] GC(413)   Merge Heap Roots: 0.1ms
[2024-03-07T01:45:41.231+0000][7][gc,phases   ] GC(413)   Evacuate Collection Set: 1.1ms
[2024-03-07T01:45:41.231+0000][7][gc,phases   ] GC(413)   Post Evacuate Collection Set: 0.7ms
[2024-03-07T01:45:41.231+0000][7][gc,phases   ] GC(413)   Other: 0.1ms
[2024-03-07T01:45:41.231+0000][7][gc,age      ] GC(413) Age table with threshold 15 (max threshold 15)
[2024-03-07T01:45:41.231+0000][7][gc,age      ] GC(413) - age   1:     750704 bytes,     750704 total
[2024-03-07T01:45:41.231+0000][7][gc,age      ] GC(413) - age   2:       3080 bytes,     753784 total
[2024-03-07T01:45:41.231+0000][7][gc,age      ] GC(413) - age   3:       3840 bytes,     757624 total
[2024-03-07T01:45:41.231+0000][7][gc,age      ] GC(413) - age   4:        480 bytes,     758104 total
[2024-03-07T01:45:41.231+0000][7][gc,age      ] GC(413) - age   5:         24 bytes,     758128 total
[2024-03-07T01:45:41.231+0000][7][gc,age      ] GC(413) - age   6:        216 bytes,     758344 total
[2024-03-07T01:45:41.231+0000][7][gc,age      ] GC(413) - age   7:         24 bytes,     758368 total
[2024-03-07T01:45:41.231+0000][7][gc,age      ] GC(413) - age   8:        184 bytes,     758552 total
[2024-03-07T01:45:41.231+0000][7][gc,age      ] GC(413) - age   9:     140240 bytes,     898792 total
[2024-03-07T01:45:41.231+0000][7][gc,age      ] GC(413) - age  10:      16032 bytes,     914824 total
[2024-03-07T01:45:41.231+0000][7][gc,age      ] GC(413) - age  12:       6320 bytes,     921144 total
[2024-03-07T01:45:41.231+0000][7][gc,age      ] GC(413) - age  13:      17616 bytes,     938760 total
[2024-03-07T01:45:41.231+0000][7][gc,age      ] GC(413) - age  14:      33032 bytes,     971792 total
[2024-03-07T01:45:41.231+0000][7][gc,age      ] GC(413) - age  15:     107304 bytes,    1079096 total
[2024-03-07T01:45:41.231+0000][7][gc,heap     ] GC(413) Eden regions: 152->0(152)
[2024-03-07T01:45:41.231+0000][7][gc,heap     ] GC(413) Survivor regions: 1->1(20)
[2024-03-07T01:45:41.231+0000][7][gc,heap     ] GC(413) Old regions: 25->25
[2024-03-07T01:45:41.231+0000][7][gc,heap     ] GC(413) Archive regions: 2->2
[2024-03-07T01:45:41.231+0000][7][gc,heap     ] GC(413) Humongous regions: 0->0
[2024-03-07T01:45:41.231+0000][7][gc,metaspace] GC(413) Metaspace: 128937K(132416K)->128937K(132416K) NonClass: 112085K(113920K)->112085K(113920K) Class: 16851K(18496K)->16851K(18496K)
[2024-03-07T01:45:41.231+0000][7][gc          ] GC(413) Pause Young (Normal) (G1 Evacuation Pause) 711M->103M(1024M) 2.406ms
[2024-03-07T01:45:41.231+0000][7][gc,cpu      ] GC(413) User=0.01s Sys=0.00s Real=0.00s
[2024-03-07T01:45:41.231+0000][7][safepoint   ] Safepoint "G1CollectForAllocation", Time since last: 129963658570 ns, Reaching safepoint: 50200 ns, At safepoint: 2501350 ns, Total: 2551550 ns
[2024-03-07T01:48:18.290+0000][7][gc,start    ] GC(414) Pause Young (Normal) (G1 Evacuation Pause)
[2024-03-07T01:48:18.290+0000][7][gc,task     ] GC(414) Using 8 workers of 8 for evacuation
[2024-03-07T01:48:18.290+0000][7][gc,age      ] GC(414) Desired survivor size 41943040 bytes, new threshold 15 (max threshold 15)
[2024-03-07T01:48:18.293+0000][7][gc,phases   ] GC(414)   Pre Evacuate Collection Set: 0.1ms
[2024-03-07T01:48:18.293+0000][7][gc,phases   ] GC(414)   Merge Heap Roots: 0.1ms
[2024-03-07T01:48:18.293+0000][7][gc,phases   ] GC(414)   Evacuate Collection Set: 1.7ms
[2024-03-07T01:48:18.293+0000][7][gc,phases   ] GC(414)   Post Evacuate Collection Set: 0.9ms
[2024-03-07T01:48:18.293+0000][7][gc,phases   ] GC(414)   Other: 0.1ms
[2024-03-07T01:48:18.293+0000][7][gc,age      ] GC(414) Age table with threshold 15 (max threshold 15)
[2024-03-07T01:48:18.293+0000][7][gc,age      ] GC(414) - age   1:    1280864 bytes,    1280864 total
[2024-03-07T01:48:18.293+0000][7][gc,age      ] GC(414) - age   2:       3576 bytes,    1284440 total
[2024-03-07T01:48:18.293+0000][7][gc,age      ] GC(414) - age   3:       1288 bytes,    1285728 total
[2024-03-07T01:48:18.293+0000][7][gc,age      ] GC(414) - age   4:       3456 bytes,    1289184 total
[2024-03-07T01:48:18.293+0000][7][gc,age      ] GC(414) - age   5:        480 bytes,    1289664 total
[2024-03-07T01:48:18.293+0000][7][gc,age      ] GC(414) - age   6:         24 bytes,    1289688 total
[2024-03-07T01:48:18.293+0000][7][gc,age      ] GC(414) - age   7:        216 bytes,    1289904 total
[2024-03-07T01:48:18.293+0000][7][gc,age      ] GC(414) - age   8:         24 bytes,    1289928 total
[2024-03-07T01:48:18.293+0000][7][gc,age      ] GC(414) - age   9:        184 bytes,    1290112 total
[2024-03-07T01:48:18.293+0000][7][gc,age      ] GC(414) - age  10:     140240 bytes,    1430352 total
[2024-03-07T01:48:18.293+0000][7][gc,age      ] GC(414) - age  11:      16032 bytes,    1446384 total
[2024-03-07T01:48:18.293+0000][7][gc,age      ] GC(414) - age  13:       6320 bytes,    1452704 total
[2024-03-07T01:48:18.293+0000][7][gc,age      ] GC(414) - age  14:      17616 bytes,    1470320 total
[2024-03-07T01:48:18.293+0000][7][gc,age      ] GC(414) - age  15:      33032 bytes,    1503352 total
[2024-03-07T01:48:18.293+0000][7][gc,heap     ] GC(414) Eden regions: 152->0(152)
[2024-03-07T01:48:18.293+0000][7][gc,heap     ] GC(414) Survivor regions: 1->1(20)
[2024-03-07T01:48:18.293+0000][7][gc,heap     ] GC(414) Old regions: 25->25
[2024-03-07T01:48:18.293+0000][7][gc,heap     ] GC(414) Archive regions: 2->2
[2024-03-07T01:48:18.293+0000][7][gc,heap     ] GC(414) Humongous regions: 0->0
[2024-03-07T01:48:18.293+0000][7][gc,metaspace] GC(414) Metaspace: 128937K(132416K)->128937K(132416K) NonClass: 112085K(113920K)->112085K(113920K) Class: 16851K(18496K)->16851K(18496K)
[2024-03-07T01:48:18.293+0000][7][gc          ] GC(414) Pause Young (Normal) (G1 Evacuation Pause) 711M->103M(1024M) 3.332ms
[2024-03-07T01:48:18.293+0000][7][gc,cpu      ] GC(414) User=0.02s Sys=0.01s Real=0.00s
[2024-03-07T01:48:18.293+0000][7][safepoint   ] Safepoint "G1CollectForAllocation", Time since last: 157058343625 ns, Reaching safepoint: 69845 ns, At safepoint: 3481213 ns, Total: 3551058 ns
[2024-03-07T01:48:59.298+0000][7][safepoint   ] Safepoint "Cleanup", Time since last: 41005363023 ns, Reaching safepoint: 101313 ns, At safepoint: 14580 ns, Total: 115893 ns
[2024-03-07T01:50:44.283+0000][7][gc,start    ] GC(415) Pause Young (Normal) (G1 Evacuation Pause)
[2024-03-07T01:50:44.283+0000][7][gc,task     ] GC(415) Using 8 workers of 8 for evacuation
[2024-03-07T01:50:44.283+0000][7][gc,age      ] GC(415) Desired survivor size 41943040 bytes, new threshold 15 (max threshold 15)
[2024-03-07T01:50:44.285+0000][7][gc,phases   ] GC(415)   Pre Evacuate Collection Set: 0.1ms
[2024-03-07T01:50:44.286+0000][7][gc,phases   ] GC(415)   Merge Heap Roots: 0.1ms
[2024-03-07T01:50:44.286+0000][7][gc,phases   ] GC(415)   Evacuate Collection Set: 1.2ms
[2024-03-07T01:50:44.286+0000][7][gc,phases   ] GC(415)   Post Evacuate Collection Set: 0.7ms
[2024-03-07T01:50:44.286+0000][7][gc,phases   ] GC(415)   Other: 0.1ms
[2024-03-07T01:50:44.286+0000][7][gc,age      ] GC(415) Age table with threshold 15 (max threshold 15)
[2024-03-07T01:50:44.286+0000][7][gc,age      ] GC(415) - age   1:    1079560 bytes,    1079560 total
[2024-03-07T01:50:44.286+0000][7][gc,age      ] GC(415) - age   2:       2456 bytes,    1082016 total
[2024-03-07T01:50:44.286+0000][7][gc,age      ] GC(415) - age   3:       2072 bytes,    1084088 total
[2024-03-07T01:50:44.286+0000][7][gc,age      ] GC(415) - age   4:        976 bytes,    1085064 total
[2024-03-07T01:50:44.286+0000][7][gc,age      ] GC(415) - age   6:        184 bytes,    1085248 total
[2024-03-07T01:50:44.286+0000][7][gc,age      ] GC(415) - age   7:         24 bytes,    1085272 total
[2024-03-07T01:50:44.286+0000][7][gc,age      ] GC(415) - age   8:        216 bytes,    1085488 total
[2024-03-07T01:50:44.286+0000][7][gc,age      ] GC(415) - age   9:         24 bytes,    1085512 total
[2024-03-07T01:50:44.286+0000][7][gc,age      ] GC(415) - age  10:        184 bytes,    1085696 total
[2024-03-07T01:50:44.286+0000][7][gc,age      ] GC(415) - age  11:     140240 bytes,    1225936 total
[2024-03-07T01:50:44.286+0000][7][gc,age      ] GC(415) - age  12:      16032 bytes,    1241968 total
[2024-03-07T01:50:44.286+0000][7][gc,age      ] GC(415) - age  14:       6320 bytes,    1248288 total
[2024-03-07T01:50:44.286+0000][7][gc,age      ] GC(415) - age  15:      17616 bytes,    1265904 total
[2024-03-07T01:50:44.286+0000][7][gc,heap     ] GC(415) Eden regions: 152->0(152)
[2024-03-07T01:50:44.286+0000][7][gc,heap     ] GC(415) Survivor regions: 1->1(20)
[2024-03-07T01:50:44.286+0000][7][gc,heap     ] GC(415) Old regions: 25->25
[2024-03-07T01:50:44.286+0000][7][gc,heap     ] GC(415) Archive regions: 2->2
[2024-03-07T01:50:44.286+0000][7][gc,heap     ] GC(415) Humongous regions: 0->0
[2024-03-07T01:50:44.286+0000][7][gc,metaspace] GC(415) Metaspace: 128937K(132416K)->128937K(132416K) NonClass: 112085K(113920K)->112085K(113920K) Class: 16851K(18496K)->16851K(18496K)
[2024-03-07T01:50:44.286+0000][7][gc          ] GC(415) Pause Young (Normal) (G1 Evacuation Pause) 711M->103M(1024M) 2.384ms
[2024-03-07T01:50:44.286+0000][7][gc,cpu      ] GC(415) User=0.01s Sys=0.00s Real=0.01s
[2024-03-07T01:50:44.286+0000][7][safepoint   ] Safepoint "G1CollectForAllocation", Time since last: 104984737482 ns, Reaching safepoint: 104351 ns, At safepoint: 2470738 ns, Total: 2575089 ns
[2024-03-07T01:53:09.237+0000][7][gc,start    ] GC(416) Pause Young (Normal) (G1 Evacuation Pause)
[2024-03-07T01:53:09.237+0000][7][gc,task     ] GC(416) Using 8 workers of 8 for evacuation
[2024-03-07T01:53:09.237+0000][7][gc,age      ] GC(416) Desired survivor size 41943040 bytes, new threshold 15 (max threshold 15)
[2024-03-07T01:53:09.239+0000][7][gc,phases   ] GC(416)   Pre Evacuate Collection Set: 0.1ms
[2024-03-07T01:53:09.239+0000][7][gc,phases   ] GC(416)   Merge Heap Roots: 0.1ms
[2024-03-07T01:53:09.239+0000][7][gc,phases   ] GC(416)   Evacuate Collection Set: 1.2ms
[2024-03-07T01:53:09.239+0000][7][gc,phases   ] GC(416)   Post Evacuate Collection Set: 0.6ms
[2024-03-07T01:53:09.239+0000][7][gc,phases   ] GC(416)   Other: 0.1ms
[2024-03-07T01:53:09.239+0000][7][gc,age      ] GC(416) Age table with threshold 15 (max threshold 15)
[2024-03-07T01:53:09.239+0000][7][gc,age      ] GC(416) - age   1:    1708824 bytes,    1708824 total
[2024-03-07T01:53:09.239+0000][7][gc,age      ] GC(416) - age   2:       5936 bytes,    1714760 total
[2024-03-07T01:53:09.239+0000][7][gc,age      ] GC(416) - age   3:        528 bytes,    1715288 total
[2024-03-07T01:53:09.239+0000][7][gc,age      ] GC(416) - age   4:       1432 bytes,    1716720 total
[2024-03-07T01:53:09.239+0000][7][gc,age      ] GC(416) - age   5:        192 bytes,    1716912 total
[2024-03-07T01:53:09.239+0000][7][gc,age      ] GC(416) - age   7:        184 bytes,    1717096 total
[2024-03-07T01:53:09.239+0000][7][gc,age      ] GC(416) - age   8:         24 bytes,    1717120 total
[2024-03-07T01:53:09.239+0000][7][gc,age      ] GC(416) - age   9:        184 bytes,    1717304 total
[2024-03-07T01:53:09.239+0000][7][gc,age      ] GC(416) - age  10:         24 bytes,    1717328 total
[2024-03-07T01:53:09.239+0000][7][gc,age      ] GC(416) - age  11:        184 bytes,    1717512 total
[2024-03-07T01:53:09.239+0000][7][gc,age      ] GC(416) - age  12:     140240 bytes,    1857752 total
[2024-03-07T01:53:09.239+0000][7][gc,age      ] GC(416) - age  13:      16032 bytes,    1873784 total
[2024-03-07T01:53:09.239+0000][7][gc,age      ] GC(416) - age  15:       6320 bytes,    1880104 total
[2024-03-07T01:53:09.239+0000][7][gc,heap     ] GC(416) Eden regions: 152->0(152)
[2024-03-07T01:53:09.239+0000][7][gc,heap     ] GC(416) Survivor regions: 1->1(20)
[2024-03-07T01:53:09.239+0000][7][gc,heap     ] GC(416) Old regions: 25->25
[2024-03-07T01:53:09.239+0000][7][gc,heap     ] GC(416) Archive regions: 2->2
[2024-03-07T01:53:09.239+0000][7][gc,heap     ] GC(416) Humongous regions: 0->0
[2024-03-07T01:53:09.239+0000][7][gc,metaspace] GC(416) Metaspace: 128937K(132416K)->128937K(132416K) NonClass: 112085K(113920K)->112085K(113920K) Class: 16851K(18496K)->16851K(18496K)
[2024-03-07T01:53:09.239+0000][7][gc          ] GC(416) Pause Young (Normal) (G1 Evacuation Pause) 711M->104M(1024M) 2.330ms
[2024-03-07T01:53:09.239+0000][7][gc,cpu      ] GC(416) User=0.01s Sys=0.00s Real=0.00s
[2024-03-07T01:53:09.239+0000][7][safepoint   ] Safepoint "G1CollectForAllocation", Time since last: 144951128781 ns, Reaching safepoint: 49065 ns, At safepoint: 2404623 ns, Total: 2453688 ns
[2024-03-07T01:55:41.931+0000][7][gc,start    ] GC(417) Pause Young (Normal) (G1 Evacuation Pause)
[2024-03-07T01:55:41.931+0000][7][gc,task     ] GC(417) Using 8 workers of 8 for evacuation
[2024-03-07T01:55:41.931+0000][7][gc,age      ] GC(417) Desired survivor size 41943040 bytes, new threshold 15 (max threshold 15)
[2024-03-07T01:55:41.934+0000][7][gc,phases   ] GC(417)   Pre Evacuate Collection Set: 0.1ms
[2024-03-07T01:55:41.934+0000][7][gc,phases   ] GC(417)   Merge Heap Roots: 0.1ms
[2024-03-07T01:55:41.934+0000][7][gc,phases   ] GC(417)   Evacuate Collection Set: 1.5ms
[2024-03-07T01:55:41.934+0000][7][gc,phases   ] GC(417)   Post Evacuate Collection Set: 0.8ms
[2024-03-07T01:55:41.934+0000][7][gc,phases   ] GC(417)   Other: 0.1ms
[2024-03-07T01:55:41.934+0000][7][gc,age      ] GC(417) Age table with threshold 15 (max threshold 15)
[2024-03-07T01:55:41.934+0000][7][gc,age      ] GC(417) - age   1:    1306304 bytes,    1306304 total
[2024-03-07T01:55:41.934+0000][7][gc,age      ] GC(417) - age   2:       3168 bytes,    1309472 total
[2024-03-07T01:55:41.934+0000][7][gc,age      ] GC(417) - age   3:       3712 bytes,    1313184 total
[2024-03-07T01:55:41.934+0000][7][gc,age      ] GC(417) - age   4:        312 bytes,    1313496 total
[2024-03-07T01:55:41.934+0000][7][gc,age      ] GC(417) - age   5:       1024 bytes,    1314520 total
[2024-03-07T01:55:41.934+0000][7][gc,age      ] GC(417) - age   6:         64 bytes,    1314584 total
[2024-03-07T01:55:41.934+0000][7][gc,age      ] GC(417) - age   8:        184 bytes,    1314768 total
[2024-03-07T01:55:41.934+0000][7][gc,age      ] GC(417) - age   9:         24 bytes,    1314792 total
[2024-03-07T01:55:41.934+0000][7][gc,age      ] GC(417) - age  11:         24 bytes,    1314816 total
[2024-03-07T01:55:41.934+0000][7][gc,age      ] GC(417) - age  13:     140240 bytes,    1455056 total
[2024-03-07T01:55:41.934+0000][7][gc,age      ] GC(417) - age  14:      16032 bytes,    1471088 total
[2024-03-07T01:55:41.934+0000][7][gc,heap     ] GC(417) Eden regions: 152->0(152)
[2024-03-07T01:55:41.934+0000][7][gc,heap     ] GC(417) Survivor regions: 1->1(20)
[2024-03-07T01:55:41.934+0000][7][gc,heap     ] GC(417) Old regions: 25->25
[2024-03-07T01:55:41.934+0000][7][gc,heap     ] GC(417) Archive regions: 2->2
[2024-03-07T01:55:41.934+0000][7][gc,heap     ] GC(417) Humongous regions: 0->0
[2024-03-07T01:55:41.934+0000][7][gc,metaspace] GC(417) Metaspace: 128937K(132416K)->128937K(132416K) NonClass: 112085K(113920K)->112085K(113920K) Class: 16851K(18496K)->16851K(18496K)
[2024-03-07T01:55:41.934+0000][7][gc          ] GC(417) Pause Young (Normal) (G1 Evacuation Pause) 712M->103M(1024M) 2.997ms
[2024-03-07T01:55:41.934+0000][7][gc,cpu      ] GC(417) User=0.01s Sys=0.01s Real=0.01s
[2024-03-07T01:55:41.934+0000][7][safepoint   ] Safepoint "G1CollectForAllocation", Time since last: 152691303711 ns, Reaching safepoint: 115549 ns, At safepoint: 3102998 ns, Total: 3218547 ns
[2024-03-07T01:58:17.477+0000][7][gc,start    ] GC(418) Pause Young (Normal) (G1 Evacuation Pause)
[2024-03-07T01:58:17.477+0000][7][gc,task     ] GC(418) Using 8 workers of 8 for evacuation
[2024-03-07T01:58:17.477+0000][7][gc,age      ] GC(418) Desired survivor size 41943040 bytes, new threshold 15 (max threshold 15)
[2024-03-07T01:58:17.479+0000][7][gc,phases   ] GC(418)   Pre Evacuate Collection Set: 0.1ms
[2024-03-07T01:58:17.479+0000][7][gc,phases   ] GC(418)   Merge Heap Roots: 0.1ms
[2024-03-07T01:58:17.479+0000][7][gc,phases   ] GC(418)   Evacuate Collection Set: 1.1ms
[2024-03-07T01:58:17.479+0000][7][gc,phases   ] GC(418)   Post Evacuate Collection Set: 0.9ms
[2024-03-07T01:58:17.479+0000][7][gc,phases   ] GC(418)   Other: 0.1ms
[2024-03-07T01:58:17.479+0000][7][gc,age      ] GC(418) Age table with threshold 15 (max threshold 15)
[2024-03-07T01:58:17.479+0000][7][gc,age      ] GC(418) - age   1:     753216 bytes,     753216 total
[2024-03-07T01:58:17.479+0000][7][gc,age      ] GC(418) - age   2:       3624 bytes,     756840 total
[2024-03-07T01:58:17.479+0000][7][gc,age      ] GC(418) - age   3:       1320 bytes,     758160 total
[2024-03-07T01:58:17.479+0000][7][gc,age      ] GC(418) - age   4:       3520 bytes,     761680 total
[2024-03-07T01:58:17.479+0000][7][gc,age      ] GC(418) - age   5:        248 bytes,     761928 total
[2024-03-07T01:58:17.479+0000][7][gc,age      ] GC(418) - age   6:        960 bytes,     762888 total
[2024-03-07T01:58:17.479+0000][7][gc,age      ] GC(418) - age   9:        184 bytes,     763072 total
[2024-03-07T01:58:17.479+0000][7][gc,age      ] GC(418) - age  10:         24 bytes,     763096 total
[2024-03-07T01:58:17.479+0000][7][gc,age      ] GC(418) - age  12:         24 bytes,     763120 total
[2024-03-07T01:58:17.479+0000][7][gc,age      ] GC(418) - age  14:     140240 bytes,     903360 total
[2024-03-07T01:58:17.479+0000][7][gc,age      ] GC(418) - age  15:      16032 bytes,     919392 total
[2024-03-07T01:58:17.479+0000][7][gc,heap     ] GC(418) Eden regions: 152->0(152)
[2024-03-07T01:58:17.479+0000][7][gc,heap     ] GC(418) Survivor regions: 1->1(20)
[2024-03-07T01:58:17.479+0000][7][gc,heap     ] GC(418) Old regions: 25->25
[2024-03-07T01:58:17.479+0000][7][gc,heap     ] GC(418) Archive regions: 2->2
[2024-03-07T01:58:17.479+0000][7][gc,heap     ] GC(418) Humongous regions: 0->0
[2024-03-07T01:58:17.479+0000][7][gc,metaspace] GC(418) Metaspace: 128937K(132416K)->128937K(132416K) NonClass: 112085K(113920K)->112085K(113920K) Class: 16851K(18496K)->16851K(18496K)
[2024-03-07T01:58:17.479+0000][7][gc          ] GC(418) Pause Young (Normal) (G1 Evacuation Pause) 711M->103M(1024M) 2.723ms
[2024-03-07T01:58:17.479+0000][7][gc,cpu      ] GC(418) User=0.01s Sys=0.00s Real=0.00s
[2024-03-07T01:58:17.479+0000][7][safepoint   ] Safepoint "G1CollectForAllocation", Time since last: 155542616646 ns, Reaching safepoint: 85245 ns, At safepoint: 2829506 ns, Total: 2914751 ns
[2024-03-07T02:00:53.271+0000][7][gc,start    ] GC(419) Pause Young (Normal) (G1 Evacuation Pause)
[2024-03-07T02:00:53.272+0000][7][gc,task     ] GC(419) Using 8 workers of 8 for evacuation
[2024-03-07T02:00:53.272+0000][7][gc,age      ] GC(419) Desired survivor size 41943040 bytes, new threshold 15 (max threshold 15)
[2024-03-07T02:00:53.274+0000][7][gc,phases   ] GC(419)   Pre Evacuate Collection Set: 0.1ms
[2024-03-07T02:00:53.274+0000][7][gc,phases   ] GC(419)   Merge Heap Roots: 0.1ms
[2024-03-07T02:00:53.274+0000][7][gc,phases   ] GC(419)   Evacuate Collection Set: 1.5ms
[2024-03-07T02:00:53.274+0000][7][gc,phases   ] GC(419)   Post Evacuate Collection Set: 0.8ms
[2024-03-07T02:00:53.274+0000][7][gc,phases   ] GC(419)   Other: 0.1ms
[2024-03-07T02:00:53.274+0000][7][gc,age      ] GC(419) Age table with threshold 15 (max threshold 15)
[2024-03-07T02:00:53.274+0000][7][gc,age      ] GC(419) - age   1:    1299184 bytes,    1299184 total
[2024-03-07T02:00:53.274+0000][7][gc,age      ] GC(419) - age   2:       1744 bytes,    1300928 total
[2024-03-07T02:00:53.274+0000][7][gc,age      ] GC(419) - age   3:        736 bytes,    1301664 total
[2024-03-07T02:00:53.274+0000][7][gc,age      ] GC(419) - age   4:        872 bytes,    1302536 total
[2024-03-07T02:00:53.274+0000][7][gc,age      ] GC(419) - age   5:         64 bytes,    1302600 total
[2024-03-07T02:00:53.274+0000][7][gc,age      ] GC(419) - age   6:        248 bytes,    1302848 total
[2024-03-07T02:00:53.274+0000][7][gc,age      ] GC(419) - age   7:        384 bytes,    1303232 total
[2024-03-07T02:00:53.274+0000][7][gc,age      ] GC(419) - age  10:        184 bytes,    1303416 total
[2024-03-07T02:00:53.274+0000][7][gc,age      ] GC(419) - age  11:         24 bytes,    1303440 total
[2024-03-07T02:00:53.274+0000][7][gc,age      ] GC(419) - age  13:         24 bytes,    1303464 total
[2024-03-07T02:00:53.274+0000][7][gc,age      ] GC(419) - age  15:     140240 bytes,    1443704 total
[2024-03-07T02:00:53.274+0000][7][gc,heap     ] GC(419) Eden regions: 152->0(152)
[2024-03-07T02:00:53.274+0000][7][gc,heap     ] GC(419) Survivor regions: 1->1(20)
[2024-03-07T02:00:53.274+0000][7][gc,heap     ] GC(419) Old regions: 25->25
[2024-03-07T02:00:53.274+0000][7][gc,heap     ] GC(419) Archive regions: 2->2
[2024-03-07T02:00:53.274+0000][7][gc,heap     ] GC(419) Humongous regions: 0->0
[2024-03-07T02:00:53.274+0000][7][gc,metaspace] GC(419) Metaspace: 128937K(132416K)->128937K(132416K) NonClass: 112085K(113920K)->112085K(113920K) Class: 16851K(18496K)->16851K(18496K)
[2024-03-07T02:00:53.274+0000][7][gc          ] GC(419) Pause Young (Normal) (G1 Evacuation Pause) 711M->103M(1024M) 2.986ms
[2024-03-07T02:00:53.274+0000][7][gc,cpu      ] GC(419) User=0.02s Sys=0.01s Real=0.01s
[2024-03-07T02:00:53.274+0000][7][safepoint   ] Safepoint "G1CollectForAllocation", Time since last: 155791908995 ns, Reaching safepoint: 79787 ns, At safepoint: 3091068 ns, Total: 3170855 ns
[2024-03-07T02:03:14.570+0000][7][gc,start    ] GC(420) Pause Young (Normal) (G1 Evacuation Pause)
[2024-03-07T02:03:14.571+0000][7][gc,task     ] GC(420) Using 8 workers of 8 for evacuation
[2024-03-07T02:03:14.571+0000][7][gc,age      ] GC(420) Desired survivor size 41943040 bytes, new threshold 15 (max threshold 15)
[2024-03-07T02:03:14.573+0000][7][gc,phases   ] GC(420)   Pre Evacuate Collection Set: 0.1ms
[2024-03-07T02:03:14.573+0000][7][gc,phases   ] GC(420)   Merge Heap Roots: 0.1ms
[2024-03-07T02:03:14.573+0000][7][gc,phases   ] GC(420)   Evacuate Collection Set: 1.2ms
[2024-03-07T02:03:14.573+0000][7][gc,phases   ] GC(420)   Post Evacuate Collection Set: 0.8ms
[2024-03-07T02:03:14.573+0000][7][gc,phases   ] GC(420)   Other: 0.1ms
[2024-03-07T02:03:14.573+0000][7][gc,age      ] GC(420) Age table with threshold 15 (max threshold 15)
[2024-03-07T02:03:14.573+0000][7][gc,age      ] GC(420) - age   1:     854112 bytes,     854112 total
[2024-03-07T02:03:14.573+0000][7][gc,age      ] GC(420) - age   2:     176184 bytes,    1030296 total
[2024-03-07T02:03:14.573+0000][7][gc,age      ] GC(420) - age   3:        824 bytes,    1031120 total
[2024-03-07T02:03:14.573+0000][7][gc,age      ] GC(420) - age   4:        232 bytes,    1031352 total
[2024-03-07T02:03:14.573+0000][7][gc,age      ] GC(420) - age   5:         64 bytes,    1031416 total
[2024-03-07T02:03:14.573+0000][7][gc,age      ] GC(420) - age   7:        184 bytes,    1031600 total
[2024-03-07T02:03:14.573+0000][7][gc,age      ] GC(420) - age  11:        184 bytes,    1031784 total
[2024-03-07T02:03:14.573+0000][7][gc,age      ] GC(420) - age  12:         24 bytes,    1031808 total
[2024-03-07T02:03:14.573+0000][7][gc,age      ] GC(420) - age  14:         24 bytes,    1031832 total
[2024-03-07T02:03:14.573+0000][7][gc,heap     ] GC(420) Eden regions: 152->0(152)
[2024-03-07T02:03:14.573+0000][7][gc,heap     ] GC(420) Survivor regions: 1->1(20)
[2024-03-07T02:03:14.573+0000][7][gc,heap     ] GC(420) Old regions: 25->25
[2024-03-07T02:03:14.573+0000][7][gc,heap     ] GC(420) Archive regions: 2->2
[2024-03-07T02:03:14.573+0000][7][gc,heap     ] GC(420) Humongous regions: 0->0
[2024-03-07T02:03:14.573+0000][7][gc,metaspace] GC(420) Metaspace: 128939K(132416K)->128939K(132416K) NonClass: 112088K(113920K)->112088K(113920K) Class: 16851K(18496K)->16851K(18496K)
[2024-03-07T02:03:14.573+0000][7][gc          ] GC(420) Pause Young (Normal) (G1 Evacuation Pause) 711M->103M(1024M) 2.737ms
[2024-03-07T02:03:14.573+0000][7][gc,cpu      ] GC(420) User=0.01s Sys=0.00s Real=0.00s
[2024-03-07T02:03:14.573+0000][7][safepoint   ] Safepoint "G1CollectForAllocation", Time since last: 141295913948 ns, Reaching safepoint: 80453 ns, At safepoint: 2850209 ns, Total: 2930662 ns
[2024-03-07T02:05:44.336+0000][7][gc,start    ] GC(421) Pause Young (Normal) (G1 Evacuation Pause)
[2024-03-07T02:05:44.336+0000][7][gc,task     ] GC(421) Using 8 workers of 8 for evacuation
[2024-03-07T02:05:44.336+0000][7][gc,age      ] GC(421) Desired survivor size 41943040 bytes, new threshold 15 (max threshold 15)
[2024-03-07T02:05:44.339+0000][7][gc,phases   ] GC(421)   Pre Evacuate Collection Set: 0.1ms
[2024-03-07T02:05:44.339+0000][7][gc,phases   ] GC(421)   Merge Heap Roots: 0.1ms
[2024-03-07T02:05:44.339+0000][7][gc,phases   ] GC(421)   Evacuate Collection Set: 1.5ms
[2024-03-07T02:05:44.339+0000][7][gc,phases   ] GC(421)   Post Evacuate Collection Set: 0.7ms
[2024-03-07T02:05:44.339+0000][7][gc,phases   ] GC(421)   Other: 0.1ms
[2024-03-07T02:05:44.339+0000][7][gc,age      ] GC(421) Age table with threshold 15 (max threshold 15)
[2024-03-07T02:05:44.339+0000][7][gc,age      ] GC(421) - age   1:    1688264 bytes,    1688264 total
[2024-03-07T02:05:44.339+0000][7][gc,age      ] GC(421) - age   2:       4960 bytes,    1693224 total
[2024-03-07T02:05:44.339+0000][7][gc,age      ] GC(421) - age   3:     101328 bytes,    1794552 total
[2024-03-07T02:05:44.339+0000][7][gc,age      ] GC(421) - age   4:        448 bytes,    1795000 total
[2024-03-07T02:05:44.339+0000][7][gc,age      ] GC(421) - age   5:        232 bytes,    1795232 total
[2024-03-07T02:05:44.339+0000][7][gc,age      ] GC(421) - age   6:         64 bytes,    1795296 total
[2024-03-07T02:05:44.339+0000][7][gc,age      ] GC(421) - age   8:        184 bytes,    1795480 total
[2024-03-07T02:05:44.339+0000][7][gc,age      ] GC(421) - age  12:        184 bytes,    1795664 total
[2024-03-07T02:05:44.339+0000][7][gc,age      ] GC(421) - age  13:         24 bytes,    1795688 total
[2024-03-07T02:05:44.339+0000][7][gc,age      ] GC(421) - age  15:         24 bytes,    1795712 total
[2024-03-07T02:05:44.339+0000][7][gc,heap     ] GC(421) Eden regions: 152->0(152)
[2024-03-07T02:05:44.339+0000][7][gc,heap     ] GC(421) Survivor regions: 1->1(20)
[2024-03-07T02:05:44.339+0000][7][gc,heap     ] GC(421) Old regions: 25->25
[2024-03-07T02:05:44.339+0000][7][gc,heap     ] GC(421) Archive regions: 2->2
[2024-03-07T02:05:44.339+0000][7][gc,heap     ] GC(421) Humongous regions: 0->0
[2024-03-07T02:05:44.339+0000][7][gc,metaspace] GC(421) Metaspace: 128939K(132416K)->128939K(132416K) NonClass: 112088K(113920K)->112088K(113920K) Class: 16851K(18496K)->16851K(18496K)
[2024-03-07T02:05:44.339+0000][7][gc          ] GC(421) Pause Young (Normal) (G1 Evacuation Pause) 711M->104M(1024M) 2.767ms
[2024-03-07T02:05:44.339+0000][7][gc,cpu      ] GC(421) User=0.02s Sys=0.00s Real=0.00s
[2024-03-07T02:05:44.339+0000][7][safepoint   ] Safepoint "G1CollectForAllocation", Time since last: 149762765343 ns, Reaching safepoint: 74470 ns, At safepoint: 2856947 ns, Total: 2931417 ns
[2024-03-07T02:08:08.602+0000][7][gc,start    ] GC(422) Pause Young (Normal) (G1 Evacuation Pause)
[2024-03-07T02:08:08.602+0000][7][gc,task     ] GC(422) Using 8 workers of 8 for evacuation
[2024-03-07T02:08:08.602+0000][7][gc,age      ] GC(422) Desired survivor size 41943040 bytes, new threshold 15 (max threshold 15)
[2024-03-07T02:08:08.606+0000][7][gc,phases   ] GC(422)   Pre Evacuate Collection Set: 0.1ms
[2024-03-07T02:08:08.606+0000][7][gc,phases   ] GC(422)   Merge Heap Roots: 0.1ms
[2024-03-07T02:08:08.606+0000][7][gc,phases   ] GC(422)   Evacuate Collection Set: 3.0ms
[2024-03-07T02:08:08.606+0000][7][gc,phases   ] GC(422)   Post Evacuate Collection Set: 1.0ms
[2024-03-07T02:08:08.606+0000][7][gc,phases   ] GC(422)   Other: 0.1ms
[2024-03-07T02:08:08.606+0000][7][gc,age      ] GC(422) Age table with threshold 15 (max threshold 15)
[2024-03-07T02:08:08.606+0000][7][gc,age      ] GC(422) - age   1:     963216 bytes,     963216 total
[2024-03-07T02:08:08.606+0000][7][gc,age      ] GC(422) - age   2:      96368 bytes,    1059584 total
[2024-03-07T02:08:08.606+0000][7][gc,age      ] GC(422) - age   3:       1544 bytes,    1061128 total
[2024-03-07T02:08:08.606+0000][7][gc,age      ] GC(422) - age   4:     100408 bytes,    1161536 total
[2024-03-07T02:08:08.606+0000][7][gc,age      ] GC(422) - age   5:        384 bytes,    1161920 total
[2024-03-07T02:08:08.606+0000][7][gc,age      ] GC(422) - age   6:        232 bytes,    1162152 total
[2024-03-07T02:08:08.606+0000][7][gc,age      ] GC(422) - age   7:         64 bytes,    1162216 total
[2024-03-07T02:08:08.606+0000][7][gc,age      ] GC(422) - age   9:        184 bytes,    1162400 total
[2024-03-07T02:08:08.606+0000][7][gc,age      ] GC(422) - age  13:        184 bytes,    1162584 total
[2024-03-07T02:08:08.606+0000][7][gc,age      ] GC(422) - age  14:         24 bytes,    1162608 total
[2024-03-07T02:08:08.606+0000][7][gc,heap     ] GC(422) Eden regions: 152->0(152)
[2024-03-07T02:08:08.606+0000][7][gc,heap     ] GC(422) Survivor regions: 1->1(20)
[2024-03-07T02:08:08.606+0000][7][gc,heap     ] GC(422) Old regions: 25->25
[2024-03-07T02:08:08.606+0000][7][gc,heap     ] GC(422) Archive regions: 2->2
[2024-03-07T02:08:08.606+0000][7][gc,heap     ] GC(422) Humongous regions: 0->0
[2024-03-07T02:08:08.606+0000][7][gc,metaspace] GC(422) Metaspace: 128939K(132416K)->128939K(132416K) NonClass: 112088K(113920K)->112088K(113920K) Class: 16851K(18496K)->16851K(18496K)
[2024-03-07T02:08:08.606+0000][7][gc          ] GC(422) Pause Young (Normal) (G1 Evacuation Pause) 712M->103M(1024M) 4.513ms
[2024-03-07T02:08:08.606+0000][7][gc,cpu      ] GC(422) User=0.00s Sys=0.00s Real=0.01s
[2024-03-07T02:08:08.606+0000][7][safepoint   ] Safepoint "G1CollectForAllocation", Time since last: 144262387787 ns, Reaching safepoint: 68008 ns, At safepoint: 4614417 ns, Total: 4682425 ns
[2024-03-07T02:10:47.320+0000][7][gc,start    ] GC(423) Pause Young (Normal) (G1 Evacuation Pause)
[2024-03-07T02:10:47.320+0000][7][gc,task     ] GC(423) Using 8 workers of 8 for evacuation
[2024-03-07T02:10:47.320+0000][7][gc,age      ] GC(423) Desired survivor size 41943040 bytes, new threshold 15 (max threshold 15)
[2024-03-07T02:10:47.323+0000][7][gc,phases   ] GC(423)   Pre Evacuate Collection Set: 0.1ms
[2024-03-07T02:10:47.323+0000][7][gc,phases   ] GC(423)   Merge Heap Roots: 0.1ms
[2024-03-07T02:10:47.323+0000][7][gc,phases   ] GC(423)   Evacuate Collection Set: 1.4ms
[2024-03-07T02:10:47.323+0000][7][gc,phases   ] GC(423)   Post Evacuate Collection Set: 0.8ms
[2024-03-07T02:10:47.323+0000][7][gc,phases   ] GC(423)   Other: 0.1ms
[2024-03-07T02:10:47.323+0000][7][gc,age      ] GC(423) Age table with threshold 15 (max threshold 15)
[2024-03-07T02:10:47.323+0000][7][gc,age      ] GC(423) - age   1:    1357344 bytes,    1357344 total
[2024-03-07T02:10:47.323+0000][7][gc,age      ] GC(423) - age   2:      41056 bytes,    1398400 total
[2024-03-07T02:10:47.323+0000][7][gc,age      ] GC(423) - age   3:      93800 bytes,    1492200 total
[2024-03-07T02:10:47.323+0000][7][gc,age      ] GC(423) - age   4:       1288 bytes,    1493488 total
[2024-03-07T02:10:47.323+0000][7][gc,age      ] GC(423) - age   5:      96952 bytes,    1590440 total
[2024-03-07T02:10:47.323+0000][7][gc,age      ] GC(423) - age   6:        384 bytes,    1590824 total
[2024-03-07T02:10:47.323+0000][7][gc,age      ] GC(423) - age   7:        232 bytes,    1591056 total
[2024-03-07T02:10:47.323+0000][7][gc,age      ] GC(423) - age   8:         64 bytes,    1591120 total
[2024-03-07T02:10:47.323+0000][7][gc,age      ] GC(423) - age  10:        184 bytes,    1591304 total
[2024-03-07T02:10:47.323+0000][7][gc,age      ] GC(423) - age  15:         24 bytes,    1591328 total
[2024-03-07T02:10:47.323+0000][7][gc,heap     ] GC(423) Eden regions: 152->0(152)
[2024-03-07T02:10:47.323+0000][7][gc,heap     ] GC(423) Survivor regions: 1->1(20)
[2024-03-07T02:10:47.323+0000][7][gc,heap     ] GC(423) Old regions: 25->25
[2024-03-07T02:10:47.323+0000][7][gc,heap     ] GC(423) Archive regions: 2->2
[2024-03-07T02:10:47.323+0000][7][gc,heap     ] GC(423) Humongous regions: 0->0
[2024-03-07T02:10:47.323+0000][7][gc,metaspace] GC(423) Metaspace: 128941K(132416K)->128941K(132416K) NonClass: 112089K(113920K)->112089K(113920K) Class: 16851K(18496K)->16851K(18496K)
[2024-03-07T02:10:47.323+0000][7][gc          ] GC(423) Pause Young (Normal) (G1 Evacuation Pause) 711M->103M(1024M) 2.783ms
[2024-03-07T02:10:47.323+0000][7][gc,cpu      ] GC(423) User=0.02s Sys=0.00s Real=0.00s
[2024-03-07T02:10:47.323+0000][7][safepoint   ] Safepoint "G1CollectForAllocation", Time since last: 158714059634 ns, Reaching safepoint: 100230 ns, At safepoint: 2874540 ns, Total: 2974770 ns
[2024-03-07T02:11:42.329+0000][7][safepoint   ] Safepoint "Cleanup", Time since last: 55005461225 ns, Reaching safepoint: 75460 ns, At safepoint: 10497 ns, Total: 85957 ns
[2024-03-07T02:13:08.407+0000][7][gc,start    ] GC(424) Pause Young (Normal) (G1 Evacuation Pause)
[2024-03-07T02:13:08.407+0000][7][gc,task     ] GC(424) Using 8 workers of 8 for evacuation
[2024-03-07T02:13:08.407+0000][7][gc,age      ] GC(424) Desired survivor size 41943040 bytes, new threshold 15 (max threshold 15)
[2024-03-07T02:13:08.410+0000][7][gc,phases   ] GC(424)   Pre Evacuate Collection Set: 0.1ms
[2024-03-07T02:13:08.410+0000][7][gc,phases   ] GC(424)   Merge Heap Roots: 0.1ms
[2024-03-07T02:13:08.410+0000][7][gc,phases   ] GC(424)   Evacuate Collection Set: 2.3ms
[2024-03-07T02:13:08.410+0000][7][gc,phases   ] GC(424)   Post Evacuate Collection Set: 0.8ms
[2024-03-07T02:13:08.410+0000][7][gc,phases   ] GC(424)   Other: 0.1ms
[2024-03-07T02:13:08.410+0000][7][gc,age      ] GC(424) Age table with threshold 15 (max threshold 15)
[2024-03-07T02:13:08.410+0000][7][gc,age      ] GC(424) - age   1:     850872 bytes,     850872 total
[2024-03-07T02:13:08.410+0000][7][gc,age      ] GC(424) - age   2:      26872 bytes,     877744 total
[2024-03-07T02:13:08.410+0000][7][gc,age      ] GC(424) - age   3:      39520 bytes,     917264 total
[2024-03-07T02:13:08.410+0000][7][gc,age      ] GC(424) - age   4:      92520 bytes,    1009784 total
[2024-03-07T02:13:08.410+0000][7][gc,age      ] GC(424) - age   5:        568 bytes,    1010352 total
[2024-03-07T02:13:08.410+0000][7][gc,age      ] GC(424) - age   6:      96952 bytes,    1107304 total
[2024-03-07T02:13:08.410+0000][7][gc,age      ] GC(424) - age   7:        384 bytes,    1107688 total
[2024-03-07T02:13:08.410+0000][7][gc,age      ] GC(424) - age   8:        232 bytes,    1107920 total
[2024-03-07T02:13:08.410+0000][7][gc,age      ] GC(424) - age   9:         32 bytes,    1107952 total
[2024-03-07T02:13:08.410+0000][7][gc,heap     ] GC(424) Eden regions: 152->0(152)
[2024-03-07T02:13:08.410+0000][7][gc,heap     ] GC(424) Survivor regions: 1->1(20)
[2024-03-07T02:13:08.410+0000][7][gc,heap     ] GC(424) Old regions: 25->25
[2024-03-07T02:13:08.410+0000][7][gc,heap     ] GC(424) Archive regions: 2->2
[2024-03-07T02:13:08.410+0000][7][gc,heap     ] GC(424) Humongous regions: 0->0
[2024-03-07T02:13:08.410+0000][7][gc,metaspace] GC(424) Metaspace: 128941K(132416K)->128941K(132416K) NonClass: 112089K(113920K)->112089K(113920K) Class: 16851K(18496K)->16851K(18496K)
[2024-03-07T02:13:08.410+0000][7][gc          ] GC(424) Pause Young (Normal) (G1 Evacuation Pause) 711M->103M(1024M) 3.649ms
[2024-03-07T02:13:08.410+0000][7][gc,cpu      ] GC(424) User=0.01s Sys=0.00s Real=0.00s
[2024-03-07T02:13:08.410+0000][7][safepoint   ] Safepoint "G1CollectForAllocation", Time since last: 86077991406 ns, Reaching safepoint: 94080 ns, At safepoint: 3742336 ns, Total: 3836416 ns
[2024-03-07T02:15:48.098+0000][7][gc,start    ] GC(425) Pause Young (Normal) (G1 Evacuation Pause)
[2024-03-07T02:15:48.098+0000][7][gc,task     ] GC(425) Using 8 workers of 8 for evacuation
[2024-03-07T02:15:48.098+0000][7][gc,age      ] GC(425) Desired survivor size 41943040 bytes, new threshold 15 (max threshold 15)
[2024-03-07T02:15:48.101+0000][7][gc,phases   ] GC(425)   Pre Evacuate Collection Set: 0.2ms
[2024-03-07T02:15:48.101+0000][7][gc,phases   ] GC(425)   Merge Heap Roots: 0.1ms
[2024-03-07T02:15:48.101+0000][7][gc,phases   ] GC(425)   Evacuate Collection Set: 1.6ms
[2024-03-07T02:15:48.101+0000][7][gc,phases   ] GC(425)   Post Evacuate Collection Set: 0.9ms
[2024-03-07T02:15:48.101+0000][7][gc,phases   ] GC(425)   Other: 0.1ms
[2024-03-07T02:15:48.101+0000][7][gc,age      ] GC(425) Age table with threshold 15 (max threshold 15)
[2024-03-07T02:15:48.101+0000][7][gc,age      ] GC(425) - age   1:    1198000 bytes,    1198000 total
[2024-03-07T02:15:48.101+0000][7][gc,age      ] GC(425) - age   2:       3856 bytes,    1201856 total
[2024-03-07T02:15:48.101+0000][7][gc,age      ] GC(425) - age   3:      25536 bytes,    1227392 total
[2024-03-07T02:15:48.101+0000][7][gc,age      ] GC(425) - age   4:      38632 bytes,    1266024 total
[2024-03-07T02:15:48.101+0000][7][gc,age      ] GC(425) - age   5:      92080 bytes,    1358104 total
[2024-03-07T02:15:48.101+0000][7][gc,age      ] GC(425) - age   6:        384 bytes,    1358488 total
[2024-03-07T02:15:48.101+0000][7][gc,age      ] GC(425) - age   7:      96560 bytes,    1455048 total
[2024-03-07T02:15:48.101+0000][7][gc,age      ] GC(425) - age   9:        232 bytes,    1455280 total
[2024-03-07T02:15:48.101+0000][7][gc,age      ] GC(425) - age  10:         32 bytes,    1455312 total
[2024-03-07T02:15:48.101+0000][7][gc,heap     ] GC(425) Eden regions: 152->0(152)
[2024-03-07T02:15:48.101+0000][7][gc,heap     ] GC(425) Survivor regions: 1->1(20)
[2024-03-07T02:15:48.101+0000][7][gc,heap     ] GC(425) Old regions: 25->25
[2024-03-07T02:15:48.101+0000][7][gc,heap     ] GC(425) Archive regions: 2->2
[2024-03-07T02:15:48.101+0000][7][gc,heap     ] GC(425) Humongous regions: 0->0
[2024-03-07T02:15:48.101+0000][7][gc,metaspace] GC(425) Metaspace: 128941K(132416K)->128941K(132416K) NonClass: 112089K(113920K)->112089K(113920K) Class: 16851K(18496K)->16851K(18496K)
[2024-03-07T02:15:48.101+0000][7][gc          ] GC(425) Pause Young (Normal) (G1 Evacuation Pause) 711M->103M(1024M) 3.155ms
[2024-03-07T02:15:48.101+0000][7][gc,cpu      ] GC(425) User=0.01s Sys=0.00s Real=0.00s
[2024-03-07T02:15:48.101+0000][7][safepoint   ] Safepoint "G1CollectForAllocation", Time since last: 159686963484 ns, Reaching safepoint: 91553 ns, At safepoint: 3273348 ns, Total: 3364901 ns
[2024-03-07T02:18:53.601+0000][7][gc,start    ] GC(426) Pause Young (Normal) (G1 Evacuation Pause)
[2024-03-07T02:18:53.601+0000][7][gc,task     ] GC(426) Using 8 workers of 8 for evacuation
[2024-03-07T02:18:53.601+0000][7][gc,age      ] GC(426) Desired survivor size 41943040 bytes, new threshold 15 (max threshold 15)
[2024-03-07T02:18:53.604+0000][7][gc,phases   ] GC(426)   Pre Evacuate Collection Set: 0.1ms
[2024-03-07T02:18:53.604+0000][7][gc,phases   ] GC(426)   Merge Heap Roots: 0.1ms
[2024-03-07T02:18:53.604+0000][7][gc,phases   ] GC(426)   Evacuate Collection Set: 1.4ms
[2024-03-07T02:18:53.604+0000][7][gc,phases   ] GC(426)   Post Evacuate Collection Set: 0.8ms
[2024-03-07T02:18:53.604+0000][7][gc,phases   ] GC(426)   Other: 0.1ms
[2024-03-07T02:18:53.604+0000][7][gc,age      ] GC(426) Age table with threshold 15 (max threshold 15)
[2024-03-07T02:18:53.604+0000][7][gc,age      ] GC(426) - age   1:     838384 bytes,     838384 total
[2024-03-07T02:18:53.604+0000][7][gc,age      ] GC(426) - age   2:       9120 bytes,     847504 total
[2024-03-07T02:18:53.604+0000][7][gc,age      ] GC(426) - age   3:       1744 bytes,     849248 total
[2024-03-07T02:18:53.604+0000][7][gc,age      ] GC(426) - age   4:      24896 bytes,     874144 total
[2024-03-07T02:18:53.604+0000][7][gc,age      ] GC(426) - age   5:      38256 bytes,     912400 total
[2024-03-07T02:18:53.604+0000][7][gc,age      ] GC(426) - age   6:      92016 bytes,    1004416 total
[2024-03-07T02:18:53.604+0000][7][gc,age      ] GC(426) - age   7:        384 bytes,    1004800 total
[2024-03-07T02:18:53.604+0000][7][gc,age      ] GC(426) - age   8:      96560 bytes,    1101360 total
[2024-03-07T02:18:53.604+0000][7][gc,age      ] GC(426) - age  10:        232 bytes,    1101592 total
[2024-03-07T02:18:53.604+0000][7][gc,age      ] GC(426) - age  11:         32 bytes,    1101624 total
[2024-03-07T02:18:53.604+0000][7][gc,heap     ] GC(426) Eden regions: 152->0(152)
[2024-03-07T02:18:53.604+0000][7][gc,heap     ] GC(426) Survivor regions: 1->1(20)
[2024-03-07T02:18:53.604+0000][7][gc,heap     ] GC(426) Old regions: 25->25
[2024-03-07T02:18:53.604+0000][7][gc,heap     ] GC(426) Archive regions: 2->2
[2024-03-07T02:18:53.604+0000][7][gc,heap     ] GC(426) Humongous regions: 0->0
[2024-03-07T02:18:53.604+0000][7][gc,metaspace] GC(426) Metaspace: 128941K(132416K)->128941K(132416K) NonClass: 112089K(113920K)->112089K(113920K) Class: 16851K(18496K)->16851K(18496K)
[2024-03-07T02:18:53.604+0000][7][gc          ] GC(426) Pause Young (Normal) (G1 Evacuation Pause) 711M->103M(1024M) 2.749ms
[2024-03-07T02:18:53.604+0000][7][gc,cpu      ] GC(426) User=0.01s Sys=0.00s Real=0.00s
[2024-03-07T02:18:53.604+0000][7][safepoint   ] Safepoint "G1CollectForAllocation", Time since last: 185500116591 ns, Reaching safepoint: 109313 ns, At safepoint: 2886226 ns, Total: 2995539 ns
[2024-03-07T02:21:42.624+0000][7][safepoint   ] Safepoint "Cleanup", Time since last: 169020071568 ns, Reaching safepoint: 109247 ns, At safepoint: 36217 ns, Total: 145464 ns
[2024-03-07T02:21:59.459+0000][7][gc,start    ] GC(427) Pause Young (Normal) (G1 Evacuation Pause)
[2024-03-07T02:21:59.459+0000][7][gc,task     ] GC(427) Using 8 workers of 8 for evacuation
[2024-03-07T02:21:59.459+0000][7][gc,age      ] GC(427) Desired survivor size 41943040 bytes, new threshold 15 (max threshold 15)
[2024-03-07T02:21:59.461+0000][7][gc,phases   ] GC(427)   Pre Evacuate Collection Set: 0.1ms
[2024-03-07T02:21:59.461+0000][7][gc,phases   ] GC(427)   Merge Heap Roots: 0.0ms
[2024-03-07T02:21:59.461+0000][7][gc,phases   ] GC(427)   Evacuate Collection Set: 1.0ms
[2024-03-07T02:21:59.461+0000][7][gc,phases   ] GC(427)   Post Evacuate Collection Set: 0.5ms
[2024-03-07T02:21:59.461+0000][7][gc,phases   ] GC(427)   Other: 0.1ms
[2024-03-07T02:21:59.461+0000][7][gc,age      ] GC(427) Age table with threshold 15 (max threshold 15)
[2024-03-07T02:21:59.461+0000][7][gc,age      ] GC(427) - age   1:    2073768 bytes,    2073768 total
[2024-03-07T02:21:59.461+0000][7][gc,age      ] GC(427) - age   2:       3264 bytes,    2077032 total
[2024-03-07T02:21:59.461+0000][7][gc,age      ] GC(427) - age   3:       7176 bytes,    2084208 total
[2024-03-07T02:21:59.461+0000][7][gc,age      ] GC(427) - age   4:        320 bytes,    2084528 total
[2024-03-07T02:21:59.461+0000][7][gc,age      ] GC(427) - age   5:      21312 bytes,    2105840 total
[2024-03-07T02:21:59.461+0000][7][gc,age      ] GC(427) - age   6:      38112 bytes,    2143952 total
[2024-03-07T02:21:59.461+0000][7][gc,age      ] GC(427) - age   7:      92016 bytes,    2235968 total
[2024-03-07T02:21:59.461+0000][7][gc,age      ] GC(427) - age   8:        384 bytes,    2236352 total
[2024-03-07T02:21:59.461+0000][7][gc,age      ] GC(427) - age   9:      96560 bytes,    2332912 total
[2024-03-07T02:21:59.461+0000][7][gc,age      ] GC(427) - age  11:        232 bytes,    2333144 total
[2024-03-07T02:21:59.461+0000][7][gc,age      ] GC(427) - age  12:         32 bytes,    2333176 total
[2024-03-07T02:21:59.461+0000][7][gc,heap     ] GC(427) Eden regions: 152->0(152)
[2024-03-07T02:21:59.461+0000][7][gc,heap     ] GC(427) Survivor regions: 1->1(20)
[2024-03-07T02:21:59.461+0000][7][gc,heap     ] GC(427) Old regions: 25->25
[2024-03-07T02:21:59.461+0000][7][gc,heap     ] GC(427) Archive regions: 2->2
[2024-03-07T02:21:59.461+0000][7][gc,heap     ] GC(427) Humongous regions: 0->0
[2024-03-07T02:21:59.461+0000][7][gc,metaspace] GC(427) Metaspace: 128941K(132416K)->128941K(132416K) NonClass: 112089K(113920K)->112089K(113920K) Class: 16851K(18496K)->16851K(18496K)
[2024-03-07T02:21:59.461+0000][7][gc          ] GC(427) Pause Young (Normal) (G1 Evacuation Pause) 711M->104M(1024M) 1.886ms
[2024-03-07T02:21:59.461+0000][7][gc,cpu      ] GC(427) User=0.01s Sys=0.00s Real=0.00s
[2024-03-07T02:21:59.461+0000][7][safepoint   ] Safepoint "G1CollectForAllocation", Time since last: 16834711234 ns, Reaching safepoint: 42863 ns, At safepoint: 1946986 ns, Total: 1989849 ns
[2024-03-07T02:24:20.410+0000][7][gc,start    ] GC(428) Pause Young (Normal) (G1 Evacuation Pause)
[2024-03-07T02:24:20.410+0000][7][gc,task     ] GC(428) Using 8 workers of 8 for evacuation
[2024-03-07T02:24:20.410+0000][7][gc,age      ] GC(428) Desired survivor size 41943040 bytes, new threshold 15 (max threshold 15)
[2024-03-07T02:24:20.412+0000][7][gc,phases   ] GC(428)   Pre Evacuate Collection Set: 0.1ms
[2024-03-07T02:24:20.412+0000][7][gc,phases   ] GC(428)   Merge Heap Roots: 0.1ms
[2024-03-07T02:24:20.412+0000][7][gc,phases   ] GC(428)   Evacuate Collection Set: 1.2ms
[2024-03-07T02:24:20.412+0000][7][gc,phases   ] GC(428)   Post Evacuate Collection Set: 0.6ms
[2024-03-07T02:24:20.412+0000][7][gc,phases   ] GC(428)   Other: 0.1ms
[2024-03-07T02:24:20.412+0000][7][gc,age      ] GC(428) Age table with threshold 15 (max threshold 15)
[2024-03-07T02:24:20.412+0000][7][gc,age      ] GC(428) - age   1:    1254264 bytes,    1254264 total
[2024-03-07T02:24:20.412+0000][7][gc,age      ] GC(428) - age   2:      14008 bytes,    1268272 total
[2024-03-07T02:24:20.412+0000][7][gc,age      ] GC(428) - age   3:       1064 bytes,    1269336 total
[2024-03-07T02:24:20.412+0000][7][gc,age      ] GC(428) - age   4:       7088 bytes,    1276424 total
[2024-03-07T02:24:20.412+0000][7][gc,age      ] GC(428) - age   5:        320 bytes,    1276744 total
[2024-03-07T02:24:20.412+0000][7][gc,age      ] GC(428) - age   6:      21312 bytes,    1298056 total
[2024-03-07T02:24:20.412+0000][7][gc,age      ] GC(428) - age   7:      38112 bytes,    1336168 total
[2024-03-07T02:24:20.412+0000][7][gc,age      ] GC(428) - age   8:      92016 bytes,    1428184 total
[2024-03-07T02:24:20.412+0000][7][gc,age      ] GC(428) - age  10:      96560 bytes,    1524744 total
[2024-03-07T02:24:20.412+0000][7][gc,age      ] GC(428) - age  12:         48 bytes,    1524792 total
[2024-03-07T02:24:20.412+0000][7][gc,heap     ] GC(428) Eden regions: 152->0(152)
[2024-03-07T02:24:20.412+0000][7][gc,heap     ] GC(428) Survivor regions: 1->1(20)
[2024-03-07T02:24:20.412+0000][7][gc,heap     ] GC(428) Old regions: 25->25
[2024-03-07T02:24:20.412+0000][7][gc,heap     ] GC(428) Archive regions: 2->2
[2024-03-07T02:24:20.412+0000][7][gc,heap     ] GC(428) Humongous regions: 0->0
[2024-03-07T02:24:20.412+0000][7][gc,metaspace] GC(428) Metaspace: 128941K(132416K)->128941K(132416K) NonClass: 112089K(113920K)->112089K(113920K) Class: 16851K(18496K)->16851K(18496K)
[2024-03-07T02:24:20.412+0000][7][gc          ] GC(428) Pause Young (Normal) (G1 Evacuation Pause) 712M->103M(1024M) 2.383ms
[2024-03-07T02:24:20.412+0000][7][gc,cpu      ] GC(428) User=0.01s Sys=0.01s Real=0.00s
[2024-03-07T02:24:20.412+0000][7][safepoint   ] Safepoint "G1CollectForAllocation", Time since last: 140948877353 ns, Reaching safepoint: 52598 ns, At safepoint: 2462717 ns, Total: 2515315 ns
[2024-03-07T02:26:41.547+0000][7][gc,start    ] GC(429) Pause Young (Normal) (G1 Evacuation Pause)
[2024-03-07T02:26:41.547+0000][7][gc,task     ] GC(429) Using 8 workers of 8 for evacuation
[2024-03-07T02:26:41.547+0000][7][gc,age      ] GC(429) Desired survivor size 41943040 bytes, new threshold 15 (max threshold 15)
[2024-03-07T02:26:41.549+0000][7][gc,phases   ] GC(429)   Pre Evacuate Collection Set: 0.1ms
[2024-03-07T02:26:41.549+0000][7][gc,phases   ] GC(429)   Merge Heap Roots: 0.0ms
[2024-03-07T02:26:41.549+0000][7][gc,phases   ] GC(429)   Evacuate Collection Set: 1.0ms
[2024-03-07T02:26:41.549+0000][7][gc,phases   ] GC(429)   Post Evacuate Collection Set: 0.6ms
[2024-03-07T02:26:41.549+0000][7][gc,phases   ] GC(429)   Other: 0.1ms
[2024-03-07T02:26:41.549+0000][7][gc,age      ] GC(429) Age table with threshold 15 (max threshold 15)
[2024-03-07T02:26:41.549+0000][7][gc,age      ] GC(429) - age   1:    1931576 bytes,    1931576 total
[2024-03-07T02:26:41.549+0000][7][gc,age      ] GC(429) - age   2:     143048 bytes,    2074624 total
[2024-03-07T02:26:41.549+0000][7][gc,age      ] GC(429) - age   3:      12120 bytes,    2086744 total
[2024-03-07T02:26:41.549+0000][7][gc,age      ] GC(429) - age   4:        424 bytes,    2087168 total
[2024-03-07T02:26:41.549+0000][7][gc,age      ] GC(429) - age   5:       6896 bytes,    2094064 total
[2024-03-07T02:26:41.549+0000][7][gc,age      ] GC(429) - age   6:         72 bytes,    2094136 total
[2024-03-07T02:26:41.549+0000][7][gc,age      ] GC(429) - age   7:      21312 bytes,    2115448 total
[2024-03-07T02:26:41.549+0000][7][gc,age      ] GC(429) - age   8:      38112 bytes,    2153560 total
[2024-03-07T02:26:41.549+0000][7][gc,age      ] GC(429) - age   9:      92016 bytes,    2245576 total
[2024-03-07T02:26:41.549+0000][7][gc,age      ] GC(429) - age  11:      96560 bytes,    2342136 total
[2024-03-07T02:26:41.549+0000][7][gc,age      ] GC(429) - age  13:         48 bytes,    2342184 total
[2024-03-07T02:26:41.549+0000][7][gc,heap     ] GC(429) Eden regions: 152->0(152)
[2024-03-07T02:26:41.549+0000][7][gc,heap     ] GC(429) Survivor regions: 1->1(20)
[2024-03-07T02:26:41.549+0000][7][gc,heap     ] GC(429) Old regions: 25->25
[2024-03-07T02:26:41.549+0000][7][gc,heap     ] GC(429) Archive regions: 2->2
[2024-03-07T02:26:41.549+0000][7][gc,heap     ] GC(429) Humongous regions: 0->0
[2024-03-07T02:26:41.549+0000][7][gc,metaspace] GC(429) Metaspace: 128941K(132416K)->128941K(132416K) NonClass: 112089K(113920K)->112089K(113920K) Class: 16851K(18496K)->16851K(18496K)
[2024-03-07T02:26:41.549+0000][7][gc          ] GC(429) Pause Young (Normal) (G1 Evacuation Pause) 711M->104M(1024M) 1.913ms
[2024-03-07T02:26:41.549+0000][7][gc,cpu      ] GC(429) User=0.01s Sys=0.00s Real=0.00s
[2024-03-07T02:26:41.549+0000][7][safepoint   ] Safepoint "G1CollectForAllocation", Time since last: 141134630388 ns, Reaching safepoint: 95833 ns, At safepoint: 1975753 ns, Total: 2071586 ns
[2024-03-07T02:29:14.359+0000][7][gc,start    ] GC(430) Pause Young (Normal) (G1 Evacuation Pause)
[2024-03-07T02:29:14.359+0000][7][gc,task     ] GC(430) Using 8 workers of 8 for evacuation
[2024-03-07T02:29:14.359+0000][7][gc,age      ] GC(430) Desired survivor size 41943040 bytes, new threshold 15 (max threshold 15)
[2024-03-07T02:29:14.362+0000][7][gc,phases   ] GC(430)   Pre Evacuate Collection Set: 0.2ms
[2024-03-07T02:29:14.362+0000][7][gc,phases   ] GC(430)   Merge Heap Roots: 0.1ms
[2024-03-07T02:29:14.362+0000][7][gc,phases   ] GC(430)   Evacuate Collection Set: 1.7ms
[2024-03-07T02:29:14.362+0000][7][gc,phases   ] GC(430)   Post Evacuate Collection Set: 0.9ms
[2024-03-07T02:29:14.362+0000][7][gc,phases   ] GC(430)   Other: 0.1ms
[2024-03-07T02:29:14.362+0000][7][gc,age      ] GC(430) Age table with threshold 15 (max threshold 15)
[2024-03-07T02:29:14.362+0000][7][gc,age      ] GC(430) - age   1:    1124632 bytes,    1124632 total
[2024-03-07T02:29:14.362+0000][7][gc,age      ] GC(430) - age   2:       2944 bytes,    1127576 total
[2024-03-07T02:29:14.362+0000][7][gc,age      ] GC(430) - age   3:     140912 bytes,    1268488 total
[2024-03-07T02:29:14.362+0000][7][gc,age      ] GC(430) - age   4:      11360 bytes,    1279848 total
[2024-03-07T02:29:14.362+0000][7][gc,age      ] GC(430) - age   5:        296 bytes,    1280144 total
[2024-03-07T02:29:14.362+0000][7][gc,age      ] GC(430) - age   6:       6712 bytes,    1286856 total
[2024-03-07T02:29:14.362+0000][7][gc,age      ] GC(430) - age   7:         72 bytes,    1286928 total
[2024-03-07T02:29:14.362+0000][7][gc,age      ] GC(430) - age   8:      21312 bytes,    1308240 total
[2024-03-07T02:29:14.362+0000][7][gc,age      ] GC(430) - age   9:      38112 bytes,    1346352 total
[2024-03-07T02:29:14.362+0000][7][gc,age      ] GC(430) - age  10:      92016 bytes,    1438368 total
[2024-03-07T02:29:14.362+0000][7][gc,age      ] GC(430) - age  12:      96560 bytes,    1534928 total
[2024-03-07T02:29:14.362+0000][7][gc,age      ] GC(430) - age  14:         48 bytes,    1534976 total
[2024-03-07T02:29:14.362+0000][7][gc,heap     ] GC(430) Eden regions: 152->0(152)
[2024-03-07T02:29:14.362+0000][7][gc,heap     ] GC(430) Survivor regions: 1->1(20)
[2024-03-07T02:29:14.362+0000][7][gc,heap     ] GC(430) Old regions: 25->25
[2024-03-07T02:29:14.362+0000][7][gc,heap     ] GC(430) Archive regions: 2->2
[2024-03-07T02:29:14.362+0000][7][gc,heap     ] GC(430) Humongous regions: 0->0
[2024-03-07T02:29:14.362+0000][7][gc,metaspace] GC(430) Metaspace: 128941K(132416K)->128941K(132416K) NonClass: 112089K(113920K)->112089K(113920K) Class: 16851K(18496K)->16851K(18496K)
[2024-03-07T02:29:14.362+0000][7][gc          ] GC(430) Pause Young (Normal) (G1 Evacuation Pause) 712M->104M(1024M) 3.426ms
[2024-03-07T02:29:14.362+0000][7][gc,cpu      ] GC(430) User=0.01s Sys=0.00s Real=0.00s
[2024-03-07T02:29:14.362+0000][7][safepoint   ] Safepoint "G1CollectForAllocation", Time since last: 152809483645 ns, Reaching safepoint: 93874 ns, At safepoint: 3530749 ns, Total: 3624623 ns
[2024-03-07T02:31:45.113+0000][7][gc,start    ] GC(431) Pause Young (Normal) (G1 Evacuation Pause)
[2024-03-07T02:31:45.113+0000][7][gc,task     ] GC(431) Using 8 workers of 8 for evacuation
[2024-03-07T02:31:45.113+0000][7][gc,age      ] GC(431) Desired survivor size 41943040 bytes, new threshold 15 (max threshold 15)
[2024-03-07T02:31:45.116+0000][7][gc,phases   ] GC(431)   Pre Evacuate Collection Set: 0.1ms
[2024-03-07T02:31:45.116+0000][7][gc,phases   ] GC(431)   Merge Heap Roots: 0.1ms
[2024-03-07T02:31:45.116+0000][7][gc,phases   ] GC(431)   Evacuate Collection Set: 1.9ms
[2024-03-07T02:31:45.116+0000][7][gc,phases   ] GC(431)   Post Evacuate Collection Set: 0.8ms
[2024-03-07T02:31:45.116+0000][7][gc,phases   ] GC(431)   Other: 0.1ms
[2024-03-07T02:31:45.116+0000][7][gc,age      ] GC(431) Age table with threshold 15 (max threshold 15)
[2024-03-07T02:31:45.116+0000][7][gc,age      ] GC(431) - age   1:    1499344 bytes,    1499344 total
[2024-03-07T02:31:45.116+0000][7][gc,age      ] GC(431) - age   2:       2128 bytes,    1501472 total
[2024-03-07T02:31:45.116+0000][7][gc,age      ] GC(431) - age   3:        440 bytes,    1501912 total
[2024-03-07T02:31:45.116+0000][7][gc,age      ] GC(431) - age   4:     140344 bytes,    1642256 total
[2024-03-07T02:31:45.116+0000][7][gc,age      ] GC(431) - age   5:       6600 bytes,    1648856 total
[2024-03-07T02:31:45.116+0000][7][gc,age      ] GC(431) - age   7:       6320 bytes,    1655176 total
[2024-03-07T02:31:45.116+0000][7][gc,age      ] GC(431) - age   8:         40 bytes,    1655216 total
[2024-03-07T02:31:45.116+0000][7][gc,age      ] GC(431) - age   9:      21312 bytes,    1676528 total
[2024-03-07T02:31:45.116+0000][7][gc,age      ] GC(431) - age  10:      38112 bytes,    1714640 total
[2024-03-07T02:31:45.116+0000][7][gc,age      ] GC(431) - age  11:      92016 bytes,    1806656 total
[2024-03-07T02:31:45.116+0000][7][gc,age      ] GC(431) - age  13:      96560 bytes,    1903216 total
[2024-03-07T02:31:45.116+0000][7][gc,age      ] GC(431) - age  15:         48 bytes,    1903264 total
[2024-03-07T02:31:45.116+0000][7][gc,heap     ] GC(431) Eden regions: 152->0(152)
[2024-03-07T02:31:45.116+0000][7][gc,heap     ] GC(431) Survivor regions: 1->1(20)
[2024-03-07T02:31:45.116+0000][7][gc,heap     ] GC(431) Old regions: 25->25
[2024-03-07T02:31:45.116+0000][7][gc,heap     ] GC(431) Archive regions: 2->2
[2024-03-07T02:31:45.116+0000][7][gc,heap     ] GC(431) Humongous regions: 0->0
[2024-03-07T02:31:45.116+0000][7][gc,metaspace] GC(431) Metaspace: 128941K(132416K)->128941K(132416K) NonClass: 112089K(113920K)->112089K(113920K) Class: 16851K(18496K)->16851K(18496K)
[2024-03-07T02:31:45.117+0000][7][gc          ] GC(431) Pause Young (Normal) (G1 Evacuation Pause) 712M->104M(1024M) 3.282ms
[2024-03-07T02:31:45.117+0000][7][gc,cpu      ] GC(431) User=0.00s Sys=0.01s Real=0.01s
[2024-03-07T02:31:45.117+0000][7][safepoint   ] Safepoint "G1CollectForAllocation", Time since last: 150751036271 ns, Reaching safepoint: 106337 ns, At safepoint: 3378386 ns, Total: 3484723 ns
[2024-03-07T02:34:05.673+0000][7][gc,start    ] GC(432) Pause Young (Normal) (G1 Evacuation Pause)
[2024-03-07T02:34:05.673+0000][7][gc,task     ] GC(432) Using 8 workers of 8 for evacuation
[2024-03-07T02:34:05.673+0000][7][gc,age      ] GC(432) Desired survivor size 41943040 bytes, new threshold 15 (max threshold 15)
[2024-03-07T02:34:05.676+0000][7][gc,phases   ] GC(432)   Pre Evacuate Collection Set: 0.1ms
[2024-03-07T02:34:05.676+0000][7][gc,phases   ] GC(432)   Merge Heap Roots: 0.1ms
[2024-03-07T02:34:05.676+0000][7][gc,phases   ] GC(432)   Evacuate Collection Set: 1.1ms
[2024-03-07T02:34:05.676+0000][7][gc,phases   ] GC(432)   Post Evacuate Collection Set: 1.1ms
[2024-03-07T02:34:05.676+0000][7][gc,phases   ] GC(432)   Other: 0.1ms
[2024-03-07T02:34:05.676+0000][7][gc,age      ] GC(432) Age table with threshold 15 (max threshold 15)
[2024-03-07T02:34:05.676+0000][7][gc,age      ] GC(432) - age   1:     906848 bytes,     906848 total
[2024-03-07T02:34:05.676+0000][7][gc,age      ] GC(432) - age   2:       7856 bytes,     914704 total
[2024-03-07T02:34:05.676+0000][7][gc,age      ] GC(432) - age   3:        648 bytes,     915352 total
[2024-03-07T02:34:05.676+0000][7][gc,age      ] GC(432) - age   4:         64 bytes,     915416 total
[2024-03-07T02:34:05.676+0000][7][gc,age      ] GC(432) - age   5:     140192 bytes,    1055608 total
[2024-03-07T02:34:05.676+0000][7][gc,age      ] GC(432) - age   6:       6536 bytes,    1062144 total
[2024-03-07T02:34:05.676+0000][7][gc,age      ] GC(432) - age   8:       6320 bytes,    1068464 total
[2024-03-07T02:34:05.676+0000][7][gc,age      ] GC(432) - age   9:         40 bytes,    1068504 total
[2024-03-07T02:34:05.676+0000][7][gc,age      ] GC(432) - age  10:      21312 bytes,    1089816 total
[2024-03-07T02:34:05.676+0000][7][gc,age      ] GC(432) - age  11:      38112 bytes,    1127928 total
[2024-03-07T02:34:05.676+0000][7][gc,age      ] GC(432) - age  12:      92016 bytes,    1219944 total
[2024-03-07T02:34:05.676+0000][7][gc,age      ] GC(432) - age  14:      96560 bytes,    1316504 total
[2024-03-07T02:34:05.676+0000][7][gc,heap     ] GC(432) Eden regions: 152->0(152)
[2024-03-07T02:34:05.676+0000][7][gc,heap     ] GC(432) Survivor regions: 1->1(20)
[2024-03-07T02:34:05.676+0000][7][gc,heap     ] GC(432) Old regions: 25->25
[2024-03-07T02:34:05.676+0000][7][gc,heap     ] GC(432) Archive regions: 2->2
[2024-03-07T02:34:05.676+0000][7][gc,heap     ] GC(432) Humongous regions: 0->0
[2024-03-07T02:34:05.676+0000][7][gc,metaspace] GC(432) Metaspace: 128941K(132416K)->128941K(132416K) NonClass: 112089K(113920K)->112089K(113920K) Class: 16851K(18496K)->16851K(18496K)
[2024-03-07T02:34:05.676+0000][7][gc          ] GC(432) Pause Young (Normal) (G1 Evacuation Pause) 712M->103M(1024M) 2.790ms
[2024-03-07T02:34:05.676+0000][7][gc,cpu      ] GC(432) User=0.01s Sys=0.00s Real=0.01s
[2024-03-07T02:34:05.676+0000][7][safepoint   ] Safepoint "G1CollectForAllocation", Time since last: 140556376319 ns, Reaching safepoint: 59671 ns, At safepoint: 2895378 ns, Total: 2955049 ns
[2024-03-07T02:36:38.445+0000][7][gc,start    ] GC(433) Pause Young (Normal) (G1 Evacuation Pause)
[2024-03-07T02:36:38.445+0000][7][gc,task     ] GC(433) Using 8 workers of 8 for evacuation
[2024-03-07T02:36:38.446+0000][7][gc,age      ] GC(433) Desired survivor size 41943040 bytes, new threshold 15 (max threshold 15)
[2024-03-07T02:36:38.448+0000][7][gc,phases   ] GC(433)   Pre Evacuate Collection Set: 0.1ms
[2024-03-07T02:36:38.448+0000][7][gc,phases   ] GC(433)   Merge Heap Roots: 0.1ms
[2024-03-07T02:36:38.448+0000][7][gc,phases   ] GC(433)   Evacuate Collection Set: 1.7ms
[2024-03-07T02:36:38.448+0000][7][gc,phases   ] GC(433)   Post Evacuate Collection Set: 0.7ms
[2024-03-07T02:36:38.448+0000][7][gc,phases   ] GC(433)   Other: 0.1ms
[2024-03-07T02:36:38.448+0000][7][gc,age      ] GC(433) Age table with threshold 15 (max threshold 15)
[2024-03-07T02:36:38.448+0000][7][gc,age      ] GC(433) - age   1:    1421016 bytes,    1421016 total
[2024-03-07T02:36:38.448+0000][7][gc,age      ] GC(433) - age   2:       2008 bytes,    1423024 total
[2024-03-07T02:36:38.448+0000][7][gc,age      ] GC(433) - age   3:       5288 bytes,    1428312 total
[2024-03-07T02:36:38.448+0000][7][gc,age      ] GC(433) - age   4:        456 bytes,    1428768 total
[2024-03-07T02:36:38.448+0000][7][gc,age      ] GC(433) - age   6:     140192 bytes,    1568960 total
[2024-03-07T02:36:38.448+0000][7][gc,age      ] GC(433) - age   7:       6352 bytes,    1575312 total
[2024-03-07T02:36:38.448+0000][7][gc,age      ] GC(433) - age   9:       6320 bytes,    1581632 total
[2024-03-07T02:36:38.448+0000][7][gc,age      ] GC(433) - age  10:         40 bytes,    1581672 total
[2024-03-07T02:36:38.448+0000][7][gc,age      ] GC(433) - age  11:      21312 bytes,    1602984 total
[2024-03-07T02:36:38.448+0000][7][gc,age      ] GC(433) - age  12:      38112 bytes,    1641096 total
[2024-03-07T02:36:38.448+0000][7][gc,age      ] GC(433) - age  13:      92016 bytes,    1733112 total
[2024-03-07T02:36:38.448+0000][7][gc,age      ] GC(433) - age  15:      96560 bytes,    1829672 total
[2024-03-07T02:36:38.448+0000][7][gc,heap     ] GC(433) Eden regions: 152->0(152)
[2024-03-07T02:36:38.448+0000][7][gc,heap     ] GC(433) Survivor regions: 1->1(20)
[2024-03-07T02:36:38.448+0000][7][gc,heap     ] GC(433) Old regions: 25->25
[2024-03-07T02:36:38.448+0000][7][gc,heap     ] GC(433) Archive regions: 2->2
[2024-03-07T02:36:38.448+0000][7][gc,heap     ] GC(433) Humongous regions: 0->0
[2024-03-07T02:36:38.448+0000][7][gc,metaspace] GC(433) Metaspace: 128941K(132416K)->128941K(132416K) NonClass: 112089K(113920K)->112089K(113920K) Class: 16851K(18496K)->16851K(18496K)
[2024-03-07T02:36:38.448+0000][7][gc          ] GC(433) Pause Young (Normal) (G1 Evacuation Pause) 711M->104M(1024M) 2.960ms
[2024-03-07T02:36:38.448+0000][7][gc,cpu      ] GC(433) User=0.01s Sys=0.00s Real=0.01s
[2024-03-07T02:36:38.448+0000][7][safepoint   ] Safepoint "G1CollectForAllocation", Time since last: 152769405523 ns, Reaching safepoint: 60335 ns, At safepoint: 3049837 ns, Total: 3110172 ns
[2024-03-07T02:38:53.739+0000][7][gc,start    ] GC(434) Pause Young (Normal) (G1 Evacuation Pause)
[2024-03-07T02:38:53.739+0000][7][gc,task     ] GC(434) Using 8 workers of 8 for evacuation
[2024-03-07T02:38:53.739+0000][7][gc,age      ] GC(434) Desired survivor size 41943040 bytes, new threshold 15 (max threshold 15)
[2024-03-07T02:38:53.741+0000][7][gc,phases   ] GC(434)   Pre Evacuate Collection Set: 0.1ms
[2024-03-07T02:38:53.742+0000][7][gc,phases   ] GC(434)   Merge Heap Roots: 0.1ms
[2024-03-07T02:38:53.742+0000][7][gc,phases   ] GC(434)   Evacuate Collection Set: 1.4ms
[2024-03-07T02:38:53.742+0000][7][gc,phases   ] GC(434)   Post Evacuate Collection Set: 0.8ms
[2024-03-07T02:38:53.742+0000][7][gc,phases   ] GC(434)   Other: 0.1ms
[2024-03-07T02:38:53.742+0000][7][gc,age      ] GC(434) Age table with threshold 15 (max threshold 15)
[2024-03-07T02:38:53.742+0000][7][gc,age      ] GC(434) - age   1:     926616 bytes,     926616 total
[2024-03-07T02:38:53.742+0000][7][gc,age      ] GC(434) - age   2:       2752 bytes,     929368 total
[2024-03-07T02:38:53.742+0000][7][gc,age      ] GC(434) - age   3:        568 bytes,     929936 total
[2024-03-07T02:38:53.742+0000][7][gc,age      ] GC(434) - age   4:       4904 bytes,     934840 total
[2024-03-07T02:38:53.742+0000][7][gc,age      ] GC(434) - age   5:        272 bytes,     935112 total
[2024-03-07T02:38:53.742+0000][7][gc,age      ] GC(434) - age   7:     140192 bytes,    1075304 total
[2024-03-07T02:38:53.742+0000][7][gc,age      ] GC(434) - age   8:       6352 bytes,    1081656 total
[2024-03-07T02:38:53.742+0000][7][gc,age      ] GC(434) - age  10:       6320 bytes,    1087976 total
[2024-03-07T02:38:53.742+0000][7][gc,age      ] GC(434) - age  11:         40 bytes,    1088016 total
[2024-03-07T02:38:53.742+0000][7][gc,age      ] GC(434) - age  12:      21312 bytes,    1109328 total
[2024-03-07T02:38:53.742+0000][7][gc,age      ] GC(434) - age  13:      38112 bytes,    1147440 total
[2024-03-07T02:38:53.742+0000][7][gc,age      ] GC(434) - age  14:      92016 bytes,    1239456 total
[2024-03-07T02:38:53.742+0000][7][gc,heap     ] GC(434) Eden regions: 152->0(152)
[2024-03-07T02:38:53.742+0000][7][gc,heap     ] GC(434) Survivor regions: 1->1(20)
[2024-03-07T02:38:53.742+0000][7][gc,heap     ] GC(434) Old regions: 25->25
[2024-03-07T02:38:53.742+0000][7][gc,heap     ] GC(434) Archive regions: 2->2
[2024-03-07T02:38:53.742+0000][7][gc,heap     ] GC(434) Humongous regions: 0->0
[2024-03-07T02:38:53.742+0000][7][gc,metaspace] GC(434) Metaspace: 128941K(132416K)->128941K(132416K) NonClass: 112089K(113920K)->112089K(113920K) Class: 16851K(18496K)->16851K(18496K)
[2024-03-07T02:38:53.742+0000][7][gc          ] GC(434) Pause Young (Normal) (G1 Evacuation Pause) 712M->103M(1024M) 2.855ms
[2024-03-07T02:38:53.742+0000][7][gc,cpu      ] GC(434) User=0.01s Sys=0.00s Real=0.00s
[2024-03-07T02:38:53.742+0000][7][safepoint   ] Safepoint "G1CollectForAllocation", Time since last: 135290316532 ns, Reaching safepoint: 112050 ns, At safepoint: 2954280 ns, Total: 3066330 ns
[2024-03-07T02:41:23.433+0000][7][gc,start    ] GC(435) Pause Young (Normal) (G1 Evacuation Pause)
[2024-03-07T02:41:23.433+0000][7][gc,task     ] GC(435) Using 8 workers of 8 for evacuation
[2024-03-07T02:41:23.433+0000][7][gc,age      ] GC(435) Desired survivor size 41943040 bytes, new threshold 15 (max threshold 15)
[2024-03-07T02:41:23.436+0000][7][gc,phases   ] GC(435)   Pre Evacuate Collection Set: 0.1ms
[2024-03-07T02:41:23.436+0000][7][gc,phases   ] GC(435)   Merge Heap Roots: 0.1ms
[2024-03-07T02:41:23.436+0000][7][gc,phases   ] GC(435)   Evacuate Collection Set: 1.6ms
[2024-03-07T02:41:23.436+0000][7][gc,phases   ] GC(435)   Post Evacuate Collection Set: 0.8ms
[2024-03-07T02:41:23.436+0000][7][gc,phases   ] GC(435)   Other: 0.1ms
[2024-03-07T02:41:23.436+0000][7][gc,age      ] GC(435) Age table with threshold 15 (max threshold 15)
[2024-03-07T02:41:23.436+0000][7][gc,age      ] GC(435) - age   1:    1335720 bytes,    1335720 total
[2024-03-07T02:41:23.436+0000][7][gc,age      ] GC(435) - age   2:       2272 bytes,    1337992 total
[2024-03-07T02:41:23.436+0000][7][gc,age      ] GC(435) - age   3:        504 bytes,    1338496 total
[2024-03-07T02:41:23.436+0000][7][gc,age      ] GC(435) - age   4:        376 bytes,    1338872 total
[2024-03-07T02:41:23.436+0000][7][gc,age      ] GC(435) - age   5:       1320 bytes,    1340192 total
[2024-03-07T02:41:23.436+0000][7][gc,age      ] GC(435) - age   6:        272 bytes,    1340464 total
[2024-03-07T02:41:23.436+0000][7][gc,age      ] GC(435) - age   8:     140192 bytes,    1480656 total
[2024-03-07T02:41:23.436+0000][7][gc,age      ] GC(435) - age   9:       6352 bytes,    1487008 total
[2024-03-07T02:41:23.436+0000][7][gc,age      ] GC(435) - age  11:       6320 bytes,    1493328 total
[2024-03-07T02:41:23.436+0000][7][gc,age      ] GC(435) - age  12:         40 bytes,    1493368 total
[2024-03-07T02:41:23.436+0000][7][gc,age      ] GC(435) - age  13:      21128 bytes,    1514496 total
[2024-03-07T02:41:23.436+0000][7][gc,age      ] GC(435) - age  14:      38112 bytes,    1552608 total
[2024-03-07T02:41:23.436+0000][7][gc,age      ] GC(435) - age  15:      92016 bytes,    1644624 total
[2024-03-07T02:41:23.436+0000][7][gc,heap     ] GC(435) Eden regions: 152->0(152)
[2024-03-07T02:41:23.436+0000][7][gc,heap     ] GC(435) Survivor regions: 1->1(20)
[2024-03-07T02:41:23.436+0000][7][gc,heap     ] GC(435) Old regions: 25->25
[2024-03-07T02:41:23.436+0000][7][gc,heap     ] GC(435) Archive regions: 2->2
[2024-03-07T02:41:23.436+0000][7][gc,heap     ] GC(435) Humongous regions: 0->0
[2024-03-07T02:41:23.436+0000][7][gc,metaspace] GC(435) Metaspace: 128941K(132416K)->128941K(132416K) NonClass: 112089K(113920K)->112089K(113920K) Class: 16851K(18496K)->16851K(18496K)
[2024-03-07T02:41:23.436+0000][7][gc          ] GC(435) Pause Young (Normal) (G1 Evacuation Pause) 711M->104M(1024M) 3.063ms
[2024-03-07T02:41:23.436+0000][7][gc,cpu      ] GC(435) User=0.01s Sys=0.00s Real=0.01s
[2024-03-07T02:41:23.436+0000][7][safepoint   ] Safepoint "G1CollectForAllocation", Time since last: 149691007598 ns, Reaching safepoint: 49783 ns, At safepoint: 3161238 ns, Total: 3211021 ns
[2024-03-07T02:43:28.449+0000][7][safepoint   ] Safepoint "Cleanup", Time since last: 125012769587 ns, Reaching safepoint: 119040 ns, At safepoint: 12262 ns, Total: 131302 ns
[2024-03-07T02:44:08.501+0000][7][gc,start    ] GC(436) Pause Young (Normal) (G1 Evacuation Pause)
[2024-03-07T02:44:08.501+0000][7][gc,task     ] GC(436) Using 8 workers of 8 for evacuation
[2024-03-07T02:44:08.501+0000][7][gc,age      ] GC(436) Desired survivor size 41943040 bytes, new threshold 15 (max threshold 15)
[2024-03-07T02:44:08.503+0000][7][gc,phases   ] GC(436)   Pre Evacuate Collection Set: 0.1ms
[2024-03-07T02:44:08.503+0000][7][gc,phases   ] GC(436)   Merge Heap Roots: 0.1ms
[2024-03-07T02:44:08.503+0000][7][gc,phases   ] GC(436)   Evacuate Collection Set: 1.1ms
[2024-03-07T02:44:08.503+0000][7][gc,phases   ] GC(436)   Post Evacuate Collection Set: 0.6ms
[2024-03-07T02:44:08.503+0000][7][gc,phases   ] GC(436)   Other: 0.1ms
[2024-03-07T02:44:08.503+0000][7][gc,age      ] GC(436) Age table with threshold 15 (max threshold 15)
[2024-03-07T02:44:08.503+0000][7][gc,age      ] GC(436) - age   1:    1354952 bytes,    1354952 total
[2024-03-07T02:44:08.503+0000][7][gc,age      ] GC(436) - age   2:       6712 bytes,    1361664 total
[2024-03-07T02:44:08.503+0000][7][gc,age      ] GC(436) - age   3:        480 bytes,    1362144 total
[2024-03-07T02:44:08.503+0000][7][gc,age      ] GC(436) - age   4:        248 bytes,    1362392 total
[2024-03-07T02:44:08.503+0000][7][gc,age      ] GC(436) - age   5:        312 bytes,    1362704 total
[2024-03-07T02:44:08.503+0000][7][gc,age      ] GC(436) - age   6:        424 bytes,    1363128 total
[2024-03-07T02:44:08.503+0000][7][gc,age      ] GC(436) - age   7:        208 bytes,    1363336 total
[2024-03-07T02:44:08.503+0000][7][gc,age      ] GC(436) - age   9:     139712 bytes,    1503048 total
[2024-03-07T02:44:08.503+0000][7][gc,age      ] GC(436) - age  10:       6320 bytes,    1509368 total
[2024-03-07T02:44:08.503+0000][7][gc,age      ] GC(436) - age  12:       6320 bytes,    1515688 total
[2024-03-07T02:44:08.503+0000][7][gc,age      ] GC(436) - age  13:         40 bytes,    1515728 total
[2024-03-07T02:44:08.503+0000][7][gc,age      ] GC(436) - age  14:      21128 bytes,    1536856 total
[2024-03-07T02:44:08.503+0000][7][gc,age      ] GC(436) - age  15:      38112 bytes,    1574968 total
[2024-03-07T02:44:08.504+0000][7][gc,heap     ] GC(436) Eden regions: 152->0(152)
[2024-03-07T02:44:08.504+0000][7][gc,heap     ] GC(436) Survivor regions: 1->1(20)
[2024-03-07T02:44:08.504+0000][7][gc,heap     ] GC(436) Old regions: 25->25
[2024-03-07T02:44:08.504+0000][7][gc,heap     ] GC(436) Archive regions: 2->2
[2024-03-07T02:44:08.504+0000][7][gc,heap     ] GC(436) Humongous regions: 0->0
[2024-03-07T02:44:08.504+0000][7][gc,metaspace] GC(436) Metaspace: 128941K(132416K)->128941K(132416K) NonClass: 112089K(113920K)->112089K(113920K) Class: 16851K(18496K)->16851K(18496K)
[2024-03-07T02:44:08.504+0000][7][gc          ] GC(436) Pause Young (Normal) (G1 Evacuation Pause) 712M->104M(1024M) 2.243ms
[2024-03-07T02:44:08.504+0000][7][gc,cpu      ] GC(436) User=0.01s Sys=0.00s Real=0.00s
[2024-03-07T02:44:08.504+0000][7][safepoint   ] Safepoint "G1CollectForAllocation", Time since last: 40052304722 ns, Reaching safepoint: 66108 ns, At safepoint: 2319373 ns, Total: 2385481 ns
[2024-03-07T02:47:12.250+0000][7][gc,start    ] GC(437) Pause Young (Normal) (G1 Evacuation Pause)
[2024-03-07T02:47:12.250+0000][7][gc,task     ] GC(437) Using 8 workers of 8 for evacuation
[2024-03-07T02:47:12.250+0000][7][gc,age      ] GC(437) Desired survivor size 41943040 bytes, new threshold 15 (max threshold 15)
[2024-03-07T02:47:12.252+0000][7][gc,phases   ] GC(437)   Pre Evacuate Collection Set: 0.1ms
[2024-03-07T02:47:12.252+0000][7][gc,phases   ] GC(437)   Merge Heap Roots: 0.1ms
[2024-03-07T02:47:12.252+0000][7][gc,phases   ] GC(437)   Evacuate Collection Set: 1.1ms
[2024-03-07T02:47:12.252+0000][7][gc,phases   ] GC(437)   Post Evacuate Collection Set: 0.9ms
[2024-03-07T02:47:12.252+0000][7][gc,phases   ] GC(437)   Other: 0.1ms
[2024-03-07T02:47:12.252+0000][7][gc,age      ] GC(437) Age table with threshold 15 (max threshold 15)
[2024-03-07T02:47:12.252+0000][7][gc,age      ] GC(437) - age   1:     519752 bytes,     519752 total
[2024-03-07T02:47:12.252+0000][7][gc,age      ] GC(437) - age   2:      11360 bytes,     531112 total
[2024-03-07T02:47:12.252+0000][7][gc,age      ] GC(437) - age   3:       4208 bytes,     535320 total
[2024-03-07T02:47:12.252+0000][7][gc,age      ] GC(437) - age   4:         32 bytes,     535352 total
[2024-03-07T02:47:12.252+0000][7][gc,age      ] GC(437) - age   5:        184 bytes,     535536 total
[2024-03-07T02:47:12.252+0000][7][gc,age      ] GC(437) - age   6:        184 bytes,     535720 total
[2024-03-07T02:47:12.252+0000][7][gc,age      ] GC(437) - age   7:        216 bytes,     535936 total
[2024-03-07T02:47:12.252+0000][7][gc,age      ] GC(437) - age   8:         24 bytes,     535960 total
[2024-03-07T02:47:12.252+0000][7][gc,age      ] GC(437) - age  10:     139712 bytes,     675672 total
[2024-03-07T02:47:12.252+0000][7][gc,age      ] GC(437) - age  11:       6320 bytes,     681992 total
[2024-03-07T02:47:12.252+0000][7][gc,age      ] GC(437) - age  13:       6320 bytes,     688312 total
[2024-03-07T02:47:12.253+0000][7][gc,age      ] GC(437) - age  14:         40 bytes,     688352 total
[2024-03-07T02:47:12.253+0000][7][gc,age      ] GC(437) - age  15:      21128 bytes,     709480 total
[2024-03-07T02:47:12.253+0000][7][gc,heap     ] GC(437) Eden regions: 152->0(152)
[2024-03-07T02:47:12.253+0000][7][gc,heap     ] GC(437) Survivor regions: 1->1(20)
[2024-03-07T02:47:12.253+0000][7][gc,heap     ] GC(437) Old regions: 25->25
[2024-03-07T02:47:12.253+0000][7][gc,heap     ] GC(437) Archive regions: 2->2
[2024-03-07T02:47:12.253+0000][7][gc,heap     ] GC(437) Humongous regions: 0->0
[2024-03-07T02:47:12.253+0000][7][gc,metaspace] GC(437) Metaspace: 128941K(132416K)->128941K(132416K) NonClass: 112089K(113920K)->112089K(113920K) Class: 16851K(18496K)->16851K(18496K)
[2024-03-07T02:47:12.253+0000][7][gc          ] GC(437) Pause Young (Normal) (G1 Evacuation Pause) 712M->103M(1024M) 2.663ms
[2024-03-07T02:47:12.253+0000][7][gc,cpu      ] GC(437) User=0.01s Sys=0.00s Real=0.00s
[2024-03-07T02:47:12.253+0000][7][safepoint   ] Safepoint "G1CollectForAllocation", Time since last: 183746189099 ns, Reaching safepoint: 82074 ns, At safepoint: 2757883 ns, Total: 2839957 ns
[2024-03-07T02:49:38.501+0000][7][gc,start    ] GC(438) Pause Young (Normal) (G1 Evacuation Pause)
[2024-03-07T02:49:38.501+0000][7][gc,task     ] GC(438) Using 8 workers of 8 for evacuation
[2024-03-07T02:49:38.501+0000][7][gc,age      ] GC(438) Desired survivor size 41943040 bytes, new threshold 15 (max threshold 15)
[2024-03-07T02:49:38.504+0000][7][gc,phases   ] GC(438)   Pre Evacuate Collection Set: 0.1ms
[2024-03-07T02:49:38.504+0000][7][gc,phases   ] GC(438)   Merge Heap Roots: 0.1ms
[2024-03-07T02:49:38.504+0000][7][gc,phases   ] GC(438)   Evacuate Collection Set: 1.3ms
[2024-03-07T02:49:38.504+0000][7][gc,phases   ] GC(438)   Post Evacuate Collection Set: 0.7ms
[2024-03-07T02:49:38.504+0000][7][gc,phases   ] GC(438)   Other: 0.2ms
[2024-03-07T02:49:38.504+0000][7][gc,age      ] GC(438) Age table with threshold 15 (max threshold 15)
[2024-03-07T02:49:38.504+0000][7][gc,age      ] GC(438) - age   1:    1401672 bytes,    1401672 total
[2024-03-07T02:49:38.504+0000][7][gc,age      ] GC(438) - age   2:       3720 bytes,    1405392 total
[2024-03-07T02:49:38.504+0000][7][gc,age      ] GC(438) - age   3:       9760 bytes,    1415152 total
[2024-03-07T02:49:38.504+0000][7][gc,age      ] GC(438) - age   4:        248 bytes,    1415400 total
[2024-03-07T02:49:38.504+0000][7][gc,age      ] GC(438) - age   6:        184 bytes,    1415584 total
[2024-03-07T02:49:38.504+0000][7][gc,age      ] GC(438) - age   7:        184 bytes,    1415768 total
[2024-03-07T02:49:38.504+0000][7][gc,age      ] GC(438) - age   8:         32 bytes,    1415800 total
[2024-03-07T02:49:38.504+0000][7][gc,age      ] GC(438) - age   9:         24 bytes,    1415824 total
[2024-03-07T02:49:38.504+0000][7][gc,age      ] GC(438) - age  11:     131696 bytes,    1547520 total
[2024-03-07T02:49:38.504+0000][7][gc,age      ] GC(438) - age  12:       6320 bytes,    1553840 total
[2024-03-07T02:49:38.504+0000][7][gc,age      ] GC(438) - age  14:       6320 bytes,    1560160 total
[2024-03-07T02:49:38.504+0000][7][gc,age      ] GC(438) - age  15:         40 bytes,    1560200 total
[2024-03-07T02:49:38.504+0000][7][gc,heap     ] GC(438) Eden regions: 152->0(152)
[2024-03-07T02:49:38.504+0000][7][gc,heap     ] GC(438) Survivor regions: 1->1(20)
[2024-03-07T02:49:38.504+0000][7][gc,heap     ] GC(438) Old regions: 25->25
[2024-03-07T02:49:38.504+0000][7][gc,heap     ] GC(438) Archive regions: 2->2
[2024-03-07T02:49:38.504+0000][7][gc,heap     ] GC(438) Humongous regions: 0->0
[2024-03-07T02:49:38.504+0000][7][gc,metaspace] GC(438) Metaspace: 128941K(132416K)->128941K(132416K) NonClass: 112089K(113920K)->112089K(113920K) Class: 16851K(18496K)->16851K(18496K)
[2024-03-07T02:49:38.504+0000][7][gc          ] GC(438) Pause Young (Normal) (G1 Evacuation Pause) 711M->104M(1024M) 2.759ms
[2024-03-07T02:49:38.504+0000][7][gc,cpu      ] GC(438) User=0.01s Sys=0.01s Real=0.00s
[2024-03-07T02:49:38.504+0000][7][safepoint   ] Safepoint "G1CollectForAllocation", Time since last: 146248250685 ns, Reaching safepoint: 66460 ns, At safepoint: 2866765 ns, Total: 2933225 ns
[2024-03-07T02:51:56.623+0000][7][gc,start    ] GC(439) Pause Young (Normal) (G1 Evacuation Pause)
[2024-03-07T02:51:56.623+0000][7][gc,task     ] GC(439) Using 8 workers of 8 for evacuation
[2024-03-07T02:51:56.623+0000][7][gc,age      ] GC(439) Desired survivor size 41943040 bytes, new threshold 15 (max threshold 15)
[2024-03-07T02:51:56.624+0000][7][gc,phases   ] GC(439)   Pre Evacuate Collection Set: 0.1ms
[2024-03-07T02:51:56.624+0000][7][gc,phases   ] GC(439)   Merge Heap Roots: 0.0ms
[2024-03-07T02:51:56.624+0000][7][gc,phases   ] GC(439)   Evacuate Collection Set: 0.9ms
[2024-03-07T02:51:56.624+0000][7][gc,phases   ] GC(439)   Post Evacuate Collection Set: 0.5ms
[2024-03-07T02:51:56.624+0000][7][gc,phases   ] GC(439)   Other: 0.1ms
[2024-03-07T02:51:56.624+0000][7][gc,age      ] GC(439) Age table with threshold 15 (max threshold 15)
[2024-03-07T02:51:56.624+0000][7][gc,age      ] GC(439) - age   1:    1931936 bytes,    1931936 total
[2024-03-07T02:51:56.624+0000][7][gc,age      ] GC(439) - age   2:       7056 bytes,    1938992 total
[2024-03-07T02:51:56.624+0000][7][gc,age      ] GC(439) - age   3:       1536 bytes,    1940528 total
[2024-03-07T02:51:56.624+0000][7][gc,age      ] GC(439) - age   4:       8560 bytes,    1949088 total
[2024-03-07T02:51:56.624+0000][7][gc,age      ] GC(439) - age   5:        184 bytes,    1949272 total
[2024-03-07T02:51:56.624+0000][7][gc,age      ] GC(439) - age   7:        184 bytes,    1949456 total
[2024-03-07T02:51:56.624+0000][7][gc,age      ] GC(439) - age  10:         24 bytes,    1949480 total
[2024-03-07T02:51:56.624+0000][7][gc,age      ] GC(439) - age  12:     131696 bytes,    2081176 total
[2024-03-07T02:51:56.624+0000][7][gc,age      ] GC(439) - age  13:       6320 bytes,    2087496 total
[2024-03-07T02:51:56.624+0000][7][gc,age      ] GC(439) - age  15:       6320 bytes,    2093816 total
[2024-03-07T02:51:56.624+0000][7][gc,heap     ] GC(439) Eden regions: 152->0(152)
[2024-03-07T02:51:56.624+0000][7][gc,heap     ] GC(439) Survivor regions: 1->1(20)
[2024-03-07T02:51:56.624+0000][7][gc,heap     ] GC(439) Old regions: 25->25
[2024-03-07T02:51:56.624+0000][7][gc,heap     ] GC(439) Archive regions: 2->2
[2024-03-07T02:51:56.624+0000][7][gc,heap     ] GC(439) Humongous regions: 0->0
[2024-03-07T02:51:56.624+0000][7][gc,metaspace] GC(439) Metaspace: 128941K(132416K)->128941K(132416K) NonClass: 112089K(113920K)->112089K(113920K) Class: 16851K(18496K)->16851K(18496K)
[2024-03-07T02:51:56.624+0000][7][gc          ] GC(439) Pause Young (Normal) (G1 Evacuation Pause) 712M->104M(1024M) 1.762ms
[2024-03-07T02:51:56.625+0000][7][gc,cpu      ] GC(439) User=0.01s Sys=0.00s Real=0.00s
[2024-03-07T02:51:56.625+0000][7][safepoint   ] Safepoint "G1CollectForAllocation", Time since last: 138118825386 ns, Reaching safepoint: 48523 ns, At safepoint: 1823643 ns, Total: 1872166 ns
[2024-03-07T02:54:26.486+0000][7][gc,start    ] GC(440) Pause Young (Normal) (G1 Evacuation Pause)
[2024-03-07T02:54:26.486+0000][7][gc,task     ] GC(440) Using 8 workers of 8 for evacuation
[2024-03-07T02:54:26.486+0000][7][gc,age      ] GC(440) Desired survivor size 41943040 bytes, new threshold 15 (max threshold 15)
[2024-03-07T02:54:26.489+0000][7][gc,phases   ] GC(440)   Pre Evacuate Collection Set: 0.1ms
[2024-03-07T02:54:26.489+0000][7][gc,phases   ] GC(440)   Merge Heap Roots: 0.1ms
[2024-03-07T02:54:26.489+0000][7][gc,phases   ] GC(440)   Evacuate Collection Set: 1.1ms
[2024-03-07T02:54:26.489+0000][7][gc,phases   ] GC(440)   Post Evacuate Collection Set: 0.7ms
[2024-03-07T02:54:26.489+0000][7][gc,phases   ] GC(440)   Other: 0.1ms
[2024-03-07T02:54:26.489+0000][7][gc,age      ] GC(440) Age table with threshold 15 (max threshold 15)
[2024-03-07T02:54:26.489+0000][7][gc,age      ] GC(440) - age   1:    1041376 bytes,    1041376 total
[2024-03-07T02:54:26.489+0000][7][gc,age      ] GC(440) - age   2:       3472 bytes,    1044848 total
[2024-03-07T02:54:26.489+0000][7][gc,age      ] GC(440) - age   3:       4528 bytes,    1049376 total
[2024-03-07T02:54:26.489+0000][7][gc,age      ] GC(440) - age   4:        728 bytes,    1050104 total
[2024-03-07T02:54:26.489+0000][7][gc,age      ] GC(440) - age   5:       8432 bytes,    1058536 total
[2024-03-07T02:54:26.489+0000][7][gc,age      ] GC(440) - age   8:        184 bytes,    1058720 total
[2024-03-07T02:54:26.489+0000][7][gc,age      ] GC(440) - age  11:         24 bytes,    1058744 total
[2024-03-07T02:54:26.489+0000][7][gc,age      ] GC(440) - age  13:     131696 bytes,    1190440 total
[2024-03-07T02:54:26.489+0000][7][gc,age      ] GC(440) - age  14:       6320 bytes,    1196760 total
[2024-03-07T02:54:26.489+0000][7][gc,heap     ] GC(440) Eden regions: 152->0(152)
[2024-03-07T02:54:26.489+0000][7][gc,heap     ] GC(440) Survivor regions: 1->1(20)
[2024-03-07T02:54:26.489+0000][7][gc,heap     ] GC(440) Old regions: 25->25
[2024-03-07T02:54:26.489+0000][7][gc,heap     ] GC(440) Archive regions: 2->2
[2024-03-07T02:54:26.489+0000][7][gc,heap     ] GC(440) Humongous regions: 0->0
[2024-03-07T02:54:26.489+0000][7][gc,metaspace] GC(440) Metaspace: 128941K(132416K)->128941K(132416K) NonClass: 112089K(113920K)->112089K(113920K) Class: 16851K(18496K)->16851K(18496K)
[2024-03-07T02:54:26.489+0000][7][gc          ] GC(440) Pause Young (Normal) (G1 Evacuation Pause) 712M->103M(1024M) 2.377ms
[2024-03-07T02:54:26.489+0000][7][gc,cpu      ] GC(440) User=0.01s Sys=0.00s Real=0.00s
[2024-03-07T02:54:26.489+0000][7][safepoint   ] Safepoint "G1CollectForAllocation", Time since last: 149861741231 ns, Reaching safepoint: 49562 ns, At safepoint: 2469017 ns, Total: 2518579 ns
[2024-03-07T02:56:47.517+0000][7][gc,start    ] GC(441) Pause Young (Normal) (G1 Evacuation Pause)
[2024-03-07T02:56:47.517+0000][7][gc,task     ] GC(441) Using 8 workers of 8 for evacuation
[2024-03-07T02:56:47.518+0000][7][gc,age      ] GC(441) Desired survivor size 41943040 bytes, new threshold 15 (max threshold 15)
[2024-03-07T02:56:47.520+0000][7][gc,phases   ] GC(441)   Pre Evacuate Collection Set: 0.1ms
[2024-03-07T02:56:47.520+0000][7][gc,phases   ] GC(441)   Merge Heap Roots: 0.1ms
[2024-03-07T02:56:47.520+0000][7][gc,phases   ] GC(441)   Evacuate Collection Set: 1.4ms
[2024-03-07T02:56:47.520+0000][7][gc,phases   ] GC(441)   Post Evacuate Collection Set: 0.6ms
[2024-03-07T02:56:47.520+0000][7][gc,phases   ] GC(441)   Other: 0.1ms
[2024-03-07T02:56:47.520+0000][7][gc,age      ] GC(441) Age table with threshold 15 (max threshold 15)
[2024-03-07T02:56:47.520+0000][7][gc,age      ] GC(441) - age   1:    1686744 bytes,    1686744 total
[2024-03-07T02:56:47.520+0000][7][gc,age      ] GC(441) - age   2:       3824 bytes,    1690568 total
[2024-03-07T02:56:47.520+0000][7][gc,age      ] GC(441) - age   3:       1312 bytes,    1691880 total
[2024-03-07T02:56:47.520+0000][7][gc,age      ] GC(441) - age   4:       3888 bytes,    1695768 total
[2024-03-07T02:56:47.520+0000][7][gc,age      ] GC(441) - age   5:        392 bytes,    1696160 total
[2024-03-07T02:56:47.520+0000][7][gc,age      ] GC(441) - age   6:       8432 bytes,    1704592 total
[2024-03-07T02:56:47.520+0000][7][gc,age      ] GC(441) - age   9:        184 bytes,    1704776 total
[2024-03-07T02:56:47.520+0000][7][gc,age      ] GC(441) - age  12:         24 bytes,    1704800 total
[2024-03-07T02:56:47.520+0000][7][gc,age      ] GC(441) - age  14:     131696 bytes,    1836496 total
[2024-03-07T02:56:47.520+0000][7][gc,age      ] GC(441) - age  15:       6320 bytes,    1842816 total
[2024-03-07T02:56:47.520+0000][7][gc,heap     ] GC(441) Eden regions: 152->0(152)
[2024-03-07T02:56:47.520+0000][7][gc,heap     ] GC(441) Survivor regions: 1->1(20)
[2024-03-07T02:56:47.520+0000][7][gc,heap     ] GC(441) Old regions: 25->25
[2024-03-07T02:56:47.520+0000][7][gc,heap     ] GC(441) Archive regions: 2->2
[2024-03-07T02:56:47.520+0000][7][gc,heap     ] GC(441) Humongous regions: 0->0
[2024-03-07T02:56:47.520+0000][7][gc,metaspace] GC(441) Metaspace: 128941K(132416K)->128941K(132416K) NonClass: 112089K(113920K)->112089K(113920K) Class: 16851K(18496K)->16851K(18496K)
[2024-03-07T02:56:47.520+0000][7][gc          ] GC(441) Pause Young (Normal) (G1 Evacuation Pause) 711M->104M(1024M) 2.659ms
[2024-03-07T02:56:47.520+0000][7][gc,cpu      ] GC(441) User=0.01s Sys=0.00s Real=0.00s
[2024-03-07T02:56:47.520+0000][7][safepoint   ] Safepoint "G1CollectForAllocation", Time since last: 141028486355 ns, Reaching safepoint: 106949 ns, At safepoint: 2742183 ns, Total: 2849132 ns
[2024-03-07T02:59:17.502+0000][7][gc,start    ] GC(442) Pause Young (Normal) (G1 Evacuation Pause)
[2024-03-07T02:59:17.502+0000][7][gc,task     ] GC(442) Using 8 workers of 8 for evacuation
[2024-03-07T02:59:17.502+0000][7][gc,age      ] GC(442) Desired survivor size 41943040 bytes, new threshold 15 (max threshold 15)
[2024-03-07T02:59:17.504+0000][7][gc,phases   ] GC(442)   Pre Evacuate Collection Set: 0.1ms
[2024-03-07T02:59:17.504+0000][7][gc,phases   ] GC(442)   Merge Heap Roots: 0.1ms
[2024-03-07T02:59:17.504+0000][7][gc,phases   ] GC(442)   Evacuate Collection Set: 0.7ms
[2024-03-07T02:59:17.504+0000][7][gc,phases   ] GC(442)   Post Evacuate Collection Set: 0.7ms
[2024-03-07T02:59:17.504+0000][7][gc,phases   ] GC(442)   Other: 0.1ms
[2024-03-07T02:59:17.504+0000][7][gc,age      ] GC(442) Age table with threshold 15 (max threshold 15)
[2024-03-07T02:59:17.504+0000][7][gc,age      ] GC(442) - age   1:     250088 bytes,     250088 total
[2024-03-07T02:59:17.504+0000][7][gc,age      ] GC(442) - age   2:       2784 bytes,     252872 total
[2024-03-07T02:59:17.504+0000][7][gc,age      ] GC(442) - age   3:        840 bytes,     253712 total
[2024-03-07T02:59:17.504+0000][7][gc,age      ] GC(442) - age   4:       1056 bytes,     254768 total
[2024-03-07T02:59:17.504+0000][7][gc,age      ] GC(442) - age   5:        368 bytes,     255136 total
[2024-03-07T02:59:17.504+0000][7][gc,age      ] GC(442) - age   7:       8432 bytes,     263568 total
[2024-03-07T02:59:17.504+0000][7][gc,age      ] GC(442) - age  10:        184 bytes,     263752 total
[2024-03-07T02:59:17.504+0000][7][gc,age      ] GC(442) - age  13:         24 bytes,     263776 total
[2024-03-07T02:59:17.504+0000][7][gc,age      ] GC(442) - age  15:     131696 bytes,     395472 total
[2024-03-07T02:59:17.504+0000][7][gc,heap     ] GC(442) Eden regions: 152->0(152)
[2024-03-07T02:59:17.504+0000][7][gc,heap     ] GC(442) Survivor regions: 1->1(20)
[2024-03-07T02:59:17.504+0000][7][gc,heap     ] GC(442) Old regions: 25->25
[2024-03-07T02:59:17.504+0000][7][gc,heap     ] GC(442) Archive regions: 2->2
[2024-03-07T02:59:17.504+0000][7][gc,heap     ] GC(442) Humongous regions: 0->0
[2024-03-07T02:59:17.504+0000][7][gc,metaspace] GC(442) Metaspace: 128941K(132416K)->128941K(132416K) NonClass: 112089K(113920K)->112089K(113920K) Class: 16851K(18496K)->16851K(18496K)
[2024-03-07T02:59:17.504+0000][7][gc          ] GC(442) Pause Young (Normal) (G1 Evacuation Pause) 712M->103M(1024M) 1.992ms
[2024-03-07T02:59:17.504+0000][7][gc,cpu      ] GC(442) User=0.00s Sys=0.00s Real=0.00s
[2024-03-07T02:59:17.504+0000][7][safepoint   ] Safepoint "G1CollectForAllocation", Time since last: 149981945443 ns, Reaching safepoint: 39354 ns, At safepoint: 2079847 ns, Total: 2119201 ns
[2024-03-07T03:00:26.513+0000][7][safepoint   ] Safepoint "Cleanup", Time since last: 69008409370 ns, Reaching safepoint: 71587 ns, At safepoint: 31403 ns, Total: 102990 ns
[2024-03-07T03:01:43.359+0000][7][gc,start    ] GC(443) Pause Young (Normal) (G1 Evacuation Pause)
[2024-03-07T03:01:43.359+0000][7][gc,task     ] GC(443) Using 8 workers of 8 for evacuation
[2024-03-07T03:01:43.359+0000][7][gc,age      ] GC(443) Desired survivor size 41943040 bytes, new threshold 15 (max threshold 15)
[2024-03-07T03:01:43.362+0000][7][gc,phases   ] GC(443)   Pre Evacuate Collection Set: 0.1ms
[2024-03-07T03:01:43.362+0000][7][gc,phases   ] GC(443)   Merge Heap Roots: 0.1ms
[2024-03-07T03:01:43.362+0000][7][gc,phases   ] GC(443)   Evacuate Collection Set: 1.2ms
[2024-03-07T03:01:43.362+0000][7][gc,phases   ] GC(443)   Post Evacuate Collection Set: 0.9ms
[2024-03-07T03:01:43.362+0000][7][gc,phases   ] GC(443)   Other: 0.1ms
[2024-03-07T03:01:43.362+0000][7][gc,age      ] GC(443) Age table with threshold 15 (max threshold 15)
[2024-03-07T03:01:43.362+0000][7][gc,age      ] GC(443) - age   1:     673832 bytes,     673832 total
[2024-03-07T03:01:43.362+0000][7][gc,age      ] GC(443) - age   2:       5400 bytes,     679232 total
[2024-03-07T03:01:43.362+0000][7][gc,age      ] GC(443) - age   3:        664 bytes,     679896 total
[2024-03-07T03:01:43.362+0000][7][gc,age      ] GC(443) - age   4:        520 bytes,     680416 total
[2024-03-07T03:01:43.362+0000][7][gc,age      ] GC(443) - age   5:        280 bytes,     680696 total
[2024-03-07T03:01:43.362+0000][7][gc,age      ] GC(443) - age   6:        184 bytes,     680880 total
[2024-03-07T03:01:43.362+0000][7][gc,age      ] GC(443) - age   8:       8016 bytes,     688896 total
[2024-03-07T03:01:43.362+0000][7][gc,age      ] GC(443) - age  11:        184 bytes,     689080 total
[2024-03-07T03:01:43.362+0000][7][gc,age      ] GC(443) - age  14:         24 bytes,     689104 total
[2024-03-07T03:01:43.362+0000][7][gc,heap     ] GC(443) Eden regions: 152->0(152)
[2024-03-07T03:01:43.362+0000][7][gc,heap     ] GC(443) Survivor regions: 1->1(20)
[2024-03-07T03:01:43.362+0000][7][gc,heap     ] GC(443) Old regions: 25->25
[2024-03-07T03:01:43.362+0000][7][gc,heap     ] GC(443) Archive regions: 2->2
[2024-03-07T03:01:43.362+0000][7][gc,heap     ] GC(443) Humongous regions: 0->0
[2024-03-07T03:01:43.362+0000][7][gc,metaspace] GC(443) Metaspace: 128952K(132416K)->128952K(132416K) NonClass: 112101K(113920K)->112101K(113920K) Class: 16851K(18496K)->16851K(18496K)
[2024-03-07T03:01:43.362+0000][7][gc          ] GC(443) Pause Young (Normal) (G1 Evacuation Pause) 711M->103M(1024M) 2.745ms
[2024-03-07T03:01:43.362+0000][7][gc,cpu      ] GC(443) User=0.01s Sys=0.00s Real=0.00s
[2024-03-07T03:01:43.362+0000][7][safepoint   ] Safepoint "G1CollectForAllocation", Time since last: 76846584456 ns, Reaching safepoint: 45965 ns, At safepoint: 2848917 ns, Total: 2894882 ns
[2024-03-07T14:53:44.139+0000][7][safepoint   ] Safepoint "Cleanup", Time since last: 51045064215 ns, Reaching safepoint: 42128 ns, At safepoint: 4145 ns, Total: 46273 ns
[2024-03-07T14:55:07.198+0000][7][gc,start    ] GC(444) Pause Young (Normal) (G1 Evacuation Pause)
[2024-03-07T14:55:07.198+0000][7][gc,task     ] GC(444) Using 8 workers of 8 for evacuation
[2024-03-07T14:55:07.198+0000][7][gc,age      ] GC(444) Desired survivor size 41943040 bytes, new threshold 15 (max threshold 15)
[2024-03-07T14:55:07.201+0000][7][gc,phases   ] GC(444)   Pre Evacuate Collection Set: 0.1ms
[2024-03-07T14:55:07.201+0000][7][gc,phases   ] GC(444)   Merge Heap Roots: 0.1ms
[2024-03-07T14:55:07.201+0000][7][gc,phases   ] GC(444)   Evacuate Collection Set: 1.4ms
[2024-03-07T14:55:07.201+0000][7][gc,phases   ] GC(444)   Post Evacuate Collection Set: 0.7ms
[2024-03-07T14:55:07.201+0000][7][gc,phases   ] GC(444)   Other: 0.1ms
[2024-03-07T14:55:07.201+0000][7][gc,age      ] GC(444) Age table with threshold 15 (max threshold 15)
[2024-03-07T14:55:07.201+0000][7][gc,age      ] GC(444) - age   1:    1709080 bytes,    1709080 total
[2024-03-07T14:55:07.201+0000][7][gc,age      ] GC(444) - age   2:      95408 bytes,    1804488 total
[2024-03-07T14:55:07.201+0000][7][gc,age      ] GC(444) - age   3:       4248 bytes,    1808736 total
[2024-03-07T14:55:07.201+0000][7][gc,age      ] GC(444) - age   4:        256 bytes,    1808992 total
[2024-03-07T14:55:07.201+0000][7][gc,age      ] GC(444) - age   5:        360 bytes,    1809352 total
[2024-03-07T14:55:07.201+0000][7][gc,age      ] GC(444) - age   6:        216 bytes,    1809568 total
[2024-03-07T14:55:07.201+0000][7][gc,age      ] GC(444) - age   7:        184 bytes,    1809752 total
[2024-03-07T14:55:07.201+0000][7][gc,age      ] GC(444) - age   9:       8016 bytes,    1817768 total
[2024-03-07T14:55:07.201+0000][7][gc,age      ] GC(444) - age  12:        184 bytes,    1817952 total
[2024-03-07T14:55:07.201+0000][7][gc,age      ] GC(444) - age  15:         24 bytes,    1817976 total
[2024-03-07T14:55:07.201+0000][7][gc,heap     ] GC(444) Eden regions: 152->0(152)
[2024-03-07T14:55:07.201+0000][7][gc,heap     ] GC(444) Survivor regions: 1->1(20)
[2024-03-07T14:55:07.201+0000][7][gc,heap     ] GC(444) Old regions: 25->25
[2024-03-07T14:55:07.201+0000][7][gc,heap     ] GC(444) Archive regions: 2->2
[2024-03-07T14:55:07.201+0000][7][gc,heap     ] GC(444) Humongous regions: 0->0
[2024-03-07T14:55:07.201+0000][7][gc,metaspace] GC(444) Metaspace: 128977K(132480K)->128977K(132480K) NonClass: 112125K(113984K)->112125K(113984K) Class: 16851K(18496K)->16851K(18496K)
[2024-03-07T14:55:07.201+0000][7][gc          ] GC(444) Pause Young (Normal) (G1 Evacuation Pause) 711M->104M(1024M) 2.731ms
[2024-03-07T14:55:07.201+0000][7][gc,cpu      ] GC(444) User=0.02s Sys=0.00s Real=0.00s
[2024-03-07T14:55:07.201+0000][7][safepoint   ] Safepoint "G1CollectForAllocation", Time since last: 83059727966 ns, Reaching safepoint: 78242 ns, At safepoint: 2821473 ns, Total: 2899715 ns
[2024-03-07T14:57:28.269+0000][7][gc,start    ] GC(445) Pause Young (Normal) (G1 Evacuation Pause)
[2024-03-07T14:57:28.269+0000][7][gc,task     ] GC(445) Using 8 workers of 8 for evacuation
[2024-03-07T14:57:28.269+0000][7][gc,age      ] GC(445) Desired survivor size 41943040 bytes, new threshold 15 (max threshold 15)
[2024-03-07T14:57:28.271+0000][7][gc,phases   ] GC(445)   Pre Evacuate Collection Set: 0.1ms
[2024-03-07T14:57:28.271+0000][7][gc,phases   ] GC(445)   Merge Heap Roots: 0.1ms
[2024-03-07T14:57:28.271+0000][7][gc,phases   ] GC(445)   Evacuate Collection Set: 1.3ms
[2024-03-07T14:57:28.271+0000][7][gc,phases   ] GC(445)   Post Evacuate Collection Set: 0.6ms
[2024-03-07T14:57:28.271+0000][7][gc,phases   ] GC(445)   Other: 0.1ms
[2024-03-07T14:57:28.271+0000][7][gc,age      ] GC(445) Age table with threshold 15 (max threshold 15)
[2024-03-07T14:57:28.271+0000][7][gc,age      ] GC(445) - age   1:    1701568 bytes,    1701568 total
[2024-03-07T14:57:28.271+0000][7][gc,age      ] GC(445) - age   2:     381672 bytes,    2083240 total
[2024-03-07T14:57:28.271+0000][7][gc,age      ] GC(445) - age   3:      94192 bytes,    2177432 total
[2024-03-07T14:57:28.271+0000][7][gc,age      ] GC(445) - age   4:       4120 bytes,    2181552 total
[2024-03-07T14:57:28.271+0000][7][gc,age      ] GC(445) - age   6:        176 bytes,    2181728 total
[2024-03-07T14:57:28.271+0000][7][gc,age      ] GC(445) - age   7:        216 bytes,    2181944 total
[2024-03-07T14:57:28.271+0000][7][gc,age      ] GC(445) - age   8:        184 bytes,    2182128 total
[2024-03-07T14:57:28.271+0000][7][gc,age      ] GC(445) - age  10:       8016 bytes,    2190144 total
[2024-03-07T14:57:28.271+0000][7][gc,age      ] GC(445) - age  13:        184 bytes,    2190328 total
[2024-03-07T14:57:28.271+0000][7][gc,heap     ] GC(445) Eden regions: 152->0(152)
[2024-03-07T14:57:28.271+0000][7][gc,heap     ] GC(445) Survivor regions: 1->1(20)
[2024-03-07T14:57:28.271+0000][7][gc,heap     ] GC(445) Old regions: 25->25
[2024-03-07T14:57:28.271+0000][7][gc,heap     ] GC(445) Archive regions: 2->2
[2024-03-07T14:57:28.271+0000][7][gc,heap     ] GC(445) Humongous regions: 0->0
[2024-03-07T14:57:28.271+0000][7][gc,metaspace] GC(445) Metaspace: 128977K(132480K)->128977K(132480K) NonClass: 112125K(113984K)->112125K(113984K) Class: 16851K(18496K)->16851K(18496K)
[2024-03-07T14:57:28.271+0000][7][gc          ] GC(445) Pause Young (Normal) (G1 Evacuation Pause) 712M->104M(1024M) 2.362ms
[2024-03-07T14:57:28.271+0000][7][gc,cpu      ] GC(445) User=0.01s Sys=0.00s Real=0.00s
[2024-03-07T14:57:28.271+0000][7][safepoint   ] Safepoint "G1CollectForAllocation", Time since last: 141067702629 ns, Reaching safepoint: 32507 ns, At safepoint: 2439461 ns, Total: 2471968 ns
[2024-03-07T15:00:04.297+0000][7][gc,start    ] GC(446) Pause Young (Normal) (G1 Evacuation Pause)
[2024-03-07T15:00:04.297+0000][7][gc,task     ] GC(446) Using 8 workers of 8 for evacuation
[2024-03-07T15:00:04.297+0000][7][gc,age      ] GC(446) Desired survivor size 41943040 bytes, new threshold 15 (max threshold 15)
[2024-03-07T15:00:04.299+0000][7][gc,phases   ] GC(446)   Pre Evacuate Collection Set: 0.1ms
[2024-03-07T15:00:04.299+0000][7][gc,phases   ] GC(446)   Merge Heap Roots: 0.1ms
[2024-03-07T15:00:04.299+0000][7][gc,phases   ] GC(446)   Evacuate Collection Set: 1.2ms
[2024-03-07T15:00:04.299+0000][7][gc,phases   ] GC(446)   Post Evacuate Collection Set: 0.5ms
[2024-03-07T15:00:04.299+0000][7][gc,phases   ] GC(446)   Other: 0.1ms
[2024-03-07T15:00:04.299+0000][7][gc,age      ] GC(446) Age table with threshold 15 (max threshold 15)
[2024-03-07T15:00:04.299+0000][7][gc,age      ] GC(446) - age   1:    2203632 bytes,    2203632 total
[2024-03-07T15:00:04.299+0000][7][gc,age      ] GC(446) - age   2:       2360 bytes,    2205992 total
[2024-03-07T15:00:04.299+0000][7][gc,age      ] GC(446) - age   3:     266752 bytes,    2472744 total
[2024-03-07T15:00:04.299+0000][7][gc,age      ] GC(446) - age   4:      93752 bytes,    2566496 total
[2024-03-07T15:00:04.299+0000][7][gc,age      ] GC(446) - age   5:       4056 bytes,    2570552 total
[2024-03-07T15:00:04.299+0000][7][gc,age      ] GC(446) - age   7:        176 bytes,    2570728 total
[2024-03-07T15:00:04.299+0000][7][gc,age      ] GC(446) - age   8:         32 bytes,    2570760 total
[2024-03-07T15:00:04.299+0000][7][gc,age      ] GC(446) - age   9:        184 bytes,    2570944 total
[2024-03-07T15:00:04.300+0000][7][gc,age      ] GC(446) - age  11:       8016 bytes,    2578960 total
[2024-03-07T15:00:04.300+0000][7][gc,age      ] GC(446) - age  14:        184 bytes,    2579144 total
[2024-03-07T15:00:04.300+0000][7][gc,heap     ] GC(446) Eden regions: 152->0(152)
[2024-03-07T15:00:04.300+0000][7][gc,heap     ] GC(446) Survivor regions: 1->1(20)
[2024-03-07T15:00:04.300+0000][7][gc,heap     ] GC(446) Old regions: 25->25
[2024-03-07T15:00:04.300+0000][7][gc,heap     ] GC(446) Archive regions: 2->2
[2024-03-07T15:00:04.300+0000][7][gc,heap     ] GC(446) Humongous regions: 0->0
[2024-03-07T15:00:04.300+0000][7][gc,metaspace] GC(446) Metaspace: 128977K(132480K)->128977K(132480K) NonClass: 112125K(113984K)->112125K(113984K) Class: 16851K(18496K)->16851K(18496K)
[2024-03-07T15:00:04.300+0000][7][gc          ] GC(446) Pause Young (Normal) (G1 Evacuation Pause) 712M->105M(1024M) 2.131ms
[2024-03-07T15:00:04.300+0000][7][gc,cpu      ] GC(446) User=0.01s Sys=0.00s Real=0.00s
[2024-03-07T15:00:04.300+0000][7][safepoint   ] Safepoint "G1CollectForAllocation", Time since last: 156025999214 ns, Reaching safepoint: 32610 ns, At safepoint: 2198612 ns, Total: 2231222 ns
[2024-03-07T15:03:10.372+0000][7][gc,start    ] GC(447) Pause Young (Normal) (G1 Evacuation Pause)
[2024-03-07T15:03:10.372+0000][7][gc,task     ] GC(447) Using 8 workers of 8 for evacuation
[2024-03-07T15:03:10.372+0000][7][gc,age      ] GC(447) Desired survivor size 41943040 bytes, new threshold 15 (max threshold 15)
[2024-03-07T15:03:10.375+0000][7][gc,phases   ] GC(447)   Pre Evacuate Collection Set: 0.1ms
[2024-03-07T15:03:10.375+0000][7][gc,phases   ] GC(447)   Merge Heap Roots: 0.1ms
[2024-03-07T15:03:10.375+0000][7][gc,phases   ] GC(447)   Evacuate Collection Set: 1.6ms
[2024-03-07T15:03:10.375+0000][7][gc,phases   ] GC(447)   Post Evacuate Collection Set: 0.8ms
[2024-03-07T15:03:10.375+0000][7][gc,phases   ] GC(447)   Other: 0.2ms
[2024-03-07T15:03:10.375+0000][7][gc,age      ] GC(447) Age table with threshold 15 (max threshold 15)
[2024-03-07T15:03:10.375+0000][7][gc,age      ] GC(447) - age   1:    1244960 bytes,    1244960 total
[2024-03-07T15:03:10.375+0000][7][gc,age      ] GC(447) - age   2:     144008 bytes,    1388968 total
[2024-03-07T15:03:10.375+0000][7][gc,age      ] GC(447) - age   3:        440 bytes,    1389408 total
[2024-03-07T15:03:10.375+0000][7][gc,age      ] GC(447) - age   4:     265672 bytes,    1655080 total
[2024-03-07T15:03:10.375+0000][7][gc,age      ] GC(447) - age   5:      92744 bytes,    1747824 total
[2024-03-07T15:03:10.375+0000][7][gc,age      ] GC(447) - age   6:        600 bytes,    1748424 total
[2024-03-07T15:03:10.375+0000][7][gc,age      ] GC(447) - age   8:        176 bytes,    1748600 total
[2024-03-07T15:03:10.375+0000][7][gc,age      ] GC(447) - age  12:       8016 bytes,    1756616 total
[2024-03-07T15:03:10.375+0000][7][gc,age      ] GC(447) - age  15:        184 bytes,    1756800 total
[2024-03-07T15:03:10.375+0000][7][gc,heap     ] GC(447) Eden regions: 152->0(152)
[2024-03-07T15:03:10.375+0000][7][gc,heap     ] GC(447) Survivor regions: 1->1(20)
[2024-03-07T15:03:10.375+0000][7][gc,heap     ] GC(447) Old regions: 25->25
[2024-03-07T15:03:10.375+0000][7][gc,heap     ] GC(447) Archive regions: 2->2
[2024-03-07T15:03:10.375+0000][7][gc,heap     ] GC(447) Humongous regions: 0->0
[2024-03-07T15:03:10.375+0000][7][gc,metaspace] GC(447) Metaspace: 128984K(132480K)->128984K(132480K) NonClass: 112133K(113984K)->112133K(113984K) Class: 16851K(18496K)->16851K(18496K)
[2024-03-07T15:03:10.375+0000][7][gc          ] GC(447) Pause Young (Normal) (G1 Evacuation Pause) 713M->104M(1024M) 3.130ms
[2024-03-07T15:03:10.375+0000][7][gc,cpu      ] GC(447) User=0.01s Sys=0.00s Real=0.00s
[2024-03-07T15:03:10.375+0000][7][safepoint   ] Safepoint "G1CollectForAllocation", Time since last: 186072494327 ns, Reaching safepoint: 77457 ns, At safepoint: 3230884 ns, Total: 3308341 ns
[2024-03-07T15:06:07.195+0000][7][gc,start    ] GC(448) Pause Young (Normal) (G1 Evacuation Pause)
[2024-03-07T15:06:07.195+0000][7][gc,task     ] GC(448) Using 8 workers of 8 for evacuation
[2024-03-07T15:06:07.195+0000][7][gc,age      ] GC(448) Desired survivor size 41943040 bytes, new threshold 15 (max threshold 15)
[2024-03-07T15:06:07.197+0000][7][gc,phases   ] GC(448)   Pre Evacuate Collection Set: 0.1ms
[2024-03-07T15:06:07.197+0000][7][gc,phases   ] GC(448)   Merge Heap Roots: 0.1ms
[2024-03-07T15:06:07.197+0000][7][gc,phases   ] GC(448)   Evacuate Collection Set: 1.2ms
[2024-03-07T15:06:07.197+0000][7][gc,phases   ] GC(448)   Post Evacuate Collection Set: 0.7ms
[2024-03-07T15:06:07.197+0000][7][gc,phases   ] GC(448)   Other: 0.1ms
[2024-03-07T15:06:07.197+0000][7][gc,age      ] GC(448) Age table with threshold 15 (max threshold 15)
[2024-03-07T15:06:07.197+0000][7][gc,age      ] GC(448) - age   1:     420280 bytes,     420280 total
[2024-03-07T15:06:07.197+0000][7][gc,age      ] GC(448) - age   2:      34704 bytes,     454984 total
[2024-03-07T15:06:07.197+0000][7][gc,age      ] GC(448) - age   3:     141352 bytes,     596336 total
[2024-03-07T15:06:07.197+0000][7][gc,age      ] GC(448) - age   4:        184 bytes,     596520 total
[2024-03-07T15:06:07.197+0000][7][gc,age      ] GC(448) - age   5:     265320 bytes,     861840 total
[2024-03-07T15:06:07.197+0000][7][gc,age      ] GC(448) - age   6:      92560 bytes,     954400 total
[2024-03-07T15:06:07.197+0000][7][gc,age      ] GC(448) - age   7:        208 bytes,     954608 total
[2024-03-07T15:06:07.197+0000][7][gc,age      ] GC(448) - age   9:        176 bytes,     954784 total
[2024-03-07T15:06:07.197+0000][7][gc,age      ] GC(448) - age  13:       8016 bytes,     962800 total
[2024-03-07T15:06:07.197+0000][7][gc,heap     ] GC(448) Eden regions: 152->0(152)
[2024-03-07T15:06:07.197+0000][7][gc,heap     ] GC(448) Survivor regions: 1->1(20)
[2024-03-07T15:06:07.197+0000][7][gc,heap     ] GC(448) Old regions: 25->25
[2024-03-07T15:06:07.197+0000][7][gc,heap     ] GC(448) Archive regions: 2->2
[2024-03-07T15:06:07.197+0000][7][gc,heap     ] GC(448) Humongous regions: 0->0
[2024-03-07T15:06:07.197+0000][7][gc,metaspace] GC(448) Metaspace: 128984K(132480K)->128984K(132480K) NonClass: 112133K(113984K)->112133K(113984K) Class: 16851K(18496K)->16851K(18496K)
[2024-03-07T15:06:07.197+0000][7][gc          ] GC(448) Pause Young (Normal) (G1 Evacuation Pause) 712M->103M(1024M) 2.497ms
[2024-03-07T15:06:07.197+0000][7][gc,cpu      ] GC(448) User=0.01s Sys=0.00s Real=0.01s
[2024-03-07T15:06:07.197+0000][7][safepoint   ] Safepoint "G1CollectForAllocation", Time since last: 176819352787 ns, Reaching safepoint: 54817 ns, At safepoint: 2597632 ns, Total: 2652449 ns
[2024-03-07T15:08:02.209+0000][7][safepoint   ] Safepoint "Cleanup", Time since last: 115011659970 ns, Reaching safepoint: 93774 ns, At safepoint: 36363 ns, Total: 130137 ns
[2024-03-07T15:09:16.200+0000][7][gc,start    ] GC(449) Pause Young (Normal) (G1 Evacuation Pause)
[2024-03-07T15:09:16.200+0000][7][gc,task     ] GC(449) Using 8 workers of 8 for evacuation
[2024-03-07T15:09:16.200+0000][7][gc,age      ] GC(449) Desired survivor size 41943040 bytes, new threshold 15 (max threshold 15)
[2024-03-07T15:09:16.203+0000][7][gc,phases   ] GC(449)   Pre Evacuate Collection Set: 0.1ms
[2024-03-07T15:09:16.203+0000][7][gc,phases   ] GC(449)   Merge Heap Roots: 0.2ms
[2024-03-07T15:09:16.203+0000][7][gc,phases   ] GC(449)   Evacuate Collection Set: 1.5ms
[2024-03-07T15:09:16.203+0000][7][gc,phases   ] GC(449)   Post Evacuate Collection Set: 0.8ms
[2024-03-07T15:09:16.203+0000][7][gc,phases   ] GC(449)   Other: 0.1ms
[2024-03-07T15:09:16.203+0000][7][gc,age      ] GC(449) Age table with threshold 15 (max threshold 15)
[2024-03-07T15:09:16.203+0000][7][gc,age      ] GC(449) - age   1:    1082536 bytes,    1082536 total
[2024-03-07T15:09:16.203+0000][7][gc,age      ] GC(449) - age   2:       2888 bytes,    1085424 total
[2024-03-07T15:09:16.203+0000][7][gc,age      ] GC(449) - age   3:      30488 bytes,    1115912 total
[2024-03-07T15:09:16.203+0000][7][gc,age      ] GC(449) - age   4:     140720 bytes,    1256632 total
[2024-03-07T15:09:16.203+0000][7][gc,age      ] GC(449) - age   5:        184 bytes,    1256816 total
[2024-03-07T15:09:16.203+0000][7][gc,age      ] GC(449) - age   6:     265256 bytes,    1522072 total
[2024-03-07T15:09:16.203+0000][7][gc,age      ] GC(449) - age   7:      92560 bytes,    1614632 total
[2024-03-07T15:09:16.203+0000][7][gc,age      ] GC(449) - age   8:        208 bytes,    1614840 total
[2024-03-07T15:09:16.203+0000][7][gc,age      ] GC(449) - age  10:        176 bytes,    1615016 total
[2024-03-07T15:09:16.203+0000][7][gc,age      ] GC(449) - age  14:       8016 bytes,    1623032 total
[2024-03-07T15:09:16.203+0000][7][gc,heap     ] GC(449) Eden regions: 152->0(152)
[2024-03-07T15:09:16.203+0000][7][gc,heap     ] GC(449) Survivor regions: 1->1(20)
[2024-03-07T15:09:16.203+0000][7][gc,heap     ] GC(449) Old regions: 25->25
[2024-03-07T15:09:16.203+0000][7][gc,heap     ] GC(449) Archive regions: 2->2
[2024-03-07T15:09:16.203+0000][7][gc,heap     ] GC(449) Humongous regions: 0->0
[2024-03-07T15:09:16.203+0000][7][gc,metaspace] GC(449) Metaspace: 128984K(132480K)->128984K(132480K) NonClass: 112133K(113984K)->112133K(113984K) Class: 16851K(18496K)->16851K(18496K)
[2024-03-07T15:09:16.203+0000][7][gc          ] GC(449) Pause Young (Normal) (G1 Evacuation Pause) 711M->104M(1024M) 2.891ms
[2024-03-07T15:09:16.203+0000][7][gc,cpu      ] GC(449) User=0.02s Sys=0.00s Real=0.00s
[2024-03-07T15:09:16.203+0000][7][safepoint   ] Safepoint "G1CollectForAllocation", Time since last: 73990912232 ns, Reaching safepoint: 69981 ns, At safepoint: 2980964 ns, Total: 3050945 ns
[2024-03-07T15:11:42.218+0000][7][safepoint   ] Safepoint "Cleanup", Time since last: 146014768377 ns, Reaching safepoint: 103278 ns, At safepoint: 8493 ns, Total: 111771 ns
[2024-03-07T15:12:10.288+0000][7][gc,start    ] GC(450) Pause Young (Normal) (G1 Evacuation Pause)
[2024-03-07T15:12:10.288+0000][7][gc,task     ] GC(450) Using 8 workers of 8 for evacuation
[2024-03-07T15:12:10.288+0000][7][gc,age      ] GC(450) Desired survivor size 41943040 bytes, new threshold 15 (max threshold 15)
[2024-03-07T15:12:10.291+0000][7][gc,phases   ] GC(450)   Pre Evacuate Collection Set: 0.1ms
[2024-03-07T15:12:10.291+0000][7][gc,phases   ] GC(450)   Merge Heap Roots: 0.1ms
[2024-03-07T15:12:10.291+0000][7][gc,phases   ] GC(450)   Evacuate Collection Set: 1.9ms
[2024-03-07T15:12:10.291+0000][7][gc,phases   ] GC(450)   Post Evacuate Collection Set: 0.8ms
[2024-03-07T15:12:10.291+0000][7][gc,phases   ] GC(450)   Other: 0.1ms
[2024-03-07T15:12:10.291+0000][7][gc,age      ] GC(450) Age table with threshold 15 (max threshold 15)
[2024-03-07T15:12:10.291+0000][7][gc,age      ] GC(450) - age   1:     537584 bytes,     537584 total
[2024-03-07T15:12:10.291+0000][7][gc,age      ] GC(450) - age   2:       6112 bytes,     543696 total
[2024-03-07T15:12:10.291+0000][7][gc,age      ] GC(450) - age   3:        912 bytes,     544608 total
[2024-03-07T15:12:10.291+0000][7][gc,age      ] GC(450) - age   4:      26064 bytes,     570672 total
[2024-03-07T15:12:10.291+0000][7][gc,age      ] GC(450) - age   5:     140656 bytes,     711328 total
[2024-03-07T15:12:10.291+0000][7][gc,age      ] GC(450) - age   6:        184 bytes,     711512 total
[2024-03-07T15:12:10.291+0000][7][gc,age      ] GC(450) - age   7:     232952 bytes,     944464 total
[2024-03-07T15:12:10.291+0000][7][gc,age      ] GC(450) - age   8:      92144 bytes,    1036608 total
[2024-03-07T15:12:10.291+0000][7][gc,age      ] GC(450) - age   9:        208 bytes,    1036816 total
[2024-03-07T15:12:10.291+0000][7][gc,age      ] GC(450) - age  11:        176 bytes,    1036992 total
[2024-03-07T15:12:10.291+0000][7][gc,age      ] GC(450) - age  15:       8016 bytes,    1045008 total
[2024-03-07T15:12:10.291+0000][7][gc,heap     ] GC(450) Eden regions: 152->0(152)
[2024-03-07T15:12:10.291+0000][7][gc,heap     ] GC(450) Survivor regions: 1->1(20)
[2024-03-07T15:12:10.291+0000][7][gc,heap     ] GC(450) Old regions: 25->25
[2024-03-07T15:12:10.291+0000][7][gc,heap     ] GC(450) Archive regions: 2->2
[2024-03-07T15:12:10.291+0000][7][gc,heap     ] GC(450) Humongous regions: 0->0
[2024-03-07T15:12:10.291+0000][7][gc,metaspace] GC(450) Metaspace: 128987K(132480K)->128987K(132480K) NonClass: 112135K(113984K)->112135K(113984K) Class: 16851K(18496K)->16851K(18496K)
[2024-03-07T15:12:10.291+0000][7][gc          ] GC(450) Pause Young (Normal) (G1 Evacuation Pause) 712M->103M(1024M) 3.359ms
[2024-03-07T15:12:10.291+0000][7][gc,cpu      ] GC(450) User=0.01s Sys=0.00s Real=0.00s
[2024-03-07T15:12:10.291+0000][7][safepoint   ] Safepoint "G1CollectForAllocation", Time since last: 28069709538 ns, Reaching safepoint: 60114 ns, At safepoint: 3465350 ns, Total: 3525464 ns
[2024-03-07T15:14:52.357+0000][7][gc,start    ] GC(451) Pause Young (Normal) (G1 Evacuation Pause)
[2024-03-07T15:14:52.357+0000][7][gc,task     ] GC(451) Using 8 workers of 8 for evacuation
[2024-03-07T15:14:52.357+0000][7][gc,age      ] GC(451) Desired survivor size 41943040 bytes, new threshold 15 (max threshold 15)
[2024-03-07T15:14:52.359+0000][7][gc,phases   ] GC(451)   Pre Evacuate Collection Set: 0.1ms
[2024-03-07T15:14:52.359+0000][7][gc,phases   ] GC(451)   Merge Heap Roots: 0.1ms
[2024-03-07T15:14:52.359+0000][7][gc,phases   ] GC(451)   Evacuate Collection Set: 1.1ms
[2024-03-07T15:14:52.359+0000][7][gc,phases   ] GC(451)   Post Evacuate Collection Set: 0.6ms
[2024-03-07T15:14:52.359+0000][7][gc,phases   ] GC(451)   Other: 0.1ms
[2024-03-07T15:14:52.359+0000][7][gc,age      ] GC(451) Age table with threshold 15 (max threshold 15)
[2024-03-07T15:14:52.359+0000][7][gc,age      ] GC(451) - age   1:    2055360 bytes,    2055360 total
[2024-03-07T15:14:52.359+0000][7][gc,age      ] GC(451) - age   2:       7840 bytes,    2063200 total
[2024-03-07T15:14:52.359+0000][7][gc,age      ] GC(451) - age   3:       3168 bytes,    2066368 total
[2024-03-07T15:14:52.359+0000][7][gc,age      ] GC(451) - age   4:        784 bytes,    2067152 total
[2024-03-07T15:14:52.359+0000][7][gc,age      ] GC(451) - age   5:      26064 bytes,    2093216 total
[2024-03-07T15:14:52.359+0000][7][gc,age      ] GC(451) - age   6:     140656 bytes,    2233872 total
[2024-03-07T15:14:52.359+0000][7][gc,age      ] GC(451) - age   7:        184 bytes,    2234056 total
[2024-03-07T15:14:52.359+0000][7][gc,age      ] GC(451) - age   8:     232952 bytes,    2467008 total
[2024-03-07T15:14:52.359+0000][7][gc,age      ] GC(451) - age   9:      92144 bytes,    2559152 total
[2024-03-07T15:14:52.359+0000][7][gc,age      ] GC(451) - age  10:        208 bytes,    2559360 total
[2024-03-07T15:14:52.359+0000][7][gc,age      ] GC(451) - age  12:        176 bytes,    2559536 total
[2024-03-07T15:14:52.359+0000][7][gc,heap     ] GC(451) Eden regions: 152->0(152)
[2024-03-07T15:14:52.359+0000][7][gc,heap     ] GC(451) Survivor regions: 1->1(20)
[2024-03-07T15:14:52.359+0000][7][gc,heap     ] GC(451) Old regions: 25->25
[2024-03-07T15:14:52.359+0000][7][gc,heap     ] GC(451) Archive regions: 2->2
[2024-03-07T15:14:52.359+0000][7][gc,heap     ] GC(451) Humongous regions: 0->0
[2024-03-07T15:14:52.359+0000][7][gc,metaspace] GC(451) Metaspace: 128987K(132480K)->128987K(132480K) NonClass: 112135K(113984K)->112135K(113984K) Class: 16851K(18496K)->16851K(18496K)
[2024-03-07T15:14:52.359+0000][7][gc          ] GC(451) Pause Young (Normal) (G1 Evacuation Pause) 711M->105M(1024M) 2.063ms
[2024-03-07T15:14:52.359+0000][7][gc,cpu      ] GC(451) User=0.01s Sys=0.00s Real=0.00s
[2024-03-07T15:14:52.359+0000][7][safepoint   ] Safepoint "G1CollectForAllocation", Time since last: 162065847876 ns, Reaching safepoint: 58626 ns, At safepoint: 2129855 ns, Total: 2188481 ns
[2024-03-07T15:17:34.606+0000][7][gc,start    ] GC(452) Pause Young (Normal) (G1 Evacuation Pause)
[2024-03-07T15:17:34.606+0000][7][gc,task     ] GC(452) Using 8 workers of 8 for evacuation
[2024-03-07T15:17:34.606+0000][7][gc,age      ] GC(452) Desired survivor size 41943040 bytes, new threshold 15 (max threshold 15)
[2024-03-07T15:17:34.608+0000][7][gc,phases   ] GC(452)   Pre Evacuate Collection Set: 0.1ms
[2024-03-07T15:17:34.608+0000][7][gc,phases   ] GC(452)   Merge Heap Roots: 0.0ms
[2024-03-07T15:17:34.608+0000][7][gc,phases   ] GC(452)   Evacuate Collection Set: 1.0ms
[2024-03-07T15:17:34.608+0000][7][gc,phases   ] GC(452)   Post Evacuate Collection Set: 0.5ms
[2024-03-07T15:17:34.608+0000][7][gc,phases   ] GC(452)   Other: 0.1ms
[2024-03-07T15:17:34.608+0000][7][gc,age      ] GC(452) Age table with threshold 15 (max threshold 15)
[2024-03-07T15:17:34.608+0000][7][gc,age      ] GC(452) - age   1:    1585384 bytes,    1585384 total
[2024-03-07T15:17:34.608+0000][7][gc,age      ] GC(452) - age   2:       2888 bytes,    1588272 total
[2024-03-07T15:17:34.608+0000][7][gc,age      ] GC(452) - age   3:       5496 bytes,    1593768 total
[2024-03-07T15:17:34.608+0000][7][gc,age      ] GC(452) - age   4:       3040 bytes,    1596808 total
[2024-03-07T15:17:34.608+0000][7][gc,age      ] GC(452) - age   5:        432 bytes,    1597240 total
[2024-03-07T15:17:34.608+0000][7][gc,age      ] GC(452) - age   6:      26064 bytes,    1623304 total
[2024-03-07T15:17:34.608+0000][7][gc,age      ] GC(452) - age   7:     140656 bytes,    1763960 total
[2024-03-07T15:17:34.608+0000][7][gc,age      ] GC(452) - age   8:        184 bytes,    1764144 total
[2024-03-07T15:17:34.608+0000][7][gc,age      ] GC(452) - age   9:     232952 bytes,    1997096 total
[2024-03-07T15:17:34.608+0000][7][gc,age      ] GC(452) - age  10:      92144 bytes,    2089240 total
[2024-03-07T15:17:34.608+0000][7][gc,age      ] GC(452) - age  11:        208 bytes,    2089448 total
[2024-03-07T15:17:34.608+0000][7][gc,age      ] GC(452) - age  13:        176 bytes,    2089624 total
[2024-03-07T15:17:34.608+0000][7][gc,heap     ] GC(452) Eden regions: 152->0(152)
[2024-03-07T15:17:34.608+0000][7][gc,heap     ] GC(452) Survivor regions: 1->1(20)
[2024-03-07T15:17:34.608+0000][7][gc,heap     ] GC(452) Old regions: 25->25
[2024-03-07T15:17:34.608+0000][7][gc,heap     ] GC(452) Archive regions: 2->2
[2024-03-07T15:17:34.608+0000][7][gc,heap     ] GC(452) Humongous regions: 0->0
[2024-03-07T15:17:34.608+0000][7][gc,metaspace] GC(452) Metaspace: 128987K(132480K)->128987K(132480K) NonClass: 112135K(113984K)->112135K(113984K) Class: 16851K(18496K)->16851K(18496K)
[2024-03-07T15:17:34.608+0000][7][gc          ] GC(452) Pause Young (Normal) (G1 Evacuation Pause) 713M->104M(1024M) 1.848ms
[2024-03-07T15:17:34.608+0000][7][gc,cpu      ] GC(452) User=0.01s Sys=0.00s Real=0.00s
[2024-03-07T15:17:34.608+0000][7][safepoint   ] Safepoint "G1CollectForAllocation", Time since last: 162246475030 ns, Reaching safepoint: 31010 ns, At safepoint: 1914831 ns, Total: 1945841 ns
[2024-03-07T15:20:37.261+0000][7][gc,start    ] GC(453) Pause Young (Normal) (G1 Evacuation Pause)
[2024-03-07T15:20:37.261+0000][7][gc,task     ] GC(453) Using 8 workers of 8 for evacuation
[2024-03-07T15:20:37.261+0000][7][gc,age      ] GC(453) Desired survivor size 41943040 bytes, new threshold 15 (max threshold 15)
[2024-03-07T15:20:37.264+0000][7][gc,phases   ] GC(453)   Pre Evacuate Collection Set: 0.1ms
[2024-03-07T15:20:37.264+0000][7][gc,phases   ] GC(453)   Merge Heap Roots: 0.1ms
[2024-03-07T15:20:37.264+0000][7][gc,phases   ] GC(453)   Evacuate Collection Set: 1.4ms
[2024-03-07T15:20:37.264+0000][7][gc,phases   ] GC(453)   Post Evacuate Collection Set: 0.7ms
[2024-03-07T15:20:37.264+0000][7][gc,phases   ] GC(453)   Other: 0.1ms
[2024-03-07T15:20:37.264+0000][7][gc,age      ] GC(453) Age table with threshold 15 (max threshold 15)
[2024-03-07T15:20:37.264+0000][7][gc,age      ] GC(453) - age   1:     900064 bytes,     900064 total
[2024-03-07T15:20:37.264+0000][7][gc,age      ] GC(453) - age   2:       3744 bytes,     903808 total
[2024-03-07T15:20:37.264+0000][7][gc,age      ] GC(453) - age   3:        704 bytes,     904512 total
[2024-03-07T15:20:37.264+0000][7][gc,age      ] GC(453) - age   4:       1448 bytes,     905960 total
[2024-03-07T15:20:37.264+0000][7][gc,age      ] GC(453) - age   5:       2976 bytes,     908936 total
[2024-03-07T15:20:37.264+0000][7][gc,age      ] GC(453) - age   6:         40 bytes,     908976 total
[2024-03-07T15:20:37.264+0000][7][gc,age      ] GC(453) - age   7:      26064 bytes,     935040 total
[2024-03-07T15:20:37.264+0000][7][gc,age      ] GC(453) - age   8:     140656 bytes,    1075696 total
[2024-03-07T15:20:37.264+0000][7][gc,age      ] GC(453) - age   9:        184 bytes,    1075880 total
[2024-03-07T15:20:37.264+0000][7][gc,age      ] GC(453) - age  10:     232856 bytes,    1308736 total
[2024-03-07T15:20:37.264+0000][7][gc,age      ] GC(453) - age  11:      92144 bytes,    1400880 total
[2024-03-07T15:20:37.264+0000][7][gc,age      ] GC(453) - age  12:        208 bytes,    1401088 total
[2024-03-07T15:20:37.264+0000][7][gc,age      ] GC(453) - age  14:        176 bytes,    1401264 total
[2024-03-07T15:20:37.264+0000][7][gc,heap     ] GC(453) Eden regions: 152->0(152)
[2024-03-07T15:20:37.264+0000][7][gc,heap     ] GC(453) Survivor regions: 1->1(20)
[2024-03-07T15:20:37.264+0000][7][gc,heap     ] GC(453) Old regions: 25->25
[2024-03-07T15:20:37.264+0000][7][gc,heap     ] GC(453) Archive regions: 2->2
[2024-03-07T15:20:37.264+0000][7][gc,heap     ] GC(453) Humongous regions: 0->0
[2024-03-07T15:20:37.264+0000][7][gc,metaspace] GC(453) Metaspace: 128987K(132480K)->128987K(132480K) NonClass: 112135K(113984K)->112135K(113984K) Class: 16851K(18496K)->16851K(18496K)
[2024-03-07T15:20:37.264+0000][7][gc          ] GC(453) Pause Young (Normal) (G1 Evacuation Pause) 712M->104M(1024M) 2.621ms
[2024-03-07T15:20:37.264+0000][7][gc,cpu      ] GC(453) User=0.01s Sys=0.00s Real=0.00s
[2024-03-07T15:20:37.264+0000][7][safepoint   ] Safepoint "G1CollectForAllocation", Time since last: 182653302452 ns, Reaching safepoint: 50244 ns, At safepoint: 2702669 ns, Total: 2752913 ns
[2024-03-07T15:23:35.544+0000][7][gc,start    ] GC(454) Pause Young (Normal) (G1 Evacuation Pause)
[2024-03-07T15:23:35.544+0000][7][gc,task     ] GC(454) Using 8 workers of 8 for evacuation
[2024-03-07T15:23:35.544+0000][7][gc,age      ] GC(454) Desired survivor size 41943040 bytes, new threshold 15 (max threshold 15)
[2024-03-07T15:23:35.546+0000][7][gc,phases   ] GC(454)   Pre Evacuate Collection Set: 0.1ms
[2024-03-07T15:23:35.546+0000][7][gc,phases   ] GC(454)   Merge Heap Roots: 0.1ms
[2024-03-07T15:23:35.546+0000][7][gc,phases   ] GC(454)   Evacuate Collection Set: 1.0ms
[2024-03-07T15:23:35.546+0000][7][gc,phases   ] GC(454)   Post Evacuate Collection Set: 0.6ms
[2024-03-07T15:23:35.546+0000][7][gc,phases   ] GC(454)   Other: 0.1ms
[2024-03-07T15:23:35.546+0000][7][gc,age      ] GC(454) Age table with threshold 15 (max threshold 15)
[2024-03-07T15:23:35.546+0000][7][gc,age      ] GC(454) - age   1:    1634368 bytes,    1634368 total
[2024-03-07T15:23:35.546+0000][7][gc,age      ] GC(454) - age   2:       7624 bytes,    1641992 total
[2024-03-07T15:23:35.546+0000][7][gc,age      ] GC(454) - age   3:        768 bytes,    1642760 total
[2024-03-07T15:23:35.546+0000][7][gc,age      ] GC(454) - age   4:         64 bytes,    1642824 total
[2024-03-07T15:23:35.546+0000][7][gc,age      ] GC(454) - age   5:        728 bytes,    1643552 total
[2024-03-07T15:23:35.546+0000][7][gc,age      ] GC(454) - age   6:       2976 bytes,    1646528 total
[2024-03-07T15:23:35.546+0000][7][gc,age      ] GC(454) - age   7:         40 bytes,    1646568 total
[2024-03-07T15:23:35.546+0000][7][gc,age      ] GC(454) - age   8:      26032 bytes,    1672600 total
[2024-03-07T15:23:35.546+0000][7][gc,age      ] GC(454) - age   9:     140656 bytes,    1813256 total
[2024-03-07T15:23:35.546+0000][7][gc,age      ] GC(454) - age  10:        184 bytes,    1813440 total
[2024-03-07T15:23:35.546+0000][7][gc,age      ] GC(454) - age  11:     232856 bytes,    2046296 total
[2024-03-07T15:23:35.546+0000][7][gc,age      ] GC(454) - age  12:      92144 bytes,    2138440 total
[2024-03-07T15:23:35.546+0000][7][gc,age      ] GC(454) - age  13:        208 bytes,    2138648 total
[2024-03-07T15:23:35.546+0000][7][gc,age      ] GC(454) - age  15:        176 bytes,    2138824 total
[2024-03-07T15:23:35.546+0000][7][gc,heap     ] GC(454) Eden regions: 152->0(152)
[2024-03-07T15:23:35.546+0000][7][gc,heap     ] GC(454) Survivor regions: 1->1(20)
[2024-03-07T15:23:35.546+0000][7][gc,heap     ] GC(454) Old regions: 25->25
[2024-03-07T15:23:35.546+0000][7][gc,heap     ] GC(454) Archive regions: 2->2
[2024-03-07T15:23:35.546+0000][7][gc,heap     ] GC(454) Humongous regions: 0->0
[2024-03-07T15:23:35.546+0000][7][gc,metaspace] GC(454) Metaspace: 128990K(132480K)->128990K(132480K) NonClass: 112138K(113984K)->112138K(113984K) Class: 16851K(18496K)->16851K(18496K)
[2024-03-07T15:23:35.546+0000][7][gc          ] GC(454) Pause Young (Normal) (G1 Evacuation Pause) 712M->104M(1024M) 2.076ms
[2024-03-07T15:23:35.546+0000][7][gc,cpu      ] GC(454) User=0.01s Sys=0.00s Real=0.01s
[2024-03-07T15:23:35.546+0000][7][safepoint   ] Safepoint "G1CollectForAllocation", Time since last: 178279765992 ns, Reaching safepoint: 41418 ns, At safepoint: 2140197 ns, Total: 2181615 ns
[2024-03-07T15:26:08.005+0000][7][gc,start    ] GC(455) Pause Young (Normal) (G1 Evacuation Pause)
[2024-03-07T15:26:08.005+0000][7][gc,task     ] GC(455) Using 8 workers of 8 for evacuation
[2024-03-07T15:26:08.005+0000][7][gc,age      ] GC(455) Desired survivor size 41943040 bytes, new threshold 15 (max threshold 15)
[2024-03-07T15:26:08.007+0000][7][gc,phases   ] GC(455)   Pre Evacuate Collection Set: 0.1ms
[2024-03-07T15:26:08.007+0000][7][gc,phases   ] GC(455)   Merge Heap Roots: 0.1ms
[2024-03-07T15:26:08.007+0000][7][gc,phases   ] GC(455)   Evacuate Collection Set: 1.4ms
[2024-03-07T15:26:08.007+0000][7][gc,phases   ] GC(455)   Post Evacuate Collection Set: 0.7ms
[2024-03-07T15:26:08.007+0000][7][gc,phases   ] GC(455)   Other: 0.1ms
[2024-03-07T15:26:08.007+0000][7][gc,age      ] GC(455) Age table with threshold 15 (max threshold 15)
[2024-03-07T15:26:08.007+0000][7][gc,age      ] GC(455) - age   1:    1749584 bytes,    1749584 total
[2024-03-07T15:26:08.007+0000][7][gc,age      ] GC(455) - age   2:       5048 bytes,    1754632 total
[2024-03-07T15:26:08.007+0000][7][gc,age      ] GC(455) - age   3:       4928 bytes,    1759560 total
[2024-03-07T15:26:08.007+0000][7][gc,age      ] GC(455) - age   4:        128 bytes,    1759688 total
[2024-03-07T15:26:08.007+0000][7][gc,age      ] GC(455) - age   6:        664 bytes,    1760352 total
[2024-03-07T15:26:08.007+0000][7][gc,age      ] GC(455) - age   7:       2976 bytes,    1763328 total
[2024-03-07T15:26:08.007+0000][7][gc,age      ] GC(455) - age   8:         40 bytes,    1763368 total
[2024-03-07T15:26:08.007+0000][7][gc,age      ] GC(455) - age   9:      26032 bytes,    1789400 total
[2024-03-07T15:26:08.007+0000][7][gc,age      ] GC(455) - age  10:     140656 bytes,    1930056 total
[2024-03-07T15:26:08.007+0000][7][gc,age      ] GC(455) - age  12:     232856 bytes,    2162912 total
[2024-03-07T15:26:08.007+0000][7][gc,age      ] GC(455) - age  13:      92144 bytes,    2255056 total
[2024-03-07T15:26:08.007+0000][7][gc,age      ] GC(455) - age  14:        208 bytes,    2255264 total
[2024-03-07T15:26:08.007+0000][7][gc,heap     ] GC(455) Eden regions: 152->0(152)
[2024-03-07T15:26:08.007+0000][7][gc,heap     ] GC(455) Survivor regions: 1->1(20)
[2024-03-07T15:26:08.007+0000][7][gc,heap     ] GC(455) Old regions: 25->25
[2024-03-07T15:26:08.007+0000][7][gc,heap     ] GC(455) Archive regions: 2->2
[2024-03-07T15:26:08.007+0000][7][gc,heap     ] GC(455) Humongous regions: 0->0
[2024-03-07T15:26:08.007+0000][7][gc,metaspace] GC(455) Metaspace: 128990K(132480K)->128990K(132480K) NonClass: 112138K(113984K)->112138K(113984K) Class: 16851K(18496K)->16851K(18496K)
[2024-03-07T15:26:08.007+0000][7][gc          ] GC(455) Pause Young (Normal) (G1 Evacuation Pause) 712M->105M(1024M) 2.570ms
[2024-03-07T15:26:08.007+0000][7][gc,cpu      ] GC(455) User=0.01s Sys=0.00s Real=0.01s
[2024-03-07T15:26:08.007+0000][7][safepoint   ] Safepoint "G1CollectForAllocation", Time since last: 152458707273 ns, Reaching safepoint: 56744 ns, At safepoint: 2649481 ns, Total: 2706225 ns
[2024-03-07T15:28:50.362+0000][7][gc,start    ] GC(456) Pause Young (Normal) (G1 Evacuation Pause)
[2024-03-07T15:28:50.362+0000][7][gc,task     ] GC(456) Using 8 workers of 8 for evacuation
[2024-03-07T15:28:50.362+0000][7][gc,age      ] GC(456) Desired survivor size 41943040 bytes, new threshold 15 (max threshold 15)
[2024-03-07T15:28:50.365+0000][7][gc,phases   ] GC(456)   Pre Evacuate Collection Set: 0.1ms
[2024-03-07T15:28:50.365+0000][7][gc,phases   ] GC(456)   Merge Heap Roots: 0.1ms
[2024-03-07T15:28:50.365+0000][7][gc,phases   ] GC(456)   Evacuate Collection Set: 1.6ms
[2024-03-07T15:28:50.365+0000][7][gc,phases   ] GC(456)   Post Evacuate Collection Set: 0.7ms
[2024-03-07T15:28:50.365+0000][7][gc,phases   ] GC(456)   Other: 0.1ms
[2024-03-07T15:28:50.365+0000][7][gc,age      ] GC(456) Age table with threshold 15 (max threshold 15)
[2024-03-07T15:28:50.365+0000][7][gc,age      ] GC(456) - age   1:    1632328 bytes,    1632328 total
[2024-03-07T15:28:50.365+0000][7][gc,age      ] GC(456) - age   2:       3200 bytes,    1635528 total
[2024-03-07T15:28:50.365+0000][7][gc,age      ] GC(456) - age   3:       2368 bytes,    1637896 total
[2024-03-07T15:28:50.365+0000][7][gc,age      ] GC(456) - age   4:       3936 bytes,    1641832 total
[2024-03-07T15:28:50.365+0000][7][gc,age      ] GC(456) - age   7:        664 bytes,    1642496 total
[2024-03-07T15:28:50.365+0000][7][gc,age      ] GC(456) - age   8:       2976 bytes,    1645472 total
[2024-03-07T15:28:50.365+0000][7][gc,age      ] GC(456) - age   9:         40 bytes,    1645512 total
[2024-03-07T15:28:50.365+0000][7][gc,age      ] GC(456) - age  10:      26032 bytes,    1671544 total
[2024-03-07T15:28:50.365+0000][7][gc,age      ] GC(456) - age  11:     140576 bytes,    1812120 total
[2024-03-07T15:28:50.365+0000][7][gc,age      ] GC(456) - age  13:     232856 bytes,    2044976 total
[2024-03-07T15:28:50.365+0000][7][gc,age      ] GC(456) - age  14:      92144 bytes,    2137120 total
[2024-03-07T15:28:50.365+0000][7][gc,age      ] GC(456) - age  15:        208 bytes,    2137328 total
[2024-03-07T15:28:50.365+0000][7][gc,heap     ] GC(456) Eden regions: 152->0(152)
[2024-03-07T15:28:50.365+0000][7][gc,heap     ] GC(456) Survivor regions: 1->1(20)
[2024-03-07T15:28:50.365+0000][7][gc,heap     ] GC(456) Old regions: 25->25
[2024-03-07T15:28:50.365+0000][7][gc,heap     ] GC(456) Archive regions: 2->2
[2024-03-07T15:28:50.365+0000][7][gc,heap     ] GC(456) Humongous regions: 0->0
[2024-03-07T15:28:50.365+0000][7][gc,metaspace] GC(456) Metaspace: 128990K(132480K)->128990K(132480K) NonClass: 112138K(113984K)->112138K(113984K) Class: 16851K(18496K)->16851K(18496K)
[2024-03-07T15:28:50.365+0000][7][gc          ] GC(456) Pause Young (Normal) (G1 Evacuation Pause) 713M->104M(1024M) 2.829ms
[2024-03-07T15:28:50.365+0000][7][gc,cpu      ] GC(456) User=0.01s Sys=0.00s Real=0.00s
[2024-03-07T15:28:50.365+0000][7][safepoint   ] Safepoint "G1CollectForAllocation", Time since last: 161342315312 ns, Reaching safepoint: 44305 ns, At safepoint: 2921436 ns, Total: 2965741 ns
[2024-03-07T15:31:08.404+0000][7][gc,start    ] GC(457) Pause Young (Normal) (G1 Evacuation Pause)
[2024-03-07T15:31:08.404+0000][7][gc,task     ] GC(457) Using 8 workers of 8 for evacuation
[2024-03-07T15:31:08.404+0000][7][gc,age      ] GC(457) Desired survivor size 41943040 bytes, new threshold 15 (max threshold 15)
[2024-03-07T15:31:08.407+0000][7][gc,phases   ] GC(457)   Pre Evacuate Collection Set: 0.1ms
[2024-03-07T15:31:08.407+0000][7][gc,phases   ] GC(457)   Merge Heap Roots: 0.1ms
[2024-03-07T15:31:08.407+0000][7][gc,phases   ] GC(457)   Evacuate Collection Set: 1.7ms
[2024-03-07T15:31:08.407+0000][7][gc,phases   ] GC(457)   Post Evacuate Collection Set: 0.8ms
[2024-03-07T15:31:08.407+0000][7][gc,phases   ] GC(457)   Other: 0.1ms
[2024-03-07T15:31:08.407+0000][7][gc,age      ] GC(457) Age table with threshold 15 (max threshold 15)
[2024-03-07T15:31:08.407+0000][7][gc,age      ] GC(457) - age   1:    1709896 bytes,    1709896 total
[2024-03-07T15:31:08.407+0000][7][gc,age      ] GC(457) - age   2:       9120 bytes,    1719016 total
[2024-03-07T15:31:08.407+0000][7][gc,age      ] GC(457) - age   3:        928 bytes,    1719944 total
[2024-03-07T15:31:08.407+0000][7][gc,age      ] GC(457) - age   4:       1600 bytes,    1721544 total
[2024-03-07T15:31:08.407+0000][7][gc,age      ] GC(457) - age   5:        480 bytes,    1722024 total
[2024-03-07T15:31:08.407+0000][7][gc,age      ] GC(457) - age   8:        280 bytes,    1722304 total
[2024-03-07T15:31:08.407+0000][7][gc,age      ] GC(457) - age   9:       2976 bytes,    1725280 total
[2024-03-07T15:31:08.407+0000][7][gc,age      ] GC(457) - age  10:         40 bytes,    1725320 total
[2024-03-07T15:31:08.407+0000][7][gc,age      ] GC(457) - age  11:      26032 bytes,    1751352 total
[2024-03-07T15:31:08.407+0000][7][gc,age      ] GC(457) - age  12:     140576 bytes,    1891928 total
[2024-03-07T15:31:08.407+0000][7][gc,age      ] GC(457) - age  14:     232856 bytes,    2124784 total
[2024-03-07T15:31:08.407+0000][7][gc,age      ] GC(457) - age  15:      92144 bytes,    2216928 total
[2024-03-07T15:31:08.407+0000][7][gc,heap     ] GC(457) Eden regions: 152->0(152)
[2024-03-07T15:31:08.407+0000][7][gc,heap     ] GC(457) Survivor regions: 1->1(20)
[2024-03-07T15:31:08.407+0000][7][gc,heap     ] GC(457) Old regions: 25->25
[2024-03-07T15:31:08.407+0000][7][gc,heap     ] GC(457) Archive regions: 2->2
[2024-03-07T15:31:08.407+0000][7][gc,heap     ] GC(457) Humongous regions: 0->0
[2024-03-07T15:31:08.407+0000][7][gc,metaspace] GC(457) Metaspace: 128990K(132480K)->128990K(132480K) NonClass: 112138K(113984K)->112138K(113984K) Class: 16851K(18496K)->16851K(18496K)
[2024-03-07T15:31:08.407+0000][7][gc          ] GC(457) Pause Young (Normal) (G1 Evacuation Pause) 712M->105M(1024M) 3.269ms
[2024-03-07T15:31:08.407+0000][7][gc,cpu      ] GC(457) User=0.01s Sys=0.00s Real=0.00s
[2024-03-07T15:31:08.407+0000][7][safepoint   ] Safepoint "G1CollectForAllocation", Time since last: 138038036047 ns, Reaching safepoint: 118740 ns, At safepoint: 3513310 ns, Total: 3632050 ns
[2024-03-07T15:31:43.411+0000][7][safepoint   ] Safepoint "Cleanup", Time since last: 35004218794 ns, Reaching safepoint: 49907 ns, At safepoint: 28465 ns, Total: 78372 ns
[2024-03-07T15:33:29.537+0000][7][gc,start    ] GC(458) Pause Young (Normal) (G1 Evacuation Pause)
[2024-03-07T15:33:29.537+0000][7][gc,task     ] GC(458) Using 8 workers of 8 for evacuation
[2024-03-07T15:33:29.537+0000][7][gc,age      ] GC(458) Desired survivor size 41943040 bytes, new threshold 15 (max threshold 15)
[2024-03-07T15:33:29.539+0000][7][gc,phases   ] GC(458)   Pre Evacuate Collection Set: 0.1ms
[2024-03-07T15:33:29.539+0000][7][gc,phases   ] GC(458)   Merge Heap Roots: 0.0ms
[2024-03-07T15:33:29.539+0000][7][gc,phases   ] GC(458)   Evacuate Collection Set: 1.0ms
[2024-03-07T15:33:29.539+0000][7][gc,phases   ] GC(458)   Post Evacuate Collection Set: 0.5ms
[2024-03-07T15:33:29.539+0000][7][gc,phases   ] GC(458)   Other: 0.1ms
[2024-03-07T15:33:29.539+0000][7][gc,age      ] GC(458) Age table with threshold 15 (max threshold 15)
[2024-03-07T15:33:29.539+0000][7][gc,age      ] GC(458) - age   1:    1527256 bytes,    1527256 total
[2024-03-07T15:33:29.539+0000][7][gc,age      ] GC(458) - age   2:       7144 bytes,    1534400 total
[2024-03-07T15:33:29.539+0000][7][gc,age      ] GC(458) - age   3:       7064 bytes,    1541464 total
[2024-03-07T15:33:29.539+0000][7][gc,age      ] GC(458) - age   4:        248 bytes,    1541712 total
[2024-03-07T15:33:29.539+0000][7][gc,age      ] GC(458) - age   5:        216 bytes,    1541928 total
[2024-03-07T15:33:29.539+0000][7][gc,age      ] GC(458) - age   6:        480 bytes,    1542408 total
[2024-03-07T15:33:29.539+0000][7][gc,age      ] GC(458) - age   9:        280 bytes,    1542688 total
[2024-03-07T15:33:29.539+0000][7][gc,age      ] GC(458) - age  10:       2792 bytes,    1545480 total
[2024-03-07T15:33:29.539+0000][7][gc,age      ] GC(458) - age  11:         40 bytes,    1545520 total
[2024-03-07T15:33:29.539+0000][7][gc,age      ] GC(458) - age  12:      26032 bytes,    1571552 total
[2024-03-07T15:33:29.539+0000][7][gc,age      ] GC(458) - age  13:     140576 bytes,    1712128 total
[2024-03-07T15:33:29.539+0000][7][gc,age      ] GC(458) - age  15:     232856 bytes,    1944984 total
[2024-03-07T15:33:29.539+0000][7][gc,heap     ] GC(458) Eden regions: 152->0(152)
[2024-03-07T15:33:29.539+0000][7][gc,heap     ] GC(458) Survivor regions: 1->1(20)
[2024-03-07T15:33:29.539+0000][7][gc,heap     ] GC(458) Old regions: 25->25
[2024-03-07T15:33:29.539+0000][7][gc,heap     ] GC(458) Archive regions: 2->2
[2024-03-07T15:33:29.539+0000][7][gc,heap     ] GC(458) Humongous regions: 0->0
[2024-03-07T15:33:29.539+0000][7][gc,metaspace] GC(458) Metaspace: 128990K(132480K)->128990K(132480K) NonClass: 112138K(113984K)->112138K(113984K) Class: 16851K(18496K)->16851K(18496K)
[2024-03-07T15:33:29.539+0000][7][gc          ] GC(458) Pause Young (Normal) (G1 Evacuation Pause) 713M->104M(1024M) 1.914ms
[2024-03-07T15:33:29.539+0000][7][gc,cpu      ] GC(458) User=0.01s Sys=0.00s Real=0.01s
[2024-03-07T15:33:29.539+0000][7][safepoint   ] Safepoint "G1CollectForAllocation", Time since last: 106125818734 ns, Reaching safepoint: 25351 ns, At safepoint: 1981544 ns, Total: 2006895 ns
[2024-03-07T15:36:30.034+0000][7][gc,start    ] GC(459) Pause Young (Normal) (G1 Evacuation Pause)
[2024-03-07T15:36:30.034+0000][7][gc,task     ] GC(459) Using 8 workers of 8 for evacuation
[2024-03-07T15:36:30.034+0000][7][gc,age      ] GC(459) Desired survivor size 41943040 bytes, new threshold 15 (max threshold 15)
[2024-03-07T15:36:30.037+0000][7][gc,phases   ] GC(459)   Pre Evacuate Collection Set: 0.1ms
[2024-03-07T15:36:30.037+0000][7][gc,phases   ] GC(459)   Merge Heap Roots: 0.1ms
[2024-03-07T15:36:30.037+0000][7][gc,phases   ] GC(459)   Evacuate Collection Set: 1.4ms
[2024-03-07T15:36:30.037+0000][7][gc,phases   ] GC(459)   Post Evacuate Collection Set: 0.7ms
[2024-03-07T15:36:30.037+0000][7][gc,phases   ] GC(459)   Other: 0.1ms
[2024-03-07T15:36:30.037+0000][7][gc,age      ] GC(459) Age table with threshold 15 (max threshold 15)
[2024-03-07T15:36:30.037+0000][7][gc,age      ] GC(459) - age   1:    1026648 bytes,    1026648 total
[2024-03-07T15:36:30.037+0000][7][gc,age      ] GC(459) - age   2:       3608 bytes,    1030256 total
[2024-03-07T15:36:30.037+0000][7][gc,age      ] GC(459) - age   3:       4640 bytes,    1034896 total
[2024-03-07T15:36:30.037+0000][7][gc,age      ] GC(459) - age   4:       6592 bytes,    1041488 total
[2024-03-07T15:36:30.037+0000][7][gc,age      ] GC(459) - age   5:        184 bytes,    1041672 total
[2024-03-07T15:36:30.037+0000][7][gc,age      ] GC(459) - age   6:        216 bytes,    1041888 total
[2024-03-07T15:36:30.037+0000][7][gc,age      ] GC(459) - age   7:         88 bytes,    1041976 total
[2024-03-07T15:36:30.037+0000][7][gc,age      ] GC(459) - age  10:        280 bytes,    1042256 total
[2024-03-07T15:36:30.037+0000][7][gc,age      ] GC(459) - age  11:       2792 bytes,    1045048 total
[2024-03-07T15:36:30.037+0000][7][gc,age      ] GC(459) - age  12:         40 bytes,    1045088 total
[2024-03-07T15:36:30.037+0000][7][gc,age      ] GC(459) - age  13:      26032 bytes,    1071120 total
[2024-03-07T15:36:30.037+0000][7][gc,age      ] GC(459) - age  14:     140576 bytes,    1211696 total
[2024-03-07T15:36:30.037+0000][7][gc,heap     ] GC(459) Eden regions: 152->0(152)
[2024-03-07T15:36:30.037+0000][7][gc,heap     ] GC(459) Survivor regions: 1->1(20)
[2024-03-07T15:36:30.037+0000][7][gc,heap     ] GC(459) Old regions: 25->25
[2024-03-07T15:36:30.037+0000][7][gc,heap     ] GC(459) Archive regions: 2->2
[2024-03-07T15:36:30.037+0000][7][gc,heap     ] GC(459) Humongous regions: 0->0
[2024-03-07T15:36:30.037+0000][7][gc,metaspace] GC(459) Metaspace: 128990K(132480K)->128990K(132480K) NonClass: 112138K(113984K)->112138K(113984K) Class: 16851K(18496K)->16851K(18496K)
[2024-03-07T15:36:30.037+0000][7][gc          ] GC(459) Pause Young (Normal) (G1 Evacuation Pause) 712M->104M(1024M) 2.649ms
[2024-03-07T15:36:30.037+0000][7][gc,cpu      ] GC(459) User=0.01s Sys=0.01s Real=0.00s
[2024-03-07T15:36:30.037+0000][7][safepoint   ] Safepoint "G1CollectForAllocation", Time since last: 180495331085 ns, Reaching safepoint: 39809 ns, At safepoint: 2739905 ns, Total: 2779714 ns
[2024-03-07T15:39:29.454+0000][7][gc,start    ] GC(460) Pause Young (Normal) (G1 Evacuation Pause)
[2024-03-07T15:39:29.455+0000][7][gc,task     ] GC(460) Using 8 workers of 8 for evacuation
[2024-03-07T15:39:29.455+0000][7][gc,age      ] GC(460) Desired survivor size 41943040 bytes, new threshold 15 (max threshold 15)
[2024-03-07T15:39:29.457+0000][7][gc,phases   ] GC(460)   Pre Evacuate Collection Set: 0.1ms
[2024-03-07T15:39:29.457+0000][7][gc,phases   ] GC(460)   Merge Heap Roots: 0.1ms
[2024-03-07T15:39:29.457+0000][7][gc,phases   ] GC(460)   Evacuate Collection Set: 1.2ms
[2024-03-07T15:39:29.457+0000][7][gc,phases   ] GC(460)   Post Evacuate Collection Set: 0.7ms
[2024-03-07T15:39:29.457+0000][7][gc,phases   ] GC(460)   Other: 0.1ms
[2024-03-07T15:39:29.457+0000][7][gc,age      ] GC(460) Age table with threshold 15 (max threshold 15)
[2024-03-07T15:39:29.457+0000][7][gc,age      ] GC(460) - age   1:    1628464 bytes,    1628464 total
[2024-03-07T15:39:29.457+0000][7][gc,age      ] GC(460) - age   2:       3752 bytes,    1632216 total
[2024-03-07T15:39:29.457+0000][7][gc,age      ] GC(460) - age   3:       1360 bytes,    1633576 total
[2024-03-07T15:39:29.457+0000][7][gc,age      ] GC(460) - age   4:       4152 bytes,    1637728 total
[2024-03-07T15:39:29.457+0000][7][gc,age      ] GC(460) - age   5:       6384 bytes,    1644112 total
[2024-03-07T15:39:29.457+0000][7][gc,age      ] GC(460) - age   6:        184 bytes,    1644296 total
[2024-03-07T15:39:29.457+0000][7][gc,age      ] GC(460) - age   7:        216 bytes,    1644512 total
[2024-03-07T15:39:29.457+0000][7][gc,age      ] GC(460) - age   8:         88 bytes,    1644600 total
[2024-03-07T15:39:29.457+0000][7][gc,age      ] GC(460) - age  11:        280 bytes,    1644880 total
[2024-03-07T15:39:29.457+0000][7][gc,age      ] GC(460) - age  12:       2792 bytes,    1647672 total
[2024-03-07T15:39:29.457+0000][7][gc,age      ] GC(460) - age  13:         40 bytes,    1647712 total
[2024-03-07T15:39:29.457+0000][7][gc,age      ] GC(460) - age  14:      26032 bytes,    1673744 total
[2024-03-07T15:39:29.457+0000][7][gc,age      ] GC(460) - age  15:     140576 bytes,    1814320 total
[2024-03-07T15:39:29.457+0000][7][gc,heap     ] GC(460) Eden regions: 152->0(152)
[2024-03-07T15:39:29.457+0000][7][gc,heap     ] GC(460) Survivor regions: 1->1(20)
[2024-03-07T15:39:29.457+0000][7][gc,heap     ] GC(460) Old regions: 25->25
[2024-03-07T15:39:29.457+0000][7][gc,heap     ] GC(460) Archive regions: 2->2
[2024-03-07T15:39:29.457+0000][7][gc,heap     ] GC(460) Humongous regions: 0->0
[2024-03-07T15:39:29.457+0000][7][gc,metaspace] GC(460) Metaspace: 128990K(132480K)->128990K(132480K) NonClass: 112138K(113984K)->112138K(113984K) Class: 16851K(18496K)->16851K(18496K)
[2024-03-07T15:39:29.457+0000][7][gc          ] GC(460) Pause Young (Normal) (G1 Evacuation Pause) 712M->104M(1024M) 2.310ms
[2024-03-07T15:39:29.457+0000][7][gc,cpu      ] GC(460) User=0.01s Sys=0.00s Real=0.00s
[2024-03-07T15:39:29.457+0000][7][safepoint   ] Safepoint "G1CollectForAllocation", Time since last: 179417236895 ns, Reaching safepoint: 71728 ns, At safepoint: 2393961 ns, Total: 2465689 ns
[2024-03-07T15:41:53.462+0000][7][gc,start    ] GC(461) Pause Young (Normal) (G1 Evacuation Pause)
[2024-03-07T15:41:53.462+0000][7][gc,task     ] GC(461) Using 8 workers of 8 for evacuation
[2024-03-07T15:41:53.462+0000][7][gc,age      ] GC(461) Desired survivor size 41943040 bytes, new threshold 15 (max threshold 15)
[2024-03-07T15:41:53.464+0000][7][gc,phases   ] GC(461)   Pre Evacuate Collection Set: 0.1ms
[2024-03-07T15:41:53.464+0000][7][gc,phases   ] GC(461)   Merge Heap Roots: 0.1ms
[2024-03-07T15:41:53.464+0000][7][gc,phases   ] GC(461)   Evacuate Collection Set: 1.3ms
[2024-03-07T15:41:53.464+0000][7][gc,phases   ] GC(461)   Post Evacuate Collection Set: 0.6ms
[2024-03-07T15:41:53.464+0000][7][gc,phases   ] GC(461)   Other: 0.1ms
[2024-03-07T15:41:53.464+0000][7][gc,age      ] GC(461) Age table with threshold 15 (max threshold 15)
[2024-03-07T15:41:53.464+0000][7][gc,age      ] GC(461) - age   1:    1669272 bytes,    1669272 total
[2024-03-07T15:41:53.464+0000][7][gc,age      ] GC(461) - age   2:       5112 bytes,    1674384 total
[2024-03-07T15:41:53.464+0000][7][gc,age      ] GC(461) - age   3:        768 bytes,    1675152 total
[2024-03-07T15:41:53.464+0000][7][gc,age      ] GC(461) - age   4:        160 bytes,    1675312 total
[2024-03-07T15:41:53.464+0000][7][gc,age      ] GC(461) - age   5:        568 bytes,    1675880 total
[2024-03-07T15:41:53.464+0000][7][gc,age      ] GC(461) - age   6:       6320 bytes,    1682200 total
[2024-03-07T15:41:53.464+0000][7][gc,age      ] GC(461) - age   7:        184 bytes,    1682384 total
[2024-03-07T15:41:53.464+0000][7][gc,age      ] GC(461) - age   8:        184 bytes,    1682568 total
[2024-03-07T15:41:53.464+0000][7][gc,age      ] GC(461) - age   9:         88 bytes,    1682656 total
[2024-03-07T15:41:53.464+0000][7][gc,age      ] GC(461) - age  12:        280 bytes,    1682936 total
[2024-03-07T15:41:53.464+0000][7][gc,age      ] GC(461) - age  13:       2792 bytes,    1685728 total
[2024-03-07T15:41:53.464+0000][7][gc,age      ] GC(461) - age  14:         40 bytes,    1685768 total
[2024-03-07T15:41:53.464+0000][7][gc,age      ] GC(461) - age  15:      25848 bytes,    1711616 total
[2024-03-07T15:41:53.464+0000][7][gc,heap     ] GC(461) Eden regions: 152->0(152)
[2024-03-07T15:41:53.464+0000][7][gc,heap     ] GC(461) Survivor regions: 1->1(20)
[2024-03-07T15:41:53.464+0000][7][gc,heap     ] GC(461) Old regions: 25->25
[2024-03-07T15:41:53.464+0000][7][gc,heap     ] GC(461) Archive regions: 2->2
[2024-03-07T15:41:53.464+0000][7][gc,heap     ] GC(461) Humongous regions: 0->0
[2024-03-07T15:41:53.464+0000][7][gc,metaspace] GC(461) Metaspace: 128991K(132480K)->128991K(132480K) NonClass: 112140K(113984K)->112140K(113984K) Class: 16851K(18496K)->16851K(18496K)
[2024-03-07T15:41:53.464+0000][7][gc          ] GC(461) Pause Young (Normal) (G1 Evacuation Pause) 712M->105M(1024M) 2.467ms
[2024-03-07T15:41:53.464+0000][7][gc,cpu      ] GC(461) User=0.01s Sys=0.00s Real=0.00s
[2024-03-07T15:41:53.464+0000][7][safepoint   ] Safepoint "G1CollectForAllocation", Time since last: 144004758914 ns, Reaching safepoint: 48429 ns, At safepoint: 2549513 ns, Total: 2597942 ns
[2024-03-07T15:44:08.406+0000][7][gc,start    ] GC(462) Pause Young (Normal) (G1 Evacuation Pause)
[2024-03-07T15:44:08.406+0000][7][gc,task     ] GC(462) Using 8 workers of 8 for evacuation
[2024-03-07T15:44:08.406+0000][7][gc,age      ] GC(462) Desired survivor size 41943040 bytes, new threshold 15 (max threshold 15)
[2024-03-07T15:44:08.407+0000][7][gc,phases   ] GC(462)   Pre Evacuate Collection Set: 0.1ms
[2024-03-07T15:44:08.407+0000][7][gc,phases   ] GC(462)   Merge Heap Roots: 0.1ms
[2024-03-07T15:44:08.407+0000][7][gc,phases   ] GC(462)   Evacuate Collection Set: 0.8ms
[2024-03-07T15:44:08.407+0000][7][gc,phases   ] GC(462)   Post Evacuate Collection Set: 0.6ms
[2024-03-07T15:44:08.407+0000][7][gc,phases   ] GC(462)   Other: 0.1ms
[2024-03-07T15:44:08.407+0000][7][gc,age      ] GC(462) Age table with threshold 15 (max threshold 15)
[2024-03-07T15:44:08.407+0000][7][gc,age      ] GC(462) - age   1:     848400 bytes,     848400 total
[2024-03-07T15:44:08.407+0000][7][gc,age      ] GC(462) - age   2:       7112 bytes,     855512 total
[2024-03-07T15:44:08.407+0000][7][gc,age      ] GC(462) - age   3:       1648 bytes,     857160 total
[2024-03-07T15:44:08.407+0000][7][gc,age      ] GC(462) - age   4:        576 bytes,     857736 total
[2024-03-07T15:44:08.407+0000][7][gc,age      ] GC(462) - age   5:         96 bytes,     857832 total
[2024-03-07T15:44:08.407+0000][7][gc,age      ] GC(462) - age   6:        568 bytes,     858400 total
[2024-03-07T15:44:08.407+0000][7][gc,age      ] GC(462) - age   7:       6320 bytes,     864720 total
[2024-03-07T15:44:08.407+0000][7][gc,age      ] GC(462) - age   9:        184 bytes,     864904 total
[2024-03-07T15:44:08.407+0000][7][gc,age      ] GC(462) - age  10:         88 bytes,     864992 total
[2024-03-07T15:44:08.407+0000][7][gc,age      ] GC(462) - age  13:        280 bytes,     865272 total
[2024-03-07T15:44:08.407+0000][7][gc,age      ] GC(462) - age  14:       2792 bytes,     868064 total
[2024-03-07T15:44:08.407+0000][7][gc,age      ] GC(462) - age  15:         40 bytes,     868104 total
[2024-03-07T15:44:08.407+0000][7][gc,heap     ] GC(462) Eden regions: 152->0(152)
[2024-03-07T15:44:08.407+0000][7][gc,heap     ] GC(462) Survivor regions: 1->1(20)
[2024-03-07T15:44:08.407+0000][7][gc,heap     ] GC(462) Old regions: 25->25
[2024-03-07T15:44:08.407+0000][7][gc,heap     ] GC(462) Archive regions: 2->2
[2024-03-07T15:44:08.407+0000][7][gc,heap     ] GC(462) Humongous regions: 0->0
[2024-03-07T15:44:08.407+0000][7][gc,metaspace] GC(462) Metaspace: 128991K(132480K)->128991K(132480K) NonClass: 112140K(113984K)->112140K(113984K) Class: 16851K(18496K)->16851K(18496K)
[2024-03-07T15:44:08.407+0000][7][gc          ] GC(462) Pause Young (Normal) (G1 Evacuation Pause) 713M->104M(1024M) 1.982ms
[2024-03-07T15:44:08.408+0000][7][gc,cpu      ] GC(462) User=0.00s Sys=0.00s Real=0.00s
[2024-03-07T15:44:08.408+0000][7][safepoint   ] Safepoint "G1CollectForAllocation", Time since last: 134941259814 ns, Reaching safepoint: 42457 ns, At safepoint: 2062557 ns, Total: 2105014 ns
[2024-03-07T15:46:29.503+0000][7][gc,start    ] GC(463) Pause Young (Normal) (G1 Evacuation Pause)
[2024-03-07T15:46:29.503+0000][7][gc,task     ] GC(463) Using 8 workers of 8 for evacuation
[2024-03-07T15:46:29.503+0000][7][gc,age      ] GC(463) Desired survivor size 41943040 bytes, new threshold 15 (max threshold 15)
[2024-03-07T15:46:29.506+0000][7][gc,phases   ] GC(463)   Pre Evacuate Collection Set: 0.1ms
[2024-03-07T15:46:29.506+0000][7][gc,phases   ] GC(463)   Merge Heap Roots: 0.1ms
[2024-03-07T15:46:29.506+0000][7][gc,phases   ] GC(463)   Evacuate Collection Set: 1.1ms
[2024-03-07T15:46:29.506+0000][7][gc,phases   ] GC(463)   Post Evacuate Collection Set: 0.8ms
[2024-03-07T15:46:29.506+0000][7][gc,phases   ] GC(463)   Other: 0.1ms
[2024-03-07T15:46:29.506+0000][7][gc,age      ] GC(463) Age table with threshold 15 (max threshold 15)
[2024-03-07T15:46:29.506+0000][7][gc,age      ] GC(463) - age   1:     918248 bytes,     918248 total
[2024-03-07T15:46:29.506+0000][7][gc,age      ] GC(463) - age   2:       3608 bytes,     921856 total
[2024-03-07T15:46:29.506+0000][7][gc,age      ] GC(463) - age   3:       5112 bytes,     926968 total
[2024-03-07T15:46:29.506+0000][7][gc,age      ] GC(463) - age   4:        240 bytes,     927208 total
[2024-03-07T15:46:29.506+0000][7][gc,age      ] GC(463) - age   5:        392 bytes,     927600 total
[2024-03-07T15:46:29.506+0000][7][gc,age      ] GC(463) - age   6:         32 bytes,     927632 total
[2024-03-07T15:46:29.506+0000][7][gc,age      ] GC(463) - age   7:        568 bytes,     928200 total
[2024-03-07T15:46:29.506+0000][7][gc,age      ] GC(463) - age   8:       6320 bytes,     934520 total
[2024-03-07T15:46:29.506+0000][7][gc,age      ] GC(463) - age  10:        184 bytes,     934704 total
[2024-03-07T15:46:29.506+0000][7][gc,age      ] GC(463) - age  11:         88 bytes,     934792 total
[2024-03-07T15:46:29.506+0000][7][gc,age      ] GC(463) - age  14:        280 bytes,     935072 total
[2024-03-07T15:46:29.506+0000][7][gc,age      ] GC(463) - age  15:       2792 bytes,     937864 total
[2024-03-07T15:46:29.506+0000][7][gc,heap     ] GC(463) Eden regions: 152->0(152)
[2024-03-07T15:46:29.506+0000][7][gc,heap     ] GC(463) Survivor regions: 1->1(20)
[2024-03-07T15:46:29.506+0000][7][gc,heap     ] GC(463) Old regions: 25->25
[2024-03-07T15:46:29.506+0000][7][gc,heap     ] GC(463) Archive regions: 2->2
[2024-03-07T15:46:29.506+0000][7][gc,heap     ] GC(463) Humongous regions: 0->0
[2024-03-07T15:46:29.506+0000][7][gc,metaspace] GC(463) Metaspace: 128991K(132480K)->128991K(132480K) NonClass: 112140K(113984K)->112140K(113984K) Class: 16851K(18496K)->16851K(18496K)
[2024-03-07T15:46:29.506+0000][7][gc          ] GC(463) Pause Young (Normal) (G1 Evacuation Pause) 712M->104M(1024M) 2.639ms
[2024-03-07T15:46:29.506+0000][7][gc,cpu      ] GC(463) User=0.01s Sys=0.00s Real=0.00s
[2024-03-07T15:46:29.506+0000][7][safepoint   ] Safepoint "G1CollectForAllocation", Time since last: 141095600749 ns, Reaching safepoint: 77420 ns, At safepoint: 2761272 ns, Total: 2838692 ns
[2024-03-07T15:48:50.422+0000][7][gc,start    ] GC(464) Pause Young (Normal) (G1 Evacuation Pause)
[2024-03-07T15:48:50.422+0000][7][gc,task     ] GC(464) Using 8 workers of 8 for evacuation
[2024-03-07T15:48:50.422+0000][7][gc,age      ] GC(464) Desired survivor size 41943040 bytes, new threshold 15 (max threshold 15)
[2024-03-07T15:48:50.424+0000][7][gc,phases   ] GC(464)   Pre Evacuate Collection Set: 0.1ms
[2024-03-07T15:48:50.424+0000][7][gc,phases   ] GC(464)   Merge Heap Roots: 0.1ms
[2024-03-07T15:48:50.424+0000][7][gc,phases   ] GC(464)   Evacuate Collection Set: 1.2ms
[2024-03-07T15:48:50.424+0000][7][gc,phases   ] GC(464)   Post Evacuate Collection Set: 0.6ms
[2024-03-07T15:48:50.424+0000][7][gc,phases   ] GC(464)   Other: 0.1ms
[2024-03-07T15:48:50.424+0000][7][gc,age      ] GC(464) Age table with threshold 15 (max threshold 15)
[2024-03-07T15:48:50.424+0000][7][gc,age      ] GC(464) - age   1:    1310720 bytes,    1310720 total
[2024-03-07T15:48:50.424+0000][7][gc,age      ] GC(464) - age   2:       2272 bytes,    1312992 total
[2024-03-07T15:48:50.424+0000][7][gc,age      ] GC(464) - age   3:       1440 bytes,    1314432 total
[2024-03-07T15:48:50.424+0000][7][gc,age      ] GC(464) - age   4:       4536 bytes,    1318968 total
[2024-03-07T15:48:50.424+0000][7][gc,age      ] GC(464) - age   5:        216 bytes,    1319184 total
[2024-03-07T15:48:50.424+0000][7][gc,age      ] GC(464) - age   6:        392 bytes,    1319576 total
[2024-03-07T15:48:50.424+0000][7][gc,age      ] GC(464) - age   7:         32 bytes,    1319608 total
[2024-03-07T15:48:50.424+0000][7][gc,age      ] GC(464) - age   8:        568 bytes,    1320176 total
[2024-03-07T15:48:50.424+0000][7][gc,age      ] GC(464) - age   9:       6320 bytes,    1326496 total
[2024-03-07T15:48:50.424+0000][7][gc,age      ] GC(464) - age  11:        184 bytes,    1326680 total
[2024-03-07T15:48:50.424+0000][7][gc,age      ] GC(464) - age  12:         88 bytes,    1326768 total
[2024-03-07T15:48:50.424+0000][7][gc,age      ] GC(464) - age  15:        280 bytes,    1327048 total
[2024-03-07T15:48:50.424+0000][7][gc,heap     ] GC(464) Eden regions: 152->0(152)
[2024-03-07T15:48:50.424+0000][7][gc,heap     ] GC(464) Survivor regions: 1->1(20)
[2024-03-07T15:48:50.424+0000][7][gc,heap     ] GC(464) Old regions: 25->25
[2024-03-07T15:48:50.424+0000][7][gc,heap     ] GC(464) Archive regions: 2->2
[2024-03-07T15:48:50.425+0000][7][gc,heap     ] GC(464) Humongous regions: 0->0
[2024-03-07T15:48:50.425+0000][7][gc,metaspace] GC(464) Metaspace: 128991K(132480K)->128991K(132480K) NonClass: 112140K(113984K)->112140K(113984K) Class: 16851K(18496K)->16851K(18496K)
[2024-03-07T15:48:50.425+0000][7][gc          ] GC(464) Pause Young (Normal) (G1 Evacuation Pause) 712M->104M(1024M) 2.339ms
[2024-03-07T15:48:50.425+0000][7][gc,cpu      ] GC(464) User=0.01s Sys=0.00s Real=0.00s
[2024-03-07T15:48:50.425+0000][7][safepoint   ] Safepoint "G1CollectForAllocation", Time since last: 140916121503 ns, Reaching safepoint: 72662 ns, At safepoint: 2418049 ns, Total: 2490711 ns
[2024-03-07T17:22:53.337+0000][7][safepoint   ] Safepoint "Cleanup", Time since last: 124735654233 ns, Reaching safepoint: 89540 ns, At safepoint: 9913 ns, Total: 99453 ns
[2024-03-07T17:23:04.365+0000][7][gc,start    ] GC(465) Pause Young (Normal) (G1 Evacuation Pause)
[2024-03-07T17:23:04.365+0000][7][gc,task     ] GC(465) Using 8 workers of 8 for evacuation
[2024-03-07T17:23:04.365+0000][7][gc,age      ] GC(465) Desired survivor size 41943040 bytes, new threshold 15 (max threshold 15)
[2024-03-07T17:23:04.367+0000][7][gc,phases   ] GC(465)   Pre Evacuate Collection Set: 0.1ms
[2024-03-07T17:23:04.367+0000][7][gc,phases   ] GC(465)   Merge Heap Roots: 0.1ms
[2024-03-07T17:23:04.367+0000][7][gc,phases   ] GC(465)   Evacuate Collection Set: 0.9ms
[2024-03-07T17:23:04.367+0000][7][gc,phases   ] GC(465)   Post Evacuate Collection Set: 0.6ms
[2024-03-07T17:23:04.367+0000][7][gc,phases   ] GC(465)   Other: 0.1ms
[2024-03-07T17:23:04.367+0000][7][gc,age      ] GC(465) Age table with threshold 15 (max threshold 15)
[2024-03-07T17:23:04.367+0000][7][gc,age      ] GC(465) - age   1:    1101352 bytes,    1101352 total
[2024-03-07T17:23:04.367+0000][7][gc,age      ] GC(465) - age   2:       3680 bytes,    1105032 total
[2024-03-07T17:23:04.367+0000][7][gc,age      ] GC(465) - age   3:        640 bytes,    1105672 total
[2024-03-07T17:23:04.367+0000][7][gc,age      ] GC(465) - age   5:        952 bytes,    1106624 total
[2024-03-07T17:23:04.367+0000][7][gc,age      ] GC(465) - age   6:        216 bytes,    1106840 total
[2024-03-07T17:23:04.367+0000][7][gc,age      ] GC(465) - age   8:         32 bytes,    1106872 total
[2024-03-07T17:23:04.367+0000][7][gc,age      ] GC(465) - age   9:        184 bytes,    1107056 total
[2024-03-07T17:23:04.367+0000][7][gc,age      ] GC(465) - age  10:       6320 bytes,    1113376 total
[2024-03-07T17:23:04.367+0000][7][gc,age      ] GC(465) - age  12:        184 bytes,    1113560 total
[2024-03-07T17:23:04.367+0000][7][gc,heap     ] GC(465) Eden regions: 152->0(152)
[2024-03-07T17:23:04.367+0000][7][gc,heap     ] GC(465) Survivor regions: 1->1(20)
[2024-03-07T17:23:04.367+0000][7][gc,heap     ] GC(465) Old regions: 25->25
[2024-03-07T17:23:04.367+0000][7][gc,heap     ] GC(465) Archive regions: 2->2
[2024-03-07T17:23:04.367+0000][7][gc,heap     ] GC(465) Humongous regions: 0->0
[2024-03-07T17:23:04.367+0000][7][gc,metaspace] GC(465) Metaspace: 128994K(132480K)->128994K(132480K) NonClass: 112142K(113984K)->112142K(113984K) Class: 16851K(18496K)->16851K(18496K)
[2024-03-07T17:23:04.367+0000][7][gc          ] GC(465) Pause Young (Normal) (G1 Evacuation Pause) 712M->104M(1024M) 1.962ms
[2024-03-07T17:23:04.367+0000][7][gc,cpu      ] GC(465) User=0.01s Sys=0.00s Real=0.01s
[2024-03-07T17:23:04.367+0000][7][safepoint   ] Safepoint "G1CollectForAllocation", Time since last: 11028264643 ns, Reaching safepoint: 35610 ns, At safepoint: 2181251 ns, Total: 2216861 ns
[2024-03-07T17:26:04.423+0000][7][gc,start    ] GC(466) Pause Young (Normal) (G1 Evacuation Pause)
[2024-03-07T17:26:04.423+0000][7][gc,task     ] GC(466) Using 8 workers of 8 for evacuation
[2024-03-07T17:26:04.423+0000][7][gc,age      ] GC(466) Desired survivor size 41943040 bytes, new threshold 15 (max threshold 15)
[2024-03-07T17:26:04.425+0000][7][gc,phases   ] GC(466)   Pre Evacuate Collection Set: 0.1ms
[2024-03-07T17:26:04.425+0000][7][gc,phases   ] GC(466)   Merge Heap Roots: 0.1ms
[2024-03-07T17:26:04.425+0000][7][gc,phases   ] GC(466)   Evacuate Collection Set: 1.7ms
[2024-03-07T17:26:04.425+0000][7][gc,phases   ] GC(466)   Post Evacuate Collection Set: 0.7ms
[2024-03-07T17:26:04.426+0000][7][gc,phases   ] GC(466)   Other: 0.1ms
[2024-03-07T17:26:04.426+0000][7][gc,age      ] GC(466) Age table with threshold 15 (max threshold 15)
[2024-03-07T17:26:04.426+0000][7][gc,age      ] GC(466) - age   1:    1931616 bytes,    1931616 total
[2024-03-07T17:26:04.426+0000][7][gc,age      ] GC(466) - age   2:     138640 bytes,    2070256 total
[2024-03-07T17:26:04.426+0000][7][gc,age      ] GC(466) - age   3:        864 bytes,    2071120 total
[2024-03-07T17:26:04.426+0000][7][gc,age      ] GC(466) - age   4:        128 bytes,    2071248 total
[2024-03-07T17:26:04.426+0000][7][gc,age      ] GC(466) - age   6:         24 bytes,    2071272 total
[2024-03-07T17:26:04.426+0000][7][gc,age      ] GC(466) - age   7:        216 bytes,    2071488 total
[2024-03-07T17:26:04.426+0000][7][gc,age      ] GC(466) - age  10:        184 bytes,    2071672 total
[2024-03-07T17:26:04.426+0000][7][gc,age      ] GC(466) - age  11:       6320 bytes,    2077992 total
[2024-03-07T17:26:04.426+0000][7][gc,age      ] GC(466) - age  13:        184 bytes,    2078176 total
[2024-03-07T17:26:04.426+0000][7][gc,heap     ] GC(466) Eden regions: 152->0(152)
[2024-03-07T17:26:04.426+0000][7][gc,heap     ] GC(466) Survivor regions: 1->1(20)
[2024-03-07T17:26:04.426+0000][7][gc,heap     ] GC(466) Old regions: 25->25
[2024-03-07T17:26:04.426+0000][7][gc,heap     ] GC(466) Archive regions: 2->2
[2024-03-07T17:26:04.426+0000][7][gc,heap     ] GC(466) Humongous regions: 0->0
[2024-03-07T17:26:04.426+0000][7][gc,metaspace] GC(466) Metaspace: 128994K(132480K)->128994K(132480K) NonClass: 112143K(113984K)->112143K(113984K) Class: 16851K(18496K)->16851K(18496K)
[2024-03-07T17:26:04.426+0000][7][gc          ] GC(466) Pause Young (Normal) (G1 Evacuation Pause) 712M->105M(1024M) 3.018ms
[2024-03-07T17:26:04.426+0000][7][gc,cpu      ] GC(466) User=0.01s Sys=0.00s Real=0.00s
[2024-03-07T17:26:04.426+0000][7][safepoint   ] Safepoint "G1CollectForAllocation", Time since last: 180055272795 ns, Reaching safepoint: 38657 ns, At safepoint: 3108034 ns, Total: 3146691 ns
[2024-03-07T17:28:25.450+0000][7][gc,start    ] GC(467) Pause Young (Normal) (G1 Evacuation Pause)
[2024-03-07T17:28:25.450+0000][7][gc,task     ] GC(467) Using 8 workers of 8 for evacuation
[2024-03-07T17:28:25.450+0000][7][gc,age      ] GC(467) Desired survivor size 41943040 bytes, new threshold 15 (max threshold 15)
[2024-03-07T17:28:25.453+0000][7][gc,phases   ] GC(467)   Pre Evacuate Collection Set: 0.1ms
[2024-03-07T17:28:25.453+0000][7][gc,phases   ] GC(467)   Merge Heap Roots: 0.1ms
[2024-03-07T17:28:25.453+0000][7][gc,phases   ] GC(467)   Evacuate Collection Set: 1.7ms
[2024-03-07T17:28:25.453+0000][7][gc,phases   ] GC(467)   Post Evacuate Collection Set: 0.7ms
[2024-03-07T17:28:25.453+0000][7][gc,phases   ] GC(467)   Other: 0.1ms
[2024-03-07T17:28:25.453+0000][7][gc,age      ] GC(467) Age table with threshold 15 (max threshold 15)
[2024-03-07T17:28:25.453+0000][7][gc,age      ] GC(467) - age   1:    1955216 bytes,    1955216 total
[2024-03-07T17:28:25.453+0000][7][gc,age      ] GC(467) - age   2:     220808 bytes,    2176024 total
[2024-03-07T17:28:25.453+0000][7][gc,age      ] GC(467) - age   3:     137072 bytes,    2313096 total
[2024-03-07T17:28:25.453+0000][7][gc,age      ] GC(467) - age   4:        608 bytes,    2313704 total
[2024-03-07T17:28:25.453+0000][7][gc,age      ] GC(467) - age   7:         24 bytes,    2313728 total
[2024-03-07T17:28:25.453+0000][7][gc,age      ] GC(467) - age   8:        184 bytes,    2313912 total
[2024-03-07T17:28:25.453+0000][7][gc,age      ] GC(467) - age  11:        184 bytes,    2314096 total
[2024-03-07T17:28:25.453+0000][7][gc,age      ] GC(467) - age  12:       6320 bytes,    2320416 total
[2024-03-07T17:28:25.453+0000][7][gc,age      ] GC(467) - age  14:        184 bytes,    2320600 total
[2024-03-07T17:28:25.453+0000][7][gc,heap     ] GC(467) Eden regions: 152->0(152)
[2024-03-07T17:28:25.453+0000][7][gc,heap     ] GC(467) Survivor regions: 1->1(20)
[2024-03-07T17:28:25.453+0000][7][gc,heap     ] GC(467) Old regions: 25->25
[2024-03-07T17:28:25.453+0000][7][gc,heap     ] GC(467) Archive regions: 2->2
[2024-03-07T17:28:25.453+0000][7][gc,heap     ] GC(467) Humongous regions: 0->0
[2024-03-07T17:28:25.453+0000][7][gc,metaspace] GC(467) Metaspace: 128994K(132480K)->128994K(132480K) NonClass: 112143K(113984K)->112143K(113984K) Class: 16851K(18496K)->16851K(18496K)
[2024-03-07T17:28:25.453+0000][7][gc          ] GC(467) Pause Young (Normal) (G1 Evacuation Pause) 713M->105M(1024M) 2.948ms
[2024-03-07T17:28:25.453+0000][7][gc,cpu      ] GC(467) User=0.02s Sys=0.00s Real=0.00s
[2024-03-07T17:28:25.453+0000][7][safepoint   ] Safepoint "G1CollectForAllocation", Time since last: 141024479922 ns, Reaching safepoint: 135463 ns, At safepoint: 3037120 ns, Total: 3172583 ns
[2024-03-07T17:30:37.517+0000][7][gc,start    ] GC(468) Pause Young (Normal) (G1 Evacuation Pause)
[2024-03-07T17:30:37.517+0000][7][gc,task     ] GC(468) Using 8 workers of 8 for evacuation
[2024-03-07T17:30:37.517+0000][7][gc,age      ] GC(468) Desired survivor size 41943040 bytes, new threshold 15 (max threshold 15)
[2024-03-07T17:30:37.519+0000][7][gc,phases   ] GC(468)   Pre Evacuate Collection Set: 0.1ms
[2024-03-07T17:30:37.519+0000][7][gc,phases   ] GC(468)   Merge Heap Roots: 0.1ms
[2024-03-07T17:30:37.519+0000][7][gc,phases   ] GC(468)   Evacuate Collection Set: 1.0ms
[2024-03-07T17:30:37.519+0000][7][gc,phases   ] GC(468)   Post Evacuate Collection Set: 0.6ms
[2024-03-07T17:30:37.519+0000][7][gc,phases   ] GC(468)   Other: 0.1ms
[2024-03-07T17:30:37.519+0000][7][gc,age      ] GC(468) Age table with threshold 15 (max threshold 15)
[2024-03-07T17:30:37.519+0000][7][gc,age      ] GC(468) - age   1:    2211800 bytes,    2211800 total
[2024-03-07T17:30:37.519+0000][7][gc,age      ] GC(468) - age   2:      10928 bytes,    2222728 total
[2024-03-07T17:30:37.519+0000][7][gc,age      ] GC(468) - age   3:      93488 bytes,    2316216 total
[2024-03-07T17:30:37.519+0000][7][gc,age      ] GC(468) - age   4:     136520 bytes,    2452736 total
[2024-03-07T17:30:37.519+0000][7][gc,age      ] GC(468) - age   5:         64 bytes,    2452800 total
[2024-03-07T17:30:37.519+0000][7][gc,age      ] GC(468) - age   8:         24 bytes,    2452824 total
[2024-03-07T17:30:37.519+0000][7][gc,age      ] GC(468) - age   9:        184 bytes,    2453008 total
[2024-03-07T17:30:37.519+0000][7][gc,age      ] GC(468) - age  12:        184 bytes,    2453192 total
[2024-03-07T17:30:37.519+0000][7][gc,age      ] GC(468) - age  13:       6320 bytes,    2459512 total
[2024-03-07T17:30:37.519+0000][7][gc,age      ] GC(468) - age  15:        184 bytes,    2459696 total
[2024-03-07T17:30:37.519+0000][7][gc,heap     ] GC(468) Eden regions: 152->0(152)
[2024-03-07T17:30:37.519+0000][7][gc,heap     ] GC(468) Survivor regions: 1->1(20)
[2024-03-07T17:30:37.519+0000][7][gc,heap     ] GC(468) Old regions: 25->25
[2024-03-07T17:30:37.519+0000][7][gc,heap     ] GC(468) Archive regions: 2->2
[2024-03-07T17:30:37.519+0000][7][gc,heap     ] GC(468) Humongous regions: 0->0
[2024-03-07T17:30:37.519+0000][7][gc,metaspace] GC(468) Metaspace: 128994K(132480K)->128994K(132480K) NonClass: 112143K(113984K)->112143K(113984K) Class: 16851K(18496K)->16851K(18496K)
[2024-03-07T17:30:37.519+0000][7][gc          ] GC(468) Pause Young (Normal) (G1 Evacuation Pause) 713M->105M(1024M) 2.019ms
[2024-03-07T17:30:37.519+0000][7][gc,cpu      ] GC(468) User=0.01s Sys=0.00s Real=0.00s
[2024-03-07T17:30:37.519+0000][7][safepoint   ] Safepoint "G1CollectForAllocation", Time since last: 132063668354 ns, Reaching safepoint: 30528 ns, At safepoint: 2109530 ns, Total: 2140058 ns
[2024-03-07T17:32:58.531+0000][7][safepoint   ] Safepoint "Cleanup", Time since last: 141011315356 ns, Reaching safepoint: 53167 ns, At safepoint: 36584 ns, Total: 89751 ns
[2024-03-07T17:33:30.037+0000][7][gc,start    ] GC(469) Pause Young (Normal) (G1 Evacuation Pause)
[2024-03-07T17:33:30.038+0000][7][gc,task     ] GC(469) Using 8 workers of 8 for evacuation
[2024-03-07T17:33:30.038+0000][7][gc,age      ] GC(469) Desired survivor size 41943040 bytes, new threshold 15 (max threshold 15)
[2024-03-07T17:33:30.040+0000][7][gc,phases   ] GC(469)   Pre Evacuate Collection Set: 0.1ms
[2024-03-07T17:33:30.040+0000][7][gc,phases   ] GC(469)   Merge Heap Roots: 0.1ms
[2024-03-07T17:33:30.040+0000][7][gc,phases   ] GC(469)   Evacuate Collection Set: 1.2ms
[2024-03-07T17:33:30.040+0000][7][gc,phases   ] GC(469)   Post Evacuate Collection Set: 0.6ms
[2024-03-07T17:33:30.040+0000][7][gc,phases   ] GC(469)   Other: 0.1ms
[2024-03-07T17:33:30.040+0000][7][gc,age      ] GC(469) Age table with threshold 15 (max threshold 15)
[2024-03-07T17:33:30.040+0000][7][gc,age      ] GC(469) - age   1:    1075224 bytes,    1075224 total
[2024-03-07T17:33:30.040+0000][7][gc,age      ] GC(469) - age   2:     130344 bytes,    1205568 total
[2024-03-07T17:33:30.040+0000][7][gc,age      ] GC(469) - age   3:        344 bytes,    1205912 total
[2024-03-07T17:33:30.040+0000][7][gc,age      ] GC(469) - age   4:      92448 bytes,    1298360 total
[2024-03-07T17:33:30.040+0000][7][gc,age      ] GC(469) - age   5:     132888 bytes,    1431248 total
[2024-03-07T17:33:30.040+0000][7][gc,age      ] GC(469) - age   9:         24 bytes,    1431272 total
[2024-03-07T17:33:30.040+0000][7][gc,age      ] GC(469) - age  10:        184 bytes,    1431456 total
[2024-03-07T17:33:30.040+0000][7][gc,age      ] GC(469) - age  14:       6320 bytes,    1437776 total
[2024-03-07T17:33:30.040+0000][7][gc,heap     ] GC(469) Eden regions: 152->0(152)
[2024-03-07T17:33:30.040+0000][7][gc,heap     ] GC(469) Survivor regions: 1->1(20)
[2024-03-07T17:33:30.040+0000][7][gc,heap     ] GC(469) Old regions: 25->25
[2024-03-07T17:33:30.040+0000][7][gc,heap     ] GC(469) Archive regions: 2->2
[2024-03-07T17:33:30.040+0000][7][gc,heap     ] GC(469) Humongous regions: 0->0
[2024-03-07T17:33:30.040+0000][7][gc,metaspace] GC(469) Metaspace: 128998K(132480K)->128998K(132480K) NonClass: 112146K(113984K)->112146K(113984K) Class: 16851K(18496K)->16851K(18496K)
[2024-03-07T17:33:30.040+0000][7][gc          ] GC(469) Pause Young (Normal) (G1 Evacuation Pause) 713M->104M(1024M) 2.398ms
[2024-03-07T17:33:30.040+0000][7][gc,cpu      ] GC(469) User=0.01s Sys=0.00s Real=0.00s
[2024-03-07T17:33:30.040+0000][7][safepoint   ] Safepoint "G1CollectForAllocation", Time since last: 31506818019 ns, Reaching safepoint: 44040 ns, At safepoint: 2472193 ns, Total: 2516233 ns
[2024-03-07T17:36:22.509+0000][7][gc,start    ] GC(470) Pause Young (Normal) (G1 Evacuation Pause)
[2024-03-07T17:36:22.509+0000][7][gc,task     ] GC(470) Using 8 workers of 8 for evacuation
[2024-03-07T17:36:22.509+0000][7][gc,age      ] GC(470) Desired survivor size 41943040 bytes, new threshold 15 (max threshold 15)
[2024-03-07T17:36:22.512+0000][7][gc,phases   ] GC(470)   Pre Evacuate Collection Set: 0.1ms
[2024-03-07T17:36:22.512+0000][7][gc,phases   ] GC(470)   Merge Heap Roots: 0.0ms
[2024-03-07T17:36:22.512+0000][7][gc,phases   ] GC(470)   Evacuate Collection Set: 1.5ms
[2024-03-07T17:36:22.512+0000][7][gc,phases   ] GC(470)   Post Evacuate Collection Set: 1.0ms
[2024-03-07T17:36:22.512+0000][7][gc,phases   ] GC(470)   Other: 0.1ms
[2024-03-07T17:36:22.512+0000][7][gc,age      ] GC(470) Age table with threshold 15 (max threshold 15)
[2024-03-07T17:36:22.512+0000][7][gc,age      ] GC(470) - age   1:    2057488 bytes,    2057488 total
[2024-03-07T17:36:22.512+0000][7][gc,age      ] GC(470) - age   2:      51152 bytes,    2108640 total
[2024-03-07T17:36:22.512+0000][7][gc,age      ] GC(470) - age   3:     127040 bytes,    2235680 total
[2024-03-07T17:36:22.512+0000][7][gc,age      ] GC(470) - age   4:        184 bytes,    2235864 total
[2024-03-07T17:36:22.512+0000][7][gc,age      ] GC(470) - age   5:      92384 bytes,    2328248 total
[2024-03-07T17:36:22.512+0000][7][gc,age      ] GC(470) - age   6:     132888 bytes,    2461136 total
[2024-03-07T17:36:22.512+0000][7][gc,age      ] GC(470) - age  11:        184 bytes,    2461320 total
[2024-03-07T17:36:22.512+0000][7][gc,age      ] GC(470) - age  15:       6320 bytes,    2467640 total
[2024-03-07T17:36:22.512+0000][7][gc,heap     ] GC(470) Eden regions: 152->0(152)
[2024-03-07T17:36:22.512+0000][7][gc,heap     ] GC(470) Survivor regions: 1->1(20)
[2024-03-07T17:36:22.512+0000][7][gc,heap     ] GC(470) Old regions: 25->25
[2024-03-07T17:36:22.512+0000][7][gc,heap     ] GC(470) Archive regions: 2->2
[2024-03-07T17:36:22.512+0000][7][gc,heap     ] GC(470) Humongous regions: 0->0
[2024-03-07T17:36:22.512+0000][7][gc,metaspace] GC(470) Metaspace: 128998K(132480K)->128998K(132480K) NonClass: 112146K(113984K)->112146K(113984K) Class: 16851K(18496K)->16851K(18496K)
[2024-03-07T17:36:22.512+0000][7][gc          ] GC(470) Pause Young (Normal) (G1 Evacuation Pause) 712M->105M(1024M) 2.958ms
[2024-03-07T17:36:22.512+0000][7][gc,cpu      ] GC(470) User=0.01s Sys=0.00s Real=0.00s
[2024-03-07T17:36:22.512+0000][7][safepoint   ] Safepoint "G1CollectForAllocation", Time since last: 172469330500 ns, Reaching safepoint: 29542 ns, At safepoint: 3062875 ns, Total: 3092417 ns
[2024-03-07T17:39:04.464+0000][7][gc,start    ] GC(471) Pause Young (Normal) (G1 Evacuation Pause)
[2024-03-07T17:39:04.464+0000][7][gc,task     ] GC(471) Using 8 workers of 8 for evacuation
[2024-03-07T17:39:04.464+0000][7][gc,age      ] GC(471) Desired survivor size 41943040 bytes, new threshold 15 (max threshold 15)
[2024-03-07T17:39:04.465+0000][7][gc,phases   ] GC(471)   Pre Evacuate Collection Set: 0.1ms
[2024-03-07T17:39:04.465+0000][7][gc,phases   ] GC(471)   Merge Heap Roots: 0.0ms
[2024-03-07T17:39:04.465+0000][7][gc,phases   ] GC(471)   Evacuate Collection Set: 0.8ms
[2024-03-07T17:39:04.465+0000][7][gc,phases   ] GC(471)   Post Evacuate Collection Set: 0.5ms
[2024-03-07T17:39:04.465+0000][7][gc,phases   ] GC(471)   Other: 0.1ms
[2024-03-07T17:39:04.465+0000][7][gc,age      ] GC(471) Age table with threshold 15 (max threshold 15)
[2024-03-07T17:39:04.465+0000][7][gc,age      ] GC(471) - age   1:    1071056 bytes,    1071056 total
[2024-03-07T17:39:04.465+0000][7][gc,age      ] GC(471) - age   2:      11000 bytes,    1082056 total
[2024-03-07T17:39:04.465+0000][7][gc,age      ] GC(471) - age   3:      48632 bytes,    1130688 total
[2024-03-07T17:39:04.465+0000][7][gc,age      ] GC(471) - age   4:     126912 bytes,    1257600 total
[2024-03-07T17:39:04.465+0000][7][gc,age      ] GC(471) - age   5:        184 bytes,    1257784 total
[2024-03-07T17:39:04.465+0000][7][gc,age      ] GC(471) - age   6:      92320 bytes,    1350104 total
[2024-03-07T17:39:04.465+0000][7][gc,age      ] GC(471) - age   7:     132496 bytes,    1482600 total
[2024-03-07T17:39:04.465+0000][7][gc,heap     ] GC(471) Eden regions: 152->0(152)
[2024-03-07T17:39:04.465+0000][7][gc,heap     ] GC(471) Survivor regions: 1->1(20)
[2024-03-07T17:39:04.465+0000][7][gc,heap     ] GC(471) Old regions: 25->25
[2024-03-07T17:39:04.465+0000][7][gc,heap     ] GC(471) Archive regions: 2->2
[2024-03-07T17:39:04.465+0000][7][gc,heap     ] GC(471) Humongous regions: 0->0
[2024-03-07T17:39:04.465+0000][7][gc,metaspace] GC(471) Metaspace: 128998K(132480K)->128998K(132480K) NonClass: 112146K(113984K)->112146K(113984K) Class: 16851K(18496K)->16851K(18496K)
[2024-03-07T17:39:04.465+0000][7][gc          ] GC(471) Pause Young (Normal) (G1 Evacuation Pause) 713M->104M(1024M) 1.692ms
[2024-03-07T17:39:04.465+0000][7][gc,cpu      ] GC(471) User=0.01s Sys=0.00s Real=0.00s
[2024-03-07T17:39:04.465+0000][7][safepoint   ] Safepoint "G1CollectForAllocation", Time since last: 161951107140 ns, Reaching safepoint: 58256 ns, At safepoint: 1765305 ns, Total: 1823561 ns
[2024-03-07T17:41:48.196+0000][7][gc,start    ] GC(472) Pause Young (Normal) (G1 Evacuation Pause)
[2024-03-07T17:41:48.196+0000][7][gc,task     ] GC(472) Using 8 workers of 8 for evacuation
[2024-03-07T17:41:48.196+0000][7][gc,age      ] GC(472) Desired survivor size 41943040 bytes, new threshold 15 (max threshold 15)
[2024-03-07T17:41:48.198+0000][7][gc,phases   ] GC(472)   Pre Evacuate Collection Set: 0.1ms
[2024-03-07T17:41:48.198+0000][7][gc,phases   ] GC(472)   Merge Heap Roots: 0.1ms
[2024-03-07T17:41:48.198+0000][7][gc,phases   ] GC(472)   Evacuate Collection Set: 1.3ms
[2024-03-07T17:41:48.198+0000][7][gc,phases   ] GC(472)   Post Evacuate Collection Set: 0.6ms
[2024-03-07T17:41:48.198+0000][7][gc,phases   ] GC(472)   Other: 0.1ms
[2024-03-07T17:41:48.198+0000][7][gc,age      ] GC(472) Age table with threshold 15 (max threshold 15)
[2024-03-07T17:41:48.198+0000][7][gc,age      ] GC(472) - age   1:    1703312 bytes,    1703312 total
[2024-03-07T17:41:48.198+0000][7][gc,age      ] GC(472) - age   2:      10080 bytes,    1713392 total
[2024-03-07T17:41:48.198+0000][7][gc,age      ] GC(472) - age   3:       7832 bytes,    1721224 total
[2024-03-07T17:41:48.198+0000][7][gc,age      ] GC(472) - age   4:      47728 bytes,    1768952 total
[2024-03-07T17:41:48.198+0000][7][gc,age      ] GC(472) - age   5:     126848 bytes,    1895800 total
[2024-03-07T17:41:48.198+0000][7][gc,age      ] GC(472) - age   6:        184 bytes,    1895984 total
[2024-03-07T17:41:48.198+0000][7][gc,age      ] GC(472) - age   7:      92288 bytes,    1988272 total
[2024-03-07T17:41:48.198+0000][7][gc,age      ] GC(472) - age   8:     132112 bytes,    2120384 total
[2024-03-07T17:41:48.199+0000][7][gc,heap     ] GC(472) Eden regions: 152->0(152)
[2024-03-07T17:41:48.199+0000][7][gc,heap     ] GC(472) Survivor regions: 1->1(20)
[2024-03-07T17:41:48.199+0000][7][gc,heap     ] GC(472) Old regions: 25->25
[2024-03-07T17:41:48.199+0000][7][gc,heap     ] GC(472) Archive regions: 2->2
[2024-03-07T17:41:48.199+0000][7][gc,heap     ] GC(472) Humongous regions: 0->0
[2024-03-07T17:41:48.199+0000][7][gc,metaspace] GC(472) Metaspace: 128999K(132480K)->128999K(132480K) NonClass: 112148K(113984K)->112148K(113984K) Class: 16851K(18496K)->16851K(18496K)
[2024-03-07T17:41:48.199+0000][7][gc          ] GC(472) Pause Young (Normal) (G1 Evacuation Pause) 712M->105M(1024M) 2.230ms
[2024-03-07T17:41:48.199+0000][7][gc,cpu      ] GC(472) User=0.01s Sys=0.00s Real=0.00s
[2024-03-07T17:41:48.199+0000][7][safepoint   ] Safepoint "G1CollectForAllocation", Time since last: 163117498458 ns, Reaching safepoint: 62149 ns, At safepoint: 2297970 ns, Total: 2360119 ns
[2024-03-07T17:44:47.095+0000][7][gc,start    ] GC(473) Pause Young (Normal) (G1 Evacuation Pause)
[2024-03-07T17:44:47.095+0000][7][gc,task     ] GC(473) Using 8 workers of 8 for evacuation
[2024-03-07T17:44:47.095+0000][7][gc,age      ] GC(473) Desired survivor size 41943040 bytes, new threshold 15 (max threshold 15)
[2024-03-07T17:44:47.097+0000][7][gc,phases   ] GC(473)   Pre Evacuate Collection Set: 0.1ms
[2024-03-07T17:44:47.097+0000][7][gc,phases   ] GC(473)   Merge Heap Roots: 0.1ms
[2024-03-07T17:44:47.097+0000][7][gc,phases   ] GC(473)   Evacuate Collection Set: 0.9ms
[2024-03-07T17:44:47.097+0000][7][gc,phases   ] GC(473)   Post Evacuate Collection Set: 0.6ms
[2024-03-07T17:44:47.097+0000][7][gc,phases   ] GC(473)   Other: 0.1ms
[2024-03-07T17:44:47.097+0000][7][gc,age      ] GC(473) Age table with threshold 15 (max threshold 15)
[2024-03-07T17:44:47.097+0000][7][gc,age      ] GC(473) - age   1:     796712 bytes,     796712 total
[2024-03-07T17:44:47.097+0000][7][gc,age      ] GC(473) - age   2:       4104 bytes,     800816 total
[2024-03-07T17:44:47.097+0000][7][gc,age      ] GC(473) - age   3:       7832 bytes,     808648 total
[2024-03-07T17:44:47.097+0000][7][gc,age      ] GC(473) - age   4:       6424 bytes,     815072 total
[2024-03-07T17:44:47.097+0000][7][gc,age      ] GC(473) - age   5:      44080 bytes,     859152 total
[2024-03-07T17:44:47.097+0000][7][gc,age      ] GC(473) - age   6:     126848 bytes,     986000 total
[2024-03-07T17:44:47.097+0000][7][gc,age      ] GC(473) - age   7:        184 bytes,     986184 total
[2024-03-07T17:44:47.097+0000][7][gc,age      ] GC(473) - age   8:      92224 bytes,    1078408 total
[2024-03-07T17:44:47.097+0000][7][gc,age      ] GC(473) - age   9:     132112 bytes,    1210520 total
[2024-03-07T17:44:47.097+0000][7][gc,heap     ] GC(473) Eden regions: 152->0(152)
[2024-03-07T17:44:47.097+0000][7][gc,heap     ] GC(473) Survivor regions: 1->1(20)
[2024-03-07T17:44:47.097+0000][7][gc,heap     ] GC(473) Old regions: 25->25
[2024-03-07T17:44:47.097+0000][7][gc,heap     ] GC(473) Archive regions: 2->2
[2024-03-07T17:44:47.097+0000][7][gc,heap     ] GC(473) Humongous regions: 0->0
[2024-03-07T17:44:47.097+0000][7][gc,metaspace] GC(473) Metaspace: 128999K(132480K)->128999K(132480K) NonClass: 112148K(113984K)->112148K(113984K) Class: 16851K(18496K)->16851K(18496K)
[2024-03-07T17:44:47.097+0000][7][gc          ] GC(473) Pause Young (Normal) (G1 Evacuation Pause) 713M->104M(1024M) 1.958ms
[2024-03-07T17:44:47.097+0000][7][gc,cpu      ] GC(473) User=0.00s Sys=0.01s Real=0.00s
[2024-03-07T17:44:47.097+0000][7][safepoint   ] Safepoint "G1CollectForAllocation", Time since last: 178896606365 ns, Reaching safepoint: 51169 ns, At safepoint: 2046220 ns, Total: 2097389 ns
[2024-03-07T17:47:44.118+0000][7][gc,start    ] GC(474) Pause Young (Normal) (G1 Evacuation Pause)
[2024-03-07T17:47:44.118+0000][7][gc,task     ] GC(474) Using 8 workers of 8 for evacuation
[2024-03-07T17:47:44.118+0000][7][gc,age      ] GC(474) Desired survivor size 41943040 bytes, new threshold 15 (max threshold 15)
[2024-03-07T17:47:44.120+0000][7][gc,phases   ] GC(474)   Pre Evacuate Collection Set: 0.1ms
[2024-03-07T17:47:44.120+0000][7][gc,phases   ] GC(474)   Merge Heap Roots: 0.1ms
[2024-03-07T17:47:44.120+0000][7][gc,phases   ] GC(474)   Evacuate Collection Set: 1.3ms
[2024-03-07T17:47:44.120+0000][7][gc,phases   ] GC(474)   Post Evacuate Collection Set: 0.7ms
[2024-03-07T17:47:44.120+0000][7][gc,phases   ] GC(474)   Other: 0.1ms
[2024-03-07T17:47:44.120+0000][7][gc,age      ] GC(474) Age table with threshold 15 (max threshold 15)
[2024-03-07T17:47:44.120+0000][7][gc,age      ] GC(474) - age   1:     974520 bytes,     974520 total
[2024-03-07T17:47:44.120+0000][7][gc,age      ] GC(474) - age   2:       5336 bytes,     979856 total
[2024-03-07T17:47:44.120+0000][7][gc,age      ] GC(474) - age   3:       1392 bytes,     981248 total
[2024-03-07T17:47:44.120+0000][7][gc,age      ] GC(474) - age   4:       7448 bytes,     988696 total
[2024-03-07T17:47:44.120+0000][7][gc,age      ] GC(474) - age   5:       6360 bytes,     995056 total
[2024-03-07T17:47:44.120+0000][7][gc,age      ] GC(474) - age   6:      36064 bytes,    1031120 total
[2024-03-07T17:47:44.120+0000][7][gc,age      ] GC(474) - age   7:     126848 bytes,    1157968 total
[2024-03-07T17:47:44.120+0000][7][gc,age      ] GC(474) - age   9:      92224 bytes,    1250192 total
[2024-03-07T17:47:44.120+0000][7][gc,age      ] GC(474) - age  10:     132112 bytes,    1382304 total
[2024-03-07T17:47:44.120+0000][7][gc,heap     ] GC(474) Eden regions: 152->0(152)
[2024-03-07T17:47:44.120+0000][7][gc,heap     ] GC(474) Survivor regions: 1->1(20)
[2024-03-07T17:47:44.120+0000][7][gc,heap     ] GC(474) Old regions: 25->25
[2024-03-07T17:47:44.120+0000][7][gc,heap     ] GC(474) Archive regions: 2->2
[2024-03-07T17:47:44.120+0000][7][gc,heap     ] GC(474) Humongous regions: 0->0
[2024-03-07T17:47:44.120+0000][7][gc,metaspace] GC(474) Metaspace: 128999K(132480K)->128999K(132480K) NonClass: 112148K(113984K)->112148K(113984K) Class: 16851K(18496K)->16851K(18496K)
[2024-03-07T17:47:44.120+0000][7][gc          ] GC(474) Pause Young (Normal) (G1 Evacuation Pause) 712M->104M(1024M) 2.547ms
[2024-03-07T17:47:44.121+0000][7][gc,cpu      ] GC(474) User=0.01s Sys=0.00s Real=0.01s
[2024-03-07T17:47:44.121+0000][7][safepoint   ] Safepoint "G1CollectForAllocation", Time since last: 177020548450 ns, Reaching safepoint: 67149 ns, At safepoint: 2644645 ns, Total: 2711794 ns
[2024-03-07T17:50:08.063+0000][7][gc,start    ] GC(475) Pause Young (Normal) (G1 Evacuation Pause)
[2024-03-07T17:50:08.063+0000][7][gc,task     ] GC(475) Using 8 workers of 8 for evacuation
[2024-03-07T17:50:08.063+0000][7][gc,age      ] GC(475) Desired survivor size 41943040 bytes, new threshold 15 (max threshold 15)
[2024-03-07T17:50:08.065+0000][7][gc,phases   ] GC(475)   Pre Evacuate Collection Set: 0.1ms
[2024-03-07T17:50:08.065+0000][7][gc,phases   ] GC(475)   Merge Heap Roots: 0.1ms
[2024-03-07T17:50:08.065+0000][7][gc,phases   ] GC(475)   Evacuate Collection Set: 1.4ms
[2024-03-07T17:50:08.065+0000][7][gc,phases   ] GC(475)   Post Evacuate Collection Set: 0.6ms
[2024-03-07T17:50:08.065+0000][7][gc,phases   ] GC(475)   Other: 0.1ms
[2024-03-07T17:50:08.065+0000][7][gc,age      ] GC(475) Age table with threshold 15 (max threshold 15)
[2024-03-07T17:50:08.065+0000][7][gc,age      ] GC(475) - age   1:    1092200 bytes,    1092200 total
[2024-03-07T17:50:08.065+0000][7][gc,age      ] GC(475) - age   2:      13432 bytes,    1105632 total
[2024-03-07T17:50:08.065+0000][7][gc,age      ] GC(475) - age   3:       4216 bytes,    1109848 total
[2024-03-07T17:50:08.065+0000][7][gc,age      ] GC(475) - age   4:       1232 bytes,    1111080 total
[2024-03-07T17:50:08.065+0000][7][gc,age      ] GC(475) - age   5:       6960 bytes,    1118040 total
[2024-03-07T17:50:08.065+0000][7][gc,age      ] GC(475) - age   6:       6360 bytes,    1124400 total
[2024-03-07T17:50:08.065+0000][7][gc,age      ] GC(475) - age   7:      36064 bytes,    1160464 total
[2024-03-07T17:50:08.065+0000][7][gc,age      ] GC(475) - age   8:     126848 bytes,    1287312 total
[2024-03-07T17:50:08.065+0000][7][gc,age      ] GC(475) - age  10:      92200 bytes,    1379512 total
[2024-03-07T17:50:08.065+0000][7][gc,age      ] GC(475) - age  11:     132112 bytes,    1511624 total
[2024-03-07T17:50:08.065+0000][7][gc,heap     ] GC(475) Eden regions: 152->0(152)
[2024-03-07T17:50:08.065+0000][7][gc,heap     ] GC(475) Survivor regions: 1->1(20)
[2024-03-07T17:50:08.065+0000][7][gc,heap     ] GC(475) Old regions: 25->25
[2024-03-07T17:50:08.065+0000][7][gc,heap     ] GC(475) Archive regions: 2->2
[2024-03-07T17:50:08.065+0000][7][gc,heap     ] GC(475) Humongous regions: 0->0
[2024-03-07T17:50:08.065+0000][7][gc,metaspace] GC(475) Metaspace: 128999K(132480K)->128999K(132480K) NonClass: 112148K(113984K)->112148K(113984K) Class: 16851K(18496K)->16851K(18496K)
[2024-03-07T17:50:08.065+0000][7][gc          ] GC(475) Pause Young (Normal) (G1 Evacuation Pause) 712M->104M(1024M) 2.589ms
[2024-03-07T17:50:08.065+0000][7][gc,cpu      ] GC(475) User=0.01s Sys=0.00s Real=0.00s
[2024-03-07T17:50:08.065+0000][7][safepoint   ] Safepoint "G1CollectForAllocation", Time since last: 143942029216 ns, Reaching safepoint: 44482 ns, At safepoint: 2668180 ns, Total: 2712662 ns
[2024-03-07T17:53:08.152+0000][7][gc,start    ] GC(476) Pause Young (Normal) (G1 Evacuation Pause)
[2024-03-07T17:53:08.153+0000][7][gc,task     ] GC(476) Using 8 workers of 8 for evacuation
[2024-03-07T17:53:08.153+0000][7][gc,age      ] GC(476) Desired survivor size 41943040 bytes, new threshold 15 (max threshold 15)
[2024-03-07T17:53:08.156+0000][7][gc,phases   ] GC(476)   Pre Evacuate Collection Set: 0.1ms
[2024-03-07T17:53:08.156+0000][7][gc,phases   ] GC(476)   Merge Heap Roots: 0.1ms
[2024-03-07T17:53:08.156+0000][7][gc,phases   ] GC(476)   Evacuate Collection Set: 2.3ms
[2024-03-07T17:53:08.156+0000][7][gc,phases   ] GC(476)   Post Evacuate Collection Set: 0.9ms
[2024-03-07T17:53:08.156+0000][7][gc,phases   ] GC(476)   Other: 0.1ms
[2024-03-07T17:53:08.156+0000][7][gc,age      ] GC(476) Age table with threshold 15 (max threshold 15)
[2024-03-07T17:53:08.156+0000][7][gc,age      ] GC(476) - age   1:    1256784 bytes,    1256784 total
[2024-03-07T17:53:08.156+0000][7][gc,age      ] GC(476) - age   2:       3408 bytes,    1260192 total
[2024-03-07T17:53:08.156+0000][7][gc,age      ] GC(476) - age   3:      11536 bytes,    1271728 total
[2024-03-07T17:53:08.156+0000][7][gc,age      ] GC(476) - age   4:        248 bytes,    1271976 total
[2024-03-07T17:53:08.156+0000][7][gc,age      ] GC(476) - age   5:        544 bytes,    1272520 total
[2024-03-07T17:53:08.156+0000][7][gc,age      ] GC(476) - age   6:       6320 bytes,    1278840 total
[2024-03-07T17:53:08.156+0000][7][gc,age      ] GC(476) - age   7:       6360 bytes,    1285200 total
[2024-03-07T17:53:08.156+0000][7][gc,age      ] GC(476) - age   8:      36032 bytes,    1321232 total
[2024-03-07T17:53:08.156+0000][7][gc,age      ] GC(476) - age   9:     126664 bytes,    1447896 total
[2024-03-07T17:53:08.156+0000][7][gc,age      ] GC(476) - age  11:      92200 bytes,    1540096 total
[2024-03-07T17:53:08.156+0000][7][gc,age      ] GC(476) - age  12:     132112 bytes,    1672208 total
[2024-03-07T17:53:08.156+0000][7][gc,heap     ] GC(476) Eden regions: 152->0(152)
[2024-03-07T17:53:08.156+0000][7][gc,heap     ] GC(476) Survivor regions: 1->1(20)
[2024-03-07T17:53:08.156+0000][7][gc,heap     ] GC(476) Old regions: 25->25
[2024-03-07T17:53:08.156+0000][7][gc,heap     ] GC(476) Archive regions: 2->2
[2024-03-07T17:53:08.156+0000][7][gc,heap     ] GC(476) Humongous regions: 0->0
[2024-03-07T17:53:08.156+0000][7][gc,metaspace] GC(476) Metaspace: 129000K(132480K)->129000K(132480K) NonClass: 112149K(113984K)->112149K(113984K) Class: 16851K(18496K)->16851K(18496K)
[2024-03-07T17:53:08.156+0000][7][gc          ] GC(476) Pause Young (Normal) (G1 Evacuation Pause) 712M->104M(1024M) 3.723ms
[2024-03-07T17:53:08.156+0000][7][gc,cpu      ] GC(476) User=0.01s Sys=0.00s Real=0.00s
[2024-03-07T17:53:08.156+0000][7][safepoint   ] Safepoint "G1CollectForAllocation", Time since last: 180087018764 ns, Reaching safepoint: 111406 ns, At safepoint: 3818702 ns, Total: 3930108 ns
[2024-03-07T17:53:38.161+0000][7][safepoint   ] Safepoint "Cleanup", Time since last: 30004847888 ns, Reaching safepoint: 65236 ns, At safepoint: 51978 ns, Total: 117214 ns
[2024-03-07T17:55:28.178+0000][7][safepoint   ] Safepoint "Cleanup", Time since last: 110016441415 ns, Reaching safepoint: 78182 ns, At safepoint: 48531 ns, Total: 126713 ns
[2024-03-07T17:56:05.184+0000][7][gc,start    ] GC(477) Pause Young (Normal) (G1 Evacuation Pause)
[2024-03-07T17:56:05.184+0000][7][gc,task     ] GC(477) Using 8 workers of 8 for evacuation
[2024-03-07T17:56:05.184+0000][7][gc,age      ] GC(477) Desired survivor size 41943040 bytes, new threshold 15 (max threshold 15)
[2024-03-07T17:56:05.186+0000][7][gc,phases   ] GC(477)   Pre Evacuate Collection Set: 0.1ms
[2024-03-07T17:56:05.186+0000][7][gc,phases   ] GC(477)   Merge Heap Roots: 0.1ms
[2024-03-07T17:56:05.186+0000][7][gc,phases   ] GC(477)   Evacuate Collection Set: 1.1ms
[2024-03-07T17:56:05.186+0000][7][gc,phases   ] GC(477)   Post Evacuate Collection Set: 0.5ms
[2024-03-07T17:56:05.186+0000][7][gc,phases   ] GC(477)   Other: 0.1ms
[2024-03-07T17:56:05.186+0000][7][gc,age      ] GC(477) Age table with threshold 15 (max threshold 15)
[2024-03-07T17:56:05.186+0000][7][gc,age      ] GC(477) - age   1:    2067120 bytes,    2067120 total
[2024-03-07T17:56:05.186+0000][7][gc,age      ] GC(477) - age   2:       7616 bytes,    2074736 total
[2024-03-07T17:56:05.186+0000][7][gc,age      ] GC(477) - age   3:        400 bytes,    2075136 total
[2024-03-07T17:56:05.186+0000][7][gc,age      ] GC(477) - age   4:      10624 bytes,    2085760 total
[2024-03-07T17:56:05.186+0000][7][gc,age      ] GC(477) - age   5:        248 bytes,    2086008 total
[2024-03-07T17:56:05.186+0000][7][gc,age      ] GC(477) - age   6:        416 bytes,    2086424 total
[2024-03-07T17:56:05.186+0000][7][gc,age      ] GC(477) - age   7:       6320 bytes,    2092744 total
[2024-03-07T17:56:05.186+0000][7][gc,age      ] GC(477) - age   8:       6360 bytes,    2099104 total
[2024-03-07T17:56:05.186+0000][7][gc,age      ] GC(477) - age   9:      36032 bytes,    2135136 total
[2024-03-07T17:56:05.186+0000][7][gc,age      ] GC(477) - age  10:     126664 bytes,    2261800 total
[2024-03-07T17:56:05.186+0000][7][gc,age      ] GC(477) - age  12:      92200 bytes,    2354000 total
[2024-03-07T17:56:05.186+0000][7][gc,age      ] GC(477) - age  13:     132112 bytes,    2486112 total
[2024-03-07T17:56:05.186+0000][7][gc,heap     ] GC(477) Eden regions: 152->0(152)
[2024-03-07T17:56:05.186+0000][7][gc,heap     ] GC(477) Survivor regions: 1->1(20)
[2024-03-07T17:56:05.186+0000][7][gc,heap     ] GC(477) Old regions: 25->25
[2024-03-07T17:56:05.186+0000][7][gc,heap     ] GC(477) Archive regions: 2->2
[2024-03-07T17:56:05.186+0000][7][gc,heap     ] GC(477) Humongous regions: 0->0
[2024-03-07T17:56:05.186+0000][7][gc,metaspace] GC(477) Metaspace: 129000K(132480K)->129000K(132480K) NonClass: 112149K(113984K)->112149K(113984K) Class: 16851K(18496K)->16851K(18496K)
[2024-03-07T17:56:05.186+0000][7][gc          ] GC(477) Pause Young (Normal) (G1 Evacuation Pause) 712M->105M(1024M) 1.980ms
[2024-03-07T17:56:05.186+0000][7][gc,cpu      ] GC(477) User=0.01s Sys=0.00s Real=0.00s
[2024-03-07T17:56:05.186+0000][7][safepoint   ] Safepoint "G1CollectForAllocation", Time since last: 37006317344 ns, Reaching safepoint: 95900 ns, At safepoint: 2046895 ns, Total: 2142795 ns
[2024-03-07T17:58:12.205+0000][7][safepoint   ] Safepoint "Cleanup", Time since last: 127018624775 ns, Reaching safepoint: 91041 ns, At safepoint: 40660 ns, Total: 131701 ns
[2024-03-07T17:58:38.573+0000][7][safepoint   ] Safepoint "Cleanup", Time since last: 26368292477 ns, Reaching safepoint: 111373 ns, At safepoint: 9728 ns, Total: 121101 ns
[2024-03-07T17:59:05.088+0000][7][gc,start    ] GC(478) Pause Young (Normal) (G1 Evacuation Pause)
[2024-03-07T17:59:05.088+0000][7][gc,task     ] GC(478) Using 8 workers of 8 for evacuation
[2024-03-07T17:59:05.088+0000][7][gc,age      ] GC(478) Desired survivor size 41943040 bytes, new threshold 15 (max threshold 15)
[2024-03-07T17:59:05.090+0000][7][gc,phases   ] GC(478)   Pre Evacuate Collection Set: 0.1ms
[2024-03-07T17:59:05.090+0000][7][gc,phases   ] GC(478)   Merge Heap Roots: 0.1ms
[2024-03-07T17:59:05.090+0000][7][gc,phases   ] GC(478)   Evacuate Collection Set: 0.9ms
[2024-03-07T17:59:05.090+0000][7][gc,phases   ] GC(478)   Post Evacuate Collection Set: 0.8ms
[2024-03-07T17:59:05.090+0000][7][gc,phases   ] GC(478)   Other: 0.1ms
[2024-03-07T17:59:05.090+0000][7][gc,age      ] GC(478) Age table with threshold 15 (max threshold 15)
[2024-03-07T17:59:05.090+0000][7][gc,age      ] GC(478) - age   1:     259304 bytes,     259304 total
[2024-03-07T17:59:05.090+0000][7][gc,age      ] GC(478) - age   2:       3096 bytes,     262400 total
[2024-03-07T17:59:05.090+0000][7][gc,age      ] GC(478) - age   3:       5600 bytes,     268000 total
[2024-03-07T17:59:05.090+0000][7][gc,age      ] GC(478) - age   4:        336 bytes,     268336 total
[2024-03-07T17:59:05.090+0000][7][gc,age      ] GC(478) - age   5:       2544 bytes,     270880 total
[2024-03-07T17:59:05.090+0000][7][gc,age      ] GC(478) - age   6:         64 bytes,     270944 total
[2024-03-07T17:59:05.090+0000][7][gc,age      ] GC(478) - age   7:        416 bytes,     271360 total
[2024-03-07T17:59:05.090+0000][7][gc,age      ] GC(478) - age   8:       6320 bytes,     277680 total
[2024-03-07T17:59:05.090+0000][7][gc,age      ] GC(478) - age   9:       6360 bytes,     284040 total
[2024-03-07T17:59:05.090+0000][7][gc,age      ] GC(478) - age  10:      36032 bytes,     320072 total
[2024-03-07T17:59:05.090+0000][7][gc,age      ] GC(478) - age  11:     126664 bytes,     446736 total
[2024-03-07T17:59:05.090+0000][7][gc,age      ] GC(478) - age  13:      92200 bytes,     538936 total
[2024-03-07T17:59:05.090+0000][7][gc,age      ] GC(478) - age  14:     132112 bytes,     671048 total
[2024-03-07T17:59:05.090+0000][7][gc,heap     ] GC(478) Eden regions: 152->0(152)
[2024-03-07T17:59:05.090+0000][7][gc,heap     ] GC(478) Survivor regions: 1->1(20)
[2024-03-07T17:59:05.090+0000][7][gc,heap     ] GC(478) Old regions: 25->25
[2024-03-07T17:59:05.090+0000][7][gc,heap     ] GC(478) Archive regions: 2->2
[2024-03-07T17:59:05.090+0000][7][gc,heap     ] GC(478) Humongous regions: 0->0
[2024-03-07T17:59:05.090+0000][7][gc,metaspace] GC(478) Metaspace: 129000K(132480K)->129000K(132480K) NonClass: 112149K(113984K)->112149K(113984K) Class: 16851K(18496K)->16851K(18496K)
[2024-03-07T17:59:05.090+0000][7][gc          ] GC(478) Pause Young (Normal) (G1 Evacuation Pause) 713M->104M(1024M) 2.246ms
[2024-03-07T17:59:05.090+0000][7][gc,cpu      ] GC(478) User=0.01s Sys=0.00s Real=0.00s
[2024-03-07T17:59:05.090+0000][7][safepoint   ] Safepoint "G1CollectForAllocation", Time since last: 26514483259 ns, Reaching safepoint: 57168 ns, At safepoint: 2344494 ns, Total: 2401662 ns
[2024-03-08T08:38:22.139+0000][7][safepoint   ] Safepoint "Cleanup", Time since last: 32578130951 ns, Reaching safepoint: 60938 ns, At safepoint: 4211 ns, Total: 65149 ns
[2024-03-08T08:38:25.139+0000][7][safepoint   ] Safepoint "Cleanup", Time since last: 3000313616 ns, Reaching safepoint: 42991 ns, At safepoint: 4407 ns, Total: 47398 ns
[2024-03-08T08:38:27.140+0000][7][safepoint   ] Safepoint "Cleanup", Time since last: 2000210653 ns, Reaching safepoint: 104849 ns, At safepoint: 6385 ns, Total: 111234 ns
[2024-03-08T08:38:31.140+0000][7][safepoint   ] Safepoint "Cleanup", Time since last: 4000486549 ns, Reaching safepoint: 90165 ns, At safepoint: 7971 ns, Total: 98136 ns
[2024-03-08T08:38:55.142+0000][7][safepoint   ] Safepoint "Cleanup", Time since last: 24001928316 ns, Reaching safepoint: 50423 ns, At safepoint: 7181 ns, Total: 57604 ns
[2024-03-08T08:39:01.143+0000][7][safepoint   ] Safepoint "Cleanup", Time since last: 6000451716 ns, Reaching safepoint: 70769 ns, At safepoint: 6853 ns, Total: 77622 ns
[2024-03-08T08:39:02.143+0000][7][safepoint   ] Safepoint "Cleanup", Time since last: 1000123157 ns, Reaching safepoint: 60030 ns, At safepoint: 11765 ns, Total: 71795 ns
[2024-03-08T08:39:10.144+0000][7][safepoint   ] Safepoint "Cleanup", Time since last: 8000615531 ns, Reaching safepoint: 67385 ns, At safepoint: 10121 ns, Total: 77506 ns
[2024-03-08T08:39:14.144+0000][7][safepoint   ] Safepoint "Cleanup", Time since last: 4000357376 ns, Reaching safepoint: 50371 ns, At safepoint: 6769 ns, Total: 57140 ns
[2024-03-08T08:39:18.145+0000][7][safepoint   ] Safepoint "Cleanup", Time since last: 4000422918 ns, Reaching safepoint: 91025 ns, At safepoint: 6345 ns, Total: 97370 ns
[2024-03-08T08:39:22.146+0000][7][safepoint   ] Safepoint "Cleanup", Time since last: 4000779873 ns, Reaching safepoint: 119114 ns, At safepoint: 12957 ns, Total: 132071 ns
[2024-03-08T08:40:24.251+0000][7][gc,start    ] GC(479) Pause Young (Normal) (G1 Evacuation Pause)
[2024-03-08T08:40:24.251+0000][7][gc,task     ] GC(479) Using 8 workers of 8 for evacuation
[2024-03-08T08:40:24.251+0000][7][gc,age      ] GC(479) Desired survivor size 41943040 bytes, new threshold 15 (max threshold 15)
[2024-03-08T08:40:24.253+0000][7][gc,phases   ] GC(479)   Pre Evacuate Collection Set: 0.1ms
[2024-03-08T08:40:24.253+0000][7][gc,phases   ] GC(479)   Merge Heap Roots: 0.1ms
[2024-03-08T08:40:24.253+0000][7][gc,phases   ] GC(479)   Evacuate Collection Set: 1.3ms
[2024-03-08T08:40:24.253+0000][7][gc,phases   ] GC(479)   Post Evacuate Collection Set: 0.9ms
[2024-03-08T08:40:24.253+0000][7][gc,phases   ] GC(479)   Other: 0.1ms
[2024-03-08T08:40:24.253+0000][7][gc,age      ] GC(479) Age table with threshold 15 (max threshold 15)
[2024-03-08T08:40:24.253+0000][7][gc,age      ] GC(479) - age   1:    1171976 bytes,    1171976 total
[2024-03-08T08:40:24.253+0000][7][gc,age      ] GC(479) - age   2:       3504 bytes,    1175480 total
[2024-03-08T08:40:24.253+0000][7][gc,age      ] GC(479) - age   3:        576 bytes,    1176056 total
[2024-03-08T08:40:24.253+0000][7][gc,age      ] GC(479) - age   4:       5048 bytes,    1181104 total
[2024-03-08T08:40:24.253+0000][7][gc,age      ] GC(479) - age   5:        184 bytes,    1181288 total
[2024-03-08T08:40:24.253+0000][7][gc,age      ] GC(479) - age   6:       2416 bytes,    1183704 total
[2024-03-08T08:40:24.253+0000][7][gc,age      ] GC(479) - age   7:         64 bytes,    1183768 total
[2024-03-08T08:40:24.253+0000][7][gc,age      ] GC(479) - age   8:         32 bytes,    1183800 total
[2024-03-08T08:40:24.253+0000][7][gc,age      ] GC(479) - age  10:         24 bytes,    1183824 total
[2024-03-08T08:40:24.253+0000][7][gc,age      ] GC(479) - age  11:        128 bytes,    1183952 total
[2024-03-08T08:40:24.253+0000][7][gc,age      ] GC(479) - age  12:      21168 bytes,    1205120 total
[2024-03-08T08:40:24.253+0000][7][gc,age      ] GC(479) - age  14:      91336 bytes,    1296456 total
[2024-03-08T08:40:24.253+0000][7][gc,age      ] GC(479) - age  15:     131480 bytes,    1427936 total
[2024-03-08T08:40:24.253+0000][7][gc,heap     ] GC(479) Eden regions: 152->0(152)
[2024-03-08T08:40:24.253+0000][7][gc,heap     ] GC(479) Survivor regions: 1->1(20)
[2024-03-08T08:40:24.253+0000][7][gc,heap     ] GC(479) Old regions: 25->25
[2024-03-08T08:40:24.253+0000][7][gc,heap     ] GC(479) Archive regions: 2->2
[2024-03-08T08:40:24.253+0000][7][gc,heap     ] GC(479) Humongous regions: 0->0
[2024-03-08T08:40:24.254+0000][7][gc,metaspace] GC(479) Metaspace: 129021K(132480K)->129021K(132480K) NonClass: 112169K(113984K)->112169K(113984K) Class: 16851K(18496K)->16851K(18496K)
[2024-03-08T08:40:24.254+0000][7][gc          ] GC(479) Pause Young (Normal) (G1 Evacuation Pause) 712M->104M(1024M) 2.939ms
[2024-03-08T08:40:24.254+0000][7][gc,cpu      ] GC(479) User=0.01s Sys=0.00s Real=0.00s
[2024-03-08T08:40:24.254+0000][7][safepoint   ] Safepoint "G1CollectForAllocation", Time since last: 62104978154 ns, Reaching safepoint: 64470 ns, At safepoint: 3043442 ns, Total: 3107912 ns
[2024-03-08T08:41:54.264+0000][7][safepoint   ] Safepoint "Cleanup", Time since last: 90009846246 ns, Reaching safepoint: 101062 ns, At safepoint: 9442 ns, Total: 110504 ns
[2024-03-08T08:43:21.201+0000][7][gc,start    ] GC(480) Pause Young (Normal) (G1 Evacuation Pause)
[2024-03-08T08:43:21.201+0000][7][gc,task     ] GC(480) Using 8 workers of 8 for evacuation
[2024-03-08T08:43:21.201+0000][7][gc,age      ] GC(480) Desired survivor size 41943040 bytes, new threshold 15 (max threshold 15)
[2024-03-08T08:43:21.203+0000][7][gc,phases   ] GC(480)   Pre Evacuate Collection Set: 0.1ms
[2024-03-08T08:43:21.203+0000][7][gc,phases   ] GC(480)   Merge Heap Roots: 0.1ms
[2024-03-08T08:43:21.203+0000][7][gc,phases   ] GC(480)   Evacuate Collection Set: 1.2ms
[2024-03-08T08:43:21.203+0000][7][gc,phases   ] GC(480)   Post Evacuate Collection Set: 0.6ms
[2024-03-08T08:43:21.203+0000][7][gc,phases   ] GC(480)   Other: 0.1ms
[2024-03-08T08:43:21.203+0000][7][gc,age      ] GC(480) Age table with threshold 15 (max threshold 15)
[2024-03-08T08:43:21.204+0000][7][gc,age      ] GC(480) - age   1:     732888 bytes,     732888 total
[2024-03-08T08:43:21.204+0000][7][gc,age      ] GC(480) - age   2:     467736 bytes,    1200624 total
[2024-03-08T08:43:21.204+0000][7][gc,age      ] GC(480) - age   3:        504 bytes,    1201128 total
[2024-03-08T08:43:21.204+0000][7][gc,age      ] GC(480) - age   5:        656 bytes,    1201784 total
[2024-03-08T08:43:21.204+0000][7][gc,age      ] GC(480) - age   6:        184 bytes,    1201968 total
[2024-03-08T08:43:21.204+0000][7][gc,age      ] GC(480) - age   7:       2352 bytes,    1204320 total
[2024-03-08T08:43:21.204+0000][7][gc,age      ] GC(480) - age   8:         64 bytes,    1204384 total
[2024-03-08T08:43:21.204+0000][7][gc,age      ] GC(480) - age  11:         24 bytes,    1204408 total
[2024-03-08T08:43:21.204+0000][7][gc,age      ] GC(480) - age  13:      21040 bytes,    1225448 total
[2024-03-08T08:43:21.204+0000][7][gc,age      ] GC(480) - age  15:      91336 bytes,    1316784 total
[2024-03-08T08:43:21.204+0000][7][gc,heap     ] GC(480) Eden regions: 152->0(152)
[2024-03-08T08:43:21.204+0000][7][gc,heap     ] GC(480) Survivor regions: 1->1(20)
[2024-03-08T08:43:21.204+0000][7][gc,heap     ] GC(480) Old regions: 25->25
[2024-03-08T08:43:21.204+0000][7][gc,heap     ] GC(480) Archive regions: 2->2
[2024-03-08T08:43:21.204+0000][7][gc,heap     ] GC(480) Humongous regions: 0->0
[2024-03-08T08:43:21.204+0000][7][gc,metaspace] GC(480) Metaspace: 129023K(132480K)->129023K(132480K) NonClass: 112171K(113984K)->112171K(113984K) Class: 16851K(18496K)->16851K(18496K)
[2024-03-08T08:43:21.204+0000][7][gc          ] GC(480) Pause Young (Normal) (G1 Evacuation Pause) 712M->104M(1024M) 2.339ms
[2024-03-08T08:43:21.204+0000][7][gc,cpu      ] GC(480) User=0.01s Sys=0.00s Real=0.00s
[2024-03-08T08:43:21.204+0000][7][safepoint   ] Safepoint "G1CollectForAllocation", Time since last: 86937624166 ns, Reaching safepoint: 60811 ns, At safepoint: 2424982 ns, Total: 2485793 ns
[2024-03-08T08:43:36.206+0000][7][safepoint   ] Safepoint "Cleanup", Time since last: 15002539928 ns, Reaching safepoint: 150833 ns, At safepoint: 13433 ns, Total: 164266 ns
[2024-03-08T08:46:15.177+0000][7][gc,start    ] GC(481) Pause Young (Normal) (G1 Evacuation Pause)
[2024-03-08T08:46:15.177+0000][7][gc,task     ] GC(481) Using 8 workers of 8 for evacuation
[2024-03-08T08:46:15.177+0000][7][gc,age      ] GC(481) Desired survivor size 41943040 bytes, new threshold 15 (max threshold 15)
[2024-03-08T08:46:15.180+0000][7][gc,phases   ] GC(481)   Pre Evacuate Collection Set: 0.1ms
[2024-03-08T08:46:15.180+0000][7][gc,phases   ] GC(481)   Merge Heap Roots: 0.1ms
[2024-03-08T08:46:15.180+0000][7][gc,phases   ] GC(481)   Evacuate Collection Set: 1.5ms
[2024-03-08T08:46:15.180+0000][7][gc,phases   ] GC(481)   Post Evacuate Collection Set: 0.8ms
[2024-03-08T08:46:15.180+0000][7][gc,phases   ] GC(481)   Other: 0.1ms
[2024-03-08T08:46:15.180+0000][7][gc,age      ] GC(481) Age table with threshold 15 (max threshold 15)
[2024-03-08T08:46:15.180+0000][7][gc,age      ] GC(481) - age   1:    1250264 bytes,    1250264 total
[2024-03-08T08:46:15.180+0000][7][gc,age      ] GC(481) - age   2:      15600 bytes,    1265864 total
[2024-03-08T08:46:15.180+0000][7][gc,age      ] GC(481) - age   3:     349424 bytes,    1615288 total
[2024-03-08T08:46:15.180+0000][7][gc,age      ] GC(481) - age   4:        184 bytes,    1615472 total
[2024-03-08T08:46:15.180+0000][7][gc,age      ] GC(481) - age   6:        264 bytes,    1615736 total
[2024-03-08T08:46:15.180+0000][7][gc,age      ] GC(481) - age   7:        184 bytes,    1615920 total
[2024-03-08T08:46:15.180+0000][7][gc,age      ] GC(481) - age   8:       2352 bytes,    1618272 total
[2024-03-08T08:46:15.180+0000][7][gc,age      ] GC(481) - age   9:         64 bytes,    1618336 total
[2024-03-08T08:46:15.180+0000][7][gc,age      ] GC(481) - age  12:         24 bytes,    1618360 total
[2024-03-08T08:46:15.180+0000][7][gc,age      ] GC(481) - age  14:        280 bytes,    1618640 total
[2024-03-08T08:46:15.180+0000][7][gc,heap     ] GC(481) Eden regions: 152->0(152)
[2024-03-08T08:46:15.180+0000][7][gc,heap     ] GC(481) Survivor regions: 1->1(20)
[2024-03-08T08:46:15.180+0000][7][gc,heap     ] GC(481) Old regions: 25->25
[2024-03-08T08:46:15.180+0000][7][gc,heap     ] GC(481) Archive regions: 2->2
[2024-03-08T08:46:15.180+0000][7][gc,heap     ] GC(481) Humongous regions: 0->0
[2024-03-08T08:46:15.180+0000][7][gc,metaspace] GC(481) Metaspace: 129023K(132480K)->129023K(132480K) NonClass: 112172K(113984K)->112172K(113984K) Class: 16851K(18496K)->16851K(18496K)
[2024-03-08T08:46:15.180+0000][7][gc          ] GC(481) Pause Young (Normal) (G1 Evacuation Pause) 712M->105M(1024M) 2.999ms
[2024-03-08T08:46:15.180+0000][7][gc,cpu      ] GC(481) User=0.01s Sys=0.00s Real=0.01s
[2024-03-08T08:46:15.180+0000][7][safepoint   ] Safepoint "G1CollectForAllocation", Time since last: 158970669609 ns, Reaching safepoint: 67202 ns, At safepoint: 3097796 ns, Total: 3164998 ns
[2024-03-08T08:46:22.181+0000][7][safepoint   ] Safepoint "Cleanup", Time since last: 7000918828 ns, Reaching safepoint: 98924 ns, At safepoint: 11319 ns, Total: 110243 ns
[2024-03-08T08:49:15.212+0000][7][gc,start    ] GC(482) Pause Young (Normal) (G1 Evacuation Pause)
[2024-03-08T08:49:15.212+0000][7][gc,task     ] GC(482) Using 8 workers of 8 for evacuation
[2024-03-08T08:49:15.212+0000][7][gc,age      ] GC(482) Desired survivor size 41943040 bytes, new threshold 15 (max threshold 15)
[2024-03-08T08:49:15.214+0000][7][gc,phases   ] GC(482)   Pre Evacuate Collection Set: 0.1ms
[2024-03-08T08:49:15.214+0000][7][gc,phases   ] GC(482)   Merge Heap Roots: 0.1ms
[2024-03-08T08:49:15.214+0000][7][gc,phases   ] GC(482)   Evacuate Collection Set: 1.4ms
[2024-03-08T08:49:15.214+0000][7][gc,phases   ] GC(482)   Post Evacuate Collection Set: 0.7ms
[2024-03-08T08:49:15.214+0000][7][gc,phases   ] GC(482)   Other: 0.1ms
[2024-03-08T08:49:15.214+0000][7][gc,age      ] GC(482) Age table with threshold 15 (max threshold 15)
[2024-03-08T08:49:15.214+0000][7][gc,age      ] GC(482) - age   1:     981368 bytes,     981368 total
[2024-03-08T08:49:15.214+0000][7][gc,age      ] GC(482) - age   2:     149960 bytes,    1131328 total
[2024-03-08T08:49:15.214+0000][7][gc,age      ] GC(482) - age   3:      13000 bytes,    1144328 total
[2024-03-08T08:49:15.214+0000][7][gc,age      ] GC(482) - age   4:     341088 bytes,    1485416 total
[2024-03-08T08:49:15.214+0000][7][gc,age      ] GC(482) - age   5:        184 bytes,    1485600 total
[2024-03-08T08:49:15.214+0000][7][gc,age      ] GC(482) - age   7:         80 bytes,    1485680 total
[2024-03-08T08:49:15.214+0000][7][gc,age      ] GC(482) - age   8:        184 bytes,    1485864 total
[2024-03-08T08:49:15.214+0000][7][gc,age      ] GC(482) - age   9:       2352 bytes,    1488216 total
[2024-03-08T08:49:15.214+0000][7][gc,age      ] GC(482) - age  10:         64 bytes,    1488280 total
[2024-03-08T08:49:15.214+0000][7][gc,age      ] GC(482) - age  13:         24 bytes,    1488304 total
[2024-03-08T08:49:15.214+0000][7][gc,age      ] GC(482) - age  15:        280 bytes,    1488584 total
[2024-03-08T08:49:15.214+0000][7][gc,heap     ] GC(482) Eden regions: 152->0(152)
[2024-03-08T08:49:15.214+0000][7][gc,heap     ] GC(482) Survivor regions: 1->1(20)
[2024-03-08T08:49:15.214+0000][7][gc,heap     ] GC(482) Old regions: 25->25
[2024-03-08T08:49:15.214+0000][7][gc,heap     ] GC(482) Archive regions: 2->2
[2024-03-08T08:49:15.214+0000][7][gc,heap     ] GC(482) Humongous regions: 0->0
[2024-03-08T08:49:15.214+0000][7][gc,metaspace] GC(482) Metaspace: 129023K(132480K)->129023K(132480K) NonClass: 112172K(113984K)->112172K(113984K) Class: 16851K(18496K)->16851K(18496K)
[2024-03-08T08:49:15.214+0000][7][gc          ] GC(482) Pause Young (Normal) (G1 Evacuation Pause) 713M->105M(1024M) 2.712ms
[2024-03-08T08:49:15.214+0000][7][gc,cpu      ] GC(482) User=0.01s Sys=0.00s Real=0.00s
[2024-03-08T08:49:15.214+0000][7][safepoint   ] Safepoint "G1CollectForAllocation", Time since last: 173030167157 ns, Reaching safepoint: 78202 ns, At safepoint: 2803685 ns, Total: 2881887 ns
[2024-03-08T08:52:12.346+0000][7][gc,start    ] GC(483) Pause Young (Normal) (G1 Evacuation Pause)
[2024-03-08T08:52:12.346+0000][7][gc,task     ] GC(483) Using 8 workers of 8 for evacuation
[2024-03-08T08:52:12.346+0000][7][gc,age      ] GC(483) Desired survivor size 41943040 bytes, new threshold 15 (max threshold 15)
[2024-03-08T08:52:12.349+0000][7][gc,phases   ] GC(483)   Pre Evacuate Collection Set: 0.1ms
[2024-03-08T08:52:12.349+0000][7][gc,phases   ] GC(483)   Merge Heap Roots: 0.1ms
[2024-03-08T08:52:12.349+0000][7][gc,phases   ] GC(483)   Evacuate Collection Set: 1.6ms
[2024-03-08T08:52:12.349+0000][7][gc,phases   ] GC(483)   Post Evacuate Collection Set: 0.9ms
[2024-03-08T08:52:12.349+0000][7][gc,phases   ] GC(483)   Other: 0.1ms
[2024-03-08T08:52:12.349+0000][7][gc,age      ] GC(483) Age table with threshold 15 (max threshold 15)
[2024-03-08T08:52:12.349+0000][7][gc,age      ] GC(483) - age   1:    1248464 bytes,    1248464 total
[2024-03-08T08:52:12.349+0000][7][gc,age      ] GC(483) - age   2:      26472 bytes,    1274936 total
[2024-03-08T08:52:12.349+0000][7][gc,age      ] GC(483) - age   3:     146768 bytes,    1421704 total
[2024-03-08T08:52:12.349+0000][7][gc,age      ] GC(483) - age   4:       8608 bytes,    1430312 total
[2024-03-08T08:52:12.349+0000][7][gc,age      ] GC(483) - age   5:     341056 bytes,    1771368 total
[2024-03-08T08:52:12.349+0000][7][gc,age      ] GC(483) - age   6:        184 bytes,    1771552 total
[2024-03-08T08:52:12.349+0000][7][gc,age      ] GC(483) - age   8:         80 bytes,    1771632 total
[2024-03-08T08:52:12.349+0000][7][gc,age      ] GC(483) - age   9:        184 bytes,    1771816 total
[2024-03-08T08:52:12.349+0000][7][gc,age      ] GC(483) - age  10:       2352 bytes,    1774168 total
[2024-03-08T08:52:12.349+0000][7][gc,age      ] GC(483) - age  11:         64 bytes,    1774232 total
[2024-03-08T08:52:12.349+0000][7][gc,age      ] GC(483) - age  14:         24 bytes,    1774256 total
[2024-03-08T08:52:12.349+0000][7][gc,heap     ] GC(483) Eden regions: 152->0(152)
[2024-03-08T08:52:12.349+0000][7][gc,heap     ] GC(483) Survivor regions: 1->1(20)
[2024-03-08T08:52:12.349+0000][7][gc,heap     ] GC(483) Old regions: 25->25
[2024-03-08T08:52:12.349+0000][7][gc,heap     ] GC(483) Archive regions: 2->2
[2024-03-08T08:52:12.349+0000][7][gc,heap     ] GC(483) Humongous regions: 0->0
[2024-03-08T08:52:12.349+0000][7][gc,metaspace] GC(483) Metaspace: 129024K(132480K)->129024K(132480K) NonClass: 112173K(113984K)->112173K(113984K) Class: 16851K(18496K)->16851K(18496K)
[2024-03-08T08:52:12.349+0000][7][gc          ] GC(483) Pause Young (Normal) (G1 Evacuation Pause) 713M->105M(1024M) 3.167ms
[2024-03-08T08:52:12.349+0000][7][gc,cpu      ] GC(483) User=0.01s Sys=0.01s Real=0.00s
[2024-03-08T08:52:12.349+0000][7][safepoint   ] Safepoint "G1CollectForAllocation", Time since last: 177131518944 ns, Reaching safepoint: 39971 ns, At safepoint: 3269445 ns, Total: 3309416 ns
[2024-03-08T08:55:12.980+0000][7][gc,start    ] GC(484) Pause Young (Normal) (G1 Evacuation Pause)
[2024-03-08T08:55:12.980+0000][7][gc,task     ] GC(484) Using 8 workers of 8 for evacuation
[2024-03-08T08:55:12.980+0000][7][gc,age      ] GC(484) Desired survivor size 41943040 bytes, new threshold 15 (max threshold 15)
[2024-03-08T08:55:12.983+0000][7][gc,phases   ] GC(484)   Pre Evacuate Collection Set: 0.1ms
[2024-03-08T08:55:12.983+0000][7][gc,phases   ] GC(484)   Merge Heap Roots: 0.1ms
[2024-03-08T08:55:12.983+0000][7][gc,phases   ] GC(484)   Evacuate Collection Set: 1.6ms
[2024-03-08T08:55:12.983+0000][7][gc,phases   ] GC(484)   Post Evacuate Collection Set: 1.0ms
[2024-03-08T08:55:12.983+0000][7][gc,phases   ] GC(484)   Other: 0.1ms
[2024-03-08T08:55:12.983+0000][7][gc,age      ] GC(484) Age table with threshold 15 (max threshold 15)
[2024-03-08T08:55:12.983+0000][7][gc,age      ] GC(484) - age   1:    1074688 bytes,    1074688 total
[2024-03-08T08:55:12.983+0000][7][gc,age      ] GC(484) - age   2:      26384 bytes,    1101072 total
[2024-03-08T08:55:12.983+0000][7][gc,age      ] GC(484) - age   3:      23656 bytes,    1124728 total
[2024-03-08T08:55:12.983+0000][7][gc,age      ] GC(484) - age   4:     146512 bytes,    1271240 total
[2024-03-08T08:55:12.983+0000][7][gc,age      ] GC(484) - age   5:        400 bytes,    1271640 total
[2024-03-08T08:55:12.983+0000][7][gc,age      ] GC(484) - age   6:     341056 bytes,    1612696 total
[2024-03-08T08:55:12.983+0000][7][gc,age      ] GC(484) - age   7:        184 bytes,    1612880 total
[2024-03-08T08:55:12.983+0000][7][gc,age      ] GC(484) - age   9:         80 bytes,    1612960 total
[2024-03-08T08:55:12.983+0000][7][gc,age      ] GC(484) - age  11:       2352 bytes,    1615312 total
[2024-03-08T08:55:12.983+0000][7][gc,age      ] GC(484) - age  12:         64 bytes,    1615376 total
[2024-03-08T08:55:12.983+0000][7][gc,age      ] GC(484) - age  15:         24 bytes,    1615400 total
[2024-03-08T08:55:12.983+0000][7][gc,heap     ] GC(484) Eden regions: 152->0(152)
[2024-03-08T08:55:12.983+0000][7][gc,heap     ] GC(484) Survivor regions: 1->1(20)
[2024-03-08T08:55:12.983+0000][7][gc,heap     ] GC(484) Old regions: 25->25
[2024-03-08T08:55:12.983+0000][7][gc,heap     ] GC(484) Archive regions: 2->2
[2024-03-08T08:55:12.983+0000][7][gc,heap     ] GC(484) Humongous regions: 0->0
[2024-03-08T08:55:12.983+0000][7][gc,metaspace] GC(484) Metaspace: 129024K(132480K)->129024K(132480K) NonClass: 112173K(113984K)->112173K(113984K) Class: 16851K(18496K)->16851K(18496K)
[2024-03-08T08:55:12.983+0000][7][gc          ] GC(484) Pause Young (Normal) (G1 Evacuation Pause) 713M->105M(1024M) 3.319ms
[2024-03-08T08:55:12.983+0000][7][gc,cpu      ] GC(484) User=0.01s Sys=0.00s Real=0.00s
[2024-03-08T08:55:12.983+0000][7][safepoint   ] Safepoint "G1CollectForAllocation", Time since last: 180630611554 ns, Reaching safepoint: 90540 ns, At safepoint: 3430812 ns, Total: 3521352 ns
[2024-03-08T08:58:16.733+0000][7][gc,start    ] GC(485) Pause Young (Normal) (G1 Evacuation Pause)
[2024-03-08T08:58:16.733+0000][7][gc,task     ] GC(485) Using 8 workers of 8 for evacuation
[2024-03-08T08:58:16.733+0000][7][gc,age      ] GC(485) Desired survivor size 41943040 bytes, new threshold 15 (max threshold 15)
[2024-03-08T08:58:16.736+0000][7][gc,phases   ] GC(485)   Pre Evacuate Collection Set: 0.1ms
[2024-03-08T08:58:16.736+0000][7][gc,phases   ] GC(485)   Merge Heap Roots: 0.1ms
[2024-03-08T08:58:16.736+0000][7][gc,phases   ] GC(485)   Evacuate Collection Set: 1.9ms
[2024-03-08T08:58:16.736+0000][7][gc,phases   ] GC(485)   Post Evacuate Collection Set: 0.9ms
[2024-03-08T08:58:16.736+0000][7][gc,phases   ] GC(485)   Other: 0.1ms
[2024-03-08T08:58:16.736+0000][7][gc,age      ] GC(485) Age table with threshold 15 (max threshold 15)
[2024-03-08T08:58:16.736+0000][7][gc,age      ] GC(485) - age   1:    1306688 bytes,    1306688 total
[2024-03-08T08:58:16.736+0000][7][gc,age      ] GC(485) - age   2:       3576 bytes,    1310264 total
[2024-03-08T08:58:16.736+0000][7][gc,age      ] GC(485) - age   3:      23112 bytes,    1333376 total
[2024-03-08T08:58:16.736+0000][7][gc,age      ] GC(485) - age   4:      23080 bytes,    1356456 total
[2024-03-08T08:58:16.737+0000][7][gc,age      ] GC(485) - age   5:     146448 bytes,    1502904 total
[2024-03-08T08:58:16.737+0000][7][gc,age      ] GC(485) - age   6:        400 bytes,    1503304 total
[2024-03-08T08:58:16.737+0000][7][gc,age      ] GC(485) - age   7:     243544 bytes,    1746848 total
[2024-03-08T08:58:16.737+0000][7][gc,age      ] GC(485) - age  10:         80 bytes,    1746928 total
[2024-03-08T08:58:16.737+0000][7][gc,age      ] GC(485) - age  12:       2352 bytes,    1749280 total
[2024-03-08T08:58:16.737+0000][7][gc,age      ] GC(485) - age  13:         64 bytes,    1749344 total
[2024-03-08T08:58:16.737+0000][7][gc,heap     ] GC(485) Eden regions: 152->0(152)
[2024-03-08T08:58:16.737+0000][7][gc,heap     ] GC(485) Survivor regions: 1->1(20)
[2024-03-08T08:58:16.737+0000][7][gc,heap     ] GC(485) Old regions: 25->25
[2024-03-08T08:58:16.737+0000][7][gc,heap     ] GC(485) Archive regions: 2->2
[2024-03-08T08:58:16.737+0000][7][gc,heap     ] GC(485) Humongous regions: 0->0
[2024-03-08T08:58:16.737+0000][7][gc,metaspace] GC(485) Metaspace: 129024K(132480K)->129024K(132480K) NonClass: 112173K(113984K)->112173K(113984K) Class: 16851K(18496K)->16851K(18496K)
[2024-03-08T08:58:16.737+0000][7][gc          ] GC(485) Pause Young (Normal) (G1 Evacuation Pause) 713M->105M(1024M) 3.575ms
[2024-03-08T08:58:16.737+0000][7][gc,cpu      ] GC(485) User=0.02s Sys=0.00s Real=0.00s
[2024-03-08T08:58:16.737+0000][7][safepoint   ] Safepoint "G1CollectForAllocation", Time since last: 183202068656 ns, Reaching safepoint: 68679 ns, At safepoint: 3685587 ns, Total: 3754266 ns
[2024-03-08T08:59:34.749+0000][7][safepoint   ] Safepoint "Cleanup", Time since last: 78012516794 ns, Reaching safepoint: 95642 ns, At safepoint: 49934 ns, Total: 145576 ns
[2024-03-08T09:01:15.814+0000][7][gc,start    ] GC(486) Pause Young (Normal) (G1 Evacuation Pause)
[2024-03-08T09:01:15.814+0000][7][gc,task     ] GC(486) Using 8 workers of 8 for evacuation
[2024-03-08T09:01:15.814+0000][7][gc,age      ] GC(486) Desired survivor size 41943040 bytes, new threshold 15 (max threshold 15)
[2024-03-08T09:01:15.817+0000][7][gc,phases   ] GC(486)   Pre Evacuate Collection Set: 0.1ms
[2024-03-08T09:01:15.817+0000][7][gc,phases   ] GC(486)   Merge Heap Roots: 0.1ms
[2024-03-08T09:01:15.817+0000][7][gc,phases   ] GC(486)   Evacuate Collection Set: 1.6ms
[2024-03-08T09:01:15.817+0000][7][gc,phases   ] GC(486)   Post Evacuate Collection Set: 0.9ms
[2024-03-08T09:01:15.817+0000][7][gc,phases   ] GC(486)   Other: 0.1ms
[2024-03-08T09:01:15.817+0000][7][gc,age      ] GC(486) Age table with threshold 15 (max threshold 15)
[2024-03-08T09:01:15.817+0000][7][gc,age      ] GC(486) - age   1:    1178640 bytes,    1178640 total
[2024-03-08T09:01:15.817+0000][7][gc,age      ] GC(486) - age   2:       4016 bytes,    1182656 total
[2024-03-08T09:01:15.817+0000][7][gc,age      ] GC(486) - age   3:        184 bytes,    1182840 total
[2024-03-08T09:01:15.817+0000][7][gc,age      ] GC(486) - age   4:      19528 bytes,    1202368 total
[2024-03-08T09:01:15.817+0000][7][gc,age      ] GC(486) - age   5:      23016 bytes,    1225384 total
[2024-03-08T09:01:15.817+0000][7][gc,age      ] GC(486) - age   6:     145992 bytes,    1371376 total
[2024-03-08T09:01:15.817+0000][7][gc,age      ] GC(486) - age   7:        400 bytes,    1371776 total
[2024-03-08T09:01:15.817+0000][7][gc,age      ] GC(486) - age   8:     243160 bytes,    1614936 total
[2024-03-08T09:01:15.817+0000][7][gc,age      ] GC(486) - age  11:         80 bytes,    1615016 total
[2024-03-08T09:01:15.817+0000][7][gc,age      ] GC(486) - age  13:       2352 bytes,    1617368 total
[2024-03-08T09:01:15.817+0000][7][gc,age      ] GC(486) - age  14:         64 bytes,    1617432 total
[2024-03-08T09:01:15.817+0000][7][gc,heap     ] GC(486) Eden regions: 152->0(152)
[2024-03-08T09:01:15.817+0000][7][gc,heap     ] GC(486) Survivor regions: 1->1(20)
[2024-03-08T09:01:15.817+0000][7][gc,heap     ] GC(486) Old regions: 25->25
[2024-03-08T09:01:15.817+0000][7][gc,heap     ] GC(486) Archive regions: 2->2
[2024-03-08T09:01:15.817+0000][7][gc,heap     ] GC(486) Humongous regions: 0->0
[2024-03-08T09:01:15.817+0000][7][gc,metaspace] GC(486) Metaspace: 129024K(132480K)->129024K(132480K) NonClass: 112173K(113984K)->112173K(113984K) Class: 16851K(18496K)->16851K(18496K)
[2024-03-08T09:01:15.817+0000][7][gc          ] GC(486) Pause Young (Normal) (G1 Evacuation Pause) 713M->105M(1024M) 2.964ms
[2024-03-08T09:01:15.817+0000][7][gc,cpu      ] GC(486) User=0.02s Sys=0.00s Real=0.00s
[2024-03-08T09:01:15.817+0000][7][safepoint   ] Safepoint "G1CollectForAllocation", Time since last: 101064522501 ns, Reaching safepoint: 43840 ns, At safepoint: 3067334 ns, Total: 3111174 ns
[2024-03-08T09:01:42.819+0000][7][safepoint   ] Safepoint "Cleanup", Time since last: 27002281817 ns, Reaching safepoint: 120912 ns, At safepoint: 27719 ns, Total: 148631 ns
[2024-03-08T09:03:50.832+0000][7][safepoint   ] Safepoint "Cleanup", Time since last: 128012215050 ns, Reaching safepoint: 44606 ns, At safepoint: 3270 ns, Total: 47876 ns
[2024-03-08T09:04:06.990+0000][7][gc,start    ] GC(487) Pause Young (Normal) (G1 Evacuation Pause)
[2024-03-08T09:04:06.990+0000][7][gc,task     ] GC(487) Using 8 workers of 8 for evacuation
[2024-03-08T09:04:06.990+0000][7][gc,age      ] GC(487) Desired survivor size 41943040 bytes, new threshold 15 (max threshold 15)
[2024-03-08T09:04:06.992+0000][7][gc,phases   ] GC(487)   Pre Evacuate Collection Set: 0.1ms
[2024-03-08T09:04:06.992+0000][7][gc,phases   ] GC(487)   Merge Heap Roots: 0.1ms
[2024-03-08T09:04:06.992+0000][7][gc,phases   ] GC(487)   Evacuate Collection Set: 1.2ms
[2024-03-08T09:04:06.992+0000][7][gc,phases   ] GC(487)   Post Evacuate Collection Set: 0.5ms
[2024-03-08T09:04:06.992+0000][7][gc,phases   ] GC(487)   Other: 0.1ms
[2024-03-08T09:04:06.992+0000][7][gc,age      ] GC(487) Age table with threshold 15 (max threshold 15)
[2024-03-08T09:04:06.992+0000][7][gc,age      ] GC(487) - age   1:    1754984 bytes,    1754984 total
[2024-03-08T09:04:06.992+0000][7][gc,age      ] GC(487) - age   2:       7400 bytes,    1762384 total
[2024-03-08T09:04:06.992+0000][7][gc,age      ] GC(487) - age   3:        784 bytes,    1763168 total
[2024-03-08T09:04:06.992+0000][7][gc,age      ] GC(487) - age   4:        184 bytes,    1763352 total
[2024-03-08T09:04:06.992+0000][7][gc,age      ] GC(487) - age   5:      12504 bytes,    1775856 total
[2024-03-08T09:04:06.992+0000][7][gc,age      ] GC(487) - age   6:         64 bytes,    1775920 total
[2024-03-08T09:04:06.992+0000][7][gc,age      ] GC(487) - age   7:      21224 bytes,    1797144 total
[2024-03-08T09:04:06.992+0000][7][gc,age      ] GC(487) - age   8:        184 bytes,    1797328 total
[2024-03-08T09:04:06.992+0000][7][gc,age      ] GC(487) - age   9:     242696 bytes,    2040024 total
[2024-03-08T09:04:06.992+0000][7][gc,age      ] GC(487) - age  12:         80 bytes,    2040104 total
[2024-03-08T09:04:06.992+0000][7][gc,age      ] GC(487) - age  14:       2352 bytes,    2042456 total
[2024-03-08T09:04:06.992+0000][7][gc,age      ] GC(487) - age  15:         64 bytes,    2042520 total
[2024-03-08T09:04:06.992+0000][7][gc,heap     ] GC(487) Eden regions: 152->0(152)
[2024-03-08T09:04:06.992+0000][7][gc,heap     ] GC(487) Survivor regions: 1->1(20)
[2024-03-08T09:04:06.992+0000][7][gc,heap     ] GC(487) Old regions: 25->25
[2024-03-08T09:04:06.992+0000][7][gc,heap     ] GC(487) Archive regions: 2->2
[2024-03-08T09:04:06.992+0000][7][gc,heap     ] GC(487) Humongous regions: 0->0
[2024-03-08T09:04:06.992+0000][7][gc,metaspace] GC(487) Metaspace: 129025K(132480K)->129025K(132480K) NonClass: 112174K(113984K)->112174K(113984K) Class: 16851K(18496K)->16851K(18496K)
[2024-03-08T09:04:06.992+0000][7][gc          ] GC(487) Pause Young (Normal) (G1 Evacuation Pause) 713M->105M(1024M) 2.146ms
[2024-03-08T09:04:06.992+0000][7][gc,cpu      ] GC(487) User=0.01s Sys=0.00s Real=0.00s
[2024-03-08T09:04:06.992+0000][7][safepoint   ] Safepoint "G1CollectForAllocation", Time since last: 16158198409 ns, Reaching safepoint: 55244 ns, At safepoint: 2225315 ns, Total: 2280559 ns
[2024-03-08T09:07:06.913+0000][7][gc,start    ] GC(488) Pause Young (Normal) (G1 Evacuation Pause)
[2024-03-08T09:07:06.913+0000][7][gc,task     ] GC(488) Using 8 workers of 8 for evacuation
[2024-03-08T09:07:06.913+0000][7][gc,age      ] GC(488) Desired survivor size 41943040 bytes, new threshold 15 (max threshold 15)
[2024-03-08T09:07:06.915+0000][7][gc,phases   ] GC(488)   Pre Evacuate Collection Set: 0.1ms
[2024-03-08T09:07:06.915+0000][7][gc,phases   ] GC(488)   Merge Heap Roots: 0.0ms
[2024-03-08T09:07:06.915+0000][7][gc,phases   ] GC(488)   Evacuate Collection Set: 1.0ms
[2024-03-08T09:07:06.915+0000][7][gc,phases   ] GC(488)   Post Evacuate Collection Set: 0.6ms
[2024-03-08T09:07:06.915+0000][7][gc,phases   ] GC(488)   Other: 0.1ms
[2024-03-08T09:07:06.915+0000][7][gc,age      ] GC(488) Age table with threshold 15 (max threshold 15)
[2024-03-08T09:07:06.915+0000][7][gc,age      ] GC(488) - age   1:    1555864 bytes,    1555864 total
[2024-03-08T09:07:06.915+0000][7][gc,age      ] GC(488) - age   2:     223752 bytes,    1779616 total
[2024-03-08T09:07:06.915+0000][7][gc,age      ] GC(488) - age   3:       5464 bytes,    1785080 total
[2024-03-08T09:07:06.915+0000][7][gc,age      ] GC(488) - age   4:        272 bytes,    1785352 total
[2024-03-08T09:07:06.915+0000][7][gc,age      ] GC(488) - age   5:        184 bytes,    1785536 total
[2024-03-08T09:07:06.915+0000][7][gc,age      ] GC(488) - age   6:      12504 bytes,    1798040 total
[2024-03-08T09:07:06.915+0000][7][gc,age      ] GC(488) - age   8:      21096 bytes,    1819136 total
[2024-03-08T09:07:06.915+0000][7][gc,age      ] GC(488) - age   9:        184 bytes,    1819320 total
[2024-03-08T09:07:06.915+0000][7][gc,age      ] GC(488) - age  10:     242696 bytes,    2062016 total
[2024-03-08T09:07:06.915+0000][7][gc,age      ] GC(488) - age  13:         80 bytes,    2062096 total
[2024-03-08T09:07:06.915+0000][7][gc,age      ] GC(488) - age  15:       2352 bytes,    2064448 total
[2024-03-08T09:07:06.915+0000][7][gc,heap     ] GC(488) Eden regions: 152->0(152)
[2024-03-08T09:07:06.915+0000][7][gc,heap     ] GC(488) Survivor regions: 1->1(20)
[2024-03-08T09:07:06.915+0000][7][gc,heap     ] GC(488) Old regions: 25->25
[2024-03-08T09:07:06.915+0000][7][gc,heap     ] GC(488) Archive regions: 2->2
[2024-03-08T09:07:06.915+0000][7][gc,heap     ] GC(488) Humongous regions: 0->0
[2024-03-08T09:07:06.915+0000][7][gc,metaspace] GC(488) Metaspace: 129025K(132480K)->129025K(132480K) NonClass: 112174K(113984K)->112174K(113984K) Class: 16851K(18496K)->16851K(18496K)
[2024-03-08T09:07:06.915+0000][7][gc          ] GC(488) Pause Young (Normal) (G1 Evacuation Pause) 713M->105M(1024M) 1.994ms
[2024-03-08T09:07:06.915+0000][7][gc,cpu      ] GC(488) User=0.01s Sys=0.00s Real=0.00s
[2024-03-08T09:07:06.915+0000][7][safepoint   ] Safepoint "G1CollectForAllocation", Time since last: 179920788774 ns, Reaching safepoint: 54771 ns, At safepoint: 2058516 ns, Total: 2113287 ns
[2024-03-08T09:09:54.894+0000][7][gc,start    ] GC(489) Pause Young (Normal) (G1 Evacuation Pause)
[2024-03-08T09:09:54.894+0000][7][gc,task     ] GC(489) Using 8 workers of 8 for evacuation
[2024-03-08T09:09:54.894+0000][7][gc,age      ] GC(489) Desired survivor size 41943040 bytes, new threshold 15 (max threshold 15)
[2024-03-08T09:09:54.898+0000][7][gc,phases   ] GC(489)   Pre Evacuate Collection Set: 0.1ms
[2024-03-08T09:09:54.898+0000][7][gc,phases   ] GC(489)   Merge Heap Roots: 0.1ms
[2024-03-08T09:09:54.898+0000][7][gc,phases   ] GC(489)   Evacuate Collection Set: 2.8ms
[2024-03-08T09:09:54.898+0000][7][gc,phases   ] GC(489)   Post Evacuate Collection Set: 0.8ms
[2024-03-08T09:09:54.898+0000][7][gc,phases   ] GC(489)   Other: 0.1ms
[2024-03-08T09:09:54.898+0000][7][gc,age      ] GC(489) Age table with threshold 15 (max threshold 15)
[2024-03-08T09:09:54.898+0000][7][gc,age      ] GC(489) - age   1:    2099800 bytes,    2099800 total
[2024-03-08T09:09:54.898+0000][7][gc,age      ] GC(489) - age   2:       3600 bytes,    2103400 total
[2024-03-08T09:09:54.898+0000][7][gc,age      ] GC(489) - age   3:      83640 bytes,    2187040 total
[2024-03-08T09:09:54.898+0000][7][gc,age      ] GC(489) - age   4:       4624 bytes,    2191664 total
[2024-03-08T09:09:54.898+0000][7][gc,age      ] GC(489) - age   5:        144 bytes,    2191808 total
[2024-03-08T09:09:54.898+0000][7][gc,age      ] GC(489) - age   7:      12440 bytes,    2204248 total
[2024-03-08T09:09:54.898+0000][7][gc,age      ] GC(489) - age   9:        144 bytes,    2204392 total
[2024-03-08T09:09:54.898+0000][7][gc,age      ] GC(489) - age  10:        184 bytes,    2204576 total
[2024-03-08T09:09:54.898+0000][7][gc,age      ] GC(489) - age  11:     242696 bytes,    2447272 total
[2024-03-08T09:09:54.898+0000][7][gc,age      ] GC(489) - age  14:         80 bytes,    2447352 total
[2024-03-08T09:09:54.898+0000][7][gc,heap     ] GC(489) Eden regions: 152->0(152)
[2024-03-08T09:09:54.898+0000][7][gc,heap     ] GC(489) Survivor regions: 1->1(20)
[2024-03-08T09:09:54.898+0000][7][gc,heap     ] GC(489) Old regions: 25->25
[2024-03-08T09:09:54.898+0000][7][gc,heap     ] GC(489) Archive regions: 2->2
[2024-03-08T09:09:54.898+0000][7][gc,heap     ] GC(489) Humongous regions: 0->0
[2024-03-08T09:09:54.898+0000][7][gc,metaspace] GC(489) Metaspace: 129025K(132480K)->129025K(132480K) NonClass: 112174K(113984K)->112174K(113984K) Class: 16851K(18496K)->16851K(18496K)
[2024-03-08T09:09:54.899+0000][7][gc          ] GC(489) Pause Young (Normal) (G1 Evacuation Pause) 713M->105M(1024M) 4.123ms
[2024-03-08T09:09:54.899+0000][7][gc,cpu      ] GC(489) User=0.01s Sys=0.00s Real=0.01s
[2024-03-08T09:09:54.899+0000][7][safepoint   ] Safepoint "G1CollectForAllocation", Time since last: 167979165124 ns, Reaching safepoint: 115202 ns, At safepoint: 4225578 ns, Total: 4340780 ns
[2024-03-08T09:12:43.100+0000][7][gc,start    ] GC(490) Pause Young (Normal) (G1 Evacuation Pause)
[2024-03-08T09:12:43.100+0000][7][gc,task     ] GC(490) Using 8 workers of 8 for evacuation
[2024-03-08T09:12:43.100+0000][7][gc,age      ] GC(490) Desired survivor size 41943040 bytes, new threshold 15 (max threshold 15)
[2024-03-08T09:12:43.102+0000][7][gc,phases   ] GC(490)   Pre Evacuate Collection Set: 0.1ms
[2024-03-08T09:12:43.102+0000][7][gc,phases   ] GC(490)   Merge Heap Roots: 0.0ms
[2024-03-08T09:12:43.102+0000][7][gc,phases   ] GC(490)   Evacuate Collection Set: 1.0ms
[2024-03-08T09:12:43.102+0000][7][gc,phases   ] GC(490)   Post Evacuate Collection Set: 0.6ms
[2024-03-08T09:12:43.102+0000][7][gc,phases   ] GC(490)   Other: 0.1ms
[2024-03-08T09:12:43.102+0000][7][gc,age      ] GC(490) Age table with threshold 15 (max threshold 15)
[2024-03-08T09:12:43.102+0000][7][gc,age      ] GC(490) - age   1:    1363464 bytes,    1363464 total
[2024-03-08T09:12:43.102+0000][7][gc,age      ] GC(490) - age   2:     177560 bytes,    1541024 total
[2024-03-08T09:12:43.102+0000][7][gc,age      ] GC(490) - age   3:       1360 bytes,    1542384 total
[2024-03-08T09:12:43.102+0000][7][gc,age      ] GC(490) - age   4:      82640 bytes,    1625024 total
[2024-03-08T09:12:43.102+0000][7][gc,age      ] GC(490) - age   5:       1168 bytes,    1626192 total
[2024-03-08T09:12:43.102+0000][7][gc,age      ] GC(490) - age   6:        144 bytes,    1626336 total
[2024-03-08T09:12:43.102+0000][7][gc,age      ] GC(490) - age   8:      12408 bytes,    1638744 total
[2024-03-08T09:12:43.102+0000][7][gc,age      ] GC(490) - age  10:        144 bytes,    1638888 total
[2024-03-08T09:12:43.102+0000][7][gc,age      ] GC(490) - age  11:        184 bytes,    1639072 total
[2024-03-08T09:12:43.102+0000][7][gc,age      ] GC(490) - age  12:     242696 bytes,    1881768 total
[2024-03-08T09:12:43.102+0000][7][gc,age      ] GC(490) - age  15:         80 bytes,    1881848 total
[2024-03-08T09:12:43.102+0000][7][gc,heap     ] GC(490) Eden regions: 152->0(152)
[2024-03-08T09:12:43.102+0000][7][gc,heap     ] GC(490) Survivor regions: 1->1(20)
[2024-03-08T09:12:43.102+0000][7][gc,heap     ] GC(490) Old regions: 25->25
[2024-03-08T09:12:43.102+0000][7][gc,heap     ] GC(490) Archive regions: 2->2
[2024-03-08T09:12:43.102+0000][7][gc,heap     ] GC(490) Humongous regions: 0->0
[2024-03-08T09:12:43.102+0000][7][gc,metaspace] GC(490) Metaspace: 129025K(132480K)->129025K(132480K) NonClass: 112174K(113984K)->112174K(113984K) Class: 16851K(18496K)->16851K(18496K)
[2024-03-08T09:12:43.102+0000][7][gc          ] GC(490) Pause Young (Normal) (G1 Evacuation Pause) 713M->105M(1024M) 1.958ms
[2024-03-08T09:12:43.102+0000][7][gc,cpu      ] GC(490) User=0.01s Sys=0.00s Real=0.00s
[2024-03-08T09:12:43.102+0000][7][safepoint   ] Safepoint "G1CollectForAllocation", Time since last: 168201246275 ns, Reaching safepoint: 39507 ns, At safepoint: 2027046 ns, Total: 2066553 ns
[2024-03-08T09:30:39.230+0000][7][gc,start    ] GC(491) Pause Young (Normal) (G1 Evacuation Pause)
[2024-03-08T09:30:39.230+0000][7][gc,task     ] GC(491) Using 8 workers of 8 for evacuation
[2024-03-08T09:30:39.231+0000][7][gc,age      ] GC(491) Desired survivor size 41943040 bytes, new threshold 15 (max threshold 15)
[2024-03-08T09:30:39.234+0000][7][gc,phases   ] GC(491)   Pre Evacuate Collection Set: 0.1ms
[2024-03-08T09:30:39.234+0000][7][gc,phases   ] GC(491)   Merge Heap Roots: 0.1ms
[2024-03-08T09:30:39.234+0000][7][gc,phases   ] GC(491)   Evacuate Collection Set: 1.3ms
[2024-03-08T09:30:39.234+0000][7][gc,phases   ] GC(491)   Post Evacuate Collection Set: 1.6ms
[2024-03-08T09:30:39.234+0000][7][gc,phases   ] GC(491)   Other: 0.1ms
[2024-03-08T09:30:39.234+0000][7][gc,age      ] GC(491) Age table with threshold 15 (max threshold 15)
[2024-03-08T09:30:39.234+0000][7][gc,age      ] GC(491) - age   1:     651568 bytes,     651568 total
[2024-03-08T09:30:39.234+0000][7][gc,age      ] GC(491) - age   2:      14424 bytes,     665992 total
[2024-03-08T09:30:39.234+0000][7][gc,age      ] GC(491) - age   3:     175568 bytes,     841560 total
[2024-03-08T09:30:39.234+0000][7][gc,age      ] GC(491) - age   4:         24 bytes,     841584 total
[2024-03-08T09:30:39.234+0000][7][gc,age      ] GC(491) - age   5:      82448 bytes,     924032 total
[2024-03-08T09:30:39.234+0000][7][gc,age      ] GC(491) - age   6:       1168 bytes,     925200 total
[2024-03-08T09:30:39.234+0000][7][gc,age      ] GC(491) - age   7:        144 bytes,     925344 total
[2024-03-08T09:30:39.234+0000][7][gc,age      ] GC(491) - age   9:      12408 bytes,     937752 total
[2024-03-08T09:30:39.234+0000][7][gc,age      ] GC(491) - age  11:         80 bytes,     937832 total
[2024-03-08T09:30:39.234+0000][7][gc,age      ] GC(491) - age  12:        184 bytes,     938016 total
[2024-03-08T09:30:39.234+0000][7][gc,age      ] GC(491) - age  13:     242696 bytes,    1180712 total
[2024-03-08T09:30:39.234+0000][7][gc,heap     ] GC(491) Eden regions: 152->0(152)
[2024-03-08T09:30:39.234+0000][7][gc,heap     ] GC(491) Survivor regions: 1->1(20)
[2024-03-08T09:30:39.234+0000][7][gc,heap     ] GC(491) Old regions: 25->25
[2024-03-08T09:30:39.234+0000][7][gc,heap     ] GC(491) Archive regions: 2->2
[2024-03-08T09:30:39.234+0000][7][gc,heap     ] GC(491) Humongous regions: 0->0
[2024-03-08T09:30:39.234+0000][7][gc,metaspace] GC(491) Metaspace: 129025K(132480K)->129025K(132480K) NonClass: 112174K(113984K)->112174K(113984K) Class: 16851K(18496K)->16851K(18496K)
[2024-03-08T09:30:39.234+0000][7][gc          ] GC(491) Pause Young (Normal) (G1 Evacuation Pause) 713M->104M(1024M) 3.486ms
[2024-03-08T09:30:39.234+0000][7][gc,cpu      ] GC(491) User=0.00s Sys=0.00s Real=0.00s
[2024-03-08T09:30:39.234+0000][7][safepoint   ] Safepoint "G1CollectForAllocation", Time since last: 165189095093 ns, Reaching safepoint: 52376 ns, At safepoint: 3580366 ns, Total: 3632742 ns
[2024-03-08T09:33:25.172+0000][7][gc,start    ] GC(492) Pause Young (Normal) (G1 Evacuation Pause)
[2024-03-08T09:33:25.172+0000][7][gc,task     ] GC(492) Using 8 workers of 8 for evacuation
[2024-03-08T09:33:25.172+0000][7][gc,age      ] GC(492) Desired survivor size 41943040 bytes, new threshold 15 (max threshold 15)
[2024-03-08T09:33:25.175+0000][7][gc,phases   ] GC(492)   Pre Evacuate Collection Set: 0.1ms
[2024-03-08T09:33:25.175+0000][7][gc,phases   ] GC(492)   Merge Heap Roots: 0.1ms
[2024-03-08T09:33:25.175+0000][7][gc,phases   ] GC(492)   Evacuate Collection Set: 1.8ms
[2024-03-08T09:33:25.175+0000][7][gc,phases   ] GC(492)   Post Evacuate Collection Set: 1.1ms
[2024-03-08T09:33:25.175+0000][7][gc,phases   ] GC(492)   Other: 0.1ms
[2024-03-08T09:33:25.175+0000][7][gc,age      ] GC(492) Age table with threshold 15 (max threshold 15)
[2024-03-08T09:33:25.175+0000][7][gc,age      ] GC(492) - age   1:    1094728 bytes,    1094728 total
[2024-03-08T09:33:25.176+0000][7][gc,age      ] GC(492) - age   2:       8248 bytes,    1102976 total
[2024-03-08T09:33:25.176+0000][7][gc,age      ] GC(492) - age   3:      11320 bytes,    1114296 total
[2024-03-08T09:33:25.176+0000][7][gc,age      ] GC(492) - age   4:     174760 bytes,    1289056 total
[2024-03-08T09:33:25.176+0000][7][gc,age      ] GC(492) - age   5:         24 bytes,    1289080 total
[2024-03-08T09:33:25.176+0000][7][gc,age      ] GC(492) - age   6:      82448 bytes,    1371528 total
[2024-03-08T09:33:25.176+0000][7][gc,age      ] GC(492) - age   7:        392 bytes,    1371920 total
[2024-03-08T09:33:25.176+0000][7][gc,age      ] GC(492) - age   8:        144 bytes,    1372064 total
[2024-03-08T09:33:25.176+0000][7][gc,age      ] GC(492) - age  10:       4392 bytes,    1376456 total
[2024-03-08T09:33:25.176+0000][7][gc,age      ] GC(492) - age  12:         80 bytes,    1376536 total
[2024-03-08T09:33:25.176+0000][7][gc,age      ] GC(492) - age  14:     242600 bytes,    1619136 total
[2024-03-08T09:33:25.176+0000][7][gc,heap     ] GC(492) Eden regions: 152->0(152)
[2024-03-08T09:33:25.176+0000][7][gc,heap     ] GC(492) Survivor regions: 1->1(20)
[2024-03-08T09:33:25.176+0000][7][gc,heap     ] GC(492) Old regions: 25->25
[2024-03-08T09:33:25.176+0000][7][gc,heap     ] GC(492) Archive regions: 2->2
[2024-03-08T09:33:25.176+0000][7][gc,heap     ] GC(492) Humongous regions: 0->0
[2024-03-08T09:33:25.176+0000][7][gc,metaspace] GC(492) Metaspace: 129025K(132480K)->129025K(132480K) NonClass: 112174K(113984K)->112174K(113984K) Class: 16851K(18496K)->16851K(18496K)
[2024-03-08T09:33:25.176+0000][7][gc          ] GC(492) Pause Young (Normal) (G1 Evacuation Pause) 712M->105M(1024M) 3.640ms
[2024-03-08T09:33:25.176+0000][7][gc,cpu      ] GC(492) User=0.02s Sys=0.00s Real=0.00s
[2024-03-08T09:33:25.176+0000][7][safepoint   ] Safepoint "G1CollectForAllocation", Time since last: 165937958163 ns, Reaching safepoint: 68900 ns, At safepoint: 3753642 ns, Total: 3822542 ns
[2024-03-08T09:35:42.183+0000][7][gc,start    ] GC(493) Pause Young (Normal) (G1 Evacuation Pause)
[2024-03-08T09:35:42.183+0000][7][gc,task     ] GC(493) Using 8 workers of 8 for evacuation
[2024-03-08T09:35:42.183+0000][7][gc,age      ] GC(493) Desired survivor size 41943040 bytes, new threshold 15 (max threshold 15)
[2024-03-08T09:35:42.186+0000][7][gc,phases   ] GC(493)   Pre Evacuate Collection Set: 0.1ms
[2024-03-08T09:35:42.186+0000][7][gc,phases   ] GC(493)   Merge Heap Roots: 0.1ms
[2024-03-08T09:35:42.186+0000][7][gc,phases   ] GC(493)   Evacuate Collection Set: 1.1ms
[2024-03-08T09:35:42.186+0000][7][gc,phases   ] GC(493)   Post Evacuate Collection Set: 0.8ms
[2024-03-08T09:35:42.186+0000][7][gc,phases   ] GC(493)   Other: 0.1ms
[2024-03-08T09:35:42.186+0000][7][gc,age      ] GC(493) Age table with threshold 15 (max threshold 15)
[2024-03-08T09:35:42.186+0000][7][gc,age      ] GC(493) - age   1:     713672 bytes,     713672 total
[2024-03-08T09:35:42.186+0000][7][gc,age      ] GC(493) - age   2:      14152 bytes,     727824 total
[2024-03-08T09:35:42.186+0000][7][gc,age      ] GC(493) - age   3:       6840 bytes,     734664 total
[2024-03-08T09:35:42.186+0000][7][gc,age      ] GC(493) - age   4:      10832 bytes,     745496 total
[2024-03-08T09:35:42.186+0000][7][gc,age      ] GC(493) - age   5:     174696 bytes,     920192 total
[2024-03-08T09:35:42.186+0000][7][gc,age      ] GC(493) - age   6:         24 bytes,     920216 total
[2024-03-08T09:35:42.186+0000][7][gc,age      ] GC(493) - age   7:      82448 bytes,    1002664 total
[2024-03-08T09:35:42.186+0000][7][gc,age      ] GC(493) - age   8:        392 bytes,    1003056 total
[2024-03-08T09:35:42.186+0000][7][gc,age      ] GC(493) - age   9:        144 bytes,    1003200 total
[2024-03-08T09:35:42.186+0000][7][gc,age      ] GC(493) - age  11:       4208 bytes,    1007408 total
[2024-03-08T09:35:42.186+0000][7][gc,age      ] GC(493) - age  13:         80 bytes,    1007488 total
[2024-03-08T09:35:42.186+0000][7][gc,age      ] GC(493) - age  15:     242600 bytes,    1250088 total
[2024-03-08T09:35:42.186+0000][7][gc,heap     ] GC(493) Eden regions: 152->0(152)
[2024-03-08T09:35:42.186+0000][7][gc,heap     ] GC(493) Survivor regions: 1->1(20)
[2024-03-08T09:35:42.186+0000][7][gc,heap     ] GC(493) Old regions: 25->25
[2024-03-08T09:35:42.186+0000][7][gc,heap     ] GC(493) Archive regions: 2->2
[2024-03-08T09:35:42.186+0000][7][gc,heap     ] GC(493) Humongous regions: 0->0
[2024-03-08T09:35:42.186+0000][7][gc,metaspace] GC(493) Metaspace: 129025K(132480K)->129025K(132480K) NonClass: 112174K(113984K)->112174K(113984K) Class: 16851K(18496K)->16851K(18496K)
[2024-03-08T09:35:42.186+0000][7][gc          ] GC(493) Pause Young (Normal) (G1 Evacuation Pause) 713M->104M(1024M) 2.424ms
[2024-03-08T09:35:42.186+0000][7][gc,cpu      ] GC(493) User=0.01s Sys=0.00s Real=0.01s
[2024-03-08T09:35:42.186+0000][7][safepoint   ] Safepoint "G1CollectForAllocation", Time since last: 137007554364 ns, Reaching safepoint: 61762 ns, At safepoint: 2521981 ns, Total: 2583743 ns
[2024-03-08T09:38:03.789+0000][7][gc,start    ] GC(494) Pause Young (Normal) (G1 Evacuation Pause)
[2024-03-08T09:38:03.789+0000][7][gc,task     ] GC(494) Using 8 workers of 8 for evacuation
[2024-03-08T09:38:03.789+0000][7][gc,age      ] GC(494) Desired survivor size 41943040 bytes, new threshold 15 (max threshold 15)
[2024-03-08T09:38:03.791+0000][7][gc,phases   ] GC(494)   Pre Evacuate Collection Set: 0.1ms
[2024-03-08T09:38:03.791+0000][7][gc,phases   ] GC(494)   Merge Heap Roots: 0.1ms
[2024-03-08T09:38:03.791+0000][7][gc,phases   ] GC(494)   Evacuate Collection Set: 1.2ms
[2024-03-08T09:38:03.791+0000][7][gc,phases   ] GC(494)   Post Evacuate Collection Set: 0.6ms
[2024-03-08T09:38:03.791+0000][7][gc,phases   ] GC(494)   Other: 0.1ms
[2024-03-08T09:38:03.791+0000][7][gc,age      ] GC(494) Age table with threshold 15 (max threshold 15)
[2024-03-08T09:38:03.791+0000][7][gc,age      ] GC(494) - age   1:    1749832 bytes,    1749832 total
[2024-03-08T09:38:03.791+0000][7][gc,age      ] GC(494) - age   2:       1400 bytes,    1751232 total
[2024-03-08T09:38:03.791+0000][7][gc,age      ] GC(494) - age   3:       2768 bytes,    1754000 total
[2024-03-08T09:38:03.791+0000][7][gc,age      ] GC(494) - age   4:       6776 bytes,    1760776 total
[2024-03-08T09:38:03.791+0000][7][gc,age      ] GC(494) - age   5:       6624 bytes,    1767400 total
[2024-03-08T09:38:03.791+0000][7][gc,age      ] GC(494) - age   6:     174632 bytes,    1942032 total
[2024-03-08T09:38:03.791+0000][7][gc,age      ] GC(494) - age   7:         24 bytes,    1942056 total
[2024-03-08T09:38:03.791+0000][7][gc,age      ] GC(494) - age   8:      82416 bytes,    2024472 total
[2024-03-08T09:38:03.791+0000][7][gc,age      ] GC(494) - age   9:        208 bytes,    2024680 total
[2024-03-08T09:38:03.791+0000][7][gc,age      ] GC(494) - age  10:        144 bytes,    2024824 total
[2024-03-08T09:38:03.791+0000][7][gc,age      ] GC(494) - age  12:       4208 bytes,    2029032 total
[2024-03-08T09:38:03.791+0000][7][gc,age      ] GC(494) - age  14:         80 bytes,    2029112 total
[2024-03-08T09:38:03.791+0000][7][gc,heap     ] GC(494) Eden regions: 152->0(152)
[2024-03-08T09:38:03.791+0000][7][gc,heap     ] GC(494) Survivor regions: 1->1(20)
[2024-03-08T09:38:03.791+0000][7][gc,heap     ] GC(494) Old regions: 25->25
[2024-03-08T09:38:03.791+0000][7][gc,heap     ] GC(494) Archive regions: 2->2
[2024-03-08T09:38:03.791+0000][7][gc,heap     ] GC(494) Humongous regions: 0->0
[2024-03-08T09:38:03.791+0000][7][gc,metaspace] GC(494) Metaspace: 129025K(132480K)->129025K(132480K) NonClass: 112174K(113984K)->112174K(113984K) Class: 16851K(18496K)->16851K(18496K)
[2024-03-08T09:38:03.791+0000][7][gc          ] GC(494) Pause Young (Normal) (G1 Evacuation Pause) 712M->105M(1024M) 2.210ms
[2024-03-08T09:38:03.791+0000][7][gc,cpu      ] GC(494) User=0.01s Sys=0.00s Real=0.00s
[2024-03-08T09:38:03.791+0000][7][safepoint   ] Safepoint "G1CollectForAllocation", Time since last: 141603068085 ns, Reaching safepoint: 53889 ns, At safepoint: 2280981 ns, Total: 2334870 ns
[2024-03-08T09:38:18.794+0000][7][safepoint   ] Safepoint "Cleanup", Time since last: 15002156610 ns, Reaching safepoint: 121155 ns, At safepoint: 8696 ns, Total: 129851 ns
[2024-03-08T09:40:04.810+0000][7][safepoint   ] Safepoint "Cleanup", Time since last: 106016150004 ns, Reaching safepoint: 73313 ns, At safepoint: 38737 ns, Total: 112050 ns
[2024-03-08T09:40:15.368+0000][7][gc,start    ] GC(495) Pause Young (Normal) (G1 Evacuation Pause)
[2024-03-08T09:40:15.369+0000][7][gc,task     ] GC(495) Using 8 workers of 8 for evacuation
[2024-03-08T09:40:15.369+0000][7][gc,age      ] GC(495) Desired survivor size 41943040 bytes, new threshold 15 (max threshold 15)
[2024-03-08T09:40:15.371+0000][7][gc,phases   ] GC(495)   Pre Evacuate Collection Set: 0.1ms
[2024-03-08T09:40:15.371+0000][7][gc,phases   ] GC(495)   Merge Heap Roots: 0.1ms
[2024-03-08T09:40:15.371+0000][7][gc,phases   ] GC(495)   Evacuate Collection Set: 1.5ms
[2024-03-08T09:40:15.371+0000][7][gc,phases   ] GC(495)   Post Evacuate Collection Set: 0.9ms
[2024-03-08T09:40:15.371+0000][7][gc,phases   ] GC(495)   Other: 0.1ms
[2024-03-08T09:40:15.371+0000][7][gc,age      ] GC(495) Age table with threshold 15 (max threshold 15)
[2024-03-08T09:40:15.371+0000][7][gc,age      ] GC(495) - age   1:    1339464 bytes,    1339464 total
[2024-03-08T09:40:15.371+0000][7][gc,age      ] GC(495) - age   2:      15736 bytes,    1355200 total
[2024-03-08T09:40:15.371+0000][7][gc,age      ] GC(495) - age   3:        440 bytes,    1355640 total
[2024-03-08T09:40:15.371+0000][7][gc,age      ] GC(495) - age   4:       1184 bytes,    1356824 total
[2024-03-08T09:40:15.371+0000][7][gc,age      ] GC(495) - age   5:       6648 bytes,    1363472 total
[2024-03-08T09:40:15.371+0000][7][gc,age      ] GC(495) - age   6:       6536 bytes,    1370008 total
[2024-03-08T09:40:15.371+0000][7][gc,age      ] GC(495) - age   7:     174632 bytes,    1544640 total
[2024-03-08T09:40:15.371+0000][7][gc,age      ] GC(495) - age   8:         24 bytes,    1544664 total
[2024-03-08T09:40:15.371+0000][7][gc,age      ] GC(495) - age   9:      74400 bytes,    1619064 total
[2024-03-08T09:40:15.371+0000][7][gc,age      ] GC(495) - age  10:        208 bytes,    1619272 total
[2024-03-08T09:40:15.371+0000][7][gc,age      ] GC(495) - age  11:        144 bytes,    1619416 total
[2024-03-08T09:40:15.371+0000][7][gc,age      ] GC(495) - age  13:       4208 bytes,    1623624 total
[2024-03-08T09:40:15.371+0000][7][gc,age      ] GC(495) - age  15:         80 bytes,    1623704 total
[2024-03-08T09:40:15.371+0000][7][gc,heap     ] GC(495) Eden regions: 152->0(152)
[2024-03-08T09:40:15.371+0000][7][gc,heap     ] GC(495) Survivor regions: 1->1(20)
[2024-03-08T09:40:15.371+0000][7][gc,heap     ] GC(495) Old regions: 25->25
[2024-03-08T09:40:15.371+0000][7][gc,heap     ] GC(495) Archive regions: 2->2
[2024-03-08T09:40:15.371+0000][7][gc,heap     ] GC(495) Humongous regions: 0->0
[2024-03-08T09:40:15.371+0000][7][gc,metaspace] GC(495) Metaspace: 129034K(132480K)->129034K(132480K) NonClass: 112182K(113984K)->112182K(113984K) Class: 16851K(18496K)->16851K(18496K)
[2024-03-08T09:40:15.372+0000][7][gc          ] GC(495) Pause Young (Normal) (G1 Evacuation Pause) 713M->105M(1024M) 3.041ms
[2024-03-08T09:40:15.372+0000][7][gc,cpu      ] GC(495) User=0.02s Sys=0.00s Real=0.00s
[2024-03-08T09:40:15.372+0000][7][safepoint   ] Safepoint "G1CollectForAllocation", Time since last: 10558534666 ns, Reaching safepoint: 63142 ns, At safepoint: 3144915 ns, Total: 3208057 ns
[2024-03-08T09:42:24.749+0000][7][gc,start    ] GC(496) Pause Young (Normal) (G1 Evacuation Pause)
[2024-03-08T09:42:24.750+0000][7][gc,task     ] GC(496) Using 8 workers of 8 for evacuation
[2024-03-08T09:42:24.750+0000][7][gc,age      ] GC(496) Desired survivor size 41943040 bytes, new threshold 15 (max threshold 15)
[2024-03-08T09:42:24.752+0000][7][gc,phases   ] GC(496)   Pre Evacuate Collection Set: 0.1ms
[2024-03-08T09:42:24.752+0000][7][gc,phases   ] GC(496)   Merge Heap Roots: 0.1ms
[2024-03-08T09:42:24.752+0000][7][gc,phases   ] GC(496)   Evacuate Collection Set: 1.2ms
[2024-03-08T09:42:24.752+0000][7][gc,phases   ] GC(496)   Post Evacuate Collection Set: 0.8ms
[2024-03-08T09:42:24.752+0000][7][gc,phases   ] GC(496)   Other: 0.1ms
[2024-03-08T09:42:24.752+0000][7][gc,age      ] GC(496) Age table with threshold 15 (max threshold 15)
[2024-03-08T09:42:24.752+0000][7][gc,age      ] GC(496) - age   1:     713232 bytes,     713232 total
[2024-03-08T09:42:24.752+0000][7][gc,age      ] GC(496) - age   2:     142040 bytes,     855272 total
[2024-03-08T09:42:24.752+0000][7][gc,age      ] GC(496) - age   3:      12200 bytes,     867472 total
[2024-03-08T09:42:24.752+0000][7][gc,age      ] GC(496) - age   4:        128 bytes,     867600 total
[2024-03-08T09:42:24.752+0000][7][gc,age      ] GC(496) - age   5:        992 bytes,     868592 total
[2024-03-08T09:42:24.752+0000][7][gc,age      ] GC(496) - age   6:       6464 bytes,     875056 total
[2024-03-08T09:42:24.752+0000][7][gc,age      ] GC(496) - age   7:       6504 bytes,     881560 total
[2024-03-08T09:42:24.752+0000][7][gc,age      ] GC(496) - age   8:     174504 bytes,    1056064 total
[2024-03-08T09:42:24.752+0000][7][gc,age      ] GC(496) - age   9:         24 bytes,    1056088 total
[2024-03-08T09:42:24.752+0000][7][gc,age      ] GC(496) - age  10:      74400 bytes,    1130488 total
[2024-03-08T09:42:24.752+0000][7][gc,age      ] GC(496) - age  11:        208 bytes,    1130696 total
[2024-03-08T09:42:24.752+0000][7][gc,age      ] GC(496) - age  12:        144 bytes,    1130840 total
[2024-03-08T09:42:24.752+0000][7][gc,age      ] GC(496) - age  14:       4208 bytes,    1135048 total
[2024-03-08T09:42:24.752+0000][7][gc,heap     ] GC(496) Eden regions: 152->0(152)
[2024-03-08T09:42:24.752+0000][7][gc,heap     ] GC(496) Survivor regions: 1->1(20)
[2024-03-08T09:42:24.752+0000][7][gc,heap     ] GC(496) Old regions: 25->25
[2024-03-08T09:42:24.752+0000][7][gc,heap     ] GC(496) Archive regions: 2->2
[2024-03-08T09:42:24.752+0000][7][gc,heap     ] GC(496) Humongous regions: 0->0
[2024-03-08T09:42:24.752+0000][7][gc,metaspace] GC(496) Metaspace: 129034K(132480K)->129034K(132480K) NonClass: 112182K(113984K)->112182K(113984K) Class: 16851K(18496K)->16851K(18496K)
[2024-03-08T09:42:24.752+0000][7][gc          ] GC(496) Pause Young (Normal) (G1 Evacuation Pause) 713M->105M(1024M) 2.719ms
[2024-03-08T09:42:24.752+0000][7][gc,cpu      ] GC(496) User=0.01s Sys=0.00s Real=0.00s
[2024-03-08T09:42:24.752+0000][7][safepoint   ] Safepoint "G1CollectForAllocation", Time since last: 129377745888 ns, Reaching safepoint: 46658 ns, At safepoint: 2821268 ns, Total: 2867926 ns
[2024-03-08T09:44:33.768+0000][7][safepoint   ] Safepoint "Cleanup", Time since last: 129015910234 ns, Reaching safepoint: 74758 ns, At safepoint: 49841 ns, Total: 124599 ns
[2024-03-08T09:45:09.213+0000][7][gc,start    ] GC(497) Pause Young (Normal) (G1 Evacuation Pause)
[2024-03-08T09:45:09.213+0000][7][gc,task     ] GC(497) Using 8 workers of 8 for evacuation
[2024-03-08T09:45:09.213+0000][7][gc,age      ] GC(497) Desired survivor size 41943040 bytes, new threshold 15 (max threshold 15)
[2024-03-08T09:45:09.215+0000][7][gc,phases   ] GC(497)   Pre Evacuate Collection Set: 0.2ms
[2024-03-08T09:45:09.215+0000][7][gc,phases   ] GC(497)   Merge Heap Roots: 0.1ms
[2024-03-08T09:45:09.215+0000][7][gc,phases   ] GC(497)   Evacuate Collection Set: 1.6ms
[2024-03-08T09:45:09.215+0000][7][gc,phases   ] GC(497)   Post Evacuate Collection Set: 0.7ms
[2024-03-08T09:45:09.215+0000][7][gc,phases   ] GC(497)   Other: 0.1ms
[2024-03-08T09:45:09.215+0000][7][gc,age      ] GC(497) Age table with threshold 15 (max threshold 15)
[2024-03-08T09:45:09.215+0000][7][gc,age      ] GC(497) - age   1:    1056568 bytes,    1056568 total
[2024-03-08T09:45:09.216+0000][7][gc,age      ] GC(497) - age   2:       3056 bytes,    1059624 total
[2024-03-08T09:45:09.216+0000][7][gc,age      ] GC(497) - age   3:     140240 bytes,    1199864 total
[2024-03-08T09:45:09.216+0000][7][gc,age      ] GC(497) - age   4:      11568 bytes,    1211432 total
[2024-03-08T09:45:09.216+0000][7][gc,age      ] GC(497) - age   5:         64 bytes,    1211496 total
[2024-03-08T09:45:09.216+0000][7][gc,age      ] GC(497) - age   6:        800 bytes,    1212296 total
[2024-03-08T09:45:09.216+0000][7][gc,age      ] GC(497) - age   7:       6336 bytes,    1218632 total
[2024-03-08T09:45:09.216+0000][7][gc,age      ] GC(497) - age   8:       6504 bytes,    1225136 total
[2024-03-08T09:45:09.216+0000][7][gc,age      ] GC(497) - age   9:     174504 bytes,    1399640 total
[2024-03-08T09:45:09.216+0000][7][gc,age      ] GC(497) - age  10:         24 bytes,    1399664 total
[2024-03-08T09:45:09.216+0000][7][gc,age      ] GC(497) - age  11:      74400 bytes,    1474064 total
[2024-03-08T09:45:09.216+0000][7][gc,age      ] GC(497) - age  12:        208 bytes,    1474272 total
[2024-03-08T09:45:09.216+0000][7][gc,age      ] GC(497) - age  13:        144 bytes,    1474416 total
[2024-03-08T09:45:09.216+0000][7][gc,age      ] GC(497) - age  15:       4208 bytes,    1478624 total
[2024-03-08T09:45:09.216+0000][7][gc,heap     ] GC(497) Eden regions: 152->0(152)
[2024-03-08T09:45:09.216+0000][7][gc,heap     ] GC(497) Survivor regions: 1->1(20)
[2024-03-08T09:45:09.216+0000][7][gc,heap     ] GC(497) Old regions: 25->25
[2024-03-08T09:45:09.216+0000][7][gc,heap     ] GC(497) Archive regions: 2->2
[2024-03-08T09:45:09.216+0000][7][gc,heap     ] GC(497) Humongous regions: 0->0
[2024-03-08T09:45:09.216+0000][7][gc,metaspace] GC(497) Metaspace: 129034K(132480K)->129034K(132480K) NonClass: 112182K(113984K)->112182K(113984K) Class: 16851K(18496K)->16851K(18496K)
[2024-03-08T09:45:09.216+0000][7][gc          ] GC(497) Pause Young (Normal) (G1 Evacuation Pause) 713M->105M(1024M) 2.967ms
[2024-03-08T09:45:09.216+0000][7][gc,cpu      ] GC(497) User=0.01s Sys=0.00s Real=0.00s
[2024-03-08T09:45:09.216+0000][7][safepoint   ] Safepoint "G1CollectForAllocation", Time since last: 35444317891 ns, Reaching safepoint: 90408 ns, At safepoint: 3065320 ns, Total: 3155728 ns
[2024-03-08T09:48:03.326+0000][7][gc,start    ] GC(498) Pause Young (Normal) (G1 Evacuation Pause)
[2024-03-08T09:48:03.326+0000][7][gc,task     ] GC(498) Using 8 workers of 8 for evacuation
[2024-03-08T09:48:03.326+0000][7][gc,age      ] GC(498) Desired survivor size 41943040 bytes, new threshold 15 (max threshold 15)
[2024-03-08T09:48:03.328+0000][7][gc,phases   ] GC(498)   Pre Evacuate Collection Set: 0.1ms
[2024-03-08T09:48:03.328+0000][7][gc,phases   ] GC(498)   Merge Heap Roots: 0.1ms
[2024-03-08T09:48:03.328+0000][7][gc,phases   ] GC(498)   Evacuate Collection Set: 1.3ms
[2024-03-08T09:48:03.329+0000][7][gc,phases   ] GC(498)   Post Evacuate Collection Set: 0.8ms
[2024-03-08T09:48:03.329+0000][7][gc,phases   ] GC(498)   Other: 0.1ms
[2024-03-08T09:48:03.329+0000][7][gc,age      ] GC(498) Age table with threshold 15 (max threshold 15)
[2024-03-08T09:48:03.329+0000][7][gc,age      ] GC(498) - age   1:     839064 bytes,     839064 total
[2024-03-08T09:48:03.329+0000][7][gc,age      ] GC(498) - age   2:       2048 bytes,     841112 total
[2024-03-08T09:48:03.329+0000][7][gc,age      ] GC(498) - age   3:       1344 bytes,     842456 total
[2024-03-08T09:48:03.329+0000][7][gc,age      ] GC(498) - age   4:     139920 bytes,     982376 total
[2024-03-08T09:48:03.329+0000][7][gc,age      ] GC(498) - age   5:       8048 bytes,     990424 total
[2024-03-08T09:48:03.329+0000][7][gc,age      ] GC(498) - age   6:         64 bytes,     990488 total
[2024-03-08T09:48:03.329+0000][7][gc,age      ] GC(498) - age   7:        408 bytes,     990896 total
[2024-03-08T09:48:03.329+0000][7][gc,age      ] GC(498) - age   8:       6336 bytes,     997232 total
[2024-03-08T09:48:03.329+0000][7][gc,age      ] GC(498) - age   9:       6504 bytes,    1003736 total
[2024-03-08T09:48:03.329+0000][7][gc,age      ] GC(498) - age  10:     174504 bytes,    1178240 total
[2024-03-08T09:48:03.329+0000][7][gc,age      ] GC(498) - age  11:         24 bytes,    1178264 total
[2024-03-08T09:48:03.329+0000][7][gc,age      ] GC(498) - age  12:      74400 bytes,    1252664 total
[2024-03-08T09:48:03.329+0000][7][gc,age      ] GC(498) - age  13:        208 bytes,    1252872 total
[2024-03-08T09:48:03.329+0000][7][gc,age      ] GC(498) - age  14:        144 bytes,    1253016 total
[2024-03-08T09:48:03.329+0000][7][gc,heap     ] GC(498) Eden regions: 152->0(152)
[2024-03-08T09:48:03.329+0000][7][gc,heap     ] GC(498) Survivor regions: 1->1(20)
[2024-03-08T09:48:03.329+0000][7][gc,heap     ] GC(498) Old regions: 25->25
[2024-03-08T09:48:03.329+0000][7][gc,heap     ] GC(498) Archive regions: 2->2
[2024-03-08T09:48:03.329+0000][7][gc,heap     ] GC(498) Humongous regions: 0->0
[2024-03-08T09:48:03.329+0000][7][gc,metaspace] GC(498) Metaspace: 129034K(132480K)->129034K(132480K) NonClass: 112182K(113984K)->112182K(113984K) Class: 16851K(18496K)->16851K(18496K)
[2024-03-08T09:48:03.329+0000][7][gc          ] GC(498) Pause Young (Normal) (G1 Evacuation Pause) 713M->105M(1024M) 2.699ms
[2024-03-08T09:48:03.329+0000][7][gc,cpu      ] GC(498) User=0.01s Sys=0.01s Real=0.00s
[2024-03-08T09:48:03.329+0000][7][safepoint   ] Safepoint "G1CollectForAllocation", Time since last: 174110175232 ns, Reaching safepoint: 81290 ns, At safepoint: 2796773 ns, Total: 2878063 ns
[2024-03-08T09:50:42.236+0000][7][gc,start    ] GC(499) Pause Young (Normal) (G1 Evacuation Pause)
[2024-03-08T09:50:42.236+0000][7][gc,task     ] GC(499) Using 8 workers of 8 for evacuation
[2024-03-08T09:50:42.236+0000][7][gc,age      ] GC(499) Desired survivor size 41943040 bytes, new threshold 15 (max threshold 15)
[2024-03-08T09:50:42.238+0000][7][gc,phases   ] GC(499)   Pre Evacuate Collection Set: 0.1ms
[2024-03-08T09:50:42.238+0000][7][gc,phases   ] GC(499)   Merge Heap Roots: 0.1ms
[2024-03-08T09:50:42.238+0000][7][gc,phases   ] GC(499)   Evacuate Collection Set: 1.5ms
[2024-03-08T09:50:42.238+0000][7][gc,phases   ] GC(499)   Post Evacuate Collection Set: 0.8ms
[2024-03-08T09:50:42.238+0000][7][gc,phases   ] GC(499)   Other: 0.1ms
[2024-03-08T09:50:42.238+0000][7][gc,age      ] GC(499) Age table with threshold 15 (max threshold 15)
[2024-03-08T09:50:42.238+0000][7][gc,age      ] GC(499) - age   1:    1439480 bytes,    1439480 total
[2024-03-08T09:50:42.238+0000][7][gc,age      ] GC(499) - age   2:       6896 bytes,    1446376 total
[2024-03-08T09:50:42.238+0000][7][gc,age      ] GC(499) - age   3:        448 bytes,    1446824 total
[2024-03-08T09:50:42.238+0000][7][gc,age      ] GC(499) - age   4:       1280 bytes,    1448104 total
[2024-03-08T09:50:42.238+0000][7][gc,age      ] GC(499) - age   5:     139640 bytes,    1587744 total
[2024-03-08T09:50:42.238+0000][7][gc,age      ] GC(499) - age   6:       8048 bytes,    1595792 total
[2024-03-08T09:50:42.238+0000][7][gc,age      ] GC(499) - age   8:        408 bytes,    1596200 total
[2024-03-08T09:50:42.238+0000][7][gc,age      ] GC(499) - age   9:       6336 bytes,    1602536 total
[2024-03-08T09:50:42.238+0000][7][gc,age      ] GC(499) - age  10:       6504 bytes,    1609040 total
[2024-03-08T09:50:42.238+0000][7][gc,age      ] GC(499) - age  11:     174504 bytes,    1783544 total
[2024-03-08T09:50:42.238+0000][7][gc,age      ] GC(499) - age  12:         24 bytes,    1783568 total
[2024-03-08T09:50:42.238+0000][7][gc,age      ] GC(499) - age  13:      74400 bytes,    1857968 total
[2024-03-08T09:50:42.238+0000][7][gc,age      ] GC(499) - age  14:        208 bytes,    1858176 total
[2024-03-08T09:50:42.238+0000][7][gc,age      ] GC(499) - age  15:        144 bytes,    1858320 total
[2024-03-08T09:50:42.238+0000][7][gc,heap     ] GC(499) Eden regions: 152->0(152)
[2024-03-08T09:50:42.239+0000][7][gc,heap     ] GC(499) Survivor regions: 1->1(20)
[2024-03-08T09:50:42.239+0000][7][gc,heap     ] GC(499) Old regions: 25->25
[2024-03-08T09:50:42.239+0000][7][gc,heap     ] GC(499) Archive regions: 2->2
[2024-03-08T09:50:42.239+0000][7][gc,heap     ] GC(499) Humongous regions: 0->0
[2024-03-08T09:50:42.239+0000][7][gc,metaspace] GC(499) Metaspace: 129034K(132480K)->129034K(132480K) NonClass: 112182K(113984K)->112182K(113984K) Class: 16851K(18496K)->16851K(18496K)
[2024-03-08T09:50:42.239+0000][7][gc          ] GC(499) Pause Young (Normal) (G1 Evacuation Pause) 713M->105M(1024M) 2.821ms
[2024-03-08T09:50:42.239+0000][7][gc,cpu      ] GC(499) User=0.01s Sys=0.00s Real=0.01s
[2024-03-08T09:50:42.239+0000][7][safepoint   ] Safepoint "G1CollectForAllocation", Time since last: 158906877523 ns, Reaching safepoint: 64178 ns, At safepoint: 2915681 ns, Total: 2979859 ns
[2024-03-08T13:08:59.127+0000][7][safepoint   ] Safepoint "Cleanup", Time since last: 48923063432 ns, Reaching safepoint: 196220 ns, At safepoint: 24889 ns, Total: 221109 ns
[2024-03-08T13:09:11.128+0000][7][safepoint   ] Safepoint "Cleanup", Time since last: 12001188048 ns, Reaching safepoint: 81867 ns, At safepoint: 37850 ns, Total: 119717 ns
[2024-03-08T13:10:16.511+0000][7][gc,start    ] GC(500) Pause Young (Normal) (G1 Evacuation Pause)
[2024-03-08T13:10:16.511+0000][7][gc,task     ] GC(500) Using 8 workers of 8 for evacuation
[2024-03-08T13:10:16.511+0000][7][gc,age      ] GC(500) Desired survivor size 41943040 bytes, new threshold 15 (max threshold 15)
[2024-03-08T13:10:16.514+0000][7][gc,phases   ] GC(500)   Pre Evacuate Collection Set: 0.2ms
[2024-03-08T13:10:16.514+0000][7][gc,phases   ] GC(500)   Merge Heap Roots: 0.1ms
[2024-03-08T13:10:16.514+0000][7][gc,phases   ] GC(500)   Evacuate Collection Set: 1.5ms
[2024-03-08T13:10:16.514+0000][7][gc,phases   ] GC(500)   Post Evacuate Collection Set: 1.0ms
[2024-03-08T13:10:16.514+0000][7][gc,phases   ] GC(500)   Other: 0.1ms
[2024-03-08T13:10:16.514+0000][7][gc,age      ] GC(500) Age table with threshold 15 (max threshold 15)
[2024-03-08T13:10:16.514+0000][7][gc,age      ] GC(500) - age   1:    1187704 bytes,    1187704 total
[2024-03-08T13:10:16.514+0000][7][gc,age      ] GC(500) - age   2:       3872 bytes,    1191576 total
[2024-03-08T13:10:16.514+0000][7][gc,age      ] GC(500) - age   3:       4296 bytes,    1195872 total
[2024-03-08T13:10:16.514+0000][7][gc,age      ] GC(500) - age   4:        256 bytes,    1196128 total
[2024-03-08T13:10:16.514+0000][7][gc,age      ] GC(500) - age   5:        280 bytes,    1196408 total
[2024-03-08T13:10:16.514+0000][7][gc,age      ] GC(500) - age   6:     131088 bytes,    1327496 total
[2024-03-08T13:10:16.514+0000][7][gc,age      ] GC(500) - age   9:         24 bytes,    1327520 total
[2024-03-08T13:10:16.514+0000][7][gc,age      ] GC(500) - age  10:       6336 bytes,    1333856 total
[2024-03-08T13:10:16.514+0000][7][gc,age      ] GC(500) - age  11:       6504 bytes,    1340360 total
[2024-03-08T13:10:16.514+0000][7][gc,age      ] GC(500) - age  12:     174504 bytes,    1514864 total
[2024-03-08T13:10:16.514+0000][7][gc,age      ] GC(500) - age  13:         24 bytes,    1514888 total
[2024-03-08T13:10:16.514+0000][7][gc,age      ] GC(500) - age  14:      74400 bytes,    1589288 total
[2024-03-08T13:10:16.514+0000][7][gc,age      ] GC(500) - age  15:        208 bytes,    1589496 total
[2024-03-08T13:10:16.514+0000][7][gc,heap     ] GC(500) Eden regions: 152->0(152)
[2024-03-08T13:10:16.514+0000][7][gc,heap     ] GC(500) Survivor regions: 1->1(20)
[2024-03-08T13:10:16.514+0000][7][gc,heap     ] GC(500) Old regions: 25->25
[2024-03-08T13:10:16.514+0000][7][gc,heap     ] GC(500) Archive regions: 2->2
[2024-03-08T13:10:16.514+0000][7][gc,heap     ] GC(500) Humongous regions: 0->0
[2024-03-08T13:10:16.514+0000][7][gc,metaspace] GC(500) Metaspace: 129034K(132480K)->129034K(132480K) NonClass: 112182K(113984K)->112182K(113984K) Class: 16851K(18496K)->16851K(18496K)
[2024-03-08T13:10:16.514+0000][7][gc          ] GC(500) Pause Young (Normal) (G1 Evacuation Pause) 713M->105M(1024M) 3.274ms
[2024-03-08T13:10:16.514+0000][7][gc,cpu      ] GC(500) User=0.01s Sys=0.00s Real=0.00s
[2024-03-08T13:10:16.514+0000][7][safepoint   ] Safepoint "G1CollectForAllocation", Time since last: 65382531333 ns, Reaching safepoint: 112855 ns, At safepoint: 3379710 ns, Total: 3492565 ns
[2024-03-08T13:12:28.234+0000][7][gc,start    ] GC(501) Pause Young (Normal) (G1 Evacuation Pause)
[2024-03-08T13:12:28.234+0000][7][gc,task     ] GC(501) Using 8 workers of 8 for evacuation
[2024-03-08T13:12:28.234+0000][7][gc,age      ] GC(501) Desired survivor size 41943040 bytes, new threshold 15 (max threshold 15)
[2024-03-08T13:12:28.236+0000][7][gc,phases   ] GC(501)   Pre Evacuate Collection Set: 0.1ms
[2024-03-08T13:12:28.236+0000][7][gc,phases   ] GC(501)   Merge Heap Roots: 0.1ms
[2024-03-08T13:12:28.236+0000][7][gc,phases   ] GC(501)   Evacuate Collection Set: 1.0ms
[2024-03-08T13:12:28.236+0000][7][gc,phases   ] GC(501)   Post Evacuate Collection Set: 0.7ms
[2024-03-08T13:12:28.236+0000][7][gc,phases   ] GC(501)   Other: 0.1ms
[2024-03-08T13:12:28.236+0000][7][gc,age      ] GC(501) Age table with threshold 15 (max threshold 15)
[2024-03-08T13:12:28.236+0000][7][gc,age      ] GC(501) - age   1:     637952 bytes,     637952 total
[2024-03-08T13:12:28.236+0000][7][gc,age      ] GC(501) - age   2:     151360 bytes,     789312 total
[2024-03-08T13:12:28.236+0000][7][gc,age      ] GC(501) - age   3:       1656 bytes,     790968 total
[2024-03-08T13:12:28.236+0000][7][gc,age      ] GC(501) - age   4:       3976 bytes,     794944 total
[2024-03-08T13:12:28.236+0000][7][gc,age      ] GC(501) - age   5:         64 bytes,     795008 total
[2024-03-08T13:12:28.236+0000][7][gc,age      ] GC(501) - age   6:         64 bytes,     795072 total
[2024-03-08T13:12:28.236+0000][7][gc,age      ] GC(501) - age   7:     131088 bytes,     926160 total
[2024-03-08T13:12:28.236+0000][7][gc,age      ] GC(501) - age  10:         24 bytes,     926184 total
[2024-03-08T13:12:28.236+0000][7][gc,age      ] GC(501) - age  11:       6336 bytes,     932520 total
[2024-03-08T13:12:28.236+0000][7][gc,age      ] GC(501) - age  12:       6504 bytes,     939024 total
[2024-03-08T13:12:28.236+0000][7][gc,age      ] GC(501) - age  13:     174504 bytes,    1113528 total
[2024-03-08T13:12:28.236+0000][7][gc,age      ] GC(501) - age  14:         24 bytes,    1113552 total
[2024-03-08T13:12:28.236+0000][7][gc,age      ] GC(501) - age  15:      74400 bytes,    1187952 total
[2024-03-08T13:12:28.236+0000][7][gc,heap     ] GC(501) Eden regions: 152->0(152)
[2024-03-08T13:12:28.236+0000][7][gc,heap     ] GC(501) Survivor regions: 1->1(20)
[2024-03-08T13:12:28.236+0000][7][gc,heap     ] GC(501) Old regions: 25->25
[2024-03-08T13:12:28.236+0000][7][gc,heap     ] GC(501) Archive regions: 2->2
[2024-03-08T13:12:28.236+0000][7][gc,heap     ] GC(501) Humongous regions: 0->0
[2024-03-08T13:12:28.236+0000][7][gc,metaspace] GC(501) Metaspace: 129034K(132480K)->129034K(132480K) NonClass: 112182K(113984K)->112182K(113984K) Class: 16851K(18496K)->16851K(18496K)
[2024-03-08T13:12:28.236+0000][7][gc          ] GC(501) Pause Young (Normal) (G1 Evacuation Pause) 713M->105M(1024M) 2.281ms
[2024-03-08T13:12:28.236+0000][7][gc,cpu      ] GC(501) User=0.01s Sys=0.00s Real=0.00s
[2024-03-08T13:12:28.236+0000][7][safepoint   ] Safepoint "G1CollectForAllocation", Time since last: 131719604225 ns, Reaching safepoint: 55094 ns, At safepoint: 2373983 ns, Total: 2429077 ns
[2024-03-08T13:14:40.692+0000][7][gc,start    ] GC(502) Pause Young (Normal) (G1 Evacuation Pause)
[2024-03-08T13:14:40.692+0000][7][gc,task     ] GC(502) Using 8 workers of 8 for evacuation
[2024-03-08T13:14:40.692+0000][7][gc,age      ] GC(502) Desired survivor size 41943040 bytes, new threshold 15 (max threshold 15)
[2024-03-08T13:14:40.694+0000][7][gc,phases   ] GC(502)   Pre Evacuate Collection Set: 0.1ms
[2024-03-08T13:14:40.694+0000][7][gc,phases   ] GC(502)   Merge Heap Roots: 0.0ms
[2024-03-08T13:14:40.694+0000][7][gc,phases   ] GC(502)   Evacuate Collection Set: 1.0ms
[2024-03-08T13:14:40.694+0000][7][gc,phases   ] GC(502)   Post Evacuate Collection Set: 0.5ms
[2024-03-08T13:14:40.694+0000][7][gc,phases   ] GC(502)   Other: 0.1ms
[2024-03-08T13:14:40.694+0000][7][gc,age      ] GC(502) Age table with threshold 15 (max threshold 15)
[2024-03-08T13:14:40.694+0000][7][gc,age      ] GC(502) - age   1:    1743312 bytes,    1743312 total
[2024-03-08T13:14:40.694+0000][7][gc,age      ] GC(502) - age   2:       3016 bytes,    1746328 total
[2024-03-08T13:14:40.694+0000][7][gc,age      ] GC(502) - age   3:     140800 bytes,    1887128 total
[2024-03-08T13:14:40.694+0000][7][gc,age      ] GC(502) - age   4:       1048 bytes,    1888176 total
[2024-03-08T13:14:40.694+0000][7][gc,age      ] GC(502) - age   5:        456 bytes,    1888632 total
[2024-03-08T13:14:40.694+0000][7][gc,age      ] GC(502) - age   6:         64 bytes,    1888696 total
[2024-03-08T13:14:40.694+0000][7][gc,age      ] GC(502) - age   7:         64 bytes,    1888760 total
[2024-03-08T13:14:40.694+0000][7][gc,age      ] GC(502) - age   8:     131088 bytes,    2019848 total
[2024-03-08T13:14:40.694+0000][7][gc,age      ] GC(502) - age  11:         24 bytes,    2019872 total
[2024-03-08T13:14:40.694+0000][7][gc,age      ] GC(502) - age  12:       6336 bytes,    2026208 total
[2024-03-08T13:14:40.694+0000][7][gc,age      ] GC(502) - age  13:       6504 bytes,    2032712 total
[2024-03-08T13:14:40.694+0000][7][gc,age      ] GC(502) - age  14:     174504 bytes,    2207216 total
[2024-03-08T13:14:40.694+0000][7][gc,age      ] GC(502) - age  15:         24 bytes,    2207240 total
[2024-03-08T13:14:40.694+0000][7][gc,heap     ] GC(502) Eden regions: 152->0(152)
[2024-03-08T13:14:40.694+0000][7][gc,heap     ] GC(502) Survivor regions: 1->1(20)
[2024-03-08T13:14:40.694+0000][7][gc,heap     ] GC(502) Old regions: 25->25
[2024-03-08T13:14:40.694+0000][7][gc,heap     ] GC(502) Archive regions: 2->2
[2024-03-08T13:14:40.694+0000][7][gc,heap     ] GC(502) Humongous regions: 0->0
[2024-03-08T13:14:40.694+0000][7][gc,metaspace] GC(502) Metaspace: 129034K(132480K)->129034K(132480K) NonClass: 112182K(113984K)->112182K(113984K) Class: 16851K(18496K)->16851K(18496K)
[2024-03-08T13:14:40.694+0000][7][gc          ] GC(502) Pause Young (Normal) (G1 Evacuation Pause) 713M->106M(1024M) 1.886ms
[2024-03-08T13:14:40.694+0000][7][gc,cpu      ] GC(502) User=0.01s Sys=0.00s Real=0.00s
[2024-03-08T13:14:40.694+0000][7][safepoint   ] Safepoint "G1CollectForAllocation", Time since last: 132455463568 ns, Reaching safepoint: 43443 ns, At safepoint: 1950399 ns, Total: 1993842 ns
[2024-03-08T13:15:47.705+0000][7][safepoint   ] Safepoint "Cleanup", Time since last: 67010533057 ns, Reaching safepoint: 68418 ns, At safepoint: 9869 ns, Total: 78287 ns
[2024-03-08T13:15:52.706+0000][7][safepoint   ] Safepoint "Cleanup", Time since last: 5001012257 ns, Reaching safepoint: 75728 ns, At safepoint: 47185 ns, Total: 122913 ns
[2024-03-08T13:16:56.279+0000][7][gc,start    ] GC(503) Pause Young (Normal) (G1 Evacuation Pause)
[2024-03-08T13:16:56.279+0000][7][gc,task     ] GC(503) Using 8 workers of 8 for evacuation
[2024-03-08T13:16:56.279+0000][7][gc,age      ] GC(503) Desired survivor size 41943040 bytes, new threshold 15 (max threshold 15)
[2024-03-08T13:16:56.282+0000][7][gc,phases   ] GC(503)   Pre Evacuate Collection Set: 0.1ms
[2024-03-08T13:16:56.282+0000][7][gc,phases   ] GC(503)   Merge Heap Roots: 0.1ms
[2024-03-08T13:16:56.282+0000][7][gc,phases   ] GC(503)   Evacuate Collection Set: 1.6ms
[2024-03-08T13:16:56.282+0000][7][gc,phases   ] GC(503)   Post Evacuate Collection Set: 0.9ms
[2024-03-08T13:16:56.282+0000][7][gc,phases   ] GC(503)   Other: 0.1ms
[2024-03-08T13:16:56.282+0000][7][gc,age      ] GC(503) Age table with threshold 15 (max threshold 15)
[2024-03-08T13:16:56.282+0000][7][gc,age      ] GC(503) - age   1:    1123448 bytes,    1123448 total
[2024-03-08T13:16:56.282+0000][7][gc,age      ] GC(503) - age   2:      13864 bytes,    1137312 total
[2024-03-08T13:16:56.282+0000][7][gc,age      ] GC(503) - age   3:       1416 bytes,    1138728 total
[2024-03-08T13:16:56.282+0000][7][gc,age      ] GC(503) - age   4:     140480 bytes,    1279208 total
[2024-03-08T13:16:56.282+0000][7][gc,age      ] GC(503) - age   5:        792 bytes,    1280000 total
[2024-03-08T13:16:56.282+0000][7][gc,age      ] GC(503) - age   6:        392 bytes,    1280392 total
[2024-03-08T13:16:56.282+0000][7][gc,age      ] GC(503) - age   9:     131088 bytes,    1411480 total
[2024-03-08T13:16:56.282+0000][7][gc,age      ] GC(503) - age  12:         24 bytes,    1411504 total
[2024-03-08T13:16:56.282+0000][7][gc,age      ] GC(503) - age  13:       6336 bytes,    1417840 total
[2024-03-08T13:16:56.282+0000][7][gc,age      ] GC(503) - age  14:       6504 bytes,    1424344 total
[2024-03-08T13:16:56.282+0000][7][gc,age      ] GC(503) - age  15:     174504 bytes,    1598848 total
[2024-03-08T13:16:56.282+0000][7][gc,heap     ] GC(503) Eden regions: 152->0(152)
[2024-03-08T13:16:56.282+0000][7][gc,heap     ] GC(503) Survivor regions: 1->1(20)
[2024-03-08T13:16:56.282+0000][7][gc,heap     ] GC(503) Old regions: 25->25
[2024-03-08T13:16:56.282+0000][7][gc,heap     ] GC(503) Archive regions: 2->2
[2024-03-08T13:16:56.282+0000][7][gc,heap     ] GC(503) Humongous regions: 0->0
[2024-03-08T13:16:56.282+0000][7][gc,metaspace] GC(503) Metaspace: 129034K(132480K)->129034K(132480K) NonClass: 112182K(113984K)->112182K(113984K) Class: 16851K(18496K)->16851K(18496K)
[2024-03-08T13:16:56.282+0000][7][gc          ] GC(503) Pause Young (Normal) (G1 Evacuation Pause) 714M->105M(1024M) 3.309ms
[2024-03-08T13:16:56.282+0000][7][gc,cpu      ] GC(503) User=0.02s Sys=0.00s Real=0.01s
[2024-03-08T13:16:56.283+0000][7][safepoint   ] Safepoint "G1CollectForAllocation", Time since last: 63573335528 ns, Reaching safepoint: 84177 ns, At safepoint: 3417580 ns, Total: 3501757 ns
[2024-03-08T13:19:02.300+0000][7][safepoint   ] Safepoint "Cleanup", Time since last: 126017349991 ns, Reaching safepoint: 121158 ns, At safepoint: 15617 ns, Total: 136775 ns
[2024-03-08T13:19:13.202+0000][7][gc,start    ] GC(504) Pause Young (Normal) (G1 Evacuation Pause)
[2024-03-08T13:19:13.202+0000][7][gc,task     ] GC(504) Using 8 workers of 8 for evacuation
[2024-03-08T13:19:13.202+0000][7][gc,age      ] GC(504) Desired survivor size 41943040 bytes, new threshold 15 (max threshold 15)
[2024-03-08T13:19:13.205+0000][7][gc,phases   ] GC(504)   Pre Evacuate Collection Set: 0.1ms
[2024-03-08T13:19:13.205+0000][7][gc,phases   ] GC(504)   Merge Heap Roots: 0.1ms
[2024-03-08T13:19:13.205+0000][7][gc,phases   ] GC(504)   Evacuate Collection Set: 1.0ms
[2024-03-08T13:19:13.205+0000][7][gc,phases   ] GC(504)   Post Evacuate Collection Set: 0.9ms
[2024-03-08T13:19:13.205+0000][7][gc,phases   ] GC(504)   Other: 0.1ms
[2024-03-08T13:19:13.205+0000][7][gc,age      ] GC(504) Age table with threshold 15 (max threshold 15)
[2024-03-08T13:19:13.205+0000][7][gc,age      ] GC(504) - age   1:     441048 bytes,     441048 total
[2024-03-08T13:19:13.205+0000][7][gc,age      ] GC(504) - age   2:       3632 bytes,     444680 total
[2024-03-08T13:19:13.205+0000][7][gc,age      ] GC(504) - age   3:       3904 bytes,     448584 total
[2024-03-08T13:19:13.205+0000][7][gc,age      ] GC(504) - age   4:        904 bytes,     449488 total
[2024-03-08T13:19:13.205+0000][7][gc,age      ] GC(504) - age   5:     140288 bytes,     589776 total
[2024-03-08T13:19:13.205+0000][7][gc,age      ] GC(504) - age   6:        368 bytes,     590144 total
[2024-03-08T13:19:13.205+0000][7][gc,age      ] GC(504) - age  10:     131088 bytes,     721232 total
[2024-03-08T13:19:13.205+0000][7][gc,age      ] GC(504) - age  13:         24 bytes,     721256 total
[2024-03-08T13:19:13.205+0000][7][gc,age      ] GC(504) - age  14:       6336 bytes,     727592 total
[2024-03-08T13:19:13.205+0000][7][gc,age      ] GC(504) - age  15:       6320 bytes,     733912 total
[2024-03-08T13:19:13.205+0000][7][gc,heap     ] GC(504) Eden regions: 152->0(152)
[2024-03-08T13:19:13.205+0000][7][gc,heap     ] GC(504) Survivor regions: 1->1(20)
[2024-03-08T13:19:13.205+0000][7][gc,heap     ] GC(504) Old regions: 25->26
[2024-03-08T13:19:13.205+0000][7][gc,heap     ] GC(504) Archive regions: 2->2
[2024-03-08T13:19:13.205+0000][7][gc,heap     ] GC(504) Humongous regions: 0->0
[2024-03-08T13:19:13.205+0000][7][gc,metaspace] GC(504) Metaspace: 129034K(132480K)->129034K(132480K) NonClass: 112182K(113984K)->112182K(113984K) Class: 16851K(18496K)->16851K(18496K)
[2024-03-08T13:19:13.205+0000][7][gc          ] GC(504) Pause Young (Normal) (G1 Evacuation Pause) 713M->104M(1024M) 2.441ms
[2024-03-08T13:19:13.205+0000][7][gc,cpu      ] GC(504) User=0.01s Sys=0.01s Real=0.00s
[2024-03-08T13:19:13.205+0000][7][safepoint   ] Safepoint "G1CollectForAllocation", Time since last: 10902232668 ns, Reaching safepoint: 83159 ns, At safepoint: 2534632 ns, Total: 2617791 ns
[2024-03-08T13:22:08.281+0000][7][gc,start    ] GC(505) Pause Young (Normal) (G1 Evacuation Pause)
[2024-03-08T13:22:08.281+0000][7][gc,task     ] GC(505) Using 8 workers of 8 for evacuation
[2024-03-08T13:22:08.281+0000][7][gc,age      ] GC(505) Desired survivor size 41943040 bytes, new threshold 15 (max threshold 15)
[2024-03-08T13:22:08.283+0000][7][gc,phases   ] GC(505)   Pre Evacuate Collection Set: 0.1ms
[2024-03-08T13:22:08.283+0000][7][gc,phases   ] GC(505)   Merge Heap Roots: 0.1ms
[2024-03-08T13:22:08.283+0000][7][gc,phases   ] GC(505)   Evacuate Collection Set: 0.9ms
[2024-03-08T13:22:08.283+0000][7][gc,phases   ] GC(505)   Post Evacuate Collection Set: 0.5ms
[2024-03-08T13:22:08.283+0000][7][gc,phases   ] GC(505)   Other: 0.1ms
[2024-03-08T13:22:08.283+0000][7][gc,age      ] GC(505) Age table with threshold 15 (max threshold 15)
[2024-03-08T13:22:08.283+0000][7][gc,age      ] GC(505) - age   1:    1687280 bytes,    1687280 total
[2024-03-08T13:22:08.283+0000][7][gc,age      ] GC(505) - age   2:       3096 bytes,    1690376 total
[2024-03-08T13:22:08.283+0000][7][gc,age      ] GC(505) - age   3:        376 bytes,    1690752 total
[2024-03-08T13:22:08.283+0000][7][gc,age      ] GC(505) - age   4:       3584 bytes,    1694336 total
[2024-03-08T13:22:08.283+0000][7][gc,age      ] GC(505) - age   5:        216 bytes,    1694552 total
[2024-03-08T13:22:08.283+0000][7][gc,age      ] GC(505) - age   6:     140096 bytes,    1834648 total
[2024-03-08T13:22:08.283+0000][7][gc,age      ] GC(505) - age   7:        184 bytes,    1834832 total
[2024-03-08T13:22:08.283+0000][7][gc,age      ] GC(505) - age  11:     131088 bytes,    1965920 total
[2024-03-08T13:22:08.283+0000][7][gc,age      ] GC(505) - age  14:         24 bytes,    1965944 total
[2024-03-08T13:22:08.283+0000][7][gc,age      ] GC(505) - age  15:       6336 bytes,    1972280 total
[2024-03-08T13:22:08.283+0000][7][gc,heap     ] GC(505) Eden regions: 152->0(152)
[2024-03-08T13:22:08.283+0000][7][gc,heap     ] GC(505) Survivor regions: 1->1(20)
[2024-03-08T13:22:08.283+0000][7][gc,heap     ] GC(505) Old regions: 26->26
[2024-03-08T13:22:08.283+0000][7][gc,heap     ] GC(505) Archive regions: 2->2
[2024-03-08T13:22:08.283+0000][7][gc,heap     ] GC(505) Humongous regions: 0->0
[2024-03-08T13:22:08.283+0000][7][gc,metaspace] GC(505) Metaspace: 129034K(132480K)->129034K(132480K) NonClass: 112182K(113984K)->112182K(113984K) Class: 16851K(18496K)->16851K(18496K)
[2024-03-08T13:22:08.283+0000][7][gc          ] GC(505) Pause Young (Normal) (G1 Evacuation Pause) 712M->106M(1024M) 1.817ms
[2024-03-08T13:22:08.283+0000][7][gc,cpu      ] GC(505) User=0.01s Sys=0.00s Real=0.01s
[2024-03-08T13:22:08.283+0000][7][safepoint   ] Safepoint "G1CollectForAllocation", Time since last: 175075894852 ns, Reaching safepoint: 40551 ns, At safepoint: 1880088 ns, Total: 1920639 ns
[2024-03-08T13:24:34.302+0000][7][gc,start    ] GC(506) Pause Young (Normal) (G1 Evacuation Pause)
[2024-03-08T13:24:34.302+0000][7][gc,task     ] GC(506) Using 8 workers of 8 for evacuation
[2024-03-08T13:24:34.302+0000][7][gc,age      ] GC(506) Desired survivor size 41943040 bytes, new threshold 15 (max threshold 15)
[2024-03-08T13:24:34.304+0000][7][gc,phases   ] GC(506)   Pre Evacuate Collection Set: 0.1ms
[2024-03-08T13:24:34.304+0000][7][gc,phases   ] GC(506)   Merge Heap Roots: 0.1ms
[2024-03-08T13:24:34.304+0000][7][gc,phases   ] GC(506)   Evacuate Collection Set: 1.2ms
[2024-03-08T13:24:34.304+0000][7][gc,phases   ] GC(506)   Post Evacuate Collection Set: 0.7ms
[2024-03-08T13:24:34.304+0000][7][gc,phases   ] GC(506)   Other: 0.1ms
[2024-03-08T13:24:34.304+0000][7][gc,age      ] GC(506) Age table with threshold 15 (max threshold 15)
[2024-03-08T13:24:34.304+0000][7][gc,age      ] GC(506) - age   1:    1057512 bytes,    1057512 total
[2024-03-08T13:24:34.304+0000][7][gc,age      ] GC(506) - age   2:       4600 bytes,    1062112 total
[2024-03-08T13:24:34.304+0000][7][gc,age      ] GC(506) - age   3:        952 bytes,    1063064 total
[2024-03-08T13:24:34.304+0000][7][gc,age      ] GC(506) - age   4:        184 bytes,    1063248 total
[2024-03-08T13:24:34.304+0000][7][gc,age      ] GC(506) - age   5:         64 bytes,    1063312 total
[2024-03-08T13:24:34.304+0000][7][gc,age      ] GC(506) - age   6:        216 bytes,    1063528 total
[2024-03-08T13:24:34.304+0000][7][gc,age      ] GC(506) - age   7:     140096 bytes,    1203624 total
[2024-03-08T13:24:34.304+0000][7][gc,age      ] GC(506) - age   8:        184 bytes,    1203808 total
[2024-03-08T13:24:34.304+0000][7][gc,age      ] GC(506) - age  12:     131088 bytes,    1334896 total
[2024-03-08T13:24:34.304+0000][7][gc,age      ] GC(506) - age  15:         24 bytes,    1334920 total
[2024-03-08T13:24:34.304+0000][7][gc,heap     ] GC(506) Eden regions: 152->0(152)
[2024-03-08T13:24:34.304+0000][7][gc,heap     ] GC(506) Survivor regions: 1->1(20)
[2024-03-08T13:24:34.304+0000][7][gc,heap     ] GC(506) Old regions: 26->26
[2024-03-08T13:24:34.304+0000][7][gc,heap     ] GC(506) Archive regions: 2->2
[2024-03-08T13:24:34.304+0000][7][gc,heap     ] GC(506) Humongous regions: 0->0
[2024-03-08T13:24:34.304+0000][7][gc,metaspace] GC(506) Metaspace: 129034K(132480K)->129034K(132480K) NonClass: 112182K(113984K)->112182K(113984K) Class: 16851K(18496K)->16851K(18496K)
[2024-03-08T13:24:34.304+0000][7][gc          ] GC(506) Pause Young (Normal) (G1 Evacuation Pause) 714M->105M(1024M) 2.398ms
[2024-03-08T13:24:34.304+0000][7][gc,cpu      ] GC(506) User=0.01s Sys=0.00s Real=0.01s
[2024-03-08T13:24:34.304+0000][7][safepoint   ] Safepoint "G1CollectForAllocation", Time since last: 146019125713 ns, Reaching safepoint: 76115 ns, At safepoint: 2479710 ns, Total: 2555825 ns
[2024-03-08T13:26:50.362+0000][7][gc,start    ] GC(507) Pause Young (Normal) (G1 Evacuation Pause)
[2024-03-08T13:26:50.362+0000][7][gc,task     ] GC(507) Using 8 workers of 8 for evacuation
[2024-03-08T13:26:50.362+0000][7][gc,age      ] GC(507) Desired survivor size 41943040 bytes, new threshold 15 (max threshold 15)
[2024-03-08T13:26:50.364+0000][7][gc,phases   ] GC(507)   Pre Evacuate Collection Set: 0.1ms
[2024-03-08T13:26:50.364+0000][7][gc,phases   ] GC(507)   Merge Heap Roots: 0.1ms
[2024-03-08T13:26:50.364+0000][7][gc,phases   ] GC(507)   Evacuate Collection Set: 1.4ms
[2024-03-08T13:26:50.364+0000][7][gc,phases   ] GC(507)   Post Evacuate Collection Set: 0.6ms
[2024-03-08T13:26:50.364+0000][7][gc,phases   ] GC(507)   Other: 0.1ms
[2024-03-08T13:26:50.364+0000][7][gc,age      ] GC(507) Age table with threshold 15 (max threshold 15)
[2024-03-08T13:26:50.364+0000][7][gc,age      ] GC(507) - age   1:    1731440 bytes,    1731440 total
[2024-03-08T13:26:50.364+0000][7][gc,age      ] GC(507) - age   2:       6736 bytes,    1738176 total
[2024-03-08T13:26:50.364+0000][7][gc,age      ] GC(507) - age   3:       2328 bytes,    1740504 total
[2024-03-08T13:26:50.364+0000][7][gc,age      ] GC(507) - age   4:        632 bytes,    1741136 total
[2024-03-08T13:26:50.364+0000][7][gc,age      ] GC(507) - age   5:        184 bytes,    1741320 total
[2024-03-08T13:26:50.364+0000][7][gc,age      ] GC(507) - age   7:        216 bytes,    1741536 total
[2024-03-08T13:26:50.364+0000][7][gc,age      ] GC(507) - age   8:     140096 bytes,    1881632 total
[2024-03-08T13:26:50.364+0000][7][gc,age      ] GC(507) - age   9:        184 bytes,    1881816 total
[2024-03-08T13:26:50.364+0000][7][gc,age      ] GC(507) - age  13:     131088 bytes,    2012904 total
[2024-03-08T13:26:50.364+0000][7][gc,heap     ] GC(507) Eden regions: 152->0(152)
[2024-03-08T13:26:50.364+0000][7][gc,heap     ] GC(507) Survivor regions: 1->1(20)
[2024-03-08T13:26:50.364+0000][7][gc,heap     ] GC(507) Old regions: 26->26
[2024-03-08T13:26:50.364+0000][7][gc,heap     ] GC(507) Archive regions: 2->2
[2024-03-08T13:26:50.364+0000][7][gc,heap     ] GC(507) Humongous regions: 0->0
[2024-03-08T13:26:50.364+0000][7][gc,metaspace] GC(507) Metaspace: 129034K(132480K)->129034K(132480K) NonClass: 112182K(113984K)->112182K(113984K) Class: 16851K(18496K)->16851K(18496K)
[2024-03-08T13:26:50.364+0000][7][gc          ] GC(507) Pause Young (Normal) (G1 Evacuation Pause) 713M->106M(1024M) 2.492ms
[2024-03-08T13:26:50.364+0000][7][gc,cpu      ] GC(507) User=0.02s Sys=0.00s Real=0.01s
[2024-03-08T13:26:50.364+0000][7][safepoint   ] Safepoint "G1CollectForAllocation", Time since last: 136057186584 ns, Reaching safepoint: 50788 ns, At safepoint: 2581737 ns, Total: 2632525 ns
[2024-03-08T13:29:49.339+0000][7][gc,start    ] GC(508) Pause Young (Normal) (G1 Evacuation Pause)
[2024-03-08T13:29:49.339+0000][7][gc,task     ] GC(508) Using 8 workers of 8 for evacuation
[2024-03-08T13:29:49.339+0000][7][gc,age      ] GC(508) Desired survivor size 41943040 bytes, new threshold 15 (max threshold 15)
[2024-03-08T13:29:49.341+0000][7][gc,phases   ] GC(508)   Pre Evacuate Collection Set: 0.1ms
[2024-03-08T13:29:49.341+0000][7][gc,phases   ] GC(508)   Merge Heap Roots: 0.1ms
[2024-03-08T13:29:49.341+0000][7][gc,phases   ] GC(508)   Evacuate Collection Set: 1.3ms
[2024-03-08T13:29:49.341+0000][7][gc,phases   ] GC(508)   Post Evacuate Collection Set: 0.8ms
[2024-03-08T13:29:49.341+0000][7][gc,phases   ] GC(508)   Other: 0.1ms
[2024-03-08T13:29:49.341+0000][7][gc,age      ] GC(508) Age table with threshold 15 (max threshold 15)
[2024-03-08T13:29:49.341+0000][7][gc,age      ] GC(508) - age   1:    1687656 bytes,    1687656 total
[2024-03-08T13:29:49.341+0000][7][gc,age      ] GC(508) - age   2:       2424 bytes,    1690080 total
[2024-03-08T13:29:49.341+0000][7][gc,age      ] GC(508) - age   3:       4264 bytes,    1694344 total
[2024-03-08T13:29:49.341+0000][7][gc,age      ] GC(508) - age   4:       1520 bytes,    1695864 total
[2024-03-08T13:29:49.341+0000][7][gc,age      ] GC(508) - age   5:        504 bytes,    1696368 total
[2024-03-08T13:29:49.341+0000][7][gc,age      ] GC(508) - age   6:        184 bytes,    1696552 total
[2024-03-08T13:29:49.341+0000][7][gc,age      ] GC(508) - age   8:         32 bytes,    1696584 total
[2024-03-08T13:29:49.341+0000][7][gc,age      ] GC(508) - age   9:     139712 bytes,    1836296 total
[2024-03-08T13:29:49.341+0000][7][gc,age      ] GC(508) - age  10:        184 bytes,    1836480 total
[2024-03-08T13:29:49.341+0000][7][gc,age      ] GC(508) - age  14:     131088 bytes,    1967568 total
[2024-03-08T13:29:49.341+0000][7][gc,heap     ] GC(508) Eden regions: 152->0(152)
[2024-03-08T13:29:49.341+0000][7][gc,heap     ] GC(508) Survivor regions: 1->1(20)
[2024-03-08T13:29:49.341+0000][7][gc,heap     ] GC(508) Old regions: 26->26
[2024-03-08T13:29:49.341+0000][7][gc,heap     ] GC(508) Archive regions: 2->2
[2024-03-08T13:29:49.341+0000][7][gc,heap     ] GC(508) Humongous regions: 0->0
[2024-03-08T13:29:49.341+0000][7][gc,metaspace] GC(508) Metaspace: 129034K(132480K)->129034K(132480K) NonClass: 112182K(113984K)->112182K(113984K) Class: 16851K(18496K)->16851K(18496K)
[2024-03-08T13:29:49.341+0000][7][gc          ] GC(508) Pause Young (Normal) (G1 Evacuation Pause) 714M->106M(1024M) 2.511ms
[2024-03-08T13:29:49.341+0000][7][gc,cpu      ] GC(508) User=0.01s Sys=0.00s Real=0.00s
[2024-03-08T13:29:49.341+0000][7][safepoint   ] Safepoint "G1CollectForAllocation", Time since last: 178974699757 ns, Reaching safepoint: 31930 ns, At safepoint: 2590865 ns, Total: 2622795 ns
[2024-03-08T13:32:23.233+0000][7][gc,start    ] GC(509) Pause Young (Normal) (G1 Evacuation Pause)
[2024-03-08T13:32:23.233+0000][7][gc,task     ] GC(509) Using 8 workers of 8 for evacuation
[2024-03-08T13:32:23.233+0000][7][gc,age      ] GC(509) Desired survivor size 41943040 bytes, new threshold 15 (max threshold 15)
[2024-03-08T13:32:23.235+0000][7][gc,phases   ] GC(509)   Pre Evacuate Collection Set: 0.1ms
[2024-03-08T13:32:23.235+0000][7][gc,phases   ] GC(509)   Merge Heap Roots: 0.1ms
[2024-03-08T13:32:23.235+0000][7][gc,phases   ] GC(509)   Evacuate Collection Set: 1.5ms
[2024-03-08T13:32:23.235+0000][7][gc,phases   ] GC(509)   Post Evacuate Collection Set: 0.5ms
[2024-03-08T13:32:23.235+0000][7][gc,phases   ] GC(509)   Other: 0.1ms
[2024-03-08T13:32:23.235+0000][7][gc,age      ] GC(509) Age table with threshold 15 (max threshold 15)
[2024-03-08T13:32:23.235+0000][7][gc,age      ] GC(509) - age   1:    1687568 bytes,    1687568 total
[2024-03-08T13:32:23.235+0000][7][gc,age      ] GC(509) - age   2:       5320 bytes,    1692888 total
[2024-03-08T13:32:23.235+0000][7][gc,age      ] GC(509) - age   3:        256 bytes,    1693144 total
[2024-03-08T13:32:23.235+0000][7][gc,age      ] GC(509) - age   4:       3648 bytes,    1696792 total
[2024-03-08T13:32:23.235+0000][7][gc,age      ] GC(509) - age   5:        528 bytes,    1697320 total
[2024-03-08T13:32:23.235+0000][7][gc,age      ] GC(509) - age   6:        504 bytes,    1697824 total
[2024-03-08T13:32:23.235+0000][7][gc,age      ] GC(509) - age   7:        184 bytes,    1698008 total
[2024-03-08T13:32:23.235+0000][7][gc,age      ] GC(509) - age  10:     139712 bytes,    1837720 total
[2024-03-08T13:32:23.235+0000][7][gc,age      ] GC(509) - age  15:     131088 bytes,    1968808 total
[2024-03-08T13:32:23.235+0000][7][gc,heap     ] GC(509) Eden regions: 152->0(152)
[2024-03-08T13:32:23.235+0000][7][gc,heap     ] GC(509) Survivor regions: 1->1(20)
[2024-03-08T13:32:23.235+0000][7][gc,heap     ] GC(509) Old regions: 26->26
[2024-03-08T13:32:23.235+0000][7][gc,heap     ] GC(509) Archive regions: 2->2
[2024-03-08T13:32:23.235+0000][7][gc,heap     ] GC(509) Humongous regions: 0->0
[2024-03-08T13:32:23.235+0000][7][gc,metaspace] GC(509) Metaspace: 129034K(132480K)->129034K(132480K) NonClass: 112182K(113984K)->112182K(113984K) Class: 16851K(18496K)->16851K(18496K)
[2024-03-08T13:32:23.235+0000][7][gc          ] GC(509) Pause Young (Normal) (G1 Evacuation Pause) 714M->106M(1024M) 2.441ms
[2024-03-08T13:32:23.235+0000][7][gc,cpu      ] GC(509) User=0.01s Sys=0.00s Real=0.00s
[2024-03-08T13:32:23.235+0000][7][safepoint   ] Safepoint "G1CollectForAllocation", Time since last: 153891113810 ns, Reaching safepoint: 42332 ns, At safepoint: 2505966 ns, Total: 2548298 ns
[2024-03-08T13:34:59.607+0000][7][gc,start    ] GC(510) Pause Young (Normal) (G1 Evacuation Pause)
[2024-03-08T13:34:59.607+0000][7][gc,task     ] GC(510) Using 8 workers of 8 for evacuation
[2024-03-08T13:34:59.607+0000][7][gc,age      ] GC(510) Desired survivor size 41943040 bytes, new threshold 15 (max threshold 15)
[2024-03-08T13:34:59.610+0000][7][gc,phases   ] GC(510)   Pre Evacuate Collection Set: 0.1ms
[2024-03-08T13:34:59.610+0000][7][gc,phases   ] GC(510)   Merge Heap Roots: 0.1ms
[2024-03-08T13:34:59.610+0000][7][gc,phases   ] GC(510)   Evacuate Collection Set: 1.4ms
[2024-03-08T13:34:59.610+0000][7][gc,phases   ] GC(510)   Post Evacuate Collection Set: 0.7ms
[2024-03-08T13:34:59.610+0000][7][gc,phases   ] GC(510)   Other: 0.1ms
[2024-03-08T13:34:59.610+0000][7][gc,age      ] GC(510) Age table with threshold 15 (max threshold 15)
[2024-03-08T13:34:59.610+0000][7][gc,age      ] GC(510) - age   1:     426552 bytes,     426552 total
[2024-03-08T13:34:59.610+0000][7][gc,age      ] GC(510) - age   2:       3776 bytes,     430328 total
[2024-03-08T13:34:59.610+0000][7][gc,age      ] GC(510) - age   3:       1888 bytes,     432216 total
[2024-03-08T13:34:59.610+0000][7][gc,age      ] GC(510) - age   4:         64 bytes,     432280 total
[2024-03-08T13:34:59.610+0000][7][gc,age      ] GC(510) - age   5:         64 bytes,     432344 total
[2024-03-08T13:34:59.610+0000][7][gc,age      ] GC(510) - age   6:        400 bytes,     432744 total
[2024-03-08T13:34:59.610+0000][7][gc,age      ] GC(510) - age   7:        112 bytes,     432856 total
[2024-03-08T13:34:59.610+0000][7][gc,age      ] GC(510) - age  11:     139712 bytes,     572568 total
[2024-03-08T13:34:59.610+0000][7][gc,heap     ] GC(510) Eden regions: 152->0(152)
[2024-03-08T13:34:59.610+0000][7][gc,heap     ] GC(510) Survivor regions: 1->1(20)
[2024-03-08T13:34:59.610+0000][7][gc,heap     ] GC(510) Old regions: 26->26
[2024-03-08T13:34:59.610+0000][7][gc,heap     ] GC(510) Archive regions: 2->2
[2024-03-08T13:34:59.610+0000][7][gc,heap     ] GC(510) Humongous regions: 0->0
[2024-03-08T13:34:59.610+0000][7][gc,metaspace] GC(510) Metaspace: 129034K(132480K)->129034K(132480K) NonClass: 112182K(113984K)->112182K(113984K) Class: 16851K(18496K)->16851K(18496K)
[2024-03-08T13:34:59.610+0000][7][gc          ] GC(510) Pause Young (Normal) (G1 Evacuation Pause) 714M->104M(1024M) 2.764ms
[2024-03-08T13:34:59.610+0000][7][gc,cpu      ] GC(510) User=0.01s Sys=0.00s Real=0.00s
[2024-03-08T13:34:59.610+0000][7][safepoint   ] Safepoint "G1CollectForAllocation", Time since last: 156371682319 ns, Reaching safepoint: 67630 ns, At safepoint: 2888630 ns, Total: 2956260 ns
[2024-03-08T13:37:49.962+0000][7][gc,start    ] GC(511) Pause Young (Normal) (G1 Evacuation Pause)
[2024-03-08T13:37:49.962+0000][7][gc,task     ] GC(511) Using 8 workers of 8 for evacuation
[2024-03-08T13:37:49.962+0000][7][gc,age      ] GC(511) Desired survivor size 41943040 bytes, new threshold 15 (max threshold 15)
[2024-03-08T13:37:49.964+0000][7][gc,phases   ] GC(511)   Pre Evacuate Collection Set: 0.1ms
[2024-03-08T13:37:49.964+0000][7][gc,phases   ] GC(511)   Merge Heap Roots: 0.0ms
[2024-03-08T13:37:49.964+0000][7][gc,phases   ] GC(511)   Evacuate Collection Set: 1.3ms
[2024-03-08T13:37:49.964+0000][7][gc,phases   ] GC(511)   Post Evacuate Collection Set: 0.7ms
[2024-03-08T13:37:49.964+0000][7][gc,phases   ] GC(511)   Other: 0.1ms
[2024-03-08T13:37:49.964+0000][7][gc,age      ] GC(511) Age table with threshold 15 (max threshold 15)
[2024-03-08T13:37:49.964+0000][7][gc,age      ] GC(511) - age   1:    1730000 bytes,    1730000 total
[2024-03-08T13:37:49.964+0000][7][gc,age      ] GC(511) - age   2:      74304 bytes,    1804304 total
[2024-03-08T13:37:49.964+0000][7][gc,age      ] GC(511) - age   3:       1536 bytes,    1805840 total
[2024-03-08T13:37:49.964+0000][7][gc,age      ] GC(511) - age   4:        824 bytes,    1806664 total
[2024-03-08T13:37:49.964+0000][7][gc,age      ] GC(511) - age   6:         64 bytes,    1806728 total
[2024-03-08T13:37:49.964+0000][7][gc,age      ] GC(511) - age   7:        216 bytes,    1806944 total
[2024-03-08T13:37:49.964+0000][7][gc,age      ] GC(511) - age   8:        112 bytes,    1807056 total
[2024-03-08T13:37:49.964+0000][7][gc,age      ] GC(511) - age  12:     139712 bytes,    1946768 total
[2024-03-08T13:37:49.964+0000][7][gc,heap     ] GC(511) Eden regions: 152->0(152)
[2024-03-08T13:37:49.964+0000][7][gc,heap     ] GC(511) Survivor regions: 1->1(20)
[2024-03-08T13:37:49.964+0000][7][gc,heap     ] GC(511) Old regions: 26->26
[2024-03-08T13:37:49.964+0000][7][gc,heap     ] GC(511) Archive regions: 2->2
[2024-03-08T13:37:49.964+0000][7][gc,heap     ] GC(511) Humongous regions: 0->0
[2024-03-08T13:37:49.964+0000][7][gc,metaspace] GC(511) Metaspace: 129034K(132480K)->129034K(132480K) NonClass: 112182K(113984K)->112182K(113984K) Class: 16851K(18496K)->16851K(18496K)
[2024-03-08T13:37:49.964+0000][7][gc          ] GC(511) Pause Young (Normal) (G1 Evacuation Pause) 712M->106M(1024M) 2.380ms
[2024-03-08T13:37:49.964+0000][7][gc,cpu      ] GC(511) User=0.01s Sys=0.00s Real=0.01s
[2024-03-08T13:37:49.964+0000][7][safepoint   ] Safepoint "G1CollectForAllocation", Time since last: 170352001606 ns, Reaching safepoint: 36533 ns, At safepoint: 2457074 ns, Total: 2493607 ns
[2024-03-08T13:38:51.969+0000][7][safepoint   ] Safepoint "Cleanup", Time since last: 62004986778 ns, Reaching safepoint: 55826 ns, At safepoint: 6563 ns, Total: 62389 ns
[2024-03-08T13:38:52.970+0000][7][safepoint   ] Safepoint "Cleanup", Time since last: 1000149028 ns, Reaching safepoint: 61465 ns, At safepoint: 5915 ns, Total: 67380 ns
[2024-03-08T13:38:55.970+0000][7][safepoint   ] Safepoint "Cleanup", Time since last: 3000309251 ns, Reaching safepoint: 148903 ns, At safepoint: 6104 ns, Total: 155007 ns
[2024-03-08T13:38:59.971+0000][7][safepoint   ] Safepoint "Cleanup", Time since last: 4000356266 ns, Reaching safepoint: 175566 ns, At safepoint: 7334 ns, Total: 182900 ns
[2024-03-08T13:39:02.971+0000][7][safepoint   ] Safepoint "Cleanup", Time since last: 3000275723 ns, Reaching safepoint: 67134 ns, At safepoint: 5883 ns, Total: 73017 ns
[2024-03-08T13:39:07.971+0000][7][safepoint   ] Safepoint "Cleanup", Time since last: 5000432166 ns, Reaching safepoint: 68923 ns, At safepoint: 6535 ns, Total: 75458 ns
[2024-03-08T13:39:12.972+0000][7][safepoint   ] Safepoint "Cleanup", Time since last: 5000504240 ns, Reaching safepoint: 176867 ns, At safepoint: 7632 ns, Total: 184499 ns
[2024-03-08T13:39:21.973+0000][7][safepoint   ] Safepoint "Cleanup", Time since last: 9000915665 ns, Reaching safepoint: 63395 ns, At safepoint: 5662 ns, Total: 69057 ns
[2024-03-08T13:39:25.974+0000][7][safepoint   ] Safepoint "Cleanup", Time since last: 4000480698 ns, Reaching safepoint: 71697 ns, At safepoint: 12582 ns, Total: 84279 ns
[2024-03-08T13:39:31.974+0000][7][safepoint   ] Safepoint "Cleanup", Time since last: 6000501376 ns, Reaching safepoint: 116097 ns, At safepoint: 11657 ns, Total: 127754 ns
[2024-03-08T13:39:37.975+0000][7][safepoint   ] Safepoint "Cleanup", Time since last: 6000495169 ns, Reaching safepoint: 81096 ns, At safepoint: 5017 ns, Total: 86113 ns
[2024-03-08T13:39:48.976+0000][7][safepoint   ] Safepoint "Cleanup", Time since last: 11001018196 ns, Reaching safepoint: 88699 ns, At safepoint: 18437 ns, Total: 107136 ns
[2024-03-08T13:39:51.976+0000][7][safepoint   ] Safepoint "Cleanup", Time since last: 3000292856 ns, Reaching safepoint: 43503 ns, At safepoint: 3541 ns, Total: 47044 ns
[2024-03-08T13:39:55.977+0000][7][safepoint   ] Safepoint "Cleanup", Time since last: 4000360875 ns, Reaching safepoint: 70682 ns, At safepoint: 3271 ns, Total: 73953 ns
[2024-03-08T13:40:31.302+0000][7][gc,start    ] GC(512) Pause Young (Normal) (G1 Evacuation Pause)
[2024-03-08T13:40:31.302+0000][7][gc,task     ] GC(512) Using 8 workers of 8 for evacuation
[2024-03-08T13:40:31.302+0000][7][gc,age      ] GC(512) Desired survivor size 41943040 bytes, new threshold 15 (max threshold 15)
[2024-03-08T13:40:31.305+0000][7][gc,phases   ] GC(512)   Pre Evacuate Collection Set: 0.1ms
[2024-03-08T13:40:31.305+0000][7][gc,phases   ] GC(512)   Merge Heap Roots: 0.1ms
[2024-03-08T13:40:31.305+0000][7][gc,phases   ] GC(512)   Evacuate Collection Set: 1.3ms
[2024-03-08T13:40:31.305+0000][7][gc,phases   ] GC(512)   Post Evacuate Collection Set: 1.2ms
[2024-03-08T13:40:31.305+0000][7][gc,phases   ] GC(512)   Other: 0.1ms
[2024-03-08T13:40:31.305+0000][7][gc,age      ] GC(512) Age table with threshold 15 (max threshold 15)
[2024-03-08T13:40:31.305+0000][7][gc,age      ] GC(512) - age   1:    1684272 bytes,    1684272 total
[2024-03-08T13:40:31.305+0000][7][gc,age      ] GC(512) - age   2:       3216 bytes,    1687488 total
[2024-03-08T13:40:31.305+0000][7][gc,age      ] GC(512) - age   3:      20952 bytes,    1708440 total
[2024-03-08T13:40:31.305+0000][7][gc,age      ] GC(512) - age   4:       1088 bytes,    1709528 total
[2024-03-08T13:40:31.305+0000][7][gc,age      ] GC(512) - age   5:        384 bytes,    1709912 total
[2024-03-08T13:40:31.305+0000][7][gc,age      ] GC(512) - age   8:        216 bytes,    1710128 total
[2024-03-08T13:40:31.305+0000][7][gc,age      ] GC(512) - age   9:        112 bytes,    1710240 total
[2024-03-08T13:40:31.305+0000][7][gc,age      ] GC(512) - age  13:     131088 bytes,    1841328 total
[2024-03-08T13:40:31.305+0000][7][gc,heap     ] GC(512) Eden regions: 152->0(152)
[2024-03-08T13:40:31.305+0000][7][gc,heap     ] GC(512) Survivor regions: 1->1(20)
[2024-03-08T13:40:31.305+0000][7][gc,heap     ] GC(512) Old regions: 26->26
[2024-03-08T13:40:31.305+0000][7][gc,heap     ] GC(512) Archive regions: 2->2
[2024-03-08T13:40:31.305+0000][7][gc,heap     ] GC(512) Humongous regions: 0->0
[2024-03-08T13:40:31.305+0000][7][gc,metaspace] GC(512) Metaspace: 129059K(132544K)->129059K(132544K) NonClass: 112208K(114048K)->112208K(114048K) Class: 16851K(18496K)->16851K(18496K)
[2024-03-08T13:40:31.305+0000][7][gc          ] GC(512) Pause Young (Normal) (G1 Evacuation Pause) 714M->106M(1024M) 2.955ms
[2024-03-08T13:40:31.305+0000][7][gc,cpu      ] GC(512) User=0.01s Sys=0.00s Real=0.01s
[2024-03-08T13:40:31.305+0000][7][safepoint   ] Safepoint "G1CollectForAllocation", Time since last: 35324857021 ns, Reaching safepoint: 66590 ns, At safepoint: 3041503 ns, Total: 3108093 ns
[2024-03-08T13:41:02.307+0000][7][safepoint   ] Safepoint "Cleanup", Time since last: 31002343131 ns, Reaching safepoint: 96347 ns, At safepoint: 6328 ns, Total: 102675 ns
[2024-03-08T13:41:08.308+0000][7][safepoint   ] Safepoint "Cleanup", Time since last: 6000481565 ns, Reaching safepoint: 65659 ns, At safepoint: 3381 ns, Total: 69040 ns
[2024-03-08T13:41:28.309+0000][7][safepoint   ] Safepoint "Cleanup", Time since last: 20001548134 ns, Reaching safepoint: 38925 ns, At safepoint: 22873 ns, Total: 61798 ns
[2024-03-08T13:42:43.315+0000][7][safepoint   ] Safepoint "Cleanup", Time since last: 75005822403 ns, Reaching safepoint: 76121 ns, At safepoint: 8815 ns, Total: 84936 ns
[2024-03-08T13:43:22.285+0000][7][gc,start    ] GC(513) Pause Young (Normal) (G1 Evacuation Pause)
[2024-03-08T13:43:22.285+0000][7][gc,task     ] GC(513) Using 8 workers of 8 for evacuation
[2024-03-08T13:43:22.285+0000][7][gc,age      ] GC(513) Desired survivor size 41943040 bytes, new threshold 15 (max threshold 15)
[2024-03-08T13:43:22.298+0000][7][gc,phases   ] GC(513)   Pre Evacuate Collection Set: 0.1ms
[2024-03-08T13:43:22.298+0000][7][gc,phases   ] GC(513)   Merge Heap Roots: 0.1ms
[2024-03-08T13:43:22.298+0000][7][gc,phases   ] GC(513)   Evacuate Collection Set: 3.8ms
[2024-03-08T13:43:22.298+0000][7][gc,phases   ] GC(513)   Post Evacuate Collection Set: 8.9ms
[2024-03-08T13:43:22.299+0000][7][gc,phases   ] GC(513)   Other: 0.1ms
[2024-03-08T13:43:22.299+0000][7][gc,age      ] GC(513) Age table with threshold 15 (max threshold 15)
[2024-03-08T13:43:22.299+0000][7][gc,age      ] GC(513) - age   1:     351472 bytes,     351472 total
[2024-03-08T13:43:22.299+0000][7][gc,age      ] GC(513) - age   2:    1104640 bytes,    1456112 total
[2024-03-08T13:43:22.299+0000][7][gc,age      ] GC(513) - age   3:       1040 bytes,    1457152 total
[2024-03-08T13:43:22.299+0000][7][gc,age      ] GC(513) - age   4:      20632 bytes,    1477784 total
[2024-03-08T13:43:22.299+0000][7][gc,age      ] GC(513) - age   5:        216 bytes,    1478000 total
[2024-03-08T13:43:22.299+0000][7][gc,age      ] GC(513) - age   6:        384 bytes,    1478384 total
[2024-03-08T13:43:22.299+0000][7][gc,age      ] GC(513) - age   9:        184 bytes,    1478568 total
[2024-03-08T13:43:22.299+0000][7][gc,age      ] GC(513) - age  10:        112 bytes,    1478680 total
[2024-03-08T13:43:22.299+0000][7][gc,age      ] GC(513) - age  14:     131088 bytes,    1609768 total
[2024-03-08T13:43:22.299+0000][7][gc,heap     ] GC(513) Eden regions: 152->0(152)
[2024-03-08T13:43:22.299+0000][7][gc,heap     ] GC(513) Survivor regions: 1->1(20)
[2024-03-08T13:43:22.299+0000][7][gc,heap     ] GC(513) Old regions: 26->26
[2024-03-08T13:43:22.299+0000][7][gc,heap     ] GC(513) Archive regions: 2->2
[2024-03-08T13:43:22.299+0000][7][gc,heap     ] GC(513) Humongous regions: 0->0
[2024-03-08T13:43:22.299+0000][7][gc,metaspace] GC(513) Metaspace: 129060K(132544K)->129060K(132544K) NonClass: 112208K(114048K)->112208K(114048K) Class: 16851K(18496K)->16851K(18496K)
[2024-03-08T13:43:22.299+0000][7][gc          ] GC(513) Pause Young (Normal) (G1 Evacuation Pause) 714M->105M(1024M) 13.340ms
[2024-03-08T13:43:22.299+0000][7][gc,cpu      ] GC(513) User=0.00s Sys=0.01s Real=0.01s
[2024-03-08T13:43:22.299+0000][7][safepoint   ] Safepoint "G1CollectForAllocation", Time since last: 38969907463 ns, Reaching safepoint: 91195 ns, At safepoint: 13439347 ns, Total: 13530542 ns
[2024-03-08T13:46:08.041+0000][7][gc,start    ] GC(514) Pause Young (Normal) (G1 Evacuation Pause)
[2024-03-08T13:46:08.041+0000][7][gc,task     ] GC(514) Using 8 workers of 8 for evacuation
[2024-03-08T13:46:08.041+0000][7][gc,age      ] GC(514) Desired survivor size 41943040 bytes, new threshold 15 (max threshold 15)
[2024-03-08T13:46:08.043+0000][7][gc,phases   ] GC(514)   Pre Evacuate Collection Set: 0.1ms
[2024-03-08T13:46:08.043+0000][7][gc,phases   ] GC(514)   Merge Heap Roots: 0.0ms
[2024-03-08T13:46:08.043+0000][7][gc,phases   ] GC(514)   Evacuate Collection Set: 1.2ms
[2024-03-08T13:46:08.043+0000][7][gc,phases   ] GC(514)   Post Evacuate Collection Set: 0.5ms
[2024-03-08T13:46:08.043+0000][7][gc,phases   ] GC(514)   Other: 0.1ms
[2024-03-08T13:46:08.043+0000][7][gc,age      ] GC(514) Age table with threshold 15 (max threshold 15)
[2024-03-08T13:46:08.043+0000][7][gc,age      ] GC(514) - age   1:    1857400 bytes,    1857400 total
[2024-03-08T13:46:08.043+0000][7][gc,age      ] GC(514) - age   2:      11664 bytes,    1869064 total
[2024-03-08T13:46:08.043+0000][7][gc,age      ] GC(514) - age   3:     949040 bytes,    2818104 total
[2024-03-08T13:46:08.043+0000][7][gc,age      ] GC(514) - age   4:        472 bytes,    2818576 total
[2024-03-08T13:46:08.043+0000][7][gc,age      ] GC(514) - age   5:      17176 bytes,    2835752 total
[2024-03-08T13:46:08.043+0000][7][gc,age      ] GC(514) - age   6:        216 bytes,    2835968 total
[2024-03-08T13:46:08.043+0000][7][gc,age      ] GC(514) - age   7:        384 bytes,    2836352 total
[2024-03-08T13:46:08.043+0000][7][gc,age      ] GC(514) - age  11:        112 bytes,    2836464 total
[2024-03-08T13:46:08.043+0000][7][gc,age      ] GC(514) - age  15:     131088 bytes,    2967552 total
[2024-03-08T13:46:08.043+0000][7][gc,heap     ] GC(514) Eden regions: 152->0(152)
[2024-03-08T13:46:08.043+0000][7][gc,heap     ] GC(514) Survivor regions: 1->1(20)
[2024-03-08T13:46:08.043+0000][7][gc,heap     ] GC(514) Old regions: 26->26
[2024-03-08T13:46:08.043+0000][7][gc,heap     ] GC(514) Archive regions: 2->2
[2024-03-08T13:46:08.043+0000][7][gc,heap     ] GC(514) Humongous regions: 0->0
[2024-03-08T13:46:08.043+0000][7][gc,metaspace] GC(514) Metaspace: 129060K(132544K)->129060K(132544K) NonClass: 112208K(114048K)->112208K(114048K) Class: 16851K(18496K)->16851K(18496K)
[2024-03-08T13:46:08.043+0000][7][gc          ] GC(514) Pause Young (Normal) (G1 Evacuation Pause) 713M->107M(1024M) 2.125ms
[2024-03-08T13:46:08.043+0000][7][gc,cpu      ] GC(514) User=0.00s Sys=0.00s Real=0.01s
[2024-03-08T13:46:08.043+0000][7][safepoint   ] Safepoint "G1CollectForAllocation", Time since last: 165742026069 ns, Reaching safepoint: 28814 ns, At safepoint: 2190046 ns, Total: 2218860 ns
[2024-03-08T13:49:02.059+0000][7][safepoint   ] Safepoint "Cleanup", Time since last: 174015533184 ns, Reaching safepoint: 110090 ns, At safepoint: 16246 ns, Total: 126336 ns
[2024-03-08T13:49:13.286+0000][7][gc,start    ] GC(515) Pause Young (Normal) (G1 Evacuation Pause)
[2024-03-08T13:49:13.286+0000][7][gc,task     ] GC(515) Using 8 workers of 8 for evacuation
[2024-03-08T13:49:13.286+0000][7][gc,age      ] GC(515) Desired survivor size 41943040 bytes, new threshold 15 (max threshold 15)
[2024-03-08T13:49:13.288+0000][7][gc,phases   ] GC(515)   Pre Evacuate Collection Set: 0.1ms
[2024-03-08T13:49:13.288+0000][7][gc,phases   ] GC(515)   Merge Heap Roots: 0.1ms
[2024-03-08T13:49:13.288+0000][7][gc,phases   ] GC(515)   Evacuate Collection Set: 1.6ms
[2024-03-08T13:49:13.288+0000][7][gc,phases   ] GC(515)   Post Evacuate Collection Set: 0.7ms
[2024-03-08T13:49:13.288+0000][7][gc,phases   ] GC(515)   Other: 0.1ms
[2024-03-08T13:49:13.288+0000][7][gc,age      ] GC(515) Age table with threshold 15 (max threshold 15)
[2024-03-08T13:49:13.288+0000][7][gc,age      ] GC(515) - age   1:    1438776 bytes,    1438776 total
[2024-03-08T13:49:13.288+0000][7][gc,age      ] GC(515) - age   2:     176832 bytes,    1615608 total
[2024-03-08T13:49:13.288+0000][7][gc,age      ] GC(515) - age   3:       1608 bytes,    1617216 total
[2024-03-08T13:49:13.288+0000][7][gc,age      ] GC(515) - age   4:     948688 bytes,    2565904 total
[2024-03-08T13:49:13.288+0000][7][gc,age      ] GC(515) - age   5:        472 bytes,    2566376 total
[2024-03-08T13:49:13.288+0000][7][gc,age      ] GC(515) - age   6:      16752 bytes,    2583128 total
[2024-03-08T13:49:13.288+0000][7][gc,age      ] GC(515) - age   7:        216 bytes,    2583344 total
[2024-03-08T13:49:13.288+0000][7][gc,age      ] GC(515) - age  12:         88 bytes,    2583432 total
[2024-03-08T13:49:13.288+0000][7][gc,heap     ] GC(515) Eden regions: 152->0(152)
[2024-03-08T13:49:13.288+0000][7][gc,heap     ] GC(515) Survivor regions: 1->1(20)
[2024-03-08T13:49:13.288+0000][7][gc,heap     ] GC(515) Old regions: 26->26
[2024-03-08T13:49:13.288+0000][7][gc,heap     ] GC(515) Archive regions: 2->2
[2024-03-08T13:49:13.288+0000][7][gc,heap     ] GC(515) Humongous regions: 0->0
[2024-03-08T13:49:13.288+0000][7][gc,metaspace] GC(515) Metaspace: 129060K(132544K)->129060K(132544K) NonClass: 112208K(114048K)->112208K(114048K) Class: 16851K(18496K)->16851K(18496K)
[2024-03-08T13:49:13.288+0000][7][gc          ] GC(515) Pause Young (Normal) (G1 Evacuation Pause) 715M->106M(1024M) 2.843ms
[2024-03-08T13:49:13.288+0000][7][gc,cpu      ] GC(515) User=0.02s Sys=0.00s Real=0.00s
[2024-03-08T13:49:13.288+0000][7][safepoint   ] Safepoint "G1CollectForAllocation", Time since last: 11226848043 ns, Reaching safepoint: 54198 ns, At safepoint: 2926029 ns, Total: 2980227 ns
[2024-03-08T13:52:01.301+0000][7][gc,start    ] GC(516) Pause Young (Normal) (G1 Evacuation Pause)
[2024-03-08T13:52:01.301+0000][7][gc,task     ] GC(516) Using 8 workers of 8 for evacuation
[2024-03-08T13:52:01.301+0000][7][gc,age      ] GC(516) Desired survivor size 41943040 bytes, new threshold 15 (max threshold 15)
[2024-03-08T13:52:01.304+0000][7][gc,phases   ] GC(516)   Pre Evacuate Collection Set: 0.1ms
[2024-03-08T13:52:01.304+0000][7][gc,phases   ] GC(516)   Merge Heap Roots: 0.1ms
[2024-03-08T13:52:01.304+0000][7][gc,phases   ] GC(516)   Evacuate Collection Set: 1.6ms
[2024-03-08T13:52:01.304+0000][7][gc,phases   ] GC(516)   Post Evacuate Collection Set: 0.8ms
[2024-03-08T13:52:01.304+0000][7][gc,phases   ] GC(516)   Other: 0.1ms
[2024-03-08T13:52:01.304+0000][7][gc,age      ] GC(516) Age table with threshold 15 (max threshold 15)
[2024-03-08T13:52:01.304+0000][7][gc,age      ] GC(516) - age   1:    1386728 bytes,    1386728 total
[2024-03-08T13:52:01.304+0000][7][gc,age      ] GC(516) - age   2:      40344 bytes,    1427072 total
[2024-03-08T13:52:01.304+0000][7][gc,age      ] GC(516) - age   3:     174952 bytes,    1602024 total
[2024-03-08T13:52:01.304+0000][7][gc,age      ] GC(516) - age   4:        344 bytes,    1602368 total
[2024-03-08T13:52:01.304+0000][7][gc,age      ] GC(516) - age   5:     948112 bytes,    2550480 total
[2024-03-08T13:52:01.304+0000][7][gc,age      ] GC(516) - age   6:        472 bytes,    2550952 total
[2024-03-08T13:52:01.304+0000][7][gc,age      ] GC(516) - age   7:      16752 bytes,    2567704 total
[2024-03-08T13:52:01.304+0000][7][gc,age      ] GC(516) - age  13:         88 bytes,    2567792 total
[2024-03-08T13:52:01.304+0000][7][gc,heap     ] GC(516) Eden regions: 152->0(152)
[2024-03-08T13:52:01.304+0000][7][gc,heap     ] GC(516) Survivor regions: 1->1(20)
[2024-03-08T13:52:01.304+0000][7][gc,heap     ] GC(516) Old regions: 26->26
[2024-03-08T13:52:01.304+0000][7][gc,heap     ] GC(516) Archive regions: 2->2
[2024-03-08T13:52:01.304+0000][7][gc,heap     ] GC(516) Humongous regions: 0->0
[2024-03-08T13:52:01.304+0000][7][gc,metaspace] GC(516) Metaspace: 129060K(132544K)->129060K(132544K) NonClass: 112208K(114048K)->112208K(114048K) Class: 16851K(18496K)->16851K(18496K)
[2024-03-08T13:52:01.304+0000][7][gc          ] GC(516) Pause Young (Normal) (G1 Evacuation Pause) 714M->107M(1024M) 2.858ms
[2024-03-08T13:52:01.304+0000][7][gc,cpu      ] GC(516) User=0.01s Sys=0.00s Real=0.01s
[2024-03-08T13:52:01.304+0000][7][safepoint   ] Safepoint "G1CollectForAllocation", Time since last: 168012760739 ns, Reaching safepoint: 47787 ns, At safepoint: 2943499 ns, Total: 2991286 ns
[2024-03-08T13:54:49.300+0000][7][gc,start    ] GC(517) Pause Young (Normal) (G1 Evacuation Pause)
[2024-03-08T13:54:49.300+0000][7][gc,task     ] GC(517) Using 8 workers of 8 for evacuation
[2024-03-08T13:54:49.300+0000][7][gc,age      ] GC(517) Desired survivor size 41943040 bytes, new threshold 15 (max threshold 15)
[2024-03-08T13:54:49.303+0000][7][gc,phases   ] GC(517)   Pre Evacuate Collection Set: 0.1ms
[2024-03-08T13:54:49.303+0000][7][gc,phases   ] GC(517)   Merge Heap Roots: 0.1ms
[2024-03-08T13:54:49.303+0000][7][gc,phases   ] GC(517)   Evacuate Collection Set: 1.5ms
[2024-03-08T13:54:49.303+0000][7][gc,phases   ] GC(517)   Post Evacuate Collection Set: 1.0ms
[2024-03-08T13:54:49.303+0000][7][gc,phases   ] GC(517)   Other: 0.1ms
[2024-03-08T13:54:49.303+0000][7][gc,age      ] GC(517) Age table with threshold 15 (max threshold 15)
[2024-03-08T13:54:49.303+0000][7][gc,age      ] GC(517) - age   1:    1245304 bytes,    1245304 total
[2024-03-08T13:54:49.303+0000][7][gc,age      ] GC(517) - age   2:      18768 bytes,    1264072 total
[2024-03-08T13:54:49.303+0000][7][gc,age      ] GC(517) - age   3:      30048 bytes,    1294120 total
[2024-03-08T13:54:49.303+0000][7][gc,age      ] GC(517) - age   4:     170864 bytes,    1464984 total
[2024-03-08T13:54:49.303+0000][7][gc,age      ] GC(517) - age   5:        280 bytes,    1465264 total
[2024-03-08T13:54:49.303+0000][7][gc,age      ] GC(517) - age   6:     948048 bytes,    2413312 total
[2024-03-08T13:54:49.303+0000][7][gc,age      ] GC(517) - age   7:        472 bytes,    2413784 total
[2024-03-08T13:54:49.303+0000][7][gc,age      ] GC(517) - age   8:      16752 bytes,    2430536 total
[2024-03-08T13:54:49.303+0000][7][gc,age      ] GC(517) - age  14:         88 bytes,    2430624 total
[2024-03-08T13:54:49.303+0000][7][gc,heap     ] GC(517) Eden regions: 152->0(152)
[2024-03-08T13:54:49.303+0000][7][gc,heap     ] GC(517) Survivor regions: 1->1(20)
[2024-03-08T13:54:49.303+0000][7][gc,heap     ] GC(517) Old regions: 26->26
[2024-03-08T13:54:49.303+0000][7][gc,heap     ] GC(517) Archive regions: 2->2
[2024-03-08T13:54:49.303+0000][7][gc,heap     ] GC(517) Humongous regions: 0->0
[2024-03-08T13:54:49.303+0000][7][gc,metaspace] GC(517) Metaspace: 129060K(132544K)->129060K(132544K) NonClass: 112208K(114048K)->112208K(114048K) Class: 16851K(18496K)->16851K(18496K)
[2024-03-08T13:54:49.303+0000][7][gc          ] GC(517) Pause Young (Normal) (G1 Evacuation Pause) 715M->106M(1024M) 3.009ms
[2024-03-08T13:54:49.303+0000][7][gc,cpu      ] GC(517) User=0.01s Sys=0.00s Real=0.01s
[2024-03-08T13:54:49.303+0000][7][safepoint   ] Safepoint "G1CollectForAllocation", Time since last: 167995825015 ns, Reaching safepoint: 58210 ns, At safepoint: 3094247 ns, Total: 3152457 ns
[2024-03-08T13:57:37.357+0000][7][gc,start    ] GC(518) Pause Young (Normal) (G1 Evacuation Pause)
[2024-03-08T13:57:37.357+0000][7][gc,task     ] GC(518) Using 8 workers of 8 for evacuation
[2024-03-08T13:57:37.357+0000][7][gc,age      ] GC(518) Desired survivor size 41943040 bytes, new threshold 15 (max threshold 15)
[2024-03-08T13:57:37.360+0000][7][gc,phases   ] GC(518)   Pre Evacuate Collection Set: 0.1ms
[2024-03-08T13:57:37.360+0000][7][gc,phases   ] GC(518)   Merge Heap Roots: 0.1ms
[2024-03-08T13:57:37.360+0000][7][gc,phases   ] GC(518)   Evacuate Collection Set: 1.6ms
[2024-03-08T13:57:37.360+0000][7][gc,phases   ] GC(518)   Post Evacuate Collection Set: 0.9ms
[2024-03-08T13:57:37.360+0000][7][gc,phases   ] GC(518)   Other: 0.1ms
[2024-03-08T13:57:37.360+0000][7][gc,age      ] GC(518) Age table with threshold 15 (max threshold 15)
[2024-03-08T13:57:37.360+0000][7][gc,age      ] GC(518) - age   1:     725720 bytes,     725720 total
[2024-03-08T13:57:37.360+0000][7][gc,age      ] GC(518) - age   2:      16248 bytes,     741968 total
[2024-03-08T13:57:37.360+0000][7][gc,age      ] GC(518) - age   3:      15472 bytes,     757440 total
[2024-03-08T13:57:37.360+0000][7][gc,age      ] GC(518) - age   4:      29176 bytes,     786616 total
[2024-03-08T13:57:37.360+0000][7][gc,age      ] GC(518) - age   5:     162528 bytes,     949144 total
[2024-03-08T13:57:37.360+0000][7][gc,age      ] GC(518) - age   6:        280 bytes,     949424 total
[2024-03-08T13:57:37.360+0000][7][gc,age      ] GC(518) - age   7:     939288 bytes,    1888712 total
[2024-03-08T13:57:37.360+0000][7][gc,age      ] GC(518) - age   8:        472 bytes,    1889184 total
[2024-03-08T13:57:37.360+0000][7][gc,age      ] GC(518) - age   9:      16752 bytes,    1905936 total
[2024-03-08T13:57:37.360+0000][7][gc,age      ] GC(518) - age  15:         88 bytes,    1906024 total
[2024-03-08T13:57:37.360+0000][7][gc,heap     ] GC(518) Eden regions: 152->0(152)
[2024-03-08T13:57:37.360+0000][7][gc,heap     ] GC(518) Survivor regions: 1->1(20)
[2024-03-08T13:57:37.360+0000][7][gc,heap     ] GC(518) Old regions: 26->26
[2024-03-08T13:57:37.360+0000][7][gc,heap     ] GC(518) Archive regions: 2->2
[2024-03-08T13:57:37.360+0000][7][gc,heap     ] GC(518) Humongous regions: 0->0
[2024-03-08T13:57:37.360+0000][7][gc,metaspace] GC(518) Metaspace: 129060K(132544K)->129060K(132544K) NonClass: 112208K(114048K)->112208K(114048K) Class: 16851K(18496K)->16851K(18496K)
[2024-03-08T13:57:37.360+0000][7][gc          ] GC(518) Pause Young (Normal) (G1 Evacuation Pause) 714M->106M(1024M) 3.133ms
[2024-03-08T13:57:37.360+0000][7][gc,cpu      ] GC(518) User=0.01s Sys=0.00s Real=0.00s
[2024-03-08T13:57:37.360+0000][7][safepoint   ] Safepoint "G1CollectForAllocation", Time since last: 168053857744 ns, Reaching safepoint: 64582 ns, At safepoint: 3226353 ns, Total: 3290935 ns
[2024-03-08T14:00:25.308+0000][7][gc,start    ] GC(519) Pause Young (Normal) (G1 Evacuation Pause)
[2024-03-08T14:00:25.308+0000][7][gc,task     ] GC(519) Using 8 workers of 8 for evacuation
[2024-03-08T14:00:25.308+0000][7][gc,age      ] GC(519) Desired survivor size 41943040 bytes, new threshold 15 (max threshold 15)
[2024-03-08T14:00:25.311+0000][7][gc,phases   ] GC(519)   Pre Evacuate Collection Set: 0.1ms
[2024-03-08T14:00:25.311+0000][7][gc,phases   ] GC(519)   Merge Heap Roots: 0.1ms
[2024-03-08T14:00:25.311+0000][7][gc,phases   ] GC(519)   Evacuate Collection Set: 1.7ms
[2024-03-08T14:00:25.311+0000][7][gc,phases   ] GC(519)   Post Evacuate Collection Set: 0.7ms
[2024-03-08T14:00:25.311+0000][7][gc,phases   ] GC(519)   Other: 0.1ms
[2024-03-08T14:00:25.311+0000][7][gc,age      ] GC(519) Age table with threshold 15 (max threshold 15)
[2024-03-08T14:00:25.311+0000][7][gc,age      ] GC(519) - age   1:     270720 bytes,     270720 total
[2024-03-08T14:00:25.311+0000][7][gc,age      ] GC(519) - age   2:      11016 bytes,     281736 total
[2024-03-08T14:00:25.311+0000][7][gc,age      ] GC(519) - age   3:       4936 bytes,     286672 total
[2024-03-08T14:00:25.311+0000][7][gc,age      ] GC(519) - age   4:      14896 bytes,     301568 total
[2024-03-08T14:00:25.311+0000][7][gc,age      ] GC(519) - age   5:      29048 bytes,     330616 total
[2024-03-08T14:00:25.311+0000][7][gc,age      ] GC(519) - age   6:     162464 bytes,     493080 total
[2024-03-08T14:00:25.311+0000][7][gc,age      ] GC(519) - age   7:        280 bytes,     493360 total
[2024-03-08T14:00:25.311+0000][7][gc,age      ] GC(519) - age   8:     938968 bytes,    1432328 total
[2024-03-08T14:00:25.311+0000][7][gc,age      ] GC(519) - age   9:        472 bytes,    1432800 total
[2024-03-08T14:00:25.311+0000][7][gc,age      ] GC(519) - age  10:      16752 bytes,    1449552 total
[2024-03-08T14:00:25.311+0000][7][gc,heap     ] GC(519) Eden regions: 152->0(152)
[2024-03-08T14:00:25.311+0000][7][gc,heap     ] GC(519) Survivor regions: 1->1(20)
[2024-03-08T14:00:25.311+0000][7][gc,heap     ] GC(519) Old regions: 26->26
[2024-03-08T14:00:25.311+0000][7][gc,heap     ] GC(519) Archive regions: 2->2
[2024-03-08T14:00:25.311+0000][7][gc,heap     ] GC(519) Humongous regions: 0->0
[2024-03-08T14:00:25.311+0000][7][gc,metaspace] GC(519) Metaspace: 129060K(132544K)->129060K(132544K) NonClass: 112208K(114048K)->112208K(114048K) Class: 16851K(18496K)->16851K(18496K)
[2024-03-08T14:00:25.311+0000][7][gc          ] GC(519) Pause Young (Normal) (G1 Evacuation Pause) 714M->105M(1024M) 3.047ms
[2024-03-08T14:00:25.311+0000][7][gc,cpu      ] GC(519) User=0.01s Sys=0.01s Real=0.01s
[2024-03-08T14:00:25.311+0000][7][safepoint   ] Safepoint "G1CollectForAllocation", Time since last: 167947375159 ns, Reaching safepoint: 48544 ns, At safepoint: 3152570 ns, Total: 3201114 ns
[2024-03-08T14:01:42.318+0000][7][safepoint   ] Safepoint "Cleanup", Time since last: 77006795592 ns, Reaching safepoint: 88589 ns, At safepoint: 9525 ns, Total: 98114 ns
[2024-03-08T14:03:25.387+0000][7][gc,start    ] GC(520) Pause Young (Normal) (G1 Evacuation Pause)
[2024-03-08T14:03:25.387+0000][7][gc,task     ] GC(520) Using 8 workers of 8 for evacuation
[2024-03-08T14:03:25.387+0000][7][gc,age      ] GC(520) Desired survivor size 41943040 bytes, new threshold 15 (max threshold 15)
[2024-03-08T14:03:25.390+0000][7][gc,phases   ] GC(520)   Pre Evacuate Collection Set: 0.1ms
[2024-03-08T14:03:25.390+0000][7][gc,phases   ] GC(520)   Merge Heap Roots: 0.1ms
[2024-03-08T14:03:25.390+0000][7][gc,phases   ] GC(520)   Evacuate Collection Set: 1.7ms
[2024-03-08T14:03:25.390+0000][7][gc,phases   ] GC(520)   Post Evacuate Collection Set: 0.7ms
[2024-03-08T14:03:25.390+0000][7][gc,phases   ] GC(520)   Other: 0.1ms
[2024-03-08T14:03:25.390+0000][7][gc,age      ] GC(520) Age table with threshold 15 (max threshold 15)
[2024-03-08T14:03:25.390+0000][7][gc,age      ] GC(520) - age   1:    1736576 bytes,    1736576 total
[2024-03-08T14:03:25.390+0000][7][gc,age      ] GC(520) - age   2:      10976 bytes,    1747552 total
[2024-03-08T14:03:25.390+0000][7][gc,age      ] GC(520) - age   3:       8584 bytes,    1756136 total
[2024-03-08T14:03:25.390+0000][7][gc,age      ] GC(520) - age   4:       3648 bytes,    1759784 total
[2024-03-08T14:03:25.390+0000][7][gc,age      ] GC(520) - age   5:      14208 bytes,    1773992 total
[2024-03-08T14:03:25.390+0000][7][gc,age      ] GC(520) - age   6:      29048 bytes,    1803040 total
[2024-03-08T14:03:25.390+0000][7][gc,age      ] GC(520) - age   7:     162400 bytes,    1965440 total
[2024-03-08T14:03:25.390+0000][7][gc,age      ] GC(520) - age   8:        248 bytes,    1965688 total
[2024-03-08T14:03:25.390+0000][7][gc,age      ] GC(520) - age   9:     938968 bytes,    2904656 total
[2024-03-08T14:03:25.390+0000][7][gc,age      ] GC(520) - age  10:        472 bytes,    2905128 total
[2024-03-08T14:03:25.390+0000][7][gc,age      ] GC(520) - age  11:      16752 bytes,    2921880 total
[2024-03-08T14:03:25.390+0000][7][gc,heap     ] GC(520) Eden regions: 152->0(152)
[2024-03-08T14:03:25.390+0000][7][gc,heap     ] GC(520) Survivor regions: 1->1(20)
[2024-03-08T14:03:25.390+0000][7][gc,heap     ] GC(520) Old regions: 26->26
[2024-03-08T14:03:25.390+0000][7][gc,heap     ] GC(520) Archive regions: 2->2
[2024-03-08T14:03:25.390+0000][7][gc,heap     ] GC(520) Humongous regions: 0->0
[2024-03-08T14:03:25.390+0000][7][gc,metaspace] GC(520) Metaspace: 129060K(132544K)->129060K(132544K) NonClass: 112208K(114048K)->112208K(114048K) Class: 16851K(18496K)->16851K(18496K)
[2024-03-08T14:03:25.390+0000][7][gc          ] GC(520) Pause Young (Normal) (G1 Evacuation Pause) 713M->107M(1024M) 3.022ms
[2024-03-08T14:03:25.390+0000][7][gc,cpu      ] GC(520) User=0.02s Sys=0.00s Real=0.01s
[2024-03-08T14:03:25.390+0000][7][safepoint   ] Safepoint "G1CollectForAllocation", Time since last: 103069484143 ns, Reaching safepoint: 34943 ns, At safepoint: 3108036 ns, Total: 3142979 ns
[2024-03-08T14:06:17.403+0000][7][gc,start    ] GC(521) Pause Young (Normal) (G1 Evacuation Pause)
[2024-03-08T14:06:17.403+0000][7][gc,task     ] GC(521) Using 8 workers of 8 for evacuation
[2024-03-08T14:06:17.403+0000][7][gc,age      ] GC(521) Desired survivor size 41943040 bytes, new threshold 15 (max threshold 15)
[2024-03-08T14:06:17.406+0000][7][gc,phases   ] GC(521)   Pre Evacuate Collection Set: 0.1ms
[2024-03-08T14:06:17.406+0000][7][gc,phases   ] GC(521)   Merge Heap Roots: 0.1ms
[2024-03-08T14:06:17.406+0000][7][gc,phases   ] GC(521)   Evacuate Collection Set: 2.1ms
[2024-03-08T14:06:17.406+0000][7][gc,phases   ] GC(521)   Post Evacuate Collection Set: 0.9ms
[2024-03-08T14:06:17.406+0000][7][gc,phases   ] GC(521)   Other: 0.1ms
[2024-03-08T14:06:17.406+0000][7][gc,age      ] GC(521) Age table with threshold 15 (max threshold 15)
[2024-03-08T14:06:17.406+0000][7][gc,age      ] GC(521) - age   1:    1247624 bytes,    1247624 total
[2024-03-08T14:06:17.406+0000][7][gc,age      ] GC(521) - age   2:      12976 bytes,    1260600 total
[2024-03-08T14:06:17.406+0000][7][gc,age      ] GC(521) - age   3:        472 bytes,    1261072 total
[2024-03-08T14:06:17.406+0000][7][gc,age      ] GC(521) - age   4:       8456 bytes,    1269528 total
[2024-03-08T14:06:17.406+0000][7][gc,age      ] GC(521) - age   5:        128 bytes,    1269656 total
[2024-03-08T14:06:17.406+0000][7][gc,age      ] GC(521) - age   6:      14208 bytes,    1283864 total
[2024-03-08T14:06:17.406+0000][7][gc,age      ] GC(521) - age   7:      28624 bytes,    1312488 total
[2024-03-08T14:06:17.406+0000][7][gc,age      ] GC(521) - age   8:     162216 bytes,    1474704 total
[2024-03-08T14:06:17.406+0000][7][gc,age      ] GC(521) - age   9:        248 bytes,    1474952 total
[2024-03-08T14:06:17.406+0000][7][gc,age      ] GC(521) - age  10:     938968 bytes,    2413920 total
[2024-03-08T14:06:17.406+0000][7][gc,age      ] GC(521) - age  11:        472 bytes,    2414392 total
[2024-03-08T14:06:17.406+0000][7][gc,age      ] GC(521) - age  12:      16752 bytes,    2431144 total
[2024-03-08T14:06:17.406+0000][7][gc,heap     ] GC(521) Eden regions: 152->0(152)
[2024-03-08T14:06:17.406+0000][7][gc,heap     ] GC(521) Survivor regions: 1->1(20)
[2024-03-08T14:06:17.406+0000][7][gc,heap     ] GC(521) Old regions: 26->26
[2024-03-08T14:06:17.406+0000][7][gc,heap     ] GC(521) Archive regions: 2->2
[2024-03-08T14:06:17.406+0000][7][gc,heap     ] GC(521) Humongous regions: 0->0
[2024-03-08T14:06:17.406+0000][7][gc,metaspace] GC(521) Metaspace: 129060K(132544K)->129060K(132544K) NonClass: 112208K(114048K)->112208K(114048K) Class: 16851K(18496K)->16851K(18496K)
[2024-03-08T14:06:17.406+0000][7][gc          ] GC(521) Pause Young (Normal) (G1 Evacuation Pause) 715M->106M(1024M) 3.633ms
[2024-03-08T14:06:17.406+0000][7][gc,cpu      ] GC(521) User=0.01s Sys=0.01s Real=0.00s
[2024-03-08T14:06:17.407+0000][7][safepoint   ] Safepoint "G1CollectForAllocation", Time since last: 172012303265 ns, Reaching safepoint: 87863 ns, At safepoint: 3733624 ns, Total: 3821487 ns
[2024-03-08T14:07:04.413+0000][7][safepoint   ] Safepoint "Cleanup", Time since last: 47006181895 ns, Reaching safepoint: 59398 ns, At safepoint: 5869 ns, Total: 65267 ns
[2024-03-08T14:07:34.418+0000][7][safepoint   ] Safepoint "Cleanup", Time since last: 30004771882 ns, Reaching safepoint: 112721 ns, At safepoint: 11523 ns, Total: 124244 ns
[2024-03-08T14:07:40.419+0000][7][safepoint   ] Safepoint "Cleanup", Time since last: 6000748287 ns, Reaching safepoint: 109362 ns, At safepoint: 14930 ns, Total: 124292 ns
[2024-03-08T14:08:58.459+0000][7][gc,start    ] GC(522) Pause Young (Normal) (G1 Evacuation Pause)
[2024-03-08T14:08:58.459+0000][7][gc,task     ] GC(522) Using 8 workers of 8 for evacuation
[2024-03-08T14:08:58.459+0000][7][gc,age      ] GC(522) Desired survivor size 41943040 bytes, new threshold 15 (max threshold 15)
[2024-03-08T14:08:58.461+0000][7][gc,phases   ] GC(522)   Pre Evacuate Collection Set: 0.1ms
[2024-03-08T14:08:58.462+0000][7][gc,phases   ] GC(522)   Merge Heap Roots: 0.1ms
[2024-03-08T14:08:58.462+0000][7][gc,phases   ] GC(522)   Evacuate Collection Set: 1.6ms
[2024-03-08T14:08:58.462+0000][7][gc,phases   ] GC(522)   Post Evacuate Collection Set: 0.7ms
[2024-03-08T14:08:58.462+0000][7][gc,phases   ] GC(522)   Other: 0.1ms
[2024-03-08T14:08:58.462+0000][7][gc,age      ] GC(522) Age table with threshold 15 (max threshold 15)
[2024-03-08T14:08:58.462+0000][7][gc,age      ] GC(522) - age   1:    1300088 bytes,    1300088 total
[2024-03-08T14:08:58.462+0000][7][gc,age      ] GC(522) - age   2:      15728 bytes,    1315816 total
[2024-03-08T14:08:58.462+0000][7][gc,age      ] GC(522) - age   3:       1512 bytes,    1317328 total
[2024-03-08T14:08:58.462+0000][7][gc,age      ] GC(522) - age   5:       8200 bytes,    1325528 total
[2024-03-08T14:08:58.462+0000][7][gc,age      ] GC(522) - age   7:      14208 bytes,    1339736 total
[2024-03-08T14:08:58.462+0000][7][gc,age      ] GC(522) - age   8:      28176 bytes,    1367912 total
[2024-03-08T14:08:58.462+0000][7][gc,age      ] GC(522) - age   9:     162216 bytes,    1530128 total
[2024-03-08T14:08:58.462+0000][7][gc,age      ] GC(522) - age  10:        248 bytes,    1530376 total
[2024-03-08T14:08:58.462+0000][7][gc,age      ] GC(522) - age  11:     938712 bytes,    2469088 total
[2024-03-08T14:08:58.462+0000][7][gc,age      ] GC(522) - age  12:        472 bytes,    2469560 total
[2024-03-08T14:08:58.462+0000][7][gc,age      ] GC(522) - age  13:      16752 bytes,    2486312 total
[2024-03-08T14:08:58.462+0000][7][gc,heap     ] GC(522) Eden regions: 152->0(152)
[2024-03-08T14:08:58.462+0000][7][gc,heap     ] GC(522) Survivor regions: 1->1(20)
[2024-03-08T14:08:58.462+0000][7][gc,heap     ] GC(522) Old regions: 26->26
[2024-03-08T14:08:58.462+0000][7][gc,heap     ] GC(522) Archive regions: 2->2
[2024-03-08T14:08:58.462+0000][7][gc,heap     ] GC(522) Humongous regions: 0->0
[2024-03-08T14:08:58.462+0000][7][gc,metaspace] GC(522) Metaspace: 129060K(132544K)->129060K(132544K) NonClass: 112209K(114048K)->112209K(114048K) Class: 16851K(18496K)->16851K(18496K)
[2024-03-08T14:08:58.462+0000][7][gc          ] GC(522) Pause Young (Normal) (G1 Evacuation Pause) 714M->106M(1024M) 2.857ms
[2024-03-08T14:08:58.462+0000][7][gc,cpu      ] GC(522) User=0.01s Sys=0.00s Real=0.00s
[2024-03-08T14:08:58.462+0000][7][safepoint   ] Safepoint "G1CollectForAllocation", Time since last: 78040121501 ns, Reaching safepoint: 128629 ns, At safepoint: 2944782 ns, Total: 3073411 ns
[2024-03-08T14:11:04.490+0000][7][gc,start    ] GC(523) Pause Young (Normal) (G1 Evacuation Pause)
[2024-03-08T14:11:04.491+0000][7][gc,task     ] GC(523) Using 8 workers of 8 for evacuation
[2024-03-08T14:11:04.491+0000][7][gc,age      ] GC(523) Desired survivor size 41943040 bytes, new threshold 15 (max threshold 15)
[2024-03-08T14:11:04.493+0000][7][gc,phases   ] GC(523)   Pre Evacuate Collection Set: 0.1ms
[2024-03-08T14:11:04.493+0000][7][gc,phases   ] GC(523)   Merge Heap Roots: 0.1ms
[2024-03-08T14:11:04.493+0000][7][gc,phases   ] GC(523)   Evacuate Collection Set: 1.3ms
[2024-03-08T14:11:04.493+0000][7][gc,phases   ] GC(523)   Post Evacuate Collection Set: 0.5ms
[2024-03-08T14:11:04.493+0000][7][gc,phases   ] GC(523)   Other: 0.1ms
[2024-03-08T14:11:04.493+0000][7][gc,age      ] GC(523) Age table with threshold 15 (max threshold 15)
[2024-03-08T14:11:04.493+0000][7][gc,age      ] GC(523) - age   1:    2041536 bytes,    2041536 total
[2024-03-08T14:11:04.493+0000][7][gc,age      ] GC(523) - age   2:      23776 bytes,    2065312 total
[2024-03-08T14:11:04.493+0000][7][gc,age      ] GC(523) - age   3:      12656 bytes,    2077968 total
[2024-03-08T14:11:04.493+0000][7][gc,age      ] GC(523) - age   4:        872 bytes,    2078840 total
[2024-03-08T14:11:04.493+0000][7][gc,age      ] GC(523) - age   6:       8200 bytes,    2087040 total
[2024-03-08T14:11:04.493+0000][7][gc,age      ] GC(523) - age   8:      14208 bytes,    2101248 total
[2024-03-08T14:11:04.493+0000][7][gc,age      ] GC(523) - age   9:      28152 bytes,    2129400 total
[2024-03-08T14:11:04.493+0000][7][gc,age      ] GC(523) - age  10:     162216 bytes,    2291616 total
[2024-03-08T14:11:04.493+0000][7][gc,age      ] GC(523) - age  11:        248 bytes,    2291864 total
[2024-03-08T14:11:04.493+0000][7][gc,age      ] GC(523) - age  12:     938480 bytes,    3230344 total
[2024-03-08T14:11:04.493+0000][7][gc,age      ] GC(523) - age  13:        472 bytes,    3230816 total
[2024-03-08T14:11:04.493+0000][7][gc,age      ] GC(523) - age  14:      16752 bytes,    3247568 total
[2024-03-08T14:11:04.493+0000][7][gc,heap     ] GC(523) Eden regions: 152->0(152)
[2024-03-08T14:11:04.493+0000][7][gc,heap     ] GC(523) Survivor regions: 1->1(20)
[2024-03-08T14:11:04.493+0000][7][gc,heap     ] GC(523) Old regions: 26->26
[2024-03-08T14:11:04.493+0000][7][gc,heap     ] GC(523) Archive regions: 2->2
[2024-03-08T14:11:04.493+0000][7][gc,heap     ] GC(523) Humongous regions: 0->0
[2024-03-08T14:11:04.493+0000][7][gc,metaspace] GC(523) Metaspace: 129060K(132544K)->129060K(132544K) NonClass: 112209K(114048K)->112209K(114048K) Class: 16851K(18496K)->16851K(18496K)
[2024-03-08T14:11:04.493+0000][7][gc          ] GC(523) Pause Young (Normal) (G1 Evacuation Pause) 714M->107M(1024M) 2.170ms
[2024-03-08T14:11:04.493+0000][7][gc,cpu      ] GC(523) User=0.01s Sys=0.00s Real=0.00s
[2024-03-08T14:11:04.493+0000][7][safepoint   ] Safepoint "G1CollectForAllocation", Time since last: 126028624703 ns, Reaching safepoint: 95742 ns, At safepoint: 2239525 ns, Total: 2335267 ns
[2024-03-08T14:13:16.425+0000][7][gc,start    ] GC(524) Pause Young (Normal) (G1 Evacuation Pause)
[2024-03-08T14:13:16.426+0000][7][gc,task     ] GC(524) Using 8 workers of 8 for evacuation
[2024-03-08T14:13:16.426+0000][7][gc,age      ] GC(524) Desired survivor size 41943040 bytes, new threshold 15 (max threshold 15)
[2024-03-08T14:13:16.428+0000][7][gc,phases   ] GC(524)   Pre Evacuate Collection Set: 0.1ms
[2024-03-08T14:13:16.428+0000][7][gc,phases   ] GC(524)   Merge Heap Roots: 0.1ms
[2024-03-08T14:13:16.428+0000][7][gc,phases   ] GC(524)   Evacuate Collection Set: 1.2ms
[2024-03-08T14:13:16.428+0000][7][gc,phases   ] GC(524)   Post Evacuate Collection Set: 0.7ms
[2024-03-08T14:13:16.428+0000][7][gc,phases   ] GC(524)   Other: 0.1ms
[2024-03-08T14:13:16.428+0000][7][gc,age      ] GC(524) Age table with threshold 15 (max threshold 15)
[2024-03-08T14:13:16.428+0000][7][gc,age      ] GC(524) - age   1:     679136 bytes,     679136 total
[2024-03-08T14:13:16.428+0000][7][gc,age      ] GC(524) - age   2:     134408 bytes,     813544 total
[2024-03-08T14:13:16.428+0000][7][gc,age      ] GC(524) - age   3:      20328 bytes,     833872 total
[2024-03-08T14:13:16.428+0000][7][gc,age      ] GC(524) - age   4:      12208 bytes,     846080 total
[2024-03-08T14:13:16.428+0000][7][gc,age      ] GC(524) - age   5:         96 bytes,     846176 total
[2024-03-08T14:13:16.428+0000][7][gc,age      ] GC(524) - age   7:       8200 bytes,     854376 total
[2024-03-08T14:13:16.428+0000][7][gc,age      ] GC(524) - age   9:      14176 bytes,     868552 total
[2024-03-08T14:13:16.428+0000][7][gc,age      ] GC(524) - age  10:      28152 bytes,     896704 total
[2024-03-08T14:13:16.428+0000][7][gc,age      ] GC(524) - age  11:     162216 bytes,    1058920 total
[2024-03-08T14:13:16.428+0000][7][gc,age      ] GC(524) - age  12:        248 bytes,    1059168 total
[2024-03-08T14:13:16.428+0000][7][gc,age      ] GC(524) - age  13:     938480 bytes,    1997648 total
[2024-03-08T14:13:16.428+0000][7][gc,age      ] GC(524) - age  14:        472 bytes,    1998120 total
[2024-03-08T14:13:16.428+0000][7][gc,age      ] GC(524) - age  15:      16752 bytes,    2014872 total
[2024-03-08T14:13:16.428+0000][7][gc,heap     ] GC(524) Eden regions: 152->0(152)
[2024-03-08T14:13:16.428+0000][7][gc,heap     ] GC(524) Survivor regions: 1->1(20)
[2024-03-08T14:13:16.428+0000][7][gc,heap     ] GC(524) Old regions: 26->26
[2024-03-08T14:13:16.428+0000][7][gc,heap     ] GC(524) Archive regions: 2->2
[2024-03-08T14:13:16.428+0000][7][gc,heap     ] GC(524) Humongous regions: 0->0
[2024-03-08T14:13:16.428+0000][7][gc,metaspace] GC(524) Metaspace: 129065K(132544K)->129065K(132544K) NonClass: 112214K(114048K)->112214K(114048K) Class: 16851K(18496K)->16851K(18496K)
[2024-03-08T14:13:16.428+0000][7][gc          ] GC(524) Pause Young (Normal) (G1 Evacuation Pause) 715M->106M(1024M) 2.426ms
[2024-03-08T14:13:16.428+0000][7][gc,cpu      ] GC(524) User=0.02s Sys=0.00s Real=0.00s
[2024-03-08T14:13:16.428+0000][7][safepoint   ] Safepoint "G1CollectForAllocation", Time since last: 131932697888 ns, Reaching safepoint: 64238 ns, At safepoint: 2509570 ns, Total: 2573808 ns
[2024-03-08T14:14:31.439+0000][7][safepoint   ] Safepoint "Cleanup", Time since last: 75010919648 ns, Reaching safepoint: 65855 ns, At safepoint: 9746 ns, Total: 75601 ns
[2024-03-08T14:14:43.441+0000][7][safepoint   ] Safepoint "Cleanup", Time since last: 12002071940 ns, Reaching safepoint: 140629 ns, At safepoint: 14031 ns, Total: 154660 ns
[2024-03-08T14:15:22.469+0000][7][gc,start    ] GC(525) Pause Young (Normal) (G1 Evacuation Pause)
[2024-03-08T14:15:22.469+0000][7][gc,task     ] GC(525) Using 8 workers of 8 for evacuation
[2024-03-08T14:15:22.469+0000][7][gc,age      ] GC(525) Desired survivor size 41943040 bytes, new threshold 15 (max threshold 15)
[2024-03-08T14:15:22.472+0000][7][gc,phases   ] GC(525)   Pre Evacuate Collection Set: 0.1ms
[2024-03-08T14:15:22.472+0000][7][gc,phases   ] GC(525)   Merge Heap Roots: 0.1ms
[2024-03-08T14:15:22.472+0000][7][gc,phases   ] GC(525)   Evacuate Collection Set: 1.4ms
[2024-03-08T14:15:22.472+0000][7][gc,phases   ] GC(525)   Post Evacuate Collection Set: 0.6ms
[2024-03-08T14:15:22.472+0000][7][gc,phases   ] GC(525)   Other: 0.1ms
[2024-03-08T14:15:22.472+0000][7][gc,age      ] GC(525) Age table with threshold 15 (max threshold 15)
[2024-03-08T14:15:22.472+0000][7][gc,age      ] GC(525) - age   1:    2027560 bytes,    2027560 total
[2024-03-08T14:15:22.472+0000][7][gc,age      ] GC(525) - age   2:       3312 bytes,    2030872 total
[2024-03-08T14:15:22.472+0000][7][gc,age      ] GC(525) - age   3:     131664 bytes,    2162536 total
[2024-03-08T14:15:22.472+0000][7][gc,age      ] GC(525) - age   4:      19272 bytes,    2181808 total
[2024-03-08T14:15:22.472+0000][7][gc,age      ] GC(525) - age   5:       8688 bytes,    2190496 total
[2024-03-08T14:15:22.472+0000][7][gc,age      ] GC(525) - age   6:         32 bytes,    2190528 total
[2024-03-08T14:15:22.472+0000][7][gc,age      ] GC(525) - age   8:       8200 bytes,    2198728 total
[2024-03-08T14:15:22.472+0000][7][gc,age      ] GC(525) - age  10:      14176 bytes,    2212904 total
[2024-03-08T14:15:22.472+0000][7][gc,age      ] GC(525) - age  11:      28152 bytes,    2241056 total
[2024-03-08T14:15:22.472+0000][7][gc,age      ] GC(525) - age  12:     162216 bytes,    2403272 total
[2024-03-08T14:15:22.472+0000][7][gc,age      ] GC(525) - age  13:        248 bytes,    2403520 total
[2024-03-08T14:15:22.472+0000][7][gc,age      ] GC(525) - age  14:     938480 bytes,    3342000 total
[2024-03-08T14:15:22.472+0000][7][gc,age      ] GC(525) - age  15:        472 bytes,    3342472 total
[2024-03-08T14:15:22.472+0000][7][gc,heap     ] GC(525) Eden regions: 152->0(152)
[2024-03-08T14:15:22.472+0000][7][gc,heap     ] GC(525) Survivor regions: 1->1(20)
[2024-03-08T14:15:22.472+0000][7][gc,heap     ] GC(525) Old regions: 26->26
[2024-03-08T14:15:22.472+0000][7][gc,heap     ] GC(525) Archive regions: 2->2
[2024-03-08T14:15:22.472+0000][7][gc,heap     ] GC(525) Humongous regions: 0->0
[2024-03-08T14:15:22.472+0000][7][gc,metaspace] GC(525) Metaspace: 129065K(132544K)->129065K(132544K) NonClass: 112214K(114048K)->112214K(114048K) Class: 16851K(18496K)->16851K(18496K)
[2024-03-08T14:15:22.472+0000][7][gc          ] GC(525) Pause Young (Normal) (G1 Evacuation Pause) 714M->107M(1024M) 2.421ms
[2024-03-08T14:15:22.472+0000][7][gc,cpu      ] GC(525) User=0.01s Sys=0.00s Real=0.01s
[2024-03-08T14:15:22.472+0000][7][safepoint   ] Safepoint "G1CollectForAllocation", Time since last: 39028125942 ns, Reaching safepoint: 44239 ns, At safepoint: 2491358 ns, Total: 2535597 ns
[2024-03-08T14:17:37.433+0000][7][gc,start    ] GC(526) Pause Young (Normal) (G1 Evacuation Pause)
[2024-03-08T14:17:37.433+0000][7][gc,task     ] GC(526) Using 8 workers of 8 for evacuation
[2024-03-08T14:17:37.433+0000][7][gc,age      ] GC(526) Desired survivor size 41943040 bytes, new threshold 15 (max threshold 15)
[2024-03-08T14:17:37.435+0000][7][gc,phases   ] GC(526)   Pre Evacuate Collection Set: 0.1ms
[2024-03-08T14:17:37.435+0000][7][gc,phases   ] GC(526)   Merge Heap Roots: 0.1ms
[2024-03-08T14:17:37.435+0000][7][gc,phases   ] GC(526)   Evacuate Collection Set: 1.2ms
[2024-03-08T14:17:37.435+0000][7][gc,phases   ] GC(526)   Post Evacuate Collection Set: 0.6ms
[2024-03-08T14:17:37.435+0000][7][gc,phases   ] GC(526)   Other: 0.1ms
[2024-03-08T14:17:37.435+0000][7][gc,age      ] GC(526) Age table with threshold 15 (max threshold 15)
[2024-03-08T14:17:37.435+0000][7][gc,age      ] GC(526) - age   1:     636608 bytes,     636608 total
[2024-03-08T14:17:37.435+0000][7][gc,age      ] GC(526) - age   2:       7464 bytes,     644072 total
[2024-03-08T14:17:37.435+0000][7][gc,age      ] GC(526) - age   3:       1296 bytes,     645368 total
[2024-03-08T14:17:37.435+0000][7][gc,age      ] GC(526) - age   4:     131344 bytes,     776712 total
[2024-03-08T14:17:37.435+0000][7][gc,age      ] GC(526) - age   5:      18592 bytes,     795304 total
[2024-03-08T14:17:37.435+0000][7][gc,age      ] GC(526) - age   6:       8624 bytes,     803928 total
[2024-03-08T14:17:37.435+0000][7][gc,age      ] GC(526) - age   7:         32 bytes,     803960 total
[2024-03-08T14:17:37.435+0000][7][gc,age      ] GC(526) - age   9:       8200 bytes,     812160 total
[2024-03-08T14:17:37.435+0000][7][gc,age      ] GC(526) - age  11:      14176 bytes,     826336 total
[2024-03-08T14:17:37.435+0000][7][gc,age      ] GC(526) - age  12:      28152 bytes,     854488 total
[2024-03-08T14:17:37.435+0000][7][gc,age      ] GC(526) - age  13:     162216 bytes,    1016704 total
[2024-03-08T14:17:37.435+0000][7][gc,age      ] GC(526) - age  14:        248 bytes,    1016952 total
[2024-03-08T14:17:37.435+0000][7][gc,age      ] GC(526) - age  15:     938480 bytes,    1955432 total
[2024-03-08T14:17:37.435+0000][7][gc,heap     ] GC(526) Eden regions: 152->0(152)
[2024-03-08T14:17:37.435+0000][7][gc,heap     ] GC(526) Survivor regions: 1->1(20)
[2024-03-08T14:17:37.435+0000][7][gc,heap     ] GC(526) Old regions: 26->26
[2024-03-08T14:17:37.435+0000][7][gc,heap     ] GC(526) Archive regions: 2->2
[2024-03-08T14:17:37.435+0000][7][gc,heap     ] GC(526) Humongous regions: 0->0
[2024-03-08T14:17:37.435+0000][7][gc,metaspace] GC(526) Metaspace: 129065K(132544K)->129065K(132544K) NonClass: 112214K(114048K)->112214K(114048K) Class: 16851K(18496K)->16851K(18496K)
[2024-03-08T14:17:37.435+0000][7][gc          ] GC(526) Pause Young (Normal) (G1 Evacuation Pause) 715M->106M(1024M) 2.391ms
[2024-03-08T14:17:37.435+0000][7][gc,cpu      ] GC(526) User=0.02s Sys=0.00s Real=0.00s
[2024-03-08T14:17:37.435+0000][7][safepoint   ] Safepoint "G1CollectForAllocation", Time since last: 134960849092 ns, Reaching safepoint: 55180 ns, At safepoint: 2472341 ns, Total: 2527521 ns
[2024-03-08T14:19:26.452+0000][7][safepoint   ] Safepoint "Cleanup", Time since last: 109017078314 ns, Reaching safepoint: 124579 ns, At safepoint: 16042 ns, Total: 140621 ns
[2024-03-08T14:20:07.525+0000][7][safepoint   ] Safepoint "Cleanup", Time since last: 41072493489 ns, Reaching safepoint: 64281 ns, At safepoint: 12045 ns, Total: 76326 ns
[2024-03-08T14:20:08.525+0000][7][safepoint   ] Safepoint "Cleanup", Time since last: 1000273740 ns, Reaching safepoint: 127992 ns, At safepoint: 9892 ns, Total: 137884 ns
[2024-03-08T14:20:25.559+0000][7][gc,start    ] GC(527) Pause Young (Normal) (G1 Evacuation Pause)
[2024-03-08T14:20:25.559+0000][7][gc,task     ] GC(527) Using 8 workers of 8 for evacuation
[2024-03-08T14:20:25.559+0000][7][gc,age      ] GC(527) Desired survivor size 41943040 bytes, new threshold 15 (max threshold 15)
[2024-03-08T14:20:25.561+0000][7][gc,phases   ] GC(527)   Pre Evacuate Collection Set: 0.1ms
[2024-03-08T14:20:25.561+0000][7][gc,phases   ] GC(527)   Merge Heap Roots: 0.0ms
[2024-03-08T14:20:25.561+0000][7][gc,phases   ] GC(527)   Evacuate Collection Set: 1.4ms
[2024-03-08T14:20:25.561+0000][7][gc,phases   ] GC(527)   Post Evacuate Collection Set: 0.5ms
[2024-03-08T14:20:25.561+0000][7][gc,phases   ] GC(527)   Other: 0.1ms
[2024-03-08T14:20:25.561+0000][7][gc,age      ] GC(527) Age table with threshold 15 (max threshold 15)
[2024-03-08T14:20:25.561+0000][7][gc,age      ] GC(527) - age   1:    2033720 bytes,    2033720 total
[2024-03-08T14:20:25.561+0000][7][gc,age      ] GC(527) - age   2:       2488 bytes,    2036208 total
[2024-03-08T14:20:25.561+0000][7][gc,age      ] GC(527) - age   3:       4984 bytes,    2041192 total
[2024-03-08T14:20:25.561+0000][7][gc,age      ] GC(527) - age   4:       1040 bytes,    2042232 total
[2024-03-08T14:20:25.561+0000][7][gc,age      ] GC(527) - age   5:     131280 bytes,    2173512 total
[2024-03-08T14:20:25.561+0000][7][gc,age      ] GC(527) - age   6:      10304 bytes,    2183816 total
[2024-03-08T14:20:25.561+0000][7][gc,age      ] GC(527) - age   7:       8232 bytes,    2192048 total
[2024-03-08T14:20:25.561+0000][7][gc,age      ] GC(527) - age   8:         32 bytes,    2192080 total
[2024-03-08T14:20:25.561+0000][7][gc,age      ] GC(527) - age  10:       8200 bytes,    2200280 total
[2024-03-08T14:20:25.561+0000][7][gc,age      ] GC(527) - age  12:      13992 bytes,    2214272 total
[2024-03-08T14:20:25.561+0000][7][gc,age      ] GC(527) - age  13:      28152 bytes,    2242424 total
[2024-03-08T14:20:25.561+0000][7][gc,age      ] GC(527) - age  14:     162216 bytes,    2404640 total
[2024-03-08T14:20:25.561+0000][7][gc,age      ] GC(527) - age  15:        248 bytes,    2404888 total
[2024-03-08T14:20:25.561+0000][7][gc,heap     ] GC(527) Eden regions: 152->0(152)
[2024-03-08T14:20:25.561+0000][7][gc,heap     ] GC(527) Survivor regions: 1->1(20)
[2024-03-08T14:20:25.561+0000][7][gc,heap     ] GC(527) Old regions: 26->26
[2024-03-08T14:20:25.561+0000][7][gc,heap     ] GC(527) Archive regions: 2->2
[2024-03-08T14:20:25.561+0000][7][gc,heap     ] GC(527) Humongous regions: 0->0
[2024-03-08T14:20:25.561+0000][7][gc,metaspace] GC(527) Metaspace: 129315K(132864K)->129315K(132864K) NonClass: 112415K(114304K)->112415K(114304K) Class: 16900K(18560K)->16900K(18560K)
[2024-03-08T14:20:25.561+0000][7][gc          ] GC(527) Pause Young (Normal) (G1 Evacuation Pause) 714M->107M(1024M) 2.268ms
[2024-03-08T14:20:25.561+0000][7][gc,cpu      ] GC(527) User=0.01s Sys=0.00s Real=0.00s
[2024-03-08T14:20:25.561+0000][7][safepoint   ] Safepoint "G1CollectForAllocation", Time since last: 17033603153 ns, Reaching safepoint: 100426 ns, At safepoint: 2335216 ns, Total: 2435642 ns
[2024-03-08T14:23:25.459+0000][7][gc,start    ] GC(528) Pause Young (Normal) (G1 Evacuation Pause)
[2024-03-08T14:23:25.459+0000][7][gc,task     ] GC(528) Using 8 workers of 8 for evacuation
[2024-03-08T14:23:25.459+0000][7][gc,age      ] GC(528) Desired survivor size 41943040 bytes, new threshold 15 (max threshold 15)
[2024-03-08T14:23:25.461+0000][7][gc,phases   ] GC(528)   Pre Evacuate Collection Set: 0.1ms
[2024-03-08T14:23:25.461+0000][7][gc,phases   ] GC(528)   Merge Heap Roots: 0.1ms
[2024-03-08T14:23:25.461+0000][7][gc,phases   ] GC(528)   Evacuate Collection Set: 1.5ms
[2024-03-08T14:23:25.461+0000][7][gc,phases   ] GC(528)   Post Evacuate Collection Set: 0.7ms
[2024-03-08T14:23:25.461+0000][7][gc,phases   ] GC(528)   Other: 0.1ms
[2024-03-08T14:23:25.461+0000][7][gc,age      ] GC(528) Age table with threshold 15 (max threshold 15)
[2024-03-08T14:23:25.461+0000][7][gc,age      ] GC(528) - age   1:    1346096 bytes,    1346096 total
[2024-03-08T14:23:25.461+0000][7][gc,age      ] GC(528) - age   2:     107856 bytes,    1453952 total
[2024-03-08T14:23:25.461+0000][7][gc,age      ] GC(528) - age   3:        464 bytes,    1454416 total
[2024-03-08T14:23:25.461+0000][7][gc,age      ] GC(528) - age   4:       4088 bytes,    1458504 total
[2024-03-08T14:23:25.461+0000][7][gc,age      ] GC(528) - age   5:        224 bytes,    1458728 total
[2024-03-08T14:23:25.461+0000][7][gc,age      ] GC(528) - age   6:     131216 bytes,    1589944 total
[2024-03-08T14:23:25.461+0000][7][gc,age      ] GC(528) - age   7:      10304 bytes,    1600248 total
[2024-03-08T14:23:25.461+0000][7][gc,age      ] GC(528) - age   8:       8232 bytes,    1608480 total
[2024-03-08T14:23:25.461+0000][7][gc,age      ] GC(528) - age  11:       8200 bytes,    1616680 total
[2024-03-08T14:23:25.461+0000][7][gc,age      ] GC(528) - age  13:      13992 bytes,    1630672 total
[2024-03-08T14:23:25.461+0000][7][gc,age      ] GC(528) - age  14:      27968 bytes,    1658640 total
[2024-03-08T14:23:25.461+0000][7][gc,age      ] GC(528) - age  15:     162216 bytes,    1820856 total
[2024-03-08T14:23:25.461+0000][7][gc,heap     ] GC(528) Eden regions: 152->0(152)
[2024-03-08T14:23:25.461+0000][7][gc,heap     ] GC(528) Survivor regions: 1->1(20)
[2024-03-08T14:23:25.461+0000][7][gc,heap     ] GC(528) Old regions: 26->26
[2024-03-08T14:23:25.461+0000][7][gc,heap     ] GC(528) Archive regions: 2->2
[2024-03-08T14:23:25.461+0000][7][gc,heap     ] GC(528) Humongous regions: 0->0
[2024-03-08T14:23:25.461+0000][7][gc,metaspace] GC(528) Metaspace: 129315K(132864K)->129315K(132864K) NonClass: 112415K(114304K)->112415K(114304K) Class: 16900K(18560K)->16900K(18560K)
[2024-03-08T14:23:25.461+0000][7][gc          ] GC(528) Pause Young (Normal) (G1 Evacuation Pause) 715M->107M(1024M) 2.704ms
[2024-03-08T14:23:25.461+0000][7][gc,cpu      ] GC(528) User=0.01s Sys=0.00s Real=0.00s
[2024-03-08T14:23:25.461+0000][7][safepoint   ] Safepoint "G1CollectForAllocation", Time since last: 179897006133 ns, Reaching safepoint: 46731 ns, At safepoint: 2790547 ns, Total: 2837278 ns
[2024-03-08T14:24:37.473+0000][7][safepoint   ] Safepoint "Cleanup", Time since last: 72011080811 ns, Reaching safepoint: 118434 ns, At safepoint: 7158 ns, Total: 125592 ns
[2024-03-08T14:26:07.480+0000][7][gc,start    ] GC(529) Pause Young (Normal) (G1 Evacuation Pause)
[2024-03-08T14:26:07.480+0000][7][gc,task     ] GC(529) Using 8 workers of 8 for evacuation
[2024-03-08T14:26:07.480+0000][7][gc,age      ] GC(529) Desired survivor size 41943040 bytes, new threshold 15 (max threshold 15)
[2024-03-08T14:26:07.482+0000][7][gc,phases   ] GC(529)   Pre Evacuate Collection Set: 0.1ms
[2024-03-08T14:26:07.482+0000][7][gc,phases   ] GC(529)   Merge Heap Roots: 0.1ms
[2024-03-08T14:26:07.482+0000][7][gc,phases   ] GC(529)   Evacuate Collection Set: 1.5ms
[2024-03-08T14:26:07.482+0000][7][gc,phases   ] GC(529)   Post Evacuate Collection Set: 0.6ms
[2024-03-08T14:26:07.482+0000][7][gc,phases   ] GC(529)   Other: 0.1ms
[2024-03-08T14:26:07.482+0000][7][gc,age      ] GC(529) Age table with threshold 15 (max threshold 15)
[2024-03-08T14:26:07.482+0000][7][gc,age      ] GC(529) - age   1:    1352576 bytes,    1352576 total
[2024-03-08T14:26:07.482+0000][7][gc,age      ] GC(529) - age   2:       4176 bytes,    1356752 total
[2024-03-08T14:26:07.482+0000][7][gc,age      ] GC(529) - age   3:      95224 bytes,    1451976 total
[2024-03-08T14:26:07.482+0000][7][gc,age      ] GC(529) - age   4:         24 bytes,    1452000 total
[2024-03-08T14:26:07.482+0000][7][gc,age      ] GC(529) - age   5:        248 bytes,    1452248 total
[2024-03-08T14:26:07.482+0000][7][gc,age      ] GC(529) - age   6:        224 bytes,    1452472 total
[2024-03-08T14:26:07.482+0000][7][gc,age      ] GC(529) - age   7:     131088 bytes,    1583560 total
[2024-03-08T14:26:07.482+0000][7][gc,age      ] GC(529) - age   8:      10304 bytes,    1593864 total
[2024-03-08T14:26:07.482+0000][7][gc,age      ] GC(529) - age   9:       8048 bytes,    1601912 total
[2024-03-08T14:26:07.482+0000][7][gc,age      ] GC(529) - age  12:       8200 bytes,    1610112 total
[2024-03-08T14:26:07.482+0000][7][gc,age      ] GC(529) - age  14:      13992 bytes,    1624104 total
[2024-03-08T14:26:07.482+0000][7][gc,age      ] GC(529) - age  15:      27968 bytes,    1652072 total
[2024-03-08T14:26:07.482+0000][7][gc,heap     ] GC(529) Eden regions: 152->0(152)
[2024-03-08T14:26:07.482+0000][7][gc,heap     ] GC(529) Survivor regions: 1->1(20)
[2024-03-08T14:26:07.482+0000][7][gc,heap     ] GC(529) Old regions: 26->26
[2024-03-08T14:26:07.482+0000][7][gc,heap     ] GC(529) Archive regions: 2->2
[2024-03-08T14:26:07.482+0000][7][gc,heap     ] GC(529) Humongous regions: 0->0
[2024-03-08T14:26:07.482+0000][7][gc,metaspace] GC(529) Metaspace: 129315K(132864K)->129315K(132864K) NonClass: 112415K(114304K)->112415K(114304K) Class: 16900K(18560K)->16900K(18560K)
[2024-03-08T14:26:07.482+0000][7][gc          ] GC(529) Pause Young (Normal) (G1 Evacuation Pause) 715M->107M(1024M) 2.563ms
[2024-03-08T14:26:07.482+0000][7][gc,cpu      ] GC(529) User=0.01s Sys=0.00s Real=0.01s
[2024-03-08T14:26:07.482+0000][7][safepoint   ] Safepoint "G1CollectForAllocation", Time since last: 90007114625 ns, Reaching safepoint: 55940 ns, At safepoint: 2650268 ns, Total: 2706208 ns
[2024-03-08T14:28:55.509+0000][7][gc,start    ] GC(530) Pause Young (Normal) (G1 Evacuation Pause)
[2024-03-08T14:28:55.509+0000][7][gc,task     ] GC(530) Using 8 workers of 8 for evacuation
[2024-03-08T14:28:55.509+0000][7][gc,age      ] GC(530) Desired survivor size 41943040 bytes, new threshold 15 (max threshold 15)
[2024-03-08T14:28:55.511+0000][7][gc,phases   ] GC(530)   Pre Evacuate Collection Set: 0.1ms
[2024-03-08T14:28:55.511+0000][7][gc,phases   ] GC(530)   Merge Heap Roots: 0.1ms
[2024-03-08T14:28:55.511+0000][7][gc,phases   ] GC(530)   Evacuate Collection Set: 1.1ms
[2024-03-08T14:28:55.511+0000][7][gc,phases   ] GC(530)   Post Evacuate Collection Set: 0.7ms
[2024-03-08T14:28:55.511+0000][7][gc,phases   ] GC(530)   Other: 0.1ms
[2024-03-08T14:28:55.511+0000][7][gc,age      ] GC(530) Age table with threshold 15 (max threshold 15)
[2024-03-08T14:28:55.511+0000][7][gc,age      ] GC(530) - age   1:     775800 bytes,     775800 total
[2024-03-08T14:28:55.511+0000][7][gc,age      ] GC(530) - age   2:       6544 bytes,     782344 total
[2024-03-08T14:28:55.511+0000][7][gc,age      ] GC(530) - age   3:       1704 bytes,     784048 total
[2024-03-08T14:28:55.511+0000][7][gc,age      ] GC(530) - age   4:      94416 bytes,     878464 total
[2024-03-08T14:28:55.511+0000][7][gc,age      ] GC(530) - age   5:         24 bytes,     878488 total
[2024-03-08T14:28:55.511+0000][7][gc,age      ] GC(530) - age   6:        184 bytes,     878672 total
[2024-03-08T14:28:55.511+0000][7][gc,age      ] GC(530) - age   7:        160 bytes,     878832 total
[2024-03-08T14:28:55.511+0000][7][gc,age      ] GC(530) - age   8:     131088 bytes,    1009920 total
[2024-03-08T14:28:55.511+0000][7][gc,age      ] GC(530) - age   9:       9920 bytes,    1019840 total
[2024-03-08T14:28:55.511+0000][7][gc,age      ] GC(530) - age  10:       8048 bytes,    1027888 total
[2024-03-08T14:28:55.511+0000][7][gc,age      ] GC(530) - age  13:       8016 bytes,    1035904 total
[2024-03-08T14:28:55.511+0000][7][gc,age      ] GC(530) - age  15:      13992 bytes,    1049896 total
[2024-03-08T14:28:55.511+0000][7][gc,heap     ] GC(530) Eden regions: 152->0(152)
[2024-03-08T14:28:55.511+0000][7][gc,heap     ] GC(530) Survivor regions: 1->1(20)
[2024-03-08T14:28:55.511+0000][7][gc,heap     ] GC(530) Old regions: 26->26
[2024-03-08T14:28:55.511+0000][7][gc,heap     ] GC(530) Archive regions: 2->2
[2024-03-08T14:28:55.511+0000][7][gc,heap     ] GC(530) Humongous regions: 0->0
[2024-03-08T14:28:55.511+0000][7][gc,metaspace] GC(530) Metaspace: 129315K(132864K)->129315K(132864K) NonClass: 112415K(114304K)->112415K(114304K) Class: 16900K(18560K)->16900K(18560K)
[2024-03-08T14:28:55.511+0000][7][gc          ] GC(530) Pause Young (Normal) (G1 Evacuation Pause) 715M->106M(1024M) 2.256ms
[2024-03-08T14:28:55.511+0000][7][gc,cpu      ] GC(530) User=0.01s Sys=0.00s Real=0.01s
[2024-03-08T14:28:55.511+0000][7][safepoint   ] Safepoint "G1CollectForAllocation", Time since last: 168026494214 ns, Reaching safepoint: 70140 ns, At safepoint: 2342297 ns, Total: 2412437 ns
[2024-03-08T14:31:37.513+0000][7][gc,start    ] GC(531) Pause Young (Normal) (G1 Evacuation Pause)
[2024-03-08T14:31:37.513+0000][7][gc,task     ] GC(531) Using 8 workers of 8 for evacuation
[2024-03-08T14:31:37.514+0000][7][gc,age      ] GC(531) Desired survivor size 41943040 bytes, new threshold 15 (max threshold 15)
[2024-03-08T14:31:37.516+0000][7][gc,phases   ] GC(531)   Pre Evacuate Collection Set: 0.1ms
[2024-03-08T14:31:37.516+0000][7][gc,phases   ] GC(531)   Merge Heap Roots: 0.1ms
[2024-03-08T14:31:37.516+0000][7][gc,phases   ] GC(531)   Evacuate Collection Set: 1.1ms
[2024-03-08T14:31:37.516+0000][7][gc,phases   ] GC(531)   Post Evacuate Collection Set: 0.7ms
[2024-03-08T14:31:37.516+0000][7][gc,phases   ] GC(531)   Other: 0.1ms
[2024-03-08T14:31:37.516+0000][7][gc,age      ] GC(531) Age table with threshold 15 (max threshold 15)
[2024-03-08T14:31:37.516+0000][7][gc,age      ] GC(531) - age   1:     427992 bytes,     427992 total
[2024-03-08T14:31:37.516+0000][7][gc,age      ] GC(531) - age   2:       4648 bytes,     432640 total
[2024-03-08T14:31:37.516+0000][7][gc,age      ] GC(531) - age   3:       4336 bytes,     436976 total
[2024-03-08T14:31:37.516+0000][7][gc,age      ] GC(531) - age   4:       1256 bytes,     438232 total
[2024-03-08T14:31:37.516+0000][7][gc,age      ] GC(531) - age   5:      94416 bytes,     532648 total
[2024-03-08T14:31:37.516+0000][7][gc,age      ] GC(531) - age   6:         24 bytes,     532672 total
[2024-03-08T14:31:37.516+0000][7][gc,age      ] GC(531) - age   8:        160 bytes,     532832 total
[2024-03-08T14:31:37.516+0000][7][gc,age      ] GC(531) - age   9:     131088 bytes,     663920 total
[2024-03-08T14:31:37.516+0000][7][gc,age      ] GC(531) - age  10:       9920 bytes,     673840 total
[2024-03-08T14:31:37.516+0000][7][gc,age      ] GC(531) - age  11:       8048 bytes,     681888 total
[2024-03-08T14:31:37.516+0000][7][gc,age      ] GC(531) - age  14:       8016 bytes,     689904 total
[2024-03-08T14:31:37.516+0000][7][gc,heap     ] GC(531) Eden regions: 152->0(152)
[2024-03-08T14:31:37.516+0000][7][gc,heap     ] GC(531) Survivor regions: 1->1(20)
[2024-03-08T14:31:37.516+0000][7][gc,heap     ] GC(531) Old regions: 26->26
[2024-03-08T14:31:37.516+0000][7][gc,heap     ] GC(531) Archive regions: 2->2
[2024-03-08T14:31:37.516+0000][7][gc,heap     ] GC(531) Humongous regions: 0->0
[2024-03-08T14:31:37.516+0000][7][gc,metaspace] GC(531) Metaspace: 129315K(132864K)->129315K(132864K) NonClass: 112415K(114304K)->112415K(114304K) Class: 16900K(18560K)->16900K(18560K)
[2024-03-08T14:31:37.516+0000][7][gc          ] GC(531) Pause Young (Normal) (G1 Evacuation Pause) 714M->106M(1024M) 2.279ms
[2024-03-08T14:31:37.516+0000][7][gc,cpu      ] GC(531) User=0.00s Sys=0.00s Real=0.00s
[2024-03-08T14:31:37.516+0000][7][safepoint   ] Safepoint "G1CollectForAllocation", Time since last: 162002133930 ns, Reaching safepoint: 36639 ns, At safepoint: 2362709 ns, Total: 2399348 ns
[2024-03-08T14:34:31.526+0000][7][gc,start    ] GC(532) Pause Young (Normal) (G1 Evacuation Pause)
[2024-03-08T14:34:31.526+0000][7][gc,task     ] GC(532) Using 8 workers of 8 for evacuation
[2024-03-08T14:34:31.526+0000][7][gc,age      ] GC(532) Desired survivor size 41943040 bytes, new threshold 15 (max threshold 15)
[2024-03-08T14:34:31.528+0000][7][gc,phases   ] GC(532)   Pre Evacuate Collection Set: 0.1ms
[2024-03-08T14:34:31.529+0000][7][gc,phases   ] GC(532)   Merge Heap Roots: 0.1ms
[2024-03-08T14:34:31.529+0000][7][gc,phases   ] GC(532)   Evacuate Collection Set: 1.6ms
[2024-03-08T14:34:31.529+0000][7][gc,phases   ] GC(532)   Post Evacuate Collection Set: 0.8ms
[2024-03-08T14:34:31.529+0000][7][gc,phases   ] GC(532)   Other: 0.1ms
[2024-03-08T14:34:31.529+0000][7][gc,age      ] GC(532) Age table with threshold 15 (max threshold 15)
[2024-03-08T14:34:31.529+0000][7][gc,age      ] GC(532) - age   1:    1728064 bytes,    1728064 total
[2024-03-08T14:34:31.529+0000][7][gc,age      ] GC(532) - age   2:      10448 bytes,    1738512 total
[2024-03-08T14:34:31.529+0000][7][gc,age      ] GC(532) - age   3:       1256 bytes,    1739768 total
[2024-03-08T14:34:31.529+0000][7][gc,age      ] GC(532) - age   4:        248 bytes,    1740016 total
[2024-03-08T14:34:31.529+0000][7][gc,age      ] GC(532) - age   5:        544 bytes,    1740560 total
[2024-03-08T14:34:31.529+0000][7][gc,age      ] GC(532) - age   6:      94024 bytes,    1834584 total
[2024-03-08T14:34:31.529+0000][7][gc,age      ] GC(532) - age   7:         24 bytes,    1834608 total
[2024-03-08T14:34:31.529+0000][7][gc,age      ] GC(532) - age   9:        128 bytes,    1834736 total
[2024-03-08T14:34:31.529+0000][7][gc,age      ] GC(532) - age  10:     131088 bytes,    1965824 total
[2024-03-08T14:34:31.529+0000][7][gc,age      ] GC(532) - age  11:       1904 bytes,    1967728 total
[2024-03-08T14:34:31.529+0000][7][gc,age      ] GC(532) - age  12:       8048 bytes,    1975776 total
[2024-03-08T14:34:31.529+0000][7][gc,age      ] GC(532) - age  15:       8016 bytes,    1983792 total
[2024-03-08T14:34:31.529+0000][7][gc,heap     ] GC(532) Eden regions: 152->0(152)
[2024-03-08T14:34:31.529+0000][7][gc,heap     ] GC(532) Survivor regions: 1->1(20)
[2024-03-08T14:34:31.529+0000][7][gc,heap     ] GC(532) Old regions: 26->26
[2024-03-08T14:34:31.529+0000][7][gc,heap     ] GC(532) Archive regions: 2->2
[2024-03-08T14:34:31.529+0000][7][gc,heap     ] GC(532) Humongous regions: 0->0
[2024-03-08T14:34:31.529+0000][7][gc,metaspace] GC(532) Metaspace: 129315K(132864K)->129315K(132864K) NonClass: 112415K(114304K)->112415K(114304K) Class: 16900K(18560K)->16900K(18560K)
[2024-03-08T14:34:31.529+0000][7][gc          ] GC(532) Pause Young (Normal) (G1 Evacuation Pause) 714M->107M(1024M) 2.876ms
[2024-03-08T14:34:31.529+0000][7][gc,cpu      ] GC(532) User=0.02s Sys=0.00s Real=0.00s
[2024-03-08T14:34:31.529+0000][7][safepoint   ] Safepoint "G1CollectForAllocation", Time since last: 174009920862 ns, Reaching safepoint: 55764 ns, At safepoint: 2976517 ns, Total: 3032281 ns
[2024-03-08T14:36:21.546+0000][7][safepoint   ] Safepoint "Cleanup", Time since last: 110016683386 ns, Reaching safepoint: 79615 ns, At safepoint: 46518 ns, Total: 126133 ns
[2024-03-08T14:37:19.556+0000][7][gc,start    ] GC(533) Pause Young (Normal) (G1 Evacuation Pause)
[2024-03-08T14:37:19.556+0000][7][gc,task     ] GC(533) Using 8 workers of 8 for evacuation
[2024-03-08T14:37:19.556+0000][7][gc,age      ] GC(533) Desired survivor size 41943040 bytes, new threshold 15 (max threshold 15)
[2024-03-08T14:37:19.558+0000][7][gc,phases   ] GC(533)   Pre Evacuate Collection Set: 0.1ms
[2024-03-08T14:37:19.558+0000][7][gc,phases   ] GC(533)   Merge Heap Roots: 0.1ms
[2024-03-08T14:37:19.559+0000][7][gc,phases   ] GC(533)   Evacuate Collection Set: 1.4ms
[2024-03-08T14:37:19.559+0000][7][gc,phases   ] GC(533)   Post Evacuate Collection Set: 0.7ms
[2024-03-08T14:37:19.559+0000][7][gc,phases   ] GC(533)   Other: 0.1ms
[2024-03-08T14:37:19.559+0000][7][gc,age      ] GC(533) Age table with threshold 15 (max threshold 15)
[2024-03-08T14:37:19.559+0000][7][gc,age      ] GC(533) - age   1:    1619240 bytes,    1619240 total
[2024-03-08T14:37:19.559+0000][7][gc,age      ] GC(533) - age   2:      16192 bytes,    1635432 total
[2024-03-08T14:37:19.559+0000][7][gc,age      ] GC(533) - age   3:        376 bytes,    1635808 total
[2024-03-08T14:37:19.559+0000][7][gc,age      ] GC(533) - age   4:        576 bytes,    1636384 total
[2024-03-08T14:37:19.559+0000][7][gc,age      ] GC(533) - age   5:        184 bytes,    1636568 total
[2024-03-08T14:37:19.559+0000][7][gc,age      ] GC(533) - age   6:        544 bytes,    1637112 total
[2024-03-08T14:37:19.559+0000][7][gc,age      ] GC(533) - age   7:      93272 bytes,    1730384 total
[2024-03-08T14:37:19.559+0000][7][gc,age      ] GC(533) - age   8:         24 bytes,    1730408 total
[2024-03-08T14:37:19.559+0000][7][gc,age      ] GC(533) - age  10:        128 bytes,    1730536 total
[2024-03-08T14:37:19.559+0000][7][gc,age      ] GC(533) - age  11:     131088 bytes,    1861624 total
[2024-03-08T14:37:19.559+0000][7][gc,age      ] GC(533) - age  12:       1904 bytes,    1863528 total
[2024-03-08T14:37:19.559+0000][7][gc,age      ] GC(533) - age  13:       8016 bytes,    1871544 total
[2024-03-08T14:37:19.559+0000][7][gc,heap     ] GC(533) Eden regions: 152->0(152)
[2024-03-08T14:37:19.559+0000][7][gc,heap     ] GC(533) Survivor regions: 1->1(20)
[2024-03-08T14:37:19.559+0000][7][gc,heap     ] GC(533) Old regions: 26->26
[2024-03-08T14:37:19.559+0000][7][gc,heap     ] GC(533) Archive regions: 2->2
[2024-03-08T14:37:19.559+0000][7][gc,heap     ] GC(533) Humongous regions: 0->0
[2024-03-08T14:37:19.559+0000][7][gc,metaspace] GC(533) Metaspace: 129315K(132864K)->129315K(132864K) NonClass: 112415K(114304K)->112415K(114304K) Class: 16900K(18560K)->16900K(18560K)
[2024-03-08T14:37:19.559+0000][7][gc          ] GC(533) Pause Young (Normal) (G1 Evacuation Pause) 715M->107M(1024M) 2.503ms
[2024-03-08T14:37:19.559+0000][7][gc,cpu      ] GC(533) User=0.01s Sys=0.00s Real=0.00s
[2024-03-08T14:37:19.559+0000][7][safepoint   ] Safepoint "G1CollectForAllocation", Time since last: 58010495262 ns, Reaching safepoint: 74857 ns, At safepoint: 2583295 ns, Total: 2658152 ns
[2024-03-08T14:39:58.511+0000][7][gc,start    ] GC(534) Pause Young (Normal) (G1 Evacuation Pause)
[2024-03-08T14:39:58.511+0000][7][gc,task     ] GC(534) Using 8 workers of 8 for evacuation
[2024-03-08T14:39:58.511+0000][7][gc,age      ] GC(534) Desired survivor size 41943040 bytes, new threshold 15 (max threshold 15)
[2024-03-08T14:39:58.513+0000][7][gc,phases   ] GC(534)   Pre Evacuate Collection Set: 0.1ms
[2024-03-08T14:39:58.514+0000][7][gc,phases   ] GC(534)   Merge Heap Roots: 0.1ms
[2024-03-08T14:39:58.514+0000][7][gc,phases   ] GC(534)   Evacuate Collection Set: 1.3ms
[2024-03-08T14:39:58.514+0000][7][gc,phases   ] GC(534)   Post Evacuate Collection Set: 0.7ms
[2024-03-08T14:39:58.514+0000][7][gc,phases   ] GC(534)   Other: 0.1ms
[2024-03-08T14:39:58.514+0000][7][gc,age      ] GC(534) Age table with threshold 15 (max threshold 15)
[2024-03-08T14:39:58.514+0000][7][gc,age      ] GC(534) - age   1:     838336 bytes,     838336 total
[2024-03-08T14:39:58.514+0000][7][gc,age      ] GC(534) - age   2:     277552 bytes,    1115888 total
[2024-03-08T14:39:58.514+0000][7][gc,age      ] GC(534) - age   3:      14336 bytes,    1130224 total
[2024-03-08T14:39:58.514+0000][7][gc,age      ] GC(534) - age   4:        184 bytes,    1130408 total
[2024-03-08T14:39:58.514+0000][7][gc,age      ] GC(534) - age   5:        384 bytes,    1130792 total
[2024-03-08T14:39:58.514+0000][7][gc,age      ] GC(534) - age   7:        360 bytes,    1131152 total
[2024-03-08T14:39:58.514+0000][7][gc,age      ] GC(534) - age   8:      93272 bytes,    1224424 total
[2024-03-08T14:39:58.514+0000][7][gc,age      ] GC(534) - age   9:         24 bytes,    1224448 total
[2024-03-08T14:39:58.514+0000][7][gc,age      ] GC(534) - age  11:        128 bytes,    1224576 total
[2024-03-08T14:39:58.514+0000][7][gc,age      ] GC(534) - age  12:     131088 bytes,    1355664 total
[2024-03-08T14:39:58.514+0000][7][gc,age      ] GC(534) - age  13:       1904 bytes,    1357568 total
[2024-03-08T14:39:58.514+0000][7][gc,age      ] GC(534) - age  14:       8016 bytes,    1365584 total
[2024-03-08T14:39:58.514+0000][7][gc,heap     ] GC(534) Eden regions: 152->0(152)
[2024-03-08T14:39:58.514+0000][7][gc,heap     ] GC(534) Survivor regions: 1->1(20)
[2024-03-08T14:39:58.514+0000][7][gc,heap     ] GC(534) Old regions: 26->26
[2024-03-08T14:39:58.514+0000][7][gc,heap     ] GC(534) Archive regions: 2->2
[2024-03-08T14:39:58.514+0000][7][gc,heap     ] GC(534) Humongous regions: 0->0
[2024-03-08T14:39:58.514+0000][7][gc,metaspace] GC(534) Metaspace: 129315K(132864K)->129315K(132864K) NonClass: 112415K(114304K)->112415K(114304K) Class: 16900K(18560K)->16900K(18560K)
[2024-03-08T14:39:58.514+0000][7][gc          ] GC(534) Pause Young (Normal) (G1 Evacuation Pause) 715M->106M(1024M) 2.648ms
[2024-03-08T14:39:58.514+0000][7][gc,cpu      ] GC(534) User=0.02s Sys=0.00s Real=0.00s
[2024-03-08T14:39:58.514+0000][7][safepoint   ] Safepoint "G1CollectForAllocation", Time since last: 158952267356 ns, Reaching safepoint: 49658 ns, At safepoint: 2737851 ns, Total: 2787509 ns
[2024-03-08T14:42:08.002+0000][7][gc,start    ] GC(535) Pause Young (Normal) (G1 Evacuation Pause)
[2024-03-08T14:42:08.002+0000][7][gc,task     ] GC(535) Using 8 workers of 8 for evacuation
[2024-03-08T14:42:08.002+0000][7][gc,age      ] GC(535) Desired survivor size 41943040 bytes, new threshold 15 (max threshold 15)
[2024-03-08T14:42:08.005+0000][7][gc,phases   ] GC(535)   Pre Evacuate Collection Set: 0.1ms
[2024-03-08T14:42:08.005+0000][7][gc,phases   ] GC(535)   Merge Heap Roots: 0.1ms
[2024-03-08T14:42:08.005+0000][7][gc,phases   ] GC(535)   Evacuate Collection Set: 1.8ms
[2024-03-08T14:42:08.005+0000][7][gc,phases   ] GC(535)   Post Evacuate Collection Set: 0.7ms
[2024-03-08T14:42:08.005+0000][7][gc,phases   ] GC(535)   Other: 0.1ms
[2024-03-08T14:42:08.005+0000][7][gc,age      ] GC(535) Age table with threshold 15 (max threshold 15)
[2024-03-08T14:42:08.005+0000][7][gc,age      ] GC(535) - age   1:    1676856 bytes,    1676856 total
[2024-03-08T14:42:08.005+0000][7][gc,age      ] GC(535) - age   2:       6952 bytes,    1683808 total
[2024-03-08T14:42:08.005+0000][7][gc,age      ] GC(535) - age   3:     116456 bytes,    1800264 total
[2024-03-08T14:42:08.005+0000][7][gc,age      ] GC(535) - age   4:       4608 bytes,    1804872 total
[2024-03-08T14:42:08.005+0000][7][gc,age      ] GC(535) - age   5:        184 bytes,    1805056 total
[2024-03-08T14:42:08.005+0000][7][gc,age      ] GC(535) - age   6:        384 bytes,    1805440 total
[2024-03-08T14:42:08.005+0000][7][gc,age      ] GC(535) - age   8:        328 bytes,    1805768 total
[2024-03-08T14:42:08.005+0000][7][gc,age      ] GC(535) - age   9:      93272 bytes,    1899040 total
[2024-03-08T14:42:08.005+0000][7][gc,age      ] GC(535) - age  10:         24 bytes,    1899064 total
[2024-03-08T14:42:08.005+0000][7][gc,age      ] GC(535) - age  12:        128 bytes,    1899192 total
[2024-03-08T14:42:08.005+0000][7][gc,age      ] GC(535) - age  13:     131088 bytes,    2030280 total
[2024-03-08T14:42:08.005+0000][7][gc,age      ] GC(535) - age  14:       1904 bytes,    2032184 total
[2024-03-08T14:42:08.005+0000][7][gc,age      ] GC(535) - age  15:       8016 bytes,    2040200 total
[2024-03-08T14:42:08.005+0000][7][gc,heap     ] GC(535) Eden regions: 152->0(152)
[2024-03-08T14:42:08.005+0000][7][gc,heap     ] GC(535) Survivor regions: 1->1(20)
[2024-03-08T14:42:08.005+0000][7][gc,heap     ] GC(535) Old regions: 26->26
[2024-03-08T14:42:08.005+0000][7][gc,heap     ] GC(535) Archive regions: 2->2
[2024-03-08T14:42:08.005+0000][7][gc,heap     ] GC(535) Humongous regions: 0->0
[2024-03-08T14:42:08.005+0000][7][gc,metaspace] GC(535) Metaspace: 129315K(132864K)->129315K(132864K) NonClass: 112415K(114304K)->112415K(114304K) Class: 16900K(18560K)->16900K(18560K)
[2024-03-08T14:42:08.005+0000][7][gc          ] GC(535) Pause Young (Normal) (G1 Evacuation Pause) 714M->107M(1024M) 3.194ms
[2024-03-08T14:42:08.005+0000][7][gc,cpu      ] GC(535) User=0.02s Sys=0.00s Real=0.01s
[2024-03-08T14:42:08.005+0000][7][safepoint   ] Safepoint "G1CollectForAllocation", Time since last: 129488181602 ns, Reaching safepoint: 36387 ns, At safepoint: 3298692 ns, Total: 3335079 ns
[2024-03-08T14:44:10.673+0000][7][gc,start    ] GC(536) Pause Young (Normal) (G1 Evacuation Pause)
[2024-03-08T14:44:10.673+0000][7][gc,task     ] GC(536) Using 8 workers of 8 for evacuation
[2024-03-08T14:44:10.673+0000][7][gc,age      ] GC(536) Desired survivor size 41943040 bytes, new threshold 15 (max threshold 15)
[2024-03-08T14:44:10.675+0000][7][gc,phases   ] GC(536)   Pre Evacuate Collection Set: 0.1ms
[2024-03-08T14:44:10.675+0000][7][gc,phases   ] GC(536)   Merge Heap Roots: 0.1ms
[2024-03-08T14:44:10.675+0000][7][gc,phases   ] GC(536)   Evacuate Collection Set: 1.2ms
[2024-03-08T14:44:10.675+0000][7][gc,phases   ] GC(536)   Post Evacuate Collection Set: 0.6ms
[2024-03-08T14:44:10.675+0000][7][gc,phases   ] GC(536)   Other: 0.1ms
[2024-03-08T14:44:10.675+0000][7][gc,age      ] GC(536) Age table with threshold 15 (max threshold 15)
[2024-03-08T14:44:10.675+0000][7][gc,age      ] GC(536) - age   1:    2088760 bytes,    2088760 total
[2024-03-08T14:44:10.675+0000][7][gc,age      ] GC(536) - age   2:     153264 bytes,    2242024 total
[2024-03-08T14:44:10.675+0000][7][gc,age      ] GC(536) - age   3:       4376 bytes,    2246400 total
[2024-03-08T14:44:10.675+0000][7][gc,age      ] GC(536) - age   4:     116072 bytes,    2362472 total
[2024-03-08T14:44:10.675+0000][7][gc,age      ] GC(536) - age   5:        904 bytes,    2363376 total
[2024-03-08T14:44:10.675+0000][7][gc,age      ] GC(536) - age   6:        184 bytes,    2363560 total
[2024-03-08T14:44:10.675+0000][7][gc,age      ] GC(536) - age   7:        384 bytes,    2363944 total
[2024-03-08T14:44:10.675+0000][7][gc,age      ] GC(536) - age   9:        328 bytes,    2364272 total
[2024-03-08T14:44:10.675+0000][7][gc,age      ] GC(536) - age  10:      93272 bytes,    2457544 total
[2024-03-08T14:44:10.675+0000][7][gc,age      ] GC(536) - age  11:         24 bytes,    2457568 total
[2024-03-08T14:44:10.675+0000][7][gc,age      ] GC(536) - age  13:        128 bytes,    2457696 total
[2024-03-08T14:44:10.675+0000][7][gc,age      ] GC(536) - age  14:     131088 bytes,    2588784 total
[2024-03-08T14:44:10.675+0000][7][gc,age      ] GC(536) - age  15:       1904 bytes,    2590688 total
[2024-03-08T14:44:10.675+0000][7][gc,heap     ] GC(536) Eden regions: 152->0(152)
[2024-03-08T14:44:10.675+0000][7][gc,heap     ] GC(536) Survivor regions: 1->1(20)
[2024-03-08T14:44:10.675+0000][7][gc,heap     ] GC(536) Old regions: 26->26
[2024-03-08T14:44:10.675+0000][7][gc,heap     ] GC(536) Archive regions: 2->2
[2024-03-08T14:44:10.675+0000][7][gc,heap     ] GC(536) Humongous regions: 0->0
[2024-03-08T14:44:10.675+0000][7][gc,metaspace] GC(536) Metaspace: 129315K(132864K)->129315K(132864K) NonClass: 112415K(114304K)->112415K(114304K) Class: 16900K(18560K)->16900K(18560K)
[2024-03-08T14:44:10.675+0000][7][gc          ] GC(536) Pause Young (Normal) (G1 Evacuation Pause) 715M->108M(1024M) 2.158ms
[2024-03-08T14:44:10.675+0000][7][gc,cpu      ] GC(536) User=0.01s Sys=0.00s Real=0.00s
[2024-03-08T14:44:10.675+0000][7][safepoint   ] Safepoint "G1CollectForAllocation", Time since last: 122667879811 ns, Reaching safepoint: 30554 ns, At safepoint: 2223816 ns, Total: 2254370 ns
[2024-03-08T14:44:52.683+0000][7][safepoint   ] Safepoint "Cleanup", Time since last: 42007076869 ns, Reaching safepoint: 68985 ns, At safepoint: 33956 ns, Total: 102941 ns
[2024-03-08T14:46:37.590+0000][7][gc,start    ] GC(537) Pause Young (Normal) (G1 Evacuation Pause)
[2024-03-08T14:46:37.590+0000][7][gc,task     ] GC(537) Using 8 workers of 8 for evacuation
[2024-03-08T14:46:37.590+0000][7][gc,age      ] GC(537) Desired survivor size 41943040 bytes, new threshold 15 (max threshold 15)
[2024-03-08T14:46:37.592+0000][7][gc,phases   ] GC(537)   Pre Evacuate Collection Set: 0.1ms
[2024-03-08T14:46:37.592+0000][7][gc,phases   ] GC(537)   Merge Heap Roots: 0.1ms
[2024-03-08T14:46:37.592+0000][7][gc,phases   ] GC(537)   Evacuate Collection Set: 1.1ms
[2024-03-08T14:46:37.592+0000][7][gc,phases   ] GC(537)   Post Evacuate Collection Set: 0.6ms
[2024-03-08T14:46:37.592+0000][7][gc,phases   ] GC(537)   Other: 0.1ms
[2024-03-08T14:46:37.592+0000][7][gc,age      ] GC(537) Age table with threshold 15 (max threshold 15)
[2024-03-08T14:46:37.592+0000][7][gc,age      ] GC(537) - age   1:     591816 bytes,     591816 total
[2024-03-08T14:46:37.592+0000][7][gc,age      ] GC(537) - age   2:      61192 bytes,     653008 total
[2024-03-08T14:46:37.592+0000][7][gc,age      ] GC(537) - age   3:     150072 bytes,     803080 total
[2024-03-08T14:46:37.592+0000][7][gc,age      ] GC(537) - age   4:       4024 bytes,     807104 total
[2024-03-08T14:46:37.592+0000][7][gc,age      ] GC(537) - age   5:     107904 bytes,     915008 total
[2024-03-08T14:46:37.592+0000][7][gc,age      ] GC(537) - age   6:        656 bytes,     915664 total
[2024-03-08T14:46:37.592+0000][7][gc,age      ] GC(537) - age   7:        184 bytes,     915848 total
[2024-03-08T14:46:37.592+0000][7][gc,age      ] GC(537) - age   8:        384 bytes,     916232 total
[2024-03-08T14:46:37.592+0000][7][gc,age      ] GC(537) - age  10:        328 bytes,     916560 total
[2024-03-08T14:46:37.592+0000][7][gc,age      ] GC(537) - age  11:      93272 bytes,    1009832 total
[2024-03-08T14:46:37.592+0000][7][gc,age      ] GC(537) - age  12:         24 bytes,    1009856 total
[2024-03-08T14:46:37.592+0000][7][gc,age      ] GC(537) - age  14:        128 bytes,    1009984 total
[2024-03-08T14:46:37.592+0000][7][gc,age      ] GC(537) - age  15:     131088 bytes,    1141072 total
[2024-03-08T14:46:37.592+0000][7][gc,heap     ] GC(537) Eden regions: 152->0(152)
[2024-03-08T14:46:37.592+0000][7][gc,heap     ] GC(537) Survivor regions: 1->1(20)
[2024-03-08T14:46:37.592+0000][7][gc,heap     ] GC(537) Old regions: 26->26
[2024-03-08T14:46:37.592+0000][7][gc,heap     ] GC(537) Archive regions: 2->2
[2024-03-08T14:46:37.592+0000][7][gc,heap     ] GC(537) Humongous regions: 0->0
[2024-03-08T14:46:37.592+0000][7][gc,metaspace] GC(537) Metaspace: 129315K(132864K)->129315K(132864K) NonClass: 112415K(114304K)->112415K(114304K) Class: 16900K(18560K)->16900K(18560K)
[2024-03-08T14:46:37.592+0000][7][gc          ] GC(537) Pause Young (Normal) (G1 Evacuation Pause) 716M->106M(1024M) 2.265ms
[2024-03-08T14:46:37.592+0000][7][gc,cpu      ] GC(537) User=0.01s Sys=0.00s Real=0.01s
[2024-03-08T14:46:37.592+0000][7][safepoint   ] Safepoint "G1CollectForAllocation", Time since last: 104907475374 ns, Reaching safepoint: 50020 ns, At safepoint: 2344313 ns, Total: 2394333 ns
[2024-03-08T14:49:37.600+0000][7][gc,start    ] GC(538) Pause Young (Normal) (G1 Evacuation Pause)
[2024-03-08T14:49:37.600+0000][7][gc,task     ] GC(538) Using 8 workers of 8 for evacuation
[2024-03-08T14:49:37.600+0000][7][gc,age      ] GC(538) Desired survivor size 41943040 bytes, new threshold 15 (max threshold 15)
[2024-03-08T14:49:37.602+0000][7][gc,phases   ] GC(538)   Pre Evacuate Collection Set: 0.1ms
[2024-03-08T14:49:37.602+0000][7][gc,phases   ] GC(538)   Merge Heap Roots: 0.1ms
[2024-03-08T14:49:37.602+0000][7][gc,phases   ] GC(538)   Evacuate Collection Set: 1.5ms
[2024-03-08T14:49:37.602+0000][7][gc,phases   ] GC(538)   Post Evacuate Collection Set: 0.6ms
[2024-03-08T14:49:37.602+0000][7][gc,phases   ] GC(538)   Other: 0.1ms
[2024-03-08T14:49:37.602+0000][7][gc,age      ] GC(538) Age table with threshold 15 (max threshold 15)
[2024-03-08T14:49:37.602+0000][7][gc,age      ] GC(538) - age   1:    1549792 bytes,    1549792 total
[2024-03-08T14:49:37.602+0000][7][gc,age      ] GC(538) - age   2:      16912 bytes,    1566704 total
[2024-03-08T14:49:37.602+0000][7][gc,age      ] GC(538) - age   3:      59040 bytes,    1625744 total
[2024-03-08T14:49:37.602+0000][7][gc,age      ] GC(538) - age   4:     149632 bytes,    1775376 total
[2024-03-08T14:49:37.602+0000][7][gc,age      ] GC(538) - age   5:       3448 bytes,    1778824 total
[2024-03-08T14:49:37.602+0000][7][gc,age      ] GC(538) - age   6:     107904 bytes,    1886728 total
[2024-03-08T14:49:37.602+0000][7][gc,age      ] GC(538) - age   7:        264 bytes,    1886992 total
[2024-03-08T14:49:37.602+0000][7][gc,age      ] GC(538) - age   8:        184 bytes,    1887176 total
[2024-03-08T14:49:37.602+0000][7][gc,age      ] GC(538) - age  11:        328 bytes,    1887504 total
[2024-03-08T14:49:37.602+0000][7][gc,age      ] GC(538) - age  12:      93272 bytes,    1980776 total
[2024-03-08T14:49:37.602+0000][7][gc,age      ] GC(538) - age  13:         24 bytes,    1980800 total
[2024-03-08T14:49:37.602+0000][7][gc,age      ] GC(538) - age  15:        128 bytes,    1980928 total
[2024-03-08T14:49:37.602+0000][7][gc,heap     ] GC(538) Eden regions: 152->0(152)
[2024-03-08T14:49:37.602+0000][7][gc,heap     ] GC(538) Survivor regions: 1->1(20)
[2024-03-08T14:49:37.602+0000][7][gc,heap     ] GC(538) Old regions: 26->26
[2024-03-08T14:49:37.602+0000][7][gc,heap     ] GC(538) Archive regions: 2->2
[2024-03-08T14:49:37.602+0000][7][gc,heap     ] GC(538) Humongous regions: 0->0
[2024-03-08T14:49:37.602+0000][7][gc,metaspace] GC(538) Metaspace: 129315K(132864K)->129315K(132864K) NonClass: 112415K(114304K)->112415K(114304K) Class: 16900K(18560K)->16900K(18560K)
[2024-03-08T14:49:37.602+0000][7][gc          ] GC(538) Pause Young (Normal) (G1 Evacuation Pause) 714M->107M(1024M) 2.690ms
[2024-03-08T14:49:37.602+0000][7][gc,cpu      ] GC(538) User=0.01s Sys=0.01s Real=0.01s
[2024-03-08T14:49:37.602+0000][7][safepoint   ] Safepoint "G1CollectForAllocation", Time since last: 180007136131 ns, Reaching safepoint: 60406 ns, At safepoint: 2773705 ns, Total: 2834111 ns
[2024-03-08T14:52:20.055+0000][7][gc,start    ] GC(539) Pause Young (Normal) (G1 Evacuation Pause)
[2024-03-08T14:52:20.055+0000][7][gc,task     ] GC(539) Using 8 workers of 8 for evacuation
[2024-03-08T14:52:20.055+0000][7][gc,age      ] GC(539) Desired survivor size 41943040 bytes, new threshold 15 (max threshold 15)
[2024-03-08T14:52:20.058+0000][7][gc,phases   ] GC(539)   Pre Evacuate Collection Set: 0.1ms
[2024-03-08T14:52:20.058+0000][7][gc,phases   ] GC(539)   Merge Heap Roots: 0.1ms
[2024-03-08T14:52:20.058+0000][7][gc,phases   ] GC(539)   Evacuate Collection Set: 1.8ms
[2024-03-08T14:52:20.058+0000][7][gc,phases   ] GC(539)   Post Evacuate Collection Set: 0.8ms
[2024-03-08T14:52:20.058+0000][7][gc,phases   ] GC(539)   Other: 0.1ms
[2024-03-08T14:52:20.058+0000][7][gc,age      ] GC(539) Age table with threshold 15 (max threshold 15)
[2024-03-08T14:52:20.058+0000][7][gc,age      ] GC(539) - age   1:     920152 bytes,     920152 total
[2024-03-08T14:52:20.058+0000][7][gc,age      ] GC(539) - age   2:       5904 bytes,     926056 total
[2024-03-08T14:52:20.058+0000][7][gc,age      ] GC(539) - age   3:       6704 bytes,     932760 total
[2024-03-08T14:52:20.058+0000][7][gc,age      ] GC(539) - age   4:      58488 bytes,     991248 total
[2024-03-08T14:52:20.058+0000][7][gc,age      ] GC(539) - age   5:     148672 bytes,    1139920 total
[2024-03-08T14:52:20.058+0000][7][gc,age      ] GC(539) - age   6:       3200 bytes,    1143120 total
[2024-03-08T14:52:20.058+0000][7][gc,age      ] GC(539) - age   7:     107872 bytes,    1250992 total
[2024-03-08T14:52:20.058+0000][7][gc,age      ] GC(539) - age   8:        232 bytes,    1251224 total
[2024-03-08T14:52:20.058+0000][7][gc,age      ] GC(539) - age   9:        184 bytes,    1251408 total
[2024-03-08T14:52:20.058+0000][7][gc,age      ] GC(539) - age  12:        328 bytes,    1251736 total
[2024-03-08T14:52:20.058+0000][7][gc,age      ] GC(539) - age  13:      93272 bytes,    1345008 total
[2024-03-08T14:52:20.058+0000][7][gc,heap     ] GC(539) Eden regions: 152->0(152)
[2024-03-08T14:52:20.058+0000][7][gc,heap     ] GC(539) Survivor regions: 1->1(20)
[2024-03-08T14:52:20.058+0000][7][gc,heap     ] GC(539) Old regions: 26->26
[2024-03-08T14:52:20.058+0000][7][gc,heap     ] GC(539) Archive regions: 2->2
[2024-03-08T14:52:20.058+0000][7][gc,heap     ] GC(539) Humongous regions: 0->0
[2024-03-08T14:52:20.058+0000][7][gc,metaspace] GC(539) Metaspace: 129315K(132864K)->129315K(132864K) NonClass: 112415K(114304K)->112415K(114304K) Class: 16900K(18560K)->16900K(18560K)
[2024-03-08T14:52:20.058+0000][7][gc          ] GC(539) Pause Young (Normal) (G1 Evacuation Pause) 715M->107M(1024M) 3.240ms
[2024-03-08T14:52:20.058+0000][7][gc,cpu      ] GC(539) User=0.01s Sys=0.00s Real=0.00s
[2024-03-08T14:52:20.058+0000][7][safepoint   ] Safepoint "G1CollectForAllocation", Time since last: 162452338864 ns, Reaching safepoint: 103180 ns, At safepoint: 3356555 ns, Total: 3459735 ns
[2024-03-08T14:55:01.547+0000][7][gc,start    ] GC(540) Pause Young (Normal) (G1 Evacuation Pause)
[2024-03-08T14:55:01.547+0000][7][gc,task     ] GC(540) Using 8 workers of 8 for evacuation
[2024-03-08T14:55:01.547+0000][7][gc,age      ] GC(540) Desired survivor size 41943040 bytes, new threshold 15 (max threshold 15)
[2024-03-08T14:55:01.549+0000][7][gc,phases   ] GC(540)   Pre Evacuate Collection Set: 0.1ms
[2024-03-08T14:55:01.549+0000][7][gc,phases   ] GC(540)   Merge Heap Roots: 0.1ms
[2024-03-08T14:55:01.549+0000][7][gc,phases   ] GC(540)   Evacuate Collection Set: 1.5ms
[2024-03-08T14:55:01.549+0000][7][gc,phases   ] GC(540)   Post Evacuate Collection Set: 0.9ms
[2024-03-08T14:55:01.549+0000][7][gc,phases   ] GC(540)   Other: 0.1ms
[2024-03-08T14:55:01.549+0000][7][gc,age      ] GC(540) Age table with threshold 15 (max threshold 15)
[2024-03-08T14:55:01.549+0000][7][gc,age      ] GC(540) - age   1:     470904 bytes,     470904 total
[2024-03-08T14:55:01.549+0000][7][gc,age      ] GC(540) - age   2:      17304 bytes,     488208 total
[2024-03-08T14:55:01.549+0000][7][gc,age      ] GC(540) - age   3:       1408 bytes,     489616 total
[2024-03-08T14:55:01.549+0000][7][gc,age      ] GC(540) - age   4:       6448 bytes,     496064 total
[2024-03-08T14:55:01.550+0000][7][gc,age      ] GC(540) - age   5:      54904 bytes,     550968 total
[2024-03-08T14:55:01.550+0000][7][gc,age      ] GC(540) - age   6:     148672 bytes,     699640 total
[2024-03-08T14:55:01.550+0000][7][gc,age      ] GC(540) - age   7:       3200 bytes,     702840 total
[2024-03-08T14:55:01.550+0000][7][gc,age      ] GC(540) - age   8:     107872 bytes,     810712 total
[2024-03-08T14:55:01.550+0000][7][gc,age      ] GC(540) - age   9:        232 bytes,     810944 total
[2024-03-08T14:55:01.550+0000][7][gc,age      ] GC(540) - age  10:        184 bytes,     811128 total
[2024-03-08T14:55:01.550+0000][7][gc,age      ] GC(540) - age  13:        328 bytes,     811456 total
[2024-03-08T14:55:01.550+0000][7][gc,age      ] GC(540) - age  14:      93272 bytes,     904728 total
[2024-03-08T14:55:01.550+0000][7][gc,heap     ] GC(540) Eden regions: 152->0(152)
[2024-03-08T14:55:01.550+0000][7][gc,heap     ] GC(540) Survivor regions: 1->1(20)
[2024-03-08T14:55:01.550+0000][7][gc,heap     ] GC(540) Old regions: 26->26
[2024-03-08T14:55:01.550+0000][7][gc,heap     ] GC(540) Archive regions: 2->2
[2024-03-08T14:55:01.550+0000][7][gc,heap     ] GC(540) Humongous regions: 0->0
[2024-03-08T14:55:01.550+0000][7][gc,metaspace] GC(540) Metaspace: 129315K(132864K)->129315K(132864K) NonClass: 112415K(114304K)->112415K(114304K) Class: 16900K(18560K)->16900K(18560K)
[2024-03-08T14:55:01.550+0000][7][gc          ] GC(540) Pause Young (Normal) (G1 Evacuation Pause) 715M->106M(1024M) 3.113ms
[2024-03-08T14:55:01.550+0000][7][gc,cpu      ] GC(540) User=0.01s Sys=0.00s Real=0.00s
[2024-03-08T14:55:01.550+0000][7][safepoint   ] Safepoint "G1CollectForAllocation", Time since last: 161488204366 ns, Reaching safepoint: 77126 ns, At safepoint: 3210745 ns, Total: 3287871 ns
[2024-03-08T14:57:49.680+0000][7][gc,start    ] GC(541) Pause Young (Normal) (G1 Evacuation Pause)
[2024-03-08T14:57:49.680+0000][7][gc,task     ] GC(541) Using 8 workers of 8 for evacuation
[2024-03-08T14:57:49.680+0000][7][gc,age      ] GC(541) Desired survivor size 41943040 bytes, new threshold 15 (max threshold 15)
[2024-03-08T14:57:49.682+0000][7][gc,phases   ] GC(541)   Pre Evacuate Collection Set: 0.1ms
[2024-03-08T14:57:49.682+0000][7][gc,phases   ] GC(541)   Merge Heap Roots: 0.0ms
[2024-03-08T14:57:49.682+0000][7][gc,phases   ] GC(541)   Evacuate Collection Set: 1.2ms
[2024-03-08T14:57:49.682+0000][7][gc,phases   ] GC(541)   Post Evacuate Collection Set: 0.5ms
[2024-03-08T14:57:49.682+0000][7][gc,phases   ] GC(541)   Other: 0.1ms
[2024-03-08T14:57:49.682+0000][7][gc,age      ] GC(541) Age table with threshold 15 (max threshold 15)
[2024-03-08T14:57:49.682+0000][7][gc,age      ] GC(541) - age   1:    2078864 bytes,    2078864 total
[2024-03-08T14:57:49.682+0000][7][gc,age      ] GC(541) - age   2:      14784 bytes,    2093648 total
[2024-03-08T14:57:49.682+0000][7][gc,age      ] GC(541) - age   3:      15224 bytes,    2108872 total
[2024-03-08T14:57:49.682+0000][7][gc,age      ] GC(541) - age   4:       1216 bytes,    2110088 total
[2024-03-08T14:57:49.682+0000][7][gc,age      ] GC(541) - age   5:       6448 bytes,    2116536 total
[2024-03-08T14:57:49.682+0000][7][gc,age      ] GC(541) - age   6:      54904 bytes,    2171440 total
[2024-03-08T14:57:49.682+0000][7][gc,age      ] GC(541) - age   7:     148672 bytes,    2320112 total
[2024-03-08T14:57:49.682+0000][7][gc,age      ] GC(541) - age   8:       3200 bytes,    2323312 total
[2024-03-08T14:57:49.682+0000][7][gc,age      ] GC(541) - age   9:     107688 bytes,    2431000 total
[2024-03-08T14:57:49.682+0000][7][gc,age      ] GC(541) - age  10:        232 bytes,    2431232 total
[2024-03-08T14:57:49.682+0000][7][gc,age      ] GC(541) - age  11:        184 bytes,    2431416 total
[2024-03-08T14:57:49.682+0000][7][gc,age      ] GC(541) - age  14:        328 bytes,    2431744 total
[2024-03-08T14:57:49.682+0000][7][gc,age      ] GC(541) - age  15:      93272 bytes,    2525016 total
[2024-03-08T14:57:49.682+0000][7][gc,heap     ] GC(541) Eden regions: 152->0(152)
[2024-03-08T14:57:49.682+0000][7][gc,heap     ] GC(541) Survivor regions: 1->1(20)
[2024-03-08T14:57:49.682+0000][7][gc,heap     ] GC(541) Old regions: 26->26
[2024-03-08T14:57:49.682+0000][7][gc,heap     ] GC(541) Archive regions: 2->2
[2024-03-08T14:57:49.682+0000][7][gc,heap     ] GC(541) Humongous regions: 0->0
[2024-03-08T14:57:49.682+0000][7][gc,metaspace] GC(541) Metaspace: 129315K(132864K)->129315K(132864K) NonClass: 112415K(114304K)->112415K(114304K) Class: 16900K(18560K)->16900K(18560K)
[2024-03-08T14:57:49.682+0000][7][gc          ] GC(541) Pause Young (Normal) (G1 Evacuation Pause) 714M->108M(1024M) 2.086ms
[2024-03-08T14:57:49.682+0000][7][gc,cpu      ] GC(541) User=0.01s Sys=0.00s Real=0.00s
[2024-03-08T14:57:49.682+0000][7][safepoint   ] Safepoint "G1CollectForAllocation", Time since last: 168129842616 ns, Reaching safepoint: 48922 ns, At safepoint: 2152086 ns, Total: 2201008 ns
[2024-03-08T14:58:44.690+0000][7][safepoint   ] Safepoint "Cleanup", Time since last: 55008301607 ns, Reaching safepoint: 91560 ns, At safepoint: 44186 ns, Total: 135746 ns
[2024-03-08T15:00:42.645+0000][7][gc,start    ] GC(542) Pause Young (Normal) (G1 Evacuation Pause)
[2024-03-08T15:00:42.645+0000][7][gc,task     ] GC(542) Using 8 workers of 8 for evacuation
[2024-03-08T15:00:42.645+0000][7][gc,age      ] GC(542) Desired survivor size 41943040 bytes, new threshold 15 (max threshold 15)
[2024-03-08T15:00:42.649+0000][7][gc,phases   ] GC(542)   Pre Evacuate Collection Set: 0.1ms
[2024-03-08T15:00:42.649+0000][7][gc,phases   ] GC(542)   Merge Heap Roots: 0.1ms
[2024-03-08T15:00:42.649+0000][7][gc,phases   ] GC(542)   Evacuate Collection Set: 1.8ms
[2024-03-08T15:00:42.649+0000][7][gc,phases   ] GC(542)   Post Evacuate Collection Set: 1.0ms
[2024-03-08T15:00:42.649+0000][7][gc,phases   ] GC(542)   Other: 0.1ms
[2024-03-08T15:00:42.649+0000][7][gc,age      ] GC(542) Age table with threshold 15 (max threshold 15)
[2024-03-08T15:00:42.649+0000][7][gc,age      ] GC(542) - age   1:     858712 bytes,     858712 total
[2024-03-08T15:00:42.649+0000][7][gc,age      ] GC(542) - age   2:       3616 bytes,     862328 total
[2024-03-08T15:00:42.649+0000][7][gc,age      ] GC(542) - age   3:       4048 bytes,     866376 total
[2024-03-08T15:00:42.649+0000][7][gc,age      ] GC(542) - age   4:      14968 bytes,     881344 total
[2024-03-08T15:00:42.649+0000][7][gc,age      ] GC(542) - age   5:        776 bytes,     882120 total
[2024-03-08T15:00:42.649+0000][7][gc,age      ] GC(542) - age   6:       6448 bytes,     888568 total
[2024-03-08T15:00:42.649+0000][7][gc,age      ] GC(542) - age   7:      54904 bytes,     943472 total
[2024-03-08T15:00:42.649+0000][7][gc,age      ] GC(542) - age   8:     148672 bytes,    1092144 total
[2024-03-08T15:00:42.649+0000][7][gc,age      ] GC(542) - age   9:       3200 bytes,    1095344 total
[2024-03-08T15:00:42.649+0000][7][gc,age      ] GC(542) - age  10:     107688 bytes,    1203032 total
[2024-03-08T15:00:42.649+0000][7][gc,age      ] GC(542) - age  11:        232 bytes,    1203264 total
[2024-03-08T15:00:42.649+0000][7][gc,age      ] GC(542) - age  12:        184 bytes,    1203448 total
[2024-03-08T15:00:42.649+0000][7][gc,age      ] GC(542) - age  15:        328 bytes,    1203776 total
[2024-03-08T15:00:42.649+0000][7][gc,heap     ] GC(542) Eden regions: 152->0(152)
[2024-03-08T15:00:42.649+0000][7][gc,heap     ] GC(542) Survivor regions: 1->1(20)
[2024-03-08T15:00:42.649+0000][7][gc,heap     ] GC(542) Old regions: 26->26
[2024-03-08T15:00:42.649+0000][7][gc,heap     ] GC(542) Archive regions: 2->2
[2024-03-08T15:00:42.649+0000][7][gc,heap     ] GC(542) Humongous regions: 0->0
[2024-03-08T15:00:42.649+0000][7][gc,metaspace] GC(542) Metaspace: 129315K(132864K)->129315K(132864K) NonClass: 112415K(114304K)->112415K(114304K) Class: 16900K(18560K)->16900K(18560K)
[2024-03-08T15:00:42.649+0000][7][gc          ] GC(542) Pause Young (Normal) (G1 Evacuation Pause) 716M->107M(1024M) 3.547ms
[2024-03-08T15:00:42.649+0000][7][gc,cpu      ] GC(542) User=0.02s Sys=0.00s Real=0.00s
[2024-03-08T15:00:42.649+0000][7][safepoint   ] Safepoint "G1CollectForAllocation", Time since last: 117955086599 ns, Reaching safepoint: 69575 ns, At safepoint: 3657787 ns, Total: 3727362 ns
[2024-03-08T15:01:18.654+0000][7][safepoint   ] Safepoint "Cleanup", Time since last: 36004569032 ns, Reaching safepoint: 84868 ns, At safepoint: 41770 ns, Total: 126638 ns
[2024-03-08T15:03:22.635+0000][7][gc,start    ] GC(543) Pause Young (Normal) (G1 Evacuation Pause)
[2024-03-08T15:03:22.635+0000][7][gc,task     ] GC(543) Using 8 workers of 8 for evacuation
[2024-03-08T15:03:22.635+0000][7][gc,age      ] GC(543) Desired survivor size 41943040 bytes, new threshold 15 (max threshold 15)
[2024-03-08T15:03:22.637+0000][7][gc,phases   ] GC(543)   Pre Evacuate Collection Set: 0.1ms
[2024-03-08T15:03:22.637+0000][7][gc,phases   ] GC(543)   Merge Heap Roots: 0.1ms
[2024-03-08T15:03:22.637+0000][7][gc,phases   ] GC(543)   Evacuate Collection Set: 1.0ms
[2024-03-08T15:03:22.637+0000][7][gc,phases   ] GC(543)   Post Evacuate Collection Set: 0.6ms
[2024-03-08T15:03:22.637+0000][7][gc,phases   ] GC(543)   Other: 0.1ms
[2024-03-08T15:03:22.637+0000][7][gc,age      ] GC(543) Age table with threshold 15 (max threshold 15)
[2024-03-08T15:03:22.637+0000][7][gc,age      ] GC(543) - age   1:     377056 bytes,     377056 total
[2024-03-08T15:03:22.637+0000][7][gc,age      ] GC(543) - age   2:       4440 bytes,     381496 total
[2024-03-08T15:03:22.637+0000][7][gc,age      ] GC(543) - age   3:       1344 bytes,     382840 total
[2024-03-08T15:03:22.637+0000][7][gc,age      ] GC(543) - age   4:       3792 bytes,     386632 total
[2024-03-08T15:03:22.637+0000][7][gc,age      ] GC(543) - age   5:      14280 bytes,     400912 total
[2024-03-08T15:03:22.637+0000][7][gc,age      ] GC(543) - age   6:        776 bytes,     401688 total
[2024-03-08T15:03:22.637+0000][7][gc,age      ] GC(543) - age   7:       6448 bytes,     408136 total
[2024-03-08T15:03:22.637+0000][7][gc,age      ] GC(543) - age   8:      54904 bytes,     463040 total
[2024-03-08T15:03:22.637+0000][7][gc,age      ] GC(543) - age   9:     148640 bytes,     611680 total
[2024-03-08T15:03:22.637+0000][7][gc,age      ] GC(543) - age  10:       3200 bytes,     614880 total
[2024-03-08T15:03:22.637+0000][7][gc,age      ] GC(543) - age  11:     107688 bytes,     722568 total
[2024-03-08T15:03:22.637+0000][7][gc,age      ] GC(543) - age  12:        232 bytes,     722800 total
[2024-03-08T15:03:22.637+0000][7][gc,age      ] GC(543) - age  13:        184 bytes,     722984 total
[2024-03-08T15:03:22.637+0000][7][gc,heap     ] GC(543) Eden regions: 152->0(152)
[2024-03-08T15:03:22.637+0000][7][gc,heap     ] GC(543) Survivor regions: 1->1(20)
[2024-03-08T15:03:22.637+0000][7][gc,heap     ] GC(543) Old regions: 26->26
[2024-03-08T15:03:22.637+0000][7][gc,heap     ] GC(543) Archive regions: 2->2
[2024-03-08T15:03:22.637+0000][7][gc,heap     ] GC(543) Humongous regions: 0->0
[2024-03-08T15:03:22.637+0000][7][gc,metaspace] GC(543) Metaspace: 129315K(132864K)->129315K(132864K) NonClass: 112415K(114304K)->112415K(114304K) Class: 16900K(18560K)->16900K(18560K)
[2024-03-08T15:03:22.637+0000][7][gc          ] GC(543) Pause Young (Normal) (G1 Evacuation Pause) 715M->106M(1024M) 2.170ms
[2024-03-08T15:03:22.637+0000][7][gc,cpu      ] GC(543) User=0.01s Sys=0.00s Real=0.00s
[2024-03-08T15:03:22.637+0000][7][safepoint   ] Safepoint "G1CollectForAllocation", Time since last: 123981055688 ns, Reaching safepoint: 51259 ns, At safepoint: 2265629 ns, Total: 2316888 ns
[2024-03-08T16:06:05.810+0000][7][safepoint   ] Safepoint "Cleanup", Time since last: 98965879308 ns, Reaching safepoint: 164171 ns, At safepoint: 41053 ns, Total: 205224 ns
[2024-03-09T09:03:40.463+0000][7][safepoint   ] Safepoint "Cleanup", Time since last: 34473500235 ns, Reaching safepoint: 60006 ns, At safepoint: 4383 ns, Total: 64389 ns
[2024-03-09T09:03:43.463+0000][7][safepoint   ] Safepoint "Cleanup", Time since last: 3000329247 ns, Reaching safepoint: 83944 ns, At safepoint: 3870 ns, Total: 87814 ns
[2024-03-09T09:03:46.079+0000][7][gc,start    ] GC(544) Pause Young (Normal) (G1 Evacuation Pause)
[2024-03-09T09:03:46.079+0000][7][gc,task     ] GC(544) Using 8 workers of 8 for evacuation
[2024-03-09T09:03:46.079+0000][7][gc,age      ] GC(544) Desired survivor size 41943040 bytes, new threshold 15 (max threshold 15)
[2024-03-09T09:03:46.081+0000][7][gc,phases   ] GC(544)   Pre Evacuate Collection Set: 0.1ms
[2024-03-09T09:03:46.081+0000][7][gc,phases   ] GC(544)   Merge Heap Roots: 0.1ms
[2024-03-09T09:03:46.081+0000][7][gc,phases   ] GC(544)   Evacuate Collection Set: 1.2ms
[2024-03-09T09:03:46.081+0000][7][gc,phases   ] GC(544)   Post Evacuate Collection Set: 0.6ms
[2024-03-09T09:03:46.081+0000][7][gc,phases   ] GC(544)   Other: 0.1ms
[2024-03-09T09:03:46.081+0000][7][gc,age      ] GC(544) Age table with threshold 15 (max threshold 15)
[2024-03-09T09:03:46.081+0000][7][gc,age      ] GC(544) - age   1:    2299432 bytes,    2299432 total
[2024-03-09T09:03:46.081+0000][7][gc,age      ] GC(544) - age   2:      12224 bytes,    2311656 total
[2024-03-09T09:03:46.081+0000][7][gc,age      ] GC(544) - age   3:       1336 bytes,    2312992 total
[2024-03-09T09:03:46.081+0000][7][gc,age      ] GC(544) - age   4:        344 bytes,    2313336 total
[2024-03-09T09:03:46.081+0000][7][gc,age      ] GC(544) - age   5:        272 bytes,    2313608 total
[2024-03-09T09:03:46.081+0000][7][gc,age      ] GC(544) - age   6:         32 bytes,    2313640 total
[2024-03-09T09:03:46.081+0000][7][gc,age      ] GC(544) - age   9:        248 bytes,    2313888 total
[2024-03-09T09:03:46.081+0000][7][gc,age      ] GC(544) - age  10:      22488 bytes,    2336376 total
[2024-03-09T09:03:46.081+0000][7][gc,age      ] GC(544) - age  11:       3200 bytes,    2339576 total
[2024-03-09T09:03:46.081+0000][7][gc,age      ] GC(544) - age  12:      94440 bytes,    2434016 total
[2024-03-09T09:03:46.081+0000][7][gc,age      ] GC(544) - age  13:        232 bytes,    2434248 total
[2024-03-09T09:03:46.081+0000][7][gc,age      ] GC(544) - age  14:        184 bytes,    2434432 total
[2024-03-09T09:03:46.081+0000][7][gc,heap     ] GC(544) Eden regions: 152->0(152)
[2024-03-09T09:03:46.081+0000][7][gc,heap     ] GC(544) Survivor regions: 1->1(20)
[2024-03-09T09:03:46.081+0000][7][gc,heap     ] GC(544) Old regions: 26->26
[2024-03-09T09:03:46.081+0000][7][gc,heap     ] GC(544) Archive regions: 2->2
[2024-03-09T09:03:46.081+0000][7][gc,heap     ] GC(544) Humongous regions: 0->0
[2024-03-09T09:03:46.081+0000][7][gc,metaspace] GC(544) Metaspace: 129329K(132864K)->129329K(132864K) NonClass: 112429K(114304K)->112429K(114304K) Class: 16900K(18560K)->16900K(18560K)
[2024-03-09T09:03:46.081+0000][7][gc          ] GC(544) Pause Young (Normal) (G1 Evacuation Pause) 714M->108M(1024M) 2.159ms
[2024-03-09T09:03:46.081+0000][7][gc,cpu      ] GC(544) User=0.01s Sys=0.00s Real=0.00s
[2024-03-09T09:03:46.081+0000][7][safepoint   ] Safepoint "G1CollectForAllocation", Time since last: 2615301841 ns, Reaching safepoint: 51415 ns, At safepoint: 2228044 ns, Total: 2279459 ns
[2024-03-09T09:03:47.081+0000][7][safepoint   ] Safepoint "Cleanup", Time since last: 1000091728 ns, Reaching safepoint: 47477 ns, At safepoint: 3849 ns, Total: 51326 ns
[2024-03-10T13:38:11.465+0000][7][safepoint   ] Safepoint "Cleanup", Time since last: 53719186565 ns, Reaching safepoint: 43993 ns, At safepoint: 4326 ns, Total: 48319 ns
[2024-03-10T13:38:12.465+0000][7][safepoint   ] Safepoint "Cleanup", Time since last: 1000117896 ns, Reaching safepoint: 45929 ns, At safepoint: 12177 ns, Total: 58106 ns
[2024-03-10T13:38:14.465+0000][7][safepoint   ] Safepoint "Cleanup", Time since last: 2000171029 ns, Reaching safepoint: 129266 ns, At safepoint: 4625 ns, Total: 133891 ns
[2024-03-10T13:38:17.466+0000][7][safepoint   ] Safepoint "Cleanup", Time since last: 3000257411 ns, Reaching safepoint: 50657 ns, At safepoint: 4121 ns, Total: 54778 ns
[2024-03-10T13:38:23.466+0000][7][safepoint   ] Safepoint "Cleanup", Time since last: 6000503156 ns, Reaching safepoint: 72760 ns, At safepoint: 12149 ns, Total: 84909 ns
[2024-03-10T13:38:32.467+0000][7][safepoint   ] Safepoint "Cleanup", Time since last: 9000661340 ns, Reaching safepoint: 95671 ns, At safepoint: 15570 ns, Total: 111241 ns
[2024-03-10T13:39:40.881+0000][7][gc,start    ] GC(545) Pause Young (Normal) (G1 Evacuation Pause)
[2024-03-10T13:39:40.881+0000][7][gc,task     ] GC(545) Using 8 workers of 8 for evacuation
[2024-03-10T13:39:40.881+0000][7][gc,age      ] GC(545) Desired survivor size 41943040 bytes, new threshold 15 (max threshold 15)
[2024-03-10T13:39:40.883+0000][7][gc,phases   ] GC(545)   Pre Evacuate Collection Set: 0.1ms
[2024-03-10T13:39:40.883+0000][7][gc,phases   ] GC(545)   Merge Heap Roots: 0.0ms
[2024-03-10T13:39:40.883+0000][7][gc,phases   ] GC(545)   Evacuate Collection Set: 1.2ms
[2024-03-10T13:39:40.883+0000][7][gc,phases   ] GC(545)   Post Evacuate Collection Set: 0.6ms
[2024-03-10T13:39:40.883+0000][7][gc,phases   ] GC(545)   Other: 0.1ms
[2024-03-10T13:39:40.883+0000][7][gc,age      ] GC(545) Age table with threshold 15 (max threshold 15)
[2024-03-10T13:39:40.883+0000][7][gc,age      ] GC(545) - age   1:    2616712 bytes,    2616712 total
[2024-03-10T13:39:40.883+0000][7][gc,age      ] GC(545) - age   2:     331248 bytes,    2947960 total
[2024-03-10T13:39:40.883+0000][7][gc,age      ] GC(545) - age   3:       9648 bytes,    2957608 total
[2024-03-10T13:39:40.883+0000][7][gc,age      ] GC(545) - age   4:        504 bytes,    2958112 total
[2024-03-10T13:39:40.883+0000][7][gc,age      ] GC(545) - age   5:        216 bytes,    2958328 total
[2024-03-10T13:39:40.883+0000][7][gc,age      ] GC(545) - age   6:        208 bytes,    2958536 total
[2024-03-10T13:39:40.883+0000][7][gc,age      ] GC(545) - age   7:         32 bytes,    2958568 total
[2024-03-10T13:39:40.883+0000][7][gc,age      ] GC(545) - age  11:      22064 bytes,    2980632 total
[2024-03-10T13:39:40.883+0000][7][gc,age      ] GC(545) - age  13:      94240 bytes,    3074872 total
[2024-03-10T13:39:40.883+0000][7][gc,age      ] GC(545) - age  14:        232 bytes,    3075104 total
[2024-03-10T13:39:40.883+0000][7][gc,heap     ] GC(545) Eden regions: 152->0(152)
[2024-03-10T13:39:40.883+0000][7][gc,heap     ] GC(545) Survivor regions: 1->1(20)
[2024-03-10T13:39:40.883+0000][7][gc,heap     ] GC(545) Old regions: 26->26
[2024-03-10T13:39:40.883+0000][7][gc,heap     ] GC(545) Archive regions: 2->2
[2024-03-10T13:39:40.883+0000][7][gc,heap     ] GC(545) Humongous regions: 0->0
[2024-03-10T13:39:40.883+0000][7][gc,metaspace] GC(545) Metaspace: 129341K(132864K)->129341K(132864K) NonClass: 112441K(114304K)->112441K(114304K) Class: 16900K(18560K)->16900K(18560K)
[2024-03-10T13:39:40.883+0000][7][gc          ] GC(545) Pause Young (Normal) (G1 Evacuation Pause) 716M->108M(1024M) 2.181ms
[2024-03-10T13:39:40.883+0000][7][gc,cpu      ] GC(545) User=0.02s Sys=0.01s Real=0.01s
[2024-03-10T13:39:40.883+0000][7][safepoint   ] Safepoint "G1CollectForAllocation", Time since last: 68413824268 ns, Reaching safepoint: 42870 ns, At safepoint: 2249963 ns, Total: 2292833 ns
[2024-03-10T13:42:31.709+0000][7][gc,start    ] GC(546) Pause Young (Normal) (G1 Evacuation Pause)
[2024-03-10T13:42:31.709+0000][7][gc,task     ] GC(546) Using 8 workers of 8 for evacuation
[2024-03-10T13:42:31.709+0000][7][gc,age      ] GC(546) Desired survivor size 41943040 bytes, new threshold 15 (max threshold 15)
[2024-03-10T13:42:31.712+0000][7][gc,phases   ] GC(546)   Pre Evacuate Collection Set: 0.1ms
[2024-03-10T13:42:31.712+0000][7][gc,phases   ] GC(546)   Merge Heap Roots: 0.1ms
[2024-03-10T13:42:31.712+0000][7][gc,phases   ] GC(546)   Evacuate Collection Set: 1.8ms
[2024-03-10T13:42:31.712+0000][7][gc,phases   ] GC(546)   Post Evacuate Collection Set: 0.8ms
[2024-03-10T13:42:31.712+0000][7][gc,phases   ] GC(546)   Other: 0.1ms
[2024-03-10T13:42:31.712+0000][7][gc,age      ] GC(546) Age table with threshold 15 (max threshold 15)
[2024-03-10T13:42:31.712+0000][7][gc,age      ] GC(546) - age   1:    1416184 bytes,    1416184 total
[2024-03-10T13:42:31.712+0000][7][gc,age      ] GC(546) - age   2:     561904 bytes,    1978088 total
[2024-03-10T13:42:31.712+0000][7][gc,age      ] GC(546) - age   3:     328720 bytes,    2306808 total
[2024-03-10T13:42:31.712+0000][7][gc,age      ] GC(546) - age   4:       8944 bytes,    2315752 total
[2024-03-10T13:42:31.712+0000][7][gc,age      ] GC(546) - age   5:        248 bytes,    2316000 total
[2024-03-10T13:42:31.712+0000][7][gc,age      ] GC(546) - age   6:        216 bytes,    2316216 total
[2024-03-10T13:42:31.712+0000][7][gc,age      ] GC(546) - age   7:        208 bytes,    2316424 total
[2024-03-10T13:42:31.712+0000][7][gc,age      ] GC(546) - age   8:         32 bytes,    2316456 total
[2024-03-10T13:42:31.712+0000][7][gc,age      ] GC(546) - age  12:      22064 bytes,    2338520 total
[2024-03-10T13:42:31.712+0000][7][gc,age      ] GC(546) - age  14:      94240 bytes,    2432760 total
[2024-03-10T13:42:31.712+0000][7][gc,age      ] GC(546) - age  15:        232 bytes,    2432992 total
[2024-03-10T13:42:31.712+0000][7][gc,heap     ] GC(546) Eden regions: 152->0(152)
[2024-03-10T13:42:31.712+0000][7][gc,heap     ] GC(546) Survivor regions: 1->1(20)
[2024-03-10T13:42:31.712+0000][7][gc,heap     ] GC(546) Old regions: 26->26
[2024-03-10T13:42:31.712+0000][7][gc,heap     ] GC(546) Archive regions: 2->2
[2024-03-10T13:42:31.712+0000][7][gc,heap     ] GC(546) Humongous regions: 0->0
[2024-03-10T13:42:31.712+0000][7][gc,metaspace] GC(546) Metaspace: 129341K(132864K)->129341K(132864K) NonClass: 112441K(114304K)->112441K(114304K) Class: 16900K(18560K)->16900K(18560K)
[2024-03-10T13:42:31.712+0000][7][gc          ] GC(546) Pause Young (Normal) (G1 Evacuation Pause) 716M->108M(1024M) 3.221ms
[2024-03-10T13:42:31.712+0000][7][gc,cpu      ] GC(546) User=0.02s Sys=0.00s Real=0.00s
[2024-03-10T13:42:31.712+0000][7][safepoint   ] Safepoint "G1CollectForAllocation", Time since last: 170825514020 ns, Reaching safepoint: 37071 ns, At safepoint: 3311370 ns, Total: 3348441 ns
[2024-03-10T13:43:17.272+0000][7][safepoint   ] Safepoint "ICBufferFull", Time since last: 45559511413 ns, Reaching safepoint: 347030 ns, At safepoint: 6402 ns, Total: 353432 ns
[2024-03-10T13:43:17.456+0000][7][safepoint   ] Safepoint "ICBufferFull", Time since last: 183884402 ns, Reaching safepoint: 189489 ns, At safepoint: 3773 ns, Total: 193262 ns
[2024-03-10T13:43:18.456+0000][7][safepoint   ] Safepoint "Cleanup", Time since last: 1000244715 ns, Reaching safepoint: 175724 ns, At safepoint: 17230 ns, Total: 192954 ns
[2024-03-10T13:43:21.457+0000][7][safepoint   ] Safepoint "Cleanup", Time since last: 3000677898 ns, Reaching safepoint: 111069 ns, At safepoint: 11119 ns, Total: 122188 ns
[2024-03-10T13:43:23.458+0000][7][safepoint   ] Safepoint "Cleanup", Time since last: 2000436386 ns, Reaching safepoint: 109665 ns, At safepoint: 12751 ns, Total: 122416 ns
[2024-03-10T13:43:29.459+0000][7][safepoint   ] Safepoint "Cleanup", Time since last: 6000871415 ns, Reaching safepoint: 197286 ns, At safepoint: 13604 ns, Total: 210890 ns
[2024-03-10T13:43:33.460+0000][7][safepoint   ] Safepoint "Cleanup", Time since last: 4000741459 ns, Reaching safepoint: 75903 ns, At safepoint: 12425 ns, Total: 88328 ns
[2024-03-10T13:43:35.460+0000][7][safepoint   ] Safepoint "Cleanup", Time since last: 2000380357 ns, Reaching safepoint: 60492 ns, At safepoint: 7957 ns, Total: 68449 ns
[2024-03-10T13:43:41.461+0000][7][safepoint   ] Safepoint "Cleanup", Time since last: 6001079193 ns, Reaching safepoint: 124961 ns, At safepoint: 13018 ns, Total: 137979 ns
[2024-03-10T13:43:42.462+0000][7][safepoint   ] Safepoint "Cleanup", Time since last: 1000154508 ns, Reaching safepoint: 169630 ns, At safepoint: 11749 ns, Total: 181379 ns
[2024-03-10T13:44:05.466+0000][7][safepoint   ] Safepoint "Cleanup", Time since last: 23004103242 ns, Reaching safepoint: 135915 ns, At safepoint: 11766 ns, Total: 147681 ns
[2024-03-10T13:44:11.467+0000][7][safepoint   ] Safepoint "Cleanup", Time since last: 6001136407 ns, Reaching safepoint: 138376 ns, At safepoint: 12707 ns, Total: 151083 ns
[2024-03-10T13:44:12.468+0000][7][safepoint   ] Safepoint "Cleanup", Time since last: 1000314647 ns, Reaching safepoint: 91360 ns, At safepoint: 8233 ns, Total: 99593 ns
[2024-03-10T13:44:24.470+0000][7][safepoint   ] Safepoint "Cleanup", Time since last: 12002267214 ns, Reaching safepoint: 99942 ns, At safepoint: 9755 ns, Total: 109697 ns
[2024-03-10T13:44:29.471+0000][7][safepoint   ] Safepoint "Cleanup", Time since last: 5000837081 ns, Reaching safepoint: 124017 ns, At safepoint: 13454 ns, Total: 137471 ns
[2024-03-10T13:44:33.472+0000][7][safepoint   ] Safepoint "Cleanup", Time since last: 4000829604 ns, Reaching safepoint: 97159 ns, At safepoint: 8591 ns, Total: 105750 ns
[2024-03-10T13:44:37.473+0000][7][safepoint   ] Safepoint "Cleanup", Time since last: 4000724327 ns, Reaching safepoint: 107444 ns, At safepoint: 10673 ns, Total: 118117 ns
[2024-03-10T13:44:53.475+0000][7][safepoint   ] Safepoint "Cleanup", Time since last: 16002121584 ns, Reaching safepoint: 139213 ns, At safepoint: 9721 ns, Total: 148934 ns
[2024-03-10T13:44:59.476+0000][7][safepoint   ] Safepoint "Cleanup", Time since last: 6000746321 ns, Reaching safepoint: 69406 ns, At safepoint: 7740 ns, Total: 77146 ns
[2024-03-10T13:45:00.476+0000][7][safepoint   ] Safepoint "Cleanup", Time since last: 1000165829 ns, Reaching safepoint: 73854 ns, At safepoint: 7844 ns, Total: 81698 ns
[2024-03-10T13:45:02.477+0000][7][safepoint   ] Safepoint "Cleanup", Time since last: 2000384761 ns, Reaching safepoint: 112029 ns, At safepoint: 12243 ns, Total: 124272 ns
[2024-03-10T13:45:04.818+0000][7][gc,start    ] GC(547) Pause Young (Normal) (G1 Evacuation Pause)
[2024-03-10T13:45:04.818+0000][7][gc,task     ] GC(547) Using 8 workers of 8 for evacuation
[2024-03-10T13:45:04.818+0000][7][gc,age      ] GC(547) Desired survivor size 41943040 bytes, new threshold 15 (max threshold 15)
[2024-03-10T13:45:04.821+0000][7][gc,phases   ] GC(547)   Pre Evacuate Collection Set: 0.1ms
[2024-03-10T13:45:04.821+0000][7][gc,phases   ] GC(547)   Merge Heap Roots: 0.1ms
[2024-03-10T13:45:04.821+0000][7][gc,phases   ] GC(547)   Evacuate Collection Set: 2.2ms
[2024-03-10T13:45:04.821+0000][7][gc,phases   ] GC(547)   Post Evacuate Collection Set: 0.7ms
[2024-03-10T13:45:04.821+0000][7][gc,phases   ] GC(547)   Other: 0.1ms
[2024-03-10T13:45:04.821+0000][7][gc,age      ] GC(547) Age table with threshold 15 (max threshold 15)
[2024-03-10T13:45:04.821+0000][7][gc,age      ] GC(547) - age   1:    2780928 bytes,    2780928 total
[2024-03-10T13:45:04.821+0000][7][gc,age      ] GC(547) - age   2:      10944 bytes,    2791872 total
[2024-03-10T13:45:04.821+0000][7][gc,age      ] GC(547) - age   3:     318864 bytes,    3110736 total
[2024-03-10T13:45:04.821+0000][7][gc,age      ] GC(547) - age   4:     257400 bytes,    3368136 total
[2024-03-10T13:45:04.821+0000][7][gc,age      ] GC(547) - age   5:       8048 bytes,    3376184 total
[2024-03-10T13:45:04.821+0000][7][gc,age      ] GC(547) - age   7:         24 bytes,    3376208 total
[2024-03-10T13:45:04.821+0000][7][gc,age      ] GC(547) - age   8:        208 bytes,    3376416 total
[2024-03-10T13:45:04.821+0000][7][gc,age      ] GC(547) - age  13:        104 bytes,    3376520 total
[2024-03-10T13:45:04.821+0000][7][gc,age      ] GC(547) - age  15:      94072 bytes,    3470592 total
[2024-03-10T13:45:04.821+0000][7][gc,heap     ] GC(547) Eden regions: 152->0(152)
[2024-03-10T13:45:04.821+0000][7][gc,heap     ] GC(547) Survivor regions: 1->1(20)
[2024-03-10T13:45:04.821+0000][7][gc,heap     ] GC(547) Old regions: 26->26
[2024-03-10T13:45:04.821+0000][7][gc,heap     ] GC(547) Archive regions: 2->2
[2024-03-10T13:45:04.821+0000][7][gc,heap     ] GC(547) Humongous regions: 0->0
[2024-03-10T13:45:04.821+0000][7][gc,metaspace] GC(547) Metaspace: 129885K(133376K)->129885K(133376K) NonClass: 112905K(114752K)->112905K(114752K) Class: 16980K(18624K)->16980K(18624K)
[2024-03-10T13:45:04.821+0000][7][gc          ] GC(547) Pause Young (Normal) (G1 Evacuation Pause) 716M->109M(1024M) 3.372ms
[2024-03-10T13:45:04.821+0000][7][gc,cpu      ] GC(547) User=0.01s Sys=0.00s Real=0.01s
[2024-03-10T13:45:04.821+0000][7][safepoint   ] Safepoint "G1CollectForAllocation", Time since last: 2341065800 ns, Reaching safepoint: 40867 ns, At safepoint: 3452671 ns, Total: 3493538 ns
[2024-03-10T13:45:16.823+0000][7][safepoint   ] Safepoint "Cleanup", Time since last: 12002182148 ns, Reaching safepoint: 98483 ns, At safepoint: 6903 ns, Total: 105386 ns
[2024-03-10T13:45:46.829+0000][7][safepoint   ] Safepoint "Cleanup", Time since last: 30005147300 ns, Reaching safepoint: 128608 ns, At safepoint: 7497 ns, Total: 136105 ns
[2024-03-10T13:46:34.837+0000][7][safepoint   ] Safepoint "Cleanup", Time since last: 48008295051 ns, Reaching safepoint: 104926 ns, At safepoint: 8320 ns, Total: 113246 ns
[2024-03-10T13:46:47.839+0000][7][safepoint   ] Safepoint "Cleanup", Time since last: 13002097251 ns, Reaching safepoint: 108886 ns, At safepoint: 9841 ns, Total: 118727 ns
[2024-03-10T13:47:29.847+0000][7][safepoint   ] Safepoint "Cleanup", Time since last: 42007217364 ns, Reaching safepoint: 93973 ns, At safepoint: 8500 ns, Total: 102473 ns
[2024-03-10T13:47:46.792+0000][7][gc,start    ] GC(548) Pause Young (Normal) (G1 Evacuation Pause)
[2024-03-10T13:47:46.792+0000][7][gc,task     ] GC(548) Using 8 workers of 8 for evacuation
[2024-03-10T13:47:46.792+0000][7][gc,age      ] GC(548) Desired survivor size 41943040 bytes, new threshold 15 (max threshold 15)
[2024-03-10T13:47:46.795+0000][7][gc,phases   ] GC(548)   Pre Evacuate Collection Set: 0.1ms
[2024-03-10T13:47:46.795+0000][7][gc,phases   ] GC(548)   Merge Heap Roots: 0.1ms
[2024-03-10T13:47:46.795+0000][7][gc,phases   ] GC(548)   Evacuate Collection Set: 2.0ms
[2024-03-10T13:47:46.795+0000][7][gc,phases   ] GC(548)   Post Evacuate Collection Set: 0.7ms
[2024-03-10T13:47:46.795+0000][7][gc,phases   ] GC(548)   Other: 0.1ms
[2024-03-10T13:47:46.795+0000][7][gc,age      ] GC(548) Age table with threshold 15 (max threshold 15)
[2024-03-10T13:47:46.795+0000][7][gc,age      ] GC(548) - age   1:    1224112 bytes,    1224112 total
[2024-03-10T13:47:46.795+0000][7][gc,age      ] GC(548) - age   2:    1058440 bytes,    2282552 total
[2024-03-10T13:47:46.795+0000][7][gc,age      ] GC(548) - age   3:        472 bytes,    2283024 total
[2024-03-10T13:47:46.795+0000][7][gc,age      ] GC(548) - age   4:     317656 bytes,    2600680 total
[2024-03-10T13:47:46.795+0000][7][gc,age      ] GC(548) - age   5:     253880 bytes,    2854560 total
[2024-03-10T13:47:46.795+0000][7][gc,age      ] GC(548) - age   6:       8048 bytes,    2862608 total
[2024-03-10T13:47:46.795+0000][7][gc,age      ] GC(548) - age   8:         24 bytes,    2862632 total
[2024-03-10T13:47:46.795+0000][7][gc,age      ] GC(548) - age   9:        208 bytes,    2862840 total
[2024-03-10T13:47:46.795+0000][7][gc,age      ] GC(548) - age  14:        104 bytes,    2862944 total
[2024-03-10T13:47:46.795+0000][7][gc,heap     ] GC(548) Eden regions: 152->0(152)
[2024-03-10T13:47:46.795+0000][7][gc,heap     ] GC(548) Survivor regions: 1->1(20)
[2024-03-10T13:47:46.795+0000][7][gc,heap     ] GC(548) Old regions: 26->26
[2024-03-10T13:47:46.795+0000][7][gc,heap     ] GC(548) Archive regions: 2->2
[2024-03-10T13:47:46.795+0000][7][gc,heap     ] GC(548) Humongous regions: 0->0
[2024-03-10T13:47:46.795+0000][7][gc,metaspace] GC(548) Metaspace: 129885K(133376K)->129885K(133376K) NonClass: 112905K(114752K)->112905K(114752K) Class: 16980K(18624K)->16980K(18624K)
[2024-03-10T13:47:46.795+0000][7][gc          ] GC(548) Pause Young (Normal) (G1 Evacuation Pause) 717M->108M(1024M) 3.308ms
[2024-03-10T13:47:46.795+0000][7][gc,cpu      ] GC(548) User=0.02s Sys=0.00s Real=0.01s
[2024-03-10T13:47:46.795+0000][7][safepoint   ] Safepoint "G1CollectForAllocation", Time since last: 16945243673 ns, Reaching safepoint: 73839 ns, At safepoint: 3402950 ns, Total: 3476789 ns
[2024-03-10T13:48:20.801+0000][7][safepoint   ] Safepoint "Cleanup", Time since last: 34005341513 ns, Reaching safepoint: 96877 ns, At safepoint: 11666 ns, Total: 108543 ns
[2024-03-10T13:48:47.806+0000][7][safepoint   ] Safepoint "Cleanup", Time since last: 27004643966 ns, Reaching safepoint: 130241 ns, At safepoint: 11694 ns, Total: 141935 ns
[2024-03-10T13:50:24.822+0000][7][safepoint   ] Safepoint "Cleanup", Time since last: 97016302101 ns, Reaching safepoint: 110666 ns, At safepoint: 12977 ns, Total: 123643 ns
[2024-03-10T13:50:28.957+0000][7][gc,start    ] GC(549) Pause Young (Normal) (G1 Evacuation Pause)
[2024-03-10T13:50:28.957+0000][7][gc,task     ] GC(549) Using 8 workers of 8 for evacuation
[2024-03-10T13:50:28.957+0000][7][gc,age      ] GC(549) Desired survivor size 41943040 bytes, new threshold 15 (max threshold 15)
[2024-03-10T13:50:28.959+0000][7][gc,phases   ] GC(549)   Pre Evacuate Collection Set: 0.1ms
[2024-03-10T13:50:28.959+0000][7][gc,phases   ] GC(549)   Merge Heap Roots: 0.1ms
[2024-03-10T13:50:28.959+0000][7][gc,phases   ] GC(549)   Evacuate Collection Set: 1.7ms
[2024-03-10T13:50:28.959+0000][7][gc,phases   ] GC(549)   Post Evacuate Collection Set: 0.6ms
[2024-03-10T13:50:28.959+0000][7][gc,phases   ] GC(549)   Other: 0.1ms
[2024-03-10T13:50:28.959+0000][7][gc,age      ] GC(549) Age table with threshold 15 (max threshold 15)
[2024-03-10T13:50:28.959+0000][7][gc,age      ] GC(549) - age   1:    2056360 bytes,    2056360 total
[2024-03-10T13:50:28.959+0000][7][gc,age      ] GC(549) - age   2:      41728 bytes,    2098088 total
[2024-03-10T13:50:28.959+0000][7][gc,age      ] GC(549) - age   3:    1047752 bytes,    3145840 total
[2024-03-10T13:50:28.959+0000][7][gc,age      ] GC(549) - age   4:        344 bytes,    3146184 total
[2024-03-10T13:50:28.959+0000][7][gc,age      ] GC(549) - age   5:     317656 bytes,    3463840 total
[2024-03-10T13:50:28.959+0000][7][gc,age      ] GC(549) - age   6:     253488 bytes,    3717328 total
[2024-03-10T13:50:28.959+0000][7][gc,age      ] GC(549) - age   7:       8048 bytes,    3725376 total
[2024-03-10T13:50:28.959+0000][7][gc,age      ] GC(549) - age   9:         24 bytes,    3725400 total
[2024-03-10T13:50:28.959+0000][7][gc,age      ] GC(549) - age  10:        208 bytes,    3725608 total
[2024-03-10T13:50:28.959+0000][7][gc,age      ] GC(549) - age  15:         72 bytes,    3725680 total
[2024-03-10T13:50:28.959+0000][7][gc,heap     ] GC(549) Eden regions: 152->0(152)
[2024-03-10T13:50:28.959+0000][7][gc,heap     ] GC(549) Survivor regions: 1->1(20)
[2024-03-10T13:50:28.959+0000][7][gc,heap     ] GC(549) Old regions: 26->26
[2024-03-10T13:50:28.959+0000][7][gc,heap     ] GC(549) Archive regions: 2->2
[2024-03-10T13:50:28.959+0000][7][gc,heap     ] GC(549) Humongous regions: 0->0
[2024-03-10T13:50:28.959+0000][7][gc,metaspace] GC(549) Metaspace: 129885K(133376K)->129885K(133376K) NonClass: 112905K(114752K)->112905K(114752K) Class: 16980K(18624K)->16980K(18624K)
[2024-03-10T13:50:28.959+0000][7][gc          ] GC(549) Pause Young (Normal) (G1 Evacuation Pause) 716M->109M(1024M) 2.705ms
[2024-03-10T13:50:28.959+0000][7][gc,cpu      ] GC(549) User=0.01s Sys=0.00s Real=0.00s
[2024-03-10T13:50:28.959+0000][7][safepoint   ] Safepoint "G1CollectForAllocation", Time since last: 4134664691 ns, Reaching safepoint: 38799 ns, At safepoint: 2768725 ns, Total: 2807524 ns
[2024-03-10T13:51:42.973+0000][7][safepoint   ] Safepoint "Cleanup", Time since last: 74012688683 ns, Reaching safepoint: 371461 ns, At safepoint: 16704 ns, Total: 388165 ns
[2024-03-10T13:51:45.973+0000][7][safepoint   ] Safepoint "Cleanup", Time since last: 3000572824 ns, Reaching safepoint: 124361 ns, At safepoint: 9261 ns, Total: 133622 ns
[2024-03-10T13:51:46.973+0000][7][safepoint   ] Safepoint "Cleanup", Time since last: 1000147603 ns, Reaching safepoint: 71877 ns, At safepoint: 10181 ns, Total: 82058 ns
[2024-03-10T13:51:58.976+0000][7][safepoint   ] Safepoint "Cleanup", Time since last: 12002311089 ns, Reaching safepoint: 130535 ns, At safepoint: 19791 ns, Total: 150326 ns
[2024-03-10T13:52:00.976+0000][7][safepoint   ] Safepoint "Cleanup", Time since last: 2000365204 ns, Reaching safepoint: 108431 ns, At safepoint: 18804 ns, Total: 127235 ns
[2024-03-10T13:52:01.977+0000][7][safepoint   ] Safepoint "Cleanup", Time since last: 1000248038 ns, Reaching safepoint: 85672 ns, At safepoint: 12651 ns, Total: 98323 ns
[2024-03-10T13:52:52.985+0000][7][safepoint   ] Safepoint "Cleanup", Time since last: 51008595723 ns, Reaching safepoint: 129246 ns, At safepoint: 12725 ns, Total: 141971 ns
[2024-03-10T13:53:17.292+0000][7][gc,start    ] GC(550) Pause Young (Normal) (G1 Evacuation Pause)
[2024-03-10T13:53:17.292+0000][7][gc,task     ] GC(550) Using 8 workers of 8 for evacuation
[2024-03-10T13:53:17.292+0000][7][gc,age      ] GC(550) Desired survivor size 41943040 bytes, new threshold 15 (max threshold 15)
[2024-03-10T13:53:17.296+0000][7][gc,phases   ] GC(550)   Pre Evacuate Collection Set: 0.1ms
[2024-03-10T13:53:17.296+0000][7][gc,phases   ] GC(550)   Merge Heap Roots: 0.1ms
[2024-03-10T13:53:17.296+0000][7][gc,phases   ] GC(550)   Evacuate Collection Set: 2.9ms
[2024-03-10T13:53:17.296+0000][7][gc,phases   ] GC(550)   Post Evacuate Collection Set: 1.0ms
[2024-03-10T13:53:17.296+0000][7][gc,phases   ] GC(550)   Other: 0.1ms
[2024-03-10T13:53:17.296+0000][7][gc,age      ] GC(550) Age table with threshold 15 (max threshold 15)
[2024-03-10T13:53:17.296+0000][7][gc,age      ] GC(550) - age   1:    1771296 bytes,    1771296 total
[2024-03-10T13:53:17.296+0000][7][gc,age      ] GC(550) - age   2:      61224 bytes,    1832520 total
[2024-03-10T13:53:17.296+0000][7][gc,age      ] GC(550) - age   3:      39184 bytes,    1871704 total
[2024-03-10T13:53:17.296+0000][7][gc,age      ] GC(550) - age   4:     956496 bytes,    2828200 total
[2024-03-10T13:53:17.296+0000][7][gc,age      ] GC(550) - age   5:        184 bytes,    2828384 total
[2024-03-10T13:53:17.296+0000][7][gc,age      ] GC(550) - age   6:     317592 bytes,    3145976 total
[2024-03-10T13:53:17.296+0000][7][gc,age      ] GC(550) - age   7:     205032 bytes,    3351008 total
[2024-03-10T13:53:17.296+0000][7][gc,age      ] GC(550) - age   8:       8016 bytes,    3359024 total
[2024-03-10T13:53:17.296+0000][7][gc,age      ] GC(550) - age  10:         24 bytes,    3359048 total
[2024-03-10T13:53:17.296+0000][7][gc,age      ] GC(550) - age  11:        208 bytes,    3359256 total
[2024-03-10T13:53:17.296+0000][7][gc,heap     ] GC(550) Eden regions: 152->0(152)
[2024-03-10T13:53:17.296+0000][7][gc,heap     ] GC(550) Survivor regions: 1->1(20)
[2024-03-10T13:53:17.296+0000][7][gc,heap     ] GC(550) Old regions: 26->26
[2024-03-10T13:53:17.296+0000][7][gc,heap     ] GC(550) Archive regions: 2->2
[2024-03-10T13:53:17.296+0000][7][gc,heap     ] GC(550) Humongous regions: 0->0
[2024-03-10T13:53:17.296+0000][7][gc,metaspace] GC(550) Metaspace: 129974K(133504K)->129974K(133504K) NonClass: 112978K(114816K)->112978K(114816K) Class: 16996K(18688K)->16996K(18688K)
[2024-03-10T13:53:17.296+0000][7][gc          ] GC(550) Pause Young (Normal) (G1 Evacuation Pause) 717M->109M(1024M) 4.594ms
[2024-03-10T13:53:17.297+0000][7][gc,cpu      ] GC(550) User=0.02s Sys=0.00s Real=0.01s
[2024-03-10T13:53:17.297+0000][7][safepoint   ] Safepoint "G1CollectForAllocation", Time since last: 24306257391 ns, Reaching safepoint: 93515 ns, At safepoint: 4699697 ns, Total: 4793212 ns
[2024-03-10T13:53:21.297+0000][7][safepoint   ] Safepoint "Cleanup", Time since last: 4000579262 ns, Reaching safepoint: 131048 ns, At safepoint: 13156 ns, Total: 144204 ns
[2024-03-10T13:53:23.298+0000][7][safepoint   ] Safepoint "Cleanup", Time since last: 2000417445 ns, Reaching safepoint: 93388 ns, At safepoint: 8520 ns, Total: 101908 ns
[2024-03-10T13:53:24.298+0000][7][safepoint   ] Safepoint "Cleanup", Time since last: 1000267564 ns, Reaching safepoint: 79564 ns, At safepoint: 12439 ns, Total: 92003 ns
[2024-03-10T13:53:30.300+0000][7][safepoint   ] Safepoint "Cleanup", Time since last: 6001279246 ns, Reaching safepoint: 75758 ns, At safepoint: 11692 ns, Total: 87450 ns
[2024-03-10T13:53:33.300+0000][7][safepoint   ] Safepoint "Cleanup", Time since last: 3000621681 ns, Reaching safepoint: 80504 ns, At safepoint: 8424 ns, Total: 88928 ns
[2024-03-10T13:54:32.310+0000][7][safepoint   ] Safepoint "Cleanup", Time since last: 59009977708 ns, Reaching safepoint: 138329 ns, At safepoint: 9469 ns, Total: 147798 ns
[2024-03-10T13:55:41.322+0000][7][safepoint   ] Safepoint "Cleanup", Time since last: 69011447803 ns, Reaching safepoint: 113101 ns, At safepoint: 7081 ns, Total: 120182 ns
[2024-03-10T13:55:47.323+0000][7][safepoint   ] Safepoint "Cleanup", Time since last: 6000649060 ns, Reaching safepoint: 124222 ns, At safepoint: 23504 ns, Total: 147726 ns
[2024-03-10T13:55:55.751+0000][7][gc,start    ] GC(551) Pause Young (Normal) (G1 Evacuation Pause)
[2024-03-10T13:55:55.751+0000][7][gc,task     ] GC(551) Using 8 workers of 8 for evacuation
[2024-03-10T13:55:55.751+0000][7][gc,age      ] GC(551) Desired survivor size 41943040 bytes, new threshold 15 (max threshold 15)
[2024-03-10T13:55:55.755+0000][7][gc,phases   ] GC(551)   Pre Evacuate Collection Set: 0.1ms
[2024-03-10T13:55:55.755+0000][7][gc,phases   ] GC(551)   Merge Heap Roots: 0.1ms
[2024-03-10T13:55:55.755+0000][7][gc,phases   ] GC(551)   Evacuate Collection Set: 1.9ms
[2024-03-10T13:55:55.755+0000][7][gc,phases   ] GC(551)   Post Evacuate Collection Set: 1.3ms
[2024-03-10T13:55:55.755+0000][7][gc,phases   ] GC(551)   Other: 0.1ms
[2024-03-10T13:55:55.755+0000][7][gc,age      ] GC(551) Age table with threshold 15 (max threshold 15)
[2024-03-10T13:55:55.755+0000][7][gc,age      ] GC(551) - age   1:     358880 bytes,     358880 total
[2024-03-10T13:55:55.755+0000][7][gc,age      ] GC(551) - age   2:     371240 bytes,     730120 total
[2024-03-10T13:55:55.755+0000][7][gc,age      ] GC(551) - age   3:      49832 bytes,     779952 total
[2024-03-10T13:55:55.755+0000][7][gc,age      ] GC(551) - age   4:      35536 bytes,     815488 total
[2024-03-10T13:55:55.755+0000][7][gc,age      ] GC(551) - age   5:     955592 bytes,    1771080 total
[2024-03-10T13:55:55.755+0000][7][gc,age      ] GC(551) - age   6:        184 bytes,    1771264 total
[2024-03-10T13:55:55.755+0000][7][gc,age      ] GC(551) - age   7:     252848 bytes,    2024112 total
[2024-03-10T13:55:55.755+0000][7][gc,age      ] GC(551) - age   8:     171904 bytes,    2196016 total
[2024-03-10T13:55:55.755+0000][7][gc,age      ] GC(551) - age   9:       8016 bytes,    2204032 total
[2024-03-10T13:55:55.755+0000][7][gc,age      ] GC(551) - age  11:         24 bytes,    2204056 total
[2024-03-10T13:55:55.755+0000][7][gc,age      ] GC(551) - age  12:         24 bytes,    2204080 total
[2024-03-10T13:55:55.755+0000][7][gc,heap     ] GC(551) Eden regions: 152->0(152)
