[2024-02-22T01:05:20.215+0000][7][gc,init] CardTable entry size: 512
[2024-02-22T01:05:20.215+0000][7][gc     ] Using G1
[2024-02-22T01:05:20.341+0000][7][gc,init] Version: 18.0.1.1+2-6 (release)
[2024-02-22T01:05:20.341+0000][7][gc,init] CPUs: 8 total, 8 available
[2024-02-22T01:05:20.341+0000][7][gc,init] Memory: 19737M
[2024-02-22T01:05:20.341+0000][7][gc,init] Large Page Support: Disabled
[2024-02-22T01:05:20.341+0000][7][gc,init] NUMA Support: Disabled
[2024-02-22T01:05:20.341+0000][7][gc,init] Compressed Oops: Enabled (32-bit)
[2024-02-22T01:05:20.341+0000][7][gc,init] Heap Region Size: 4M
[2024-02-22T01:05:20.341+0000][7][gc,init] Heap Min Capacity: 1G
[2024-02-22T01:05:20.341+0000][7][gc,init] Heap Initial Capacity: 1G
[2024-02-22T01:05:20.341+0000][7][gc,init] Heap Max Capacity: 1G
[2024-02-22T01:05:20.341+0000][7][gc,init] Pre-touch: Enabled
[2024-02-22T01:05:20.341+0000][7][gc,init] Parallel Workers: 8
[2024-02-22T01:05:20.341+0000][7][gc,init] Concurrent Workers: 2
[2024-02-22T01:05:20.341+0000][7][gc,init] Concurrent Refinement Workers: 8
[2024-02-22T01:05:20.341+0000][7][gc,init] Periodic GC: Disabled
[2024-02-22T01:05:20.342+0000][7][gc,metaspace] CDS archive(s) mapped at: [0x0000000800000000-0x0000000800baf000-0x0000000800baf000), size 12251136, SharedBaseAddress: 0x0000000800000000, ArchiveRelocationMode: 0.
[2024-02-22T01:05:20.342+0000][7][gc,metaspace] Compressed class space mapped at: 0x0000000800c00000-0x0000000840c00000, reserved size: 1073741824
[2024-02-22T01:05:20.342+0000][7][gc,metaspace] Narrow klass base: 0x0000000800000000, Narrow klass shift: 0, Narrow klass range: 0x100000000
[2024-02-22T01:05:20.836+0000][7][safepoint   ] Safepoint "ICBufferFull", Time since last: 488936809 ns, Reaching safepoint: 91534 ns, At safepoint: 2915 ns, Total: 94449 ns
[2024-02-22T01:05:21.328+0000][7][safepoint   ] Safepoint "ICBufferFull", Time since last: 491854698 ns, Reaching safepoint: 100097 ns, At safepoint: 3663 ns, Total: 103760 ns
[2024-02-22T01:05:21.410+0000][7][gc,start    ] GC(0) Pause Young (Normal) (G1 Evacuation Pause)
[2024-02-22T01:05:21.410+0000][7][gc,task     ] GC(0) Using 8 workers of 8 for evacuation
[2024-02-22T01:05:21.410+0000][7][gc,age      ] GC(0) Desired survivor size 4194304 bytes, new threshold 15 (max threshold 15)
[2024-02-22T01:05:21.416+0000][7][gc,phases   ] GC(0)   Pre Evacuate Collection Set: 0.1ms
[2024-02-22T01:05:21.416+0000][7][gc,phases   ] GC(0)   Merge Heap Roots: 0.0ms
[2024-02-22T01:05:21.416+0000][7][gc,phases   ] GC(0)   Evacuate Collection Set: 4.3ms
[2024-02-22T01:05:21.416+0000][7][gc,phases   ] GC(0)   Post Evacuate Collection Set: 0.7ms
[2024-02-22T01:05:21.416+0000][7][gc,phases   ] GC(0)   Other: 0.1ms
[2024-02-22T01:05:21.416+0000][7][gc,age      ] GC(0) Age table with threshold 15 (max threshold 15)
[2024-02-22T01:05:21.416+0000][7][gc,age      ] GC(0) - age   1:    6352800 bytes,    6352800 total
[2024-02-22T01:05:21.416+0000][7][gc,heap     ] GC(0) Eden regions: 12->0(11)
[2024-02-22T01:05:21.416+0000][7][gc,heap     ] GC(0) Survivor regions: 0->2(2)
[2024-02-22T01:05:21.416+0000][7][gc,heap     ] GC(0) Old regions: 0->0
[2024-02-22T01:05:21.416+0000][7][gc,heap     ] GC(0) Archive regions: 2->2
[2024-02-22T01:05:21.416+0000][7][gc,heap     ] GC(0) Humongous regions: 0->0
[2024-02-22T01:05:21.416+0000][7][gc,metaspace] GC(0) Metaspace: 12122K(12416K)->12122K(12416K) NonClass: 10681K(10880K)->10681K(10880K) Class: 1440K(1536K)->1440K(1536K)
[2024-02-22T01:05:21.416+0000][7][gc          ] GC(0) Pause Young (Normal) (G1 Evacuation Pause) 51M->10M(1024M) 5.460ms
[2024-02-22T01:05:21.416+0000][7][gc,cpu      ] GC(0) User=0.02s Sys=0.00s Real=0.00s
[2024-02-22T01:05:21.416+0000][7][safepoint   ] Safepoint "G1CollectForAllocation", Time since last: 82440458 ns, Reaching safepoint: 45200 ns, At safepoint: 5512978 ns, Total: 5558178 ns
[2024-02-22T01:05:22.258+0000][7][safepoint   ] Safepoint "ICBufferFull", Time since last: 841793557 ns, Reaching safepoint: 157128 ns, At safepoint: 3224 ns, Total: 160352 ns
[2024-02-22T01:05:22.336+0000][7][gc,start    ] GC(1) Pause Young (Normal) (G1 Evacuation Pause)
[2024-02-22T01:05:22.336+0000][7][gc,task     ] GC(1) Using 8 workers of 8 for evacuation
[2024-02-22T01:05:22.336+0000][7][gc,age      ] GC(1) Desired survivor size 4194304 bytes, new threshold 1 (max threshold 15)
[2024-02-22T01:05:22.340+0000][7][gc,phases   ] GC(1)   Pre Evacuate Collection Set: 0.1ms
[2024-02-22T01:05:22.340+0000][7][gc,phases   ] GC(1)   Merge Heap Roots: 0.0ms
[2024-02-22T01:05:22.340+0000][7][gc,phases   ] GC(1)   Evacuate Collection Set: 3.6ms
[2024-02-22T01:05:22.340+0000][7][gc,phases   ] GC(1)   Post Evacuate Collection Set: 0.6ms
[2024-02-22T01:05:22.340+0000][7][gc,phases   ] GC(1)   Other: 0.1ms
[2024-02-22T01:05:22.340+0000][7][gc,age      ] GC(1) Age table with threshold 1 (max threshold 15)
[2024-02-22T01:05:22.340+0000][7][gc,age      ] GC(1) - age   1:    1357464 bytes,    1357464 total
[2024-02-22T01:05:22.340+0000][7][gc,heap     ] GC(1) Eden regions: 11->0(20)
[2024-02-22T01:05:22.340+0000][7][gc,heap     ] GC(1) Survivor regions: 2->1(2)
[2024-02-22T01:05:22.340+0000][7][gc,heap     ] GC(1) Old regions: 0->2
[2024-02-22T01:05:22.340+0000][7][gc,heap     ] GC(1) Archive regions: 2->2
[2024-02-22T01:05:22.340+0000][7][gc,heap     ] GC(1) Humongous regions: 0->0
[2024-02-22T01:05:22.340+0000][7][gc,metaspace] GC(1) Metaspace: 15344K(15680K)->15344K(15680K) NonClass: 13581K(13760K)->13581K(13760K) Class: 1762K(1920K)->1762K(1920K)
[2024-02-22T01:05:22.340+0000][7][gc          ] GC(1) Pause Young (Normal) (G1 Evacuation Pause) 54M->11M(1024M) 4.533ms
[2024-02-22T01:05:22.340+0000][7][gc,cpu      ] GC(1) User=0.02s Sys=0.00s Real=0.01s
[2024-02-22T01:05:22.340+0000][7][safepoint   ] Safepoint "G1CollectForAllocation", Time since last: 77669679 ns, Reaching safepoint: 118058 ns, At safepoint: 4576169 ns, Total: 4694227 ns
[2024-02-22T01:05:22.821+0000][7][safepoint   ] Safepoint "ICBufferFull", Time since last: 480394560 ns, Reaching safepoint: 148608 ns, At safepoint: 3510 ns, Total: 152118 ns
[2024-02-22T01:05:22.822+0000][7][gc,start    ] GC(2) Pause Young (Normal) (G1 Evacuation Pause)
[2024-02-22T01:05:22.822+0000][7][gc,task     ] GC(2) Using 8 workers of 8 for evacuation
[2024-02-22T01:05:22.822+0000][7][gc,age      ] GC(2) Desired survivor size 6291456 bytes, new threshold 15 (max threshold 15)
[2024-02-22T01:05:22.825+0000][7][gc,phases   ] GC(2)   Pre Evacuate Collection Set: 0.1ms
[2024-02-22T01:05:22.825+0000][7][gc,phases   ] GC(2)   Merge Heap Roots: 0.0ms
[2024-02-22T01:05:22.825+0000][7][gc,phases   ] GC(2)   Evacuate Collection Set: 2.6ms
[2024-02-22T01:05:22.825+0000][7][gc,phases   ] GC(2)   Post Evacuate Collection Set: 0.3ms
[2024-02-22T01:05:22.825+0000][7][gc,phases   ] GC(2)   Other: 0.1ms
[2024-02-22T01:05:22.825+0000][7][gc,age      ] GC(2) Age table with threshold 15 (max threshold 15)
[2024-02-22T01:05:22.825+0000][7][gc,age      ] GC(2) - age   1:    1781464 bytes,    1781464 total
[2024-02-22T01:05:22.825+0000][7][gc,age      ] GC(2) - age   2:    1254088 bytes,    3035552 total
[2024-02-22T01:05:22.825+0000][7][gc,heap     ] GC(2) Eden regions: 20->0(152)
[2024-02-22T01:05:22.825+0000][7][gc,heap     ] GC(2) Survivor regions: 1->1(3)
[2024-02-22T01:05:22.825+0000][7][gc,heap     ] GC(2) Old regions: 2->2
[2024-02-22T01:05:22.825+0000][7][gc,heap     ] GC(2) Archive regions: 2->2
[2024-02-22T01:05:22.825+0000][7][gc,heap     ] GC(2) Humongous regions: 0->0
[2024-02-22T01:05:22.825+0000][7][gc,metaspace] GC(2) Metaspace: 16934K(17344K)->16934K(17344K) NonClass: 15004K(15232K)->15004K(15232K) Class: 1930K(2112K)->1930K(2112K)
[2024-02-22T01:05:22.825+0000][7][gc          ] GC(2) Pause Young (Normal) (G1 Evacuation Pause) 91M->13M(1024M) 3.137ms
[2024-02-22T01:05:22.825+0000][7][gc,cpu      ] GC(2) User=0.01s Sys=0.00s Real=0.00s
[2024-02-22T01:05:22.825+0000][7][safepoint   ] Safepoint "G1CollectForAllocation", Time since last: 1103279 ns, Reaching safepoint: 86040 ns, At safepoint: 3171145 ns, Total: 3257185 ns
[2024-02-22T01:05:23.174+0000][7][gc,start    ] GC(3) Pause Young (Concurrent Start) (Metadata GC Threshold)
[2024-02-22T01:05:23.174+0000][7][gc,task     ] GC(3) Using 8 workers of 8 for evacuation
[2024-02-22T01:05:23.174+0000][7][gc,age      ] GC(3) Desired survivor size 41943040 bytes, new threshold 15 (max threshold 15)
[2024-02-22T01:05:23.177+0000][7][gc,phases   ] GC(3)   Pre Evacuate Collection Set: 0.1ms
[2024-02-22T01:05:23.177+0000][7][gc,phases   ] GC(3)   Merge Heap Roots: 0.0ms
[2024-02-22T01:05:23.177+0000][7][gc,phases   ] GC(3)   Evacuate Collection Set: 2.6ms
[2024-02-22T01:05:23.177+0000][7][gc,phases   ] GC(3)   Post Evacuate Collection Set: 0.3ms
[2024-02-22T01:05:23.177+0000][7][gc,phases   ] GC(3)   Other: 0.0ms
[2024-02-22T01:05:23.177+0000][7][gc,age      ] GC(3) Age table with threshold 15 (max threshold 15)
[2024-02-22T01:05:23.177+0000][7][gc,age      ] GC(3) - age   1:    1297640 bytes,    1297640 total
[2024-02-22T01:05:23.177+0000][7][gc,age      ] GC(3) - age   2:    1546096 bytes,    2843736 total
[2024-02-22T01:05:23.177+0000][7][gc,age      ] GC(3) - age   3:    1253568 bytes,    4097304 total
[2024-02-22T01:05:23.177+0000][7][gc,heap     ] GC(3) Eden regions: 17->0(151)
[2024-02-22T01:05:23.177+0000][7][gc,heap     ] GC(3) Survivor regions: 1->2(20)
[2024-02-22T01:05:23.177+0000][7][gc,heap     ] GC(3) Old regions: 2->2
[2024-02-22T01:05:23.177+0000][7][gc,heap     ] GC(3) Archive regions: 2->2
[2024-02-22T01:05:23.177+0000][7][gc,heap     ] GC(3) Humongous regions: 0->0
[2024-02-22T01:05:23.177+0000][7][gc,metaspace] GC(3) Metaspace: 21067K(21504K)->21067K(21504K) NonClass: 18700K(19008K)->18700K(19008K) Class: 2367K(2496K)->2367K(2496K)
[2024-02-22T01:05:23.177+0000][7][gc          ] GC(3) Pause Young (Concurrent Start) (Metadata GC Threshold) 78M->14M(1024M) 3.237ms
[2024-02-22T01:05:23.177+0000][7][gc,cpu      ] GC(3) User=0.02s Sys=0.00s Real=0.00s
[2024-02-22T01:05:23.177+0000][7][gc          ] GC(4) Concurrent Mark Cycle
[2024-02-22T01:05:23.177+0000][7][gc,marking  ] GC(4) Concurrent Clear Claimed Marks
[2024-02-22T01:05:23.177+0000][7][gc,marking  ] GC(4) Concurrent Clear Claimed Marks 0.024ms
[2024-02-22T01:05:23.177+0000][7][safepoint   ] Safepoint "CollectForMetadataAllocation", Time since last: 348456518 ns, Reaching safepoint: 122894 ns, At safepoint: 3327305 ns, Total: 3450199 ns
[2024-02-22T01:05:23.177+0000][7][gc,marking  ] GC(4) Concurrent Scan Root Regions
[2024-02-22T01:05:23.179+0000][7][gc,marking  ] GC(4) Concurrent Scan Root Regions 2.392ms
[2024-02-22T01:05:23.179+0000][7][gc,marking  ] GC(4) Concurrent Mark
[2024-02-22T01:05:23.179+0000][7][gc,marking  ] GC(4) Concurrent Mark From Roots
[2024-02-22T01:05:23.179+0000][7][gc,task     ] GC(4) Using 2 workers of 2 for marking
[2024-02-22T01:05:23.187+0000][7][gc,marking  ] GC(4) Concurrent Mark From Roots 7.962ms
[2024-02-22T01:05:23.187+0000][7][gc,marking  ] GC(4) Concurrent Preclean
[2024-02-22T01:05:23.187+0000][7][gc,marking  ] GC(4) Concurrent Preclean 0.032ms
[2024-02-22T01:05:23.187+0000][7][gc,start    ] GC(4) Pause Remark
[2024-02-22T01:05:23.190+0000][7][gc          ] GC(4) Pause Remark 16M->16M(1024M) 3.021ms
[2024-02-22T01:05:23.191+0000][7][gc,cpu      ] GC(4) User=0.02s Sys=0.00s Real=0.01s
[2024-02-22T01:05:23.191+0000][7][safepoint   ] Safepoint "G1Concurrent", Time since last: 10481438 ns, Reaching safepoint: 24534 ns, At safepoint: 3084046 ns, Total: 3108580 ns
[2024-02-22T01:05:23.192+0000][7][gc,marking  ] GC(4) Concurrent Mark 12.767ms
[2024-02-22T01:05:23.192+0000][7][gc,marking  ] GC(4) Concurrent Rebuild Remembered Sets
[2024-02-22T01:05:23.195+0000][7][gc,marking  ] GC(4) Concurrent Rebuild Remembered Sets 2.641ms
[2024-02-22T01:05:23.195+0000][7][gc,start    ] GC(4) Pause Cleanup
[2024-02-22T01:05:23.195+0000][7][gc          ] GC(4) Pause Cleanup 18M->18M(1024M) 0.056ms
[2024-02-22T01:05:23.195+0000][7][gc,cpu      ] GC(4) User=0.00s Sys=0.00s Real=0.00s
[2024-02-22T01:05:23.195+0000][7][safepoint   ] Safepoint "G1Concurrent", Time since last: 4323439 ns, Reaching safepoint: 87850 ns, At safepoint: 77014 ns, Total: 164864 ns
[2024-02-22T01:05:23.195+0000][7][gc,marking  ] GC(4) Concurrent Cleanup for Next Mark
[2024-02-22T01:05:23.199+0000][7][gc,marking  ] GC(4) Concurrent Cleanup for Next Mark 3.738ms
[2024-02-22T01:05:23.199+0000][7][gc          ] GC(4) Concurrent Mark Cycle 21.951ms
[2024-02-22T01:05:24.105+0000][7][safepoint   ] Safepoint "ICBufferFull", Time since last: 909822327 ns, Reaching safepoint: 120330 ns, At safepoint: 2017 ns, Total: 122347 ns
[2024-02-22T01:05:24.783+0000][7][safepoint   ] Safepoint "ICBufferFull", Time since last: 677638425 ns, Reaching safepoint: 200868 ns, At safepoint: 4040 ns, Total: 204908 ns
[2024-02-22T01:05:24.783+0000][7][safepoint   ] Safepoint "ICBufferFull", Time since last: 61735 ns, Reaching safepoint: 83916 ns, At safepoint: 4329 ns, Total: 88245 ns
[2024-02-22T01:05:24.877+0000][7][gc,start    ] GC(5) Pause Young (Normal) (G1 Evacuation Pause)
[2024-02-22T01:05:24.877+0000][7][gc,task     ] GC(5) Using 8 workers of 8 for evacuation
[2024-02-22T01:05:24.877+0000][7][gc,age      ] GC(5) Desired survivor size 41943040 bytes, new threshold 15 (max threshold 15)
[2024-02-22T01:05:24.887+0000][7][gc,phases   ] GC(5)   Pre Evacuate Collection Set: 0.1ms
[2024-02-22T01:05:24.887+0000][7][gc,phases   ] GC(5)   Merge Heap Roots: 0.1ms
[2024-02-22T01:05:24.887+0000][7][gc,phases   ] GC(5)   Evacuate Collection Set: 8.2ms
[2024-02-22T01:05:24.887+0000][7][gc,phases   ] GC(5)   Post Evacuate Collection Set: 1.2ms
[2024-02-22T01:05:24.887+0000][7][gc,phases   ] GC(5)   Other: 0.1ms
[2024-02-22T01:05:24.887+0000][7][gc,age      ] GC(5) Age table with threshold 15 (max threshold 15)
[2024-02-22T01:05:24.887+0000][7][gc,age      ] GC(5) - age   1:    9541344 bytes,    9541344 total
[2024-02-22T01:05:24.887+0000][7][gc,age      ] GC(5) - age   2:    1271544 bytes,   10812888 total
[2024-02-22T01:05:24.887+0000][7][gc,age      ] GC(5) - age   3:    1541672 bytes,   12354560 total
[2024-02-22T01:05:24.887+0000][7][gc,age      ] GC(5) - age   4:    1226968 bytes,   13581528 total
[2024-02-22T01:05:24.887+0000][7][gc,heap     ] GC(5) Eden regions: 151->0(149)
[2024-02-22T01:05:24.887+0000][7][gc,heap     ] GC(5) Survivor regions: 2->4(20)
[2024-02-22T01:05:24.887+0000][7][gc,heap     ] GC(5) Old regions: 2->2
[2024-02-22T01:05:24.887+0000][7][gc,heap     ] GC(5) Archive regions: 2->2
[2024-02-22T01:05:24.887+0000][7][gc,heap     ] GC(5) Humongous regions: 0->0
[2024-02-22T01:05:24.887+0000][7][gc,metaspace] GC(5) Metaspace: 29564K(30208K)->29564K(30208K) NonClass: 26163K(26560K)->26163K(26560K) Class: 3400K(3648K)->3400K(3648K)
[2024-02-22T01:05:24.887+0000][7][gc          ] GC(5) Pause Young (Normal) (G1 Evacuation Pause) 618M->23M(1024M) 9.876ms
[2024-02-22T01:05:24.887+0000][7][gc,cpu      ] GC(5) User=0.04s Sys=0.00s Real=0.01s
[2024-02-22T01:05:24.887+0000][7][safepoint   ] Safepoint "G1CollectForAllocation", Time since last: 94322771 ns, Reaching safepoint: 45984 ns, At safepoint: 9921487 ns, Total: 9967471 ns
[2024-02-22T01:05:25.974+0000][7][safepoint   ] Safepoint "ICBufferFull", Time since last: 1086538762 ns, Reaching safepoint: 179868 ns, At safepoint: 3916 ns, Total: 183784 ns
[2024-02-22T01:05:26.075+0000][7][gc,start    ] GC(6) Pause Young (Concurrent Start) (Metadata GC Threshold)
[2024-02-22T01:05:26.075+0000][7][gc,task     ] GC(6) Using 8 workers of 8 for evacuation
[2024-02-22T01:05:26.075+0000][7][gc,age      ] GC(6) Desired survivor size 41943040 bytes, new threshold 15 (max threshold 15)
[2024-02-22T01:05:26.086+0000][7][gc,phases   ] GC(6)   Pre Evacuate Collection Set: 0.1ms
[2024-02-22T01:05:26.086+0000][7][gc,phases   ] GC(6)   Merge Heap Roots: 0.0ms
[2024-02-22T01:05:26.086+0000][7][gc,phases   ] GC(6)   Evacuate Collection Set: 10.0ms
[2024-02-22T01:05:26.086+0000][7][gc,phases   ] GC(6)   Post Evacuate Collection Set: 1.0ms
[2024-02-22T01:05:26.086+0000][7][gc,phases   ] GC(6)   Other: 0.1ms
[2024-02-22T01:05:26.086+0000][7][gc,age      ] GC(6) Age table with threshold 15 (max threshold 15)
[2024-02-22T01:05:26.086+0000][7][gc,age      ] GC(6) - age   1:    4642024 bytes,    4642024 total
[2024-02-22T01:05:26.086+0000][7][gc,age      ] GC(6) - age   2:    8826776 bytes,   13468800 total
[2024-02-22T01:05:26.086+0000][7][gc,age      ] GC(6) - age   3:    1248688 bytes,   14717488 total
[2024-02-22T01:05:26.086+0000][7][gc,age      ] GC(6) - age   4:    1478712 bytes,   16196200 total
[2024-02-22T01:05:26.086+0000][7][gc,age      ] GC(6) - age   5:    1215800 bytes,   17412000 total
[2024-02-22T01:05:26.086+0000][7][gc,heap     ] GC(6) Eden regions: 144->0(148)
[2024-02-22T01:05:26.086+0000][7][gc,heap     ] GC(6) Survivor regions: 4->5(20)
[2024-02-22T01:05:26.086+0000][7][gc,heap     ] GC(6) Old regions: 2->2
[2024-02-22T01:05:26.086+0000][7][gc,heap     ] GC(6) Archive regions: 2->2
[2024-02-22T01:05:26.086+0000][7][gc,heap     ] GC(6) Humongous regions: 0->0
[2024-02-22T01:05:26.086+0000][7][gc,metaspace] GC(6) Metaspace: 35023K(35840K)->35023K(35840K) NonClass: 30922K(31360K)->30922K(31360K) Class: 4100K(4480K)->4100K(4480K)
[2024-02-22T01:05:26.086+0000][7][gc          ] GC(6) Pause Young (Concurrent Start) (Metadata GC Threshold) 599M->27M(1024M) 11.482ms
[2024-02-22T01:05:26.086+0000][7][gc,cpu      ] GC(6) User=0.05s Sys=0.00s Real=0.01s
[2024-02-22T01:05:26.086+0000][7][gc          ] GC(7) Concurrent Mark Cycle
[2024-02-22T01:05:26.086+0000][7][gc,marking  ] GC(7) Concurrent Clear Claimed Marks
[2024-02-22T01:05:26.086+0000][7][safepoint   ] Safepoint "CollectForMetadataAllocation", Time since last: 100837168 ns, Reaching safepoint: 62322 ns, At safepoint: 11602005 ns, Total: 11664327 ns
[2024-02-22T01:05:26.086+0000][7][gc,marking  ] GC(7) Concurrent Clear Claimed Marks 0.078ms
[2024-02-22T01:05:26.087+0000][7][gc,marking  ] GC(7) Concurrent Scan Root Regions
[2024-02-22T01:05:26.094+0000][7][gc,marking  ] GC(7) Concurrent Scan Root Regions 7.570ms
[2024-02-22T01:05:26.094+0000][7][gc,marking  ] GC(7) Concurrent Mark
[2024-02-22T01:05:26.094+0000][7][gc,marking  ] GC(7) Concurrent Mark From Roots
[2024-02-22T01:05:26.094+0000][7][gc,task     ] GC(7) Using 2 workers of 2 for marking
[2024-02-22T01:05:26.102+0000][7][gc,marking  ] GC(7) Concurrent Mark From Roots 7.541ms
[2024-02-22T01:05:26.102+0000][7][gc,marking  ] GC(7) Concurrent Preclean
[2024-02-22T01:05:26.102+0000][7][gc,marking  ] GC(7) Concurrent Preclean 0.026ms
[2024-02-22T01:05:26.102+0000][7][gc,start    ] GC(7) Pause Remark
[2024-02-22T01:05:26.105+0000][7][gc          ] GC(7) Pause Remark 29M->29M(1024M) 3.438ms
[2024-02-22T01:05:26.105+0000][7][gc,cpu      ] GC(7) User=0.02s Sys=0.00s Real=0.00s
[2024-02-22T01:05:26.105+0000][7][safepoint   ] Safepoint "G1Concurrent", Time since last: 15262419 ns, Reaching safepoint: 92894 ns, At safepoint: 3500231 ns, Total: 3593125 ns
[2024-02-22T01:05:26.105+0000][7][gc,marking  ] GC(7) Concurrent Mark 11.232ms
[2024-02-22T01:05:26.105+0000][7][gc,marking  ] GC(7) Concurrent Rebuild Remembered Sets
[2024-02-22T01:05:26.108+0000][7][gc,marking  ] GC(7) Concurrent Rebuild Remembered Sets 2.196ms
[2024-02-22T01:05:26.108+0000][7][gc,start    ] GC(7) Pause Cleanup
[2024-02-22T01:05:26.108+0000][7][gc          ] GC(7) Pause Cleanup 29M->29M(1024M) 0.086ms
[2024-02-22T01:05:26.108+0000][7][gc,cpu      ] GC(7) User=0.01s Sys=0.00s Real=0.01s
[2024-02-22T01:05:26.108+0000][7][safepoint   ] Safepoint "G1Concurrent", Time since last: 2254760 ns, Reaching safepoint: 85488 ns, At safepoint: 114056 ns, Total: 199544 ns
[2024-02-22T01:05:26.108+0000][7][gc,marking  ] GC(7) Concurrent Cleanup for Next Mark
[2024-02-22T01:05:26.119+0000][7][gc,marking  ] GC(7) Concurrent Cleanup for Next Mark 11.333ms
[2024-02-22T01:05:26.119+0000][7][gc          ] GC(7) Concurrent Mark Cycle 32.782ms
[2024-02-22T01:05:26.873+0000][7][safepoint   ] Safepoint "ICBufferFull", Time since last: 765398058 ns, Reaching safepoint: 194682 ns, At safepoint: 4319 ns, Total: 199001 ns
[2024-02-22T01:05:27.867+0000][7][safepoint   ] Safepoint "ICBufferFull", Time since last: 993393875 ns, Reaching safepoint: 168965 ns, At safepoint: 3552 ns, Total: 172517 ns
[2024-02-22T01:05:28.385+0000][7][safepoint   ] Safepoint "ICBufferFull", Time since last: 517407946 ns, Reaching safepoint: 158459 ns, At safepoint: 4799 ns, Total: 163258 ns
[2024-02-22T01:05:29.138+0000][7][gc,start    ] GC(8) Pause Young (Concurrent Start) (Metadata GC Threshold)
[2024-02-22T01:05:29.138+0000][7][gc,task     ] GC(8) Using 8 workers of 8 for evacuation
[2024-02-22T01:05:29.138+0000][7][gc,age      ] GC(8) Desired survivor size 41943040 bytes, new threshold 15 (max threshold 15)
[2024-02-22T01:05:29.163+0000][7][gc,phases   ] GC(8)   Pre Evacuate Collection Set: 0.2ms
[2024-02-22T01:05:29.163+0000][7][gc,phases   ] GC(8)   Merge Heap Roots: 0.2ms
[2024-02-22T01:05:29.163+0000][7][gc,phases   ] GC(8)   Evacuate Collection Set: 21.9ms
[2024-02-22T01:05:29.163+0000][7][gc,phases   ] GC(8)   Post Evacuate Collection Set: 2.0ms
[2024-02-22T01:05:29.163+0000][7][gc,phases   ] GC(8)   Other: 0.1ms
[2024-02-22T01:05:29.163+0000][7][gc,age      ] GC(8) Age table with threshold 15 (max threshold 15)
[2024-02-22T01:05:29.163+0000][7][gc,age      ] GC(8) - age   1:   24638208 bytes,   24638208 total
[2024-02-22T01:05:29.163+0000][7][gc,age      ] GC(8) - age   2:    4448104 bytes,   29086312 total
[2024-02-22T01:05:29.163+0000][7][gc,age      ] GC(8) - age   3:    8745464 bytes,   37831776 total
[2024-02-22T01:05:29.163+0000][7][gc,age      ] GC(8) - age   4:    1238952 bytes,   39070728 total
[2024-02-22T01:05:29.163+0000][7][gc,age      ] GC(8) - age   5:    1472624 bytes,   40543352 total
[2024-02-22T01:05:29.163+0000][7][gc,age      ] GC(8) - age   6:    1201840 bytes,   41745192 total
[2024-02-22T01:05:29.163+0000][7][gc,heap     ] GC(8) Eden regions: 101->0(142)
[2024-02-22T01:05:29.163+0000][7][gc,heap     ] GC(8) Survivor regions: 5->11(20)
[2024-02-22T01:05:29.163+0000][7][gc,heap     ] GC(8) Old regions: 2->2
[2024-02-22T01:05:29.163+0000][7][gc,heap     ] GC(8) Archive regions: 2->2
[2024-02-22T01:05:29.163+0000][7][gc,heap     ] GC(8) Humongous regions: 0->0
[2024-02-22T01:05:29.163+0000][7][gc,metaspace] GC(8) Metaspace: 58642K(59968K)->58642K(59968K) NonClass: 51088K(51840K)->51088K(51840K) Class: 7553K(8128K)->7553K(8128K)
[2024-02-22T01:05:29.163+0000][7][gc          ] GC(8) Pause Young (Concurrent Start) (Metadata GC Threshold) 429M->51M(1024M) 24.783ms
[2024-02-22T01:05:29.163+0000][7][gc          ] GC(9) Concurrent Mark Cycle
[2024-02-22T01:05:29.163+0000][7][gc,cpu      ] GC(8) User=0.13s Sys=0.00s Real=0.03s
[2024-02-22T01:05:29.163+0000][7][gc,marking  ] GC(9) Concurrent Clear Claimed Marks
[2024-02-22T01:05:29.163+0000][7][safepoint   ] Safepoint "CollectForMetadataAllocation", Time since last: 753758073 ns, Reaching safepoint: 100732 ns, At safepoint: 25106766 ns, Total: 25207498 ns
[2024-02-22T01:05:29.163+0000][7][gc,marking  ] GC(9) Concurrent Clear Claimed Marks 0.192ms
[2024-02-22T01:05:29.164+0000][7][gc,marking  ] GC(9) Concurrent Scan Root Regions
[2024-02-22T01:05:29.179+0000][7][gc,marking  ] GC(9) Concurrent Scan Root Regions 15.934ms
[2024-02-22T01:05:29.179+0000][7][gc,marking  ] GC(9) Concurrent Mark
[2024-02-22T01:05:29.179+0000][7][gc,marking  ] GC(9) Concurrent Mark From Roots
[2024-02-22T01:05:29.179+0000][7][gc,task     ] GC(9) Using 2 workers of 2 for marking
[2024-02-22T01:05:29.186+0000][7][gc,marking  ] GC(9) Concurrent Mark From Roots 6.380ms
[2024-02-22T01:05:29.186+0000][7][gc,marking  ] GC(9) Concurrent Preclean
[2024-02-22T01:05:29.186+0000][7][gc,marking  ] GC(9) Concurrent Preclean 0.033ms
[2024-02-22T01:05:29.186+0000][7][gc,start    ] GC(9) Pause Remark
[2024-02-22T01:05:29.194+0000][7][gc          ] GC(9) Pause Remark 53M->53M(1024M) 7.407ms
[2024-02-22T01:05:29.194+0000][7][gc,cpu      ] GC(9) User=0.02s Sys=0.00s Real=0.01s
[2024-02-22T01:05:29.194+0000][7][safepoint   ] Safepoint "G1Concurrent", Time since last: 22515772 ns, Reaching safepoint: 94133 ns, At safepoint: 7480821 ns, Total: 7574954 ns
[2024-02-22T01:05:29.194+0000][7][gc,marking  ] GC(9) Concurrent Mark 14.127ms
[2024-02-22T01:05:29.194+0000][7][gc,marking  ] GC(9) Concurrent Rebuild Remembered Sets
[2024-02-22T01:05:29.198+0000][7][gc,marking  ] GC(9) Concurrent Rebuild Remembered Sets 4.850ms
[2024-02-22T01:05:29.199+0000][7][gc,start    ] GC(9) Pause Cleanup
[2024-02-22T01:05:29.199+0000][7][gc          ] GC(9) Pause Cleanup 53M->53M(1024M) 0.096ms
[2024-02-22T01:05:29.199+0000][7][gc,cpu      ] GC(9) User=0.00s Sys=0.00s Real=0.00s
[2024-02-22T01:05:29.199+0000][7][safepoint   ] Safepoint "G1Concurrent", Time since last: 4981860 ns, Reaching safepoint: 38437 ns, At safepoint: 130039 ns, Total: 168476 ns
[2024-02-22T01:05:29.199+0000][7][gc,marking  ] GC(9) Concurrent Cleanup for Next Mark
[2024-02-22T01:05:29.201+0000][7][gc,marking  ] GC(9) Concurrent Cleanup for Next Mark 2.005ms
[2024-02-22T01:05:29.201+0000][7][gc          ] GC(9) Concurrent Mark Cycle 37.543ms
[2024-02-22T01:05:30.196+0000][7][safepoint   ] Safepoint "ICBufferFull", Time since last: 997124114 ns, Reaching safepoint: 155936 ns, At safepoint: 4831 ns, Total: 160767 ns
[2024-02-22T01:05:31.296+0000][7][safepoint   ] Safepoint "Cleanup", Time since last: 1099481363 ns, Reaching safepoint: 229725 ns, At safepoint: 4035 ns, Total: 233760 ns
[2024-02-22T01:05:32.339+0000][7][safepoint   ] Safepoint "Cleanup", Time since last: 1042767781 ns, Reaching safepoint: 813778 ns, At safepoint: 5723 ns, Total: 819501 ns
[2024-02-22T01:05:32.758+0000][7][safepoint   ] Safepoint "ICBufferFull", Time since last: 418052434 ns, Reaching safepoint: 216931 ns, At safepoint: 2447 ns, Total: 219378 ns
[2024-02-22T01:05:33.442+0000][7][safepoint   ] Safepoint "ICBufferFull", Time since last: 683998889 ns, Reaching safepoint: 309042 ns, At safepoint: 2883 ns, Total: 311925 ns
[2024-02-22T01:05:33.442+0000][7][gc,start    ] GC(10) Pause Young (Concurrent Start) (Metadata GC Threshold)
[2024-02-22T01:05:33.443+0000][7][gc,task     ] GC(10) Using 8 workers of 8 for evacuation
[2024-02-22T01:05:33.443+0000][7][gc,age      ] GC(10) Desired survivor size 41943040 bytes, new threshold 15 (max threshold 15)
[2024-02-22T01:05:33.475+0000][7][gc,phases   ] GC(10)   Pre Evacuate Collection Set: 0.3ms
[2024-02-22T01:05:33.475+0000][7][gc,phases   ] GC(10)   Merge Heap Roots: 0.1ms
[2024-02-22T01:05:33.475+0000][7][gc,phases   ] GC(10)   Evacuate Collection Set: 29.1ms
[2024-02-22T01:05:33.475+0000][7][gc,phases   ] GC(10)   Post Evacuate Collection Set: 3.1ms
[2024-02-22T01:05:33.475+0000][7][gc,phases   ] GC(10)   Other: 0.1ms
[2024-02-22T01:05:33.475+0000][7][gc,age      ] GC(10) Age table with threshold 15 (max threshold 15)
[2024-02-22T01:05:33.475+0000][7][gc,age      ] GC(10) - age   1:   17153232 bytes,   17153232 total
[2024-02-22T01:05:33.475+0000][7][gc,age      ] GC(10) - age   2:   23991608 bytes,   41144840 total
[2024-02-22T01:05:33.475+0000][7][gc,age      ] GC(10) - age   3:    4417624 bytes,   45562464 total
[2024-02-22T01:05:33.475+0000][7][gc,age      ] GC(10) - age   4:    8710232 bytes,   54272696 total
[2024-02-22T01:05:33.475+0000][7][gc,age      ] GC(10) - age   5:    1234480 bytes,   55507176 total
[2024-02-22T01:05:33.475+0000][7][gc,age      ] GC(10) - age   6:    1468576 bytes,   56975752 total
[2024-02-22T01:05:33.475+0000][7][gc,age      ] GC(10) - age   7:    1198880 bytes,   58174632 total
[2024-02-22T01:05:33.475+0000][7][gc,heap     ] GC(10) Eden regions: 115->0(138)
[2024-02-22T01:05:33.475+0000][7][gc,heap     ] GC(10) Survivor regions: 11->15(20)
[2024-02-22T01:05:33.475+0000][7][gc,heap     ] GC(10) Old regions: 2->2
[2024-02-22T01:05:33.475+0000][7][gc,heap     ] GC(10) Archive regions: 2->2
[2024-02-22T01:05:33.475+0000][7][gc,heap     ] GC(10) Humongous regions: 0->0
[2024-02-22T01:05:33.475+0000][7][gc,metaspace] GC(10) Metaspace: 97336K(100288K)->97336K(100288K) NonClass: 84166K(85696K)->84166K(85696K) Class: 13170K(14592K)->13170K(14592K)
[2024-02-22T01:05:33.475+0000][7][gc          ] GC(10) Pause Young (Concurrent Start) (Metadata GC Threshold) 511M->68M(1024M) 32.746ms
[2024-02-22T01:05:33.475+0000][7][gc,cpu      ] GC(10) User=0.19s Sys=0.00s Real=0.03s
[2024-02-22T01:05:33.475+0000][7][gc          ] GC(11) Concurrent Mark Cycle
[2024-02-22T01:05:33.475+0000][7][gc,marking  ] GC(11) Concurrent Clear Claimed Marks
[2024-02-22T01:05:33.475+0000][7][safepoint   ] Safepoint "CollectForMetadataAllocation", Time since last: 534496 ns, Reaching safepoint: 32858 ns, At safepoint: 32865856 ns, Total: 32898714 ns
[2024-02-22T01:05:33.476+0000][7][gc,marking  ] GC(11) Concurrent Clear Claimed Marks 0.292ms
[2024-02-22T01:05:33.476+0000][7][gc,marking  ] GC(11) Concurrent Scan Root Regions
[2024-02-22T01:05:33.501+0000][7][gc,marking  ] GC(11) Concurrent Scan Root Regions 25.366ms
[2024-02-22T01:05:33.501+0000][7][gc,marking  ] GC(11) Concurrent Mark
[2024-02-22T01:05:33.501+0000][7][gc,marking  ] GC(11) Concurrent Mark From Roots
[2024-02-22T01:05:33.501+0000][7][gc,task     ] GC(11) Using 2 workers of 2 for marking
[2024-02-22T01:05:33.508+0000][7][gc,marking  ] GC(11) Concurrent Mark From Roots 6.550ms
[2024-02-22T01:05:33.508+0000][7][gc,marking  ] GC(11) Concurrent Preclean
[2024-02-22T01:05:33.508+0000][7][gc,marking  ] GC(11) Concurrent Preclean 0.047ms
[2024-02-22T01:05:33.508+0000][7][gc,start    ] GC(11) Pause Remark
[2024-02-22T01:05:33.510+0000][7][gc          ] GC(11) Pause Remark 86M->86M(1024M) 2.710ms
[2024-02-22T01:05:33.511+0000][7][gc,cpu      ] GC(11) User=0.02s Sys=0.00s Real=0.00s
[2024-02-22T01:05:33.511+0000][7][safepoint   ] Safepoint "G1Concurrent", Time since last: 32340177 ns, Reaching safepoint: 87291 ns, At safepoint: 2780907 ns, Total: 2868198 ns
[2024-02-22T01:05:33.511+0000][7][gc,marking  ] GC(11) Concurrent Mark 9.560ms
[2024-02-22T01:05:33.511+0000][7][gc,marking  ] GC(11) Concurrent Rebuild Remembered Sets
[2024-02-22T01:05:33.515+0000][7][gc,marking  ] GC(11) Concurrent Rebuild Remembered Sets 4.261ms
[2024-02-22T01:05:33.515+0000][7][gc,start    ] GC(11) Pause Cleanup
[2024-02-22T01:05:33.515+0000][7][gc          ] GC(11) Pause Cleanup 86M->86M(1024M) 0.071ms
[2024-02-22T01:05:33.515+0000][7][gc,cpu      ] GC(11) User=0.00s Sys=0.00s Real=0.00s
[2024-02-22T01:05:33.515+0000][7][safepoint   ] Safepoint "G1Concurrent", Time since last: 4366105 ns, Reaching safepoint: 57331 ns, At safepoint: 101263 ns, Total: 158594 ns
[2024-02-22T01:05:33.515+0000][7][gc,marking  ] GC(11) Concurrent Cleanup for Next Mark
[2024-02-22T01:05:33.517+0000][7][gc,marking  ] GC(11) Concurrent Cleanup for Next Mark 2.203ms
[2024-02-22T01:05:33.517+0000][7][gc          ] GC(11) Concurrent Mark Cycle 42.067ms
[2024-02-22T01:05:33.731+0000][7][safepoint   ] Safepoint "ICBufferFull", Time since last: 215856109 ns, Reaching safepoint: 178661 ns, At safepoint: 2844 ns, Total: 181505 ns
[2024-02-22T01:05:33.858+0000][7][safepoint   ] Safepoint "ICBufferFull", Time since last: 127108591 ns, Reaching safepoint: 134058 ns, At safepoint: 3592 ns, Total: 137650 ns
[2024-02-22T01:05:34.374+0000][7][safepoint   ] Safepoint "ICBufferFull", Time since last: 515067900 ns, Reaching safepoint: 126536 ns, At safepoint: 3552 ns, Total: 130088 ns
[2024-02-22T01:05:34.838+0000][7][safepoint   ] Safepoint "ICBufferFull", Time since last: 464797276 ns, Reaching safepoint: 135135 ns, At safepoint: 4574 ns, Total: 139709 ns
[2024-02-22T01:05:34.987+0000][7][safepoint   ] Safepoint "ICBufferFull", Time since last: 148446838 ns, Reaching safepoint: 185507 ns, At safepoint: 4130 ns, Total: 189637 ns
[2024-02-22T01:05:35.090+0000][7][safepoint   ] Safepoint "ICBufferFull", Time since last: 102667991 ns, Reaching safepoint: 187663 ns, At safepoint: 8166 ns, Total: 195829 ns
[2024-02-22T01:05:35.230+0000][7][safepoint   ] Safepoint "ICBufferFull", Time since last: 139693572 ns, Reaching safepoint: 173553 ns, At safepoint: 5271 ns, Total: 178824 ns
[2024-02-22T01:05:35.371+0000][7][safepoint   ] Safepoint "ICBufferFull", Time since last: 140887705 ns, Reaching safepoint: 216506 ns, At safepoint: 6294 ns, Total: 222800 ns
[2024-02-22T01:05:35.645+0000][7][safepoint   ] Safepoint "ICBufferFull", Time since last: 273409492 ns, Reaching safepoint: 170002 ns, At safepoint: 4921 ns, Total: 174923 ns
[2024-02-22T01:05:36.385+0000][7][safepoint   ] Safepoint "ICBufferFull", Time since last: 740593622 ns, Reaching safepoint: 147668 ns, At safepoint: 5018 ns, Total: 152686 ns
[2024-02-22T01:05:36.783+0000][7][safepoint   ] Safepoint "ICBufferFull", Time since last: 397676558 ns, Reaching safepoint: 151550 ns, At safepoint: 3244 ns, Total: 154794 ns
[2024-02-22T01:05:36.942+0000][7][safepoint   ] Safepoint "ICBufferFull", Time since last: 158672406 ns, Reaching safepoint: 182119 ns, At safepoint: 7922 ns, Total: 190041 ns
[2024-02-22T01:05:37.379+0000][7][safepoint   ] Safepoint "ICBufferFull", Time since last: 436576055 ns, Reaching safepoint: 230077 ns, At safepoint: 14928 ns, Total: 245005 ns
[2024-02-22T01:05:37.676+0000][7][safepoint   ] Safepoint "ICBufferFull", Time since last: 296626288 ns, Reaching safepoint: 167591 ns, At safepoint: 8145 ns, Total: 175736 ns
[2024-02-22T01:05:37.851+0000][7][safepoint   ] Safepoint "ICBufferFull", Time since last: 175185830 ns, Reaching safepoint: 240059 ns, At safepoint: 14740 ns, Total: 254799 ns
[2024-02-22T01:05:38.031+0000][7][gc,start    ] GC(12) Pause Young (Normal) (G1 Evacuation Pause)
[2024-02-22T01:05:38.031+0000][7][gc,task     ] GC(12) Using 8 workers of 8 for evacuation
[2024-02-22T01:05:38.031+0000][7][gc,age      ] GC(12) Desired survivor size 41943040 bytes, new threshold 3 (max threshold 15)
[2024-02-22T01:05:38.148+0000][7][gc,phases   ] GC(12)   Pre Evacuate Collection Set: 0.1ms
[2024-02-22T01:05:38.148+0000][7][gc,phases   ] GC(12)   Merge Heap Roots: 0.1ms
[2024-02-22T01:05:38.148+0000][7][gc,phases   ] GC(12)   Evacuate Collection Set: 88.8ms
[2024-02-22T01:05:38.148+0000][7][gc,phases   ] GC(12)   Post Evacuate Collection Set: 28.2ms
[2024-02-22T01:05:38.148+0000][7][gc,phases   ] GC(12)   Other: 0.1ms
[2024-02-22T01:05:38.148+0000][7][gc,age      ] GC(12) Age table with threshold 3 (max threshold 15)
[2024-02-22T01:05:38.148+0000][7][gc,age      ] GC(12) - age   1:   24688088 bytes,   24688088 total
[2024-02-22T01:05:38.148+0000][7][gc,age      ] GC(12) - age   2:   16521184 bytes,   41209272 total
[2024-02-22T01:05:38.148+0000][7][gc,age      ] GC(12) - age   3:   23740336 bytes,   64949608 total
[2024-02-22T01:05:38.148+0000][7][gc,heap     ] GC(12) Eden regions: 138->0(136)
[2024-02-22T01:05:38.148+0000][7][gc,heap     ] GC(12) Survivor regions: 15->17(20)
[2024-02-22T01:05:38.148+0000][7][gc,heap     ] GC(12) Old regions: 2->6
[2024-02-22T01:05:38.148+0000][7][gc,heap     ] GC(12) Archive regions: 2->2
[2024-02-22T01:05:38.148+0000][7][gc,heap     ] GC(12) Humongous regions: 0->0
[2024-02-22T01:05:38.148+0000][7][gc,metaspace] GC(12) Metaspace: 115709K(118976K)->115709K(118976K) NonClass: 99988K(101632K)->99988K(101632K) Class: 15720K(17344K)->15720K(17344K)
[2024-02-22T01:05:38.148+0000][7][gc          ] GC(12) Pause Young (Normal) (G1 Evacuation Pause) 620M->94M(1024M) 117.673ms
[2024-02-22T01:05:38.148+0000][7][gc,cpu      ] GC(12) User=0.43s Sys=0.00s Real=0.12s
[2024-02-22T01:05:38.148+0000][7][safepoint   ] Safepoint "G1CollectForAllocation", Time since last: 179231183 ns, Reaching safepoint: 169094 ns, At safepoint: 117835868 ns, Total: 118004962 ns
[2024-02-22T01:05:38.871+0000][7][safepoint   ] Safepoint "ICBufferFull", Time since last: 722472077 ns, Reaching safepoint: 214548 ns, At safepoint: 12315 ns, Total: 226863 ns
[2024-02-22T01:05:39.871+0000][7][safepoint   ] Safepoint "Cleanup", Time since last: 1000102490 ns, Reaching safepoint: 64600 ns, At safepoint: 4562 ns, Total: 69162 ns
[2024-02-22T01:05:40.871+0000][7][safepoint   ] Safepoint "Cleanup", Time since last: 1000190659 ns, Reaching safepoint: 55834 ns, At safepoint: 4519 ns, Total: 60353 ns
[2024-02-22T01:05:41.376+0000][7][safepoint   ] Safepoint "ICBufferFull", Time since last: 503621790 ns, Reaching safepoint: 556191 ns, At safepoint: 10801 ns, Total: 566992 ns
[2024-02-22T01:05:41.944+0000][7][safepoint   ] Safepoint "ICBufferFull", Time since last: 567767025 ns, Reaching safepoint: 242537 ns, At safepoint: 7221 ns, Total: 249758 ns
[2024-02-22T01:05:42.944+0000][7][safepoint   ] Safepoint "Cleanup", Time since last: 1000144253 ns, Reaching safepoint: 198921 ns, At safepoint: 15211 ns, Total: 214132 ns
[2024-02-22T01:05:43.944+0000][7][safepoint   ] Safepoint "Cleanup", Time since last: 1000152842 ns, Reaching safepoint: 100457 ns, At safepoint: 6656 ns, Total: 107113 ns
[2024-02-22T01:05:44.666+0000][7][safepoint   ] Safepoint "ICBufferFull", Time since last: 717172951 ns, Reaching safepoint: 4790051 ns, At safepoint: 7518 ns, Total: 4797569 ns
[2024-02-22T01:05:44.666+0000][7][safepoint   ] Safepoint "ICBufferFull", Time since last: 99792 ns, Reaching safepoint: 91768 ns, At safepoint: 4908 ns, Total: 96676 ns
[2024-02-22T01:05:45.707+0000][7][safepoint   ] Safepoint "Cleanup", Time since last: 1040774761 ns, Reaching safepoint: 157882 ns, At safepoint: 10276 ns, Total: 168158 ns
[2024-02-22T01:05:46.708+0000][7][safepoint   ] Safepoint "Cleanup", Time since last: 1000163993 ns, Reaching safepoint: 103502 ns, At safepoint: 7566 ns, Total: 111068 ns
[2024-02-22T01:05:47.461+0000][7][safepoint   ] Safepoint "ICBufferFull", Time since last: 753393678 ns, Reaching safepoint: 260953 ns, At safepoint: 21428 ns, Total: 282381 ns
[2024-02-22T01:05:47.462+0000][7][safepoint   ] Safepoint "ICBufferFull", Time since last: 92145 ns, Reaching safepoint: 177509 ns, At safepoint: 13712 ns, Total: 191221 ns
[2024-02-22T01:05:47.632+0000][7][safepoint   ] Safepoint "ICBufferFull", Time since last: 170243104 ns, Reaching safepoint: 228894 ns, At safepoint: 10636 ns, Total: 239530 ns
[2024-02-22T01:05:47.914+0000][7][safepoint   ] Safepoint "ICBufferFull", Time since last: 281981031 ns, Reaching safepoint: 176160 ns, At safepoint: 5904 ns, Total: 182064 ns
[2024-02-22T01:05:48.915+0000][7][safepoint   ] Safepoint "Cleanup", Time since last: 1000142423 ns, Reaching safepoint: 164124 ns, At safepoint: 6702 ns, Total: 170826 ns
[2024-02-22T01:05:49.915+0000][7][safepoint   ] Safepoint "Cleanup", Time since last: 1000235699 ns, Reaching safepoint: 142253 ns, At safepoint: 11480 ns, Total: 153733 ns
[2024-02-22T01:05:50.497+0000][7][safepoint   ] Safepoint "ICBufferFull", Time since last: 581731979 ns, Reaching safepoint: 171197 ns, At safepoint: 5071 ns, Total: 176268 ns
[2024-02-22T01:05:51.497+0000][7][safepoint   ] Safepoint "Cleanup", Time since last: 1000116423 ns, Reaching safepoint: 136202 ns, At safepoint: 9184 ns, Total: 145386 ns
[2024-02-22T01:05:53.497+0000][7][safepoint   ] Safepoint "Cleanup", Time since last: 2000256581 ns, Reaching safepoint: 89680 ns, At safepoint: 9451 ns, Total: 99131 ns
[2024-02-22T01:05:54.498+0000][7][safepoint   ] Safepoint "Cleanup", Time since last: 1000140738 ns, Reaching safepoint: 92316 ns, At safepoint: 7439 ns, Total: 99755 ns
[2024-02-22T01:05:56.498+0000][7][safepoint   ] Safepoint "Cleanup", Time since last: 2000384706 ns, Reaching safepoint: 106680 ns, At safepoint: 11331 ns, Total: 118011 ns
[2024-02-22T01:05:57.498+0000][7][safepoint   ] Safepoint "Cleanup", Time since last: 1000137809 ns, Reaching safepoint: 137681 ns, At safepoint: 11164 ns, Total: 148845 ns
[2024-02-22T01:05:58.499+0000][7][safepoint   ] Safepoint "Cleanup", Time since last: 1000335576 ns, Reaching safepoint: 100844 ns, At safepoint: 9695 ns, Total: 110539 ns
[2024-02-22T01:05:59.499+0000][7][safepoint   ] Safepoint "Cleanup", Time since last: 1000141667 ns, Reaching safepoint: 176033 ns, At safepoint: 7278 ns, Total: 183311 ns
[2024-02-22T01:06:01.500+0000][7][safepoint   ] Safepoint "Cleanup", Time since last: 2000185256 ns, Reaching safepoint: 114572 ns, At safepoint: 9495 ns, Total: 124067 ns
[2024-02-22T01:06:02.500+0000][7][safepoint   ] Safepoint "Cleanup", Time since last: 1000123326 ns, Reaching safepoint: 85988 ns, At safepoint: 5393 ns, Total: 91381 ns
[2024-02-22T01:06:03.500+0000][7][safepoint   ] Safepoint "Cleanup", Time since last: 1000208047 ns, Reaching safepoint: 77051 ns, At safepoint: 14102 ns, Total: 91153 ns
[2024-02-22T01:06:04.500+0000][7][safepoint   ] Safepoint "Cleanup", Time since last: 1000141930 ns, Reaching safepoint: 116993 ns, At safepoint: 12923 ns, Total: 129916 ns
[2024-02-22T01:06:05.501+0000][7][safepoint   ] Safepoint "Cleanup", Time since last: 1000120291 ns, Reaching safepoint: 101956 ns, At safepoint: 6275 ns, Total: 108231 ns
[2024-02-22T01:06:06.501+0000][7][safepoint   ] Safepoint "Cleanup", Time since last: 1000138094 ns, Reaching safepoint: 78815 ns, At safepoint: 7685 ns, Total: 86500 ns
[2024-02-22T01:06:07.501+0000][7][safepoint   ] Safepoint "Cleanup", Time since last: 1000162759 ns, Reaching safepoint: 55621 ns, At safepoint: 7613 ns, Total: 63234 ns
[2024-02-22T01:06:08.501+0000][7][safepoint   ] Safepoint "Cleanup", Time since last: 1000134448 ns, Reaching safepoint: 192724 ns, At safepoint: 8379 ns, Total: 201103 ns
[2024-02-22T01:06:09.502+0000][7][safepoint   ] Safepoint "Cleanup", Time since last: 1000149931 ns, Reaching safepoint: 80564 ns, At safepoint: 9859 ns, Total: 90423 ns
[2024-02-22T01:06:11.502+0000][7][safepoint   ] Safepoint "Cleanup", Time since last: 2000225495 ns, Reaching safepoint: 180981 ns, At safepoint: 7547 ns, Total: 188528 ns
[2024-02-22T01:06:12.502+0000][7][safepoint   ] Safepoint "Cleanup", Time since last: 1000211894 ns, Reaching safepoint: 80020 ns, At safepoint: 9255 ns, Total: 89275 ns
[2024-02-22T01:06:14.503+0000][7][safepoint   ] Safepoint "Cleanup", Time since last: 2000332908 ns, Reaching safepoint: 144735 ns, At safepoint: 5592 ns, Total: 150327 ns
[2024-02-22T01:06:15.503+0000][7][safepoint   ] Safepoint "Cleanup", Time since last: 1000115779 ns, Reaching safepoint: 64331 ns, At safepoint: 14104 ns, Total: 78435 ns
[2024-02-22T01:06:16.503+0000][7][safepoint   ] Safepoint "Cleanup", Time since last: 1000119956 ns, Reaching safepoint: 73431 ns, At safepoint: 12996 ns, Total: 86427 ns
[2024-02-22T01:06:17.503+0000][7][safepoint   ] Safepoint "Cleanup", Time since last: 1000132381 ns, Reaching safepoint: 132155 ns, At safepoint: 12894 ns, Total: 145049 ns
[2024-02-22T01:06:18.504+0000][7][safepoint   ] Safepoint "Cleanup", Time since last: 1000134665 ns, Reaching safepoint: 73825 ns, At safepoint: 22097 ns, Total: 95922 ns
[2024-02-22T01:06:19.504+0000][7][safepoint   ] Safepoint "Cleanup", Time since last: 1000123328 ns, Reaching safepoint: 41041 ns, At safepoint: 4554 ns, Total: 45595 ns
[2024-02-22T01:06:20.504+0000][7][safepoint   ] Safepoint "Cleanup", Time since last: 1000115149 ns, Reaching safepoint: 120116 ns, At safepoint: 7536 ns, Total: 127652 ns
[2024-02-22T01:06:21.504+0000][7][safepoint   ] Safepoint "Cleanup", Time since last: 1000146556 ns, Reaching safepoint: 86019 ns, At safepoint: 7953 ns, Total: 93972 ns
[2024-02-22T01:06:23.505+0000][7][safepoint   ] Safepoint "Cleanup", Time since last: 2000214333 ns, Reaching safepoint: 149286 ns, At safepoint: 8524 ns, Total: 157810 ns
[2024-02-22T01:06:24.505+0000][7][safepoint   ] Safepoint "Cleanup", Time since last: 1000138616 ns, Reaching safepoint: 99842 ns, At safepoint: 23125 ns, Total: 122967 ns
[2024-02-22T01:06:26.846+0000][7][safepoint   ] Safepoint "Cleanup", Time since last: 2341233443 ns, Reaching safepoint: 157557 ns, At safepoint: 4894 ns, Total: 162451 ns
[2024-02-22T01:06:28.847+0000][7][safepoint   ] Safepoint "Cleanup", Time since last: 2000216825 ns, Reaching safepoint: 112137 ns, At safepoint: 22794 ns, Total: 134931 ns
[2024-02-22T01:06:30.330+0000][7][safepoint   ] Safepoint "Cleanup", Time since last: 1483625870 ns, Reaching safepoint: 118409 ns, At safepoint: 8061 ns, Total: 126470 ns
[2024-02-22T01:06:32.331+0000][7][safepoint   ] Safepoint "Cleanup", Time since last: 2000212096 ns, Reaching safepoint: 73464 ns, At safepoint: 6390 ns, Total: 79854 ns
[2024-02-22T01:06:33.331+0000][7][safepoint   ] Safepoint "Cleanup", Time since last: 1000173124 ns, Reaching safepoint: 129651 ns, At safepoint: 12246 ns, Total: 141897 ns
[2024-02-22T01:06:34.331+0000][7][safepoint   ] Safepoint "Cleanup", Time since last: 1000118465 ns, Reaching safepoint: 72036 ns, At safepoint: 6717 ns, Total: 78753 ns
[2024-02-22T01:06:35.332+0000][7][safepoint   ] Safepoint "Cleanup", Time since last: 1000127244 ns, Reaching safepoint: 80942 ns, At safepoint: 5683 ns, Total: 86625 ns
[2024-02-22T01:06:36.332+0000][7][safepoint   ] Safepoint "Cleanup", Time since last: 1000218442 ns, Reaching safepoint: 160209 ns, At safepoint: 13174 ns, Total: 173383 ns
[2024-02-22T01:06:37.332+0000][7][safepoint   ] Safepoint "Cleanup", Time since last: 1000114371 ns, Reaching safepoint: 54485 ns, At safepoint: 11858 ns, Total: 66343 ns
[2024-02-22T01:06:38.332+0000][7][safepoint   ] Safepoint "Cleanup", Time since last: 1000142857 ns, Reaching safepoint: 201889 ns, At safepoint: 8022 ns, Total: 209911 ns
[2024-02-22T01:06:39.333+0000][7][safepoint   ] Safepoint "Cleanup", Time since last: 1000138323 ns, Reaching safepoint: 119722 ns, At safepoint: 14378 ns, Total: 134100 ns
[2024-02-22T01:06:40.333+0000][7][safepoint   ] Safepoint "Cleanup", Time since last: 1000124865 ns, Reaching safepoint: 56952 ns, At safepoint: 4814 ns, Total: 61766 ns
[2024-02-22T01:06:41.333+0000][7][safepoint   ] Safepoint "Cleanup", Time since last: 1000118190 ns, Reaching safepoint: 104248 ns, At safepoint: 6860 ns, Total: 111108 ns
[2024-02-22T01:06:42.333+0000][7][safepoint   ] Safepoint "Cleanup", Time since last: 1000116234 ns, Reaching safepoint: 84715 ns, At safepoint: 9465 ns, Total: 94180 ns
[2024-02-22T01:06:44.334+0000][7][safepoint   ] Safepoint "Cleanup", Time since last: 2000190008 ns, Reaching safepoint: 186963 ns, At safepoint: 14185 ns, Total: 201148 ns
[2024-02-22T01:06:45.334+0000][7][safepoint   ] Safepoint "Cleanup", Time since last: 1000122182 ns, Reaching safepoint: 141956 ns, At safepoint: 7919 ns, Total: 149875 ns
[2024-02-22T01:06:46.334+0000][7][safepoint   ] Safepoint "Cleanup", Time since last: 1000136289 ns, Reaching safepoint: 81996 ns, At safepoint: 5801 ns, Total: 87797 ns
[2024-02-22T01:06:47.335+0000][7][safepoint   ] Safepoint "Cleanup", Time since last: 1000122875 ns, Reaching safepoint: 198657 ns, At safepoint: 6245 ns, Total: 204902 ns
[2024-02-22T01:06:48.335+0000][7][safepoint   ] Safepoint "Cleanup", Time since last: 1000139505 ns, Reaching safepoint: 76310 ns, At safepoint: 7273 ns, Total: 83583 ns
[2024-02-22T01:06:49.335+0000][7][safepoint   ] Safepoint "Cleanup", Time since last: 1000147213 ns, Reaching safepoint: 75577 ns, At safepoint: 5856 ns, Total: 81433 ns
[2024-02-22T01:06:50.335+0000][7][safepoint   ] Safepoint "Cleanup", Time since last: 1000126155 ns, Reaching safepoint: 119132 ns, At safepoint: 7508 ns, Total: 126640 ns
[2024-02-22T01:06:50.413+0000][7][safepoint   ] Safepoint "ICBufferFull", Time since last: 77563268 ns, Reaching safepoint: 168001 ns, At safepoint: 11315 ns, Total: 179316 ns
[2024-02-22T01:06:51.414+0000][7][safepoint   ] Safepoint "Cleanup", Time since last: 1000159935 ns, Reaching safepoint: 372917 ns, At safepoint: 16627 ns, Total: 389544 ns
[2024-02-22T01:06:52.414+0000][7][safepoint   ] Safepoint "Cleanup", Time since last: 1000112335 ns, Reaching safepoint: 61705 ns, At safepoint: 4423 ns, Total: 66128 ns
[2024-02-22T01:06:53.414+0000][7][safepoint   ] Safepoint "Cleanup", Time since last: 1000178051 ns, Reaching safepoint: 179885 ns, At safepoint: 16341 ns, Total: 196226 ns
[2024-02-22T01:06:54.414+0000][7][safepoint   ] Safepoint "Cleanup", Time since last: 1000160998 ns, Reaching safepoint: 77268 ns, At safepoint: 9139 ns, Total: 86407 ns
[2024-02-22T01:06:56.415+0000][7][safepoint   ] Safepoint "Cleanup", Time since last: 2000214953 ns, Reaching safepoint: 72176 ns, At safepoint: 4995 ns, Total: 77171 ns
[2024-02-22T01:06:57.415+0000][7][safepoint   ] Safepoint "Cleanup", Time since last: 1000121092 ns, Reaching safepoint: 73427 ns, At safepoint: 8251 ns, Total: 81678 ns
[2024-02-22T01:06:59.354+0000][7][safepoint   ] Safepoint "Cleanup", Time since last: 1938947072 ns, Reaching safepoint: 32290 ns, At safepoint: 7693 ns, Total: 39983 ns
[2024-02-22T01:07:00.354+0000][7][safepoint   ] Safepoint "Cleanup", Time since last: 1000113996 ns, Reaching safepoint: 168208 ns, At safepoint: 7774 ns, Total: 175982 ns
[2024-02-22T01:07:02.354+0000][7][safepoint   ] Safepoint "Cleanup", Time since last: 2000206364 ns, Reaching safepoint: 71679 ns, At safepoint: 4102 ns, Total: 75781 ns
[2024-02-22T01:07:03.355+0000][7][safepoint   ] Safepoint "Cleanup", Time since last: 1000116447 ns, Reaching safepoint: 163909 ns, At safepoint: 8626 ns, Total: 172535 ns
[2024-02-22T01:07:04.355+0000][7][safepoint   ] Safepoint "Cleanup", Time since last: 1000151006 ns, Reaching safepoint: 78741 ns, At safepoint: 6158 ns, Total: 84899 ns
[2024-02-22T01:07:05.355+0000][7][safepoint   ] Safepoint "Cleanup", Time since last: 1000142436 ns, Reaching safepoint: 51346 ns, At safepoint: 4802 ns, Total: 56148 ns
[2024-02-22T01:07:06.355+0000][7][safepoint   ] Safepoint "Cleanup", Time since last: 1000101921 ns, Reaching safepoint: 43466 ns, At safepoint: 3799 ns, Total: 47265 ns
[2024-02-22T01:07:08.356+0000][7][safepoint   ] Safepoint "Cleanup", Time since last: 2000205342 ns, Reaching safepoint: 100465 ns, At safepoint: 3505 ns, Total: 103970 ns
[2024-02-22T01:07:09.356+0000][7][safepoint   ] Safepoint "Cleanup", Time since last: 1000095060 ns, Reaching safepoint: 77364 ns, At safepoint: 3895 ns, Total: 81259 ns
[2024-02-22T01:07:11.356+0000][7][safepoint   ] Safepoint "Cleanup", Time since last: 2000175620 ns, Reaching safepoint: 65068 ns, At safepoint: 6825 ns, Total: 71893 ns
[2024-02-22T01:07:12.356+0000][7][safepoint   ] Safepoint "Cleanup", Time since last: 1000127000 ns, Reaching safepoint: 56861 ns, At safepoint: 4795 ns, Total: 61656 ns
[2024-02-22T01:07:14.356+0000][7][safepoint   ] Safepoint "Cleanup", Time since last: 2000206916 ns, Reaching safepoint: 85209 ns, At safepoint: 4097 ns, Total: 89306 ns
[2024-02-22T01:07:15.357+0000][7][safepoint   ] Safepoint "Cleanup", Time since last: 1000114538 ns, Reaching safepoint: 46546 ns, At safepoint: 4843 ns, Total: 51389 ns
[2024-02-22T01:07:16.357+0000][7][safepoint   ] Safepoint "Cleanup", Time since last: 1000103662 ns, Reaching safepoint: 57234 ns, At safepoint: 4265 ns, Total: 61499 ns
[2024-02-22T01:07:17.357+0000][7][safepoint   ] Safepoint "Cleanup", Time since last: 1000124689 ns, Reaching safepoint: 49870 ns, At safepoint: 4880 ns, Total: 54750 ns
[2024-02-22T01:07:20.357+0000][7][safepoint   ] Safepoint "Cleanup", Time since last: 3000267035 ns, Reaching safepoint: 88229 ns, At safepoint: 4699 ns, Total: 92928 ns
[2024-02-22T01:07:21.358+0000][7][safepoint   ] Safepoint "Cleanup", Time since last: 1000106968 ns, Reaching safepoint: 55149 ns, At safepoint: 4275 ns, Total: 59424 ns
[2024-02-22T01:07:22.358+0000][7][safepoint   ] Safepoint "Cleanup", Time since last: 1000109255 ns, Reaching safepoint: 45046 ns, At safepoint: 4568 ns, Total: 49614 ns
[2024-02-22T01:07:23.310+0000][7][gc,start    ] GC(13) Pause Young (Normal) (G1 Evacuation Pause)
[2024-02-22T01:07:23.310+0000][7][gc,task     ] GC(13) Using 8 workers of 8 for evacuation
[2024-02-22T01:07:23.310+0000][7][gc,age      ] GC(13) Desired survivor size 41943040 bytes, new threshold 3 (max threshold 15)
[2024-02-22T01:07:23.347+0000][7][gc,phases   ] GC(13)   Pre Evacuate Collection Set: 0.1ms
[2024-02-22T01:07:23.347+0000][7][gc,phases   ] GC(13)   Merge Heap Roots: 0.1ms
[2024-02-22T01:07:23.347+0000][7][gc,phases   ] GC(13)   Evacuate Collection Set: 33.7ms
[2024-02-22T01:07:23.347+0000][7][gc,phases   ] GC(13)   Post Evacuate Collection Set: 2.8ms
[2024-02-22T01:07:23.347+0000][7][gc,phases   ] GC(13)   Other: 0.1ms
[2024-02-22T01:07:23.347+0000][7][gc,age      ] GC(13) Age table with threshold 3 (max threshold 15)
[2024-02-22T01:07:23.347+0000][7][gc,age      ] GC(13) - age   1:    8424456 bytes,    8424456 total
[2024-02-22T01:07:23.347+0000][7][gc,age      ] GC(13) - age   2:   17229424 bytes,   25653880 total
[2024-02-22T01:07:23.347+0000][7][gc,age      ] GC(13) - age   3:   16517664 bytes,   42171544 total
[2024-02-22T01:07:23.347+0000][7][gc,heap     ] GC(13) Eden regions: 136->0(141)
[2024-02-22T01:07:23.347+0000][7][gc,heap     ] GC(13) Survivor regions: 17->12(20)
[2024-02-22T01:07:23.347+0000][7][gc,heap     ] GC(13) Old regions: 6->12
[2024-02-22T01:07:23.347+0000][7][gc,heap     ] GC(13) Archive regions: 2->2
[2024-02-22T01:07:23.347+0000][7][gc,heap     ] GC(13) Humongous regions: 0->0
[2024-02-22T01:07:23.347+0000][7][gc,metaspace] GC(13) Metaspace: 122928K(126528K)->122928K(126528K) NonClass: 106465K(108352K)->106465K(108352K) Class: 16463K(18176K)->16463K(18176K)
[2024-02-22T01:07:23.347+0000][7][gc          ] GC(13) Pause Young (Normal) (G1 Evacuation Pause) 638M->95M(1024M) 37.024ms
[2024-02-22T01:07:23.347+0000][7][gc,cpu      ] GC(13) User=0.19s Sys=0.00s Real=0.03s
[2024-02-22T01:07:23.347+0000][7][safepoint   ] Safepoint "G1CollectForAllocation", Time since last: 951954618 ns, Reaching safepoint: 177694 ns, At safepoint: 37130394 ns, Total: 37308088 ns
[2024-02-22T01:07:24.347+0000][7][safepoint   ] Safepoint "Cleanup", Time since last: 1000109752 ns, Reaching safepoint: 83152 ns, At safepoint: 5008 ns, Total: 88160 ns
[2024-02-22T01:07:25.347+0000][7][safepoint   ] Safepoint "Cleanup", Time since last: 1000210677 ns, Reaching safepoint: 122132 ns, At safepoint: 6992 ns, Total: 129124 ns
[2024-02-22T01:07:26.348+0000][7][safepoint   ] Safepoint "Cleanup", Time since last: 1000172761 ns, Reaching safepoint: 74712 ns, At safepoint: 5111 ns, Total: 79823 ns
[2024-02-22T01:07:27.348+0000][7][safepoint   ] Safepoint "Cleanup", Time since last: 1000107839 ns, Reaching safepoint: 69002 ns, At safepoint: 5249 ns, Total: 74251 ns
[2024-02-22T01:07:29.348+0000][7][safepoint   ] Safepoint "Cleanup", Time since last: 2000204881 ns, Reaching safepoint: 54507 ns, At safepoint: 4634 ns, Total: 59141 ns
[2024-02-22T01:07:32.349+0000][7][safepoint   ] Safepoint "Cleanup", Time since last: 3000261052 ns, Reaching safepoint: 65755 ns, At safepoint: 5549 ns, Total: 71304 ns
[2024-02-22T01:07:33.349+0000][7][safepoint   ] Safepoint "Cleanup", Time since last: 1000117686 ns, Reaching safepoint: 43286 ns, At safepoint: 4537 ns, Total: 47823 ns
[2024-02-22T01:07:34.349+0000][7][safepoint   ] Safepoint "Cleanup", Time since last: 1000107567 ns, Reaching safepoint: 72364 ns, At safepoint: 12458 ns, Total: 84822 ns
[2024-02-22T01:07:35.349+0000][7][safepoint   ] Safepoint "Cleanup", Time since last: 1000121282 ns, Reaching safepoint: 49850 ns, At safepoint: 3929 ns, Total: 53779 ns
[2024-02-22T01:07:36.349+0000][7][safepoint   ] Safepoint "Cleanup", Time since last: 1000108297 ns, Reaching safepoint: 86724 ns, At safepoint: 5600 ns, Total: 92324 ns
[2024-02-22T01:07:38.350+0000][7][safepoint   ] Safepoint "Cleanup", Time since last: 2000205968 ns, Reaching safepoint: 94653 ns, At safepoint: 11047 ns, Total: 105700 ns
[2024-02-22T01:07:39.350+0000][7][safepoint   ] Safepoint "Cleanup", Time since last: 1000139380 ns, Reaching safepoint: 50721 ns, At safepoint: 7229 ns, Total: 57950 ns
[2024-02-22T01:07:40.350+0000][7][safepoint   ] Safepoint "Cleanup", Time since last: 1000114669 ns, Reaching safepoint: 75862 ns, At safepoint: 12131 ns, Total: 87993 ns
[2024-02-22T01:07:41.350+0000][7][safepoint   ] Safepoint "Cleanup", Time since last: 1000145800 ns, Reaching safepoint: 78544 ns, At safepoint: 9499 ns, Total: 88043 ns
[2024-02-22T01:07:44.351+0000][7][safepoint   ] Safepoint "Cleanup", Time since last: 3000458168 ns, Reaching safepoint: 93045 ns, At safepoint: 5107 ns, Total: 98152 ns
[2024-02-22T01:07:45.351+0000][7][safepoint   ] Safepoint "Cleanup", Time since last: 1000180611 ns, Reaching safepoint: 52186 ns, At safepoint: 8144 ns, Total: 60330 ns
[2024-02-22T01:07:46.351+0000][7][safepoint   ] Safepoint "Cleanup", Time since last: 1000113285 ns, Reaching safepoint: 80190 ns, At safepoint: 4917 ns, Total: 85107 ns
[2024-02-22T01:07:47.351+0000][7][safepoint   ] Safepoint "Cleanup", Time since last: 1000183738 ns, Reaching safepoint: 87029 ns, At safepoint: 5117 ns, Total: 92146 ns
[2024-02-22T01:07:48.352+0000][7][safepoint   ] Safepoint "Cleanup", Time since last: 1000194033 ns, Reaching safepoint: 77979 ns, At safepoint: 10728 ns, Total: 88707 ns
[2024-02-22T01:07:49.352+0000][7][safepoint   ] Safepoint "Cleanup", Time since last: 1000103232 ns, Reaching safepoint: 41584 ns, At safepoint: 3703 ns, Total: 45287 ns
[2024-02-22T01:07:50.352+0000][7][safepoint   ] Safepoint "Cleanup", Time since last: 1000099120 ns, Reaching safepoint: 61140 ns, At safepoint: 7072 ns, Total: 68212 ns
[2024-02-22T01:07:51.352+0000][7][safepoint   ] Safepoint "Cleanup", Time since last: 1000124865 ns, Reaching safepoint: 65271 ns, At safepoint: 12903 ns, Total: 78174 ns
[2024-02-22T01:07:53.353+0000][7][safepoint   ] Safepoint "Cleanup", Time since last: 2000202492 ns, Reaching safepoint: 63817 ns, At safepoint: 3719 ns, Total: 67536 ns
[2024-02-22T01:07:54.353+0000][7][safepoint   ] Safepoint "Cleanup", Time since last: 1000112374 ns, Reaching safepoint: 50085 ns, At safepoint: 4178 ns, Total: 54263 ns
[2024-02-22T01:07:56.353+0000][7][safepoint   ] Safepoint "Cleanup", Time since last: 2000187333 ns, Reaching safepoint: 142824 ns, At safepoint: 11479 ns, Total: 154303 ns
[2024-02-22T01:07:57.353+0000][7][safepoint   ] Safepoint "Cleanup", Time since last: 1000132194 ns, Reaching safepoint: 141266 ns, At safepoint: 7933 ns, Total: 149199 ns
[2024-02-22T01:07:59.354+0000][7][safepoint   ] Safepoint "Cleanup", Time since last: 2000234998 ns, Reaching safepoint: 119637 ns, At safepoint: 8758 ns, Total: 128395 ns
[2024-02-22T01:08:00.354+0000][7][safepoint   ] Safepoint "Cleanup", Time since last: 1000146549 ns, Reaching safepoint: 75497 ns, At safepoint: 13240 ns, Total: 88737 ns
[2024-02-22T01:08:01.354+0000][7][safepoint   ] Safepoint "Cleanup", Time since last: 1000147495 ns, Reaching safepoint: 96349 ns, At safepoint: 7167 ns, Total: 103516 ns
[2024-02-22T01:08:02.354+0000][7][safepoint   ] Safepoint "Cleanup", Time since last: 1000140702 ns, Reaching safepoint: 90557 ns, At safepoint: 7371 ns, Total: 97928 ns
[2024-02-22T01:08:03.355+0000][7][safepoint   ] Safepoint "Cleanup", Time since last: 1000147641 ns, Reaching safepoint: 87664 ns, At safepoint: 7403 ns, Total: 95067 ns
[2024-02-22T01:08:04.355+0000][7][safepoint   ] Safepoint "Cleanup", Time since last: 1000149475 ns, Reaching safepoint: 89701 ns, At safepoint: 8706 ns, Total: 98407 ns
[2024-02-22T01:08:05.355+0000][7][safepoint   ] Safepoint "Cleanup", Time since last: 1000126900 ns, Reaching safepoint: 83412 ns, At safepoint: 5249 ns, Total: 88661 ns
[2024-02-22T01:08:08.356+0000][7][safepoint   ] Safepoint "Cleanup", Time since last: 3000320507 ns, Reaching safepoint: 60679 ns, At safepoint: 6079 ns, Total: 66758 ns
[2024-02-22T01:08:09.356+0000][7][safepoint   ] Safepoint "Cleanup", Time since last: 1000258751 ns, Reaching safepoint: 173456 ns, At safepoint: 14986 ns, Total: 188442 ns
[2024-02-22T01:08:10.356+0000][7][safepoint   ] Safepoint "Cleanup", Time since last: 1000129643 ns, Reaching safepoint: 81113 ns, At safepoint: 10515 ns, Total: 91628 ns
[2024-02-22T01:08:11.356+0000][7][safepoint   ] Safepoint "Cleanup", Time since last: 1000142527 ns, Reaching safepoint: 118815 ns, At safepoint: 8509 ns, Total: 127324 ns
[2024-02-22T01:08:12.357+0000][7][safepoint   ] Safepoint "Cleanup", Time since last: 1000143170 ns, Reaching safepoint: 64015 ns, At safepoint: 6965 ns, Total: 70980 ns
[2024-02-22T01:08:14.357+0000][7][safepoint   ] Safepoint "Cleanup", Time since last: 2000233309 ns, Reaching safepoint: 94862 ns, At safepoint: 8275 ns, Total: 103137 ns
[2024-02-22T01:08:17.357+0000][7][safepoint   ] Safepoint "Cleanup", Time since last: 3000315367 ns, Reaching safepoint: 61336 ns, At safepoint: 7345 ns, Total: 68681 ns
[2024-02-22T01:08:18.358+0000][7][safepoint   ] Safepoint "Cleanup", Time since last: 1000145757 ns, Reaching safepoint: 115873 ns, At safepoint: 35773 ns, Total: 151646 ns
[2024-02-22T01:08:19.358+0000][7][safepoint   ] Safepoint "Cleanup", Time since last: 1000126101 ns, Reaching safepoint: 64436 ns, At safepoint: 8299 ns, Total: 72735 ns
[2024-02-22T01:08:20.358+0000][7][safepoint   ] Safepoint "Cleanup", Time since last: 1000140653 ns, Reaching safepoint: 82955 ns, At safepoint: 5436 ns, Total: 88391 ns
[2024-02-22T01:08:21.358+0000][7][safepoint   ] Safepoint "Cleanup", Time since last: 1000195753 ns, Reaching safepoint: 80154 ns, At safepoint: 11859 ns, Total: 92013 ns
[2024-02-22T01:08:22.359+0000][7][safepoint   ] Safepoint "Cleanup", Time since last: 1000253422 ns, Reaching safepoint: 67334 ns, At safepoint: 8031 ns, Total: 75365 ns
[2024-02-22T01:08:23.359+0000][7][safepoint   ] Safepoint "Cleanup", Time since last: 1000150026 ns, Reaching safepoint: 85444 ns, At safepoint: 5791 ns, Total: 91235 ns
[2024-02-22T01:08:24.359+0000][7][safepoint   ] Safepoint "Cleanup", Time since last: 1000233316 ns, Reaching safepoint: 63389 ns, At safepoint: 8531 ns, Total: 71920 ns
[2024-02-22T01:08:26.360+0000][7][safepoint   ] Safepoint "Cleanup", Time since last: 2000193226 ns, Reaching safepoint: 70277 ns, At safepoint: 8917 ns, Total: 79194 ns
[2024-02-22T01:08:27.360+0000][7][safepoint   ] Safepoint "Cleanup", Time since last: 1000165397 ns, Reaching safepoint: 78181 ns, At safepoint: 7131 ns, Total: 85312 ns
[2024-02-22T01:08:29.360+0000][7][safepoint   ] Safepoint "Cleanup", Time since last: 2000194097 ns, Reaching safepoint: 59178 ns, At safepoint: 6798 ns, Total: 65976 ns
[2024-02-22T01:08:31.360+0000][7][safepoint   ] Safepoint "Cleanup", Time since last: 2000186572 ns, Reaching safepoint: 86905 ns, At safepoint: 8750 ns, Total: 95655 ns
[2024-02-22T01:08:32.361+0000][7][safepoint   ] Safepoint "Cleanup", Time since last: 1000122006 ns, Reaching safepoint: 76553 ns, At safepoint: 3931 ns, Total: 80484 ns
[2024-02-22T01:08:33.361+0000][7][safepoint   ] Safepoint "Cleanup", Time since last: 1000126159 ns, Reaching safepoint: 70261 ns, At safepoint: 10181 ns, Total: 80442 ns
[2024-02-22T01:08:34.361+0000][7][safepoint   ] Safepoint "Cleanup", Time since last: 1000125881 ns, Reaching safepoint: 60282 ns, At safepoint: 7582 ns, Total: 67864 ns
[2024-02-22T01:08:35.361+0000][7][safepoint   ] Safepoint "Cleanup", Time since last: 1000125811 ns, Reaching safepoint: 50305 ns, At safepoint: 5573 ns, Total: 55878 ns
[2024-02-22T01:08:38.362+0000][7][safepoint   ] Safepoint "Cleanup", Time since last: 3000361164 ns, Reaching safepoint: 98727 ns, At safepoint: 8441 ns, Total: 107168 ns
[2024-02-22T01:08:39.362+0000][7][safepoint   ] Safepoint "Cleanup", Time since last: 1000257967 ns, Reaching safepoint: 127524 ns, At safepoint: 6639 ns, Total: 134163 ns
[2024-02-22T01:08:41.362+0000][7][safepoint   ] Safepoint "Cleanup", Time since last: 2000251169 ns, Reaching safepoint: 214584 ns, At safepoint: 15040 ns, Total: 229624 ns
[2024-02-22T01:08:44.363+0000][7][safepoint   ] Safepoint "Cleanup", Time since last: 3000306900 ns, Reaching safepoint: 212825 ns, At safepoint: 9708 ns, Total: 222533 ns
[2024-02-22T01:08:45.363+0000][7][safepoint   ] Safepoint "Cleanup", Time since last: 1000226099 ns, Reaching safepoint: 167012 ns, At safepoint: 28798 ns, Total: 195810 ns
[2024-02-22T01:08:47.364+0000][7][safepoint   ] Safepoint "Cleanup", Time since last: 2000264967 ns, Reaching safepoint: 128242 ns, At safepoint: 11002 ns, Total: 139244 ns
[2024-02-22T01:08:48.364+0000][7][safepoint   ] Safepoint "Cleanup", Time since last: 1000119979 ns, Reaching safepoint: 80704 ns, At safepoint: 8129 ns, Total: 88833 ns
[2024-02-22T01:08:50.364+0000][7][safepoint   ] Safepoint "Cleanup", Time since last: 2000240718 ns, Reaching safepoint: 93188 ns, At safepoint: 8363 ns, Total: 101551 ns
[2024-02-22T01:08:51.365+0000][7][safepoint   ] Safepoint "Cleanup", Time since last: 1000144681 ns, Reaching safepoint: 64489 ns, At safepoint: 8948 ns, Total: 73437 ns
[2024-02-22T01:08:53.365+0000][7][safepoint   ] Safepoint "Cleanup", Time since last: 2000242184 ns, Reaching safepoint: 75795 ns, At safepoint: 5795 ns, Total: 81590 ns
[2024-02-22T01:08:54.365+0000][7][safepoint   ] Safepoint "Cleanup", Time since last: 1000129228 ns, Reaching safepoint: 85182 ns, At safepoint: 22448 ns, Total: 107630 ns
[2024-02-22T01:08:56.315+0000][7][safepoint   ] Safepoint "Cleanup", Time since last: 1949934526 ns, Reaching safepoint: 49986 ns, At safepoint: 16114 ns, Total: 66100 ns
[2024-02-22T01:08:57.316+0000][7][safepoint   ] Safepoint "Cleanup", Time since last: 1000218337 ns, Reaching safepoint: 129470 ns, At safepoint: 9823 ns, Total: 139293 ns
[2024-02-22T01:09:00.316+0000][7][safepoint   ] Safepoint "Cleanup", Time since last: 3000355011 ns, Reaching safepoint: 172038 ns, At safepoint: 17778 ns, Total: 189816 ns
[2024-02-22T01:09:02.316+0000][7][safepoint   ] Safepoint "Cleanup", Time since last: 2000211345 ns, Reaching safepoint: 70911 ns, At safepoint: 6912 ns, Total: 77823 ns
[2024-02-22T01:09:03.317+0000][7][safepoint   ] Safepoint "Cleanup", Time since last: 1000162152 ns, Reaching safepoint: 68152 ns, At safepoint: 6311 ns, Total: 74463 ns
[2024-02-22T01:09:04.317+0000][7][safepoint   ] Safepoint "Cleanup", Time since last: 1000150395 ns, Reaching safepoint: 61603 ns, At safepoint: 8772 ns, Total: 70375 ns
[2024-02-22T01:09:05.317+0000][7][safepoint   ] Safepoint "Cleanup", Time since last: 1000134150 ns, Reaching safepoint: 76816 ns, At safepoint: 6948 ns, Total: 83764 ns
[2024-02-22T01:09:06.317+0000][7][safepoint   ] Safepoint "Cleanup", Time since last: 1000157291 ns, Reaching safepoint: 55001 ns, At safepoint: 7777 ns, Total: 62778 ns
[2024-02-22T01:09:08.318+0000][7][safepoint   ] Safepoint "Cleanup", Time since last: 2000225162 ns, Reaching safepoint: 81626 ns, At safepoint: 5754 ns, Total: 87380 ns
[2024-02-22T01:09:09.318+0000][7][safepoint   ] Safepoint "Cleanup", Time since last: 1000125741 ns, Reaching safepoint: 70879 ns, At safepoint: 7375 ns, Total: 78254 ns
[2024-02-22T01:09:11.318+0000][7][safepoint   ] Safepoint "Cleanup", Time since last: 2000198485 ns, Reaching safepoint: 55544 ns, At safepoint: 3912 ns, Total: 59456 ns
[2024-02-22T01:09:12.318+0000][7][safepoint   ] Safepoint "Cleanup", Time since last: 1000192495 ns, Reaching safepoint: 88857 ns, At safepoint: 8958 ns, Total: 97815 ns
[2024-02-22T01:09:14.319+0000][7][safepoint   ] Safepoint "Cleanup", Time since last: 2000200212 ns, Reaching safepoint: 89826 ns, At safepoint: 7639 ns, Total: 97465 ns
[2024-02-22T01:09:15.319+0000][7][safepoint   ] Safepoint "Cleanup", Time since last: 1000208196 ns, Reaching safepoint: 103864 ns, At safepoint: 12402 ns, Total: 116266 ns
[2024-02-22T01:09:16.319+0000][7][safepoint   ] Safepoint "Cleanup", Time since last: 1000231614 ns, Reaching safepoint: 45649 ns, At safepoint: 9416 ns, Total: 55065 ns
[2024-02-22T01:09:17.320+0000][7][safepoint   ] Safepoint "Cleanup", Time since last: 1000231639 ns, Reaching safepoint: 84198 ns, At safepoint: 14625 ns, Total: 98823 ns
[2024-02-22T01:09:19.320+0000][7][safepoint   ] Safepoint "Cleanup", Time since last: 2000223290 ns, Reaching safepoint: 184521 ns, At safepoint: 7632 ns, Total: 192153 ns
[2024-02-22T01:09:20.320+0000][7][safepoint   ] Safepoint "Cleanup", Time since last: 1000104917 ns, Reaching safepoint: 141582 ns, At safepoint: 9256 ns, Total: 150838 ns
[2024-02-22T01:09:21.320+0000][7][safepoint   ] Safepoint "Cleanup", Time since last: 1000129866 ns, Reaching safepoint: 65001 ns, At safepoint: 7668 ns, Total: 72669 ns
[2024-02-22T01:09:23.321+0000][7][safepoint   ] Safepoint "Cleanup", Time since last: 2000204581 ns, Reaching safepoint: 210284 ns, At safepoint: 17758 ns, Total: 228042 ns
[2024-02-22T01:09:24.321+0000][7][safepoint   ] Safepoint "Cleanup", Time since last: 1000315564 ns, Reaching safepoint: 111810 ns, At safepoint: 8854 ns, Total: 120664 ns
[2024-02-22T01:09:26.322+0000][7][safepoint   ] Safepoint "Cleanup", Time since last: 2000214548 ns, Reaching safepoint: 137427 ns, At safepoint: 9480 ns, Total: 146907 ns
[2024-02-22T01:09:27.322+0000][7][safepoint   ] Safepoint "Cleanup", Time since last: 1000154451 ns, Reaching safepoint: 78776 ns, At safepoint: 8619 ns, Total: 87395 ns
[2024-02-22T01:09:29.322+0000][7][safepoint   ] Safepoint "Cleanup", Time since last: 2000216204 ns, Reaching safepoint: 100927 ns, At safepoint: 7278 ns, Total: 108205 ns
[2024-02-22T01:09:33.323+0000][7][safepoint   ] Safepoint "Cleanup", Time since last: 4000384764 ns, Reaching safepoint: 128252 ns, At safepoint: 7018 ns, Total: 135270 ns
[2024-02-22T01:09:35.323+0000][7][safepoint   ] Safepoint "Cleanup", Time since last: 2000196490 ns, Reaching safepoint: 78198 ns, At safepoint: 7739 ns, Total: 85937 ns
[2024-02-22T01:09:36.323+0000][7][safepoint   ] Safepoint "Cleanup", Time since last: 1000159131 ns, Reaching safepoint: 96050 ns, At safepoint: 6373 ns, Total: 102423 ns
[2024-02-22T01:09:39.324+0000][7][safepoint   ] Safepoint "Cleanup", Time since last: 3000421604 ns, Reaching safepoint: 103656 ns, At safepoint: 6705 ns, Total: 110361 ns
[2024-02-22T01:09:41.324+0000][7][safepoint   ] Safepoint "Cleanup", Time since last: 2000198129 ns, Reaching safepoint: 100336 ns, At safepoint: 7388 ns, Total: 107724 ns
[2024-02-22T01:09:42.324+0000][7][safepoint   ] Safepoint "Cleanup", Time since last: 1000134498 ns, Reaching safepoint: 73452 ns, At safepoint: 5267 ns, Total: 78719 ns
[2024-02-22T01:09:44.325+0000][7][safepoint   ] Safepoint "Cleanup", Time since last: 2000219941 ns, Reaching safepoint: 94600 ns, At safepoint: 9195 ns, Total: 103795 ns
[2024-02-22T01:09:47.325+0000][7][safepoint   ] Safepoint "Cleanup", Time since last: 3000306920 ns, Reaching safepoint: 155315 ns, At safepoint: 8572 ns, Total: 163887 ns
[2024-02-22T01:09:48.325+0000][7][safepoint   ] Safepoint "Cleanup", Time since last: 1000140377 ns, Reaching safepoint: 56212 ns, At safepoint: 6892 ns, Total: 63104 ns
[2024-02-22T01:09:50.326+0000][7][safepoint   ] Safepoint "Cleanup", Time since last: 2000212029 ns, Reaching safepoint: 69212 ns, At safepoint: 8374 ns, Total: 77586 ns
[2024-02-22T01:09:51.326+0000][7][safepoint   ] Safepoint "Cleanup", Time since last: 1000105554 ns, Reaching safepoint: 77949 ns, At safepoint: 8417 ns, Total: 86366 ns
[2024-02-22T01:09:53.326+0000][7][safepoint   ] Safepoint "Cleanup", Time since last: 2000201799 ns, Reaching safepoint: 88075 ns, At safepoint: 8192 ns, Total: 96267 ns
[2024-02-22T01:09:56.327+0000][7][safepoint   ] Safepoint "Cleanup", Time since last: 3000332426 ns, Reaching safepoint: 82120 ns, At safepoint: 7856 ns, Total: 89976 ns
[2024-02-22T01:09:56.889+0000][7][gc,start    ] GC(14) Pause Young (Normal) (G1 Evacuation Pause)
[2024-02-22T01:09:56.889+0000][7][gc,task     ] GC(14) Using 8 workers of 8 for evacuation
[2024-02-22T01:09:56.889+0000][7][gc,age      ] GC(14) Desired survivor size 41943040 bytes, new threshold 3 (max threshold 15)
[2024-02-22T01:09:56.913+0000][7][gc,phases   ] GC(14)   Pre Evacuate Collection Set: 0.1ms
[2024-02-22T01:09:56.913+0000][7][gc,phases   ] GC(14)   Merge Heap Roots: 0.1ms
[2024-02-22T01:09:56.913+0000][7][gc,phases   ] GC(14)   Evacuate Collection Set: 21.8ms
[2024-02-22T01:09:56.913+0000][7][gc,phases   ] GC(14)   Post Evacuate Collection Set: 2.5ms
[2024-02-22T01:09:56.913+0000][7][gc,phases   ] GC(14)   Other: 0.1ms
[2024-02-22T01:09:56.913+0000][7][gc,age      ] GC(14) Age table with threshold 3 (max threshold 15)
[2024-02-22T01:09:56.913+0000][7][gc,age      ] GC(14) - age   1:     640208 bytes,     640208 total
[2024-02-22T01:09:56.913+0000][7][gc,age      ] GC(14) - age   2:    6814920 bytes,    7455128 total
[2024-02-22T01:09:56.913+0000][7][gc,age      ] GC(14) - age   3:   17228320 bytes,   24683448 total
[2024-02-22T01:09:56.913+0000][7][gc,heap     ] GC(14) Eden regions: 141->0(145)
[2024-02-22T01:09:56.913+0000][7][gc,heap     ] GC(14) Survivor regions: 12->8(20)
[2024-02-22T01:09:56.913+0000][7][gc,heap     ] GC(14) Old regions: 12->16
[2024-02-22T01:09:56.913+0000][7][gc,heap     ] GC(14) Archive regions: 2->2
[2024-02-22T01:09:56.913+0000][7][gc,heap     ] GC(14) Humongous regions: 0->0
[2024-02-22T01:09:56.913+0000][7][gc,metaspace] GC(14) Metaspace: 124116K(127680K)->124116K(127680K) NonClass: 107650K(109504K)->107650K(109504K) Class: 16466K(18176K)->16466K(18176K)
[2024-02-22T01:09:56.913+0000][7][gc          ] GC(14) Pause Young (Normal) (G1 Evacuation Pause) 659M->96M(1024M) 24.847ms
[2024-02-22T01:09:56.913+0000][7][gc,cpu      ] GC(14) User=0.17s Sys=0.01s Real=0.02s
[2024-02-22T01:09:56.913+0000][7][safepoint   ] Safepoint "G1CollectForAllocation", Time since last: 561905935 ns, Reaching safepoint: 48754 ns, At safepoint: 24949358 ns, Total: 24998112 ns
[2024-02-22T01:09:59.914+0000][7][safepoint   ] Safepoint "Cleanup", Time since last: 3000291575 ns, Reaching safepoint: 102749 ns, At safepoint: 9352 ns, Total: 112101 ns
[2024-02-22T01:10:00.914+0000][7][safepoint   ] Safepoint "Cleanup", Time since last: 1000136459 ns, Reaching safepoint: 57566 ns, At safepoint: 8263 ns, Total: 65829 ns
[2024-02-22T01:10:01.914+0000][7][safepoint   ] Safepoint "Cleanup", Time since last: 1000139259 ns, Reaching safepoint: 85142 ns, At safepoint: 10349 ns, Total: 95491 ns
[2024-02-22T01:10:02.914+0000][7][safepoint   ] Safepoint "Cleanup", Time since last: 1000153338 ns, Reaching safepoint: 61787 ns, At safepoint: 7967 ns, Total: 69754 ns
[2024-02-22T01:10:04.915+0000][7][safepoint   ] Safepoint "Cleanup", Time since last: 2000223188 ns, Reaching safepoint: 96035 ns, At safepoint: 51643 ns, Total: 147678 ns
[2024-02-22T01:10:05.915+0000][7][safepoint   ] Safepoint "Cleanup", Time since last: 1000148457 ns, Reaching safepoint: 78819 ns, At safepoint: 7266 ns, Total: 86085 ns
[2024-02-22T01:10:07.915+0000][7][safepoint   ] Safepoint "Cleanup", Time since last: 2000224770 ns, Reaching safepoint: 92927 ns, At safepoint: 8520 ns, Total: 101447 ns
[2024-02-22T01:10:08.916+0000][7][safepoint   ] Safepoint "Cleanup", Time since last: 1000148308 ns, Reaching safepoint: 102186 ns, At safepoint: 8566 ns, Total: 110752 ns
[2024-02-22T01:10:11.916+0000][7][safepoint   ] Safepoint "Cleanup", Time since last: 3000348940 ns, Reaching safepoint: 81345 ns, At safepoint: 6713 ns, Total: 88058 ns
[2024-02-22T01:10:13.916+0000][7][safepoint   ] Safepoint "Cleanup", Time since last: 2000257181 ns, Reaching safepoint: 86176 ns, At safepoint: 8830 ns, Total: 95006 ns
[2024-02-22T01:10:14.917+0000][7][safepoint   ] Safepoint "Cleanup", Time since last: 1000119714 ns, Reaching safepoint: 98521 ns, At safepoint: 14067 ns, Total: 112588 ns
[2024-02-22T01:10:20.917+0000][7][safepoint   ] Safepoint "Cleanup", Time since last: 6000528856 ns, Reaching safepoint: 116962 ns, At safepoint: 4559 ns, Total: 121521 ns
[2024-02-22T01:10:21.918+0000][7][safepoint   ] Safepoint "Cleanup", Time since last: 1000121150 ns, Reaching safepoint: 49535 ns, At safepoint: 12284 ns, Total: 61819 ns
[2024-02-22T01:10:23.918+0000][7][safepoint   ] Safepoint "Cleanup", Time since last: 2000197999 ns, Reaching safepoint: 61933 ns, At safepoint: 4364 ns, Total: 66297 ns
[2024-02-22T01:10:24.918+0000][7][safepoint   ] Safepoint "Cleanup", Time since last: 1000120774 ns, Reaching safepoint: 51658 ns, At safepoint: 4495 ns, Total: 56153 ns
[2024-02-22T01:10:26.918+0000][7][safepoint   ] Safepoint "Cleanup", Time since last: 2000275901 ns, Reaching safepoint: 77489 ns, At safepoint: 3745 ns, Total: 81234 ns
[2024-02-22T01:10:27.919+0000][7][safepoint   ] Safepoint "Cleanup", Time since last: 1000099944 ns, Reaching safepoint: 86170 ns, At safepoint: 12756 ns, Total: 98926 ns
[2024-02-22T01:10:29.919+0000][7][safepoint   ] Safepoint "Cleanup", Time since last: 2000291262 ns, Reaching safepoint: 68682 ns, At safepoint: 4804 ns, Total: 73486 ns
[2024-02-22T01:10:31.919+0000][7][safepoint   ] Safepoint "Cleanup", Time since last: 2000200304 ns, Reaching safepoint: 73867 ns, At safepoint: 3664 ns, Total: 77531 ns
[2024-02-22T01:10:32.919+0000][7][safepoint   ] Safepoint "Cleanup", Time since last: 1000114929 ns, Reaching safepoint: 52806 ns, At safepoint: 4430 ns, Total: 57236 ns
[2024-02-22T01:10:33.920+0000][7][safepoint   ] Safepoint "Cleanup", Time since last: 1000209515 ns, Reaching safepoint: 51870 ns, At safepoint: 6350 ns, Total: 58220 ns
[2024-02-22T01:10:35.765+0000][7][safepoint   ] Safepoint "Cleanup", Time since last: 1843713052 ns, Reaching safepoint: 2131075 ns, At safepoint: 19883 ns, Total: 2150958 ns
[2024-02-22T01:10:36.968+0000][7][safepoint   ] Safepoint "Cleanup", Time since last: 1202441644 ns, Reaching safepoint: 107345 ns, At safepoint: 4496 ns, Total: 111841 ns
[2024-02-22T01:10:38.968+0000][7][safepoint   ] Safepoint "Cleanup", Time since last: 2000186042 ns, Reaching safepoint: 57847 ns, At safepoint: 5271 ns, Total: 63118 ns
[2024-02-22T01:10:39.118+0000][7][safepoint   ] Safepoint "ICBufferFull", Time since last: 147438498 ns, Reaching safepoint: 2467270 ns, At safepoint: 100912 ns, Total: 2568182 ns
[2024-02-22T01:10:40.119+0000][7][safepoint   ] Safepoint "Cleanup", Time since last: 1000151627 ns, Reaching safepoint: 182703 ns, At safepoint: 4597 ns, Total: 187300 ns
[2024-02-22T01:10:41.119+0000][7][safepoint   ] Safepoint "Cleanup", Time since last: 1000205568 ns, Reaching safepoint: 62719 ns, At safepoint: 9739 ns, Total: 72458 ns
[2024-02-22T01:10:42.952+0000][7][safepoint   ] Safepoint "Cleanup", Time since last: 1833325289 ns, Reaching safepoint: 132517 ns, At safepoint: 4100 ns, Total: 136617 ns
[2024-02-22T01:10:43.953+0000][7][safepoint   ] Safepoint "Cleanup", Time since last: 1000112682 ns, Reaching safepoint: 64737 ns, At safepoint: 5207 ns, Total: 69944 ns
[2024-02-22T01:10:44.953+0000][7][safepoint   ] Safepoint "Cleanup", Time since last: 1000114550 ns, Reaching safepoint: 98588 ns, At safepoint: 5291 ns, Total: 103879 ns
[2024-02-22T01:10:45.953+0000][7][safepoint   ] Safepoint "Cleanup", Time since last: 1000106597 ns, Reaching safepoint: 48593 ns, At safepoint: 3824 ns, Total: 52417 ns
[2024-02-22T01:10:46.953+0000][7][safepoint   ] Safepoint "Cleanup", Time since last: 1000127105 ns, Reaching safepoint: 49700 ns, At safepoint: 6486 ns, Total: 56186 ns
[2024-02-22T01:10:47.953+0000][7][safepoint   ] Safepoint "Cleanup", Time since last: 1000144710 ns, Reaching safepoint: 132032 ns, At safepoint: 17137 ns, Total: 149169 ns
[2024-02-22T01:10:48.954+0000][7][safepoint   ] Safepoint "Cleanup", Time since last: 1000130651 ns, Reaching safepoint: 40950 ns, At safepoint: 5494 ns, Total: 46444 ns
[2024-02-22T01:10:50.954+0000][7][safepoint   ] Safepoint "Cleanup", Time since last: 2000280459 ns, Reaching safepoint: 138719 ns, At safepoint: 5672 ns, Total: 144391 ns
[2024-02-22T01:10:51.954+0000][7][safepoint   ] Safepoint "Cleanup", Time since last: 1000111498 ns, Reaching safepoint: 72383 ns, At safepoint: 13873 ns, Total: 86256 ns
[2024-02-22T01:10:53.955+0000][7][safepoint   ] Safepoint "Cleanup", Time since last: 2000277352 ns, Reaching safepoint: 70385 ns, At safepoint: 4748 ns, Total: 75133 ns
[2024-02-22T01:10:56.955+0000][7][safepoint   ] Safepoint "Cleanup", Time since last: 3000242902 ns, Reaching safepoint: 87251 ns, At safepoint: 4277 ns, Total: 91528 ns
[2024-02-22T01:10:59.955+0000][7][safepoint   ] Safepoint "Cleanup", Time since last: 3000338286 ns, Reaching safepoint: 66579 ns, At safepoint: 3921 ns, Total: 70500 ns
[2024-02-22T01:11:00.956+0000][7][safepoint   ] Safepoint "Cleanup", Time since last: 1000243566 ns, Reaching safepoint: 74853 ns, At safepoint: 7406 ns, Total: 82259 ns
[2024-02-22T01:11:01.956+0000][7][safepoint   ] Safepoint "Cleanup", Time since last: 1000103501 ns, Reaching safepoint: 115059 ns, At safepoint: 34139 ns, Total: 149198 ns
[2024-02-22T01:11:03.956+0000][7][safepoint   ] Safepoint "Cleanup", Time since last: 2000266721 ns, Reaching safepoint: 201358 ns, At safepoint: 6642 ns, Total: 208000 ns
[2024-02-22T01:11:04.957+0000][7][safepoint   ] Safepoint "Cleanup", Time since last: 1000136603 ns, Reaching safepoint: 74396 ns, At safepoint: 9666 ns, Total: 84062 ns
[2024-02-22T01:11:05.957+0000][7][safepoint   ] Safepoint "Cleanup", Time since last: 1000136715 ns, Reaching safepoint: 101438 ns, At safepoint: 26674 ns, Total: 128112 ns
[2024-02-22T01:11:06.957+0000][7][safepoint   ] Safepoint "Cleanup", Time since last: 1000159614 ns, Reaching safepoint: 58344 ns, At safepoint: 18103 ns, Total: 76447 ns
[2024-02-22T01:11:11.958+0000][7][safepoint   ] Safepoint "Cleanup", Time since last: 5000449681 ns, Reaching safepoint: 175697 ns, At safepoint: 8120 ns, Total: 183817 ns
[2024-02-22T01:11:14.958+0000][7][safepoint   ] Safepoint "Cleanup", Time since last: 3000333099 ns, Reaching safepoint: 153056 ns, At safepoint: 22053 ns, Total: 175109 ns
[2024-02-22T01:11:15.958+0000][7][safepoint   ] Safepoint "Cleanup", Time since last: 1000168814 ns, Reaching safepoint: 68564 ns, At safepoint: 7049 ns, Total: 75613 ns
[2024-02-22T01:11:16.959+0000][7][safepoint   ] Safepoint "Cleanup", Time since last: 1000148773 ns, Reaching safepoint: 114607 ns, At safepoint: 7309 ns, Total: 121916 ns
[2024-02-22T01:11:18.959+0000][7][safepoint   ] Safepoint "Cleanup", Time since last: 2000218643 ns, Reaching safepoint: 65596 ns, At safepoint: 6023 ns, Total: 71619 ns
[2024-02-22T01:11:20.959+0000][7][safepoint   ] Safepoint "Cleanup", Time since last: 2000278623 ns, Reaching safepoint: 98452 ns, At safepoint: 7468 ns, Total: 105920 ns
[2024-02-22T01:11:21.960+0000][7][safepoint   ] Safepoint "Cleanup", Time since last: 1000129967 ns, Reaching safepoint: 81498 ns, At safepoint: 21392 ns, Total: 102890 ns
[2024-02-22T01:11:23.960+0000][7][safepoint   ] Safepoint "Cleanup", Time since last: 2000216946 ns, Reaching safepoint: 130734 ns, At safepoint: 13378 ns, Total: 144112 ns
[2024-02-22T01:11:26.960+0000][7][safepoint   ] Safepoint "Cleanup", Time since last: 3000291184 ns, Reaching safepoint: 93317 ns, At safepoint: 5664 ns, Total: 98981 ns
[2024-02-22T01:11:33.961+0000][7][safepoint   ] Safepoint "Cleanup", Time since last: 7000763161 ns, Reaching safepoint: 92651 ns, At safepoint: 8453 ns, Total: 101104 ns
[2024-02-22T01:11:36.962+0000][7][safepoint   ] Safepoint "Cleanup", Time since last: 3000328684 ns, Reaching safepoint: 104781 ns, At safepoint: 9783 ns, Total: 114564 ns
[2024-02-22T01:11:37.962+0000][7][safepoint   ] Safepoint "Cleanup", Time since last: 1000224370 ns, Reaching safepoint: 89563 ns, At safepoint: 10599 ns, Total: 100162 ns
[2024-02-22T01:11:38.962+0000][7][safepoint   ] Safepoint "Cleanup", Time since last: 1000221475 ns, Reaching safepoint: 104894 ns, At safepoint: 7781 ns, Total: 112675 ns
[2024-02-22T01:11:41.963+0000][7][safepoint   ] Safepoint "Cleanup", Time since last: 3000612155 ns, Reaching safepoint: 142251 ns, At safepoint: 8294 ns, Total: 150545 ns
[2024-02-22T01:11:44.964+0000][7][safepoint   ] Safepoint "Cleanup", Time since last: 3000538718 ns, Reaching safepoint: 105726 ns, At safepoint: 17844 ns, Total: 123570 ns
[2024-02-22T01:11:47.964+0000][7][safepoint   ] Safepoint "Cleanup", Time since last: 3000274191 ns, Reaching safepoint: 108286 ns, At safepoint: 6758 ns, Total: 115044 ns
[2024-02-22T01:11:48.964+0000][7][safepoint   ] Safepoint "Cleanup", Time since last: 1000115596 ns, Reaching safepoint: 54898 ns, At safepoint: 3946 ns, Total: 58844 ns
[2024-02-22T01:11:50.965+0000][7][safepoint   ] Safepoint "Cleanup", Time since last: 2000226179 ns, Reaching safepoint: 97901 ns, At safepoint: 9074 ns, Total: 106975 ns
[2024-02-22T01:11:53.965+0000][7][safepoint   ] Safepoint "Cleanup", Time since last: 3000258604 ns, Reaching safepoint: 78418 ns, At safepoint: 5690 ns, Total: 84108 ns
[2024-02-22T01:11:56.965+0000][7][safepoint   ] Safepoint "Cleanup", Time since last: 3000307866 ns, Reaching safepoint: 91798 ns, At safepoint: 8692 ns, Total: 100490 ns
[2024-02-22T01:11:59.966+0000][7][safepoint   ] Safepoint "Cleanup", Time since last: 3000277612 ns, Reaching safepoint: 138818 ns, At safepoint: 6923 ns, Total: 145741 ns
[2024-02-22T01:12:02.966+0000][7][safepoint   ] Safepoint "Cleanup", Time since last: 3000270356 ns, Reaching safepoint: 81899 ns, At safepoint: 5544 ns, Total: 87443 ns
[2024-02-22T01:12:04.967+0000][7][safepoint   ] Safepoint "Cleanup", Time since last: 2000209991 ns, Reaching safepoint: 94652 ns, At safepoint: 7508 ns, Total: 102160 ns
[2024-02-22T01:12:05.967+0000][7][safepoint   ] Safepoint "Cleanup", Time since last: 1000162458 ns, Reaching safepoint: 61939 ns, At safepoint: 6024 ns, Total: 67963 ns
[2024-02-22T01:12:08.967+0000][7][safepoint   ] Safepoint "Cleanup", Time since last: 3000447136 ns, Reaching safepoint: 168275 ns, At safepoint: 23353 ns, Total: 191628 ns
[2024-02-22T01:12:12.968+0000][7][safepoint   ] Safepoint "Cleanup", Time since last: 4000431185 ns, Reaching safepoint: 73830 ns, At safepoint: 14443 ns, Total: 88273 ns
[2024-02-22T01:12:14.968+0000][7][safepoint   ] Safepoint "Cleanup", Time since last: 2000246227 ns, Reaching safepoint: 131969 ns, At safepoint: 7317 ns, Total: 139286 ns
[2024-02-22T01:12:20.322+0000][7][gc,start    ] GC(15) Pause Young (Normal) (G1 Evacuation Pause)
[2024-02-22T01:12:20.322+0000][7][gc,task     ] GC(15) Using 8 workers of 8 for evacuation
[2024-02-22T01:12:20.322+0000][7][gc,age      ] GC(15) Desired survivor size 41943040 bytes, new threshold 15 (max threshold 15)
[2024-02-22T01:12:20.340+0000][7][gc,phases   ] GC(15)   Pre Evacuate Collection Set: 0.1ms
[2024-02-22T01:12:20.340+0000][7][gc,phases   ] GC(15)   Merge Heap Roots: 0.2ms
[2024-02-22T01:12:20.340+0000][7][gc,phases   ] GC(15)   Evacuate Collection Set: 16.0ms
[2024-02-22T01:12:20.340+0000][7][gc,phases   ] GC(15)   Post Evacuate Collection Set: 1.6ms
[2024-02-22T01:12:20.340+0000][7][gc,phases   ] GC(15)   Other: 0.1ms
[2024-02-22T01:12:20.340+0000][7][gc,age      ] GC(15) Age table with threshold 15 (max threshold 15)
[2024-02-22T01:12:20.340+0000][7][gc,age      ] GC(15) - age   1:    3150056 bytes,    3150056 total
[2024-02-22T01:12:20.340+0000][7][gc,age      ] GC(15) - age   2:      91656 bytes,    3241712 total
[2024-02-22T01:12:20.340+0000][7][gc,age      ] GC(15) - age   3:    6379176 bytes,    9620888 total
[2024-02-22T01:12:20.340+0000][7][gc,age      ] GC(15) - age   4:   16903776 bytes,   26524664 total
[2024-02-22T01:12:20.340+0000][7][gc,heap     ] GC(15) Eden regions: 145->0(146)
[2024-02-22T01:12:20.340+0000][7][gc,heap     ] GC(15) Survivor regions: 8->7(20)
[2024-02-22T01:12:20.340+0000][7][gc,heap     ] GC(15) Old regions: 16->16
[2024-02-22T01:12:20.340+0000][7][gc,heap     ] GC(15) Archive regions: 2->2
[2024-02-22T01:12:20.340+0000][7][gc,heap     ] GC(15) Humongous regions: 0->0
[2024-02-22T01:12:20.340+0000][7][gc,metaspace] GC(15) Metaspace: 126075K(129728K)->126075K(129728K) NonClass: 109336K(111232K)->109336K(111232K) Class: 16739K(18496K)->16739K(18496K)
[2024-02-22T01:12:20.340+0000][7][gc          ] GC(15) Pause Young (Normal) (G1 Evacuation Pause) 676M->95M(1024M) 18.234ms
[2024-02-22T01:12:20.340+0000][7][gc,cpu      ] GC(15) User=0.10s Sys=0.00s Real=0.02s
[2024-02-22T01:12:20.340+0000][7][safepoint   ] Safepoint "G1CollectForAllocation", Time since last: 5353570839 ns, Reaching safepoint: 87423 ns, At safepoint: 18339638 ns, Total: 18427061 ns
[2024-02-22T01:12:21.340+0000][7][safepoint   ] Safepoint "Cleanup", Time since last: 1000113687 ns, Reaching safepoint: 73206 ns, At safepoint: 5879 ns, Total: 79085 ns
[2024-02-22T01:12:22.341+0000][7][safepoint   ] Safepoint "Cleanup", Time since last: 1000141975 ns, Reaching safepoint: 70790 ns, At safepoint: 8653 ns, Total: 79443 ns
[2024-02-22T01:12:23.341+0000][7][safepoint   ] Safepoint "Cleanup", Time since last: 1000127212 ns, Reaching safepoint: 107921 ns, At safepoint: 11201 ns, Total: 119122 ns
[2024-02-22T01:12:24.341+0000][7][safepoint   ] Safepoint "Cleanup", Time since last: 1000114692 ns, Reaching safepoint: 93183 ns, At safepoint: 8393 ns, Total: 101576 ns
[2024-02-22T01:12:27.342+0000][7][safepoint   ] Safepoint "Cleanup", Time since last: 3000299634 ns, Reaching safepoint: 103183 ns, At safepoint: 7744 ns, Total: 110927 ns
[2024-02-22T01:12:29.342+0000][7][safepoint   ] Safepoint "Cleanup", Time since last: 2000202347 ns, Reaching safepoint: 78240 ns, At safepoint: 6392 ns, Total: 84632 ns
[2024-02-22T01:12:32.342+0000][7][safepoint   ] Safepoint "Cleanup", Time since last: 3000285689 ns, Reaching safepoint: 126181 ns, At safepoint: 7577 ns, Total: 133758 ns
[2024-02-22T01:12:33.343+0000][7][safepoint   ] Safepoint "Cleanup", Time since last: 1000272899 ns, Reaching safepoint: 81960 ns, At safepoint: 11045 ns, Total: 93005 ns
[2024-02-22T01:12:34.343+0000][7][safepoint   ] Safepoint "Cleanup", Time since last: 1000183414 ns, Reaching safepoint: 159112 ns, At safepoint: 7755 ns, Total: 166867 ns
[2024-02-22T01:12:35.343+0000][7][safepoint   ] Safepoint "Cleanup", Time since last: 1000126717 ns, Reaching safepoint: 105291 ns, At safepoint: 11425 ns, Total: 116716 ns
[2024-02-22T01:12:36.343+0000][7][safepoint   ] Safepoint "Cleanup", Time since last: 1000138915 ns, Reaching safepoint: 81302 ns, At safepoint: 14035 ns, Total: 95337 ns
[2024-02-22T01:12:38.344+0000][7][safepoint   ] Safepoint "Cleanup", Time since last: 2000225387 ns, Reaching safepoint: 147741 ns, At safepoint: 10130 ns, Total: 157871 ns
[2024-02-22T01:12:39.344+0000][7][safepoint   ] Safepoint "Cleanup", Time since last: 1000126671 ns, Reaching safepoint: 54685 ns, At safepoint: 4363 ns, Total: 59048 ns
[2024-02-22T01:12:40.344+0000][7][safepoint   ] Safepoint "Cleanup", Time since last: 1000149405 ns, Reaching safepoint: 67159 ns, At safepoint: 6478 ns, Total: 73637 ns
[2024-02-22T01:12:41.345+0000][7][safepoint   ] Safepoint "Cleanup", Time since last: 1000134445 ns, Reaching safepoint: 118778 ns, At safepoint: 6511 ns, Total: 125289 ns
[2024-02-22T01:12:44.345+0000][7][safepoint   ] Safepoint "Cleanup", Time since last: 3000300589 ns, Reaching safepoint: 68959 ns, At safepoint: 19519 ns, Total: 88478 ns
[2024-02-22T01:12:45.345+0000][7][safepoint   ] Safepoint "Cleanup", Time since last: 1000147866 ns, Reaching safepoint: 74322 ns, At safepoint: 6569 ns, Total: 80891 ns
[2024-02-22T01:12:46.345+0000][7][safepoint   ] Safepoint "Cleanup", Time since last: 1000147017 ns, Reaching safepoint: 121179 ns, At safepoint: 11123 ns, Total: 132302 ns
[2024-02-22T01:12:47.346+0000][7][safepoint   ] Safepoint "Cleanup", Time since last: 1000144164 ns, Reaching safepoint: 111513 ns, At safepoint: 20350 ns, Total: 131863 ns
[2024-02-22T01:12:48.346+0000][7][safepoint   ] Safepoint "Cleanup", Time since last: 1000139815 ns, Reaching safepoint: 46928 ns, At safepoint: 4085 ns, Total: 51013 ns
[2024-02-22T01:12:49.346+0000][7][safepoint   ] Safepoint "Cleanup", Time since last: 1000139743 ns, Reaching safepoint: 72279 ns, At safepoint: 7979 ns, Total: 80258 ns
[2024-02-22T01:12:50.346+0000][7][safepoint   ] Safepoint "Cleanup", Time since last: 1000151029 ns, Reaching safepoint: 77866 ns, At safepoint: 9809 ns, Total: 87675 ns
[2024-02-22T01:12:51.347+0000][7][safepoint   ] Safepoint "Cleanup", Time since last: 1000152981 ns, Reaching safepoint: 187193 ns, At safepoint: 6352 ns, Total: 193545 ns
[2024-02-22T01:12:57.348+0000][7][safepoint   ] Safepoint "Cleanup", Time since last: 6000749743 ns, Reaching safepoint: 110477 ns, At safepoint: 7652 ns, Total: 118129 ns
[2024-02-22T01:12:59.348+0000][7][safepoint   ] Safepoint "Cleanup", Time since last: 2000299430 ns, Reaching safepoint: 168235 ns, At safepoint: 22610 ns, Total: 190845 ns
[2024-02-22T01:13:00.348+0000][7][safepoint   ] Safepoint "Cleanup", Time since last: 1000146771 ns, Reaching safepoint: 89337 ns, At safepoint: 10013 ns, Total: 99350 ns
[2024-02-22T01:13:01.349+0000][7][safepoint   ] Safepoint "Cleanup", Time since last: 1000128302 ns, Reaching safepoint: 79323 ns, At safepoint: 5065 ns, Total: 84388 ns
[2024-02-22T01:13:02.349+0000][7][safepoint   ] Safepoint "Cleanup", Time since last: 1000145166 ns, Reaching safepoint: 133617 ns, At safepoint: 9763 ns, Total: 143380 ns
[2024-02-22T01:13:03.349+0000][7][safepoint   ] Safepoint "Cleanup", Time since last: 1000150408 ns, Reaching safepoint: 55939 ns, At safepoint: 6046 ns, Total: 61985 ns
[2024-02-22T01:13:04.349+0000][7][safepoint   ] Safepoint "Cleanup", Time since last: 1000146565 ns, Reaching safepoint: 79156 ns, At safepoint: 11812 ns, Total: 90968 ns
[2024-02-22T01:13:05.350+0000][7][safepoint   ] Safepoint "Cleanup", Time since last: 1000122608 ns, Reaching safepoint: 107627 ns, At safepoint: 7499 ns, Total: 115126 ns
[2024-02-22T01:13:06.350+0000][7][safepoint   ] Safepoint "Cleanup", Time since last: 1000205314 ns, Reaching safepoint: 78913 ns, At safepoint: 11361 ns, Total: 90274 ns
[2024-02-22T01:13:08.350+0000][7][safepoint   ] Safepoint "Cleanup", Time since last: 2000218023 ns, Reaching safepoint: 68096 ns, At safepoint: 8885 ns, Total: 76981 ns
[2024-02-22T01:13:09.350+0000][7][safepoint   ] Safepoint "Cleanup", Time since last: 1000196006 ns, Reaching safepoint: 83211 ns, At safepoint: 13821 ns, Total: 97032 ns
[2024-02-22T01:13:11.351+0000][7][safepoint   ] Safepoint "Cleanup", Time since last: 2000297593 ns, Reaching safepoint: 121426 ns, At safepoint: 8106 ns, Total: 129532 ns
[2024-02-22T01:13:12.351+0000][7][safepoint   ] Safepoint "Cleanup", Time since last: 1000253184 ns, Reaching safepoint: 84798 ns, At safepoint: 7676 ns, Total: 92474 ns
[2024-02-22T01:13:14.352+0000][7][safepoint   ] Safepoint "Cleanup", Time since last: 2000314179 ns, Reaching safepoint: 66886 ns, At safepoint: 5001 ns, Total: 71887 ns
[2024-02-22T01:13:21.352+0000][7][safepoint   ] Safepoint "Cleanup", Time since last: 7000726161 ns, Reaching safepoint: 101948 ns, At safepoint: 21613 ns, Total: 123561 ns
[2024-02-22T01:13:27.353+0000][7][safepoint   ] Safepoint "Cleanup", Time since last: 6000673780 ns, Reaching safepoint: 80022 ns, At safepoint: 6869 ns, Total: 86891 ns
[2024-02-22T01:13:32.354+0000][7][safepoint   ] Safepoint "Cleanup", Time since last: 5000457737 ns, Reaching safepoint: 103817 ns, At safepoint: 8610 ns, Total: 112427 ns
[2024-02-22T01:13:33.354+0000][7][safepoint   ] Safepoint "Cleanup", Time since last: 1000147223 ns, Reaching safepoint: 77505 ns, At safepoint: 6134 ns, Total: 83639 ns
[2024-02-22T01:13:34.354+0000][7][safepoint   ] Safepoint "Cleanup", Time since last: 1000137451 ns, Reaching safepoint: 60960 ns, At safepoint: 4723 ns, Total: 65683 ns
[2024-02-22T01:13:36.354+0000][7][safepoint   ] Safepoint "Cleanup", Time since last: 2000219260 ns, Reaching safepoint: 48104 ns, At safepoint: 4406 ns, Total: 52510 ns
[2024-02-22T01:13:38.355+0000][7][safepoint   ] Safepoint "Cleanup", Time since last: 2000209296 ns, Reaching safepoint: 75811 ns, At safepoint: 14261 ns, Total: 90072 ns
[2024-02-22T01:13:39.355+0000][7][safepoint   ] Safepoint "Cleanup", Time since last: 1000151379 ns, Reaching safepoint: 56690 ns, At safepoint: 4315 ns, Total: 61005 ns
[2024-02-22T01:13:41.355+0000][7][safepoint   ] Safepoint "Cleanup", Time since last: 2000208517 ns, Reaching safepoint: 73362 ns, At safepoint: 3755 ns, Total: 77117 ns
[2024-02-22T01:13:42.355+0000][7][safepoint   ] Safepoint "Cleanup", Time since last: 1000121368 ns, Reaching safepoint: 67313 ns, At safepoint: 4485 ns, Total: 71798 ns
[2024-02-22T01:13:44.356+0000][7][safepoint   ] Safepoint "Cleanup", Time since last: 2000215293 ns, Reaching safepoint: 88199 ns, At safepoint: 3525 ns, Total: 91724 ns
[2024-02-22T01:13:45.356+0000][7][safepoint   ] Safepoint "Cleanup", Time since last: 1000097681 ns, Reaching safepoint: 44134 ns, At safepoint: 17132 ns, Total: 61266 ns
[2024-02-22T01:13:47.356+0000][7][safepoint   ] Safepoint "Cleanup", Time since last: 2000168863 ns, Reaching safepoint: 56639 ns, At safepoint: 3762 ns, Total: 60401 ns
[2024-02-22T01:13:48.356+0000][7][safepoint   ] Safepoint "Cleanup", Time since last: 1000139857 ns, Reaching safepoint: 47121 ns, At safepoint: 5127 ns, Total: 52248 ns
[2024-02-22T01:13:50.357+0000][7][safepoint   ] Safepoint "Cleanup", Time since last: 2000203409 ns, Reaching safepoint: 73475 ns, At safepoint: 5136 ns, Total: 78611 ns
[2024-02-22T01:13:54.357+0000][7][safepoint   ] Safepoint "Cleanup", Time since last: 4000350982 ns, Reaching safepoint: 65471 ns, At safepoint: 4222 ns, Total: 69693 ns
[2024-02-22T01:13:56.357+0000][7][safepoint   ] Safepoint "Cleanup", Time since last: 2000188394 ns, Reaching safepoint: 86269 ns, At safepoint: 4129 ns, Total: 90398 ns
[2024-02-22T01:13:59.358+0000][7][safepoint   ] Safepoint "Cleanup", Time since last: 3000340493 ns, Reaching safepoint: 83028 ns, At safepoint: 5265 ns, Total: 88293 ns
[2024-02-22T01:14:00.358+0000][7][safepoint   ] Safepoint "Cleanup", Time since last: 1000104062 ns, Reaching safepoint: 55794 ns, At safepoint: 5362 ns, Total: 61156 ns
[2024-02-22T01:14:03.358+0000][7][safepoint   ] Safepoint "Cleanup", Time since last: 3000263228 ns, Reaching safepoint: 48338 ns, At safepoint: 4093 ns, Total: 52431 ns
[2024-02-22T01:14:05.359+0000][7][safepoint   ] Safepoint "Cleanup", Time since last: 2000324127 ns, Reaching safepoint: 51570 ns, At safepoint: 4654 ns, Total: 56224 ns
[2024-02-22T01:14:09.382+0000][7][safepoint   ] Safepoint "Cleanup", Time since last: 4023047195 ns, Reaching safepoint: 145426 ns, At safepoint: 7868 ns, Total: 153294 ns
[2024-02-22T01:14:11.382+0000][7][safepoint   ] Safepoint "Cleanup", Time since last: 2000187166 ns, Reaching safepoint: 69896 ns, At safepoint: 12303 ns, Total: 82199 ns
[2024-02-22T01:14:14.382+0000][7][safepoint   ] Safepoint "Cleanup", Time since last: 3000329367 ns, Reaching safepoint: 69746 ns, At safepoint: 4092 ns, Total: 73838 ns
[2024-02-22T01:14:17.383+0000][7][safepoint   ] Safepoint "Cleanup", Time since last: 3000447123 ns, Reaching safepoint: 47914 ns, At safepoint: 6898 ns, Total: 54812 ns
[2024-02-22T01:14:20.384+0000][7][safepoint   ] Safepoint "Cleanup", Time since last: 3000502133 ns, Reaching safepoint: 67679 ns, At safepoint: 4466 ns, Total: 72145 ns
[2024-02-22T01:14:23.384+0000][7][safepoint   ] Safepoint "Cleanup", Time since last: 3000320216 ns, Reaching safepoint: 46389 ns, At safepoint: 7850 ns, Total: 54239 ns
[2024-02-22T01:14:24.384+0000][7][safepoint   ] Safepoint "Cleanup", Time since last: 1000104658 ns, Reaching safepoint: 48041 ns, At safepoint: 4321 ns, Total: 52362 ns
[2024-02-22T01:14:26.384+0000][7][safepoint   ] Safepoint "Cleanup", Time since last: 2000194551 ns, Reaching safepoint: 52541 ns, At safepoint: 13144 ns, Total: 65685 ns
[2024-02-22T01:14:27.385+0000][7][safepoint   ] Safepoint "Cleanup", Time since last: 1000140521 ns, Reaching safepoint: 74702 ns, At safepoint: 7141 ns, Total: 81843 ns
[2024-02-22T01:14:34.386+0000][7][safepoint   ] Safepoint "Cleanup", Time since last: 7001188807 ns, Reaching safepoint: 122965 ns, At safepoint: 7372 ns, Total: 130337 ns
[2024-02-22T01:14:36.386+0000][7][safepoint   ] Safepoint "Cleanup", Time since last: 2000477240 ns, Reaching safepoint: 84952 ns, At safepoint: 7107 ns, Total: 92059 ns
[2024-02-22T01:14:38.387+0000][7][safepoint   ] Safepoint "Cleanup", Time since last: 2000333894 ns, Reaching safepoint: 109362 ns, At safepoint: 8274 ns, Total: 117636 ns
[2024-02-22T01:14:39.387+0000][7][safepoint   ] Safepoint "Cleanup", Time since last: 1000215256 ns, Reaching safepoint: 84607 ns, At safepoint: 7617 ns, Total: 92224 ns
[2024-02-22T01:14:40.388+0000][7][safepoint   ] Safepoint "Cleanup", Time since last: 1000255373 ns, Reaching safepoint: 81877 ns, At safepoint: 7885 ns, Total: 89762 ns
[2024-02-22T01:14:41.388+0000][7][safepoint   ] Safepoint "Cleanup", Time since last: 1000259036 ns, Reaching safepoint: 122138 ns, At safepoint: 7708 ns, Total: 129846 ns
[2024-02-22T01:14:44.388+0000][7][safepoint   ] Safepoint "Cleanup", Time since last: 3000323744 ns, Reaching safepoint: 93421 ns, At safepoint: 6745 ns, Total: 100166 ns
[2024-02-22T01:14:47.389+0000][7][safepoint   ] Safepoint "Cleanup", Time since last: 3000430334 ns, Reaching safepoint: 85232 ns, At safepoint: 7204 ns, Total: 92436 ns
[2024-02-22T01:14:48.389+0000][7][safepoint   ] Safepoint "Cleanup", Time since last: 1000210716 ns, Reaching safepoint: 75242 ns, At safepoint: 8505 ns, Total: 83747 ns
[2024-02-22T01:14:53.390+0000][7][safepoint   ] Safepoint "Cleanup", Time since last: 5000584647 ns, Reaching safepoint: 120179 ns, At safepoint: 14054 ns, Total: 134233 ns
[2024-02-22T01:14:56.390+0000][7][safepoint   ] Safepoint "Cleanup", Time since last: 3000297942 ns, Reaching safepoint: 135953 ns, At safepoint: 7457 ns, Total: 143410 ns
[2024-02-22T01:14:59.362+0000][7][gc,start    ] GC(16) Pause Young (Normal) (G1 Evacuation Pause)
[2024-02-22T01:14:59.363+0000][7][gc,task     ] GC(16) Using 8 workers of 8 for evacuation
[2024-02-22T01:14:59.363+0000][7][gc,age      ] GC(16) Desired survivor size 41943040 bytes, new threshold 15 (max threshold 15)
[2024-02-22T01:14:59.379+0000][7][gc,phases   ] GC(16)   Pre Evacuate Collection Set: 0.1ms
[2024-02-22T01:14:59.379+0000][7][gc,phases   ] GC(16)   Merge Heap Roots: 0.1ms
[2024-02-22T01:14:59.379+0000][7][gc,phases   ] GC(16)   Evacuate Collection Set: 14.6ms
[2024-02-22T01:14:59.379+0000][7][gc,phases   ] GC(16)   Post Evacuate Collection Set: 1.3ms
[2024-02-22T01:14:59.379+0000][7][gc,phases   ] GC(16)   Other: 0.1ms
[2024-02-22T01:14:59.379+0000][7][gc,age      ] GC(16) Age table with threshold 15 (max threshold 15)
[2024-02-22T01:14:59.379+0000][7][gc,age      ] GC(16) - age   1:    1794032 bytes,    1794032 total
[2024-02-22T01:14:59.379+0000][7][gc,age      ] GC(16) - age   2:    2338416 bytes,    4132448 total
[2024-02-22T01:14:59.379+0000][7][gc,age      ] GC(16) - age   3:      90832 bytes,    4223280 total
[2024-02-22T01:14:59.379+0000][7][gc,age      ] GC(16) - age   4:    6378480 bytes,   10601760 total
[2024-02-22T01:14:59.379+0000][7][gc,age      ] GC(16) - age   5:   16903392 bytes,   27505152 total
[2024-02-22T01:14:59.379+0000][7][gc,heap     ] GC(16) Eden regions: 146->0(146)
[2024-02-22T01:14:59.379+0000][7][gc,heap     ] GC(16) Survivor regions: 7->7(20)
[2024-02-22T01:14:59.379+0000][7][gc,heap     ] GC(16) Old regions: 16->16
[2024-02-22T01:14:59.379+0000][7][gc,heap     ] GC(16) Archive regions: 2->2
[2024-02-22T01:14:59.379+0000][7][gc,heap     ] GC(16) Humongous regions: 0->0
[2024-02-22T01:14:59.379+0000][7][gc,metaspace] GC(16) Metaspace: 126417K(130112K)->126417K(130112K) NonClass: 109678K(111616K)->109678K(111616K) Class: 16739K(18496K)->16739K(18496K)
[2024-02-22T01:14:59.379+0000][7][gc          ] GC(16) Pause Young (Normal) (G1 Evacuation Pause) 679M->95M(1024M) 16.470ms
[2024-02-22T01:14:59.379+0000][7][gc,cpu      ] GC(16) User=0.11s Sys=0.00s Real=0.01s
[2024-02-22T01:14:59.379+0000][7][safepoint   ] Safepoint "G1CollectForAllocation", Time since last: 2972004922 ns, Reaching safepoint: 66419 ns, At safepoint: 16560836 ns, Total: 16627255 ns
[2024-02-22T01:15:00.379+0000][7][safepoint   ] Safepoint "Cleanup", Time since last: 1000178097 ns, Reaching safepoint: 72004 ns, At safepoint: 7888 ns, Total: 79892 ns
[2024-02-22T01:15:02.380+0000][7][safepoint   ] Safepoint "Cleanup", Time since last: 2000340817 ns, Reaching safepoint: 72750 ns, At safepoint: 6206 ns, Total: 78956 ns
[2024-02-22T01:15:03.380+0000][7][safepoint   ] Safepoint "Cleanup", Time since last: 1000106797 ns, Reaching safepoint: 84629 ns, At safepoint: 8189 ns, Total: 92818 ns
[2024-02-22T01:15:04.380+0000][7][safepoint   ] Safepoint "Cleanup", Time since last: 1000136676 ns, Reaching safepoint: 66342 ns, At safepoint: 5864 ns, Total: 72206 ns
[2024-02-22T01:15:07.380+0000][7][safepoint   ] Safepoint "Cleanup", Time since last: 3000272956 ns, Reaching safepoint: 105153 ns, At safepoint: 7379 ns, Total: 112532 ns
[2024-02-22T01:15:08.381+0000][7][safepoint   ] Safepoint "Cleanup", Time since last: 1000146827 ns, Reaching safepoint: 68876 ns, At safepoint: 6410 ns, Total: 75286 ns
[2024-02-22T01:15:09.381+0000][7][safepoint   ] Safepoint "Cleanup", Time since last: 1000156405 ns, Reaching safepoint: 63305 ns, At safepoint: 7644 ns, Total: 70949 ns
[2024-02-22T01:15:11.381+0000][7][safepoint   ] Safepoint "Cleanup", Time since last: 2000210898 ns, Reaching safepoint: 72159 ns, At safepoint: 4689 ns, Total: 76848 ns
[2024-02-22T01:15:12.381+0000][7][safepoint   ] Safepoint "Cleanup", Time since last: 1000123552 ns, Reaching safepoint: 52096 ns, At safepoint: 5162 ns, Total: 57258 ns
[2024-02-22T01:15:14.382+0000][7][safepoint   ] Safepoint "Cleanup", Time since last: 2000230857 ns, Reaching safepoint: 77676 ns, At safepoint: 9069 ns, Total: 86745 ns
[2024-02-22T01:15:15.382+0000][7][safepoint   ] Safepoint "Cleanup", Time since last: 1000143110 ns, Reaching safepoint: 76193 ns, At safepoint: 6795 ns, Total: 82988 ns
[2024-02-22T01:15:21.383+0000][7][safepoint   ] Safepoint "Cleanup", Time since last: 6000905067 ns, Reaching safepoint: 88708 ns, At safepoint: 7506 ns, Total: 96214 ns
[2024-02-22T01:15:23.383+0000][7][safepoint   ] Safepoint "Cleanup", Time since last: 2000212739 ns, Reaching safepoint: 82442 ns, At safepoint: 6143 ns, Total: 88585 ns
[2024-02-22T01:15:26.384+0000][7][safepoint   ] Safepoint "Cleanup", Time since last: 3000293121 ns, Reaching safepoint: 92486 ns, At safepoint: 21233 ns, Total: 113719 ns
[2024-02-22T01:15:31.384+0000][7][safepoint   ] Safepoint "Cleanup", Time since last: 5000462816 ns, Reaching safepoint: 144257 ns, At safepoint: 6304 ns, Total: 150561 ns
[2024-02-22T01:15:32.384+0000][7][safepoint   ] Safepoint "Cleanup", Time since last: 1000126468 ns, Reaching safepoint: 81655 ns, At safepoint: 4640 ns, Total: 86295 ns
[2024-02-22T01:15:33.385+0000][7][safepoint   ] Safepoint "Cleanup", Time since last: 1000129428 ns, Reaching safepoint: 95577 ns, At safepoint: 8654 ns, Total: 104231 ns
[2024-02-22T01:15:35.385+0000][7][safepoint   ] Safepoint "Cleanup", Time since last: 2000194057 ns, Reaching safepoint: 71294 ns, At safepoint: 3306 ns, Total: 74600 ns
[2024-02-22T01:15:37.385+0000][7][safepoint   ] Safepoint "Cleanup", Time since last: 2000249491 ns, Reaching safepoint: 77663 ns, At safepoint: 8644 ns, Total: 86307 ns
[2024-02-22T01:15:38.386+0000][7][safepoint   ] Safepoint "Cleanup", Time since last: 1000141765 ns, Reaching safepoint: 93043 ns, At safepoint: 5211 ns, Total: 98254 ns
[2024-02-22T01:15:39.386+0000][7][safepoint   ] Safepoint "Cleanup", Time since last: 1000221342 ns, Reaching safepoint: 90313 ns, At safepoint: 24844 ns, Total: 115157 ns
[2024-02-22T01:15:41.386+0000][7][safepoint   ] Safepoint "Cleanup", Time since last: 2000294987 ns, Reaching safepoint: 100095 ns, At safepoint: 6758 ns, Total: 106853 ns
[2024-02-22T01:15:44.387+0000][7][safepoint   ] Safepoint "Cleanup", Time since last: 3000321076 ns, Reaching safepoint: 109482 ns, At safepoint: 6579 ns, Total: 116061 ns
[2024-02-22T01:15:46.387+0000][7][safepoint   ] Safepoint "Cleanup", Time since last: 2000233543 ns, Reaching safepoint: 89060 ns, At safepoint: 7865 ns, Total: 96925 ns
[2024-02-22T01:15:47.387+0000][7][safepoint   ] Safepoint "Cleanup", Time since last: 1000135178 ns, Reaching safepoint: 92842 ns, At safepoint: 5631 ns, Total: 98473 ns
[2024-02-22T01:15:48.388+0000][7][safepoint   ] Safepoint "Cleanup", Time since last: 1000223318 ns, Reaching safepoint: 105731 ns, At safepoint: 8290 ns, Total: 114021 ns
[2024-02-22T01:15:49.388+0000][7][safepoint   ] Safepoint "Cleanup", Time since last: 1000150283 ns, Reaching safepoint: 97458 ns, At safepoint: 6160 ns, Total: 103618 ns
[2024-02-22T01:15:51.388+0000][7][safepoint   ] Safepoint "Cleanup", Time since last: 2000219139 ns, Reaching safepoint: 102798 ns, At safepoint: 6386 ns, Total: 109184 ns
[2024-02-22T01:15:57.389+0000][7][safepoint   ] Safepoint "Cleanup", Time since last: 6000706694 ns, Reaching safepoint: 120056 ns, At safepoint: 7941 ns, Total: 127997 ns
[2024-02-22T01:16:02.390+0000][7][safepoint   ] Safepoint "Cleanup", Time since last: 5000682771 ns, Reaching safepoint: 48293 ns, At safepoint: 8666 ns, Total: 56959 ns
[2024-02-22T01:16:04.390+0000][7][safepoint   ] Safepoint "Cleanup", Time since last: 2000276149 ns, Reaching safepoint: 69004 ns, At safepoint: 4188 ns, Total: 73192 ns
[2024-02-22T01:16:06.390+0000][7][safepoint   ] Safepoint "Cleanup", Time since last: 2000235370 ns, Reaching safepoint: 51283 ns, At safepoint: 4378 ns, Total: 55661 ns
[2024-02-22T01:16:08.391+0000][7][safepoint   ] Safepoint "Cleanup", Time since last: 2000270242 ns, Reaching safepoint: 50573 ns, At safepoint: 6813 ns, Total: 57386 ns
[2024-02-22T01:16:11.392+0000][7][safepoint   ] Safepoint "Cleanup", Time since last: 3000585652 ns, Reaching safepoint: 186936 ns, At safepoint: 23052 ns, Total: 209988 ns
[2024-02-22T01:16:15.392+0000][7][safepoint   ] Safepoint "Cleanup", Time since last: 4000491024 ns, Reaching safepoint: 130771 ns, At safepoint: 23866 ns, Total: 154637 ns
[2024-02-22T01:16:17.393+0000][7][safepoint   ] Safepoint "Cleanup", Time since last: 2000255706 ns, Reaching safepoint: 104670 ns, At safepoint: 7117 ns, Total: 111787 ns
[2024-02-22T01:16:20.393+0000][7][safepoint   ] Safepoint "Cleanup", Time since last: 3000368087 ns, Reaching safepoint: 98444 ns, At safepoint: 16090 ns, Total: 114534 ns
[2024-02-22T01:16:21.393+0000][7][safepoint   ] Safepoint "Cleanup", Time since last: 1000193352 ns, Reaching safepoint: 59018 ns, At safepoint: 6449 ns, Total: 65467 ns
[2024-02-22T01:16:23.394+0000][7][safepoint   ] Safepoint "Cleanup", Time since last: 2000289885 ns, Reaching safepoint: 111889 ns, At safepoint: 8624 ns, Total: 120513 ns
[2024-02-22T01:16:24.394+0000][7][safepoint   ] Safepoint "Cleanup", Time since last: 1000175850 ns, Reaching safepoint: 120990 ns, At safepoint: 11985 ns, Total: 132975 ns
[2024-02-22T01:16:26.394+0000][7][safepoint   ] Safepoint "Cleanup", Time since last: 2000296579 ns, Reaching safepoint: 102396 ns, At safepoint: 7900 ns, Total: 110296 ns
[2024-02-22T01:16:32.395+0000][7][safepoint   ] Safepoint "Cleanup", Time since last: 6000880409 ns, Reaching safepoint: 94676 ns, At safepoint: 6221 ns, Total: 100897 ns
[2024-02-22T01:16:33.396+0000][7][safepoint   ] Safepoint "Cleanup", Time since last: 1000220521 ns, Reaching safepoint: 61867 ns, At safepoint: 8772 ns, Total: 70639 ns
[2024-02-22T01:16:34.396+0000][7][safepoint   ] Safepoint "Cleanup", Time since last: 1000149562 ns, Reaching safepoint: 82123 ns, At safepoint: 14539 ns, Total: 96662 ns
[2024-02-22T01:16:35.396+0000][7][safepoint   ] Safepoint "Cleanup", Time since last: 1000120007 ns, Reaching safepoint: 47197 ns, At safepoint: 4501 ns, Total: 51698 ns
[2024-02-22T01:16:36.396+0000][7][safepoint   ] Safepoint "Cleanup", Time since last: 1000152483 ns, Reaching safepoint: 85621 ns, At safepoint: 8575 ns, Total: 94196 ns
[2024-02-22T01:16:37.397+0000][7][safepoint   ] Safepoint "Cleanup", Time since last: 1000135689 ns, Reaching safepoint: 60828 ns, At safepoint: 7765 ns, Total: 68593 ns
[2024-02-22T01:16:38.397+0000][7][safepoint   ] Safepoint "Cleanup", Time since last: 1000156686 ns, Reaching safepoint: 109584 ns, At safepoint: 9997 ns, Total: 119581 ns
[2024-02-22T01:16:39.397+0000][7][safepoint   ] Safepoint "Cleanup", Time since last: 1000151435 ns, Reaching safepoint: 112697 ns, At safepoint: 9682 ns, Total: 122379 ns
[2024-02-22T01:16:41.398+0000][7][safepoint   ] Safepoint "Cleanup", Time since last: 2000280635 ns, Reaching safepoint: 209414 ns, At safepoint: 12112 ns, Total: 221526 ns
[2024-02-22T01:16:44.398+0000][7][safepoint   ] Safepoint "Cleanup", Time since last: 3000317924 ns, Reaching safepoint: 51311 ns, At safepoint: 11411 ns, Total: 62722 ns
[2024-02-22T01:16:47.398+0000][7][safepoint   ] Safepoint "Cleanup", Time since last: 3000377253 ns, Reaching safepoint: 66071 ns, At safepoint: 7273 ns, Total: 73344 ns
[2024-02-22T01:16:48.399+0000][7][safepoint   ] Safepoint "Cleanup", Time since last: 1000228944 ns, Reaching safepoint: 75251 ns, At safepoint: 11620 ns, Total: 86871 ns
[2024-02-22T01:16:50.399+0000][7][safepoint   ] Safepoint "Cleanup", Time since last: 2000317588 ns, Reaching safepoint: 87332 ns, At safepoint: 6287 ns, Total: 93619 ns
[2024-02-22T01:16:51.399+0000][7][safepoint   ] Safepoint "Cleanup", Time since last: 1000219874 ns, Reaching safepoint: 71109 ns, At safepoint: 9177 ns, Total: 80286 ns
[2024-02-22T01:16:53.400+0000][7][safepoint   ] Safepoint "Cleanup", Time since last: 2000223891 ns, Reaching safepoint: 106299 ns, At safepoint: 7703 ns, Total: 114002 ns
[2024-02-22T01:16:54.400+0000][7][safepoint   ] Safepoint "Cleanup", Time since last: 1000133510 ns, Reaching safepoint: 73916 ns, At safepoint: 11581 ns, Total: 85497 ns
[2024-02-22T01:16:56.400+0000][7][safepoint   ] Safepoint "Cleanup", Time since last: 2000229038 ns, Reaching safepoint: 62072 ns, At safepoint: 5856 ns, Total: 67928 ns
[2024-02-22T01:17:00.401+0000][7][safepoint   ] Safepoint "Cleanup", Time since last: 4000477544 ns, Reaching safepoint: 66875 ns, At safepoint: 9616 ns, Total: 76491 ns
[2024-02-22T01:17:02.401+0000][7][safepoint   ] Safepoint "Cleanup", Time since last: 2000210618 ns, Reaching safepoint: 77688 ns, At safepoint: 5857 ns, Total: 83545 ns
[2024-02-22T01:17:03.401+0000][7][safepoint   ] Safepoint "Cleanup", Time since last: 1000198700 ns, Reaching safepoint: 43117 ns, At safepoint: 4764 ns, Total: 47881 ns
[2024-02-22T01:17:04.402+0000][7][safepoint   ] Safepoint "Cleanup", Time since last: 1000181868 ns, Reaching safepoint: 45279 ns, At safepoint: 3787 ns, Total: 49066 ns
[2024-02-22T01:17:05.402+0000][7][safepoint   ] Safepoint "Cleanup", Time since last: 1000121713 ns, Reaching safepoint: 46732 ns, At safepoint: 3838 ns, Total: 50570 ns
[2024-02-22T01:17:08.402+0000][7][safepoint   ] Safepoint "Cleanup", Time since last: 3000365010 ns, Reaching safepoint: 62364 ns, At safepoint: 5250 ns, Total: 67614 ns
[2024-02-22T01:17:11.403+0000][7][safepoint   ] Safepoint "Cleanup", Time since last: 3000342277 ns, Reaching safepoint: 45671 ns, At safepoint: 3469 ns, Total: 49140 ns
[2024-02-22T01:17:12.403+0000][7][safepoint   ] Safepoint "Cleanup", Time since last: 1000127389 ns, Reaching safepoint: 51445 ns, At safepoint: 3576 ns, Total: 55021 ns
[2024-02-22T01:17:14.403+0000][7][safepoint   ] Safepoint "Cleanup", Time since last: 2000160685 ns, Reaching safepoint: 104631 ns, At safepoint: 4677 ns, Total: 109308 ns
[2024-02-22T01:17:15.403+0000][7][safepoint   ] Safepoint "Cleanup", Time since last: 1000112515 ns, Reaching safepoint: 41208 ns, At safepoint: 3772 ns, Total: 44980 ns
[2024-02-22T01:17:17.404+0000][7][safepoint   ] Safepoint "Cleanup", Time since last: 2000235273 ns, Reaching safepoint: 147467 ns, At safepoint: 10377 ns, Total: 157844 ns
[2024-02-22T01:17:18.404+0000][7][safepoint   ] Safepoint "Cleanup", Time since last: 1000103393 ns, Reaching safepoint: 52202 ns, At safepoint: 4672 ns, Total: 56874 ns
[2024-02-22T01:17:21.404+0000][7][safepoint   ] Safepoint "Cleanup", Time since last: 3000397275 ns, Reaching safepoint: 50856 ns, At safepoint: 4426 ns, Total: 55282 ns
[2024-02-22T01:17:23.405+0000][7][safepoint   ] Safepoint "Cleanup", Time since last: 2000215767 ns, Reaching safepoint: 72393 ns, At safepoint: 19348 ns, Total: 91741 ns
[2024-02-22T01:17:32.406+0000][7][safepoint   ] Safepoint "Cleanup", Time since last: 9000896186 ns, Reaching safepoint: 95690 ns, At safepoint: 6477 ns, Total: 102167 ns
[2024-02-22T01:17:33.406+0000][7][safepoint   ] Safepoint "Cleanup", Time since last: 1000224298 ns, Reaching safepoint: 92184 ns, At safepoint: 7722 ns, Total: 99906 ns
[2024-02-22T01:17:34.406+0000][7][safepoint   ] Safepoint "Cleanup", Time since last: 1000140244 ns, Reaching safepoint: 58267 ns, At safepoint: 5578 ns, Total: 63845 ns
[2024-02-22T01:17:35.406+0000][7][safepoint   ] Safepoint "Cleanup", Time since last: 1000164034 ns, Reaching safepoint: 154014 ns, At safepoint: 11244 ns, Total: 165258 ns
[2024-02-22T01:17:37.202+0000][7][safepoint   ] Safepoint "Cleanup", Time since last: 1795940466 ns, Reaching safepoint: 146718 ns, At safepoint: 12378 ns, Total: 159096 ns
[2024-02-22T01:17:38.361+0000][7][gc,start    ] GC(17) Pause Young (Normal) (G1 Evacuation Pause)
[2024-02-22T01:17:38.361+0000][7][gc,task     ] GC(17) Using 8 workers of 8 for evacuation
[2024-02-22T01:17:38.361+0000][7][gc,age      ] GC(17) Desired survivor size 41943040 bytes, new threshold 15 (max threshold 15)
[2024-02-22T01:17:38.378+0000][7][gc,phases   ] GC(17)   Pre Evacuate Collection Set: 0.1ms
[2024-02-22T01:17:38.378+0000][7][gc,phases   ] GC(17)   Merge Heap Roots: 0.1ms
[2024-02-22T01:17:38.378+0000][7][gc,phases   ] GC(17)   Evacuate Collection Set: 15.8ms
[2024-02-22T01:17:38.378+0000][7][gc,phases   ] GC(17)   Post Evacuate Collection Set: 1.3ms
[2024-02-22T01:17:38.378+0000][7][gc,phases   ] GC(17)   Other: 0.1ms
[2024-02-22T01:17:38.378+0000][7][gc,age      ] GC(17) Age table with threshold 15 (max threshold 15)
[2024-02-22T01:17:38.378+0000][7][gc,age      ] GC(17) - age   1:    1096400 bytes,    1096400 total
[2024-02-22T01:17:38.378+0000][7][gc,age      ] GC(17) - age   2:      12416 bytes,    1108816 total
[2024-02-22T01:17:38.378+0000][7][gc,age      ] GC(17) - age   3:    1975776 bytes,    3084592 total
[2024-02-22T01:17:38.378+0000][7][gc,age      ] GC(17) - age   4:      90832 bytes,    3175424 total
[2024-02-22T01:17:38.378+0000][7][gc,age      ] GC(17) - age   5:    6377552 bytes,    9552976 total
[2024-02-22T01:17:38.378+0000][7][gc,age      ] GC(17) - age   6:   16854304 bytes,   26407280 total
[2024-02-22T01:17:38.378+0000][7][gc,heap     ] GC(17) Eden regions: 146->0(146)
[2024-02-22T01:17:38.378+0000][7][gc,heap     ] GC(17) Survivor regions: 7->7(20)
[2024-02-22T01:17:38.378+0000][7][gc,heap     ] GC(17) Old regions: 16->16
[2024-02-22T01:17:38.378+0000][7][gc,heap     ] GC(17) Archive regions: 2->2
[2024-02-22T01:17:38.378+0000][7][gc,heap     ] GC(17) Humongous regions: 0->0
[2024-02-22T01:17:38.378+0000][7][gc,metaspace] GC(17) Metaspace: 126799K(130432K)->126799K(130432K) NonClass: 110011K(111936K)->110011K(111936K) Class: 16787K(18496K)->16787K(18496K)
[2024-02-22T01:17:38.378+0000][7][gc          ] GC(17) Pause Young (Normal) (G1 Evacuation Pause) 679M->95M(1024M) 17.616ms
[2024-02-22T01:17:38.378+0000][7][gc,cpu      ] GC(17) User=0.12s Sys=0.00s Real=0.01s
[2024-02-22T01:17:38.378+0000][7][safepoint   ] Safepoint "G1CollectForAllocation", Time since last: 1158139867 ns, Reaching safepoint: 69463 ns, At safepoint: 17730117 ns, Total: 17799580 ns
[2024-02-22T01:17:39.379+0000][7][safepoint   ] Safepoint "Cleanup", Time since last: 1000116193 ns, Reaching safepoint: 67424 ns, At safepoint: 8386 ns, Total: 75810 ns
[2024-02-22T01:17:41.379+0000][7][safepoint   ] Safepoint "Cleanup", Time since last: 2000312652 ns, Reaching safepoint: 57177 ns, At safepoint: 5163 ns, Total: 62340 ns
[2024-02-22T01:17:46.380+0000][7][safepoint   ] Safepoint "Cleanup", Time since last: 5000712145 ns, Reaching safepoint: 42261 ns, At safepoint: 3862 ns, Total: 46123 ns
[2024-02-22T01:17:48.375+0000][7][safepoint   ] Safepoint "Cleanup", Time since last: 1995278030 ns, Reaching safepoint: 126393 ns, At safepoint: 7487 ns, Total: 133880 ns
[2024-02-22T01:17:50.376+0000][7][safepoint   ] Safepoint "Cleanup", Time since last: 2000329606 ns, Reaching safepoint: 55932 ns, At safepoint: 4412 ns, Total: 60344 ns
[2024-02-22T01:17:56.376+0000][7][safepoint   ] Safepoint "Cleanup", Time since last: 6000715959 ns, Reaching safepoint: 83162 ns, At safepoint: 5789 ns, Total: 88951 ns
[2024-02-22T01:17:59.377+0000][7][safepoint   ] Safepoint "Cleanup", Time since last: 3000280086 ns, Reaching safepoint: 130841 ns, At safepoint: 20288 ns, Total: 151129 ns
[2024-02-22T01:18:01.377+0000][7][safepoint   ] Safepoint "Cleanup", Time since last: 2000231701 ns, Reaching safepoint: 72642 ns, At safepoint: 9441 ns, Total: 82083 ns
[2024-02-22T01:18:04.378+0000][7][safepoint   ] Safepoint "Cleanup", Time since last: 3000473226 ns, Reaching safepoint: 117253 ns, At safepoint: 10652 ns, Total: 127905 ns
[2024-02-22T01:18:05.378+0000][7][safepoint   ] Safepoint "Cleanup", Time since last: 1000137364 ns, Reaching safepoint: 56886 ns, At safepoint: 4858 ns, Total: 61744 ns
[2024-02-22T01:18:09.378+0000][7][safepoint   ] Safepoint "Cleanup", Time since last: 4000477226 ns, Reaching safepoint: 45667 ns, At safepoint: 4754 ns, Total: 50421 ns
[2024-02-22T01:18:11.379+0000][7][safepoint   ] Safepoint "Cleanup", Time since last: 2000218921 ns, Reaching safepoint: 81707 ns, At safepoint: 9613 ns, Total: 91320 ns
[2024-02-22T01:18:15.380+0000][7][safepoint   ] Safepoint "Cleanup", Time since last: 4000653200 ns, Reaching safepoint: 111826 ns, At safepoint: 10632 ns, Total: 122458 ns
[2024-02-22T01:18:17.380+0000][7][safepoint   ] Safepoint "Cleanup", Time since last: 2000223159 ns, Reaching safepoint: 113665 ns, At safepoint: 7522 ns, Total: 121187 ns
[2024-02-22T01:18:24.381+0000][7][safepoint   ] Safepoint "Cleanup", Time since last: 7000755701 ns, Reaching safepoint: 109575 ns, At safepoint: 9476 ns, Total: 119051 ns
[2024-02-22T01:18:29.381+0000][7][safepoint   ] Safepoint "Cleanup", Time since last: 5000632703 ns, Reaching safepoint: 65289 ns, At safepoint: 14124 ns, Total: 79413 ns
[2024-02-22T01:18:34.382+0000][7][safepoint   ] Safepoint "Cleanup", Time since last: 5000557266 ns, Reaching safepoint: 113370 ns, At safepoint: 11222 ns, Total: 124592 ns
[2024-02-22T01:18:38.383+0000][7][safepoint   ] Safepoint "Cleanup", Time since last: 4000595316 ns, Reaching safepoint: 111929 ns, At safepoint: 7708 ns, Total: 119637 ns
[2024-02-22T01:18:39.383+0000][7][safepoint   ] Safepoint "Cleanup", Time since last: 1000213973 ns, Reaching safepoint: 65662 ns, At safepoint: 7739 ns, Total: 73401 ns
[2024-02-22T01:18:41.384+0000][7][safepoint   ] Safepoint "Cleanup", Time since last: 2000316624 ns, Reaching safepoint: 93167 ns, At safepoint: 6471 ns, Total: 99638 ns
[2024-02-22T01:18:46.384+0000][7][safepoint   ] Safepoint "Cleanup", Time since last: 5000502234 ns, Reaching safepoint: 77106 ns, At safepoint: 12292 ns, Total: 89398 ns
[2024-02-22T01:18:47.384+0000][7][safepoint   ] Safepoint "Cleanup", Time since last: 1000144251 ns, Reaching safepoint: 81831 ns, At safepoint: 6430 ns, Total: 88261 ns
[2024-02-22T01:18:49.385+0000][7][safepoint   ] Safepoint "Cleanup", Time since last: 2000223966 ns, Reaching safepoint: 79586 ns, At safepoint: 7697 ns, Total: 87283 ns
[2024-02-22T01:18:50.385+0000][7][safepoint   ] Safepoint "Cleanup", Time since last: 1000142127 ns, Reaching safepoint: 92475 ns, At safepoint: 8430 ns, Total: 100905 ns
[2024-02-22T01:18:56.386+0000][7][safepoint   ] Safepoint "Cleanup", Time since last: 6000770238 ns, Reaching safepoint: 76759 ns, At safepoint: 6287 ns, Total: 83046 ns
[2024-02-22T01:19:00.386+0000][7][safepoint   ] Safepoint "Cleanup", Time since last: 4000515924 ns, Reaching safepoint: 123374 ns, At safepoint: 8015 ns, Total: 131389 ns
[2024-02-22T01:19:02.387+0000][7][safepoint   ] Safepoint "Cleanup", Time since last: 2000372354 ns, Reaching safepoint: 61479 ns, At safepoint: 8845 ns, Total: 70324 ns
[2024-02-22T01:19:14.388+0000][7][safepoint   ] Safepoint "Cleanup", Time since last: 12001467561 ns, Reaching safepoint: 88869 ns, At safepoint: 5824 ns, Total: 94693 ns
[2024-02-22T01:19:15.389+0000][7][safepoint   ] Safepoint "Cleanup", Time since last: 1000135961 ns, Reaching safepoint: 79051 ns, At safepoint: 6989 ns, Total: 86040 ns
[2024-02-22T01:19:16.389+0000][7][safepoint   ] Safepoint "Cleanup", Time since last: 1000241920 ns, Reaching safepoint: 89034 ns, At safepoint: 8099 ns, Total: 97133 ns
[2024-02-22T01:19:19.389+0000][7][safepoint   ] Safepoint "Cleanup", Time since last: 3000294525 ns, Reaching safepoint: 93628 ns, At safepoint: 8050 ns, Total: 101678 ns
[2024-02-22T01:19:20.390+0000][7][safepoint   ] Safepoint "Cleanup", Time since last: 1000126329 ns, Reaching safepoint: 47744 ns, At safepoint: 5771 ns, Total: 53515 ns
[2024-02-22T01:19:23.390+0000][7][safepoint   ] Safepoint "Cleanup", Time since last: 3000399587 ns, Reaching safepoint: 98559 ns, At safepoint: 6868 ns, Total: 105427 ns
[2024-02-22T01:19:24.390+0000][7][safepoint   ] Safepoint "Cleanup", Time since last: 1000142066 ns, Reaching safepoint: 66276 ns, At safepoint: 7480 ns, Total: 73756 ns
[2024-02-22T01:19:30.391+0000][7][safepoint   ] Safepoint "Cleanup", Time since last: 6000828083 ns, Reaching safepoint: 77608 ns, At safepoint: 7192 ns, Total: 84800 ns
[2024-02-22T01:19:32.392+0000][7][safepoint   ] Safepoint "Cleanup", Time since last: 2000322731 ns, Reaching safepoint: 83981 ns, At safepoint: 5025 ns, Total: 89006 ns
[2024-02-22T01:19:34.392+0000][7][safepoint   ] Safepoint "Cleanup", Time since last: 2000189523 ns, Reaching safepoint: 64748 ns, At safepoint: 5645 ns, Total: 70393 ns
[2024-02-22T01:19:35.392+0000][7][safepoint   ] Safepoint "Cleanup", Time since last: 1000154040 ns, Reaching safepoint: 41888 ns, At safepoint: 8699 ns, Total: 50587 ns
[2024-02-22T01:19:38.393+0000][7][safepoint   ] Safepoint "Cleanup", Time since last: 3000321186 ns, Reaching safepoint: 184272 ns, At safepoint: 8740 ns, Total: 193012 ns
[2024-02-22T01:19:41.393+0000][7][safepoint   ] Safepoint "Cleanup", Time since last: 3000518860 ns, Reaching safepoint: 110801 ns, At safepoint: 8613 ns, Total: 119414 ns
[2024-02-22T01:19:45.394+0000][7][safepoint   ] Safepoint "Cleanup", Time since last: 4000813401 ns, Reaching safepoint: 140012 ns, At safepoint: 10333 ns, Total: 150345 ns
[2024-02-22T01:19:47.395+0000][7][safepoint   ] Safepoint "Cleanup", Time since last: 2000215335 ns, Reaching safepoint: 92124 ns, At safepoint: 11743 ns, Total: 103867 ns
[2024-02-22T01:19:48.659+0000][7][safepoint   ] Safepoint "Cleanup", Time since last: 1264369408 ns, Reaching safepoint: 64279 ns, At safepoint: 5175 ns, Total: 69454 ns
[2024-02-22T01:19:53.660+0000][7][safepoint   ] Safepoint "Cleanup", Time since last: 5000871172 ns, Reaching safepoint: 119658 ns, At safepoint: 7167 ns, Total: 126825 ns
[2024-02-22T01:19:56.660+0000][7][safepoint   ] Safepoint "Cleanup", Time since last: 3000256145 ns, Reaching safepoint: 64548 ns, At safepoint: 5213 ns, Total: 69761 ns
[2024-02-22T01:19:59.661+0000][7][safepoint   ] Safepoint "Cleanup", Time since last: 3000271774 ns, Reaching safepoint: 74893 ns, At safepoint: 17888 ns, Total: 92781 ns
[2024-02-22T01:20:01.661+0000][7][safepoint   ] Safepoint "Cleanup", Time since last: 2000312699 ns, Reaching safepoint: 67205 ns, At safepoint: 16986 ns, Total: 84191 ns
[2024-02-22T01:20:02.661+0000][7][safepoint   ] Safepoint "Cleanup", Time since last: 1000121258 ns, Reaching safepoint: 55986 ns, At safepoint: 11255 ns, Total: 67241 ns
[2024-02-22T01:20:04.662+0000][7][safepoint   ] Safepoint "Cleanup", Time since last: 2000266019 ns, Reaching safepoint: 87237 ns, At safepoint: 15117 ns, Total: 102354 ns
[2024-02-22T01:20:06.662+0000][7][safepoint   ] Safepoint "Cleanup", Time since last: 2000318032 ns, Reaching safepoint: 55987 ns, At safepoint: 9824 ns, Total: 65811 ns
[2024-02-22T01:20:08.662+0000][7][safepoint   ] Safepoint "Cleanup", Time since last: 2000314222 ns, Reaching safepoint: 79702 ns, At safepoint: 7224 ns, Total: 86926 ns
[2024-02-22T01:20:11.663+0000][7][safepoint   ] Safepoint "Cleanup", Time since last: 3000352089 ns, Reaching safepoint: 106788 ns, At safepoint: 20538 ns, Total: 127326 ns
[2024-02-22T01:20:14.663+0000][7][safepoint   ] Safepoint "Cleanup", Time since last: 3000314467 ns, Reaching safepoint: 49234 ns, At safepoint: 4311 ns, Total: 53545 ns
[2024-02-22T01:20:26.345+0000][7][gc,start    ] GC(18) Pause Young (Normal) (G1 Evacuation Pause)
[2024-02-22T01:20:26.345+0000][7][gc,task     ] GC(18) Using 8 workers of 8 for evacuation
[2024-02-22T01:20:26.345+0000][7][gc,age      ] GC(18) Desired survivor size 41943040 bytes, new threshold 15 (max threshold 15)
[2024-02-22T01:20:26.358+0000][7][gc,phases   ] GC(18)   Pre Evacuate Collection Set: 0.1ms
[2024-02-22T01:20:26.358+0000][7][gc,phases   ] GC(18)   Merge Heap Roots: 0.1ms
[2024-02-22T01:20:26.358+0000][7][gc,phases   ] GC(18)   Evacuate Collection Set: 11.4ms
[2024-02-22T01:20:26.358+0000][7][gc,phases   ] GC(18)   Post Evacuate Collection Set: 1.6ms
[2024-02-22T01:20:26.358+0000][7][gc,phases   ] GC(18)   Other: 0.1ms
[2024-02-22T01:20:26.358+0000][7][gc,age      ] GC(18) Age table with threshold 15 (max threshold 15)
[2024-02-22T01:20:26.358+0000][7][gc,age      ] GC(18) - age   1:    1590384 bytes,    1590384 total
[2024-02-22T01:20:26.358+0000][7][gc,age      ] GC(18) - age   2:     287400 bytes,    1877784 total
[2024-02-22T01:20:26.358+0000][7][gc,age      ] GC(18) - age   3:      10240 bytes,    1888024 total
[2024-02-22T01:20:26.358+0000][7][gc,age      ] GC(18) - age   4:    1975120 bytes,    3863144 total
[2024-02-22T01:20:26.358+0000][7][gc,age      ] GC(18) - age   5:      90832 bytes,    3953976 total
[2024-02-22T01:20:26.358+0000][7][gc,age      ] GC(18) - age   6:    6377552 bytes,   10331528 total
[2024-02-22T01:20:26.358+0000][7][gc,age      ] GC(18) - age   7:   16854304 bytes,   27185832 total
[2024-02-22T01:20:26.358+0000][7][gc,heap     ] GC(18) Eden regions: 146->0(145)
[2024-02-22T01:20:26.358+0000][7][gc,heap     ] GC(18) Survivor regions: 7->8(20)
[2024-02-22T01:20:26.358+0000][7][gc,heap     ] GC(18) Old regions: 16->16
[2024-02-22T01:20:26.358+0000][7][gc,heap     ] GC(18) Archive regions: 2->2
[2024-02-22T01:20:26.358+0000][7][gc,heap     ] GC(18) Humongous regions: 0->0
[2024-02-22T01:20:26.358+0000][7][gc,metaspace] GC(18) Metaspace: 126899K(130496K)->126899K(130496K) NonClass: 110112K(112000K)->110112K(112000K) Class: 16787K(18496K)->16787K(18496K)
[2024-02-22T01:20:26.358+0000][7][gc          ] GC(18) Pause Young (Normal) (G1 Evacuation Pause) 679M->96M(1024M) 13.495ms
[2024-02-22T01:20:26.358+0000][7][gc,cpu      ] GC(18) User=0.08s Sys=0.00s Real=0.01s
[2024-02-22T01:20:26.358+0000][7][safepoint   ] Safepoint "G1CollectForAllocation", Time since last: 11681502830 ns, Reaching safepoint: 31889 ns, At safepoint: 13581322 ns, Total: 13613211 ns
[2024-02-22T01:20:27.359+0000][7][safepoint   ] Safepoint "Cleanup", Time since last: 1000121398 ns, Reaching safepoint: 60263 ns, At safepoint: 7931 ns, Total: 68194 ns
[2024-02-22T01:20:34.360+0000][7][safepoint   ] Safepoint "Cleanup", Time since last: 7000990535 ns, Reaching safepoint: 67154 ns, At safepoint: 10359 ns, Total: 77513 ns
[2024-02-22T01:20:36.360+0000][7][safepoint   ] Safepoint "Cleanup", Time since last: 2000253884 ns, Reaching safepoint: 62436 ns, At safepoint: 5936 ns, Total: 68372 ns
[2024-02-22T01:20:37.360+0000][7][safepoint   ] Safepoint "Cleanup", Time since last: 1000120975 ns, Reaching safepoint: 74421 ns, At safepoint: 5815 ns, Total: 80236 ns
[2024-02-22T01:20:38.360+0000][7][safepoint   ] Safepoint "Cleanup", Time since last: 1000145579 ns, Reaching safepoint: 60003 ns, At safepoint: 6475 ns, Total: 66478 ns
[2024-02-22T01:20:41.361+0000][7][safepoint   ] Safepoint "Cleanup", Time since last: 3000299921 ns, Reaching safepoint: 74598 ns, At safepoint: 12279 ns, Total: 86877 ns
[2024-02-22T01:20:42.361+0000][7][safepoint   ] Safepoint "Cleanup", Time since last: 1000135749 ns, Reaching safepoint: 73833 ns, At safepoint: 5933 ns, Total: 79766 ns
[2024-02-22T01:20:44.361+0000][7][safepoint   ] Safepoint "Cleanup", Time since last: 2000219407 ns, Reaching safepoint: 80275 ns, At safepoint: 8087 ns, Total: 88362 ns
[2024-02-22T01:20:47.362+0000][7][safepoint   ] Safepoint "Cleanup", Time since last: 3000296758 ns, Reaching safepoint: 101796 ns, At safepoint: 3652 ns, Total: 105448 ns
[2024-02-22T01:20:53.363+0000][7][safepoint   ] Safepoint "Cleanup", Time since last: 6000948203 ns, Reaching safepoint: 152657 ns, At safepoint: 11469 ns, Total: 164126 ns
[2024-02-22T01:20:56.363+0000][7][safepoint   ] Safepoint "Cleanup", Time since last: 3000460842 ns, Reaching safepoint: 76126 ns, At safepoint: 5506 ns, Total: 81632 ns
[2024-02-22T01:20:57.364+0000][7][safepoint   ] Safepoint "Cleanup", Time since last: 1000257449 ns, Reaching safepoint: 102390 ns, At safepoint: 9846 ns, Total: 112236 ns
[2024-02-22T01:21:11.365+0000][7][safepoint   ] Safepoint "Cleanup", Time since last: 14001342549 ns, Reaching safepoint: 132219 ns, At safepoint: 6832 ns, Total: 139051 ns
[2024-02-22T01:21:12.365+0000][7][safepoint   ] Safepoint "Cleanup", Time since last: 1000145428 ns, Reaching safepoint: 48469 ns, At safepoint: 6303 ns, Total: 54772 ns
[2024-02-22T01:21:17.366+0000][7][safepoint   ] Safepoint "Cleanup", Time since last: 5000498840 ns, Reaching safepoint: 83133 ns, At safepoint: 5281 ns, Total: 88414 ns
[2024-02-22T01:21:23.367+0000][7][safepoint   ] Safepoint "Cleanup", Time since last: 6000619923 ns, Reaching safepoint: 98424 ns, At safepoint: 7939 ns, Total: 106363 ns
[2024-02-22T01:21:24.367+0000][7][safepoint   ] Safepoint "Cleanup", Time since last: 1000136148 ns, Reaching safepoint: 97341 ns, At safepoint: 7078 ns, Total: 104419 ns
[2024-02-22T01:21:30.368+0000][7][safepoint   ] Safepoint "Cleanup", Time since last: 6000629677 ns, Reaching safepoint: 62015 ns, At safepoint: 8835 ns, Total: 70850 ns
[2024-02-22T01:21:34.368+0000][7][safepoint   ] Safepoint "Cleanup", Time since last: 4000358729 ns, Reaching safepoint: 279614 ns, At safepoint: 21966 ns, Total: 301580 ns
[2024-02-22T01:21:36.369+0000][7][safepoint   ] Safepoint "Cleanup", Time since last: 2000240298 ns, Reaching safepoint: 77614 ns, At safepoint: 8952 ns, Total: 86566 ns
[2024-02-22T01:21:39.369+0000][7][safepoint   ] Safepoint "Cleanup", Time since last: 3000325412 ns, Reaching safepoint: 63505 ns, At safepoint: 7155 ns, Total: 70660 ns
[2024-02-22T01:21:41.369+0000][7][safepoint   ] Safepoint "Cleanup", Time since last: 2000189086 ns, Reaching safepoint: 99746 ns, At safepoint: 6720 ns, Total: 106466 ns
[2024-02-22T01:21:59.371+0000][7][safepoint   ] Safepoint "Cleanup", Time since last: 18001806947 ns, Reaching safepoint: 119218 ns, At safepoint: 4498 ns, Total: 123716 ns
[2024-02-22T01:22:00.372+0000][7][safepoint   ] Safepoint "Cleanup", Time since last: 1000243765 ns, Reaching safepoint: 70144 ns, At safepoint: 7332 ns, Total: 77476 ns
[2024-02-22T01:22:05.372+0000][7][safepoint   ] Safepoint "Cleanup", Time since last: 5000525922 ns, Reaching safepoint: 136937 ns, At safepoint: 7404 ns, Total: 144341 ns
[2024-02-22T01:22:06.372+0000][7][safepoint   ] Safepoint "Cleanup", Time since last: 1000125683 ns, Reaching safepoint: 61828 ns, At safepoint: 4965 ns, Total: 66793 ns
[2024-02-22T01:22:08.373+0000][7][safepoint   ] Safepoint "Cleanup", Time since last: 2000246683 ns, Reaching safepoint: 82357 ns, At safepoint: 7197 ns, Total: 89554 ns
[2024-02-22T01:22:11.373+0000][7][safepoint   ] Safepoint "Cleanup", Time since last: 3000293976 ns, Reaching safepoint: 126097 ns, At safepoint: 5568 ns, Total: 131665 ns
[2024-02-22T01:22:18.374+0000][7][safepoint   ] Safepoint "Cleanup", Time since last: 7000770784 ns, Reaching safepoint: 148342 ns, At safepoint: 19567 ns, Total: 167909 ns
[2024-02-22T01:22:29.376+0000][7][safepoint   ] Safepoint "Cleanup", Time since last: 11001244993 ns, Reaching safepoint: 162557 ns, At safepoint: 10779 ns, Total: 173336 ns
[2024-02-22T01:22:30.376+0000][7][safepoint   ] Safepoint "Cleanup", Time since last: 1000253629 ns, Reaching safepoint: 81756 ns, At safepoint: 10106 ns, Total: 91862 ns
[2024-02-22T01:22:35.376+0000][7][safepoint   ] Safepoint "Cleanup", Time since last: 5000445945 ns, Reaching safepoint: 53490 ns, At safepoint: 4715 ns, Total: 58205 ns
[2024-02-22T01:22:38.377+0000][7][safepoint   ] Safepoint "Cleanup", Time since last: 3000278155 ns, Reaching safepoint: 110131 ns, At safepoint: 8488 ns, Total: 118619 ns
[2024-02-22T01:22:41.377+0000][7][safepoint   ] Safepoint "Cleanup", Time since last: 3000320773 ns, Reaching safepoint: 65600 ns, At safepoint: 5050 ns, Total: 70650 ns
[2024-02-22T01:22:47.378+0000][7][safepoint   ] Safepoint "Cleanup", Time since last: 6000589881 ns, Reaching safepoint: 120315 ns, At safepoint: 11913 ns, Total: 132228 ns
[2024-02-22T01:22:48.378+0000][7][safepoint   ] Safepoint "Cleanup", Time since last: 1000144807 ns, Reaching safepoint: 63186 ns, At safepoint: 8216 ns, Total: 71402 ns
[2024-02-22T01:22:50.378+0000][7][safepoint   ] Safepoint "Cleanup", Time since last: 2000234613 ns, Reaching safepoint: 82150 ns, At safepoint: 5493 ns, Total: 87643 ns
[2024-02-22T01:22:53.379+0000][7][safepoint   ] Safepoint "Cleanup", Time since last: 3000310886 ns, Reaching safepoint: 75768 ns, At safepoint: 5990 ns, Total: 81758 ns
[2024-02-22T01:22:54.379+0000][7][safepoint   ] Safepoint "Cleanup", Time since last: 1000134336 ns, Reaching safepoint: 69459 ns, At safepoint: 7968 ns, Total: 77427 ns
[2024-02-22T01:22:59.380+0000][7][safepoint   ] Safepoint "Cleanup", Time since last: 5000459861 ns, Reaching safepoint: 76799 ns, At safepoint: 4900 ns, Total: 81699 ns
[2024-02-22T01:23:12.381+0000][7][safepoint   ] Safepoint "Cleanup", Time since last: 13001245190 ns, Reaching safepoint: 61063 ns, At safepoint: 8335 ns, Total: 69398 ns
[2024-02-22T01:23:17.382+0000][7][safepoint   ] Safepoint "Cleanup", Time since last: 5000631751 ns, Reaching safepoint: 43625 ns, At safepoint: 4388 ns, Total: 48013 ns
[2024-02-22T01:23:21.382+0000][7][safepoint   ] Safepoint "Cleanup", Time since last: 4000484099 ns, Reaching safepoint: 72796 ns, At safepoint: 16810 ns, Total: 89606 ns
[2024-02-22T01:23:23.383+0000][7][safepoint   ] Safepoint "Cleanup", Time since last: 2000326503 ns, Reaching safepoint: 53425 ns, At safepoint: 4973 ns, Total: 58398 ns
[2024-02-22T01:23:32.383+0000][7][safepoint   ] Safepoint "Cleanup", Time since last: 9000857553 ns, Reaching safepoint: 88298 ns, At safepoint: 5633 ns, Total: 93931 ns
[2024-02-22T01:23:34.384+0000][7][safepoint   ] Safepoint "Cleanup", Time since last: 2000392286 ns, Reaching safepoint: 84952 ns, At safepoint: 7389 ns, Total: 92341 ns
[2024-02-22T01:23:35.384+0000][7][safepoint   ] Safepoint "Cleanup", Time since last: 1000130533 ns, Reaching safepoint: 60610 ns, At safepoint: 8812 ns, Total: 69422 ns
[2024-02-22T01:23:41.385+0000][7][safepoint   ] Safepoint "Cleanup", Time since last: 6000582185 ns, Reaching safepoint: 111938 ns, At safepoint: 9718 ns, Total: 121656 ns
[2024-02-22T01:23:42.024+0000][7][gc,start    ] GC(19) Pause Young (Normal) (G1 Evacuation Pause)
[2024-02-22T01:23:42.025+0000][7][gc,task     ] GC(19) Using 8 workers of 8 for evacuation
[2024-02-22T01:23:42.025+0000][7][gc,age      ] GC(19) Desired survivor size 41943040 bytes, new threshold 15 (max threshold 15)
[2024-02-22T01:23:42.045+0000][7][gc,phases   ] GC(19)   Pre Evacuate Collection Set: 0.1ms
[2024-02-22T01:23:42.045+0000][7][gc,phases   ] GC(19)   Merge Heap Roots: 0.2ms
[2024-02-22T01:23:42.045+0000][7][gc,phases   ] GC(19)   Evacuate Collection Set: 16.8ms
[2024-02-22T01:23:42.045+0000][7][gc,phases   ] GC(19)   Post Evacuate Collection Set: 2.8ms
[2024-02-22T01:23:42.045+0000][7][gc,phases   ] GC(19)   Other: 0.2ms
[2024-02-22T01:23:42.045+0000][7][gc,age      ] GC(19) Age table with threshold 15 (max threshold 15)
[2024-02-22T01:23:42.045+0000][7][gc,age      ] GC(19) - age   1:    1710488 bytes,    1710488 total
[2024-02-22T01:23:42.045+0000][7][gc,age      ] GC(19) - age   2:      29992 bytes,    1740480 total
[2024-02-22T01:23:42.045+0000][7][gc,age      ] GC(19) - age   3:     279864 bytes,    2020344 total
[2024-02-22T01:23:42.045+0000][7][gc,age      ] GC(19) - age   4:      10240 bytes,    2030584 total
[2024-02-22T01:23:42.045+0000][7][gc,age      ] GC(19) - age   5:    1975024 bytes,    4005608 total
[2024-02-22T01:23:42.045+0000][7][gc,age      ] GC(19) - age   6:      90832 bytes,    4096440 total
[2024-02-22T01:23:42.045+0000][7][gc,age      ] GC(19) - age   7:    6377552 bytes,   10473992 total
[2024-02-22T01:23:42.045+0000][7][gc,age      ] GC(19) - age   8:   16854096 bytes,   27328088 total
[2024-02-22T01:23:42.045+0000][7][gc,heap     ] GC(19) Eden regions: 145->0(145)
[2024-02-22T01:23:42.045+0000][7][gc,heap     ] GC(19) Survivor regions: 8->8(20)
[2024-02-22T01:23:42.045+0000][7][gc,heap     ] GC(19) Old regions: 16->16
[2024-02-22T01:23:42.045+0000][7][gc,heap     ] GC(19) Archive regions: 2->2
[2024-02-22T01:23:42.045+0000][7][gc,heap     ] GC(19) Humongous regions: 0->0
[2024-02-22T01:23:42.045+0000][7][gc,metaspace] GC(19) Metaspace: 127043K(130624K)->127043K(130624K) NonClass: 110253K(112128K)->110253K(112128K) Class: 16789K(18496K)->16789K(18496K)
[2024-02-22T01:23:42.045+0000][7][gc          ] GC(19) Pause Young (Normal) (G1 Evacuation Pause) 676M->97M(1024M) 20.284ms
[2024-02-22T01:23:42.045+0000][7][gc,cpu      ] GC(19) User=0.13s Sys=0.00s Real=0.02s
[2024-02-22T01:23:42.045+0000][7][safepoint   ] Safepoint "G1CollectForAllocation", Time since last: 639484555 ns, Reaching safepoint: 67900 ns, At safepoint: 20390594 ns, Total: 20458494 ns
[2024-02-22T01:23:49.046+0000][7][safepoint   ] Safepoint "Cleanup", Time since last: 7000662500 ns, Reaching safepoint: 104566 ns, At safepoint: 7431 ns, Total: 111997 ns
[2024-02-22T01:24:06.048+0000][7][safepoint   ] Safepoint "Cleanup", Time since last: 17002046890 ns, Reaching safepoint: 105906 ns, At safepoint: 6842 ns, Total: 112748 ns
[2024-02-22T01:24:18.049+0000][7][safepoint   ] Safepoint "Cleanup", Time since last: 12001200995 ns, Reaching safepoint: 149244 ns, At safepoint: 9163 ns, Total: 158407 ns
[2024-02-22T01:24:24.050+0000][7][safepoint   ] Safepoint "Cleanup", Time since last: 6000877008 ns, Reaching safepoint: 120229 ns, At safepoint: 8236 ns, Total: 128465 ns
[2024-02-22T01:24:32.051+0000][7][safepoint   ] Safepoint "Cleanup", Time since last: 8001103229 ns, Reaching safepoint: 111823 ns, At safepoint: 19535 ns, Total: 131358 ns
[2024-02-22T01:24:35.052+0000][7][safepoint   ] Safepoint "Cleanup", Time since last: 3000548168 ns, Reaching safepoint: 97890 ns, At safepoint: 7010 ns, Total: 104900 ns
[2024-02-22T01:24:36.052+0000][7][safepoint   ] Safepoint "Cleanup", Time since last: 1000237351 ns, Reaching safepoint: 77932 ns, At safepoint: 11670 ns, Total: 89602 ns
[2024-02-22T01:24:39.053+0000][7][safepoint   ] Safepoint "Cleanup", Time since last: 3000543120 ns, Reaching safepoint: 88493 ns, At safepoint: 8630 ns, Total: 97123 ns
[2024-02-22T01:24:42.054+0000][7][safepoint   ] Safepoint "Cleanup", Time since last: 3000564058 ns, Reaching safepoint: 106010 ns, At safepoint: 8201 ns, Total: 114211 ns
[2024-02-22T01:24:49.055+0000][7][safepoint   ] Safepoint "Cleanup", Time since last: 7001134286 ns, Reaching safepoint: 74440 ns, At safepoint: 6281 ns, Total: 80721 ns
[2024-02-22T01:24:50.055+0000][7][safepoint   ] Safepoint "Cleanup", Time since last: 1000218077 ns, Reaching safepoint: 55470 ns, At safepoint: 9415 ns, Total: 64885 ns
[2024-02-22T01:24:54.056+0000][7][safepoint   ] Safepoint "Cleanup", Time since last: 4000578650 ns, Reaching safepoint: 102196 ns, At safepoint: 5737 ns, Total: 107933 ns
[2024-02-22T01:24:57.056+0000][7][safepoint   ] Safepoint "Cleanup", Time since last: 3000407083 ns, Reaching safepoint: 70183 ns, At safepoint: 6874 ns, Total: 77057 ns
[2024-02-22T01:25:00.057+0000][7][safepoint   ] Safepoint "Cleanup", Time since last: 3000311359 ns, Reaching safepoint: 101088 ns, At safepoint: 5717 ns, Total: 106805 ns
[2024-02-22T01:25:02.057+0000][7][safepoint   ] Safepoint "Cleanup", Time since last: 2000331821 ns, Reaching safepoint: 68221 ns, At safepoint: 7305 ns, Total: 75526 ns
[2024-02-22T01:25:05.058+0000][7][safepoint   ] Safepoint "Cleanup", Time since last: 3000565327 ns, Reaching safepoint: 77303 ns, At safepoint: 8910 ns, Total: 86213 ns
[2024-02-22T01:25:12.059+0000][7][safepoint   ] Safepoint "Cleanup", Time since last: 7001457522 ns, Reaching safepoint: 120158 ns, At safepoint: 9180 ns, Total: 129338 ns
[2024-02-22T01:25:18.061+0000][7][safepoint   ] Safepoint "Cleanup", Time since last: 6001072419 ns, Reaching safepoint: 94660 ns, At safepoint: 9287 ns, Total: 103947 ns
[2024-02-22T01:25:24.061+0000][7][safepoint   ] Safepoint "Cleanup", Time since last: 6000664062 ns, Reaching safepoint: 115996 ns, At safepoint: 5606 ns, Total: 121602 ns
[2024-02-22T01:25:33.062+0000][7][safepoint   ] Safepoint "Cleanup", Time since last: 9001096690 ns, Reaching safepoint: 53603 ns, At safepoint: 3856 ns, Total: 57459 ns
[2024-02-22T01:25:35.063+0000][7][safepoint   ] Safepoint "Cleanup", Time since last: 2000286076 ns, Reaching safepoint: 78989 ns, At safepoint: 23612 ns, Total: 102601 ns
[2024-02-22T01:25:37.063+0000][7][safepoint   ] Safepoint "Cleanup", Time since last: 2000320400 ns, Reaching safepoint: 83935 ns, At safepoint: 8892 ns, Total: 92827 ns
[2024-02-22T01:25:42.064+0000][7][safepoint   ] Safepoint "Cleanup", Time since last: 5000676405 ns, Reaching safepoint: 68235 ns, At safepoint: 8016 ns, Total: 76251 ns
[2024-02-22T01:25:43.064+0000][7][safepoint   ] Safepoint "Cleanup", Time since last: 1000151125 ns, Reaching safepoint: 60844 ns, At safepoint: 7666 ns, Total: 68510 ns
[2024-02-22T01:25:45.065+0000][7][safepoint   ] Safepoint "Cleanup", Time since last: 2000237779 ns, Reaching safepoint: 92823 ns, At safepoint: 4948 ns, Total: 97771 ns
[2024-02-22T01:25:48.065+0000][7][safepoint   ] Safepoint "Cleanup", Time since last: 3000306523 ns, Reaching safepoint: 43322 ns, At safepoint: 4734 ns, Total: 48056 ns
[2024-02-22T01:25:54.066+0000][7][safepoint   ] Safepoint "Cleanup", Time since last: 6000595001 ns, Reaching safepoint: 56610 ns, At safepoint: 5538 ns, Total: 62148 ns
[2024-02-22T01:25:57.066+0000][7][safepoint   ] Safepoint "Cleanup", Time since last: 3000361779 ns, Reaching safepoint: 57589 ns, At safepoint: 4460 ns, Total: 62049 ns
[2024-02-22T01:26:05.067+0000][7][safepoint   ] Safepoint "Cleanup", Time since last: 8001143628 ns, Reaching safepoint: 61801 ns, At safepoint: 5656 ns, Total: 67457 ns
[2024-02-22T01:26:24.069+0000][7][safepoint   ] Safepoint "Cleanup", Time since last: 19001730845 ns, Reaching safepoint: 87793 ns, At safepoint: 7292 ns, Total: 95085 ns
[2024-02-22T01:26:27.069+0000][7][safepoint   ] Safepoint "Cleanup", Time since last: 3000310979 ns, Reaching safepoint: 60294 ns, At safepoint: 7392 ns, Total: 67686 ns
[2024-02-22T01:26:35.071+0000][7][safepoint   ] Safepoint "Cleanup", Time since last: 8000913874 ns, Reaching safepoint: 146190 ns, At safepoint: 6639 ns, Total: 152829 ns
[2024-02-22T01:26:37.071+0000][7][safepoint   ] Safepoint "Cleanup", Time since last: 2000209345 ns, Reaching safepoint: 76261 ns, At safepoint: 6629 ns, Total: 82890 ns
[2024-02-22T01:26:39.071+0000][7][safepoint   ] Safepoint "Cleanup", Time since last: 2000233562 ns, Reaching safepoint: 57182 ns, At safepoint: 5980 ns, Total: 63162 ns
[2024-02-22T01:26:42.072+0000][7][safepoint   ] Safepoint "Cleanup", Time since last: 3000485889 ns, Reaching safepoint: 115277 ns, At safepoint: 6876 ns, Total: 122153 ns
[2024-02-22T01:26:45.072+0000][7][safepoint   ] Safepoint "Cleanup", Time since last: 3000290765 ns, Reaching safepoint: 67818 ns, At safepoint: 5318 ns, Total: 73136 ns
[2024-02-22T01:26:46.072+0000][7][safepoint   ] Safepoint "Cleanup", Time since last: 1000116410 ns, Reaching safepoint: 64439 ns, At safepoint: 4385 ns, Total: 68824 ns
[2024-02-22T01:26:48.073+0000][7][safepoint   ] Safepoint "Cleanup", Time since last: 2000222132 ns, Reaching safepoint: 57893 ns, At safepoint: 7464 ns, Total: 65357 ns
[2024-02-22T01:26:51.073+0000][7][safepoint   ] Safepoint "Cleanup", Time since last: 3000317002 ns, Reaching safepoint: 74410 ns, At safepoint: 7568 ns, Total: 81978 ns
[2024-02-22T01:26:54.073+0000][7][safepoint   ] Safepoint "Cleanup", Time since last: 3000305354 ns, Reaching safepoint: 68241 ns, At safepoint: 6000 ns, Total: 74241 ns
[2024-02-22T01:26:57.074+0000][7][safepoint   ] Safepoint "Cleanup", Time since last: 3000488053 ns, Reaching safepoint: 83497 ns, At safepoint: 8205 ns, Total: 91702 ns
[2024-02-22T01:27:02.075+0000][7][safepoint   ] Safepoint "Cleanup", Time since last: 5000918151 ns, Reaching safepoint: 93633 ns, At safepoint: 13528 ns, Total: 107161 ns
[2024-02-22T01:27:05.386+0000][7][gc,start    ] GC(20) Pause Young (Normal) (G1 Evacuation Pause)
[2024-02-22T01:27:05.386+0000][7][gc,task     ] GC(20) Using 8 workers of 8 for evacuation
[2024-02-22T01:27:05.386+0000][7][gc,age      ] GC(20) Desired survivor size 41943040 bytes, new threshold 15 (max threshold 15)
[2024-02-22T01:27:05.403+0000][7][gc,phases   ] GC(20)   Pre Evacuate Collection Set: 0.1ms
[2024-02-22T01:27:05.403+0000][7][gc,phases   ] GC(20)   Merge Heap Roots: 0.1ms
[2024-02-22T01:27:05.403+0000][7][gc,phases   ] GC(20)   Evacuate Collection Set: 14.2ms
[2024-02-22T01:27:05.403+0000][7][gc,phases   ] GC(20)   Post Evacuate Collection Set: 1.9ms
[2024-02-22T01:27:05.403+0000][7][gc,phases   ] GC(20)   Other: 0.1ms
[2024-02-22T01:27:05.403+0000][7][gc,age      ] GC(20) Age table with threshold 15 (max threshold 15)
[2024-02-22T01:27:05.403+0000][7][gc,age      ] GC(20) - age   1:    1434128 bytes,    1434128 total
[2024-02-22T01:27:05.403+0000][7][gc,age      ] GC(20) - age   2:      28312 bytes,    1462440 total
[2024-02-22T01:27:05.403+0000][7][gc,age      ] GC(20) - age   3:      27952 bytes,    1490392 total
[2024-02-22T01:27:05.403+0000][7][gc,age      ] GC(20) - age   4:     275504 bytes,    1765896 total
[2024-02-22T01:27:05.403+0000][7][gc,age      ] GC(20) - age   5:      10240 bytes,    1776136 total
[2024-02-22T01:27:05.403+0000][7][gc,age      ] GC(20) - age   6:    1975024 bytes,    3751160 total
[2024-02-22T01:27:05.403+0000][7][gc,age      ] GC(20) - age   7:      90832 bytes,    3841992 total
[2024-02-22T01:27:05.403+0000][7][gc,age      ] GC(20) - age   8:    6141264 bytes,    9983256 total
[2024-02-22T01:27:05.403+0000][7][gc,age      ] GC(20) - age   9:   16587440 bytes,   26570696 total
[2024-02-22T01:27:05.403+0000][7][gc,heap     ] GC(20) Eden regions: 145->0(146)
[2024-02-22T01:27:05.403+0000][7][gc,heap     ] GC(20) Survivor regions: 8->7(20)
[2024-02-22T01:27:05.403+0000][7][gc,heap     ] GC(20) Old regions: 16->16
[2024-02-22T01:27:05.403+0000][7][gc,heap     ] GC(20) Archive regions: 2->2
[2024-02-22T01:27:05.403+0000][7][gc,heap     ] GC(20) Humongous regions: 0->0
[2024-02-22T01:27:05.403+0000][7][gc,metaspace] GC(20) Metaspace: 127082K(130688K)->127082K(130688K) NonClass: 110293K(112192K)->110293K(112192K) Class: 16789K(18496K)->16789K(18496K)
[2024-02-22T01:27:05.403+0000][7][gc          ] GC(20) Pause Young (Normal) (G1 Evacuation Pause) 677M->95M(1024M) 16.796ms
[2024-02-22T01:27:05.403+0000][7][gc,cpu      ] GC(20) User=0.11s Sys=0.00s Real=0.02s
[2024-02-22T01:27:05.403+0000][7][safepoint   ] Safepoint "G1CollectForAllocation", Time since last: 3311165464 ns, Reaching safepoint: 69218 ns, At safepoint: 16904361 ns, Total: 16973579 ns
[2024-02-22T01:27:06.403+0000][7][safepoint   ] Safepoint "Cleanup", Time since last: 1000105470 ns, Reaching safepoint: 94790 ns, At safepoint: 17678 ns, Total: 112468 ns
[2024-02-22T01:27:11.404+0000][7][safepoint   ] Safepoint "Cleanup", Time since last: 5000672177 ns, Reaching safepoint: 84681 ns, At safepoint: 7738 ns, Total: 92419 ns
[2024-02-22T01:27:36.406+0000][7][safepoint   ] Safepoint "Cleanup", Time since last: 25002107953 ns, Reaching safepoint: 60499 ns, At safepoint: 6531 ns, Total: 67030 ns
[2024-02-22T01:27:41.407+0000][7][safepoint   ] Safepoint "Cleanup", Time since last: 5000558582 ns, Reaching safepoint: 79581 ns, At safepoint: 7754 ns, Total: 87335 ns
[2024-02-22T01:27:42.407+0000][7][safepoint   ] Safepoint "Cleanup", Time since last: 1000147733 ns, Reaching safepoint: 72302 ns, At safepoint: 7287 ns, Total: 79589 ns
[2024-02-22T01:27:53.408+0000][7][safepoint   ] Safepoint "Cleanup", Time since last: 11001164284 ns, Reaching safepoint: 67177 ns, At safepoint: 5745 ns, Total: 72922 ns
[2024-02-22T01:27:54.482+0000][7][safepoint   ] Safepoint "Cleanup", Time since last: 1073720387 ns, Reaching safepoint: 119281 ns, At safepoint: 11367 ns, Total: 130648 ns
[2024-02-22T01:27:59.483+0000][7][safepoint   ] Safepoint "Cleanup", Time since last: 5000703237 ns, Reaching safepoint: 108342 ns, At safepoint: 7542 ns, Total: 115884 ns
[2024-02-22T01:28:04.484+0000][7][safepoint   ] Safepoint "Cleanup", Time since last: 5000530419 ns, Reaching safepoint: 95037 ns, At safepoint: 6716 ns, Total: 101753 ns
[2024-02-22T01:28:05.484+0000][7][safepoint   ] Safepoint "Cleanup", Time since last: 1000109382 ns, Reaching safepoint: 74738 ns, At safepoint: 7356 ns, Total: 82094 ns
[2024-02-22T01:28:07.484+0000][7][safepoint   ] Safepoint "Cleanup", Time since last: 2000259480 ns, Reaching safepoint: 124606 ns, At safepoint: 10680 ns, Total: 135286 ns
[2024-02-22T01:28:11.485+0000][7][safepoint   ] Safepoint "Cleanup", Time since last: 4000400468 ns, Reaching safepoint: 99915 ns, At safepoint: 6889 ns, Total: 106804 ns
[2024-02-22T01:28:14.485+0000][7][safepoint   ] Safepoint "Cleanup", Time since last: 3000350859 ns, Reaching safepoint: 90947 ns, At safepoint: 7701 ns, Total: 98648 ns
[2024-02-22T01:28:29.487+0000][7][safepoint   ] Safepoint "Cleanup", Time since last: 15001539373 ns, Reaching safepoint: 39030 ns, At safepoint: 3038 ns, Total: 42068 ns
[2024-02-22T01:28:39.488+0000][7][safepoint   ] Safepoint "Cleanup", Time since last: 10001142317 ns, Reaching safepoint: 105136 ns, At safepoint: 13318 ns, Total: 118454 ns
[2024-02-22T01:28:41.488+0000][7][safepoint   ] Safepoint "Cleanup", Time since last: 2000257374 ns, Reaching safepoint: 83887 ns, At safepoint: 11312 ns, Total: 95199 ns
[2024-02-22T01:28:51.490+0000][7][safepoint   ] Safepoint "Cleanup", Time since last: 10001093847 ns, Reaching safepoint: 71631 ns, At safepoint: 20854 ns, Total: 92485 ns
[2024-02-22T01:28:59.491+0000][7][safepoint   ] Safepoint "Cleanup", Time since last: 8000919971 ns, Reaching safepoint: 137452 ns, At safepoint: 39765 ns, Total: 177217 ns
[2024-02-22T01:29:05.491+0000][7][safepoint   ] Safepoint "Cleanup", Time since last: 6000606733 ns, Reaching safepoint: 77644 ns, At safepoint: 8386 ns, Total: 86030 ns
[2024-02-22T01:29:09.492+0000][7][safepoint   ] Safepoint "Cleanup", Time since last: 4000451098 ns, Reaching safepoint: 81167 ns, At safepoint: 10705 ns, Total: 91872 ns
[2024-02-22T01:29:11.492+0000][7][safepoint   ] Safepoint "Cleanup", Time since last: 2000178771 ns, Reaching safepoint: 45962 ns, At safepoint: 4190 ns, Total: 50152 ns
[2024-02-22T01:29:29.494+0000][7][safepoint   ] Safepoint "Cleanup", Time since last: 18001665476 ns, Reaching safepoint: 91467 ns, At safepoint: 7942 ns, Total: 99409 ns
[2024-02-22T01:29:35.495+0000][7][safepoint   ] Safepoint "Cleanup", Time since last: 6000753445 ns, Reaching safepoint: 83023 ns, At safepoint: 11879 ns, Total: 94902 ns
[2024-02-22T01:29:36.495+0000][7][safepoint   ] Safepoint "Cleanup", Time since last: 1000148443 ns, Reaching safepoint: 67927 ns, At safepoint: 7105 ns, Total: 75032 ns
[2024-02-22T01:29:41.496+0000][7][safepoint   ] Safepoint "Cleanup", Time since last: 5000463982 ns, Reaching safepoint: 88012 ns, At safepoint: 4544 ns, Total: 92556 ns
[2024-02-22T01:29:51.496+0000][7][safepoint   ] Safepoint "Cleanup", Time since last: 10000844644 ns, Reaching safepoint: 107578 ns, At safepoint: 11462 ns, Total: 119040 ns
[2024-02-22T01:29:53.497+0000][7][safepoint   ] Safepoint "Cleanup", Time since last: 2000180422 ns, Reaching safepoint: 61313 ns, At safepoint: 5008 ns, Total: 66321 ns
[2024-02-22T01:30:00.497+0000][7][safepoint   ] Safepoint "Cleanup", Time since last: 7000691320 ns, Reaching safepoint: 61532 ns, At safepoint: 6249 ns, Total: 67781 ns
[2024-02-22T01:30:05.498+0000][7][safepoint   ] Safepoint "Cleanup", Time since last: 5000468614 ns, Reaching safepoint: 87926 ns, At safepoint: 23496 ns, Total: 111422 ns
[2024-02-22T01:30:11.499+0000][7][safepoint   ] Safepoint "Cleanup", Time since last: 6000529605 ns, Reaching safepoint: 101684 ns, At safepoint: 5618 ns, Total: 107302 ns
[2024-02-22T01:30:12.499+0000][7][safepoint   ] Safepoint "Cleanup", Time since last: 1000126104 ns, Reaching safepoint: 57637 ns, At safepoint: 6534 ns, Total: 64171 ns
[2024-02-22T01:30:29.500+0000][7][safepoint   ] Safepoint "Cleanup", Time since last: 17001409806 ns, Reaching safepoint: 143538 ns, At safepoint: 24977 ns, Total: 168515 ns
[2024-02-22T01:30:31.407+0000][7][gc,start    ] GC(21) Pause Young (Normal) (G1 Evacuation Pause)
[2024-02-22T01:30:31.407+0000][7][gc,task     ] GC(21) Using 8 workers of 8 for evacuation
[2024-02-22T01:30:31.407+0000][7][gc,age      ] GC(21) Desired survivor size 41943040 bytes, new threshold 15 (max threshold 15)
[2024-02-22T01:30:31.421+0000][7][gc,phases   ] GC(21)   Pre Evacuate Collection Set: 0.1ms
[2024-02-22T01:30:31.421+0000][7][gc,phases   ] GC(21)   Merge Heap Roots: 0.1ms
[2024-02-22T01:30:31.421+0000][7][gc,phases   ] GC(21)   Evacuate Collection Set: 11.6ms
[2024-02-22T01:30:31.421+0000][7][gc,phases   ] GC(21)   Post Evacuate Collection Set: 1.5ms
[2024-02-22T01:30:31.421+0000][7][gc,phases   ] GC(21)   Other: 0.1ms
[2024-02-22T01:30:31.421+0000][7][gc,age      ] GC(21) Age table with threshold 15 (max threshold 15)
[2024-02-22T01:30:31.421+0000][7][gc,age      ] GC(21) - age   1:     385624 bytes,     385624 total
[2024-02-22T01:30:31.421+0000][7][gc,age      ] GC(21) - age   2:       9792 bytes,     395416 total
[2024-02-22T01:30:31.421+0000][7][gc,age      ] GC(21) - age   3:      26464 bytes,     421880 total
[2024-02-22T01:30:31.421+0000][7][gc,age      ] GC(21) - age   4:      27696 bytes,     449576 total
[2024-02-22T01:30:31.421+0000][7][gc,age      ] GC(21) - age   5:     275384 bytes,     724960 total
[2024-02-22T01:30:31.421+0000][7][gc,age      ] GC(21) - age   6:      10240 bytes,     735200 total
[2024-02-22T01:30:31.421+0000][7][gc,age      ] GC(21) - age   7:    1950280 bytes,    2685480 total
[2024-02-22T01:30:31.421+0000][7][gc,age      ] GC(21) - age   8:      82816 bytes,    2768296 total
[2024-02-22T01:30:31.421+0000][7][gc,age      ] GC(21) - age   9:    6051952 bytes,    8820248 total
[2024-02-22T01:30:31.421+0000][7][gc,age      ] GC(21) - age  10:   16560296 bytes,   25380544 total
[2024-02-22T01:30:31.421+0000][7][gc,heap     ] GC(21) Eden regions: 146->0(146)
[2024-02-22T01:30:31.421+0000][7][gc,heap     ] GC(21) Survivor regions: 7->7(20)
[2024-02-22T01:30:31.421+0000][7][gc,heap     ] GC(21) Old regions: 16->16
[2024-02-22T01:30:31.421+0000][7][gc,heap     ] GC(21) Archive regions: 2->2
[2024-02-22T01:30:31.421+0000][7][gc,heap     ] GC(21) Humongous regions: 0->0
[2024-02-22T01:30:31.421+0000][7][gc,metaspace] GC(21) Metaspace: 127140K(130688K)->127140K(130688K) NonClass: 110347K(112192K)->110347K(112192K) Class: 16793K(18496K)->16793K(18496K)
[2024-02-22T01:30:31.421+0000][7][gc          ] GC(21) Pause Young (Normal) (G1 Evacuation Pause) 679M->94M(1024M) 13.506ms
[2024-02-22T01:30:31.421+0000][7][gc,cpu      ] GC(21) User=0.09s Sys=0.00s Real=0.02s
[2024-02-22T01:30:31.421+0000][7][safepoint   ] Safepoint "G1CollectForAllocation", Time since last: 1906661227 ns, Reaching safepoint: 44861 ns, At safepoint: 13581898 ns, Total: 13626759 ns
[2024-02-22T01:30:40.422+0000][7][safepoint   ] Safepoint "Cleanup", Time since last: 9001096868 ns, Reaching safepoint: 71503 ns, At safepoint: 8043 ns, Total: 79546 ns
[2024-02-22T01:30:41.422+0000][7][safepoint   ] Safepoint "Cleanup", Time since last: 1000162220 ns, Reaching safepoint: 128806 ns, At safepoint: 5486 ns, Total: 134292 ns
[2024-02-22T01:30:56.424+0000][7][safepoint   ] Safepoint "Cleanup", Time since last: 15001393671 ns, Reaching safepoint: 72055 ns, At safepoint: 5029 ns, Total: 77084 ns
[2024-02-22T01:30:57.424+0000][7][safepoint   ] Safepoint "Cleanup", Time since last: 1000157192 ns, Reaching safepoint: 116105 ns, At safepoint: 23000 ns, Total: 139105 ns
[2024-02-22T01:30:59.424+0000][7][safepoint   ] Safepoint "Cleanup", Time since last: 2000241315 ns, Reaching safepoint: 142108 ns, At safepoint: 9569 ns, Total: 151677 ns
[2024-02-22T01:31:00.425+0000][7][safepoint   ] Safepoint "Cleanup", Time since last: 1000143348 ns, Reaching safepoint: 71944 ns, At safepoint: 10613 ns, Total: 82557 ns
[2024-02-22T01:31:01.425+0000][7][safepoint   ] Safepoint "Cleanup", Time since last: 1000206715 ns, Reaching safepoint: 71539 ns, At safepoint: 10108 ns, Total: 81647 ns
[2024-02-22T01:31:03.425+0000][7][safepoint   ] Safepoint "Cleanup", Time since last: 2000287457 ns, Reaching safepoint: 112167 ns, At safepoint: 9583 ns, Total: 121750 ns
[2024-02-22T01:31:05.426+0000][7][safepoint   ] Safepoint "Cleanup", Time since last: 2000389622 ns, Reaching safepoint: 103536 ns, At safepoint: 11944 ns, Total: 115480 ns
[2024-02-22T01:31:12.427+0000][7][safepoint   ] Safepoint "Cleanup", Time since last: 7000961238 ns, Reaching safepoint: 66717 ns, At safepoint: 5814 ns, Total: 72531 ns
[2024-02-22T01:31:17.427+0000][7][safepoint   ] Safepoint "Cleanup", Time since last: 5000532342 ns, Reaching safepoint: 100693 ns, At safepoint: 5947 ns, Total: 106640 ns
[2024-02-22T01:31:18.428+0000][7][safepoint   ] Safepoint "Cleanup", Time since last: 1000133912 ns, Reaching safepoint: 91931 ns, At safepoint: 5033 ns, Total: 96964 ns
[2024-02-22T01:31:35.430+0000][7][safepoint   ] Safepoint "Cleanup", Time since last: 17002056373 ns, Reaching safepoint: 116602 ns, At safepoint: 9112 ns, Total: 125714 ns
[2024-02-22T01:31:36.430+0000][7][safepoint   ] Safepoint "Cleanup", Time since last: 1000220917 ns, Reaching safepoint: 65613 ns, At safepoint: 10463 ns, Total: 76076 ns
[2024-02-22T01:31:41.431+0000][7][safepoint   ] Safepoint "Cleanup", Time since last: 5000730623 ns, Reaching safepoint: 44175 ns, At safepoint: 4706 ns, Total: 48881 ns
[2024-02-22T01:31:54.493+0000][7][safepoint   ] Safepoint "Cleanup", Time since last: 13062061320 ns, Reaching safepoint: 78888 ns, At safepoint: 3604 ns, Total: 82492 ns
[2024-02-22T01:31:56.493+0000][7][safepoint   ] Safepoint "Cleanup", Time since last: 2000163642 ns, Reaching safepoint: 78006 ns, At safepoint: 6141 ns, Total: 84147 ns
[2024-02-22T01:31:59.494+0000][7][safepoint   ] Safepoint "Cleanup", Time since last: 3000263463 ns, Reaching safepoint: 45167 ns, At safepoint: 3591 ns, Total: 48758 ns
[2024-02-22T01:32:06.494+0000][7][safepoint   ] Safepoint "Cleanup", Time since last: 7000524192 ns, Reaching safepoint: 72967 ns, At safepoint: 7027 ns, Total: 79994 ns
[2024-02-22T01:32:11.495+0000][7][safepoint   ] Safepoint "Cleanup", Time since last: 5000538312 ns, Reaching safepoint: 79253 ns, At safepoint: 5078 ns, Total: 84331 ns
[2024-02-22T01:32:17.496+0000][7][safepoint   ] Safepoint "Cleanup", Time since last: 6000515311 ns, Reaching safepoint: 75658 ns, At safepoint: 4628 ns, Total: 80286 ns
[2024-02-22T01:32:30.480+0000][7][safepoint   ] Safepoint "Cleanup", Time since last: 12984766003 ns, Reaching safepoint: 98182 ns, At safepoint: 7883 ns, Total: 106065 ns
[2024-02-22T01:32:35.481+0000][7][safepoint   ] Safepoint "Cleanup", Time since last: 5000498685 ns, Reaching safepoint: 66185 ns, At safepoint: 6905 ns, Total: 73090 ns
[2024-02-22T01:32:36.481+0000][7][safepoint   ] Safepoint "Cleanup", Time since last: 1000144209 ns, Reaching safepoint: 57087 ns, At safepoint: 6023 ns, Total: 63110 ns
[2024-02-22T01:32:41.482+0000][7][safepoint   ] Safepoint "Cleanup", Time since last: 5000492627 ns, Reaching safepoint: 84099 ns, At safepoint: 6004 ns, Total: 90103 ns
[2024-02-22T01:32:47.482+0000][7][safepoint   ] Safepoint "Cleanup", Time since last: 6000541258 ns, Reaching safepoint: 85183 ns, At safepoint: 10941 ns, Total: 96124 ns
[2024-02-22T01:32:53.483+0000][7][safepoint   ] Safepoint "Cleanup", Time since last: 6000970969 ns, Reaching safepoint: 87957 ns, At safepoint: 9536 ns, Total: 97493 ns
[2024-02-22T01:33:06.485+0000][7][safepoint   ] Safepoint "Cleanup", Time since last: 13001368736 ns, Reaching safepoint: 68397 ns, At safepoint: 3857 ns, Total: 72254 ns
[2024-02-22T01:33:08.485+0000][7][safepoint   ] Safepoint "Cleanup", Time since last: 2000211350 ns, Reaching safepoint: 69097 ns, At safepoint: 5033 ns, Total: 74130 ns
[2024-02-22T01:33:17.486+0000][7][safepoint   ] Safepoint "Cleanup", Time since last: 9000870456 ns, Reaching safepoint: 55707 ns, At safepoint: 6075 ns, Total: 61782 ns
[2024-02-22T01:33:23.487+0000][7][safepoint   ] Safepoint "Cleanup", Time since last: 6000840263 ns, Reaching safepoint: 118004 ns, At safepoint: 9122 ns, Total: 127126 ns
[2024-02-22T01:33:34.489+0000][7][safepoint   ] Safepoint "Cleanup", Time since last: 11001343491 ns, Reaching safepoint: 116756 ns, At safepoint: 7348 ns, Total: 124104 ns
[2024-02-22T01:33:41.490+0000][7][safepoint   ] Safepoint "Cleanup", Time since last: 7000896188 ns, Reaching safepoint: 80549 ns, At safepoint: 18607 ns, Total: 99156 ns
[2024-02-22T01:33:56.388+0000][7][gc,start    ] GC(22) Pause Young (Normal) (G1 Evacuation Pause)
[2024-02-22T01:33:56.388+0000][7][gc,task     ] GC(22) Using 8 workers of 8 for evacuation
[2024-02-22T01:33:56.388+0000][7][gc,age      ] GC(22) Desired survivor size 41943040 bytes, new threshold 15 (max threshold 15)
[2024-02-22T01:33:56.404+0000][7][gc,phases   ] GC(22)   Pre Evacuate Collection Set: 0.1ms
[2024-02-22T01:33:56.404+0000][7][gc,phases   ] GC(22)   Merge Heap Roots: 0.1ms
[2024-02-22T01:33:56.404+0000][7][gc,phases   ] GC(22)   Evacuate Collection Set: 13.6ms
[2024-02-22T01:33:56.404+0000][7][gc,phases   ] GC(22)   Post Evacuate Collection Set: 1.9ms
[2024-02-22T01:33:56.404+0000][7][gc,phases   ] GC(22)   Other: 0.1ms
[2024-02-22T01:33:56.404+0000][7][gc,age      ] GC(22) Age table with threshold 15 (max threshold 15)
[2024-02-22T01:33:56.404+0000][7][gc,age      ] GC(22) - age   1:     952984 bytes,     952984 total
[2024-02-22T01:33:56.404+0000][7][gc,age      ] GC(22) - age   2:      42584 bytes,     995568 total
[2024-02-22T01:33:56.404+0000][7][gc,age      ] GC(22) - age   3:       7480 bytes,    1003048 total
[2024-02-22T01:33:56.404+0000][7][gc,age      ] GC(22) - age   4:      25832 bytes,    1028880 total
[2024-02-22T01:33:56.404+0000][7][gc,age      ] GC(22) - age   5:      27696 bytes,    1056576 total
[2024-02-22T01:33:56.404+0000][7][gc,age      ] GC(22) - age   6:     275176 bytes,    1331752 total
[2024-02-22T01:33:56.404+0000][7][gc,age      ] GC(22) - age   7:       9856 bytes,    1341608 total
[2024-02-22T01:33:56.404+0000][7][gc,age      ] GC(22) - age   8:    1950280 bytes,    3291888 total
[2024-02-22T01:33:56.404+0000][7][gc,age      ] GC(22) - age   9:      82816 bytes,    3374704 total
[2024-02-22T01:33:56.404+0000][7][gc,age      ] GC(22) - age  10:    6051952 bytes,    9426656 total
[2024-02-22T01:33:56.404+0000][7][gc,age      ] GC(22) - age  11:   16560032 bytes,   25986688 total
[2024-02-22T01:33:56.404+0000][7][gc,heap     ] GC(22) Eden regions: 146->0(146)
[2024-02-22T01:33:56.404+0000][7][gc,heap     ] GC(22) Survivor regions: 7->7(20)
[2024-02-22T01:33:56.404+0000][7][gc,heap     ] GC(22) Old regions: 16->16
[2024-02-22T01:33:56.404+0000][7][gc,heap     ] GC(22) Archive regions: 2->2
[2024-02-22T01:33:56.404+0000][7][gc,heap     ] GC(22) Humongous regions: 0->0
[2024-02-22T01:33:56.404+0000][7][gc,metaspace] GC(22) Metaspace: 127180K(130752K)->127180K(130752K) NonClass: 110386K(112256K)->110386K(112256K) Class: 16793K(18496K)->16793K(18496K)
[2024-02-22T01:33:56.404+0000][7][gc          ] GC(22) Pause Young (Normal) (G1 Evacuation Pause) 678M->95M(1024M) 16.251ms
[2024-02-22T01:33:56.404+0000][7][gc,cpu      ] GC(22) User=0.11s Sys=0.00s Real=0.01s
[2024-02-22T01:33:56.404+0000][7][safepoint   ] Safepoint "G1CollectForAllocation", Time since last: 14898096120 ns, Reaching safepoint: 45633 ns, At safepoint: 16418229 ns, Total: 16463862 ns
[2024-02-22T01:34:06.405+0000][7][safepoint   ] Safepoint "Cleanup", Time since last: 10000945927 ns, Reaching safepoint: 75012 ns, At safepoint: 21238 ns, Total: 96250 ns
[2024-02-22T01:34:12.406+0000][7][safepoint   ] Safepoint "Cleanup", Time since last: 6000562382 ns, Reaching safepoint: 98317 ns, At safepoint: 25570 ns, Total: 123887 ns
[2024-02-22T01:34:17.406+0000][7][safepoint   ] Safepoint "Cleanup", Time since last: 5000447012 ns, Reaching safepoint: 59733 ns, At safepoint: 4518 ns, Total: 64251 ns
[2024-02-22T01:34:23.407+0000][7][safepoint   ] Safepoint "Cleanup", Time since last: 6000536325 ns, Reaching safepoint: 164151 ns, At safepoint: 6387 ns, Total: 170538 ns
[2024-02-22T01:34:29.408+0000][7][safepoint   ] Safepoint "Cleanup", Time since last: 6000624932 ns, Reaching safepoint: 102428 ns, At safepoint: 7348 ns, Total: 109776 ns
[2024-02-22T01:34:34.408+0000][7][safepoint   ] Safepoint "Cleanup", Time since last: 5000519426 ns, Reaching safepoint: 111802 ns, At safepoint: 16323 ns, Total: 128125 ns
[2024-02-22T01:34:35.409+0000][7][safepoint   ] Safepoint "Cleanup", Time since last: 1000140552 ns, Reaching safepoint: 55024 ns, At safepoint: 6483 ns, Total: 61507 ns
[2024-02-22T01:34:36.409+0000][7][safepoint   ] Safepoint "Cleanup", Time since last: 1000148892 ns, Reaching safepoint: 67415 ns, At safepoint: 5905 ns, Total: 73320 ns
[2024-02-22T01:34:41.410+0000][7][safepoint   ] Safepoint "Cleanup", Time since last: 5000543368 ns, Reaching safepoint: 147468 ns, At safepoint: 6957 ns, Total: 154425 ns
[2024-02-22T01:34:42.410+0000][7][safepoint   ] Safepoint "Cleanup", Time since last: 1000137457 ns, Reaching safepoint: 67133 ns, At safepoint: 6253 ns, Total: 73386 ns
[2024-02-22T01:35:04.412+0000][7][safepoint   ] Safepoint "Cleanup", Time since last: 22002565846 ns, Reaching safepoint: 101829 ns, At safepoint: 7495 ns, Total: 109324 ns
[2024-02-22T01:35:08.413+0000][7][safepoint   ] Safepoint "Cleanup", Time since last: 4000399970 ns, Reaching safepoint: 92520 ns, At safepoint: 12822 ns, Total: 105342 ns
[2024-02-22T01:35:30.415+0000][7][safepoint   ] Safepoint "Cleanup", Time since last: 22002148742 ns, Reaching safepoint: 99467 ns, At safepoint: 20092 ns, Total: 119559 ns
[2024-02-22T01:35:33.416+0000][7][safepoint   ] Safepoint "Cleanup", Time since last: 3000487298 ns, Reaching safepoint: 97165 ns, At safepoint: 12755 ns, Total: 109920 ns
[2024-02-22T01:35:34.416+0000][7][safepoint   ] Safepoint "Cleanup", Time since last: 1000124156 ns, Reaching safepoint: 57893 ns, At safepoint: 6855 ns, Total: 64748 ns
[2024-02-22T01:35:35.416+0000][7][safepoint   ] Safepoint "Cleanup", Time since last: 1000141537 ns, Reaching safepoint: 136044 ns, At safepoint: 19319 ns, Total: 155363 ns
[2024-02-22T01:35:41.417+0000][7][safepoint   ] Safepoint "Cleanup", Time since last: 6000545741 ns, Reaching safepoint: 77204 ns, At safepoint: 6420 ns, Total: 83624 ns
[2024-02-22T01:35:46.418+0000][7][safepoint   ] Safepoint "Cleanup", Time since last: 5000480576 ns, Reaching safepoint: 98766 ns, At safepoint: 14313 ns, Total: 113079 ns
[2024-02-22T01:35:48.418+0000][7][safepoint   ] Safepoint "Cleanup", Time since last: 2000182213 ns, Reaching safepoint: 60679 ns, At safepoint: 6500 ns, Total: 67179 ns
[2024-02-22T01:35:54.419+0000][7][safepoint   ] Safepoint "Cleanup", Time since last: 6000702017 ns, Reaching safepoint: 103811 ns, At safepoint: 5687 ns, Total: 109498 ns
[2024-02-22T01:36:00.419+0000][7][safepoint   ] Safepoint "Cleanup", Time since last: 6000521043 ns, Reaching safepoint: 103706 ns, At safepoint: 6069 ns, Total: 109775 ns
[2024-02-22T01:36:04.420+0000][7][safepoint   ] Safepoint "Cleanup", Time since last: 4000381869 ns, Reaching safepoint: 111003 ns, At safepoint: 7453 ns, Total: 118456 ns
[2024-02-22T01:36:06.420+0000][7][safepoint   ] Safepoint "Cleanup", Time since last: 2000248339 ns, Reaching safepoint: 86395 ns, At safepoint: 16448 ns, Total: 102843 ns
[2024-02-22T01:36:09.421+0000][7][safepoint   ] Safepoint "Cleanup", Time since last: 3000303419 ns, Reaching safepoint: 120255 ns, At safepoint: 26186 ns, Total: 146441 ns
[2024-02-22T01:36:12.421+0000][7][safepoint   ] Safepoint "Cleanup", Time since last: 3000285891 ns, Reaching safepoint: 66796 ns, At safepoint: 6759 ns, Total: 73555 ns
[2024-02-22T01:36:13.421+0000][7][safepoint   ] Safepoint "Cleanup", Time since last: 1000150403 ns, Reaching safepoint: 109574 ns, At safepoint: 28683 ns, Total: 138257 ns
[2024-02-22T01:36:30.423+0000][7][safepoint   ] Safepoint "Cleanup", Time since last: 17002015307 ns, Reaching safepoint: 70505 ns, At safepoint: 7158 ns, Total: 77663 ns
[2024-02-22T01:36:32.424+0000][7][safepoint   ] Safepoint "Cleanup", Time since last: 2000262570 ns, Reaching safepoint: 90000 ns, At safepoint: 5885 ns, Total: 95885 ns
[2024-02-22T01:36:42.425+0000][7][safepoint   ] Safepoint "Cleanup", Time since last: 10000931342 ns, Reaching safepoint: 96161 ns, At safepoint: 8389 ns, Total: 104550 ns
[2024-02-22T01:37:06.427+0000][7][safepoint   ] Safepoint "Cleanup", Time since last: 24002593774 ns, Reaching safepoint: 69816 ns, At safepoint: 5954 ns, Total: 75770 ns
[2024-02-22T01:37:11.428+0000][7][safepoint   ] Safepoint "Cleanup", Time since last: 5000675630 ns, Reaching safepoint: 76060 ns, At safepoint: 5876 ns, Total: 81936 ns
[2024-02-22T01:37:14.429+0000][7][safepoint   ] Safepoint "Cleanup", Time since last: 3000388023 ns, Reaching safepoint: 121902 ns, At safepoint: 8006 ns, Total: 129908 ns
[2024-02-22T01:37:15.429+0000][7][safepoint   ] Safepoint "Cleanup", Time since last: 1000146386 ns, Reaching safepoint: 71673 ns, At safepoint: 10981 ns, Total: 82654 ns
[2024-02-22T01:37:17.429+0000][7][safepoint   ] Safepoint "Cleanup", Time since last: 2000292376 ns, Reaching safepoint: 94991 ns, At safepoint: 36875 ns, Total: 131866 ns
[2024-02-22T01:37:17.434+0000][7][gc,start    ] GC(23) Pause Young (Normal) (G1 Evacuation Pause)
[2024-02-22T01:37:17.434+0000][7][gc,task     ] GC(23) Using 8 workers of 8 for evacuation
[2024-02-22T01:37:17.434+0000][7][gc,age      ] GC(23) Desired survivor size 41943040 bytes, new threshold 15 (max threshold 15)
[2024-02-22T01:37:17.449+0000][7][gc,phases   ] GC(23)   Pre Evacuate Collection Set: 0.1ms
[2024-02-22T01:37:17.450+0000][7][gc,phases   ] GC(23)   Merge Heap Roots: 0.1ms
[2024-02-22T01:37:17.450+0000][7][gc,phases   ] GC(23)   Evacuate Collection Set: 13.8ms
[2024-02-22T01:37:17.450+0000][7][gc,phases   ] GC(23)   Post Evacuate Collection Set: 1.5ms
[2024-02-22T01:37:17.450+0000][7][gc,phases   ] GC(23)   Other: 0.1ms
[2024-02-22T01:37:17.450+0000][7][gc,age      ] GC(23) Age table with threshold 15 (max threshold 15)
[2024-02-22T01:37:17.450+0000][7][gc,age      ] GC(23) - age   1:    1751320 bytes,    1751320 total
[2024-02-22T01:37:17.450+0000][7][gc,age      ] GC(23) - age   2:      17576 bytes,    1768896 total
[2024-02-22T01:37:17.450+0000][7][gc,age      ] GC(23) - age   3:      41880 bytes,    1810776 total
[2024-02-22T01:37:17.450+0000][7][gc,age      ] GC(23) - age   4:       3312 bytes,    1814088 total
[2024-02-22T01:37:17.450+0000][7][gc,age      ] GC(23) - age   5:      25248 bytes,    1839336 total
[2024-02-22T01:37:17.450+0000][7][gc,age      ] GC(23) - age   6:      27632 bytes,    1866968 total
[2024-02-22T01:37:17.450+0000][7][gc,age      ] GC(23) - age   7:     275144 bytes,    2142112 total
[2024-02-22T01:37:17.450+0000][7][gc,age      ] GC(23) - age   8:       9856 bytes,    2151968 total
[2024-02-22T01:37:17.450+0000][7][gc,age      ] GC(23) - age   9:    1950280 bytes,    4102248 total
[2024-02-22T01:37:17.450+0000][7][gc,age      ] GC(23) - age  10:      82816 bytes,    4185064 total
[2024-02-22T01:37:17.450+0000][7][gc,age      ] GC(23) - age  11:    6051952 bytes,   10237016 total
[2024-02-22T01:37:17.450+0000][7][gc,age      ] GC(23) - age  12:   16560032 bytes,   26797048 total
[2024-02-22T01:37:17.450+0000][7][gc,heap     ] GC(23) Eden regions: 146->0(145)
[2024-02-22T01:37:17.450+0000][7][gc,heap     ] GC(23) Survivor regions: 7->8(20)
[2024-02-22T01:37:17.450+0000][7][gc,heap     ] GC(23) Old regions: 16->16
[2024-02-22T01:37:17.450+0000][7][gc,heap     ] GC(23) Archive regions: 2->2
[2024-02-22T01:37:17.450+0000][7][gc,heap     ] GC(23) Humongous regions: 0->0
[2024-02-22T01:37:17.450+0000][7][gc,metaspace] GC(23) Metaspace: 127201K(130752K)->127201K(130752K) NonClass: 110408K(112256K)->110408K(112256K) Class: 16793K(18496K)->16793K(18496K)
[2024-02-22T01:37:17.450+0000][7][gc          ] GC(23) Pause Young (Normal) (G1 Evacuation Pause) 679M->96M(1024M) 15.890ms
[2024-02-22T01:37:17.450+0000][7][gc,cpu      ] GC(23) User=0.11s Sys=0.00s Real=0.02s
[2024-02-22T01:37:17.450+0000][7][safepoint   ] Safepoint "G1CollectForAllocation", Time since last: 4301880 ns, Reaching safepoint: 61574 ns, At safepoint: 16123544 ns, Total: 16185118 ns
[2024-02-22T01:37:24.420+0000][7][safepoint   ] Safepoint "Cleanup", Time since last: 6970590316 ns, Reaching safepoint: 143466 ns, At safepoint: 17305 ns, Total: 160771 ns
[2024-02-22T01:37:34.422+0000][7][safepoint   ] Safepoint "Cleanup", Time since last: 10001027567 ns, Reaching safepoint: 102493 ns, At safepoint: 5709 ns, Total: 108202 ns
[2024-02-22T01:37:41.423+0000][7][safepoint   ] Safepoint "Cleanup", Time since last: 7001025125 ns, Reaching safepoint: 158990 ns, At safepoint: 13663 ns, Total: 172653 ns
[2024-02-22T01:37:42.423+0000][7][safepoint   ] Safepoint "Cleanup", Time since last: 1000228279 ns, Reaching safepoint: 94284 ns, At safepoint: 8735 ns, Total: 103019 ns
[2024-02-22T01:37:50.424+0000][7][safepoint   ] Safepoint "Cleanup", Time since last: 8000915513 ns, Reaching safepoint: 45650 ns, At safepoint: 4951 ns, Total: 50601 ns
[2024-02-22T01:37:54.425+0000][7][safepoint   ] Safepoint "Cleanup", Time since last: 4000367538 ns, Reaching safepoint: 68640 ns, At safepoint: 4309 ns, Total: 72949 ns
[2024-02-22T01:37:56.425+0000][7][safepoint   ] Safepoint "Cleanup", Time since last: 2000186451 ns, Reaching safepoint: 73341 ns, At safepoint: 5574 ns, Total: 78915 ns
[2024-02-22T01:38:02.425+0000][7][safepoint   ] Safepoint "Cleanup", Time since last: 6000594928 ns, Reaching safepoint: 74591 ns, At safepoint: 8127 ns, Total: 82718 ns
[2024-02-22T01:38:05.426+0000][7][safepoint   ] Safepoint "Cleanup", Time since last: 3000313537 ns, Reaching safepoint: 47884 ns, At safepoint: 3450 ns, Total: 51334 ns
[2024-02-22T01:38:06.426+0000][7][safepoint   ] Safepoint "Cleanup", Time since last: 1000132395 ns, Reaching safepoint: 56085 ns, At safepoint: 5743 ns, Total: 61828 ns
[2024-02-22T01:38:09.426+0000][7][safepoint   ] Safepoint "Cleanup", Time since last: 3000392086 ns, Reaching safepoint: 38148 ns, At safepoint: 4005 ns, Total: 42153 ns
[2024-02-22T01:38:21.428+0000][7][safepoint   ] Safepoint "Cleanup", Time since last: 12001388288 ns, Reaching safepoint: 79865 ns, At safepoint: 6785 ns, Total: 86650 ns
[2024-02-22T01:38:24.429+0000][7][safepoint   ] Safepoint "Cleanup", Time since last: 3000497776 ns, Reaching safepoint: 107555 ns, At safepoint: 7188 ns, Total: 114743 ns
[2024-02-22T01:38:29.429+0000][7][safepoint   ] Safepoint "Cleanup", Time since last: 5000791777 ns, Reaching safepoint: 55562 ns, At safepoint: 6245 ns, Total: 61807 ns
[2024-02-22T01:38:30.430+0000][7][safepoint   ] Safepoint "Cleanup", Time since last: 1000193852 ns, Reaching safepoint: 76053 ns, At safepoint: 8103 ns, Total: 84156 ns
[2024-02-22T01:38:32.430+0000][7][safepoint   ] Safepoint "Cleanup", Time since last: 2000447108 ns, Reaching safepoint: 95461 ns, At safepoint: 8743 ns, Total: 104204 ns
[2024-02-22T01:38:34.431+0000][7][safepoint   ] Safepoint "Cleanup", Time since last: 2000220688 ns, Reaching safepoint: 68940 ns, At safepoint: 6901 ns, Total: 75841 ns
[2024-02-22T01:38:36.431+0000][7][safepoint   ] Safepoint "Cleanup", Time since last: 2000237476 ns, Reaching safepoint: 64846 ns, At safepoint: 5979 ns, Total: 70825 ns
[2024-02-22T01:38:41.432+0000][7][safepoint   ] Safepoint "Cleanup", Time since last: 5000810985 ns, Reaching safepoint: 68842 ns, At safepoint: 6089 ns, Total: 74931 ns
[2024-02-22T01:38:47.432+0000][7][safepoint   ] Safepoint "Cleanup", Time since last: 6000513101 ns, Reaching safepoint: 161443 ns, At safepoint: 6453 ns, Total: 167896 ns
[2024-02-22T01:38:49.433+0000][7][safepoint   ] Safepoint "Cleanup", Time since last: 2000307243 ns, Reaching safepoint: 73044 ns, At safepoint: 11662 ns, Total: 84706 ns
[2024-02-22T01:39:02.435+0000][7][safepoint   ] Safepoint "Cleanup", Time since last: 13001702079 ns, Reaching safepoint: 56979 ns, At safepoint: 7010 ns, Total: 63989 ns
[2024-02-22T01:39:05.435+0000][7][safepoint   ] Safepoint "Cleanup", Time since last: 3000512717 ns, Reaching safepoint: 58109 ns, At safepoint: 22078 ns, Total: 80187 ns
[2024-02-22T01:39:08.436+0000][7][safepoint   ] Safepoint "Cleanup", Time since last: 3000528720 ns, Reaching safepoint: 70073 ns, At safepoint: 6803 ns, Total: 76876 ns
[2024-02-22T01:39:20.437+0000][7][safepoint   ] Safepoint "Cleanup", Time since last: 12000957685 ns, Reaching safepoint: 84073 ns, At safepoint: 8171 ns, Total: 92244 ns
[2024-02-22T01:39:27.438+0000][7][safepoint   ] Safepoint "Cleanup", Time since last: 7000611236 ns, Reaching safepoint: 117344 ns, At safepoint: 22780 ns, Total: 140124 ns
[2024-02-22T01:39:29.438+0000][7][safepoint   ] Safepoint "Cleanup", Time since last: 2000455217 ns, Reaching safepoint: 64632 ns, At safepoint: 5974 ns, Total: 70606 ns
[2024-02-22T01:39:34.439+0000][7][safepoint   ] Safepoint "Cleanup", Time since last: 5000573662 ns, Reaching safepoint: 73077 ns, At safepoint: 8780 ns, Total: 81857 ns
[2024-02-22T01:39:41.439+0000][7][safepoint   ] Safepoint "Cleanup", Time since last: 7000627664 ns, Reaching safepoint: 35834 ns, At safepoint: 3171 ns, Total: 39005 ns
[2024-02-22T01:40:05.442+0000][7][safepoint   ] Safepoint "Cleanup", Time since last: 24002546562 ns, Reaching safepoint: 56805 ns, At safepoint: 6934 ns, Total: 63739 ns
[2024-02-22T01:40:06.442+0000][7][safepoint   ] Safepoint "Cleanup", Time since last: 1000125291 ns, Reaching safepoint: 64600 ns, At safepoint: 9037 ns, Total: 73637 ns
[2024-02-22T01:40:08.443+0000][7][safepoint   ] Safepoint "Cleanup", Time since last: 2000307631 ns, Reaching safepoint: 104423 ns, At safepoint: 6767 ns, Total: 111190 ns
[2024-02-22T01:40:11.443+0000][7][safepoint   ] Safepoint "Cleanup", Time since last: 3000468060 ns, Reaching safepoint: 98130 ns, At safepoint: 8540 ns, Total: 106670 ns
[2024-02-22T01:40:19.444+0000][7][safepoint   ] Safepoint "Cleanup", Time since last: 8000923692 ns, Reaching safepoint: 89978 ns, At safepoint: 6422 ns, Total: 96400 ns
[2024-02-22T01:40:20.444+0000][7][safepoint   ] Safepoint "Cleanup", Time since last: 1000136559 ns, Reaching safepoint: 68855 ns, At safepoint: 7473 ns, Total: 76328 ns
[2024-02-22T01:40:23.445+0000][7][safepoint   ] Safepoint "Cleanup", Time since last: 3000321594 ns, Reaching safepoint: 63189 ns, At safepoint: 8079 ns, Total: 71268 ns
[2024-02-22T01:40:24.445+0000][7][safepoint   ] Safepoint "Cleanup", Time since last: 1000129113 ns, Reaching safepoint: 108290 ns, At safepoint: 6336 ns, Total: 114626 ns
[2024-02-22T01:40:26.445+0000][7][safepoint   ] Safepoint "Cleanup", Time since last: 2000209212 ns, Reaching safepoint: 58239 ns, At safepoint: 5828 ns, Total: 64067 ns
[2024-02-22T01:40:29.446+0000][7][safepoint   ] Safepoint "Cleanup", Time since last: 3000300787 ns, Reaching safepoint: 52389 ns, At safepoint: 4035 ns, Total: 56424 ns
[2024-02-22T01:40:34.446+0000][7][safepoint   ] Safepoint "Cleanup", Time since last: 5000430112 ns, Reaching safepoint: 81079 ns, At safepoint: 7489 ns, Total: 88568 ns
[2024-02-22T01:40:36.447+0000][7][safepoint   ] Safepoint "Cleanup", Time since last: 2000222419 ns, Reaching safepoint: 99031 ns, At safepoint: 8614 ns, Total: 107645 ns
[2024-02-22T01:40:41.423+0000][7][gc,start    ] GC(24) Pause Young (Normal) (G1 Evacuation Pause)
[2024-02-22T01:40:41.423+0000][7][gc,task     ] GC(24) Using 8 workers of 8 for evacuation
[2024-02-22T01:40:41.423+0000][7][gc,age      ] GC(24) Desired survivor size 41943040 bytes, new threshold 15 (max threshold 15)
[2024-02-22T01:40:41.438+0000][7][gc,phases   ] GC(24)   Pre Evacuate Collection Set: 0.1ms
[2024-02-22T01:40:41.438+0000][7][gc,phases   ] GC(24)   Merge Heap Roots: 0.1ms
[2024-02-22T01:40:41.438+0000][7][gc,phases   ] GC(24)   Evacuate Collection Set: 13.5ms
[2024-02-22T01:40:41.438+0000][7][gc,phases   ] GC(24)   Post Evacuate Collection Set: 1.7ms
[2024-02-22T01:40:41.438+0000][7][gc,phases   ] GC(24)   Other: 0.1ms
[2024-02-22T01:40:41.438+0000][7][gc,age      ] GC(24) Age table with threshold 15 (max threshold 15)
[2024-02-22T01:40:41.438+0000][7][gc,age      ] GC(24) - age   1:     644600 bytes,     644600 total
[2024-02-22T01:40:41.438+0000][7][gc,age      ] GC(24) - age   2:      13432 bytes,     658032 total
[2024-02-22T01:40:41.438+0000][7][gc,age      ] GC(24) - age   3:      15360 bytes,     673392 total
[2024-02-22T01:40:41.438+0000][7][gc,age      ] GC(24) - age   4:      33736 bytes,     707128 total
[2024-02-22T01:40:41.438+0000][7][gc,age      ] GC(24) - age   5:       3312 bytes,     710440 total
[2024-02-22T01:40:41.438+0000][7][gc,age      ] GC(24) - age   6:      25160 bytes,     735600 total
[2024-02-22T01:40:41.438+0000][7][gc,age      ] GC(24) - age   7:      27632 bytes,     763232 total
[2024-02-22T01:40:41.438+0000][7][gc,age      ] GC(24) - age   8:     275144 bytes,    1038376 total
[2024-02-22T01:40:41.438+0000][7][gc,age      ] GC(24) - age   9:       9856 bytes,    1048232 total
[2024-02-22T01:40:41.438+0000][7][gc,age      ] GC(24) - age  10:    1950280 bytes,    2998512 total
[2024-02-22T01:40:41.438+0000][7][gc,age      ] GC(24) - age  11:      82632 bytes,    3081144 total
[2024-02-22T01:40:41.438+0000][7][gc,age      ] GC(24) - age  12:    6051952 bytes,    9133096 total
[2024-02-22T01:40:41.438+0000][7][gc,age      ] GC(24) - age  13:   16559632 bytes,   25692728 total
[2024-02-22T01:40:41.438+0000][7][gc,heap     ] GC(24) Eden regions: 145->0(146)
[2024-02-22T01:40:41.438+0000][7][gc,heap     ] GC(24) Survivor regions: 8->7(20)
[2024-02-22T01:40:41.438+0000][7][gc,heap     ] GC(24) Old regions: 16->16
[2024-02-22T01:40:41.438+0000][7][gc,heap     ] GC(24) Archive regions: 2->2
[2024-02-22T01:40:41.438+0000][7][gc,heap     ] GC(24) Humongous regions: 0->0
[2024-02-22T01:40:41.438+0000][7][gc,metaspace] GC(24) Metaspace: 127281K(130880K)->127281K(130880K) NonClass: 110484K(112384K)->110484K(112384K) Class: 16796K(18496K)->16796K(18496K)
[2024-02-22T01:40:41.438+0000][7][gc          ] GC(24) Pause Young (Normal) (G1 Evacuation Pause) 676M->95M(1024M) 15.760ms
[2024-02-22T01:40:41.439+0000][7][gc,cpu      ] GC(24) User=0.11s Sys=0.00s Real=0.01s
[2024-02-22T01:40:41.439+0000][7][safepoint   ] Safepoint "G1CollectForAllocation", Time since last: 4976050105 ns, Reaching safepoint: 62397 ns, At safepoint: 15872698 ns, Total: 15935095 ns
[2024-02-22T01:40:50.440+0000][7][safepoint   ] Safepoint "Cleanup", Time since last: 9001271613 ns, Reaching safepoint: 85503 ns, At safepoint: 6604 ns, Total: 92107 ns
[2024-02-22T01:41:02.441+0000][7][safepoint   ] Safepoint "Cleanup", Time since last: 12001091214 ns, Reaching safepoint: 84923 ns, At safepoint: 6444 ns, Total: 91367 ns
[2024-02-22T01:41:05.441+0000][7][safepoint   ] Safepoint "Cleanup", Time since last: 3000308853 ns, Reaching safepoint: 51988 ns, At safepoint: 10198 ns, Total: 62186 ns
[2024-02-22T01:41:11.443+0000][7][safepoint   ] Safepoint "Cleanup", Time since last: 6000860854 ns, Reaching safepoint: 142513 ns, At safepoint: 12978 ns, Total: 155491 ns
[2024-02-22T01:41:36.445+0000][7][safepoint   ] Safepoint "Cleanup", Time since last: 25002613498 ns, Reaching safepoint: 66523 ns, At safepoint: 8543 ns, Total: 75066 ns
[2024-02-22T01:41:41.446+0000][7][safepoint   ] Safepoint "Cleanup", Time since last: 5000650302 ns, Reaching safepoint: 84728 ns, At safepoint: 8253 ns, Total: 92981 ns
[2024-02-22T01:41:47.447+0000][7][safepoint   ] Safepoint "Cleanup", Time since last: 6000643356 ns, Reaching safepoint: 98683 ns, At safepoint: 5469 ns, Total: 104152 ns
[2024-02-22T01:42:05.448+0000][7][safepoint   ] Safepoint "Cleanup", Time since last: 18001550802 ns, Reaching safepoint: 126593 ns, At safepoint: 7841 ns, Total: 134434 ns
[2024-02-22T01:42:30.451+0000][7][safepoint   ] Safepoint "Cleanup", Time since last: 25002836731 ns, Reaching safepoint: 67153 ns, At safepoint: 6858 ns, Total: 74011 ns
[2024-02-22T01:42:36.452+0000][7][safepoint   ] Safepoint "Cleanup", Time since last: 6000644390 ns, Reaching safepoint: 65408 ns, At safepoint: 6114 ns, Total: 71522 ns
[2024-02-22T01:42:48.453+0000][7][safepoint   ] Safepoint "Cleanup", Time since last: 12001240249 ns, Reaching safepoint: 98892 ns, At safepoint: 6245 ns, Total: 105137 ns
[2024-02-22T01:43:00.454+0000][7][safepoint   ] Safepoint "Cleanup", Time since last: 12001053632 ns, Reaching safepoint: 68550 ns, At safepoint: 6020 ns, Total: 74570 ns
[2024-02-22T01:43:33.458+0000][7][safepoint   ] Safepoint "Cleanup", Time since last: 33003222502 ns, Reaching safepoint: 64033 ns, At safepoint: 5395 ns, Total: 69428 ns
[2024-02-22T01:43:41.459+0000][7][safepoint   ] Safepoint "Cleanup", Time since last: 8001315046 ns, Reaching safepoint: 69962 ns, At safepoint: 7410 ns, Total: 77372 ns
[2024-02-22T01:43:59.461+0000][7][safepoint   ] Safepoint "Cleanup", Time since last: 18001854935 ns, Reaching safepoint: 107008 ns, At safepoint: 16928 ns, Total: 123936 ns
[2024-02-22T01:44:02.409+0000][7][gc,start    ] GC(25) Pause Young (Normal) (G1 Evacuation Pause)
[2024-02-22T01:44:02.409+0000][7][gc,task     ] GC(25) Using 8 workers of 8 for evacuation
[2024-02-22T01:44:02.409+0000][7][gc,age      ] GC(25) Desired survivor size 41943040 bytes, new threshold 15 (max threshold 15)
[2024-02-22T01:44:02.421+0000][7][gc,phases   ] GC(25)   Pre Evacuate Collection Set: 0.1ms
[2024-02-22T01:44:02.421+0000][7][gc,phases   ] GC(25)   Merge Heap Roots: 0.1ms
[2024-02-22T01:44:02.421+0000][7][gc,phases   ] GC(25)   Evacuate Collection Set: 10.9ms
[2024-02-22T01:44:02.421+0000][7][gc,phases   ] GC(25)   Post Evacuate Collection Set: 1.4ms
[2024-02-22T01:44:02.421+0000][7][gc,phases   ] GC(25)   Other: 0.1ms
[2024-02-22T01:44:02.421+0000][7][gc,age      ] GC(25) Age table with threshold 15 (max threshold 15)
[2024-02-22T01:44:02.421+0000][7][gc,age      ] GC(25) - age   1:    1313136 bytes,    1313136 total
[2024-02-22T01:44:02.421+0000][7][gc,age      ] GC(25) - age   2:      24944 bytes,    1338080 total
[2024-02-22T01:44:02.421+0000][7][gc,age      ] GC(25) - age   3:      11192 bytes,    1349272 total
[2024-02-22T01:44:02.421+0000][7][gc,age      ] GC(25) - age   4:      15360 bytes,    1364632 total
[2024-02-22T01:44:02.421+0000][7][gc,age      ] GC(25) - age   5:      33488 bytes,    1398120 total
[2024-02-22T01:44:02.421+0000][7][gc,age      ] GC(25) - age   6:       3312 bytes,    1401432 total
[2024-02-22T01:44:02.421+0000][7][gc,age      ] GC(25) - age   7:      25160 bytes,    1426592 total
[2024-02-22T01:44:02.421+0000][7][gc,age      ] GC(25) - age   8:      27632 bytes,    1454224 total
[2024-02-22T01:44:02.422+0000][7][gc,age      ] GC(25) - age   9:     275144 bytes,    1729368 total
[2024-02-22T01:44:02.422+0000][7][gc,age      ] GC(25) - age  10:       9856 bytes,    1739224 total
[2024-02-22T01:44:02.422+0000][7][gc,age      ] GC(25) - age  11:    1950280 bytes,    3689504 total
[2024-02-22T01:44:02.422+0000][7][gc,age      ] GC(25) - age  12:      82632 bytes,    3772136 total
[2024-02-22T01:44:02.422+0000][7][gc,age      ] GC(25) - age  13:    6051952 bytes,    9824088 total
[2024-02-22T01:44:02.422+0000][7][gc,age      ] GC(25) - age  14:   16559632 bytes,   26383720 total
[2024-02-22T01:44:02.422+0000][7][gc,heap     ] GC(25) Eden regions: 146->0(146)
[2024-02-22T01:44:02.422+0000][7][gc,heap     ] GC(25) Survivor regions: 7->7(20)
[2024-02-22T01:44:02.422+0000][7][gc,heap     ] GC(25) Old regions: 16->16
[2024-02-22T01:44:02.422+0000][7][gc,heap     ] GC(25) Archive regions: 2->2
[2024-02-22T01:44:02.422+0000][7][gc,heap     ] GC(25) Humongous regions: 0->0
[2024-02-22T01:44:02.422+0000][7][gc,metaspace] GC(25) Metaspace: 127312K(130944K)->127312K(130944K) NonClass: 110515K(112448K)->110515K(112448K) Class: 16796K(18496K)->16796K(18496K)
[2024-02-22T01:44:02.422+0000][7][gc          ] GC(25) Pause Young (Normal) (G1 Evacuation Pause) 679M->94M(1024M) 12.820ms
[2024-02-22T01:44:02.422+0000][7][gc,cpu      ] GC(25) User=0.07s Sys=0.00s Real=0.01s
[2024-02-22T01:44:02.422+0000][7][safepoint   ] Safepoint "G1CollectForAllocation", Time since last: 2947557392 ns, Reaching safepoint: 39259 ns, At safepoint: 12899103 ns, Total: 12938362 ns
[2024-02-22T01:44:06.422+0000][7][safepoint   ] Safepoint "Cleanup", Time since last: 4000562594 ns, Reaching safepoint: 55434 ns, At safepoint: 7343 ns, Total: 62777 ns
[2024-02-22T01:44:38.425+0000][7][safepoint   ] Safepoint "Cleanup", Time since last: 32002817834 ns, Reaching safepoint: 67374 ns, At safepoint: 7011 ns, Total: 74385 ns
[2024-02-22T01:44:41.426+0000][7][safepoint   ] Safepoint "Cleanup", Time since last: 3000326807 ns, Reaching safepoint: 68004 ns, At safepoint: 5787 ns, Total: 73791 ns
[2024-02-22T01:45:02.428+0000][7][safepoint   ] Safepoint "Cleanup", Time since last: 21002815285 ns, Reaching safepoint: 51628 ns, At safepoint: 4088 ns, Total: 55716 ns
[2024-02-22T01:45:11.429+0000][7][safepoint   ] Safepoint "Cleanup", Time since last: 9000819485 ns, Reaching safepoint: 182023 ns, At safepoint: 29607 ns, Total: 211630 ns
[2024-02-22T01:45:24.431+0000][7][safepoint   ] Safepoint "Cleanup", Time since last: 13001136534 ns, Reaching safepoint: 134943 ns, At safepoint: 20369 ns, Total: 155312 ns
[2024-02-22T01:45:29.431+0000][7][safepoint   ] Safepoint "Cleanup", Time since last: 5000450557 ns, Reaching safepoint: 87325 ns, At safepoint: 6114 ns, Total: 93439 ns
[2024-02-22T01:45:30.431+0000][7][safepoint   ] Safepoint "Cleanup", Time since last: 1000142742 ns, Reaching safepoint: 58387 ns, At safepoint: 5526 ns, Total: 63913 ns
[2024-02-22T01:45:35.432+0000][7][safepoint   ] Safepoint "Cleanup", Time since last: 5000508019 ns, Reaching safepoint: 65305 ns, At safepoint: 20013 ns, Total: 85318 ns
[2024-02-22T01:45:37.432+0000][7][safepoint   ] Safepoint "Cleanup", Time since last: 2000237847 ns, Reaching safepoint: 75208 ns, At safepoint: 7268 ns, Total: 82476 ns
[2024-02-22T01:45:39.433+0000][7][safepoint   ] Safepoint "Cleanup", Time since last: 2000228968 ns, Reaching safepoint: 66933 ns, At safepoint: 5907 ns, Total: 72840 ns
[2024-02-22T01:45:41.433+0000][7][safepoint   ] Safepoint "Cleanup", Time since last: 2000233299 ns, Reaching safepoint: 54442 ns, At safepoint: 6681 ns, Total: 61123 ns
[2024-02-22T01:46:00.436+0000][7][safepoint   ] Safepoint "Cleanup", Time since last: 19002802219 ns, Reaching safepoint: 79728 ns, At safepoint: 51963 ns, Total: 131691 ns
[2024-02-22T01:46:14.437+0000][7][safepoint   ] Safepoint "Cleanup", Time since last: 14001314417 ns, Reaching safepoint: 76947 ns, At safepoint: 5635 ns, Total: 82582 ns
[2024-02-22T01:46:17.438+0000][7][safepoint   ] Safepoint "Cleanup", Time since last: 3000508323 ns, Reaching safepoint: 50302 ns, At safepoint: 6203 ns, Total: 56505 ns
[2024-02-22T01:46:27.439+0000][7][safepoint   ] Safepoint "Cleanup", Time since last: 10001360658 ns, Reaching safepoint: 145662 ns, At safepoint: 27975 ns, Total: 173637 ns
[2024-02-22T01:46:41.441+0000][7][safepoint   ] Safepoint "Cleanup", Time since last: 14001445571 ns, Reaching safepoint: 74466 ns, At safepoint: 9295 ns, Total: 83761 ns
[2024-02-22T01:46:59.443+0000][7][safepoint   ] Safepoint "Cleanup", Time since last: 18002046115 ns, Reaching safepoint: 151974 ns, At safepoint: 10240 ns, Total: 162214 ns
[2024-02-22T01:47:06.444+0000][7][safepoint   ] Safepoint "Cleanup", Time since last: 7000616782 ns, Reaching safepoint: 59519 ns, At safepoint: 5903 ns, Total: 65422 ns
[2024-02-22T01:47:14.445+0000][7][safepoint   ] Safepoint "Cleanup", Time since last: 8000697679 ns, Reaching safepoint: 90647 ns, At safepoint: 7834 ns, Total: 98481 ns
[2024-02-22T01:47:17.445+0000][7][safepoint   ] Safepoint "Cleanup", Time since last: 3000398078 ns, Reaching safepoint: 59628 ns, At safepoint: 9730 ns, Total: 69358 ns
[2024-02-22T01:47:19.446+0000][7][safepoint   ] Safepoint "Cleanup", Time since last: 2000427030 ns, Reaching safepoint: 78874 ns, At safepoint: 8710 ns, Total: 87584 ns
[2024-02-22T01:47:29.441+0000][7][gc,start    ] GC(26) Pause Young (Normal) (G1 Evacuation Pause)
[2024-02-22T01:47:29.441+0000][7][gc,task     ] GC(26) Using 8 workers of 8 for evacuation
[2024-02-22T01:47:29.441+0000][7][gc,age      ] GC(26) Desired survivor size 41943040 bytes, new threshold 15 (max threshold 15)
[2024-02-22T01:47:29.461+0000][7][gc,phases   ] GC(26)   Pre Evacuate Collection Set: 0.1ms
[2024-02-22T01:47:29.461+0000][7][gc,phases   ] GC(26)   Merge Heap Roots: 0.1ms
[2024-02-22T01:47:29.461+0000][7][gc,phases   ] GC(26)   Evacuate Collection Set: 18.0ms
[2024-02-22T01:47:29.461+0000][7][gc,phases   ] GC(26)   Post Evacuate Collection Set: 1.7ms
[2024-02-22T01:47:29.461+0000][7][gc,phases   ] GC(26)   Other: 0.1ms
[2024-02-22T01:47:29.461+0000][7][gc,age      ] GC(26) Age table with threshold 15 (max threshold 15)
[2024-02-22T01:47:29.461+0000][7][gc,age      ] GC(26) - age   1:     707008 bytes,     707008 total
[2024-02-22T01:47:29.461+0000][7][gc,age      ] GC(26) - age   2:       9696 bytes,     716704 total
[2024-02-22T01:47:29.461+0000][7][gc,age      ] GC(26) - age   3:      23576 bytes,     740280 total
[2024-02-22T01:47:29.461+0000][7][gc,age      ] GC(26) - age   4:       6648 bytes,     746928 total
[2024-02-22T01:47:29.461+0000][7][gc,age      ] GC(26) - age   5:      15360 bytes,     762288 total
[2024-02-22T01:47:29.461+0000][7][gc,age      ] GC(26) - age   6:      33304 bytes,     795592 total
[2024-02-22T01:47:29.461+0000][7][gc,age      ] GC(26) - age   7:       3248 bytes,     798840 total
[2024-02-22T01:47:29.461+0000][7][gc,age      ] GC(26) - age   8:      25160 bytes,     824000 total
[2024-02-22T01:47:29.461+0000][7][gc,age      ] GC(26) - age   9:      27632 bytes,     851632 total
[2024-02-22T01:47:29.461+0000][7][gc,age      ] GC(26) - age  10:     275144 bytes,    1126776 total
[2024-02-22T01:47:29.461+0000][7][gc,age      ] GC(26) - age  11:       9856 bytes,    1136632 total
[2024-02-22T01:47:29.461+0000][7][gc,age      ] GC(26) - age  12:    1950280 bytes,    3086912 total
[2024-02-22T01:47:29.461+0000][7][gc,age      ] GC(26) - age  13:      82632 bytes,    3169544 total
[2024-02-22T01:47:29.461+0000][7][gc,age      ] GC(26) - age  14:    6051952 bytes,    9221496 total
[2024-02-22T01:47:29.461+0000][7][gc,age      ] GC(26) - age  15:   16559632 bytes,   25781128 total
[2024-02-22T01:47:29.461+0000][7][gc,heap     ] GC(26) Eden regions: 146->0(146)
[2024-02-22T01:47:29.461+0000][7][gc,heap     ] GC(26) Survivor regions: 7->7(20)
[2024-02-22T01:47:29.461+0000][7][gc,heap     ] GC(26) Old regions: 16->16
[2024-02-22T01:47:29.461+0000][7][gc,heap     ] GC(26) Archive regions: 2->2
[2024-02-22T01:47:29.461+0000][7][gc,heap     ] GC(26) Humongous regions: 0->0
[2024-02-22T01:47:29.461+0000][7][gc,metaspace] GC(26) Metaspace: 127333K(130944K)->127333K(130944K) NonClass: 110536K(112448K)->110536K(112448K) Class: 16797K(18496K)->16797K(18496K)
[2024-02-22T01:47:29.461+0000][7][gc          ] GC(26) Pause Young (Normal) (G1 Evacuation Pause) 678M->94M(1024M) 20.256ms
[2024-02-22T01:47:29.461+0000][7][gc,cpu      ] GC(26) User=0.12s Sys=0.00s Real=0.02s
[2024-02-22T01:47:29.461+0000][7][safepoint   ] Safepoint "G1CollectForAllocation", Time since last: 9995175950 ns, Reaching safepoint: 82434 ns, At safepoint: 20368168 ns, Total: 20450602 ns
[2024-02-22T01:47:41.463+0000][7][safepoint   ] Safepoint "Cleanup", Time since last: 12001336231 ns, Reaching safepoint: 61694 ns, At safepoint: 5386 ns, Total: 67080 ns
[2024-02-22T01:47:44.463+0000][7][safepoint   ] Safepoint "Cleanup", Time since last: 3000279668 ns, Reaching safepoint: 121874 ns, At safepoint: 6950 ns, Total: 128824 ns
[2024-02-22T01:47:59.465+0000][7][safepoint   ] Safepoint "Cleanup", Time since last: 15001727086 ns, Reaching safepoint: 152492 ns, At safepoint: 13628 ns, Total: 166120 ns
[2024-02-22T01:48:00.465+0000][7][safepoint   ] Safepoint "Cleanup", Time since last: 1000205517 ns, Reaching safepoint: 134657 ns, At safepoint: 12822 ns, Total: 147479 ns
[2024-02-22T01:48:12.467+0000][7][safepoint   ] Safepoint "Cleanup", Time since last: 12001157090 ns, Reaching safepoint: 99237 ns, At safepoint: 13545 ns, Total: 112782 ns
[2024-02-22T01:48:18.467+0000][7][safepoint   ] Safepoint "Cleanup", Time since last: 6000765006 ns, Reaching safepoint: 98062 ns, At safepoint: 7803 ns, Total: 105865 ns
[2024-02-22T01:48:23.468+0000][7][safepoint   ] Safepoint "Cleanup", Time since last: 5000568841 ns, Reaching safepoint: 74704 ns, At safepoint: 6294 ns, Total: 80998 ns
[2024-02-22T01:48:29.469+0000][7][safepoint   ] Safepoint "Cleanup", Time since last: 6000585018 ns, Reaching safepoint: 49417 ns, At safepoint: 6989 ns, Total: 56406 ns
[2024-02-22T01:48:30.469+0000][7][safepoint   ] Safepoint "Cleanup", Time since last: 1000135435 ns, Reaching safepoint: 66103 ns, At safepoint: 8789 ns, Total: 74892 ns
[2024-02-22T01:48:41.470+0000][7][safepoint   ] Safepoint "Cleanup", Time since last: 11001353361 ns, Reaching safepoint: 92297 ns, At safepoint: 5816 ns, Total: 98113 ns
[2024-02-22T01:48:44.471+0000][7][safepoint   ] Safepoint "Cleanup", Time since last: 3000358160 ns, Reaching safepoint: 68215 ns, At safepoint: 5954 ns, Total: 74169 ns
[2024-02-22T01:48:47.471+0000][7][safepoint   ] Safepoint "Cleanup", Time since last: 3000374933 ns, Reaching safepoint: 58051 ns, At safepoint: 5414 ns, Total: 63465 ns
[2024-02-22T01:48:54.472+0000][7][safepoint   ] Safepoint "Cleanup", Time since last: 7000787043 ns, Reaching safepoint: 58810 ns, At safepoint: 13542 ns, Total: 72352 ns
[2024-02-22T01:49:04.473+0000][7][safepoint   ] Safepoint "Cleanup", Time since last: 10000837484 ns, Reaching safepoint: 61437 ns, At safepoint: 4467 ns, Total: 65904 ns
[2024-02-22T01:49:29.476+0000][7][safepoint   ] Safepoint "Cleanup", Time since last: 25003299279 ns, Reaching safepoint: 78633 ns, At safepoint: 6599 ns, Total: 85232 ns
[2024-02-22T01:49:34.477+0000][7][safepoint   ] Safepoint "Cleanup", Time since last: 5000656653 ns, Reaching safepoint: 184516 ns, At safepoint: 43637 ns, Total: 228153 ns
[2024-02-22T01:49:35.477+0000][7][safepoint   ] Safepoint "Cleanup", Time since last: 1000120382 ns, Reaching safepoint: 53828 ns, At safepoint: 6929 ns, Total: 60757 ns
[2024-02-22T01:49:36.478+0000][7][safepoint   ] Safepoint "Cleanup", Time since last: 1000166693 ns, Reaching safepoint: 77948 ns, At safepoint: 7118 ns, Total: 85066 ns
[2024-02-22T01:49:41.479+0000][7][safepoint   ] Safepoint "Cleanup", Time since last: 5000709490 ns, Reaching safepoint: 74932 ns, At safepoint: 6140 ns, Total: 81072 ns
[2024-02-22T01:50:00.481+0000][7][safepoint   ] Safepoint "Cleanup", Time since last: 19002144053 ns, Reaching safepoint: 99101 ns, At safepoint: 18107 ns, Total: 117208 ns
[2024-02-22T01:50:02.481+0000][7][safepoint   ] Safepoint "Cleanup", Time since last: 2000218673 ns, Reaching safepoint: 79483 ns, At safepoint: 9348 ns, Total: 88831 ns
[2024-02-22T01:50:04.481+0000][7][safepoint   ] Safepoint "Cleanup", Time since last: 2000280618 ns, Reaching safepoint: 63947 ns, At safepoint: 7797 ns, Total: 71744 ns
[2024-02-22T01:50:05.482+0000][7][safepoint   ] Safepoint "Cleanup", Time since last: 1000216737 ns, Reaching safepoint: 139600 ns, At safepoint: 9486 ns, Total: 149086 ns
[2024-02-22T01:50:11.483+0000][7][safepoint   ] Safepoint "Cleanup", Time since last: 6001055660 ns, Reaching safepoint: 113036 ns, At safepoint: 19248 ns, Total: 132284 ns
[2024-02-22T01:50:17.484+0000][7][safepoint   ] Safepoint "Cleanup", Time since last: 6000566311 ns, Reaching safepoint: 87980 ns, At safepoint: 6540 ns, Total: 94520 ns
[2024-02-22T01:50:18.484+0000][7][safepoint   ] Safepoint "Cleanup", Time since last: 1000132077 ns, Reaching safepoint: 72613 ns, At safepoint: 6774 ns, Total: 79387 ns
[2024-02-22T01:50:29.485+0000][7][safepoint   ] Safepoint "Cleanup", Time since last: 11001208981 ns, Reaching safepoint: 68099 ns, At safepoint: 4170 ns, Total: 72269 ns
[2024-02-22T01:50:41.487+0000][7][safepoint   ] Safepoint "Cleanup", Time since last: 12001796702 ns, Reaching safepoint: 75493 ns, At safepoint: 7357 ns, Total: 82850 ns
[2024-02-22T01:50:42.487+0000][7][safepoint   ] Safepoint "Cleanup", Time since last: 1000252836 ns, Reaching safepoint: 85490 ns, At safepoint: 9118 ns, Total: 94608 ns
[2024-02-22T01:50:51.489+0000][7][safepoint   ] Safepoint "Cleanup", Time since last: 9001239790 ns, Reaching safepoint: 94676 ns, At safepoint: 6643 ns, Total: 101319 ns
[2024-02-22T01:50:53.444+0000][7][gc,start    ] GC(27) Pause Young (Normal) (G1 Evacuation Pause)
[2024-02-22T01:50:53.444+0000][7][gc,task     ] GC(27) Using 8 workers of 8 for evacuation
[2024-02-22T01:50:53.444+0000][7][gc,age      ] GC(27) Desired survivor size 41943040 bytes, new threshold 15 (max threshold 15)
[2024-02-22T01:50:53.462+0000][7][gc,phases   ] GC(27)   Pre Evacuate Collection Set: 0.1ms
[2024-02-22T01:50:53.462+0000][7][gc,phases   ] GC(27)   Merge Heap Roots: 0.1ms
[2024-02-22T01:50:53.462+0000][7][gc,phases   ] GC(27)   Evacuate Collection Set: 15.9ms
[2024-02-22T01:50:53.462+0000][7][gc,phases   ] GC(27)   Post Evacuate Collection Set: 1.5ms
[2024-02-22T01:50:53.462+0000][7][gc,phases   ] GC(27)   Other: 0.1ms
[2024-02-22T01:50:53.462+0000][7][gc,age      ] GC(27) Age table with threshold 15 (max threshold 15)
[2024-02-22T01:50:53.462+0000][7][gc,age      ] GC(27) - age   1:    1576912 bytes,    1576912 total
[2024-02-22T01:50:53.462+0000][7][gc,age      ] GC(27) - age   2:      18552 bytes,    1595464 total
[2024-02-22T01:50:53.462+0000][7][gc,age      ] GC(27) - age   3:       7872 bytes,    1603336 total
[2024-02-22T01:50:53.462+0000][7][gc,age      ] GC(27) - age   4:      23576 bytes,    1626912 total
[2024-02-22T01:50:53.462+0000][7][gc,age      ] GC(27) - age   5:       6256 bytes,    1633168 total
[2024-02-22T01:50:53.462+0000][7][gc,age      ] GC(27) - age   6:      15360 bytes,    1648528 total
[2024-02-22T01:50:53.462+0000][7][gc,age      ] GC(27) - age   7:      33304 bytes,    1681832 total
[2024-02-22T01:50:53.462+0000][7][gc,age      ] GC(27) - age   8:       3248 bytes,    1685080 total
[2024-02-22T01:50:53.462+0000][7][gc,age      ] GC(27) - age   9:      25160 bytes,    1710240 total
[2024-02-22T01:50:53.462+0000][7][gc,age      ] GC(27) - age  10:      27632 bytes,    1737872 total
[2024-02-22T01:50:53.462+0000][7][gc,age      ] GC(27) - age  11:     275144 bytes,    2013016 total
[2024-02-22T01:50:53.462+0000][7][gc,age      ] GC(27) - age  12:       9856 bytes,    2022872 total
[2024-02-22T01:50:53.462+0000][7][gc,age      ] GC(27) - age  13:    1950280 bytes,    3973152 total
[2024-02-22T01:50:53.462+0000][7][gc,age      ] GC(27) - age  14:      82632 bytes,    4055784 total
[2024-02-22T01:50:53.462+0000][7][gc,age      ] GC(27) - age  15:    6051952 bytes,   10107736 total
[2024-02-22T01:50:53.462+0000][7][gc,heap     ] GC(27) Eden regions: 146->0(150)
[2024-02-22T01:50:53.462+0000][7][gc,heap     ] GC(27) Survivor regions: 7->3(20)
[2024-02-22T01:50:53.462+0000][7][gc,heap     ] GC(27) Old regions: 16->21
[2024-02-22T01:50:53.462+0000][7][gc,heap     ] GC(27) Archive regions: 2->2
[2024-02-22T01:50:53.462+0000][7][gc,heap     ] GC(27) Humongous regions: 0->0
[2024-02-22T01:50:53.462+0000][7][gc,metaspace] GC(27) Metaspace: 127389K(131008K)->127389K(131008K) NonClass: 110592K(112512K)->110592K(112512K) Class: 16797K(18496K)->16797K(18496K)
[2024-02-22T01:50:53.462+0000][7][gc          ] GC(27) Pause Young (Normal) (G1 Evacuation Pause) 678M->96M(1024M) 18.082ms
[2024-02-22T01:50:53.462+0000][7][gc,cpu      ] GC(27) User=0.12s Sys=0.01s Real=0.02s
[2024-02-22T01:50:53.462+0000][7][safepoint   ] Safepoint "G1CollectForAllocation", Time since last: 1954814667 ns, Reaching safepoint: 69318 ns, At safepoint: 18183170 ns, Total: 18252488 ns
[2024-02-22T01:51:00.463+0000][7][safepoint   ] Safepoint "Cleanup", Time since last: 7001166271 ns, Reaching safepoint: 75518 ns, At safepoint: 6926 ns, Total: 82444 ns
[2024-02-22T01:51:03.464+0000][7][safepoint   ] Safepoint "Cleanup", Time since last: 3000460605 ns, Reaching safepoint: 71251 ns, At safepoint: 6811 ns, Total: 78062 ns
[2024-02-22T01:51:06.464+0000][7][safepoint   ] Safepoint "Cleanup", Time since last: 3000289583 ns, Reaching safepoint: 60248 ns, At safepoint: 6193 ns, Total: 66441 ns
[2024-02-22T01:51:41.468+0000][7][safepoint   ] Safepoint "Cleanup", Time since last: 35004164776 ns, Reaching safepoint: 113167 ns, At safepoint: 8490 ns, Total: 121657 ns
[2024-02-22T01:51:47.469+0000][7][safepoint   ] Safepoint "Cleanup", Time since last: 6000540444 ns, Reaching safepoint: 143074 ns, At safepoint: 37516 ns, Total: 180590 ns
[2024-02-22T01:51:57.470+0000][7][safepoint   ] Safepoint "Cleanup", Time since last: 10001102104 ns, Reaching safepoint: 120093 ns, At safepoint: 6650 ns, Total: 126743 ns
[2024-02-22T01:52:04.471+0000][7][safepoint   ] Safepoint "Cleanup", Time since last: 7000578211 ns, Reaching safepoint: 77166 ns, At safepoint: 5880 ns, Total: 83046 ns
[2024-02-22T01:52:07.471+0000][7][safepoint   ] Safepoint "Cleanup", Time since last: 3000279572 ns, Reaching safepoint: 76051 ns, At safepoint: 4350 ns, Total: 80401 ns
[2024-02-22T01:52:35.474+0000][7][safepoint   ] Safepoint "Cleanup", Time since last: 28003150133 ns, Reaching safepoint: 61348 ns, At safepoint: 7608 ns, Total: 68956 ns
[2024-02-22T01:52:41.475+0000][7][safepoint   ] Safepoint "Cleanup", Time since last: 6000723365 ns, Reaching safepoint: 92254 ns, At safepoint: 6196 ns, Total: 98450 ns
[2024-02-22T01:52:59.478+0000][7][safepoint   ] Safepoint "Cleanup", Time since last: 18002156579 ns, Reaching safepoint: 102472 ns, At safepoint: 6763 ns, Total: 109235 ns
[2024-02-22T01:53:04.478+0000][7][safepoint   ] Safepoint "Cleanup", Time since last: 5000848259 ns, Reaching safepoint: 115331 ns, At safepoint: 14244 ns, Total: 129575 ns
[2024-02-22T01:53:18.480+0000][7][safepoint   ] Safepoint "Cleanup", Time since last: 14001365505 ns, Reaching safepoint: 82080 ns, At safepoint: 7425 ns, Total: 89505 ns
[2024-02-22T01:53:49.484+0000][7][safepoint   ] Safepoint "Cleanup", Time since last: 31003635342 ns, Reaching safepoint: 81070 ns, At safepoint: 6511 ns, Total: 87581 ns
[2024-02-22T01:53:59.485+0000][7][safepoint   ] Safepoint "Cleanup", Time since last: 10000879063 ns, Reaching safepoint: 84708 ns, At safepoint: 6203 ns, Total: 90911 ns
[2024-02-22T01:54:00.485+0000][7][safepoint   ] Safepoint "Cleanup", Time since last: 1000134924 ns, Reaching safepoint: 78250 ns, At safepoint: 21085 ns, Total: 99335 ns
[2024-02-22T01:54:02.485+0000][7][safepoint   ] Safepoint "Cleanup", Time since last: 2000337055 ns, Reaching safepoint: 85793 ns, At safepoint: 7019 ns, Total: 92812 ns
[2024-02-22T01:54:04.486+0000][7][safepoint   ] Safepoint "Cleanup", Time since last: 2000307783 ns, Reaching safepoint: 66608 ns, At safepoint: 9931 ns, Total: 76539 ns
[2024-02-22T01:54:05.486+0000][7][safepoint   ] Safepoint "Cleanup", Time since last: 1000115078 ns, Reaching safepoint: 61745 ns, At safepoint: 4829 ns, Total: 66574 ns
[2024-02-22T01:54:09.486+0000][7][safepoint   ] Safepoint "Cleanup", Time since last: 4000412986 ns, Reaching safepoint: 91508 ns, At safepoint: 8156 ns, Total: 99664 ns
[2024-02-22T01:54:11.552+0000][7][gc,start    ] GC(28) Pause Young (Normal) (G1 Evacuation Pause)
[2024-02-22T01:54:11.552+0000][7][gc,task     ] GC(28) Using 8 workers of 8 for evacuation
[2024-02-22T01:54:11.552+0000][7][gc,age      ] GC(28) Desired survivor size 41943040 bytes, new threshold 15 (max threshold 15)
[2024-02-22T01:54:11.561+0000][7][gc,phases   ] GC(28)   Pre Evacuate Collection Set: 0.1ms
[2024-02-22T01:54:11.561+0000][7][gc,phases   ] GC(28)   Merge Heap Roots: 0.1ms
[2024-02-22T01:54:11.561+0000][7][gc,phases   ] GC(28)   Evacuate Collection Set: 7.5ms
[2024-02-22T01:54:11.561+0000][7][gc,phases   ] GC(28)   Post Evacuate Collection Set: 1.0ms
[2024-02-22T01:54:11.561+0000][7][gc,phases   ] GC(28)   Other: 0.1ms
[2024-02-22T01:54:11.561+0000][7][gc,age      ] GC(28) Age table with threshold 15 (max threshold 15)
[2024-02-22T01:54:11.561+0000][7][gc,age      ] GC(28) - age   1:    1269584 bytes,    1269584 total
[2024-02-22T01:54:11.561+0000][7][gc,age      ] GC(28) - age   2:      37048 bytes,    1306632 total
[2024-02-22T01:54:11.561+0000][7][gc,age      ] GC(28) - age   3:      17504 bytes,    1324136 total
[2024-02-22T01:54:11.561+0000][7][gc,age      ] GC(28) - age   4:       7744 bytes,    1331880 total
[2024-02-22T01:54:11.561+0000][7][gc,age      ] GC(28) - age   5:      23288 bytes,    1355168 total
[2024-02-22T01:54:11.561+0000][7][gc,age      ] GC(28) - age   6:       6256 bytes,    1361424 total
[2024-02-22T01:54:11.561+0000][7][gc,age      ] GC(28) - age   7:      14976 bytes,    1376400 total
[2024-02-22T01:54:11.561+0000][7][gc,age      ] GC(28) - age   8:      33304 bytes,    1409704 total
[2024-02-22T01:54:11.561+0000][7][gc,age      ] GC(28) - age   9:       3248 bytes,    1412952 total
[2024-02-22T01:54:11.561+0000][7][gc,age      ] GC(28) - age  10:      25160 bytes,    1438112 total
[2024-02-22T01:54:11.561+0000][7][gc,age      ] GC(28) - age  11:      27632 bytes,    1465744 total
[2024-02-22T01:54:11.561+0000][7][gc,age      ] GC(28) - age  12:     275144 bytes,    1740888 total
[2024-02-22T01:54:11.561+0000][7][gc,age      ] GC(28) - age  13:       9856 bytes,    1750744 total
[2024-02-22T01:54:11.561+0000][7][gc,age      ] GC(28) - age  14:    1950280 bytes,    3701024 total
[2024-02-22T01:54:11.561+0000][7][gc,age      ] GC(28) - age  15:      82632 bytes,    3783656 total
[2024-02-22T01:54:11.561+0000][7][gc,heap     ] GC(28) Eden regions: 150->0(151)
[2024-02-22T01:54:11.561+0000][7][gc,heap     ] GC(28) Survivor regions: 3->2(20)
[2024-02-22T01:54:11.561+0000][7][gc,heap     ] GC(28) Old regions: 21->22
[2024-02-22T01:54:11.561+0000][7][gc,heap     ] GC(28) Archive regions: 2->2
[2024-02-22T01:54:11.561+0000][7][gc,heap     ] GC(28) Humongous regions: 0->0
[2024-02-22T01:54:11.561+0000][7][gc,metaspace] GC(28) Metaspace: 127411K(131008K)->127411K(131008K) NonClass: 110613K(112512K)->110613K(112512K) Class: 16797K(18496K)->16797K(18496K)
[2024-02-22T01:54:11.561+0000][7][gc          ] GC(28) Pause Young (Normal) (G1 Evacuation Pause) 696M->96M(1024M) 9.059ms
[2024-02-22T01:54:11.561+0000][7][gc,cpu      ] GC(28) User=0.05s Sys=0.00s Real=0.01s
[2024-02-22T01:54:11.561+0000][7][safepoint   ] Safepoint "G1CollectForAllocation", Time since last: 2065572322 ns, Reaching safepoint: 71262 ns, At safepoint: 9159793 ns, Total: 9231055 ns
[2024-02-22T01:54:23.562+0000][7][safepoint   ] Safepoint "Cleanup", Time since last: 12001171990 ns, Reaching safepoint: 66449 ns, At safepoint: 6364 ns, Total: 72813 ns
[2024-02-22T01:54:41.564+0000][7][safepoint   ] Safepoint "Cleanup", Time since last: 18001616228 ns, Reaching safepoint: 59501 ns, At safepoint: 4267 ns, Total: 63768 ns
[2024-02-22T01:54:42.564+0000][7][safepoint   ] Safepoint "Cleanup", Time since last: 1000123922 ns, Reaching safepoint: 64952 ns, At safepoint: 6356 ns, Total: 71308 ns
[2024-02-22T01:54:47.565+0000][7][safepoint   ] Safepoint "Cleanup", Time since last: 5000504560 ns, Reaching safepoint: 51531 ns, At safepoint: 7935 ns, Total: 59466 ns
[2024-02-22T01:54:48.565+0000][7][safepoint   ] Safepoint "Cleanup", Time since last: 1000121015 ns, Reaching safepoint: 72419 ns, At safepoint: 7153 ns, Total: 79572 ns
[2024-02-22T01:54:53.566+0000][7][safepoint   ] Safepoint "Cleanup", Time since last: 5000479880 ns, Reaching safepoint: 92005 ns, At safepoint: 11997 ns, Total: 104002 ns
[2024-02-22T01:55:04.567+0000][7][safepoint   ] Safepoint "Cleanup", Time since last: 11001575159 ns, Reaching safepoint: 85938 ns, At safepoint: 9927 ns, Total: 95865 ns
[2024-02-22T01:55:12.568+0000][7][safepoint   ] Safepoint "Cleanup", Time since last: 8000888858 ns, Reaching safepoint: 103755 ns, At safepoint: 7185 ns, Total: 110940 ns
[2024-02-22T01:55:34.572+0000][7][safepoint   ] Safepoint "Cleanup", Time since last: 22003100186 ns, Reaching safepoint: 112295 ns, At safepoint: 7388 ns, Total: 119683 ns
[2024-02-22T01:55:41.572+0000][7][safepoint   ] Safepoint "Cleanup", Time since last: 7000821732 ns, Reaching safepoint: 101761 ns, At safepoint: 7563 ns, Total: 109324 ns
[2024-02-22T01:55:42.573+0000][7][safepoint   ] Safepoint "Cleanup", Time since last: 1000160396 ns, Reaching safepoint: 63114 ns, At safepoint: 9984 ns, Total: 73098 ns
[2024-02-22T01:55:51.537+0000][7][safepoint   ] Safepoint "Cleanup", Time since last: 8963804111 ns, Reaching safepoint: 106933 ns, At safepoint: 6062 ns, Total: 112995 ns
[2024-02-22T01:56:12.540+0000][7][safepoint   ] Safepoint "Cleanup", Time since last: 21002964869 ns, Reaching safepoint: 144701 ns, At safepoint: 11102 ns, Total: 155803 ns
[2024-02-22T01:56:24.476+0000][7][safepoint   ] Safepoint "Cleanup", Time since last: 11936126296 ns, Reaching safepoint: 97109 ns, At safepoint: 7441 ns, Total: 104550 ns
[2024-02-22T01:56:35.477+0000][7][safepoint   ] Safepoint "Cleanup", Time since last: 11001103838 ns, Reaching safepoint: 36980 ns, At safepoint: 3694 ns, Total: 40674 ns
[2024-02-22T01:56:48.478+0000][7][safepoint   ] Safepoint "Cleanup", Time since last: 13001111456 ns, Reaching safepoint: 69275 ns, At safepoint: 4803 ns, Total: 74078 ns
[2024-02-22T01:57:04.480+0000][7][safepoint   ] Safepoint "Cleanup", Time since last: 16001741482 ns, Reaching safepoint: 96065 ns, At safepoint: 11276 ns, Total: 107341 ns
[2024-02-22T01:57:05.480+0000][7][safepoint   ] Safepoint "Cleanup", Time since last: 1000127546 ns, Reaching safepoint: 45302 ns, At safepoint: 7644 ns, Total: 52946 ns
[2024-02-22T01:57:21.482+0000][7][safepoint   ] Safepoint "Cleanup", Time since last: 16001639889 ns, Reaching safepoint: 65138 ns, At safepoint: 7480 ns, Total: 72618 ns
[2024-02-22T01:57:23.482+0000][7][safepoint   ] Safepoint "Cleanup", Time since last: 2000246404 ns, Reaching safepoint: 164951 ns, At safepoint: 7582 ns, Total: 172533 ns
[2024-02-22T01:57:41.484+0000][7][safepoint   ] Safepoint "Cleanup", Time since last: 18001718307 ns, Reaching safepoint: 60420 ns, At safepoint: 6425 ns, Total: 66845 ns
[2024-02-22T01:57:47.485+0000][7][gc,start    ] GC(29) Pause Young (Normal) (G1 Evacuation Pause)
[2024-02-22T01:57:47.486+0000][7][gc,task     ] GC(29) Using 8 workers of 8 for evacuation
[2024-02-22T01:57:47.486+0000][7][gc,age      ] GC(29) Desired survivor size 41943040 bytes, new threshold 15 (max threshold 15)
[2024-02-22T01:57:47.492+0000][7][gc,phases   ] GC(29)   Pre Evacuate Collection Set: 0.1ms
[2024-02-22T01:57:47.492+0000][7][gc,phases   ] GC(29)   Merge Heap Roots: 0.1ms
[2024-02-22T01:57:47.492+0000][7][gc,phases   ] GC(29)   Evacuate Collection Set: 4.9ms
[2024-02-22T01:57:47.492+0000][7][gc,phases   ] GC(29)   Post Evacuate Collection Set: 0.9ms
[2024-02-22T01:57:47.492+0000][7][gc,phases   ] GC(29)   Other: 0.1ms
[2024-02-22T01:57:47.492+0000][7][gc,age      ] GC(29) Age table with threshold 15 (max threshold 15)
[2024-02-22T01:57:47.492+0000][7][gc,age      ] GC(29) - age   1:    1941552 bytes,    1941552 total
[2024-02-22T01:57:47.492+0000][7][gc,age      ] GC(29) - age   2:       4384 bytes,    1945936 total
[2024-02-22T01:57:47.492+0000][7][gc,age      ] GC(29) - age   3:      35088 bytes,    1981024 total
[2024-02-22T01:57:47.492+0000][7][gc,age      ] GC(29) - age   4:      13328 bytes,    1994352 total
[2024-02-22T01:57:47.492+0000][7][gc,age      ] GC(29) - age   5:       7744 bytes,    2002096 total
[2024-02-22T01:57:47.492+0000][7][gc,age      ] GC(29) - age   6:      12544 bytes,    2014640 total
[2024-02-22T01:57:47.492+0000][7][gc,age      ] GC(29) - age   7:       6256 bytes,    2020896 total
[2024-02-22T01:57:47.492+0000][7][gc,age      ] GC(29) - age   8:      14792 bytes,    2035688 total
[2024-02-22T01:57:47.492+0000][7][gc,age      ] GC(29) - age   9:      33304 bytes,    2068992 total
[2024-02-22T01:57:47.492+0000][7][gc,age      ] GC(29) - age  10:       3248 bytes,    2072240 total
[2024-02-22T01:57:47.492+0000][7][gc,age      ] GC(29) - age  11:      25160 bytes,    2097400 total
[2024-02-22T01:57:47.492+0000][7][gc,age      ] GC(29) - age  12:      27632 bytes,    2125032 total
[2024-02-22T01:57:47.492+0000][7][gc,age      ] GC(29) - age  13:     275008 bytes,    2400040 total
[2024-02-22T01:57:47.492+0000][7][gc,age      ] GC(29) - age  14:       9856 bytes,    2409896 total
[2024-02-22T01:57:47.492+0000][7][gc,age      ] GC(29) - age  15:    1950280 bytes,    4360176 total
[2024-02-22T01:57:47.492+0000][7][gc,heap     ] GC(29) Eden regions: 151->0(151)
[2024-02-22T01:57:47.492+0000][7][gc,heap     ] GC(29) Survivor regions: 2->2(20)
[2024-02-22T01:57:47.492+0000][7][gc,heap     ] GC(29) Old regions: 22->23
[2024-02-22T01:57:47.492+0000][7][gc,heap     ] GC(29) Archive regions: 2->2
[2024-02-22T01:57:47.492+0000][7][gc,heap     ] GC(29) Humongous regions: 0->0
[2024-02-22T01:57:47.492+0000][7][gc,metaspace] GC(29) Metaspace: 127440K(131008K)->127440K(131008K) NonClass: 110641K(112512K)->110641K(112512K) Class: 16799K(18496K)->16799K(18496K)
[2024-02-22T01:57:47.492+0000][7][gc          ] GC(29) Pause Young (Normal) (G1 Evacuation Pause) 700M->96M(1024M) 6.496ms
[2024-02-22T01:57:47.492+0000][7][gc,cpu      ] GC(29) User=0.03s Sys=0.00s Real=0.01s
[2024-02-22T01:57:47.492+0000][7][safepoint   ] Safepoint "G1CollectForAllocation", Time since last: 6001132619 ns, Reaching safepoint: 64796 ns, At safepoint: 6598230 ns, Total: 6663026 ns
[2024-02-22T01:58:14.494+0000][7][safepoint   ] Safepoint "Cleanup", Time since last: 27002356541 ns, Reaching safepoint: 47983 ns, At safepoint: 5665 ns, Total: 53648 ns
[2024-02-22T01:58:36.497+0000][7][safepoint   ] Safepoint "Cleanup", Time since last: 22002330237 ns, Reaching safepoint: 62354 ns, At safepoint: 8202 ns, Total: 70556 ns
[2024-02-22T01:59:20.501+0000][7][safepoint   ] Safepoint "Cleanup", Time since last: 44004251054 ns, Reaching safepoint: 102852 ns, At safepoint: 7042 ns, Total: 109894 ns
[2024-02-22T01:59:29.502+0000][7][safepoint   ] Safepoint "Cleanup", Time since last: 9000966655 ns, Reaching safepoint: 66319 ns, At safepoint: 6162 ns, Total: 72481 ns
[2024-02-22T01:59:48.504+0000][7][safepoint   ] Safepoint "Cleanup", Time since last: 19001632112 ns, Reaching safepoint: 85708 ns, At safepoint: 7573 ns, Total: 93281 ns
[2024-02-22T02:00:06.506+0000][7][safepoint   ] Safepoint "Cleanup", Time since last: 18001696895 ns, Reaching safepoint: 160488 ns, At safepoint: 21455 ns, Total: 181943 ns
[2024-02-22T02:00:41.510+0000][7][safepoint   ] Safepoint "Cleanup", Time since last: 35003996015 ns, Reaching safepoint: 95486 ns, At safepoint: 17413 ns, Total: 112899 ns
[2024-02-22T02:00:47.511+0000][7][safepoint   ] Safepoint "Cleanup", Time since last: 6000652380 ns, Reaching safepoint: 63345 ns, At safepoint: 7492 ns, Total: 70837 ns
[2024-02-22T02:00:56.512+0000][7][safepoint   ] Safepoint "Cleanup", Time since last: 9000767170 ns, Reaching safepoint: 134584 ns, At safepoint: 6727 ns, Total: 141311 ns
[2024-02-22T02:00:59.512+0000][7][safepoint   ] Safepoint "Cleanup", Time since last: 3000336904 ns, Reaching safepoint: 154149 ns, At safepoint: 38697 ns, Total: 192846 ns
[2024-02-22T02:01:04.513+0000][7][safepoint   ] Safepoint "Cleanup", Time since last: 5000485767 ns, Reaching safepoint: 99887 ns, At safepoint: 9585 ns, Total: 109472 ns
[2024-02-22T02:01:05.513+0000][7][safepoint   ] Safepoint "Cleanup", Time since last: 1000158114 ns, Reaching safepoint: 97873 ns, At safepoint: 22070 ns, Total: 119943 ns
[2024-02-22T02:01:15.361+0000][7][gc,start    ] GC(30) Pause Young (Normal) (G1 Evacuation Pause)
[2024-02-22T02:01:15.361+0000][7][gc,task     ] GC(30) Using 8 workers of 8 for evacuation
[2024-02-22T02:01:15.361+0000][7][gc,age      ] GC(30) Desired survivor size 41943040 bytes, new threshold 15 (max threshold 15)
[2024-02-22T02:01:15.366+0000][7][gc,phases   ] GC(30)   Pre Evacuate Collection Set: 0.1ms
[2024-02-22T02:01:15.366+0000][7][gc,phases   ] GC(30)   Merge Heap Roots: 0.1ms
[2024-02-22T02:01:15.366+0000][7][gc,phases   ] GC(30)   Evacuate Collection Set: 3.7ms
[2024-02-22T02:01:15.366+0000][7][gc,phases   ] GC(30)   Post Evacuate Collection Set: 0.9ms
[2024-02-22T02:01:15.366+0000][7][gc,phases   ] GC(30)   Other: 0.1ms
[2024-02-22T02:01:15.366+0000][7][gc,age      ] GC(30) Age table with threshold 15 (max threshold 15)
[2024-02-22T02:01:15.366+0000][7][gc,age      ] GC(30) - age   1:    1352736 bytes,    1352736 total
[2024-02-22T02:01:15.366+0000][7][gc,age      ] GC(30) - age   2:      10800 bytes,    1363536 total
[2024-02-22T02:01:15.366+0000][7][gc,age      ] GC(30) - age   3:       2992 bytes,    1366528 total
[2024-02-22T02:01:15.366+0000][7][gc,age      ] GC(30) - age   4:      34600 bytes,    1401128 total
[2024-02-22T02:01:15.366+0000][7][gc,age      ] GC(30) - age   5:      13328 bytes,    1414456 total
[2024-02-22T02:01:15.366+0000][7][gc,age      ] GC(30) - age   6:       7744 bytes,    1422200 total
[2024-02-22T02:01:15.366+0000][7][gc,age      ] GC(30) - age   7:      12544 bytes,    1434744 total
[2024-02-22T02:01:15.366+0000][7][gc,age      ] GC(30) - age   8:       6256 bytes,    1441000 total
[2024-02-22T02:01:15.366+0000][7][gc,age      ] GC(30) - age   9:      14792 bytes,    1455792 total
[2024-02-22T02:01:15.366+0000][7][gc,age      ] GC(30) - age  10:      33304 bytes,    1489096 total
[2024-02-22T02:01:15.366+0000][7][gc,age      ] GC(30) - age  11:       3248 bytes,    1492344 total
[2024-02-22T02:01:15.366+0000][7][gc,age      ] GC(30) - age  12:      25160 bytes,    1517504 total
[2024-02-22T02:01:15.366+0000][7][gc,age      ] GC(30) - age  13:      27448 bytes,    1544952 total
[2024-02-22T02:01:15.366+0000][7][gc,age      ] GC(30) - age  14:     275008 bytes,    1819960 total
[2024-02-22T02:01:15.366+0000][7][gc,age      ] GC(30) - age  15:       9856 bytes,    1829816 total
[2024-02-22T02:01:15.366+0000][7][gc,heap     ] GC(30) Eden regions: 151->0(152)
[2024-02-22T02:01:15.366+0000][7][gc,heap     ] GC(30) Survivor regions: 2->1(20)
[2024-02-22T02:01:15.366+0000][7][gc,heap     ] GC(30) Old regions: 23->23
[2024-02-22T02:01:15.366+0000][7][gc,heap     ] GC(30) Archive regions: 2->2
[2024-02-22T02:01:15.366+0000][7][gc,heap     ] GC(30) Humongous regions: 0->0
[2024-02-22T02:01:15.366+0000][7][gc,metaspace] GC(30) Metaspace: 127456K(131008K)->127456K(131008K) NonClass: 110655K(112512K)->110655K(112512K) Class: 16800K(18496K)->16800K(18496K)
[2024-02-22T02:01:15.366+0000][7][gc          ] GC(30) Pause Young (Normal) (G1 Evacuation Pause) 700M->96M(1024M) 5.247ms
[2024-02-22T02:01:15.366+0000][7][gc,cpu      ] GC(30) User=0.03s Sys=0.00s Real=0.00s
[2024-02-22T02:01:15.366+0000][7][safepoint   ] Safepoint "G1CollectForAllocation", Time since last: 9847742737 ns, Reaching safepoint: 78774 ns, At safepoint: 5343222 ns, Total: 5421996 ns
[2024-02-22T02:01:35.368+0000][7][safepoint   ] Safepoint "Cleanup", Time since last: 20002116984 ns, Reaching safepoint: 74800 ns, At safepoint: 7306 ns, Total: 82106 ns
[2024-02-22T02:01:41.369+0000][7][safepoint   ] Safepoint "Cleanup", Time since last: 6000541790 ns, Reaching safepoint: 91249 ns, At safepoint: 10338 ns, Total: 101587 ns
[2024-02-22T02:02:05.371+0000][7][safepoint   ] Safepoint "Cleanup", Time since last: 24002039865 ns, Reaching safepoint: 77981 ns, At safepoint: 4513 ns, Total: 82494 ns
[2024-02-22T02:02:12.372+0000][7][safepoint   ] Safepoint "Cleanup", Time since last: 7000632389 ns, Reaching safepoint: 70272 ns, At safepoint: 14797 ns, Total: 85069 ns
[2024-02-22T02:02:13.372+0000][7][safepoint   ] Safepoint "Cleanup", Time since last: 1000127814 ns, Reaching safepoint: 87476 ns, At safepoint: 12909 ns, Total: 100385 ns
[2024-02-22T02:02:24.373+0000][7][safepoint   ] Safepoint "Cleanup", Time since last: 11001058829 ns, Reaching safepoint: 101093 ns, At safepoint: 7804 ns, Total: 108897 ns
[2024-02-22T02:03:12.683+0000][7][safepoint   ] Safepoint "Cleanup", Time since last: 48309245347 ns, Reaching safepoint: 78753 ns, At safepoint: 7113 ns, Total: 85866 ns
[2024-02-22T02:03:41.686+0000][7][safepoint   ] Safepoint "Cleanup", Time since last: 29002964445 ns, Reaching safepoint: 87504 ns, At safepoint: 7758 ns, Total: 95262 ns
[2024-02-22T02:04:05.689+0000][7][safepoint   ] Safepoint "Cleanup", Time since last: 24002880407 ns, Reaching safepoint: 79810 ns, At safepoint: 11902 ns, Total: 91712 ns
[2024-02-22T02:04:19.690+0000][7][safepoint   ] Safepoint "Cleanup", Time since last: 14001426269 ns, Reaching safepoint: 105843 ns, At safepoint: 6835 ns, Total: 112678 ns
[2024-02-22T02:04:41.501+0000][7][gc,start    ] GC(31) Pause Young (Normal) (G1 Evacuation Pause)
[2024-02-22T02:04:41.501+0000][7][gc,task     ] GC(31) Using 8 workers of 8 for evacuation
[2024-02-22T02:04:41.501+0000][7][gc,age      ] GC(31) Desired survivor size 41943040 bytes, new threshold 15 (max threshold 15)
[2024-02-22T02:04:41.505+0000][7][gc,phases   ] GC(31)   Pre Evacuate Collection Set: 0.1ms
[2024-02-22T02:04:41.505+0000][7][gc,phases   ] GC(31)   Merge Heap Roots: 0.1ms
[2024-02-22T02:04:41.505+0000][7][gc,phases   ] GC(31)   Evacuate Collection Set: 2.2ms
[2024-02-22T02:04:41.505+0000][7][gc,phases   ] GC(31)   Post Evacuate Collection Set: 1.1ms
[2024-02-22T02:04:41.505+0000][7][gc,phases   ] GC(31)   Other: 0.1ms
[2024-02-22T02:04:41.505+0000][7][gc,age      ] GC(31) Age table with threshold 15 (max threshold 15)
[2024-02-22T02:04:41.505+0000][7][gc,age      ] GC(31) - age   1:    1452464 bytes,    1452464 total
[2024-02-22T02:04:41.505+0000][7][gc,age      ] GC(31) - age   2:       4368 bytes,    1456832 total
[2024-02-22T02:04:41.505+0000][7][gc,age      ] GC(31) - age   3:       8144 bytes,    1464976 total
[2024-02-22T02:04:41.505+0000][7][gc,age      ] GC(31) - age   4:       2704 bytes,    1467680 total
[2024-02-22T02:04:41.505+0000][7][gc,age      ] GC(31) - age   5:      34472 bytes,    1502152 total
[2024-02-22T02:04:41.505+0000][7][gc,age      ] GC(31) - age   6:      13328 bytes,    1515480 total
[2024-02-22T02:04:41.505+0000][7][gc,age      ] GC(31) - age   7:       7744 bytes,    1523224 total
[2024-02-22T02:04:41.505+0000][7][gc,age      ] GC(31) - age   8:      12544 bytes,    1535768 total
[2024-02-22T02:04:41.505+0000][7][gc,age      ] GC(31) - age   9:       6256 bytes,    1542024 total
[2024-02-22T02:04:41.505+0000][7][gc,age      ] GC(31) - age  10:      14792 bytes,    1556816 total
[2024-02-22T02:04:41.505+0000][7][gc,age      ] GC(31) - age  11:      33304 bytes,    1590120 total
[2024-02-22T02:04:41.505+0000][7][gc,age      ] GC(31) - age  12:       3248 bytes,    1593368 total
[2024-02-22T02:04:41.505+0000][7][gc,age      ] GC(31) - age  13:      25160 bytes,    1618528 total
[2024-02-22T02:04:41.505+0000][7][gc,age      ] GC(31) - age  14:      27448 bytes,    1645976 total
[2024-02-22T02:04:41.505+0000][7][gc,age      ] GC(31) - age  15:     275008 bytes,    1920984 total
[2024-02-22T02:04:41.505+0000][7][gc,heap     ] GC(31) Eden regions: 152->0(152)
[2024-02-22T02:04:41.505+0000][7][gc,heap     ] GC(31) Survivor regions: 1->1(20)
[2024-02-22T02:04:41.505+0000][7][gc,heap     ] GC(31) Old regions: 23->23
[2024-02-22T02:04:41.505+0000][7][gc,heap     ] GC(31) Archive regions: 2->2
[2024-02-22T02:04:41.505+0000][7][gc,heap     ] GC(31) Humongous regions: 0->0
[2024-02-22T02:04:41.505+0000][7][gc,metaspace] GC(31) Metaspace: 127498K(131072K)->127498K(131072K) NonClass: 110698K(112576K)->110698K(112576K) Class: 16800K(18496K)->16800K(18496K)
[2024-02-22T02:04:41.505+0000][7][gc          ] GC(31) Pause Young (Normal) (G1 Evacuation Pause) 704M->96M(1024M) 4.075ms
[2024-02-22T02:04:41.505+0000][7][gc,cpu      ] GC(31) User=0.02s Sys=0.01s Real=0.00s
[2024-02-22T02:04:41.505+0000][7][safepoint   ] Safepoint "G1CollectForAllocation", Time since last: 21810994187 ns, Reaching safepoint: 93643 ns, At safepoint: 4195250 ns, Total: 4288893 ns
[2024-02-22T02:05:04.508+0000][7][safepoint   ] Safepoint "Cleanup", Time since last: 23002096338 ns, Reaching safepoint: 97330 ns, At safepoint: 6930 ns, Total: 104260 ns
[2024-02-22T02:05:13.508+0000][7][safepoint   ] Safepoint "Cleanup", Time since last: 9000679026 ns, Reaching safepoint: 64264 ns, At safepoint: 9249 ns, Total: 73513 ns
[2024-02-22T02:05:29.510+0000][7][safepoint   ] Safepoint "Cleanup", Time since last: 16001443876 ns, Reaching safepoint: 83059 ns, At safepoint: 6477 ns, Total: 89536 ns
[2024-02-22T02:05:33.510+0000][7][safepoint   ] Safepoint "Cleanup", Time since last: 4000376697 ns, Reaching safepoint: 85103 ns, At safepoint: 10014 ns, Total: 95117 ns
[2024-02-22T02:05:41.511+0000][7][safepoint   ] Safepoint "Cleanup", Time since last: 8000810256 ns, Reaching safepoint: 112352 ns, At safepoint: 6518 ns, Total: 118870 ns
[2024-02-22T02:05:45.512+0000][7][safepoint   ] Safepoint "Cleanup", Time since last: 4000491388 ns, Reaching safepoint: 110533 ns, At safepoint: 8648 ns, Total: 119181 ns
[2024-02-22T02:05:47.512+0000][7][safepoint   ] Safepoint "Cleanup", Time since last: 2000175563 ns, Reaching safepoint: 74481 ns, At safepoint: 8893 ns, Total: 83374 ns
[2024-02-22T02:05:48.512+0000][7][safepoint   ] Safepoint "Cleanup", Time since last: 1000140917 ns, Reaching safepoint: 94332 ns, At safepoint: 12972 ns, Total: 107304 ns
[2024-02-22T02:05:50.513+0000][7][safepoint   ] Safepoint "Cleanup", Time since last: 2000290840 ns, Reaching safepoint: 160828 ns, At safepoint: 29981 ns, Total: 190809 ns
[2024-02-22T02:05:54.514+0000][7][safepoint   ] Safepoint "Cleanup", Time since last: 4000696449 ns, Reaching safepoint: 83510 ns, At safepoint: 14042 ns, Total: 97552 ns
[2024-02-22T02:05:59.514+0000][7][safepoint   ] Safepoint "Cleanup", Time since last: 5000617291 ns, Reaching safepoint: 74319 ns, At safepoint: 20320 ns, Total: 94639 ns
[2024-02-22T02:06:38.519+0000][7][safepoint   ] Safepoint "Cleanup", Time since last: 39003943525 ns, Reaching safepoint: 151356 ns, At safepoint: 10818 ns, Total: 162174 ns
[2024-02-22T02:06:39.519+0000][7][safepoint   ] Safepoint "Cleanup", Time since last: 1000248287 ns, Reaching safepoint: 94207 ns, At safepoint: 14555 ns, Total: 108762 ns
[2024-02-22T02:06:41.519+0000][7][safepoint   ] Safepoint "Cleanup", Time since last: 2000208384 ns, Reaching safepoint: 132390 ns, At safepoint: 6517 ns, Total: 138907 ns
[2024-02-22T02:06:54.521+0000][7][safepoint   ] Safepoint "Cleanup", Time since last: 13001322388 ns, Reaching safepoint: 79741 ns, At safepoint: 23552 ns, Total: 103293 ns
[2024-02-22T02:07:06.522+0000][7][safepoint   ] Safepoint "Cleanup", Time since last: 12001356929 ns, Reaching safepoint: 88658 ns, At safepoint: 7542 ns, Total: 96200 ns
[2024-02-22T02:07:29.525+0000][7][safepoint   ] Safepoint "Cleanup", Time since last: 23002609622 ns, Reaching safepoint: 53517 ns, At safepoint: 9984 ns, Total: 63501 ns
[2024-02-22T02:07:30.525+0000][7][safepoint   ] Safepoint "Cleanup", Time since last: 1000141410 ns, Reaching safepoint: 67970 ns, At safepoint: 8852 ns, Total: 76822 ns
[2024-02-22T02:07:33.525+0000][7][safepoint   ] Safepoint "Cleanup", Time since last: 3000281318 ns, Reaching safepoint: 104723 ns, At safepoint: 7772 ns, Total: 112495 ns
[2024-02-22T02:07:35.526+0000][7][safepoint   ] Safepoint "Cleanup", Time since last: 2000209605 ns, Reaching safepoint: 114319 ns, At safepoint: 9720 ns, Total: 124039 ns
[2024-02-22T02:07:41.526+0000][7][safepoint   ] Safepoint "Cleanup", Time since last: 6000540001 ns, Reaching safepoint: 81188 ns, At safepoint: 18838 ns, Total: 100026 ns
[2024-02-22T02:07:42.527+0000][7][safepoint   ] Safepoint "Cleanup", Time since last: 1000142267 ns, Reaching safepoint: 62281 ns, At safepoint: 22159 ns, Total: 84440 ns
[2024-02-22T02:07:53.528+0000][7][safepoint   ] Safepoint "Cleanup", Time since last: 11001002083 ns, Reaching safepoint: 76808 ns, At safepoint: 5264 ns, Total: 82072 ns
[2024-02-22T02:08:00.193+0000][7][gc,start    ] GC(32) Pause Young (Normal) (G1 Evacuation Pause)
[2024-02-22T02:08:00.193+0000][7][gc,task     ] GC(32) Using 8 workers of 8 for evacuation
[2024-02-22T02:08:00.193+0000][7][gc,age      ] GC(32) Desired survivor size 41943040 bytes, new threshold 15 (max threshold 15)
[2024-02-22T02:08:00.196+0000][7][gc,phases   ] GC(32)   Pre Evacuate Collection Set: 0.1ms
[2024-02-22T02:08:00.196+0000][7][gc,phases   ] GC(32)   Merge Heap Roots: 0.1ms
[2024-02-22T02:08:00.196+0000][7][gc,phases   ] GC(32)   Evacuate Collection Set: 1.9ms
[2024-02-22T02:08:00.196+0000][7][gc,phases   ] GC(32)   Post Evacuate Collection Set: 0.9ms
[2024-02-22T02:08:00.196+0000][7][gc,phases   ] GC(32)   Other: 0.1ms
[2024-02-22T02:08:00.196+0000][7][gc,age      ] GC(32) Age table with threshold 15 (max threshold 15)
[2024-02-22T02:08:00.196+0000][7][gc,age      ] GC(32) - age   1:    1288816 bytes,    1288816 total
[2024-02-22T02:08:00.196+0000][7][gc,age      ] GC(32) - age   2:       6448 bytes,    1295264 total
[2024-02-22T02:08:00.196+0000][7][gc,age      ] GC(32) - age   3:       2736 bytes,    1298000 total
[2024-02-22T02:08:00.196+0000][7][gc,age      ] GC(32) - age   4:       3680 bytes,    1301680 total
[2024-02-22T02:08:00.196+0000][7][gc,age      ] GC(32) - age   5:       2704 bytes,    1304384 total
[2024-02-22T02:08:00.196+0000][7][gc,age      ] GC(32) - age   6:      33896 bytes,    1338280 total
[2024-02-22T02:08:00.196+0000][7][gc,age      ] GC(32) - age   7:       5280 bytes,    1343560 total
[2024-02-22T02:08:00.196+0000][7][gc,age      ] GC(32) - age   8:       7744 bytes,    1351304 total
[2024-02-22T02:08:00.196+0000][7][gc,age      ] GC(32) - age   9:      12544 bytes,    1363848 total
[2024-02-22T02:08:00.196+0000][7][gc,age      ] GC(32) - age  10:       6256 bytes,    1370104 total
[2024-02-22T02:08:00.196+0000][7][gc,age      ] GC(32) - age  11:      14792 bytes,    1384896 total
[2024-02-22T02:08:00.196+0000][7][gc,age      ] GC(32) - age  12:      33048 bytes,    1417944 total
[2024-02-22T02:08:00.196+0000][7][gc,age      ] GC(32) - age  13:       3112 bytes,    1421056 total
[2024-02-22T02:08:00.196+0000][7][gc,age      ] GC(32) - age  14:      25144 bytes,    1446200 total
[2024-02-22T02:08:00.196+0000][7][gc,age      ] GC(32) - age  15:      27448 bytes,    1473648 total
[2024-02-22T02:08:00.196+0000][7][gc,heap     ] GC(32) Eden regions: 152->0(152)
[2024-02-22T02:08:00.196+0000][7][gc,heap     ] GC(32) Survivor regions: 1->1(20)
[2024-02-22T02:08:00.196+0000][7][gc,heap     ] GC(32) Old regions: 23->23
[2024-02-22T02:08:00.196+0000][7][gc,heap     ] GC(32) Archive regions: 2->2
[2024-02-22T02:08:00.196+0000][7][gc,heap     ] GC(32) Humongous regions: 0->0
[2024-02-22T02:08:00.196+0000][7][gc,metaspace] GC(32) Metaspace: 127538K(131072K)->127538K(131072K) NonClass: 110735K(112576K)->110735K(112576K) Class: 16802K(18496K)->16802K(18496K)
[2024-02-22T02:08:00.196+0000][7][gc          ] GC(32) Pause Young (Normal) (G1 Evacuation Pause) 704M->96M(1024M) 3.468ms
[2024-02-22T02:08:00.197+0000][7][gc,cpu      ] GC(32) User=0.02s Sys=0.00s Real=0.00s
[2024-02-22T02:08:00.197+0000][7][safepoint   ] Safepoint "G1CollectForAllocation", Time since last: 6665258233 ns, Reaching safepoint: 44067 ns, At safepoint: 3569050 ns, Total: 3613117 ns
[2024-02-22T02:08:06.197+0000][7][safepoint   ] Safepoint "Cleanup", Time since last: 6000526611 ns, Reaching safepoint: 68716 ns, At safepoint: 6083 ns, Total: 74799 ns
[2024-02-22T02:08:12.198+0000][7][safepoint   ] Safepoint "Cleanup", Time since last: 6001019053 ns, Reaching safepoint: 109055 ns, At safepoint: 18261 ns, Total: 127316 ns
[2024-02-22T02:08:19.199+0000][7][safepoint   ] Safepoint "Cleanup", Time since last: 7001052846 ns, Reaching safepoint: 60778 ns, At safepoint: 5304 ns, Total: 66082 ns
[2024-02-22T02:08:27.200+0000][7][safepoint   ] Safepoint "Cleanup", Time since last: 8000680516 ns, Reaching safepoint: 185283 ns, At safepoint: 16338 ns, Total: 201621 ns
[2024-02-22T02:08:36.202+0000][7][safepoint   ] Safepoint "Cleanup", Time since last: 9001149653 ns, Reaching safepoint: 132744 ns, At safepoint: 7862 ns, Total: 140606 ns
[2024-02-22T02:08:42.203+0000][7][safepoint   ] Safepoint "Cleanup", Time since last: 6000856788 ns, Reaching safepoint: 119739 ns, At safepoint: 10131 ns, Total: 129870 ns
[2024-02-22T02:08:43.203+0000][7][safepoint   ] Safepoint "Cleanup", Time since last: 1000152235 ns, Reaching safepoint: 56615 ns, At safepoint: 5836 ns, Total: 62451 ns
[2024-02-22T02:09:05.205+0000][7][safepoint   ] Safepoint "Cleanup", Time since last: 22002323534 ns, Reaching safepoint: 59195 ns, At safepoint: 8445 ns, Total: 67640 ns
[2024-02-22T02:09:25.207+0000][7][safepoint   ] Safepoint "Cleanup", Time since last: 20002139460 ns, Reaching safepoint: 64698 ns, At safepoint: 7890 ns, Total: 72588 ns
[2024-02-22T02:09:35.208+0000][7][safepoint   ] Safepoint "Cleanup", Time since last: 10000886837 ns, Reaching safepoint: 73784 ns, At safepoint: 5807 ns, Total: 79591 ns
[2024-02-22T02:09:42.209+0000][7][safepoint   ] Safepoint "Cleanup", Time since last: 7000702823 ns, Reaching safepoint: 113341 ns, At safepoint: 7357 ns, Total: 120698 ns
[2024-02-22T02:10:00.211+0000][7][safepoint   ] Safepoint "Cleanup", Time since last: 18001848976 ns, Reaching safepoint: 104557 ns, At safepoint: 7481 ns, Total: 112038 ns
[2024-02-22T02:10:06.212+0000][7][safepoint   ] Safepoint "Cleanup", Time since last: 6000878653 ns, Reaching safepoint: 71635 ns, At safepoint: 8079 ns, Total: 79714 ns
[2024-02-22T02:10:09.213+0000][7][safepoint   ] Safepoint "Cleanup", Time since last: 3000383574 ns, Reaching safepoint: 83141 ns, At safepoint: 7179 ns, Total: 90320 ns
[2024-02-22T02:10:19.214+0000][7][safepoint   ] Safepoint "Cleanup", Time since last: 10000898540 ns, Reaching safepoint: 93307 ns, At safepoint: 26346 ns, Total: 119653 ns
[2024-02-22T02:10:20.214+0000][7][safepoint   ] Safepoint "Cleanup", Time since last: 1000160493 ns, Reaching safepoint: 93249 ns, At safepoint: 16947 ns, Total: 110196 ns
[2024-02-22T02:10:24.214+0000][7][safepoint   ] Safepoint "Cleanup", Time since last: 4000477986 ns, Reaching safepoint: 104976 ns, At safepoint: 11980 ns, Total: 116956 ns
[2024-02-22T02:10:42.216+0000][7][safepoint   ] Safepoint "Cleanup", Time since last: 18001544096 ns, Reaching safepoint: 116162 ns, At safepoint: 22679 ns, Total: 138841 ns
[2024-02-22T02:10:48.217+0000][7][safepoint   ] Safepoint "Cleanup", Time since last: 6000572856 ns, Reaching safepoint: 73956 ns, At safepoint: 8973 ns, Total: 82929 ns
[2024-02-22T02:11:29.553+0000][7][gc,start    ] GC(33) Pause Young (Normal) (G1 Evacuation Pause)
[2024-02-22T02:11:29.553+0000][7][gc,task     ] GC(33) Using 8 workers of 8 for evacuation
[2024-02-22T02:11:29.553+0000][7][gc,age      ] GC(33) Desired survivor size 41943040 bytes, new threshold 15 (max threshold 15)
[2024-02-22T02:11:29.556+0000][7][gc,phases   ] GC(33)   Pre Evacuate Collection Set: 0.1ms
[2024-02-22T02:11:29.556+0000][7][gc,phases   ] GC(33)   Merge Heap Roots: 0.1ms
[2024-02-22T02:11:29.556+0000][7][gc,phases   ] GC(33)   Evacuate Collection Set: 2.4ms
[2024-02-22T02:11:29.556+0000][7][gc,phases   ] GC(33)   Post Evacuate Collection Set: 0.9ms
[2024-02-22T02:11:29.556+0000][7][gc,phases   ] GC(33)   Other: 0.1ms
[2024-02-22T02:11:29.556+0000][7][gc,age      ] GC(33) Age table with threshold 15 (max threshold 15)
[2024-02-22T02:11:29.556+0000][7][gc,age      ] GC(33) - age   1:    2031024 bytes,    2031024 total
[2024-02-22T02:11:29.556+0000][7][gc,age      ] GC(33) - age   2:     406904 bytes,    2437928 total
[2024-02-22T02:11:29.556+0000][7][gc,age      ] GC(33) - age   3:       5016 bytes,    2442944 total
[2024-02-22T02:11:29.556+0000][7][gc,age      ] GC(33) - age   4:       2736 bytes,    2445680 total
[2024-02-22T02:11:29.556+0000][7][gc,age      ] GC(33) - age   5:       3680 bytes,    2449360 total
[2024-02-22T02:11:29.556+0000][7][gc,age      ] GC(33) - age   6:       2704 bytes,    2452064 total
[2024-02-22T02:11:29.556+0000][7][gc,age      ] GC(33) - age   7:      33896 bytes,    2485960 total
[2024-02-22T02:11:29.556+0000][7][gc,age      ] GC(33) - age   8:       5280 bytes,    2491240 total
[2024-02-22T02:11:29.556+0000][7][gc,age      ] GC(33) - age   9:       7744 bytes,    2498984 total
[2024-02-22T02:11:29.556+0000][7][gc,age      ] GC(33) - age  10:      12544 bytes,    2511528 total
[2024-02-22T02:11:29.556+0000][7][gc,age      ] GC(33) - age  11:       6256 bytes,    2517784 total
[2024-02-22T02:11:29.556+0000][7][gc,age      ] GC(33) - age  12:      14792 bytes,    2532576 total
[2024-02-22T02:11:29.556+0000][7][gc,age      ] GC(33) - age  13:      33048 bytes,    2565624 total
[2024-02-22T02:11:29.556+0000][7][gc,age      ] GC(33) - age  14:       3112 bytes,    2568736 total
[2024-02-22T02:11:29.556+0000][7][gc,age      ] GC(33) - age  15:      25144 bytes,    2593880 total
[2024-02-22T02:11:29.556+0000][7][gc,heap     ] GC(33) Eden regions: 152->0(152)
[2024-02-22T02:11:29.556+0000][7][gc,heap     ] GC(33) Survivor regions: 1->1(20)
[2024-02-22T02:11:29.556+0000][7][gc,heap     ] GC(33) Old regions: 23->23
[2024-02-22T02:11:29.556+0000][7][gc,heap     ] GC(33) Archive regions: 2->2
[2024-02-22T02:11:29.557+0000][7][gc,heap     ] GC(33) Humongous regions: 0->0
[2024-02-22T02:11:29.557+0000][7][gc,metaspace] GC(33) Metaspace: 127569K(131136K)->127569K(131136K) NonClass: 110766K(112640K)->110766K(112640K) Class: 16802K(18496K)->16802K(18496K)
[2024-02-22T02:11:29.557+0000][7][gc          ] GC(33) Pause Young (Normal) (G1 Evacuation Pause) 704M->97M(1024M) 3.939ms
[2024-02-22T02:11:29.557+0000][7][gc,cpu      ] GC(33) User=0.02s Sys=0.00s Real=0.00s
[2024-02-22T02:11:29.557+0000][7][safepoint   ] Safepoint "G1CollectForAllocation", Time since last: 41335695359 ns, Reaching safepoint: 62978 ns, At safepoint: 4046738 ns, Total: 4109716 ns
[2024-02-22T02:11:36.557+0000][7][safepoint   ] Safepoint "Cleanup", Time since last: 7000678619 ns, Reaching safepoint: 68166 ns, At safepoint: 11548 ns, Total: 79714 ns
[2024-02-22T02:11:41.558+0000][7][safepoint   ] Safepoint "Cleanup", Time since last: 5000648791 ns, Reaching safepoint: 73663 ns, At safepoint: 5848 ns, Total: 79511 ns
[2024-02-22T02:11:42.558+0000][7][safepoint   ] Safepoint "Cleanup", Time since last: 1000139485 ns, Reaching safepoint: 67027 ns, At safepoint: 6570 ns, Total: 73597 ns
[2024-02-22T02:12:34.563+0000][7][safepoint   ] Safepoint "Cleanup", Time since last: 52004967271 ns, Reaching safepoint: 119930 ns, At safepoint: 11719 ns, Total: 131649 ns
[2024-02-22T02:12:59.566+0000][7][safepoint   ] Safepoint "Cleanup", Time since last: 25002323131 ns, Reaching safepoint: 126035 ns, At safepoint: 26393 ns, Total: 152428 ns
[2024-02-22T02:13:41.570+0000][7][safepoint   ] Safepoint "Cleanup", Time since last: 42004216344 ns, Reaching safepoint: 51944 ns, At safepoint: 5483 ns, Total: 57427 ns
[2024-02-22T02:13:59.572+0000][7][safepoint   ] Safepoint "Cleanup", Time since last: 18001983991 ns, Reaching safepoint: 117651 ns, At safepoint: 11179 ns, Total: 128830 ns
[2024-02-22T02:14:21.575+0000][7][safepoint   ] Safepoint "Cleanup", Time since last: 22001973858 ns, Reaching safepoint: 318554 ns, At safepoint: 5526 ns, Total: 324080 ns
[2024-02-22T02:14:44.577+0000][7][safepoint   ] Safepoint "Cleanup", Time since last: 23001964953 ns, Reaching safepoint: 58285 ns, At safepoint: 7346 ns, Total: 65631 ns
[2024-02-22T02:14:47.577+0000][7][safepoint   ] Safepoint "Cleanup", Time since last: 3000341822 ns, Reaching safepoint: 70726 ns, At safepoint: 7107 ns, Total: 77833 ns
[2024-02-22T02:14:50.578+0000][7][safepoint   ] Safepoint "Cleanup", Time since last: 3000432233 ns, Reaching safepoint: 56448 ns, At safepoint: 6209 ns, Total: 62657 ns
[2024-02-22T02:15:02.528+0000][7][gc,start    ] GC(34) Pause Young (Normal) (G1 Evacuation Pause)
[2024-02-22T02:15:02.528+0000][7][gc,task     ] GC(34) Using 8 workers of 8 for evacuation
[2024-02-22T02:15:02.528+0000][7][gc,age      ] GC(34) Desired survivor size 41943040 bytes, new threshold 15 (max threshold 15)
[2024-02-22T02:15:02.531+0000][7][gc,phases   ] GC(34)   Pre Evacuate Collection Set: 0.1ms
[2024-02-22T02:15:02.531+0000][7][gc,phases   ] GC(34)   Merge Heap Roots: 0.1ms
[2024-02-22T02:15:02.531+0000][7][gc,phases   ] GC(34)   Evacuate Collection Set: 1.7ms
[2024-02-22T02:15:02.531+0000][7][gc,phases   ] GC(34)   Post Evacuate Collection Set: 0.8ms
[2024-02-22T02:15:02.531+0000][7][gc,phases   ] GC(34)   Other: 0.1ms
[2024-02-22T02:15:02.531+0000][7][gc,age      ] GC(34) Age table with threshold 15 (max threshold 15)
[2024-02-22T02:15:02.531+0000][7][gc,age      ] GC(34) - age   1:    1756224 bytes,    1756224 total
[2024-02-22T02:15:02.531+0000][7][gc,age      ] GC(34) - age   2:       4552 bytes,    1760776 total
[2024-02-22T02:15:02.531+0000][7][gc,age      ] GC(34) - age   3:     296368 bytes,    2057144 total
[2024-02-22T02:15:02.531+0000][7][gc,age      ] GC(34) - age   4:       4952 bytes,    2062096 total
[2024-02-22T02:15:02.531+0000][7][gc,age      ] GC(34) - age   5:       2736 bytes,    2064832 total
[2024-02-22T02:15:02.531+0000][7][gc,age      ] GC(34) - age   6:       3680 bytes,    2068512 total
[2024-02-22T02:15:02.531+0000][7][gc,age      ] GC(34) - age   7:       2320 bytes,    2070832 total
[2024-02-22T02:15:02.531+0000][7][gc,age      ] GC(34) - age   8:      33896 bytes,    2104728 total
[2024-02-22T02:15:02.531+0000][7][gc,age      ] GC(34) - age   9:       5280 bytes,    2110008 total
[2024-02-22T02:15:02.531+0000][7][gc,age      ] GC(34) - age  10:       7560 bytes,    2117568 total
[2024-02-22T02:15:02.531+0000][7][gc,age      ] GC(34) - age  11:      12544 bytes,    2130112 total
[2024-02-22T02:15:02.531+0000][7][gc,age      ] GC(34) - age  12:       6256 bytes,    2136368 total
[2024-02-22T02:15:02.531+0000][7][gc,age      ] GC(34) - age  13:      14792 bytes,    2151160 total
[2024-02-22T02:15:02.531+0000][7][gc,age      ] GC(34) - age  14:      33048 bytes,    2184208 total
[2024-02-22T02:15:02.531+0000][7][gc,age      ] GC(34) - age  15:       3112 bytes,    2187320 total
[2024-02-22T02:15:02.531+0000][7][gc,heap     ] GC(34) Eden regions: 152->0(152)
[2024-02-22T02:15:02.531+0000][7][gc,heap     ] GC(34) Survivor regions: 1->1(20)
[2024-02-22T02:15:02.531+0000][7][gc,heap     ] GC(34) Old regions: 23->23
[2024-02-22T02:15:02.531+0000][7][gc,heap     ] GC(34) Archive regions: 2->2
[2024-02-22T02:15:02.531+0000][7][gc,heap     ] GC(34) Humongous regions: 0->0
[2024-02-22T02:15:02.531+0000][7][gc,metaspace] GC(34) Metaspace: 127580K(131136K)->127580K(131136K) NonClass: 110777K(112640K)->110777K(112640K) Class: 16802K(18496K)->16802K(18496K)
[2024-02-22T02:15:02.531+0000][7][gc          ] GC(34) Pause Young (Normal) (G1 Evacuation Pause) 705M->97M(1024M) 3.106ms
[2024-02-22T02:15:02.531+0000][7][gc,cpu      ] GC(34) User=0.01s Sys=0.00s Real=0.00s
[2024-02-22T02:15:02.531+0000][7][safepoint   ] Safepoint "G1CollectForAllocation", Time since last: 11950097370 ns, Reaching safepoint: 74406 ns, At safepoint: 3202345 ns, Total: 3276751 ns
[2024-02-22T02:15:03.531+0000][7][safepoint   ] Safepoint "Cleanup", Time since last: 1000183547 ns, Reaching safepoint: 76487 ns, At safepoint: 7726 ns, Total: 84213 ns
[2024-02-22T02:15:21.533+0000][7][safepoint   ] Safepoint "Cleanup", Time since last: 18001415851 ns, Reaching safepoint: 94490 ns, At safepoint: 7402 ns, Total: 101892 ns
[2024-02-22T02:15:24.533+0000][7][safepoint   ] Safepoint "Cleanup", Time since last: 3000296097 ns, Reaching safepoint: 60024 ns, At safepoint: 5478 ns, Total: 65502 ns
[2024-02-22T02:15:26.533+0000][7][safepoint   ] Safepoint "Cleanup", Time since last: 2000234998 ns, Reaching safepoint: 63469 ns, At safepoint: 8447 ns, Total: 71916 ns
[2024-02-22T02:15:30.534+0000][7][safepoint   ] Safepoint "Cleanup", Time since last: 4000373334 ns, Reaching safepoint: 60023 ns, At safepoint: 4755 ns, Total: 64778 ns
[2024-02-22T02:15:34.534+0000][7][safepoint   ] Safepoint "Cleanup", Time since last: 4000404531 ns, Reaching safepoint: 58724 ns, At safepoint: 6447 ns, Total: 65171 ns
[2024-02-22T02:15:41.535+0000][7][safepoint   ] Safepoint "Cleanup", Time since last: 7000995736 ns, Reaching safepoint: 41042 ns, At safepoint: 10434 ns, Total: 51476 ns
[2024-02-22T02:15:48.536+0000][7][safepoint   ] Safepoint "Cleanup", Time since last: 7000773389 ns, Reaching safepoint: 75164 ns, At safepoint: 11189 ns, Total: 86353 ns
[2024-02-22T02:15:54.998+0000][7][safepoint   ] Safepoint "Cleanup", Time since last: 6461905542 ns, Reaching safepoint: 74893 ns, At safepoint: 6398 ns, Total: 81291 ns
[2024-02-22T02:16:30.001+0000][7][safepoint   ] Safepoint "Cleanup", Time since last: 35003224314 ns, Reaching safepoint: 99483 ns, At safepoint: 6668 ns, Total: 106151 ns
[2024-02-22T02:16:42.003+0000][7][safepoint   ] Safepoint "Cleanup", Time since last: 12001210414 ns, Reaching safepoint: 67791 ns, At safepoint: 7397 ns, Total: 75188 ns
[2024-02-22T02:17:18.006+0000][7][safepoint   ] Safepoint "Cleanup", Time since last: 36003115690 ns, Reaching safepoint: 149197 ns, At safepoint: 8132 ns, Total: 157329 ns
[2024-02-22T02:17:42.008+0000][7][safepoint   ] Safepoint "Cleanup", Time since last: 24002026506 ns, Reaching safepoint: 132319 ns, At safepoint: 23644 ns, Total: 155963 ns
[2024-02-22T02:17:48.009+0000][7][safepoint   ] Safepoint "Cleanup", Time since last: 6000562426 ns, Reaching safepoint: 184103 ns, At safepoint: 29773 ns, Total: 213876 ns
[2024-02-22T02:18:12.011+0000][7][safepoint   ] Safepoint "Cleanup", Time since last: 24002284444 ns, Reaching safepoint: 139427 ns, At safepoint: 11294 ns, Total: 150721 ns
[2024-02-22T02:18:18.012+0000][7][safepoint   ] Safepoint "Cleanup", Time since last: 6000571721 ns, Reaching safepoint: 96707 ns, At safepoint: 23711 ns, Total: 120418 ns
[2024-02-22T02:18:22.013+0000][7][safepoint   ] Safepoint "Cleanup", Time since last: 4000362174 ns, Reaching safepoint: 47204 ns, At safepoint: 12281 ns, Total: 59485 ns
[2024-02-22T02:18:30.404+0000][7][gc,start    ] GC(35) Pause Young (Normal) (G1 Evacuation Pause)
[2024-02-22T02:18:30.404+0000][7][gc,task     ] GC(35) Using 8 workers of 8 for evacuation
[2024-02-22T02:18:30.404+0000][7][gc,age      ] GC(35) Desired survivor size 41943040 bytes, new threshold 15 (max threshold 15)
[2024-02-22T02:18:30.406+0000][7][gc,phases   ] GC(35)   Pre Evacuate Collection Set: 0.1ms
[2024-02-22T02:18:30.406+0000][7][gc,phases   ] GC(35)   Merge Heap Roots: 0.1ms
[2024-02-22T02:18:30.406+0000][7][gc,phases   ] GC(35)   Evacuate Collection Set: 1.5ms
[2024-02-22T02:18:30.406+0000][7][gc,phases   ] GC(35)   Post Evacuate Collection Set: 0.7ms
[2024-02-22T02:18:30.406+0000][7][gc,phases   ] GC(35)   Other: 0.1ms
[2024-02-22T02:18:30.406+0000][7][gc,age      ] GC(35) Age table with threshold 15 (max threshold 15)
[2024-02-22T02:18:30.406+0000][7][gc,age      ] GC(35) - age   1:     850544 bytes,     850544 total
[2024-02-22T02:18:30.406+0000][7][gc,age      ] GC(35) - age   2:     186440 bytes,    1036984 total
[2024-02-22T02:18:30.406+0000][7][gc,age      ] GC(35) - age   3:       2112 bytes,    1039096 total
[2024-02-22T02:18:30.406+0000][7][gc,age      ] GC(35) - age   4:     291752 bytes,    1330848 total
[2024-02-22T02:18:30.406+0000][7][gc,age      ] GC(35) - age   5:       4952 bytes,    1335800 total
[2024-02-22T02:18:30.406+0000][7][gc,age      ] GC(35) - age   6:       2736 bytes,    1338536 total
[2024-02-22T02:18:30.406+0000][7][gc,age      ] GC(35) - age   7:       3648 bytes,    1342184 total
[2024-02-22T02:18:30.406+0000][7][gc,age      ] GC(35) - age   8:       2136 bytes,    1344320 total
[2024-02-22T02:18:30.406+0000][7][gc,age      ] GC(35) - age   9:      33896 bytes,    1378216 total
[2024-02-22T02:18:30.406+0000][7][gc,age      ] GC(35) - age  10:       5280 bytes,    1383496 total
[2024-02-22T02:18:30.406+0000][7][gc,age      ] GC(35) - age  11:       7560 bytes,    1391056 total
[2024-02-22T02:18:30.406+0000][7][gc,age      ] GC(35) - age  12:      12544 bytes,    1403600 total
[2024-02-22T02:18:30.406+0000][7][gc,age      ] GC(35) - age  13:       6256 bytes,    1409856 total
[2024-02-22T02:18:30.406+0000][7][gc,age      ] GC(35) - age  14:      14792 bytes,    1424648 total
[2024-02-22T02:18:30.406+0000][7][gc,age      ] GC(35) - age  15:      33048 bytes,    1457696 total
[2024-02-22T02:18:30.406+0000][7][gc,heap     ] GC(35) Eden regions: 152->0(152)
[2024-02-22T02:18:30.406+0000][7][gc,heap     ] GC(35) Survivor regions: 1->1(20)
[2024-02-22T02:18:30.406+0000][7][gc,heap     ] GC(35) Old regions: 23->23
[2024-02-22T02:18:30.406+0000][7][gc,heap     ] GC(35) Archive regions: 2->2
[2024-02-22T02:18:30.406+0000][7][gc,heap     ] GC(35) Humongous regions: 0->0
[2024-02-22T02:18:30.406+0000][7][gc,metaspace] GC(35) Metaspace: 127602K(131136K)->127602K(131136K) NonClass: 110799K(112640K)->110799K(112640K) Class: 16802K(18496K)->16802K(18496K)
[2024-02-22T02:18:30.406+0000][7][gc          ] GC(35) Pause Young (Normal) (G1 Evacuation Pause) 705M->96M(1024M) 2.867ms
[2024-02-22T02:18:30.406+0000][7][gc,cpu      ] GC(35) User=0.01s Sys=0.00s Real=0.00s
[2024-02-22T02:18:30.406+0000][7][safepoint   ] Safepoint "G1CollectForAllocation", Time since last: 8390891262 ns, Reaching safepoint: 83603 ns, At safepoint: 2976942 ns, Total: 3060545 ns
[2024-02-22T02:19:21.412+0000][7][safepoint   ] Safepoint "Cleanup", Time since last: 51005496215 ns, Reaching safepoint: 119752 ns, At safepoint: 9337 ns, Total: 129089 ns
[2024-02-22T02:19:30.413+0000][7][safepoint   ] Safepoint "Cleanup", Time since last: 9000865432 ns, Reaching safepoint: 74190 ns, At safepoint: 7485 ns, Total: 81675 ns
[2024-02-22T02:19:41.414+0000][7][safepoint   ] Safepoint "Cleanup", Time since last: 11001146560 ns, Reaching safepoint: 75298 ns, At safepoint: 6566 ns, Total: 81864 ns
[2024-02-22T02:19:55.416+0000][7][safepoint   ] Safepoint "Cleanup", Time since last: 14001287045 ns, Reaching safepoint: 75040 ns, At safepoint: 6433 ns, Total: 81473 ns
[2024-02-22T02:20:07.417+0000][7][safepoint   ] Safepoint "Cleanup", Time since last: 12001042980 ns, Reaching safepoint: 73201 ns, At safepoint: 10846 ns, Total: 84047 ns
[2024-02-22T02:20:21.418+0000][7][safepoint   ] Safepoint "Cleanup", Time since last: 14001409452 ns, Reaching safepoint: 85744 ns, At safepoint: 9961 ns, Total: 95705 ns
[2024-02-22T02:20:27.419+0000][7][safepoint   ] Safepoint "Cleanup", Time since last: 6000563974 ns, Reaching safepoint: 106410 ns, At safepoint: 11921 ns, Total: 118331 ns
[2024-02-22T02:20:36.420+0000][7][safepoint   ] Safepoint "Cleanup", Time since last: 9001038930 ns, Reaching safepoint: 68947 ns, At safepoint: 8361 ns, Total: 77308 ns
[2024-02-22T02:20:41.421+0000][7][safepoint   ] Safepoint "Cleanup", Time since last: 5000500414 ns, Reaching safepoint: 85444 ns, At safepoint: 5973 ns, Total: 91417 ns
[2024-02-22T02:21:06.423+0000][7][safepoint   ] Safepoint "Cleanup", Time since last: 25002415012 ns, Reaching safepoint: 67891 ns, At safepoint: 7639 ns, Total: 75530 ns
[2024-02-22T02:21:12.424+0000][7][safepoint   ] Safepoint "Cleanup", Time since last: 6000662699 ns, Reaching safepoint: 94073 ns, At safepoint: 6546 ns, Total: 100619 ns
[2024-02-22T02:21:18.425+0000][7][safepoint   ] Safepoint "Cleanup", Time since last: 6000511375 ns, Reaching safepoint: 61364 ns, At safepoint: 6243 ns, Total: 67607 ns
[2024-02-22T02:21:24.425+0000][7][safepoint   ] Safepoint "Cleanup", Time since last: 6000564903 ns, Reaching safepoint: 59971 ns, At safepoint: 6873 ns, Total: 66844 ns
[2024-02-22T02:21:35.427+0000][7][safepoint   ] Safepoint "Cleanup", Time since last: 11001449511 ns, Reaching safepoint: 86516 ns, At safepoint: 6184 ns, Total: 92700 ns
[2024-02-22T02:21:41.427+0000][7][safepoint   ] Safepoint "Cleanup", Time since last: 6000613665 ns, Reaching safepoint: 120170 ns, At safepoint: 7593 ns, Total: 127763 ns
[2024-02-22T02:21:53.560+0000][7][gc,start    ] GC(36) Pause Young (Normal) (G1 Evacuation Pause)
[2024-02-22T02:21:53.560+0000][7][gc,task     ] GC(36) Using 8 workers of 8 for evacuation
[2024-02-22T02:21:53.560+0000][7][gc,age      ] GC(36) Desired survivor size 41943040 bytes, new threshold 15 (max threshold 15)
[2024-02-22T02:21:53.563+0000][7][gc,phases   ] GC(36)   Pre Evacuate Collection Set: 0.1ms
[2024-02-22T02:21:53.563+0000][7][gc,phases   ] GC(36)   Merge Heap Roots: 0.1ms
[2024-02-22T02:21:53.563+0000][7][gc,phases   ] GC(36)   Evacuate Collection Set: 1.9ms
[2024-02-22T02:21:53.563+0000][7][gc,phases   ] GC(36)   Post Evacuate Collection Set: 0.9ms
[2024-02-22T02:21:53.563+0000][7][gc,phases   ] GC(36)   Other: 0.1ms
[2024-02-22T02:21:53.563+0000][7][gc,age      ] GC(36) Age table with threshold 15 (max threshold 15)
[2024-02-22T02:21:53.563+0000][7][gc,age      ] GC(36) - age   1:     660312 bytes,     660312 total
[2024-02-22T02:21:53.563+0000][7][gc,age      ] GC(36) - age   2:      33272 bytes,     693584 total
[2024-02-22T02:21:53.563+0000][7][gc,age      ] GC(36) - age   3:     184432 bytes,     878016 total
[2024-02-22T02:21:53.563+0000][7][gc,age      ] GC(36) - age   4:       2112 bytes,     880128 total
[2024-02-22T02:21:53.563+0000][7][gc,age      ] GC(36) - age   5:     291360 bytes,    1171488 total
[2024-02-22T02:21:53.563+0000][7][gc,age      ] GC(36) - age   6:       4952 bytes,    1176440 total
[2024-02-22T02:21:53.563+0000][7][gc,age      ] GC(36) - age   7:       2736 bytes,    1179176 total
[2024-02-22T02:21:53.563+0000][7][gc,age      ] GC(36) - age   8:       3648 bytes,    1182824 total
[2024-02-22T02:21:53.563+0000][7][gc,age      ] GC(36) - age   9:       2136 bytes,    1184960 total
[2024-02-22T02:21:53.563+0000][7][gc,age      ] GC(36) - age  10:      33896 bytes,    1218856 total
[2024-02-22T02:21:53.563+0000][7][gc,age      ] GC(36) - age  11:       5280 bytes,    1224136 total
[2024-02-22T02:21:53.563+0000][7][gc,age      ] GC(36) - age  12:       7560 bytes,    1231696 total
[2024-02-22T02:21:53.563+0000][7][gc,age      ] GC(36) - age  13:      12544 bytes,    1244240 total
[2024-02-22T02:21:53.563+0000][7][gc,age      ] GC(36) - age  14:       6256 bytes,    1250496 total
[2024-02-22T02:21:53.563+0000][7][gc,age      ] GC(36) - age  15:      14792 bytes,    1265288 total
[2024-02-22T02:21:53.563+0000][7][gc,heap     ] GC(36) Eden regions: 152->0(152)
[2024-02-22T02:21:53.563+0000][7][gc,heap     ] GC(36) Survivor regions: 1->1(20)
[2024-02-22T02:21:53.563+0000][7][gc,heap     ] GC(36) Old regions: 23->23
[2024-02-22T02:21:53.563+0000][7][gc,heap     ] GC(36) Archive regions: 2->2
[2024-02-22T02:21:53.563+0000][7][gc,heap     ] GC(36) Humongous regions: 0->0
[2024-02-22T02:21:53.563+0000][7][gc,metaspace] GC(36) Metaspace: 127629K(131200K)->127629K(131200K) NonClass: 110827K(112704K)->110827K(112704K) Class: 16802K(18496K)->16802K(18496K)
[2024-02-22T02:21:53.563+0000][7][gc          ] GC(36) Pause Young (Normal) (G1 Evacuation Pause) 704M->96M(1024M) 3.702ms
[2024-02-22T02:21:53.563+0000][7][gc,cpu      ] GC(36) User=0.02s Sys=0.00s Real=0.01s
[2024-02-22T02:21:53.563+0000][7][safepoint   ] Safepoint "G1CollectForAllocation", Time since last: 12131995495 ns, Reaching safepoint: 71843 ns, At safepoint: 3908230 ns, Total: 3980073 ns
[2024-02-22T02:22:12.565+0000][7][safepoint   ] Safepoint "Cleanup", Time since last: 19001676831 ns, Reaching safepoint: 89660 ns, At safepoint: 8909 ns, Total: 98569 ns
[2024-02-22T02:22:56.569+0000][7][safepoint   ] Safepoint "Cleanup", Time since last: 44004208625 ns, Reaching safepoint: 76149 ns, At safepoint: 4457 ns, Total: 80606 ns
[2024-02-22T02:23:11.571+0000][7][safepoint   ] Safepoint "Cleanup", Time since last: 15001308913 ns, Reaching safepoint: 68631 ns, At safepoint: 10710 ns, Total: 79341 ns
[2024-02-22T02:23:30.573+0000][7][safepoint   ] Safepoint "Cleanup", Time since last: 19001679673 ns, Reaching safepoint: 82405 ns, At safepoint: 8726 ns, Total: 91131 ns
[2024-02-22T02:23:41.574+0000][7][safepoint   ] Safepoint "Cleanup", Time since last: 11001004600 ns, Reaching safepoint: 209233 ns, At safepoint: 19337 ns, Total: 228570 ns
[2024-02-22T02:23:48.575+0000][7][safepoint   ] Safepoint "Cleanup", Time since last: 7000836782 ns, Reaching safepoint: 91852 ns, At safepoint: 8494 ns, Total: 100346 ns
[2024-02-22T02:24:32.583+0000][7][safepoint   ] Safepoint "Cleanup", Time since last: 44007846783 ns, Reaching safepoint: 103416 ns, At safepoint: 18027 ns, Total: 121443 ns
[2024-02-22T02:24:35.583+0000][7][safepoint   ] Safepoint "Cleanup", Time since last: 3000299312 ns, Reaching safepoint: 94121 ns, At safepoint: 6594 ns, Total: 100715 ns
[2024-02-22T02:24:41.584+0000][7][safepoint   ] Safepoint "Cleanup", Time since last: 6000558042 ns, Reaching safepoint: 48572 ns, At safepoint: 4685 ns, Total: 53257 ns
[2024-02-22T02:24:47.584+0000][7][safepoint   ] Safepoint "Cleanup", Time since last: 6000507833 ns, Reaching safepoint: 92526 ns, At safepoint: 5850 ns, Total: 98376 ns
[2024-02-22T02:24:48.585+0000][7][safepoint   ] Safepoint "Cleanup", Time since last: 1000133294 ns, Reaching safepoint: 72780 ns, At safepoint: 5645 ns, Total: 78425 ns
[2024-02-22T02:25:00.586+0000][7][safepoint   ] Safepoint "Cleanup", Time since last: 12001132717 ns, Reaching safepoint: 113669 ns, At safepoint: 15501 ns, Total: 129170 ns
[2024-02-22T02:25:11.587+0000][7][safepoint   ] Safepoint "Cleanup", Time since last: 11001075739 ns, Reaching safepoint: 129016 ns, At safepoint: 7797 ns, Total: 136813 ns
[2024-02-22T02:25:32.545+0000][7][gc,start    ] GC(37) Pause Young (Normal) (G1 Evacuation Pause)
[2024-02-22T02:25:32.545+0000][7][gc,task     ] GC(37) Using 8 workers of 8 for evacuation
[2024-02-22T02:25:32.545+0000][7][gc,age      ] GC(37) Desired survivor size 41943040 bytes, new threshold 15 (max threshold 15)
[2024-02-22T02:25:32.548+0000][7][gc,phases   ] GC(37)   Pre Evacuate Collection Set: 0.1ms
[2024-02-22T02:25:32.548+0000][7][gc,phases   ] GC(37)   Merge Heap Roots: 0.1ms
[2024-02-22T02:25:32.548+0000][7][gc,phases   ] GC(37)   Evacuate Collection Set: 2.0ms
[2024-02-22T02:25:32.548+0000][7][gc,phases   ] GC(37)   Post Evacuate Collection Set: 0.8ms
[2024-02-22T02:25:32.548+0000][7][gc,phases   ] GC(37)   Other: 0.1ms
[2024-02-22T02:25:32.548+0000][7][gc,age      ] GC(37) Age table with threshold 15 (max threshold 15)
[2024-02-22T02:25:32.548+0000][7][gc,age      ] GC(37) - age   1:    1331576 bytes,    1331576 total
[2024-02-22T02:25:32.548+0000][7][gc,age      ] GC(37) - age   2:       3560 bytes,    1335136 total
[2024-02-22T02:25:32.548+0000][7][gc,age      ] GC(37) - age   3:      31912 bytes,    1367048 total
[2024-02-22T02:25:32.548+0000][7][gc,age      ] GC(37) - age   4:     184368 bytes,    1551416 total
[2024-02-22T02:25:32.548+0000][7][gc,age      ] GC(37) - age   5:       1928 bytes,    1553344 total
[2024-02-22T02:25:32.548+0000][7][gc,age      ] GC(37) - age   6:     258224 bytes,    1811568 total
[2024-02-22T02:25:32.548+0000][7][gc,age      ] GC(37) - age   7:       4952 bytes,    1816520 total
[2024-02-22T02:25:32.548+0000][7][gc,age      ] GC(37) - age   8:       2736 bytes,    1819256 total
[2024-02-22T02:25:32.548+0000][7][gc,age      ] GC(37) - age   9:       3648 bytes,    1822904 total
[2024-02-22T02:25:32.548+0000][7][gc,age      ] GC(37) - age  10:       2136 bytes,    1825040 total
[2024-02-22T02:25:32.548+0000][7][gc,age      ] GC(37) - age  11:      33896 bytes,    1858936 total
[2024-02-22T02:25:32.548+0000][7][gc,age      ] GC(37) - age  12:       5280 bytes,    1864216 total
[2024-02-22T02:25:32.548+0000][7][gc,age      ] GC(37) - age  13:       7560 bytes,    1871776 total
[2024-02-22T02:25:32.548+0000][7][gc,age      ] GC(37) - age  14:      12544 bytes,    1884320 total
[2024-02-22T02:25:32.548+0000][7][gc,age      ] GC(37) - age  15:       6256 bytes,    1890576 total
[2024-02-22T02:25:32.548+0000][7][gc,heap     ] GC(37) Eden regions: 152->0(152)
[2024-02-22T02:25:32.548+0000][7][gc,heap     ] GC(37) Survivor regions: 1->1(20)
[2024-02-22T02:25:32.548+0000][7][gc,heap     ] GC(37) Old regions: 23->23
[2024-02-22T02:25:32.548+0000][7][gc,heap     ] GC(37) Archive regions: 2->2
[2024-02-22T02:25:32.548+0000][7][gc,heap     ] GC(37) Humongous regions: 0->0
[2024-02-22T02:25:32.548+0000][7][gc,metaspace] GC(37) Metaspace: 127641K(131200K)->127641K(131200K) NonClass: 110838K(112704K)->110838K(112704K) Class: 16802K(18496K)->16802K(18496K)
[2024-02-22T02:25:32.548+0000][7][gc          ] GC(37) Pause Young (Normal) (G1 Evacuation Pause) 704M->96M(1024M) 3.489ms
[2024-02-22T02:25:32.548+0000][7][gc,cpu      ] GC(37) User=0.01s Sys=0.00s Real=0.01s
[2024-02-22T02:25:32.548+0000][7][safepoint   ] Safepoint "G1CollectForAllocation", Time since last: 20957706016 ns, Reaching safepoint: 89549 ns, At safepoint: 3595146 ns, Total: 3684695 ns
[2024-02-22T02:26:24.553+0000][7][safepoint   ] Safepoint "Cleanup", Time since last: 52004556404 ns, Reaching safepoint: 97789 ns, At safepoint: 12671 ns, Total: 110460 ns
[2024-02-22T02:26:41.555+0000][7][safepoint   ] Safepoint "Cleanup", Time since last: 17001713860 ns, Reaching safepoint: 137252 ns, At safepoint: 7018 ns, Total: 144270 ns
[2024-02-22T02:26:54.556+0000][7][safepoint   ] Safepoint "Cleanup", Time since last: 13001024646 ns, Reaching safepoint: 120632 ns, At safepoint: 10460 ns, Total: 131092 ns
[2024-02-22T02:27:12.558+0000][7][safepoint   ] Safepoint "Cleanup", Time since last: 18001599594 ns, Reaching safepoint: 89253 ns, At safepoint: 35487 ns, Total: 124740 ns
[2024-02-22T02:27:41.560+0000][7][safepoint   ] Safepoint "Cleanup", Time since last: 29002393269 ns, Reaching safepoint: 56475 ns, At safepoint: 5932 ns, Total: 62407 ns
[2024-02-22T02:28:12.563+0000][7][safepoint   ] Safepoint "Cleanup", Time since last: 31002814804 ns, Reaching safepoint: 68970 ns, At safepoint: 8621 ns, Total: 77591 ns
[2024-02-22T02:28:37.566+0000][7][safepoint   ] Safepoint "Cleanup", Time since last: 25002625388 ns, Reaching safepoint: 58055 ns, At safepoint: 12650 ns, Total: 70705 ns
[2024-02-22T02:28:41.567+0000][7][safepoint   ] Safepoint "Cleanup", Time since last: 4000486784 ns, Reaching safepoint: 139833 ns, At safepoint: 21494 ns, Total: 161327 ns
[2024-02-22T02:28:49.567+0000][7][safepoint   ] Safepoint "Cleanup", Time since last: 8000730584 ns, Reaching safepoint: 79066 ns, At safepoint: 5872 ns, Total: 84938 ns
[2024-02-22T02:28:59.573+0000][7][gc,start    ] GC(38) Pause Young (Normal) (G1 Evacuation Pause)
[2024-02-22T02:28:59.573+0000][7][gc,task     ] GC(38) Using 8 workers of 8 for evacuation
[2024-02-22T02:28:59.573+0000][7][gc,age      ] GC(38) Desired survivor size 41943040 bytes, new threshold 15 (max threshold 15)
[2024-02-22T02:28:59.575+0000][7][gc,phases   ] GC(38)   Pre Evacuate Collection Set: 0.1ms
[2024-02-22T02:28:59.575+0000][7][gc,phases   ] GC(38)   Merge Heap Roots: 0.1ms
[2024-02-22T02:28:59.575+0000][7][gc,phases   ] GC(38)   Evacuate Collection Set: 1.4ms
[2024-02-22T02:28:59.575+0000][7][gc,phases   ] GC(38)   Post Evacuate Collection Set: 0.7ms
[2024-02-22T02:28:59.576+0000][7][gc,phases   ] GC(38)   Other: 0.1ms
[2024-02-22T02:28:59.576+0000][7][gc,age      ] GC(38) Age table with threshold 15 (max threshold 15)
[2024-02-22T02:28:59.576+0000][7][gc,age      ] GC(38) - age   1:     799544 bytes,     799544 total
[2024-02-22T02:28:59.576+0000][7][gc,age      ] GC(38) - age   2:       3528 bytes,     803072 total
[2024-02-22T02:28:59.576+0000][7][gc,age      ] GC(38) - age   3:       2568 bytes,     805640 total
[2024-02-22T02:28:59.576+0000][7][gc,age      ] GC(38) - age   4:      27720 bytes,     833360 total
[2024-02-22T02:28:59.576+0000][7][gc,age      ] GC(38) - age   5:     184368 bytes,    1017728 total
[2024-02-22T02:28:59.576+0000][7][gc,age      ] GC(38) - age   6:       1896 bytes,    1019624 total
[2024-02-22T02:28:59.576+0000][7][gc,age      ] GC(38) - age   7:     258008 bytes,    1277632 total
[2024-02-22T02:28:59.576+0000][7][gc,age      ] GC(38) - age   8:       4952 bytes,    1282584 total
[2024-02-22T02:28:59.576+0000][7][gc,age      ] GC(38) - age   9:       2736 bytes,    1285320 total
[2024-02-22T02:28:59.576+0000][7][gc,age      ] GC(38) - age  10:       3648 bytes,    1288968 total
[2024-02-22T02:28:59.576+0000][7][gc,age      ] GC(38) - age  11:       2136 bytes,    1291104 total
[2024-02-22T02:28:59.576+0000][7][gc,age      ] GC(38) - age  12:      33896 bytes,    1325000 total
[2024-02-22T02:28:59.576+0000][7][gc,age      ] GC(38) - age  13:       5280 bytes,    1330280 total
[2024-02-22T02:28:59.576+0000][7][gc,age      ] GC(38) - age  14:       7560 bytes,    1337840 total
[2024-02-22T02:28:59.576+0000][7][gc,age      ] GC(38) - age  15:      12544 bytes,    1350384 total
[2024-02-22T02:28:59.576+0000][7][gc,heap     ] GC(38) Eden regions: 152->0(152)
[2024-02-22T02:28:59.576+0000][7][gc,heap     ] GC(38) Survivor regions: 1->1(20)
[2024-02-22T02:28:59.576+0000][7][gc,heap     ] GC(38) Old regions: 23->23
[2024-02-22T02:28:59.576+0000][7][gc,heap     ] GC(38) Archive regions: 2->2
[2024-02-22T02:28:59.576+0000][7][gc,heap     ] GC(38) Humongous regions: 0->0
[2024-02-22T02:28:59.576+0000][7][gc,metaspace] GC(38) Metaspace: 127650K(131200K)->127650K(131200K) NonClass: 110848K(112704K)->110848K(112704K) Class: 16802K(18496K)->16802K(18496K)
[2024-02-22T02:28:59.576+0000][7][gc          ] GC(38) Pause Young (Normal) (G1 Evacuation Pause) 704M->96M(1024M) 2.830ms
[2024-02-22T02:28:59.576+0000][7][gc,cpu      ] GC(38) User=0.02s Sys=0.00s Real=0.00s
[2024-02-22T02:28:59.576+0000][7][safepoint   ] Safepoint "G1CollectForAllocation", Time since last: 10005347920 ns, Reaching safepoint: 84853 ns, At safepoint: 2957156 ns, Total: 3042009 ns
[2024-02-22T02:29:35.579+0000][7][safepoint   ] Safepoint "Cleanup", Time since last: 36003114603 ns, Reaching safepoint: 132137 ns, At safepoint: 5965 ns, Total: 138102 ns
[2024-02-22T02:29:41.580+0000][7][safepoint   ] Safepoint "Cleanup", Time since last: 6000563114 ns, Reaching safepoint: 165044 ns, At safepoint: 12149 ns, Total: 177193 ns
[2024-02-22T02:30:35.585+0000][7][safepoint   ] Safepoint "Cleanup", Time since last: 54005443256 ns, Reaching safepoint: 137774 ns, At safepoint: 36315 ns, Total: 174089 ns
[2024-02-22T02:31:41.592+0000][7][safepoint   ] Safepoint "Cleanup", Time since last: 66005892136 ns, Reaching safepoint: 234823 ns, At safepoint: 18843 ns, Total: 253666 ns
[2024-02-22T02:31:59.593+0000][7][safepoint   ] Safepoint "Cleanup", Time since last: 18001586191 ns, Reaching safepoint: 85725 ns, At safepoint: 8760 ns, Total: 94485 ns
[2024-02-22T02:32:06.594+0000][7][safepoint   ] Safepoint "Cleanup", Time since last: 7000681072 ns, Reaching safepoint: 123313 ns, At safepoint: 9680 ns, Total: 132993 ns
[2024-02-22T02:32:17.595+0000][7][gc,start    ] GC(39) Pause Young (Normal) (G1 Evacuation Pause)
[2024-02-22T02:32:17.595+0000][7][gc,task     ] GC(39) Using 8 workers of 8 for evacuation
[2024-02-22T02:32:17.595+0000][7][gc,age      ] GC(39) Desired survivor size 41943040 bytes, new threshold 15 (max threshold 15)
[2024-02-22T02:32:17.598+0000][7][gc,phases   ] GC(39)   Pre Evacuate Collection Set: 0.1ms
[2024-02-22T02:32:17.598+0000][7][gc,phases   ] GC(39)   Merge Heap Roots: 0.1ms
[2024-02-22T02:32:17.598+0000][7][gc,phases   ] GC(39)   Evacuate Collection Set: 1.3ms
[2024-02-22T02:32:17.598+0000][7][gc,phases   ] GC(39)   Post Evacuate Collection Set: 0.8ms
[2024-02-22T02:32:17.598+0000][7][gc,phases   ] GC(39)   Other: 0.1ms
[2024-02-22T02:32:17.598+0000][7][gc,age      ] GC(39) Age table with threshold 15 (max threshold 15)
[2024-02-22T02:32:17.598+0000][7][gc,age      ] GC(39) - age   1:     860648 bytes,     860648 total
[2024-02-22T02:32:17.598+0000][7][gc,age      ] GC(39) - age   2:       7464 bytes,     868112 total
[2024-02-22T02:32:17.598+0000][7][gc,age      ] GC(39) - age   3:       1760 bytes,     869872 total
[2024-02-22T02:32:17.598+0000][7][gc,age      ] GC(39) - age   4:       2384 bytes,     872256 total
[2024-02-22T02:32:17.598+0000][7][gc,age      ] GC(39) - age   5:      27720 bytes,     899976 total
[2024-02-22T02:32:17.598+0000][7][gc,age      ] GC(39) - age   6:     183984 bytes,    1083960 total
[2024-02-22T02:32:17.598+0000][7][gc,age      ] GC(39) - age   7:       1896 bytes,    1085856 total
[2024-02-22T02:32:17.598+0000][7][gc,age      ] GC(39) - age   8:     258008 bytes,    1343864 total
[2024-02-22T02:32:17.598+0000][7][gc,age      ] GC(39) - age   9:       4952 bytes,    1348816 total
[2024-02-22T02:32:17.598+0000][7][gc,age      ] GC(39) - age  10:       2736 bytes,    1351552 total
[2024-02-22T02:32:17.598+0000][7][gc,age      ] GC(39) - age  11:       3648 bytes,    1355200 total
[2024-02-22T02:32:17.598+0000][7][gc,age      ] GC(39) - age  12:       2136 bytes,    1357336 total
[2024-02-22T02:32:17.598+0000][7][gc,age      ] GC(39) - age  13:      33896 bytes,    1391232 total
[2024-02-22T02:32:17.598+0000][7][gc,age      ] GC(39) - age  14:       5280 bytes,    1396512 total
[2024-02-22T02:32:17.598+0000][7][gc,age      ] GC(39) - age  15:       7560 bytes,    1404072 total
[2024-02-22T02:32:17.598+0000][7][gc,heap     ] GC(39) Eden regions: 152->0(152)
[2024-02-22T02:32:17.598+0000][7][gc,heap     ] GC(39) Survivor regions: 1->1(20)
[2024-02-22T02:32:17.598+0000][7][gc,heap     ] GC(39) Old regions: 23->23
[2024-02-22T02:32:17.598+0000][7][gc,heap     ] GC(39) Archive regions: 2->2
[2024-02-22T02:32:17.598+0000][7][gc,heap     ] GC(39) Humongous regions: 0->0
[2024-02-22T02:32:17.598+0000][7][gc,metaspace] GC(39) Metaspace: 127681K(131264K)->127681K(131264K) NonClass: 110879K(112768K)->110879K(112768K) Class: 16802K(18496K)->16802K(18496K)
[2024-02-22T02:32:17.598+0000][7][gc          ] GC(39) Pause Young (Normal) (G1 Evacuation Pause) 704M->96M(1024M) 2.814ms
[2024-02-22T02:32:17.598+0000][7][gc,cpu      ] GC(39) User=0.01s Sys=0.00s Real=0.00s
[2024-02-22T02:32:17.598+0000][7][safepoint   ] Safepoint "G1CollectForAllocation", Time since last: 11001027930 ns, Reaching safepoint: 74473 ns, At safepoint: 2914197 ns, Total: 2988670 ns
[2024-02-22T02:32:48.601+0000][7][safepoint   ] Safepoint "Cleanup", Time since last: 31002955535 ns, Reaching safepoint: 93194 ns, At safepoint: 6069 ns, Total: 99263 ns
[2024-02-22T02:33:12.672+0000][7][safepoint   ] Safepoint "Cleanup", Time since last: 24071162835 ns, Reaching safepoint: 116721 ns, At safepoint: 8020 ns, Total: 124741 ns
[2024-02-22T02:33:23.673+0000][7][safepoint   ] Safepoint "Cleanup", Time since last: 11000985233 ns, Reaching safepoint: 108403 ns, At safepoint: 7178 ns, Total: 115581 ns
[2024-02-22T02:33:48.676+0000][7][safepoint   ] Safepoint "Cleanup", Time since last: 25002762405 ns, Reaching safepoint: 112578 ns, At safepoint: 6829 ns, Total: 119407 ns
[2024-02-22T02:34:11.679+0000][7][safepoint   ] Safepoint "Cleanup", Time since last: 23002640506 ns, Reaching safepoint: 58696 ns, At safepoint: 5893 ns, Total: 64589 ns
[2024-02-22T02:34:41.682+0000][7][safepoint   ] Safepoint "Cleanup", Time since last: 30002807717 ns, Reaching safepoint: 138705 ns, At safepoint: 8771 ns, Total: 147476 ns
[2024-02-22T02:34:48.688+0000][7][safepoint   ] Safepoint "Cleanup", Time since last: 7005545528 ns, Reaching safepoint: 140187 ns, At safepoint: 7376 ns, Total: 147563 ns
[2024-02-22T02:35:41.692+0000][7][safepoint   ] Safepoint "Cleanup", Time since last: 53004594214 ns, Reaching safepoint: 72033 ns, At safepoint: 6641 ns, Total: 78674 ns
[2024-02-22T02:35:48.693+0000][7][safepoint   ] Safepoint "Cleanup", Time since last: 7000727266 ns, Reaching safepoint: 75446 ns, At safepoint: 9462 ns, Total: 84908 ns
[2024-02-22T02:35:56.577+0000][7][gc,start    ] GC(40) Pause Young (Normal) (G1 Evacuation Pause)
[2024-02-22T02:35:56.577+0000][7][gc,task     ] GC(40) Using 8 workers of 8 for evacuation
[2024-02-22T02:35:56.577+0000][7][gc,age      ] GC(40) Desired survivor size 41943040 bytes, new threshold 15 (max threshold 15)
[2024-02-22T02:35:56.583+0000][7][gc,phases   ] GC(40)   Pre Evacuate Collection Set: 0.2ms
[2024-02-22T02:35:56.583+0000][7][gc,phases   ] GC(40)   Merge Heap Roots: 0.1ms
[2024-02-22T02:35:56.583+0000][7][gc,phases   ] GC(40)   Evacuate Collection Set: 3.0ms
[2024-02-22T02:35:56.583+0000][7][gc,phases   ] GC(40)   Post Evacuate Collection Set: 2.1ms
[2024-02-22T02:35:56.583+0000][7][gc,phases   ] GC(40)   Other: 0.1ms
[2024-02-22T02:35:56.583+0000][7][gc,age      ] GC(40) Age table with threshold 15 (max threshold 15)
[2024-02-22T02:35:56.583+0000][7][gc,age      ] GC(40) - age   1:    1485928 bytes,    1485928 total
[2024-02-22T02:35:56.583+0000][7][gc,age      ] GC(40) - age   2:       2272 bytes,    1488200 total
[2024-02-22T02:35:56.583+0000][7][gc,age      ] GC(40) - age   3:       1392 bytes,    1489592 total
[2024-02-22T02:35:56.583+0000][7][gc,age      ] GC(40) - age   4:       1504 bytes,    1491096 total
[2024-02-22T02:35:56.583+0000][7][gc,age      ] GC(40) - age   5:       1992 bytes,    1493088 total
[2024-02-22T02:35:56.583+0000][7][gc,age      ] GC(40) - age   6:      27688 bytes,    1520776 total
[2024-02-22T02:35:56.583+0000][7][gc,age      ] GC(40) - age   7:     183984 bytes,    1704760 total
[2024-02-22T02:35:56.583+0000][7][gc,age      ] GC(40) - age   8:       1896 bytes,    1706656 total
[2024-02-22T02:35:56.583+0000][7][gc,age      ] GC(40) - age   9:     258008 bytes,    1964664 total
[2024-02-22T02:35:56.583+0000][7][gc,age      ] GC(40) - age  10:       4952 bytes,    1969616 total
[2024-02-22T02:35:56.583+0000][7][gc,age      ] GC(40) - age  11:       2736 bytes,    1972352 total
[2024-02-22T02:35:56.583+0000][7][gc,age      ] GC(40) - age  12:       3648 bytes,    1976000 total
[2024-02-22T02:35:56.583+0000][7][gc,age      ] GC(40) - age  13:       2136 bytes,    1978136 total
[2024-02-22T02:35:56.583+0000][7][gc,age      ] GC(40) - age  14:      33896 bytes,    2012032 total
[2024-02-22T02:35:56.583+0000][7][gc,age      ] GC(40) - age  15:       5280 bytes,    2017312 total
[2024-02-22T02:35:56.583+0000][7][gc,heap     ] GC(40) Eden regions: 152->0(152)
[2024-02-22T02:35:56.583+0000][7][gc,heap     ] GC(40) Survivor regions: 1->1(20)
[2024-02-22T02:35:56.583+0000][7][gc,heap     ] GC(40) Old regions: 23->23
[2024-02-22T02:35:56.583+0000][7][gc,heap     ] GC(40) Archive regions: 2->2
[2024-02-22T02:35:56.583+0000][7][gc,heap     ] GC(40) Humongous regions: 0->0
[2024-02-22T02:35:56.583+0000][7][gc,metaspace] GC(40) Metaspace: 127693K(131264K)->127693K(131264K) NonClass: 110890K(112768K)->110890K(112768K) Class: 16802K(18496K)->16802K(18496K)
[2024-02-22T02:35:56.583+0000][7][gc          ] GC(40) Pause Young (Normal) (G1 Evacuation Pause) 704M->97M(1024M) 5.779ms
[2024-02-22T02:35:56.583+0000][7][gc,cpu      ] GC(40) User=0.02s Sys=0.00s Real=0.01s
[2024-02-22T02:35:56.583+0000][7][safepoint   ] Safepoint "G1CollectForAllocation", Time since last: 7883917185 ns, Reaching safepoint: 91648 ns, At safepoint: 5886187 ns, Total: 5977835 ns
[2024-02-22T02:36:00.584+0000][7][safepoint   ] Safepoint "Cleanup", Time since last: 4000397334 ns, Reaching safepoint: 61725 ns, At safepoint: 5551 ns, Total: 67276 ns
[2024-02-22T02:36:12.585+0000][7][safepoint   ] Safepoint "Cleanup", Time since last: 12001077879 ns, Reaching safepoint: 115468 ns, At safepoint: 7918 ns, Total: 123386 ns
[2024-02-22T02:36:36.587+0000][7][safepoint   ] Safepoint "Cleanup", Time since last: 24001811875 ns, Reaching safepoint: 79558 ns, At safepoint: 20720 ns, Total: 100278 ns
[2024-02-22T02:36:41.587+0000][7][safepoint   ] Safepoint "Cleanup", Time since last: 5000485778 ns, Reaching safepoint: 172011 ns, At safepoint: 9523 ns, Total: 181534 ns
[2024-02-22T02:36:42.588+0000][7][safepoint   ] Safepoint "Cleanup", Time since last: 1000139149 ns, Reaching safepoint: 69443 ns, At safepoint: 7736 ns, Total: 77179 ns
[2024-02-22T02:37:07.590+0000][7][safepoint   ] Safepoint "Cleanup", Time since last: 25002469613 ns, Reaching safepoint: 85127 ns, At safepoint: 45741 ns, Total: 130868 ns
[2024-02-22T02:37:20.592+0000][7][safepoint   ] Safepoint "Cleanup", Time since last: 13001462934 ns, Reaching safepoint: 130489 ns, At safepoint: 7872 ns, Total: 138361 ns
[2024-02-22T02:37:30.593+0000][7][safepoint   ] Safepoint "Cleanup", Time since last: 10000815362 ns, Reaching safepoint: 91041 ns, At safepoint: 15416 ns, Total: 106457 ns
[2024-02-22T02:37:41.594+0000][7][safepoint   ] Safepoint "Cleanup", Time since last: 11000911239 ns, Reaching safepoint: 81444 ns, At safepoint: 19594 ns, Total: 101038 ns
[2024-02-22T02:37:54.595+0000][7][safepoint   ] Safepoint "Cleanup", Time since last: 13001342835 ns, Reaching safepoint: 80373 ns, At safepoint: 4333 ns, Total: 84706 ns
[2024-02-22T02:38:05.596+0000][7][safepoint   ] Safepoint "Cleanup", Time since last: 11001170296 ns, Reaching safepoint: 66496 ns, At safepoint: 5824 ns, Total: 72320 ns
[2024-02-22T02:38:11.597+0000][7][safepoint   ] Safepoint "Cleanup", Time since last: 6000669859 ns, Reaching safepoint: 103079 ns, At safepoint: 10060 ns, Total: 113139 ns
[2024-02-22T02:38:41.600+0000][7][safepoint   ] Safepoint "Cleanup", Time since last: 30002911611 ns, Reaching safepoint: 99526 ns, At safepoint: 5844 ns, Total: 105370 ns
[2024-02-22T02:39:05.603+0000][7][safepoint   ] Safepoint "Cleanup", Time since last: 24002814806 ns, Reaching safepoint: 42007 ns, At safepoint: 11012 ns, Total: 53019 ns
[2024-02-22T02:39:12.604+0000][7][safepoint   ] Safepoint "Cleanup", Time since last: 7000726929 ns, Reaching safepoint: 105616 ns, At safepoint: 13743 ns, Total: 119359 ns
[2024-02-22T02:39:20.591+0000][7][gc,start    ] GC(41) Pause Young (Normal) (G1 Evacuation Pause)
[2024-02-22T02:39:20.591+0000][7][gc,task     ] GC(41) Using 8 workers of 8 for evacuation
[2024-02-22T02:39:20.591+0000][7][gc,age      ] GC(41) Desired survivor size 41943040 bytes, new threshold 15 (max threshold 15)
[2024-02-22T02:39:20.601+0000][7][gc,phases   ] GC(41)   Pre Evacuate Collection Set: 0.2ms
[2024-02-22T02:39:20.601+0000][7][gc,phases   ] GC(41)   Merge Heap Roots: 0.2ms
[2024-02-22T02:39:20.601+0000][7][gc,phases   ] GC(41)   Evacuate Collection Set: 7.3ms
[2024-02-22T02:39:20.601+0000][7][gc,phases   ] GC(41)   Post Evacuate Collection Set: 2.0ms
[2024-02-22T02:39:20.601+0000][7][gc,phases   ] GC(41)   Other: 0.2ms
[2024-02-22T02:39:20.601+0000][7][gc,age      ] GC(41) Age table with threshold 15 (max threshold 15)
[2024-02-22T02:39:20.601+0000][7][gc,age      ] GC(41) - age   1:    1192256 bytes,    1192256 total
[2024-02-22T02:39:20.601+0000][7][gc,age      ] GC(41) - age   2:      16776 bytes,    1209032 total
[2024-02-22T02:39:20.601+0000][7][gc,age      ] GC(41) - age   3:       1216 bytes,    1210248 total
[2024-02-22T02:39:20.601+0000][7][gc,age      ] GC(41) - age   4:       1328 bytes,    1211576 total
[2024-02-22T02:39:20.601+0000][7][gc,age      ] GC(41) - age   5:       1504 bytes,    1213080 total
[2024-02-22T02:39:20.601+0000][7][gc,age      ] GC(41) - age   6:       1992 bytes,    1215072 total
[2024-02-22T02:39:20.601+0000][7][gc,age      ] GC(41) - age   7:      27504 bytes,    1242576 total
[2024-02-22T02:39:20.601+0000][7][gc,age      ] GC(41) - age   8:     183984 bytes,    1426560 total
[2024-02-22T02:39:20.601+0000][7][gc,age      ] GC(41) - age   9:       1896 bytes,    1428456 total
[2024-02-22T02:39:20.601+0000][7][gc,age      ] GC(41) - age  10:     249576 bytes,    1678032 total
[2024-02-22T02:39:20.601+0000][7][gc,age      ] GC(41) - age  11:       4952 bytes,    1682984 total
[2024-02-22T02:39:20.601+0000][7][gc,age      ] GC(41) - age  12:       2736 bytes,    1685720 total
[2024-02-22T02:39:20.601+0000][7][gc,age      ] GC(41) - age  13:       3648 bytes,    1689368 total
[2024-02-22T02:39:20.602+0000][7][gc,age      ] GC(41) - age  14:       2136 bytes,    1691504 total
[2024-02-22T02:39:20.602+0000][7][gc,age      ] GC(41) - age  15:      33896 bytes,    1725400 total
[2024-02-22T02:39:20.602+0000][7][gc,heap     ] GC(41) Eden regions: 152->0(152)
[2024-02-22T02:39:20.602+0000][7][gc,heap     ] GC(41) Survivor regions: 1->1(20)
[2024-02-22T02:39:20.602+0000][7][gc,heap     ] GC(41) Old regions: 23->23
[2024-02-22T02:39:20.602+0000][7][gc,heap     ] GC(41) Archive regions: 2->2
[2024-02-22T02:39:20.602+0000][7][gc,heap     ] GC(41) Humongous regions: 0->0
[2024-02-22T02:39:20.602+0000][7][gc,metaspace] GC(41) Metaspace: 127697K(131264K)->127697K(131264K) NonClass: 110895K(112768K)->110895K(112768K) Class: 16802K(18496K)->16802K(18496K)
[2024-02-22T02:39:20.602+0000][7][gc          ] GC(41) Pause Young (Normal) (G1 Evacuation Pause) 705M->96M(1024M) 10.232ms
[2024-02-22T02:39:20.602+0000][7][gc,cpu      ] GC(41) User=0.02s Sys=0.00s Real=0.01s
[2024-02-22T02:39:20.602+0000][7][safepoint   ] Safepoint "G1CollectForAllocation", Time since last: 7987320524 ns, Reaching safepoint: 117385 ns, At safepoint: 10331893 ns, Total: 10449278 ns
[2024-02-22T02:39:32.603+0000][7][safepoint   ] Safepoint "Cleanup", Time since last: 12001573900 ns, Reaching safepoint: 76308 ns, At safepoint: 9949 ns, Total: 86257 ns
[2024-02-22T02:39:36.604+0000][7][safepoint   ] Safepoint "Cleanup", Time since last: 4000576109 ns, Reaching safepoint: 76306 ns, At safepoint: 6965 ns, Total: 83271 ns
[2024-02-22T02:39:41.605+0000][7][safepoint   ] Safepoint "Cleanup", Time since last: 5000490247 ns, Reaching safepoint: 73045 ns, At safepoint: 10687 ns, Total: 83732 ns
[2024-02-22T02:40:36.611+0000][7][safepoint   ] Safepoint "Cleanup", Time since last: 55005924947 ns, Reaching safepoint: 62838 ns, At safepoint: 6725 ns, Total: 69563 ns
[2024-02-22T02:40:41.611+0000][7][safepoint   ] Safepoint "Cleanup", Time since last: 5000544781 ns, Reaching safepoint: 84279 ns, At safepoint: 7777 ns, Total: 92056 ns
[2024-02-22T02:40:47.612+0000][7][safepoint   ] Safepoint "Cleanup", Time since last: 6000513690 ns, Reaching safepoint: 112566 ns, At safepoint: 6326 ns, Total: 118892 ns
[2024-02-22T02:40:50.612+0000][7][safepoint   ] Safepoint "Cleanup", Time since last: 3000325104 ns, Reaching safepoint: 122407 ns, At safepoint: 7797 ns, Total: 130204 ns
[2024-02-22T02:40:54.613+0000][7][safepoint   ] Safepoint "Cleanup", Time since last: 4000407594 ns, Reaching safepoint: 276712 ns, At safepoint: 14603 ns, Total: 291315 ns
[2024-02-22T02:41:06.614+0000][7][safepoint   ] Safepoint "Cleanup", Time since last: 12001061070 ns, Reaching safepoint: 50343 ns, At safepoint: 5404 ns, Total: 55747 ns
[2024-02-22T02:41:30.617+0000][7][safepoint   ] Safepoint "Cleanup", Time since last: 24002688807 ns, Reaching safepoint: 86672 ns, At safepoint: 7345 ns, Total: 94017 ns
[2024-02-22T02:41:41.618+0000][7][safepoint   ] Safepoint "Cleanup", Time since last: 11001067816 ns, Reaching safepoint: 124980 ns, At safepoint: 8833 ns, Total: 133813 ns
[2024-02-22T02:41:44.618+0000][7][safepoint   ] Safepoint "Cleanup", Time since last: 3000321208 ns, Reaching safepoint: 56471 ns, At safepoint: 7443 ns, Total: 63914 ns
[2024-02-22T02:41:50.619+0000][7][safepoint   ] Safepoint "Cleanup", Time since last: 6000638550 ns, Reaching safepoint: 85612 ns, At safepoint: 6271 ns, Total: 91883 ns
[2024-02-22T02:42:11.621+0000][7][safepoint   ] Safepoint "Cleanup", Time since last: 21001885232 ns, Reaching safepoint: 85444 ns, At safepoint: 8554 ns, Total: 93998 ns
[2024-02-22T02:42:18.622+0000][7][safepoint   ] Safepoint "Cleanup", Time since last: 7000863237 ns, Reaching safepoint: 83040 ns, At safepoint: 42142 ns, Total: 125182 ns
[2024-02-22T02:42:41.632+0000][7][gc,start    ] GC(42) Pause Young (Normal) (G1 Evacuation Pause)
[2024-02-22T02:42:41.632+0000][7][gc,task     ] GC(42) Using 8 workers of 8 for evacuation
[2024-02-22T02:42:41.632+0000][7][gc,age      ] GC(42) Desired survivor size 41943040 bytes, new threshold 15 (max threshold 15)
[2024-02-22T02:42:41.634+0000][7][gc,phases   ] GC(42)   Pre Evacuate Collection Set: 0.1ms
[2024-02-22T02:42:41.634+0000][7][gc,phases   ] GC(42)   Merge Heap Roots: 0.1ms
[2024-02-22T02:42:41.634+0000][7][gc,phases   ] GC(42)   Evacuate Collection Set: 1.5ms
[2024-02-22T02:42:41.635+0000][7][gc,phases   ] GC(42)   Post Evacuate Collection Set: 0.7ms
[2024-02-22T02:42:41.635+0000][7][gc,phases   ] GC(42)   Other: 0.1ms
[2024-02-22T02:42:41.635+0000][7][gc,age      ] GC(42) Age table with threshold 15 (max threshold 15)
[2024-02-22T02:42:41.635+0000][7][gc,age      ] GC(42) - age   1:     862120 bytes,     862120 total
[2024-02-22T02:42:41.635+0000][7][gc,age      ] GC(42) - age   2:      31176 bytes,     893296 total
[2024-02-22T02:42:41.635+0000][7][gc,age      ] GC(42) - age   3:       6800 bytes,     900096 total
[2024-02-22T02:42:41.635+0000][7][gc,age      ] GC(42) - age   4:       1216 bytes,     901312 total
[2024-02-22T02:42:41.635+0000][7][gc,age      ] GC(42) - age   5:       1328 bytes,     902640 total
[2024-02-22T02:42:41.635+0000][7][gc,age      ] GC(42) - age   6:       1504 bytes,     904144 total
[2024-02-22T02:42:41.635+0000][7][gc,age      ] GC(42) - age   7:       1992 bytes,     906136 total
[2024-02-22T02:42:41.635+0000][7][gc,age      ] GC(42) - age   8:      27504 bytes,     933640 total
[2024-02-22T02:42:41.635+0000][7][gc,age      ] GC(42) - age   9:     183984 bytes,    1117624 total
[2024-02-22T02:42:41.635+0000][7][gc,age      ] GC(42) - age  10:       1896 bytes,    1119520 total
[2024-02-22T02:42:41.635+0000][7][gc,age      ] GC(42) - age  11:     249576 bytes,    1369096 total
[2024-02-22T02:42:41.635+0000][7][gc,age      ] GC(42) - age  12:       4952 bytes,    1374048 total
[2024-02-22T02:42:41.635+0000][7][gc,age      ] GC(42) - age  13:       2736 bytes,    1376784 total
[2024-02-22T02:42:41.635+0000][7][gc,age      ] GC(42) - age  14:       3648 bytes,    1380432 total
[2024-02-22T02:42:41.635+0000][7][gc,age      ] GC(42) - age  15:       2136 bytes,    1382568 total
[2024-02-22T02:42:41.635+0000][7][gc,heap     ] GC(42) Eden regions: 152->0(152)
[2024-02-22T02:42:41.635+0000][7][gc,heap     ] GC(42) Survivor regions: 1->1(20)
[2024-02-22T02:42:41.635+0000][7][gc,heap     ] GC(42) Old regions: 23->23
[2024-02-22T02:42:41.635+0000][7][gc,heap     ] GC(42) Archive regions: 2->2
[2024-02-22T02:42:41.635+0000][7][gc,heap     ] GC(42) Humongous regions: 0->0
[2024-02-22T02:42:41.635+0000][7][gc,metaspace] GC(42) Metaspace: 127762K(131392K)->127762K(131392K) NonClass: 110959K(112896K)->110959K(112896K) Class: 16802K(18496K)->16802K(18496K)
[2024-02-22T02:42:41.635+0000][7][gc          ] GC(42) Pause Young (Normal) (G1 Evacuation Pause) 704M->96M(1024M) 2.761ms
[2024-02-22T02:42:41.635+0000][7][gc,cpu      ] GC(42) User=0.01s Sys=0.01s Real=0.00s
[2024-02-22T02:42:41.635+0000][7][safepoint   ] Safepoint "G1CollectForAllocation", Time since last: 23009685574 ns, Reaching safepoint: 60722 ns, At safepoint: 2850357 ns, Total: 2911079 ns
[2024-02-22T02:43:24.639+0000][7][safepoint   ] Safepoint "Cleanup", Time since last: 43004062446 ns, Reaching safepoint: 168287 ns, At safepoint: 17922 ns, Total: 186209 ns
[2024-02-22T02:43:29.641+0000][7][safepoint   ] Safepoint "Cleanup", Time since last: 5000747047 ns, Reaching safepoint: 1110150 ns, At safepoint: 31961 ns, Total: 1142111 ns
[2024-02-22T02:43:48.643+0000][7][safepoint   ] Safepoint "Cleanup", Time since last: 19002406972 ns, Reaching safepoint: 95623 ns, At safepoint: 7083 ns, Total: 102706 ns
[2024-02-22T02:43:53.644+0000][7][safepoint   ] Safepoint "Cleanup", Time since last: 5000489305 ns, Reaching safepoint: 72775 ns, At safepoint: 5836 ns, Total: 78611 ns
[2024-02-22T02:44:12.646+0000][7][safepoint   ] Safepoint "Cleanup", Time since last: 19001707708 ns, Reaching safepoint: 127437 ns, At safepoint: 6495 ns, Total: 133932 ns
[2024-02-22T02:44:17.646+0000][7][safepoint   ] Safepoint "Cleanup", Time since last: 5000461691 ns, Reaching safepoint: 64151 ns, At safepoint: 5526 ns, Total: 69677 ns
[2024-02-22T02:44:24.647+0000][7][safepoint   ] Safepoint "Cleanup", Time since last: 7000751071 ns, Reaching safepoint: 63236 ns, At safepoint: 6651 ns, Total: 69887 ns
[2024-02-22T02:44:36.648+0000][7][safepoint   ] Safepoint "Cleanup", Time since last: 12001027497 ns, Reaching safepoint: 89739 ns, At safepoint: 14102 ns, Total: 103841 ns
[2024-02-22T02:44:41.649+0000][7][safepoint   ] Safepoint "Cleanup", Time since last: 5000497492 ns, Reaching safepoint: 89766 ns, At safepoint: 8453 ns, Total: 98219 ns
[2024-02-22T02:44:42.649+0000][7][safepoint   ] Safepoint "Cleanup", Time since last: 1000133268 ns, Reaching safepoint: 61280 ns, At safepoint: 10643 ns, Total: 71923 ns
[2024-02-22T02:44:48.635+0000][7][safepoint   ] Safepoint "Cleanup", Time since last: 5986182845 ns, Reaching safepoint: 109070 ns, At safepoint: 23252 ns, Total: 132322 ns
[2024-02-22T02:44:53.636+0000][7][safepoint   ] Safepoint "Cleanup", Time since last: 5000473196 ns, Reaching safepoint: 160575 ns, At safepoint: 10491 ns, Total: 171066 ns
[2024-02-22T02:45:18.639+0000][7][safepoint   ] Safepoint "Cleanup", Time since last: 25002727588 ns, Reaching safepoint: 145323 ns, At safepoint: 6962 ns, Total: 152285 ns
[2024-02-22T02:45:34.641+0000][7][safepoint   ] Safepoint "Cleanup", Time since last: 16001611430 ns, Reaching safepoint: 66706 ns, At safepoint: 10420 ns, Total: 77126 ns
[2024-02-22T02:46:06.644+0000][7][safepoint   ] Safepoint "Cleanup", Time since last: 32003773224 ns, Reaching safepoint: 73927 ns, At safepoint: 7465 ns, Total: 81392 ns
[2024-02-22T02:46:12.645+0000][7][safepoint   ] Safepoint "Cleanup", Time since last: 6000608419 ns, Reaching safepoint: 61843 ns, At safepoint: 6206 ns, Total: 68049 ns
[2024-02-22T02:46:12.767+0000][7][gc,start    ] GC(43) Pause Young (Normal) (G1 Evacuation Pause)
[2024-02-22T02:46:12.767+0000][7][gc,task     ] GC(43) Using 8 workers of 8 for evacuation
[2024-02-22T02:46:12.767+0000][7][gc,age      ] GC(43) Desired survivor size 41943040 bytes, new threshold 15 (max threshold 15)
[2024-02-22T02:46:12.771+0000][7][gc,phases   ] GC(43)   Pre Evacuate Collection Set: 0.1ms
[2024-02-22T02:46:12.771+0000][7][gc,phases   ] GC(43)   Merge Heap Roots: 0.1ms
[2024-02-22T02:46:12.771+0000][7][gc,phases   ] GC(43)   Evacuate Collection Set: 1.9ms
[2024-02-22T02:46:12.771+0000][7][gc,phases   ] GC(43)   Post Evacuate Collection Set: 1.3ms
[2024-02-22T02:46:12.771+0000][7][gc,phases   ] GC(43)   Other: 0.1ms
[2024-02-22T02:46:12.771+0000][7][gc,age      ] GC(43) Age table with threshold 15 (max threshold 15)
[2024-02-22T02:46:12.771+0000][7][gc,age      ] GC(43) - age   1:    1495720 bytes,    1495720 total
[2024-02-22T02:46:12.771+0000][7][gc,age      ] GC(43) - age   2:       3344 bytes,    1499064 total
[2024-02-22T02:46:12.771+0000][7][gc,age      ] GC(43) - age   3:      29384 bytes,    1528448 total
[2024-02-22T02:46:12.771+0000][7][gc,age      ] GC(43) - age   4:       2072 bytes,    1530520 total
[2024-02-22T02:46:12.771+0000][7][gc,age      ] GC(43) - age   5:       1192 bytes,    1531712 total
[2024-02-22T02:46:12.771+0000][7][gc,age      ] GC(43) - age   6:       1296 bytes,    1533008 total
[2024-02-22T02:46:12.771+0000][7][gc,age      ] GC(43) - age   7:       1504 bytes,    1534512 total
[2024-02-22T02:46:12.771+0000][7][gc,age      ] GC(43) - age   8:       1992 bytes,    1536504 total
[2024-02-22T02:46:12.771+0000][7][gc,age      ] GC(43) - age   9:      27504 bytes,    1564008 total
[2024-02-22T02:46:12.771+0000][7][gc,age      ] GC(43) - age  10:     183984 bytes,    1747992 total
[2024-02-22T02:46:12.771+0000][7][gc,age      ] GC(43) - age  11:       1896 bytes,    1749888 total
[2024-02-22T02:46:12.771+0000][7][gc,age      ] GC(43) - age  12:     249576 bytes,    1999464 total
[2024-02-22T02:46:12.771+0000][7][gc,age      ] GC(43) - age  13:       4952 bytes,    2004416 total
[2024-02-22T02:46:12.771+0000][7][gc,age      ] GC(43) - age  14:       2736 bytes,    2007152 total
[2024-02-22T02:46:12.771+0000][7][gc,age      ] GC(43) - age  15:       3648 bytes,    2010800 total
[2024-02-22T02:46:12.771+0000][7][gc,heap     ] GC(43) Eden regions: 152->0(152)
[2024-02-22T02:46:12.771+0000][7][gc,heap     ] GC(43) Survivor regions: 1->1(20)
[2024-02-22T02:46:12.771+0000][7][gc,heap     ] GC(43) Old regions: 23->23
[2024-02-22T02:46:12.771+0000][7][gc,heap     ] GC(43) Archive regions: 2->2
[2024-02-22T02:46:12.771+0000][7][gc,heap     ] GC(43) Humongous regions: 0->0
[2024-02-22T02:46:12.771+0000][7][gc,metaspace] GC(43) Metaspace: 127764K(131392K)->127764K(131392K) NonClass: 110962K(112896K)->110962K(112896K) Class: 16802K(18496K)->16802K(18496K)
[2024-02-22T02:46:12.771+0000][7][gc          ] GC(43) Pause Young (Normal) (G1 Evacuation Pause) 704M->97M(1024M) 3.886ms
[2024-02-22T02:46:12.771+0000][7][gc,cpu      ] GC(43) User=0.02s Sys=0.00s Real=0.01s
[2024-02-22T02:46:12.771+0000][7][safepoint   ] Safepoint "G1CollectForAllocation", Time since last: 122175046 ns, Reaching safepoint: 36991 ns, At safepoint: 3986488 ns, Total: 4023479 ns
[2024-02-22T02:46:32.775+0000][7][safepoint   ] Safepoint "Cleanup", Time since last: 20003032955 ns, Reaching safepoint: 154273 ns, At safepoint: 10778 ns, Total: 165051 ns
[2024-02-22T02:46:34.775+0000][7][safepoint   ] Safepoint "Cleanup", Time since last: 2000213964 ns, Reaching safepoint: 76303 ns, At safepoint: 9870 ns, Total: 86173 ns
[2024-02-22T02:46:38.776+0000][7][safepoint   ] Safepoint "Cleanup", Time since last: 4000710134 ns, Reaching safepoint: 79354 ns, At safepoint: 7896 ns, Total: 87250 ns
[2024-02-22T02:46:41.776+0000][7][safepoint   ] Safepoint "Cleanup", Time since last: 3000358140 ns, Reaching safepoint: 74279 ns, At safepoint: 6668 ns, Total: 80947 ns
[2024-02-22T02:46:53.778+0000][7][safepoint   ] Safepoint "Cleanup", Time since last: 12001374558 ns, Reaching safepoint: 88427 ns, At safepoint: 11289 ns, Total: 99716 ns
[2024-02-22T02:47:17.781+0000][7][safepoint   ] Safepoint "Cleanup", Time since last: 24003566718 ns, Reaching safepoint: 117980 ns, At safepoint: 7241 ns, Total: 125221 ns
[2024-02-22T02:47:34.784+0000][7][safepoint   ] Safepoint "Cleanup", Time since last: 17002421863 ns, Reaching safepoint: 74471 ns, At safepoint: 7664 ns, Total: 82135 ns
[2024-02-22T20:14:56.124+0000][7][safepoint   ] Safepoint "Cleanup", Time since last: 44960071181 ns, Reaching safepoint: 39197 ns, At safepoint: 3421 ns, Total: 42618 ns
[2024-02-22T20:14:59.124+0000][7][safepoint   ] Safepoint "Cleanup", Time since last: 3000225781 ns, Reaching safepoint: 198731 ns, At safepoint: 5401 ns, Total: 204132 ns
[2024-02-22T20:15:00.125+0000][7][safepoint   ] Safepoint "Cleanup", Time since last: 1000127954 ns, Reaching safepoint: 54201 ns, At safepoint: 5309 ns, Total: 59510 ns
[2024-02-22T20:15:01.125+0000][7][safepoint   ] Safepoint "Cleanup", Time since last: 1000101628 ns, Reaching safepoint: 42890 ns, At safepoint: 3208 ns, Total: 46098 ns
[2024-02-22T20:15:02.125+0000][7][safepoint   ] Safepoint "Cleanup", Time since last: 1000120432 ns, Reaching safepoint: 62592 ns, At safepoint: 4002 ns, Total: 66594 ns
[2024-02-22T20:15:08.126+0000][7][safepoint   ] Safepoint "Cleanup", Time since last: 6000763552 ns, Reaching safepoint: 38699 ns, At safepoint: 3453 ns, Total: 42152 ns
[2024-02-22T20:15:11.126+0000][7][safepoint   ] Safepoint "Cleanup", Time since last: 3000277333 ns, Reaching safepoint: 59264 ns, At safepoint: 3716 ns, Total: 62980 ns
[2024-02-22T20:15:12.126+0000][7][safepoint   ] Safepoint "Cleanup", Time since last: 1000198837 ns, Reaching safepoint: 40040 ns, At safepoint: 4736 ns, Total: 44776 ns
[2024-02-22T20:15:14.127+0000][7][safepoint   ] Safepoint "Cleanup", Time since last: 2000195682 ns, Reaching safepoint: 41123 ns, At safepoint: 3491 ns, Total: 44614 ns
[2024-02-22T20:15:15.127+0000][7][safepoint   ] Safepoint "Cleanup", Time since last: 1000105990 ns, Reaching safepoint: 59884 ns, At safepoint: 3866 ns, Total: 63750 ns
[2024-02-22T20:15:18.127+0000][7][safepoint   ] Safepoint "Cleanup", Time since last: 3000336691 ns, Reaching safepoint: 63624 ns, At safepoint: 3426 ns, Total: 67050 ns
[2024-02-22T20:15:20.127+0000][7][safepoint   ] Safepoint "Cleanup", Time since last: 2000163220 ns, Reaching safepoint: 48855 ns, At safepoint: 13644 ns, Total: 62499 ns
[2024-02-22T20:15:21.128+0000][7][safepoint   ] Safepoint "Cleanup", Time since last: 1000113560 ns, Reaching safepoint: 47897 ns, At safepoint: 9832 ns, Total: 57729 ns
[2024-02-22T20:15:32.129+0000][7][safepoint   ] Safepoint "Cleanup", Time since last: 11000910466 ns, Reaching safepoint: 78439 ns, At safepoint: 12333 ns, Total: 90772 ns
[2024-02-22T20:15:41.129+0000][7][safepoint   ] Safepoint "Cleanup", Time since last: 9000815562 ns, Reaching safepoint: 64592 ns, At safepoint: 3707 ns, Total: 68299 ns
[2024-02-22T20:15:59.131+0000][7][safepoint   ] Safepoint "Cleanup", Time since last: 18001721548 ns, Reaching safepoint: 56487 ns, At safepoint: 4077 ns, Total: 60564 ns
[2024-02-22T20:16:02.228+0000][7][gc,start    ] GC(44) Pause Young (Normal) (G1 Evacuation Pause)
[2024-02-22T20:16:02.228+0000][7][gc,task     ] GC(44) Using 8 workers of 8 for evacuation
[2024-02-22T20:16:02.228+0000][7][gc,age      ] GC(44) Desired survivor size 41943040 bytes, new threshold 15 (max threshold 15)
[2024-02-22T20:16:02.230+0000][7][gc,phases   ] GC(44)   Pre Evacuate Collection Set: 0.1ms
[2024-02-22T20:16:02.230+0000][7][gc,phases   ] GC(44)   Merge Heap Roots: 0.1ms
[2024-02-22T20:16:02.230+0000][7][gc,phases   ] GC(44)   Evacuate Collection Set: 1.1ms
[2024-02-22T20:16:02.230+0000][7][gc,phases   ] GC(44)   Post Evacuate Collection Set: 0.5ms
[2024-02-22T20:16:02.230+0000][7][gc,phases   ] GC(44)   Other: 0.1ms
[2024-02-22T20:16:02.230+0000][7][gc,age      ] GC(44) Age table with threshold 15 (max threshold 15)
[2024-02-22T20:16:02.230+0000][7][gc,age      ] GC(44) - age   1:    1528872 bytes,    1528872 total
[2024-02-22T20:16:02.230+0000][7][gc,age      ] GC(44) - age   2:       8680 bytes,    1537552 total
[2024-02-22T20:16:02.230+0000][7][gc,age      ] GC(44) - age   3:       2056 bytes,    1539608 total
[2024-02-22T20:16:02.230+0000][7][gc,age      ] GC(44) - age   4:      17784 bytes,    1557392 total
[2024-02-22T20:16:02.230+0000][7][gc,age      ] GC(44) - age   5:       2072 bytes,    1559464 total
[2024-02-22T20:16:02.230+0000][7][gc,age      ] GC(44) - age   6:       1192 bytes,    1560656 total
[2024-02-22T20:16:02.230+0000][7][gc,age      ] GC(44) - age   7:       1296 bytes,    1561952 total
[2024-02-22T20:16:02.230+0000][7][gc,age      ] GC(44) - age   8:       1504 bytes,    1563456 total
[2024-02-22T20:16:02.230+0000][7][gc,age      ] GC(44) - age   9:       1992 bytes,    1565448 total
[2024-02-22T20:16:02.230+0000][7][gc,age      ] GC(44) - age  10:       1856 bytes,    1567304 total
[2024-02-22T20:16:02.230+0000][7][gc,age      ] GC(44) - age  11:      28184 bytes,    1595488 total
[2024-02-22T20:16:02.230+0000][7][gc,age      ] GC(44) - age  12:       1896 bytes,    1597384 total
[2024-02-22T20:16:02.230+0000][7][gc,age      ] GC(44) - age  13:     242504 bytes,    1839888 total
[2024-02-22T20:16:02.230+0000][7][gc,age      ] GC(44) - age  14:       4952 bytes,    1844840 total
[2024-02-22T20:16:02.230+0000][7][gc,age      ] GC(44) - age  15:       2736 bytes,    1847576 total
[2024-02-22T20:16:02.230+0000][7][gc,heap     ] GC(44) Eden regions: 152->0(152)
[2024-02-22T20:16:02.230+0000][7][gc,heap     ] GC(44) Survivor regions: 1->1(20)
[2024-02-22T20:16:02.230+0000][7][gc,heap     ] GC(44) Old regions: 23->23
[2024-02-22T20:16:02.230+0000][7][gc,heap     ] GC(44) Archive regions: 2->2
[2024-02-22T20:16:02.230+0000][7][gc,heap     ] GC(44) Humongous regions: 0->0
[2024-02-22T20:16:02.230+0000][7][gc,metaspace] GC(44) Metaspace: 127962K(131584K)->127962K(131584K) NonClass: 111135K(113024K)->111135K(113024K) Class: 16827K(18560K)->16827K(18560K)
[2024-02-22T20:16:02.230+0000][7][gc          ] GC(44) Pause Young (Normal) (G1 Evacuation Pause) 705M->97M(1024M) 2.012ms
[2024-02-22T20:16:02.230+0000][7][gc,cpu      ] GC(44) User=0.01s Sys=0.01s Real=0.00s
[2024-02-22T20:16:02.230+0000][7][safepoint   ] Safepoint "G1CollectForAllocation", Time since last: 3096542241 ns, Reaching safepoint: 53594 ns, At safepoint: 2092675 ns, Total: 2146269 ns
[2024-02-22T20:16:03.230+0000][7][safepoint   ] Safepoint "Cleanup", Time since last: 1000096518 ns, Reaching safepoint: 50975 ns, At safepoint: 5151 ns, Total: 56126 ns
[2024-02-22T20:16:08.231+0000][7][safepoint   ] Safepoint "Cleanup", Time since last: 5000516198 ns, Reaching safepoint: 50152 ns, At safepoint: 6355 ns, Total: 56507 ns
[2024-02-22T20:16:09.231+0000][7][safepoint   ] Safepoint "Cleanup", Time since last: 1000137726 ns, Reaching safepoint: 56010 ns, At safepoint: 4865 ns, Total: 60875 ns
[2024-02-22T20:16:10.231+0000][7][safepoint   ] Safepoint "Cleanup", Time since last: 1000133032 ns, Reaching safepoint: 51628 ns, At safepoint: 4770 ns, Total: 56398 ns
[2024-02-22T20:16:13.232+0000][7][safepoint   ] Safepoint "Cleanup", Time since last: 3000336460 ns, Reaching safepoint: 142808 ns, At safepoint: 8475 ns, Total: 151283 ns
[2024-02-22T20:16:18.232+0000][7][safepoint   ] Safepoint "Cleanup", Time since last: 5000430519 ns, Reaching safepoint: 80251 ns, At safepoint: 3512 ns, Total: 83763 ns
[2024-02-22T20:16:19.232+0000][7][safepoint   ] Safepoint "Cleanup", Time since last: 1000100772 ns, Reaching safepoint: 58491 ns, At safepoint: 3839 ns, Total: 62330 ns
[2024-02-22T20:16:34.234+0000][7][safepoint   ] Safepoint "Cleanup", Time since last: 15001435465 ns, Reaching safepoint: 60841 ns, At safepoint: 7309 ns, Total: 68150 ns
[2024-02-22T20:16:40.234+0000][7][safepoint   ] Safepoint "Cleanup", Time since last: 6000567512 ns, Reaching safepoint: 100342 ns, At safepoint: 13567 ns, Total: 113909 ns
[2024-02-22T20:16:44.235+0000][7][safepoint   ] Safepoint "Cleanup", Time since last: 4000587144 ns, Reaching safepoint: 75560 ns, At safepoint: 11792 ns, Total: 87352 ns
[2024-02-22T20:16:55.236+0000][7][safepoint   ] Safepoint "Cleanup", Time since last: 11001287729 ns, Reaching safepoint: 67945 ns, At safepoint: 6224 ns, Total: 74169 ns
[2024-02-22T20:17:01.237+0000][7][safepoint   ] Safepoint "Cleanup", Time since last: 6000633818 ns, Reaching safepoint: 66175 ns, At safepoint: 33776 ns, Total: 99951 ns
[2024-02-22T20:17:12.239+0000][7][safepoint   ] Safepoint "Cleanup", Time since last: 11001280707 ns, Reaching safepoint: 85610 ns, At safepoint: 45747 ns, Total: 131357 ns
[2024-02-22T20:17:18.239+0000][7][safepoint   ] Safepoint "Cleanup", Time since last: 6000737298 ns, Reaching safepoint: 105664 ns, At safepoint: 9613 ns, Total: 115277 ns
[2024-02-22T20:19:25.253+0000][7][safepoint   ] Safepoint "Cleanup", Time since last: 127013707076 ns, Reaching safepoint: 80353 ns, At safepoint: 10190 ns, Total: 90543 ns
[2024-02-22T20:19:37.213+0000][7][gc,start    ] GC(45) Pause Young (Normal) (G1 Evacuation Pause)
[2024-02-22T20:19:37.213+0000][7][gc,task     ] GC(45) Using 8 workers of 8 for evacuation
[2024-02-22T20:19:37.213+0000][7][gc,age      ] GC(45) Desired survivor size 41943040 bytes, new threshold 15 (max threshold 15)
[2024-02-22T20:19:37.218+0000][7][gc,phases   ] GC(45)   Pre Evacuate Collection Set: 0.1ms
[2024-02-22T20:19:37.218+0000][7][gc,phases   ] GC(45)   Merge Heap Roots: 0.1ms
[2024-02-22T20:19:37.218+0000][7][gc,phases   ] GC(45)   Evacuate Collection Set: 3.2ms
[2024-02-22T20:19:37.218+0000][7][gc,phases   ] GC(45)   Post Evacuate Collection Set: 1.0ms
[2024-02-22T20:19:37.218+0000][7][gc,phases   ] GC(45)   Other: 0.1ms
[2024-02-22T20:19:37.218+0000][7][gc,age      ] GC(45) Age table with threshold 15 (max threshold 15)
[2024-02-22T20:19:37.218+0000][7][gc,age      ] GC(45) - age   1:    1845080 bytes,    1845080 total
[2024-02-22T20:19:37.218+0000][7][gc,age      ] GC(45) - age   2:     693408 bytes,    2538488 total
[2024-02-22T20:19:37.218+0000][7][gc,age      ] GC(45) - age   3:       6376 bytes,    2544864 total
[2024-02-22T20:19:37.218+0000][7][gc,age      ] GC(45) - age   4:       1688 bytes,    2546552 total
[2024-02-22T20:19:37.218+0000][7][gc,age      ] GC(45) - age   5:      17784 bytes,    2564336 total
[2024-02-22T20:19:37.218+0000][7][gc,age      ] GC(45) - age   6:       1680 bytes,    2566016 total
[2024-02-22T20:19:37.218+0000][7][gc,age      ] GC(45) - age   7:        808 bytes,    2566824 total
[2024-02-22T20:19:37.218+0000][7][gc,age      ] GC(45) - age   8:       1296 bytes,    2568120 total
[2024-02-22T20:19:37.218+0000][7][gc,age      ] GC(45) - age   9:       1504 bytes,    2569624 total
[2024-02-22T20:19:37.218+0000][7][gc,age      ] GC(45) - age  10:       1992 bytes,    2571616 total
[2024-02-22T20:19:37.218+0000][7][gc,age      ] GC(45) - age  11:       1856 bytes,    2573472 total
[2024-02-22T20:19:37.218+0000][7][gc,age      ] GC(45) - age  12:      27928 bytes,    2601400 total
[2024-02-22T20:19:37.218+0000][7][gc,age      ] GC(45) - age  13:       1896 bytes,    2603296 total
[2024-02-22T20:19:37.218+0000][7][gc,age      ] GC(45) - age  14:     242504 bytes,    2845800 total
[2024-02-22T20:19:37.218+0000][7][gc,age      ] GC(45) - age  15:       4952 bytes,    2850752 total
[2024-02-22T20:19:37.218+0000][7][gc,heap     ] GC(45) Eden regions: 152->0(152)
[2024-02-22T20:19:37.218+0000][7][gc,heap     ] GC(45) Survivor regions: 1->1(20)
[2024-02-22T20:19:37.218+0000][7][gc,heap     ] GC(45) Old regions: 23->23
[2024-02-22T20:19:37.218+0000][7][gc,heap     ] GC(45) Archive regions: 2->2
[2024-02-22T20:19:37.218+0000][7][gc,heap     ] GC(45) Humongous regions: 0->0
[2024-02-22T20:19:37.218+0000][7][gc,metaspace] GC(45) Metaspace: 127975K(131584K)->127975K(131584K) NonClass: 111148K(113024K)->111148K(113024K) Class: 16827K(18560K)->16827K(18560K)
[2024-02-22T20:19:37.218+0000][7][gc          ] GC(45) Pause Young (Normal) (G1 Evacuation Pause) 705M->97M(1024M) 4.818ms
[2024-02-22T20:19:37.218+0000][7][gc,cpu      ] GC(45) User=0.02s Sys=0.00s Real=0.00s
[2024-02-22T20:19:37.218+0000][7][safepoint   ] Safepoint "G1CollectForAllocation", Time since last: 11960055769 ns, Reaching safepoint: 48579 ns, At safepoint: 4912613 ns, Total: 4961192 ns
[2024-02-22T20:20:03.221+0000][7][safepoint   ] Safepoint "Cleanup", Time since last: 26002761825 ns, Reaching safepoint: 88802 ns, At safepoint: 14577 ns, Total: 103379 ns
[2024-02-22T20:21:05.227+0000][7][safepoint   ] Safepoint "Cleanup", Time since last: 62005802366 ns, Reaching safepoint: 166490 ns, At safepoint: 16637 ns, Total: 183127 ns
[2024-02-22T20:21:14.228+0000][7][safepoint   ] Safepoint "Cleanup", Time since last: 9000784430 ns, Reaching safepoint: 69069 ns, At safepoint: 8816 ns, Total: 77885 ns
[2024-02-22T20:21:28.229+0000][7][safepoint   ] Safepoint "Cleanup", Time since last: 14001191178 ns, Reaching safepoint: 152131 ns, At safepoint: 9086 ns, Total: 161217 ns
[2024-02-22T20:21:58.233+0000][7][safepoint   ] Safepoint "Cleanup", Time since last: 30003113015 ns, Reaching safepoint: 108441 ns, At safepoint: 8690 ns, Total: 117131 ns
[2024-02-22T20:22:11.234+0000][7][safepoint   ] Safepoint "Cleanup", Time since last: 13001840528 ns, Reaching safepoint: 81398 ns, At safepoint: 10385 ns, Total: 91783 ns
[2024-02-22T20:22:17.235+0000][7][safepoint   ] Safepoint "Cleanup", Time since last: 6000769666 ns, Reaching safepoint: 149692 ns, At safepoint: 19362 ns, Total: 169054 ns
[2024-02-22T20:22:55.240+0000][7][safepoint   ] Safepoint "Cleanup", Time since last: 38004149565 ns, Reaching safepoint: 64739 ns, At safepoint: 5627 ns, Total: 70366 ns
[2024-02-22T20:23:10.161+0000][7][gc,start    ] GC(46) Pause Young (Normal) (G1 Evacuation Pause)
[2024-02-22T20:23:10.161+0000][7][gc,task     ] GC(46) Using 8 workers of 8 for evacuation
[2024-02-22T20:23:10.161+0000][7][gc,age      ] GC(46) Desired survivor size 41943040 bytes, new threshold 15 (max threshold 15)
[2024-02-22T20:23:10.165+0000][7][gc,phases   ] GC(46)   Pre Evacuate Collection Set: 0.2ms
[2024-02-22T20:23:10.165+0000][7][gc,phases   ] GC(46)   Merge Heap Roots: 0.1ms
[2024-02-22T20:23:10.165+0000][7][gc,phases   ] GC(46)   Evacuate Collection Set: 3.0ms
[2024-02-22T20:23:10.165+0000][7][gc,phases   ] GC(46)   Post Evacuate Collection Set: 0.9ms
[2024-02-22T20:23:10.165+0000][7][gc,phases   ] GC(46)   Other: 0.1ms
[2024-02-22T20:23:10.165+0000][7][gc,age      ] GC(46) Age table with threshold 15 (max threshold 15)
[2024-02-22T20:23:10.165+0000][7][gc,age      ] GC(46) - age   1:    1276552 bytes,    1276552 total
[2024-02-22T20:23:10.165+0000][7][gc,age      ] GC(46) - age   2:       5472 bytes,    1282024 total
[2024-02-22T20:23:10.165+0000][7][gc,age      ] GC(46) - age   3:     576328 bytes,    1858352 total
[2024-02-22T20:23:10.165+0000][7][gc,age      ] GC(46) - age   4:       1920 bytes,    1860272 total
[2024-02-22T20:23:10.165+0000][7][gc,age      ] GC(46) - age   5:       1688 bytes,    1861960 total
[2024-02-22T20:23:10.165+0000][7][gc,age      ] GC(46) - age   6:      17784 bytes,    1879744 total
[2024-02-22T20:23:10.165+0000][7][gc,age      ] GC(46) - age   7:       1648 bytes,    1881392 total
[2024-02-22T20:23:10.165+0000][7][gc,age      ] GC(46) - age   8:        808 bytes,    1882200 total
[2024-02-22T20:23:10.165+0000][7][gc,age      ] GC(46) - age   9:       1296 bytes,    1883496 total
[2024-02-22T20:23:10.165+0000][7][gc,age      ] GC(46) - age  10:       1504 bytes,    1885000 total
[2024-02-22T20:23:10.165+0000][7][gc,age      ] GC(46) - age  11:       1992 bytes,    1886992 total
[2024-02-22T20:23:10.165+0000][7][gc,age      ] GC(46) - age  12:       1856 bytes,    1888848 total
[2024-02-22T20:23:10.165+0000][7][gc,age      ] GC(46) - age  13:       1824 bytes,    1890672 total
[2024-02-22T20:23:10.165+0000][7][gc,age      ] GC(46) - age  14:       1896 bytes,    1892568 total
[2024-02-22T20:23:10.165+0000][7][gc,age      ] GC(46) - age  15:     242504 bytes,    2135072 total
[2024-02-22T20:23:10.166+0000][7][gc,heap     ] GC(46) Eden regions: 152->0(152)
[2024-02-22T20:23:10.166+0000][7][gc,heap     ] GC(46) Survivor regions: 1->1(20)
[2024-02-22T20:23:10.166+0000][7][gc,heap     ] GC(46) Old regions: 23->23
[2024-02-22T20:23:10.166+0000][7][gc,heap     ] GC(46) Archive regions: 2->2
[2024-02-22T20:23:10.166+0000][7][gc,heap     ] GC(46) Humongous regions: 0->0
[2024-02-22T20:23:10.166+0000][7][gc,metaspace] GC(46) Metaspace: 128016K(131648K)->128016K(131648K) NonClass: 111189K(113088K)->111189K(113088K) Class: 16827K(18560K)->16827K(18560K)
[2024-02-22T20:23:10.166+0000][7][gc          ] GC(46) Pause Young (Normal) (G1 Evacuation Pause) 705M->97M(1024M) 4.687ms
[2024-02-22T20:23:10.166+0000][7][gc,cpu      ] GC(46) User=0.02s Sys=0.00s Real=0.00s
[2024-02-22T20:23:10.166+0000][7][safepoint   ] Safepoint "G1CollectForAllocation", Time since last: 14921162842 ns, Reaching safepoint: 63496 ns, At safepoint: 4822657 ns, Total: 4886153 ns
[2024-02-22T20:23:18.167+0000][7][safepoint   ] Safepoint "Cleanup", Time since last: 8000770320 ns, Reaching safepoint: 92648 ns, At safepoint: 12742 ns, Total: 105390 ns
[2024-02-22T20:23:49.170+0000][7][safepoint   ] Safepoint "Cleanup", Time since last: 31003271295 ns, Reaching safepoint: 449729 ns, At safepoint: 16191 ns, Total: 465920 ns
[2024-02-22T20:25:04.177+0000][7][safepoint   ] Safepoint "Cleanup", Time since last: 75006531661 ns, Reaching safepoint: 103992 ns, At safepoint: 24162 ns, Total: 128154 ns
[2024-02-22T20:25:18.178+0000][7][safepoint   ] Safepoint "Cleanup", Time since last: 14001133259 ns, Reaching safepoint: 44378 ns, At safepoint: 10787 ns, Total: 55165 ns
[2024-02-22T20:25:28.179+0000][7][safepoint   ] Safepoint "Cleanup", Time since last: 10000906416 ns, Reaching safepoint: 142472 ns, At safepoint: 6496 ns, Total: 148968 ns
[2024-02-22T20:26:11.183+0000][7][safepoint   ] Safepoint "Cleanup", Time since last: 43003655402 ns, Reaching safepoint: 86268 ns, At safepoint: 7916 ns, Total: 94184 ns
[2024-02-22T20:26:18.184+0000][7][safepoint   ] Safepoint "Cleanup", Time since last: 7000860343 ns, Reaching safepoint: 116507 ns, At safepoint: 6851 ns, Total: 123358 ns
[2024-02-22T20:26:37.209+0000][7][gc,start    ] GC(47) Pause Young (Normal) (G1 Evacuation Pause)
[2024-02-22T20:26:37.209+0000][7][gc,task     ] GC(47) Using 8 workers of 8 for evacuation
[2024-02-22T20:26:37.209+0000][7][gc,age      ] GC(47) Desired survivor size 41943040 bytes, new threshold 15 (max threshold 15)
[2024-02-22T20:26:37.211+0000][7][gc,phases   ] GC(47)   Pre Evacuate Collection Set: 0.1ms
[2024-02-22T20:26:37.211+0000][7][gc,phases   ] GC(47)   Merge Heap Roots: 0.1ms
[2024-02-22T20:26:37.211+0000][7][gc,phases   ] GC(47)   Evacuate Collection Set: 1.5ms
[2024-02-22T20:26:37.211+0000][7][gc,phases   ] GC(47)   Post Evacuate Collection Set: 0.8ms
[2024-02-22T20:26:37.211+0000][7][gc,phases   ] GC(47)   Other: 0.1ms
[2024-02-22T20:26:37.211+0000][7][gc,age      ] GC(47) Age table with threshold 15 (max threshold 15)
[2024-02-22T20:26:37.211+0000][7][gc,age      ] GC(47) - age   1:     602480 bytes,     602480 total
[2024-02-22T20:26:37.211+0000][7][gc,age      ] GC(47) - age   2:     188400 bytes,     790880 total
[2024-02-22T20:26:37.211+0000][7][gc,age      ] GC(47) - age   3:       3048 bytes,     793928 total
[2024-02-22T20:26:37.211+0000][7][gc,age      ] GC(47) - age   4:     567872 bytes,    1361800 total
[2024-02-22T20:26:37.212+0000][7][gc,age      ] GC(47) - age   5:       1888 bytes,    1363688 total
[2024-02-22T20:26:37.212+0000][7][gc,age      ] GC(47) - age   6:       1688 bytes,    1365376 total
[2024-02-22T20:26:37.212+0000][7][gc,age      ] GC(47) - age   7:      17784 bytes,    1383160 total
[2024-02-22T20:26:37.212+0000][7][gc,age      ] GC(47) - age   8:       1648 bytes,    1384808 total
[2024-02-22T20:26:37.212+0000][7][gc,age      ] GC(47) - age   9:        808 bytes,    1385616 total
[2024-02-22T20:26:37.212+0000][7][gc,age      ] GC(47) - age  10:       1264 bytes,    1386880 total
[2024-02-22T20:26:37.212+0000][7][gc,age      ] GC(47) - age  11:       1504 bytes,    1388384 total
[2024-02-22T20:26:37.212+0000][7][gc,age      ] GC(47) - age  12:       1992 bytes,    1390376 total
[2024-02-22T20:26:37.212+0000][7][gc,age      ] GC(47) - age  13:       1856 bytes,    1392232 total
[2024-02-22T20:26:37.212+0000][7][gc,age      ] GC(47) - age  14:       1824 bytes,    1394056 total
[2024-02-22T20:26:37.212+0000][7][gc,age      ] GC(47) - age  15:       1896 bytes,    1395952 total
[2024-02-22T20:26:37.212+0000][7][gc,heap     ] GC(47) Eden regions: 152->0(152)
[2024-02-22T20:26:37.212+0000][7][gc,heap     ] GC(47) Survivor regions: 1->1(20)
[2024-02-22T20:26:37.212+0000][7][gc,heap     ] GC(47) Old regions: 23->23
[2024-02-22T20:26:37.212+0000][7][gc,heap     ] GC(47) Archive regions: 2->2
[2024-02-22T20:26:37.212+0000][7][gc,heap     ] GC(47) Humongous regions: 0->0
[2024-02-22T20:26:37.212+0000][7][gc,metaspace] GC(47) Metaspace: 128021K(131648K)->128021K(131648K) NonClass: 111194K(113088K)->111194K(113088K) Class: 16827K(18560K)->16827K(18560K)
[2024-02-22T20:26:37.212+0000][7][gc          ] GC(47) Pause Young (Normal) (G1 Evacuation Pause) 705M->96M(1024M) 2.931ms
[2024-02-22T20:26:37.212+0000][7][gc,cpu      ] GC(47) User=0.01s Sys=0.00s Real=0.00s
[2024-02-22T20:26:37.212+0000][7][safepoint   ] Safepoint "G1CollectForAllocation", Time since last: 19024661540 ns, Reaching safepoint: 100764 ns, At safepoint: 3033236 ns, Total: 3134000 ns
[2024-02-22T20:26:58.215+0000][7][safepoint   ] Safepoint "Cleanup", Time since last: 21002824300 ns, Reaching safepoint: 110837 ns, At safepoint: 12403 ns, Total: 123240 ns
[2024-02-22T20:27:13.217+0000][7][safepoint   ] Safepoint "Cleanup", Time since last: 15001870184 ns, Reaching safepoint: 81093 ns, At safepoint: 51197 ns, Total: 132290 ns
[2024-02-22T20:27:34.220+0000][7][safepoint   ] Safepoint "Cleanup", Time since last: 21002977203 ns, Reaching safepoint: 90211 ns, At safepoint: 12727 ns, Total: 102938 ns
[2024-02-22T20:27:50.607+0000][7][safepoint   ] Safepoint "Cleanup", Time since last: 16386766991 ns, Reaching safepoint: 116184 ns, At safepoint: 7544 ns, Total: 123728 ns
[2024-02-22T20:27:55.607+0000][7][safepoint   ] Safepoint "Cleanup", Time since last: 5000748518 ns, Reaching safepoint: 66182 ns, At safepoint: 7245 ns, Total: 73427 ns
[2024-02-22T20:28:34.612+0000][7][safepoint   ] Safepoint "Cleanup", Time since last: 39004718781 ns, Reaching safepoint: 82955 ns, At safepoint: 6025 ns, Total: 88980 ns
[2024-02-22T20:28:43.613+0000][7][safepoint   ] Safepoint "Cleanup", Time since last: 9000947478 ns, Reaching safepoint: 93936 ns, At safepoint: 41812 ns, Total: 135748 ns
[2024-02-22T20:29:18.619+0000][7][safepoint   ] Safepoint "Cleanup", Time since last: 35005735979 ns, Reaching safepoint: 124583 ns, At safepoint: 13880 ns, Total: 138463 ns
[2024-02-22T20:29:37.623+0000][7][safepoint   ] Safepoint "Cleanup", Time since last: 19003495321 ns, Reaching safepoint: 95045 ns, At safepoint: 9283 ns, Total: 104328 ns
[2024-02-22T20:29:55.625+0000][7][safepoint   ] Safepoint "Cleanup", Time since last: 18002063887 ns, Reaching safepoint: 126341 ns, At safepoint: 13292 ns, Total: 139633 ns
[2024-02-22T20:30:10.627+0000][7][safepoint   ] Safepoint "Cleanup", Time since last: 15001652230 ns, Reaching safepoint: 135877 ns, At safepoint: 11777 ns, Total: 147654 ns
[2024-02-22T20:30:19.182+0000][7][gc,start    ] GC(48) Pause Young (Normal) (G1 Evacuation Pause)
[2024-02-22T20:30:19.183+0000][7][gc,task     ] GC(48) Using 8 workers of 8 for evacuation
[2024-02-22T20:30:19.183+0000][7][gc,age      ] GC(48) Desired survivor size 41943040 bytes, new threshold 15 (max threshold 15)
[2024-02-22T20:30:19.186+0000][7][gc,phases   ] GC(48)   Pre Evacuate Collection Set: 0.1ms
[2024-02-22T20:30:19.186+0000][7][gc,phases   ] GC(48)   Merge Heap Roots: 0.1ms
[2024-02-22T20:30:19.186+0000][7][gc,phases   ] GC(48)   Evacuate Collection Set: 1.8ms
[2024-02-22T20:30:19.186+0000][7][gc,phases   ] GC(48)   Post Evacuate Collection Set: 0.9ms
[2024-02-22T20:30:19.186+0000][7][gc,phases   ] GC(48)   Other: 0.1ms
[2024-02-22T20:30:19.186+0000][7][gc,age      ] GC(48) Age table with threshold 15 (max threshold 15)
[2024-02-22T20:30:19.186+0000][7][gc,age      ] GC(48) - age   1:    1003056 bytes,    1003056 total
[2024-02-22T20:30:19.186+0000][7][gc,age      ] GC(48) - age   2:      18832 bytes,    1021888 total
[2024-02-22T20:30:19.186+0000][7][gc,age      ] GC(48) - age   3:     186256 bytes,    1208144 total
[2024-02-22T20:30:19.186+0000][7][gc,age      ] GC(48) - age   4:       2920 bytes,    1211064 total
[2024-02-22T20:30:19.186+0000][7][gc,age      ] GC(48) - age   5:     567872 bytes,    1778936 total
[2024-02-22T20:30:19.186+0000][7][gc,age      ] GC(48) - age   6:       1888 bytes,    1780824 total
[2024-02-22T20:30:19.186+0000][7][gc,age      ] GC(48) - age   7:       1688 bytes,    1782512 total
[2024-02-22T20:30:19.186+0000][7][gc,age      ] GC(48) - age   8:      17784 bytes,    1800296 total
[2024-02-22T20:30:19.186+0000][7][gc,age      ] GC(48) - age   9:       1648 bytes,    1801944 total
[2024-02-22T20:30:19.186+0000][7][gc,age      ] GC(48) - age  10:        808 bytes,    1802752 total
[2024-02-22T20:30:19.186+0000][7][gc,age      ] GC(48) - age  11:       1080 bytes,    1803832 total
[2024-02-22T20:30:19.186+0000][7][gc,age      ] GC(48) - age  12:       1504 bytes,    1805336 total
[2024-02-22T20:30:19.186+0000][7][gc,age      ] GC(48) - age  13:       1992 bytes,    1807328 total
[2024-02-22T20:30:19.186+0000][7][gc,age      ] GC(48) - age  14:       1856 bytes,    1809184 total
[2024-02-22T20:30:19.186+0000][7][gc,age      ] GC(48) - age  15:       1824 bytes,    1811008 total
[2024-02-22T20:30:19.186+0000][7][gc,heap     ] GC(48) Eden regions: 152->0(152)
[2024-02-22T20:30:19.186+0000][7][gc,heap     ] GC(48) Survivor regions: 1->1(20)
[2024-02-22T20:30:19.186+0000][7][gc,heap     ] GC(48) Old regions: 23->23
[2024-02-22T20:30:19.186+0000][7][gc,heap     ] GC(48) Archive regions: 2->2
[2024-02-22T20:30:19.186+0000][7][gc,heap     ] GC(48) Humongous regions: 0->0
[2024-02-22T20:30:19.186+0000][7][gc,metaspace] GC(48) Metaspace: 128028K(131648K)->128028K(131648K) NonClass: 111201K(113088K)->111201K(113088K) Class: 16827K(18560K)->16827K(18560K)
[2024-02-22T20:30:19.186+0000][7][gc          ] GC(48) Pause Young (Normal) (G1 Evacuation Pause) 704M->97M(1024M) 3.504ms
[2024-02-22T20:30:19.186+0000][7][gc,cpu      ] GC(48) User=0.02s Sys=0.00s Real=0.00s
[2024-02-22T20:30:19.186+0000][7][safepoint   ] Safepoint "G1CollectForAllocation", Time since last: 8555434884 ns, Reaching safepoint: 108985 ns, At safepoint: 3615724 ns, Total: 3724709 ns
[2024-02-22T20:30:50.190+0000][7][safepoint   ] Safepoint "Cleanup", Time since last: 31004135676 ns, Reaching safepoint: 98425 ns, At safepoint: 13234 ns, Total: 111659 ns
[2024-02-22T20:31:18.194+0000][7][safepoint   ] Safepoint "Cleanup", Time since last: 28003928715 ns, Reaching safepoint: 101874 ns, At safepoint: 23031 ns, Total: 124905 ns
[2024-02-22T20:31:31.196+0000][7][safepoint   ] Safepoint "Cleanup", Time since last: 13001853760 ns, Reaching safepoint: 195074 ns, At safepoint: 15990 ns, Total: 211064 ns
[2024-02-22T20:32:08.201+0000][7][safepoint   ] Safepoint "Cleanup", Time since last: 37004235881 ns, Reaching safepoint: 116304 ns, At safepoint: 11813 ns, Total: 128117 ns
[2024-02-22T20:32:18.202+0000][7][safepoint   ] Safepoint "Cleanup", Time since last: 10000848978 ns, Reaching safepoint: 106089 ns, At safepoint: 7048 ns, Total: 113137 ns
[2024-02-22T20:32:25.202+0000][7][safepoint   ] Safepoint "Cleanup", Time since last: 7000650281 ns, Reaching safepoint: 62501 ns, At safepoint: 5585 ns, Total: 68086 ns
[2024-02-22T20:32:39.204+0000][7][safepoint   ] Safepoint "Cleanup", Time since last: 14001819192 ns, Reaching safepoint: 87596 ns, At safepoint: 47662 ns, Total: 135258 ns
[2024-02-22T20:33:11.209+0000][7][safepoint   ] Safepoint "Cleanup", Time since last: 32004299697 ns, Reaching safepoint: 95845 ns, At safepoint: 11025 ns, Total: 106870 ns
[2024-02-22T20:33:44.212+0000][7][safepoint   ] Safepoint "Cleanup", Time since last: 33003621247 ns, Reaching safepoint: 74559 ns, At safepoint: 13199 ns, Total: 87758 ns
[2024-02-22T20:33:44.350+0000][7][gc,start    ] GC(49) Pause Young (Normal) (G1 Evacuation Pause)
[2024-02-22T20:33:44.350+0000][7][gc,task     ] GC(49) Using 8 workers of 8 for evacuation
[2024-02-22T20:33:44.350+0000][7][gc,age      ] GC(49) Desired survivor size 41943040 bytes, new threshold 15 (max threshold 15)
[2024-02-22T20:33:44.354+0000][7][gc,phases   ] GC(49)   Pre Evacuate Collection Set: 0.1ms
[2024-02-22T20:33:44.354+0000][7][gc,phases   ] GC(49)   Merge Heap Roots: 0.1ms
[2024-02-22T20:33:44.354+0000][7][gc,phases   ] GC(49)   Evacuate Collection Set: 2.2ms
[2024-02-22T20:33:44.354+0000][7][gc,phases   ] GC(49)   Post Evacuate Collection Set: 1.2ms
[2024-02-22T20:33:44.354+0000][7][gc,phases   ] GC(49)   Other: 0.1ms
[2024-02-22T20:33:44.354+0000][7][gc,age      ] GC(49) Age table with threshold 15 (max threshold 15)
[2024-02-22T20:33:44.354+0000][7][gc,age      ] GC(49) - age   1:    1791224 bytes,    1791224 total
[2024-02-22T20:33:44.354+0000][7][gc,age      ] GC(49) - age   2:       2168 bytes,    1793392 total
[2024-02-22T20:33:44.354+0000][7][gc,age      ] GC(49) - age   3:       1504 bytes,    1794896 total
[2024-02-22T20:33:44.354+0000][7][gc,age      ] GC(49) - age   4:      26184 bytes,    1821080 total
[2024-02-22T20:33:44.354+0000][7][gc,age      ] GC(49) - age   5:       2504 bytes,    1823584 total
[2024-02-22T20:33:44.354+0000][7][gc,age      ] GC(49) - age   6:     492784 bytes,    2316368 total
[2024-02-22T20:33:44.354+0000][7][gc,age      ] GC(49) - age   7:       1888 bytes,    2318256 total
[2024-02-22T20:33:44.354+0000][7][gc,age      ] GC(49) - age   8:       1688 bytes,    2319944 total
[2024-02-22T20:33:44.354+0000][7][gc,age      ] GC(49) - age   9:      17784 bytes,    2337728 total
[2024-02-22T20:33:44.354+0000][7][gc,age      ] GC(49) - age  10:       1648 bytes,    2339376 total
[2024-02-22T20:33:44.354+0000][7][gc,age      ] GC(49) - age  11:        808 bytes,    2340184 total
[2024-02-22T20:33:44.354+0000][7][gc,age      ] GC(49) - age  12:       1080 bytes,    2341264 total
[2024-02-22T20:33:44.354+0000][7][gc,age      ] GC(49) - age  13:       1504 bytes,    2342768 total
[2024-02-22T20:33:44.354+0000][7][gc,age      ] GC(49) - age  14:       1992 bytes,    2344760 total
[2024-02-22T20:33:44.354+0000][7][gc,age      ] GC(49) - age  15:       1856 bytes,    2346616 total
[2024-02-22T20:33:44.354+0000][7][gc,heap     ] GC(49) Eden regions: 152->0(152)
[2024-02-22T20:33:44.354+0000][7][gc,heap     ] GC(49) Survivor regions: 1->1(20)
[2024-02-22T20:33:44.354+0000][7][gc,heap     ] GC(49) Old regions: 23->23
[2024-02-22T20:33:44.354+0000][7][gc,heap     ] GC(49) Archive regions: 2->2
[2024-02-22T20:33:44.354+0000][7][gc,heap     ] GC(49) Humongous regions: 0->0
[2024-02-22T20:33:44.354+0000][7][gc,metaspace] GC(49) Metaspace: 128041K(131648K)->128041K(131648K) NonClass: 111214K(113088K)->111214K(113088K) Class: 16827K(18560K)->16827K(18560K)
[2024-02-22T20:33:44.354+0000][7][gc          ] GC(49) Pause Young (Normal) (G1 Evacuation Pause) 705M->97M(1024M) 4.194ms
[2024-02-22T20:33:44.354+0000][7][gc,cpu      ] GC(49) User=0.02s Sys=0.00s Real=0.00s
[2024-02-22T20:33:44.354+0000][7][safepoint   ] Safepoint "G1CollectForAllocation", Time since last: 137531744 ns, Reaching safepoint: 62305 ns, At safepoint: 4311761 ns, Total: 4374066 ns
[2024-02-22T20:33:49.355+0000][7][safepoint   ] Safepoint "Cleanup", Time since last: 5000865632 ns, Reaching safepoint: 118995 ns, At safepoint: 21020 ns, Total: 140015 ns
[2024-02-22T20:34:08.358+0000][7][safepoint   ] Safepoint "Cleanup", Time since last: 19002635405 ns, Reaching safepoint: 87663 ns, At safepoint: 8326 ns, Total: 95989 ns
[2024-02-22T20:35:04.366+0000][7][safepoint   ] Safepoint "Cleanup", Time since last: 56007452519 ns, Reaching safepoint: 122882 ns, At safepoint: 12947 ns, Total: 135829 ns
[2024-02-22T20:36:13.375+0000][7][safepoint   ] Safepoint "Cleanup", Time since last: 69009110015 ns, Reaching safepoint: 86902 ns, At safepoint: 8149 ns, Total: 95051 ns
[2024-02-22T20:36:19.376+0000][7][safepoint   ] Safepoint "Cleanup", Time since last: 6001110104 ns, Reaching safepoint: 109485 ns, At safepoint: 7366 ns, Total: 116851 ns
[2024-02-22T20:36:42.380+0000][7][safepoint   ] Safepoint "Cleanup", Time since last: 23003401661 ns, Reaching safepoint: 74989 ns, At safepoint: 6023 ns, Total: 81012 ns
[2024-02-22T20:36:49.381+0000][7][safepoint   ] Safepoint "Cleanup", Time since last: 7000993829 ns, Reaching safepoint: 105607 ns, At safepoint: 15909 ns, Total: 121516 ns
[2024-02-22T20:37:13.384+0000][7][safepoint   ] Safepoint "Cleanup", Time since last: 24003503806 ns, Reaching safepoint: 97619 ns, At safepoint: 6717 ns, Total: 104336 ns
[2024-02-22T20:37:18.385+0000][7][safepoint   ] Safepoint "Cleanup", Time since last: 5000496527 ns, Reaching safepoint: 110623 ns, At safepoint: 7757 ns, Total: 118380 ns
[2024-02-22T20:37:19.212+0000][7][gc,start    ] GC(50) Pause Young (Normal) (G1 Evacuation Pause)
[2024-02-22T20:37:19.213+0000][7][gc,task     ] GC(50) Using 8 workers of 8 for evacuation
[2024-02-22T20:37:19.213+0000][7][gc,age      ] GC(50) Desired survivor size 41943040 bytes, new threshold 15 (max threshold 15)
[2024-02-22T20:37:19.216+0000][7][gc,phases   ] GC(50)   Pre Evacuate Collection Set: 0.1ms
[2024-02-22T20:37:19.216+0000][7][gc,phases   ] GC(50)   Merge Heap Roots: 0.1ms
[2024-02-22T20:37:19.216+0000][7][gc,phases   ] GC(50)   Evacuate Collection Set: 2.0ms
[2024-02-22T20:37:19.216+0000][7][gc,phases   ] GC(50)   Post Evacuate Collection Set: 0.9ms
[2024-02-22T20:37:19.216+0000][7][gc,phases   ] GC(50)   Other: 0.1ms
[2024-02-22T20:37:19.216+0000][7][gc,age      ] GC(50) Age table with threshold 15 (max threshold 15)
[2024-02-22T20:37:19.216+0000][7][gc,age      ] GC(50) - age   1:    1169376 bytes,    1169376 total
[2024-02-22T20:37:19.216+0000][7][gc,age      ] GC(50) - age   2:     162272 bytes,    1331648 total
[2024-02-22T20:37:19.216+0000][7][gc,age      ] GC(50) - age   3:        792 bytes,    1332440 total
[2024-02-22T20:37:19.216+0000][7][gc,age      ] GC(50) - age   4:        944 bytes,    1333384 total
[2024-02-22T20:37:19.216+0000][7][gc,age      ] GC(50) - age   5:      25392 bytes,    1358776 total
[2024-02-22T20:37:19.216+0000][7][gc,age      ] GC(50) - age   6:       2120 bytes,    1360896 total
[2024-02-22T20:37:19.216+0000][7][gc,age      ] GC(50) - age   7:     492784 bytes,    1853680 total
[2024-02-22T20:37:19.216+0000][7][gc,age      ] GC(50) - age   8:       1888 bytes,    1855568 total
[2024-02-22T20:37:19.216+0000][7][gc,age      ] GC(50) - age   9:       1688 bytes,    1857256 total
[2024-02-22T20:37:19.216+0000][7][gc,age      ] GC(50) - age  10:      17784 bytes,    1875040 total
[2024-02-22T20:37:19.216+0000][7][gc,age      ] GC(50) - age  11:       1648 bytes,    1876688 total
[2024-02-22T20:37:19.216+0000][7][gc,age      ] GC(50) - age  12:        808 bytes,    1877496 total
[2024-02-22T20:37:19.216+0000][7][gc,age      ] GC(50) - age  13:       1080 bytes,    1878576 total
[2024-02-22T20:37:19.216+0000][7][gc,age      ] GC(50) - age  14:       1504 bytes,    1880080 total
[2024-02-22T20:37:19.216+0000][7][gc,age      ] GC(50) - age  15:       1808 bytes,    1881888 total
[2024-02-22T20:37:19.216+0000][7][gc,heap     ] GC(50) Eden regions: 152->0(152)
[2024-02-22T20:37:19.216+0000][7][gc,heap     ] GC(50) Survivor regions: 1->1(20)
[2024-02-22T20:37:19.216+0000][7][gc,heap     ] GC(50) Old regions: 23->23
[2024-02-22T20:37:19.216+0000][7][gc,heap     ] GC(50) Archive regions: 2->2
[2024-02-22T20:37:19.216+0000][7][gc,heap     ] GC(50) Humongous regions: 0->0
[2024-02-22T20:37:19.216+0000][7][gc,metaspace] GC(50) Metaspace: 128050K(131648K)->128050K(131648K) NonClass: 111223K(113088K)->111223K(113088K) Class: 16827K(18560K)->16827K(18560K)
[2024-02-22T20:37:19.216+0000][7][gc          ] GC(50) Pause Young (Normal) (G1 Evacuation Pause) 705M->97M(1024M) 3.632ms
[2024-02-22T20:37:19.216+0000][7][gc,cpu      ] GC(50) User=0.01s Sys=0.00s Real=0.00s
[2024-02-22T20:37:19.216+0000][7][safepoint   ] Safepoint "G1CollectForAllocation", Time since last: 827386096 ns, Reaching safepoint: 71284 ns, At safepoint: 3735524 ns, Total: 3806808 ns
[2024-02-22T20:37:43.220+0000][7][safepoint   ] Safepoint "Cleanup", Time since last: 24003289934 ns, Reaching safepoint: 137078 ns, At safepoint: 11048 ns, Total: 148126 ns
[2024-02-22T20:37:44.220+0000][7][safepoint   ] Safepoint "Cleanup", Time since last: 1000293910 ns, Reaching safepoint: 79121 ns, At safepoint: 10790 ns, Total: 89911 ns
[2024-02-22T20:37:48.221+0000][7][safepoint   ] Safepoint "Cleanup", Time since last: 4000418788 ns, Reaching safepoint: 121319 ns, At safepoint: 17464 ns, Total: 138783 ns
[2024-02-22T20:37:56.222+0000][7][safepoint   ] Safepoint "Cleanup", Time since last: 8001375872 ns, Reaching safepoint: 105472 ns, At safepoint: 11425 ns, Total: 116897 ns
[2024-02-22T20:38:11.224+0000][7][safepoint   ] Safepoint "Cleanup", Time since last: 15002005093 ns, Reaching safepoint: 106130 ns, At safepoint: 9575 ns, Total: 115705 ns
[2024-02-22T20:38:41.231+0000][7][safepoint   ] Safepoint "Cleanup", Time since last: 30007026403 ns, Reaching safepoint: 109585 ns, At safepoint: 10654 ns, Total: 120239 ns
[2024-02-22T20:39:44.239+0000][7][safepoint   ] Safepoint "Cleanup", Time since last: 63007174579 ns, Reaching safepoint: 60860 ns, At safepoint: 6209 ns, Total: 67069 ns
[2024-02-22T20:40:14.244+0000][7][safepoint   ] Safepoint "Cleanup", Time since last: 30004895226 ns, Reaching safepoint: 83811 ns, At safepoint: 9706 ns, Total: 93517 ns
[2024-02-22T20:40:18.244+0000][7][safepoint   ] Safepoint "Cleanup", Time since last: 4000504103 ns, Reaching safepoint: 101972 ns, At safepoint: 16514 ns, Total: 118486 ns
[2024-02-22T20:40:32.246+0000][7][safepoint   ] Safepoint "Cleanup", Time since last: 14001827201 ns, Reaching safepoint: 89163 ns, At safepoint: 7773 ns, Total: 96936 ns
[2024-02-22T20:40:55.256+0000][7][gc,start    ] GC(51) Pause Young (Normal) (G1 Evacuation Pause)
[2024-02-22T20:40:55.256+0000][7][gc,task     ] GC(51) Using 8 workers of 8 for evacuation
[2024-02-22T20:40:55.256+0000][7][gc,age      ] GC(51) Desired survivor size 41943040 bytes, new threshold 15 (max threshold 15)
[2024-02-22T20:40:55.259+0000][7][gc,phases   ] GC(51)   Pre Evacuate Collection Set: 0.1ms
[2024-02-22T20:40:55.259+0000][7][gc,phases   ] GC(51)   Merge Heap Roots: 0.1ms
[2024-02-22T20:40:55.259+0000][7][gc,phases   ] GC(51)   Evacuate Collection Set: 1.9ms
[2024-02-22T20:40:55.259+0000][7][gc,phases   ] GC(51)   Post Evacuate Collection Set: 0.8ms
[2024-02-22T20:40:55.259+0000][7][gc,phases   ] GC(51)   Other: 0.1ms
[2024-02-22T20:40:55.259+0000][7][gc,age      ] GC(51) Age table with threshold 15 (max threshold 15)
[2024-02-22T20:40:55.259+0000][7][gc,age      ] GC(51) - age   1:    1584536 bytes,    1584536 total
[2024-02-22T20:40:55.259+0000][7][gc,age      ] GC(51) - age   2:      14456 bytes,    1598992 total
[2024-02-22T20:40:55.259+0000][7][gc,age      ] GC(51) - age   3:      81648 bytes,    1680640 total
[2024-02-22T20:40:55.259+0000][7][gc,age      ] GC(51) - age   4:        792 bytes,    1681432 total
[2024-02-22T20:40:55.259+0000][7][gc,age      ] GC(51) - age   5:        944 bytes,    1682376 total
[2024-02-22T20:40:55.259+0000][7][gc,age      ] GC(51) - age   6:       1856 bytes,    1684232 total
[2024-02-22T20:40:55.259+0000][7][gc,age      ] GC(51) - age   7:       2120 bytes,    1686352 total
[2024-02-22T20:40:55.259+0000][7][gc,age      ] GC(51) - age   8:     492688 bytes,    2179040 total
[2024-02-22T20:40:55.259+0000][7][gc,age      ] GC(51) - age   9:       1888 bytes,    2180928 total
[2024-02-22T20:40:55.259+0000][7][gc,age      ] GC(51) - age  10:       1688 bytes,    2182616 total
[2024-02-22T20:40:55.259+0000][7][gc,age      ] GC(51) - age  11:      17784 bytes,    2200400 total
[2024-02-22T20:40:55.259+0000][7][gc,age      ] GC(51) - age  12:       1648 bytes,    2202048 total
[2024-02-22T20:40:55.259+0000][7][gc,age      ] GC(51) - age  13:        808 bytes,    2202856 total
[2024-02-22T20:40:55.259+0000][7][gc,age      ] GC(51) - age  14:       1080 bytes,    2203936 total
[2024-02-22T20:40:55.259+0000][7][gc,age      ] GC(51) - age  15:       1504 bytes,    2205440 total
[2024-02-22T20:40:55.259+0000][7][gc,heap     ] GC(51) Eden regions: 152->0(152)
[2024-02-22T20:40:55.259+0000][7][gc,heap     ] GC(51) Survivor regions: 1->1(20)
[2024-02-22T20:40:55.259+0000][7][gc,heap     ] GC(51) Old regions: 23->23
[2024-02-22T20:40:55.259+0000][7][gc,heap     ] GC(51) Archive regions: 2->2
[2024-02-22T20:40:55.259+0000][7][gc,heap     ] GC(51) Humongous regions: 0->0
[2024-02-22T20:40:55.259+0000][7][gc,metaspace] GC(51) Metaspace: 128140K(131776K)->128140K(131776K) NonClass: 111313K(113216K)->111313K(113216K) Class: 16827K(18560K)->16827K(18560K)
[2024-02-22T20:40:55.259+0000][7][gc          ] GC(51) Pause Young (Normal) (G1 Evacuation Pause) 705M->97M(1024M) 3.216ms
[2024-02-22T20:40:55.259+0000][7][gc,cpu      ] GC(51) User=0.02s Sys=0.00s Real=0.00s
[2024-02-22T20:40:55.259+0000][7][safepoint   ] Safepoint "G1CollectForAllocation", Time since last: 23009725530 ns, Reaching safepoint: 89339 ns, At safepoint: 3330694 ns, Total: 3420033 ns
[2024-02-22T20:40:56.260+0000][7][safepoint   ] Safepoint "Cleanup", Time since last: 1000174282 ns, Reaching safepoint: 122258 ns, At safepoint: 7209 ns, Total: 129467 ns
[2024-02-22T20:41:18.262+0000][7][safepoint   ] Safepoint "Cleanup", Time since last: 22002814181 ns, Reaching safepoint: 114981 ns, At safepoint: 13671 ns, Total: 128652 ns
[2024-02-22T20:43:12.276+0000][7][safepoint   ] Safepoint "Cleanup", Time since last: 114013783135 ns, Reaching safepoint: 148268 ns, At safepoint: 10914 ns, Total: 159182 ns
[2024-02-22T20:43:18.277+0000][7][safepoint   ] Safepoint "Cleanup", Time since last: 6000831763 ns, Reaching safepoint: 111906 ns, At safepoint: 5899 ns, Total: 117805 ns
[2024-02-22T20:43:42.281+0000][7][safepoint   ] Safepoint "Cleanup", Time since last: 24003679721 ns, Reaching safepoint: 78653 ns, At safepoint: 7153 ns, Total: 85806 ns
[2024-02-22T20:44:19.286+0000][7][safepoint   ] Safepoint "Cleanup", Time since last: 37004950570 ns, Reaching safepoint: 106271 ns, At safepoint: 11153 ns, Total: 117424 ns
[2024-02-22T20:44:25.274+0000][7][gc,start    ] GC(52) Pause Young (Normal) (G1 Evacuation Pause)
[2024-02-22T20:44:25.274+0000][7][gc,task     ] GC(52) Using 8 workers of 8 for evacuation
[2024-02-22T20:44:25.274+0000][7][gc,age      ] GC(52) Desired survivor size 41943040 bytes, new threshold 15 (max threshold 15)
[2024-02-22T20:44:25.277+0000][7][gc,phases   ] GC(52)   Pre Evacuate Collection Set: 0.1ms
[2024-02-22T20:44:25.277+0000][7][gc,phases   ] GC(52)   Merge Heap Roots: 0.1ms
[2024-02-22T20:44:25.277+0000][7][gc,phases   ] GC(52)   Evacuate Collection Set: 2.0ms
[2024-02-22T20:44:25.277+0000][7][gc,phases   ] GC(52)   Post Evacuate Collection Set: 0.9ms
[2024-02-22T20:44:25.277+0000][7][gc,phases   ] GC(52)   Other: 0.1ms
[2024-02-22T20:44:25.277+0000][7][gc,age      ] GC(52) Age table with threshold 15 (max threshold 15)
[2024-02-22T20:44:25.277+0000][7][gc,age      ] GC(52) - age   1:    1231064 bytes,    1231064 total
[2024-02-22T20:44:25.277+0000][7][gc,age      ] GC(52) - age   2:     162976 bytes,    1394040 total
[2024-02-22T20:44:25.277+0000][7][gc,age      ] GC(52) - age   3:       4264 bytes,    1398304 total
[2024-02-22T20:44:25.277+0000][7][gc,age      ] GC(52) - age   4:      78040 bytes,    1476344 total
[2024-02-22T20:44:25.277+0000][7][gc,age      ] GC(52) - age   5:        496 bytes,    1476840 total
[2024-02-22T20:44:25.277+0000][7][gc,age      ] GC(52) - age   6:        760 bytes,    1477600 total
[2024-02-22T20:44:25.277+0000][7][gc,age      ] GC(52) - age   7:       1856 bytes,    1479456 total
[2024-02-22T20:44:25.277+0000][7][gc,age      ] GC(52) - age   8:       2120 bytes,    1481576 total
[2024-02-22T20:44:25.277+0000][7][gc,age      ] GC(52) - age   9:     492688 bytes,    1974264 total
[2024-02-22T20:44:25.277+0000][7][gc,age      ] GC(52) - age  10:       1888 bytes,    1976152 total
[2024-02-22T20:44:25.277+0000][7][gc,age      ] GC(52) - age  11:       1688 bytes,    1977840 total
[2024-02-22T20:44:25.277+0000][7][gc,age      ] GC(52) - age  12:      17784 bytes,    1995624 total
[2024-02-22T20:44:25.277+0000][7][gc,age      ] GC(52) - age  13:       1648 bytes,    1997272 total
[2024-02-22T20:44:25.277+0000][7][gc,age      ] GC(52) - age  14:        808 bytes,    1998080 total
[2024-02-22T20:44:25.277+0000][7][gc,age      ] GC(52) - age  15:       1080 bytes,    1999160 total
[2024-02-22T20:44:25.277+0000][7][gc,heap     ] GC(52) Eden regions: 152->0(152)
[2024-02-22T20:44:25.277+0000][7][gc,heap     ] GC(52) Survivor regions: 1->1(20)
[2024-02-22T20:44:25.277+0000][7][gc,heap     ] GC(52) Old regions: 23->23
[2024-02-22T20:44:25.277+0000][7][gc,heap     ] GC(52) Archive regions: 2->2
[2024-02-22T20:44:25.277+0000][7][gc,heap     ] GC(52) Humongous regions: 0->0
[2024-02-22T20:44:25.277+0000][7][gc,metaspace] GC(52) Metaspace: 128140K(131776K)->128140K(131776K) NonClass: 111313K(113216K)->111313K(113216K) Class: 16827K(18560K)->16827K(18560K)
[2024-02-22T20:44:25.277+0000][7][gc          ] GC(52) Pause Young (Normal) (G1 Evacuation Pause) 705M->97M(1024M) 3.560ms
[2024-02-22T20:44:25.277+0000][7][gc,cpu      ] GC(52) User=0.02s Sys=0.00s Real=0.00s
[2024-02-22T20:44:25.277+0000][7][safepoint   ] Safepoint "G1CollectForAllocation", Time since last: 5987282661 ns, Reaching safepoint: 80151 ns, At safepoint: 3677589 ns, Total: 3757740 ns
[2024-02-22T20:45:02.282+0000][7][safepoint   ] Safepoint "Cleanup", Time since last: 37004676742 ns, Reaching safepoint: 80116 ns, At safepoint: 7820 ns, Total: 87936 ns
[2024-02-22T20:45:18.285+0000][7][safepoint   ] Safepoint "Cleanup", Time since last: 16002406392 ns, Reaching safepoint: 84146 ns, At safepoint: 8463 ns, Total: 92609 ns
[2024-02-22T20:45:35.287+0000][7][safepoint   ] Safepoint "Cleanup", Time since last: 17002411678 ns, Reaching safepoint: 91473 ns, At safepoint: 13446 ns, Total: 104919 ns
[2024-02-22T20:45:37.287+0000][7][safepoint   ] Safepoint "Cleanup", Time since last: 2000200521 ns, Reaching safepoint: 45523 ns, At safepoint: 3845 ns, Total: 49368 ns
[2024-02-22T20:46:58.298+0000][7][safepoint   ] Safepoint "Cleanup", Time since last: 81010573997 ns, Reaching safepoint: 76187 ns, At safepoint: 9223 ns, Total: 85410 ns
[2024-02-22T20:47:19.300+0000][7][safepoint   ] Safepoint "Cleanup", Time since last: 21002294828 ns, Reaching safepoint: 107943 ns, At safepoint: 9601 ns, Total: 117544 ns
[2024-02-22T20:47:55.273+0000][7][gc,start    ] GC(53) Pause Young (Normal) (G1 Evacuation Pause)
[2024-02-22T20:47:55.273+0000][7][gc,task     ] GC(53) Using 8 workers of 8 for evacuation
[2024-02-22T20:47:55.273+0000][7][gc,age      ] GC(53) Desired survivor size 41943040 bytes, new threshold 15 (max threshold 15)
[2024-02-22T20:47:55.276+0000][7][gc,phases   ] GC(53)   Pre Evacuate Collection Set: 0.1ms
[2024-02-22T20:47:55.276+0000][7][gc,phases   ] GC(53)   Merge Heap Roots: 0.1ms
[2024-02-22T20:47:55.276+0000][7][gc,phases   ] GC(53)   Evacuate Collection Set: 1.8ms
[2024-02-22T20:47:55.276+0000][7][gc,phases   ] GC(53)   Post Evacuate Collection Set: 0.8ms
[2024-02-22T20:47:55.276+0000][7][gc,phases   ] GC(53)   Other: 0.1ms
[2024-02-22T20:47:55.276+0000][7][gc,age      ] GC(53) Age table with threshold 15 (max threshold 15)
[2024-02-22T20:47:55.276+0000][7][gc,age      ] GC(53) - age   1:    1634112 bytes,    1634112 total
[2024-02-22T20:47:55.276+0000][7][gc,age      ] GC(53) - age   2:      42616 bytes,    1676728 total
[2024-02-22T20:47:55.276+0000][7][gc,age      ] GC(53) - age   3:     161240 bytes,    1837968 total
[2024-02-22T20:47:55.276+0000][7][gc,age      ] GC(53) - age   4:       3368 bytes,    1841336 total
[2024-02-22T20:47:55.276+0000][7][gc,age      ] GC(53) - age   5:      77648 bytes,    1918984 total
[2024-02-22T20:47:55.276+0000][7][gc,age      ] GC(53) - age   6:        496 bytes,    1919480 total
[2024-02-22T20:47:55.276+0000][7][gc,age      ] GC(53) - age   7:        728 bytes,    1920208 total
[2024-02-22T20:47:55.276+0000][7][gc,age      ] GC(53) - age   8:       1856 bytes,    1922064 total
[2024-02-22T20:47:55.276+0000][7][gc,age      ] GC(53) - age   9:       2120 bytes,    1924184 total
[2024-02-22T20:47:55.276+0000][7][gc,age      ] GC(53) - age  10:     492688 bytes,    2416872 total
[2024-02-22T20:47:55.276+0000][7][gc,age      ] GC(53) - age  11:       1888 bytes,    2418760 total
[2024-02-22T20:47:55.276+0000][7][gc,age      ] GC(53) - age  12:       1688 bytes,    2420448 total
[2024-02-22T20:47:55.276+0000][7][gc,age      ] GC(53) - age  13:      17784 bytes,    2438232 total
[2024-02-22T20:47:55.276+0000][7][gc,age      ] GC(53) - age  14:       1648 bytes,    2439880 total
[2024-02-22T20:47:55.276+0000][7][gc,age      ] GC(53) - age  15:        808 bytes,    2440688 total
[2024-02-22T20:47:55.276+0000][7][gc,heap     ] GC(53) Eden regions: 152->0(152)
[2024-02-22T20:47:55.276+0000][7][gc,heap     ] GC(53) Survivor regions: 1->1(20)
[2024-02-22T20:47:55.276+0000][7][gc,heap     ] GC(53) Old regions: 23->23
[2024-02-22T20:47:55.276+0000][7][gc,heap     ] GC(53) Archive regions: 2->2
[2024-02-22T20:47:55.276+0000][7][gc,heap     ] GC(53) Humongous regions: 0->0
[2024-02-22T20:47:55.276+0000][7][gc,metaspace] GC(53) Metaspace: 128147K(131776K)->128147K(131776K) NonClass: 111320K(113216K)->111320K(113216K) Class: 16827K(18560K)->16827K(18560K)
[2024-02-22T20:47:55.276+0000][7][gc          ] GC(53) Pause Young (Normal) (G1 Evacuation Pause) 705M->97M(1024M) 3.308ms
[2024-02-22T20:47:55.276+0000][7][gc,cpu      ] GC(53) User=0.01s Sys=0.00s Real=0.00s
[2024-02-22T20:47:55.276+0000][7][safepoint   ] Safepoint "G1CollectForAllocation", Time since last: 35972390982 ns, Reaching safepoint: 63680 ns, At safepoint: 3402015 ns, Total: 3465695 ns
[2024-02-22T20:48:18.280+0000][7][safepoint   ] Safepoint "Cleanup", Time since last: 23003154917 ns, Reaching safepoint: 178565 ns, At safepoint: 10306 ns, Total: 188871 ns
[2024-02-22T20:49:37.291+0000][7][safepoint   ] Safepoint "Cleanup", Time since last: 79010888497 ns, Reaching safepoint: 128456 ns, At safepoint: 7164 ns, Total: 135620 ns
[2024-02-22T20:50:18.296+0000][7][safepoint   ] Safepoint "Cleanup", Time since last: 41004967747 ns, Reaching safepoint: 119200 ns, At safepoint: 12680 ns, Total: 131880 ns
[2024-02-22T20:50:31.298+0000][7][safepoint   ] Safepoint "Cleanup", Time since last: 13001738953 ns, Reaching safepoint: 133810 ns, At safepoint: 34324 ns, Total: 168134 ns
[2024-02-22T20:50:50.301+0000][7][safepoint   ] Safepoint "Cleanup", Time since last: 19003150143 ns, Reaching safepoint: 111930 ns, At safepoint: 7203 ns, Total: 119133 ns
[2024-02-22T20:51:28.264+0000][7][gc,start    ] GC(54) Pause Young (Normal) (G1 Evacuation Pause)
[2024-02-22T20:51:28.264+0000][7][gc,task     ] GC(54) Using 8 workers of 8 for evacuation
[2024-02-22T20:51:28.264+0000][7][gc,age      ] GC(54) Desired survivor size 41943040 bytes, new threshold 15 (max threshold 15)
[2024-02-22T20:51:28.267+0000][7][gc,phases   ] GC(54)   Pre Evacuate Collection Set: 0.1ms
[2024-02-22T20:51:28.267+0000][7][gc,phases   ] GC(54)   Merge Heap Roots: 0.1ms
[2024-02-22T20:51:28.267+0000][7][gc,phases   ] GC(54)   Evacuate Collection Set: 1.7ms
[2024-02-22T20:51:28.267+0000][7][gc,phases   ] GC(54)   Post Evacuate Collection Set: 1.0ms
[2024-02-22T20:51:28.267+0000][7][gc,phases   ] GC(54)   Other: 0.1ms
[2024-02-22T20:51:28.267+0000][7][gc,age      ] GC(54) Age table with threshold 15 (max threshold 15)
[2024-02-22T20:51:28.267+0000][7][gc,age      ] GC(54) - age   1:     956480 bytes,     956480 total
[2024-02-22T20:51:28.268+0000][7][gc,age      ] GC(54) - age   2:      14128 bytes,     970608 total
[2024-02-22T20:51:28.268+0000][7][gc,age      ] GC(54) - age   3:      41224 bytes,    1011832 total
[2024-02-22T20:51:28.268+0000][7][gc,age      ] GC(54) - age   4:     161240 bytes,    1173072 total
[2024-02-22T20:51:28.268+0000][7][gc,age      ] GC(54) - age   5:       3368 bytes,    1176440 total
[2024-02-22T20:51:28.268+0000][7][gc,age      ] GC(54) - age   6:      77464 bytes,    1253904 total
[2024-02-22T20:51:28.268+0000][7][gc,age      ] GC(54) - age   7:        496 bytes,    1254400 total
[2024-02-22T20:51:28.268+0000][7][gc,age      ] GC(54) - age   8:        696 bytes,    1255096 total
[2024-02-22T20:51:28.268+0000][7][gc,age      ] GC(54) - age   9:       1856 bytes,    1256952 total
[2024-02-22T20:51:28.268+0000][7][gc,age      ] GC(54) - age  10:       2120 bytes,    1259072 total
[2024-02-22T20:51:28.268+0000][7][gc,age      ] GC(54) - age  11:     492688 bytes,    1751760 total
[2024-02-22T20:51:28.268+0000][7][gc,age      ] GC(54) - age  12:       1888 bytes,    1753648 total
[2024-02-22T20:51:28.268+0000][7][gc,age      ] GC(54) - age  13:       1688 bytes,    1755336 total
[2024-02-22T20:51:28.268+0000][7][gc,age      ] GC(54) - age  14:      17784 bytes,    1773120 total
[2024-02-22T20:51:28.268+0000][7][gc,age      ] GC(54) - age  15:       1648 bytes,    1774768 total
[2024-02-22T20:51:28.268+0000][7][gc,heap     ] GC(54) Eden regions: 152->0(152)
[2024-02-22T20:51:28.268+0000][7][gc,heap     ] GC(54) Survivor regions: 1->1(20)
[2024-02-22T20:51:28.268+0000][7][gc,heap     ] GC(54) Old regions: 23->23
[2024-02-22T20:51:28.268+0000][7][gc,heap     ] GC(54) Archive regions: 2->2
[2024-02-22T20:51:28.268+0000][7][gc,heap     ] GC(54) Humongous regions: 0->0
[2024-02-22T20:51:28.268+0000][7][gc,metaspace] GC(54) Metaspace: 128149K(131776K)->128149K(131776K) NonClass: 111322K(113216K)->111322K(113216K) Class: 16827K(18560K)->16827K(18560K)
[2024-02-22T20:51:28.268+0000][7][gc          ] GC(54) Pause Young (Normal) (G1 Evacuation Pause) 705M->97M(1024M) 3.414ms
[2024-02-22T20:51:28.268+0000][7][gc,cpu      ] GC(54) User=0.02s Sys=0.00s Real=0.00s
[2024-02-22T20:51:28.268+0000][7][safepoint   ] Safepoint "G1CollectForAllocation", Time since last: 37963318302 ns, Reaching safepoint: 83575 ns, At safepoint: 3521906 ns, Total: 3605481 ns
[2024-02-22T20:51:41.270+0000][7][safepoint   ] Safepoint "Cleanup", Time since last: 13001663085 ns, Reaching safepoint: 92356 ns, At safepoint: 43656 ns, Total: 136012 ns
[2024-02-22T20:52:42.277+0000][7][safepoint   ] Safepoint "Cleanup", Time since last: 61007815924 ns, Reaching safepoint: 95682 ns, At safepoint: 12809 ns, Total: 108491 ns
[2024-02-22T20:52:56.279+0000][7][safepoint   ] Safepoint "Cleanup", Time since last: 14001590540 ns, Reaching safepoint: 52954 ns, At safepoint: 39658 ns, Total: 92612 ns
[2024-02-22T20:53:42.285+0000][7][safepoint   ] Safepoint "Cleanup", Time since last: 46005473197 ns, Reaching safepoint: 88873 ns, At safepoint: 49589 ns, Total: 138462 ns
[2024-02-22T20:54:14.289+0000][7][safepoint   ] Safepoint "Cleanup", Time since last: 32004062850 ns, Reaching safepoint: 93471 ns, At safepoint: 8066 ns, Total: 101537 ns
[2024-02-22T20:54:20.290+0000][7][safepoint   ] Safepoint "Cleanup", Time since last: 6001174317 ns, Reaching safepoint: 131409 ns, At safepoint: 11959 ns, Total: 143368 ns
[2024-02-22T20:55:01.310+0000][7][gc,start    ] GC(55) Pause Young (Normal) (G1 Evacuation Pause)
[2024-02-22T20:55:01.310+0000][7][gc,task     ] GC(55) Using 8 workers of 8 for evacuation
[2024-02-22T20:55:01.310+0000][7][gc,age      ] GC(55) Desired survivor size 41943040 bytes, new threshold 15 (max threshold 15)
[2024-02-22T20:55:01.313+0000][7][gc,phases   ] GC(55)   Pre Evacuate Collection Set: 0.1ms
[2024-02-22T20:55:01.313+0000][7][gc,phases   ] GC(55)   Merge Heap Roots: 0.1ms
[2024-02-22T20:55:01.313+0000][7][gc,phases   ] GC(55)   Evacuate Collection Set: 1.8ms
[2024-02-22T20:55:01.313+0000][7][gc,phases   ] GC(55)   Post Evacuate Collection Set: 0.9ms
[2024-02-22T20:55:01.313+0000][7][gc,phases   ] GC(55)   Other: 0.1ms
[2024-02-22T20:55:01.313+0000][7][gc,age      ] GC(55) Age table with threshold 15 (max threshold 15)
[2024-02-22T20:55:01.313+0000][7][gc,age      ] GC(55) - age   1:    1377136 bytes,    1377136 total
[2024-02-22T20:55:01.313+0000][7][gc,age      ] GC(55) - age   2:       1144 bytes,    1378280 total
[2024-02-22T20:55:01.313+0000][7][gc,age      ] GC(55) - age   3:      11104 bytes,    1389384 total
[2024-02-22T20:55:01.313+0000][7][gc,age      ] GC(55) - age   4:      29376 bytes,    1418760 total
[2024-02-22T20:55:01.313+0000][7][gc,age      ] GC(55) - age   5:     161240 bytes,    1580000 total
[2024-02-22T20:55:01.313+0000][7][gc,age      ] GC(55) - age   6:       3368 bytes,    1583368 total
[2024-02-22T20:55:01.313+0000][7][gc,age      ] GC(55) - age   7:      77464 bytes,    1660832 total
[2024-02-22T20:55:01.313+0000][7][gc,age      ] GC(55) - age   8:        496 bytes,    1661328 total
[2024-02-22T20:55:01.313+0000][7][gc,age      ] GC(55) - age   9:        696 bytes,    1662024 total
[2024-02-22T20:55:01.313+0000][7][gc,age      ] GC(55) - age  10:       1856 bytes,    1663880 total
[2024-02-22T20:55:01.313+0000][7][gc,age      ] GC(55) - age  11:       2120 bytes,    1666000 total
[2024-02-22T20:55:01.313+0000][7][gc,age      ] GC(55) - age  12:     492688 bytes,    2158688 total
[2024-02-22T20:55:01.313+0000][7][gc,age      ] GC(55) - age  13:       1888 bytes,    2160576 total
[2024-02-22T20:55:01.313+0000][7][gc,age      ] GC(55) - age  14:       1688 bytes,    2162264 total
[2024-02-22T20:55:01.313+0000][7][gc,age      ] GC(55) - age  15:      17784 bytes,    2180048 total
[2024-02-22T20:55:01.313+0000][7][gc,heap     ] GC(55) Eden regions: 152->0(152)
[2024-02-22T20:55:01.313+0000][7][gc,heap     ] GC(55) Survivor regions: 1->1(20)
[2024-02-22T20:55:01.313+0000][7][gc,heap     ] GC(55) Old regions: 23->23
[2024-02-22T20:55:01.313+0000][7][gc,heap     ] GC(55) Archive regions: 2->2
[2024-02-22T20:55:01.313+0000][7][gc,heap     ] GC(55) Humongous regions: 0->0
[2024-02-22T20:55:01.313+0000][7][gc,metaspace] GC(55) Metaspace: 128154K(131776K)->128154K(131776K) NonClass: 111327K(113216K)->111327K(113216K) Class: 16827K(18560K)->16827K(18560K)
[2024-02-22T20:55:01.313+0000][7][gc          ] GC(55) Pause Young (Normal) (G1 Evacuation Pause) 705M->97M(1024M) 3.310ms
[2024-02-22T20:55:01.313+0000][7][gc,cpu      ] GC(55) User=0.02s Sys=0.00s Real=0.00s
[2024-02-22T20:55:01.313+0000][7][safepoint   ] Safepoint "G1CollectForAllocation", Time since last: 41019152831 ns, Reaching safepoint: 77571 ns, At safepoint: 3416745 ns, Total: 3494316 ns
[2024-02-22T20:55:08.314+0000][7][safepoint   ] Safepoint "Cleanup", Time since last: 7001052183 ns, Reaching safepoint: 117258 ns, At safepoint: 8310 ns, Total: 125568 ns
[2024-02-22T20:55:14.315+0000][7][safepoint   ] Safepoint "Cleanup", Time since last: 6000774898 ns, Reaching safepoint: 53510 ns, At safepoint: 6798 ns, Total: 60308 ns
[2024-02-22T20:55:42.974+0000][7][safepoint   ] Safepoint "Cleanup", Time since last: 28659005870 ns, Reaching safepoint: 96795 ns, At safepoint: 11305 ns, Total: 108100 ns
[2024-02-22T20:56:17.980+0000][7][safepoint   ] Safepoint "Cleanup", Time since last: 35005551703 ns, Reaching safepoint: 100889 ns, At safepoint: 11659 ns, Total: 112548 ns
[2024-02-22T20:56:20.980+0000][7][safepoint   ] Safepoint "Cleanup", Time since last: 3000422908 ns, Reaching safepoint: 76239 ns, At safepoint: 11469 ns, Total: 87708 ns
[2024-02-22T20:57:01.357+0000][7][safepoint   ] Safepoint "Cleanup", Time since last: 40376735672 ns, Reaching safepoint: 130257 ns, At safepoint: 19904 ns, Total: 150161 ns
[2024-02-22T20:57:19.360+0000][7][safepoint   ] Safepoint "Cleanup", Time since last: 18002373393 ns, Reaching safepoint: 91321 ns, At safepoint: 5879 ns, Total: 97200 ns
[2024-02-22T20:58:31.360+0000][7][gc,start    ] GC(56) Pause Young (Normal) (G1 Evacuation Pause)
[2024-02-22T20:58:31.360+0000][7][gc,task     ] GC(56) Using 8 workers of 8 for evacuation
[2024-02-22T20:58:31.360+0000][7][gc,age      ] GC(56) Desired survivor size 41943040 bytes, new threshold 15 (max threshold 15)
[2024-02-22T20:58:31.363+0000][7][gc,phases   ] GC(56)   Pre Evacuate Collection Set: 0.1ms
[2024-02-22T20:58:31.363+0000][7][gc,phases   ] GC(56)   Merge Heap Roots: 0.1ms
[2024-02-22T20:58:31.363+0000][7][gc,phases   ] GC(56)   Evacuate Collection Set: 1.7ms
[2024-02-22T20:58:31.363+0000][7][gc,phases   ] GC(56)   Post Evacuate Collection Set: 0.6ms
[2024-02-22T20:58:31.363+0000][7][gc,phases   ] GC(56)   Other: 0.1ms
[2024-02-22T20:58:31.363+0000][7][gc,age      ] GC(56) Age table with threshold 15 (max threshold 15)
[2024-02-22T20:58:31.363+0000][7][gc,age      ] GC(56) - age   1:    1849584 bytes,    1849584 total
[2024-02-22T20:58:31.363+0000][7][gc,age      ] GC(56) - age   2:       6280 bytes,    1855864 total
[2024-02-22T20:58:31.363+0000][7][gc,age      ] GC(56) - age   3:        344 bytes,    1856208 total
[2024-02-22T20:58:31.363+0000][7][gc,age      ] GC(56) - age   4:      10224 bytes,    1866432 total
[2024-02-22T20:58:31.363+0000][7][gc,age      ] GC(56) - age   5:      29376 bytes,    1895808 total
[2024-02-22T20:58:31.363+0000][7][gc,age      ] GC(56) - age   6:     161240 bytes,    2057048 total
[2024-02-22T20:58:31.363+0000][7][gc,age      ] GC(56) - age   7:       2952 bytes,    2060000 total
[2024-02-22T20:58:31.363+0000][7][gc,age      ] GC(56) - age   8:      77464 bytes,    2137464 total
[2024-02-22T20:58:31.363+0000][7][gc,age      ] GC(56) - age   9:        312 bytes,    2137776 total
[2024-02-22T20:58:31.363+0000][7][gc,age      ] GC(56) - age  10:        696 bytes,    2138472 total
[2024-02-22T20:58:31.363+0000][7][gc,age      ] GC(56) - age  11:       1856 bytes,    2140328 total
[2024-02-22T20:58:31.363+0000][7][gc,age      ] GC(56) - age  12:       2120 bytes,    2142448 total
[2024-02-22T20:58:31.363+0000][7][gc,age      ] GC(56) - age  13:     492688 bytes,    2635136 total
[2024-02-22T20:58:31.363+0000][7][gc,age      ] GC(56) - age  14:       1888 bytes,    2637024 total
[2024-02-22T20:58:31.363+0000][7][gc,age      ] GC(56) - age  15:       1688 bytes,    2638712 total
[2024-02-22T20:58:31.363+0000][7][gc,heap     ] GC(56) Eden regions: 152->0(152)
[2024-02-22T20:58:31.363+0000][7][gc,heap     ] GC(56) Survivor regions: 1->1(20)
[2024-02-22T20:58:31.363+0000][7][gc,heap     ] GC(56) Old regions: 23->23
[2024-02-22T20:58:31.363+0000][7][gc,heap     ] GC(56) Archive regions: 2->2
[2024-02-22T20:58:31.363+0000][7][gc,heap     ] GC(56) Humongous regions: 0->0
[2024-02-22T20:58:31.363+0000][7][gc,metaspace] GC(56) Metaspace: 128156K(131776K)->128156K(131776K) NonClass: 111329K(113216K)->111329K(113216K) Class: 16827K(18560K)->16827K(18560K)
[2024-02-22T20:58:31.363+0000][7][gc          ] GC(56) Pause Young (Normal) (G1 Evacuation Pause) 705M->98M(1024M) 2.923ms
[2024-02-22T20:58:31.363+0000][7][gc,cpu      ] GC(56) User=0.01s Sys=0.00s Real=0.00s
[2024-02-22T20:58:31.363+0000][7][safepoint   ] Safepoint "G1CollectForAllocation", Time since last: 72000389213 ns, Reaching safepoint: 55068 ns, At safepoint: 3015972 ns, Total: 3071040 ns
[2024-02-22T20:58:41.365+0000][7][safepoint   ] Safepoint "Cleanup", Time since last: 10001422155 ns, Reaching safepoint: 119875 ns, At safepoint: 7071 ns, Total: 126946 ns
[2024-02-22T21:00:49.381+0000][7][safepoint   ] Safepoint "Cleanup", Time since last: 128016288120 ns, Reaching safepoint: 122169 ns, At safepoint: 5153 ns, Total: 127322 ns
[2024-02-22T21:00:50.381+0000][7][safepoint   ] Safepoint "Cleanup", Time since last: 1000237454 ns, Reaching safepoint: 98307 ns, At safepoint: 8805 ns, Total: 107112 ns
[2024-02-22T21:01:13.385+0000][7][safepoint   ] Safepoint "Cleanup", Time since last: 23003403195 ns, Reaching safepoint: 79110 ns, At safepoint: 38603 ns, Total: 117713 ns
[2024-02-22T21:01:14.385+0000][7][safepoint   ] Safepoint "Cleanup", Time since last: 1000218713 ns, Reaching safepoint: 81187 ns, At safepoint: 12250 ns, Total: 93437 ns
[2024-02-22T21:01:18.386+0000][7][safepoint   ] Safepoint "Cleanup", Time since last: 4000538093 ns, Reaching safepoint: 113229 ns, At safepoint: 6362 ns, Total: 119591 ns
[2024-02-22T21:01:31.388+0000][7][safepoint   ] Safepoint "Cleanup", Time since last: 13001606712 ns, Reaching safepoint: 133830 ns, At safepoint: 12765 ns, Total: 146595 ns
[2024-02-22T21:02:01.737+0000][7][gc,start    ] GC(57) Pause Young (Normal) (G1 Evacuation Pause)
[2024-02-22T21:02:01.737+0000][7][gc,task     ] GC(57) Using 8 workers of 8 for evacuation
[2024-02-22T21:02:01.737+0000][7][gc,age      ] GC(57) Desired survivor size 41943040 bytes, new threshold 15 (max threshold 15)
[2024-02-22T21:02:01.740+0000][7][gc,phases   ] GC(57)   Pre Evacuate Collection Set: 0.1ms
[2024-02-22T21:02:01.741+0000][7][gc,phases   ] GC(57)   Merge Heap Roots: 0.1ms
[2024-02-22T21:02:01.741+0000][7][gc,phases   ] GC(57)   Evacuate Collection Set: 2.0ms
[2024-02-22T21:02:01.741+0000][7][gc,phases   ] GC(57)   Post Evacuate Collection Set: 0.9ms
[2024-02-22T21:02:01.741+0000][7][gc,phases   ] GC(57)   Other: 0.1ms
[2024-02-22T21:02:01.741+0000][7][gc,age      ] GC(57) Age table with threshold 15 (max threshold 15)
[2024-02-22T21:02:01.741+0000][7][gc,age      ] GC(57) - age   1:    1287088 bytes,    1287088 total
[2024-02-22T21:02:01.741+0000][7][gc,age      ] GC(57) - age   2:      12208 bytes,    1299296 total
[2024-02-22T21:02:01.741+0000][7][gc,age      ] GC(57) - age   3:       3976 bytes,    1303272 total
[2024-02-22T21:02:01.741+0000][7][gc,age      ] GC(57) - age   4:        216 bytes,    1303488 total
[2024-02-22T21:02:01.741+0000][7][gc,age      ] GC(57) - age   5:      10224 bytes,    1313712 total
[2024-02-22T21:02:01.741+0000][7][gc,age      ] GC(57) - age   6:      29376 bytes,    1343088 total
[2024-02-22T21:02:01.741+0000][7][gc,age      ] GC(57) - age   7:     161240 bytes,    1504328 total
[2024-02-22T21:02:01.741+0000][7][gc,age      ] GC(57) - age   8:       2952 bytes,    1507280 total
[2024-02-22T21:02:01.741+0000][7][gc,age      ] GC(57) - age   9:      77464 bytes,    1584744 total
[2024-02-22T21:02:01.741+0000][7][gc,age      ] GC(57) - age  10:        312 bytes,    1585056 total
[2024-02-22T21:02:01.741+0000][7][gc,age      ] GC(57) - age  11:        696 bytes,    1585752 total
[2024-02-22T21:02:01.741+0000][7][gc,age      ] GC(57) - age  12:       1856 bytes,    1587608 total
[2024-02-22T21:02:01.741+0000][7][gc,age      ] GC(57) - age  13:       2120 bytes,    1589728 total
[2024-02-22T21:02:01.741+0000][7][gc,age      ] GC(57) - age  14:     492688 bytes,    2082416 total
[2024-02-22T21:02:01.741+0000][7][gc,age      ] GC(57) - age  15:       1888 bytes,    2084304 total
[2024-02-22T21:02:01.741+0000][7][gc,heap     ] GC(57) Eden regions: 152->0(152)
[2024-02-22T21:02:01.741+0000][7][gc,heap     ] GC(57) Survivor regions: 1->1(20)
[2024-02-22T21:02:01.741+0000][7][gc,heap     ] GC(57) Old regions: 23->23
[2024-02-22T21:02:01.741+0000][7][gc,heap     ] GC(57) Archive regions: 2->2
[2024-02-22T21:02:01.741+0000][7][gc,heap     ] GC(57) Humongous regions: 0->0
[2024-02-22T21:02:01.741+0000][7][gc,metaspace] GC(57) Metaspace: 128173K(131776K)->128173K(131776K) NonClass: 111346K(113216K)->111346K(113216K) Class: 16827K(18560K)->16827K(18560K)
[2024-02-22T21:02:01.741+0000][7][gc          ] GC(57) Pause Young (Normal) (G1 Evacuation Pause) 706M->97M(1024M) 3.648ms
[2024-02-22T21:02:01.741+0000][7][gc,cpu      ] GC(57) User=0.02s Sys=0.00s Real=0.01s
[2024-02-22T21:02:01.741+0000][7][safepoint   ] Safepoint "G1CollectForAllocation", Time since last: 30349407088 ns, Reaching safepoint: 63549 ns, At safepoint: 3755658 ns, Total: 3819207 ns
[2024-02-22T21:02:11.742+0000][7][safepoint   ] Safepoint "Cleanup", Time since last: 10001572015 ns, Reaching safepoint: 86894 ns, At safepoint: 8302 ns, Total: 95196 ns
[2024-02-22T21:02:41.747+0000][7][safepoint   ] Safepoint "Cleanup", Time since last: 30004180452 ns, Reaching safepoint: 68771 ns, At safepoint: 27041 ns, Total: 95812 ns
[2024-02-22T21:03:42.754+0000][7][safepoint   ] Safepoint "Cleanup", Time since last: 61007557979 ns, Reaching safepoint: 70470 ns, At safepoint: 7032 ns, Total: 77502 ns
[2024-02-22T21:05:01.763+0000][7][safepoint   ] Safepoint "Cleanup", Time since last: 79008280547 ns, Reaching safepoint: 98454 ns, At safepoint: 5980 ns, Total: 104434 ns
[2024-02-22T21:05:32.154+0000][7][gc,start    ] GC(58) Pause Young (Normal) (G1 Evacuation Pause)
[2024-02-22T21:05:32.155+0000][7][gc,task     ] GC(58) Using 8 workers of 8 for evacuation
[2024-02-22T21:05:32.155+0000][7][gc,age      ] GC(58) Desired survivor size 41943040 bytes, new threshold 15 (max threshold 15)
[2024-02-22T21:05:32.158+0000][7][gc,phases   ] GC(58)   Pre Evacuate Collection Set: 0.1ms
[2024-02-22T21:05:32.158+0000][7][gc,phases   ] GC(58)   Merge Heap Roots: 0.1ms
[2024-02-22T21:05:32.158+0000][7][gc,phases   ] GC(58)   Evacuate Collection Set: 2.1ms
[2024-02-22T21:05:32.158+0000][7][gc,phases   ] GC(58)   Post Evacuate Collection Set: 0.9ms
[2024-02-22T21:05:32.158+0000][7][gc,phases   ] GC(58)   Other: 0.1ms
[2024-02-22T21:05:32.158+0000][7][gc,age      ] GC(58) Age table with threshold 15 (max threshold 15)
[2024-02-22T21:05:32.158+0000][7][gc,age      ] GC(58) - age   1:    1917912 bytes,    1917912 total
[2024-02-22T21:05:32.158+0000][7][gc,age      ] GC(58) - age   2:       2984 bytes,    1920896 total
[2024-02-22T21:05:32.158+0000][7][gc,age      ] GC(58) - age   3:      10072 bytes,    1930968 total
[2024-02-22T21:05:32.158+0000][7][gc,age      ] GC(58) - age   4:        208 bytes,    1931176 total
[2024-02-22T21:05:32.158+0000][7][gc,age      ] GC(58) - age   5:        216 bytes,    1931392 total
[2024-02-22T21:05:32.158+0000][7][gc,age      ] GC(58) - age   6:       9832 bytes,    1941224 total
[2024-02-22T21:05:32.158+0000][7][gc,age      ] GC(58) - age   7:      29376 bytes,    1970600 total
[2024-02-22T21:05:32.158+0000][7][gc,age      ] GC(58) - age   8:     160968 bytes,    2131568 total
[2024-02-22T21:05:32.158+0000][7][gc,age      ] GC(58) - age   9:       2952 bytes,    2134520 total
[2024-02-22T21:05:32.158+0000][7][gc,age      ] GC(58) - age  10:      77464 bytes,    2211984 total
[2024-02-22T21:05:32.158+0000][7][gc,age      ] GC(58) - age  11:        312 bytes,    2212296 total
[2024-02-22T21:05:32.158+0000][7][gc,age      ] GC(58) - age  12:        696 bytes,    2212992 total
[2024-02-22T21:05:32.158+0000][7][gc,age      ] GC(58) - age  13:       1856 bytes,    2214848 total
[2024-02-22T21:05:32.158+0000][7][gc,age      ] GC(58) - age  14:       2120 bytes,    2216968 total
[2024-02-22T21:05:32.158+0000][7][gc,age      ] GC(58) - age  15:     492688 bytes,    2709656 total
[2024-02-22T21:05:32.158+0000][7][gc,heap     ] GC(58) Eden regions: 152->0(152)
[2024-02-22T21:05:32.158+0000][7][gc,heap     ] GC(58) Survivor regions: 1->1(20)
[2024-02-22T21:05:32.158+0000][7][gc,heap     ] GC(58) Old regions: 23->23
[2024-02-22T21:05:32.158+0000][7][gc,heap     ] GC(58) Archive regions: 2->2
[2024-02-22T21:05:32.158+0000][7][gc,heap     ] GC(58) Humongous regions: 0->0
[2024-02-22T21:05:32.158+0000][7][gc,metaspace] GC(58) Metaspace: 128177K(131776K)->128177K(131776K) NonClass: 111350K(113216K)->111350K(113216K) Class: 16827K(18560K)->16827K(18560K)
[2024-02-22T21:05:32.158+0000][7][gc          ] GC(58) Pause Young (Normal) (G1 Evacuation Pause) 705M->98M(1024M) 3.644ms
[2024-02-22T21:05:32.158+0000][7][gc,cpu      ] GC(58) User=0.02s Sys=0.00s Real=0.00s
[2024-02-22T21:05:32.158+0000][7][safepoint   ] Safepoint "G1CollectForAllocation", Time since last: 30391617754 ns, Reaching safepoint: 58828 ns, At safepoint: 3808862 ns, Total: 3867690 ns
[2024-02-22T21:05:35.159+0000][7][safepoint   ] Safepoint "Cleanup", Time since last: 3000369995 ns, Reaching safepoint: 114120 ns, At safepoint: 8342 ns, Total: 122462 ns
[2024-02-22T21:05:38.159+0000][7][safepoint   ] Safepoint "Cleanup", Time since last: 3000274713 ns, Reaching safepoint: 106981 ns, At safepoint: 7898 ns, Total: 114879 ns
[2024-02-22T21:06:02.161+0000][7][safepoint   ] Safepoint "Cleanup", Time since last: 24002063209 ns, Reaching safepoint: 78822 ns, At safepoint: 7054 ns, Total: 85876 ns
[2024-02-22T21:06:12.162+0000][7][safepoint   ] Safepoint "Cleanup", Time since last: 10001129830 ns, Reaching safepoint: 57782 ns, At safepoint: 7164 ns, Total: 64946 ns
[2024-02-22T21:07:14.169+0000][7][safepoint   ] Safepoint "Cleanup", Time since last: 62006847631 ns, Reaching safepoint: 77589 ns, At safepoint: 7190 ns, Total: 84779 ns
[2024-02-22T21:07:56.174+0000][7][safepoint   ] Safepoint "Cleanup", Time since last: 42004138064 ns, Reaching safepoint: 110614 ns, At safepoint: 16245 ns, Total: 126859 ns
[2024-02-22T21:09:01.356+0000][7][gc,start    ] GC(59) Pause Young (Normal) (G1 Evacuation Pause)
[2024-02-22T21:09:01.356+0000][7][gc,task     ] GC(59) Using 8 workers of 8 for evacuation
[2024-02-22T21:09:01.356+0000][7][gc,age      ] GC(59) Desired survivor size 41943040 bytes, new threshold 15 (max threshold 15)
[2024-02-22T21:09:01.359+0000][7][gc,phases   ] GC(59)   Pre Evacuate Collection Set: 0.1ms
[2024-02-22T21:09:01.359+0000][7][gc,phases   ] GC(59)   Merge Heap Roots: 0.1ms
[2024-02-22T21:09:01.359+0000][7][gc,phases   ] GC(59)   Evacuate Collection Set: 1.8ms
[2024-02-22T21:09:01.359+0000][7][gc,phases   ] GC(59)   Post Evacuate Collection Set: 0.9ms
[2024-02-22T21:09:01.359+0000][7][gc,phases   ] GC(59)   Other: 0.1ms
[2024-02-22T21:09:01.359+0000][7][gc,age      ] GC(59) Age table with threshold 15 (max threshold 15)
[2024-02-22T21:09:01.359+0000][7][gc,age      ] GC(59) - age   1:    1229632 bytes,    1229632 total
[2024-02-22T21:09:01.359+0000][7][gc,age      ] GC(59) - age   2:       9864 bytes,    1239496 total
[2024-02-22T21:09:01.359+0000][7][gc,age      ] GC(59) - age   3:        536 bytes,    1240032 total
[2024-02-22T21:09:01.359+0000][7][gc,age      ] GC(59) - age   4:       9112 bytes,    1249144 total
[2024-02-22T21:09:01.359+0000][7][gc,age      ] GC(59) - age   5:        208 bytes,    1249352 total
[2024-02-22T21:09:01.359+0000][7][gc,age      ] GC(59) - age   6:        216 bytes,    1249568 total
[2024-02-22T21:09:01.359+0000][7][gc,age      ] GC(59) - age   7:       9800 bytes,    1259368 total
[2024-02-22T21:09:01.359+0000][7][gc,age      ] GC(59) - age   8:      29376 bytes,    1288744 total
[2024-02-22T21:09:01.359+0000][7][gc,age      ] GC(59) - age   9:     160968 bytes,    1449712 total
[2024-02-22T21:09:01.359+0000][7][gc,age      ] GC(59) - age  10:       2952 bytes,    1452664 total
[2024-02-22T21:09:01.359+0000][7][gc,age      ] GC(59) - age  11:      77464 bytes,    1530128 total
[2024-02-22T21:09:01.359+0000][7][gc,age      ] GC(59) - age  12:        312 bytes,    1530440 total
[2024-02-22T21:09:01.359+0000][7][gc,age      ] GC(59) - age  13:        696 bytes,    1531136 total
[2024-02-22T21:09:01.359+0000][7][gc,age      ] GC(59) - age  14:       1856 bytes,    1532992 total
[2024-02-22T21:09:01.359+0000][7][gc,age      ] GC(59) - age  15:       2120 bytes,    1535112 total
[2024-02-22T21:09:01.359+0000][7][gc,heap     ] GC(59) Eden regions: 152->0(152)
[2024-02-22T21:09:01.359+0000][7][gc,heap     ] GC(59) Survivor regions: 1->1(20)
[2024-02-22T21:09:01.359+0000][7][gc,heap     ] GC(59) Old regions: 23->23
[2024-02-22T21:09:01.359+0000][7][gc,heap     ] GC(59) Archive regions: 2->2
[2024-02-22T21:09:01.359+0000][7][gc,heap     ] GC(59) Humongous regions: 0->0
[2024-02-22T21:09:01.359+0000][7][gc,metaspace] GC(59) Metaspace: 128180K(131776K)->128180K(131776K) NonClass: 111353K(113216K)->111353K(113216K) Class: 16827K(18560K)->16827K(18560K)
[2024-02-22T21:09:01.360+0000][7][gc          ] GC(59) Pause Young (Normal) (G1 Evacuation Pause) 706M->97M(1024M) 3.475ms
[2024-02-22T21:09:01.360+0000][7][gc,cpu      ] GC(59) User=0.01s Sys=0.00s Real=0.00s
[2024-02-22T21:09:01.360+0000][7][safepoint   ] Safepoint "G1CollectForAllocation", Time since last: 65182237970 ns, Reaching safepoint: 74690 ns, At safepoint: 3595290 ns, Total: 3669980 ns
[2024-02-22T21:09:08.406+0000][7][safepoint   ] Safepoint "Cleanup", Time since last: 7045926159 ns, Reaching safepoint: 127030 ns, At safepoint: 6960 ns, Total: 133990 ns
[2024-02-22T21:09:13.406+0000][7][safepoint   ] Safepoint "Cleanup", Time since last: 5000432217 ns, Reaching safepoint: 44691 ns, At safepoint: 6348 ns, Total: 51039 ns
[2024-02-22T21:09:25.407+0000][7][safepoint   ] Safepoint "Cleanup", Time since last: 12001148897 ns, Reaching safepoint: 99066 ns, At safepoint: 10835 ns, Total: 109901 ns
[2024-02-22T21:09:31.408+0000][7][safepoint   ] Safepoint "Cleanup", Time since last: 6000561245 ns, Reaching safepoint: 187455 ns, At safepoint: 21586 ns, Total: 209041 ns
[2024-02-22T21:10:23.415+0000][7][safepoint   ] Safepoint "Cleanup", Time since last: 52006611931 ns, Reaching safepoint: 321530 ns, At safepoint: 42725 ns, Total: 364255 ns
[2024-02-22T21:10:28.416+0000][7][safepoint   ] Safepoint "Cleanup", Time since last: 5000415540 ns, Reaching safepoint: 75411 ns, At safepoint: 5907 ns, Total: 81318 ns
[2024-02-22T21:12:34.330+0000][7][gc,start    ] GC(60) Pause Young (Normal) (G1 Evacuation Pause)
[2024-02-22T21:12:34.330+0000][7][gc,task     ] GC(60) Using 8 workers of 8 for evacuation
[2024-02-22T21:12:34.330+0000][7][gc,age      ] GC(60) Desired survivor size 41943040 bytes, new threshold 15 (max threshold 15)
[2024-02-22T21:12:34.333+0000][7][gc,phases   ] GC(60)   Pre Evacuate Collection Set: 0.1ms
[2024-02-22T21:12:34.333+0000][7][gc,phases   ] GC(60)   Merge Heap Roots: 0.1ms
[2024-02-22T21:12:34.333+0000][7][gc,phases   ] GC(60)   Evacuate Collection Set: 1.8ms
[2024-02-22T21:12:34.333+0000][7][gc,phases   ] GC(60)   Post Evacuate Collection Set: 0.8ms
[2024-02-22T21:12:34.333+0000][7][gc,phases   ] GC(60)   Other: 0.1ms
[2024-02-22T21:12:34.333+0000][7][gc,age      ] GC(60) Age table with threshold 15 (max threshold 15)
[2024-02-22T21:12:34.333+0000][7][gc,age      ] GC(60) - age   1:    1458800 bytes,    1458800 total
[2024-02-22T21:12:34.333+0000][7][gc,age      ] GC(60) - age   2:       3776 bytes,    1462576 total
[2024-02-22T21:12:34.333+0000][7][gc,age      ] GC(60) - age   3:       3984 bytes,    1466560 total
[2024-02-22T21:12:34.333+0000][7][gc,age      ] GC(60) - age   4:        472 bytes,    1467032 total
[2024-02-22T21:12:34.333+0000][7][gc,age      ] GC(60) - age   5:       1096 bytes,    1468128 total
[2024-02-22T21:12:34.333+0000][7][gc,age      ] GC(60) - age   6:        208 bytes,    1468336 total
[2024-02-22T21:12:34.333+0000][7][gc,age      ] GC(60) - age   7:        216 bytes,    1468552 total
[2024-02-22T21:12:34.333+0000][7][gc,age      ] GC(60) - age   8:       9616 bytes,    1478168 total
[2024-02-22T21:12:34.333+0000][7][gc,age      ] GC(60) - age   9:      29376 bytes,    1507544 total
[2024-02-22T21:12:34.333+0000][7][gc,age      ] GC(60) - age  10:     160968 bytes,    1668512 total
[2024-02-22T21:12:34.333+0000][7][gc,age      ] GC(60) - age  11:       2952 bytes,    1671464 total
[2024-02-22T21:12:34.333+0000][7][gc,age      ] GC(60) - age  12:      77464 bytes,    1748928 total
[2024-02-22T21:12:34.333+0000][7][gc,age      ] GC(60) - age  13:        312 bytes,    1749240 total
[2024-02-22T21:12:34.333+0000][7][gc,age      ] GC(60) - age  14:        696 bytes,    1749936 total
[2024-02-22T21:12:34.333+0000][7][gc,age      ] GC(60) - age  15:       1856 bytes,    1751792 total
[2024-02-22T21:12:34.333+0000][7][gc,heap     ] GC(60) Eden regions: 152->0(152)
[2024-02-22T21:12:34.333+0000][7][gc,heap     ] GC(60) Survivor regions: 1->1(20)
[2024-02-22T21:12:34.333+0000][7][gc,heap     ] GC(60) Old regions: 23->24
[2024-02-22T21:12:34.333+0000][7][gc,heap     ] GC(60) Archive regions: 2->2
[2024-02-22T21:12:34.333+0000][7][gc,heap     ] GC(60) Humongous regions: 0->0
[2024-02-22T21:12:34.333+0000][7][gc,metaspace] GC(60) Metaspace: 128186K(131776K)->128186K(131776K) NonClass: 111359K(113216K)->111359K(113216K) Class: 16827K(18560K)->16827K(18560K)
[2024-02-22T21:12:34.333+0000][7][gc          ] GC(60) Pause Young (Normal) (G1 Evacuation Pause) 705M->97M(1024M) 3.235ms
[2024-02-22T21:12:34.334+0000][7][gc,cpu      ] GC(60) User=0.02s Sys=0.00s Real=0.00s
[2024-02-22T21:12:34.334+0000][7][safepoint   ] Safepoint "G1CollectForAllocation", Time since last: 125914500307 ns, Reaching safepoint: 73656 ns, At safepoint: 3335408 ns, Total: 3409064 ns
[2024-02-22T21:13:18.338+0000][7][safepoint   ] Safepoint "Cleanup", Time since last: 44003969433 ns, Reaching safepoint: 104830 ns, At safepoint: 13713 ns, Total: 118543 ns
[2024-02-22T21:14:08.343+0000][7][safepoint   ] Safepoint "Cleanup", Time since last: 50005528244 ns, Reaching safepoint: 111912 ns, At safepoint: 11801 ns, Total: 123713 ns
[2024-02-22T21:14:12.344+0000][7][safepoint   ] Safepoint "Cleanup", Time since last: 4000667037 ns, Reaching safepoint: 68426 ns, At safepoint: 7921 ns, Total: 76347 ns
[2024-02-22T21:14:18.345+0000][7][safepoint   ] Safepoint "Cleanup", Time since last: 6000754445 ns, Reaching safepoint: 119044 ns, At safepoint: 9949 ns, Total: 128993 ns
[2024-02-22T21:14:38.347+0000][7][safepoint   ] Safepoint "Cleanup", Time since last: 20002415539 ns, Reaching safepoint: 144340 ns, At safepoint: 6630 ns, Total: 150970 ns
[2024-02-22T21:14:44.348+0000][7][safepoint   ] Safepoint "Cleanup", Time since last: 6000612447 ns, Reaching safepoint: 83583 ns, At safepoint: 10965 ns, Total: 94548 ns
[2024-02-22T21:14:56.350+0000][7][safepoint   ] Safepoint "Cleanup", Time since last: 12001420724 ns, Reaching safepoint: 118067 ns, At safepoint: 7123 ns, Total: 125190 ns
[2024-02-22T21:15:08.351+0000][7][safepoint   ] Safepoint "Cleanup", Time since last: 12001668213 ns, Reaching safepoint: 85502 ns, At safepoint: 6110 ns, Total: 91612 ns
[2024-02-22T21:15:18.353+0000][7][safepoint   ] Safepoint "Cleanup", Time since last: 10001010304 ns, Reaching safepoint: 104584 ns, At safepoint: 12864 ns, Total: 117448 ns
[2024-02-22T21:15:19.353+0000][7][safepoint   ] Safepoint "Cleanup", Time since last: 1000149196 ns, Reaching safepoint: 61598 ns, At safepoint: 6131 ns, Total: 67729 ns
[2024-02-22T21:15:20.353+0000][7][safepoint   ] Safepoint "Cleanup", Time since last: 1000148763 ns, Reaching safepoint: 71535 ns, At safepoint: 9318 ns, Total: 80853 ns
[2024-02-22T21:15:52.356+0000][7][gc,start    ] GC(61) Pause Young (Normal) (G1 Evacuation Pause)
[2024-02-22T21:15:52.356+0000][7][gc,task     ] GC(61) Using 8 workers of 8 for evacuation
[2024-02-22T21:15:52.356+0000][7][gc,age      ] GC(61) Desired survivor size 41943040 bytes, new threshold 15 (max threshold 15)
[2024-02-22T21:15:52.358+0000][7][gc,phases   ] GC(61)   Pre Evacuate Collection Set: 0.1ms
[2024-02-22T21:15:52.358+0000][7][gc,phases   ] GC(61)   Merge Heap Roots: 0.1ms
[2024-02-22T21:15:52.358+0000][7][gc,phases   ] GC(61)   Evacuate Collection Set: 1.1ms
[2024-02-22T21:15:52.358+0000][7][gc,phases   ] GC(61)   Post Evacuate Collection Set: 0.8ms
[2024-02-22T21:15:52.358+0000][7][gc,phases   ] GC(61)   Other: 0.1ms
[2024-02-22T21:15:52.358+0000][7][gc,age      ] GC(61) Age table with threshold 15 (max threshold 15)
[2024-02-22T21:15:52.358+0000][7][gc,age      ] GC(61) - age   1:     639120 bytes,     639120 total
[2024-02-22T21:15:52.358+0000][7][gc,age      ] GC(61) - age   2:       7768 bytes,     646888 total
[2024-02-22T21:15:52.358+0000][7][gc,age      ] GC(61) - age   3:        704 bytes,     647592 total
[2024-02-22T21:15:52.358+0000][7][gc,age      ] GC(61) - age   4:       3320 bytes,     650912 total
[2024-02-22T21:15:52.358+0000][7][gc,age      ] GC(61) - age   5:        472 bytes,     651384 total
[2024-02-22T21:15:52.358+0000][7][gc,age      ] GC(61) - age   6:       1064 bytes,     652448 total
[2024-02-22T21:15:52.358+0000][7][gc,age      ] GC(61) - age   7:        208 bytes,     652656 total
[2024-02-22T21:15:52.358+0000][7][gc,age      ] GC(61) - age   8:        184 bytes,     652840 total
[2024-02-22T21:15:52.358+0000][7][gc,age      ] GC(61) - age   9:       9616 bytes,     662456 total
[2024-02-22T21:15:52.358+0000][7][gc,age      ] GC(61) - age  10:      29376 bytes,     691832 total
[2024-02-22T21:15:52.358+0000][7][gc,age      ] GC(61) - age  11:     157800 bytes,     849632 total
[2024-02-22T21:15:52.358+0000][7][gc,age      ] GC(61) - age  12:       2952 bytes,     852584 total
[2024-02-22T21:15:52.358+0000][7][gc,age      ] GC(61) - age  13:      77464 bytes,     930048 total
[2024-02-22T21:15:52.358+0000][7][gc,age      ] GC(61) - age  14:        312 bytes,     930360 total
[2024-02-22T21:15:52.358+0000][7][gc,age      ] GC(61) - age  15:        696 bytes,     931056 total
[2024-02-22T21:15:52.358+0000][7][gc,heap     ] GC(61) Eden regions: 152->0(152)
[2024-02-22T21:15:52.358+0000][7][gc,heap     ] GC(61) Survivor regions: 1->1(20)
[2024-02-22T21:15:52.358+0000][7][gc,heap     ] GC(61) Old regions: 24->24
[2024-02-22T21:15:52.358+0000][7][gc,heap     ] GC(61) Archive regions: 2->2
[2024-02-22T21:15:52.358+0000][7][gc,heap     ] GC(61) Humongous regions: 0->0
[2024-02-22T21:15:52.358+0000][7][gc,metaspace] GC(61) Metaspace: 128190K(131776K)->128190K(131776K) NonClass: 111363K(113216K)->111363K(113216K) Class: 16827K(18560K)->16827K(18560K)
[2024-02-22T21:15:52.358+0000][7][gc          ] GC(61) Pause Young (Normal) (G1 Evacuation Pause) 705M->96M(1024M) 2.560ms
[2024-02-22T21:15:52.358+0000][7][gc,cpu      ] GC(61) User=0.00s Sys=0.00s Real=0.00s
[2024-02-22T21:15:52.359+0000][7][safepoint   ] Safepoint "G1CollectForAllocation", Time since last: 32002696652 ns, Reaching safepoint: 76178 ns, At safepoint: 2682130 ns, Total: 2758308 ns
[2024-02-22T21:16:12.361+0000][7][safepoint   ] Safepoint "Cleanup", Time since last: 20002352620 ns, Reaching safepoint: 81453 ns, At safepoint: 7062 ns, Total: 88515 ns
[2024-02-22T21:16:14.361+0000][7][safepoint   ] Safepoint "Cleanup", Time since last: 2000355981 ns, Reaching safepoint: 71904 ns, At safepoint: 7585 ns, Total: 79489 ns
[2024-02-22T21:16:20.363+0000][7][safepoint   ] Safepoint "Cleanup", Time since last: 6000897186 ns, Reaching safepoint: 220372 ns, At safepoint: 6794 ns, Total: 227166 ns
[2024-02-22T21:16:32.364+0000][7][safepoint   ] Safepoint "Cleanup", Time since last: 12001058255 ns, Reaching safepoint: 105395 ns, At safepoint: 7047 ns, Total: 112442 ns
[2024-02-22T21:16:42.365+0000][7][safepoint   ] Safepoint "Cleanup", Time since last: 10001063915 ns, Reaching safepoint: 90399 ns, At safepoint: 7922 ns, Total: 98321 ns
[2024-02-22T21:17:07.369+0000][7][safepoint   ] Safepoint "Cleanup", Time since last: 25003642462 ns, Reaching safepoint: 109907 ns, At safepoint: 11196 ns, Total: 121103 ns
[2024-02-22T21:19:04.383+0000][7][safepoint   ] Safepoint "Cleanup", Time since last: 117013895711 ns, Reaching safepoint: 59197 ns, At safepoint: 7202 ns, Total: 66399 ns
[2024-02-22T21:19:18.384+0000][7][safepoint   ] Safepoint "Cleanup", Time since last: 14001619314 ns, Reaching safepoint: 101824 ns, At safepoint: 11474 ns, Total: 113298 ns
[2024-02-22T21:19:22.368+0000][7][gc,start    ] GC(62) Pause Young (Normal) (G1 Evacuation Pause)
[2024-02-22T21:19:22.368+0000][7][gc,task     ] GC(62) Using 8 workers of 8 for evacuation
[2024-02-22T21:19:22.368+0000][7][gc,age      ] GC(62) Desired survivor size 41943040 bytes, new threshold 15 (max threshold 15)
[2024-02-22T21:19:22.370+0000][7][gc,phases   ] GC(62)   Pre Evacuate Collection Set: 0.1ms
[2024-02-22T21:19:22.370+0000][7][gc,phases   ] GC(62)   Merge Heap Roots: 0.1ms
[2024-02-22T21:19:22.370+0000][7][gc,phases   ] GC(62)   Evacuate Collection Set: 1.6ms
[2024-02-22T21:19:22.370+0000][7][gc,phases   ] GC(62)   Post Evacuate Collection Set: 0.8ms
[2024-02-22T21:19:22.370+0000][7][gc,phases   ] GC(62)   Other: 0.1ms
[2024-02-22T21:19:22.370+0000][7][gc,age      ] GC(62) Age table with threshold 15 (max threshold 15)
[2024-02-22T21:19:22.370+0000][7][gc,age      ] GC(62) - age   1:    1388952 bytes,    1388952 total
[2024-02-22T21:19:22.370+0000][7][gc,age      ] GC(62) - age   2:     150416 bytes,    1539368 total
[2024-02-22T21:19:22.370+0000][7][gc,age      ] GC(62) - age   3:       5104 bytes,    1544472 total
[2024-02-22T21:19:22.371+0000][7][gc,age      ] GC(62) - age   4:        320 bytes,    1544792 total
[2024-02-22T21:19:22.371+0000][7][gc,age      ] GC(62) - age   5:       2616 bytes,    1547408 total
[2024-02-22T21:19:22.371+0000][7][gc,age      ] GC(62) - age   6:        288 bytes,    1547696 total
[2024-02-22T21:19:22.371+0000][7][gc,age      ] GC(62) - age   7:        680 bytes,    1548376 total
[2024-02-22T21:19:22.371+0000][7][gc,age      ] GC(62) - age   8:        208 bytes,    1548584 total
[2024-02-22T21:19:22.371+0000][7][gc,age      ] GC(62) - age   9:        184 bytes,    1548768 total
[2024-02-22T21:19:22.371+0000][7][gc,age      ] GC(62) - age  10:       9616 bytes,    1558384 total
[2024-02-22T21:19:22.371+0000][7][gc,age      ] GC(62) - age  11:      29376 bytes,    1587760 total
[2024-02-22T21:19:22.371+0000][7][gc,age      ] GC(62) - age  12:     157800 bytes,    1745560 total
[2024-02-22T21:19:22.371+0000][7][gc,age      ] GC(62) - age  13:       2952 bytes,    1748512 total
[2024-02-22T21:19:22.371+0000][7][gc,age      ] GC(62) - age  14:      77464 bytes,    1825976 total
[2024-02-22T21:19:22.371+0000][7][gc,age      ] GC(62) - age  15:        312 bytes,    1826288 total
[2024-02-22T21:19:22.371+0000][7][gc,heap     ] GC(62) Eden regions: 152->0(152)
[2024-02-22T21:19:22.371+0000][7][gc,heap     ] GC(62) Survivor regions: 1->1(20)
[2024-02-22T21:19:22.371+0000][7][gc,heap     ] GC(62) Old regions: 24->24
[2024-02-22T21:19:22.371+0000][7][gc,heap     ] GC(62) Archive regions: 2->2
[2024-02-22T21:19:22.371+0000][7][gc,heap     ] GC(62) Humongous regions: 0->0
[2024-02-22T21:19:22.371+0000][7][gc,metaspace] GC(62) Metaspace: 128206K(131840K)->128206K(131840K) NonClass: 111379K(113280K)->111379K(113280K) Class: 16827K(18560K)->16827K(18560K)
[2024-02-22T21:19:22.371+0000][7][gc          ] GC(62) Pause Young (Normal) (G1 Evacuation Pause) 704M->97M(1024M) 3.098ms
[2024-02-22T21:19:22.371+0000][7][gc,cpu      ] GC(62) User=0.01s Sys=0.01s Real=0.01s
[2024-02-22T21:19:22.371+0000][7][safepoint   ] Safepoint "G1CollectForAllocation", Time since last: 3983120149 ns, Reaching safepoint: 80353 ns, At safepoint: 3211817 ns, Total: 3292170 ns
[2024-02-22T21:20:31.379+0000][7][safepoint   ] Safepoint "Cleanup", Time since last: 69008203788 ns, Reaching safepoint: 149534 ns, At safepoint: 12998 ns, Total: 162532 ns
[2024-02-22T21:22:46.393+0000][7][safepoint   ] Safepoint "Cleanup", Time since last: 135013895052 ns, Reaching safepoint: 66924 ns, At safepoint: 8659 ns, Total: 75583 ns
[2024-02-22T21:22:50.295+0000][7][gc,start    ] GC(63) Pause Young (Normal) (G1 Evacuation Pause)
[2024-02-22T21:22:50.296+0000][7][gc,task     ] GC(63) Using 8 workers of 8 for evacuation
[2024-02-22T21:22:50.296+0000][7][gc,age      ] GC(63) Desired survivor size 41943040 bytes, new threshold 15 (max threshold 15)
[2024-02-22T21:22:50.298+0000][7][gc,phases   ] GC(63)   Pre Evacuate Collection Set: 0.1ms
[2024-02-22T21:22:50.298+0000][7][gc,phases   ] GC(63)   Merge Heap Roots: 0.1ms
[2024-02-22T21:22:50.298+0000][7][gc,phases   ] GC(63)   Evacuate Collection Set: 1.5ms
[2024-02-22T21:22:50.298+0000][7][gc,phases   ] GC(63)   Post Evacuate Collection Set: 1.1ms
[2024-02-22T21:22:50.298+0000][7][gc,phases   ] GC(63)   Other: 0.1ms
[2024-02-22T21:22:50.298+0000][7][gc,age      ] GC(63) Age table with threshold 15 (max threshold 15)
[2024-02-22T21:22:50.298+0000][7][gc,age      ] GC(63) - age   1:    1840984 bytes,    1840984 total
[2024-02-22T21:22:50.298+0000][7][gc,age      ] GC(63) - age   2:       3272 bytes,    1844256 total
[2024-02-22T21:22:50.298+0000][7][gc,age      ] GC(63) - age   3:     147832 bytes,    1992088 total
[2024-02-22T21:22:50.298+0000][7][gc,age      ] GC(63) - age   4:       1352 bytes,    1993440 total
[2024-02-22T21:22:50.298+0000][7][gc,age      ] GC(63) - age   5:        320 bytes,    1993760 total
[2024-02-22T21:22:50.298+0000][7][gc,age      ] GC(63) - age   6:       2616 bytes,    1996376 total
[2024-02-22T21:22:50.298+0000][7][gc,age      ] GC(63) - age   7:        288 bytes,    1996664 total
[2024-02-22T21:22:50.298+0000][7][gc,age      ] GC(63) - age   8:        680 bytes,    1997344 total
[2024-02-22T21:22:50.298+0000][7][gc,age      ] GC(63) - age   9:        208 bytes,    1997552 total
[2024-02-22T21:22:50.298+0000][7][gc,age      ] GC(63) - age  10:        184 bytes,    1997736 total
[2024-02-22T21:22:50.298+0000][7][gc,age      ] GC(63) - age  11:       9616 bytes,    2007352 total
[2024-02-22T21:22:50.298+0000][7][gc,age      ] GC(63) - age  12:      29376 bytes,    2036728 total
[2024-02-22T21:22:50.298+0000][7][gc,age      ] GC(63) - age  13:     157800 bytes,    2194528 total
[2024-02-22T21:22:50.298+0000][7][gc,age      ] GC(63) - age  14:       2952 bytes,    2197480 total
[2024-02-22T21:22:50.298+0000][7][gc,age      ] GC(63) - age  15:      77464 bytes,    2274944 total
[2024-02-22T21:22:50.298+0000][7][gc,heap     ] GC(63) Eden regions: 152->0(152)
[2024-02-22T21:22:50.298+0000][7][gc,heap     ] GC(63) Survivor regions: 1->1(20)
[2024-02-22T21:22:50.298+0000][7][gc,heap     ] GC(63) Old regions: 24->24
[2024-02-22T21:22:50.298+0000][7][gc,heap     ] GC(63) Archive regions: 2->2
[2024-02-22T21:22:50.298+0000][7][gc,heap     ] GC(63) Humongous regions: 0->0
[2024-02-22T21:22:50.298+0000][7][gc,metaspace] GC(63) Metaspace: 128207K(131840K)->128207K(131840K) NonClass: 111380K(113280K)->111380K(113280K) Class: 16827K(18560K)->16827K(18560K)
[2024-02-22T21:22:50.299+0000][7][gc          ] GC(63) Pause Young (Normal) (G1 Evacuation Pause) 705M->98M(1024M) 3.059ms
[2024-02-22T21:22:50.299+0000][7][gc,cpu      ] GC(63) User=0.02s Sys=0.00s Real=0.00s
[2024-02-22T21:22:50.299+0000][7][safepoint   ] Safepoint "G1CollectForAllocation", Time since last: 3902298495 ns, Reaching safepoint: 53648 ns, At safepoint: 3162359 ns, Total: 3216007 ns
[2024-02-22T21:25:18.317+0000][7][safepoint   ] Safepoint "Cleanup", Time since last: 148018085160 ns, Reaching safepoint: 106372 ns, At safepoint: 6205 ns, Total: 112577 ns
[2024-02-22T21:26:19.415+0000][7][gc,start    ] GC(64) Pause Young (Normal) (G1 Evacuation Pause)
[2024-02-22T21:26:19.415+0000][7][gc,task     ] GC(64) Using 8 workers of 8 for evacuation
[2024-02-22T21:26:19.415+0000][7][gc,age      ] GC(64) Desired survivor size 41943040 bytes, new threshold 15 (max threshold 15)
[2024-02-22T21:26:19.418+0000][7][gc,phases   ] GC(64)   Pre Evacuate Collection Set: 0.1ms
[2024-02-22T21:26:19.418+0000][7][gc,phases   ] GC(64)   Merge Heap Roots: 0.1ms
[2024-02-22T21:26:19.418+0000][7][gc,phases   ] GC(64)   Evacuate Collection Set: 1.3ms
[2024-02-22T21:26:19.418+0000][7][gc,phases   ] GC(64)   Post Evacuate Collection Set: 0.8ms
[2024-02-22T21:26:19.418+0000][7][gc,phases   ] GC(64)   Other: 0.1ms
[2024-02-22T21:26:19.418+0000][7][gc,age      ] GC(64) Age table with threshold 15 (max threshold 15)
[2024-02-22T21:26:19.418+0000][7][gc,age      ] GC(64) - age   1:    1022824 bytes,    1022824 total
[2024-02-22T21:26:19.418+0000][7][gc,age      ] GC(64) - age   2:       7584 bytes,    1030408 total
[2024-02-22T21:26:19.418+0000][7][gc,age      ] GC(64) - age   3:       1448 bytes,    1031856 total
[2024-02-22T21:26:19.418+0000][7][gc,age      ] GC(64) - age   4:     147088 bytes,    1178944 total
[2024-02-22T21:26:19.418+0000][7][gc,age      ] GC(64) - age   5:       1352 bytes,    1180296 total
[2024-02-22T21:26:19.418+0000][7][gc,age      ] GC(64) - age   6:        288 bytes,    1180584 total
[2024-02-22T21:26:19.418+0000][7][gc,age      ] GC(64) - age   7:       2616 bytes,    1183200 total
[2024-02-22T21:26:19.418+0000][7][gc,age      ] GC(64) - age   8:        288 bytes,    1183488 total
[2024-02-22T21:26:19.418+0000][7][gc,age      ] GC(64) - age   9:        680 bytes,    1184168 total
[2024-02-22T21:26:19.418+0000][7][gc,age      ] GC(64) - age  10:        208 bytes,    1184376 total
[2024-02-22T21:26:19.418+0000][7][gc,age      ] GC(64) - age  12:       9616 bytes,    1193992 total
[2024-02-22T21:26:19.418+0000][7][gc,age      ] GC(64) - age  13:      29376 bytes,    1223368 total
[2024-02-22T21:26:19.418+0000][7][gc,age      ] GC(64) - age  14:     157800 bytes,    1381168 total
[2024-02-22T21:26:19.418+0000][7][gc,age      ] GC(64) - age  15:       2952 bytes,    1384120 total
[2024-02-22T21:26:19.418+0000][7][gc,heap     ] GC(64) Eden regions: 152->0(152)
[2024-02-22T21:26:19.418+0000][7][gc,heap     ] GC(64) Survivor regions: 1->1(20)
[2024-02-22T21:26:19.418+0000][7][gc,heap     ] GC(64) Old regions: 24->24
[2024-02-22T21:26:19.418+0000][7][gc,heap     ] GC(64) Archive regions: 2->2
[2024-02-22T21:26:19.418+0000][7][gc,heap     ] GC(64) Humongous regions: 0->0
[2024-02-22T21:26:19.418+0000][7][gc,metaspace] GC(64) Metaspace: 128211K(131840K)->128211K(131840K) NonClass: 111384K(113280K)->111384K(113280K) Class: 16827K(18560K)->16827K(18560K)
[2024-02-22T21:26:19.418+0000][7][gc          ] GC(64) Pause Young (Normal) (G1 Evacuation Pause) 706M->97M(1024M) 2.612ms
[2024-02-22T21:26:19.418+0000][7][gc,cpu      ] GC(64) User=0.01s Sys=0.00s Real=0.00s
[2024-02-22T21:26:19.418+0000][7][safepoint   ] Safepoint "G1CollectForAllocation", Time since last: 61098380380 ns, Reaching safepoint: 62875 ns, At safepoint: 2704894 ns, Total: 2767769 ns
[2024-02-22T21:26:32.420+0000][7][safepoint   ] Safepoint "Cleanup", Time since last: 13002018045 ns, Reaching safepoint: 84377 ns, At safepoint: 9659 ns, Total: 94036 ns
[2024-02-22T21:27:18.427+0000][7][safepoint   ] Safepoint "Cleanup", Time since last: 46006557093 ns, Reaching safepoint: 113897 ns, At safepoint: 11599 ns, Total: 125496 ns
[2024-02-22T21:29:51.535+0000][7][gc,start    ] GC(65) Pause Young (Normal) (G1 Evacuation Pause)
[2024-02-22T21:29:51.535+0000][7][gc,task     ] GC(65) Using 8 workers of 8 for evacuation
[2024-02-22T21:29:51.535+0000][7][gc,age      ] GC(65) Desired survivor size 41943040 bytes, new threshold 15 (max threshold 15)
[2024-02-22T21:29:51.538+0000][7][gc,phases   ] GC(65)   Pre Evacuate Collection Set: 0.1ms
[2024-02-22T21:29:51.538+0000][7][gc,phases   ] GC(65)   Merge Heap Roots: 0.1ms
[2024-02-22T21:29:51.538+0000][7][gc,phases   ] GC(65)   Evacuate Collection Set: 1.8ms
[2024-02-22T21:29:51.538+0000][7][gc,phases   ] GC(65)   Post Evacuate Collection Set: 0.9ms
[2024-02-22T21:29:51.538+0000][7][gc,phases   ] GC(65)   Other: 0.1ms
[2024-02-22T21:29:51.538+0000][7][gc,age      ] GC(65) Age table with threshold 15 (max threshold 15)
[2024-02-22T21:29:51.538+0000][7][gc,age      ] GC(65) - age   1:    1371888 bytes,    1371888 total
[2024-02-22T21:29:51.538+0000][7][gc,age      ] GC(65) - age   2:       3344 bytes,    1375232 total
[2024-02-22T21:29:51.538+0000][7][gc,age      ] GC(65) - age   3:       3960 bytes,    1379192 total
[2024-02-22T21:29:51.538+0000][7][gc,age      ] GC(65) - age   4:       1192 bytes,    1380384 total
[2024-02-22T21:29:51.538+0000][7][gc,age      ] GC(65) - age   5:     147088 bytes,    1527472 total
[2024-02-22T21:29:51.538+0000][7][gc,age      ] GC(65) - age   6:       1168 bytes,    1528640 total
[2024-02-22T21:29:51.538+0000][7][gc,age      ] GC(65) - age   7:        288 bytes,    1528928 total
[2024-02-22T21:29:51.538+0000][7][gc,age      ] GC(65) - age   8:       2616 bytes,    1531544 total
[2024-02-22T21:29:51.538+0000][7][gc,age      ] GC(65) - age   9:        288 bytes,    1531832 total
[2024-02-22T21:29:51.538+0000][7][gc,age      ] GC(65) - age  10:        680 bytes,    1532512 total
[2024-02-22T21:29:51.538+0000][7][gc,age      ] GC(65) - age  11:        208 bytes,    1532720 total
[2024-02-22T21:29:51.538+0000][7][gc,age      ] GC(65) - age  13:       9616 bytes,    1542336 total
[2024-02-22T21:29:51.538+0000][7][gc,age      ] GC(65) - age  14:      29376 bytes,    1571712 total
[2024-02-22T21:29:51.538+0000][7][gc,age      ] GC(65) - age  15:     157800 bytes,    1729512 total
[2024-02-22T21:29:51.538+0000][7][gc,heap     ] GC(65) Eden regions: 152->0(152)
[2024-02-22T21:29:51.538+0000][7][gc,heap     ] GC(65) Survivor regions: 1->1(20)
[2024-02-22T21:29:51.538+0000][7][gc,heap     ] GC(65) Old regions: 24->24
[2024-02-22T21:29:51.538+0000][7][gc,heap     ] GC(65) Archive regions: 2->2
[2024-02-22T21:29:51.538+0000][7][gc,heap     ] GC(65) Humongous regions: 0->0
[2024-02-22T21:29:51.538+0000][7][gc,metaspace] GC(65) Metaspace: 128213K(131840K)->128213K(131840K) NonClass: 111385K(113280K)->111385K(113280K) Class: 16827K(18560K)->16827K(18560K)
[2024-02-22T21:29:51.538+0000][7][gc          ] GC(65) Pause Young (Normal) (G1 Evacuation Pause) 705M->97M(1024M) 3.430ms
[2024-02-22T21:29:51.538+0000][7][gc,cpu      ] GC(65) User=0.01s Sys=0.00s Real=0.00s
[2024-02-22T21:29:51.538+0000][7][safepoint   ] Safepoint "G1CollectForAllocation", Time since last: 153107993482 ns, Reaching safepoint: 103131 ns, At safepoint: 3533688 ns, Total: 3636819 ns
[2024-02-22T21:29:55.539+0000][7][safepoint   ] Safepoint "Cleanup", Time since last: 4000563023 ns, Reaching safepoint: 130233 ns, At safepoint: 36217 ns, Total: 166450 ns
[2024-02-22T21:30:31.544+0000][7][safepoint   ] Safepoint "Cleanup", Time since last: 36004780083 ns, Reaching safepoint: 147893 ns, At safepoint: 16681 ns, Total: 164574 ns
[2024-02-22T21:31:18.550+0000][7][safepoint   ] Safepoint "Cleanup", Time since last: 47005415540 ns, Reaching safepoint: 63272 ns, At safepoint: 6930 ns, Total: 70202 ns
[2024-02-22T21:31:31.551+0000][7][safepoint   ] Safepoint "Cleanup", Time since last: 13001312063 ns, Reaching safepoint: 69687 ns, At safepoint: 43518 ns, Total: 113205 ns
[2024-02-22T21:32:46.648+0000][7][gc,start    ] GC(66) Pause Young (Normal) (G1 Evacuation Pause)
[2024-02-22T21:32:46.648+0000][7][gc,task     ] GC(66) Using 8 workers of 8 for evacuation
[2024-02-22T21:32:46.648+0000][7][gc,age      ] GC(66) Desired survivor size 41943040 bytes, new threshold 15 (max threshold 15)
[2024-02-22T21:32:46.650+0000][7][gc,phases   ] GC(66)   Pre Evacuate Collection Set: 0.1ms
[2024-02-22T21:32:46.650+0000][7][gc,phases   ] GC(66)   Merge Heap Roots: 0.1ms
[2024-02-22T21:32:46.650+0000][7][gc,phases   ] GC(66)   Evacuate Collection Set: 1.3ms
[2024-02-22T21:32:46.650+0000][7][gc,phases   ] GC(66)   Post Evacuate Collection Set: 0.6ms
[2024-02-22T21:32:46.650+0000][7][gc,phases   ] GC(66)   Other: 0.1ms
[2024-02-22T21:32:46.650+0000][7][gc,age      ] GC(66) Age table with threshold 15 (max threshold 15)
[2024-02-22T21:32:46.651+0000][7][gc,age      ] GC(66) - age   1:    1714144 bytes,    1714144 total
[2024-02-22T21:32:46.651+0000][7][gc,age      ] GC(66) - age   2:       2856 bytes,    1717000 total
[2024-02-22T21:32:46.651+0000][7][gc,age      ] GC(66) - age   3:       1472 bytes,    1718472 total
[2024-02-22T21:32:46.651+0000][7][gc,age      ] GC(66) - age   4:        320 bytes,    1718792 total
[2024-02-22T21:32:46.651+0000][7][gc,age      ] GC(66) - age   5:        616 bytes,    1719408 total
[2024-02-22T21:32:46.651+0000][7][gc,age      ] GC(66) - age   6:     147088 bytes,    1866496 total
[2024-02-22T21:32:46.651+0000][7][gc,age      ] GC(66) - age   7:       1168 bytes,    1867664 total
[2024-02-22T21:32:46.651+0000][7][gc,age      ] GC(66) - age   8:        288 bytes,    1867952 total
[2024-02-22T21:32:46.651+0000][7][gc,age      ] GC(66) - age   9:       2616 bytes,    1870568 total
[2024-02-22T21:32:46.651+0000][7][gc,age      ] GC(66) - age  10:        288 bytes,    1870856 total
[2024-02-22T21:32:46.651+0000][7][gc,age      ] GC(66) - age  11:        680 bytes,    1871536 total
[2024-02-22T21:32:46.651+0000][7][gc,age      ] GC(66) - age  12:        208 bytes,    1871744 total
[2024-02-22T21:32:46.651+0000][7][gc,age      ] GC(66) - age  14:       9616 bytes,    1881360 total
[2024-02-22T21:32:46.651+0000][7][gc,age      ] GC(66) - age  15:      29376 bytes,    1910736 total
[2024-02-22T21:32:46.651+0000][7][gc,heap     ] GC(66) Eden regions: 152->0(152)
[2024-02-22T21:32:46.651+0000][7][gc,heap     ] GC(66) Survivor regions: 1->1(20)
[2024-02-22T21:32:46.651+0000][7][gc,heap     ] GC(66) Old regions: 24->24
[2024-02-22T21:32:46.651+0000][7][gc,heap     ] GC(66) Archive regions: 2->2
[2024-02-22T21:32:46.651+0000][7][gc,heap     ] GC(66) Humongous regions: 0->0
[2024-02-22T21:32:46.651+0000][7][gc,metaspace] GC(66) Metaspace: 128214K(131840K)->128214K(131840K) NonClass: 111387K(113280K)->111387K(113280K) Class: 16827K(18560K)->16827K(18560K)
[2024-02-22T21:32:46.651+0000][7][gc          ] GC(66) Pause Young (Normal) (G1 Evacuation Pause) 705M->98M(1024M) 2.431ms
[2024-02-22T21:32:46.651+0000][7][gc,cpu      ] GC(66) User=0.01s Sys=0.00s Real=0.00s
[2024-02-22T21:32:46.651+0000][7][safepoint   ] Safepoint "G1CollectForAllocation", Time since last: 75097177577 ns, Reaching safepoint: 39134 ns, At safepoint: 2507544 ns, Total: 2546678 ns
[2024-02-22T21:33:15.654+0000][7][safepoint   ] Safepoint "Cleanup", Time since last: 29002927208 ns, Reaching safepoint: 117726 ns, At safepoint: 10714 ns, Total: 128440 ns
[2024-02-22T21:34:18.661+0000][7][safepoint   ] Safepoint "Cleanup", Time since last: 63007506052 ns, Reaching safepoint: 81824 ns, At safepoint: 5274 ns, Total: 87098 ns
[2024-02-22T21:34:41.664+0000][7][safepoint   ] Safepoint "Cleanup", Time since last: 23002581410 ns, Reaching safepoint: 70554 ns, At safepoint: 47035 ns, Total: 117589 ns
[2024-02-22T21:35:34.518+0000][7][gc,start    ] GC(67) Pause Young (Normal) (G1 Evacuation Pause)
[2024-02-22T21:35:34.518+0000][7][gc,task     ] GC(67) Using 8 workers of 8 for evacuation
[2024-02-22T21:35:34.518+0000][7][gc,age      ] GC(67) Desired survivor size 41943040 bytes, new threshold 15 (max threshold 15)
[2024-02-22T21:35:34.521+0000][7][gc,phases   ] GC(67)   Pre Evacuate Collection Set: 0.1ms
[2024-02-22T21:35:34.521+0000][7][gc,phases   ] GC(67)   Merge Heap Roots: 0.1ms
[2024-02-22T21:35:34.521+0000][7][gc,phases   ] GC(67)   Evacuate Collection Set: 1.3ms
[2024-02-22T21:35:34.521+0000][7][gc,phases   ] GC(67)   Post Evacuate Collection Set: 0.9ms
[2024-02-22T21:35:34.521+0000][7][gc,phases   ] GC(67)   Other: 0.1ms
[2024-02-22T21:35:34.521+0000][7][gc,age      ] GC(67) Age table with threshold 15 (max threshold 15)
[2024-02-22T21:35:34.521+0000][7][gc,age      ] GC(67) - age   1:    1258520 bytes,    1258520 total
[2024-02-22T21:35:34.521+0000][7][gc,age      ] GC(67) - age   2:       6472 bytes,    1264992 total
[2024-02-22T21:35:34.521+0000][7][gc,age      ] GC(67) - age   3:        280 bytes,    1265272 total
[2024-02-22T21:35:34.521+0000][7][gc,age      ] GC(67) - age   4:        784 bytes,    1266056 total
[2024-02-22T21:35:34.521+0000][7][gc,age      ] GC(67) - age   5:        320 bytes,    1266376 total
[2024-02-22T21:35:34.521+0000][7][gc,age      ] GC(67) - age   6:        616 bytes,    1266992 total
[2024-02-22T21:35:34.521+0000][7][gc,age      ] GC(67) - age   7:     139040 bytes,    1406032 total
[2024-02-22T21:35:34.521+0000][7][gc,age      ] GC(67) - age   8:       1168 bytes,    1407200 total
[2024-02-22T21:35:34.521+0000][7][gc,age      ] GC(67) - age   9:        288 bytes,    1407488 total
[2024-02-22T21:35:34.521+0000][7][gc,age      ] GC(67) - age  10:       2616 bytes,    1410104 total
[2024-02-22T21:35:34.521+0000][7][gc,age      ] GC(67) - age  11:        288 bytes,    1410392 total
[2024-02-22T21:35:34.521+0000][7][gc,age      ] GC(67) - age  12:        680 bytes,    1411072 total
[2024-02-22T21:35:34.521+0000][7][gc,age      ] GC(67) - age  13:        208 bytes,    1411280 total
[2024-02-22T21:35:34.521+0000][7][gc,age      ] GC(67) - age  15:       9616 bytes,    1420896 total
[2024-02-22T21:35:34.521+0000][7][gc,heap     ] GC(67) Eden regions: 152->0(152)
[2024-02-22T21:35:34.521+0000][7][gc,heap     ] GC(67) Survivor regions: 1->1(20)
[2024-02-22T21:35:34.521+0000][7][gc,heap     ] GC(67) Old regions: 24->24
[2024-02-22T21:35:34.521+0000][7][gc,heap     ] GC(67) Archive regions: 2->2
[2024-02-22T21:35:34.521+0000][7][gc,heap     ] GC(67) Humongous regions: 0->0
[2024-02-22T21:35:34.521+0000][7][gc,metaspace] GC(67) Metaspace: 128215K(131840K)->128215K(131840K) NonClass: 111388K(113280K)->111388K(113280K) Class: 16827K(18560K)->16827K(18560K)
[2024-02-22T21:35:34.521+0000][7][gc          ] GC(67) Pause Young (Normal) (G1 Evacuation Pause) 706M->97M(1024M) 3.052ms
[2024-02-22T21:35:34.521+0000][7][gc,cpu      ] GC(67) User=0.00s Sys=0.01s Real=0.01s
[2024-02-22T21:35:34.521+0000][7][safepoint   ] Safepoint "G1CollectForAllocation", Time since last: 52854064277 ns, Reaching safepoint: 124833 ns, At safepoint: 3169179 ns, Total: 3294012 ns
[2024-02-22T21:35:47.523+0000][7][safepoint   ] Safepoint "Cleanup", Time since last: 13001502951 ns, Reaching safepoint: 94692 ns, At safepoint: 7660 ns, Total: 102352 ns
[2024-02-22T21:36:18.527+0000][7][safepoint   ] Safepoint "Cleanup", Time since last: 31003545720 ns, Reaching safepoint: 76526 ns, At safepoint: 40565 ns, Total: 117091 ns
[2024-02-22T21:38:18.541+0000][7][safepoint   ] Safepoint "Cleanup", Time since last: 120014709737 ns, Reaching safepoint: 78674 ns, At safepoint: 4679 ns, Total: 83353 ns
[2024-02-22T21:38:20.480+0000][7][gc,start    ] GC(68) Pause Young (Normal) (G1 Evacuation Pause)
[2024-02-22T21:38:20.480+0000][7][gc,task     ] GC(68) Using 8 workers of 8 for evacuation
[2024-02-22T21:38:20.480+0000][7][gc,age      ] GC(68) Desired survivor size 41943040 bytes, new threshold 15 (max threshold 15)
[2024-02-22T21:38:20.484+0000][7][gc,phases   ] GC(68)   Pre Evacuate Collection Set: 0.1ms
[2024-02-22T21:38:20.484+0000][7][gc,phases   ] GC(68)   Merge Heap Roots: 0.1ms
[2024-02-22T21:38:20.484+0000][7][gc,phases   ] GC(68)   Evacuate Collection Set: 2.2ms
[2024-02-22T21:38:20.484+0000][7][gc,phases   ] GC(68)   Post Evacuate Collection Set: 0.9ms
[2024-02-22T21:38:20.484+0000][7][gc,phases   ] GC(68)   Other: 0.1ms
[2024-02-22T21:38:20.484+0000][7][gc,age      ] GC(68) Age table with threshold 15 (max threshold 15)
[2024-02-22T21:38:20.484+0000][7][gc,age      ] GC(68) - age   1:    1339280 bytes,    1339280 total
[2024-02-22T21:38:20.484+0000][7][gc,age      ] GC(68) - age   2:      97368 bytes,    1436648 total
[2024-02-22T21:38:20.484+0000][7][gc,age      ] GC(68) - age   3:       4928 bytes,    1441576 total
[2024-02-22T21:38:20.484+0000][7][gc,age      ] GC(68) - age   4:        280 bytes,    1441856 total
[2024-02-22T21:38:20.484+0000][7][gc,age      ] GC(68) - age   5:        600 bytes,    1442456 total
[2024-02-22T21:38:20.484+0000][7][gc,age      ] GC(68) - age   6:        320 bytes,    1442776 total
[2024-02-22T21:38:20.484+0000][7][gc,age      ] GC(68) - age   7:        232 bytes,    1443008 total
[2024-02-22T21:38:20.484+0000][7][gc,age      ] GC(68) - age   8:     139040 bytes,    1582048 total
[2024-02-22T21:38:20.484+0000][7][gc,age      ] GC(68) - age   9:       1168 bytes,    1583216 total
[2024-02-22T21:38:20.484+0000][7][gc,age      ] GC(68) - age  10:        288 bytes,    1583504 total
[2024-02-22T21:38:20.484+0000][7][gc,age      ] GC(68) - age  11:       2616 bytes,    1586120 total
[2024-02-22T21:38:20.484+0000][7][gc,age      ] GC(68) - age  12:        288 bytes,    1586408 total
[2024-02-22T21:38:20.484+0000][7][gc,age      ] GC(68) - age  13:        680 bytes,    1587088 total
[2024-02-22T21:38:20.484+0000][7][gc,age      ] GC(68) - age  14:        208 bytes,    1587296 total
[2024-02-22T21:38:20.484+0000][7][gc,heap     ] GC(68) Eden regions: 152->0(152)
[2024-02-22T21:38:20.484+0000][7][gc,heap     ] GC(68) Survivor regions: 1->1(20)
[2024-02-22T21:38:20.484+0000][7][gc,heap     ] GC(68) Old regions: 24->24
[2024-02-22T21:38:20.484+0000][7][gc,heap     ] GC(68) Archive regions: 2->2
[2024-02-22T21:38:20.484+0000][7][gc,heap     ] GC(68) Humongous regions: 0->0
[2024-02-22T21:38:20.484+0000][7][gc,metaspace] GC(68) Metaspace: 128219K(131840K)->128219K(131840K) NonClass: 111391K(113280K)->111391K(113280K) Class: 16827K(18560K)->16827K(18560K)
[2024-02-22T21:38:20.484+0000][7][gc          ] GC(68) Pause Young (Normal) (G1 Evacuation Pause) 705M->97M(1024M) 4.013ms
[2024-02-22T21:38:20.484+0000][7][gc,cpu      ] GC(68) User=0.01s Sys=0.01s Real=0.00s
[2024-02-22T21:38:20.484+0000][7][safepoint   ] Safepoint "G1CollectForAllocation", Time since last: 1938547751 ns, Reaching safepoint: 53763 ns, At safepoint: 4205278 ns, Total: 4259041 ns
[2024-02-22T21:38:56.488+0000][7][safepoint   ] Safepoint "Cleanup", Time since last: 36003828313 ns, Reaching safepoint: 65427 ns, At safepoint: 5416 ns, Total: 70843 ns
[2024-02-22T21:41:01.433+0000][7][gc,start    ] GC(69) Pause Young (Normal) (G1 Evacuation Pause)
[2024-02-22T21:41:01.434+0000][7][gc,task     ] GC(69) Using 8 workers of 8 for evacuation
[2024-02-22T21:41:01.434+0000][7][gc,age      ] GC(69) Desired survivor size 41943040 bytes, new threshold 15 (max threshold 15)
[2024-02-22T21:41:01.436+0000][7][gc,phases   ] GC(69)   Pre Evacuate Collection Set: 0.1ms
[2024-02-22T21:41:01.436+0000][7][gc,phases   ] GC(69)   Merge Heap Roots: 0.1ms
[2024-02-22T21:41:01.436+0000][7][gc,phases   ] GC(69)   Evacuate Collection Set: 1.3ms
[2024-02-22T21:41:01.436+0000][7][gc,phases   ] GC(69)   Post Evacuate Collection Set: 0.8ms
[2024-02-22T21:41:01.436+0000][7][gc,phases   ] GC(69)   Other: 0.1ms
[2024-02-22T21:41:01.436+0000][7][gc,age      ] GC(69) Age table with threshold 15 (max threshold 15)
[2024-02-22T21:41:01.436+0000][7][gc,age      ] GC(69) - age   1:     810056 bytes,     810056 total
[2024-02-22T21:41:01.436+0000][7][gc,age      ] GC(69) - age   2:      85352 bytes,     895408 total
[2024-02-22T21:41:01.436+0000][7][gc,age      ] GC(69) - age   3:      95280 bytes,     990688 total
[2024-02-22T21:41:01.436+0000][7][gc,age      ] GC(69) - age   4:       4608 bytes,     995296 total
[2024-02-22T21:41:01.436+0000][7][gc,age      ] GC(69) - age   5:        280 bytes,     995576 total
[2024-02-22T21:41:01.436+0000][7][gc,age      ] GC(69) - age   6:        416 bytes,     995992 total
[2024-02-22T21:41:01.436+0000][7][gc,age      ] GC(69) - age   7:        320 bytes,     996312 total
[2024-02-22T21:41:01.436+0000][7][gc,age      ] GC(69) - age   8:        232 bytes,     996544 total
[2024-02-22T21:41:01.436+0000][7][gc,age      ] GC(69) - age   9:     139040 bytes,    1135584 total
[2024-02-22T21:41:01.436+0000][7][gc,age      ] GC(69) - age  10:       1168 bytes,    1136752 total
[2024-02-22T21:41:01.436+0000][7][gc,age      ] GC(69) - age  11:        288 bytes,    1137040 total
[2024-02-22T21:41:01.436+0000][7][gc,age      ] GC(69) - age  12:       2616 bytes,    1139656 total
[2024-02-22T21:41:01.436+0000][7][gc,age      ] GC(69) - age  13:        288 bytes,    1139944 total
[2024-02-22T21:41:01.436+0000][7][gc,age      ] GC(69) - age  14:        680 bytes,    1140624 total
[2024-02-22T21:41:01.436+0000][7][gc,age      ] GC(69) - age  15:        208 bytes,    1140832 total
[2024-02-22T21:41:01.436+0000][7][gc,heap     ] GC(69) Eden regions: 152->0(152)
[2024-02-22T21:41:01.436+0000][7][gc,heap     ] GC(69) Survivor regions: 1->1(20)
[2024-02-22T21:41:01.436+0000][7][gc,heap     ] GC(69) Old regions: 24->24
[2024-02-22T21:41:01.436+0000][7][gc,heap     ] GC(69) Archive regions: 2->2
[2024-02-22T21:41:01.436+0000][7][gc,heap     ] GC(69) Humongous regions: 0->0
[2024-02-22T21:41:01.436+0000][7][gc,metaspace] GC(69) Metaspace: 128223K(131840K)->128223K(131840K) NonClass: 111396K(113280K)->111396K(113280K) Class: 16827K(18560K)->16827K(18560K)
[2024-02-22T21:41:01.436+0000][7][gc          ] GC(69) Pause Young (Normal) (G1 Evacuation Pause) 705M->97M(1024M) 2.932ms
[2024-02-22T21:41:01.436+0000][7][gc,cpu      ] GC(69) User=0.00s Sys=0.00s Real=0.00s
[2024-02-22T21:41:01.436+0000][7][safepoint   ] Safepoint "G1CollectForAllocation", Time since last: 124945239328 ns, Reaching safepoint: 46384 ns, At safepoint: 3046021 ns, Total: 3092405 ns
[2024-02-22T21:41:18.438+0000][7][safepoint   ] Safepoint "Cleanup", Time since last: 17001837868 ns, Reaching safepoint: 64001 ns, At safepoint: 8511 ns, Total: 72512 ns
[2024-02-22T21:41:31.440+0000][7][safepoint   ] Safepoint "Cleanup", Time since last: 13001665724 ns, Reaching safepoint: 84670 ns, At safepoint: 8794 ns, Total: 93464 ns
[2024-02-22T21:42:12.444+0000][7][safepoint   ] Safepoint "Cleanup", Time since last: 41003885622 ns, Reaching safepoint: 67453 ns, At safepoint: 6298 ns, Total: 73751 ns
[2024-02-22T21:42:18.445+0000][7][safepoint   ] Safepoint "Cleanup", Time since last: 6000557144 ns, Reaching safepoint: 95374 ns, At safepoint: 8030 ns, Total: 103404 ns
[2024-02-22T21:42:42.448+0000][7][safepoint   ] Safepoint "Cleanup", Time since last: 24002740466 ns, Reaching safepoint: 81303 ns, At safepoint: 9200 ns, Total: 90503 ns
[2024-02-22T21:43:18.451+0000][7][safepoint   ] Safepoint "Cleanup", Time since last: 36003584643 ns, Reaching safepoint: 110219 ns, At safepoint: 9200 ns, Total: 119419 ns
[2024-02-22T21:44:10.493+0000][7][gc,start    ] GC(70) Pause Young (Normal) (G1 Evacuation Pause)
[2024-02-22T21:44:10.493+0000][7][gc,task     ] GC(70) Using 8 workers of 8 for evacuation
[2024-02-22T21:44:10.493+0000][7][gc,age      ] GC(70) Desired survivor size 41943040 bytes, new threshold 15 (max threshold 15)
[2024-02-22T21:44:10.497+0000][7][gc,phases   ] GC(70)   Pre Evacuate Collection Set: 0.1ms
[2024-02-22T21:44:10.497+0000][7][gc,phases   ] GC(70)   Merge Heap Roots: 0.1ms
[2024-02-22T21:44:10.497+0000][7][gc,phases   ] GC(70)   Evacuate Collection Set: 2.9ms
[2024-02-22T21:44:10.497+0000][7][gc,phases   ] GC(70)   Post Evacuate Collection Set: 1.0ms
[2024-02-22T21:44:10.497+0000][7][gc,phases   ] GC(70)   Other: 0.1ms
[2024-02-22T21:44:10.497+0000][7][gc,age      ] GC(70) Age table with threshold 15 (max threshold 15)
[2024-02-22T21:44:10.497+0000][7][gc,age      ] GC(70) - age   1:    1942128 bytes,    1942128 total
[2024-02-22T21:44:10.497+0000][7][gc,age      ] GC(70) - age   2:      79160 bytes,    2021288 total
[2024-02-22T21:44:10.497+0000][7][gc,age      ] GC(70) - age   3:      83896 bytes,    2105184 total
[2024-02-22T21:44:10.497+0000][7][gc,age      ] GC(70) - age   4:      94832 bytes,    2200016 total
[2024-02-22T21:44:10.497+0000][7][gc,age      ] GC(70) - age   5:        784 bytes,    2200800 total
[2024-02-22T21:44:10.497+0000][7][gc,age      ] GC(70) - age   6:        280 bytes,    2201080 total
[2024-02-22T21:44:10.497+0000][7][gc,age      ] GC(70) - age   7:        416 bytes,    2201496 total
[2024-02-22T21:44:10.497+0000][7][gc,age      ] GC(70) - age   8:        320 bytes,    2201816 total
[2024-02-22T21:44:10.497+0000][7][gc,age      ] GC(70) - age   9:        232 bytes,    2202048 total
[2024-02-22T21:44:10.497+0000][7][gc,age      ] GC(70) - age  10:     139040 bytes,    2341088 total
[2024-02-22T21:44:10.497+0000][7][gc,age      ] GC(70) - age  11:       1168 bytes,    2342256 total
[2024-02-22T21:44:10.497+0000][7][gc,age      ] GC(70) - age  12:        288 bytes,    2342544 total
[2024-02-22T21:44:10.497+0000][7][gc,age      ] GC(70) - age  13:       2616 bytes,    2345160 total
[2024-02-22T21:44:10.497+0000][7][gc,age      ] GC(70) - age  14:        288 bytes,    2345448 total
[2024-02-22T21:44:10.497+0000][7][gc,age      ] GC(70) - age  15:        680 bytes,    2346128 total
[2024-02-22T21:44:10.497+0000][7][gc,heap     ] GC(70) Eden regions: 152->0(152)
[2024-02-22T21:44:10.497+0000][7][gc,heap     ] GC(70) Survivor regions: 1->1(20)
[2024-02-22T21:44:10.497+0000][7][gc,heap     ] GC(70) Old regions: 24->24
[2024-02-22T21:44:10.497+0000][7][gc,heap     ] GC(70) Archive regions: 2->2
[2024-02-22T21:44:10.497+0000][7][gc,heap     ] GC(70) Humongous regions: 0->0
[2024-02-22T21:44:10.497+0000][7][gc,metaspace] GC(70) Metaspace: 128254K(131840K)->128254K(131840K) NonClass: 111426K(113280K)->111426K(113280K) Class: 16828K(18560K)->16828K(18560K)
[2024-02-22T21:44:10.497+0000][7][gc          ] GC(70) Pause Young (Normal) (G1 Evacuation Pause) 705M->98M(1024M) 4.652ms
[2024-02-22T21:44:10.497+0000][7][gc,cpu      ] GC(70) User=0.01s Sys=0.01s Real=0.00s
[2024-02-22T21:44:10.497+0000][7][safepoint   ] Safepoint "G1CollectForAllocation", Time since last: 52041242491 ns, Reaching safepoint: 121098 ns, At safepoint: 4766743 ns, Total: 4887841 ns
[2024-02-22T21:44:18.498+0000][7][safepoint   ] Safepoint "Cleanup", Time since last: 8000875190 ns, Reaching safepoint: 68204 ns, At safepoint: 3366 ns, Total: 71570 ns
[2024-02-22T21:47:37.482+0000][7][gc,start    ] GC(71) Pause Young (Normal) (G1 Evacuation Pause)
[2024-02-22T21:47:37.482+0000][7][gc,task     ] GC(71) Using 8 workers of 8 for evacuation
[2024-02-22T21:47:37.482+0000][7][gc,age      ] GC(71) Desired survivor size 41943040 bytes, new threshold 15 (max threshold 15)
[2024-02-22T21:47:37.485+0000][7][gc,phases   ] GC(71)   Pre Evacuate Collection Set: 0.1ms
[2024-02-22T21:47:37.485+0000][7][gc,phases   ] GC(71)   Merge Heap Roots: 0.1ms
[2024-02-22T21:47:37.485+0000][7][gc,phases   ] GC(71)   Evacuate Collection Set: 1.6ms
[2024-02-22T21:47:37.485+0000][7][gc,phases   ] GC(71)   Post Evacuate Collection Set: 0.8ms
[2024-02-22T21:47:37.485+0000][7][gc,phases   ] GC(71)   Other: 0.1ms
[2024-02-22T21:47:37.485+0000][7][gc,age      ] GC(71) Age table with threshold 15 (max threshold 15)
[2024-02-22T21:47:37.485+0000][7][gc,age      ] GC(71) - age   1:     929016 bytes,     929016 total
[2024-02-22T21:47:37.485+0000][7][gc,age      ] GC(71) - age   2:      33440 bytes,     962456 total
[2024-02-22T21:47:37.485+0000][7][gc,age      ] GC(71) - age   3:      77632 bytes,    1040088 total
[2024-02-22T21:47:37.485+0000][7][gc,age      ] GC(71) - age   4:      83352 bytes,    1123440 total
[2024-02-22T21:47:37.485+0000][7][gc,age      ] GC(71) - age   5:      93696 bytes,    1217136 total
[2024-02-22T21:47:37.485+0000][7][gc,age      ] GC(71) - age   6:        392 bytes,    1217528 total
[2024-02-22T21:47:37.485+0000][7][gc,age      ] GC(71) - age   7:        280 bytes,    1217808 total
[2024-02-22T21:47:37.485+0000][7][gc,age      ] GC(71) - age   8:        384 bytes,    1218192 total
[2024-02-22T21:47:37.485+0000][7][gc,age      ] GC(71) - age   9:        320 bytes,    1218512 total
[2024-02-22T21:47:37.485+0000][7][gc,age      ] GC(71) - age  10:        232 bytes,    1218744 total
[2024-02-22T21:47:37.485+0000][7][gc,age      ] GC(71) - age  11:     139040 bytes,    1357784 total
[2024-02-22T21:47:37.485+0000][7][gc,age      ] GC(71) - age  12:       1168 bytes,    1358952 total
[2024-02-22T21:47:37.485+0000][7][gc,age      ] GC(71) - age  13:        288 bytes,    1359240 total
[2024-02-22T21:47:37.485+0000][7][gc,age      ] GC(71) - age  14:       2616 bytes,    1361856 total
[2024-02-22T21:47:37.485+0000][7][gc,age      ] GC(71) - age  15:        288 bytes,    1362144 total
[2024-02-22T21:47:37.485+0000][7][gc,heap     ] GC(71) Eden regions: 152->0(152)
[2024-02-22T21:47:37.485+0000][7][gc,heap     ] GC(71) Survivor regions: 1->1(20)
[2024-02-22T21:47:37.485+0000][7][gc,heap     ] GC(71) Old regions: 24->24
[2024-02-22T21:47:37.485+0000][7][gc,heap     ] GC(71) Archive regions: 2->2
[2024-02-22T21:47:37.485+0000][7][gc,heap     ] GC(71) Humongous regions: 0->0
[2024-02-22T21:47:37.485+0000][7][gc,metaspace] GC(71) Metaspace: 128259K(131840K)->128259K(131840K) NonClass: 111431K(113280K)->111431K(113280K) Class: 16828K(18560K)->16828K(18560K)
[2024-02-22T21:47:37.485+0000][7][gc          ] GC(71) Pause Young (Normal) (G1 Evacuation Pause) 706M->97M(1024M) 3.047ms
[2024-02-22T21:47:37.485+0000][7][gc,cpu      ] GC(71) User=0.01s Sys=0.00s Real=0.00s
[2024-02-22T21:47:37.485+0000][7][safepoint   ] Safepoint "G1CollectForAllocation", Time since last: 198983612631 ns, Reaching safepoint: 81565 ns, At safepoint: 3151169 ns, Total: 3232734 ns
[2024-02-22T21:49:18.498+0000][7][safepoint   ] Safepoint "Cleanup", Time since last: 101012735119 ns, Reaching safepoint: 108544 ns, At safepoint: 28248 ns, Total: 136792 ns
[2024-02-22T21:49:19.499+0000][7][safepoint   ] Safepoint "Cleanup", Time since last: 1000261576 ns, Reaching safepoint: 184849 ns, At safepoint: 7124 ns, Total: 191973 ns
[2024-02-22T21:50:41.508+0000][7][safepoint   ] Safepoint "Cleanup", Time since last: 82009588034 ns, Reaching safepoint: 45405 ns, At safepoint: 22485 ns, Total: 67890 ns
[2024-02-22T21:51:02.164+0000][7][gc,start    ] GC(72) Pause Young (Normal) (G1 Evacuation Pause)
[2024-02-22T21:51:02.164+0000][7][gc,task     ] GC(72) Using 8 workers of 8 for evacuation
[2024-02-22T21:51:02.164+0000][7][gc,age      ] GC(72) Desired survivor size 41943040 bytes, new threshold 15 (max threshold 15)
[2024-02-22T21:51:02.168+0000][7][gc,phases   ] GC(72)   Pre Evacuate Collection Set: 0.1ms
[2024-02-22T21:51:02.168+0000][7][gc,phases   ] GC(72)   Merge Heap Roots: 0.1ms
[2024-02-22T21:51:02.168+0000][7][gc,phases   ] GC(72)   Evacuate Collection Set: 1.9ms
[2024-02-22T21:51:02.168+0000][7][gc,phases   ] GC(72)   Post Evacuate Collection Set: 1.3ms
[2024-02-22T21:51:02.168+0000][7][gc,phases   ] GC(72)   Other: 0.2ms
[2024-02-22T21:51:02.168+0000][7][gc,age      ] GC(72) Age table with threshold 15 (max threshold 15)
[2024-02-22T21:51:02.168+0000][7][gc,age      ] GC(72) - age   1:    1396280 bytes,    1396280 total
[2024-02-22T21:51:02.168+0000][7][gc,age      ] GC(72) - age   2:       2848 bytes,    1399128 total
[2024-02-22T21:51:02.168+0000][7][gc,age      ] GC(72) - age   3:      23104 bytes,    1422232 total
[2024-02-22T21:51:02.168+0000][7][gc,age      ] GC(72) - age   4:      77376 bytes,    1499608 total
[2024-02-22T21:51:02.168+0000][7][gc,age      ] GC(72) - age   5:      83352 bytes,    1582960 total
[2024-02-22T21:51:02.168+0000][7][gc,age      ] GC(72) - age   6:      93696 bytes,    1676656 total
[2024-02-22T21:51:02.168+0000][7][gc,age      ] GC(72) - age   7:        392 bytes,    1677048 total
[2024-02-22T21:51:02.168+0000][7][gc,age      ] GC(72) - age   8:         96 bytes,    1677144 total
[2024-02-22T21:51:02.168+0000][7][gc,age      ] GC(72) - age   9:        384 bytes,    1677528 total
[2024-02-22T21:51:02.168+0000][7][gc,age      ] GC(72) - age  10:        320 bytes,    1677848 total
[2024-02-22T21:51:02.168+0000][7][gc,age      ] GC(72) - age  11:        232 bytes,    1678080 total
[2024-02-22T21:51:02.168+0000][7][gc,age      ] GC(72) - age  12:     139040 bytes,    1817120 total
[2024-02-22T21:51:02.168+0000][7][gc,age      ] GC(72) - age  13:       1168 bytes,    1818288 total
[2024-02-22T21:51:02.168+0000][7][gc,age      ] GC(72) - age  14:        288 bytes,    1818576 total
[2024-02-22T21:51:02.168+0000][7][gc,age      ] GC(72) - age  15:       2616 bytes,    1821192 total
[2024-02-22T21:51:02.168+0000][7][gc,heap     ] GC(72) Eden regions: 152->0(152)
[2024-02-22T21:51:02.168+0000][7][gc,heap     ] GC(72) Survivor regions: 1->1(20)
[2024-02-22T21:51:02.168+0000][7][gc,heap     ] GC(72) Old regions: 24->24
[2024-02-22T21:51:02.168+0000][7][gc,heap     ] GC(72) Archive regions: 2->2
[2024-02-22T21:51:02.168+0000][7][gc,heap     ] GC(72) Humongous regions: 0->0
[2024-02-22T21:51:02.168+0000][7][gc,metaspace] GC(72) Metaspace: 128273K(131904K)->128273K(131904K) NonClass: 111444K(113344K)->111444K(113344K) Class: 16828K(18560K)->16828K(18560K)
[2024-02-22T21:51:02.168+0000][7][gc          ] GC(72) Pause Young (Normal) (G1 Evacuation Pause) 705M->98M(1024M) 4.095ms
[2024-02-22T21:51:02.168+0000][7][gc,cpu      ] GC(72) User=0.01s Sys=0.00s Real=0.01s
[2024-02-22T21:51:02.169+0000][7][safepoint   ] Safepoint "G1CollectForAllocation", Time since last: 20656037196 ns, Reaching safepoint: 97361 ns, At safepoint: 4197966 ns, Total: 4295327 ns
[2024-02-22T21:53:26.184+0000][7][safepoint   ] Safepoint "Cleanup", Time since last: 144015777570 ns, Reaching safepoint: 97827 ns, At safepoint: 6499 ns, Total: 104326 ns
[2024-02-22T21:54:37.476+0000][7][gc,start    ] GC(73) Pause Young (Normal) (G1 Evacuation Pause)
[2024-02-22T21:54:37.476+0000][7][gc,task     ] GC(73) Using 8 workers of 8 for evacuation
[2024-02-22T21:54:37.476+0000][7][gc,age      ] GC(73) Desired survivor size 41943040 bytes, new threshold 15 (max threshold 15)
[2024-02-22T21:54:37.478+0000][7][gc,phases   ] GC(73)   Pre Evacuate Collection Set: 0.1ms
[2024-02-22T21:54:37.478+0000][7][gc,phases   ] GC(73)   Merge Heap Roots: 0.1ms
[2024-02-22T21:54:37.478+0000][7][gc,phases   ] GC(73)   Evacuate Collection Set: 1.0ms
[2024-02-22T21:54:37.478+0000][7][gc,phases   ] GC(73)   Post Evacuate Collection Set: 0.5ms
[2024-02-22T21:54:37.478+0000][7][gc,phases   ] GC(73)   Other: 0.1ms
[2024-02-22T21:54:37.478+0000][7][gc,age      ] GC(73) Age table with threshold 15 (max threshold 15)
[2024-02-22T21:54:37.478+0000][7][gc,age      ] GC(73) - age   1:    1367688 bytes,    1367688 total
[2024-02-22T21:54:37.478+0000][7][gc,age      ] GC(73) - age   2:      20944 bytes,    1388632 total
[2024-02-22T21:54:37.478+0000][7][gc,age      ] GC(73) - age   3:       2032 bytes,    1390664 total
[2024-02-22T21:54:37.478+0000][7][gc,age      ] GC(73) - age   4:      19336 bytes,    1410000 total
[2024-02-22T21:54:37.478+0000][7][gc,age      ] GC(73) - age   5:      77000 bytes,    1487000 total
[2024-02-22T21:54:37.478+0000][7][gc,age      ] GC(73) - age   6:      83352 bytes,    1570352 total
[2024-02-22T21:54:37.478+0000][7][gc,age      ] GC(73) - age   7:      93696 bytes,    1664048 total
[2024-02-22T21:54:37.478+0000][7][gc,age      ] GC(73) - age   8:        392 bytes,    1664440 total
[2024-02-22T21:54:37.478+0000][7][gc,age      ] GC(73) - age   9:         96 bytes,    1664536 total
[2024-02-22T21:54:37.478+0000][7][gc,age      ] GC(73) - age  10:        384 bytes,    1664920 total
[2024-02-22T21:54:37.478+0000][7][gc,age      ] GC(73) - age  11:        320 bytes,    1665240 total
[2024-02-22T21:54:37.478+0000][7][gc,age      ] GC(73) - age  12:        232 bytes,    1665472 total
[2024-02-22T21:54:37.478+0000][7][gc,age      ] GC(73) - age  13:     139040 bytes,    1804512 total
[2024-02-22T21:54:37.478+0000][7][gc,age      ] GC(73) - age  14:       1168 bytes,    1805680 total
[2024-02-22T21:54:37.478+0000][7][gc,age      ] GC(73) - age  15:        288 bytes,    1805968 total
[2024-02-22T21:54:37.478+0000][7][gc,heap     ] GC(73) Eden regions: 152->0(152)
[2024-02-22T21:54:37.478+0000][7][gc,heap     ] GC(73) Survivor regions: 1->1(20)
[2024-02-22T21:54:37.478+0000][7][gc,heap     ] GC(73) Old regions: 24->24
[2024-02-22T21:54:37.478+0000][7][gc,heap     ] GC(73) Archive regions: 2->2
[2024-02-22T21:54:37.478+0000][7][gc,heap     ] GC(73) Humongous regions: 0->0
[2024-02-22T21:54:37.478+0000][7][gc,metaspace] GC(73) Metaspace: 128276K(131904K)->128276K(131904K) NonClass: 111448K(113344K)->111448K(113344K) Class: 16828K(18560K)->16828K(18560K)
[2024-02-22T21:54:37.478+0000][7][gc          ] GC(73) Pause Young (Normal) (G1 Evacuation Pause) 706M->98M(1024M) 1.897ms
[2024-02-22T21:54:37.478+0000][7][gc,cpu      ] GC(73) User=0.01s Sys=0.00s Real=0.00s
[2024-02-22T21:54:37.478+0000][7][safepoint   ] Safepoint "G1CollectForAllocation", Time since last: 71291314261 ns, Reaching safepoint: 53864 ns, At safepoint: 1973786 ns, Total: 2027650 ns
[2024-02-22T21:54:39.478+0000][7][safepoint   ] Safepoint "Cleanup", Time since last: 2000203441 ns, Reaching safepoint: 55543 ns, At safepoint: 6523 ns, Total: 62066 ns
[2024-02-22T21:55:14.481+0000][7][safepoint   ] Safepoint "Cleanup", Time since last: 35003361740 ns, Reaching safepoint: 80545 ns, At safepoint: 32077 ns, Total: 112622 ns
[2024-02-22T21:56:18.488+0000][7][safepoint   ] Safepoint "Cleanup", Time since last: 64006803802 ns, Reaching safepoint: 116204 ns, At safepoint: 9690 ns, Total: 125894 ns
[2024-02-22T21:57:44.498+0000][7][safepoint   ] Safepoint "Cleanup", Time since last: 86009265154 ns, Reaching safepoint: 91096 ns, At safepoint: 8533 ns, Total: 99629 ns
[2024-02-22T21:57:49.499+0000][7][safepoint   ] Safepoint "Cleanup", Time since last: 5000940577 ns, Reaching safepoint: 137935 ns, At safepoint: 11344 ns, Total: 149279 ns
[2024-02-22T21:57:55.995+0000][7][gc,start    ] GC(74) Pause Young (Normal) (G1 Evacuation Pause)
[2024-02-22T21:57:55.995+0000][7][gc,task     ] GC(74) Using 8 workers of 8 for evacuation
[2024-02-22T21:57:55.995+0000][7][gc,age      ] GC(74) Desired survivor size 41943040 bytes, new threshold 15 (max threshold 15)
[2024-02-22T21:57:55.999+0000][7][gc,phases   ] GC(74)   Pre Evacuate Collection Set: 0.1ms
[2024-02-22T21:57:55.999+0000][7][gc,phases   ] GC(74)   Merge Heap Roots: 0.1ms
[2024-02-22T21:57:55.999+0000][7][gc,phases   ] GC(74)   Evacuate Collection Set: 1.5ms
[2024-02-22T21:57:55.999+0000][7][gc,phases   ] GC(74)   Post Evacuate Collection Set: 1.6ms
[2024-02-22T21:57:55.999+0000][7][gc,phases   ] GC(74)   Other: 0.1ms
[2024-02-22T21:57:55.999+0000][7][gc,age      ] GC(74) Age table with threshold 15 (max threshold 15)
[2024-02-22T21:57:55.999+0000][7][gc,age      ] GC(74) - age   1:     881728 bytes,     881728 total
[2024-02-22T21:57:55.999+0000][7][gc,age      ] GC(74) - age   2:      15584 bytes,     897312 total
[2024-02-22T21:57:55.999+0000][7][gc,age      ] GC(74) - age   3:      10448 bytes,     907760 total
[2024-02-22T21:57:55.999+0000][7][gc,age      ] GC(74) - age   4:       1344 bytes,     909104 total
[2024-02-22T21:57:55.999+0000][7][gc,age      ] GC(74) - age   5:      19040 bytes,     928144 total
[2024-02-22T21:57:55.999+0000][7][gc,age      ] GC(74) - age   6:      77000 bytes,    1005144 total
[2024-02-22T21:57:55.999+0000][7][gc,age      ] GC(74) - age   7:      82968 bytes,    1088112 total
[2024-02-22T21:57:55.999+0000][7][gc,age      ] GC(74) - age   8:      93664 bytes,    1181776 total
[2024-02-22T21:57:55.999+0000][7][gc,age      ] GC(74) - age   9:        392 bytes,    1182168 total
[2024-02-22T21:57:55.999+0000][7][gc,age      ] GC(74) - age  10:         96 bytes,    1182264 total
[2024-02-22T21:57:55.999+0000][7][gc,age      ] GC(74) - age  11:        384 bytes,    1182648 total
[2024-02-22T21:57:55.999+0000][7][gc,age      ] GC(74) - age  12:        320 bytes,    1182968 total
[2024-02-22T21:57:55.999+0000][7][gc,age      ] GC(74) - age  13:        232 bytes,    1183200 total
[2024-02-22T21:57:55.999+0000][7][gc,age      ] GC(74) - age  14:     138968 bytes,    1322168 total
[2024-02-22T21:57:55.999+0000][7][gc,age      ] GC(74) - age  15:       1168 bytes,    1323336 total
[2024-02-22T21:57:55.999+0000][7][gc,heap     ] GC(74) Eden regions: 152->0(152)
[2024-02-22T21:57:55.999+0000][7][gc,heap     ] GC(74) Survivor regions: 1->1(20)
[2024-02-22T21:57:55.999+0000][7][gc,heap     ] GC(74) Old regions: 24->24
[2024-02-22T21:57:55.999+0000][7][gc,heap     ] GC(74) Archive regions: 2->2
[2024-02-22T21:57:55.999+0000][7][gc,heap     ] GC(74) Humongous regions: 0->0
[2024-02-22T21:57:55.999+0000][7][gc,metaspace] GC(74) Metaspace: 128282K(131904K)->128282K(131904K) NonClass: 111454K(113344K)->111454K(113344K) Class: 16828K(18560K)->16828K(18560K)
[2024-02-22T21:57:55.999+0000][7][gc          ] GC(74) Pause Young (Normal) (G1 Evacuation Pause) 706M->97M(1024M) 3.719ms
[2024-02-22T21:57:55.999+0000][7][gc,cpu      ] GC(74) User=0.02s Sys=0.00s Real=0.00s
[2024-02-22T21:57:55.999+0000][7][safepoint   ] Safepoint "G1CollectForAllocation", Time since last: 6496404335 ns, Reaching safepoint: 84520 ns, At safepoint: 3841394 ns, Total: 3925914 ns
[2024-02-22T21:59:03.006+0000][7][safepoint   ] Safepoint "Cleanup", Time since last: 67006337656 ns, Reaching safepoint: 77358 ns, At safepoint: 11770 ns, Total: 89128 ns
[2024-02-22T21:59:27.008+0000][7][safepoint   ] Safepoint "Cleanup", Time since last: 24002769838 ns, Reaching safepoint: 90006 ns, At safepoint: 7180 ns, Total: 97186 ns
[2024-02-22T21:59:33.009+0000][7][safepoint   ] Safepoint "Cleanup", Time since last: 6000616251 ns, Reaching safepoint: 106551 ns, At safepoint: 7873 ns, Total: 114424 ns
[2024-02-22T21:59:56.012+0000][7][safepoint   ] Safepoint "Cleanup", Time since last: 23002978924 ns, Reaching safepoint: 90659 ns, At safepoint: 7107 ns, Total: 97766 ns
[2024-02-22T22:00:18.015+0000][7][safepoint   ] Safepoint "Cleanup", Time since last: 22002465523 ns, Reaching safepoint: 111214 ns, At safepoint: 11935 ns, Total: 123149 ns
[2024-02-22T22:00:21.015+0000][7][safepoint   ] Safepoint "Cleanup", Time since last: 3000449122 ns, Reaching safepoint: 72086 ns, At safepoint: 39043 ns, Total: 111129 ns
[2024-02-22T22:01:26.407+0000][7][gc,start    ] GC(75) Pause Young (Normal) (G1 Evacuation Pause)
[2024-02-22T22:01:26.407+0000][7][gc,task     ] GC(75) Using 8 workers of 8 for evacuation
[2024-02-22T22:01:26.407+0000][7][gc,age      ] GC(75) Desired survivor size 41943040 bytes, new threshold 15 (max threshold 15)
[2024-02-22T22:01:26.410+0000][7][gc,phases   ] GC(75)   Pre Evacuate Collection Set: 0.1ms
[2024-02-22T22:01:26.410+0000][7][gc,phases   ] GC(75)   Merge Heap Roots: 0.1ms
[2024-02-22T22:01:26.410+0000][7][gc,phases   ] GC(75)   Evacuate Collection Set: 1.7ms
[2024-02-22T22:01:26.410+0000][7][gc,phases   ] GC(75)   Post Evacuate Collection Set: 0.9ms
[2024-02-22T22:01:26.410+0000][7][gc,phases   ] GC(75)   Other: 0.1ms
[2024-02-22T22:01:26.410+0000][7][gc,age      ] GC(75) Age table with threshold 15 (max threshold 15)
[2024-02-22T22:01:26.410+0000][7][gc,age      ] GC(75) - age   1:    1266832 bytes,    1266832 total
[2024-02-22T22:01:26.410+0000][7][gc,age      ] GC(75) - age   2:      13864 bytes,    1280696 total
[2024-02-22T22:01:26.410+0000][7][gc,age      ] GC(75) - age   3:      13864 bytes,    1294560 total
[2024-02-22T22:01:26.410+0000][7][gc,age      ] GC(75) - age   4:      10000 bytes,    1304560 total
[2024-02-22T22:01:26.410+0000][7][gc,age      ] GC(75) - age   5:       1344 bytes,    1305904 total
[2024-02-22T22:01:26.410+0000][7][gc,age      ] GC(75) - age   6:      19040 bytes,    1324944 total
[2024-02-22T22:01:26.410+0000][7][gc,age      ] GC(75) - age   7:      77000 bytes,    1401944 total
[2024-02-22T22:01:26.410+0000][7][gc,age      ] GC(75) - age   8:      82968 bytes,    1484912 total
[2024-02-22T22:01:26.410+0000][7][gc,age      ] GC(75) - age   9:      93664 bytes,    1578576 total
[2024-02-22T22:01:26.410+0000][7][gc,age      ] GC(75) - age  10:        392 bytes,    1578968 total
[2024-02-22T22:01:26.410+0000][7][gc,age      ] GC(75) - age  11:         96 bytes,    1579064 total
[2024-02-22T22:01:26.410+0000][7][gc,age      ] GC(75) - age  12:        384 bytes,    1579448 total
[2024-02-22T22:01:26.410+0000][7][gc,age      ] GC(75) - age  13:        320 bytes,    1579768 total
[2024-02-22T22:01:26.410+0000][7][gc,age      ] GC(75) - age  14:        232 bytes,    1580000 total
[2024-02-22T22:01:26.410+0000][7][gc,age      ] GC(75) - age  15:     138968 bytes,    1718968 total
[2024-02-22T22:01:26.410+0000][7][gc,heap     ] GC(75) Eden regions: 152->0(152)
[2024-02-22T22:01:26.410+0000][7][gc,heap     ] GC(75) Survivor regions: 1->1(20)
[2024-02-22T22:01:26.410+0000][7][gc,heap     ] GC(75) Old regions: 24->24
[2024-02-22T22:01:26.410+0000][7][gc,heap     ] GC(75) Archive regions: 2->2
[2024-02-22T22:01:26.410+0000][7][gc,heap     ] GC(75) Humongous regions: 0->0
[2024-02-22T22:01:26.410+0000][7][gc,metaspace] GC(75) Metaspace: 128283K(131904K)->128283K(131904K) NonClass: 111454K(113344K)->111454K(113344K) Class: 16829K(18560K)->16829K(18560K)
[2024-02-22T22:01:26.410+0000][7][gc          ] GC(75) Pause Young (Normal) (G1 Evacuation Pause) 705M->98M(1024M) 3.255ms
[2024-02-22T22:01:26.410+0000][7][gc,cpu      ] GC(75) User=0.02s Sys=0.00s Real=0.01s
[2024-02-22T22:01:26.410+0000][7][safepoint   ] Safepoint "G1CollectForAllocation", Time since last: 65391565620 ns, Reaching safepoint: 100991 ns, At safepoint: 3354990 ns, Total: 3455981 ns
[2024-02-22T22:02:03.415+0000][7][safepoint   ] Safepoint "Cleanup", Time since last: 37004425262 ns, Reaching safepoint: 70482 ns, At safepoint: 6400 ns, Total: 76882 ns
[2024-02-22T22:02:33.418+0000][7][safepoint   ] Safepoint "Cleanup", Time since last: 30002876408 ns, Reaching safepoint: 65581 ns, At safepoint: 7353 ns, Total: 72934 ns
[2024-02-22T22:02:51.905+0000][7][safepoint   ] Safepoint "Cleanup", Time since last: 18487150953 ns, Reaching safepoint: 127284 ns, At safepoint: 6728 ns, Total: 134012 ns
[2024-02-22T22:02:57.906+0000][7][safepoint   ] Safepoint "Cleanup", Time since last: 6000823678 ns, Reaching safepoint: 116302 ns, At safepoint: 11399 ns, Total: 127701 ns
[2024-02-22T22:03:07.907+0000][7][safepoint   ] Safepoint "Cleanup", Time since last: 10001114143 ns, Reaching safepoint: 113398 ns, At safepoint: 7498 ns, Total: 120896 ns
[2024-02-22T22:04:55.840+0000][7][gc,start    ] GC(76) Pause Young (Normal) (G1 Evacuation Pause)
[2024-02-22T22:04:55.840+0000][7][gc,task     ] GC(76) Using 8 workers of 8 for evacuation
[2024-02-22T22:04:55.840+0000][7][gc,age      ] GC(76) Desired survivor size 41943040 bytes, new threshold 15 (max threshold 15)
[2024-02-22T22:04:55.844+0000][7][gc,phases   ] GC(76)   Pre Evacuate Collection Set: 0.1ms
[2024-02-22T22:04:55.844+0000][7][gc,phases   ] GC(76)   Merge Heap Roots: 0.1ms
[2024-02-22T22:04:55.844+0000][7][gc,phases   ] GC(76)   Evacuate Collection Set: 2.8ms
[2024-02-22T22:04:55.844+0000][7][gc,phases   ] GC(76)   Post Evacuate Collection Set: 0.9ms
[2024-02-22T22:04:55.844+0000][7][gc,phases   ] GC(76)   Other: 0.1ms
[2024-02-22T22:04:55.844+0000][7][gc,age      ] GC(76) Age table with threshold 15 (max threshold 15)
[2024-02-22T22:04:55.844+0000][7][gc,age      ] GC(76) - age   1:    1595408 bytes,    1595408 total
[2024-02-22T22:04:55.844+0000][7][gc,age      ] GC(76) - age   2:       4144 bytes,    1599552 total
[2024-02-22T22:04:55.844+0000][7][gc,age      ] GC(76) - age   3:       3888 bytes,    1603440 total
[2024-02-22T22:04:55.844+0000][7][gc,age      ] GC(76) - age   4:      10344 bytes,    1613784 total
[2024-02-22T22:04:55.844+0000][7][gc,age      ] GC(76) - age   5:      10000 bytes,    1623784 total
[2024-02-22T22:04:55.844+0000][7][gc,age      ] GC(76) - age   6:        952 bytes,    1624736 total
[2024-02-22T22:04:55.844+0000][7][gc,age      ] GC(76) - age   7:      18856 bytes,    1643592 total
[2024-02-22T22:04:55.844+0000][7][gc,age      ] GC(76) - age   8:      76816 bytes,    1720408 total
[2024-02-22T22:04:55.844+0000][7][gc,age      ] GC(76) - age   9:      82968 bytes,    1803376 total
[2024-02-22T22:04:55.844+0000][7][gc,age      ] GC(76) - age  10:      93664 bytes,    1897040 total
[2024-02-22T22:04:55.844+0000][7][gc,age      ] GC(76) - age  11:        392 bytes,    1897432 total
[2024-02-22T22:04:55.844+0000][7][gc,age      ] GC(76) - age  12:         96 bytes,    1897528 total
[2024-02-22T22:04:55.844+0000][7][gc,age      ] GC(76) - age  13:        384 bytes,    1897912 total
[2024-02-22T22:04:55.844+0000][7][gc,age      ] GC(76) - age  14:        320 bytes,    1898232 total
[2024-02-22T22:04:55.844+0000][7][gc,age      ] GC(76) - age  15:        232 bytes,    1898464 total
[2024-02-22T22:04:55.844+0000][7][gc,heap     ] GC(76) Eden regions: 152->0(152)
[2024-02-22T22:04:55.844+0000][7][gc,heap     ] GC(76) Survivor regions: 1->1(20)
[2024-02-22T22:04:55.844+0000][7][gc,heap     ] GC(76) Old regions: 24->24
[2024-02-22T22:04:55.844+0000][7][gc,heap     ] GC(76) Archive regions: 2->2
[2024-02-22T22:04:55.844+0000][7][gc,heap     ] GC(76) Humongous regions: 0->0
[2024-02-22T22:04:55.844+0000][7][gc,metaspace] GC(76) Metaspace: 128284K(131904K)->128284K(131904K) NonClass: 111454K(113344K)->111454K(113344K) Class: 16829K(18560K)->16829K(18560K)
[2024-02-22T22:04:55.844+0000][7][gc          ] GC(76) Pause Young (Normal) (G1 Evacuation Pause) 706M->98M(1024M) 4.337ms
[2024-02-22T22:04:55.844+0000][7][gc,cpu      ] GC(76) User=0.01s Sys=0.00s Real=0.01s
[2024-02-22T22:04:55.844+0000][7][safepoint   ] Safepoint "G1CollectForAllocation", Time since last: 107931953130 ns, Reaching safepoint: 119545 ns, At safepoint: 4467337 ns, Total: 4586882 ns
[2024-02-22T22:04:56.844+0000][7][safepoint   ] Safepoint "Cleanup", Time since last: 1000100734 ns, Reaching safepoint: 75089 ns, At safepoint: 23577 ns, Total: 98666 ns
[2024-02-22T22:05:20.847+0000][7][safepoint   ] Safepoint "Cleanup", Time since last: 24002565014 ns, Reaching safepoint: 96482 ns, At safepoint: 5683 ns, Total: 102165 ns
[2024-02-22T22:06:02.852+0000][7][safepoint   ] Safepoint "Cleanup", Time since last: 42005132755 ns, Reaching safepoint: 119145 ns, At safepoint: 9326 ns, Total: 128471 ns
[2024-02-22T22:06:49.857+0000][7][safepoint   ] Safepoint "Cleanup", Time since last: 47004768033 ns, Reaching safepoint: 90302 ns, At safepoint: 14627 ns, Total: 104929 ns
[2024-02-22T22:08:20.303+0000][7][gc,start    ] GC(77) Pause Young (Normal) (G1 Evacuation Pause)
[2024-02-22T22:08:20.303+0000][7][gc,task     ] GC(77) Using 8 workers of 8 for evacuation
[2024-02-22T22:08:20.303+0000][7][gc,age      ] GC(77) Desired survivor size 41943040 bytes, new threshold 15 (max threshold 15)
[2024-02-22T22:08:20.306+0000][7][gc,phases   ] GC(77)   Pre Evacuate Collection Set: 0.1ms
[2024-02-22T22:08:20.306+0000][7][gc,phases   ] GC(77)   Merge Heap Roots: 0.0ms
[2024-02-22T22:08:20.306+0000][7][gc,phases   ] GC(77)   Evacuate Collection Set: 1.3ms
[2024-02-22T22:08:20.306+0000][7][gc,phases   ] GC(77)   Post Evacuate Collection Set: 0.7ms
[2024-02-22T22:08:20.306+0000][7][gc,phases   ] GC(77)   Other: 0.1ms
[2024-02-22T22:08:20.306+0000][7][gc,age      ] GC(77) Age table with threshold 15 (max threshold 15)
[2024-02-22T22:08:20.306+0000][7][gc,age      ] GC(77) - age   1:    1745488 bytes,    1745488 total
[2024-02-22T22:08:20.306+0000][7][gc,age      ] GC(77) - age   2:       7032 bytes,    1752520 total
[2024-02-22T22:08:20.306+0000][7][gc,age      ] GC(77) - age   3:       1136 bytes,    1753656 total
[2024-02-22T22:08:20.306+0000][7][gc,age      ] GC(77) - age   4:       3176 bytes,    1756832 total
[2024-02-22T22:08:20.306+0000][7][gc,age      ] GC(77) - age   5:      10344 bytes,    1767176 total
[2024-02-22T22:08:20.306+0000][7][gc,age      ] GC(77) - age   6:      10000 bytes,    1777176 total
[2024-02-22T22:08:20.306+0000][7][gc,age      ] GC(77) - age   7:        920 bytes,    1778096 total
[2024-02-22T22:08:20.306+0000][7][gc,age      ] GC(77) - age   8:      18856 bytes,    1796952 total
[2024-02-22T22:08:20.306+0000][7][gc,age      ] GC(77) - age   9:      76816 bytes,    1873768 total
[2024-02-22T22:08:20.306+0000][7][gc,age      ] GC(77) - age  10:      82968 bytes,    1956736 total
[2024-02-22T22:08:20.306+0000][7][gc,age      ] GC(77) - age  11:      93664 bytes,    2050400 total
[2024-02-22T22:08:20.306+0000][7][gc,age      ] GC(77) - age  12:        392 bytes,    2050792 total
[2024-02-22T22:08:20.306+0000][7][gc,age      ] GC(77) - age  13:         96 bytes,    2050888 total
[2024-02-22T22:08:20.306+0000][7][gc,age      ] GC(77) - age  14:        384 bytes,    2051272 total
[2024-02-22T22:08:20.306+0000][7][gc,age      ] GC(77) - age  15:        320 bytes,    2051592 total
[2024-02-22T22:08:20.306+0000][7][gc,heap     ] GC(77) Eden regions: 152->0(152)
[2024-02-22T22:08:20.306+0000][7][gc,heap     ] GC(77) Survivor regions: 1->1(20)
[2024-02-22T22:08:20.306+0000][7][gc,heap     ] GC(77) Old regions: 24->24
[2024-02-22T22:08:20.306+0000][7][gc,heap     ] GC(77) Archive regions: 2->2
[2024-02-22T22:08:20.306+0000][7][gc,heap     ] GC(77) Humongous regions: 0->0
[2024-02-22T22:08:20.306+0000][7][gc,metaspace] GC(77) Metaspace: 128303K(131904K)->128303K(131904K) NonClass: 111473K(113344K)->111473K(113344K) Class: 16829K(18560K)->16829K(18560K)
[2024-02-22T22:08:20.306+0000][7][gc          ] GC(77) Pause Young (Normal) (G1 Evacuation Pause) 706M->98M(1024M) 2.422ms
[2024-02-22T22:08:20.306+0000][7][gc,cpu      ] GC(77) User=0.01s Sys=0.00s Real=0.00s
[2024-02-22T22:08:20.306+0000][7][safepoint   ] Safepoint "G1CollectForAllocation", Time since last: 90446369425 ns, Reaching safepoint: 35087 ns, At safepoint: 2493798 ns, Total: 2528885 ns
[2024-02-22T22:08:50.309+0000][7][safepoint   ] Safepoint "Cleanup", Time since last: 30002910765 ns, Reaching safepoint: 59773 ns, At safepoint: 6102 ns, Total: 65875 ns
[2024-02-22T22:10:21.320+0000][7][safepoint   ] Safepoint "Cleanup", Time since last: 91010678877 ns, Reaching safepoint: 258171 ns, At safepoint: 6549 ns, Total: 264720 ns
[2024-02-22T22:11:43.664+0000][7][gc,start    ] GC(78) Pause Young (Normal) (G1 Evacuation Pause)
[2024-02-22T22:11:43.664+0000][7][gc,task     ] GC(78) Using 8 workers of 8 for evacuation
[2024-02-22T22:11:43.664+0000][7][gc,age      ] GC(78) Desired survivor size 41943040 bytes, new threshold 15 (max threshold 15)
[2024-02-22T22:11:43.666+0000][7][gc,phases   ] GC(78)   Pre Evacuate Collection Set: 0.1ms
[2024-02-22T22:11:43.666+0000][7][gc,phases   ] GC(78)   Merge Heap Roots: 0.1ms
[2024-02-22T22:11:43.666+0000][7][gc,phases   ] GC(78)   Evacuate Collection Set: 1.5ms
[2024-02-22T22:11:43.666+0000][7][gc,phases   ] GC(78)   Post Evacuate Collection Set: 0.9ms
[2024-02-22T22:11:43.666+0000][7][gc,phases   ] GC(78)   Other: 0.1ms
[2024-02-22T22:11:43.666+0000][7][gc,age      ] GC(78) Age table with threshold 15 (max threshold 15)
[2024-02-22T22:11:43.666+0000][7][gc,age      ] GC(78) - age   1:     986968 bytes,     986968 total
[2024-02-22T22:11:43.666+0000][7][gc,age      ] GC(78) - age   2:       4336 bytes,     991304 total
[2024-02-22T22:11:43.666+0000][7][gc,age      ] GC(78) - age   3:       4688 bytes,     995992 total
[2024-02-22T22:11:43.666+0000][7][gc,age      ] GC(78) - age   4:       1008 bytes,     997000 total
[2024-02-22T22:11:43.666+0000][7][gc,age      ] GC(78) - age   5:       3176 bytes,    1000176 total
[2024-02-22T22:11:43.666+0000][7][gc,age      ] GC(78) - age   6:      10344 bytes,    1010520 total
[2024-02-22T22:11:43.666+0000][7][gc,age      ] GC(78) - age   7:      10000 bytes,    1020520 total
[2024-02-22T22:11:43.666+0000][7][gc,age      ] GC(78) - age   8:        736 bytes,    1021256 total
[2024-02-22T22:11:43.667+0000][7][gc,age      ] GC(78) - age   9:      18856 bytes,    1040112 total
[2024-02-22T22:11:43.667+0000][7][gc,age      ] GC(78) - age  10:      76816 bytes,    1116928 total
[2024-02-22T22:11:43.667+0000][7][gc,age      ] GC(78) - age  11:      82968 bytes,    1199896 total
[2024-02-22T22:11:43.667+0000][7][gc,age      ] GC(78) - age  12:      93664 bytes,    1293560 total
[2024-02-22T22:11:43.667+0000][7][gc,age      ] GC(78) - age  13:        360 bytes,    1293920 total
[2024-02-22T22:11:43.667+0000][7][gc,age      ] GC(78) - age  14:         96 bytes,    1294016 total
[2024-02-22T22:11:43.667+0000][7][gc,age      ] GC(78) - age  15:        384 bytes,    1294400 total
[2024-02-22T22:11:43.667+0000][7][gc,heap     ] GC(78) Eden regions: 152->0(152)
[2024-02-22T22:11:43.667+0000][7][gc,heap     ] GC(78) Survivor regions: 1->1(20)
[2024-02-22T22:11:43.667+0000][7][gc,heap     ] GC(78) Old regions: 24->24
[2024-02-22T22:11:43.667+0000][7][gc,heap     ] GC(78) Archive regions: 2->2
[2024-02-22T22:11:43.667+0000][7][gc,heap     ] GC(78) Humongous regions: 0->0
[2024-02-22T22:11:43.667+0000][7][gc,metaspace] GC(78) Metaspace: 128304K(131904K)->128304K(131904K) NonClass: 111475K(113344K)->111475K(113344K) Class: 16829K(18560K)->16829K(18560K)
[2024-02-22T22:11:43.667+0000][7][gc          ] GC(78) Pause Young (Normal) (G1 Evacuation Pause) 706M->97M(1024M) 3.074ms
[2024-02-22T22:11:43.667+0000][7][gc,cpu      ] GC(78) User=0.02s Sys=0.00s Real=0.00s
[2024-02-22T22:11:43.667+0000][7][safepoint   ] Safepoint "G1CollectForAllocation", Time since last: 82343666509 ns, Reaching safepoint: 94654 ns, At safepoint: 3177322 ns, Total: 3271976 ns
[2024-02-22T22:12:11.670+0000][7][safepoint   ] Safepoint "Cleanup", Time since last: 28003136669 ns, Reaching safepoint: 93472 ns, At safepoint: 5943 ns, Total: 99415 ns
[2024-02-22T22:14:55.689+0000][7][safepoint   ] Safepoint "Cleanup", Time since last: 164019227816 ns, Reaching safepoint: 151578 ns, At safepoint: 11968 ns, Total: 163546 ns
[2024-02-22T22:14:56.690+0000][7][safepoint   ] Safepoint "Cleanup", Time since last: 1000248656 ns, Reaching safepoint: 85671 ns, At safepoint: 8140 ns, Total: 93811 ns
[2024-02-22T22:14:58.690+0000][7][safepoint   ] Safepoint "Cleanup", Time since last: 2000314633 ns, Reaching safepoint: 82858 ns, At safepoint: 6724 ns, Total: 89582 ns
[2024-02-22T22:15:10.522+0000][7][gc,start    ] GC(79) Pause Young (Normal) (G1 Evacuation Pause)
[2024-02-22T22:15:10.522+0000][7][gc,task     ] GC(79) Using 8 workers of 8 for evacuation
[2024-02-22T22:15:10.522+0000][7][gc,age      ] GC(79) Desired survivor size 41943040 bytes, new threshold 15 (max threshold 15)
[2024-02-22T22:15:10.525+0000][7][gc,phases   ] GC(79)   Pre Evacuate Collection Set: 0.4ms
[2024-02-22T22:15:10.525+0000][7][gc,phases   ] GC(79)   Merge Heap Roots: 0.1ms
[2024-02-22T22:15:10.525+0000][7][gc,phases   ] GC(79)   Evacuate Collection Set: 1.9ms
[2024-02-22T22:15:10.525+0000][7][gc,phases   ] GC(79)   Post Evacuate Collection Set: 1.1ms
[2024-02-22T22:15:10.525+0000][7][gc,phases   ] GC(79)   Other: 0.1ms
[2024-02-22T22:15:10.525+0000][7][gc,age      ] GC(79) Age table with threshold 15 (max threshold 15)
[2024-02-22T22:15:10.525+0000][7][gc,age      ] GC(79) - age   1:    1490544 bytes,    1490544 total
[2024-02-22T22:15:10.525+0000][7][gc,age      ] GC(79) - age   2:       2112 bytes,    1492656 total
[2024-02-22T22:15:10.525+0000][7][gc,age      ] GC(79) - age   3:       1848 bytes,    1494504 total
[2024-02-22T22:15:10.525+0000][7][gc,age      ] GC(79) - age   4:        664 bytes,    1495168 total
[2024-02-22T22:15:10.525+0000][7][gc,age      ] GC(79) - age   5:        880 bytes,    1496048 total
[2024-02-22T22:15:10.525+0000][7][gc,age      ] GC(79) - age   6:       2704 bytes,    1498752 total
[2024-02-22T22:15:10.525+0000][7][gc,age      ] GC(79) - age   7:      10344 bytes,    1509096 total
[2024-02-22T22:15:10.525+0000][7][gc,age      ] GC(79) - age   8:      10000 bytes,    1519096 total
[2024-02-22T22:15:10.525+0000][7][gc,age      ] GC(79) - age   9:        736 bytes,    1519832 total
[2024-02-22T22:15:10.526+0000][7][gc,age      ] GC(79) - age  10:      18856 bytes,    1538688 total
[2024-02-22T22:15:10.526+0000][7][gc,age      ] GC(79) - age  11:      73648 bytes,    1612336 total
[2024-02-22T22:15:10.526+0000][7][gc,age      ] GC(79) - age  12:      82968 bytes,    1695304 total
[2024-02-22T22:15:10.526+0000][7][gc,age      ] GC(79) - age  13:      93664 bytes,    1788968 total
[2024-02-22T22:15:10.526+0000][7][gc,age      ] GC(79) - age  14:        360 bytes,    1789328 total
[2024-02-22T22:15:10.526+0000][7][gc,age      ] GC(79) - age  15:         96 bytes,    1789424 total
[2024-02-22T22:15:10.526+0000][7][gc,heap     ] GC(79) Eden regions: 152->0(152)
[2024-02-22T22:15:10.526+0000][7][gc,heap     ] GC(79) Survivor regions: 1->1(20)
[2024-02-22T22:15:10.526+0000][7][gc,heap     ] GC(79) Old regions: 24->24
[2024-02-22T22:15:10.526+0000][7][gc,heap     ] GC(79) Archive regions: 2->2
[2024-02-22T22:15:10.526+0000][7][gc,heap     ] GC(79) Humongous regions: 0->0
[2024-02-22T22:15:10.526+0000][7][gc,metaspace] GC(79) Metaspace: 128314K(131904K)->128314K(131904K) NonClass: 111485K(113344K)->111485K(113344K) Class: 16829K(18560K)->16829K(18560K)
[2024-02-22T22:15:10.526+0000][7][gc          ] GC(79) Pause Young (Normal) (G1 Evacuation Pause) 705M->98M(1024M) 3.901ms
[2024-02-22T22:15:10.526+0000][7][gc,cpu      ] GC(79) User=0.02s Sys=0.00s Real=0.00s
[2024-02-22T22:15:10.526+0000][7][safepoint   ] Safepoint "G1CollectForAllocation", Time since last: 11831546756 ns, Reaching safepoint: 71120 ns, At safepoint: 4010403 ns, Total: 4081523 ns
[2024-02-22T22:15:13.526+0000][7][safepoint   ] Safepoint "Cleanup", Time since last: 3000624715 ns, Reaching safepoint: 144910 ns, At safepoint: 9897 ns, Total: 154807 ns
[2024-02-22T22:15:15.527+0000][7][safepoint   ] Safepoint "Cleanup", Time since last: 2000411732 ns, Reaching safepoint: 85326 ns, At safepoint: 10690 ns, Total: 96016 ns
[2024-02-22T22:15:18.528+0000][7][safepoint   ] Safepoint "Cleanup", Time since last: 3000538224 ns, Reaching safepoint: 78916 ns, At safepoint: 9009 ns, Total: 87925 ns
[2024-02-22T22:15:31.529+0000][7][safepoint   ] Safepoint "Cleanup", Time since last: 13001474017 ns, Reaching safepoint: 113829 ns, At safepoint: 8117 ns, Total: 121946 ns
[2024-02-22T22:15:44.531+0000][7][safepoint   ] Safepoint "Cleanup", Time since last: 13001855079 ns, Reaching safepoint: 86353 ns, At safepoint: 8185 ns, Total: 94538 ns
[2024-02-22T22:18:37.571+0000][7][gc,start    ] GC(80) Pause Young (Normal) (G1 Evacuation Pause)
[2024-02-22T22:18:37.571+0000][7][gc,task     ] GC(80) Using 8 workers of 8 for evacuation
[2024-02-22T22:18:37.571+0000][7][gc,age      ] GC(80) Desired survivor size 41943040 bytes, new threshold 15 (max threshold 15)
[2024-02-22T22:18:37.574+0000][7][gc,phases   ] GC(80)   Pre Evacuate Collection Set: 0.1ms
[2024-02-22T22:18:37.574+0000][7][gc,phases   ] GC(80)   Merge Heap Roots: 0.1ms
[2024-02-22T22:18:37.574+0000][7][gc,phases   ] GC(80)   Evacuate Collection Set: 1.8ms
[2024-02-22T22:18:37.574+0000][7][gc,phases   ] GC(80)   Post Evacuate Collection Set: 0.7ms
[2024-02-22T22:18:37.574+0000][7][gc,phases   ] GC(80)   Other: 0.1ms
[2024-02-22T22:18:37.574+0000][7][gc,age      ] GC(80) Age table with threshold 15 (max threshold 15)
[2024-02-22T22:18:37.574+0000][7][gc,age      ] GC(80) - age   1:    1443872 bytes,    1443872 total
[2024-02-22T22:18:37.574+0000][7][gc,age      ] GC(80) - age   2:     152488 bytes,    1596360 total
[2024-02-22T22:18:37.574+0000][7][gc,age      ] GC(80) - age   3:        312 bytes,    1596672 total
[2024-02-22T22:18:37.574+0000][7][gc,age      ] GC(80) - age   4:        784 bytes,    1597456 total
[2024-02-22T22:18:37.574+0000][7][gc,age      ] GC(80) - age   5:        272 bytes,    1597728 total
[2024-02-22T22:18:37.574+0000][7][gc,age      ] GC(80) - age   6:        880 bytes,    1598608 total
[2024-02-22T22:18:37.574+0000][7][gc,age      ] GC(80) - age   7:       2672 bytes,    1601280 total
[2024-02-22T22:18:37.574+0000][7][gc,age      ] GC(80) - age   8:      10344 bytes,    1611624 total
[2024-02-22T22:18:37.574+0000][7][gc,age      ] GC(80) - age   9:      10000 bytes,    1621624 total
[2024-02-22T22:18:37.574+0000][7][gc,age      ] GC(80) - age  10:        736 bytes,    1622360 total
[2024-02-22T22:18:37.574+0000][7][gc,age      ] GC(80) - age  11:      18856 bytes,    1641216 total
[2024-02-22T22:18:37.574+0000][7][gc,age      ] GC(80) - age  12:      73648 bytes,    1714864 total
[2024-02-22T22:18:37.574+0000][7][gc,age      ] GC(80) - age  13:      82968 bytes,    1797832 total
[2024-02-22T22:18:37.574+0000][7][gc,age      ] GC(80) - age  14:      93664 bytes,    1891496 total
[2024-02-22T22:18:37.574+0000][7][gc,age      ] GC(80) - age  15:        360 bytes,    1891856 total
[2024-02-22T22:18:37.574+0000][7][gc,heap     ] GC(80) Eden regions: 152->0(152)
[2024-02-22T22:18:37.574+0000][7][gc,heap     ] GC(80) Survivor regions: 1->1(20)
[2024-02-22T22:18:37.574+0000][7][gc,heap     ] GC(80) Old regions: 24->24
[2024-02-22T22:18:37.574+0000][7][gc,heap     ] GC(80) Archive regions: 2->2
[2024-02-22T22:18:37.574+0000][7][gc,heap     ] GC(80) Humongous regions: 0->0
[2024-02-22T22:18:37.574+0000][7][gc,metaspace] GC(80) Metaspace: 128318K(131904K)->128318K(131904K) NonClass: 111489K(113344K)->111489K(113344K) Class: 16829K(18560K)->16829K(18560K)
[2024-02-22T22:18:37.574+0000][7][gc          ] GC(80) Pause Young (Normal) (G1 Evacuation Pause) 706M->98M(1024M) 3.087ms
[2024-02-22T22:18:37.574+0000][7][gc,cpu      ] GC(80) User=0.01s Sys=0.00s Real=0.00s
[2024-02-22T22:18:37.574+0000][7][safepoint   ] Safepoint "G1CollectForAllocation", Time since last: 173039844764 ns, Reaching safepoint: 69112 ns, At safepoint: 3195773 ns, Total: 3264885 ns
[2024-02-22T22:19:18.579+0000][7][safepoint   ] Safepoint "Cleanup", Time since last: 41004351644 ns, Reaching safepoint: 78448 ns, At safepoint: 11813 ns, Total: 90261 ns
[2024-02-22T22:20:59.590+0000][7][safepoint   ] Safepoint "Cleanup", Time since last: 101010906769 ns, Reaching safepoint: 63830 ns, At safepoint: 60498 ns, Total: 124328 ns
[2024-02-22T22:21:18.592+0000][7][safepoint   ] Safepoint "Cleanup", Time since last: 19001922656 ns, Reaching safepoint: 68737 ns, At safepoint: 5954 ns, Total: 74691 ns
[2024-02-22T22:21:46.576+0000][7][gc,start    ] GC(81) Pause Young (Normal) (G1 Evacuation Pause)
[2024-02-22T22:21:46.576+0000][7][gc,task     ] GC(81) Using 8 workers of 8 for evacuation
[2024-02-22T22:21:46.576+0000][7][gc,age      ] GC(81) Desired survivor size 41943040 bytes, new threshold 15 (max threshold 15)
[2024-02-22T22:21:46.578+0000][7][gc,phases   ] GC(81)   Pre Evacuate Collection Set: 0.1ms
[2024-02-22T22:21:46.578+0000][7][gc,phases   ] GC(81)   Merge Heap Roots: 0.1ms
[2024-02-22T22:21:46.578+0000][7][gc,phases   ] GC(81)   Evacuate Collection Set: 1.0ms
[2024-02-22T22:21:46.578+0000][7][gc,phases   ] GC(81)   Post Evacuate Collection Set: 0.5ms
[2024-02-22T22:21:46.578+0000][7][gc,phases   ] GC(81)   Other: 0.1ms
[2024-02-22T22:21:46.578+0000][7][gc,age      ] GC(81) Age table with threshold 15 (max threshold 15)
[2024-02-22T22:21:46.578+0000][7][gc,age      ] GC(81) - age   1:    1409864 bytes,    1409864 total
[2024-02-22T22:21:46.578+0000][7][gc,age      ] GC(81) - age   2:       3920 bytes,    1413784 total
[2024-02-22T22:21:46.578+0000][7][gc,age      ] GC(81) - age   3:     151312 bytes,    1565096 total
[2024-02-22T22:21:46.578+0000][7][gc,age      ] GC(81) - age   4:        312 bytes,    1565408 total
[2024-02-22T22:21:46.578+0000][7][gc,age      ] GC(81) - age   5:        784 bytes,    1566192 total
[2024-02-22T22:21:46.578+0000][7][gc,age      ] GC(81) - age   6:        272 bytes,    1566464 total
[2024-02-22T22:21:46.578+0000][7][gc,age      ] GC(81) - age   7:        880 bytes,    1567344 total
[2024-02-22T22:21:46.578+0000][7][gc,age      ] GC(81) - age   8:       2672 bytes,    1570016 total
[2024-02-22T22:21:46.578+0000][7][gc,age      ] GC(81) - age   9:      10344 bytes,    1580360 total
[2024-02-22T22:21:46.578+0000][7][gc,age      ] GC(81) - age  10:      10000 bytes,    1590360 total
[2024-02-22T22:21:46.578+0000][7][gc,age      ] GC(81) - age  11:        736 bytes,    1591096 total
[2024-02-22T22:21:46.578+0000][7][gc,age      ] GC(81) - age  12:      18856 bytes,    1609952 total
[2024-02-22T22:21:46.578+0000][7][gc,age      ] GC(81) - age  13:      73648 bytes,    1683600 total
[2024-02-22T22:21:46.578+0000][7][gc,age      ] GC(81) - age  14:      82968 bytes,    1766568 total
[2024-02-22T22:21:46.578+0000][7][gc,age      ] GC(81) - age  15:      93664 bytes,    1860232 total
[2024-02-22T22:21:46.578+0000][7][gc,heap     ] GC(81) Eden regions: 152->0(152)
[2024-02-22T22:21:46.578+0000][7][gc,heap     ] GC(81) Survivor regions: 1->1(20)
[2024-02-22T22:21:46.578+0000][7][gc,heap     ] GC(81) Old regions: 24->24
[2024-02-22T22:21:46.578+0000][7][gc,heap     ] GC(81) Archive regions: 2->2
[2024-02-22T22:21:46.578+0000][7][gc,heap     ] GC(81) Humongous regions: 0->0
[2024-02-22T22:21:46.578+0000][7][gc,metaspace] GC(81) Metaspace: 128322K(131904K)->128322K(131904K) NonClass: 111493K(113344K)->111493K(113344K) Class: 16829K(18560K)->16829K(18560K)
[2024-02-22T22:21:46.578+0000][7][gc          ] GC(81) Pause Young (Normal) (G1 Evacuation Pause) 706M->98M(1024M) 1.980ms
[2024-02-22T22:21:46.578+0000][7][gc,cpu      ] GC(81) User=0.01s Sys=0.00s Real=0.00s
[2024-02-22T22:21:46.578+0000][7][safepoint   ] Safepoint "G1CollectForAllocation", Time since last: 27984039797 ns, Reaching safepoint: 136841 ns, At safepoint: 2118537 ns, Total: 2255378 ns
[2024-02-22T22:24:08.592+0000][7][safepoint   ] Safepoint "Cleanup", Time since last: 142014054569 ns, Reaching safepoint: 93874 ns, At safepoint: 15305 ns, Total: 109179 ns
[2024-02-22T22:24:29.304+0000][7][gc,start    ] GC(82) Pause Young (Normal) (G1 Evacuation Pause)
[2024-02-22T22:24:29.305+0000][7][gc,task     ] GC(82) Using 8 workers of 8 for evacuation
[2024-02-22T22:24:29.305+0000][7][gc,age      ] GC(82) Desired survivor size 41943040 bytes, new threshold 15 (max threshold 15)
[2024-02-22T22:24:29.308+0000][7][gc,phases   ] GC(82)   Pre Evacuate Collection Set: 0.1ms
[2024-02-22T22:24:29.308+0000][7][gc,phases   ] GC(82)   Merge Heap Roots: 0.1ms
[2024-02-22T22:24:29.308+0000][7][gc,phases   ] GC(82)   Evacuate Collection Set: 1.8ms
[2024-02-22T22:24:29.308+0000][7][gc,phases   ] GC(82)   Post Evacuate Collection Set: 0.9ms
[2024-02-22T22:24:29.308+0000][7][gc,phases   ] GC(82)   Other: 0.1ms
[2024-02-22T22:24:29.308+0000][7][gc,age      ] GC(82) Age table with threshold 15 (max threshold 15)
[2024-02-22T22:24:29.308+0000][7][gc,age      ] GC(82) - age   1:    1568296 bytes,    1568296 total
[2024-02-22T22:24:29.308+0000][7][gc,age      ] GC(82) - age   2:      10896 bytes,    1579192 total
[2024-02-22T22:24:29.308+0000][7][gc,age      ] GC(82) - age   3:       1768 bytes,    1580960 total
[2024-02-22T22:24:29.308+0000][7][gc,age      ] GC(82) - age   4:     147480 bytes,    1728440 total
[2024-02-22T22:24:29.308+0000][7][gc,age      ] GC(82) - age   5:        312 bytes,    1728752 total
[2024-02-22T22:24:29.308+0000][7][gc,age      ] GC(82) - age   6:        784 bytes,    1729536 total
[2024-02-22T22:24:29.308+0000][7][gc,age      ] GC(82) - age   7:        272 bytes,    1729808 total
[2024-02-22T22:24:29.308+0000][7][gc,age      ] GC(82) - age   8:        696 bytes,    1730504 total
[2024-02-22T22:24:29.308+0000][7][gc,age      ] GC(82) - age   9:       2672 bytes,    1733176 total
[2024-02-22T22:24:29.308+0000][7][gc,age      ] GC(82) - age  10:      10344 bytes,    1743520 total
[2024-02-22T22:24:29.308+0000][7][gc,age      ] GC(82) - age  11:      10000 bytes,    1753520 total
[2024-02-22T22:24:29.308+0000][7][gc,age      ] GC(82) - age  12:        736 bytes,    1754256 total
[2024-02-22T22:24:29.308+0000][7][gc,age      ] GC(82) - age  13:      18856 bytes,    1773112 total
[2024-02-22T22:24:29.308+0000][7][gc,age      ] GC(82) - age  14:      73648 bytes,    1846760 total
[2024-02-22T22:24:29.308+0000][7][gc,age      ] GC(82) - age  15:      82968 bytes,    1929728 total
[2024-02-22T22:24:29.308+0000][7][gc,heap     ] GC(82) Eden regions: 152->0(152)
[2024-02-22T22:24:29.308+0000][7][gc,heap     ] GC(82) Survivor regions: 1->1(20)
[2024-02-22T22:24:29.308+0000][7][gc,heap     ] GC(82) Old regions: 24->24
[2024-02-22T22:24:29.308+0000][7][gc,heap     ] GC(82) Archive regions: 2->2
[2024-02-22T22:24:29.308+0000][7][gc,heap     ] GC(82) Humongous regions: 0->0
[2024-02-22T22:24:29.308+0000][7][gc,metaspace] GC(82) Metaspace: 128324K(131904K)->128324K(131904K) NonClass: 111495K(113344K)->111495K(113344K) Class: 16829K(18560K)->16829K(18560K)
[2024-02-22T22:24:29.308+0000][7][gc          ] GC(82) Pause Young (Normal) (G1 Evacuation Pause) 706M->98M(1024M) 3.468ms
[2024-02-22T22:24:29.308+0000][7][gc,cpu      ] GC(82) User=0.02s Sys=0.00s Real=0.01s
[2024-02-22T22:24:29.308+0000][7][safepoint   ] Safepoint "G1CollectForAllocation", Time since last: 20712146163 ns, Reaching safepoint: 101469 ns, At safepoint: 3574241 ns, Total: 3675710 ns
[2024-02-22T22:25:05.312+0000][7][safepoint   ] Safepoint "Cleanup", Time since last: 36004145302 ns, Reaching safepoint: 105363 ns, At safepoint: 13203 ns, Total: 118566 ns
[2024-02-22T22:25:10.313+0000][7][safepoint   ] Safepoint "Cleanup", Time since last: 5000531369 ns, Reaching safepoint: 64623 ns, At safepoint: 6064 ns, Total: 70687 ns
[2024-02-22T22:25:12.313+0000][7][safepoint   ] Safepoint "Cleanup", Time since last: 2000358189 ns, Reaching safepoint: 61236 ns, At safepoint: 7192 ns, Total: 68428 ns
[2024-02-22T22:25:44.316+0000][7][safepoint   ] Safepoint "Cleanup", Time since last: 32003044463 ns, Reaching safepoint: 69834 ns, At safepoint: 35070 ns, Total: 104904 ns
[2024-02-22T22:26:18.320+0000][7][safepoint   ] Safepoint "Cleanup", Time since last: 34003456357 ns, Reaching safepoint: 75890 ns, At safepoint: 6519 ns, Total: 82409 ns
[2024-02-22T22:27:07.769+0000][7][gc,start    ] GC(83) Pause Young (Normal) (G1 Evacuation Pause)
[2024-02-22T22:27:07.769+0000][7][gc,task     ] GC(83) Using 8 workers of 8 for evacuation
[2024-02-22T22:27:07.769+0000][7][gc,age      ] GC(83) Desired survivor size 41943040 bytes, new threshold 15 (max threshold 15)
[2024-02-22T22:27:07.771+0000][7][gc,phases   ] GC(83)   Pre Evacuate Collection Set: 0.1ms
[2024-02-22T22:27:07.771+0000][7][gc,phases   ] GC(83)   Merge Heap Roots: 0.1ms
[2024-02-22T22:27:07.771+0000][7][gc,phases   ] GC(83)   Evacuate Collection Set: 1.2ms
[2024-02-22T22:27:07.771+0000][7][gc,phases   ] GC(83)   Post Evacuate Collection Set: 0.8ms
[2024-02-22T22:27:07.771+0000][7][gc,phases   ] GC(83)   Other: 0.1ms
[2024-02-22T22:27:07.771+0000][7][gc,age      ] GC(83) Age table with threshold 15 (max threshold 15)
[2024-02-22T22:27:07.771+0000][7][gc,age      ] GC(83) - age   1:     806424 bytes,     806424 total
[2024-02-22T22:27:07.771+0000][7][gc,age      ] GC(83) - age   2:       6168 bytes,     812592 total
[2024-02-22T22:27:07.771+0000][7][gc,age      ] GC(83) - age   3:        656 bytes,     813248 total
[2024-02-22T22:27:07.771+0000][7][gc,age      ] GC(83) - age   4:        864 bytes,     814112 total
[2024-02-22T22:27:07.771+0000][7][gc,age      ] GC(83) - age   5:     147480 bytes,     961592 total
[2024-02-22T22:27:07.771+0000][7][gc,age      ] GC(83) - age   6:        312 bytes,     961904 total
[2024-02-22T22:27:07.771+0000][7][gc,age      ] GC(83) - age   7:        752 bytes,     962656 total
[2024-02-22T22:27:07.771+0000][7][gc,age      ] GC(83) - age   8:        272 bytes,     962928 total
[2024-02-22T22:27:07.771+0000][7][gc,age      ] GC(83) - age   9:        696 bytes,     963624 total
[2024-02-22T22:27:07.771+0000][7][gc,age      ] GC(83) - age  10:       2488 bytes,     966112 total
[2024-02-22T22:27:07.771+0000][7][gc,age      ] GC(83) - age  11:      10344 bytes,     976456 total
[2024-02-22T22:27:07.771+0000][7][gc,age      ] GC(83) - age  12:      10000 bytes,     986456 total
[2024-02-22T22:27:07.771+0000][7][gc,age      ] GC(83) - age  13:        736 bytes,     987192 total
[2024-02-22T22:27:07.771+0000][7][gc,age      ] GC(83) - age  14:      18856 bytes,    1006048 total
[2024-02-22T22:27:07.771+0000][7][gc,age      ] GC(83) - age  15:      73648 bytes,    1079696 total
[2024-02-22T22:27:07.771+0000][7][gc,heap     ] GC(83) Eden regions: 152->0(152)
[2024-02-22T22:27:07.771+0000][7][gc,heap     ] GC(83) Survivor regions: 1->1(20)
[2024-02-22T22:27:07.771+0000][7][gc,heap     ] GC(83) Old regions: 24->24
[2024-02-22T22:27:07.771+0000][7][gc,heap     ] GC(83) Archive regions: 2->2
[2024-02-22T22:27:07.771+0000][7][gc,heap     ] GC(83) Humongous regions: 0->0
[2024-02-22T22:27:07.771+0000][7][gc,metaspace] GC(83) Metaspace: 128344K(131968K)->128344K(131968K) NonClass: 111515K(113408K)->111515K(113408K) Class: 16829K(18560K)->16829K(18560K)
[2024-02-22T22:27:07.771+0000][7][gc          ] GC(83) Pause Young (Normal) (G1 Evacuation Pause) 706M->97M(1024M) 2.589ms
[2024-02-22T22:27:07.771+0000][7][gc,cpu      ] GC(83) User=0.01s Sys=0.00s Real=0.00s
[2024-02-22T22:27:07.771+0000][7][safepoint   ] Safepoint "G1CollectForAllocation", Time since last: 49448568410 ns, Reaching safepoint: 57728 ns, At safepoint: 2686298 ns, Total: 2744026 ns
[2024-02-22T22:27:17.772+0000][7][safepoint   ] Safepoint "Cleanup", Time since last: 10000920370 ns, Reaching safepoint: 50959 ns, At safepoint: 10025 ns, Total: 60984 ns
[2024-02-22T22:29:17.785+0000][7][safepoint   ] Safepoint "Cleanup", Time since last: 120012729604 ns, Reaching safepoint: 107205 ns, At safepoint: 5696 ns, Total: 112901 ns
[2024-02-22T22:29:52.598+0000][7][gc,start    ] GC(84) Pause Young (Normal) (G1 Evacuation Pause)
[2024-02-22T22:29:52.598+0000][7][gc,task     ] GC(84) Using 8 workers of 8 for evacuation
[2024-02-22T22:29:52.598+0000][7][gc,age      ] GC(84) Desired survivor size 41943040 bytes, new threshold 15 (max threshold 15)
[2024-02-22T22:29:52.602+0000][7][gc,phases   ] GC(84)   Pre Evacuate Collection Set: 0.1ms
[2024-02-22T22:29:52.602+0000][7][gc,phases   ] GC(84)   Merge Heap Roots: 0.1ms
[2024-02-22T22:29:52.602+0000][7][gc,phases   ] GC(84)   Evacuate Collection Set: 1.6ms
[2024-02-22T22:29:52.602+0000][7][gc,phases   ] GC(84)   Post Evacuate Collection Set: 1.2ms
[2024-02-22T22:29:52.602+0000][7][gc,phases   ] GC(84)   Other: 0.1ms
[2024-02-22T22:29:52.602+0000][7][gc,age      ] GC(84) Age table with threshold 15 (max threshold 15)
[2024-02-22T22:29:52.602+0000][7][gc,age      ] GC(84) - age   1:    1151368 bytes,    1151368 total
[2024-02-22T22:29:52.602+0000][7][gc,age      ] GC(84) - age   2:       4048 bytes,    1155416 total
[2024-02-22T22:29:52.602+0000][7][gc,age      ] GC(84) - age   3:       3824 bytes,    1159240 total
[2024-02-22T22:29:52.602+0000][7][gc,age      ] GC(84) - age   4:        208 bytes,    1159448 total
[2024-02-22T22:29:52.602+0000][7][gc,age      ] GC(84) - age   5:        544 bytes,    1159992 total
[2024-02-22T22:29:52.602+0000][7][gc,age      ] GC(84) - age   6:     147480 bytes,    1307472 total
[2024-02-22T22:29:52.602+0000][7][gc,age      ] GC(84) - age   7:        312 bytes,    1307784 total
[2024-02-22T22:29:52.602+0000][7][gc,age      ] GC(84) - age   8:        568 bytes,    1308352 total
[2024-02-22T22:29:52.602+0000][7][gc,age      ] GC(84) - age   9:        272 bytes,    1308624 total
[2024-02-22T22:29:52.602+0000][7][gc,age      ] GC(84) - age  10:        696 bytes,    1309320 total
[2024-02-22T22:29:52.602+0000][7][gc,age      ] GC(84) - age  11:       2488 bytes,    1311808 total
[2024-02-22T22:29:52.602+0000][7][gc,age      ] GC(84) - age  12:      10344 bytes,    1322152 total
[2024-02-22T22:29:52.602+0000][7][gc,age      ] GC(84) - age  13:      10000 bytes,    1332152 total
[2024-02-22T22:29:52.602+0000][7][gc,age      ] GC(84) - age  14:        736 bytes,    1332888 total
[2024-02-22T22:29:52.602+0000][7][gc,age      ] GC(84) - age  15:      18856 bytes,    1351744 total
[2024-02-22T22:29:52.602+0000][7][gc,heap     ] GC(84) Eden regions: 152->0(152)
[2024-02-22T22:29:52.602+0000][7][gc,heap     ] GC(84) Survivor regions: 1->1(20)
[2024-02-22T22:29:52.602+0000][7][gc,heap     ] GC(84) Old regions: 24->24
[2024-02-22T22:29:52.602+0000][7][gc,heap     ] GC(84) Archive regions: 2->2
[2024-02-22T22:29:52.602+0000][7][gc,heap     ] GC(84) Humongous regions: 0->0
[2024-02-22T22:29:52.602+0000][7][gc,metaspace] GC(84) Metaspace: 128347K(131968K)->128347K(131968K) NonClass: 111518K(113408K)->111518K(113408K) Class: 16829K(18560K)->16829K(18560K)
[2024-02-22T22:29:52.602+0000][7][gc          ] GC(84) Pause Young (Normal) (G1 Evacuation Pause) 705M->98M(1024M) 3.464ms
[2024-02-22T22:29:52.602+0000][7][gc,cpu      ] GC(84) User=0.01s Sys=0.00s Real=0.01s
[2024-02-22T22:29:52.602+0000][7][safepoint   ] Safepoint "G1CollectForAllocation", Time since last: 34813111704 ns, Reaching safepoint: 82511 ns, At safepoint: 3564389 ns, Total: 3646900 ns
[2024-02-22T22:30:18.604+0000][7][safepoint   ] Safepoint "Cleanup", Time since last: 26002533421 ns, Reaching safepoint: 63910 ns, At safepoint: 9841 ns, Total: 73751 ns
[2024-02-22T22:31:18.610+0000][7][safepoint   ] Safepoint "Cleanup", Time since last: 60005458116 ns, Reaching safepoint: 67540 ns, At safepoint: 31816 ns, Total: 99356 ns
[2024-02-22T22:32:31.625+0000][7][gc,start    ] GC(85) Pause Young (Normal) (G1 Evacuation Pause)
[2024-02-22T22:32:31.625+0000][7][gc,task     ] GC(85) Using 8 workers of 8 for evacuation
[2024-02-22T22:32:31.625+0000][7][gc,age      ] GC(85) Desired survivor size 41943040 bytes, new threshold 15 (max threshold 15)
[2024-02-22T22:32:31.628+0000][7][gc,phases   ] GC(85)   Pre Evacuate Collection Set: 0.2ms
[2024-02-22T22:32:31.628+0000][7][gc,phases   ] GC(85)   Merge Heap Roots: 0.1ms
[2024-02-22T22:32:31.628+0000][7][gc,phases   ] GC(85)   Evacuate Collection Set: 1.7ms
[2024-02-22T22:32:31.628+0000][7][gc,phases   ] GC(85)   Post Evacuate Collection Set: 0.7ms
[2024-02-22T22:32:31.628+0000][7][gc,phases   ] GC(85)   Other: 0.1ms
[2024-02-22T22:32:31.628+0000][7][gc,age      ] GC(85) Age table with threshold 15 (max threshold 15)
[2024-02-22T22:32:31.628+0000][7][gc,age      ] GC(85) - age   1:    1233944 bytes,    1233944 total
[2024-02-22T22:32:31.628+0000][7][gc,age      ] GC(85) - age   2:      11320 bytes,    1245264 total
[2024-02-22T22:32:31.628+0000][7][gc,age      ] GC(85) - age   3:       2760 bytes,    1248024 total
[2024-02-22T22:32:31.628+0000][7][gc,age      ] GC(85) - age   4:        184 bytes,    1248208 total
[2024-02-22T22:32:31.628+0000][7][gc,age      ] GC(85) - age   6:        152 bytes,    1248360 total
[2024-02-22T22:32:31.628+0000][7][gc,age      ] GC(85) - age   7:     147480 bytes,    1395840 total
[2024-02-22T22:32:31.628+0000][7][gc,age      ] GC(85) - age   8:        280 bytes,    1396120 total
[2024-02-22T22:32:31.628+0000][7][gc,age      ] GC(85) - age   9:        568 bytes,    1396688 total
[2024-02-22T22:32:31.628+0000][7][gc,age      ] GC(85) - age  10:        272 bytes,    1396960 total
[2024-02-22T22:32:31.628+0000][7][gc,age      ] GC(85) - age  11:        696 bytes,    1397656 total
[2024-02-22T22:32:31.628+0000][7][gc,age      ] GC(85) - age  12:       2488 bytes,    1400144 total
[2024-02-22T22:32:31.628+0000][7][gc,age      ] GC(85) - age  13:      10344 bytes,    1410488 total
[2024-02-22T22:32:31.628+0000][7][gc,age      ] GC(85) - age  14:      10000 bytes,    1420488 total
[2024-02-22T22:32:31.628+0000][7][gc,age      ] GC(85) - age  15:        736 bytes,    1421224 total
[2024-02-22T22:32:31.628+0000][7][gc,heap     ] GC(85) Eden regions: 152->0(152)
[2024-02-22T22:32:31.628+0000][7][gc,heap     ] GC(85) Survivor regions: 1->1(20)
[2024-02-22T22:32:31.628+0000][7][gc,heap     ] GC(85) Old regions: 24->24
[2024-02-22T22:32:31.628+0000][7][gc,heap     ] GC(85) Archive regions: 2->2
[2024-02-22T22:32:31.628+0000][7][gc,heap     ] GC(85) Humongous regions: 0->0
[2024-02-22T22:32:31.628+0000][7][gc,metaspace] GC(85) Metaspace: 128349K(131968K)->128349K(131968K) NonClass: 111520K(113408K)->111520K(113408K) Class: 16829K(18560K)->16829K(18560K)
[2024-02-22T22:32:31.628+0000][7][gc          ] GC(85) Pause Young (Normal) (G1 Evacuation Pause) 706M->98M(1024M) 3.185ms
[2024-02-22T22:32:31.628+0000][7][gc,cpu      ] GC(85) User=0.00s Sys=0.00s Real=0.01s
[2024-02-22T22:32:31.628+0000][7][safepoint   ] Safepoint "G1CollectForAllocation", Time since last: 73014732977 ns, Reaching safepoint: 94938 ns, At safepoint: 3280996 ns, Total: 3375934 ns
[2024-02-22T22:32:56.702+0000][7][safepoint   ] Safepoint "Cleanup", Time since last: 25073320205 ns, Reaching safepoint: 72808 ns, At safepoint: 16333 ns, Total: 89141 ns
[2024-02-22T22:32:57.707+0000][7][safepoint   ] Safepoint "Cleanup", Time since last: 1005247961 ns, Reaching safepoint: 76787 ns, At safepoint: 6257 ns, Total: 83044 ns
[2024-02-22T22:33:15.709+0000][7][safepoint   ] Safepoint "Cleanup", Time since last: 18002324741 ns, Reaching safepoint: 105584 ns, At safepoint: 11787 ns, Total: 117371 ns
[2024-02-22T22:34:05.714+0000][7][safepoint   ] Safepoint "Cleanup", Time since last: 50005016675 ns, Reaching safepoint: 68149 ns, At safepoint: 6264 ns, Total: 74413 ns
[2024-02-22T22:34:17.716+0000][7][safepoint   ] Safepoint "Cleanup", Time since last: 12001403405 ns, Reaching safepoint: 92414 ns, At safepoint: 6250 ns, Total: 98664 ns
[2024-02-22T22:34:40.718+0000][7][safepoint   ] Safepoint "Cleanup", Time since last: 23002209030 ns, Reaching safepoint: 43345 ns, At safepoint: 23678 ns, Total: 67023 ns
[2024-02-22T22:35:16.601+0000][7][gc,start    ] GC(86) Pause Young (Normal) (G1 Evacuation Pause)
[2024-02-22T22:35:16.602+0000][7][gc,task     ] GC(86) Using 8 workers of 8 for evacuation
[2024-02-22T22:35:16.602+0000][7][gc,age      ] GC(86) Desired survivor size 41943040 bytes, new threshold 15 (max threshold 15)
[2024-02-22T22:35:16.604+0000][7][gc,phases   ] GC(86)   Pre Evacuate Collection Set: 0.1ms
[2024-02-22T22:35:16.604+0000][7][gc,phases   ] GC(86)   Merge Heap Roots: 0.1ms
[2024-02-22T22:35:16.604+0000][7][gc,phases   ] GC(86)   Evacuate Collection Set: 1.7ms
[2024-02-22T22:35:16.604+0000][7][gc,phases   ] GC(86)   Post Evacuate Collection Set: 0.8ms
[2024-02-22T22:35:16.604+0000][7][gc,phases   ] GC(86)   Other: 0.1ms
[2024-02-22T22:35:16.604+0000][7][gc,age      ] GC(86) Age table with threshold 15 (max threshold 15)
[2024-02-22T22:35:16.604+0000][7][gc,age      ] GC(86) - age   1:    1664160 bytes,    1664160 total
[2024-02-22T22:35:16.604+0000][7][gc,age      ] GC(86) - age   2:       5928 bytes,    1670088 total
[2024-02-22T22:35:16.604+0000][7][gc,age      ] GC(86) - age   3:       9104 bytes,    1679192 total
[2024-02-22T22:35:16.604+0000][7][gc,age      ] GC(86) - age   4:       2056 bytes,    1681248 total
[2024-02-22T22:35:16.604+0000][7][gc,age      ] GC(86) - age   5:        184 bytes,    1681432 total
[2024-02-22T22:35:16.604+0000][7][gc,age      ] GC(86) - age   7:        152 bytes,    1681584 total
[2024-02-22T22:35:16.604+0000][7][gc,age      ] GC(86) - age   8:     147096 bytes,    1828680 total
[2024-02-22T22:35:16.604+0000][7][gc,age      ] GC(86) - age   9:        280 bytes,    1828960 total
[2024-02-22T22:35:16.604+0000][7][gc,age      ] GC(86) - age  10:        568 bytes,    1829528 total
[2024-02-22T22:35:16.604+0000][7][gc,age      ] GC(86) - age  11:        272 bytes,    1829800 total
[2024-02-22T22:35:16.604+0000][7][gc,age      ] GC(86) - age  12:        696 bytes,    1830496 total
[2024-02-22T22:35:16.605+0000][7][gc,age      ] GC(86) - age  13:       2488 bytes,    1832984 total
[2024-02-22T22:35:16.605+0000][7][gc,age      ] GC(86) - age  14:      10344 bytes,    1843328 total
[2024-02-22T22:35:16.605+0000][7][gc,age      ] GC(86) - age  15:      10000 bytes,    1853328 total
[2024-02-22T22:35:16.605+0000][7][gc,heap     ] GC(86) Eden regions: 152->0(152)
[2024-02-22T22:35:16.605+0000][7][gc,heap     ] GC(86) Survivor regions: 1->1(20)
[2024-02-22T22:35:16.605+0000][7][gc,heap     ] GC(86) Old regions: 24->24
[2024-02-22T22:35:16.605+0000][7][gc,heap     ] GC(86) Archive regions: 2->2
[2024-02-22T22:35:16.605+0000][7][gc,heap     ] GC(86) Humongous regions: 0->0
[2024-02-22T22:35:16.605+0000][7][gc,metaspace] GC(86) Metaspace: 128365K(131968K)->128365K(131968K) NonClass: 111534K(113408K)->111534K(113408K) Class: 16830K(18560K)->16830K(18560K)
[2024-02-22T22:35:16.605+0000][7][gc          ] GC(86) Pause Young (Normal) (G1 Evacuation Pause) 706M->98M(1024M) 3.132ms
[2024-02-22T22:35:16.605+0000][7][gc,cpu      ] GC(86) User=0.01s Sys=0.00s Real=0.00s
[2024-02-22T22:35:16.605+0000][7][safepoint   ] Safepoint "G1CollectForAllocation", Time since last: 35883153313 ns, Reaching safepoint: 48200 ns, At safepoint: 3230202 ns, Total: 3278402 ns
[2024-02-22T22:35:47.608+0000][7][safepoint   ] Safepoint "Cleanup", Time since last: 31002856006 ns, Reaching safepoint: 181996 ns, At safepoint: 5909 ns, Total: 187905 ns
[2024-02-22T22:35:53.608+0000][7][safepoint   ] Safepoint "Cleanup", Time since last: 6000491006 ns, Reaching safepoint: 111524 ns, At safepoint: 6901 ns, Total: 118425 ns
[2024-02-22T22:36:05.609+0000][7][safepoint   ] Safepoint "Cleanup", Time since last: 12001034263 ns, Reaching safepoint: 71659 ns, At safepoint: 37968 ns, Total: 109627 ns
[2024-02-22T22:37:18.617+0000][7][safepoint   ] Safepoint "Cleanup", Time since last: 73007413513 ns, Reaching safepoint: 74554 ns, At safepoint: 8787 ns, Total: 83341 ns
[2024-02-22T22:37:53.527+0000][7][gc,start    ] GC(87) Pause Young (Normal) (G1 Evacuation Pause)
[2024-02-22T22:37:53.527+0000][7][gc,task     ] GC(87) Using 8 workers of 8 for evacuation
[2024-02-22T22:37:53.527+0000][7][gc,age      ] GC(87) Desired survivor size 41943040 bytes, new threshold 15 (max threshold 15)
[2024-02-22T22:37:53.529+0000][7][gc,phases   ] GC(87)   Pre Evacuate Collection Set: 0.1ms
[2024-02-22T22:37:53.530+0000][7][gc,phases   ] GC(87)   Merge Heap Roots: 0.1ms
[2024-02-22T22:37:53.530+0000][7][gc,phases   ] GC(87)   Evacuate Collection Set: 1.4ms
[2024-02-22T22:37:53.530+0000][7][gc,phases   ] GC(87)   Post Evacuate Collection Set: 0.7ms
[2024-02-22T22:37:53.530+0000][7][gc,phases   ] GC(87)   Other: 0.1ms
[2024-02-22T22:37:53.530+0000][7][gc,age      ] GC(87) Age table with threshold 15 (max threshold 15)
[2024-02-22T22:37:53.530+0000][7][gc,age      ] GC(87) - age   1:    1925376 bytes,    1925376 total
[2024-02-22T22:37:53.530+0000][7][gc,age      ] GC(87) - age   2:     249432 bytes,    2174808 total
[2024-02-22T22:37:53.530+0000][7][gc,age      ] GC(87) - age   3:       4552 bytes,    2179360 total
[2024-02-22T22:37:53.530+0000][7][gc,age      ] GC(87) - age   4:        408 bytes,    2179768 total
[2024-02-22T22:37:53.530+0000][7][gc,age      ] GC(87) - age   5:       1368 bytes,    2181136 total
[2024-02-22T22:37:53.530+0000][7][gc,age      ] GC(87) - age   6:        184 bytes,    2181320 total
[2024-02-22T22:37:53.530+0000][7][gc,age      ] GC(87) - age   8:        120 bytes,    2181440 total
[2024-02-22T22:37:53.530+0000][7][gc,age      ] GC(87) - age   9:     147096 bytes,    2328536 total
[2024-02-22T22:37:53.530+0000][7][gc,age      ] GC(87) - age  10:        280 bytes,    2328816 total
[2024-02-22T22:37:53.530+0000][7][gc,age      ] GC(87) - age  11:        568 bytes,    2329384 total
[2024-02-22T22:37:53.530+0000][7][gc,age      ] GC(87) - age  12:        272 bytes,    2329656 total
[2024-02-22T22:37:53.530+0000][7][gc,age      ] GC(87) - age  13:        696 bytes,    2330352 total
[2024-02-22T22:37:53.530+0000][7][gc,age      ] GC(87) - age  14:       2488 bytes,    2332840 total
[2024-02-22T22:37:53.530+0000][7][gc,age      ] GC(87) - age  15:      10344 bytes,    2343184 total
[2024-02-22T22:37:53.530+0000][7][gc,heap     ] GC(87) Eden regions: 152->0(152)
[2024-02-22T22:37:53.530+0000][7][gc,heap     ] GC(87) Survivor regions: 1->1(20)
[2024-02-22T22:37:53.530+0000][7][gc,heap     ] GC(87) Old regions: 24->24
[2024-02-22T22:37:53.530+0000][7][gc,heap     ] GC(87) Archive regions: 2->2
[2024-02-22T22:37:53.530+0000][7][gc,heap     ] GC(87) Humongous regions: 0->0
[2024-02-22T22:37:53.530+0000][7][gc,metaspace] GC(87) Metaspace: 128368K(131968K)->128368K(131968K) NonClass: 111537K(113408K)->111537K(113408K) Class: 16830K(18560K)->16830K(18560K)
[2024-02-22T22:37:53.530+0000][7][gc          ] GC(87) Pause Young (Normal) (G1 Evacuation Pause) 706M->99M(1024M) 2.658ms
[2024-02-22T22:37:53.530+0000][7][gc,cpu      ] GC(87) User=0.01s Sys=0.00s Real=0.01s
[2024-02-22T22:37:53.530+0000][7][safepoint   ] Safepoint "G1CollectForAllocation", Time since last: 34910002776 ns, Reaching safepoint: 44719 ns, At safepoint: 2742759 ns, Total: 2787478 ns
[2024-02-22T22:38:30.534+0000][7][safepoint   ] Safepoint "Cleanup", Time since last: 37003795619 ns, Reaching safepoint: 120093 ns, At safepoint: 11801 ns, Total: 131894 ns
[2024-02-22T22:39:05.537+0000][7][safepoint   ] Safepoint "Cleanup", Time since last: 35003548050 ns, Reaching safepoint: 117253 ns, At safepoint: 34934 ns, Total: 152187 ns
[2024-02-22T22:39:06.538+0000][7][safepoint   ] Safepoint "Cleanup", Time since last: 1000138047 ns, Reaching safepoint: 69677 ns, At safepoint: 5262 ns, Total: 74939 ns
[2024-02-22T22:40:18.545+0000][7][safepoint   ] Safepoint "Cleanup", Time since last: 72007128538 ns, Reaching safepoint: 90536 ns, At safepoint: 7457 ns, Total: 97993 ns
[2024-02-22T22:40:31.628+0000][7][gc,start    ] GC(88) Pause Young (Normal) (G1 Evacuation Pause)
[2024-02-22T22:40:31.628+0000][7][gc,task     ] GC(88) Using 8 workers of 8 for evacuation
[2024-02-22T22:40:31.628+0000][7][gc,age      ] GC(88) Desired survivor size 41943040 bytes, new threshold 15 (max threshold 15)
[2024-02-22T22:40:31.631+0000][7][gc,phases   ] GC(88)   Pre Evacuate Collection Set: 0.1ms
[2024-02-22T22:40:31.631+0000][7][gc,phases   ] GC(88)   Merge Heap Roots: 0.1ms
[2024-02-22T22:40:31.631+0000][7][gc,phases   ] GC(88)   Evacuate Collection Set: 1.5ms
[2024-02-22T22:40:31.631+0000][7][gc,phases   ] GC(88)   Post Evacuate Collection Set: 0.8ms
[2024-02-22T22:40:31.631+0000][7][gc,phases   ] GC(88)   Other: 0.1ms
[2024-02-22T22:40:31.631+0000][7][gc,age      ] GC(88) Age table with threshold 15 (max threshold 15)
[2024-02-22T22:40:31.631+0000][7][gc,age      ] GC(88) - age   1:     973512 bytes,     973512 total
[2024-02-22T22:40:31.631+0000][7][gc,age      ] GC(88) - age   2:      10984 bytes,     984496 total
[2024-02-22T22:40:31.631+0000][7][gc,age      ] GC(88) - age   3:      96960 bytes,    1081456 total
[2024-02-22T22:40:31.631+0000][7][gc,age      ] GC(88) - age   4:       4240 bytes,    1085696 total
[2024-02-22T22:40:31.631+0000][7][gc,age      ] GC(88) - age   5:        280 bytes,    1085976 total
[2024-02-22T22:40:31.631+0000][7][gc,age      ] GC(88) - age   6:       1368 bytes,    1087344 total
[2024-02-22T22:40:31.631+0000][7][gc,age      ] GC(88) - age   7:        184 bytes,    1087528 total
[2024-02-22T22:40:31.631+0000][7][gc,age      ] GC(88) - age   9:        120 bytes,    1087648 total
[2024-02-22T22:40:31.631+0000][7][gc,age      ] GC(88) - age  10:     147096 bytes,    1234744 total
[2024-02-22T22:40:31.631+0000][7][gc,age      ] GC(88) - age  11:        280 bytes,    1235024 total
[2024-02-22T22:40:31.631+0000][7][gc,age      ] GC(88) - age  12:        568 bytes,    1235592 total
[2024-02-22T22:40:31.631+0000][7][gc,age      ] GC(88) - age  13:        272 bytes,    1235864 total
[2024-02-22T22:40:31.631+0000][7][gc,age      ] GC(88) - age  14:        696 bytes,    1236560 total
[2024-02-22T22:40:31.631+0000][7][gc,age      ] GC(88) - age  15:       2488 bytes,    1239048 total
[2024-02-22T22:40:31.631+0000][7][gc,heap     ] GC(88) Eden regions: 152->0(152)
[2024-02-22T22:40:31.631+0000][7][gc,heap     ] GC(88) Survivor regions: 1->1(20)
[2024-02-22T22:40:31.631+0000][7][gc,heap     ] GC(88) Old regions: 24->24
[2024-02-22T22:40:31.631+0000][7][gc,heap     ] GC(88) Archive regions: 2->2
[2024-02-22T22:40:31.631+0000][7][gc,heap     ] GC(88) Humongous regions: 0->0
[2024-02-22T22:40:31.631+0000][7][gc,metaspace] GC(88) Metaspace: 128370K(131968K)->128370K(131968K) NonClass: 111539K(113408K)->111539K(113408K) Class: 16830K(18560K)->16830K(18560K)
[2024-02-22T22:40:31.631+0000][7][gc          ] GC(88) Pause Young (Normal) (G1 Evacuation Pause) 707M->98M(1024M) 2.907ms
[2024-02-22T22:40:31.631+0000][7][gc,cpu      ] GC(88) User=0.00s Sys=0.00s Real=0.00s
[2024-02-22T22:40:31.631+0000][7][safepoint   ] Safepoint "G1CollectForAllocation", Time since last: 13083001315 ns, Reaching safepoint: 43352 ns, At safepoint: 3047031 ns, Total: 3090383 ns
[2024-02-22T22:40:52.633+0000][7][safepoint   ] Safepoint "Cleanup", Time since last: 21002034955 ns, Reaching safepoint: 110264 ns, At safepoint: 6826 ns, Total: 117090 ns
[2024-02-22T22:41:10.635+0000][7][safepoint   ] Safepoint "Cleanup", Time since last: 18001774372 ns, Reaching safepoint: 87615 ns, At safepoint: 8401 ns, Total: 96016 ns
[2024-02-22T22:41:18.636+0000][7][safepoint   ] Safepoint "Cleanup", Time since last: 8000665433 ns, Reaching safepoint: 72337 ns, At safepoint: 5183 ns, Total: 77520 ns
[2024-02-22T22:41:53.639+0000][7][safepoint   ] Safepoint "Cleanup", Time since last: 35003430120 ns, Reaching safepoint: 62445 ns, At safepoint: 6787 ns, Total: 69232 ns
[2024-02-22T22:41:55.639+0000][7][safepoint   ] Safepoint "Cleanup", Time since last: 2000199668 ns, Reaching safepoint: 50815 ns, At safepoint: 10956 ns, Total: 61771 ns
[2024-02-22T22:41:56.640+0000][7][safepoint   ] Safepoint "Cleanup", Time since last: 1000126418 ns, Reaching safepoint: 55419 ns, At safepoint: 5743 ns, Total: 61162 ns
[2024-02-22T22:42:18.642+0000][7][safepoint   ] Safepoint "Cleanup", Time since last: 22002081194 ns, Reaching safepoint: 76275 ns, At safepoint: 6132 ns, Total: 82407 ns
[2024-02-22T22:43:14.830+0000][7][gc,start    ] GC(89) Pause Young (Normal) (G1 Evacuation Pause)
[2024-02-22T22:43:14.830+0000][7][gc,task     ] GC(89) Using 8 workers of 8 for evacuation
[2024-02-22T22:43:14.830+0000][7][gc,age      ] GC(89) Desired survivor size 41943040 bytes, new threshold 15 (max threshold 15)
[2024-02-22T22:43:14.832+0000][7][gc,phases   ] GC(89)   Pre Evacuate Collection Set: 0.2ms
[2024-02-22T22:43:14.832+0000][7][gc,phases   ] GC(89)   Merge Heap Roots: 0.1ms
[2024-02-22T22:43:14.832+0000][7][gc,phases   ] GC(89)   Evacuate Collection Set: 1.5ms
[2024-02-22T22:43:14.832+0000][7][gc,phases   ] GC(89)   Post Evacuate Collection Set: 0.8ms
[2024-02-22T22:43:14.832+0000][7][gc,phases   ] GC(89)   Other: 0.1ms
[2024-02-22T22:43:14.832+0000][7][gc,age      ] GC(89) Age table with threshold 15 (max threshold 15)
[2024-02-22T22:43:14.833+0000][7][gc,age      ] GC(89) - age   1:     939280 bytes,     939280 total
[2024-02-22T22:43:14.833+0000][7][gc,age      ] GC(89) - age   2:     172616 bytes,    1111896 total
[2024-02-22T22:43:14.833+0000][7][gc,age      ] GC(89) - age   3:       1040 bytes,    1112936 total
[2024-02-22T22:43:14.833+0000][7][gc,age      ] GC(89) - age   4:      96576 bytes,    1209512 total
[2024-02-22T22:43:14.833+0000][7][gc,age      ] GC(89) - age   5:        784 bytes,    1210296 total
[2024-02-22T22:43:14.833+0000][7][gc,age      ] GC(89) - age   6:         96 bytes,    1210392 total
[2024-02-22T22:43:14.833+0000][7][gc,age      ] GC(89) - age   7:       1368 bytes,    1211760 total
[2024-02-22T22:43:14.833+0000][7][gc,age      ] GC(89) - age   8:        184 bytes,    1211944 total
[2024-02-22T22:43:14.833+0000][7][gc,age      ] GC(89) - age  10:        120 bytes,    1212064 total
[2024-02-22T22:43:14.833+0000][7][gc,age      ] GC(89) - age  11:     147096 bytes,    1359160 total
[2024-02-22T22:43:14.833+0000][7][gc,age      ] GC(89) - age  12:        280 bytes,    1359440 total
[2024-02-22T22:43:14.833+0000][7][gc,age      ] GC(89) - age  13:        568 bytes,    1360008 total
[2024-02-22T22:43:14.833+0000][7][gc,age      ] GC(89) - age  14:        272 bytes,    1360280 total
[2024-02-22T22:43:14.833+0000][7][gc,age      ] GC(89) - age  15:        696 bytes,    1360976 total
[2024-02-22T22:43:14.833+0000][7][gc,heap     ] GC(89) Eden regions: 152->0(152)
[2024-02-22T22:43:14.833+0000][7][gc,heap     ] GC(89) Survivor regions: 1->1(20)
[2024-02-22T22:43:14.833+0000][7][gc,heap     ] GC(89) Old regions: 24->24
[2024-02-22T22:43:14.833+0000][7][gc,heap     ] GC(89) Archive regions: 2->2
[2024-02-22T22:43:14.833+0000][7][gc,heap     ] GC(89) Humongous regions: 0->0
[2024-02-22T22:43:14.833+0000][7][gc,metaspace] GC(89) Metaspace: 128371K(131968K)->128371K(131968K) NonClass: 111540K(113408K)->111540K(113408K) Class: 16830K(18560K)->16830K(18560K)
[2024-02-22T22:43:14.833+0000][7][gc          ] GC(89) Pause Young (Normal) (G1 Evacuation Pause) 706M->98M(1024M) 3.074ms
[2024-02-22T22:43:14.833+0000][7][gc,cpu      ] GC(89) User=0.02s Sys=0.00s Real=0.00s
[2024-02-22T22:43:14.833+0000][7][safepoint   ] Safepoint "G1CollectForAllocation", Time since last: 56187733862 ns, Reaching safepoint: 69363 ns, At safepoint: 3172377 ns, Total: 3241740 ns
[2024-02-22T22:45:17.845+0000][7][safepoint   ] Safepoint "Cleanup", Time since last: 123012604961 ns, Reaching safepoint: 85246 ns, At safepoint: 6115 ns, Total: 91361 ns
[2024-02-22T22:45:34.847+0000][7][safepoint   ] Safepoint "Cleanup", Time since last: 17001596984 ns, Reaching safepoint: 72018 ns, At safepoint: 7241 ns, Total: 79259 ns
[2024-02-22T22:45:52.845+0000][7][gc,start    ] GC(90) Pause Young (Normal) (G1 Evacuation Pause)
[2024-02-22T22:45:52.845+0000][7][gc,task     ] GC(90) Using 8 workers of 8 for evacuation
[2024-02-22T22:45:52.845+0000][7][gc,age      ] GC(90) Desired survivor size 41943040 bytes, new threshold 15 (max threshold 15)
[2024-02-22T22:45:52.848+0000][7][gc,phases   ] GC(90)   Pre Evacuate Collection Set: 0.1ms
[2024-02-22T22:45:52.848+0000][7][gc,phases   ] GC(90)   Merge Heap Roots: 0.1ms
[2024-02-22T22:45:52.848+0000][7][gc,phases   ] GC(90)   Evacuate Collection Set: 1.8ms
[2024-02-22T22:45:52.848+0000][7][gc,phases   ] GC(90)   Post Evacuate Collection Set: 0.9ms
[2024-02-22T22:45:52.848+0000][7][gc,phases   ] GC(90)   Other: 0.1ms
[2024-02-22T22:45:52.848+0000][7][gc,age      ] GC(90) Age table with threshold 15 (max threshold 15)
[2024-02-22T22:45:52.848+0000][7][gc,age      ] GC(90) - age   1:    1639008 bytes,    1639008 total
[2024-02-22T22:45:52.848+0000][7][gc,age      ] GC(90) - age   2:      30096 bytes,    1669104 total
[2024-02-22T22:45:52.848+0000][7][gc,age      ] GC(90) - age   3:     171392 bytes,    1840496 total
[2024-02-22T22:45:52.848+0000][7][gc,age      ] GC(90) - age   4:         32 bytes,    1840528 total
[2024-02-22T22:45:52.848+0000][7][gc,age      ] GC(90) - age   5:      96512 bytes,    1937040 total
[2024-02-22T22:45:52.848+0000][7][gc,age      ] GC(90) - age   6:        784 bytes,    1937824 total
[2024-02-22T22:45:52.848+0000][7][gc,age      ] GC(90) - age   7:         96 bytes,    1937920 total
[2024-02-22T22:45:52.848+0000][7][gc,age      ] GC(90) - age   8:       1152 bytes,    1939072 total
[2024-02-22T22:45:52.848+0000][7][gc,age      ] GC(90) - age   9:        184 bytes,    1939256 total
[2024-02-22T22:45:52.848+0000][7][gc,age      ] GC(90) - age  11:        120 bytes,    1939376 total
[2024-02-22T22:45:52.848+0000][7][gc,age      ] GC(90) - age  12:     147096 bytes,    2086472 total
[2024-02-22T22:45:52.848+0000][7][gc,age      ] GC(90) - age  13:        280 bytes,    2086752 total
[2024-02-22T22:45:52.848+0000][7][gc,age      ] GC(90) - age  14:        568 bytes,    2087320 total
[2024-02-22T22:45:52.848+0000][7][gc,age      ] GC(90) - age  15:        272 bytes,    2087592 total
[2024-02-22T22:45:52.848+0000][7][gc,heap     ] GC(90) Eden regions: 152->0(152)
[2024-02-22T22:45:52.848+0000][7][gc,heap     ] GC(90) Survivor regions: 1->1(20)
[2024-02-22T22:45:52.849+0000][7][gc,heap     ] GC(90) Old regions: 24->24
[2024-02-22T22:45:52.849+0000][7][gc,heap     ] GC(90) Archive regions: 2->2
[2024-02-22T22:45:52.849+0000][7][gc,heap     ] GC(90) Humongous regions: 0->0
[2024-02-22T22:45:52.849+0000][7][gc,metaspace] GC(90) Metaspace: 128383K(131968K)->128383K(131968K) NonClass: 111552K(113408K)->111552K(113408K) Class: 16830K(18560K)->16830K(18560K)
[2024-02-22T22:45:52.849+0000][7][gc          ] GC(90) Pause Young (Normal) (G1 Evacuation Pause) 706M->98M(1024M) 3.220ms
[2024-02-22T22:45:52.849+0000][7][gc,cpu      ] GC(90) User=0.02s Sys=0.00s Real=0.01s
[2024-02-22T22:45:52.849+0000][7][safepoint   ] Safepoint "G1CollectForAllocation", Time since last: 17998119692 ns, Reaching safepoint: 64751 ns, At safepoint: 3315546 ns, Total: 3380297 ns
[2024-02-22T22:45:53.849+0000][7][safepoint   ] Safepoint "Cleanup", Time since last: 1000109304 ns, Reaching safepoint: 56194 ns, At safepoint: 5686 ns, Total: 61880 ns
[2024-02-22T22:46:17.852+0000][7][safepoint   ] Safepoint "Cleanup", Time since last: 24003117975 ns, Reaching safepoint: 75742 ns, At safepoint: 5357 ns, Total: 81099 ns
[2024-02-22T22:46:41.855+0000][7][safepoint   ] Safepoint "Cleanup", Time since last: 24002575208 ns, Reaching safepoint: 77414 ns, At safepoint: 9992 ns, Total: 87406 ns
[2024-02-22T22:47:11.807+0000][7][safepoint   ] Safepoint "Cleanup", Time since last: 29952481037 ns, Reaching safepoint: 138771 ns, At safepoint: 8262 ns, Total: 147033 ns
[2024-02-22T22:47:58.812+0000][7][safepoint   ] Safepoint "Cleanup", Time since last: 47004907900 ns, Reaching safepoint: 117399 ns, At safepoint: 11147 ns, Total: 128546 ns
[2024-02-22T22:48:11.814+0000][7][safepoint   ] Safepoint "Cleanup", Time since last: 13001225035 ns, Reaching safepoint: 65724 ns, At safepoint: 7313 ns, Total: 73037 ns
[2024-02-22T22:48:17.814+0000][7][safepoint   ] Safepoint "Cleanup", Time since last: 6000672915 ns, Reaching safepoint: 151431 ns, At safepoint: 11377 ns, Total: 162808 ns
[2024-02-22T22:48:28.721+0000][7][gc,start    ] GC(91) Pause Young (Normal) (G1 Evacuation Pause)
[2024-02-22T22:48:28.721+0000][7][gc,task     ] GC(91) Using 8 workers of 8 for evacuation
[2024-02-22T22:48:28.721+0000][7][gc,age      ] GC(91) Desired survivor size 41943040 bytes, new threshold 15 (max threshold 15)
[2024-02-22T22:48:28.723+0000][7][gc,phases   ] GC(91)   Pre Evacuate Collection Set: 0.1ms
[2024-02-22T22:48:28.723+0000][7][gc,phases   ] GC(91)   Merge Heap Roots: 0.1ms
[2024-02-22T22:48:28.723+0000][7][gc,phases   ] GC(91)   Evacuate Collection Set: 1.3ms
[2024-02-22T22:48:28.723+0000][7][gc,phases   ] GC(91)   Post Evacuate Collection Set: 0.7ms
[2024-02-22T22:48:28.723+0000][7][gc,phases   ] GC(91)   Other: 0.1ms
[2024-02-22T22:48:28.723+0000][7][gc,age      ] GC(91) Age table with threshold 15 (max threshold 15)
[2024-02-22T22:48:28.723+0000][7][gc,age      ] GC(91) - age   1:    1881656 bytes,    1881656 total
[2024-02-22T22:48:28.723+0000][7][gc,age      ] GC(91) - age   2:      14992 bytes,    1896648 total
[2024-02-22T22:48:28.723+0000][7][gc,age      ] GC(91) - age   3:      20056 bytes,    1916704 total
[2024-02-22T22:48:28.723+0000][7][gc,age      ] GC(91) - age   4:     171144 bytes,    2087848 total
[2024-02-22T22:48:28.723+0000][7][gc,age      ] GC(91) - age   5:         32 bytes,    2087880 total
[2024-02-22T22:48:28.723+0000][7][gc,age      ] GC(91) - age   6:      96512 bytes,    2184392 total
[2024-02-22T22:48:28.723+0000][7][gc,age      ] GC(91) - age   7:        208 bytes,    2184600 total
[2024-02-22T22:48:28.723+0000][7][gc,age      ] GC(91) - age   8:         96 bytes,    2184696 total
[2024-02-22T22:48:28.723+0000][7][gc,age      ] GC(91) - age   9:       1152 bytes,    2185848 total
[2024-02-22T22:48:28.723+0000][7][gc,age      ] GC(91) - age  10:        184 bytes,    2186032 total
[2024-02-22T22:48:28.723+0000][7][gc,age      ] GC(91) - age  12:        120 bytes,    2186152 total
[2024-02-22T22:48:28.723+0000][7][gc,age      ] GC(91) - age  13:     147096 bytes,    2333248 total
[2024-02-22T22:48:28.723+0000][7][gc,age      ] GC(91) - age  14:        280 bytes,    2333528 total
[2024-02-22T22:48:28.723+0000][7][gc,age      ] GC(91) - age  15:        568 bytes,    2334096 total
[2024-02-22T22:48:28.723+0000][7][gc,heap     ] GC(91) Eden regions: 152->0(152)
[2024-02-22T22:48:28.723+0000][7][gc,heap     ] GC(91) Survivor regions: 1->1(20)
[2024-02-22T22:48:28.723+0000][7][gc,heap     ] GC(91) Old regions: 24->24
[2024-02-22T22:48:28.723+0000][7][gc,heap     ] GC(91) Archive regions: 2->2
[2024-02-22T22:48:28.723+0000][7][gc,heap     ] GC(91) Humongous regions: 0->0
[2024-02-22T22:48:28.723+0000][7][gc,metaspace] GC(91) Metaspace: 128438K(132032K)->128438K(132032K) NonClass: 111607K(113472K)->111607K(113472K) Class: 16830K(18560K)->16830K(18560K)
[2024-02-22T22:48:28.723+0000][7][gc          ] GC(91) Pause Young (Normal) (G1 Evacuation Pause) 706M->99M(1024M) 2.473ms
[2024-02-22T22:48:28.723+0000][7][gc,cpu      ] GC(91) User=0.01s Sys=0.01s Real=0.00s
[2024-02-22T22:48:28.723+0000][7][safepoint   ] Safepoint "G1CollectForAllocation", Time since last: 10906131086 ns, Reaching safepoint: 57516 ns, At safepoint: 2551899 ns, Total: 2609415 ns
[2024-02-22T22:49:08.728+0000][7][safepoint   ] Safepoint "Cleanup", Time since last: 40004271806 ns, Reaching safepoint: 94012 ns, At safepoint: 9565 ns, Total: 103577 ns
[2024-02-22T22:49:17.729+0000][7][safepoint   ] Safepoint "Cleanup", Time since last: 9000898004 ns, Reaching safepoint: 67124 ns, At safepoint: 8075 ns, Total: 75199 ns
[2024-02-22T22:51:10.682+0000][7][gc,start    ] GC(92) Pause Young (Normal) (G1 Evacuation Pause)
[2024-02-22T22:51:10.682+0000][7][gc,task     ] GC(92) Using 8 workers of 8 for evacuation
[2024-02-22T22:51:10.682+0000][7][gc,age      ] GC(92) Desired survivor size 41943040 bytes, new threshold 15 (max threshold 15)
[2024-02-22T22:51:10.684+0000][7][gc,phases   ] GC(92)   Pre Evacuate Collection Set: 0.1ms
[2024-02-22T22:51:10.684+0000][7][gc,phases   ] GC(92)   Merge Heap Roots: 0.1ms
[2024-02-22T22:51:10.684+0000][7][gc,phases   ] GC(92)   Evacuate Collection Set: 1.1ms
[2024-02-22T22:51:10.684+0000][7][gc,phases   ] GC(92)   Post Evacuate Collection Set: 0.7ms
[2024-02-22T22:51:10.684+0000][7][gc,phases   ] GC(92)   Other: 0.1ms
[2024-02-22T22:51:10.684+0000][7][gc,age      ] GC(92) Age table with threshold 15 (max threshold 15)
[2024-02-22T22:51:10.684+0000][7][gc,age      ] GC(92) - age   1:     720376 bytes,     720376 total
[2024-02-22T22:51:10.684+0000][7][gc,age      ] GC(92) - age   2:       6368 bytes,     726744 total
[2024-02-22T22:51:10.684+0000][7][gc,age      ] GC(92) - age   3:      12208 bytes,     738952 total
[2024-02-22T22:51:10.684+0000][7][gc,age      ] GC(92) - age   4:      19864 bytes,     758816 total
[2024-02-22T22:51:10.684+0000][7][gc,age      ] GC(92) - age   5:     171144 bytes,     929960 total
[2024-02-22T22:51:10.684+0000][7][gc,age      ] GC(92) - age   6:         32 bytes,     929992 total
[2024-02-22T22:51:10.684+0000][7][gc,age      ] GC(92) - age   7:      96512 bytes,    1026504 total
[2024-02-22T22:51:10.684+0000][7][gc,age      ] GC(92) - age   8:        208 bytes,    1026712 total
[2024-02-22T22:51:10.684+0000][7][gc,age      ] GC(92) - age   9:         96 bytes,    1026808 total
[2024-02-22T22:51:10.684+0000][7][gc,age      ] GC(92) - age  10:       1152 bytes,    1027960 total
[2024-02-22T22:51:10.684+0000][7][gc,age      ] GC(92) - age  11:        184 bytes,    1028144 total
[2024-02-22T22:51:10.684+0000][7][gc,age      ] GC(92) - age  13:        120 bytes,    1028264 total
[2024-02-22T22:51:10.684+0000][7][gc,age      ] GC(92) - age  14:     146912 bytes,    1175176 total
[2024-02-22T22:51:10.684+0000][7][gc,age      ] GC(92) - age  15:        280 bytes,    1175456 total
[2024-02-22T22:51:10.684+0000][7][gc,heap     ] GC(92) Eden regions: 152->0(152)
[2024-02-22T22:51:10.684+0000][7][gc,heap     ] GC(92) Survivor regions: 1->1(20)
[2024-02-22T22:51:10.684+0000][7][gc,heap     ] GC(92) Old regions: 24->24
[2024-02-22T22:51:10.684+0000][7][gc,heap     ] GC(92) Archive regions: 2->2
[2024-02-22T22:51:10.684+0000][7][gc,heap     ] GC(92) Humongous regions: 0->0
[2024-02-22T22:51:10.684+0000][7][gc,metaspace] GC(92) Metaspace: 128439K(132032K)->128439K(132032K) NonClass: 111608K(113472K)->111608K(113472K) Class: 16830K(18560K)->16830K(18560K)
[2024-02-22T22:51:10.684+0000][7][gc          ] GC(92) Pause Young (Normal) (G1 Evacuation Pause) 707M->98M(1024M) 2.413ms
[2024-02-22T22:51:10.684+0000][7][gc,cpu      ] GC(92) User=0.01s Sys=0.00s Real=0.00s
[2024-02-22T22:51:10.684+0000][7][safepoint   ] Safepoint "G1CollectForAllocation", Time since last: 112953236168 ns, Reaching safepoint: 67201 ns, At safepoint: 2497952 ns, Total: 2565153 ns
[2024-02-22T22:51:18.685+0000][7][safepoint   ] Safepoint "Cleanup", Time since last: 8000834432 ns, Reaching safepoint: 99417 ns, At safepoint: 9912 ns, Total: 109329 ns
[2024-02-22T22:51:41.688+0000][7][safepoint   ] Safepoint "Cleanup", Time since last: 23002407162 ns, Reaching safepoint: 64327 ns, At safepoint: 37762 ns, Total: 102089 ns
[2024-02-22T22:53:43.700+0000][7][safepoint   ] Safepoint "Cleanup", Time since last: 122012308943 ns, Reaching safepoint: 100291 ns, At safepoint: 9663 ns, Total: 109954 ns
[2024-02-22T22:53:52.685+0000][7][gc,start    ] GC(93) Pause Young (Normal) (G1 Evacuation Pause)
[2024-02-22T22:53:52.685+0000][7][gc,task     ] GC(93) Using 8 workers of 8 for evacuation
[2024-02-22T22:53:52.685+0000][7][gc,age      ] GC(93) Desired survivor size 41943040 bytes, new threshold 15 (max threshold 15)
[2024-02-22T22:53:52.688+0000][7][gc,phases   ] GC(93)   Pre Evacuate Collection Set: 0.1ms
[2024-02-22T22:53:52.688+0000][7][gc,phases   ] GC(93)   Merge Heap Roots: 0.1ms
[2024-02-22T22:53:52.688+0000][7][gc,phases   ] GC(93)   Evacuate Collection Set: 2.0ms
[2024-02-22T22:53:52.688+0000][7][gc,phases   ] GC(93)   Post Evacuate Collection Set: 0.8ms
[2024-02-22T22:53:52.688+0000][7][gc,phases   ] GC(93)   Other: 0.1ms
[2024-02-22T22:53:52.688+0000][7][gc,age      ] GC(93) Age table with threshold 15 (max threshold 15)
[2024-02-22T22:53:52.688+0000][7][gc,age      ] GC(93) - age   1:    1024232 bytes,    1024232 total
[2024-02-22T22:53:52.688+0000][7][gc,age      ] GC(93) - age   2:       2376 bytes,    1026608 total
[2024-02-22T22:53:52.688+0000][7][gc,age      ] GC(93) - age   3:       3960 bytes,    1030568 total
[2024-02-22T22:53:52.688+0000][7][gc,age      ] GC(93) - age   4:      11152 bytes,    1041720 total
[2024-02-22T22:53:52.688+0000][7][gc,age      ] GC(93) - age   5:      16280 bytes,    1058000 total
[2024-02-22T22:53:52.688+0000][7][gc,age      ] GC(93) - age   6:     171144 bytes,    1229144 total
[2024-02-22T22:53:52.688+0000][7][gc,age      ] GC(93) - age   7:         32 bytes,    1229176 total
[2024-02-22T22:53:52.688+0000][7][gc,age      ] GC(93) - age   8:      96512 bytes,    1325688 total
[2024-02-22T22:53:52.689+0000][7][gc,age      ] GC(93) - age   9:        208 bytes,    1325896 total
[2024-02-22T22:53:52.689+0000][7][gc,age      ] GC(93) - age  10:         96 bytes,    1325992 total
[2024-02-22T22:53:52.689+0000][7][gc,age      ] GC(93) - age  11:       1152 bytes,    1327144 total
[2024-02-22T22:53:52.689+0000][7][gc,age      ] GC(93) - age  12:        184 bytes,    1327328 total
[2024-02-22T22:53:52.689+0000][7][gc,age      ] GC(93) - age  14:        120 bytes,    1327448 total
[2024-02-22T22:53:52.689+0000][7][gc,age      ] GC(93) - age  15:     146912 bytes,    1474360 total
[2024-02-22T22:53:52.689+0000][7][gc,heap     ] GC(93) Eden regions: 152->0(152)
[2024-02-22T22:53:52.689+0000][7][gc,heap     ] GC(93) Survivor regions: 1->1(20)
[2024-02-22T22:53:52.689+0000][7][gc,heap     ] GC(93) Old regions: 24->24
[2024-02-22T22:53:52.689+0000][7][gc,heap     ] GC(93) Archive regions: 2->2
[2024-02-22T22:53:52.689+0000][7][gc,heap     ] GC(93) Humongous regions: 0->0
[2024-02-22T22:53:52.689+0000][7][gc,metaspace] GC(93) Metaspace: 128439K(132032K)->128439K(132032K) NonClass: 111608K(113472K)->111608K(113472K) Class: 16830K(18560K)->16830K(18560K)
[2024-02-22T22:53:52.689+0000][7][gc          ] GC(93) Pause Young (Normal) (G1 Evacuation Pause) 706M->98M(1024M) 3.379ms
[2024-02-22T22:53:52.689+0000][7][gc,cpu      ] GC(93) User=0.02s Sys=0.00s Real=0.01s
[2024-02-22T22:53:52.689+0000][7][safepoint   ] Safepoint "G1CollectForAllocation", Time since last: 8984906853 ns, Reaching safepoint: 74638 ns, At safepoint: 3470493 ns, Total: 3545131 ns
[2024-02-22T22:56:34.687+0000][7][gc,start    ] GC(94) Pause Young (Normal) (G1 Evacuation Pause)
[2024-02-22T22:56:34.687+0000][7][gc,task     ] GC(94) Using 8 workers of 8 for evacuation
[2024-02-22T22:56:34.687+0000][7][gc,age      ] GC(94) Desired survivor size 41943040 bytes, new threshold 15 (max threshold 15)
[2024-02-22T22:56:34.690+0000][7][gc,phases   ] GC(94)   Pre Evacuate Collection Set: 0.1ms
[2024-02-22T22:56:34.690+0000][7][gc,phases   ] GC(94)   Merge Heap Roots: 0.1ms
[2024-02-22T22:56:34.690+0000][7][gc,phases   ] GC(94)   Evacuate Collection Set: 1.5ms
[2024-02-22T22:56:34.690+0000][7][gc,phases   ] GC(94)   Post Evacuate Collection Set: 0.7ms
[2024-02-22T22:56:34.690+0000][7][gc,phases   ] GC(94)   Other: 0.1ms
[2024-02-22T22:56:34.690+0000][7][gc,age      ] GC(94) Age table with threshold 15 (max threshold 15)
[2024-02-22T22:56:34.690+0000][7][gc,age      ] GC(94) - age   1:    1321936 bytes,    1321936 total
[2024-02-22T22:56:34.690+0000][7][gc,age      ] GC(94) - age   2:       5392 bytes,    1327328 total
[2024-02-22T22:56:34.690+0000][7][gc,age      ] GC(94) - age   3:        712 bytes,    1328040 total
[2024-02-22T22:56:34.690+0000][7][gc,age      ] GC(94) - age   4:       3648 bytes,    1331688 total
[2024-02-22T22:56:34.690+0000][7][gc,age      ] GC(94) - age   5:      10080 bytes,    1341768 total
[2024-02-22T22:56:34.690+0000][7][gc,age      ] GC(94) - age   6:      16216 bytes,    1357984 total
[2024-02-22T22:56:34.690+0000][7][gc,age      ] GC(94) - age   7:     171016 bytes,    1529000 total
[2024-02-22T22:56:34.690+0000][7][gc,age      ] GC(94) - age   9:      96128 bytes,    1625128 total
[2024-02-22T22:56:34.690+0000][7][gc,age      ] GC(94) - age  10:        208 bytes,    1625336 total
[2024-02-22T22:56:34.690+0000][7][gc,age      ] GC(94) - age  11:         96 bytes,    1625432 total
[2024-02-22T22:56:34.690+0000][7][gc,age      ] GC(94) - age  12:       1152 bytes,    1626584 total
[2024-02-22T22:56:34.690+0000][7][gc,age      ] GC(94) - age  13:        184 bytes,    1626768 total
[2024-02-22T22:56:34.690+0000][7][gc,age      ] GC(94) - age  15:        120 bytes,    1626888 total
[2024-02-22T22:56:34.690+0000][7][gc,heap     ] GC(94) Eden regions: 152->0(152)
[2024-02-22T22:56:34.690+0000][7][gc,heap     ] GC(94) Survivor regions: 1->1(20)
[2024-02-22T22:56:34.690+0000][7][gc,heap     ] GC(94) Old regions: 24->24
[2024-02-22T22:56:34.690+0000][7][gc,heap     ] GC(94) Archive regions: 2->2
[2024-02-22T22:56:34.690+0000][7][gc,heap     ] GC(94) Humongous regions: 0->0
[2024-02-22T22:56:34.690+0000][7][gc,metaspace] GC(94) Metaspace: 128439K(132032K)->128439K(132032K) NonClass: 111609K(113472K)->111609K(113472K) Class: 16830K(18560K)->16830K(18560K)
[2024-02-22T22:56:34.690+0000][7][gc          ] GC(94) Pause Young (Normal) (G1 Evacuation Pause) 706M->98M(1024M) 2.711ms
[2024-02-22T22:56:34.690+0000][7][gc,cpu      ] GC(94) User=0.02s Sys=0.00s Real=0.01s
[2024-02-22T22:56:34.690+0000][7][safepoint   ] Safepoint "G1CollectForAllocation", Time since last: 161998330011 ns, Reaching safepoint: 60720 ns, At safepoint: 2796879 ns, Total: 2857599 ns
[2024-02-22T22:59:17.705+0000][7][safepoint   ] Safepoint "Cleanup", Time since last: 163015290751 ns, Reaching safepoint: 65047 ns, At safepoint: 5733 ns, Total: 70780 ns
[2024-02-22T22:59:37.691+0000][7][gc,start    ] GC(95) Pause Young (Normal) (G1 Evacuation Pause)
[2024-02-22T22:59:37.692+0000][7][gc,task     ] GC(95) Using 8 workers of 8 for evacuation
[2024-02-22T22:59:37.692+0000][7][gc,age      ] GC(95) Desired survivor size 41943040 bytes, new threshold 15 (max threshold 15)
[2024-02-22T22:59:37.694+0000][7][gc,phases   ] GC(95)   Pre Evacuate Collection Set: 0.1ms
[2024-02-22T22:59:37.694+0000][7][gc,phases   ] GC(95)   Merge Heap Roots: 0.1ms
[2024-02-22T22:59:37.694+0000][7][gc,phases   ] GC(95)   Evacuate Collection Set: 1.6ms
[2024-02-22T22:59:37.694+0000][7][gc,phases   ] GC(95)   Post Evacuate Collection Set: 0.9ms
[2024-02-22T22:59:37.694+0000][7][gc,phases   ] GC(95)   Other: 0.1ms
[2024-02-22T22:59:37.694+0000][7][gc,age      ] GC(95) Age table with threshold 15 (max threshold 15)
[2024-02-22T22:59:37.694+0000][7][gc,age      ] GC(95) - age   1:    1310440 bytes,    1310440 total
[2024-02-22T22:59:37.694+0000][7][gc,age      ] GC(95) - age   2:       3448 bytes,    1313888 total
[2024-02-22T22:59:37.694+0000][7][gc,age      ] GC(95) - age   3:       3664 bytes,    1317552 total
[2024-02-22T22:59:37.694+0000][7][gc,age      ] GC(95) - age   4:         64 bytes,    1317616 total
[2024-02-22T22:59:37.694+0000][7][gc,age      ] GC(95) - age   5:       3464 bytes,    1321080 total
[2024-02-22T22:59:37.694+0000][7][gc,age      ] GC(95) - age   6:      10016 bytes,    1331096 total
[2024-02-22T22:59:37.694+0000][7][gc,age      ] GC(95) - age   7:      16216 bytes,    1347312 total
[2024-02-22T22:59:37.694+0000][7][gc,age      ] GC(95) - age   8:     170888 bytes,    1518200 total
[2024-02-22T22:59:37.694+0000][7][gc,age      ] GC(95) - age  10:      96128 bytes,    1614328 total
[2024-02-22T22:59:37.694+0000][7][gc,age      ] GC(95) - age  11:        208 bytes,    1614536 total
[2024-02-22T22:59:37.694+0000][7][gc,age      ] GC(95) - age  12:         96 bytes,    1614632 total
[2024-02-22T22:59:37.694+0000][7][gc,age      ] GC(95) - age  13:       1152 bytes,    1615784 total
[2024-02-22T22:59:37.695+0000][7][gc,age      ] GC(95) - age  14:        184 bytes,    1615968 total
[2024-02-22T22:59:37.695+0000][7][gc,heap     ] GC(95) Eden regions: 152->0(152)
[2024-02-22T22:59:37.695+0000][7][gc,heap     ] GC(95) Survivor regions: 1->1(20)
[2024-02-22T22:59:37.695+0000][7][gc,heap     ] GC(95) Old regions: 24->24
[2024-02-22T22:59:37.695+0000][7][gc,heap     ] GC(95) Archive regions: 2->2
[2024-02-22T22:59:37.695+0000][7][gc,heap     ] GC(95) Humongous regions: 0->0
[2024-02-22T22:59:37.695+0000][7][gc,metaspace] GC(95) Metaspace: 128440K(132032K)->128440K(132032K) NonClass: 111609K(113472K)->111609K(113472K) Class: 16830K(18560K)->16830K(18560K)
[2024-02-22T22:59:37.695+0000][7][gc          ] GC(95) Pause Young (Normal) (G1 Evacuation Pause) 706M->98M(1024M) 3.135ms
[2024-02-22T22:59:37.695+0000][7][gc,cpu      ] GC(95) User=0.01s Sys=0.00s Real=0.00s
[2024-02-22T22:59:37.695+0000][7][safepoint   ] Safepoint "G1CollectForAllocation", Time since last: 19986135225 ns, Reaching safepoint: 64152 ns, At safepoint: 3234855 ns, Total: 3299007 ns
[2024-02-22T23:00:18.699+0000][7][safepoint   ] Safepoint "Cleanup", Time since last: 41004356623 ns, Reaching safepoint: 82988 ns, At safepoint: 6648 ns, Total: 89636 ns
[2024-02-22T23:01:50.708+0000][7][safepoint   ] Safepoint "Cleanup", Time since last: 92008826299 ns, Reaching safepoint: 60822 ns, At safepoint: 39230 ns, Total: 100052 ns
[2024-02-22T23:02:56.377+0000][7][gc,start    ] GC(96) Pause Young (Normal) (G1 Evacuation Pause)
[2024-02-22T23:02:56.377+0000][7][gc,task     ] GC(96) Using 8 workers of 8 for evacuation
[2024-02-22T23:02:56.377+0000][7][gc,age      ] GC(96) Desired survivor size 41943040 bytes, new threshold 15 (max threshold 15)
[2024-02-22T23:02:56.380+0000][7][gc,phases   ] GC(96)   Pre Evacuate Collection Set: 0.1ms
[2024-02-22T23:02:56.381+0000][7][gc,phases   ] GC(96)   Merge Heap Roots: 0.1ms
[2024-02-22T23:02:56.381+0000][7][gc,phases   ] GC(96)   Evacuate Collection Set: 1.8ms
[2024-02-22T23:02:56.381+0000][7][gc,phases   ] GC(96)   Post Evacuate Collection Set: 1.0ms
[2024-02-22T23:02:56.381+0000][7][gc,phases   ] GC(96)   Other: 0.1ms
[2024-02-22T23:02:56.381+0000][7][gc,age      ] GC(96) Age table with threshold 15 (max threshold 15)
[2024-02-22T23:02:56.381+0000][7][gc,age      ] GC(96) - age   1:    1063672 bytes,    1063672 total
[2024-02-22T23:02:56.381+0000][7][gc,age      ] GC(96) - age   2:       9600 bytes,    1073272 total
[2024-02-22T23:02:56.381+0000][7][gc,age      ] GC(96) - age   3:       1528 bytes,    1074800 total
[2024-02-22T23:02:56.381+0000][7][gc,age      ] GC(96) - age   4:        208 bytes,    1075008 total
[2024-02-22T23:02:56.381+0000][7][gc,age      ] GC(96) - age   5:         64 bytes,    1075072 total
[2024-02-22T23:02:56.381+0000][7][gc,age      ] GC(96) - age   6:       3072 bytes,    1078144 total
[2024-02-22T23:02:56.381+0000][7][gc,age      ] GC(96) - age   7:       9992 bytes,    1088136 total
[2024-02-22T23:02:56.381+0000][7][gc,age      ] GC(96) - age   8:      16216 bytes,    1104352 total
[2024-02-22T23:02:56.381+0000][7][gc,age      ] GC(96) - age   9:     170888 bytes,    1275240 total
[2024-02-22T23:02:56.381+0000][7][gc,age      ] GC(96) - age  11:      96128 bytes,    1371368 total
[2024-02-22T23:02:56.381+0000][7][gc,age      ] GC(96) - age  12:        208 bytes,    1371576 total
[2024-02-22T23:02:56.381+0000][7][gc,age      ] GC(96) - age  13:         96 bytes,    1371672 total
[2024-02-22T23:02:56.381+0000][7][gc,age      ] GC(96) - age  14:       1152 bytes,    1372824 total
[2024-02-22T23:02:56.381+0000][7][gc,heap     ] GC(96) Eden regions: 152->0(152)
[2024-02-22T23:02:56.381+0000][7][gc,heap     ] GC(96) Survivor regions: 1->1(20)
[2024-02-22T23:02:56.381+0000][7][gc,heap     ] GC(96) Old regions: 24->24
[2024-02-22T23:02:56.381+0000][7][gc,heap     ] GC(96) Archive regions: 2->2
[2024-02-22T23:02:56.381+0000][7][gc,heap     ] GC(96) Humongous regions: 0->0
[2024-02-22T23:02:56.381+0000][7][gc,metaspace] GC(96) Metaspace: 128443K(132032K)->128443K(132032K) NonClass: 111612K(113472K)->111612K(113472K) Class: 16830K(18560K)->16830K(18560K)
[2024-02-22T23:02:56.381+0000][7][gc          ] GC(96) Pause Young (Normal) (G1 Evacuation Pause) 706M->98M(1024M) 3.481ms
[2024-02-22T23:02:56.381+0000][7][gc,cpu      ] GC(96) User=0.02s Sys=0.00s Real=0.01s
[2024-02-22T23:02:56.381+0000][7][safepoint   ] Safepoint "G1CollectForAllocation", Time since last: 65669078588 ns, Reaching safepoint: 86740 ns, At safepoint: 3576856 ns, Total: 3663596 ns
[2024-02-22T23:04:08.388+0000][7][safepoint   ] Safepoint "Cleanup", Time since last: 72007486863 ns, Reaching safepoint: 112140 ns, At safepoint: 24253 ns, Total: 136393 ns
[2024-02-22T23:04:14.389+0000][7][safepoint   ] Safepoint "Cleanup", Time since last: 6000586886 ns, Reaching safepoint: 60253 ns, At safepoint: 36120 ns, Total: 96373 ns
[2024-02-22T23:06:19.682+0000][7][gc,start    ] GC(97) Pause Young (Normal) (G1 Evacuation Pause)
[2024-02-22T23:06:19.682+0000][7][gc,task     ] GC(97) Using 8 workers of 8 for evacuation
[2024-02-22T23:06:19.682+0000][7][gc,age      ] GC(97) Desired survivor size 41943040 bytes, new threshold 15 (max threshold 15)
[2024-02-22T23:06:19.685+0000][7][gc,phases   ] GC(97)   Pre Evacuate Collection Set: 0.1ms
[2024-02-22T23:06:19.685+0000][7][gc,phases   ] GC(97)   Merge Heap Roots: 0.1ms
[2024-02-22T23:06:19.685+0000][7][gc,phases   ] GC(97)   Evacuate Collection Set: 1.6ms
[2024-02-22T23:06:19.685+0000][7][gc,phases   ] GC(97)   Post Evacuate Collection Set: 0.9ms
[2024-02-22T23:06:19.685+0000][7][gc,phases   ] GC(97)   Other: 0.1ms
[2024-02-22T23:06:19.685+0000][7][gc,age      ] GC(97) Age table with threshold 15 (max threshold 15)
[2024-02-22T23:06:19.685+0000][7][gc,age      ] GC(97) - age   1:    1205848 bytes,    1205848 total
[2024-02-22T23:06:19.685+0000][7][gc,age      ] GC(97) - age   2:      14736 bytes,    1220584 total
[2024-02-22T23:06:19.685+0000][7][gc,age      ] GC(97) - age   3:        560 bytes,    1221144 total
[2024-02-22T23:06:19.685+0000][7][gc,age      ] GC(97) - age   4:        568 bytes,    1221712 total
[2024-02-22T23:06:19.685+0000][7][gc,age      ] GC(97) - age   5:        208 bytes,    1221920 total
[2024-02-22T23:06:19.685+0000][7][gc,age      ] GC(97) - age   6:         64 bytes,    1221984 total
[2024-02-22T23:06:19.685+0000][7][gc,age      ] GC(97) - age   7:       3072 bytes,    1225056 total
[2024-02-22T23:06:19.685+0000][7][gc,age      ] GC(97) - age   8:       9960 bytes,    1235016 total
[2024-02-22T23:06:19.685+0000][7][gc,age      ] GC(97) - age   9:      16216 bytes,    1251232 total
[2024-02-22T23:06:19.685+0000][7][gc,age      ] GC(97) - age  10:     170888 bytes,    1422120 total
[2024-02-22T23:06:19.685+0000][7][gc,age      ] GC(97) - age  12:      96128 bytes,    1518248 total
[2024-02-22T23:06:19.685+0000][7][gc,age      ] GC(97) - age  13:        208 bytes,    1518456 total
[2024-02-22T23:06:19.685+0000][7][gc,age      ] GC(97) - age  14:         96 bytes,    1518552 total
[2024-02-22T23:06:19.685+0000][7][gc,age      ] GC(97) - age  15:       1152 bytes,    1519704 total
[2024-02-22T23:06:19.685+0000][7][gc,heap     ] GC(97) Eden regions: 152->0(152)
[2024-02-22T23:06:19.685+0000][7][gc,heap     ] GC(97) Survivor regions: 1->1(20)
[2024-02-22T23:06:19.685+0000][7][gc,heap     ] GC(97) Old regions: 24->24
[2024-02-22T23:06:19.685+0000][7][gc,heap     ] GC(97) Archive regions: 2->2
[2024-02-22T23:06:19.685+0000][7][gc,heap     ] GC(97) Humongous regions: 0->0
[2024-02-22T23:06:19.685+0000][7][gc,metaspace] GC(97) Metaspace: 128443K(132032K)->128443K(132032K) NonClass: 111612K(113472K)->111612K(113472K) Class: 16830K(18560K)->16830K(18560K)
[2024-02-22T23:06:19.685+0000][7][gc          ] GC(97) Pause Young (Normal) (G1 Evacuation Pause) 706M->98M(1024M) 3.381ms
[2024-02-22T23:06:19.685+0000][7][gc,cpu      ] GC(97) User=0.02s Sys=0.00s Real=0.00s
[2024-02-22T23:06:19.685+0000][7][safepoint   ] Safepoint "G1CollectForAllocation", Time since last: 125292835543 ns, Reaching safepoint: 68433 ns, At safepoint: 3496708 ns, Total: 3565141 ns
[2024-02-22T23:06:26.686+0000][7][safepoint   ] Safepoint "Cleanup", Time since last: 7000655299 ns, Reaching safepoint: 85908 ns, At safepoint: 8609 ns, Total: 94517 ns
[2024-02-22T23:06:27.687+0000][7][safepoint   ] Safepoint "Cleanup", Time since last: 1000262730 ns, Reaching safepoint: 286092 ns, At safepoint: 10432 ns, Total: 296524 ns
[2024-02-22T23:08:08.697+0000][7][safepoint   ] Safepoint "Cleanup", Time since last: 101009899858 ns, Reaching safepoint: 75492 ns, At safepoint: 9889 ns, Total: 85381 ns
[2024-02-22T23:08:18.698+0000][7][safepoint   ] Safepoint "Cleanup", Time since last: 10000983933 ns, Reaching safepoint: 89554 ns, At safepoint: 10005 ns, Total: 99559 ns
[2024-02-22T23:09:43.714+0000][7][gc,start    ] GC(98) Pause Young (Normal) (G1 Evacuation Pause)
[2024-02-22T23:09:43.714+0000][7][gc,task     ] GC(98) Using 8 workers of 8 for evacuation
[2024-02-22T23:09:43.714+0000][7][gc,age      ] GC(98) Desired survivor size 41943040 bytes, new threshold 15 (max threshold 15)
[2024-02-22T23:09:43.717+0000][7][gc,phases   ] GC(98)   Pre Evacuate Collection Set: 0.1ms
[2024-02-22T23:09:43.717+0000][7][gc,phases   ] GC(98)   Merge Heap Roots: 0.1ms
[2024-02-22T23:09:43.717+0000][7][gc,phases   ] GC(98)   Evacuate Collection Set: 1.6ms
[2024-02-22T23:09:43.717+0000][7][gc,phases   ] GC(98)   Post Evacuate Collection Set: 0.8ms
[2024-02-22T23:09:43.717+0000][7][gc,phases   ] GC(98)   Other: 0.1ms
[2024-02-22T23:09:43.717+0000][7][gc,age      ] GC(98) Age table with threshold 15 (max threshold 15)
[2024-02-22T23:09:43.717+0000][7][gc,age      ] GC(98) - age   1:    1516728 bytes,    1516728 total
[2024-02-22T23:09:43.717+0000][7][gc,age      ] GC(98) - age   2:      10552 bytes,    1527280 total
[2024-02-22T23:09:43.717+0000][7][gc,age      ] GC(98) - age   3:       4096 bytes,    1531376 total
[2024-02-22T23:09:43.717+0000][7][gc,age      ] GC(98) - age   4:        560 bytes,    1531936 total
[2024-02-22T23:09:43.717+0000][7][gc,age      ] GC(98) - age   5:        568 bytes,    1532504 total
[2024-02-22T23:09:43.717+0000][7][gc,age      ] GC(98) - age   6:        208 bytes,    1532712 total
[2024-02-22T23:09:43.717+0000][7][gc,age      ] GC(98) - age   7:         64 bytes,    1532776 total
[2024-02-22T23:09:43.717+0000][7][gc,age      ] GC(98) - age   8:       3072 bytes,    1535848 total
[2024-02-22T23:09:43.717+0000][7][gc,age      ] GC(98) - age   9:       9960 bytes,    1545808 total
[2024-02-22T23:09:43.717+0000][7][gc,age      ] GC(98) - age  10:      16216 bytes,    1562024 total
[2024-02-22T23:09:43.717+0000][7][gc,age      ] GC(98) - age  11:     170888 bytes,    1732912 total
[2024-02-22T23:09:43.717+0000][7][gc,age      ] GC(98) - age  13:      96128 bytes,    1829040 total
[2024-02-22T23:09:43.717+0000][7][gc,age      ] GC(98) - age  14:        208 bytes,    1829248 total
[2024-02-22T23:09:43.717+0000][7][gc,age      ] GC(98) - age  15:         96 bytes,    1829344 total
[2024-02-22T23:09:43.717+0000][7][gc,heap     ] GC(98) Eden regions: 152->0(152)
[2024-02-22T23:09:43.717+0000][7][gc,heap     ] GC(98) Survivor regions: 1->1(20)
[2024-02-22T23:09:43.717+0000][7][gc,heap     ] GC(98) Old regions: 24->24
[2024-02-22T23:09:43.717+0000][7][gc,heap     ] GC(98) Archive regions: 2->2
[2024-02-22T23:09:43.717+0000][7][gc,heap     ] GC(98) Humongous regions: 0->0
[2024-02-22T23:09:43.717+0000][7][gc,metaspace] GC(98) Metaspace: 128443K(132032K)->128443K(132032K) NonClass: 111612K(113472K)->111612K(113472K) Class: 16830K(18560K)->16830K(18560K)
[2024-02-22T23:09:43.717+0000][7][gc          ] GC(98) Pause Young (Normal) (G1 Evacuation Pause) 706M->98M(1024M) 3.077ms
[2024-02-22T23:09:43.717+0000][7][gc,cpu      ] GC(98) User=0.02s Sys=0.00s Real=0.00s
[2024-02-22T23:09:43.717+0000][7][safepoint   ] Safepoint "G1CollectForAllocation", Time since last: 85016335903 ns, Reaching safepoint: 39653 ns, At safepoint: 3171434 ns, Total: 3211087 ns
[2024-02-22T23:10:56.725+0000][7][safepoint   ] Safepoint "Cleanup", Time since last: 73007460634 ns, Reaching safepoint: 61771 ns, At safepoint: 41699 ns, Total: 103470 ns
[2024-02-22T23:12:17.736+0000][7][safepoint   ] Safepoint "Cleanup", Time since last: 81010776972 ns, Reaching safepoint: 111325 ns, At safepoint: 37404 ns, Total: 148729 ns
[2024-02-22T23:13:07.732+0000][7][gc,start    ] GC(99) Pause Young (Normal) (G1 Evacuation Pause)
[2024-02-22T23:13:07.732+0000][7][gc,task     ] GC(99) Using 8 workers of 8 for evacuation
[2024-02-22T23:13:07.732+0000][7][gc,age      ] GC(99) Desired survivor size 41943040 bytes, new threshold 15 (max threshold 15)
[2024-02-22T23:13:07.735+0000][7][gc,phases   ] GC(99)   Pre Evacuate Collection Set: 0.1ms
[2024-02-22T23:13:07.735+0000][7][gc,phases   ] GC(99)   Merge Heap Roots: 0.1ms
[2024-02-22T23:13:07.735+0000][7][gc,phases   ] GC(99)   Evacuate Collection Set: 1.7ms
[2024-02-22T23:13:07.735+0000][7][gc,phases   ] GC(99)   Post Evacuate Collection Set: 0.8ms
[2024-02-22T23:13:07.735+0000][7][gc,phases   ] GC(99)   Other: 0.1ms
[2024-02-22T23:13:07.735+0000][7][gc,age      ] GC(99) Age table with threshold 15 (max threshold 15)
[2024-02-22T23:13:07.735+0000][7][gc,age      ] GC(99) - age   1:    1772552 bytes,    1772552 total
[2024-02-22T23:13:07.735+0000][7][gc,age      ] GC(99) - age   2:       3368 bytes,    1775920 total
[2024-02-22T23:13:07.735+0000][7][gc,age      ] GC(99) - age   3:       9080 bytes,    1785000 total
[2024-02-22T23:13:07.735+0000][7][gc,age      ] GC(99) - age   4:        512 bytes,    1785512 total
[2024-02-22T23:13:07.735+0000][7][gc,age      ] GC(99) - age   5:        376 bytes,    1785888 total
[2024-02-22T23:13:07.735+0000][7][gc,age      ] GC(99) - age   6:        568 bytes,    1786456 total
[2024-02-22T23:13:07.735+0000][7][gc,age      ] GC(99) - age   7:        208 bytes,    1786664 total
[2024-02-22T23:13:07.735+0000][7][gc,age      ] GC(99) - age   8:         64 bytes,    1786728 total
[2024-02-22T23:13:07.735+0000][7][gc,age      ] GC(99) - age   9:       3072 bytes,    1789800 total
[2024-02-22T23:13:07.735+0000][7][gc,age      ] GC(99) - age  10:       9960 bytes,    1799760 total
[2024-02-22T23:13:07.735+0000][7][gc,age      ] GC(99) - age  11:      16216 bytes,    1815976 total
[2024-02-22T23:13:07.735+0000][7][gc,age      ] GC(99) - age  12:     170888 bytes,    1986864 total
[2024-02-22T23:13:07.735+0000][7][gc,age      ] GC(99) - age  14:      96128 bytes,    2082992 total
[2024-02-22T23:13:07.735+0000][7][gc,age      ] GC(99) - age  15:        208 bytes,    2083200 total
[2024-02-22T23:13:07.735+0000][7][gc,heap     ] GC(99) Eden regions: 152->0(152)
[2024-02-22T23:13:07.735+0000][7][gc,heap     ] GC(99) Survivor regions: 1->1(20)
[2024-02-22T23:13:07.735+0000][7][gc,heap     ] GC(99) Old regions: 24->24
[2024-02-22T23:13:07.735+0000][7][gc,heap     ] GC(99) Archive regions: 2->2
[2024-02-22T23:13:07.735+0000][7][gc,heap     ] GC(99) Humongous regions: 0->0
[2024-02-22T23:13:07.735+0000][7][gc,metaspace] GC(99) Metaspace: 128443K(132032K)->128443K(132032K) NonClass: 111612K(113472K)->111612K(113472K) Class: 16830K(18560K)->16830K(18560K)
[2024-02-22T23:13:07.735+0000][7][gc          ] GC(99) Pause Young (Normal) (G1 Evacuation Pause) 706M->99M(1024M) 3.052ms
[2024-02-22T23:13:07.735+0000][7][gc,cpu      ] GC(99) User=0.01s Sys=0.00s Real=0.00s
[2024-02-22T23:13:07.735+0000][7][safepoint   ] Safepoint "G1CollectForAllocation", Time since last: 49996059322 ns, Reaching safepoint: 71527 ns, At safepoint: 3155755 ns, Total: 3227282 ns
[2024-02-22T23:14:56.752+0000][7][safepoint   ] Safepoint "Cleanup", Time since last: 109016662552 ns, Reaching safepoint: 124774 ns, At safepoint: 9398 ns, Total: 134172 ns
[2024-02-22T23:15:08.754+0000][7][safepoint   ] Safepoint "Cleanup", Time since last: 12002075742 ns, Reaching safepoint: 104454 ns, At safepoint: 50625 ns, Total: 155079 ns
[2024-02-22T23:15:09.755+0000][7][safepoint   ] Safepoint "Cleanup", Time since last: 1000218864 ns, Reaching safepoint: 80902 ns, At safepoint: 11475 ns, Total: 92377 ns
[2024-02-22T23:15:17.756+0000][7][safepoint   ] Safepoint "Cleanup", Time since last: 8001273020 ns, Reaching safepoint: 130480 ns, At safepoint: 9961 ns, Total: 140441 ns
[2024-02-22T23:16:19.764+0000][7][gc,start    ] GC(100) Pause Young (Normal) (G1 Evacuation Pause)
[2024-02-22T23:16:19.764+0000][7][gc,task     ] GC(100) Using 8 workers of 8 for evacuation
[2024-02-22T23:16:19.764+0000][7][gc,age      ] GC(100) Desired survivor size 41943040 bytes, new threshold 15 (max threshold 15)
[2024-02-22T23:16:19.765+0000][7][gc,phases   ] GC(100)   Pre Evacuate Collection Set: 0.1ms
[2024-02-22T23:16:19.765+0000][7][gc,phases   ] GC(100)   Merge Heap Roots: 0.1ms
[2024-02-22T23:16:19.765+0000][7][gc,phases   ] GC(100)   Evacuate Collection Set: 0.9ms
[2024-02-22T23:16:19.765+0000][7][gc,phases   ] GC(100)   Post Evacuate Collection Set: 0.5ms
[2024-02-22T23:16:19.765+0000][7][gc,phases   ] GC(100)   Other: 0.1ms
[2024-02-22T23:16:19.765+0000][7][gc,age      ] GC(100) Age table with threshold 15 (max threshold 15)
[2024-02-22T23:16:19.765+0000][7][gc,age      ] GC(100) - age   1:    2020072 bytes,    2020072 total
[2024-02-22T23:16:19.765+0000][7][gc,age      ] GC(100) - age   2:       6752 bytes,    2026824 total
[2024-02-22T23:16:19.765+0000][7][gc,age      ] GC(100) - age   3:        256 bytes,    2027080 total
[2024-02-22T23:16:19.765+0000][7][gc,age      ] GC(100) - age   4:        312 bytes,    2027392 total
[2024-02-22T23:16:19.765+0000][7][gc,age      ] GC(100) - age   5:        488 bytes,    2027880 total
[2024-02-22T23:16:19.765+0000][7][gc,age      ] GC(100) - age   6:        344 bytes,    2028224 total
[2024-02-22T23:16:19.765+0000][7][gc,age      ] GC(100) - age   7:        152 bytes,    2028376 total
[2024-02-22T23:16:19.765+0000][7][gc,age      ] GC(100) - age   8:        208 bytes,    2028584 total
[2024-02-22T23:16:19.765+0000][7][gc,age      ] GC(100) - age   9:         64 bytes,    2028648 total
[2024-02-22T23:16:19.765+0000][7][gc,age      ] GC(100) - age  10:       3072 bytes,    2031720 total
[2024-02-22T23:16:19.765+0000][7][gc,age      ] GC(100) - age  11:       9960 bytes,    2041680 total
[2024-02-22T23:16:19.765+0000][7][gc,age      ] GC(100) - age  12:      16216 bytes,    2057896 total
[2024-02-22T23:16:19.765+0000][7][gc,age      ] GC(100) - age  13:     167720 bytes,    2225616 total
[2024-02-22T23:16:19.765+0000][7][gc,age      ] GC(100) - age  15:      96128 bytes,    2321744 total
[2024-02-22T23:16:19.766+0000][7][gc,heap     ] GC(100) Eden regions: 152->0(152)
[2024-02-22T23:16:19.766+0000][7][gc,heap     ] GC(100) Survivor regions: 1->1(20)
[2024-02-22T23:16:19.766+0000][7][gc,heap     ] GC(100) Old regions: 24->24
[2024-02-22T23:16:19.766+0000][7][gc,heap     ] GC(100) Archive regions: 2->2
[2024-02-22T23:16:19.766+0000][7][gc,heap     ] GC(100) Humongous regions: 0->0
[2024-02-22T23:16:19.766+0000][7][gc,metaspace] GC(100) Metaspace: 128445K(132032K)->128445K(132032K) NonClass: 111614K(113472K)->111614K(113472K) Class: 16830K(18560K)->16830K(18560K)
[2024-02-22T23:16:19.766+0000][7][gc          ] GC(100) Pause Young (Normal) (G1 Evacuation Pause) 707M->99M(1024M) 1.759ms
[2024-02-22T23:16:19.766+0000][7][gc,cpu      ] GC(100) User=0.01s Sys=0.00s Real=0.00s
[2024-02-22T23:16:19.766+0000][7][safepoint   ] Safepoint "G1CollectForAllocation", Time since last: 62007759009 ns, Reaching safepoint: 70387 ns, At safepoint: 1821055 ns, Total: 1891442 ns
[2024-02-23T09:38:49.022+0000][7][safepoint   ] Safepoint "Cleanup", Time since last: 3079000081 ns, Reaching safepoint: 167948 ns, At safepoint: 20511 ns, Total: 188459 ns
[2024-02-23T09:38:50.022+0000][7][safepoint   ] Safepoint "Cleanup", Time since last: 1000187432 ns, Reaching safepoint: 123449 ns, At safepoint: 10109 ns, Total: 133558 ns
[2024-02-23T09:38:52.022+0000][7][safepoint   ] Safepoint "Cleanup", Time since last: 2000270568 ns, Reaching safepoint: 56868 ns, At safepoint: 4332 ns, Total: 61200 ns
[2024-02-23T09:38:55.023+0000][7][safepoint   ] Safepoint "Cleanup", Time since last: 3000271263 ns, Reaching safepoint: 65928 ns, At safepoint: 4921 ns, Total: 70849 ns
[2024-02-23T09:38:56.023+0000][7][safepoint   ] Safepoint "Cleanup", Time since last: 1000129604 ns, Reaching safepoint: 64169 ns, At safepoint: 6278 ns, Total: 70447 ns
[2024-02-23T09:39:01.024+0000][7][safepoint   ] Safepoint "Cleanup", Time since last: 5000835713 ns, Reaching safepoint: 75865 ns, At safepoint: 3933 ns, Total: 79798 ns
[2024-02-23T09:39:09.025+0000][7][safepoint   ] Safepoint "Cleanup", Time since last: 8001248068 ns, Reaching safepoint: 48691 ns, At safepoint: 5003 ns, Total: 53694 ns
[2024-02-23T09:39:16.026+0000][7][safepoint   ] Safepoint "Cleanup", Time since last: 7000604615 ns, Reaching safepoint: 61135 ns, At safepoint: 4112 ns, Total: 65247 ns
[2024-02-23T09:39:22.026+0000][7][safepoint   ] Safepoint "Cleanup", Time since last: 6000624713 ns, Reaching safepoint: 79229 ns, At safepoint: 8884 ns, Total: 88113 ns
[2024-02-23T09:39:25.027+0000][7][safepoint   ] Safepoint "Cleanup", Time since last: 3000410434 ns, Reaching safepoint: 62750 ns, At safepoint: 4318 ns, Total: 67068 ns
[2024-02-23T09:39:36.029+0000][7][safepoint   ] Safepoint "Cleanup", Time since last: 11001944167 ns, Reaching safepoint: 114271 ns, At safepoint: 6244 ns, Total: 120515 ns
[2024-02-23T09:39:44.030+0000][7][safepoint   ] Safepoint "Cleanup", Time since last: 8001061505 ns, Reaching safepoint: 172686 ns, At safepoint: 5753 ns, Total: 178439 ns
[2024-02-23T09:39:55.032+0000][7][safepoint   ] Safepoint "Cleanup", Time since last: 11001281656 ns, Reaching safepoint: 136795 ns, At safepoint: 7740 ns, Total: 144535 ns
[2024-02-23T09:40:01.032+0000][7][safepoint   ] Safepoint "Cleanup", Time since last: 6000688176 ns, Reaching safepoint: 69422 ns, At safepoint: 5130 ns, Total: 74552 ns
[2024-02-23T09:40:10.033+0000][7][safepoint   ] Safepoint "Cleanup", Time since last: 9000834180 ns, Reaching safepoint: 112955 ns, At safepoint: 15427 ns, Total: 128382 ns
[2024-02-23T09:40:13.034+0000][7][safepoint   ] Safepoint "Cleanup", Time since last: 3000340366 ns, Reaching safepoint: 35412 ns, At safepoint: 4484 ns, Total: 39896 ns
[2024-02-23T09:40:39.037+0000][7][safepoint   ] Safepoint "Cleanup", Time since last: 26003412224 ns, Reaching safepoint: 93262 ns, At safepoint: 9302 ns, Total: 102564 ns
[2024-02-23T09:40:44.038+0000][7][safepoint   ] Safepoint "Cleanup", Time since last: 5000538887 ns, Reaching safepoint: 68819 ns, At safepoint: 7094 ns, Total: 75913 ns
[2024-02-23T09:40:58.039+0000][7][safepoint   ] Safepoint "Cleanup", Time since last: 14001396867 ns, Reaching safepoint: 101235 ns, At safepoint: 26302 ns, Total: 127537 ns
[2024-02-23T09:41:01.040+0000][7][safepoint   ] Safepoint "Cleanup", Time since last: 3000395652 ns, Reaching safepoint: 109989 ns, At safepoint: 6074 ns, Total: 116063 ns
[2024-02-23T09:41:02.040+0000][7][safepoint   ] Safepoint "Cleanup", Time since last: 1000156976 ns, Reaching safepoint: 77776 ns, At safepoint: 6565 ns, Total: 84341 ns
[2024-02-23T09:41:07.041+0000][7][safepoint   ] Safepoint "Cleanup", Time since last: 5000587419 ns, Reaching safepoint: 80916 ns, At safepoint: 7171 ns, Total: 88087 ns
[2024-02-23T09:41:37.045+0000][7][safepoint   ] Safepoint "Cleanup", Time since last: 30003957639 ns, Reaching safepoint: 115985 ns, At safepoint: 6785 ns, Total: 122770 ns
[2024-02-23T09:41:44.046+0000][7][safepoint   ] Safepoint "Cleanup", Time since last: 7000687658 ns, Reaching safepoint: 122677 ns, At safepoint: 17696 ns, Total: 140373 ns
[2024-02-23T09:41:49.453+0000][7][gc,start    ] GC(101) Pause Young (Normal) (G1 Evacuation Pause)
[2024-02-23T09:41:49.453+0000][7][gc,task     ] GC(101) Using 8 workers of 8 for evacuation
[2024-02-23T09:41:49.453+0000][7][gc,age      ] GC(101) Desired survivor size 41943040 bytes, new threshold 15 (max threshold 15)
[2024-02-23T09:41:49.456+0000][7][gc,phases   ] GC(101)   Pre Evacuate Collection Set: 0.1ms
[2024-02-23T09:41:49.456+0000][7][gc,phases   ] GC(101)   Merge Heap Roots: 0.1ms
[2024-02-23T09:41:49.456+0000][7][gc,phases   ] GC(101)   Evacuate Collection Set: 2.0ms
[2024-02-23T09:41:49.456+0000][7][gc,phases   ] GC(101)   Post Evacuate Collection Set: 0.8ms
[2024-02-23T09:41:49.456+0000][7][gc,phases   ] GC(101)   Other: 0.1ms
[2024-02-23T09:41:49.456+0000][7][gc,age      ] GC(101) Age table with threshold 15 (max threshold 15)
[2024-02-23T09:41:49.456+0000][7][gc,age      ] GC(101) - age   1:    1963032 bytes,    1963032 total
[2024-02-23T09:41:49.456+0000][7][gc,age      ] GC(101) - age   2:      12280 bytes,    1975312 total
[2024-02-23T09:41:49.456+0000][7][gc,age      ] GC(101) - age   3:       3896 bytes,    1979208 total
[2024-02-23T09:41:49.456+0000][7][gc,age      ] GC(101) - age   4:        256 bytes,    1979464 total
[2024-02-23T09:41:49.456+0000][7][gc,age      ] GC(101) - age   5:        312 bytes,    1979776 total
[2024-02-23T09:41:49.457+0000][7][gc,age      ] GC(101) - age   6:         96 bytes,    1979872 total
[2024-02-23T09:41:49.457+0000][7][gc,age      ] GC(101) - age   7:        344 bytes,    1980216 total
[2024-02-23T09:41:49.457+0000][7][gc,age      ] GC(101) - age   8:        152 bytes,    1980368 total
[2024-02-23T09:41:49.457+0000][7][gc,age      ] GC(101) - age   9:        208 bytes,    1980576 total
[2024-02-23T09:41:49.457+0000][7][gc,age      ] GC(101) - age  10:         64 bytes,    1980640 total
[2024-02-23T09:41:49.457+0000][7][gc,age      ] GC(101) - age  11:       3072 bytes,    1983712 total
[2024-02-23T09:41:49.457+0000][7][gc,age      ] GC(101) - age  12:        344 bytes,    1984056 total
[2024-02-23T09:41:49.457+0000][7][gc,age      ] GC(101) - age  13:        184 bytes,    1984240 total
[2024-02-23T09:41:49.457+0000][7][gc,age      ] GC(101) - age  14:      23888 bytes,    2008128 total
[2024-02-23T09:41:49.457+0000][7][gc,heap     ] GC(101) Eden regions: 152->0(152)
[2024-02-23T09:41:49.457+0000][7][gc,heap     ] GC(101) Survivor regions: 1->1(20)
[2024-02-23T09:41:49.457+0000][7][gc,heap     ] GC(101) Old regions: 24->24
[2024-02-23T09:41:49.457+0000][7][gc,heap     ] GC(101) Archive regions: 2->2
[2024-02-23T09:41:49.457+0000][7][gc,heap     ] GC(101) Humongous regions: 0->0
[2024-02-23T09:41:49.457+0000][7][gc,metaspace] GC(101) Metaspace: 128511K(132160K)->128511K(132160K) NonClass: 111669K(113600K)->111669K(113600K) Class: 16841K(18560K)->16841K(18560K)
[2024-02-23T09:41:49.457+0000][7][gc          ] GC(101) Pause Young (Normal) (G1 Evacuation Pause) 707M->99M(1024M) 3.396ms
[2024-02-23T09:41:49.457+0000][7][gc,cpu      ] GC(101) User=0.02s Sys=0.00s Real=0.00s
[2024-02-23T09:41:49.457+0000][7][safepoint   ] Safepoint "G1CollectForAllocation", Time since last: 5407350669 ns, Reaching safepoint: 83053 ns, At safepoint: 3501720 ns, Total: 3584773 ns
[2024-02-23T09:41:58.458+0000][7][safepoint   ] Safepoint "Cleanup", Time since last: 9001131207 ns, Reaching safepoint: 88939 ns, At safepoint: 45296 ns, Total: 134235 ns
[2024-02-23T09:43:07.466+0000][7][safepoint   ] Safepoint "Cleanup", Time since last: 69008071254 ns, Reaching safepoint: 108748 ns, At safepoint: 7844 ns, Total: 116592 ns
[2024-02-23T09:43:14.467+0000][7][safepoint   ] Safepoint "Cleanup", Time since last: 7000755705 ns, Reaching safepoint: 58072 ns, At safepoint: 6156 ns, Total: 64228 ns
[2024-02-23T09:43:44.471+0000][7][safepoint   ] Safepoint "Cleanup", Time since last: 30003556779 ns, Reaching safepoint: 92312 ns, At safepoint: 8757 ns, Total: 101069 ns
[2024-02-23T09:44:31.477+0000][7][safepoint   ] Safepoint "Cleanup", Time since last: 47005980060 ns, Reaching safepoint: 125323 ns, At safepoint: 10712 ns, Total: 136035 ns
[2024-02-23T09:44:44.479+0000][7][safepoint   ] Safepoint "Cleanup", Time since last: 13001889244 ns, Reaching safepoint: 123002 ns, At safepoint: 15269 ns, Total: 138271 ns
[2024-02-23T09:45:10.645+0000][7][gc,start    ] GC(102) Pause Young (Normal) (G1 Evacuation Pause)
[2024-02-23T09:45:10.645+0000][7][gc,task     ] GC(102) Using 8 workers of 8 for evacuation
[2024-02-23T09:45:10.645+0000][7][gc,age      ] GC(102) Desired survivor size 41943040 bytes, new threshold 15 (max threshold 15)
[2024-02-23T09:45:10.648+0000][7][gc,phases   ] GC(102)   Pre Evacuate Collection Set: 0.1ms
[2024-02-23T09:45:10.648+0000][7][gc,phases   ] GC(102)   Merge Heap Roots: 0.1ms
[2024-02-23T09:45:10.648+0000][7][gc,phases   ] GC(102)   Evacuate Collection Set: 1.9ms
[2024-02-23T09:45:10.648+0000][7][gc,phases   ] GC(102)   Post Evacuate Collection Set: 1.0ms
[2024-02-23T09:45:10.648+0000][7][gc,phases   ] GC(102)   Other: 0.1ms
[2024-02-23T09:45:10.648+0000][7][gc,age      ] GC(102) Age table with threshold 15 (max threshold 15)
[2024-02-23T09:45:10.648+0000][7][gc,age      ] GC(102) - age   1:    1305488 bytes,    1305488 total
[2024-02-23T09:45:10.648+0000][7][gc,age      ] GC(102) - age   2:     728784 bytes,    2034272 total
[2024-02-23T09:45:10.648+0000][7][gc,age      ] GC(102) - age   3:       9464 bytes,    2043736 total
[2024-02-23T09:45:10.648+0000][7][gc,age      ] GC(102) - age   5:        256 bytes,    2043992 total
[2024-02-23T09:45:10.648+0000][7][gc,age      ] GC(102) - age   6:        312 bytes,    2044304 total
[2024-02-23T09:45:10.648+0000][7][gc,age      ] GC(102) - age   7:         96 bytes,    2044400 total
[2024-02-23T09:45:10.648+0000][7][gc,age      ] GC(102) - age   8:        344 bytes,    2044744 total
[2024-02-23T09:45:10.648+0000][7][gc,age      ] GC(102) - age   9:        152 bytes,    2044896 total
[2024-02-23T09:45:10.648+0000][7][gc,age      ] GC(102) - age  10:        208 bytes,    2045104 total
[2024-02-23T09:45:10.648+0000][7][gc,age      ] GC(102) - age  11:         64 bytes,    2045168 total
[2024-02-23T09:45:10.648+0000][7][gc,age      ] GC(102) - age  12:       3072 bytes,    2048240 total
[2024-02-23T09:45:10.648+0000][7][gc,age      ] GC(102) - age  13:        344 bytes,    2048584 total
[2024-02-23T09:45:10.648+0000][7][gc,age      ] GC(102) - age  14:        184 bytes,    2048768 total
[2024-02-23T09:45:10.648+0000][7][gc,age      ] GC(102) - age  15:        168 bytes,    2048936 total
[2024-02-23T09:45:10.648+0000][7][gc,heap     ] GC(102) Eden regions: 152->0(152)
[2024-02-23T09:45:10.648+0000][7][gc,heap     ] GC(102) Survivor regions: 1->1(20)
[2024-02-23T09:45:10.648+0000][7][gc,heap     ] GC(102) Old regions: 24->24
[2024-02-23T09:45:10.648+0000][7][gc,heap     ] GC(102) Archive regions: 2->2
[2024-02-23T09:45:10.648+0000][7][gc,heap     ] GC(102) Humongous regions: 0->0
[2024-02-23T09:45:10.648+0000][7][gc,metaspace] GC(102) Metaspace: 128512K(132160K)->128512K(132160K) NonClass: 111670K(113600K)->111670K(113600K) Class: 16841K(18560K)->16841K(18560K)
[2024-02-23T09:45:10.648+0000][7][gc          ] GC(102) Pause Young (Normal) (G1 Evacuation Pause) 707M->99M(1024M) 3.682ms
[2024-02-23T09:45:10.648+0000][7][gc,cpu      ] GC(102) User=0.01s Sys=0.01s Real=0.01s
[2024-02-23T09:45:10.648+0000][7][safepoint   ] Safepoint "G1CollectForAllocation", Time since last: 26165706260 ns, Reaching safepoint: 69904 ns, At safepoint: 3789964 ns, Total: 3859868 ns
[2024-02-23T09:45:44.654+0000][7][safepoint   ] Safepoint "Cleanup", Time since last: 34005149889 ns, Reaching safepoint: 95596 ns, At safepoint: 44310 ns, Total: 139906 ns
[2024-02-23T14:23:51.136+0000][7][safepoint   ] Safepoint "Cleanup", Time since last: 78158511695 ns, Reaching safepoint: 63118 ns, At safepoint: 7016 ns, Total: 70134 ns
[2024-02-23T14:23:54.136+0000][7][safepoint   ] Safepoint "Cleanup", Time since last: 3000254815 ns, Reaching safepoint: 140037 ns, At safepoint: 12288 ns, Total: 152325 ns
[2024-02-23T14:24:53.144+0000][7][gc,start    ] GC(103) Pause Young (Normal) (G1 Evacuation Pause)
[2024-02-23T14:24:53.144+0000][7][gc,task     ] GC(103) Using 8 workers of 8 for evacuation
[2024-02-23T14:24:53.144+0000][7][gc,age      ] GC(103) Desired survivor size 41943040 bytes, new threshold 15 (max threshold 15)
[2024-02-23T14:24:53.147+0000][7][gc,phases   ] GC(103)   Pre Evacuate Collection Set: 0.1ms
[2024-02-23T14:24:53.147+0000][7][gc,phases   ] GC(103)   Merge Heap Roots: 0.1ms
[2024-02-23T14:24:53.147+0000][7][gc,phases   ] GC(103)   Evacuate Collection Set: 1.6ms
[2024-02-23T14:24:53.147+0000][7][gc,phases   ] GC(103)   Post Evacuate Collection Set: 0.7ms
[2024-02-23T14:24:53.147+0000][7][gc,phases   ] GC(103)   Other: 0.1ms
[2024-02-23T14:24:53.147+0000][7][gc,age      ] GC(103) Age table with threshold 15 (max threshold 15)
[2024-02-23T14:24:53.147+0000][7][gc,age      ] GC(103) - age   1:     920176 bytes,     920176 total
[2024-02-23T14:24:53.147+0000][7][gc,age      ] GC(103) - age   2:     128328 bytes,    1048504 total
[2024-02-23T14:24:53.147+0000][7][gc,age      ] GC(103) - age   3:     586352 bytes,    1634856 total
[2024-02-23T14:24:53.147+0000][7][gc,age      ] GC(103) - age   4:       8528 bytes,    1643384 total
[2024-02-23T14:24:53.147+0000][7][gc,age      ] GC(103) - age   6:        256 bytes,    1643640 total
[2024-02-23T14:24:53.147+0000][7][gc,age      ] GC(103) - age   7:        280 bytes,    1643920 total
[2024-02-23T14:24:53.147+0000][7][gc,age      ] GC(103) - age   8:         96 bytes,    1644016 total
[2024-02-23T14:24:53.147+0000][7][gc,age      ] GC(103) - age   9:        344 bytes,    1644360 total
[2024-02-23T14:24:53.147+0000][7][gc,age      ] GC(103) - age  10:        152 bytes,    1644512 total
[2024-02-23T14:24:53.147+0000][7][gc,age      ] GC(103) - age  11:         24 bytes,    1644536 total
[2024-02-23T14:24:53.147+0000][7][gc,age      ] GC(103) - age  12:         64 bytes,    1644600 total
[2024-02-23T14:24:53.147+0000][7][gc,age      ] GC(103) - age  13:       3072 bytes,    1647672 total
[2024-02-23T14:24:53.147+0000][7][gc,age      ] GC(103) - age  14:        344 bytes,    1648016 total
[2024-02-23T14:24:53.147+0000][7][gc,age      ] GC(103) - age  15:        184 bytes,    1648200 total
[2024-02-23T14:24:53.147+0000][7][gc,heap     ] GC(103) Eden regions: 152->0(152)
[2024-02-23T14:24:53.147+0000][7][gc,heap     ] GC(103) Survivor regions: 1->1(20)
[2024-02-23T14:24:53.147+0000][7][gc,heap     ] GC(103) Old regions: 24->24
[2024-02-23T14:24:53.147+0000][7][gc,heap     ] GC(103) Archive regions: 2->2
[2024-02-23T14:24:53.147+0000][7][gc,heap     ] GC(103) Humongous regions: 0->0
[2024-02-23T14:24:53.147+0000][7][gc,metaspace] GC(103) Metaspace: 128512K(132160K)->128512K(132160K) NonClass: 111670K(113600K)->111670K(113600K) Class: 16841K(18560K)->16841K(18560K)
[2024-02-23T14:24:53.147+0000][7][gc          ] GC(103) Pause Young (Normal) (G1 Evacuation Pause) 707M->98M(1024M) 2.880ms
[2024-02-23T14:24:53.147+0000][7][gc,cpu      ] GC(103) User=0.01s Sys=0.00s Real=0.00s
[2024-02-23T14:24:53.147+0000][7][safepoint   ] Safepoint "G1CollectForAllocation", Time since last: 59007814202 ns, Reaching safepoint: 55363 ns, At safepoint: 3021158 ns, Total: 3076521 ns
[2024-02-23T14:26:51.158+0000][7][safepoint   ] Safepoint "Cleanup", Time since last: 118010971328 ns, Reaching safepoint: 75219 ns, At safepoint: 29000 ns, Total: 104219 ns
[2024-02-23T14:27:33.163+0000][7][safepoint   ] Safepoint "Cleanup", Time since last: 42004535751 ns, Reaching safepoint: 132122 ns, At safepoint: 8229 ns, Total: 140351 ns
[2024-02-23T14:27:38.264+0000][7][gc,start    ] GC(104) Pause Young (Normal) (G1 Evacuation Pause)
[2024-02-23T14:27:38.264+0000][7][gc,task     ] GC(104) Using 8 workers of 8 for evacuation
[2024-02-23T14:27:38.264+0000][7][gc,age      ] GC(104) Desired survivor size 41943040 bytes, new threshold 15 (max threshold 15)
[2024-02-23T14:27:38.266+0000][7][gc,phases   ] GC(104)   Pre Evacuate Collection Set: 0.1ms
[2024-02-23T14:27:38.266+0000][7][gc,phases   ] GC(104)   Merge Heap Roots: 0.1ms
[2024-02-23T14:27:38.266+0000][7][gc,phases   ] GC(104)   Evacuate Collection Set: 1.3ms
[2024-02-23T14:27:38.266+0000][7][gc,phases   ] GC(104)   Post Evacuate Collection Set: 0.6ms
[2024-02-23T14:27:38.266+0000][7][gc,phases   ] GC(104)   Other: 0.1ms
[2024-02-23T14:27:38.266+0000][7][gc,age      ] GC(104) Age table with threshold 15 (max threshold 15)
[2024-02-23T14:27:38.266+0000][7][gc,age      ] GC(104) - age   1:    1711288 bytes,    1711288 total
[2024-02-23T14:27:38.266+0000][7][gc,age      ] GC(104) - age   2:     173424 bytes,    1884712 total
[2024-02-23T14:27:38.266+0000][7][gc,age      ] GC(104) - age   3:     126120 bytes,    2010832 total
[2024-02-23T14:27:38.266+0000][7][gc,age      ] GC(104) - age   4:     586352 bytes,    2597184 total
[2024-02-23T14:27:38.266+0000][7][gc,age      ] GC(104) - age   5:       8496 bytes,    2605680 total
[2024-02-23T14:27:38.266+0000][7][gc,age      ] GC(104) - age   7:        256 bytes,    2605936 total
[2024-02-23T14:27:38.266+0000][7][gc,age      ] GC(104) - age   8:        280 bytes,    2606216 total
[2024-02-23T14:27:38.266+0000][7][gc,age      ] GC(104) - age   9:         96 bytes,    2606312 total
[2024-02-23T14:27:38.266+0000][7][gc,age      ] GC(104) - age  10:        344 bytes,    2606656 total
[2024-02-23T14:27:38.266+0000][7][gc,age      ] GC(104) - age  11:        152 bytes,    2606808 total
[2024-02-23T14:27:38.266+0000][7][gc,age      ] GC(104) - age  12:         24 bytes,    2606832 total
[2024-02-23T14:27:38.266+0000][7][gc,age      ] GC(104) - age  13:         64 bytes,    2606896 total
[2024-02-23T14:27:38.266+0000][7][gc,age      ] GC(104) - age  14:       3072 bytes,    2609968 total
[2024-02-23T14:27:38.266+0000][7][gc,age      ] GC(104) - age  15:        344 bytes,    2610312 total
[2024-02-23T14:27:38.266+0000][7][gc,heap     ] GC(104) Eden regions: 152->0(152)
[2024-02-23T14:27:38.266+0000][7][gc,heap     ] GC(104) Survivor regions: 1->1(20)
[2024-02-23T14:27:38.266+0000][7][gc,heap     ] GC(104) Old regions: 24->24
[2024-02-23T14:27:38.266+0000][7][gc,heap     ] GC(104) Archive regions: 2->2
[2024-02-23T14:27:38.266+0000][7][gc,heap     ] GC(104) Humongous regions: 0->0
[2024-02-23T14:27:38.266+0000][7][gc,metaspace] GC(104) Metaspace: 128515K(132160K)->128515K(132160K) NonClass: 111673K(113600K)->111673K(113600K) Class: 16841K(18560K)->16841K(18560K)
[2024-02-23T14:27:38.266+0000][7][gc          ] GC(104) Pause Young (Normal) (G1 Evacuation Pause) 706M->99M(1024M) 2.245ms
[2024-02-23T14:27:38.266+0000][7][gc,cpu      ] GC(104) User=0.01s Sys=0.00s Real=0.00s
[2024-02-23T14:27:38.266+0000][7][safepoint   ] Safepoint "G1CollectForAllocation", Time since last: 5100590782 ns, Reaching safepoint: 28444 ns, At safepoint: 2315696 ns, Total: 2344140 ns
[2024-02-23T14:28:32.272+0000][7][safepoint   ] Safepoint "Cleanup", Time since last: 54006540366 ns, Reaching safepoint: 63402 ns, At safepoint: 4468 ns, Total: 67870 ns
[2024-02-23T14:30:27.287+0000][7][safepoint   ] Safepoint "Cleanup", Time since last: 115014734452 ns, Reaching safepoint: 82537 ns, At safepoint: 39903 ns, Total: 122440 ns
[2024-02-23T14:30:32.288+0000][7][safepoint   ] Safepoint "Cleanup", Time since last: 5000434036 ns, Reaching safepoint: 98825 ns, At safepoint: 11607 ns, Total: 110432 ns
[2024-02-23T14:31:08.210+0000][7][gc,start    ] GC(105) Pause Young (Normal) (G1 Evacuation Pause)
[2024-02-23T14:31:08.210+0000][7][gc,task     ] GC(105) Using 8 workers of 8 for evacuation
[2024-02-23T14:31:08.210+0000][7][gc,age      ] GC(105) Desired survivor size 41943040 bytes, new threshold 15 (max threshold 15)
[2024-02-23T14:31:08.213+0000][7][gc,phases   ] GC(105)   Pre Evacuate Collection Set: 0.2ms
[2024-02-23T14:31:08.214+0000][7][gc,phases   ] GC(105)   Merge Heap Roots: 0.1ms
[2024-02-23T14:31:08.214+0000][7][gc,phases   ] GC(105)   Evacuate Collection Set: 2.3ms
[2024-02-23T14:31:08.214+0000][7][gc,phases   ] GC(105)   Post Evacuate Collection Set: 0.8ms
[2024-02-23T14:31:08.214+0000][7][gc,phases   ] GC(105)   Other: 0.1ms
[2024-02-23T14:31:08.214+0000][7][gc,age      ] GC(105) Age table with threshold 15 (max threshold 15)
[2024-02-23T14:31:08.214+0000][7][gc,age      ] GC(105) - age   1:    2059072 bytes,    2059072 total
[2024-02-23T14:31:08.214+0000][7][gc,age      ] GC(105) - age   2:      22224 bytes,    2081296 total
[2024-02-23T14:31:08.214+0000][7][gc,age      ] GC(105) - age   3:     171088 bytes,    2252384 total
[2024-02-23T14:31:08.214+0000][7][gc,age      ] GC(105) - age   4:     125488 bytes,    2377872 total
[2024-02-23T14:31:08.214+0000][7][gc,age      ] GC(105) - age   5:     586352 bytes,    2964224 total
[2024-02-23T14:31:08.214+0000][7][gc,age      ] GC(105) - age   6:       8112 bytes,    2972336 total
[2024-02-23T14:31:08.214+0000][7][gc,age      ] GC(105) - age   8:        256 bytes,    2972592 total
[2024-02-23T14:31:08.214+0000][7][gc,age      ] GC(105) - age   9:        280 bytes,    2972872 total
[2024-02-23T14:31:08.214+0000][7][gc,age      ] GC(105) - age  10:         96 bytes,    2972968 total
[2024-02-23T14:31:08.214+0000][7][gc,age      ] GC(105) - age  11:        344 bytes,    2973312 total
[2024-02-23T14:31:08.214+0000][7][gc,age      ] GC(105) - age  12:        152 bytes,    2973464 total
[2024-02-23T14:31:08.214+0000][7][gc,age      ] GC(105) - age  13:         24 bytes,    2973488 total
[2024-02-23T14:31:08.214+0000][7][gc,age      ] GC(105) - age  14:         64 bytes,    2973552 total
[2024-02-23T14:31:08.214+0000][7][gc,age      ] GC(105) - age  15:       3072 bytes,    2976624 total
[2024-02-23T14:31:08.214+0000][7][gc,heap     ] GC(105) Eden regions: 152->0(152)
[2024-02-23T14:31:08.214+0000][7][gc,heap     ] GC(105) Survivor regions: 1->1(20)
[2024-02-23T14:31:08.214+0000][7][gc,heap     ] GC(105) Old regions: 24->24
[2024-02-23T14:31:08.214+0000][7][gc,heap     ] GC(105) Archive regions: 2->2
[2024-02-23T14:31:08.214+0000][7][gc,heap     ] GC(105) Humongous regions: 0->0
[2024-02-23T14:31:08.214+0000][7][gc,metaspace] GC(105) Metaspace: 128516K(132160K)->128516K(132160K) NonClass: 111674K(113600K)->111674K(113600K) Class: 16841K(18560K)->16841K(18560K)
[2024-02-23T14:31:08.214+0000][7][gc          ] GC(105) Pause Young (Normal) (G1 Evacuation Pause) 707M->100M(1024M) 3.825ms
[2024-02-23T14:31:08.214+0000][7][gc,cpu      ] GC(105) User=0.01s Sys=0.00s Real=0.00s
[2024-02-23T14:31:08.214+0000][7][safepoint   ] Safepoint "G1CollectForAllocation", Time since last: 35921983176 ns, Reaching safepoint: 79237 ns, At safepoint: 3922682 ns, Total: 4001919 ns
[2024-02-23T14:31:11.214+0000][7][safepoint   ] Safepoint "Cleanup", Time since last: 3000331939 ns, Reaching safepoint: 79530 ns, At safepoint: 10374 ns, Total: 89904 ns
[2024-02-23T14:31:14.215+0000][7][safepoint   ] Safepoint "Cleanup", Time since last: 3000463193 ns, Reaching safepoint: 119041 ns, At safepoint: 12062 ns, Total: 131103 ns
[2024-02-23T14:32:15.223+0000][7][safepoint   ] Safepoint "Cleanup", Time since last: 61008194721 ns, Reaching safepoint: 98256 ns, At safepoint: 7512 ns, Total: 105768 ns
[2024-02-23T14:32:30.226+0000][7][safepoint   ] Safepoint "Cleanup", Time since last: 15002439047 ns, Reaching safepoint: 108280 ns, At safepoint: 52705 ns, Total: 160985 ns
[2024-02-23T14:32:31.295+0000][7][safepoint   ] Safepoint "Cleanup", Time since last: 1068698464 ns, Reaching safepoint: 88533 ns, At safepoint: 13218 ns, Total: 101751 ns
[2024-02-23T14:32:32.295+0000][7][safepoint   ] Safepoint "Cleanup", Time since last: 1000183335 ns, Reaching safepoint: 70175 ns, At safepoint: 12300 ns, Total: 82475 ns
[2024-02-23T14:33:32.302+0000][7][safepoint   ] Safepoint "Cleanup", Time since last: 60007304371 ns, Reaching safepoint: 82857 ns, At safepoint: 7685 ns, Total: 90542 ns
[2024-02-23T14:34:20.660+0000][7][gc,start    ] GC(106) Pause Young (Normal) (G1 Evacuation Pause)
[2024-02-23T14:34:20.660+0000][7][gc,task     ] GC(106) Using 8 workers of 8 for evacuation
[2024-02-23T14:34:20.660+0000][7][gc,age      ] GC(106) Desired survivor size 41943040 bytes, new threshold 15 (max threshold 15)
[2024-02-23T14:34:20.662+0000][7][gc,phases   ] GC(106)   Pre Evacuate Collection Set: 0.1ms
[2024-02-23T14:34:20.662+0000][7][gc,phases   ] GC(106)   Merge Heap Roots: 0.1ms
[2024-02-23T14:34:20.662+0000][7][gc,phases   ] GC(106)   Evacuate Collection Set: 1.3ms
[2024-02-23T14:34:20.662+0000][7][gc,phases   ] GC(106)   Post Evacuate Collection Set: 0.9ms
[2024-02-23T14:34:20.662+0000][7][gc,phases   ] GC(106)   Other: 0.1ms
[2024-02-23T14:34:20.662+0000][7][gc,age      ] GC(106) Age table with threshold 15 (max threshold 15)
[2024-02-23T14:34:20.662+0000][7][gc,age      ] GC(106) - age   1:     806752 bytes,     806752 total
[2024-02-23T14:34:20.662+0000][7][gc,age      ] GC(106) - age   2:       2904 bytes,     809656 total
[2024-02-23T14:34:20.662+0000][7][gc,age      ] GC(106) - age   3:       1344 bytes,     811000 total
[2024-02-23T14:34:20.662+0000][7][gc,age      ] GC(106) - age   4:     140384 bytes,     951384 total
[2024-02-23T14:34:20.662+0000][7][gc,age      ] GC(106) - age   5:      23736 bytes,     975120 total
[2024-02-23T14:34:20.662+0000][7][gc,age      ] GC(106) - age   6:     435184 bytes,    1410304 total
[2024-02-23T14:34:20.662+0000][7][gc,age      ] GC(106) - age   7:       8112 bytes,    1418416 total
[2024-02-23T14:34:20.662+0000][7][gc,age      ] GC(106) - age   9:        256 bytes,    1418672 total
[2024-02-23T14:34:20.662+0000][7][gc,age      ] GC(106) - age  10:        280 bytes,    1418952 total
[2024-02-23T14:34:20.662+0000][7][gc,age      ] GC(106) - age  11:         96 bytes,    1419048 total
[2024-02-23T14:34:20.662+0000][7][gc,age      ] GC(106) - age  12:        344 bytes,    1419392 total
[2024-02-23T14:34:20.662+0000][7][gc,age      ] GC(106) - age  13:        152 bytes,    1419544 total
[2024-02-23T14:34:20.662+0000][7][gc,age      ] GC(106) - age  14:         24 bytes,    1419568 total
[2024-02-23T14:34:20.662+0000][7][gc,age      ] GC(106) - age  15:         64 bytes,    1419632 total
[2024-02-23T14:34:20.662+0000][7][gc,heap     ] GC(106) Eden regions: 152->0(152)
[2024-02-23T14:34:20.662+0000][7][gc,heap     ] GC(106) Survivor regions: 1->1(20)
[2024-02-23T14:34:20.662+0000][7][gc,heap     ] GC(106) Old regions: 24->24
[2024-02-23T14:34:20.662+0000][7][gc,heap     ] GC(106) Archive regions: 2->2
[2024-02-23T14:34:20.662+0000][7][gc,heap     ] GC(106) Humongous regions: 0->0
[2024-02-23T14:34:20.662+0000][7][gc,metaspace] GC(106) Metaspace: 128516K(132160K)->128516K(132160K) NonClass: 111674K(113600K)->111674K(113600K) Class: 16841K(18560K)->16841K(18560K)
[2024-02-23T14:34:20.662+0000][7][gc          ] GC(106) Pause Young (Normal) (G1 Evacuation Pause) 708M->98M(1024M) 2.872ms
[2024-02-23T14:34:20.662+0000][7][gc,cpu      ] GC(106) User=0.01s Sys=0.00s Real=0.01s
[2024-02-23T14:34:20.663+0000][7][safepoint   ] Safepoint "G1CollectForAllocation", Time since last: 48357297696 ns, Reaching safepoint: 81677 ns, At safepoint: 2969867 ns, Total: 3051544 ns
[2024-02-23T14:35:02.669+0000][7][safepoint   ] Safepoint "Cleanup", Time since last: 42006374327 ns, Reaching safepoint: 119331 ns, At safepoint: 13514 ns, Total: 132845 ns
[2024-02-23T14:35:56.677+0000][7][safepoint   ] Safepoint "Cleanup", Time since last: 54007943004 ns, Reaching safepoint: 131433 ns, At safepoint: 7788 ns, Total: 139221 ns
[2024-02-23T14:36:02.678+0000][7][safepoint   ] Safepoint "Cleanup", Time since last: 6000858450 ns, Reaching safepoint: 120038 ns, At safepoint: 10097 ns, Total: 130135 ns
[2024-02-23T14:37:32.690+0000][7][safepoint   ] Safepoint "Cleanup", Time since last: 90011964141 ns, Reaching safepoint: 123533 ns, At safepoint: 9351 ns, Total: 132884 ns
[2024-02-23T14:37:44.223+0000][7][gc,start    ] GC(107) Pause Young (Normal) (G1 Evacuation Pause)
[2024-02-23T14:37:44.223+0000][7][gc,task     ] GC(107) Using 8 workers of 8 for evacuation
[2024-02-23T14:37:44.223+0000][7][gc,age      ] GC(107) Desired survivor size 41943040 bytes, new threshold 15 (max threshold 15)
[2024-02-23T14:37:44.225+0000][7][gc,phases   ] GC(107)   Pre Evacuate Collection Set: 0.1ms
[2024-02-23T14:37:44.225+0000][7][gc,phases   ] GC(107)   Merge Heap Roots: 0.1ms
[2024-02-23T14:37:44.225+0000][7][gc,phases   ] GC(107)   Evacuate Collection Set: 1.4ms
[2024-02-23T14:37:44.225+0000][7][gc,phases   ] GC(107)   Post Evacuate Collection Set: 0.7ms
[2024-02-23T14:37:44.225+0000][7][gc,phases   ] GC(107)   Other: 0.1ms
[2024-02-23T14:37:44.225+0000][7][gc,age      ] GC(107) Age table with threshold 15 (max threshold 15)
[2024-02-23T14:37:44.225+0000][7][gc,age      ] GC(107) - age   1:     809528 bytes,     809528 total
[2024-02-23T14:37:44.225+0000][7][gc,age      ] GC(107) - age   2:      80584 bytes,     890112 total
[2024-02-23T14:37:44.225+0000][7][gc,age      ] GC(107) - age   3:       1152 bytes,     891264 total
[2024-02-23T14:37:44.225+0000][7][gc,age      ] GC(107) - age   4:        776 bytes,     892040 total
[2024-02-23T14:37:44.225+0000][7][gc,age      ] GC(107) - age   5:     139784 bytes,    1031824 total
[2024-02-23T14:37:44.225+0000][7][gc,age      ] GC(107) - age   6:         64 bytes,    1031888 total
[2024-02-23T14:37:44.225+0000][7][gc,age      ] GC(107) - age   7:     407624 bytes,    1439512 total
[2024-02-23T14:37:44.225+0000][7][gc,age      ] GC(107) - age   8:       8112 bytes,    1447624 total
[2024-02-23T14:37:44.225+0000][7][gc,age      ] GC(107) - age  10:        256 bytes,    1447880 total
[2024-02-23T14:37:44.225+0000][7][gc,age      ] GC(107) - age  11:        280 bytes,    1448160 total
[2024-02-23T14:37:44.225+0000][7][gc,age      ] GC(107) - age  12:         96 bytes,    1448256 total
[2024-02-23T14:37:44.225+0000][7][gc,age      ] GC(107) - age  13:        344 bytes,    1448600 total
[2024-02-23T14:37:44.225+0000][7][gc,age      ] GC(107) - age  14:        152 bytes,    1448752 total
[2024-02-23T14:37:44.225+0000][7][gc,age      ] GC(107) - age  15:         24 bytes,    1448776 total
[2024-02-23T14:37:44.225+0000][7][gc,heap     ] GC(107) Eden regions: 152->0(152)
[2024-02-23T14:37:44.225+0000][7][gc,heap     ] GC(107) Survivor regions: 1->1(20)
[2024-02-23T14:37:44.226+0000][7][gc,heap     ] GC(107) Old regions: 24->24
[2024-02-23T14:37:44.226+0000][7][gc,heap     ] GC(107) Archive regions: 2->2
[2024-02-23T14:37:44.226+0000][7][gc,heap     ] GC(107) Humongous regions: 0->0
[2024-02-23T14:37:44.226+0000][7][gc,metaspace] GC(107) Metaspace: 128525K(132160K)->128525K(132160K) NonClass: 111683K(113600K)->111683K(113600K) Class: 16841K(18560K)->16841K(18560K)
[2024-02-23T14:37:44.226+0000][7][gc          ] GC(107) Pause Young (Normal) (G1 Evacuation Pause) 706M->98M(1024M) 2.730ms
[2024-02-23T14:37:44.226+0000][7][gc,cpu      ] GC(107) User=0.02s Sys=0.00s Real=0.00s
[2024-02-23T14:37:44.226+0000][7][safepoint   ] Safepoint "G1CollectForAllocation", Time since last: 11532560857 ns, Reaching safepoint: 61355 ns, At safepoint: 2827351 ns, Total: 2888706 ns
[2024-02-23T14:40:21.244+0000][7][safepoint   ] Safepoint "Cleanup", Time since last: 157018046853 ns, Reaching safepoint: 91277 ns, At safepoint: 10801 ns, Total: 102078 ns
[2024-02-23T14:41:08.245+0000][7][gc,start    ] GC(108) Pause Young (Normal) (G1 Evacuation Pause)
[2024-02-23T14:41:08.245+0000][7][gc,task     ] GC(108) Using 8 workers of 8 for evacuation
[2024-02-23T14:41:08.245+0000][7][gc,age      ] GC(108) Desired survivor size 41943040 bytes, new threshold 15 (max threshold 15)
[2024-02-23T14:41:08.248+0000][7][gc,phases   ] GC(108)   Pre Evacuate Collection Set: 0.1ms
[2024-02-23T14:41:08.248+0000][7][gc,phases   ] GC(108)   Merge Heap Roots: 0.1ms
[2024-02-23T14:41:08.248+0000][7][gc,phases   ] GC(108)   Evacuate Collection Set: 1.8ms
[2024-02-23T14:41:08.248+0000][7][gc,phases   ] GC(108)   Post Evacuate Collection Set: 0.8ms
[2024-02-23T14:41:08.248+0000][7][gc,phases   ] GC(108)   Other: 0.1ms
[2024-02-23T14:41:08.248+0000][7][gc,age      ] GC(108) Age table with threshold 15 (max threshold 15)
[2024-02-23T14:41:08.248+0000][7][gc,age      ] GC(108) - age   1:    1011560 bytes,    1011560 total
[2024-02-23T14:41:08.248+0000][7][gc,age      ] GC(108) - age   2:     110072 bytes,    1121632 total
[2024-02-23T14:41:08.248+0000][7][gc,age      ] GC(108) - age   3:      79008 bytes,    1200640 total
[2024-02-23T14:41:08.248+0000][7][gc,age      ] GC(108) - age   4:        992 bytes,    1201632 total
[2024-02-23T14:41:08.248+0000][7][gc,age      ] GC(108) - age   5:        776 bytes,    1202408 total
[2024-02-23T14:41:08.248+0000][7][gc,age      ] GC(108) - age   6:     139760 bytes,    1342168 total
[2024-02-23T14:41:08.248+0000][7][gc,age      ] GC(108) - age   7:         64 bytes,    1342232 total
[2024-02-23T14:41:08.248+0000][7][gc,age      ] GC(108) - age   8:     407624 bytes,    1749856 total
[2024-02-23T14:41:08.248+0000][7][gc,age      ] GC(108) - age   9:       8112 bytes,    1757968 total
[2024-02-23T14:41:08.248+0000][7][gc,age      ] GC(108) - age  11:         72 bytes,    1758040 total
[2024-02-23T14:41:08.248+0000][7][gc,age      ] GC(108) - age  12:        280 bytes,    1758320 total
[2024-02-23T14:41:08.248+0000][7][gc,age      ] GC(108) - age  13:         96 bytes,    1758416 total
[2024-02-23T14:41:08.248+0000][7][gc,age      ] GC(108) - age  14:        344 bytes,    1758760 total
[2024-02-23T14:41:08.248+0000][7][gc,age      ] GC(108) - age  15:        152 bytes,    1758912 total
[2024-02-23T14:41:08.248+0000][7][gc,heap     ] GC(108) Eden regions: 152->0(152)
[2024-02-23T14:41:08.248+0000][7][gc,heap     ] GC(108) Survivor regions: 1->1(20)
[2024-02-23T14:41:08.248+0000][7][gc,heap     ] GC(108) Old regions: 24->24
[2024-02-23T14:41:08.248+0000][7][gc,heap     ] GC(108) Archive regions: 2->2
[2024-02-23T14:41:08.248+0000][7][gc,heap     ] GC(108) Humongous regions: 0->0
[2024-02-23T14:41:08.248+0000][7][gc,metaspace] GC(108) Metaspace: 128525K(132160K)->128525K(132160K) NonClass: 111683K(113600K)->111683K(113600K) Class: 16841K(18560K)->16841K(18560K)
[2024-02-23T14:41:08.249+0000][7][gc          ] GC(108) Pause Young (Normal) (G1 Evacuation Pause) 706M->98M(1024M) 3.193ms
[2024-02-23T14:41:08.249+0000][7][gc,cpu      ] GC(108) User=0.01s Sys=0.00s Real=0.01s
[2024-02-23T14:41:08.249+0000][7][safepoint   ] Safepoint "G1CollectForAllocation", Time since last: 47001443691 ns, Reaching safepoint: 67543 ns, At safepoint: 3281081 ns, Total: 3348624 ns
[2024-02-23T14:44:26.441+0000][7][gc,start    ] GC(109) Pause Young (Normal) (G1 Evacuation Pause)
[2024-02-23T14:44:26.441+0000][7][gc,task     ] GC(109) Using 8 workers of 8 for evacuation
[2024-02-23T14:44:26.441+0000][7][gc,age      ] GC(109) Desired survivor size 41943040 bytes, new threshold 15 (max threshold 15)
[2024-02-23T14:44:26.444+0000][7][gc,phases   ] GC(109)   Pre Evacuate Collection Set: 0.1ms
[2024-02-23T14:44:26.444+0000][7][gc,phases   ] GC(109)   Merge Heap Roots: 0.1ms
[2024-02-23T14:44:26.444+0000][7][gc,phases   ] GC(109)   Evacuate Collection Set: 1.7ms
[2024-02-23T14:44:26.444+0000][7][gc,phases   ] GC(109)   Post Evacuate Collection Set: 1.2ms
[2024-02-23T14:44:26.444+0000][7][gc,phases   ] GC(109)   Other: 0.1ms
[2024-02-23T14:44:26.444+0000][7][gc,age      ] GC(109) Age table with threshold 15 (max threshold 15)
[2024-02-23T14:44:26.444+0000][7][gc,age      ] GC(109) - age   1:    1169560 bytes,    1169560 total
[2024-02-23T14:44:26.444+0000][7][gc,age      ] GC(109) - age   2:      94208 bytes,    1263768 total
[2024-02-23T14:44:26.444+0000][7][gc,age      ] GC(109) - age   3:     108920 bytes,    1372688 total
[2024-02-23T14:44:26.444+0000][7][gc,age      ] GC(109) - age   4:      75424 bytes,    1448112 total
[2024-02-23T14:44:26.444+0000][7][gc,age      ] GC(109) - age   5:        992 bytes,    1449104 total
[2024-02-23T14:44:26.444+0000][7][gc,age      ] GC(109) - age   6:        592 bytes,    1449696 total
[2024-02-23T14:44:26.444+0000][7][gc,age      ] GC(109) - age   7:     139760 bytes,    1589456 total
[2024-02-23T14:44:26.444+0000][7][gc,age      ] GC(109) - age   8:         64 bytes,    1589520 total
[2024-02-23T14:44:26.444+0000][7][gc,age      ] GC(109) - age   9:     407624 bytes,    1997144 total
[2024-02-23T14:44:26.444+0000][7][gc,age      ] GC(109) - age  10:       8112 bytes,    2005256 total
[2024-02-23T14:44:26.444+0000][7][gc,age      ] GC(109) - age  12:         72 bytes,    2005328 total
[2024-02-23T14:44:26.444+0000][7][gc,age      ] GC(109) - age  13:        280 bytes,    2005608 total
[2024-02-23T14:44:26.444+0000][7][gc,age      ] GC(109) - age  14:         96 bytes,    2005704 total
[2024-02-23T14:44:26.444+0000][7][gc,age      ] GC(109) - age  15:        344 bytes,    2006048 total
[2024-02-23T14:44:26.444+0000][7][gc,heap     ] GC(109) Eden regions: 152->0(152)
[2024-02-23T14:44:26.444+0000][7][gc,heap     ] GC(109) Survivor regions: 1->1(20)
[2024-02-23T14:44:26.444+0000][7][gc,heap     ] GC(109) Old regions: 24->24
[2024-02-23T14:44:26.444+0000][7][gc,heap     ] GC(109) Archive regions: 2->2
[2024-02-23T14:44:26.444+0000][7][gc,heap     ] GC(109) Humongous regions: 0->0
[2024-02-23T14:44:26.444+0000][7][gc,metaspace] GC(109) Metaspace: 128525K(132160K)->128525K(132160K) NonClass: 111683K(113600K)->111683K(113600K) Class: 16841K(18560K)->16841K(18560K)
[2024-02-23T14:44:26.444+0000][7][gc          ] GC(109) Pause Young (Normal) (G1 Evacuation Pause) 706M->99M(1024M) 3.599ms
[2024-02-23T14:44:26.444+0000][7][gc,cpu      ] GC(109) User=0.01s Sys=0.01s Real=0.00s
[2024-02-23T14:44:26.445+0000][7][safepoint   ] Safepoint "G1CollectForAllocation", Time since last: 198192091277 ns, Reaching safepoint: 149778 ns, At safepoint: 3705642 ns, Total: 3855420 ns
[2024-02-23T14:45:32.453+0000][7][safepoint   ] Safepoint "Cleanup", Time since last: 66008762326 ns, Reaching safepoint: 87694 ns, At safepoint: 5889 ns, Total: 93583 ns
[2024-02-23T14:45:35.454+0000][7][safepoint   ] Safepoint "Cleanup", Time since last: 3000351711 ns, Reaching safepoint: 85424 ns, At safepoint: 8573 ns, Total: 93997 ns
[2024-02-23T14:46:34.462+0000][7][safepoint   ] Safepoint "Cleanup", Time since last: 59007770029 ns, Reaching safepoint: 94332 ns, At safepoint: 6872 ns, Total: 101204 ns
[2024-02-23T14:47:50.366+0000][7][gc,start    ] GC(110) Pause Young (Normal) (G1 Evacuation Pause)
[2024-02-23T14:47:50.366+0000][7][gc,task     ] GC(110) Using 8 workers of 8 for evacuation
[2024-02-23T14:47:50.366+0000][7][gc,age      ] GC(110) Desired survivor size 41943040 bytes, new threshold 15 (max threshold 15)
[2024-02-23T14:47:50.369+0000][7][gc,phases   ] GC(110)   Pre Evacuate Collection Set: 0.2ms
[2024-02-23T14:47:50.369+0000][7][gc,phases   ] GC(110)   Merge Heap Roots: 0.1ms
[2024-02-23T14:47:50.369+0000][7][gc,phases   ] GC(110)   Evacuate Collection Set: 1.7ms
[2024-02-23T14:47:50.369+0000][7][gc,phases   ] GC(110)   Post Evacuate Collection Set: 1.0ms
[2024-02-23T14:47:50.369+0000][7][gc,phases   ] GC(110)   Other: 0.2ms
[2024-02-23T14:47:50.369+0000][7][gc,age      ] GC(110) Age table with threshold 15 (max threshold 15)
[2024-02-23T14:47:50.369+0000][7][gc,age      ] GC(110) - age   1:     661312 bytes,     661312 total
[2024-02-23T14:47:50.369+0000][7][gc,age      ] GC(110) - age   2:      15320 bytes,     676632 total
[2024-02-23T14:47:50.369+0000][7][gc,age      ] GC(110) - age   3:      92648 bytes,     769280 total
[2024-02-23T14:47:50.369+0000][7][gc,age      ] GC(110) - age   4:     107952 bytes,     877232 total
[2024-02-23T14:47:50.369+0000][7][gc,age      ] GC(110) - age   5:      74848 bytes,     952080 total
[2024-02-23T14:47:50.369+0000][7][gc,age      ] GC(110) - age   6:        992 bytes,     953072 total
[2024-02-23T14:47:50.369+0000][7][gc,age      ] GC(110) - age   7:        560 bytes,     953632 total
[2024-02-23T14:47:50.369+0000][7][gc,age      ] GC(110) - age   8:     139760 bytes,    1093392 total
[2024-02-23T14:47:50.369+0000][7][gc,age      ] GC(110) - age   9:         64 bytes,    1093456 total
[2024-02-23T14:47:50.369+0000][7][gc,age      ] GC(110) - age  10:     407496 bytes,    1500952 total
[2024-02-23T14:47:50.369+0000][7][gc,age      ] GC(110) - age  11:       8112 bytes,    1509064 total
[2024-02-23T14:47:50.369+0000][7][gc,age      ] GC(110) - age  13:         72 bytes,    1509136 total
[2024-02-23T14:47:50.369+0000][7][gc,age      ] GC(110) - age  14:        280 bytes,    1509416 total
[2024-02-23T14:47:50.369+0000][7][gc,age      ] GC(110) - age  15:         96 bytes,    1509512 total
[2024-02-23T14:47:50.369+0000][7][gc,heap     ] GC(110) Eden regions: 152->0(152)
[2024-02-23T14:47:50.369+0000][7][gc,heap     ] GC(110) Survivor regions: 1->1(20)
[2024-02-23T14:47:50.369+0000][7][gc,heap     ] GC(110) Old regions: 24->24
[2024-02-23T14:47:50.369+0000][7][gc,heap     ] GC(110) Archive regions: 2->2
[2024-02-23T14:47:50.369+0000][7][gc,heap     ] GC(110) Humongous regions: 0->0
[2024-02-23T14:47:50.369+0000][7][gc,metaspace] GC(110) Metaspace: 128559K(132224K)->128559K(132224K) NonClass: 111716K(113664K)->111716K(113664K) Class: 16842K(18560K)->16842K(18560K)
[2024-02-23T14:47:50.369+0000][7][gc          ] GC(110) Pause Young (Normal) (G1 Evacuation Pause) 707M->98M(1024M) 3.587ms
[2024-02-23T14:47:50.369+0000][7][gc,cpu      ] GC(110) User=0.02s Sys=0.00s Real=0.01s
[2024-02-23T14:47:50.369+0000][7][safepoint   ] Safepoint "G1CollectForAllocation", Time since last: 75903830870 ns, Reaching safepoint: 183575 ns, At safepoint: 3705842 ns, Total: 3889417 ns
[2024-02-23T14:48:51.377+0000][7][safepoint   ] Safepoint "Cleanup", Time since last: 61007853819 ns, Reaching safepoint: 94335 ns, At safepoint: 10504 ns, Total: 104839 ns
[2024-02-23T14:49:32.383+0000][7][safepoint   ] Safepoint "Cleanup", Time since last: 41005112391 ns, Reaching safepoint: 72870 ns, At safepoint: 13084 ns, Total: 85954 ns
[2024-02-23T14:51:14.242+0000][7][gc,start    ] GC(111) Pause Young (Normal) (G1 Evacuation Pause)
[2024-02-23T14:51:14.242+0000][7][gc,task     ] GC(111) Using 8 workers of 8 for evacuation
[2024-02-23T14:51:14.242+0000][7][gc,age      ] GC(111) Desired survivor size 41943040 bytes, new threshold 15 (max threshold 15)
[2024-02-23T14:51:14.245+0000][7][gc,phases   ] GC(111)   Pre Evacuate Collection Set: 0.1ms
[2024-02-23T14:51:14.245+0000][7][gc,phases   ] GC(111)   Merge Heap Roots: 0.1ms
[2024-02-23T14:51:14.245+0000][7][gc,phases   ] GC(111)   Evacuate Collection Set: 1.5ms
[2024-02-23T14:51:14.245+0000][7][gc,phases   ] GC(111)   Post Evacuate Collection Set: 0.8ms
[2024-02-23T14:51:14.245+0000][7][gc,phases   ] GC(111)   Other: 0.1ms
[2024-02-23T14:51:14.245+0000][7][gc,age      ] GC(111) Age table with threshold 15 (max threshold 15)
[2024-02-23T14:51:14.245+0000][7][gc,age      ] GC(111) - age   1:     851792 bytes,     851792 total
[2024-02-23T14:51:14.245+0000][7][gc,age      ] GC(111) - age   2:       4088 bytes,     855880 total
[2024-02-23T14:51:14.245+0000][7][gc,age      ] GC(111) - age   3:      13712 bytes,     869592 total
[2024-02-23T14:51:14.245+0000][7][gc,age      ] GC(111) - age   4:      92352 bytes,     961944 total
[2024-02-23T14:51:14.245+0000][7][gc,age      ] GC(111) - age   5:     107952 bytes,    1069896 total
[2024-02-23T14:51:14.245+0000][7][gc,age      ] GC(111) - age   6:      74848 bytes,    1144744 total
[2024-02-23T14:51:14.245+0000][7][gc,age      ] GC(111) - age   7:        608 bytes,    1145352 total
[2024-02-23T14:51:14.245+0000][7][gc,age      ] GC(111) - age   8:        376 bytes,    1145728 total
[2024-02-23T14:51:14.245+0000][7][gc,age      ] GC(111) - age   9:     139664 bytes,    1285392 total
[2024-02-23T14:51:14.245+0000][7][gc,age      ] GC(111) - age  10:         64 bytes,    1285456 total
[2024-02-23T14:51:14.245+0000][7][gc,age      ] GC(111) - age  11:     407496 bytes,    1692952 total
[2024-02-23T14:51:14.245+0000][7][gc,age      ] GC(111) - age  12:       8112 bytes,    1701064 total
[2024-02-23T14:51:14.245+0000][7][gc,age      ] GC(111) - age  14:         72 bytes,    1701136 total
[2024-02-23T14:51:14.245+0000][7][gc,age      ] GC(111) - age  15:        280 bytes,    1701416 total
[2024-02-23T14:51:14.245+0000][7][gc,heap     ] GC(111) Eden regions: 152->0(152)
[2024-02-23T14:51:14.245+0000][7][gc,heap     ] GC(111) Survivor regions: 1->1(20)
[2024-02-23T14:51:14.245+0000][7][gc,heap     ] GC(111) Old regions: 24->24
[2024-02-23T14:51:14.245+0000][7][gc,heap     ] GC(111) Archive regions: 2->2
[2024-02-23T14:51:14.245+0000][7][gc,heap     ] GC(111) Humongous regions: 0->0
[2024-02-23T14:51:14.245+0000][7][gc,metaspace] GC(111) Metaspace: 128574K(132224K)->128574K(132224K) NonClass: 111732K(113664K)->111732K(113664K) Class: 16842K(18560K)->16842K(18560K)
[2024-02-23T14:51:14.245+0000][7][gc          ] GC(111) Pause Young (Normal) (G1 Evacuation Pause) 706M->98M(1024M) 2.969ms
[2024-02-23T14:51:14.245+0000][7][gc,cpu      ] GC(111) User=0.01s Sys=0.00s Real=0.00s
[2024-02-23T14:51:14.245+0000][7][safepoint   ] Safepoint "G1CollectForAllocation", Time since last: 101859366390 ns, Reaching safepoint: 88820 ns, At safepoint: 3068984 ns, Total: 3157804 ns
[2024-02-23T14:54:32.330+0000][7][gc,start    ] GC(112) Pause Young (Normal) (G1 Evacuation Pause)
[2024-02-23T14:54:32.330+0000][7][gc,task     ] GC(112) Using 8 workers of 8 for evacuation
[2024-02-23T14:54:32.330+0000][7][gc,age      ] GC(112) Desired survivor size 41943040 bytes, new threshold 15 (max threshold 15)
[2024-02-23T14:54:32.333+0000][7][gc,phases   ] GC(112)   Pre Evacuate Collection Set: 0.1ms
[2024-02-23T14:54:32.333+0000][7][gc,phases   ] GC(112)   Merge Heap Roots: 0.1ms
[2024-02-23T14:54:32.333+0000][7][gc,phases   ] GC(112)   Evacuate Collection Set: 1.8ms
[2024-02-23T14:54:32.333+0000][7][gc,phases   ] GC(112)   Post Evacuate Collection Set: 0.9ms
[2024-02-23T14:54:32.333+0000][7][gc,phases   ] GC(112)   Other: 0.1ms
[2024-02-23T14:54:32.333+0000][7][gc,age      ] GC(112) Age table with threshold 15 (max threshold 15)
[2024-02-23T14:54:32.333+0000][7][gc,age      ] GC(112) - age   1:     597792 bytes,     597792 total
[2024-02-23T14:54:32.333+0000][7][gc,age      ] GC(112) - age   2:       3456 bytes,     601248 total
[2024-02-23T14:54:32.333+0000][7][gc,age      ] GC(112) - age   3:       2136 bytes,     603384 total
[2024-02-23T14:54:32.333+0000][7][gc,age      ] GC(112) - age   4:      10256 bytes,     613640 total
[2024-02-23T14:54:32.333+0000][7][gc,age      ] GC(112) - age   5:      92264 bytes,     705904 total
[2024-02-23T14:54:32.333+0000][7][gc,age      ] GC(112) - age   6:     107952 bytes,     813856 total
[2024-02-23T14:54:32.333+0000][7][gc,age      ] GC(112) - age   7:      74848 bytes,     888704 total
[2024-02-23T14:54:32.333+0000][7][gc,age      ] GC(112) - age   8:        608 bytes,     889312 total
[2024-02-23T14:54:32.333+0000][7][gc,age      ] GC(112) - age   9:        376 bytes,     889688 total
[2024-02-23T14:54:32.333+0000][7][gc,age      ] GC(112) - age  10:     139664 bytes,    1029352 total
[2024-02-23T14:54:32.333+0000][7][gc,age      ] GC(112) - age  11:         64 bytes,    1029416 total
[2024-02-23T14:54:32.333+0000][7][gc,age      ] GC(112) - age  12:     407496 bytes,    1436912 total
[2024-02-23T14:54:32.333+0000][7][gc,age      ] GC(112) - age  13:       8112 bytes,    1445024 total
[2024-02-23T14:54:32.333+0000][7][gc,age      ] GC(112) - age  15:         72 bytes,    1445096 total
[2024-02-23T14:54:32.333+0000][7][gc,heap     ] GC(112) Eden regions: 152->0(152)
[2024-02-23T14:54:32.333+0000][7][gc,heap     ] GC(112) Survivor regions: 1->1(20)
[2024-02-23T14:54:32.333+0000][7][gc,heap     ] GC(112) Old regions: 24->24
[2024-02-23T14:54:32.333+0000][7][gc,heap     ] GC(112) Archive regions: 2->2
[2024-02-23T14:54:32.333+0000][7][gc,heap     ] GC(112) Humongous regions: 0->0
[2024-02-23T14:54:32.333+0000][7][gc,metaspace] GC(112) Metaspace: 128574K(132224K)->128574K(132224K) NonClass: 111732K(113664K)->111732K(113664K) Class: 16842K(18560K)->16842K(18560K)
[2024-02-23T14:54:32.333+0000][7][gc          ] GC(112) Pause Young (Normal) (G1 Evacuation Pause) 706M->98M(1024M) 3.391ms
[2024-02-23T14:54:32.333+0000][7][gc,cpu      ] GC(112) User=0.01s Sys=0.00s Real=0.00s
[2024-02-23T14:54:32.333+0000][7][safepoint   ] Safepoint "G1CollectForAllocation", Time since last: 198084295533 ns, Reaching safepoint: 97450 ns, At safepoint: 3502898 ns, Total: 3600348 ns
[2024-02-23T14:57:56.610+0000][7][gc,start    ] GC(113) Pause Young (Normal) (G1 Evacuation Pause)
[2024-02-23T14:57:56.610+0000][7][gc,task     ] GC(113) Using 8 workers of 8 for evacuation
[2024-02-23T14:57:56.610+0000][7][gc,age      ] GC(113) Desired survivor size 41943040 bytes, new threshold 15 (max threshold 15)
[2024-02-23T14:57:56.613+0000][7][gc,phases   ] GC(113)   Pre Evacuate Collection Set: 0.1ms
[2024-02-23T14:57:56.613+0000][7][gc,phases   ] GC(113)   Merge Heap Roots: 0.1ms
[2024-02-23T14:57:56.613+0000][7][gc,phases   ] GC(113)   Evacuate Collection Set: 1.7ms
[2024-02-23T14:57:56.613+0000][7][gc,phases   ] GC(113)   Post Evacuate Collection Set: 0.8ms
[2024-02-23T14:57:56.613+0000][7][gc,phases   ] GC(113)   Other: 0.1ms
[2024-02-23T14:57:56.613+0000][7][gc,age      ] GC(113) Age table with threshold 15 (max threshold 15)
[2024-02-23T14:57:56.613+0000][7][gc,age      ] GC(113) - age   1:    1184848 bytes,    1184848 total
[2024-02-23T14:57:56.613+0000][7][gc,age      ] GC(113) - age   2:       5368 bytes,    1190216 total
[2024-02-23T14:57:56.613+0000][7][gc,age      ] GC(113) - age   3:       1792 bytes,    1192008 total
[2024-02-23T14:57:56.613+0000][7][gc,age      ] GC(113) - age   4:       1264 bytes,    1193272 total
[2024-02-23T14:57:56.613+0000][7][gc,age      ] GC(113) - age   5:      10072 bytes,    1203344 total
[2024-02-23T14:57:56.613+0000][7][gc,age      ] GC(113) - age   6:      92264 bytes,    1295608 total
[2024-02-23T14:57:56.613+0000][7][gc,age      ] GC(113) - age   7:     107952 bytes,    1403560 total
[2024-02-23T14:57:56.613+0000][7][gc,age      ] GC(113) - age   8:      74848 bytes,    1478408 total
[2024-02-23T14:57:56.613+0000][7][gc,age      ] GC(113) - age   9:        608 bytes,    1479016 total
[2024-02-23T14:57:56.613+0000][7][gc,age      ] GC(113) - age  10:        376 bytes,    1479392 total
[2024-02-23T14:57:56.613+0000][7][gc,age      ] GC(113) - age  11:     139664 bytes,    1619056 total
[2024-02-23T14:57:56.613+0000][7][gc,age      ] GC(113) - age  12:         64 bytes,    1619120 total
[2024-02-23T14:57:56.613+0000][7][gc,age      ] GC(113) - age  13:     407496 bytes,    2026616 total
[2024-02-23T14:57:56.613+0000][7][gc,age      ] GC(113) - age  14:       8112 bytes,    2034728 total
[2024-02-23T14:57:56.613+0000][7][gc,heap     ] GC(113) Eden regions: 152->0(152)
[2024-02-23T14:57:56.613+0000][7][gc,heap     ] GC(113) Survivor regions: 1->1(20)
[2024-02-23T14:57:56.613+0000][7][gc,heap     ] GC(113) Old regions: 24->24
[2024-02-23T14:57:56.613+0000][7][gc,heap     ] GC(113) Archive regions: 2->2
[2024-02-23T14:57:56.613+0000][7][gc,heap     ] GC(113) Humongous regions: 0->0
[2024-02-23T14:57:56.613+0000][7][gc,metaspace] GC(113) Metaspace: 128577K(132224K)->128577K(132224K) NonClass: 111734K(113664K)->111734K(113664K) Class: 16842K(18560K)->16842K(18560K)
[2024-02-23T14:57:56.613+0000][7][gc          ] GC(113) Pause Young (Normal) (G1 Evacuation Pause) 706M->99M(1024M) 3.266ms
[2024-02-23T14:57:56.613+0000][7][gc,cpu      ] GC(113) User=0.01s Sys=0.01s Real=0.00s
[2024-02-23T14:57:56.613+0000][7][safepoint   ] Safepoint "G1CollectForAllocation", Time since last: 204276888422 ns, Reaching safepoint: 64218 ns, At safepoint: 3365548 ns, Total: 3429766 ns
[2024-02-23T15:01:16.563+0000][7][gc,start    ] GC(114) Pause Young (Normal) (G1 Evacuation Pause)
[2024-02-23T15:01:16.563+0000][7][gc,task     ] GC(114) Using 8 workers of 8 for evacuation
[2024-02-23T15:01:16.563+0000][7][gc,age      ] GC(114) Desired survivor size 41943040 bytes, new threshold 15 (max threshold 15)
[2024-02-23T15:01:16.566+0000][7][gc,phases   ] GC(114)   Pre Evacuate Collection Set: 0.1ms
[2024-02-23T15:01:16.566+0000][7][gc,phases   ] GC(114)   Merge Heap Roots: 0.1ms
[2024-02-23T15:01:16.566+0000][7][gc,phases   ] GC(114)   Evacuate Collection Set: 1.9ms
[2024-02-23T15:01:16.566+0000][7][gc,phases   ] GC(114)   Post Evacuate Collection Set: 0.8ms
[2024-02-23T15:01:16.566+0000][7][gc,phases   ] GC(114)   Other: 0.1ms
[2024-02-23T15:01:16.566+0000][7][gc,age      ] GC(114) Age table with threshold 15 (max threshold 15)
[2024-02-23T15:01:16.566+0000][7][gc,age      ] GC(114) - age   1:     977776 bytes,     977776 total
[2024-02-23T15:01:16.566+0000][7][gc,age      ] GC(114) - age   2:       3528 bytes,     981304 total
[2024-02-23T15:01:16.566+0000][7][gc,age      ] GC(114) - age   3:       3792 bytes,     985096 total
[2024-02-23T15:01:16.566+0000][7][gc,age      ] GC(114) - age   4:       1792 bytes,     986888 total
[2024-02-23T15:01:16.566+0000][7][gc,age      ] GC(114) - age   5:       1264 bytes,     988152 total
[2024-02-23T15:01:16.566+0000][7][gc,age      ] GC(114) - age   6:      10072 bytes,     998224 total
[2024-02-23T15:01:16.566+0000][7][gc,age      ] GC(114) - age   7:      92264 bytes,    1090488 total
[2024-02-23T15:01:16.566+0000][7][gc,age      ] GC(114) - age   8:     107952 bytes,    1198440 total
[2024-02-23T15:01:16.566+0000][7][gc,age      ] GC(114) - age   9:      74848 bytes,    1273288 total
[2024-02-23T15:01:16.566+0000][7][gc,age      ] GC(114) - age  10:        608 bytes,    1273896 total
[2024-02-23T15:01:16.566+0000][7][gc,age      ] GC(114) - age  11:        376 bytes,    1274272 total
[2024-02-23T15:01:16.566+0000][7][gc,age      ] GC(114) - age  12:     139664 bytes,    1413936 total
[2024-02-23T15:01:16.566+0000][7][gc,age      ] GC(114) - age  13:         64 bytes,    1414000 total
[2024-02-23T15:01:16.566+0000][7][gc,age      ] GC(114) - age  14:     407496 bytes,    1821496 total
[2024-02-23T15:01:16.566+0000][7][gc,age      ] GC(114) - age  15:       8112 bytes,    1829608 total
[2024-02-23T15:01:16.566+0000][7][gc,heap     ] GC(114) Eden regions: 152->0(152)
[2024-02-23T15:01:16.566+0000][7][gc,heap     ] GC(114) Survivor regions: 1->1(20)
[2024-02-23T15:01:16.566+0000][7][gc,heap     ] GC(114) Old regions: 24->24
[2024-02-23T15:01:16.566+0000][7][gc,heap     ] GC(114) Archive regions: 2->2
[2024-02-23T15:01:16.566+0000][7][gc,heap     ] GC(114) Humongous regions: 0->0
[2024-02-23T15:01:16.566+0000][7][gc,metaspace] GC(114) Metaspace: 128577K(132224K)->128577K(132224K) NonClass: 111734K(113664K)->111734K(113664K) Class: 16842K(18560K)->16842K(18560K)
[2024-02-23T15:01:16.566+0000][7][gc          ] GC(114) Pause Young (Normal) (G1 Evacuation Pause) 707M->98M(1024M) 3.399ms
[2024-02-23T15:01:16.566+0000][7][gc,cpu      ] GC(114) User=0.01s Sys=0.01s Real=0.01s
[2024-02-23T15:01:16.566+0000][7][safepoint   ] Safepoint "G1CollectForAllocation", Time since last: 198684611354 ns, Reaching safepoint: 84339 ns, At safepoint: 3500516 ns, Total: 3584855 ns
[2024-02-23T15:03:18.580+0000][7][safepoint   ] Safepoint "Cleanup", Time since last: 122014210965 ns, Reaching safepoint: 49482 ns, At safepoint: 5170 ns, Total: 54652 ns
[2024-02-23T15:04:02.585+0000][7][safepoint   ] Safepoint "Cleanup", Time since last: 44004650388 ns, Reaching safepoint: 76321 ns, At safepoint: 36283 ns, Total: 112604 ns
[2024-02-23T15:04:12.586+0000][7][safepoint   ] Safepoint "Cleanup", Time since last: 10000960081 ns, Reaching safepoint: 91947 ns, At safepoint: 11711 ns, Total: 103658 ns
[2024-02-23T15:04:36.739+0000][7][gc,start    ] GC(115) Pause Young (Normal) (G1 Evacuation Pause)
[2024-02-23T15:04:36.739+0000][7][gc,task     ] GC(115) Using 8 workers of 8 for evacuation
[2024-02-23T15:04:36.739+0000][7][gc,age      ] GC(115) Desired survivor size 41943040 bytes, new threshold 15 (max threshold 15)
[2024-02-23T15:04:36.742+0000][7][gc,phases   ] GC(115)   Pre Evacuate Collection Set: 0.1ms
[2024-02-23T15:04:36.742+0000][7][gc,phases   ] GC(115)   Merge Heap Roots: 0.1ms
[2024-02-23T15:04:36.742+0000][7][gc,phases   ] GC(115)   Evacuate Collection Set: 1.8ms
[2024-02-23T15:04:36.742+0000][7][gc,phases   ] GC(115)   Post Evacuate Collection Set: 0.9ms
[2024-02-23T15:04:36.742+0000][7][gc,phases   ] GC(115)   Other: 0.1ms
[2024-02-23T15:04:36.742+0000][7][gc,age      ] GC(115) Age table with threshold 15 (max threshold 15)
[2024-02-23T15:04:36.742+0000][7][gc,age      ] GC(115) - age   1:    1142032 bytes,    1142032 total
[2024-02-23T15:04:36.742+0000][7][gc,age      ] GC(115) - age   2:       2152 bytes,    1144184 total
[2024-02-23T15:04:36.742+0000][7][gc,age      ] GC(115) - age   3:        968 bytes,    1145152 total
[2024-02-23T15:04:36.742+0000][7][gc,age      ] GC(115) - age   4:         64 bytes,    1145216 total
[2024-02-23T15:04:36.742+0000][7][gc,age      ] GC(115) - age   5:       1792 bytes,    1147008 total
[2024-02-23T15:04:36.742+0000][7][gc,age      ] GC(115) - age   6:        872 bytes,    1147880 total
[2024-02-23T15:04:36.742+0000][7][gc,age      ] GC(115) - age   7:      10072 bytes,    1157952 total
[2024-02-23T15:04:36.742+0000][7][gc,age      ] GC(115) - age   8:      92264 bytes,    1250216 total
[2024-02-23T15:04:36.742+0000][7][gc,age      ] GC(115) - age   9:     107952 bytes,    1358168 total
[2024-02-23T15:04:36.742+0000][7][gc,age      ] GC(115) - age  10:      74848 bytes,    1433016 total
[2024-02-23T15:04:36.742+0000][7][gc,age      ] GC(115) - age  11:        608 bytes,    1433624 total
[2024-02-23T15:04:36.742+0000][7][gc,age      ] GC(115) - age  12:        376 bytes,    1434000 total
[2024-02-23T15:04:36.742+0000][7][gc,age      ] GC(115) - age  13:     139664 bytes,    1573664 total
[2024-02-23T15:04:36.742+0000][7][gc,age      ] GC(115) - age  14:         64 bytes,    1573728 total
[2024-02-23T15:04:36.742+0000][7][gc,age      ] GC(115) - age  15:     407496 bytes,    1981224 total
[2024-02-23T15:04:36.742+0000][7][gc,heap     ] GC(115) Eden regions: 152->0(152)
[2024-02-23T15:04:36.742+0000][7][gc,heap     ] GC(115) Survivor regions: 1->1(20)
[2024-02-23T15:04:36.742+0000][7][gc,heap     ] GC(115) Old regions: 24->24
[2024-02-23T15:04:36.742+0000][7][gc,heap     ] GC(115) Archive regions: 2->2
[2024-02-23T15:04:36.742+0000][7][gc,heap     ] GC(115) Humongous regions: 0->0
[2024-02-23T15:04:36.742+0000][7][gc,metaspace] GC(115) Metaspace: 128577K(132224K)->128577K(132224K) NonClass: 111734K(113664K)->111734K(113664K) Class: 16842K(18560K)->16842K(18560K)
[2024-02-23T15:04:36.742+0000][7][gc          ] GC(115) Pause Young (Normal) (G1 Evacuation Pause) 706M->99M(1024M) 3.366ms
[2024-02-23T15:04:36.742+0000][7][gc,cpu      ] GC(115) User=0.02s Sys=0.00s Real=0.00s
[2024-02-23T15:04:36.742+0000][7][safepoint   ] Safepoint "G1CollectForAllocation", Time since last: 24152418657 ns, Reaching safepoint: 91093 ns, At safepoint: 3470467 ns, Total: 3561560 ns
[2024-02-23T15:06:52.759+0000][7][safepoint   ] Safepoint "Cleanup", Time since last: 136017122938 ns, Reaching safepoint: 67564 ns, At safepoint: 41717 ns, Total: 109281 ns
[2024-02-23T15:08:00.567+0000][7][gc,start    ] GC(116) Pause Young (Normal) (G1 Evacuation Pause)
[2024-02-23T15:08:00.567+0000][7][gc,task     ] GC(116) Using 8 workers of 8 for evacuation
[2024-02-23T15:08:00.567+0000][7][gc,age      ] GC(116) Desired survivor size 41943040 bytes, new threshold 15 (max threshold 15)
[2024-02-23T15:08:00.570+0000][7][gc,phases   ] GC(116)   Pre Evacuate Collection Set: 0.1ms
[2024-02-23T15:08:00.570+0000][7][gc,phases   ] GC(116)   Merge Heap Roots: 0.1ms
[2024-02-23T15:08:00.570+0000][7][gc,phases   ] GC(116)   Evacuate Collection Set: 1.5ms
[2024-02-23T15:08:00.570+0000][7][gc,phases   ] GC(116)   Post Evacuate Collection Set: 0.8ms
[2024-02-23T15:08:00.570+0000][7][gc,phases   ] GC(116)   Other: 0.1ms
[2024-02-23T15:08:00.570+0000][7][gc,age      ] GC(116) Age table with threshold 15 (max threshold 15)
[2024-02-23T15:08:00.570+0000][7][gc,age      ] GC(116) - age   1:     950648 bytes,     950648 total
[2024-02-23T15:08:00.570+0000][7][gc,age      ] GC(116) - age   2:       6816 bytes,     957464 total
[2024-02-23T15:08:00.570+0000][7][gc,age      ] GC(116) - age   3:        128 bytes,     957592 total
[2024-02-23T15:08:00.570+0000][7][gc,age      ] GC(116) - age   4:        216 bytes,     957808 total
[2024-02-23T15:08:00.570+0000][7][gc,age      ] GC(116) - age   5:         64 bytes,     957872 total
[2024-02-23T15:08:00.570+0000][7][gc,age      ] GC(116) - age   6:       1792 bytes,     959664 total
[2024-02-23T15:08:00.570+0000][7][gc,age      ] GC(116) - age   7:        840 bytes,     960504 total
[2024-02-23T15:08:00.570+0000][7][gc,age      ] GC(116) - age   8:       9888 bytes,     970392 total
[2024-02-23T15:08:00.570+0000][7][gc,age      ] GC(116) - age   9:      92264 bytes,    1062656 total
[2024-02-23T15:08:00.570+0000][7][gc,age      ] GC(116) - age  10:     107952 bytes,    1170608 total
[2024-02-23T15:08:00.570+0000][7][gc,age      ] GC(116) - age  11:      74848 bytes,    1245456 total
[2024-02-23T15:08:00.570+0000][7][gc,age      ] GC(116) - age  12:        608 bytes,    1246064 total
[2024-02-23T15:08:00.570+0000][7][gc,age      ] GC(116) - age  13:        376 bytes,    1246440 total
[2024-02-23T15:08:00.570+0000][7][gc,age      ] GC(116) - age  14:     139664 bytes,    1386104 total
[2024-02-23T15:08:00.570+0000][7][gc,age      ] GC(116) - age  15:         64 bytes,    1386168 total
[2024-02-23T15:08:00.570+0000][7][gc,heap     ] GC(116) Eden regions: 152->0(152)
[2024-02-23T15:08:00.570+0000][7][gc,heap     ] GC(116) Survivor regions: 1->1(20)
[2024-02-23T15:08:00.570+0000][7][gc,heap     ] GC(116) Old regions: 24->24
[2024-02-23T15:08:00.570+0000][7][gc,heap     ] GC(116) Archive regions: 2->2
[2024-02-23T15:08:00.570+0000][7][gc,heap     ] GC(116) Humongous regions: 0->0
[2024-02-23T15:08:00.570+0000][7][gc,metaspace] GC(116) Metaspace: 128581K(132224K)->128581K(132224K) NonClass: 111738K(113664K)->111738K(113664K) Class: 16842K(18560K)->16842K(18560K)
[2024-02-23T15:08:00.570+0000][7][gc          ] GC(116) Pause Young (Normal) (G1 Evacuation Pause) 707M->98M(1024M) 2.940ms
[2024-02-23T15:08:00.570+0000][7][gc,cpu      ] GC(116) User=0.01s Sys=0.00s Real=0.00s
[2024-02-23T15:08:00.570+0000][7][safepoint   ] Safepoint "G1CollectForAllocation", Time since last: 67807775882 ns, Reaching safepoint: 47189 ns, At safepoint: 3031054 ns, Total: 3078243 ns
[2024-02-23T15:09:33.584+0000][7][safepoint   ] Safepoint "Cleanup", Time since last: 93013308057 ns, Reaching safepoint: 64775 ns, At safepoint: 7092 ns, Total: 71867 ns
[2024-02-23T15:10:13.588+0000][7][safepoint   ] Safepoint "Cleanup", Time since last: 40004554468 ns, Reaching safepoint: 64401 ns, At safepoint: 6916 ns, Total: 71317 ns
[2024-02-23T15:11:16.598+0000][7][gc,start    ] GC(117) Pause Young (Normal) (G1 Evacuation Pause)
[2024-02-23T15:11:16.598+0000][7][gc,task     ] GC(117) Using 8 workers of 8 for evacuation
[2024-02-23T15:11:16.598+0000][7][gc,age      ] GC(117) Desired survivor size 41943040 bytes, new threshold 15 (max threshold 15)
[2024-02-23T15:11:16.601+0000][7][gc,phases   ] GC(117)   Pre Evacuate Collection Set: 0.1ms
[2024-02-23T15:11:16.601+0000][7][gc,phases   ] GC(117)   Merge Heap Roots: 0.1ms
[2024-02-23T15:11:16.601+0000][7][gc,phases   ] GC(117)   Evacuate Collection Set: 2.0ms
[2024-02-23T15:11:16.601+0000][7][gc,phases   ] GC(117)   Post Evacuate Collection Set: 1.2ms
[2024-02-23T15:11:16.601+0000][7][gc,phases   ] GC(117)   Other: 0.1ms
[2024-02-23T15:11:16.601+0000][7][gc,age      ] GC(117) Age table with threshold 15 (max threshold 15)
[2024-02-23T15:11:16.601+0000][7][gc,age      ] GC(117) - age   1:     914144 bytes,     914144 total
[2024-02-23T15:11:16.601+0000][7][gc,age      ] GC(117) - age   2:       3248 bytes,     917392 total
[2024-02-23T15:11:16.601+0000][7][gc,age      ] GC(117) - age   3:       4120 bytes,     921512 total
[2024-02-23T15:11:16.601+0000][7][gc,age      ] GC(117) - age   5:        216 bytes,     921728 total
[2024-02-23T15:11:16.601+0000][7][gc,age      ] GC(117) - age   6:         64 bytes,     921792 total
[2024-02-23T15:11:16.601+0000][7][gc,age      ] GC(117) - age   7:       1408 bytes,     923200 total
[2024-02-23T15:11:16.601+0000][7][gc,age      ] GC(117) - age   8:        808 bytes,     924008 total
[2024-02-23T15:11:16.601+0000][7][gc,age      ] GC(117) - age   9:       9888 bytes,     933896 total
[2024-02-23T15:11:16.601+0000][7][gc,age      ] GC(117) - age  10:      92264 bytes,    1026160 total
[2024-02-23T15:11:16.601+0000][7][gc,age      ] GC(117) - age  11:     107952 bytes,    1134112 total
[2024-02-23T15:11:16.601+0000][7][gc,age      ] GC(117) - age  12:      74848 bytes,    1208960 total
[2024-02-23T15:11:16.601+0000][7][gc,age      ] GC(117) - age  13:        608 bytes,    1209568 total
[2024-02-23T15:11:16.601+0000][7][gc,age      ] GC(117) - age  14:        376 bytes,    1209944 total
[2024-02-23T15:11:16.601+0000][7][gc,age      ] GC(117) - age  15:     139664 bytes,    1349608 total
[2024-02-23T15:11:16.601+0000][7][gc,heap     ] GC(117) Eden regions: 152->0(152)
[2024-02-23T15:11:16.601+0000][7][gc,heap     ] GC(117) Survivor regions: 1->1(20)
[2024-02-23T15:11:16.601+0000][7][gc,heap     ] GC(117) Old regions: 24->24
[2024-02-23T15:11:16.601+0000][7][gc,heap     ] GC(117) Archive regions: 2->2
[2024-02-23T15:11:16.601+0000][7][gc,heap     ] GC(117) Humongous regions: 0->0
[2024-02-23T15:11:16.601+0000][7][gc,metaspace] GC(117) Metaspace: 128581K(132224K)->128581K(132224K) NonClass: 111738K(113664K)->111738K(113664K) Class: 16842K(18560K)->16842K(18560K)
[2024-02-23T15:11:16.601+0000][7][gc          ] GC(117) Pause Young (Normal) (G1 Evacuation Pause) 706M->98M(1024M) 3.874ms
[2024-02-23T15:11:16.601+0000][7][gc,cpu      ] GC(117) User=0.01s Sys=0.01s Real=0.00s
[2024-02-23T15:11:16.602+0000][7][safepoint   ] Safepoint "G1CollectForAllocation", Time since last: 63009207989 ns, Reaching safepoint: 73009 ns, At safepoint: 4018738 ns, Total: 4091747 ns
[2024-02-23T15:11:33.605+0000][7][safepoint   ] Safepoint "Cleanup", Time since last: 17002858492 ns, Reaching safepoint: 109707 ns, At safepoint: 11077 ns, Total: 120784 ns
[2024-02-23T15:11:36.605+0000][7][safepoint   ] Safepoint "Cleanup", Time since last: 3000558033 ns, Reaching safepoint: 80913 ns, At safepoint: 12344 ns, Total: 93257 ns
[2024-02-23T15:11:42.606+0000][7][safepoint   ] Safepoint "Cleanup", Time since last: 6000548440 ns, Reaching safepoint: 77206 ns, At safepoint: 8846 ns, Total: 86052 ns
[2024-02-23T15:13:54.622+0000][7][safepoint   ] Safepoint "Cleanup", Time since last: 132016113460 ns, Reaching safepoint: 84418 ns, At safepoint: 5497 ns, Total: 89915 ns
[2024-02-23T15:14:12.624+0000][7][safepoint   ] Safepoint "Cleanup", Time since last: 18002237223 ns, Reaching safepoint: 84135 ns, At safepoint: 9580 ns, Total: 93715 ns
[2024-02-23T15:14:15.625+0000][7][safepoint   ] Safepoint "Cleanup", Time since last: 3000620118 ns, Reaching safepoint: 73178 ns, At safepoint: 9998 ns, Total: 83176 ns
[2024-02-23T15:14:37.044+0000][7][gc,start    ] GC(118) Pause Young (Normal) (G1 Evacuation Pause)
[2024-02-23T15:14:37.044+0000][7][gc,task     ] GC(118) Using 8 workers of 8 for evacuation
[2024-02-23T15:14:37.044+0000][7][gc,age      ] GC(118) Desired survivor size 41943040 bytes, new threshold 15 (max threshold 15)
[2024-02-23T15:14:37.046+0000][7][gc,phases   ] GC(118)   Pre Evacuate Collection Set: 0.1ms
[2024-02-23T15:14:37.046+0000][7][gc,phases   ] GC(118)   Merge Heap Roots: 0.1ms
[2024-02-23T15:14:37.046+0000][7][gc,phases   ] GC(118)   Evacuate Collection Set: 1.2ms
[2024-02-23T15:14:37.046+0000][7][gc,phases   ] GC(118)   Post Evacuate Collection Set: 0.8ms
[2024-02-23T15:14:37.046+0000][7][gc,phases   ] GC(118)   Other: 0.1ms
[2024-02-23T15:14:37.046+0000][7][gc,age      ] GC(118) Age table with threshold 15 (max threshold 15)
[2024-02-23T15:14:37.046+0000][7][gc,age      ] GC(118) - age   1:     984424 bytes,     984424 total
[2024-02-23T15:14:37.046+0000][7][gc,age      ] GC(118) - age   2:       2952 bytes,     987376 total
[2024-02-23T15:14:37.046+0000][7][gc,age      ] GC(118) - age   3:       1168 bytes,     988544 total
[2024-02-23T15:14:37.046+0000][7][gc,age      ] GC(118) - age   4:        480 bytes,     989024 total
[2024-02-23T15:14:37.046+0000][7][gc,age      ] GC(118) - age   6:        216 bytes,     989240 total
[2024-02-23T15:14:37.046+0000][7][gc,age      ] GC(118) - age   8:       1288 bytes,     990528 total
[2024-02-23T15:14:37.046+0000][7][gc,age      ] GC(118) - age   9:        808 bytes,     991336 total
[2024-02-23T15:14:37.046+0000][7][gc,age      ] GC(118) - age  10:       9888 bytes,    1001224 total
[2024-02-23T15:14:37.046+0000][7][gc,age      ] GC(118) - age  11:      92264 bytes,    1093488 total
[2024-02-23T15:14:37.046+0000][7][gc,age      ] GC(118) - age  12:     107952 bytes,    1201440 total
[2024-02-23T15:14:37.046+0000][7][gc,age      ] GC(118) - age  13:      74848 bytes,    1276288 total
[2024-02-23T15:14:37.046+0000][7][gc,age      ] GC(118) - age  14:        608 bytes,    1276896 total
[2024-02-23T15:14:37.046+0000][7][gc,age      ] GC(118) - age  15:        376 bytes,    1277272 total
[2024-02-23T15:14:37.046+0000][7][gc,heap     ] GC(118) Eden regions: 152->0(152)
[2024-02-23T15:14:37.046+0000][7][gc,heap     ] GC(118) Survivor regions: 1->1(20)
[2024-02-23T15:14:37.046+0000][7][gc,heap     ] GC(118) Old regions: 24->24
[2024-02-23T15:14:37.046+0000][7][gc,heap     ] GC(118) Archive regions: 2->2
[2024-02-23T15:14:37.046+0000][7][gc,heap     ] GC(118) Humongous regions: 0->0
[2024-02-23T15:14:37.046+0000][7][gc,metaspace] GC(118) Metaspace: 128581K(132224K)->128581K(132224K) NonClass: 111739K(113664K)->111739K(113664K) Class: 16842K(18560K)->16842K(18560K)
[2024-02-23T15:14:37.046+0000][7][gc          ] GC(118) Pause Young (Normal) (G1 Evacuation Pause) 706M->98M(1024M) 2.670ms
[2024-02-23T15:14:37.046+0000][7][gc,cpu      ] GC(118) User=0.02s Sys=0.00s Real=0.01s
[2024-02-23T15:14:37.046+0000][7][safepoint   ] Safepoint "G1CollectForAllocation", Time since last: 21418561668 ns, Reaching safepoint: 88949 ns, At safepoint: 2758419 ns, Total: 2847368 ns
[2024-02-23T15:15:46.056+0000][7][safepoint   ] Safepoint "Cleanup", Time since last: 69009604170 ns, Reaching safepoint: 112485 ns, At safepoint: 11942 ns, Total: 124427 ns
[2024-02-23T15:16:34.062+0000][7][safepoint   ] Safepoint "Cleanup", Time since last: 48005988193 ns, Reaching safepoint: 87586 ns, At safepoint: 11574 ns, Total: 99160 ns
[2024-02-23T15:18:00.622+0000][7][gc,start    ] GC(119) Pause Young (Normal) (G1 Evacuation Pause)
[2024-02-23T15:18:00.622+0000][7][gc,task     ] GC(119) Using 8 workers of 8 for evacuation
[2024-02-23T15:18:00.622+0000][7][gc,age      ] GC(119) Desired survivor size 41943040 bytes, new threshold 15 (max threshold 15)
[2024-02-23T15:18:00.625+0000][7][gc,phases   ] GC(119)   Pre Evacuate Collection Set: 0.1ms
[2024-02-23T15:18:00.625+0000][7][gc,phases   ] GC(119)   Merge Heap Roots: 0.1ms
[2024-02-23T15:18:00.625+0000][7][gc,phases   ] GC(119)   Evacuate Collection Set: 1.4ms
[2024-02-23T15:18:00.625+0000][7][gc,phases   ] GC(119)   Post Evacuate Collection Set: 0.7ms
[2024-02-23T15:18:00.625+0000][7][gc,phases   ] GC(119)   Other: 0.1ms
[2024-02-23T15:18:00.625+0000][7][gc,age      ] GC(119) Age table with threshold 15 (max threshold 15)
[2024-02-23T15:18:00.625+0000][7][gc,age      ] GC(119) - age   1:     902640 bytes,     902640 total
[2024-02-23T15:18:00.625+0000][7][gc,age      ] GC(119) - age   2:       6488 bytes,     909128 total
[2024-02-23T15:18:00.625+0000][7][gc,age      ] GC(119) - age   3:        808 bytes,     909936 total
[2024-02-23T15:18:00.625+0000][7][gc,age      ] GC(119) - age   4:        144 bytes,     910080 total
[2024-02-23T15:18:00.625+0000][7][gc,age      ] GC(119) - age   5:         88 bytes,     910168 total
[2024-02-23T15:18:00.625+0000][7][gc,age      ] GC(119) - age   7:        184 bytes,     910352 total
[2024-02-23T15:18:00.625+0000][7][gc,age      ] GC(119) - age   9:       1288 bytes,     911640 total
[2024-02-23T15:18:00.625+0000][7][gc,age      ] GC(119) - age  10:        808 bytes,     912448 total
[2024-02-23T15:18:00.625+0000][7][gc,age      ] GC(119) - age  11:       9888 bytes,     922336 total
[2024-02-23T15:18:00.625+0000][7][gc,age      ] GC(119) - age  12:      92264 bytes,    1014600 total
[2024-02-23T15:18:00.625+0000][7][gc,age      ] GC(119) - age  13:     107952 bytes,    1122552 total
[2024-02-23T15:18:00.625+0000][7][gc,age      ] GC(119) - age  14:      74848 bytes,    1197400 total
[2024-02-23T15:18:00.625+0000][7][gc,age      ] GC(119) - age  15:        608 bytes,    1198008 total
[2024-02-23T15:18:00.625+0000][7][gc,heap     ] GC(119) Eden regions: 152->0(152)
[2024-02-23T15:18:00.625+0000][7][gc,heap     ] GC(119) Survivor regions: 1->1(20)
[2024-02-23T15:18:00.625+0000][7][gc,heap     ] GC(119) Old regions: 24->24
[2024-02-23T15:18:00.625+0000][7][gc,heap     ] GC(119) Archive regions: 2->2
[2024-02-23T15:18:00.625+0000][7][gc,heap     ] GC(119) Humongous regions: 0->0
[2024-02-23T15:18:00.625+0000][7][gc,metaspace] GC(119) Metaspace: 128582K(132224K)->128582K(132224K) NonClass: 111739K(113664K)->111739K(113664K) Class: 16842K(18560K)->16842K(18560K)
[2024-02-23T15:18:00.625+0000][7][gc          ] GC(119) Pause Young (Normal) (G1 Evacuation Pause) 706M->98M(1024M) 2.732ms
[2024-02-23T15:18:00.625+0000][7][gc,cpu      ] GC(119) User=0.01s Sys=0.00s Real=0.01s
[2024-02-23T15:18:00.625+0000][7][safepoint   ] Safepoint "G1CollectForAllocation", Time since last: 86560049584 ns, Reaching safepoint: 60305 ns, At safepoint: 2825940 ns, Total: 2886245 ns
[2024-02-23T15:21:18.602+0000][7][gc,start    ] GC(120) Pause Young (Normal) (G1 Evacuation Pause)
[2024-02-23T15:21:18.602+0000][7][gc,task     ] GC(120) Using 8 workers of 8 for evacuation
[2024-02-23T15:21:18.602+0000][7][gc,age      ] GC(120) Desired survivor size 41943040 bytes, new threshold 15 (max threshold 15)
[2024-02-23T15:21:18.605+0000][7][gc,phases   ] GC(120)   Pre Evacuate Collection Set: 0.1ms
[2024-02-23T15:21:18.605+0000][7][gc,phases   ] GC(120)   Merge Heap Roots: 0.1ms
[2024-02-23T15:21:18.605+0000][7][gc,phases   ] GC(120)   Evacuate Collection Set: 1.7ms
[2024-02-23T15:21:18.605+0000][7][gc,phases   ] GC(120)   Post Evacuate Collection Set: 0.8ms
[2024-02-23T15:21:18.605+0000][7][gc,phases   ] GC(120)   Other: 0.1ms
[2024-02-23T15:21:18.605+0000][7][gc,age      ] GC(120) Age table with threshold 15 (max threshold 15)
[2024-02-23T15:21:18.605+0000][7][gc,age      ] GC(120) - age   1:    1357832 bytes,    1357832 total
[2024-02-23T15:21:18.605+0000][7][gc,age      ] GC(120) - age   2:       3208 bytes,    1361040 total
[2024-02-23T15:21:18.605+0000][7][gc,age      ] GC(120) - age   3:       4568 bytes,    1365608 total
[2024-02-23T15:21:18.605+0000][7][gc,age      ] GC(120) - age   4:        680 bytes,    1366288 total
[2024-02-23T15:21:18.605+0000][7][gc,age      ] GC(120) - age   5:         80 bytes,    1366368 total
[2024-02-23T15:21:18.605+0000][7][gc,age      ] GC(120) - age   6:         88 bytes,    1366456 total
[2024-02-23T15:21:18.605+0000][7][gc,age      ] GC(120) - age  10:       1288 bytes,    1367744 total
[2024-02-23T15:21:18.605+0000][7][gc,age      ] GC(120) - age  11:        808 bytes,    1368552 total
[2024-02-23T15:21:18.605+0000][7][gc,age      ] GC(120) - age  12:       9888 bytes,    1378440 total
[2024-02-23T15:21:18.605+0000][7][gc,age      ] GC(120) - age  13:      92264 bytes,    1470704 total
[2024-02-23T15:21:18.605+0000][7][gc,age      ] GC(120) - age  14:     107952 bytes,    1578656 total
[2024-02-23T15:21:18.605+0000][7][gc,age      ] GC(120) - age  15:      74848 bytes,    1653504 total
[2024-02-23T15:21:18.605+0000][7][gc,heap     ] GC(120) Eden regions: 152->0(152)
[2024-02-23T15:21:18.605+0000][7][gc,heap     ] GC(120) Survivor regions: 1->1(20)
[2024-02-23T15:21:18.605+0000][7][gc,heap     ] GC(120) Old regions: 24->24
[2024-02-23T15:21:18.605+0000][7][gc,heap     ] GC(120) Archive regions: 2->2
[2024-02-23T15:21:18.605+0000][7][gc,heap     ] GC(120) Humongous regions: 0->0
[2024-02-23T15:21:18.605+0000][7][gc,metaspace] GC(120) Metaspace: 128582K(132224K)->128582K(132224K) NonClass: 111740K(113664K)->111740K(113664K) Class: 16842K(18560K)->16842K(18560K)
[2024-02-23T15:21:18.605+0000][7][gc          ] GC(120) Pause Young (Normal) (G1 Evacuation Pause) 706M->99M(1024M) 3.043ms
[2024-02-23T15:21:18.605+0000][7][gc,cpu      ] GC(120) User=0.02s Sys=0.00s Real=0.01s
[2024-02-23T15:21:18.605+0000][7][safepoint   ] Safepoint "G1CollectForAllocation", Time since last: 197976999902 ns, Reaching safepoint: 63902 ns, At safepoint: 3139847 ns, Total: 3203749 ns
[2024-02-23T15:23:55.625+0000][7][safepoint   ] Safepoint "Cleanup", Time since last: 157019550597 ns, Reaching safepoint: 80114 ns, At safepoint: 42122 ns, Total: 122236 ns
[2024-02-23T15:24:00.626+0000][7][safepoint   ] Safepoint "Cleanup", Time since last: 5000597403 ns, Reaching safepoint: 155216 ns, At safepoint: 7407 ns, Total: 162623 ns
[2024-02-23T15:24:30.603+0000][7][gc,start    ] GC(121) Pause Young (Normal) (G1 Evacuation Pause)
[2024-02-23T15:24:30.603+0000][7][gc,task     ] GC(121) Using 8 workers of 8 for evacuation
[2024-02-23T15:24:30.603+0000][7][gc,age      ] GC(121) Desired survivor size 41943040 bytes, new threshold 15 (max threshold 15)
[2024-02-23T15:24:30.607+0000][7][gc,phases   ] GC(121)   Pre Evacuate Collection Set: 0.2ms
[2024-02-23T15:24:30.607+0000][7][gc,phases   ] GC(121)   Merge Heap Roots: 0.1ms
[2024-02-23T15:24:30.607+0000][7][gc,phases   ] GC(121)   Evacuate Collection Set: 1.7ms
[2024-02-23T15:24:30.607+0000][7][gc,phases   ] GC(121)   Post Evacuate Collection Set: 1.0ms
[2024-02-23T15:24:30.607+0000][7][gc,phases   ] GC(121)   Other: 0.1ms
[2024-02-23T15:24:30.607+0000][7][gc,age      ] GC(121) Age table with threshold 15 (max threshold 15)
[2024-02-23T15:24:30.607+0000][7][gc,age      ] GC(121) - age   1:    1210896 bytes,    1210896 total
[2024-02-23T15:24:30.607+0000][7][gc,age      ] GC(121) - age   2:      11016 bytes,    1221912 total
[2024-02-23T15:24:30.607+0000][7][gc,age      ] GC(121) - age   3:       1512 bytes,    1223424 total
[2024-02-23T15:24:30.607+0000][7][gc,age      ] GC(121) - age   4:        592 bytes,    1224016 total
[2024-02-23T15:24:30.607+0000][7][gc,age      ] GC(121) - age   5:        680 bytes,    1224696 total
[2024-02-23T15:24:30.607+0000][7][gc,age      ] GC(121) - age   6:         80 bytes,    1224776 total
[2024-02-23T15:24:30.607+0000][7][gc,age      ] GC(121) - age   7:         64 bytes,    1224840 total
[2024-02-23T15:24:30.607+0000][7][gc,age      ] GC(121) - age  11:       1288 bytes,    1226128 total
[2024-02-23T15:24:30.607+0000][7][gc,age      ] GC(121) - age  12:        808 bytes,    1226936 total
[2024-02-23T15:24:30.607+0000][7][gc,age      ] GC(121) - age  13:       9888 bytes,    1236824 total
[2024-02-23T15:24:30.607+0000][7][gc,age      ] GC(121) - age  14:      88568 bytes,    1325392 total
[2024-02-23T15:24:30.607+0000][7][gc,age      ] GC(121) - age  15:     107952 bytes,    1433344 total
[2024-02-23T15:24:30.607+0000][7][gc,heap     ] GC(121) Eden regions: 152->0(152)
[2024-02-23T15:24:30.607+0000][7][gc,heap     ] GC(121) Survivor regions: 1->1(20)
[2024-02-23T15:24:30.607+0000][7][gc,heap     ] GC(121) Old regions: 24->24
[2024-02-23T15:24:30.607+0000][7][gc,heap     ] GC(121) Archive regions: 2->2
[2024-02-23T15:24:30.607+0000][7][gc,heap     ] GC(121) Humongous regions: 0->0
[2024-02-23T15:24:30.607+0000][7][gc,metaspace] GC(121) Metaspace: 128584K(132224K)->128584K(132224K) NonClass: 111741K(113664K)->111741K(113664K) Class: 16842K(18560K)->16842K(18560K)
[2024-02-23T15:24:30.607+0000][7][gc          ] GC(121) Pause Young (Normal) (G1 Evacuation Pause) 707M->99M(1024M) 3.436ms
[2024-02-23T15:24:30.607+0000][7][gc,cpu      ] GC(121) User=0.02s Sys=0.00s Real=0.01s
[2024-02-23T15:24:30.607+0000][7][safepoint   ] Safepoint "G1CollectForAllocation", Time since last: 29977483691 ns, Reaching safepoint: 51904 ns, At safepoint: 3540947 ns, Total: 3592851 ns
[2024-02-23T15:26:33.621+0000][7][safepoint   ] Safepoint "Cleanup", Time since last: 123014341022 ns, Reaching safepoint: 158964 ns, At safepoint: 9163 ns, Total: 168127 ns
[2024-02-23T15:27:49.757+0000][7][gc,start    ] GC(122) Pause Young (Normal) (G1 Evacuation Pause)
[2024-02-23T15:27:49.757+0000][7][gc,task     ] GC(122) Using 8 workers of 8 for evacuation
[2024-02-23T15:27:49.757+0000][7][gc,age      ] GC(122) Desired survivor size 41943040 bytes, new threshold 15 (max threshold 15)
[2024-02-23T15:27:49.760+0000][7][gc,phases   ] GC(122)   Pre Evacuate Collection Set: 0.1ms
[2024-02-23T15:27:49.760+0000][7][gc,phases   ] GC(122)   Merge Heap Roots: 0.1ms
[2024-02-23T15:27:49.760+0000][7][gc,phases   ] GC(122)   Evacuate Collection Set: 1.6ms
[2024-02-23T15:27:49.760+0000][7][gc,phases   ] GC(122)   Post Evacuate Collection Set: 0.8ms
[2024-02-23T15:27:49.760+0000][7][gc,phases   ] GC(122)   Other: 0.1ms
[2024-02-23T15:27:49.760+0000][7][gc,age      ] GC(122) Age table with threshold 15 (max threshold 15)
[2024-02-23T15:27:49.760+0000][7][gc,age      ] GC(122) - age   1:    1226096 bytes,    1226096 total
[2024-02-23T15:27:49.760+0000][7][gc,age      ] GC(122) - age   2:     144672 bytes,    1370768 total
[2024-02-23T15:27:49.760+0000][7][gc,age      ] GC(122) - age   3:       8208 bytes,    1378976 total
[2024-02-23T15:27:49.760+0000][7][gc,age      ] GC(122) - age   4:        632 bytes,    1379608 total
[2024-02-23T15:27:49.760+0000][7][gc,age      ] GC(122) - age   5:        592 bytes,    1380200 total
[2024-02-23T15:27:49.760+0000][7][gc,age      ] GC(122) - age   6:        680 bytes,    1380880 total
[2024-02-23T15:27:49.760+0000][7][gc,age      ] GC(122) - age   7:         48 bytes,    1380928 total
[2024-02-23T15:27:49.760+0000][7][gc,age      ] GC(122) - age   8:         64 bytes,    1380992 total
[2024-02-23T15:27:49.760+0000][7][gc,age      ] GC(122) - age  12:       1288 bytes,    1382280 total
[2024-02-23T15:27:49.760+0000][7][gc,age      ] GC(122) - age  13:        624 bytes,    1382904 total
[2024-02-23T15:27:49.760+0000][7][gc,age      ] GC(122) - age  14:       9888 bytes,    1392792 total
[2024-02-23T15:27:49.760+0000][7][gc,age      ] GC(122) - age  15:      88568 bytes,    1481360 total
[2024-02-23T15:27:49.760+0000][7][gc,heap     ] GC(122) Eden regions: 152->0(152)
[2024-02-23T15:27:49.760+0000][7][gc,heap     ] GC(122) Survivor regions: 1->1(20)
[2024-02-23T15:27:49.760+0000][7][gc,heap     ] GC(122) Old regions: 24->24
[2024-02-23T15:27:49.760+0000][7][gc,heap     ] GC(122) Archive regions: 2->2
[2024-02-23T15:27:49.760+0000][7][gc,heap     ] GC(122) Humongous regions: 0->0
[2024-02-23T15:27:49.760+0000][7][gc,metaspace] GC(122) Metaspace: 128584K(132224K)->128584K(132224K) NonClass: 111741K(113664K)->111741K(113664K) Class: 16842K(18560K)->16842K(18560K)
[2024-02-23T15:27:49.760+0000][7][gc          ] GC(122) Pause Young (Normal) (G1 Evacuation Pause) 707M->99M(1024M) 3.050ms
[2024-02-23T15:27:49.760+0000][7][gc,cpu      ] GC(122) User=0.01s Sys=0.01s Real=0.00s
[2024-02-23T15:27:49.760+0000][7][safepoint   ] Safepoint "G1CollectForAllocation", Time since last: 76135727900 ns, Reaching safepoint: 43657 ns, At safepoint: 3148142 ns, Total: 3191799 ns
[2024-02-23T15:28:04.762+0000][7][safepoint   ] Safepoint "Cleanup", Time since last: 15001712588 ns, Reaching safepoint: 85399 ns, At safepoint: 6542 ns, Total: 91941 ns
[2024-02-23T15:29:39.773+0000][7][safepoint   ] Safepoint "Cleanup", Time since last: 95010715345 ns, Reaching safepoint: 60101 ns, At safepoint: 16253 ns, Total: 76354 ns
[2024-02-23T15:29:42.773+0000][7][safepoint   ] Safepoint "Cleanup", Time since last: 3000274722 ns, Reaching safepoint: 72832 ns, At safepoint: 5371 ns, Total: 78203 ns
[2024-02-23T15:29:43.774+0000][7][safepoint   ] Safepoint "Cleanup", Time since last: 1000168730 ns, Reaching safepoint: 88417 ns, At safepoint: 7650 ns, Total: 96067 ns
[2024-02-23T15:29:48.774+0000][7][safepoint   ] Safepoint "Cleanup", Time since last: 5000785643 ns, Reaching safepoint: 149947 ns, At safepoint: 8050 ns, Total: 157997 ns
[2024-02-23T15:29:54.776+0000][7][safepoint   ] Safepoint "Cleanup", Time since last: 6000931746 ns, Reaching safepoint: 117993 ns, At safepoint: 7946 ns, Total: 125939 ns
[2024-02-23T15:29:57.776+0000][7][safepoint   ] Safepoint "Cleanup", Time since last: 3000546856 ns, Reaching safepoint: 65621 ns, At safepoint: 8586 ns, Total: 74207 ns
[2024-02-23T15:30:03.777+0000][7][safepoint   ] Safepoint "Cleanup", Time since last: 6001088127 ns, Reaching safepoint: 114971 ns, At safepoint: 7420 ns, Total: 122391 ns
[2024-02-23T15:30:09.778+0000][7][safepoint   ] Safepoint "Cleanup", Time since last: 6000695345 ns, Reaching safepoint: 124463 ns, At safepoint: 19710 ns, Total: 144173 ns
[2024-02-23T15:30:12.779+0000][7][safepoint   ] Safepoint "Cleanup", Time since last: 3000630949 ns, Reaching safepoint: 89842 ns, At safepoint: 4651 ns, Total: 94493 ns
[2024-02-23T15:30:13.779+0000][7][safepoint   ] Safepoint "Cleanup", Time since last: 1000209127 ns, Reaching safepoint: 94359 ns, At safepoint: 11432 ns, Total: 105791 ns
[2024-02-23T15:30:15.780+0000][7][safepoint   ] Safepoint "Cleanup", Time since last: 2000335915 ns, Reaching safepoint: 92478 ns, At safepoint: 5189 ns, Total: 97667 ns
[2024-02-23T15:30:33.782+0000][7][safepoint   ] Safepoint "Cleanup", Time since last: 18002116620 ns, Reaching safepoint: 129934 ns, At safepoint: 9130 ns, Total: 139064 ns
[2024-02-23T15:31:00.786+0000][7][safepoint   ] Safepoint "Cleanup", Time since last: 27003828117 ns, Reaching safepoint: 117108 ns, At safepoint: 17118 ns, Total: 134226 ns
[2024-02-23T15:31:12.648+0000][7][gc,start    ] GC(123) Pause Young (Normal) (G1 Evacuation Pause)
[2024-02-23T15:31:12.648+0000][7][gc,task     ] GC(123) Using 8 workers of 8 for evacuation
[2024-02-23T15:31:12.648+0000][7][gc,age      ] GC(123) Desired survivor size 41943040 bytes, new threshold 15 (max threshold 15)
[2024-02-23T15:31:12.650+0000][7][gc,phases   ] GC(123)   Pre Evacuate Collection Set: 0.1ms
[2024-02-23T15:31:12.650+0000][7][gc,phases   ] GC(123)   Merge Heap Roots: 0.1ms
[2024-02-23T15:31:12.650+0000][7][gc,phases   ] GC(123)   Evacuate Collection Set: 1.5ms
[2024-02-23T15:31:12.650+0000][7][gc,phases   ] GC(123)   Post Evacuate Collection Set: 0.9ms
[2024-02-23T15:31:12.650+0000][7][gc,phases   ] GC(123)   Other: 0.1ms
[2024-02-23T15:31:12.650+0000][7][gc,age      ] GC(123) Age table with threshold 15 (max threshold 15)
[2024-02-23T15:31:12.651+0000][7][gc,age      ] GC(123) - age   1:    1351752 bytes,    1351752 total
[2024-02-23T15:31:12.651+0000][7][gc,age      ] GC(123) - age   2:       3664 bytes,    1355416 total
[2024-02-23T15:31:12.651+0000][7][gc,age      ] GC(123) - age   3:     143168 bytes,    1498584 total
[2024-02-23T15:31:12.651+0000][7][gc,age      ] GC(123) - age   4:       8016 bytes,    1506600 total
[2024-02-23T15:31:12.651+0000][7][gc,age      ] GC(123) - age   5:        632 bytes,    1507232 total
[2024-02-23T15:31:12.651+0000][7][gc,age      ] GC(123) - age   6:        592 bytes,    1507824 total
[2024-02-23T15:31:12.651+0000][7][gc,age      ] GC(123) - age   7:        296 bytes,    1508120 total
[2024-02-23T15:31:12.651+0000][7][gc,age      ] GC(123) - age   8:         48 bytes,    1508168 total
[2024-02-23T15:31:12.651+0000][7][gc,age      ] GC(123) - age   9:         64 bytes,    1508232 total
[2024-02-23T15:31:12.651+0000][7][gc,age      ] GC(123) - age  13:       1288 bytes,    1509520 total
[2024-02-23T15:31:12.651+0000][7][gc,age      ] GC(123) - age  14:        536 bytes,    1510056 total
[2024-02-23T15:31:12.651+0000][7][gc,age      ] GC(123) - age  15:       9888 bytes,    1519944 total
[2024-02-23T15:31:12.651+0000][7][gc,heap     ] GC(123) Eden regions: 152->0(152)
[2024-02-23T15:31:12.651+0000][7][gc,heap     ] GC(123) Survivor regions: 1->1(20)
[2024-02-23T15:31:12.651+0000][7][gc,heap     ] GC(123) Old regions: 24->24
[2024-02-23T15:31:12.651+0000][7][gc,heap     ] GC(123) Archive regions: 2->2
[2024-02-23T15:31:12.651+0000][7][gc,heap     ] GC(123) Humongous regions: 0->0
[2024-02-23T15:31:12.651+0000][7][gc,metaspace] GC(123) Metaspace: 128612K(132224K)->128612K(132224K) NonClass: 111766K(113664K)->111766K(113664K) Class: 16846K(18560K)->16846K(18560K)
[2024-02-23T15:31:12.651+0000][7][gc          ] GC(123) Pause Young (Normal) (G1 Evacuation Pause) 707M->99M(1024M) 3.119ms
[2024-02-23T15:31:12.651+0000][7][gc,cpu      ] GC(123) User=0.01s Sys=0.00s Real=0.00s
[2024-02-23T15:31:12.651+0000][7][safepoint   ] Safepoint "G1CollectForAllocation", Time since last: 11861538353 ns, Reaching safepoint: 68801 ns, At safepoint: 3223053 ns, Total: 3291854 ns
[2024-02-23T15:32:15.661+0000][7][safepoint   ] Safepoint "Cleanup", Time since last: 63009862927 ns, Reaching safepoint: 94824 ns, At safepoint: 8788 ns, Total: 103612 ns
[2024-02-23T15:32:31.663+0000][7][safepoint   ] Safepoint "Cleanup", Time since last: 16002190612 ns, Reaching safepoint: 83373 ns, At safepoint: 44463 ns, Total: 127836 ns
[2024-02-23T15:32:37.664+0000][7][safepoint   ] Safepoint "Cleanup", Time since last: 6000903043 ns, Reaching safepoint: 65459 ns, At safepoint: 41076 ns, Total: 106535 ns
[2024-02-23T15:32:48.666+0000][7][safepoint   ] Safepoint "Cleanup", Time since last: 11001480107 ns, Reaching safepoint: 91983 ns, At safepoint: 5018 ns, Total: 97001 ns
[2024-02-23T15:34:22.680+0000][7][safepoint   ] Safepoint "Cleanup", Time since last: 94014573148 ns, Reaching safepoint: 83956 ns, At safepoint: 11507 ns, Total: 95463 ns
[2024-02-23T15:34:30.650+0000][7][gc,start    ] GC(124) Pause Young (Normal) (G1 Evacuation Pause)
[2024-02-23T15:34:30.650+0000][7][gc,task     ] GC(124) Using 8 workers of 8 for evacuation
[2024-02-23T15:34:30.650+0000][7][gc,age      ] GC(124) Desired survivor size 41943040 bytes, new threshold 15 (max threshold 15)
[2024-02-23T15:34:30.653+0000][7][gc,phases   ] GC(124)   Pre Evacuate Collection Set: 0.1ms
[2024-02-23T15:34:30.653+0000][7][gc,phases   ] GC(124)   Merge Heap Roots: 0.1ms
[2024-02-23T15:34:30.653+0000][7][gc,phases   ] GC(124)   Evacuate Collection Set: 1.7ms
[2024-02-23T15:34:30.653+0000][7][gc,phases   ] GC(124)   Post Evacuate Collection Set: 0.9ms
[2024-02-23T15:34:30.653+0000][7][gc,phases   ] GC(124)   Other: 0.1ms
[2024-02-23T15:34:30.653+0000][7][gc,age      ] GC(124) Age table with threshold 15 (max threshold 15)
[2024-02-23T15:34:30.653+0000][7][gc,age      ] GC(124) - age   1:    1302224 bytes,    1302224 total
[2024-02-23T15:34:30.653+0000][7][gc,age      ] GC(124) - age   2:       8808 bytes,    1311032 total
[2024-02-23T15:34:30.653+0000][7][gc,age      ] GC(124) - age   3:        936 bytes,    1311968 total
[2024-02-23T15:34:30.653+0000][7][gc,age      ] GC(124) - age   4:     139144 bytes,    1451112 total
[2024-02-23T15:34:30.653+0000][7][gc,age      ] GC(124) - age   5:       8016 bytes,    1459128 total
[2024-02-23T15:34:30.653+0000][7][gc,age      ] GC(124) - age   6:        240 bytes,    1459368 total
[2024-02-23T15:34:30.653+0000][7][gc,age      ] GC(124) - age   7:        592 bytes,    1459960 total
[2024-02-23T15:34:30.653+0000][7][gc,age      ] GC(124) - age   8:        296 bytes,    1460256 total
[2024-02-23T15:34:30.653+0000][7][gc,age      ] GC(124) - age   9:         48 bytes,    1460304 total
[2024-02-23T15:34:30.653+0000][7][gc,age      ] GC(124) - age  10:         64 bytes,    1460368 total
[2024-02-23T15:34:30.653+0000][7][gc,age      ] GC(124) - age  14:       1288 bytes,    1461656 total
[2024-02-23T15:34:30.653+0000][7][gc,age      ] GC(124) - age  15:        536 bytes,    1462192 total
[2024-02-23T15:34:30.653+0000][7][gc,heap     ] GC(124) Eden regions: 152->0(152)
[2024-02-23T15:34:30.653+0000][7][gc,heap     ] GC(124) Survivor regions: 1->1(20)
[2024-02-23T15:34:30.653+0000][7][gc,heap     ] GC(124) Old regions: 24->24
[2024-02-23T15:34:30.653+0000][7][gc,heap     ] GC(124) Archive regions: 2->2
[2024-02-23T15:34:30.653+0000][7][gc,heap     ] GC(124) Humongous regions: 0->0
[2024-02-23T15:34:30.653+0000][7][gc,metaspace] GC(124) Metaspace: 128626K(132288K)->128626K(132288K) NonClass: 111779K(113728K)->111779K(113728K) Class: 16846K(18560K)->16846K(18560K)
[2024-02-23T15:34:30.653+0000][7][gc          ] GC(124) Pause Young (Normal) (G1 Evacuation Pause) 707M->99M(1024M) 3.207ms
[2024-02-23T15:34:30.653+0000][7][gc,cpu      ] GC(124) User=0.02s Sys=0.01s Real=0.01s
[2024-02-23T15:34:30.653+0000][7][safepoint   ] Safepoint "G1CollectForAllocation", Time since last: 7969761146 ns, Reaching safepoint: 70532 ns, At safepoint: 3312184 ns, Total: 3382716 ns
[2024-02-23T15:35:08.659+0000][7][safepoint   ] Safepoint "Cleanup", Time since last: 38004961251 ns, Reaching safepoint: 87192 ns, At safepoint: 44531 ns, Total: 131723 ns
[2024-02-23T15:35:12.659+0000][7][safepoint   ] Safepoint "Cleanup", Time since last: 4000611693 ns, Reaching safepoint: 148056 ns, At safepoint: 11919 ns, Total: 159975 ns
[2024-02-23T15:35:13.660+0000][7][safepoint   ] Safepoint "Cleanup", Time since last: 1000250541 ns, Reaching safepoint: 91022 ns, At safepoint: 12425 ns, Total: 103447 ns
[2024-02-23T15:35:30.662+0000][7][safepoint   ] Safepoint "Cleanup", Time since last: 17002420862 ns, Reaching safepoint: 133442 ns, At safepoint: 32251 ns, Total: 165693 ns
[2024-02-23T15:35:33.663+0000][7][safepoint   ] Safepoint "Cleanup", Time since last: 3000528939 ns, Reaching safepoint: 103435 ns, At safepoint: 8055 ns, Total: 111490 ns
[2024-02-23T15:36:33.672+0000][7][safepoint   ] Safepoint "Cleanup", Time since last: 60008500883 ns, Reaching safepoint: 132008 ns, At safepoint: 34612 ns, Total: 166620 ns
[2024-02-23T15:37:07.676+0000][7][safepoint   ] Safepoint "Cleanup", Time since last: 34004393295 ns, Reaching safepoint: 86309 ns, At safepoint: 46518 ns, Total: 132827 ns
[2024-02-23T15:37:54.663+0000][7][gc,start    ] GC(125) Pause Young (Normal) (G1 Evacuation Pause)
[2024-02-23T15:37:54.663+0000][7][gc,task     ] GC(125) Using 8 workers of 8 for evacuation
[2024-02-23T15:37:54.663+0000][7][gc,age      ] GC(125) Desired survivor size 41943040 bytes, new threshold 15 (max threshold 15)
[2024-02-23T15:37:54.666+0000][7][gc,phases   ] GC(125)   Pre Evacuate Collection Set: 0.1ms
[2024-02-23T15:37:54.666+0000][7][gc,phases   ] GC(125)   Merge Heap Roots: 0.1ms
[2024-02-23T15:37:54.666+0000][7][gc,phases   ] GC(125)   Evacuate Collection Set: 1.7ms
[2024-02-23T15:37:54.666+0000][7][gc,phases   ] GC(125)   Post Evacuate Collection Set: 0.9ms
[2024-02-23T15:37:54.666+0000][7][gc,phases   ] GC(125)   Other: 0.1ms
[2024-02-23T15:37:54.666+0000][7][gc,age      ] GC(125) Age table with threshold 15 (max threshold 15)
[2024-02-23T15:37:54.666+0000][7][gc,age      ] GC(125) - age   1:    1321840 bytes,    1321840 total
[2024-02-23T15:37:54.666+0000][7][gc,age      ] GC(125) - age   2:     109136 bytes,    1430976 total
[2024-02-23T15:37:54.666+0000][7][gc,age      ] GC(125) - age   3:       6888 bytes,    1437864 total
[2024-02-23T15:37:54.666+0000][7][gc,age      ] GC(125) - age   4:         64 bytes,    1437928 total
[2024-02-23T15:37:54.666+0000][7][gc,age      ] GC(125) - age   5:     138960 bytes,    1576888 total
[2024-02-23T15:37:54.666+0000][7][gc,age      ] GC(125) - age   6:       8016 bytes,    1584904 total
[2024-02-23T15:37:54.666+0000][7][gc,age      ] GC(125) - age   7:         24 bytes,    1584928 total
[2024-02-23T15:37:54.666+0000][7][gc,age      ] GC(125) - age   8:        592 bytes,    1585520 total
[2024-02-23T15:37:54.666+0000][7][gc,age      ] GC(125) - age   9:        264 bytes,    1585784 total
[2024-02-23T15:37:54.666+0000][7][gc,age      ] GC(125) - age  10:         48 bytes,    1585832 total
[2024-02-23T15:37:54.666+0000][7][gc,age      ] GC(125) - age  11:         64 bytes,    1585896 total
[2024-02-23T15:37:54.666+0000][7][gc,age      ] GC(125) - age  15:       1288 bytes,    1587184 total
[2024-02-23T15:37:54.666+0000][7][gc,heap     ] GC(125) Eden regions: 152->0(152)
[2024-02-23T15:37:54.666+0000][7][gc,heap     ] GC(125) Survivor regions: 1->1(20)
[2024-02-23T15:37:54.666+0000][7][gc,heap     ] GC(125) Old regions: 24->24
[2024-02-23T15:37:54.666+0000][7][gc,heap     ] GC(125) Archive regions: 2->2
[2024-02-23T15:37:54.666+0000][7][gc,heap     ] GC(125) Humongous regions: 0->0
[2024-02-23T15:37:54.666+0000][7][gc,metaspace] GC(125) Metaspace: 128628K(132288K)->128628K(132288K) NonClass: 111781K(113728K)->111781K(113728K) Class: 16846K(18560K)->16846K(18560K)
[2024-02-23T15:37:54.666+0000][7][gc          ] GC(125) Pause Young (Normal) (G1 Evacuation Pause) 707M->99M(1024M) 3.274ms
[2024-02-23T15:37:54.667+0000][7][gc,cpu      ] GC(125) User=0.02s Sys=0.00s Real=0.01s
[2024-02-23T15:37:54.667+0000][7][safepoint   ] Safepoint "G1CollectForAllocation", Time since last: 46987028829 ns, Reaching safepoint: 73146 ns, At safepoint: 3381596 ns, Total: 3454742 ns
[2024-02-23T15:38:00.668+0000][7][safepoint   ] Safepoint "Cleanup", Time since last: 6000869226 ns, Reaching safepoint: 142154 ns, At safepoint: 11248 ns, Total: 153402 ns
[2024-02-23T15:39:22.679+0000][7][safepoint   ] Safepoint "Cleanup", Time since last: 82011069925 ns, Reaching safepoint: 224518 ns, At safepoint: 17269 ns, Total: 241787 ns
[2024-02-23T15:40:33.689+0000][7][safepoint   ] Safepoint "Cleanup", Time since last: 71009917292 ns, Reaching safepoint: 143231 ns, At safepoint: 26739 ns, Total: 169970 ns
[2024-02-23T21:08:37.067+0000][7][safepoint   ] Safepoint "Cleanup", Time since last: 23988881893 ns, Reaching safepoint: 35281 ns, At safepoint: 6283 ns, Total: 41564 ns
[2024-02-23T21:08:38.068+0000][7][safepoint   ] Safepoint "Cleanup", Time since last: 1000229749 ns, Reaching safepoint: 180302 ns, At safepoint: 15999 ns, Total: 196301 ns
[2024-02-23T21:08:40.171+0000][7][gc,start    ] GC(126) Pause Young (Normal) (G1 Evacuation Pause)
[2024-02-23T21:08:40.171+0000][7][gc,task     ] GC(126) Using 8 workers of 8 for evacuation
[2024-02-23T21:08:40.171+0000][7][gc,age      ] GC(126) Desired survivor size 41943040 bytes, new threshold 15 (max threshold 15)
[2024-02-23T21:08:40.176+0000][7][gc,phases   ] GC(126)   Pre Evacuate Collection Set: 0.2ms
[2024-02-23T21:08:40.176+0000][7][gc,phases   ] GC(126)   Merge Heap Roots: 0.3ms
[2024-02-23T21:08:40.176+0000][7][gc,phases   ] GC(126)   Evacuate Collection Set: 3.4ms
[2024-02-23T21:08:40.176+0000][7][gc,phases   ] GC(126)   Post Evacuate Collection Set: 0.9ms
[2024-02-23T21:08:40.176+0000][7][gc,phases   ] GC(126)   Other: 0.2ms
[2024-02-23T21:08:40.176+0000][7][gc,age      ] GC(126) Age table with threshold 15 (max threshold 15)
[2024-02-23T21:08:40.176+0000][7][gc,age      ] GC(126) - age   1:    1913840 bytes,    1913840 total
[2024-02-23T21:08:40.176+0000][7][gc,age      ] GC(126) - age   2:      29296 bytes,    1943136 total
[2024-02-23T21:08:40.176+0000][7][gc,age      ] GC(126) - age   3:     105864 bytes,    2049000 total
[2024-02-23T21:08:40.176+0000][7][gc,age      ] GC(126) - age   4:       6568 bytes,    2055568 total
[2024-02-23T21:08:40.176+0000][7][gc,age      ] GC(126) - age   6:     138536 bytes,    2194104 total
[2024-02-23T21:08:40.176+0000][7][gc,age      ] GC(126) - age   8:         24 bytes,    2194128 total
[2024-02-23T21:08:40.176+0000][7][gc,age      ] GC(126) - age   9:        408 bytes,    2194536 total
[2024-02-23T21:08:40.176+0000][7][gc,age      ] GC(126) - age  10:        264 bytes,    2194800 total
[2024-02-23T21:08:40.176+0000][7][gc,age      ] GC(126) - age  11:         48 bytes,    2194848 total
[2024-02-23T21:08:40.176+0000][7][gc,age      ] GC(126) - age  12:         64 bytes,    2194912 total
[2024-02-23T21:08:40.176+0000][7][gc,heap     ] GC(126) Eden regions: 152->0(152)
[2024-02-23T21:08:40.176+0000][7][gc,heap     ] GC(126) Survivor regions: 1->1(20)
[2024-02-23T21:08:40.176+0000][7][gc,heap     ] GC(126) Old regions: 24->24
[2024-02-23T21:08:40.176+0000][7][gc,heap     ] GC(126) Archive regions: 2->2
[2024-02-23T21:08:40.176+0000][7][gc,heap     ] GC(126) Humongous regions: 0->0
[2024-02-23T21:08:40.176+0000][7][gc,metaspace] GC(126) Metaspace: 128632K(132288K)->128632K(132288K) NonClass: 111785K(113728K)->111785K(113728K) Class: 16847K(18560K)->16847K(18560K)
[2024-02-23T21:08:40.176+0000][7][gc          ] GC(126) Pause Young (Normal) (G1 Evacuation Pause) 707M->100M(1024M) 5.274ms
[2024-02-23T21:08:40.176+0000][7][gc,cpu      ] GC(126) User=0.02s Sys=0.00s Real=0.01s
[2024-02-23T21:08:40.177+0000][7][safepoint   ] Safepoint "G1CollectForAllocation", Time since last: 2103504656 ns, Reaching safepoint: 80044 ns, At safepoint: 5385415 ns, Total: 5465459 ns
[2024-02-23T21:08:46.178+0000][7][safepoint   ] Safepoint "Cleanup", Time since last: 6000940138 ns, Reaching safepoint: 125766 ns, At safepoint: 7454 ns, Total: 133220 ns
[2024-02-23T21:08:47.178+0000][7][safepoint   ] Safepoint "Cleanup", Time since last: 1000225425 ns, Reaching safepoint: 95534 ns, At safepoint: 8956 ns, Total: 104490 ns
[2024-02-23T21:08:49.178+0000][7][safepoint   ] Safepoint "Cleanup", Time since last: 2000347920 ns, Reaching safepoint: 116312 ns, At safepoint: 24871 ns, Total: 141183 ns
[2024-02-23T21:13:25.133+0000][7][safepoint   ] Safepoint "Cleanup", Time since last: 24604382220 ns, Reaching safepoint: 106549 ns, At safepoint: 11350 ns, Total: 117899 ns
[2024-02-23T21:13:40.135+0000][7][safepoint   ] Safepoint "Cleanup", Time since last: 15001395384 ns, Reaching safepoint: 122524 ns, At safepoint: 36098 ns, Total: 158622 ns
[2024-02-23T21:13:58.137+0000][7][safepoint   ] Safepoint "Cleanup", Time since last: 18001976066 ns, Reaching safepoint: 138295 ns, At safepoint: 11243 ns, Total: 149538 ns
[2024-02-23T21:14:58.143+0000][7][safepoint   ] Safepoint "Cleanup", Time since last: 60006168777 ns, Reaching safepoint: 73028 ns, At safepoint: 51200 ns, Total: 124228 ns
[2024-02-23T21:16:09.482+0000][7][gc,start    ] GC(127) Pause Young (Normal) (G1 Evacuation Pause)
[2024-02-23T21:16:09.482+0000][7][gc,task     ] GC(127) Using 8 workers of 8 for evacuation
[2024-02-23T21:16:09.482+0000][7][gc,age      ] GC(127) Desired survivor size 41943040 bytes, new threshold 15 (max threshold 15)
[2024-02-23T21:16:09.484+0000][7][gc,phases   ] GC(127)   Pre Evacuate Collection Set: 0.1ms
[2024-02-23T21:16:09.484+0000][7][gc,phases   ] GC(127)   Merge Heap Roots: 0.1ms
[2024-02-23T21:16:09.484+0000][7][gc,phases   ] GC(127)   Evacuate Collection Set: 1.4ms
[2024-02-23T21:16:09.484+0000][7][gc,phases   ] GC(127)   Post Evacuate Collection Set: 0.7ms
[2024-02-23T21:16:09.484+0000][7][gc,phases   ] GC(127)   Other: 0.1ms
[2024-02-23T21:16:09.484+0000][7][gc,age      ] GC(127) Age table with threshold 15 (max threshold 15)
[2024-02-23T21:16:09.484+0000][7][gc,age      ] GC(127) - age   1:    1485720 bytes,    1485720 total
[2024-02-23T21:16:09.484+0000][7][gc,age      ] GC(127) - age   2:     359176 bytes,    1844896 total
[2024-02-23T21:16:09.484+0000][7][gc,age      ] GC(127) - age   3:      27792 bytes,    1872688 total
[2024-02-23T21:16:09.484+0000][7][gc,age      ] GC(127) - age   4:     101960 bytes,    1974648 total
[2024-02-23T21:16:09.484+0000][7][gc,age      ] GC(127) - age   5:       6568 bytes,    1981216 total
[2024-02-23T21:16:09.484+0000][7][gc,age      ] GC(127) - age   7:     138424 bytes,    2119640 total
[2024-02-23T21:16:09.484+0000][7][gc,age      ] GC(127) - age   9:         24 bytes,    2119664 total
[2024-02-23T21:16:09.484+0000][7][gc,age      ] GC(127) - age  10:        408 bytes,    2120072 total
[2024-02-23T21:16:09.484+0000][7][gc,age      ] GC(127) - age  11:        264 bytes,    2120336 total
[2024-02-23T21:16:09.484+0000][7][gc,age      ] GC(127) - age  12:         48 bytes,    2120384 total
[2024-02-23T21:16:09.484+0000][7][gc,age      ] GC(127) - age  13:         64 bytes,    2120448 total
[2024-02-23T21:16:09.484+0000][7][gc,heap     ] GC(127) Eden regions: 152->0(152)
[2024-02-23T21:16:09.484+0000][7][gc,heap     ] GC(127) Survivor regions: 1->1(20)
[2024-02-23T21:16:09.484+0000][7][gc,heap     ] GC(127) Old regions: 24->24
[2024-02-23T21:16:09.484+0000][7][gc,heap     ] GC(127) Archive regions: 2->2
[2024-02-23T21:16:09.484+0000][7][gc,heap     ] GC(127) Humongous regions: 0->0
[2024-02-23T21:16:09.484+0000][7][gc,metaspace] GC(127) Metaspace: 128632K(132288K)->128632K(132288K) NonClass: 111785K(113728K)->111785K(113728K) Class: 16847K(18560K)->16847K(18560K)
[2024-02-23T21:16:09.485+0000][7][gc          ] GC(127) Pause Young (Normal) (G1 Evacuation Pause) 708M->100M(1024M) 2.639ms
[2024-02-23T21:16:09.485+0000][7][gc,cpu      ] GC(127) User=0.01s Sys=0.00s Real=0.01s
[2024-02-23T21:16:09.485+0000][7][safepoint   ] Safepoint "G1CollectForAllocation", Time since last: 71338785124 ns, Reaching safepoint: 57768 ns, At safepoint: 2721974 ns, Total: 2779742 ns
[2024-02-23T21:16:21.487+0000][7][safepoint   ] Safepoint "Cleanup", Time since last: 12001924007 ns, Reaching safepoint: 125059 ns, At safepoint: 12029 ns, Total: 137088 ns
[2024-02-23T21:16:24.487+0000][7][safepoint   ] Safepoint "Cleanup", Time since last: 3000521080 ns, Reaching safepoint: 76946 ns, At safepoint: 12606 ns, Total: 89552 ns
[2024-02-23T21:17:25.497+0000][7][safepoint   ] Safepoint "Cleanup", Time since last: 61009651380 ns, Reaching safepoint: 74988 ns, At safepoint: 45083 ns, Total: 120071 ns
[2024-02-23T21:17:28.498+0000][7][safepoint   ] Safepoint "Cleanup", Time since last: 3000643054 ns, Reaching safepoint: 127739 ns, At safepoint: 7451 ns, Total: 135190 ns
[2024-02-23T21:19:22.015+0000][7][gc,start    ] GC(128) Pause Young (Normal) (G1 Evacuation Pause)
[2024-02-23T21:19:22.015+0000][7][gc,task     ] GC(128) Using 8 workers of 8 for evacuation
[2024-02-23T21:19:22.015+0000][7][gc,age      ] GC(128) Desired survivor size 41943040 bytes, new threshold 15 (max threshold 15)
[2024-02-23T21:19:22.018+0000][7][gc,phases   ] GC(128)   Pre Evacuate Collection Set: 0.1ms
[2024-02-23T21:19:22.018+0000][7][gc,phases   ] GC(128)   Merge Heap Roots: 0.1ms
[2024-02-23T21:19:22.018+0000][7][gc,phases   ] GC(128)   Evacuate Collection Set: 2.0ms
[2024-02-23T21:19:22.018+0000][7][gc,phases   ] GC(128)   Post Evacuate Collection Set: 1.0ms
[2024-02-23T21:19:22.018+0000][7][gc,phases   ] GC(128)   Other: 0.1ms
[2024-02-23T21:19:22.018+0000][7][gc,age      ] GC(128) Age table with threshold 15 (max threshold 15)
[2024-02-23T21:19:22.018+0000][7][gc,age      ] GC(128) - age   1:    2004760 bytes,    2004760 total
[2024-02-23T21:19:22.018+0000][7][gc,age      ] GC(128) - age   2:     145360 bytes,    2150120 total
[2024-02-23T21:19:22.018+0000][7][gc,age      ] GC(128) - age   3:     296264 bytes,    2446384 total
[2024-02-23T21:19:22.018+0000][7][gc,age      ] GC(128) - age   4:        776 bytes,    2447160 total
[2024-02-23T21:19:22.018+0000][7][gc,age      ] GC(128) - age   5:     101384 bytes,    2548544 total
[2024-02-23T21:19:22.018+0000][7][gc,age      ] GC(128) - age   6:       6136 bytes,    2554680 total
[2024-02-23T21:19:22.018+0000][7][gc,age      ] GC(128) - age   8:     138424 bytes,    2693104 total
[2024-02-23T21:19:22.018+0000][7][gc,age      ] GC(128) - age  10:         24 bytes,    2693128 total
[2024-02-23T21:19:22.018+0000][7][gc,age      ] GC(128) - age  11:        408 bytes,    2693536 total
[2024-02-23T21:19:22.018+0000][7][gc,age      ] GC(128) - age  12:        264 bytes,    2693800 total
[2024-02-23T21:19:22.018+0000][7][gc,age      ] GC(128) - age  13:         48 bytes,    2693848 total
[2024-02-23T21:19:22.018+0000][7][gc,age      ] GC(128) - age  14:         64 bytes,    2693912 total
[2024-02-23T21:19:22.018+0000][7][gc,heap     ] GC(128) Eden regions: 152->0(152)
[2024-02-23T21:19:22.018+0000][7][gc,heap     ] GC(128) Survivor regions: 1->1(20)
[2024-02-23T21:19:22.018+0000][7][gc,heap     ] GC(128) Old regions: 24->24
[2024-02-23T21:19:22.018+0000][7][gc,heap     ] GC(128) Archive regions: 2->2
[2024-02-23T21:19:22.018+0000][7][gc,heap     ] GC(128) Humongous regions: 0->0
[2024-02-23T21:19:22.018+0000][7][gc,metaspace] GC(128) Metaspace: 128633K(132288K)->128633K(132288K) NonClass: 111786K(113728K)->111786K(113728K) Class: 16847K(18560K)->16847K(18560K)
[2024-02-23T21:19:22.018+0000][7][gc          ] GC(128) Pause Young (Normal) (G1 Evacuation Pause) 708M->100M(1024M) 3.609ms
[2024-02-23T21:19:22.018+0000][7][gc,cpu      ] GC(128) User=0.01s Sys=0.00s Real=0.00s
[2024-02-23T21:19:22.018+0000][7][safepoint   ] Safepoint "G1CollectForAllocation", Time since last: 113516844097 ns, Reaching safepoint: 58442 ns, At safepoint: 3711744 ns, Total: 3770186 ns
[2024-02-23T21:20:52.033+0000][7][safepoint   ] Safepoint "Cleanup", Time since last: 90014297322 ns, Reaching safepoint: 118595 ns, At safepoint: 13133 ns, Total: 131728 ns
[2024-02-23T21:22:45.517+0000][7][gc,start    ] GC(129) Pause Young (Normal) (G1 Evacuation Pause)
[2024-02-23T21:22:45.517+0000][7][gc,task     ] GC(129) Using 8 workers of 8 for evacuation
[2024-02-23T21:22:45.517+0000][7][gc,age      ] GC(129) Desired survivor size 41943040 bytes, new threshold 15 (max threshold 15)
[2024-02-23T21:22:45.519+0000][7][gc,phases   ] GC(129)   Pre Evacuate Collection Set: 0.1ms
[2024-02-23T21:22:45.519+0000][7][gc,phases   ] GC(129)   Merge Heap Roots: 0.1ms
[2024-02-23T21:22:45.519+0000][7][gc,phases   ] GC(129)   Evacuate Collection Set: 1.6ms
[2024-02-23T21:22:45.519+0000][7][gc,phases   ] GC(129)   Post Evacuate Collection Set: 0.7ms
[2024-02-23T21:22:45.519+0000][7][gc,phases   ] GC(129)   Other: 0.1ms
[2024-02-23T21:22:45.519+0000][7][gc,age      ] GC(129) Age table with threshold 15 (max threshold 15)
[2024-02-23T21:22:45.519+0000][7][gc,age      ] GC(129) - age   1:    1641440 bytes,    1641440 total
[2024-02-23T21:22:45.519+0000][7][gc,age      ] GC(129) - age   2:     168736 bytes,    1810176 total
[2024-02-23T21:22:45.519+0000][7][gc,age      ] GC(129) - age   3:     143272 bytes,    1953448 total
[2024-02-23T21:22:45.519+0000][7][gc,age      ] GC(129) - age   4:     296264 bytes,    2249712 total
[2024-02-23T21:22:45.519+0000][7][gc,age      ] GC(129) - age   5:        776 bytes,    2250488 total
[2024-02-23T21:22:45.519+0000][7][gc,age      ] GC(129) - age   6:     101384 bytes,    2351872 total
[2024-02-23T21:22:45.519+0000][7][gc,age      ] GC(129) - age   7:       5752 bytes,    2357624 total
[2024-02-23T21:22:45.519+0000][7][gc,age      ] GC(129) - age   9:     138424 bytes,    2496048 total
[2024-02-23T21:22:45.519+0000][7][gc,age      ] GC(129) - age  11:         24 bytes,    2496072 total
[2024-02-23T21:22:45.519+0000][7][gc,age      ] GC(129) - age  12:        408 bytes,    2496480 total
[2024-02-23T21:22:45.519+0000][7][gc,age      ] GC(129) - age  13:        264 bytes,    2496744 total
[2024-02-23T21:22:45.519+0000][7][gc,age      ] GC(129) - age  14:         48 bytes,    2496792 total
[2024-02-23T21:22:45.519+0000][7][gc,age      ] GC(129) - age  15:         64 bytes,    2496856 total
[2024-02-23T21:22:45.520+0000][7][gc,heap     ] GC(129) Eden regions: 152->0(152)
[2024-02-23T21:22:45.520+0000][7][gc,heap     ] GC(129) Survivor regions: 1->1(20)
[2024-02-23T21:22:45.520+0000][7][gc,heap     ] GC(129) Old regions: 24->24
[2024-02-23T21:22:45.520+0000][7][gc,heap     ] GC(129) Archive regions: 2->2
[2024-02-23T21:22:45.520+0000][7][gc,heap     ] GC(129) Humongous regions: 0->0
[2024-02-23T21:22:45.520+0000][7][gc,metaspace] GC(129) Metaspace: 128633K(132288K)->128633K(132288K) NonClass: 111786K(113728K)->111786K(113728K) Class: 16847K(18560K)->16847K(18560K)
[2024-02-23T21:22:45.520+0000][7][gc          ] GC(129) Pause Young (Normal) (G1 Evacuation Pause) 708M->100M(1024M) 2.939ms
[2024-02-23T21:22:45.520+0000][7][gc,cpu      ] GC(129) User=0.01s Sys=0.01s Real=0.00s
[2024-02-23T21:22:45.520+0000][7][safepoint   ] Safepoint "G1CollectForAllocation", Time since last: 113483682983 ns, Reaching safepoint: 94463 ns, At safepoint: 3031607 ns, Total: 3126070 ns
[2024-02-23T21:24:24.533+0000][7][safepoint   ] Safepoint "Cleanup", Time since last: 99012791685 ns, Reaching safepoint: 274082 ns, At safepoint: 26251 ns, Total: 300333 ns
[2024-02-23T21:25:19.540+0000][7][safepoint   ] Safepoint "Cleanup", Time since last: 55007170123 ns, Reaching safepoint: 185667 ns, At safepoint: 54392 ns, Total: 240059 ns
[2024-02-23T21:26:03.977+0000][7][gc,start    ] GC(130) Pause Young (Normal) (G1 Evacuation Pause)
[2024-02-23T21:26:03.977+0000][7][gc,task     ] GC(130) Using 8 workers of 8 for evacuation
[2024-02-23T21:26:03.977+0000][7][gc,age      ] GC(130) Desired survivor size 41943040 bytes, new threshold 15 (max threshold 15)
[2024-02-23T21:26:03.980+0000][7][gc,phases   ] GC(130)   Pre Evacuate Collection Set: 0.1ms
[2024-02-23T21:26:03.980+0000][7][gc,phases   ] GC(130)   Merge Heap Roots: 0.1ms
[2024-02-23T21:26:03.980+0000][7][gc,phases   ] GC(130)   Evacuate Collection Set: 1.7ms
[2024-02-23T21:26:03.980+0000][7][gc,phases   ] GC(130)   Post Evacuate Collection Set: 0.6ms
[2024-02-23T21:26:03.980+0000][7][gc,phases   ] GC(130)   Other: 0.1ms
[2024-02-23T21:26:03.980+0000][7][gc,age      ] GC(130) Age table with threshold 15 (max threshold 15)
[2024-02-23T21:26:03.980+0000][7][gc,age      ] GC(130) - age   1:    1847952 bytes,    1847952 total
[2024-02-23T21:26:03.980+0000][7][gc,age      ] GC(130) - age   2:      47560 bytes,    1895512 total
[2024-02-23T21:26:03.980+0000][7][gc,age      ] GC(130) - age   3:     165288 bytes,    2060800 total
[2024-02-23T21:26:03.980+0000][7][gc,age      ] GC(130) - age   4:     131512 bytes,    2192312 total
[2024-02-23T21:26:03.980+0000][7][gc,age      ] GC(130) - age   5:     296240 bytes,    2488552 total
[2024-02-23T21:26:03.980+0000][7][gc,age      ] GC(130) - age   6:        560 bytes,    2489112 total
[2024-02-23T21:26:03.980+0000][7][gc,age      ] GC(130) - age   7:     101384 bytes,    2590496 total
[2024-02-23T21:26:03.980+0000][7][gc,age      ] GC(130) - age   8:       5568 bytes,    2596064 total
[2024-02-23T21:26:03.980+0000][7][gc,age      ] GC(130) - age  10:     138424 bytes,    2734488 total
[2024-02-23T21:26:03.980+0000][7][gc,age      ] GC(130) - age  12:         24 bytes,    2734512 total
[2024-02-23T21:26:03.980+0000][7][gc,age      ] GC(130) - age  13:        408 bytes,    2734920 total
[2024-02-23T21:26:03.980+0000][7][gc,age      ] GC(130) - age  14:        264 bytes,    2735184 total
[2024-02-23T21:26:03.980+0000][7][gc,age      ] GC(130) - age  15:         48 bytes,    2735232 total
[2024-02-23T21:26:03.980+0000][7][gc,heap     ] GC(130) Eden regions: 152->0(152)
[2024-02-23T21:26:03.980+0000][7][gc,heap     ] GC(130) Survivor regions: 1->1(20)
[2024-02-23T21:26:03.980+0000][7][gc,heap     ] GC(130) Old regions: 24->24
[2024-02-23T21:26:03.980+0000][7][gc,heap     ] GC(130) Archive regions: 2->2
[2024-02-23T21:26:03.980+0000][7][gc,heap     ] GC(130) Humongous regions: 0->0
[2024-02-23T21:26:03.980+0000][7][gc,metaspace] GC(130) Metaspace: 128658K(132288K)->128658K(132288K) NonClass: 111811K(113728K)->111811K(113728K) Class: 16847K(18560K)->16847K(18560K)
[2024-02-23T21:26:03.980+0000][7][gc          ] GC(130) Pause Young (Normal) (G1 Evacuation Pause) 708M->100M(1024M) 2.696ms
[2024-02-23T21:26:03.980+0000][7][gc,cpu      ] GC(130) User=0.01s Sys=0.00s Real=0.00s
[2024-02-23T21:26:03.980+0000][7][safepoint   ] Safepoint "G1CollectForAllocation", Time since last: 44436879116 ns, Reaching safepoint: 39050 ns, At safepoint: 2771148 ns, Total: 2810198 ns
[2024-02-23T21:26:24.983+0000][7][safepoint   ] Safepoint "Cleanup", Time since last: 21002538066 ns, Reaching safepoint: 135825 ns, At safepoint: 10411 ns, Total: 146236 ns
[2024-02-23T21:26:55.987+0000][7][safepoint   ] Safepoint "Cleanup", Time since last: 31004784677 ns, Reaching safepoint: 85198 ns, At safepoint: 45464 ns, Total: 130662 ns
[2024-02-23T21:27:24.992+0000][7][safepoint   ] Safepoint "Cleanup", Time since last: 29004065875 ns, Reaching safepoint: 114314 ns, At safepoint: 20415 ns, Total: 134729 ns
[2024-02-23T21:29:25.005+0000][7][safepoint   ] Safepoint "Cleanup", Time since last: 120012929455 ns, Reaching safepoint: 89522 ns, At safepoint: 10857 ns, Total: 100379 ns
[2024-02-23T21:29:28.387+0000][7][gc,start    ] GC(131) Pause Young (Normal) (G1 Evacuation Pause)
[2024-02-23T21:29:28.387+0000][7][gc,task     ] GC(131) Using 8 workers of 8 for evacuation
[2024-02-23T21:29:28.387+0000][7][gc,age      ] GC(131) Desired survivor size 41943040 bytes, new threshold 15 (max threshold 15)
[2024-02-23T21:29:28.391+0000][7][gc,phases   ] GC(131)   Pre Evacuate Collection Set: 0.1ms
[2024-02-23T21:29:28.391+0000][7][gc,phases   ] GC(131)   Merge Heap Roots: 0.1ms
[2024-02-23T21:29:28.391+0000][7][gc,phases   ] GC(131)   Evacuate Collection Set: 1.9ms
[2024-02-23T21:29:28.391+0000][7][gc,phases   ] GC(131)   Post Evacuate Collection Set: 1.0ms
[2024-02-23T21:29:28.391+0000][7][gc,phases   ] GC(131)   Other: 0.1ms
[2024-02-23T21:29:28.391+0000][7][gc,age      ] GC(131) Age table with threshold 15 (max threshold 15)
[2024-02-23T21:29:28.391+0000][7][gc,age      ] GC(131) - age   1:    1654568 bytes,    1654568 total
[2024-02-23T21:29:28.391+0000][7][gc,age      ] GC(131) - age   2:      25832 bytes,    1680400 total
[2024-02-23T21:29:28.391+0000][7][gc,age      ] GC(131) - age   3:      45904 bytes,    1726304 total
[2024-02-23T21:29:28.391+0000][7][gc,age      ] GC(131) - age   4:     165104 bytes,    1891408 total
[2024-02-23T21:29:28.391+0000][7][gc,age      ] GC(131) - age   5:     131512 bytes,    2022920 total
[2024-02-23T21:29:28.391+0000][7][gc,age      ] GC(131) - age   6:     271656 bytes,    2294576 total
[2024-02-23T21:29:28.391+0000][7][gc,age      ] GC(131) - age   7:        560 bytes,    2295136 total
[2024-02-23T21:29:28.391+0000][7][gc,age      ] GC(131) - age   8:     101384 bytes,    2396520 total
[2024-02-23T21:29:28.391+0000][7][gc,age      ] GC(131) - age   9:       5568 bytes,    2402088 total
[2024-02-23T21:29:28.391+0000][7][gc,age      ] GC(131) - age  11:     138424 bytes,    2540512 total
[2024-02-23T21:29:28.391+0000][7][gc,age      ] GC(131) - age  13:         24 bytes,    2540536 total
[2024-02-23T21:29:28.391+0000][7][gc,age      ] GC(131) - age  14:        408 bytes,    2540944 total
[2024-02-23T21:29:28.391+0000][7][gc,age      ] GC(131) - age  15:        264 bytes,    2541208 total
[2024-02-23T21:29:28.391+0000][7][gc,heap     ] GC(131) Eden regions: 152->0(152)
[2024-02-23T21:29:28.391+0000][7][gc,heap     ] GC(131) Survivor regions: 1->1(20)
[2024-02-23T21:29:28.391+0000][7][gc,heap     ] GC(131) Old regions: 24->24
[2024-02-23T21:29:28.391+0000][7][gc,heap     ] GC(131) Archive regions: 2->2
[2024-02-23T21:29:28.391+0000][7][gc,heap     ] GC(131) Humongous regions: 0->0
[2024-02-23T21:29:28.391+0000][7][gc,metaspace] GC(131) Metaspace: 128669K(132288K)->128669K(132288K) NonClass: 111822K(113728K)->111822K(113728K) Class: 16847K(18560K)->16847K(18560K)
[2024-02-23T21:29:28.391+0000][7][gc          ] GC(131) Pause Young (Normal) (G1 Evacuation Pause) 708M->100M(1024M) 3.656ms
[2024-02-23T21:29:28.391+0000][7][gc,cpu      ] GC(131) User=0.02s Sys=0.00s Real=0.00s
[2024-02-23T21:29:28.391+0000][7][safepoint   ] Safepoint "G1CollectForAllocation", Time since last: 3382209223 ns, Reaching safepoint: 137391 ns, At safepoint: 3843299 ns, Total: 3980690 ns
[2024-02-23T21:29:49.394+0000][7][safepoint   ] Safepoint "Cleanup", Time since last: 21002665484 ns, Reaching safepoint: 87128 ns, At safepoint: 41306 ns, Total: 128434 ns
[2024-02-23T21:31:04.402+0000][7][safepoint   ] Safepoint "Cleanup", Time since last: 75008338715 ns, Reaching safepoint: 103084 ns, At safepoint: 9863 ns, Total: 112947 ns
[2024-02-23T21:32:51.548+0000][7][gc,start    ] GC(132) Pause Young (Normal) (G1 Evacuation Pause)
[2024-02-23T21:32:51.548+0000][7][gc,task     ] GC(132) Using 8 workers of 8 for evacuation
[2024-02-23T21:32:51.548+0000][7][gc,age      ] GC(132) Desired survivor size 41943040 bytes, new threshold 15 (max threshold 15)
[2024-02-23T21:32:51.552+0000][7][gc,phases   ] GC(132)   Pre Evacuate Collection Set: 0.1ms
[2024-02-23T21:32:51.552+0000][7][gc,phases   ] GC(132)   Merge Heap Roots: 0.1ms
[2024-02-23T21:32:51.552+0000][7][gc,phases   ] GC(132)   Evacuate Collection Set: 2.3ms
[2024-02-23T21:32:51.552+0000][7][gc,phases   ] GC(132)   Post Evacuate Collection Set: 0.9ms
[2024-02-23T21:32:51.552+0000][7][gc,phases   ] GC(132)   Other: 0.1ms
[2024-02-23T21:32:51.552+0000][7][gc,age      ] GC(132) Age table with threshold 15 (max threshold 15)
[2024-02-23T21:32:51.552+0000][7][gc,age      ] GC(132) - age   1:    2093168 bytes,    2093168 total
[2024-02-23T21:32:51.552+0000][7][gc,age      ] GC(132) - age   2:       2752 bytes,    2095920 total
[2024-02-23T21:32:51.552+0000][7][gc,age      ] GC(132) - age   3:      24048 bytes,    2119968 total
[2024-02-23T21:32:51.552+0000][7][gc,age      ] GC(132) - age   4:      45608 bytes,    2165576 total
[2024-02-23T21:32:51.552+0000][7][gc,age      ] GC(132) - age   5:     165104 bytes,    2330680 total
[2024-02-23T21:32:51.552+0000][7][gc,age      ] GC(132) - age   6:     131512 bytes,    2462192 total
[2024-02-23T21:32:51.552+0000][7][gc,age      ] GC(132) - age   7:     271656 bytes,    2733848 total
[2024-02-23T21:32:51.552+0000][7][gc,age      ] GC(132) - age   8:        560 bytes,    2734408 total
[2024-02-23T21:32:51.552+0000][7][gc,age      ] GC(132) - age   9:     101384 bytes,    2835792 total
[2024-02-23T21:32:51.552+0000][7][gc,age      ] GC(132) - age  10:       5568 bytes,    2841360 total
[2024-02-23T21:32:51.552+0000][7][gc,age      ] GC(132) - age  12:     138424 bytes,    2979784 total
[2024-02-23T21:32:51.552+0000][7][gc,age      ] GC(132) - age  14:         24 bytes,    2979808 total
[2024-02-23T21:32:51.552+0000][7][gc,age      ] GC(132) - age  15:        408 bytes,    2980216 total
[2024-02-23T21:32:51.552+0000][7][gc,heap     ] GC(132) Eden regions: 152->0(152)
[2024-02-23T21:32:51.552+0000][7][gc,heap     ] GC(132) Survivor regions: 1->1(20)
[2024-02-23T21:32:51.552+0000][7][gc,heap     ] GC(132) Old regions: 24->24
[2024-02-23T21:32:51.552+0000][7][gc,heap     ] GC(132) Archive regions: 2->2
[2024-02-23T21:32:51.552+0000][7][gc,heap     ] GC(132) Humongous regions: 0->0
[2024-02-23T21:32:51.552+0000][7][gc,metaspace] GC(132) Metaspace: 128671K(132288K)->128671K(132288K) NonClass: 111824K(113728K)->111824K(113728K) Class: 16847K(18560K)->16847K(18560K)
[2024-02-23T21:32:51.552+0000][7][gc          ] GC(132) Pause Young (Normal) (G1 Evacuation Pause) 708M->100M(1024M) 3.856ms
[2024-02-23T21:32:51.552+0000][7][gc,cpu      ] GC(132) User=0.02s Sys=0.00s Real=0.00s
[2024-02-23T21:32:51.552+0000][7][safepoint   ] Safepoint "G1CollectForAllocation", Time since last: 107145934254 ns, Reaching safepoint: 123514 ns, At safepoint: 3966012 ns, Total: 4089526 ns
[2024-02-23T21:33:17.556+0000][7][safepoint   ] Safepoint "Cleanup", Time since last: 26003637133 ns, Reaching safepoint: 116346 ns, At safepoint: 15919 ns, Total: 132265 ns
[2024-02-23T21:36:09.554+0000][7][gc,start    ] GC(133) Pause Young (Normal) (G1 Evacuation Pause)
[2024-02-23T21:36:09.555+0000][7][gc,task     ] GC(133) Using 8 workers of 8 for evacuation
[2024-02-23T21:36:09.555+0000][7][gc,age      ] GC(133) Desired survivor size 41943040 bytes, new threshold 15 (max threshold 15)
[2024-02-23T21:36:09.558+0000][7][gc,phases   ] GC(133)   Pre Evacuate Collection Set: 0.1ms
[2024-02-23T21:36:09.558+0000][7][gc,phases   ] GC(133)   Merge Heap Roots: 0.1ms
[2024-02-23T21:36:09.558+0000][7][gc,phases   ] GC(133)   Evacuate Collection Set: 2.0ms
[2024-02-23T21:36:09.558+0000][7][gc,phases   ] GC(133)   Post Evacuate Collection Set: 0.9ms
[2024-02-23T21:36:09.558+0000][7][gc,phases   ] GC(133)   Other: 0.1ms
[2024-02-23T21:36:09.558+0000][7][gc,age      ] GC(133) Age table with threshold 15 (max threshold 15)
[2024-02-23T21:36:09.558+0000][7][gc,age      ] GC(133) - age   1:    2150968 bytes,    2150968 total
[2024-02-23T21:36:09.558+0000][7][gc,age      ] GC(133) - age   2:       2400 bytes,    2153368 total
[2024-02-23T21:36:09.558+0000][7][gc,age      ] GC(133) - age   3:        504 bytes,    2153872 total
[2024-02-23T21:36:09.558+0000][7][gc,age      ] GC(133) - age   4:      19520 bytes,    2173392 total
[2024-02-23T21:36:09.558+0000][7][gc,age      ] GC(133) - age   5:      45608 bytes,    2219000 total
[2024-02-23T21:36:09.558+0000][7][gc,age      ] GC(133) - age   6:     164680 bytes,    2383680 total
[2024-02-23T21:36:09.558+0000][7][gc,age      ] GC(133) - age   7:     131512 bytes,    2515192 total
[2024-02-23T21:36:09.558+0000][7][gc,age      ] GC(133) - age   8:     271472 bytes,    2786664 total
[2024-02-23T21:36:09.558+0000][7][gc,age      ] GC(133) - age   9:        560 bytes,    2787224 total
[2024-02-23T21:36:09.558+0000][7][gc,age      ] GC(133) - age  10:     101384 bytes,    2888608 total
[2024-02-23T21:36:09.558+0000][7][gc,age      ] GC(133) - age  11:       5568 bytes,    2894176 total
[2024-02-23T21:36:09.558+0000][7][gc,age      ] GC(133) - age  13:     138424 bytes,    3032600 total
[2024-02-23T21:36:09.558+0000][7][gc,age      ] GC(133) - age  15:         24 bytes,    3032624 total
[2024-02-23T21:36:09.558+0000][7][gc,heap     ] GC(133) Eden regions: 152->0(152)
[2024-02-23T21:36:09.558+0000][7][gc,heap     ] GC(133) Survivor regions: 1->1(20)
[2024-02-23T21:36:09.558+0000][7][gc,heap     ] GC(133) Old regions: 24->24
[2024-02-23T21:36:09.558+0000][7][gc,heap     ] GC(133) Archive regions: 2->2
[2024-02-23T21:36:09.558+0000][7][gc,heap     ] GC(133) Humongous regions: 0->0
[2024-02-23T21:36:09.558+0000][7][gc,metaspace] GC(133) Metaspace: 128672K(132288K)->128672K(132288K) NonClass: 111825K(113728K)->111825K(113728K) Class: 16847K(18560K)->16847K(18560K)
[2024-02-23T21:36:09.558+0000][7][gc          ] GC(133) Pause Young (Normal) (G1 Evacuation Pause) 708M->101M(1024M) 3.422ms
[2024-02-23T21:36:09.558+0000][7][gc,cpu      ] GC(133) User=0.01s Sys=0.00s Real=0.00s
[2024-02-23T21:36:09.558+0000][7][safepoint   ] Safepoint "G1CollectForAllocation", Time since last: 171998413154 ns, Reaching safepoint: 134583 ns, At safepoint: 3518445 ns, Total: 3653028 ns
[2024-02-23T21:36:49.563+0000][7][safepoint   ] Safepoint "Cleanup", Time since last: 40004949688 ns, Reaching safepoint: 75811 ns, At safepoint: 40625 ns, Total: 116436 ns
[2024-02-23T21:38:58.575+0000][7][safepoint   ] Safepoint "Cleanup", Time since last: 129012187832 ns, Reaching safepoint: 99447 ns, At safepoint: 5199 ns, Total: 104646 ns
[2024-02-23T21:39:19.640+0000][7][gc,start    ] GC(134) Pause Young (Normal) (G1 Evacuation Pause)
[2024-02-23T21:39:19.641+0000][7][gc,task     ] GC(134) Using 8 workers of 8 for evacuation
[2024-02-23T21:39:19.641+0000][7][gc,age      ] GC(134) Desired survivor size 41943040 bytes, new threshold 15 (max threshold 15)
[2024-02-23T21:39:19.644+0000][7][gc,phases   ] GC(134)   Pre Evacuate Collection Set: 0.1ms
[2024-02-23T21:39:19.644+0000][7][gc,phases   ] GC(134)   Merge Heap Roots: 0.1ms
[2024-02-23T21:39:19.644+0000][7][gc,phases   ] GC(134)   Evacuate Collection Set: 1.8ms
[2024-02-23T21:39:19.644+0000][7][gc,phases   ] GC(134)   Post Evacuate Collection Set: 0.9ms
[2024-02-23T21:39:19.644+0000][7][gc,phases   ] GC(134)   Other: 0.1ms
[2024-02-23T21:39:19.644+0000][7][gc,age      ] GC(134) Age table with threshold 15 (max threshold 15)
[2024-02-23T21:39:19.644+0000][7][gc,age      ] GC(134) - age   1:    1550576 bytes,    1550576 total
[2024-02-23T21:39:19.644+0000][7][gc,age      ] GC(134) - age   2:       7608 bytes,    1558184 total
[2024-02-23T21:39:19.644+0000][7][gc,age      ] GC(134) - age   3:        192 bytes,    1558376 total
[2024-02-23T21:39:19.644+0000][7][gc,age      ] GC(134) - age   4:        184 bytes,    1558560 total
[2024-02-23T21:39:19.644+0000][7][gc,age      ] GC(134) - age   5:       9720 bytes,    1568280 total
[2024-02-23T21:39:19.644+0000][7][gc,age      ] GC(134) - age   6:        448 bytes,    1568728 total
[2024-02-23T21:39:19.644+0000][7][gc,age      ] GC(134) - age   7:      29200 bytes,    1597928 total
[2024-02-23T21:39:19.644+0000][7][gc,age      ] GC(134) - age   8:     131312 bytes,    1729240 total
[2024-02-23T21:39:19.644+0000][7][gc,age      ] GC(134) - age   9:     270496 bytes,    1999736 total
[2024-02-23T21:39:19.644+0000][7][gc,age      ] GC(134) - age  10:        376 bytes,    2000112 total
[2024-02-23T21:39:19.644+0000][7][gc,age      ] GC(134) - age  11:     100264 bytes,    2100376 total
[2024-02-23T21:39:19.644+0000][7][gc,age      ] GC(134) - age  12:       5568 bytes,    2105944 total
[2024-02-23T21:39:19.644+0000][7][gc,age      ] GC(134) - age  14:     138424 bytes,    2244368 total
[2024-02-23T21:39:19.644+0000][7][gc,heap     ] GC(134) Eden regions: 152->0(152)
[2024-02-23T21:39:19.644+0000][7][gc,heap     ] GC(134) Survivor regions: 1->1(20)
[2024-02-23T21:39:19.644+0000][7][gc,heap     ] GC(134) Old regions: 24->24
[2024-02-23T21:39:19.644+0000][7][gc,heap     ] GC(134) Archive regions: 2->2
[2024-02-23T21:39:19.644+0000][7][gc,heap     ] GC(134) Humongous regions: 0->0
[2024-02-23T21:39:19.644+0000][7][gc,metaspace] GC(134) Metaspace: 128694K(132288K)->128694K(132288K) NonClass: 111847K(113728K)->111847K(113728K) Class: 16847K(18560K)->16847K(18560K)
[2024-02-23T21:39:19.644+0000][7][gc          ] GC(134) Pause Young (Normal) (G1 Evacuation Pause) 709M->100M(1024M) 3.391ms
[2024-02-23T21:39:19.644+0000][7][gc,cpu      ] GC(134) User=0.02s Sys=0.00s Real=0.00s
[2024-02-23T21:39:19.644+0000][7][safepoint   ] Safepoint "G1CollectForAllocation", Time since last: 21065074770 ns, Reaching safepoint: 62325 ns, At safepoint: 3495068 ns, Total: 3557393 ns
[2024-02-23T21:41:45.660+0000][7][safepoint   ] Safepoint "Cleanup", Time since last: 146016013918 ns, Reaching safepoint: 114224 ns, At safepoint: 22455 ns, Total: 136679 ns
[2024-02-23T21:42:39.567+0000][7][gc,start    ] GC(135) Pause Young (Normal) (G1 Evacuation Pause)
[2024-02-23T21:42:39.567+0000][7][gc,task     ] GC(135) Using 8 workers of 8 for evacuation
[2024-02-23T21:42:39.567+0000][7][gc,age      ] GC(135) Desired survivor size 41943040 bytes, new threshold 15 (max threshold 15)
[2024-02-23T21:42:39.571+0000][7][gc,phases   ] GC(135)   Pre Evacuate Collection Set: 0.1ms
[2024-02-23T21:42:39.571+0000][7][gc,phases   ] GC(135)   Merge Heap Roots: 0.1ms
[2024-02-23T21:42:39.571+0000][7][gc,phases   ] GC(135)   Evacuate Collection Set: 2.4ms
[2024-02-23T21:42:39.571+0000][7][gc,phases   ] GC(135)   Post Evacuate Collection Set: 1.0ms
[2024-02-23T21:42:39.571+0000][7][gc,phases   ] GC(135)   Other: 0.1ms
[2024-02-23T21:42:39.571+0000][7][gc,age      ] GC(135) Age table with threshold 15 (max threshold 15)
[2024-02-23T21:42:39.571+0000][7][gc,age      ] GC(135) - age   1:    1465392 bytes,    1465392 total
[2024-02-23T21:42:39.571+0000][7][gc,age      ] GC(135) - age   2:     272656 bytes,    1738048 total
[2024-02-23T21:42:39.571+0000][7][gc,age      ] GC(135) - age   3:       5560 bytes,    1743608 total
[2024-02-23T21:42:39.571+0000][7][gc,age      ] GC(135) - age   6:       9720 bytes,    1753328 total
[2024-02-23T21:42:39.571+0000][7][gc,age      ] GC(135) - age   8:      29008 bytes,    1782336 total
[2024-02-23T21:42:39.571+0000][7][gc,age      ] GC(135) - age   9:     131312 bytes,    1913648 total
[2024-02-23T21:42:39.571+0000][7][gc,age      ] GC(135) - age  10:     267296 bytes,    2180944 total
[2024-02-23T21:42:39.571+0000][7][gc,age      ] GC(135) - age  11:        376 bytes,    2181320 total
[2024-02-23T21:42:39.571+0000][7][gc,age      ] GC(135) - age  12:     100264 bytes,    2281584 total
[2024-02-23T21:42:39.571+0000][7][gc,age      ] GC(135) - age  13:       5568 bytes,    2287152 total
[2024-02-23T21:42:39.571+0000][7][gc,age      ] GC(135) - age  15:     138424 bytes,    2425576 total
[2024-02-23T21:42:39.571+0000][7][gc,heap     ] GC(135) Eden regions: 152->0(152)
[2024-02-23T21:42:39.571+0000][7][gc,heap     ] GC(135) Survivor regions: 1->1(20)
[2024-02-23T21:42:39.571+0000][7][gc,heap     ] GC(135) Old regions: 24->24
[2024-02-23T21:42:39.571+0000][7][gc,heap     ] GC(135) Archive regions: 2->2
[2024-02-23T21:42:39.571+0000][7][gc,heap     ] GC(135) Humongous regions: 0->0
[2024-02-23T21:42:39.571+0000][7][gc,metaspace] GC(135) Metaspace: 128694K(132288K)->128694K(132288K) NonClass: 111847K(113728K)->111847K(113728K) Class: 16847K(18560K)->16847K(18560K)
[2024-02-23T21:42:39.571+0000][7][gc          ] GC(135) Pause Young (Normal) (G1 Evacuation Pause) 708M->100M(1024M) 4.161ms
[2024-02-23T21:42:39.571+0000][7][gc,cpu      ] GC(135) User=0.01s Sys=0.00s Real=0.00s
[2024-02-23T21:42:39.571+0000][7][safepoint   ] Safepoint "G1CollectForAllocation", Time since last: 53906968807 ns, Reaching safepoint: 84496 ns, At safepoint: 4333671 ns, Total: 4418167 ns
[2024-02-23T21:43:29.542+0000][7][safepoint   ] Safepoint "Cleanup", Time since last: 49005399033 ns, Reaching safepoint: 69469 ns, At safepoint: 42825 ns, Total: 112294 ns
[2024-02-23T21:43:46.545+0000][7][safepoint   ] Safepoint "Cleanup", Time since last: 17002456556 ns, Reaching safepoint: 137924 ns, At safepoint: 11144 ns, Total: 149068 ns
[2024-02-23T21:43:47.545+0000][7][safepoint   ] Safepoint "Cleanup", Time since last: 1000133699 ns, Reaching safepoint: 85529 ns, At safepoint: 10052 ns, Total: 95581 ns
[2024-02-23T21:45:53.560+0000][7][safepoint   ] Safepoint "Cleanup", Time since last: 126014531625 ns, Reaching safepoint: 66166 ns, At safepoint: 41626 ns, Total: 107792 ns
[2024-02-23T21:46:04.552+0000][7][gc,start    ] GC(136) Pause Young (Normal) (G1 Evacuation Pause)
[2024-02-23T21:46:04.553+0000][7][gc,task     ] GC(136) Using 8 workers of 8 for evacuation
[2024-02-23T21:46:04.553+0000][7][gc,age      ] GC(136) Desired survivor size 41943040 bytes, new threshold 15 (max threshold 15)
[2024-02-23T21:46:04.556+0000][7][gc,phases   ] GC(136)   Pre Evacuate Collection Set: 0.1ms
[2024-02-23T21:46:04.556+0000][7][gc,phases   ] GC(136)   Merge Heap Roots: 0.1ms
[2024-02-23T21:46:04.556+0000][7][gc,phases   ] GC(136)   Evacuate Collection Set: 1.8ms
[2024-02-23T21:46:04.556+0000][7][gc,phases   ] GC(136)   Post Evacuate Collection Set: 0.9ms
[2024-02-23T21:46:04.556+0000][7][gc,phases   ] GC(136)   Other: 0.1ms
[2024-02-23T21:46:04.556+0000][7][gc,age      ] GC(136) Age table with threshold 15 (max threshold 15)
[2024-02-23T21:46:04.556+0000][7][gc,age      ] GC(136) - age   1:    1269984 bytes,    1269984 total
[2024-02-23T21:46:04.556+0000][7][gc,age      ] GC(136) - age   2:       6024 bytes,    1276008 total
[2024-02-23T21:46:04.556+0000][7][gc,age      ] GC(136) - age   3:     179184 bytes,    1455192 total
[2024-02-23T21:46:04.556+0000][7][gc,age      ] GC(136) - age   4:       1136 bytes,    1456328 total
[2024-02-23T21:46:04.556+0000][7][gc,age      ] GC(136) - age   7:       9504 bytes,    1465832 total
[2024-02-23T21:46:04.556+0000][7][gc,age      ] GC(136) - age   9:        112 bytes,    1465944 total
[2024-02-23T21:46:04.556+0000][7][gc,age      ] GC(136) - age  10:     131312 bytes,    1597256 total
[2024-02-23T21:46:04.556+0000][7][gc,age      ] GC(136) - age  11:     267296 bytes,    1864552 total
[2024-02-23T21:46:04.556+0000][7][gc,age      ] GC(136) - age  12:        304 bytes,    1864856 total
[2024-02-23T21:46:04.556+0000][7][gc,age      ] GC(136) - age  13:     100264 bytes,    1965120 total
[2024-02-23T21:46:04.556+0000][7][gc,age      ] GC(136) - age  14:       5568 bytes,    1970688 total
[2024-02-23T21:46:04.556+0000][7][gc,heap     ] GC(136) Eden regions: 152->0(152)
[2024-02-23T21:46:04.556+0000][7][gc,heap     ] GC(136) Survivor regions: 1->1(20)
[2024-02-23T21:46:04.556+0000][7][gc,heap     ] GC(136) Old regions: 24->24
[2024-02-23T21:46:04.556+0000][7][gc,heap     ] GC(136) Archive regions: 2->2
[2024-02-23T21:46:04.556+0000][7][gc,heap     ] GC(136) Humongous regions: 0->0
[2024-02-23T21:46:04.556+0000][7][gc,metaspace] GC(136) Metaspace: 128696K(132288K)->128696K(132288K) NonClass: 111848K(113728K)->111848K(113728K) Class: 16847K(18560K)->16847K(18560K)
[2024-02-23T21:46:04.556+0000][7][gc          ] GC(136) Pause Young (Normal) (G1 Evacuation Pause) 708M->100M(1024M) 3.383ms
[2024-02-23T21:46:04.556+0000][7][gc,cpu      ] GC(136) User=0.02s Sys=0.00s Real=0.00s
[2024-02-23T21:46:04.556+0000][7][safepoint   ] Safepoint "G1CollectForAllocation", Time since last: 10992638840 ns, Reaching safepoint: 95464 ns, At safepoint: 3484027 ns, Total: 3579491 ns
[2024-02-23T21:47:19.563+0000][7][safepoint   ] Safepoint "Cleanup", Time since last: 75007121662 ns, Reaching safepoint: 79207 ns, At safepoint: 18472 ns, Total: 97679 ns
[2024-02-23T21:48:25.570+0000][7][safepoint   ] Safepoint "Cleanup", Time since last: 66006626651 ns, Reaching safepoint: 72056 ns, At safepoint: 36226 ns, Total: 108282 ns
[2024-02-23T21:49:05.575+0000][7][safepoint   ] Safepoint "Cleanup", Time since last: 40004596950 ns, Reaching safepoint: 67566 ns, At safepoint: 36440 ns, Total: 104006 ns
[2024-02-23T21:49:25.520+0000][7][gc,start    ] GC(137) Pause Young (Normal) (G1 Evacuation Pause)
[2024-02-23T21:49:25.520+0000][7][gc,task     ] GC(137) Using 8 workers of 8 for evacuation
[2024-02-23T21:49:25.520+0000][7][gc,age      ] GC(137) Desired survivor size 41943040 bytes, new threshold 15 (max threshold 15)
[2024-02-23T21:49:25.525+0000][7][gc,phases   ] GC(137)   Pre Evacuate Collection Set: 0.2ms
[2024-02-23T21:49:25.525+0000][7][gc,phases   ] GC(137)   Merge Heap Roots: 0.1ms
[2024-02-23T21:49:25.525+0000][7][gc,phases   ] GC(137)   Evacuate Collection Set: 2.5ms
[2024-02-23T21:49:25.525+0000][7][gc,phases   ] GC(137)   Post Evacuate Collection Set: 1.2ms
[2024-02-23T21:49:25.525+0000][7][gc,phases   ] GC(137)   Other: 0.1ms
[2024-02-23T21:49:25.525+0000][7][gc,age      ] GC(137) Age table with threshold 15 (max threshold 15)
[2024-02-23T21:49:25.525+0000][7][gc,age      ] GC(137) - age   1:    1372808 bytes,    1372808 total
[2024-02-23T21:49:25.525+0000][7][gc,age      ] GC(137) - age   2:     169736 bytes,    1542544 total
[2024-02-23T21:49:25.525+0000][7][gc,age      ] GC(137) - age   3:       3664 bytes,    1546208 total
[2024-02-23T21:49:25.525+0000][7][gc,age      ] GC(137) - age   4:     170344 bytes,    1716552 total
[2024-02-23T21:49:25.525+0000][7][gc,age      ] GC(137) - age   5:        560 bytes,    1717112 total
[2024-02-23T21:49:25.525+0000][7][gc,age      ] GC(137) - age   8:       9504 bytes,    1726616 total
[2024-02-23T21:49:25.525+0000][7][gc,age      ] GC(137) - age  10:        112 bytes,    1726728 total
[2024-02-23T21:49:25.525+0000][7][gc,age      ] GC(137) - age  11:     131312 bytes,    1858040 total
[2024-02-23T21:49:25.525+0000][7][gc,age      ] GC(137) - age  12:     267296 bytes,    2125336 total
[2024-02-23T21:49:25.525+0000][7][gc,age      ] GC(137) - age  13:        304 bytes,    2125640 total
[2024-02-23T21:49:25.525+0000][7][gc,age      ] GC(137) - age  14:     100264 bytes,    2225904 total
[2024-02-23T21:49:25.525+0000][7][gc,age      ] GC(137) - age  15:       5568 bytes,    2231472 total
[2024-02-23T21:49:25.525+0000][7][gc,heap     ] GC(137) Eden regions: 152->0(152)
[2024-02-23T21:49:25.525+0000][7][gc,heap     ] GC(137) Survivor regions: 1->1(20)
[2024-02-23T21:49:25.525+0000][7][gc,heap     ] GC(137) Old regions: 24->24
[2024-02-23T21:49:25.525+0000][7][gc,heap     ] GC(137) Archive regions: 2->2
[2024-02-23T21:49:25.525+0000][7][gc,heap     ] GC(137) Humongous regions: 0->0
[2024-02-23T21:49:25.525+0000][7][gc,metaspace] GC(137) Metaspace: 128697K(132288K)->128697K(132288K) NonClass: 111849K(113728K)->111849K(113728K) Class: 16847K(18560K)->16847K(18560K)
[2024-02-23T21:49:25.525+0000][7][gc          ] GC(137) Pause Young (Normal) (G1 Evacuation Pause) 708M->100M(1024M) 4.393ms
[2024-02-23T21:49:25.525+0000][7][gc,cpu      ] GC(137) User=0.02s Sys=0.00s Real=0.00s
[2024-02-23T21:49:25.525+0000][7][safepoint   ] Safepoint "G1CollectForAllocation", Time since last: 19945672766 ns, Reaching safepoint: 73107 ns, At safepoint: 4504681 ns, Total: 4577788 ns
[2024-02-23T21:51:05.535+0000][7][safepoint   ] Safepoint "Cleanup", Time since last: 100009535911 ns, Reaching safepoint: 127916 ns, At safepoint: 41609 ns, Total: 169525 ns
[2024-02-23T21:52:52.558+0000][7][gc,start    ] GC(138) Pause Young (Normal) (G1 Evacuation Pause)
[2024-02-23T21:52:52.558+0000][7][gc,task     ] GC(138) Using 8 workers of 8 for evacuation
[2024-02-23T21:52:52.558+0000][7][gc,age      ] GC(138) Desired survivor size 41943040 bytes, new threshold 15 (max threshold 15)
[2024-02-23T21:52:52.560+0000][7][gc,phases   ] GC(138)   Pre Evacuate Collection Set: 0.1ms
[2024-02-23T21:52:52.561+0000][7][gc,phases   ] GC(138)   Merge Heap Roots: 0.1ms
[2024-02-23T21:52:52.561+0000][7][gc,phases   ] GC(138)   Evacuate Collection Set: 1.7ms
[2024-02-23T21:52:52.561+0000][7][gc,phases   ] GC(138)   Post Evacuate Collection Set: 0.8ms
[2024-02-23T21:52:52.561+0000][7][gc,phases   ] GC(138)   Other: 0.1ms
[2024-02-23T21:52:52.561+0000][7][gc,age      ] GC(138) Age table with threshold 15 (max threshold 15)
[2024-02-23T21:52:52.561+0000][7][gc,age      ] GC(138) - age   1:    1302912 bytes,    1302912 total
[2024-02-23T21:52:52.561+0000][7][gc,age      ] GC(138) - age   2:      62384 bytes,    1365296 total
[2024-02-23T21:52:52.561+0000][7][gc,age      ] GC(138) - age   3:     160280 bytes,    1525576 total
[2024-02-23T21:52:52.561+0000][7][gc,age      ] GC(138) - age   4:       3664 bytes,    1529240 total
[2024-02-23T21:52:52.561+0000][7][gc,age      ] GC(138) - age   5:     170344 bytes,    1699584 total
[2024-02-23T21:52:52.561+0000][7][gc,age      ] GC(138) - age   6:        560 bytes,    1700144 total
[2024-02-23T21:52:52.561+0000][7][gc,age      ] GC(138) - age   9:       9504 bytes,    1709648 total
[2024-02-23T21:52:52.561+0000][7][gc,age      ] GC(138) - age  11:        112 bytes,    1709760 total
[2024-02-23T21:52:52.561+0000][7][gc,age      ] GC(138) - age  12:     131312 bytes,    1841072 total
[2024-02-23T21:52:52.561+0000][7][gc,age      ] GC(138) - age  13:     267296 bytes,    2108368 total
[2024-02-23T21:52:52.561+0000][7][gc,age      ] GC(138) - age  14:        304 bytes,    2108672 total
[2024-02-23T21:52:52.561+0000][7][gc,age      ] GC(138) - age  15:     100264 bytes,    2208936 total
[2024-02-23T21:52:52.561+0000][7][gc,heap     ] GC(138) Eden regions: 152->0(152)
[2024-02-23T21:52:52.561+0000][7][gc,heap     ] GC(138) Survivor regions: 1->1(20)
[2024-02-23T21:52:52.561+0000][7][gc,heap     ] GC(138) Old regions: 24->24
[2024-02-23T21:52:52.561+0000][7][gc,heap     ] GC(138) Archive regions: 2->2
[2024-02-23T21:52:52.561+0000][7][gc,heap     ] GC(138) Humongous regions: 0->0
[2024-02-23T21:52:52.561+0000][7][gc,metaspace] GC(138) Metaspace: 128697K(132288K)->128697K(132288K) NonClass: 111849K(113728K)->111849K(113728K) Class: 16847K(18560K)->16847K(18560K)
[2024-02-23T21:52:52.561+0000][7][gc          ] GC(138) Pause Young (Normal) (G1 Evacuation Pause) 708M->100M(1024M) 3.264ms
[2024-02-23T21:52:52.561+0000][7][gc,cpu      ] GC(138) User=0.01s Sys=0.01s Real=0.00s
[2024-02-23T21:52:52.561+0000][7][safepoint   ] Safepoint "G1CollectForAllocation", Time since last: 107022927044 ns, Reaching safepoint: 79320 ns, At safepoint: 3363893 ns, Total: 3443213 ns
[2024-02-23T21:53:25.565+0000][7][safepoint   ] Safepoint "Cleanup", Time since last: 33004111259 ns, Reaching safepoint: 55489 ns, At safepoint: 31099 ns, Total: 86588 ns
[2024-02-23T21:55:58.581+0000][7][safepoint   ] Safepoint "Cleanup", Time since last: 153015524623 ns, Reaching safepoint: 153542 ns, At safepoint: 11445 ns, Total: 164987 ns
[2024-02-23T21:56:04.874+0000][7][gc,start    ] GC(139) Pause Young (Normal) (G1 Evacuation Pause)
[2024-02-23T21:56:04.874+0000][7][gc,task     ] GC(139) Using 8 workers of 8 for evacuation
[2024-02-23T21:56:04.874+0000][7][gc,age      ] GC(139) Desired survivor size 41943040 bytes, new threshold 15 (max threshold 15)
[2024-02-23T21:56:04.878+0000][7][gc,phases   ] GC(139)   Pre Evacuate Collection Set: 0.1ms
[2024-02-23T21:56:04.878+0000][7][gc,phases   ] GC(139)   Merge Heap Roots: 0.1ms
[2024-02-23T21:56:04.878+0000][7][gc,phases   ] GC(139)   Evacuate Collection Set: 2.0ms
[2024-02-23T21:56:04.878+0000][7][gc,phases   ] GC(139)   Post Evacuate Collection Set: 1.0ms
[2024-02-23T21:56:04.878+0000][7][gc,phases   ] GC(139)   Other: 0.1ms
[2024-02-23T21:56:04.878+0000][7][gc,age      ] GC(139) Age table with threshold 15 (max threshold 15)
[2024-02-23T21:56:04.878+0000][7][gc,age      ] GC(139) - age   1:    1429328 bytes,    1429328 total
[2024-02-23T21:56:04.878+0000][7][gc,age      ] GC(139) - age   2:       9696 bytes,    1439024 total
[2024-02-23T21:56:04.878+0000][7][gc,age      ] GC(139) - age   3:      60000 bytes,    1499024 total
[2024-02-23T21:56:04.878+0000][7][gc,age      ] GC(139) - age   4:     156072 bytes,    1655096 total
[2024-02-23T21:56:04.878+0000][7][gc,age      ] GC(139) - age   5:       3664 bytes,    1658760 total
[2024-02-23T21:56:04.878+0000][7][gc,age      ] GC(139) - age   6:     138008 bytes,    1796768 total
[2024-02-23T21:56:04.878+0000][7][gc,age      ] GC(139) - age   7:        528 bytes,    1797296 total
[2024-02-23T21:56:04.878+0000][7][gc,age      ] GC(139) - age  10:       9504 bytes,    1806800 total
[2024-02-23T21:56:04.878+0000][7][gc,age      ] GC(139) - age  12:        112 bytes,    1806912 total
[2024-02-23T21:56:04.878+0000][7][gc,age      ] GC(139) - age  13:     131312 bytes,    1938224 total
[2024-02-23T21:56:04.878+0000][7][gc,age      ] GC(139) - age  14:     267296 bytes,    2205520 total
[2024-02-23T21:56:04.878+0000][7][gc,age      ] GC(139) - age  15:        304 bytes,    2205824 total
[2024-02-23T21:56:04.878+0000][7][gc,heap     ] GC(139) Eden regions: 152->0(152)
[2024-02-23T21:56:04.878+0000][7][gc,heap     ] GC(139) Survivor regions: 1->1(20)
[2024-02-23T21:56:04.878+0000][7][gc,heap     ] GC(139) Old regions: 24->24
[2024-02-23T21:56:04.878+0000][7][gc,heap     ] GC(139) Archive regions: 2->2
[2024-02-23T21:56:04.878+0000][7][gc,heap     ] GC(139) Humongous regions: 0->0
[2024-02-23T21:56:04.878+0000][7][gc,metaspace] GC(139) Metaspace: 128697K(132288K)->128697K(132288K) NonClass: 111850K(113728K)->111850K(113728K) Class: 16847K(18560K)->16847K(18560K)
[2024-02-23T21:56:04.878+0000][7][gc          ] GC(139) Pause Young (Normal) (G1 Evacuation Pause) 708M->100M(1024M) 3.615ms
[2024-02-23T21:56:04.878+0000][7][gc,cpu      ] GC(139) User=0.01s Sys=0.00s Real=0.01s
[2024-02-23T21:56:04.878+0000][7][safepoint   ] Safepoint "G1CollectForAllocation", Time since last: 6293302714 ns, Reaching safepoint: 60597 ns, At safepoint: 3716480 ns, Total: 3777077 ns
[2024-02-23T21:56:05.878+0000][7][safepoint   ] Safepoint "Cleanup", Time since last: 1000098353 ns, Reaching safepoint: 82020 ns, At safepoint: 6073 ns, Total: 88093 ns
[2024-02-23T21:56:34.882+0000][7][safepoint   ] Safepoint "Cleanup", Time since last: 29003483206 ns, Reaching safepoint: 97371 ns, At safepoint: 23095 ns, Total: 120466 ns
[2024-02-23T21:59:28.580+0000][7][gc,start    ] GC(140) Pause Young (Normal) (G1 Evacuation Pause)
[2024-02-23T21:59:28.580+0000][7][gc,task     ] GC(140) Using 8 workers of 8 for evacuation
[2024-02-23T21:59:28.580+0000][7][gc,age      ] GC(140) Desired survivor size 41943040 bytes, new threshold 15 (max threshold 15)
[2024-02-23T21:59:28.583+0000][7][gc,phases   ] GC(140)   Pre Evacuate Collection Set: 0.1ms
[2024-02-23T21:59:28.583+0000][7][gc,phases   ] GC(140)   Merge Heap Roots: 0.1ms
[2024-02-23T21:59:28.583+0000][7][gc,phases   ] GC(140)   Evacuate Collection Set: 1.9ms
[2024-02-23T21:59:28.583+0000][7][gc,phases   ] GC(140)   Post Evacuate Collection Set: 0.7ms
[2024-02-23T21:59:28.583+0000][7][gc,phases   ] GC(140)   Other: 0.1ms
[2024-02-23T21:59:28.583+0000][7][gc,age      ] GC(140) Age table with threshold 15 (max threshold 15)
[2024-02-23T21:59:28.583+0000][7][gc,age      ] GC(140) - age   1:    1631312 bytes,    1631312 total
[2024-02-23T21:59:28.583+0000][7][gc,age      ] GC(140) - age   2:      16160 bytes,    1647472 total
[2024-02-23T21:59:28.583+0000][7][gc,age      ] GC(140) - age   3:       8328 bytes,    1655800 total
[2024-02-23T21:59:28.583+0000][7][gc,age      ] GC(140) - age   4:      59856 bytes,    1715656 total
[2024-02-23T21:59:28.583+0000][7][gc,age      ] GC(140) - age   5:     155888 bytes,    1871544 total
[2024-02-23T21:59:28.583+0000][7][gc,age      ] GC(140) - age   6:       3664 bytes,    1875208 total
[2024-02-23T21:59:28.583+0000][7][gc,age      ] GC(140) - age   7:     138008 bytes,    2013216 total
[2024-02-23T21:59:28.583+0000][7][gc,age      ] GC(140) - age   8:        528 bytes,    2013744 total
[2024-02-23T21:59:28.583+0000][7][gc,age      ] GC(140) - age  11:       9504 bytes,    2023248 total
[2024-02-23T21:59:28.583+0000][7][gc,age      ] GC(140) - age  13:        112 bytes,    2023360 total
[2024-02-23T21:59:28.583+0000][7][gc,age      ] GC(140) - age  14:     131312 bytes,    2154672 total
[2024-02-23T21:59:28.583+0000][7][gc,age      ] GC(140) - age  15:     267296 bytes,    2421968 total
[2024-02-23T21:59:28.583+0000][7][gc,heap     ] GC(140) Eden regions: 152->0(152)
[2024-02-23T21:59:28.583+0000][7][gc,heap     ] GC(140) Survivor regions: 1->1(20)
[2024-02-23T21:59:28.583+0000][7][gc,heap     ] GC(140) Old regions: 24->24
[2024-02-23T21:59:28.583+0000][7][gc,heap     ] GC(140) Archive regions: 2->2
[2024-02-23T21:59:28.583+0000][7][gc,heap     ] GC(140) Humongous regions: 0->0
[2024-02-23T21:59:28.583+0000][7][gc,metaspace] GC(140) Metaspace: 128697K(132288K)->128697K(132288K) NonClass: 111850K(113728K)->111850K(113728K) Class: 16847K(18560K)->16847K(18560K)
[2024-02-23T21:59:28.584+0000][7][gc          ] GC(140) Pause Young (Normal) (G1 Evacuation Pause) 708M->100M(1024M) 3.267ms
[2024-02-23T21:59:28.584+0000][7][gc,cpu      ] GC(140) User=0.01s Sys=0.00s Real=0.00s
[2024-02-23T21:59:28.584+0000][7][safepoint   ] Safepoint "G1CollectForAllocation", Time since last: 173698499547 ns, Reaching safepoint: 58377 ns, At safepoint: 3368802 ns, Total: 3427179 ns
[2024-02-23T22:00:25.590+0000][7][safepoint   ] Safepoint "Cleanup", Time since last: 57006204307 ns, Reaching safepoint: 42954 ns, At safepoint: 24119 ns, Total: 67073 ns
[2024-02-23T22:02:46.779+0000][7][gc,start    ] GC(141) Pause Young (Normal) (G1 Evacuation Pause)
[2024-02-23T22:02:46.779+0000][7][gc,task     ] GC(141) Using 8 workers of 8 for evacuation
[2024-02-23T22:02:46.779+0000][7][gc,age      ] GC(141) Desired survivor size 41943040 bytes, new threshold 15 (max threshold 15)
[2024-02-23T22:02:46.781+0000][7][gc,phases   ] GC(141)   Pre Evacuate Collection Set: 0.1ms
[2024-02-23T22:02:46.781+0000][7][gc,phases   ] GC(141)   Merge Heap Roots: 0.1ms
[2024-02-23T22:02:46.781+0000][7][gc,phases   ] GC(141)   Evacuate Collection Set: 1.2ms
[2024-02-23T22:02:46.781+0000][7][gc,phases   ] GC(141)   Post Evacuate Collection Set: 0.5ms
[2024-02-23T22:02:46.781+0000][7][gc,phases   ] GC(141)   Other: 0.1ms
[2024-02-23T22:02:46.781+0000][7][gc,age      ] GC(141) Age table with threshold 15 (max threshold 15)
[2024-02-23T22:02:46.781+0000][7][gc,age      ] GC(141) - age   1:    1853272 bytes,    1853272 total
[2024-02-23T22:02:46.781+0000][7][gc,age      ] GC(141) - age   2:      12576 bytes,    1865848 total
[2024-02-23T22:02:46.781+0000][7][gc,age      ] GC(141) - age   3:      14280 bytes,    1880128 total
[2024-02-23T22:02:46.781+0000][7][gc,age      ] GC(141) - age   4:       8032 bytes,    1888160 total
[2024-02-23T22:02:46.781+0000][7][gc,age      ] GC(141) - age   5:      59856 bytes,    1948016 total
[2024-02-23T22:02:46.781+0000][7][gc,age      ] GC(141) - age   6:     155888 bytes,    2103904 total
[2024-02-23T22:02:46.781+0000][7][gc,age      ] GC(141) - age   7:       3280 bytes,    2107184 total
[2024-02-23T22:02:46.781+0000][7][gc,age      ] GC(141) - age   8:     138008 bytes,    2245192 total
[2024-02-23T22:02:46.781+0000][7][gc,age      ] GC(141) - age   9:        344 bytes,    2245536 total
[2024-02-23T22:02:46.781+0000][7][gc,age      ] GC(141) - age  12:       9504 bytes,    2255040 total
[2024-02-23T22:02:46.781+0000][7][gc,age      ] GC(141) - age  14:        112 bytes,    2255152 total
[2024-02-23T22:02:46.781+0000][7][gc,age      ] GC(141) - age  15:     131312 bytes,    2386464 total
[2024-02-23T22:02:46.781+0000][7][gc,heap     ] GC(141) Eden regions: 152->0(152)
[2024-02-23T22:02:46.781+0000][7][gc,heap     ] GC(141) Survivor regions: 1->1(20)
[2024-02-23T22:02:46.781+0000][7][gc,heap     ] GC(141) Old regions: 24->24
[2024-02-23T22:02:46.781+0000][7][gc,heap     ] GC(141) Archive regions: 2->2
[2024-02-23T22:02:46.781+0000][7][gc,heap     ] GC(141) Humongous regions: 0->0
[2024-02-23T22:02:46.781+0000][7][gc,metaspace] GC(141) Metaspace: 128697K(132288K)->128697K(132288K) NonClass: 111850K(113728K)->111850K(113728K) Class: 16847K(18560K)->16847K(18560K)
[2024-02-23T22:02:46.781+0000][7][gc          ] GC(141) Pause Young (Normal) (G1 Evacuation Pause) 708M->101M(1024M) 2.107ms
[2024-02-23T22:02:46.781+0000][7][gc,cpu      ] GC(141) User=0.01s Sys=0.00s Real=0.00s
[2024-02-23T22:02:46.781+0000][7][safepoint   ] Safepoint "G1CollectForAllocation", Time since last: 141189146106 ns, Reaching safepoint: 39993 ns, At safepoint: 2179518 ns, Total: 2219511 ns
[2024-02-23T22:02:58.782+0000][7][safepoint   ] Safepoint "Cleanup", Time since last: 12001015693 ns, Reaching safepoint: 95599 ns, At safepoint: 7442 ns, Total: 103041 ns
[2024-02-23T22:05:04.795+0000][7][safepoint   ] Safepoint "Cleanup", Time since last: 126012126752 ns, Reaching safepoint: 71893 ns, At safepoint: 5908 ns, Total: 77801 ns
[2024-02-23T22:06:05.065+0000][7][gc,start    ] GC(142) Pause Young (Normal) (G1 Evacuation Pause)
[2024-02-23T22:06:05.065+0000][7][gc,task     ] GC(142) Using 8 workers of 8 for evacuation
[2024-02-23T22:06:05.065+0000][7][gc,age      ] GC(142) Desired survivor size 41943040 bytes, new threshold 15 (max threshold 15)
[2024-02-23T22:06:05.067+0000][7][gc,phases   ] GC(142)   Pre Evacuate Collection Set: 0.1ms
[2024-02-23T22:06:05.067+0000][7][gc,phases   ] GC(142)   Merge Heap Roots: 0.1ms
[2024-02-23T22:06:05.067+0000][7][gc,phases   ] GC(142)   Evacuate Collection Set: 1.2ms
[2024-02-23T22:06:05.067+0000][7][gc,phases   ] GC(142)   Post Evacuate Collection Set: 0.5ms
[2024-02-23T22:06:05.067+0000][7][gc,phases   ] GC(142)   Other: 0.1ms
[2024-02-23T22:06:05.067+0000][7][gc,age      ] GC(142) Age table with threshold 15 (max threshold 15)
[2024-02-23T22:06:05.067+0000][7][gc,age      ] GC(142) - age   1:    2075984 bytes,    2075984 total
[2024-02-23T22:06:05.067+0000][7][gc,age      ] GC(142) - age   2:       2776 bytes,    2078760 total
[2024-02-23T22:06:05.067+0000][7][gc,age      ] GC(142) - age   3:        376 bytes,    2079136 total
[2024-02-23T22:06:05.067+0000][7][gc,age      ] GC(142) - age   4:        320 bytes,    2079456 total
[2024-02-23T22:06:05.067+0000][7][gc,age      ] GC(142) - age   5:       8016 bytes,    2087472 total
[2024-02-23T22:06:05.067+0000][7][gc,age      ] GC(142) - age   6:       3568 bytes,    2091040 total
[2024-02-23T22:06:05.067+0000][7][gc,age      ] GC(142) - age   7:      32568 bytes,    2123608 total
[2024-02-23T22:06:05.067+0000][7][gc,age      ] GC(142) - age   8:       3280 bytes,    2126888 total
[2024-02-23T22:06:05.067+0000][7][gc,age      ] GC(142) - age   9:     129264 bytes,    2256152 total
[2024-02-23T22:06:05.067+0000][7][gc,age      ] GC(142) - age  10:        344 bytes,    2256496 total
[2024-02-23T22:06:05.067+0000][7][gc,age      ] GC(142) - age  13:       9504 bytes,    2266000 total
[2024-02-23T22:06:05.067+0000][7][gc,age      ] GC(142) - age  15:        112 bytes,    2266112 total
[2024-02-23T22:06:05.067+0000][7][gc,heap     ] GC(142) Eden regions: 152->0(152)
[2024-02-23T22:06:05.067+0000][7][gc,heap     ] GC(142) Survivor regions: 1->1(20)
[2024-02-23T22:06:05.067+0000][7][gc,heap     ] GC(142) Old regions: 24->24
[2024-02-23T22:06:05.067+0000][7][gc,heap     ] GC(142) Archive regions: 2->2
[2024-02-23T22:06:05.067+0000][7][gc,heap     ] GC(142) Humongous regions: 0->0
[2024-02-23T22:06:05.067+0000][7][gc,metaspace] GC(142) Metaspace: 128697K(132288K)->128697K(132288K) NonClass: 111850K(113728K)->111850K(113728K) Class: 16847K(18560K)->16847K(18560K)
[2024-02-23T22:06:05.067+0000][7][gc          ] GC(142) Pause Young (Normal) (G1 Evacuation Pause) 709M->100M(1024M) 2.145ms
[2024-02-23T22:06:05.067+0000][7][gc,cpu      ] GC(142) User=0.01s Sys=0.00s Real=0.00s
[2024-02-23T22:06:05.067+0000][7][safepoint   ] Safepoint "G1CollectForAllocation", Time since last: 60270221629 ns, Reaching safepoint: 37183 ns, At safepoint: 2213422 ns, Total: 2250605 ns
[2024-02-23T22:08:26.084+0000][7][safepoint   ] Safepoint "Cleanup", Time since last: 141017280202 ns, Reaching safepoint: 112012 ns, At safepoint: 15783 ns, Total: 127795 ns
[2024-02-23T22:09:25.594+0000][7][gc,start    ] GC(143) Pause Young (Normal) (G1 Evacuation Pause)
[2024-02-23T22:09:25.594+0000][7][gc,task     ] GC(143) Using 8 workers of 8 for evacuation
[2024-02-23T22:09:25.594+0000][7][gc,age      ] GC(143) Desired survivor size 41943040 bytes, new threshold 15 (max threshold 15)
[2024-02-23T22:09:25.596+0000][7][gc,phases   ] GC(143)   Pre Evacuate Collection Set: 0.1ms
[2024-02-23T22:09:25.596+0000][7][gc,phases   ] GC(143)   Merge Heap Roots: 0.0ms
[2024-02-23T22:09:25.596+0000][7][gc,phases   ] GC(143)   Evacuate Collection Set: 1.3ms
[2024-02-23T22:09:25.596+0000][7][gc,phases   ] GC(143)   Post Evacuate Collection Set: 0.6ms
[2024-02-23T22:09:25.596+0000][7][gc,phases   ] GC(143)   Other: 0.1ms
[2024-02-23T22:09:25.596+0000][7][gc,age      ] GC(143) Age table with threshold 15 (max threshold 15)
[2024-02-23T22:09:25.596+0000][7][gc,age      ] GC(143) - age   1:    1643352 bytes,    1643352 total
[2024-02-23T22:09:25.596+0000][7][gc,age      ] GC(143) - age   2:     216832 bytes,    1860184 total
[2024-02-23T22:09:25.596+0000][7][gc,age      ] GC(143) - age   3:        984 bytes,    1861168 total
[2024-02-23T22:09:25.596+0000][7][gc,age      ] GC(143) - age   4:        248 bytes,    1861416 total
[2024-02-23T22:09:25.596+0000][7][gc,age      ] GC(143) - age   5:        136 bytes,    1861552 total
[2024-02-23T22:09:25.596+0000][7][gc,age      ] GC(143) - age   6:       8016 bytes,    1869568 total
[2024-02-23T22:09:25.596+0000][7][gc,age      ] GC(143) - age   7:       3440 bytes,    1873008 total
[2024-02-23T22:09:25.596+0000][7][gc,age      ] GC(143) - age   8:      29048 bytes,    1902056 total
[2024-02-23T22:09:25.596+0000][7][gc,age      ] GC(143) - age   9:       3280 bytes,    1905336 total
[2024-02-23T22:09:25.596+0000][7][gc,age      ] GC(143) - age  10:     128880 bytes,    2034216 total
[2024-02-23T22:09:25.596+0000][7][gc,age      ] GC(143) - age  11:        344 bytes,    2034560 total
[2024-02-23T22:09:25.596+0000][7][gc,age      ] GC(143) - age  14:       9504 bytes,    2044064 total
[2024-02-23T22:09:25.596+0000][7][gc,heap     ] GC(143) Eden regions: 152->0(152)
[2024-02-23T22:09:25.596+0000][7][gc,heap     ] GC(143) Survivor regions: 1->1(20)
[2024-02-23T22:09:25.596+0000][7][gc,heap     ] GC(143) Old regions: 24->24
[2024-02-23T22:09:25.597+0000][7][gc,heap     ] GC(143) Archive regions: 2->2
[2024-02-23T22:09:25.597+0000][7][gc,heap     ] GC(143) Humongous regions: 0->0
[2024-02-23T22:09:25.597+0000][7][gc,metaspace] GC(143) Metaspace: 128697K(132288K)->128697K(132288K) NonClass: 111850K(113728K)->111850K(113728K) Class: 16847K(18560K)->16847K(18560K)
[2024-02-23T22:09:25.597+0000][7][gc          ] GC(143) Pause Young (Normal) (G1 Evacuation Pause) 708M->100M(1024M) 2.279ms
[2024-02-23T22:09:25.597+0000][7][gc,cpu      ] GC(143) User=0.01s Sys=0.00s Real=0.00s
[2024-02-23T22:09:25.597+0000][7][safepoint   ] Safepoint "G1CollectForAllocation", Time since last: 59509770180 ns, Reaching safepoint: 32882 ns, At safepoint: 2354984 ns, Total: 2387866 ns
[2024-02-23T22:10:25.602+0000][7][safepoint   ] Safepoint "Cleanup", Time since last: 60005133274 ns, Reaching safepoint: 59441 ns, At safepoint: 3355 ns, Total: 62796 ns
[2024-02-23T22:11:20.607+0000][7][safepoint   ] Safepoint "Cleanup", Time since last: 55005539935 ns, Reaching safepoint: 62002 ns, At safepoint: 31267 ns, Total: 93269 ns
[2024-02-23T22:12:46.625+0000][7][gc,start    ] GC(144) Pause Young (Normal) (G1 Evacuation Pause)
[2024-02-23T22:12:46.625+0000][7][gc,task     ] GC(144) Using 8 workers of 8 for evacuation
[2024-02-23T22:12:46.626+0000][7][gc,age      ] GC(144) Desired survivor size 41943040 bytes, new threshold 15 (max threshold 15)
[2024-02-23T22:12:46.628+0000][7][gc,phases   ] GC(144)   Pre Evacuate Collection Set: 0.1ms
[2024-02-23T22:12:46.628+0000][7][gc,phases   ] GC(144)   Merge Heap Roots: 0.1ms
[2024-02-23T22:12:46.628+0000][7][gc,phases   ] GC(144)   Evacuate Collection Set: 1.3ms
[2024-02-23T22:12:46.628+0000][7][gc,phases   ] GC(144)   Post Evacuate Collection Set: 0.7ms
[2024-02-23T22:12:46.628+0000][7][gc,phases   ] GC(144)   Other: 0.1ms
[2024-02-23T22:12:46.628+0000][7][gc,age      ] GC(144) Age table with threshold 15 (max threshold 15)
[2024-02-23T22:12:46.628+0000][7][gc,age      ] GC(144) - age   1:    1741368 bytes,    1741368 total
[2024-02-23T22:12:46.628+0000][7][gc,age      ] GC(144) - age   2:     150280 bytes,    1891648 total
[2024-02-23T22:12:46.628+0000][7][gc,age      ] GC(144) - age   3:      82384 bytes,    1974032 total
[2024-02-23T22:12:46.628+0000][7][gc,age      ] GC(144) - age   4:        760 bytes,    1974792 total
[2024-02-23T22:12:46.628+0000][7][gc,age      ] GC(144) - age   5:        184 bytes,    1974976 total
[2024-02-23T22:12:46.628+0000][7][gc,age      ] GC(144) - age   6:        136 bytes,    1975112 total
[2024-02-23T22:12:46.628+0000][7][gc,age      ] GC(144) - age   7:       8016 bytes,    1983128 total
[2024-02-23T22:12:46.628+0000][7][gc,age      ] GC(144) - age   8:       3440 bytes,    1986568 total
[2024-02-23T22:12:46.628+0000][7][gc,age      ] GC(144) - age   9:        152 bytes,    1986720 total
[2024-02-23T22:12:46.628+0000][7][gc,age      ] GC(144) - age  10:       3280 bytes,    1990000 total
[2024-02-23T22:12:46.628+0000][7][gc,age      ] GC(144) - age  11:     128824 bytes,    2118824 total
[2024-02-23T22:12:46.628+0000][7][gc,age      ] GC(144) - age  12:        344 bytes,    2119168 total
[2024-02-23T22:12:46.628+0000][7][gc,age      ] GC(144) - age  15:       9504 bytes,    2128672 total
[2024-02-23T22:12:46.628+0000][7][gc,heap     ] GC(144) Eden regions: 152->0(152)
[2024-02-23T22:12:46.628+0000][7][gc,heap     ] GC(144) Survivor regions: 1->1(20)
[2024-02-23T22:12:46.628+0000][7][gc,heap     ] GC(144) Old regions: 24->24
[2024-02-23T22:12:46.628+0000][7][gc,heap     ] GC(144) Archive regions: 2->2
[2024-02-23T22:12:46.628+0000][7][gc,heap     ] GC(144) Humongous regions: 0->0
[2024-02-23T22:12:46.628+0000][7][gc,metaspace] GC(144) Metaspace: 128704K(132352K)->128704K(132352K) NonClass: 111857K(113792K)->111857K(113792K) Class: 16847K(18560K)->16847K(18560K)
[2024-02-23T22:12:46.628+0000][7][gc          ] GC(144) Pause Young (Normal) (G1 Evacuation Pause) 708M->100M(1024M) 2.433ms
[2024-02-23T22:12:46.628+0000][7][gc,cpu      ] GC(144) User=0.01s Sys=0.00s Real=0.00s
[2024-02-23T22:12:46.628+0000][7][safepoint   ] Safepoint "G1CollectForAllocation", Time since last: 86017947288 ns, Reaching safepoint: 64795 ns, At safepoint: 2571307 ns, Total: 2636102 ns
[2024-02-23T22:16:05.046+0000][7][gc,start    ] GC(145) Pause Young (Normal) (G1 Evacuation Pause)
[2024-02-23T22:16:05.046+0000][7][gc,task     ] GC(145) Using 8 workers of 8 for evacuation
[2024-02-23T22:16:05.047+0000][7][gc,age      ] GC(145) Desired survivor size 41943040 bytes, new threshold 15 (max threshold 15)
[2024-02-23T22:16:05.049+0000][7][gc,phases   ] GC(145)   Pre Evacuate Collection Set: 0.1ms
[2024-02-23T22:16:05.049+0000][7][gc,phases   ] GC(145)   Merge Heap Roots: 0.1ms
[2024-02-23T22:16:05.049+0000][7][gc,phases   ] GC(145)   Evacuate Collection Set: 1.4ms
[2024-02-23T22:16:05.049+0000][7][gc,phases   ] GC(145)   Post Evacuate Collection Set: 0.7ms
[2024-02-23T22:16:05.049+0000][7][gc,phases   ] GC(145)   Other: 0.1ms
[2024-02-23T22:16:05.049+0000][7][gc,age      ] GC(145) Age table with threshold 15 (max threshold 15)
[2024-02-23T22:16:05.049+0000][7][gc,age      ] GC(145) - age   1:    1899472 bytes,    1899472 total
[2024-02-23T22:16:05.049+0000][7][gc,age      ] GC(145) - age   2:     180680 bytes,    2080152 total
[2024-02-23T22:16:05.049+0000][7][gc,age      ] GC(145) - age   3:     139936 bytes,    2220088 total
[2024-02-23T22:16:05.049+0000][7][gc,age      ] GC(145) - age   4:      77472 bytes,    2297560 total
[2024-02-23T22:16:05.049+0000][7][gc,age      ] GC(145) - age   5:        384 bytes,    2297944 total
[2024-02-23T22:16:05.049+0000][7][gc,age      ] GC(145) - age   6:        184 bytes,    2298128 total
[2024-02-23T22:16:05.049+0000][7][gc,age      ] GC(145) - age   7:         80 bytes,    2298208 total
[2024-02-23T22:16:05.049+0000][7][gc,age      ] GC(145) - age   8:       8016 bytes,    2306224 total
[2024-02-23T22:16:05.049+0000][7][gc,age      ] GC(145) - age   9:       3440 bytes,    2309664 total
[2024-02-23T22:16:05.049+0000][7][gc,age      ] GC(145) - age  10:        152 bytes,    2309816 total
[2024-02-23T22:16:05.049+0000][7][gc,age      ] GC(145) - age  11:       3280 bytes,    2313096 total
[2024-02-23T22:16:05.049+0000][7][gc,age      ] GC(145) - age  12:     128824 bytes,    2441920 total
[2024-02-23T22:16:05.049+0000][7][gc,age      ] GC(145) - age  13:        344 bytes,    2442264 total
[2024-02-23T22:16:05.049+0000][7][gc,heap     ] GC(145) Eden regions: 152->0(152)
[2024-02-23T22:16:05.049+0000][7][gc,heap     ] GC(145) Survivor regions: 1->1(20)
[2024-02-23T22:16:05.049+0000][7][gc,heap     ] GC(145) Old regions: 24->24
[2024-02-23T22:16:05.049+0000][7][gc,heap     ] GC(145) Archive regions: 2->2
[2024-02-23T22:16:05.049+0000][7][gc,heap     ] GC(145) Humongous regions: 0->0
[2024-02-23T22:16:05.049+0000][7][gc,metaspace] GC(145) Metaspace: 128704K(132352K)->128704K(132352K) NonClass: 111857K(113792K)->111857K(113792K) Class: 16847K(18560K)->16847K(18560K)
[2024-02-23T22:16:05.049+0000][7][gc          ] GC(145) Pause Young (Normal) (G1 Evacuation Pause) 708M->101M(1024M) 2.673ms
[2024-02-23T22:16:05.049+0000][7][gc,cpu      ] GC(145) User=0.01s Sys=0.01s Real=0.00s
[2024-02-23T22:16:05.049+0000][7][safepoint   ] Safepoint "G1CollectForAllocation", Time since last: 198418319478 ns, Reaching safepoint: 82330 ns, At safepoint: 2759175 ns, Total: 2841505 ns
[2024-02-23T22:17:26.059+0000][7][safepoint   ] Safepoint "Cleanup", Time since last: 81009752257 ns, Reaching safepoint: 105274 ns, At safepoint: 13580 ns, Total: 118854 ns
[2024-02-23T22:17:51.061+0000][7][safepoint   ] Safepoint "Cleanup", Time since last: 25002117970 ns, Reaching safepoint: 69766 ns, At safepoint: 27756 ns, Total: 97522 ns
[2024-02-23T22:17:52.061+0000][7][safepoint   ] Safepoint "Cleanup", Time since last: 1000128835 ns, Reaching safepoint: 55075 ns, At safepoint: 4408 ns, Total: 59483 ns
[2024-02-23T22:19:23.423+0000][7][gc,start    ] GC(146) Pause Young (Normal) (G1 Evacuation Pause)
[2024-02-23T22:19:23.423+0000][7][gc,task     ] GC(146) Using 8 workers of 8 for evacuation
[2024-02-23T22:19:23.423+0000][7][gc,age      ] GC(146) Desired survivor size 41943040 bytes, new threshold 15 (max threshold 15)
[2024-02-23T22:19:23.426+0000][7][gc,phases   ] GC(146)   Pre Evacuate Collection Set: 0.1ms
[2024-02-23T22:19:23.426+0000][7][gc,phases   ] GC(146)   Merge Heap Roots: 0.1ms
[2024-02-23T22:19:23.426+0000][7][gc,phases   ] GC(146)   Evacuate Collection Set: 1.9ms
[2024-02-23T22:19:23.426+0000][7][gc,phases   ] GC(146)   Post Evacuate Collection Set: 1.0ms
[2024-02-23T22:19:23.426+0000][7][gc,phases   ] GC(146)   Other: 0.1ms
[2024-02-23T22:19:23.426+0000][7][gc,age      ] GC(146) Age table with threshold 15 (max threshold 15)
[2024-02-23T22:19:23.426+0000][7][gc,age      ] GC(146) - age   1:    1698648 bytes,    1698648 total
[2024-02-23T22:19:23.426+0000][7][gc,age      ] GC(146) - age   2:      29312 bytes,    1727960 total
[2024-02-23T22:19:23.426+0000][7][gc,age      ] GC(146) - age   3:     178912 bytes,    1906872 total
[2024-02-23T22:19:23.426+0000][7][gc,age      ] GC(146) - age   4:     139616 bytes,    2046488 total
[2024-02-23T22:19:23.426+0000][7][gc,age      ] GC(146) - age   5:      77016 bytes,    2123504 total
[2024-02-23T22:19:23.426+0000][7][gc,age      ] GC(146) - age   7:        184 bytes,    2123688 total
[2024-02-23T22:19:23.426+0000][7][gc,age      ] GC(146) - age   8:         80 bytes,    2123768 total
[2024-02-23T22:19:23.426+0000][7][gc,age      ] GC(146) - age   9:       8016 bytes,    2131784 total
[2024-02-23T22:19:23.426+0000][7][gc,age      ] GC(146) - age  10:       3440 bytes,    2135224 total
[2024-02-23T22:19:23.426+0000][7][gc,age      ] GC(146) - age  11:        152 bytes,    2135376 total
[2024-02-23T22:19:23.426+0000][7][gc,age      ] GC(146) - age  12:       3280 bytes,    2138656 total
[2024-02-23T22:19:23.426+0000][7][gc,age      ] GC(146) - age  13:     128640 bytes,    2267296 total
[2024-02-23T22:19:23.426+0000][7][gc,age      ] GC(146) - age  14:        344 bytes,    2267640 total
[2024-02-23T22:19:23.426+0000][7][gc,heap     ] GC(146) Eden regions: 152->0(152)
[2024-02-23T22:19:23.426+0000][7][gc,heap     ] GC(146) Survivor regions: 1->1(20)
[2024-02-23T22:19:23.426+0000][7][gc,heap     ] GC(146) Old regions: 24->24
[2024-02-23T22:19:23.426+0000][7][gc,heap     ] GC(146) Archive regions: 2->2
[2024-02-23T22:19:23.426+0000][7][gc,heap     ] GC(146) Humongous regions: 0->0
[2024-02-23T22:19:23.426+0000][7][gc,metaspace] GC(146) Metaspace: 128704K(132352K)->128704K(132352K) NonClass: 111857K(113792K)->111857K(113792K) Class: 16847K(18560K)->16847K(18560K)
[2024-02-23T22:19:23.426+0000][7][gc          ] GC(146) Pause Young (Normal) (G1 Evacuation Pause) 709M->100M(1024M) 3.539ms
[2024-02-23T22:19:23.426+0000][7][gc,cpu      ] GC(146) User=0.02s Sys=0.00s Real=0.00s
[2024-02-23T22:19:23.426+0000][7][safepoint   ] Safepoint "G1CollectForAllocation", Time since last: 91361024103 ns, Reaching safepoint: 74598 ns, At safepoint: 3645302 ns, Total: 3719900 ns
[2024-02-23T22:22:40.706+0000][7][gc,start    ] GC(147) Pause Young (Normal) (G1 Evacuation Pause)
[2024-02-23T22:22:40.706+0000][7][gc,task     ] GC(147) Using 8 workers of 8 for evacuation
[2024-02-23T22:22:40.706+0000][7][gc,age      ] GC(147) Desired survivor size 41943040 bytes, new threshold 15 (max threshold 15)
[2024-02-23T22:22:40.708+0000][7][gc,phases   ] GC(147)   Pre Evacuate Collection Set: 0.1ms
[2024-02-23T22:22:40.708+0000][7][gc,phases   ] GC(147)   Merge Heap Roots: 0.1ms
[2024-02-23T22:22:40.708+0000][7][gc,phases   ] GC(147)   Evacuate Collection Set: 1.5ms
[2024-02-23T22:22:40.708+0000][7][gc,phases   ] GC(147)   Post Evacuate Collection Set: 0.7ms
[2024-02-23T22:22:40.708+0000][7][gc,phases   ] GC(147)   Other: 0.1ms
[2024-02-23T22:22:40.708+0000][7][gc,age      ] GC(147) Age table with threshold 15 (max threshold 15)
[2024-02-23T22:22:40.708+0000][7][gc,age      ] GC(147) - age   1:    1841272 bytes,    1841272 total
[2024-02-23T22:22:40.708+0000][7][gc,age      ] GC(147) - age   2:      12952 bytes,    1854224 total
[2024-02-23T22:22:40.708+0000][7][gc,age      ] GC(147) - age   3:      26520 bytes,    1880744 total
[2024-02-23T22:22:40.708+0000][7][gc,age      ] GC(147) - age   4:     178768 bytes,    2059512 total
[2024-02-23T22:22:40.708+0000][7][gc,age      ] GC(147) - age   5:     139616 bytes,    2199128 total
[2024-02-23T22:22:40.708+0000][7][gc,age      ] GC(147) - age   6:      76832 bytes,    2275960 total
[2024-02-23T22:22:40.708+0000][7][gc,age      ] GC(147) - age   8:        184 bytes,    2276144 total
[2024-02-23T22:22:40.708+0000][7][gc,age      ] GC(147) - age   9:         80 bytes,    2276224 total
[2024-02-23T22:22:40.708+0000][7][gc,age      ] GC(147) - age  10:       8016 bytes,    2284240 total
[2024-02-23T22:22:40.708+0000][7][gc,age      ] GC(147) - age  11:       3440 bytes,    2287680 total
[2024-02-23T22:22:40.708+0000][7][gc,age      ] GC(147) - age  12:        152 bytes,    2287832 total
[2024-02-23T22:22:40.708+0000][7][gc,age      ] GC(147) - age  13:       3280 bytes,    2291112 total
[2024-02-23T22:22:40.709+0000][7][gc,age      ] GC(147) - age  14:     128640 bytes,    2419752 total
[2024-02-23T22:22:40.709+0000][7][gc,age      ] GC(147) - age  15:        344 bytes,    2420096 total
[2024-02-23T22:22:40.709+0000][7][gc,heap     ] GC(147) Eden regions: 152->0(152)
[2024-02-23T22:22:40.709+0000][7][gc,heap     ] GC(147) Survivor regions: 1->1(20)
[2024-02-23T22:22:40.709+0000][7][gc,heap     ] GC(147) Old regions: 24->24
[2024-02-23T22:22:40.709+0000][7][gc,heap     ] GC(147) Archive regions: 2->2
[2024-02-23T22:22:40.709+0000][7][gc,heap     ] GC(147) Humongous regions: 0->0
[2024-02-23T22:22:40.709+0000][7][gc,metaspace] GC(147) Metaspace: 128707K(132352K)->128707K(132352K) NonClass: 111860K(113792K)->111860K(113792K) Class: 16847K(18560K)->16847K(18560K)
[2024-02-23T22:22:40.709+0000][7][gc          ] GC(147) Pause Young (Normal) (G1 Evacuation Pause) 708M->101M(1024M) 2.715ms
[2024-02-23T22:22:40.709+0000][7][gc,cpu      ] GC(147) User=0.02s Sys=0.00s Real=0.00s
[2024-02-23T22:22:40.709+0000][7][safepoint   ] Safepoint "G1CollectForAllocation", Time since last: 197279615761 ns, Reaching safepoint: 39541 ns, At safepoint: 2813194 ns, Total: 2852735 ns
[2024-02-23T22:23:25.713+0000][7][safepoint   ] Safepoint "Cleanup", Time since last: 45004512763 ns, Reaching safepoint: 114927 ns, At safepoint: 12142 ns, Total: 127069 ns
[2024-02-23T22:25:34.726+0000][7][safepoint   ] Safepoint "Cleanup", Time since last: 129013060257 ns, Reaching safepoint: 66943 ns, At safepoint: 9602 ns, Total: 76545 ns
[2024-02-23T22:26:04.677+0000][7][gc,start    ] GC(148) Pause Young (Normal) (G1 Evacuation Pause)
[2024-02-23T22:26:04.677+0000][7][gc,task     ] GC(148) Using 8 workers of 8 for evacuation
[2024-02-23T22:26:04.677+0000][7][gc,age      ] GC(148) Desired survivor size 41943040 bytes, new threshold 15 (max threshold 15)
[2024-02-23T22:26:04.680+0000][7][gc,phases   ] GC(148)   Pre Evacuate Collection Set: 0.1ms
[2024-02-23T22:26:04.680+0000][7][gc,phases   ] GC(148)   Merge Heap Roots: 0.1ms
[2024-02-23T22:26:04.680+0000][7][gc,phases   ] GC(148)   Evacuate Collection Set: 1.6ms
[2024-02-23T22:26:04.680+0000][7][gc,phases   ] GC(148)   Post Evacuate Collection Set: 0.8ms
[2024-02-23T22:26:04.680+0000][7][gc,phases   ] GC(148)   Other: 0.1ms
[2024-02-23T22:26:04.680+0000][7][gc,age      ] GC(148) Age table with threshold 15 (max threshold 15)
[2024-02-23T22:26:04.680+0000][7][gc,age      ] GC(148) - age   1:    1510896 bytes,    1510896 total
[2024-02-23T22:26:04.680+0000][7][gc,age      ] GC(148) - age   2:      11816 bytes,    1522712 total
[2024-02-23T22:26:04.680+0000][7][gc,age      ] GC(148) - age   3:      11192 bytes,    1533904 total
[2024-02-23T22:26:04.680+0000][7][gc,age      ] GC(148) - age   4:      22104 bytes,    1556008 total
[2024-02-23T22:26:04.680+0000][7][gc,age      ] GC(148) - age   5:     178768 bytes,    1734776 total
[2024-02-23T22:26:04.680+0000][7][gc,age      ] GC(148) - age   6:     131600 bytes,    1866376 total
[2024-02-23T22:26:04.680+0000][7][gc,age      ] GC(148) - age   7:      76800 bytes,    1943176 total
[2024-02-23T22:26:04.680+0000][7][gc,age      ] GC(148) - age   9:        184 bytes,    1943360 total
[2024-02-23T22:26:04.680+0000][7][gc,age      ] GC(148) - age  10:         80 bytes,    1943440 total
[2024-02-23T22:26:04.680+0000][7][gc,age      ] GC(148) - age  12:         48 bytes,    1943488 total
[2024-02-23T22:26:04.680+0000][7][gc,age      ] GC(148) - age  13:        152 bytes,    1943640 total
[2024-02-23T22:26:04.680+0000][7][gc,age      ] GC(148) - age  14:       3280 bytes,    1946920 total
[2024-02-23T22:26:04.680+0000][7][gc,age      ] GC(148) - age  15:      92944 bytes,    2039864 total
[2024-02-23T22:26:04.680+0000][7][gc,heap     ] GC(148) Eden regions: 152->0(152)
[2024-02-23T22:26:04.680+0000][7][gc,heap     ] GC(148) Survivor regions: 1->1(20)
[2024-02-23T22:26:04.680+0000][7][gc,heap     ] GC(148) Old regions: 24->24
[2024-02-23T22:26:04.680+0000][7][gc,heap     ] GC(148) Archive regions: 2->2
[2024-02-23T22:26:04.680+0000][7][gc,heap     ] GC(148) Humongous regions: 0->0
[2024-02-23T22:26:04.680+0000][7][gc,metaspace] GC(148) Metaspace: 128708K(132352K)->128708K(132352K) NonClass: 111861K(113792K)->111861K(113792K) Class: 16847K(18560K)->16847K(18560K)
[2024-02-23T22:26:04.680+0000][7][gc          ] GC(148) Pause Young (Normal) (G1 Evacuation Pause) 709M->100M(1024M) 2.965ms
[2024-02-23T22:26:04.680+0000][7][gc,cpu      ] GC(148) User=0.01s Sys=0.00s Real=0.01s
[2024-02-23T22:26:04.680+0000][7][safepoint   ] Safepoint "G1CollectForAllocation", Time since last: 29950438805 ns, Reaching safepoint: 54868 ns, At safepoint: 3057658 ns, Total: 3112526 ns
[2024-02-23T22:26:41.774+0000][7][safepoint   ] Safepoint "Cleanup", Time since last: 37093609638 ns, Reaching safepoint: 88709 ns, At safepoint: 4853 ns, Total: 93562 ns
[2024-02-23T22:27:49.781+0000][7][safepoint   ] Safepoint "Cleanup", Time since last: 68007260251 ns, Reaching safepoint: 41207 ns, At safepoint: 20786 ns, Total: 61993 ns
[2024-02-23T22:27:50.781+0000][7][safepoint   ] Safepoint "Cleanup", Time since last: 1000210114 ns, Reaching safepoint: 88535 ns, At safepoint: 21090 ns, Total: 109625 ns
[2024-02-23T22:29:22.829+0000][7][gc,start    ] GC(149) Pause Young (Normal) (G1 Evacuation Pause)
[2024-02-23T22:29:22.829+0000][7][gc,task     ] GC(149) Using 8 workers of 8 for evacuation
[2024-02-23T22:29:22.829+0000][7][gc,age      ] GC(149) Desired survivor size 41943040 bytes, new threshold 15 (max threshold 15)
[2024-02-23T22:29:22.832+0000][7][gc,phases   ] GC(149)   Pre Evacuate Collection Set: 0.1ms
[2024-02-23T22:29:22.832+0000][7][gc,phases   ] GC(149)   Merge Heap Roots: 0.1ms
[2024-02-23T22:29:22.832+0000][7][gc,phases   ] GC(149)   Evacuate Collection Set: 1.9ms
[2024-02-23T22:29:22.832+0000][7][gc,phases   ] GC(149)   Post Evacuate Collection Set: 0.9ms
[2024-02-23T22:29:22.832+0000][7][gc,phases   ] GC(149)   Other: 0.1ms
[2024-02-23T22:29:22.832+0000][7][gc,age      ] GC(149) Age table with threshold 15 (max threshold 15)
[2024-02-23T22:29:22.832+0000][7][gc,age      ] GC(149) - age   1:    1617616 bytes,    1617616 total
[2024-02-23T22:29:22.832+0000][7][gc,age      ] GC(149) - age   2:       6816 bytes,    1624432 total
[2024-02-23T22:29:22.832+0000][7][gc,age      ] GC(149) - age   3:       9664 bytes,    1634096 total
[2024-02-23T22:29:22.832+0000][7][gc,age      ] GC(149) - age   4:      10816 bytes,    1644912 total
[2024-02-23T22:29:22.832+0000][7][gc,age      ] GC(149) - age   5:      22016 bytes,    1666928 total
[2024-02-23T22:29:22.832+0000][7][gc,age      ] GC(149) - age   6:     178736 bytes,    1845664 total
[2024-02-23T22:29:22.832+0000][7][gc,age      ] GC(149) - age   7:     131600 bytes,    1977264 total
[2024-02-23T22:29:22.832+0000][7][gc,age      ] GC(149) - age   8:      76800 bytes,    2054064 total
[2024-02-23T22:29:22.832+0000][7][gc,age      ] GC(149) - age  10:        184 bytes,    2054248 total
[2024-02-23T22:29:22.832+0000][7][gc,age      ] GC(149) - age  11:         80 bytes,    2054328 total
[2024-02-23T22:29:22.832+0000][7][gc,age      ] GC(149) - age  13:         48 bytes,    2054376 total
[2024-02-23T22:29:22.832+0000][7][gc,age      ] GC(149) - age  14:        152 bytes,    2054528 total
[2024-02-23T22:29:22.832+0000][7][gc,age      ] GC(149) - age  15:       3280 bytes,    2057808 total
[2024-02-23T22:29:22.832+0000][7][gc,heap     ] GC(149) Eden regions: 152->0(152)
[2024-02-23T22:29:22.832+0000][7][gc,heap     ] GC(149) Survivor regions: 1->1(20)
[2024-02-23T22:29:22.832+0000][7][gc,heap     ] GC(149) Old regions: 24->24
[2024-02-23T22:29:22.832+0000][7][gc,heap     ] GC(149) Archive regions: 2->2
[2024-02-23T22:29:22.832+0000][7][gc,heap     ] GC(149) Humongous regions: 0->0
[2024-02-23T22:29:22.832+0000][7][gc,metaspace] GC(149) Metaspace: 128708K(132352K)->128708K(132352K) NonClass: 111861K(113792K)->111861K(113792K) Class: 16847K(18560K)->16847K(18560K)
[2024-02-23T22:29:22.833+0000][7][gc          ] GC(149) Pause Young (Normal) (G1 Evacuation Pause) 708M->100M(1024M) 3.441ms
[2024-02-23T22:29:22.833+0000][7][gc,cpu      ] GC(149) User=0.01s Sys=0.01s Real=0.01s
[2024-02-23T22:29:22.833+0000][7][safepoint   ] Safepoint "G1CollectForAllocation", Time since last: 92047669037 ns, Reaching safepoint: 78554 ns, At safepoint: 3546164 ns, Total: 3624718 ns
[2024-02-23T22:31:50.849+0000][7][safepoint   ] Safepoint "Cleanup", Time since last: 148015887677 ns, Reaching safepoint: 73868 ns, At safepoint: 39665 ns, Total: 113533 ns
[2024-02-23T22:32:43.680+0000][7][gc,start    ] GC(150) Pause Young (Normal) (G1 Evacuation Pause)
[2024-02-23T22:32:43.680+0000][7][gc,task     ] GC(150) Using 8 workers of 8 for evacuation
[2024-02-23T22:32:43.680+0000][7][gc,age      ] GC(150) Desired survivor size 41943040 bytes, new threshold 15 (max threshold 15)
[2024-02-23T22:32:43.685+0000][7][gc,phases   ] GC(150)   Pre Evacuate Collection Set: 0.1ms
[2024-02-23T22:32:43.685+0000][7][gc,phases   ] GC(150)   Merge Heap Roots: 0.1ms
[2024-02-23T22:32:43.685+0000][7][gc,phases   ] GC(150)   Evacuate Collection Set: 2.9ms
[2024-02-23T22:32:43.685+0000][7][gc,phases   ] GC(150)   Post Evacuate Collection Set: 1.9ms
[2024-02-23T22:32:43.685+0000][7][gc,phases   ] GC(150)   Other: 0.2ms
[2024-02-23T22:32:43.685+0000][7][gc,age      ] GC(150) Age table with threshold 15 (max threshold 15)
[2024-02-23T22:32:43.685+0000][7][gc,age      ] GC(150) - age   1:    1576592 bytes,    1576592 total
[2024-02-23T22:32:43.685+0000][7][gc,age      ] GC(150) - age   2:      11624 bytes,    1588216 total
[2024-02-23T22:32:43.685+0000][7][gc,age      ] GC(150) - age   3:       4832 bytes,    1593048 total
[2024-02-23T22:32:43.685+0000][7][gc,age      ] GC(150) - age   4:       9600 bytes,    1602648 total
[2024-02-23T22:32:43.685+0000][7][gc,age      ] GC(150) - age   5:      10816 bytes,    1613464 total
[2024-02-23T22:32:43.685+0000][7][gc,age      ] GC(150) - age   6:      22016 bytes,    1635480 total
[2024-02-23T22:32:43.685+0000][7][gc,age      ] GC(150) - age   7:     178552 bytes,    1814032 total
[2024-02-23T22:32:43.685+0000][7][gc,age      ] GC(150) - age   8:     131600 bytes,    1945632 total
[2024-02-23T22:32:43.685+0000][7][gc,age      ] GC(150) - age   9:      76800 bytes,    2022432 total
[2024-02-23T22:32:43.685+0000][7][gc,age      ] GC(150) - age  11:        184 bytes,    2022616 total
[2024-02-23T22:32:43.685+0000][7][gc,age      ] GC(150) - age  12:         80 bytes,    2022696 total
[2024-02-23T22:32:43.685+0000][7][gc,age      ] GC(150) - age  14:         48 bytes,    2022744 total
[2024-02-23T22:32:43.685+0000][7][gc,age      ] GC(150) - age  15:        152 bytes,    2022896 total
[2024-02-23T22:32:43.685+0000][7][gc,heap     ] GC(150) Eden regions: 152->0(152)
[2024-02-23T22:32:43.685+0000][7][gc,heap     ] GC(150) Survivor regions: 1->1(20)
[2024-02-23T22:32:43.685+0000][7][gc,heap     ] GC(150) Old regions: 24->24
[2024-02-23T22:32:43.685+0000][7][gc,heap     ] GC(150) Archive regions: 2->2
[2024-02-23T22:32:43.685+0000][7][gc,heap     ] GC(150) Humongous regions: 0->0
[2024-02-23T22:32:43.685+0000][7][gc,metaspace] GC(150) Metaspace: 128708K(132352K)->128708K(132352K) NonClass: 111861K(113792K)->111861K(113792K) Class: 16847K(18560K)->16847K(18560K)
[2024-02-23T22:32:43.685+0000][7][gc          ] GC(150) Pause Young (Normal) (G1 Evacuation Pause) 708M->100M(1024M) 5.602ms
[2024-02-23T22:32:43.685+0000][7][gc,cpu      ] GC(150) User=0.01s Sys=0.00s Real=0.00s
[2024-02-23T22:32:43.685+0000][7][safepoint   ] Safepoint "G1CollectForAllocation", Time since last: 52830987492 ns, Reaching safepoint: 107443 ns, At safepoint: 5757101 ns, Total: 5864544 ns
[2024-02-23T22:35:34.701+0000][7][safepoint   ] Safepoint "Cleanup", Time since last: 171015851533 ns, Reaching safepoint: 100650 ns, At safepoint: 3262 ns, Total: 103912 ns
[2024-02-23T22:36:04.678+0000][7][gc,start    ] GC(151) Pause Young (Normal) (G1 Evacuation Pause)
[2024-02-23T22:36:04.678+0000][7][gc,task     ] GC(151) Using 8 workers of 8 for evacuation
[2024-02-23T22:36:04.678+0000][7][gc,age      ] GC(151) Desired survivor size 41943040 bytes, new threshold 15 (max threshold 15)
[2024-02-23T22:36:04.681+0000][7][gc,phases   ] GC(151)   Pre Evacuate Collection Set: 0.1ms
[2024-02-23T22:36:04.681+0000][7][gc,phases   ] GC(151)   Merge Heap Roots: 0.1ms
[2024-02-23T22:36:04.681+0000][7][gc,phases   ] GC(151)   Evacuate Collection Set: 1.6ms
[2024-02-23T22:36:04.681+0000][7][gc,phases   ] GC(151)   Post Evacuate Collection Set: 1.0ms
[2024-02-23T22:36:04.681+0000][7][gc,phases   ] GC(151)   Other: 0.1ms
[2024-02-23T22:36:04.681+0000][7][gc,age      ] GC(151) Age table with threshold 15 (max threshold 15)
[2024-02-23T22:36:04.681+0000][7][gc,age      ] GC(151) - age   1:    1174712 bytes,    1174712 total
[2024-02-23T22:36:04.681+0000][7][gc,age      ] GC(151) - age   2:       2800 bytes,    1177512 total
[2024-02-23T22:36:04.681+0000][7][gc,age      ] GC(151) - age   3:       8776 bytes,    1186288 total
[2024-02-23T22:36:04.681+0000][7][gc,age      ] GC(151) - age   4:         24 bytes,    1186312 total
[2024-02-23T22:36:04.681+0000][7][gc,age      ] GC(151) - age   5:       9600 bytes,    1195912 total
[2024-02-23T22:36:04.681+0000][7][gc,age      ] GC(151) - age   6:      10424 bytes,    1206336 total
[2024-02-23T22:36:04.681+0000][7][gc,age      ] GC(151) - age   7:      21984 bytes,    1228320 total
[2024-02-23T22:36:04.681+0000][7][gc,age      ] GC(151) - age   8:     178552 bytes,    1406872 total
[2024-02-23T22:36:04.681+0000][7][gc,age      ] GC(151) - age   9:     131600 bytes,    1538472 total
[2024-02-23T22:36:04.681+0000][7][gc,age      ] GC(151) - age  10:      76800 bytes,    1615272 total
[2024-02-23T22:36:04.681+0000][7][gc,age      ] GC(151) - age  12:        184 bytes,    1615456 total
[2024-02-23T22:36:04.681+0000][7][gc,age      ] GC(151) - age  13:         80 bytes,    1615536 total
[2024-02-23T22:36:04.681+0000][7][gc,age      ] GC(151) - age  15:         48 bytes,    1615584 total
[2024-02-23T22:36:04.681+0000][7][gc,heap     ] GC(151) Eden regions: 152->0(152)
[2024-02-23T22:36:04.681+0000][7][gc,heap     ] GC(151) Survivor regions: 1->1(20)
[2024-02-23T22:36:04.681+0000][7][gc,heap     ] GC(151) Old regions: 24->24
[2024-02-23T22:36:04.681+0000][7][gc,heap     ] GC(151) Archive regions: 2->2
[2024-02-23T22:36:04.681+0000][7][gc,heap     ] GC(151) Humongous regions: 0->0
[2024-02-23T22:36:04.681+0000][7][gc,metaspace] GC(151) Metaspace: 128710K(132352K)->128710K(132352K) NonClass: 111862K(113792K)->111862K(113792K) Class: 16847K(18560K)->16847K(18560K)
[2024-02-23T22:36:04.681+0000][7][gc          ] GC(151) Pause Young (Normal) (G1 Evacuation Pause) 708M->100M(1024M) 3.286ms
[2024-02-23T22:36:04.681+0000][7][gc,cpu      ] GC(151) User=0.01s Sys=0.00s Real=0.00s
[2024-02-23T22:36:04.681+0000][7][safepoint   ] Safepoint "G1CollectForAllocation", Time since last: 29976114245 ns, Reaching safepoint: 131170 ns, At safepoint: 3388288 ns, Total: 3519458 ns
[2024-02-23T22:37:14.688+0000][7][safepoint   ] Safepoint "Cleanup", Time since last: 70007335638 ns, Reaching safepoint: 64912 ns, At safepoint: 8918 ns, Total: 73830 ns
[2024-02-23T22:39:16.987+0000][7][gc,start    ] GC(152) Pause Young (Normal) (G1 Evacuation Pause)
[2024-02-23T22:39:16.987+0000][7][gc,task     ] GC(152) Using 8 workers of 8 for evacuation
[2024-02-23T22:39:16.987+0000][7][gc,age      ] GC(152) Desired survivor size 41943040 bytes, new threshold 15 (max threshold 15)
[2024-02-23T22:39:16.990+0000][7][gc,phases   ] GC(152)   Pre Evacuate Collection Set: 0.1ms
[2024-02-23T22:39:16.990+0000][7][gc,phases   ] GC(152)   Merge Heap Roots: 0.1ms
[2024-02-23T22:39:16.990+0000][7][gc,phases   ] GC(152)   Evacuate Collection Set: 1.6ms
[2024-02-23T22:39:16.990+0000][7][gc,phases   ] GC(152)   Post Evacuate Collection Set: 0.8ms
[2024-02-23T22:39:16.990+0000][7][gc,phases   ] GC(152)   Other: 0.1ms
[2024-02-23T22:39:16.990+0000][7][gc,age      ] GC(152) Age table with threshold 15 (max threshold 15)
[2024-02-23T22:39:16.990+0000][7][gc,age      ] GC(152) - age   1:    1353000 bytes,    1353000 total
[2024-02-23T22:39:16.990+0000][7][gc,age      ] GC(152) - age   2:       7384 bytes,    1360384 total
[2024-02-23T22:39:16.990+0000][7][gc,age      ] GC(152) - age   3:        848 bytes,    1361232 total
[2024-02-23T22:39:16.990+0000][7][gc,age      ] GC(152) - age   4:       8712 bytes,    1369944 total
[2024-02-23T22:39:16.990+0000][7][gc,age      ] GC(152) - age   5:         24 bytes,    1369968 total
[2024-02-23T22:39:16.990+0000][7][gc,age      ] GC(152) - age   6:       9600 bytes,    1379568 total
[2024-02-23T22:39:16.990+0000][7][gc,age      ] GC(152) - age   7:      10040 bytes,    1389608 total
[2024-02-23T22:39:16.990+0000][7][gc,age      ] GC(152) - age   8:      21984 bytes,    1411592 total
[2024-02-23T22:39:16.990+0000][7][gc,age      ] GC(152) - age   9:     178552 bytes,    1590144 total
[2024-02-23T22:39:16.990+0000][7][gc,age      ] GC(152) - age  10:     131600 bytes,    1721744 total
[2024-02-23T22:39:16.990+0000][7][gc,age      ] GC(152) - age  11:      76800 bytes,    1798544 total
[2024-02-23T22:39:16.990+0000][7][gc,age      ] GC(152) - age  13:        184 bytes,    1798728 total
[2024-02-23T22:39:16.990+0000][7][gc,age      ] GC(152) - age  14:         80 bytes,    1798808 total
[2024-02-23T22:39:16.990+0000][7][gc,heap     ] GC(152) Eden regions: 152->0(152)
[2024-02-23T22:39:16.990+0000][7][gc,heap     ] GC(152) Survivor regions: 1->1(20)
[2024-02-23T22:39:16.990+0000][7][gc,heap     ] GC(152) Old regions: 24->24
[2024-02-23T22:39:16.990+0000][7][gc,heap     ] GC(152) Archive regions: 2->2
[2024-02-23T22:39:16.990+0000][7][gc,heap     ] GC(152) Humongous regions: 0->0
[2024-02-23T22:39:16.990+0000][7][gc,metaspace] GC(152) Metaspace: 128710K(132352K)->128710K(132352K) NonClass: 111862K(113792K)->111862K(113792K) Class: 16847K(18560K)->16847K(18560K)
[2024-02-23T22:39:16.990+0000][7][gc          ] GC(152) Pause Young (Normal) (G1 Evacuation Pause) 708M->100M(1024M) 3.048ms
[2024-02-23T22:39:16.990+0000][7][gc,cpu      ] GC(152) User=0.01s Sys=0.00s Real=0.01s
[2024-02-23T22:39:16.990+0000][7][safepoint   ] Safepoint "G1CollectForAllocation", Time since last: 122298699991 ns, Reaching safepoint: 93082 ns, At safepoint: 3155470 ns, Total: 3248552 ns
[2024-02-23T22:42:37.711+0000][7][gc,start    ] GC(153) Pause Young (Normal) (G1 Evacuation Pause)
[2024-02-23T22:42:37.711+0000][7][gc,task     ] GC(153) Using 8 workers of 8 for evacuation
[2024-02-23T22:42:37.711+0000][7][gc,age      ] GC(153) Desired survivor size 41943040 bytes, new threshold 15 (max threshold 15)
[2024-02-23T22:42:37.714+0000][7][gc,phases   ] GC(153)   Pre Evacuate Collection Set: 0.2ms
[2024-02-23T22:42:37.714+0000][7][gc,phases   ] GC(153)   Merge Heap Roots: 0.1ms
[2024-02-23T22:42:37.714+0000][7][gc,phases   ] GC(153)   Evacuate Collection Set: 1.4ms
[2024-02-23T22:42:37.714+0000][7][gc,phases   ] GC(153)   Post Evacuate Collection Set: 0.8ms
[2024-02-23T22:42:37.714+0000][7][gc,phases   ] GC(153)   Other: 0.1ms
[2024-02-23T22:42:37.714+0000][7][gc,age      ] GC(153) Age table with threshold 15 (max threshold 15)
[2024-02-23T22:42:37.714+0000][7][gc,age      ] GC(153) - age   1:    1134824 bytes,    1134824 total
[2024-02-23T22:42:37.714+0000][7][gc,age      ] GC(153) - age   2:       3264 bytes,    1138088 total
[2024-02-23T22:42:37.714+0000][7][gc,age      ] GC(153) - age   3:       5296 bytes,    1143384 total
[2024-02-23T22:42:37.714+0000][7][gc,age      ] GC(153) - age   4:        720 bytes,    1144104 total
[2024-02-23T22:42:37.714+0000][7][gc,age      ] GC(153) - age   5:       8280 bytes,    1152384 total
[2024-02-23T22:42:37.714+0000][7][gc,age      ] GC(153) - age   6:         24 bytes,    1152408 total
[2024-02-23T22:42:37.714+0000][7][gc,age      ] GC(153) - age   7:       9600 bytes,    1162008 total
[2024-02-23T22:42:37.714+0000][7][gc,age      ] GC(153) - age   8:      10040 bytes,    1172048 total
[2024-02-23T22:42:37.714+0000][7][gc,age      ] GC(153) - age   9:      21984 bytes,    1194032 total
[2024-02-23T22:42:37.714+0000][7][gc,age      ] GC(153) - age  10:     178552 bytes,    1372584 total
[2024-02-23T22:42:37.714+0000][7][gc,age      ] GC(153) - age  11:     131600 bytes,    1504184 total
[2024-02-23T22:42:37.714+0000][7][gc,age      ] GC(153) - age  12:      76800 bytes,    1580984 total
[2024-02-23T22:42:37.714+0000][7][gc,age      ] GC(153) - age  14:        184 bytes,    1581168 total
[2024-02-23T22:42:37.714+0000][7][gc,age      ] GC(153) - age  15:         80 bytes,    1581248 total
[2024-02-23T22:42:37.714+0000][7][gc,heap     ] GC(153) Eden regions: 152->0(152)
[2024-02-23T22:42:37.714+0000][7][gc,heap     ] GC(153) Survivor regions: 1->1(20)
[2024-02-23T22:42:37.714+0000][7][gc,heap     ] GC(153) Old regions: 24->24
[2024-02-23T22:42:37.714+0000][7][gc,heap     ] GC(153) Archive regions: 2->2
[2024-02-23T22:42:37.714+0000][7][gc,heap     ] GC(153) Humongous regions: 0->0
[2024-02-23T22:42:37.714+0000][7][gc,metaspace] GC(153) Metaspace: 128710K(132352K)->128710K(132352K) NonClass: 111862K(113792K)->111862K(113792K) Class: 16847K(18560K)->16847K(18560K)
[2024-02-23T22:42:37.714+0000][7][gc          ] GC(153) Pause Young (Normal) (G1 Evacuation Pause) 708M->100M(1024M) 2.839ms
[2024-02-23T22:42:37.714+0000][7][gc,cpu      ] GC(153) User=0.01s Sys=0.00s Real=0.00s
[2024-02-23T22:42:37.714+0000][7][safepoint   ] Safepoint "G1CollectForAllocation", Time since last: 200720807800 ns, Reaching safepoint: 61563 ns, At safepoint: 2950124 ns, Total: 3011687 ns
[2024-02-23T22:45:34.730+0000][7][safepoint   ] Safepoint "Cleanup", Time since last: 177016028477 ns, Reaching safepoint: 61041 ns, At safepoint: 5237 ns, Total: 66278 ns
[2024-02-23T22:45:55.728+0000][7][gc,start    ] GC(154) Pause Young (Normal) (G1 Evacuation Pause)
[2024-02-23T22:45:55.728+0000][7][gc,task     ] GC(154) Using 8 workers of 8 for evacuation
[2024-02-23T22:45:55.728+0000][7][gc,age      ] GC(154) Desired survivor size 41943040 bytes, new threshold 15 (max threshold 15)
[2024-02-23T22:45:55.732+0000][7][gc,phases   ] GC(154)   Pre Evacuate Collection Set: 0.1ms
[2024-02-23T22:45:55.732+0000][7][gc,phases   ] GC(154)   Merge Heap Roots: 0.1ms
[2024-02-23T22:45:55.732+0000][7][gc,phases   ] GC(154)   Evacuate Collection Set: 2.8ms
[2024-02-23T22:45:55.732+0000][7][gc,phases   ] GC(154)   Post Evacuate Collection Set: 0.8ms
[2024-02-23T22:45:55.732+0000][7][gc,phases   ] GC(154)   Other: 0.1ms
[2024-02-23T22:45:55.732+0000][7][gc,age      ] GC(154) Age table with threshold 15 (max threshold 15)
[2024-02-23T22:45:55.732+0000][7][gc,age      ] GC(154) - age   1:    1173328 bytes,    1173328 total
[2024-02-23T22:45:55.732+0000][7][gc,age      ] GC(154) - age   2:      10520 bytes,    1183848 total
[2024-02-23T22:45:55.732+0000][7][gc,age      ] GC(154) - age   3:        992 bytes,    1184840 total
[2024-02-23T22:45:55.732+0000][7][gc,age      ] GC(154) - age   4:        672 bytes,    1185512 total
[2024-02-23T22:45:55.732+0000][7][gc,age      ] GC(154) - age   5:        720 bytes,    1186232 total
[2024-02-23T22:45:55.732+0000][7][gc,age      ] GC(154) - age   6:       8224 bytes,    1194456 total
[2024-02-23T22:45:55.732+0000][7][gc,age      ] GC(154) - age   7:         24 bytes,    1194480 total
[2024-02-23T22:45:55.732+0000][7][gc,age      ] GC(154) - age   8:       9600 bytes,    1204080 total
[2024-02-23T22:45:55.732+0000][7][gc,age      ] GC(154) - age   9:      10040 bytes,    1214120 total
[2024-02-23T22:45:55.732+0000][7][gc,age      ] GC(154) - age  10:      21800 bytes,    1235920 total
[2024-02-23T22:45:55.732+0000][7][gc,age      ] GC(154) - age  11:     178552 bytes,    1414472 total
[2024-02-23T22:45:55.732+0000][7][gc,age      ] GC(154) - age  12:     131600 bytes,    1546072 total
[2024-02-23T22:45:55.732+0000][7][gc,age      ] GC(154) - age  13:      76800 bytes,    1622872 total
[2024-02-23T22:45:55.732+0000][7][gc,heap     ] GC(154) Eden regions: 152->0(152)
[2024-02-23T22:45:55.732+0000][7][gc,heap     ] GC(154) Survivor regions: 1->1(20)
[2024-02-23T22:45:55.732+0000][7][gc,heap     ] GC(154) Old regions: 24->24
[2024-02-23T22:45:55.732+0000][7][gc,heap     ] GC(154) Archive regions: 2->2
[2024-02-23T22:45:55.732+0000][7][gc,heap     ] GC(154) Humongous regions: 0->0
[2024-02-23T22:45:55.732+0000][7][gc,metaspace] GC(154) Metaspace: 128713K(132352K)->128713K(132352K) NonClass: 111865K(113792K)->111865K(113792K) Class: 16847K(18560K)->16847K(18560K)
[2024-02-23T22:45:55.732+0000][7][gc          ] GC(154) Pause Young (Normal) (G1 Evacuation Pause) 708M->100M(1024M) 4.256ms
[2024-02-23T22:45:55.732+0000][7][gc,cpu      ] GC(154) User=0.01s Sys=0.00s Real=0.01s
[2024-02-23T22:45:55.732+0000][7][safepoint   ] Safepoint "G1CollectForAllocation", Time since last: 20997123690 ns, Reaching safepoint: 76614 ns, At safepoint: 4361459 ns, Total: 4438073 ns
[2024-02-23T22:46:05.733+0000][7][safepoint   ] Safepoint "Cleanup", Time since last: 10001106834 ns, Reaching safepoint: 45361 ns, At safepoint: 28471 ns, Total: 73832 ns
[2024-02-23T22:46:06.733+0000][7][safepoint   ] Safepoint "Cleanup", Time since last: 1000106150 ns, Reaching safepoint: 65470 ns, At safepoint: 6308 ns, Total: 71778 ns
[2024-02-23T22:46:07.733+0000][7][safepoint   ] Safepoint "Cleanup", Time since last: 1000124072 ns, Reaching safepoint: 71604 ns, At safepoint: 6181 ns, Total: 77785 ns
[2024-02-23T22:46:09.734+0000][7][safepoint   ] Safepoint "Cleanup", Time since last: 2000226520 ns, Reaching safepoint: 36675 ns, At safepoint: 4123 ns, Total: 40798 ns
[2024-02-23T22:46:11.734+0000][7][safepoint   ] Safepoint "Cleanup", Time since last: 2000200269 ns, Reaching safepoint: 59849 ns, At safepoint: 20084 ns, Total: 79933 ns
[2024-02-23T22:47:13.739+0000][7][safepoint   ] Safepoint "Cleanup", Time since last: 62005330324 ns, Reaching safepoint: 76042 ns, At safepoint: 9803 ns, Total: 85845 ns
[2024-02-23T22:47:14.740+0000][7][safepoint   ] Safepoint "Cleanup", Time since last: 1000124232 ns, Reaching safepoint: 73538 ns, At safepoint: 13566 ns, Total: 87104 ns
[2024-02-23T22:47:16.740+0000][7][safepoint   ] Safepoint "Cleanup", Time since last: 2000232464 ns, Reaching safepoint: 53211 ns, At safepoint: 6602 ns, Total: 59813 ns
[2024-02-23T22:48:41.747+0000][7][safepoint   ] Safepoint "Cleanup", Time since last: 85007075310 ns, Reaching safepoint: 74573 ns, At safepoint: 27626 ns, Total: 102199 ns
[2024-02-23T22:49:19.719+0000][7][gc,start    ] GC(155) Pause Young (Normal) (G1 Evacuation Pause)
[2024-02-23T22:49:19.719+0000][7][gc,task     ] GC(155) Using 8 workers of 8 for evacuation
[2024-02-23T22:49:19.719+0000][7][gc,age      ] GC(155) Desired survivor size 41943040 bytes, new threshold 15 (max threshold 15)
[2024-02-23T22:49:19.721+0000][7][gc,phases   ] GC(155)   Pre Evacuate Collection Set: 0.1ms
[2024-02-23T22:49:19.721+0000][7][gc,phases   ] GC(155)   Merge Heap Roots: 0.1ms
[2024-02-23T22:49:19.721+0000][7][gc,phases   ] GC(155)   Evacuate Collection Set: 1.1ms
[2024-02-23T22:49:19.721+0000][7][gc,phases   ] GC(155)   Post Evacuate Collection Set: 0.7ms
[2024-02-23T22:49:19.721+0000][7][gc,phases   ] GC(155)   Other: 0.1ms
[2024-02-23T22:49:19.721+0000][7][gc,age      ] GC(155) Age table with threshold 15 (max threshold 15)
[2024-02-23T22:49:19.721+0000][7][gc,age      ] GC(155) - age   1:     971736 bytes,     971736 total
[2024-02-23T22:49:19.721+0000][7][gc,age      ] GC(155) - age   2:       5912 bytes,     977648 total
[2024-02-23T22:49:19.721+0000][7][gc,age      ] GC(155) - age   3:        208 bytes,     977856 total
[2024-02-23T22:49:19.721+0000][7][gc,age      ] GC(155) - age   4:        680 bytes,     978536 total
[2024-02-23T22:49:19.721+0000][7][gc,age      ] GC(155) - age   5:        216 bytes,     978752 total
[2024-02-23T22:49:19.721+0000][7][gc,age      ] GC(155) - age   6:        720 bytes,     979472 total
[2024-02-23T22:49:19.721+0000][7][gc,age      ] GC(155) - age   7:       8224 bytes,     987696 total
[2024-02-23T22:49:19.721+0000][7][gc,age      ] GC(155) - age   8:         24 bytes,     987720 total
[2024-02-23T22:49:19.721+0000][7][gc,age      ] GC(155) - age   9:       9600 bytes,     997320 total
[2024-02-23T22:49:19.721+0000][7][gc,age      ] GC(155) - age  10:      10040 bytes,    1007360 total
[2024-02-23T22:49:19.721+0000][7][gc,age      ] GC(155) - age  11:      21800 bytes,    1029160 total
[2024-02-23T22:49:19.721+0000][7][gc,age      ] GC(155) - age  12:     178552 bytes,    1207712 total
[2024-02-23T22:49:19.721+0000][7][gc,age      ] GC(155) - age  13:     131600 bytes,    1339312 total
[2024-02-23T22:49:19.721+0000][7][gc,age      ] GC(155) - age  14:      76800 bytes,    1416112 total
[2024-02-23T22:49:19.721+0000][7][gc,heap     ] GC(155) Eden regions: 152->0(152)
[2024-02-23T22:49:19.721+0000][7][gc,heap     ] GC(155) Survivor regions: 1->1(20)
[2024-02-23T22:49:19.721+0000][7][gc,heap     ] GC(155) Old regions: 24->24
[2024-02-23T22:49:19.721+0000][7][gc,heap     ] GC(155) Archive regions: 2->2
[2024-02-23T22:49:19.721+0000][7][gc,heap     ] GC(155) Humongous regions: 0->0
[2024-02-23T22:49:19.721+0000][7][gc,metaspace] GC(155) Metaspace: 128713K(132352K)->128713K(132352K) NonClass: 111865K(113792K)->111865K(113792K) Class: 16847K(18560K)->16847K(18560K)
[2024-02-23T22:49:19.721+0000][7][gc          ] GC(155) Pause Young (Normal) (G1 Evacuation Pause) 708M->100M(1024M) 2.152ms
[2024-02-23T22:49:19.721+0000][7][gc,cpu      ] GC(155) User=0.01s Sys=0.00s Real=0.00s
[2024-02-23T22:49:19.721+0000][7][safepoint   ] Safepoint "G1CollectForAllocation", Time since last: 37972077837 ns, Reaching safepoint: 33785 ns, At safepoint: 2233733 ns, Total: 2267518 ns
[2024-02-23T22:52:34.736+0000][7][gc,start    ] GC(156) Pause Young (Normal) (G1 Evacuation Pause)
[2024-02-23T22:52:34.736+0000][7][gc,task     ] GC(156) Using 8 workers of 8 for evacuation
[2024-02-23T22:52:34.736+0000][7][gc,age      ] GC(156) Desired survivor size 41943040 bytes, new threshold 15 (max threshold 15)
[2024-02-23T22:52:34.738+0000][7][gc,phases   ] GC(156)   Pre Evacuate Collection Set: 0.1ms
[2024-02-23T22:52:34.738+0000][7][gc,phases   ] GC(156)   Merge Heap Roots: 0.1ms
[2024-02-23T22:52:34.738+0000][7][gc,phases   ] GC(156)   Evacuate Collection Set: 0.9ms
[2024-02-23T22:52:34.738+0000][7][gc,phases   ] GC(156)   Post Evacuate Collection Set: 0.6ms
[2024-02-23T22:52:34.738+0000][7][gc,phases   ] GC(156)   Other: 0.1ms
[2024-02-23T22:52:34.738+0000][7][gc,age      ] GC(156) Age table with threshold 15 (max threshold 15)
[2024-02-23T22:52:34.738+0000][7][gc,age      ] GC(156) - age   1:    1042400 bytes,    1042400 total
[2024-02-23T22:52:34.738+0000][7][gc,age      ] GC(156) - age   2:      11328 bytes,    1053728 total
[2024-02-23T22:52:34.738+0000][7][gc,age      ] GC(156) - age   3:       4416 bytes,    1058144 total
[2024-02-23T22:52:34.738+0000][7][gc,age      ] GC(156) - age   4:        208 bytes,    1058352 total
[2024-02-23T22:52:34.738+0000][7][gc,age      ] GC(156) - age   5:        384 bytes,    1058736 total
[2024-02-23T22:52:34.738+0000][7][gc,age      ] GC(156) - age   6:        216 bytes,    1058952 total
[2024-02-23T22:52:34.738+0000][7][gc,age      ] GC(156) - age   7:        720 bytes,    1059672 total
[2024-02-23T22:52:34.738+0000][7][gc,age      ] GC(156) - age   8:       8224 bytes,    1067896 total
[2024-02-23T22:52:34.738+0000][7][gc,age      ] GC(156) - age   9:         24 bytes,    1067920 total
[2024-02-23T22:52:34.738+0000][7][gc,age      ] GC(156) - age  10:       9600 bytes,    1077520 total
[2024-02-23T22:52:34.738+0000][7][gc,age      ] GC(156) - age  11:      10040 bytes,    1087560 total
[2024-02-23T22:52:34.738+0000][7][gc,age      ] GC(156) - age  12:      21800 bytes,    1109360 total
[2024-02-23T22:52:34.738+0000][7][gc,age      ] GC(156) - age  13:     178552 bytes,    1287912 total
[2024-02-23T22:52:34.738+0000][7][gc,age      ] GC(156) - age  14:     131600 bytes,    1419512 total
[2024-02-23T22:52:34.738+0000][7][gc,age      ] GC(156) - age  15:      76800 bytes,    1496312 total
[2024-02-23T22:52:34.738+0000][7][gc,heap     ] GC(156) Eden regions: 152->0(152)
[2024-02-23T22:52:34.738+0000][7][gc,heap     ] GC(156) Survivor regions: 1->1(20)
[2024-02-23T22:52:34.738+0000][7][gc,heap     ] GC(156) Old regions: 24->24
[2024-02-23T22:52:34.738+0000][7][gc,heap     ] GC(156) Archive regions: 2->2
[2024-02-23T22:52:34.738+0000][7][gc,heap     ] GC(156) Humongous regions: 0->0
[2024-02-23T22:52:34.738+0000][7][gc,metaspace] GC(156) Metaspace: 128713K(132352K)->128713K(132352K) NonClass: 111865K(113792K)->111865K(113792K) Class: 16847K(18560K)->16847K(18560K)
[2024-02-23T22:52:34.738+0000][7][gc          ] GC(156) Pause Young (Normal) (G1 Evacuation Pause) 708M->100M(1024M) 2.240ms
[2024-02-23T22:52:34.738+0000][7][gc,cpu      ] GC(156) User=0.01s Sys=0.00s Real=0.01s
[2024-02-23T22:52:34.738+0000][7][safepoint   ] Safepoint "G1CollectForAllocation", Time since last: 195014281927 ns, Reaching safepoint: 48577 ns, At safepoint: 2423855 ns, Total: 2472432 ns
[2024-02-23T22:55:53.821+0000][7][gc,start    ] GC(157) Pause Young (Normal) (G1 Evacuation Pause)
[2024-02-23T22:55:53.821+0000][7][gc,task     ] GC(157) Using 8 workers of 8 for evacuation
[2024-02-23T22:55:53.821+0000][7][gc,age      ] GC(157) Desired survivor size 41943040 bytes, new threshold 15 (max threshold 15)
[2024-02-23T22:55:53.824+0000][7][gc,phases   ] GC(157)   Pre Evacuate Collection Set: 0.1ms
[2024-02-23T22:55:53.824+0000][7][gc,phases   ] GC(157)   Merge Heap Roots: 0.1ms
[2024-02-23T22:55:53.824+0000][7][gc,phases   ] GC(157)   Evacuate Collection Set: 1.6ms
[2024-02-23T22:55:53.824+0000][7][gc,phases   ] GC(157)   Post Evacuate Collection Set: 0.8ms
[2024-02-23T22:55:53.824+0000][7][gc,phases   ] GC(157)   Other: 0.2ms
[2024-02-23T22:55:53.824+0000][7][gc,age      ] GC(157) Age table with threshold 15 (max threshold 15)
[2024-02-23T22:55:53.824+0000][7][gc,age      ] GC(157) - age   1:    1757376 bytes,    1757376 total
[2024-02-23T22:55:53.824+0000][7][gc,age      ] GC(157) - age   2:       2088 bytes,    1759464 total
[2024-02-23T22:55:53.824+0000][7][gc,age      ] GC(157) - age   3:       9096 bytes,    1768560 total
[2024-02-23T22:55:53.824+0000][7][gc,age      ] GC(157) - age   4:         56 bytes,    1768616 total
[2024-02-23T22:55:53.824+0000][7][gc,age      ] GC(157) - age   5:        208 bytes,    1768824 total
[2024-02-23T22:55:53.824+0000][7][gc,age      ] GC(157) - age   6:        384 bytes,    1769208 total
[2024-02-23T22:55:53.824+0000][7][gc,age      ] GC(157) - age   7:        184 bytes,    1769392 total
[2024-02-23T22:55:53.824+0000][7][gc,age      ] GC(157) - age   8:        720 bytes,    1770112 total
[2024-02-23T22:55:53.824+0000][7][gc,age      ] GC(157) - age   9:       8224 bytes,    1778336 total
[2024-02-23T22:55:53.824+0000][7][gc,age      ] GC(157) - age  10:         24 bytes,    1778360 total
[2024-02-23T22:55:53.824+0000][7][gc,age      ] GC(157) - age  11:       9600 bytes,    1787960 total
[2024-02-23T22:55:53.824+0000][7][gc,age      ] GC(157) - age  12:      10040 bytes,    1798000 total
[2024-02-23T22:55:53.824+0000][7][gc,age      ] GC(157) - age  13:      21800 bytes,    1819800 total
[2024-02-23T22:55:53.824+0000][7][gc,age      ] GC(157) - age  14:     178552 bytes,    1998352 total
[2024-02-23T22:55:53.824+0000][7][gc,age      ] GC(157) - age  15:     131600 bytes,    2129952 total
[2024-02-23T22:55:53.824+0000][7][gc,heap     ] GC(157) Eden regions: 152->0(152)
[2024-02-23T22:55:53.824+0000][7][gc,heap     ] GC(157) Survivor regions: 1->1(20)
[2024-02-23T22:55:53.824+0000][7][gc,heap     ] GC(157) Old regions: 24->24
[2024-02-23T22:55:53.824+0000][7][gc,heap     ] GC(157) Archive regions: 2->2
[2024-02-23T22:55:53.824+0000][7][gc,heap     ] GC(157) Humongous regions: 0->0
[2024-02-23T22:55:53.824+0000][7][gc,metaspace] GC(157) Metaspace: 128714K(132352K)->128714K(132352K) NonClass: 111867K(113792K)->111867K(113792K) Class: 16847K(18560K)->16847K(18560K)
[2024-02-23T22:55:53.824+0000][7][gc          ] GC(157) Pause Young (Normal) (G1 Evacuation Pause) 708M->100M(1024M) 3.129ms
[2024-02-23T22:55:53.824+0000][7][gc,cpu      ] GC(157) User=0.01s Sys=0.00s Real=0.00s
[2024-02-23T22:55:53.824+0000][7][safepoint   ] Safepoint "G1CollectForAllocation", Time since last: 199082149946 ns, Reaching safepoint: 121494 ns, At safepoint: 3285271 ns, Total: 3406765 ns
[2024-02-23T22:56:28.827+0000][7][safepoint   ] Safepoint "Cleanup", Time since last: 35002944404 ns, Reaching safepoint: 78902 ns, At safepoint: 21697 ns, Total: 100599 ns
[2024-02-23T22:59:11.072+0000][7][gc,start    ] GC(158) Pause Young (Normal) (G1 Evacuation Pause)
[2024-02-23T22:59:11.072+0000][7][gc,task     ] GC(158) Using 8 workers of 8 for evacuation
[2024-02-23T22:59:11.072+0000][7][gc,age      ] GC(158) Desired survivor size 41943040 bytes, new threshold 15 (max threshold 15)
[2024-02-23T22:59:11.074+0000][7][gc,phases   ] GC(158)   Pre Evacuate Collection Set: 0.1ms
[2024-02-23T22:59:11.074+0000][7][gc,phases   ] GC(158)   Merge Heap Roots: 0.1ms
[2024-02-23T22:59:11.074+0000][7][gc,phases   ] GC(158)   Evacuate Collection Set: 0.8ms
[2024-02-23T22:59:11.074+0000][7][gc,phases   ] GC(158)   Post Evacuate Collection Set: 0.5ms
[2024-02-23T22:59:11.074+0000][7][gc,phases   ] GC(158)   Other: 0.1ms
[2024-02-23T22:59:11.074+0000][7][gc,age      ] GC(158) Age table with threshold 15 (max threshold 15)
[2024-02-23T22:59:11.074+0000][7][gc,age      ] GC(158) - age   1:     536408 bytes,     536408 total
[2024-02-23T22:59:11.074+0000][7][gc,age      ] GC(158) - age   2:       7064 bytes,     543472 total
[2024-02-23T22:59:11.074+0000][7][gc,age      ] GC(158) - age   4:       8776 bytes,     552248 total
[2024-02-23T22:59:11.074+0000][7][gc,age      ] GC(158) - age   5:         32 bytes,     552280 total
[2024-02-23T22:59:11.074+0000][7][gc,age      ] GC(158) - age   6:        208 bytes,     552488 total
[2024-02-23T22:59:11.074+0000][7][gc,age      ] GC(158) - age   8:        184 bytes,     552672 total
[2024-02-23T22:59:11.074+0000][7][gc,age      ] GC(158) - age   9:        720 bytes,     553392 total
[2024-02-23T22:59:11.074+0000][7][gc,age      ] GC(158) - age  10:       8224 bytes,     561616 total
[2024-02-23T22:59:11.074+0000][7][gc,age      ] GC(158) - age  11:         24 bytes,     561640 total
[2024-02-23T22:59:11.074+0000][7][gc,age      ] GC(158) - age  12:       9600 bytes,     571240 total
[2024-02-23T22:59:11.074+0000][7][gc,age      ] GC(158) - age  13:      10040 bytes,     581280 total
[2024-02-23T22:59:11.074+0000][7][gc,age      ] GC(158) - age  14:      21800 bytes,     603080 total
[2024-02-23T22:59:11.074+0000][7][gc,age      ] GC(158) - age  15:     178552 bytes,     781632 total
[2024-02-23T22:59:11.074+0000][7][gc,heap     ] GC(158) Eden regions: 152->0(152)
[2024-02-23T22:59:11.074+0000][7][gc,heap     ] GC(158) Survivor regions: 1->1(20)
[2024-02-23T22:59:11.074+0000][7][gc,heap     ] GC(158) Old regions: 24->24
[2024-02-23T22:59:11.074+0000][7][gc,heap     ] GC(158) Archive regions: 2->2
[2024-02-23T22:59:11.074+0000][7][gc,heap     ] GC(158) Humongous regions: 0->0
[2024-02-23T22:59:11.074+0000][7][gc,metaspace] GC(158) Metaspace: 128715K(132352K)->128715K(132352K) NonClass: 111868K(113792K)->111868K(113792K) Class: 16847K(18560K)->16847K(18560K)
[2024-02-23T22:59:11.074+0000][7][gc          ] GC(158) Pause Young (Normal) (G1 Evacuation Pause) 708M->99M(1024M) 1.874ms
[2024-02-23T22:59:11.074+0000][7][gc,cpu      ] GC(158) User=0.00s Sys=0.00s Real=0.00s
[2024-02-23T22:59:11.074+0000][7][safepoint   ] Safepoint "G1CollectForAllocation", Time since last: 162245343310 ns, Reaching safepoint: 102831 ns, At safepoint: 1965140 ns, Total: 2067971 ns
[2024-02-23T23:02:26.096+0000][7][safepoint   ] Safepoint "Cleanup", Time since last: 195022013791 ns, Reaching safepoint: 161417 ns, At safepoint: 27808 ns, Total: 189225 ns
[2024-02-23T23:02:29.559+0000][7][gc,start    ] GC(159) Pause Young (Normal) (G1 Evacuation Pause)
[2024-02-23T23:02:29.559+0000][7][gc,task     ] GC(159) Using 8 workers of 8 for evacuation
[2024-02-23T23:02:29.559+0000][7][gc,age      ] GC(159) Desired survivor size 41943040 bytes, new threshold 15 (max threshold 15)
[2024-02-23T23:02:29.561+0000][7][gc,phases   ] GC(159)   Pre Evacuate Collection Set: 0.1ms
[2024-02-23T23:02:29.561+0000][7][gc,phases   ] GC(159)   Merge Heap Roots: 0.1ms
[2024-02-23T23:02:29.561+0000][7][gc,phases   ] GC(159)   Evacuate Collection Set: 1.0ms
[2024-02-23T23:02:29.561+0000][7][gc,phases   ] GC(159)   Post Evacuate Collection Set: 0.5ms
[2024-02-23T23:02:29.561+0000][7][gc,phases   ] GC(159)   Other: 0.1ms
[2024-02-23T23:02:29.561+0000][7][gc,age      ] GC(159) Age table with threshold 15 (max threshold 15)
[2024-02-23T23:02:29.561+0000][7][gc,age      ] GC(159) - age   1:    1746752 bytes,    1746752 total
[2024-02-23T23:02:29.561+0000][7][gc,age      ] GC(159) - age   2:       1680 bytes,    1748432 total
[2024-02-23T23:02:29.561+0000][7][gc,age      ] GC(159) - age   3:       4584 bytes,    1753016 total
[2024-02-23T23:02:29.561+0000][7][gc,age      ] GC(159) - age   5:        760 bytes,    1753776 total
[2024-02-23T23:02:29.561+0000][7][gc,age      ] GC(159) - age   6:         32 bytes,    1753808 total
[2024-02-23T23:02:29.561+0000][7][gc,age      ] GC(159) - age   7:        208 bytes,    1754016 total
[2024-02-23T23:02:29.561+0000][7][gc,age      ] GC(159) - age  10:        720 bytes,    1754736 total
[2024-02-23T23:02:29.561+0000][7][gc,age      ] GC(159) - age  11:       8224 bytes,    1762960 total
[2024-02-23T23:02:29.561+0000][7][gc,age      ] GC(159) - age  12:         24 bytes,    1762984 total
[2024-02-23T23:02:29.561+0000][7][gc,age      ] GC(159) - age  13:       9600 bytes,    1772584 total
[2024-02-23T23:02:29.561+0000][7][gc,age      ] GC(159) - age  14:      10040 bytes,    1782624 total
[2024-02-23T23:02:29.561+0000][7][gc,age      ] GC(159) - age  15:      21800 bytes,    1804424 total
[2024-02-23T23:02:29.561+0000][7][gc,heap     ] GC(159) Eden regions: 152->0(152)
[2024-02-23T23:02:29.561+0000][7][gc,heap     ] GC(159) Survivor regions: 1->1(20)
[2024-02-23T23:02:29.561+0000][7][gc,heap     ] GC(159) Old regions: 24->24
[2024-02-23T23:02:29.561+0000][7][gc,heap     ] GC(159) Archive regions: 2->2
[2024-02-23T23:02:29.561+0000][7][gc,heap     ] GC(159) Humongous regions: 0->0
[2024-02-23T23:02:29.561+0000][7][gc,metaspace] GC(159) Metaspace: 128715K(132352K)->128715K(132352K) NonClass: 111868K(113792K)->111868K(113792K) Class: 16847K(18560K)->16847K(18560K)
[2024-02-23T23:02:29.561+0000][7][gc          ] GC(159) Pause Young (Normal) (G1 Evacuation Pause) 707M->101M(1024M) 1.860ms
[2024-02-23T23:02:29.561+0000][7][gc,cpu      ] GC(159) User=0.01s Sys=0.00s Real=0.00s
[2024-02-23T23:02:29.561+0000][7][safepoint   ] Safepoint "G1CollectForAllocation", Time since last: 3462366872 ns, Reaching safepoint: 48855 ns, At safepoint: 1928112 ns, Total: 1976967 ns
[2024-02-23T23:05:46.832+0000][7][gc,start    ] GC(160) Pause Young (Normal) (G1 Evacuation Pause)
[2024-02-23T23:05:46.832+0000][7][gc,task     ] GC(160) Using 8 workers of 8 for evacuation
[2024-02-23T23:05:46.832+0000][7][gc,age      ] GC(160) Desired survivor size 41943040 bytes, new threshold 15 (max threshold 15)
[2024-02-23T23:05:46.834+0000][7][gc,phases   ] GC(160)   Pre Evacuate Collection Set: 0.1ms
[2024-02-23T23:05:46.834+0000][7][gc,phases   ] GC(160)   Merge Heap Roots: 0.1ms
[2024-02-23T23:05:46.834+0000][7][gc,phases   ] GC(160)   Evacuate Collection Set: 1.7ms
[2024-02-23T23:05:46.834+0000][7][gc,phases   ] GC(160)   Post Evacuate Collection Set: 0.9ms
[2024-02-23T23:05:46.834+0000][7][gc,phases   ] GC(160)   Other: 0.1ms
[2024-02-23T23:05:46.834+0000][7][gc,age      ] GC(160) Age table with threshold 15 (max threshold 15)
[2024-02-23T23:05:46.834+0000][7][gc,age      ] GC(160) - age   1:    2097824 bytes,    2097824 total
[2024-02-23T23:05:46.834+0000][7][gc,age      ] GC(160) - age   2:       2496 bytes,    2100320 total
[2024-02-23T23:05:46.834+0000][7][gc,age      ] GC(160) - age   3:        664 bytes,    2100984 total
[2024-02-23T23:05:46.834+0000][7][gc,age      ] GC(160) - age   4:        288 bytes,    2101272 total
[2024-02-23T23:05:46.834+0000][7][gc,age      ] GC(160) - age   6:        184 bytes,    2101456 total
[2024-02-23T23:05:46.834+0000][7][gc,age      ] GC(160) - age   8:        208 bytes,    2101664 total
[2024-02-23T23:05:46.834+0000][7][gc,age      ] GC(160) - age  11:        720 bytes,    2102384 total
[2024-02-23T23:05:46.834+0000][7][gc,age      ] GC(160) - age  12:       8224 bytes,    2110608 total
[2024-02-23T23:05:46.834+0000][7][gc,age      ] GC(160) - age  13:         24 bytes,    2110632 total
[2024-02-23T23:05:46.834+0000][7][gc,age      ] GC(160) - age  14:       9600 bytes,    2120232 total
[2024-02-23T23:05:46.834+0000][7][gc,age      ] GC(160) - age  15:      10040 bytes,    2130272 total
[2024-02-23T23:05:46.834+0000][7][gc,heap     ] GC(160) Eden regions: 152->0(152)
[2024-02-23T23:05:46.834+0000][7][gc,heap     ] GC(160) Survivor regions: 1->1(20)
[2024-02-23T23:05:46.835+0000][7][gc,heap     ] GC(160) Old regions: 24->24
[2024-02-23T23:05:46.835+0000][7][gc,heap     ] GC(160) Archive regions: 2->2
[2024-02-23T23:05:46.835+0000][7][gc,heap     ] GC(160) Humongous regions: 0->0
[2024-02-23T23:05:46.835+0000][7][gc,metaspace] GC(160) Metaspace: 128716K(132352K)->128716K(132352K) NonClass: 111869K(113792K)->111869K(113792K) Class: 16847K(18560K)->16847K(18560K)
[2024-02-23T23:05:46.835+0000][7][gc          ] GC(160) Pause Young (Normal) (G1 Evacuation Pause) 708M->101M(1024M) 3.013ms
[2024-02-23T23:05:46.835+0000][7][gc,cpu      ] GC(160) User=0.02s Sys=0.00s Real=0.00s
[2024-02-23T23:05:46.835+0000][7][safepoint   ] Safepoint "G1CollectForAllocation", Time since last: 197270710521 ns, Reaching safepoint: 46020 ns, At safepoint: 3097298 ns, Total: 3143318 ns
[2024-02-23T23:06:52.842+0000][7][safepoint   ] Safepoint "Cleanup", Time since last: 66007261819 ns, Reaching safepoint: 125543 ns, At safepoint: 6034 ns, Total: 131577 ns
[2024-02-23T23:08:58.839+0000][7][gc,start    ] GC(161) Pause Young (Normal) (G1 Evacuation Pause)
[2024-02-23T23:08:58.839+0000][7][gc,task     ] GC(161) Using 8 workers of 8 for evacuation
[2024-02-23T23:08:58.839+0000][7][gc,age      ] GC(161) Desired survivor size 41943040 bytes, new threshold 15 (max threshold 15)
[2024-02-23T23:08:58.848+0000][7][gc,phases   ] GC(161)   Pre Evacuate Collection Set: 0.3ms
[2024-02-23T23:08:58.848+0000][7][gc,phases   ] GC(161)   Merge Heap Roots: 0.3ms
[2024-02-23T23:08:58.848+0000][7][gc,phases   ] GC(161)   Evacuate Collection Set: 5.7ms
[2024-02-23T23:08:58.848+0000][7][gc,phases   ] GC(161)   Post Evacuate Collection Set: 1.2ms
[2024-02-23T23:08:58.848+0000][7][gc,phases   ] GC(161)   Other: 1.3ms
[2024-02-23T23:08:58.848+0000][7][gc,age      ] GC(161) Age table with threshold 15 (max threshold 15)
[2024-02-23T23:08:58.848+0000][7][gc,age      ] GC(161) - age   1:    1860616 bytes,    1860616 total
[2024-02-23T23:08:58.848+0000][7][gc,age      ] GC(161) - age   2:     259392 bytes,    2120008 total
[2024-02-23T23:08:58.848+0000][7][gc,age      ] GC(161) - age   3:        360 bytes,    2120368 total
[2024-02-23T23:08:58.848+0000][7][gc,age      ] GC(161) - age   4:        536 bytes,    2120904 total
[2024-02-23T23:08:58.848+0000][7][gc,age      ] GC(161) - age   5:        288 bytes,    2121192 total
[2024-02-23T23:08:58.848+0000][7][gc,age      ] GC(161) - age   7:        184 bytes,    2121376 total
[2024-02-23T23:08:58.848+0000][7][gc,age      ] GC(161) - age   9:        208 bytes,    2121584 total
[2024-02-23T23:08:58.848+0000][7][gc,age      ] GC(161) - age  12:        720 bytes,    2122304 total
[2024-02-23T23:08:58.848+0000][7][gc,age      ] GC(161) - age  13:        208 bytes,    2122512 total
[2024-02-23T23:08:58.848+0000][7][gc,age      ] GC(161) - age  14:         24 bytes,    2122536 total
[2024-02-23T23:08:58.848+0000][7][gc,age      ] GC(161) - age  15:       9600 bytes,    2132136 total
[2024-02-23T23:08:58.848+0000][7][gc,heap     ] GC(161) Eden regions: 152->0(152)
[2024-02-23T23:08:58.848+0000][7][gc,heap     ] GC(161) Survivor regions: 1->1(20)
[2024-02-23T23:08:58.848+0000][7][gc,heap     ] GC(161) Old regions: 24->24
[2024-02-23T23:08:58.848+0000][7][gc,heap     ] GC(161) Archive regions: 2->2
[2024-02-23T23:08:58.848+0000][7][gc,heap     ] GC(161) Humongous regions: 0->0
[2024-02-23T23:08:58.848+0000][7][gc,metaspace] GC(161) Metaspace: 128717K(132352K)->128717K(132352K) NonClass: 111870K(113792K)->111870K(113792K) Class: 16847K(18560K)->16847K(18560K)
[2024-02-23T23:08:58.848+0000][7][gc          ] GC(161) Pause Young (Normal) (G1 Evacuation Pause) 709M->101M(1024M) 9.177ms
[2024-02-23T23:08:58.848+0000][7][gc,cpu      ] GC(161) User=0.02s Sys=0.00s Real=0.00s
[2024-02-23T23:08:58.848+0000][7][safepoint   ] Safepoint "G1CollectForAllocation", Time since last: 125996710410 ns, Reaching safepoint: 138955 ns, At safepoint: 9286571 ns, Total: 9425526 ns
[2024-02-23T23:10:48.859+0000][7][safepoint   ] Safepoint "Cleanup", Time since last: 110010793667 ns, Reaching safepoint: 57101 ns, At safepoint: 37694 ns, Total: 94795 ns
[2024-02-23T23:11:11.862+0000][7][safepoint   ] Safepoint "Cleanup", Time since last: 23002609454 ns, Reaching safepoint: 84471 ns, At safepoint: 11354 ns, Total: 95825 ns
[2024-02-23T23:11:35.864+0000][7][safepoint   ] Safepoint "Cleanup", Time since last: 24002656579 ns, Reaching safepoint: 59526 ns, At safepoint: 6535 ns, Total: 66061 ns
[2024-02-23T23:11:53.866+0000][7][safepoint   ] Safepoint "Cleanup", Time since last: 18001733835 ns, Reaching safepoint: 91437 ns, At safepoint: 13557 ns, Total: 104994 ns
[2024-02-23T23:12:05.868+0000][7][safepoint   ] Safepoint "Cleanup", Time since last: 12001232425 ns, Reaching safepoint: 79979 ns, At safepoint: 6508 ns, Total: 86487 ns
[2024-02-23T23:12:19.785+0000][7][gc,start    ] GC(162) Pause Young (Normal) (G1 Evacuation Pause)
[2024-02-23T23:12:19.785+0000][7][gc,task     ] GC(162) Using 8 workers of 8 for evacuation
[2024-02-23T23:12:19.785+0000][7][gc,age      ] GC(162) Desired survivor size 41943040 bytes, new threshold 15 (max threshold 15)
[2024-02-23T23:12:19.788+0000][7][gc,phases   ] GC(162)   Pre Evacuate Collection Set: 0.1ms
[2024-02-23T23:12:19.788+0000][7][gc,phases   ] GC(162)   Merge Heap Roots: 0.1ms
[2024-02-23T23:12:19.788+0000][7][gc,phases   ] GC(162)   Evacuate Collection Set: 1.4ms
[2024-02-23T23:12:19.788+0000][7][gc,phases   ] GC(162)   Post Evacuate Collection Set: 0.7ms
[2024-02-23T23:12:19.788+0000][7][gc,phases   ] GC(162)   Other: 0.1ms
[2024-02-23T23:12:19.788+0000][7][gc,age      ] GC(162) Age table with threshold 15 (max threshold 15)
[2024-02-23T23:12:19.788+0000][7][gc,age      ] GC(162) - age   1:    1325368 bytes,    1325368 total
[2024-02-23T23:12:19.788+0000][7][gc,age      ] GC(162) - age   2:     183480 bytes,    1508848 total
[2024-02-23T23:12:19.788+0000][7][gc,age      ] GC(162) - age   3:     112184 bytes,    1621032 total
[2024-02-23T23:12:19.788+0000][7][gc,age      ] GC(162) - age   4:        296 bytes,    1621328 total
[2024-02-23T23:12:19.788+0000][7][gc,age      ] GC(162) - age   5:        536 bytes,    1621864 total
[2024-02-23T23:12:19.788+0000][7][gc,age      ] GC(162) - age   6:        288 bytes,    1622152 total
[2024-02-23T23:12:19.788+0000][7][gc,age      ] GC(162) - age   8:        184 bytes,    1622336 total
[2024-02-23T23:12:19.788+0000][7][gc,age      ] GC(162) - age  10:         24 bytes,    1622360 total
[2024-02-23T23:12:19.788+0000][7][gc,age      ] GC(162) - age  13:        720 bytes,    1623080 total
[2024-02-23T23:12:19.788+0000][7][gc,age      ] GC(162) - age  14:        208 bytes,    1623288 total
[2024-02-23T23:12:19.788+0000][7][gc,age      ] GC(162) - age  15:         24 bytes,    1623312 total
[2024-02-23T23:12:19.788+0000][7][gc,heap     ] GC(162) Eden regions: 152->0(152)
[2024-02-23T23:12:19.788+0000][7][gc,heap     ] GC(162) Survivor regions: 1->1(20)
[2024-02-23T23:12:19.788+0000][7][gc,heap     ] GC(162) Old regions: 24->24
[2024-02-23T23:12:19.788+0000][7][gc,heap     ] GC(162) Archive regions: 2->2
[2024-02-23T23:12:19.788+0000][7][gc,heap     ] GC(162) Humongous regions: 0->0
[2024-02-23T23:12:19.788+0000][7][gc,metaspace] GC(162) Metaspace: 128723K(132352K)->128723K(132352K) NonClass: 111876K(113792K)->111876K(113792K) Class: 16847K(18560K)->16847K(18560K)
[2024-02-23T23:12:19.788+0000][7][gc          ] GC(162) Pause Young (Normal) (G1 Evacuation Pause) 709M->100M(1024M) 2.742ms
[2024-02-23T23:12:19.788+0000][7][gc,cpu      ] GC(162) User=0.02s Sys=0.00s Real=0.00s
[2024-02-23T23:12:19.788+0000][7][safepoint   ] Safepoint "G1CollectForAllocation", Time since last: 13917318764 ns, Reaching safepoint: 54728 ns, At safepoint: 2834366 ns, Total: 2889094 ns
[2024-02-23T23:15:28.823+0000][7][gc,start    ] GC(163) Pause Young (Normal) (G1 Evacuation Pause)
[2024-02-23T23:15:28.823+0000][7][gc,task     ] GC(163) Using 8 workers of 8 for evacuation
[2024-02-23T23:15:28.823+0000][7][gc,age      ] GC(163) Desired survivor size 41943040 bytes, new threshold 15 (max threshold 15)
[2024-02-23T23:15:28.825+0000][7][gc,phases   ] GC(163)   Pre Evacuate Collection Set: 0.1ms
[2024-02-23T23:15:28.825+0000][7][gc,phases   ] GC(163)   Merge Heap Roots: 0.1ms
[2024-02-23T23:15:28.825+0000][7][gc,phases   ] GC(163)   Evacuate Collection Set: 1.5ms
[2024-02-23T23:15:28.825+0000][7][gc,phases   ] GC(163)   Post Evacuate Collection Set: 0.7ms
[2024-02-23T23:15:28.825+0000][7][gc,phases   ] GC(163)   Other: 0.1ms
[2024-02-23T23:15:28.825+0000][7][gc,age      ] GC(163) Age table with threshold 15 (max threshold 15)
[2024-02-23T23:15:28.825+0000][7][gc,age      ] GC(163) - age   1:    1027216 bytes,    1027216 total
[2024-02-23T23:15:28.825+0000][7][gc,age      ] GC(163) - age   2:     189808 bytes,    1217024 total
[2024-02-23T23:15:28.825+0000][7][gc,age      ] GC(163) - age   3:     181072 bytes,    1398096 total
[2024-02-23T23:15:28.825+0000][7][gc,age      ] GC(163) - age   4:     107744 bytes,    1505840 total
[2024-02-23T23:15:28.825+0000][7][gc,age      ] GC(163) - age   5:        232 bytes,    1506072 total
[2024-02-23T23:15:28.825+0000][7][gc,age      ] GC(163) - age   6:        536 bytes,    1506608 total
[2024-02-23T23:15:28.825+0000][7][gc,age      ] GC(163) - age   7:        288 bytes,    1506896 total
[2024-02-23T23:15:28.825+0000][7][gc,age      ] GC(163) - age  11:         24 bytes,    1506920 total
[2024-02-23T23:15:28.825+0000][7][gc,age      ] GC(163) - age  14:        720 bytes,    1507640 total
[2024-02-23T23:15:28.825+0000][7][gc,age      ] GC(163) - age  15:        208 bytes,    1507848 total
[2024-02-23T23:15:28.825+0000][7][gc,heap     ] GC(163) Eden regions: 152->0(152)
[2024-02-23T23:15:28.825+0000][7][gc,heap     ] GC(163) Survivor regions: 1->1(20)
[2024-02-23T23:15:28.825+0000][7][gc,heap     ] GC(163) Old regions: 24->24
[2024-02-23T23:15:28.825+0000][7][gc,heap     ] GC(163) Archive regions: 2->2
[2024-02-23T23:15:28.825+0000][7][gc,heap     ] GC(163) Humongous regions: 0->0
[2024-02-23T23:15:28.825+0000][7][gc,metaspace] GC(163) Metaspace: 128723K(132352K)->128723K(132352K) NonClass: 111876K(113792K)->111876K(113792K) Class: 16847K(18560K)->16847K(18560K)
[2024-02-23T23:15:28.825+0000][7][gc          ] GC(163) Pause Young (Normal) (G1 Evacuation Pause) 708M->100M(1024M) 2.691ms
[2024-02-23T23:15:28.825+0000][7][gc,cpu      ] GC(163) User=0.01s Sys=0.00s Real=0.00s
[2024-02-23T23:15:28.825+0000][7][safepoint   ] Safepoint "G1CollectForAllocation", Time since last: 189034734430 ns, Reaching safepoint: 75350 ns, At safepoint: 2789782 ns, Total: 2865132 ns
[2024-02-23T23:16:35.834+0000][7][safepoint   ] Safepoint "Cleanup", Time since last: 67008118510 ns, Reaching safepoint: 88453 ns, At safepoint: 47607 ns, Total: 136060 ns
[2024-02-23T23:18:52.793+0000][7][gc,start    ] GC(164) Pause Young (Normal) (G1 Evacuation Pause)
[2024-02-23T23:18:52.793+0000][7][gc,task     ] GC(164) Using 8 workers of 8 for evacuation
[2024-02-23T23:18:52.793+0000][7][gc,age      ] GC(164) Desired survivor size 41943040 bytes, new threshold 15 (max threshold 15)
[2024-02-23T23:18:52.796+0000][7][gc,phases   ] GC(164)   Pre Evacuate Collection Set: 0.1ms
[2024-02-23T23:18:52.796+0000][7][gc,phases   ] GC(164)   Merge Heap Roots: 0.1ms
[2024-02-23T23:18:52.796+0000][7][gc,phases   ] GC(164)   Evacuate Collection Set: 1.3ms
[2024-02-23T23:18:52.796+0000][7][gc,phases   ] GC(164)   Post Evacuate Collection Set: 0.9ms
[2024-02-23T23:18:52.796+0000][7][gc,phases   ] GC(164)   Other: 0.1ms
[2024-02-23T23:18:52.796+0000][7][gc,age      ] GC(164) Age table with threshold 15 (max threshold 15)
[2024-02-23T23:18:52.796+0000][7][gc,age      ] GC(164) - age   1:     622104 bytes,     622104 total
[2024-02-23T23:18:52.796+0000][7][gc,age      ] GC(164) - age   2:      27904 bytes,     650008 total
[2024-02-23T23:18:52.796+0000][7][gc,age      ] GC(164) - age   3:     188592 bytes,     838600 total
[2024-02-23T23:18:52.796+0000][7][gc,age      ] GC(164) - age   4:     180944 bytes,    1019544 total
[2024-02-23T23:18:52.796+0000][7][gc,age      ] GC(164) - age   5:     106384 bytes,    1125928 total
[2024-02-23T23:18:52.796+0000][7][gc,age      ] GC(164) - age   6:        232 bytes,    1126160 total
[2024-02-23T23:18:52.796+0000][7][gc,age      ] GC(164) - age   7:        152 bytes,    1126312 total
[2024-02-23T23:18:52.796+0000][7][gc,age      ] GC(164) - age   8:        288 bytes,    1126600 total
[2024-02-23T23:18:52.796+0000][7][gc,age      ] GC(164) - age  12:         24 bytes,    1126624 total
[2024-02-23T23:18:52.796+0000][7][gc,age      ] GC(164) - age  15:        720 bytes,    1127344 total
[2024-02-23T23:18:52.796+0000][7][gc,heap     ] GC(164) Eden regions: 152->0(152)
[2024-02-23T23:18:52.796+0000][7][gc,heap     ] GC(164) Survivor regions: 1->1(20)
[2024-02-23T23:18:52.796+0000][7][gc,heap     ] GC(164) Old regions: 24->24
[2024-02-23T23:18:52.796+0000][7][gc,heap     ] GC(164) Archive regions: 2->2
[2024-02-23T23:18:52.796+0000][7][gc,heap     ] GC(164) Humongous regions: 0->0
[2024-02-23T23:18:52.796+0000][7][gc,metaspace] GC(164) Metaspace: 128723K(132352K)->128723K(132352K) NonClass: 111876K(113792K)->111876K(113792K) Class: 16847K(18560K)->16847K(18560K)
[2024-02-23T23:18:52.796+0000][7][gc          ] GC(164) Pause Young (Normal) (G1 Evacuation Pause) 708M->100M(1024M) 2.911ms
[2024-02-23T23:18:52.796+0000][7][gc,cpu      ] GC(164) User=0.01s Sys=0.00s Real=0.00s
[2024-02-23T23:18:52.796+0000][7][safepoint   ] Safepoint "G1CollectForAllocation", Time since last: 136959304884 ns, Reaching safepoint: 39994 ns, At safepoint: 3017912 ns, Total: 3057906 ns
[2024-02-23T23:19:25.800+0000][7][safepoint   ] Safepoint "Cleanup", Time since last: 33004206714 ns, Reaching safepoint: 165497 ns, At safepoint: 16158 ns, Total: 181655 ns
[2024-02-23T23:22:04.855+0000][7][gc,start    ] GC(165) Pause Young (Normal) (G1 Evacuation Pause)
[2024-02-23T23:22:04.855+0000][7][gc,task     ] GC(165) Using 8 workers of 8 for evacuation
[2024-02-23T23:22:04.855+0000][7][gc,age      ] GC(165) Desired survivor size 41943040 bytes, new threshold 15 (max threshold 15)
[2024-02-23T23:22:04.858+0000][7][gc,phases   ] GC(165)   Pre Evacuate Collection Set: 0.1ms
[2024-02-23T23:22:04.858+0000][7][gc,phases   ] GC(165)   Merge Heap Roots: 0.1ms
[2024-02-23T23:22:04.858+0000][7][gc,phases   ] GC(165)   Evacuate Collection Set: 1.1ms
[2024-02-23T23:22:04.858+0000][7][gc,phases   ] GC(165)   Post Evacuate Collection Set: 0.7ms
[2024-02-23T23:22:04.858+0000][7][gc,phases   ] GC(165)   Other: 0.1ms
[2024-02-23T23:22:04.858+0000][7][gc,age      ] GC(165) Age table with threshold 15 (max threshold 15)
[2024-02-23T23:22:04.858+0000][7][gc,age      ] GC(165) - age   1:     886144 bytes,     886144 total
[2024-02-23T23:22:04.858+0000][7][gc,age      ] GC(165) - age   2:      12856 bytes,     899000 total
[2024-02-23T23:22:04.858+0000][7][gc,age      ] GC(165) - age   3:      25800 bytes,     924800 total
[2024-02-23T23:22:04.858+0000][7][gc,age      ] GC(165) - age   4:     188464 bytes,    1113264 total
[2024-02-23T23:22:04.858+0000][7][gc,age      ] GC(165) - age   5:     172512 bytes,    1285776 total
[2024-02-23T23:22:04.858+0000][7][gc,age      ] GC(165) - age   6:     106384 bytes,    1392160 total
[2024-02-23T23:22:04.858+0000][7][gc,age      ] GC(165) - age   7:         48 bytes,    1392208 total
[2024-02-23T23:22:04.858+0000][7][gc,age      ] GC(165) - age   8:        152 bytes,    1392360 total
[2024-02-23T23:22:04.858+0000][7][gc,age      ] GC(165) - age   9:        288 bytes,    1392648 total
[2024-02-23T23:22:04.858+0000][7][gc,age      ] GC(165) - age  13:         24 bytes,    1392672 total
[2024-02-23T23:22:04.858+0000][7][gc,heap     ] GC(165) Eden regions: 152->0(152)
[2024-02-23T23:22:04.858+0000][7][gc,heap     ] GC(165) Survivor regions: 1->1(20)
[2024-02-23T23:22:04.858+0000][7][gc,heap     ] GC(165) Old regions: 24->24
[2024-02-23T23:22:04.858+0000][7][gc,heap     ] GC(165) Archive regions: 2->2
[2024-02-23T23:22:04.858+0000][7][gc,heap     ] GC(165) Humongous regions: 0->0
[2024-02-23T23:22:04.858+0000][7][gc,metaspace] GC(165) Metaspace: 128723K(132352K)->128723K(132352K) NonClass: 111876K(113792K)->111876K(113792K) Class: 16847K(18560K)->16847K(18560K)
[2024-02-23T23:22:04.858+0000][7][gc          ] GC(165) Pause Young (Normal) (G1 Evacuation Pause) 708M->100M(1024M) 2.375ms
[2024-02-23T23:22:04.858+0000][7][gc,cpu      ] GC(165) User=0.00s Sys=0.01s Real=0.01s
[2024-02-23T23:22:04.858+0000][7][safepoint   ] Safepoint "G1CollectForAllocation", Time since last: 159054822451 ns, Reaching safepoint: 76895 ns, At safepoint: 2462482 ns, Total: 2539377 ns
[2024-02-23T23:25:28.889+0000][7][gc,start    ] GC(166) Pause Young (Normal) (G1 Evacuation Pause)
[2024-02-23T23:25:28.889+0000][7][gc,task     ] GC(166) Using 8 workers of 8 for evacuation
[2024-02-23T23:25:28.889+0000][7][gc,age      ] GC(166) Desired survivor size 41943040 bytes, new threshold 15 (max threshold 15)
[2024-02-23T23:25:28.897+0000][7][gc,phases   ] GC(166)   Pre Evacuate Collection Set: 0.1ms
[2024-02-23T23:25:28.897+0000][7][gc,phases   ] GC(166)   Merge Heap Roots: 0.1ms
[2024-02-23T23:25:28.897+0000][7][gc,phases   ] GC(166)   Evacuate Collection Set: 6.6ms
[2024-02-23T23:25:28.897+0000][7][gc,phases   ] GC(166)   Post Evacuate Collection Set: 1.2ms
[2024-02-23T23:25:28.897+0000][7][gc,phases   ] GC(166)   Other: 0.1ms
[2024-02-23T23:25:28.897+0000][7][gc,age      ] GC(166) Age table with threshold 15 (max threshold 15)
[2024-02-23T23:25:28.897+0000][7][gc,age      ] GC(166) - age   1:    1674256 bytes,    1674256 total
[2024-02-23T23:25:28.897+0000][7][gc,age      ] GC(166) - age   2:       6192 bytes,    1680448 total
[2024-02-23T23:25:28.897+0000][7][gc,age      ] GC(166) - age   3:      11264 bytes,    1691712 total
[2024-02-23T23:25:28.897+0000][7][gc,age      ] GC(166) - age   4:      21984 bytes,    1713696 total
[2024-02-23T23:25:28.897+0000][7][gc,age      ] GC(166) - age   5:     188280 bytes,    1901976 total
[2024-02-23T23:25:28.897+0000][7][gc,age      ] GC(166) - age   6:     163960 bytes,    2065936 total
[2024-02-23T23:25:28.897+0000][7][gc,age      ] GC(166) - age   7:     106384 bytes,    2172320 total
[2024-02-23T23:25:28.897+0000][7][gc,age      ] GC(166) - age   8:         48 bytes,    2172368 total
[2024-02-23T23:25:28.897+0000][7][gc,age      ] GC(166) - age   9:        152 bytes,    2172520 total
[2024-02-23T23:25:28.897+0000][7][gc,age      ] GC(166) - age  10:        288 bytes,    2172808 total
[2024-02-23T23:25:28.897+0000][7][gc,age      ] GC(166) - age  14:         24 bytes,    2172832 total
[2024-02-23T23:25:28.897+0000][7][gc,heap     ] GC(166) Eden regions: 152->0(152)
[2024-02-23T23:25:28.897+0000][7][gc,heap     ] GC(166) Survivor regions: 1->1(20)
[2024-02-23T23:25:28.897+0000][7][gc,heap     ] GC(166) Old regions: 24->24
[2024-02-23T23:25:28.897+0000][7][gc,heap     ] GC(166) Archive regions: 2->2
[2024-02-23T23:25:28.897+0000][7][gc,heap     ] GC(166) Humongous regions: 0->0
[2024-02-23T23:25:28.897+0000][7][gc,metaspace] GC(166) Metaspace: 128724K(132352K)->128724K(132352K) NonClass: 111876K(113792K)->111876K(113792K) Class: 16847K(18560K)->16847K(18560K)
[2024-02-23T23:25:28.897+0000][7][gc          ] GC(166) Pause Young (Normal) (G1 Evacuation Pause) 708M->101M(1024M) 8.306ms
[2024-02-23T23:25:28.897+0000][7][gc,cpu      ] GC(166) User=0.01s Sys=0.00s Real=0.01s
[2024-02-23T23:25:28.897+0000][7][safepoint   ] Safepoint "G1CollectForAllocation", Time since last: 204030824118 ns, Reaching safepoint: 117363 ns, At safepoint: 8406348 ns, Total: 8523711 ns
[2024-02-23T23:26:16.903+0000][7][safepoint   ] Safepoint "Cleanup", Time since last: 48005758790 ns, Reaching safepoint: 130675 ns, At safepoint: 30914 ns, Total: 161589 ns
[2024-02-23T23:27:59.915+0000][7][safepoint   ] Safepoint "Cleanup", Time since last: 103011997340 ns, Reaching safepoint: 74355 ns, At safepoint: 41101 ns, Total: 115456 ns
[2024-02-23T23:28:04.916+0000][7][safepoint   ] Safepoint "Cleanup", Time since last: 5000637589 ns, Reaching safepoint: 54422 ns, At safepoint: 4140 ns, Total: 58562 ns
[2024-02-23T23:28:40.954+0000][7][gc,start    ] GC(167) Pause Young (Normal) (G1 Evacuation Pause)
[2024-02-23T23:28:40.954+0000][7][gc,task     ] GC(167) Using 8 workers of 8 for evacuation
[2024-02-23T23:28:40.954+0000][7][gc,age      ] GC(167) Desired survivor size 41943040 bytes, new threshold 15 (max threshold 15)
[2024-02-23T23:28:40.957+0000][7][gc,phases   ] GC(167)   Pre Evacuate Collection Set: 0.1ms
[2024-02-23T23:28:40.957+0000][7][gc,phases   ] GC(167)   Merge Heap Roots: 0.1ms
[2024-02-23T23:28:40.957+0000][7][gc,phases   ] GC(167)   Evacuate Collection Set: 1.6ms
[2024-02-23T23:28:40.957+0000][7][gc,phases   ] GC(167)   Post Evacuate Collection Set: 0.8ms
[2024-02-23T23:28:40.957+0000][7][gc,phases   ] GC(167)   Other: 0.1ms
[2024-02-23T23:28:40.957+0000][7][gc,age      ] GC(167) Age table with threshold 15 (max threshold 15)
[2024-02-23T23:28:40.957+0000][7][gc,age      ] GC(167) - age   1:    1771592 bytes,    1771592 total
[2024-02-23T23:28:40.957+0000][7][gc,age      ] GC(167) - age   2:      14136 bytes,    1785728 total
[2024-02-23T23:28:40.957+0000][7][gc,age      ] GC(167) - age   3:       4792 bytes,    1790520 total
[2024-02-23T23:28:40.957+0000][7][gc,age      ] GC(167) - age   4:      10488 bytes,    1801008 total
[2024-02-23T23:28:40.957+0000][7][gc,age      ] GC(167) - age   5:      21984 bytes,    1822992 total
[2024-02-23T23:28:40.957+0000][7][gc,age      ] GC(167) - age   6:     188280 bytes,    2011272 total
[2024-02-23T23:28:40.957+0000][7][gc,age      ] GC(167) - age   7:     163960 bytes,    2175232 total
[2024-02-23T23:28:40.957+0000][7][gc,age      ] GC(167) - age   8:     106352 bytes,    2281584 total
[2024-02-23T23:28:40.957+0000][7][gc,age      ] GC(167) - age   9:         48 bytes,    2281632 total
[2024-02-23T23:28:40.957+0000][7][gc,age      ] GC(167) - age  10:        152 bytes,    2281784 total
[2024-02-23T23:28:40.957+0000][7][gc,age      ] GC(167) - age  11:        288 bytes,    2282072 total
[2024-02-23T23:28:40.957+0000][7][gc,age      ] GC(167) - age  15:         24 bytes,    2282096 total
[2024-02-23T23:28:40.957+0000][7][gc,heap     ] GC(167) Eden regions: 152->0(152)
[2024-02-23T23:28:40.957+0000][7][gc,heap     ] GC(167) Survivor regions: 1->1(20)
[2024-02-23T23:28:40.957+0000][7][gc,heap     ] GC(167) Old regions: 24->24
[2024-02-23T23:28:40.957+0000][7][gc,heap     ] GC(167) Archive regions: 2->2
[2024-02-23T23:28:40.957+0000][7][gc,heap     ] GC(167) Humongous regions: 0->0
[2024-02-23T23:28:40.957+0000][7][gc,metaspace] GC(167) Metaspace: 128728K(132352K)->128728K(132352K) NonClass: 111880K(113792K)->111880K(113792K) Class: 16847K(18560K)->16847K(18560K)
[2024-02-23T23:28:40.957+0000][7][gc          ] GC(167) Pause Young (Normal) (G1 Evacuation Pause) 709M->101M(1024M) 2.968ms
[2024-02-23T23:28:40.957+0000][7][gc,cpu      ] GC(167) User=0.01s Sys=0.00s Real=0.00s
[2024-02-23T23:28:40.957+0000][7][safepoint   ] Safepoint "G1CollectForAllocation", Time since last: 36038166363 ns, Reaching safepoint: 86772 ns, At safepoint: 3070865 ns, Total: 3157637 ns
[2024-02-23T23:31:53.451+0000][7][gc,start    ] GC(168) Pause Young (Normal) (G1 Evacuation Pause)
[2024-02-23T23:31:53.451+0000][7][gc,task     ] GC(168) Using 8 workers of 8 for evacuation
[2024-02-23T23:31:53.451+0000][7][gc,age      ] GC(168) Desired survivor size 41943040 bytes, new threshold 15 (max threshold 15)
[2024-02-23T23:31:53.454+0000][7][gc,phases   ] GC(168)   Pre Evacuate Collection Set: 0.1ms
[2024-02-23T23:31:53.455+0000][7][gc,phases   ] GC(168)   Merge Heap Roots: 0.1ms
[2024-02-23T23:31:53.455+0000][7][gc,phases   ] GC(168)   Evacuate Collection Set: 1.8ms
[2024-02-23T23:31:53.455+0000][7][gc,phases   ] GC(168)   Post Evacuate Collection Set: 1.5ms
[2024-02-23T23:31:53.455+0000][7][gc,phases   ] GC(168)   Other: 0.1ms
[2024-02-23T23:31:53.455+0000][7][gc,age      ] GC(168) Age table with threshold 15 (max threshold 15)
[2024-02-23T23:31:53.455+0000][7][gc,age      ] GC(168) - age   1:    1541232 bytes,    1541232 total
[2024-02-23T23:31:53.455+0000][7][gc,age      ] GC(168) - age   2:      11096 bytes,    1552328 total
[2024-02-23T23:31:53.455+0000][7][gc,age      ] GC(168) - age   3:       3920 bytes,    1556248 total
[2024-02-23T23:31:53.455+0000][7][gc,age      ] GC(168) - age   4:       4056 bytes,    1560304 total
[2024-02-23T23:31:53.455+0000][7][gc,age      ] GC(168) - age   5:      10488 bytes,    1570792 total
[2024-02-23T23:31:53.455+0000][7][gc,age      ] GC(168) - age   6:      21984 bytes,    1592776 total
[2024-02-23T23:31:53.455+0000][7][gc,age      ] GC(168) - age   7:     188280 bytes,    1781056 total
[2024-02-23T23:31:53.455+0000][7][gc,age      ] GC(168) - age   8:     163960 bytes,    1945016 total
[2024-02-23T23:31:53.455+0000][7][gc,age      ] GC(168) - age   9:     106352 bytes,    2051368 total
[2024-02-23T23:31:53.455+0000][7][gc,age      ] GC(168) - age  10:         48 bytes,    2051416 total
[2024-02-23T23:31:53.455+0000][7][gc,age      ] GC(168) - age  11:        152 bytes,    2051568 total
[2024-02-23T23:31:53.455+0000][7][gc,age      ] GC(168) - age  12:        288 bytes,    2051856 total
[2024-02-23T23:31:53.455+0000][7][gc,heap     ] GC(168) Eden regions: 152->0(152)
[2024-02-23T23:31:53.455+0000][7][gc,heap     ] GC(168) Survivor regions: 1->1(20)
[2024-02-23T23:31:53.455+0000][7][gc,heap     ] GC(168) Old regions: 24->24
[2024-02-23T23:31:53.455+0000][7][gc,heap     ] GC(168) Archive regions: 2->2
[2024-02-23T23:31:53.455+0000][7][gc,heap     ] GC(168) Humongous regions: 0->0
[2024-02-23T23:31:53.455+0000][7][gc,metaspace] GC(168) Metaspace: 128728K(132352K)->128728K(132352K) NonClass: 111880K(113792K)->111880K(113792K) Class: 16847K(18560K)->16847K(18560K)
[2024-02-23T23:31:53.455+0000][7][gc          ] GC(168) Pause Young (Normal) (G1 Evacuation Pause) 709M->101M(1024M) 3.991ms
[2024-02-23T23:31:53.455+0000][7][gc,cpu      ] GC(168) User=0.01s Sys=0.00s Real=0.00s
[2024-02-23T23:31:53.455+0000][7][safepoint   ] Safepoint "G1CollectForAllocation", Time since last: 192493432567 ns, Reaching safepoint: 98800 ns, At safepoint: 4100226 ns, Total: 4199026 ns
[2024-02-23T23:35:16.883+0000][7][gc,start    ] GC(169) Pause Young (Normal) (G1 Evacuation Pause)
[2024-02-23T23:35:16.883+0000][7][gc,task     ] GC(169) Using 8 workers of 8 for evacuation
[2024-02-23T23:35:16.883+0000][7][gc,age      ] GC(169) Desired survivor size 41943040 bytes, new threshold 15 (max threshold 15)
[2024-02-23T23:35:16.886+0000][7][gc,phases   ] GC(169)   Pre Evacuate Collection Set: 0.2ms
[2024-02-23T23:35:16.886+0000][7][gc,phases   ] GC(169)   Merge Heap Roots: 0.1ms
[2024-02-23T23:35:16.886+0000][7][gc,phases   ] GC(169)   Evacuate Collection Set: 1.6ms
[2024-02-23T23:35:16.886+0000][7][gc,phases   ] GC(169)   Post Evacuate Collection Set: 1.1ms
[2024-02-23T23:35:16.887+0000][7][gc,phases   ] GC(169)   Other: 0.2ms
[2024-02-23T23:35:16.887+0000][7][gc,age      ] GC(169) Age table with threshold 15 (max threshold 15)
[2024-02-23T23:35:16.887+0000][7][gc,age      ] GC(169) - age   1:    1046992 bytes,    1046992 total
[2024-02-23T23:35:16.887+0000][7][gc,age      ] GC(169) - age   2:       2480 bytes,    1049472 total
[2024-02-23T23:35:16.887+0000][7][gc,age      ] GC(169) - age   3:       9600 bytes,    1059072 total
[2024-02-23T23:35:16.887+0000][7][gc,age      ] GC(169) - age   4:        336 bytes,    1059408 total
[2024-02-23T23:35:16.887+0000][7][gc,age      ] GC(169) - age   5:       4024 bytes,    1063432 total
[2024-02-23T23:35:16.887+0000][7][gc,age      ] GC(169) - age   6:      10096 bytes,    1073528 total
[2024-02-23T23:35:16.887+0000][7][gc,age      ] GC(169) - age   7:      21800 bytes,    1095328 total
[2024-02-23T23:35:16.887+0000][7][gc,age      ] GC(169) - age   8:     188280 bytes,    1283608 total
[2024-02-23T23:35:16.887+0000][7][gc,age      ] GC(169) - age   9:     163960 bytes,    1447568 total
[2024-02-23T23:35:16.887+0000][7][gc,age      ] GC(169) - age  10:     106352 bytes,    1553920 total
[2024-02-23T23:35:16.887+0000][7][gc,age      ] GC(169) - age  11:         48 bytes,    1553968 total
[2024-02-23T23:35:16.887+0000][7][gc,age      ] GC(169) - age  12:        152 bytes,    1554120 total
[2024-02-23T23:35:16.887+0000][7][gc,age      ] GC(169) - age  13:        288 bytes,    1554408 total
[2024-02-23T23:35:16.887+0000][7][gc,heap     ] GC(169) Eden regions: 152->0(152)
[2024-02-23T23:35:16.887+0000][7][gc,heap     ] GC(169) Survivor regions: 1->1(20)
[2024-02-23T23:35:16.887+0000][7][gc,heap     ] GC(169) Old regions: 24->24
[2024-02-23T23:35:16.887+0000][7][gc,heap     ] GC(169) Archive regions: 2->2
[2024-02-23T23:35:16.887+0000][7][gc,heap     ] GC(169) Humongous regions: 0->0
[2024-02-23T23:35:16.887+0000][7][gc,metaspace] GC(169) Metaspace: 128742K(132352K)->128742K(132352K) NonClass: 111894K(113792K)->111894K(113792K) Class: 16847K(18560K)->16847K(18560K)
[2024-02-23T23:35:16.887+0000][7][gc          ] GC(169) Pause Young (Normal) (G1 Evacuation Pause) 709M->100M(1024M) 3.488ms
[2024-02-23T23:35:16.887+0000][7][gc,cpu      ] GC(169) User=0.01s Sys=0.00s Real=0.00s
[2024-02-23T23:35:16.887+0000][7][safepoint   ] Safepoint "G1CollectForAllocation", Time since last: 203428242876 ns, Reaching safepoint: 123757 ns, At safepoint: 3597391 ns, Total: 3721148 ns
[2024-02-23T23:38:25.905+0000][7][safepoint   ] Safepoint "Cleanup", Time since last: 189018369847 ns, Reaching safepoint: 91234 ns, At safepoint: 8247 ns, Total: 99481 ns
[2024-02-23T23:38:28.882+0000][7][gc,start    ] GC(170) Pause Young (Normal) (G1 Evacuation Pause)
[2024-02-23T23:38:28.882+0000][7][gc,task     ] GC(170) Using 8 workers of 8 for evacuation
[2024-02-23T23:38:28.882+0000][7][gc,age      ] GC(170) Desired survivor size 41943040 bytes, new threshold 15 (max threshold 15)
[2024-02-23T23:38:28.885+0000][7][gc,phases   ] GC(170)   Pre Evacuate Collection Set: 0.1ms
[2024-02-23T23:38:28.885+0000][7][gc,phases   ] GC(170)   Merge Heap Roots: 0.1ms
[2024-02-23T23:38:28.885+0000][7][gc,phases   ] GC(170)   Evacuate Collection Set: 1.6ms
[2024-02-23T23:38:28.885+0000][7][gc,phases   ] GC(170)   Post Evacuate Collection Set: 0.9ms
[2024-02-23T23:38:28.885+0000][7][gc,phases   ] GC(170)   Other: 0.1ms
[2024-02-23T23:38:28.885+0000][7][gc,age      ] GC(170) Age table with threshold 15 (max threshold 15)
[2024-02-23T23:38:28.885+0000][7][gc,age      ] GC(170) - age   1:    1260224 bytes,    1260224 total
[2024-02-23T23:38:28.885+0000][7][gc,age      ] GC(170) - age   2:       5720 bytes,    1265944 total
[2024-02-23T23:38:28.885+0000][7][gc,age      ] GC(170) - age   3:        312 bytes,    1266256 total
[2024-02-23T23:38:28.885+0000][7][gc,age      ] GC(170) - age   4:        472 bytes,    1266728 total
[2024-02-23T23:38:28.885+0000][7][gc,age      ] GC(170) - age   5:        152 bytes,    1266880 total
[2024-02-23T23:38:28.885+0000][7][gc,age      ] GC(170) - age   6:       4024 bytes,    1270904 total
[2024-02-23T23:38:28.885+0000][7][gc,age      ] GC(170) - age   7:       9680 bytes,    1280584 total
[2024-02-23T23:38:28.885+0000][7][gc,age      ] GC(170) - age   8:      21800 bytes,    1302384 total
[2024-02-23T23:38:28.885+0000][7][gc,age      ] GC(170) - age   9:     188280 bytes,    1490664 total
[2024-02-23T23:38:28.885+0000][7][gc,age      ] GC(170) - age  10:     163960 bytes,    1654624 total
[2024-02-23T23:38:28.885+0000][7][gc,age      ] GC(170) - age  11:     106352 bytes,    1760976 total
[2024-02-23T23:38:28.885+0000][7][gc,age      ] GC(170) - age  12:         48 bytes,    1761024 total
[2024-02-23T23:38:28.885+0000][7][gc,age      ] GC(170) - age  13:        152 bytes,    1761176 total
[2024-02-23T23:38:28.885+0000][7][gc,age      ] GC(170) - age  14:        288 bytes,    1761464 total
[2024-02-23T23:38:28.885+0000][7][gc,heap     ] GC(170) Eden regions: 152->0(152)
[2024-02-23T23:38:28.885+0000][7][gc,heap     ] GC(170) Survivor regions: 1->1(20)
[2024-02-23T23:38:28.885+0000][7][gc,heap     ] GC(170) Old regions: 24->24
[2024-02-23T23:38:28.885+0000][7][gc,heap     ] GC(170) Archive regions: 2->2
[2024-02-23T23:38:28.885+0000][7][gc,heap     ] GC(170) Humongous regions: 0->0
[2024-02-23T23:38:28.885+0000][7][gc,metaspace] GC(170) Metaspace: 128748K(132352K)->128748K(132352K) NonClass: 111901K(113792K)->111901K(113792K) Class: 16847K(18560K)->16847K(18560K)
[2024-02-23T23:38:28.885+0000][7][gc          ] GC(170) Pause Young (Normal) (G1 Evacuation Pause) 708M->101M(1024M) 3.186ms
[2024-02-23T23:38:28.885+0000][7][gc,cpu      ] GC(170) User=0.01s Sys=0.00s Real=0.00s
[2024-02-23T23:38:28.885+0000][7][safepoint   ] Safepoint "G1CollectForAllocation", Time since last: 2976714151 ns, Reaching safepoint: 65573 ns, At safepoint: 3288659 ns, Total: 3354232 ns
[2024-02-23T23:41:41.050+0000][7][gc,start    ] GC(171) Pause Young (Normal) (G1 Evacuation Pause)
[2024-02-23T23:41:41.051+0000][7][gc,task     ] GC(171) Using 8 workers of 8 for evacuation
[2024-02-23T23:41:41.051+0000][7][gc,age      ] GC(171) Desired survivor size 41943040 bytes, new threshold 15 (max threshold 15)
[2024-02-23T23:41:41.053+0000][7][gc,phases   ] GC(171)   Pre Evacuate Collection Set: 0.2ms
[2024-02-23T23:41:41.053+0000][7][gc,phases   ] GC(171)   Merge Heap Roots: 0.1ms
[2024-02-23T23:41:41.053+0000][7][gc,phases   ] GC(171)   Evacuate Collection Set: 1.4ms
[2024-02-23T23:41:41.053+0000][7][gc,phases   ] GC(171)   Post Evacuate Collection Set: 0.8ms
[2024-02-23T23:41:41.053+0000][7][gc,phases   ] GC(171)   Other: 0.1ms
[2024-02-23T23:41:41.053+0000][7][gc,age      ] GC(171) Age table with threshold 15 (max threshold 15)
[2024-02-23T23:41:41.053+0000][7][gc,age      ] GC(171) - age   1:     874048 bytes,     874048 total
[2024-02-23T23:41:41.053+0000][7][gc,age      ] GC(171) - age   2:       3744 bytes,     877792 total
[2024-02-23T23:41:41.053+0000][7][gc,age      ] GC(171) - age   3:       3904 bytes,     881696 total
[2024-02-23T23:41:41.053+0000][7][gc,age      ] GC(171) - age   4:        184 bytes,     881880 total
[2024-02-23T23:41:41.053+0000][7][gc,age      ] GC(171) - age   5:        472 bytes,     882352 total
[2024-02-23T23:41:41.053+0000][7][gc,age      ] GC(171) - age   6:        152 bytes,     882504 total
[2024-02-23T23:41:41.053+0000][7][gc,age      ] GC(171) - age   7:       4024 bytes,     886528 total
[2024-02-23T23:41:41.053+0000][7][gc,age      ] GC(171) - age   8:       9680 bytes,     896208 total
[2024-02-23T23:41:41.053+0000][7][gc,age      ] GC(171) - age   9:      21800 bytes,     918008 total
[2024-02-23T23:41:41.053+0000][7][gc,age      ] GC(171) - age  10:     188096 bytes,    1106104 total
[2024-02-23T23:41:41.053+0000][7][gc,age      ] GC(171) - age  11:     163960 bytes,    1270064 total
[2024-02-23T23:41:41.053+0000][7][gc,age      ] GC(171) - age  12:     106352 bytes,    1376416 total
[2024-02-23T23:41:41.053+0000][7][gc,age      ] GC(171) - age  13:         48 bytes,    1376464 total
[2024-02-23T23:41:41.053+0000][7][gc,age      ] GC(171) - age  14:        152 bytes,    1376616 total
[2024-02-23T23:41:41.053+0000][7][gc,age      ] GC(171) - age  15:        288 bytes,    1376904 total
[2024-02-23T23:41:41.053+0000][7][gc,heap     ] GC(171) Eden regions: 152->0(152)
[2024-02-23T23:41:41.053+0000][7][gc,heap     ] GC(171) Survivor regions: 1->1(20)
[2024-02-23T23:41:41.053+0000][7][gc,heap     ] GC(171) Old regions: 24->24
[2024-02-23T23:41:41.053+0000][7][gc,heap     ] GC(171) Archive regions: 2->2
[2024-02-23T23:41:41.053+0000][7][gc,heap     ] GC(171) Humongous regions: 0->0
[2024-02-23T23:41:41.053+0000][7][gc,metaspace] GC(171) Metaspace: 128748K(132352K)->128748K(132352K) NonClass: 111901K(113792K)->111901K(113792K) Class: 16847K(18560K)->16847K(18560K)
[2024-02-23T23:41:41.053+0000][7][gc          ] GC(171) Pause Young (Normal) (G1 Evacuation Pause) 709M->100M(1024M) 2.927ms
[2024-02-23T23:41:41.053+0000][7][gc,cpu      ] GC(171) User=0.01s Sys=0.00s Real=0.00s
[2024-02-23T23:41:41.053+0000][7][safepoint   ] Safepoint "G1CollectForAllocation", Time since last: 192164993337 ns, Reaching safepoint: 75213 ns, At safepoint: 3028353 ns, Total: 3103566 ns
[2024-02-23T23:42:11.057+0000][7][safepoint   ] Safepoint "Cleanup", Time since last: 30003318286 ns, Reaching safepoint: 118307 ns, At safepoint: 17068 ns, Total: 135375 ns
[2024-02-23T23:44:53.204+0000][7][gc,start    ] GC(172) Pause Young (Normal) (G1 Evacuation Pause)
[2024-02-23T23:44:53.204+0000][7][gc,task     ] GC(172) Using 8 workers of 8 for evacuation
[2024-02-23T23:44:53.204+0000][7][gc,age      ] GC(172) Desired survivor size 41943040 bytes, new threshold 15 (max threshold 15)
[2024-02-23T23:44:53.207+0000][7][gc,phases   ] GC(172)   Pre Evacuate Collection Set: 0.1ms
[2024-02-23T23:44:53.207+0000][7][gc,phases   ] GC(172)   Merge Heap Roots: 0.1ms
[2024-02-23T23:44:53.207+0000][7][gc,phases   ] GC(172)   Evacuate Collection Set: 1.6ms
[2024-02-23T23:44:53.207+0000][7][gc,phases   ] GC(172)   Post Evacuate Collection Set: 0.7ms
[2024-02-23T23:44:53.207+0000][7][gc,phases   ] GC(172)   Other: 0.1ms
[2024-02-23T23:44:53.207+0000][7][gc,age      ] GC(172) Age table with threshold 15 (max threshold 15)
[2024-02-23T23:44:53.207+0000][7][gc,age      ] GC(172) - age   1:    1516792 bytes,    1516792 total
[2024-02-23T23:44:53.207+0000][7][gc,age      ] GC(172) - age   2:       9816 bytes,    1526608 total
[2024-02-23T23:44:53.207+0000][7][gc,age      ] GC(172) - age   3:       2784 bytes,    1529392 total
[2024-02-23T23:44:53.207+0000][7][gc,age      ] GC(172) - age   4:        448 bytes,    1529840 total
[2024-02-23T23:44:53.207+0000][7][gc,age      ] GC(172) - age   6:        472 bytes,    1530312 total
[2024-02-23T23:44:53.207+0000][7][gc,age      ] GC(172) - age   7:        152 bytes,    1530464 total
[2024-02-23T23:44:53.207+0000][7][gc,age      ] GC(172) - age   8:       4024 bytes,    1534488 total
[2024-02-23T23:44:53.207+0000][7][gc,age      ] GC(172) - age   9:       9680 bytes,    1544168 total
[2024-02-23T23:44:53.207+0000][7][gc,age      ] GC(172) - age  10:      21800 bytes,    1565968 total
[2024-02-23T23:44:53.207+0000][7][gc,age      ] GC(172) - age  11:     188096 bytes,    1754064 total
[2024-02-23T23:44:53.207+0000][7][gc,age      ] GC(172) - age  12:     163960 bytes,    1918024 total
[2024-02-23T23:44:53.207+0000][7][gc,age      ] GC(172) - age  13:     106352 bytes,    2024376 total
[2024-02-23T23:44:53.207+0000][7][gc,age      ] GC(172) - age  14:         48 bytes,    2024424 total
[2024-02-23T23:44:53.207+0000][7][gc,age      ] GC(172) - age  15:        152 bytes,    2024576 total
[2024-02-23T23:44:53.207+0000][7][gc,heap     ] GC(172) Eden regions: 152->0(152)
[2024-02-23T23:44:53.207+0000][7][gc,heap     ] GC(172) Survivor regions: 1->1(20)
[2024-02-23T23:44:53.207+0000][7][gc,heap     ] GC(172) Old regions: 24->24
[2024-02-23T23:44:53.207+0000][7][gc,heap     ] GC(172) Archive regions: 2->2
[2024-02-23T23:44:53.207+0000][7][gc,heap     ] GC(172) Humongous regions: 0->0
[2024-02-23T23:44:53.207+0000][7][gc,metaspace] GC(172) Metaspace: 128748K(132352K)->128748K(132352K) NonClass: 111901K(113792K)->111901K(113792K) Class: 16847K(18560K)->16847K(18560K)
[2024-02-23T23:44:53.207+0000][7][gc          ] GC(172) Pause Young (Normal) (G1 Evacuation Pause) 708M->101M(1024M) 2.930ms
[2024-02-23T23:44:53.207+0000][7][gc,cpu      ] GC(172) User=0.02s Sys=0.00s Real=0.00s
[2024-02-23T23:44:53.207+0000][7][safepoint   ] Safepoint "G1CollectForAllocation", Time since last: 162146948640 ns, Reaching safepoint: 35743 ns, At safepoint: 3020093 ns, Total: 3055836 ns
[2024-02-23T23:48:22.919+0000][7][gc,start    ] GC(173) Pause Young (Normal) (G1 Evacuation Pause)
[2024-02-23T23:48:22.919+0000][7][gc,task     ] GC(173) Using 8 workers of 8 for evacuation
[2024-02-23T23:48:22.919+0000][7][gc,age      ] GC(173) Desired survivor size 41943040 bytes, new threshold 15 (max threshold 15)
[2024-02-23T23:48:22.921+0000][7][gc,phases   ] GC(173)   Pre Evacuate Collection Set: 0.1ms
[2024-02-23T23:48:22.921+0000][7][gc,phases   ] GC(173)   Merge Heap Roots: 0.1ms
[2024-02-23T23:48:22.921+0000][7][gc,phases   ] GC(173)   Evacuate Collection Set: 1.5ms
[2024-02-23T23:48:22.921+0000][7][gc,phases   ] GC(173)   Post Evacuate Collection Set: 0.7ms
[2024-02-23T23:48:22.921+0000][7][gc,phases   ] GC(173)   Other: 0.1ms
[2024-02-23T23:48:22.921+0000][7][gc,age      ] GC(173) Age table with threshold 15 (max threshold 15)
[2024-02-23T23:48:22.921+0000][7][gc,age      ] GC(173) - age   1:    1587824 bytes,    1587824 total
[2024-02-23T23:48:22.921+0000][7][gc,age      ] GC(173) - age   2:       6496 bytes,    1594320 total
[2024-02-23T23:48:22.921+0000][7][gc,age      ] GC(173) - age   3:       8392 bytes,    1602712 total
[2024-02-23T23:48:22.921+0000][7][gc,age      ] GC(173) - age   4:       1776 bytes,    1604488 total
[2024-02-23T23:48:22.921+0000][7][gc,age      ] GC(173) - age   5:         56 bytes,    1604544 total
[2024-02-23T23:48:22.921+0000][7][gc,age      ] GC(173) - age   7:        440 bytes,    1604984 total
[2024-02-23T23:48:22.921+0000][7][gc,age      ] GC(173) - age   8:        152 bytes,    1605136 total
[2024-02-23T23:48:22.921+0000][7][gc,age      ] GC(173) - age   9:       4024 bytes,    1609160 total
[2024-02-23T23:48:22.921+0000][7][gc,age      ] GC(173) - age  10:       9680 bytes,    1618840 total
[2024-02-23T23:48:22.921+0000][7][gc,age      ] GC(173) - age  11:      21800 bytes,    1640640 total
[2024-02-23T23:48:22.921+0000][7][gc,age      ] GC(173) - age  12:     188096 bytes,    1828736 total
[2024-02-23T23:48:22.921+0000][7][gc,age      ] GC(173) - age  13:     163960 bytes,    1992696 total
[2024-02-23T23:48:22.921+0000][7][gc,age      ] GC(173) - age  14:     106352 bytes,    2099048 total
[2024-02-23T23:48:22.921+0000][7][gc,age      ] GC(173) - age  15:         48 bytes,    2099096 total
[2024-02-23T23:48:22.921+0000][7][gc,heap     ] GC(173) Eden regions: 152->0(152)
[2024-02-23T23:48:22.921+0000][7][gc,heap     ] GC(173) Survivor regions: 1->1(20)
[2024-02-23T23:48:22.921+0000][7][gc,heap     ] GC(173) Old regions: 24->24
[2024-02-23T23:48:22.921+0000][7][gc,heap     ] GC(173) Archive regions: 2->2
[2024-02-23T23:48:22.921+0000][7][gc,heap     ] GC(173) Humongous regions: 0->0
[2024-02-23T23:48:22.921+0000][7][gc,metaspace] GC(173) Metaspace: 128750K(132352K)->128750K(132352K) NonClass: 111902K(113792K)->111902K(113792K) Class: 16847K(18560K)->16847K(18560K)
[2024-02-23T23:48:22.921+0000][7][gc          ] GC(173) Pause Young (Normal) (G1 Evacuation Pause) 709M->101M(1024M) 2.829ms
[2024-02-23T23:48:22.922+0000][7][gc,cpu      ] GC(173) User=0.01s Sys=0.01s Real=0.00s
[2024-02-23T23:48:22.922+0000][7][safepoint   ] Safepoint "G1CollectForAllocation", Time since last: 209711697756 ns, Reaching safepoint: 39540 ns, At safepoint: 2939586 ns, Total: 2979126 ns
[2024-02-23T23:51:34.942+0000][7][gc,start    ] GC(174) Pause Young (Normal) (G1 Evacuation Pause)
[2024-02-23T23:51:34.942+0000][7][gc,task     ] GC(174) Using 8 workers of 8 for evacuation
[2024-02-23T23:51:34.942+0000][7][gc,age      ] GC(174) Desired survivor size 41943040 bytes, new threshold 15 (max threshold 15)
[2024-02-23T23:51:34.945+0000][7][gc,phases   ] GC(174)   Pre Evacuate Collection Set: 0.1ms
[2024-02-23T23:51:34.945+0000][7][gc,phases   ] GC(174)   Merge Heap Roots: 0.1ms
[2024-02-23T23:51:34.945+0000][7][gc,phases   ] GC(174)   Evacuate Collection Set: 1.4ms
[2024-02-23T23:51:34.945+0000][7][gc,phases   ] GC(174)   Post Evacuate Collection Set: 0.7ms
[2024-02-23T23:51:34.945+0000][7][gc,phases   ] GC(174)   Other: 0.1ms
[2024-02-23T23:51:34.945+0000][7][gc,age      ] GC(174) Age table with threshold 15 (max threshold 15)
[2024-02-23T23:51:34.945+0000][7][gc,age      ] GC(174) - age   1:    1574096 bytes,    1574096 total
[2024-02-23T23:51:34.945+0000][7][gc,age      ] GC(174) - age   2:       4304 bytes,    1578400 total
[2024-02-23T23:51:34.945+0000][7][gc,age      ] GC(174) - age   3:       4096 bytes,    1582496 total
[2024-02-23T23:51:34.945+0000][7][gc,age      ] GC(174) - age   4:        184 bytes,    1582680 total
[2024-02-23T23:51:34.945+0000][7][gc,age      ] GC(174) - age   5:       1688 bytes,    1584368 total
[2024-02-23T23:51:34.945+0000][7][gc,age      ] GC(174) - age   6:         24 bytes,    1584392 total
[2024-02-23T23:51:34.945+0000][7][gc,age      ] GC(174) - age   8:        256 bytes,    1584648 total
[2024-02-23T23:51:34.945+0000][7][gc,age      ] GC(174) - age   9:        152 bytes,    1584800 total
[2024-02-23T23:51:34.945+0000][7][gc,age      ] GC(174) - age  10:       4024 bytes,    1588824 total
[2024-02-23T23:51:34.945+0000][7][gc,age      ] GC(174) - age  11:       9680 bytes,    1598504 total
[2024-02-23T23:51:34.945+0000][7][gc,age      ] GC(174) - age  12:      21800 bytes,    1620304 total
[2024-02-23T23:51:34.945+0000][7][gc,age      ] GC(174) - age  13:     188096 bytes,    1808400 total
[2024-02-23T23:51:34.945+0000][7][gc,age      ] GC(174) - age  14:     163960 bytes,    1972360 total
[2024-02-23T23:51:34.945+0000][7][gc,age      ] GC(174) - age  15:     106352 bytes,    2078712 total
[2024-02-23T23:51:34.945+0000][7][gc,heap     ] GC(174) Eden regions: 152->0(152)
[2024-02-23T23:51:34.945+0000][7][gc,heap     ] GC(174) Survivor regions: 1->1(20)
[2024-02-23T23:51:34.945+0000][7][gc,heap     ] GC(174) Old regions: 24->24
[2024-02-23T23:51:34.945+0000][7][gc,heap     ] GC(174) Archive regions: 2->2
[2024-02-23T23:51:34.945+0000][7][gc,heap     ] GC(174) Humongous regions: 0->0
[2024-02-23T23:51:34.945+0000][7][gc,metaspace] GC(174) Metaspace: 128750K(132352K)->128750K(132352K) NonClass: 111902K(113792K)->111902K(113792K) Class: 16847K(18560K)->16847K(18560K)
[2024-02-23T23:51:34.945+0000][7][gc          ] GC(174) Pause Young (Normal) (G1 Evacuation Pause) 709M->101M(1024M) 2.640ms
[2024-02-23T23:51:34.945+0000][7][gc,cpu      ] GC(174) User=0.01s Sys=0.01s Real=0.00s
[2024-02-23T23:51:34.945+0000][7][safepoint   ] Safepoint "G1CollectForAllocation", Time since last: 192020615060 ns, Reaching safepoint: 41834 ns, At safepoint: 2724709 ns, Total: 2766543 ns
[2024-02-23T23:54:41.964+0000][7][safepoint   ] Safepoint "Cleanup", Time since last: 187018770124 ns, Reaching safepoint: 68368 ns, At safepoint: 40825 ns, Total: 109193 ns
[2024-02-23T23:54:50.520+0000][7][gc,start    ] GC(175) Pause Young (Normal) (G1 Evacuation Pause)
[2024-02-23T23:54:50.520+0000][7][gc,task     ] GC(175) Using 8 workers of 8 for evacuation
[2024-02-23T23:54:50.520+0000][7][gc,age      ] GC(175) Desired survivor size 41943040 bytes, new threshold 15 (max threshold 15)
[2024-02-23T23:54:50.523+0000][7][gc,phases   ] GC(175)   Pre Evacuate Collection Set: 0.1ms
[2024-02-23T23:54:50.523+0000][7][gc,phases   ] GC(175)   Merge Heap Roots: 0.1ms
[2024-02-23T23:54:50.523+0000][7][gc,phases   ] GC(175)   Evacuate Collection Set: 1.8ms
[2024-02-23T23:54:50.523+0000][7][gc,phases   ] GC(175)   Post Evacuate Collection Set: 0.8ms
[2024-02-23T23:54:50.523+0000][7][gc,phases   ] GC(175)   Other: 0.1ms
[2024-02-23T23:54:50.523+0000][7][gc,age      ] GC(175) Age table with threshold 15 (max threshold 15)
[2024-02-23T23:54:50.523+0000][7][gc,age      ] GC(175) - age   1:    1089232 bytes,    1089232 total
[2024-02-23T23:54:50.523+0000][7][gc,age      ] GC(175) - age   2:       2392 bytes,    1091624 total
[2024-02-23T23:54:50.523+0000][7][gc,age      ] GC(175) - age   3:       1360 bytes,    1092984 total
[2024-02-23T23:54:50.523+0000][7][gc,age      ] GC(175) - age   4:        152 bytes,    1093136 total
[2024-02-23T23:54:50.523+0000][7][gc,age      ] GC(175) - age   5:        184 bytes,    1093320 total
[2024-02-23T23:54:50.523+0000][7][gc,age      ] GC(175) - age   6:       1688 bytes,    1095008 total
[2024-02-23T23:54:50.523+0000][7][gc,age      ] GC(175) - age   7:         24 bytes,    1095032 total
[2024-02-23T23:54:50.523+0000][7][gc,age      ] GC(175) - age   9:        256 bytes,    1095288 total
[2024-02-23T23:54:50.523+0000][7][gc,age      ] GC(175) - age  10:        152 bytes,    1095440 total
[2024-02-23T23:54:50.523+0000][7][gc,age      ] GC(175) - age  11:       4024 bytes,    1099464 total
[2024-02-23T23:54:50.523+0000][7][gc,age      ] GC(175) - age  12:       9680 bytes,    1109144 total
[2024-02-23T23:54:50.523+0000][7][gc,age      ] GC(175) - age  13:      21800 bytes,    1130944 total
[2024-02-23T23:54:50.523+0000][7][gc,age      ] GC(175) - age  14:     188096 bytes,    1319040 total
[2024-02-23T23:54:50.523+0000][7][gc,age      ] GC(175) - age  15:     163960 bytes,    1483000 total
[2024-02-23T23:54:50.523+0000][7][gc,heap     ] GC(175) Eden regions: 152->0(152)
[2024-02-23T23:54:50.523+0000][7][gc,heap     ] GC(175) Survivor regions: 1->1(20)
[2024-02-23T23:54:50.523+0000][7][gc,heap     ] GC(175) Old regions: 24->24
[2024-02-23T23:54:50.523+0000][7][gc,heap     ] GC(175) Archive regions: 2->2
[2024-02-23T23:54:50.523+0000][7][gc,heap     ] GC(175) Humongous regions: 0->0
[2024-02-23T23:54:50.523+0000][7][gc,metaspace] GC(175) Metaspace: 128750K(132352K)->128750K(132352K) NonClass: 111902K(113792K)->111902K(113792K) Class: 16847K(18560K)->16847K(18560K)
[2024-02-23T23:54:50.523+0000][7][gc          ] GC(175) Pause Young (Normal) (G1 Evacuation Pause) 709M->100M(1024M) 3.218ms
[2024-02-23T23:54:50.523+0000][7][gc,cpu      ] GC(175) User=0.02s Sys=0.00s Real=0.00s
[2024-02-23T23:54:50.523+0000][7][safepoint   ] Safepoint "G1CollectForAllocation", Time since last: 8555871212 ns, Reaching safepoint: 54815 ns, At safepoint: 3314235 ns, Total: 3369050 ns
[2024-02-23T23:55:34.528+0000][7][safepoint   ] Safepoint "Cleanup", Time since last: 44004845245 ns, Reaching safepoint: 88726 ns, At safepoint: 13023 ns, Total: 101749 ns
[2024-02-23T23:58:04.976+0000][7][gc,start    ] GC(176) Pause Young (Normal) (G1 Evacuation Pause)
[2024-02-23T23:58:04.976+0000][7][gc,task     ] GC(176) Using 8 workers of 8 for evacuation
[2024-02-23T23:58:04.976+0000][7][gc,age      ] GC(176) Desired survivor size 41943040 bytes, new threshold 15 (max threshold 15)
[2024-02-23T23:58:04.979+0000][7][gc,phases   ] GC(176)   Pre Evacuate Collection Set: 0.1ms
[2024-02-23T23:58:04.979+0000][7][gc,phases   ] GC(176)   Merge Heap Roots: 0.1ms
[2024-02-23T23:58:04.979+0000][7][gc,phases   ] GC(176)   Evacuate Collection Set: 1.3ms
[2024-02-23T23:58:04.979+0000][7][gc,phases   ] GC(176)   Post Evacuate Collection Set: 1.0ms
[2024-02-23T23:58:04.979+0000][7][gc,phases   ] GC(176)   Other: 0.1ms
[2024-02-23T23:58:04.979+0000][7][gc,age      ] GC(176) Age table with threshold 15 (max threshold 15)
[2024-02-23T23:58:04.979+0000][7][gc,age      ] GC(176) - age   1:     849520 bytes,     849520 total
[2024-02-23T23:58:04.979+0000][7][gc,age      ] GC(176) - age   2:       5128 bytes,     854648 total
[2024-02-23T23:58:04.979+0000][7][gc,age      ] GC(176) - age   3:         96 bytes,     854744 total
[2024-02-23T23:58:04.979+0000][7][gc,age      ] GC(176) - age   4:        608 bytes,     855352 total
[2024-02-23T23:58:04.979+0000][7][gc,age      ] GC(176) - age   5:         24 bytes,     855376 total
[2024-02-23T23:58:04.979+0000][7][gc,age      ] GC(176) - age   6:        184 bytes,     855560 total
[2024-02-23T23:58:04.979+0000][7][gc,age      ] GC(176) - age   7:       1088 bytes,     856648 total
[2024-02-23T23:58:04.979+0000][7][gc,age      ] GC(176) - age   8:         24 bytes,     856672 total
[2024-02-23T23:58:04.979+0000][7][gc,age      ] GC(176) - age  10:        256 bytes,     856928 total
[2024-02-23T23:58:04.979+0000][7][gc,age      ] GC(176) - age  11:        152 bytes,     857080 total
[2024-02-23T23:58:04.979+0000][7][gc,age      ] GC(176) - age  12:       4024 bytes,     861104 total
[2024-02-23T23:58:04.979+0000][7][gc,age      ] GC(176) - age  13:       9680 bytes,     870784 total
[2024-02-23T23:58:04.979+0000][7][gc,age      ] GC(176) - age  14:      21800 bytes,     892584 total
[2024-02-23T23:58:04.979+0000][7][gc,age      ] GC(176) - age  15:     188096 bytes,    1080680 total
[2024-02-23T23:58:04.979+0000][7][gc,heap     ] GC(176) Eden regions: 152->0(152)
[2024-02-23T23:58:04.979+0000][7][gc,heap     ] GC(176) Survivor regions: 1->1(20)
[2024-02-23T23:58:04.979+0000][7][gc,heap     ] GC(176) Old regions: 24->24
[2024-02-23T23:58:04.979+0000][7][gc,heap     ] GC(176) Archive regions: 2->2
[2024-02-23T23:58:04.979+0000][7][gc,heap     ] GC(176) Humongous regions: 0->0
[2024-02-23T23:58:04.979+0000][7][gc,metaspace] GC(176) Metaspace: 128750K(132352K)->128750K(132352K) NonClass: 111902K(113792K)->111902K(113792K) Class: 16847K(18560K)->16847K(18560K)
[2024-02-23T23:58:04.979+0000][7][gc          ] GC(176) Pause Young (Normal) (G1 Evacuation Pause) 708M->100M(1024M) 2.969ms
[2024-02-23T23:58:04.979+0000][7][gc,cpu      ] GC(176) User=0.00s Sys=0.02s Real=0.01s
[2024-02-23T23:58:04.979+0000][7][safepoint   ] Safepoint "G1CollectForAllocation", Time since last: 150447953664 ns, Reaching safepoint: 59139 ns, At safepoint: 3068011 ns, Total: 3127150 ns
[2024-02-23T23:59:25.988+0000][7][safepoint   ] Safepoint "Cleanup", Time since last: 81008510161 ns, Reaching safepoint: 100859 ns, At safepoint: 12542 ns, Total: 113401 ns
[2024-02-24T00:00:02.992+0000][7][safepoint   ] Safepoint "Cleanup", Time since last: 37003659363 ns, Reaching safepoint: 136554 ns, At safepoint: 9473 ns, Total: 146027 ns
[2024-02-24T00:00:05.992+0000][7][safepoint   ] Safepoint "Cleanup", Time since last: 3000386800 ns, Reaching safepoint: 79827 ns, At safepoint: 8000 ns, Total: 87827 ns
[2024-02-24T00:00:18.994+0000][7][safepoint   ] Safepoint "Cleanup", Time since last: 13001735768 ns, Reaching safepoint: 98638 ns, At safepoint: 9399 ns, Total: 108037 ns
[2024-02-24T00:00:25.995+0000][7][safepoint   ] Safepoint "Cleanup", Time since last: 7000687273 ns, Reaching safepoint: 97641 ns, At safepoint: 8077 ns, Total: 105718 ns
[2024-02-24T00:01:11.478+0000][7][gc,start    ] GC(177) Pause Young (Normal) (G1 Evacuation Pause)
[2024-02-24T00:01:11.479+0000][7][gc,task     ] GC(177) Using 8 workers of 8 for evacuation
[2024-02-24T00:01:11.479+0000][7][gc,age      ] GC(177) Desired survivor size 41943040 bytes, new threshold 15 (max threshold 15)
[2024-02-24T00:01:11.480+0000][7][gc,phases   ] GC(177)   Pre Evacuate Collection Set: 0.1ms
[2024-02-24T00:01:11.481+0000][7][gc,phases   ] GC(177)   Merge Heap Roots: 0.0ms
[2024-02-24T00:01:11.481+0000][7][gc,phases   ] GC(177)   Evacuate Collection Set: 1.1ms
[2024-02-24T00:01:11.481+0000][7][gc,phases   ] GC(177)   Post Evacuate Collection Set: 0.7ms
[2024-02-24T00:01:11.481+0000][7][gc,phases   ] GC(177)   Other: 0.1ms
[2024-02-24T00:01:11.481+0000][7][gc,age      ] GC(177) Age table with threshold 15 (max threshold 15)
[2024-02-24T00:01:11.481+0000][7][gc,age      ] GC(177) - age   1:    2140976 bytes,    2140976 total
[2024-02-24T00:01:11.481+0000][7][gc,age      ] GC(177) - age   2:      11584 bytes,    2152560 total
[2024-02-24T00:01:11.481+0000][7][gc,age      ] GC(177) - age   3:       3704 bytes,    2156264 total
[2024-02-24T00:01:11.481+0000][7][gc,age      ] GC(177) - age   4:         32 bytes,    2156296 total
[2024-02-24T00:01:11.481+0000][7][gc,age      ] GC(177) - age   5:        608 bytes,    2156904 total
[2024-02-24T00:01:11.481+0000][7][gc,age      ] GC(177) - age   6:         24 bytes,    2156928 total
[2024-02-24T00:01:11.481+0000][7][gc,age      ] GC(177) - age   7:        184 bytes,    2157112 total
[2024-02-24T00:01:11.481+0000][7][gc,age      ] GC(177) - age   8:       1088 bytes,    2158200 total
[2024-02-24T00:01:11.481+0000][7][gc,age      ] GC(177) - age   9:         24 bytes,    2158224 total
[2024-02-24T00:01:11.481+0000][7][gc,age      ] GC(177) - age  11:        256 bytes,    2158480 total
[2024-02-24T00:01:11.481+0000][7][gc,age      ] GC(177) - age  12:        152 bytes,    2158632 total
[2024-02-24T00:01:11.481+0000][7][gc,age      ] GC(177) - age  13:       4024 bytes,    2162656 total
[2024-02-24T00:01:11.481+0000][7][gc,age      ] GC(177) - age  14:       9680 bytes,    2172336 total
[2024-02-24T00:01:11.481+0000][7][gc,age      ] GC(177) - age  15:      21800 bytes,    2194136 total
[2024-02-24T00:01:11.481+0000][7][gc,heap     ] GC(177) Eden regions: 152->0(152)
[2024-02-24T00:01:11.481+0000][7][gc,heap     ] GC(177) Survivor regions: 1->1(20)
[2024-02-24T00:01:11.481+0000][7][gc,heap     ] GC(177) Old regions: 24->24
[2024-02-24T00:01:11.481+0000][7][gc,heap     ] GC(177) Archive regions: 2->2
[2024-02-24T00:01:11.481+0000][7][gc,heap     ] GC(177) Humongous regions: 0->0
[2024-02-24T00:01:11.481+0000][7][gc,metaspace] GC(177) Metaspace: 128769K(132352K)->128769K(132352K) NonClass: 111922K(113792K)->111922K(113792K) Class: 16847K(18560K)->16847K(18560K)
[2024-02-24T00:01:11.481+0000][7][gc          ] GC(177) Pause Young (Normal) (G1 Evacuation Pause) 708M->101M(1024M) 2.235ms
[2024-02-24T00:01:11.481+0000][7][gc,cpu      ] GC(177) User=0.01s Sys=0.00s Real=0.00s
[2024-02-24T00:01:11.481+0000][7][safepoint   ] Safepoint "G1CollectForAllocation", Time since last: 45483787518 ns, Reaching safepoint: 32377 ns, At safepoint: 2311584 ns, Total: 2343961 ns
[2024-02-24T00:01:25.482+0000][7][safepoint   ] Safepoint "Cleanup", Time since last: 14001274476 ns, Reaching safepoint: 114221 ns, At safepoint: 24844 ns, Total: 139065 ns
[2024-02-24T00:02:25.489+0000][7][safepoint   ] Safepoint "Cleanup", Time since last: 60006327600 ns, Reaching safepoint: 123966 ns, At safepoint: 30803 ns, Total: 154769 ns
[2024-02-24T00:03:36.497+0000][7][safepoint   ] Safepoint "Cleanup", Time since last: 71008360985 ns, Reaching safepoint: 87838 ns, At safepoint: 45192 ns, Total: 133030 ns
[2024-02-24T00:04:05.048+0000][7][gc,start    ] GC(178) Pause Young (Normal) (G1 Evacuation Pause)
[2024-02-24T00:04:05.048+0000][7][gc,task     ] GC(178) Using 8 workers of 8 for evacuation
[2024-02-24T00:04:05.048+0000][7][gc,age      ] GC(178) Desired survivor size 41943040 bytes, new threshold 15 (max threshold 15)
[2024-02-24T00:04:05.050+0000][7][gc,phases   ] GC(178)   Pre Evacuate Collection Set: 0.1ms
[2024-02-24T00:04:05.050+0000][7][gc,phases   ] GC(178)   Merge Heap Roots: 0.1ms
[2024-02-24T00:04:05.050+0000][7][gc,phases   ] GC(178)   Evacuate Collection Set: 1.1ms
[2024-02-24T00:04:05.050+0000][7][gc,phases   ] GC(178)   Post Evacuate Collection Set: 0.8ms
[2024-02-24T00:04:05.050+0000][7][gc,phases   ] GC(178)   Other: 0.1ms
[2024-02-24T00:04:05.050+0000][7][gc,age      ] GC(178) Age table with threshold 15 (max threshold 15)
[2024-02-24T00:04:05.050+0000][7][gc,age      ] GC(178) - age   1:     637552 bytes,     637552 total
[2024-02-24T00:04:05.050+0000][7][gc,age      ] GC(178) - age   2:     332896 bytes,     970448 total
[2024-02-24T00:04:05.050+0000][7][gc,age      ] GC(178) - age   3:       9504 bytes,     979952 total
[2024-02-24T00:04:05.050+0000][7][gc,age      ] GC(178) - age   5:         32 bytes,     979984 total
[2024-02-24T00:04:05.051+0000][7][gc,age      ] GC(178) - age   6:        216 bytes,     980200 total
[2024-02-24T00:04:05.051+0000][7][gc,age      ] GC(178) - age   7:         24 bytes,     980224 total
[2024-02-24T00:04:05.051+0000][7][gc,age      ] GC(178) - age   8:        184 bytes,     980408 total
[2024-02-24T00:04:05.051+0000][7][gc,age      ] GC(178) - age   9:       1088 bytes,     981496 total
[2024-02-24T00:04:05.051+0000][7][gc,age      ] GC(178) - age  10:         24 bytes,     981520 total
[2024-02-24T00:04:05.051+0000][7][gc,age      ] GC(178) - age  12:        256 bytes,     981776 total
[2024-02-24T00:04:05.051+0000][7][gc,age      ] GC(178) - age  13:        152 bytes,     981928 total
[2024-02-24T00:04:05.051+0000][7][gc,age      ] GC(178) - age  14:       4024 bytes,     985952 total
[2024-02-24T00:04:05.051+0000][7][gc,age      ] GC(178) - age  15:       9680 bytes,     995632 total
[2024-02-24T00:04:05.051+0000][7][gc,heap     ] GC(178) Eden regions: 152->0(152)
[2024-02-24T00:04:05.051+0000][7][gc,heap     ] GC(178) Survivor regions: 1->1(20)
[2024-02-24T00:04:05.051+0000][7][gc,heap     ] GC(178) Old regions: 24->24
[2024-02-24T00:04:05.051+0000][7][gc,heap     ] GC(178) Archive regions: 2->2
[2024-02-24T00:04:05.051+0000][7][gc,heap     ] GC(178) Humongous regions: 0->0
[2024-02-24T00:04:05.051+0000][7][gc,metaspace] GC(178) Metaspace: 128773K(132352K)->128773K(132352K) NonClass: 111926K(113792K)->111926K(113792K) Class: 16847K(18560K)->16847K(18560K)
[2024-02-24T00:04:05.051+0000][7][gc          ] GC(178) Pause Young (Normal) (G1 Evacuation Pause) 709M->100M(1024M) 2.570ms
[2024-02-24T00:04:05.051+0000][7][gc,cpu      ] GC(178) User=0.00s Sys=0.00s Real=0.01s
[2024-02-24T00:04:05.051+0000][7][safepoint   ] Safepoint "G1CollectForAllocation", Time since last: 28550811351 ns, Reaching safepoint: 93190 ns, At safepoint: 2668459 ns, Total: 2761649 ns
[2024-02-24T00:05:18.059+0000][7][safepoint   ] Safepoint "Cleanup", Time since last: 73008405192 ns, Reaching safepoint: 59702 ns, At safepoint: 29620 ns, Total: 89322 ns
[2024-02-24T00:05:26.060+0000][7][safepoint   ] Safepoint "Cleanup", Time since last: 8000996979 ns, Reaching safepoint: 95107 ns, At safepoint: 10555 ns, Total: 105662 ns
[2024-02-24T00:07:16.971+0000][7][gc,start    ] GC(179) Pause Young (Normal) (G1 Evacuation Pause)
[2024-02-24T00:07:16.971+0000][7][gc,task     ] GC(179) Using 8 workers of 8 for evacuation
[2024-02-24T00:07:16.971+0000][7][gc,age      ] GC(179) Desired survivor size 41943040 bytes, new threshold 15 (max threshold 15)
[2024-02-24T00:07:16.974+0000][7][gc,phases   ] GC(179)   Pre Evacuate Collection Set: 0.2ms
[2024-02-24T00:07:16.974+0000][7][gc,phases   ] GC(179)   Merge Heap Roots: 0.1ms
[2024-02-24T00:07:16.974+0000][7][gc,phases   ] GC(179)   Evacuate Collection Set: 1.4ms
[2024-02-24T00:07:16.974+0000][7][gc,phases   ] GC(179)   Post Evacuate Collection Set: 0.7ms
[2024-02-24T00:07:16.974+0000][7][gc,phases   ] GC(179)   Other: 0.1ms
[2024-02-24T00:07:16.974+0000][7][gc,age      ] GC(179) Age table with threshold 15 (max threshold 15)
[2024-02-24T00:07:16.974+0000][7][gc,age      ] GC(179) - age   1:    1053640 bytes,    1053640 total
[2024-02-24T00:07:16.974+0000][7][gc,age      ] GC(179) - age   2:       5416 bytes,    1059056 total
[2024-02-24T00:07:16.974+0000][7][gc,age      ] GC(179) - age   3:     314352 bytes,    1373408 total
[2024-02-24T00:07:16.974+0000][7][gc,age      ] GC(179) - age   4:       8400 bytes,    1381808 total
[2024-02-24T00:07:16.974+0000][7][gc,age      ] GC(179) - age   7:        184 bytes,    1381992 total
[2024-02-24T00:07:16.974+0000][7][gc,age      ] GC(179) - age   8:         24 bytes,    1382016 total
[2024-02-24T00:07:16.974+0000][7][gc,age      ] GC(179) - age   9:        184 bytes,    1382200 total
[2024-02-24T00:07:16.974+0000][7][gc,age      ] GC(179) - age  10:       1088 bytes,    1383288 total
[2024-02-24T00:07:16.974+0000][7][gc,age      ] GC(179) - age  11:         24 bytes,    1383312 total
[2024-02-24T00:07:16.974+0000][7][gc,age      ] GC(179) - age  13:        256 bytes,    1383568 total
[2024-02-24T00:07:16.974+0000][7][gc,age      ] GC(179) - age  14:        152 bytes,    1383720 total
[2024-02-24T00:07:16.974+0000][7][gc,age      ] GC(179) - age  15:       4024 bytes,    1387744 total
[2024-02-24T00:07:16.974+0000][7][gc,heap     ] GC(179) Eden regions: 152->0(152)
[2024-02-24T00:07:16.974+0000][7][gc,heap     ] GC(179) Survivor regions: 1->1(20)
[2024-02-24T00:07:16.974+0000][7][gc,heap     ] GC(179) Old regions: 24->24
[2024-02-24T00:07:16.974+0000][7][gc,heap     ] GC(179) Archive regions: 2->2
[2024-02-24T00:07:16.974+0000][7][gc,heap     ] GC(179) Humongous regions: 0->0
[2024-02-24T00:07:16.974+0000][7][gc,metaspace] GC(179) Metaspace: 128773K(132352K)->128773K(132352K) NonClass: 111926K(113792K)->111926K(113792K) Class: 16847K(18560K)->16847K(18560K)
[2024-02-24T00:07:16.974+0000][7][gc          ] GC(179) Pause Young (Normal) (G1 Evacuation Pause) 708M->101M(1024M) 2.782ms
[2024-02-24T00:07:16.974+0000][7][gc,cpu      ] GC(179) User=0.01s Sys=0.00s Real=0.00s
[2024-02-24T00:07:16.974+0000][7][safepoint   ] Safepoint "G1CollectForAllocation", Time since last: 110910578961 ns, Reaching safepoint: 122891 ns, At safepoint: 2882994 ns, Total: 3005885 ns
[2024-02-24T00:08:41.983+0000][7][safepoint   ] Safepoint "Cleanup", Time since last: 85008875177 ns, Reaching safepoint: 98533 ns, At safepoint: 5804 ns, Total: 104337 ns
[2024-02-24T00:10:26.393+0000][7][gc,start    ] GC(180) Pause Young (Normal) (G1 Evacuation Pause)
[2024-02-24T00:10:26.393+0000][7][gc,task     ] GC(180) Using 8 workers of 8 for evacuation
[2024-02-24T00:10:26.393+0000][7][gc,age      ] GC(180) Desired survivor size 41943040 bytes, new threshold 15 (max threshold 15)
[2024-02-24T00:10:26.396+0000][7][gc,phases   ] GC(180)   Pre Evacuate Collection Set: 0.1ms
[2024-02-24T00:10:26.396+0000][7][gc,phases   ] GC(180)   Merge Heap Roots: 0.1ms
[2024-02-24T00:10:26.396+0000][7][gc,phases   ] GC(180)   Evacuate Collection Set: 1.8ms
[2024-02-24T00:10:26.396+0000][7][gc,phases   ] GC(180)   Post Evacuate Collection Set: 0.9ms
[2024-02-24T00:10:26.396+0000][7][gc,phases   ] GC(180)   Other: 0.1ms
[2024-02-24T00:10:26.396+0000][7][gc,age      ] GC(180) Age table with threshold 15 (max threshold 15)
[2024-02-24T00:10:26.396+0000][7][gc,age      ] GC(180) - age   1:    1671976 bytes,    1671976 total
[2024-02-24T00:10:26.396+0000][7][gc,age      ] GC(180) - age   2:     110512 bytes,    1782488 total
[2024-02-24T00:10:26.396+0000][7][gc,age      ] GC(180) - age   3:       4272 bytes,    1786760 total
[2024-02-24T00:10:26.396+0000][7][gc,age      ] GC(180) - age   4:     305888 bytes,    2092648 total
[2024-02-24T00:10:26.396+0000][7][gc,age      ] GC(180) - age   5:       8400 bytes,    2101048 total
[2024-02-24T00:10:26.396+0000][7][gc,age      ] GC(180) - age   8:        184 bytes,    2101232 total
[2024-02-24T00:10:26.396+0000][7][gc,age      ] GC(180) - age   9:         24 bytes,    2101256 total
[2024-02-24T00:10:26.396+0000][7][gc,age      ] GC(180) - age  10:        184 bytes,    2101440 total
[2024-02-24T00:10:26.396+0000][7][gc,age      ] GC(180) - age  11:        904 bytes,    2102344 total
[2024-02-24T00:10:26.396+0000][7][gc,age      ] GC(180) - age  12:         24 bytes,    2102368 total
[2024-02-24T00:10:26.396+0000][7][gc,age      ] GC(180) - age  14:        256 bytes,    2102624 total
[2024-02-24T00:10:26.396+0000][7][gc,age      ] GC(180) - age  15:        152 bytes,    2102776 total
[2024-02-24T00:10:26.396+0000][7][gc,heap     ] GC(180) Eden regions: 152->0(152)
[2024-02-24T00:10:26.396+0000][7][gc,heap     ] GC(180) Survivor regions: 1->1(20)
[2024-02-24T00:10:26.396+0000][7][gc,heap     ] GC(180) Old regions: 24->24
[2024-02-24T00:10:26.396+0000][7][gc,heap     ] GC(180) Archive regions: 2->2
[2024-02-24T00:10:26.396+0000][7][gc,heap     ] GC(180) Humongous regions: 0->0
[2024-02-24T00:10:26.396+0000][7][gc,metaspace] GC(180) Metaspace: 128773K(132352K)->128773K(132352K) NonClass: 111926K(113792K)->111926K(113792K) Class: 16847K(18560K)->16847K(18560K)
[2024-02-24T00:10:26.396+0000][7][gc          ] GC(180) Pause Young (Normal) (G1 Evacuation Pause) 709M->101M(1024M) 3.392ms
[2024-02-24T00:10:26.396+0000][7][gc,cpu      ] GC(180) User=0.02s Sys=0.00s Real=0.00s
[2024-02-24T00:10:26.396+0000][7][safepoint   ] Safepoint "G1CollectForAllocation", Time since last: 104410015882 ns, Reaching safepoint: 97672 ns, At safepoint: 3498287 ns, Total: 3595959 ns
[2024-02-24T00:12:25.409+0000][7][safepoint   ] Safepoint "Cleanup", Time since last: 119012666355 ns, Reaching safepoint: 115695 ns, At safepoint: 12062 ns, Total: 127757 ns
[2024-02-24T00:13:41.088+0000][7][gc,start    ] GC(181) Pause Young (Normal) (G1 Evacuation Pause)
[2024-02-24T00:13:41.088+0000][7][gc,task     ] GC(181) Using 8 workers of 8 for evacuation
[2024-02-24T00:13:41.088+0000][7][gc,age      ] GC(181) Desired survivor size 41943040 bytes, new threshold 15 (max threshold 15)
[2024-02-24T00:13:41.091+0000][7][gc,phases   ] GC(181)   Pre Evacuate Collection Set: 0.1ms
[2024-02-24T00:13:41.091+0000][7][gc,phases   ] GC(181)   Merge Heap Roots: 0.1ms
[2024-02-24T00:13:41.091+0000][7][gc,phases   ] GC(181)   Evacuate Collection Set: 1.9ms
[2024-02-24T00:13:41.091+0000][7][gc,phases   ] GC(181)   Post Evacuate Collection Set: 1.1ms
[2024-02-24T00:13:41.091+0000][7][gc,phases   ] GC(181)   Other: 0.1ms
[2024-02-24T00:13:41.091+0000][7][gc,age      ] GC(181) Age table with threshold 15 (max threshold 15)
[2024-02-24T00:13:41.091+0000][7][gc,age      ] GC(181) - age   1:    1331496 bytes,    1331496 total
[2024-02-24T00:13:41.091+0000][7][gc,age      ] GC(181) - age   2:     292136 bytes,    1623632 total
[2024-02-24T00:13:41.091+0000][7][gc,age      ] GC(181) - age   3:     108904 bytes,    1732536 total
[2024-02-24T00:13:41.091+0000][7][gc,age      ] GC(181) - age   4:        624 bytes,    1733160 total
[2024-02-24T00:13:41.091+0000][7][gc,age      ] GC(181) - age   5:     305704 bytes,    2038864 total
[2024-02-24T00:13:41.092+0000][7][gc,age      ] GC(181) - age   6:       8400 bytes,    2047264 total
[2024-02-24T00:13:41.092+0000][7][gc,age      ] GC(181) - age   9:        184 bytes,    2047448 total
[2024-02-24T00:13:41.092+0000][7][gc,age      ] GC(181) - age  10:         24 bytes,    2047472 total
[2024-02-24T00:13:41.092+0000][7][gc,age      ] GC(181) - age  11:        184 bytes,    2047656 total
[2024-02-24T00:13:41.092+0000][7][gc,age      ] GC(181) - age  12:        904 bytes,    2048560 total
[2024-02-24T00:13:41.092+0000][7][gc,age      ] GC(181) - age  13:         24 bytes,    2048584 total
[2024-02-24T00:13:41.092+0000][7][gc,age      ] GC(181) - age  15:        256 bytes,    2048840 total
[2024-02-24T00:13:41.092+0000][7][gc,heap     ] GC(181) Eden regions: 152->0(152)
[2024-02-24T00:13:41.092+0000][7][gc,heap     ] GC(181) Survivor regions: 1->1(20)
[2024-02-24T00:13:41.092+0000][7][gc,heap     ] GC(181) Old regions: 24->24
[2024-02-24T00:13:41.092+0000][7][gc,heap     ] GC(181) Archive regions: 2->2
[2024-02-24T00:13:41.092+0000][7][gc,heap     ] GC(181) Humongous regions: 0->0
[2024-02-24T00:13:41.092+0000][7][gc,metaspace] GC(181) Metaspace: 128773K(132352K)->128773K(132352K) NonClass: 111926K(113792K)->111926K(113792K) Class: 16847K(18560K)->16847K(18560K)
[2024-02-24T00:13:41.092+0000][7][gc          ] GC(181) Pause Young (Normal) (G1 Evacuation Pause) 709M->101M(1024M) 3.672ms
[2024-02-24T00:13:41.092+0000][7][gc,cpu      ] GC(181) User=0.02s Sys=0.00s Real=0.01s
[2024-02-24T00:13:41.092+0000][7][safepoint   ] Safepoint "G1CollectForAllocation", Time since last: 75678549797 ns, Reaching safepoint: 94797 ns, At safepoint: 3771461 ns, Total: 3866258 ns
[2024-02-24T00:16:53.143+0000][7][gc,start    ] GC(182) Pause Young (Normal) (G1 Evacuation Pause)
[2024-02-24T00:16:53.144+0000][7][gc,task     ] GC(182) Using 8 workers of 8 for evacuation
[2024-02-24T00:16:53.144+0000][7][gc,age      ] GC(182) Desired survivor size 41943040 bytes, new threshold 15 (max threshold 15)
[2024-02-24T00:16:53.146+0000][7][gc,phases   ] GC(182)   Pre Evacuate Collection Set: 0.1ms
[2024-02-24T00:16:53.146+0000][7][gc,phases   ] GC(182)   Merge Heap Roots: 0.1ms
[2024-02-24T00:16:53.146+0000][7][gc,phases   ] GC(182)   Evacuate Collection Set: 1.5ms
[2024-02-24T00:16:53.146+0000][7][gc,phases   ] GC(182)   Post Evacuate Collection Set: 0.9ms
[2024-02-24T00:16:53.146+0000][7][gc,phases   ] GC(182)   Other: 0.1ms
[2024-02-24T00:16:53.146+0000][7][gc,age      ] GC(182) Age table with threshold 15 (max threshold 15)
[2024-02-24T00:16:53.146+0000][7][gc,age      ] GC(182) - age   1:    1103616 bytes,    1103616 total
[2024-02-24T00:16:53.146+0000][7][gc,age      ] GC(182) - age   2:      67504 bytes,    1171120 total
[2024-02-24T00:16:53.146+0000][7][gc,age      ] GC(182) - age   3:     290104 bytes,    1461224 total
[2024-02-24T00:16:53.146+0000][7][gc,age      ] GC(182) - age   4:     108056 bytes,    1569280 total
[2024-02-24T00:16:53.146+0000][7][gc,age      ] GC(182) - age   5:        624 bytes,    1569904 total
[2024-02-24T00:16:53.146+0000][7][gc,age      ] GC(182) - age   6:     256808 bytes,    1826712 total
[2024-02-24T00:16:53.146+0000][7][gc,age      ] GC(182) - age   7:       8016 bytes,    1834728 total
[2024-02-24T00:16:53.146+0000][7][gc,age      ] GC(182) - age  10:        184 bytes,    1834912 total
[2024-02-24T00:16:53.146+0000][7][gc,age      ] GC(182) - age  11:         24 bytes,    1834936 total
[2024-02-24T00:16:53.146+0000][7][gc,age      ] GC(182) - age  12:        184 bytes,    1835120 total
[2024-02-24T00:16:53.146+0000][7][gc,age      ] GC(182) - age  13:        904 bytes,    1836024 total
[2024-02-24T00:16:53.146+0000][7][gc,age      ] GC(182) - age  14:         24 bytes,    1836048 total
[2024-02-24T00:16:53.146+0000][7][gc,heap     ] GC(182) Eden regions: 152->0(152)
[2024-02-24T00:16:53.146+0000][7][gc,heap     ] GC(182) Survivor regions: 1->1(20)
[2024-02-24T00:16:53.146+0000][7][gc,heap     ] GC(182) Old regions: 24->24
[2024-02-24T00:16:53.146+0000][7][gc,heap     ] GC(182) Archive regions: 2->2
[2024-02-24T00:16:53.146+0000][7][gc,heap     ] GC(182) Humongous regions: 0->0
[2024-02-24T00:16:53.146+0000][7][gc,metaspace] GC(182) Metaspace: 128775K(132352K)->128775K(132352K) NonClass: 111928K(113792K)->111928K(113792K) Class: 16847K(18560K)->16847K(18560K)
[2024-02-24T00:16:53.147+0000][7][gc          ] GC(182) Pause Young (Normal) (G1 Evacuation Pause) 709M->101M(1024M) 3.037ms
[2024-02-24T00:16:53.147+0000][7][gc,cpu      ] GC(182) User=0.00s Sys=0.01s Real=0.00s
[2024-02-24T00:16:53.147+0000][7][safepoint   ] Safepoint "G1CollectForAllocation", Time since last: 192051648924 ns, Reaching safepoint: 93128 ns, At safepoint: 3136216 ns, Total: 3229344 ns
[2024-02-24T00:20:06.173+0000][7][gc,start    ] GC(183) Pause Young (Normal) (G1 Evacuation Pause)
[2024-02-24T00:20:06.173+0000][7][gc,task     ] GC(183) Using 8 workers of 8 for evacuation
[2024-02-24T00:20:06.173+0000][7][gc,age      ] GC(183) Desired survivor size 41943040 bytes, new threshold 15 (max threshold 15)
[2024-02-24T00:20:06.175+0000][7][gc,phases   ] GC(183)   Pre Evacuate Collection Set: 0.1ms
[2024-02-24T00:20:06.175+0000][7][gc,phases   ] GC(183)   Merge Heap Roots: 0.0ms
[2024-02-24T00:20:06.175+0000][7][gc,phases   ] GC(183)   Evacuate Collection Set: 1.2ms
[2024-02-24T00:20:06.175+0000][7][gc,phases   ] GC(183)   Post Evacuate Collection Set: 0.6ms
[2024-02-24T00:20:06.175+0000][7][gc,phases   ] GC(183)   Other: 0.1ms
[2024-02-24T00:20:06.175+0000][7][gc,age      ] GC(183) Age table with threshold 15 (max threshold 15)
[2024-02-24T00:20:06.175+0000][7][gc,age      ] GC(183) - age   1:    1836920 bytes,    1836920 total
[2024-02-24T00:20:06.175+0000][7][gc,age      ] GC(183) - age   2:      23232 bytes,    1860152 total
[2024-02-24T00:20:06.175+0000][7][gc,age      ] GC(183) - age   3:      65528 bytes,    1925680 total
[2024-02-24T00:20:06.175+0000][7][gc,age      ] GC(183) - age   4:     289976 bytes,    2215656 total
[2024-02-24T00:20:06.175+0000][7][gc,age      ] GC(183) - age   5:     108056 bytes,    2323712 total
[2024-02-24T00:20:06.175+0000][7][gc,age      ] GC(183) - age   6:        232 bytes,    2323944 total
[2024-02-24T00:20:06.175+0000][7][gc,age      ] GC(183) - age   7:     256808 bytes,    2580752 total
[2024-02-24T00:20:06.175+0000][7][gc,age      ] GC(183) - age   8:       8016 bytes,    2588768 total
[2024-02-24T00:20:06.175+0000][7][gc,age      ] GC(183) - age  11:        184 bytes,    2588952 total
[2024-02-24T00:20:06.175+0000][7][gc,age      ] GC(183) - age  12:         24 bytes,    2588976 total
[2024-02-24T00:20:06.175+0000][7][gc,age      ] GC(183) - age  14:        904 bytes,    2589880 total
[2024-02-24T00:20:06.175+0000][7][gc,age      ] GC(183) - age  15:         24 bytes,    2589904 total
[2024-02-24T00:20:06.175+0000][7][gc,heap     ] GC(183) Eden regions: 152->0(152)
[2024-02-24T00:20:06.175+0000][7][gc,heap     ] GC(183) Survivor regions: 1->1(20)
[2024-02-24T00:20:06.175+0000][7][gc,heap     ] GC(183) Old regions: 24->24
[2024-02-24T00:20:06.175+0000][7][gc,heap     ] GC(183) Archive regions: 2->2
[2024-02-24T00:20:06.175+0000][7][gc,heap     ] GC(183) Humongous regions: 0->0
[2024-02-24T00:20:06.175+0000][7][gc,metaspace] GC(183) Metaspace: 128775K(132352K)->128775K(132352K) NonClass: 111928K(113792K)->111928K(113792K) Class: 16847K(18560K)->16847K(18560K)
[2024-02-24T00:20:06.175+0000][7][gc          ] GC(183) Pause Young (Normal) (G1 Evacuation Pause) 709M->102M(1024M) 2.144ms
[2024-02-24T00:20:06.175+0000][7][gc,cpu      ] GC(183) User=0.01s Sys=0.00s Real=0.00s
[2024-02-24T00:20:06.175+0000][7][safepoint   ] Safepoint "G1CollectForAllocation", Time since last: 193026192475 ns, Reaching safepoint: 40992 ns, At safepoint: 2210345 ns, Total: 2251337 ns
[2024-02-24T00:20:48.181+0000][7][safepoint   ] Safepoint "Cleanup", Time since last: 42005458725 ns, Reaching safepoint: 71325 ns, At safepoint: 8293 ns, Total: 79618 ns
[2024-02-24T00:20:53.181+0000][7][safepoint   ] Safepoint "Cleanup", Time since last: 5000778890 ns, Reaching safepoint: 59684 ns, At safepoint: 29444 ns, Total: 89128 ns
[2024-02-24T00:21:41.188+0000][7][safepoint   ] Safepoint "Cleanup", Time since last: 48006610731 ns, Reaching safepoint: 113425 ns, At safepoint: 4695 ns, Total: 118120 ns
[2024-02-24T00:21:42.188+0000][7][safepoint   ] Safepoint "Cleanup", Time since last: 1000140609 ns, Reaching safepoint: 73613 ns, At safepoint: 5168 ns, Total: 78781 ns
[2024-02-24T00:23:23.059+0000][7][gc,start    ] GC(184) Pause Young (Normal) (G1 Evacuation Pause)
[2024-02-24T00:23:23.059+0000][7][gc,task     ] GC(184) Using 8 workers of 8 for evacuation
[2024-02-24T00:23:23.059+0000][7][gc,age      ] GC(184) Desired survivor size 41943040 bytes, new threshold 15 (max threshold 15)
[2024-02-24T00:23:23.062+0000][7][gc,phases   ] GC(184)   Pre Evacuate Collection Set: 0.1ms
[2024-02-24T00:23:23.062+0000][7][gc,phases   ] GC(184)   Merge Heap Roots: 0.1ms
[2024-02-24T00:23:23.062+0000][7][gc,phases   ] GC(184)   Evacuate Collection Set: 1.7ms
[2024-02-24T00:23:23.062+0000][7][gc,phases   ] GC(184)   Post Evacuate Collection Set: 0.7ms
[2024-02-24T00:23:23.062+0000][7][gc,phases   ] GC(184)   Other: 0.1ms
[2024-02-24T00:23:23.062+0000][7][gc,age      ] GC(184) Age table with threshold 15 (max threshold 15)
[2024-02-24T00:23:23.062+0000][7][gc,age      ] GC(184) - age   1:    1776680 bytes,    1776680 total
[2024-02-24T00:23:23.062+0000][7][gc,age      ] GC(184) - age   2:       3328 bytes,    1780008 total
[2024-02-24T00:23:23.062+0000][7][gc,age      ] GC(184) - age   3:      21632 bytes,    1801640 total
[2024-02-24T00:23:23.062+0000][7][gc,age      ] GC(184) - age   4:      61824 bytes,    1863464 total
[2024-02-24T00:23:23.062+0000][7][gc,age      ] GC(184) - age   5:     289976 bytes,    2153440 total
[2024-02-24T00:23:23.062+0000][7][gc,age      ] GC(184) - age   6:     108056 bytes,    2261496 total
[2024-02-24T00:23:23.062+0000][7][gc,age      ] GC(184) - age   7:        232 bytes,    2261728 total
[2024-02-24T00:23:23.062+0000][7][gc,age      ] GC(184) - age   8:     256808 bytes,    2518536 total
[2024-02-24T00:23:23.062+0000][7][gc,age      ] GC(184) - age   9:       8016 bytes,    2526552 total
[2024-02-24T00:23:23.062+0000][7][gc,age      ] GC(184) - age  12:        184 bytes,    2526736 total
[2024-02-24T00:23:23.062+0000][7][gc,age      ] GC(184) - age  13:         24 bytes,    2526760 total
[2024-02-24T00:23:23.062+0000][7][gc,age      ] GC(184) - age  15:        904 bytes,    2527664 total
[2024-02-24T00:23:23.062+0000][7][gc,heap     ] GC(184) Eden regions: 152->0(152)
[2024-02-24T00:23:23.062+0000][7][gc,heap     ] GC(184) Survivor regions: 1->1(20)
[2024-02-24T00:23:23.062+0000][7][gc,heap     ] GC(184) Old regions: 24->24
[2024-02-24T00:23:23.062+0000][7][gc,heap     ] GC(184) Archive regions: 2->2
[2024-02-24T00:23:23.062+0000][7][gc,heap     ] GC(184) Humongous regions: 0->0
[2024-02-24T00:23:23.062+0000][7][gc,metaspace] GC(184) Metaspace: 128775K(132352K)->128775K(132352K) NonClass: 111928K(113792K)->111928K(113792K) Class: 16847K(18560K)->16847K(18560K)
[2024-02-24T00:23:23.062+0000][7][gc          ] GC(184) Pause Young (Normal) (G1 Evacuation Pause) 710M->102M(1024M) 2.948ms
[2024-02-24T00:23:23.062+0000][7][gc,cpu      ] GC(184) User=0.01s Sys=0.01s Real=0.00s
[2024-02-24T00:23:23.062+0000][7][safepoint   ] Safepoint "G1CollectForAllocation", Time since last: 100870949803 ns, Reaching safepoint: 67728 ns, At safepoint: 3030980 ns, Total: 3098708 ns
[2024-02-24T00:25:06.075+0000][7][safepoint   ] Safepoint "Cleanup", Time since last: 103012363312 ns, Reaching safepoint: 91215 ns, At safepoint: 48746 ns, Total: 139961 ns
[2024-02-24T00:25:35.078+0000][7][safepoint   ] Safepoint "Cleanup", Time since last: 29003199114 ns, Reaching safepoint: 69324 ns, At safepoint: 7628 ns, Total: 76952 ns
[2024-02-24T00:26:35.058+0000][7][gc,start    ] GC(185) Pause Young (Normal) (G1 Evacuation Pause)
[2024-02-24T00:26:35.058+0000][7][gc,task     ] GC(185) Using 8 workers of 8 for evacuation
[2024-02-24T00:26:35.058+0000][7][gc,age      ] GC(185) Desired survivor size 41943040 bytes, new threshold 15 (max threshold 15)
[2024-02-24T00:26:35.060+0000][7][gc,phases   ] GC(185)   Pre Evacuate Collection Set: 0.1ms
[2024-02-24T00:26:35.060+0000][7][gc,phases   ] GC(185)   Merge Heap Roots: 0.1ms
[2024-02-24T00:26:35.060+0000][7][gc,phases   ] GC(185)   Evacuate Collection Set: 1.3ms
[2024-02-24T00:26:35.060+0000][7][gc,phases   ] GC(185)   Post Evacuate Collection Set: 0.7ms
[2024-02-24T00:26:35.060+0000][7][gc,phases   ] GC(185)   Other: 0.1ms
[2024-02-24T00:26:35.060+0000][7][gc,age      ] GC(185) Age table with threshold 15 (max threshold 15)
[2024-02-24T00:26:35.060+0000][7][gc,age      ] GC(185) - age   1:    1142112 bytes,    1142112 total
[2024-02-24T00:26:35.060+0000][7][gc,age      ] GC(185) - age   2:       7528 bytes,    1149640 total
[2024-02-24T00:26:35.060+0000][7][gc,age      ] GC(185) - age   3:        928 bytes,    1150568 total
[2024-02-24T00:26:35.060+0000][7][gc,age      ] GC(185) - age   4:      20920 bytes,    1171488 total
[2024-02-24T00:26:35.060+0000][7][gc,age      ] GC(185) - age   5:      61824 bytes,    1233312 total
[2024-02-24T00:26:35.060+0000][7][gc,age      ] GC(185) - age   6:     289976 bytes,    1523288 total
[2024-02-24T00:26:35.060+0000][7][gc,age      ] GC(185) - age   7:     108024 bytes,    1631312 total
[2024-02-24T00:26:35.060+0000][7][gc,age      ] GC(185) - age   8:        232 bytes,    1631544 total
[2024-02-24T00:26:35.060+0000][7][gc,age      ] GC(185) - age   9:     247656 bytes,    1879200 total
[2024-02-24T00:26:35.060+0000][7][gc,age      ] GC(185) - age  10:       8016 bytes,    1887216 total
[2024-02-24T00:26:35.060+0000][7][gc,age      ] GC(185) - age  14:         24 bytes,    1887240 total
[2024-02-24T00:26:35.060+0000][7][gc,heap     ] GC(185) Eden regions: 152->0(152)
[2024-02-24T00:26:35.060+0000][7][gc,heap     ] GC(185) Survivor regions: 1->1(20)
[2024-02-24T00:26:35.060+0000][7][gc,heap     ] GC(185) Old regions: 24->24
[2024-02-24T00:26:35.060+0000][7][gc,heap     ] GC(185) Archive regions: 2->2
[2024-02-24T00:26:35.060+0000][7][gc,heap     ] GC(185) Humongous regions: 0->0
[2024-02-24T00:26:35.061+0000][7][gc,metaspace] GC(185) Metaspace: 128776K(132352K)->128776K(132352K) NonClass: 111929K(113792K)->111929K(113792K) Class: 16847K(18560K)->16847K(18560K)
[2024-02-24T00:26:35.061+0000][7][gc          ] GC(185) Pause Young (Normal) (G1 Evacuation Pause) 710M->101M(1024M) 2.487ms
[2024-02-24T00:26:35.061+0000][7][gc,cpu      ] GC(185) User=0.01s Sys=0.01s Real=0.00s
[2024-02-24T00:26:35.061+0000][7][safepoint   ] Safepoint "G1CollectForAllocation", Time since last: 59979760798 ns, Reaching safepoint: 56049 ns, At safepoint: 2572383 ns, Total: 2628432 ns
[2024-02-24T00:27:26.066+0000][7][safepoint   ] Safepoint "Cleanup", Time since last: 51004953869 ns, Reaching safepoint: 68874 ns, At safepoint: 30552 ns, Total: 99426 ns
[2024-02-24T00:29:47.121+0000][7][gc,start    ] GC(186) Pause Young (Normal) (G1 Evacuation Pause)
[2024-02-24T00:29:47.121+0000][7][gc,task     ] GC(186) Using 8 workers of 8 for evacuation
[2024-02-24T00:29:47.121+0000][7][gc,age      ] GC(186) Desired survivor size 41943040 bytes, new threshold 15 (max threshold 15)
[2024-02-24T00:29:47.124+0000][7][gc,phases   ] GC(186)   Pre Evacuate Collection Set: 0.1ms
[2024-02-24T00:29:47.124+0000][7][gc,phases   ] GC(186)   Merge Heap Roots: 0.1ms
[2024-02-24T00:29:47.124+0000][7][gc,phases   ] GC(186)   Evacuate Collection Set: 1.2ms
[2024-02-24T00:29:47.124+0000][7][gc,phases   ] GC(186)   Post Evacuate Collection Set: 0.9ms
[2024-02-24T00:29:47.124+0000][7][gc,phases   ] GC(186)   Other: 0.1ms
[2024-02-24T00:29:47.124+0000][7][gc,age      ] GC(186) Age table with threshold 15 (max threshold 15)
[2024-02-24T00:29:47.124+0000][7][gc,age      ] GC(186) - age   1:     606848 bytes,     606848 total
[2024-02-24T00:29:47.124+0000][7][gc,age      ] GC(186) - age   2:       2616 bytes,     609464 total
[2024-02-24T00:29:47.124+0000][7][gc,age      ] GC(186) - age   3:       4336 bytes,     613800 total
[2024-02-24T00:29:47.124+0000][7][gc,age      ] GC(186) - age   4:        768 bytes,     614568 total
[2024-02-24T00:29:47.124+0000][7][gc,age      ] GC(186) - age   5:      20920 bytes,     635488 total
[2024-02-24T00:29:47.124+0000][7][gc,age      ] GC(186) - age   6:      61824 bytes,     697312 total
[2024-02-24T00:29:47.124+0000][7][gc,age      ] GC(186) - age   7:     289976 bytes,     987288 total
[2024-02-24T00:29:47.124+0000][7][gc,age      ] GC(186) - age   8:     108024 bytes,    1095312 total
[2024-02-24T00:29:47.124+0000][7][gc,age      ] GC(186) - age   9:        232 bytes,    1095544 total
[2024-02-24T00:29:47.124+0000][7][gc,age      ] GC(186) - age  10:     247656 bytes,    1343200 total
[2024-02-24T00:29:47.124+0000][7][gc,age      ] GC(186) - age  11:       8016 bytes,    1351216 total
[2024-02-24T00:29:47.124+0000][7][gc,age      ] GC(186) - age  15:         24 bytes,    1351240 total
[2024-02-24T00:29:47.124+0000][7][gc,heap     ] GC(186) Eden regions: 152->0(152)
[2024-02-24T00:29:47.124+0000][7][gc,heap     ] GC(186) Survivor regions: 1->1(20)
[2024-02-24T00:29:47.124+0000][7][gc,heap     ] GC(186) Old regions: 24->24
[2024-02-24T00:29:47.124+0000][7][gc,heap     ] GC(186) Archive regions: 2->2
[2024-02-24T00:29:47.124+0000][7][gc,heap     ] GC(186) Humongous regions: 0->0
[2024-02-24T00:29:47.124+0000][7][gc,metaspace] GC(186) Metaspace: 128776K(132352K)->128776K(132352K) NonClass: 111929K(113792K)->111929K(113792K) Class: 16847K(18560K)->16847K(18560K)
[2024-02-24T00:29:47.124+0000][7][gc          ] GC(186) Pause Young (Normal) (G1 Evacuation Pause) 709M->101M(1024M) 2.802ms
[2024-02-24T00:29:47.124+0000][7][gc,cpu      ] GC(186) User=0.01s Sys=0.00s Real=0.00s
[2024-02-24T00:29:47.124+0000][7][safepoint   ] Safepoint "G1CollectForAllocation", Time since last: 141055469799 ns, Reaching safepoint: 64695 ns, At safepoint: 2901151 ns, Total: 2965846 ns
[2024-02-24T00:32:59.131+0000][7][gc,start    ] GC(187) Pause Young (Normal) (G1 Evacuation Pause)
[2024-02-24T00:32:59.131+0000][7][gc,task     ] GC(187) Using 8 workers of 8 for evacuation
[2024-02-24T00:32:59.131+0000][7][gc,age      ] GC(187) Desired survivor size 41943040 bytes, new threshold 15 (max threshold 15)
[2024-02-24T00:32:59.134+0000][7][gc,phases   ] GC(187)   Pre Evacuate Collection Set: 0.1ms
[2024-02-24T00:32:59.134+0000][7][gc,phases   ] GC(187)   Merge Heap Roots: 0.1ms
[2024-02-24T00:32:59.134+0000][7][gc,phases   ] GC(187)   Evacuate Collection Set: 2.4ms
[2024-02-24T00:32:59.134+0000][7][gc,phases   ] GC(187)   Post Evacuate Collection Set: 1.1ms
[2024-02-24T00:32:59.135+0000][7][gc,phases   ] GC(187)   Other: 0.1ms
[2024-02-24T00:32:59.135+0000][7][gc,age      ] GC(187) Age table with threshold 15 (max threshold 15)
[2024-02-24T00:32:59.135+0000][7][gc,age      ] GC(187) - age   1:    1886768 bytes,    1886768 total
[2024-02-24T00:32:59.135+0000][7][gc,age      ] GC(187) - age   2:       1424 bytes,    1888192 total
[2024-02-24T00:32:59.135+0000][7][gc,age      ] GC(187) - age   3:       1208 bytes,    1889400 total
[2024-02-24T00:32:59.135+0000][7][gc,age      ] GC(187) - age   4:       3704 bytes,    1893104 total
[2024-02-24T00:32:59.135+0000][7][gc,age      ] GC(187) - age   5:        704 bytes,    1893808 total
[2024-02-24T00:32:59.135+0000][7][gc,age      ] GC(187) - age   6:      20920 bytes,    1914728 total
[2024-02-24T00:32:59.135+0000][7][gc,age      ] GC(187) - age   7:      61824 bytes,    1976552 total
[2024-02-24T00:32:59.135+0000][7][gc,age      ] GC(187) - age   8:     289976 bytes,    2266528 total
[2024-02-24T00:32:59.135+0000][7][gc,age      ] GC(187) - age   9:     108024 bytes,    2374552 total
[2024-02-24T00:32:59.135+0000][7][gc,age      ] GC(187) - age  10:        232 bytes,    2374784 total
[2024-02-24T00:32:59.135+0000][7][gc,age      ] GC(187) - age  11:     247656 bytes,    2622440 total
[2024-02-24T00:32:59.135+0000][7][gc,age      ] GC(187) - age  12:       8016 bytes,    2630456 total
[2024-02-24T00:32:59.135+0000][7][gc,heap     ] GC(187) Eden regions: 152->0(152)
[2024-02-24T00:32:59.135+0000][7][gc,heap     ] GC(187) Survivor regions: 1->1(20)
[2024-02-24T00:32:59.135+0000][7][gc,heap     ] GC(187) Old regions: 24->24
[2024-02-24T00:32:59.135+0000][7][gc,heap     ] GC(187) Archive regions: 2->2
[2024-02-24T00:32:59.135+0000][7][gc,heap     ] GC(187) Humongous regions: 0->0
[2024-02-24T00:32:59.135+0000][7][gc,metaspace] GC(187) Metaspace: 128777K(132352K)->128777K(132352K) NonClass: 111930K(113792K)->111930K(113792K) Class: 16847K(18560K)->16847K(18560K)
[2024-02-24T00:32:59.135+0000][7][gc          ] GC(187) Pause Young (Normal) (G1 Evacuation Pause) 709M->102M(1024M) 4.077ms
[2024-02-24T00:32:59.135+0000][7][gc,cpu      ] GC(187) User=0.01s Sys=0.01s Real=0.00s
[2024-02-24T00:32:59.135+0000][7][safepoint   ] Safepoint "G1CollectForAllocation", Time since last: 192006421496 ns, Reaching safepoint: 33556 ns, At safepoint: 4163253 ns, Total: 4196809 ns
[2024-02-24T00:35:35.151+0000][7][safepoint   ] Safepoint "Cleanup", Time since last: 156015898513 ns, Reaching safepoint: 76133 ns, At safepoint: 42247 ns, Total: 118380 ns
[2024-02-24T00:36:17.075+0000][7][gc,start    ] GC(188) Pause Young (Normal) (G1 Evacuation Pause)
[2024-02-24T00:36:17.075+0000][7][gc,task     ] GC(188) Using 8 workers of 8 for evacuation
[2024-02-24T00:36:17.075+0000][7][gc,age      ] GC(188) Desired survivor size 41943040 bytes, new threshold 15 (max threshold 15)
[2024-02-24T00:36:17.078+0000][7][gc,phases   ] GC(188)   Pre Evacuate Collection Set: 0.1ms
[2024-02-24T00:36:17.078+0000][7][gc,phases   ] GC(188)   Merge Heap Roots: 0.1ms
[2024-02-24T00:36:17.078+0000][7][gc,phases   ] GC(188)   Evacuate Collection Set: 1.5ms
[2024-02-24T00:36:17.078+0000][7][gc,phases   ] GC(188)   Post Evacuate Collection Set: 0.8ms
[2024-02-24T00:36:17.078+0000][7][gc,phases   ] GC(188)   Other: 0.1ms
[2024-02-24T00:36:17.078+0000][7][gc,age      ] GC(188) Age table with threshold 15 (max threshold 15)
[2024-02-24T00:36:17.078+0000][7][gc,age      ] GC(188) - age   1:    1346192 bytes,    1346192 total
[2024-02-24T00:36:17.078+0000][7][gc,age      ] GC(188) - age   2:       3000 bytes,    1349192 total
[2024-02-24T00:36:17.078+0000][7][gc,age      ] GC(188) - age   3:        560 bytes,    1349752 total
[2024-02-24T00:36:17.078+0000][7][gc,age      ] GC(188) - age   4:        392 bytes,    1350144 total
[2024-02-24T00:36:17.078+0000][7][gc,age      ] GC(188) - age   5:        248 bytes,    1350392 total
[2024-02-24T00:36:17.078+0000][7][gc,age      ] GC(188) - age   6:        128 bytes,    1350520 total
[2024-02-24T00:36:17.078+0000][7][gc,age      ] GC(188) - age   7:      20888 bytes,    1371408 total
[2024-02-24T00:36:17.078+0000][7][gc,age      ] GC(188) - age   8:      61824 bytes,    1433232 total
[2024-02-24T00:36:17.078+0000][7][gc,age      ] GC(188) - age   9:     289976 bytes,    1723208 total
[2024-02-24T00:36:17.078+0000][7][gc,age      ] GC(188) - age  10:     107840 bytes,    1831048 total
[2024-02-24T00:36:17.078+0000][7][gc,age      ] GC(188) - age  11:        232 bytes,    1831280 total
[2024-02-24T00:36:17.078+0000][7][gc,age      ] GC(188) - age  12:     247656 bytes,    2078936 total
[2024-02-24T00:36:17.078+0000][7][gc,age      ] GC(188) - age  13:       8016 bytes,    2086952 total
[2024-02-24T00:36:17.078+0000][7][gc,heap     ] GC(188) Eden regions: 152->0(152)
[2024-02-24T00:36:17.078+0000][7][gc,heap     ] GC(188) Survivor regions: 1->1(20)
[2024-02-24T00:36:17.078+0000][7][gc,heap     ] GC(188) Old regions: 24->24
[2024-02-24T00:36:17.078+0000][7][gc,heap     ] GC(188) Archive regions: 2->2
[2024-02-24T00:36:17.078+0000][7][gc,heap     ] GC(188) Humongous regions: 0->0
[2024-02-24T00:36:17.078+0000][7][gc,metaspace] GC(188) Metaspace: 128777K(132352K)->128777K(132352K) NonClass: 111930K(113792K)->111930K(113792K) Class: 16847K(18560K)->16847K(18560K)
[2024-02-24T00:36:17.078+0000][7][gc          ] GC(188) Pause Young (Normal) (G1 Evacuation Pause) 710M->101M(1024M) 2.899ms
[2024-02-24T00:36:17.078+0000][7][gc,cpu      ] GC(188) User=0.01s Sys=0.00s Real=0.01s
[2024-02-24T00:36:17.078+0000][7][safepoint   ] Safepoint "G1CollectForAllocation", Time since last: 41924575580 ns, Reaching safepoint: 64312 ns, At safepoint: 2988178 ns, Total: 3052490 ns
[2024-02-24T00:37:26.086+0000][7][safepoint   ] Safepoint "Cleanup", Time since last: 69007183993 ns, Reaching safepoint: 86222 ns, At safepoint: 13454 ns, Total: 99676 ns
[2024-02-24T00:38:42.093+0000][7][safepoint   ] Safepoint "Cleanup", Time since last: 76007234377 ns, Reaching safepoint: 170417 ns, At safepoint: 38575 ns, Total: 208992 ns
[2024-02-24T00:39:26.098+0000][7][safepoint   ] Safepoint "Cleanup", Time since last: 44004643847 ns, Reaching safepoint: 121333 ns, At safepoint: 26856 ns, Total: 148189 ns
[2024-02-24T00:39:29.069+0000][7][gc,start    ] GC(189) Pause Young (Normal) (G1 Evacuation Pause)
[2024-02-24T00:39:29.069+0000][7][gc,task     ] GC(189) Using 8 workers of 8 for evacuation
[2024-02-24T00:39:29.069+0000][7][gc,age      ] GC(189) Desired survivor size 41943040 bytes, new threshold 15 (max threshold 15)
[2024-02-24T00:39:29.072+0000][7][gc,phases   ] GC(189)   Pre Evacuate Collection Set: 0.1ms
[2024-02-24T00:39:29.072+0000][7][gc,phases   ] GC(189)   Merge Heap Roots: 0.1ms
[2024-02-24T00:39:29.072+0000][7][gc,phases   ] GC(189)   Evacuate Collection Set: 1.6ms
[2024-02-24T00:39:29.072+0000][7][gc,phases   ] GC(189)   Post Evacuate Collection Set: 0.8ms
[2024-02-24T00:39:29.072+0000][7][gc,phases   ] GC(189)   Other: 0.1ms
[2024-02-24T00:39:29.072+0000][7][gc,age      ] GC(189) Age table with threshold 15 (max threshold 15)
[2024-02-24T00:39:29.072+0000][7][gc,age      ] GC(189) - age   1:     816984 bytes,     816984 total
[2024-02-24T00:39:29.072+0000][7][gc,age      ] GC(189) - age   2:       7352 bytes,     824336 total
[2024-02-24T00:39:29.072+0000][7][gc,age      ] GC(189) - age   3:        464 bytes,     824800 total
[2024-02-24T00:39:29.072+0000][7][gc,age      ] GC(189) - age   4:        184 bytes,     824984 total
[2024-02-24T00:39:29.072+0000][7][gc,age      ] GC(189) - age   5:         32 bytes,     825016 total
[2024-02-24T00:39:29.072+0000][7][gc,age      ] GC(189) - age   6:        248 bytes,     825264 total
[2024-02-24T00:39:29.072+0000][7][gc,age      ] GC(189) - age   7:        128 bytes,     825392 total
[2024-02-24T00:39:29.072+0000][7][gc,age      ] GC(189) - age   8:      20504 bytes,     845896 total
[2024-02-24T00:39:29.072+0000][7][gc,age      ] GC(189) - age   9:      61824 bytes,     907720 total
[2024-02-24T00:39:29.072+0000][7][gc,age      ] GC(189) - age  10:     289792 bytes,    1197512 total
[2024-02-24T00:39:29.072+0000][7][gc,age      ] GC(189) - age  11:     107840 bytes,    1305352 total
[2024-02-24T00:39:29.072+0000][7][gc,age      ] GC(189) - age  12:        232 bytes,    1305584 total
[2024-02-24T00:39:29.072+0000][7][gc,age      ] GC(189) - age  13:     247656 bytes,    1553240 total
[2024-02-24T00:39:29.072+0000][7][gc,age      ] GC(189) - age  14:       8016 bytes,    1561256 total
[2024-02-24T00:39:29.072+0000][7][gc,heap     ] GC(189) Eden regions: 152->0(152)
[2024-02-24T00:39:29.072+0000][7][gc,heap     ] GC(189) Survivor regions: 1->1(20)
[2024-02-24T00:39:29.072+0000][7][gc,heap     ] GC(189) Old regions: 24->24
[2024-02-24T00:39:29.072+0000][7][gc,heap     ] GC(189) Archive regions: 2->2
[2024-02-24T00:39:29.072+0000][7][gc,heap     ] GC(189) Humongous regions: 0->0
[2024-02-24T00:39:29.072+0000][7][gc,metaspace] GC(189) Metaspace: 128778K(132352K)->128778K(132352K) NonClass: 111931K(113792K)->111931K(113792K) Class: 16847K(18560K)->16847K(18560K)
[2024-02-24T00:39:29.072+0000][7][gc          ] GC(189) Pause Young (Normal) (G1 Evacuation Pause) 709M->101M(1024M) 3.124ms
[2024-02-24T00:39:29.072+0000][7][gc,cpu      ] GC(189) User=0.02s Sys=0.00s Real=0.01s
[2024-02-24T00:39:29.072+0000][7][safepoint   ] Safepoint "G1CollectForAllocation", Time since last: 2971091829 ns, Reaching safepoint: 82169 ns, At safepoint: 3226212 ns, Total: 3308381 ns
[2024-02-24T00:42:41.159+0000][7][gc,start    ] GC(190) Pause Young (Normal) (G1 Evacuation Pause)
[2024-02-24T00:42:41.159+0000][7][gc,task     ] GC(190) Using 8 workers of 8 for evacuation
[2024-02-24T00:42:41.159+0000][7][gc,age      ] GC(190) Desired survivor size 41943040 bytes, new threshold 15 (max threshold 15)
[2024-02-24T00:42:41.162+0000][7][gc,phases   ] GC(190)   Pre Evacuate Collection Set: 0.1ms
[2024-02-24T00:42:41.162+0000][7][gc,phases   ] GC(190)   Merge Heap Roots: 0.1ms
[2024-02-24T00:42:41.162+0000][7][gc,phases   ] GC(190)   Evacuate Collection Set: 1.4ms
[2024-02-24T00:42:41.162+0000][7][gc,phases   ] GC(190)   Post Evacuate Collection Set: 0.7ms
[2024-02-24T00:42:41.162+0000][7][gc,phases   ] GC(190)   Other: 0.1ms
[2024-02-24T00:42:41.162+0000][7][gc,age      ] GC(190) Age table with threshold 15 (max threshold 15)
[2024-02-24T00:42:41.162+0000][7][gc,age      ] GC(190) - age   1:    1912192 bytes,    1912192 total
[2024-02-24T00:42:41.162+0000][7][gc,age      ] GC(190) - age   2:       2264 bytes,    1914456 total
[2024-02-24T00:42:41.162+0000][7][gc,age      ] GC(190) - age   3:       4872 bytes,    1919328 total
[2024-02-24T00:42:41.162+0000][7][gc,age      ] GC(190) - age   4:        208 bytes,    1919536 total
[2024-02-24T00:42:41.162+0000][7][gc,age      ] GC(190) - age   5:        184 bytes,    1919720 total
[2024-02-24T00:42:41.162+0000][7][gc,age      ] GC(190) - age   6:         32 bytes,    1919752 total
[2024-02-24T00:42:41.162+0000][7][gc,age      ] GC(190) - age   7:        248 bytes,    1920000 total
[2024-02-24T00:42:41.162+0000][7][gc,age      ] GC(190) - age   8:        128 bytes,    1920128 total
[2024-02-24T00:42:41.162+0000][7][gc,age      ] GC(190) - age   9:      20504 bytes,    1940632 total
[2024-02-24T00:42:41.162+0000][7][gc,age      ] GC(190) - age  10:      61824 bytes,    2002456 total
[2024-02-24T00:42:41.162+0000][7][gc,age      ] GC(190) - age  11:     289792 bytes,    2292248 total
[2024-02-24T00:42:41.162+0000][7][gc,age      ] GC(190) - age  12:     107840 bytes,    2400088 total
[2024-02-24T00:42:41.162+0000][7][gc,age      ] GC(190) - age  13:        232 bytes,    2400320 total
[2024-02-24T00:42:41.162+0000][7][gc,age      ] GC(190) - age  14:     247656 bytes,    2647976 total
[2024-02-24T00:42:41.162+0000][7][gc,age      ] GC(190) - age  15:       8016 bytes,    2655992 total
[2024-02-24T00:42:41.162+0000][7][gc,heap     ] GC(190) Eden regions: 152->0(152)
[2024-02-24T00:42:41.162+0000][7][gc,heap     ] GC(190) Survivor regions: 1->1(20)
[2024-02-24T00:42:41.162+0000][7][gc,heap     ] GC(190) Old regions: 24->24
[2024-02-24T00:42:41.162+0000][7][gc,heap     ] GC(190) Archive regions: 2->2
[2024-02-24T00:42:41.162+0000][7][gc,heap     ] GC(190) Humongous regions: 0->0
[2024-02-24T00:42:41.162+0000][7][gc,metaspace] GC(190) Metaspace: 128778K(132352K)->128778K(132352K) NonClass: 111931K(113792K)->111931K(113792K) Class: 16847K(18560K)->16847K(18560K)
[2024-02-24T00:42:41.162+0000][7][gc          ] GC(190) Pause Young (Normal) (G1 Evacuation Pause) 709M->102M(1024M) 2.603ms
[2024-02-24T00:42:41.162+0000][7][gc,cpu      ] GC(190) User=0.01s Sys=0.00s Real=0.00s
[2024-02-24T00:42:41.162+0000][7][safepoint   ] Safepoint "G1CollectForAllocation", Time since last: 192087066541 ns, Reaching safepoint: 54986 ns, At safepoint: 2683171 ns, Total: 2738157 ns
[2024-02-24T00:44:35.179+0000][7][safepoint   ] Safepoint "Cleanup", Time since last: 114016646534 ns, Reaching safepoint: 103323 ns, At safepoint: 14394 ns, Total: 117717 ns
[2024-02-24T00:45:53.273+0000][7][gc,start    ] GC(191) Pause Young (Normal) (G1 Evacuation Pause)
[2024-02-24T00:45:53.274+0000][7][gc,task     ] GC(191) Using 8 workers of 8 for evacuation
[2024-02-24T00:45:53.274+0000][7][gc,age      ] GC(191) Desired survivor size 41943040 bytes, new threshold 15 (max threshold 15)
[2024-02-24T00:45:53.277+0000][7][gc,phases   ] GC(191)   Pre Evacuate Collection Set: 0.1ms
[2024-02-24T00:45:53.277+0000][7][gc,phases   ] GC(191)   Merge Heap Roots: 0.1ms
[2024-02-24T00:45:53.277+0000][7][gc,phases   ] GC(191)   Evacuate Collection Set: 2.2ms
[2024-02-24T00:45:53.277+0000][7][gc,phases   ] GC(191)   Post Evacuate Collection Set: 0.9ms
[2024-02-24T00:45:53.277+0000][7][gc,phases   ] GC(191)   Other: 0.2ms
[2024-02-24T00:45:53.277+0000][7][gc,age      ] GC(191) Age table with threshold 15 (max threshold 15)
[2024-02-24T00:45:53.277+0000][7][gc,age      ] GC(191) - age   1:    1719648 bytes,    1719648 total
[2024-02-24T00:45:53.277+0000][7][gc,age      ] GC(191) - age   2:       2752 bytes,    1722400 total
[2024-02-24T00:45:53.277+0000][7][gc,age      ] GC(191) - age   3:       1176 bytes,    1723576 total
[2024-02-24T00:45:53.277+0000][7][gc,age      ] GC(191) - age   4:        672 bytes,    1724248 total
[2024-02-24T00:45:53.277+0000][7][gc,age      ] GC(191) - age   5:        208 bytes,    1724456 total
[2024-02-24T00:45:53.277+0000][7][gc,age      ] GC(191) - age   8:        248 bytes,    1724704 total
[2024-02-24T00:45:53.277+0000][7][gc,age      ] GC(191) - age   9:        128 bytes,    1724832 total
[2024-02-24T00:45:53.277+0000][7][gc,age      ] GC(191) - age  10:      20504 bytes,    1745336 total
[2024-02-24T00:45:53.277+0000][7][gc,age      ] GC(191) - age  11:      61824 bytes,    1807160 total
[2024-02-24T00:45:53.277+0000][7][gc,age      ] GC(191) - age  12:     289792 bytes,    2096952 total
[2024-02-24T00:45:53.277+0000][7][gc,age      ] GC(191) - age  13:     107840 bytes,    2204792 total
[2024-02-24T00:45:53.277+0000][7][gc,age      ] GC(191) - age  14:        232 bytes,    2205024 total
[2024-02-24T00:45:53.277+0000][7][gc,age      ] GC(191) - age  15:     247656 bytes,    2452680 total
[2024-02-24T00:45:53.277+0000][7][gc,heap     ] GC(191) Eden regions: 152->0(152)
[2024-02-24T00:45:53.277+0000][7][gc,heap     ] GC(191) Survivor regions: 1->1(20)
[2024-02-24T00:45:53.277+0000][7][gc,heap     ] GC(191) Old regions: 24->24
[2024-02-24T00:45:53.277+0000][7][gc,heap     ] GC(191) Archive regions: 2->2
[2024-02-24T00:45:53.277+0000][7][gc,heap     ] GC(191) Humongous regions: 0->0
[2024-02-24T00:45:53.277+0000][7][gc,metaspace] GC(191) Metaspace: 128781K(132352K)->128781K(132352K) NonClass: 111933K(113792K)->111933K(113792K) Class: 16847K(18560K)->16847K(18560K)
[2024-02-24T00:45:53.277+0000][7][gc          ] GC(191) Pause Young (Normal) (G1 Evacuation Pause) 710M->102M(1024M) 3.931ms
[2024-02-24T00:45:53.277+0000][7][gc,cpu      ] GC(191) User=0.01s Sys=0.00s Real=0.00s
[2024-02-24T00:45:53.277+0000][7][safepoint   ] Safepoint "G1CollectForAllocation", Time since last: 78094444791 ns, Reaching safepoint: 106196 ns, At safepoint: 4033845 ns, Total: 4140041 ns
[2024-02-24T00:47:25.292+0000][7][safepoint   ] Safepoint "Cleanup", Time since last: 92014337874 ns, Reaching safepoint: 93007 ns, At safepoint: 9096 ns, Total: 102103 ns
[2024-02-24T00:48:25.299+0000][7][safepoint   ] Safepoint "Cleanup", Time since last: 60006731096 ns, Reaching safepoint: 68300 ns, At safepoint: 9697 ns, Total: 77997 ns
[2024-02-24T00:49:11.157+0000][7][gc,start    ] GC(192) Pause Young (Normal) (G1 Evacuation Pause)
[2024-02-24T00:49:11.157+0000][7][gc,task     ] GC(192) Using 8 workers of 8 for evacuation
[2024-02-24T00:49:11.157+0000][7][gc,age      ] GC(192) Desired survivor size 41943040 bytes, new threshold 15 (max threshold 15)
[2024-02-24T00:49:11.160+0000][7][gc,phases   ] GC(192)   Pre Evacuate Collection Set: 0.1ms
[2024-02-24T00:49:11.160+0000][7][gc,phases   ] GC(192)   Merge Heap Roots: 0.1ms
[2024-02-24T00:49:11.160+0000][7][gc,phases   ] GC(192)   Evacuate Collection Set: 1.3ms
[2024-02-24T00:49:11.160+0000][7][gc,phases   ] GC(192)   Post Evacuate Collection Set: 0.8ms
[2024-02-24T00:49:11.160+0000][7][gc,phases   ] GC(192)   Other: 0.1ms
[2024-02-24T00:49:11.160+0000][7][gc,age      ] GC(192) Age table with threshold 15 (max threshold 15)
[2024-02-24T00:49:11.160+0000][7][gc,age      ] GC(192) - age   1:     929840 bytes,     929840 total
[2024-02-24T00:49:11.160+0000][7][gc,age      ] GC(192) - age   2:       7008 bytes,     936848 total
[2024-02-24T00:49:11.160+0000][7][gc,age      ] GC(192) - age   3:        576 bytes,     937424 total
[2024-02-24T00:49:11.160+0000][7][gc,age      ] GC(192) - age   4:       1048 bytes,     938472 total
[2024-02-24T00:49:11.160+0000][7][gc,age      ] GC(192) - age   5:        216 bytes,     938688 total
[2024-02-24T00:49:11.160+0000][7][gc,age      ] GC(192) - age   6:        208 bytes,     938896 total
[2024-02-24T00:49:11.160+0000][7][gc,age      ] GC(192) - age   9:        248 bytes,     939144 total
[2024-02-24T00:49:11.160+0000][7][gc,age      ] GC(192) - age  10:        128 bytes,     939272 total
[2024-02-24T00:49:11.160+0000][7][gc,age      ] GC(192) - age  11:      20504 bytes,     959776 total
[2024-02-24T00:49:11.160+0000][7][gc,age      ] GC(192) - age  12:      61824 bytes,    1021600 total
[2024-02-24T00:49:11.160+0000][7][gc,age      ] GC(192) - age  13:     289792 bytes,    1311392 total
[2024-02-24T00:49:11.160+0000][7][gc,age      ] GC(192) - age  14:     107840 bytes,    1419232 total
[2024-02-24T00:49:11.160+0000][7][gc,age      ] GC(192) - age  15:        232 bytes,    1419464 total
[2024-02-24T00:49:11.160+0000][7][gc,heap     ] GC(192) Eden regions: 152->0(152)
[2024-02-24T00:49:11.160+0000][7][gc,heap     ] GC(192) Survivor regions: 1->1(20)
[2024-02-24T00:49:11.160+0000][7][gc,heap     ] GC(192) Old regions: 24->25
[2024-02-24T00:49:11.160+0000][7][gc,heap     ] GC(192) Archive regions: 2->2
[2024-02-24T00:49:11.160+0000][7][gc,heap     ] GC(192) Humongous regions: 0->0
[2024-02-24T00:49:11.160+0000][7][gc,metaspace] GC(192) Metaspace: 128781K(132352K)->128781K(132352K) NonClass: 111933K(113792K)->111933K(113792K) Class: 16847K(18560K)->16847K(18560K)
[2024-02-24T00:49:11.160+0000][7][gc          ] GC(192) Pause Young (Normal) (G1 Evacuation Pause) 710M->101M(1024M) 2.676ms
[2024-02-24T00:49:11.160+0000][7][gc,cpu      ] GC(192) User=0.01s Sys=0.01s Real=0.01s
[2024-02-24T00:49:11.160+0000][7][safepoint   ] Safepoint "G1CollectForAllocation", Time since last: 45858363646 ns, Reaching safepoint: 104905 ns, At safepoint: 2768108 ns, Total: 2873013 ns
[2024-02-24T00:49:49.164+0000][7][safepoint   ] Safepoint "Cleanup", Time since last: 38003793655 ns, Reaching safepoint: 65415 ns, At safepoint: 7458 ns, Total: 72873 ns
[2024-02-24T00:52:17.584+0000][7][gc,start    ] GC(193) Pause Young (Normal) (G1 Evacuation Pause)
[2024-02-24T00:52:17.584+0000][7][gc,task     ] GC(193) Using 8 workers of 8 for evacuation
[2024-02-24T00:52:17.584+0000][7][gc,age      ] GC(193) Desired survivor size 41943040 bytes, new threshold 15 (max threshold 15)
[2024-02-24T00:52:17.587+0000][7][gc,phases   ] GC(193)   Pre Evacuate Collection Set: 0.1ms
[2024-02-24T00:52:17.587+0000][7][gc,phases   ] GC(193)   Merge Heap Roots: 0.1ms
[2024-02-24T00:52:17.587+0000][7][gc,phases   ] GC(193)   Evacuate Collection Set: 1.4ms
[2024-02-24T00:52:17.587+0000][7][gc,phases   ] GC(193)   Post Evacuate Collection Set: 1.0ms
[2024-02-24T00:52:17.587+0000][7][gc,phases   ] GC(193)   Other: 0.1ms
[2024-02-24T00:52:17.587+0000][7][gc,age      ] GC(193) Age table with threshold 15 (max threshold 15)
[2024-02-24T00:52:17.587+0000][7][gc,age      ] GC(193) - age   1:    1106552 bytes,    1106552 total
[2024-02-24T00:52:17.587+0000][7][gc,age      ] GC(193) - age   2:       1736 bytes,    1108288 total
[2024-02-24T00:52:17.587+0000][7][gc,age      ] GC(193) - age   3:       4736 bytes,    1113024 total
[2024-02-24T00:52:17.587+0000][7][gc,age      ] GC(193) - age   4:         24 bytes,    1113048 total
[2024-02-24T00:52:17.587+0000][7][gc,age      ] GC(193) - age   5:        568 bytes,    1113616 total
[2024-02-24T00:52:17.587+0000][7][gc,age      ] GC(193) - age   6:        216 bytes,    1113832 total
[2024-02-24T00:52:17.587+0000][7][gc,age      ] GC(193) - age   7:        208 bytes,    1114040 total
[2024-02-24T00:52:17.587+0000][7][gc,age      ] GC(193) - age  10:        248 bytes,    1114288 total
[2024-02-24T00:52:17.587+0000][7][gc,age      ] GC(193) - age  11:        128 bytes,    1114416 total
[2024-02-24T00:52:17.587+0000][7][gc,age      ] GC(193) - age  12:      20504 bytes,    1134920 total
[2024-02-24T00:52:17.587+0000][7][gc,age      ] GC(193) - age  13:      61824 bytes,    1196744 total
[2024-02-24T00:52:17.587+0000][7][gc,age      ] GC(193) - age  14:     289792 bytes,    1486536 total
[2024-02-24T00:52:17.587+0000][7][gc,age      ] GC(193) - age  15:     107840 bytes,    1594376 total
[2024-02-24T00:52:17.587+0000][7][gc,heap     ] GC(193) Eden regions: 152->0(152)
[2024-02-24T00:52:17.587+0000][7][gc,heap     ] GC(193) Survivor regions: 1->1(20)
[2024-02-24T00:52:17.587+0000][7][gc,heap     ] GC(193) Old regions: 25->25
[2024-02-24T00:52:17.587+0000][7][gc,heap     ] GC(193) Archive regions: 2->2
[2024-02-24T00:52:17.587+0000][7][gc,heap     ] GC(193) Humongous regions: 0->0
[2024-02-24T00:52:17.587+0000][7][gc,metaspace] GC(193) Metaspace: 128781K(132352K)->128781K(132352K) NonClass: 111933K(113792K)->111933K(113792K) Class: 16847K(18560K)->16847K(18560K)
[2024-02-24T00:52:17.587+0000][7][gc          ] GC(193) Pause Young (Normal) (G1 Evacuation Pause) 709M->101M(1024M) 3.140ms
[2024-02-24T00:52:17.587+0000][7][gc,cpu      ] GC(193) User=0.01s Sys=0.00s Real=0.00s
[2024-02-24T00:52:17.587+0000][7][safepoint   ] Safepoint "G1CollectForAllocation", Time since last: 148420130614 ns, Reaching safepoint: 85773 ns, At safepoint: 3256415 ns, Total: 3342188 ns
[2024-02-24T00:52:25.588+0000][7][safepoint   ] Safepoint "Cleanup", Time since last: 8000979920 ns, Reaching safepoint: 178249 ns, At safepoint: 11947 ns, Total: 190196 ns
[2024-02-24T00:55:25.609+0000][7][safepoint   ] Safepoint "Cleanup", Time since last: 180020571502 ns, Reaching safepoint: 69987 ns, At safepoint: 8047 ns, Total: 78034 ns
[2024-02-24T00:55:36.038+0000][7][gc,start    ] GC(194) Pause Young (Normal) (G1 Evacuation Pause)
[2024-02-24T00:55:36.038+0000][7][gc,task     ] GC(194) Using 8 workers of 8 for evacuation
[2024-02-24T00:55:36.038+0000][7][gc,age      ] GC(194) Desired survivor size 41943040 bytes, new threshold 15 (max threshold 15)
[2024-02-24T00:55:36.041+0000][7][gc,phases   ] GC(194)   Pre Evacuate Collection Set: 0.1ms
[2024-02-24T00:55:36.041+0000][7][gc,phases   ] GC(194)   Merge Heap Roots: 0.1ms
[2024-02-24T00:55:36.041+0000][7][gc,phases   ] GC(194)   Evacuate Collection Set: 2.0ms
[2024-02-24T00:55:36.041+0000][7][gc,phases   ] GC(194)   Post Evacuate Collection Set: 1.1ms
[2024-02-24T00:55:36.041+0000][7][gc,phases   ] GC(194)   Other: 0.1ms
[2024-02-24T00:55:36.041+0000][7][gc,age      ] GC(194) Age table with threshold 15 (max threshold 15)
[2024-02-24T00:55:36.041+0000][7][gc,age      ] GC(194) - age   1:    1858128 bytes,    1858128 total
[2024-02-24T00:55:36.041+0000][7][gc,age      ] GC(194) - age   2:       1648 bytes,    1859776 total
[2024-02-24T00:55:36.041+0000][7][gc,age      ] GC(194) - age   3:        392 bytes,    1860168 total
[2024-02-24T00:55:36.041+0000][7][gc,age      ] GC(194) - age   4:        248 bytes,    1860416 total
[2024-02-24T00:55:36.041+0000][7][gc,age      ] GC(194) - age   5:         24 bytes,    1860440 total
[2024-02-24T00:55:36.041+0000][7][gc,age      ] GC(194) - age   6:        384 bytes,    1860824 total
[2024-02-24T00:55:36.041+0000][7][gc,age      ] GC(194) - age   7:        216 bytes,    1861040 total
[2024-02-24T00:55:36.041+0000][7][gc,age      ] GC(194) - age   8:        208 bytes,    1861248 total
[2024-02-24T00:55:36.041+0000][7][gc,age      ] GC(194) - age  11:        248 bytes,    1861496 total
[2024-02-24T00:55:36.041+0000][7][gc,age      ] GC(194) - age  12:        128 bytes,    1861624 total
[2024-02-24T00:55:36.041+0000][7][gc,age      ] GC(194) - age  13:      20504 bytes,    1882128 total
[2024-02-24T00:55:36.041+0000][7][gc,age      ] GC(194) - age  14:      61824 bytes,    1943952 total
[2024-02-24T00:55:36.041+0000][7][gc,age      ] GC(194) - age  15:     289792 bytes,    2233744 total
[2024-02-24T00:55:36.041+0000][7][gc,heap     ] GC(194) Eden regions: 152->0(152)
[2024-02-24T00:55:36.041+0000][7][gc,heap     ] GC(194) Survivor regions: 1->1(20)
[2024-02-24T00:55:36.041+0000][7][gc,heap     ] GC(194) Old regions: 25->25
[2024-02-24T00:55:36.041+0000][7][gc,heap     ] GC(194) Archive regions: 2->2
[2024-02-24T00:55:36.041+0000][7][gc,heap     ] GC(194) Humongous regions: 0->0
[2024-02-24T00:55:36.041+0000][7][gc,metaspace] GC(194) Metaspace: 128781K(132352K)->128781K(132352K) NonClass: 111933K(113792K)->111933K(113792K) Class: 16847K(18560K)->16847K(18560K)
[2024-02-24T00:55:36.041+0000][7][gc          ] GC(194) Pause Young (Normal) (G1 Evacuation Pause) 709M->102M(1024M) 3.699ms
[2024-02-24T00:55:36.041+0000][7][gc,cpu      ] GC(194) User=0.01s Sys=0.01s Real=0.00s
[2024-02-24T00:55:36.041+0000][7][safepoint   ] Safepoint "G1CollectForAllocation", Time since last: 10428381474 ns, Reaching safepoint: 48873 ns, At safepoint: 3820046 ns, Total: 3868919 ns
[2024-02-24T00:56:26.047+0000][7][safepoint   ] Safepoint "Cleanup", Time since last: 50005986286 ns, Reaching safepoint: 89242 ns, At safepoint: 45279 ns, Total: 134521 ns
[2024-02-24T00:58:49.243+0000][7][gc,start    ] GC(195) Pause Young (Normal) (G1 Evacuation Pause)
[2024-02-24T00:58:49.243+0000][7][gc,task     ] GC(195) Using 8 workers of 8 for evacuation
[2024-02-24T00:58:49.243+0000][7][gc,age      ] GC(195) Desired survivor size 41943040 bytes, new threshold 15 (max threshold 15)
[2024-02-24T00:58:49.246+0000][7][gc,phases   ] GC(195)   Pre Evacuate Collection Set: 0.1ms
[2024-02-24T00:58:49.246+0000][7][gc,phases   ] GC(195)   Merge Heap Roots: 0.1ms
[2024-02-24T00:58:49.246+0000][7][gc,phases   ] GC(195)   Evacuate Collection Set: 1.9ms
[2024-02-24T00:58:49.246+0000][7][gc,phases   ] GC(195)   Post Evacuate Collection Set: 0.8ms
[2024-02-24T00:58:49.246+0000][7][gc,phases   ] GC(195)   Other: 0.1ms
[2024-02-24T00:58:49.246+0000][7][gc,age      ] GC(195) Age table with threshold 15 (max threshold 15)
[2024-02-24T00:58:49.246+0000][7][gc,age      ] GC(195) - age   1:    1406992 bytes,    1406992 total
[2024-02-24T00:58:49.246+0000][7][gc,age      ] GC(195) - age   2:       8032 bytes,    1415024 total
[2024-02-24T00:58:49.246+0000][7][gc,age      ] GC(195) - age   3:        648 bytes,    1415672 total
[2024-02-24T00:58:49.246+0000][7][gc,age      ] GC(195) - age   4:        392 bytes,    1416064 total
[2024-02-24T00:58:49.246+0000][7][gc,age      ] GC(195) - age   5:        184 bytes,    1416248 total
[2024-02-24T00:58:49.246+0000][7][gc,age      ] GC(195) - age   6:         24 bytes,    1416272 total
[2024-02-24T00:58:49.246+0000][7][gc,age      ] GC(195) - age   8:        184 bytes,    1416456 total
[2024-02-24T00:58:49.246+0000][7][gc,age      ] GC(195) - age  12:        248 bytes,    1416704 total
[2024-02-24T00:58:49.246+0000][7][gc,age      ] GC(195) - age  13:        128 bytes,    1416832 total
[2024-02-24T00:58:49.246+0000][7][gc,age      ] GC(195) - age  14:      20504 bytes,    1437336 total
[2024-02-24T00:58:49.246+0000][7][gc,age      ] GC(195) - age  15:      61824 bytes,    1499160 total
[2024-02-24T00:58:49.246+0000][7][gc,heap     ] GC(195) Eden regions: 152->0(152)
[2024-02-24T00:58:49.246+0000][7][gc,heap     ] GC(195) Survivor regions: 1->1(20)
[2024-02-24T00:58:49.246+0000][7][gc,heap     ] GC(195) Old regions: 25->25
[2024-02-24T00:58:49.246+0000][7][gc,heap     ] GC(195) Archive regions: 2->2
[2024-02-24T00:58:49.246+0000][7][gc,heap     ] GC(195) Humongous regions: 0->0
[2024-02-24T00:58:49.246+0000][7][gc,metaspace] GC(195) Metaspace: 128784K(132416K)->128784K(132416K) NonClass: 111937K(113856K)->111937K(113856K) Class: 16847K(18560K)->16847K(18560K)
[2024-02-24T00:58:49.246+0000][7][gc          ] GC(195) Pause Young (Normal) (G1 Evacuation Pause) 710M->102M(1024M) 3.430ms
[2024-02-24T00:58:49.246+0000][7][gc,cpu      ] GC(195) User=0.01s Sys=0.01s Real=0.00s
[2024-02-24T00:58:49.246+0000][7][safepoint   ] Safepoint "G1CollectForAllocation", Time since last: 143194873309 ns, Reaching safepoint: 176186 ns, At safepoint: 3546188 ns, Total: 3722374 ns
[2024-02-24T01:01:59.920+0000][7][gc,start    ] GC(196) Pause Young (Normal) (G1 Evacuation Pause)
[2024-02-24T01:01:59.920+0000][7][gc,task     ] GC(196) Using 8 workers of 8 for evacuation
[2024-02-24T01:01:59.920+0000][7][gc,age      ] GC(196) Desired survivor size 41943040 bytes, new threshold 15 (max threshold 15)
[2024-02-24T01:01:59.922+0000][7][gc,phases   ] GC(196)   Pre Evacuate Collection Set: 0.1ms
[2024-02-24T01:01:59.922+0000][7][gc,phases   ] GC(196)   Merge Heap Roots: 0.1ms
[2024-02-24T01:01:59.922+0000][7][gc,phases   ] GC(196)   Evacuate Collection Set: 1.2ms
[2024-02-24T01:01:59.922+0000][7][gc,phases   ] GC(196)   Post Evacuate Collection Set: 1.0ms
[2024-02-24T01:01:59.922+0000][7][gc,phases   ] GC(196)   Other: 0.1ms
[2024-02-24T01:01:59.922+0000][7][gc,age      ] GC(196) Age table with threshold 15 (max threshold 15)
[2024-02-24T01:01:59.922+0000][7][gc,age      ] GC(196) - age   1:     960488 bytes,     960488 total
[2024-02-24T01:01:59.922+0000][7][gc,age      ] GC(196) - age   2:       2992 bytes,     963480 total
[2024-02-24T01:01:59.922+0000][7][gc,age      ] GC(196) - age   3:       5280 bytes,     968760 total
[2024-02-24T01:01:59.922+0000][7][gc,age      ] GC(196) - age   4:        336 bytes,     969096 total
[2024-02-24T01:01:59.922+0000][7][gc,age      ] GC(196) - age   5:        392 bytes,     969488 total
[2024-02-24T01:01:59.922+0000][7][gc,age      ] GC(196) - age   6:        184 bytes,     969672 total
[2024-02-24T01:01:59.922+0000][7][gc,age      ] GC(196) - age   7:         24 bytes,     969696 total
[2024-02-24T01:01:59.922+0000][7][gc,age      ] GC(196) - age   9:        184 bytes,     969880 total
[2024-02-24T01:01:59.922+0000][7][gc,age      ] GC(196) - age  13:        248 bytes,     970128 total
[2024-02-24T01:01:59.922+0000][7][gc,age      ] GC(196) - age  14:        128 bytes,     970256 total
[2024-02-24T01:01:59.923+0000][7][gc,age      ] GC(196) - age  15:      20504 bytes,     990760 total
[2024-02-24T01:01:59.923+0000][7][gc,heap     ] GC(196) Eden regions: 152->0(152)
[2024-02-24T01:01:59.923+0000][7][gc,heap     ] GC(196) Survivor regions: 1->1(20)
[2024-02-24T01:01:59.923+0000][7][gc,heap     ] GC(196) Old regions: 25->25
[2024-02-24T01:01:59.923+0000][7][gc,heap     ] GC(196) Archive regions: 2->2
[2024-02-24T01:01:59.923+0000][7][gc,heap     ] GC(196) Humongous regions: 0->0
[2024-02-24T01:01:59.923+0000][7][gc,metaspace] GC(196) Metaspace: 128784K(132416K)->128784K(132416K) NonClass: 111937K(113856K)->111937K(113856K) Class: 16847K(18560K)->16847K(18560K)
[2024-02-24T01:01:59.923+0000][7][gc          ] GC(196) Pause Young (Normal) (G1 Evacuation Pause) 710M->101M(1024M) 2.923ms
[2024-02-24T01:01:59.923+0000][7][gc,cpu      ] GC(196) User=0.01s Sys=0.00s Real=0.00s
[2024-02-24T01:01:59.923+0000][7][safepoint   ] Safepoint "G1CollectForAllocation", Time since last: 190673530821 ns, Reaching safepoint: 82739 ns, At safepoint: 3027493 ns, Total: 3110232 ns
[2024-02-24T01:05:11.172+0000][7][gc,start    ] GC(197) Pause Young (Normal) (G1 Evacuation Pause)
[2024-02-24T01:05:11.172+0000][7][gc,task     ] GC(197) Using 8 workers of 8 for evacuation
[2024-02-24T01:05:11.172+0000][7][gc,age      ] GC(197) Desired survivor size 41943040 bytes, new threshold 15 (max threshold 15)
[2024-02-24T01:05:11.175+0000][7][gc,phases   ] GC(197)   Pre Evacuate Collection Set: 0.1ms
[2024-02-24T01:05:11.175+0000][7][gc,phases   ] GC(197)   Merge Heap Roots: 0.1ms
[2024-02-24T01:05:11.175+0000][7][gc,phases   ] GC(197)   Evacuate Collection Set: 2.0ms
[2024-02-24T01:05:11.175+0000][7][gc,phases   ] GC(197)   Post Evacuate Collection Set: 0.7ms
[2024-02-24T01:05:11.175+0000][7][gc,phases   ] GC(197)   Other: 0.1ms
[2024-02-24T01:05:11.175+0000][7][gc,age      ] GC(197) Age table with threshold 15 (max threshold 15)
[2024-02-24T01:05:11.175+0000][7][gc,age      ] GC(197) - age   1:     603392 bytes,     603392 total
[2024-02-24T01:05:11.175+0000][7][gc,age      ] GC(197) - age   2:       2480 bytes,     605872 total
[2024-02-24T01:05:11.175+0000][7][gc,age      ] GC(197) - age   3:        568 bytes,     606440 total
[2024-02-24T01:05:11.175+0000][7][gc,age      ] GC(197) - age   4:       1080 bytes,     607520 total
[2024-02-24T01:05:11.175+0000][7][gc,age      ] GC(197) - age   5:        272 bytes,     607792 total
[2024-02-24T01:05:11.175+0000][7][gc,age      ] GC(197) - age   7:        184 bytes,     607976 total
[2024-02-24T01:05:11.175+0000][7][gc,age      ] GC(197) - age   8:         24 bytes,     608000 total
[2024-02-24T01:05:11.175+0000][7][gc,age      ] GC(197) - age  10:        184 bytes,     608184 total
[2024-02-24T01:05:11.175+0000][7][gc,age      ] GC(197) - age  14:        248 bytes,     608432 total
[2024-02-24T01:05:11.175+0000][7][gc,age      ] GC(197) - age  15:        128 bytes,     608560 total
[2024-02-24T01:05:11.175+0000][7][gc,heap     ] GC(197) Eden regions: 152->0(152)
[2024-02-24T01:05:11.175+0000][7][gc,heap     ] GC(197) Survivor regions: 1->1(20)
[2024-02-24T01:05:11.175+0000][7][gc,heap     ] GC(197) Old regions: 25->25
[2024-02-24T01:05:11.175+0000][7][gc,heap     ] GC(197) Archive regions: 2->2
[2024-02-24T01:05:11.175+0000][7][gc,heap     ] GC(197) Humongous regions: 0->0
[2024-02-24T01:05:11.175+0000][7][gc,metaspace] GC(197) Metaspace: 128784K(132416K)->128784K(132416K) NonClass: 111937K(113856K)->111937K(113856K) Class: 16847K(18560K)->16847K(18560K)
[2024-02-24T01:05:11.176+0000][7][gc          ] GC(197) Pause Young (Normal) (G1 Evacuation Pause) 709M->101M(1024M) 3.424ms
[2024-02-24T01:05:11.176+0000][7][gc,cpu      ] GC(197) User=0.01s Sys=0.00s Real=0.00s
[2024-02-24T01:05:11.176+0000][7][safepoint   ] Safepoint "G1CollectForAllocation", Time since last: 191249312840 ns, Reaching safepoint: 60779 ns, At safepoint: 3523685 ns, Total: 3584464 ns
[2024-02-24T01:05:36.179+0000][7][safepoint   ] Safepoint "Cleanup", Time since last: 25002934569 ns, Reaching safepoint: 116120 ns, At safepoint: 8483 ns, Total: 124603 ns
[2024-02-24T01:05:42.179+0000][7][safepoint   ] Safepoint "Cleanup", Time since last: 6000756650 ns, Reaching safepoint: 91595 ns, At safepoint: 6192 ns, Total: 97787 ns
[2024-02-24T01:06:26.185+0000][7][safepoint   ] Safepoint "Cleanup", Time since last: 44005036349 ns, Reaching safepoint: 124605 ns, At safepoint: 37890 ns, Total: 162495 ns
[2024-02-24T01:08:12.195+0000][7][safepoint   ] Safepoint "Cleanup", Time since last: 106009735309 ns, Reaching safepoint: 63820 ns, At safepoint: 42744 ns, Total: 106564 ns
[2024-02-24T01:08:26.934+0000][7][gc,start    ] GC(198) Pause Young (Normal) (G1 Evacuation Pause)
[2024-02-24T01:08:26.934+0000][7][gc,task     ] GC(198) Using 8 workers of 8 for evacuation
[2024-02-24T01:08:26.934+0000][7][gc,age      ] GC(198) Desired survivor size 41943040 bytes, new threshold 15 (max threshold 15)
[2024-02-24T01:08:26.937+0000][7][gc,phases   ] GC(198)   Pre Evacuate Collection Set: 0.2ms
[2024-02-24T01:08:26.938+0000][7][gc,phases   ] GC(198)   Merge Heap Roots: 0.1ms
[2024-02-24T01:08:26.938+0000][7][gc,phases   ] GC(198)   Evacuate Collection Set: 1.7ms
[2024-02-24T01:08:26.938+0000][7][gc,phases   ] GC(198)   Post Evacuate Collection Set: 1.0ms
[2024-02-24T01:08:26.938+0000][7][gc,phases   ] GC(198)   Other: 0.1ms
[2024-02-24T01:08:26.938+0000][7][gc,age      ] GC(198) Age table with threshold 15 (max threshold 15)
[2024-02-24T01:08:26.938+0000][7][gc,age      ] GC(198) - age   1:    1403912 bytes,    1403912 total
[2024-02-24T01:08:26.938+0000][7][gc,age      ] GC(198) - age   2:     228952 bytes,    1632864 total
[2024-02-24T01:08:26.938+0000][7][gc,age      ] GC(198) - age   3:        440 bytes,    1633304 total
[2024-02-24T01:08:26.938+0000][7][gc,age      ] GC(198) - age   4:        384 bytes,    1633688 total
[2024-02-24T01:08:26.938+0000][7][gc,age      ] GC(198) - age   5:        368 bytes,    1634056 total
[2024-02-24T01:08:26.938+0000][7][gc,age      ] GC(198) - age   6:        208 bytes,    1634264 total
[2024-02-24T01:08:26.938+0000][7][gc,age      ] GC(198) - age   8:        152 bytes,    1634416 total
[2024-02-24T01:08:26.938+0000][7][gc,age      ] GC(198) - age   9:         24 bytes,    1634440 total
[2024-02-24T01:08:26.938+0000][7][gc,age      ] GC(198) - age  11:        184 bytes,    1634624 total
[2024-02-24T01:08:26.938+0000][7][gc,age      ] GC(198) - age  15:        248 bytes,    1634872 total
[2024-02-24T01:08:26.938+0000][7][gc,heap     ] GC(198) Eden regions: 152->0(152)
[2024-02-24T01:08:26.938+0000][7][gc,heap     ] GC(198) Survivor regions: 1->1(20)
[2024-02-24T01:08:26.938+0000][7][gc,heap     ] GC(198) Old regions: 25->25
[2024-02-24T01:08:26.938+0000][7][gc,heap     ] GC(198) Archive regions: 2->2
[2024-02-24T01:08:26.938+0000][7][gc,heap     ] GC(198) Humongous regions: 0->0
[2024-02-24T01:08:26.938+0000][7][gc,metaspace] GC(198) Metaspace: 128784K(132416K)->128784K(132416K) NonClass: 111937K(113856K)->111937K(113856K) Class: 16847K(18560K)->16847K(18560K)
[2024-02-24T01:08:26.938+0000][7][gc          ] GC(198) Pause Young (Normal) (G1 Evacuation Pause) 709M->102M(1024M) 3.365ms
[2024-02-24T01:08:26.938+0000][7][gc,cpu      ] GC(198) User=0.01s Sys=0.00s Real=0.01s
[2024-02-24T01:08:26.938+0000][7][safepoint   ] Safepoint "G1CollectForAllocation", Time since last: 14739710169 ns, Reaching safepoint: 84653 ns, At safepoint: 3466372 ns, Total: 3551025 ns
[2024-02-24T01:08:38.939+0000][7][safepoint   ] Safepoint "Cleanup", Time since last: 12001137334 ns, Reaching safepoint: 91803 ns, At safepoint: 5668 ns, Total: 97471 ns
[2024-02-24T01:08:41.939+0000][7][safepoint   ] Safepoint "Cleanup", Time since last: 3000310254 ns, Reaching safepoint: 61131 ns, At safepoint: 5683 ns, Total: 66814 ns
[2024-02-24T01:08:48.941+0000][7][safepoint   ] Safepoint "Cleanup", Time since last: 7001165147 ns, Reaching safepoint: 77199 ns, At safepoint: 37734 ns, Total: 114933 ns
[2024-02-24T01:11:30.233+0000][7][gc,start    ] GC(199) Pause Young (Normal) (G1 Evacuation Pause)
[2024-02-24T01:11:30.233+0000][7][gc,task     ] GC(199) Using 8 workers of 8 for evacuation
[2024-02-24T01:11:30.233+0000][7][gc,age      ] GC(199) Desired survivor size 41943040 bytes, new threshold 15 (max threshold 15)
[2024-02-24T01:11:30.234+0000][7][gc,phases   ] GC(199)   Pre Evacuate Collection Set: 0.1ms
[2024-02-24T01:11:30.234+0000][7][gc,phases   ] GC(199)   Merge Heap Roots: 0.0ms
[2024-02-24T01:11:30.234+0000][7][gc,phases   ] GC(199)   Evacuate Collection Set: 0.7ms
[2024-02-24T01:11:30.234+0000][7][gc,phases   ] GC(199)   Post Evacuate Collection Set: 0.4ms
[2024-02-24T01:11:30.234+0000][7][gc,phases   ] GC(199)   Other: 0.1ms
[2024-02-24T01:11:30.234+0000][7][gc,age      ] GC(199) Age table with threshold 15 (max threshold 15)
[2024-02-24T01:11:30.234+0000][7][gc,age      ] GC(199) - age   1:     894368 bytes,     894368 total
[2024-02-24T01:11:30.234+0000][7][gc,age      ] GC(199) - age   2:       3568 bytes,     897936 total
[2024-02-24T01:11:30.234+0000][7][gc,age      ] GC(199) - age   3:     119920 bytes,    1017856 total
[2024-02-24T01:11:30.234+0000][7][gc,age      ] GC(199) - age   4:        184 bytes,    1018040 total
[2024-02-24T01:11:30.234+0000][7][gc,age      ] GC(199) - age   5:        384 bytes,    1018424 total
[2024-02-24T01:11:30.234+0000][7][gc,age      ] GC(199) - age   6:        184 bytes,    1018608 total
[2024-02-24T01:11:30.234+0000][7][gc,age      ] GC(199) - age   7:         24 bytes,    1018632 total
[2024-02-24T01:11:30.234+0000][7][gc,age      ] GC(199) - age   9:        152 bytes,    1018784 total
[2024-02-24T01:11:30.234+0000][7][gc,age      ] GC(199) - age  10:         24 bytes,    1018808 total
[2024-02-24T01:11:30.234+0000][7][gc,age      ] GC(199) - age  12:        184 bytes,    1018992 total
[2024-02-24T01:11:30.234+0000][7][gc,heap     ] GC(199) Eden regions: 152->0(152)
[2024-02-24T01:11:30.234+0000][7][gc,heap     ] GC(199) Survivor regions: 1->1(20)
[2024-02-24T01:11:30.234+0000][7][gc,heap     ] GC(199) Old regions: 25->25
[2024-02-24T01:11:30.234+0000][7][gc,heap     ] GC(199) Archive regions: 2->2
[2024-02-24T01:11:30.234+0000][7][gc,heap     ] GC(199) Humongous regions: 0->0
[2024-02-24T01:11:30.234+0000][7][gc,metaspace] GC(199) Metaspace: 128787K(132416K)->128787K(132416K) NonClass: 111939K(113856K)->111939K(113856K) Class: 16847K(18560K)->16847K(18560K)
[2024-02-24T01:11:30.235+0000][7][gc          ] GC(199) Pause Young (Normal) (G1 Evacuation Pause) 710M->101M(1024M) 1.441ms
[2024-02-24T01:11:30.235+0000][7][gc,cpu      ] GC(199) User=0.01s Sys=0.00s Real=0.00s
[2024-02-24T01:11:30.235+0000][7][safepoint   ] Safepoint "G1CollectForAllocation", Time since last: 161292329268 ns, Reaching safepoint: 49382 ns, At safepoint: 1503317 ns, Total: 1552699 ns
[2024-02-24T01:14:44.302+0000][7][gc,start    ] GC(200) Pause Young (Normal) (G1 Evacuation Pause)
[2024-02-24T01:14:44.302+0000][7][gc,task     ] GC(200) Using 8 workers of 8 for evacuation
[2024-02-24T01:14:44.302+0000][7][gc,age      ] GC(200) Desired survivor size 41943040 bytes, new threshold 15 (max threshold 15)
[2024-02-24T01:14:44.304+0000][7][gc,phases   ] GC(200)   Pre Evacuate Collection Set: 0.1ms
[2024-02-24T01:14:44.304+0000][7][gc,phases   ] GC(200)   Merge Heap Roots: 0.1ms
[2024-02-24T01:14:44.304+0000][7][gc,phases   ] GC(200)   Evacuate Collection Set: 1.2ms
[2024-02-24T01:14:44.304+0000][7][gc,phases   ] GC(200)   Post Evacuate Collection Set: 0.6ms
[2024-02-24T01:14:44.304+0000][7][gc,phases   ] GC(200)   Other: 0.1ms
[2024-02-24T01:14:44.304+0000][7][gc,age      ] GC(200) Age table with threshold 15 (max threshold 15)
[2024-02-24T01:14:44.304+0000][7][gc,age      ] GC(200) - age   1:    1978560 bytes,    1978560 total
[2024-02-24T01:14:44.304+0000][7][gc,age      ] GC(200) - age   2:     346336 bytes,    2324896 total
[2024-02-24T01:14:44.304+0000][7][gc,age      ] GC(200) - age   3:       1392 bytes,    2326288 total
[2024-02-24T01:14:44.304+0000][7][gc,age      ] GC(200) - age   4:     116336 bytes,    2442624 total
[2024-02-24T01:14:44.304+0000][7][gc,age      ] GC(200) - age   5:        184 bytes,    2442808 total
[2024-02-24T01:14:44.304+0000][7][gc,age      ] GC(200) - age   6:        384 bytes,    2443192 total
[2024-02-24T01:14:44.304+0000][7][gc,age      ] GC(200) - age   7:        184 bytes,    2443376 total
[2024-02-24T01:14:44.304+0000][7][gc,age      ] GC(200) - age   8:         24 bytes,    2443400 total
[2024-02-24T01:14:44.304+0000][7][gc,age      ] GC(200) - age  10:        152 bytes,    2443552 total
[2024-02-24T01:14:44.304+0000][7][gc,age      ] GC(200) - age  11:         24 bytes,    2443576 total
[2024-02-24T01:14:44.304+0000][7][gc,heap     ] GC(200) Eden regions: 152->0(152)
[2024-02-24T01:14:44.304+0000][7][gc,heap     ] GC(200) Survivor regions: 1->1(20)
[2024-02-24T01:14:44.304+0000][7][gc,heap     ] GC(200) Old regions: 25->25
[2024-02-24T01:14:44.304+0000][7][gc,heap     ] GC(200) Archive regions: 2->2
[2024-02-24T01:14:44.304+0000][7][gc,heap     ] GC(200) Humongous regions: 0->0
[2024-02-24T01:14:44.304+0000][7][gc,metaspace] GC(200) Metaspace: 128788K(132416K)->128788K(132416K) NonClass: 111941K(113856K)->111941K(113856K) Class: 16847K(18560K)->16847K(18560K)
[2024-02-24T01:14:44.304+0000][7][gc          ] GC(200) Pause Young (Normal) (G1 Evacuation Pause) 709M->103M(1024M) 2.152ms
[2024-02-24T01:14:44.304+0000][7][gc,cpu      ] GC(200) User=0.01s Sys=0.00s Real=0.00s
[2024-02-24T01:14:44.304+0000][7][safepoint   ] Safepoint "G1CollectForAllocation", Time since last: 194067155542 ns, Reaching safepoint: 111372 ns, At safepoint: 2216616 ns, Total: 2327988 ns
[2024-02-24T01:17:59.207+0000][7][gc,start    ] GC(201) Pause Young (Normal) (G1 Evacuation Pause)
[2024-02-24T01:17:59.207+0000][7][gc,task     ] GC(201) Using 8 workers of 8 for evacuation
[2024-02-24T01:17:59.207+0000][7][gc,age      ] GC(201) Desired survivor size 41943040 bytes, new threshold 15 (max threshold 15)
[2024-02-24T01:17:59.210+0000][7][gc,phases   ] GC(201)   Pre Evacuate Collection Set: 0.1ms
[2024-02-24T01:17:59.210+0000][7][gc,phases   ] GC(201)   Merge Heap Roots: 0.1ms
[2024-02-24T01:17:59.210+0000][7][gc,phases   ] GC(201)   Evacuate Collection Set: 1.7ms
[2024-02-24T01:17:59.210+0000][7][gc,phases   ] GC(201)   Post Evacuate Collection Set: 0.8ms
[2024-02-24T01:17:59.210+0000][7][gc,phases   ] GC(201)   Other: 0.1ms
[2024-02-24T01:17:59.210+0000][7][gc,age      ] GC(201) Age table with threshold 15 (max threshold 15)
[2024-02-24T01:17:59.210+0000][7][gc,age      ] GC(201) - age   1:    1279640 bytes,    1279640 total
[2024-02-24T01:17:59.210+0000][7][gc,age      ] GC(201) - age   2:      47976 bytes,    1327616 total
[2024-02-24T01:17:59.210+0000][7][gc,age      ] GC(201) - age   3:     344880 bytes,    1672496 total
[2024-02-24T01:17:59.210+0000][7][gc,age      ] GC(201) - age   4:         32 bytes,    1672528 total
[2024-02-24T01:17:59.210+0000][7][gc,age      ] GC(201) - age   5:     116336 bytes,    1788864 total
[2024-02-24T01:17:59.210+0000][7][gc,age      ] GC(201) - age   6:        184 bytes,    1789048 total
[2024-02-24T01:17:59.210+0000][7][gc,age      ] GC(201) - age   8:        152 bytes,    1789200 total
[2024-02-24T01:17:59.210+0000][7][gc,age      ] GC(201) - age   9:         24 bytes,    1789224 total
[2024-02-24T01:17:59.210+0000][7][gc,age      ] GC(201) - age  11:        152 bytes,    1789376 total
[2024-02-24T01:17:59.210+0000][7][gc,age      ] GC(201) - age  12:         24 bytes,    1789400 total
[2024-02-24T01:17:59.210+0000][7][gc,heap     ] GC(201) Eden regions: 152->0(152)
[2024-02-24T01:17:59.210+0000][7][gc,heap     ] GC(201) Survivor regions: 1->1(20)
[2024-02-24T01:17:59.210+0000][7][gc,heap     ] GC(201) Old regions: 25->25
[2024-02-24T01:17:59.210+0000][7][gc,heap     ] GC(201) Archive regions: 2->2
[2024-02-24T01:17:59.210+0000][7][gc,heap     ] GC(201) Humongous regions: 0->0
[2024-02-24T01:17:59.210+0000][7][gc,metaspace] GC(201) Metaspace: 128793K(132416K)->128793K(132416K) NonClass: 111945K(113856K)->111945K(113856K) Class: 16847K(18560K)->16847K(18560K)
[2024-02-24T01:17:59.210+0000][7][gc          ] GC(201) Pause Young (Normal) (G1 Evacuation Pause) 711M->102M(1024M) 3.135ms
[2024-02-24T01:17:59.210+0000][7][gc,cpu      ] GC(201) User=0.02s Sys=0.00s Real=0.01s
[2024-02-24T01:17:59.210+0000][7][safepoint   ] Safepoint "G1CollectForAllocation", Time since last: 194902789598 ns, Reaching safepoint: 84529 ns, At safepoint: 3269060 ns, Total: 3353589 ns
[2024-02-24T01:21:05.233+0000][7][gc,start    ] GC(202) Pause Young (Normal) (G1 Evacuation Pause)
[2024-02-24T01:21:05.233+0000][7][gc,task     ] GC(202) Using 8 workers of 8 for evacuation
[2024-02-24T01:21:05.233+0000][7][gc,age      ] GC(202) Desired survivor size 41943040 bytes, new threshold 15 (max threshold 15)
[2024-02-24T01:21:05.235+0000][7][gc,phases   ] GC(202)   Pre Evacuate Collection Set: 0.1ms
[2024-02-24T01:21:05.235+0000][7][gc,phases   ] GC(202)   Merge Heap Roots: 0.1ms
[2024-02-24T01:21:05.235+0000][7][gc,phases   ] GC(202)   Evacuate Collection Set: 1.3ms
[2024-02-24T01:21:05.235+0000][7][gc,phases   ] GC(202)   Post Evacuate Collection Set: 0.8ms
[2024-02-24T01:21:05.235+0000][7][gc,phases   ] GC(202)   Other: 0.1ms
[2024-02-24T01:21:05.235+0000][7][gc,age      ] GC(202) Age table with threshold 15 (max threshold 15)
[2024-02-24T01:21:05.235+0000][7][gc,age      ] GC(202) - age   1:     983736 bytes,     983736 total
[2024-02-24T01:21:05.235+0000][7][gc,age      ] GC(202) - age   2:       5264 bytes,     989000 total
[2024-02-24T01:21:05.235+0000][7][gc,age      ] GC(202) - age   3:      46568 bytes,    1035568 total
[2024-02-24T01:21:05.235+0000][7][gc,age      ] GC(202) - age   4:     344672 bytes,    1380240 total
[2024-02-24T01:21:05.235+0000][7][gc,age      ] GC(202) - age   5:         32 bytes,    1380272 total
[2024-02-24T01:21:05.235+0000][7][gc,age      ] GC(202) - age   6:     115912 bytes,    1496184 total
[2024-02-24T01:21:05.235+0000][7][gc,age      ] GC(202) - age   7:        184 bytes,    1496368 total
[2024-02-24T01:21:05.235+0000][7][gc,age      ] GC(202) - age   9:        152 bytes,    1496520 total
[2024-02-24T01:21:05.235+0000][7][gc,age      ] GC(202) - age  10:         24 bytes,    1496544 total
[2024-02-24T01:21:05.235+0000][7][gc,age      ] GC(202) - age  12:        152 bytes,    1496696 total
[2024-02-24T01:21:05.235+0000][7][gc,age      ] GC(202) - age  13:         24 bytes,    1496720 total
[2024-02-24T01:21:05.235+0000][7][gc,heap     ] GC(202) Eden regions: 152->0(152)
[2024-02-24T01:21:05.235+0000][7][gc,heap     ] GC(202) Survivor regions: 1->1(20)
[2024-02-24T01:21:05.235+0000][7][gc,heap     ] GC(202) Old regions: 25->25
[2024-02-24T01:21:05.235+0000][7][gc,heap     ] GC(202) Archive regions: 2->2
[2024-02-24T01:21:05.235+0000][7][gc,heap     ] GC(202) Humongous regions: 0->0
[2024-02-24T01:21:05.235+0000][7][gc,metaspace] GC(202) Metaspace: 128793K(132416K)->128793K(132416K) NonClass: 111945K(113856K)->111945K(113856K) Class: 16847K(18560K)->16847K(18560K)
[2024-02-24T01:21:05.235+0000][7][gc          ] GC(202) Pause Young (Normal) (G1 Evacuation Pause) 710M->102M(1024M) 2.597ms
[2024-02-24T01:21:05.235+0000][7][gc,cpu      ] GC(202) User=0.02s Sys=0.00s Real=0.00s
[2024-02-24T01:21:05.235+0000][7][safepoint   ] Safepoint "G1CollectForAllocation", Time since last: 186022451082 ns, Reaching safepoint: 59495 ns, At safepoint: 2693212 ns, Total: 2752707 ns
[2024-02-24T01:24:23.257+0000][7][gc,start    ] GC(203) Pause Young (Normal) (G1 Evacuation Pause)
[2024-02-24T01:24:23.257+0000][7][gc,task     ] GC(203) Using 8 workers of 8 for evacuation
[2024-02-24T01:24:23.257+0000][7][gc,age      ] GC(203) Desired survivor size 41943040 bytes, new threshold 15 (max threshold 15)
[2024-02-24T01:24:23.260+0000][7][gc,phases   ] GC(203)   Pre Evacuate Collection Set: 0.1ms
[2024-02-24T01:24:23.260+0000][7][gc,phases   ] GC(203)   Merge Heap Roots: 0.1ms
[2024-02-24T01:24:23.260+0000][7][gc,phases   ] GC(203)   Evacuate Collection Set: 1.5ms
[2024-02-24T01:24:23.260+0000][7][gc,phases   ] GC(203)   Post Evacuate Collection Set: 0.8ms
[2024-02-24T01:24:23.260+0000][7][gc,phases   ] GC(203)   Other: 0.1ms
[2024-02-24T01:24:23.260+0000][7][gc,age      ] GC(203) Age table with threshold 15 (max threshold 15)
[2024-02-24T01:24:23.260+0000][7][gc,age      ] GC(203) - age   1:    1595864 bytes,    1595864 total
[2024-02-24T01:24:23.260+0000][7][gc,age      ] GC(203) - age   2:       1792 bytes,    1597656 total
[2024-02-24T01:24:23.260+0000][7][gc,age      ] GC(203) - age   3:       1328 bytes,    1598984 total
[2024-02-24T01:24:23.260+0000][7][gc,age      ] GC(203) - age   4:      42856 bytes,    1641840 total
[2024-02-24T01:24:23.260+0000][7][gc,age      ] GC(203) - age   5:     344672 bytes,    1986512 total
[2024-02-24T01:24:23.260+0000][7][gc,age      ] GC(203) - age   6:         32 bytes,    1986544 total
[2024-02-24T01:24:23.260+0000][7][gc,age      ] GC(203) - age   7:     115728 bytes,    2102272 total
[2024-02-24T01:24:23.260+0000][7][gc,age      ] GC(203) - age   8:        184 bytes,    2102456 total
[2024-02-24T01:24:23.260+0000][7][gc,age      ] GC(203) - age  10:        152 bytes,    2102608 total
[2024-02-24T01:24:23.260+0000][7][gc,age      ] GC(203) - age  11:         24 bytes,    2102632 total
[2024-02-24T01:24:23.260+0000][7][gc,age      ] GC(203) - age  13:        152 bytes,    2102784 total
[2024-02-24T01:24:23.260+0000][7][gc,age      ] GC(203) - age  14:         24 bytes,    2102808 total
[2024-02-24T01:24:23.260+0000][7][gc,heap     ] GC(203) Eden regions: 152->0(152)
[2024-02-24T01:24:23.260+0000][7][gc,heap     ] GC(203) Survivor regions: 1->1(20)
[2024-02-24T01:24:23.260+0000][7][gc,heap     ] GC(203) Old regions: 25->25
[2024-02-24T01:24:23.260+0000][7][gc,heap     ] GC(203) Archive regions: 2->2
[2024-02-24T01:24:23.260+0000][7][gc,heap     ] GC(203) Humongous regions: 0->0
[2024-02-24T01:24:23.260+0000][7][gc,metaspace] GC(203) Metaspace: 128793K(132416K)->128793K(132416K) NonClass: 111945K(113856K)->111945K(113856K) Class: 16847K(18560K)->16847K(18560K)
[2024-02-24T01:24:23.260+0000][7][gc          ] GC(203) Pause Young (Normal) (G1 Evacuation Pause) 710M->102M(1024M) 2.955ms
[2024-02-24T01:24:23.260+0000][7][gc,cpu      ] GC(203) User=0.02s Sys=0.00s Real=0.01s
[2024-02-24T01:24:23.260+0000][7][safepoint   ] Safepoint "G1CollectForAllocation", Time since last: 198021526436 ns, Reaching safepoint: 67425 ns, At safepoint: 3049869 ns, Total: 3117294 ns
[2024-02-24T01:27:23.521+0000][7][gc,start    ] GC(204) Pause Young (Normal) (G1 Evacuation Pause)
[2024-02-24T01:27:23.521+0000][7][gc,task     ] GC(204) Using 8 workers of 8 for evacuation
[2024-02-24T01:27:23.521+0000][7][gc,age      ] GC(204) Desired survivor size 41943040 bytes, new threshold 15 (max threshold 15)
[2024-02-24T01:27:23.523+0000][7][gc,phases   ] GC(204)   Pre Evacuate Collection Set: 0.1ms
[2024-02-24T01:27:23.523+0000][7][gc,phases   ] GC(204)   Merge Heap Roots: 0.1ms
[2024-02-24T01:27:23.523+0000][7][gc,phases   ] GC(204)   Evacuate Collection Set: 1.5ms
[2024-02-24T01:27:23.523+0000][7][gc,phases   ] GC(204)   Post Evacuate Collection Set: 0.7ms
[2024-02-24T01:27:23.523+0000][7][gc,phases   ] GC(204)   Other: 0.1ms
[2024-02-24T01:27:23.523+0000][7][gc,age      ] GC(204) Age table with threshold 15 (max threshold 15)
[2024-02-24T01:27:23.523+0000][7][gc,age      ] GC(204) - age   1:    1402400 bytes,    1402400 total
[2024-02-24T01:27:23.523+0000][7][gc,age      ] GC(204) - age   2:       6616 bytes,    1409016 total
[2024-02-24T01:27:23.523+0000][7][gc,age      ] GC(204) - age   3:        872 bytes,    1409888 total
[2024-02-24T01:27:23.523+0000][7][gc,age      ] GC(204) - age   4:        432 bytes,    1410320 total
[2024-02-24T01:27:23.523+0000][7][gc,age      ] GC(204) - age   5:      42856 bytes,    1453176 total
[2024-02-24T01:27:23.523+0000][7][gc,age      ] GC(204) - age   6:     320088 bytes,    1773264 total
[2024-02-24T01:27:23.523+0000][7][gc,age      ] GC(204) - age   8:     115728 bytes,    1888992 total
[2024-02-24T01:27:23.523+0000][7][gc,age      ] GC(204) - age  11:        152 bytes,    1889144 total
[2024-02-24T01:27:23.523+0000][7][gc,age      ] GC(204) - age  12:         24 bytes,    1889168 total
[2024-02-24T01:27:23.523+0000][7][gc,age      ] GC(204) - age  14:        152 bytes,    1889320 total
[2024-02-24T01:27:23.523+0000][7][gc,age      ] GC(204) - age  15:         24 bytes,    1889344 total
[2024-02-24T01:27:23.523+0000][7][gc,heap     ] GC(204) Eden regions: 152->0(152)
[2024-02-24T01:27:23.523+0000][7][gc,heap     ] GC(204) Survivor regions: 1->1(20)
[2024-02-24T01:27:23.523+0000][7][gc,heap     ] GC(204) Old regions: 25->25
[2024-02-24T01:27:23.523+0000][7][gc,heap     ] GC(204) Archive regions: 2->2
[2024-02-24T01:27:23.523+0000][7][gc,heap     ] GC(204) Humongous regions: 0->0
[2024-02-24T01:27:23.523+0000][7][gc,metaspace] GC(204) Metaspace: 128794K(132416K)->128794K(132416K) NonClass: 111947K(113856K)->111947K(113856K) Class: 16847K(18560K)->16847K(18560K)
[2024-02-24T01:27:23.523+0000][7][gc          ] GC(204) Pause Young (Normal) (G1 Evacuation Pause) 710M->102M(1024M) 2.868ms
[2024-02-24T01:27:23.523+0000][7][gc,cpu      ] GC(204) User=0.01s Sys=0.00s Real=0.00s
[2024-02-24T01:27:23.523+0000][7][safepoint   ] Safepoint "G1CollectForAllocation", Time since last: 180260427361 ns, Reaching safepoint: 43987 ns, At safepoint: 2967082 ns, Total: 3011069 ns
[2024-02-24T01:30:25.549+0000][7][safepoint   ] Safepoint "Cleanup", Time since last: 182025129116 ns, Reaching safepoint: 111908 ns, At safepoint: 12757 ns, Total: 124665 ns
[2024-02-24T01:30:35.951+0000][7][gc,start    ] GC(205) Pause Young (Normal) (G1 Evacuation Pause)
[2024-02-24T01:30:35.952+0000][7][gc,task     ] GC(205) Using 8 workers of 8 for evacuation
[2024-02-24T01:30:35.952+0000][7][gc,age      ] GC(205) Desired survivor size 41943040 bytes, new threshold 15 (max threshold 15)
[2024-02-24T01:30:35.955+0000][7][gc,phases   ] GC(205)   Pre Evacuate Collection Set: 0.1ms
[2024-02-24T01:30:35.955+0000][7][gc,phases   ] GC(205)   Merge Heap Roots: 0.1ms
[2024-02-24T01:30:35.955+0000][7][gc,phases   ] GC(205)   Evacuate Collection Set: 1.9ms
[2024-02-24T01:30:35.955+0000][7][gc,phases   ] GC(205)   Post Evacuate Collection Set: 1.0ms
[2024-02-24T01:30:35.955+0000][7][gc,phases   ] GC(205)   Other: 0.1ms
[2024-02-24T01:30:35.955+0000][7][gc,age      ] GC(205) Age table with threshold 15 (max threshold 15)
[2024-02-24T01:30:35.955+0000][7][gc,age      ] GC(205) - age   1:    1776584 bytes,    1776584 total
[2024-02-24T01:30:35.955+0000][7][gc,age      ] GC(205) - age   2:       4008 bytes,    1780592 total
[2024-02-24T01:30:35.955+0000][7][gc,age      ] GC(205) - age   3:       3768 bytes,    1784360 total
[2024-02-24T01:30:35.955+0000][7][gc,age      ] GC(205) - age   4:        576 bytes,    1784936 total
[2024-02-24T01:30:35.955+0000][7][gc,age      ] GC(205) - age   5:        432 bytes,    1785368 total
[2024-02-24T01:30:35.955+0000][7][gc,age      ] GC(205) - age   6:      42856 bytes,    1828224 total
[2024-02-24T01:30:35.955+0000][7][gc,age      ] GC(205) - age   7:     320088 bytes,    2148312 total
[2024-02-24T01:30:35.955+0000][7][gc,age      ] GC(205) - age   9:     115728 bytes,    2264040 total
[2024-02-24T01:30:35.955+0000][7][gc,age      ] GC(205) - age  12:        152 bytes,    2264192 total
[2024-02-24T01:30:35.955+0000][7][gc,age      ] GC(205) - age  13:         24 bytes,    2264216 total
[2024-02-24T01:30:35.955+0000][7][gc,age      ] GC(205) - age  15:        152 bytes,    2264368 total
[2024-02-24T01:30:35.955+0000][7][gc,heap     ] GC(205) Eden regions: 152->0(152)
[2024-02-24T01:30:35.955+0000][7][gc,heap     ] GC(205) Survivor regions: 1->1(20)
[2024-02-24T01:30:35.955+0000][7][gc,heap     ] GC(205) Old regions: 25->25
[2024-02-24T01:30:35.955+0000][7][gc,heap     ] GC(205) Archive regions: 2->2
[2024-02-24T01:30:35.955+0000][7][gc,heap     ] GC(205) Humongous regions: 0->0
[2024-02-24T01:30:35.955+0000][7][gc,metaspace] GC(205) Metaspace: 128794K(132416K)->128794K(132416K) NonClass: 111947K(113856K)->111947K(113856K) Class: 16847K(18560K)->16847K(18560K)
[2024-02-24T01:30:35.955+0000][7][gc          ] GC(205) Pause Young (Normal) (G1 Evacuation Pause) 710M->102M(1024M) 3.584ms
[2024-02-24T01:30:35.955+0000][7][gc,cpu      ] GC(205) User=0.01s Sys=0.00s Real=0.00s
[2024-02-24T01:30:35.955+0000][7][safepoint   ] Safepoint "G1CollectForAllocation", Time since last: 10402622814 ns, Reaching safepoint: 58669 ns, At safepoint: 3687428 ns, Total: 3746097 ns
[2024-02-24T01:31:25.962+0000][7][safepoint   ] Safepoint "Cleanup", Time since last: 50006631835 ns, Reaching safepoint: 148713 ns, At safepoint: 25782 ns, Total: 174495 ns
[2024-02-24T01:32:43.408+0000][7][safepoint   ] Safepoint "Cleanup", Time since last: 77445557656 ns, Reaching safepoint: 84178 ns, At safepoint: 4993 ns, Total: 89171 ns
[2024-02-24T01:33:12.412+0000][7][safepoint   ] Safepoint "Cleanup", Time since last: 29003903697 ns, Reaching safepoint: 54719 ns, At safepoint: 30858 ns, Total: 85577 ns
[2024-02-24T01:33:47.501+0000][7][gc,start    ] GC(206) Pause Young (Normal) (G1 Evacuation Pause)
[2024-02-24T01:33:47.501+0000][7][gc,task     ] GC(206) Using 8 workers of 8 for evacuation
[2024-02-24T01:33:47.501+0000][7][gc,age      ] GC(206) Desired survivor size 41943040 bytes, new threshold 15 (max threshold 15)
[2024-02-24T01:33:47.504+0000][7][gc,phases   ] GC(206)   Pre Evacuate Collection Set: 0.1ms
[2024-02-24T01:33:47.504+0000][7][gc,phases   ] GC(206)   Merge Heap Roots: 0.1ms
[2024-02-24T01:33:47.504+0000][7][gc,phases   ] GC(206)   Evacuate Collection Set: 2.1ms
[2024-02-24T01:33:47.504+0000][7][gc,phases   ] GC(206)   Post Evacuate Collection Set: 0.7ms
[2024-02-24T01:33:47.504+0000][7][gc,phases   ] GC(206)   Other: 0.1ms
[2024-02-24T01:33:47.504+0000][7][gc,age      ] GC(206) Age table with threshold 15 (max threshold 15)
[2024-02-24T01:33:47.504+0000][7][gc,age      ] GC(206) - age   1:    1874904 bytes,    1874904 total
[2024-02-24T01:33:47.504+0000][7][gc,age      ] GC(206) - age   2:       3000 bytes,    1877904 total
[2024-02-24T01:33:47.504+0000][7][gc,age      ] GC(206) - age   3:       1288 bytes,    1879192 total
[2024-02-24T01:33:47.504+0000][7][gc,age      ] GC(206) - age   4:        184 bytes,    1879376 total
[2024-02-24T01:33:47.504+0000][7][gc,age      ] GC(206) - age   5:        184 bytes,    1879560 total
[2024-02-24T01:33:47.504+0000][7][gc,age      ] GC(206) - age   6:        432 bytes,    1879992 total
[2024-02-24T01:33:47.504+0000][7][gc,age      ] GC(206) - age   7:      42856 bytes,    1922848 total
[2024-02-24T01:33:47.504+0000][7][gc,age      ] GC(206) - age   8:     319904 bytes,    2242752 total
[2024-02-24T01:33:47.504+0000][7][gc,age      ] GC(206) - age  10:     115728 bytes,    2358480 total
[2024-02-24T01:33:47.504+0000][7][gc,age      ] GC(206) - age  13:        152 bytes,    2358632 total
[2024-02-24T01:33:47.504+0000][7][gc,age      ] GC(206) - age  14:         24 bytes,    2358656 total
[2024-02-24T01:33:47.504+0000][7][gc,heap     ] GC(206) Eden regions: 152->0(152)
[2024-02-24T01:33:47.504+0000][7][gc,heap     ] GC(206) Survivor regions: 1->1(20)
[2024-02-24T01:33:47.504+0000][7][gc,heap     ] GC(206) Old regions: 25->25
[2024-02-24T01:33:47.504+0000][7][gc,heap     ] GC(206) Archive regions: 2->2
[2024-02-24T01:33:47.504+0000][7][gc,heap     ] GC(206) Humongous regions: 0->0
[2024-02-24T01:33:47.504+0000][7][gc,metaspace] GC(206) Metaspace: 128794K(132416K)->128794K(132416K) NonClass: 111947K(113856K)->111947K(113856K) Class: 16847K(18560K)->16847K(18560K)
[2024-02-24T01:33:47.504+0000][7][gc          ] GC(206) Pause Young (Normal) (G1 Evacuation Pause) 710M->103M(1024M) 3.427ms
[2024-02-24T01:33:47.504+0000][7][gc,cpu      ] GC(206) User=0.02s Sys=0.00s Real=0.00s
[2024-02-24T01:33:47.504+0000][7][safepoint   ] Safepoint "G1CollectForAllocation", Time since last: 35089141095 ns, Reaching safepoint: 47981 ns, At safepoint: 3520766 ns, Total: 3568747 ns
[2024-02-24T01:34:19.510+0000][7][safepoint   ] Safepoint "Cleanup", Time since last: 32005409704 ns, Reaching safepoint: 98500 ns, At safepoint: 49038 ns, Total: 147538 ns
[2024-02-24T01:35:34.520+0000][7][safepoint   ] Safepoint "Cleanup", Time since last: 75009907649 ns, Reaching safepoint: 128168 ns, At safepoint: 16077 ns, Total: 144245 ns
[2024-02-24T01:37:05.303+0000][7][gc,start    ] GC(207) Pause Young (Normal) (G1 Evacuation Pause)
[2024-02-24T01:37:05.303+0000][7][gc,task     ] GC(207) Using 8 workers of 8 for evacuation
[2024-02-24T01:37:05.303+0000][7][gc,age      ] GC(207) Desired survivor size 41943040 bytes, new threshold 15 (max threshold 15)
[2024-02-24T01:37:05.305+0000][7][gc,phases   ] GC(207)   Pre Evacuate Collection Set: 0.1ms
[2024-02-24T01:37:05.305+0000][7][gc,phases   ] GC(207)   Merge Heap Roots: 0.1ms
[2024-02-24T01:37:05.305+0000][7][gc,phases   ] GC(207)   Evacuate Collection Set: 1.2ms
[2024-02-24T01:37:05.305+0000][7][gc,phases   ] GC(207)   Post Evacuate Collection Set: 0.5ms
[2024-02-24T01:37:05.305+0000][7][gc,phases   ] GC(207)   Other: 0.1ms
[2024-02-24T01:37:05.305+0000][7][gc,age      ] GC(207) Age table with threshold 15 (max threshold 15)
[2024-02-24T01:37:05.305+0000][7][gc,age      ] GC(207) - age   1:    1112984 bytes,    1112984 total
[2024-02-24T01:37:05.305+0000][7][gc,age      ] GC(207) - age   2:       6616 bytes,    1119600 total
[2024-02-24T01:37:05.305+0000][7][gc,age      ] GC(207) - age   3:        728 bytes,    1120328 total
[2024-02-24T01:37:05.305+0000][7][gc,age      ] GC(207) - age   4:        536 bytes,    1120864 total
[2024-02-24T01:37:05.305+0000][7][gc,age      ] GC(207) - age   5:        184 bytes,    1121048 total
[2024-02-24T01:37:05.305+0000][7][gc,age      ] GC(207) - age   6:        184 bytes,    1121232 total
[2024-02-24T01:37:05.305+0000][7][gc,age      ] GC(207) - age   7:         16 bytes,    1121248 total
[2024-02-24T01:37:05.305+0000][7][gc,age      ] GC(207) - age   8:      42856 bytes,    1164104 total
[2024-02-24T01:37:05.305+0000][7][gc,age      ] GC(207) - age   9:     319904 bytes,    1484008 total
[2024-02-24T01:37:05.305+0000][7][gc,age      ] GC(207) - age  11:     115728 bytes,    1599736 total
[2024-02-24T01:37:05.305+0000][7][gc,age      ] GC(207) - age  14:        152 bytes,    1599888 total
[2024-02-24T01:37:05.305+0000][7][gc,age      ] GC(207) - age  15:         24 bytes,    1599912 total
[2024-02-24T01:37:05.305+0000][7][gc,heap     ] GC(207) Eden regions: 152->0(152)
[2024-02-24T01:37:05.305+0000][7][gc,heap     ] GC(207) Survivor regions: 1->1(20)
[2024-02-24T01:37:05.305+0000][7][gc,heap     ] GC(207) Old regions: 25->25
[2024-02-24T01:37:05.305+0000][7][gc,heap     ] GC(207) Archive regions: 2->2
[2024-02-24T01:37:05.305+0000][7][gc,heap     ] GC(207) Humongous regions: 0->0
[2024-02-24T01:37:05.305+0000][7][gc,metaspace] GC(207) Metaspace: 128794K(132416K)->128794K(132416K) NonClass: 111947K(113856K)->111947K(113856K) Class: 16847K(18560K)->16847K(18560K)
[2024-02-24T01:37:05.305+0000][7][gc          ] GC(207) Pause Young (Normal) (G1 Evacuation Pause) 711M->102M(1024M) 2.122ms
[2024-02-24T01:37:05.305+0000][7][gc,cpu      ] GC(207) User=0.01s Sys=0.00s Real=0.00s
[2024-02-24T01:37:05.305+0000][7][safepoint   ] Safepoint "G1CollectForAllocation", Time since last: 90782873480 ns, Reaching safepoint: 52583 ns, At safepoint: 2192152 ns, Total: 2244735 ns
[2024-02-24T01:39:30.321+0000][7][safepoint   ] Safepoint "Cleanup", Time since last: 145016100659 ns, Reaching safepoint: 71017 ns, At safepoint: 38070 ns, Total: 109087 ns
[2024-02-24T01:40:17.323+0000][7][gc,start    ] GC(208) Pause Young (Normal) (G1 Evacuation Pause)
[2024-02-24T01:40:17.323+0000][7][gc,task     ] GC(208) Using 8 workers of 8 for evacuation
[2024-02-24T01:40:17.323+0000][7][gc,age      ] GC(208) Desired survivor size 41943040 bytes, new threshold 15 (max threshold 15)
[2024-02-24T01:40:17.326+0000][7][gc,phases   ] GC(208)   Pre Evacuate Collection Set: 0.1ms
[2024-02-24T01:40:17.326+0000][7][gc,phases   ] GC(208)   Merge Heap Roots: 0.1ms
[2024-02-24T01:40:17.326+0000][7][gc,phases   ] GC(208)   Evacuate Collection Set: 1.9ms
[2024-02-24T01:40:17.326+0000][7][gc,phases   ] GC(208)   Post Evacuate Collection Set: 0.9ms
[2024-02-24T01:40:17.326+0000][7][gc,phases   ] GC(208)   Other: 0.1ms
[2024-02-24T01:40:17.326+0000][7][gc,age      ] GC(208) Age table with threshold 15 (max threshold 15)
[2024-02-24T01:40:17.326+0000][7][gc,age      ] GC(208) - age   1:    1832368 bytes,    1832368 total
[2024-02-24T01:40:17.326+0000][7][gc,age      ] GC(208) - age   2:       3456 bytes,    1835824 total
[2024-02-24T01:40:17.326+0000][7][gc,age      ] GC(208) - age   3:       4384 bytes,    1840208 total
[2024-02-24T01:40:17.326+0000][7][gc,age      ] GC(208) - age   4:        408 bytes,    1840616 total
[2024-02-24T01:40:17.326+0000][7][gc,age      ] GC(208) - age   5:         32 bytes,    1840648 total
[2024-02-24T01:40:17.326+0000][7][gc,age      ] GC(208) - age   6:        184 bytes,    1840832 total
[2024-02-24T01:40:17.326+0000][7][gc,age      ] GC(208) - age   7:        184 bytes,    1841016 total
[2024-02-24T01:40:17.326+0000][7][gc,age      ] GC(208) - age   8:         16 bytes,    1841032 total
[2024-02-24T01:40:17.326+0000][7][gc,age      ] GC(208) - age   9:      42856 bytes,    1883888 total
[2024-02-24T01:40:17.326+0000][7][gc,age      ] GC(208) - age  10:     319904 bytes,    2203792 total
[2024-02-24T01:40:17.326+0000][7][gc,age      ] GC(208) - age  12:     115728 bytes,    2319520 total
[2024-02-24T01:40:17.326+0000][7][gc,age      ] GC(208) - age  15:        152 bytes,    2319672 total
[2024-02-24T01:40:17.326+0000][7][gc,heap     ] GC(208) Eden regions: 152->0(152)
[2024-02-24T01:40:17.326+0000][7][gc,heap     ] GC(208) Survivor regions: 1->1(20)
[2024-02-24T01:40:17.326+0000][7][gc,heap     ] GC(208) Old regions: 25->25
[2024-02-24T01:40:17.326+0000][7][gc,heap     ] GC(208) Archive regions: 2->2
[2024-02-24T01:40:17.326+0000][7][gc,heap     ] GC(208) Humongous regions: 0->0
[2024-02-24T01:40:17.326+0000][7][gc,metaspace] GC(208) Metaspace: 128797K(132416K)->128797K(132416K) NonClass: 111949K(113856K)->111949K(113856K) Class: 16847K(18560K)->16847K(18560K)
[2024-02-24T01:40:17.326+0000][7][gc          ] GC(208) Pause Young (Normal) (G1 Evacuation Pause) 710M->102M(1024M) 3.313ms
[2024-02-24T01:40:17.326+0000][7][gc,cpu      ] GC(208) User=0.02s Sys=0.00s Real=0.00s
[2024-02-24T01:40:17.326+0000][7][safepoint   ] Safepoint "G1CollectForAllocation", Time since last: 47001692159 ns, Reaching safepoint: 42124 ns, At safepoint: 3411718 ns, Total: 3453842 ns
[2024-02-24T01:40:18.327+0000][7][safepoint   ] Safepoint "Cleanup", Time since last: 1000111586 ns, Reaching safepoint: 78518 ns, At safepoint: 11061 ns, Total: 89579 ns
[2024-02-24T01:42:06.339+0000][7][safepoint   ] Safepoint "Cleanup", Time since last: 108012628001 ns, Reaching safepoint: 86660 ns, At safepoint: 8370 ns, Total: 95030 ns
[2024-02-24T01:43:23.440+0000][7][gc,start    ] GC(209) Pause Young (Normal) (G1 Evacuation Pause)
[2024-02-24T01:43:23.440+0000][7][gc,task     ] GC(209) Using 8 workers of 8 for evacuation
[2024-02-24T01:43:23.440+0000][7][gc,age      ] GC(209) Desired survivor size 41943040 bytes, new threshold 15 (max threshold 15)
[2024-02-24T01:43:23.442+0000][7][gc,phases   ] GC(209)   Pre Evacuate Collection Set: 0.1ms
[2024-02-24T01:43:23.442+0000][7][gc,phases   ] GC(209)   Merge Heap Roots: 0.0ms
[2024-02-24T01:43:23.442+0000][7][gc,phases   ] GC(209)   Evacuate Collection Set: 1.1ms
[2024-02-24T01:43:23.442+0000][7][gc,phases   ] GC(209)   Post Evacuate Collection Set: 0.6ms
[2024-02-24T01:43:23.442+0000][7][gc,phases   ] GC(209)   Other: 0.1ms
[2024-02-24T01:43:23.442+0000][7][gc,age      ] GC(209) Age table with threshold 15 (max threshold 15)
[2024-02-24T01:43:23.442+0000][7][gc,age      ] GC(209) - age   1:    1591096 bytes,    1591096 total
[2024-02-24T01:43:23.442+0000][7][gc,age      ] GC(209) - age   2:       2616 bytes,    1593712 total
[2024-02-24T01:43:23.442+0000][7][gc,age      ] GC(209) - age   3:       1192 bytes,    1594904 total
[2024-02-24T01:43:23.442+0000][7][gc,age      ] GC(209) - age   4:        672 bytes,    1595576 total
[2024-02-24T01:43:23.442+0000][7][gc,age      ] GC(209) - age   5:        152 bytes,    1595728 total
[2024-02-24T01:43:23.442+0000][7][gc,age      ] GC(209) - age   6:         32 bytes,    1595760 total
[2024-02-24T01:43:23.442+0000][7][gc,age      ] GC(209) - age   7:        184 bytes,    1595944 total
[2024-02-24T01:43:23.442+0000][7][gc,age      ] GC(209) - age   8:        184 bytes,    1596128 total
[2024-02-24T01:43:23.442+0000][7][gc,age      ] GC(209) - age   9:         16 bytes,    1596144 total
[2024-02-24T01:43:23.442+0000][7][gc,age      ] GC(209) - age  10:      42856 bytes,    1639000 total
[2024-02-24T01:43:23.442+0000][7][gc,age      ] GC(209) - age  11:     319904 bytes,    1958904 total
[2024-02-24T01:43:23.442+0000][7][gc,age      ] GC(209) - age  13:     115728 bytes,    2074632 total
[2024-02-24T01:43:23.442+0000][7][gc,heap     ] GC(209) Eden regions: 152->0(152)
[2024-02-24T01:43:23.442+0000][7][gc,heap     ] GC(209) Survivor regions: 1->1(20)
[2024-02-24T01:43:23.442+0000][7][gc,heap     ] GC(209) Old regions: 25->25
[2024-02-24T01:43:23.442+0000][7][gc,heap     ] GC(209) Archive regions: 2->2
[2024-02-24T01:43:23.442+0000][7][gc,heap     ] GC(209) Humongous regions: 0->0
[2024-02-24T01:43:23.442+0000][7][gc,metaspace] GC(209) Metaspace: 128801K(132416K)->128801K(132416K) NonClass: 111954K(113856K)->111954K(113856K) Class: 16847K(18560K)->16847K(18560K)
[2024-02-24T01:43:23.443+0000][7][gc          ] GC(209) Pause Young (Normal) (G1 Evacuation Pause) 710M->102M(1024M) 2.247ms
[2024-02-24T01:43:23.443+0000][7][gc,cpu      ] GC(209) User=0.01s Sys=0.00s Real=0.00s
[2024-02-24T01:43:23.443+0000][7][safepoint   ] Safepoint "G1CollectForAllocation", Time since last: 77100960089 ns, Reaching safepoint: 32753 ns, At safepoint: 2320161 ns, Total: 2352914 ns
[2024-02-24T01:43:25.443+0000][7][safepoint   ] Safepoint "Cleanup", Time since last: 2000191105 ns, Reaching safepoint: 87232 ns, At safepoint: 9590 ns, Total: 96822 ns
[2024-02-24T14:23:10.141+0000][7][safepoint   ] Safepoint "Cleanup", Time since last: 104230999229 ns, Reaching safepoint: 75286 ns, At safepoint: 10001 ns, Total: 85287 ns
[2024-02-24T14:23:14.141+0000][7][safepoint   ] Safepoint "Cleanup", Time since last: 4000329056 ns, Reaching safepoint: 66743 ns, At safepoint: 3885 ns, Total: 70628 ns
[2024-02-24T14:23:26.142+0000][7][safepoint   ] Safepoint "Cleanup", Time since last: 12001005684 ns, Reaching safepoint: 67575 ns, At safepoint: 10500 ns, Total: 78075 ns
[2024-02-24T14:24:14.293+0000][7][gc,start    ] GC(210) Pause Young (Normal) (G1 Evacuation Pause)
[2024-02-24T14:24:14.293+0000][7][gc,task     ] GC(210) Using 8 workers of 8 for evacuation
[2024-02-24T14:24:14.293+0000][7][gc,age      ] GC(210) Desired survivor size 41943040 bytes, new threshold 15 (max threshold 15)
[2024-02-24T14:24:14.295+0000][7][gc,phases   ] GC(210)   Pre Evacuate Collection Set: 0.1ms
[2024-02-24T14:24:14.295+0000][7][gc,phases   ] GC(210)   Merge Heap Roots: 0.1ms
[2024-02-24T14:24:14.295+0000][7][gc,phases   ] GC(210)   Evacuate Collection Set: 1.4ms
[2024-02-24T14:24:14.295+0000][7][gc,phases   ] GC(210)   Post Evacuate Collection Set: 0.6ms
[2024-02-24T14:24:14.295+0000][7][gc,phases   ] GC(210)   Other: 0.1ms
[2024-02-24T14:24:14.295+0000][7][gc,age      ] GC(210) Age table with threshold 15 (max threshold 15)
[2024-02-24T14:24:14.295+0000][7][gc,age      ] GC(210) - age   1:    2426232 bytes,    2426232 total
[2024-02-24T14:24:14.295+0000][7][gc,age      ] GC(210) - age   2:       5392 bytes,    2431624 total
[2024-02-24T14:24:14.295+0000][7][gc,age      ] GC(210) - age   3:        248 bytes,    2431872 total
[2024-02-24T14:24:14.295+0000][7][gc,age      ] GC(210) - age   4:        384 bytes,    2432256 total
[2024-02-24T14:24:14.295+0000][7][gc,age      ] GC(210) - age   5:        576 bytes,    2432832 total
[2024-02-24T14:24:14.295+0000][7][gc,age      ] GC(210) - age   6:         24 bytes,    2432856 total
[2024-02-24T14:24:14.295+0000][7][gc,age      ] GC(210) - age   8:        184 bytes,    2433040 total
[2024-02-24T14:24:14.295+0000][7][gc,age      ] GC(210) - age   9:        184 bytes,    2433224 total
[2024-02-24T14:24:14.295+0000][7][gc,age      ] GC(210) - age  11:         88 bytes,    2433312 total
[2024-02-24T14:24:14.295+0000][7][gc,age      ] GC(210) - age  12:     163168 bytes,    2596480 total
[2024-02-24T14:24:14.295+0000][7][gc,age      ] GC(210) - age  14:     112760 bytes,    2709240 total
[2024-02-24T14:24:14.295+0000][7][gc,heap     ] GC(210) Eden regions: 152->0(152)
[2024-02-24T14:24:14.295+0000][7][gc,heap     ] GC(210) Survivor regions: 1->1(20)
[2024-02-24T14:24:14.295+0000][7][gc,heap     ] GC(210) Old regions: 25->25
[2024-02-24T14:24:14.295+0000][7][gc,heap     ] GC(210) Archive regions: 2->2
[2024-02-24T14:24:14.295+0000][7][gc,heap     ] GC(210) Humongous regions: 0->0
[2024-02-24T14:24:14.295+0000][7][gc,metaspace] GC(210) Metaspace: 128838K(132416K)->128838K(132416K) NonClass: 111991K(113856K)->111991K(113856K) Class: 16847K(18560K)->16847K(18560K)
[2024-02-24T14:24:14.295+0000][7][gc          ] GC(210) Pause Young (Normal) (G1 Evacuation Pause) 710M->103M(1024M) 2.410ms
[2024-02-24T14:24:14.295+0000][7][gc,cpu      ] GC(210) User=0.01s Sys=0.00s Real=0.00s
[2024-02-24T14:24:14.295+0000][7][safepoint   ] Safepoint "G1CollectForAllocation", Time since last: 48150377377 ns, Reaching safepoint: 41668 ns, At safepoint: 2475595 ns, Total: 2517263 ns
[2024-02-24T14:27:25.859+0000][7][gc,start    ] GC(211) Pause Young (Normal) (G1 Evacuation Pause)
[2024-02-24T14:27:25.859+0000][7][gc,task     ] GC(211) Using 8 workers of 8 for evacuation
[2024-02-24T14:27:25.859+0000][7][gc,age      ] GC(211) Desired survivor size 41943040 bytes, new threshold 15 (max threshold 15)
[2024-02-24T14:27:25.864+0000][7][gc,phases   ] GC(211)   Pre Evacuate Collection Set: 0.2ms
[2024-02-24T14:27:25.864+0000][7][gc,phases   ] GC(211)   Merge Heap Roots: 0.1ms
[2024-02-24T14:27:25.864+0000][7][gc,phases   ] GC(211)   Evacuate Collection Set: 3.3ms
[2024-02-24T14:27:25.864+0000][7][gc,phases   ] GC(211)   Post Evacuate Collection Set: 0.9ms
[2024-02-24T14:27:25.864+0000][7][gc,phases   ] GC(211)   Other: 0.1ms
[2024-02-24T14:27:25.864+0000][7][gc,age      ] GC(211) Age table with threshold 15 (max threshold 15)
[2024-02-24T14:27:25.864+0000][7][gc,age      ] GC(211) - age   1:    1163968 bytes,    1163968 total
[2024-02-24T14:27:25.864+0000][7][gc,age      ] GC(211) - age   2:     637496 bytes,    1801464 total
[2024-02-24T14:27:25.864+0000][7][gc,age      ] GC(211) - age   3:       3608 bytes,    1805072 total
[2024-02-24T14:27:25.864+0000][7][gc,age      ] GC(211) - age   4:        184 bytes,    1805256 total
[2024-02-24T14:27:25.864+0000][7][gc,age      ] GC(211) - age   5:        384 bytes,    1805640 total
[2024-02-24T14:27:25.864+0000][7][gc,age      ] GC(211) - age   6:        184 bytes,    1805824 total
[2024-02-24T14:27:25.864+0000][7][gc,age      ] GC(211) - age   7:         24 bytes,    1805848 total
[2024-02-24T14:27:25.864+0000][7][gc,age      ] GC(211) - age  10:        184 bytes,    1806032 total
[2024-02-24T14:27:25.864+0000][7][gc,age      ] GC(211) - age  12:         24 bytes,    1806056 total
[2024-02-24T14:27:25.864+0000][7][gc,age      ] GC(211) - age  13:     162976 bytes,    1969032 total
[2024-02-24T14:27:25.864+0000][7][gc,age      ] GC(211) - age  15:     112760 bytes,    2081792 total
[2024-02-24T14:27:25.864+0000][7][gc,heap     ] GC(211) Eden regions: 152->0(152)
[2024-02-24T14:27:25.864+0000][7][gc,heap     ] GC(211) Survivor regions: 1->1(20)
[2024-02-24T14:27:25.864+0000][7][gc,heap     ] GC(211) Old regions: 25->25
[2024-02-24T14:27:25.864+0000][7][gc,heap     ] GC(211) Archive regions: 2->2
[2024-02-24T14:27:25.864+0000][7][gc,heap     ] GC(211) Humongous regions: 0->0
[2024-02-24T14:27:25.864+0000][7][gc,metaspace] GC(211) Metaspace: 128838K(132416K)->128838K(132416K) NonClass: 111991K(113856K)->111991K(113856K) Class: 16847K(18560K)->16847K(18560K)
[2024-02-24T14:27:25.864+0000][7][gc          ] GC(211) Pause Young (Normal) (G1 Evacuation Pause) 711M->102M(1024M) 4.920ms
[2024-02-24T14:27:25.864+0000][7][gc,cpu      ] GC(211) User=0.02s Sys=0.00s Real=0.00s
[2024-02-24T14:27:25.864+0000][7][safepoint   ] Safepoint "G1CollectForAllocation", Time since last: 191563471522 ns, Reaching safepoint: 81270 ns, At safepoint: 5030556 ns, Total: 5111826 ns
[2024-02-24T14:30:31.312+0000][7][gc,start    ] GC(212) Pause Young (Normal) (G1 Evacuation Pause)
[2024-02-24T14:30:31.312+0000][7][gc,task     ] GC(212) Using 8 workers of 8 for evacuation
[2024-02-24T14:30:31.312+0000][7][gc,age      ] GC(212) Desired survivor size 41943040 bytes, new threshold 15 (max threshold 15)
[2024-02-24T14:30:31.314+0000][7][gc,phases   ] GC(212)   Pre Evacuate Collection Set: 0.1ms
[2024-02-24T14:30:31.315+0000][7][gc,phases   ] GC(212)   Merge Heap Roots: 0.1ms
[2024-02-24T14:30:31.315+0000][7][gc,phases   ] GC(212)   Evacuate Collection Set: 1.2ms
[2024-02-24T14:30:31.315+0000][7][gc,phases   ] GC(212)   Post Evacuate Collection Set: 0.6ms
[2024-02-24T14:30:31.315+0000][7][gc,phases   ] GC(212)   Other: 0.1ms
[2024-02-24T14:30:31.315+0000][7][gc,age      ] GC(212) Age table with threshold 15 (max threshold 15)
[2024-02-24T14:30:31.315+0000][7][gc,age      ] GC(212) - age   1:    2416336 bytes,    2416336 total
[2024-02-24T14:30:31.315+0000][7][gc,age      ] GC(212) - age   2:      12272 bytes,    2428608 total
[2024-02-24T14:30:31.315+0000][7][gc,age      ] GC(212) - age   3:     523816 bytes,    2952424 total
[2024-02-24T14:30:31.315+0000][7][gc,age      ] GC(212) - age   4:       3480 bytes,    2955904 total
[2024-02-24T14:30:31.315+0000][7][gc,age      ] GC(212) - age   5:        184 bytes,    2956088 total
[2024-02-24T14:30:31.315+0000][7][gc,age      ] GC(212) - age   6:        384 bytes,    2956472 total
[2024-02-24T14:30:31.315+0000][7][gc,age      ] GC(212) - age   7:        184 bytes,    2956656 total
[2024-02-24T14:30:31.315+0000][7][gc,age      ] GC(212) - age   8:         24 bytes,    2956680 total
[2024-02-24T14:30:31.315+0000][7][gc,age      ] GC(212) - age  11:        184 bytes,    2956864 total
[2024-02-24T14:30:31.315+0000][7][gc,age      ] GC(212) - age  13:         24 bytes,    2956888 total
[2024-02-24T14:30:31.315+0000][7][gc,age      ] GC(212) - age  14:     131360 bytes,    3088248 total
[2024-02-24T14:30:31.315+0000][7][gc,heap     ] GC(212) Eden regions: 152->0(152)
[2024-02-24T14:30:31.315+0000][7][gc,heap     ] GC(212) Survivor regions: 1->1(20)
[2024-02-24T14:30:31.315+0000][7][gc,heap     ] GC(212) Old regions: 25->25
[2024-02-24T14:30:31.315+0000][7][gc,heap     ] GC(212) Archive regions: 2->2
[2024-02-24T14:30:31.315+0000][7][gc,heap     ] GC(212) Humongous regions: 0->0
[2024-02-24T14:30:31.315+0000][7][gc,metaspace] GC(212) Metaspace: 128841K(132416K)->128841K(132416K) NonClass: 111994K(113856K)->111994K(113856K) Class: 16847K(18560K)->16847K(18560K)
[2024-02-24T14:30:31.315+0000][7][gc          ] GC(212) Pause Young (Normal) (G1 Evacuation Pause) 710M->103M(1024M) 2.222ms
[2024-02-24T14:30:31.315+0000][7][gc,cpu      ] GC(212) User=0.01s Sys=0.00s Real=0.00s
[2024-02-24T14:30:31.315+0000][7][safepoint   ] Safepoint "G1CollectForAllocation", Time since last: 185448486236 ns, Reaching safepoint: 41021 ns, At safepoint: 2288016 ns, Total: 2329037 ns
[2024-02-24T14:31:23.322+0000][7][safepoint   ] Safepoint "Cleanup", Time since last: 52007042655 ns, Reaching safepoint: 117295 ns, At safepoint: 38440 ns, Total: 155735 ns
[2024-02-24T14:33:40.249+0000][7][gc,start    ] GC(213) Pause Young (Normal) (G1 Evacuation Pause)
[2024-02-24T14:33:40.249+0000][7][gc,task     ] GC(213) Using 8 workers of 8 for evacuation
[2024-02-24T14:33:40.249+0000][7][gc,age      ] GC(213) Desired survivor size 41943040 bytes, new threshold 15 (max threshold 15)
[2024-02-24T14:33:40.251+0000][7][gc,phases   ] GC(213)   Pre Evacuate Collection Set: 0.1ms
[2024-02-24T14:33:40.251+0000][7][gc,phases   ] GC(213)   Merge Heap Roots: 0.1ms
[2024-02-24T14:33:40.251+0000][7][gc,phases   ] GC(213)   Evacuate Collection Set: 1.1ms
[2024-02-24T14:33:40.251+0000][7][gc,phases   ] GC(213)   Post Evacuate Collection Set: 0.6ms
[2024-02-24T14:33:40.251+0000][7][gc,phases   ] GC(213)   Other: 0.1ms
[2024-02-24T14:33:40.251+0000][7][gc,age      ] GC(213) Age table with threshold 15 (max threshold 15)
[2024-02-24T14:33:40.251+0000][7][gc,age      ] GC(213) - age   1:    1571384 bytes,    1571384 total
[2024-02-24T14:33:40.251+0000][7][gc,age      ] GC(213) - age   2:     193448 bytes,    1764832 total
[2024-02-24T14:33:40.251+0000][7][gc,age      ] GC(213) - age   3:       9336 bytes,    1774168 total
[2024-02-24T14:33:40.251+0000][7][gc,age      ] GC(213) - age   4:     514896 bytes,    2289064 total
[2024-02-24T14:33:40.251+0000][7][gc,age      ] GC(213) - age   5:         24 bytes,    2289088 total
[2024-02-24T14:33:40.251+0000][7][gc,age      ] GC(213) - age   6:        184 bytes,    2289272 total
[2024-02-24T14:33:40.251+0000][7][gc,age      ] GC(213) - age   8:        184 bytes,    2289456 total
[2024-02-24T14:33:40.251+0000][7][gc,age      ] GC(213) - age   9:         24 bytes,    2289480 total
[2024-02-24T14:33:40.251+0000][7][gc,age      ] GC(213) - age  14:         24 bytes,    2289504 total
[2024-02-24T14:33:40.251+0000][7][gc,age      ] GC(213) - age  15:     131360 bytes,    2420864 total
[2024-02-24T14:33:40.251+0000][7][gc,heap     ] GC(213) Eden regions: 152->0(152)
[2024-02-24T14:33:40.251+0000][7][gc,heap     ] GC(213) Survivor regions: 1->1(20)
[2024-02-24T14:33:40.251+0000][7][gc,heap     ] GC(213) Old regions: 25->25
[2024-02-24T14:33:40.251+0000][7][gc,heap     ] GC(213) Archive regions: 2->2
[2024-02-24T14:33:40.251+0000][7][gc,heap     ] GC(213) Humongous regions: 0->0
[2024-02-24T14:33:40.251+0000][7][gc,metaspace] GC(213) Metaspace: 128841K(132416K)->128841K(132416K) NonClass: 111994K(113856K)->111994K(113856K) Class: 16847K(18560K)->16847K(18560K)
[2024-02-24T14:33:40.251+0000][7][gc          ] GC(213) Pause Young (Normal) (G1 Evacuation Pause) 711M->103M(1024M) 2.145ms
[2024-02-24T14:33:40.251+0000][7][gc,cpu      ] GC(213) User=0.01s Sys=0.01s Real=0.00s
[2024-02-24T14:33:40.251+0000][7][safepoint   ] Safepoint "G1CollectForAllocation", Time since last: 136926750194 ns, Reaching safepoint: 59113 ns, At safepoint: 2213744 ns, Total: 2272857 ns
[2024-02-24T14:36:50.096+0000][7][gc,start    ] GC(214) Pause Young (Normal) (G1 Evacuation Pause)
[2024-02-24T14:36:50.096+0000][7][gc,task     ] GC(214) Using 8 workers of 8 for evacuation
[2024-02-24T14:36:50.096+0000][7][gc,age      ] GC(214) Desired survivor size 41943040 bytes, new threshold 15 (max threshold 15)
[2024-02-24T14:36:50.099+0000][7][gc,phases   ] GC(214)   Pre Evacuate Collection Set: 0.2ms
[2024-02-24T14:36:50.099+0000][7][gc,phases   ] GC(214)   Merge Heap Roots: 0.1ms
[2024-02-24T14:36:50.099+0000][7][gc,phases   ] GC(214)   Evacuate Collection Set: 1.6ms
[2024-02-24T14:36:50.099+0000][7][gc,phases   ] GC(214)   Post Evacuate Collection Set: 1.1ms
[2024-02-24T14:36:50.099+0000][7][gc,phases   ] GC(214)   Other: 0.1ms
[2024-02-24T14:36:50.099+0000][7][gc,age      ] GC(214) Age table with threshold 15 (max threshold 15)
[2024-02-24T14:36:50.099+0000][7][gc,age      ] GC(214) - age   1:     936336 bytes,     936336 total
[2024-02-24T14:36:50.099+0000][7][gc,age      ] GC(214) - age   2:      51056 bytes,     987392 total
[2024-02-24T14:36:50.099+0000][7][gc,age      ] GC(214) - age   3:     191784 bytes,    1179176 total
[2024-02-24T14:36:50.099+0000][7][gc,age      ] GC(214) - age   4:        608 bytes,    1179784 total
[2024-02-24T14:36:50.099+0000][7][gc,age      ] GC(214) - age   5:     514680 bytes,    1694464 total
[2024-02-24T14:36:50.100+0000][7][gc,age      ] GC(214) - age   6:         24 bytes,    1694488 total
[2024-02-24T14:36:50.100+0000][7][gc,age      ] GC(214) - age   7:        184 bytes,    1694672 total
[2024-02-24T14:36:50.100+0000][7][gc,age      ] GC(214) - age   9:        184 bytes,    1694856 total
[2024-02-24T14:36:50.100+0000][7][gc,age      ] GC(214) - age  10:         24 bytes,    1694880 total
[2024-02-24T14:36:50.100+0000][7][gc,age      ] GC(214) - age  15:         24 bytes,    1694904 total
[2024-02-24T14:36:50.100+0000][7][gc,heap     ] GC(214) Eden regions: 152->0(152)
[2024-02-24T14:36:50.100+0000][7][gc,heap     ] GC(214) Survivor regions: 1->1(20)
[2024-02-24T14:36:50.100+0000][7][gc,heap     ] GC(214) Old regions: 25->25
[2024-02-24T14:36:50.100+0000][7][gc,heap     ] GC(214) Archive regions: 2->2
[2024-02-24T14:36:50.100+0000][7][gc,heap     ] GC(214) Humongous regions: 0->0
[2024-02-24T14:36:50.100+0000][7][gc,metaspace] GC(214) Metaspace: 128841K(132416K)->128841K(132416K) NonClass: 111994K(113856K)->111994K(113856K) Class: 16847K(18560K)->16847K(18560K)
[2024-02-24T14:36:50.100+0000][7][gc          ] GC(214) Pause Young (Normal) (G1 Evacuation Pause) 711M->102M(1024M) 3.426ms
[2024-02-24T14:36:50.100+0000][7][gc,cpu      ] GC(214) User=0.01s Sys=0.00s Real=0.01s
[2024-02-24T14:36:50.100+0000][7][safepoint   ] Safepoint "G1CollectForAllocation", Time since last: 189845249333 ns, Reaching safepoint: 53383 ns, At safepoint: 3538755 ns, Total: 3592138 ns
[2024-02-24T14:39:26.125+0000][7][safepoint   ] Safepoint "Cleanup", Time since last: 156024995345 ns, Reaching safepoint: 111681 ns, At safepoint: 11248 ns, Total: 122929 ns
[2024-02-24T14:39:58.651+0000][7][gc,start    ] GC(215) Pause Young (Normal) (G1 Evacuation Pause)
[2024-02-24T14:39:58.651+0000][7][gc,task     ] GC(215) Using 8 workers of 8 for evacuation
[2024-02-24T14:39:58.651+0000][7][gc,age      ] GC(215) Desired survivor size 41943040 bytes, new threshold 15 (max threshold 15)
[2024-02-24T14:39:58.653+0000][7][gc,phases   ] GC(215)   Pre Evacuate Collection Set: 0.1ms
[2024-02-24T14:39:58.653+0000][7][gc,phases   ] GC(215)   Merge Heap Roots: 0.1ms
[2024-02-24T14:39:58.653+0000][7][gc,phases   ] GC(215)   Evacuate Collection Set: 1.4ms
[2024-02-24T14:39:58.653+0000][7][gc,phases   ] GC(215)   Post Evacuate Collection Set: 0.8ms
[2024-02-24T14:39:58.653+0000][7][gc,phases   ] GC(215)   Other: 0.1ms
[2024-02-24T14:39:58.653+0000][7][gc,age      ] GC(215) Age table with threshold 15 (max threshold 15)
[2024-02-24T14:39:58.653+0000][7][gc,age      ] GC(215) - age   1:    1881848 bytes,    1881848 total
[2024-02-24T14:39:58.653+0000][7][gc,age      ] GC(215) - age   2:       9944 bytes,    1891792 total
[2024-02-24T14:39:58.653+0000][7][gc,age      ] GC(215) - age   3:      48784 bytes,    1940576 total
[2024-02-24T14:39:58.653+0000][7][gc,age      ] GC(215) - age   4:     191600 bytes,    2132176 total
[2024-02-24T14:39:58.653+0000][7][gc,age      ] GC(215) - age   5:        608 bytes,    2132784 total
[2024-02-24T14:39:58.653+0000][7][gc,age      ] GC(215) - age   6:     466056 bytes,    2598840 total
[2024-02-24T14:39:58.653+0000][7][gc,age      ] GC(215) - age   7:         24 bytes,    2598864 total
[2024-02-24T14:39:58.653+0000][7][gc,age      ] GC(215) - age   8:        184 bytes,    2599048 total
[2024-02-24T14:39:58.653+0000][7][gc,age      ] GC(215) - age  10:        184 bytes,    2599232 total
[2024-02-24T14:39:58.653+0000][7][gc,age      ] GC(215) - age  11:         24 bytes,    2599256 total
[2024-02-24T14:39:58.653+0000][7][gc,heap     ] GC(215) Eden regions: 152->0(152)
[2024-02-24T14:39:58.653+0000][7][gc,heap     ] GC(215) Survivor regions: 1->1(20)
[2024-02-24T14:39:58.654+0000][7][gc,heap     ] GC(215) Old regions: 25->25
[2024-02-24T14:39:58.654+0000][7][gc,heap     ] GC(215) Archive regions: 2->2
[2024-02-24T14:39:58.654+0000][7][gc,heap     ] GC(215) Humongous regions: 0->0
[2024-02-24T14:39:58.654+0000][7][gc,metaspace] GC(215) Metaspace: 128841K(132416K)->128841K(132416K) NonClass: 111994K(113856K)->111994K(113856K) Class: 16847K(18560K)->16847K(18560K)
[2024-02-24T14:39:58.654+0000][7][gc          ] GC(215) Pause Young (Normal) (G1 Evacuation Pause) 710M->103M(1024M) 2.684ms
[2024-02-24T14:39:58.654+0000][7][gc,cpu      ] GC(215) User=0.02s Sys=0.00s Real=0.00s
[2024-02-24T14:39:58.654+0000][7][safepoint   ] Safepoint "G1CollectForAllocation", Time since last: 32525963370 ns, Reaching safepoint: 44269 ns, At safepoint: 2764932 ns, Total: 2809201 ns
[2024-02-24T14:43:10.256+0000][7][gc,start    ] GC(216) Pause Young (Normal) (G1 Evacuation Pause)
[2024-02-24T14:43:10.256+0000][7][gc,task     ] GC(216) Using 8 workers of 8 for evacuation
[2024-02-24T14:43:10.256+0000][7][gc,age      ] GC(216) Desired survivor size 41943040 bytes, new threshold 15 (max threshold 15)
[2024-02-24T14:43:10.259+0000][7][gc,phases   ] GC(216)   Pre Evacuate Collection Set: 0.1ms
[2024-02-24T14:43:10.259+0000][7][gc,phases   ] GC(216)   Merge Heap Roots: 0.1ms
[2024-02-24T14:43:10.259+0000][7][gc,phases   ] GC(216)   Evacuate Collection Set: 1.4ms
[2024-02-24T14:43:10.259+0000][7][gc,phases   ] GC(216)   Post Evacuate Collection Set: 0.7ms
[2024-02-24T14:43:10.259+0000][7][gc,phases   ] GC(216)   Other: 0.1ms
[2024-02-24T14:43:10.259+0000][7][gc,age      ] GC(216) Age table with threshold 15 (max threshold 15)
[2024-02-24T14:43:10.259+0000][7][gc,age      ] GC(216) - age   1:    1278768 bytes,    1278768 total
[2024-02-24T14:43:10.259+0000][7][gc,age      ] GC(216) - age   2:      11104 bytes,    1289872 total
[2024-02-24T14:43:10.259+0000][7][gc,age      ] GC(216) - age   3:       8736 bytes,    1298608 total
[2024-02-24T14:43:10.259+0000][7][gc,age      ] GC(216) - age   4:       3840 bytes,    1302448 total
[2024-02-24T14:43:10.259+0000][7][gc,age      ] GC(216) - age   5:      31992 bytes,    1334440 total
[2024-02-24T14:43:10.259+0000][7][gc,age      ] GC(216) - age   6:        216 bytes,    1334656 total
[2024-02-24T14:43:10.259+0000][7][gc,age      ] GC(216) - age   7:     465248 bytes,    1799904 total
[2024-02-24T14:43:10.259+0000][7][gc,age      ] GC(216) - age   8:         24 bytes,    1799928 total
[2024-02-24T14:43:10.259+0000][7][gc,age      ] GC(216) - age   9:        184 bytes,    1800112 total
[2024-02-24T14:43:10.259+0000][7][gc,age      ] GC(216) - age  11:        184 bytes,    1800296 total
[2024-02-24T14:43:10.259+0000][7][gc,age      ] GC(216) - age  12:         24 bytes,    1800320 total
[2024-02-24T14:43:10.259+0000][7][gc,heap     ] GC(216) Eden regions: 152->0(152)
[2024-02-24T14:43:10.259+0000][7][gc,heap     ] GC(216) Survivor regions: 1->1(20)
[2024-02-24T14:43:10.259+0000][7][gc,heap     ] GC(216) Old regions: 25->25
[2024-02-24T14:43:10.259+0000][7][gc,heap     ] GC(216) Archive regions: 2->2
[2024-02-24T14:43:10.259+0000][7][gc,heap     ] GC(216) Humongous regions: 0->0
[2024-02-24T14:43:10.259+0000][7][gc,metaspace] GC(216) Metaspace: 128841K(132416K)->128841K(132416K) NonClass: 111994K(113856K)->111994K(113856K) Class: 16847K(18560K)->16847K(18560K)
[2024-02-24T14:43:10.259+0000][7][gc          ] GC(216) Pause Young (Normal) (G1 Evacuation Pause) 711M->102M(1024M) 2.801ms
[2024-02-24T14:43:10.259+0000][7][gc,cpu      ] GC(216) User=0.01s Sys=0.01s Real=0.01s
[2024-02-24T14:43:10.259+0000][7][safepoint   ] Safepoint "G1CollectForAllocation", Time since last: 191602413760 ns, Reaching safepoint: 81976 ns, At safepoint: 2906383 ns, Total: 2988359 ns
[2024-02-24T21:03:51.143+0000][7][safepoint   ] Safepoint "Cleanup", Time since last: 144632423812 ns, Reaching safepoint: 104400 ns, At safepoint: 7341 ns, Total: 111741 ns
[2024-02-24T21:04:23.654+0000][7][gc,start    ] GC(217) Pause Young (Normal) (G1 Evacuation Pause)
[2024-02-24T21:04:23.654+0000][7][gc,task     ] GC(217) Using 8 workers of 8 for evacuation
[2024-02-24T21:04:23.654+0000][7][gc,age      ] GC(217) Desired survivor size 41943040 bytes, new threshold 15 (max threshold 15)
[2024-02-24T21:04:23.665+0000][7][gc,phases   ] GC(217)   Pre Evacuate Collection Set: 0.2ms
[2024-02-24T21:04:23.665+0000][7][gc,phases   ] GC(217)   Merge Heap Roots: 0.2ms
[2024-02-24T21:04:23.665+0000][7][gc,phases   ] GC(217)   Evacuate Collection Set: 7.2ms
[2024-02-24T21:04:23.665+0000][7][gc,phases   ] GC(217)   Post Evacuate Collection Set: 3.3ms
[2024-02-24T21:04:23.665+0000][7][gc,phases   ] GC(217)   Other: 0.1ms
[2024-02-24T21:04:23.665+0000][7][gc,age      ] GC(217) Age table with threshold 15 (max threshold 15)
[2024-02-24T21:04:23.665+0000][7][gc,age      ] GC(217) - age   1:     596120 bytes,     596120 total
[2024-02-24T21:04:23.665+0000][7][gc,age      ] GC(217) - age   2:     200288 bytes,     796408 total
[2024-02-24T21:04:23.665+0000][7][gc,age      ] GC(217) - age   3:       8704 bytes,     805112 total
[2024-02-24T21:04:23.665+0000][7][gc,age      ] GC(217) - age   4:       8048 bytes,     813160 total
[2024-02-24T21:04:23.665+0000][7][gc,age      ] GC(217) - age   5:       3776 bytes,     816936 total
[2024-02-24T21:04:23.665+0000][7][gc,age      ] GC(217) - age   6:      31800 bytes,     848736 total
[2024-02-24T21:04:23.665+0000][7][gc,age      ] GC(217) - age   7:        184 bytes,     848920 total
[2024-02-24T21:04:23.665+0000][7][gc,age      ] GC(217) - age   8:     461336 bytes,    1310256 total
[2024-02-24T21:04:23.665+0000][7][gc,age      ] GC(217) - age   9:         24 bytes,    1310280 total
[2024-02-24T21:04:23.665+0000][7][gc,age      ] GC(217) - age  10:        184 bytes,    1310464 total
[2024-02-24T21:04:23.665+0000][7][gc,age      ] GC(217) - age  13:         24 bytes,    1310488 total
[2024-02-24T21:04:23.665+0000][7][gc,heap     ] GC(217) Eden regions: 152->0(152)
[2024-02-24T21:04:23.665+0000][7][gc,heap     ] GC(217) Survivor regions: 1->1(20)
[2024-02-24T21:04:23.665+0000][7][gc,heap     ] GC(217) Old regions: 25->25
[2024-02-24T21:04:23.665+0000][7][gc,heap     ] GC(217) Archive regions: 2->2
[2024-02-24T21:04:23.665+0000][7][gc,heap     ] GC(217) Humongous regions: 0->0
[2024-02-24T21:04:23.665+0000][7][gc,metaspace] GC(217) Metaspace: 128844K(132416K)->128844K(132416K) NonClass: 111997K(113856K)->111997K(113856K) Class: 16847K(18560K)->16847K(18560K)
[2024-02-24T21:04:23.665+0000][7][gc          ] GC(217) Pause Young (Normal) (G1 Evacuation Pause) 710M->102M(1024M) 11.346ms
[2024-02-24T21:04:23.665+0000][7][gc,cpu      ] GC(217) User=0.01s Sys=0.00s Real=0.01s
[2024-02-24T21:04:23.665+0000][7][safepoint   ] Safepoint "G1CollectForAllocation", Time since last: 32510644855 ns, Reaching safepoint: 57374 ns, At safepoint: 11463185 ns, Total: 11520559 ns
[2024-02-24T21:05:34.675+0000][7][safepoint   ] Safepoint "Cleanup", Time since last: 71009295152 ns, Reaching safepoint: 111008 ns, At safepoint: 22743 ns, Total: 133751 ns
[2024-02-24T21:05:43.676+0000][7][safepoint   ] Safepoint "Cleanup", Time since last: 9001313673 ns, Reaching safepoint: 121665 ns, At safepoint: 6909 ns, Total: 128574 ns
[2024-02-24T21:07:40.869+0000][7][gc,start    ] GC(218) Pause Young (Normal) (G1 Evacuation Pause)
[2024-02-24T21:07:40.869+0000][7][gc,task     ] GC(218) Using 8 workers of 8 for evacuation
[2024-02-24T21:07:40.869+0000][7][gc,age      ] GC(218) Desired survivor size 41943040 bytes, new threshold 15 (max threshold 15)
[2024-02-24T21:07:40.872+0000][7][gc,phases   ] GC(218)   Pre Evacuate Collection Set: 0.1ms
[2024-02-24T21:07:40.872+0000][7][gc,phases   ] GC(218)   Merge Heap Roots: 0.1ms
[2024-02-24T21:07:40.872+0000][7][gc,phases   ] GC(218)   Evacuate Collection Set: 1.5ms
[2024-02-24T21:07:40.872+0000][7][gc,phases   ] GC(218)   Post Evacuate Collection Set: 0.8ms
[2024-02-24T21:07:40.872+0000][7][gc,phases   ] GC(218)   Other: 0.1ms
[2024-02-24T21:07:40.872+0000][7][gc,age      ] GC(218) Age table with threshold 15 (max threshold 15)
[2024-02-24T21:07:40.872+0000][7][gc,age      ] GC(218) - age   1:    1323968 bytes,    1323968 total
[2024-02-24T21:07:40.872+0000][7][gc,age      ] GC(218) - age   2:     145432 bytes,    1469400 total
[2024-02-24T21:07:40.872+0000][7][gc,age      ] GC(218) - age   3:      80304 bytes,    1549704 total
[2024-02-24T21:07:40.872+0000][7][gc,age      ] GC(218) - age   4:       8200 bytes,    1557904 total
[2024-02-24T21:07:40.872+0000][7][gc,age      ] GC(218) - age   5:       8016 bytes,    1565920 total
[2024-02-24T21:07:40.872+0000][7][gc,age      ] GC(218) - age   6:       3776 bytes,    1569696 total
[2024-02-24T21:07:40.872+0000][7][gc,age      ] GC(218) - age   7:        184 bytes,    1569880 total
[2024-02-24T21:07:40.872+0000][7][gc,age      ] GC(218) - age   8:        184 bytes,    1570064 total
[2024-02-24T21:07:40.872+0000][7][gc,age      ] GC(218) - age   9:     453320 bytes,    2023384 total
[2024-02-24T21:07:40.872+0000][7][gc,age      ] GC(218) - age  10:         24 bytes,    2023408 total
[2024-02-24T21:07:40.872+0000][7][gc,age      ] GC(218) - age  11:        184 bytes,    2023592 total
[2024-02-24T21:07:40.872+0000][7][gc,age      ] GC(218) - age  14:         24 bytes,    2023616 total
[2024-02-24T21:07:40.872+0000][7][gc,heap     ] GC(218) Eden regions: 152->0(152)
[2024-02-24T21:07:40.872+0000][7][gc,heap     ] GC(218) Survivor regions: 1->1(20)
[2024-02-24T21:07:40.872+0000][7][gc,heap     ] GC(218) Old regions: 25->25
[2024-02-24T21:07:40.872+0000][7][gc,heap     ] GC(218) Archive regions: 2->2
[2024-02-24T21:07:40.872+0000][7][gc,heap     ] GC(218) Humongous regions: 0->0
[2024-02-24T21:07:40.872+0000][7][gc,metaspace] GC(218) Metaspace: 128849K(132416K)->128849K(132416K) NonClass: 112002K(113856K)->112002K(113856K) Class: 16847K(18560K)->16847K(18560K)
[2024-02-24T21:07:40.872+0000][7][gc          ] GC(218) Pause Young (Normal) (G1 Evacuation Pause) 710M->102M(1024M) 2.918ms
[2024-02-24T21:07:40.872+0000][7][gc,cpu      ] GC(218) User=0.01s Sys=0.01s Real=0.00s
[2024-02-24T21:07:40.872+0000][7][safepoint   ] Safepoint "G1CollectForAllocation", Time since last: 117192718224 ns, Reaching safepoint: 75126 ns, At safepoint: 3015689 ns, Total: 3090815 ns
[2024-02-24T21:10:06.890+0000][7][safepoint   ] Safepoint "Cleanup", Time since last: 146017987468 ns, Reaching safepoint: 94623 ns, At safepoint: 51253 ns, Total: 145876 ns
[2024-02-24T21:10:40.386+0000][7][gc,start    ] GC(219) Pause Young (Normal) (G1 Evacuation Pause)
[2024-02-24T21:10:40.386+0000][7][gc,task     ] GC(219) Using 8 workers of 8 for evacuation
[2024-02-24T21:10:40.386+0000][7][gc,age      ] GC(219) Desired survivor size 41943040 bytes, new threshold 15 (max threshold 15)
[2024-02-24T21:10:40.389+0000][7][gc,phases   ] GC(219)   Pre Evacuate Collection Set: 0.1ms
[2024-02-24T21:10:40.389+0000][7][gc,phases   ] GC(219)   Merge Heap Roots: 0.1ms
[2024-02-24T21:10:40.389+0000][7][gc,phases   ] GC(219)   Evacuate Collection Set: 1.4ms
[2024-02-24T21:10:40.389+0000][7][gc,phases   ] GC(219)   Post Evacuate Collection Set: 1.0ms
[2024-02-24T21:10:40.389+0000][7][gc,phases   ] GC(219)   Other: 0.1ms
[2024-02-24T21:10:40.389+0000][7][gc,age      ] GC(219) Age table with threshold 15 (max threshold 15)
[2024-02-24T21:10:40.389+0000][7][gc,age      ] GC(219) - age   1:     825536 bytes,     825536 total
[2024-02-24T21:10:40.389+0000][7][gc,age      ] GC(219) - age   2:     212032 bytes,    1037568 total
[2024-02-24T21:10:40.389+0000][7][gc,age      ] GC(219) - age   3:     143744 bytes,    1181312 total
[2024-02-24T21:10:40.389+0000][7][gc,age      ] GC(219) - age   4:      76592 bytes,    1257904 total
[2024-02-24T21:10:40.389+0000][7][gc,age      ] GC(219) - age   5:       8016 bytes,    1265920 total
[2024-02-24T21:10:40.389+0000][7][gc,age      ] GC(219) - age   6:       8016 bytes,    1273936 total
[2024-02-24T21:10:40.389+0000][7][gc,age      ] GC(219) - age   7:       3392 bytes,    1277328 total
[2024-02-24T21:10:40.389+0000][7][gc,age      ] GC(219) - age   8:        184 bytes,    1277512 total
[2024-02-24T21:10:40.389+0000][7][gc,age      ] GC(219) - age   9:        184 bytes,    1277696 total
[2024-02-24T21:10:40.389+0000][7][gc,age      ] GC(219) - age  10:     453320 bytes,    1731016 total
[2024-02-24T21:10:40.389+0000][7][gc,age      ] GC(219) - age  11:         24 bytes,    1731040 total
[2024-02-24T21:10:40.389+0000][7][gc,age      ] GC(219) - age  12:        184 bytes,    1731224 total
[2024-02-24T21:10:40.389+0000][7][gc,age      ] GC(219) - age  15:         24 bytes,    1731248 total
[2024-02-24T21:10:40.389+0000][7][gc,heap     ] GC(219) Eden regions: 152->0(152)
[2024-02-24T21:10:40.389+0000][7][gc,heap     ] GC(219) Survivor regions: 1->1(20)
[2024-02-24T21:10:40.389+0000][7][gc,heap     ] GC(219) Old regions: 25->25
[2024-02-24T21:10:40.389+0000][7][gc,heap     ] GC(219) Archive regions: 2->2
[2024-02-24T21:10:40.389+0000][7][gc,heap     ] GC(219) Humongous regions: 0->0
[2024-02-24T21:10:40.389+0000][7][gc,metaspace] GC(219) Metaspace: 128849K(132416K)->128849K(132416K) NonClass: 112002K(113856K)->112002K(113856K) Class: 16847K(18560K)->16847K(18560K)
[2024-02-24T21:10:40.390+0000][7][gc          ] GC(219) Pause Young (Normal) (G1 Evacuation Pause) 710M->102M(1024M) 3.135ms
[2024-02-24T21:10:40.390+0000][7][gc,cpu      ] GC(219) User=0.01s Sys=0.00s Real=0.01s
[2024-02-24T21:10:40.390+0000][7][safepoint   ] Safepoint "G1CollectForAllocation", Time since last: 33496192163 ns, Reaching safepoint: 92148 ns, At safepoint: 3246138 ns, Total: 3338286 ns
[2024-02-24T21:12:42.405+0000][7][safepoint   ] Safepoint "Cleanup", Time since last: 122015154676 ns, Reaching safepoint: 81768 ns, At safepoint: 51357 ns, Total: 133125 ns
[2024-02-24T21:13:58.208+0000][7][gc,start    ] GC(220) Pause Young (Normal) (G1 Evacuation Pause)
[2024-02-24T21:13:58.208+0000][7][gc,task     ] GC(220) Using 8 workers of 8 for evacuation
[2024-02-24T21:13:58.208+0000][7][gc,age      ] GC(220) Desired survivor size 41943040 bytes, new threshold 15 (max threshold 15)
[2024-02-24T21:13:58.211+0000][7][gc,phases   ] GC(220)   Pre Evacuate Collection Set: 0.1ms
[2024-02-24T21:13:58.211+0000][7][gc,phases   ] GC(220)   Merge Heap Roots: 0.1ms
[2024-02-24T21:13:58.211+0000][7][gc,phases   ] GC(220)   Evacuate Collection Set: 1.5ms
[2024-02-24T21:13:58.211+0000][7][gc,phases   ] GC(220)   Post Evacuate Collection Set: 0.8ms
[2024-02-24T21:13:58.211+0000][7][gc,phases   ] GC(220)   Other: 0.1ms
[2024-02-24T21:13:58.211+0000][7][gc,age      ] GC(220) Age table with threshold 15 (max threshold 15)
[2024-02-24T21:13:58.211+0000][7][gc,age      ] GC(220) - age   1:    1247656 bytes,    1247656 total
[2024-02-24T21:13:58.211+0000][7][gc,age      ] GC(220) - age   2:      20048 bytes,    1267704 total
[2024-02-24T21:13:58.211+0000][7][gc,age      ] GC(220) - age   3:     210024 bytes,    1477728 total
[2024-02-24T21:13:58.211+0000][7][gc,age      ] GC(220) - age   4:     143560 bytes,    1621288 total
[2024-02-24T21:13:58.211+0000][7][gc,age      ] GC(220) - age   5:      76592 bytes,    1697880 total
[2024-02-24T21:13:58.211+0000][7][gc,age      ] GC(220) - age   6:       8016 bytes,    1705896 total
[2024-02-24T21:13:58.211+0000][7][gc,age      ] GC(220) - age   7:       8016 bytes,    1713912 total
[2024-02-24T21:13:58.211+0000][7][gc,age      ] GC(220) - age   8:       3392 bytes,    1717304 total
[2024-02-24T21:13:58.211+0000][7][gc,age      ] GC(220) - age   9:        184 bytes,    1717488 total
[2024-02-24T21:13:58.211+0000][7][gc,age      ] GC(220) - age  10:        184 bytes,    1717672 total
[2024-02-24T21:13:58.211+0000][7][gc,age      ] GC(220) - age  11:     453320 bytes,    2170992 total
[2024-02-24T21:13:58.211+0000][7][gc,age      ] GC(220) - age  12:         24 bytes,    2171016 total
[2024-02-24T21:13:58.211+0000][7][gc,heap     ] GC(220) Eden regions: 152->0(152)
[2024-02-24T21:13:58.211+0000][7][gc,heap     ] GC(220) Survivor regions: 1->1(20)
[2024-02-24T21:13:58.211+0000][7][gc,heap     ] GC(220) Old regions: 25->25
[2024-02-24T21:13:58.211+0000][7][gc,heap     ] GC(220) Archive regions: 2->2
[2024-02-24T21:13:58.211+0000][7][gc,heap     ] GC(220) Humongous regions: 0->0
[2024-02-24T21:13:58.211+0000][7][gc,metaspace] GC(220) Metaspace: 128849K(132416K)->128849K(132416K) NonClass: 112002K(113856K)->112002K(113856K) Class: 16847K(18560K)->16847K(18560K)
[2024-02-24T21:13:58.211+0000][7][gc          ] GC(220) Pause Young (Normal) (G1 Evacuation Pause) 710M->103M(1024M) 3.021ms
[2024-02-24T21:13:58.211+0000][7][gc,cpu      ] GC(220) User=0.01s Sys=0.00s Real=0.00s
[2024-02-24T21:13:58.211+0000][7][safepoint   ] Safepoint "G1CollectForAllocation", Time since last: 75803403625 ns, Reaching safepoint: 80188 ns, At safepoint: 3115469 ns, Total: 3195657 ns
[2024-02-24T21:14:35.216+0000][7][safepoint   ] Safepoint "Cleanup", Time since last: 37004199265 ns, Reaching safepoint: 110022 ns, At safepoint: 50789 ns, Total: 160811 ns
[2024-02-24T21:15:35.222+0000][7][safepoint   ] Safepoint "Cleanup", Time since last: 60006232544 ns, Reaching safepoint: 88316 ns, At safepoint: 61876 ns, Total: 150192 ns
[2024-02-24T21:17:01.204+0000][7][gc,start    ] GC(221) Pause Young (Normal) (G1 Evacuation Pause)
[2024-02-24T21:17:01.204+0000][7][gc,task     ] GC(221) Using 8 workers of 8 for evacuation
[2024-02-24T21:17:01.204+0000][7][gc,age      ] GC(221) Desired survivor size 41943040 bytes, new threshold 15 (max threshold 15)
[2024-02-24T21:17:01.207+0000][7][gc,phases   ] GC(221)   Pre Evacuate Collection Set: 0.1ms
[2024-02-24T21:17:01.207+0000][7][gc,phases   ] GC(221)   Merge Heap Roots: 0.1ms
[2024-02-24T21:17:01.207+0000][7][gc,phases   ] GC(221)   Evacuate Collection Set: 1.7ms
[2024-02-24T21:17:01.207+0000][7][gc,phases   ] GC(221)   Post Evacuate Collection Set: 0.9ms
[2024-02-24T21:17:01.208+0000][7][gc,phases   ] GC(221)   Other: 0.1ms
[2024-02-24T21:17:01.208+0000][7][gc,age      ] GC(221) Age table with threshold 15 (max threshold 15)
[2024-02-24T21:17:01.208+0000][7][gc,age      ] GC(221) - age   1:     705824 bytes,     705824 total
[2024-02-24T21:17:01.208+0000][7][gc,age      ] GC(221) - age   2:      18688 bytes,     724512 total
[2024-02-24T21:17:01.208+0000][7][gc,age      ] GC(221) - age   3:      18792 bytes,     743304 total
[2024-02-24T21:17:01.208+0000][7][gc,age      ] GC(221) - age   4:     209088 bytes,     952392 total
[2024-02-24T21:17:01.208+0000][7][gc,age      ] GC(221) - age   5:     143464 bytes,    1095856 total
[2024-02-24T21:17:01.208+0000][7][gc,age      ] GC(221) - age   6:      76200 bytes,    1172056 total
[2024-02-24T21:17:01.208+0000][7][gc,age      ] GC(221) - age   7:       8016 bytes,    1180072 total
[2024-02-24T21:17:01.208+0000][7][gc,age      ] GC(221) - age   8:       8016 bytes,    1188088 total
[2024-02-24T21:17:01.208+0000][7][gc,age      ] GC(221) - age   9:       3392 bytes,    1191480 total
[2024-02-24T21:17:01.208+0000][7][gc,age      ] GC(221) - age  10:        184 bytes,    1191664 total
[2024-02-24T21:17:01.208+0000][7][gc,age      ] GC(221) - age  11:        184 bytes,    1191848 total
[2024-02-24T21:17:01.208+0000][7][gc,age      ] GC(221) - age  12:     453320 bytes,    1645168 total
[2024-02-24T21:17:01.208+0000][7][gc,age      ] GC(221) - age  13:         24 bytes,    1645192 total
[2024-02-24T21:17:01.208+0000][7][gc,heap     ] GC(221) Eden regions: 152->0(152)
[2024-02-24T21:17:01.208+0000][7][gc,heap     ] GC(221) Survivor regions: 1->1(20)
[2024-02-24T21:17:01.208+0000][7][gc,heap     ] GC(221) Old regions: 25->25
[2024-02-24T21:17:01.208+0000][7][gc,heap     ] GC(221) Archive regions: 2->2
[2024-02-24T21:17:01.208+0000][7][gc,heap     ] GC(221) Humongous regions: 0->0
[2024-02-24T21:17:01.208+0000][7][gc,metaspace] GC(221) Metaspace: 128849K(132416K)->128849K(132416K) NonClass: 112002K(113856K)->112002K(113856K) Class: 16847K(18560K)->16847K(18560K)
[2024-02-24T21:17:01.208+0000][7][gc          ] GC(221) Pause Young (Normal) (G1 Evacuation Pause) 711M->102M(1024M) 3.333ms
[2024-02-24T21:17:01.208+0000][7][gc,cpu      ] GC(221) User=0.01s Sys=0.00s Real=0.00s
[2024-02-24T21:17:01.208+0000][7][safepoint   ] Safepoint "G1CollectForAllocation", Time since last: 85982023219 ns, Reaching safepoint: 81333 ns, At safepoint: 3438649 ns, Total: 3519982 ns
[2024-02-24T21:20:16.256+0000][7][gc,start    ] GC(222) Pause Young (Normal) (G1 Evacuation Pause)
[2024-02-24T21:20:16.256+0000][7][gc,task     ] GC(222) Using 8 workers of 8 for evacuation
[2024-02-24T21:20:16.256+0000][7][gc,age      ] GC(222) Desired survivor size 41943040 bytes, new threshold 15 (max threshold 15)
[2024-02-24T21:20:16.259+0000][7][gc,phases   ] GC(222)   Pre Evacuate Collection Set: 0.1ms
[2024-02-24T21:20:16.259+0000][7][gc,phases   ] GC(222)   Merge Heap Roots: 0.1ms
[2024-02-24T21:20:16.259+0000][7][gc,phases   ] GC(222)   Evacuate Collection Set: 1.6ms
[2024-02-24T21:20:16.259+0000][7][gc,phases   ] GC(222)   Post Evacuate Collection Set: 0.9ms
[2024-02-24T21:20:16.259+0000][7][gc,phases   ] GC(222)   Other: 0.1ms
[2024-02-24T21:20:16.259+0000][7][gc,age      ] GC(222) Age table with threshold 15 (max threshold 15)
[2024-02-24T21:20:16.259+0000][7][gc,age      ] GC(222) - age   1:    1215136 bytes,    1215136 total
[2024-02-24T21:20:16.259+0000][7][gc,age      ] GC(222) - age   2:       3216 bytes,    1218352 total
[2024-02-24T21:20:16.259+0000][7][gc,age      ] GC(222) - age   3:      16424 bytes,    1234776 total
[2024-02-24T21:20:16.259+0000][7][gc,age      ] GC(222) - age   4:      14976 bytes,    1249752 total
[2024-02-24T21:20:16.259+0000][7][gc,age      ] GC(222) - age   5:     208776 bytes,    1458528 total
[2024-02-24T21:20:16.259+0000][7][gc,age      ] GC(222) - age   6:     143464 bytes,    1601992 total
[2024-02-24T21:20:16.259+0000][7][gc,age      ] GC(222) - age   7:      76200 bytes,    1678192 total
[2024-02-24T21:20:16.259+0000][7][gc,age      ] GC(222) - age  10:       3392 bytes,    1681584 total
[2024-02-24T21:20:16.259+0000][7][gc,age      ] GC(222) - age  11:        184 bytes,    1681768 total
[2024-02-24T21:20:16.259+0000][7][gc,age      ] GC(222) - age  12:        184 bytes,    1681952 total
[2024-02-24T21:20:16.259+0000][7][gc,age      ] GC(222) - age  13:     433776 bytes,    2115728 total
[2024-02-24T21:20:16.259+0000][7][gc,age      ] GC(222) - age  14:         24 bytes,    2115752 total
[2024-02-24T21:20:16.259+0000][7][gc,heap     ] GC(222) Eden regions: 152->0(152)
[2024-02-24T21:20:16.259+0000][7][gc,heap     ] GC(222) Survivor regions: 1->1(20)
[2024-02-24T21:20:16.259+0000][7][gc,heap     ] GC(222) Old regions: 25->25
[2024-02-24T21:20:16.259+0000][7][gc,heap     ] GC(222) Archive regions: 2->2
[2024-02-24T21:20:16.259+0000][7][gc,heap     ] GC(222) Humongous regions: 0->0
[2024-02-24T21:20:16.259+0000][7][gc,metaspace] GC(222) Metaspace: 128849K(132416K)->128849K(132416K) NonClass: 112002K(113856K)->112002K(113856K) Class: 16847K(18560K)->16847K(18560K)
[2024-02-24T21:20:16.259+0000][7][gc          ] GC(222) Pause Young (Normal) (G1 Evacuation Pause) 710M->103M(1024M) 3.122ms
[2024-02-24T21:20:16.259+0000][7][gc,cpu      ] GC(222) User=0.01s Sys=0.01s Real=0.01s
[2024-02-24T21:20:16.259+0000][7][safepoint   ] Safepoint "G1CollectForAllocation", Time since last: 195047751613 ns, Reaching safepoint: 66437 ns, At safepoint: 3236132 ns, Total: 3302569 ns
[2024-02-24T21:21:42.271+0000][7][safepoint   ] Safepoint "Cleanup", Time since last: 86012177486 ns, Reaching safepoint: 74760 ns, At safepoint: 42537 ns, Total: 117297 ns
[2024-02-24T21:23:16.360+0000][7][gc,start    ] GC(223) Pause Young (Normal) (G1 Evacuation Pause)
[2024-02-24T21:23:16.360+0000][7][gc,task     ] GC(223) Using 8 workers of 8 for evacuation
[2024-02-24T21:23:16.360+0000][7][gc,age      ] GC(223) Desired survivor size 41943040 bytes, new threshold 15 (max threshold 15)
[2024-02-24T21:23:16.362+0000][7][gc,phases   ] GC(223)   Pre Evacuate Collection Set: 0.1ms
[2024-02-24T21:23:16.362+0000][7][gc,phases   ] GC(223)   Merge Heap Roots: 0.1ms
[2024-02-24T21:23:16.362+0000][7][gc,phases   ] GC(223)   Evacuate Collection Set: 1.2ms
[2024-02-24T21:23:16.362+0000][7][gc,phases   ] GC(223)   Post Evacuate Collection Set: 0.6ms
[2024-02-24T21:23:16.362+0000][7][gc,phases   ] GC(223)   Other: 0.1ms
[2024-02-24T21:23:16.362+0000][7][gc,age      ] GC(223) Age table with threshold 15 (max threshold 15)
[2024-02-24T21:23:16.362+0000][7][gc,age      ] GC(223) - age   1:    1889752 bytes,    1889752 total
[2024-02-24T21:23:16.362+0000][7][gc,age      ] GC(223) - age   2:      14080 bytes,    1903832 total
[2024-02-24T21:23:16.362+0000][7][gc,age      ] GC(223) - age   3:       1432 bytes,    1905264 total
[2024-02-24T21:23:16.362+0000][7][gc,age      ] GC(223) - age   4:      16232 bytes,    1921496 total
[2024-02-24T21:23:16.362+0000][7][gc,age      ] GC(223) - age   5:      14976 bytes,    1936472 total
[2024-02-24T21:23:16.362+0000][7][gc,age      ] GC(223) - age   6:     208776 bytes,    2145248 total
[2024-02-24T21:23:16.362+0000][7][gc,age      ] GC(223) - age   7:     143464 bytes,    2288712 total
[2024-02-24T21:23:16.362+0000][7][gc,age      ] GC(223) - age   8:      76200 bytes,    2364912 total
[2024-02-24T21:23:16.362+0000][7][gc,age      ] GC(223) - age  11:       3392 bytes,    2368304 total
[2024-02-24T21:23:16.362+0000][7][gc,age      ] GC(223) - age  12:        184 bytes,    2368488 total
[2024-02-24T21:23:16.362+0000][7][gc,age      ] GC(223) - age  13:        184 bytes,    2368672 total
[2024-02-24T21:23:16.362+0000][7][gc,age      ] GC(223) - age  14:     433776 bytes,    2802448 total
[2024-02-24T21:23:16.362+0000][7][gc,heap     ] GC(223) Eden regions: 152->0(152)
[2024-02-24T21:23:16.362+0000][7][gc,heap     ] GC(223) Survivor regions: 1->1(20)
[2024-02-24T21:23:16.362+0000][7][gc,heap     ] GC(223) Old regions: 25->25
[2024-02-24T21:23:16.362+0000][7][gc,heap     ] GC(223) Archive regions: 2->2
[2024-02-24T21:23:16.362+0000][7][gc,heap     ] GC(223) Humongous regions: 0->0
[2024-02-24T21:23:16.362+0000][7][gc,metaspace] GC(223) Metaspace: 128849K(132416K)->128849K(132416K) NonClass: 112002K(113856K)->112002K(113856K) Class: 16847K(18560K)->16847K(18560K)
[2024-02-24T21:23:16.362+0000][7][gc          ] GC(223) Pause Young (Normal) (G1 Evacuation Pause) 711M->103M(1024M) 2.235ms
[2024-02-24T21:23:16.362+0000][7][gc,cpu      ] GC(223) User=0.01s Sys=0.01s Real=0.00s
[2024-02-24T21:23:16.362+0000][7][safepoint   ] Safepoint "G1CollectForAllocation", Time since last: 94088708381 ns, Reaching safepoint: 26604 ns, At safepoint: 2315866 ns, Total: 2342470 ns
[2024-02-24T21:26:34.228+0000][7][gc,start    ] GC(224) Pause Young (Normal) (G1 Evacuation Pause)
[2024-02-24T21:26:34.228+0000][7][gc,task     ] GC(224) Using 8 workers of 8 for evacuation
[2024-02-24T21:26:34.228+0000][7][gc,age      ] GC(224) Desired survivor size 41943040 bytes, new threshold 15 (max threshold 15)
[2024-02-24T21:26:34.232+0000][7][gc,phases   ] GC(224)   Pre Evacuate Collection Set: 0.1ms
[2024-02-24T21:26:34.232+0000][7][gc,phases   ] GC(224)   Merge Heap Roots: 0.1ms
[2024-02-24T21:26:34.232+0000][7][gc,phases   ] GC(224)   Evacuate Collection Set: 2.0ms
[2024-02-24T21:26:34.232+0000][7][gc,phases   ] GC(224)   Post Evacuate Collection Set: 0.8ms
[2024-02-24T21:26:34.232+0000][7][gc,phases   ] GC(224)   Other: 0.1ms
[2024-02-24T21:26:34.232+0000][7][gc,age      ] GC(224) Age table with threshold 15 (max threshold 15)
[2024-02-24T21:26:34.232+0000][7][gc,age      ] GC(224) - age   1:    1375112 bytes,    1375112 total
[2024-02-24T21:26:34.232+0000][7][gc,age      ] GC(224) - age   2:       3424 bytes,    1378536 total
[2024-02-24T21:26:34.232+0000][7][gc,age      ] GC(224) - age   3:       3952 bytes,    1382488 total
[2024-02-24T21:26:34.232+0000][7][gc,age      ] GC(224) - age   4:        392 bytes,    1382880 total
[2024-02-24T21:26:34.232+0000][7][gc,age      ] GC(224) - age   5:      16232 bytes,    1399112 total
[2024-02-24T21:26:34.232+0000][7][gc,age      ] GC(224) - age   6:      14976 bytes,    1414088 total
[2024-02-24T21:26:34.232+0000][7][gc,age      ] GC(224) - age   7:     208744 bytes,    1622832 total
[2024-02-24T21:26:34.232+0000][7][gc,age      ] GC(224) - age   8:     143464 bytes,    1766296 total
[2024-02-24T21:26:34.232+0000][7][gc,age      ] GC(224) - age   9:      76200 bytes,    1842496 total
[2024-02-24T21:26:34.232+0000][7][gc,age      ] GC(224) - age  12:       3392 bytes,    1845888 total
[2024-02-24T21:26:34.232+0000][7][gc,age      ] GC(224) - age  13:        184 bytes,    1846072 total
[2024-02-24T21:26:34.232+0000][7][gc,age      ] GC(224) - age  15:     433776 bytes,    2279848 total
[2024-02-24T21:26:34.232+0000][7][gc,heap     ] GC(224) Eden regions: 152->0(152)
[2024-02-24T21:26:34.232+0000][7][gc,heap     ] GC(224) Survivor regions: 1->1(20)
[2024-02-24T21:26:34.232+0000][7][gc,heap     ] GC(224) Old regions: 25->25
[2024-02-24T21:26:34.232+0000][7][gc,heap     ] GC(224) Archive regions: 2->2
[2024-02-24T21:26:34.232+0000][7][gc,heap     ] GC(224) Humongous regions: 0->0
[2024-02-24T21:26:34.232+0000][7][gc,metaspace] GC(224) Metaspace: 128852K(132416K)->128852K(132416K) NonClass: 112005K(113856K)->112005K(113856K) Class: 16847K(18560K)->16847K(18560K)
[2024-02-24T21:26:34.232+0000][7][gc          ] GC(224) Pause Young (Normal) (G1 Evacuation Pause) 711M->103M(1024M) 3.472ms
[2024-02-24T21:26:34.232+0000][7][gc,cpu      ] GC(224) User=0.02s Sys=0.00s Real=0.00s
[2024-02-24T21:26:34.232+0000][7][safepoint   ] Safepoint "G1CollectForAllocation", Time since last: 197866019965 ns, Reaching safepoint: 59876 ns, At safepoint: 3578803 ns, Total: 3638679 ns
[2024-02-24T21:26:42.233+0000][7][safepoint   ] Safepoint "Cleanup", Time since last: 8000821119 ns, Reaching safepoint: 139460 ns, At safepoint: 23337 ns, Total: 162797 ns
[2024-02-24T21:29:34.387+0000][7][gc,start    ] GC(225) Pause Young (Normal) (G1 Evacuation Pause)
[2024-02-24T21:29:34.387+0000][7][gc,task     ] GC(225) Using 8 workers of 8 for evacuation
[2024-02-24T21:29:34.387+0000][7][gc,age      ] GC(225) Desired survivor size 41943040 bytes, new threshold 15 (max threshold 15)
[2024-02-24T21:29:34.389+0000][7][gc,phases   ] GC(225)   Pre Evacuate Collection Set: 0.1ms
[2024-02-24T21:29:34.389+0000][7][gc,phases   ] GC(225)   Merge Heap Roots: 0.1ms
[2024-02-24T21:29:34.389+0000][7][gc,phases   ] GC(225)   Evacuate Collection Set: 1.6ms
[2024-02-24T21:29:34.389+0000][7][gc,phases   ] GC(225)   Post Evacuate Collection Set: 0.7ms
[2024-02-24T21:29:34.389+0000][7][gc,phases   ] GC(225)   Other: 0.1ms
[2024-02-24T21:29:34.389+0000][7][gc,age      ] GC(225) Age table with threshold 15 (max threshold 15)
[2024-02-24T21:29:34.389+0000][7][gc,age      ] GC(225) - age   1:    2146304 bytes,    2146304 total
[2024-02-24T21:29:34.389+0000][7][gc,age      ] GC(225) - age   2:      12832 bytes,    2159136 total
[2024-02-24T21:29:34.389+0000][7][gc,age      ] GC(225) - age   3:        408 bytes,    2159544 total
[2024-02-24T21:29:34.389+0000][7][gc,age      ] GC(225) - age   4:       3640 bytes,    2163184 total
[2024-02-24T21:29:34.389+0000][7][gc,age      ] GC(225) - age   5:        208 bytes,    2163392 total
[2024-02-24T21:29:34.389+0000][7][gc,age      ] GC(225) - age   6:      16232 bytes,    2179624 total
[2024-02-24T21:29:34.389+0000][7][gc,age      ] GC(225) - age   7:      14592 bytes,    2194216 total
[2024-02-24T21:29:34.389+0000][7][gc,age      ] GC(225) - age   8:     200728 bytes,    2394944 total
[2024-02-24T21:29:34.389+0000][7][gc,age      ] GC(225) - age   9:     143400 bytes,    2538344 total
[2024-02-24T21:29:34.389+0000][7][gc,age      ] GC(225) - age  10:      76200 bytes,    2614544 total
[2024-02-24T21:29:34.389+0000][7][gc,age      ] GC(225) - age  13:       3392 bytes,    2617936 total
[2024-02-24T21:29:34.389+0000][7][gc,age      ] GC(225) - age  14:        184 bytes,    2618120 total
[2024-02-24T21:29:34.389+0000][7][gc,heap     ] GC(225) Eden regions: 152->0(152)
[2024-02-24T21:29:34.389+0000][7][gc,heap     ] GC(225) Survivor regions: 1->1(20)
[2024-02-24T21:29:34.389+0000][7][gc,heap     ] GC(225) Old regions: 25->25
[2024-02-24T21:29:34.389+0000][7][gc,heap     ] GC(225) Archive regions: 2->2
[2024-02-24T21:29:34.389+0000][7][gc,heap     ] GC(225) Humongous regions: 0->0
[2024-02-24T21:29:34.389+0000][7][gc,metaspace] GC(225) Metaspace: 128852K(132416K)->128852K(132416K) NonClass: 112005K(113856K)->112005K(113856K) Class: 16847K(18560K)->16847K(18560K)
[2024-02-24T21:29:34.389+0000][7][gc          ] GC(225) Pause Young (Normal) (G1 Evacuation Pause) 711M->103M(1024M) 2.641ms
[2024-02-24T21:29:34.389+0000][7][gc,cpu      ] GC(225) User=0.02s Sys=0.00s Real=0.01s
[2024-02-24T21:29:34.389+0000][7][safepoint   ] Safepoint "G1CollectForAllocation", Time since last: 172153665322 ns, Reaching safepoint: 27917 ns, At safepoint: 2713441 ns, Total: 2741358 ns
[2024-02-24T21:30:48.398+0000][7][safepoint   ] Safepoint "Cleanup", Time since last: 74008690468 ns, Reaching safepoint: 62166 ns, At safepoint: 34858 ns, Total: 97024 ns
[2024-02-24T21:32:46.691+0000][7][gc,start    ] GC(226) Pause Young (Normal) (G1 Evacuation Pause)
[2024-02-24T21:32:46.692+0000][7][gc,task     ] GC(226) Using 8 workers of 8 for evacuation
[2024-02-24T21:32:46.692+0000][7][gc,age      ] GC(226) Desired survivor size 41943040 bytes, new threshold 15 (max threshold 15)
[2024-02-24T21:32:46.695+0000][7][gc,phases   ] GC(226)   Pre Evacuate Collection Set: 0.1ms
[2024-02-24T21:32:46.695+0000][7][gc,phases   ] GC(226)   Merge Heap Roots: 0.1ms
[2024-02-24T21:32:46.695+0000][7][gc,phases   ] GC(226)   Evacuate Collection Set: 1.7ms
[2024-02-24T21:32:46.695+0000][7][gc,phases   ] GC(226)   Post Evacuate Collection Set: 1.0ms
[2024-02-24T21:32:46.695+0000][7][gc,phases   ] GC(226)   Other: 0.1ms
[2024-02-24T21:32:46.695+0000][7][gc,age      ] GC(226) Age table with threshold 15 (max threshold 15)
[2024-02-24T21:32:46.695+0000][7][gc,age      ] GC(226) - age   1:    1465904 bytes,    1465904 total
[2024-02-24T21:32:46.695+0000][7][gc,age      ] GC(226) - age   2:      28952 bytes,    1494856 total
[2024-02-24T21:32:46.695+0000][7][gc,age      ] GC(226) - age   3:       9424 bytes,    1504280 total
[2024-02-24T21:32:46.695+0000][7][gc,age      ] GC(226) - age   4:         24 bytes,    1504304 total
[2024-02-24T21:32:46.695+0000][7][gc,age      ] GC(226) - age   7:      16232 bytes,    1520536 total
[2024-02-24T21:32:46.695+0000][7][gc,age      ] GC(226) - age   8:      14376 bytes,    1534912 total
[2024-02-24T21:32:46.695+0000][7][gc,age      ] GC(226) - age   9:     200728 bytes,    1735640 total
[2024-02-24T21:32:46.695+0000][7][gc,age      ] GC(226) - age  10:     143400 bytes,    1879040 total
[2024-02-24T21:32:46.695+0000][7][gc,age      ] GC(226) - age  11:      76200 bytes,    1955240 total
[2024-02-24T21:32:46.695+0000][7][gc,age      ] GC(226) - age  14:       3392 bytes,    1958632 total
[2024-02-24T21:32:46.695+0000][7][gc,age      ] GC(226) - age  15:        184 bytes,    1958816 total
[2024-02-24T21:32:46.695+0000][7][gc,heap     ] GC(226) Eden regions: 152->0(152)
[2024-02-24T21:32:46.695+0000][7][gc,heap     ] GC(226) Survivor regions: 1->1(20)
[2024-02-24T21:32:46.695+0000][7][gc,heap     ] GC(226) Old regions: 25->25
[2024-02-24T21:32:46.695+0000][7][gc,heap     ] GC(226) Archive regions: 2->2
[2024-02-24T21:32:46.695+0000][7][gc,heap     ] GC(226) Humongous regions: 0->0
[2024-02-24T21:32:46.695+0000][7][gc,metaspace] GC(226) Metaspace: 128852K(132416K)->128852K(132416K) NonClass: 112005K(113856K)->112005K(113856K) Class: 16847K(18560K)->16847K(18560K)
[2024-02-24T21:32:46.695+0000][7][gc          ] GC(226) Pause Young (Normal) (G1 Evacuation Pause) 711M->103M(1024M) 3.459ms
[2024-02-24T21:32:46.695+0000][7][gc,cpu      ] GC(226) User=0.02s Sys=0.00s Real=0.00s
[2024-02-24T21:32:46.695+0000][7][safepoint   ] Safepoint "G1CollectForAllocation", Time since last: 118293329813 ns, Reaching safepoint: 112025 ns, At safepoint: 3576181 ns, Total: 3688206 ns
[2024-02-24T21:35:46.494+0000][7][gc,start    ] GC(227) Pause Young (Normal) (G1 Evacuation Pause)
[2024-02-24T21:35:46.494+0000][7][gc,task     ] GC(227) Using 8 workers of 8 for evacuation
[2024-02-24T21:35:46.494+0000][7][gc,age      ] GC(227) Desired survivor size 41943040 bytes, new threshold 15 (max threshold 15)
[2024-02-24T21:35:46.496+0000][7][gc,phases   ] GC(227)   Pre Evacuate Collection Set: 0.1ms
[2024-02-24T21:35:46.496+0000][7][gc,phases   ] GC(227)   Merge Heap Roots: 0.0ms
[2024-02-24T21:35:46.496+0000][7][gc,phases   ] GC(227)   Evacuate Collection Set: 1.1ms
[2024-02-24T21:35:46.496+0000][7][gc,phases   ] GC(227)   Post Evacuate Collection Set: 0.6ms
[2024-02-24T21:35:46.496+0000][7][gc,phases   ] GC(227)   Other: 0.1ms
[2024-02-24T21:35:46.496+0000][7][gc,age      ] GC(227) Age table with threshold 15 (max threshold 15)
[2024-02-24T21:35:46.496+0000][7][gc,age      ] GC(227) - age   1:    1778472 bytes,    1778472 total
[2024-02-24T21:35:46.496+0000][7][gc,age      ] GC(227) - age   2:       6520 bytes,    1784992 total
[2024-02-24T21:35:46.496+0000][7][gc,age      ] GC(227) - age   3:      26320 bytes,    1811312 total
[2024-02-24T21:35:46.496+0000][7][gc,age      ] GC(227) - age   4:       8576 bytes,    1819888 total
[2024-02-24T21:35:46.496+0000][7][gc,age      ] GC(227) - age   5:         24 bytes,    1819912 total
[2024-02-24T21:35:46.496+0000][7][gc,age      ] GC(227) - age   8:      16232 bytes,    1836144 total
[2024-02-24T21:35:46.496+0000][7][gc,age      ] GC(227) - age   9:      14376 bytes,    1850520 total
[2024-02-24T21:35:46.496+0000][7][gc,age      ] GC(227) - age  10:     200728 bytes,    2051248 total
[2024-02-24T21:35:46.496+0000][7][gc,age      ] GC(227) - age  11:     143400 bytes,    2194648 total
[2024-02-24T21:35:46.496+0000][7][gc,age      ] GC(227) - age  12:      76200 bytes,    2270848 total
[2024-02-24T21:35:46.496+0000][7][gc,age      ] GC(227) - age  15:       3392 bytes,    2274240 total
[2024-02-24T21:35:46.496+0000][7][gc,heap     ] GC(227) Eden regions: 152->0(152)
[2024-02-24T21:35:46.496+0000][7][gc,heap     ] GC(227) Survivor regions: 1->1(20)
[2024-02-24T21:35:46.497+0000][7][gc,heap     ] GC(227) Old regions: 25->25
[2024-02-24T21:35:46.497+0000][7][gc,heap     ] GC(227) Archive regions: 2->2
[2024-02-24T21:35:46.497+0000][7][gc,heap     ] GC(227) Humongous regions: 0->0
[2024-02-24T21:35:46.497+0000][7][gc,metaspace] GC(227) Metaspace: 128852K(132416K)->128852K(132416K) NonClass: 112005K(113856K)->112005K(113856K) Class: 16847K(18560K)->16847K(18560K)
[2024-02-24T21:35:46.497+0000][7][gc          ] GC(227) Pause Young (Normal) (G1 Evacuation Pause) 711M->103M(1024M) 2.106ms
[2024-02-24T21:35:46.497+0000][7][gc,cpu      ] GC(227) User=0.01s Sys=0.00s Real=0.01s
[2024-02-24T21:35:46.497+0000][7][safepoint   ] Safepoint "G1CollectForAllocation", Time since last: 179799350958 ns, Reaching safepoint: 42544 ns, At safepoint: 2173184 ns, Total: 2215728 ns
[2024-02-24T21:38:38.423+0000][7][gc,start    ] GC(228) Pause Young (Normal) (G1 Evacuation Pause)
[2024-02-24T21:38:38.423+0000][7][gc,task     ] GC(228) Using 8 workers of 8 for evacuation
[2024-02-24T21:38:38.423+0000][7][gc,age      ] GC(228) Desired survivor size 41943040 bytes, new threshold 15 (max threshold 15)
[2024-02-24T21:38:38.425+0000][7][gc,phases   ] GC(228)   Pre Evacuate Collection Set: 0.1ms
[2024-02-24T21:38:38.425+0000][7][gc,phases   ] GC(228)   Merge Heap Roots: 0.1ms
[2024-02-24T21:38:38.425+0000][7][gc,phases   ] GC(228)   Evacuate Collection Set: 1.1ms
[2024-02-24T21:38:38.425+0000][7][gc,phases   ] GC(228)   Post Evacuate Collection Set: 0.7ms
[2024-02-24T21:38:38.425+0000][7][gc,phases   ] GC(228)   Other: 0.1ms
[2024-02-24T21:38:38.425+0000][7][gc,age      ] GC(228) Age table with threshold 15 (max threshold 15)
[2024-02-24T21:38:38.425+0000][7][gc,age      ] GC(228) - age   1:     572528 bytes,     572528 total
[2024-02-24T21:38:38.425+0000][7][gc,age      ] GC(228) - age   2:      11760 bytes,     584288 total
[2024-02-24T21:38:38.425+0000][7][gc,age      ] GC(228) - age   3:       4112 bytes,     588400 total
[2024-02-24T21:38:38.425+0000][7][gc,age      ] GC(228) - age   4:      17760 bytes,     606160 total
[2024-02-24T21:38:38.425+0000][7][gc,age      ] GC(228) - age   5:       8576 bytes,     614736 total
[2024-02-24T21:38:38.425+0000][7][gc,age      ] GC(228) - age   6:         24 bytes,     614760 total
[2024-02-24T21:38:38.425+0000][7][gc,age      ] GC(228) - age   9:      16232 bytes,     630992 total
[2024-02-24T21:38:38.425+0000][7][gc,age      ] GC(228) - age  10:      14352 bytes,     645344 total
[2024-02-24T21:38:38.425+0000][7][gc,age      ] GC(228) - age  11:     200728 bytes,     846072 total
[2024-02-24T21:38:38.425+0000][7][gc,age      ] GC(228) - age  12:     143400 bytes,     989472 total
[2024-02-24T21:38:38.425+0000][7][gc,age      ] GC(228) - age  13:      76200 bytes,    1065672 total
[2024-02-24T21:38:38.425+0000][7][gc,heap     ] GC(228) Eden regions: 152->0(152)
[2024-02-24T21:38:38.425+0000][7][gc,heap     ] GC(228) Survivor regions: 1->1(20)
[2024-02-24T21:38:38.425+0000][7][gc,heap     ] GC(228) Old regions: 25->25
[2024-02-24T21:38:38.425+0000][7][gc,heap     ] GC(228) Archive regions: 2->2
[2024-02-24T21:38:38.425+0000][7][gc,heap     ] GC(228) Humongous regions: 0->0
[2024-02-24T21:38:38.425+0000][7][gc,metaspace] GC(228) Metaspace: 128852K(132416K)->128852K(132416K) NonClass: 112005K(113856K)->112005K(113856K) Class: 16847K(18560K)->16847K(18560K)
[2024-02-24T21:38:38.425+0000][7][gc          ] GC(228) Pause Young (Normal) (G1 Evacuation Pause) 711M->102M(1024M) 2.357ms
[2024-02-24T21:38:38.425+0000][7][gc,cpu      ] GC(228) User=0.01s Sys=0.00s Real=0.00s
[2024-02-24T21:38:38.425+0000][7][safepoint   ] Safepoint "G1CollectForAllocation", Time since last: 170800385373 ns, Reaching safepoint: 66659 ns, At safepoint: 2441523 ns, Total: 2508182 ns
[2024-02-24T21:41:05.468+0000][7][gc,start    ] GC(229) Pause Young (Normal) (G1 Evacuation Pause)
[2024-02-24T21:41:05.468+0000][7][gc,task     ] GC(229) Using 8 workers of 8 for evacuation
[2024-02-24T21:41:05.468+0000][7][gc,age      ] GC(229) Desired survivor size 41943040 bytes, new threshold 15 (max threshold 15)
[2024-02-24T21:41:05.470+0000][7][gc,phases   ] GC(229)   Pre Evacuate Collection Set: 0.1ms
[2024-02-24T21:41:05.470+0000][7][gc,phases   ] GC(229)   Merge Heap Roots: 0.1ms
[2024-02-24T21:41:05.470+0000][7][gc,phases   ] GC(229)   Evacuate Collection Set: 1.2ms
[2024-02-24T21:41:05.470+0000][7][gc,phases   ] GC(229)   Post Evacuate Collection Set: 0.7ms
[2024-02-24T21:41:05.470+0000][7][gc,phases   ] GC(229)   Other: 0.1ms
[2024-02-24T21:41:05.470+0000][7][gc,age      ] GC(229) Age table with threshold 15 (max threshold 15)
[2024-02-24T21:41:05.470+0000][7][gc,age      ] GC(229) - age   1:     957704 bytes,     957704 total
[2024-02-24T21:41:05.470+0000][7][gc,age      ] GC(229) - age   2:       5256 bytes,     962960 total
[2024-02-24T21:41:05.470+0000][7][gc,age      ] GC(229) - age   3:       9096 bytes,     972056 total
[2024-02-24T21:41:05.470+0000][7][gc,age      ] GC(229) - age   4:        400 bytes,     972456 total
[2024-02-24T21:41:05.470+0000][7][gc,age      ] GC(229) - age   5:      17512 bytes,     989968 total
[2024-02-24T21:41:05.470+0000][7][gc,age      ] GC(229) - age   6:       8576 bytes,     998544 total
[2024-02-24T21:41:05.470+0000][7][gc,age      ] GC(229) - age   7:         24 bytes,     998568 total
[2024-02-24T21:41:05.470+0000][7][gc,age      ] GC(229) - age  10:      16232 bytes,    1014800 total
[2024-02-24T21:41:05.470+0000][7][gc,age      ] GC(229) - age  11:      14352 bytes,    1029152 total
[2024-02-24T21:41:05.470+0000][7][gc,age      ] GC(229) - age  12:     200728 bytes,    1229880 total
[2024-02-24T21:41:05.470+0000][7][gc,age      ] GC(229) - age  13:     143400 bytes,    1373280 total
[2024-02-24T21:41:05.470+0000][7][gc,age      ] GC(229) - age  14:      76200 bytes,    1449480 total
[2024-02-24T21:41:05.470+0000][7][gc,heap     ] GC(229) Eden regions: 152->0(152)
[2024-02-24T21:41:05.470+0000][7][gc,heap     ] GC(229) Survivor regions: 1->1(20)
[2024-02-24T21:41:05.470+0000][7][gc,heap     ] GC(229) Old regions: 25->25
[2024-02-24T21:41:05.470+0000][7][gc,heap     ] GC(229) Archive regions: 2->2
[2024-02-24T21:41:05.470+0000][7][gc,heap     ] GC(229) Humongous regions: 0->0
[2024-02-24T21:41:05.470+0000][7][gc,metaspace] GC(229) Metaspace: 128852K(132416K)->128852K(132416K) NonClass: 112005K(113856K)->112005K(113856K) Class: 16847K(18560K)->16847K(18560K)
[2024-02-24T21:41:05.470+0000][7][gc          ] GC(229) Pause Young (Normal) (G1 Evacuation Pause) 710M->102M(1024M) 2.477ms
[2024-02-24T21:41:05.470+0000][7][gc,cpu      ] GC(229) User=0.01s Sys=0.00s Real=0.00s
[2024-02-24T21:41:05.470+0000][7][safepoint   ] Safepoint "G1CollectForAllocation", Time since last: 147042380489 ns, Reaching safepoint: 75668 ns, At safepoint: 2571039 ns, Total: 2646707 ns
[2024-02-24T21:43:23.863+0000][7][gc,start    ] GC(230) Pause Young (Normal) (G1 Evacuation Pause)
[2024-02-24T21:43:23.863+0000][7][gc,task     ] GC(230) Using 8 workers of 8 for evacuation
[2024-02-24T21:43:23.863+0000][7][gc,age      ] GC(230) Desired survivor size 41943040 bytes, new threshold 15 (max threshold 15)
[2024-02-24T21:43:23.865+0000][7][gc,phases   ] GC(230)   Pre Evacuate Collection Set: 0.1ms
[2024-02-24T21:43:23.865+0000][7][gc,phases   ] GC(230)   Merge Heap Roots: 0.1ms
[2024-02-24T21:43:23.865+0000][7][gc,phases   ] GC(230)   Evacuate Collection Set: 1.2ms
[2024-02-24T21:43:23.865+0000][7][gc,phases   ] GC(230)   Post Evacuate Collection Set: 0.6ms
[2024-02-24T21:43:23.865+0000][7][gc,phases   ] GC(230)   Other: 0.1ms
[2024-02-24T21:43:23.865+0000][7][gc,age      ] GC(230) Age table with threshold 15 (max threshold 15)
[2024-02-24T21:43:23.865+0000][7][gc,age      ] GC(230) - age   1:    1926880 bytes,    1926880 total
[2024-02-24T21:43:23.865+0000][7][gc,age      ] GC(230) - age   2:      13000 bytes,    1939880 total
[2024-02-24T21:43:23.865+0000][7][gc,age      ] GC(230) - age   3:       4464 bytes,    1944344 total
[2024-02-24T21:43:23.865+0000][7][gc,age      ] GC(230) - age   4:       8968 bytes,    1953312 total
[2024-02-24T21:43:23.865+0000][7][gc,age      ] GC(230) - age   5:        208 bytes,    1953520 total
[2024-02-24T21:43:23.865+0000][7][gc,age      ] GC(230) - age   6:      17448 bytes,    1970968 total
[2024-02-24T21:43:23.865+0000][7][gc,age      ] GC(230) - age   7:       8576 bytes,    1979544 total
[2024-02-24T21:43:23.865+0000][7][gc,age      ] GC(230) - age   8:         24 bytes,    1979568 total
[2024-02-24T21:43:23.865+0000][7][gc,age      ] GC(230) - age  11:      16048 bytes,    1995616 total
[2024-02-24T21:43:23.865+0000][7][gc,age      ] GC(230) - age  12:      14352 bytes,    2009968 total
[2024-02-24T21:43:23.865+0000][7][gc,age      ] GC(230) - age  13:     200728 bytes,    2210696 total
[2024-02-24T21:43:23.865+0000][7][gc,age      ] GC(230) - age  14:     143400 bytes,    2354096 total
[2024-02-24T21:43:23.865+0000][7][gc,age      ] GC(230) - age  15:      76200 bytes,    2430296 total
[2024-02-24T21:43:23.865+0000][7][gc,heap     ] GC(230) Eden regions: 152->0(152)
[2024-02-24T21:43:23.865+0000][7][gc,heap     ] GC(230) Survivor regions: 1->1(20)
[2024-02-24T21:43:23.865+0000][7][gc,heap     ] GC(230) Old regions: 25->25
[2024-02-24T21:43:23.865+0000][7][gc,heap     ] GC(230) Archive regions: 2->2
[2024-02-24T21:43:23.865+0000][7][gc,heap     ] GC(230) Humongous regions: 0->0
[2024-02-24T21:43:23.865+0000][7][gc,metaspace] GC(230) Metaspace: 128852K(132416K)->128852K(132416K) NonClass: 112005K(113856K)->112005K(113856K) Class: 16847K(18560K)->16847K(18560K)
[2024-02-24T21:43:23.865+0000][7][gc          ] GC(230) Pause Young (Normal) (G1 Evacuation Pause) 710M->103M(1024M) 2.230ms
[2024-02-24T21:43:23.865+0000][7][gc,cpu      ] GC(230) User=0.01s Sys=0.00s Real=0.00s
[2024-02-24T21:43:23.865+0000][7][safepoint   ] Safepoint "G1CollectForAllocation", Time since last: 138392233657 ns, Reaching safepoint: 47348 ns, At safepoint: 2299176 ns, Total: 2346524 ns
[2024-02-24T21:45:57.404+0000][7][gc,start    ] GC(231) Pause Young (Normal) (G1 Evacuation Pause)
[2024-02-24T21:45:57.404+0000][7][gc,task     ] GC(231) Using 8 workers of 8 for evacuation
[2024-02-24T21:45:57.404+0000][7][gc,age      ] GC(231) Desired survivor size 41943040 bytes, new threshold 15 (max threshold 15)
[2024-02-24T21:45:57.406+0000][7][gc,phases   ] GC(231)   Pre Evacuate Collection Set: 0.1ms
[2024-02-24T21:45:57.406+0000][7][gc,phases   ] GC(231)   Merge Heap Roots: 0.0ms
[2024-02-24T21:45:57.406+0000][7][gc,phases   ] GC(231)   Evacuate Collection Set: 1.2ms
[2024-02-24T21:45:57.406+0000][7][gc,phases   ] GC(231)   Post Evacuate Collection Set: 0.5ms
[2024-02-24T21:45:57.406+0000][7][gc,phases   ] GC(231)   Other: 0.1ms
[2024-02-24T21:45:57.406+0000][7][gc,age      ] GC(231) Age table with threshold 15 (max threshold 15)
[2024-02-24T21:45:57.406+0000][7][gc,age      ] GC(231) - age   1:    1738104 bytes,    1738104 total
[2024-02-24T21:45:57.406+0000][7][gc,age      ] GC(231) - age   2:       3176 bytes,    1741280 total
[2024-02-24T21:45:57.406+0000][7][gc,age      ] GC(231) - age   3:      11784 bytes,    1753064 total
[2024-02-24T21:45:57.406+0000][7][gc,age      ] GC(231) - age   4:       3888 bytes,    1756952 total
[2024-02-24T21:45:57.406+0000][7][gc,age      ] GC(231) - age   5:       8256 bytes,    1765208 total
[2024-02-24T21:45:57.406+0000][7][gc,age      ] GC(231) - age   7:      17264 bytes,    1782472 total
[2024-02-24T21:45:57.406+0000][7][gc,age      ] GC(231) - age   8:       8360 bytes,    1790832 total
[2024-02-24T21:45:57.406+0000][7][gc,age      ] GC(231) - age   9:         24 bytes,    1790856 total
[2024-02-24T21:45:57.406+0000][7][gc,age      ] GC(231) - age  12:      16048 bytes,    1806904 total
[2024-02-24T21:45:57.406+0000][7][gc,age      ] GC(231) - age  13:      14352 bytes,    1821256 total
[2024-02-24T21:45:57.406+0000][7][gc,age      ] GC(231) - age  14:     200728 bytes,    2021984 total
[2024-02-24T21:45:57.406+0000][7][gc,age      ] GC(231) - age  15:     143400 bytes,    2165384 total
[2024-02-24T21:45:57.406+0000][7][gc,heap     ] GC(231) Eden regions: 152->0(152)
[2024-02-24T21:45:57.406+0000][7][gc,heap     ] GC(231) Survivor regions: 1->1(20)
[2024-02-24T21:45:57.406+0000][7][gc,heap     ] GC(231) Old regions: 25->25
[2024-02-24T21:45:57.406+0000][7][gc,heap     ] GC(231) Archive regions: 2->2
[2024-02-24T21:45:57.406+0000][7][gc,heap     ] GC(231) Humongous regions: 0->0
[2024-02-24T21:45:57.406+0000][7][gc,metaspace] GC(231) Metaspace: 128852K(132416K)->128852K(132416K) NonClass: 112005K(113856K)->112005K(113856K) Class: 16847K(18560K)->16847K(18560K)
[2024-02-24T21:45:57.406+0000][7][gc          ] GC(231) Pause Young (Normal) (G1 Evacuation Pause) 711M->103M(1024M) 2.093ms
[2024-02-24T21:45:57.406+0000][7][gc,cpu      ] GC(231) User=0.01s Sys=0.01s Real=0.00s
[2024-02-24T21:45:57.406+0000][7][safepoint   ] Safepoint "G1CollectForAllocation", Time since last: 153538856428 ns, Reaching safepoint: 41259 ns, At safepoint: 2160613 ns, Total: 2201872 ns
[2024-02-24T21:49:08.483+0000][7][gc,start    ] GC(232) Pause Young (Normal) (G1 Evacuation Pause)
[2024-02-24T21:49:08.483+0000][7][gc,task     ] GC(232) Using 8 workers of 8 for evacuation
[2024-02-24T21:49:08.483+0000][7][gc,age      ] GC(232) Desired survivor size 41943040 bytes, new threshold 15 (max threshold 15)
[2024-02-24T21:49:08.486+0000][7][gc,phases   ] GC(232)   Pre Evacuate Collection Set: 0.1ms
[2024-02-24T21:49:08.486+0000][7][gc,phases   ] GC(232)   Merge Heap Roots: 0.1ms
[2024-02-24T21:49:08.486+0000][7][gc,phases   ] GC(232)   Evacuate Collection Set: 1.3ms
[2024-02-24T21:49:08.486+0000][7][gc,phases   ] GC(232)   Post Evacuate Collection Set: 0.7ms
[2024-02-24T21:49:08.486+0000][7][gc,phases   ] GC(232)   Other: 0.1ms
[2024-02-24T21:49:08.486+0000][7][gc,age      ] GC(232) Age table with threshold 15 (max threshold 15)
[2024-02-24T21:49:08.486+0000][7][gc,age      ] GC(232) - age   1:    1301696 bytes,    1301696 total
[2024-02-24T21:49:08.486+0000][7][gc,age      ] GC(232) - age   2:       4272 bytes,    1305968 total
[2024-02-24T21:49:08.486+0000][7][gc,age      ] GC(232) - age   3:        800 bytes,    1306768 total
[2024-02-24T21:49:08.486+0000][7][gc,age      ] GC(232) - age   4:      11720 bytes,    1318488 total
[2024-02-24T21:49:08.486+0000][7][gc,age      ] GC(232) - age   5:       3760 bytes,    1322248 total
[2024-02-24T21:49:08.486+0000][7][gc,age      ] GC(232) - age   6:       8256 bytes,    1330504 total
[2024-02-24T21:49:08.486+0000][7][gc,age      ] GC(232) - age   8:      16880 bytes,    1347384 total
[2024-02-24T21:49:08.486+0000][7][gc,age      ] GC(232) - age   9:       8176 bytes,    1355560 total
[2024-02-24T21:49:08.486+0000][7][gc,age      ] GC(232) - age  10:         24 bytes,    1355584 total
[2024-02-24T21:49:08.486+0000][7][gc,age      ] GC(232) - age  13:      16048 bytes,    1371632 total
[2024-02-24T21:49:08.486+0000][7][gc,age      ] GC(232) - age  14:      14352 bytes,    1385984 total
[2024-02-24T21:49:08.486+0000][7][gc,age      ] GC(232) - age  15:     200728 bytes,    1586712 total
[2024-02-24T21:49:08.486+0000][7][gc,heap     ] GC(232) Eden regions: 152->0(152)
[2024-02-24T21:49:08.486+0000][7][gc,heap     ] GC(232) Survivor regions: 1->1(20)
[2024-02-24T21:49:08.486+0000][7][gc,heap     ] GC(232) Old regions: 25->25
[2024-02-24T21:49:08.486+0000][7][gc,heap     ] GC(232) Archive regions: 2->2
[2024-02-24T21:49:08.486+0000][7][gc,heap     ] GC(232) Humongous regions: 0->0
[2024-02-24T21:49:08.486+0000][7][gc,metaspace] GC(232) Metaspace: 128852K(132416K)->128852K(132416K) NonClass: 112005K(113856K)->112005K(113856K) Class: 16847K(18560K)->16847K(18560K)
[2024-02-24T21:49:08.486+0000][7][gc          ] GC(232) Pause Young (Normal) (G1 Evacuation Pause) 711M->103M(1024M) 2.549ms
[2024-02-24T21:49:08.486+0000][7][gc,cpu      ] GC(232) User=0.01s Sys=0.00s Real=0.00s
[2024-02-24T21:49:08.486+0000][7][safepoint   ] Safepoint "G1CollectForAllocation", Time since last: 191076985050 ns, Reaching safepoint: 38685 ns, At safepoint: 2637411 ns, Total: 2676096 ns
[2024-02-24T21:52:15.274+0000][7][gc,start    ] GC(233) Pause Young (Normal) (G1 Evacuation Pause)
[2024-02-24T21:52:15.274+0000][7][gc,task     ] GC(233) Using 8 workers of 8 for evacuation
[2024-02-24T21:52:15.274+0000][7][gc,age      ] GC(233) Desired survivor size 41943040 bytes, new threshold 15 (max threshold 15)
[2024-02-24T21:52:15.275+0000][7][gc,phases   ] GC(233)   Pre Evacuate Collection Set: 0.1ms
[2024-02-24T21:52:15.276+0000][7][gc,phases   ] GC(233)   Merge Heap Roots: 0.0ms
[2024-02-24T21:52:15.276+0000][7][gc,phases   ] GC(233)   Evacuate Collection Set: 1.0ms
[2024-02-24T21:52:15.276+0000][7][gc,phases   ] GC(233)   Post Evacuate Collection Set: 0.6ms
[2024-02-24T21:52:15.276+0000][7][gc,phases   ] GC(233)   Other: 0.1ms
[2024-02-24T21:52:15.276+0000][7][gc,age      ] GC(233) Age table with threshold 15 (max threshold 15)
[2024-02-24T21:52:15.276+0000][7][gc,age      ] GC(233) - age   1:    1936760 bytes,    1936760 total
[2024-02-24T21:52:15.276+0000][7][gc,age      ] GC(233) - age   2:       2200 bytes,    1938960 total
[2024-02-24T21:52:15.276+0000][7][gc,age      ] GC(233) - age   3:       1360 bytes,    1940320 total
[2024-02-24T21:52:15.276+0000][7][gc,age      ] GC(233) - age   4:        416 bytes,    1940736 total
[2024-02-24T21:52:15.276+0000][7][gc,age      ] GC(233) - age   5:        184 bytes,    1940920 total
[2024-02-24T21:52:15.276+0000][7][gc,age      ] GC(233) - age   6:       3392 bytes,    1944312 total
[2024-02-24T21:52:15.276+0000][7][gc,age      ] GC(233) - age   7:       8256 bytes,    1952568 total
[2024-02-24T21:52:15.276+0000][7][gc,age      ] GC(233) - age   9:      16880 bytes,    1969448 total
[2024-02-24T21:52:15.276+0000][7][gc,age      ] GC(233) - age  10:       8176 bytes,    1977624 total
[2024-02-24T21:52:15.276+0000][7][gc,age      ] GC(233) - age  11:         24 bytes,    1977648 total
[2024-02-24T21:52:15.276+0000][7][gc,age      ] GC(233) - age  14:      16048 bytes,    1993696 total
[2024-02-24T21:52:15.276+0000][7][gc,age      ] GC(233) - age  15:      14352 bytes,    2008048 total
[2024-02-24T21:52:15.276+0000][7][gc,heap     ] GC(233) Eden regions: 152->0(152)
[2024-02-24T21:52:15.276+0000][7][gc,heap     ] GC(233) Survivor regions: 1->1(20)
[2024-02-24T21:52:15.276+0000][7][gc,heap     ] GC(233) Old regions: 25->25
[2024-02-24T21:52:15.276+0000][7][gc,heap     ] GC(233) Archive regions: 2->2
[2024-02-24T21:52:15.276+0000][7][gc,heap     ] GC(233) Humongous regions: 0->0
[2024-02-24T21:52:15.276+0000][7][gc,metaspace] GC(233) Metaspace: 128852K(132416K)->128852K(132416K) NonClass: 112005K(113856K)->112005K(113856K) Class: 16847K(18560K)->16847K(18560K)
[2024-02-24T21:52:15.276+0000][7][gc          ] GC(233) Pause Young (Normal) (G1 Evacuation Pause) 711M->103M(1024M) 1.994ms
[2024-02-24T21:52:15.276+0000][7][gc,cpu      ] GC(233) User=0.01s Sys=0.00s Real=0.01s
[2024-02-24T21:52:15.276+0000][7][safepoint   ] Safepoint "G1CollectForAllocation", Time since last: 186787787409 ns, Reaching safepoint: 38941 ns, At safepoint: 2060929 ns, Total: 2099870 ns
[2024-02-24T21:55:11.482+0000][7][gc,start    ] GC(234) Pause Young (Normal) (G1 Evacuation Pause)
[2024-02-24T21:55:11.482+0000][7][gc,task     ] GC(234) Using 8 workers of 8 for evacuation
[2024-02-24T21:55:11.482+0000][7][gc,age      ] GC(234) Desired survivor size 41943040 bytes, new threshold 15 (max threshold 15)
[2024-02-24T21:55:11.485+0000][7][gc,phases   ] GC(234)   Pre Evacuate Collection Set: 0.1ms
[2024-02-24T21:55:11.485+0000][7][gc,phases   ] GC(234)   Merge Heap Roots: 0.1ms
[2024-02-24T21:55:11.485+0000][7][gc,phases   ] GC(234)   Evacuate Collection Set: 1.6ms
[2024-02-24T21:55:11.485+0000][7][gc,phases   ] GC(234)   Post Evacuate Collection Set: 0.8ms
[2024-02-24T21:55:11.485+0000][7][gc,phases   ] GC(234)   Other: 0.1ms
[2024-02-24T21:55:11.485+0000][7][gc,age      ] GC(234) Age table with threshold 15 (max threshold 15)
[2024-02-24T21:55:11.485+0000][7][gc,age      ] GC(234) - age   1:    1675248 bytes,    1675248 total
[2024-02-24T21:55:11.485+0000][7][gc,age      ] GC(234) - age   2:      13872 bytes,    1689120 total
[2024-02-24T21:55:11.485+0000][7][gc,age      ] GC(234) - age   3:        824 bytes,    1689944 total
[2024-02-24T21:55:11.485+0000][7][gc,age      ] GC(234) - age   4:       1296 bytes,    1691240 total
[2024-02-24T21:55:11.485+0000][7][gc,age      ] GC(234) - age   6:        184 bytes,    1691424 total
[2024-02-24T21:55:11.485+0000][7][gc,age      ] GC(234) - age   7:       3392 bytes,    1694816 total
[2024-02-24T21:55:11.485+0000][7][gc,age      ] GC(234) - age   8:        240 bytes,    1695056 total
[2024-02-24T21:55:11.485+0000][7][gc,age      ] GC(234) - age  10:      16760 bytes,    1711816 total
[2024-02-24T21:55:11.485+0000][7][gc,age      ] GC(234) - age  11:       8176 bytes,    1719992 total
[2024-02-24T21:55:11.485+0000][7][gc,age      ] GC(234) - age  12:         24 bytes,    1720016 total
[2024-02-24T21:55:11.485+0000][7][gc,age      ] GC(234) - age  15:      16048 bytes,    1736064 total
[2024-02-24T21:55:11.485+0000][7][gc,heap     ] GC(234) Eden regions: 152->0(152)
[2024-02-24T21:55:11.485+0000][7][gc,heap     ] GC(234) Survivor regions: 1->1(20)
[2024-02-24T21:55:11.485+0000][7][gc,heap     ] GC(234) Old regions: 25->25
[2024-02-24T21:55:11.485+0000][7][gc,heap     ] GC(234) Archive regions: 2->2
[2024-02-24T21:55:11.485+0000][7][gc,heap     ] GC(234) Humongous regions: 0->0
[2024-02-24T21:55:11.485+0000][7][gc,metaspace] GC(234) Metaspace: 128852K(132416K)->128852K(132416K) NonClass: 112005K(113856K)->112005K(113856K) Class: 16847K(18560K)->16847K(18560K)
[2024-02-24T21:55:11.485+0000][7][gc          ] GC(234) Pause Young (Normal) (G1 Evacuation Pause) 711M->103M(1024M) 3.034ms
[2024-02-24T21:55:11.485+0000][7][gc,cpu      ] GC(234) User=0.01s Sys=0.00s Real=0.00s
[2024-02-24T21:55:11.485+0000][7][safepoint   ] Safepoint "G1CollectForAllocation", Time since last: 176206479728 ns, Reaching safepoint: 67483 ns, At safepoint: 3129324 ns, Total: 3196807 ns
[2024-02-24T21:57:32.595+0000][7][gc,start    ] GC(235) Pause Young (Normal) (G1 Evacuation Pause)
[2024-02-24T21:57:32.595+0000][7][gc,task     ] GC(235) Using 8 workers of 8 for evacuation
[2024-02-24T21:57:32.595+0000][7][gc,age      ] GC(235) Desired survivor size 41943040 bytes, new threshold 15 (max threshold 15)
[2024-02-24T21:57:32.597+0000][7][gc,phases   ] GC(235)   Pre Evacuate Collection Set: 0.1ms
[2024-02-24T21:57:32.597+0000][7][gc,phases   ] GC(235)   Merge Heap Roots: 0.1ms
[2024-02-24T21:57:32.597+0000][7][gc,phases   ] GC(235)   Evacuate Collection Set: 1.1ms
[2024-02-24T21:57:32.597+0000][7][gc,phases   ] GC(235)   Post Evacuate Collection Set: 0.6ms
[2024-02-24T21:57:32.597+0000][7][gc,phases   ] GC(235)   Other: 0.1ms
[2024-02-24T21:57:32.597+0000][7][gc,age      ] GC(235) Age table with threshold 15 (max threshold 15)
[2024-02-24T21:57:32.597+0000][7][gc,age      ] GC(235) - age   1:    2215072 bytes,    2215072 total
[2024-02-24T21:57:32.597+0000][7][gc,age      ] GC(235) - age   2:      12760 bytes,    2227832 total
[2024-02-24T21:57:32.597+0000][7][gc,age      ] GC(235) - age   3:       4256 bytes,    2232088 total
[2024-02-24T21:57:32.597+0000][7][gc,age      ] GC(235) - age   4:        448 bytes,    2232536 total
[2024-02-24T21:57:32.597+0000][7][gc,age      ] GC(235) - age   5:        608 bytes,    2233144 total
[2024-02-24T21:57:32.597+0000][7][gc,age      ] GC(235) - age   7:        184 bytes,    2233328 total
[2024-02-24T21:57:32.597+0000][7][gc,age      ] GC(235) - age   8:       3392 bytes,    2236720 total
[2024-02-24T21:57:32.597+0000][7][gc,age      ] GC(235) - age   9:        208 bytes,    2236928 total
[2024-02-24T21:57:32.597+0000][7][gc,age      ] GC(235) - age  11:      16760 bytes,    2253688 total
[2024-02-24T21:57:32.597+0000][7][gc,age      ] GC(235) - age  12:       8176 bytes,    2261864 total
[2024-02-24T21:57:32.597+0000][7][gc,age      ] GC(235) - age  13:         24 bytes,    2261888 total
[2024-02-24T21:57:32.597+0000][7][gc,heap     ] GC(235) Eden regions: 152->0(152)
[2024-02-24T21:57:32.597+0000][7][gc,heap     ] GC(235) Survivor regions: 1->1(20)
[2024-02-24T21:57:32.597+0000][7][gc,heap     ] GC(235) Old regions: 25->25
[2024-02-24T21:57:32.597+0000][7][gc,heap     ] GC(235) Archive regions: 2->2
[2024-02-24T21:57:32.597+0000][7][gc,heap     ] GC(235) Humongous regions: 0->0
[2024-02-24T21:57:32.597+0000][7][gc,metaspace] GC(235) Metaspace: 128856K(132480K)->128856K(132480K) NonClass: 112008K(113920K)->112008K(113920K) Class: 16847K(18560K)->16847K(18560K)
[2024-02-24T21:57:32.597+0000][7][gc          ] GC(235) Pause Young (Normal) (G1 Evacuation Pause) 711M->104M(1024M) 2.267ms
[2024-02-24T21:57:32.597+0000][7][gc,cpu      ] GC(235) User=0.00s Sys=0.00s Real=0.00s
[2024-02-24T21:57:32.597+0000][7][safepoint   ] Safepoint "G1CollectForAllocation", Time since last: 141109103361 ns, Reaching safepoint: 110021 ns, At safepoint: 2354645 ns, Total: 2464666 ns
[2024-02-24T21:59:56.499+0000][7][gc,start    ] GC(236) Pause Young (Normal) (G1 Evacuation Pause)
[2024-02-24T21:59:56.499+0000][7][gc,task     ] GC(236) Using 8 workers of 8 for evacuation
[2024-02-24T21:59:56.499+0000][7][gc,age      ] GC(236) Desired survivor size 41943040 bytes, new threshold 15 (max threshold 15)
[2024-02-24T21:59:56.501+0000][7][gc,phases   ] GC(236)   Pre Evacuate Collection Set: 0.1ms
[2024-02-24T21:59:56.501+0000][7][gc,phases   ] GC(236)   Merge Heap Roots: 0.1ms
[2024-02-24T21:59:56.501+0000][7][gc,phases   ] GC(236)   Evacuate Collection Set: 1.0ms
[2024-02-24T21:59:56.501+0000][7][gc,phases   ] GC(236)   Post Evacuate Collection Set: 0.7ms
[2024-02-24T21:59:56.501+0000][7][gc,phases   ] GC(236)   Other: 0.1ms
[2024-02-24T21:59:56.501+0000][7][gc,age      ] GC(236) Age table with threshold 15 (max threshold 15)
[2024-02-24T21:59:56.501+0000][7][gc,age      ] GC(236) - age   1:     768744 bytes,     768744 total
[2024-02-24T21:59:56.501+0000][7][gc,age      ] GC(236) - age   2:      10912 bytes,     779656 total
[2024-02-24T21:59:56.501+0000][7][gc,age      ] GC(236) - age   3:       1704 bytes,     781360 total
[2024-02-24T21:59:56.501+0000][7][gc,age      ] GC(236) - age   4:        312 bytes,     781672 total
[2024-02-24T21:59:56.501+0000][7][gc,age      ] GC(236) - age   5:        448 bytes,     782120 total
[2024-02-24T21:59:56.501+0000][7][gc,age      ] GC(236) - age   6:        216 bytes,     782336 total
[2024-02-24T21:59:56.501+0000][7][gc,age      ] GC(236) - age   8:        184 bytes,     782520 total
[2024-02-24T21:59:56.501+0000][7][gc,age      ] GC(236) - age   9:       3392 bytes,     785912 total
[2024-02-24T21:59:56.501+0000][7][gc,age      ] GC(236) - age  10:         24 bytes,     785936 total
[2024-02-24T21:59:56.501+0000][7][gc,age      ] GC(236) - age  12:      16760 bytes,     802696 total
[2024-02-24T21:59:56.501+0000][7][gc,age      ] GC(236) - age  13:       8176 bytes,     810872 total
[2024-02-24T21:59:56.501+0000][7][gc,age      ] GC(236) - age  14:         24 bytes,     810896 total
[2024-02-24T21:59:56.501+0000][7][gc,heap     ] GC(236) Eden regions: 152->0(152)
[2024-02-24T21:59:56.501+0000][7][gc,heap     ] GC(236) Survivor regions: 1->1(20)
[2024-02-24T21:59:56.501+0000][7][gc,heap     ] GC(236) Old regions: 25->25
[2024-02-24T21:59:56.501+0000][7][gc,heap     ] GC(236) Archive regions: 2->2
[2024-02-24T21:59:56.501+0000][7][gc,heap     ] GC(236) Humongous regions: 0->0
[2024-02-24T21:59:56.501+0000][7][gc,metaspace] GC(236) Metaspace: 128856K(132480K)->128856K(132480K) NonClass: 112008K(113920K)->112008K(113920K) Class: 16847K(18560K)->16847K(18560K)
[2024-02-24T21:59:56.501+0000][7][gc          ] GC(236) Pause Young (Normal) (G1 Evacuation Pause) 712M->102M(1024M) 2.340ms
[2024-02-24T21:59:56.501+0000][7][gc,cpu      ] GC(236) User=0.00s Sys=0.00s Real=0.00s
[2024-02-24T21:59:56.501+0000][7][safepoint   ] Safepoint "G1CollectForAllocation", Time since last: 143901857371 ns, Reaching safepoint: 90135 ns, At safepoint: 2445207 ns, Total: 2535342 ns
[2024-02-24T22:01:45.513+0000][7][safepoint   ] Safepoint "Cleanup", Time since last: 109011539974 ns, Reaching safepoint: 65219 ns, At safepoint: 40787 ns, Total: 106006 ns
[2024-02-24T22:02:21.124+0000][7][gc,start    ] GC(237) Pause Young (Normal) (G1 Evacuation Pause)
[2024-02-24T22:02:21.124+0000][7][gc,task     ] GC(237) Using 8 workers of 8 for evacuation
[2024-02-24T22:02:21.124+0000][7][gc,age      ] GC(237) Desired survivor size 41943040 bytes, new threshold 15 (max threshold 15)
[2024-02-24T22:02:21.127+0000][7][gc,phases   ] GC(237)   Pre Evacuate Collection Set: 0.1ms
[2024-02-24T22:02:21.127+0000][7][gc,phases   ] GC(237)   Merge Heap Roots: 0.1ms
[2024-02-24T22:02:21.127+0000][7][gc,phases   ] GC(237)   Evacuate Collection Set: 1.6ms
[2024-02-24T22:02:21.127+0000][7][gc,phases   ] GC(237)   Post Evacuate Collection Set: 0.8ms
[2024-02-24T22:02:21.127+0000][7][gc,phases   ] GC(237)   Other: 0.1ms
[2024-02-24T22:02:21.127+0000][7][gc,age      ] GC(237) Age table with threshold 15 (max threshold 15)
[2024-02-24T22:02:21.127+0000][7][gc,age      ] GC(237) - age   1:    1314384 bytes,    1314384 total
[2024-02-24T22:02:21.127+0000][7][gc,age      ] GC(237) - age   2:       5512 bytes,    1319896 total
[2024-02-24T22:02:21.127+0000][7][gc,age      ] GC(237) - age   3:       9120 bytes,    1329016 total
[2024-02-24T22:02:21.127+0000][7][gc,age      ] GC(237) - age   4:        832 bytes,    1329848 total
[2024-02-24T22:02:21.127+0000][7][gc,age      ] GC(237) - age   5:        248 bytes,    1330096 total
[2024-02-24T22:02:21.127+0000][7][gc,age      ] GC(237) - age   6:        448 bytes,    1330544 total
[2024-02-24T22:02:21.127+0000][7][gc,age      ] GC(237) - age   7:        216 bytes,    1330760 total
[2024-02-24T22:02:21.127+0000][7][gc,age      ] GC(237) - age   9:        184 bytes,    1330944 total
[2024-02-24T22:02:21.127+0000][7][gc,age      ] GC(237) - age  10:       3392 bytes,    1334336 total
[2024-02-24T22:02:21.127+0000][7][gc,age      ] GC(237) - age  11:         24 bytes,    1334360 total
[2024-02-24T22:02:21.127+0000][7][gc,age      ] GC(237) - age  13:      16760 bytes,    1351120 total
[2024-02-24T22:02:21.127+0000][7][gc,age      ] GC(237) - age  14:       8176 bytes,    1359296 total
[2024-02-24T22:02:21.127+0000][7][gc,age      ] GC(237) - age  15:         24 bytes,    1359320 total
[2024-02-24T22:02:21.127+0000][7][gc,heap     ] GC(237) Eden regions: 152->0(152)
[2024-02-24T22:02:21.127+0000][7][gc,heap     ] GC(237) Survivor regions: 1->1(20)
[2024-02-24T22:02:21.127+0000][7][gc,heap     ] GC(237) Old regions: 25->25
[2024-02-24T22:02:21.127+0000][7][gc,heap     ] GC(237) Archive regions: 2->2
[2024-02-24T22:02:21.127+0000][7][gc,heap     ] GC(237) Humongous regions: 0->0
[2024-02-24T22:02:21.127+0000][7][gc,metaspace] GC(237) Metaspace: 128856K(132480K)->128856K(132480K) NonClass: 112009K(113920K)->112009K(113920K) Class: 16847K(18560K)->16847K(18560K)
[2024-02-24T22:02:21.127+0000][7][gc          ] GC(237) Pause Young (Normal) (G1 Evacuation Pause) 710M->103M(1024M) 3.103ms
[2024-02-24T22:02:21.127+0000][7][gc,cpu      ] GC(237) User=0.02s Sys=0.00s Real=0.00s
[2024-02-24T22:02:21.127+0000][7][safepoint   ] Safepoint "G1CollectForAllocation", Time since last: 35610797805 ns, Reaching safepoint: 101529 ns, At safepoint: 3207210 ns, Total: 3308739 ns
[2024-02-24T22:04:07.139+0000][7][safepoint   ] Safepoint "Cleanup", Time since last: 106011628085 ns, Reaching safepoint: 56007 ns, At safepoint: 3508 ns, Total: 59515 ns
[2024-02-24T22:04:40.717+0000][7][gc,start    ] GC(238) Pause Young (Normal) (G1 Evacuation Pause)
[2024-02-24T22:04:40.717+0000][7][gc,task     ] GC(238) Using 8 workers of 8 for evacuation
[2024-02-24T22:04:40.717+0000][7][gc,age      ] GC(238) Desired survivor size 41943040 bytes, new threshold 15 (max threshold 15)
[2024-02-24T22:04:40.720+0000][7][gc,phases   ] GC(238)   Pre Evacuate Collection Set: 0.1ms
[2024-02-24T22:04:40.720+0000][7][gc,phases   ] GC(238)   Merge Heap Roots: 0.1ms
[2024-02-24T22:04:40.720+0000][7][gc,phases   ] GC(238)   Evacuate Collection Set: 1.7ms
[2024-02-24T22:04:40.720+0000][7][gc,phases   ] GC(238)   Post Evacuate Collection Set: 0.6ms
[2024-02-24T22:04:40.720+0000][7][gc,phases   ] GC(238)   Other: 0.1ms
[2024-02-24T22:04:40.720+0000][7][gc,age      ] GC(238) Age table with threshold 15 (max threshold 15)
[2024-02-24T22:04:40.720+0000][7][gc,age      ] GC(238) - age   1:    1785768 bytes,    1785768 total
[2024-02-24T22:04:40.720+0000][7][gc,age      ] GC(238) - age   2:     255384 bytes,    2041152 total
[2024-02-24T22:04:40.720+0000][7][gc,age      ] GC(238) - age   3:       4304 bytes,    2045456 total
[2024-02-24T22:04:40.720+0000][7][gc,age      ] GC(238) - age   4:       8760 bytes,    2054216 total
[2024-02-24T22:04:40.720+0000][7][gc,age      ] GC(238) - age   5:        432 bytes,    2054648 total
[2024-02-24T22:04:40.720+0000][7][gc,age      ] GC(238) - age   6:        248 bytes,    2054896 total
[2024-02-24T22:04:40.720+0000][7][gc,age      ] GC(238) - age   7:        448 bytes,    2055344 total
[2024-02-24T22:04:40.720+0000][7][gc,age      ] GC(238) - age   8:        216 bytes,    2055560 total
[2024-02-24T22:04:40.720+0000][7][gc,age      ] GC(238) - age  10:        184 bytes,    2055744 total
[2024-02-24T22:04:40.720+0000][7][gc,age      ] GC(238) - age  11:       3392 bytes,    2059136 total
[2024-02-24T22:04:40.720+0000][7][gc,age      ] GC(238) - age  12:         24 bytes,    2059160 total
[2024-02-24T22:04:40.720+0000][7][gc,age      ] GC(238) - age  14:      16760 bytes,    2075920 total
[2024-02-24T22:04:40.720+0000][7][gc,age      ] GC(238) - age  15:        160 bytes,    2076080 total
[2024-02-24T22:04:40.720+0000][7][gc,heap     ] GC(238) Eden regions: 152->0(152)
[2024-02-24T22:04:40.720+0000][7][gc,heap     ] GC(238) Survivor regions: 1->1(20)
[2024-02-24T22:04:40.720+0000][7][gc,heap     ] GC(238) Old regions: 25->25
[2024-02-24T22:04:40.720+0000][7][gc,heap     ] GC(238) Archive regions: 2->2
[2024-02-24T22:04:40.720+0000][7][gc,heap     ] GC(238) Humongous regions: 0->0
[2024-02-24T22:04:40.720+0000][7][gc,metaspace] GC(238) Metaspace: 128858K(132480K)->128858K(132480K) NonClass: 112011K(113920K)->112011K(113920K) Class: 16847K(18560K)->16847K(18560K)
[2024-02-24T22:04:40.720+0000][7][gc          ] GC(238) Pause Young (Normal) (G1 Evacuation Pause) 711M->103M(1024M) 2.766ms
[2024-02-24T22:04:40.720+0000][7][gc,cpu      ] GC(238) User=0.02s Sys=0.00s Real=0.00s
[2024-02-24T22:04:40.720+0000][7][safepoint   ] Safepoint "G1CollectForAllocation", Time since last: 33578449573 ns, Reaching safepoint: 159883 ns, At safepoint: 2863309 ns, Total: 3023192 ns
[2024-02-24T22:04:41.088+0000][7][safepoint   ] Safepoint "ICBufferFull", Time since last: 367930919 ns, Reaching safepoint: 244317 ns, At safepoint: 4897 ns, Total: 249214 ns
[2024-02-24T22:04:42.089+0000][7][safepoint   ] Safepoint "Cleanup", Time since last: 1000130780 ns, Reaching safepoint: 169617 ns, At safepoint: 12057 ns, Total: 181674 ns
[2024-02-24T22:04:43.089+0000][7][safepoint   ] Safepoint "Cleanup", Time since last: 1000136212 ns, Reaching safepoint: 69581 ns, At safepoint: 6803 ns, Total: 76384 ns
[2024-02-24T22:04:50.094+0000][7][safepoint   ] Safepoint "Cleanup", Time since last: 7005121779 ns, Reaching safepoint: 46563 ns, At safepoint: 3455 ns, Total: 50018 ns
[2024-02-24T22:04:54.095+0000][7][safepoint   ] Safepoint "Cleanup", Time since last: 4000442788 ns, Reaching safepoint: 78627 ns, At safepoint: 8128 ns, Total: 86755 ns
[2024-02-24T22:05:42.100+0000][7][safepoint   ] Safepoint "Cleanup", Time since last: 48005506092 ns, Reaching safepoint: 67663 ns, At safepoint: 6145 ns, Total: 73808 ns
[2024-02-24T22:05:45.101+0000][7][safepoint   ] Safepoint "Cleanup", Time since last: 3000395792 ns, Reaching safepoint: 60714 ns, At safepoint: 6486 ns, Total: 67200 ns
[2024-02-24T22:06:40.107+0000][7][safepoint   ] Safepoint "Cleanup", Time since last: 55006224551 ns, Reaching safepoint: 73675 ns, At safepoint: 50574 ns, Total: 124249 ns
[2024-02-24T22:06:43.108+0000][7][safepoint   ] Safepoint "Cleanup", Time since last: 3000458923 ns, Reaching safepoint: 86812 ns, At safepoint: 8492 ns, Total: 95304 ns
[2024-02-24T22:06:45.108+0000][7][safepoint   ] Safepoint "Cleanup", Time since last: 2000355363 ns, Reaching safepoint: 106208 ns, At safepoint: 6179 ns, Total: 112387 ns
[2024-02-24T22:06:53.554+0000][7][gc,start    ] GC(239) Pause Young (Normal) (G1 Evacuation Pause)
[2024-02-24T22:06:53.554+0000][7][gc,task     ] GC(239) Using 8 workers of 8 for evacuation
[2024-02-24T22:06:53.554+0000][7][gc,age      ] GC(239) Desired survivor size 41943040 bytes, new threshold 15 (max threshold 15)
[2024-02-24T22:06:53.556+0000][7][gc,phases   ] GC(239)   Pre Evacuate Collection Set: 0.1ms
[2024-02-24T22:06:53.556+0000][7][gc,phases   ] GC(239)   Merge Heap Roots: 0.1ms
[2024-02-24T22:06:53.556+0000][7][gc,phases   ] GC(239)   Evacuate Collection Set: 1.6ms
[2024-02-24T22:06:53.556+0000][7][gc,phases   ] GC(239)   Post Evacuate Collection Set: 0.8ms
[2024-02-24T22:06:53.556+0000][7][gc,phases   ] GC(239)   Other: 0.1ms
[2024-02-24T22:06:53.556+0000][7][gc,age      ] GC(239) Age table with threshold 15 (max threshold 15)
[2024-02-24T22:06:53.556+0000][7][gc,age      ] GC(239) - age   1:    2198960 bytes,    2198960 total
[2024-02-24T22:06:53.556+0000][7][gc,age      ] GC(239) - age   2:     161752 bytes,    2360712 total
[2024-02-24T22:06:53.556+0000][7][gc,age      ] GC(239) - age   3:     107040 bytes,    2467752 total
[2024-02-24T22:06:53.556+0000][7][gc,age      ] GC(239) - age   4:       4240 bytes,    2471992 total
[2024-02-24T22:06:53.556+0000][7][gc,age      ] GC(239) - age   5:       8016 bytes,    2480008 total
[2024-02-24T22:06:53.556+0000][7][gc,age      ] GC(239) - age   6:         56 bytes,    2480064 total
[2024-02-24T22:06:53.556+0000][7][gc,age      ] GC(239) - age   7:        184 bytes,    2480248 total
[2024-02-24T22:06:53.556+0000][7][gc,age      ] GC(239) - age   8:        448 bytes,    2480696 total
[2024-02-24T22:06:53.556+0000][7][gc,age      ] GC(239) - age   9:        184 bytes,    2480880 total
[2024-02-24T22:06:53.556+0000][7][gc,age      ] GC(239) - age  11:        184 bytes,    2481064 total
[2024-02-24T22:06:53.556+0000][7][gc,age      ] GC(239) - age  12:       3392 bytes,    2484456 total
[2024-02-24T22:06:53.556+0000][7][gc,age      ] GC(239) - age  13:         24 bytes,    2484480 total
[2024-02-24T22:06:53.556+0000][7][gc,age      ] GC(239) - age  15:      16760 bytes,    2501240 total
[2024-02-24T22:06:53.556+0000][7][gc,heap     ] GC(239) Eden regions: 152->0(152)
[2024-02-24T22:06:53.556+0000][7][gc,heap     ] GC(239) Survivor regions: 1->1(20)
[2024-02-24T22:06:53.556+0000][7][gc,heap     ] GC(239) Old regions: 25->25
[2024-02-24T22:06:53.556+0000][7][gc,heap     ] GC(239) Archive regions: 2->2
[2024-02-24T22:06:53.556+0000][7][gc,heap     ] GC(239) Humongous regions: 0->0
[2024-02-24T22:06:53.556+0000][7][gc,metaspace] GC(239) Metaspace: 128882K(132480K)->128882K(132480K) NonClass: 112034K(113920K)->112034K(113920K) Class: 16847K(18560K)->16847K(18560K)
[2024-02-24T22:06:53.557+0000][7][gc          ] GC(239) Pause Young (Normal) (G1 Evacuation Pause) 711M->104M(1024M) 3.005ms
[2024-02-24T22:06:53.557+0000][7][gc,cpu      ] GC(239) User=0.01s Sys=0.00s Real=0.01s
[2024-02-24T22:06:53.557+0000][7][safepoint   ] Safepoint "G1CollectForAllocation", Time since last: 8445395224 ns, Reaching safepoint: 34685 ns, At safepoint: 3095937 ns, Total: 3130622 ns
[2024-02-24T22:07:05.558+0000][7][safepoint   ] Safepoint "Cleanup", Time since last: 12001019105 ns, Reaching safepoint: 144461 ns, At safepoint: 9955 ns, Total: 154416 ns
[2024-02-24T22:07:09.558+0000][7][safepoint   ] Safepoint "Cleanup", Time since last: 4000519075 ns, Reaching safepoint: 70828 ns, At safepoint: 8238 ns, Total: 79066 ns
[2024-02-24T22:08:43.569+0000][7][safepoint   ] Safepoint "Cleanup", Time since last: 94010222887 ns, Reaching safepoint: 102082 ns, At safepoint: 13786 ns, Total: 115868 ns
[2024-02-24T22:09:27.574+0000][7][safepoint   ] Safepoint "Cleanup", Time since last: 44005010429 ns, Reaching safepoint: 101203 ns, At safepoint: 10462 ns, Total: 111665 ns
[2024-02-24T22:09:34.575+0000][7][safepoint   ] Safepoint "Cleanup", Time since last: 7000607871 ns, Reaching safepoint: 151339 ns, At safepoint: 25049 ns, Total: 176388 ns
[2024-02-24T22:09:39.576+0000][7][safepoint   ] Safepoint "Cleanup", Time since last: 5000890410 ns, Reaching safepoint: 86397 ns, At safepoint: 8318 ns, Total: 94715 ns
[2024-02-24T22:09:43.576+0000][7][safepoint   ] Safepoint "Cleanup", Time since last: 4000708040 ns, Reaching safepoint: 136443 ns, At safepoint: 15329 ns, Total: 151772 ns
[2024-02-24T22:09:44.539+0000][7][gc,start    ] GC(240) Pause Young (Normal) (G1 Evacuation Pause)
[2024-02-24T22:09:44.539+0000][7][gc,task     ] GC(240) Using 8 workers of 8 for evacuation
[2024-02-24T22:09:44.539+0000][7][gc,age      ] GC(240) Desired survivor size 41943040 bytes, new threshold 15 (max threshold 15)
[2024-02-24T22:09:44.542+0000][7][gc,phases   ] GC(240)   Pre Evacuate Collection Set: 0.2ms
[2024-02-24T22:09:44.542+0000][7][gc,phases   ] GC(240)   Merge Heap Roots: 0.1ms
[2024-02-24T22:09:44.542+0000][7][gc,phases   ] GC(240)   Evacuate Collection Set: 1.4ms
[2024-02-24T22:09:44.542+0000][7][gc,phases   ] GC(240)   Post Evacuate Collection Set: 0.7ms
[2024-02-24T22:09:44.542+0000][7][gc,phases   ] GC(240)   Other: 0.2ms
[2024-02-24T22:09:44.542+0000][7][gc,age      ] GC(240) Age table with threshold 15 (max threshold 15)
[2024-02-24T22:09:44.542+0000][7][gc,age      ] GC(240) - age   1:     993352 bytes,     993352 total
[2024-02-24T22:09:44.542+0000][7][gc,age      ] GC(240) - age   2:     851336 bytes,    1844688 total
[2024-02-24T22:09:44.542+0000][7][gc,age      ] GC(240) - age   3:     159208 bytes,    2003896 total
[2024-02-24T22:09:44.542+0000][7][gc,age      ] GC(240) - age   4:     106656 bytes,    2110552 total
[2024-02-24T22:09:44.542+0000][7][gc,age      ] GC(240) - age   5:        784 bytes,    2111336 total
[2024-02-24T22:09:44.542+0000][7][gc,age      ] GC(240) - age   6:       8016 bytes,    2119352 total
[2024-02-24T22:09:44.542+0000][7][gc,age      ] GC(240) - age   7:         56 bytes,    2119408 total
[2024-02-24T22:09:44.542+0000][7][gc,age      ] GC(240) - age   8:        184 bytes,    2119592 total
[2024-02-24T22:09:44.542+0000][7][gc,age      ] GC(240) - age   9:         64 bytes,    2119656 total
[2024-02-24T22:09:44.542+0000][7][gc,age      ] GC(240) - age  10:        184 bytes,    2119840 total
[2024-02-24T22:09:44.542+0000][7][gc,age      ] GC(240) - age  13:       3392 bytes,    2123232 total
[2024-02-24T22:09:44.542+0000][7][gc,age      ] GC(240) - age  14:         24 bytes,    2123256 total
[2024-02-24T22:09:44.542+0000][7][gc,heap     ] GC(240) Eden regions: 152->0(152)
[2024-02-24T22:09:44.542+0000][7][gc,heap     ] GC(240) Survivor regions: 1->1(20)
[2024-02-24T22:09:44.542+0000][7][gc,heap     ] GC(240) Old regions: 25->25
[2024-02-24T22:09:44.542+0000][7][gc,heap     ] GC(240) Archive regions: 2->2
[2024-02-24T22:09:44.542+0000][7][gc,heap     ] GC(240) Humongous regions: 0->0
[2024-02-24T22:09:44.542+0000][7][gc,metaspace] GC(240) Metaspace: 128882K(132480K)->128882K(132480K) NonClass: 112034K(113920K)->112034K(113920K) Class: 16847K(18560K)->16847K(18560K)
[2024-02-24T22:09:44.542+0000][7][gc          ] GC(240) Pause Young (Normal) (G1 Evacuation Pause) 712M->103M(1024M) 2.912ms
[2024-02-24T22:09:44.542+0000][7][gc,cpu      ] GC(240) User=0.01s Sys=0.00s Real=0.01s
[2024-02-24T22:09:44.542+0000][7][safepoint   ] Safepoint "G1CollectForAllocation", Time since last: 962738215 ns, Reaching safepoint: 46895 ns, At safepoint: 3007111 ns, Total: 3054006 ns
[2024-02-24T22:10:21.546+0000][7][safepoint   ] Safepoint "Cleanup", Time since last: 37004000946 ns, Reaching safepoint: 102403 ns, At safepoint: 6804 ns, Total: 109207 ns
[2024-02-24T22:10:34.548+0000][7][safepoint   ] Safepoint "Cleanup", Time since last: 13001520684 ns, Reaching safepoint: 75209 ns, At safepoint: 40307 ns, Total: 115516 ns
[2024-02-24T22:10:52.551+0000][7][safepoint   ] Safepoint "Cleanup", Time since last: 18002474148 ns, Reaching safepoint: 84566 ns, At safepoint: 47810 ns, Total: 132376 ns
[2024-02-24T22:12:23.619+0000][7][gc,start    ] GC(241) Pause Young (Normal) (G1 Evacuation Pause)
[2024-02-24T22:12:23.619+0000][7][gc,task     ] GC(241) Using 8 workers of 8 for evacuation
[2024-02-24T22:12:23.619+0000][7][gc,age      ] GC(241) Desired survivor size 41943040 bytes, new threshold 15 (max threshold 15)
[2024-02-24T22:12:23.621+0000][7][gc,phases   ] GC(241)   Pre Evacuate Collection Set: 0.1ms
[2024-02-24T22:12:23.621+0000][7][gc,phases   ] GC(241)   Merge Heap Roots: 0.1ms
[2024-02-24T22:12:23.621+0000][7][gc,phases   ] GC(241)   Evacuate Collection Set: 1.1ms
[2024-02-24T22:12:23.621+0000][7][gc,phases   ] GC(241)   Post Evacuate Collection Set: 0.5ms
[2024-02-24T22:12:23.621+0000][7][gc,phases   ] GC(241)   Other: 0.1ms
[2024-02-24T22:12:23.621+0000][7][gc,age      ] GC(241) Age table with threshold 15 (max threshold 15)
[2024-02-24T22:12:23.621+0000][7][gc,age      ] GC(241) - age   1:     715456 bytes,     715456 total
[2024-02-24T22:12:23.621+0000][7][gc,age      ] GC(241) - age   2:       6624 bytes,     722080 total
[2024-02-24T22:12:23.621+0000][7][gc,age      ] GC(241) - age   3:     709704 bytes,    1431784 total
[2024-02-24T22:12:23.621+0000][7][gc,age      ] GC(241) - age   4:     159080 bytes,    1590864 total
[2024-02-24T22:12:23.621+0000][7][gc,age      ] GC(241) - age   5:     106232 bytes,    1697096 total
[2024-02-24T22:12:23.621+0000][7][gc,age      ] GC(241) - age   6:        784 bytes,    1697880 total
[2024-02-24T22:12:23.621+0000][7][gc,age      ] GC(241) - age   7:       8016 bytes,    1705896 total
[2024-02-24T22:12:23.621+0000][7][gc,age      ] GC(241) - age   8:         24 bytes,    1705920 total
[2024-02-24T22:12:23.621+0000][7][gc,age      ] GC(241) - age   9:        184 bytes,    1706104 total
[2024-02-24T22:12:23.621+0000][7][gc,age      ] GC(241) - age  10:         64 bytes,    1706168 total
[2024-02-24T22:12:23.621+0000][7][gc,age      ] GC(241) - age  11:        184 bytes,    1706352 total
[2024-02-24T22:12:23.621+0000][7][gc,age      ] GC(241) - age  14:       3392 bytes,    1709744 total
[2024-02-24T22:12:23.621+0000][7][gc,age      ] GC(241) - age  15:         24 bytes,    1709768 total
[2024-02-24T22:12:23.621+0000][7][gc,heap     ] GC(241) Eden regions: 152->0(152)
[2024-02-24T22:12:23.621+0000][7][gc,heap     ] GC(241) Survivor regions: 1->1(20)
[2024-02-24T22:12:23.621+0000][7][gc,heap     ] GC(241) Old regions: 25->25
[2024-02-24T22:12:23.621+0000][7][gc,heap     ] GC(241) Archive regions: 2->2
[2024-02-24T22:12:23.621+0000][7][gc,heap     ] GC(241) Humongous regions: 0->0
[2024-02-24T22:12:23.621+0000][7][gc,metaspace] GC(241) Metaspace: 128882K(132480K)->128882K(132480K) NonClass: 112034K(113920K)->112034K(113920K) Class: 16847K(18560K)->16847K(18560K)
[2024-02-24T22:12:23.621+0000][7][gc          ] GC(241) Pause Young (Normal) (G1 Evacuation Pause) 711M->103M(1024M) 2.106ms
[2024-02-24T22:12:23.621+0000][7][gc,cpu      ] GC(241) User=0.01s Sys=0.00s Real=0.00s
[2024-02-24T22:12:23.621+0000][7][safepoint   ] Safepoint "G1CollectForAllocation", Time since last: 91068258181 ns, Reaching safepoint: 76432 ns, At safepoint: 2178119 ns, Total: 2254551 ns
[2024-02-24T22:12:37.623+0000][7][safepoint   ] Safepoint "Cleanup", Time since last: 14001616685 ns, Reaching safepoint: 92091 ns, At safepoint: 41428 ns, Total: 133519 ns
[2024-02-24T22:12:43.624+0000][7][safepoint   ] Safepoint "Cleanup", Time since last: 6001019005 ns, Reaching safepoint: 93074 ns, At safepoint: 9570 ns, Total: 102644 ns
[2024-02-24T22:13:45.632+0000][7][safepoint   ] Safepoint "Cleanup", Time since last: 62007666651 ns, Reaching safepoint: 185746 ns, At safepoint: 18040 ns, Total: 203786 ns
[2024-02-24T22:14:33.637+0000][7][safepoint   ] Safepoint "Cleanup", Time since last: 48005094497 ns, Reaching safepoint: 79264 ns, At safepoint: 43938 ns, Total: 123202 ns
[2024-02-24T22:14:43.638+0000][7][safepoint   ] Safepoint "Cleanup", Time since last: 10001156413 ns, Reaching safepoint: 104205 ns, At safepoint: 19130 ns, Total: 123335 ns
[2024-02-24T22:14:53.548+0000][7][gc,start    ] GC(242) Pause Young (Normal) (G1 Evacuation Pause)
[2024-02-24T22:14:53.548+0000][7][gc,task     ] GC(242) Using 8 workers of 8 for evacuation
[2024-02-24T22:14:53.548+0000][7][gc,age      ] GC(242) Desired survivor size 41943040 bytes, new threshold 15 (max threshold 15)
[2024-02-24T22:14:53.550+0000][7][gc,phases   ] GC(242)   Pre Evacuate Collection Set: 0.1ms
[2024-02-24T22:14:53.550+0000][7][gc,phases   ] GC(242)   Merge Heap Roots: 0.1ms
[2024-02-24T22:14:53.550+0000][7][gc,phases   ] GC(242)   Evacuate Collection Set: 1.3ms
[2024-02-24T22:14:53.551+0000][7][gc,phases   ] GC(242)   Post Evacuate Collection Set: 0.7ms
[2024-02-24T22:14:53.551+0000][7][gc,phases   ] GC(242)   Other: 0.1ms
[2024-02-24T22:14:53.551+0000][7][gc,age      ] GC(242) Age table with threshold 15 (max threshold 15)
[2024-02-24T22:14:53.551+0000][7][gc,age      ] GC(242) - age   1:     809280 bytes,     809280 total
[2024-02-24T22:14:53.551+0000][7][gc,age      ] GC(242) - age   2:     212728 bytes,    1022008 total
[2024-02-24T22:14:53.551+0000][7][gc,age      ] GC(242) - age   3:       5376 bytes,    1027384 total
[2024-02-24T22:14:53.551+0000][7][gc,age      ] GC(242) - age   4:     709216 bytes,    1736600 total
[2024-02-24T22:14:53.551+0000][7][gc,age      ] GC(242) - age   5:     159080 bytes,    1895680 total
[2024-02-24T22:14:53.551+0000][7][gc,age      ] GC(242) - age   6:     106232 bytes,    2001912 total
[2024-02-24T22:14:53.551+0000][7][gc,age      ] GC(242) - age   7:        392 bytes,    2002304 total
[2024-02-24T22:14:53.551+0000][7][gc,age      ] GC(242) - age   8:       8016 bytes,    2010320 total
[2024-02-24T22:14:53.551+0000][7][gc,age      ] GC(242) - age   9:         24 bytes,    2010344 total
[2024-02-24T22:14:53.551+0000][7][gc,age      ] GC(242) - age  11:         64 bytes,    2010408 total
[2024-02-24T22:14:53.551+0000][7][gc,age      ] GC(242) - age  12:        184 bytes,    2010592 total
[2024-02-24T22:14:53.551+0000][7][gc,age      ] GC(242) - age  15:       3392 bytes,    2013984 total
[2024-02-24T22:14:53.551+0000][7][gc,heap     ] GC(242) Eden regions: 152->0(152)
[2024-02-24T22:14:53.551+0000][7][gc,heap     ] GC(242) Survivor regions: 1->1(20)
[2024-02-24T22:14:53.551+0000][7][gc,heap     ] GC(242) Old regions: 25->25
[2024-02-24T22:14:53.551+0000][7][gc,heap     ] GC(242) Archive regions: 2->2
[2024-02-24T22:14:53.551+0000][7][gc,heap     ] GC(242) Humongous regions: 0->0
[2024-02-24T22:14:53.551+0000][7][gc,metaspace] GC(242) Metaspace: 128882K(132480K)->128882K(132480K) NonClass: 112034K(113920K)->112034K(113920K) Class: 16847K(18560K)->16847K(18560K)
[2024-02-24T22:14:53.551+0000][7][gc          ] GC(242) Pause Young (Normal) (G1 Evacuation Pause) 711M->103M(1024M) 2.689ms
[2024-02-24T22:14:53.551+0000][7][gc,cpu      ] GC(242) User=0.02s Sys=0.00s Real=0.00s
[2024-02-24T22:14:53.551+0000][7][safepoint   ] Safepoint "G1CollectForAllocation", Time since last: 9909561059 ns, Reaching safepoint: 63072 ns, At safepoint: 2783395 ns, Total: 2846467 ns
[2024-02-24T22:15:09.553+0000][7][safepoint   ] Safepoint "Cleanup", Time since last: 16001841842 ns, Reaching safepoint: 71378 ns, At safepoint: 53456 ns, Total: 124834 ns
[2024-02-24T22:15:39.557+0000][7][safepoint   ] Safepoint "Cleanup", Time since last: 30004258417 ns, Reaching safepoint: 86533 ns, At safepoint: 47569 ns, Total: 134102 ns
[2024-02-24T22:17:32.640+0000][7][gc,start    ] GC(243) Pause Young (Normal) (G1 Evacuation Pause)
[2024-02-24T22:17:32.640+0000][7][gc,task     ] GC(243) Using 8 workers of 8 for evacuation
[2024-02-24T22:17:32.640+0000][7][gc,age      ] GC(243) Desired survivor size 41943040 bytes, new threshold 15 (max threshold 15)
[2024-02-24T22:17:32.644+0000][7][gc,phases   ] GC(243)   Pre Evacuate Collection Set: 0.2ms
[2024-02-24T22:17:32.644+0000][7][gc,phases   ] GC(243)   Merge Heap Roots: 0.1ms
[2024-02-24T22:17:32.644+0000][7][gc,phases   ] GC(243)   Evacuate Collection Set: 2.7ms
[2024-02-24T22:17:32.644+0000][7][gc,phases   ] GC(243)   Post Evacuate Collection Set: 0.9ms
[2024-02-24T22:17:32.644+0000][7][gc,phases   ] GC(243)   Other: 0.1ms
[2024-02-24T22:17:32.644+0000][7][gc,age      ] GC(243) Age table with threshold 15 (max threshold 15)
[2024-02-24T22:17:32.644+0000][7][gc,age      ] GC(243) - age   1:     992344 bytes,     992344 total
[2024-02-24T22:17:32.644+0000][7][gc,age      ] GC(243) - age   2:       4112 bytes,     996456 total
[2024-02-24T22:17:32.644+0000][7][gc,age      ] GC(243) - age   3:     211480 bytes,    1207936 total
[2024-02-24T22:17:32.644+0000][7][gc,age      ] GC(243) - age   4:       5312 bytes,    1213248 total
[2024-02-24T22:17:32.644+0000][7][gc,age      ] GC(243) - age   5:     708432 bytes,    1921680 total
[2024-02-24T22:17:32.644+0000][7][gc,age      ] GC(243) - age   6:     159080 bytes,    2080760 total
[2024-02-24T22:17:32.644+0000][7][gc,age      ] GC(243) - age   7:     106232 bytes,    2186992 total
[2024-02-24T22:17:32.644+0000][7][gc,age      ] GC(243) - age   8:        392 bytes,    2187384 total
[2024-02-24T22:17:32.644+0000][7][gc,age      ] GC(243) - age   9:       8016 bytes,    2195400 total
[2024-02-24T22:17:32.644+0000][7][gc,age      ] GC(243) - age  10:         24 bytes,    2195424 total
[2024-02-24T22:17:32.644+0000][7][gc,age      ] GC(243) - age  12:         64 bytes,    2195488 total
[2024-02-24T22:17:32.644+0000][7][gc,age      ] GC(243) - age  13:        184 bytes,    2195672 total
[2024-02-24T22:17:32.644+0000][7][gc,heap     ] GC(243) Eden regions: 152->0(152)
[2024-02-24T22:17:32.644+0000][7][gc,heap     ] GC(243) Survivor regions: 1->1(20)
[2024-02-24T22:17:32.644+0000][7][gc,heap     ] GC(243) Old regions: 25->25
[2024-02-24T22:17:32.644+0000][7][gc,heap     ] GC(243) Archive regions: 2->2
[2024-02-24T22:17:32.644+0000][7][gc,heap     ] GC(243) Humongous regions: 0->0
[2024-02-24T22:17:32.644+0000][7][gc,metaspace] GC(243) Metaspace: 128883K(132480K)->128883K(132480K) NonClass: 112035K(113920K)->112035K(113920K) Class: 16847K(18560K)->16847K(18560K)
[2024-02-24T22:17:32.644+0000][7][gc          ] GC(243) Pause Young (Normal) (G1 Evacuation Pause) 711M->103M(1024M) 4.280ms
[2024-02-24T22:17:32.644+0000][7][gc,cpu      ] GC(243) User=0.01s Sys=0.00s Real=0.01s
[2024-02-24T22:17:32.644+0000][7][safepoint   ] Safepoint "G1CollectForAllocation", Time since last: 113082493771 ns, Reaching safepoint: 68914 ns, At safepoint: 4377042 ns, Total: 4445956 ns
[2024-02-24T22:19:43.659+0000][7][safepoint   ] Safepoint "Cleanup", Time since last: 131015133543 ns, Reaching safepoint: 127112 ns, At safepoint: 7476 ns, Total: 134588 ns
[2024-02-24T22:20:43.667+0000][7][safepoint   ] Safepoint "Cleanup", Time since last: 60007624095 ns, Reaching safepoint: 106652 ns, At safepoint: 14109 ns, Total: 120761 ns
[2024-02-24T22:20:45.467+0000][7][gc,start    ] GC(244) Pause Young (Normal) (G1 Evacuation Pause)
[2024-02-24T22:20:45.467+0000][7][gc,task     ] GC(244) Using 8 workers of 8 for evacuation
[2024-02-24T22:20:45.467+0000][7][gc,age      ] GC(244) Desired survivor size 41943040 bytes, new threshold 15 (max threshold 15)
[2024-02-24T22:20:45.470+0000][7][gc,phases   ] GC(244)   Pre Evacuate Collection Set: 0.1ms
[2024-02-24T22:20:45.470+0000][7][gc,phases   ] GC(244)   Merge Heap Roots: 0.1ms
[2024-02-24T22:20:45.470+0000][7][gc,phases   ] GC(244)   Evacuate Collection Set: 1.6ms
[2024-02-24T22:20:45.470+0000][7][gc,phases   ] GC(244)   Post Evacuate Collection Set: 0.9ms
[2024-02-24T22:20:45.470+0000][7][gc,phases   ] GC(244)   Other: 0.1ms
[2024-02-24T22:20:45.470+0000][7][gc,age      ] GC(244) Age table with threshold 15 (max threshold 15)
[2024-02-24T22:20:45.470+0000][7][gc,age      ] GC(244) - age   1:    1150520 bytes,    1150520 total
[2024-02-24T22:20:45.470+0000][7][gc,age      ] GC(244) - age   2:      10248 bytes,    1160768 total
[2024-02-24T22:20:45.470+0000][7][gc,age      ] GC(244) - age   3:       1272 bytes,    1162040 total
[2024-02-24T22:20:45.470+0000][7][gc,age      ] GC(244) - age   4:     210160 bytes,    1372200 total
[2024-02-24T22:20:45.470+0000][7][gc,age      ] GC(244) - age   5:       1600 bytes,    1373800 total
[2024-02-24T22:20:45.470+0000][7][gc,age      ] GC(244) - age   6:     708152 bytes,    2081952 total
[2024-02-24T22:20:45.470+0000][7][gc,age      ] GC(244) - age   7:     159080 bytes,    2241032 total
[2024-02-24T22:20:45.470+0000][7][gc,age      ] GC(244) - age   8:     106232 bytes,    2347264 total
[2024-02-24T22:20:45.470+0000][7][gc,age      ] GC(244) - age   9:        392 bytes,    2347656 total
[2024-02-24T22:20:45.470+0000][7][gc,age      ] GC(244) - age  10:       8016 bytes,    2355672 total
[2024-02-24T22:20:45.470+0000][7][gc,age      ] GC(244) - age  11:         24 bytes,    2355696 total
[2024-02-24T22:20:45.470+0000][7][gc,age      ] GC(244) - age  13:         64 bytes,    2355760 total
[2024-02-24T22:20:45.470+0000][7][gc,age      ] GC(244) - age  14:        184 bytes,    2355944 total
[2024-02-24T22:20:45.470+0000][7][gc,heap     ] GC(244) Eden regions: 152->0(152)
[2024-02-24T22:20:45.470+0000][7][gc,heap     ] GC(244) Survivor regions: 1->1(20)
[2024-02-24T22:20:45.470+0000][7][gc,heap     ] GC(244) Old regions: 25->25
[2024-02-24T22:20:45.470+0000][7][gc,heap     ] GC(244) Archive regions: 2->2
[2024-02-24T22:20:45.470+0000][7][gc,heap     ] GC(244) Humongous regions: 0->0
[2024-02-24T22:20:45.470+0000][7][gc,metaspace] GC(244) Metaspace: 128883K(132480K)->128883K(132480K) NonClass: 112035K(113920K)->112035K(113920K) Class: 16847K(18560K)->16847K(18560K)
[2024-02-24T22:20:45.470+0000][7][gc          ] GC(244) Pause Young (Normal) (G1 Evacuation Pause) 711M->104M(1024M) 3.192ms
[2024-02-24T22:20:45.470+0000][7][gc,cpu      ] GC(244) User=0.02s Sys=0.00s Real=0.00s
[2024-02-24T22:20:45.470+0000][7][safepoint   ] Safepoint "G1CollectForAllocation", Time since last: 1799686375 ns, Reaching safepoint: 197784 ns, At safepoint: 3292159 ns, Total: 3489943 ns
[2024-02-24T22:21:22.475+0000][7][safepoint   ] Safepoint "Cleanup", Time since last: 37004785195 ns, Reaching safepoint: 80000 ns, At safepoint: 48337 ns, Total: 128337 ns
[2024-02-24T22:23:44.703+0000][7][gc,start    ] GC(245) Pause Young (Normal) (G1 Evacuation Pause)
[2024-02-24T22:23:44.703+0000][7][gc,task     ] GC(245) Using 8 workers of 8 for evacuation
[2024-02-24T22:23:44.703+0000][7][gc,age      ] GC(245) Desired survivor size 41943040 bytes, new threshold 15 (max threshold 15)
[2024-02-24T22:23:44.705+0000][7][gc,phases   ] GC(245)   Pre Evacuate Collection Set: 0.1ms
[2024-02-24T22:23:44.705+0000][7][gc,phases   ] GC(245)   Merge Heap Roots: 0.1ms
[2024-02-24T22:23:44.705+0000][7][gc,phases   ] GC(245)   Evacuate Collection Set: 1.5ms
[2024-02-24T22:23:44.705+0000][7][gc,phases   ] GC(245)   Post Evacuate Collection Set: 0.6ms
[2024-02-24T22:23:44.705+0000][7][gc,phases   ] GC(245)   Other: 0.1ms
[2024-02-24T22:23:44.705+0000][7][gc,age      ] GC(245) Age table with threshold 15 (max threshold 15)
[2024-02-24T22:23:44.705+0000][7][gc,age      ] GC(245) - age   1:    2099304 bytes,    2099304 total
[2024-02-24T22:23:44.705+0000][7][gc,age      ] GC(245) - age   2:       7424 bytes,    2106728 total
[2024-02-24T22:23:44.705+0000][7][gc,age      ] GC(245) - age   3:       8864 bytes,    2115592 total
[2024-02-24T22:23:44.705+0000][7][gc,age      ] GC(245) - age   4:        952 bytes,    2116544 total
[2024-02-24T22:23:44.705+0000][7][gc,age      ] GC(245) - age   5:     210008 bytes,    2326552 total
[2024-02-24T22:23:44.705+0000][7][gc,age      ] GC(245) - age   6:       1416 bytes,    2327968 total
[2024-02-24T22:23:44.705+0000][7][gc,age      ] GC(245) - age   7:     707664 bytes,    3035632 total
[2024-02-24T22:23:44.705+0000][7][gc,age      ] GC(245) - age   8:     158824 bytes,    3194456 total
[2024-02-24T22:23:44.705+0000][7][gc,age      ] GC(245) - age   9:     106232 bytes,    3300688 total
[2024-02-24T22:23:44.705+0000][7][gc,age      ] GC(245) - age  10:        392 bytes,    3301080 total
[2024-02-24T22:23:44.705+0000][7][gc,age      ] GC(245) - age  11:       8016 bytes,    3309096 total
[2024-02-24T22:23:44.705+0000][7][gc,age      ] GC(245) - age  12:         24 bytes,    3309120 total
[2024-02-24T22:23:44.705+0000][7][gc,age      ] GC(245) - age  14:         64 bytes,    3309184 total
[2024-02-24T22:23:44.705+0000][7][gc,age      ] GC(245) - age  15:        184 bytes,    3309368 total
[2024-02-24T22:23:44.705+0000][7][gc,heap     ] GC(245) Eden regions: 152->0(152)
[2024-02-24T22:23:44.705+0000][7][gc,heap     ] GC(245) Survivor regions: 1->1(20)
[2024-02-24T22:23:44.705+0000][7][gc,heap     ] GC(245) Old regions: 25->25
[2024-02-24T22:23:44.705+0000][7][gc,heap     ] GC(245) Archive regions: 2->2
[2024-02-24T22:23:44.705+0000][7][gc,heap     ] GC(245) Humongous regions: 0->0
[2024-02-24T22:23:44.705+0000][7][gc,metaspace] GC(245) Metaspace: 128883K(132480K)->128883K(132480K) NonClass: 112035K(113920K)->112035K(113920K) Class: 16847K(18560K)->16847K(18560K)
[2024-02-24T22:23:44.705+0000][7][gc          ] GC(245) Pause Young (Normal) (G1 Evacuation Pause) 712M->105M(1024M) 2.556ms
[2024-02-24T22:23:44.705+0000][7][gc,cpu      ] GC(245) User=0.01s Sys=0.00s Real=0.00s
[2024-02-24T22:23:44.705+0000][7][safepoint   ] Safepoint "G1CollectForAllocation", Time since last: 142227547526 ns, Reaching safepoint: 45238 ns, At safepoint: 2625172 ns, Total: 2670410 ns
[2024-02-24T22:25:53.719+0000][7][safepoint   ] Safepoint "Cleanup", Time since last: 129013701904 ns, Reaching safepoint: 96436 ns, At safepoint: 10082 ns, Total: 106518 ns
[2024-02-24T22:26:56.603+0000][7][gc,start    ] GC(246) Pause Young (Normal) (G1 Evacuation Pause)
[2024-02-24T22:26:56.603+0000][7][gc,task     ] GC(246) Using 8 workers of 8 for evacuation
[2024-02-24T22:26:56.603+0000][7][gc,age      ] GC(246) Desired survivor size 41943040 bytes, new threshold 15 (max threshold 15)
[2024-02-24T22:26:56.605+0000][7][gc,phases   ] GC(246)   Pre Evacuate Collection Set: 0.1ms
[2024-02-24T22:26:56.605+0000][7][gc,phases   ] GC(246)   Merge Heap Roots: 0.1ms
[2024-02-24T22:26:56.605+0000][7][gc,phases   ] GC(246)   Evacuate Collection Set: 1.4ms
[2024-02-24T22:26:56.605+0000][7][gc,phases   ] GC(246)   Post Evacuate Collection Set: 0.8ms
[2024-02-24T22:26:56.605+0000][7][gc,phases   ] GC(246)   Other: 0.1ms
[2024-02-24T22:26:56.605+0000][7][gc,age      ] GC(246) Age table with threshold 15 (max threshold 15)
[2024-02-24T22:26:56.605+0000][7][gc,age      ] GC(246) - age   1:     961504 bytes,     961504 total
[2024-02-24T22:26:56.605+0000][7][gc,age      ] GC(246) - age   2:       2632 bytes,     964136 total
[2024-02-24T22:26:56.605+0000][7][gc,age      ] GC(246) - age   3:       3888 bytes,     968024 total
[2024-02-24T22:26:56.605+0000][7][gc,age      ] GC(246) - age   4:       8088 bytes,     976112 total
[2024-02-24T22:26:56.605+0000][7][gc,age      ] GC(246) - age   5:        952 bytes,     977064 total
[2024-02-24T22:26:56.605+0000][7][gc,age      ] GC(246) - age   6:     210008 bytes,    1187072 total
[2024-02-24T22:26:56.605+0000][7][gc,age      ] GC(246) - age   7:       1416 bytes,    1188488 total
[2024-02-24T22:26:56.605+0000][7][gc,age      ] GC(246) - age   8:     707632 bytes,    1896120 total
[2024-02-24T22:26:56.605+0000][7][gc,age      ] GC(246) - age   9:     158824 bytes,    2054944 total
[2024-02-24T22:26:56.605+0000][7][gc,age      ] GC(246) - age  10:     106232 bytes,    2161176 total
[2024-02-24T22:26:56.605+0000][7][gc,age      ] GC(246) - age  11:        208 bytes,    2161384 total
[2024-02-24T22:26:56.605+0000][7][gc,age      ] GC(246) - age  12:       8016 bytes,    2169400 total
[2024-02-24T22:26:56.605+0000][7][gc,age      ] GC(246) - age  13:         24 bytes,    2169424 total
[2024-02-24T22:26:56.605+0000][7][gc,age      ] GC(246) - age  15:         64 bytes,    2169488 total
[2024-02-24T22:26:56.605+0000][7][gc,heap     ] GC(246) Eden regions: 152->0(152)
[2024-02-24T22:26:56.605+0000][7][gc,heap     ] GC(246) Survivor regions: 1->1(20)
[2024-02-24T22:26:56.605+0000][7][gc,heap     ] GC(246) Old regions: 25->25
[2024-02-24T22:26:56.605+0000][7][gc,heap     ] GC(246) Archive regions: 2->2
[2024-02-24T22:26:56.605+0000][7][gc,heap     ] GC(246) Humongous regions: 0->0
[2024-02-24T22:26:56.605+0000][7][gc,metaspace] GC(246) Metaspace: 128883K(132480K)->128883K(132480K) NonClass: 112035K(113920K)->112035K(113920K) Class: 16847K(18560K)->16847K(18560K)
[2024-02-24T22:26:56.605+0000][7][gc          ] GC(246) Pause Young (Normal) (G1 Evacuation Pause) 713M->104M(1024M) 2.736ms
[2024-02-24T22:26:56.606+0000][7][gc,cpu      ] GC(246) User=0.02s Sys=0.00s Real=0.00s
[2024-02-24T22:26:56.606+0000][7][safepoint   ] Safepoint "G1CollectForAllocation", Time since last: 62883517995 ns, Reaching safepoint: 55225 ns, At safepoint: 2824655 ns, Total: 2879880 ns
[2024-02-24T22:29:56.995+0000][7][gc,start    ] GC(247) Pause Young (Normal) (G1 Evacuation Pause)
[2024-02-24T22:29:56.995+0000][7][gc,task     ] GC(247) Using 8 workers of 8 for evacuation
[2024-02-24T22:29:56.995+0000][7][gc,age      ] GC(247) Desired survivor size 41943040 bytes, new threshold 15 (max threshold 15)
[2024-02-24T22:29:56.998+0000][7][gc,phases   ] GC(247)   Pre Evacuate Collection Set: 0.1ms
[2024-02-24T22:29:56.998+0000][7][gc,phases   ] GC(247)   Merge Heap Roots: 0.1ms
[2024-02-24T22:29:56.998+0000][7][gc,phases   ] GC(247)   Evacuate Collection Set: 1.5ms
[2024-02-24T22:29:56.998+0000][7][gc,phases   ] GC(247)   Post Evacuate Collection Set: 0.8ms
[2024-02-24T22:29:56.998+0000][7][gc,phases   ] GC(247)   Other: 0.1ms
[2024-02-24T22:29:56.998+0000][7][gc,age      ] GC(247) Age table with threshold 15 (max threshold 15)
[2024-02-24T22:29:56.998+0000][7][gc,age      ] GC(247) - age   1:    1831208 bytes,    1831208 total
[2024-02-24T22:29:56.998+0000][7][gc,age      ] GC(247) - age   2:       2800 bytes,    1834008 total
[2024-02-24T22:29:56.998+0000][7][gc,age      ] GC(247) - age   3:        272 bytes,    1834280 total
[2024-02-24T22:29:56.998+0000][7][gc,age      ] GC(247) - age   4:        304 bytes,    1834584 total
[2024-02-24T22:29:56.998+0000][7][gc,age      ] GC(247) - age   5:       8088 bytes,    1842672 total
[2024-02-24T22:29:56.998+0000][7][gc,age      ] GC(247) - age   6:        560 bytes,    1843232 total
[2024-02-24T22:29:56.998+0000][7][gc,age      ] GC(247) - age   7:     209928 bytes,    2053160 total
[2024-02-24T22:29:56.998+0000][7][gc,age      ] GC(247) - age   8:       1032 bytes,    2054192 total
[2024-02-24T22:29:56.998+0000][7][gc,age      ] GC(247) - age   9:     707632 bytes,    2761824 total
[2024-02-24T22:29:56.998+0000][7][gc,age      ] GC(247) - age  10:     158824 bytes,    2920648 total
[2024-02-24T22:29:56.998+0000][7][gc,age      ] GC(247) - age  11:     106232 bytes,    3026880 total
[2024-02-24T22:29:56.998+0000][7][gc,age      ] GC(247) - age  12:        208 bytes,    3027088 total
[2024-02-24T22:29:56.998+0000][7][gc,age      ] GC(247) - age  13:       8016 bytes,    3035104 total
[2024-02-24T22:29:56.998+0000][7][gc,age      ] GC(247) - age  14:         24 bytes,    3035128 total
[2024-02-24T22:29:56.998+0000][7][gc,heap     ] GC(247) Eden regions: 152->0(152)
[2024-02-24T22:29:56.998+0000][7][gc,heap     ] GC(247) Survivor regions: 1->1(20)
[2024-02-24T22:29:56.998+0000][7][gc,heap     ] GC(247) Old regions: 25->25
[2024-02-24T22:29:56.998+0000][7][gc,heap     ] GC(247) Archive regions: 2->2
[2024-02-24T22:29:56.998+0000][7][gc,heap     ] GC(247) Humongous regions: 0->0
[2024-02-24T22:29:56.998+0000][7][gc,metaspace] GC(247) Metaspace: 128883K(132480K)->128883K(132480K) NonClass: 112035K(113920K)->112035K(113920K) Class: 16847K(18560K)->16847K(18560K)
[2024-02-24T22:29:56.998+0000][7][gc          ] GC(247) Pause Young (Normal) (G1 Evacuation Pause) 712M->104M(1024M) 2.913ms
[2024-02-24T22:29:56.998+0000][7][gc,cpu      ] GC(247) User=0.01s Sys=0.00s Real=0.00s
[2024-02-24T22:29:56.998+0000][7][safepoint   ] Safepoint "G1CollectForAllocation", Time since last: 180389316703 ns, Reaching safepoint: 41067 ns, At safepoint: 2998246 ns, Total: 3039313 ns
[2024-02-24T22:33:03.400+0000][7][gc,start    ] GC(248) Pause Young (Normal) (G1 Evacuation Pause)
[2024-02-24T22:33:03.400+0000][7][gc,task     ] GC(248) Using 8 workers of 8 for evacuation
[2024-02-24T22:33:03.400+0000][7][gc,age      ] GC(248) Desired survivor size 41943040 bytes, new threshold 15 (max threshold 15)
[2024-02-24T22:33:03.403+0000][7][gc,phases   ] GC(248)   Pre Evacuate Collection Set: 0.2ms
[2024-02-24T22:33:03.403+0000][7][gc,phases   ] GC(248)   Merge Heap Roots: 0.1ms
[2024-02-24T22:33:03.403+0000][7][gc,phases   ] GC(248)   Evacuate Collection Set: 1.8ms
[2024-02-24T22:33:03.403+0000][7][gc,phases   ] GC(248)   Post Evacuate Collection Set: 1.1ms
[2024-02-24T22:33:03.403+0000][7][gc,phases   ] GC(248)   Other: 0.2ms
[2024-02-24T22:33:03.403+0000][7][gc,age      ] GC(248) Age table with threshold 15 (max threshold 15)
[2024-02-24T22:33:03.403+0000][7][gc,age      ] GC(248) - age   1:     819008 bytes,     819008 total
[2024-02-24T22:33:03.403+0000][7][gc,age      ] GC(248) - age   2:      16072 bytes,     835080 total
[2024-02-24T22:33:03.403+0000][7][gc,age      ] GC(248) - age   3:       1032 bytes,     836112 total
[2024-02-24T22:33:03.403+0000][7][gc,age      ] GC(248) - age   4:        272 bytes,     836384 total
[2024-02-24T22:33:03.403+0000][7][gc,age      ] GC(248) - age   5:        304 bytes,     836688 total
[2024-02-24T22:33:03.403+0000][7][gc,age      ] GC(248) - age   6:       8088 bytes,     844776 total
[2024-02-24T22:33:03.403+0000][7][gc,age      ] GC(248) - age   7:        560 bytes,     845336 total
[2024-02-24T22:33:03.403+0000][7][gc,age      ] GC(248) - age   8:     209928 bytes,    1055264 total
[2024-02-24T22:33:03.403+0000][7][gc,age      ] GC(248) - age   9:       1032 bytes,    1056296 total
[2024-02-24T22:33:03.403+0000][7][gc,age      ] GC(248) - age  10:     707632 bytes,    1763928 total
[2024-02-24T22:33:03.404+0000][7][gc,age      ] GC(248) - age  11:     158640 bytes,    1922568 total
[2024-02-24T22:33:03.404+0000][7][gc,age      ] GC(248) - age  12:     106232 bytes,    2028800 total
[2024-02-24T22:33:03.404+0000][7][gc,age      ] GC(248) - age  13:        208 bytes,    2029008 total
[2024-02-24T22:33:03.404+0000][7][gc,age      ] GC(248) - age  14:       8016 bytes,    2037024 total
[2024-02-24T22:33:03.404+0000][7][gc,age      ] GC(248) - age  15:         24 bytes,    2037048 total
[2024-02-24T22:33:03.404+0000][7][gc,heap     ] GC(248) Eden regions: 152->0(152)
[2024-02-24T22:33:03.404+0000][7][gc,heap     ] GC(248) Survivor regions: 1->1(20)
[2024-02-24T22:33:03.404+0000][7][gc,heap     ] GC(248) Old regions: 25->25
[2024-02-24T22:33:03.404+0000][7][gc,heap     ] GC(248) Archive regions: 2->2
[2024-02-24T22:33:03.404+0000][7][gc,heap     ] GC(248) Humongous regions: 0->0
[2024-02-24T22:33:03.404+0000][7][gc,metaspace] GC(248) Metaspace: 128886K(132480K)->128886K(132480K) NonClass: 112038K(113920K)->112038K(113920K) Class: 16847K(18560K)->16847K(18560K)
[2024-02-24T22:33:03.404+0000][7][gc          ] GC(248) Pause Young (Normal) (G1 Evacuation Pause) 712M->103M(1024M) 3.861ms
[2024-02-24T22:33:03.404+0000][7][gc,cpu      ] GC(248) User=0.01s Sys=0.00s Real=0.01s
[2024-02-24T22:33:03.404+0000][7][safepoint   ] Safepoint "G1CollectForAllocation", Time since last: 186401669040 ns, Reaching safepoint: 135803 ns, At safepoint: 3973317 ns, Total: 4109120 ns
[2024-02-24T22:33:57.411+0000][7][safepoint   ] Safepoint "Cleanup", Time since last: 54007046677 ns, Reaching safepoint: 113496 ns, At safepoint: 15524 ns, Total: 129020 ns
[2024-02-24T22:36:14.627+0000][7][gc,start    ] GC(249) Pause Young (Normal) (G1 Evacuation Pause)
[2024-02-24T22:36:14.627+0000][7][gc,task     ] GC(249) Using 8 workers of 8 for evacuation
[2024-02-24T22:36:14.627+0000][7][gc,age      ] GC(249) Desired survivor size 41943040 bytes, new threshold 15 (max threshold 15)
[2024-02-24T22:36:14.630+0000][7][gc,phases   ] GC(249)   Pre Evacuate Collection Set: 0.1ms
[2024-02-24T22:36:14.630+0000][7][gc,phases   ] GC(249)   Merge Heap Roots: 0.1ms
[2024-02-24T22:36:14.630+0000][7][gc,phases   ] GC(249)   Evacuate Collection Set: 1.8ms
[2024-02-24T22:36:14.630+0000][7][gc,phases   ] GC(249)   Post Evacuate Collection Set: 0.8ms
[2024-02-24T22:36:14.630+0000][7][gc,phases   ] GC(249)   Other: 0.1ms
[2024-02-24T22:36:14.630+0000][7][gc,age      ] GC(249) Age table with threshold 15 (max threshold 15)
[2024-02-24T22:36:14.630+0000][7][gc,age      ] GC(249) - age   1:    1381992 bytes,    1381992 total
[2024-02-24T22:36:14.630+0000][7][gc,age      ] GC(249) - age   2:       2240 bytes,    1384232 total
[2024-02-24T22:36:14.630+0000][7][gc,age      ] GC(249) - age   3:      14016 bytes,    1398248 total
[2024-02-24T22:36:14.630+0000][7][gc,age      ] GC(249) - age   4:        216 bytes,    1398464 total
[2024-02-24T22:36:14.630+0000][7][gc,age      ] GC(249) - age   6:        304 bytes,    1398768 total
[2024-02-24T22:36:14.630+0000][7][gc,age      ] GC(249) - age   7:       8056 bytes,    1406824 total
[2024-02-24T22:36:14.630+0000][7][gc,age      ] GC(249) - age   8:        560 bytes,    1407384 total
[2024-02-24T22:36:14.630+0000][7][gc,age      ] GC(249) - age   9:     209928 bytes,    1617312 total
[2024-02-24T22:36:14.630+0000][7][gc,age      ] GC(249) - age  10:       1032 bytes,    1618344 total
[2024-02-24T22:36:14.630+0000][7][gc,age      ] GC(249) - age  11:     707632 bytes,    2325976 total
[2024-02-24T22:36:14.630+0000][7][gc,age      ] GC(249) - age  12:     158640 bytes,    2484616 total
[2024-02-24T22:36:14.630+0000][7][gc,age      ] GC(249) - age  13:     106232 bytes,    2590848 total
[2024-02-24T22:36:14.630+0000][7][gc,age      ] GC(249) - age  14:        208 bytes,    2591056 total
[2024-02-24T22:36:14.630+0000][7][gc,age      ] GC(249) - age  15:       8016 bytes,    2599072 total
[2024-02-24T22:36:14.630+0000][7][gc,heap     ] GC(249) Eden regions: 152->0(152)
[2024-02-24T22:36:14.630+0000][7][gc,heap     ] GC(249) Survivor regions: 1->1(20)
[2024-02-24T22:36:14.630+0000][7][gc,heap     ] GC(249) Old regions: 25->25
[2024-02-24T22:36:14.630+0000][7][gc,heap     ] GC(249) Archive regions: 2->2
[2024-02-24T22:36:14.630+0000][7][gc,heap     ] GC(249) Humongous regions: 0->0
[2024-02-24T22:36:14.630+0000][7][gc,metaspace] GC(249) Metaspace: 128886K(132480K)->128886K(132480K) NonClass: 112038K(113920K)->112038K(113920K) Class: 16847K(18560K)->16847K(18560K)
[2024-02-24T22:36:14.630+0000][7][gc          ] GC(249) Pause Young (Normal) (G1 Evacuation Pause) 711M->104M(1024M) 3.262ms
[2024-02-24T22:36:14.630+0000][7][gc,cpu      ] GC(249) User=0.02s Sys=0.01s Real=0.00s
[2024-02-24T22:36:14.630+0000][7][safepoint   ] Safepoint "G1CollectForAllocation", Time since last: 137215686761 ns, Reaching safepoint: 67933 ns, At safepoint: 3381050 ns, Total: 3448983 ns
[2024-02-24T22:37:45.643+0000][7][safepoint   ] Safepoint "Cleanup", Time since last: 91013300650 ns, Reaching safepoint: 135719 ns, At safepoint: 11760 ns, Total: 147479 ns
[2024-02-24T22:37:48.644+0000][7][safepoint   ] Safepoint "Cleanup", Time since last: 3000605799 ns, Reaching safepoint: 129363 ns, At safepoint: 19750 ns, Total: 149113 ns
[2024-02-24T22:38:00.646+0000][7][safepoint   ] Safepoint "Cleanup", Time since last: 12001593189 ns, Reaching safepoint: 67875 ns, At safepoint: 8396 ns, Total: 76271 ns
[2024-02-24T22:38:21.649+0000][7][safepoint   ] Safepoint "Cleanup", Time since last: 21002906868 ns, Reaching safepoint: 88591 ns, At safepoint: 9087 ns, Total: 97678 ns
[2024-02-24T22:38:36.432+0000][7][gc,start    ] GC(250) Pause Young (Normal) (G1 Evacuation Pause)
[2024-02-24T22:38:36.432+0000][7][gc,task     ] GC(250) Using 8 workers of 8 for evacuation
[2024-02-24T22:38:36.432+0000][7][gc,age      ] GC(250) Desired survivor size 41943040 bytes, new threshold 15 (max threshold 15)
[2024-02-24T22:38:36.436+0000][7][gc,phases   ] GC(250)   Pre Evacuate Collection Set: 0.1ms
[2024-02-24T22:38:36.436+0000][7][gc,phases   ] GC(250)   Merge Heap Roots: 0.1ms
[2024-02-24T22:38:36.436+0000][7][gc,phases   ] GC(250)   Evacuate Collection Set: 2.2ms
[2024-02-24T22:38:36.436+0000][7][gc,phases   ] GC(250)   Post Evacuate Collection Set: 1.0ms
[2024-02-24T22:38:36.436+0000][7][gc,phases   ] GC(250)   Other: 0.1ms
[2024-02-24T22:38:36.436+0000][7][gc,age      ] GC(250) Age table with threshold 15 (max threshold 15)
[2024-02-24T22:38:36.436+0000][7][gc,age      ] GC(250) - age   1:    1669712 bytes,    1669712 total
[2024-02-24T22:38:36.436+0000][7][gc,age      ] GC(250) - age   2:       5480 bytes,    1675192 total
[2024-02-24T22:38:36.436+0000][7][gc,age      ] GC(250) - age   3:        664 bytes,    1675856 total
[2024-02-24T22:38:36.436+0000][7][gc,age      ] GC(250) - age   4:      13832 bytes,    1689688 total
[2024-02-24T22:38:36.436+0000][7][gc,age      ] GC(250) - age   5:        216 bytes,    1689904 total
[2024-02-24T22:38:36.436+0000][7][gc,age      ] GC(250) - age   7:        304 bytes,    1690208 total
[2024-02-24T22:38:36.436+0000][7][gc,age      ] GC(250) - age   8:       8056 bytes,    1698264 total
[2024-02-24T22:38:36.436+0000][7][gc,age      ] GC(250) - age   9:        560 bytes,    1698824 total
[2024-02-24T22:38:36.436+0000][7][gc,age      ] GC(250) - age  10:     209928 bytes,    1908752 total
[2024-02-24T22:38:36.436+0000][7][gc,age      ] GC(250) - age  11:       1032 bytes,    1909784 total
[2024-02-24T22:38:36.436+0000][7][gc,age      ] GC(250) - age  12:     707632 bytes,    2617416 total
[2024-02-24T22:38:36.436+0000][7][gc,age      ] GC(250) - age  13:     158640 bytes,    2776056 total
[2024-02-24T22:38:36.436+0000][7][gc,age      ] GC(250) - age  14:     106232 bytes,    2882288 total
[2024-02-24T22:38:36.436+0000][7][gc,age      ] GC(250) - age  15:        208 bytes,    2882496 total
[2024-02-24T22:38:36.436+0000][7][gc,heap     ] GC(250) Eden regions: 152->0(152)
[2024-02-24T22:38:36.436+0000][7][gc,heap     ] GC(250) Survivor regions: 1->1(20)
[2024-02-24T22:38:36.436+0000][7][gc,heap     ] GC(250) Old regions: 25->25
[2024-02-24T22:38:36.436+0000][7][gc,heap     ] GC(250) Archive regions: 2->2
[2024-02-24T22:38:36.436+0000][7][gc,heap     ] GC(250) Humongous regions: 0->0
[2024-02-24T22:38:36.436+0000][7][gc,metaspace] GC(250) Metaspace: 128893K(132480K)->128893K(132480K) NonClass: 112045K(113920K)->112045K(113920K) Class: 16847K(18560K)->16847K(18560K)
[2024-02-24T22:38:36.436+0000][7][gc          ] GC(250) Pause Young (Normal) (G1 Evacuation Pause) 712M->104M(1024M) 3.838ms
[2024-02-24T22:38:36.436+0000][7][gc,cpu      ] GC(250) User=0.02s Sys=0.00s Real=0.01s
[2024-02-24T22:38:36.436+0000][7][safepoint   ] Safepoint "G1CollectForAllocation", Time since last: 14783144866 ns, Reaching safepoint: 53381 ns, At safepoint: 3945571 ns, Total: 3998952 ns
[2024-02-24T22:38:43.437+0000][7][safepoint   ] Safepoint "Cleanup", Time since last: 7001143666 ns, Reaching safepoint: 119780 ns, At safepoint: 15854 ns, Total: 135634 ns
[2024-02-24T22:40:56.782+0000][7][gc,start    ] GC(251) Pause Young (Normal) (G1 Evacuation Pause)
[2024-02-24T22:40:56.782+0000][7][gc,task     ] GC(251) Using 8 workers of 8 for evacuation
[2024-02-24T22:40:56.782+0000][7][gc,age      ] GC(251) Desired survivor size 41943040 bytes, new threshold 15 (max threshold 15)
[2024-02-24T22:40:56.784+0000][7][gc,phases   ] GC(251)   Pre Evacuate Collection Set: 0.1ms
[2024-02-24T22:40:56.784+0000][7][gc,phases   ] GC(251)   Merge Heap Roots: 0.0ms
[2024-02-24T22:40:56.784+0000][7][gc,phases   ] GC(251)   Evacuate Collection Set: 1.3ms
[2024-02-24T22:40:56.784+0000][7][gc,phases   ] GC(251)   Post Evacuate Collection Set: 0.5ms
[2024-02-24T22:40:56.784+0000][7][gc,phases   ] GC(251)   Other: 0.1ms
[2024-02-24T22:40:56.784+0000][7][gc,age      ] GC(251) Age table with threshold 15 (max threshold 15)
[2024-02-24T22:40:56.784+0000][7][gc,age      ] GC(251) - age   1:    2112904 bytes,    2112904 total
[2024-02-24T22:40:56.784+0000][7][gc,age      ] GC(251) - age   2:       3360 bytes,    2116264 total
[2024-02-24T22:40:56.784+0000][7][gc,age      ] GC(251) - age   3:       2888 bytes,    2119152 total
[2024-02-24T22:40:56.784+0000][7][gc,age      ] GC(251) - age   4:        184 bytes,    2119336 total
[2024-02-24T22:40:56.784+0000][7][gc,age      ] GC(251) - age   5:      10376 bytes,    2129712 total
[2024-02-24T22:40:56.784+0000][7][gc,age      ] GC(251) - age   6:        216 bytes,    2129928 total
[2024-02-24T22:40:56.784+0000][7][gc,age      ] GC(251) - age   8:        304 bytes,    2130232 total
[2024-02-24T22:40:56.784+0000][7][gc,age      ] GC(251) - age   9:       8056 bytes,    2138288 total
[2024-02-24T22:40:56.784+0000][7][gc,age      ] GC(251) - age  10:        560 bytes,    2138848 total
[2024-02-24T22:40:56.784+0000][7][gc,age      ] GC(251) - age  11:     209928 bytes,    2348776 total
[2024-02-24T22:40:56.784+0000][7][gc,age      ] GC(251) - age  12:       1032 bytes,    2349808 total
[2024-02-24T22:40:56.784+0000][7][gc,age      ] GC(251) - age  13:     707632 bytes,    3057440 total
[2024-02-24T22:40:56.784+0000][7][gc,age      ] GC(251) - age  14:     158640 bytes,    3216080 total
[2024-02-24T22:40:56.784+0000][7][gc,age      ] GC(251) - age  15:     106232 bytes,    3322312 total
[2024-02-24T22:40:56.784+0000][7][gc,heap     ] GC(251) Eden regions: 152->0(152)
[2024-02-24T22:40:56.784+0000][7][gc,heap     ] GC(251) Survivor regions: 1->1(20)
[2024-02-24T22:40:56.784+0000][7][gc,heap     ] GC(251) Old regions: 25->25
[2024-02-24T22:40:56.784+0000][7][gc,heap     ] GC(251) Archive regions: 2->2
[2024-02-24T22:40:56.784+0000][7][gc,heap     ] GC(251) Humongous regions: 0->0
[2024-02-24T22:40:56.784+0000][7][gc,metaspace] GC(251) Metaspace: 128893K(132480K)->128893K(132480K) NonClass: 112045K(113920K)->112045K(113920K) Class: 16847K(18560K)->16847K(18560K)
[2024-02-24T22:40:56.784+0000][7][gc          ] GC(251) Pause Young (Normal) (G1 Evacuation Pause) 712M->105M(1024M) 2.190ms
[2024-02-24T22:40:56.784+0000][7][gc,cpu      ] GC(251) User=0.01s Sys=0.00s Real=0.00s
[2024-02-24T22:40:56.784+0000][7][safepoint   ] Safepoint "G1CollectForAllocation", Time since last: 133344808366 ns, Reaching safepoint: 103981 ns, At safepoint: 2262305 ns, Total: 2366286 ns
[2024-02-24T22:43:20.676+0000][7][gc,start    ] GC(252) Pause Young (Normal) (G1 Evacuation Pause)
[2024-02-24T22:43:20.676+0000][7][gc,task     ] GC(252) Using 8 workers of 8 for evacuation
[2024-02-24T22:43:20.676+0000][7][gc,age      ] GC(252) Desired survivor size 41943040 bytes, new threshold 15 (max threshold 15)
[2024-02-24T22:43:20.678+0000][7][gc,phases   ] GC(252)   Pre Evacuate Collection Set: 0.1ms
[2024-02-24T22:43:20.678+0000][7][gc,phases   ] GC(252)   Merge Heap Roots: 0.1ms
[2024-02-24T22:43:20.678+0000][7][gc,phases   ] GC(252)   Evacuate Collection Set: 1.2ms
[2024-02-24T22:43:20.678+0000][7][gc,phases   ] GC(252)   Post Evacuate Collection Set: 0.6ms
[2024-02-24T22:43:20.678+0000][7][gc,phases   ] GC(252)   Other: 0.1ms
[2024-02-24T22:43:20.678+0000][7][gc,age      ] GC(252) Age table with threshold 15 (max threshold 15)
[2024-02-24T22:43:20.678+0000][7][gc,age      ] GC(252) - age   1:     699616 bytes,     699616 total
[2024-02-24T22:43:20.678+0000][7][gc,age      ] GC(252) - age   2:       7256 bytes,     706872 total
[2024-02-24T22:43:20.678+0000][7][gc,age      ] GC(252) - age   3:       1336 bytes,     708208 total
[2024-02-24T22:43:20.678+0000][7][gc,age      ] GC(252) - age   4:       2256 bytes,     710464 total
[2024-02-24T22:43:20.678+0000][7][gc,age      ] GC(252) - age   5:        184 bytes,     710648 total
[2024-02-24T22:43:20.678+0000][7][gc,age      ] GC(252) - age   6:      10376 bytes,     721024 total
[2024-02-24T22:43:20.678+0000][7][gc,age      ] GC(252) - age   7:        216 bytes,     721240 total
[2024-02-24T22:43:20.678+0000][7][gc,age      ] GC(252) - age   9:        304 bytes,     721544 total
[2024-02-24T22:43:20.678+0000][7][gc,age      ] GC(252) - age  10:       8056 bytes,     729600 total
[2024-02-24T22:43:20.678+0000][7][gc,age      ] GC(252) - age  11:        560 bytes,     730160 total
[2024-02-24T22:43:20.678+0000][7][gc,age      ] GC(252) - age  12:     209928 bytes,     940088 total
[2024-02-24T22:43:20.678+0000][7][gc,age      ] GC(252) - age  13:       1032 bytes,     941120 total
[2024-02-24T22:43:20.678+0000][7][gc,age      ] GC(252) - age  14:     707632 bytes,    1648752 total
[2024-02-24T22:43:20.678+0000][7][gc,age      ] GC(252) - age  15:     158640 bytes,    1807392 total
[2024-02-24T22:43:20.678+0000][7][gc,heap     ] GC(252) Eden regions: 152->0(152)
[2024-02-24T22:43:20.678+0000][7][gc,heap     ] GC(252) Survivor regions: 1->1(20)
[2024-02-24T22:43:20.678+0000][7][gc,heap     ] GC(252) Old regions: 25->25
[2024-02-24T22:43:20.678+0000][7][gc,heap     ] GC(252) Archive regions: 2->2
[2024-02-24T22:43:20.678+0000][7][gc,heap     ] GC(252) Humongous regions: 0->0
[2024-02-24T22:43:20.678+0000][7][gc,metaspace] GC(252) Metaspace: 128893K(132480K)->128893K(132480K) NonClass: 112045K(113920K)->112045K(113920K) Class: 16847K(18560K)->16847K(18560K)
[2024-02-24T22:43:20.678+0000][7][gc          ] GC(252) Pause Young (Normal) (G1 Evacuation Pause) 713M->103M(1024M) 2.334ms
[2024-02-24T22:43:20.678+0000][7][gc,cpu      ] GC(252) User=0.01s Sys=0.01s Real=0.00s
[2024-02-24T22:43:20.678+0000][7][safepoint   ] Safepoint "G1CollectForAllocation", Time since last: 143891378899 ns, Reaching safepoint: 61162 ns, At safepoint: 2436234 ns, Total: 2497396 ns
[2024-02-24T22:45:44.682+0000][7][gc,start    ] GC(253) Pause Young (Normal) (G1 Evacuation Pause)
[2024-02-24T22:45:44.682+0000][7][gc,task     ] GC(253) Using 8 workers of 8 for evacuation
[2024-02-24T22:45:44.682+0000][7][gc,age      ] GC(253) Desired survivor size 41943040 bytes, new threshold 15 (max threshold 15)
[2024-02-24T22:45:44.685+0000][7][gc,phases   ] GC(253)   Pre Evacuate Collection Set: 0.1ms
[2024-02-24T22:45:44.685+0000][7][gc,phases   ] GC(253)   Merge Heap Roots: 0.1ms
[2024-02-24T22:45:44.685+0000][7][gc,phases   ] GC(253)   Evacuate Collection Set: 1.5ms
[2024-02-24T22:45:44.685+0000][7][gc,phases   ] GC(253)   Post Evacuate Collection Set: 0.9ms
[2024-02-24T22:45:44.685+0000][7][gc,phases   ] GC(253)   Other: 0.1ms
[2024-02-24T22:45:44.685+0000][7][gc,age      ] GC(253) Age table with threshold 15 (max threshold 15)
[2024-02-24T22:45:44.685+0000][7][gc,age      ] GC(253) - age   1:     946200 bytes,     946200 total
[2024-02-24T22:45:44.685+0000][7][gc,age      ] GC(253) - age   2:       1640 bytes,     947840 total
[2024-02-24T22:45:44.685+0000][7][gc,age      ] GC(253) - age   3:       4080 bytes,     951920 total
[2024-02-24T22:45:44.685+0000][7][gc,age      ] GC(253) - age   4:        824 bytes,     952744 total
[2024-02-24T22:45:44.685+0000][7][gc,age      ] GC(253) - age   5:        216 bytes,     952960 total
[2024-02-24T22:45:44.685+0000][7][gc,age      ] GC(253) - age   6:         56 bytes,     953016 total
[2024-02-24T22:45:44.685+0000][7][gc,age      ] GC(253) - age   7:       9984 bytes,     963000 total
[2024-02-24T22:45:44.685+0000][7][gc,age      ] GC(253) - age   8:        184 bytes,     963184 total
[2024-02-24T22:45:44.685+0000][7][gc,age      ] GC(253) - age  10:        304 bytes,     963488 total
[2024-02-24T22:45:44.685+0000][7][gc,age      ] GC(253) - age  11:       8056 bytes,     971544 total
[2024-02-24T22:45:44.685+0000][7][gc,age      ] GC(253) - age  12:        560 bytes,     972104 total
[2024-02-24T22:45:44.685+0000][7][gc,age      ] GC(253) - age  13:     209896 bytes,    1182000 total
[2024-02-24T22:45:44.685+0000][7][gc,age      ] GC(253) - age  14:       1032 bytes,    1183032 total
[2024-02-24T22:45:44.685+0000][7][gc,age      ] GC(253) - age  15:     707632 bytes,    1890664 total
[2024-02-24T22:45:44.685+0000][7][gc,heap     ] GC(253) Eden regions: 152->0(152)
[2024-02-24T22:45:44.685+0000][7][gc,heap     ] GC(253) Survivor regions: 1->1(20)
[2024-02-24T22:45:44.685+0000][7][gc,heap     ] GC(253) Old regions: 25->25
[2024-02-24T22:45:44.685+0000][7][gc,heap     ] GC(253) Archive regions: 2->2
[2024-02-24T22:45:44.685+0000][7][gc,heap     ] GC(253) Humongous regions: 0->0
[2024-02-24T22:45:44.685+0000][7][gc,metaspace] GC(253) Metaspace: 128894K(132480K)->128894K(132480K) NonClass: 112046K(113920K)->112046K(113920K) Class: 16847K(18560K)->16847K(18560K)
[2024-02-24T22:45:44.685+0000][7][gc          ] GC(253) Pause Young (Normal) (G1 Evacuation Pause) 711M->104M(1024M) 3.015ms
[2024-02-24T22:45:44.685+0000][7][gc,cpu      ] GC(253) User=0.01s Sys=0.00s Real=0.00s
[2024-02-24T22:45:44.685+0000][7][safepoint   ] Safepoint "G1CollectForAllocation", Time since last: 144003554824 ns, Reaching safepoint: 102047 ns, At safepoint: 3104163 ns, Total: 3206210 ns
[2024-02-24T22:48:08.668+0000][7][gc,start    ] GC(254) Pause Young (Normal) (G1 Evacuation Pause)
[2024-02-24T22:48:08.668+0000][7][gc,task     ] GC(254) Using 8 workers of 8 for evacuation
[2024-02-24T22:48:08.668+0000][7][gc,age      ] GC(254) Desired survivor size 41943040 bytes, new threshold 15 (max threshold 15)
[2024-02-24T22:48:08.671+0000][7][gc,phases   ] GC(254)   Pre Evacuate Collection Set: 0.1ms
[2024-02-24T22:48:08.671+0000][7][gc,phases   ] GC(254)   Merge Heap Roots: 0.1ms
[2024-02-24T22:48:08.671+0000][7][gc,phases   ] GC(254)   Evacuate Collection Set: 1.5ms
[2024-02-24T22:48:08.671+0000][7][gc,phases   ] GC(254)   Post Evacuate Collection Set: 0.7ms
[2024-02-24T22:48:08.671+0000][7][gc,phases   ] GC(254)   Other: 0.1ms
[2024-02-24T22:48:08.671+0000][7][gc,age      ] GC(254) Age table with threshold 15 (max threshold 15)
[2024-02-24T22:48:08.671+0000][7][gc,age      ] GC(254) - age   1:    1330888 bytes,    1330888 total
[2024-02-24T22:48:08.671+0000][7][gc,age      ] GC(254) - age   2:       4112 bytes,    1335000 total
[2024-02-24T22:48:08.671+0000][7][gc,age      ] GC(254) - age   3:        360 bytes,    1335360 total
[2024-02-24T22:48:08.671+0000][7][gc,age      ] GC(254) - age   4:       3696 bytes,    1339056 total
[2024-02-24T22:48:08.671+0000][7][gc,age      ] GC(254) - age   5:        824 bytes,    1339880 total
[2024-02-24T22:48:08.671+0000][7][gc,age      ] GC(254) - age   6:         88 bytes,    1339968 total
[2024-02-24T22:48:08.671+0000][7][gc,age      ] GC(254) - age   7:         56 bytes,    1340024 total
[2024-02-24T22:48:08.671+0000][7][gc,age      ] GC(254) - age   8:       9600 bytes,    1349624 total
[2024-02-24T22:48:08.671+0000][7][gc,age      ] GC(254) - age   9:        184 bytes,    1349808 total
[2024-02-24T22:48:08.671+0000][7][gc,age      ] GC(254) - age  11:        304 bytes,    1350112 total
[2024-02-24T22:48:08.671+0000][7][gc,age      ] GC(254) - age  12:       8056 bytes,    1358168 total
[2024-02-24T22:48:08.671+0000][7][gc,age      ] GC(254) - age  13:        560 bytes,    1358728 total
[2024-02-24T22:48:08.671+0000][7][gc,age      ] GC(254) - age  14:     209896 bytes,    1568624 total
[2024-02-24T22:48:08.671+0000][7][gc,age      ] GC(254) - age  15:       1032 bytes,    1569656 total
[2024-02-24T22:48:08.671+0000][7][gc,heap     ] GC(254) Eden regions: 152->0(152)
[2024-02-24T22:48:08.671+0000][7][gc,heap     ] GC(254) Survivor regions: 1->1(20)
[2024-02-24T22:48:08.671+0000][7][gc,heap     ] GC(254) Old regions: 25->25
[2024-02-24T22:48:08.671+0000][7][gc,heap     ] GC(254) Archive regions: 2->2
[2024-02-24T22:48:08.671+0000][7][gc,heap     ] GC(254) Humongous regions: 0->0
[2024-02-24T22:48:08.671+0000][7][gc,metaspace] GC(254) Metaspace: 128894K(132480K)->128894K(132480K) NonClass: 112046K(113920K)->112046K(113920K) Class: 16847K(18560K)->16847K(18560K)
[2024-02-24T22:48:08.671+0000][7][gc          ] GC(254) Pause Young (Normal) (G1 Evacuation Pause) 712M->104M(1024M) 2.945ms
[2024-02-24T22:48:08.671+0000][7][gc,cpu      ] GC(254) User=0.01s Sys=0.00s Real=0.00s
[2024-02-24T22:48:08.671+0000][7][safepoint   ] Safepoint "G1CollectForAllocation", Time since last: 143982997885 ns, Reaching safepoint: 72647 ns, At safepoint: 3041055 ns, Total: 3113702 ns
[2024-02-24T22:48:47.676+0000][7][safepoint   ] Safepoint "Cleanup", Time since last: 39004733383 ns, Reaching safepoint: 142381 ns, At safepoint: 8738 ns, Total: 151119 ns
[2024-02-24T22:48:54.677+0000][7][safepoint   ] Safepoint "Cleanup", Time since last: 7001036949 ns, Reaching safepoint: 84514 ns, At safepoint: 7428 ns, Total: 91942 ns
[2024-02-24T22:50:29.726+0000][7][gc,start    ] GC(255) Pause Young (Normal) (G1 Evacuation Pause)
[2024-02-24T22:50:29.726+0000][7][gc,task     ] GC(255) Using 8 workers of 8 for evacuation
[2024-02-24T22:50:29.726+0000][7][gc,age      ] GC(255) Desired survivor size 41943040 bytes, new threshold 15 (max threshold 15)
[2024-02-24T22:50:29.728+0000][7][gc,phases   ] GC(255)   Pre Evacuate Collection Set: 0.1ms
[2024-02-24T22:50:29.728+0000][7][gc,phases   ] GC(255)   Merge Heap Roots: 0.1ms
[2024-02-24T22:50:29.728+0000][7][gc,phases   ] GC(255)   Evacuate Collection Set: 1.6ms
[2024-02-24T22:50:29.728+0000][7][gc,phases   ] GC(255)   Post Evacuate Collection Set: 0.6ms
[2024-02-24T22:50:29.728+0000][7][gc,phases   ] GC(255)   Other: 0.1ms
[2024-02-24T22:50:29.728+0000][7][gc,age      ] GC(255) Age table with threshold 15 (max threshold 15)
[2024-02-24T22:50:29.728+0000][7][gc,age      ] GC(255) - age   1:    1828656 bytes,    1828656 total
[2024-02-24T22:50:29.728+0000][7][gc,age      ] GC(255) - age   2:      10608 bytes,    1839264 total
[2024-02-24T22:50:29.728+0000][7][gc,age      ] GC(255) - age   3:       2168 bytes,    1841432 total
[2024-02-24T22:50:29.728+0000][7][gc,age      ] GC(255) - age   4:         64 bytes,    1841496 total
[2024-02-24T22:50:29.728+0000][7][gc,age      ] GC(255) - age   5:        240 bytes,    1841736 total
[2024-02-24T22:50:29.728+0000][7][gc,age      ] GC(255) - age   6:        824 bytes,    1842560 total
[2024-02-24T22:50:29.728+0000][7][gc,age      ] GC(255) - age   7:         88 bytes,    1842648 total
[2024-02-24T22:50:29.728+0000][7][gc,age      ] GC(255) - age   8:         56 bytes,    1842704 total
[2024-02-24T22:50:29.728+0000][7][gc,age      ] GC(255) - age   9:       9600 bytes,    1852304 total
[2024-02-24T22:50:29.728+0000][7][gc,age      ] GC(255) - age  12:        304 bytes,    1852608 total
[2024-02-24T22:50:29.728+0000][7][gc,age      ] GC(255) - age  13:       8056 bytes,    1860664 total
[2024-02-24T22:50:29.728+0000][7][gc,age      ] GC(255) - age  14:        560 bytes,    1861224 total
[2024-02-24T22:50:29.728+0000][7][gc,age      ] GC(255) - age  15:     209896 bytes,    2071120 total
[2024-02-24T22:50:29.728+0000][7][gc,heap     ] GC(255) Eden regions: 152->0(152)
[2024-02-24T22:50:29.728+0000][7][gc,heap     ] GC(255) Survivor regions: 1->1(20)
[2024-02-24T22:50:29.728+0000][7][gc,heap     ] GC(255) Old regions: 25->25
[2024-02-24T22:50:29.728+0000][7][gc,heap     ] GC(255) Archive regions: 2->2
[2024-02-24T22:50:29.728+0000][7][gc,heap     ] GC(255) Humongous regions: 0->0
[2024-02-24T22:50:29.728+0000][7][gc,metaspace] GC(255) Metaspace: 128894K(132480K)->128894K(132480K) NonClass: 112046K(113920K)->112046K(113920K) Class: 16847K(18560K)->16847K(18560K)
[2024-02-24T22:50:29.728+0000][7][gc          ] GC(255) Pause Young (Normal) (G1 Evacuation Pause) 712M->104M(1024M) 2.829ms
[2024-02-24T22:50:29.728+0000][7][gc,cpu      ] GC(255) User=0.01s Sys=0.00s Real=0.00s
[2024-02-24T22:50:29.728+0000][7][safepoint   ] Safepoint "G1CollectForAllocation", Time since last: 95048188336 ns, Reaching safepoint: 54365 ns, At safepoint: 2915348 ns, Total: 2969713 ns
[2024-02-24T22:52:53.759+0000][7][gc,start    ] GC(256) Pause Young (Normal) (G1 Evacuation Pause)
[2024-02-24T22:52:53.759+0000][7][gc,task     ] GC(256) Using 8 workers of 8 for evacuation
[2024-02-24T22:52:53.759+0000][7][gc,age      ] GC(256) Desired survivor size 41943040 bytes, new threshold 15 (max threshold 15)
[2024-02-24T22:52:53.762+0000][7][gc,phases   ] GC(256)   Pre Evacuate Collection Set: 0.1ms
[2024-02-24T22:52:53.762+0000][7][gc,phases   ] GC(256)   Merge Heap Roots: 0.1ms
[2024-02-24T22:52:53.762+0000][7][gc,phases   ] GC(256)   Evacuate Collection Set: 1.4ms
[2024-02-24T22:52:53.762+0000][7][gc,phases   ] GC(256)   Post Evacuate Collection Set: 0.8ms
[2024-02-24T22:52:53.762+0000][7][gc,phases   ] GC(256)   Other: 0.1ms
[2024-02-24T22:52:53.762+0000][7][gc,age      ] GC(256) Age table with threshold 15 (max threshold 15)
[2024-02-24T22:52:53.762+0000][7][gc,age      ] GC(256) - age   1:    1856656 bytes,    1856656 total
[2024-02-24T22:52:53.762+0000][7][gc,age      ] GC(256) - age   2:       6168 bytes,    1862824 total
[2024-02-24T22:52:53.762+0000][7][gc,age      ] GC(256) - age   3:        992 bytes,    1863816 total
[2024-02-24T22:52:53.762+0000][7][gc,age      ] GC(256) - age   4:       1680 bytes,    1865496 total
[2024-02-24T22:52:53.762+0000][7][gc,age      ] GC(256) - age   6:        240 bytes,    1865736 total
[2024-02-24T22:52:53.762+0000][7][gc,age      ] GC(256) - age   7:        824 bytes,    1866560 total
[2024-02-24T22:52:53.762+0000][7][gc,age      ] GC(256) - age   8:         88 bytes,    1866648 total
[2024-02-24T22:52:53.762+0000][7][gc,age      ] GC(256) - age   9:         56 bytes,    1866704 total
[2024-02-24T22:52:53.762+0000][7][gc,age      ] GC(256) - age  10:       9600 bytes,    1876304 total
[2024-02-24T22:52:53.762+0000][7][gc,age      ] GC(256) - age  13:        120 bytes,    1876424 total
[2024-02-24T22:52:53.762+0000][7][gc,age      ] GC(256) - age  14:       8056 bytes,    1884480 total
[2024-02-24T22:52:53.762+0000][7][gc,age      ] GC(256) - age  15:        560 bytes,    1885040 total
[2024-02-24T22:52:53.762+0000][7][gc,heap     ] GC(256) Eden regions: 152->0(152)
[2024-02-24T22:52:53.762+0000][7][gc,heap     ] GC(256) Survivor regions: 1->1(20)
[2024-02-24T22:52:53.762+0000][7][gc,heap     ] GC(256) Old regions: 25->25
[2024-02-24T22:52:53.762+0000][7][gc,heap     ] GC(256) Archive regions: 2->2
[2024-02-24T22:52:53.762+0000][7][gc,heap     ] GC(256) Humongous regions: 0->0
[2024-02-24T22:52:53.762+0000][7][gc,metaspace] GC(256) Metaspace: 128894K(132480K)->128894K(132480K) NonClass: 112046K(113920K)->112046K(113920K) Class: 16847K(18560K)->16847K(18560K)
[2024-02-24T22:52:53.762+0000][7][gc          ] GC(256) Pause Young (Normal) (G1 Evacuation Pause) 712M->104M(1024M) 2.806ms
[2024-02-24T22:52:53.762+0000][7][gc,cpu      ] GC(256) User=0.01s Sys=0.00s Real=0.00s
[2024-02-24T22:52:53.762+0000][7][safepoint   ] Safepoint "G1CollectForAllocation", Time since last: 144030570695 ns, Reaching safepoint: 61765 ns, At safepoint: 2894066 ns, Total: 2955831 ns
[2024-02-24T22:54:39.777+0000][7][safepoint   ] Safepoint "Cleanup", Time since last: 106015246917 ns, Reaching safepoint: 127891 ns, At safepoint: 12768 ns, Total: 140659 ns
[2024-02-24T22:55:09.069+0000][7][gc,start    ] GC(257) Pause Young (Normal) (G1 Evacuation Pause)
[2024-02-24T22:55:09.069+0000][7][gc,task     ] GC(257) Using 8 workers of 8 for evacuation
[2024-02-24T22:55:09.069+0000][7][gc,age      ] GC(257) Desired survivor size 41943040 bytes, new threshold 15 (max threshold 15)
[2024-02-24T22:55:09.071+0000][7][gc,phases   ] GC(257)   Pre Evacuate Collection Set: 0.2ms
[2024-02-24T22:55:09.071+0000][7][gc,phases   ] GC(257)   Merge Heap Roots: 0.1ms
[2024-02-24T22:55:09.071+0000][7][gc,phases   ] GC(257)   Evacuate Collection Set: 1.2ms
[2024-02-24T22:55:09.071+0000][7][gc,phases   ] GC(257)   Post Evacuate Collection Set: 0.9ms
[2024-02-24T22:55:09.071+0000][7][gc,phases   ] GC(257)   Other: 0.1ms
[2024-02-24T22:55:09.071+0000][7][gc,age      ] GC(257) Age table with threshold 15 (max threshold 15)
[2024-02-24T22:55:09.071+0000][7][gc,age      ] GC(257) - age   1:     731776 bytes,     731776 total
[2024-02-24T22:55:09.071+0000][7][gc,age      ] GC(257) - age   2:       2208 bytes,     733984 total
[2024-02-24T22:55:09.071+0000][7][gc,age      ] GC(257) - age   3:       4280 bytes,     738264 total
[2024-02-24T22:55:09.071+0000][7][gc,age      ] GC(257) - age   4:        448 bytes,     738712 total
[2024-02-24T22:55:09.071+0000][7][gc,age      ] GC(257) - age   5:       1392 bytes,     740104 total
[2024-02-24T22:55:09.071+0000][7][gc,age      ] GC(257) - age   7:        240 bytes,     740344 total
[2024-02-24T22:55:09.071+0000][7][gc,age      ] GC(257) - age   8:        824 bytes,     741168 total
[2024-02-24T22:55:09.072+0000][7][gc,age      ] GC(257) - age   9:         88 bytes,     741256 total
[2024-02-24T22:55:09.072+0000][7][gc,age      ] GC(257) - age  10:         56 bytes,     741312 total
[2024-02-24T22:55:09.072+0000][7][gc,age      ] GC(257) - age  11:       9600 bytes,     750912 total
[2024-02-24T22:55:09.072+0000][7][gc,age      ] GC(257) - age  14:        120 bytes,     751032 total
[2024-02-24T22:55:09.072+0000][7][gc,age      ] GC(257) - age  15:       8056 bytes,     759088 total
[2024-02-24T22:55:09.072+0000][7][gc,heap     ] GC(257) Eden regions: 152->0(152)
[2024-02-24T22:55:09.072+0000][7][gc,heap     ] GC(257) Survivor regions: 1->1(20)
[2024-02-24T22:55:09.072+0000][7][gc,heap     ] GC(257) Old regions: 25->25
[2024-02-24T22:55:09.072+0000][7][gc,heap     ] GC(257) Archive regions: 2->2
[2024-02-24T22:55:09.072+0000][7][gc,heap     ] GC(257) Humongous regions: 0->0
[2024-02-24T22:55:09.072+0000][7][gc,metaspace] GC(257) Metaspace: 128896K(132480K)->128896K(132480K) NonClass: 112048K(113920K)->112048K(113920K) Class: 16847K(18560K)->16847K(18560K)
[2024-02-24T22:55:09.072+0000][7][gc          ] GC(257) Pause Young (Normal) (G1 Evacuation Pause) 712M->103M(1024M) 2.770ms
[2024-02-24T22:55:09.072+0000][7][gc,cpu      ] GC(257) User=0.02s Sys=0.00s Real=0.00s
[2024-02-24T22:55:09.072+0000][7][safepoint   ] Safepoint "G1CollectForAllocation", Time since last: 29291444100 ns, Reaching safepoint: 47148 ns, At safepoint: 2893350 ns, Total: 2940498 ns
[2024-02-24T22:55:35.076+0000][7][safepoint   ] Safepoint "Cleanup", Time since last: 26003859177 ns, Reaching safepoint: 109320 ns, At safepoint: 16139 ns, Total: 125459 ns
[2024-02-24T22:57:35.726+0000][7][gc,start    ] GC(258) Pause Young (Normal) (G1 Evacuation Pause)
[2024-02-24T22:57:35.726+0000][7][gc,task     ] GC(258) Using 8 workers of 8 for evacuation
[2024-02-24T22:57:35.726+0000][7][gc,age      ] GC(258) Desired survivor size 41943040 bytes, new threshold 15 (max threshold 15)
[2024-02-24T22:57:35.728+0000][7][gc,phases   ] GC(258)   Pre Evacuate Collection Set: 0.1ms
[2024-02-24T22:57:35.728+0000][7][gc,phases   ] GC(258)   Merge Heap Roots: 0.1ms
[2024-02-24T22:57:35.728+0000][7][gc,phases   ] GC(258)   Evacuate Collection Set: 1.0ms
[2024-02-24T22:57:35.728+0000][7][gc,phases   ] GC(258)   Post Evacuate Collection Set: 0.7ms
[2024-02-24T22:57:35.728+0000][7][gc,phases   ] GC(258)   Other: 0.1ms
[2024-02-24T22:57:35.728+0000][7][gc,age      ] GC(258) Age table with threshold 15 (max threshold 15)
[2024-02-24T22:57:35.728+0000][7][gc,age      ] GC(258) - age   1:     885208 bytes,     885208 total
[2024-02-24T22:57:35.728+0000][7][gc,age      ] GC(258) - age   2:       9656 bytes,     894864 total
[2024-02-24T22:57:35.728+0000][7][gc,age      ] GC(258) - age   3:        440 bytes,     895304 total
[2024-02-24T22:57:35.728+0000][7][gc,age      ] GC(258) - age   4:       3728 bytes,     899032 total
[2024-02-24T22:57:35.728+0000][7][gc,age      ] GC(258) - age   5:        448 bytes,     899480 total
[2024-02-24T22:57:35.728+0000][7][gc,age      ] GC(258) - age   6:        704 bytes,     900184 total
[2024-02-24T22:57:35.728+0000][7][gc,age      ] GC(258) - age   8:        240 bytes,     900424 total
[2024-02-24T22:57:35.729+0000][7][gc,age      ] GC(258) - age   9:        824 bytes,     901248 total
[2024-02-24T22:57:35.729+0000][7][gc,age      ] GC(258) - age  10:         56 bytes,     901304 total
[2024-02-24T22:57:35.729+0000][7][gc,age      ] GC(258) - age  11:         56 bytes,     901360 total
[2024-02-24T22:57:35.729+0000][7][gc,age      ] GC(258) - age  12:       9600 bytes,     910960 total
[2024-02-24T22:57:35.729+0000][7][gc,age      ] GC(258) - age  15:        120 bytes,     911080 total
[2024-02-24T22:57:35.729+0000][7][gc,heap     ] GC(258) Eden regions: 152->0(152)
[2024-02-24T22:57:35.729+0000][7][gc,heap     ] GC(258) Survivor regions: 1->1(20)
[2024-02-24T22:57:35.729+0000][7][gc,heap     ] GC(258) Old regions: 25->25
[2024-02-24T22:57:35.729+0000][7][gc,heap     ] GC(258) Archive regions: 2->2
[2024-02-24T22:57:35.729+0000][7][gc,heap     ] GC(258) Humongous regions: 0->0
[2024-02-24T22:57:35.729+0000][7][gc,metaspace] GC(258) Metaspace: 128896K(132480K)->128896K(132480K) NonClass: 112048K(113920K)->112048K(113920K) Class: 16847K(18560K)->16847K(18560K)
[2024-02-24T22:57:35.729+0000][7][gc          ] GC(258) Pause Young (Normal) (G1 Evacuation Pause) 711M->103M(1024M) 2.368ms
[2024-02-24T22:57:35.729+0000][7][gc,cpu      ] GC(258) User=0.01s Sys=0.00s Real=0.00s
[2024-02-24T22:57:35.729+0000][7][safepoint   ] Safepoint "G1CollectForAllocation", Time since last: 120650430086 ns, Reaching safepoint: 73189 ns, At safepoint: 2463698 ns, Total: 2536887 ns
[2024-02-24T22:59:53.725+0000][7][gc,start    ] GC(259) Pause Young (Normal) (G1 Evacuation Pause)
[2024-02-24T22:59:53.725+0000][7][gc,task     ] GC(259) Using 8 workers of 8 for evacuation
[2024-02-24T22:59:53.725+0000][7][gc,age      ] GC(259) Desired survivor size 41943040 bytes, new threshold 15 (max threshold 15)
[2024-02-24T22:59:53.727+0000][7][gc,phases   ] GC(259)   Pre Evacuate Collection Set: 0.1ms
[2024-02-24T22:59:53.727+0000][7][gc,phases   ] GC(259)   Merge Heap Roots: 0.1ms
[2024-02-24T22:59:53.727+0000][7][gc,phases   ] GC(259)   Evacuate Collection Set: 1.4ms
[2024-02-24T22:59:53.727+0000][7][gc,phases   ] GC(259)   Post Evacuate Collection Set: 0.7ms
[2024-02-24T22:59:53.727+0000][7][gc,phases   ] GC(259)   Other: 0.1ms
[2024-02-24T22:59:53.727+0000][7][gc,age      ] GC(259) Age table with threshold 15 (max threshold 15)
[2024-02-24T22:59:53.727+0000][7][gc,age      ] GC(259) - age   1:    1515000 bytes,    1515000 total
[2024-02-24T22:59:53.727+0000][7][gc,age      ] GC(259) - age   2:       3824 bytes,    1518824 total
[2024-02-24T22:59:53.727+0000][7][gc,age      ] GC(259) - age   3:       8632 bytes,    1527456 total
[2024-02-24T22:59:53.727+0000][7][gc,age      ] GC(259) - age   5:        248 bytes,    1527704 total
[2024-02-24T22:59:53.727+0000][7][gc,age      ] GC(259) - age   6:        384 bytes,    1528088 total
[2024-02-24T22:59:53.727+0000][7][gc,age      ] GC(259) - age   7:        312 bytes,    1528400 total
[2024-02-24T22:59:53.727+0000][7][gc,age      ] GC(259) - age   9:        240 bytes,    1528640 total
[2024-02-24T22:59:53.727+0000][7][gc,age      ] GC(259) - age  10:        640 bytes,    1529280 total
[2024-02-24T22:59:53.727+0000][7][gc,age      ] GC(259) - age  11:         56 bytes,    1529336 total
[2024-02-24T22:59:53.727+0000][7][gc,age      ] GC(259) - age  12:         56 bytes,    1529392 total
[2024-02-24T22:59:53.727+0000][7][gc,age      ] GC(259) - age  13:       9600 bytes,    1538992 total
[2024-02-24T22:59:53.727+0000][7][gc,heap     ] GC(259) Eden regions: 152->0(152)
[2024-02-24T22:59:53.727+0000][7][gc,heap     ] GC(259) Survivor regions: 1->1(20)
[2024-02-24T22:59:53.727+0000][7][gc,heap     ] GC(259) Old regions: 25->25
[2024-02-24T22:59:53.727+0000][7][gc,heap     ] GC(259) Archive regions: 2->2
[2024-02-24T22:59:53.727+0000][7][gc,heap     ] GC(259) Humongous regions: 0->0
[2024-02-24T22:59:53.727+0000][7][gc,metaspace] GC(259) Metaspace: 128896K(132480K)->128896K(132480K) NonClass: 112049K(113920K)->112049K(113920K) Class: 16847K(18560K)->16847K(18560K)
[2024-02-24T22:59:53.728+0000][7][gc          ] GC(259) Pause Young (Normal) (G1 Evacuation Pause) 711M->104M(1024M) 2.691ms
[2024-02-24T22:59:53.728+0000][7][gc,cpu      ] GC(259) User=0.01s Sys=0.00s Real=0.00s
[2024-02-24T22:59:53.728+0000][7][safepoint   ] Safepoint "G1CollectForAllocation", Time since last: 137996082180 ns, Reaching safepoint: 75933 ns, At safepoint: 2784753 ns, Total: 2860686 ns
[2024-02-24T23:02:17.848+0000][7][gc,start    ] GC(260) Pause Young (Normal) (G1 Evacuation Pause)
[2024-02-24T23:02:17.849+0000][7][gc,task     ] GC(260) Using 8 workers of 8 for evacuation
[2024-02-24T23:02:17.849+0000][7][gc,age      ] GC(260) Desired survivor size 41943040 bytes, new threshold 15 (max threshold 15)
[2024-02-24T23:02:17.852+0000][7][gc,phases   ] GC(260)   Pre Evacuate Collection Set: 0.1ms
[2024-02-24T23:02:17.852+0000][7][gc,phases   ] GC(260)   Merge Heap Roots: 0.1ms
[2024-02-24T23:02:17.852+0000][7][gc,phases   ] GC(260)   Evacuate Collection Set: 1.8ms
[2024-02-24T23:02:17.852+0000][7][gc,phases   ] GC(260)   Post Evacuate Collection Set: 0.9ms
[2024-02-24T23:02:17.852+0000][7][gc,phases   ] GC(260)   Other: 0.1ms
[2024-02-24T23:02:17.852+0000][7][gc,age      ] GC(260) Age table with threshold 15 (max threshold 15)
[2024-02-24T23:02:17.852+0000][7][gc,age      ] GC(260) - age   1:    1861056 bytes,    1861056 total
[2024-02-24T23:02:17.852+0000][7][gc,age      ] GC(260) - age   2:       6984 bytes,    1868040 total
[2024-02-24T23:02:17.852+0000][7][gc,age      ] GC(260) - age   3:        992 bytes,    1869032 total
[2024-02-24T23:02:17.852+0000][7][gc,age      ] GC(260) - age   4:       8016 bytes,    1877048 total
[2024-02-24T23:02:17.852+0000][7][gc,age      ] GC(260) - age   6:        184 bytes,    1877232 total
[2024-02-24T23:02:17.852+0000][7][gc,age      ] GC(260) - age   7:        384 bytes,    1877616 total
[2024-02-24T23:02:17.852+0000][7][gc,age      ] GC(260) - age   8:        128 bytes,    1877744 total
[2024-02-24T23:02:17.852+0000][7][gc,age      ] GC(260) - age  10:        240 bytes,    1877984 total
[2024-02-24T23:02:17.852+0000][7][gc,age      ] GC(260) - age  11:        640 bytes,    1878624 total
[2024-02-24T23:02:17.852+0000][7][gc,age      ] GC(260) - age  12:         56 bytes,    1878680 total
[2024-02-24T23:02:17.852+0000][7][gc,age      ] GC(260) - age  13:         56 bytes,    1878736 total
[2024-02-24T23:02:17.852+0000][7][gc,age      ] GC(260) - age  14:       9600 bytes,    1888336 total
[2024-02-24T23:02:17.852+0000][7][gc,heap     ] GC(260) Eden regions: 152->0(152)
[2024-02-24T23:02:17.852+0000][7][gc,heap     ] GC(260) Survivor regions: 1->1(20)
[2024-02-24T23:02:17.852+0000][7][gc,heap     ] GC(260) Old regions: 25->25
[2024-02-24T23:02:17.852+0000][7][gc,heap     ] GC(260) Archive regions: 2->2
[2024-02-24T23:02:17.852+0000][7][gc,heap     ] GC(260) Humongous regions: 0->0
[2024-02-24T23:02:17.852+0000][7][gc,metaspace] GC(260) Metaspace: 128896K(132480K)->128896K(132480K) NonClass: 112049K(113920K)->112049K(113920K) Class: 16847K(18560K)->16847K(18560K)
[2024-02-24T23:02:17.852+0000][7][gc          ] GC(260) Pause Young (Normal) (G1 Evacuation Pause) 712M->104M(1024M) 3.327ms
[2024-02-24T23:02:17.852+0000][7][gc,cpu      ] GC(260) User=0.01s Sys=0.00s Real=0.00s
[2024-02-24T23:02:17.852+0000][7][safepoint   ] Safepoint "G1CollectForAllocation", Time since last: 144120716274 ns, Reaching safepoint: 91884 ns, At safepoint: 3434571 ns, Total: 3526455 ns
[2024-02-24T23:02:59.858+0000][7][safepoint   ] Safepoint "Cleanup", Time since last: 42006048252 ns, Reaching safepoint: 112904 ns, At safepoint: 7713 ns, Total: 120617 ns
[2024-02-24T23:03:02.859+0000][7][safepoint   ] Safepoint "Cleanup", Time since last: 3000435535 ns, Reaching safepoint: 70146 ns, At safepoint: 8288 ns, Total: 78434 ns
[2024-02-24T23:04:24.347+0000][7][gc,start    ] GC(261) Pause Young (Normal) (G1 Evacuation Pause)
[2024-02-24T23:04:24.347+0000][7][gc,task     ] GC(261) Using 8 workers of 8 for evacuation
[2024-02-24T23:04:24.347+0000][7][gc,age      ] GC(261) Desired survivor size 41943040 bytes, new threshold 15 (max threshold 15)
[2024-02-24T23:04:24.349+0000][7][gc,phases   ] GC(261)   Pre Evacuate Collection Set: 0.1ms
[2024-02-24T23:04:24.349+0000][7][gc,phases   ] GC(261)   Merge Heap Roots: 0.0ms
[2024-02-24T23:04:24.349+0000][7][gc,phases   ] GC(261)   Evacuate Collection Set: 1.1ms
[2024-02-24T23:04:24.349+0000][7][gc,phases   ] GC(261)   Post Evacuate Collection Set: 0.6ms
[2024-02-24T23:04:24.349+0000][7][gc,phases   ] GC(261)   Other: 0.1ms
[2024-02-24T23:04:24.349+0000][7][gc,age      ] GC(261) Age table with threshold 15 (max threshold 15)
[2024-02-24T23:04:24.349+0000][7][gc,age      ] GC(261) - age   1:    1939568 bytes,    1939568 total
[2024-02-24T23:04:24.349+0000][7][gc,age      ] GC(261) - age   2:     256544 bytes,    2196112 total
[2024-02-24T23:04:24.349+0000][7][gc,age      ] GC(261) - age   3:       4488 bytes,    2200600 total
[2024-02-24T23:04:24.349+0000][7][gc,age      ] GC(261) - age   4:        928 bytes,    2201528 total
[2024-02-24T23:04:24.349+0000][7][gc,age      ] GC(261) - age   5:       8016 bytes,    2209544 total
[2024-02-24T23:04:24.349+0000][7][gc,age      ] GC(261) - age   7:        184 bytes,    2209728 total
[2024-02-24T23:04:24.349+0000][7][gc,age      ] GC(261) - age   8:        384 bytes,    2210112 total
[2024-02-24T23:04:24.349+0000][7][gc,age      ] GC(261) - age   9:         32 bytes,    2210144 total
[2024-02-24T23:04:24.349+0000][7][gc,age      ] GC(261) - age  11:        240 bytes,    2210384 total
[2024-02-24T23:04:24.349+0000][7][gc,age      ] GC(261) - age  12:        640 bytes,    2211024 total
[2024-02-24T23:04:24.349+0000][7][gc,age      ] GC(261) - age  13:         56 bytes,    2211080 total
[2024-02-24T23:04:24.349+0000][7][gc,age      ] GC(261) - age  14:         56 bytes,    2211136 total
[2024-02-24T23:04:24.349+0000][7][gc,age      ] GC(261) - age  15:       9600 bytes,    2220736 total
[2024-02-24T23:04:24.349+0000][7][gc,heap     ] GC(261) Eden regions: 152->0(152)
[2024-02-24T23:04:24.349+0000][7][gc,heap     ] GC(261) Survivor regions: 1->1(20)
[2024-02-24T23:04:24.349+0000][7][gc,heap     ] GC(261) Old regions: 25->25
[2024-02-24T23:04:24.349+0000][7][gc,heap     ] GC(261) Archive regions: 2->2
[2024-02-24T23:04:24.349+0000][7][gc,heap     ] GC(261) Humongous regions: 0->0
[2024-02-24T23:04:24.349+0000][7][gc,metaspace] GC(261) Metaspace: 128897K(132480K)->128897K(132480K) NonClass: 112050K(113920K)->112050K(113920K) Class: 16847K(18560K)->16847K(18560K)
[2024-02-24T23:04:24.349+0000][7][gc          ] GC(261) Pause Young (Normal) (G1 Evacuation Pause) 712M->105M(1024M) 2.127ms
[2024-02-24T23:04:24.349+0000][7][gc,cpu      ] GC(261) User=0.00s Sys=0.00s Real=0.00s
[2024-02-24T23:04:24.349+0000][7][safepoint   ] Safepoint "G1CollectForAllocation", Time since last: 81488084161 ns, Reaching safepoint: 40750 ns, At safepoint: 2191047 ns, Total: 2231797 ns
[2024-02-24T23:06:43.370+0000][7][safepoint   ] Safepoint "Cleanup", Time since last: 139021255033 ns, Reaching safepoint: 83915 ns, At safepoint: 43587 ns, Total: 127502 ns
[2024-02-24T23:06:48.907+0000][7][gc,start    ] GC(262) Pause Young (Normal) (G1 Evacuation Pause)
[2024-02-24T23:06:48.907+0000][7][gc,task     ] GC(262) Using 8 workers of 8 for evacuation
[2024-02-24T23:06:48.907+0000][7][gc,age      ] GC(262) Desired survivor size 41943040 bytes, new threshold 15 (max threshold 15)
[2024-02-24T23:06:48.909+0000][7][gc,phases   ] GC(262)   Pre Evacuate Collection Set: 0.1ms
[2024-02-24T23:06:48.909+0000][7][gc,phases   ] GC(262)   Merge Heap Roots: 0.0ms
[2024-02-24T23:06:48.909+0000][7][gc,phases   ] GC(262)   Evacuate Collection Set: 1.0ms
[2024-02-24T23:06:48.909+0000][7][gc,phases   ] GC(262)   Post Evacuate Collection Set: 0.5ms
[2024-02-24T23:06:48.909+0000][7][gc,phases   ] GC(262)   Other: 0.1ms
[2024-02-24T23:06:48.909+0000][7][gc,age      ] GC(262) Age table with threshold 15 (max threshold 15)
[2024-02-24T23:06:48.909+0000][7][gc,age      ] GC(262) - age   1:    1696016 bytes,    1696016 total
[2024-02-24T23:06:48.909+0000][7][gc,age      ] GC(262) - age   2:     143496 bytes,    1839512 total
[2024-02-24T23:06:48.909+0000][7][gc,age      ] GC(262) - age   3:     104152 bytes,    1943664 total
[2024-02-24T23:06:48.909+0000][7][gc,age      ] GC(262) - age   4:       4424 bytes,    1948088 total
[2024-02-24T23:06:48.909+0000][7][gc,age      ] GC(262) - age   5:        184 bytes,    1948272 total
[2024-02-24T23:06:48.909+0000][7][gc,age      ] GC(262) - age   6:       8016 bytes,    1956288 total
[2024-02-24T23:06:48.909+0000][7][gc,age      ] GC(262) - age   9:        384 bytes,    1956672 total
[2024-02-24T23:06:48.909+0000][7][gc,age      ] GC(262) - age  12:        240 bytes,    1956912 total
[2024-02-24T23:06:48.909+0000][7][gc,age      ] GC(262) - age  13:        640 bytes,    1957552 total
[2024-02-24T23:06:48.909+0000][7][gc,age      ] GC(262) - age  14:         56 bytes,    1957608 total
[2024-02-24T23:06:48.909+0000][7][gc,age      ] GC(262) - age  15:         56 bytes,    1957664 total
[2024-02-24T23:06:48.909+0000][7][gc,heap     ] GC(262) Eden regions: 152->0(152)
[2024-02-24T23:06:48.909+0000][7][gc,heap     ] GC(262) Survivor regions: 1->1(20)
[2024-02-24T23:06:48.909+0000][7][gc,heap     ] GC(262) Old regions: 25->25
[2024-02-24T23:06:48.909+0000][7][gc,heap     ] GC(262) Archive regions: 2->2
[2024-02-24T23:06:48.909+0000][7][gc,heap     ] GC(262) Humongous regions: 0->0
[2024-02-24T23:06:48.909+0000][7][gc,metaspace] GC(262) Metaspace: 128899K(132480K)->128899K(132480K) NonClass: 112051K(113920K)->112051K(113920K) Class: 16847K(18560K)->16847K(18560K)
[2024-02-24T23:06:48.909+0000][7][gc          ] GC(262) Pause Young (Normal) (G1 Evacuation Pause) 713M->105M(1024M) 1.943ms
[2024-02-24T23:06:48.909+0000][7][gc,cpu      ] GC(262) User=0.01s Sys=0.00s Real=0.00s
[2024-02-24T23:06:48.909+0000][7][safepoint   ] Safepoint "G1CollectForAllocation", Time since last: 5537099492 ns, Reaching safepoint: 38797 ns, At safepoint: 2009098 ns, Total: 2047895 ns
[2024-02-24T23:09:08.894+0000][7][gc,start    ] GC(263) Pause Young (Normal) (G1 Evacuation Pause)
[2024-02-24T23:09:08.894+0000][7][gc,task     ] GC(263) Using 8 workers of 8 for evacuation
[2024-02-24T23:09:08.894+0000][7][gc,age      ] GC(263) Desired survivor size 41943040 bytes, new threshold 15 (max threshold 15)
[2024-02-24T23:09:08.896+0000][7][gc,phases   ] GC(263)   Pre Evacuate Collection Set: 0.2ms
[2024-02-24T23:09:08.897+0000][7][gc,phases   ] GC(263)   Merge Heap Roots: 0.1ms
[2024-02-24T23:09:08.897+0000][7][gc,phases   ] GC(263)   Evacuate Collection Set: 1.4ms
[2024-02-24T23:09:08.897+0000][7][gc,phases   ] GC(263)   Post Evacuate Collection Set: 0.9ms
[2024-02-24T23:09:08.897+0000][7][gc,phases   ] GC(263)   Other: 0.1ms
[2024-02-24T23:09:08.897+0000][7][gc,age      ] GC(263) Age table with threshold 15 (max threshold 15)
[2024-02-24T23:09:08.897+0000][7][gc,age      ] GC(263) - age   1:    1196176 bytes,    1196176 total
[2024-02-24T23:09:08.897+0000][7][gc,age      ] GC(263) - age   2:     146384 bytes,    1342560 total
[2024-02-24T23:09:08.897+0000][7][gc,age      ] GC(263) - age   3:     140616 bytes,    1483176 total
[2024-02-24T23:09:08.897+0000][7][gc,age      ] GC(263) - age   4:     103472 bytes,    1586648 total
[2024-02-24T23:09:08.897+0000][7][gc,age      ] GC(263) - age   5:       4240 bytes,    1590888 total
[2024-02-24T23:09:08.897+0000][7][gc,age      ] GC(263) - age   6:        184 bytes,    1591072 total
[2024-02-24T23:09:08.897+0000][7][gc,age      ] GC(263) - age   7:       8016 bytes,    1599088 total
[2024-02-24T23:09:08.897+0000][7][gc,age      ] GC(263) - age  13:        240 bytes,    1599328 total
[2024-02-24T23:09:08.897+0000][7][gc,age      ] GC(263) - age  14:        640 bytes,    1599968 total
[2024-02-24T23:09:08.897+0000][7][gc,age      ] GC(263) - age  15:         56 bytes,    1600024 total
[2024-02-24T23:09:08.897+0000][7][gc,heap     ] GC(263) Eden regions: 152->0(152)
[2024-02-24T23:09:08.897+0000][7][gc,heap     ] GC(263) Survivor regions: 1->1(20)
[2024-02-24T23:09:08.897+0000][7][gc,heap     ] GC(263) Old regions: 25->25
[2024-02-24T23:09:08.897+0000][7][gc,heap     ] GC(263) Archive regions: 2->2
[2024-02-24T23:09:08.897+0000][7][gc,heap     ] GC(263) Humongous regions: 0->0
[2024-02-24T23:09:08.897+0000][7][gc,metaspace] GC(263) Metaspace: 128899K(132480K)->128899K(132480K) NonClass: 112051K(113920K)->112051K(113920K) Class: 16847K(18560K)->16847K(18560K)
[2024-02-24T23:09:08.897+0000][7][gc          ] GC(263) Pause Young (Normal) (G1 Evacuation Pause) 713M->104M(1024M) 3.054ms
[2024-02-24T23:09:08.897+0000][7][gc,cpu      ] GC(263) User=0.01s Sys=0.01s Real=0.01s
[2024-02-24T23:09:08.897+0000][7][safepoint   ] Safepoint "G1CollectForAllocation", Time since last: 139984197369 ns, Reaching safepoint: 60875 ns, At safepoint: 3160627 ns, Total: 3221502 ns
[2024-02-24T23:11:32.898+0000][7][gc,start    ] GC(264) Pause Young (Normal) (G1 Evacuation Pause)
[2024-02-24T23:11:32.898+0000][7][gc,task     ] GC(264) Using 8 workers of 8 for evacuation
[2024-02-24T23:11:32.898+0000][7][gc,age      ] GC(264) Desired survivor size 41943040 bytes, new threshold 15 (max threshold 15)
[2024-02-24T23:11:32.901+0000][7][gc,phases   ] GC(264)   Pre Evacuate Collection Set: 0.1ms
[2024-02-24T23:11:32.901+0000][7][gc,phases   ] GC(264)   Merge Heap Roots: 0.1ms
[2024-02-24T23:11:32.901+0000][7][gc,phases   ] GC(264)   Evacuate Collection Set: 1.6ms
[2024-02-24T23:11:32.901+0000][7][gc,phases   ] GC(264)   Post Evacuate Collection Set: 0.9ms
[2024-02-24T23:11:32.901+0000][7][gc,phases   ] GC(264)   Other: 0.1ms
[2024-02-24T23:11:32.901+0000][7][gc,age      ] GC(264) Age table with threshold 15 (max threshold 15)
[2024-02-24T23:11:32.901+0000][7][gc,age      ] GC(264) - age   1:    1335968 bytes,    1335968 total
[2024-02-24T23:11:32.901+0000][7][gc,age      ] GC(264) - age   2:      78216 bytes,    1414184 total
[2024-02-24T23:11:32.901+0000][7][gc,age      ] GC(264) - age   3:     144832 bytes,    1559016 total
[2024-02-24T23:11:32.901+0000][7][gc,age      ] GC(264) - age   4:     140240 bytes,    1699256 total
[2024-02-24T23:11:32.901+0000][7][gc,age      ] GC(264) - age   5:     103408 bytes,    1802664 total
[2024-02-24T23:11:32.901+0000][7][gc,age      ] GC(264) - age   6:        784 bytes,    1803448 total
[2024-02-24T23:11:32.901+0000][7][gc,age      ] GC(264) - age   7:        184 bytes,    1803632 total
[2024-02-24T23:11:32.901+0000][7][gc,age      ] GC(264) - age   8:       8016 bytes,    1811648 total
[2024-02-24T23:11:32.901+0000][7][gc,age      ] GC(264) - age  14:        240 bytes,    1811888 total
[2024-02-24T23:11:32.901+0000][7][gc,age      ] GC(264) - age  15:        640 bytes,    1812528 total
[2024-02-24T23:11:32.901+0000][7][gc,heap     ] GC(264) Eden regions: 152->0(152)
[2024-02-24T23:11:32.901+0000][7][gc,heap     ] GC(264) Survivor regions: 1->1(20)
[2024-02-24T23:11:32.901+0000][7][gc,heap     ] GC(264) Old regions: 25->25
[2024-02-24T23:11:32.901+0000][7][gc,heap     ] GC(264) Archive regions: 2->2
[2024-02-24T23:11:32.901+0000][7][gc,heap     ] GC(264) Humongous regions: 0->0
[2024-02-24T23:11:32.901+0000][7][gc,metaspace] GC(264) Metaspace: 128899K(132480K)->128899K(132480K) NonClass: 112051K(113920K)->112051K(113920K) Class: 16847K(18560K)->16847K(18560K)
[2024-02-24T23:11:32.901+0000][7][gc          ] GC(264) Pause Young (Normal) (G1 Evacuation Pause) 712M->104M(1024M) 3.132ms
[2024-02-24T23:11:32.901+0000][7][gc,cpu      ] GC(264) User=0.02s Sys=0.00s Real=0.00s
[2024-02-24T23:11:32.902+0000][7][safepoint   ] Safepoint "G1CollectForAllocation", Time since last: 144001429405 ns, Reaching safepoint: 83827 ns, At safepoint: 3237876 ns, Total: 3321703 ns
[2024-02-24T23:13:56.783+0000][7][gc,start    ] GC(265) Pause Young (Normal) (G1 Evacuation Pause)
[2024-02-24T23:13:56.783+0000][7][gc,task     ] GC(265) Using 8 workers of 8 for evacuation
[2024-02-24T23:13:56.783+0000][7][gc,age      ] GC(265) Desired survivor size 41943040 bytes, new threshold 15 (max threshold 15)
[2024-02-24T23:13:56.785+0000][7][gc,phases   ] GC(265)   Pre Evacuate Collection Set: 0.1ms
[2024-02-24T23:13:56.785+0000][7][gc,phases   ] GC(265)   Merge Heap Roots: 0.1ms
[2024-02-24T23:13:56.785+0000][7][gc,phases   ] GC(265)   Evacuate Collection Set: 1.6ms
[2024-02-24T23:13:56.785+0000][7][gc,phases   ] GC(265)   Post Evacuate Collection Set: 0.7ms
[2024-02-24T23:13:56.785+0000][7][gc,phases   ] GC(265)   Other: 0.1ms
[2024-02-24T23:13:56.785+0000][7][gc,age      ] GC(265) Age table with threshold 15 (max threshold 15)
[2024-02-24T23:13:56.785+0000][7][gc,age      ] GC(265) - age   1:    1446760 bytes,    1446760 total
[2024-02-24T23:13:56.785+0000][7][gc,age      ] GC(265) - age   2:       5448 bytes,    1452208 total
[2024-02-24T23:13:56.785+0000][7][gc,age      ] GC(265) - age   3:      68096 bytes,    1520304 total
[2024-02-24T23:13:56.785+0000][7][gc,age      ] GC(265) - age   4:     144512 bytes,    1664816 total
[2024-02-24T23:13:56.785+0000][7][gc,age      ] GC(265) - age   5:     140176 bytes,    1804992 total
[2024-02-24T23:13:56.785+0000][7][gc,age      ] GC(265) - age   6:     103408 bytes,    1908400 total
[2024-02-24T23:13:56.785+0000][7][gc,age      ] GC(265) - age   7:        600 bytes,    1909000 total
[2024-02-24T23:13:56.785+0000][7][gc,age      ] GC(265) - age   9:       8016 bytes,    1917016 total
[2024-02-24T23:13:56.785+0000][7][gc,age      ] GC(265) - age  15:        240 bytes,    1917256 total
[2024-02-24T23:13:56.785+0000][7][gc,heap     ] GC(265) Eden regions: 152->0(152)
[2024-02-24T23:13:56.785+0000][7][gc,heap     ] GC(265) Survivor regions: 1->1(20)
[2024-02-24T23:13:56.785+0000][7][gc,heap     ] GC(265) Old regions: 25->25
[2024-02-24T23:13:56.786+0000][7][gc,heap     ] GC(265) Archive regions: 2->2
[2024-02-24T23:13:56.786+0000][7][gc,heap     ] GC(265) Humongous regions: 0->0
[2024-02-24T23:13:56.786+0000][7][gc,metaspace] GC(265) Metaspace: 128899K(132480K)->128899K(132480K) NonClass: 112051K(113920K)->112051K(113920K) Class: 16847K(18560K)->16847K(18560K)
[2024-02-24T23:13:56.786+0000][7][gc          ] GC(265) Pause Young (Normal) (G1 Evacuation Pause) 712M->104M(1024M) 2.928ms
[2024-02-24T23:13:56.786+0000][7][gc,cpu      ] GC(265) User=0.01s Sys=0.00s Real=0.00s
[2024-02-24T23:13:56.786+0000][7][safepoint   ] Safepoint "G1CollectForAllocation", Time since last: 143881001185 ns, Reaching safepoint: 55332 ns, At safepoint: 3019653 ns, Total: 3074985 ns
[2024-02-24T23:16:12.934+0000][7][gc,start    ] GC(266) Pause Young (Normal) (G1 Evacuation Pause)
[2024-02-24T23:16:12.934+0000][7][gc,task     ] GC(266) Using 8 workers of 8 for evacuation
[2024-02-24T23:16:12.934+0000][7][gc,age      ] GC(266) Desired survivor size 41943040 bytes, new threshold 15 (max threshold 15)
[2024-02-24T23:16:12.936+0000][7][gc,phases   ] GC(266)   Pre Evacuate Collection Set: 0.2ms
[2024-02-24T23:16:12.936+0000][7][gc,phases   ] GC(266)   Merge Heap Roots: 0.1ms
[2024-02-24T23:16:12.936+0000][7][gc,phases   ] GC(266)   Evacuate Collection Set: 1.4ms
[2024-02-24T23:16:12.936+0000][7][gc,phases   ] GC(266)   Post Evacuate Collection Set: 0.8ms
[2024-02-24T23:16:12.936+0000][7][gc,phases   ] GC(266)   Other: 0.1ms
[2024-02-24T23:16:12.936+0000][7][gc,age      ] GC(266) Age table with threshold 15 (max threshold 15)
[2024-02-24T23:16:12.936+0000][7][gc,age      ] GC(266) - age   1:    1854472 bytes,    1854472 total
[2024-02-24T23:16:12.936+0000][7][gc,age      ] GC(266) - age   2:      20112 bytes,    1874584 total
[2024-02-24T23:16:12.936+0000][7][gc,age      ] GC(266) - age   3:       3640 bytes,    1878224 total
[2024-02-24T23:16:12.936+0000][7][gc,age      ] GC(266) - age   4:      67688 bytes,    1945912 total
[2024-02-24T23:16:12.936+0000][7][gc,age      ] GC(266) - age   5:     143536 bytes,    2089448 total
[2024-02-24T23:16:12.936+0000][7][gc,age      ] GC(266) - age   6:     140176 bytes,    2229624 total
[2024-02-24T23:16:12.936+0000][7][gc,age      ] GC(266) - age   7:     103408 bytes,    2333032 total
[2024-02-24T23:16:12.936+0000][7][gc,age      ] GC(266) - age   8:        208 bytes,    2333240 total
[2024-02-24T23:16:12.936+0000][7][gc,age      ] GC(266) - age  10:       8016 bytes,    2341256 total
[2024-02-24T23:16:12.936+0000][7][gc,heap     ] GC(266) Eden regions: 152->0(152)
[2024-02-24T23:16:12.936+0000][7][gc,heap     ] GC(266) Survivor regions: 1->1(20)
[2024-02-24T23:16:12.936+0000][7][gc,heap     ] GC(266) Old regions: 25->25
[2024-02-24T23:16:12.936+0000][7][gc,heap     ] GC(266) Archive regions: 2->2
[2024-02-24T23:16:12.936+0000][7][gc,heap     ] GC(266) Humongous regions: 0->0
[2024-02-24T23:16:12.936+0000][7][gc,metaspace] GC(266) Metaspace: 128900K(132480K)->128900K(132480K) NonClass: 112052K(113920K)->112052K(113920K) Class: 16847K(18560K)->16847K(18560K)
[2024-02-24T23:16:12.937+0000][7][gc          ] GC(266) Pause Young (Normal) (G1 Evacuation Pause) 712M->105M(1024M) 2.773ms
[2024-02-24T23:16:12.937+0000][7][gc,cpu      ] GC(266) User=0.01s Sys=0.00s Real=0.01s
[2024-02-24T23:16:12.937+0000][7][safepoint   ] Safepoint "G1CollectForAllocation", Time since last: 136148053853 ns, Reaching safepoint: 58834 ns, At safepoint: 2862275 ns, Total: 2921109 ns
[2024-02-24T23:16:43.942+0000][7][safepoint   ] Safepoint "Cleanup", Time since last: 31005061253 ns, Reaching safepoint: 135412 ns, At safepoint: 18390 ns, Total: 153802 ns
[2024-02-24T23:18:35.871+0000][7][gc,start    ] GC(267) Pause Young (Normal) (G1 Evacuation Pause)
[2024-02-24T23:18:35.871+0000][7][gc,task     ] GC(267) Using 8 workers of 8 for evacuation
[2024-02-24T23:18:35.871+0000][7][gc,age      ] GC(267) Desired survivor size 41943040 bytes, new threshold 15 (max threshold 15)
[2024-02-24T23:18:35.873+0000][7][gc,phases   ] GC(267)   Pre Evacuate Collection Set: 0.1ms
[2024-02-24T23:18:35.873+0000][7][gc,phases   ] GC(267)   Merge Heap Roots: 0.0ms
[2024-02-24T23:18:35.873+0000][7][gc,phases   ] GC(267)   Evacuate Collection Set: 1.1ms
[2024-02-24T23:18:35.873+0000][7][gc,phases   ] GC(267)   Post Evacuate Collection Set: 0.5ms
[2024-02-24T23:18:35.873+0000][7][gc,phases   ] GC(267)   Other: 0.1ms
[2024-02-24T23:18:35.873+0000][7][gc,age      ] GC(267) Age table with threshold 15 (max threshold 15)
[2024-02-24T23:18:35.873+0000][7][gc,age      ] GC(267) - age   1:    2249872 bytes,    2249872 total
[2024-02-24T23:18:35.873+0000][7][gc,age      ] GC(267) - age   2:       3304 bytes,    2253176 total
[2024-02-24T23:18:35.873+0000][7][gc,age      ] GC(267) - age   3:      10304 bytes,    2263480 total
[2024-02-24T23:18:35.873+0000][7][gc,age      ] GC(267) - age   4:       3640 bytes,    2267120 total
[2024-02-24T23:18:35.873+0000][7][gc,age      ] GC(267) - age   5:      67560 bytes,    2334680 total
[2024-02-24T23:18:35.873+0000][7][gc,age      ] GC(267) - age   6:     143472 bytes,    2478152 total
[2024-02-24T23:18:35.873+0000][7][gc,age      ] GC(267) - age   7:     140176 bytes,    2618328 total
[2024-02-24T23:18:35.873+0000][7][gc,age      ] GC(267) - age   8:     103408 bytes,    2721736 total
[2024-02-24T23:18:35.873+0000][7][gc,age      ] GC(267) - age   9:        208 bytes,    2721944 total
[2024-02-24T23:18:35.873+0000][7][gc,age      ] GC(267) - age  11:       8016 bytes,    2729960 total
[2024-02-24T23:18:35.873+0000][7][gc,heap     ] GC(267) Eden regions: 152->0(152)
[2024-02-24T23:18:35.873+0000][7][gc,heap     ] GC(267) Survivor regions: 1->1(20)
[2024-02-24T23:18:35.873+0000][7][gc,heap     ] GC(267) Old regions: 25->25
[2024-02-24T23:18:35.873+0000][7][gc,heap     ] GC(267) Archive regions: 2->2
[2024-02-24T23:18:35.873+0000][7][gc,heap     ] GC(267) Humongous regions: 0->0
[2024-02-24T23:18:35.873+0000][7][gc,metaspace] GC(267) Metaspace: 128900K(132480K)->128900K(132480K) NonClass: 112052K(113920K)->112052K(113920K) Class: 16847K(18560K)->16847K(18560K)
[2024-02-24T23:18:35.873+0000][7][gc          ] GC(267) Pause Young (Normal) (G1 Evacuation Pause) 713M->105M(1024M) 2.013ms
[2024-02-24T23:18:35.873+0000][7][gc,cpu      ] GC(267) User=0.01s Sys=0.00s Real=0.00s
[2024-02-24T23:18:35.873+0000][7][safepoint   ] Safepoint "G1CollectForAllocation", Time since last: 111929310051 ns, Reaching safepoint: 36671 ns, At safepoint: 2080332 ns, Total: 2117003 ns
[2024-02-24T23:21:22.895+0000][7][safepoint   ] Safepoint "Cleanup", Time since last: 167022160166 ns, Reaching safepoint: 70721 ns, At safepoint: 6005 ns, Total: 76726 ns
[2024-02-24T23:21:33.889+0000][7][gc,start    ] GC(268) Pause Young (Normal) (G1 Evacuation Pause)
[2024-02-24T23:21:33.889+0000][7][gc,task     ] GC(268) Using 8 workers of 8 for evacuation
[2024-02-24T23:21:33.889+0000][7][gc,age      ] GC(268) Desired survivor size 41943040 bytes, new threshold 15 (max threshold 15)
[2024-02-24T23:21:33.892+0000][7][gc,phases   ] GC(268)   Pre Evacuate Collection Set: 0.1ms
[2024-02-24T23:21:33.892+0000][7][gc,phases   ] GC(268)   Merge Heap Roots: 0.1ms
[2024-02-24T23:21:33.892+0000][7][gc,phases   ] GC(268)   Evacuate Collection Set: 1.5ms
[2024-02-24T23:21:33.892+0000][7][gc,phases   ] GC(268)   Post Evacuate Collection Set: 1.0ms
[2024-02-24T23:21:33.892+0000][7][gc,phases   ] GC(268)   Other: 0.1ms
[2024-02-24T23:21:33.892+0000][7][gc,age      ] GC(268) Age table with threshold 15 (max threshold 15)
[2024-02-24T23:21:33.892+0000][7][gc,age      ] GC(268) - age   1:     937056 bytes,     937056 total
[2024-02-24T23:21:33.892+0000][7][gc,age      ] GC(268) - age   2:       3384 bytes,     940440 total
[2024-02-24T23:21:33.892+0000][7][gc,age      ] GC(268) - age   3:       1680 bytes,     942120 total
[2024-02-24T23:21:33.892+0000][7][gc,age      ] GC(268) - age   4:      10304 bytes,     952424 total
[2024-02-24T23:21:33.892+0000][7][gc,age      ] GC(268) - age   5:        184 bytes,     952608 total
[2024-02-24T23:21:33.892+0000][7][gc,age      ] GC(268) - age   6:      67440 bytes,    1020048 total
[2024-02-24T23:21:33.892+0000][7][gc,age      ] GC(268) - age   7:     143288 bytes,    1163336 total
[2024-02-24T23:21:33.892+0000][7][gc,age      ] GC(268) - age   8:     140176 bytes,    1303512 total
[2024-02-24T23:21:33.892+0000][7][gc,age      ] GC(268) - age   9:     103408 bytes,    1406920 total
[2024-02-24T23:21:33.892+0000][7][gc,age      ] GC(268) - age  10:        208 bytes,    1407128 total
[2024-02-24T23:21:33.892+0000][7][gc,age      ] GC(268) - age  12:       8016 bytes,    1415144 total
[2024-02-24T23:21:33.892+0000][7][gc,heap     ] GC(268) Eden regions: 152->0(152)
[2024-02-24T23:21:33.892+0000][7][gc,heap     ] GC(268) Survivor regions: 1->1(20)
[2024-02-24T23:21:33.892+0000][7][gc,heap     ] GC(268) Old regions: 25->25
[2024-02-24T23:21:33.892+0000][7][gc,heap     ] GC(268) Archive regions: 2->2
[2024-02-24T23:21:33.892+0000][7][gc,heap     ] GC(268) Humongous regions: 0->0
[2024-02-24T23:21:33.892+0000][7][gc,metaspace] GC(268) Metaspace: 128902K(132480K)->128902K(132480K) NonClass: 112054K(113920K)->112054K(113920K) Class: 16847K(18560K)->16847K(18560K)
[2024-02-24T23:21:33.892+0000][7][gc          ] GC(268) Pause Young (Normal) (G1 Evacuation Pause) 713M->104M(1024M) 3.190ms
[2024-02-24T23:21:33.892+0000][7][gc,cpu      ] GC(268) User=0.02s Sys=0.00s Real=0.00s
[2024-02-24T23:21:33.892+0000][7][safepoint   ] Safepoint "G1CollectForAllocation", Time since last: 10993079176 ns, Reaching safepoint: 109273 ns, At safepoint: 3294877 ns, Total: 3404150 ns
[2024-02-24T23:21:45.894+0000][7][safepoint   ] Safepoint "Cleanup", Time since last: 12002029501 ns, Reaching safepoint: 79183 ns, At safepoint: 43661 ns, Total: 122844 ns
[2024-02-24T23:22:37.011+0000][7][safepoint   ] Safepoint "Cleanup", Time since last: 51116373360 ns, Reaching safepoint: 76602 ns, At safepoint: 12909 ns, Total: 89511 ns
[2024-02-24T23:23:44.019+0000][7][safepoint   ] Safepoint "Cleanup", Time since last: 67008163493 ns, Reaching safepoint: 103027 ns, At safepoint: 12592 ns, Total: 115619 ns
[2024-02-24T23:24:41.830+0000][7][gc,start    ] GC(269) Pause Young (Normal) (G1 Evacuation Pause)
[2024-02-24T23:24:41.830+0000][7][gc,task     ] GC(269) Using 8 workers of 8 for evacuation
[2024-02-24T23:24:41.830+0000][7][gc,age      ] GC(269) Desired survivor size 41943040 bytes, new threshold 15 (max threshold 15)
[2024-02-24T23:24:41.833+0000][7][gc,phases   ] GC(269)   Pre Evacuate Collection Set: 0.1ms
[2024-02-24T23:24:41.833+0000][7][gc,phases   ] GC(269)   Merge Heap Roots: 0.1ms
[2024-02-24T23:24:41.833+0000][7][gc,phases   ] GC(269)   Evacuate Collection Set: 1.5ms
[2024-02-24T23:24:41.833+0000][7][gc,phases   ] GC(269)   Post Evacuate Collection Set: 0.7ms
[2024-02-24T23:24:41.833+0000][7][gc,phases   ] GC(269)   Other: 0.1ms
[2024-02-24T23:24:41.833+0000][7][gc,age      ] GC(269) Age table with threshold 15 (max threshold 15)
[2024-02-24T23:24:41.833+0000][7][gc,age      ] GC(269) - age   1:    1695952 bytes,    1695952 total
[2024-02-24T23:24:41.833+0000][7][gc,age      ] GC(269) - age   2:      13240 bytes,    1709192 total
[2024-02-24T23:24:41.833+0000][7][gc,age      ] GC(269) - age   3:        440 bytes,    1709632 total
[2024-02-24T23:24:41.833+0000][7][gc,age      ] GC(269) - age   4:       1320 bytes,    1710952 total
[2024-02-24T23:24:41.833+0000][7][gc,age      ] GC(269) - age   5:      10096 bytes,    1721048 total
[2024-02-24T23:24:41.833+0000][7][gc,age      ] GC(269) - age   7:      67440 bytes,    1788488 total
[2024-02-24T23:24:41.833+0000][7][gc,age      ] GC(269) - age   8:     143160 bytes,    1931648 total
[2024-02-24T23:24:41.833+0000][7][gc,age      ] GC(269) - age   9:     140176 bytes,    2071824 total
[2024-02-24T23:24:41.833+0000][7][gc,age      ] GC(269) - age  10:     103408 bytes,    2175232 total
[2024-02-24T23:24:41.833+0000][7][gc,age      ] GC(269) - age  11:        208 bytes,    2175440 total
[2024-02-24T23:24:41.833+0000][7][gc,age      ] GC(269) - age  13:       8016 bytes,    2183456 total
[2024-02-24T23:24:41.833+0000][7][gc,heap     ] GC(269) Eden regions: 152->0(152)
[2024-02-24T23:24:41.833+0000][7][gc,heap     ] GC(269) Survivor regions: 1->1(20)
[2024-02-24T23:24:41.833+0000][7][gc,heap     ] GC(269) Old regions: 25->25
[2024-02-24T23:24:41.833+0000][7][gc,heap     ] GC(269) Archive regions: 2->2
[2024-02-24T23:24:41.833+0000][7][gc,heap     ] GC(269) Humongous regions: 0->0
[2024-02-24T23:24:41.833+0000][7][gc,metaspace] GC(269) Metaspace: 128902K(132480K)->128902K(132480K) NonClass: 112054K(113920K)->112054K(113920K) Class: 16847K(18560K)->16847K(18560K)
[2024-02-24T23:24:41.833+0000][7][gc          ] GC(269) Pause Young (Normal) (G1 Evacuation Pause) 712M->105M(1024M) 2.821ms
[2024-02-24T23:24:41.833+0000][7][gc,cpu      ] GC(269) User=0.01s Sys=0.00s Real=0.00s
[2024-02-24T23:24:41.833+0000][7][safepoint   ] Safepoint "G1CollectForAllocation", Time since last: 57811231593 ns, Reaching safepoint: 89481 ns, At safepoint: 2909688 ns, Total: 2999169 ns
[2024-02-24T23:25:34.839+0000][7][safepoint   ] Safepoint "Cleanup", Time since last: 53005669161 ns, Reaching safepoint: 63951 ns, At safepoint: 6025 ns, Total: 69976 ns
[2024-02-24T23:27:44.856+0000][7][gc,start    ] GC(270) Pause Young (Normal) (G1 Evacuation Pause)
[2024-02-24T23:27:44.856+0000][7][gc,task     ] GC(270) Using 8 workers of 8 for evacuation
[2024-02-24T23:27:44.856+0000][7][gc,age      ] GC(270) Desired survivor size 41943040 bytes, new threshold 15 (max threshold 15)
[2024-02-24T23:27:44.858+0000][7][gc,phases   ] GC(270)   Pre Evacuate Collection Set: 0.1ms
[2024-02-24T23:27:44.858+0000][7][gc,phases   ] GC(270)   Merge Heap Roots: 0.1ms
[2024-02-24T23:27:44.858+0000][7][gc,phases   ] GC(270)   Evacuate Collection Set: 1.3ms
[2024-02-24T23:27:44.858+0000][7][gc,phases   ] GC(270)   Post Evacuate Collection Set: 0.7ms
[2024-02-24T23:27:44.858+0000][7][gc,phases   ] GC(270)   Other: 0.1ms
[2024-02-24T23:27:44.858+0000][7][gc,age      ] GC(270) Age table with threshold 15 (max threshold 15)
[2024-02-24T23:27:44.858+0000][7][gc,age      ] GC(270) - age   1:    1847392 bytes,    1847392 total
[2024-02-24T23:27:44.858+0000][7][gc,age      ] GC(270) - age   2:       3240 bytes,    1850632 total
[2024-02-24T23:27:44.858+0000][7][gc,age      ] GC(270) - age   3:       3728 bytes,    1854360 total
[2024-02-24T23:27:44.858+0000][7][gc,age      ] GC(270) - age   4:        184 bytes,    1854544 total
[2024-02-24T23:27:44.858+0000][7][gc,age      ] GC(270) - age   5:        392 bytes,    1854936 total
[2024-02-24T23:27:44.858+0000][7][gc,age      ] GC(270) - age   6:       9800 bytes,    1864736 total
[2024-02-24T23:27:44.858+0000][7][gc,age      ] GC(270) - age   8:      67056 bytes,    1931792 total
[2024-02-24T23:27:44.858+0000][7][gc,age      ] GC(270) - age   9:     143128 bytes,    2074920 total
[2024-02-24T23:27:44.858+0000][7][gc,age      ] GC(270) - age  10:     140176 bytes,    2215096 total
[2024-02-24T23:27:44.858+0000][7][gc,age      ] GC(270) - age  11:     103408 bytes,    2318504 total
[2024-02-24T23:27:44.858+0000][7][gc,age      ] GC(270) - age  12:        208 bytes,    2318712 total
[2024-02-24T23:27:44.858+0000][7][gc,age      ] GC(270) - age  14:       8016 bytes,    2326728 total
[2024-02-24T23:27:44.858+0000][7][gc,heap     ] GC(270) Eden regions: 152->0(152)
[2024-02-24T23:27:44.858+0000][7][gc,heap     ] GC(270) Survivor regions: 1->1(20)
[2024-02-24T23:27:44.858+0000][7][gc,heap     ] GC(270) Old regions: 25->25
[2024-02-24T23:27:44.858+0000][7][gc,heap     ] GC(270) Archive regions: 2->2
[2024-02-24T23:27:44.858+0000][7][gc,heap     ] GC(270) Humongous regions: 0->0
[2024-02-24T23:27:44.858+0000][7][gc,metaspace] GC(270) Metaspace: 128903K(132480K)->128903K(132480K) NonClass: 112055K(113920K)->112055K(113920K) Class: 16847K(18560K)->16847K(18560K)
[2024-02-24T23:27:44.858+0000][7][gc          ] GC(270) Pause Young (Normal) (G1 Evacuation Pause) 713M->105M(1024M) 2.528ms
[2024-02-24T23:27:44.858+0000][7][gc,cpu      ] GC(270) User=0.01s Sys=0.00s Real=0.00s
[2024-02-24T23:27:44.858+0000][7][safepoint   ] Safepoint "G1CollectForAllocation", Time since last: 130016824865 ns, Reaching safepoint: 50996 ns, At safepoint: 2610245 ns, Total: 2661241 ns
[2024-02-24T23:30:44.886+0000][7][gc,start    ] GC(271) Pause Young (Normal) (G1 Evacuation Pause)
[2024-02-24T23:30:44.886+0000][7][gc,task     ] GC(271) Using 8 workers of 8 for evacuation
[2024-02-24T23:30:44.886+0000][7][gc,age      ] GC(271) Desired survivor size 41943040 bytes, new threshold 15 (max threshold 15)
[2024-02-24T23:30:44.887+0000][7][gc,phases   ] GC(271)   Pre Evacuate Collection Set: 0.1ms
[2024-02-24T23:30:44.887+0000][7][gc,phases   ] GC(271)   Merge Heap Roots: 0.0ms
[2024-02-24T23:30:44.887+0000][7][gc,phases   ] GC(271)   Evacuate Collection Set: 0.7ms
[2024-02-24T23:30:44.887+0000][7][gc,phases   ] GC(271)   Post Evacuate Collection Set: 0.5ms
[2024-02-24T23:30:44.887+0000][7][gc,phases   ] GC(271)   Other: 0.1ms
[2024-02-24T23:30:44.887+0000][7][gc,age      ] GC(271) Age table with threshold 15 (max threshold 15)
[2024-02-24T23:30:44.887+0000][7][gc,age      ] GC(271) - age   1:     985648 bytes,     985648 total
[2024-02-24T23:30:44.887+0000][7][gc,age      ] GC(271) - age   2:       4560 bytes,     990208 total
[2024-02-24T23:30:44.887+0000][7][gc,age      ] GC(271) - age   3:        504 bytes,     990712 total
[2024-02-24T23:30:44.887+0000][7][gc,age      ] GC(271) - age   4:        208 bytes,     990920 total
[2024-02-24T23:30:44.887+0000][7][gc,age      ] GC(271) - age   5:        184 bytes,     991104 total
[2024-02-24T23:30:44.887+0000][7][gc,age      ] GC(271) - age   7:       9800 bytes,    1000904 total
[2024-02-24T23:30:44.887+0000][7][gc,age      ] GC(271) - age   9:      67056 bytes,    1067960 total
[2024-02-24T23:30:44.887+0000][7][gc,age      ] GC(271) - age  10:     143128 bytes,    1211088 total
[2024-02-24T23:30:44.887+0000][7][gc,age      ] GC(271) - age  11:     140176 bytes,    1351264 total
[2024-02-24T23:30:44.887+0000][7][gc,age      ] GC(271) - age  12:     103408 bytes,    1454672 total
[2024-02-24T23:30:44.887+0000][7][gc,age      ] GC(271) - age  13:        208 bytes,    1454880 total
[2024-02-24T23:30:44.887+0000][7][gc,age      ] GC(271) - age  15:       8016 bytes,    1462896 total
[2024-02-24T23:30:44.887+0000][7][gc,heap     ] GC(271) Eden regions: 152->0(152)
[2024-02-24T23:30:44.887+0000][7][gc,heap     ] GC(271) Survivor regions: 1->1(20)
[2024-02-24T23:30:44.887+0000][7][gc,heap     ] GC(271) Old regions: 25->25
[2024-02-24T23:30:44.887+0000][7][gc,heap     ] GC(271) Archive regions: 2->2
[2024-02-24T23:30:44.887+0000][7][gc,heap     ] GC(271) Humongous regions: 0->0
[2024-02-24T23:30:44.887+0000][7][gc,metaspace] GC(271) Metaspace: 128903K(132480K)->128903K(132480K) NonClass: 112055K(113920K)->112055K(113920K) Class: 16847K(18560K)->16847K(18560K)
[2024-02-24T23:30:44.887+0000][7][gc          ] GC(271) Pause Young (Normal) (G1 Evacuation Pause) 713M->104M(1024M) 1.661ms
[2024-02-24T23:30:44.887+0000][7][gc,cpu      ] GC(271) User=0.01s Sys=0.00s Real=0.00s
[2024-02-24T23:30:44.887+0000][7][safepoint   ] Safepoint "G1CollectForAllocation", Time since last: 180027223887 ns, Reaching safepoint: 51288 ns, At safepoint: 1732739 ns, Total: 1784027 ns
[2024-02-24T23:33:50.980+0000][7][gc,start    ] GC(272) Pause Young (Normal) (G1 Evacuation Pause)
[2024-02-24T23:33:50.980+0000][7][gc,task     ] GC(272) Using 8 workers of 8 for evacuation
[2024-02-24T23:33:50.980+0000][7][gc,age      ] GC(272) Desired survivor size 41943040 bytes, new threshold 15 (max threshold 15)
[2024-02-24T23:33:50.983+0000][7][gc,phases   ] GC(272)   Pre Evacuate Collection Set: 0.3ms
[2024-02-24T23:33:50.983+0000][7][gc,phases   ] GC(272)   Merge Heap Roots: 0.1ms
[2024-02-24T23:33:50.983+0000][7][gc,phases   ] GC(272)   Evacuate Collection Set: 1.6ms
[2024-02-24T23:33:50.983+0000][7][gc,phases   ] GC(272)   Post Evacuate Collection Set: 0.9ms
[2024-02-24T23:33:50.983+0000][7][gc,phases   ] GC(272)   Other: 0.1ms
[2024-02-24T23:33:50.983+0000][7][gc,age      ] GC(272) Age table with threshold 15 (max threshold 15)
[2024-02-24T23:33:50.983+0000][7][gc,age      ] GC(272) - age   1:    1312608 bytes,    1312608 total
[2024-02-24T23:33:50.983+0000][7][gc,age      ] GC(272) - age   2:      14320 bytes,    1326928 total
[2024-02-24T23:33:50.983+0000][7][gc,age      ] GC(272) - age   3:       1512 bytes,    1328440 total
[2024-02-24T23:33:50.983+0000][7][gc,age      ] GC(272) - age   4:        248 bytes,    1328688 total
[2024-02-24T23:33:50.983+0000][7][gc,age      ] GC(272) - age   5:         24 bytes,    1328712 total
[2024-02-24T23:33:50.983+0000][7][gc,age      ] GC(272) - age   8:       9800 bytes,    1338512 total
[2024-02-24T23:33:50.983+0000][7][gc,age      ] GC(272) - age  10:      67056 bytes,    1405568 total
[2024-02-24T23:33:50.983+0000][7][gc,age      ] GC(272) - age  11:     143128 bytes,    1548696 total
[2024-02-24T23:33:50.983+0000][7][gc,age      ] GC(272) - age  12:     140176 bytes,    1688872 total
[2024-02-24T23:33:50.983+0000][7][gc,age      ] GC(272) - age  13:     103408 bytes,    1792280 total
[2024-02-24T23:33:50.983+0000][7][gc,age      ] GC(272) - age  14:        208 bytes,    1792488 total
[2024-02-24T23:33:50.983+0000][7][gc,heap     ] GC(272) Eden regions: 152->0(152)
[2024-02-24T23:33:50.983+0000][7][gc,heap     ] GC(272) Survivor regions: 1->1(20)
[2024-02-24T23:33:50.983+0000][7][gc,heap     ] GC(272) Old regions: 25->25
[2024-02-24T23:33:50.983+0000][7][gc,heap     ] GC(272) Archive regions: 2->2
[2024-02-24T23:33:50.983+0000][7][gc,heap     ] GC(272) Humongous regions: 0->0
[2024-02-24T23:33:50.983+0000][7][gc,metaspace] GC(272) Metaspace: 128903K(132480K)->128903K(132480K) NonClass: 112055K(113920K)->112055K(113920K) Class: 16847K(18560K)->16847K(18560K)
[2024-02-24T23:33:50.983+0000][7][gc          ] GC(272) Pause Young (Normal) (G1 Evacuation Pause) 712M->104M(1024M) 3.388ms
[2024-02-24T23:33:50.983+0000][7][gc,cpu      ] GC(272) User=0.02s Sys=0.00s Real=0.01s
[2024-02-24T23:33:50.984+0000][7][safepoint   ] Safepoint "G1CollectForAllocation", Time since last: 186092634120 ns, Reaching safepoint: 98146 ns, At safepoint: 3492380 ns, Total: 3590526 ns
[2024-02-24T23:36:50.881+0000][7][gc,start    ] GC(273) Pause Young (Normal) (G1 Evacuation Pause)
[2024-02-24T23:36:50.881+0000][7][gc,task     ] GC(273) Using 8 workers of 8 for evacuation
[2024-02-24T23:36:50.881+0000][7][gc,age      ] GC(273) Desired survivor size 41943040 bytes, new threshold 15 (max threshold 15)
[2024-02-24T23:36:50.884+0000][7][gc,phases   ] GC(273)   Pre Evacuate Collection Set: 0.1ms
[2024-02-24T23:36:50.884+0000][7][gc,phases   ] GC(273)   Merge Heap Roots: 0.1ms
[2024-02-24T23:36:50.884+0000][7][gc,phases   ] GC(273)   Evacuate Collection Set: 1.6ms
[2024-02-24T23:36:50.884+0000][7][gc,phases   ] GC(273)   Post Evacuate Collection Set: 0.7ms
[2024-02-24T23:36:50.884+0000][7][gc,phases   ] GC(273)   Other: 0.1ms
[2024-02-24T23:36:50.884+0000][7][gc,age      ] GC(273) Age table with threshold 15 (max threshold 15)
[2024-02-24T23:36:50.884+0000][7][gc,age      ] GC(273) - age   1:    1837712 bytes,    1837712 total
[2024-02-24T23:36:50.884+0000][7][gc,age      ] GC(273) - age   2:       1656 bytes,    1839368 total
[2024-02-24T23:36:50.884+0000][7][gc,age      ] GC(273) - age   3:       4544 bytes,    1843912 total
[2024-02-24T23:36:50.884+0000][7][gc,age      ] GC(273) - age   4:        600 bytes,    1844512 total
[2024-02-24T23:36:50.884+0000][7][gc,age      ] GC(273) - age   5:        184 bytes,    1844696 total
[2024-02-24T23:36:50.884+0000][7][gc,age      ] GC(273) - age   6:         24 bytes,    1844720 total
[2024-02-24T23:36:50.884+0000][7][gc,age      ] GC(273) - age   9:       9800 bytes,    1854520 total
[2024-02-24T23:36:50.884+0000][7][gc,age      ] GC(273) - age  11:      67056 bytes,    1921576 total
[2024-02-24T23:36:50.884+0000][7][gc,age      ] GC(273) - age  12:     143128 bytes,    2064704 total
[2024-02-24T23:36:50.884+0000][7][gc,age      ] GC(273) - age  13:     140176 bytes,    2204880 total
[2024-02-24T23:36:50.884+0000][7][gc,age      ] GC(273) - age  14:     103408 bytes,    2308288 total
[2024-02-24T23:36:50.884+0000][7][gc,age      ] GC(273) - age  15:        208 bytes,    2308496 total
[2024-02-24T23:36:50.884+0000][7][gc,heap     ] GC(273) Eden regions: 152->0(152)
[2024-02-24T23:36:50.884+0000][7][gc,heap     ] GC(273) Survivor regions: 1->1(20)
[2024-02-24T23:36:50.884+0000][7][gc,heap     ] GC(273) Old regions: 25->25
[2024-02-24T23:36:50.884+0000][7][gc,heap     ] GC(273) Archive regions: 2->2
[2024-02-24T23:36:50.884+0000][7][gc,heap     ] GC(273) Humongous regions: 0->0
[2024-02-24T23:36:50.884+0000][7][gc,metaspace] GC(273) Metaspace: 128905K(132480K)->128905K(132480K) NonClass: 112057K(113920K)->112057K(113920K) Class: 16847K(18560K)->16847K(18560K)
[2024-02-24T23:36:50.884+0000][7][gc          ] GC(273) Pause Young (Normal) (G1 Evacuation Pause) 712M->105M(1024M) 2.891ms
[2024-02-24T23:36:50.884+0000][7][gc,cpu      ] GC(273) User=0.02s Sys=0.00s Real=0.01s
[2024-02-24T23:36:50.884+0000][7][safepoint   ] Safepoint "G1CollectForAllocation", Time since last: 179897644844 ns, Reaching safepoint: 47056 ns, At safepoint: 2987732 ns, Total: 3034788 ns
[2024-02-24T23:39:33.902+0000][7][safepoint   ] Safepoint "Cleanup", Time since last: 163017727089 ns, Reaching safepoint: 120976 ns, At safepoint: 7242 ns, Total: 128218 ns
[2024-02-24T23:39:47.837+0000][7][gc,start    ] GC(274) Pause Young (Normal) (G1 Evacuation Pause)
[2024-02-24T23:39:47.837+0000][7][gc,task     ] GC(274) Using 8 workers of 8 for evacuation
[2024-02-24T23:39:47.837+0000][7][gc,age      ] GC(274) Desired survivor size 41943040 bytes, new threshold 15 (max threshold 15)
[2024-02-24T23:39:47.839+0000][7][gc,phases   ] GC(274)   Pre Evacuate Collection Set: 0.1ms
[2024-02-24T23:39:47.839+0000][7][gc,phases   ] GC(274)   Merge Heap Roots: 0.1ms
[2024-02-24T23:39:47.839+0000][7][gc,phases   ] GC(274)   Evacuate Collection Set: 1.0ms
[2024-02-24T23:39:47.839+0000][7][gc,phases   ] GC(274)   Post Evacuate Collection Set: 0.7ms
[2024-02-24T23:39:47.839+0000][7][gc,phases   ] GC(274)   Other: 0.1ms
[2024-02-24T23:39:47.839+0000][7][gc,age      ] GC(274) Age table with threshold 15 (max threshold 15)
[2024-02-24T23:39:47.839+0000][7][gc,age      ] GC(274) - age   1:     425000 bytes,     425000 total
[2024-02-24T23:39:47.839+0000][7][gc,age      ] GC(274) - age   2:       3592 bytes,     428592 total
[2024-02-24T23:39:47.839+0000][7][gc,age      ] GC(274) - age   3:        376 bytes,     428968 total
[2024-02-24T23:39:47.839+0000][7][gc,age      ] GC(274) - age   4:        600 bytes,     429568 total
[2024-02-24T23:39:47.839+0000][7][gc,age      ] GC(274) - age   5:        416 bytes,     429984 total
[2024-02-24T23:39:47.839+0000][7][gc,age      ] GC(274) - age   6:        184 bytes,     430168 total
[2024-02-24T23:39:47.839+0000][7][gc,age      ] GC(274) - age   7:         24 bytes,     430192 total
[2024-02-24T23:39:47.839+0000][7][gc,age      ] GC(274) - age  10:       9800 bytes,     439992 total
[2024-02-24T23:39:47.839+0000][7][gc,age      ] GC(274) - age  12:      67056 bytes,     507048 total
[2024-02-24T23:39:47.839+0000][7][gc,age      ] GC(274) - age  13:     143128 bytes,     650176 total
[2024-02-24T23:39:47.839+0000][7][gc,age      ] GC(274) - age  14:     140176 bytes,     790352 total
[2024-02-24T23:39:47.839+0000][7][gc,age      ] GC(274) - age  15:     103408 bytes,     893760 total
[2024-02-24T23:39:47.839+0000][7][gc,heap     ] GC(274) Eden regions: 152->0(152)
[2024-02-24T23:39:47.839+0000][7][gc,heap     ] GC(274) Survivor regions: 1->1(20)
[2024-02-24T23:39:47.839+0000][7][gc,heap     ] GC(274) Old regions: 25->25
[2024-02-24T23:39:47.839+0000][7][gc,heap     ] GC(274) Archive regions: 2->2
[2024-02-24T23:39:47.839+0000][7][gc,heap     ] GC(274) Humongous regions: 0->0
[2024-02-24T23:39:47.839+0000][7][gc,metaspace] GC(274) Metaspace: 128905K(132480K)->128905K(132480K) NonClass: 112057K(113920K)->112057K(113920K) Class: 16847K(18560K)->16847K(18560K)
[2024-02-24T23:39:47.839+0000][7][gc          ] GC(274) Pause Young (Normal) (G1 Evacuation Pause) 713M->104M(1024M) 2.315ms
[2024-02-24T23:39:47.839+0000][7][gc,cpu      ] GC(274) User=0.02s Sys=0.00s Real=0.00s
[2024-02-24T23:39:47.839+0000][7][safepoint   ] Safepoint "G1CollectForAllocation", Time since last: 13934844655 ns, Reaching safepoint: 45171 ns, At safepoint: 2407982 ns, Total: 2453153 ns
[2024-02-24T23:42:43.858+0000][7][safepoint   ] Safepoint "Cleanup", Time since last: 176018868960 ns, Reaching safepoint: 119013 ns, At safepoint: 14411 ns, Total: 133424 ns
[2024-02-24T23:42:44.859+0000][7][safepoint   ] Safepoint "Cleanup", Time since last: 1000152977 ns, Reaching safepoint: 148022 ns, At safepoint: 11280 ns, Total: 159302 ns
[2024-02-24T23:42:56.860+0000][7][gc,start    ] GC(275) Pause Young (Normal) (G1 Evacuation Pause)
[2024-02-24T23:42:56.860+0000][7][gc,task     ] GC(275) Using 8 workers of 8 for evacuation
[2024-02-24T23:42:56.860+0000][7][gc,age      ] GC(275) Desired survivor size 41943040 bytes, new threshold 15 (max threshold 15)
[2024-02-24T23:42:56.863+0000][7][gc,phases   ] GC(275)   Pre Evacuate Collection Set: 0.1ms
[2024-02-24T23:42:56.863+0000][7][gc,phases   ] GC(275)   Merge Heap Roots: 0.1ms
[2024-02-24T23:42:56.863+0000][7][gc,phases   ] GC(275)   Evacuate Collection Set: 1.4ms
[2024-02-24T23:42:56.863+0000][7][gc,phases   ] GC(275)   Post Evacuate Collection Set: 0.7ms
[2024-02-24T23:42:56.863+0000][7][gc,phases   ] GC(275)   Other: 0.1ms
[2024-02-24T23:42:56.863+0000][7][gc,age      ] GC(275) Age table with threshold 15 (max threshold 15)
[2024-02-24T23:42:56.863+0000][7][gc,age      ] GC(275) - age   1:    1390232 bytes,    1390232 total
[2024-02-24T23:42:56.863+0000][7][gc,age      ] GC(275) - age   2:       4336 bytes,    1394568 total
[2024-02-24T23:42:56.863+0000][7][gc,age      ] GC(275) - age   3:        992 bytes,    1395560 total
[2024-02-24T23:42:56.863+0000][7][gc,age      ] GC(275) - age   4:        184 bytes,    1395744 total
[2024-02-24T23:42:56.863+0000][7][gc,age      ] GC(275) - age   5:        576 bytes,    1396320 total
[2024-02-24T23:42:56.863+0000][7][gc,age      ] GC(275) - age   6:        416 bytes,    1396736 total
[2024-02-24T23:42:56.863+0000][7][gc,age      ] GC(275) - age   7:        184 bytes,    1396920 total
[2024-02-24T23:42:56.863+0000][7][gc,age      ] GC(275) - age   8:         24 bytes,    1396944 total
[2024-02-24T23:42:56.863+0000][7][gc,age      ] GC(275) - age  11:       9616 bytes,    1406560 total
[2024-02-24T23:42:56.863+0000][7][gc,age      ] GC(275) - age  13:      67024 bytes,    1473584 total
[2024-02-24T23:42:56.863+0000][7][gc,age      ] GC(275) - age  14:     143128 bytes,    1616712 total
[2024-02-24T23:42:56.863+0000][7][gc,age      ] GC(275) - age  15:     140176 bytes,    1756888 total
[2024-02-24T23:42:56.863+0000][7][gc,heap     ] GC(275) Eden regions: 152->0(152)
[2024-02-24T23:42:56.863+0000][7][gc,heap     ] GC(275) Survivor regions: 1->1(20)
[2024-02-24T23:42:56.863+0000][7][gc,heap     ] GC(275) Old regions: 25->25
[2024-02-24T23:42:56.863+0000][7][gc,heap     ] GC(275) Archive regions: 2->2
[2024-02-24T23:42:56.863+0000][7][gc,heap     ] GC(275) Humongous regions: 0->0
[2024-02-24T23:42:56.863+0000][7][gc,metaspace] GC(275) Metaspace: 128905K(132480K)->128905K(132480K) NonClass: 112057K(113920K)->112057K(113920K) Class: 16847K(18560K)->16847K(18560K)
[2024-02-24T23:42:56.863+0000][7][gc          ] GC(275) Pause Young (Normal) (G1 Evacuation Pause) 712M->104M(1024M) 2.698ms
[2024-02-24T23:42:56.863+0000][7][gc,cpu      ] GC(275) User=0.00s Sys=0.01s Real=0.01s
[2024-02-24T23:42:56.863+0000][7][safepoint   ] Safepoint "G1CollectForAllocation", Time since last: 12001498402 ns, Reaching safepoint: 76512 ns, At safepoint: 2791375 ns, Total: 2867887 ns
[2024-02-24T23:45:56.867+0000][7][gc,start    ] GC(276) Pause Young (Normal) (G1 Evacuation Pause)
[2024-02-24T23:45:56.868+0000][7][gc,task     ] GC(276) Using 8 workers of 8 for evacuation
[2024-02-24T23:45:56.868+0000][7][gc,age      ] GC(276) Desired survivor size 41943040 bytes, new threshold 15 (max threshold 15)
[2024-02-24T23:45:56.870+0000][7][gc,phases   ] GC(276)   Pre Evacuate Collection Set: 0.1ms
[2024-02-24T23:45:56.870+0000][7][gc,phases   ] GC(276)   Merge Heap Roots: 0.1ms
[2024-02-24T23:45:56.870+0000][7][gc,phases   ] GC(276)   Evacuate Collection Set: 1.5ms
[2024-02-24T23:45:56.870+0000][7][gc,phases   ] GC(276)   Post Evacuate Collection Set: 0.7ms
[2024-02-24T23:45:56.870+0000][7][gc,phases   ] GC(276)   Other: 0.1ms
[2024-02-24T23:45:56.870+0000][7][gc,age      ] GC(276) Age table with threshold 15 (max threshold 15)
[2024-02-24T23:45:56.870+0000][7][gc,age      ] GC(276) - age   1:    1716664 bytes,    1716664 total
[2024-02-24T23:45:56.870+0000][7][gc,age      ] GC(276) - age   2:       2192 bytes,    1718856 total
[2024-02-24T23:45:56.870+0000][7][gc,age      ] GC(276) - age   3:       3664 bytes,    1722520 total
[2024-02-24T23:45:56.870+0000][7][gc,age      ] GC(276) - age   4:        216 bytes,    1722736 total
[2024-02-24T23:45:56.870+0000][7][gc,age      ] GC(276) - age   5:        184 bytes,    1722920 total
[2024-02-24T23:45:56.870+0000][7][gc,age      ] GC(276) - age   6:        184 bytes,    1723104 total
[2024-02-24T23:45:56.870+0000][7][gc,age      ] GC(276) - age   7:        384 bytes,    1723488 total
[2024-02-24T23:45:56.870+0000][7][gc,age      ] GC(276) - age   8:        184 bytes,    1723672 total
[2024-02-24T23:45:56.870+0000][7][gc,age      ] GC(276) - age   9:         24 bytes,    1723696 total
[2024-02-24T23:45:56.870+0000][7][gc,age      ] GC(276) - age  12:       9616 bytes,    1733312 total
[2024-02-24T23:45:56.870+0000][7][gc,age      ] GC(276) - age  14:      67024 bytes,    1800336 total
[2024-02-24T23:45:56.870+0000][7][gc,age      ] GC(276) - age  15:     143128 bytes,    1943464 total
[2024-02-24T23:45:56.870+0000][7][gc,heap     ] GC(276) Eden regions: 152->0(152)
[2024-02-24T23:45:56.870+0000][7][gc,heap     ] GC(276) Survivor regions: 1->1(20)
[2024-02-24T23:45:56.870+0000][7][gc,heap     ] GC(276) Old regions: 25->25
[2024-02-24T23:45:56.870+0000][7][gc,heap     ] GC(276) Archive regions: 2->2
[2024-02-24T23:45:56.870+0000][7][gc,heap     ] GC(276) Humongous regions: 0->0
[2024-02-24T23:45:56.870+0000][7][gc,metaspace] GC(276) Metaspace: 128920K(132480K)->128920K(132480K) NonClass: 112072K(113920K)->112072K(113920K) Class: 16847K(18560K)->16847K(18560K)
[2024-02-24T23:45:56.870+0000][7][gc          ] GC(276) Pause Young (Normal) (G1 Evacuation Pause) 712M->105M(1024M) 2.869ms
[2024-02-24T23:45:56.870+0000][7][gc,cpu      ] GC(276) User=0.01s Sys=0.00s Real=0.00s
[2024-02-24T23:45:56.870+0000][7][safepoint   ] Safepoint "G1CollectForAllocation", Time since last: 180004313005 ns, Reaching safepoint: 57482 ns, At safepoint: 2957268 ns, Total: 3014750 ns
[2024-02-24T23:48:51.207+0000][7][gc,start    ] GC(277) Pause Young (Normal) (G1 Evacuation Pause)
[2024-02-24T23:48:51.207+0000][7][gc,task     ] GC(277) Using 8 workers of 8 for evacuation
[2024-02-24T23:48:51.207+0000][7][gc,age      ] GC(277) Desired survivor size 41943040 bytes, new threshold 15 (max threshold 15)
[2024-02-24T23:48:51.210+0000][7][gc,phases   ] GC(277)   Pre Evacuate Collection Set: 0.1ms
[2024-02-24T23:48:51.210+0000][7][gc,phases   ] GC(277)   Merge Heap Roots: 0.1ms
[2024-02-24T23:48:51.210+0000][7][gc,phases   ] GC(277)   Evacuate Collection Set: 1.8ms
[2024-02-24T23:48:51.210+0000][7][gc,phases   ] GC(277)   Post Evacuate Collection Set: 0.9ms
[2024-02-24T23:48:51.210+0000][7][gc,phases   ] GC(277)   Other: 0.1ms
[2024-02-24T23:48:51.210+0000][7][gc,age      ] GC(277) Age table with threshold 15 (max threshold 15)
[2024-02-24T23:48:51.210+0000][7][gc,age      ] GC(277) - age   1:    1811744 bytes,    1811744 total
[2024-02-24T23:48:51.210+0000][7][gc,age      ] GC(277) - age   2:       3944 bytes,    1815688 total
[2024-02-24T23:48:51.210+0000][7][gc,age      ] GC(277) - age   3:         88 bytes,    1815776 total
[2024-02-24T23:48:51.210+0000][7][gc,age      ] GC(277) - age   4:       3664 bytes,    1819440 total
[2024-02-24T23:48:51.210+0000][7][gc,age      ] GC(277) - age   5:        216 bytes,    1819656 total
[2024-02-24T23:48:51.210+0000][7][gc,age      ] GC(277) - age   6:        184 bytes,    1819840 total
[2024-02-24T23:48:51.210+0000][7][gc,age      ] GC(277) - age   7:        184 bytes,    1820024 total
[2024-02-24T23:48:51.210+0000][7][gc,age      ] GC(277) - age   9:        184 bytes,    1820208 total
[2024-02-24T23:48:51.210+0000][7][gc,age      ] GC(277) - age  10:         24 bytes,    1820232 total
[2024-02-24T23:48:51.210+0000][7][gc,age      ] GC(277) - age  13:       9616 bytes,    1829848 total
[2024-02-24T23:48:51.210+0000][7][gc,age      ] GC(277) - age  15:      67024 bytes,    1896872 total
[2024-02-24T23:48:51.210+0000][7][gc,heap     ] GC(277) Eden regions: 152->0(152)
[2024-02-24T23:48:51.210+0000][7][gc,heap     ] GC(277) Survivor regions: 1->1(20)
[2024-02-24T23:48:51.210+0000][7][gc,heap     ] GC(277) Old regions: 25->25
[2024-02-24T23:48:51.210+0000][7][gc,heap     ] GC(277) Archive regions: 2->2
[2024-02-24T23:48:51.210+0000][7][gc,heap     ] GC(277) Humongous regions: 0->0
[2024-02-24T23:48:51.210+0000][7][gc,metaspace] GC(277) Metaspace: 128920K(132480K)->128920K(132480K) NonClass: 112072K(113920K)->112072K(113920K) Class: 16847K(18560K)->16847K(18560K)
[2024-02-24T23:48:51.210+0000][7][gc          ] GC(277) Pause Young (Normal) (G1 Evacuation Pause) 713M->105M(1024M) 3.373ms
[2024-02-24T23:48:51.210+0000][7][gc,cpu      ] GC(277) User=0.01s Sys=0.00s Real=0.00s
[2024-02-24T23:48:51.210+0000][7][safepoint   ] Safepoint "G1CollectForAllocation", Time since last: 174336477032 ns, Reaching safepoint: 80769 ns, At safepoint: 3477174 ns, Total: 3557943 ns
[2024-02-24T23:51:59.894+0000][7][gc,start    ] GC(278) Pause Young (Normal) (G1 Evacuation Pause)
[2024-02-24T23:51:59.895+0000][7][gc,task     ] GC(278) Using 8 workers of 8 for evacuation
[2024-02-24T23:51:59.895+0000][7][gc,age      ] GC(278) Desired survivor size 41943040 bytes, new threshold 15 (max threshold 15)
[2024-02-24T23:51:59.897+0000][7][gc,phases   ] GC(278)   Pre Evacuate Collection Set: 0.1ms
[2024-02-24T23:51:59.897+0000][7][gc,phases   ] GC(278)   Merge Heap Roots: 0.1ms
[2024-02-24T23:51:59.897+0000][7][gc,phases   ] GC(278)   Evacuate Collection Set: 1.0ms
[2024-02-24T23:51:59.897+0000][7][gc,phases   ] GC(278)   Post Evacuate Collection Set: 0.7ms
[2024-02-24T23:51:59.897+0000][7][gc,phases   ] GC(278)   Other: 0.1ms
[2024-02-24T23:51:59.897+0000][7][gc,age      ] GC(278) Age table with threshold 15 (max threshold 15)
[2024-02-24T23:51:59.897+0000][7][gc,age      ] GC(278) - age   1:     720608 bytes,     720608 total
[2024-02-24T23:51:59.897+0000][7][gc,age      ] GC(278) - age   2:       3416 bytes,     724024 total
[2024-02-24T23:51:59.897+0000][7][gc,age      ] GC(278) - age   3:       1888 bytes,     725912 total
[2024-02-24T23:51:59.897+0000][7][gc,age      ] GC(278) - age   4:         24 bytes,     725936 total
[2024-02-24T23:51:59.897+0000][7][gc,age      ] GC(278) - age   5:        208 bytes,     726144 total
[2024-02-24T23:51:59.897+0000][7][gc,age      ] GC(278) - age   6:        216 bytes,     726360 total
[2024-02-24T23:51:59.897+0000][7][gc,age      ] GC(278) - age   7:        184 bytes,     726544 total
[2024-02-24T23:51:59.897+0000][7][gc,age      ] GC(278) - age   8:        184 bytes,     726728 total
[2024-02-24T23:51:59.897+0000][7][gc,age      ] GC(278) - age  11:         24 bytes,     726752 total
[2024-02-24T23:51:59.897+0000][7][gc,age      ] GC(278) - age  14:       9616 bytes,     736368 total
[2024-02-24T23:51:59.897+0000][7][gc,heap     ] GC(278) Eden regions: 152->0(152)
[2024-02-24T23:51:59.897+0000][7][gc,heap     ] GC(278) Survivor regions: 1->1(20)
[2024-02-24T23:51:59.897+0000][7][gc,heap     ] GC(278) Old regions: 25->25
[2024-02-24T23:51:59.897+0000][7][gc,heap     ] GC(278) Archive regions: 2->2
[2024-02-24T23:51:59.897+0000][7][gc,heap     ] GC(278) Humongous regions: 0->0
[2024-02-24T23:51:59.897+0000][7][gc,metaspace] GC(278) Metaspace: 128920K(132480K)->128920K(132480K) NonClass: 112072K(113920K)->112072K(113920K) Class: 16847K(18560K)->16847K(18560K)
[2024-02-24T23:51:59.897+0000][7][gc          ] GC(278) Pause Young (Normal) (G1 Evacuation Pause) 713M->104M(1024M) 2.227ms
[2024-02-24T23:51:59.897+0000][7][gc,cpu      ] GC(278) User=0.01s Sys=0.00s Real=0.00s
[2024-02-24T23:51:59.897+0000][7][safepoint   ] Safepoint "G1CollectForAllocation", Time since last: 188683991044 ns, Reaching safepoint: 71012 ns, At safepoint: 2319176 ns, Total: 2390188 ns
[2024-02-24T23:55:02.903+0000][7][gc,start    ] GC(279) Pause Young (Normal) (G1 Evacuation Pause)
[2024-02-24T23:55:02.903+0000][7][gc,task     ] GC(279) Using 8 workers of 8 for evacuation
[2024-02-24T23:55:02.903+0000][7][gc,age      ] GC(279) Desired survivor size 41943040 bytes, new threshold 15 (max threshold 15)
[2024-02-24T23:55:02.905+0000][7][gc,phases   ] GC(279)   Pre Evacuate Collection Set: 0.1ms
[2024-02-24T23:55:02.905+0000][7][gc,phases   ] GC(279)   Merge Heap Roots: 0.1ms
[2024-02-24T23:55:02.905+0000][7][gc,phases   ] GC(279)   Evacuate Collection Set: 1.3ms
[2024-02-24T23:55:02.905+0000][7][gc,phases   ] GC(279)   Post Evacuate Collection Set: 0.8ms
[2024-02-24T23:55:02.905+0000][7][gc,phases   ] GC(279)   Other: 0.1ms
[2024-02-24T23:55:02.905+0000][7][gc,age      ] GC(279) Age table with threshold 15 (max threshold 15)
[2024-02-24T23:55:02.905+0000][7][gc,age      ] GC(279) - age   1:    1341816 bytes,    1341816 total
[2024-02-24T23:55:02.905+0000][7][gc,age      ] GC(279) - age   2:      14016 bytes,    1355832 total
[2024-02-24T23:55:02.905+0000][7][gc,age      ] GC(279) - age   3:        664 bytes,    1356496 total
[2024-02-24T23:55:02.905+0000][7][gc,age      ] GC(279) - age   4:       1760 bytes,    1358256 total
[2024-02-24T23:55:02.905+0000][7][gc,age      ] GC(279) - age   5:         24 bytes,    1358280 total
[2024-02-24T23:55:02.905+0000][7][gc,age      ] GC(279) - age   6:        208 bytes,    1358488 total
[2024-02-24T23:55:02.906+0000][7][gc,age      ] GC(279) - age   7:        216 bytes,    1358704 total
[2024-02-24T23:55:02.906+0000][7][gc,age      ] GC(279) - age   8:        184 bytes,    1358888 total
[2024-02-24T23:55:02.906+0000][7][gc,age      ] GC(279) - age  12:         24 bytes,    1358912 total
[2024-02-24T23:55:02.906+0000][7][gc,age      ] GC(279) - age  15:       9616 bytes,    1368528 total
[2024-02-24T23:55:02.906+0000][7][gc,heap     ] GC(279) Eden regions: 152->0(152)
[2024-02-24T23:55:02.906+0000][7][gc,heap     ] GC(279) Survivor regions: 1->1(20)
[2024-02-24T23:55:02.906+0000][7][gc,heap     ] GC(279) Old regions: 25->25
[2024-02-24T23:55:02.906+0000][7][gc,heap     ] GC(279) Archive regions: 2->2
[2024-02-24T23:55:02.906+0000][7][gc,heap     ] GC(279) Humongous regions: 0->0
[2024-02-24T23:55:02.906+0000][7][gc,metaspace] GC(279) Metaspace: 128920K(132480K)->128920K(132480K) NonClass: 112072K(113920K)->112072K(113920K) Class: 16847K(18560K)->16847K(18560K)
[2024-02-24T23:55:02.906+0000][7][gc          ] GC(279) Pause Young (Normal) (G1 Evacuation Pause) 712M->104M(1024M) 2.601ms
[2024-02-24T23:55:02.906+0000][7][gc,cpu      ] GC(279) User=0.01s Sys=0.00s Real=0.00s
[2024-02-24T23:55:02.906+0000][7][safepoint   ] Safepoint "G1CollectForAllocation", Time since last: 183006096144 ns, Reaching safepoint: 75011 ns, At safepoint: 2687518 ns, Total: 2762529 ns
[2024-02-24T23:55:34.910+0000][7][safepoint   ] Safepoint "Cleanup", Time since last: 32004545673 ns, Reaching safepoint: 87896 ns, At safepoint: 11511 ns, Total: 99407 ns
[2024-02-24T23:57:09.924+0000][7][safepoint   ] Safepoint "Cleanup", Time since last: 95013899861 ns, Reaching safepoint: 75871 ns, At safepoint: 46678 ns, Total: 122549 ns
[2024-02-24T23:58:08.935+0000][7][gc,start    ] GC(280) Pause Young (Normal) (G1 Evacuation Pause)
[2024-02-24T23:58:08.935+0000][7][gc,task     ] GC(280) Using 8 workers of 8 for evacuation
[2024-02-24T23:58:08.935+0000][7][gc,age      ] GC(280) Desired survivor size 41943040 bytes, new threshold 15 (max threshold 15)
[2024-02-24T23:58:08.938+0000][7][gc,phases   ] GC(280)   Pre Evacuate Collection Set: 0.1ms
[2024-02-24T23:58:08.938+0000][7][gc,phases   ] GC(280)   Merge Heap Roots: 0.1ms
[2024-02-24T23:58:08.938+0000][7][gc,phases   ] GC(280)   Evacuate Collection Set: 1.3ms
[2024-02-24T23:58:08.938+0000][7][gc,phases   ] GC(280)   Post Evacuate Collection Set: 0.7ms
[2024-02-24T23:58:08.938+0000][7][gc,phases   ] GC(280)   Other: 0.1ms
[2024-02-24T23:58:08.938+0000][7][gc,age      ] GC(280) Age table with threshold 15 (max threshold 15)
[2024-02-24T23:58:08.938+0000][7][gc,age      ] GC(280) - age   1:    1388072 bytes,    1388072 total
[2024-02-24T23:58:08.938+0000][7][gc,age      ] GC(280) - age   2:       2656 bytes,    1390728 total
[2024-02-24T23:58:08.938+0000][7][gc,age      ] GC(280) - age   3:       3832 bytes,    1394560 total
[2024-02-24T23:58:08.938+0000][7][gc,age      ] GC(280) - age   4:        600 bytes,    1395160 total
[2024-02-24T23:58:08.938+0000][7][gc,age      ] GC(280) - age   5:       1072 bytes,    1396232 total
[2024-02-24T23:58:08.938+0000][7][gc,age      ] GC(280) - age   6:         24 bytes,    1396256 total
[2024-02-24T23:58:08.938+0000][7][gc,age      ] GC(280) - age   7:        208 bytes,    1396464 total
[2024-02-24T23:58:08.938+0000][7][gc,age      ] GC(280) - age   9:        184 bytes,    1396648 total
[2024-02-24T23:58:08.938+0000][7][gc,age      ] GC(280) - age  13:         24 bytes,    1396672 total
[2024-02-24T23:58:08.938+0000][7][gc,heap     ] GC(280) Eden regions: 152->0(152)
[2024-02-24T23:58:08.938+0000][7][gc,heap     ] GC(280) Survivor regions: 1->1(20)
[2024-02-24T23:58:08.938+0000][7][gc,heap     ] GC(280) Old regions: 25->25
[2024-02-24T23:58:08.938+0000][7][gc,heap     ] GC(280) Archive regions: 2->2
[2024-02-24T23:58:08.938+0000][7][gc,heap     ] GC(280) Humongous regions: 0->0
[2024-02-24T23:58:08.938+0000][7][gc,metaspace] GC(280) Metaspace: 128926K(132480K)->128926K(132480K) NonClass: 112079K(113920K)->112079K(113920K) Class: 16847K(18560K)->16847K(18560K)
[2024-02-24T23:58:08.938+0000][7][gc          ] GC(280) Pause Young (Normal) (G1 Evacuation Pause) 712M->104M(1024M) 2.522ms
[2024-02-24T23:58:08.938+0000][7][gc,cpu      ] GC(280) User=0.02s Sys=0.00s Real=0.00s
[2024-02-24T23:58:08.938+0000][7][safepoint   ] Safepoint "G1CollectForAllocation", Time since last: 59010962510 ns, Reaching safepoint: 51330 ns, At safepoint: 2606037 ns, Total: 2657367 ns
[2024-02-24T23:58:43.943+0000][7][safepoint   ] Safepoint "Cleanup", Time since last: 35004753335 ns, Reaching safepoint: 112384 ns, At safepoint: 12113 ns, Total: 124497 ns
[2024-02-25T00:00:03.954+0000][7][safepoint   ] Safepoint "Cleanup", Time since last: 80010935723 ns, Reaching safepoint: 121610 ns, At safepoint: 11502 ns, Total: 133112 ns
[2024-02-25T00:00:24.957+0000][7][safepoint   ] Safepoint "Cleanup", Time since last: 21003059243 ns, Reaching safepoint: 129296 ns, At safepoint: 17247 ns, Total: 146543 ns
[2024-02-25T00:00:56.913+0000][7][gc,start    ] GC(281) Pause Young (Normal) (G1 Evacuation Pause)
[2024-02-25T00:00:56.913+0000][7][gc,task     ] GC(281) Using 8 workers of 8 for evacuation
[2024-02-25T00:00:56.913+0000][7][gc,age      ] GC(281) Desired survivor size 41943040 bytes, new threshold 15 (max threshold 15)
[2024-02-25T00:00:56.915+0000][7][gc,phases   ] GC(281)   Pre Evacuate Collection Set: 0.1ms
[2024-02-25T00:00:56.915+0000][7][gc,phases   ] GC(281)   Merge Heap Roots: 0.1ms
[2024-02-25T00:00:56.915+0000][7][gc,phases   ] GC(281)   Evacuate Collection Set: 1.2ms
[2024-02-25T00:00:56.915+0000][7][gc,phases   ] GC(281)   Post Evacuate Collection Set: 0.8ms
[2024-02-25T00:00:56.915+0000][7][gc,phases   ] GC(281)   Other: 0.1ms
[2024-02-25T00:00:56.915+0000][7][gc,age      ] GC(281) Age table with threshold 15 (max threshold 15)
[2024-02-25T00:00:56.915+0000][7][gc,age      ] GC(281) - age   1:    1017416 bytes,    1017416 total
[2024-02-25T00:00:56.915+0000][7][gc,age      ] GC(281) - age   2:       4256 bytes,    1021672 total
[2024-02-25T00:00:56.915+0000][7][gc,age      ] GC(281) - age   3:         64 bytes,    1021736 total
[2024-02-25T00:00:56.915+0000][7][gc,age      ] GC(281) - age   4:        248 bytes,    1021984 total
[2024-02-25T00:00:56.915+0000][7][gc,age      ] GC(281) - age   5:        568 bytes,    1022552 total
[2024-02-25T00:00:56.915+0000][7][gc,age      ] GC(281) - age   6:        680 bytes,    1023232 total
[2024-02-25T00:00:56.915+0000][7][gc,age      ] GC(281) - age   8:        208 bytes,    1023440 total
[2024-02-25T00:00:56.915+0000][7][gc,age      ] GC(281) - age  10:        184 bytes,    1023624 total
[2024-02-25T00:00:56.915+0000][7][gc,age      ] GC(281) - age  14:         24 bytes,    1023648 total
[2024-02-25T00:00:56.915+0000][7][gc,heap     ] GC(281) Eden regions: 152->0(152)
[2024-02-25T00:00:56.915+0000][7][gc,heap     ] GC(281) Survivor regions: 1->1(20)
[2024-02-25T00:00:56.915+0000][7][gc,heap     ] GC(281) Old regions: 25->25
[2024-02-25T00:00:56.915+0000][7][gc,heap     ] GC(281) Archive regions: 2->2
[2024-02-25T00:00:56.915+0000][7][gc,heap     ] GC(281) Humongous regions: 0->0
[2024-02-25T00:00:56.915+0000][7][gc,metaspace] GC(281) Metaspace: 128934K(132544K)->128934K(132544K) NonClass: 112086K(113984K)->112086K(113984K) Class: 16847K(18560K)->16847K(18560K)
[2024-02-25T00:00:56.915+0000][7][gc          ] GC(281) Pause Young (Normal) (G1 Evacuation Pause) 712M->104M(1024M) 2.723ms
[2024-02-25T00:00:56.915+0000][7][gc,cpu      ] GC(281) User=0.02s Sys=0.00s Real=0.01s
[2024-02-25T00:00:56.915+0000][7][safepoint   ] Safepoint "G1CollectForAllocation", Time since last: 31955429185 ns, Reaching safepoint: 58629 ns, At safepoint: 2821000 ns, Total: 2879629 ns
[2024-02-25T00:03:51.705+0000][7][gc,start    ] GC(282) Pause Young (Normal) (G1 Evacuation Pause)
[2024-02-25T00:03:51.705+0000][7][gc,task     ] GC(282) Using 8 workers of 8 for evacuation
[2024-02-25T00:03:51.705+0000][7][gc,age      ] GC(282) Desired survivor size 41943040 bytes, new threshold 15 (max threshold 15)
[2024-02-25T00:03:51.707+0000][7][gc,phases   ] GC(282)   Pre Evacuate Collection Set: 0.1ms
[2024-02-25T00:03:51.707+0000][7][gc,phases   ] GC(282)   Merge Heap Roots: 0.1ms
[2024-02-25T00:03:51.707+0000][7][gc,phases   ] GC(282)   Evacuate Collection Set: 1.3ms
[2024-02-25T00:03:51.707+0000][7][gc,phases   ] GC(282)   Post Evacuate Collection Set: 1.0ms
[2024-02-25T00:03:51.707+0000][7][gc,phases   ] GC(282)   Other: 0.1ms
[2024-02-25T00:03:51.707+0000][7][gc,age      ] GC(282) Age table with threshold 15 (max threshold 15)
[2024-02-25T00:03:51.707+0000][7][gc,age      ] GC(282) - age   1:     829976 bytes,     829976 total
[2024-02-25T00:03:51.707+0000][7][gc,age      ] GC(282) - age   2:     309000 bytes,    1138976 total
[2024-02-25T00:03:51.707+0000][7][gc,age      ] GC(282) - age   3:       1280 bytes,    1140256 total
[2024-02-25T00:03:51.707+0000][7][gc,age      ] GC(282) - age   5:        184 bytes,    1140440 total
[2024-02-25T00:03:51.707+0000][7][gc,age      ] GC(282) - age   6:        568 bytes,    1141008 total
[2024-02-25T00:03:51.707+0000][7][gc,age      ] GC(282) - age   7:        680 bytes,    1141688 total
[2024-02-25T00:03:51.707+0000][7][gc,age      ] GC(282) - age   9:         24 bytes,    1141712 total
[2024-02-25T00:03:51.707+0000][7][gc,age      ] GC(282) - age  11:        184 bytes,    1141896 total
[2024-02-25T00:03:51.707+0000][7][gc,age      ] GC(282) - age  15:         24 bytes,    1141920 total
[2024-02-25T00:03:51.707+0000][7][gc,heap     ] GC(282) Eden regions: 152->0(152)
[2024-02-25T00:03:51.707+0000][7][gc,heap     ] GC(282) Survivor regions: 1->1(20)
[2024-02-25T00:03:51.708+0000][7][gc,heap     ] GC(282) Old regions: 25->25
[2024-02-25T00:03:51.708+0000][7][gc,heap     ] GC(282) Archive regions: 2->2
[2024-02-25T00:03:51.708+0000][7][gc,heap     ] GC(282) Humongous regions: 0->0
[2024-02-25T00:03:51.708+0000][7][gc,metaspace] GC(282) Metaspace: 128935K(132544K)->128935K(132544K) NonClass: 112087K(113984K)->112087K(113984K) Class: 16847K(18560K)->16847K(18560K)
[2024-02-25T00:03:51.708+0000][7][gc          ] GC(282) Pause Young (Normal) (G1 Evacuation Pause) 712M->104M(1024M) 2.949ms
[2024-02-25T00:03:51.708+0000][7][gc,cpu      ] GC(282) User=0.02s Sys=0.00s Real=0.00s
[2024-02-25T00:03:51.708+0000][7][safepoint   ] Safepoint "G1CollectForAllocation", Time since last: 174789109666 ns, Reaching safepoint: 89695 ns, At safepoint: 3055093 ns, Total: 3144788 ns
[2024-02-25T00:06:48.007+0000][7][gc,start    ] GC(283) Pause Young (Normal) (G1 Evacuation Pause)
[2024-02-25T00:06:48.007+0000][7][gc,task     ] GC(283) Using 8 workers of 8 for evacuation
[2024-02-25T00:06:48.007+0000][7][gc,age      ] GC(283) Desired survivor size 41943040 bytes, new threshold 15 (max threshold 15)
[2024-02-25T00:06:48.010+0000][7][gc,phases   ] GC(283)   Pre Evacuate Collection Set: 0.1ms
[2024-02-25T00:06:48.010+0000][7][gc,phases   ] GC(283)   Merge Heap Roots: 0.1ms
[2024-02-25T00:06:48.010+0000][7][gc,phases   ] GC(283)   Evacuate Collection Set: 1.9ms
[2024-02-25T00:06:48.010+0000][7][gc,phases   ] GC(283)   Post Evacuate Collection Set: 0.9ms
[2024-02-25T00:06:48.010+0000][7][gc,phases   ] GC(283)   Other: 0.1ms
[2024-02-25T00:06:48.010+0000][7][gc,age      ] GC(283) Age table with threshold 15 (max threshold 15)
[2024-02-25T00:06:48.010+0000][7][gc,age      ] GC(283) - age   1:    1421024 bytes,    1421024 total
[2024-02-25T00:06:48.010+0000][7][gc,age      ] GC(283) - age   2:     152168 bytes,    1573192 total
[2024-02-25T00:06:48.010+0000][7][gc,age      ] GC(283) - age   3:     223600 bytes,    1796792 total
[2024-02-25T00:06:48.010+0000][7][gc,age      ] GC(283) - age   4:        216 bytes,    1797008 total
[2024-02-25T00:06:48.010+0000][7][gc,age      ] GC(283) - age   7:        184 bytes,    1797192 total
[2024-02-25T00:06:48.010+0000][7][gc,age      ] GC(283) - age   8:        648 bytes,    1797840 total
[2024-02-25T00:06:48.010+0000][7][gc,age      ] GC(283) - age  10:         24 bytes,    1797864 total
[2024-02-25T00:06:48.010+0000][7][gc,age      ] GC(283) - age  12:        184 bytes,    1798048 total
[2024-02-25T00:06:48.010+0000][7][gc,heap     ] GC(283) Eden regions: 152->0(152)
[2024-02-25T00:06:48.010+0000][7][gc,heap     ] GC(283) Survivor regions: 1->1(20)
[2024-02-25T00:06:48.010+0000][7][gc,heap     ] GC(283) Old regions: 25->25
[2024-02-25T00:06:48.010+0000][7][gc,heap     ] GC(283) Archive regions: 2->2
[2024-02-25T00:06:48.010+0000][7][gc,heap     ] GC(283) Humongous regions: 0->0
[2024-02-25T00:06:48.010+0000][7][gc,metaspace] GC(283) Metaspace: 128948K(132544K)->128948K(132544K) NonClass: 112100K(113984K)->112100K(113984K) Class: 16847K(18560K)->16847K(18560K)
[2024-02-25T00:06:48.010+0000][7][gc          ] GC(283) Pause Young (Normal) (G1 Evacuation Pause) 712M->105M(1024M) 3.436ms
[2024-02-25T00:06:48.010+0000][7][gc,cpu      ] GC(283) User=0.01s Sys=0.00s Real=0.00s
[2024-02-25T00:06:48.010+0000][7][safepoint   ] Safepoint "G1CollectForAllocation", Time since last: 176298877885 ns, Reaching safepoint: 102208 ns, At safepoint: 3538300 ns, Total: 3640508 ns
[2024-02-25T00:07:44.017+0000][7][safepoint   ] Safepoint "Cleanup", Time since last: 56006106692 ns, Reaching safepoint: 189863 ns, At safepoint: 38965 ns, Total: 228828 ns
[2024-02-25T00:09:32.969+0000][7][gc,start    ] GC(284) Pause Young (Normal) (G1 Evacuation Pause)
[2024-02-25T00:09:32.969+0000][7][gc,task     ] GC(284) Using 8 workers of 8 for evacuation
[2024-02-25T00:09:32.969+0000][7][gc,age      ] GC(284) Desired survivor size 41943040 bytes, new threshold 15 (max threshold 15)
[2024-02-25T00:09:32.971+0000][7][gc,phases   ] GC(284)   Pre Evacuate Collection Set: 0.1ms
[2024-02-25T00:09:32.971+0000][7][gc,phases   ] GC(284)   Merge Heap Roots: 0.1ms
[2024-02-25T00:09:32.971+0000][7][gc,phases   ] GC(284)   Evacuate Collection Set: 1.1ms
[2024-02-25T00:09:32.971+0000][7][gc,phases   ] GC(284)   Post Evacuate Collection Set: 0.6ms
[2024-02-25T00:09:32.971+0000][7][gc,phases   ] GC(284)   Other: 0.1ms
[2024-02-25T00:09:32.971+0000][7][gc,age      ] GC(284) Age table with threshold 15 (max threshold 15)
[2024-02-25T00:09:32.971+0000][7][gc,age      ] GC(284) - age   1:     645352 bytes,     645352 total
[2024-02-25T00:09:32.971+0000][7][gc,age      ] GC(284) - age   2:     172544 bytes,     817896 total
[2024-02-25T00:09:32.971+0000][7][gc,age      ] GC(284) - age   3:     142416 bytes,     960312 total
[2024-02-25T00:09:32.971+0000][7][gc,age      ] GC(284) - age   4:     223536 bytes,    1183848 total
[2024-02-25T00:09:32.971+0000][7][gc,age      ] GC(284) - age   5:        216 bytes,    1184064 total
[2024-02-25T00:09:32.971+0000][7][gc,age      ] GC(284) - age   8:        184 bytes,    1184248 total
[2024-02-25T00:09:32.971+0000][7][gc,age      ] GC(284) - age   9:        648 bytes,    1184896 total
[2024-02-25T00:09:32.971+0000][7][gc,age      ] GC(284) - age  11:         24 bytes,    1184920 total
[2024-02-25T00:09:32.971+0000][7][gc,age      ] GC(284) - age  13:        184 bytes,    1185104 total
[2024-02-25T00:09:32.971+0000][7][gc,heap     ] GC(284) Eden regions: 152->0(152)
[2024-02-25T00:09:32.971+0000][7][gc,heap     ] GC(284) Survivor regions: 1->1(20)
[2024-02-25T00:09:32.971+0000][7][gc,heap     ] GC(284) Old regions: 25->25
[2024-02-25T00:09:32.971+0000][7][gc,heap     ] GC(284) Archive regions: 2->2
[2024-02-25T00:09:32.971+0000][7][gc,heap     ] GC(284) Humongous regions: 0->0
[2024-02-25T00:09:32.971+0000][7][gc,metaspace] GC(284) Metaspace: 128948K(132544K)->128948K(132544K) NonClass: 112100K(113984K)->112100K(113984K) Class: 16847K(18560K)->16847K(18560K)
[2024-02-25T00:09:32.971+0000][7][gc          ] GC(284) Pause Young (Normal) (G1 Evacuation Pause) 713M->104M(1024M) 2.197ms
[2024-02-25T00:09:32.971+0000][7][gc,cpu      ] GC(284) User=0.01s Sys=0.00s Real=0.00s
[2024-02-25T00:09:32.971+0000][7][safepoint   ] Safepoint "G1CollectForAllocation", Time since last: 108952146123 ns, Reaching safepoint: 61421 ns, At safepoint: 2280554 ns, Total: 2341975 ns
[2024-02-25T00:12:38.977+0000][7][gc,start    ] GC(285) Pause Young (Normal) (G1 Evacuation Pause)
[2024-02-25T00:12:38.978+0000][7][gc,task     ] GC(285) Using 8 workers of 8 for evacuation
[2024-02-25T00:12:38.978+0000][7][gc,age      ] GC(285) Desired survivor size 41943040 bytes, new threshold 15 (max threshold 15)
[2024-02-25T00:12:38.980+0000][7][gc,phases   ] GC(285)   Pre Evacuate Collection Set: 0.1ms
[2024-02-25T00:12:38.980+0000][7][gc,phases   ] GC(285)   Merge Heap Roots: 0.1ms
[2024-02-25T00:12:38.980+0000][7][gc,phases   ] GC(285)   Evacuate Collection Set: 1.4ms
[2024-02-25T00:12:38.980+0000][7][gc,phases   ] GC(285)   Post Evacuate Collection Set: 0.8ms
[2024-02-25T00:12:38.980+0000][7][gc,phases   ] GC(285)   Other: 0.1ms
[2024-02-25T00:12:38.980+0000][7][gc,age      ] GC(285) Age table with threshold 15 (max threshold 15)
[2024-02-25T00:12:38.980+0000][7][gc,age      ] GC(285) - age   1:    1245848 bytes,    1245848 total
[2024-02-25T00:12:38.980+0000][7][gc,age      ] GC(285) - age   2:      45152 bytes,    1291000 total
[2024-02-25T00:12:38.980+0000][7][gc,age      ] GC(285) - age   3:     169968 bytes,    1460968 total
[2024-02-25T00:12:38.980+0000][7][gc,age      ] GC(285) - age   4:     140688 bytes,    1601656 total
[2024-02-25T00:12:38.980+0000][7][gc,age      ] GC(285) - age   5:     220016 bytes,    1821672 total
[2024-02-25T00:12:38.980+0000][7][gc,age      ] GC(285) - age   6:        216 bytes,    1821888 total
[2024-02-25T00:12:38.980+0000][7][gc,age      ] GC(285) - age  10:        648 bytes,    1822536 total
[2024-02-25T00:12:38.980+0000][7][gc,age      ] GC(285) - age  12:         24 bytes,    1822560 total
[2024-02-25T00:12:38.980+0000][7][gc,age      ] GC(285) - age  14:        184 bytes,    1822744 total
[2024-02-25T00:12:38.980+0000][7][gc,heap     ] GC(285) Eden regions: 152->0(152)
[2024-02-25T00:12:38.980+0000][7][gc,heap     ] GC(285) Survivor regions: 1->1(20)
[2024-02-25T00:12:38.980+0000][7][gc,heap     ] GC(285) Old regions: 25->25
[2024-02-25T00:12:38.980+0000][7][gc,heap     ] GC(285) Archive regions: 2->2
[2024-02-25T00:12:38.980+0000][7][gc,heap     ] GC(285) Humongous regions: 0->0
[2024-02-25T00:12:38.980+0000][7][gc,metaspace] GC(285) Metaspace: 128948K(132544K)->128948K(132544K) NonClass: 112100K(113984K)->112100K(113984K) Class: 16847K(18560K)->16847K(18560K)
[2024-02-25T00:12:38.980+0000][7][gc          ] GC(285) Pause Young (Normal) (G1 Evacuation Pause) 712M->105M(1024M) 2.839ms
[2024-02-25T00:12:38.980+0000][7][gc,cpu      ] GC(285) User=0.01s Sys=0.00s Real=0.00s
[2024-02-25T00:12:38.980+0000][7][safepoint   ] Safepoint "G1CollectForAllocation", Time since last: 186006396136 ns, Reaching safepoint: 48379 ns, At safepoint: 2950004 ns, Total: 2998383 ns
[2024-02-25T00:15:39.599+0000][7][gc,start    ] GC(286) Pause Young (Normal) (G1 Evacuation Pause)
[2024-02-25T00:15:39.599+0000][7][gc,task     ] GC(286) Using 8 workers of 8 for evacuation
[2024-02-25T00:15:39.599+0000][7][gc,age      ] GC(286) Desired survivor size 41943040 bytes, new threshold 15 (max threshold 15)
[2024-02-25T00:15:39.602+0000][7][gc,phases   ] GC(286)   Pre Evacuate Collection Set: 0.2ms
[2024-02-25T00:15:39.603+0000][7][gc,phases   ] GC(286)   Merge Heap Roots: 0.1ms
[2024-02-25T00:15:39.603+0000][7][gc,phases   ] GC(286)   Evacuate Collection Set: 2.1ms
[2024-02-25T00:15:39.603+0000][7][gc,phases   ] GC(286)   Post Evacuate Collection Set: 1.0ms
[2024-02-25T00:15:39.603+0000][7][gc,phases   ] GC(286)   Other: 0.1ms
[2024-02-25T00:15:39.603+0000][7][gc,age      ] GC(286) Age table with threshold 15 (max threshold 15)
[2024-02-25T00:15:39.603+0000][7][gc,age      ] GC(286) - age   1:    1358336 bytes,    1358336 total
[2024-02-25T00:15:39.603+0000][7][gc,age      ] GC(286) - age   2:      23312 bytes,    1381648 total
[2024-02-25T00:15:39.603+0000][7][gc,age      ] GC(286) - age   3:      44416 bytes,    1426064 total
[2024-02-25T00:15:39.603+0000][7][gc,age      ] GC(286) - age   4:     169168 bytes,    1595232 total
[2024-02-25T00:15:39.603+0000][7][gc,age      ] GC(286) - age   5:     140688 bytes,    1735920 total
[2024-02-25T00:15:39.603+0000][7][gc,age      ] GC(286) - age   6:     219624 bytes,    1955544 total
[2024-02-25T00:15:39.603+0000][7][gc,age      ] GC(286) - age   7:        216 bytes,    1955760 total
[2024-02-25T00:15:39.603+0000][7][gc,age      ] GC(286) - age  11:        648 bytes,    1956408 total
[2024-02-25T00:15:39.603+0000][7][gc,age      ] GC(286) - age  13:         24 bytes,    1956432 total
[2024-02-25T00:15:39.603+0000][7][gc,heap     ] GC(286) Eden regions: 152->0(152)
[2024-02-25T00:15:39.603+0000][7][gc,heap     ] GC(286) Survivor regions: 1->1(20)
[2024-02-25T00:15:39.603+0000][7][gc,heap     ] GC(286) Old regions: 25->25
[2024-02-25T00:15:39.603+0000][7][gc,heap     ] GC(286) Archive regions: 2->2
[2024-02-25T00:15:39.603+0000][7][gc,heap     ] GC(286) Humongous regions: 0->0
[2024-02-25T00:15:39.603+0000][7][gc,metaspace] GC(286) Metaspace: 128954K(132544K)->128954K(132544K) NonClass: 112106K(113984K)->112106K(113984K) Class: 16847K(18560K)->16847K(18560K)
[2024-02-25T00:15:39.603+0000][7][gc          ] GC(286) Pause Young (Normal) (G1 Evacuation Pause) 713M->105M(1024M) 3.804ms
[2024-02-25T00:15:39.603+0000][7][gc,cpu      ] GC(286) User=0.02s Sys=0.00s Real=0.01s
[2024-02-25T00:15:39.603+0000][7][safepoint   ] Safepoint "G1CollectForAllocation", Time since last: 180618414890 ns, Reaching safepoint: 76127 ns, At safepoint: 3912731 ns, Total: 3988858 ns
[2024-02-25T00:18:10.621+0000][7][safepoint   ] Safepoint "Cleanup", Time since last: 151017726281 ns, Reaching safepoint: 81112 ns, At safepoint: 41682 ns, Total: 122794 ns
[2024-02-25T00:18:46.052+0000][7][gc,start    ] GC(287) Pause Young (Normal) (G1 Evacuation Pause)
[2024-02-25T00:18:46.052+0000][7][gc,task     ] GC(287) Using 8 workers of 8 for evacuation
[2024-02-25T00:18:46.052+0000][7][gc,age      ] GC(287) Desired survivor size 41943040 bytes, new threshold 15 (max threshold 15)
[2024-02-25T00:18:46.055+0000][7][gc,phases   ] GC(287)   Pre Evacuate Collection Set: 0.1ms
[2024-02-25T00:18:46.055+0000][7][gc,phases   ] GC(287)   Merge Heap Roots: 0.1ms
[2024-02-25T00:18:46.055+0000][7][gc,phases   ] GC(287)   Evacuate Collection Set: 1.7ms
[2024-02-25T00:18:46.055+0000][7][gc,phases   ] GC(287)   Post Evacuate Collection Set: 0.8ms
[2024-02-25T00:18:46.055+0000][7][gc,phases   ] GC(287)   Other: 0.1ms
[2024-02-25T00:18:46.055+0000][7][gc,age      ] GC(287) Age table with threshold 15 (max threshold 15)
[2024-02-25T00:18:46.055+0000][7][gc,age      ] GC(287) - age   1:    1316528 bytes,    1316528 total
[2024-02-25T00:18:46.055+0000][7][gc,age      ] GC(287) - age   2:      22392 bytes,    1338920 total
[2024-02-25T00:18:46.055+0000][7][gc,age      ] GC(287) - age   3:      21616 bytes,    1360536 total
[2024-02-25T00:18:46.055+0000][7][gc,age      ] GC(287) - age   4:      44416 bytes,    1404952 total
[2024-02-25T00:18:46.055+0000][7][gc,age      ] GC(287) - age   5:     168872 bytes,    1573824 total
[2024-02-25T00:18:46.055+0000][7][gc,age      ] GC(287) - age   6:     140504 bytes,    1714328 total
[2024-02-25T00:18:46.055+0000][7][gc,age      ] GC(287) - age   7:     170728 bytes,    1885056 total
[2024-02-25T00:18:46.055+0000][7][gc,age      ] GC(287) - age   8:        216 bytes,    1885272 total
[2024-02-25T00:18:46.055+0000][7][gc,age      ] GC(287) - age  12:        648 bytes,    1885920 total
[2024-02-25T00:18:46.055+0000][7][gc,age      ] GC(287) - age  14:         24 bytes,    1885944 total
[2024-02-25T00:18:46.055+0000][7][gc,heap     ] GC(287) Eden regions: 152->0(152)
[2024-02-25T00:18:46.055+0000][7][gc,heap     ] GC(287) Survivor regions: 1->1(20)
[2024-02-25T00:18:46.055+0000][7][gc,heap     ] GC(287) Old regions: 25->25
[2024-02-25T00:18:46.055+0000][7][gc,heap     ] GC(287) Archive regions: 2->2
[2024-02-25T00:18:46.055+0000][7][gc,heap     ] GC(287) Humongous regions: 0->0
[2024-02-25T00:18:46.055+0000][7][gc,metaspace] GC(287) Metaspace: 128954K(132544K)->128954K(132544K) NonClass: 112106K(113984K)->112106K(113984K) Class: 16847K(18560K)->16847K(18560K)
[2024-02-25T00:18:46.055+0000][7][gc          ] GC(287) Pause Young (Normal) (G1 Evacuation Pause) 713M->105M(1024M) 3.190ms
[2024-02-25T00:18:46.056+0000][7][gc,cpu      ] GC(287) User=0.01s Sys=0.00s Real=0.01s
[2024-02-25T00:18:46.056+0000][7][safepoint   ] Safepoint "G1CollectForAllocation", Time since last: 35431493293 ns, Reaching safepoint: 100796 ns, At safepoint: 3313731 ns, Total: 3414527 ns
[2024-02-25T00:21:33.211+0000][7][gc,start    ] GC(288) Pause Young (Normal) (G1 Evacuation Pause)
[2024-02-25T00:21:33.211+0000][7][gc,task     ] GC(288) Using 8 workers of 8 for evacuation
[2024-02-25T00:21:33.211+0000][7][gc,age      ] GC(288) Desired survivor size 41943040 bytes, new threshold 15 (max threshold 15)
[2024-02-25T00:21:33.213+0000][7][gc,phases   ] GC(288)   Pre Evacuate Collection Set: 0.1ms
[2024-02-25T00:21:33.213+0000][7][gc,phases   ] GC(288)   Merge Heap Roots: 0.1ms
[2024-02-25T00:21:33.213+0000][7][gc,phases   ] GC(288)   Evacuate Collection Set: 1.1ms
[2024-02-25T00:21:33.213+0000][7][gc,phases   ] GC(288)   Post Evacuate Collection Set: 0.6ms
[2024-02-25T00:21:33.213+0000][7][gc,phases   ] GC(288)   Other: 0.1ms
[2024-02-25T00:21:33.213+0000][7][gc,age      ] GC(288) Age table with threshold 15 (max threshold 15)
[2024-02-25T00:21:33.213+0000][7][gc,age      ] GC(288) - age   1:    2138408 bytes,    2138408 total
[2024-02-25T00:21:33.213+0000][7][gc,age      ] GC(288) - age   2:       3552 bytes,    2141960 total
[2024-02-25T00:21:33.213+0000][7][gc,age      ] GC(288) - age   3:      19376 bytes,    2161336 total
[2024-02-25T00:21:33.213+0000][7][gc,age      ] GC(288) - age   4:       9640 bytes,    2170976 total
[2024-02-25T00:21:33.213+0000][7][gc,age      ] GC(288) - age   5:      44416 bytes,    2215392 total
[2024-02-25T00:21:33.213+0000][7][gc,age      ] GC(288) - age   6:     168872 bytes,    2384264 total
[2024-02-25T00:21:33.213+0000][7][gc,age      ] GC(288) - age   7:     140504 bytes,    2524768 total
[2024-02-25T00:21:33.213+0000][7][gc,age      ] GC(288) - age   8:     170728 bytes,    2695496 total
[2024-02-25T00:21:33.213+0000][7][gc,age      ] GC(288) - age   9:        216 bytes,    2695712 total
[2024-02-25T00:21:33.213+0000][7][gc,age      ] GC(288) - age  13:        648 bytes,    2696360 total
[2024-02-25T00:21:33.213+0000][7][gc,age      ] GC(288) - age  15:         24 bytes,    2696384 total
[2024-02-25T00:21:33.213+0000][7][gc,heap     ] GC(288) Eden regions: 152->0(152)
[2024-02-25T00:21:33.213+0000][7][gc,heap     ] GC(288) Survivor regions: 1->1(20)
[2024-02-25T00:21:33.213+0000][7][gc,heap     ] GC(288) Old regions: 25->25
[2024-02-25T00:21:33.213+0000][7][gc,heap     ] GC(288) Archive regions: 2->2
[2024-02-25T00:21:33.213+0000][7][gc,heap     ] GC(288) Humongous regions: 0->0
[2024-02-25T00:21:33.213+0000][7][gc,metaspace] GC(288) Metaspace: 128954K(132544K)->128954K(132544K) NonClass: 112106K(113984K)->112106K(113984K) Class: 16847K(18560K)->16847K(18560K)
[2024-02-25T00:21:33.213+0000][7][gc          ] GC(288) Pause Young (Normal) (G1 Evacuation Pause) 713M->106M(1024M) 2.085ms
[2024-02-25T00:21:33.213+0000][7][gc,cpu      ] GC(288) User=0.01s Sys=0.00s Real=0.00s
[2024-02-25T00:21:33.213+0000][7][safepoint   ] Safepoint "G1CollectForAllocation", Time since last: 167155046292 ns, Reaching safepoint: 35039 ns, At safepoint: 2150074 ns, Total: 2185113 ns
[2024-02-25T00:24:39.987+0000][7][gc,start    ] GC(289) Pause Young (Normal) (G1 Evacuation Pause)
[2024-02-25T00:24:39.987+0000][7][gc,task     ] GC(289) Using 8 workers of 8 for evacuation
[2024-02-25T00:24:39.987+0000][7][gc,age      ] GC(289) Desired survivor size 41943040 bytes, new threshold 15 (max threshold 15)
[2024-02-25T00:24:39.989+0000][7][gc,phases   ] GC(289)   Pre Evacuate Collection Set: 0.1ms
[2024-02-25T00:24:39.989+0000][7][gc,phases   ] GC(289)   Merge Heap Roots: 0.1ms
[2024-02-25T00:24:39.989+0000][7][gc,phases   ] GC(289)   Evacuate Collection Set: 1.1ms
[2024-02-25T00:24:39.989+0000][7][gc,phases   ] GC(289)   Post Evacuate Collection Set: 0.8ms
[2024-02-25T00:24:39.989+0000][7][gc,phases   ] GC(289)   Other: 0.1ms
[2024-02-25T00:24:39.989+0000][7][gc,age      ] GC(289) Age table with threshold 15 (max threshold 15)
[2024-02-25T00:24:39.989+0000][7][gc,age      ] GC(289) - age   1:     660672 bytes,     660672 total
[2024-02-25T00:24:39.989+0000][7][gc,age      ] GC(289) - age   2:       6712 bytes,     667384 total
[2024-02-25T00:24:39.989+0000][7][gc,age      ] GC(289) - age   3:        488 bytes,     667872 total
[2024-02-25T00:24:39.989+0000][7][gc,age      ] GC(289) - age   4:      19120 bytes,     686992 total
[2024-02-25T00:24:39.989+0000][7][gc,age      ] GC(289) - age   5:       9640 bytes,     696632 total
[2024-02-25T00:24:39.989+0000][7][gc,age      ] GC(289) - age   6:      44416 bytes,     741048 total
[2024-02-25T00:24:39.989+0000][7][gc,age      ] GC(289) - age   7:     168688 bytes,     909736 total
[2024-02-25T00:24:39.989+0000][7][gc,age      ] GC(289) - age   8:     140504 bytes,    1050240 total
[2024-02-25T00:24:39.989+0000][7][gc,age      ] GC(289) - age   9:     170728 bytes,    1220968 total
[2024-02-25T00:24:39.989+0000][7][gc,age      ] GC(289) - age  10:        216 bytes,    1221184 total
[2024-02-25T00:24:39.989+0000][7][gc,age      ] GC(289) - age  14:        648 bytes,    1221832 total
[2024-02-25T00:24:39.989+0000][7][gc,heap     ] GC(289) Eden regions: 152->0(152)
[2024-02-25T00:24:39.989+0000][7][gc,heap     ] GC(289) Survivor regions: 1->1(20)
[2024-02-25T00:24:39.989+0000][7][gc,heap     ] GC(289) Old regions: 25->25
[2024-02-25T00:24:39.989+0000][7][gc,heap     ] GC(289) Archive regions: 2->2
[2024-02-25T00:24:39.989+0000][7][gc,heap     ] GC(289) Humongous regions: 0->0
[2024-02-25T00:24:39.989+0000][7][gc,metaspace] GC(289) Metaspace: 128954K(132544K)->128954K(132544K) NonClass: 112106K(113984K)->112106K(113984K) Class: 16847K(18560K)->16847K(18560K)
[2024-02-25T00:24:39.989+0000][7][gc          ] GC(289) Pause Young (Normal) (G1 Evacuation Pause) 714M->104M(1024M) 2.501ms
[2024-02-25T00:24:39.989+0000][7][gc,cpu      ] GC(289) User=0.01s Sys=0.00s Real=0.00s
[2024-02-25T00:24:39.989+0000][7][safepoint   ] Safepoint "G1CollectForAllocation", Time since last: 186773981074 ns, Reaching safepoint: 36759 ns, At safepoint: 2597824 ns, Total: 2634583 ns
[2024-02-25T00:25:34.995+0000][7][safepoint   ] Safepoint "Cleanup", Time since last: 55005453930 ns, Reaching safepoint: 102094 ns, At safepoint: 6870 ns, Total: 108964 ns
[2024-02-25T00:27:42.475+0000][7][gc,start    ] GC(290) Pause Young (Normal) (G1 Evacuation Pause)
[2024-02-25T00:27:42.475+0000][7][gc,task     ] GC(290) Using 8 workers of 8 for evacuation
[2024-02-25T00:27:42.475+0000][7][gc,age      ] GC(290) Desired survivor size 41943040 bytes, new threshold 15 (max threshold 15)
[2024-02-25T00:27:42.478+0000][7][gc,phases   ] GC(290)   Pre Evacuate Collection Set: 0.1ms
[2024-02-25T00:27:42.478+0000][7][gc,phases   ] GC(290)   Merge Heap Roots: 0.1ms
[2024-02-25T00:27:42.478+0000][7][gc,phases   ] GC(290)   Evacuate Collection Set: 1.6ms
[2024-02-25T00:27:42.478+0000][7][gc,phases   ] GC(290)   Post Evacuate Collection Set: 1.2ms
[2024-02-25T00:27:42.478+0000][7][gc,phases   ] GC(290)   Other: 0.1ms
[2024-02-25T00:27:42.478+0000][7][gc,age      ] GC(290) Age table with threshold 15 (max threshold 15)
[2024-02-25T00:27:42.478+0000][7][gc,age      ] GC(290) - age   1:    1130424 bytes,    1130424 total
[2024-02-25T00:27:42.478+0000][7][gc,age      ] GC(290) - age   2:       2192 bytes,    1132616 total
[2024-02-25T00:27:42.478+0000][7][gc,age      ] GC(290) - age   3:       3832 bytes,    1136448 total
[2024-02-25T00:27:42.479+0000][7][gc,age      ] GC(290) - age   5:      18224 bytes,    1154672 total
[2024-02-25T00:27:42.479+0000][7][gc,age      ] GC(290) - age   6:       9640 bytes,    1164312 total
[2024-02-25T00:27:42.479+0000][7][gc,age      ] GC(290) - age   7:      44416 bytes,    1208728 total
[2024-02-25T00:27:42.479+0000][7][gc,age      ] GC(290) - age   8:     168272 bytes,    1377000 total
[2024-02-25T00:27:42.479+0000][7][gc,age      ] GC(290) - age   9:     140504 bytes,    1517504 total
[2024-02-25T00:27:42.479+0000][7][gc,age      ] GC(290) - age  10:     170728 bytes,    1688232 total
[2024-02-25T00:27:42.479+0000][7][gc,age      ] GC(290) - age  11:        216 bytes,    1688448 total
[2024-02-25T00:27:42.479+0000][7][gc,age      ] GC(290) - age  15:        648 bytes,    1689096 total
[2024-02-25T00:27:42.479+0000][7][gc,heap     ] GC(290) Eden regions: 152->0(152)
[2024-02-25T00:27:42.479+0000][7][gc,heap     ] GC(290) Survivor regions: 1->1(20)
[2024-02-25T00:27:42.479+0000][7][gc,heap     ] GC(290) Old regions: 25->25
[2024-02-25T00:27:42.479+0000][7][gc,heap     ] GC(290) Archive regions: 2->2
[2024-02-25T00:27:42.479+0000][7][gc,heap     ] GC(290) Humongous regions: 0->0
[2024-02-25T00:27:42.479+0000][7][gc,metaspace] GC(290) Metaspace: 128954K(132544K)->128954K(132544K) NonClass: 112106K(113984K)->112106K(113984K) Class: 16847K(18560K)->16847K(18560K)
[2024-02-25T00:27:42.479+0000][7][gc          ] GC(290) Pause Young (Normal) (G1 Evacuation Pause) 712M->105M(1024M) 3.406ms
[2024-02-25T00:27:42.479+0000][7][gc,cpu      ] GC(290) User=0.02s Sys=0.00s Real=0.00s
[2024-02-25T00:27:42.479+0000][7][safepoint   ] Safepoint "G1CollectForAllocation", Time since last: 127480168663 ns, Reaching safepoint: 86744 ns, At safepoint: 3510330 ns, Total: 3597074 ns
[2024-02-25T00:27:54.480+0000][7][safepoint   ] Safepoint "Cleanup", Time since last: 12001526480 ns, Reaching safepoint: 189896 ns, At safepoint: 21927 ns, Total: 211823 ns
[2024-02-25T00:30:44.190+0000][7][gc,start    ] GC(291) Pause Young (Normal) (G1 Evacuation Pause)
[2024-02-25T00:30:44.190+0000][7][gc,task     ] GC(291) Using 8 workers of 8 for evacuation
[2024-02-25T00:30:44.190+0000][7][gc,age      ] GC(291) Desired survivor size 41943040 bytes, new threshold 15 (max threshold 15)
[2024-02-25T00:30:44.192+0000][7][gc,phases   ] GC(291)   Pre Evacuate Collection Set: 0.1ms
[2024-02-25T00:30:44.192+0000][7][gc,phases   ] GC(291)   Merge Heap Roots: 0.1ms
[2024-02-25T00:30:44.192+0000][7][gc,phases   ] GC(291)   Evacuate Collection Set: 1.2ms
[2024-02-25T00:30:44.192+0000][7][gc,phases   ] GC(291)   Post Evacuate Collection Set: 0.5ms
[2024-02-25T00:30:44.192+0000][7][gc,phases   ] GC(291)   Other: 0.1ms
[2024-02-25T00:30:44.192+0000][7][gc,age      ] GC(291) Age table with threshold 15 (max threshold 15)
[2024-02-25T00:30:44.192+0000][7][gc,age      ] GC(291) - age   1:    1235424 bytes,    1235424 total
[2024-02-25T00:30:44.192+0000][7][gc,age      ] GC(291) - age   2:      11624 bytes,    1247048 total
[2024-02-25T00:30:44.192+0000][7][gc,age      ] GC(291) - age   3:        816 bytes,    1247864 total
[2024-02-25T00:30:44.192+0000][7][gc,age      ] GC(291) - age   4:        248 bytes,    1248112 total
[2024-02-25T00:30:44.192+0000][7][gc,age      ] GC(291) - age   6:      17832 bytes,    1265944 total
[2024-02-25T00:30:44.192+0000][7][gc,age      ] GC(291) - age   7:       9640 bytes,    1275584 total
[2024-02-25T00:30:44.192+0000][7][gc,age      ] GC(291) - age   8:      44416 bytes,    1320000 total
[2024-02-25T00:30:44.192+0000][7][gc,age      ] GC(291) - age   9:     168272 bytes,    1488272 total
[2024-02-25T00:30:44.192+0000][7][gc,age      ] GC(291) - age  10:     140504 bytes,    1628776 total
[2024-02-25T00:30:44.192+0000][7][gc,age      ] GC(291) - age  11:     170544 bytes,    1799320 total
[2024-02-25T00:30:44.192+0000][7][gc,age      ] GC(291) - age  12:        216 bytes,    1799536 total
[2024-02-25T00:30:44.192+0000][7][gc,heap     ] GC(291) Eden regions: 152->0(152)
[2024-02-25T00:30:44.192+0000][7][gc,heap     ] GC(291) Survivor regions: 1->1(20)
[2024-02-25T00:30:44.192+0000][7][gc,heap     ] GC(291) Old regions: 25->25
[2024-02-25T00:30:44.192+0000][7][gc,heap     ] GC(291) Archive regions: 2->2
[2024-02-25T00:30:44.192+0000][7][gc,heap     ] GC(291) Humongous regions: 0->0
[2024-02-25T00:30:44.192+0000][7][gc,metaspace] GC(291) Metaspace: 128954K(132544K)->128954K(132544K) NonClass: 112106K(113984K)->112106K(113984K) Class: 16847K(18560K)->16847K(18560K)
[2024-02-25T00:30:44.193+0000][7][gc          ] GC(291) Pause Young (Normal) (G1 Evacuation Pause) 713M->105M(1024M) 2.223ms
[2024-02-25T00:30:44.193+0000][7][gc,cpu      ] GC(291) User=0.01s Sys=0.00s Real=0.00s
[2024-02-25T00:30:44.193+0000][7][safepoint   ] Safepoint "G1CollectForAllocation", Time since last: 169709736562 ns, Reaching safepoint: 61663 ns, At safepoint: 2301840 ns, Total: 2363503 ns
[2024-02-25T00:31:15.196+0000][7][safepoint   ] Safepoint "Cleanup", Time since last: 31003447881 ns, Reaching safepoint: 105449 ns, At safepoint: 25795 ns, Total: 131244 ns
[2024-02-25T00:33:39.126+0000][7][gc,start    ] GC(292) Pause Young (Normal) (G1 Evacuation Pause)
[2024-02-25T00:33:39.126+0000][7][gc,task     ] GC(292) Using 8 workers of 8 for evacuation
[2024-02-25T00:33:39.126+0000][7][gc,age      ] GC(292) Desired survivor size 41943040 bytes, new threshold 15 (max threshold 15)
[2024-02-25T00:33:39.129+0000][7][gc,phases   ] GC(292)   Pre Evacuate Collection Set: 0.1ms
[2024-02-25T00:33:39.129+0000][7][gc,phases   ] GC(292)   Merge Heap Roots: 0.0ms
[2024-02-25T00:33:39.129+0000][7][gc,phases   ] GC(292)   Evacuate Collection Set: 1.9ms
[2024-02-25T00:33:39.129+0000][7][gc,phases   ] GC(292)   Post Evacuate Collection Set: 1.0ms
[2024-02-25T00:33:39.129+0000][7][gc,phases   ] GC(292)   Other: 0.1ms
[2024-02-25T00:33:39.129+0000][7][gc,age      ] GC(292) Age table with threshold 15 (max threshold 15)
[2024-02-25T00:33:39.129+0000][7][gc,age      ] GC(292) - age   1:    2184040 bytes,    2184040 total
[2024-02-25T00:33:39.129+0000][7][gc,age      ] GC(292) - age   2:       6648 bytes,    2190688 total
[2024-02-25T00:33:39.129+0000][7][gc,age      ] GC(292) - age   3:       1904 bytes,    2192592 total
[2024-02-25T00:33:39.129+0000][7][gc,age      ] GC(292) - age   4:        248 bytes,    2192840 total
[2024-02-25T00:33:39.129+0000][7][gc,age      ] GC(292) - age   5:        184 bytes,    2193024 total
[2024-02-25T00:33:39.129+0000][7][gc,age      ] GC(292) - age   7:      17832 bytes,    2210856 total
[2024-02-25T00:33:39.129+0000][7][gc,age      ] GC(292) - age   8:       9616 bytes,    2220472 total
[2024-02-25T00:33:39.129+0000][7][gc,age      ] GC(292) - age   9:      44416 bytes,    2264888 total
[2024-02-25T00:33:39.129+0000][7][gc,age      ] GC(292) - age  10:     168240 bytes,    2433128 total
[2024-02-25T00:33:39.129+0000][7][gc,age      ] GC(292) - age  11:     140504 bytes,    2573632 total
[2024-02-25T00:33:39.129+0000][7][gc,age      ] GC(292) - age  12:     170544 bytes,    2744176 total
[2024-02-25T00:33:39.129+0000][7][gc,age      ] GC(292) - age  13:        216 bytes,    2744392 total
[2024-02-25T00:33:39.129+0000][7][gc,heap     ] GC(292) Eden regions: 152->0(152)
[2024-02-25T00:33:39.129+0000][7][gc,heap     ] GC(292) Survivor regions: 1->1(20)
[2024-02-25T00:33:39.129+0000][7][gc,heap     ] GC(292) Old regions: 25->25
[2024-02-25T00:33:39.129+0000][7][gc,heap     ] GC(292) Archive regions: 2->2
[2024-02-25T00:33:39.129+0000][7][gc,heap     ] GC(292) Humongous regions: 0->0
[2024-02-25T00:33:39.129+0000][7][gc,metaspace] GC(292) Metaspace: 128954K(132544K)->128954K(132544K) NonClass: 112106K(113984K)->112106K(113984K) Class: 16847K(18560K)->16847K(18560K)
[2024-02-25T00:33:39.129+0000][7][gc          ] GC(292) Pause Young (Normal) (G1 Evacuation Pause) 713M->106M(1024M) 3.344ms
[2024-02-25T00:33:39.129+0000][7][gc,cpu      ] GC(292) User=0.01s Sys=0.00s Real=0.00s
[2024-02-25T00:33:39.129+0000][7][safepoint   ] Safepoint "G1CollectForAllocation", Time since last: 143929834243 ns, Reaching safepoint: 32182 ns, At safepoint: 3492956 ns, Total: 3525138 ns
[2024-02-25T00:35:35.141+0000][7][safepoint   ] Safepoint "Cleanup", Time since last: 116011438194 ns, Reaching safepoint: 90220 ns, At safepoint: 8022 ns, Total: 98242 ns
[2024-02-25T00:36:24.049+0000][7][gc,start    ] GC(293) Pause Young (Normal) (G1 Evacuation Pause)
[2024-02-25T00:36:24.049+0000][7][gc,task     ] GC(293) Using 8 workers of 8 for evacuation
[2024-02-25T00:36:24.049+0000][7][gc,age      ] GC(293) Desired survivor size 41943040 bytes, new threshold 15 (max threshold 15)
[2024-02-25T00:36:24.052+0000][7][gc,phases   ] GC(293)   Pre Evacuate Collection Set: 0.1ms
[2024-02-25T00:36:24.052+0000][7][gc,phases   ] GC(293)   Merge Heap Roots: 0.1ms
[2024-02-25T00:36:24.052+0000][7][gc,phases   ] GC(293)   Evacuate Collection Set: 1.7ms
[2024-02-25T00:36:24.052+0000][7][gc,phases   ] GC(293)   Post Evacuate Collection Set: 0.9ms
[2024-02-25T00:36:24.052+0000][7][gc,phases   ] GC(293)   Other: 0.1ms
[2024-02-25T00:36:24.052+0000][7][gc,age      ] GC(293) Age table with threshold 15 (max threshold 15)
[2024-02-25T00:36:24.052+0000][7][gc,age      ] GC(293) - age   1:    1228280 bytes,    1228280 total
[2024-02-25T00:36:24.052+0000][7][gc,age      ] GC(293) - age   2:      11000 bytes,    1239280 total
[2024-02-25T00:36:24.052+0000][7][gc,age      ] GC(293) - age   3:       4488 bytes,    1243768 total
[2024-02-25T00:36:24.052+0000][7][gc,age      ] GC(293) - age   4:        600 bytes,    1244368 total
[2024-02-25T00:36:24.052+0000][7][gc,age      ] GC(293) - age   6:        184 bytes,    1244552 total
[2024-02-25T00:36:24.052+0000][7][gc,age      ] GC(293) - age   8:      17800 bytes,    1262352 total
[2024-02-25T00:36:24.052+0000][7][gc,age      ] GC(293) - age   9:       9616 bytes,    1271968 total
[2024-02-25T00:36:24.052+0000][7][gc,age      ] GC(293) - age  10:      44416 bytes,    1316384 total
[2024-02-25T00:36:24.052+0000][7][gc,age      ] GC(293) - age  11:     168240 bytes,    1484624 total
[2024-02-25T00:36:24.052+0000][7][gc,age      ] GC(293) - age  12:     140504 bytes,    1625128 total
[2024-02-25T00:36:24.052+0000][7][gc,age      ] GC(293) - age  13:     170544 bytes,    1795672 total
[2024-02-25T00:36:24.052+0000][7][gc,age      ] GC(293) - age  14:        216 bytes,    1795888 total
[2024-02-25T00:36:24.052+0000][7][gc,heap     ] GC(293) Eden regions: 152->0(152)
[2024-02-25T00:36:24.052+0000][7][gc,heap     ] GC(293) Survivor regions: 1->1(20)
[2024-02-25T00:36:24.052+0000][7][gc,heap     ] GC(293) Old regions: 25->25
[2024-02-25T00:36:24.052+0000][7][gc,heap     ] GC(293) Archive regions: 2->2
[2024-02-25T00:36:24.052+0000][7][gc,heap     ] GC(293) Humongous regions: 0->0
[2024-02-25T00:36:24.052+0000][7][gc,metaspace] GC(293) Metaspace: 128956K(132544K)->128956K(132544K) NonClass: 112108K(113984K)->112108K(113984K) Class: 16847K(18560K)->16847K(18560K)
[2024-02-25T00:36:24.052+0000][7][gc          ] GC(293) Pause Young (Normal) (G1 Evacuation Pause) 714M->105M(1024M) 3.124ms
[2024-02-25T00:36:24.052+0000][7][gc,cpu      ] GC(293) User=0.02s Sys=0.00s Real=0.00s
[2024-02-25T00:36:24.052+0000][7][safepoint   ] Safepoint "G1CollectForAllocation", Time since last: 48908012454 ns, Reaching safepoint: 69858 ns, At safepoint: 3228031 ns, Total: 3297889 ns
[2024-02-25T00:38:45.038+0000][7][gc,start    ] GC(294) Pause Young (Normal) (G1 Evacuation Pause)
[2024-02-25T00:38:45.038+0000][7][gc,task     ] GC(294) Using 8 workers of 8 for evacuation
[2024-02-25T00:38:45.038+0000][7][gc,age      ] GC(294) Desired survivor size 41943040 bytes, new threshold 15 (max threshold 15)
[2024-02-25T00:38:45.040+0000][7][gc,phases   ] GC(294)   Pre Evacuate Collection Set: 0.1ms
[2024-02-25T00:38:45.040+0000][7][gc,phases   ] GC(294)   Merge Heap Roots: 0.1ms
[2024-02-25T00:38:45.040+0000][7][gc,phases   ] GC(294)   Evacuate Collection Set: 1.1ms
[2024-02-25T00:38:45.040+0000][7][gc,phases   ] GC(294)   Post Evacuate Collection Set: 0.6ms
[2024-02-25T00:38:45.040+0000][7][gc,phases   ] GC(294)   Other: 0.1ms
[2024-02-25T00:38:45.040+0000][7][gc,age      ] GC(294) Age table with threshold 15 (max threshold 15)
[2024-02-25T00:38:45.040+0000][7][gc,age      ] GC(294) - age   1:    1186872 bytes,    1186872 total
[2024-02-25T00:38:45.040+0000][7][gc,age      ] GC(294) - age   2:       2944 bytes,    1189816 total
[2024-02-25T00:38:45.040+0000][7][gc,age      ] GC(294) - age   3:       1416 bytes,    1191232 total
[2024-02-25T00:38:45.040+0000][7][gc,age      ] GC(294) - age   4:       4296 bytes,    1195528 total
[2024-02-25T00:38:45.040+0000][7][gc,age      ] GC(294) - age   5:        600 bytes,    1196128 total
[2024-02-25T00:38:45.040+0000][7][gc,age      ] GC(294) - age   9:      17800 bytes,    1213928 total
[2024-02-25T00:38:45.040+0000][7][gc,age      ] GC(294) - age  10:       9616 bytes,    1223544 total
[2024-02-25T00:38:45.040+0000][7][gc,age      ] GC(294) - age  11:      44416 bytes,    1267960 total
[2024-02-25T00:38:45.040+0000][7][gc,age      ] GC(294) - age  12:     168240 bytes,    1436200 total
[2024-02-25T00:38:45.040+0000][7][gc,age      ] GC(294) - age  13:     140504 bytes,    1576704 total
[2024-02-25T00:38:45.040+0000][7][gc,age      ] GC(294) - age  14:     170544 bytes,    1747248 total
[2024-02-25T00:38:45.040+0000][7][gc,age      ] GC(294) - age  15:        216 bytes,    1747464 total
[2024-02-25T00:38:45.040+0000][7][gc,heap     ] GC(294) Eden regions: 152->0(152)
[2024-02-25T00:38:45.040+0000][7][gc,heap     ] GC(294) Survivor regions: 1->1(20)
[2024-02-25T00:38:45.040+0000][7][gc,heap     ] GC(294) Old regions: 25->25
[2024-02-25T00:38:45.040+0000][7][gc,heap     ] GC(294) Archive regions: 2->2
[2024-02-25T00:38:45.040+0000][7][gc,heap     ] GC(294) Humongous regions: 0->0
[2024-02-25T00:38:45.040+0000][7][gc,metaspace] GC(294) Metaspace: 128956K(132544K)->128956K(132544K) NonClass: 112108K(113984K)->112108K(113984K) Class: 16847K(18560K)->16847K(18560K)
[2024-02-25T00:38:45.040+0000][7][gc          ] GC(294) Pause Young (Normal) (G1 Evacuation Pause) 713M->105M(1024M) 2.075ms
[2024-02-25T00:38:45.040+0000][7][gc,cpu      ] GC(294) User=0.01s Sys=0.00s Real=0.00s
[2024-02-25T00:38:45.040+0000][7][safepoint   ] Safepoint "G1CollectForAllocation", Time since last: 140985903732 ns, Reaching safepoint: 58912 ns, At safepoint: 2144659 ns, Total: 2203571 ns
[2024-02-25T00:39:44.046+0000][7][safepoint   ] Safepoint "Cleanup", Time since last: 59005703470 ns, Reaching safepoint: 95431 ns, At safepoint: 8484 ns, Total: 103915 ns
[2024-02-25T00:41:00.064+0000][7][gc,start    ] GC(295) Pause Young (Normal) (G1 Evacuation Pause)
[2024-02-25T00:41:00.064+0000][7][gc,task     ] GC(295) Using 8 workers of 8 for evacuation
[2024-02-25T00:41:00.064+0000][7][gc,age      ] GC(295) Desired survivor size 41943040 bytes, new threshold 15 (max threshold 15)
[2024-02-25T00:41:00.066+0000][7][gc,phases   ] GC(295)   Pre Evacuate Collection Set: 0.1ms
[2024-02-25T00:41:00.066+0000][7][gc,phases   ] GC(295)   Merge Heap Roots: 0.1ms
[2024-02-25T00:41:00.066+0000][7][gc,phases   ] GC(295)   Evacuate Collection Set: 1.4ms
[2024-02-25T00:41:00.066+0000][7][gc,phases   ] GC(295)   Post Evacuate Collection Set: 0.7ms
[2024-02-25T00:41:00.066+0000][7][gc,phases   ] GC(295)   Other: 0.1ms
[2024-02-25T00:41:00.066+0000][7][gc,age      ] GC(295) Age table with threshold 15 (max threshold 15)
[2024-02-25T00:41:00.066+0000][7][gc,age      ] GC(295) - age   1:    1350208 bytes,    1350208 total
[2024-02-25T00:41:00.066+0000][7][gc,age      ] GC(295) - age   2:       1480 bytes,    1351688 total
[2024-02-25T00:41:00.066+0000][7][gc,age      ] GC(295) - age   3:       1056 bytes,    1352744 total
[2024-02-25T00:41:00.066+0000][7][gc,age      ] GC(295) - age   4:       1096 bytes,    1353840 total
[2024-02-25T00:41:00.066+0000][7][gc,age      ] GC(295) - age   5:        648 bytes,    1354488 total
[2024-02-25T00:41:00.066+0000][7][gc,age      ] GC(295) - age   6:        600 bytes,    1355088 total
[2024-02-25T00:41:00.066+0000][7][gc,age      ] GC(295) - age  10:      17800 bytes,    1372888 total
[2024-02-25T00:41:00.066+0000][7][gc,age      ] GC(295) - age  11:       9616 bytes,    1382504 total
[2024-02-25T00:41:00.066+0000][7][gc,age      ] GC(295) - age  12:      44416 bytes,    1426920 total
[2024-02-25T00:41:00.067+0000][7][gc,age      ] GC(295) - age  13:     168240 bytes,    1595160 total
[2024-02-25T00:41:00.067+0000][7][gc,age      ] GC(295) - age  14:     140504 bytes,    1735664 total
[2024-02-25T00:41:00.067+0000][7][gc,age      ] GC(295) - age  15:     170544 bytes,    1906208 total
[2024-02-25T00:41:00.067+0000][7][gc,heap     ] GC(295) Eden regions: 152->0(152)
[2024-02-25T00:41:00.067+0000][7][gc,heap     ] GC(295) Survivor regions: 1->1(20)
[2024-02-25T00:41:00.067+0000][7][gc,heap     ] GC(295) Old regions: 25->25
[2024-02-25T00:41:00.067+0000][7][gc,heap     ] GC(295) Archive regions: 2->2
[2024-02-25T00:41:00.067+0000][7][gc,heap     ] GC(295) Humongous regions: 0->0
[2024-02-25T00:41:00.067+0000][7][gc,metaspace] GC(295) Metaspace: 128956K(132544K)->128956K(132544K) NonClass: 112108K(113984K)->112108K(113984K) Class: 16847K(18560K)->16847K(18560K)
[2024-02-25T00:41:00.067+0000][7][gc          ] GC(295) Pause Young (Normal) (G1 Evacuation Pause) 713M->105M(1024M) 2.637ms
[2024-02-25T00:41:00.067+0000][7][gc,cpu      ] GC(295) User=0.01s Sys=0.00s Real=0.00s
[2024-02-25T00:41:00.067+0000][7][safepoint   ] Safepoint "G1CollectForAllocation", Time since last: 76017614109 ns, Reaching safepoint: 45932 ns, At safepoint: 2722779 ns, Total: 2768711 ns
[2024-02-25T00:41:10.068+0000][7][safepoint   ] Safepoint "Cleanup", Time since last: 10000937009 ns, Reaching safepoint: 71413 ns, At safepoint: 39704 ns, Total: 111117 ns
[2024-02-25T00:43:21.077+0000][7][gc,start    ] GC(296) Pause Young (Normal) (G1 Evacuation Pause)
[2024-02-25T00:43:21.077+0000][7][gc,task     ] GC(296) Using 8 workers of 8 for evacuation
[2024-02-25T00:43:21.077+0000][7][gc,age      ] GC(296) Desired survivor size 41943040 bytes, new threshold 15 (max threshold 15)
[2024-02-25T00:43:21.080+0000][7][gc,phases   ] GC(296)   Pre Evacuate Collection Set: 0.1ms
[2024-02-25T00:43:21.080+0000][7][gc,phases   ] GC(296)   Merge Heap Roots: 0.1ms
[2024-02-25T00:43:21.080+0000][7][gc,phases   ] GC(296)   Evacuate Collection Set: 1.3ms
[2024-02-25T00:43:21.080+0000][7][gc,phases   ] GC(296)   Post Evacuate Collection Set: 0.8ms
[2024-02-25T00:43:21.080+0000][7][gc,phases   ] GC(296)   Other: 0.1ms
[2024-02-25T00:43:21.080+0000][7][gc,age      ] GC(296) Age table with threshold 15 (max threshold 15)
[2024-02-25T00:43:21.080+0000][7][gc,age      ] GC(296) - age   1:     966944 bytes,     966944 total
[2024-02-25T00:43:21.080+0000][7][gc,age      ] GC(296) - age   2:      14200 bytes,     981144 total
[2024-02-25T00:43:21.080+0000][7][gc,age      ] GC(296) - age   3:         32 bytes,     981176 total
[2024-02-25T00:43:21.080+0000][7][gc,age      ] GC(296) - age   4:        808 bytes,     981984 total
[2024-02-25T00:43:21.080+0000][7][gc,age      ] GC(296) - age   5:        736 bytes,     982720 total
[2024-02-25T00:43:21.080+0000][7][gc,age      ] GC(296) - age   6:        520 bytes,     983240 total
[2024-02-25T00:43:21.080+0000][7][gc,age      ] GC(296) - age   7:        600 bytes,     983840 total
[2024-02-25T00:43:21.080+0000][7][gc,age      ] GC(296) - age  11:      17800 bytes,    1001640 total
[2024-02-25T00:43:21.080+0000][7][gc,age      ] GC(296) - age  12:       9616 bytes,    1011256 total
[2024-02-25T00:43:21.080+0000][7][gc,age      ] GC(296) - age  13:      44416 bytes,    1055672 total
[2024-02-25T00:43:21.080+0000][7][gc,age      ] GC(296) - age  14:     168240 bytes,    1223912 total
[2024-02-25T00:43:21.080+0000][7][gc,age      ] GC(296) - age  15:     140504 bytes,    1364416 total
[2024-02-25T00:43:21.080+0000][7][gc,heap     ] GC(296) Eden regions: 152->0(152)
[2024-02-25T00:43:21.080+0000][7][gc,heap     ] GC(296) Survivor regions: 1->1(20)
[2024-02-25T00:43:21.080+0000][7][gc,heap     ] GC(296) Old regions: 25->25
[2024-02-25T00:43:21.080+0000][7][gc,heap     ] GC(296) Archive regions: 2->2
[2024-02-25T00:43:21.080+0000][7][gc,heap     ] GC(296) Humongous regions: 0->0
[2024-02-25T00:43:21.080+0000][7][gc,metaspace] GC(296) Metaspace: 128956K(132544K)->128956K(132544K) NonClass: 112108K(113984K)->112108K(113984K) Class: 16847K(18560K)->16847K(18560K)
[2024-02-25T00:43:21.080+0000][7][gc          ] GC(296) Pause Young (Normal) (G1 Evacuation Pause) 713M->105M(1024M) 2.760ms
[2024-02-25T00:43:21.080+0000][7][gc,cpu      ] GC(296) User=0.02s Sys=0.00s Real=0.00s
[2024-02-25T00:43:21.080+0000][7][safepoint   ] Safepoint "G1CollectForAllocation", Time since last: 131009394359 ns, Reaching safepoint: 65585 ns, At safepoint: 2858088 ns, Total: 2923673 ns
[2024-02-25T00:45:33.494+0000][7][gc,start    ] GC(297) Pause Young (Normal) (G1 Evacuation Pause)
[2024-02-25T00:45:33.494+0000][7][gc,task     ] GC(297) Using 8 workers of 8 for evacuation
[2024-02-25T00:45:33.494+0000][7][gc,age      ] GC(297) Desired survivor size 41943040 bytes, new threshold 15 (max threshold 15)
[2024-02-25T00:45:33.496+0000][7][gc,phases   ] GC(297)   Pre Evacuate Collection Set: 0.1ms
[2024-02-25T00:45:33.496+0000][7][gc,phases   ] GC(297)   Merge Heap Roots: 0.1ms
[2024-02-25T00:45:33.496+0000][7][gc,phases   ] GC(297)   Evacuate Collection Set: 1.2ms
[2024-02-25T00:45:33.496+0000][7][gc,phases   ] GC(297)   Post Evacuate Collection Set: 0.7ms
[2024-02-25T00:45:33.496+0000][7][gc,phases   ] GC(297)   Other: 0.1ms
[2024-02-25T00:45:33.496+0000][7][gc,age      ] GC(297) Age table with threshold 15 (max threshold 15)
[2024-02-25T00:45:33.496+0000][7][gc,age      ] GC(297) - age   1:     885168 bytes,     885168 total
[2024-02-25T00:45:33.496+0000][7][gc,age      ] GC(297) - age   2:       1832 bytes,     887000 total
[2024-02-25T00:45:33.496+0000][7][gc,age      ] GC(297) - age   3:      11952 bytes,     898952 total
[2024-02-25T00:45:33.496+0000][7][gc,age      ] GC(297) - age   5:        744 bytes,     899696 total
[2024-02-25T00:45:33.496+0000][7][gc,age      ] GC(297) - age   6:        456 bytes,     900152 total
[2024-02-25T00:45:33.496+0000][7][gc,age      ] GC(297) - age   8:        216 bytes,     900368 total
[2024-02-25T00:45:33.496+0000][7][gc,age      ] GC(297) - age  12:      17800 bytes,     918168 total
[2024-02-25T00:45:33.496+0000][7][gc,age      ] GC(297) - age  13:       9616 bytes,     927784 total
[2024-02-25T00:45:33.496+0000][7][gc,age      ] GC(297) - age  14:      44416 bytes,     972200 total
[2024-02-25T00:45:33.496+0000][7][gc,age      ] GC(297) - age  15:     168240 bytes,    1140440 total
[2024-02-25T00:45:33.496+0000][7][gc,heap     ] GC(297) Eden regions: 152->0(152)
[2024-02-25T00:45:33.496+0000][7][gc,heap     ] GC(297) Survivor regions: 1->1(20)
[2024-02-25T00:45:33.496+0000][7][gc,heap     ] GC(297) Old regions: 25->25
[2024-02-25T00:45:33.496+0000][7][gc,heap     ] GC(297) Archive regions: 2->2
[2024-02-25T00:45:33.496+0000][7][gc,heap     ] GC(297) Humongous regions: 0->0
[2024-02-25T00:45:33.496+0000][7][gc,metaspace] GC(297) Metaspace: 128956K(132544K)->128956K(132544K) NonClass: 112108K(113984K)->112108K(113984K) Class: 16847K(18560K)->16847K(18560K)
[2024-02-25T00:45:33.496+0000][7][gc          ] GC(297) Pause Young (Normal) (G1 Evacuation Pause) 713M->105M(1024M) 2.394ms
[2024-02-25T00:45:33.496+0000][7][gc,cpu      ] GC(297) User=0.01s Sys=0.00s Real=0.01s
[2024-02-25T00:45:33.496+0000][7][safepoint   ] Safepoint "G1CollectForAllocation", Time since last: 132413418588 ns, Reaching safepoint: 73137 ns, At safepoint: 2484370 ns, Total: 2557507 ns
[2024-02-25T00:47:48.960+0000][7][gc,start    ] GC(298) Pause Young (Normal) (G1 Evacuation Pause)
[2024-02-25T00:47:48.960+0000][7][gc,task     ] GC(298) Using 8 workers of 8 for evacuation
[2024-02-25T00:47:48.960+0000][7][gc,age      ] GC(298) Desired survivor size 41943040 bytes, new threshold 15 (max threshold 15)
[2024-02-25T00:47:48.962+0000][7][gc,phases   ] GC(298)   Pre Evacuate Collection Set: 0.1ms
[2024-02-25T00:47:48.962+0000][7][gc,phases   ] GC(298)   Merge Heap Roots: 0.1ms
[2024-02-25T00:47:48.962+0000][7][gc,phases   ] GC(298)   Evacuate Collection Set: 1.5ms
[2024-02-25T00:47:48.962+0000][7][gc,phases   ] GC(298)   Post Evacuate Collection Set: 0.8ms
[2024-02-25T00:47:48.962+0000][7][gc,phases   ] GC(298)   Other: 0.1ms
[2024-02-25T00:47:48.963+0000][7][gc,age      ] GC(298) Age table with threshold 15 (max threshold 15)
[2024-02-25T00:47:48.963+0000][7][gc,age      ] GC(298) - age   1:    1587472 bytes,    1587472 total
[2024-02-25T00:47:48.963+0000][7][gc,age      ] GC(298) - age   2:       4384 bytes,    1591856 total
[2024-02-25T00:47:48.963+0000][7][gc,age      ] GC(298) - age   3:        256 bytes,    1592112 total
[2024-02-25T00:47:48.963+0000][7][gc,age      ] GC(298) - age   4:      11656 bytes,    1603768 total
[2024-02-25T00:47:48.963+0000][7][gc,age      ] GC(298) - age   7:        272 bytes,    1604040 total
[2024-02-25T00:47:48.963+0000][7][gc,age      ] GC(298) - age   9:        184 bytes,    1604224 total
[2024-02-25T00:47:48.963+0000][7][gc,age      ] GC(298) - age  13:      17800 bytes,    1622024 total
[2024-02-25T00:47:48.963+0000][7][gc,age      ] GC(298) - age  14:       9616 bytes,    1631640 total
[2024-02-25T00:47:48.963+0000][7][gc,age      ] GC(298) - age  15:      44416 bytes,    1676056 total
[2024-02-25T00:47:48.963+0000][7][gc,heap     ] GC(298) Eden regions: 152->0(152)
[2024-02-25T00:47:48.963+0000][7][gc,heap     ] GC(298) Survivor regions: 1->1(20)
[2024-02-25T00:47:48.963+0000][7][gc,heap     ] GC(298) Old regions: 25->26
[2024-02-25T00:47:48.963+0000][7][gc,heap     ] GC(298) Archive regions: 2->2
[2024-02-25T00:47:48.963+0000][7][gc,heap     ] GC(298) Humongous regions: 0->0
[2024-02-25T00:47:48.963+0000][7][gc,metaspace] GC(298) Metaspace: 128958K(132544K)->128958K(132544K) NonClass: 112110K(113984K)->112110K(113984K) Class: 16847K(18560K)->16847K(18560K)
[2024-02-25T00:47:48.963+0000][7][gc          ] GC(298) Pause Young (Normal) (G1 Evacuation Pause) 713M->105M(1024M) 2.930ms
[2024-02-25T00:47:48.963+0000][7][gc,cpu      ] GC(298) User=0.02s Sys=0.00s Real=0.01s
[2024-02-25T00:47:48.963+0000][7][safepoint   ] Safepoint "G1CollectForAllocation", Time since last: 135463647143 ns, Reaching safepoint: 37710 ns, At safepoint: 3021510 ns, Total: 3059220 ns
[2024-02-25T00:50:09.111+0000][7][gc,start    ] GC(299) Pause Young (Normal) (G1 Evacuation Pause)
[2024-02-25T00:50:09.111+0000][7][gc,task     ] GC(299) Using 8 workers of 8 for evacuation
[2024-02-25T00:50:09.111+0000][7][gc,age      ] GC(299) Desired survivor size 41943040 bytes, new threshold 15 (max threshold 15)
[2024-02-25T00:50:09.114+0000][7][gc,phases   ] GC(299)   Pre Evacuate Collection Set: 0.1ms
[2024-02-25T00:50:09.114+0000][7][gc,phases   ] GC(299)   Merge Heap Roots: 0.1ms
[2024-02-25T00:50:09.114+0000][7][gc,phases   ] GC(299)   Evacuate Collection Set: 1.7ms
[2024-02-25T00:50:09.114+0000][7][gc,phases   ] GC(299)   Post Evacuate Collection Set: 1.2ms
[2024-02-25T00:50:09.114+0000][7][gc,phases   ] GC(299)   Other: 0.1ms
[2024-02-25T00:50:09.114+0000][7][gc,age      ] GC(299) Age table with threshold 15 (max threshold 15)
[2024-02-25T00:50:09.114+0000][7][gc,age      ] GC(299) - age   1:     522064 bytes,     522064 total
[2024-02-25T00:50:09.114+0000][7][gc,age      ] GC(299) - age   2:       4016 bytes,     526080 total
[2024-02-25T00:50:09.114+0000][7][gc,age      ] GC(299) - age   3:       1448 bytes,     527528 total
[2024-02-25T00:50:09.114+0000][7][gc,age      ] GC(299) - age   4:        192 bytes,     527720 total
[2024-02-25T00:50:09.114+0000][7][gc,age      ] GC(299) - age   5:       8200 bytes,     535920 total
[2024-02-25T00:50:09.114+0000][7][gc,age      ] GC(299) - age   8:        272 bytes,     536192 total
[2024-02-25T00:50:09.114+0000][7][gc,age      ] GC(299) - age  10:        184 bytes,     536376 total
[2024-02-25T00:50:09.114+0000][7][gc,age      ] GC(299) - age  14:      17616 bytes,     553992 total
[2024-02-25T00:50:09.114+0000][7][gc,age      ] GC(299) - age  15:       9616 bytes,     563608 total
[2024-02-25T00:50:09.114+0000][7][gc,heap     ] GC(299) Eden regions: 152->0(152)
[2024-02-25T00:50:09.114+0000][7][gc,heap     ] GC(299) Survivor regions: 1->1(20)
[2024-02-25T00:50:09.114+0000][7][gc,heap     ] GC(299) Old regions: 26->26
[2024-02-25T00:50:09.114+0000][7][gc,heap     ] GC(299) Archive regions: 2->2
[2024-02-25T00:50:09.114+0000][7][gc,heap     ] GC(299) Humongous regions: 0->0
[2024-02-25T00:50:09.114+0000][7][gc,metaspace] GC(299) Metaspace: 128958K(132544K)->128958K(132544K) NonClass: 112110K(113984K)->112110K(113984K) Class: 16847K(18560K)->16847K(18560K)
[2024-02-25T00:50:09.114+0000][7][gc          ] GC(299) Pause Young (Normal) (G1 Evacuation Pause) 713M->104M(1024M) 3.401ms
[2024-02-25T00:50:09.114+0000][7][gc,cpu      ] GC(299) User=0.01s Sys=0.01s Real=0.01s
[2024-02-25T00:50:09.114+0000][7][safepoint   ] Safepoint "G1CollectForAllocation", Time since last: 140148202896 ns, Reaching safepoint: 60412 ns, At safepoint: 3489215 ns, Total: 3549627 ns
[2024-02-25T00:50:36.118+0000][7][safepoint   ] Safepoint "Cleanup", Time since last: 27003173813 ns, Reaching safepoint: 91485 ns, At safepoint: 10034 ns, Total: 101519 ns
[2024-02-25T00:52:25.169+0000][7][gc,start    ] GC(300) Pause Young (Normal) (G1 Evacuation Pause)
[2024-02-25T00:52:25.169+0000][7][gc,task     ] GC(300) Using 8 workers of 8 for evacuation
[2024-02-25T00:52:25.169+0000][7][gc,age      ] GC(300) Desired survivor size 41943040 bytes, new threshold 15 (max threshold 15)
[2024-02-25T00:52:25.171+0000][7][gc,phases   ] GC(300)   Pre Evacuate Collection Set: 0.1ms
[2024-02-25T00:52:25.171+0000][7][gc,phases   ] GC(300)   Merge Heap Roots: 0.0ms
[2024-02-25T00:52:25.171+0000][7][gc,phases   ] GC(300)   Evacuate Collection Set: 0.9ms
[2024-02-25T00:52:25.171+0000][7][gc,phases   ] GC(300)   Post Evacuate Collection Set: 0.5ms
[2024-02-25T00:52:25.171+0000][7][gc,phases   ] GC(300)   Other: 0.1ms
[2024-02-25T00:52:25.171+0000][7][gc,age      ] GC(300) Age table with threshold 15 (max threshold 15)
[2024-02-25T00:52:25.171+0000][7][gc,age      ] GC(300) - age   1:    1599632 bytes,    1599632 total
[2024-02-25T00:52:25.171+0000][7][gc,age      ] GC(300) - age   2:       5128 bytes,    1604760 total
[2024-02-25T00:52:25.171+0000][7][gc,age      ] GC(300) - age   3:       1296 bytes,    1606056 total
[2024-02-25T00:52:25.171+0000][7][gc,age      ] GC(300) - age   4:       1448 bytes,    1607504 total
[2024-02-25T00:52:25.171+0000][7][gc,age      ] GC(300) - age   5:        192 bytes,    1607696 total
[2024-02-25T00:52:25.171+0000][7][gc,age      ] GC(300) - age   6:       8200 bytes,    1615896 total
[2024-02-25T00:52:25.171+0000][7][gc,age      ] GC(300) - age   9:         88 bytes,    1615984 total
[2024-02-25T00:52:25.171+0000][7][gc,age      ] GC(300) - age  11:        184 bytes,    1616168 total
[2024-02-25T00:52:25.171+0000][7][gc,age      ] GC(300) - age  15:      17616 bytes,    1633784 total
[2024-02-25T00:52:25.171+0000][7][gc,heap     ] GC(300) Eden regions: 152->0(152)
[2024-02-25T00:52:25.171+0000][7][gc,heap     ] GC(300) Survivor regions: 1->1(20)
[2024-02-25T00:52:25.171+0000][7][gc,heap     ] GC(300) Old regions: 26->26
[2024-02-25T00:52:25.171+0000][7][gc,heap     ] GC(300) Archive regions: 2->2
[2024-02-25T00:52:25.171+0000][7][gc,heap     ] GC(300) Humongous regions: 0->0
[2024-02-25T00:52:25.171+0000][7][gc,metaspace] GC(300) Metaspace: 128958K(132544K)->128958K(132544K) NonClass: 112110K(113984K)->112110K(113984K) Class: 16847K(18560K)->16847K(18560K)
[2024-02-25T00:52:25.171+0000][7][gc          ] GC(300) Pause Young (Normal) (G1 Evacuation Pause) 712M->105M(1024M) 1.803ms
[2024-02-25T00:52:25.171+0000][7][gc,cpu      ] GC(300) User=0.00s Sys=0.01s Real=0.00s
[2024-02-25T00:52:25.171+0000][7][safepoint   ] Safepoint "G1CollectForAllocation", Time since last: 109051046929 ns, Reaching safepoint: 29212 ns, At safepoint: 1867084 ns, Total: 1896296 ns
[2024-02-25T00:54:42.351+0000][7][gc,start    ] GC(301) Pause Young (Normal) (G1 Evacuation Pause)
[2024-02-25T00:54:42.351+0000][7][gc,task     ] GC(301) Using 8 workers of 8 for evacuation
[2024-02-25T00:54:42.351+0000][7][gc,age      ] GC(301) Desired survivor size 41943040 bytes, new threshold 15 (max threshold 15)
[2024-02-25T00:54:42.352+0000][7][gc,phases   ] GC(301)   Pre Evacuate Collection Set: 0.1ms
[2024-02-25T00:54:42.352+0000][7][gc,phases   ] GC(301)   Merge Heap Roots: 0.1ms
[2024-02-25T00:54:42.352+0000][7][gc,phases   ] GC(301)   Evacuate Collection Set: 1.0ms
[2024-02-25T00:54:42.352+0000][7][gc,phases   ] GC(301)   Post Evacuate Collection Set: 0.5ms
[2024-02-25T00:54:42.352+0000][7][gc,phases   ] GC(301)   Other: 0.1ms
[2024-02-25T00:54:42.352+0000][7][gc,age      ] GC(301) Age table with threshold 15 (max threshold 15)
[2024-02-25T00:54:42.352+0000][7][gc,age      ] GC(301) - age   1:    1856848 bytes,    1856848 total
[2024-02-25T00:54:42.352+0000][7][gc,age      ] GC(301) - age   2:       2704 bytes,    1859552 total
[2024-02-25T00:54:42.352+0000][7][gc,age      ] GC(301) - age   3:       3800 bytes,    1863352 total
[2024-02-25T00:54:42.352+0000][7][gc,age      ] GC(301) - age   4:        936 bytes,    1864288 total
[2024-02-25T00:54:42.352+0000][7][gc,age      ] GC(301) - age   5:       1256 bytes,    1865544 total
[2024-02-25T00:54:42.352+0000][7][gc,age      ] GC(301) - age   7:       8200 bytes,    1873744 total
[2024-02-25T00:54:42.352+0000][7][gc,age      ] GC(301) - age  10:         88 bytes,    1873832 total
[2024-02-25T00:54:42.352+0000][7][gc,heap     ] GC(301) Eden regions: 152->0(152)
[2024-02-25T00:54:42.352+0000][7][gc,heap     ] GC(301) Survivor regions: 1->1(20)
[2024-02-25T00:54:42.352+0000][7][gc,heap     ] GC(301) Old regions: 26->26
[2024-02-25T00:54:42.352+0000][7][gc,heap     ] GC(301) Archive regions: 2->2
[2024-02-25T00:54:42.352+0000][7][gc,heap     ] GC(301) Humongous regions: 0->0
[2024-02-25T00:54:42.352+0000][7][gc,metaspace] GC(301) Metaspace: 128958K(132544K)->128958K(132544K) NonClass: 112110K(113984K)->112110K(113984K) Class: 16847K(18560K)->16847K(18560K)
[2024-02-25T00:54:42.352+0000][7][gc          ] GC(301) Pause Young (Normal) (G1 Evacuation Pause) 713M->105M(1024M) 1.911ms
[2024-02-25T00:54:42.352+0000][7][gc,cpu      ] GC(301) User=0.00s Sys=0.00s Real=0.00s
[2024-02-25T00:54:42.352+0000][7][safepoint   ] Safepoint "G1CollectForAllocation", Time since last: 137179793859 ns, Reaching safepoint: 47871 ns, At safepoint: 1974559 ns, Total: 2022430 ns
[2024-02-25T00:57:00.244+0000][7][gc,start    ] GC(302) Pause Young (Normal) (G1 Evacuation Pause)
[2024-02-25T00:57:00.244+0000][7][gc,task     ] GC(302) Using 8 workers of 8 for evacuation
[2024-02-25T00:57:00.244+0000][7][gc,age      ] GC(302) Desired survivor size 41943040 bytes, new threshold 15 (max threshold 15)
[2024-02-25T00:57:00.246+0000][7][gc,phases   ] GC(302)   Pre Evacuate Collection Set: 0.1ms
[2024-02-25T00:57:00.246+0000][7][gc,phases   ] GC(302)   Merge Heap Roots: 0.0ms
[2024-02-25T00:57:00.246+0000][7][gc,phases   ] GC(302)   Evacuate Collection Set: 1.2ms
[2024-02-25T00:57:00.246+0000][7][gc,phases   ] GC(302)   Post Evacuate Collection Set: 0.6ms
[2024-02-25T00:57:00.246+0000][7][gc,phases   ] GC(302)   Other: 0.1ms
[2024-02-25T00:57:00.246+0000][7][gc,age      ] GC(302) Age table with threshold 15 (max threshold 15)
[2024-02-25T00:57:00.246+0000][7][gc,age      ] GC(302) - age   1:    2219368 bytes,    2219368 total
[2024-02-25T00:57:00.246+0000][7][gc,age      ] GC(302) - age   2:       3080 bytes,    2222448 total
[2024-02-25T00:57:00.246+0000][7][gc,age      ] GC(302) - age   3:        536 bytes,    2222984 total
[2024-02-25T00:57:00.246+0000][7][gc,age      ] GC(302) - age   4:       3736 bytes,    2226720 total
[2024-02-25T00:57:00.246+0000][7][gc,age      ] GC(302) - age   5:        184 bytes,    2226904 total
[2024-02-25T00:57:00.246+0000][7][gc,age      ] GC(302) - age   6:        960 bytes,    2227864 total
[2024-02-25T00:57:00.246+0000][7][gc,age      ] GC(302) - age   8:       8200 bytes,    2236064 total
[2024-02-25T00:57:00.246+0000][7][gc,age      ] GC(302) - age  11:         88 bytes,    2236152 total
[2024-02-25T00:57:00.246+0000][7][gc,heap     ] GC(302) Eden regions: 152->0(152)
[2024-02-25T00:57:00.246+0000][7][gc,heap     ] GC(302) Survivor regions: 1->1(20)
[2024-02-25T00:57:00.246+0000][7][gc,heap     ] GC(302) Old regions: 26->26
[2024-02-25T00:57:00.246+0000][7][gc,heap     ] GC(302) Archive regions: 2->2
[2024-02-25T00:57:00.246+0000][7][gc,heap     ] GC(302) Humongous regions: 0->0
[2024-02-25T00:57:00.246+0000][7][gc,metaspace] GC(302) Metaspace: 128960K(132544K)->128960K(132544K) NonClass: 112112K(113984K)->112112K(113984K) Class: 16847K(18560K)->16847K(18560K)
[2024-02-25T00:57:00.246+0000][7][gc          ] GC(302) Pause Young (Normal) (G1 Evacuation Pause) 713M->106M(1024M) 2.257ms
[2024-02-25T00:57:00.246+0000][7][gc,cpu      ] GC(302) User=0.00s Sys=0.00s Real=0.00s
[2024-02-25T00:57:00.246+0000][7][safepoint   ] Safepoint "G1CollectForAllocation", Time since last: 137891227145 ns, Reaching safepoint: 37883 ns, At safepoint: 2330260 ns, Total: 2368143 ns
[2024-02-25T00:59:18.584+0000][7][gc,start    ] GC(303) Pause Young (Normal) (G1 Evacuation Pause)
[2024-02-25T00:59:18.584+0000][7][gc,task     ] GC(303) Using 8 workers of 8 for evacuation
[2024-02-25T00:59:18.584+0000][7][gc,age      ] GC(303) Desired survivor size 41943040 bytes, new threshold 15 (max threshold 15)
[2024-02-25T00:59:18.586+0000][7][gc,phases   ] GC(303)   Pre Evacuate Collection Set: 0.1ms
[2024-02-25T00:59:18.586+0000][7][gc,phases   ] GC(303)   Merge Heap Roots: 0.1ms
[2024-02-25T00:59:18.586+0000][7][gc,phases   ] GC(303)   Evacuate Collection Set: 1.0ms
[2024-02-25T00:59:18.586+0000][7][gc,phases   ] GC(303)   Post Evacuate Collection Set: 0.6ms
[2024-02-25T00:59:18.586+0000][7][gc,phases   ] GC(303)   Other: 0.1ms
[2024-02-25T00:59:18.586+0000][7][gc,age      ] GC(303) Age table with threshold 15 (max threshold 15)
[2024-02-25T00:59:18.586+0000][7][gc,age      ] GC(303) - age   1:    1859296 bytes,    1859296 total
[2024-02-25T00:59:18.586+0000][7][gc,age      ] GC(303) - age   2:       7344 bytes,    1866640 total
[2024-02-25T00:59:18.586+0000][7][gc,age      ] GC(303) - age   3:        800 bytes,    1867440 total
[2024-02-25T00:59:18.586+0000][7][gc,age      ] GC(303) - age   4:        536 bytes,    1867976 total
[2024-02-25T00:59:18.586+0000][7][gc,age      ] GC(303) - age   5:       3520 bytes,    1871496 total
[2024-02-25T00:59:18.586+0000][7][gc,age      ] GC(303) - age   6:        184 bytes,    1871680 total
[2024-02-25T00:59:18.586+0000][7][gc,age      ] GC(303) - age   7:        960 bytes,    1872640 total
[2024-02-25T00:59:18.586+0000][7][gc,age      ] GC(303) - age   9:        184 bytes,    1872824 total
[2024-02-25T00:59:18.586+0000][7][gc,age      ] GC(303) - age  12:         88 bytes,    1872912 total
[2024-02-25T00:59:18.586+0000][7][gc,heap     ] GC(303) Eden regions: 152->0(152)
[2024-02-25T00:59:18.586+0000][7][gc,heap     ] GC(303) Survivor regions: 1->1(20)
[2024-02-25T00:59:18.586+0000][7][gc,heap     ] GC(303) Old regions: 26->26
[2024-02-25T00:59:18.586+0000][7][gc,heap     ] GC(303) Archive regions: 2->2
[2024-02-25T00:59:18.586+0000][7][gc,heap     ] GC(303) Humongous regions: 0->0
[2024-02-25T00:59:18.586+0000][7][gc,metaspace] GC(303) Metaspace: 128960K(132544K)->128960K(132544K) NonClass: 112112K(113984K)->112112K(113984K) Class: 16847K(18560K)->16847K(18560K)
[2024-02-25T00:59:18.586+0000][7][gc          ] GC(303) Pause Young (Normal) (G1 Evacuation Pause) 714M->105M(1024M) 2.004ms
[2024-02-25T00:59:18.586+0000][7][gc,cpu      ] GC(303) User=0.01s Sys=0.00s Real=0.00s
[2024-02-25T00:59:18.586+0000][7][safepoint   ] Safepoint "G1CollectForAllocation", Time since last: 138338301186 ns, Reaching safepoint: 39446 ns, At safepoint: 2077215 ns, Total: 2116661 ns
[2024-02-25T01:01:36.978+0000][7][gc,start    ] GC(304) Pause Young (Normal) (G1 Evacuation Pause)
[2024-02-25T01:01:36.978+0000][7][gc,task     ] GC(304) Using 8 workers of 8 for evacuation
[2024-02-25T01:01:36.978+0000][7][gc,age      ] GC(304) Desired survivor size 41943040 bytes, new threshold 15 (max threshold 15)
[2024-02-25T01:01:36.981+0000][7][gc,phases   ] GC(304)   Pre Evacuate Collection Set: 0.1ms
[2024-02-25T01:01:36.981+0000][7][gc,phases   ] GC(304)   Merge Heap Roots: 0.1ms
[2024-02-25T01:01:36.981+0000][7][gc,phases   ] GC(304)   Evacuate Collection Set: 2.0ms
[2024-02-25T01:01:36.981+0000][7][gc,phases   ] GC(304)   Post Evacuate Collection Set: 0.9ms
[2024-02-25T01:01:36.981+0000][7][gc,phases   ] GC(304)   Other: 0.1ms
[2024-02-25T01:01:36.981+0000][7][gc,age      ] GC(304) Age table with threshold 15 (max threshold 15)
[2024-02-25T01:01:36.981+0000][7][gc,age      ] GC(304) - age   1:    2064112 bytes,    2064112 total
[2024-02-25T01:01:36.981+0000][7][gc,age      ] GC(304) - age   2:       2624 bytes,    2066736 total
[2024-02-25T01:01:36.981+0000][7][gc,age      ] GC(304) - age   3:       5040 bytes,    2071776 total
[2024-02-25T01:01:36.981+0000][7][gc,age      ] GC(304) - age   4:        216 bytes,    2071992 total
[2024-02-25T01:01:36.981+0000][7][gc,age      ] GC(304) - age   5:        288 bytes,    2072280 total
[2024-02-25T01:01:36.981+0000][7][gc,age      ] GC(304) - age   6:         64 bytes,    2072344 total
[2024-02-25T01:01:36.981+0000][7][gc,age      ] GC(304) - age   7:        184 bytes,    2072528 total
[2024-02-25T01:01:36.981+0000][7][gc,age      ] GC(304) - age   8:        568 bytes,    2073096 total
[2024-02-25T01:01:36.981+0000][7][gc,age      ] GC(304) - age  10:        184 bytes,    2073280 total
[2024-02-25T01:01:36.981+0000][7][gc,age      ] GC(304) - age  13:         88 bytes,    2073368 total
[2024-02-25T01:01:36.981+0000][7][gc,heap     ] GC(304) Eden regions: 152->0(152)
[2024-02-25T01:01:36.981+0000][7][gc,heap     ] GC(304) Survivor regions: 1->1(20)
[2024-02-25T01:01:36.981+0000][7][gc,heap     ] GC(304) Old regions: 26->26
[2024-02-25T01:01:36.981+0000][7][gc,heap     ] GC(304) Archive regions: 2->2
[2024-02-25T01:01:36.981+0000][7][gc,heap     ] GC(304) Humongous regions: 0->0
[2024-02-25T01:01:36.981+0000][7][gc,metaspace] GC(304) Metaspace: 128960K(132544K)->128960K(132544K) NonClass: 112112K(113984K)->112112K(113984K) Class: 16847K(18560K)->16847K(18560K)
[2024-02-25T01:01:36.982+0000][7][gc          ] GC(304) Pause Young (Normal) (G1 Evacuation Pause) 713M->106M(1024M) 3.621ms
[2024-02-25T01:01:36.982+0000][7][gc,cpu      ] GC(304) User=0.01s Sys=0.01s Real=0.00s
[2024-02-25T01:01:36.982+0000][7][safepoint   ] Safepoint "G1CollectForAllocation", Time since last: 138391308384 ns, Reaching safepoint: 54816 ns, At safepoint: 3733611 ns, Total: 3788427 ns
[2024-02-25T01:03:54.125+0000][7][gc,start    ] GC(305) Pause Young (Normal) (G1 Evacuation Pause)
[2024-02-25T01:03:54.126+0000][7][gc,task     ] GC(305) Using 8 workers of 8 for evacuation
[2024-02-25T01:03:54.126+0000][7][gc,age      ] GC(305) Desired survivor size 41943040 bytes, new threshold 15 (max threshold 15)
[2024-02-25T01:03:54.129+0000][7][gc,phases   ] GC(305)   Pre Evacuate Collection Set: 0.1ms
[2024-02-25T01:03:54.129+0000][7][gc,phases   ] GC(305)   Merge Heap Roots: 0.1ms
[2024-02-25T01:03:54.129+0000][7][gc,phases   ] GC(305)   Evacuate Collection Set: 2.0ms
[2024-02-25T01:03:54.129+0000][7][gc,phases   ] GC(305)   Post Evacuate Collection Set: 1.1ms
[2024-02-25T01:03:54.129+0000][7][gc,phases   ] GC(305)   Other: 0.1ms
[2024-02-25T01:03:54.129+0000][7][gc,age      ] GC(305) Age table with threshold 15 (max threshold 15)
[2024-02-25T01:03:54.129+0000][7][gc,age      ] GC(305) - age   1:    1753664 bytes,    1753664 total
[2024-02-25T01:03:54.129+0000][7][gc,age      ] GC(305) - age   2:     241128 bytes,    1994792 total
[2024-02-25T01:03:54.129+0000][7][gc,age      ] GC(305) - age   3:        320 bytes,    1995112 total
[2024-02-25T01:03:54.129+0000][7][gc,age      ] GC(305) - age   4:       4464 bytes,    1999576 total
[2024-02-25T01:03:54.129+0000][7][gc,age      ] GC(305) - age   6:        224 bytes,    1999800 total
[2024-02-25T01:03:54.129+0000][7][gc,age      ] GC(305) - age   7:         64 bytes,    1999864 total
[2024-02-25T01:03:54.129+0000][7][gc,age      ] GC(305) - age   8:        184 bytes,    2000048 total
[2024-02-25T01:03:54.129+0000][7][gc,age      ] GC(305) - age   9:        568 bytes,    2000616 total
[2024-02-25T01:03:54.129+0000][7][gc,age      ] GC(305) - age  11:        184 bytes,    2000800 total
[2024-02-25T01:03:54.129+0000][7][gc,heap     ] GC(305) Eden regions: 152->0(152)
[2024-02-25T01:03:54.129+0000][7][gc,heap     ] GC(305) Survivor regions: 1->1(20)
[2024-02-25T01:03:54.129+0000][7][gc,heap     ] GC(305) Old regions: 26->26
[2024-02-25T01:03:54.129+0000][7][gc,heap     ] GC(305) Archive regions: 2->2
[2024-02-25T01:03:54.129+0000][7][gc,heap     ] GC(305) Humongous regions: 0->0
[2024-02-25T01:03:54.129+0000][7][gc,metaspace] GC(305) Metaspace: 128962K(132544K)->128962K(132544K) NonClass: 112114K(113984K)->112114K(113984K) Class: 16847K(18560K)->16847K(18560K)
[2024-02-25T01:03:54.129+0000][7][gc          ] GC(305) Pause Young (Normal) (G1 Evacuation Pause) 714M->106M(1024M) 3.774ms
[2024-02-25T01:03:54.129+0000][7][gc,cpu      ] GC(305) User=0.02s Sys=0.00s Real=0.00s
[2024-02-25T01:03:54.129+0000][7][safepoint   ] Safepoint "G1CollectForAllocation", Time since last: 137143780451 ns, Reaching safepoint: 86147 ns, At safepoint: 3875223 ns, Total: 3961370 ns
[2024-02-25T01:06:09.964+0000][7][gc,start    ] GC(306) Pause Young (Normal) (G1 Evacuation Pause)
[2024-02-25T01:06:09.964+0000][7][gc,task     ] GC(306) Using 8 workers of 8 for evacuation
[2024-02-25T01:06:09.964+0000][7][gc,age      ] GC(306) Desired survivor size 41943040 bytes, new threshold 15 (max threshold 15)
[2024-02-25T01:06:09.966+0000][7][gc,phases   ] GC(306)   Pre Evacuate Collection Set: 0.1ms
[2024-02-25T01:06:09.966+0000][7][gc,phases   ] GC(306)   Merge Heap Roots: 0.0ms
[2024-02-25T01:06:09.966+0000][7][gc,phases   ] GC(306)   Evacuate Collection Set: 1.0ms
[2024-02-25T01:06:09.966+0000][7][gc,phases   ] GC(306)   Post Evacuate Collection Set: 0.5ms
[2024-02-25T01:06:09.966+0000][7][gc,phases   ] GC(306)   Other: 0.1ms
[2024-02-25T01:06:09.966+0000][7][gc,age      ] GC(306) Age table with threshold 15 (max threshold 15)
[2024-02-25T01:06:09.966+0000][7][gc,age      ] GC(306) - age   1:    1256736 bytes,    1256736 total
[2024-02-25T01:06:09.966+0000][7][gc,age      ] GC(306) - age   2:     144640 bytes,    1401376 total
[2024-02-25T01:06:09.966+0000][7][gc,age      ] GC(306) - age   3:     121032 bytes,    1522408 total
[2024-02-25T01:06:09.966+0000][7][gc,age      ] GC(306) - age   4:         64 bytes,    1522472 total
[2024-02-25T01:06:09.966+0000][7][gc,age      ] GC(306) - age   5:       3720 bytes,    1526192 total
[2024-02-25T01:06:09.966+0000][7][gc,age      ] GC(306) - age   7:        224 bytes,    1526416 total
[2024-02-25T01:06:09.966+0000][7][gc,age      ] GC(306) - age   9:        184 bytes,    1526600 total
[2024-02-25T01:06:09.966+0000][7][gc,age      ] GC(306) - age  10:        184 bytes,    1526784 total
[2024-02-25T01:06:09.966+0000][7][gc,heap     ] GC(306) Eden regions: 152->0(152)
[2024-02-25T01:06:09.966+0000][7][gc,heap     ] GC(306) Survivor regions: 1->1(20)
[2024-02-25T01:06:09.966+0000][7][gc,heap     ] GC(306) Old regions: 26->26
[2024-02-25T01:06:09.966+0000][7][gc,heap     ] GC(306) Archive regions: 2->2
[2024-02-25T01:06:09.966+0000][7][gc,heap     ] GC(306) Humongous regions: 0->0
[2024-02-25T01:06:09.966+0000][7][gc,metaspace] GC(306) Metaspace: 128965K(132544K)->128965K(132544K) NonClass: 112117K(113984K)->112117K(113984K) Class: 16847K(18560K)->16847K(18560K)
[2024-02-25T01:06:09.966+0000][7][gc          ] GC(306) Pause Young (Normal) (G1 Evacuation Pause) 714M->105M(1024M) 1.840ms
[2024-02-25T01:06:09.966+0000][7][gc,cpu      ] GC(306) User=0.01s Sys=0.00s Real=0.00s
[2024-02-25T01:06:09.966+0000][7][safepoint   ] Safepoint "G1CollectForAllocation", Time since last: 135834826332 ns, Reaching safepoint: 26687 ns, At safepoint: 1906007 ns, Total: 1932694 ns
[2024-02-25T01:07:10.972+0000][7][safepoint   ] Safepoint "Cleanup", Time since last: 61005444628 ns, Reaching safepoint: 91969 ns, At safepoint: 16065 ns, Total: 108034 ns
[2024-02-25T01:07:34.974+0000][7][safepoint   ] Safepoint "Cleanup", Time since last: 24002573777 ns, Reaching safepoint: 148713 ns, At safepoint: 9067 ns, Total: 157780 ns
[2024-02-25T01:07:57.977+0000][7][safepoint   ] Safepoint "Cleanup", Time since last: 23002417941 ns, Reaching safepoint: 88848 ns, At safepoint: 32687 ns, Total: 121535 ns
[2024-02-25T21:20:05.115+0000][7][safepoint   ] Safepoint "Cleanup", Time since last: 31878989392 ns, Reaching safepoint: 84863 ns, At safepoint: 11508 ns, Total: 96371 ns
[2024-02-25T21:20:08.115+0000][7][safepoint   ] Safepoint "Cleanup", Time since last: 3000487380 ns, Reaching safepoint: 59625 ns, At safepoint: 3678 ns, Total: 63303 ns
[2024-02-25T21:20:11.116+0000][7][safepoint   ] Safepoint "Cleanup", Time since last: 3000501753 ns, Reaching safepoint: 73570 ns, At safepoint: 4622 ns, Total: 78192 ns
[2024-02-25T21:20:33.118+0000][7][safepoint   ] Safepoint "Cleanup", Time since last: 22001949273 ns, Reaching safepoint: 55674 ns, At safepoint: 30534 ns, Total: 86208 ns
[2024-02-25T21:20:43.128+0000][7][gc,start    ] GC(307) Pause Young (Normal) (G1 Evacuation Pause)
[2024-02-25T21:20:43.128+0000][7][gc,task     ] GC(307) Using 8 workers of 8 for evacuation
[2024-02-25T21:20:43.128+0000][7][gc,age      ] GC(307) Desired survivor size 41943040 bytes, new threshold 15 (max threshold 15)
[2024-02-25T21:20:43.130+0000][7][gc,phases   ] GC(307)   Pre Evacuate Collection Set: 0.1ms
[2024-02-25T21:20:43.130+0000][7][gc,phases   ] GC(307)   Merge Heap Roots: 0.1ms
[2024-02-25T21:20:43.130+0000][7][gc,phases   ] GC(307)   Evacuate Collection Set: 1.0ms
[2024-02-25T21:20:43.130+0000][7][gc,phases   ] GC(307)   Post Evacuate Collection Set: 0.5ms
[2024-02-25T21:20:43.130+0000][7][gc,phases   ] GC(307)   Other: 0.1ms
[2024-02-25T21:20:43.130+0000][7][gc,age      ] GC(307) Age table with threshold 15 (max threshold 15)
[2024-02-25T21:20:43.130+0000][7][gc,age      ] GC(307) - age   1:    1374824 bytes,    1374824 total
[2024-02-25T21:20:43.130+0000][7][gc,age      ] GC(307) - age   2:      34712 bytes,    1409536 total
[2024-02-25T21:20:43.130+0000][7][gc,age      ] GC(307) - age   3:     133440 bytes,    1542976 total
[2024-02-25T21:20:43.130+0000][7][gc,age      ] GC(307) - age   4:     110232 bytes,    1653208 total
[2024-02-25T21:20:43.130+0000][7][gc,age      ] GC(307) - age   6:       3720 bytes,    1656928 total
[2024-02-25T21:20:43.130+0000][7][gc,age      ] GC(307) - age   8:        224 bytes,    1657152 total
[2024-02-25T21:20:43.130+0000][7][gc,age      ] GC(307) - age  10:        184 bytes,    1657336 total
[2024-02-25T21:20:43.130+0000][7][gc,age      ] GC(307) - age  11:        184 bytes,    1657520 total
[2024-02-25T21:20:43.130+0000][7][gc,heap     ] GC(307) Eden regions: 152->0(152)
[2024-02-25T21:20:43.130+0000][7][gc,heap     ] GC(307) Survivor regions: 1->1(20)
[2024-02-25T21:20:43.130+0000][7][gc,heap     ] GC(307) Old regions: 26->26
[2024-02-25T21:20:43.130+0000][7][gc,heap     ] GC(307) Archive regions: 2->2
[2024-02-25T21:20:43.130+0000][7][gc,heap     ] GC(307) Humongous regions: 0->0
[2024-02-25T21:20:43.130+0000][7][gc,metaspace] GC(307) Metaspace: 128969K(132544K)->128969K(132544K) NonClass: 112122K(113984K)->112122K(113984K) Class: 16847K(18560K)->16847K(18560K)
[2024-02-25T21:20:43.130+0000][7][gc          ] GC(307) Pause Young (Normal) (G1 Evacuation Pause) 713M->105M(1024M) 1.940ms
[2024-02-25T21:20:43.130+0000][7][gc,cpu      ] GC(307) User=0.00s Sys=0.00s Real=0.00s
[2024-02-25T21:20:43.130+0000][7][safepoint   ] Safepoint "G1CollectForAllocation", Time since last: 10010193707 ns, Reaching safepoint: 25335 ns, At safepoint: 2013762 ns, Total: 2039097 ns
[2024-02-25T21:22:26.140+0000][7][safepoint   ] Safepoint "Cleanup", Time since last: 103010254550 ns, Reaching safepoint: 150128 ns, At safepoint: 58990 ns, Total: 209118 ns
[2024-02-25T21:22:44.142+0000][7][safepoint   ] Safepoint "Cleanup", Time since last: 18001610579 ns, Reaching safepoint: 84310 ns, At safepoint: 7252 ns, Total: 91562 ns
[2024-02-25T21:23:37.167+0000][7][gc,start    ] GC(308) Pause Young (Normal) (G1 Evacuation Pause)
[2024-02-25T21:23:37.167+0000][7][gc,task     ] GC(308) Using 8 workers of 8 for evacuation
[2024-02-25T21:23:37.167+0000][7][gc,age      ] GC(308) Desired survivor size 41943040 bytes, new threshold 15 (max threshold 15)
[2024-02-25T21:23:37.170+0000][7][gc,phases   ] GC(308)   Pre Evacuate Collection Set: 0.1ms
[2024-02-25T21:23:37.170+0000][7][gc,phases   ] GC(308)   Merge Heap Roots: 0.1ms
[2024-02-25T21:23:37.170+0000][7][gc,phases   ] GC(308)   Evacuate Collection Set: 1.8ms
[2024-02-25T21:23:37.170+0000][7][gc,phases   ] GC(308)   Post Evacuate Collection Set: 0.7ms
[2024-02-25T21:23:37.170+0000][7][gc,phases   ] GC(308)   Other: 0.1ms
[2024-02-25T21:23:37.170+0000][7][gc,age      ] GC(308) Age table with threshold 15 (max threshold 15)
[2024-02-25T21:23:37.170+0000][7][gc,age      ] GC(308) - age   1:    1360744 bytes,    1360744 total
[2024-02-25T21:23:37.170+0000][7][gc,age      ] GC(308) - age   2:     593800 bytes,    1954544 total
[2024-02-25T21:23:37.170+0000][7][gc,age      ] GC(308) - age   3:      33304 bytes,    1987848 total
[2024-02-25T21:23:37.170+0000][7][gc,age      ] GC(308) - age   4:     133440 bytes,    2121288 total
[2024-02-25T21:23:37.170+0000][7][gc,age      ] GC(308) - age   5:     106776 bytes,    2228064 total
[2024-02-25T21:23:37.170+0000][7][gc,age      ] GC(308) - age   7:       3720 bytes,    2231784 total
[2024-02-25T21:23:37.170+0000][7][gc,age      ] GC(308) - age   9:        224 bytes,    2232008 total
[2024-02-25T21:23:37.170+0000][7][gc,age      ] GC(308) - age  11:        184 bytes,    2232192 total
[2024-02-25T21:23:37.170+0000][7][gc,age      ] GC(308) - age  12:        184 bytes,    2232376 total
[2024-02-25T21:23:37.170+0000][7][gc,heap     ] GC(308) Eden regions: 152->0(152)
[2024-02-25T21:23:37.170+0000][7][gc,heap     ] GC(308) Survivor regions: 1->1(20)
[2024-02-25T21:23:37.170+0000][7][gc,heap     ] GC(308) Old regions: 26->26
[2024-02-25T21:23:37.170+0000][7][gc,heap     ] GC(308) Archive regions: 2->2
[2024-02-25T21:23:37.171+0000][7][gc,heap     ] GC(308) Humongous regions: 0->0
[2024-02-25T21:23:37.171+0000][7][gc,metaspace] GC(308) Metaspace: 128969K(132544K)->128969K(132544K) NonClass: 112122K(113984K)->112122K(113984K) Class: 16847K(18560K)->16847K(18560K)
[2024-02-25T21:23:37.171+0000][7][gc          ] GC(308) Pause Young (Normal) (G1 Evacuation Pause) 713M->106M(1024M) 3.221ms
[2024-02-25T21:23:37.171+0000][7][gc,cpu      ] GC(308) User=0.02s Sys=0.00s Real=0.00s
[2024-02-25T21:23:37.171+0000][7][safepoint   ] Safepoint "G1CollectForAllocation", Time since last: 53025100627 ns, Reaching safepoint: 66989 ns, At safepoint: 3316951 ns, Total: 3383940 ns
[2024-02-25T21:23:56.173+0000][7][safepoint   ] Safepoint "Cleanup", Time since last: 19002661402 ns, Reaching safepoint: 160146 ns, At safepoint: 44923 ns, Total: 205069 ns
[2024-02-25T21:26:34.228+0000][7][gc,start    ] GC(309) Pause Young (Normal) (G1 Evacuation Pause)
[2024-02-25T21:26:34.228+0000][7][gc,task     ] GC(309) Using 8 workers of 8 for evacuation
[2024-02-25T21:26:34.228+0000][7][gc,age      ] GC(309) Desired survivor size 41943040 bytes, new threshold 15 (max threshold 15)
[2024-02-25T21:26:34.231+0000][7][gc,phases   ] GC(309)   Pre Evacuate Collection Set: 0.1ms
[2024-02-25T21:26:34.231+0000][7][gc,phases   ] GC(309)   Merge Heap Roots: 0.1ms
[2024-02-25T21:26:34.231+0000][7][gc,phases   ] GC(309)   Evacuate Collection Set: 1.5ms
[2024-02-25T21:26:34.231+0000][7][gc,phases   ] GC(309)   Post Evacuate Collection Set: 0.8ms
[2024-02-25T21:26:34.231+0000][7][gc,phases   ] GC(309)   Other: 0.1ms
[2024-02-25T21:26:34.231+0000][7][gc,age      ] GC(309) Age table with threshold 15 (max threshold 15)
[2024-02-25T21:26:34.231+0000][7][gc,age      ] GC(309) - age   1:    1322520 bytes,    1322520 total
[2024-02-25T21:26:34.231+0000][7][gc,age      ] GC(309) - age   2:       5832 bytes,    1328352 total
[2024-02-25T21:26:34.231+0000][7][gc,age      ] GC(309) - age   3:     491336 bytes,    1819688 total
[2024-02-25T21:26:34.231+0000][7][gc,age      ] GC(309) - age   4:       1664 bytes,    1821352 total
[2024-02-25T21:26:34.231+0000][7][gc,age      ] GC(309) - age   5:     133408 bytes,    1954760 total
[2024-02-25T21:26:34.231+0000][7][gc,age      ] GC(309) - age   6:     106384 bytes,    2061144 total
[2024-02-25T21:26:34.231+0000][7][gc,age      ] GC(309) - age   8:       3720 bytes,    2064864 total
[2024-02-25T21:26:34.231+0000][7][gc,age      ] GC(309) - age  10:        224 bytes,    2065088 total
[2024-02-25T21:26:34.231+0000][7][gc,age      ] GC(309) - age  12:        184 bytes,    2065272 total
[2024-02-25T21:26:34.231+0000][7][gc,heap     ] GC(309) Eden regions: 152->0(152)
[2024-02-25T21:26:34.231+0000][7][gc,heap     ] GC(309) Survivor regions: 1->1(20)
[2024-02-25T21:26:34.231+0000][7][gc,heap     ] GC(309) Old regions: 26->26
[2024-02-25T21:26:34.231+0000][7][gc,heap     ] GC(309) Archive regions: 2->2
[2024-02-25T21:26:34.231+0000][7][gc,heap     ] GC(309) Humongous regions: 0->0
[2024-02-25T21:26:34.231+0000][7][gc,metaspace] GC(309) Metaspace: 128970K(132544K)->128970K(132544K) NonClass: 112122K(113984K)->112122K(113984K) Class: 16847K(18560K)->16847K(18560K)
[2024-02-25T21:26:34.231+0000][7][gc          ] GC(309) Pause Young (Normal) (G1 Evacuation Pause) 714M->106M(1024M) 2.860ms
[2024-02-25T21:26:34.231+0000][7][gc,cpu      ] GC(309) User=0.02s Sys=0.00s Real=0.00s
[2024-02-25T21:26:34.231+0000][7][safepoint   ] Safepoint "G1CollectForAllocation", Time since last: 158054645571 ns, Reaching safepoint: 42175 ns, At safepoint: 2957518 ns, Total: 2999693 ns
[2024-02-25T21:30:13.173+0000][7][gc,start    ] GC(310) Pause Young (Normal) (G1 Evacuation Pause)
[2024-02-25T21:30:13.173+0000][7][gc,task     ] GC(310) Using 8 workers of 8 for evacuation
[2024-02-25T21:30:13.173+0000][7][gc,age      ] GC(310) Desired survivor size 41943040 bytes, new threshold 15 (max threshold 15)
[2024-02-25T21:30:13.176+0000][7][gc,phases   ] GC(310)   Pre Evacuate Collection Set: 0.2ms
[2024-02-25T21:30:13.176+0000][7][gc,phases   ] GC(310)   Merge Heap Roots: 0.2ms
[2024-02-25T21:30:13.176+0000][7][gc,phases   ] GC(310)   Evacuate Collection Set: 1.8ms
[2024-02-25T21:30:13.176+0000][7][gc,phases   ] GC(310)   Post Evacuate Collection Set: 0.9ms
[2024-02-25T21:30:13.176+0000][7][gc,phases   ] GC(310)   Other: 0.1ms
[2024-02-25T21:30:13.176+0000][7][gc,age      ] GC(310) Age table with threshold 15 (max threshold 15)
[2024-02-25T21:30:13.176+0000][7][gc,age      ] GC(310) - age   1:     914640 bytes,     914640 total
[2024-02-25T21:30:13.176+0000][7][gc,age      ] GC(310) - age   2:     195120 bytes,    1109760 total
[2024-02-25T21:30:13.177+0000][7][gc,age      ] GC(310) - age   3:       3640 bytes,    1113400 total
[2024-02-25T21:30:13.177+0000][7][gc,age      ] GC(310) - age   4:     491032 bytes,    1604432 total
[2024-02-25T21:30:13.177+0000][7][gc,age      ] GC(310) - age   5:        792 bytes,    1605224 total
[2024-02-25T21:30:13.177+0000][7][gc,age      ] GC(310) - age   6:     133408 bytes,    1738632 total
[2024-02-25T21:30:13.177+0000][7][gc,age      ] GC(310) - age   7:     106384 bytes,    1845016 total
[2024-02-25T21:30:13.177+0000][7][gc,age      ] GC(310) - age   9:       3688 bytes,    1848704 total
[2024-02-25T21:30:13.177+0000][7][gc,age      ] GC(310) - age  11:        224 bytes,    1848928 total
[2024-02-25T21:30:13.177+0000][7][gc,age      ] GC(310) - age  13:        184 bytes,    1849112 total
[2024-02-25T21:30:13.177+0000][7][gc,heap     ] GC(310) Eden regions: 152->0(152)
[2024-02-25T21:30:13.177+0000][7][gc,heap     ] GC(310) Survivor regions: 1->1(20)
[2024-02-25T21:30:13.177+0000][7][gc,heap     ] GC(310) Old regions: 26->26
[2024-02-25T21:30:13.177+0000][7][gc,heap     ] GC(310) Archive regions: 2->2
[2024-02-25T21:30:13.177+0000][7][gc,heap     ] GC(310) Humongous regions: 0->0
[2024-02-25T21:30:13.177+0000][7][gc,metaspace] GC(310) Metaspace: 128972K(132544K)->128972K(132544K) NonClass: 112125K(113984K)->112125K(113984K) Class: 16847K(18560K)->16847K(18560K)
[2024-02-25T21:30:13.177+0000][7][gc          ] GC(310) Pause Young (Normal) (G1 Evacuation Pause) 714M->105M(1024M) 3.557ms
[2024-02-25T21:30:13.177+0000][7][gc,cpu      ] GC(310) User=0.01s Sys=0.01s Real=0.00s
[2024-02-25T21:30:13.177+0000][7][safepoint   ] Safepoint "G1CollectForAllocation", Time since last: 218941803796 ns, Reaching safepoint: 149089 ns, At safepoint: 3669963 ns, Total: 3819052 ns
[2024-02-25T21:33:52.201+0000][7][gc,start    ] GC(311) Pause Young (Normal) (G1 Evacuation Pause)
[2024-02-25T21:33:52.201+0000][7][gc,task     ] GC(311) Using 8 workers of 8 for evacuation
[2024-02-25T21:33:52.201+0000][7][gc,age      ] GC(311) Desired survivor size 41943040 bytes, new threshold 15 (max threshold 15)
[2024-02-25T21:33:52.203+0000][7][gc,phases   ] GC(311)   Pre Evacuate Collection Set: 0.1ms
[2024-02-25T21:33:52.203+0000][7][gc,phases   ] GC(311)   Merge Heap Roots: 0.1ms
[2024-02-25T21:33:52.203+0000][7][gc,phases   ] GC(311)   Evacuate Collection Set: 1.5ms
[2024-02-25T21:33:52.203+0000][7][gc,phases   ] GC(311)   Post Evacuate Collection Set: 0.7ms
[2024-02-25T21:33:52.203+0000][7][gc,phases   ] GC(311)   Other: 0.1ms
[2024-02-25T21:33:52.203+0000][7][gc,age      ] GC(311) Age table with threshold 15 (max threshold 15)
[2024-02-25T21:33:52.203+0000][7][gc,age      ] GC(311) - age   1:     786832 bytes,     786832 total
[2024-02-25T21:33:52.203+0000][7][gc,age      ] GC(311) - age   2:      47232 bytes,     834064 total
[2024-02-25T21:33:52.203+0000][7][gc,age      ] GC(311) - age   3:     185480 bytes,    1019544 total
[2024-02-25T21:33:52.203+0000][7][gc,age      ] GC(311) - age   4:        184 bytes,    1019728 total
[2024-02-25T21:33:52.203+0000][7][gc,age      ] GC(311) - age   5:     491008 bytes,    1510736 total
[2024-02-25T21:33:52.203+0000][7][gc,age      ] GC(311) - age   6:        792 bytes,    1511528 total
[2024-02-25T21:33:52.203+0000][7][gc,age      ] GC(311) - age   7:     133408 bytes,    1644936 total
[2024-02-25T21:33:52.203+0000][7][gc,age      ] GC(311) - age   8:     106384 bytes,    1751320 total
[2024-02-25T21:33:52.203+0000][7][gc,age      ] GC(311) - age  10:       3688 bytes,    1755008 total
[2024-02-25T21:33:52.203+0000][7][gc,age      ] GC(311) - age  12:        224 bytes,    1755232 total
[2024-02-25T21:33:52.203+0000][7][gc,age      ] GC(311) - age  14:        184 bytes,    1755416 total
[2024-02-25T21:33:52.203+0000][7][gc,heap     ] GC(311) Eden regions: 152->0(152)
[2024-02-25T21:33:52.203+0000][7][gc,heap     ] GC(311) Survivor regions: 1->1(20)
[2024-02-25T21:33:52.203+0000][7][gc,heap     ] GC(311) Old regions: 26->26
[2024-02-25T21:33:52.203+0000][7][gc,heap     ] GC(311) Archive regions: 2->2
[2024-02-25T21:33:52.203+0000][7][gc,heap     ] GC(311) Humongous regions: 0->0
[2024-02-25T21:33:52.203+0000][7][gc,metaspace] GC(311) Metaspace: 128972K(132544K)->128972K(132544K) NonClass: 112125K(113984K)->112125K(113984K) Class: 16847K(18560K)->16847K(18560K)
[2024-02-25T21:33:52.203+0000][7][gc          ] GC(311) Pause Young (Normal) (G1 Evacuation Pause) 713M->105M(1024M) 2.750ms
[2024-02-25T21:33:52.203+0000][7][gc,cpu      ] GC(311) User=0.01s Sys=0.00s Real=0.00s
[2024-02-25T21:33:52.204+0000][7][safepoint   ] Safepoint "G1CollectForAllocation", Time since last: 219023867006 ns, Reaching safepoint: 74045 ns, At safepoint: 2839561 ns, Total: 2913606 ns
[2024-02-25T21:37:35.155+0000][7][gc,start    ] GC(312) Pause Young (Normal) (G1 Evacuation Pause)
[2024-02-25T21:37:35.155+0000][7][gc,task     ] GC(312) Using 8 workers of 8 for evacuation
[2024-02-25T21:37:35.155+0000][7][gc,age      ] GC(312) Desired survivor size 41943040 bytes, new threshold 15 (max threshold 15)
[2024-02-25T21:37:35.159+0000][7][gc,phases   ] GC(312)   Pre Evacuate Collection Set: 0.2ms
[2024-02-25T21:37:35.159+0000][7][gc,phases   ] GC(312)   Merge Heap Roots: 0.1ms
[2024-02-25T21:37:35.159+0000][7][gc,phases   ] GC(312)   Evacuate Collection Set: 2.2ms
[2024-02-25T21:37:35.159+0000][7][gc,phases   ] GC(312)   Post Evacuate Collection Set: 0.9ms
[2024-02-25T21:37:35.159+0000][7][gc,phases   ] GC(312)   Other: 0.1ms
[2024-02-25T21:37:35.159+0000][7][gc,age      ] GC(312) Age table with threshold 15 (max threshold 15)
[2024-02-25T21:37:35.159+0000][7][gc,age      ] GC(312) - age   1:    1411560 bytes,    1411560 total
[2024-02-25T21:37:35.159+0000][7][gc,age      ] GC(312) - age   2:      12792 bytes,    1424352 total
[2024-02-25T21:37:35.159+0000][7][gc,age      ] GC(312) - age   3:      44656 bytes,    1469008 total
[2024-02-25T21:37:35.159+0000][7][gc,age      ] GC(312) - age   4:     185352 bytes,    1654360 total
[2024-02-25T21:37:35.159+0000][7][gc,age      ] GC(312) - age   6:     442416 bytes,    2096776 total
[2024-02-25T21:37:35.159+0000][7][gc,age      ] GC(312) - age   7:        376 bytes,    2097152 total
[2024-02-25T21:37:35.159+0000][7][gc,age      ] GC(312) - age   8:     133408 bytes,    2230560 total
[2024-02-25T21:37:35.159+0000][7][gc,age      ] GC(312) - age   9:     106384 bytes,    2336944 total
[2024-02-25T21:37:35.159+0000][7][gc,age      ] GC(312) - age  11:       3688 bytes,    2340632 total
[2024-02-25T21:37:35.159+0000][7][gc,age      ] GC(312) - age  13:        224 bytes,    2340856 total
[2024-02-25T21:37:35.159+0000][7][gc,heap     ] GC(312) Eden regions: 152->0(152)
[2024-02-25T21:37:35.159+0000][7][gc,heap     ] GC(312) Survivor regions: 1->1(20)
[2024-02-25T21:37:35.159+0000][7][gc,heap     ] GC(312) Old regions: 26->26
[2024-02-25T21:37:35.159+0000][7][gc,heap     ] GC(312) Archive regions: 2->2
[2024-02-25T21:37:35.159+0000][7][gc,heap     ] GC(312) Humongous regions: 0->0
[2024-02-25T21:37:35.159+0000][7][gc,metaspace] GC(312) Metaspace: 128974K(132544K)->128974K(132544K) NonClass: 112126K(113984K)->112126K(113984K) Class: 16847K(18560K)->16847K(18560K)
[2024-02-25T21:37:35.159+0000][7][gc          ] GC(312) Pause Young (Normal) (G1 Evacuation Pause) 713M->106M(1024M) 3.850ms
[2024-02-25T21:37:35.159+0000][7][gc,cpu      ] GC(312) User=0.02s Sys=0.00s Real=0.00s
[2024-02-25T21:37:35.159+0000][7][safepoint   ] Safepoint "G1CollectForAllocation", Time since last: 222951741536 ns, Reaching safepoint: 75718 ns, At safepoint: 3956484 ns, Total: 4032202 ns
[2024-02-25T21:37:36.160+0000][7][safepoint   ] Safepoint "Cleanup", Time since last: 1000222272 ns, Reaching safepoint: 85991 ns, At safepoint: 10684 ns, Total: 96675 ns
[2024-02-25T21:41:10.262+0000][7][gc,start    ] GC(313) Pause Young (Normal) (G1 Evacuation Pause)
[2024-02-25T21:41:10.262+0000][7][gc,task     ] GC(313) Using 8 workers of 8 for evacuation
[2024-02-25T21:41:10.262+0000][7][gc,age      ] GC(313) Desired survivor size 41943040 bytes, new threshold 15 (max threshold 15)
[2024-02-25T21:41:10.265+0000][7][gc,phases   ] GC(313)   Pre Evacuate Collection Set: 0.1ms
[2024-02-25T21:41:10.265+0000][7][gc,phases   ] GC(313)   Merge Heap Roots: 0.1ms
[2024-02-25T21:41:10.265+0000][7][gc,phases   ] GC(313)   Evacuate Collection Set: 1.5ms
[2024-02-25T21:41:10.265+0000][7][gc,phases   ] GC(313)   Post Evacuate Collection Set: 0.9ms
[2024-02-25T21:41:10.265+0000][7][gc,phases   ] GC(313)   Other: 0.1ms
[2024-02-25T21:41:10.265+0000][7][gc,age      ] GC(313) Age table with threshold 15 (max threshold 15)
[2024-02-25T21:41:10.265+0000][7][gc,age      ] GC(313) - age   1:    1521888 bytes,    1521888 total
[2024-02-25T21:41:10.265+0000][7][gc,age      ] GC(313) - age   2:       3328 bytes,    1525216 total
[2024-02-25T21:41:10.265+0000][7][gc,age      ] GC(313) - age   3:      11736 bytes,    1536952 total
[2024-02-25T21:41:10.265+0000][7][gc,age      ] GC(313) - age   4:      44656 bytes,    1581608 total
[2024-02-25T21:41:10.265+0000][7][gc,age      ] GC(313) - age   5:     177152 bytes,    1758760 total
[2024-02-25T21:41:10.265+0000][7][gc,age      ] GC(313) - age   7:     442416 bytes,    2201176 total
[2024-02-25T21:41:10.265+0000][7][gc,age      ] GC(313) - age   8:        376 bytes,    2201552 total
[2024-02-25T21:41:10.265+0000][7][gc,age      ] GC(313) - age   9:     133408 bytes,    2334960 total
[2024-02-25T21:41:10.265+0000][7][gc,age      ] GC(313) - age  10:     106384 bytes,    2441344 total
[2024-02-25T21:41:10.265+0000][7][gc,age      ] GC(313) - age  12:       3504 bytes,    2444848 total
[2024-02-25T21:41:10.265+0000][7][gc,age      ] GC(313) - age  14:        224 bytes,    2445072 total
[2024-02-25T21:41:10.265+0000][7][gc,heap     ] GC(313) Eden regions: 152->0(152)
[2024-02-25T21:41:10.265+0000][7][gc,heap     ] GC(313) Survivor regions: 1->1(20)
[2024-02-25T21:41:10.265+0000][7][gc,heap     ] GC(313) Old regions: 26->26
[2024-02-25T21:41:10.265+0000][7][gc,heap     ] GC(313) Archive regions: 2->2
[2024-02-25T21:41:10.265+0000][7][gc,heap     ] GC(313) Humongous regions: 0->0
[2024-02-25T21:41:10.265+0000][7][gc,metaspace] GC(313) Metaspace: 128974K(132544K)->128974K(132544K) NonClass: 112126K(113984K)->112126K(113984K) Class: 16847K(18560K)->16847K(18560K)
[2024-02-25T21:41:10.265+0000][7][gc          ] GC(313) Pause Young (Normal) (G1 Evacuation Pause) 714M->106M(1024M) 2.906ms
[2024-02-25T21:41:10.265+0000][7][gc,cpu      ] GC(313) User=0.01s Sys=0.00s Real=0.00s
[2024-02-25T21:41:10.265+0000][7][safepoint   ] Safepoint "G1CollectForAllocation", Time since last: 214102574519 ns, Reaching safepoint: 68307 ns, At safepoint: 3006541 ns, Total: 3074848 ns
[2024-02-25T21:44:46.385+0000][7][gc,start    ] GC(314) Pause Young (Normal) (G1 Evacuation Pause)
[2024-02-25T21:44:46.385+0000][7][gc,task     ] GC(314) Using 8 workers of 8 for evacuation
[2024-02-25T21:44:46.385+0000][7][gc,age      ] GC(314) Desired survivor size 41943040 bytes, new threshold 15 (max threshold 15)
[2024-02-25T21:44:46.388+0000][7][gc,phases   ] GC(314)   Pre Evacuate Collection Set: 0.1ms
[2024-02-25T21:44:46.388+0000][7][gc,phases   ] GC(314)   Merge Heap Roots: 0.1ms
[2024-02-25T21:44:46.388+0000][7][gc,phases   ] GC(314)   Evacuate Collection Set: 1.8ms
[2024-02-25T21:44:46.388+0000][7][gc,phases   ] GC(314)   Post Evacuate Collection Set: 0.9ms
[2024-02-25T21:44:46.388+0000][7][gc,phases   ] GC(314)   Other: 0.1ms
[2024-02-25T21:44:46.388+0000][7][gc,age      ] GC(314) Age table with threshold 15 (max threshold 15)
[2024-02-25T21:44:46.388+0000][7][gc,age      ] GC(314) - age   1:    1115952 bytes,    1115952 total
[2024-02-25T21:44:46.388+0000][7][gc,age      ] GC(314) - age   2:      10512 bytes,    1126464 total
[2024-02-25T21:44:46.388+0000][7][gc,age      ] GC(314) - age   3:       1416 bytes,    1127880 total
[2024-02-25T21:44:46.388+0000][7][gc,age      ] GC(314) - age   4:       8216 bytes,    1136096 total
[2024-02-25T21:44:46.388+0000][7][gc,age      ] GC(314) - age   5:      44656 bytes,    1180752 total
[2024-02-25T21:44:46.388+0000][7][gc,age      ] GC(314) - age   6:     176864 bytes,    1357616 total
[2024-02-25T21:44:46.388+0000][7][gc,age      ] GC(314) - age   8:     442416 bytes,    1800032 total
[2024-02-25T21:44:46.388+0000][7][gc,age      ] GC(314) - age   9:        376 bytes,    1800408 total
[2024-02-25T21:44:46.388+0000][7][gc,age      ] GC(314) - age  10:     133224 bytes,    1933632 total
[2024-02-25T21:44:46.388+0000][7][gc,age      ] GC(314) - age  11:     106384 bytes,    2040016 total
[2024-02-25T21:44:46.388+0000][7][gc,age      ] GC(314) - age  13:       3504 bytes,    2043520 total
[2024-02-25T21:44:46.388+0000][7][gc,age      ] GC(314) - age  15:        224 bytes,    2043744 total
[2024-02-25T21:44:46.388+0000][7][gc,heap     ] GC(314) Eden regions: 152->0(152)
[2024-02-25T21:44:46.388+0000][7][gc,heap     ] GC(314) Survivor regions: 1->1(20)
[2024-02-25T21:44:46.388+0000][7][gc,heap     ] GC(314) Old regions: 26->26
[2024-02-25T21:44:46.388+0000][7][gc,heap     ] GC(314) Archive regions: 2->2
[2024-02-25T21:44:46.388+0000][7][gc,heap     ] GC(314) Humongous regions: 0->0
[2024-02-25T21:44:46.388+0000][7][gc,metaspace] GC(314) Metaspace: 128974K(132544K)->128974K(132544K) NonClass: 112126K(113984K)->112126K(113984K) Class: 16847K(18560K)->16847K(18560K)
[2024-02-25T21:44:46.388+0000][7][gc          ] GC(314) Pause Young (Normal) (G1 Evacuation Pause) 714M->106M(1024M) 3.377ms
[2024-02-25T21:44:46.388+0000][7][gc,cpu      ] GC(314) User=0.02s Sys=0.00s Real=0.00s
[2024-02-25T21:44:46.388+0000][7][safepoint   ] Safepoint "G1CollectForAllocation", Time since last: 216119577703 ns, Reaching safepoint: 98302 ns, At safepoint: 3479371 ns, Total: 3577673 ns
[2024-02-25T21:48:25.279+0000][7][gc,start    ] GC(315) Pause Young (Normal) (G1 Evacuation Pause)
[2024-02-25T21:48:25.279+0000][7][gc,task     ] GC(315) Using 8 workers of 8 for evacuation
[2024-02-25T21:48:25.279+0000][7][gc,age      ] GC(315) Desired survivor size 41943040 bytes, new threshold 15 (max threshold 15)
[2024-02-25T21:48:25.281+0000][7][gc,phases   ] GC(315)   Pre Evacuate Collection Set: 0.1ms
[2024-02-25T21:48:25.281+0000][7][gc,phases   ] GC(315)   Merge Heap Roots: 0.1ms
[2024-02-25T21:48:25.281+0000][7][gc,phases   ] GC(315)   Evacuate Collection Set: 1.1ms
[2024-02-25T21:48:25.282+0000][7][gc,phases   ] GC(315)   Post Evacuate Collection Set: 0.7ms
[2024-02-25T21:48:25.282+0000][7][gc,phases   ] GC(315)   Other: 0.1ms
[2024-02-25T21:48:25.282+0000][7][gc,age      ] GC(315) Age table with threshold 15 (max threshold 15)
[2024-02-25T21:48:25.282+0000][7][gc,age      ] GC(315) - age   1:     382112 bytes,     382112 total
[2024-02-25T21:48:25.282+0000][7][gc,age      ] GC(315) - age   2:      15240 bytes,     397352 total
[2024-02-25T21:48:25.282+0000][7][gc,age      ] GC(315) - age   3:        416 bytes,     397768 total
[2024-02-25T21:48:25.282+0000][7][gc,age      ] GC(315) - age   4:        600 bytes,     398368 total
[2024-02-25T21:48:25.282+0000][7][gc,age      ] GC(315) - age   5:       8032 bytes,     406400 total
[2024-02-25T21:48:25.282+0000][7][gc,age      ] GC(315) - age   6:      44624 bytes,     451024 total
[2024-02-25T21:48:25.282+0000][7][gc,age      ] GC(315) - age   7:     176864 bytes,     627888 total
[2024-02-25T21:48:25.282+0000][7][gc,age      ] GC(315) - age   9:     442320 bytes,    1070208 total
[2024-02-25T21:48:25.282+0000][7][gc,age      ] GC(315) - age  10:        376 bytes,    1070584 total
[2024-02-25T21:48:25.282+0000][7][gc,age      ] GC(315) - age  11:     133224 bytes,    1203808 total
[2024-02-25T21:48:25.282+0000][7][gc,age      ] GC(315) - age  12:     106384 bytes,    1310192 total
[2024-02-25T21:48:25.282+0000][7][gc,age      ] GC(315) - age  14:       3504 bytes,    1313696 total
[2024-02-25T21:48:25.282+0000][7][gc,heap     ] GC(315) Eden regions: 152->0(152)
[2024-02-25T21:48:25.282+0000][7][gc,heap     ] GC(315) Survivor regions: 1->1(20)
[2024-02-25T21:48:25.282+0000][7][gc,heap     ] GC(315) Old regions: 26->26
[2024-02-25T21:48:25.282+0000][7][gc,heap     ] GC(315) Archive regions: 2->2
[2024-02-25T21:48:25.282+0000][7][gc,heap     ] GC(315) Humongous regions: 0->0
[2024-02-25T21:48:25.282+0000][7][gc,metaspace] GC(315) Metaspace: 128974K(132544K)->128974K(132544K) NonClass: 112126K(113984K)->112126K(113984K) Class: 16847K(18560K)->16847K(18560K)
[2024-02-25T21:48:25.282+0000][7][gc          ] GC(315) Pause Young (Normal) (G1 Evacuation Pause) 714M->105M(1024M) 2.350ms
[2024-02-25T21:48:25.282+0000][7][gc,cpu      ] GC(315) User=0.01s Sys=0.00s Real=0.01s
[2024-02-25T21:48:25.282+0000][7][safepoint   ] Safepoint "G1CollectForAllocation", Time since last: 218890813592 ns, Reaching safepoint: 37325 ns, At safepoint: 2433986 ns, Total: 2471311 ns
[2024-02-25T21:52:04.501+0000][7][gc,start    ] GC(316) Pause Young (Normal) (G1 Evacuation Pause)
[2024-02-25T21:52:04.501+0000][7][gc,task     ] GC(316) Using 8 workers of 8 for evacuation
[2024-02-25T21:52:04.501+0000][7][gc,age      ] GC(316) Desired survivor size 41943040 bytes, new threshold 15 (max threshold 15)
[2024-02-25T21:52:04.505+0000][7][gc,phases   ] GC(316)   Pre Evacuate Collection Set: 0.1ms
[2024-02-25T21:52:04.505+0000][7][gc,phases   ] GC(316)   Merge Heap Roots: 0.1ms
[2024-02-25T21:52:04.505+0000][7][gc,phases   ] GC(316)   Evacuate Collection Set: 2.1ms
[2024-02-25T21:52:04.505+0000][7][gc,phases   ] GC(316)   Post Evacuate Collection Set: 1.0ms
[2024-02-25T21:52:04.505+0000][7][gc,phases   ] GC(316)   Other: 0.1ms
[2024-02-25T21:52:04.505+0000][7][gc,age      ] GC(316) Age table with threshold 15 (max threshold 15)
[2024-02-25T21:52:04.505+0000][7][gc,age      ] GC(316) - age   1:    1290064 bytes,    1290064 total
[2024-02-25T21:52:04.505+0000][7][gc,age      ] GC(316) - age   2:       9432 bytes,    1299496 total
[2024-02-25T21:52:04.505+0000][7][gc,age      ] GC(316) - age   3:      10024 bytes,    1309520 total
[2024-02-25T21:52:04.505+0000][7][gc,age      ] GC(316) - age   4:        392 bytes,    1309912 total
[2024-02-25T21:52:04.505+0000][7][gc,age      ] GC(316) - age   5:        600 bytes,    1310512 total
[2024-02-25T21:52:04.505+0000][7][gc,age      ] GC(316) - age   6:         16 bytes,    1310528 total
[2024-02-25T21:52:04.505+0000][7][gc,age      ] GC(316) - age   7:      44624 bytes,    1355152 total
[2024-02-25T21:52:04.505+0000][7][gc,age      ] GC(316) - age   8:     176864 bytes,    1532016 total
[2024-02-25T21:52:04.505+0000][7][gc,age      ] GC(316) - age  10:     442320 bytes,    1974336 total
[2024-02-25T21:52:04.505+0000][7][gc,age      ] GC(316) - age  11:        376 bytes,    1974712 total
[2024-02-25T21:52:04.505+0000][7][gc,age      ] GC(316) - age  12:     133224 bytes,    2107936 total
[2024-02-25T21:52:04.505+0000][7][gc,age      ] GC(316) - age  13:     106384 bytes,    2214320 total
[2024-02-25T21:52:04.505+0000][7][gc,age      ] GC(316) - age  15:       3504 bytes,    2217824 total
[2024-02-25T21:52:04.505+0000][7][gc,heap     ] GC(316) Eden regions: 152->0(152)
[2024-02-25T21:52:04.505+0000][7][gc,heap     ] GC(316) Survivor regions: 1->1(20)
[2024-02-25T21:52:04.505+0000][7][gc,heap     ] GC(316) Old regions: 26->26
[2024-02-25T21:52:04.505+0000][7][gc,heap     ] GC(316) Archive regions: 2->2
[2024-02-25T21:52:04.505+0000][7][gc,heap     ] GC(316) Humongous regions: 0->0
[2024-02-25T21:52:04.505+0000][7][gc,metaspace] GC(316) Metaspace: 128974K(132544K)->128974K(132544K) NonClass: 112126K(113984K)->112126K(113984K) Class: 16847K(18560K)->16847K(18560K)
[2024-02-25T21:52:04.505+0000][7][gc          ] GC(316) Pause Young (Normal) (G1 Evacuation Pause) 713M->106M(1024M) 3.704ms
[2024-02-25T21:52:04.505+0000][7][gc,cpu      ] GC(316) User=0.02s Sys=0.00s Real=0.00s
[2024-02-25T21:52:04.505+0000][7][safepoint   ] Safepoint "G1CollectForAllocation", Time since last: 219219432306 ns, Reaching safepoint: 95367 ns, At safepoint: 3805510 ns, Total: 3900877 ns
[2024-02-25T21:55:39.156+0000][7][gc,start    ] GC(317) Pause Young (Normal) (G1 Evacuation Pause)
[2024-02-25T21:55:39.156+0000][7][gc,task     ] GC(317) Using 8 workers of 8 for evacuation
[2024-02-25T21:55:39.156+0000][7][gc,age      ] GC(317) Desired survivor size 41943040 bytes, new threshold 15 (max threshold 15)
[2024-02-25T21:55:39.159+0000][7][gc,phases   ] GC(317)   Pre Evacuate Collection Set: 0.1ms
[2024-02-25T21:55:39.159+0000][7][gc,phases   ] GC(317)   Merge Heap Roots: 0.1ms
[2024-02-25T21:55:39.159+0000][7][gc,phases   ] GC(317)   Evacuate Collection Set: 1.7ms
[2024-02-25T21:55:39.159+0000][7][gc,phases   ] GC(317)   Post Evacuate Collection Set: 0.9ms
[2024-02-25T21:55:39.159+0000][7][gc,phases   ] GC(317)   Other: 0.1ms
[2024-02-25T21:55:39.159+0000][7][gc,age      ] GC(317) Age table with threshold 15 (max threshold 15)
[2024-02-25T21:55:39.159+0000][7][gc,age      ] GC(317) - age   1:     921776 bytes,     921776 total
[2024-02-25T21:55:39.159+0000][7][gc,age      ] GC(317) - age   2:       6176 bytes,     927952 total
[2024-02-25T21:55:39.159+0000][7][gc,age      ] GC(317) - age   3:       8168 bytes,     936120 total
[2024-02-25T21:55:39.159+0000][7][gc,age      ] GC(317) - age   4:      10024 bytes,     946144 total
[2024-02-25T21:55:39.159+0000][7][gc,age      ] GC(317) - age   5:        392 bytes,     946536 total
[2024-02-25T21:55:39.159+0000][7][gc,age      ] GC(317) - age   7:         16 bytes,     946552 total
[2024-02-25T21:55:39.159+0000][7][gc,age      ] GC(317) - age   8:      44624 bytes,     991176 total
[2024-02-25T21:55:39.159+0000][7][gc,age      ] GC(317) - age   9:     176864 bytes,    1168040 total
[2024-02-25T21:55:39.159+0000][7][gc,age      ] GC(317) - age  11:     442320 bytes,    1610360 total
[2024-02-25T21:55:39.159+0000][7][gc,age      ] GC(317) - age  12:        376 bytes,    1610736 total
[2024-02-25T21:55:39.159+0000][7][gc,age      ] GC(317) - age  13:     133224 bytes,    1743960 total
[2024-02-25T21:55:39.159+0000][7][gc,age      ] GC(317) - age  14:     106384 bytes,    1850344 total
[2024-02-25T21:55:39.159+0000][7][gc,heap     ] GC(317) Eden regions: 152->0(152)
[2024-02-25T21:55:39.159+0000][7][gc,heap     ] GC(317) Survivor regions: 1->1(20)
[2024-02-25T21:55:39.159+0000][7][gc,heap     ] GC(317) Old regions: 26->26
[2024-02-25T21:55:39.159+0000][7][gc,heap     ] GC(317) Archive regions: 2->2
[2024-02-25T21:55:39.159+0000][7][gc,heap     ] GC(317) Humongous regions: 0->0
[2024-02-25T21:55:39.159+0000][7][gc,metaspace] GC(317) Metaspace: 128974K(132544K)->128974K(132544K) NonClass: 112126K(113984K)->112126K(113984K) Class: 16847K(18560K)->16847K(18560K)
[2024-02-25T21:55:39.159+0000][7][gc          ] GC(317) Pause Young (Normal) (G1 Evacuation Pause) 714M->106M(1024M) 3.282ms
[2024-02-25T21:55:39.159+0000][7][gc,cpu      ] GC(317) User=0.01s Sys=0.01s Real=0.00s
[2024-02-25T21:55:39.159+0000][7][safepoint   ] Safepoint "G1CollectForAllocation", Time since last: 213556161317 ns, Reaching safepoint: 68868 ns, At safepoint: 3394955 ns, Total: 3463823 ns
[2024-02-25T21:59:14.732+0000][7][gc,start    ] GC(318) Pause Young (Normal) (G1 Evacuation Pause)
[2024-02-25T21:59:14.732+0000][7][gc,task     ] GC(318) Using 8 workers of 8 for evacuation
[2024-02-25T21:59:14.732+0000][7][gc,age      ] GC(318) Desired survivor size 41943040 bytes, new threshold 15 (max threshold 15)
[2024-02-25T21:59:14.735+0000][7][gc,phases   ] GC(318)   Pre Evacuate Collection Set: 0.1ms
[2024-02-25T21:59:14.735+0000][7][gc,phases   ] GC(318)   Merge Heap Roots: 0.1ms
[2024-02-25T21:59:14.735+0000][7][gc,phases   ] GC(318)   Evacuate Collection Set: 1.5ms
[2024-02-25T21:59:14.735+0000][7][gc,phases   ] GC(318)   Post Evacuate Collection Set: 0.8ms
[2024-02-25T21:59:14.735+0000][7][gc,phases   ] GC(318)   Other: 0.1ms
[2024-02-25T21:59:14.735+0000][7][gc,age      ] GC(318) Age table with threshold 15 (max threshold 15)
[2024-02-25T21:59:14.735+0000][7][gc,age      ] GC(318) - age   1:     699264 bytes,     699264 total
[2024-02-25T21:59:14.735+0000][7][gc,age      ] GC(318) - age   2:       3088 bytes,     702352 total
[2024-02-25T21:59:14.735+0000][7][gc,age      ] GC(318) - age   3:       3936 bytes,     706288 total
[2024-02-25T21:59:14.735+0000][7][gc,age      ] GC(318) - age   4:       8168 bytes,     714456 total
[2024-02-25T21:59:14.735+0000][7][gc,age      ] GC(318) - age   5:       9816 bytes,     724272 total
[2024-02-25T21:59:14.735+0000][7][gc,age      ] GC(318) - age   6:        208 bytes,     724480 total
[2024-02-25T21:59:14.735+0000][7][gc,age      ] GC(318) - age   8:         16 bytes,     724496 total
[2024-02-25T21:59:14.735+0000][7][gc,age      ] GC(318) - age   9:      44624 bytes,     769120 total
[2024-02-25T21:59:14.735+0000][7][gc,age      ] GC(318) - age  10:     176864 bytes,     945984 total
[2024-02-25T21:59:14.735+0000][7][gc,age      ] GC(318) - age  12:     442320 bytes,    1388304 total
[2024-02-25T21:59:14.735+0000][7][gc,age      ] GC(318) - age  13:        376 bytes,    1388680 total
[2024-02-25T21:59:14.735+0000][7][gc,age      ] GC(318) - age  14:     133224 bytes,    1521904 total
[2024-02-25T21:59:14.735+0000][7][gc,age      ] GC(318) - age  15:     106384 bytes,    1628288 total
[2024-02-25T21:59:14.735+0000][7][gc,heap     ] GC(318) Eden regions: 152->0(152)
[2024-02-25T21:59:14.735+0000][7][gc,heap     ] GC(318) Survivor regions: 1->1(20)
[2024-02-25T21:59:14.735+0000][7][gc,heap     ] GC(318) Old regions: 26->26
[2024-02-25T21:59:14.735+0000][7][gc,heap     ] GC(318) Archive regions: 2->2
[2024-02-25T21:59:14.735+0000][7][gc,heap     ] GC(318) Humongous regions: 0->0
[2024-02-25T21:59:14.735+0000][7][gc,metaspace] GC(318) Metaspace: 128974K(132544K)->128974K(132544K) NonClass: 112126K(113984K)->112126K(113984K) Class: 16847K(18560K)->16847K(18560K)
[2024-02-25T21:59:14.735+0000][7][gc          ] GC(318) Pause Young (Normal) (G1 Evacuation Pause) 714M->105M(1024M) 3.028ms
[2024-02-25T21:59:14.735+0000][7][gc,cpu      ] GC(318) User=0.02s Sys=0.00s Real=0.01s
[2024-02-25T21:59:14.735+0000][7][safepoint   ] Safepoint "G1CollectForAllocation", Time since last: 215572861871 ns, Reaching safepoint: 75661 ns, At safepoint: 3125855 ns, Total: 3201516 ns
[2024-02-25T22:02:57.273+0000][7][gc,start    ] GC(319) Pause Young (Normal) (G1 Evacuation Pause)
[2024-02-25T22:02:57.274+0000][7][gc,task     ] GC(319) Using 8 workers of 8 for evacuation
[2024-02-25T22:02:57.274+0000][7][gc,age      ] GC(319) Desired survivor size 41943040 bytes, new threshold 15 (max threshold 15)
[2024-02-25T22:02:57.277+0000][7][gc,phases   ] GC(319)   Pre Evacuate Collection Set: 0.1ms
[2024-02-25T22:02:57.277+0000][7][gc,phases   ] GC(319)   Merge Heap Roots: 0.1ms
[2024-02-25T22:02:57.277+0000][7][gc,phases   ] GC(319)   Evacuate Collection Set: 1.9ms
[2024-02-25T22:02:57.277+0000][7][gc,phases   ] GC(319)   Post Evacuate Collection Set: 0.8ms
[2024-02-25T22:02:57.277+0000][7][gc,phases   ] GC(319)   Other: 0.1ms
[2024-02-25T22:02:57.277+0000][7][gc,age      ] GC(319) Age table with threshold 15 (max threshold 15)
[2024-02-25T22:02:57.277+0000][7][gc,age      ] GC(319) - age   1:    1330880 bytes,    1330880 total
[2024-02-25T22:02:57.277+0000][7][gc,age      ] GC(319) - age   2:       1304 bytes,    1332184 total
[2024-02-25T22:02:57.277+0000][7][gc,age      ] GC(319) - age   3:       1288 bytes,    1333472 total
[2024-02-25T22:02:57.277+0000][7][gc,age      ] GC(319) - age   5:       8168 bytes,    1341640 total
[2024-02-25T22:02:57.277+0000][7][gc,age      ] GC(319) - age   6:       9816 bytes,    1351456 total
[2024-02-25T22:02:57.277+0000][7][gc,age      ] GC(319) - age   7:        208 bytes,    1351664 total
[2024-02-25T22:02:57.277+0000][7][gc,age      ] GC(319) - age   9:         16 bytes,    1351680 total
[2024-02-25T22:02:57.277+0000][7][gc,age      ] GC(319) - age  10:      44624 bytes,    1396304 total
[2024-02-25T22:02:57.277+0000][7][gc,age      ] GC(319) - age  11:     176864 bytes,    1573168 total
[2024-02-25T22:02:57.277+0000][7][gc,age      ] GC(319) - age  13:     442320 bytes,    2015488 total
[2024-02-25T22:02:57.277+0000][7][gc,age      ] GC(319) - age  14:        376 bytes,    2015864 total
[2024-02-25T22:02:57.277+0000][7][gc,age      ] GC(319) - age  15:     133224 bytes,    2149088 total
[2024-02-25T22:02:57.277+0000][7][gc,heap     ] GC(319) Eden regions: 152->0(152)
[2024-02-25T22:02:57.277+0000][7][gc,heap     ] GC(319) Survivor regions: 1->1(20)
[2024-02-25T22:02:57.277+0000][7][gc,heap     ] GC(319) Old regions: 26->26
[2024-02-25T22:02:57.277+0000][7][gc,heap     ] GC(319) Archive regions: 2->2
[2024-02-25T22:02:57.277+0000][7][gc,heap     ] GC(319) Humongous regions: 0->0
[2024-02-25T22:02:57.277+0000][7][gc,metaspace] GC(319) Metaspace: 128974K(132544K)->128974K(132544K) NonClass: 112126K(113984K)->112126K(113984K) Class: 16847K(18560K)->16847K(18560K)
[2024-02-25T22:02:57.277+0000][7][gc          ] GC(319) Pause Young (Normal) (G1 Evacuation Pause) 713M->106M(1024M) 3.388ms
[2024-02-25T22:02:57.277+0000][7][gc,cpu      ] GC(319) User=0.02s Sys=0.00s Real=0.01s
[2024-02-25T22:02:57.277+0000][7][safepoint   ] Safepoint "G1CollectForAllocation", Time since last: 222537996558 ns, Reaching safepoint: 75171 ns, At safepoint: 3489507 ns, Total: 3564678 ns
[2024-02-25T22:06:26.868+0000][7][gc,start    ] GC(320) Pause Young (Normal) (G1 Evacuation Pause)
[2024-02-25T22:06:26.868+0000][7][gc,task     ] GC(320) Using 8 workers of 8 for evacuation
[2024-02-25T22:06:26.868+0000][7][gc,age      ] GC(320) Desired survivor size 41943040 bytes, new threshold 15 (max threshold 15)
[2024-02-25T22:06:26.871+0000][7][gc,phases   ] GC(320)   Pre Evacuate Collection Set: 0.1ms
[2024-02-25T22:06:26.871+0000][7][gc,phases   ] GC(320)   Merge Heap Roots: 0.1ms
[2024-02-25T22:06:26.871+0000][7][gc,phases   ] GC(320)   Evacuate Collection Set: 1.9ms
[2024-02-25T22:06:26.871+0000][7][gc,phases   ] GC(320)   Post Evacuate Collection Set: 0.9ms
[2024-02-25T22:06:26.871+0000][7][gc,phases   ] GC(320)   Other: 0.1ms
[2024-02-25T22:06:26.871+0000][7][gc,age      ] GC(320) Age table with threshold 15 (max threshold 15)
[2024-02-25T22:06:26.871+0000][7][gc,age      ] GC(320) - age   1:    1168248 bytes,    1168248 total
[2024-02-25T22:06:26.871+0000][7][gc,age      ] GC(320) - age   2:      13824 bytes,    1182072 total
[2024-02-25T22:06:26.871+0000][7][gc,age      ] GC(320) - age   3:        576 bytes,    1182648 total
[2024-02-25T22:06:26.871+0000][7][gc,age      ] GC(320) - age   4:        416 bytes,    1183064 total
[2024-02-25T22:06:26.871+0000][7][gc,age      ] GC(320) - age   6:       8136 bytes,    1191200 total
[2024-02-25T22:06:26.871+0000][7][gc,age      ] GC(320) - age   7:       9632 bytes,    1200832 total
[2024-02-25T22:06:26.871+0000][7][gc,age      ] GC(320) - age   8:        208 bytes,    1201040 total
[2024-02-25T22:06:26.871+0000][7][gc,age      ] GC(320) - age  10:         16 bytes,    1201056 total
[2024-02-25T22:06:26.871+0000][7][gc,age      ] GC(320) - age  11:      44600 bytes,    1245656 total
[2024-02-25T22:06:26.871+0000][7][gc,age      ] GC(320) - age  12:     176864 bytes,    1422520 total
[2024-02-25T22:06:26.871+0000][7][gc,age      ] GC(320) - age  14:     442320 bytes,    1864840 total
[2024-02-25T22:06:26.871+0000][7][gc,age      ] GC(320) - age  15:        376 bytes,    1865216 total
[2024-02-25T22:06:26.871+0000][7][gc,heap     ] GC(320) Eden regions: 152->0(152)
[2024-02-25T22:06:26.871+0000][7][gc,heap     ] GC(320) Survivor regions: 1->1(20)
[2024-02-25T22:06:26.871+0000][7][gc,heap     ] GC(320) Old regions: 26->26
[2024-02-25T22:06:26.871+0000][7][gc,heap     ] GC(320) Archive regions: 2->2
[2024-02-25T22:06:26.871+0000][7][gc,heap     ] GC(320) Humongous regions: 0->0
[2024-02-25T22:06:26.871+0000][7][gc,metaspace] GC(320) Metaspace: 128974K(132544K)->128974K(132544K) NonClass: 112126K(113984K)->112126K(113984K) Class: 16847K(18560K)->16847K(18560K)
[2024-02-25T22:06:26.871+0000][7][gc          ] GC(320) Pause Young (Normal) (G1 Evacuation Pause) 714M->106M(1024M) 3.504ms
[2024-02-25T22:06:26.871+0000][7][gc,cpu      ] GC(320) User=0.01s Sys=0.00s Real=0.00s
[2024-02-25T22:06:26.871+0000][7][safepoint   ] Safepoint "G1CollectForAllocation", Time since last: 209590745959 ns, Reaching safepoint: 106032 ns, At safepoint: 3608060 ns, Total: 3714092 ns
[2024-02-25T22:10:02.453+0000][7][gc,start    ] GC(321) Pause Young (Normal) (G1 Evacuation Pause)
[2024-02-25T22:10:02.453+0000][7][gc,task     ] GC(321) Using 8 workers of 8 for evacuation
[2024-02-25T22:10:02.453+0000][7][gc,age      ] GC(321) Desired survivor size 41943040 bytes, new threshold 15 (max threshold 15)
[2024-02-25T22:10:02.455+0000][7][gc,phases   ] GC(321)   Pre Evacuate Collection Set: 0.1ms
[2024-02-25T22:10:02.456+0000][7][gc,phases   ] GC(321)   Merge Heap Roots: 0.1ms
[2024-02-25T22:10:02.456+0000][7][gc,phases   ] GC(321)   Evacuate Collection Set: 1.6ms
[2024-02-25T22:10:02.456+0000][7][gc,phases   ] GC(321)   Post Evacuate Collection Set: 0.6ms
[2024-02-25T22:10:02.456+0000][7][gc,phases   ] GC(321)   Other: 0.1ms
[2024-02-25T22:10:02.456+0000][7][gc,age      ] GC(321) Age table with threshold 15 (max threshold 15)
[2024-02-25T22:10:02.456+0000][7][gc,age      ] GC(321) - age   1:    1606016 bytes,    1606016 total
[2024-02-25T22:10:02.456+0000][7][gc,age      ] GC(321) - age   2:       1904 bytes,    1607920 total
[2024-02-25T22:10:02.456+0000][7][gc,age      ] GC(321) - age   3:       3936 bytes,    1611856 total
[2024-02-25T22:10:02.456+0000][7][gc,age      ] GC(321) - age   4:        576 bytes,    1612432 total
[2024-02-25T22:10:02.456+0000][7][gc,age      ] GC(321) - age   5:        416 bytes,    1612848 total
[2024-02-25T22:10:02.456+0000][7][gc,age      ] GC(321) - age   7:       8136 bytes,    1620984 total
[2024-02-25T22:10:02.456+0000][7][gc,age      ] GC(321) - age   8:       9632 bytes,    1630616 total
[2024-02-25T22:10:02.456+0000][7][gc,age      ] GC(321) - age   9:        208 bytes,    1630824 total
[2024-02-25T22:10:02.456+0000][7][gc,age      ] GC(321) - age  11:         16 bytes,    1630840 total
[2024-02-25T22:10:02.456+0000][7][gc,age      ] GC(321) - age  12:      44600 bytes,    1675440 total
[2024-02-25T22:10:02.456+0000][7][gc,age      ] GC(321) - age  13:     176864 bytes,    1852304 total
[2024-02-25T22:10:02.456+0000][7][gc,age      ] GC(321) - age  15:     442320 bytes,    2294624 total
[2024-02-25T22:10:02.456+0000][7][gc,heap     ] GC(321) Eden regions: 152->0(152)
[2024-02-25T22:10:02.456+0000][7][gc,heap     ] GC(321) Survivor regions: 1->1(20)
[2024-02-25T22:10:02.456+0000][7][gc,heap     ] GC(321) Old regions: 26->26
[2024-02-25T22:10:02.456+0000][7][gc,heap     ] GC(321) Archive regions: 2->2
[2024-02-25T22:10:02.456+0000][7][gc,heap     ] GC(321) Humongous regions: 0->0
[2024-02-25T22:10:02.456+0000][7][gc,metaspace] GC(321) Metaspace: 128974K(132544K)->128974K(132544K) NonClass: 112126K(113984K)->112126K(113984K) Class: 16847K(18560K)->16847K(18560K)
[2024-02-25T22:10:02.456+0000][7][gc          ] GC(321) Pause Young (Normal) (G1 Evacuation Pause) 714M->106M(1024M) 2.787ms
[2024-02-25T22:10:02.456+0000][7][gc,cpu      ] GC(321) User=0.02s Sys=0.00s Real=0.01s
[2024-02-25T22:10:02.456+0000][7][safepoint   ] Safepoint "G1CollectForAllocation", Time since last: 215581463292 ns, Reaching safepoint: 37130 ns, At safepoint: 2870816 ns, Total: 2907946 ns
[2024-02-25T22:13:38.561+0000][7][gc,start    ] GC(322) Pause Young (Normal) (G1 Evacuation Pause)
[2024-02-25T22:13:38.561+0000][7][gc,task     ] GC(322) Using 8 workers of 8 for evacuation
[2024-02-25T22:13:38.561+0000][7][gc,age      ] GC(322) Desired survivor size 41943040 bytes, new threshold 15 (max threshold 15)
[2024-02-25T22:13:38.564+0000][7][gc,phases   ] GC(322)   Pre Evacuate Collection Set: 0.1ms
[2024-02-25T22:13:38.564+0000][7][gc,phases   ] GC(322)   Merge Heap Roots: 0.1ms
[2024-02-25T22:13:38.564+0000][7][gc,phases   ] GC(322)   Evacuate Collection Set: 1.9ms
[2024-02-25T22:13:38.564+0000][7][gc,phases   ] GC(322)   Post Evacuate Collection Set: 0.8ms
[2024-02-25T22:13:38.565+0000][7][gc,phases   ] GC(322)   Other: 0.1ms
[2024-02-25T22:13:38.565+0000][7][gc,age      ] GC(322) Age table with threshold 15 (max threshold 15)
[2024-02-25T22:13:38.565+0000][7][gc,age      ] GC(322) - age   1:    1659792 bytes,    1659792 total
[2024-02-25T22:13:38.565+0000][7][gc,age      ] GC(322) - age   2:       2376 bytes,    1662168 total
[2024-02-25T22:13:38.565+0000][7][gc,age      ] GC(322) - age   3:        792 bytes,    1662960 total
[2024-02-25T22:13:38.565+0000][7][gc,age      ] GC(322) - age   4:        184 bytes,    1663144 total
[2024-02-25T22:13:38.565+0000][7][gc,age      ] GC(322) - age   5:        184 bytes,    1663328 total
[2024-02-25T22:13:38.565+0000][7][gc,age      ] GC(322) - age   6:        416 bytes,    1663744 total
[2024-02-25T22:13:38.565+0000][7][gc,age      ] GC(322) - age   8:       8016 bytes,    1671760 total
[2024-02-25T22:13:38.565+0000][7][gc,age      ] GC(322) - age   9:         32 bytes,    1671792 total
[2024-02-25T22:13:38.565+0000][7][gc,age      ] GC(322) - age  10:         24 bytes,    1671816 total
[2024-02-25T22:13:38.565+0000][7][gc,age      ] GC(322) - age  13:        248 bytes,    1672064 total
[2024-02-25T22:13:38.565+0000][7][gc,age      ] GC(322) - age  14:      31944 bytes,    1704008 total
[2024-02-25T22:13:38.565+0000][7][gc,heap     ] GC(322) Eden regions: 152->0(152)
[2024-02-25T22:13:38.565+0000][7][gc,heap     ] GC(322) Survivor regions: 1->1(20)
[2024-02-25T22:13:38.565+0000][7][gc,heap     ] GC(322) Old regions: 26->26
[2024-02-25T22:13:38.565+0000][7][gc,heap     ] GC(322) Archive regions: 2->2
[2024-02-25T22:13:38.565+0000][7][gc,heap     ] GC(322) Humongous regions: 0->0
[2024-02-25T22:13:38.565+0000][7][gc,metaspace] GC(322) Metaspace: 128974K(132544K)->128974K(132544K) NonClass: 112126K(113984K)->112126K(113984K) Class: 16847K(18560K)->16847K(18560K)
[2024-02-25T22:13:38.565+0000][7][gc          ] GC(322) Pause Young (Normal) (G1 Evacuation Pause) 714M->106M(1024M) 3.338ms
[2024-02-25T22:13:38.565+0000][7][gc,cpu      ] GC(322) User=0.02s Sys=0.00s Real=0.00s
[2024-02-25T22:13:38.565+0000][7][safepoint   ] Safepoint "G1CollectForAllocation", Time since last: 216105470638 ns, Reaching safepoint: 102677 ns, At safepoint: 3438540 ns, Total: 3541217 ns
[2024-02-25T22:17:14.421+0000][7][gc,start    ] GC(323) Pause Young (Normal) (G1 Evacuation Pause)
[2024-02-25T22:17:14.421+0000][7][gc,task     ] GC(323) Using 8 workers of 8 for evacuation
[2024-02-25T22:17:14.421+0000][7][gc,age      ] GC(323) Desired survivor size 41943040 bytes, new threshold 15 (max threshold 15)
[2024-02-25T22:17:14.424+0000][7][gc,phases   ] GC(323)   Pre Evacuate Collection Set: 0.1ms
[2024-02-25T22:17:14.424+0000][7][gc,phases   ] GC(323)   Merge Heap Roots: 0.1ms
[2024-02-25T22:17:14.424+0000][7][gc,phases   ] GC(323)   Evacuate Collection Set: 1.3ms
[2024-02-25T22:17:14.424+0000][7][gc,phases   ] GC(323)   Post Evacuate Collection Set: 0.8ms
[2024-02-25T22:17:14.424+0000][7][gc,phases   ] GC(323)   Other: 0.1ms
[2024-02-25T22:17:14.424+0000][7][gc,age      ] GC(323) Age table with threshold 15 (max threshold 15)
[2024-02-25T22:17:14.424+0000][7][gc,age      ] GC(323) - age   1:     784016 bytes,     784016 total
[2024-02-25T22:17:14.424+0000][7][gc,age      ] GC(323) - age   2:     223608 bytes,    1007624 total
[2024-02-25T22:17:14.424+0000][7][gc,age      ] GC(323) - age   3:        184 bytes,    1007808 total
[2024-02-25T22:17:14.424+0000][7][gc,age      ] GC(323) - age   4:         48 bytes,    1007856 total
[2024-02-25T22:17:14.424+0000][7][gc,age      ] GC(323) - age   5:        184 bytes,    1008040 total
[2024-02-25T22:17:14.424+0000][7][gc,age      ] GC(323) - age   6:        184 bytes,    1008224 total
[2024-02-25T22:17:14.424+0000][7][gc,age      ] GC(323) - age   9:       8016 bytes,    1016240 total
[2024-02-25T22:17:14.424+0000][7][gc,age      ] GC(323) - age  10:         32 bytes,    1016272 total
[2024-02-25T22:17:14.424+0000][7][gc,age      ] GC(323) - age  11:         24 bytes,    1016296 total
[2024-02-25T22:17:14.424+0000][7][gc,age      ] GC(323) - age  14:        184 bytes,    1016480 total
[2024-02-25T22:17:14.424+0000][7][gc,age      ] GC(323) - age  15:      31752 bytes,    1048232 total
[2024-02-25T22:17:14.424+0000][7][gc,heap     ] GC(323) Eden regions: 152->0(152)
[2024-02-25T22:17:14.424+0000][7][gc,heap     ] GC(323) Survivor regions: 1->1(20)
[2024-02-25T22:17:14.424+0000][7][gc,heap     ] GC(323) Old regions: 26->26
[2024-02-25T22:17:14.424+0000][7][gc,heap     ] GC(323) Archive regions: 2->2
[2024-02-25T22:17:14.424+0000][7][gc,heap     ] GC(323) Humongous regions: 0->0
[2024-02-25T22:17:14.424+0000][7][gc,metaspace] GC(323) Metaspace: 128977K(132544K)->128977K(132544K) NonClass: 112129K(113984K)->112129K(113984K) Class: 16847K(18560K)->16847K(18560K)
[2024-02-25T22:17:14.424+0000][7][gc          ] GC(323) Pause Young (Normal) (G1 Evacuation Pause) 714M->105M(1024M) 2.763ms
[2024-02-25T22:17:14.424+0000][7][gc,cpu      ] GC(323) User=0.01s Sys=0.00s Real=0.00s
[2024-02-25T22:17:14.424+0000][7][safepoint   ] Safepoint "G1CollectForAllocation", Time since last: 215856435544 ns, Reaching safepoint: 72523 ns, At safepoint: 2863205 ns, Total: 2935728 ns
[2024-02-25T22:20:39.127+0000][7][gc,start    ] GC(324) Pause Young (Normal) (G1 Evacuation Pause)
[2024-02-25T22:20:39.127+0000][7][gc,task     ] GC(324) Using 8 workers of 8 for evacuation
[2024-02-25T22:20:39.127+0000][7][gc,age      ] GC(324) Desired survivor size 41943040 bytes, new threshold 15 (max threshold 15)
[2024-02-25T22:20:39.130+0000][7][gc,phases   ] GC(324)   Pre Evacuate Collection Set: 0.1ms
[2024-02-25T22:20:39.130+0000][7][gc,phases   ] GC(324)   Merge Heap Roots: 0.1ms
[2024-02-25T22:20:39.130+0000][7][gc,phases   ] GC(324)   Evacuate Collection Set: 1.8ms
[2024-02-25T22:20:39.130+0000][7][gc,phases   ] GC(324)   Post Evacuate Collection Set: 0.9ms
[2024-02-25T22:20:39.130+0000][7][gc,phases   ] GC(324)   Other: 0.1ms
[2024-02-25T22:20:39.130+0000][7][gc,age      ] GC(324) Age table with threshold 15 (max threshold 15)
[2024-02-25T22:20:39.130+0000][7][gc,age      ] GC(324) - age   1:    1630648 bytes,    1630648 total
[2024-02-25T22:20:39.130+0000][7][gc,age      ] GC(324) - age   2:      10744 bytes,    1641392 total
[2024-02-25T22:20:39.130+0000][7][gc,age      ] GC(324) - age   3:      80320 bytes,    1721712 total
[2024-02-25T22:20:39.130+0000][7][gc,age      ] GC(324) - age   4:        184 bytes,    1721896 total
[2024-02-25T22:20:39.130+0000][7][gc,age      ] GC(324) - age   5:         24 bytes,    1721920 total
[2024-02-25T22:20:39.130+0000][7][gc,age      ] GC(324) - age   6:        184 bytes,    1722104 total
[2024-02-25T22:20:39.130+0000][7][gc,age      ] GC(324) - age   7:        184 bytes,    1722288 total
[2024-02-25T22:20:39.130+0000][7][gc,age      ] GC(324) - age  10:       8016 bytes,    1730304 total
[2024-02-25T22:20:39.130+0000][7][gc,age      ] GC(324) - age  11:         32 bytes,    1730336 total
[2024-02-25T22:20:39.130+0000][7][gc,age      ] GC(324) - age  12:         24 bytes,    1730360 total
[2024-02-25T22:20:39.131+0000][7][gc,age      ] GC(324) - age  15:        184 bytes,    1730544 total
[2024-02-25T22:20:39.131+0000][7][gc,heap     ] GC(324) Eden regions: 152->0(152)
[2024-02-25T22:20:39.131+0000][7][gc,heap     ] GC(324) Survivor regions: 1->1(20)
[2024-02-25T22:20:39.131+0000][7][gc,heap     ] GC(324) Old regions: 26->26
[2024-02-25T22:20:39.131+0000][7][gc,heap     ] GC(324) Archive regions: 2->2
[2024-02-25T22:20:39.131+0000][7][gc,heap     ] GC(324) Humongous regions: 0->0
[2024-02-25T22:20:39.131+0000][7][gc,metaspace] GC(324) Metaspace: 128978K(132544K)->128978K(132544K) NonClass: 112130K(113984K)->112130K(113984K) Class: 16847K(18560K)->16847K(18560K)
[2024-02-25T22:20:39.131+0000][7][gc          ] GC(324) Pause Young (Normal) (G1 Evacuation Pause) 713M->106M(1024M) 3.276ms
[2024-02-25T22:20:39.131+0000][7][gc,cpu      ] GC(324) User=0.01s Sys=0.00s Real=0.00s
[2024-02-25T22:20:39.131+0000][7][safepoint   ] Safepoint "G1CollectForAllocation", Time since last: 204703001523 ns, Reaching safepoint: 154212 ns, At safepoint: 3390574 ns, Total: 3544786 ns
[2024-02-25T22:24:14.458+0000][7][gc,start    ] GC(325) Pause Young (Normal) (G1 Evacuation Pause)
[2024-02-25T22:24:14.458+0000][7][gc,task     ] GC(325) Using 8 workers of 8 for evacuation
[2024-02-25T22:24:14.458+0000][7][gc,age      ] GC(325) Desired survivor size 41943040 bytes, new threshold 15 (max threshold 15)
[2024-02-25T22:24:14.461+0000][7][gc,phases   ] GC(325)   Pre Evacuate Collection Set: 0.1ms
[2024-02-25T22:24:14.461+0000][7][gc,phases   ] GC(325)   Merge Heap Roots: 0.1ms
[2024-02-25T22:24:14.461+0000][7][gc,phases   ] GC(325)   Evacuate Collection Set: 1.4ms
[2024-02-25T22:24:14.461+0000][7][gc,phases   ] GC(325)   Post Evacuate Collection Set: 0.9ms
[2024-02-25T22:24:14.461+0000][7][gc,phases   ] GC(325)   Other: 0.1ms
[2024-02-25T22:24:14.461+0000][7][gc,age      ] GC(325) Age table with threshold 15 (max threshold 15)
[2024-02-25T22:24:14.461+0000][7][gc,age      ] GC(325) - age   1:    1155272 bytes,    1155272 total
[2024-02-25T22:24:14.461+0000][7][gc,age      ] GC(325) - age   2:     341160 bytes,    1496432 total
[2024-02-25T22:24:14.461+0000][7][gc,age      ] GC(325) - age   3:       9336 bytes,    1505768 total
[2024-02-25T22:24:14.461+0000][7][gc,age      ] GC(325) - age   4:      76288 bytes,    1582056 total
[2024-02-25T22:24:14.461+0000][7][gc,age      ] GC(325) - age   5:        184 bytes,    1582240 total
[2024-02-25T22:24:14.461+0000][7][gc,age      ] GC(325) - age   6:         24 bytes,    1582264 total
[2024-02-25T22:24:14.461+0000][7][gc,age      ] GC(325) - age   8:        184 bytes,    1582448 total
[2024-02-25T22:24:14.461+0000][7][gc,age      ] GC(325) - age  11:       8016 bytes,    1590464 total
[2024-02-25T22:24:14.461+0000][7][gc,age      ] GC(325) - age  13:         24 bytes,    1590488 total
[2024-02-25T22:24:14.461+0000][7][gc,heap     ] GC(325) Eden regions: 152->0(152)
[2024-02-25T22:24:14.461+0000][7][gc,heap     ] GC(325) Survivor regions: 1->1(20)
[2024-02-25T22:24:14.461+0000][7][gc,heap     ] GC(325) Old regions: 26->26
[2024-02-25T22:24:14.461+0000][7][gc,heap     ] GC(325) Archive regions: 2->2
[2024-02-25T22:24:14.461+0000][7][gc,heap     ] GC(325) Humongous regions: 0->0
[2024-02-25T22:24:14.461+0000][7][gc,metaspace] GC(325) Metaspace: 128978K(132544K)->128978K(132544K) NonClass: 112130K(113984K)->112130K(113984K) Class: 16847K(18560K)->16847K(18560K)
[2024-02-25T22:24:14.461+0000][7][gc          ] GC(325) Pause Young (Normal) (G1 Evacuation Pause) 714M->106M(1024M) 2.878ms
[2024-02-25T22:24:14.461+0000][7][gc,cpu      ] GC(325) User=0.02s Sys=0.00s Real=0.00s
[2024-02-25T22:24:14.461+0000][7][safepoint   ] Safepoint "G1CollectForAllocation", Time since last: 215327192134 ns, Reaching safepoint: 61172 ns, At safepoint: 2972722 ns, Total: 3033894 ns
[2024-02-25T22:25:34.472+0000][7][safepoint   ] Safepoint "Cleanup", Time since last: 80010806315 ns, Reaching safepoint: 112956 ns, At safepoint: 10634 ns, Total: 123590 ns
[2024-02-25T22:27:50.497+0000][7][gc,start    ] GC(326) Pause Young (Normal) (G1 Evacuation Pause)
[2024-02-25T22:27:50.497+0000][7][gc,task     ] GC(326) Using 8 workers of 8 for evacuation
[2024-02-25T22:27:50.497+0000][7][gc,age      ] GC(326) Desired survivor size 41943040 bytes, new threshold 15 (max threshold 15)
[2024-02-25T22:27:50.499+0000][7][gc,phases   ] GC(326)   Pre Evacuate Collection Set: 0.1ms
[2024-02-25T22:27:50.499+0000][7][gc,phases   ] GC(326)   Merge Heap Roots: 0.1ms
[2024-02-25T22:27:50.499+0000][7][gc,phases   ] GC(326)   Evacuate Collection Set: 1.4ms
[2024-02-25T22:27:50.499+0000][7][gc,phases   ] GC(326)   Post Evacuate Collection Set: 0.7ms
[2024-02-25T22:27:50.499+0000][7][gc,phases   ] GC(326)   Other: 0.1ms
[2024-02-25T22:27:50.499+0000][7][gc,age      ] GC(326) Age table with threshold 15 (max threshold 15)
[2024-02-25T22:27:50.499+0000][7][gc,age      ] GC(326) - age   1:    1374056 bytes,    1374056 total
[2024-02-25T22:27:50.499+0000][7][gc,age      ] GC(326) - age   2:      15248 bytes,    1389304 total
[2024-02-25T22:27:50.499+0000][7][gc,age      ] GC(326) - age   3:     339072 bytes,    1728376 total
[2024-02-25T22:27:50.499+0000][7][gc,age      ] GC(326) - age   4:       8616 bytes,    1736992 total
[2024-02-25T22:27:50.499+0000][7][gc,age      ] GC(326) - age   5:      75896 bytes,    1812888 total
[2024-02-25T22:27:50.499+0000][7][gc,age      ] GC(326) - age   6:        184 bytes,    1813072 total
[2024-02-25T22:27:50.499+0000][7][gc,age      ] GC(326) - age   7:         24 bytes,    1813096 total
[2024-02-25T22:27:50.499+0000][7][gc,age      ] GC(326) - age   9:        184 bytes,    1813280 total
[2024-02-25T22:27:50.499+0000][7][gc,age      ] GC(326) - age  14:         24 bytes,    1813304 total
[2024-02-25T22:27:50.499+0000][7][gc,heap     ] GC(326) Eden regions: 152->0(152)
[2024-02-25T22:27:50.499+0000][7][gc,heap     ] GC(326) Survivor regions: 1->1(20)
[2024-02-25T22:27:50.499+0000][7][gc,heap     ] GC(326) Old regions: 26->26
[2024-02-25T22:27:50.499+0000][7][gc,heap     ] GC(326) Archive regions: 2->2
[2024-02-25T22:27:50.499+0000][7][gc,heap     ] GC(326) Humongous regions: 0->0
[2024-02-25T22:27:50.499+0000][7][gc,metaspace] GC(326) Metaspace: 128978K(132544K)->128978K(132544K) NonClass: 112130K(113984K)->112130K(113984K) Class: 16847K(18560K)->16847K(18560K)
[2024-02-25T22:27:50.499+0000][7][gc          ] GC(326) Pause Young (Normal) (G1 Evacuation Pause) 714M->106M(1024M) 2.607ms
[2024-02-25T22:27:50.499+0000][7][gc,cpu      ] GC(326) User=0.00s Sys=0.01s Real=0.00s
[2024-02-25T22:27:50.499+0000][7][safepoint   ] Safepoint "G1CollectForAllocation", Time since last: 136024751030 ns, Reaching safepoint: 77675 ns, At safepoint: 2690116 ns, Total: 2767791 ns
[2024-02-25T22:31:11.465+0000][7][gc,start    ] GC(327) Pause Young (Normal) (G1 Evacuation Pause)
[2024-02-25T22:31:11.465+0000][7][gc,task     ] GC(327) Using 8 workers of 8 for evacuation
[2024-02-25T22:31:11.465+0000][7][gc,age      ] GC(327) Desired survivor size 41943040 bytes, new threshold 15 (max threshold 15)
[2024-02-25T22:31:11.468+0000][7][gc,phases   ] GC(327)   Pre Evacuate Collection Set: 0.1ms
[2024-02-25T22:31:11.468+0000][7][gc,phases   ] GC(327)   Merge Heap Roots: 0.1ms
[2024-02-25T22:31:11.468+0000][7][gc,phases   ] GC(327)   Evacuate Collection Set: 1.6ms
[2024-02-25T22:31:11.468+0000][7][gc,phases   ] GC(327)   Post Evacuate Collection Set: 0.9ms
[2024-02-25T22:31:11.468+0000][7][gc,phases   ] GC(327)   Other: 0.1ms
[2024-02-25T22:31:11.468+0000][7][gc,age      ] GC(327) Age table with threshold 15 (max threshold 15)
[2024-02-25T22:31:11.468+0000][7][gc,age      ] GC(327) - age   1:    1160928 bytes,    1160928 total
[2024-02-25T22:31:11.468+0000][7][gc,age      ] GC(327) - age   2:      13128 bytes,    1174056 total
[2024-02-25T22:31:11.468+0000][7][gc,age      ] GC(327) - age   3:      13320 bytes,    1187376 total
[2024-02-25T22:31:11.468+0000][7][gc,age      ] GC(327) - age   4:     339008 bytes,    1526384 total
[2024-02-25T22:31:11.468+0000][7][gc,age      ] GC(327) - age   5:       8432 bytes,    1534816 total
[2024-02-25T22:31:11.468+0000][7][gc,age      ] GC(327) - age   6:      75896 bytes,    1610712 total
[2024-02-25T22:31:11.468+0000][7][gc,age      ] GC(327) - age   7:        184 bytes,    1610896 total
[2024-02-25T22:31:11.468+0000][7][gc,age      ] GC(327) - age   8:         24 bytes,    1610920 total
[2024-02-25T22:31:11.468+0000][7][gc,age      ] GC(327) - age  10:        184 bytes,    1611104 total
[2024-02-25T22:31:11.468+0000][7][gc,age      ] GC(327) - age  15:         24 bytes,    1611128 total
[2024-02-25T22:31:11.468+0000][7][gc,heap     ] GC(327) Eden regions: 152->0(152)
[2024-02-25T22:31:11.468+0000][7][gc,heap     ] GC(327) Survivor regions: 1->1(20)
[2024-02-25T22:31:11.468+0000][7][gc,heap     ] GC(327) Old regions: 26->26
[2024-02-25T22:31:11.468+0000][7][gc,heap     ] GC(327) Archive regions: 2->2
[2024-02-25T22:31:11.468+0000][7][gc,heap     ] GC(327) Humongous regions: 0->0
[2024-02-25T22:31:11.468+0000][7][gc,metaspace] GC(327) Metaspace: 128978K(132544K)->128978K(132544K) NonClass: 112130K(113984K)->112130K(113984K) Class: 16847K(18560K)->16847K(18560K)
[2024-02-25T22:31:11.468+0000][7][gc          ] GC(327) Pause Young (Normal) (G1 Evacuation Pause) 714M->106M(1024M) 3.092ms
[2024-02-25T22:31:11.468+0000][7][gc,cpu      ] GC(327) User=0.01s Sys=0.00s Real=0.01s
[2024-02-25T22:31:11.468+0000][7][safepoint   ] Safepoint "G1CollectForAllocation", Time since last: 200965874382 ns, Reaching safepoint: 64490 ns, At safepoint: 3186615 ns, Total: 3251105 ns
[2024-02-25T22:33:54.505+0000][7][gc,start    ] GC(328) Pause Young (Normal) (G1 Evacuation Pause)
[2024-02-25T22:33:54.505+0000][7][gc,task     ] GC(328) Using 8 workers of 8 for evacuation
[2024-02-25T22:33:54.505+0000][7][gc,age      ] GC(328) Desired survivor size 41943040 bytes, new threshold 15 (max threshold 15)
[2024-02-25T22:33:54.507+0000][7][gc,phases   ] GC(328)   Pre Evacuate Collection Set: 0.1ms
[2024-02-25T22:33:54.507+0000][7][gc,phases   ] GC(328)   Merge Heap Roots: 0.1ms
[2024-02-25T22:33:54.507+0000][7][gc,phases   ] GC(328)   Evacuate Collection Set: 1.2ms
[2024-02-25T22:33:54.507+0000][7][gc,phases   ] GC(328)   Post Evacuate Collection Set: 0.9ms
[2024-02-25T22:33:54.507+0000][7][gc,phases   ] GC(328)   Other: 0.1ms
[2024-02-25T22:33:54.507+0000][7][gc,age      ] GC(328) Age table with threshold 15 (max threshold 15)
[2024-02-25T22:33:54.507+0000][7][gc,age      ] GC(328) - age   1:     533632 bytes,     533632 total
[2024-02-25T22:33:54.507+0000][7][gc,age      ] GC(328) - age   2:      11240 bytes,     544872 total
[2024-02-25T22:33:54.507+0000][7][gc,age      ] GC(328) - age   3:      11576 bytes,     556448 total
[2024-02-25T22:33:54.507+0000][7][gc,age      ] GC(328) - age   4:       9616 bytes,     566064 total
[2024-02-25T22:33:54.507+0000][7][gc,age      ] GC(328) - age   5:     338928 bytes,     904992 total
[2024-02-25T22:33:54.507+0000][7][gc,age      ] GC(328) - age   6:       8048 bytes,     913040 total
[2024-02-25T22:33:54.507+0000][7][gc,age      ] GC(328) - age   7:      75896 bytes,     988936 total
[2024-02-25T22:33:54.507+0000][7][gc,age      ] GC(328) - age   9:         24 bytes,     988960 total
[2024-02-25T22:33:54.507+0000][7][gc,age      ] GC(328) - age  11:        184 bytes,     989144 total
[2024-02-25T22:33:54.507+0000][7][gc,heap     ] GC(328) Eden regions: 152->0(152)
[2024-02-25T22:33:54.507+0000][7][gc,heap     ] GC(328) Survivor regions: 1->1(20)
[2024-02-25T22:33:54.507+0000][7][gc,heap     ] GC(328) Old regions: 26->26
[2024-02-25T22:33:54.507+0000][7][gc,heap     ] GC(328) Archive regions: 2->2
[2024-02-25T22:33:54.507+0000][7][gc,heap     ] GC(328) Humongous regions: 0->0
[2024-02-25T22:33:54.507+0000][7][gc,metaspace] GC(328) Metaspace: 128978K(132544K)->128978K(132544K) NonClass: 112130K(113984K)->112130K(113984K) Class: 16847K(18560K)->16847K(18560K)
[2024-02-25T22:33:54.507+0000][7][gc          ] GC(328) Pause Young (Normal) (G1 Evacuation Pause) 714M->105M(1024M) 2.838ms
[2024-02-25T22:33:54.507+0000][7][gc,cpu      ] GC(328) User=0.01s Sys=0.01s Real=0.01s
[2024-02-25T22:33:54.507+0000][7][safepoint   ] Safepoint "G1CollectForAllocation", Time since last: 163036041108 ns, Reaching safepoint: 43237 ns, At safepoint: 2944853 ns, Total: 2988090 ns
[2024-02-25T22:36:42.164+0000][7][gc,start    ] GC(329) Pause Young (Normal) (G1 Evacuation Pause)
[2024-02-25T22:36:42.165+0000][7][gc,task     ] GC(329) Using 8 workers of 8 for evacuation
[2024-02-25T22:36:42.165+0000][7][gc,age      ] GC(329) Desired survivor size 41943040 bytes, new threshold 15 (max threshold 15)
[2024-02-25T22:36:42.167+0000][7][gc,phases   ] GC(329)   Pre Evacuate Collection Set: 0.1ms
[2024-02-25T22:36:42.167+0000][7][gc,phases   ] GC(329)   Merge Heap Roots: 0.1ms
[2024-02-25T22:36:42.167+0000][7][gc,phases   ] GC(329)   Evacuate Collection Set: 1.5ms
[2024-02-25T22:36:42.167+0000][7][gc,phases   ] GC(329)   Post Evacuate Collection Set: 0.9ms
[2024-02-25T22:36:42.167+0000][7][gc,phases   ] GC(329)   Other: 0.1ms
[2024-02-25T22:36:42.167+0000][7][gc,age      ] GC(329) Age table with threshold 15 (max threshold 15)
[2024-02-25T22:36:42.167+0000][7][gc,age      ] GC(329) - age   1:    1713144 bytes,    1713144 total
[2024-02-25T22:36:42.167+0000][7][gc,age      ] GC(329) - age   2:      15352 bytes,    1728496 total
[2024-02-25T22:36:42.167+0000][7][gc,age      ] GC(329) - age   3:        912 bytes,    1729408 total
[2024-02-25T22:36:42.167+0000][7][gc,age      ] GC(329) - age   4:      10296 bytes,    1739704 total
[2024-02-25T22:36:42.167+0000][7][gc,age      ] GC(329) - age   5:       9616 bytes,    1749320 total
[2024-02-25T22:36:42.167+0000][7][gc,age      ] GC(329) - age   6:     338928 bytes,    2088248 total
[2024-02-25T22:36:42.167+0000][7][gc,age      ] GC(329) - age   7:       8016 bytes,    2096264 total
[2024-02-25T22:36:42.167+0000][7][gc,age      ] GC(329) - age   8:      75896 bytes,    2172160 total
[2024-02-25T22:36:42.167+0000][7][gc,age      ] GC(329) - age  10:         24 bytes,    2172184 total
[2024-02-25T22:36:42.167+0000][7][gc,age      ] GC(329) - age  12:        184 bytes,    2172368 total
[2024-02-25T22:36:42.167+0000][7][gc,heap     ] GC(329) Eden regions: 152->0(152)
[2024-02-25T22:36:42.167+0000][7][gc,heap     ] GC(329) Survivor regions: 1->1(20)
[2024-02-25T22:36:42.167+0000][7][gc,heap     ] GC(329) Old regions: 26->26
[2024-02-25T22:36:42.167+0000][7][gc,heap     ] GC(329) Archive regions: 2->2
[2024-02-25T22:36:42.167+0000][7][gc,heap     ] GC(329) Humongous regions: 0->0
[2024-02-25T22:36:42.167+0000][7][gc,metaspace] GC(329) Metaspace: 128978K(132544K)->128978K(132544K) NonClass: 112130K(113984K)->112130K(113984K) Class: 16847K(18560K)->16847K(18560K)
[2024-02-25T22:36:42.167+0000][7][gc          ] GC(329) Pause Young (Normal) (G1 Evacuation Pause) 713M->106M(1024M) 2.990ms
[2024-02-25T22:36:42.168+0000][7][gc,cpu      ] GC(329) User=0.01s Sys=0.00s Real=0.01s
[2024-02-25T22:36:42.168+0000][7][safepoint   ] Safepoint "G1CollectForAllocation", Time since last: 167656918351 ns, Reaching safepoint: 51468 ns, At safepoint: 3090655 ns, Total: 3142123 ns
[2024-02-25T22:39:29.790+0000][7][gc,start    ] GC(330) Pause Young (Normal) (G1 Evacuation Pause)
[2024-02-25T22:39:29.790+0000][7][gc,task     ] GC(330) Using 8 workers of 8 for evacuation
[2024-02-25T22:39:29.790+0000][7][gc,age      ] GC(330) Desired survivor size 41943040 bytes, new threshold 15 (max threshold 15)
[2024-02-25T22:39:29.793+0000][7][gc,phases   ] GC(330)   Pre Evacuate Collection Set: 0.1ms
[2024-02-25T22:39:29.793+0000][7][gc,phases   ] GC(330)   Merge Heap Roots: 0.1ms
[2024-02-25T22:39:29.793+0000][7][gc,phases   ] GC(330)   Evacuate Collection Set: 1.7ms
[2024-02-25T22:39:29.793+0000][7][gc,phases   ] GC(330)   Post Evacuate Collection Set: 0.9ms
[2024-02-25T22:39:29.793+0000][7][gc,phases   ] GC(330)   Other: 0.1ms
[2024-02-25T22:39:29.793+0000][7][gc,age      ] GC(330) Age table with threshold 15 (max threshold 15)
[2024-02-25T22:39:29.793+0000][7][gc,age      ] GC(330) - age   1:    1421176 bytes,    1421176 total
[2024-02-25T22:39:29.793+0000][7][gc,age      ] GC(330) - age   2:      11232 bytes,    1432408 total
[2024-02-25T22:39:29.793+0000][7][gc,age      ] GC(330) - age   3:      13656 bytes,    1446064 total
[2024-02-25T22:39:29.793+0000][7][gc,age      ] GC(330) - age   4:        152 bytes,    1446216 total
[2024-02-25T22:39:29.793+0000][7][gc,age      ] GC(330) - age   5:      10296 bytes,    1456512 total
[2024-02-25T22:39:29.793+0000][7][gc,age      ] GC(330) - age   6:       9616 bytes,    1466128 total
[2024-02-25T22:39:29.793+0000][7][gc,age      ] GC(330) - age   7:     338904 bytes,    1805032 total
[2024-02-25T22:39:29.793+0000][7][gc,age      ] GC(330) - age   8:       8016 bytes,    1813048 total
[2024-02-25T22:39:29.793+0000][7][gc,age      ] GC(330) - age   9:      75896 bytes,    1888944 total
[2024-02-25T22:39:29.793+0000][7][gc,age      ] GC(330) - age  11:         24 bytes,    1888968 total
[2024-02-25T22:39:29.793+0000][7][gc,age      ] GC(330) - age  13:        184 bytes,    1889152 total
[2024-02-25T22:39:29.793+0000][7][gc,heap     ] GC(330) Eden regions: 152->0(152)
[2024-02-25T22:39:29.793+0000][7][gc,heap     ] GC(330) Survivor regions: 1->1(20)
[2024-02-25T22:39:29.793+0000][7][gc,heap     ] GC(330) Old regions: 26->26
[2024-02-25T22:39:29.793+0000][7][gc,heap     ] GC(330) Archive regions: 2->2
[2024-02-25T22:39:29.793+0000][7][gc,heap     ] GC(330) Humongous regions: 0->0
[2024-02-25T22:39:29.793+0000][7][gc,metaspace] GC(330) Metaspace: 128978K(132544K)->128978K(132544K) NonClass: 112130K(113984K)->112130K(113984K) Class: 16847K(18560K)->16847K(18560K)
[2024-02-25T22:39:29.794+0000][7][gc          ] GC(330) Pause Young (Normal) (G1 Evacuation Pause) 714M->106M(1024M) 3.260ms
[2024-02-25T22:39:29.794+0000][7][gc,cpu      ] GC(330) User=0.02s Sys=0.00s Real=0.00s
[2024-02-25T22:39:29.794+0000][7][safepoint   ] Safepoint "G1CollectForAllocation", Time since last: 167622605750 ns, Reaching safepoint: 73484 ns, At safepoint: 3361937 ns, Total: 3435421 ns
[2024-02-25T22:42:14.566+0000][7][gc,start    ] GC(331) Pause Young (Normal) (G1 Evacuation Pause)
[2024-02-25T22:42:14.567+0000][7][gc,task     ] GC(331) Using 8 workers of 8 for evacuation
[2024-02-25T22:42:14.567+0000][7][gc,age      ] GC(331) Desired survivor size 41943040 bytes, new threshold 15 (max threshold 15)
[2024-02-25T22:42:14.569+0000][7][gc,phases   ] GC(331)   Pre Evacuate Collection Set: 0.1ms
[2024-02-25T22:42:14.569+0000][7][gc,phases   ] GC(331)   Merge Heap Roots: 0.1ms
[2024-02-25T22:42:14.569+0000][7][gc,phases   ] GC(331)   Evacuate Collection Set: 1.0ms
[2024-02-25T22:42:14.569+0000][7][gc,phases   ] GC(331)   Post Evacuate Collection Set: 0.8ms
[2024-02-25T22:42:14.569+0000][7][gc,phases   ] GC(331)   Other: 0.1ms
[2024-02-25T22:42:14.569+0000][7][gc,age      ] GC(331) Age table with threshold 15 (max threshold 15)
[2024-02-25T22:42:14.569+0000][7][gc,age      ] GC(331) - age   1:     385592 bytes,     385592 total
[2024-02-25T22:42:14.569+0000][7][gc,age      ] GC(331) - age   2:       4368 bytes,     389960 total
[2024-02-25T22:42:14.569+0000][7][gc,age      ] GC(331) - age   3:       1224 bytes,     391184 total
[2024-02-25T22:42:14.569+0000][7][gc,age      ] GC(331) - age   4:      10200 bytes,     401384 total
[2024-02-25T22:42:14.569+0000][7][gc,age      ] GC(331) - age   5:        152 bytes,     401536 total
[2024-02-25T22:42:14.569+0000][7][gc,age      ] GC(331) - age   6:       9904 bytes,     411440 total
[2024-02-25T22:42:14.569+0000][7][gc,age      ] GC(331) - age   7:       9616 bytes,     421056 total
[2024-02-25T22:42:14.569+0000][7][gc,age      ] GC(331) - age   8:     338904 bytes,     759960 total
[2024-02-25T22:42:14.569+0000][7][gc,age      ] GC(331) - age   9:       8016 bytes,     767976 total
[2024-02-25T22:42:14.569+0000][7][gc,age      ] GC(331) - age  10:      75896 bytes,     843872 total
[2024-02-25T22:42:14.569+0000][7][gc,age      ] GC(331) - age  12:         24 bytes,     843896 total
[2024-02-25T22:42:14.569+0000][7][gc,heap     ] GC(331) Eden regions: 152->0(152)
[2024-02-25T22:42:14.569+0000][7][gc,heap     ] GC(331) Survivor regions: 1->1(20)
[2024-02-25T22:42:14.569+0000][7][gc,heap     ] GC(331) Old regions: 26->26
[2024-02-25T22:42:14.569+0000][7][gc,heap     ] GC(331) Archive regions: 2->2
[2024-02-25T22:42:14.569+0000][7][gc,heap     ] GC(331) Humongous regions: 0->0
[2024-02-25T22:42:14.569+0000][7][gc,metaspace] GC(331) Metaspace: 128978K(132544K)->128978K(132544K) NonClass: 112130K(113984K)->112130K(113984K) Class: 16847K(18560K)->16847K(18560K)
[2024-02-25T22:42:14.569+0000][7][gc          ] GC(331) Pause Young (Normal) (G1 Evacuation Pause) 714M->105M(1024M) 2.341ms
[2024-02-25T22:42:14.569+0000][7][gc,cpu      ] GC(331) User=0.01s Sys=0.00s Real=0.01s
[2024-02-25T22:42:14.569+0000][7][safepoint   ] Safepoint "G1CollectForAllocation", Time since last: 164772834186 ns, Reaching safepoint: 35302 ns, At safepoint: 2434484 ns, Total: 2469786 ns
[2024-02-25T22:42:30.572+0000][7][safepoint   ] Safepoint "Cleanup", Time since last: 16002546214 ns, Reaching safepoint: 74506 ns, At safepoint: 43709 ns, Total: 118215 ns
[2024-02-25T22:45:05.528+0000][7][gc,start    ] GC(332) Pause Young (Normal) (G1 Evacuation Pause)
[2024-02-25T22:45:05.528+0000][7][gc,task     ] GC(332) Using 8 workers of 8 for evacuation
[2024-02-25T22:45:05.528+0000][7][gc,age      ] GC(332) Desired survivor size 41943040 bytes, new threshold 15 (max threshold 15)
[2024-02-25T22:45:05.531+0000][7][gc,phases   ] GC(332)   Pre Evacuate Collection Set: 0.1ms
[2024-02-25T22:45:05.531+0000][7][gc,phases   ] GC(332)   Merge Heap Roots: 0.1ms
[2024-02-25T22:45:05.531+0000][7][gc,phases   ] GC(332)   Evacuate Collection Set: 1.8ms
[2024-02-25T22:45:05.531+0000][7][gc,phases   ] GC(332)   Post Evacuate Collection Set: 1.0ms
[2024-02-25T22:45:05.531+0000][7][gc,phases   ] GC(332)   Other: 0.1ms
[2024-02-25T22:45:05.531+0000][7][gc,age      ] GC(332) Age table with threshold 15 (max threshold 15)
[2024-02-25T22:45:05.531+0000][7][gc,age      ] GC(332) - age   1:    1240832 bytes,    1240832 total
[2024-02-25T22:45:05.531+0000][7][gc,age      ] GC(332) - age   2:       4832 bytes,    1245664 total
[2024-02-25T22:45:05.531+0000][7][gc,age      ] GC(332) - age   3:       2152 bytes,    1247816 total
[2024-02-25T22:45:05.531+0000][7][gc,age      ] GC(332) - age   4:       1096 bytes,    1248912 total
[2024-02-25T22:45:05.531+0000][7][gc,age      ] GC(332) - age   5:       9984 bytes,    1258896 total
[2024-02-25T22:45:05.531+0000][7][gc,age      ] GC(332) - age   6:         88 bytes,    1258984 total
[2024-02-25T22:45:05.531+0000][7][gc,age      ] GC(332) - age   7:       9904 bytes,    1268888 total
[2024-02-25T22:45:05.531+0000][7][gc,age      ] GC(332) - age   8:       9616 bytes,    1278504 total
[2024-02-25T22:45:05.531+0000][7][gc,age      ] GC(332) - age   9:     338904 bytes,    1617408 total
[2024-02-25T22:45:05.531+0000][7][gc,age      ] GC(332) - age  10:       8016 bytes,    1625424 total
[2024-02-25T22:45:05.531+0000][7][gc,age      ] GC(332) - age  11:      75896 bytes,    1701320 total
[2024-02-25T22:45:05.531+0000][7][gc,age      ] GC(332) - age  13:         24 bytes,    1701344 total
[2024-02-25T22:45:05.531+0000][7][gc,heap     ] GC(332) Eden regions: 152->0(152)
[2024-02-25T22:45:05.531+0000][7][gc,heap     ] GC(332) Survivor regions: 1->1(20)
[2024-02-25T22:45:05.531+0000][7][gc,heap     ] GC(332) Old regions: 26->26
[2024-02-25T22:45:05.531+0000][7][gc,heap     ] GC(332) Archive regions: 2->2
[2024-02-25T22:45:05.531+0000][7][gc,heap     ] GC(332) Humongous regions: 0->0
[2024-02-25T22:45:05.531+0000][7][gc,metaspace] GC(332) Metaspace: 128978K(132544K)->128978K(132544K) NonClass: 112130K(113984K)->112130K(113984K) Class: 16847K(18560K)->16847K(18560K)
[2024-02-25T22:45:05.531+0000][7][gc          ] GC(332) Pause Young (Normal) (G1 Evacuation Pause) 713M->106M(1024M) 3.545ms
[2024-02-25T22:45:05.531+0000][7][gc,cpu      ] GC(332) User=0.01s Sys=0.00s Real=0.00s
[2024-02-25T22:45:05.531+0000][7][safepoint   ] Safepoint "G1CollectForAllocation", Time since last: 154956083791 ns, Reaching safepoint: 62965 ns, At safepoint: 3679359 ns, Total: 3742324 ns
[2024-02-25T22:45:19.533+0000][7][safepoint   ] Safepoint "Cleanup", Time since last: 14001438277 ns, Reaching safepoint: 64682 ns, At safepoint: 4988 ns, Total: 69670 ns
[2024-02-25T22:46:19.539+0000][7][safepoint   ] Safepoint "Cleanup", Time since last: 60006097855 ns, Reaching safepoint: 100720 ns, At safepoint: 9097 ns, Total: 109817 ns
[2024-02-25T22:48:26.561+0000][7][gc,start    ] GC(333) Pause Young (Normal) (G1 Evacuation Pause)
[2024-02-25T22:48:26.561+0000][7][gc,task     ] GC(333) Using 8 workers of 8 for evacuation
[2024-02-25T22:48:26.561+0000][7][gc,age      ] GC(333) Desired survivor size 41943040 bytes, new threshold 15 (max threshold 15)
[2024-02-25T22:48:26.563+0000][7][gc,phases   ] GC(333)   Pre Evacuate Collection Set: 0.1ms
[2024-02-25T22:48:26.563+0000][7][gc,phases   ] GC(333)   Merge Heap Roots: 0.1ms
[2024-02-25T22:48:26.563+0000][7][gc,phases   ] GC(333)   Evacuate Collection Set: 1.0ms
[2024-02-25T22:48:26.563+0000][7][gc,phases   ] GC(333)   Post Evacuate Collection Set: 0.8ms
[2024-02-25T22:48:26.563+0000][7][gc,phases   ] GC(333)   Other: 0.1ms
[2024-02-25T22:48:26.563+0000][7][gc,age      ] GC(333) Age table with threshold 15 (max threshold 15)
[2024-02-25T22:48:26.563+0000][7][gc,age      ] GC(333) - age   1:     707264 bytes,     707264 total
[2024-02-25T22:48:26.563+0000][7][gc,age      ] GC(333) - age   2:       2328 bytes,     709592 total
[2024-02-25T22:48:26.563+0000][7][gc,age      ] GC(333) - age   3:       3912 bytes,     713504 total
[2024-02-25T22:48:26.563+0000][7][gc,age      ] GC(333) - age   4:       1968 bytes,     715472 total
[2024-02-25T22:48:26.563+0000][7][gc,age      ] GC(333) - age   5:        280 bytes,     715752 total
[2024-02-25T22:48:26.563+0000][7][gc,age      ] GC(333) - age   6:       9984 bytes,     725736 total
[2024-02-25T22:48:26.563+0000][7][gc,age      ] GC(333) - age   7:         88 bytes,     725824 total
[2024-02-25T22:48:26.563+0000][7][gc,age      ] GC(333) - age   8:       9784 bytes,     735608 total
[2024-02-25T22:48:26.563+0000][7][gc,age      ] GC(333) - age   9:       9616 bytes,     745224 total
[2024-02-25T22:48:26.563+0000][7][gc,age      ] GC(333) - age  10:     338904 bytes,    1084128 total
[2024-02-25T22:48:26.563+0000][7][gc,age      ] GC(333) - age  11:       8016 bytes,    1092144 total
[2024-02-25T22:48:26.563+0000][7][gc,age      ] GC(333) - age  12:      75896 bytes,    1168040 total
[2024-02-25T22:48:26.563+0000][7][gc,age      ] GC(333) - age  14:         24 bytes,    1168064 total
[2024-02-25T22:48:26.563+0000][7][gc,heap     ] GC(333) Eden regions: 152->0(152)
[2024-02-25T22:48:26.563+0000][7][gc,heap     ] GC(333) Survivor regions: 1->1(20)
[2024-02-25T22:48:26.563+0000][7][gc,heap     ] GC(333) Old regions: 26->26
[2024-02-25T22:48:26.563+0000][7][gc,heap     ] GC(333) Archive regions: 2->2
[2024-02-25T22:48:26.563+0000][7][gc,heap     ] GC(333) Humongous regions: 0->0
[2024-02-25T22:48:26.563+0000][7][gc,metaspace] GC(333) Metaspace: 128978K(132544K)->128978K(132544K) NonClass: 112130K(113984K)->112130K(113984K) Class: 16847K(18560K)->16847K(18560K)
[2024-02-25T22:48:26.563+0000][7][gc          ] GC(333) Pause Young (Normal) (G1 Evacuation Pause) 714M->106M(1024M) 2.359ms
[2024-02-25T22:48:26.563+0000][7][gc,cpu      ] GC(333) User=0.01s Sys=0.01s Real=0.00s
[2024-02-25T22:48:26.563+0000][7][safepoint   ] Safepoint "G1CollectForAllocation", Time since last: 127021792224 ns, Reaching safepoint: 86708 ns, At safepoint: 2444869 ns, Total: 2531577 ns
[2024-02-25T22:51:56.556+0000][7][gc,start    ] GC(334) Pause Young (Normal) (G1 Evacuation Pause)
[2024-02-25T22:51:56.556+0000][7][gc,task     ] GC(334) Using 8 workers of 8 for evacuation
[2024-02-25T22:51:56.556+0000][7][gc,age      ] GC(334) Desired survivor size 41943040 bytes, new threshold 15 (max threshold 15)
[2024-02-25T22:51:56.559+0000][7][gc,phases   ] GC(334)   Pre Evacuate Collection Set: 0.1ms
[2024-02-25T22:51:56.559+0000][7][gc,phases   ] GC(334)   Merge Heap Roots: 0.1ms
[2024-02-25T22:51:56.559+0000][7][gc,phases   ] GC(334)   Evacuate Collection Set: 1.4ms
[2024-02-25T22:51:56.559+0000][7][gc,phases   ] GC(334)   Post Evacuate Collection Set: 0.7ms
[2024-02-25T22:51:56.559+0000][7][gc,phases   ] GC(334)   Other: 0.1ms
[2024-02-25T22:51:56.559+0000][7][gc,age      ] GC(334) Age table with threshold 15 (max threshold 15)
[2024-02-25T22:51:56.559+0000][7][gc,age      ] GC(334) - age   1:    1371984 bytes,    1371984 total
[2024-02-25T22:51:56.559+0000][7][gc,age      ] GC(334) - age   2:       1632 bytes,    1373616 total
[2024-02-25T22:51:56.559+0000][7][gc,age      ] GC(334) - age   3:        632 bytes,    1374248 total
[2024-02-25T22:51:56.559+0000][7][gc,age      ] GC(334) - age   4:        392 bytes,    1374640 total
[2024-02-25T22:51:56.559+0000][7][gc,age      ] GC(334) - age   5:       1464 bytes,    1376104 total
[2024-02-25T22:51:56.559+0000][7][gc,age      ] GC(334) - age   6:        216 bytes,    1376320 total
[2024-02-25T22:51:56.559+0000][7][gc,age      ] GC(334) - age   7:       9984 bytes,    1386304 total
[2024-02-25T22:51:56.559+0000][7][gc,age      ] GC(334) - age   8:         24 bytes,    1386328 total
[2024-02-25T22:51:56.559+0000][7][gc,age      ] GC(334) - age   9:       9784 bytes,    1396112 total
[2024-02-25T22:51:56.559+0000][7][gc,age      ] GC(334) - age  10:       9616 bytes,    1405728 total
[2024-02-25T22:51:56.559+0000][7][gc,age      ] GC(334) - age  11:     338904 bytes,    1744632 total
[2024-02-25T22:51:56.559+0000][7][gc,age      ] GC(334) - age  12:       8016 bytes,    1752648 total
[2024-02-25T22:51:56.559+0000][7][gc,age      ] GC(334) - age  13:      75896 bytes,    1828544 total
[2024-02-25T22:51:56.559+0000][7][gc,age      ] GC(334) - age  15:         24 bytes,    1828568 total
[2024-02-25T22:51:56.559+0000][7][gc,heap     ] GC(334) Eden regions: 152->0(152)
[2024-02-25T22:51:56.559+0000][7][gc,heap     ] GC(334) Survivor regions: 1->1(20)
[2024-02-25T22:51:56.559+0000][7][gc,heap     ] GC(334) Old regions: 26->26
[2024-02-25T22:51:56.559+0000][7][gc,heap     ] GC(334) Archive regions: 2->2
[2024-02-25T22:51:56.559+0000][7][gc,heap     ] GC(334) Humongous regions: 0->0
[2024-02-25T22:51:56.559+0000][7][gc,metaspace] GC(334) Metaspace: 128978K(132544K)->128978K(132544K) NonClass: 112130K(113984K)->112130K(113984K) Class: 16847K(18560K)->16847K(18560K)
[2024-02-25T22:51:56.559+0000][7][gc          ] GC(334) Pause Young (Normal) (G1 Evacuation Pause) 714M->106M(1024M) 2.626ms
[2024-02-25T22:51:56.559+0000][7][gc,cpu      ] GC(334) User=0.01s Sys=0.01s Real=0.00s
[2024-02-25T22:51:56.559+0000][7][safepoint   ] Safepoint "G1CollectForAllocation", Time since last: 209992726845 ns, Reaching safepoint: 58601 ns, At safepoint: 2712158 ns, Total: 2770759 ns
[2024-02-25T22:55:26.656+0000][7][gc,start    ] GC(335) Pause Young (Normal) (G1 Evacuation Pause)
[2024-02-25T22:55:26.656+0000][7][gc,task     ] GC(335) Using 8 workers of 8 for evacuation
[2024-02-25T22:55:26.656+0000][7][gc,age      ] GC(335) Desired survivor size 41943040 bytes, new threshold 15 (max threshold 15)
[2024-02-25T22:55:26.658+0000][7][gc,phases   ] GC(335)   Pre Evacuate Collection Set: 0.1ms
[2024-02-25T22:55:26.658+0000][7][gc,phases   ] GC(335)   Merge Heap Roots: 0.1ms
[2024-02-25T22:55:26.658+0000][7][gc,phases   ] GC(335)   Evacuate Collection Set: 1.1ms
[2024-02-25T22:55:26.658+0000][7][gc,phases   ] GC(335)   Post Evacuate Collection Set: 0.5ms
[2024-02-25T22:55:26.658+0000][7][gc,phases   ] GC(335)   Other: 0.1ms
[2024-02-25T22:55:26.658+0000][7][gc,age      ] GC(335) Age table with threshold 15 (max threshold 15)
[2024-02-25T22:55:26.658+0000][7][gc,age      ] GC(335) - age   1:    1609352 bytes,    1609352 total
[2024-02-25T22:55:26.658+0000][7][gc,age      ] GC(335) - age   2:      13928 bytes,    1623280 total
[2024-02-25T22:55:26.658+0000][7][gc,age      ] GC(335) - age   3:       1040 bytes,    1624320 total
[2024-02-25T22:55:26.658+0000][7][gc,age      ] GC(335) - age   4:        208 bytes,    1624528 total
[2024-02-25T22:55:26.658+0000][7][gc,age      ] GC(335) - age   5:        392 bytes,    1624920 total
[2024-02-25T22:55:26.658+0000][7][gc,age      ] GC(335) - age   6:       1464 bytes,    1626384 total
[2024-02-25T22:55:26.658+0000][7][gc,age      ] GC(335) - age   7:        216 bytes,    1626600 total
[2024-02-25T22:55:26.658+0000][7][gc,age      ] GC(335) - age   8:       9600 bytes,    1636200 total
[2024-02-25T22:55:26.658+0000][7][gc,age      ] GC(335) - age   9:         24 bytes,    1636224 total
[2024-02-25T22:55:26.658+0000][7][gc,age      ] GC(335) - age  10:       9600 bytes,    1645824 total
[2024-02-25T22:55:26.658+0000][7][gc,age      ] GC(335) - age  11:       9616 bytes,    1655440 total
[2024-02-25T22:55:26.658+0000][7][gc,age      ] GC(335) - age  12:     338904 bytes,    1994344 total
[2024-02-25T22:55:26.658+0000][7][gc,age      ] GC(335) - age  13:       8016 bytes,    2002360 total
[2024-02-25T22:55:26.658+0000][7][gc,age      ] GC(335) - age  14:      75896 bytes,    2078256 total
[2024-02-25T22:55:26.658+0000][7][gc,heap     ] GC(335) Eden regions: 152->0(152)
[2024-02-25T22:55:26.658+0000][7][gc,heap     ] GC(335) Survivor regions: 1->1(20)
[2024-02-25T22:55:26.658+0000][7][gc,heap     ] GC(335) Old regions: 26->26
[2024-02-25T22:55:26.658+0000][7][gc,heap     ] GC(335) Archive regions: 2->2
[2024-02-25T22:55:26.658+0000][7][gc,heap     ] GC(335) Humongous regions: 0->0
[2024-02-25T22:55:26.658+0000][7][gc,metaspace] GC(335) Metaspace: 128978K(132544K)->128978K(132544K) NonClass: 112130K(113984K)->112130K(113984K) Class: 16847K(18560K)->16847K(18560K)
[2024-02-25T22:55:26.658+0000][7][gc          ] GC(335) Pause Young (Normal) (G1 Evacuation Pause) 714M->106M(1024M) 2.015ms
[2024-02-25T22:55:26.658+0000][7][gc,cpu      ] GC(335) User=0.01s Sys=0.00s Real=0.00s
[2024-02-25T22:55:26.658+0000][7][safepoint   ] Safepoint "G1CollectForAllocation", Time since last: 210097236928 ns, Reaching safepoint: 30041 ns, At safepoint: 2080793 ns, Total: 2110834 ns
[2024-02-25T22:59:00.090+0000][7][gc,start    ] GC(336) Pause Young (Normal) (G1 Evacuation Pause)
[2024-02-25T22:59:00.090+0000][7][gc,task     ] GC(336) Using 8 workers of 8 for evacuation
[2024-02-25T22:59:00.090+0000][7][gc,age      ] GC(336) Desired survivor size 41943040 bytes, new threshold 15 (max threshold 15)
[2024-02-25T22:59:00.094+0000][7][gc,phases   ] GC(336)   Pre Evacuate Collection Set: 0.1ms
[2024-02-25T22:59:00.094+0000][7][gc,phases   ] GC(336)   Merge Heap Roots: 0.1ms
[2024-02-25T22:59:00.094+0000][7][gc,phases   ] GC(336)   Evacuate Collection Set: 2.5ms
[2024-02-25T22:59:00.094+0000][7][gc,phases   ] GC(336)   Post Evacuate Collection Set: 0.9ms
[2024-02-25T22:59:00.094+0000][7][gc,phases   ] GC(336)   Other: 0.1ms
[2024-02-25T22:59:00.094+0000][7][gc,age      ] GC(336) Age table with threshold 15 (max threshold 15)
[2024-02-25T22:59:00.094+0000][7][gc,age      ] GC(336) - age   1:    1031560 bytes,    1031560 total
[2024-02-25T22:59:00.094+0000][7][gc,age      ] GC(336) - age   2:       3032 bytes,    1034592 total
[2024-02-25T22:59:00.094+0000][7][gc,age      ] GC(336) - age   3:      12232 bytes,    1046824 total
[2024-02-25T22:59:00.094+0000][7][gc,age      ] GC(336) - age   4:         32 bytes,    1046856 total
[2024-02-25T22:59:00.094+0000][7][gc,age      ] GC(336) - age   5:         24 bytes,    1046880 total
[2024-02-25T22:59:00.094+0000][7][gc,age      ] GC(336) - age   7:       1464 bytes,    1048344 total
[2024-02-25T22:59:00.094+0000][7][gc,age      ] GC(336) - age   8:        184 bytes,    1048528 total
[2024-02-25T22:59:00.094+0000][7][gc,age      ] GC(336) - age   9:       9600 bytes,    1058128 total
[2024-02-25T22:59:00.094+0000][7][gc,age      ] GC(336) - age  10:         24 bytes,    1058152 total
[2024-02-25T22:59:00.094+0000][7][gc,age      ] GC(336) - age  11:       9600 bytes,    1067752 total
[2024-02-25T22:59:00.094+0000][7][gc,age      ] GC(336) - age  12:       9616 bytes,    1077368 total
[2024-02-25T22:59:00.094+0000][7][gc,age      ] GC(336) - age  13:     338904 bytes,    1416272 total
[2024-02-25T22:59:00.094+0000][7][gc,age      ] GC(336) - age  15:      75896 bytes,    1492168 total
[2024-02-25T22:59:00.094+0000][7][gc,heap     ] GC(336) Eden regions: 152->0(152)
[2024-02-25T22:59:00.094+0000][7][gc,heap     ] GC(336) Survivor regions: 1->1(20)
[2024-02-25T22:59:00.094+0000][7][gc,heap     ] GC(336) Old regions: 26->26
[2024-02-25T22:59:00.094+0000][7][gc,heap     ] GC(336) Archive regions: 2->2
[2024-02-25T22:59:00.094+0000][7][gc,heap     ] GC(336) Humongous regions: 0->0
[2024-02-25T22:59:00.094+0000][7][gc,metaspace] GC(336) Metaspace: 128978K(132544K)->128978K(132544K) NonClass: 112130K(113984K)->112130K(113984K) Class: 16847K(18560K)->16847K(18560K)
[2024-02-25T22:59:00.094+0000][7][gc          ] GC(336) Pause Young (Normal) (G1 Evacuation Pause) 714M->106M(1024M) 4.115ms
[2024-02-25T22:59:00.094+0000][7][gc,cpu      ] GC(336) User=0.02s Sys=0.00s Real=0.00s
[2024-02-25T22:59:00.095+0000][7][safepoint   ] Safepoint "G1CollectForAllocation", Time since last: 213431736292 ns, Reaching safepoint: 293165 ns, At safepoint: 4227637 ns, Total: 4520802 ns
[2024-02-25T23:02:26.614+0000][7][gc,start    ] GC(337) Pause Young (Normal) (G1 Evacuation Pause)
[2024-02-25T23:02:26.614+0000][7][gc,task     ] GC(337) Using 8 workers of 8 for evacuation
[2024-02-25T23:02:26.614+0000][7][gc,age      ] GC(337) Desired survivor size 41943040 bytes, new threshold 15 (max threshold 15)
[2024-02-25T23:02:26.616+0000][7][gc,phases   ] GC(337)   Pre Evacuate Collection Set: 0.1ms
[2024-02-25T23:02:26.616+0000][7][gc,phases   ] GC(337)   Merge Heap Roots: 0.1ms
[2024-02-25T23:02:26.616+0000][7][gc,phases   ] GC(337)   Evacuate Collection Set: 1.2ms
[2024-02-25T23:02:26.616+0000][7][gc,phases   ] GC(337)   Post Evacuate Collection Set: 0.6ms
[2024-02-25T23:02:26.616+0000][7][gc,phases   ] GC(337)   Other: 0.1ms
[2024-02-25T23:02:26.616+0000][7][gc,age      ] GC(337) Age table with threshold 15 (max threshold 15)
[2024-02-25T23:02:26.616+0000][7][gc,age      ] GC(337) - age   1:    1393472 bytes,    1393472 total
[2024-02-25T23:02:26.616+0000][7][gc,age      ] GC(337) - age   2:      10336 bytes,    1403808 total
[2024-02-25T23:02:26.616+0000][7][gc,age      ] GC(337) - age   3:        816 bytes,    1404624 total
[2024-02-25T23:02:26.616+0000][7][gc,age      ] GC(337) - age   4:       8496 bytes,    1413120 total
[2024-02-25T23:02:26.616+0000][7][gc,age      ] GC(337) - age   5:         32 bytes,    1413152 total
[2024-02-25T23:02:26.616+0000][7][gc,age      ] GC(337) - age   6:         24 bytes,    1413176 total
[2024-02-25T23:02:26.616+0000][7][gc,age      ] GC(337) - age   8:       1464 bytes,    1414640 total
[2024-02-25T23:02:26.616+0000][7][gc,age      ] GC(337) - age  10:       9600 bytes,    1424240 total
[2024-02-25T23:02:26.616+0000][7][gc,age      ] GC(337) - age  11:         24 bytes,    1424264 total
[2024-02-25T23:02:26.616+0000][7][gc,age      ] GC(337) - age  12:       9600 bytes,    1433864 total
[2024-02-25T23:02:26.616+0000][7][gc,age      ] GC(337) - age  13:       9616 bytes,    1443480 total
[2024-02-25T23:02:26.616+0000][7][gc,age      ] GC(337) - age  14:     338904 bytes,    1782384 total
[2024-02-25T23:02:26.616+0000][7][gc,heap     ] GC(337) Eden regions: 152->0(152)
[2024-02-25T23:02:26.616+0000][7][gc,heap     ] GC(337) Survivor regions: 1->1(20)
[2024-02-25T23:02:26.616+0000][7][gc,heap     ] GC(337) Old regions: 26->26
[2024-02-25T23:02:26.616+0000][7][gc,heap     ] GC(337) Archive regions: 2->2
[2024-02-25T23:02:26.616+0000][7][gc,heap     ] GC(337) Humongous regions: 0->0
[2024-02-25T23:02:26.616+0000][7][gc,metaspace] GC(337) Metaspace: 128978K(132544K)->128978K(132544K) NonClass: 112130K(113984K)->112130K(113984K) Class: 16847K(18560K)->16847K(18560K)
[2024-02-25T23:02:26.616+0000][7][gc          ] GC(337) Pause Young (Normal) (G1 Evacuation Pause) 714M->106M(1024M) 2.282ms
[2024-02-25T23:02:26.616+0000][7][gc,cpu      ] GC(337) User=0.01s Sys=0.00s Real=0.01s
[2024-02-25T23:02:26.616+0000][7][safepoint   ] Safepoint "G1CollectForAllocation", Time since last: 206519313032 ns, Reaching safepoint: 45671 ns, At safepoint: 2359233 ns, Total: 2404904 ns
[2024-02-25T23:05:56.632+0000][7][gc,start    ] GC(338) Pause Young (Normal) (G1 Evacuation Pause)
[2024-02-25T23:05:56.632+0000][7][gc,task     ] GC(338) Using 8 workers of 8 for evacuation
[2024-02-25T23:05:56.632+0000][7][gc,age      ] GC(338) Desired survivor size 41943040 bytes, new threshold 15 (max threshold 15)
[2024-02-25T23:05:56.634+0000][7][gc,phases   ] GC(338)   Pre Evacuate Collection Set: 0.1ms
[2024-02-25T23:05:56.634+0000][7][gc,phases   ] GC(338)   Merge Heap Roots: 0.1ms
[2024-02-25T23:05:56.634+0000][7][gc,phases   ] GC(338)   Evacuate Collection Set: 1.1ms
[2024-02-25T23:05:56.634+0000][7][gc,phases   ] GC(338)   Post Evacuate Collection Set: 0.7ms
[2024-02-25T23:05:56.634+0000][7][gc,phases   ] GC(338)   Other: 0.1ms
[2024-02-25T23:05:56.634+0000][7][gc,age      ] GC(338) Age table with threshold 15 (max threshold 15)
[2024-02-25T23:05:56.634+0000][7][gc,age      ] GC(338) - age   1:     866240 bytes,     866240 total
[2024-02-25T23:05:56.634+0000][7][gc,age      ] GC(338) - age   2:       5456 bytes,     871696 total
[2024-02-25T23:05:56.634+0000][7][gc,age      ] GC(338) - age   3:        608 bytes,     872304 total
[2024-02-25T23:05:56.634+0000][7][gc,age      ] GC(338) - age   4:        568 bytes,     872872 total
[2024-02-25T23:05:56.634+0000][7][gc,age      ] GC(338) - age   5:       8200 bytes,     881072 total
[2024-02-25T23:05:56.634+0000][7][gc,age      ] GC(338) - age   7:         24 bytes,     881096 total
[2024-02-25T23:05:56.634+0000][7][gc,age      ] GC(338) - age   9:       1464 bytes,     882560 total
[2024-02-25T23:05:56.634+0000][7][gc,age      ] GC(338) - age  11:       9600 bytes,     892160 total
[2024-02-25T23:05:56.634+0000][7][gc,age      ] GC(338) - age  12:         24 bytes,     892184 total
[2024-02-25T23:05:56.634+0000][7][gc,age      ] GC(338) - age  13:       9600 bytes,     901784 total
[2024-02-25T23:05:56.634+0000][7][gc,age      ] GC(338) - age  14:       9616 bytes,     911400 total
[2024-02-25T23:05:56.634+0000][7][gc,age      ] GC(338) - age  15:     338904 bytes,    1250304 total
[2024-02-25T23:05:56.634+0000][7][gc,heap     ] GC(338) Eden regions: 152->0(152)
[2024-02-25T23:05:56.634+0000][7][gc,heap     ] GC(338) Survivor regions: 1->1(20)
[2024-02-25T23:05:56.634+0000][7][gc,heap     ] GC(338) Old regions: 26->26
[2024-02-25T23:05:56.634+0000][7][gc,heap     ] GC(338) Archive regions: 2->2
[2024-02-25T23:05:56.634+0000][7][gc,heap     ] GC(338) Humongous regions: 0->0
[2024-02-25T23:05:56.634+0000][7][gc,metaspace] GC(338) Metaspace: 128978K(132544K)->128978K(132544K) NonClass: 112130K(113984K)->112130K(113984K) Class: 16847K(18560K)->16847K(18560K)
[2024-02-25T23:05:56.634+0000][7][gc          ] GC(338) Pause Young (Normal) (G1 Evacuation Pause) 714M->106M(1024M) 2.294ms
[2024-02-25T23:05:56.634+0000][7][gc,cpu      ] GC(338) User=0.01s Sys=0.00s Real=0.00s
[2024-02-25T23:05:56.634+0000][7][safepoint   ] Safepoint "G1CollectForAllocation", Time since last: 210015164658 ns, Reaching safepoint: 75999 ns, At safepoint: 2375656 ns, Total: 2451655 ns
[2024-02-25T23:08:19.650+0000][7][safepoint   ] Safepoint "Cleanup", Time since last: 143015704237 ns, Reaching safepoint: 127362 ns, At safepoint: 11763 ns, Total: 139125 ns
[2024-02-25T23:09:26.630+0000][7][gc,start    ] GC(339) Pause Young (Normal) (G1 Evacuation Pause)
[2024-02-25T23:09:26.630+0000][7][gc,task     ] GC(339) Using 8 workers of 8 for evacuation
[2024-02-25T23:09:26.630+0000][7][gc,age      ] GC(339) Desired survivor size 41943040 bytes, new threshold 15 (max threshold 15)
[2024-02-25T23:09:26.633+0000][7][gc,phases   ] GC(339)   Pre Evacuate Collection Set: 0.1ms
[2024-02-25T23:09:26.633+0000][7][gc,phases   ] GC(339)   Merge Heap Roots: 0.1ms
[2024-02-25T23:09:26.633+0000][7][gc,phases   ] GC(339)   Evacuate Collection Set: 1.5ms
[2024-02-25T23:09:26.633+0000][7][gc,phases   ] GC(339)   Post Evacuate Collection Set: 0.9ms
[2024-02-25T23:09:26.633+0000][7][gc,phases   ] GC(339)   Other: 0.1ms
[2024-02-25T23:09:26.633+0000][7][gc,age      ] GC(339) Age table with threshold 15 (max threshold 15)
[2024-02-25T23:09:26.633+0000][7][gc,age      ] GC(339) - age   1:    1342120 bytes,    1342120 total
[2024-02-25T23:09:26.633+0000][7][gc,age      ] GC(339) - age   2:       2256 bytes,    1344376 total
[2024-02-25T23:09:26.633+0000][7][gc,age      ] GC(339) - age   3:       3672 bytes,    1348048 total
[2024-02-25T23:09:26.633+0000][7][gc,age      ] GC(339) - age   4:        424 bytes,    1348472 total
[2024-02-25T23:09:26.633+0000][7][gc,age      ] GC(339) - age   5:        568 bytes,    1349040 total
[2024-02-25T23:09:26.633+0000][7][gc,age      ] GC(339) - age   6:       8200 bytes,    1357240 total
[2024-02-25T23:09:26.633+0000][7][gc,age      ] GC(339) - age   8:         24 bytes,    1357264 total
[2024-02-25T23:09:26.633+0000][7][gc,age      ] GC(339) - age  10:       1464 bytes,    1358728 total
[2024-02-25T23:09:26.633+0000][7][gc,age      ] GC(339) - age  12:       9600 bytes,    1368328 total
[2024-02-25T23:09:26.633+0000][7][gc,age      ] GC(339) - age  13:         24 bytes,    1368352 total
[2024-02-25T23:09:26.633+0000][7][gc,age      ] GC(339) - age  14:       9600 bytes,    1377952 total
[2024-02-25T23:09:26.633+0000][7][gc,age      ] GC(339) - age  15:       9616 bytes,    1387568 total
[2024-02-25T23:09:26.633+0000][7][gc,heap     ] GC(339) Eden regions: 152->0(152)
[2024-02-25T23:09:26.633+0000][7][gc,heap     ] GC(339) Survivor regions: 1->1(20)
[2024-02-25T23:09:26.633+0000][7][gc,heap     ] GC(339) Old regions: 26->26
[2024-02-25T23:09:26.633+0000][7][gc,heap     ] GC(339) Archive regions: 2->2
[2024-02-25T23:09:26.633+0000][7][gc,heap     ] GC(339) Humongous regions: 0->0
[2024-02-25T23:09:26.633+0000][7][gc,metaspace] GC(339) Metaspace: 128978K(132544K)->128978K(132544K) NonClass: 112130K(113984K)->112130K(113984K) Class: 16847K(18560K)->16847K(18560K)
[2024-02-25T23:09:26.633+0000][7][gc          ] GC(339) Pause Young (Normal) (G1 Evacuation Pause) 714M->106M(1024M) 2.930ms
[2024-02-25T23:09:26.633+0000][7][gc,cpu      ] GC(339) User=0.01s Sys=0.00s Real=0.00s
[2024-02-25T23:09:26.633+0000][7][safepoint   ] Safepoint "G1CollectForAllocation", Time since last: 66980219264 ns, Reaching safepoint: 65303 ns, At safepoint: 3023213 ns, Total: 3088516 ns
[2024-02-25T23:12:56.670+0000][7][gc,start    ] GC(340) Pause Young (Normal) (G1 Evacuation Pause)
[2024-02-25T23:12:56.670+0000][7][gc,task     ] GC(340) Using 8 workers of 8 for evacuation
[2024-02-25T23:12:56.670+0000][7][gc,age      ] GC(340) Desired survivor size 41943040 bytes, new threshold 15 (max threshold 15)
[2024-02-25T23:12:56.672+0000][7][gc,phases   ] GC(340)   Pre Evacuate Collection Set: 0.1ms
[2024-02-25T23:12:56.672+0000][7][gc,phases   ] GC(340)   Merge Heap Roots: 0.1ms
[2024-02-25T23:12:56.672+0000][7][gc,phases   ] GC(340)   Evacuate Collection Set: 1.4ms
[2024-02-25T23:12:56.672+0000][7][gc,phases   ] GC(340)   Post Evacuate Collection Set: 0.7ms
[2024-02-25T23:12:56.672+0000][7][gc,phases   ] GC(340)   Other: 0.1ms
[2024-02-25T23:12:56.672+0000][7][gc,age      ] GC(340) Age table with threshold 15 (max threshold 15)
[2024-02-25T23:12:56.672+0000][7][gc,age      ] GC(340) - age   1:    1726360 bytes,    1726360 total
[2024-02-25T23:12:56.672+0000][7][gc,age      ] GC(340) - age   2:       9560 bytes,    1735920 total
[2024-02-25T23:12:56.672+0000][7][gc,age      ] GC(340) - age   3:        744 bytes,    1736664 total
[2024-02-25T23:12:56.672+0000][7][gc,age      ] GC(340) - age   4:        216 bytes,    1736880 total
[2024-02-25T23:12:56.672+0000][7][gc,age      ] GC(340) - age   5:         32 bytes,    1736912 total
[2024-02-25T23:12:56.672+0000][7][gc,age      ] GC(340) - age   6:        568 bytes,    1737480 total
[2024-02-25T23:12:56.672+0000][7][gc,age      ] GC(340) - age   7:       8200 bytes,    1745680 total
[2024-02-25T23:12:56.672+0000][7][gc,age      ] GC(340) - age   9:         24 bytes,    1745704 total
[2024-02-25T23:12:56.672+0000][7][gc,age      ] GC(340) - age  11:       1464 bytes,    1747168 total
[2024-02-25T23:12:56.672+0000][7][gc,age      ] GC(340) - age  13:       9600 bytes,    1756768 total
[2024-02-25T23:12:56.672+0000][7][gc,age      ] GC(340) - age  14:         24 bytes,    1756792 total
[2024-02-25T23:12:56.672+0000][7][gc,age      ] GC(340) - age  15:       9600 bytes,    1766392 total
[2024-02-25T23:12:56.672+0000][7][gc,heap     ] GC(340) Eden regions: 152->0(152)
[2024-02-25T23:12:56.672+0000][7][gc,heap     ] GC(340) Survivor regions: 1->1(20)
[2024-02-25T23:12:56.672+0000][7][gc,heap     ] GC(340) Old regions: 26->26
[2024-02-25T23:12:56.672+0000][7][gc,heap     ] GC(340) Archive regions: 2->2
[2024-02-25T23:12:56.672+0000][7][gc,heap     ] GC(340) Humongous regions: 0->0
[2024-02-25T23:12:56.672+0000][7][gc,metaspace] GC(340) Metaspace: 128978K(132544K)->128978K(132544K) NonClass: 112130K(113984K)->112130K(113984K) Class: 16847K(18560K)->16847K(18560K)
[2024-02-25T23:12:56.672+0000][7][gc          ] GC(340) Pause Young (Normal) (G1 Evacuation Pause) 714M->107M(1024M) 2.535ms
[2024-02-25T23:12:56.673+0000][7][gc,cpu      ] GC(340) User=0.02s Sys=0.00s Real=0.00s
[2024-02-25T23:12:56.673+0000][7][safepoint   ] Safepoint "G1CollectForAllocation", Time since last: 210036806298 ns, Reaching safepoint: 98540 ns, At safepoint: 2618205 ns, Total: 2716745 ns
[2024-02-25T23:16:19.696+0000][7][safepoint   ] Safepoint "Cleanup", Time since last: 203023699655 ns, Reaching safepoint: 89533 ns, At safepoint: 23508 ns, Total: 113041 ns
[2024-02-25T23:16:20.874+0000][7][gc,start    ] GC(341) Pause Young (Normal) (G1 Evacuation Pause)
[2024-02-25T23:16:20.874+0000][7][gc,task     ] GC(341) Using 8 workers of 8 for evacuation
[2024-02-25T23:16:20.874+0000][7][gc,age      ] GC(341) Desired survivor size 41943040 bytes, new threshold 15 (max threshold 15)
[2024-02-25T23:16:20.882+0000][7][gc,phases   ] GC(341)   Pre Evacuate Collection Set: 0.1ms
[2024-02-25T23:16:20.882+0000][7][gc,phases   ] GC(341)   Merge Heap Roots: 0.1ms
[2024-02-25T23:16:20.882+0000][7][gc,phases   ] GC(341)   Evacuate Collection Set: 5.0ms
[2024-02-25T23:16:20.882+0000][7][gc,phases   ] GC(341)   Post Evacuate Collection Set: 2.3ms
[2024-02-25T23:16:20.882+0000][7][gc,phases   ] GC(341)   Other: 0.1ms
[2024-02-25T23:16:20.882+0000][7][gc,age      ] GC(341) Age table with threshold 15 (max threshold 15)
[2024-02-25T23:16:20.882+0000][7][gc,age      ] GC(341) - age   1:    1025816 bytes,    1025816 total
[2024-02-25T23:16:20.882+0000][7][gc,age      ] GC(341) - age   2:     236336 bytes,    1262152 total
[2024-02-25T23:16:20.882+0000][7][gc,age      ] GC(341) - age   3:       8200 bytes,    1270352 total
[2024-02-25T23:16:20.882+0000][7][gc,age      ] GC(341) - age   4:         32 bytes,    1270384 total
[2024-02-25T23:16:20.882+0000][7][gc,age      ] GC(341) - age   5:        216 bytes,    1270600 total
[2024-02-25T23:16:20.882+0000][7][gc,age      ] GC(341) - age   7:        184 bytes,    1270784 total
[2024-02-25T23:16:20.882+0000][7][gc,age      ] GC(341) - age   8:       8200 bytes,    1278984 total
[2024-02-25T23:16:20.882+0000][7][gc,age      ] GC(341) - age  10:         24 bytes,    1279008 total
[2024-02-25T23:16:20.882+0000][7][gc,age      ] GC(341) - age  12:       1464 bytes,    1280472 total
[2024-02-25T23:16:20.882+0000][7][gc,age      ] GC(341) - age  14:       9600 bytes,    1290072 total
[2024-02-25T23:16:20.882+0000][7][gc,age      ] GC(341) - age  15:         24 bytes,    1290096 total
[2024-02-25T23:16:20.882+0000][7][gc,heap     ] GC(341) Eden regions: 152->0(152)
[2024-02-25T23:16:20.882+0000][7][gc,heap     ] GC(341) Survivor regions: 1->1(20)
[2024-02-25T23:16:20.882+0000][7][gc,heap     ] GC(341) Old regions: 26->26
[2024-02-25T23:16:20.882+0000][7][gc,heap     ] GC(341) Archive regions: 2->2
[2024-02-25T23:16:20.882+0000][7][gc,heap     ] GC(341) Humongous regions: 0->0
[2024-02-25T23:16:20.882+0000][7][gc,metaspace] GC(341) Metaspace: 128981K(132544K)->128981K(132544K) NonClass: 112133K(113984K)->112133K(113984K) Class: 16847K(18560K)->16847K(18560K)
[2024-02-25T23:16:20.882+0000][7][gc          ] GC(341) Pause Young (Normal) (G1 Evacuation Pause) 715M->106M(1024M) 7.806ms
[2024-02-25T23:16:20.882+0000][7][gc,cpu      ] GC(341) User=0.00s Sys=0.00s Real=0.01s
[2024-02-25T23:16:20.882+0000][7][safepoint   ] Safepoint "G1CollectForAllocation", Time since last: 1177612256 ns, Reaching safepoint: 71011 ns, At safepoint: 7917054 ns, Total: 7988065 ns
[2024-02-25T23:16:43.884+0000][7][safepoint   ] Safepoint "Cleanup", Time since last: 23002373827 ns, Reaching safepoint: 79265 ns, At safepoint: 42691 ns, Total: 121956 ns
[2024-02-25T23:19:50.701+0000][7][gc,start    ] GC(342) Pause Young (Normal) (G1 Evacuation Pause)
[2024-02-25T23:19:50.701+0000][7][gc,task     ] GC(342) Using 8 workers of 8 for evacuation
[2024-02-25T23:19:50.701+0000][7][gc,age      ] GC(342) Desired survivor size 41943040 bytes, new threshold 15 (max threshold 15)
[2024-02-25T23:19:50.703+0000][7][gc,phases   ] GC(342)   Pre Evacuate Collection Set: 0.1ms
[2024-02-25T23:19:50.703+0000][7][gc,phases   ] GC(342)   Merge Heap Roots: 0.1ms
[2024-02-25T23:19:50.703+0000][7][gc,phases   ] GC(342)   Evacuate Collection Set: 1.1ms
[2024-02-25T23:19:50.703+0000][7][gc,phases   ] GC(342)   Post Evacuate Collection Set: 0.6ms
[2024-02-25T23:19:50.703+0000][7][gc,phases   ] GC(342)   Other: 0.1ms
[2024-02-25T23:19:50.703+0000][7][gc,age      ] GC(342) Age table with threshold 15 (max threshold 15)
[2024-02-25T23:19:50.703+0000][7][gc,age      ] GC(342) - age   1:    1260160 bytes,    1260160 total
[2024-02-25T23:19:50.703+0000][7][gc,age      ] GC(342) - age   2:       4128 bytes,    1264288 total
[2024-02-25T23:19:50.703+0000][7][gc,age      ] GC(342) - age   3:     123464 bytes,    1387752 total
[2024-02-25T23:19:50.703+0000][7][gc,age      ] GC(342) - age   4:       8200 bytes,    1395952 total
[2024-02-25T23:19:50.703+0000][7][gc,age      ] GC(342) - age   5:         32 bytes,    1395984 total
[2024-02-25T23:19:50.703+0000][7][gc,age      ] GC(342) - age   6:         32 bytes,    1396016 total
[2024-02-25T23:19:50.703+0000][7][gc,age      ] GC(342) - age   9:       8200 bytes,    1404216 total
[2024-02-25T23:19:50.703+0000][7][gc,age      ] GC(342) - age  11:         24 bytes,    1404240 total
[2024-02-25T23:19:50.703+0000][7][gc,age      ] GC(342) - age  13:       1464 bytes,    1405704 total
[2024-02-25T23:19:50.703+0000][7][gc,age      ] GC(342) - age  15:       9600 bytes,    1415304 total
[2024-02-25T23:19:50.703+0000][7][gc,heap     ] GC(342) Eden regions: 152->0(152)
[2024-02-25T23:19:50.703+0000][7][gc,heap     ] GC(342) Survivor regions: 1->1(20)
[2024-02-25T23:19:50.703+0000][7][gc,heap     ] GC(342) Old regions: 26->26
[2024-02-25T23:19:50.703+0000][7][gc,heap     ] GC(342) Archive regions: 2->2
[2024-02-25T23:19:50.703+0000][7][gc,heap     ] GC(342) Humongous regions: 0->0
[2024-02-25T23:19:50.703+0000][7][gc,metaspace] GC(342) Metaspace: 128981K(132544K)->128981K(132544K) NonClass: 112133K(113984K)->112133K(113984K) Class: 16847K(18560K)->16847K(18560K)
[2024-02-25T23:19:50.703+0000][7][gc          ] GC(342) Pause Young (Normal) (G1 Evacuation Pause) 714M->106M(1024M) 2.247ms
[2024-02-25T23:19:50.703+0000][7][gc,cpu      ] GC(342) User=0.01s Sys=0.00s Real=0.00s
[2024-02-25T23:19:50.703+0000][7][safepoint   ] Safepoint "G1CollectForAllocation", Time since last: 186816541053 ns, Reaching safepoint: 53811 ns, At safepoint: 2327644 ns, Total: 2381455 ns
[2024-02-25T23:20:19.707+0000][7][safepoint   ] Safepoint "Cleanup", Time since last: 29003838864 ns, Reaching safepoint: 91791 ns, At safepoint: 9356 ns, Total: 101147 ns
[2024-02-25T23:22:19.722+0000][7][safepoint   ] Safepoint "Cleanup", Time since last: 120014872342 ns, Reaching safepoint: 121396 ns, At safepoint: 40553 ns, Total: 161949 ns
[2024-02-25T23:23:08.676+0000][7][gc,start    ] GC(343) Pause Young (Normal) (G1 Evacuation Pause)
[2024-02-25T23:23:08.676+0000][7][gc,task     ] GC(343) Using 8 workers of 8 for evacuation
[2024-02-25T23:23:08.676+0000][7][gc,age      ] GC(343) Desired survivor size 41943040 bytes, new threshold 15 (max threshold 15)
[2024-02-25T23:23:08.679+0000][7][gc,phases   ] GC(343)   Pre Evacuate Collection Set: 0.1ms
[2024-02-25T23:23:08.679+0000][7][gc,phases   ] GC(343)   Merge Heap Roots: 0.1ms
[2024-02-25T23:23:08.679+0000][7][gc,phases   ] GC(343)   Evacuate Collection Set: 1.4ms
[2024-02-25T23:23:08.679+0000][7][gc,phases   ] GC(343)   Post Evacuate Collection Set: 0.8ms
[2024-02-25T23:23:08.679+0000][7][gc,phases   ] GC(343)   Other: 0.1ms
[2024-02-25T23:23:08.679+0000][7][gc,age      ] GC(343) Age table with threshold 15 (max threshold 15)
[2024-02-25T23:23:08.679+0000][7][gc,age      ] GC(343) - age   1:    1508272 bytes,    1508272 total
[2024-02-25T23:23:08.679+0000][7][gc,age      ] GC(343) - age   2:     203528 bytes,    1711800 total
[2024-02-25T23:23:08.679+0000][7][gc,age      ] GC(343) - age   3:       1512 bytes,    1713312 total
[2024-02-25T23:23:08.679+0000][7][gc,age      ] GC(343) - age   4:     119752 bytes,    1833064 total
[2024-02-25T23:23:08.679+0000][7][gc,age      ] GC(343) - age   5:       8200 bytes,    1841264 total
[2024-02-25T23:23:08.679+0000][7][gc,age      ] GC(343) - age   6:         32 bytes,    1841296 total
[2024-02-25T23:23:08.679+0000][7][gc,age      ] GC(343) - age  10:        184 bytes,    1841480 total
[2024-02-25T23:23:08.679+0000][7][gc,age      ] GC(343) - age  12:         24 bytes,    1841504 total
[2024-02-25T23:23:08.679+0000][7][gc,age      ] GC(343) - age  14:       1464 bytes,    1842968 total
[2024-02-25T23:23:08.679+0000][7][gc,heap     ] GC(343) Eden regions: 152->0(152)
[2024-02-25T23:23:08.679+0000][7][gc,heap     ] GC(343) Survivor regions: 1->1(20)
[2024-02-25T23:23:08.679+0000][7][gc,heap     ] GC(343) Old regions: 26->26
[2024-02-25T23:23:08.679+0000][7][gc,heap     ] GC(343) Archive regions: 2->2
[2024-02-25T23:23:08.679+0000][7][gc,heap     ] GC(343) Humongous regions: 0->0
[2024-02-25T23:23:08.679+0000][7][gc,metaspace] GC(343) Metaspace: 128981K(132544K)->128981K(132544K) NonClass: 112133K(113984K)->112133K(113984K) Class: 16847K(18560K)->16847K(18560K)
[2024-02-25T23:23:08.679+0000][7][gc          ] GC(343) Pause Young (Normal) (G1 Evacuation Pause) 714M->107M(1024M) 2.765ms
[2024-02-25T23:23:08.679+0000][7][gc,cpu      ] GC(343) User=0.01s Sys=0.00s Real=0.00s
[2024-02-25T23:23:08.679+0000][7][safepoint   ] Safepoint "G1CollectForAllocation", Time since last: 48953827633 ns, Reaching safepoint: 83348 ns, At safepoint: 2852250 ns, Total: 2935598 ns
[2024-02-25T23:25:34.697+0000][7][safepoint   ] Safepoint "Cleanup", Time since last: 146017931658 ns, Reaching safepoint: 110155 ns, At safepoint: 7711 ns, Total: 117866 ns
[2024-02-25T23:26:19.703+0000][7][safepoint   ] Safepoint "Cleanup", Time since last: 45005906769 ns, Reaching safepoint: 133842 ns, At safepoint: 16711 ns, Total: 150553 ns
[2024-02-25T23:26:32.710+0000][7][gc,start    ] GC(344) Pause Young (Normal) (G1 Evacuation Pause)
[2024-02-25T23:26:32.710+0000][7][gc,task     ] GC(344) Using 8 workers of 8 for evacuation
[2024-02-25T23:26:32.711+0000][7][gc,age      ] GC(344) Desired survivor size 41943040 bytes, new threshold 15 (max threshold 15)
[2024-02-25T23:26:32.713+0000][7][gc,phases   ] GC(344)   Pre Evacuate Collection Set: 0.1ms
[2024-02-25T23:26:32.713+0000][7][gc,phases   ] GC(344)   Merge Heap Roots: 0.1ms
[2024-02-25T23:26:32.713+0000][7][gc,phases   ] GC(344)   Evacuate Collection Set: 1.6ms
[2024-02-25T23:26:32.713+0000][7][gc,phases   ] GC(344)   Post Evacuate Collection Set: 0.7ms
[2024-02-25T23:26:32.713+0000][7][gc,phases   ] GC(344)   Other: 0.1ms
[2024-02-25T23:26:32.713+0000][7][gc,age      ] GC(344) Age table with threshold 15 (max threshold 15)
[2024-02-25T23:26:32.713+0000][7][gc,age      ] GC(344) - age   1:    1814680 bytes,    1814680 total
[2024-02-25T23:26:32.713+0000][7][gc,age      ] GC(344) - age   2:     163512 bytes,    1978192 total
[2024-02-25T23:26:32.713+0000][7][gc,age      ] GC(344) - age   3:     201616 bytes,    2179808 total
[2024-02-25T23:26:32.713+0000][7][gc,age      ] GC(344) - age   4:        824 bytes,    2180632 total
[2024-02-25T23:26:32.713+0000][7][gc,age      ] GC(344) - age   5:     119360 bytes,    2299992 total
[2024-02-25T23:26:32.713+0000][7][gc,age      ] GC(344) - age   6:       8016 bytes,    2308008 total
[2024-02-25T23:26:32.713+0000][7][gc,age      ] GC(344) - age  11:        184 bytes,    2308192 total
[2024-02-25T23:26:32.713+0000][7][gc,age      ] GC(344) - age  13:         24 bytes,    2308216 total
[2024-02-25T23:26:32.713+0000][7][gc,age      ] GC(344) - age  15:       1464 bytes,    2309680 total
[2024-02-25T23:26:32.713+0000][7][gc,heap     ] GC(344) Eden regions: 152->0(152)
[2024-02-25T23:26:32.713+0000][7][gc,heap     ] GC(344) Survivor regions: 1->1(20)
[2024-02-25T23:26:32.713+0000][7][gc,heap     ] GC(344) Old regions: 26->26
[2024-02-25T23:26:32.713+0000][7][gc,heap     ] GC(344) Archive regions: 2->2
[2024-02-25T23:26:32.713+0000][7][gc,heap     ] GC(344) Humongous regions: 0->0
[2024-02-25T23:26:32.713+0000][7][gc,metaspace] GC(344) Metaspace: 128982K(132544K)->128982K(132544K) NonClass: 112134K(113984K)->112134K(113984K) Class: 16847K(18560K)->16847K(18560K)
[2024-02-25T23:26:32.713+0000][7][gc          ] GC(344) Pause Young (Normal) (G1 Evacuation Pause) 715M->107M(1024M) 2.841ms
[2024-02-25T23:26:32.713+0000][7][gc,cpu      ] GC(344) User=0.02s Sys=0.00s Real=0.00s
[2024-02-25T23:26:32.713+0000][7][safepoint   ] Safepoint "G1CollectForAllocation", Time since last: 13007063411 ns, Reaching safepoint: 129743 ns, At safepoint: 2927241 ns, Total: 3056984 ns
[2024-02-25T23:29:57.125+0000][7][gc,start    ] GC(345) Pause Young (Normal) (G1 Evacuation Pause)
[2024-02-25T23:29:57.125+0000][7][gc,task     ] GC(345) Using 8 workers of 8 for evacuation
[2024-02-25T23:29:57.125+0000][7][gc,age      ] GC(345) Desired survivor size 41943040 bytes, new threshold 15 (max threshold 15)
[2024-02-25T23:29:57.127+0000][7][gc,phases   ] GC(345)   Pre Evacuate Collection Set: 0.1ms
[2024-02-25T23:29:57.127+0000][7][gc,phases   ] GC(345)   Merge Heap Roots: 0.1ms
[2024-02-25T23:29:57.127+0000][7][gc,phases   ] GC(345)   Evacuate Collection Set: 1.3ms
[2024-02-25T23:29:57.127+0000][7][gc,phases   ] GC(345)   Post Evacuate Collection Set: 0.8ms
[2024-02-25T23:29:57.127+0000][7][gc,phases   ] GC(345)   Other: 0.1ms
[2024-02-25T23:29:57.127+0000][7][gc,age      ] GC(345) Age table with threshold 15 (max threshold 15)
[2024-02-25T23:29:57.127+0000][7][gc,age      ] GC(345) - age   1:     623152 bytes,     623152 total
[2024-02-25T23:29:57.127+0000][7][gc,age      ] GC(345) - age   2:      11736 bytes,     634888 total
[2024-02-25T23:29:57.127+0000][7][gc,age      ] GC(345) - age   3:     162080 bytes,     796968 total
[2024-02-25T23:29:57.127+0000][7][gc,age      ] GC(345) - age   4:     201072 bytes,     998040 total
[2024-02-25T23:29:57.127+0000][7][gc,age      ] GC(345) - age   5:        824 bytes,     998864 total
[2024-02-25T23:29:57.127+0000][7][gc,age      ] GC(345) - age   6:     119360 bytes,    1118224 total
[2024-02-25T23:29:57.127+0000][7][gc,age      ] GC(345) - age   7:       8016 bytes,    1126240 total
[2024-02-25T23:29:57.127+0000][7][gc,age      ] GC(345) - age  12:        184 bytes,    1126424 total
[2024-02-25T23:29:57.127+0000][7][gc,age      ] GC(345) - age  14:         24 bytes,    1126448 total
[2024-02-25T23:29:57.127+0000][7][gc,heap     ] GC(345) Eden regions: 152->0(152)
[2024-02-25T23:29:57.127+0000][7][gc,heap     ] GC(345) Survivor regions: 1->1(20)
[2024-02-25T23:29:57.127+0000][7][gc,heap     ] GC(345) Old regions: 26->26
[2024-02-25T23:29:57.127+0000][7][gc,heap     ] GC(345) Archive regions: 2->2
[2024-02-25T23:29:57.127+0000][7][gc,heap     ] GC(345) Humongous regions: 0->0
[2024-02-25T23:29:57.127+0000][7][gc,metaspace] GC(345) Metaspace: 128982K(132544K)->128982K(132544K) NonClass: 112134K(113984K)->112134K(113984K) Class: 16847K(18560K)->16847K(18560K)
[2024-02-25T23:29:57.127+0000][7][gc          ] GC(345) Pause Young (Normal) (G1 Evacuation Pause) 715M->106M(1024M) 2.740ms
[2024-02-25T23:29:57.127+0000][7][gc,cpu      ] GC(345) User=0.01s Sys=0.00s Real=0.01s
[2024-02-25T23:29:57.127+0000][7][safepoint   ] Safepoint "G1CollectForAllocation", Time since last: 204411235888 ns, Reaching safepoint: 41125 ns, At safepoint: 2841101 ns, Total: 2882226 ns
[2024-02-25T23:33:26.708+0000][7][gc,start    ] GC(346) Pause Young (Normal) (G1 Evacuation Pause)
[2024-02-25T23:33:26.708+0000][7][gc,task     ] GC(346) Using 8 workers of 8 for evacuation
[2024-02-25T23:33:26.708+0000][7][gc,age      ] GC(346) Desired survivor size 41943040 bytes, new threshold 15 (max threshold 15)
[2024-02-25T23:33:26.710+0000][7][gc,phases   ] GC(346)   Pre Evacuate Collection Set: 0.1ms
[2024-02-25T23:33:26.710+0000][7][gc,phases   ] GC(346)   Merge Heap Roots: 0.1ms
[2024-02-25T23:33:26.710+0000][7][gc,phases   ] GC(346)   Evacuate Collection Set: 1.2ms
[2024-02-25T23:33:26.710+0000][7][gc,phases   ] GC(346)   Post Evacuate Collection Set: 0.7ms
[2024-02-25T23:33:26.710+0000][7][gc,phases   ] GC(346)   Other: 0.1ms
[2024-02-25T23:33:26.710+0000][7][gc,age      ] GC(346) Age table with threshold 15 (max threshold 15)
[2024-02-25T23:33:26.710+0000][7][gc,age      ] GC(346) - age   1:     848048 bytes,     848048 total
[2024-02-25T23:33:26.710+0000][7][gc,age      ] GC(346) - age   2:       2136 bytes,     850184 total
[2024-02-25T23:33:26.710+0000][7][gc,age      ] GC(346) - age   3:       7888 bytes,     858072 total
[2024-02-25T23:33:26.710+0000][7][gc,age      ] GC(346) - age   4:     158624 bytes,    1016696 total
[2024-02-25T23:33:26.710+0000][7][gc,age      ] GC(346) - age   5:     200888 bytes,    1217584 total
[2024-02-25T23:33:26.710+0000][7][gc,age      ] GC(346) - age   6:        256 bytes,    1217840 total
[2024-02-25T23:33:26.710+0000][7][gc,age      ] GC(346) - age   7:     119360 bytes,    1337200 total
[2024-02-25T23:33:26.710+0000][7][gc,age      ] GC(346) - age   8:       8016 bytes,    1345216 total
[2024-02-25T23:33:26.710+0000][7][gc,age      ] GC(346) - age  13:        184 bytes,    1345400 total
[2024-02-25T23:33:26.710+0000][7][gc,age      ] GC(346) - age  15:         24 bytes,    1345424 total
[2024-02-25T23:33:26.710+0000][7][gc,heap     ] GC(346) Eden regions: 152->0(152)
[2024-02-25T23:33:26.710+0000][7][gc,heap     ] GC(346) Survivor regions: 1->1(20)
[2024-02-25T23:33:26.710+0000][7][gc,heap     ] GC(346) Old regions: 26->26
[2024-02-25T23:33:26.710+0000][7][gc,heap     ] GC(346) Archive regions: 2->2
[2024-02-25T23:33:26.710+0000][7][gc,heap     ] GC(346) Humongous regions: 0->0
[2024-02-25T23:33:26.710+0000][7][gc,metaspace] GC(346) Metaspace: 128982K(132544K)->128982K(132544K) NonClass: 112134K(113984K)->112134K(113984K) Class: 16847K(18560K)->16847K(18560K)
[2024-02-25T23:33:26.710+0000][7][gc          ] GC(346) Pause Young (Normal) (G1 Evacuation Pause) 714M->106M(1024M) 2.479ms
[2024-02-25T23:33:26.710+0000][7][gc,cpu      ] GC(346) User=0.01s Sys=0.00s Real=0.00s
[2024-02-25T23:33:26.710+0000][7][safepoint   ] Safepoint "G1CollectForAllocation", Time since last: 209580372785 ns, Reaching safepoint: 65975 ns, At safepoint: 2561969 ns, Total: 2627944 ns
[2024-02-25T23:36:26.734+0000][7][gc,start    ] GC(347) Pause Young (Normal) (G1 Evacuation Pause)
[2024-02-25T23:36:26.734+0000][7][gc,task     ] GC(347) Using 8 workers of 8 for evacuation
[2024-02-25T23:36:26.734+0000][7][gc,age      ] GC(347) Desired survivor size 41943040 bytes, new threshold 15 (max threshold 15)
[2024-02-25T23:36:26.736+0000][7][gc,phases   ] GC(347)   Pre Evacuate Collection Set: 0.1ms
[2024-02-25T23:36:26.736+0000][7][gc,phases   ] GC(347)   Merge Heap Roots: 0.1ms
[2024-02-25T23:36:26.736+0000][7][gc,phases   ] GC(347)   Evacuate Collection Set: 1.1ms
[2024-02-25T23:36:26.736+0000][7][gc,phases   ] GC(347)   Post Evacuate Collection Set: 0.6ms
[2024-02-25T23:36:26.736+0000][7][gc,phases   ] GC(347)   Other: 0.1ms
[2024-02-25T23:36:26.736+0000][7][gc,age      ] GC(347) Age table with threshold 15 (max threshold 15)
[2024-02-25T23:36:26.736+0000][7][gc,age      ] GC(347) - age   1:     503728 bytes,     503728 total
[2024-02-25T23:36:26.736+0000][7][gc,age      ] GC(347) - age   2:       6696 bytes,     510424 total
[2024-02-25T23:36:26.736+0000][7][gc,age      ] GC(347) - age   3:        752 bytes,     511176 total
[2024-02-25T23:36:26.736+0000][7][gc,age      ] GC(347) - age   4:       6928 bytes,     518104 total
[2024-02-25T23:36:26.736+0000][7][gc,age      ] GC(347) - age   5:     158624 bytes,     676728 total
[2024-02-25T23:36:26.736+0000][7][gc,age      ] GC(347) - age   6:     200808 bytes,     877536 total
[2024-02-25T23:36:26.736+0000][7][gc,age      ] GC(347) - age   7:        224 bytes,     877760 total
[2024-02-25T23:36:26.736+0000][7][gc,age      ] GC(347) - age   8:     119360 bytes,     997120 total
[2024-02-25T23:36:26.736+0000][7][gc,age      ] GC(347) - age   9:       8016 bytes,    1005136 total
[2024-02-25T23:36:26.736+0000][7][gc,age      ] GC(347) - age  14:        184 bytes,    1005320 total
[2024-02-25T23:36:26.736+0000][7][gc,heap     ] GC(347) Eden regions: 152->0(152)
[2024-02-25T23:36:26.736+0000][7][gc,heap     ] GC(347) Survivor regions: 1->1(20)
[2024-02-25T23:36:26.736+0000][7][gc,heap     ] GC(347) Old regions: 26->26
[2024-02-25T23:36:26.736+0000][7][gc,heap     ] GC(347) Archive regions: 2->2
[2024-02-25T23:36:26.736+0000][7][gc,heap     ] GC(347) Humongous regions: 0->0
[2024-02-25T23:36:26.736+0000][7][gc,metaspace] GC(347) Metaspace: 128982K(132544K)->128982K(132544K) NonClass: 112134K(113984K)->112134K(113984K) Class: 16847K(18560K)->16847K(18560K)
[2024-02-25T23:36:26.736+0000][7][gc          ] GC(347) Pause Young (Normal) (G1 Evacuation Pause) 714M->106M(1024M) 2.205ms
[2024-02-25T23:36:26.736+0000][7][gc,cpu      ] GC(347) User=0.01s Sys=0.00s Real=0.01s
[2024-02-25T23:36:26.736+0000][7][safepoint   ] Safepoint "G1CollectForAllocation", Time since last: 180023486327 ns, Reaching safepoint: 41181 ns, At safepoint: 2294661 ns, Total: 2335842 ns
[2024-02-25T23:39:08.707+0000][7][gc,start    ] GC(348) Pause Young (Normal) (G1 Evacuation Pause)
[2024-02-25T23:39:08.708+0000][7][gc,task     ] GC(348) Using 8 workers of 8 for evacuation
[2024-02-25T23:39:08.708+0000][7][gc,age      ] GC(348) Desired survivor size 41943040 bytes, new threshold 15 (max threshold 15)
[2024-02-25T23:39:08.710+0000][7][gc,phases   ] GC(348)   Pre Evacuate Collection Set: 0.1ms
[2024-02-25T23:39:08.710+0000][7][gc,phases   ] GC(348)   Merge Heap Roots: 0.1ms
[2024-02-25T23:39:08.710+0000][7][gc,phases   ] GC(348)   Evacuate Collection Set: 1.4ms
[2024-02-25T23:39:08.710+0000][7][gc,phases   ] GC(348)   Post Evacuate Collection Set: 0.7ms
[2024-02-25T23:39:08.710+0000][7][gc,phases   ] GC(348)   Other: 0.1ms
[2024-02-25T23:39:08.710+0000][7][gc,age      ] GC(348) Age table with threshold 15 (max threshold 15)
[2024-02-25T23:39:08.710+0000][7][gc,age      ] GC(348) - age   1:    1033984 bytes,    1033984 total
[2024-02-25T23:39:08.710+0000][7][gc,age      ] GC(348) - age   2:      11688 bytes,    1045672 total
[2024-02-25T23:39:08.710+0000][7][gc,age      ] GC(348) - age   3:       4208 bytes,    1049880 total
[2024-02-25T23:39:08.710+0000][7][gc,age      ] GC(348) - age   4:        184 bytes,    1050064 total
[2024-02-25T23:39:08.710+0000][7][gc,age      ] GC(348) - age   5:       6928 bytes,    1056992 total
[2024-02-25T23:39:08.710+0000][7][gc,age      ] GC(348) - age   6:     158624 bytes,    1215616 total
[2024-02-25T23:39:08.710+0000][7][gc,age      ] GC(348) - age   7:     200808 bytes,    1416424 total
[2024-02-25T23:39:08.710+0000][7][gc,age      ] GC(348) - age   8:        224 bytes,    1416648 total
[2024-02-25T23:39:08.710+0000][7][gc,age      ] GC(348) - age   9:     119360 bytes,    1536008 total
[2024-02-25T23:39:08.710+0000][7][gc,age      ] GC(348) - age  10:       8016 bytes,    1544024 total
[2024-02-25T23:39:08.710+0000][7][gc,age      ] GC(348) - age  15:        184 bytes,    1544208 total
[2024-02-25T23:39:08.710+0000][7][gc,heap     ] GC(348) Eden regions: 152->0(152)
[2024-02-25T23:39:08.710+0000][7][gc,heap     ] GC(348) Survivor regions: 1->1(20)
[2024-02-25T23:39:08.710+0000][7][gc,heap     ] GC(348) Old regions: 26->26
[2024-02-25T23:39:08.710+0000][7][gc,heap     ] GC(348) Archive regions: 2->2
[2024-02-25T23:39:08.710+0000][7][gc,heap     ] GC(348) Humongous regions: 0->0
[2024-02-25T23:39:08.710+0000][7][gc,metaspace] GC(348) Metaspace: 128982K(132544K)->128982K(132544K) NonClass: 112134K(113984K)->112134K(113984K) Class: 16847K(18560K)->16847K(18560K)
[2024-02-25T23:39:08.710+0000][7][gc          ] GC(348) Pause Young (Normal) (G1 Evacuation Pause) 714M->106M(1024M) 2.718ms
[2024-02-25T23:39:08.710+0000][7][gc,cpu      ] GC(348) User=0.01s Sys=0.00s Real=0.00s
[2024-02-25T23:39:08.710+0000][7][safepoint   ] Safepoint "G1CollectForAllocation", Time since last: 161971111448 ns, Reaching safepoint: 72369 ns, At safepoint: 2808708 ns, Total: 2881077 ns
[2024-02-25T23:39:19.712+0000][7][safepoint   ] Safepoint "Cleanup", Time since last: 11001573218 ns, Reaching safepoint: 128574 ns, At safepoint: 13623 ns, Total: 142197 ns
[2024-02-25T23:41:49.725+0000][7][gc,start    ] GC(349) Pause Young (Normal) (G1 Evacuation Pause)
[2024-02-25T23:41:49.725+0000][7][gc,task     ] GC(349) Using 8 workers of 8 for evacuation
[2024-02-25T23:41:49.725+0000][7][gc,age      ] GC(349) Desired survivor size 41943040 bytes, new threshold 15 (max threshold 15)
[2024-02-25T23:41:49.728+0000][7][gc,phases   ] GC(349)   Pre Evacuate Collection Set: 0.1ms
[2024-02-25T23:41:49.728+0000][7][gc,phases   ] GC(349)   Merge Heap Roots: 0.1ms
[2024-02-25T23:41:49.728+0000][7][gc,phases   ] GC(349)   Evacuate Collection Set: 2.0ms
[2024-02-25T23:41:49.728+0000][7][gc,phases   ] GC(349)   Post Evacuate Collection Set: 1.0ms
[2024-02-25T23:41:49.728+0000][7][gc,phases   ] GC(349)   Other: 0.1ms
[2024-02-25T23:41:49.728+0000][7][gc,age      ] GC(349) Age table with threshold 15 (max threshold 15)
[2024-02-25T23:41:49.728+0000][7][gc,age      ] GC(349) - age   1:    1254152 bytes,    1254152 total
[2024-02-25T23:41:49.728+0000][7][gc,age      ] GC(349) - age   2:       1512 bytes,    1255664 total
[2024-02-25T23:41:49.728+0000][7][gc,age      ] GC(349) - age   3:      10536 bytes,    1266200 total
[2024-02-25T23:41:49.728+0000][7][gc,age      ] GC(349) - age   4:        752 bytes,    1266952 total
[2024-02-25T23:41:49.728+0000][7][gc,age      ] GC(349) - age   5:        184 bytes,    1267136 total
[2024-02-25T23:41:49.728+0000][7][gc,age      ] GC(349) - age   6:       6536 bytes,    1273672 total
[2024-02-25T23:41:49.728+0000][7][gc,age      ] GC(349) - age   7:     158624 bytes,    1432296 total
[2024-02-25T23:41:49.728+0000][7][gc,age      ] GC(349) - age   8:     200808 bytes,    1633104 total
[2024-02-25T23:41:49.728+0000][7][gc,age      ] GC(349) - age   9:        224 bytes,    1633328 total
[2024-02-25T23:41:49.728+0000][7][gc,age      ] GC(349) - age  10:     119360 bytes,    1752688 total
[2024-02-25T23:41:49.728+0000][7][gc,age      ] GC(349) - age  11:       8016 bytes,    1760704 total
[2024-02-25T23:41:49.728+0000][7][gc,heap     ] GC(349) Eden regions: 152->0(152)
[2024-02-25T23:41:49.728+0000][7][gc,heap     ] GC(349) Survivor regions: 1->1(20)
[2024-02-25T23:41:49.728+0000][7][gc,heap     ] GC(349) Old regions: 26->26
[2024-02-25T23:41:49.728+0000][7][gc,heap     ] GC(349) Archive regions: 2->2
[2024-02-25T23:41:49.728+0000][7][gc,heap     ] GC(349) Humongous regions: 0->0
[2024-02-25T23:41:49.728+0000][7][gc,metaspace] GC(349) Metaspace: 128983K(132544K)->128983K(132544K) NonClass: 112135K(113984K)->112135K(113984K) Class: 16847K(18560K)->16847K(18560K)
[2024-02-25T23:41:49.729+0000][7][gc          ] GC(349) Pause Young (Normal) (G1 Evacuation Pause) 714M->107M(1024M) 3.661ms
[2024-02-25T23:41:49.729+0000][7][gc,cpu      ] GC(349) User=0.00s Sys=0.02s Real=0.01s
[2024-02-25T23:41:49.729+0000][7][safepoint   ] Safepoint "G1CollectForAllocation", Time since last: 150012781534 ns, Reaching safepoint: 74806 ns, At safepoint: 3769222 ns, Total: 3844028 ns
[2024-02-25T23:43:36.742+0000][7][safepoint   ] Safepoint "Cleanup", Time since last: 107013067411 ns, Reaching safepoint: 81423 ns, At safepoint: 39403 ns, Total: 120826 ns
[2024-02-25T23:44:29.790+0000][7][gc,start    ] GC(350) Pause Young (Normal) (G1 Evacuation Pause)
[2024-02-25T23:44:29.790+0000][7][gc,task     ] GC(350) Using 8 workers of 8 for evacuation
[2024-02-25T23:44:29.790+0000][7][gc,age      ] GC(350) Desired survivor size 41943040 bytes, new threshold 15 (max threshold 15)
[2024-02-25T23:44:29.792+0000][7][gc,phases   ] GC(350)   Pre Evacuate Collection Set: 0.1ms
[2024-02-25T23:44:29.792+0000][7][gc,phases   ] GC(350)   Merge Heap Roots: 0.1ms
[2024-02-25T23:44:29.792+0000][7][gc,phases   ] GC(350)   Evacuate Collection Set: 1.4ms
[2024-02-25T23:44:29.792+0000][7][gc,phases   ] GC(350)   Post Evacuate Collection Set: 0.7ms
[2024-02-25T23:44:29.792+0000][7][gc,phases   ] GC(350)   Other: 0.1ms
[2024-02-25T23:44:29.792+0000][7][gc,age      ] GC(350) Age table with threshold 15 (max threshold 15)
[2024-02-25T23:44:29.792+0000][7][gc,age      ] GC(350) - age   1:    1682984 bytes,    1682984 total
[2024-02-25T23:44:29.792+0000][7][gc,age      ] GC(350) - age   2:       6512 bytes,    1689496 total
[2024-02-25T23:44:29.792+0000][7][gc,age      ] GC(350) - age   3:        152 bytes,    1689648 total
[2024-02-25T23:44:29.792+0000][7][gc,age      ] GC(350) - age   4:      10472 bytes,    1700120 total
[2024-02-25T23:44:29.792+0000][7][gc,age      ] GC(350) - age   5:        752 bytes,    1700872 total
[2024-02-25T23:44:29.792+0000][7][gc,age      ] GC(350) - age   6:        184 bytes,    1701056 total
[2024-02-25T23:44:29.792+0000][7][gc,age      ] GC(350) - age   7:       6536 bytes,    1707592 total
[2024-02-25T23:44:29.792+0000][7][gc,age      ] GC(350) - age   8:     158592 bytes,    1866184 total
[2024-02-25T23:44:29.792+0000][7][gc,age      ] GC(350) - age   9:     200808 bytes,    2066992 total
[2024-02-25T23:44:29.792+0000][7][gc,age      ] GC(350) - age  10:        224 bytes,    2067216 total
[2024-02-25T23:44:29.792+0000][7][gc,age      ] GC(350) - age  11:     119360 bytes,    2186576 total
[2024-02-25T23:44:29.792+0000][7][gc,age      ] GC(350) - age  12:       8016 bytes,    2194592 total
[2024-02-25T23:44:29.792+0000][7][gc,heap     ] GC(350) Eden regions: 152->0(152)
[2024-02-25T23:44:29.792+0000][7][gc,heap     ] GC(350) Survivor regions: 1->1(20)
[2024-02-25T23:44:29.792+0000][7][gc,heap     ] GC(350) Old regions: 26->26
[2024-02-25T23:44:29.792+0000][7][gc,heap     ] GC(350) Archive regions: 2->2
[2024-02-25T23:44:29.792+0000][7][gc,heap     ] GC(350) Humongous regions: 0->0
[2024-02-25T23:44:29.792+0000][7][gc,metaspace] GC(350) Metaspace: 128983K(132544K)->128983K(132544K) NonClass: 112135K(113984K)->112135K(113984K) Class: 16847K(18560K)->16847K(18560K)
[2024-02-25T23:44:29.792+0000][7][gc          ] GC(350) Pause Young (Normal) (G1 Evacuation Pause) 715M->107M(1024M) 2.596ms
[2024-02-25T23:44:29.792+0000][7][gc,cpu      ] GC(350) User=0.01s Sys=0.00s Real=0.00s
[2024-02-25T23:44:29.792+0000][7][safepoint   ] Safepoint "G1CollectForAllocation", Time since last: 53047701555 ns, Reaching safepoint: 50805 ns, At safepoint: 2674960 ns, Total: 2725765 ns
[2024-02-25T23:47:11.777+0000][7][gc,start    ] GC(351) Pause Young (Normal) (G1 Evacuation Pause)
[2024-02-25T23:47:11.777+0000][7][gc,task     ] GC(351) Using 8 workers of 8 for evacuation
[2024-02-25T23:47:11.777+0000][7][gc,age      ] GC(351) Desired survivor size 41943040 bytes, new threshold 15 (max threshold 15)
[2024-02-25T23:47:11.779+0000][7][gc,phases   ] GC(351)   Pre Evacuate Collection Set: 0.1ms
[2024-02-25T23:47:11.779+0000][7][gc,phases   ] GC(351)   Merge Heap Roots: 0.1ms
[2024-02-25T23:47:11.779+0000][7][gc,phases   ] GC(351)   Evacuate Collection Set: 1.0ms
[2024-02-25T23:47:11.779+0000][7][gc,phases   ] GC(351)   Post Evacuate Collection Set: 0.7ms
[2024-02-25T23:47:11.779+0000][7][gc,phases   ] GC(351)   Other: 0.1ms
[2024-02-25T23:47:11.779+0000][7][gc,age      ] GC(351) Age table with threshold 15 (max threshold 15)
[2024-02-25T23:47:11.780+0000][7][gc,age      ] GC(351) - age   1:     532824 bytes,     532824 total
[2024-02-25T23:47:11.780+0000][7][gc,age      ] GC(351) - age   2:       3456 bytes,     536280 total
[2024-02-25T23:47:11.780+0000][7][gc,age      ] GC(351) - age   3:       5224 bytes,     541504 total
[2024-02-25T23:47:11.780+0000][7][gc,age      ] GC(351) - age   4:        152 bytes,     541656 total
[2024-02-25T23:47:11.780+0000][7][gc,age      ] GC(351) - age   5:       9720 bytes,     551376 total
[2024-02-25T23:47:11.780+0000][7][gc,age      ] GC(351) - age   6:        568 bytes,     551944 total
[2024-02-25T23:47:11.780+0000][7][gc,age      ] GC(351) - age   7:        184 bytes,     552128 total
[2024-02-25T23:47:11.780+0000][7][gc,age      ] GC(351) - age   8:       6504 bytes,     558632 total
[2024-02-25T23:47:11.780+0000][7][gc,age      ] GC(351) - age   9:     158592 bytes,     717224 total
[2024-02-25T23:47:11.780+0000][7][gc,age      ] GC(351) - age  10:     200808 bytes,     918032 total
[2024-02-25T23:47:11.780+0000][7][gc,age      ] GC(351) - age  11:        224 bytes,     918256 total
[2024-02-25T23:47:11.780+0000][7][gc,age      ] GC(351) - age  12:     119360 bytes,    1037616 total
[2024-02-25T23:47:11.780+0000][7][gc,age      ] GC(351) - age  13:       8016 bytes,    1045632 total
[2024-02-25T23:47:11.780+0000][7][gc,heap     ] GC(351) Eden regions: 152->0(152)
[2024-02-25T23:47:11.780+0000][7][gc,heap     ] GC(351) Survivor regions: 1->1(20)
[2024-02-25T23:47:11.780+0000][7][gc,heap     ] GC(351) Old regions: 26->26
[2024-02-25T23:47:11.780+0000][7][gc,heap     ] GC(351) Archive regions: 2->2
[2024-02-25T23:47:11.780+0000][7][gc,heap     ] GC(351) Humongous regions: 0->0
[2024-02-25T23:47:11.780+0000][7][gc,metaspace] GC(351) Metaspace: 128983K(132544K)->128983K(132544K) NonClass: 112135K(113984K)->112135K(113984K) Class: 16847K(18560K)->16847K(18560K)
[2024-02-25T23:47:11.780+0000][7][gc          ] GC(351) Pause Young (Normal) (G1 Evacuation Pause) 715M->106M(1024M) 2.396ms
[2024-02-25T23:47:11.780+0000][7][gc,cpu      ] GC(351) User=0.01s Sys=0.00s Real=0.00s
[2024-02-25T23:47:11.780+0000][7][safepoint   ] Safepoint "G1CollectForAllocation", Time since last: 161985006650 ns, Reaching safepoint: 53638 ns, At safepoint: 2495596 ns, Total: 2549234 ns
[2024-02-25T23:50:15.273+0000][7][gc,start    ] GC(352) Pause Young (Normal) (G1 Evacuation Pause)
[2024-02-25T23:50:15.273+0000][7][gc,task     ] GC(352) Using 8 workers of 8 for evacuation
[2024-02-25T23:50:15.273+0000][7][gc,age      ] GC(352) Desired survivor size 41943040 bytes, new threshold 15 (max threshold 15)
[2024-02-25T23:50:15.275+0000][7][gc,phases   ] GC(352)   Pre Evacuate Collection Set: 0.1ms
[2024-02-25T23:50:15.275+0000][7][gc,phases   ] GC(352)   Merge Heap Roots: 0.1ms
[2024-02-25T23:50:15.275+0000][7][gc,phases   ] GC(352)   Evacuate Collection Set: 1.2ms
[2024-02-25T23:50:15.275+0000][7][gc,phases   ] GC(352)   Post Evacuate Collection Set: 0.6ms
[2024-02-25T23:50:15.275+0000][7][gc,phases   ] GC(352)   Other: 0.1ms
[2024-02-25T23:50:15.275+0000][7][gc,age      ] GC(352) Age table with threshold 15 (max threshold 15)
[2024-02-25T23:50:15.275+0000][7][gc,age      ] GC(352) - age   1:    1596960 bytes,    1596960 total
[2024-02-25T23:50:15.275+0000][7][gc,age      ] GC(352) - age   2:       1344 bytes,    1598304 total
[2024-02-25T23:50:15.275+0000][7][gc,age      ] GC(352) - age   3:        552 bytes,    1598856 total
[2024-02-25T23:50:15.275+0000][7][gc,age      ] GC(352) - age   4:       4336 bytes,    1603192 total
[2024-02-25T23:50:15.275+0000][7][gc,age      ] GC(352) - age   5:         64 bytes,    1603256 total
[2024-02-25T23:50:15.275+0000][7][gc,age      ] GC(352) - age   6:       9720 bytes,    1612976 total
[2024-02-25T23:50:15.275+0000][7][gc,age      ] GC(352) - age   7:        568 bytes,    1613544 total
[2024-02-25T23:50:15.275+0000][7][gc,age      ] GC(352) - age   8:        184 bytes,    1613728 total
[2024-02-25T23:50:15.275+0000][7][gc,age      ] GC(352) - age   9:       6504 bytes,    1620232 total
[2024-02-25T23:50:15.275+0000][7][gc,age      ] GC(352) - age  10:     158592 bytes,    1778824 total
[2024-02-25T23:50:15.275+0000][7][gc,age      ] GC(352) - age  11:     200808 bytes,    1979632 total
[2024-02-25T23:50:15.275+0000][7][gc,age      ] GC(352) - age  12:        224 bytes,    1979856 total
[2024-02-25T23:50:15.275+0000][7][gc,age      ] GC(352) - age  13:     119360 bytes,    2099216 total
[2024-02-25T23:50:15.275+0000][7][gc,age      ] GC(352) - age  14:       8016 bytes,    2107232 total
[2024-02-25T23:50:15.275+0000][7][gc,heap     ] GC(352) Eden regions: 152->0(152)
[2024-02-25T23:50:15.275+0000][7][gc,heap     ] GC(352) Survivor regions: 1->1(20)
[2024-02-25T23:50:15.275+0000][7][gc,heap     ] GC(352) Old regions: 26->26
[2024-02-25T23:50:15.275+0000][7][gc,heap     ] GC(352) Archive regions: 2->2
[2024-02-25T23:50:15.275+0000][7][gc,heap     ] GC(352) Humongous regions: 0->0
[2024-02-25T23:50:15.275+0000][7][gc,metaspace] GC(352) Metaspace: 128983K(132544K)->128983K(132544K) NonClass: 112135K(113984K)->112135K(113984K) Class: 16847K(18560K)->16847K(18560K)
[2024-02-25T23:50:15.275+0000][7][gc          ] GC(352) Pause Young (Normal) (G1 Evacuation Pause) 714M->107M(1024M) 2.138ms
[2024-02-25T23:50:15.275+0000][7][gc,cpu      ] GC(352) User=0.01s Sys=0.00s Real=0.00s
[2024-02-25T23:50:15.275+0000][7][safepoint   ] Safepoint "G1CollectForAllocation", Time since last: 183492738251 ns, Reaching safepoint: 34235 ns, At safepoint: 2204643 ns, Total: 2238878 ns
[2024-02-25T23:53:45.772+0000][7][gc,start    ] GC(353) Pause Young (Normal) (G1 Evacuation Pause)
[2024-02-25T23:53:45.772+0000][7][gc,task     ] GC(353) Using 8 workers of 8 for evacuation
[2024-02-25T23:53:45.772+0000][7][gc,age      ] GC(353) Desired survivor size 41943040 bytes, new threshold 15 (max threshold 15)
[2024-02-25T23:53:45.776+0000][7][gc,phases   ] GC(353)   Pre Evacuate Collection Set: 0.1ms
[2024-02-25T23:53:45.776+0000][7][gc,phases   ] GC(353)   Merge Heap Roots: 0.1ms
[2024-02-25T23:53:45.776+0000][7][gc,phases   ] GC(353)   Evacuate Collection Set: 2.5ms
[2024-02-25T23:53:45.776+0000][7][gc,phases   ] GC(353)   Post Evacuate Collection Set: 0.8ms
[2024-02-25T23:53:45.776+0000][7][gc,phases   ] GC(353)   Other: 0.1ms
[2024-02-25T23:53:45.776+0000][7][gc,age      ] GC(353) Age table with threshold 15 (max threshold 15)
[2024-02-25T23:53:45.776+0000][7][gc,age      ] GC(353) - age   1:    1730296 bytes,    1730296 total
[2024-02-25T23:53:45.776+0000][7][gc,age      ] GC(353) - age   2:       2072 bytes,    1732368 total
[2024-02-25T23:53:45.776+0000][7][gc,age      ] GC(353) - age   3:        928 bytes,    1733296 total
[2024-02-25T23:53:45.776+0000][7][gc,age      ] GC(353) - age   4:        192 bytes,    1733488 total
[2024-02-25T23:53:45.776+0000][7][gc,age      ] GC(353) - age   5:        624 bytes,    1734112 total
[2024-02-25T23:53:45.776+0000][7][gc,age      ] GC(353) - age   7:       9632 bytes,    1743744 total
[2024-02-25T23:53:45.776+0000][7][gc,age      ] GC(353) - age   8:        184 bytes,    1743928 total
[2024-02-25T23:53:45.776+0000][7][gc,age      ] GC(353) - age  10:       6504 bytes,    1750432 total
[2024-02-25T23:53:45.776+0000][7][gc,age      ] GC(353) - age  11:     158592 bytes,    1909024 total
[2024-02-25T23:53:45.776+0000][7][gc,age      ] GC(353) - age  12:     200808 bytes,    2109832 total
[2024-02-25T23:53:45.776+0000][7][gc,age      ] GC(353) - age  13:        224 bytes,    2110056 total
[2024-02-25T23:53:45.776+0000][7][gc,age      ] GC(353) - age  14:     119360 bytes,    2229416 total
[2024-02-25T23:53:45.776+0000][7][gc,age      ] GC(353) - age  15:       8016 bytes,    2237432 total
[2024-02-25T23:53:45.776+0000][7][gc,heap     ] GC(353) Eden regions: 152->0(152)
[2024-02-25T23:53:45.776+0000][7][gc,heap     ] GC(353) Survivor regions: 1->1(20)
[2024-02-25T23:53:45.776+0000][7][gc,heap     ] GC(353) Old regions: 26->26
[2024-02-25T23:53:45.776+0000][7][gc,heap     ] GC(353) Archive regions: 2->2
[2024-02-25T23:53:45.776+0000][7][gc,heap     ] GC(353) Humongous regions: 0->0
[2024-02-25T23:53:45.776+0000][7][gc,metaspace] GC(353) Metaspace: 128983K(132544K)->128983K(132544K) NonClass: 112135K(113984K)->112135K(113984K) Class: 16847K(18560K)->16847K(18560K)
[2024-02-25T23:53:45.776+0000][7][gc          ] GC(353) Pause Young (Normal) (G1 Evacuation Pause) 715M->107M(1024M) 3.811ms
[2024-02-25T23:53:45.776+0000][7][gc,cpu      ] GC(353) User=0.02s Sys=0.00s Real=0.01s
[2024-02-25T23:53:45.776+0000][7][safepoint   ] Safepoint "G1CollectForAllocation", Time since last: 210497160206 ns, Reaching safepoint: 48524 ns, At safepoint: 3921149 ns, Total: 3969673 ns
[2024-02-25T23:57:08.864+0000][7][gc,start    ] GC(354) Pause Young (Normal) (G1 Evacuation Pause)
[2024-02-25T23:57:08.864+0000][7][gc,task     ] GC(354) Using 8 workers of 8 for evacuation
[2024-02-25T23:57:08.864+0000][7][gc,age      ] GC(354) Desired survivor size 41943040 bytes, new threshold 15 (max threshold 15)
[2024-02-25T23:57:08.866+0000][7][gc,phases   ] GC(354)   Pre Evacuate Collection Set: 0.1ms
[2024-02-25T23:57:08.866+0000][7][gc,phases   ] GC(354)   Merge Heap Roots: 0.1ms
[2024-02-25T23:57:08.866+0000][7][gc,phases   ] GC(354)   Evacuate Collection Set: 1.2ms
[2024-02-25T23:57:08.866+0000][7][gc,phases   ] GC(354)   Post Evacuate Collection Set: 0.7ms
[2024-02-25T23:57:08.866+0000][7][gc,phases   ] GC(354)   Other: 0.1ms
[2024-02-25T23:57:08.866+0000][7][gc,age      ] GC(354) Age table with threshold 15 (max threshold 15)
[2024-02-25T23:57:08.866+0000][7][gc,age      ] GC(354) - age   1:     665400 bytes,     665400 total
[2024-02-25T23:57:08.866+0000][7][gc,age      ] GC(354) - age   2:       6088 bytes,     671488 total
[2024-02-25T23:57:08.866+0000][7][gc,age      ] GC(354) - age   3:        280 bytes,     671768 total
[2024-02-25T23:57:08.866+0000][7][gc,age      ] GC(354) - age   4:        216 bytes,     671984 total
[2024-02-25T23:57:08.866+0000][7][gc,age      ] GC(354) - age   6:        232 bytes,     672216 total
[2024-02-25T23:57:08.866+0000][7][gc,age      ] GC(354) - age   8:       9600 bytes,     681816 total
[2024-02-25T23:57:08.866+0000][7][gc,age      ] GC(354) - age   9:        184 bytes,     682000 total
[2024-02-25T23:57:08.866+0000][7][gc,age      ] GC(354) - age  11:       6504 bytes,     688504 total
[2024-02-25T23:57:08.866+0000][7][gc,age      ] GC(354) - age  12:     158592 bytes,     847096 total
[2024-02-25T23:57:08.866+0000][7][gc,age      ] GC(354) - age  13:     200808 bytes,    1047904 total
[2024-02-25T23:57:08.866+0000][7][gc,age      ] GC(354) - age  14:        224 bytes,    1048128 total
[2024-02-25T23:57:08.866+0000][7][gc,age      ] GC(354) - age  15:     119360 bytes,    1167488 total
[2024-02-25T23:57:08.866+0000][7][gc,heap     ] GC(354) Eden regions: 152->0(152)
[2024-02-25T23:57:08.866+0000][7][gc,heap     ] GC(354) Survivor regions: 1->1(20)
[2024-02-25T23:57:08.866+0000][7][gc,heap     ] GC(354) Old regions: 26->26
[2024-02-25T23:57:08.866+0000][7][gc,heap     ] GC(354) Archive regions: 2->2
[2024-02-25T23:57:08.866+0000][7][gc,heap     ] GC(354) Humongous regions: 0->0
[2024-02-25T23:57:08.866+0000][7][gc,metaspace] GC(354) Metaspace: 128993K(132544K)->128993K(132544K) NonClass: 112145K(113984K)->112145K(113984K) Class: 16847K(18560K)->16847K(18560K)
[2024-02-25T23:57:08.866+0000][7][gc          ] GC(354) Pause Young (Normal) (G1 Evacuation Pause) 715M->106M(1024M) 2.562ms
[2024-02-25T23:57:08.867+0000][7][gc,cpu      ] GC(354) User=0.01s Sys=0.00s Real=0.00s
[2024-02-25T23:57:08.867+0000][7][safepoint   ] Safepoint "G1CollectForAllocation", Time since last: 203087913064 ns, Reaching safepoint: 69835 ns, At safepoint: 2670171 ns, Total: 2740006 ns
[2024-02-26T00:00:03.884+0000][7][safepoint   ] Safepoint "Cleanup", Time since last: 175017624415 ns, Reaching safepoint: 63905 ns, At safepoint: 5955 ns, Total: 69860 ns
[2024-02-26T00:00:05.884+0000][7][safepoint   ] Safepoint "Cleanup", Time since last: 2000222827 ns, Reaching safepoint: 36764 ns, At safepoint: 5235 ns, Total: 41999 ns
[2024-02-26T00:00:08.885+0000][7][safepoint   ] Safepoint "Cleanup", Time since last: 3000263785 ns, Reaching safepoint: 36502 ns, At safepoint: 18509 ns, Total: 55011 ns
[2024-02-26T00:00:20.961+0000][7][gc,start    ] GC(355) Pause Young (Normal) (G1 Evacuation Pause)
[2024-02-26T00:00:20.961+0000][7][gc,task     ] GC(355) Using 8 workers of 8 for evacuation
[2024-02-26T00:00:20.961+0000][7][gc,age      ] GC(355) Desired survivor size 41943040 bytes, new threshold 15 (max threshold 15)
[2024-02-26T00:00:20.963+0000][7][gc,phases   ] GC(355)   Pre Evacuate Collection Set: 0.1ms
[2024-02-26T00:00:20.964+0000][7][gc,phases   ] GC(355)   Merge Heap Roots: 0.1ms
[2024-02-26T00:00:20.964+0000][7][gc,phases   ] GC(355)   Evacuate Collection Set: 1.6ms
[2024-02-26T00:00:20.964+0000][7][gc,phases   ] GC(355)   Post Evacuate Collection Set: 0.9ms
[2024-02-26T00:00:20.964+0000][7][gc,phases   ] GC(355)   Other: 0.1ms
[2024-02-26T00:00:20.964+0000][7][gc,age      ] GC(355) Age table with threshold 15 (max threshold 15)
[2024-02-26T00:00:20.964+0000][7][gc,age      ] GC(355) - age   1:    1208552 bytes,    1208552 total
[2024-02-26T00:00:20.964+0000][7][gc,age      ] GC(355) - age   2:       2976 bytes,    1211528 total
[2024-02-26T00:00:20.964+0000][7][gc,age      ] GC(355) - age   3:       4024 bytes,    1215552 total
[2024-02-26T00:00:20.964+0000][7][gc,age      ] GC(355) - age   4:        280 bytes,    1215832 total
[2024-02-26T00:00:20.964+0000][7][gc,age      ] GC(355) - age   5:        216 bytes,    1216048 total
[2024-02-26T00:00:20.964+0000][7][gc,age      ] GC(355) - age   7:         48 bytes,    1216096 total
[2024-02-26T00:00:20.964+0000][7][gc,age      ] GC(355) - age   9:       9600 bytes,    1225696 total
[2024-02-26T00:00:20.964+0000][7][gc,age      ] GC(355) - age  12:       6504 bytes,    1232200 total
[2024-02-26T00:00:20.964+0000][7][gc,age      ] GC(355) - age  13:     150288 bytes,    1382488 total
[2024-02-26T00:00:20.964+0000][7][gc,age      ] GC(355) - age  14:     200784 bytes,    1583272 total
[2024-02-26T00:00:20.964+0000][7][gc,age      ] GC(355) - age  15:        224 bytes,    1583496 total
[2024-02-26T00:00:20.964+0000][7][gc,heap     ] GC(355) Eden regions: 152->0(152)
[2024-02-26T00:00:20.964+0000][7][gc,heap     ] GC(355) Survivor regions: 1->1(20)
[2024-02-26T00:00:20.964+0000][7][gc,heap     ] GC(355) Old regions: 26->26
[2024-02-26T00:00:20.964+0000][7][gc,heap     ] GC(355) Archive regions: 2->2
[2024-02-26T00:00:20.964+0000][7][gc,heap     ] GC(355) Humongous regions: 0->0
[2024-02-26T00:00:20.964+0000][7][gc,metaspace] GC(355) Metaspace: 128998K(132608K)->128998K(132608K) NonClass: 112151K(114048K)->112151K(114048K) Class: 16847K(18560K)->16847K(18560K)
[2024-02-26T00:00:20.964+0000][7][gc          ] GC(355) Pause Young (Normal) (G1 Evacuation Pause) 714M->107M(1024M) 3.189ms
[2024-02-26T00:00:20.964+0000][7][gc,cpu      ] GC(355) User=0.01s Sys=0.01s Real=0.00s
[2024-02-26T00:00:20.964+0000][7][safepoint   ] Safepoint "G1CollectForAllocation", Time since last: 12075600524 ns, Reaching safepoint: 59166 ns, At safepoint: 3289399 ns, Total: 3348565 ns
[2024-02-26T00:00:26.965+0000][7][safepoint   ] Safepoint "Cleanup", Time since last: 6000646623 ns, Reaching safepoint: 84492 ns, At safepoint: 10212 ns, Total: 94704 ns
[2024-02-26T00:02:11.976+0000][7][safepoint   ] Safepoint "Cleanup", Time since last: 105011568650 ns, Reaching safepoint: 75165 ns, At safepoint: 3733 ns, Total: 78898 ns
[2024-02-26T00:03:16.981+0000][7][gc,start    ] GC(356) Pause Young (Normal) (G1 Evacuation Pause)
[2024-02-26T00:03:16.981+0000][7][gc,task     ] GC(356) Using 8 workers of 8 for evacuation
[2024-02-26T00:03:16.981+0000][7][gc,age      ] GC(356) Desired survivor size 41943040 bytes, new threshold 15 (max threshold 15)
[2024-02-26T00:03:16.982+0000][7][gc,phases   ] GC(356)   Pre Evacuate Collection Set: 0.1ms
[2024-02-26T00:03:16.982+0000][7][gc,phases   ] GC(356)   Merge Heap Roots: 0.0ms
[2024-02-26T00:03:16.982+0000][7][gc,phases   ] GC(356)   Evacuate Collection Set: 0.7ms
[2024-02-26T00:03:16.982+0000][7][gc,phases   ] GC(356)   Post Evacuate Collection Set: 0.5ms
[2024-02-26T00:03:16.982+0000][7][gc,phases   ] GC(356)   Other: 0.1ms
[2024-02-26T00:03:16.982+0000][7][gc,age      ] GC(356) Age table with threshold 15 (max threshold 15)
[2024-02-26T00:03:16.982+0000][7][gc,age      ] GC(356) - age   1:     509072 bytes,     509072 total
[2024-02-26T00:03:16.982+0000][7][gc,age      ] GC(356) - age   2:     138896 bytes,     647968 total
[2024-02-26T00:03:16.982+0000][7][gc,age      ] GC(356) - age   3:       1664 bytes,     649632 total
[2024-02-26T00:03:16.982+0000][7][gc,age      ] GC(356) - age   4:        568 bytes,     650200 total
[2024-02-26T00:03:16.982+0000][7][gc,age      ] GC(356) - age   5:         32 bytes,     650232 total
[2024-02-26T00:03:16.982+0000][7][gc,age      ] GC(356) - age   6:        216 bytes,     650448 total
[2024-02-26T00:03:16.982+0000][7][gc,age      ] GC(356) - age   8:         48 bytes,     650496 total
[2024-02-26T00:03:16.982+0000][7][gc,age      ] GC(356) - age  10:       9600 bytes,     660096 total
[2024-02-26T00:03:16.982+0000][7][gc,age      ] GC(356) - age  13:       6504 bytes,     666600 total
[2024-02-26T00:03:16.982+0000][7][gc,age      ] GC(356) - age  14:     150288 bytes,     816888 total
[2024-02-26T00:03:16.982+0000][7][gc,age      ] GC(356) - age  15:     200784 bytes,    1017672 total
[2024-02-26T00:03:16.982+0000][7][gc,heap     ] GC(356) Eden regions: 152->0(152)
[2024-02-26T00:03:16.982+0000][7][gc,heap     ] GC(356) Survivor regions: 1->1(20)
[2024-02-26T00:03:16.982+0000][7][gc,heap     ] GC(356) Old regions: 26->26
[2024-02-26T00:03:16.982+0000][7][gc,heap     ] GC(356) Archive regions: 2->2
[2024-02-26T00:03:16.982+0000][7][gc,heap     ] GC(356) Humongous regions: 0->0
[2024-02-26T00:03:16.982+0000][7][gc,metaspace] GC(356) Metaspace: 128998K(132608K)->128998K(132608K) NonClass: 112151K(114048K)->112151K(114048K) Class: 16847K(18560K)->16847K(18560K)
[2024-02-26T00:03:16.982+0000][7][gc          ] GC(356) Pause Young (Normal) (G1 Evacuation Pause) 715M->106M(1024M) 1.624ms
[2024-02-26T00:03:16.982+0000][7][gc,cpu      ] GC(356) User=0.01s Sys=0.00s Real=0.00s
[2024-02-26T00:03:16.982+0000][7][safepoint   ] Safepoint "G1CollectForAllocation", Time since last: 65004504574 ns, Reaching safepoint: 51748 ns, At safepoint: 1692143 ns, Total: 1743891 ns
[2024-02-26T00:04:50.991+0000][7][safepoint   ] Safepoint "Cleanup", Time since last: 94008256240 ns, Reaching safepoint: 138132 ns, At safepoint: 77117 ns, Total: 215249 ns
[2024-02-26T00:05:56.839+0000][7][gc,start    ] GC(357) Pause Young (Normal) (G1 Evacuation Pause)
[2024-02-26T00:05:56.839+0000][7][gc,task     ] GC(357) Using 8 workers of 8 for evacuation
[2024-02-26T00:05:56.839+0000][7][gc,age      ] GC(357) Desired survivor size 41943040 bytes, new threshold 15 (max threshold 15)
[2024-02-26T00:05:56.841+0000][7][gc,phases   ] GC(357)   Pre Evacuate Collection Set: 0.1ms
[2024-02-26T00:05:56.841+0000][7][gc,phases   ] GC(357)   Merge Heap Roots: 0.1ms
[2024-02-26T00:05:56.841+0000][7][gc,phases   ] GC(357)   Evacuate Collection Set: 1.3ms
[2024-02-26T00:05:56.841+0000][7][gc,phases   ] GC(357)   Post Evacuate Collection Set: 0.8ms
[2024-02-26T00:05:56.841+0000][7][gc,phases   ] GC(357)   Other: 0.1ms
[2024-02-26T00:05:56.841+0000][7][gc,age      ] GC(357) Age table with threshold 15 (max threshold 15)
[2024-02-26T00:05:56.841+0000][7][gc,age      ] GC(357) - age   1:     777864 bytes,     777864 total
[2024-02-26T00:05:56.841+0000][7][gc,age      ] GC(357) - age   2:       6056 bytes,     783920 total
[2024-02-26T00:05:56.841+0000][7][gc,age      ] GC(357) - age   3:     137304 bytes,     921224 total
[2024-02-26T00:05:56.841+0000][7][gc,age      ] GC(357) - age   4:        976 bytes,     922200 total
[2024-02-26T00:05:56.841+0000][7][gc,age      ] GC(357) - age   5:        568 bytes,     922768 total
[2024-02-26T00:05:56.841+0000][7][gc,age      ] GC(357) - age   6:         32 bytes,     922800 total
[2024-02-26T00:05:56.841+0000][7][gc,age      ] GC(357) - age   7:        184 bytes,     922984 total
[2024-02-26T00:05:56.841+0000][7][gc,age      ] GC(357) - age   9:         48 bytes,     923032 total
[2024-02-26T00:05:56.841+0000][7][gc,age      ] GC(357) - age  11:       9600 bytes,     932632 total
[2024-02-26T00:05:56.841+0000][7][gc,age      ] GC(357) - age  14:       6504 bytes,     939136 total
[2024-02-26T00:05:56.841+0000][7][gc,age      ] GC(357) - age  15:     150288 bytes,    1089424 total
[2024-02-26T00:05:56.841+0000][7][gc,heap     ] GC(357) Eden regions: 152->0(152)
[2024-02-26T00:05:56.841+0000][7][gc,heap     ] GC(357) Survivor regions: 1->1(20)
[2024-02-26T00:05:56.841+0000][7][gc,heap     ] GC(357) Old regions: 26->26
[2024-02-26T00:05:56.841+0000][7][gc,heap     ] GC(357) Archive regions: 2->2
[2024-02-26T00:05:56.841+0000][7][gc,heap     ] GC(357) Humongous regions: 0->0
[2024-02-26T00:05:56.841+0000][7][gc,metaspace] GC(357) Metaspace: 128999K(132608K)->128999K(132608K) NonClass: 112151K(114048K)->112151K(114048K) Class: 16847K(18560K)->16847K(18560K)
[2024-02-26T00:05:56.841+0000][7][gc          ] GC(357) Pause Young (Normal) (G1 Evacuation Pause) 714M->106M(1024M) 2.671ms
[2024-02-26T00:05:56.841+0000][7][gc,cpu      ] GC(357) User=0.01s Sys=0.00s Real=0.00s
[2024-02-26T00:05:56.841+0000][7][safepoint   ] Safepoint "G1CollectForAllocation", Time since last: 65847731805 ns, Reaching safepoint: 60035 ns, At safepoint: 2762162 ns, Total: 2822197 ns
[2024-02-26T00:08:47.800+0000][7][gc,start    ] GC(358) Pause Young (Normal) (G1 Evacuation Pause)
[2024-02-26T00:08:47.800+0000][7][gc,task     ] GC(358) Using 8 workers of 8 for evacuation
[2024-02-26T00:08:47.800+0000][7][gc,age      ] GC(358) Desired survivor size 41943040 bytes, new threshold 15 (max threshold 15)
[2024-02-26T00:08:47.803+0000][7][gc,phases   ] GC(358)   Pre Evacuate Collection Set: 0.2ms
[2024-02-26T00:08:47.803+0000][7][gc,phases   ] GC(358)   Merge Heap Roots: 0.1ms
[2024-02-26T00:08:47.803+0000][7][gc,phases   ] GC(358)   Evacuate Collection Set: 1.1ms
[2024-02-26T00:08:47.803+0000][7][gc,phases   ] GC(358)   Post Evacuate Collection Set: 1.2ms
[2024-02-26T00:08:47.803+0000][7][gc,phases   ] GC(358)   Other: 0.1ms
[2024-02-26T00:08:47.803+0000][7][gc,age      ] GC(358) Age table with threshold 15 (max threshold 15)
[2024-02-26T00:08:47.803+0000][7][gc,age      ] GC(358) - age   1:     295344 bytes,     295344 total
[2024-02-26T00:08:47.803+0000][7][gc,age      ] GC(358) - age   2:       2344 bytes,     297688 total
[2024-02-26T00:08:47.803+0000][7][gc,age      ] GC(358) - age   3:       4208 bytes,     301896 total
[2024-02-26T00:08:47.803+0000][7][gc,age      ] GC(358) - age   4:     137176 bytes,     439072 total
[2024-02-26T00:08:47.803+0000][7][gc,age      ] GC(358) - age   5:        976 bytes,     440048 total
[2024-02-26T00:08:47.803+0000][7][gc,age      ] GC(358) - age   6:        568 bytes,     440616 total
[2024-02-26T00:08:47.803+0000][7][gc,age      ] GC(358) - age   8:        184 bytes,     440800 total
[2024-02-26T00:08:47.803+0000][7][gc,age      ] GC(358) - age  10:         48 bytes,     440848 total
[2024-02-26T00:08:47.803+0000][7][gc,age      ] GC(358) - age  12:       9600 bytes,     450448 total
[2024-02-26T00:08:47.803+0000][7][gc,age      ] GC(358) - age  15:       6504 bytes,     456952 total
[2024-02-26T00:08:47.803+0000][7][gc,heap     ] GC(358) Eden regions: 152->0(152)
[2024-02-26T00:08:47.803+0000][7][gc,heap     ] GC(358) Survivor regions: 1->1(20)
[2024-02-26T00:08:47.803+0000][7][gc,heap     ] GC(358) Old regions: 26->26
[2024-02-26T00:08:47.803+0000][7][gc,heap     ] GC(358) Archive regions: 2->2
[2024-02-26T00:08:47.803+0000][7][gc,heap     ] GC(358) Humongous regions: 0->0
[2024-02-26T00:08:47.803+0000][7][gc,metaspace] GC(358) Metaspace: 128999K(132608K)->128999K(132608K) NonClass: 112151K(114048K)->112151K(114048K) Class: 16847K(18560K)->16847K(18560K)
[2024-02-26T00:08:47.803+0000][7][gc          ] GC(358) Pause Young (Normal) (G1 Evacuation Pause) 714M->106M(1024M) 2.990ms
[2024-02-26T00:08:47.803+0000][7][gc,cpu      ] GC(358) User=0.01s Sys=0.00s Real=0.00s
[2024-02-26T00:08:47.803+0000][7][safepoint   ] Safepoint "G1CollectForAllocation", Time since last: 170958300157 ns, Reaching safepoint: 37350 ns, At safepoint: 3091695 ns, Total: 3129045 ns
[2024-02-26T00:12:08.848+0000][7][gc,start    ] GC(359) Pause Young (Normal) (G1 Evacuation Pause)
[2024-02-26T00:12:08.848+0000][7][gc,task     ] GC(359) Using 8 workers of 8 for evacuation
[2024-02-26T00:12:08.848+0000][7][gc,age      ] GC(359) Desired survivor size 41943040 bytes, new threshold 15 (max threshold 15)
[2024-02-26T00:12:08.850+0000][7][gc,phases   ] GC(359)   Pre Evacuate Collection Set: 0.1ms
[2024-02-26T00:12:08.850+0000][7][gc,phases   ] GC(359)   Merge Heap Roots: 0.1ms
[2024-02-26T00:12:08.850+0000][7][gc,phases   ] GC(359)   Evacuate Collection Set: 0.8ms
[2024-02-26T00:12:08.850+0000][7][gc,phases   ] GC(359)   Post Evacuate Collection Set: 0.8ms
[2024-02-26T00:12:08.850+0000][7][gc,phases   ] GC(359)   Other: 0.1ms
[2024-02-26T00:12:08.850+0000][7][gc,age      ] GC(359) Age table with threshold 15 (max threshold 15)
[2024-02-26T00:12:08.850+0000][7][gc,age      ] GC(359) - age   1:     541104 bytes,     541104 total
[2024-02-26T00:12:08.850+0000][7][gc,age      ] GC(359) - age   2:       1328 bytes,     542432 total
[2024-02-26T00:12:08.850+0000][7][gc,age      ] GC(359) - age   3:        936 bytes,     543368 total
[2024-02-26T00:12:08.850+0000][7][gc,age      ] GC(359) - age   4:        368 bytes,     543736 total
[2024-02-26T00:12:08.850+0000][7][gc,age      ] GC(359) - age   5:     137176 bytes,     680912 total
[2024-02-26T00:12:08.850+0000][7][gc,age      ] GC(359) - age   6:        104 bytes,     681016 total
[2024-02-26T00:12:08.850+0000][7][gc,age      ] GC(359) - age   9:        184 bytes,     681200 total
[2024-02-26T00:12:08.850+0000][7][gc,age      ] GC(359) - age  11:         48 bytes,     681248 total
[2024-02-26T00:12:08.850+0000][7][gc,age      ] GC(359) - age  13:       9600 bytes,     690848 total
[2024-02-26T00:12:08.850+0000][7][gc,heap     ] GC(359) Eden regions: 152->0(152)
[2024-02-26T00:12:08.850+0000][7][gc,heap     ] GC(359) Survivor regions: 1->1(20)
[2024-02-26T00:12:08.850+0000][7][gc,heap     ] GC(359) Old regions: 26->26
[2024-02-26T00:12:08.850+0000][7][gc,heap     ] GC(359) Archive regions: 2->2
[2024-02-26T00:12:08.850+0000][7][gc,heap     ] GC(359) Humongous regions: 0->0
[2024-02-26T00:12:08.850+0000][7][gc,metaspace] GC(359) Metaspace: 128999K(132608K)->128999K(132608K) NonClass: 112151K(114048K)->112151K(114048K) Class: 16847K(18560K)->16847K(18560K)
[2024-02-26T00:12:08.850+0000][7][gc          ] GC(359) Pause Young (Normal) (G1 Evacuation Pause) 714M->106M(1024M) 2.229ms
[2024-02-26T00:12:08.850+0000][7][gc,cpu      ] GC(359) User=0.01s Sys=0.00s Real=0.00s
[2024-02-26T00:12:08.850+0000][7][safepoint   ] Safepoint "G1CollectForAllocation", Time since last: 201044860859 ns, Reaching safepoint: 76498 ns, At safepoint: 2322025 ns, Total: 2398523 ns
[2024-02-26T00:13:11.860+0000][7][safepoint   ] Safepoint "Cleanup", Time since last: 63009313750 ns, Reaching safepoint: 114726 ns, At safepoint: 10059 ns, Total: 124785 ns
[2024-02-26T00:15:08.845+0000][7][gc,start    ] GC(360) Pause Young (Normal) (G1 Evacuation Pause)
[2024-02-26T00:15:08.845+0000][7][gc,task     ] GC(360) Using 8 workers of 8 for evacuation
[2024-02-26T00:15:08.845+0000][7][gc,age      ] GC(360) Desired survivor size 41943040 bytes, new threshold 15 (max threshold 15)
[2024-02-26T00:15:08.848+0000][7][gc,phases   ] GC(360)   Pre Evacuate Collection Set: 0.1ms
[2024-02-26T00:15:08.848+0000][7][gc,phases   ] GC(360)   Merge Heap Roots: 0.1ms
[2024-02-26T00:15:08.848+0000][7][gc,phases   ] GC(360)   Evacuate Collection Set: 1.8ms
[2024-02-26T00:15:08.848+0000][7][gc,phases   ] GC(360)   Post Evacuate Collection Set: 1.1ms
[2024-02-26T00:15:08.848+0000][7][gc,phases   ] GC(360)   Other: 0.1ms
[2024-02-26T00:15:08.848+0000][7][gc,age      ] GC(360) Age table with threshold 15 (max threshold 15)
[2024-02-26T00:15:08.848+0000][7][gc,age      ] GC(360) - age   1:    1574680 bytes,    1574680 total
[2024-02-26T00:15:08.848+0000][7][gc,age      ] GC(360) - age   2:       5680 bytes,    1580360 total
[2024-02-26T00:15:08.848+0000][7][gc,age      ] GC(360) - age   3:        208 bytes,    1580568 total
[2024-02-26T00:15:08.848+0000][7][gc,age      ] GC(360) - age   4:        744 bytes,    1581312 total
[2024-02-26T00:15:08.848+0000][7][gc,age      ] GC(360) - age   5:        368 bytes,    1581680 total
[2024-02-26T00:15:08.848+0000][7][gc,age      ] GC(360) - age   6:     122384 bytes,    1704064 total
[2024-02-26T00:15:08.848+0000][7][gc,age      ] GC(360) - age   7:        104 bytes,    1704168 total
[2024-02-26T00:15:08.848+0000][7][gc,age      ] GC(360) - age  10:        184 bytes,    1704352 total
[2024-02-26T00:15:08.848+0000][7][gc,age      ] GC(360) - age  12:         48 bytes,    1704400 total
[2024-02-26T00:15:08.848+0000][7][gc,age      ] GC(360) - age  14:       9600 bytes,    1714000 total
[2024-02-26T00:15:08.848+0000][7][gc,heap     ] GC(360) Eden regions: 152->0(152)
[2024-02-26T00:15:08.848+0000][7][gc,heap     ] GC(360) Survivor regions: 1->1(20)
[2024-02-26T00:15:08.848+0000][7][gc,heap     ] GC(360) Old regions: 26->26
[2024-02-26T00:15:08.848+0000][7][gc,heap     ] GC(360) Archive regions: 2->2
[2024-02-26T00:15:08.848+0000][7][gc,heap     ] GC(360) Humongous regions: 0->0
[2024-02-26T00:15:08.848+0000][7][gc,metaspace] GC(360) Metaspace: 128999K(132608K)->128999K(132608K) NonClass: 112151K(114048K)->112151K(114048K) Class: 16847K(18560K)->16847K(18560K)
[2024-02-26T00:15:08.849+0000][7][gc          ] GC(360) Pause Young (Normal) (G1 Evacuation Pause) 714M->107M(1024M) 3.460ms
[2024-02-26T00:15:08.849+0000][7][gc,cpu      ] GC(360) User=0.00s Sys=0.01s Real=0.01s
[2024-02-26T00:15:08.849+0000][7][safepoint   ] Safepoint "G1CollectForAllocation", Time since last: 116985389231 ns, Reaching safepoint: 79813 ns, At safepoint: 3564437 ns, Total: 3644250 ns
[2024-02-26T00:17:44.865+0000][7][gc,start    ] GC(361) Pause Young (Normal) (G1 Evacuation Pause)
[2024-02-26T00:17:44.865+0000][7][gc,task     ] GC(361) Using 8 workers of 8 for evacuation
[2024-02-26T00:17:44.865+0000][7][gc,age      ] GC(361) Desired survivor size 41943040 bytes, new threshold 15 (max threshold 15)
[2024-02-26T00:17:44.868+0000][7][gc,phases   ] GC(361)   Pre Evacuate Collection Set: 0.1ms
[2024-02-26T00:17:44.868+0000][7][gc,phases   ] GC(361)   Merge Heap Roots: 0.1ms
[2024-02-26T00:17:44.868+0000][7][gc,phases   ] GC(361)   Evacuate Collection Set: 1.4ms
[2024-02-26T00:17:44.868+0000][7][gc,phases   ] GC(361)   Post Evacuate Collection Set: 0.8ms
[2024-02-26T00:17:44.868+0000][7][gc,phases   ] GC(361)   Other: 0.1ms
[2024-02-26T00:17:44.868+0000][7][gc,age      ] GC(361) Age table with threshold 15 (max threshold 15)
[2024-02-26T00:17:44.868+0000][7][gc,age      ] GC(361) - age   1:    1331240 bytes,    1331240 total
[2024-02-26T00:17:44.868+0000][7][gc,age      ] GC(361) - age   2:     102384 bytes,    1433624 total
[2024-02-26T00:17:44.868+0000][7][gc,age      ] GC(361) - age   3:       5136 bytes,    1438760 total
[2024-02-26T00:17:44.868+0000][7][gc,age      ] GC(361) - age   4:        208 bytes,    1438968 total
[2024-02-26T00:17:44.868+0000][7][gc,age      ] GC(361) - age   6:        184 bytes,    1439152 total
[2024-02-26T00:17:44.868+0000][7][gc,age      ] GC(361) - age   7:      73488 bytes,    1512640 total
[2024-02-26T00:17:44.868+0000][7][gc,age      ] GC(361) - age   8:         72 bytes,    1512712 total
[2024-02-26T00:17:44.868+0000][7][gc,age      ] GC(361) - age  13:         48 bytes,    1512760 total
[2024-02-26T00:17:44.868+0000][7][gc,age      ] GC(361) - age  15:       9600 bytes,    1522360 total
[2024-02-26T00:17:44.868+0000][7][gc,heap     ] GC(361) Eden regions: 152->0(152)
[2024-02-26T00:17:44.868+0000][7][gc,heap     ] GC(361) Survivor regions: 1->1(20)
[2024-02-26T00:17:44.868+0000][7][gc,heap     ] GC(361) Old regions: 26->26
[2024-02-26T00:17:44.868+0000][7][gc,heap     ] GC(361) Archive regions: 2->2
[2024-02-26T00:17:44.868+0000][7][gc,heap     ] GC(361) Humongous regions: 0->0
[2024-02-26T00:17:44.868+0000][7][gc,metaspace] GC(361) Metaspace: 128999K(132608K)->128999K(132608K) NonClass: 112151K(114048K)->112151K(114048K) Class: 16847K(18560K)->16847K(18560K)
[2024-02-26T00:17:44.868+0000][7][gc          ] GC(361) Pause Young (Normal) (G1 Evacuation Pause) 715M->107M(1024M) 2.866ms
[2024-02-26T00:17:44.868+0000][7][gc,cpu      ] GC(361) User=0.01s Sys=0.00s Real=0.01s
[2024-02-26T00:17:44.868+0000][7][safepoint   ] Safepoint "G1CollectForAllocation", Time since last: 156016271518 ns, Reaching safepoint: 64631 ns, At safepoint: 2973684 ns, Total: 3038315 ns
[2024-02-26T00:20:09.405+0000][7][gc,start    ] GC(362) Pause Young (Normal) (G1 Evacuation Pause)
[2024-02-26T00:20:09.405+0000][7][gc,task     ] GC(362) Using 8 workers of 8 for evacuation
[2024-02-26T00:20:09.405+0000][7][gc,age      ] GC(362) Desired survivor size 41943040 bytes, new threshold 15 (max threshold 15)
[2024-02-26T00:20:09.407+0000][7][gc,phases   ] GC(362)   Pre Evacuate Collection Set: 0.1ms
[2024-02-26T00:20:09.407+0000][7][gc,phases   ] GC(362)   Merge Heap Roots: 0.1ms
[2024-02-26T00:20:09.407+0000][7][gc,phases   ] GC(362)   Evacuate Collection Set: 1.4ms
[2024-02-26T00:20:09.407+0000][7][gc,phases   ] GC(362)   Post Evacuate Collection Set: 0.6ms
[2024-02-26T00:20:09.407+0000][7][gc,phases   ] GC(362)   Other: 0.1ms
[2024-02-26T00:20:09.407+0000][7][gc,age      ] GC(362) Age table with threshold 15 (max threshold 15)
[2024-02-26T00:20:09.407+0000][7][gc,age      ] GC(362) - age   1:    1977984 bytes,    1977984 total
[2024-02-26T00:20:09.407+0000][7][gc,age      ] GC(362) - age   2:     162232 bytes,    2140216 total
[2024-02-26T00:20:09.407+0000][7][gc,age      ] GC(362) - age   3:     100328 bytes,    2240544 total
[2024-02-26T00:20:09.407+0000][7][gc,age      ] GC(362) - age   4:       4944 bytes,    2245488 total
[2024-02-26T00:20:09.407+0000][7][gc,age      ] GC(362) - age   5:        208 bytes,    2245696 total
[2024-02-26T00:20:09.407+0000][7][gc,age      ] GC(362) - age   7:        184 bytes,    2245880 total
[2024-02-26T00:20:09.407+0000][7][gc,age      ] GC(362) - age   8:      65176 bytes,    2311056 total
[2024-02-26T00:20:09.407+0000][7][gc,age      ] GC(362) - age   9:         72 bytes,    2311128 total
[2024-02-26T00:20:09.407+0000][7][gc,age      ] GC(362) - age  14:         48 bytes,    2311176 total
[2024-02-26T00:20:09.407+0000][7][gc,heap     ] GC(362) Eden regions: 152->0(152)
[2024-02-26T00:20:09.407+0000][7][gc,heap     ] GC(362) Survivor regions: 1->1(20)
[2024-02-26T00:20:09.407+0000][7][gc,heap     ] GC(362) Old regions: 26->26
[2024-02-26T00:20:09.407+0000][7][gc,heap     ] GC(362) Archive regions: 2->2
[2024-02-26T00:20:09.407+0000][7][gc,heap     ] GC(362) Humongous regions: 0->0
[2024-02-26T00:20:09.407+0000][7][gc,metaspace] GC(362) Metaspace: 128999K(132608K)->128999K(132608K) NonClass: 112151K(114048K)->112151K(114048K) Class: 16847K(18560K)->16847K(18560K)
[2024-02-26T00:20:09.407+0000][7][gc          ] GC(362) Pause Young (Normal) (G1 Evacuation Pause) 715M->108M(1024M) 2.518ms
[2024-02-26T00:20:09.407+0000][7][gc,cpu      ] GC(362) User=0.01s Sys=0.00s Real=0.01s
[2024-02-26T00:20:09.407+0000][7][safepoint   ] Safepoint "G1CollectForAllocation", Time since last: 144536761043 ns, Reaching safepoint: 48110 ns, At safepoint: 2599030 ns, Total: 2647140 ns
[2024-02-26T00:22:51.900+0000][7][gc,start    ] GC(363) Pause Young (Normal) (G1 Evacuation Pause)
[2024-02-26T00:22:51.900+0000][7][gc,task     ] GC(363) Using 8 workers of 8 for evacuation
[2024-02-26T00:22:51.900+0000][7][gc,age      ] GC(363) Desired survivor size 41943040 bytes, new threshold 15 (max threshold 15)
[2024-02-26T00:22:51.903+0000][7][gc,phases   ] GC(363)   Pre Evacuate Collection Set: 0.2ms
[2024-02-26T00:22:51.903+0000][7][gc,phases   ] GC(363)   Merge Heap Roots: 0.1ms
[2024-02-26T00:22:51.903+0000][7][gc,phases   ] GC(363)   Evacuate Collection Set: 1.7ms
[2024-02-26T00:22:51.903+0000][7][gc,phases   ] GC(363)   Post Evacuate Collection Set: 0.9ms
[2024-02-26T00:22:51.903+0000][7][gc,phases   ] GC(363)   Other: 0.1ms
[2024-02-26T00:22:51.903+0000][7][gc,age      ] GC(363) Age table with threshold 15 (max threshold 15)
[2024-02-26T00:22:51.903+0000][7][gc,age      ] GC(363) - age   1:    1467736 bytes,    1467736 total
[2024-02-26T00:22:51.903+0000][7][gc,age      ] GC(363) - age   2:     222928 bytes,    1690664 total
[2024-02-26T00:22:51.903+0000][7][gc,age      ] GC(363) - age   3:     152952 bytes,    1843616 total
[2024-02-26T00:22:51.903+0000][7][gc,age      ] GC(363) - age   4:     100264 bytes,    1943880 total
[2024-02-26T00:22:51.903+0000][7][gc,age      ] GC(363) - age   5:       1192 bytes,    1945072 total
[2024-02-26T00:22:51.903+0000][7][gc,age      ] GC(363) - age   6:         24 bytes,    1945096 total
[2024-02-26T00:22:51.903+0000][7][gc,age      ] GC(363) - age   8:        184 bytes,    1945280 total
[2024-02-26T00:22:51.903+0000][7][gc,age      ] GC(363) - age   9:      65176 bytes,    2010456 total
[2024-02-26T00:22:51.903+0000][7][gc,age      ] GC(363) - age  10:         72 bytes,    2010528 total
[2024-02-26T00:22:51.903+0000][7][gc,age      ] GC(363) - age  15:         48 bytes,    2010576 total
[2024-02-26T00:22:51.903+0000][7][gc,heap     ] GC(363) Eden regions: 152->0(152)
[2024-02-26T00:22:51.903+0000][7][gc,heap     ] GC(363) Survivor regions: 1->1(20)
[2024-02-26T00:22:51.903+0000][7][gc,heap     ] GC(363) Old regions: 26->26
[2024-02-26T00:22:51.903+0000][7][gc,heap     ] GC(363) Archive regions: 2->2
[2024-02-26T00:22:51.903+0000][7][gc,heap     ] GC(363) Humongous regions: 0->0
[2024-02-26T00:22:51.903+0000][7][gc,metaspace] GC(363) Metaspace: 129000K(132608K)->129000K(132608K) NonClass: 112152K(114048K)->112152K(114048K) Class: 16847K(18560K)->16847K(18560K)
[2024-02-26T00:22:51.903+0000][7][gc          ] GC(363) Pause Young (Normal) (G1 Evacuation Pause) 716M->107M(1024M) 3.344ms
[2024-02-26T00:22:51.903+0000][7][gc,cpu      ] GC(363) User=0.02s Sys=0.00s Real=0.00s
[2024-02-26T00:22:51.903+0000][7][safepoint   ] Safepoint "G1CollectForAllocation", Time since last: 162492361071 ns, Reaching safepoint: 160523 ns, At safepoint: 3453427 ns, Total: 3613950 ns
[2024-02-26T00:25:50.954+0000][7][gc,start    ] GC(364) Pause Young (Normal) (G1 Evacuation Pause)
[2024-02-26T00:25:50.954+0000][7][gc,task     ] GC(364) Using 8 workers of 8 for evacuation
[2024-02-26T00:25:50.954+0000][7][gc,age      ] GC(364) Desired survivor size 41943040 bytes, new threshold 15 (max threshold 15)
[2024-02-26T00:25:50.956+0000][7][gc,phases   ] GC(364)   Pre Evacuate Collection Set: 0.1ms
[2024-02-26T00:25:50.956+0000][7][gc,phases   ] GC(364)   Merge Heap Roots: 0.1ms
[2024-02-26T00:25:50.956+0000][7][gc,phases   ] GC(364)   Evacuate Collection Set: 1.1ms
[2024-02-26T00:25:50.956+0000][7][gc,phases   ] GC(364)   Post Evacuate Collection Set: 0.8ms
[2024-02-26T00:25:50.956+0000][7][gc,phases   ] GC(364)   Other: 0.1ms
[2024-02-26T00:25:50.956+0000][7][gc,age      ] GC(364) Age table with threshold 15 (max threshold 15)
[2024-02-26T00:25:50.956+0000][7][gc,age      ] GC(364) - age   1:     706688 bytes,     706688 total
[2024-02-26T00:25:50.956+0000][7][gc,age      ] GC(364) - age   2:      16496 bytes,     723184 total
[2024-02-26T00:25:50.956+0000][7][gc,age      ] GC(364) - age   3:     221104 bytes,     944288 total
[2024-02-26T00:25:50.956+0000][7][gc,age      ] GC(364) - age   4:     151688 bytes,    1095976 total
[2024-02-26T00:25:50.956+0000][7][gc,age      ] GC(364) - age   5:     100264 bytes,    1196240 total
[2024-02-26T00:25:50.956+0000][7][gc,age      ] GC(364) - age   6:       1192 bytes,    1197432 total
[2024-02-26T00:25:50.956+0000][7][gc,age      ] GC(364) - age   7:         24 bytes,    1197456 total
[2024-02-26T00:25:50.956+0000][7][gc,age      ] GC(364) - age   9:        184 bytes,    1197640 total
[2024-02-26T00:25:50.956+0000][7][gc,age      ] GC(364) - age  10:      65176 bytes,    1262816 total
[2024-02-26T00:25:50.956+0000][7][gc,age      ] GC(364) - age  11:         72 bytes,    1262888 total
[2024-02-26T00:25:50.956+0000][7][gc,heap     ] GC(364) Eden regions: 152->0(152)
[2024-02-26T00:25:50.956+0000][7][gc,heap     ] GC(364) Survivor regions: 1->1(20)
[2024-02-26T00:25:50.956+0000][7][gc,heap     ] GC(364) Old regions: 26->26
[2024-02-26T00:25:50.956+0000][7][gc,heap     ] GC(364) Archive regions: 2->2
[2024-02-26T00:25:50.956+0000][7][gc,heap     ] GC(364) Humongous regions: 0->0
[2024-02-26T00:25:50.956+0000][7][gc,metaspace] GC(364) Metaspace: 129000K(132608K)->129000K(132608K) NonClass: 112152K(114048K)->112152K(114048K) Class: 16847K(18560K)->16847K(18560K)
[2024-02-26T00:25:50.957+0000][7][gc          ] GC(364) Pause Young (Normal) (G1 Evacuation Pause) 715M->107M(1024M) 2.286ms
[2024-02-26T00:25:50.957+0000][7][gc,cpu      ] GC(364) User=0.01s Sys=0.00s Real=0.01s
[2024-02-26T00:25:50.957+0000][7][safepoint   ] Safepoint "G1CollectForAllocation", Time since last: 179050866993 ns, Reaching safepoint: 59334 ns, At safepoint: 2386915 ns, Total: 2446249 ns
[2024-02-26T00:27:47.975+0000][7][safepoint   ] Safepoint "Cleanup", Time since last: 117018314367 ns, Reaching safepoint: 104705 ns, At safepoint: 6365 ns, Total: 111070 ns
[2024-02-26T00:28:59.939+0000][7][gc,start    ] GC(365) Pause Young (Normal) (G1 Evacuation Pause)
[2024-02-26T00:28:59.939+0000][7][gc,task     ] GC(365) Using 8 workers of 8 for evacuation
[2024-02-26T00:28:59.939+0000][7][gc,age      ] GC(365) Desired survivor size 41943040 bytes, new threshold 15 (max threshold 15)
[2024-02-26T00:28:59.941+0000][7][gc,phases   ] GC(365)   Pre Evacuate Collection Set: 0.1ms
[2024-02-26T00:28:59.941+0000][7][gc,phases   ] GC(365)   Merge Heap Roots: 0.1ms
[2024-02-26T00:28:59.941+0000][7][gc,phases   ] GC(365)   Evacuate Collection Set: 1.2ms
[2024-02-26T00:28:59.941+0000][7][gc,phases   ] GC(365)   Post Evacuate Collection Set: 0.8ms
[2024-02-26T00:28:59.941+0000][7][gc,phases   ] GC(365)   Other: 0.1ms
[2024-02-26T00:28:59.941+0000][7][gc,age      ] GC(365) Age table with threshold 15 (max threshold 15)
[2024-02-26T00:28:59.941+0000][7][gc,age      ] GC(365) - age   1:     808336 bytes,     808336 total
[2024-02-26T00:28:59.941+0000][7][gc,age      ] GC(365) - age   2:       2704 bytes,     811040 total
[2024-02-26T00:28:59.941+0000][7][gc,age      ] GC(365) - age   3:      13928 bytes,     824968 total
[2024-02-26T00:28:59.941+0000][7][gc,age      ] GC(365) - age   4:     220656 bytes,    1045624 total
[2024-02-26T00:28:59.941+0000][7][gc,age      ] GC(365) - age   5:     151624 bytes,    1197248 total
[2024-02-26T00:28:59.941+0000][7][gc,age      ] GC(365) - age   6:     100264 bytes,    1297512 total
[2024-02-26T00:28:59.941+0000][7][gc,age      ] GC(365) - age   7:        616 bytes,    1298128 total
[2024-02-26T00:28:59.941+0000][7][gc,age      ] GC(365) - age   8:         24 bytes,    1298152 total
[2024-02-26T00:28:59.941+0000][7][gc,age      ] GC(365) - age  10:        184 bytes,    1298336 total
[2024-02-26T00:28:59.941+0000][7][gc,age      ] GC(365) - age  11:      65176 bytes,    1363512 total
[2024-02-26T00:28:59.941+0000][7][gc,age      ] GC(365) - age  12:         72 bytes,    1363584 total
[2024-02-26T00:28:59.941+0000][7][gc,heap     ] GC(365) Eden regions: 152->0(152)
[2024-02-26T00:28:59.941+0000][7][gc,heap     ] GC(365) Survivor regions: 1->1(20)
[2024-02-26T00:28:59.941+0000][7][gc,heap     ] GC(365) Old regions: 26->26
[2024-02-26T00:28:59.941+0000][7][gc,heap     ] GC(365) Archive regions: 2->2
[2024-02-26T00:28:59.941+0000][7][gc,heap     ] GC(365) Humongous regions: 0->0
[2024-02-26T00:28:59.941+0000][7][gc,metaspace] GC(365) Metaspace: 129000K(132608K)->129000K(132608K) NonClass: 112152K(114048K)->112152K(114048K) Class: 16847K(18560K)->16847K(18560K)
[2024-02-26T00:28:59.941+0000][7][gc          ] GC(365) Pause Young (Normal) (G1 Evacuation Pause) 715M->107M(1024M) 2.481ms
[2024-02-26T00:28:59.941+0000][7][gc,cpu      ] GC(365) User=0.02s Sys=0.00s Real=0.00s
[2024-02-26T00:28:59.941+0000][7][safepoint   ] Safepoint "G1CollectForAllocation", Time since last: 71963607563 ns, Reaching safepoint: 43055 ns, At safepoint: 2580355 ns, Total: 2623410 ns
[2024-02-26T00:31:29.931+0000][7][gc,start    ] GC(366) Pause Young (Normal) (G1 Evacuation Pause)
[2024-02-26T00:31:29.931+0000][7][gc,task     ] GC(366) Using 8 workers of 8 for evacuation
[2024-02-26T00:31:29.931+0000][7][gc,age      ] GC(366) Desired survivor size 41943040 bytes, new threshold 15 (max threshold 15)
[2024-02-26T00:31:29.934+0000][7][gc,phases   ] GC(366)   Pre Evacuate Collection Set: 0.1ms
[2024-02-26T00:31:29.934+0000][7][gc,phases   ] GC(366)   Merge Heap Roots: 0.1ms
[2024-02-26T00:31:29.934+0000][7][gc,phases   ] GC(366)   Evacuate Collection Set: 1.5ms
[2024-02-26T00:31:29.934+0000][7][gc,phases   ] GC(366)   Post Evacuate Collection Set: 0.8ms
[2024-02-26T00:31:29.934+0000][7][gc,phases   ] GC(366)   Other: 0.1ms
[2024-02-26T00:31:29.934+0000][7][gc,age      ] GC(366) Age table with threshold 15 (max threshold 15)
[2024-02-26T00:31:29.934+0000][7][gc,age      ] GC(366) - age   1:    1442848 bytes,    1442848 total
[2024-02-26T00:31:29.934+0000][7][gc,age      ] GC(366) - age   2:       3904 bytes,    1446752 total
[2024-02-26T00:31:29.934+0000][7][gc,age      ] GC(366) - age   3:       1304 bytes,    1448056 total
[2024-02-26T00:31:29.934+0000][7][gc,age      ] GC(366) - age   4:      10064 bytes,    1458120 total
[2024-02-26T00:31:29.934+0000][7][gc,age      ] GC(366) - age   5:     220656 bytes,    1678776 total
[2024-02-26T00:31:29.934+0000][7][gc,age      ] GC(366) - age   6:     151440 bytes,    1830216 total
[2024-02-26T00:31:29.934+0000][7][gc,age      ] GC(366) - age   7:     100264 bytes,    1930480 total
[2024-02-26T00:31:29.934+0000][7][gc,age      ] GC(366) - age   8:        232 bytes,    1930712 total
[2024-02-26T00:31:29.934+0000][7][gc,age      ] GC(366) - age   9:         24 bytes,    1930736 total
[2024-02-26T00:31:29.934+0000][7][gc,age      ] GC(366) - age  11:        184 bytes,    1930920 total
[2024-02-26T00:31:29.934+0000][7][gc,age      ] GC(366) - age  12:      65176 bytes,    1996096 total
[2024-02-26T00:31:29.934+0000][7][gc,age      ] GC(366) - age  13:         72 bytes,    1996168 total
[2024-02-26T00:31:29.934+0000][7][gc,heap     ] GC(366) Eden regions: 152->0(152)
[2024-02-26T00:31:29.934+0000][7][gc,heap     ] GC(366) Survivor regions: 1->1(20)
[2024-02-26T00:31:29.934+0000][7][gc,heap     ] GC(366) Old regions: 26->26
[2024-02-26T00:31:29.934+0000][7][gc,heap     ] GC(366) Archive regions: 2->2
[2024-02-26T00:31:29.934+0000][7][gc,heap     ] GC(366) Humongous regions: 0->0
[2024-02-26T00:31:29.934+0000][7][gc,metaspace] GC(366) Metaspace: 129000K(132608K)->129000K(132608K) NonClass: 112152K(114048K)->112152K(114048K) Class: 16847K(18560K)->16847K(18560K)
[2024-02-26T00:31:29.934+0000][7][gc          ] GC(366) Pause Young (Normal) (G1 Evacuation Pause) 715M->107M(1024M) 2.921ms
[2024-02-26T00:31:29.934+0000][7][gc,cpu      ] GC(366) User=0.01s Sys=0.01s Real=0.00s
[2024-02-26T00:31:29.934+0000][7][safepoint   ] Safepoint "G1CollectForAllocation", Time since last: 149989574961 ns, Reaching safepoint: 81578 ns, At safepoint: 3012738 ns, Total: 3094316 ns
[2024-02-26T13:00:47.227+0000][7][safepoint   ] Safepoint "Cleanup", Time since last: 40779480282 ns, Reaching safepoint: 101097 ns, At safepoint: 10429 ns, Total: 111526 ns
[2024-02-26T13:02:31.166+0000][7][gc,start    ] GC(367) Pause Young (Normal) (G1 Evacuation Pause)
[2024-02-26T13:02:31.166+0000][7][gc,task     ] GC(367) Using 8 workers of 8 for evacuation
[2024-02-26T13:02:31.166+0000][7][gc,age      ] GC(367) Desired survivor size 41943040 bytes, new threshold 15 (max threshold 15)
[2024-02-26T13:02:31.169+0000][7][gc,phases   ] GC(367)   Pre Evacuate Collection Set: 0.1ms
[2024-02-26T13:02:31.169+0000][7][gc,phases   ] GC(367)   Merge Heap Roots: 0.1ms
[2024-02-26T13:02:31.169+0000][7][gc,phases   ] GC(367)   Evacuate Collection Set: 1.6ms
[2024-02-26T13:02:31.169+0000][7][gc,phases   ] GC(367)   Post Evacuate Collection Set: 0.8ms
[2024-02-26T13:02:31.169+0000][7][gc,phases   ] GC(367)   Other: 0.1ms
[2024-02-26T13:02:31.169+0000][7][gc,age      ] GC(367) Age table with threshold 15 (max threshold 15)
[2024-02-26T13:02:31.169+0000][7][gc,age      ] GC(367) - age   1:    1450704 bytes,    1450704 total
[2024-02-26T13:02:31.169+0000][7][gc,age      ] GC(367) - age   2:       5232 bytes,    1455936 total
[2024-02-26T13:02:31.169+0000][7][gc,age      ] GC(367) - age   3:        888 bytes,    1456824 total
[2024-02-26T13:02:31.169+0000][7][gc,age      ] GC(367) - age   4:        928 bytes,    1457752 total
[2024-02-26T13:02:31.169+0000][7][gc,age      ] GC(367) - age   5:        280 bytes,    1458032 total
[2024-02-26T13:02:31.169+0000][7][gc,age      ] GC(367) - age   6:     139536 bytes,    1597568 total
[2024-02-26T13:02:31.169+0000][7][gc,age      ] GC(367) - age   7:      35224 bytes,    1632792 total
[2024-02-26T13:02:31.169+0000][7][gc,age      ] GC(367) - age   8:      99136 bytes,    1731928 total
[2024-02-26T13:02:31.169+0000][7][gc,age      ] GC(367) - age   9:        232 bytes,    1732160 total
[2024-02-26T13:02:31.169+0000][7][gc,age      ] GC(367) - age  10:         24 bytes,    1732184 total
[2024-02-26T13:02:31.169+0000][7][gc,age      ] GC(367) - age  12:        184 bytes,    1732368 total
[2024-02-26T13:02:31.169+0000][7][gc,age      ] GC(367) - age  13:      64512 bytes,    1796880 total
[2024-02-26T13:02:31.169+0000][7][gc,age      ] GC(367) - age  14:         72 bytes,    1796952 total
[2024-02-26T13:02:31.169+0000][7][gc,heap     ] GC(367) Eden regions: 152->0(152)
[2024-02-26T13:02:31.169+0000][7][gc,heap     ] GC(367) Survivor regions: 1->1(20)
[2024-02-26T13:02:31.169+0000][7][gc,heap     ] GC(367) Old regions: 26->26
[2024-02-26T13:02:31.169+0000][7][gc,heap     ] GC(367) Archive regions: 2->2
[2024-02-26T13:02:31.169+0000][7][gc,heap     ] GC(367) Humongous regions: 0->0
[2024-02-26T13:02:31.169+0000][7][gc,metaspace] GC(367) Metaspace: 129016K(132672K)->129016K(132672K) NonClass: 112168K(114112K)->112168K(114112K) Class: 16847K(18560K)->16847K(18560K)
[2024-02-26T13:02:31.169+0000][7][gc          ] GC(367) Pause Young (Normal) (G1 Evacuation Pause) 715M->107M(1024M) 2.960ms
[2024-02-26T13:02:31.169+0000][7][gc,cpu      ] GC(367) User=0.01s Sys=0.00s Real=0.01s
[2024-02-26T13:02:31.169+0000][7][safepoint   ] Safepoint "G1CollectForAllocation", Time since last: 103938751650 ns, Reaching safepoint: 69866 ns, At safepoint: 3053697 ns, Total: 3123563 ns
[2024-02-26T13:05:07.179+0000][7][gc,start    ] GC(368) Pause Young (Normal) (G1 Evacuation Pause)
[2024-02-26T13:05:07.179+0000][7][gc,task     ] GC(368) Using 8 workers of 8 for evacuation
[2024-02-26T13:05:07.179+0000][7][gc,age      ] GC(368) Desired survivor size 41943040 bytes, new threshold 15 (max threshold 15)
[2024-02-26T13:05:07.181+0000][7][gc,phases   ] GC(368)   Pre Evacuate Collection Set: 0.1ms
[2024-02-26T13:05:07.181+0000][7][gc,phases   ] GC(368)   Merge Heap Roots: 0.1ms
[2024-02-26T13:05:07.181+0000][7][gc,phases   ] GC(368)   Evacuate Collection Set: 1.2ms
[2024-02-26T13:05:07.181+0000][7][gc,phases   ] GC(368)   Post Evacuate Collection Set: 0.7ms
[2024-02-26T13:05:07.181+0000][7][gc,phases   ] GC(368)   Other: 0.1ms
[2024-02-26T13:05:07.181+0000][7][gc,age      ] GC(368) Age table with threshold 15 (max threshold 15)
[2024-02-26T13:05:07.181+0000][7][gc,age      ] GC(368) - age   1:     775024 bytes,     775024 total
[2024-02-26T13:05:07.181+0000][7][gc,age      ] GC(368) - age   2:     381256 bytes,    1156280 total
[2024-02-26T13:05:07.181+0000][7][gc,age      ] GC(368) - age   3:       4208 bytes,    1160488 total
[2024-02-26T13:05:07.181+0000][7][gc,age      ] GC(368) - age   4:        704 bytes,    1161192 total
[2024-02-26T13:05:07.181+0000][7][gc,age      ] GC(368) - age   5:        216 bytes,    1161408 total
[2024-02-26T13:05:07.181+0000][7][gc,age      ] GC(368) - age   6:        280 bytes,    1161688 total
[2024-02-26T13:05:07.181+0000][7][gc,age      ] GC(368) - age   7:     131392 bytes,    1293080 total
[2024-02-26T13:05:07.181+0000][7][gc,age      ] GC(368) - age   8:      35064 bytes,    1328144 total
[2024-02-26T13:05:07.181+0000][7][gc,age      ] GC(368) - age   9:      99136 bytes,    1427280 total
[2024-02-26T13:05:07.181+0000][7][gc,age      ] GC(368) - age  10:        232 bytes,    1427512 total
[2024-02-26T13:05:07.181+0000][7][gc,age      ] GC(368) - age  11:         24 bytes,    1427536 total
[2024-02-26T13:05:07.181+0000][7][gc,age      ] GC(368) - age  13:        184 bytes,    1427720 total
[2024-02-26T13:05:07.181+0000][7][gc,age      ] GC(368) - age  14:      64512 bytes,    1492232 total
[2024-02-26T13:05:07.181+0000][7][gc,age      ] GC(368) - age  15:         72 bytes,    1492304 total
[2024-02-26T13:05:07.181+0000][7][gc,heap     ] GC(368) Eden regions: 152->0(152)
[2024-02-26T13:05:07.181+0000][7][gc,heap     ] GC(368) Survivor regions: 1->1(20)
[2024-02-26T13:05:07.181+0000][7][gc,heap     ] GC(368) Old regions: 26->26
[2024-02-26T13:05:07.181+0000][7][gc,heap     ] GC(368) Archive regions: 2->2
[2024-02-26T13:05:07.181+0000][7][gc,heap     ] GC(368) Humongous regions: 0->0
[2024-02-26T13:05:07.181+0000][7][gc,metaspace] GC(368) Metaspace: 129016K(132672K)->129016K(132672K) NonClass: 112168K(114112K)->112168K(114112K) Class: 16847K(18560K)->16847K(18560K)
[2024-02-26T13:05:07.181+0000][7][gc          ] GC(368) Pause Young (Normal) (G1 Evacuation Pause) 715M->107M(1024M) 2.406ms
[2024-02-26T13:05:07.181+0000][7][gc,cpu      ] GC(368) User=0.02s Sys=0.00s Real=0.01s
[2024-02-26T13:05:07.181+0000][7][safepoint   ] Safepoint "G1CollectForAllocation", Time since last: 156009715696 ns, Reaching safepoint: 89128 ns, At safepoint: 2490367 ns, Total: 2579495 ns
[2024-02-26T13:07:55.516+0000][7][gc,start    ] GC(369) Pause Young (Normal) (G1 Evacuation Pause)
[2024-02-26T13:07:55.516+0000][7][gc,task     ] GC(369) Using 8 workers of 8 for evacuation
[2024-02-26T13:07:55.516+0000][7][gc,age      ] GC(369) Desired survivor size 41943040 bytes, new threshold 15 (max threshold 15)
[2024-02-26T13:07:55.519+0000][7][gc,phases   ] GC(369)   Pre Evacuate Collection Set: 0.1ms
[2024-02-26T13:07:55.519+0000][7][gc,phases   ] GC(369)   Merge Heap Roots: 0.1ms
[2024-02-26T13:07:55.519+0000][7][gc,phases   ] GC(369)   Evacuate Collection Set: 1.2ms
[2024-02-26T13:07:55.519+0000][7][gc,phases   ] GC(369)   Post Evacuate Collection Set: 1.0ms
[2024-02-26T13:07:55.519+0000][7][gc,phases   ] GC(369)   Other: 0.1ms
[2024-02-26T13:07:55.519+0000][7][gc,age      ] GC(369) Age table with threshold 15 (max threshold 15)
[2024-02-26T13:07:55.519+0000][7][gc,age      ] GC(369) - age   1:     696472 bytes,     696472 total
[2024-02-26T13:07:55.519+0000][7][gc,age      ] GC(369) - age   2:       1064 bytes,     697536 total
[2024-02-26T13:07:55.519+0000][7][gc,age      ] GC(369) - age   3:     256232 bytes,     953768 total
[2024-02-26T13:07:55.519+0000][7][gc,age      ] GC(369) - age   4:       4208 bytes,     957976 total
[2024-02-26T13:07:55.519+0000][7][gc,age      ] GC(369) - age   5:        448 bytes,     958424 total
[2024-02-26T13:07:55.519+0000][7][gc,age      ] GC(369) - age   6:        184 bytes,     958608 total
[2024-02-26T13:07:55.519+0000][7][gc,age      ] GC(369) - age   7:        280 bytes,     958888 total
[2024-02-26T13:07:55.519+0000][7][gc,age      ] GC(369) - age   8:     131392 bytes,    1090280 total
[2024-02-26T13:07:55.519+0000][7][gc,age      ] GC(369) - age   9:        736 bytes,    1091016 total
[2024-02-26T13:07:55.519+0000][7][gc,age      ] GC(369) - age  10:      99136 bytes,    1190152 total
[2024-02-26T13:07:55.519+0000][7][gc,age      ] GC(369) - age  11:        232 bytes,    1190384 total
[2024-02-26T13:07:55.519+0000][7][gc,age      ] GC(369) - age  12:         24 bytes,    1190408 total
[2024-02-26T13:07:55.519+0000][7][gc,age      ] GC(369) - age  14:        184 bytes,    1190592 total
[2024-02-26T13:07:55.519+0000][7][gc,age      ] GC(369) - age  15:      64512 bytes,    1255104 total
[2024-02-26T13:07:55.519+0000][7][gc,heap     ] GC(369) Eden regions: 152->0(152)
[2024-02-26T13:07:55.519+0000][7][gc,heap     ] GC(369) Survivor regions: 1->1(20)
[2024-02-26T13:07:55.519+0000][7][gc,heap     ] GC(369) Old regions: 26->26
[2024-02-26T13:07:55.519+0000][7][gc,heap     ] GC(369) Archive regions: 2->2
[2024-02-26T13:07:55.519+0000][7][gc,heap     ] GC(369) Humongous regions: 0->0
[2024-02-26T13:07:55.519+0000][7][gc,metaspace] GC(369) Metaspace: 129018K(132672K)->129018K(132672K) NonClass: 112170K(114112K)->112170K(114112K) Class: 16847K(18560K)->16847K(18560K)
[2024-02-26T13:07:55.519+0000][7][gc          ] GC(369) Pause Young (Normal) (G1 Evacuation Pause) 715M->107M(1024M) 2.921ms
[2024-02-26T13:07:55.519+0000][7][gc,cpu      ] GC(369) User=0.02s Sys=0.00s Real=0.00s
[2024-02-26T13:07:55.519+0000][7][safepoint   ] Safepoint "G1CollectForAllocation", Time since last: 168334824269 ns, Reaching safepoint: 82832 ns, At safepoint: 3027640 ns, Total: 3110472 ns
[2024-02-26T13:11:16.191+0000][7][gc,start    ] GC(370) Pause Young (Normal) (G1 Evacuation Pause)
[2024-02-26T13:11:16.191+0000][7][gc,task     ] GC(370) Using 8 workers of 8 for evacuation
[2024-02-26T13:11:16.191+0000][7][gc,age      ] GC(370) Desired survivor size 41943040 bytes, new threshold 15 (max threshold 15)
[2024-02-26T13:11:16.194+0000][7][gc,phases   ] GC(370)   Pre Evacuate Collection Set: 0.1ms
[2024-02-26T13:11:16.194+0000][7][gc,phases   ] GC(370)   Merge Heap Roots: 0.1ms
[2024-02-26T13:11:16.194+0000][7][gc,phases   ] GC(370)   Evacuate Collection Set: 1.3ms
[2024-02-26T13:11:16.194+0000][7][gc,phases   ] GC(370)   Post Evacuate Collection Set: 0.9ms
[2024-02-26T13:11:16.194+0000][7][gc,phases   ] GC(370)   Other: 0.1ms
[2024-02-26T13:11:16.194+0000][7][gc,age      ] GC(370) Age table with threshold 15 (max threshold 15)
[2024-02-26T13:11:16.194+0000][7][gc,age      ] GC(370) - age   1:     565968 bytes,     565968 total
[2024-02-26T13:11:16.194+0000][7][gc,age      ] GC(370) - age   2:     228352 bytes,     794320 total
[2024-02-26T13:11:16.194+0000][7][gc,age      ] GC(370) - age   3:         64 bytes,     794384 total
[2024-02-26T13:11:16.194+0000][7][gc,age      ] GC(370) - age   4:     255760 bytes,    1050144 total
[2024-02-26T13:11:16.194+0000][7][gc,age      ] GC(370) - age   5:        752 bytes,    1050896 total
[2024-02-26T13:11:16.194+0000][7][gc,age      ] GC(370) - age   6:         56 bytes,    1050952 total
[2024-02-26T13:11:16.194+0000][7][gc,age      ] GC(370) - age   7:        184 bytes,    1051136 total
[2024-02-26T13:11:16.194+0000][7][gc,age      ] GC(370) - age   8:        280 bytes,    1051416 total
[2024-02-26T13:11:16.194+0000][7][gc,age      ] GC(370) - age   9:     131392 bytes,    1182808 total
[2024-02-26T13:11:16.194+0000][7][gc,age      ] GC(370) - age  10:        736 bytes,    1183544 total
[2024-02-26T13:11:16.194+0000][7][gc,age      ] GC(370) - age  11:      99136 bytes,    1282680 total
[2024-02-26T13:11:16.194+0000][7][gc,age      ] GC(370) - age  12:        232 bytes,    1282912 total
[2024-02-26T13:11:16.194+0000][7][gc,age      ] GC(370) - age  13:         24 bytes,    1282936 total
[2024-02-26T13:11:16.194+0000][7][gc,age      ] GC(370) - age  15:        184 bytes,    1283120 total
[2024-02-26T13:11:16.194+0000][7][gc,heap     ] GC(370) Eden regions: 152->0(152)
[2024-02-26T13:11:16.194+0000][7][gc,heap     ] GC(370) Survivor regions: 1->1(20)
[2024-02-26T13:11:16.194+0000][7][gc,heap     ] GC(370) Old regions: 26->26
[2024-02-26T13:11:16.194+0000][7][gc,heap     ] GC(370) Archive regions: 2->2
[2024-02-26T13:11:16.194+0000][7][gc,heap     ] GC(370) Humongous regions: 0->0
[2024-02-26T13:11:16.194+0000][7][gc,metaspace] GC(370) Metaspace: 129018K(132672K)->129018K(132672K) NonClass: 112170K(114112K)->112170K(114112K) Class: 16847K(18560K)->16847K(18560K)
[2024-02-26T13:11:16.194+0000][7][gc          ] GC(370) Pause Young (Normal) (G1 Evacuation Pause) 715M->107M(1024M) 2.785ms
[2024-02-26T13:11:16.194+0000][7][gc,cpu      ] GC(370) User=0.01s Sys=0.00s Real=0.00s
[2024-02-26T13:11:16.194+0000][7][safepoint   ] Safepoint "G1CollectForAllocation", Time since last: 200671698686 ns, Reaching safepoint: 71222 ns, At safepoint: 2888334 ns, Total: 2959556 ns
[2024-02-26T13:13:21.207+0000][7][safepoint   ] Safepoint "Cleanup", Time since last: 125012824638 ns, Reaching safepoint: 66155 ns, At safepoint: 8651 ns, Total: 74806 ns
[2024-02-26T13:14:37.233+0000][7][gc,start    ] GC(371) Pause Young (Normal) (G1 Evacuation Pause)
[2024-02-26T13:14:37.234+0000][7][gc,task     ] GC(371) Using 8 workers of 8 for evacuation
[2024-02-26T13:14:37.234+0000][7][gc,age      ] GC(371) Desired survivor size 41943040 bytes, new threshold 15 (max threshold 15)
[2024-02-26T13:14:37.238+0000][7][gc,phases   ] GC(371)   Pre Evacuate Collection Set: 0.1ms
[2024-02-26T13:14:37.238+0000][7][gc,phases   ] GC(371)   Merge Heap Roots: 0.1ms
[2024-02-26T13:14:37.238+0000][7][gc,phases   ] GC(371)   Evacuate Collection Set: 2.6ms
[2024-02-26T13:14:37.238+0000][7][gc,phases   ] GC(371)   Post Evacuate Collection Set: 1.1ms
[2024-02-26T13:14:37.238+0000][7][gc,phases   ] GC(371)   Other: 0.1ms
[2024-02-26T13:14:37.238+0000][7][gc,age      ] GC(371) Age table with threshold 15 (max threshold 15)
[2024-02-26T13:14:37.238+0000][7][gc,age      ] GC(371) - age   1:     764984 bytes,     764984 total
[2024-02-26T13:14:37.238+0000][7][gc,age      ] GC(371) - age   2:      19944 bytes,     784928 total
[2024-02-26T13:14:37.238+0000][7][gc,age      ] GC(371) - age   3:     227096 bytes,    1012024 total
[2024-02-26T13:14:37.238+0000][7][gc,age      ] GC(371) - age   5:     255480 bytes,    1267504 total
[2024-02-26T13:14:37.238+0000][7][gc,age      ] GC(371) - age   6:        752 bytes,    1268256 total
[2024-02-26T13:14:37.238+0000][7][gc,age      ] GC(371) - age   7:         56 bytes,    1268312 total
[2024-02-26T13:14:37.238+0000][7][gc,age      ] GC(371) - age   9:        280 bytes,    1268592 total
[2024-02-26T13:14:37.238+0000][7][gc,age      ] GC(371) - age  10:     131392 bytes,    1399984 total
[2024-02-26T13:14:37.238+0000][7][gc,age      ] GC(371) - age  11:        736 bytes,    1400720 total
[2024-02-26T13:14:37.238+0000][7][gc,age      ] GC(371) - age  12:      99136 bytes,    1499856 total
[2024-02-26T13:14:37.238+0000][7][gc,age      ] GC(371) - age  13:        232 bytes,    1500088 total
[2024-02-26T13:14:37.238+0000][7][gc,age      ] GC(371) - age  14:         24 bytes,    1500112 total
[2024-02-26T13:14:37.238+0000][7][gc,heap     ] GC(371) Eden regions: 152->0(152)
[2024-02-26T13:14:37.238+0000][7][gc,heap     ] GC(371) Survivor regions: 1->1(20)
[2024-02-26T13:14:37.238+0000][7][gc,heap     ] GC(371) Old regions: 26->26
[2024-02-26T13:14:37.238+0000][7][gc,heap     ] GC(371) Archive regions: 2->2
[2024-02-26T13:14:37.238+0000][7][gc,heap     ] GC(371) Humongous regions: 0->0
[2024-02-26T13:14:37.238+0000][7][gc,metaspace] GC(371) Metaspace: 129019K(132672K)->129019K(132672K) NonClass: 112171K(114112K)->112171K(114112K) Class: 16847K(18560K)->16847K(18560K)
[2024-02-26T13:14:37.238+0000][7][gc          ] GC(371) Pause Young (Normal) (G1 Evacuation Pause) 715M->107M(1024M) 4.325ms
[2024-02-26T13:14:37.238+0000][7][gc,cpu      ] GC(371) User=0.01s Sys=0.00s Real=0.00s
[2024-02-26T13:14:37.238+0000][7][safepoint   ] Safepoint "G1CollectForAllocation", Time since last: 76026392850 ns, Reaching safepoint: 97906 ns, At safepoint: 4423881 ns, Total: 4521787 ns
[2024-02-26T13:15:35.245+0000][7][safepoint   ] Safepoint "Cleanup", Time since last: 58006737363 ns, Reaching safepoint: 94561 ns, At safepoint: 10881 ns, Total: 105442 ns
[2024-02-26T13:18:01.242+0000][7][gc,start    ] GC(372) Pause Young (Normal) (G1 Evacuation Pause)
[2024-02-26T13:18:01.242+0000][7][gc,task     ] GC(372) Using 8 workers of 8 for evacuation
[2024-02-26T13:18:01.242+0000][7][gc,age      ] GC(372) Desired survivor size 41943040 bytes, new threshold 15 (max threshold 15)
[2024-02-26T13:18:01.244+0000][7][gc,phases   ] GC(372)   Pre Evacuate Collection Set: 0.1ms
[2024-02-26T13:18:01.244+0000][7][gc,phases   ] GC(372)   Merge Heap Roots: 0.1ms
[2024-02-26T13:18:01.244+0000][7][gc,phases   ] GC(372)   Evacuate Collection Set: 1.2ms
[2024-02-26T13:18:01.244+0000][7][gc,phases   ] GC(372)   Post Evacuate Collection Set: 0.7ms
[2024-02-26T13:18:01.244+0000][7][gc,phases   ] GC(372)   Other: 0.1ms
[2024-02-26T13:18:01.244+0000][7][gc,age      ] GC(372) Age table with threshold 15 (max threshold 15)
[2024-02-26T13:18:01.244+0000][7][gc,age      ] GC(372) - age   1:     740312 bytes,     740312 total
[2024-02-26T13:18:01.244+0000][7][gc,age      ] GC(372) - age   2:       1624 bytes,     741936 total
[2024-02-26T13:18:01.244+0000][7][gc,age      ] GC(372) - age   3:      18976 bytes,     760912 total
[2024-02-26T13:18:01.244+0000][7][gc,age      ] GC(372) - age   4:     218072 bytes,     978984 total
[2024-02-26T13:18:01.244+0000][7][gc,age      ] GC(372) - age   6:     255480 bytes,    1234464 total
[2024-02-26T13:18:01.244+0000][7][gc,age      ] GC(372) - age   7:        752 bytes,    1235216 total
[2024-02-26T13:18:01.244+0000][7][gc,age      ] GC(372) - age   8:         56 bytes,    1235272 total
[2024-02-26T13:18:01.244+0000][7][gc,age      ] GC(372) - age  10:        280 bytes,    1235552 total
[2024-02-26T13:18:01.244+0000][7][gc,age      ] GC(372) - age  11:     131392 bytes,    1366944 total
[2024-02-26T13:18:01.244+0000][7][gc,age      ] GC(372) - age  12:        736 bytes,    1367680 total
[2024-02-26T13:18:01.244+0000][7][gc,age      ] GC(372) - age  13:      99136 bytes,    1466816 total
[2024-02-26T13:18:01.244+0000][7][gc,age      ] GC(372) - age  14:        232 bytes,    1467048 total
[2024-02-26T13:18:01.244+0000][7][gc,age      ] GC(372) - age  15:         24 bytes,    1467072 total
[2024-02-26T13:18:01.244+0000][7][gc,heap     ] GC(372) Eden regions: 152->0(152)
[2024-02-26T13:18:01.244+0000][7][gc,heap     ] GC(372) Survivor regions: 1->1(20)
[2024-02-26T13:18:01.244+0000][7][gc,heap     ] GC(372) Old regions: 26->26
[2024-02-26T13:18:01.244+0000][7][gc,heap     ] GC(372) Archive regions: 2->2
[2024-02-26T13:18:01.244+0000][7][gc,heap     ] GC(372) Humongous regions: 0->0
[2024-02-26T13:18:01.244+0000][7][gc,metaspace] GC(372) Metaspace: 129019K(132672K)->129019K(132672K) NonClass: 112171K(114112K)->112171K(114112K) Class: 16847K(18560K)->16847K(18560K)
[2024-02-26T13:18:01.244+0000][7][gc          ] GC(372) Pause Young (Normal) (G1 Evacuation Pause) 715M->107M(1024M) 2.423ms
[2024-02-26T13:18:01.244+0000][7][gc,cpu      ] GC(372) User=0.01s Sys=0.00s Real=0.00s
[2024-02-26T13:18:01.244+0000][7][safepoint   ] Safepoint "G1CollectForAllocation", Time since last: 145997258536 ns, Reaching safepoint: 50948 ns, At safepoint: 2514944 ns, Total: 2565892 ns
[2024-02-26T13:21:16.194+0000][7][gc,start    ] GC(373) Pause Young (Normal) (G1 Evacuation Pause)
[2024-02-26T13:21:16.194+0000][7][gc,task     ] GC(373) Using 8 workers of 8 for evacuation
[2024-02-26T13:21:16.194+0000][7][gc,age      ] GC(373) Desired survivor size 41943040 bytes, new threshold 15 (max threshold 15)
[2024-02-26T13:21:16.196+0000][7][gc,phases   ] GC(373)   Pre Evacuate Collection Set: 0.1ms
[2024-02-26T13:21:16.196+0000][7][gc,phases   ] GC(373)   Merge Heap Roots: 0.1ms
[2024-02-26T13:21:16.196+0000][7][gc,phases   ] GC(373)   Evacuate Collection Set: 1.1ms
[2024-02-26T13:21:16.196+0000][7][gc,phases   ] GC(373)   Post Evacuate Collection Set: 0.7ms
[2024-02-26T13:21:16.196+0000][7][gc,phases   ] GC(373)   Other: 0.1ms
[2024-02-26T13:21:16.196+0000][7][gc,age      ] GC(373) Age table with threshold 15 (max threshold 15)
[2024-02-26T13:21:16.196+0000][7][gc,age      ] GC(373) - age   1:     797192 bytes,     797192 total
[2024-02-26T13:21:16.196+0000][7][gc,age      ] GC(373) - age   2:      19672 bytes,     816864 total
[2024-02-26T13:21:16.196+0000][7][gc,age      ] GC(373) - age   3:        264 bytes,     817128 total
[2024-02-26T13:21:16.196+0000][7][gc,age      ] GC(373) - age   4:      15392 bytes,     832520 total
[2024-02-26T13:21:16.196+0000][7][gc,age      ] GC(373) - age   5:     218072 bytes,    1050592 total
[2024-02-26T13:21:16.196+0000][7][gc,age      ] GC(373) - age   7:     223152 bytes,    1273744 total
[2024-02-26T13:21:16.196+0000][7][gc,age      ] GC(373) - age   8:        368 bytes,    1274112 total
[2024-02-26T13:21:16.196+0000][7][gc,age      ] GC(373) - age   9:         56 bytes,    1274168 total
[2024-02-26T13:21:16.196+0000][7][gc,age      ] GC(373) - age  11:        280 bytes,    1274448 total
[2024-02-26T13:21:16.196+0000][7][gc,age      ] GC(373) - age  12:     131392 bytes,    1405840 total
[2024-02-26T13:21:16.196+0000][7][gc,age      ] GC(373) - age  13:        736 bytes,    1406576 total
[2024-02-26T13:21:16.196+0000][7][gc,age      ] GC(373) - age  14:      99104 bytes,    1505680 total
[2024-02-26T13:21:16.196+0000][7][gc,age      ] GC(373) - age  15:        232 bytes,    1505912 total
[2024-02-26T13:21:16.196+0000][7][gc,heap     ] GC(373) Eden regions: 152->0(152)
[2024-02-26T13:21:16.196+0000][7][gc,heap     ] GC(373) Survivor regions: 1->1(20)
[2024-02-26T13:21:16.196+0000][7][gc,heap     ] GC(373) Old regions: 26->26
[2024-02-26T13:21:16.196+0000][7][gc,heap     ] GC(373) Archive regions: 2->2
[2024-02-26T13:21:16.196+0000][7][gc,heap     ] GC(373) Humongous regions: 0->0
[2024-02-26T13:21:16.196+0000][7][gc,metaspace] GC(373) Metaspace: 129019K(132672K)->129019K(132672K) NonClass: 112171K(114112K)->112171K(114112K) Class: 16847K(18560K)->16847K(18560K)
[2024-02-26T13:21:16.196+0000][7][gc          ] GC(373) Pause Young (Normal) (G1 Evacuation Pause) 715M->107M(1024M) 2.172ms
[2024-02-26T13:21:16.196+0000][7][gc,cpu      ] GC(373) User=0.01s Sys=0.00s Real=0.00s
[2024-02-26T13:21:16.197+0000][7][safepoint   ] Safepoint "G1CollectForAllocation", Time since last: 194949723616 ns, Reaching safepoint: 38919 ns, At safepoint: 2241168 ns, Total: 2280087 ns
[2024-02-26T13:23:52.275+0000][7][gc,start    ] GC(374) Pause Young (Normal) (G1 Evacuation Pause)
[2024-02-26T13:23:52.275+0000][7][gc,task     ] GC(374) Using 8 workers of 8 for evacuation
[2024-02-26T13:23:52.275+0000][7][gc,age      ] GC(374) Desired survivor size 41943040 bytes, new threshold 15 (max threshold 15)
[2024-02-26T13:23:52.276+0000][7][gc,phases   ] GC(374)   Pre Evacuate Collection Set: 0.1ms
[2024-02-26T13:23:52.276+0000][7][gc,phases   ] GC(374)   Merge Heap Roots: 0.1ms
[2024-02-26T13:23:52.276+0000][7][gc,phases   ] GC(374)   Evacuate Collection Set: 0.8ms
[2024-02-26T13:23:52.276+0000][7][gc,phases   ] GC(374)   Post Evacuate Collection Set: 0.5ms
[2024-02-26T13:23:52.276+0000][7][gc,phases   ] GC(374)   Other: 0.1ms
[2024-02-26T13:23:52.276+0000][7][gc,age      ] GC(374) Age table with threshold 15 (max threshold 15)
[2024-02-26T13:23:52.276+0000][7][gc,age      ] GC(374) - age   1:     718200 bytes,     718200 total
[2024-02-26T13:23:52.276+0000][7][gc,age      ] GC(374) - age   2:       6944 bytes,     725144 total
[2024-02-26T13:23:52.277+0000][7][gc,age      ] GC(374) - age   3:      10408 bytes,     735552 total
[2024-02-26T13:23:52.277+0000][7][gc,age      ] GC(374) - age   4:         16 bytes,     735568 total
[2024-02-26T13:23:52.277+0000][7][gc,age      ] GC(374) - age   5:      15392 bytes,     750960 total
[2024-02-26T13:23:52.277+0000][7][gc,age      ] GC(374) - age   6:     218072 bytes,     969032 total
[2024-02-26T13:23:52.277+0000][7][gc,age      ] GC(374) - age   8:     223152 bytes,    1192184 total
[2024-02-26T13:23:52.277+0000][7][gc,age      ] GC(374) - age   9:        368 bytes,    1192552 total
[2024-02-26T13:23:52.277+0000][7][gc,age      ] GC(374) - age  10:         56 bytes,    1192608 total
[2024-02-26T13:23:52.277+0000][7][gc,age      ] GC(374) - age  12:        280 bytes,    1192888 total
[2024-02-26T13:23:52.277+0000][7][gc,age      ] GC(374) - age  13:     131392 bytes,    1324280 total
[2024-02-26T13:23:52.277+0000][7][gc,age      ] GC(374) - age  14:        736 bytes,    1325016 total
[2024-02-26T13:23:52.277+0000][7][gc,age      ] GC(374) - age  15:      99104 bytes,    1424120 total
[2024-02-26T13:23:52.277+0000][7][gc,heap     ] GC(374) Eden regions: 152->0(152)
[2024-02-26T13:23:52.277+0000][7][gc,heap     ] GC(374) Survivor regions: 1->1(20)
[2024-02-26T13:23:52.277+0000][7][gc,heap     ] GC(374) Old regions: 26->26
[2024-02-26T13:23:52.277+0000][7][gc,heap     ] GC(374) Archive regions: 2->2
[2024-02-26T13:23:52.277+0000][7][gc,heap     ] GC(374) Humongous regions: 0->0
[2024-02-26T13:23:52.277+0000][7][gc,metaspace] GC(374) Metaspace: 129019K(132672K)->129019K(132672K) NonClass: 112171K(114112K)->112171K(114112K) Class: 16847K(18560K)->16847K(18560K)
[2024-02-26T13:23:52.277+0000][7][gc          ] GC(374) Pause Young (Normal) (G1 Evacuation Pause) 715M->107M(1024M) 1.711ms
[2024-02-26T13:23:52.277+0000][7][gc,cpu      ] GC(374) User=0.01s Sys=0.01s Real=0.00s
[2024-02-26T13:23:52.277+0000][7][safepoint   ] Safepoint "G1CollectForAllocation", Time since last: 156078299703 ns, Reaching safepoint: 33878 ns, At safepoint: 1779372 ns, Total: 1813250 ns
[2024-02-26T13:26:28.240+0000][7][gc,start    ] GC(375) Pause Young (Normal) (G1 Evacuation Pause)
[2024-02-26T13:26:28.240+0000][7][gc,task     ] GC(375) Using 8 workers of 8 for evacuation
[2024-02-26T13:26:28.240+0000][7][gc,age      ] GC(375) Desired survivor size 41943040 bytes, new threshold 15 (max threshold 15)
[2024-02-26T13:26:28.242+0000][7][gc,phases   ] GC(375)   Pre Evacuate Collection Set: 0.1ms
[2024-02-26T13:26:28.242+0000][7][gc,phases   ] GC(375)   Merge Heap Roots: 0.1ms
[2024-02-26T13:26:28.242+0000][7][gc,phases   ] GC(375)   Evacuate Collection Set: 1.1ms
[2024-02-26T13:26:28.242+0000][7][gc,phases   ] GC(375)   Post Evacuate Collection Set: 0.7ms
[2024-02-26T13:26:28.242+0000][7][gc,phases   ] GC(375)   Other: 0.1ms
[2024-02-26T13:26:28.242+0000][7][gc,age      ] GC(375) Age table with threshold 15 (max threshold 15)
[2024-02-26T13:26:28.242+0000][7][gc,age      ] GC(375) - age   1:     408912 bytes,     408912 total
[2024-02-26T13:26:28.242+0000][7][gc,age      ] GC(375) - age   2:       9616 bytes,     418528 total
[2024-02-26T13:26:28.242+0000][7][gc,age      ] GC(375) - age   3:       4600 bytes,     423128 total
[2024-02-26T13:26:28.242+0000][7][gc,age      ] GC(375) - age   4:       9632 bytes,     432760 total
[2024-02-26T13:26:28.242+0000][7][gc,age      ] GC(375) - age   5:         16 bytes,     432776 total
[2024-02-26T13:26:28.242+0000][7][gc,age      ] GC(375) - age   6:      15000 bytes,     447776 total
[2024-02-26T13:26:28.242+0000][7][gc,age      ] GC(375) - age   7:     218040 bytes,     665816 total
[2024-02-26T13:26:28.242+0000][7][gc,age      ] GC(375) - age   9:     223152 bytes,     888968 total
[2024-02-26T13:26:28.242+0000][7][gc,age      ] GC(375) - age  10:        184 bytes,     889152 total
[2024-02-26T13:26:28.242+0000][7][gc,age      ] GC(375) - age  11:         56 bytes,     889208 total
[2024-02-26T13:26:28.242+0000][7][gc,age      ] GC(375) - age  13:        280 bytes,     889488 total
[2024-02-26T13:26:28.242+0000][7][gc,age      ] GC(375) - age  14:     131392 bytes,    1020880 total
[2024-02-26T13:26:28.242+0000][7][gc,age      ] GC(375) - age  15:        736 bytes,    1021616 total
[2024-02-26T13:26:28.242+0000][7][gc,heap     ] GC(375) Eden regions: 152->0(152)
[2024-02-26T13:26:28.242+0000][7][gc,heap     ] GC(375) Survivor regions: 1->1(20)
[2024-02-26T13:26:28.242+0000][7][gc,heap     ] GC(375) Old regions: 26->26
[2024-02-26T13:26:28.242+0000][7][gc,heap     ] GC(375) Archive regions: 2->2
[2024-02-26T13:26:28.242+0000][7][gc,heap     ] GC(375) Humongous regions: 0->0
[2024-02-26T13:26:28.242+0000][7][gc,metaspace] GC(375) Metaspace: 129019K(132672K)->129019K(132672K) NonClass: 112171K(114112K)->112171K(114112K) Class: 16847K(18560K)->16847K(18560K)
[2024-02-26T13:26:28.242+0000][7][gc          ] GC(375) Pause Young (Normal) (G1 Evacuation Pause) 715M->107M(1024M) 2.354ms
[2024-02-26T13:26:28.242+0000][7][gc,cpu      ] GC(375) User=0.02s Sys=0.00s Real=0.01s
[2024-02-26T13:26:28.243+0000][7][safepoint   ] Safepoint "G1CollectForAllocation", Time since last: 155963378946 ns, Reaching safepoint: 80833 ns, At safepoint: 2441944 ns, Total: 2522777 ns
[2024-02-26T22:25:47.135+0000][7][safepoint   ] Safepoint "Cleanup", Time since last: 54829510705 ns, Reaching safepoint: 67878 ns, At safepoint: 7406 ns, Total: 75284 ns
[2024-02-26T22:26:54.144+0000][7][safepoint   ] Safepoint "Cleanup", Time since last: 67008441072 ns, Reaching safepoint: 128978 ns, At safepoint: 6880 ns, Total: 135858 ns
[2024-02-26T22:27:43.294+0000][7][gc,start    ] GC(376) Pause Young (Normal) (G1 Evacuation Pause)
[2024-02-26T22:27:43.294+0000][7][gc,task     ] GC(376) Using 8 workers of 8 for evacuation
[2024-02-26T22:27:43.294+0000][7][gc,age      ] GC(376) Desired survivor size 41943040 bytes, new threshold 15 (max threshold 15)
[2024-02-26T22:27:43.296+0000][7][gc,phases   ] GC(376)   Pre Evacuate Collection Set: 0.1ms
[2024-02-26T22:27:43.296+0000][7][gc,phases   ] GC(376)   Merge Heap Roots: 0.1ms
[2024-02-26T22:27:43.297+0000][7][gc,phases   ] GC(376)   Evacuate Collection Set: 1.6ms
[2024-02-26T22:27:43.297+0000][7][gc,phases   ] GC(376)   Post Evacuate Collection Set: 0.9ms
[2024-02-26T22:27:43.297+0000][7][gc,phases   ] GC(376)   Other: 0.1ms
[2024-02-26T22:27:43.297+0000][7][gc,age      ] GC(376) Age table with threshold 15 (max threshold 15)
[2024-02-26T22:27:43.297+0000][7][gc,age      ] GC(376) - age   1:    1117184 bytes,    1117184 total
[2024-02-26T22:27:43.297+0000][7][gc,age      ] GC(376) - age   2:       2056 bytes,    1119240 total
[2024-02-26T22:27:43.297+0000][7][gc,age      ] GC(376) - age   3:        184 bytes,    1119424 total
[2024-02-26T22:27:43.297+0000][7][gc,age      ] GC(376) - age   4:       4088 bytes,    1123512 total
[2024-02-26T22:27:43.297+0000][7][gc,age      ] GC(376) - age   5:       9632 bytes,    1133144 total
[2024-02-26T22:27:43.297+0000][7][gc,age      ] GC(376) - age   6:         16 bytes,    1133160 total
[2024-02-26T22:27:43.297+0000][7][gc,age      ] GC(376) - age   7:       9720 bytes,    1142880 total
[2024-02-26T22:27:43.297+0000][7][gc,age      ] GC(376) - age   8:     218040 bytes,    1360920 total
[2024-02-26T22:27:43.297+0000][7][gc,age      ] GC(376) - age  10:      79848 bytes,    1440768 total
[2024-02-26T22:27:43.297+0000][7][gc,age      ] GC(376) - age  11:        184 bytes,    1440952 total
[2024-02-26T22:27:43.297+0000][7][gc,age      ] GC(376) - age  12:         56 bytes,    1441008 total
[2024-02-26T22:27:43.297+0000][7][gc,age      ] GC(376) - age  14:        280 bytes,    1441288 total
[2024-02-26T22:27:43.297+0000][7][gc,age      ] GC(376) - age  15:     131392 bytes,    1572680 total
[2024-02-26T22:27:43.297+0000][7][gc,heap     ] GC(376) Eden regions: 152->0(152)
[2024-02-26T22:27:43.297+0000][7][gc,heap     ] GC(376) Survivor regions: 1->1(20)
[2024-02-26T22:27:43.297+0000][7][gc,heap     ] GC(376) Old regions: 26->26
[2024-02-26T22:27:43.297+0000][7][gc,heap     ] GC(376) Archive regions: 2->2
[2024-02-26T22:27:43.297+0000][7][gc,heap     ] GC(376) Humongous regions: 0->0
[2024-02-26T22:27:43.297+0000][7][gc,metaspace] GC(376) Metaspace: 129020K(132672K)->129020K(132672K) NonClass: 112172K(114112K)->112172K(114112K) Class: 16847K(18560K)->16847K(18560K)
[2024-02-26T22:27:43.297+0000][7][gc          ] GC(376) Pause Young (Normal) (G1 Evacuation Pause) 715M->107M(1024M) 3.167ms
[2024-02-26T22:27:43.297+0000][7][gc,cpu      ] GC(376) User=0.02s Sys=0.00s Real=0.00s
[2024-02-26T22:27:43.297+0000][7][safepoint   ] Safepoint "G1CollectForAllocation", Time since last: 49149410185 ns, Reaching safepoint: 80670 ns, At safepoint: 3267256 ns, Total: 3347926 ns
[2024-02-26T22:31:01.345+0000][7][gc,start    ] GC(377) Pause Young (Normal) (G1 Evacuation Pause)
[2024-02-26T22:31:01.345+0000][7][gc,task     ] GC(377) Using 8 workers of 8 for evacuation
[2024-02-26T22:31:01.345+0000][7][gc,age      ] GC(377) Desired survivor size 41943040 bytes, new threshold 15 (max threshold 15)
[2024-02-26T22:31:01.347+0000][7][gc,phases   ] GC(377)   Pre Evacuate Collection Set: 0.1ms
[2024-02-26T22:31:01.347+0000][7][gc,phases   ] GC(377)   Merge Heap Roots: 0.1ms
[2024-02-26T22:31:01.347+0000][7][gc,phases   ] GC(377)   Evacuate Collection Set: 1.2ms
[2024-02-26T22:31:01.347+0000][7][gc,phases   ] GC(377)   Post Evacuate Collection Set: 0.7ms
[2024-02-26T22:31:01.347+0000][7][gc,phases   ] GC(377)   Other: 0.1ms
[2024-02-26T22:31:01.347+0000][7][gc,age      ] GC(377) Age table with threshold 15 (max threshold 15)
[2024-02-26T22:31:01.347+0000][7][gc,age      ] GC(377) - age   1:     989624 bytes,     989624 total
[2024-02-26T22:31:01.347+0000][7][gc,age      ] GC(377) - age   2:     289408 bytes,    1279032 total
[2024-02-26T22:31:01.347+0000][7][gc,age      ] GC(377) - age   3:       1296 bytes,    1280328 total
[2024-02-26T22:31:01.347+0000][7][gc,age      ] GC(377) - age   4:        184 bytes,    1280512 total
[2024-02-26T22:31:01.347+0000][7][gc,age      ] GC(377) - age   5:        568 bytes,    1281080 total
[2024-02-26T22:31:01.347+0000][7][gc,age      ] GC(377) - age   6:       9632 bytes,    1290712 total
[2024-02-26T22:31:01.347+0000][7][gc,age      ] GC(377) - age   7:         16 bytes,    1290728 total
[2024-02-26T22:31:01.347+0000][7][gc,age      ] GC(377) - age   8:       9720 bytes,    1300448 total
[2024-02-26T22:31:01.347+0000][7][gc,age      ] GC(377) - age   9:     218040 bytes,    1518488 total
[2024-02-26T22:31:01.348+0000][7][gc,age      ] GC(377) - age  11:      79848 bytes,    1598336 total
[2024-02-26T22:31:01.348+0000][7][gc,age      ] GC(377) - age  13:         56 bytes,    1598392 total
[2024-02-26T22:31:01.348+0000][7][gc,age      ] GC(377) - age  15:        280 bytes,    1598672 total
[2024-02-26T22:31:01.348+0000][7][gc,heap     ] GC(377) Eden regions: 152->0(152)
[2024-02-26T22:31:01.348+0000][7][gc,heap     ] GC(377) Survivor regions: 1->1(20)
[2024-02-26T22:31:01.348+0000][7][gc,heap     ] GC(377) Old regions: 26->26
[2024-02-26T22:31:01.348+0000][7][gc,heap     ] GC(377) Archive regions: 2->2
[2024-02-26T22:31:01.348+0000][7][gc,heap     ] GC(377) Humongous regions: 0->0
[2024-02-26T22:31:01.348+0000][7][gc,metaspace] GC(377) Metaspace: 129020K(132672K)->129020K(132672K) NonClass: 112172K(114112K)->112172K(114112K) Class: 16847K(18560K)->16847K(18560K)
[2024-02-26T22:31:01.348+0000][7][gc          ] GC(377) Pause Young (Normal) (G1 Evacuation Pause) 715M->107M(1024M) 2.389ms
[2024-02-26T22:31:01.348+0000][7][gc,cpu      ] GC(377) User=0.01s Sys=0.00s Real=0.00s
[2024-02-26T22:31:01.348+0000][7][safepoint   ] Safepoint "G1CollectForAllocation", Time since last: 198048316459 ns, Reaching safepoint: 72350 ns, At safepoint: 2473349 ns, Total: 2545699 ns
[2024-02-26T22:33:59.373+0000][7][safepoint   ] Safepoint "Cleanup", Time since last: 178025505779 ns, Reaching safepoint: 71686 ns, At safepoint: 8708 ns, Total: 80394 ns
[2024-02-26T22:34:19.766+0000][7][gc,start    ] GC(378) Pause Young (Normal) (G1 Evacuation Pause)
[2024-02-26T22:34:19.766+0000][7][gc,task     ] GC(378) Using 8 workers of 8 for evacuation
[2024-02-26T22:34:19.766+0000][7][gc,age      ] GC(378) Desired survivor size 41943040 bytes, new threshold 15 (max threshold 15)
[2024-02-26T22:34:19.769+0000][7][gc,phases   ] GC(378)   Pre Evacuate Collection Set: 0.2ms
[2024-02-26T22:34:19.769+0000][7][gc,phases   ] GC(378)   Merge Heap Roots: 0.1ms
[2024-02-26T22:34:19.769+0000][7][gc,phases   ] GC(378)   Evacuate Collection Set: 1.6ms
[2024-02-26T22:34:19.769+0000][7][gc,phases   ] GC(378)   Post Evacuate Collection Set: 0.9ms
[2024-02-26T22:34:19.769+0000][7][gc,phases   ] GC(378)   Other: 0.1ms
[2024-02-26T22:34:19.769+0000][7][gc,age      ] GC(378) Age table with threshold 15 (max threshold 15)
[2024-02-26T22:34:19.769+0000][7][gc,age      ] GC(378) - age   1:     818976 bytes,     818976 total
[2024-02-26T22:34:19.769+0000][7][gc,age      ] GC(378) - age   2:       5856 bytes,     824832 total
[2024-02-26T22:34:19.769+0000][7][gc,age      ] GC(378) - age   3:     288080 bytes,    1112912 total
[2024-02-26T22:34:19.769+0000][7][gc,age      ] GC(378) - age   4:        456 bytes,    1113368 total
[2024-02-26T22:34:19.769+0000][7][gc,age      ] GC(378) - age   5:        184 bytes,    1113552 total
[2024-02-26T22:34:19.769+0000][7][gc,age      ] GC(378) - age   6:        568 bytes,    1114120 total
[2024-02-26T22:34:19.770+0000][7][gc,age      ] GC(378) - age   7:       9600 bytes,    1123720 total
[2024-02-26T22:34:19.770+0000][7][gc,age      ] GC(378) - age   8:         16 bytes,    1123736 total
[2024-02-26T22:34:19.770+0000][7][gc,age      ] GC(378) - age   9:       9720 bytes,    1133456 total
[2024-02-26T22:34:19.770+0000][7][gc,age      ] GC(378) - age  10:     218040 bytes,    1351496 total
[2024-02-26T22:34:19.770+0000][7][gc,age      ] GC(378) - age  12:      79848 bytes,    1431344 total
[2024-02-26T22:34:19.770+0000][7][gc,age      ] GC(378) - age  14:         56 bytes,    1431400 total
[2024-02-26T22:34:19.770+0000][7][gc,heap     ] GC(378) Eden regions: 152->0(152)
[2024-02-26T22:34:19.770+0000][7][gc,heap     ] GC(378) Survivor regions: 1->1(20)
[2024-02-26T22:34:19.770+0000][7][gc,heap     ] GC(378) Old regions: 26->26
[2024-02-26T22:34:19.770+0000][7][gc,heap     ] GC(378) Archive regions: 2->2
[2024-02-26T22:34:19.770+0000][7][gc,heap     ] GC(378) Humongous regions: 0->0
[2024-02-26T22:34:19.770+0000][7][gc,metaspace] GC(378) Metaspace: 129023K(132672K)->129023K(132672K) NonClass: 112175K(114112K)->112175K(114112K) Class: 16847K(18560K)->16847K(18560K)
[2024-02-26T22:34:19.770+0000][7][gc          ] GC(378) Pause Young (Normal) (G1 Evacuation Pause) 715M->107M(1024M) 3.263ms
[2024-02-26T22:34:19.770+0000][7][gc,cpu      ] GC(378) User=0.01s Sys=0.00s Real=0.00s
[2024-02-26T22:34:19.770+0000][7][safepoint   ] Safepoint "G1CollectForAllocation", Time since last: 20393049252 ns, Reaching safepoint: 47317 ns, At safepoint: 3371024 ns, Total: 3418341 ns
[2024-02-26T22:35:34.782+0000][7][safepoint   ] Safepoint "Cleanup", Time since last: 75011946435 ns, Reaching safepoint: 86126 ns, At safepoint: 42683 ns, Total: 128809 ns
[2024-02-26T22:36:04.786+0000][7][safepoint   ] Safepoint "Cleanup", Time since last: 30004579217 ns, Reaching safepoint: 117598 ns, At safepoint: 15453 ns, Total: 133051 ns
[2024-02-26T22:37:17.799+0000][7][safepoint   ] Safepoint "Cleanup", Time since last: 73012594322 ns, Reaching safepoint: 90855 ns, At safepoint: 8618 ns, Total: 99473 ns
[2024-02-26T22:37:40.348+0000][7][gc,start    ] GC(379) Pause Young (Normal) (G1 Evacuation Pause)
[2024-02-26T22:37:40.348+0000][7][gc,task     ] GC(379) Using 8 workers of 8 for evacuation
[2024-02-26T22:37:40.348+0000][7][gc,age      ] GC(379) Desired survivor size 41943040 bytes, new threshold 15 (max threshold 15)
[2024-02-26T22:37:40.350+0000][7][gc,phases   ] GC(379)   Pre Evacuate Collection Set: 0.1ms
[2024-02-26T22:37:40.350+0000][7][gc,phases   ] GC(379)   Merge Heap Roots: 0.1ms
[2024-02-26T22:37:40.350+0000][7][gc,phases   ] GC(379)   Evacuate Collection Set: 1.2ms
[2024-02-26T22:37:40.350+0000][7][gc,phases   ] GC(379)   Post Evacuate Collection Set: 0.9ms
[2024-02-26T22:37:40.350+0000][7][gc,phases   ] GC(379)   Other: 0.1ms
[2024-02-26T22:37:40.350+0000][7][gc,age      ] GC(379) Age table with threshold 15 (max threshold 15)
[2024-02-26T22:37:40.350+0000][7][gc,age      ] GC(379) - age   1:     766272 bytes,     766272 total
[2024-02-26T22:37:40.350+0000][7][gc,age      ] GC(379) - age   2:       9072 bytes,     775344 total
[2024-02-26T22:37:40.350+0000][7][gc,age      ] GC(379) - age   3:       3968 bytes,     779312 total
[2024-02-26T22:37:40.350+0000][7][gc,age      ] GC(379) - age   4:     288080 bytes,    1067392 total
[2024-02-26T22:37:40.350+0000][7][gc,age      ] GC(379) - age   5:        424 bytes,    1067816 total
[2024-02-26T22:37:40.350+0000][7][gc,age      ] GC(379) - age   6:        184 bytes,    1068000 total
[2024-02-26T22:37:40.350+0000][7][gc,age      ] GC(379) - age   7:        184 bytes,    1068184 total
[2024-02-26T22:37:40.350+0000][7][gc,age      ] GC(379) - age   8:       9600 bytes,    1077784 total
[2024-02-26T22:37:40.350+0000][7][gc,age      ] GC(379) - age   9:         16 bytes,    1077800 total
[2024-02-26T22:37:40.350+0000][7][gc,age      ] GC(379) - age  10:       9720 bytes,    1087520 total
[2024-02-26T22:37:40.350+0000][7][gc,age      ] GC(379) - age  11:     218040 bytes,    1305560 total
[2024-02-26T22:37:40.350+0000][7][gc,age      ] GC(379) - age  13:      79848 bytes,    1385408 total
[2024-02-26T22:37:40.350+0000][7][gc,age      ] GC(379) - age  15:         56 bytes,    1385464 total
[2024-02-26T22:37:40.350+0000][7][gc,heap     ] GC(379) Eden regions: 152->0(152)
[2024-02-26T22:37:40.350+0000][7][gc,heap     ] GC(379) Survivor regions: 1->1(20)
[2024-02-26T22:37:40.350+0000][7][gc,heap     ] GC(379) Old regions: 26->26
[2024-02-26T22:37:40.350+0000][7][gc,heap     ] GC(379) Archive regions: 2->2
[2024-02-26T22:37:40.350+0000][7][gc,heap     ] GC(379) Humongous regions: 0->0
[2024-02-26T22:37:40.350+0000][7][gc,metaspace] GC(379) Metaspace: 129023K(132672K)->129023K(132672K) NonClass: 112175K(114112K)->112175K(114112K) Class: 16847K(18560K)->16847K(18560K)
[2024-02-26T22:37:40.350+0000][7][gc          ] GC(379) Pause Young (Normal) (G1 Evacuation Pause) 715M->107M(1024M) 2.683ms
[2024-02-26T22:37:40.350+0000][7][gc,cpu      ] GC(379) User=0.02s Sys=0.00s Real=0.00s
[2024-02-26T22:37:40.350+0000][7][safepoint   ] Safepoint "G1CollectForAllocation", Time since last: 22548433745 ns, Reaching safepoint: 77986 ns, At safepoint: 2778103 ns, Total: 2856089 ns
[2024-02-26T22:40:58.397+0000][7][gc,start    ] GC(380) Pause Young (Normal) (G1 Evacuation Pause)
[2024-02-26T22:40:58.397+0000][7][gc,task     ] GC(380) Using 8 workers of 8 for evacuation
[2024-02-26T22:40:58.397+0000][7][gc,age      ] GC(380) Desired survivor size 41943040 bytes, new threshold 15 (max threshold 15)
[2024-02-26T22:40:58.399+0000][7][gc,phases   ] GC(380)   Pre Evacuate Collection Set: 0.1ms
[2024-02-26T22:40:58.399+0000][7][gc,phases   ] GC(380)   Merge Heap Roots: 0.1ms
[2024-02-26T22:40:58.399+0000][7][gc,phases   ] GC(380)   Evacuate Collection Set: 1.2ms
[2024-02-26T22:40:58.399+0000][7][gc,phases   ] GC(380)   Post Evacuate Collection Set: 0.7ms
[2024-02-26T22:40:58.399+0000][7][gc,phases   ] GC(380)   Other: 0.1ms
[2024-02-26T22:40:58.399+0000][7][gc,age      ] GC(380) Age table with threshold 15 (max threshold 15)
[2024-02-26T22:40:58.399+0000][7][gc,age      ] GC(380) - age   1:     907272 bytes,     907272 total
[2024-02-26T22:40:58.399+0000][7][gc,age      ] GC(380) - age   2:       2784 bytes,     910056 total
[2024-02-26T22:40:58.399+0000][7][gc,age      ] GC(380) - age   3:        264 bytes,     910320 total
[2024-02-26T22:40:58.399+0000][7][gc,age      ] GC(380) - age   4:        512 bytes,     910832 total
[2024-02-26T22:40:58.399+0000][7][gc,age      ] GC(380) - age   5:     198464 bytes,    1109296 total
[2024-02-26T22:40:58.399+0000][7][gc,age      ] GC(380) - age   8:        184 bytes,    1109480 total
[2024-02-26T22:40:58.399+0000][7][gc,age      ] GC(380) - age  11:        120 bytes,    1109600 total
[2024-02-26T22:40:58.399+0000][7][gc,age      ] GC(380) - age  12:      34784 bytes,    1144384 total
[2024-02-26T22:40:58.399+0000][7][gc,age      ] GC(380) - age  14:      79160 bytes,    1223544 total
[2024-02-26T22:40:58.399+0000][7][gc,heap     ] GC(380) Eden regions: 152->0(152)
[2024-02-26T22:40:58.399+0000][7][gc,heap     ] GC(380) Survivor regions: 1->1(20)
[2024-02-26T22:40:58.399+0000][7][gc,heap     ] GC(380) Old regions: 26->26
[2024-02-26T22:40:58.399+0000][7][gc,heap     ] GC(380) Archive regions: 2->2
[2024-02-26T22:40:58.399+0000][7][gc,heap     ] GC(380) Humongous regions: 0->0
[2024-02-26T22:40:58.399+0000][7][gc,metaspace] GC(380) Metaspace: 129023K(132672K)->129023K(132672K) NonClass: 112175K(114112K)->112175K(114112K) Class: 16847K(18560K)->16847K(18560K)
[2024-02-26T22:40:58.399+0000][7][gc          ] GC(380) Pause Young (Normal) (G1 Evacuation Pause) 715M->107M(1024M) 2.387ms
[2024-02-26T22:40:58.399+0000][7][gc,cpu      ] GC(380) User=0.01s Sys=0.00s Real=0.00s
[2024-02-26T22:40:58.399+0000][7][safepoint   ] Safepoint "G1CollectForAllocation", Time since last: 198045969024 ns, Reaching safepoint: 82521 ns, At safepoint: 2475384 ns, Total: 2557905 ns
[2024-02-26T22:44:17.103+0000][7][gc,start    ] GC(381) Pause Young (Normal) (G1 Evacuation Pause)
[2024-02-26T22:44:17.103+0000][7][gc,task     ] GC(381) Using 8 workers of 8 for evacuation
[2024-02-26T22:44:17.103+0000][7][gc,age      ] GC(381) Desired survivor size 41943040 bytes, new threshold 15 (max threshold 15)
[2024-02-26T22:44:17.106+0000][7][gc,phases   ] GC(381)   Pre Evacuate Collection Set: 0.1ms
[2024-02-26T22:44:17.106+0000][7][gc,phases   ] GC(381)   Merge Heap Roots: 0.1ms
[2024-02-26T22:44:17.106+0000][7][gc,phases   ] GC(381)   Evacuate Collection Set: 1.4ms
[2024-02-26T22:44:17.106+0000][7][gc,phases   ] GC(381)   Post Evacuate Collection Set: 1.3ms
[2024-02-26T22:44:17.106+0000][7][gc,phases   ] GC(381)   Other: 0.2ms
[2024-02-26T22:44:17.106+0000][7][gc,age      ] GC(381) Age table with threshold 15 (max threshold 15)
[2024-02-26T22:44:17.106+0000][7][gc,age      ] GC(381) - age   1:     460592 bytes,     460592 total
[2024-02-26T22:44:17.106+0000][7][gc,age      ] GC(381) - age   2:     249224 bytes,     709816 total
[2024-02-26T22:44:17.106+0000][7][gc,age      ] GC(381) - age   3:       1376 bytes,     711192 total
[2024-02-26T22:44:17.106+0000][7][gc,age      ] GC(381) - age   4:        264 bytes,     711456 total
[2024-02-26T22:44:17.106+0000][7][gc,age      ] GC(381) - age   5:        216 bytes,     711672 total
[2024-02-26T22:44:17.106+0000][7][gc,age      ] GC(381) - age   6:     181984 bytes,     893656 total
[2024-02-26T22:44:17.106+0000][7][gc,age      ] GC(381) - age  12:        120 bytes,     893776 total
[2024-02-26T22:44:17.106+0000][7][gc,age      ] GC(381) - age  13:      34528 bytes,     928304 total
[2024-02-26T22:44:17.106+0000][7][gc,age      ] GC(381) - age  15:      79160 bytes,    1007464 total
[2024-02-26T22:44:17.106+0000][7][gc,heap     ] GC(381) Eden regions: 152->0(152)
[2024-02-26T22:44:17.106+0000][7][gc,heap     ] GC(381) Survivor regions: 1->1(20)
[2024-02-26T22:44:17.106+0000][7][gc,heap     ] GC(381) Old regions: 26->26
[2024-02-26T22:44:17.106+0000][7][gc,heap     ] GC(381) Archive regions: 2->2
[2024-02-26T22:44:17.106+0000][7][gc,heap     ] GC(381) Humongous regions: 0->0
[2024-02-26T22:44:17.106+0000][7][gc,metaspace] GC(381) Metaspace: 129023K(132672K)->129023K(132672K) NonClass: 112175K(114112K)->112175K(114112K) Class: 16847K(18560K)->16847K(18560K)
[2024-02-26T22:44:17.106+0000][7][gc          ] GC(381) Pause Young (Normal) (G1 Evacuation Pause) 715M->107M(1024M) 3.387ms
[2024-02-26T22:44:17.106+0000][7][gc,cpu      ] GC(381) User=0.02s Sys=0.00s Real=0.01s
[2024-02-26T22:44:17.106+0000][7][safepoint   ] Safepoint "G1CollectForAllocation", Time since last: 198703428376 ns, Reaching safepoint: 93332 ns, At safepoint: 3507040 ns, Total: 3600372 ns
[2024-02-26T22:47:32.250+0000][7][gc,start    ] GC(382) Pause Young (Normal) (G1 Evacuation Pause)
[2024-02-26T22:47:32.250+0000][7][gc,task     ] GC(382) Using 8 workers of 8 for evacuation
[2024-02-26T22:47:32.250+0000][7][gc,age      ] GC(382) Desired survivor size 41943040 bytes, new threshold 15 (max threshold 15)
[2024-02-26T22:47:32.253+0000][7][gc,phases   ] GC(382)   Pre Evacuate Collection Set: 0.1ms
[2024-02-26T22:47:32.253+0000][7][gc,phases   ] GC(382)   Merge Heap Roots: 0.1ms
[2024-02-26T22:47:32.253+0000][7][gc,phases   ] GC(382)   Evacuate Collection Set: 1.3ms
[2024-02-26T22:47:32.253+0000][7][gc,phases   ] GC(382)   Post Evacuate Collection Set: 1.1ms
[2024-02-26T22:47:32.253+0000][7][gc,phases   ] GC(382)   Other: 0.1ms
[2024-02-26T22:47:32.253+0000][7][gc,age      ] GC(382) Age table with threshold 15 (max threshold 15)
[2024-02-26T22:47:32.253+0000][7][gc,age      ] GC(382) - age   1:     580888 bytes,     580888 total
[2024-02-26T22:47:32.253+0000][7][gc,age      ] GC(382) - age   2:       2280 bytes,     583168 total
[2024-02-26T22:47:32.253+0000][7][gc,age      ] GC(382) - age   3:      80816 bytes,     663984 total
[2024-02-26T22:47:32.253+0000][7][gc,age      ] GC(382) - age   4:        600 bytes,     664584 total
[2024-02-26T22:47:32.253+0000][7][gc,age      ] GC(382) - age   5:        208 bytes,     664792 total
[2024-02-26T22:47:32.253+0000][7][gc,age      ] GC(382) - age   6:        216 bytes,     665008 total
[2024-02-26T22:47:32.253+0000][7][gc,age      ] GC(382) - age   7:     181984 bytes,     846992 total
[2024-02-26T22:47:32.253+0000][7][gc,age      ] GC(382) - age  13:        120 bytes,     847112 total
[2024-02-26T22:47:32.253+0000][7][gc,age      ] GC(382) - age  14:        168 bytes,     847280 total
[2024-02-26T22:47:32.253+0000][7][gc,heap     ] GC(382) Eden regions: 152->0(152)
[2024-02-26T22:47:32.253+0000][7][gc,heap     ] GC(382) Survivor regions: 1->1(20)
[2024-02-26T22:47:32.253+0000][7][gc,heap     ] GC(382) Old regions: 26->26
[2024-02-26T22:47:32.253+0000][7][gc,heap     ] GC(382) Archive regions: 2->2
[2024-02-26T22:47:32.253+0000][7][gc,heap     ] GC(382) Humongous regions: 0->0
[2024-02-26T22:47:32.253+0000][7][gc,metaspace] GC(382) Metaspace: 129023K(132672K)->129023K(132672K) NonClass: 112175K(114112K)->112175K(114112K) Class: 16847K(18560K)->16847K(18560K)
[2024-02-26T22:47:32.253+0000][7][gc          ] GC(382) Pause Young (Normal) (G1 Evacuation Pause) 715M->107M(1024M) 3.041ms
[2024-02-26T22:47:32.253+0000][7][gc,cpu      ] GC(382) User=0.02s Sys=0.00s Real=0.01s
[2024-02-26T22:47:32.253+0000][7][safepoint   ] Safepoint "G1CollectForAllocation", Time since last: 195144010717 ns, Reaching safepoint: 77101 ns, At safepoint: 3176039 ns, Total: 3253140 ns
[2024-02-26T22:50:52.467+0000][7][gc,start    ] GC(383) Pause Young (Normal) (G1 Evacuation Pause)
[2024-02-26T22:50:52.467+0000][7][gc,task     ] GC(383) Using 8 workers of 8 for evacuation
[2024-02-26T22:50:52.467+0000][7][gc,age      ] GC(383) Desired survivor size 41943040 bytes, new threshold 15 (max threshold 15)
[2024-02-26T22:50:52.470+0000][7][gc,phases   ] GC(383)   Pre Evacuate Collection Set: 0.1ms
[2024-02-26T22:50:52.470+0000][7][gc,phases   ] GC(383)   Merge Heap Roots: 0.1ms
[2024-02-26T22:50:52.470+0000][7][gc,phases   ] GC(383)   Evacuate Collection Set: 1.4ms
[2024-02-26T22:50:52.470+0000][7][gc,phases   ] GC(383)   Post Evacuate Collection Set: 0.7ms
[2024-02-26T22:50:52.470+0000][7][gc,phases   ] GC(383)   Other: 0.1ms
[2024-02-26T22:50:52.470+0000][7][gc,age      ] GC(383) Age table with threshold 15 (max threshold 15)
[2024-02-26T22:50:52.470+0000][7][gc,age      ] GC(383) - age   1:    1741872 bytes,    1741872 total
[2024-02-26T22:50:52.470+0000][7][gc,age      ] GC(383) - age   2:     226520 bytes,    1968392 total
[2024-02-26T22:50:52.470+0000][7][gc,age      ] GC(383) - age   3:        920 bytes,    1969312 total
[2024-02-26T22:50:52.470+0000][7][gc,age      ] GC(383) - age   4:      76344 bytes,    2045656 total
[2024-02-26T22:50:52.470+0000][7][gc,age      ] GC(383) - age   5:        600 bytes,    2046256 total
[2024-02-26T22:50:52.470+0000][7][gc,age      ] GC(383) - age   6:        208 bytes,    2046464 total
[2024-02-26T22:50:52.470+0000][7][gc,age      ] GC(383) - age   7:         32 bytes,    2046496 total
[2024-02-26T22:50:52.470+0000][7][gc,age      ] GC(383) - age   8:     181984 bytes,    2228480 total
[2024-02-26T22:50:52.470+0000][7][gc,age      ] GC(383) - age  14:        120 bytes,    2228600 total
[2024-02-26T22:50:52.470+0000][7][gc,age      ] GC(383) - age  15:        168 bytes,    2228768 total
[2024-02-26T22:50:52.470+0000][7][gc,heap     ] GC(383) Eden regions: 152->0(152)
[2024-02-26T22:50:52.470+0000][7][gc,heap     ] GC(383) Survivor regions: 1->1(20)
[2024-02-26T22:50:52.470+0000][7][gc,heap     ] GC(383) Old regions: 26->26
[2024-02-26T22:50:52.470+0000][7][gc,heap     ] GC(383) Archive regions: 2->2
[2024-02-26T22:50:52.470+0000][7][gc,heap     ] GC(383) Humongous regions: 0->0
[2024-02-26T22:50:52.470+0000][7][gc,metaspace] GC(383) Metaspace: 129023K(132672K)->129023K(132672K) NonClass: 112175K(114112K)->112175K(114112K) Class: 16847K(18560K)->16847K(18560K)
[2024-02-26T22:50:52.470+0000][7][gc          ] GC(383) Pause Young (Normal) (G1 Evacuation Pause) 715M->108M(1024M) 2.530ms
[2024-02-26T22:50:52.470+0000][7][gc,cpu      ] GC(383) User=0.01s Sys=0.00s Real=0.00s
[2024-02-26T22:50:52.470+0000][7][safepoint   ] Safepoint "G1CollectForAllocation", Time since last: 200213992344 ns, Reaching safepoint: 49460 ns, At safepoint: 2616132 ns, Total: 2665592 ns
[2024-02-26T22:54:07.770+0000][7][gc,start    ] GC(384) Pause Young (Normal) (G1 Evacuation Pause)
[2024-02-26T22:54:07.770+0000][7][gc,task     ] GC(384) Using 8 workers of 8 for evacuation
[2024-02-26T22:54:07.770+0000][7][gc,age      ] GC(384) Desired survivor size 41943040 bytes, new threshold 15 (max threshold 15)
[2024-02-26T22:54:07.772+0000][7][gc,phases   ] GC(384)   Pre Evacuate Collection Set: 0.1ms
[2024-02-26T22:54:07.772+0000][7][gc,phases   ] GC(384)   Merge Heap Roots: 0.0ms
[2024-02-26T22:54:07.772+0000][7][gc,phases   ] GC(384)   Evacuate Collection Set: 1.0ms
[2024-02-26T22:54:07.772+0000][7][gc,phases   ] GC(384)   Post Evacuate Collection Set: 0.5ms
[2024-02-26T22:54:07.772+0000][7][gc,phases   ] GC(384)   Other: 0.1ms
[2024-02-26T22:54:07.772+0000][7][gc,age      ] GC(384) Age table with threshold 15 (max threshold 15)
[2024-02-26T22:54:07.772+0000][7][gc,age      ] GC(384) - age   1:    1792448 bytes,    1792448 total
[2024-02-26T22:54:07.772+0000][7][gc,age      ] GC(384) - age   2:      32656 bytes,    1825104 total
[2024-02-26T22:54:07.772+0000][7][gc,age      ] GC(384) - age   3:     225784 bytes,    2050888 total
[2024-02-26T22:54:07.772+0000][7][gc,age      ] GC(384) - age   4:        664 bytes,    2051552 total
[2024-02-26T22:54:07.772+0000][7][gc,age      ] GC(384) - age   5:      75952 bytes,    2127504 total
[2024-02-26T22:54:07.772+0000][7][gc,age      ] GC(384) - age   6:        600 bytes,    2128104 total
[2024-02-26T22:54:07.772+0000][7][gc,age      ] GC(384) - age   7:        208 bytes,    2128312 total
[2024-02-26T22:54:07.772+0000][7][gc,age      ] GC(384) - age   8:         32 bytes,    2128344 total
[2024-02-26T22:54:07.772+0000][7][gc,age      ] GC(384) - age   9:     181864 bytes,    2310208 total
[2024-02-26T22:54:07.772+0000][7][gc,age      ] GC(384) - age  15:        120 bytes,    2310328 total
[2024-02-26T22:54:07.772+0000][7][gc,heap     ] GC(384) Eden regions: 152->0(152)
[2024-02-26T22:54:07.772+0000][7][gc,heap     ] GC(384) Survivor regions: 1->1(20)
[2024-02-26T22:54:07.772+0000][7][gc,heap     ] GC(384) Old regions: 26->26
[2024-02-26T22:54:07.772+0000][7][gc,heap     ] GC(384) Archive regions: 2->2
[2024-02-26T22:54:07.772+0000][7][gc,heap     ] GC(384) Humongous regions: 0->0
[2024-02-26T22:54:07.772+0000][7][gc,metaspace] GC(384) Metaspace: 129023K(132672K)->129023K(132672K) NonClass: 112175K(114112K)->112175K(114112K) Class: 16847K(18560K)->16847K(18560K)
[2024-02-26T22:54:07.772+0000][7][gc          ] GC(384) Pause Young (Normal) (G1 Evacuation Pause) 716M->108M(1024M) 1.885ms
[2024-02-26T22:54:07.772+0000][7][gc,cpu      ] GC(384) User=0.01s Sys=0.00s Real=0.00s
[2024-02-26T22:54:07.772+0000][7][safepoint   ] Safepoint "G1CollectForAllocation", Time since last: 195299897628 ns, Reaching safepoint: 36739 ns, At safepoint: 1947381 ns, Total: 1984120 ns
[2024-02-26T22:55:48.788+0000][7][safepoint   ] Safepoint "Cleanup", Time since last: 101016244793 ns, Reaching safepoint: 153412 ns, At safepoint: 49658 ns, Total: 203070 ns
[2024-02-26T22:57:28.439+0000][7][gc,start    ] GC(385) Pause Young (Normal) (G1 Evacuation Pause)
[2024-02-26T22:57:28.439+0000][7][gc,task     ] GC(385) Using 8 workers of 8 for evacuation
[2024-02-26T22:57:28.439+0000][7][gc,age      ] GC(385) Desired survivor size 41943040 bytes, new threshold 15 (max threshold 15)
[2024-02-26T22:57:28.442+0000][7][gc,phases   ] GC(385)   Pre Evacuate Collection Set: 0.1ms
[2024-02-26T22:57:28.442+0000][7][gc,phases   ] GC(385)   Merge Heap Roots: 0.1ms
[2024-02-26T22:57:28.442+0000][7][gc,phases   ] GC(385)   Evacuate Collection Set: 1.6ms
[2024-02-26T22:57:28.442+0000][7][gc,phases   ] GC(385)   Post Evacuate Collection Set: 0.8ms
[2024-02-26T22:57:28.442+0000][7][gc,phases   ] GC(385)   Other: 0.1ms
[2024-02-26T22:57:28.442+0000][7][gc,age      ] GC(385) Age table with threshold 15 (max threshold 15)
[2024-02-26T22:57:28.442+0000][7][gc,age      ] GC(385) - age   1:    1507848 bytes,    1507848 total
[2024-02-26T22:57:28.442+0000][7][gc,age      ] GC(385) - age   2:       7008 bytes,    1514856 total
[2024-02-26T22:57:28.442+0000][7][gc,age      ] GC(385) - age   3:      29336 bytes,    1544192 total
[2024-02-26T22:57:28.442+0000][7][gc,age      ] GC(385) - age   4:     225032 bytes,    1769224 total
[2024-02-26T22:57:28.442+0000][7][gc,age      ] GC(385) - age   5:        664 bytes,    1769888 total
[2024-02-26T22:57:28.442+0000][7][gc,age      ] GC(385) - age   6:      75952 bytes,    1845840 total
[2024-02-26T22:57:28.442+0000][7][gc,age      ] GC(385) - age   7:        184 bytes,    1846024 total
[2024-02-26T22:57:28.442+0000][7][gc,age      ] GC(385) - age   8:        208 bytes,    1846232 total
[2024-02-26T22:57:28.442+0000][7][gc,age      ] GC(385) - age   9:         32 bytes,    1846264 total
[2024-02-26T22:57:28.442+0000][7][gc,age      ] GC(385) - age  10:     181864 bytes,    2028128 total
[2024-02-26T22:57:28.442+0000][7][gc,heap     ] GC(385) Eden regions: 152->0(152)
[2024-02-26T22:57:28.442+0000][7][gc,heap     ] GC(385) Survivor regions: 1->1(20)
[2024-02-26T22:57:28.442+0000][7][gc,heap     ] GC(385) Old regions: 26->26
[2024-02-26T22:57:28.442+0000][7][gc,heap     ] GC(385) Archive regions: 2->2
[2024-02-26T22:57:28.442+0000][7][gc,heap     ] GC(385) Humongous regions: 0->0
[2024-02-26T22:57:28.442+0000][7][gc,metaspace] GC(385) Metaspace: 129023K(132672K)->129023K(132672K) NonClass: 112175K(114112K)->112175K(114112K) Class: 16847K(18560K)->16847K(18560K)
[2024-02-26T22:57:28.442+0000][7][gc          ] GC(385) Pause Young (Normal) (G1 Evacuation Pause) 716M->108M(1024M) 3.035ms
[2024-02-26T22:57:28.442+0000][7][gc,cpu      ] GC(385) User=0.01s Sys=0.00s Real=0.00s
[2024-02-26T22:57:28.442+0000][7][safepoint   ] Safepoint "G1CollectForAllocation", Time since last: 99650499392 ns, Reaching safepoint: 78871 ns, At safepoint: 3126677 ns, Total: 3205548 ns
[2024-02-26T23:00:47.240+0000][7][gc,start    ] GC(386) Pause Young (Normal) (G1 Evacuation Pause)
[2024-02-26T23:00:47.240+0000][7][gc,task     ] GC(386) Using 8 workers of 8 for evacuation
[2024-02-26T23:00:47.240+0000][7][gc,age      ] GC(386) Desired survivor size 41943040 bytes, new threshold 15 (max threshold 15)
[2024-02-26T23:00:47.243+0000][7][gc,phases   ] GC(386)   Pre Evacuate Collection Set: 0.1ms
[2024-02-26T23:00:47.243+0000][7][gc,phases   ] GC(386)   Merge Heap Roots: 0.1ms
[2024-02-26T23:00:47.243+0000][7][gc,phases   ] GC(386)   Evacuate Collection Set: 1.9ms
[2024-02-26T23:00:47.243+0000][7][gc,phases   ] GC(386)   Post Evacuate Collection Set: 1.0ms
[2024-02-26T23:00:47.243+0000][7][gc,phases   ] GC(386)   Other: 0.1ms
[2024-02-26T23:00:47.243+0000][7][gc,age      ] GC(386) Age table with threshold 15 (max threshold 15)
[2024-02-26T23:00:47.243+0000][7][gc,age      ] GC(386) - age   1:    1180552 bytes,    1180552 total
[2024-02-26T23:00:47.243+0000][7][gc,age      ] GC(386) - age   2:       3616 bytes,    1184168 total
[2024-02-26T23:00:47.243+0000][7][gc,age      ] GC(386) - age   3:       5368 bytes,    1189536 total
[2024-02-26T23:00:47.243+0000][7][gc,age      ] GC(386) - age   4:      25816 bytes,    1215352 total
[2024-02-26T23:00:47.243+0000][7][gc,age      ] GC(386) - age   5:     225000 bytes,    1440352 total
[2024-02-26T23:00:47.243+0000][7][gc,age      ] GC(386) - age   6:        664 bytes,    1441016 total
[2024-02-26T23:00:47.243+0000][7][gc,age      ] GC(386) - age   7:      75952 bytes,    1516968 total
[2024-02-26T23:00:47.243+0000][7][gc,age      ] GC(386) - age   8:        184 bytes,    1517152 total
[2024-02-26T23:00:47.243+0000][7][gc,age      ] GC(386) - age   9:        208 bytes,    1517360 total
[2024-02-26T23:00:47.243+0000][7][gc,age      ] GC(386) - age  10:         32 bytes,    1517392 total
[2024-02-26T23:00:47.243+0000][7][gc,age      ] GC(386) - age  11:     181864 bytes,    1699256 total
[2024-02-26T23:00:47.243+0000][7][gc,heap     ] GC(386) Eden regions: 152->0(152)
[2024-02-26T23:00:47.243+0000][7][gc,heap     ] GC(386) Survivor regions: 1->1(20)
[2024-02-26T23:00:47.243+0000][7][gc,heap     ] GC(386) Old regions: 26->26
[2024-02-26T23:00:47.243+0000][7][gc,heap     ] GC(386) Archive regions: 2->2
[2024-02-26T23:00:47.243+0000][7][gc,heap     ] GC(386) Humongous regions: 0->0
[2024-02-26T23:00:47.244+0000][7][gc,metaspace] GC(386) Metaspace: 129023K(132672K)->129023K(132672K) NonClass: 112175K(114112K)->112175K(114112K) Class: 16847K(18560K)->16847K(18560K)
[2024-02-26T23:00:47.244+0000][7][gc          ] GC(386) Pause Young (Normal) (G1 Evacuation Pause) 716M->107M(1024M) 3.614ms
[2024-02-26T23:00:47.244+0000][7][gc,cpu      ] GC(386) User=0.01s Sys=0.00s Real=0.00s
[2024-02-26T23:00:47.244+0000][7][safepoint   ] Safepoint "G1CollectForAllocation", Time since last: 198296128520 ns, Reaching safepoint: 45962 ns, At safepoint: 3723709 ns, Total: 3769671 ns
[2024-02-26T23:02:11.254+0000][7][safepoint   ] Safepoint "Cleanup", Time since last: 84010726518 ns, Reaching safepoint: 111620 ns, At safepoint: 11404 ns, Total: 123024 ns
[2024-02-26T23:03:59.730+0000][7][gc,start    ] GC(387) Pause Young (Normal) (G1 Evacuation Pause)
[2024-02-26T23:03:59.730+0000][7][gc,task     ] GC(387) Using 8 workers of 8 for evacuation
[2024-02-26T23:03:59.730+0000][7][gc,age      ] GC(387) Desired survivor size 41943040 bytes, new threshold 15 (max threshold 15)
[2024-02-26T23:03:59.733+0000][7][gc,phases   ] GC(387)   Pre Evacuate Collection Set: 0.1ms
[2024-02-26T23:03:59.733+0000][7][gc,phases   ] GC(387)   Merge Heap Roots: 0.1ms
[2024-02-26T23:03:59.733+0000][7][gc,phases   ] GC(387)   Evacuate Collection Set: 1.5ms
[2024-02-26T23:03:59.733+0000][7][gc,phases   ] GC(387)   Post Evacuate Collection Set: 0.8ms
[2024-02-26T23:03:59.733+0000][7][gc,phases   ] GC(387)   Other: 0.1ms
[2024-02-26T23:03:59.733+0000][7][gc,age      ] GC(387) Age table with threshold 15 (max threshold 15)
[2024-02-26T23:03:59.733+0000][7][gc,age      ] GC(387) - age   1:    1137864 bytes,    1137864 total
[2024-02-26T23:03:59.733+0000][7][gc,age      ] GC(387) - age   2:       6024 bytes,    1143888 total
[2024-02-26T23:03:59.733+0000][7][gc,age      ] GC(387) - age   3:       1312 bytes,    1145200 total
[2024-02-26T23:03:59.733+0000][7][gc,age      ] GC(387) - age   4:       5240 bytes,    1150440 total
[2024-02-26T23:03:59.733+0000][7][gc,age      ] GC(387) - age   5:      25816 bytes,    1176256 total
[2024-02-26T23:03:59.733+0000][7][gc,age      ] GC(387) - age   6:     225000 bytes,    1401256 total
[2024-02-26T23:03:59.733+0000][7][gc,age      ] GC(387) - age   7:        664 bytes,    1401920 total
[2024-02-26T23:03:59.733+0000][7][gc,age      ] GC(387) - age   8:      75952 bytes,    1477872 total
[2024-02-26T23:03:59.733+0000][7][gc,age      ] GC(387) - age   9:        184 bytes,    1478056 total
[2024-02-26T23:03:59.733+0000][7][gc,age      ] GC(387) - age  10:        208 bytes,    1478264 total
[2024-02-26T23:03:59.733+0000][7][gc,age      ] GC(387) - age  11:         32 bytes,    1478296 total
[2024-02-26T23:03:59.733+0000][7][gc,age      ] GC(387) - age  12:     181864 bytes,    1660160 total
[2024-02-26T23:03:59.733+0000][7][gc,heap     ] GC(387) Eden regions: 152->0(152)
[2024-02-26T23:03:59.733+0000][7][gc,heap     ] GC(387) Survivor regions: 1->1(20)
[2024-02-26T23:03:59.733+0000][7][gc,heap     ] GC(387) Old regions: 26->26
[2024-02-26T23:03:59.733+0000][7][gc,heap     ] GC(387) Archive regions: 2->2
[2024-02-26T23:03:59.733+0000][7][gc,heap     ] GC(387) Humongous regions: 0->0
[2024-02-26T23:03:59.733+0000][7][gc,metaspace] GC(387) Metaspace: 129023K(132672K)->129023K(132672K) NonClass: 112175K(114112K)->112175K(114112K) Class: 16847K(18560K)->16847K(18560K)
[2024-02-26T23:03:59.733+0000][7][gc          ] GC(387) Pause Young (Normal) (G1 Evacuation Pause) 715M->107M(1024M) 3.099ms
[2024-02-26T23:03:59.733+0000][7][gc,cpu      ] GC(387) User=0.01s Sys=0.00s Real=0.00s
[2024-02-26T23:03:59.733+0000][7][safepoint   ] Safepoint "G1CollectForAllocation", Time since last: 108475738020 ns, Reaching safepoint: 86988 ns, At safepoint: 3205743 ns, Total: 3292731 ns
[2024-02-26T23:07:16.995+0000][7][gc,start    ] GC(388) Pause Young (Normal) (G1 Evacuation Pause)
[2024-02-26T23:07:16.995+0000][7][gc,task     ] GC(388) Using 8 workers of 8 for evacuation
[2024-02-26T23:07:16.995+0000][7][gc,age      ] GC(388) Desired survivor size 41943040 bytes, new threshold 15 (max threshold 15)
[2024-02-26T23:07:16.997+0000][7][gc,phases   ] GC(388)   Pre Evacuate Collection Set: 0.1ms
[2024-02-26T23:07:16.997+0000][7][gc,phases   ] GC(388)   Merge Heap Roots: 0.1ms
[2024-02-26T23:07:16.997+0000][7][gc,phases   ] GC(388)   Evacuate Collection Set: 1.0ms
[2024-02-26T23:07:16.997+0000][7][gc,phases   ] GC(388)   Post Evacuate Collection Set: 0.6ms
[2024-02-26T23:07:16.997+0000][7][gc,phases   ] GC(388)   Other: 0.1ms
[2024-02-26T23:07:16.997+0000][7][gc,age      ] GC(388) Age table with threshold 15 (max threshold 15)
[2024-02-26T23:07:16.997+0000][7][gc,age      ] GC(388) - age   1:     956768 bytes,     956768 total
[2024-02-26T23:07:16.997+0000][7][gc,age      ] GC(388) - age   2:       2720 bytes,     959488 total
[2024-02-26T23:07:16.997+0000][7][gc,age      ] GC(388) - age   3:       3456 bytes,     962944 total
[2024-02-26T23:07:16.997+0000][7][gc,age      ] GC(388) - age   4:        600 bytes,     963544 total
[2024-02-26T23:07:16.997+0000][7][gc,age      ] GC(388) - age   5:       5240 bytes,     968784 total
[2024-02-26T23:07:16.997+0000][7][gc,age      ] GC(388) - age   6:      25816 bytes,     994600 total
[2024-02-26T23:07:16.997+0000][7][gc,age      ] GC(388) - age   7:     224944 bytes,    1219544 total
[2024-02-26T23:07:16.997+0000][7][gc,age      ] GC(388) - age   8:        480 bytes,    1220024 total
[2024-02-26T23:07:16.997+0000][7][gc,age      ] GC(388) - age   9:      75952 bytes,    1295976 total
[2024-02-26T23:07:16.997+0000][7][gc,age      ] GC(388) - age  11:        208 bytes,    1296184 total
[2024-02-26T23:07:16.997+0000][7][gc,age      ] GC(388) - age  12:         32 bytes,    1296216 total
[2024-02-26T23:07:16.997+0000][7][gc,age      ] GC(388) - age  13:     181864 bytes,    1478080 total
[2024-02-26T23:07:16.997+0000][7][gc,heap     ] GC(388) Eden regions: 152->0(152)
[2024-02-26T23:07:16.997+0000][7][gc,heap     ] GC(388) Survivor regions: 1->1(20)
[2024-02-26T23:07:16.997+0000][7][gc,heap     ] GC(388) Old regions: 26->26
[2024-02-26T23:07:16.997+0000][7][gc,heap     ] GC(388) Archive regions: 2->2
[2024-02-26T23:07:16.997+0000][7][gc,heap     ] GC(388) Humongous regions: 0->0
[2024-02-26T23:07:16.997+0000][7][gc,metaspace] GC(388) Metaspace: 129023K(132672K)->129023K(132672K) NonClass: 112175K(114112K)->112175K(114112K) Class: 16847K(18560K)->16847K(18560K)
[2024-02-26T23:07:16.997+0000][7][gc          ] GC(388) Pause Young (Normal) (G1 Evacuation Pause) 715M->107M(1024M) 2.219ms
[2024-02-26T23:07:16.997+0000][7][gc,cpu      ] GC(388) User=0.01s Sys=0.00s Real=0.00s
[2024-02-26T23:07:16.997+0000][7][safepoint   ] Safepoint "G1CollectForAllocation", Time since last: 197261459451 ns, Reaching safepoint: 47197 ns, At safepoint: 2302292 ns, Total: 2349489 ns
[2024-02-26T23:10:29.119+0000][7][gc,start    ] GC(389) Pause Young (Normal) (G1 Evacuation Pause)
[2024-02-26T23:10:29.119+0000][7][gc,task     ] GC(389) Using 8 workers of 8 for evacuation
[2024-02-26T23:10:29.119+0000][7][gc,age      ] GC(389) Desired survivor size 41943040 bytes, new threshold 15 (max threshold 15)
[2024-02-26T23:10:29.121+0000][7][gc,phases   ] GC(389)   Pre Evacuate Collection Set: 0.1ms
[2024-02-26T23:10:29.121+0000][7][gc,phases   ] GC(389)   Merge Heap Roots: 0.1ms
[2024-02-26T23:10:29.121+0000][7][gc,phases   ] GC(389)   Evacuate Collection Set: 1.6ms
[2024-02-26T23:10:29.121+0000][7][gc,phases   ] GC(389)   Post Evacuate Collection Set: 0.6ms
[2024-02-26T23:10:29.121+0000][7][gc,phases   ] GC(389)   Other: 0.1ms
[2024-02-26T23:10:29.121+0000][7][gc,age      ] GC(389) Age table with threshold 15 (max threshold 15)
[2024-02-26T23:10:29.121+0000][7][gc,age      ] GC(389) - age   1:    1943960 bytes,    1943960 total
[2024-02-26T23:10:29.121+0000][7][gc,age      ] GC(389) - age   2:       2472 bytes,    1946432 total
[2024-02-26T23:10:29.121+0000][7][gc,age      ] GC(389) - age   3:        544 bytes,    1946976 total
[2024-02-26T23:10:29.121+0000][7][gc,age      ] GC(389) - age   5:        600 bytes,    1947576 total
[2024-02-26T23:10:29.121+0000][7][gc,age      ] GC(389) - age   6:       4848 bytes,    1952424 total
[2024-02-26T23:10:29.121+0000][7][gc,age      ] GC(389) - age   7:      25632 bytes,    1978056 total
[2024-02-26T23:10:29.121+0000][7][gc,age      ] GC(389) - age   8:     224760 bytes,    2202816 total
[2024-02-26T23:10:29.121+0000][7][gc,age      ] GC(389) - age   9:        480 bytes,    2203296 total
[2024-02-26T23:10:29.121+0000][7][gc,age      ] GC(389) - age  10:      75952 bytes,    2279248 total
[2024-02-26T23:10:29.121+0000][7][gc,age      ] GC(389) - age  12:        208 bytes,    2279456 total
[2024-02-26T23:10:29.121+0000][7][gc,age      ] GC(389) - age  13:         32 bytes,    2279488 total
[2024-02-26T23:10:29.121+0000][7][gc,age      ] GC(389) - age  14:     181864 bytes,    2461352 total
[2024-02-26T23:10:29.121+0000][7][gc,heap     ] GC(389) Eden regions: 152->0(152)
[2024-02-26T23:10:29.121+0000][7][gc,heap     ] GC(389) Survivor regions: 1->1(20)
[2024-02-26T23:10:29.121+0000][7][gc,heap     ] GC(389) Old regions: 26->26
[2024-02-26T23:10:29.121+0000][7][gc,heap     ] GC(389) Archive regions: 2->2
[2024-02-26T23:10:29.121+0000][7][gc,heap     ] GC(389) Humongous regions: 0->0
[2024-02-26T23:10:29.121+0000][7][gc,metaspace] GC(389) Metaspace: 129023K(132672K)->129023K(132672K) NonClass: 112175K(114112K)->112175K(114112K) Class: 16847K(18560K)->16847K(18560K)
[2024-02-26T23:10:29.122+0000][7][gc          ] GC(389) Pause Young (Normal) (G1 Evacuation Pause) 715M->108M(1024M) 2.635ms
[2024-02-26T23:10:29.122+0000][7][gc,cpu      ] GC(389) User=0.01s Sys=0.00s Real=0.00s
[2024-02-26T23:10:29.122+0000][7][safepoint   ] Safepoint "G1CollectForAllocation", Time since last: 192121502287 ns, Reaching safepoint: 30557 ns, At safepoint: 2707276 ns, Total: 2737833 ns
[2024-02-26T23:13:43.604+0000][7][gc,start    ] GC(390) Pause Young (Normal) (G1 Evacuation Pause)
[2024-02-26T23:13:43.604+0000][7][gc,task     ] GC(390) Using 8 workers of 8 for evacuation
[2024-02-26T23:13:43.604+0000][7][gc,age      ] GC(390) Desired survivor size 41943040 bytes, new threshold 15 (max threshold 15)
[2024-02-26T23:13:43.607+0000][7][gc,phases   ] GC(390)   Pre Evacuate Collection Set: 0.1ms
[2024-02-26T23:13:43.607+0000][7][gc,phases   ] GC(390)   Merge Heap Roots: 0.1ms
[2024-02-26T23:13:43.607+0000][7][gc,phases   ] GC(390)   Evacuate Collection Set: 1.2ms
[2024-02-26T23:13:43.607+0000][7][gc,phases   ] GC(390)   Post Evacuate Collection Set: 0.9ms
[2024-02-26T23:13:43.607+0000][7][gc,phases   ] GC(390)   Other: 0.1ms
[2024-02-26T23:13:43.607+0000][7][gc,age      ] GC(390) Age table with threshold 15 (max threshold 15)
[2024-02-26T23:13:43.607+0000][7][gc,age      ] GC(390) - age   1:     205264 bytes,     205264 total
[2024-02-26T23:13:43.607+0000][7][gc,age      ] GC(390) - age   2:       6736 bytes,     212000 total
[2024-02-26T23:13:43.607+0000][7][gc,age      ] GC(390) - age   3:       1296 bytes,     213296 total
[2024-02-26T23:13:43.607+0000][7][gc,age      ] GC(390) - age   4:        480 bytes,     213776 total
[2024-02-26T23:13:43.607+0000][7][gc,age      ] GC(390) - age   6:        600 bytes,     214376 total
[2024-02-26T23:13:43.607+0000][7][gc,age      ] GC(390) - age   7:       4848 bytes,     219224 total
[2024-02-26T23:13:43.607+0000][7][gc,age      ] GC(390) - age   8:      25632 bytes,     244856 total
[2024-02-26T23:13:43.607+0000][7][gc,age      ] GC(390) - age   9:     224760 bytes,     469616 total
[2024-02-26T23:13:43.607+0000][7][gc,age      ] GC(390) - age  10:        480 bytes,     470096 total
[2024-02-26T23:13:43.607+0000][7][gc,age      ] GC(390) - age  11:      75952 bytes,     546048 total
[2024-02-26T23:13:43.607+0000][7][gc,age      ] GC(390) - age  13:        208 bytes,     546256 total
[2024-02-26T23:13:43.607+0000][7][gc,age      ] GC(390) - age  14:         32 bytes,     546288 total
[2024-02-26T23:13:43.607+0000][7][gc,age      ] GC(390) - age  15:     181864 bytes,     728152 total
[2024-02-26T23:13:43.607+0000][7][gc,heap     ] GC(390) Eden regions: 152->0(152)
[2024-02-26T23:13:43.607+0000][7][gc,heap     ] GC(390) Survivor regions: 1->1(20)
[2024-02-26T23:13:43.607+0000][7][gc,heap     ] GC(390) Old regions: 26->26
[2024-02-26T23:13:43.607+0000][7][gc,heap     ] GC(390) Archive regions: 2->2
[2024-02-26T23:13:43.607+0000][7][gc,heap     ] GC(390) Humongous regions: 0->0
[2024-02-26T23:13:43.607+0000][7][gc,metaspace] GC(390) Metaspace: 129023K(132672K)->129023K(132672K) NonClass: 112175K(114112K)->112175K(114112K) Class: 16847K(18560K)->16847K(18560K)
[2024-02-26T23:13:43.607+0000][7][gc          ] GC(390) Pause Young (Normal) (G1 Evacuation Pause) 716M->107M(1024M) 2.804ms
[2024-02-26T23:13:43.607+0000][7][gc,cpu      ] GC(390) User=0.01s Sys=0.00s Real=0.01s
[2024-02-26T23:13:43.607+0000][7][safepoint   ] Safepoint "G1CollectForAllocation", Time since last: 194482604121 ns, Reaching safepoint: 61112 ns, At safepoint: 2910798 ns, Total: 2971910 ns
[2024-02-26T23:14:18.612+0000][7][safepoint   ] Safepoint "Cleanup", Time since last: 35004313078 ns, Reaching safepoint: 85299 ns, At safepoint: 42229 ns, Total: 127528 ns
[2024-02-26T23:17:05.028+0000][7][gc,start    ] GC(391) Pause Young (Normal) (G1 Evacuation Pause)
[2024-02-26T23:17:05.028+0000][7][gc,task     ] GC(391) Using 8 workers of 8 for evacuation
[2024-02-26T23:17:05.028+0000][7][gc,age      ] GC(391) Desired survivor size 41943040 bytes, new threshold 15 (max threshold 15)
[2024-02-26T23:17:05.031+0000][7][gc,phases   ] GC(391)   Pre Evacuate Collection Set: 0.1ms
[2024-02-26T23:17:05.031+0000][7][gc,phases   ] GC(391)   Merge Heap Roots: 0.1ms
[2024-02-26T23:17:05.031+0000][7][gc,phases   ] GC(391)   Evacuate Collection Set: 1.3ms
[2024-02-26T23:17:05.031+0000][7][gc,phases   ] GC(391)   Post Evacuate Collection Set: 1.1ms
[2024-02-26T23:17:05.031+0000][7][gc,phases   ] GC(391)   Other: 0.1ms
[2024-02-26T23:17:05.031+0000][7][gc,age      ] GC(391) Age table with threshold 15 (max threshold 15)
[2024-02-26T23:17:05.031+0000][7][gc,age      ] GC(391) - age   1:    1407096 bytes,    1407096 total
[2024-02-26T23:17:05.031+0000][7][gc,age      ] GC(391) - age   2:        728 bytes,    1407824 total
[2024-02-26T23:17:05.031+0000][7][gc,age      ] GC(391) - age   3:       4280 bytes,    1412104 total
[2024-02-26T23:17:05.031+0000][7][gc,age      ] GC(391) - age   4:        248 bytes,    1412352 total
[2024-02-26T23:17:05.031+0000][7][gc,age      ] GC(391) - age   5:        184 bytes,    1412536 total
[2024-02-26T23:17:05.031+0000][7][gc,age      ] GC(391) - age   7:        184 bytes,    1412720 total
[2024-02-26T23:17:05.031+0000][7][gc,age      ] GC(391) - age   8:       4848 bytes,    1417568 total
[2024-02-26T23:17:05.031+0000][7][gc,age      ] GC(391) - age   9:      25632 bytes,    1443200 total
[2024-02-26T23:17:05.031+0000][7][gc,age      ] GC(391) - age  10:     224760 bytes,    1667960 total
[2024-02-26T23:17:05.031+0000][7][gc,age      ] GC(391) - age  11:        480 bytes,    1668440 total
[2024-02-26T23:17:05.031+0000][7][gc,age      ] GC(391) - age  12:      75952 bytes,    1744392 total
[2024-02-26T23:17:05.031+0000][7][gc,age      ] GC(391) - age  14:         24 bytes,    1744416 total
[2024-02-26T23:17:05.031+0000][7][gc,age      ] GC(391) - age  15:         32 bytes,    1744448 total
[2024-02-26T23:17:05.031+0000][7][gc,heap     ] GC(391) Eden regions: 152->0(152)
[2024-02-26T23:17:05.031+0000][7][gc,heap     ] GC(391) Survivor regions: 1->1(20)
[2024-02-26T23:17:05.031+0000][7][gc,heap     ] GC(391) Old regions: 26->26
[2024-02-26T23:17:05.031+0000][7][gc,heap     ] GC(391) Archive regions: 2->2
[2024-02-26T23:17:05.031+0000][7][gc,heap     ] GC(391) Humongous regions: 0->0
[2024-02-26T23:17:05.031+0000][7][gc,metaspace] GC(391) Metaspace: 129023K(132672K)->129023K(132672K) NonClass: 112175K(114112K)->112175K(114112K) Class: 16847K(18560K)->16847K(18560K)
[2024-02-26T23:17:05.031+0000][7][gc          ] GC(391) Pause Young (Normal) (G1 Evacuation Pause) 715M->108M(1024M) 3.019ms
[2024-02-26T23:17:05.031+0000][7][gc,cpu      ] GC(391) User=0.01s Sys=0.00s Real=0.00s
[2024-02-26T23:17:05.031+0000][7][safepoint   ] Safepoint "G1CollectForAllocation", Time since last: 166416225323 ns, Reaching safepoint: 59898 ns, At safepoint: 3118618 ns, Total: 3178516 ns
[2024-02-26T23:20:20.053+0000][7][gc,start    ] GC(392) Pause Young (Normal) (G1 Evacuation Pause)
[2024-02-26T23:20:20.053+0000][7][gc,task     ] GC(392) Using 8 workers of 8 for evacuation
[2024-02-26T23:20:20.053+0000][7][gc,age      ] GC(392) Desired survivor size 41943040 bytes, new threshold 15 (max threshold 15)
[2024-02-26T23:20:20.055+0000][7][gc,phases   ] GC(392)   Pre Evacuate Collection Set: 0.1ms
[2024-02-26T23:20:20.055+0000][7][gc,phases   ] GC(392)   Merge Heap Roots: 0.1ms
[2024-02-26T23:20:20.055+0000][7][gc,phases   ] GC(392)   Evacuate Collection Set: 1.3ms
[2024-02-26T23:20:20.055+0000][7][gc,phases   ] GC(392)   Post Evacuate Collection Set: 0.8ms
[2024-02-26T23:20:20.055+0000][7][gc,phases   ] GC(392)   Other: 0.1ms
[2024-02-26T23:20:20.055+0000][7][gc,age      ] GC(392) Age table with threshold 15 (max threshold 15)
[2024-02-26T23:20:20.055+0000][7][gc,age      ] GC(392) - age   1:    1440656 bytes,    1440656 total
[2024-02-26T23:20:20.055+0000][7][gc,age      ] GC(392) - age   2:       3680 bytes,    1444336 total
[2024-02-26T23:20:20.055+0000][7][gc,age      ] GC(392) - age   4:        392 bytes,    1444728 total
[2024-02-26T23:20:20.055+0000][7][gc,age      ] GC(392) - age   5:        216 bytes,    1444944 total
[2024-02-26T23:20:20.055+0000][7][gc,age      ] GC(392) - age   6:        184 bytes,    1445128 total
[2024-02-26T23:20:20.055+0000][7][gc,age      ] GC(392) - age   8:        184 bytes,    1445312 total
[2024-02-26T23:20:20.055+0000][7][gc,age      ] GC(392) - age   9:       4848 bytes,    1450160 total
[2024-02-26T23:20:20.055+0000][7][gc,age      ] GC(392) - age  10:      25632 bytes,    1475792 total
[2024-02-26T23:20:20.055+0000][7][gc,age      ] GC(392) - age  11:     224760 bytes,    1700552 total
[2024-02-26T23:20:20.055+0000][7][gc,age      ] GC(392) - age  12:        480 bytes,    1701032 total
[2024-02-26T23:20:20.055+0000][7][gc,age      ] GC(392) - age  13:      75952 bytes,    1776984 total
[2024-02-26T23:20:20.055+0000][7][gc,age      ] GC(392) - age  15:         24 bytes,    1777008 total
[2024-02-26T23:20:20.055+0000][7][gc,heap     ] GC(392) Eden regions: 152->0(152)
[2024-02-26T23:20:20.055+0000][7][gc,heap     ] GC(392) Survivor regions: 1->1(20)
[2024-02-26T23:20:20.055+0000][7][gc,heap     ] GC(392) Old regions: 26->26
[2024-02-26T23:20:20.055+0000][7][gc,heap     ] GC(392) Archive regions: 2->2
[2024-02-26T23:20:20.055+0000][7][gc,heap     ] GC(392) Humongous regions: 0->0
[2024-02-26T23:20:20.055+0000][7][gc,metaspace] GC(392) Metaspace: 129023K(132672K)->129023K(132672K) NonClass: 112175K(114112K)->112175K(114112K) Class: 16847K(18560K)->16847K(18560K)
[2024-02-26T23:20:20.055+0000][7][gc          ] GC(392) Pause Young (Normal) (G1 Evacuation Pause) 716M->108M(1024M) 2.574ms
[2024-02-26T23:20:20.055+0000][7][gc,cpu      ] GC(392) User=0.01s Sys=0.00s Real=0.01s
[2024-02-26T23:20:20.055+0000][7][safepoint   ] Safepoint "G1CollectForAllocation", Time since last: 195021824103 ns, Reaching safepoint: 52958 ns, At safepoint: 2657518 ns, Total: 2710476 ns
[2024-02-26T23:23:35.036+0000][7][gc,start    ] GC(393) Pause Young (Normal) (G1 Evacuation Pause)
[2024-02-26T23:23:35.036+0000][7][gc,task     ] GC(393) Using 8 workers of 8 for evacuation
[2024-02-26T23:23:35.036+0000][7][gc,age      ] GC(393) Desired survivor size 41943040 bytes, new threshold 15 (max threshold 15)
[2024-02-26T23:23:35.038+0000][7][gc,phases   ] GC(393)   Pre Evacuate Collection Set: 0.1ms
[2024-02-26T23:23:35.038+0000][7][gc,phases   ] GC(393)   Merge Heap Roots: 0.1ms
[2024-02-26T23:23:35.038+0000][7][gc,phases   ] GC(393)   Evacuate Collection Set: 1.1ms
[2024-02-26T23:23:35.038+0000][7][gc,phases   ] GC(393)   Post Evacuate Collection Set: 0.6ms
[2024-02-26T23:23:35.038+0000][7][gc,phases   ] GC(393)   Other: 0.1ms
[2024-02-26T23:23:35.038+0000][7][gc,age      ] GC(393) Age table with threshold 15 (max threshold 15)
[2024-02-26T23:23:35.038+0000][7][gc,age      ] GC(393) - age   1:     708232 bytes,     708232 total
[2024-02-26T23:23:35.038+0000][7][gc,age      ] GC(393) - age   2:       6000 bytes,     714232 total
[2024-02-26T23:23:35.038+0000][7][gc,age      ] GC(393) - age   3:       1920 bytes,     716152 total
[2024-02-26T23:23:35.038+0000][7][gc,age      ] GC(393) - age   6:        216 bytes,     716368 total
[2024-02-26T23:23:35.038+0000][7][gc,age      ] GC(393) - age   7:        184 bytes,     716552 total
[2024-02-26T23:23:35.038+0000][7][gc,age      ] GC(393) - age  10:       4848 bytes,     721400 total
[2024-02-26T23:23:35.038+0000][7][gc,age      ] GC(393) - age  11:      25632 bytes,     747032 total
[2024-02-26T23:23:35.038+0000][7][gc,age      ] GC(393) - age  12:     224760 bytes,     971792 total
[2024-02-26T23:23:35.038+0000][7][gc,age      ] GC(393) - age  13:        480 bytes,     972272 total
[2024-02-26T23:23:35.038+0000][7][gc,age      ] GC(393) - age  14:      75952 bytes,    1048224 total
[2024-02-26T23:23:35.038+0000][7][gc,heap     ] GC(393) Eden regions: 152->0(152)
[2024-02-26T23:23:35.038+0000][7][gc,heap     ] GC(393) Survivor regions: 1->1(20)
[2024-02-26T23:23:35.038+0000][7][gc,heap     ] GC(393) Old regions: 26->26
[2024-02-26T23:23:35.038+0000][7][gc,heap     ] GC(393) Archive regions: 2->2
[2024-02-26T23:23:35.038+0000][7][gc,heap     ] GC(393) Humongous regions: 0->0
[2024-02-26T23:23:35.038+0000][7][gc,metaspace] GC(393) Metaspace: 129023K(132672K)->129023K(132672K) NonClass: 112175K(114112K)->112175K(114112K) Class: 16847K(18560K)->16847K(18560K)
[2024-02-26T23:23:35.038+0000][7][gc          ] GC(393) Pause Young (Normal) (G1 Evacuation Pause) 716M->107M(1024M) 2.327ms
[2024-02-26T23:23:35.038+0000][7][gc,cpu      ] GC(393) User=0.01s Sys=0.00s Real=0.00s
[2024-02-26T23:23:35.038+0000][7][safepoint   ] Safepoint "G1CollectForAllocation", Time since last: 194980151669 ns, Reaching safepoint: 71230 ns, At safepoint: 2417731 ns, Total: 2488961 ns
[2024-02-26T23:26:38.052+0000][7][gc,start    ] GC(394) Pause Young (Normal) (G1 Evacuation Pause)
[2024-02-26T23:26:38.052+0000][7][gc,task     ] GC(394) Using 8 workers of 8 for evacuation
[2024-02-26T23:26:38.052+0000][7][gc,age      ] GC(394) Desired survivor size 41943040 bytes, new threshold 15 (max threshold 15)
[2024-02-26T23:26:38.054+0000][7][gc,phases   ] GC(394)   Pre Evacuate Collection Set: 0.1ms
[2024-02-26T23:26:38.054+0000][7][gc,phases   ] GC(394)   Merge Heap Roots: 0.1ms
[2024-02-26T23:26:38.054+0000][7][gc,phases   ] GC(394)   Evacuate Collection Set: 0.9ms
[2024-02-26T23:26:38.054+0000][7][gc,phases   ] GC(394)   Post Evacuate Collection Set: 0.6ms
[2024-02-26T23:26:38.054+0000][7][gc,phases   ] GC(394)   Other: 0.1ms
[2024-02-26T23:26:38.054+0000][7][gc,age      ] GC(394) Age table with threshold 15 (max threshold 15)
[2024-02-26T23:26:38.054+0000][7][gc,age      ] GC(394) - age   1:     529904 bytes,     529904 total
[2024-02-26T23:26:38.054+0000][7][gc,age      ] GC(394) - age   2:       3136 bytes,     533040 total
[2024-02-26T23:26:38.054+0000][7][gc,age      ] GC(394) - age   3:       3768 bytes,     536808 total
[2024-02-26T23:26:38.054+0000][7][gc,age      ] GC(394) - age   4:        784 bytes,     537592 total
[2024-02-26T23:26:38.054+0000][7][gc,age      ] GC(394) - age   7:        184 bytes,     537776 total
[2024-02-26T23:26:38.054+0000][7][gc,age      ] GC(394) - age  11:       4728 bytes,     542504 total
[2024-02-26T23:26:38.054+0000][7][gc,age      ] GC(394) - age  12:      25632 bytes,     568136 total
[2024-02-26T23:26:38.054+0000][7][gc,age      ] GC(394) - age  13:     216744 bytes,     784880 total
[2024-02-26T23:26:38.054+0000][7][gc,age      ] GC(394) - age  14:        480 bytes,     785360 total
[2024-02-26T23:26:38.054+0000][7][gc,age      ] GC(394) - age  15:      75952 bytes,     861312 total
[2024-02-26T23:26:38.054+0000][7][gc,heap     ] GC(394) Eden regions: 152->0(152)
[2024-02-26T23:26:38.054+0000][7][gc,heap     ] GC(394) Survivor regions: 1->1(20)
[2024-02-26T23:26:38.054+0000][7][gc,heap     ] GC(394) Old regions: 26->26
[2024-02-26T23:26:38.054+0000][7][gc,heap     ] GC(394) Archive regions: 2->2
[2024-02-26T23:26:38.054+0000][7][gc,heap     ] GC(394) Humongous regions: 0->0
[2024-02-26T23:26:38.054+0000][7][gc,metaspace] GC(394) Metaspace: 129031K(132672K)->129031K(132672K) NonClass: 112183K(114112K)->112183K(114112K) Class: 16847K(18560K)->16847K(18560K)
[2024-02-26T23:26:38.054+0000][7][gc          ] GC(394) Pause Young (Normal) (G1 Evacuation Pause) 715M->107M(1024M) 2.069ms
[2024-02-26T23:26:38.054+0000][7][gc,cpu      ] GC(394) User=0.01s Sys=0.00s Real=0.01s
[2024-02-26T23:26:38.054+0000][7][safepoint   ] Safepoint "G1CollectForAllocation", Time since last: 183013858570 ns, Reaching safepoint: 50539 ns, At safepoint: 2156018 ns, Total: 2206557 ns
[2024-02-26T23:29:38.060+0000][7][gc,start    ] GC(395) Pause Young (Normal) (G1 Evacuation Pause)
[2024-02-26T23:29:38.061+0000][7][gc,task     ] GC(395) Using 8 workers of 8 for evacuation
[2024-02-26T23:29:38.061+0000][7][gc,age      ] GC(395) Desired survivor size 41943040 bytes, new threshold 15 (max threshold 15)
[2024-02-26T23:29:38.062+0000][7][gc,phases   ] GC(395)   Pre Evacuate Collection Set: 0.1ms
[2024-02-26T23:29:38.062+0000][7][gc,phases   ] GC(395)   Merge Heap Roots: 0.1ms
[2024-02-26T23:29:38.062+0000][7][gc,phases   ] GC(395)   Evacuate Collection Set: 1.0ms
[2024-02-26T23:29:38.062+0000][7][gc,phases   ] GC(395)   Post Evacuate Collection Set: 0.7ms
[2024-02-26T23:29:38.062+0000][7][gc,phases   ] GC(395)   Other: 0.1ms
[2024-02-26T23:29:38.062+0000][7][gc,age      ] GC(395) Age table with threshold 15 (max threshold 15)
[2024-02-26T23:29:38.063+0000][7][gc,age      ] GC(395) - age   1:     436656 bytes,     436656 total
[2024-02-26T23:29:38.063+0000][7][gc,age      ] GC(395) - age   2:     141720 bytes,     578376 total
[2024-02-26T23:29:38.063+0000][7][gc,age      ] GC(395) - age   3:        768 bytes,     579144 total
[2024-02-26T23:29:38.063+0000][7][gc,age      ] GC(395) - age   4:        184 bytes,     579328 total
[2024-02-26T23:29:38.063+0000][7][gc,age      ] GC(395) - age   5:        784 bytes,     580112 total
[2024-02-26T23:29:38.063+0000][7][gc,age      ] GC(395) - age  12:       4728 bytes,     584840 total
[2024-02-26T23:29:38.063+0000][7][gc,age      ] GC(395) - age  13:      25632 bytes,     610472 total
[2024-02-26T23:29:38.063+0000][7][gc,age      ] GC(395) - age  14:     216744 bytes,     827216 total
[2024-02-26T23:29:38.063+0000][7][gc,age      ] GC(395) - age  15:        480 bytes,     827696 total
[2024-02-26T23:29:38.063+0000][7][gc,heap     ] GC(395) Eden regions: 152->0(152)
[2024-02-26T23:29:38.063+0000][7][gc,heap     ] GC(395) Survivor regions: 1->1(20)
[2024-02-26T23:29:38.063+0000][7][gc,heap     ] GC(395) Old regions: 26->26
[2024-02-26T23:29:38.063+0000][7][gc,heap     ] GC(395) Archive regions: 2->2
[2024-02-26T23:29:38.063+0000][7][gc,heap     ] GC(395) Humongous regions: 0->0
[2024-02-26T23:29:38.063+0000][7][gc,metaspace] GC(395) Metaspace: 129031K(132672K)->129031K(132672K) NonClass: 112183K(114112K)->112183K(114112K) Class: 16847K(18560K)->16847K(18560K)
[2024-02-26T23:29:38.063+0000][7][gc          ] GC(395) Pause Young (Normal) (G1 Evacuation Pause) 715M->107M(1024M) 2.121ms
[2024-02-26T23:29:38.063+0000][7][gc,cpu      ] GC(395) User=0.00s Sys=0.01s Real=0.00s
[2024-02-26T23:29:38.063+0000][7][safepoint   ] Safepoint "G1CollectForAllocation", Time since last: 180006195746 ns, Reaching safepoint: 52706 ns, At safepoint: 2204717 ns, Total: 2257423 ns
[2024-02-26T23:32:29.111+0000][7][gc,start    ] GC(396) Pause Young (Normal) (G1 Evacuation Pause)
[2024-02-26T23:32:29.111+0000][7][gc,task     ] GC(396) Using 8 workers of 8 for evacuation
[2024-02-26T23:32:29.111+0000][7][gc,age      ] GC(396) Desired survivor size 41943040 bytes, new threshold 15 (max threshold 15)
[2024-02-26T23:32:29.116+0000][7][gc,phases   ] GC(396)   Pre Evacuate Collection Set: 0.1ms
[2024-02-26T23:32:29.116+0000][7][gc,phases   ] GC(396)   Merge Heap Roots: 0.1ms
[2024-02-26T23:32:29.116+0000][7][gc,phases   ] GC(396)   Evacuate Collection Set: 3.3ms
[2024-02-26T23:32:29.116+0000][7][gc,phases   ] GC(396)   Post Evacuate Collection Set: 1.0ms
[2024-02-26T23:32:29.116+0000][7][gc,phases   ] GC(396)   Other: 0.1ms
[2024-02-26T23:32:29.116+0000][7][gc,age      ] GC(396) Age table with threshold 15 (max threshold 15)
[2024-02-26T23:32:29.116+0000][7][gc,age      ] GC(396) - age   1:     989928 bytes,     989928 total
[2024-02-26T23:32:29.116+0000][7][gc,age      ] GC(396) - age   2:       5384 bytes,     995312 total
[2024-02-26T23:32:29.116+0000][7][gc,age      ] GC(396) - age   3:     140896 bytes,    1136208 total
[2024-02-26T23:32:29.116+0000][7][gc,age      ] GC(396) - age   4:        584 bytes,    1136792 total
[2024-02-26T23:32:29.116+0000][7][gc,age      ] GC(396) - age   5:        184 bytes,    1136976 total
[2024-02-26T23:32:29.116+0000][7][gc,age      ] GC(396) - age   6:        784 bytes,    1137760 total
[2024-02-26T23:32:29.116+0000][7][gc,age      ] GC(396) - age  13:       4728 bytes,    1142488 total
[2024-02-26T23:32:29.116+0000][7][gc,age      ] GC(396) - age  14:      25632 bytes,    1168120 total
[2024-02-26T23:32:29.116+0000][7][gc,age      ] GC(396) - age  15:     216744 bytes,    1384864 total
[2024-02-26T23:32:29.116+0000][7][gc,heap     ] GC(396) Eden regions: 152->0(152)
[2024-02-26T23:32:29.116+0000][7][gc,heap     ] GC(396) Survivor regions: 1->1(20)
[2024-02-26T23:32:29.116+0000][7][gc,heap     ] GC(396) Old regions: 26->26
[2024-02-26T23:32:29.116+0000][7][gc,heap     ] GC(396) Archive regions: 2->2
[2024-02-26T23:32:29.116+0000][7][gc,heap     ] GC(396) Humongous regions: 0->0
[2024-02-26T23:32:29.116+0000][7][gc,metaspace] GC(396) Metaspace: 129031K(132672K)->129031K(132672K) NonClass: 112183K(114112K)->112183K(114112K) Class: 16847K(18560K)->16847K(18560K)
[2024-02-26T23:32:29.116+0000][7][gc          ] GC(396) Pause Young (Normal) (G1 Evacuation Pause) 715M->107M(1024M) 4.819ms
[2024-02-26T23:32:29.116+0000][7][gc,cpu      ] GC(396) User=0.02s Sys=0.00s Real=0.01s
[2024-02-26T23:32:29.116+0000][7][safepoint   ] Safepoint "G1CollectForAllocation", Time since last: 171048263436 ns, Reaching safepoint: 60927 ns, At safepoint: 4920108 ns, Total: 4981035 ns
[2024-02-26T23:35:41.118+0000][7][gc,start    ] GC(397) Pause Young (Normal) (G1 Evacuation Pause)
[2024-02-26T23:35:41.118+0000][7][gc,task     ] GC(397) Using 8 workers of 8 for evacuation
[2024-02-26T23:35:41.118+0000][7][gc,age      ] GC(397) Desired survivor size 41943040 bytes, new threshold 15 (max threshold 15)
[2024-02-26T23:35:41.121+0000][7][gc,phases   ] GC(397)   Pre Evacuate Collection Set: 0.1ms
[2024-02-26T23:35:41.121+0000][7][gc,phases   ] GC(397)   Merge Heap Roots: 0.1ms
[2024-02-26T23:35:41.121+0000][7][gc,phases   ] GC(397)   Evacuate Collection Set: 1.6ms
[2024-02-26T23:35:41.121+0000][7][gc,phases   ] GC(397)   Post Evacuate Collection Set: 1.3ms
[2024-02-26T23:35:41.121+0000][7][gc,phases   ] GC(397)   Other: 0.1ms
[2024-02-26T23:35:41.121+0000][7][gc,age      ] GC(397) Age table with threshold 15 (max threshold 15)
[2024-02-26T23:35:41.121+0000][7][gc,age      ] GC(397) - age   1:     495352 bytes,     495352 total
[2024-02-26T23:35:41.121+0000][7][gc,age      ] GC(397) - age   2:      10152 bytes,     505504 total
[2024-02-26T23:35:41.121+0000][7][gc,age      ] GC(397) - age   3:       3768 bytes,     509272 total
[2024-02-26T23:35:41.121+0000][7][gc,age      ] GC(397) - age   4:     131968 bytes,     641240 total
[2024-02-26T23:35:41.121+0000][7][gc,age      ] GC(397) - age   5:        584 bytes,     641824 total
[2024-02-26T23:35:41.121+0000][7][gc,age      ] GC(397) - age   6:        184 bytes,     642008 total
[2024-02-26T23:35:41.121+0000][7][gc,age      ] GC(397) - age   7:        184 bytes,     642192 total
[2024-02-26T23:35:41.121+0000][7][gc,age      ] GC(397) - age  14:       4728 bytes,     646920 total
[2024-02-26T23:35:41.121+0000][7][gc,age      ] GC(397) - age  15:      25632 bytes,     672552 total
[2024-02-26T23:35:41.121+0000][7][gc,heap     ] GC(397) Eden regions: 152->0(152)
[2024-02-26T23:35:41.121+0000][7][gc,heap     ] GC(397) Survivor regions: 1->1(20)
[2024-02-26T23:35:41.121+0000][7][gc,heap     ] GC(397) Old regions: 26->26
[2024-02-26T23:35:41.121+0000][7][gc,heap     ] GC(397) Archive regions: 2->2
[2024-02-26T23:35:41.121+0000][7][gc,heap     ] GC(397) Humongous regions: 0->0
[2024-02-26T23:35:41.121+0000][7][gc,metaspace] GC(397) Metaspace: 129031K(132672K)->129031K(132672K) NonClass: 112183K(114112K)->112183K(114112K) Class: 16847K(18560K)->16847K(18560K)
[2024-02-26T23:35:41.121+0000][7][gc          ] GC(397) Pause Young (Normal) (G1 Evacuation Pause) 715M->107M(1024M) 3.579ms
[2024-02-26T23:35:41.121+0000][7][gc,cpu      ] GC(397) User=0.01s Sys=0.00s Real=0.00s
[2024-02-26T23:35:41.121+0000][7][safepoint   ] Safepoint "G1CollectForAllocation", Time since last: 192001648659 ns, Reaching safepoint: 107604 ns, At safepoint: 3675894 ns, Total: 3783498 ns
[2024-02-26T23:38:54.216+0000][7][gc,start    ] GC(398) Pause Young (Normal) (G1 Evacuation Pause)
[2024-02-26T23:38:54.216+0000][7][gc,task     ] GC(398) Using 8 workers of 8 for evacuation
[2024-02-26T23:38:54.216+0000][7][gc,age      ] GC(398) Desired survivor size 41943040 bytes, new threshold 15 (max threshold 15)
[2024-02-26T23:38:54.218+0000][7][gc,phases   ] GC(398)   Pre Evacuate Collection Set: 0.1ms
[2024-02-26T23:38:54.218+0000][7][gc,phases   ] GC(398)   Merge Heap Roots: 0.0ms
[2024-02-26T23:38:54.218+0000][7][gc,phases   ] GC(398)   Evacuate Collection Set: 0.9ms
[2024-02-26T23:38:54.218+0000][7][gc,phases   ] GC(398)   Post Evacuate Collection Set: 0.5ms
[2024-02-26T23:38:54.218+0000][7][gc,phases   ] GC(398)   Other: 0.1ms
[2024-02-26T23:38:54.218+0000][7][gc,age      ] GC(398) Age table with threshold 15 (max threshold 15)
[2024-02-26T23:38:54.218+0000][7][gc,age      ] GC(398) - age   1:    1672232 bytes,    1672232 total
[2024-02-26T23:38:54.218+0000][7][gc,age      ] GC(398) - age   2:      10288 bytes,    1682520 total
[2024-02-26T23:38:54.218+0000][7][gc,age      ] GC(398) - age   3:       8448 bytes,    1690968 total
[2024-02-26T23:38:54.218+0000][7][gc,age      ] GC(398) - age   4:        184 bytes,    1691152 total
[2024-02-26T23:38:54.218+0000][7][gc,age      ] GC(398) - age   5:     131840 bytes,    1822992 total
[2024-02-26T23:38:54.218+0000][7][gc,age      ] GC(398) - age   7:        184 bytes,    1823176 total
[2024-02-26T23:38:54.218+0000][7][gc,age      ] GC(398) - age  15:       4728 bytes,    1827904 total
[2024-02-26T23:38:54.218+0000][7][gc,heap     ] GC(398) Eden regions: 152->0(152)
[2024-02-26T23:38:54.218+0000][7][gc,heap     ] GC(398) Survivor regions: 1->1(20)
[2024-02-26T23:38:54.218+0000][7][gc,heap     ] GC(398) Old regions: 26->26
[2024-02-26T23:38:54.218+0000][7][gc,heap     ] GC(398) Archive regions: 2->2
[2024-02-26T23:38:54.218+0000][7][gc,heap     ] GC(398) Humongous regions: 0->0
[2024-02-26T23:38:54.218+0000][7][gc,metaspace] GC(398) Metaspace: 129031K(132672K)->129031K(132672K) NonClass: 112183K(114112K)->112183K(114112K) Class: 16847K(18560K)->16847K(18560K)
[2024-02-26T23:38:54.218+0000][7][gc          ] GC(398) Pause Young (Normal) (G1 Evacuation Pause) 715M->108M(1024M) 1.881ms
[2024-02-26T23:38:54.218+0000][7][gc,cpu      ] GC(398) User=0.00s Sys=0.01s Real=0.00s
[2024-02-26T23:38:54.218+0000][7][safepoint   ] Safepoint "G1CollectForAllocation", Time since last: 193094565266 ns, Reaching safepoint: 36926 ns, At safepoint: 1950460 ns, Total: 1987386 ns
[2024-02-26T23:42:08.082+0000][7][gc,start    ] GC(399) Pause Young (Normal) (G1 Evacuation Pause)
[2024-02-26T23:42:08.082+0000][7][gc,task     ] GC(399) Using 8 workers of 8 for evacuation
[2024-02-26T23:42:08.082+0000][7][gc,age      ] GC(399) Desired survivor size 41943040 bytes, new threshold 15 (max threshold 15)
[2024-02-26T23:42:08.085+0000][7][gc,phases   ] GC(399)   Pre Evacuate Collection Set: 0.1ms
[2024-02-26T23:42:08.085+0000][7][gc,phases   ] GC(399)   Merge Heap Roots: 0.1ms
[2024-02-26T23:42:08.085+0000][7][gc,phases   ] GC(399)   Evacuate Collection Set: 1.7ms
[2024-02-26T23:42:08.085+0000][7][gc,phases   ] GC(399)   Post Evacuate Collection Set: 0.8ms
[2024-02-26T23:42:08.085+0000][7][gc,phases   ] GC(399)   Other: 0.1ms
[2024-02-26T23:42:08.085+0000][7][gc,age      ] GC(399) Age table with threshold 15 (max threshold 15)
[2024-02-26T23:42:08.085+0000][7][gc,age      ] GC(399) - age   1:    1653608 bytes,    1653608 total
[2024-02-26T23:42:08.085+0000][7][gc,age      ] GC(399) - age   2:       6176 bytes,    1659784 total
[2024-02-26T23:42:08.085+0000][7][gc,age      ] GC(399) - age   3:       9416 bytes,    1669200 total
[2024-02-26T23:42:08.085+0000][7][gc,age      ] GC(399) - age   4:       8384 bytes,    1677584 total
[2024-02-26T23:42:08.085+0000][7][gc,age      ] GC(399) - age   6:     131840 bytes,    1809424 total
[2024-02-26T23:42:08.085+0000][7][gc,age      ] GC(399) - age   8:        184 bytes,    1809608 total
[2024-02-26T23:42:08.085+0000][7][gc,heap     ] GC(399) Eden regions: 152->0(152)
[2024-02-26T23:42:08.085+0000][7][gc,heap     ] GC(399) Survivor regions: 1->1(20)
[2024-02-26T23:42:08.085+0000][7][gc,heap     ] GC(399) Old regions: 26->26
[2024-02-26T23:42:08.085+0000][7][gc,heap     ] GC(399) Archive regions: 2->2
[2024-02-26T23:42:08.085+0000][7][gc,heap     ] GC(399) Humongous regions: 0->0
[2024-02-26T23:42:08.085+0000][7][gc,metaspace] GC(399) Metaspace: 129031K(132672K)->129031K(132672K) NonClass: 112183K(114112K)->112183K(114112K) Class: 16847K(18560K)->16847K(18560K)
[2024-02-26T23:42:08.085+0000][7][gc          ] GC(399) Pause Young (Normal) (G1 Evacuation Pause) 716M->108M(1024M) 3.055ms
[2024-02-26T23:42:08.085+0000][7][gc,cpu      ] GC(399) User=0.02s Sys=0.00s Real=0.00s
[2024-02-26T23:42:08.085+0000][7][safepoint   ] Safepoint "G1CollectForAllocation", Time since last: 193863827833 ns, Reaching safepoint: 91355 ns, At safepoint: 3148844 ns, Total: 3240199 ns
[2024-02-26T23:45:23.123+0000][7][gc,start    ] GC(400) Pause Young (Normal) (G1 Evacuation Pause)
[2024-02-26T23:45:23.123+0000][7][gc,task     ] GC(400) Using 8 workers of 8 for evacuation
[2024-02-26T23:45:23.123+0000][7][gc,age      ] GC(400) Desired survivor size 41943040 bytes, new threshold 15 (max threshold 15)
[2024-02-26T23:45:23.125+0000][7][gc,phases   ] GC(400)   Pre Evacuate Collection Set: 0.1ms
[2024-02-26T23:45:23.125+0000][7][gc,phases   ] GC(400)   Merge Heap Roots: 0.1ms
[2024-02-26T23:45:23.125+0000][7][gc,phases   ] GC(400)   Evacuate Collection Set: 0.9ms
[2024-02-26T23:45:23.125+0000][7][gc,phases   ] GC(400)   Post Evacuate Collection Set: 0.6ms
[2024-02-26T23:45:23.125+0000][7][gc,phases   ] GC(400)   Other: 0.1ms
[2024-02-26T23:45:23.125+0000][7][gc,age      ] GC(400) Age table with threshold 15 (max threshold 15)
[2024-02-26T23:45:23.125+0000][7][gc,age      ] GC(400) - age   1:     846016 bytes,     846016 total
[2024-02-26T23:45:23.125+0000][7][gc,age      ] GC(400) - age   2:     106280 bytes,     952296 total
[2024-02-26T23:45:23.125+0000][7][gc,age      ] GC(400) - age   3:       4528 bytes,     956824 total
[2024-02-26T23:45:23.125+0000][7][gc,age      ] GC(400) - age   4:       1152 bytes,     957976 total
[2024-02-26T23:45:23.125+0000][7][gc,age      ] GC(400) - age   5:       8384 bytes,     966360 total
[2024-02-26T23:45:23.125+0000][7][gc,age      ] GC(400) - age   7:     131840 bytes,    1098200 total
[2024-02-26T23:45:23.125+0000][7][gc,heap     ] GC(400) Eden regions: 152->0(152)
[2024-02-26T23:45:23.125+0000][7][gc,heap     ] GC(400) Survivor regions: 1->1(20)
[2024-02-26T23:45:23.125+0000][7][gc,heap     ] GC(400) Old regions: 26->26
[2024-02-26T23:45:23.125+0000][7][gc,heap     ] GC(400) Archive regions: 2->2
[2024-02-26T23:45:23.125+0000][7][gc,heap     ] GC(400) Humongous regions: 0->0
[2024-02-26T23:45:23.125+0000][7][gc,metaspace] GC(400) Metaspace: 129031K(132672K)->129031K(132672K) NonClass: 112183K(114112K)->112183K(114112K) Class: 16847K(18560K)->16847K(18560K)
[2024-02-26T23:45:23.125+0000][7][gc          ] GC(400) Pause Young (Normal) (G1 Evacuation Pause) 716M->107M(1024M) 1.929ms
[2024-02-26T23:45:23.125+0000][7][gc,cpu      ] GC(400) User=0.01s Sys=0.00s Real=0.00s
[2024-02-26T23:45:23.125+0000][7][safepoint   ] Safepoint "G1CollectForAllocation", Time since last: 195037894504 ns, Reaching safepoint: 67897 ns, At safepoint: 2014945 ns, Total: 2082842 ns
[2024-02-26T23:48:29.167+0000][7][gc,start    ] GC(401) Pause Young (Normal) (G1 Evacuation Pause)
[2024-02-26T23:48:29.167+0000][7][gc,task     ] GC(401) Using 8 workers of 8 for evacuation
[2024-02-26T23:48:29.167+0000][7][gc,age      ] GC(401) Desired survivor size 41943040 bytes, new threshold 15 (max threshold 15)
[2024-02-26T23:48:29.169+0000][7][gc,phases   ] GC(401)   Pre Evacuate Collection Set: 0.1ms
[2024-02-26T23:48:29.169+0000][7][gc,phases   ] GC(401)   Merge Heap Roots: 0.1ms
[2024-02-26T23:48:29.169+0000][7][gc,phases   ] GC(401)   Evacuate Collection Set: 0.7ms
[2024-02-26T23:48:29.169+0000][7][gc,phases   ] GC(401)   Post Evacuate Collection Set: 0.6ms
[2024-02-26T23:48:29.169+0000][7][gc,phases   ] GC(401)   Other: 0.1ms
[2024-02-26T23:48:29.169+0000][7][gc,age      ] GC(401) Age table with threshold 15 (max threshold 15)
[2024-02-26T23:48:29.169+0000][7][gc,age      ] GC(401) - age   1:     428304 bytes,     428304 total
[2024-02-26T23:48:29.169+0000][7][gc,age      ] GC(401) - age   2:     152792 bytes,     581096 total
[2024-02-26T23:48:29.169+0000][7][gc,age      ] GC(401) - age   3:     102536 bytes,     683632 total
[2024-02-26T23:48:29.169+0000][7][gc,age      ] GC(401) - age   4:        784 bytes,     684416 total
[2024-02-26T23:48:29.169+0000][7][gc,age      ] GC(401) - age   5:        440 bytes,     684856 total
[2024-02-26T23:48:29.169+0000][7][gc,age      ] GC(401) - age   6:        184 bytes,     685040 total
[2024-02-26T23:48:29.169+0000][7][gc,age      ] GC(401) - age   8:     131808 bytes,     816848 total
[2024-02-26T23:48:29.169+0000][7][gc,heap     ] GC(401) Eden regions: 152->0(152)
[2024-02-26T23:48:29.169+0000][7][gc,heap     ] GC(401) Survivor regions: 1->1(20)
[2024-02-26T23:48:29.169+0000][7][gc,heap     ] GC(401) Old regions: 26->26
[2024-02-26T23:48:29.169+0000][7][gc,heap     ] GC(401) Archive regions: 2->2
[2024-02-26T23:48:29.169+0000][7][gc,heap     ] GC(401) Humongous regions: 0->0
[2024-02-26T23:48:29.169+0000][7][gc,metaspace] GC(401) Metaspace: 129031K(132672K)->129031K(132672K) NonClass: 112183K(114112K)->112183K(114112K) Class: 16847K(18560K)->16847K(18560K)
[2024-02-26T23:48:29.169+0000][7][gc          ] GC(401) Pause Young (Normal) (G1 Evacuation Pause) 715M->107M(1024M) 1.766ms
[2024-02-26T23:48:29.169+0000][7][gc,cpu      ] GC(401) User=0.01s Sys=0.00s Real=0.00s
[2024-02-26T23:48:29.169+0000][7][safepoint   ] Safepoint "G1CollectForAllocation", Time since last: 186042095844 ns, Reaching safepoint: 70639 ns, At safepoint: 1838917 ns, Total: 1909556 ns
[2024-02-26T23:49:21.174+0000][7][safepoint   ] Safepoint "Cleanup", Time since last: 52005255475 ns, Reaching safepoint: 184282 ns, At safepoint: 35495 ns, Total: 219777 ns
[2024-02-26T23:51:47.110+0000][7][gc,start    ] GC(402) Pause Young (Normal) (G1 Evacuation Pause)
[2024-02-26T23:51:47.110+0000][7][gc,task     ] GC(402) Using 8 workers of 8 for evacuation
[2024-02-26T23:51:47.110+0000][7][gc,age      ] GC(402) Desired survivor size 41943040 bytes, new threshold 15 (max threshold 15)
[2024-02-26T23:51:47.112+0000][7][gc,phases   ] GC(402)   Pre Evacuate Collection Set: 0.1ms
[2024-02-26T23:51:47.112+0000][7][gc,phases   ] GC(402)   Merge Heap Roots: 0.0ms
[2024-02-26T23:51:47.112+0000][7][gc,phases   ] GC(402)   Evacuate Collection Set: 1.1ms
[2024-02-26T23:51:47.112+0000][7][gc,phases   ] GC(402)   Post Evacuate Collection Set: 0.6ms
[2024-02-26T23:51:47.112+0000][7][gc,phases   ] GC(402)   Other: 0.1ms
[2024-02-26T23:51:47.112+0000][7][gc,age      ] GC(402) Age table with threshold 15 (max threshold 15)
[2024-02-26T23:51:47.112+0000][7][gc,age      ] GC(402) - age   1:    1300672 bytes,    1300672 total
[2024-02-26T23:51:47.112+0000][7][gc,age      ] GC(402) - age   2:      85976 bytes,    1386648 total
[2024-02-26T23:51:47.112+0000][7][gc,age      ] GC(402) - age   3:     151728 bytes,    1538376 total
[2024-02-26T23:51:47.112+0000][7][gc,age      ] GC(402) - age   4:     102536 bytes,    1640912 total
[2024-02-26T23:51:47.112+0000][7][gc,age      ] GC(402) - age   5:        784 bytes,    1641696 total
[2024-02-26T23:51:47.112+0000][7][gc,age      ] GC(402) - age   6:        440 bytes,    1642136 total
[2024-02-26T23:51:47.112+0000][7][gc,age      ] GC(402) - age   7:        184 bytes,    1642320 total
[2024-02-26T23:51:47.112+0000][7][gc,age      ] GC(402) - age   9:     131624 bytes,    1773944 total
[2024-02-26T23:51:47.112+0000][7][gc,heap     ] GC(402) Eden regions: 152->0(152)
[2024-02-26T23:51:47.112+0000][7][gc,heap     ] GC(402) Survivor regions: 1->1(20)
[2024-02-26T23:51:47.112+0000][7][gc,heap     ] GC(402) Old regions: 26->26
[2024-02-26T23:51:47.112+0000][7][gc,heap     ] GC(402) Archive regions: 2->2
[2024-02-26T23:51:47.112+0000][7][gc,heap     ] GC(402) Humongous regions: 0->0
[2024-02-26T23:51:47.112+0000][7][gc,metaspace] GC(402) Metaspace: 129031K(132672K)->129031K(132672K) NonClass: 112183K(114112K)->112183K(114112K) Class: 16847K(18560K)->16847K(18560K)
[2024-02-26T23:51:47.112+0000][7][gc          ] GC(402) Pause Young (Normal) (G1 Evacuation Pause) 715M->108M(1024M) 2.143ms
[2024-02-26T23:51:47.112+0000][7][gc,cpu      ] GC(402) User=0.01s Sys=0.00s Real=0.00s
[2024-02-26T23:51:47.112+0000][7][safepoint   ] Safepoint "G1CollectForAllocation", Time since last: 145935693587 ns, Reaching safepoint: 44469 ns, At safepoint: 2230673 ns, Total: 2275142 ns
[2024-02-26T23:54:53.163+0000][7][gc,start    ] GC(403) Pause Young (Normal) (G1 Evacuation Pause)
[2024-02-26T23:54:53.164+0000][7][gc,task     ] GC(403) Using 8 workers of 8 for evacuation
[2024-02-26T23:54:53.164+0000][7][gc,age      ] GC(403) Desired survivor size 41943040 bytes, new threshold 15 (max threshold 15)
[2024-02-26T23:54:53.166+0000][7][gc,phases   ] GC(403)   Pre Evacuate Collection Set: 0.1ms
[2024-02-26T23:54:53.166+0000][7][gc,phases   ] GC(403)   Merge Heap Roots: 0.1ms
[2024-02-26T23:54:53.166+0000][7][gc,phases   ] GC(403)   Evacuate Collection Set: 1.3ms
[2024-02-26T23:54:53.166+0000][7][gc,phases   ] GC(403)   Post Evacuate Collection Set: 0.6ms
[2024-02-26T23:54:53.166+0000][7][gc,phases   ] GC(403)   Other: 0.1ms
[2024-02-26T23:54:53.166+0000][7][gc,age      ] GC(403) Age table with threshold 15 (max threshold 15)
[2024-02-26T23:54:53.166+0000][7][gc,age      ] GC(403) - age   1:    1047408 bytes,    1047408 total
[2024-02-26T23:54:53.166+0000][7][gc,age      ] GC(403) - age   2:      20368 bytes,    1067776 total
[2024-02-26T23:54:53.166+0000][7][gc,age      ] GC(403) - age   3:      85032 bytes,    1152808 total
[2024-02-26T23:54:53.166+0000][7][gc,age      ] GC(403) - age   4:     151120 bytes,    1303928 total
[2024-02-26T23:54:53.166+0000][7][gc,age      ] GC(403) - age   5:     102536 bytes,    1406464 total
[2024-02-26T23:54:53.166+0000][7][gc,age      ] GC(403) - age   6:        392 bytes,    1406856 total
[2024-02-26T23:54:53.166+0000][7][gc,age      ] GC(403) - age   7:         56 bytes,    1406912 total
[2024-02-26T23:54:53.166+0000][7][gc,age      ] GC(403) - age  10:     131624 bytes,    1538536 total
[2024-02-26T23:54:53.166+0000][7][gc,heap     ] GC(403) Eden regions: 152->0(152)
[2024-02-26T23:54:53.166+0000][7][gc,heap     ] GC(403) Survivor regions: 1->1(20)
[2024-02-26T23:54:53.166+0000][7][gc,heap     ] GC(403) Old regions: 26->26
[2024-02-26T23:54:53.166+0000][7][gc,heap     ] GC(403) Archive regions: 2->2
[2024-02-26T23:54:53.166+0000][7][gc,heap     ] GC(403) Humongous regions: 0->0
[2024-02-26T23:54:53.166+0000][7][gc,metaspace] GC(403) Metaspace: 129031K(132672K)->129031K(132672K) NonClass: 112183K(114112K)->112183K(114112K) Class: 16847K(18560K)->16847K(18560K)
[2024-02-26T23:54:53.166+0000][7][gc          ] GC(403) Pause Young (Normal) (G1 Evacuation Pause) 716M->108M(1024M) 2.486ms
[2024-02-26T23:54:53.166+0000][7][gc,cpu      ] GC(403) User=0.01s Sys=0.00s Real=0.01s
[2024-02-26T23:54:53.166+0000][7][safepoint   ] Safepoint "G1CollectForAllocation", Time since last: 186051019808 ns, Reaching safepoint: 50916 ns, At safepoint: 2574835 ns, Total: 2625751 ns
[2024-02-26T23:55:35.171+0000][7][safepoint   ] Safepoint "Cleanup", Time since last: 42004942845 ns, Reaching safepoint: 59909 ns, At safepoint: 8591 ns, Total: 68500 ns
[2024-02-26T23:56:17.176+0000][7][safepoint   ] Safepoint "Cleanup", Time since last: 42004603064 ns, Reaching safepoint: 112513 ns, At safepoint: 24576 ns, Total: 137089 ns
[2024-02-26T23:58:05.253+0000][7][gc,start    ] GC(404) Pause Young (Normal) (G1 Evacuation Pause)
[2024-02-26T23:58:05.254+0000][7][gc,task     ] GC(404) Using 8 workers of 8 for evacuation
[2024-02-26T23:58:05.254+0000][7][gc,age      ] GC(404) Desired survivor size 41943040 bytes, new threshold 15 (max threshold 15)
[2024-02-26T23:58:05.255+0000][7][gc,phases   ] GC(404)   Pre Evacuate Collection Set: 0.1ms
[2024-02-26T23:58:05.255+0000][7][gc,phases   ] GC(404)   Merge Heap Roots: 0.0ms
[2024-02-26T23:58:05.255+0000][7][gc,phases   ] GC(404)   Evacuate Collection Set: 1.1ms
[2024-02-26T23:58:05.255+0000][7][gc,phases   ] GC(404)   Post Evacuate Collection Set: 0.6ms
[2024-02-26T23:58:05.255+0000][7][gc,phases   ] GC(404)   Other: 0.1ms
[2024-02-26T23:58:05.256+0000][7][gc,age      ] GC(404) Age table with threshold 15 (max threshold 15)
[2024-02-26T23:58:05.256+0000][7][gc,age      ] GC(404) - age   1:    1986168 bytes,    1986168 total
[2024-02-26T23:58:05.256+0000][7][gc,age      ] GC(404) - age   2:      12736 bytes,    1998904 total
[2024-02-26T23:58:05.256+0000][7][gc,age      ] GC(404) - age   3:       9824 bytes,    2008728 total
[2024-02-26T23:58:05.256+0000][7][gc,age      ] GC(404) - age   4:      84344 bytes,    2093072 total
[2024-02-26T23:58:05.256+0000][7][gc,age      ] GC(404) - age   5:     151120 bytes,    2244192 total
[2024-02-26T23:58:05.256+0000][7][gc,age      ] GC(404) - age   6:     102536 bytes,    2346728 total
[2024-02-26T23:58:05.256+0000][7][gc,age      ] GC(404) - age   7:        208 bytes,    2346936 total
[2024-02-26T23:58:05.256+0000][7][gc,age      ] GC(404) - age   8:         24 bytes,    2346960 total
[2024-02-26T23:58:05.256+0000][7][gc,age      ] GC(404) - age  11:     131624 bytes,    2478584 total
[2024-02-26T23:58:05.256+0000][7][gc,heap     ] GC(404) Eden regions: 152->0(152)
[2024-02-26T23:58:05.256+0000][7][gc,heap     ] GC(404) Survivor regions: 1->1(20)
[2024-02-26T23:58:05.256+0000][7][gc,heap     ] GC(404) Old regions: 26->26
[2024-02-26T23:58:05.256+0000][7][gc,heap     ] GC(404) Archive regions: 2->2
[2024-02-26T23:58:05.256+0000][7][gc,heap     ] GC(404) Humongous regions: 0->0
[2024-02-26T23:58:05.256+0000][7][gc,metaspace] GC(404) Metaspace: 129031K(132672K)->129031K(132672K) NonClass: 112183K(114112K)->112183K(114112K) Class: 16847K(18560K)->16847K(18560K)
[2024-02-26T23:58:05.256+0000][7][gc          ] GC(404) Pause Young (Normal) (G1 Evacuation Pause) 716M->109M(1024M) 2.089ms
[2024-02-26T23:58:05.256+0000][7][gc,cpu      ] GC(404) User=0.01s Sys=0.00s Real=0.01s
[2024-02-26T23:58:05.256+0000][7][safepoint   ] Safepoint "G1CollectForAllocation", Time since last: 108077640577 ns, Reaching safepoint: 38382 ns, At safepoint: 2157903 ns, Total: 2196285 ns
[2024-02-27T00:00:02.270+0000][7][safepoint   ] Safepoint "Cleanup", Time since last: 117014191550 ns, Reaching safepoint: 100615 ns, At safepoint: 5935 ns, Total: 106550 ns
[2024-02-27T00:00:21.272+0000][7][safepoint   ] Safepoint "Cleanup", Time since last: 19002211545 ns, Reaching safepoint: 128756 ns, At safepoint: 27652 ns, Total: 156408 ns
[2024-02-27T00:01:11.176+0000][7][gc,start    ] GC(405) Pause Young (Normal) (G1 Evacuation Pause)
[2024-02-27T00:01:11.176+0000][7][gc,task     ] GC(405) Using 8 workers of 8 for evacuation
[2024-02-27T00:01:11.176+0000][7][gc,age      ] GC(405) Desired survivor size 41943040 bytes, new threshold 15 (max threshold 15)
[2024-02-27T00:01:11.178+0000][7][gc,phases   ] GC(405)   Pre Evacuate Collection Set: 0.1ms
[2024-02-27T00:01:11.178+0000][7][gc,phases   ] GC(405)   Merge Heap Roots: 0.1ms
[2024-02-27T00:01:11.178+0000][7][gc,phases   ] GC(405)   Evacuate Collection Set: 1.2ms
[2024-02-27T00:01:11.178+0000][7][gc,phases   ] GC(405)   Post Evacuate Collection Set: 0.6ms
[2024-02-27T00:01:11.178+0000][7][gc,phases   ] GC(405)   Other: 0.1ms
[2024-02-27T00:01:11.178+0000][7][gc,age      ] GC(405) Age table with threshold 15 (max threshold 15)
[2024-02-27T00:01:11.178+0000][7][gc,age      ] GC(405) - age   1:    1775280 bytes,    1775280 total
[2024-02-27T00:01:11.178+0000][7][gc,age      ] GC(405) - age   2:       4192 bytes,    1779472 total
[2024-02-27T00:01:11.178+0000][7][gc,age      ] GC(405) - age   3:      11264 bytes,    1790736 total
[2024-02-27T00:01:11.178+0000][7][gc,age      ] GC(405) - age   4:       9640 bytes,    1800376 total
[2024-02-27T00:01:11.178+0000][7][gc,age      ] GC(405) - age   5:      80864 bytes,    1881240 total
[2024-02-27T00:01:11.178+0000][7][gc,age      ] GC(405) - age   6:     151096 bytes,    2032336 total
[2024-02-27T00:01:11.178+0000][7][gc,age      ] GC(405) - age   7:     102536 bytes,    2134872 total
[2024-02-27T00:01:11.178+0000][7][gc,age      ] GC(405) - age   8:        208 bytes,    2135080 total
[2024-02-27T00:01:11.178+0000][7][gc,age      ] GC(405) - age   9:         24 bytes,    2135104 total
[2024-02-27T00:01:11.179+0000][7][gc,age      ] GC(405) - age  12:     131312 bytes,    2266416 total
[2024-02-27T00:01:11.179+0000][7][gc,heap     ] GC(405) Eden regions: 152->0(152)
[2024-02-27T00:01:11.179+0000][7][gc,heap     ] GC(405) Survivor regions: 1->1(20)
[2024-02-27T00:01:11.179+0000][7][gc,heap     ] GC(405) Old regions: 26->26
[2024-02-27T00:01:11.179+0000][7][gc,heap     ] GC(405) Archive regions: 2->2
[2024-02-27T00:01:11.179+0000][7][gc,heap     ] GC(405) Humongous regions: 0->0
[2024-02-27T00:01:11.179+0000][7][gc,metaspace] GC(405) Metaspace: 129037K(132672K)->129037K(132672K) NonClass: 112189K(114112K)->112189K(114112K) Class: 16847K(18560K)->16847K(18560K)
[2024-02-27T00:01:11.179+0000][7][gc          ] GC(405) Pause Young (Normal) (G1 Evacuation Pause) 717M->108M(1024M) 2.172ms
[2024-02-27T00:01:11.179+0000][7][gc,cpu      ] GC(405) User=0.01s Sys=0.00s Real=0.00s
[2024-02-27T00:01:11.179+0000][7][safepoint   ] Safepoint "G1CollectForAllocation", Time since last: 49904022821 ns, Reaching safepoint: 39368 ns, At safepoint: 2241938 ns, Total: 2281306 ns
[2024-02-27T00:04:23.162+0000][7][gc,start    ] GC(406) Pause Young (Normal) (G1 Evacuation Pause)
[2024-02-27T00:04:23.162+0000][7][gc,task     ] GC(406) Using 8 workers of 8 for evacuation
[2024-02-27T00:04:23.162+0000][7][gc,age      ] GC(406) Desired survivor size 41943040 bytes, new threshold 15 (max threshold 15)
[2024-02-27T00:04:23.164+0000][7][gc,phases   ] GC(406)   Pre Evacuate Collection Set: 0.1ms
[2024-02-27T00:04:23.164+0000][7][gc,phases   ] GC(406)   Merge Heap Roots: 0.1ms
[2024-02-27T00:04:23.164+0000][7][gc,phases   ] GC(406)   Evacuate Collection Set: 1.0ms
[2024-02-27T00:04:23.164+0000][7][gc,phases   ] GC(406)   Post Evacuate Collection Set: 0.5ms
[2024-02-27T00:04:23.164+0000][7][gc,phases   ] GC(406)   Other: 0.1ms
[2024-02-27T00:04:23.164+0000][7][gc,age      ] GC(406) Age table with threshold 15 (max threshold 15)
[2024-02-27T00:04:23.164+0000][7][gc,age      ] GC(406) - age   1:     914096 bytes,     914096 total
[2024-02-27T00:04:23.164+0000][7][gc,age      ] GC(406) - age   2:      86520 bytes,    1000616 total
[2024-02-27T00:04:23.164+0000][7][gc,age      ] GC(406) - age   3:       1152 bytes,    1001768 total
[2024-02-27T00:04:23.164+0000][7][gc,age      ] GC(406) - age   4:      10888 bytes,    1012656 total
[2024-02-27T00:04:23.164+0000][7][gc,age      ] GC(406) - age   5:       9640 bytes,    1022296 total
[2024-02-27T00:04:23.164+0000][7][gc,age      ] GC(406) - age   6:      80680 bytes,    1102976 total
[2024-02-27T00:04:23.164+0000][7][gc,age      ] GC(406) - age   7:     151096 bytes,    1254072 total
[2024-02-27T00:04:23.164+0000][7][gc,age      ] GC(406) - age   8:     102536 bytes,    1356608 total
[2024-02-27T00:04:23.164+0000][7][gc,age      ] GC(406) - age   9:        208 bytes,    1356816 total
[2024-02-27T00:04:23.164+0000][7][gc,age      ] GC(406) - age  10:         24 bytes,    1356840 total
[2024-02-27T00:04:23.164+0000][7][gc,age      ] GC(406) - age  13:     131312 bytes,    1488152 total
[2024-02-27T00:04:23.164+0000][7][gc,heap     ] GC(406) Eden regions: 152->0(152)
[2024-02-27T00:04:23.164+0000][7][gc,heap     ] GC(406) Survivor regions: 1->1(20)
[2024-02-27T00:04:23.164+0000][7][gc,heap     ] GC(406) Old regions: 26->26
[2024-02-27T00:04:23.164+0000][7][gc,heap     ] GC(406) Archive regions: 2->2
[2024-02-27T00:04:23.164+0000][7][gc,heap     ] GC(406) Humongous regions: 0->0
[2024-02-27T00:04:23.164+0000][7][gc,metaspace] GC(406) Metaspace: 129037K(132672K)->129037K(132672K) NonClass: 112189K(114112K)->112189K(114112K) Class: 16847K(18560K)->16847K(18560K)
[2024-02-27T00:04:23.164+0000][7][gc          ] GC(406) Pause Young (Normal) (G1 Evacuation Pause) 716M->108M(1024M) 1.885ms
[2024-02-27T00:04:23.164+0000][7][gc,cpu      ] GC(406) User=0.00s Sys=0.01s Real=0.00s
[2024-02-27T00:04:23.164+0000][7][safepoint   ] Safepoint "G1CollectForAllocation", Time since last: 191983092233 ns, Reaching safepoint: 51017 ns, At safepoint: 1955683 ns, Total: 2006700 ns
[2024-02-27T00:05:35.174+0000][7][safepoint   ] Safepoint "Cleanup", Time since last: 72010019543 ns, Reaching safepoint: 72486 ns, At safepoint: 19745 ns, Total: 92231 ns
[2024-02-27T00:06:47.407+0000][7][gc,start    ] GC(407) Pause Young (Normal) (G1 Evacuation Pause)
[2024-02-27T00:06:47.407+0000][7][gc,task     ] GC(407) Using 8 workers of 8 for evacuation
[2024-02-27T00:06:47.407+0000][7][gc,age      ] GC(407) Desired survivor size 41943040 bytes, new threshold 15 (max threshold 15)
[2024-02-27T00:06:47.410+0000][7][gc,phases   ] GC(407)   Pre Evacuate Collection Set: 0.1ms
[2024-02-27T00:06:47.410+0000][7][gc,phases   ] GC(407)   Merge Heap Roots: 0.1ms
[2024-02-27T00:06:47.410+0000][7][gc,phases   ] GC(407)   Evacuate Collection Set: 1.9ms
[2024-02-27T00:06:47.410+0000][7][gc,phases   ] GC(407)   Post Evacuate Collection Set: 1.1ms
[2024-02-27T00:06:47.410+0000][7][gc,phases   ] GC(407)   Other: 0.1ms
[2024-02-27T00:06:47.410+0000][7][gc,age      ] GC(407) Age table with threshold 15 (max threshold 15)
[2024-02-27T00:06:47.410+0000][7][gc,age      ] GC(407) - age   1:    1768192 bytes,    1768192 total
[2024-02-27T00:06:47.410+0000][7][gc,age      ] GC(407) - age   2:      10368 bytes,    1778560 total
[2024-02-27T00:06:47.410+0000][7][gc,age      ] GC(407) - age   3:      84856 bytes,    1863416 total
[2024-02-27T00:06:47.410+0000][7][gc,age      ] GC(407) - age   4:        376 bytes,    1863792 total
[2024-02-27T00:06:47.410+0000][7][gc,age      ] GC(407) - age   5:      10592 bytes,    1874384 total
[2024-02-27T00:06:47.410+0000][7][gc,age      ] GC(407) - age   6:       9640 bytes,    1884024 total
[2024-02-27T00:06:47.410+0000][7][gc,age      ] GC(407) - age   7:      80648 bytes,    1964672 total
[2024-02-27T00:06:47.410+0000][7][gc,age      ] GC(407) - age   8:     151096 bytes,    2115768 total
[2024-02-27T00:06:47.410+0000][7][gc,age      ] GC(407) - age   9:     102352 bytes,    2218120 total
[2024-02-27T00:06:47.410+0000][7][gc,age      ] GC(407) - age  10:        208 bytes,    2218328 total
[2024-02-27T00:06:47.410+0000][7][gc,age      ] GC(407) - age  11:         24 bytes,    2218352 total
[2024-02-27T00:06:47.410+0000][7][gc,age      ] GC(407) - age  14:     131312 bytes,    2349664 total
[2024-02-27T00:06:47.410+0000][7][gc,heap     ] GC(407) Eden regions: 152->0(152)
[2024-02-27T00:06:47.410+0000][7][gc,heap     ] GC(407) Survivor regions: 1->1(20)
[2024-02-27T00:06:47.410+0000][7][gc,heap     ] GC(407) Old regions: 26->26
[2024-02-27T00:06:47.410+0000][7][gc,heap     ] GC(407) Archive regions: 2->2
[2024-02-27T00:06:47.410+0000][7][gc,heap     ] GC(407) Humongous regions: 0->0
[2024-02-27T00:06:47.411+0000][7][gc,metaspace] GC(407) Metaspace: 129044K(132672K)->129044K(132672K) NonClass: 112196K(114112K)->112196K(114112K) Class: 16847K(18560K)->16847K(18560K)
[2024-02-27T00:06:47.411+0000][7][gc          ] GC(407) Pause Young (Normal) (G1 Evacuation Pause) 716M->109M(1024M) 3.442ms
[2024-02-27T00:06:47.411+0000][7][gc,cpu      ] GC(407) User=0.01s Sys=0.00s Real=0.00s
[2024-02-27T00:06:47.411+0000][7][safepoint   ] Safepoint "G1CollectForAllocation", Time since last: 72233245774 ns, Reaching safepoint: 33996 ns, At safepoint: 3533225 ns, Total: 3567221 ns
[2024-02-27T00:10:05.210+0000][7][gc,start    ] GC(408) Pause Young (Normal) (G1 Evacuation Pause)
[2024-02-27T00:10:05.210+0000][7][gc,task     ] GC(408) Using 8 workers of 8 for evacuation
[2024-02-27T00:10:05.210+0000][7][gc,age      ] GC(408) Desired survivor size 41943040 bytes, new threshold 15 (max threshold 15)
[2024-02-27T00:10:05.213+0000][7][gc,phases   ] GC(408)   Pre Evacuate Collection Set: 0.1ms
[2024-02-27T00:10:05.213+0000][7][gc,phases   ] GC(408)   Merge Heap Roots: 0.1ms
[2024-02-27T00:10:05.213+0000][7][gc,phases   ] GC(408)   Evacuate Collection Set: 1.4ms
[2024-02-27T00:10:05.213+0000][7][gc,phases   ] GC(408)   Post Evacuate Collection Set: 0.8ms
[2024-02-27T00:10:05.213+0000][7][gc,phases   ] GC(408)   Other: 0.1ms
[2024-02-27T00:10:05.213+0000][7][gc,age      ] GC(408) Age table with threshold 15 (max threshold 15)
[2024-02-27T00:10:05.213+0000][7][gc,age      ] GC(408) - age   1:     884040 bytes,     884040 total
[2024-02-27T00:10:05.213+0000][7][gc,age      ] GC(408) - age   2:      40992 bytes,     925032 total
[2024-02-27T00:10:05.213+0000][7][gc,age      ] GC(408) - age   3:        384 bytes,     925416 total
[2024-02-27T00:10:05.213+0000][7][gc,age      ] GC(408) - age   4:      81040 bytes,    1006456 total
[2024-02-27T00:10:05.213+0000][7][gc,age      ] GC(408) - age   5:        312 bytes,    1006768 total
[2024-02-27T00:10:05.213+0000][7][gc,age      ] GC(408) - age   6:      10200 bytes,    1016968 total
[2024-02-27T00:10:05.213+0000][7][gc,age      ] GC(408) - age   7:       9640 bytes,    1026608 total
[2024-02-27T00:10:05.213+0000][7][gc,age      ] GC(408) - age   8:      80648 bytes,    1107256 total
[2024-02-27T00:10:05.213+0000][7][gc,age      ] GC(408) - age   9:     151096 bytes,    1258352 total
[2024-02-27T00:10:05.213+0000][7][gc,age      ] GC(408) - age  10:     102352 bytes,    1360704 total
[2024-02-27T00:10:05.213+0000][7][gc,age      ] GC(408) - age  11:        208 bytes,    1360912 total
[2024-02-27T00:10:05.213+0000][7][gc,age      ] GC(408) - age  12:         24 bytes,    1360936 total
[2024-02-27T00:10:05.213+0000][7][gc,age      ] GC(408) - age  15:     131312 bytes,    1492248 total
[2024-02-27T00:10:05.213+0000][7][gc,heap     ] GC(408) Eden regions: 152->0(152)
[2024-02-27T00:10:05.213+0000][7][gc,heap     ] GC(408) Survivor regions: 1->1(20)
[2024-02-27T00:10:05.213+0000][7][gc,heap     ] GC(408) Old regions: 26->26
[2024-02-27T00:10:05.213+0000][7][gc,heap     ] GC(408) Archive regions: 2->2
[2024-02-27T00:10:05.213+0000][7][gc,heap     ] GC(408) Humongous regions: 0->0
[2024-02-27T00:10:05.213+0000][7][gc,metaspace] GC(408) Metaspace: 129044K(132672K)->129044K(132672K) NonClass: 112196K(114112K)->112196K(114112K) Class: 16847K(18560K)->16847K(18560K)
[2024-02-27T00:10:05.213+0000][7][gc          ] GC(408) Pause Young (Normal) (G1 Evacuation Pause) 717M->108M(1024M) 2.704ms
[2024-02-27T00:10:05.213+0000][7][gc,cpu      ] GC(408) User=0.01s Sys=0.01s Real=0.00s
[2024-02-27T00:10:05.213+0000][7][safepoint   ] Safepoint "G1CollectForAllocation", Time since last: 197799642732 ns, Reaching safepoint: 84609 ns, At safepoint: 2807214 ns, Total: 2891823 ns
[2024-02-27T00:13:17.235+0000][7][gc,start    ] GC(409) Pause Young (Normal) (G1 Evacuation Pause)
[2024-02-27T00:13:17.235+0000][7][gc,task     ] GC(409) Using 8 workers of 8 for evacuation
[2024-02-27T00:13:17.235+0000][7][gc,age      ] GC(409) Desired survivor size 41943040 bytes, new threshold 15 (max threshold 15)
[2024-02-27T00:13:17.237+0000][7][gc,phases   ] GC(409)   Pre Evacuate Collection Set: 0.1ms
[2024-02-27T00:13:17.238+0000][7][gc,phases   ] GC(409)   Merge Heap Roots: 0.1ms
[2024-02-27T00:13:17.238+0000][7][gc,phases   ] GC(409)   Evacuate Collection Set: 1.6ms
[2024-02-27T00:13:17.238+0000][7][gc,phases   ] GC(409)   Post Evacuate Collection Set: 0.6ms
[2024-02-27T00:13:17.238+0000][7][gc,phases   ] GC(409)   Other: 0.1ms
[2024-02-27T00:13:17.238+0000][7][gc,age      ] GC(409) Age table with threshold 15 (max threshold 15)
[2024-02-27T00:13:17.238+0000][7][gc,age      ] GC(409) - age   1:    2024096 bytes,    2024096 total
[2024-02-27T00:13:17.238+0000][7][gc,age      ] GC(409) - age   2:      51800 bytes,    2075896 total
[2024-02-27T00:13:17.238+0000][7][gc,age      ] GC(409) - age   3:      38400 bytes,    2114296 total
[2024-02-27T00:13:17.238+0000][7][gc,age      ] GC(409) - age   4:        320 bytes,    2114616 total
[2024-02-27T00:13:17.238+0000][7][gc,age      ] GC(409) - age   5:      81040 bytes,    2195656 total
[2024-02-27T00:13:17.238+0000][7][gc,age      ] GC(409) - age   6:        128 bytes,    2195784 total
[2024-02-27T00:13:17.238+0000][7][gc,age      ] GC(409) - age   7:      10016 bytes,    2205800 total
[2024-02-27T00:13:17.238+0000][7][gc,age      ] GC(409) - age   8:       9640 bytes,    2215440 total
[2024-02-27T00:13:17.238+0000][7][gc,age      ] GC(409) - age   9:      80648 bytes,    2296088 total
[2024-02-27T00:13:17.238+0000][7][gc,age      ] GC(409) - age  10:     151096 bytes,    2447184 total
[2024-02-27T00:13:17.238+0000][7][gc,age      ] GC(409) - age  11:     102352 bytes,    2549536 total
[2024-02-27T00:13:17.238+0000][7][gc,age      ] GC(409) - age  12:        208 bytes,    2549744 total
[2024-02-27T00:13:17.238+0000][7][gc,age      ] GC(409) - age  13:         24 bytes,    2549768 total
[2024-02-27T00:13:17.238+0000][7][gc,heap     ] GC(409) Eden regions: 152->0(152)
[2024-02-27T00:13:17.238+0000][7][gc,heap     ] GC(409) Survivor regions: 1->1(20)
[2024-02-27T00:13:17.238+0000][7][gc,heap     ] GC(409) Old regions: 26->26
[2024-02-27T00:13:17.238+0000][7][gc,heap     ] GC(409) Archive regions: 2->2
[2024-02-27T00:13:17.238+0000][7][gc,heap     ] GC(409) Humongous regions: 0->0
[2024-02-27T00:13:17.238+0000][7][gc,metaspace] GC(409) Metaspace: 129044K(132672K)->129044K(132672K) NonClass: 112196K(114112K)->112196K(114112K) Class: 16847K(18560K)->16847K(18560K)
[2024-02-27T00:13:17.238+0000][7][gc          ] GC(409) Pause Young (Normal) (G1 Evacuation Pause) 716M->109M(1024M) 2.795ms
[2024-02-27T00:13:17.238+0000][7][gc,cpu      ] GC(409) User=0.01s Sys=0.00s Real=0.00s
[2024-02-27T00:13:17.238+0000][7][safepoint   ] Safepoint "G1CollectForAllocation", Time since last: 192021638534 ns, Reaching safepoint: 66078 ns, At safepoint: 2900954 ns, Total: 2967032 ns
[2024-02-27T00:16:29.210+0000][7][gc,start    ] GC(410) Pause Young (Normal) (G1 Evacuation Pause)
[2024-02-27T00:16:29.211+0000][7][gc,task     ] GC(410) Using 8 workers of 8 for evacuation
[2024-02-27T00:16:29.211+0000][7][gc,age      ] GC(410) Desired survivor size 41943040 bytes, new threshold 15 (max threshold 15)
[2024-02-27T00:16:29.213+0000][7][gc,phases   ] GC(410)   Pre Evacuate Collection Set: 0.1ms
[2024-02-27T00:16:29.213+0000][7][gc,phases   ] GC(410)   Merge Heap Roots: 0.1ms
[2024-02-27T00:16:29.213+0000][7][gc,phases   ] GC(410)   Evacuate Collection Set: 1.3ms
[2024-02-27T00:16:29.213+0000][7][gc,phases   ] GC(410)   Post Evacuate Collection Set: 0.7ms
[2024-02-27T00:16:29.213+0000][7][gc,phases   ] GC(410)   Other: 0.1ms
[2024-02-27T00:16:29.213+0000][7][gc,age      ] GC(410) Age table with threshold 15 (max threshold 15)
[2024-02-27T00:16:29.213+0000][7][gc,age      ] GC(410) - age   1:    1228016 bytes,    1228016 total
[2024-02-27T00:16:29.213+0000][7][gc,age      ] GC(410) - age   2:      78384 bytes,    1306400 total
[2024-02-27T00:16:29.213+0000][7][gc,age      ] GC(410) - age   3:      41568 bytes,    1347968 total
[2024-02-27T00:16:29.213+0000][7][gc,age      ] GC(410) - age   4:      37560 bytes,    1385528 total
[2024-02-27T00:16:29.213+0000][7][gc,age      ] GC(410) - age   5:        320 bytes,    1385848 total
[2024-02-27T00:16:29.213+0000][7][gc,age      ] GC(410) - age   6:      81040 bytes,    1466888 total
[2024-02-27T00:16:29.213+0000][7][gc,age      ] GC(410) - age   7:         96 bytes,    1466984 total
[2024-02-27T00:16:29.213+0000][7][gc,age      ] GC(410) - age   8:       9632 bytes,    1476616 total
[2024-02-27T00:16:29.213+0000][7][gc,age      ] GC(410) - age   9:       9640 bytes,    1486256 total
[2024-02-27T00:16:29.213+0000][7][gc,age      ] GC(410) - age  10:      80648 bytes,    1566904 total
[2024-02-27T00:16:29.213+0000][7][gc,age      ] GC(410) - age  11:     151096 bytes,    1718000 total
[2024-02-27T00:16:29.213+0000][7][gc,age      ] GC(410) - age  12:     102352 bytes,    1820352 total
[2024-02-27T00:16:29.213+0000][7][gc,age      ] GC(410) - age  13:        208 bytes,    1820560 total
[2024-02-27T00:16:29.213+0000][7][gc,age      ] GC(410) - age  14:         24 bytes,    1820584 total
[2024-02-27T00:16:29.213+0000][7][gc,heap     ] GC(410) Eden regions: 152->0(152)
[2024-02-27T00:16:29.213+0000][7][gc,heap     ] GC(410) Survivor regions: 1->1(20)
[2024-02-27T00:16:29.213+0000][7][gc,heap     ] GC(410) Old regions: 26->26
[2024-02-27T00:16:29.213+0000][7][gc,heap     ] GC(410) Archive regions: 2->2
[2024-02-27T00:16:29.213+0000][7][gc,heap     ] GC(410) Humongous regions: 0->0
[2024-02-27T00:16:29.213+0000][7][gc,metaspace] GC(410) Metaspace: 129052K(132672K)->129052K(132672K) NonClass: 112204K(114112K)->112204K(114112K) Class: 16847K(18560K)->16847K(18560K)
[2024-02-27T00:16:29.213+0000][7][gc          ] GC(410) Pause Young (Normal) (G1 Evacuation Pause) 717M->108M(1024M) 2.559ms
[2024-02-27T00:16:29.213+0000][7][gc,cpu      ] GC(410) User=0.01s Sys=0.01s Real=0.00s
[2024-02-27T00:16:29.213+0000][7][safepoint   ] Safepoint "G1CollectForAllocation", Time since last: 191972606099 ns, Reaching safepoint: 57169 ns, At safepoint: 2649865 ns, Total: 2707034 ns
[2024-02-27T00:19:29.351+0000][7][gc,start    ] GC(411) Pause Young (Normal) (G1 Evacuation Pause)
[2024-02-27T00:19:29.352+0000][7][gc,task     ] GC(411) Using 8 workers of 8 for evacuation
[2024-02-27T00:19:29.352+0000][7][gc,age      ] GC(411) Desired survivor size 41943040 bytes, new threshold 15 (max threshold 15)
[2024-02-27T00:19:29.355+0000][7][gc,phases   ] GC(411)   Pre Evacuate Collection Set: 0.1ms
[2024-02-27T00:19:29.355+0000][7][gc,phases   ] GC(411)   Merge Heap Roots: 0.1ms
[2024-02-27T00:19:29.355+0000][7][gc,phases   ] GC(411)   Evacuate Collection Set: 2.2ms
[2024-02-27T00:19:29.355+0000][7][gc,phases   ] GC(411)   Post Evacuate Collection Set: 0.5ms
[2024-02-27T00:19:29.355+0000][7][gc,phases   ] GC(411)   Other: 0.1ms
[2024-02-27T00:19:29.355+0000][7][gc,age      ] GC(411) Age table with threshold 15 (max threshold 15)
[2024-02-27T00:19:29.355+0000][7][gc,age      ] GC(411) - age   1:    1970496 bytes,    1970496 total
[2024-02-27T00:19:29.355+0000][7][gc,age      ] GC(411) - age   2:      18120 bytes,    1988616 total
[2024-02-27T00:19:29.355+0000][7][gc,age      ] GC(411) - age   3:      75408 bytes,    2064024 total
[2024-02-27T00:19:29.355+0000][7][gc,age      ] GC(411) - age   4:      37920 bytes,    2101944 total
[2024-02-27T00:19:29.355+0000][7][gc,age      ] GC(411) - age   5:      37560 bytes,    2139504 total
[2024-02-27T00:19:29.355+0000][7][gc,age      ] GC(411) - age   6:        320 bytes,    2139824 total
[2024-02-27T00:19:29.355+0000][7][gc,age      ] GC(411) - age   7:      32144 bytes,    2171968 total
[2024-02-27T00:19:29.355+0000][7][gc,age      ] GC(411) - age   8:         96 bytes,    2172064 total
[2024-02-27T00:19:29.355+0000][7][gc,age      ] GC(411) - age   9:       9632 bytes,    2181696 total
[2024-02-27T00:19:29.355+0000][7][gc,age      ] GC(411) - age  10:       9640 bytes,    2191336 total
[2024-02-27T00:19:29.355+0000][7][gc,age      ] GC(411) - age  11:      80648 bytes,    2271984 total
[2024-02-27T00:19:29.355+0000][7][gc,age      ] GC(411) - age  12:     151096 bytes,    2423080 total
[2024-02-27T00:19:29.355+0000][7][gc,age      ] GC(411) - age  13:     102352 bytes,    2525432 total
[2024-02-27T00:19:29.355+0000][7][gc,age      ] GC(411) - age  14:        208 bytes,    2525640 total
[2024-02-27T00:19:29.355+0000][7][gc,age      ] GC(411) - age  15:         24 bytes,    2525664 total
[2024-02-27T00:19:29.355+0000][7][gc,heap     ] GC(411) Eden regions: 152->0(152)
[2024-02-27T00:19:29.355+0000][7][gc,heap     ] GC(411) Survivor regions: 1->1(20)
[2024-02-27T00:19:29.355+0000][7][gc,heap     ] GC(411) Old regions: 26->26
[2024-02-27T00:19:29.355+0000][7][gc,heap     ] GC(411) Archive regions: 2->2
[2024-02-27T00:19:29.355+0000][7][gc,heap     ] GC(411) Humongous regions: 0->0
[2024-02-27T00:19:29.355+0000][7][gc,metaspace] GC(411) Metaspace: 129052K(132672K)->129052K(132672K) NonClass: 112204K(114112K)->112204K(114112K) Class: 16847K(18560K)->16847K(18560K)
[2024-02-27T00:19:29.355+0000][7][gc          ] GC(411) Pause Young (Normal) (G1 Evacuation Pause) 716M->109M(1024M) 3.226ms
[2024-02-27T00:19:29.355+0000][7][gc,cpu      ] GC(411) User=0.01s Sys=0.00s Real=0.01s
[2024-02-27T00:19:29.355+0000][7][safepoint   ] Safepoint "G1CollectForAllocation", Time since last: 180138321979 ns, Reaching safepoint: 28758 ns, At safepoint: 3308275 ns, Total: 3337033 ns
[2024-02-27T00:22:41.236+0000][7][gc,start    ] GC(412) Pause Young (Normal) (G1 Evacuation Pause)
[2024-02-27T00:22:41.236+0000][7][gc,task     ] GC(412) Using 8 workers of 8 for evacuation
[2024-02-27T00:22:41.236+0000][7][gc,age      ] GC(412) Desired survivor size 41943040 bytes, new threshold 15 (max threshold 15)
[2024-02-27T00:22:41.239+0000][7][gc,phases   ] GC(412)   Pre Evacuate Collection Set: 0.1ms
[2024-02-27T00:22:41.239+0000][7][gc,phases   ] GC(412)   Merge Heap Roots: 0.1ms
[2024-02-27T00:22:41.239+0000][7][gc,phases   ] GC(412)   Evacuate Collection Set: 1.4ms
[2024-02-27T00:22:41.239+0000][7][gc,phases   ] GC(412)   Post Evacuate Collection Set: 0.8ms
[2024-02-27T00:22:41.239+0000][7][gc,phases   ] GC(412)   Other: 0.1ms
[2024-02-27T00:22:41.239+0000][7][gc,age      ] GC(412) Age table with threshold 15 (max threshold 15)
[2024-02-27T00:22:41.239+0000][7][gc,age      ] GC(412) - age   1:    1253488 bytes,    1253488 total
[2024-02-27T00:22:41.239+0000][7][gc,age      ] GC(412) - age   2:       8304 bytes,    1261792 total
[2024-02-27T00:22:41.239+0000][7][gc,age      ] GC(412) - age   3:       8616 bytes,    1270408 total
[2024-02-27T00:22:41.239+0000][7][gc,age      ] GC(412) - age   4:      74984 bytes,    1345392 total
[2024-02-27T00:22:41.239+0000][7][gc,age      ] GC(412) - age   5:      37920 bytes,    1383312 total
[2024-02-27T00:22:41.239+0000][7][gc,age      ] GC(412) - age   6:      37376 bytes,    1420688 total
[2024-02-27T00:22:41.239+0000][7][gc,age      ] GC(412) - age   7:        320 bytes,    1421008 total
[2024-02-27T00:22:41.239+0000][7][gc,age      ] GC(412) - age   8:      32144 bytes,    1453152 total
[2024-02-27T00:22:41.239+0000][7][gc,age      ] GC(412) - age   9:         96 bytes,    1453248 total
[2024-02-27T00:22:41.239+0000][7][gc,age      ] GC(412) - age  10:       9600 bytes,    1462848 total
[2024-02-27T00:22:41.239+0000][7][gc,age      ] GC(412) - age  11:       9640 bytes,    1472488 total
[2024-02-27T00:22:41.239+0000][7][gc,age      ] GC(412) - age  12:      80648 bytes,    1553136 total
[2024-02-27T00:22:41.239+0000][7][gc,age      ] GC(412) - age  13:     151096 bytes,    1704232 total
[2024-02-27T00:22:41.239+0000][7][gc,age      ] GC(412) - age  14:     102352 bytes,    1806584 total
[2024-02-27T00:22:41.239+0000][7][gc,age      ] GC(412) - age  15:        208 bytes,    1806792 total
[2024-02-27T00:22:41.239+0000][7][gc,heap     ] GC(412) Eden regions: 152->0(152)
[2024-02-27T00:22:41.239+0000][7][gc,heap     ] GC(412) Survivor regions: 1->1(20)
[2024-02-27T00:22:41.239+0000][7][gc,heap     ] GC(412) Old regions: 26->26
[2024-02-27T00:22:41.239+0000][7][gc,heap     ] GC(412) Archive regions: 2->2
[2024-02-27T00:22:41.239+0000][7][gc,heap     ] GC(412) Humongous regions: 0->0
[2024-02-27T00:22:41.239+0000][7][gc,metaspace] GC(412) Metaspace: 129052K(132672K)->129052K(132672K) NonClass: 112204K(114112K)->112204K(114112K) Class: 16847K(18560K)->16847K(18560K)
[2024-02-27T00:22:41.239+0000][7][gc          ] GC(412) Pause Young (Normal) (G1 Evacuation Pause) 717M->108M(1024M) 2.936ms
[2024-02-27T00:22:41.239+0000][7][gc,cpu      ] GC(412) User=0.01s Sys=0.01s Real=0.00s
[2024-02-27T00:22:41.239+0000][7][safepoint   ] Safepoint "G1CollectForAllocation", Time since last: 191881213050 ns, Reaching safepoint: 36773 ns, At safepoint: 3041438 ns, Total: 3078211 ns
[2024-02-27T00:25:35.258+0000][7][safepoint   ] Safepoint "Cleanup", Time since last: 174019210245 ns, Reaching safepoint: 56325 ns, At safepoint: 31562 ns, Total: 87887 ns
[2024-02-27T00:25:47.233+0000][7][gc,start    ] GC(413) Pause Young (Normal) (G1 Evacuation Pause)
[2024-02-27T00:25:47.233+0000][7][gc,task     ] GC(413) Using 8 workers of 8 for evacuation
[2024-02-27T00:25:47.233+0000][7][gc,age      ] GC(413) Desired survivor size 41943040 bytes, new threshold 15 (max threshold 15)
[2024-02-27T00:25:47.235+0000][7][gc,phases   ] GC(413)   Pre Evacuate Collection Set: 0.1ms
[2024-02-27T00:25:47.235+0000][7][gc,phases   ] GC(413)   Merge Heap Roots: 0.1ms
[2024-02-27T00:25:47.235+0000][7][gc,phases   ] GC(413)   Evacuate Collection Set: 1.0ms
[2024-02-27T00:25:47.235+0000][7][gc,phases   ] GC(413)   Post Evacuate Collection Set: 0.7ms
[2024-02-27T00:25:47.235+0000][7][gc,phases   ] GC(413)   Other: 0.1ms
[2024-02-27T00:25:47.235+0000][7][gc,age      ] GC(413) Age table with threshold 15 (max threshold 15)
[2024-02-27T00:25:47.235+0000][7][gc,age      ] GC(413) - age   1:     609672 bytes,     609672 total
[2024-02-27T00:25:47.235+0000][7][gc,age      ] GC(413) - age   2:       8576 bytes,     618248 total
[2024-02-27T00:25:47.235+0000][7][gc,age      ] GC(413) - age   3:       5928 bytes,     624176 total
[2024-02-27T00:25:47.235+0000][7][gc,age      ] GC(413) - age   4:       7848 bytes,     632024 total
[2024-02-27T00:25:47.235+0000][7][gc,age      ] GC(413) - age   5:      74984 bytes,     707008 total
[2024-02-27T00:25:47.235+0000][7][gc,age      ] GC(413) - age   6:      37528 bytes,     744536 total
[2024-02-27T00:25:47.235+0000][7][gc,age      ] GC(413) - age   7:      37344 bytes,     781880 total
[2024-02-27T00:25:47.235+0000][7][gc,age      ] GC(413) - age   8:        320 bytes,     782200 total
[2024-02-27T00:25:47.235+0000][7][gc,age      ] GC(413) - age   9:      32144 bytes,     814344 total
[2024-02-27T00:25:47.235+0000][7][gc,age      ] GC(413) - age  10:         96 bytes,     814440 total
[2024-02-27T00:25:47.235+0000][7][gc,age      ] GC(413) - age  11:       9600 bytes,     824040 total
[2024-02-27T00:25:47.235+0000][7][gc,age      ] GC(413) - age  12:       9640 bytes,     833680 total
[2024-02-27T00:25:47.235+0000][7][gc,age      ] GC(413) - age  13:      80464 bytes,     914144 total
[2024-02-27T00:25:47.235+0000][7][gc,age      ] GC(413) - age  14:     151096 bytes,    1065240 total
[2024-02-27T00:25:47.235+0000][7][gc,age      ] GC(413) - age  15:     102352 bytes,    1167592 total
[2024-02-27T00:25:47.235+0000][7][gc,heap     ] GC(413) Eden regions: 152->0(152)
[2024-02-27T00:25:47.235+0000][7][gc,heap     ] GC(413) Survivor regions: 1->1(20)
[2024-02-27T00:25:47.235+0000][7][gc,heap     ] GC(413) Old regions: 26->26
[2024-02-27T00:25:47.235+0000][7][gc,heap     ] GC(413) Archive regions: 2->2
[2024-02-27T00:25:47.235+0000][7][gc,heap     ] GC(413) Humongous regions: 0->0
[2024-02-27T00:25:47.235+0000][7][gc,metaspace] GC(413) Metaspace: 129052K(132672K)->129052K(132672K) NonClass: 112204K(114112K)->112204K(114112K) Class: 16847K(18560K)->16847K(18560K)
[2024-02-27T00:25:47.235+0000][7][gc          ] GC(413) Pause Young (Normal) (G1 Evacuation Pause) 716M->108M(1024M) 2.310ms
[2024-02-27T00:25:47.235+0000][7][gc,cpu      ] GC(413) User=0.01s Sys=0.00s Real=0.01s
[2024-02-27T00:25:47.235+0000][7][safepoint   ] Safepoint "G1CollectForAllocation", Time since last: 11974483940 ns, Reaching safepoint: 47313 ns, At safepoint: 2395590 ns, Total: 2442903 ns
[2024-02-27T00:25:48.235+0000][7][safepoint   ] Safepoint "Cleanup", Time since last: 1000107730 ns, Reaching safepoint: 49271 ns, At safepoint: 5256 ns, Total: 54527 ns
[2024-02-27T00:27:52.250+0000][7][safepoint   ] Safepoint "Cleanup", Time since last: 124014171450 ns, Reaching safepoint: 84888 ns, At safepoint: 42084 ns, Total: 126972 ns
[2024-02-27T00:28:35.593+0000][7][gc,start    ] GC(414) Pause Young (Normal) (G1 Evacuation Pause)
[2024-02-27T00:28:35.593+0000][7][gc,task     ] GC(414) Using 8 workers of 8 for evacuation
[2024-02-27T00:28:35.593+0000][7][gc,age      ] GC(414) Desired survivor size 41943040 bytes, new threshold 15 (max threshold 15)
[2024-02-27T00:28:35.595+0000][7][gc,phases   ] GC(414)   Pre Evacuate Collection Set: 0.1ms
[2024-02-27T00:28:35.595+0000][7][gc,phases   ] GC(414)   Merge Heap Roots: 0.0ms
[2024-02-27T00:28:35.595+0000][7][gc,phases   ] GC(414)   Evacuate Collection Set: 1.1ms
[2024-02-27T00:28:35.595+0000][7][gc,phases   ] GC(414)   Post Evacuate Collection Set: 0.5ms
[2024-02-27T00:28:35.595+0000][7][gc,phases   ] GC(414)   Other: 0.1ms
[2024-02-27T00:28:35.595+0000][7][gc,age      ] GC(414) Age table with threshold 15 (max threshold 15)
[2024-02-27T00:28:35.595+0000][7][gc,age      ] GC(414) - age   1:    1798496 bytes,    1798496 total
[2024-02-27T00:28:35.595+0000][7][gc,age      ] GC(414) - age   2:      11672 bytes,    1810168 total
[2024-02-27T00:28:35.595+0000][7][gc,age      ] GC(414) - age   3:       5496 bytes,    1815664 total
[2024-02-27T00:28:35.595+0000][7][gc,age      ] GC(414) - age   4:       2312 bytes,    1817976 total
[2024-02-27T00:28:35.595+0000][7][gc,age      ] GC(414) - age   5:       7752 bytes,    1825728 total
[2024-02-27T00:28:35.595+0000][7][gc,age      ] GC(414) - age   6:      74984 bytes,    1900712 total
[2024-02-27T00:28:35.595+0000][7][gc,age      ] GC(414) - age   7:      37528 bytes,    1938240 total
[2024-02-27T00:28:35.595+0000][7][gc,age      ] GC(414) - age   8:      37344 bytes,    1975584 total
[2024-02-27T00:28:35.595+0000][7][gc,age      ] GC(414) - age   9:        320 bytes,    1975904 total
[2024-02-27T00:28:35.595+0000][7][gc,age      ] GC(414) - age  10:      31704 bytes,    2007608 total
[2024-02-27T00:28:35.595+0000][7][gc,age      ] GC(414) - age  11:         96 bytes,    2007704 total
[2024-02-27T00:28:35.595+0000][7][gc,age      ] GC(414) - age  12:       9600 bytes,    2017304 total
[2024-02-27T00:28:35.595+0000][7][gc,age      ] GC(414) - age  13:       9640 bytes,    2026944 total
[2024-02-27T00:28:35.595+0000][7][gc,age      ] GC(414) - age  14:      75184 bytes,    2102128 total
[2024-02-27T00:28:35.595+0000][7][gc,age      ] GC(414) - age  15:     151096 bytes,    2253224 total
[2024-02-27T00:28:35.595+0000][7][gc,heap     ] GC(414) Eden regions: 152->0(152)
[2024-02-27T00:28:35.595+0000][7][gc,heap     ] GC(414) Survivor regions: 1->1(20)
[2024-02-27T00:28:35.595+0000][7][gc,heap     ] GC(414) Old regions: 26->26
[2024-02-27T00:28:35.595+0000][7][gc,heap     ] GC(414) Archive regions: 2->2
[2024-02-27T00:28:35.595+0000][7][gc,heap     ] GC(414) Humongous regions: 0->0
[2024-02-27T00:28:35.595+0000][7][gc,metaspace] GC(414) Metaspace: 129053K(132672K)->129053K(132672K) NonClass: 112205K(114112K)->112205K(114112K) Class: 16847K(18560K)->16847K(18560K)
[2024-02-27T00:28:35.595+0000][7][gc          ] GC(414) Pause Young (Normal) (G1 Evacuation Pause) 716M->109M(1024M) 1.989ms
[2024-02-27T00:28:35.595+0000][7][gc,cpu      ] GC(414) User=0.01s Sys=0.00s Real=0.01s
[2024-02-27T00:28:35.595+0000][7][safepoint   ] Safepoint "G1CollectForAllocation", Time since last: 43343202426 ns, Reaching safepoint: 32708 ns, At safepoint: 2054759 ns, Total: 2087467 ns
[2024-02-27T00:31:50.203+0000][7][gc,start    ] GC(415) Pause Young (Normal) (G1 Evacuation Pause)
[2024-02-27T00:31:50.204+0000][7][gc,task     ] GC(415) Using 8 workers of 8 for evacuation
[2024-02-27T00:31:50.204+0000][7][gc,age      ] GC(415) Desired survivor size 41943040 bytes, new threshold 15 (max threshold 15)
[2024-02-27T00:31:50.206+0000][7][gc,phases   ] GC(415)   Pre Evacuate Collection Set: 0.1ms
[2024-02-27T00:31:50.206+0000][7][gc,phases   ] GC(415)   Merge Heap Roots: 0.1ms
[2024-02-27T00:31:50.206+0000][7][gc,phases   ] GC(415)   Evacuate Collection Set: 1.4ms
[2024-02-27T00:31:50.206+0000][7][gc,phases   ] GC(415)   Post Evacuate Collection Set: 0.8ms
[2024-02-27T00:31:50.206+0000][7][gc,phases   ] GC(415)   Other: 0.1ms
[2024-02-27T00:31:50.206+0000][7][gc,age      ] GC(415) Age table with threshold 15 (max threshold 15)
[2024-02-27T00:31:50.206+0000][7][gc,age      ] GC(415) - age   1:    1015112 bytes,    1015112 total
[2024-02-27T00:31:50.206+0000][7][gc,age      ] GC(415) - age   2:     154088 bytes,    1169200 total
[2024-02-27T00:31:50.206+0000][7][gc,age      ] GC(415) - age   3:       9688 bytes,    1178888 total
[2024-02-27T00:31:50.206+0000][7][gc,age      ] GC(415) - age   4:       5176 bytes,    1184064 total
[2024-02-27T00:31:50.206+0000][7][gc,age      ] GC(415) - age   5:       2312 bytes,    1186376 total
[2024-02-27T00:31:50.206+0000][7][gc,age      ] GC(415) - age   6:       7752 bytes,    1194128 total
[2024-02-27T00:31:50.206+0000][7][gc,age      ] GC(415) - age   7:      74984 bytes,    1269112 total
[2024-02-27T00:31:50.206+0000][7][gc,age      ] GC(415) - age   8:      37344 bytes,    1306456 total
[2024-02-27T00:31:50.206+0000][7][gc,age      ] GC(415) - age   9:      37344 bytes,    1343800 total
[2024-02-27T00:31:50.206+0000][7][gc,age      ] GC(415) - age  10:        320 bytes,    1344120 total
[2024-02-27T00:31:50.206+0000][7][gc,age      ] GC(415) - age  11:      31704 bytes,    1375824 total
[2024-02-27T00:31:50.206+0000][7][gc,age      ] GC(415) - age  12:         96 bytes,    1375920 total
[2024-02-27T00:31:50.206+0000][7][gc,age      ] GC(415) - age  13:       9600 bytes,    1385520 total
[2024-02-27T00:31:50.206+0000][7][gc,age      ] GC(415) - age  14:       9640 bytes,    1395160 total
[2024-02-27T00:31:50.206+0000][7][gc,age      ] GC(415) - age  15:      75184 bytes,    1470344 total
[2024-02-27T00:31:50.206+0000][7][gc,heap     ] GC(415) Eden regions: 152->0(152)
[2024-02-27T00:31:50.206+0000][7][gc,heap     ] GC(415) Survivor regions: 1->1(20)
[2024-02-27T00:31:50.206+0000][7][gc,heap     ] GC(415) Old regions: 26->26
[2024-02-27T00:31:50.206+0000][7][gc,heap     ] GC(415) Archive regions: 2->2
[2024-02-27T00:31:50.206+0000][7][gc,heap     ] GC(415) Humongous regions: 0->0
[2024-02-27T00:31:50.206+0000][7][gc,metaspace] GC(415) Metaspace: 129053K(132672K)->129053K(132672K) NonClass: 112205K(114112K)->112205K(114112K) Class: 16847K(18560K)->16847K(18560K)
[2024-02-27T00:31:50.206+0000][7][gc          ] GC(415) Pause Young (Normal) (G1 Evacuation Pause) 717M->108M(1024M) 2.949ms
[2024-02-27T00:31:50.206+0000][7][gc,cpu      ] GC(415) User=0.02s Sys=0.00s Real=0.01s
[2024-02-27T00:31:50.206+0000][7][safepoint   ] Safepoint "G1CollectForAllocation", Time since last: 194608279093 ns, Reaching safepoint: 93810 ns, At safepoint: 3074456 ns, Total: 3168266 ns
[2024-02-27T00:34:44.411+0000][7][gc,start    ] GC(416) Pause Young (Normal) (G1 Evacuation Pause)
[2024-02-27T00:34:44.411+0000][7][gc,task     ] GC(416) Using 8 workers of 8 for evacuation
[2024-02-27T00:34:44.412+0000][7][gc,age      ] GC(416) Desired survivor size 41943040 bytes, new threshold 15 (max threshold 15)
[2024-02-27T00:34:44.414+0000][7][gc,phases   ] GC(416)   Pre Evacuate Collection Set: 0.1ms
[2024-02-27T00:34:44.414+0000][7][gc,phases   ] GC(416)   Merge Heap Roots: 0.1ms
[2024-02-27T00:34:44.414+0000][7][gc,phases   ] GC(416)   Evacuate Collection Set: 1.3ms
[2024-02-27T00:34:44.414+0000][7][gc,phases   ] GC(416)   Post Evacuate Collection Set: 0.6ms
[2024-02-27T00:34:44.414+0000][7][gc,phases   ] GC(416)   Other: 0.1ms
[2024-02-27T00:34:44.414+0000][7][gc,age      ] GC(416) Age table with threshold 15 (max threshold 15)
[2024-02-27T00:34:44.414+0000][7][gc,age      ] GC(416) - age   1:    1957928 bytes,    1957928 total
[2024-02-27T00:34:44.414+0000][7][gc,age      ] GC(416) - age   2:       1856 bytes,    1959784 total
[2024-02-27T00:34:44.414+0000][7][gc,age      ] GC(416) - age   3:     150784 bytes,    2110568 total
[2024-02-27T00:34:44.414+0000][7][gc,age      ] GC(416) - age   4:       9344 bytes,    2119912 total
[2024-02-27T00:34:44.414+0000][7][gc,age      ] GC(416) - age   5:       5080 bytes,    2124992 total
[2024-02-27T00:34:44.414+0000][7][gc,age      ] GC(416) - age   6:       2128 bytes,    2127120 total
[2024-02-27T00:34:44.414+0000][7][gc,age      ] GC(416) - age   7:       7368 bytes,    2134488 total
[2024-02-27T00:34:44.414+0000][7][gc,age      ] GC(416) - age   8:      74984 bytes,    2209472 total
[2024-02-27T00:34:44.414+0000][7][gc,age      ] GC(416) - age   9:      37344 bytes,    2246816 total
[2024-02-27T00:34:44.414+0000][7][gc,age      ] GC(416) - age  10:      37344 bytes,    2284160 total
[2024-02-27T00:34:44.414+0000][7][gc,age      ] GC(416) - age  11:        320 bytes,    2284480 total
[2024-02-27T00:34:44.414+0000][7][gc,age      ] GC(416) - age  12:      31704 bytes,    2316184 total
[2024-02-27T00:34:44.414+0000][7][gc,age      ] GC(416) - age  13:         96 bytes,    2316280 total
[2024-02-27T00:34:44.414+0000][7][gc,age      ] GC(416) - age  14:       9600 bytes,    2325880 total
[2024-02-27T00:34:44.414+0000][7][gc,age      ] GC(416) - age  15:       9640 bytes,    2335520 total
[2024-02-27T00:34:44.414+0000][7][gc,heap     ] GC(416) Eden regions: 152->0(152)
[2024-02-27T00:34:44.414+0000][7][gc,heap     ] GC(416) Survivor regions: 1->1(20)
[2024-02-27T00:34:44.414+0000][7][gc,heap     ] GC(416) Old regions: 26->26
[2024-02-27T00:34:44.414+0000][7][gc,heap     ] GC(416) Archive regions: 2->2
[2024-02-27T00:34:44.414+0000][7][gc,heap     ] GC(416) Humongous regions: 0->0
[2024-02-27T00:34:44.414+0000][7][gc,metaspace] GC(416) Metaspace: 129053K(132672K)->129053K(132672K) NonClass: 112205K(114112K)->112205K(114112K) Class: 16847K(18560K)->16847K(18560K)
[2024-02-27T00:34:44.414+0000][7][gc          ] GC(416) Pause Young (Normal) (G1 Evacuation Pause) 716M->109M(1024M) 2.371ms
[2024-02-27T00:34:44.414+0000][7][gc,cpu      ] GC(416) User=0.01s Sys=0.00s Real=0.00s
[2024-02-27T00:34:44.414+0000][7][safepoint   ] Safepoint "G1CollectForAllocation", Time since last: 174204953783 ns, Reaching safepoint: 34240 ns, At safepoint: 2448365 ns, Total: 2482605 ns
[2024-02-27T00:37:50.240+0000][7][gc,start    ] GC(417) Pause Young (Normal) (G1 Evacuation Pause)
[2024-02-27T00:37:50.240+0000][7][gc,task     ] GC(417) Using 8 workers of 8 for evacuation
[2024-02-27T00:37:50.240+0000][7][gc,age      ] GC(417) Desired survivor size 41943040 bytes, new threshold 15 (max threshold 15)
[2024-02-27T00:37:50.244+0000][7][gc,phases   ] GC(417)   Pre Evacuate Collection Set: 0.2ms
[2024-02-27T00:37:50.244+0000][7][gc,phases   ] GC(417)   Merge Heap Roots: 0.1ms
[2024-02-27T00:37:50.244+0000][7][gc,phases   ] GC(417)   Evacuate Collection Set: 3.0ms
[2024-02-27T00:37:50.244+0000][7][gc,phases   ] GC(417)   Post Evacuate Collection Set: 0.9ms
[2024-02-27T00:37:50.244+0000][7][gc,phases   ] GC(417)   Other: 0.1ms
[2024-02-27T00:37:50.244+0000][7][gc,age      ] GC(417) Age table with threshold 15 (max threshold 15)
[2024-02-27T00:37:50.244+0000][7][gc,age      ] GC(417) - age   1:    1358064 bytes,    1358064 total
[2024-02-27T00:37:50.244+0000][7][gc,age      ] GC(417) - age   2:       8568 bytes,    1366632 total
[2024-02-27T00:37:50.244+0000][7][gc,age      ] GC(417) - age   3:        632 bytes,    1367264 total
[2024-02-27T00:37:50.244+0000][7][gc,age      ] GC(417) - age   4:     150592 bytes,    1517856 total
[2024-02-27T00:37:50.244+0000][7][gc,age      ] GC(417) - age   5:       8624 bytes,    1526480 total
[2024-02-27T00:37:50.244+0000][7][gc,age      ] GC(417) - age   6:       5080 bytes,    1531560 total
[2024-02-27T00:37:50.244+0000][7][gc,age      ] GC(417) - age   7:       2128 bytes,    1533688 total
[2024-02-27T00:37:50.244+0000][7][gc,age      ] GC(417) - age   8:       7184 bytes,    1540872 total
[2024-02-27T00:37:50.244+0000][7][gc,age      ] GC(417) - age   9:      74984 bytes,    1615856 total
[2024-02-27T00:37:50.244+0000][7][gc,age      ] GC(417) - age  10:      37344 bytes,    1653200 total
[2024-02-27T00:37:50.244+0000][7][gc,age      ] GC(417) - age  11:      37344 bytes,    1690544 total
[2024-02-27T00:37:50.244+0000][7][gc,age      ] GC(417) - age  12:        320 bytes,    1690864 total
[2024-02-27T00:37:50.244+0000][7][gc,age      ] GC(417) - age  13:      31704 bytes,    1722568 total
[2024-02-27T00:37:50.244+0000][7][gc,age      ] GC(417) - age  14:         96 bytes,    1722664 total
[2024-02-27T00:37:50.244+0000][7][gc,age      ] GC(417) - age  15:       9600 bytes,    1732264 total
[2024-02-27T00:37:50.244+0000][7][gc,heap     ] GC(417) Eden regions: 152->0(152)
[2024-02-27T00:37:50.244+0000][7][gc,heap     ] GC(417) Survivor regions: 1->1(20)
[2024-02-27T00:37:50.244+0000][7][gc,heap     ] GC(417) Old regions: 26->26
[2024-02-27T00:37:50.244+0000][7][gc,heap     ] GC(417) Archive regions: 2->2
[2024-02-27T00:37:50.244+0000][7][gc,heap     ] GC(417) Humongous regions: 0->0
[2024-02-27T00:37:50.244+0000][7][gc,metaspace] GC(417) Metaspace: 129056K(132672K)->129056K(132672K) NonClass: 112208K(114112K)->112208K(114112K) Class: 16847K(18560K)->16847K(18560K)
[2024-02-27T00:37:50.244+0000][7][gc          ] GC(417) Pause Young (Normal) (G1 Evacuation Pause) 717M->108M(1024M) 4.520ms
[2024-02-27T00:37:50.244+0000][7][gc,cpu      ] GC(417) User=0.02s Sys=0.00s Real=0.00s
[2024-02-27T00:37:50.244+0000][7][safepoint   ] Safepoint "G1CollectForAllocation", Time since last: 185825674076 ns, Reaching safepoint: 47629 ns, At safepoint: 4623186 ns, Total: 4670815 ns
[2024-02-27T00:39:18.254+0000][7][safepoint   ] Safepoint "Cleanup", Time since last: 88010058782 ns, Reaching safepoint: 46025 ns, At safepoint: 3752 ns, Total: 49777 ns
[2024-02-27T00:39:36.256+0000][7][safepoint   ] Safepoint "Cleanup", Time since last: 18001435527 ns, Reaching safepoint: 364768 ns, At safepoint: 19562 ns, Total: 384330 ns
[2024-02-27T00:40:00.259+0000][7][safepoint   ] Safepoint "Cleanup", Time since last: 24002621244 ns, Reaching safepoint: 55092 ns, At safepoint: 5161 ns, Total: 60253 ns
[2024-02-27T00:40:05.259+0000][7][safepoint   ] Safepoint "Cleanup", Time since last: 5000485425 ns, Reaching safepoint: 86956 ns, At safepoint: 9808 ns, Total: 96764 ns
[2024-02-27T00:40:09.260+0000][7][safepoint   ] Safepoint "Cleanup", Time since last: 4000379550 ns, Reaching safepoint: 74272 ns, At safepoint: 8374 ns, Total: 82646 ns
[2024-02-27T00:40:13.261+0000][7][safepoint   ] Safepoint "Cleanup", Time since last: 4000705367 ns, Reaching safepoint: 128094 ns, At safepoint: 15546 ns, Total: 143640 ns
[2024-02-27T00:40:24.262+0000][7][safepoint   ] Safepoint "Cleanup", Time since last: 11001396945 ns, Reaching safepoint: 100090 ns, At safepoint: 7433 ns, Total: 107523 ns
[2024-02-27T00:40:53.270+0000][7][gc,start    ] GC(418) Pause Young (Normal) (G1 Evacuation Pause)
[2024-02-27T00:40:53.271+0000][7][gc,task     ] GC(418) Using 8 workers of 8 for evacuation
[2024-02-27T00:40:53.271+0000][7][gc,age      ] GC(418) Desired survivor size 41943040 bytes, new threshold 15 (max threshold 15)
[2024-02-27T00:40:53.272+0000][7][gc,phases   ] GC(418)   Pre Evacuate Collection Set: 0.1ms
[2024-02-27T00:40:53.272+0000][7][gc,phases   ] GC(418)   Merge Heap Roots: 0.1ms
[2024-02-27T00:40:53.272+0000][7][gc,phases   ] GC(418)   Evacuate Collection Set: 0.9ms
[2024-02-27T00:40:53.272+0000][7][gc,phases   ] GC(418)   Post Evacuate Collection Set: 0.6ms
[2024-02-27T00:40:53.272+0000][7][gc,phases   ] GC(418)   Other: 0.1ms
[2024-02-27T00:40:53.272+0000][7][gc,age      ] GC(418) Age table with threshold 15 (max threshold 15)
[2024-02-27T00:40:53.272+0000][7][gc,age      ] GC(418) - age   1:     481744 bytes,     481744 total
[2024-02-27T00:40:53.272+0000][7][gc,age      ] GC(418) - age   2:       4544 bytes,     486288 total
[2024-02-27T00:40:53.272+0000][7][gc,age      ] GC(418) - age   3:       5840 bytes,     492128 total
[2024-02-27T00:40:53.272+0000][7][gc,age      ] GC(418) - age   4:        312 bytes,     492440 total
[2024-02-27T00:40:53.272+0000][7][gc,age      ] GC(418) - age   5:     146952 bytes,     639392 total
[2024-02-27T00:40:53.272+0000][7][gc,age      ] GC(418) - age   6:       8232 bytes,     647624 total
[2024-02-27T00:40:53.272+0000][7][gc,age      ] GC(418) - age   7:       5080 bytes,     652704 total
[2024-02-27T00:40:53.272+0000][7][gc,age      ] GC(418) - age   8:       2128 bytes,     654832 total
[2024-02-27T00:40:53.272+0000][7][gc,age      ] GC(418) - age   9:       7184 bytes,     662016 total
[2024-02-27T00:40:53.272+0000][7][gc,age      ] GC(418) - age  10:      74984 bytes,     737000 total
[2024-02-27T00:40:53.272+0000][7][gc,age      ] GC(418) - age  11:      37344 bytes,     774344 total
[2024-02-27T00:40:53.272+0000][7][gc,age      ] GC(418) - age  12:      37344 bytes,     811688 total
[2024-02-27T00:40:53.272+0000][7][gc,age      ] GC(418) - age  13:        320 bytes,     812008 total
[2024-02-27T00:40:53.272+0000][7][gc,age      ] GC(418) - age  14:      17040 bytes,     829048 total
[2024-02-27T00:40:53.272+0000][7][gc,age      ] GC(418) - age  15:         96 bytes,     829144 total
[2024-02-27T00:40:53.272+0000][7][gc,heap     ] GC(418) Eden regions: 152->0(152)
[2024-02-27T00:40:53.272+0000][7][gc,heap     ] GC(418) Survivor regions: 1->1(20)
[2024-02-27T00:40:53.272+0000][7][gc,heap     ] GC(418) Old regions: 26->26
[2024-02-27T00:40:53.272+0000][7][gc,heap     ] GC(418) Archive regions: 2->2
[2024-02-27T00:40:53.272+0000][7][gc,heap     ] GC(418) Humongous regions: 0->0
[2024-02-27T00:40:53.273+0000][7][gc,metaspace] GC(418) Metaspace: 129056K(132672K)->129056K(132672K) NonClass: 112208K(114112K)->112208K(114112K) Class: 16847K(18560K)->16847K(18560K)
[2024-02-27T00:40:53.273+0000][7][gc          ] GC(418) Pause Young (Normal) (G1 Evacuation Pause) 716M->108M(1024M) 2.053ms
[2024-02-27T00:40:53.273+0000][7][gc,cpu      ] GC(418) User=0.01s Sys=0.00s Real=0.00s
[2024-02-27T00:40:53.273+0000][7][safepoint   ] Safepoint "G1CollectForAllocation", Time since last: 29008153364 ns, Reaching safepoint: 77652 ns, At safepoint: 2148632 ns, Total: 2226284 ns
[2024-02-27T00:43:32.324+0000][7][gc,start    ] GC(419) Pause Young (Normal) (G1 Evacuation Pause)
[2024-02-27T00:43:32.324+0000][7][gc,task     ] GC(419) Using 8 workers of 8 for evacuation
[2024-02-27T00:43:32.324+0000][7][gc,age      ] GC(419) Desired survivor size 41943040 bytes, new threshold 15 (max threshold 15)
[2024-02-27T00:43:32.326+0000][7][gc,phases   ] GC(419)   Pre Evacuate Collection Set: 0.2ms
[2024-02-27T00:43:32.326+0000][7][gc,phases   ] GC(419)   Merge Heap Roots: 0.1ms
[2024-02-27T00:43:32.326+0000][7][gc,phases   ] GC(419)   Evacuate Collection Set: 1.1ms
[2024-02-27T00:43:32.326+0000][7][gc,phases   ] GC(419)   Post Evacuate Collection Set: 0.7ms
[2024-02-27T00:43:32.326+0000][7][gc,phases   ] GC(419)   Other: 0.1ms
[2024-02-27T00:43:32.326+0000][7][gc,age      ] GC(419) Age table with threshold 15 (max threshold 15)
[2024-02-27T00:43:32.326+0000][7][gc,age      ] GC(419) - age   1:     369968 bytes,     369968 total
[2024-02-27T00:43:32.326+0000][7][gc,age      ] GC(419) - age   2:     222288 bytes,     592256 total
[2024-02-27T00:43:32.326+0000][7][gc,age      ] GC(419) - age   3:       1928 bytes,     594184 total
[2024-02-27T00:43:32.326+0000][7][gc,age      ] GC(419) - age   4:       5464 bytes,     599648 total
[2024-02-27T00:43:32.326+0000][7][gc,age      ] GC(419) - age   5:        312 bytes,     599960 total
[2024-02-27T00:43:32.326+0000][7][gc,age      ] GC(419) - age   6:     146952 bytes,     746912 total
[2024-02-27T00:43:32.326+0000][7][gc,age      ] GC(419) - age   7:       8232 bytes,     755144 total
[2024-02-27T00:43:32.326+0000][7][gc,age      ] GC(419) - age   8:       5080 bytes,     760224 total
[2024-02-27T00:43:32.326+0000][7][gc,age      ] GC(419) - age   9:       2128 bytes,     762352 total
[2024-02-27T00:43:32.326+0000][7][gc,age      ] GC(419) - age  10:       7184 bytes,     769536 total
[2024-02-27T00:43:32.326+0000][7][gc,age      ] GC(419) - age  11:      74984 bytes,     844520 total
[2024-02-27T00:43:32.326+0000][7][gc,age      ] GC(419) - age  12:      37344 bytes,     881864 total
[2024-02-27T00:43:32.326+0000][7][gc,age      ] GC(419) - age  13:      37344 bytes,     919208 total
[2024-02-27T00:43:32.326+0000][7][gc,age      ] GC(419) - age  14:        320 bytes,     919528 total
[2024-02-27T00:43:32.326+0000][7][gc,age      ] GC(419) - age  15:      17040 bytes,     936568 total
[2024-02-27T00:43:32.326+0000][7][gc,heap     ] GC(419) Eden regions: 152->0(152)
[2024-02-27T00:43:32.326+0000][7][gc,heap     ] GC(419) Survivor regions: 1->1(20)
[2024-02-27T00:43:32.326+0000][7][gc,heap     ] GC(419) Old regions: 26->26
[2024-02-27T00:43:32.326+0000][7][gc,heap     ] GC(419) Archive regions: 2->2
[2024-02-27T00:43:32.326+0000][7][gc,heap     ] GC(419) Humongous regions: 0->0
[2024-02-27T00:43:32.326+0000][7][gc,metaspace] GC(419) Metaspace: 129056K(132672K)->129056K(132672K) NonClass: 112208K(114112K)->112208K(114112K) Class: 16847K(18560K)->16847K(18560K)
[2024-02-27T00:43:32.326+0000][7][gc          ] GC(419) Pause Young (Normal) (G1 Evacuation Pause) 716M->108M(1024M) 2.470ms
[2024-02-27T00:43:32.326+0000][7][gc,cpu      ] GC(419) User=0.01s Sys=0.01s Real=0.01s
[2024-02-27T00:43:32.326+0000][7][safepoint   ] Safepoint "G1CollectForAllocation", Time since last: 159051011117 ns, Reaching safepoint: 91431 ns, At safepoint: 2565260 ns, Total: 2656691 ns
[2024-02-27T00:43:48.328+0000][7][safepoint   ] Safepoint "Cleanup", Time since last: 16001470140 ns, Reaching safepoint: 68544 ns, At safepoint: 40508 ns, Total: 109052 ns
[2024-02-27T00:46:24.128+0000][7][gc,start    ] GC(420) Pause Young (Normal) (G1 Evacuation Pause)
[2024-02-27T00:46:24.128+0000][7][gc,task     ] GC(420) Using 8 workers of 8 for evacuation
[2024-02-27T00:46:24.128+0000][7][gc,age      ] GC(420) Desired survivor size 41943040 bytes, new threshold 15 (max threshold 15)
[2024-02-27T00:46:24.130+0000][7][gc,phases   ] GC(420)   Pre Evacuate Collection Set: 0.1ms
[2024-02-27T00:46:24.130+0000][7][gc,phases   ] GC(420)   Merge Heap Roots: 0.1ms
[2024-02-27T00:46:24.130+0000][7][gc,phases   ] GC(420)   Evacuate Collection Set: 1.8ms
[2024-02-27T00:46:24.130+0000][7][gc,phases   ] GC(420)   Post Evacuate Collection Set: 0.6ms
[2024-02-27T00:46:24.130+0000][7][gc,phases   ] GC(420)   Other: 0.1ms
[2024-02-27T00:46:24.130+0000][7][gc,age      ] GC(420) Age table with threshold 15 (max threshold 15)
[2024-02-27T00:46:24.130+0000][7][gc,age      ] GC(420) - age   1:    1776312 bytes,    1776312 total
[2024-02-27T00:46:24.130+0000][7][gc,age      ] GC(420) - age   2:       6352 bytes,    1782664 total
[2024-02-27T00:46:24.130+0000][7][gc,age      ] GC(420) - age   3:     146072 bytes,    1928736 total
[2024-02-27T00:46:24.130+0000][7][gc,age      ] GC(420) - age   4:        304 bytes,    1929040 total
[2024-02-27T00:46:24.130+0000][7][gc,age      ] GC(420) - age   5:       5152 bytes,    1934192 total
[2024-02-27T00:46:24.130+0000][7][gc,age      ] GC(420) - age   6:        184 bytes,    1934376 total
[2024-02-27T00:46:24.130+0000][7][gc,age      ] GC(420) - age   7:     146888 bytes,    2081264 total
[2024-02-27T00:46:24.130+0000][7][gc,age      ] GC(420) - age   8:       8200 bytes,    2089464 total
[2024-02-27T00:46:24.130+0000][7][gc,age      ] GC(420) - age   9:       4896 bytes,    2094360 total
[2024-02-27T00:46:24.130+0000][7][gc,age      ] GC(420) - age  10:       2128 bytes,    2096488 total
[2024-02-27T00:46:24.130+0000][7][gc,age      ] GC(420) - age  11:       7184 bytes,    2103672 total
[2024-02-27T00:46:24.130+0000][7][gc,age      ] GC(420) - age  12:      74984 bytes,    2178656 total
[2024-02-27T00:46:24.130+0000][7][gc,age      ] GC(420) - age  13:      37344 bytes,    2216000 total
[2024-02-27T00:46:24.130+0000][7][gc,age      ] GC(420) - age  14:      37344 bytes,    2253344 total
[2024-02-27T00:46:24.130+0000][7][gc,age      ] GC(420) - age  15:        320 bytes,    2253664 total
[2024-02-27T00:46:24.130+0000][7][gc,heap     ] GC(420) Eden regions: 152->0(152)
[2024-02-27T00:46:24.130+0000][7][gc,heap     ] GC(420) Survivor regions: 1->1(20)
[2024-02-27T00:46:24.130+0000][7][gc,heap     ] GC(420) Old regions: 26->26
[2024-02-27T00:46:24.130+0000][7][gc,heap     ] GC(420) Archive regions: 2->2
[2024-02-27T00:46:24.130+0000][7][gc,heap     ] GC(420) Humongous regions: 0->0
[2024-02-27T00:46:24.130+0000][7][gc,metaspace] GC(420) Metaspace: 129058K(132672K)->129058K(132672K) NonClass: 112210K(114112K)->112210K(114112K) Class: 16847K(18560K)->16847K(18560K)
[2024-02-27T00:46:24.130+0000][7][gc          ] GC(420) Pause Young (Normal) (G1 Evacuation Pause) 716M->109M(1024M) 2.966ms
[2024-02-27T00:46:24.131+0000][7][gc,cpu      ] GC(420) User=0.01s Sys=0.00s Real=0.00s
[2024-02-27T00:46:24.131+0000][7][safepoint   ] Safepoint "G1CollectForAllocation", Time since last: 155799553383 ns, Reaching safepoint: 71022 ns, At safepoint: 3047184 ns, Total: 3118206 ns
[2024-02-27T00:48:34.147+0000][7][safepoint   ] Safepoint "Cleanup", Time since last: 130015970212 ns, Reaching safepoint: 84099 ns, At safepoint: 11645 ns, Total: 95744 ns
[2024-02-27T00:48:54.149+0000][7][safepoint   ] Safepoint "Cleanup", Time since last: 20002195346 ns, Reaching safepoint: 109439 ns, At safepoint: 44354 ns, Total: 153793 ns
[2024-02-27T00:49:17.340+0000][7][gc,start    ] GC(421) Pause Young (Normal) (G1 Evacuation Pause)
[2024-02-27T00:49:17.340+0000][7][gc,task     ] GC(421) Using 8 workers of 8 for evacuation
[2024-02-27T00:49:17.340+0000][7][gc,age      ] GC(421) Desired survivor size 41943040 bytes, new threshold 15 (max threshold 15)
[2024-02-27T00:49:17.344+0000][7][gc,phases   ] GC(421)   Pre Evacuate Collection Set: 0.1ms
[2024-02-27T00:49:17.344+0000][7][gc,phases   ] GC(421)   Merge Heap Roots: 0.1ms
[2024-02-27T00:49:17.344+0000][7][gc,phases   ] GC(421)   Evacuate Collection Set: 2.5ms
[2024-02-27T00:49:17.344+0000][7][gc,phases   ] GC(421)   Post Evacuate Collection Set: 1.2ms
[2024-02-27T00:49:17.344+0000][7][gc,phases   ] GC(421)   Other: 0.2ms
[2024-02-27T00:49:17.344+0000][7][gc,age      ] GC(421) Age table with threshold 15 (max threshold 15)
[2024-02-27T00:49:17.344+0000][7][gc,age      ] GC(421) - age   1:    1380832 bytes,    1380832 total
[2024-02-27T00:49:17.344+0000][7][gc,age      ] GC(421) - age   2:     116840 bytes,    1497672 total
[2024-02-27T00:49:17.344+0000][7][gc,age      ] GC(421) - age   3:       4272 bytes,    1501944 total
[2024-02-27T00:49:17.344+0000][7][gc,age      ] GC(421) - age   4:     142488 bytes,    1644432 total
[2024-02-27T00:49:17.344+0000][7][gc,age      ] GC(421) - age   5:        304 bytes,    1644736 total
[2024-02-27T00:49:17.344+0000][7][gc,age      ] GC(421) - age   6:       5096 bytes,    1649832 total
[2024-02-27T00:49:17.344+0000][7][gc,age      ] GC(421) - age   7:        184 bytes,    1650016 total
[2024-02-27T00:49:17.344+0000][7][gc,age      ] GC(421) - age   8:     146888 bytes,    1796904 total
[2024-02-27T00:49:17.344+0000][7][gc,age      ] GC(421) - age   9:       8200 bytes,    1805104 total
[2024-02-27T00:49:17.344+0000][7][gc,age      ] GC(421) - age  10:       4896 bytes,    1810000 total
[2024-02-27T00:49:17.344+0000][7][gc,age      ] GC(421) - age  11:       2128 bytes,    1812128 total
[2024-02-27T00:49:17.344+0000][7][gc,age      ] GC(421) - age  12:       7184 bytes,    1819312 total
[2024-02-27T00:49:17.344+0000][7][gc,age      ] GC(421) - age  13:      74984 bytes,    1894296 total
[2024-02-27T00:49:17.344+0000][7][gc,age      ] GC(421) - age  14:      37344 bytes,    1931640 total
[2024-02-27T00:49:17.344+0000][7][gc,age      ] GC(421) - age  15:      37344 bytes,    1968984 total
[2024-02-27T00:49:17.344+0000][7][gc,heap     ] GC(421) Eden regions: 152->0(152)
[2024-02-27T00:49:17.344+0000][7][gc,heap     ] GC(421) Survivor regions: 1->1(20)
[2024-02-27T00:49:17.344+0000][7][gc,heap     ] GC(421) Old regions: 26->26
[2024-02-27T00:49:17.344+0000][7][gc,heap     ] GC(421) Archive regions: 2->2
[2024-02-27T00:49:17.344+0000][7][gc,heap     ] GC(421) Humongous regions: 0->0
[2024-02-27T00:49:17.344+0000][7][gc,metaspace] GC(421) Metaspace: 129058K(132672K)->129058K(132672K) NonClass: 112210K(114112K)->112210K(114112K) Class: 16847K(18560K)->16847K(18560K)
[2024-02-27T00:49:17.344+0000][7][gc          ] GC(421) Pause Young (Normal) (G1 Evacuation Pause) 717M->109M(1024M) 4.398ms
[2024-02-27T00:49:17.344+0000][7][gc,cpu      ] GC(421) User=0.00s Sys=0.01s Real=0.00s
[2024-02-27T00:49:17.344+0000][7][safepoint   ] Safepoint "G1CollectForAllocation", Time since last: 23190606617 ns, Reaching safepoint: 67362 ns, At safepoint: 4681145 ns, Total: 4748507 ns
[2024-02-27T00:52:23.384+0000][7][gc,start    ] GC(422) Pause Young (Normal) (G1 Evacuation Pause)
[2024-02-27T00:52:23.385+0000][7][gc,task     ] GC(422) Using 8 workers of 8 for evacuation
[2024-02-27T00:52:23.385+0000][7][gc,age      ] GC(422) Desired survivor size 41943040 bytes, new threshold 15 (max threshold 15)
[2024-02-27T00:52:23.386+0000][7][gc,phases   ] GC(422)   Pre Evacuate Collection Set: 0.1ms
[2024-02-27T00:52:23.386+0000][7][gc,phases   ] GC(422)   Merge Heap Roots: 0.1ms
[2024-02-27T00:52:23.386+0000][7][gc,phases   ] GC(422)   Evacuate Collection Set: 1.0ms
[2024-02-27T00:52:23.386+0000][7][gc,phases   ] GC(422)   Post Evacuate Collection Set: 0.6ms
[2024-02-27T00:52:23.386+0000][7][gc,phases   ] GC(422)   Other: 0.1ms
[2024-02-27T00:52:23.386+0000][7][gc,age      ] GC(422) Age table with threshold 15 (max threshold 15)
[2024-02-27T00:52:23.386+0000][7][gc,age      ] GC(422) - age   1:    1996376 bytes,    1996376 total
[2024-02-27T00:52:23.386+0000][7][gc,age      ] GC(422) - age   2:      11208 bytes,    2007584 total
[2024-02-27T00:52:23.386+0000][7][gc,age      ] GC(422) - age   3:     113856 bytes,    2121440 total
[2024-02-27T00:52:23.386+0000][7][gc,age      ] GC(422) - age   4:       3720 bytes,    2125160 total
[2024-02-27T00:52:23.386+0000][7][gc,age      ] GC(422) - age   5:     142240 bytes,    2267400 total
[2024-02-27T00:52:23.386+0000][7][gc,age      ] GC(422) - age   6:        304 bytes,    2267704 total
[2024-02-27T00:52:23.386+0000][7][gc,age      ] GC(422) - age   7:       5096 bytes,    2272800 total
[2024-02-27T00:52:23.386+0000][7][gc,age      ] GC(422) - age   8:        184 bytes,    2272984 total
[2024-02-27T00:52:23.386+0000][7][gc,age      ] GC(422) - age   9:     146888 bytes,    2419872 total
[2024-02-27T00:52:23.386+0000][7][gc,age      ] GC(422) - age  10:       8200 bytes,    2428072 total
[2024-02-27T00:52:23.386+0000][7][gc,age      ] GC(422) - age  11:       4896 bytes,    2432968 total
[2024-02-27T00:52:23.386+0000][7][gc,age      ] GC(422) - age  12:       2128 bytes,    2435096 total
[2024-02-27T00:52:23.386+0000][7][gc,age      ] GC(422) - age  13:       7184 bytes,    2442280 total
[2024-02-27T00:52:23.386+0000][7][gc,age      ] GC(422) - age  14:      74984 bytes,    2517264 total
[2024-02-27T00:52:23.386+0000][7][gc,age      ] GC(422) - age  15:      37344 bytes,    2554608 total
[2024-02-27T00:52:23.386+0000][7][gc,heap     ] GC(422) Eden regions: 152->0(152)
[2024-02-27T00:52:23.386+0000][7][gc,heap     ] GC(422) Survivor regions: 1->1(20)
[2024-02-27T00:52:23.386+0000][7][gc,heap     ] GC(422) Old regions: 26->26
[2024-02-27T00:52:23.386+0000][7][gc,heap     ] GC(422) Archive regions: 2->2
[2024-02-27T00:52:23.386+0000][7][gc,heap     ] GC(422) Humongous regions: 0->0
[2024-02-27T00:52:23.386+0000][7][gc,metaspace] GC(422) Metaspace: 129058K(132672K)->129058K(132672K) NonClass: 112210K(114112K)->112210K(114112K) Class: 16847K(18560K)->16847K(18560K)
[2024-02-27T00:52:23.386+0000][7][gc          ] GC(422) Pause Young (Normal) (G1 Evacuation Pause) 717M->109M(1024M) 1.985ms
[2024-02-27T00:52:23.386+0000][7][gc,cpu      ] GC(422) User=0.01s Sys=0.00s Real=0.01s
[2024-02-27T00:52:23.387+0000][7][safepoint   ] Safepoint "G1CollectForAllocation", Time since last: 186040139710 ns, Reaching safepoint: 25278 ns, At safepoint: 2054045 ns, Total: 2079323 ns
[2024-02-27T00:55:35.322+0000][7][gc,start    ] GC(423) Pause Young (Normal) (G1 Evacuation Pause)
[2024-02-27T00:55:35.322+0000][7][gc,task     ] GC(423) Using 8 workers of 8 for evacuation
[2024-02-27T00:55:35.322+0000][7][gc,age      ] GC(423) Desired survivor size 41943040 bytes, new threshold 15 (max threshold 15)
[2024-02-27T00:55:35.324+0000][7][gc,phases   ] GC(423)   Pre Evacuate Collection Set: 0.1ms
[2024-02-27T00:55:35.324+0000][7][gc,phases   ] GC(423)   Merge Heap Roots: 0.1ms
[2024-02-27T00:55:35.324+0000][7][gc,phases   ] GC(423)   Evacuate Collection Set: 1.0ms
[2024-02-27T00:55:35.324+0000][7][gc,phases   ] GC(423)   Post Evacuate Collection Set: 0.5ms
[2024-02-27T00:55:35.324+0000][7][gc,phases   ] GC(423)   Other: 0.1ms
[2024-02-27T00:55:35.324+0000][7][gc,age      ] GC(423) Age table with threshold 15 (max threshold 15)
[2024-02-27T00:55:35.324+0000][7][gc,age      ] GC(423) - age   1:    1016232 bytes,    1016232 total
[2024-02-27T00:55:35.324+0000][7][gc,age      ] GC(423) - age   2:       9408 bytes,    1025640 total
[2024-02-27T00:55:35.324+0000][7][gc,age      ] GC(423) - age   3:       8016 bytes,    1033656 total
[2024-02-27T00:55:35.324+0000][7][gc,age      ] GC(423) - age   4:     112784 bytes,    1146440 total
[2024-02-27T00:55:35.324+0000][7][gc,age      ] GC(423) - age   5:       3656 bytes,    1150096 total
[2024-02-27T00:55:35.324+0000][7][gc,age      ] GC(423) - age   6:     141848 bytes,    1291944 total
[2024-02-27T00:55:35.324+0000][7][gc,age      ] GC(423) - age   7:        272 bytes,    1292216 total
[2024-02-27T00:55:35.324+0000][7][gc,age      ] GC(423) - age   8:       4712 bytes,    1296928 total
[2024-02-27T00:55:35.324+0000][7][gc,age      ] GC(423) - age   9:        184 bytes,    1297112 total
[2024-02-27T00:55:35.324+0000][7][gc,age      ] GC(423) - age  10:     146888 bytes,    1444000 total
[2024-02-27T00:55:35.324+0000][7][gc,age      ] GC(423) - age  11:       8200 bytes,    1452200 total
[2024-02-27T00:55:35.324+0000][7][gc,age      ] GC(423) - age  12:       4712 bytes,    1456912 total
[2024-02-27T00:55:35.324+0000][7][gc,age      ] GC(423) - age  13:       2128 bytes,    1459040 total
[2024-02-27T00:55:35.324+0000][7][gc,age      ] GC(423) - age  14:       7184 bytes,    1466224 total
[2024-02-27T00:55:35.324+0000][7][gc,age      ] GC(423) - age  15:      74984 bytes,    1541208 total
[2024-02-27T00:55:35.324+0000][7][gc,heap     ] GC(423) Eden regions: 152->0(152)
[2024-02-27T00:55:35.324+0000][7][gc,heap     ] GC(423) Survivor regions: 1->1(20)
[2024-02-27T00:55:35.324+0000][7][gc,heap     ] GC(423) Old regions: 26->26
[2024-02-27T00:55:35.324+0000][7][gc,heap     ] GC(423) Archive regions: 2->2
[2024-02-27T00:55:35.324+0000][7][gc,heap     ] GC(423) Humongous regions: 0->0
[2024-02-27T00:55:35.324+0000][7][gc,metaspace] GC(423) Metaspace: 129059K(132672K)->129059K(132672K) NonClass: 112211K(114112K)->112211K(114112K) Class: 16847K(18560K)->16847K(18560K)
[2024-02-27T00:55:35.324+0000][7][gc          ] GC(423) Pause Young (Normal) (G1 Evacuation Pause) 717M->108M(1024M) 1.859ms
[2024-02-27T00:55:35.324+0000][7][gc,cpu      ] GC(423) User=0.01s Sys=0.00s Real=0.00s
[2024-02-27T00:55:35.324+0000][7][safepoint   ] Safepoint "G1CollectForAllocation", Time since last: 191935642616 ns, Reaching safepoint: 68270 ns, At safepoint: 1926973 ns, Total: 1995243 ns
[2024-02-27T00:57:19.335+0000][7][safepoint   ] Safepoint "Cleanup", Time since last: 104011261670 ns, Reaching safepoint: 69335 ns, At safepoint: 7874 ns, Total: 77209 ns
[2024-02-27T00:58:21.343+0000][7][safepoint   ] Safepoint "Cleanup", Time since last: 62007077110 ns, Reaching safepoint: 75313 ns, At safepoint: 9479 ns, Total: 84792 ns
[2024-02-27T00:58:38.289+0000][7][gc,start    ] GC(424) Pause Young (Normal) (G1 Evacuation Pause)
[2024-02-27T00:58:38.289+0000][7][gc,task     ] GC(424) Using 8 workers of 8 for evacuation
[2024-02-27T00:58:38.289+0000][7][gc,age      ] GC(424) Desired survivor size 41943040 bytes, new threshold 15 (max threshold 15)
[2024-02-27T00:58:38.291+0000][7][gc,phases   ] GC(424)   Pre Evacuate Collection Set: 0.1ms
[2024-02-27T00:58:38.291+0000][7][gc,phases   ] GC(424)   Merge Heap Roots: 0.1ms
[2024-02-27T00:58:38.291+0000][7][gc,phases   ] GC(424)   Evacuate Collection Set: 1.0ms
[2024-02-27T00:58:38.291+0000][7][gc,phases   ] GC(424)   Post Evacuate Collection Set: 0.6ms
[2024-02-27T00:58:38.291+0000][7][gc,phases   ] GC(424)   Other: 0.1ms
[2024-02-27T00:58:38.291+0000][7][gc,age      ] GC(424) Age table with threshold 15 (max threshold 15)
[2024-02-27T00:58:38.291+0000][7][gc,age      ] GC(424) - age   1:     443624 bytes,     443624 total
[2024-02-27T00:58:38.291+0000][7][gc,age      ] GC(424) - age   2:       4592 bytes,     448216 total
[2024-02-27T00:58:38.291+0000][7][gc,age      ] GC(424) - age   3:       6968 bytes,     455184 total
[2024-02-27T00:58:38.291+0000][7][gc,age      ] GC(424) - age   4:       4240 bytes,     459424 total
[2024-02-27T00:58:38.291+0000][7][gc,age      ] GC(424) - age   5:     112640 bytes,     572064 total
[2024-02-27T00:58:38.291+0000][7][gc,age      ] GC(424) - age   6:       3472 bytes,     575536 total
[2024-02-27T00:58:38.291+0000][7][gc,age      ] GC(424) - age   7:     141848 bytes,     717384 total
[2024-02-27T00:58:38.291+0000][7][gc,age      ] GC(424) - age   8:        272 bytes,     717656 total
[2024-02-27T00:58:38.291+0000][7][gc,age      ] GC(424) - age   9:       4712 bytes,     722368 total
[2024-02-27T00:58:38.291+0000][7][gc,age      ] GC(424) - age  11:     146888 bytes,     869256 total
[2024-02-27T00:58:38.291+0000][7][gc,age      ] GC(424) - age  12:       8200 bytes,     877456 total
[2024-02-27T00:58:38.291+0000][7][gc,age      ] GC(424) - age  13:       4712 bytes,     882168 total
[2024-02-27T00:58:38.291+0000][7][gc,age      ] GC(424) - age  14:       2128 bytes,     884296 total
[2024-02-27T00:58:38.291+0000][7][gc,age      ] GC(424) - age  15:       7184 bytes,     891480 total
[2024-02-27T00:58:38.291+0000][7][gc,heap     ] GC(424) Eden regions: 152->0(152)
[2024-02-27T00:58:38.291+0000][7][gc,heap     ] GC(424) Survivor regions: 1->1(20)
[2024-02-27T00:58:38.291+0000][7][gc,heap     ] GC(424) Old regions: 26->26
[2024-02-27T00:58:38.291+0000][7][gc,heap     ] GC(424) Archive regions: 2->2
[2024-02-27T00:58:38.291+0000][7][gc,heap     ] GC(424) Humongous regions: 0->0
[2024-02-27T00:58:38.291+0000][7][gc,metaspace] GC(424) Metaspace: 129059K(132672K)->129059K(132672K) NonClass: 112211K(114112K)->112211K(114112K) Class: 16847K(18560K)->16847K(18560K)
[2024-02-27T00:58:38.292+0000][7][gc          ] GC(424) Pause Young (Normal) (G1 Evacuation Pause) 716M->108M(1024M) 2.258ms
[2024-02-27T00:58:38.292+0000][7][gc,cpu      ] GC(424) User=0.01s Sys=0.00s Real=0.00s
[2024-02-27T00:58:38.292+0000][7][safepoint   ] Safepoint "G1CollectForAllocation", Time since last: 16946516458 ns, Reaching safepoint: 49632 ns, At safepoint: 2344647 ns, Total: 2394279 ns
[2024-02-27T01:00:48.305+0000][7][safepoint   ] Safepoint "Cleanup", Time since last: 130013152015 ns, Reaching safepoint: 64085 ns, At safepoint: 4237 ns, Total: 68322 ns
[2024-02-27T01:01:33.204+0000][7][gc,start    ] GC(425) Pause Young (Normal) (G1 Evacuation Pause)
[2024-02-27T01:01:33.204+0000][7][gc,task     ] GC(425) Using 8 workers of 8 for evacuation
[2024-02-27T01:01:33.204+0000][7][gc,age      ] GC(425) Desired survivor size 41943040 bytes, new threshold 15 (max threshold 15)
[2024-02-27T01:01:33.210+0000][7][gc,phases   ] GC(425)   Pre Evacuate Collection Set: 0.2ms
[2024-02-27T01:01:33.210+0000][7][gc,phases   ] GC(425)   Merge Heap Roots: 0.1ms
[2024-02-27T01:01:33.210+0000][7][gc,phases   ] GC(425)   Evacuate Collection Set: 4.1ms
[2024-02-27T01:01:33.210+0000][7][gc,phases   ] GC(425)   Post Evacuate Collection Set: 1.1ms
[2024-02-27T01:01:33.210+0000][7][gc,phases   ] GC(425)   Other: 0.1ms
[2024-02-27T01:01:33.210+0000][7][gc,age      ] GC(425) Age table with threshold 15 (max threshold 15)
[2024-02-27T01:01:33.210+0000][7][gc,age      ] GC(425) - age   1:    1141840 bytes,    1141840 total
[2024-02-27T01:01:33.210+0000][7][gc,age      ] GC(425) - age   2:       6656 bytes,    1148496 total
[2024-02-27T01:01:33.210+0000][7][gc,age      ] GC(425) - age   3:       2168 bytes,    1150664 total
[2024-02-27T01:01:33.210+0000][7][gc,age      ] GC(425) - age   4:        248 bytes,    1150912 total
[2024-02-27T01:01:33.210+0000][7][gc,age      ] GC(425) - age   5:        328 bytes,    1151240 total
[2024-02-27T01:01:33.210+0000][7][gc,age      ] GC(425) - age   6:      12128 bytes,    1163368 total
[2024-02-27T01:01:33.210+0000][7][gc,age      ] GC(425) - age   7:       3472 bytes,    1166840 total
[2024-02-27T01:01:33.210+0000][7][gc,age      ] GC(425) - age   8:     140536 bytes,    1307376 total
[2024-02-27T01:01:33.210+0000][7][gc,age      ] GC(425) - age   9:        272 bytes,    1307648 total
[2024-02-27T01:01:33.210+0000][7][gc,age      ] GC(425) - age  10:       4712 bytes,    1312360 total
[2024-02-27T01:01:33.210+0000][7][gc,age      ] GC(425) - age  12:     146608 bytes,    1458968 total
[2024-02-27T01:01:33.210+0000][7][gc,age      ] GC(425) - age  13:       8200 bytes,    1467168 total
[2024-02-27T01:01:33.210+0000][7][gc,age      ] GC(425) - age  14:       4712 bytes,    1471880 total
[2024-02-27T01:01:33.210+0000][7][gc,age      ] GC(425) - age  15:       2128 bytes,    1474008 total
[2024-02-27T01:01:33.210+0000][7][gc,heap     ] GC(425) Eden regions: 152->0(152)
[2024-02-27T01:01:33.210+0000][7][gc,heap     ] GC(425) Survivor regions: 1->1(20)
[2024-02-27T01:01:33.210+0000][7][gc,heap     ] GC(425) Old regions: 26->26
[2024-02-27T01:01:33.210+0000][7][gc,heap     ] GC(425) Archive regions: 2->2
[2024-02-27T01:01:33.210+0000][7][gc,heap     ] GC(425) Humongous regions: 0->0
[2024-02-27T01:01:33.210+0000][7][gc,metaspace] GC(425) Metaspace: 129078K(132672K)->129078K(132672K) NonClass: 112230K(114112K)->112230K(114112K) Class: 16847K(18560K)->16847K(18560K)
[2024-02-27T01:01:33.210+0000][7][gc          ] GC(425) Pause Young (Normal) (G1 Evacuation Pause) 716M->108M(1024M) 5.981ms
[2024-02-27T01:01:33.210+0000][7][gc,cpu      ] GC(425) User=0.01s Sys=0.01s Real=0.01s
[2024-02-27T01:01:33.210+0000][7][safepoint   ] Safepoint "G1CollectForAllocation", Time since last: 44899259130 ns, Reaching safepoint: 71121 ns, At safepoint: 6089059 ns, Total: 6160180 ns
[2024-02-27T01:01:57.213+0000][7][safepoint   ] Safepoint "Cleanup", Time since last: 24002257049 ns, Reaching safepoint: 86217 ns, At safepoint: 25520 ns, Total: 111737 ns
[2024-02-27T01:02:18.215+0000][7][safepoint   ] Safepoint "Cleanup", Time since last: 21001879617 ns, Reaching safepoint: 45552 ns, At safepoint: 5277 ns, Total: 50829 ns
[2024-02-27T01:02:37.216+0000][7][safepoint   ] Safepoint "Cleanup", Time since last: 19001861652 ns, Reaching safepoint: 76703 ns, At safepoint: 34824 ns, Total: 111527 ns
[2024-02-27T01:04:09.732+0000][7][gc,start    ] GC(426) Pause Young (Normal) (G1 Evacuation Pause)
[2024-02-27T01:04:09.732+0000][7][gc,task     ] GC(426) Using 8 workers of 8 for evacuation
[2024-02-27T01:04:09.732+0000][7][gc,age      ] GC(426) Desired survivor size 41943040 bytes, new threshold 15 (max threshold 15)
[2024-02-27T01:04:09.735+0000][7][gc,phases   ] GC(426)   Pre Evacuate Collection Set: 0.2ms
[2024-02-27T01:04:09.735+0000][7][gc,phases   ] GC(426)   Merge Heap Roots: 0.1ms
[2024-02-27T01:04:09.735+0000][7][gc,phases   ] GC(426)   Evacuate Collection Set: 1.6ms
[2024-02-27T01:04:09.735+0000][7][gc,phases   ] GC(426)   Post Evacuate Collection Set: 0.7ms
[2024-02-27T01:04:09.735+0000][7][gc,phases   ] GC(426)   Other: 0.1ms
[2024-02-27T01:04:09.735+0000][7][gc,age      ] GC(426) Age table with threshold 15 (max threshold 15)
[2024-02-27T01:04:09.735+0000][7][gc,age      ] GC(426) - age   1:    1146192 bytes,    1146192 total
[2024-02-27T01:04:09.735+0000][7][gc,age      ] GC(426) - age   2:     292712 bytes,    1438904 total
[2024-02-27T01:04:09.735+0000][7][gc,age      ] GC(426) - age   3:       5088 bytes,    1443992 total
[2024-02-27T01:04:09.735+0000][7][gc,age      ] GC(426) - age   4:       2080 bytes,    1446072 total
[2024-02-27T01:04:09.735+0000][7][gc,age      ] GC(426) - age   5:        184 bytes,    1446256 total
[2024-02-27T01:04:09.735+0000][7][gc,age      ] GC(426) - age   6:         80 bytes,    1446336 total
[2024-02-27T01:04:09.735+0000][7][gc,age      ] GC(426) - age   7:      11872 bytes,    1458208 total
[2024-02-27T01:04:09.735+0000][7][gc,age      ] GC(426) - age   8:       3472 bytes,    1461680 total
[2024-02-27T01:04:09.735+0000][7][gc,age      ] GC(426) - age   9:     140536 bytes,    1602216 total
[2024-02-27T01:04:09.735+0000][7][gc,age      ] GC(426) - age  10:        272 bytes,    1602488 total
[2024-02-27T01:04:09.735+0000][7][gc,age      ] GC(426) - age  11:       4712 bytes,    1607200 total
[2024-02-27T01:04:09.735+0000][7][gc,age      ] GC(426) - age  13:     146608 bytes,    1753808 total
[2024-02-27T01:04:09.735+0000][7][gc,age      ] GC(426) - age  14:       8200 bytes,    1762008 total
[2024-02-27T01:04:09.735+0000][7][gc,age      ] GC(426) - age  15:       4712 bytes,    1766720 total
[2024-02-27T01:04:09.735+0000][7][gc,heap     ] GC(426) Eden regions: 152->0(152)
[2024-02-27T01:04:09.735+0000][7][gc,heap     ] GC(426) Survivor regions: 1->1(20)
[2024-02-27T01:04:09.735+0000][7][gc,heap     ] GC(426) Old regions: 26->26
[2024-02-27T01:04:09.735+0000][7][gc,heap     ] GC(426) Archive regions: 2->2
[2024-02-27T01:04:09.735+0000][7][gc,heap     ] GC(426) Humongous regions: 0->0
[2024-02-27T01:04:09.735+0000][7][gc,metaspace] GC(426) Metaspace: 129078K(132672K)->129078K(132672K) NonClass: 112230K(114112K)->112230K(114112K) Class: 16847K(18560K)->16847K(18560K)
[2024-02-27T01:04:09.735+0000][7][gc          ] GC(426) Pause Young (Normal) (G1 Evacuation Pause) 716M->109M(1024M) 2.964ms
[2024-02-27T01:04:09.735+0000][7][gc,cpu      ] GC(426) User=0.02s Sys=0.00s Real=0.01s
[2024-02-27T01:04:09.735+0000][7][safepoint   ] Safepoint "G1CollectForAllocation", Time since last: 92515488736 ns, Reaching safepoint: 193304 ns, At safepoint: 3058635 ns, Total: 3251939 ns
[2024-02-27T01:07:17.408+0000][7][gc,start    ] GC(427) Pause Young (Normal) (G1 Evacuation Pause)
[2024-02-27T01:07:17.409+0000][7][gc,task     ] GC(427) Using 8 workers of 8 for evacuation
[2024-02-27T01:07:17.409+0000][7][gc,age      ] GC(427) Desired survivor size 41943040 bytes, new threshold 15 (max threshold 15)
[2024-02-27T01:07:17.411+0000][7][gc,phases   ] GC(427)   Pre Evacuate Collection Set: 0.1ms
[2024-02-27T01:07:17.411+0000][7][gc,phases   ] GC(427)   Merge Heap Roots: 0.1ms
[2024-02-27T01:07:17.411+0000][7][gc,phases   ] GC(427)   Evacuate Collection Set: 1.3ms
[2024-02-27T01:07:17.411+0000][7][gc,phases   ] GC(427)   Post Evacuate Collection Set: 0.7ms
[2024-02-27T01:07:17.411+0000][7][gc,phases   ] GC(427)   Other: 0.1ms
[2024-02-27T01:07:17.411+0000][7][gc,age      ] GC(427) Age table with threshold 15 (max threshold 15)
[2024-02-27T01:07:17.411+0000][7][gc,age      ] GC(427) - age   1:    1844968 bytes,    1844968 total
[2024-02-27T01:07:17.411+0000][7][gc,age      ] GC(427) - age   2:       2576 bytes,    1847544 total
[2024-02-27T01:07:17.411+0000][7][gc,age      ] GC(427) - age   3:     198864 bytes,    2046408 total
[2024-02-27T01:07:17.411+0000][7][gc,age      ] GC(427) - age   4:       3944 bytes,    2050352 total
[2024-02-27T01:07:17.411+0000][7][gc,age      ] GC(427) - age   5:       1048 bytes,    2051400 total
[2024-02-27T01:07:17.411+0000][7][gc,age      ] GC(427) - age   7:         16 bytes,    2051416 total
[2024-02-27T01:07:17.411+0000][7][gc,age      ] GC(427) - age   8:        384 bytes,    2051800 total
[2024-02-27T01:07:17.411+0000][7][gc,age      ] GC(427) - age   9:       3472 bytes,    2055272 total
[2024-02-27T01:07:17.411+0000][7][gc,age      ] GC(427) - age  10:     140536 bytes,    2195808 total
[2024-02-27T01:07:17.411+0000][7][gc,age      ] GC(427) - age  11:        272 bytes,    2196080 total
[2024-02-27T01:07:17.411+0000][7][gc,age      ] GC(427) - age  12:       4712 bytes,    2200792 total
[2024-02-27T01:07:17.411+0000][7][gc,age      ] GC(427) - age  14:     146608 bytes,    2347400 total
[2024-02-27T01:07:17.411+0000][7][gc,age      ] GC(427) - age  15:       8200 bytes,    2355600 total
[2024-02-27T01:07:17.411+0000][7][gc,heap     ] GC(427) Eden regions: 152->0(152)
[2024-02-27T01:07:17.411+0000][7][gc,heap     ] GC(427) Survivor regions: 1->1(20)
[2024-02-27T01:07:17.411+0000][7][gc,heap     ] GC(427) Old regions: 26->26
[2024-02-27T01:07:17.411+0000][7][gc,heap     ] GC(427) Archive regions: 2->2
[2024-02-27T01:07:17.411+0000][7][gc,heap     ] GC(427) Humongous regions: 0->0
[2024-02-27T01:07:17.411+0000][7][gc,metaspace] GC(427) Metaspace: 129078K(132672K)->129078K(132672K) NonClass: 112230K(114112K)->112230K(114112K) Class: 16847K(18560K)->16847K(18560K)
[2024-02-27T01:07:17.411+0000][7][gc          ] GC(427) Pause Young (Normal) (G1 Evacuation Pause) 717M->109M(1024M) 2.478ms
[2024-02-27T01:07:17.411+0000][7][gc,cpu      ] GC(427) User=0.02s Sys=0.00s Real=0.00s
[2024-02-27T01:07:17.411+0000][7][safepoint   ] Safepoint "G1CollectForAllocation", Time since last: 187673170038 ns, Reaching safepoint: 44574 ns, At safepoint: 2560076 ns, Total: 2604650 ns
[2024-02-27T01:07:36.413+0000][7][safepoint   ] Safepoint "Cleanup", Time since last: 19001852886 ns, Reaching safepoint: 73334 ns, At safepoint: 40604 ns, Total: 113938 ns
[2024-02-27T13:59:58.126+0000][7][safepoint   ] Safepoint "Cleanup", Time since last: 116397577301 ns, Reaching safepoint: 49796 ns, At safepoint: 8309 ns, Total: 58105 ns
[2024-02-27T14:00:19.133+0000][7][gc,start    ] GC(428) Pause Young (Normal) (G1 Evacuation Pause)
[2024-02-27T14:00:19.133+0000][7][gc,task     ] GC(428) Using 8 workers of 8 for evacuation
[2024-02-27T14:00:19.133+0000][7][gc,age      ] GC(428) Desired survivor size 41943040 bytes, new threshold 15 (max threshold 15)
[2024-02-27T14:00:19.135+0000][7][gc,phases   ] GC(428)   Pre Evacuate Collection Set: 0.1ms
[2024-02-27T14:00:19.135+0000][7][gc,phases   ] GC(428)   Merge Heap Roots: 0.1ms
[2024-02-27T14:00:19.135+0000][7][gc,phases   ] GC(428)   Evacuate Collection Set: 1.1ms
[2024-02-27T14:00:19.135+0000][7][gc,phases   ] GC(428)   Post Evacuate Collection Set: 0.6ms
[2024-02-27T14:00:19.135+0000][7][gc,phases   ] GC(428)   Other: 0.1ms
[2024-02-27T14:00:19.135+0000][7][gc,age      ] GC(428) Age table with threshold 15 (max threshold 15)
[2024-02-27T14:00:19.135+0000][7][gc,age      ] GC(428) - age   1:    1228464 bytes,    1228464 total
[2024-02-27T14:00:19.135+0000][7][gc,age      ] GC(428) - age   2:      22456 bytes,    1250920 total
[2024-02-27T14:00:19.135+0000][7][gc,age      ] GC(428) - age   3:        592 bytes,    1251512 total
[2024-02-27T14:00:19.135+0000][7][gc,age      ] GC(428) - age   4:      52944 bytes,    1304456 total
[2024-02-27T14:00:19.135+0000][7][gc,age      ] GC(428) - age   5:        488 bytes,    1304944 total
[2024-02-27T14:00:19.135+0000][7][gc,age      ] GC(428) - age   6:        656 bytes,    1305600 total
[2024-02-27T14:00:19.135+0000][7][gc,age      ] GC(428) - age   8:         16 bytes,    1305616 total
[2024-02-27T14:00:19.135+0000][7][gc,age      ] GC(428) - age   9:        384 bytes,    1306000 total
[2024-02-27T14:00:19.135+0000][7][gc,age      ] GC(428) - age  10:       3472 bytes,    1309472 total
[2024-02-27T14:00:19.135+0000][7][gc,age      ] GC(428) - age  11:     140536 bytes,    1450008 total
[2024-02-27T14:00:19.135+0000][7][gc,age      ] GC(428) - age  12:        272 bytes,    1450280 total
[2024-02-27T14:00:19.135+0000][7][gc,age      ] GC(428) - age  13:       4712 bytes,    1454992 total
[2024-02-27T14:00:19.135+0000][7][gc,age      ] GC(428) - age  15:     146384 bytes,    1601376 total
[2024-02-27T14:00:19.135+0000][7][gc,heap     ] GC(428) Eden regions: 152->0(152)
[2024-02-27T14:00:19.135+0000][7][gc,heap     ] GC(428) Survivor regions: 1->1(20)
[2024-02-27T14:00:19.135+0000][7][gc,heap     ] GC(428) Old regions: 26->26
[2024-02-27T14:00:19.135+0000][7][gc,heap     ] GC(428) Archive regions: 2->2
[2024-02-27T14:00:19.135+0000][7][gc,heap     ] GC(428) Humongous regions: 0->0
[2024-02-27T14:00:19.135+0000][7][gc,metaspace] GC(428) Metaspace: 129093K(132736K)->129093K(132736K) NonClass: 112245K(114176K)->112245K(114176K) Class: 16847K(18560K)->16847K(18560K)
[2024-02-27T14:00:19.135+0000][7][gc          ] GC(428) Pause Young (Normal) (G1 Evacuation Pause) 717M->109M(1024M) 2.200ms
[2024-02-27T14:00:19.135+0000][7][gc,cpu      ] GC(428) User=0.01s Sys=0.00s Real=0.00s
[2024-02-27T14:00:19.135+0000][7][safepoint   ] Safepoint "G1CollectForAllocation", Time since last: 21006871051 ns, Reaching safepoint: 47727 ns, At safepoint: 2297021 ns, Total: 2344748 ns
[2024-02-27T14:03:04.722+0000][7][gc,start    ] GC(429) Pause Young (Normal) (G1 Evacuation Pause)
[2024-02-27T14:03:04.722+0000][7][gc,task     ] GC(429) Using 8 workers of 8 for evacuation
[2024-02-27T14:03:04.722+0000][7][gc,age      ] GC(429) Desired survivor size 41943040 bytes, new threshold 15 (max threshold 15)
[2024-02-27T14:03:04.724+0000][7][gc,phases   ] GC(429)   Pre Evacuate Collection Set: 0.1ms
[2024-02-27T14:03:04.724+0000][7][gc,phases   ] GC(429)   Merge Heap Roots: 0.1ms
[2024-02-27T14:03:04.724+0000][7][gc,phases   ] GC(429)   Evacuate Collection Set: 1.1ms
[2024-02-27T14:03:04.724+0000][7][gc,phases   ] GC(429)   Post Evacuate Collection Set: 0.6ms
[2024-02-27T14:03:04.724+0000][7][gc,phases   ] GC(429)   Other: 0.1ms
[2024-02-27T14:03:04.724+0000][7][gc,age      ] GC(429) Age table with threshold 15 (max threshold 15)
[2024-02-27T14:03:04.724+0000][7][gc,age      ] GC(429) - age   1:    1676600 bytes,    1676600 total
[2024-02-27T14:03:04.724+0000][7][gc,age      ] GC(429) - age   2:     315592 bytes,    1992192 total
[2024-02-27T14:03:04.724+0000][7][gc,age      ] GC(429) - age   3:      19128 bytes,    2011320 total
[2024-02-27T14:03:04.724+0000][7][gc,age      ] GC(429) - age   4:        208 bytes,    2011528 total
[2024-02-27T14:03:04.724+0000][7][gc,age      ] GC(429) - age   5:      52816 bytes,    2064344 total
[2024-02-27T14:03:04.724+0000][7][gc,age      ] GC(429) - age   6:        488 bytes,    2064832 total
[2024-02-27T14:03:04.724+0000][7][gc,age      ] GC(429) - age   7:        272 bytes,    2065104 total
[2024-02-27T14:03:04.724+0000][7][gc,age      ] GC(429) - age   9:         16 bytes,    2065120 total
[2024-02-27T14:03:04.724+0000][7][gc,age      ] GC(429) - age  10:        384 bytes,    2065504 total
[2024-02-27T14:03:04.724+0000][7][gc,age      ] GC(429) - age  11:       3472 bytes,    2068976 total
[2024-02-27T14:03:04.724+0000][7][gc,age      ] GC(429) - age  12:     140536 bytes,    2209512 total
[2024-02-27T14:03:04.724+0000][7][gc,age      ] GC(429) - age  13:        272 bytes,    2209784 total
[2024-02-27T14:03:04.724+0000][7][gc,age      ] GC(429) - age  14:       4712 bytes,    2214496 total
[2024-02-27T14:03:04.724+0000][7][gc,heap     ] GC(429) Eden regions: 152->0(152)
[2024-02-27T14:03:04.724+0000][7][gc,heap     ] GC(429) Survivor regions: 1->1(20)
[2024-02-27T14:03:04.724+0000][7][gc,heap     ] GC(429) Old regions: 26->26
[2024-02-27T14:03:04.724+0000][7][gc,heap     ] GC(429) Archive regions: 2->2
[2024-02-27T14:03:04.724+0000][7][gc,heap     ] GC(429) Humongous regions: 0->0
[2024-02-27T14:03:04.724+0000][7][gc,metaspace] GC(429) Metaspace: 129093K(132736K)->129093K(132736K) NonClass: 112245K(114176K)->112245K(114176K) Class: 16847K(18560K)->16847K(18560K)
[2024-02-27T14:03:04.724+0000][7][gc          ] GC(429) Pause Young (Normal) (G1 Evacuation Pause) 717M->109M(1024M) 2.086ms
[2024-02-27T14:03:04.724+0000][7][gc,cpu      ] GC(429) User=0.01s Sys=0.00s Real=0.00s
[2024-02-27T14:03:04.724+0000][7][safepoint   ] Safepoint "G1CollectForAllocation", Time since last: 165587174533 ns, Reaching safepoint: 30368 ns, At safepoint: 2167297 ns, Total: 2197665 ns
[2024-02-27T14:06:07.010+0000][7][gc,start    ] GC(430) Pause Young (Normal) (G1 Evacuation Pause)
[2024-02-27T14:06:07.010+0000][7][gc,task     ] GC(430) Using 8 workers of 8 for evacuation
[2024-02-27T14:06:07.010+0000][7][gc,age      ] GC(430) Desired survivor size 41943040 bytes, new threshold 15 (max threshold 15)
[2024-02-27T14:06:07.013+0000][7][gc,phases   ] GC(430)   Pre Evacuate Collection Set: 0.1ms
[2024-02-27T14:06:07.013+0000][7][gc,phases   ] GC(430)   Merge Heap Roots: 0.1ms
[2024-02-27T14:06:07.013+0000][7][gc,phases   ] GC(430)   Evacuate Collection Set: 1.7ms
[2024-02-27T14:06:07.013+0000][7][gc,phases   ] GC(430)   Post Evacuate Collection Set: 0.7ms
[2024-02-27T14:06:07.013+0000][7][gc,phases   ] GC(430)   Other: 0.1ms
[2024-02-27T14:06:07.013+0000][7][gc,age      ] GC(430) Age table with threshold 15 (max threshold 15)
[2024-02-27T14:06:07.013+0000][7][gc,age      ] GC(430) - age   1:    1271736 bytes,    1271736 total
[2024-02-27T14:06:07.013+0000][7][gc,age      ] GC(430) - age   2:       4016 bytes,    1275752 total
[2024-02-27T14:06:07.013+0000][7][gc,age      ] GC(430) - age   3:     254896 bytes,    1530648 total
[2024-02-27T14:06:07.013+0000][7][gc,age      ] GC(430) - age   4:        112 bytes,    1530760 total
[2024-02-27T14:06:07.013+0000][7][gc,age      ] GC(430) - age   5:        184 bytes,    1530944 total
[2024-02-27T14:06:07.013+0000][7][gc,age      ] GC(430) - age   6:      50136 bytes,    1581080 total
[2024-02-27T14:06:07.013+0000][7][gc,age      ] GC(430) - age   7:        488 bytes,    1581568 total
[2024-02-27T14:06:07.013+0000][7][gc,age      ] GC(430) - age   8:        208 bytes,    1581776 total
[2024-02-27T14:06:07.013+0000][7][gc,age      ] GC(430) - age  10:         16 bytes,    1581792 total
[2024-02-27T14:06:07.013+0000][7][gc,age      ] GC(430) - age  11:        312 bytes,    1582104 total
[2024-02-27T14:06:07.013+0000][7][gc,age      ] GC(430) - age  12:       3472 bytes,    1585576 total
[2024-02-27T14:06:07.013+0000][7][gc,age      ] GC(430) - age  13:     140536 bytes,    1726112 total
[2024-02-27T14:06:07.013+0000][7][gc,age      ] GC(430) - age  14:        272 bytes,    1726384 total
[2024-02-27T14:06:07.013+0000][7][gc,age      ] GC(430) - age  15:       4712 bytes,    1731096 total
[2024-02-27T14:06:07.013+0000][7][gc,heap     ] GC(430) Eden regions: 152->0(152)
[2024-02-27T14:06:07.013+0000][7][gc,heap     ] GC(430) Survivor regions: 1->1(20)
[2024-02-27T14:06:07.013+0000][7][gc,heap     ] GC(430) Old regions: 26->26
[2024-02-27T14:06:07.013+0000][7][gc,heap     ] GC(430) Archive regions: 2->2
[2024-02-27T14:06:07.013+0000][7][gc,heap     ] GC(430) Humongous regions: 0->0
[2024-02-27T14:06:07.013+0000][7][gc,metaspace] GC(430) Metaspace: 129094K(132736K)->129094K(132736K) NonClass: 112246K(114176K)->112246K(114176K) Class: 16847K(18560K)->16847K(18560K)
[2024-02-27T14:06:07.013+0000][7][gc          ] GC(430) Pause Young (Normal) (G1 Evacuation Pause) 717M->109M(1024M) 2.986ms
[2024-02-27T14:06:07.013+0000][7][gc,cpu      ] GC(430) User=0.02s Sys=0.00s Real=0.00s
[2024-02-27T14:06:07.013+0000][7][safepoint   ] Safepoint "G1CollectForAllocation", Time since last: 182285585539 ns, Reaching safepoint: 70262 ns, At safepoint: 3088760 ns, Total: 3159022 ns
[2024-02-27T14:09:06.788+0000][7][gc,start    ] GC(431) Pause Young (Normal) (G1 Evacuation Pause)
[2024-02-27T14:09:06.788+0000][7][gc,task     ] GC(431) Using 8 workers of 8 for evacuation
[2024-02-27T14:09:06.788+0000][7][gc,age      ] GC(431) Desired survivor size 41943040 bytes, new threshold 15 (max threshold 15)
[2024-02-27T14:09:06.790+0000][7][gc,phases   ] GC(431)   Pre Evacuate Collection Set: 0.1ms
[2024-02-27T14:09:06.790+0000][7][gc,phases   ] GC(431)   Merge Heap Roots: 0.0ms
[2024-02-27T14:09:06.790+0000][7][gc,phases   ] GC(431)   Evacuate Collection Set: 1.1ms
[2024-02-27T14:09:06.790+0000][7][gc,phases   ] GC(431)   Post Evacuate Collection Set: 0.7ms
[2024-02-27T14:09:06.790+0000][7][gc,phases   ] GC(431)   Other: 0.1ms
[2024-02-27T14:09:06.790+0000][7][gc,age      ] GC(431) Age table with threshold 15 (max threshold 15)
[2024-02-27T14:09:06.790+0000][7][gc,age      ] GC(431) - age   1:    2023072 bytes,    2023072 total
[2024-02-27T14:09:06.790+0000][7][gc,age      ] GC(431) - age   2:     119784 bytes,    2142856 total
[2024-02-27T14:09:06.790+0000][7][gc,age      ] GC(431) - age   3:       1120 bytes,    2143976 total
[2024-02-27T14:09:06.790+0000][7][gc,age      ] GC(431) - age   4:     251312 bytes,    2395288 total
[2024-02-27T14:09:06.790+0000][7][gc,age      ] GC(431) - age   5:        112 bytes,    2395400 total
[2024-02-27T14:09:06.790+0000][7][gc,age      ] GC(431) - age   7:      17832 bytes,    2413232 total
[2024-02-27T14:09:06.790+0000][7][gc,age      ] GC(431) - age   8:        488 bytes,    2413720 total
[2024-02-27T14:09:06.790+0000][7][gc,age      ] GC(431) - age   9:        208 bytes,    2413928 total
[2024-02-27T14:09:06.790+0000][7][gc,age      ] GC(431) - age  11:         16 bytes,    2413944 total
[2024-02-27T14:09:06.790+0000][7][gc,age      ] GC(431) - age  12:        312 bytes,    2414256 total
[2024-02-27T14:09:06.790+0000][7][gc,age      ] GC(431) - age  13:       3472 bytes,    2417728 total
[2024-02-27T14:09:06.790+0000][7][gc,age      ] GC(431) - age  14:     140536 bytes,    2558264 total
[2024-02-27T14:09:06.790+0000][7][gc,age      ] GC(431) - age  15:        272 bytes,    2558536 total
[2024-02-27T14:09:06.790+0000][7][gc,heap     ] GC(431) Eden regions: 152->0(152)
[2024-02-27T14:09:06.790+0000][7][gc,heap     ] GC(431) Survivor regions: 1->1(20)
[2024-02-27T14:09:06.790+0000][7][gc,heap     ] GC(431) Old regions: 26->26
[2024-02-27T14:09:06.790+0000][7][gc,heap     ] GC(431) Archive regions: 2->2
[2024-02-27T14:09:06.790+0000][7][gc,heap     ] GC(431) Humongous regions: 0->0
[2024-02-27T14:09:06.790+0000][7][gc,metaspace] GC(431) Metaspace: 129094K(132736K)->129094K(132736K) NonClass: 112246K(114176K)->112246K(114176K) Class: 16847K(18560K)->16847K(18560K)
[2024-02-27T14:09:06.790+0000][7][gc          ] GC(431) Pause Young (Normal) (G1 Evacuation Pause) 717M->110M(1024M) 2.168ms
[2024-02-27T14:09:06.790+0000][7][gc,cpu      ] GC(431) User=0.01s Sys=0.01s Real=0.01s
[2024-02-27T14:09:06.790+0000][7][safepoint   ] Safepoint "G1CollectForAllocation", Time since last: 179774731928 ns, Reaching safepoint: 29799 ns, At safepoint: 2252979 ns, Total: 2282778 ns
[2024-02-27T14:12:06.718+0000][7][gc,start    ] GC(432) Pause Young (Normal) (G1 Evacuation Pause)
[2024-02-27T14:12:06.718+0000][7][gc,task     ] GC(432) Using 8 workers of 8 for evacuation
[2024-02-27T14:12:06.718+0000][7][gc,age      ] GC(432) Desired survivor size 41943040 bytes, new threshold 15 (max threshold 15)
[2024-02-27T14:12:06.721+0000][7][gc,phases   ] GC(432)   Pre Evacuate Collection Set: 0.1ms
[2024-02-27T14:12:06.721+0000][7][gc,phases   ] GC(432)   Merge Heap Roots: 0.1ms
[2024-02-27T14:12:06.721+0000][7][gc,phases   ] GC(432)   Evacuate Collection Set: 1.6ms
[2024-02-27T14:12:06.721+0000][7][gc,phases   ] GC(432)   Post Evacuate Collection Set: 0.8ms
[2024-02-27T14:12:06.721+0000][7][gc,phases   ] GC(432)   Other: 0.1ms
[2024-02-27T14:12:06.721+0000][7][gc,age      ] GC(432) Age table with threshold 15 (max threshold 15)
[2024-02-27T14:12:06.721+0000][7][gc,age      ] GC(432) - age   1:    1053896 bytes,    1053896 total
[2024-02-27T14:12:06.721+0000][7][gc,age      ] GC(432) - age   2:      23872 bytes,    1077768 total
[2024-02-27T14:12:06.721+0000][7][gc,age      ] GC(432) - age   3:     117728 bytes,    1195496 total
[2024-02-27T14:12:06.721+0000][7][gc,age      ] GC(432) - age   4:        632 bytes,    1196128 total
[2024-02-27T14:12:06.721+0000][7][gc,age      ] GC(432) - age   5:     251312 bytes,    1447440 total
[2024-02-27T14:12:06.721+0000][7][gc,age      ] GC(432) - age   6:        112 bytes,    1447552 total
[2024-02-27T14:12:06.721+0000][7][gc,age      ] GC(432) - age   8:      17832 bytes,    1465384 total
[2024-02-27T14:12:06.721+0000][7][gc,age      ] GC(432) - age   9:        488 bytes,    1465872 total
[2024-02-27T14:12:06.721+0000][7][gc,age      ] GC(432) - age  10:        208 bytes,    1466080 total
[2024-02-27T14:12:06.721+0000][7][gc,age      ] GC(432) - age  12:         16 bytes,    1466096 total
[2024-02-27T14:12:06.721+0000][7][gc,age      ] GC(432) - age  13:        312 bytes,    1466408 total
[2024-02-27T14:12:06.721+0000][7][gc,age      ] GC(432) - age  14:       3472 bytes,    1469880 total
[2024-02-27T14:12:06.721+0000][7][gc,age      ] GC(432) - age  15:     140536 bytes,    1610416 total
[2024-02-27T14:12:06.721+0000][7][gc,heap     ] GC(432) Eden regions: 152->0(152)
[2024-02-27T14:12:06.721+0000][7][gc,heap     ] GC(432) Survivor regions: 1->1(20)
[2024-02-27T14:12:06.721+0000][7][gc,heap     ] GC(432) Old regions: 26->26
[2024-02-27T14:12:06.721+0000][7][gc,heap     ] GC(432) Archive regions: 2->2
[2024-02-27T14:12:06.721+0000][7][gc,heap     ] GC(432) Humongous regions: 0->0
[2024-02-27T14:12:06.721+0000][7][gc,metaspace] GC(432) Metaspace: 129094K(132736K)->129094K(132736K) NonClass: 112246K(114176K)->112246K(114176K) Class: 16847K(18560K)->16847K(18560K)
[2024-02-27T14:12:06.721+0000][7][gc          ] GC(432) Pause Young (Normal) (G1 Evacuation Pause) 718M->109M(1024M) 2.965ms
[2024-02-27T14:12:06.721+0000][7][gc,cpu      ] GC(432) User=0.01s Sys=0.00s Real=0.01s
[2024-02-27T14:12:06.721+0000][7][safepoint   ] Safepoint "G1CollectForAllocation", Time since last: 179928061508 ns, Reaching safepoint: 67856 ns, At safepoint: 3060499 ns, Total: 3128355 ns
[2024-02-27T14:12:56.725+0000][7][safepoint   ] Safepoint "Cleanup", Time since last: 50003907527 ns, Reaching safepoint: 60115 ns, At safepoint: 28756 ns, Total: 88871 ns
[2024-02-27T14:15:00.691+0000][7][gc,start    ] GC(433) Pause Young (Normal) (G1 Evacuation Pause)
[2024-02-27T14:15:00.692+0000][7][gc,task     ] GC(433) Using 8 workers of 8 for evacuation
[2024-02-27T14:15:00.692+0000][7][gc,age      ] GC(433) Desired survivor size 41943040 bytes, new threshold 15 (max threshold 15)
[2024-02-27T14:15:00.693+0000][7][gc,phases   ] GC(433)   Pre Evacuate Collection Set: 0.1ms
[2024-02-27T14:15:00.693+0000][7][gc,phases   ] GC(433)   Merge Heap Roots: 0.1ms
[2024-02-27T14:15:00.693+0000][7][gc,phases   ] GC(433)   Evacuate Collection Set: 0.7ms
[2024-02-27T14:15:00.693+0000][7][gc,phases   ] GC(433)   Post Evacuate Collection Set: 0.5ms
[2024-02-27T14:15:00.693+0000][7][gc,phases   ] GC(433)   Other: 0.1ms
[2024-02-27T14:15:00.693+0000][7][gc,age      ] GC(433) Age table with threshold 15 (max threshold 15)
[2024-02-27T14:15:00.693+0000][7][gc,age      ] GC(433) - age   1:     584768 bytes,     584768 total
[2024-02-27T14:15:00.693+0000][7][gc,age      ] GC(433) - age   2:      21032 bytes,     605800 total
[2024-02-27T14:15:00.693+0000][7][gc,age      ] GC(433) - age   3:      21248 bytes,     627048 total
[2024-02-27T14:15:00.693+0000][7][gc,age      ] GC(433) - age   4:     117096 bytes,     744144 total
[2024-02-27T14:15:00.693+0000][7][gc,age      ] GC(433) - age   5:        568 bytes,     744712 total
[2024-02-27T14:15:00.693+0000][7][gc,age      ] GC(433) - age   6:     250920 bytes,     995632 total
[2024-02-27T14:15:00.693+0000][7][gc,age      ] GC(433) - age   7:        112 bytes,     995744 total
[2024-02-27T14:15:00.693+0000][7][gc,age      ] GC(433) - age   9:      17832 bytes,    1013576 total
[2024-02-27T14:15:00.693+0000][7][gc,age      ] GC(433) - age  10:        488 bytes,    1014064 total
[2024-02-27T14:15:00.693+0000][7][gc,age      ] GC(433) - age  11:        208 bytes,    1014272 total
[2024-02-27T14:15:00.693+0000][7][gc,age      ] GC(433) - age  13:         16 bytes,    1014288 total
[2024-02-27T14:15:00.693+0000][7][gc,age      ] GC(433) - age  14:        312 bytes,    1014600 total
[2024-02-27T14:15:00.693+0000][7][gc,age      ] GC(433) - age  15:       3472 bytes,    1018072 total
[2024-02-27T14:15:00.693+0000][7][gc,heap     ] GC(433) Eden regions: 152->0(152)
[2024-02-27T14:15:00.693+0000][7][gc,heap     ] GC(433) Survivor regions: 1->1(20)
[2024-02-27T14:15:00.693+0000][7][gc,heap     ] GC(433) Old regions: 26->26
[2024-02-27T14:15:00.693+0000][7][gc,heap     ] GC(433) Archive regions: 2->2
[2024-02-27T14:15:00.693+0000][7][gc,heap     ] GC(433) Humongous regions: 0->0
[2024-02-27T14:15:00.693+0000][7][gc,metaspace] GC(433) Metaspace: 129094K(132736K)->129094K(132736K) NonClass: 112246K(114176K)->112246K(114176K) Class: 16847K(18560K)->16847K(18560K)
[2024-02-27T14:15:00.693+0000][7][gc          ] GC(433) Pause Young (Normal) (G1 Evacuation Pause) 717M->108M(1024M) 1.543ms
[2024-02-27T14:15:00.693+0000][7][gc,cpu      ] GC(433) User=0.01s Sys=0.00s Real=0.00s
[2024-02-27T14:15:00.693+0000][7][safepoint   ] Safepoint "G1CollectForAllocation", Time since last: 123966282762 ns, Reaching safepoint: 34742 ns, At safepoint: 1613742 ns, Total: 1648484 ns
[2024-02-27T14:17:46.706+0000][7][safepoint   ] Safepoint "Cleanup", Time since last: 166012718860 ns, Reaching safepoint: 87912 ns, At safepoint: 8485 ns, Total: 96397 ns
[2024-02-27T14:18:06.668+0000][7][gc,start    ] GC(434) Pause Young (Normal) (G1 Evacuation Pause)
[2024-02-27T14:18:06.668+0000][7][gc,task     ] GC(434) Using 8 workers of 8 for evacuation
[2024-02-27T14:18:06.668+0000][7][gc,age      ] GC(434) Desired survivor size 41943040 bytes, new threshold 15 (max threshold 15)
[2024-02-27T14:18:06.670+0000][7][gc,phases   ] GC(434)   Pre Evacuate Collection Set: 0.1ms
[2024-02-27T14:18:06.670+0000][7][gc,phases   ] GC(434)   Merge Heap Roots: 0.1ms
[2024-02-27T14:18:06.670+0000][7][gc,phases   ] GC(434)   Evacuate Collection Set: 1.2ms
[2024-02-27T14:18:06.670+0000][7][gc,phases   ] GC(434)   Post Evacuate Collection Set: 0.7ms
[2024-02-27T14:18:06.670+0000][7][gc,phases   ] GC(434)   Other: 0.1ms
[2024-02-27T14:18:06.670+0000][7][gc,age      ] GC(434) Age table with threshold 15 (max threshold 15)
[2024-02-27T14:18:06.670+0000][7][gc,age      ] GC(434) - age   1:     887184 bytes,     887184 total
[2024-02-27T14:18:06.670+0000][7][gc,age      ] GC(434) - age   2:       2168 bytes,     889352 total
[2024-02-27T14:18:06.670+0000][7][gc,age      ] GC(434) - age   3:      19424 bytes,     908776 total
[2024-02-27T14:18:06.670+0000][7][gc,age      ] GC(434) - age   4:      20248 bytes,     929024 total
[2024-02-27T14:18:06.670+0000][7][gc,age      ] GC(434) - age   5:     116192 bytes,    1045216 total
[2024-02-27T14:18:06.670+0000][7][gc,age      ] GC(434) - age   6:        568 bytes,    1045784 total
[2024-02-27T14:18:06.670+0000][7][gc,age      ] GC(434) - age   7:     218616 bytes,    1264400 total
[2024-02-27T14:18:06.670+0000][7][gc,age      ] GC(434) - age   8:         80 bytes,    1264480 total
[2024-02-27T14:18:06.670+0000][7][gc,age      ] GC(434) - age  10:      17832 bytes,    1282312 total
[2024-02-27T14:18:06.670+0000][7][gc,age      ] GC(434) - age  11:        488 bytes,    1282800 total
[2024-02-27T14:18:06.670+0000][7][gc,age      ] GC(434) - age  12:        208 bytes,    1283008 total
[2024-02-27T14:18:06.670+0000][7][gc,age      ] GC(434) - age  14:         16 bytes,    1283024 total
[2024-02-27T14:18:06.670+0000][7][gc,age      ] GC(434) - age  15:        312 bytes,    1283336 total
[2024-02-27T14:18:06.670+0000][7][gc,heap     ] GC(434) Eden regions: 152->0(152)
[2024-02-27T14:18:06.670+0000][7][gc,heap     ] GC(434) Survivor regions: 1->1(20)
[2024-02-27T14:18:06.670+0000][7][gc,heap     ] GC(434) Old regions: 26->26
[2024-02-27T14:18:06.670+0000][7][gc,heap     ] GC(434) Archive regions: 2->2
[2024-02-27T14:18:06.670+0000][7][gc,heap     ] GC(434) Humongous regions: 0->0
[2024-02-27T14:18:06.670+0000][7][gc,metaspace] GC(434) Metaspace: 129094K(132736K)->129094K(132736K) NonClass: 112246K(114176K)->112246K(114176K) Class: 16847K(18560K)->16847K(18560K)
[2024-02-27T14:18:06.671+0000][7][gc          ] GC(434) Pause Young (Normal) (G1 Evacuation Pause) 716M->109M(1024M) 2.541ms
[2024-02-27T14:18:06.671+0000][7][gc,cpu      ] GC(434) User=0.01s Sys=0.00s Real=0.01s
[2024-02-27T14:18:06.671+0000][7][safepoint   ] Safepoint "G1CollectForAllocation", Time since last: 19962014328 ns, Reaching safepoint: 59246 ns, At safepoint: 2639838 ns, Total: 2699084 ns
[2024-02-27T14:20:45.690+0000][7][gc,start    ] GC(435) Pause Young (Normal) (G1 Evacuation Pause)
[2024-02-27T14:20:45.690+0000][7][gc,task     ] GC(435) Using 8 workers of 8 for evacuation
[2024-02-27T14:20:45.690+0000][7][gc,age      ] GC(435) Desired survivor size 41943040 bytes, new threshold 15 (max threshold 15)
[2024-02-27T14:20:45.692+0000][7][gc,phases   ] GC(435)   Pre Evacuate Collection Set: 0.1ms
[2024-02-27T14:20:45.692+0000][7][gc,phases   ] GC(435)   Merge Heap Roots: 0.1ms
[2024-02-27T14:20:45.692+0000][7][gc,phases   ] GC(435)   Evacuate Collection Set: 0.8ms
[2024-02-27T14:20:45.692+0000][7][gc,phases   ] GC(435)   Post Evacuate Collection Set: 0.5ms
[2024-02-27T14:20:45.692+0000][7][gc,phases   ] GC(435)   Other: 0.1ms
[2024-02-27T14:20:45.692+0000][7][gc,age      ] GC(435) Age table with threshold 15 (max threshold 15)
[2024-02-27T14:20:45.692+0000][7][gc,age      ] GC(435) - age   1:     667368 bytes,     667368 total
[2024-02-27T14:20:45.692+0000][7][gc,age      ] GC(435) - age   2:       4448 bytes,     671816 total
[2024-02-27T14:20:45.692+0000][7][gc,age      ] GC(435) - age   3:        896 bytes,     672712 total
[2024-02-27T14:20:45.692+0000][7][gc,age      ] GC(435) - age   4:      19296 bytes,     692008 total
[2024-02-27T14:20:45.692+0000][7][gc,age      ] GC(435) - age   5:      16792 bytes,     708800 total
[2024-02-27T14:20:45.692+0000][7][gc,age      ] GC(435) - age   6:     116192 bytes,     824992 total
[2024-02-27T14:20:45.692+0000][7][gc,age      ] GC(435) - age   7:        568 bytes,     825560 total
[2024-02-27T14:20:45.692+0000][7][gc,age      ] GC(435) - age   8:     218616 bytes,    1044176 total
[2024-02-27T14:20:45.692+0000][7][gc,age      ] GC(435) - age   9:         80 bytes,    1044256 total
[2024-02-27T14:20:45.692+0000][7][gc,age      ] GC(435) - age  11:      17832 bytes,    1062088 total
[2024-02-27T14:20:45.692+0000][7][gc,age      ] GC(435) - age  12:        488 bytes,    1062576 total
[2024-02-27T14:20:45.692+0000][7][gc,age      ] GC(435) - age  13:         24 bytes,    1062600 total
[2024-02-27T14:20:45.692+0000][7][gc,age      ] GC(435) - age  15:         16 bytes,    1062616 total
[2024-02-27T14:20:45.692+0000][7][gc,heap     ] GC(435) Eden regions: 152->0(152)
[2024-02-27T14:20:45.692+0000][7][gc,heap     ] GC(435) Survivor regions: 1->1(20)
[2024-02-27T14:20:45.692+0000][7][gc,heap     ] GC(435) Old regions: 26->26
[2024-02-27T14:20:45.692+0000][7][gc,heap     ] GC(435) Archive regions: 2->2
[2024-02-27T14:20:45.692+0000][7][gc,heap     ] GC(435) Humongous regions: 0->0
[2024-02-27T14:20:45.692+0000][7][gc,metaspace] GC(435) Metaspace: 129094K(132736K)->129094K(132736K) NonClass: 112246K(114176K)->112246K(114176K) Class: 16847K(18560K)->16847K(18560K)
[2024-02-27T14:20:45.692+0000][7][gc          ] GC(435) Pause Young (Normal) (G1 Evacuation Pause) 717M->108M(1024M) 1.664ms
[2024-02-27T14:20:45.692+0000][7][gc,cpu      ] GC(435) User=0.01s Sys=0.00s Real=0.00s
[2024-02-27T14:20:45.692+0000][7][safepoint   ] Safepoint "G1CollectForAllocation", Time since last: 159019573190 ns, Reaching safepoint: 36619 ns, At safepoint: 1735954 ns, Total: 1772573 ns
[2024-02-27T14:23:46.205+0000][7][gc,start    ] GC(436) Pause Young (Normal) (G1 Evacuation Pause)
[2024-02-27T14:23:46.205+0000][7][gc,task     ] GC(436) Using 8 workers of 8 for evacuation
[2024-02-27T14:23:46.205+0000][7][gc,age      ] GC(436) Desired survivor size 41943040 bytes, new threshold 15 (max threshold 15)
[2024-02-27T14:23:46.207+0000][7][gc,phases   ] GC(436)   Pre Evacuate Collection Set: 0.1ms
[2024-02-27T14:23:46.207+0000][7][gc,phases   ] GC(436)   Merge Heap Roots: 0.1ms
[2024-02-27T14:23:46.207+0000][7][gc,phases   ] GC(436)   Evacuate Collection Set: 1.2ms
[2024-02-27T14:23:46.207+0000][7][gc,phases   ] GC(436)   Post Evacuate Collection Set: 0.6ms
[2024-02-27T14:23:46.207+0000][7][gc,phases   ] GC(436)   Other: 0.1ms
[2024-02-27T14:23:46.207+0000][7][gc,age      ] GC(436) Age table with threshold 15 (max threshold 15)
[2024-02-27T14:23:46.207+0000][7][gc,age      ] GC(436) - age   1:    1122520 bytes,    1122520 total
[2024-02-27T14:23:46.207+0000][7][gc,age      ] GC(436) - age   2:       5584 bytes,    1128104 total
[2024-02-27T14:23:46.207+0000][7][gc,age      ] GC(436) - age   3:       1160 bytes,    1129264 total
[2024-02-27T14:23:46.207+0000][7][gc,age      ] GC(436) - age   4:        704 bytes,    1129968 total
[2024-02-27T14:23:46.207+0000][7][gc,age      ] GC(436) - age   5:      19296 bytes,    1149264 total
[2024-02-27T14:23:46.207+0000][7][gc,age      ] GC(436) - age   6:      16792 bytes,    1166056 total
[2024-02-27T14:23:46.207+0000][7][gc,age      ] GC(436) - age   7:     116192 bytes,    1282248 total
[2024-02-27T14:23:46.207+0000][7][gc,age      ] GC(436) - age   8:        184 bytes,    1282432 total
[2024-02-27T14:23:46.207+0000][7][gc,age      ] GC(436) - age   9:     218616 bytes,    1501048 total
[2024-02-27T14:23:46.207+0000][7][gc,age      ] GC(436) - age  10:         80 bytes,    1501128 total
[2024-02-27T14:23:46.207+0000][7][gc,age      ] GC(436) - age  12:      17832 bytes,    1518960 total
[2024-02-27T14:23:46.207+0000][7][gc,age      ] GC(436) - age  13:        304 bytes,    1519264 total
[2024-02-27T14:23:46.207+0000][7][gc,age      ] GC(436) - age  14:         24 bytes,    1519288 total
[2024-02-27T14:23:46.207+0000][7][gc,heap     ] GC(436) Eden regions: 152->0(152)
[2024-02-27T14:23:46.207+0000][7][gc,heap     ] GC(436) Survivor regions: 1->1(20)
[2024-02-27T14:23:46.207+0000][7][gc,heap     ] GC(436) Old regions: 26->26
[2024-02-27T14:23:46.207+0000][7][gc,heap     ] GC(436) Archive regions: 2->2
[2024-02-27T14:23:46.207+0000][7][gc,heap     ] GC(436) Humongous regions: 0->0
[2024-02-27T14:23:46.207+0000][7][gc,metaspace] GC(436) Metaspace: 129094K(132736K)->129094K(132736K) NonClass: 112246K(114176K)->112246K(114176K) Class: 16847K(18560K)->16847K(18560K)
[2024-02-27T14:23:46.207+0000][7][gc          ] GC(436) Pause Young (Normal) (G1 Evacuation Pause) 716M->109M(1024M) 2.256ms
[2024-02-27T14:23:46.207+0000][7][gc,cpu      ] GC(436) User=0.01s Sys=0.00s Real=0.00s
[2024-02-27T14:23:46.207+0000][7][safepoint   ] Safepoint "G1CollectForAllocation", Time since last: 180512691889 ns, Reaching safepoint: 46438 ns, At safepoint: 2344614 ns, Total: 2391052 ns
[2024-02-27T14:26:42.699+0000][7][gc,start    ] GC(437) Pause Young (Normal) (G1 Evacuation Pause)
[2024-02-27T14:26:42.699+0000][7][gc,task     ] GC(437) Using 8 workers of 8 for evacuation
[2024-02-27T14:26:42.699+0000][7][gc,age      ] GC(437) Desired survivor size 41943040 bytes, new threshold 15 (max threshold 15)
[2024-02-27T14:26:42.701+0000][7][gc,phases   ] GC(437)   Pre Evacuate Collection Set: 0.1ms
[2024-02-27T14:26:42.701+0000][7][gc,phases   ] GC(437)   Merge Heap Roots: 0.1ms
[2024-02-27T14:26:42.701+0000][7][gc,phases   ] GC(437)   Evacuate Collection Set: 1.0ms
[2024-02-27T14:26:42.701+0000][7][gc,phases   ] GC(437)   Post Evacuate Collection Set: 0.7ms
[2024-02-27T14:26:42.701+0000][7][gc,phases   ] GC(437)   Other: 0.1ms
[2024-02-27T14:26:42.701+0000][7][gc,age      ] GC(437) Age table with threshold 15 (max threshold 15)
[2024-02-27T14:26:42.701+0000][7][gc,age      ] GC(437) - age   1:     514008 bytes,     514008 total
[2024-02-27T14:26:42.701+0000][7][gc,age      ] GC(437) - age   2:       4344 bytes,     518352 total
[2024-02-27T14:26:42.701+0000][7][gc,age      ] GC(437) - age   3:       4208 bytes,     522560 total
[2024-02-27T14:26:42.701+0000][7][gc,age      ] GC(437) - age   4:        160 bytes,     522720 total
[2024-02-27T14:26:42.701+0000][7][gc,age      ] GC(437) - age   5:        704 bytes,     523424 total
[2024-02-27T14:26:42.701+0000][7][gc,age      ] GC(437) - age   6:      19296 bytes,     542720 total
[2024-02-27T14:26:42.701+0000][7][gc,age      ] GC(437) - age   7:      16608 bytes,     559328 total
[2024-02-27T14:26:42.701+0000][7][gc,age      ] GC(437) - age   8:     116128 bytes,     675456 total
[2024-02-27T14:26:42.701+0000][7][gc,age      ] GC(437) - age   9:        184 bytes,     675640 total
[2024-02-27T14:26:42.701+0000][7][gc,age      ] GC(437) - age  10:     218520 bytes,     894160 total
[2024-02-27T14:26:42.701+0000][7][gc,age      ] GC(437) - age  11:         80 bytes,     894240 total
[2024-02-27T14:26:42.701+0000][7][gc,age      ] GC(437) - age  13:      17832 bytes,     912072 total
[2024-02-27T14:26:42.701+0000][7][gc,age      ] GC(437) - age  14:        304 bytes,     912376 total
[2024-02-27T14:26:42.701+0000][7][gc,age      ] GC(437) - age  15:         24 bytes,     912400 total
[2024-02-27T14:26:42.701+0000][7][gc,heap     ] GC(437) Eden regions: 152->0(152)
[2024-02-27T14:26:42.701+0000][7][gc,heap     ] GC(437) Survivor regions: 1->1(20)
[2024-02-27T14:26:42.701+0000][7][gc,heap     ] GC(437) Old regions: 26->26
[2024-02-27T14:26:42.701+0000][7][gc,heap     ] GC(437) Archive regions: 2->2
[2024-02-27T14:26:42.701+0000][7][gc,heap     ] GC(437) Humongous regions: 0->0
[2024-02-27T14:26:42.701+0000][7][gc,metaspace] GC(437) Metaspace: 129095K(132736K)->129095K(132736K) NonClass: 112247K(114176K)->112247K(114176K) Class: 16847K(18560K)->16847K(18560K)
[2024-02-27T14:26:42.701+0000][7][gc          ] GC(437) Pause Young (Normal) (G1 Evacuation Pause) 717M->108M(1024M) 2.362ms
[2024-02-27T14:26:42.701+0000][7][gc,cpu      ] GC(437) User=0.01s Sys=0.01s Real=0.01s
[2024-02-27T14:26:42.701+0000][7][safepoint   ] Safepoint "G1CollectForAllocation", Time since last: 176491574425 ns, Reaching safepoint: 44180 ns, At safepoint: 2456602 ns, Total: 2500782 ns
[2024-02-27T14:28:46.718+0000][7][safepoint   ] Safepoint "Cleanup", Time since last: 124016951738 ns, Reaching safepoint: 107290 ns, At safepoint: 48445 ns, Total: 155735 ns
[2024-02-27T14:29:42.776+0000][7][gc,start    ] GC(438) Pause Young (Normal) (G1 Evacuation Pause)
[2024-02-27T14:29:42.776+0000][7][gc,task     ] GC(438) Using 8 workers of 8 for evacuation
[2024-02-27T14:29:42.776+0000][7][gc,age      ] GC(438) Desired survivor size 41943040 bytes, new threshold 15 (max threshold 15)
[2024-02-27T14:29:42.778+0000][7][gc,phases   ] GC(438)   Pre Evacuate Collection Set: 0.1ms
[2024-02-27T14:29:42.778+0000][7][gc,phases   ] GC(438)   Merge Heap Roots: 0.1ms
[2024-02-27T14:29:42.778+0000][7][gc,phases   ] GC(438)   Evacuate Collection Set: 1.0ms
[2024-02-27T14:29:42.778+0000][7][gc,phases   ] GC(438)   Post Evacuate Collection Set: 0.6ms
[2024-02-27T14:29:42.778+0000][7][gc,phases   ] GC(438)   Other: 0.1ms
[2024-02-27T14:29:42.778+0000][7][gc,age      ] GC(438) Age table with threshold 15 (max threshold 15)
[2024-02-27T14:29:42.778+0000][7][gc,age      ] GC(438) - age   1:    1049792 bytes,    1049792 total
[2024-02-27T14:29:42.778+0000][7][gc,age      ] GC(438) - age   2:       2696 bytes,    1052488 total
[2024-02-27T14:29:42.778+0000][7][gc,age      ] GC(438) - age   3:       1144 bytes,    1053632 total
[2024-02-27T14:29:42.778+0000][7][gc,age      ] GC(438) - age   4:        392 bytes,    1054024 total
[2024-02-27T14:29:42.778+0000][7][gc,age      ] GC(438) - age   5:        160 bytes,    1054184 total
[2024-02-27T14:29:42.778+0000][7][gc,age      ] GC(438) - age   6:        184 bytes,    1054368 total
[2024-02-27T14:29:42.778+0000][7][gc,age      ] GC(438) - age   7:      19296 bytes,    1073664 total
[2024-02-27T14:29:42.778+0000][7][gc,age      ] GC(438) - age   8:      16608 bytes,    1090272 total
[2024-02-27T14:29:42.778+0000][7][gc,age      ] GC(438) - age   9:     116128 bytes,    1206400 total
[2024-02-27T14:29:42.778+0000][7][gc,age      ] GC(438) - age  10:        184 bytes,    1206584 total
[2024-02-27T14:29:42.778+0000][7][gc,age      ] GC(438) - age  11:     218520 bytes,    1425104 total
[2024-02-27T14:29:42.778+0000][7][gc,age      ] GC(438) - age  12:         80 bytes,    1425184 total
[2024-02-27T14:29:42.778+0000][7][gc,age      ] GC(438) - age  14:      17832 bytes,    1443016 total
[2024-02-27T14:29:42.778+0000][7][gc,age      ] GC(438) - age  15:        304 bytes,    1443320 total
[2024-02-27T14:29:42.778+0000][7][gc,heap     ] GC(438) Eden regions: 152->0(152)
[2024-02-27T14:29:42.778+0000][7][gc,heap     ] GC(438) Survivor regions: 1->1(20)
[2024-02-27T14:29:42.778+0000][7][gc,heap     ] GC(438) Old regions: 26->26
[2024-02-27T14:29:42.778+0000][7][gc,heap     ] GC(438) Archive regions: 2->2
[2024-02-27T14:29:42.778+0000][7][gc,heap     ] GC(438) Humongous regions: 0->0
[2024-02-27T14:29:42.778+0000][7][gc,metaspace] GC(438) Metaspace: 129095K(132736K)->129095K(132736K) NonClass: 112247K(114176K)->112247K(114176K) Class: 16847K(18560K)->16847K(18560K)
[2024-02-27T14:29:42.779+0000][7][gc          ] GC(438) Pause Young (Normal) (G1 Evacuation Pause) 716M->109M(1024M) 2.150ms
[2024-02-27T14:29:42.779+0000][7][gc,cpu      ] GC(438) User=0.01s Sys=0.00s Real=0.00s
[2024-02-27T14:29:42.779+0000][7][safepoint   ] Safepoint "G1CollectForAllocation", Time since last: 56058090159 ns, Reaching safepoint: 53988 ns, At safepoint: 2236389 ns, Total: 2290377 ns
[2024-02-27T14:32:42.779+0000][7][gc,start    ] GC(439) Pause Young (Normal) (G1 Evacuation Pause)
[2024-02-27T14:32:42.779+0000][7][gc,task     ] GC(439) Using 8 workers of 8 for evacuation
[2024-02-27T14:32:42.779+0000][7][gc,age      ] GC(439) Desired survivor size 41943040 bytes, new threshold 15 (max threshold 15)
[2024-02-27T14:32:42.782+0000][7][gc,phases   ] GC(439)   Pre Evacuate Collection Set: 0.1ms
[2024-02-27T14:32:42.782+0000][7][gc,phases   ] GC(439)   Merge Heap Roots: 0.1ms
[2024-02-27T14:32:42.782+0000][7][gc,phases   ] GC(439)   Evacuate Collection Set: 1.5ms
[2024-02-27T14:32:42.782+0000][7][gc,phases   ] GC(439)   Post Evacuate Collection Set: 1.1ms
[2024-02-27T14:32:42.782+0000][7][gc,phases   ] GC(439)   Other: 0.1ms
[2024-02-27T14:32:42.782+0000][7][gc,age      ] GC(439) Age table with threshold 15 (max threshold 15)
[2024-02-27T14:32:42.782+0000][7][gc,age      ] GC(439) - age   1:    2132432 bytes,    2132432 total
[2024-02-27T14:32:42.782+0000][7][gc,age      ] GC(439) - age   2:       7040 bytes,    2139472 total
[2024-02-27T14:32:42.782+0000][7][gc,age      ] GC(439) - age   3:       1712 bytes,    2141184 total
[2024-02-27T14:32:42.782+0000][7][gc,age      ] GC(439) - age   4:        704 bytes,    2141888 total
[2024-02-27T14:32:42.782+0000][7][gc,age      ] GC(439) - age   5:        392 bytes,    2142280 total
[2024-02-27T14:32:42.782+0000][7][gc,age      ] GC(439) - age   6:        160 bytes,    2142440 total
[2024-02-27T14:32:42.782+0000][7][gc,age      ] GC(439) - age   7:        184 bytes,    2142624 total
[2024-02-27T14:32:42.782+0000][7][gc,age      ] GC(439) - age   8:        248 bytes,    2142872 total
[2024-02-27T14:32:42.782+0000][7][gc,age      ] GC(439) - age   9:        184 bytes,    2143056 total
[2024-02-27T14:32:42.782+0000][7][gc,age      ] GC(439) - age  10:      15784 bytes,    2158840 total
[2024-02-27T14:32:42.782+0000][7][gc,age      ] GC(439) - age  11:        184 bytes,    2159024 total
[2024-02-27T14:32:42.782+0000][7][gc,age      ] GC(439) - age  12:     218192 bytes,    2377216 total
[2024-02-27T14:32:42.782+0000][7][gc,age      ] GC(439) - age  13:         80 bytes,    2377296 total
[2024-02-27T14:32:42.782+0000][7][gc,age      ] GC(439) - age  15:       5016 bytes,    2382312 total
[2024-02-27T14:32:42.782+0000][7][gc,heap     ] GC(439) Eden regions: 152->0(152)
[2024-02-27T14:32:42.782+0000][7][gc,heap     ] GC(439) Survivor regions: 1->1(20)
[2024-02-27T14:32:42.782+0000][7][gc,heap     ] GC(439) Old regions: 26->26
[2024-02-27T14:32:42.782+0000][7][gc,heap     ] GC(439) Archive regions: 2->2
[2024-02-27T14:32:42.782+0000][7][gc,heap     ] GC(439) Humongous regions: 0->0
[2024-02-27T14:32:42.782+0000][7][gc,metaspace] GC(439) Metaspace: 129095K(132736K)->129095K(132736K) NonClass: 112247K(114176K)->112247K(114176K) Class: 16847K(18560K)->16847K(18560K)
[2024-02-27T14:32:42.782+0000][7][gc          ] GC(439) Pause Young (Normal) (G1 Evacuation Pause) 717M->110M(1024M) 3.191ms
[2024-02-27T14:32:42.782+0000][7][gc,cpu      ] GC(439) User=0.01s Sys=0.00s Real=0.01s
[2024-02-27T14:32:42.782+0000][7][safepoint   ] Safepoint "G1CollectForAllocation", Time since last: 179999990263 ns, Reaching safepoint: 114119 ns, At safepoint: 3278349 ns, Total: 3392468 ns
[2024-02-27T14:35:31.727+0000][7][gc,start    ] GC(440) Pause Young (Normal) (G1 Evacuation Pause)
[2024-02-27T14:35:31.727+0000][7][gc,task     ] GC(440) Using 8 workers of 8 for evacuation
[2024-02-27T14:35:31.727+0000][7][gc,age      ] GC(440) Desired survivor size 41943040 bytes, new threshold 15 (max threshold 15)
[2024-02-27T14:35:31.730+0000][7][gc,phases   ] GC(440)   Pre Evacuate Collection Set: 0.1ms
[2024-02-27T14:35:31.730+0000][7][gc,phases   ] GC(440)   Merge Heap Roots: 0.1ms
[2024-02-27T14:35:31.730+0000][7][gc,phases   ] GC(440)   Evacuate Collection Set: 1.5ms
[2024-02-27T14:35:31.730+0000][7][gc,phases   ] GC(440)   Post Evacuate Collection Set: 0.8ms
[2024-02-27T14:35:31.730+0000][7][gc,phases   ] GC(440)   Other: 0.1ms
[2024-02-27T14:35:31.730+0000][7][gc,age      ] GC(440) Age table with threshold 15 (max threshold 15)
[2024-02-27T14:35:31.730+0000][7][gc,age      ] GC(440) - age   1:     891952 bytes,     891952 total
[2024-02-27T14:35:31.730+0000][7][gc,age      ] GC(440) - age   2:      90680 bytes,     982632 total
[2024-02-27T14:35:31.730+0000][7][gc,age      ] GC(440) - age   3:       4544 bytes,     987176 total
[2024-02-27T14:35:31.730+0000][7][gc,age      ] GC(440) - age   4:       1520 bytes,     988696 total
[2024-02-27T14:35:31.730+0000][7][gc,age      ] GC(440) - age   5:        576 bytes,     989272 total
[2024-02-27T14:35:31.730+0000][7][gc,age      ] GC(440) - age   6:        392 bytes,     989664 total
[2024-02-27T14:35:31.730+0000][7][gc,age      ] GC(440) - age   7:        160 bytes,     989824 total
[2024-02-27T14:35:31.730+0000][7][gc,age      ] GC(440) - age   9:        184 bytes,     990008 total
[2024-02-27T14:35:31.730+0000][7][gc,age      ] GC(440) - age  10:        184 bytes,     990192 total
[2024-02-27T14:35:31.730+0000][7][gc,age      ] GC(440) - age  11:         72 bytes,     990264 total
[2024-02-27T14:35:31.730+0000][7][gc,age      ] GC(440) - age  12:        184 bytes,     990448 total
[2024-02-27T14:35:31.730+0000][7][gc,age      ] GC(440) - age  13:     218192 bytes,    1208640 total
[2024-02-27T14:35:31.730+0000][7][gc,age      ] GC(440) - age  14:         48 bytes,    1208688 total
[2024-02-27T14:35:31.730+0000][7][gc,heap     ] GC(440) Eden regions: 152->0(152)
[2024-02-27T14:35:31.730+0000][7][gc,heap     ] GC(440) Survivor regions: 1->1(20)
[2024-02-27T14:35:31.730+0000][7][gc,heap     ] GC(440) Old regions: 26->26
[2024-02-27T14:35:31.730+0000][7][gc,heap     ] GC(440) Archive regions: 2->2
[2024-02-27T14:35:31.730+0000][7][gc,heap     ] GC(440) Humongous regions: 0->0
[2024-02-27T14:35:31.730+0000][7][gc,metaspace] GC(440) Metaspace: 129096K(132736K)->129096K(132736K) NonClass: 112248K(114176K)->112248K(114176K) Class: 16847K(18560K)->16847K(18560K)
[2024-02-27T14:35:31.730+0000][7][gc          ] GC(440) Pause Young (Normal) (G1 Evacuation Pause) 718M->109M(1024M) 2.978ms
[2024-02-27T14:35:31.730+0000][7][gc,cpu      ] GC(440) User=0.01s Sys=0.00s Real=0.00s
[2024-02-27T14:35:31.730+0000][7][safepoint   ] Safepoint "G1CollectForAllocation", Time since last: 168083581654 ns, Reaching safepoint: 85230 ns, At safepoint: 3087791 ns, Total: 3173021 ns
[2024-02-27T14:38:34.626+0000][7][gc,start    ] GC(441) Pause Young (Normal) (G1 Evacuation Pause)
[2024-02-27T14:38:34.626+0000][7][gc,task     ] GC(441) Using 8 workers of 8 for evacuation
[2024-02-27T14:38:34.626+0000][7][gc,age      ] GC(441) Desired survivor size 41943040 bytes, new threshold 15 (max threshold 15)
[2024-02-27T14:38:34.629+0000][7][gc,phases   ] GC(441)   Pre Evacuate Collection Set: 0.1ms
[2024-02-27T14:38:34.629+0000][7][gc,phases   ] GC(441)   Merge Heap Roots: 0.1ms
[2024-02-27T14:38:34.629+0000][7][gc,phases   ] GC(441)   Evacuate Collection Set: 1.4ms
[2024-02-27T14:38:34.629+0000][7][gc,phases   ] GC(441)   Post Evacuate Collection Set: 0.7ms
[2024-02-27T14:38:34.629+0000][7][gc,phases   ] GC(441)   Other: 0.1ms
[2024-02-27T14:38:34.629+0000][7][gc,age      ] GC(441) Age table with threshold 15 (max threshold 15)
[2024-02-27T14:38:34.629+0000][7][gc,age      ] GC(441) - age   1:    1321632 bytes,    1321632 total
[2024-02-27T14:38:34.629+0000][7][gc,age      ] GC(441) - age   2:     124760 bytes,    1446392 total
[2024-02-27T14:38:34.629+0000][7][gc,age      ] GC(441) - age   3:      88032 bytes,    1534424 total
[2024-02-27T14:38:34.629+0000][7][gc,age      ] GC(441) - age   4:       4352 bytes,    1538776 total
[2024-02-27T14:38:34.629+0000][7][gc,age      ] GC(441) - age   5:        448 bytes,    1539224 total
[2024-02-27T14:38:34.629+0000][7][gc,age      ] GC(441) - age   6:        512 bytes,    1539736 total
[2024-02-27T14:38:34.629+0000][7][gc,age      ] GC(441) - age   7:        392 bytes,    1540128 total
[2024-02-27T14:38:34.629+0000][7][gc,age      ] GC(441) - age  10:        184 bytes,    1540312 total
[2024-02-27T14:38:34.629+0000][7][gc,age      ] GC(441) - age  11:        184 bytes,    1540496 total
[2024-02-27T14:38:34.629+0000][7][gc,age      ] GC(441) - age  12:         72 bytes,    1540568 total
[2024-02-27T14:38:34.629+0000][7][gc,age      ] GC(441) - age  13:        184 bytes,    1540752 total
[2024-02-27T14:38:34.629+0000][7][gc,age      ] GC(441) - age  14:     218192 bytes,    1758944 total
[2024-02-27T14:38:34.629+0000][7][gc,age      ] GC(441) - age  15:         48 bytes,    1758992 total
[2024-02-27T14:38:34.629+0000][7][gc,heap     ] GC(441) Eden regions: 152->0(152)
[2024-02-27T14:38:34.629+0000][7][gc,heap     ] GC(441) Survivor regions: 1->1(20)
[2024-02-27T14:38:34.629+0000][7][gc,heap     ] GC(441) Old regions: 26->26
[2024-02-27T14:38:34.629+0000][7][gc,heap     ] GC(441) Archive regions: 2->2
[2024-02-27T14:38:34.629+0000][7][gc,heap     ] GC(441) Humongous regions: 0->0
[2024-02-27T14:38:34.629+0000][7][gc,metaspace] GC(441) Metaspace: 129096K(132736K)->129096K(132736K) NonClass: 112248K(114176K)->112248K(114176K) Class: 16847K(18560K)->16847K(18560K)
[2024-02-27T14:38:34.629+0000][7][gc          ] GC(441) Pause Young (Normal) (G1 Evacuation Pause) 717M->109M(1024M) 2.579ms
[2024-02-27T14:38:34.629+0000][7][gc,cpu      ] GC(441) User=0.01s Sys=0.00s Real=0.00s
[2024-02-27T14:38:34.629+0000][7][safepoint   ] Safepoint "G1CollectForAllocation", Time since last: 182896393315 ns, Reaching safepoint: 63090 ns, At safepoint: 2672984 ns, Total: 2736074 ns
[2024-02-27T14:40:47.646+0000][7][safepoint   ] Safepoint "Cleanup", Time since last: 133016915600 ns, Reaching safepoint: 90555 ns, At safepoint: 46115 ns, Total: 136670 ns
[2024-02-27T14:41:19.629+0000][7][gc,start    ] GC(442) Pause Young (Normal) (G1 Evacuation Pause)
[2024-02-27T14:41:19.629+0000][7][gc,task     ] GC(442) Using 8 workers of 8 for evacuation
[2024-02-27T14:41:19.629+0000][7][gc,age      ] GC(442) Desired survivor size 41943040 bytes, new threshold 15 (max threshold 15)
[2024-02-27T14:41:19.631+0000][7][gc,phases   ] GC(442)   Pre Evacuate Collection Set: 0.1ms
[2024-02-27T14:41:19.631+0000][7][gc,phases   ] GC(442)   Merge Heap Roots: 0.1ms
[2024-02-27T14:41:19.631+0000][7][gc,phases   ] GC(442)   Evacuate Collection Set: 1.0ms
[2024-02-27T14:41:19.631+0000][7][gc,phases   ] GC(442)   Post Evacuate Collection Set: 0.7ms
[2024-02-27T14:41:19.631+0000][7][gc,phases   ] GC(442)   Other: 0.1ms
[2024-02-27T14:41:19.631+0000][7][gc,age      ] GC(442) Age table with threshold 15 (max threshold 15)
[2024-02-27T14:41:19.631+0000][7][gc,age      ] GC(442) - age   1:     728696 bytes,     728696 total
[2024-02-27T14:41:19.631+0000][7][gc,age      ] GC(442) - age   2:      33648 bytes,     762344 total
[2024-02-27T14:41:19.631+0000][7][gc,age      ] GC(442) - age   3:     122424 bytes,     884768 total
[2024-02-27T14:41:19.631+0000][7][gc,age      ] GC(442) - age   4:      87456 bytes,     972224 total
[2024-02-27T14:41:19.631+0000][7][gc,age      ] GC(442) - age   5:        600 bytes,     972824 total
[2024-02-27T14:41:19.631+0000][7][gc,age      ] GC(442) - age   6:        448 bytes,     973272 total
[2024-02-27T14:41:19.631+0000][7][gc,age      ] GC(442) - age   8:        392 bytes,     973664 total
[2024-02-27T14:41:19.631+0000][7][gc,age      ] GC(442) - age  13:         72 bytes,     973736 total
[2024-02-27T14:41:19.631+0000][7][gc,age      ] GC(442) - age  14:        184 bytes,     973920 total
[2024-02-27T14:41:19.631+0000][7][gc,age      ] GC(442) - age  15:     218192 bytes,    1192112 total
[2024-02-27T14:41:19.631+0000][7][gc,heap     ] GC(442) Eden regions: 152->0(152)
[2024-02-27T14:41:19.631+0000][7][gc,heap     ] GC(442) Survivor regions: 1->1(20)
[2024-02-27T14:41:19.631+0000][7][gc,heap     ] GC(442) Old regions: 26->26
[2024-02-27T14:41:19.631+0000][7][gc,heap     ] GC(442) Archive regions: 2->2
[2024-02-27T14:41:19.631+0000][7][gc,heap     ] GC(442) Humongous regions: 0->0
[2024-02-27T14:41:19.631+0000][7][gc,metaspace] GC(442) Metaspace: 129096K(132736K)->129096K(132736K) NonClass: 112248K(114176K)->112248K(114176K) Class: 16847K(18560K)->16847K(18560K)
[2024-02-27T14:41:19.631+0000][7][gc          ] GC(442) Pause Young (Normal) (G1 Evacuation Pause) 717M->109M(1024M) 2.307ms
[2024-02-27T14:41:19.631+0000][7][gc,cpu      ] GC(442) User=0.01s Sys=0.00s Real=0.01s
[2024-02-27T14:41:19.631+0000][7][safepoint   ] Safepoint "G1CollectForAllocation", Time since last: 31982888184 ns, Reaching safepoint: 51929 ns, At safepoint: 2398279 ns, Total: 2450208 ns
[2024-02-27T14:44:20.147+0000][7][gc,start    ] GC(443) Pause Young (Normal) (G1 Evacuation Pause)
[2024-02-27T14:44:20.147+0000][7][gc,task     ] GC(443) Using 8 workers of 8 for evacuation
[2024-02-27T14:44:20.148+0000][7][gc,age      ] GC(443) Desired survivor size 41943040 bytes, new threshold 15 (max threshold 15)
[2024-02-27T14:44:20.151+0000][7][gc,phases   ] GC(443)   Pre Evacuate Collection Set: 0.2ms
[2024-02-27T14:44:20.151+0000][7][gc,phases   ] GC(443)   Merge Heap Roots: 0.1ms
[2024-02-27T14:44:20.151+0000][7][gc,phases   ] GC(443)   Evacuate Collection Set: 1.8ms
[2024-02-27T14:44:20.151+0000][7][gc,phases   ] GC(443)   Post Evacuate Collection Set: 1.0ms
[2024-02-27T14:44:20.151+0000][7][gc,phases   ] GC(443)   Other: 0.1ms
[2024-02-27T14:44:20.151+0000][7][gc,age      ] GC(443) Age table with threshold 15 (max threshold 15)
[2024-02-27T14:44:20.151+0000][7][gc,age      ] GC(443) - age   1:    1184200 bytes,    1184200 total
[2024-02-27T14:44:20.151+0000][7][gc,age      ] GC(443) - age   2:      13072 bytes,    1197272 total
[2024-02-27T14:44:20.151+0000][7][gc,age      ] GC(443) - age   3:      30800 bytes,    1228072 total
[2024-02-27T14:44:20.151+0000][7][gc,age      ] GC(443) - age   4:     122296 bytes,    1350368 total
[2024-02-27T14:44:20.151+0000][7][gc,age      ] GC(443) - age   5:      87456 bytes,    1437824 total
[2024-02-27T14:44:20.151+0000][7][gc,age      ] GC(443) - age   6:        208 bytes,    1438032 total
[2024-02-27T14:44:20.151+0000][7][gc,age      ] GC(443) - age   7:        384 bytes,    1438416 total
[2024-02-27T14:44:20.151+0000][7][gc,age      ] GC(443) - age   9:        392 bytes,    1438808 total
[2024-02-27T14:44:20.151+0000][7][gc,age      ] GC(443) - age  14:         72 bytes,    1438880 total
[2024-02-27T14:44:20.151+0000][7][gc,age      ] GC(443) - age  15:        184 bytes,    1439064 total
[2024-02-27T14:44:20.151+0000][7][gc,heap     ] GC(443) Eden regions: 152->0(152)
[2024-02-27T14:44:20.151+0000][7][gc,heap     ] GC(443) Survivor regions: 1->1(20)
[2024-02-27T14:44:20.151+0000][7][gc,heap     ] GC(443) Old regions: 26->27
[2024-02-27T14:44:20.151+0000][7][gc,heap     ] GC(443) Archive regions: 2->2
[2024-02-27T14:44:20.151+0000][7][gc,heap     ] GC(443) Humongous regions: 0->0
[2024-02-27T14:44:20.151+0000][7][gc,metaspace] GC(443) Metaspace: 129096K(132736K)->129096K(132736K) NonClass: 112248K(114176K)->112248K(114176K) Class: 16847K(18560K)->16847K(18560K)
[2024-02-27T14:44:20.151+0000][7][gc          ] GC(443) Pause Young (Normal) (G1 Evacuation Pause) 717M->109M(1024M) 3.600ms
[2024-02-27T14:44:20.151+0000][7][gc,cpu      ] GC(443) User=0.01s Sys=0.00s Real=0.01s
[2024-02-27T14:44:20.151+0000][7][safepoint   ] Safepoint "G1CollectForAllocation", Time since last: 180515824502 ns, Reaching safepoint: 109242 ns, At safepoint: 3724503 ns, Total: 3833745 ns
[2024-02-27T14:45:47.165+0000][7][safepoint   ] Safepoint "Cleanup", Time since last: 87013748017 ns, Reaching safepoint: 147639 ns, At safepoint: 39298 ns, Total: 186937 ns
[2024-02-27T14:47:13.735+0000][7][gc,start    ] GC(444) Pause Young (Normal) (G1 Evacuation Pause)
[2024-02-27T14:47:13.735+0000][7][gc,task     ] GC(444) Using 8 workers of 8 for evacuation
[2024-02-27T14:47:13.735+0000][7][gc,age      ] GC(444) Desired survivor size 41943040 bytes, new threshold 15 (max threshold 15)
[2024-02-27T14:47:13.737+0000][7][gc,phases   ] GC(444)   Pre Evacuate Collection Set: 0.1ms
[2024-02-27T14:47:13.737+0000][7][gc,phases   ] GC(444)   Merge Heap Roots: 0.1ms
[2024-02-27T14:47:13.737+0000][7][gc,phases   ] GC(444)   Evacuate Collection Set: 1.2ms
[2024-02-27T14:47:13.737+0000][7][gc,phases   ] GC(444)   Post Evacuate Collection Set: 0.7ms
[2024-02-27T14:47:13.737+0000][7][gc,phases   ] GC(444)   Other: 0.1ms
[2024-02-27T14:47:13.737+0000][7][gc,age      ] GC(444) Age table with threshold 15 (max threshold 15)
[2024-02-27T14:47:13.737+0000][7][gc,age      ] GC(444) - age   1:    1717896 bytes,    1717896 total
[2024-02-27T14:47:13.737+0000][7][gc,age      ] GC(444) - age   2:       2376 bytes,    1720272 total
[2024-02-27T14:47:13.737+0000][7][gc,age      ] GC(444) - age   3:      10504 bytes,    1730776 total
[2024-02-27T14:47:13.737+0000][7][gc,age      ] GC(444) - age   4:      29920 bytes,    1760696 total
[2024-02-27T14:47:13.737+0000][7][gc,age      ] GC(444) - age   5:     122152 bytes,    1882848 total
[2024-02-27T14:47:13.737+0000][7][gc,age      ] GC(444) - age   6:      87248 bytes,    1970096 total
[2024-02-27T14:47:13.737+0000][7][gc,age      ] GC(444) - age   7:        208 bytes,    1970304 total
[2024-02-27T14:47:13.737+0000][7][gc,age      ] GC(444) - age   8:        352 bytes,    1970656 total
[2024-02-27T14:47:13.737+0000][7][gc,age      ] GC(444) - age  10:        392 bytes,    1971048 total
[2024-02-27T14:47:13.737+0000][7][gc,age      ] GC(444) - age  15:         72 bytes,    1971120 total
[2024-02-27T14:47:13.737+0000][7][gc,heap     ] GC(444) Eden regions: 152->0(152)
[2024-02-27T14:47:13.737+0000][7][gc,heap     ] GC(444) Survivor regions: 1->1(20)
[2024-02-27T14:47:13.737+0000][7][gc,heap     ] GC(444) Old regions: 27->27
[2024-02-27T14:47:13.737+0000][7][gc,heap     ] GC(444) Archive regions: 2->2
[2024-02-27T14:47:13.737+0000][7][gc,heap     ] GC(444) Humongous regions: 0->0
[2024-02-27T14:47:13.737+0000][7][gc,metaspace] GC(444) Metaspace: 129096K(132736K)->129096K(132736K) NonClass: 112248K(114176K)->112248K(114176K) Class: 16847K(18560K)->16847K(18560K)
[2024-02-27T14:47:13.737+0000][7][gc          ] GC(444) Pause Young (Normal) (G1 Evacuation Pause) 717M->109M(1024M) 2.413ms
[2024-02-27T14:47:13.737+0000][7][gc,cpu      ] GC(444) User=0.01s Sys=0.00s Real=0.00s
[2024-02-27T14:47:13.737+0000][7][safepoint   ] Safepoint "G1CollectForAllocation", Time since last: 86569827477 ns, Reaching safepoint: 51522 ns, At safepoint: 2499286 ns, Total: 2550808 ns
[2024-02-27T14:47:49.742+0000][7][safepoint   ] Safepoint "Cleanup", Time since last: 36004495378 ns, Reaching safepoint: 109812 ns, At safepoint: 11756 ns, Total: 121568 ns
[2024-02-27T14:47:56.743+0000][7][safepoint   ] Safepoint "Cleanup", Time since last: 7000850442 ns, Reaching safepoint: 74009 ns, At safepoint: 7986 ns, Total: 81995 ns
[2024-02-27T14:50:13.686+0000][7][gc,start    ] GC(445) Pause Young (Normal) (G1 Evacuation Pause)
[2024-02-27T14:50:13.686+0000][7][gc,task     ] GC(445) Using 8 workers of 8 for evacuation
[2024-02-27T14:50:13.686+0000][7][gc,age      ] GC(445) Desired survivor size 41943040 bytes, new threshold 15 (max threshold 15)
[2024-02-27T14:50:13.687+0000][7][gc,phases   ] GC(445)   Pre Evacuate Collection Set: 0.1ms
[2024-02-27T14:50:13.687+0000][7][gc,phases   ] GC(445)   Merge Heap Roots: 0.1ms
[2024-02-27T14:50:13.687+0000][7][gc,phases   ] GC(445)   Evacuate Collection Set: 0.7ms
[2024-02-27T14:50:13.687+0000][7][gc,phases   ] GC(445)   Post Evacuate Collection Set: 0.6ms
[2024-02-27T14:50:13.687+0000][7][gc,phases   ] GC(445)   Other: 0.1ms
[2024-02-27T14:50:13.687+0000][7][gc,age      ] GC(445) Age table with threshold 15 (max threshold 15)
[2024-02-27T14:50:13.687+0000][7][gc,age      ] GC(445) - age   1:     263624 bytes,     263624 total
[2024-02-27T14:50:13.687+0000][7][gc,age      ] GC(445) - age   2:      15616 bytes,     279240 total
[2024-02-27T14:50:13.687+0000][7][gc,age      ] GC(445) - age   3:        800 bytes,     280040 total
[2024-02-27T14:50:13.688+0000][7][gc,age      ] GC(445) - age   4:       6856 bytes,     286896 total
[2024-02-27T14:50:13.688+0000][7][gc,age      ] GC(445) - age   5:      29120 bytes,     316016 total
[2024-02-27T14:50:13.688+0000][7][gc,age      ] GC(445) - age   6:     122152 bytes,     438168 total
[2024-02-27T14:50:13.688+0000][7][gc,age      ] GC(445) - age   7:      87248 bytes,     525416 total
[2024-02-27T14:50:13.688+0000][7][gc,age      ] GC(445) - age   8:        208 bytes,     525624 total
[2024-02-27T14:50:13.688+0000][7][gc,age      ] GC(445) - age   9:        352 bytes,     525976 total
[2024-02-27T14:50:13.688+0000][7][gc,age      ] GC(445) - age  11:        392 bytes,     526368 total
[2024-02-27T14:50:13.688+0000][7][gc,heap     ] GC(445) Eden regions: 152->0(152)
[2024-02-27T14:50:13.688+0000][7][gc,heap     ] GC(445) Survivor regions: 1->1(20)
[2024-02-27T14:50:13.688+0000][7][gc,heap     ] GC(445) Old regions: 27->27
[2024-02-27T14:50:13.688+0000][7][gc,heap     ] GC(445) Archive regions: 2->2
[2024-02-27T14:50:13.688+0000][7][gc,heap     ] GC(445) Humongous regions: 0->0
[2024-02-27T14:50:13.688+0000][7][gc,metaspace] GC(445) Metaspace: 129096K(132736K)->129096K(132736K) NonClass: 112248K(114176K)->112248K(114176K) Class: 16847K(18560K)->16847K(18560K)
[2024-02-27T14:50:13.688+0000][7][gc          ] GC(445) Pause Young (Normal) (G1 Evacuation Pause) 717M->108M(1024M) 1.846ms
[2024-02-27T14:50:13.688+0000][7][gc,cpu      ] GC(445) User=0.01s Sys=0.00s Real=0.00s
[2024-02-27T14:50:13.688+0000][7][safepoint   ] Safepoint "G1CollectForAllocation", Time since last: 136942715409 ns, Reaching safepoint: 45577 ns, At safepoint: 1933478 ns, Total: 1979055 ns
[2024-02-27T14:53:10.677+0000][7][gc,start    ] GC(446) Pause Young (Normal) (G1 Evacuation Pause)
[2024-02-27T14:53:10.677+0000][7][gc,task     ] GC(446) Using 8 workers of 8 for evacuation
[2024-02-27T14:53:10.677+0000][7][gc,age      ] GC(446) Desired survivor size 41943040 bytes, new threshold 15 (max threshold 15)
[2024-02-27T14:53:10.680+0000][7][gc,phases   ] GC(446)   Pre Evacuate Collection Set: 0.1ms
[2024-02-27T14:53:10.680+0000][7][gc,phases   ] GC(446)   Merge Heap Roots: 0.1ms
[2024-02-27T14:53:10.680+0000][7][gc,phases   ] GC(446)   Evacuate Collection Set: 1.4ms
[2024-02-27T14:53:10.680+0000][7][gc,phases   ] GC(446)   Post Evacuate Collection Set: 0.8ms
[2024-02-27T14:53:10.680+0000][7][gc,phases   ] GC(446)   Other: 0.1ms
[2024-02-27T14:53:10.680+0000][7][gc,age      ] GC(446) Age table with threshold 15 (max threshold 15)
[2024-02-27T14:53:10.680+0000][7][gc,age      ] GC(446) - age   1:    1045632 bytes,    1045632 total
[2024-02-27T14:53:10.680+0000][7][gc,age      ] GC(446) - age   2:       5640 bytes,    1051272 total
[2024-02-27T14:53:10.680+0000][7][gc,age      ] GC(446) - age   3:      12088 bytes,    1063360 total
[2024-02-27T14:53:10.680+0000][7][gc,age      ] GC(446) - age   4:        488 bytes,    1063848 total
[2024-02-27T14:53:10.680+0000][7][gc,age      ] GC(446) - age   5:       6792 bytes,    1070640 total
[2024-02-27T14:53:10.680+0000][7][gc,age      ] GC(446) - age   6:      29120 bytes,    1099760 total
[2024-02-27T14:53:10.680+0000][7][gc,age      ] GC(446) - age   7:     122152 bytes,    1221912 total
[2024-02-27T14:53:10.680+0000][7][gc,age      ] GC(446) - age   8:      87248 bytes,    1309160 total
[2024-02-27T14:53:10.680+0000][7][gc,age      ] GC(446) - age   9:        208 bytes,    1309368 total
[2024-02-27T14:53:10.680+0000][7][gc,age      ] GC(446) - age  10:        168 bytes,    1309536 total
[2024-02-27T14:53:10.680+0000][7][gc,age      ] GC(446) - age  12:        392 bytes,    1309928 total
[2024-02-27T14:53:10.680+0000][7][gc,heap     ] GC(446) Eden regions: 152->0(152)
[2024-02-27T14:53:10.680+0000][7][gc,heap     ] GC(446) Survivor regions: 1->1(20)
[2024-02-27T14:53:10.680+0000][7][gc,heap     ] GC(446) Old regions: 27->27
[2024-02-27T14:53:10.680+0000][7][gc,heap     ] GC(446) Archive regions: 2->2
[2024-02-27T14:53:10.680+0000][7][gc,heap     ] GC(446) Humongous regions: 0->0
[2024-02-27T14:53:10.680+0000][7][gc,metaspace] GC(446) Metaspace: 129096K(132736K)->129096K(132736K) NonClass: 112248K(114176K)->112248K(114176K) Class: 16847K(18560K)->16847K(18560K)
[2024-02-27T14:53:10.680+0000][7][gc          ] GC(446) Pause Young (Normal) (G1 Evacuation Pause) 716M->109M(1024M) 2.804ms
[2024-02-27T14:53:10.680+0000][7][gc,cpu      ] GC(446) User=0.01s Sys=0.00s Real=0.00s
[2024-02-27T14:53:10.680+0000][7][safepoint   ] Safepoint "G1CollectForAllocation", Time since last: 176989291297 ns, Reaching safepoint: 104140 ns, At safepoint: 2902635 ns, Total: 3006775 ns
[2024-02-27T14:56:02.779+0000][7][gc,start    ] GC(447) Pause Young (Normal) (G1 Evacuation Pause)
[2024-02-27T14:56:02.779+0000][7][gc,task     ] GC(447) Using 8 workers of 8 for evacuation
[2024-02-27T14:56:02.779+0000][7][gc,age      ] GC(447) Desired survivor size 41943040 bytes, new threshold 15 (max threshold 15)
[2024-02-27T14:56:02.782+0000][7][gc,phases   ] GC(447)   Pre Evacuate Collection Set: 0.1ms
[2024-02-27T14:56:02.782+0000][7][gc,phases   ] GC(447)   Merge Heap Roots: 0.1ms
[2024-02-27T14:56:02.782+0000][7][gc,phases   ] GC(447)   Evacuate Collection Set: 1.7ms
[2024-02-27T14:56:02.782+0000][7][gc,phases   ] GC(447)   Post Evacuate Collection Set: 0.8ms
[2024-02-27T14:56:02.782+0000][7][gc,phases   ] GC(447)   Other: 0.1ms
[2024-02-27T14:56:02.782+0000][7][gc,age      ] GC(447) Age table with threshold 15 (max threshold 15)
[2024-02-27T14:56:02.782+0000][7][gc,age      ] GC(447) - age   1:    1688248 bytes,    1688248 total
[2024-02-27T14:56:02.782+0000][7][gc,age      ] GC(447) - age   2:       2880 bytes,    1691128 total
[2024-02-27T14:56:02.782+0000][7][gc,age      ] GC(447) - age   3:       4256 bytes,    1695384 total
[2024-02-27T14:56:02.782+0000][7][gc,age      ] GC(447) - age   4:      10928 bytes,    1706312 total
[2024-02-27T14:56:02.782+0000][7][gc,age      ] GC(447) - age   5:        392 bytes,    1706704 total
[2024-02-27T14:56:02.782+0000][7][gc,age      ] GC(447) - age   6:       6792 bytes,    1713496 total
[2024-02-27T14:56:02.782+0000][7][gc,age      ] GC(447) - age   7:      29088 bytes,    1742584 total
[2024-02-27T14:56:02.782+0000][7][gc,age      ] GC(447) - age   8:     122152 bytes,    1864736 total
[2024-02-27T14:56:02.782+0000][7][gc,age      ] GC(447) - age   9:      87248 bytes,    1951984 total
[2024-02-27T14:56:02.782+0000][7][gc,age      ] GC(447) - age  10:        208 bytes,    1952192 total
[2024-02-27T14:56:02.782+0000][7][gc,age      ] GC(447) - age  11:        168 bytes,    1952360 total
[2024-02-27T14:56:02.782+0000][7][gc,age      ] GC(447) - age  13:        208 bytes,    1952568 total
[2024-02-27T14:56:02.782+0000][7][gc,heap     ] GC(447) Eden regions: 152->0(152)
[2024-02-27T14:56:02.782+0000][7][gc,heap     ] GC(447) Survivor regions: 1->1(20)
[2024-02-27T14:56:02.782+0000][7][gc,heap     ] GC(447) Old regions: 27->27
[2024-02-27T14:56:02.782+0000][7][gc,heap     ] GC(447) Archive regions: 2->2
[2024-02-27T14:56:02.782+0000][7][gc,heap     ] GC(447) Humongous regions: 0->0
[2024-02-27T14:56:02.782+0000][7][gc,metaspace] GC(447) Metaspace: 129096K(132736K)->129096K(132736K) NonClass: 112248K(114176K)->112248K(114176K) Class: 16847K(18560K)->16847K(18560K)
[2024-02-27T14:56:02.782+0000][7][gc          ] GC(447) Pause Young (Normal) (G1 Evacuation Pause) 717M->109M(1024M) 3.133ms
[2024-02-27T14:56:02.782+0000][7][gc,cpu      ] GC(447) User=0.01s Sys=0.00s Real=0.00s
[2024-02-27T14:56:02.782+0000][7][safepoint   ] Safepoint "G1CollectForAllocation", Time since last: 172098665989 ns, Reaching safepoint: 71612 ns, At safepoint: 3234004 ns, Total: 3305616 ns
[2024-02-27T14:58:55.765+0000][7][gc,start    ] GC(448) Pause Young (Normal) (G1 Evacuation Pause)
[2024-02-27T14:58:55.765+0000][7][gc,task     ] GC(448) Using 8 workers of 8 for evacuation
[2024-02-27T14:58:55.765+0000][7][gc,age      ] GC(448) Desired survivor size 41943040 bytes, new threshold 15 (max threshold 15)
[2024-02-27T14:58:55.767+0000][7][gc,phases   ] GC(448)   Pre Evacuate Collection Set: 0.1ms
[2024-02-27T14:58:55.767+0000][7][gc,phases   ] GC(448)   Merge Heap Roots: 0.1ms
[2024-02-27T14:58:55.767+0000][7][gc,phases   ] GC(448)   Evacuate Collection Set: 1.0ms
[2024-02-27T14:58:55.767+0000][7][gc,phases   ] GC(448)   Post Evacuate Collection Set: 0.7ms
[2024-02-27T14:58:55.767+0000][7][gc,phases   ] GC(448)   Other: 0.1ms
[2024-02-27T14:58:55.767+0000][7][gc,age      ] GC(448) Age table with threshold 15 (max threshold 15)
[2024-02-27T14:58:55.767+0000][7][gc,age      ] GC(448) - age   1:     830736 bytes,     830736 total
[2024-02-27T14:58:55.767+0000][7][gc,age      ] GC(448) - age   2:       4744 bytes,     835480 total
[2024-02-27T14:58:55.767+0000][7][gc,age      ] GC(448) - age   3:       1032 bytes,     836512 total
[2024-02-27T14:58:55.767+0000][7][gc,age      ] GC(448) - age   4:        376 bytes,     836888 total
[2024-02-27T14:58:55.767+0000][7][gc,age      ] GC(448) - age   5:      10680 bytes,     847568 total
[2024-02-27T14:58:55.767+0000][7][gc,age      ] GC(448) - age   7:       6792 bytes,     854360 total
[2024-02-27T14:58:55.767+0000][7][gc,age      ] GC(448) - age   8:      29088 bytes,     883448 total
[2024-02-27T14:58:55.767+0000][7][gc,age      ] GC(448) - age   9:     122152 bytes,    1005600 total
[2024-02-27T14:58:55.767+0000][7][gc,age      ] GC(448) - age  10:      87248 bytes,    1092848 total
[2024-02-27T14:58:55.767+0000][7][gc,age      ] GC(448) - age  11:        208 bytes,    1093056 total
[2024-02-27T14:58:55.767+0000][7][gc,age      ] GC(448) - age  12:        168 bytes,    1093224 total
[2024-02-27T14:58:55.767+0000][7][gc,age      ] GC(448) - age  14:        208 bytes,    1093432 total
[2024-02-27T14:58:55.767+0000][7][gc,heap     ] GC(448) Eden regions: 152->0(152)
[2024-02-27T14:58:55.767+0000][7][gc,heap     ] GC(448) Survivor regions: 1->1(20)
[2024-02-27T14:58:55.767+0000][7][gc,heap     ] GC(448) Old regions: 27->27
[2024-02-27T14:58:55.767+0000][7][gc,heap     ] GC(448) Archive regions: 2->2
[2024-02-27T14:58:55.767+0000][7][gc,heap     ] GC(448) Humongous regions: 0->0
[2024-02-27T14:58:55.767+0000][7][gc,metaspace] GC(448) Metaspace: 129096K(132736K)->129096K(132736K) NonClass: 112248K(114176K)->112248K(114176K) Class: 16847K(18560K)->16847K(18560K)
[2024-02-27T14:58:55.767+0000][7][gc          ] GC(448) Pause Young (Normal) (G1 Evacuation Pause) 717M->109M(1024M) 2.141ms
[2024-02-27T14:58:55.767+0000][7][gc,cpu      ] GC(448) User=0.00s Sys=0.00s Real=0.00s
[2024-02-27T14:58:55.767+0000][7][safepoint   ] Safepoint "G1CollectForAllocation", Time since last: 172982662054 ns, Reaching safepoint: 72404 ns, At safepoint: 2222938 ns, Total: 2295342 ns
[2024-02-27T15:01:46.786+0000][7][gc,start    ] GC(449) Pause Young (Normal) (G1 Evacuation Pause)
[2024-02-27T15:01:46.786+0000][7][gc,task     ] GC(449) Using 8 workers of 8 for evacuation
[2024-02-27T15:01:46.786+0000][7][gc,age      ] GC(449) Desired survivor size 41943040 bytes, new threshold 15 (max threshold 15)
[2024-02-27T15:01:46.788+0000][7][gc,phases   ] GC(449)   Pre Evacuate Collection Set: 0.1ms
[2024-02-27T15:01:46.788+0000][7][gc,phases   ] GC(449)   Merge Heap Roots: 0.1ms
[2024-02-27T15:01:46.788+0000][7][gc,phases   ] GC(449)   Evacuate Collection Set: 1.1ms
[2024-02-27T15:01:46.788+0000][7][gc,phases   ] GC(449)   Post Evacuate Collection Set: 0.7ms
[2024-02-27T15:01:46.788+0000][7][gc,phases   ] GC(449)   Other: 0.1ms
[2024-02-27T15:01:46.788+0000][7][gc,age      ] GC(449) Age table with threshold 15 (max threshold 15)
[2024-02-27T15:01:46.789+0000][7][gc,age      ] GC(449) - age   1:    1095536 bytes,    1095536 total
[2024-02-27T15:01:46.789+0000][7][gc,age      ] GC(449) - age   2:       6264 bytes,    1101800 total
[2024-02-27T15:01:46.789+0000][7][gc,age      ] GC(449) - age   3:       1224 bytes,    1103024 total
[2024-02-27T15:01:46.789+0000][7][gc,age      ] GC(449) - age   4:        544 bytes,    1103568 total
[2024-02-27T15:01:46.789+0000][7][gc,age      ] GC(449) - age   5:        184 bytes,    1103752 total
[2024-02-27T15:01:46.789+0000][7][gc,age      ] GC(449) - age   6:      10656 bytes,    1114408 total
[2024-02-27T15:01:46.789+0000][7][gc,age      ] GC(449) - age   8:       6408 bytes,    1120816 total
[2024-02-27T15:01:46.789+0000][7][gc,age      ] GC(449) - age   9:      29088 bytes,    1149904 total
[2024-02-27T15:01:46.789+0000][7][gc,age      ] GC(449) - age  10:     122152 bytes,    1272056 total
[2024-02-27T15:01:46.789+0000][7][gc,age      ] GC(449) - age  11:      87248 bytes,    1359304 total
[2024-02-27T15:01:46.789+0000][7][gc,age      ] GC(449) - age  12:        208 bytes,    1359512 total
[2024-02-27T15:01:46.789+0000][7][gc,age      ] GC(449) - age  13:         80 bytes,    1359592 total
[2024-02-27T15:01:46.789+0000][7][gc,age      ] GC(449) - age  15:         24 bytes,    1359616 total
[2024-02-27T15:01:46.789+0000][7][gc,heap     ] GC(449) Eden regions: 152->0(152)
[2024-02-27T15:01:46.789+0000][7][gc,heap     ] GC(449) Survivor regions: 1->1(20)
[2024-02-27T15:01:46.789+0000][7][gc,heap     ] GC(449) Old regions: 27->27
[2024-02-27T15:01:46.789+0000][7][gc,heap     ] GC(449) Archive regions: 2->2
[2024-02-27T15:01:46.789+0000][7][gc,heap     ] GC(449) Humongous regions: 0->0
[2024-02-27T15:01:46.789+0000][7][gc,metaspace] GC(449) Metaspace: 129096K(132736K)->129096K(132736K) NonClass: 112248K(114176K)->112248K(114176K) Class: 16847K(18560K)->16847K(18560K)
[2024-02-27T15:01:46.789+0000][7][gc          ] GC(449) Pause Young (Normal) (G1 Evacuation Pause) 717M->109M(1024M) 2.369ms
[2024-02-27T15:01:46.789+0000][7][gc,cpu      ] GC(449) User=0.02s Sys=0.00s Real=0.00s
[2024-02-27T15:01:46.789+0000][7][safepoint   ] Safepoint "G1CollectForAllocation", Time since last: 171019300978 ns, Reaching safepoint: 55427 ns, At safepoint: 2460370 ns, Total: 2515797 ns
[2024-02-27T15:04:44.342+0000][7][gc,start    ] GC(450) Pause Young (Normal) (G1 Evacuation Pause)
[2024-02-27T15:04:44.342+0000][7][gc,task     ] GC(450) Using 8 workers of 8 for evacuation
[2024-02-27T15:04:44.342+0000][7][gc,age      ] GC(450) Desired survivor size 41943040 bytes, new threshold 15 (max threshold 15)
[2024-02-27T15:04:44.345+0000][7][gc,phases   ] GC(450)   Pre Evacuate Collection Set: 0.1ms
[2024-02-27T15:04:44.345+0000][7][gc,phases   ] GC(450)   Merge Heap Roots: 0.1ms
[2024-02-27T15:04:44.345+0000][7][gc,phases   ] GC(450)   Evacuate Collection Set: 1.8ms
[2024-02-27T15:04:44.345+0000][7][gc,phases   ] GC(450)   Post Evacuate Collection Set: 0.9ms
[2024-02-27T15:04:44.345+0000][7][gc,phases   ] GC(450)   Other: 0.1ms
[2024-02-27T15:04:44.345+0000][7][gc,age      ] GC(450) Age table with threshold 15 (max threshold 15)
[2024-02-27T15:04:44.345+0000][7][gc,age      ] GC(450) - age   1:    1451072 bytes,    1451072 total
[2024-02-27T15:04:44.345+0000][7][gc,age      ] GC(450) - age   2:     141904 bytes,    1592976 total
[2024-02-27T15:04:44.345+0000][7][gc,age      ] GC(450) - age   3:       4344 bytes,    1597320 total
[2024-02-27T15:04:44.345+0000][7][gc,age      ] GC(450) - age   4:        720 bytes,    1598040 total
[2024-02-27T15:04:44.345+0000][7][gc,age      ] GC(450) - age   5:        296 bytes,    1598336 total
[2024-02-27T15:04:44.345+0000][7][gc,age      ] GC(450) - age   6:        184 bytes,    1598520 total
[2024-02-27T15:04:44.345+0000][7][gc,age      ] GC(450) - age   7:      10592 bytes,    1609112 total
[2024-02-27T15:04:44.345+0000][7][gc,age      ] GC(450) - age   9:       6408 bytes,    1615520 total
[2024-02-27T15:04:44.345+0000][7][gc,age      ] GC(450) - age  10:      29088 bytes,    1644608 total
[2024-02-27T15:04:44.345+0000][7][gc,age      ] GC(450) - age  11:     122152 bytes,    1766760 total
[2024-02-27T15:04:44.345+0000][7][gc,age      ] GC(450) - age  12:      87248 bytes,    1854008 total
[2024-02-27T15:04:44.345+0000][7][gc,age      ] GC(450) - age  13:        208 bytes,    1854216 total
[2024-02-27T15:04:44.345+0000][7][gc,age      ] GC(450) - age  14:         80 bytes,    1854296 total
[2024-02-27T15:04:44.345+0000][7][gc,heap     ] GC(450) Eden regions: 152->0(152)
[2024-02-27T15:04:44.345+0000][7][gc,heap     ] GC(450) Survivor regions: 1->1(20)
[2024-02-27T15:04:44.345+0000][7][gc,heap     ] GC(450) Old regions: 27->27
[2024-02-27T15:04:44.345+0000][7][gc,heap     ] GC(450) Archive regions: 2->2
[2024-02-27T15:04:44.345+0000][7][gc,heap     ] GC(450) Humongous regions: 0->0
[2024-02-27T15:04:44.345+0000][7][gc,metaspace] GC(450) Metaspace: 129096K(132736K)->129096K(132736K) NonClass: 112248K(114176K)->112248K(114176K) Class: 16847K(18560K)->16847K(18560K)
[2024-02-27T15:04:44.345+0000][7][gc          ] GC(450) Pause Young (Normal) (G1 Evacuation Pause) 717M->109M(1024M) 3.378ms
[2024-02-27T15:04:44.345+0000][7][gc,cpu      ] GC(450) User=0.02s Sys=0.00s Real=0.01s
[2024-02-27T15:04:44.345+0000][7][safepoint   ] Safepoint "G1CollectForAllocation", Time since last: 177553233835 ns, Reaching safepoint: 63336 ns, At safepoint: 3490942 ns, Total: 3554278 ns
[2024-02-27T15:05:20.351+0000][7][safepoint   ] Safepoint "Cleanup", Time since last: 36005666500 ns, Reaching safepoint: 111114 ns, At safepoint: 9045 ns, Total: 120159 ns
[2024-02-27T15:07:31.778+0000][7][gc,start    ] GC(451) Pause Young (Normal) (G1 Evacuation Pause)
[2024-02-27T15:07:31.778+0000][7][gc,task     ] GC(451) Using 8 workers of 8 for evacuation
[2024-02-27T15:07:31.778+0000][7][gc,age      ] GC(451) Desired survivor size 41943040 bytes, new threshold 15 (max threshold 15)
[2024-02-27T15:07:31.780+0000][7][gc,phases   ] GC(451)   Pre Evacuate Collection Set: 0.1ms
[2024-02-27T15:07:31.780+0000][7][gc,phases   ] GC(451)   Merge Heap Roots: 0.1ms
[2024-02-27T15:07:31.780+0000][7][gc,phases   ] GC(451)   Evacuate Collection Set: 1.0ms
[2024-02-27T15:07:31.780+0000][7][gc,phases   ] GC(451)   Post Evacuate Collection Set: 0.6ms
[2024-02-27T15:07:31.780+0000][7][gc,phases   ] GC(451)   Other: 0.1ms
[2024-02-27T15:07:31.780+0000][7][gc,age      ] GC(451) Age table with threshold 15 (max threshold 15)
[2024-02-27T15:07:31.780+0000][7][gc,age      ] GC(451) - age   1:     593816 bytes,     593816 total
[2024-02-27T15:07:31.780+0000][7][gc,age      ] GC(451) - age   2:       4392 bytes,     598208 total
[2024-02-27T15:07:31.780+0000][7][gc,age      ] GC(451) - age   3:     140624 bytes,     738832 total
[2024-02-27T15:07:31.780+0000][7][gc,age      ] GC(451) - age   4:       4280 bytes,     743112 total
[2024-02-27T15:07:31.780+0000][7][gc,age      ] GC(451) - age   5:         32 bytes,     743144 total
[2024-02-27T15:07:31.780+0000][7][gc,age      ] GC(451) - age   6:        296 bytes,     743440 total
[2024-02-27T15:07:31.780+0000][7][gc,age      ] GC(451) - age   7:        184 bytes,     743624 total
[2024-02-27T15:07:31.780+0000][7][gc,age      ] GC(451) - age   8:      10560 bytes,     754184 total
[2024-02-27T15:07:31.780+0000][7][gc,age      ] GC(451) - age  10:       6408 bytes,     760592 total
[2024-02-27T15:07:31.780+0000][7][gc,age      ] GC(451) - age  11:      29088 bytes,     789680 total
[2024-02-27T15:07:31.780+0000][7][gc,age      ] GC(451) - age  12:     122152 bytes,     911832 total
[2024-02-27T15:07:31.780+0000][7][gc,age      ] GC(451) - age  13:      87248 bytes,     999080 total
[2024-02-27T15:07:31.780+0000][7][gc,age      ] GC(451) - age  14:        208 bytes,     999288 total
[2024-02-27T15:07:31.780+0000][7][gc,age      ] GC(451) - age  15:         80 bytes,     999368 total
[2024-02-27T15:07:31.780+0000][7][gc,heap     ] GC(451) Eden regions: 152->0(152)
[2024-02-27T15:07:31.780+0000][7][gc,heap     ] GC(451) Survivor regions: 1->1(20)
[2024-02-27T15:07:31.780+0000][7][gc,heap     ] GC(451) Old regions: 27->27
[2024-02-27T15:07:31.780+0000][7][gc,heap     ] GC(451) Archive regions: 2->2
[2024-02-27T15:07:31.780+0000][7][gc,heap     ] GC(451) Humongous regions: 0->0
[2024-02-27T15:07:31.780+0000][7][gc,metaspace] GC(451) Metaspace: 129096K(132736K)->129096K(132736K) NonClass: 112248K(114176K)->112248K(114176K) Class: 16847K(18560K)->16847K(18560K)
[2024-02-27T15:07:31.780+0000][7][gc          ] GC(451) Pause Young (Normal) (G1 Evacuation Pause) 717M->109M(1024M) 2.152ms
[2024-02-27T15:07:31.780+0000][7][gc,cpu      ] GC(451) User=0.00s Sys=0.01s Real=0.00s
[2024-02-27T15:07:31.780+0000][7][safepoint   ] Safepoint "G1CollectForAllocation", Time since last: 131426774171 ns, Reaching safepoint: 71873 ns, At safepoint: 2257765 ns, Total: 2329638 ns
[2024-02-27T15:10:28.743+0000][7][gc,start    ] GC(452) Pause Young (Normal) (G1 Evacuation Pause)
[2024-02-27T15:10:28.743+0000][7][gc,task     ] GC(452) Using 8 workers of 8 for evacuation
[2024-02-27T15:10:28.743+0000][7][gc,age      ] GC(452) Desired survivor size 41943040 bytes, new threshold 15 (max threshold 15)
[2024-02-27T15:10:28.745+0000][7][gc,phases   ] GC(452)   Pre Evacuate Collection Set: 0.1ms
[2024-02-27T15:10:28.745+0000][7][gc,phases   ] GC(452)   Merge Heap Roots: 0.1ms
[2024-02-27T15:10:28.745+0000][7][gc,phases   ] GC(452)   Evacuate Collection Set: 1.4ms
[2024-02-27T15:10:28.745+0000][7][gc,phases   ] GC(452)   Post Evacuate Collection Set: 0.7ms
[2024-02-27T15:10:28.745+0000][7][gc,phases   ] GC(452)   Other: 0.1ms
[2024-02-27T15:10:28.745+0000][7][gc,age      ] GC(452) Age table with threshold 15 (max threshold 15)
[2024-02-27T15:10:28.745+0000][7][gc,age      ] GC(452) - age   1:     976736 bytes,     976736 total
[2024-02-27T15:10:28.745+0000][7][gc,age      ] GC(452) - age   2:       2464 bytes,     979200 total
[2024-02-27T15:10:28.745+0000][7][gc,age      ] GC(452) - age   3:       1112 bytes,     980312 total
[2024-02-27T15:10:28.745+0000][7][gc,age      ] GC(452) - age   4:     140368 bytes,    1120680 total
[2024-02-27T15:10:28.745+0000][7][gc,age      ] GC(452) - age   5:        760 bytes,    1121440 total
[2024-02-27T15:10:28.745+0000][7][gc,age      ] GC(452) - age   6:         32 bytes,    1121472 total
[2024-02-27T15:10:28.745+0000][7][gc,age      ] GC(452) - age   7:        232 bytes,    1121704 total
[2024-02-27T15:10:28.745+0000][7][gc,age      ] GC(452) - age   8:        184 bytes,    1121888 total
[2024-02-27T15:10:28.745+0000][7][gc,age      ] GC(452) - age   9:      10560 bytes,    1132448 total
[2024-02-27T15:10:28.745+0000][7][gc,age      ] GC(452) - age  11:       6224 bytes,    1138672 total
[2024-02-27T15:10:28.745+0000][7][gc,age      ] GC(452) - age  12:      29088 bytes,    1167760 total
[2024-02-27T15:10:28.745+0000][7][gc,age      ] GC(452) - age  13:     122152 bytes,    1289912 total
[2024-02-27T15:10:28.745+0000][7][gc,age      ] GC(452) - age  14:      87248 bytes,    1377160 total
[2024-02-27T15:10:28.745+0000][7][gc,age      ] GC(452) - age  15:        208 bytes,    1377368 total
[2024-02-27T15:10:28.745+0000][7][gc,heap     ] GC(452) Eden regions: 152->0(152)
[2024-02-27T15:10:28.745+0000][7][gc,heap     ] GC(452) Survivor regions: 1->1(20)
[2024-02-27T15:10:28.745+0000][7][gc,heap     ] GC(452) Old regions: 27->27
[2024-02-27T15:10:28.745+0000][7][gc,heap     ] GC(452) Archive regions: 2->2
[2024-02-27T15:10:28.745+0000][7][gc,heap     ] GC(452) Humongous regions: 0->0
[2024-02-27T15:10:28.745+0000][7][gc,metaspace] GC(452) Metaspace: 129096K(132736K)->129096K(132736K) NonClass: 112248K(114176K)->112248K(114176K) Class: 16847K(18560K)->16847K(18560K)
[2024-02-27T15:10:28.745+0000][7][gc          ] GC(452) Pause Young (Normal) (G1 Evacuation Pause) 717M->109M(1024M) 2.671ms
[2024-02-27T15:10:28.745+0000][7][gc,cpu      ] GC(452) User=0.01s Sys=0.00s Real=0.00s
[2024-02-27T15:10:28.745+0000][7][safepoint   ] Safepoint "G1CollectForAllocation", Time since last: 176962112770 ns, Reaching safepoint: 72273 ns, At safepoint: 2771165 ns, Total: 2843438 ns
[2024-02-27T15:13:25.793+0000][7][gc,start    ] GC(453) Pause Young (Normal) (G1 Evacuation Pause)
[2024-02-27T15:13:25.793+0000][7][gc,task     ] GC(453) Using 8 workers of 8 for evacuation
[2024-02-27T15:13:25.793+0000][7][gc,age      ] GC(453) Desired survivor size 41943040 bytes, new threshold 15 (max threshold 15)
[2024-02-27T15:13:25.795+0000][7][gc,phases   ] GC(453)   Pre Evacuate Collection Set: 0.1ms
[2024-02-27T15:13:25.795+0000][7][gc,phases   ] GC(453)   Merge Heap Roots: 0.1ms
[2024-02-27T15:13:25.795+0000][7][gc,phases   ] GC(453)   Evacuate Collection Set: 1.3ms
[2024-02-27T15:13:25.795+0000][7][gc,phases   ] GC(453)   Post Evacuate Collection Set: 0.6ms
[2024-02-27T15:13:25.795+0000][7][gc,phases   ] GC(453)   Other: 0.1ms
[2024-02-27T15:13:25.795+0000][7][gc,age      ] GC(453) Age table with threshold 15 (max threshold 15)
[2024-02-27T15:13:25.795+0000][7][gc,age      ] GC(453) - age   1:    1237000 bytes,    1237000 total
[2024-02-27T15:13:25.795+0000][7][gc,age      ] GC(453) - age   2:      14288 bytes,    1251288 total
[2024-02-27T15:13:25.795+0000][7][gc,age      ] GC(453) - age   3:       1024 bytes,    1252312 total
[2024-02-27T15:13:25.795+0000][7][gc,age      ] GC(453) - age   4:        432 bytes,    1252744 total
[2024-02-27T15:13:25.795+0000][7][gc,age      ] GC(453) - age   5:     140304 bytes,    1393048 total
[2024-02-27T15:13:25.795+0000][7][gc,age      ] GC(453) - age   6:        760 bytes,    1393808 total
[2024-02-27T15:13:25.795+0000][7][gc,age      ] GC(453) - age   7:         32 bytes,    1393840 total
[2024-02-27T15:13:25.795+0000][7][gc,age      ] GC(453) - age   8:        232 bytes,    1394072 total
[2024-02-27T15:13:25.795+0000][7][gc,age      ] GC(453) - age   9:        184 bytes,    1394256 total
[2024-02-27T15:13:25.795+0000][7][gc,age      ] GC(453) - age  10:      10560 bytes,    1404816 total
[2024-02-27T15:13:25.795+0000][7][gc,age      ] GC(453) - age  12:       6224 bytes,    1411040 total
[2024-02-27T15:13:25.795+0000][7][gc,age      ] GC(453) - age  13:      29088 bytes,    1440128 total
[2024-02-27T15:13:25.795+0000][7][gc,age      ] GC(453) - age  14:     122152 bytes,    1562280 total
[2024-02-27T15:13:25.795+0000][7][gc,age      ] GC(453) - age  15:      87248 bytes,    1649528 total
[2024-02-27T15:13:25.795+0000][7][gc,heap     ] GC(453) Eden regions: 152->0(152)
[2024-02-27T15:13:25.795+0000][7][gc,heap     ] GC(453) Survivor regions: 1->1(20)
[2024-02-27T15:13:25.795+0000][7][gc,heap     ] GC(453) Old regions: 27->27
[2024-02-27T15:13:25.795+0000][7][gc,heap     ] GC(453) Archive regions: 2->2
[2024-02-27T15:13:25.795+0000][7][gc,heap     ] GC(453) Humongous regions: 0->0
[2024-02-27T15:13:25.795+0000][7][gc,metaspace] GC(453) Metaspace: 129096K(132736K)->129096K(132736K) NonClass: 112248K(114176K)->112248K(114176K) Class: 16847K(18560K)->16847K(18560K)
[2024-02-27T15:13:25.795+0000][7][gc          ] GC(453) Pause Young (Normal) (G1 Evacuation Pause) 717M->109M(1024M) 2.519ms
[2024-02-27T15:13:25.795+0000][7][gc,cpu      ] GC(453) User=0.01s Sys=0.00s Real=0.00s
[2024-02-27T15:13:25.795+0000][7][safepoint   ] Safepoint "G1CollectForAllocation", Time since last: 177047287875 ns, Reaching safepoint: 59534 ns, At safepoint: 2610238 ns, Total: 2669772 ns
[2024-02-27T15:16:20.434+0000][7][gc,start    ] GC(454) Pause Young (Normal) (G1 Evacuation Pause)
[2024-02-27T15:16:20.434+0000][7][gc,task     ] GC(454) Using 8 workers of 8 for evacuation
[2024-02-27T15:16:20.434+0000][7][gc,age      ] GC(454) Desired survivor size 41943040 bytes, new threshold 15 (max threshold 15)
[2024-02-27T15:16:20.436+0000][7][gc,phases   ] GC(454)   Pre Evacuate Collection Set: 0.1ms
[2024-02-27T15:16:20.436+0000][7][gc,phases   ] GC(454)   Merge Heap Roots: 0.1ms
[2024-02-27T15:16:20.436+0000][7][gc,phases   ] GC(454)   Evacuate Collection Set: 1.1ms
[2024-02-27T15:16:20.436+0000][7][gc,phases   ] GC(454)   Post Evacuate Collection Set: 0.8ms
[2024-02-27T15:16:20.436+0000][7][gc,phases   ] GC(454)   Other: 0.1ms
[2024-02-27T15:16:20.436+0000][7][gc,age      ] GC(454) Age table with threshold 15 (max threshold 15)
[2024-02-27T15:16:20.436+0000][7][gc,age      ] GC(454) - age   1:    1675400 bytes,    1675400 total
[2024-02-27T15:16:20.436+0000][7][gc,age      ] GC(454) - age   2:       2744 bytes,    1678144 total
[2024-02-27T15:16:20.436+0000][7][gc,age      ] GC(454) - age   3:      12360 bytes,    1690504 total
[2024-02-27T15:16:20.436+0000][7][gc,age      ] GC(454) - age   4:        312 bytes,    1690816 total
[2024-02-27T15:16:20.436+0000][7][gc,age      ] GC(454) - age   5:        368 bytes,    1691184 total
[2024-02-27T15:16:20.436+0000][7][gc,age      ] GC(454) - age   6:     140304 bytes,    1831488 total
[2024-02-27T15:16:20.436+0000][7][gc,age      ] GC(454) - age   7:        184 bytes,    1831672 total
[2024-02-27T15:16:20.436+0000][7][gc,age      ] GC(454) - age   9:        232 bytes,    1831904 total
[2024-02-27T15:16:20.436+0000][7][gc,age      ] GC(454) - age  10:        184 bytes,    1832088 total
[2024-02-27T15:16:20.436+0000][7][gc,age      ] GC(454) - age  11:      10560 bytes,    1842648 total
[2024-02-27T15:16:20.436+0000][7][gc,age      ] GC(454) - age  13:       6224 bytes,    1848872 total
[2024-02-27T15:16:20.436+0000][7][gc,age      ] GC(454) - age  14:      29088 bytes,    1877960 total
[2024-02-27T15:16:20.436+0000][7][gc,age      ] GC(454) - age  15:     122152 bytes,    2000112 total
[2024-02-27T15:16:20.436+0000][7][gc,heap     ] GC(454) Eden regions: 152->0(152)
[2024-02-27T15:16:20.436+0000][7][gc,heap     ] GC(454) Survivor regions: 1->1(20)
[2024-02-27T15:16:20.436+0000][7][gc,heap     ] GC(454) Old regions: 27->27
[2024-02-27T15:16:20.436+0000][7][gc,heap     ] GC(454) Archive regions: 2->2
[2024-02-27T15:16:20.436+0000][7][gc,heap     ] GC(454) Humongous regions: 0->0
[2024-02-27T15:16:20.436+0000][7][gc,metaspace] GC(454) Metaspace: 129097K(132736K)->129097K(132736K) NonClass: 112249K(114176K)->112249K(114176K) Class: 16847K(18560K)->16847K(18560K)
[2024-02-27T15:16:20.436+0000][7][gc          ] GC(454) Pause Young (Normal) (G1 Evacuation Pause) 717M->110M(1024M) 2.463ms
[2024-02-27T15:16:20.436+0000][7][gc,cpu      ] GC(454) User=0.02s Sys=0.00s Real=0.00s
[2024-02-27T15:16:20.436+0000][7][safepoint   ] Safepoint "G1CollectForAllocation", Time since last: 174638402488 ns, Reaching safepoint: 44291 ns, At safepoint: 2541323 ns, Total: 2585614 ns
[2024-02-27T15:19:13.965+0000][7][gc,start    ] GC(455) Pause Young (Normal) (G1 Evacuation Pause)
[2024-02-27T15:19:13.965+0000][7][gc,task     ] GC(455) Using 8 workers of 8 for evacuation
[2024-02-27T15:19:13.965+0000][7][gc,age      ] GC(455) Desired survivor size 41943040 bytes, new threshold 15 (max threshold 15)
[2024-02-27T15:19:13.967+0000][7][gc,phases   ] GC(455)   Pre Evacuate Collection Set: 0.1ms
[2024-02-27T15:19:13.967+0000][7][gc,phases   ] GC(455)   Merge Heap Roots: 0.1ms
[2024-02-27T15:19:13.967+0000][7][gc,phases   ] GC(455)   Evacuate Collection Set: 1.0ms
[2024-02-27T15:19:13.967+0000][7][gc,phases   ] GC(455)   Post Evacuate Collection Set: 0.5ms
[2024-02-27T15:19:13.967+0000][7][gc,phases   ] GC(455)   Other: 0.1ms
[2024-02-27T15:19:13.967+0000][7][gc,age      ] GC(455) Age table with threshold 15 (max threshold 15)
[2024-02-27T15:19:13.967+0000][7][gc,age      ] GC(455) - age   1:    1939768 bytes,    1939768 total
[2024-02-27T15:19:13.967+0000][7][gc,age      ] GC(455) - age   2:       5496 bytes,    1945264 total
[2024-02-27T15:19:13.967+0000][7][gc,age      ] GC(455) - age   3:        376 bytes,    1945640 total
[2024-02-27T15:19:13.967+0000][7][gc,age      ] GC(455) - age   4:       8200 bytes,    1953840 total
[2024-02-27T15:19:13.967+0000][7][gc,age      ] GC(455) - age   5:         32 bytes,    1953872 total
[2024-02-27T15:19:13.967+0000][7][gc,age      ] GC(455) - age   6:        368 bytes,    1954240 total
[2024-02-27T15:19:13.967+0000][7][gc,age      ] GC(455) - age   7:     140304 bytes,    2094544 total
[2024-02-27T15:19:13.967+0000][7][gc,age      ] GC(455) - age   8:        184 bytes,    2094728 total
[2024-02-27T15:19:13.967+0000][7][gc,age      ] GC(455) - age  10:        232 bytes,    2094960 total
[2024-02-27T15:19:13.967+0000][7][gc,age      ] GC(455) - age  11:        184 bytes,    2095144 total
[2024-02-27T15:19:13.967+0000][7][gc,age      ] GC(455) - age  12:      10560 bytes,    2105704 total
[2024-02-27T15:19:13.967+0000][7][gc,age      ] GC(455) - age  14:       6224 bytes,    2111928 total
[2024-02-27T15:19:13.967+0000][7][gc,age      ] GC(455) - age  15:      29088 bytes,    2141016 total
[2024-02-27T15:19:13.967+0000][7][gc,heap     ] GC(455) Eden regions: 152->0(152)
[2024-02-27T15:19:13.967+0000][7][gc,heap     ] GC(455) Survivor regions: 1->1(20)
[2024-02-27T15:19:13.967+0000][7][gc,heap     ] GC(455) Old regions: 27->27
[2024-02-27T15:19:13.967+0000][7][gc,heap     ] GC(455) Archive regions: 2->2
[2024-02-27T15:19:13.967+0000][7][gc,heap     ] GC(455) Humongous regions: 0->0
[2024-02-27T15:19:13.967+0000][7][gc,metaspace] GC(455) Metaspace: 129097K(132736K)->129097K(132736K) NonClass: 112249K(114176K)->112249K(114176K) Class: 16847K(18560K)->16847K(18560K)
[2024-02-27T15:19:13.967+0000][7][gc          ] GC(455) Pause Young (Normal) (G1 Evacuation Pause) 718M->110M(1024M) 1.891ms
[2024-02-27T15:19:13.967+0000][7][gc,cpu      ] GC(455) User=0.01s Sys=0.01s Real=0.00s
[2024-02-27T15:19:13.967+0000][7][safepoint   ] Safepoint "G1CollectForAllocation", Time since last: 173528487538 ns, Reaching safepoint: 41990 ns, At safepoint: 1957824 ns, Total: 1999814 ns
[2024-02-27T15:22:07.784+0000][7][gc,start    ] GC(456) Pause Young (Normal) (G1 Evacuation Pause)
[2024-02-27T15:22:07.784+0000][7][gc,task     ] GC(456) Using 8 workers of 8 for evacuation
[2024-02-27T15:22:07.784+0000][7][gc,age      ] GC(456) Desired survivor size 41943040 bytes, new threshold 15 (max threshold 15)
[2024-02-27T15:22:07.786+0000][7][gc,phases   ] GC(456)   Pre Evacuate Collection Set: 0.1ms
[2024-02-27T15:22:07.786+0000][7][gc,phases   ] GC(456)   Merge Heap Roots: 0.1ms
[2024-02-27T15:22:07.786+0000][7][gc,phases   ] GC(456)   Evacuate Collection Set: 1.3ms
[2024-02-27T15:22:07.786+0000][7][gc,phases   ] GC(456)   Post Evacuate Collection Set: 0.7ms
[2024-02-27T15:22:07.786+0000][7][gc,phases   ] GC(456)   Other: 0.1ms
[2024-02-27T15:22:07.786+0000][7][gc,age      ] GC(456) Age table with threshold 15 (max threshold 15)
[2024-02-27T15:22:07.786+0000][7][gc,age      ] GC(456) - age   1:    1312216 bytes,    1312216 total
[2024-02-27T15:22:07.786+0000][7][gc,age      ] GC(456) - age   2:       7520 bytes,    1319736 total
[2024-02-27T15:22:07.786+0000][7][gc,age      ] GC(456) - age   3:       1744 bytes,    1321480 total
[2024-02-27T15:22:07.786+0000][7][gc,age      ] GC(456) - age   4:         64 bytes,    1321544 total
[2024-02-27T15:22:07.786+0000][7][gc,age      ] GC(456) - age   5:       8200 bytes,    1329744 total
[2024-02-27T15:22:07.786+0000][7][gc,age      ] GC(456) - age   6:         32 bytes,    1329776 total
[2024-02-27T15:22:07.786+0000][7][gc,age      ] GC(456) - age   7:        368 bytes,    1330144 total
[2024-02-27T15:22:07.786+0000][7][gc,age      ] GC(456) - age   8:     139920 bytes,    1470064 total
[2024-02-27T15:22:07.786+0000][7][gc,age      ] GC(456) - age   9:        184 bytes,    1470248 total
[2024-02-27T15:22:07.786+0000][7][gc,age      ] GC(456) - age  11:        232 bytes,    1470480 total
[2024-02-27T15:22:07.786+0000][7][gc,age      ] GC(456) - age  12:        184 bytes,    1470664 total
[2024-02-27T15:22:07.786+0000][7][gc,age      ] GC(456) - age  13:      10560 bytes,    1481224 total
[2024-02-27T15:22:07.786+0000][7][gc,age      ] GC(456) - age  15:       6224 bytes,    1487448 total
[2024-02-27T15:22:07.786+0000][7][gc,heap     ] GC(456) Eden regions: 152->0(152)
[2024-02-27T15:22:07.786+0000][7][gc,heap     ] GC(456) Survivor regions: 1->1(20)
[2024-02-27T15:22:07.786+0000][7][gc,heap     ] GC(456) Old regions: 27->27
[2024-02-27T15:22:07.786+0000][7][gc,heap     ] GC(456) Archive regions: 2->2
[2024-02-27T15:22:07.786+0000][7][gc,heap     ] GC(456) Humongous regions: 0->0
[2024-02-27T15:22:07.786+0000][7][gc,metaspace] GC(456) Metaspace: 129097K(132736K)->129097K(132736K) NonClass: 112249K(114176K)->112249K(114176K) Class: 16847K(18560K)->16847K(18560K)
[2024-02-27T15:22:07.786+0000][7][gc          ] GC(456) Pause Young (Normal) (G1 Evacuation Pause) 718M->109M(1024M) 2.679ms
[2024-02-27T15:22:07.786+0000][7][gc,cpu      ] GC(456) User=0.02s Sys=0.00s Real=0.00s
[2024-02-27T15:22:07.786+0000][7][safepoint   ] Safepoint "G1CollectForAllocation", Time since last: 173816630073 ns, Reaching safepoint: 100229 ns, At safepoint: 2774467 ns, Total: 2874696 ns
[2024-02-27T15:23:04.793+0000][7][safepoint   ] Safepoint "Cleanup", Time since last: 57006325521 ns, Reaching safepoint: 80527 ns, At safepoint: 8585 ns, Total: 89112 ns
[2024-02-27T15:25:01.843+0000][7][gc,start    ] GC(457) Pause Young (Normal) (G1 Evacuation Pause)
[2024-02-27T15:25:01.843+0000][7][gc,task     ] GC(457) Using 8 workers of 8 for evacuation
[2024-02-27T15:25:01.843+0000][7][gc,age      ] GC(457) Desired survivor size 41943040 bytes, new threshold 15 (max threshold 15)
[2024-02-27T15:25:01.845+0000][7][gc,phases   ] GC(457)   Pre Evacuate Collection Set: 0.1ms
[2024-02-27T15:25:01.845+0000][7][gc,phases   ] GC(457)   Merge Heap Roots: 0.1ms
[2024-02-27T15:25:01.845+0000][7][gc,phases   ] GC(457)   Evacuate Collection Set: 1.1ms
[2024-02-27T15:25:01.845+0000][7][gc,phases   ] GC(457)   Post Evacuate Collection Set: 0.6ms
[2024-02-27T15:25:01.845+0000][7][gc,phases   ] GC(457)   Other: 0.1ms
[2024-02-27T15:25:01.845+0000][7][gc,age      ] GC(457) Age table with threshold 15 (max threshold 15)
[2024-02-27T15:25:01.845+0000][7][gc,age      ] GC(457) - age   1:    1270512 bytes,    1270512 total
[2024-02-27T15:25:01.845+0000][7][gc,age      ] GC(457) - age   2:       4632 bytes,    1275144 total
[2024-02-27T15:25:01.845+0000][7][gc,age      ] GC(457) - age   3:       4440 bytes,    1279584 total
[2024-02-27T15:25:01.845+0000][7][gc,age      ] GC(457) - age   4:       1488 bytes,    1281072 total
[2024-02-27T15:25:01.845+0000][7][gc,age      ] GC(457) - age   5:         64 bytes,    1281136 total
[2024-02-27T15:25:01.845+0000][7][gc,age      ] GC(457) - age   6:       8200 bytes,    1289336 total
[2024-02-27T15:25:01.845+0000][7][gc,age      ] GC(457) - age   7:         32 bytes,    1289368 total
[2024-02-27T15:25:01.845+0000][7][gc,age      ] GC(457) - age   8:        368 bytes,    1289736 total
[2024-02-27T15:25:01.845+0000][7][gc,age      ] GC(457) - age   9:     139712 bytes,    1429448 total
[2024-02-27T15:25:01.845+0000][7][gc,age      ] GC(457) - age  10:        184 bytes,    1429632 total
[2024-02-27T15:25:01.845+0000][7][gc,age      ] GC(457) - age  12:        232 bytes,    1429864 total
[2024-02-27T15:25:01.845+0000][7][gc,age      ] GC(457) - age  13:        184 bytes,    1430048 total
[2024-02-27T15:25:01.845+0000][7][gc,age      ] GC(457) - age  14:      10376 bytes,    1440424 total
[2024-02-27T15:25:01.845+0000][7][gc,heap     ] GC(457) Eden regions: 152->0(152)
[2024-02-27T15:25:01.845+0000][7][gc,heap     ] GC(457) Survivor regions: 1->1(20)
[2024-02-27T15:25:01.845+0000][7][gc,heap     ] GC(457) Old regions: 27->27
[2024-02-27T15:25:01.845+0000][7][gc,heap     ] GC(457) Archive regions: 2->2
[2024-02-27T15:25:01.845+0000][7][gc,heap     ] GC(457) Humongous regions: 0->0
[2024-02-27T15:25:01.845+0000][7][gc,metaspace] GC(457) Metaspace: 129097K(132736K)->129097K(132736K) NonClass: 112249K(114176K)->112249K(114176K) Class: 16847K(18560K)->16847K(18560K)
[2024-02-27T15:25:01.845+0000][7][gc          ] GC(457) Pause Young (Normal) (G1 Evacuation Pause) 717M->109M(1024M) 2.196ms
[2024-02-27T15:25:01.845+0000][7][gc,cpu      ] GC(457) User=0.01s Sys=0.00s Real=0.00s
[2024-02-27T15:25:01.845+0000][7][safepoint   ] Safepoint "G1CollectForAllocation", Time since last: 117049955750 ns, Reaching safepoint: 62178 ns, At safepoint: 2279566 ns, Total: 2341744 ns
[2024-02-27T15:27:55.817+0000][7][gc,start    ] GC(458) Pause Young (Normal) (G1 Evacuation Pause)
[2024-02-27T15:27:55.817+0000][7][gc,task     ] GC(458) Using 8 workers of 8 for evacuation
[2024-02-27T15:27:55.817+0000][7][gc,age      ] GC(458) Desired survivor size 41943040 bytes, new threshold 15 (max threshold 15)
[2024-02-27T15:27:55.820+0000][7][gc,phases   ] GC(458)   Pre Evacuate Collection Set: 0.1ms
[2024-02-27T15:27:55.820+0000][7][gc,phases   ] GC(458)   Merge Heap Roots: 0.1ms
[2024-02-27T15:27:55.820+0000][7][gc,phases   ] GC(458)   Evacuate Collection Set: 1.8ms
[2024-02-27T15:27:55.820+0000][7][gc,phases   ] GC(458)   Post Evacuate Collection Set: 0.7ms
[2024-02-27T15:27:55.820+0000][7][gc,phases   ] GC(458)   Other: 0.1ms
[2024-02-27T15:27:55.820+0000][7][gc,age      ] GC(458) Age table with threshold 15 (max threshold 15)
[2024-02-27T15:27:55.820+0000][7][gc,age      ] GC(458) - age   1:    1778368 bytes,    1778368 total
[2024-02-27T15:27:55.820+0000][7][gc,age      ] GC(458) - age   2:       3768 bytes,    1782136 total
[2024-02-27T15:27:55.820+0000][7][gc,age      ] GC(458) - age   3:        952 bytes,    1783088 total
[2024-02-27T15:27:55.820+0000][7][gc,age      ] GC(458) - age   4:       3888 bytes,    1786976 total
[2024-02-27T15:27:55.820+0000][7][gc,age      ] GC(458) - age   5:        704 bytes,    1787680 total
[2024-02-27T15:27:55.820+0000][7][gc,age      ] GC(458) - age   7:       8200 bytes,    1795880 total
[2024-02-27T15:27:55.820+0000][7][gc,age      ] GC(458) - age   9:        368 bytes,    1796248 total
[2024-02-27T15:27:55.820+0000][7][gc,age      ] GC(458) - age  10:     139712 bytes,    1935960 total
[2024-02-27T15:27:55.820+0000][7][gc,age      ] GC(458) - age  11:        184 bytes,    1936144 total
[2024-02-27T15:27:55.820+0000][7][gc,age      ] GC(458) - age  13:        232 bytes,    1936376 total
[2024-02-27T15:27:55.820+0000][7][gc,age      ] GC(458) - age  14:        184 bytes,    1936560 total
[2024-02-27T15:27:55.820+0000][7][gc,age      ] GC(458) - age  15:      10376 bytes,    1946936 total
[2024-02-27T15:27:55.820+0000][7][gc,heap     ] GC(458) Eden regions: 152->0(152)
[2024-02-27T15:27:55.820+0000][7][gc,heap     ] GC(458) Survivor regions: 1->1(20)
[2024-02-27T15:27:55.820+0000][7][gc,heap     ] GC(458) Old regions: 27->27
[2024-02-27T15:27:55.820+0000][7][gc,heap     ] GC(458) Archive regions: 2->2
[2024-02-27T15:27:55.820+0000][7][gc,heap     ] GC(458) Humongous regions: 0->0
[2024-02-27T15:27:55.820+0000][7][gc,metaspace] GC(458) Metaspace: 129098K(132736K)->129098K(132736K) NonClass: 112250K(114176K)->112250K(114176K) Class: 16847K(18560K)->16847K(18560K)
[2024-02-27T15:27:55.820+0000][7][gc          ] GC(458) Pause Young (Normal) (G1 Evacuation Pause) 717M->110M(1024M) 2.979ms
[2024-02-27T15:27:55.820+0000][7][gc,cpu      ] GC(458) User=0.01s Sys=0.00s Real=0.00s
[2024-02-27T15:27:55.820+0000][7][safepoint   ] Safepoint "G1CollectForAllocation", Time since last: 173971687363 ns, Reaching safepoint: 114653 ns, At safepoint: 3072505 ns, Total: 3187158 ns
[2024-02-27T15:30:39.035+0000][7][gc,start    ] GC(459) Pause Young (Normal) (G1 Evacuation Pause)
[2024-02-27T15:30:39.036+0000][7][gc,task     ] GC(459) Using 8 workers of 8 for evacuation
[2024-02-27T15:30:39.036+0000][7][gc,age      ] GC(459) Desired survivor size 41943040 bytes, new threshold 15 (max threshold 15)
[2024-02-27T15:30:39.037+0000][7][gc,phases   ] GC(459)   Pre Evacuate Collection Set: 0.1ms
[2024-02-27T15:30:39.037+0000][7][gc,phases   ] GC(459)   Merge Heap Roots: 0.0ms
[2024-02-27T15:30:39.037+0000][7][gc,phases   ] GC(459)   Evacuate Collection Set: 1.0ms
[2024-02-27T15:30:39.037+0000][7][gc,phases   ] GC(459)   Post Evacuate Collection Set: 0.5ms
[2024-02-27T15:30:39.037+0000][7][gc,phases   ] GC(459)   Other: 0.1ms
[2024-02-27T15:30:39.037+0000][7][gc,age      ] GC(459) Age table with threshold 15 (max threshold 15)
[2024-02-27T15:30:39.037+0000][7][gc,age      ] GC(459) - age   1:    1652880 bytes,    1652880 total
[2024-02-27T15:30:39.037+0000][7][gc,age      ] GC(459) - age   2:       4440 bytes,    1657320 total
[2024-02-27T15:30:39.037+0000][7][gc,age      ] GC(459) - age   3:        880 bytes,    1658200 total
[2024-02-27T15:30:39.037+0000][7][gc,age      ] GC(459) - age   4:        384 bytes,    1658584 total
[2024-02-27T15:30:39.037+0000][7][gc,age      ] GC(459) - age   5:        368 bytes,    1658952 total
[2024-02-27T15:30:39.037+0000][7][gc,age      ] GC(459) - age   6:        312 bytes,    1659264 total
[2024-02-27T15:30:39.037+0000][7][gc,age      ] GC(459) - age   8:       8200 bytes,    1667464 total
[2024-02-27T15:30:39.037+0000][7][gc,age      ] GC(459) - age  10:        368 bytes,    1667832 total
[2024-02-27T15:30:39.037+0000][7][gc,age      ] GC(459) - age  11:     139712 bytes,    1807544 total
[2024-02-27T15:30:39.037+0000][7][gc,age      ] GC(459) - age  12:        184 bytes,    1807728 total
[2024-02-27T15:30:39.037+0000][7][gc,age      ] GC(459) - age  14:        232 bytes,    1807960 total
[2024-02-27T15:30:39.037+0000][7][gc,age      ] GC(459) - age  15:        184 bytes,    1808144 total
[2024-02-27T15:30:39.037+0000][7][gc,heap     ] GC(459) Eden regions: 152->0(152)
[2024-02-27T15:30:39.037+0000][7][gc,heap     ] GC(459) Survivor regions: 1->1(20)
[2024-02-27T15:30:39.037+0000][7][gc,heap     ] GC(459) Old regions: 27->27
[2024-02-27T15:30:39.037+0000][7][gc,heap     ] GC(459) Archive regions: 2->2
[2024-02-27T15:30:39.037+0000][7][gc,heap     ] GC(459) Humongous regions: 0->0
[2024-02-27T15:30:39.037+0000][7][gc,metaspace] GC(459) Metaspace: 129098K(132736K)->129098K(132736K) NonClass: 112250K(114176K)->112250K(114176K) Class: 16847K(18560K)->16847K(18560K)
[2024-02-27T15:30:39.037+0000][7][gc          ] GC(459) Pause Young (Normal) (G1 Evacuation Pause) 718M->110M(1024M) 1.921ms
[2024-02-27T15:30:39.037+0000][7][gc,cpu      ] GC(459) User=0.01s Sys=0.00s Real=0.00s
[2024-02-27T15:30:39.037+0000][7][safepoint   ] Safepoint "G1CollectForAllocation", Time since last: 163215551795 ns, Reaching safepoint: 47351 ns, At safepoint: 1992242 ns, Total: 2039593 ns
[2024-02-27T15:33:34.813+0000][7][gc,start    ] GC(460) Pause Young (Normal) (G1 Evacuation Pause)
[2024-02-27T15:33:34.813+0000][7][gc,task     ] GC(460) Using 8 workers of 8 for evacuation
[2024-02-27T15:33:34.813+0000][7][gc,age      ] GC(460) Desired survivor size 41943040 bytes, new threshold 15 (max threshold 15)
[2024-02-27T15:33:34.815+0000][7][gc,phases   ] GC(460)   Pre Evacuate Collection Set: 0.1ms
[2024-02-27T15:33:34.815+0000][7][gc,phases   ] GC(460)   Merge Heap Roots: 0.1ms
[2024-02-27T15:33:34.815+0000][7][gc,phases   ] GC(460)   Evacuate Collection Set: 1.2ms
[2024-02-27T15:33:34.815+0000][7][gc,phases   ] GC(460)   Post Evacuate Collection Set: 0.7ms
[2024-02-27T15:33:34.815+0000][7][gc,phases   ] GC(460)   Other: 0.1ms
[2024-02-27T15:33:34.815+0000][7][gc,age      ] GC(460) Age table with threshold 15 (max threshold 15)
[2024-02-27T15:33:34.815+0000][7][gc,age      ] GC(460) - age   1:     904456 bytes,     904456 total
[2024-02-27T15:33:34.815+0000][7][gc,age      ] GC(460) - age   2:     209960 bytes,    1114416 total
[2024-02-27T15:33:34.815+0000][7][gc,age      ] GC(460) - age   3:       2072 bytes,    1116488 total
[2024-02-27T15:33:34.815+0000][7][gc,age      ] GC(460) - age   4:        520 bytes,    1117008 total
[2024-02-27T15:33:34.816+0000][7][gc,age      ] GC(460) - age   5:        384 bytes,    1117392 total
[2024-02-27T15:33:34.816+0000][7][gc,age      ] GC(460) - age   6:        368 bytes,    1117760 total
[2024-02-27T15:33:34.816+0000][7][gc,age      ] GC(460) - age   7:        312 bytes,    1118072 total
[2024-02-27T15:33:34.816+0000][7][gc,age      ] GC(460) - age   9:       8200 bytes,    1126272 total
[2024-02-27T15:33:34.816+0000][7][gc,age      ] GC(460) - age  11:        184 bytes,    1126456 total
[2024-02-27T15:33:34.816+0000][7][gc,age      ] GC(460) - age  12:     139712 bytes,    1266168 total
[2024-02-27T15:33:34.816+0000][7][gc,age      ] GC(460) - age  13:        184 bytes,    1266352 total
[2024-02-27T15:33:34.816+0000][7][gc,age      ] GC(460) - age  15:        232 bytes,    1266584 total
[2024-02-27T15:33:34.816+0000][7][gc,heap     ] GC(460) Eden regions: 152->0(152)
[2024-02-27T15:33:34.816+0000][7][gc,heap     ] GC(460) Survivor regions: 1->1(20)
[2024-02-27T15:33:34.816+0000][7][gc,heap     ] GC(460) Old regions: 27->27
[2024-02-27T15:33:34.816+0000][7][gc,heap     ] GC(460) Archive regions: 2->2
[2024-02-27T15:33:34.816+0000][7][gc,heap     ] GC(460) Humongous regions: 0->0
[2024-02-27T15:33:34.816+0000][7][gc,metaspace] GC(460) Metaspace: 129098K(132736K)->129098K(132736K) NonClass: 112250K(114176K)->112250K(114176K) Class: 16847K(18560K)->16847K(18560K)
[2024-02-27T15:33:34.816+0000][7][gc          ] GC(460) Pause Young (Normal) (G1 Evacuation Pause) 718M->109M(1024M) 2.402ms
[2024-02-27T15:33:34.816+0000][7][gc,cpu      ] GC(460) User=0.01s Sys=0.00s Real=0.00s
[2024-02-27T15:33:34.816+0000][7][safepoint   ] Safepoint "G1CollectForAllocation", Time since last: 175775635953 ns, Reaching safepoint: 87241 ns, At safepoint: 2495290 ns, Total: 2582531 ns
[2024-02-27T15:34:45.825+0000][7][safepoint   ] Safepoint "Cleanup", Time since last: 71009212519 ns, Reaching safepoint: 76596 ns, At safepoint: 38741 ns, Total: 115337 ns
[2024-02-27T15:36:13.851+0000][7][gc,start    ] GC(461) Pause Young (Normal) (G1 Evacuation Pause)
[2024-02-27T15:36:13.851+0000][7][gc,task     ] GC(461) Using 8 workers of 8 for evacuation
[2024-02-27T15:36:13.851+0000][7][gc,age      ] GC(461) Desired survivor size 41943040 bytes, new threshold 15 (max threshold 15)
[2024-02-27T15:36:13.853+0000][7][gc,phases   ] GC(461)   Pre Evacuate Collection Set: 0.1ms
[2024-02-27T15:36:13.853+0000][7][gc,phases   ] GC(461)   Merge Heap Roots: 0.1ms
[2024-02-27T15:36:13.853+0000][7][gc,phases   ] GC(461)   Evacuate Collection Set: 1.3ms
[2024-02-27T15:36:13.853+0000][7][gc,phases   ] GC(461)   Post Evacuate Collection Set: 0.7ms
[2024-02-27T15:36:13.853+0000][7][gc,phases   ] GC(461)   Other: 0.1ms
[2024-02-27T15:36:13.853+0000][7][gc,age      ] GC(461) Age table with threshold 15 (max threshold 15)
[2024-02-27T15:36:13.853+0000][7][gc,age      ] GC(461) - age   1:    1462640 bytes,    1462640 total
[2024-02-27T15:36:13.853+0000][7][gc,age      ] GC(461) - age   2:       1712 bytes,    1464352 total
[2024-02-27T15:36:13.853+0000][7][gc,age      ] GC(461) - age   3:     100352 bytes,    1564704 total
[2024-02-27T15:36:13.853+0000][7][gc,age      ] GC(461) - age   4:        560 bytes,    1565264 total
[2024-02-27T15:36:13.853+0000][7][gc,age      ] GC(461) - age   5:        328 bytes,    1565592 total
[2024-02-27T15:36:13.853+0000][7][gc,age      ] GC(461) - age   6:        384 bytes,    1565976 total
[2024-02-27T15:36:13.853+0000][7][gc,age      ] GC(461) - age   7:        368 bytes,    1566344 total
[2024-02-27T15:36:13.853+0000][7][gc,age      ] GC(461) - age   8:        184 bytes,    1566528 total
[2024-02-27T15:36:13.853+0000][7][gc,age      ] GC(461) - age  10:       8200 bytes,    1574728 total
[2024-02-27T15:36:13.853+0000][7][gc,age      ] GC(461) - age  12:        184 bytes,    1574912 total
[2024-02-27T15:36:13.853+0000][7][gc,age      ] GC(461) - age  13:     139712 bytes,    1714624 total
[2024-02-27T15:36:13.853+0000][7][gc,heap     ] GC(461) Eden regions: 152->0(152)
[2024-02-27T15:36:13.853+0000][7][gc,heap     ] GC(461) Survivor regions: 1->1(20)
[2024-02-27T15:36:13.853+0000][7][gc,heap     ] GC(461) Old regions: 27->27
[2024-02-27T15:36:13.854+0000][7][gc,heap     ] GC(461) Archive regions: 2->2
[2024-02-27T15:36:13.854+0000][7][gc,heap     ] GC(461) Humongous regions: 0->0
[2024-02-27T15:36:13.854+0000][7][gc,metaspace] GC(461) Metaspace: 129098K(132736K)->129098K(132736K) NonClass: 112250K(114176K)->112250K(114176K) Class: 16847K(18560K)->16847K(18560K)
[2024-02-27T15:36:13.854+0000][7][gc          ] GC(461) Pause Young (Normal) (G1 Evacuation Pause) 717M->110M(1024M) 2.497ms
[2024-02-27T15:36:13.854+0000][7][gc,cpu      ] GC(461) User=0.01s Sys=0.00s Real=0.00s
[2024-02-27T15:36:13.854+0000][7][safepoint   ] Safepoint "G1CollectForAllocation", Time since last: 88025973769 ns, Reaching safepoint: 47698 ns, At safepoint: 2591219 ns, Total: 2638917 ns
[2024-02-27T15:38:56.552+0000][7][gc,start    ] GC(462) Pause Young (Normal) (G1 Evacuation Pause)
[2024-02-27T15:38:56.552+0000][7][gc,task     ] GC(462) Using 8 workers of 8 for evacuation
[2024-02-27T15:38:56.552+0000][7][gc,age      ] GC(462) Desired survivor size 41943040 bytes, new threshold 15 (max threshold 15)
[2024-02-27T15:38:56.554+0000][7][gc,phases   ] GC(462)   Pre Evacuate Collection Set: 0.1ms
[2024-02-27T15:38:56.554+0000][7][gc,phases   ] GC(462)   Merge Heap Roots: 0.0ms
[2024-02-27T15:38:56.554+0000][7][gc,phases   ] GC(462)   Evacuate Collection Set: 1.0ms
[2024-02-27T15:38:56.554+0000][7][gc,phases   ] GC(462)   Post Evacuate Collection Set: 0.6ms
[2024-02-27T15:38:56.554+0000][7][gc,phases   ] GC(462)   Other: 0.1ms
[2024-02-27T15:38:56.554+0000][7][gc,age      ] GC(462) Age table with threshold 15 (max threshold 15)
[2024-02-27T15:38:56.554+0000][7][gc,age      ] GC(462) - age   1:    1583792 bytes,    1583792 total
[2024-02-27T15:38:56.554+0000][7][gc,age      ] GC(462) - age   2:     144152 bytes,    1727944 total
[2024-02-27T15:38:56.554+0000][7][gc,age      ] GC(462) - age   3:        432 bytes,    1728376 total
[2024-02-27T15:38:56.554+0000][7][gc,age      ] GC(462) - age   4:      96320 bytes,    1824696 total
[2024-02-27T15:38:56.554+0000][7][gc,age      ] GC(462) - age   5:        240 bytes,    1824936 total
[2024-02-27T15:38:56.554+0000][7][gc,age      ] GC(462) - age   6:        328 bytes,    1825264 total
[2024-02-27T15:38:56.554+0000][7][gc,age      ] GC(462) - age   7:        384 bytes,    1825648 total
[2024-02-27T15:38:56.554+0000][7][gc,age      ] GC(462) - age   8:        184 bytes,    1825832 total
[2024-02-27T15:38:56.554+0000][7][gc,age      ] GC(462) - age  11:       8200 bytes,    1834032 total
[2024-02-27T15:38:56.554+0000][7][gc,age      ] GC(462) - age  13:        184 bytes,    1834216 total
[2024-02-27T15:38:56.554+0000][7][gc,age      ] GC(462) - age  14:     139712 bytes,    1973928 total
[2024-02-27T15:38:56.554+0000][7][gc,heap     ] GC(462) Eden regions: 152->0(152)
[2024-02-27T15:38:56.554+0000][7][gc,heap     ] GC(462) Survivor regions: 1->1(20)
[2024-02-27T15:38:56.554+0000][7][gc,heap     ] GC(462) Old regions: 27->27
[2024-02-27T15:38:56.554+0000][7][gc,heap     ] GC(462) Archive regions: 2->2
[2024-02-27T15:38:56.554+0000][7][gc,heap     ] GC(462) Humongous regions: 0->0
[2024-02-27T15:38:56.554+0000][7][gc,metaspace] GC(462) Metaspace: 129098K(132736K)->129098K(132736K) NonClass: 112250K(114176K)->112250K(114176K) Class: 16847K(18560K)->16847K(18560K)
[2024-02-27T15:38:56.554+0000][7][gc          ] GC(462) Pause Young (Normal) (G1 Evacuation Pause) 718M->110M(1024M) 1.922ms
[2024-02-27T15:38:56.554+0000][7][gc,cpu      ] GC(462) User=0.01s Sys=0.00s Real=0.00s
[2024-02-27T15:38:56.554+0000][7][safepoint   ] Safepoint "G1CollectForAllocation", Time since last: 162698211292 ns, Reaching safepoint: 33461 ns, At safepoint: 1991214 ns, Total: 2024675 ns
[2024-02-27T15:41:50.853+0000][7][gc,start    ] GC(463) Pause Young (Normal) (G1 Evacuation Pause)
[2024-02-27T15:41:50.853+0000][7][gc,task     ] GC(463) Using 8 workers of 8 for evacuation
[2024-02-27T15:41:50.853+0000][7][gc,age      ] GC(463) Desired survivor size 41943040 bytes, new threshold 15 (max threshold 15)
[2024-02-27T15:41:50.856+0000][7][gc,phases   ] GC(463)   Pre Evacuate Collection Set: 0.1ms
[2024-02-27T15:41:50.856+0000][7][gc,phases   ] GC(463)   Merge Heap Roots: 0.1ms
[2024-02-27T15:41:50.856+0000][7][gc,phases   ] GC(463)   Evacuate Collection Set: 1.8ms
[2024-02-27T15:41:50.856+0000][7][gc,phases   ] GC(463)   Post Evacuate Collection Set: 1.0ms
[2024-02-27T15:41:50.856+0000][7][gc,phases   ] GC(463)   Other: 0.1ms
[2024-02-27T15:41:50.856+0000][7][gc,age      ] GC(463) Age table with threshold 15 (max threshold 15)
[2024-02-27T15:41:50.856+0000][7][gc,age      ] GC(463) - age   1:    1408208 bytes,    1408208 total
[2024-02-27T15:41:50.856+0000][7][gc,age      ] GC(463) - age   2:      24728 bytes,    1432936 total
[2024-02-27T15:41:50.856+0000][7][gc,age      ] GC(463) - age   3:     141584 bytes,    1574520 total
[2024-02-27T15:41:50.856+0000][7][gc,age      ] GC(463) - age   4:        368 bytes,    1574888 total
[2024-02-27T15:41:50.856+0000][7][gc,age      ] GC(463) - age   5:      96320 bytes,    1671208 total
[2024-02-27T15:41:50.856+0000][7][gc,age      ] GC(463) - age   6:        240 bytes,    1671448 total
[2024-02-27T15:41:50.856+0000][7][gc,age      ] GC(463) - age   7:        328 bytes,    1671776 total
[2024-02-27T15:41:50.856+0000][7][gc,age      ] GC(463) - age   9:        184 bytes,    1671960 total
[2024-02-27T15:41:50.856+0000][7][gc,age      ] GC(463) - age  12:       8200 bytes,    1680160 total
[2024-02-27T15:41:50.856+0000][7][gc,age      ] GC(463) - age  14:        184 bytes,    1680344 total
[2024-02-27T15:41:50.856+0000][7][gc,age      ] GC(463) - age  15:     139712 bytes,    1820056 total
[2024-02-27T15:41:50.856+0000][7][gc,heap     ] GC(463) Eden regions: 152->0(152)
[2024-02-27T15:41:50.856+0000][7][gc,heap     ] GC(463) Survivor regions: 1->1(20)
[2024-02-27T15:41:50.856+0000][7][gc,heap     ] GC(463) Old regions: 27->27
[2024-02-27T15:41:50.856+0000][7][gc,heap     ] GC(463) Archive regions: 2->2
[2024-02-27T15:41:50.856+0000][7][gc,heap     ] GC(463) Humongous regions: 0->0
[2024-02-27T15:41:50.856+0000][7][gc,metaspace] GC(463) Metaspace: 129098K(132736K)->129098K(132736K) NonClass: 112250K(114176K)->112250K(114176K) Class: 16847K(18560K)->16847K(18560K)
[2024-02-27T15:41:50.856+0000][7][gc          ] GC(463) Pause Young (Normal) (G1 Evacuation Pause) 718M->110M(1024M) 3.582ms
[2024-02-27T15:41:50.856+0000][7][gc,cpu      ] GC(463) User=0.02s Sys=0.00s Real=0.00s
[2024-02-27T15:41:50.856+0000][7][safepoint   ] Safepoint "G1CollectForAllocation", Time since last: 174298776085 ns, Reaching safepoint: 42410 ns, At safepoint: 3690815 ns, Total: 3733225 ns
[2024-02-27T21:16:55.212+0000][7][gc,start    ] GC(464) Pause Young (Normal) (G1 Evacuation Pause)
[2024-02-27T21:16:55.213+0000][7][gc,task     ] GC(464) Using 8 workers of 8 for evacuation
[2024-02-27T21:16:55.213+0000][7][gc,age      ] GC(464) Desired survivor size 41943040 bytes, new threshold 15 (max threshold 15)
[2024-02-27T21:16:55.214+0000][7][gc,phases   ] GC(464)   Pre Evacuate Collection Set: 0.1ms
[2024-02-27T21:16:55.214+0000][7][gc,phases   ] GC(464)   Merge Heap Roots: 0.0ms
[2024-02-27T21:16:55.214+0000][7][gc,phases   ] GC(464)   Evacuate Collection Set: 0.8ms
[2024-02-27T21:16:55.214+0000][7][gc,phases   ] GC(464)   Post Evacuate Collection Set: 0.6ms
[2024-02-27T21:16:55.214+0000][7][gc,phases   ] GC(464)   Other: 0.1ms
[2024-02-27T21:16:55.214+0000][7][gc,age      ] GC(464) Age table with threshold 15 (max threshold 15)
[2024-02-27T21:16:55.214+0000][7][gc,age      ] GC(464) - age   1:    1136576 bytes,    1136576 total
[2024-02-27T21:16:55.214+0000][7][gc,age      ] GC(464) - age   2:       2632 bytes,    1139208 total
[2024-02-27T21:16:55.214+0000][7][gc,age      ] GC(464) - age   3:      21144 bytes,    1160352 total
[2024-02-27T21:16:55.214+0000][7][gc,age      ] GC(464) - age   4:     141184 bytes,    1301536 total
[2024-02-27T21:16:55.214+0000][7][gc,age      ] GC(464) - age   5:        368 bytes,    1301904 total
[2024-02-27T21:16:55.214+0000][7][gc,age      ] GC(464) - age   6:      95864 bytes,    1397768 total
[2024-02-27T21:16:55.214+0000][7][gc,age      ] GC(464) - age   7:        216 bytes,    1397984 total
[2024-02-27T21:16:55.214+0000][7][gc,age      ] GC(464) - age   8:        144 bytes,    1398128 total
[2024-02-27T21:16:55.214+0000][7][gc,age      ] GC(464) - age  10:        184 bytes,    1398312 total
[2024-02-27T21:16:55.214+0000][7][gc,age      ] GC(464) - age  13:       8200 bytes,    1406512 total
[2024-02-27T21:16:55.214+0000][7][gc,age      ] GC(464) - age  15:        184 bytes,    1406696 total
[2024-02-27T21:16:55.214+0000][7][gc,heap     ] GC(464) Eden regions: 152->0(152)
[2024-02-27T21:16:55.214+0000][7][gc,heap     ] GC(464) Survivor regions: 1->1(20)
[2024-02-27T21:16:55.214+0000][7][gc,heap     ] GC(464) Old regions: 27->27
[2024-02-27T21:16:55.214+0000][7][gc,heap     ] GC(464) Archive regions: 2->2
[2024-02-27T21:16:55.214+0000][7][gc,heap     ] GC(464) Humongous regions: 0->0
[2024-02-27T21:16:55.214+0000][7][gc,metaspace] GC(464) Metaspace: 129098K(132736K)->129098K(132736K) NonClass: 112250K(114176K)->112250K(114176K) Class: 16847K(18560K)->16847K(18560K)
[2024-02-27T21:16:55.214+0000][7][gc          ] GC(464) Pause Young (Normal) (G1 Evacuation Pause) 718M->109M(1024M) 1.726ms
[2024-02-27T21:16:55.214+0000][7][gc,cpu      ] GC(464) User=0.00s Sys=0.00s Real=0.00s
[2024-02-27T21:16:55.214+0000][7][safepoint   ] Safepoint "G1CollectForAllocation", Time since last: 175994293224 ns, Reaching safepoint: 45440 ns, At safepoint: 1791861 ns, Total: 1837301 ns
[2024-02-27T21:17:21.393+0000][7][safepoint   ] Safepoint "Cleanup", Time since last: 26178935522 ns, Reaching safepoint: 88097 ns, At safepoint: 11552 ns, Total: 99649 ns
[2024-02-27T21:19:04.272+0000][7][gc,start    ] GC(465) Pause Young (Normal) (G1 Evacuation Pause)
[2024-02-27T21:19:04.272+0000][7][gc,task     ] GC(465) Using 8 workers of 8 for evacuation
[2024-02-27T21:19:04.272+0000][7][gc,age      ] GC(465) Desired survivor size 41943040 bytes, new threshold 15 (max threshold 15)
[2024-02-27T21:19:04.274+0000][7][gc,phases   ] GC(465)   Pre Evacuate Collection Set: 0.1ms
[2024-02-27T21:19:04.274+0000][7][gc,phases   ] GC(465)   Merge Heap Roots: 0.1ms
[2024-02-27T21:19:04.274+0000][7][gc,phases   ] GC(465)   Evacuate Collection Set: 0.9ms
[2024-02-27T21:19:04.274+0000][7][gc,phases   ] GC(465)   Post Evacuate Collection Set: 0.7ms
[2024-02-27T21:19:04.274+0000][7][gc,phases   ] GC(465)   Other: 0.1ms
[2024-02-27T21:19:04.274+0000][7][gc,age      ] GC(465) Age table with threshold 15 (max threshold 15)
[2024-02-27T21:19:04.274+0000][7][gc,age      ] GC(465) - age   1:     808096 bytes,     808096 total
[2024-02-27T21:19:04.274+0000][7][gc,age      ] GC(465) - age   2:      16616 bytes,     824712 total
[2024-02-27T21:19:04.274+0000][7][gc,age      ] GC(465) - age   3:        776 bytes,     825488 total
[2024-02-27T21:19:04.274+0000][7][gc,age      ] GC(465) - age   4:      20848 bytes,     846336 total
[2024-02-27T21:19:04.274+0000][7][gc,age      ] GC(465) - age   5:     140304 bytes,     986640 total
[2024-02-27T21:19:04.274+0000][7][gc,age      ] GC(465) - age   6:        368 bytes,     987008 total
[2024-02-27T21:19:04.274+0000][7][gc,age      ] GC(465) - age   7:      95864 bytes,    1082872 total
[2024-02-27T21:19:04.274+0000][7][gc,age      ] GC(465) - age   8:        184 bytes,    1083056 total
[2024-02-27T21:19:04.274+0000][7][gc,age      ] GC(465) - age   9:        144 bytes,    1083200 total
[2024-02-27T21:19:04.274+0000][7][gc,age      ] GC(465) - age  11:        184 bytes,    1083384 total
[2024-02-27T21:19:04.274+0000][7][gc,age      ] GC(465) - age  14:       8200 bytes,    1091584 total
[2024-02-27T21:19:04.274+0000][7][gc,heap     ] GC(465) Eden regions: 152->0(152)
[2024-02-27T21:19:04.274+0000][7][gc,heap     ] GC(465) Survivor regions: 1->1(20)
[2024-02-27T21:19:04.274+0000][7][gc,heap     ] GC(465) Old regions: 27->27
[2024-02-27T21:19:04.274+0000][7][gc,heap     ] GC(465) Archive regions: 2->2
[2024-02-27T21:19:04.274+0000][7][gc,heap     ] GC(465) Humongous regions: 0->0
[2024-02-27T21:19:04.274+0000][7][gc,metaspace] GC(465) Metaspace: 129098K(132736K)->129098K(132736K) NonClass: 112250K(114176K)->112250K(114176K) Class: 16847K(18560K)->16847K(18560K)
[2024-02-27T21:19:04.274+0000][7][gc          ] GC(465) Pause Young (Normal) (G1 Evacuation Pause) 717M->109M(1024M) 2.163ms
[2024-02-27T21:19:04.274+0000][7][gc,cpu      ] GC(465) User=0.01s Sys=0.00s Real=0.00s
[2024-02-27T21:19:04.274+0000][7][safepoint   ] Safepoint "G1CollectForAllocation", Time since last: 102878750188 ns, Reaching safepoint: 43302 ns, At safepoint: 2267326 ns, Total: 2310628 ns
[2024-02-27T21:21:19.379+0000][7][gc,start    ] GC(466) Pause Young (Normal) (G1 Evacuation Pause)
[2024-02-27T21:21:19.379+0000][7][gc,task     ] GC(466) Using 8 workers of 8 for evacuation
[2024-02-27T21:21:19.379+0000][7][gc,age      ] GC(466) Desired survivor size 41943040 bytes, new threshold 15 (max threshold 15)
[2024-02-27T21:21:19.380+0000][7][gc,phases   ] GC(466)   Pre Evacuate Collection Set: 0.1ms
[2024-02-27T21:21:19.380+0000][7][gc,phases   ] GC(466)   Merge Heap Roots: 0.0ms
[2024-02-27T21:21:19.380+0000][7][gc,phases   ] GC(466)   Evacuate Collection Set: 1.0ms
[2024-02-27T21:21:19.380+0000][7][gc,phases   ] GC(466)   Post Evacuate Collection Set: 0.5ms
[2024-02-27T21:21:19.380+0000][7][gc,phases   ] GC(466)   Other: 0.1ms
[2024-02-27T21:21:19.380+0000][7][gc,age      ] GC(466) Age table with threshold 15 (max threshold 15)
[2024-02-27T21:21:19.380+0000][7][gc,age      ] GC(466) - age   1:    2032344 bytes,    2032344 total
[2024-02-27T21:21:19.380+0000][7][gc,age      ] GC(466) - age   2:     139488 bytes,    2171832 total
[2024-02-27T21:21:19.380+0000][7][gc,age      ] GC(466) - age   3:      15280 bytes,    2187112 total
[2024-02-27T21:21:19.380+0000][7][gc,age      ] GC(466) - age   4:        648 bytes,    2187760 total
[2024-02-27T21:21:19.380+0000][7][gc,age      ] GC(466) - age   5:      17200 bytes,    2204960 total
[2024-02-27T21:21:19.380+0000][7][gc,age      ] GC(466) - age   6:     140304 bytes,    2345264 total
[2024-02-27T21:21:19.380+0000][7][gc,age      ] GC(466) - age   7:        368 bytes,    2345632 total
[2024-02-27T21:21:19.380+0000][7][gc,age      ] GC(466) - age   8:      95864 bytes,    2441496 total
[2024-02-27T21:21:19.380+0000][7][gc,age      ] GC(466) - age   9:        184 bytes,    2441680 total
[2024-02-27T21:21:19.380+0000][7][gc,age      ] GC(466) - age  10:        144 bytes,    2441824 total
[2024-02-27T21:21:19.380+0000][7][gc,age      ] GC(466) - age  12:        184 bytes,    2442008 total
[2024-02-27T21:21:19.380+0000][7][gc,age      ] GC(466) - age  15:       8200 bytes,    2450208 total
[2024-02-27T21:21:19.380+0000][7][gc,heap     ] GC(466) Eden regions: 152->0(152)
[2024-02-27T21:21:19.380+0000][7][gc,heap     ] GC(466) Survivor regions: 1->1(20)
[2024-02-27T21:21:19.380+0000][7][gc,heap     ] GC(466) Old regions: 27->27
[2024-02-27T21:21:19.380+0000][7][gc,heap     ] GC(466) Archive regions: 2->2
[2024-02-27T21:21:19.380+0000][7][gc,heap     ] GC(466) Humongous regions: 0->0
[2024-02-27T21:21:19.380+0000][7][gc,metaspace] GC(466) Metaspace: 129098K(132736K)->129098K(132736K) NonClass: 112250K(114176K)->112250K(114176K) Class: 16847K(18560K)->16847K(18560K)
[2024-02-27T21:21:19.381+0000][7][gc          ] GC(466) Pause Young (Normal) (G1 Evacuation Pause) 717M->110M(1024M) 1.901ms
[2024-02-27T21:21:19.381+0000][7][gc,cpu      ] GC(466) User=0.00s Sys=0.00s Real=0.00s
[2024-02-27T21:21:19.381+0000][7][safepoint   ] Safepoint "G1CollectForAllocation", Time since last: 135104212260 ns, Reaching safepoint: 36046 ns, At safepoint: 1964718 ns, Total: 2000764 ns
[2024-02-27T21:23:31.346+0000][7][gc,start    ] GC(467) Pause Young (Normal) (G1 Evacuation Pause)
[2024-02-27T21:23:31.346+0000][7][gc,task     ] GC(467) Using 8 workers of 8 for evacuation
[2024-02-27T21:23:31.346+0000][7][gc,age      ] GC(467) Desired survivor size 41943040 bytes, new threshold 15 (max threshold 15)
[2024-02-27T21:23:31.348+0000][7][gc,phases   ] GC(467)   Pre Evacuate Collection Set: 0.1ms
[2024-02-27T21:23:31.348+0000][7][gc,phases   ] GC(467)   Merge Heap Roots: 0.1ms
[2024-02-27T21:23:31.348+0000][7][gc,phases   ] GC(467)   Evacuate Collection Set: 1.1ms
[2024-02-27T21:23:31.348+0000][7][gc,phases   ] GC(467)   Post Evacuate Collection Set: 0.5ms
[2024-02-27T21:23:31.348+0000][7][gc,phases   ] GC(467)   Other: 0.1ms
[2024-02-27T21:23:31.348+0000][7][gc,age      ] GC(467) Age table with threshold 15 (max threshold 15)
[2024-02-27T21:23:31.348+0000][7][gc,age      ] GC(467) - age   1:    2010232 bytes,    2010232 total
[2024-02-27T21:23:31.348+0000][7][gc,age      ] GC(467) - age   2:       6880 bytes,    2017112 total
[2024-02-27T21:23:31.348+0000][7][gc,age      ] GC(467) - age   3:     137696 bytes,    2154808 total
[2024-02-27T21:23:31.348+0000][7][gc,age      ] GC(467) - age   4:      14872 bytes,    2169680 total
[2024-02-27T21:23:31.348+0000][7][gc,age      ] GC(467) - age   5:        584 bytes,    2170264 total
[2024-02-27T21:23:31.348+0000][7][gc,age      ] GC(467) - age   6:      17136 bytes,    2187400 total
[2024-02-27T21:23:31.348+0000][7][gc,age      ] GC(467) - age   7:     140304 bytes,    2327704 total
[2024-02-27T21:23:31.348+0000][7][gc,age      ] GC(467) - age   8:        368 bytes,    2328072 total
[2024-02-27T21:23:31.348+0000][7][gc,age      ] GC(467) - age   9:      95864 bytes,    2423936 total
[2024-02-27T21:23:31.348+0000][7][gc,age      ] GC(467) - age  10:        184 bytes,    2424120 total
[2024-02-27T21:23:31.348+0000][7][gc,age      ] GC(467) - age  11:        144 bytes,    2424264 total
[2024-02-27T21:23:31.348+0000][7][gc,age      ] GC(467) - age  13:        184 bytes,    2424448 total
[2024-02-27T21:23:31.348+0000][7][gc,heap     ] GC(467) Eden regions: 152->0(152)
[2024-02-27T21:23:31.348+0000][7][gc,heap     ] GC(467) Survivor regions: 1->1(20)
[2024-02-27T21:23:31.348+0000][7][gc,heap     ] GC(467) Old regions: 27->27
[2024-02-27T21:23:31.348+0000][7][gc,heap     ] GC(467) Archive regions: 2->2
[2024-02-27T21:23:31.348+0000][7][gc,heap     ] GC(467) Humongous regions: 0->0
[2024-02-27T21:23:31.348+0000][7][gc,metaspace] GC(467) Metaspace: 129098K(132736K)->129098K(132736K) NonClass: 112250K(114176K)->112250K(114176K) Class: 16847K(18560K)->16847K(18560K)
[2024-02-27T21:23:31.348+0000][7][gc          ] GC(467) Pause Young (Normal) (G1 Evacuation Pause) 718M->110M(1024M) 2.027ms
[2024-02-27T21:23:31.348+0000][7][gc,cpu      ] GC(467) User=0.01s Sys=0.00s Real=0.00s
[2024-02-27T21:23:31.348+0000][7][safepoint   ] Safepoint "G1CollectForAllocation", Time since last: 131965178787 ns, Reaching safepoint: 27760 ns, At safepoint: 2094441 ns, Total: 2122201 ns
[2024-02-27T21:25:55.295+0000][7][gc,start    ] GC(468) Pause Young (Normal) (G1 Evacuation Pause)
[2024-02-27T21:25:55.295+0000][7][gc,task     ] GC(468) Using 8 workers of 8 for evacuation
[2024-02-27T21:25:55.295+0000][7][gc,age      ] GC(468) Desired survivor size 41943040 bytes, new threshold 15 (max threshold 15)
[2024-02-27T21:25:55.297+0000][7][gc,phases   ] GC(468)   Pre Evacuate Collection Set: 0.1ms
[2024-02-27T21:25:55.297+0000][7][gc,phases   ] GC(468)   Merge Heap Roots: 0.1ms
[2024-02-27T21:25:55.297+0000][7][gc,phases   ] GC(468)   Evacuate Collection Set: 1.2ms
[2024-02-27T21:25:55.297+0000][7][gc,phases   ] GC(468)   Post Evacuate Collection Set: 0.6ms
[2024-02-27T21:25:55.297+0000][7][gc,phases   ] GC(468)   Other: 0.1ms
[2024-02-27T21:25:55.297+0000][7][gc,age      ] GC(468) Age table with threshold 15 (max threshold 15)
[2024-02-27T21:25:55.297+0000][7][gc,age      ] GC(468) - age   1:    1106528 bytes,    1106528 total
[2024-02-27T21:25:55.297+0000][7][gc,age      ] GC(468) - age   2:       4192 bytes,    1110720 total
[2024-02-27T21:25:55.297+0000][7][gc,age      ] GC(468) - age   3:       4024 bytes,    1114744 total
[2024-02-27T21:25:55.297+0000][7][gc,age      ] GC(468) - age   4:     136240 bytes,    1250984 total
[2024-02-27T21:25:55.297+0000][7][gc,age      ] GC(468) - age   5:      14680 bytes,    1265664 total
[2024-02-27T21:25:55.297+0000][7][gc,age      ] GC(468) - age   6:        400 bytes,    1266064 total
[2024-02-27T21:25:55.297+0000][7][gc,age      ] GC(468) - age   7:      17136 bytes,    1283200 total
[2024-02-27T21:25:55.297+0000][7][gc,age      ] GC(468) - age   8:     140272 bytes,    1423472 total
[2024-02-27T21:25:55.297+0000][7][gc,age      ] GC(468) - age   9:        368 bytes,    1423840 total
[2024-02-27T21:25:55.297+0000][7][gc,age      ] GC(468) - age  10:      95864 bytes,    1519704 total
[2024-02-27T21:25:55.297+0000][7][gc,age      ] GC(468) - age  11:        184 bytes,    1519888 total
[2024-02-27T21:25:55.297+0000][7][gc,age      ] GC(468) - age  12:        144 bytes,    1520032 total
[2024-02-27T21:25:55.297+0000][7][gc,age      ] GC(468) - age  14:        184 bytes,    1520216 total
[2024-02-27T21:25:55.297+0000][7][gc,heap     ] GC(468) Eden regions: 152->0(152)
[2024-02-27T21:25:55.297+0000][7][gc,heap     ] GC(468) Survivor regions: 1->1(20)
[2024-02-27T21:25:55.297+0000][7][gc,heap     ] GC(468) Old regions: 27->27
[2024-02-27T21:25:55.297+0000][7][gc,heap     ] GC(468) Archive regions: 2->2
[2024-02-27T21:25:55.297+0000][7][gc,heap     ] GC(468) Humongous regions: 0->0
[2024-02-27T21:25:55.297+0000][7][gc,metaspace] GC(468) Metaspace: 129098K(132736K)->129098K(132736K) NonClass: 112250K(114176K)->112250K(114176K) Class: 16847K(18560K)->16847K(18560K)
[2024-02-27T21:25:55.297+0000][7][gc          ] GC(468) Pause Young (Normal) (G1 Evacuation Pause) 718M->110M(1024M) 2.374ms
[2024-02-27T21:25:55.297+0000][7][gc,cpu      ] GC(468) User=0.01s Sys=0.00s Real=0.00s
[2024-02-27T21:25:55.297+0000][7][safepoint   ] Safepoint "G1CollectForAllocation", Time since last: 143946573293 ns, Reaching safepoint: 62361 ns, At safepoint: 2461543 ns, Total: 2523904 ns
[2024-02-27T21:28:37.931+0000][7][gc,start    ] GC(469) Pause Young (Normal) (G1 Evacuation Pause)
[2024-02-27T21:28:37.931+0000][7][gc,task     ] GC(469) Using 8 workers of 8 for evacuation
[2024-02-27T21:28:37.931+0000][7][gc,age      ] GC(469) Desired survivor size 41943040 bytes, new threshold 15 (max threshold 15)
[2024-02-27T21:28:37.933+0000][7][gc,phases   ] GC(469)   Pre Evacuate Collection Set: 0.1ms
[2024-02-27T21:28:37.933+0000][7][gc,phases   ] GC(469)   Merge Heap Roots: 0.0ms
[2024-02-27T21:28:37.933+0000][7][gc,phases   ] GC(469)   Evacuate Collection Set: 1.0ms
[2024-02-27T21:28:37.933+0000][7][gc,phases   ] GC(469)   Post Evacuate Collection Set: 0.6ms
[2024-02-27T21:28:37.933+0000][7][gc,phases   ] GC(469)   Other: 0.1ms
[2024-02-27T21:28:37.933+0000][7][gc,age      ] GC(469) Age table with threshold 15 (max threshold 15)
[2024-02-27T21:28:37.933+0000][7][gc,age      ] GC(469) - age   1:    1721160 bytes,    1721160 total
[2024-02-27T21:28:37.933+0000][7][gc,age      ] GC(469) - age   2:       4472 bytes,    1725632 total
[2024-02-27T21:28:37.933+0000][7][gc,age      ] GC(469) - age   3:       1504 bytes,    1727136 total
[2024-02-27T21:28:37.933+0000][7][gc,age      ] GC(469) - age   4:       3704 bytes,    1730840 total
[2024-02-27T21:28:37.933+0000][7][gc,age      ] GC(469) - age   5:     135952 bytes,    1866792 total
[2024-02-27T21:28:37.933+0000][7][gc,age      ] GC(469) - age   6:      14616 bytes,    1881408 total
[2024-02-27T21:28:37.933+0000][7][gc,age      ] GC(469) - age   7:        400 bytes,    1881808 total
[2024-02-27T21:28:37.933+0000][7][gc,age      ] GC(469) - age   8:      17136 bytes,    1898944 total
[2024-02-27T21:28:37.933+0000][7][gc,age      ] GC(469) - age   9:     140272 bytes,    2039216 total
[2024-02-27T21:28:37.933+0000][7][gc,age      ] GC(469) - age  10:        368 bytes,    2039584 total
[2024-02-27T21:28:37.933+0000][7][gc,age      ] GC(469) - age  11:      95864 bytes,    2135448 total
[2024-02-27T21:28:37.933+0000][7][gc,age      ] GC(469) - age  12:        184 bytes,    2135632 total
[2024-02-27T21:28:37.933+0000][7][gc,age      ] GC(469) - age  13:        144 bytes,    2135776 total
[2024-02-27T21:28:37.933+0000][7][gc,heap     ] GC(469) Eden regions: 152->0(152)
[2024-02-27T21:28:37.933+0000][7][gc,heap     ] GC(469) Survivor regions: 1->1(20)
[2024-02-27T21:28:37.933+0000][7][gc,heap     ] GC(469) Old regions: 27->27
[2024-02-27T21:28:37.933+0000][7][gc,heap     ] GC(469) Archive regions: 2->2
[2024-02-27T21:28:37.933+0000][7][gc,heap     ] GC(469) Humongous regions: 0->0
[2024-02-27T21:28:37.933+0000][7][gc,metaspace] GC(469) Metaspace: 129098K(132736K)->129098K(132736K) NonClass: 112250K(114176K)->112250K(114176K) Class: 16847K(18560K)->16847K(18560K)
[2024-02-27T21:28:37.933+0000][7][gc          ] GC(469) Pause Young (Normal) (G1 Evacuation Pause) 718M->110M(1024M) 2.009ms
[2024-02-27T21:28:37.933+0000][7][gc,cpu      ] GC(469) User=0.01s Sys=0.00s Real=0.01s
[2024-02-27T21:28:37.933+0000][7][safepoint   ] Safepoint "G1CollectForAllocation", Time since last: 162634399491 ns, Reaching safepoint: 39398 ns, At safepoint: 2078577 ns, Total: 2117975 ns
[2024-02-27T21:31:34.369+0000][7][gc,start    ] GC(470) Pause Young (Normal) (G1 Evacuation Pause)
[2024-02-27T21:31:34.369+0000][7][gc,task     ] GC(470) Using 8 workers of 8 for evacuation
[2024-02-27T21:31:34.369+0000][7][gc,age      ] GC(470) Desired survivor size 41943040 bytes, new threshold 15 (max threshold 15)
[2024-02-27T21:31:34.371+0000][7][gc,phases   ] GC(470)   Pre Evacuate Collection Set: 0.1ms
[2024-02-27T21:31:34.371+0000][7][gc,phases   ] GC(470)   Merge Heap Roots: 0.1ms
[2024-02-27T21:31:34.371+0000][7][gc,phases   ] GC(470)   Evacuate Collection Set: 1.2ms
[2024-02-27T21:31:34.371+0000][7][gc,phases   ] GC(470)   Post Evacuate Collection Set: 0.6ms
[2024-02-27T21:31:34.371+0000][7][gc,phases   ] GC(470)   Other: 0.1ms
[2024-02-27T21:31:34.371+0000][7][gc,age      ] GC(470) Age table with threshold 15 (max threshold 15)
[2024-02-27T21:31:34.371+0000][7][gc,age      ] GC(470) - age   1:    1730632 bytes,    1730632 total
[2024-02-27T21:31:34.371+0000][7][gc,age      ] GC(470) - age   2:       3352 bytes,    1733984 total
[2024-02-27T21:31:34.371+0000][7][gc,age      ] GC(470) - age   3:       2576 bytes,    1736560 total
[2024-02-27T21:31:34.371+0000][7][gc,age      ] GC(470) - age   4:        592 bytes,    1737152 total
[2024-02-27T21:31:34.371+0000][7][gc,age      ] GC(470) - age   5:        184 bytes,    1737336 total
[2024-02-27T21:31:34.371+0000][7][gc,age      ] GC(470) - age   6:     135696 bytes,    1873032 total
[2024-02-27T21:31:34.371+0000][7][gc,age      ] GC(470) - age   7:      14224 bytes,    1887256 total
[2024-02-27T21:31:34.371+0000][7][gc,age      ] GC(470) - age   8:         16 bytes,    1887272 total
[2024-02-27T21:31:34.371+0000][7][gc,age      ] GC(470) - age   9:      17136 bytes,    1904408 total
[2024-02-27T21:31:34.371+0000][7][gc,age      ] GC(470) - age  10:     140272 bytes,    2044680 total
[2024-02-27T21:31:34.371+0000][7][gc,age      ] GC(470) - age  11:        184 bytes,    2044864 total
[2024-02-27T21:31:34.371+0000][7][gc,age      ] GC(470) - age  12:      95632 bytes,    2140496 total
[2024-02-27T21:31:34.371+0000][7][gc,age      ] GC(470) - age  14:        144 bytes,    2140640 total
[2024-02-27T21:31:34.371+0000][7][gc,heap     ] GC(470) Eden regions: 152->0(152)
[2024-02-27T21:31:34.371+0000][7][gc,heap     ] GC(470) Survivor regions: 1->1(20)
[2024-02-27T21:31:34.371+0000][7][gc,heap     ] GC(470) Old regions: 27->27
[2024-02-27T21:31:34.371+0000][7][gc,heap     ] GC(470) Archive regions: 2->2
[2024-02-27T21:31:34.371+0000][7][gc,heap     ] GC(470) Humongous regions: 0->0
[2024-02-27T21:31:34.371+0000][7][gc,metaspace] GC(470) Metaspace: 129098K(132736K)->129098K(132736K) NonClass: 112251K(114176K)->112251K(114176K) Class: 16847K(18560K)->16847K(18560K)
[2024-02-27T21:31:34.371+0000][7][gc          ] GC(470) Pause Young (Normal) (G1 Evacuation Pause) 718M->110M(1024M) 2.299ms
[2024-02-27T21:31:34.371+0000][7][gc,cpu      ] GC(470) User=0.01s Sys=0.01s Real=0.00s
[2024-02-27T21:31:34.371+0000][7][safepoint   ] Safepoint "G1CollectForAllocation", Time since last: 176435294786 ns, Reaching safepoint: 55459 ns, At safepoint: 2382760 ns, Total: 2438219 ns
[2024-02-27T21:34:20.064+0000][7][gc,start    ] GC(471) Pause Young (Normal) (G1 Evacuation Pause)
[2024-02-27T21:34:20.064+0000][7][gc,task     ] GC(471) Using 8 workers of 8 for evacuation
[2024-02-27T21:34:20.064+0000][7][gc,age      ] GC(471) Desired survivor size 41943040 bytes, new threshold 15 (max threshold 15)
[2024-02-27T21:34:20.066+0000][7][gc,phases   ] GC(471)   Pre Evacuate Collection Set: 0.1ms
[2024-02-27T21:34:20.066+0000][7][gc,phases   ] GC(471)   Merge Heap Roots: 0.0ms
[2024-02-27T21:34:20.066+0000][7][gc,phases   ] GC(471)   Evacuate Collection Set: 1.0ms
[2024-02-27T21:34:20.066+0000][7][gc,phases   ] GC(471)   Post Evacuate Collection Set: 0.6ms
[2024-02-27T21:34:20.066+0000][7][gc,phases   ] GC(471)   Other: 0.1ms
[2024-02-27T21:34:20.066+0000][7][gc,age      ] GC(471) Age table with threshold 15 (max threshold 15)
[2024-02-27T21:34:20.066+0000][7][gc,age      ] GC(471) - age   1:    1601904 bytes,    1601904 total
[2024-02-27T21:34:20.066+0000][7][gc,age      ] GC(471) - age   2:       8736 bytes,    1610640 total
[2024-02-27T21:34:20.066+0000][7][gc,age      ] GC(471) - age   3:       1120 bytes,    1611760 total
[2024-02-27T21:34:20.066+0000][7][gc,age      ] GC(471) - age   4:       2320 bytes,    1614080 total
[2024-02-27T21:34:20.066+0000][7][gc,age      ] GC(471) - age   5:        248 bytes,    1614328 total
[2024-02-27T21:34:20.066+0000][7][gc,age      ] GC(471) - age   6:        184 bytes,    1614512 total
[2024-02-27T21:34:20.066+0000][7][gc,age      ] GC(471) - age   7:     135632 bytes,    1750144 total
[2024-02-27T21:34:20.066+0000][7][gc,age      ] GC(471) - age   8:      14224 bytes,    1764368 total
[2024-02-27T21:34:20.066+0000][7][gc,age      ] GC(471) - age   9:         16 bytes,    1764384 total
[2024-02-27T21:34:20.066+0000][7][gc,age      ] GC(471) - age  10:      17136 bytes,    1781520 total
[2024-02-27T21:34:20.066+0000][7][gc,age      ] GC(471) - age  11:     140272 bytes,    1921792 total
[2024-02-27T21:34:20.066+0000][7][gc,age      ] GC(471) - age  13:      95632 bytes,    2017424 total
[2024-02-27T21:34:20.066+0000][7][gc,age      ] GC(471) - age  15:        144 bytes,    2017568 total
[2024-02-27T21:34:20.066+0000][7][gc,heap     ] GC(471) Eden regions: 152->0(152)
[2024-02-27T21:34:20.066+0000][7][gc,heap     ] GC(471) Survivor regions: 1->1(20)
[2024-02-27T21:34:20.066+0000][7][gc,heap     ] GC(471) Old regions: 27->27
[2024-02-27T21:34:20.066+0000][7][gc,heap     ] GC(471) Archive regions: 2->2
[2024-02-27T21:34:20.066+0000][7][gc,heap     ] GC(471) Humongous regions: 0->0
[2024-02-27T21:34:20.066+0000][7][gc,metaspace] GC(471) Metaspace: 129098K(132736K)->129098K(132736K) NonClass: 112251K(114176K)->112251K(114176K) Class: 16847K(18560K)->16847K(18560K)
[2024-02-27T21:34:20.066+0000][7][gc          ] GC(471) Pause Young (Normal) (G1 Evacuation Pause) 718M->110M(1024M) 1.921ms
[2024-02-27T21:34:20.066+0000][7][gc,cpu      ] GC(471) User=0.01s Sys=0.00s Real=0.01s
[2024-02-27T21:34:20.066+0000][7][safepoint   ] Safepoint "G1CollectForAllocation", Time since last: 165692589436 ns, Reaching safepoint: 45474 ns, At safepoint: 1992784 ns, Total: 2038258 ns
[2024-02-27T21:35:35.078+0000][7][safepoint   ] Safepoint "Cleanup", Time since last: 75012349310 ns, Reaching safepoint: 125051 ns, At safepoint: 14724 ns, Total: 139775 ns
[2024-02-27T21:37:07.338+0000][7][gc,start    ] GC(472) Pause Young (Normal) (G1 Evacuation Pause)
[2024-02-27T21:37:07.338+0000][7][gc,task     ] GC(472) Using 8 workers of 8 for evacuation
[2024-02-27T21:37:07.338+0000][7][gc,age      ] GC(472) Desired survivor size 41943040 bytes, new threshold 15 (max threshold 15)
[2024-02-27T21:37:07.340+0000][7][gc,phases   ] GC(472)   Pre Evacuate Collection Set: 0.1ms
[2024-02-27T21:37:07.340+0000][7][gc,phases   ] GC(472)   Merge Heap Roots: 0.1ms
[2024-02-27T21:37:07.340+0000][7][gc,phases   ] GC(472)   Evacuate Collection Set: 0.9ms
[2024-02-27T21:37:07.340+0000][7][gc,phases   ] GC(472)   Post Evacuate Collection Set: 0.6ms
[2024-02-27T21:37:07.340+0000][7][gc,phases   ] GC(472)   Other: 0.1ms
[2024-02-27T21:37:07.340+0000][7][gc,age      ] GC(472) Age table with threshold 15 (max threshold 15)
[2024-02-27T21:37:07.340+0000][7][gc,age      ] GC(472) - age   1:     372904 bytes,     372904 total
[2024-02-27T21:37:07.340+0000][7][gc,age      ] GC(472) - age   2:       2576 bytes,     375480 total
[2024-02-27T21:37:07.340+0000][7][gc,age      ] GC(472) - age   3:       4928 bytes,     380408 total
[2024-02-27T21:37:07.340+0000][7][gc,age      ] GC(472) - age   4:        184 bytes,     380592 total
[2024-02-27T21:37:07.340+0000][7][gc,age      ] GC(472) - age   5:       1440 bytes,     382032 total
[2024-02-27T21:37:07.340+0000][7][gc,age      ] GC(472) - age   6:         64 bytes,     382096 total
[2024-02-27T21:37:07.340+0000][7][gc,age      ] GC(472) - age   7:        184 bytes,     382280 total
[2024-02-27T21:37:07.340+0000][7][gc,age      ] GC(472) - age   8:     135600 bytes,     517880 total
[2024-02-27T21:37:07.340+0000][7][gc,age      ] GC(472) - age   9:       6208 bytes,     524088 total
[2024-02-27T21:37:07.340+0000][7][gc,age      ] GC(472) - age  10:         16 bytes,     524104 total
[2024-02-27T21:37:07.340+0000][7][gc,age      ] GC(472) - age  11:      17136 bytes,     541240 total
[2024-02-27T21:37:07.340+0000][7][gc,age      ] GC(472) - age  12:     140272 bytes,     681512 total
[2024-02-27T21:37:07.340+0000][7][gc,age      ] GC(472) - age  14:      95632 bytes,     777144 total
[2024-02-27T21:37:07.340+0000][7][gc,heap     ] GC(472) Eden regions: 152->0(152)
[2024-02-27T21:37:07.340+0000][7][gc,heap     ] GC(472) Survivor regions: 1->1(20)
[2024-02-27T21:37:07.340+0000][7][gc,heap     ] GC(472) Old regions: 27->27
[2024-02-27T21:37:07.340+0000][7][gc,heap     ] GC(472) Archive regions: 2->2
[2024-02-27T21:37:07.340+0000][7][gc,heap     ] GC(472) Humongous regions: 0->0
[2024-02-27T21:37:07.340+0000][7][gc,metaspace] GC(472) Metaspace: 129098K(132736K)->129098K(132736K) NonClass: 112251K(114176K)->112251K(114176K) Class: 16847K(18560K)->16847K(18560K)
[2024-02-27T21:37:07.340+0000][7][gc          ] GC(472) Pause Young (Normal) (G1 Evacuation Pause) 718M->109M(1024M) 2.035ms
[2024-02-27T21:37:07.340+0000][7][gc,cpu      ] GC(472) User=0.01s Sys=0.01s Real=0.00s
[2024-02-27T21:37:07.340+0000][7][safepoint   ] Safepoint "G1CollectForAllocation", Time since last: 92259526578 ns, Reaching safepoint: 81160 ns, At safepoint: 2114789 ns, Total: 2195949 ns
[2024-02-27T21:39:58.960+0000][7][gc,start    ] GC(473) Pause Young (Normal) (G1 Evacuation Pause)
[2024-02-27T21:39:58.960+0000][7][gc,task     ] GC(473) Using 8 workers of 8 for evacuation
[2024-02-27T21:39:58.960+0000][7][gc,age      ] GC(473) Desired survivor size 41943040 bytes, new threshold 15 (max threshold 15)
[2024-02-27T21:39:58.962+0000][7][gc,phases   ] GC(473)   Pre Evacuate Collection Set: 0.1ms
[2024-02-27T21:39:58.962+0000][7][gc,phases   ] GC(473)   Merge Heap Roots: 0.1ms
[2024-02-27T21:39:58.962+0000][7][gc,phases   ] GC(473)   Evacuate Collection Set: 1.4ms
[2024-02-27T21:39:58.962+0000][7][gc,phases   ] GC(473)   Post Evacuate Collection Set: 0.8ms
[2024-02-27T21:39:58.962+0000][7][gc,phases   ] GC(473)   Other: 0.1ms
[2024-02-27T21:39:58.962+0000][7][gc,age      ] GC(473) Age table with threshold 15 (max threshold 15)
[2024-02-27T21:39:58.962+0000][7][gc,age      ] GC(473) - age   1:     660096 bytes,     660096 total
[2024-02-27T21:39:58.962+0000][7][gc,age      ] GC(473) - age   2:       3776 bytes,     663872 total
[2024-02-27T21:39:58.962+0000][7][gc,age      ] GC(473) - age   3:        488 bytes,     664360 total
[2024-02-27T21:39:58.962+0000][7][gc,age      ] GC(473) - age   4:       4736 bytes,     669096 total
[2024-02-27T21:39:58.962+0000][7][gc,age      ] GC(473) - age   5:        184 bytes,     669280 total
[2024-02-27T21:39:58.962+0000][7][gc,age      ] GC(473) - age   6:       1376 bytes,     670656 total
[2024-02-27T21:39:58.962+0000][7][gc,age      ] GC(473) - age   7:         64 bytes,     670720 total
[2024-02-27T21:39:58.962+0000][7][gc,age      ] GC(473) - age   8:        184 bytes,     670904 total
[2024-02-27T21:39:58.962+0000][7][gc,age      ] GC(473) - age   9:     135600 bytes,     806504 total
[2024-02-27T21:39:58.963+0000][7][gc,age      ] GC(473) - age  10:       6208 bytes,     812712 total
[2024-02-27T21:39:58.963+0000][7][gc,age      ] GC(473) - age  11:         16 bytes,     812728 total
[2024-02-27T21:39:58.963+0000][7][gc,age      ] GC(473) - age  12:      17136 bytes,     829864 total
[2024-02-27T21:39:58.963+0000][7][gc,age      ] GC(473) - age  13:     140272 bytes,     970136 total
[2024-02-27T21:39:58.963+0000][7][gc,age      ] GC(473) - age  15:      95632 bytes,    1065768 total
[2024-02-27T21:39:58.963+0000][7][gc,heap     ] GC(473) Eden regions: 152->0(152)
[2024-02-27T21:39:58.963+0000][7][gc,heap     ] GC(473) Survivor regions: 1->1(20)
[2024-02-27T21:39:58.963+0000][7][gc,heap     ] GC(473) Old regions: 27->27
[2024-02-27T21:39:58.963+0000][7][gc,heap     ] GC(473) Archive regions: 2->2
[2024-02-27T21:39:58.963+0000][7][gc,heap     ] GC(473) Humongous regions: 0->0
[2024-02-27T21:39:58.963+0000][7][gc,metaspace] GC(473) Metaspace: 129098K(132736K)->129098K(132736K) NonClass: 112251K(114176K)->112251K(114176K) Class: 16847K(18560K)->16847K(18560K)
[2024-02-27T21:39:58.963+0000][7][gc          ] GC(473) Pause Young (Normal) (G1 Evacuation Pause) 717M->109M(1024M) 2.931ms
[2024-02-27T21:39:58.963+0000][7][gc,cpu      ] GC(473) User=0.01s Sys=0.00s Real=0.00s
[2024-02-27T21:39:58.963+0000][7][safepoint   ] Safepoint "G1CollectForAllocation", Time since last: 171619525263 ns, Reaching safepoint: 79811 ns, At safepoint: 3038811 ns, Total: 3118622 ns
[2024-02-27T21:42:52.293+0000][7][gc,start    ] GC(474) Pause Young (Normal) (G1 Evacuation Pause)
[2024-02-27T21:42:52.294+0000][7][gc,task     ] GC(474) Using 8 workers of 8 for evacuation
[2024-02-27T21:42:52.294+0000][7][gc,age      ] GC(474) Desired survivor size 41943040 bytes, new threshold 15 (max threshold 15)
[2024-02-27T21:42:52.296+0000][7][gc,phases   ] GC(474)   Pre Evacuate Collection Set: 0.2ms
[2024-02-27T21:42:52.296+0000][7][gc,phases   ] GC(474)   Merge Heap Roots: 0.1ms
[2024-02-27T21:42:52.296+0000][7][gc,phases   ] GC(474)   Evacuate Collection Set: 1.5ms
[2024-02-27T21:42:52.296+0000][7][gc,phases   ] GC(474)   Post Evacuate Collection Set: 0.9ms
[2024-02-27T21:42:52.296+0000][7][gc,phases   ] GC(474)   Other: 0.1ms
[2024-02-27T21:42:52.296+0000][7][gc,age      ] GC(474) Age table with threshold 15 (max threshold 15)
[2024-02-27T21:42:52.296+0000][7][gc,age      ] GC(474) - age   1:     880304 bytes,     880304 total
[2024-02-27T21:42:52.296+0000][7][gc,age      ] GC(474) - age   2:      10768 bytes,     891072 total
[2024-02-27T21:42:52.296+0000][7][gc,age      ] GC(474) - age   3:       1504 bytes,     892576 total
[2024-02-27T21:42:52.296+0000][7][gc,age      ] GC(474) - age   4:        216 bytes,     892792 total
[2024-02-27T21:42:52.296+0000][7][gc,age      ] GC(474) - age   5:       1184 bytes,     893976 total
[2024-02-27T21:42:52.296+0000][7][gc,age      ] GC(474) - age   6:        184 bytes,     894160 total
[2024-02-27T21:42:52.296+0000][7][gc,age      ] GC(474) - age   7:       1376 bytes,     895536 total
[2024-02-27T21:42:52.296+0000][7][gc,age      ] GC(474) - age   8:         64 bytes,     895600 total
[2024-02-27T21:42:52.296+0000][7][gc,age      ] GC(474) - age   9:        184 bytes,     895784 total
[2024-02-27T21:42:52.296+0000][7][gc,age      ] GC(474) - age  10:     135504 bytes,    1031288 total
[2024-02-27T21:42:52.297+0000][7][gc,age      ] GC(474) - age  11:       6208 bytes,    1037496 total
[2024-02-27T21:42:52.297+0000][7][gc,age      ] GC(474) - age  12:         16 bytes,    1037512 total
[2024-02-27T21:42:52.297+0000][7][gc,age      ] GC(474) - age  13:      17136 bytes,    1054648 total
[2024-02-27T21:42:52.297+0000][7][gc,age      ] GC(474) - age  14:     140272 bytes,    1194920 total
[2024-02-27T21:42:52.297+0000][7][gc,heap     ] GC(474) Eden regions: 152->0(152)
[2024-02-27T21:42:52.297+0000][7][gc,heap     ] GC(474) Survivor regions: 1->1(20)
[2024-02-27T21:42:52.297+0000][7][gc,heap     ] GC(474) Old regions: 27->27
[2024-02-27T21:42:52.297+0000][7][gc,heap     ] GC(474) Archive regions: 2->2
[2024-02-27T21:42:52.297+0000][7][gc,heap     ] GC(474) Humongous regions: 0->0
[2024-02-27T21:42:52.297+0000][7][gc,metaspace] GC(474) Metaspace: 129098K(132736K)->129098K(132736K) NonClass: 112251K(114176K)->112251K(114176K) Class: 16847K(18560K)->16847K(18560K)
[2024-02-27T21:42:52.297+0000][7][gc          ] GC(474) Pause Young (Normal) (G1 Evacuation Pause) 717M->109M(1024M) 3.179ms
[2024-02-27T21:42:52.297+0000][7][gc,cpu      ] GC(474) User=0.01s Sys=0.00s Real=0.00s
[2024-02-27T21:42:52.297+0000][7][safepoint   ] Safepoint "G1CollectForAllocation", Time since last: 173330675525 ns, Reaching safepoint: 52810 ns, At safepoint: 3290060 ns, Total: 3342870 ns
[2024-02-27T21:45:44.025+0000][7][gc,start    ] GC(475) Pause Young (Normal) (G1 Evacuation Pause)
[2024-02-27T21:45:44.025+0000][7][gc,task     ] GC(475) Using 8 workers of 8 for evacuation
[2024-02-27T21:45:44.025+0000][7][gc,age      ] GC(475) Desired survivor size 41943040 bytes, new threshold 15 (max threshold 15)
[2024-02-27T21:45:44.028+0000][7][gc,phases   ] GC(475)   Pre Evacuate Collection Set: 0.1ms
[2024-02-27T21:45:44.028+0000][7][gc,phases   ] GC(475)   Merge Heap Roots: 0.1ms
[2024-02-27T21:45:44.028+0000][7][gc,phases   ] GC(475)   Evacuate Collection Set: 1.4ms
[2024-02-27T21:45:44.028+0000][7][gc,phases   ] GC(475)   Post Evacuate Collection Set: 0.8ms
[2024-02-27T21:45:44.028+0000][7][gc,phases   ] GC(475)   Other: 0.1ms
[2024-02-27T21:45:44.028+0000][7][gc,age      ] GC(475) Age table with threshold 15 (max threshold 15)
[2024-02-27T21:45:44.028+0000][7][gc,age      ] GC(475) - age   1:     942936 bytes,     942936 total
[2024-02-27T21:45:44.028+0000][7][gc,age      ] GC(475) - age   2:       6672 bytes,     949608 total
[2024-02-27T21:45:44.028+0000][7][gc,age      ] GC(475) - age   3:       8720 bytes,     958328 total
[2024-02-27T21:45:44.028+0000][7][gc,age      ] GC(475) - age   4:        344 bytes,     958672 total
[2024-02-27T21:45:44.028+0000][7][gc,age      ] GC(475) - age   5:         24 bytes,     958696 total
[2024-02-27T21:45:44.028+0000][7][gc,age      ] GC(475) - age   6:       1184 bytes,     959880 total
[2024-02-27T21:45:44.028+0000][7][gc,age      ] GC(475) - age   7:        184 bytes,     960064 total
[2024-02-27T21:45:44.028+0000][7][gc,age      ] GC(475) - age   8:       1344 bytes,     961408 total
[2024-02-27T21:45:44.028+0000][7][gc,age      ] GC(475) - age   9:         64 bytes,     961472 total
[2024-02-27T21:45:44.028+0000][7][gc,age      ] GC(475) - age  10:        184 bytes,     961656 total
[2024-02-27T21:45:44.028+0000][7][gc,age      ] GC(475) - age  11:     135504 bytes,    1097160 total
[2024-02-27T21:45:44.028+0000][7][gc,age      ] GC(475) - age  12:       6024 bytes,    1103184 total
[2024-02-27T21:45:44.028+0000][7][gc,age      ] GC(475) - age  13:         16 bytes,    1103200 total
[2024-02-27T21:45:44.028+0000][7][gc,age      ] GC(475) - age  14:      17136 bytes,    1120336 total
[2024-02-27T21:45:44.028+0000][7][gc,age      ] GC(475) - age  15:     140272 bytes,    1260608 total
[2024-02-27T21:45:44.028+0000][7][gc,heap     ] GC(475) Eden regions: 152->0(152)
[2024-02-27T21:45:44.028+0000][7][gc,heap     ] GC(475) Survivor regions: 1->1(20)
[2024-02-27T21:45:44.028+0000][7][gc,heap     ] GC(475) Old regions: 27->27
[2024-02-27T21:45:44.028+0000][7][gc,heap     ] GC(475) Archive regions: 2->2
[2024-02-27T21:45:44.028+0000][7][gc,heap     ] GC(475) Humongous regions: 0->0
[2024-02-27T21:45:44.028+0000][7][gc,metaspace] GC(475) Metaspace: 129098K(132736K)->129098K(132736K) NonClass: 112251K(114176K)->112251K(114176K) Class: 16847K(18560K)->16847K(18560K)
[2024-02-27T21:45:44.028+0000][7][gc          ] GC(475) Pause Young (Normal) (G1 Evacuation Pause) 717M->109M(1024M) 2.872ms
[2024-02-27T21:45:44.028+0000][7][gc,cpu      ] GC(475) User=0.01s Sys=0.00s Real=0.00s
[2024-02-27T21:45:44.028+0000][7][safepoint   ] Safepoint "G1CollectForAllocation", Time since last: 171728392583 ns, Reaching safepoint: 92934 ns, At safepoint: 2973690 ns, Total: 3066624 ns
[2024-02-27T21:48:31.381+0000][7][gc,start    ] GC(476) Pause Young (Normal) (G1 Evacuation Pause)
[2024-02-27T21:48:31.381+0000][7][gc,task     ] GC(476) Using 8 workers of 8 for evacuation
[2024-02-27T21:48:31.381+0000][7][gc,age      ] GC(476) Desired survivor size 41943040 bytes, new threshold 15 (max threshold 15)
[2024-02-27T21:48:31.383+0000][7][gc,phases   ] GC(476)   Pre Evacuate Collection Set: 0.1ms
[2024-02-27T21:48:31.383+0000][7][gc,phases   ] GC(476)   Merge Heap Roots: 0.1ms
[2024-02-27T21:48:31.383+0000][7][gc,phases   ] GC(476)   Evacuate Collection Set: 1.3ms
[2024-02-27T21:48:31.383+0000][7][gc,phases   ] GC(476)   Post Evacuate Collection Set: 0.7ms
[2024-02-27T21:48:31.383+0000][7][gc,phases   ] GC(476)   Other: 0.1ms
[2024-02-27T21:48:31.383+0000][7][gc,age      ] GC(476) Age table with threshold 15 (max threshold 15)
[2024-02-27T21:48:31.383+0000][7][gc,age      ] GC(476) - age   1:    1413776 bytes,    1413776 total
[2024-02-27T21:48:31.383+0000][7][gc,age      ] GC(476) - age   2:       4368 bytes,    1418144 total
[2024-02-27T21:48:31.383+0000][7][gc,age      ] GC(476) - age   3:       4360 bytes,    1422504 total
[2024-02-27T21:48:31.383+0000][7][gc,age      ] GC(476) - age   4:         64 bytes,    1422568 total
[2024-02-27T21:48:31.383+0000][7][gc,age      ] GC(476) - age   5:        216 bytes,    1422784 total
[2024-02-27T21:48:31.383+0000][7][gc,age      ] GC(476) - age   6:         24 bytes,    1422808 total
[2024-02-27T21:48:31.383+0000][7][gc,age      ] GC(476) - age   7:        792 bytes,    1423600 total
[2024-02-27T21:48:31.383+0000][7][gc,age      ] GC(476) - age   8:        184 bytes,    1423784 total
[2024-02-27T21:48:31.383+0000][7][gc,age      ] GC(476) - age   9:       1344 bytes,    1425128 total
[2024-02-27T21:48:31.383+0000][7][gc,age      ] GC(476) - age  11:        184 bytes,    1425312 total
[2024-02-27T21:48:31.383+0000][7][gc,age      ] GC(476) - age  12:     135504 bytes,    1560816 total
[2024-02-27T21:48:31.383+0000][7][gc,age      ] GC(476) - age  13:       6024 bytes,    1566840 total
[2024-02-27T21:48:31.383+0000][7][gc,age      ] GC(476) - age  14:         16 bytes,    1566856 total
[2024-02-27T21:48:31.383+0000][7][gc,age      ] GC(476) - age  15:      17136 bytes,    1583992 total
[2024-02-27T21:48:31.383+0000][7][gc,heap     ] GC(476) Eden regions: 152->0(152)
[2024-02-27T21:48:31.383+0000][7][gc,heap     ] GC(476) Survivor regions: 1->1(20)
[2024-02-27T21:48:31.383+0000][7][gc,heap     ] GC(476) Old regions: 27->27
[2024-02-27T21:48:31.383+0000][7][gc,heap     ] GC(476) Archive regions: 2->2
[2024-02-27T21:48:31.383+0000][7][gc,heap     ] GC(476) Humongous regions: 0->0
[2024-02-27T21:48:31.383+0000][7][gc,metaspace] GC(476) Metaspace: 129098K(132736K)->129098K(132736K) NonClass: 112251K(114176K)->112251K(114176K) Class: 16847K(18560K)->16847K(18560K)
[2024-02-27T21:48:31.384+0000][7][gc          ] GC(476) Pause Young (Normal) (G1 Evacuation Pause) 717M->110M(1024M) 2.522ms
[2024-02-27T21:48:31.384+0000][7][gc,cpu      ] GC(476) User=0.01s Sys=0.00s Real=0.00s
[2024-02-27T21:48:31.384+0000][7][safepoint   ] Safepoint "G1CollectForAllocation", Time since last: 167352707781 ns, Reaching safepoint: 83503 ns, At safepoint: 2608800 ns, Total: 2692303 ns
[2024-02-27T21:51:20.257+0000][7][gc,start    ] GC(477) Pause Young (Normal) (G1 Evacuation Pause)
[2024-02-27T21:51:20.257+0000][7][gc,task     ] GC(477) Using 8 workers of 8 for evacuation
[2024-02-27T21:51:20.257+0000][7][gc,age      ] GC(477) Desired survivor size 41943040 bytes, new threshold 15 (max threshold 15)
[2024-02-27T21:51:20.259+0000][7][gc,phases   ] GC(477)   Pre Evacuate Collection Set: 0.1ms
[2024-02-27T21:51:20.259+0000][7][gc,phases   ] GC(477)   Merge Heap Roots: 0.1ms
[2024-02-27T21:51:20.259+0000][7][gc,phases   ] GC(477)   Evacuate Collection Set: 1.2ms
[2024-02-27T21:51:20.259+0000][7][gc,phases   ] GC(477)   Post Evacuate Collection Set: 0.6ms
[2024-02-27T21:51:20.259+0000][7][gc,phases   ] GC(477)   Other: 0.1ms
[2024-02-27T21:51:20.259+0000][7][gc,age      ] GC(477) Age table with threshold 15 (max threshold 15)
[2024-02-27T21:51:20.259+0000][7][gc,age      ] GC(477) - age   1:    1365864 bytes,    1365864 total
[2024-02-27T21:51:20.259+0000][7][gc,age      ] GC(477) - age   2:      11056 bytes,    1376920 total
[2024-02-27T21:51:20.259+0000][7][gc,age      ] GC(477) - age   3:       1232 bytes,    1378152 total
[2024-02-27T21:51:20.259+0000][7][gc,age      ] GC(477) - age   4:        648 bytes,    1378800 total
[2024-02-27T21:51:20.259+0000][7][gc,age      ] GC(477) - age   5:         64 bytes,    1378864 total
[2024-02-27T21:51:20.259+0000][7][gc,age      ] GC(477) - age   6:         32 bytes,    1378896 total
[2024-02-27T21:51:20.259+0000][7][gc,age      ] GC(477) - age   7:         24 bytes,    1378920 total
[2024-02-27T21:51:20.259+0000][7][gc,age      ] GC(477) - age   8:        408 bytes,    1379328 total
[2024-02-27T21:51:20.259+0000][7][gc,age      ] GC(477) - age   9:        184 bytes,    1379512 total
[2024-02-27T21:51:20.259+0000][7][gc,age      ] GC(477) - age  10:       1344 bytes,    1380856 total
[2024-02-27T21:51:20.259+0000][7][gc,age      ] GC(477) - age  12:        184 bytes,    1381040 total
[2024-02-27T21:51:20.259+0000][7][gc,age      ] GC(477) - age  13:     135504 bytes,    1516544 total
[2024-02-27T21:51:20.259+0000][7][gc,age      ] GC(477) - age  14:       6024 bytes,    1522568 total
[2024-02-27T21:51:20.259+0000][7][gc,age      ] GC(477) - age  15:         16 bytes,    1522584 total
[2024-02-27T21:51:20.259+0000][7][gc,heap     ] GC(477) Eden regions: 152->0(152)
[2024-02-27T21:51:20.259+0000][7][gc,heap     ] GC(477) Survivor regions: 1->1(20)
[2024-02-27T21:51:20.259+0000][7][gc,heap     ] GC(477) Old regions: 27->27
[2024-02-27T21:51:20.259+0000][7][gc,heap     ] GC(477) Archive regions: 2->2
[2024-02-27T21:51:20.259+0000][7][gc,heap     ] GC(477) Humongous regions: 0->0
[2024-02-27T21:51:20.259+0000][7][gc,metaspace] GC(477) Metaspace: 129098K(132736K)->129098K(132736K) NonClass: 112251K(114176K)->112251K(114176K) Class: 16847K(18560K)->16847K(18560K)
[2024-02-27T21:51:20.259+0000][7][gc          ] GC(477) Pause Young (Normal) (G1 Evacuation Pause) 718M->110M(1024M) 2.369ms
[2024-02-27T21:51:20.259+0000][7][gc,cpu      ] GC(477) User=0.01s Sys=0.00s Real=0.00s
[2024-02-27T21:51:20.260+0000][7][safepoint   ] Safepoint "G1CollectForAllocation", Time since last: 167993256366 ns, Reaching safepoint: 70544 ns, At safepoint: 2450196 ns, Total: 2520740 ns
[2024-02-27T21:53:32.253+0000][7][gc,start    ] GC(478) Pause Young (Normal) (G1 Evacuation Pause)
[2024-02-27T21:53:32.253+0000][7][gc,task     ] GC(478) Using 8 workers of 8 for evacuation
[2024-02-27T21:53:32.253+0000][7][gc,age      ] GC(478) Desired survivor size 41943040 bytes, new threshold 15 (max threshold 15)
[2024-02-27T21:53:32.255+0000][7][gc,phases   ] GC(478)   Pre Evacuate Collection Set: 0.1ms
[2024-02-27T21:53:32.255+0000][7][gc,phases   ] GC(478)   Merge Heap Roots: 0.1ms
[2024-02-27T21:53:32.255+0000][7][gc,phases   ] GC(478)   Evacuate Collection Set: 1.0ms
[2024-02-27T21:53:32.255+0000][7][gc,phases   ] GC(478)   Post Evacuate Collection Set: 0.6ms
[2024-02-27T21:53:32.255+0000][7][gc,phases   ] GC(478)   Other: 0.1ms
[2024-02-27T21:53:32.255+0000][7][gc,age      ] GC(478) Age table with threshold 15 (max threshold 15)
[2024-02-27T21:53:32.255+0000][7][gc,age      ] GC(478) - age   1:     943616 bytes,     943616 total
[2024-02-27T21:53:32.255+0000][7][gc,age      ] GC(478) - age   2:       7840 bytes,     951456 total
[2024-02-27T21:53:32.255+0000][7][gc,age      ] GC(478) - age   3:       9320 bytes,     960776 total
[2024-02-27T21:53:32.255+0000][7][gc,age      ] GC(478) - age   4:       1104 bytes,     961880 total
[2024-02-27T21:53:32.255+0000][7][gc,age      ] GC(478) - age   5:        648 bytes,     962528 total
[2024-02-27T21:53:32.255+0000][7][gc,age      ] GC(478) - age   7:         32 bytes,     962560 total
[2024-02-27T21:53:32.255+0000][7][gc,age      ] GC(478) - age   8:         24 bytes,     962584 total
[2024-02-27T21:53:32.255+0000][7][gc,age      ] GC(478) - age   9:        408 bytes,     962992 total
[2024-02-27T21:53:32.255+0000][7][gc,age      ] GC(478) - age  10:        184 bytes,     963176 total
[2024-02-27T21:53:32.255+0000][7][gc,age      ] GC(478) - age  11:       1344 bytes,     964520 total
[2024-02-27T21:53:32.255+0000][7][gc,age      ] GC(478) - age  13:        184 bytes,     964704 total
[2024-02-27T21:53:32.255+0000][7][gc,age      ] GC(478) - age  14:     135504 bytes,    1100208 total
[2024-02-27T21:53:32.255+0000][7][gc,age      ] GC(478) - age  15:       6024 bytes,    1106232 total
[2024-02-27T21:53:32.255+0000][7][gc,heap     ] GC(478) Eden regions: 152->0(152)
[2024-02-27T21:53:32.255+0000][7][gc,heap     ] GC(478) Survivor regions: 1->1(20)
[2024-02-27T21:53:32.255+0000][7][gc,heap     ] GC(478) Old regions: 27->27
[2024-02-27T21:53:32.255+0000][7][gc,heap     ] GC(478) Archive regions: 2->2
[2024-02-27T21:53:32.255+0000][7][gc,heap     ] GC(478) Humongous regions: 0->0
[2024-02-27T21:53:32.255+0000][7][gc,metaspace] GC(478) Metaspace: 129098K(132736K)->129098K(132736K) NonClass: 112251K(114176K)->112251K(114176K) Class: 16847K(18560K)->16847K(18560K)
[2024-02-27T21:53:32.255+0000][7][gc          ] GC(478) Pause Young (Normal) (G1 Evacuation Pause) 718M->109M(1024M) 2.181ms
[2024-02-27T21:53:32.255+0000][7][gc,cpu      ] GC(478) User=0.01s Sys=0.00s Real=0.00s
[2024-02-27T21:53:32.255+0000][7][safepoint   ] Safepoint "G1CollectForAllocation", Time since last: 131992972949 ns, Reaching safepoint: 69077 ns, At safepoint: 2264437 ns, Total: 2333514 ns
[2024-02-27T21:55:38.255+0000][7][gc,start    ] GC(479) Pause Young (Normal) (G1 Evacuation Pause)
[2024-02-27T21:55:38.255+0000][7][gc,task     ] GC(479) Using 8 workers of 8 for evacuation
[2024-02-27T21:55:38.255+0000][7][gc,age      ] GC(479) Desired survivor size 41943040 bytes, new threshold 15 (max threshold 15)
[2024-02-27T21:55:38.257+0000][7][gc,phases   ] GC(479)   Pre Evacuate Collection Set: 0.1ms
[2024-02-27T21:55:38.257+0000][7][gc,phases   ] GC(479)   Merge Heap Roots: 0.1ms
[2024-02-27T21:55:38.257+0000][7][gc,phases   ] GC(479)   Evacuate Collection Set: 0.8ms
[2024-02-27T21:55:38.257+0000][7][gc,phases   ] GC(479)   Post Evacuate Collection Set: 0.7ms
[2024-02-27T21:55:38.257+0000][7][gc,phases   ] GC(479)   Other: 0.1ms
[2024-02-27T21:55:38.257+0000][7][gc,age      ] GC(479) Age table with threshold 15 (max threshold 15)
[2024-02-27T21:55:38.257+0000][7][gc,age      ] GC(479) - age   1:     235232 bytes,     235232 total
[2024-02-27T21:55:38.257+0000][7][gc,age      ] GC(479) - age   2:       3096 bytes,     238328 total
[2024-02-27T21:55:38.257+0000][7][gc,age      ] GC(479) - age   3:       5200 bytes,     243528 total
[2024-02-27T21:55:38.257+0000][7][gc,age      ] GC(479) - age   4:       8936 bytes,     252464 total
[2024-02-27T21:55:38.257+0000][7][gc,age      ] GC(479) - age   5:        120 bytes,     252584 total
[2024-02-27T21:55:38.257+0000][7][gc,age      ] GC(479) - age   6:        520 bytes,     253104 total
[2024-02-27T21:55:38.257+0000][7][gc,age      ] GC(479) - age   9:         24 bytes,     253128 total
[2024-02-27T21:55:38.257+0000][7][gc,age      ] GC(479) - age  10:        408 bytes,     253536 total
[2024-02-27T21:55:38.257+0000][7][gc,age      ] GC(479) - age  11:        184 bytes,     253720 total
[2024-02-27T21:55:38.257+0000][7][gc,age      ] GC(479) - age  12:       1344 bytes,     255064 total
[2024-02-27T21:55:38.257+0000][7][gc,age      ] GC(479) - age  15:     135504 bytes,     390568 total
[2024-02-27T21:55:38.257+0000][7][gc,heap     ] GC(479) Eden regions: 152->0(152)
[2024-02-27T21:55:38.257+0000][7][gc,heap     ] GC(479) Survivor regions: 1->1(20)
[2024-02-27T21:55:38.257+0000][7][gc,heap     ] GC(479) Old regions: 27->27
[2024-02-27T21:55:38.257+0000][7][gc,heap     ] GC(479) Archive regions: 2->2
[2024-02-27T21:55:38.257+0000][7][gc,heap     ] GC(479) Humongous regions: 0->0
[2024-02-27T21:55:38.257+0000][7][gc,metaspace] GC(479) Metaspace: 129105K(132736K)->129105K(132736K) NonClass: 112255K(114176K)->112255K(114176K) Class: 16849K(18560K)->16849K(18560K)
[2024-02-27T21:55:38.257+0000][7][gc          ] GC(479) Pause Young (Normal) (G1 Evacuation Pause) 717M->109M(1024M) 2.103ms
[2024-02-27T21:55:38.257+0000][7][gc,cpu      ] GC(479) User=0.01s Sys=0.00s Real=0.00s
[2024-02-27T21:55:38.257+0000][7][safepoint   ] Safepoint "G1CollectForAllocation", Time since last: 126000226039 ns, Reaching safepoint: 47390 ns, At safepoint: 2195972 ns, Total: 2243362 ns
[2024-02-27T21:57:53.662+0000][7][gc,start    ] GC(480) Pause Young (Normal) (G1 Evacuation Pause)
[2024-02-27T21:57:53.662+0000][7][gc,task     ] GC(480) Using 8 workers of 8 for evacuation
[2024-02-27T21:57:53.662+0000][7][gc,age      ] GC(480) Desired survivor size 41943040 bytes, new threshold 15 (max threshold 15)
[2024-02-27T21:57:53.665+0000][7][gc,phases   ] GC(480)   Pre Evacuate Collection Set: 0.1ms
[2024-02-27T21:57:53.665+0000][7][gc,phases   ] GC(480)   Merge Heap Roots: 0.1ms
[2024-02-27T21:57:53.665+0000][7][gc,phases   ] GC(480)   Evacuate Collection Set: 1.6ms
[2024-02-27T21:57:53.665+0000][7][gc,phases   ] GC(480)   Post Evacuate Collection Set: 0.8ms
[2024-02-27T21:57:53.665+0000][7][gc,phases   ] GC(480)   Other: 0.1ms
[2024-02-27T21:57:53.665+0000][7][gc,age      ] GC(480) Age table with threshold 15 (max threshold 15)
[2024-02-27T21:57:53.665+0000][7][gc,age      ] GC(480) - age   1:    1754920 bytes,    1754920 total
[2024-02-27T21:57:53.665+0000][7][gc,age      ] GC(480) - age   2:       7112 bytes,    1762032 total
[2024-02-27T21:57:53.665+0000][7][gc,age      ] GC(480) - age   3:        744 bytes,    1762776 total
[2024-02-27T21:57:53.665+0000][7][gc,age      ] GC(480) - age   4:       4368 bytes,    1767144 total
[2024-02-27T21:57:53.665+0000][7][gc,age      ] GC(480) - age   5:       8656 bytes,    1775800 total
[2024-02-27T21:57:53.665+0000][7][gc,age      ] GC(480) - age   6:         56 bytes,    1775856 total
[2024-02-27T21:57:53.665+0000][7][gc,age      ] GC(480) - age   7:        336 bytes,    1776192 total
[2024-02-27T21:57:53.665+0000][7][gc,age      ] GC(480) - age  10:         24 bytes,    1776216 total
[2024-02-27T21:57:53.665+0000][7][gc,age      ] GC(480) - age  11:        408 bytes,    1776624 total
[2024-02-27T21:57:53.665+0000][7][gc,age      ] GC(480) - age  12:        184 bytes,    1776808 total
[2024-02-27T21:57:53.665+0000][7][gc,age      ] GC(480) - age  13:       1344 bytes,    1778152 total
[2024-02-27T21:57:53.665+0000][7][gc,heap     ] GC(480) Eden regions: 152->0(152)
[2024-02-27T21:57:53.665+0000][7][gc,heap     ] GC(480) Survivor regions: 1->1(20)
[2024-02-27T21:57:53.665+0000][7][gc,heap     ] GC(480) Old regions: 27->27
[2024-02-27T21:57:53.665+0000][7][gc,heap     ] GC(480) Archive regions: 2->2
[2024-02-27T21:57:53.665+0000][7][gc,heap     ] GC(480) Humongous regions: 0->0
[2024-02-27T21:57:53.665+0000][7][gc,metaspace] GC(480) Metaspace: 129105K(132736K)->129105K(132736K) NonClass: 112255K(114176K)->112255K(114176K) Class: 16849K(18560K)->16849K(18560K)
[2024-02-27T21:57:53.665+0000][7][gc          ] GC(480) Pause Young (Normal) (G1 Evacuation Pause) 717M->110M(1024M) 2.888ms
[2024-02-27T21:57:53.665+0000][7][gc,cpu      ] GC(480) User=0.01s Sys=0.00s Real=0.01s
[2024-02-27T21:57:53.665+0000][7][safepoint   ] Safepoint "G1CollectForAllocation", Time since last: 135404483526 ns, Reaching safepoint: 64053 ns, At safepoint: 2983978 ns, Total: 3048031 ns
[2024-02-27T22:00:05.322+0000][7][gc,start    ] GC(481) Pause Young (Normal) (G1 Evacuation Pause)
[2024-02-27T22:00:05.322+0000][7][gc,task     ] GC(481) Using 8 workers of 8 for evacuation
[2024-02-27T22:00:05.322+0000][7][gc,age      ] GC(481) Desired survivor size 41943040 bytes, new threshold 15 (max threshold 15)
[2024-02-27T22:00:05.324+0000][7][gc,phases   ] GC(481)   Pre Evacuate Collection Set: 0.2ms
[2024-02-27T22:00:05.324+0000][7][gc,phases   ] GC(481)   Merge Heap Roots: 0.1ms
[2024-02-27T22:00:05.324+0000][7][gc,phases   ] GC(481)   Evacuate Collection Set: 0.9ms
[2024-02-27T22:00:05.324+0000][7][gc,phases   ] GC(481)   Post Evacuate Collection Set: 0.6ms
[2024-02-27T22:00:05.324+0000][7][gc,phases   ] GC(481)   Other: 0.1ms
[2024-02-27T22:00:05.324+0000][7][gc,age      ] GC(481) Age table with threshold 15 (max threshold 15)
[2024-02-27T22:00:05.324+0000][7][gc,age      ] GC(481) - age   1:     763696 bytes,     763696 total
[2024-02-27T22:00:05.324+0000][7][gc,age      ] GC(481) - age   2:       4360 bytes,     768056 total
[2024-02-27T22:00:05.324+0000][7][gc,age      ] GC(481) - age   3:       6600 bytes,     774656 total
[2024-02-27T22:00:05.324+0000][7][gc,age      ] GC(481) - age   4:        424 bytes,     775080 total
[2024-02-27T22:00:05.324+0000][7][gc,age      ] GC(481) - age   5:       4176 bytes,     779256 total
[2024-02-27T22:00:05.324+0000][7][gc,age      ] GC(481) - age   6:       8656 bytes,     787912 total
[2024-02-27T22:00:05.324+0000][7][gc,age      ] GC(481) - age   7:         56 bytes,     787968 total
[2024-02-27T22:00:05.324+0000][7][gc,age      ] GC(481) - age   8:        336 bytes,     788304 total
[2024-02-27T22:00:05.324+0000][7][gc,age      ] GC(481) - age  11:         24 bytes,     788328 total
[2024-02-27T22:00:05.324+0000][7][gc,age      ] GC(481) - age  12:        408 bytes,     788736 total
[2024-02-27T22:00:05.324+0000][7][gc,age      ] GC(481) - age  13:        184 bytes,     788920 total
[2024-02-27T22:00:05.324+0000][7][gc,age      ] GC(481) - age  14:       1344 bytes,     790264 total
[2024-02-27T22:00:05.324+0000][7][gc,heap     ] GC(481) Eden regions: 152->0(152)
[2024-02-27T22:00:05.324+0000][7][gc,heap     ] GC(481) Survivor regions: 1->1(20)
[2024-02-27T22:00:05.324+0000][7][gc,heap     ] GC(481) Old regions: 27->27
[2024-02-27T22:00:05.324+0000][7][gc,heap     ] GC(481) Archive regions: 2->2
[2024-02-27T22:00:05.324+0000][7][gc,heap     ] GC(481) Humongous regions: 0->0
[2024-02-27T22:00:05.324+0000][7][gc,metaspace] GC(481) Metaspace: 129105K(132736K)->129105K(132736K) NonClass: 112255K(114176K)->112255K(114176K) Class: 16849K(18560K)->16849K(18560K)
[2024-02-27T22:00:05.324+0000][7][gc          ] GC(481) Pause Young (Normal) (G1 Evacuation Pause) 718M->109M(1024M) 2.092ms
[2024-02-27T22:00:05.324+0000][7][gc,cpu      ] GC(481) User=0.01s Sys=0.00s Real=0.01s
[2024-02-27T22:00:05.324+0000][7][safepoint   ] Safepoint "G1CollectForAllocation", Time since last: 131657011345 ns, Reaching safepoint: 112570 ns, At safepoint: 2198209 ns, Total: 2310779 ns
[2024-02-27T22:02:11.317+0000][7][gc,start    ] GC(482) Pause Young (Normal) (G1 Evacuation Pause)
[2024-02-27T22:02:11.317+0000][7][gc,task     ] GC(482) Using 8 workers of 8 for evacuation
[2024-02-27T22:02:11.317+0000][7][gc,age      ] GC(482) Desired survivor size 41943040 bytes, new threshold 15 (max threshold 15)
[2024-02-27T22:02:11.318+0000][7][gc,phases   ] GC(482)   Pre Evacuate Collection Set: 0.1ms
[2024-02-27T22:02:11.318+0000][7][gc,phases   ] GC(482)   Merge Heap Roots: 0.1ms
[2024-02-27T22:02:11.318+0000][7][gc,phases   ] GC(482)   Evacuate Collection Set: 0.8ms
[2024-02-27T22:02:11.318+0000][7][gc,phases   ] GC(482)   Post Evacuate Collection Set: 0.6ms
[2024-02-27T22:02:11.318+0000][7][gc,phases   ] GC(482)   Other: 0.1ms
[2024-02-27T22:02:11.318+0000][7][gc,age      ] GC(482) Age table with threshold 15 (max threshold 15)
[2024-02-27T22:02:11.318+0000][7][gc,age      ] GC(482) - age   1:     724408 bytes,     724408 total
[2024-02-27T22:02:11.318+0000][7][gc,age      ] GC(482) - age   2:       1656 bytes,     726064 total
[2024-02-27T22:02:11.318+0000][7][gc,age      ] GC(482) - age   3:       1968 bytes,     728032 total
[2024-02-27T22:02:11.318+0000][7][gc,age      ] GC(482) - age   4:       6472 bytes,     734504 total
[2024-02-27T22:02:11.318+0000][7][gc,age      ] GC(482) - age   5:        424 bytes,     734928 total
[2024-02-27T22:02:11.318+0000][7][gc,age      ] GC(482) - age   6:        656 bytes,     735584 total
[2024-02-27T22:02:11.318+0000][7][gc,age      ] GC(482) - age   7:       8264 bytes,     743848 total
[2024-02-27T22:02:11.318+0000][7][gc,age      ] GC(482) - age   8:         56 bytes,     743904 total
[2024-02-27T22:02:11.318+0000][7][gc,age      ] GC(482) - age   9:        336 bytes,     744240 total
[2024-02-27T22:02:11.318+0000][7][gc,age      ] GC(482) - age  12:         24 bytes,     744264 total
[2024-02-27T22:02:11.318+0000][7][gc,age      ] GC(482) - age  13:        408 bytes,     744672 total
[2024-02-27T22:02:11.318+0000][7][gc,age      ] GC(482) - age  15:       1344 bytes,     746016 total
[2024-02-27T22:02:11.318+0000][7][gc,heap     ] GC(482) Eden regions: 152->0(152)
[2024-02-27T22:02:11.318+0000][7][gc,heap     ] GC(482) Survivor regions: 1->1(20)
[2024-02-27T22:02:11.318+0000][7][gc,heap     ] GC(482) Old regions: 27->27
[2024-02-27T22:02:11.318+0000][7][gc,heap     ] GC(482) Archive regions: 2->2
[2024-02-27T22:02:11.318+0000][7][gc,heap     ] GC(482) Humongous regions: 0->0
[2024-02-27T22:02:11.318+0000][7][gc,metaspace] GC(482) Metaspace: 129106K(132736K)->129106K(132736K) NonClass: 112256K(114176K)->112256K(114176K) Class: 16849K(18560K)->16849K(18560K)
[2024-02-27T22:02:11.318+0000][7][gc          ] GC(482) Pause Young (Normal) (G1 Evacuation Pause) 717M->109M(1024M) 1.883ms
[2024-02-27T22:02:11.318+0000][7][gc,cpu      ] GC(482) User=0.01s Sys=0.01s Real=0.00s
[2024-02-27T22:02:11.318+0000][7][safepoint   ] Safepoint "G1CollectForAllocation", Time since last: 125992275908 ns, Reaching safepoint: 75504 ns, At safepoint: 1965314 ns, Total: 2040818 ns
[2024-02-27T22:04:44.289+0000][7][gc,start    ] GC(483) Pause Young (Normal) (G1 Evacuation Pause)
[2024-02-27T22:04:44.289+0000][7][gc,task     ] GC(483) Using 8 workers of 8 for evacuation
[2024-02-27T22:04:44.289+0000][7][gc,age      ] GC(483) Desired survivor size 41943040 bytes, new threshold 15 (max threshold 15)
[2024-02-27T22:04:44.291+0000][7][gc,phases   ] GC(483)   Pre Evacuate Collection Set: 0.1ms
[2024-02-27T22:04:44.291+0000][7][gc,phases   ] GC(483)   Merge Heap Roots: 0.1ms
[2024-02-27T22:04:44.291+0000][7][gc,phases   ] GC(483)   Evacuate Collection Set: 1.2ms
[2024-02-27T22:04:44.291+0000][7][gc,phases   ] GC(483)   Post Evacuate Collection Set: 0.7ms
[2024-02-27T22:04:44.291+0000][7][gc,phases   ] GC(483)   Other: 0.1ms
[2024-02-27T22:04:44.291+0000][7][gc,age      ] GC(483) Age table with threshold 15 (max threshold 15)
[2024-02-27T22:04:44.291+0000][7][gc,age      ] GC(483) - age   1:    1048520 bytes,    1048520 total
[2024-02-27T22:04:44.291+0000][7][gc,age      ] GC(483) - age   2:     179840 bytes,    1228360 total
[2024-02-27T22:04:44.291+0000][7][gc,age      ] GC(483) - age   3:        696 bytes,    1229056 total
[2024-02-27T22:04:44.291+0000][7][gc,age      ] GC(483) - age   4:        552 bytes,    1229608 total
[2024-02-27T22:04:44.291+0000][7][gc,age      ] GC(483) - age   5:       6112 bytes,    1235720 total
[2024-02-27T22:04:44.291+0000][7][gc,age      ] GC(483) - age   6:        360 bytes,    1236080 total
[2024-02-27T22:04:44.291+0000][7][gc,age      ] GC(483) - age   7:        384 bytes,    1236464 total
[2024-02-27T22:04:44.291+0000][7][gc,age      ] GC(483) - age   8:       8264 bytes,    1244728 total
[2024-02-27T22:04:44.291+0000][7][gc,age      ] GC(483) - age   9:         56 bytes,    1244784 total
[2024-02-27T22:04:44.291+0000][7][gc,age      ] GC(483) - age  10:        336 bytes,    1245120 total
[2024-02-27T22:04:44.291+0000][7][gc,age      ] GC(483) - age  13:         24 bytes,    1245144 total
[2024-02-27T22:04:44.291+0000][7][gc,age      ] GC(483) - age  14:        208 bytes,    1245352 total
[2024-02-27T22:04:44.291+0000][7][gc,heap     ] GC(483) Eden regions: 152->0(152)
[2024-02-27T22:04:44.291+0000][7][gc,heap     ] GC(483) Survivor regions: 1->1(20)
[2024-02-27T22:04:44.291+0000][7][gc,heap     ] GC(483) Old regions: 27->27
[2024-02-27T22:04:44.291+0000][7][gc,heap     ] GC(483) Archive regions: 2->2
[2024-02-27T22:04:44.291+0000][7][gc,heap     ] GC(483) Humongous regions: 0->0
[2024-02-27T22:04:44.291+0000][7][gc,metaspace] GC(483) Metaspace: 129106K(132736K)->129106K(132736K) NonClass: 112256K(114176K)->112256K(114176K) Class: 16849K(18560K)->16849K(18560K)
[2024-02-27T22:04:44.291+0000][7][gc          ] GC(483) Pause Young (Normal) (G1 Evacuation Pause) 717M->110M(1024M) 2.456ms
[2024-02-27T22:04:44.292+0000][7][gc,cpu      ] GC(483) User=0.01s Sys=0.00s Real=0.00s
[2024-02-27T22:04:44.292+0000][7][safepoint   ] Safepoint "G1CollectForAllocation", Time since last: 152970485081 ns, Reaching safepoint: 47384 ns, At safepoint: 2566871 ns, Total: 2614255 ns
[2024-02-27T22:05:50.312+0000][7][safepoint   ] Safepoint "Cleanup", Time since last: 66020613633 ns, Reaching safepoint: 120592 ns, At safepoint: 8659 ns, Total: 129251 ns
[2024-02-27T22:05:51.313+0000][7][safepoint   ] Safepoint "Cleanup", Time since last: 1000214353 ns, Reaching safepoint: 98041 ns, At safepoint: 23578 ns, Total: 121619 ns
[2024-02-27T22:05:54.313+0000][7][safepoint   ] Safepoint "Cleanup", Time since last: 3000543012 ns, Reaching safepoint: 186150 ns, At safepoint: 13739 ns, Total: 199889 ns
[2024-02-27T22:06:36.319+0000][7][safepoint   ] Safepoint "Cleanup", Time since last: 42005936093 ns, Reaching safepoint: 126399 ns, At safepoint: 15084 ns, Total: 141483 ns
[2024-02-27T22:06:59.300+0000][7][gc,start    ] GC(484) Pause Young (Normal) (G1 Evacuation Pause)
[2024-02-27T22:06:59.300+0000][7][gc,task     ] GC(484) Using 8 workers of 8 for evacuation
[2024-02-27T22:06:59.300+0000][7][gc,age      ] GC(484) Desired survivor size 41943040 bytes, new threshold 15 (max threshold 15)
[2024-02-27T22:06:59.302+0000][7][gc,phases   ] GC(484)   Pre Evacuate Collection Set: 0.1ms
[2024-02-27T22:06:59.302+0000][7][gc,phases   ] GC(484)   Merge Heap Roots: 0.1ms
[2024-02-27T22:06:59.302+0000][7][gc,phases   ] GC(484)   Evacuate Collection Set: 1.8ms
[2024-02-27T22:06:59.302+0000][7][gc,phases   ] GC(484)   Post Evacuate Collection Set: 0.5ms
[2024-02-27T22:06:59.302+0000][7][gc,phases   ] GC(484)   Other: 0.1ms
[2024-02-27T22:06:59.302+0000][7][gc,age      ] GC(484) Age table with threshold 15 (max threshold 15)
[2024-02-27T22:06:59.302+0000][7][gc,age      ] GC(484) - age   1:    1817928 bytes,    1817928 total
[2024-02-27T22:06:59.302+0000][7][gc,age      ] GC(484) - age   2:       3520 bytes,    1821448 total
[2024-02-27T22:06:59.302+0000][7][gc,age      ] GC(484) - age   3:      98080 bytes,    1919528 total
[2024-02-27T22:06:59.302+0000][7][gc,age      ] GC(484) - age   4:        312 bytes,    1919840 total
[2024-02-27T22:06:59.302+0000][7][gc,age      ] GC(484) - age   5:         48 bytes,    1919888 total
[2024-02-27T22:06:59.302+0000][7][gc,age      ] GC(484) - age   6:       5400 bytes,    1925288 total
[2024-02-27T22:06:59.302+0000][7][gc,age      ] GC(484) - age   7:        176 bytes,    1925464 total
[2024-02-27T22:06:59.302+0000][7][gc,age      ] GC(484) - age   8:        384 bytes,    1925848 total
[2024-02-27T22:06:59.302+0000][7][gc,age      ] GC(484) - age   9:        248 bytes,    1926096 total
[2024-02-27T22:06:59.302+0000][7][gc,age      ] GC(484) - age  10:         24 bytes,    1926120 total
[2024-02-27T22:06:59.302+0000][7][gc,age      ] GC(484) - age  11:        184 bytes,    1926304 total
[2024-02-27T22:06:59.302+0000][7][gc,age      ] GC(484) - age  14:         24 bytes,    1926328 total
[2024-02-27T22:06:59.302+0000][7][gc,age      ] GC(484) - age  15:        208 bytes,    1926536 total
[2024-02-27T22:06:59.302+0000][7][gc,heap     ] GC(484) Eden regions: 152->0(152)
[2024-02-27T22:06:59.302+0000][7][gc,heap     ] GC(484) Survivor regions: 1->1(20)
[2024-02-27T22:06:59.302+0000][7][gc,heap     ] GC(484) Old regions: 27->27
[2024-02-27T22:06:59.302+0000][7][gc,heap     ] GC(484) Archive regions: 2->2
[2024-02-27T22:06:59.302+0000][7][gc,heap     ] GC(484) Humongous regions: 0->0
[2024-02-27T22:06:59.302+0000][7][gc,metaspace] GC(484) Metaspace: 129138K(132736K)->129138K(132736K) NonClass: 112289K(114176K)->112289K(114176K) Class: 16849K(18560K)->16849K(18560K)
[2024-02-27T22:06:59.302+0000][7][gc          ] GC(484) Pause Young (Normal) (G1 Evacuation Pause) 718M->110M(1024M) 2.740ms
[2024-02-27T22:06:59.302+0000][7][gc,cpu      ] GC(484) User=0.01s Sys=0.00s Real=0.00s
[2024-02-27T22:06:59.302+0000][7][safepoint   ] Safepoint "G1CollectForAllocation", Time since last: 22980167224 ns, Reaching safepoint: 46041 ns, At safepoint: 2814286 ns, Total: 2860327 ns
[2024-02-27T22:07:56.310+0000][7][safepoint   ] Safepoint "Cleanup", Time since last: 57007778898 ns, Reaching safepoint: 91233 ns, At safepoint: 11737 ns, Total: 102970 ns
[2024-02-27T22:08:07.312+0000][7][safepoint   ] Safepoint "Cleanup", Time since last: 11001948797 ns, Reaching safepoint: 105391 ns, At safepoint: 39602 ns, Total: 144993 ns
[2024-02-27T22:08:32.315+0000][7][safepoint   ] Safepoint "Cleanup", Time since last: 25002859818 ns, Reaching safepoint: 152682 ns, At safepoint: 6393 ns, Total: 159075 ns
[2024-02-27T22:08:33.316+0000][7][safepoint   ] Safepoint "Cleanup", Time since last: 1000108227 ns, Reaching safepoint: 68459 ns, At safepoint: 14367 ns, Total: 82826 ns
[2024-02-27T22:08:36.316+0000][7][safepoint   ] Safepoint "Cleanup", Time since last: 3000312049 ns, Reaching safepoint: 130298 ns, At safepoint: 31954 ns, Total: 162252 ns
[2024-02-27T22:09:11.411+0000][7][gc,start    ] GC(485) Pause Young (Normal) (G1 Evacuation Pause)
[2024-02-27T22:09:11.411+0000][7][gc,task     ] GC(485) Using 8 workers of 8 for evacuation
[2024-02-27T22:09:11.411+0000][7][gc,age      ] GC(485) Desired survivor size 41943040 bytes, new threshold 15 (max threshold 15)
[2024-02-27T22:09:11.413+0000][7][gc,phases   ] GC(485)   Pre Evacuate Collection Set: 0.1ms
[2024-02-27T22:09:11.413+0000][7][gc,phases   ] GC(485)   Merge Heap Roots: 0.1ms
[2024-02-27T22:09:11.413+0000][7][gc,phases   ] GC(485)   Evacuate Collection Set: 1.4ms
[2024-02-27T22:09:11.413+0000][7][gc,phases   ] GC(485)   Post Evacuate Collection Set: 0.6ms
[2024-02-27T22:09:11.413+0000][7][gc,phases   ] GC(485)   Other: 0.1ms
[2024-02-27T22:09:11.413+0000][7][gc,age      ] GC(485) Age table with threshold 15 (max threshold 15)
[2024-02-27T22:09:11.413+0000][7][gc,age      ] GC(485) - age   1:    1746640 bytes,    1746640 total
[2024-02-27T22:09:11.413+0000][7][gc,age      ] GC(485) - age   2:    1012272 bytes,    2758912 total
[2024-02-27T22:09:11.413+0000][7][gc,age      ] GC(485) - age   3:       1080 bytes,    2759992 total
[2024-02-27T22:09:11.413+0000][7][gc,age      ] GC(485) - age   4:      97952 bytes,    2857944 total
[2024-02-27T22:09:11.413+0000][7][gc,age      ] GC(485) - age   5:        184 bytes,    2858128 total
[2024-02-27T22:09:11.413+0000][7][gc,age      ] GC(485) - age   6:         48 bytes,    2858176 total
[2024-02-27T22:09:11.413+0000][7][gc,age      ] GC(485) - age   7:       5400 bytes,    2863576 total
[2024-02-27T22:09:11.413+0000][7][gc,age      ] GC(485) - age   8:        176 bytes,    2863752 total
[2024-02-27T22:09:11.413+0000][7][gc,age      ] GC(485) - age   9:        384 bytes,    2864136 total
[2024-02-27T22:09:11.413+0000][7][gc,age      ] GC(485) - age  10:        248 bytes,    2864384 total
[2024-02-27T22:09:11.413+0000][7][gc,age      ] GC(485) - age  11:         24 bytes,    2864408 total
[2024-02-27T22:09:11.413+0000][7][gc,age      ] GC(485) - age  12:        184 bytes,    2864592 total
[2024-02-27T22:09:11.413+0000][7][gc,age      ] GC(485) - age  15:         24 bytes,    2864616 total
[2024-02-27T22:09:11.413+0000][7][gc,heap     ] GC(485) Eden regions: 152->0(152)
[2024-02-27T22:09:11.413+0000][7][gc,heap     ] GC(485) Survivor regions: 1->1(20)
[2024-02-27T22:09:11.413+0000][7][gc,heap     ] GC(485) Old regions: 27->27
[2024-02-27T22:09:11.413+0000][7][gc,heap     ] GC(485) Archive regions: 2->2
[2024-02-27T22:09:11.413+0000][7][gc,heap     ] GC(485) Humongous regions: 0->0
[2024-02-27T22:09:11.413+0000][7][gc,metaspace] GC(485) Metaspace: 129138K(132736K)->129138K(132736K) NonClass: 112289K(114176K)->112289K(114176K) Class: 16849K(18560K)->16849K(18560K)
[2024-02-27T22:09:11.413+0000][7][gc          ] GC(485) Pause Young (Normal) (G1 Evacuation Pause) 718M->111M(1024M) 2.343ms
[2024-02-27T22:09:11.413+0000][7][gc,cpu      ] GC(485) User=0.01s Sys=0.00s Real=0.01s
[2024-02-27T22:09:11.413+0000][7][safepoint   ] Safepoint "G1CollectForAllocation", Time since last: 35094614491 ns, Reaching safepoint: 35362 ns, At safepoint: 2414108 ns, Total: 2449470 ns
[2024-02-27T22:10:33.423+0000][7][safepoint   ] Safepoint "Cleanup", Time since last: 82009752091 ns, Reaching safepoint: 83730 ns, At safepoint: 7168 ns, Total: 90898 ns
[2024-02-27T22:11:41.798+0000][7][gc,start    ] GC(486) Pause Young (Normal) (G1 Evacuation Pause)
[2024-02-27T22:11:41.798+0000][7][gc,task     ] GC(486) Using 8 workers of 8 for evacuation
[2024-02-27T22:11:41.798+0000][7][gc,age      ] GC(486) Desired survivor size 41943040 bytes, new threshold 15 (max threshold 15)
[2024-02-27T22:11:41.801+0000][7][gc,phases   ] GC(486)   Pre Evacuate Collection Set: 0.1ms
[2024-02-27T22:11:41.801+0000][7][gc,phases   ] GC(486)   Merge Heap Roots: 0.1ms
[2024-02-27T22:11:41.801+0000][7][gc,phases   ] GC(486)   Evacuate Collection Set: 1.6ms
[2024-02-27T22:11:41.801+0000][7][gc,phases   ] GC(486)   Post Evacuate Collection Set: 1.0ms
[2024-02-27T22:11:41.801+0000][7][gc,phases   ] GC(486)   Other: 0.1ms
[2024-02-27T22:11:41.801+0000][7][gc,age      ] GC(486) Age table with threshold 15 (max threshold 15)
[2024-02-27T22:11:41.801+0000][7][gc,age      ] GC(486) - age   1:     695152 bytes,     695152 total
[2024-02-27T22:11:41.801+0000][7][gc,age      ] GC(486) - age   2:       4984 bytes,     700136 total
[2024-02-27T22:11:41.801+0000][7][gc,age      ] GC(486) - age   3:     606040 bytes,    1306176 total
[2024-02-27T22:11:41.801+0000][7][gc,age      ] GC(486) - age   4:        504 bytes,    1306680 total
[2024-02-27T22:11:41.801+0000][7][gc,age      ] GC(486) - age   5:      94024 bytes,    1400704 total
[2024-02-27T22:11:41.801+0000][7][gc,age      ] GC(486) - age   6:        184 bytes,    1400888 total
[2024-02-27T22:11:41.801+0000][7][gc,age      ] GC(486) - age   7:         48 bytes,    1400936 total
[2024-02-27T22:11:41.801+0000][7][gc,age      ] GC(486) - age   8:       5400 bytes,    1406336 total
[2024-02-27T22:11:41.801+0000][7][gc,age      ] GC(486) - age   9:        176 bytes,    1406512 total
[2024-02-27T22:11:41.801+0000][7][gc,age      ] GC(486) - age  11:        184 bytes,    1406696 total
[2024-02-27T22:11:41.801+0000][7][gc,age      ] GC(486) - age  12:         24 bytes,    1406720 total
[2024-02-27T22:11:41.802+0000][7][gc,age      ] GC(486) - age  13:        184 bytes,    1406904 total
[2024-02-27T22:11:41.802+0000][7][gc,heap     ] GC(486) Eden regions: 152->0(152)
[2024-02-27T22:11:41.802+0000][7][gc,heap     ] GC(486) Survivor regions: 1->1(20)
[2024-02-27T22:11:41.802+0000][7][gc,heap     ] GC(486) Old regions: 27->27
[2024-02-27T22:11:41.802+0000][7][gc,heap     ] GC(486) Archive regions: 2->2
[2024-02-27T22:11:41.802+0000][7][gc,heap     ] GC(486) Humongous regions: 0->0
[2024-02-27T22:11:41.802+0000][7][gc,metaspace] GC(486) Metaspace: 129138K(132736K)->129138K(132736K) NonClass: 112289K(114176K)->112289K(114176K) Class: 16849K(18560K)->16849K(18560K)
[2024-02-27T22:11:41.802+0000][7][gc          ] GC(486) Pause Young (Normal) (G1 Evacuation Pause) 719M->110M(1024M) 3.233ms
[2024-02-27T22:11:41.802+0000][7][gc,cpu      ] GC(486) User=0.02s Sys=0.00s Real=0.00s
[2024-02-27T22:11:41.802+0000][7][safepoint   ] Safepoint "G1CollectForAllocation", Time since last: 68375175864 ns, Reaching safepoint: 82547 ns, At safepoint: 3342435 ns, Total: 3424982 ns
[2024-02-27T22:12:44.809+0000][7][safepoint   ] Safepoint "Cleanup", Time since last: 63007453728 ns, Reaching safepoint: 104524 ns, At safepoint: 6244 ns, Total: 110768 ns
[2024-02-27T22:13:59.362+0000][7][gc,start    ] GC(487) Pause Young (Normal) (G1 Evacuation Pause)
[2024-02-27T22:13:59.362+0000][7][gc,task     ] GC(487) Using 8 workers of 8 for evacuation
[2024-02-27T22:13:59.362+0000][7][gc,age      ] GC(487) Desired survivor size 41943040 bytes, new threshold 15 (max threshold 15)
[2024-02-27T22:13:59.365+0000][7][gc,phases   ] GC(487)   Pre Evacuate Collection Set: 0.1ms
[2024-02-27T22:13:59.365+0000][7][gc,phases   ] GC(487)   Merge Heap Roots: 0.1ms
[2024-02-27T22:13:59.365+0000][7][gc,phases   ] GC(487)   Evacuate Collection Set: 1.5ms
[2024-02-27T22:13:59.365+0000][7][gc,phases   ] GC(487)   Post Evacuate Collection Set: 0.7ms
[2024-02-27T22:13:59.365+0000][7][gc,phases   ] GC(487)   Other: 0.1ms
[2024-02-27T22:13:59.365+0000][7][gc,age      ] GC(487) Age table with threshold 15 (max threshold 15)
[2024-02-27T22:13:59.365+0000][7][gc,age      ] GC(487) - age   1:    1572472 bytes,    1572472 total
[2024-02-27T22:13:59.365+0000][7][gc,age      ] GC(487) - age   2:     175712 bytes,    1748184 total
[2024-02-27T22:13:59.365+0000][7][gc,age      ] GC(487) - age   3:       2800 bytes,    1750984 total
[2024-02-27T22:13:59.365+0000][7][gc,age      ] GC(487) - age   4:     605016 bytes,    2356000 total
[2024-02-27T22:13:59.365+0000][7][gc,age      ] GC(487) - age   5:        248 bytes,    2356248 total
[2024-02-27T22:13:59.365+0000][7][gc,age      ] GC(487) - age   6:      94024 bytes,    2450272 total
[2024-02-27T22:13:59.365+0000][7][gc,age      ] GC(487) - age   7:        184 bytes,    2450456 total
[2024-02-27T22:13:59.365+0000][7][gc,age      ] GC(487) - age   8:         48 bytes,    2450504 total
[2024-02-27T22:13:59.365+0000][7][gc,age      ] GC(487) - age   9:       5400 bytes,    2455904 total
[2024-02-27T22:13:59.365+0000][7][gc,age      ] GC(487) - age  10:        176 bytes,    2456080 total
[2024-02-27T22:13:59.365+0000][7][gc,age      ] GC(487) - age  13:         24 bytes,    2456104 total
[2024-02-27T22:13:59.365+0000][7][gc,age      ] GC(487) - age  14:        184 bytes,    2456288 total
[2024-02-27T22:13:59.365+0000][7][gc,heap     ] GC(487) Eden regions: 152->0(152)
[2024-02-27T22:13:59.365+0000][7][gc,heap     ] GC(487) Survivor regions: 1->1(20)
[2024-02-27T22:13:59.365+0000][7][gc,heap     ] GC(487) Old regions: 27->27
[2024-02-27T22:13:59.365+0000][7][gc,heap     ] GC(487) Archive regions: 2->2
[2024-02-27T22:13:59.365+0000][7][gc,heap     ] GC(487) Humongous regions: 0->0
[2024-02-27T22:13:59.365+0000][7][gc,metaspace] GC(487) Metaspace: 129138K(132736K)->129138K(132736K) NonClass: 112289K(114176K)->112289K(114176K) Class: 16849K(18560K)->16849K(18560K)
[2024-02-27T22:13:59.365+0000][7][gc          ] GC(487) Pause Young (Normal) (G1 Evacuation Pause) 718M->111M(1024M) 2.667ms
[2024-02-27T22:13:59.365+0000][7][gc,cpu      ] GC(487) User=0.02s Sys=0.00s Real=0.01s
[2024-02-27T22:13:59.365+0000][7][safepoint   ] Safepoint "G1CollectForAllocation", Time since last: 74553053711 ns, Reaching safepoint: 51091 ns, At safepoint: 2748774 ns, Total: 2799865 ns
[2024-02-27T22:16:05.340+0000][7][gc,start    ] GC(488) Pause Young (Normal) (G1 Evacuation Pause)
[2024-02-27T22:16:05.340+0000][7][gc,task     ] GC(488) Using 8 workers of 8 for evacuation
[2024-02-27T22:16:05.340+0000][7][gc,age      ] GC(488) Desired survivor size 41943040 bytes, new threshold 15 (max threshold 15)
[2024-02-27T22:16:05.342+0000][7][gc,phases   ] GC(488)   Pre Evacuate Collection Set: 0.1ms
[2024-02-27T22:16:05.342+0000][7][gc,phases   ] GC(488)   Merge Heap Roots: 0.1ms
[2024-02-27T22:16:05.342+0000][7][gc,phases   ] GC(488)   Evacuate Collection Set: 1.3ms
[2024-02-27T22:16:05.342+0000][7][gc,phases   ] GC(488)   Post Evacuate Collection Set: 0.7ms
[2024-02-27T22:16:05.342+0000][7][gc,phases   ] GC(488)   Other: 0.1ms
[2024-02-27T22:16:05.342+0000][7][gc,age      ] GC(488) Age table with threshold 15 (max threshold 15)
[2024-02-27T22:16:05.342+0000][7][gc,age      ] GC(488) - age   1:     999752 bytes,     999752 total
[2024-02-27T22:16:05.342+0000][7][gc,age      ] GC(488) - age   2:      44952 bytes,    1044704 total
[2024-02-27T22:16:05.342+0000][7][gc,age      ] GC(488) - age   3:     173576 bytes,    1218280 total
[2024-02-27T22:16:05.342+0000][7][gc,age      ] GC(488) - age   4:       2608 bytes,    1220888 total
[2024-02-27T22:16:05.342+0000][7][gc,age      ] GC(488) - age   5:     604016 bytes,    1824904 total
[2024-02-27T22:16:05.342+0000][7][gc,age      ] GC(488) - age   6:        248 bytes,    1825152 total
[2024-02-27T22:16:05.342+0000][7][gc,age      ] GC(488) - age   7:      93632 bytes,    1918784 total
[2024-02-27T22:16:05.342+0000][7][gc,age      ] GC(488) - age   8:        184 bytes,    1918968 total
[2024-02-27T22:16:05.342+0000][7][gc,age      ] GC(488) - age   9:         48 bytes,    1919016 total
[2024-02-27T22:16:05.342+0000][7][gc,age      ] GC(488) - age  10:       5368 bytes,    1924384 total
[2024-02-27T22:16:05.342+0000][7][gc,age      ] GC(488) - age  11:        176 bytes,    1924560 total
[2024-02-27T22:16:05.342+0000][7][gc,age      ] GC(488) - age  14:         24 bytes,    1924584 total
[2024-02-27T22:16:05.342+0000][7][gc,age      ] GC(488) - age  15:        184 bytes,    1924768 total
[2024-02-27T22:16:05.342+0000][7][gc,heap     ] GC(488) Eden regions: 152->0(152)
[2024-02-27T22:16:05.342+0000][7][gc,heap     ] GC(488) Survivor regions: 1->1(20)
[2024-02-27T22:16:05.342+0000][7][gc,heap     ] GC(488) Old regions: 27->27
[2024-02-27T22:16:05.342+0000][7][gc,heap     ] GC(488) Archive regions: 2->2
[2024-02-27T22:16:05.342+0000][7][gc,heap     ] GC(488) Humongous regions: 0->0
[2024-02-27T22:16:05.342+0000][7][gc,metaspace] GC(488) Metaspace: 129138K(132736K)->129138K(132736K) NonClass: 112289K(114176K)->112289K(114176K) Class: 16849K(18560K)->16849K(18560K)
[2024-02-27T22:16:05.342+0000][7][gc          ] GC(488) Pause Young (Normal) (G1 Evacuation Pause) 719M->110M(1024M) 2.552ms
[2024-02-27T22:16:05.342+0000][7][gc,cpu      ] GC(488) User=0.02s Sys=0.00s Real=0.00s
[2024-02-27T22:16:05.342+0000][7][safepoint   ] Safepoint "G1CollectForAllocation", Time since last: 125974555153 ns, Reaching safepoint: 62798 ns, At safepoint: 2641245 ns, Total: 2704043 ns
[2024-02-27T22:18:32.360+0000][7][gc,start    ] GC(489) Pause Young (Normal) (G1 Evacuation Pause)
[2024-02-27T22:18:32.360+0000][7][gc,task     ] GC(489) Using 8 workers of 8 for evacuation
[2024-02-27T22:18:32.360+0000][7][gc,age      ] GC(489) Desired survivor size 41943040 bytes, new threshold 15 (max threshold 15)
[2024-02-27T22:18:32.365+0000][7][gc,phases   ] GC(489)   Pre Evacuate Collection Set: 0.1ms
[2024-02-27T22:18:32.365+0000][7][gc,phases   ] GC(489)   Merge Heap Roots: 0.1ms
[2024-02-27T22:18:32.365+0000][7][gc,phases   ] GC(489)   Evacuate Collection Set: 3.8ms
[2024-02-27T22:18:32.365+0000][7][gc,phases   ] GC(489)   Post Evacuate Collection Set: 1.0ms
[2024-02-27T22:18:32.365+0000][7][gc,phases   ] GC(489)   Other: 0.2ms
[2024-02-27T22:18:32.365+0000][7][gc,age      ] GC(489) Age table with threshold 15 (max threshold 15)
[2024-02-27T22:18:32.365+0000][7][gc,age      ] GC(489) - age   1:    1633720 bytes,    1633720 total
[2024-02-27T22:18:32.365+0000][7][gc,age      ] GC(489) - age   2:      17480 bytes,    1651200 total
[2024-02-27T22:18:32.365+0000][7][gc,age      ] GC(489) - age   3:      43200 bytes,    1694400 total
[2024-02-27T22:18:32.365+0000][7][gc,age      ] GC(489) - age   4:     173080 bytes,    1867480 total
[2024-02-27T22:18:32.365+0000][7][gc,age      ] GC(489) - age   5:       2608 bytes,    1870088 total
[2024-02-27T22:18:32.365+0000][7][gc,age      ] GC(489) - age   6:     594448 bytes,    2464536 total
[2024-02-27T22:18:32.365+0000][7][gc,age      ] GC(489) - age   7:        184 bytes,    2464720 total
[2024-02-27T22:18:32.365+0000][7][gc,age      ] GC(489) - age   8:      93632 bytes,    2558352 total
[2024-02-27T22:18:32.365+0000][7][gc,age      ] GC(489) - age   9:        184 bytes,    2558536 total
[2024-02-27T22:18:32.365+0000][7][gc,age      ] GC(489) - age  10:         24 bytes,    2558560 total
[2024-02-27T22:18:32.365+0000][7][gc,age      ] GC(489) - age  11:       5368 bytes,    2563928 total
[2024-02-27T22:18:32.365+0000][7][gc,age      ] GC(489) - age  12:        176 bytes,    2564104 total
[2024-02-27T22:18:32.365+0000][7][gc,age      ] GC(489) - age  15:         24 bytes,    2564128 total
[2024-02-27T22:18:32.365+0000][7][gc,heap     ] GC(489) Eden regions: 152->0(152)
[2024-02-27T22:18:32.365+0000][7][gc,heap     ] GC(489) Survivor regions: 1->1(20)
[2024-02-27T22:18:32.365+0000][7][gc,heap     ] GC(489) Old regions: 27->27
[2024-02-27T22:18:32.365+0000][7][gc,heap     ] GC(489) Archive regions: 2->2
[2024-02-27T22:18:32.365+0000][7][gc,heap     ] GC(489) Humongous regions: 0->0
[2024-02-27T22:18:32.365+0000][7][gc,metaspace] GC(489) Metaspace: 129140K(132736K)->129140K(132736K) NonClass: 112291K(114176K)->112291K(114176K) Class: 16849K(18560K)->16849K(18560K)
[2024-02-27T22:18:32.365+0000][7][gc          ] GC(489) Pause Young (Normal) (G1 Evacuation Pause) 718M->111M(1024M) 5.562ms
[2024-02-27T22:18:32.365+0000][7][gc,cpu      ] GC(489) User=0.01s Sys=0.00s Real=0.01s
[2024-02-27T22:18:32.365+0000][7][safepoint   ] Safepoint "G1CollectForAllocation", Time since last: 147017074227 ns, Reaching safepoint: 103534 ns, At safepoint: 5675142 ns, Total: 5778676 ns
[2024-02-27T22:18:45.367+0000][7][safepoint   ] Safepoint "Cleanup", Time since last: 13001298234 ns, Reaching safepoint: 119789 ns, At safepoint: 8210 ns, Total: 127999 ns
[2024-02-27T22:19:56.377+0000][7][safepoint   ] Safepoint "Cleanup", Time since last: 71009833116 ns, Reaching safepoint: 72829 ns, At safepoint: 9392 ns, Total: 82221 ns
[2024-02-27T22:21:08.367+0000][7][gc,start    ] GC(490) Pause Young (Normal) (G1 Evacuation Pause)
[2024-02-27T22:21:08.367+0000][7][gc,task     ] GC(490) Using 8 workers of 8 for evacuation
[2024-02-27T22:21:08.367+0000][7][gc,age      ] GC(490) Desired survivor size 41943040 bytes, new threshold 15 (max threshold 15)
[2024-02-27T22:21:08.370+0000][7][gc,phases   ] GC(490)   Pre Evacuate Collection Set: 0.1ms
[2024-02-27T22:21:08.370+0000][7][gc,phases   ] GC(490)   Merge Heap Roots: 0.1ms
[2024-02-27T22:21:08.370+0000][7][gc,phases   ] GC(490)   Evacuate Collection Set: 1.7ms
[2024-02-27T22:21:08.370+0000][7][gc,phases   ] GC(490)   Post Evacuate Collection Set: 0.7ms
[2024-02-27T22:21:08.370+0000][7][gc,phases   ] GC(490)   Other: 0.1ms
[2024-02-27T22:21:08.370+0000][7][gc,age      ] GC(490) Age table with threshold 15 (max threshold 15)
[2024-02-27T22:21:08.370+0000][7][gc,age      ] GC(490) - age   1:    1712016 bytes,    1712016 total
[2024-02-27T22:21:08.370+0000][7][gc,age      ] GC(490) - age   2:     156304 bytes,    1868320 total
[2024-02-27T22:21:08.370+0000][7][gc,age      ] GC(490) - age   3:      15624 bytes,    1883944 total
[2024-02-27T22:21:08.370+0000][7][gc,age      ] GC(490) - age   4:      42032 bytes,    1925976 total
[2024-02-27T22:21:08.370+0000][7][gc,age      ] GC(490) - age   5:     169368 bytes,    2095344 total
[2024-02-27T22:21:08.370+0000][7][gc,age      ] GC(490) - age   6:       2608 bytes,    2097952 total
[2024-02-27T22:21:08.370+0000][7][gc,age      ] GC(490) - age   7:     594448 bytes,    2692400 total
[2024-02-27T22:21:08.370+0000][7][gc,age      ] GC(490) - age   8:        184 bytes,    2692584 total
[2024-02-27T22:21:08.370+0000][7][gc,age      ] GC(490) - age   9:      93632 bytes,    2786216 total
[2024-02-27T22:21:08.370+0000][7][gc,age      ] GC(490) - age  10:        184 bytes,    2786400 total
[2024-02-27T22:21:08.370+0000][7][gc,age      ] GC(490) - age  11:         24 bytes,    2786424 total
[2024-02-27T22:21:08.370+0000][7][gc,age      ] GC(490) - age  12:       5184 bytes,    2791608 total
[2024-02-27T22:21:08.370+0000][7][gc,age      ] GC(490) - age  13:        176 bytes,    2791784 total
[2024-02-27T22:21:08.370+0000][7][gc,heap     ] GC(490) Eden regions: 152->0(152)
[2024-02-27T22:21:08.370+0000][7][gc,heap     ] GC(490) Survivor regions: 1->1(20)
[2024-02-27T22:21:08.370+0000][7][gc,heap     ] GC(490) Old regions: 27->27
[2024-02-27T22:21:08.370+0000][7][gc,heap     ] GC(490) Archive regions: 2->2
[2024-02-27T22:21:08.370+0000][7][gc,heap     ] GC(490) Humongous regions: 0->0
[2024-02-27T22:21:08.370+0000][7][gc,metaspace] GC(490) Metaspace: 129140K(132736K)->129140K(132736K) NonClass: 112291K(114176K)->112291K(114176K) Class: 16849K(18560K)->16849K(18560K)
[2024-02-27T22:21:08.370+0000][7][gc          ] GC(490) Pause Young (Normal) (G1 Evacuation Pause) 719M->111M(1024M) 3.032ms
[2024-02-27T22:21:08.370+0000][7][gc,cpu      ] GC(490) User=0.02s Sys=0.00s Real=0.00s
[2024-02-27T22:21:08.370+0000][7][safepoint   ] Safepoint "G1CollectForAllocation", Time since last: 71990469386 ns, Reaching safepoint: 43994 ns, At safepoint: 3123374 ns, Total: 3167368 ns
[2024-02-27T22:23:56.372+0000][7][gc,start    ] GC(491) Pause Young (Normal) (G1 Evacuation Pause)
[2024-02-27T22:23:56.372+0000][7][gc,task     ] GC(491) Using 8 workers of 8 for evacuation
[2024-02-27T22:23:56.372+0000][7][gc,age      ] GC(491) Desired survivor size 41943040 bytes, new threshold 15 (max threshold 15)
[2024-02-27T22:23:56.375+0000][7][gc,phases   ] GC(491)   Pre Evacuate Collection Set: 0.1ms
[2024-02-27T22:23:56.375+0000][7][gc,phases   ] GC(491)   Merge Heap Roots: 0.1ms
[2024-02-27T22:23:56.375+0000][7][gc,phases   ] GC(491)   Evacuate Collection Set: 1.7ms
[2024-02-27T22:23:56.375+0000][7][gc,phases   ] GC(491)   Post Evacuate Collection Set: 0.7ms
[2024-02-27T22:23:56.375+0000][7][gc,phases   ] GC(491)   Other: 0.1ms
[2024-02-27T22:23:56.375+0000][7][gc,age      ] GC(491) Age table with threshold 15 (max threshold 15)
[2024-02-27T22:23:56.375+0000][7][gc,age      ] GC(491) - age   1:    1415056 bytes,    1415056 total
[2024-02-27T22:23:56.375+0000][7][gc,age      ] GC(491) - age   2:      15552 bytes,    1430608 total
[2024-02-27T22:23:56.375+0000][7][gc,age      ] GC(491) - age   3:     155152 bytes,    1585760 total
[2024-02-27T22:23:56.375+0000][7][gc,age      ] GC(491) - age   4:      15496 bytes,    1601256 total
[2024-02-27T22:23:56.375+0000][7][gc,age      ] GC(491) - age   5:      41904 bytes,    1643160 total
[2024-02-27T22:23:56.375+0000][7][gc,age      ] GC(491) - age   6:     169184 bytes,    1812344 total
[2024-02-27T22:23:56.375+0000][7][gc,age      ] GC(491) - age   7:       2608 bytes,    1814952 total
[2024-02-27T22:23:56.375+0000][7][gc,age      ] GC(491) - age   8:     593704 bytes,    2408656 total
[2024-02-27T22:23:56.375+0000][7][gc,age      ] GC(491) - age   9:        184 bytes,    2408840 total
[2024-02-27T22:23:56.375+0000][7][gc,age      ] GC(491) - age  10:      93632 bytes,    2502472 total
[2024-02-27T22:23:56.375+0000][7][gc,age      ] GC(491) - age  11:        184 bytes,    2502656 total
[2024-02-27T22:23:56.375+0000][7][gc,age      ] GC(491) - age  12:         24 bytes,    2502680 total
[2024-02-27T22:23:56.375+0000][7][gc,age      ] GC(491) - age  13:       5184 bytes,    2507864 total
[2024-02-27T22:23:56.375+0000][7][gc,age      ] GC(491) - age  14:        176 bytes,    2508040 total
[2024-02-27T22:23:56.375+0000][7][gc,heap     ] GC(491) Eden regions: 152->0(152)
[2024-02-27T22:23:56.375+0000][7][gc,heap     ] GC(491) Survivor regions: 1->1(20)
[2024-02-27T22:23:56.375+0000][7][gc,heap     ] GC(491) Old regions: 27->27
[2024-02-27T22:23:56.375+0000][7][gc,heap     ] GC(491) Archive regions: 2->2
[2024-02-27T22:23:56.375+0000][7][gc,heap     ] GC(491) Humongous regions: 0->0
[2024-02-27T22:23:56.375+0000][7][gc,metaspace] GC(491) Metaspace: 129140K(132736K)->129140K(132736K) NonClass: 112291K(114176K)->112291K(114176K) Class: 16849K(18560K)->16849K(18560K)
[2024-02-27T22:23:56.375+0000][7][gc          ] GC(491) Pause Young (Normal) (G1 Evacuation Pause) 719M->111M(1024M) 2.877ms
[2024-02-27T22:23:56.375+0000][7][gc,cpu      ] GC(491) User=0.01s Sys=0.01s Real=0.00s
[2024-02-27T22:23:56.375+0000][7][safepoint   ] Safepoint "G1CollectForAllocation", Time since last: 168002105140 ns, Reaching safepoint: 66931 ns, At safepoint: 2963628 ns, Total: 3030559 ns
[2024-02-27T22:25:51.390+0000][7][safepoint   ] Safepoint "Cleanup", Time since last: 115014791533 ns, Reaching safepoint: 85329 ns, At safepoint: 9700 ns, Total: 95029 ns
[2024-02-27T22:26:38.354+0000][7][gc,start    ] GC(492) Pause Young (Normal) (G1 Evacuation Pause)
[2024-02-27T22:26:38.354+0000][7][gc,task     ] GC(492) Using 8 workers of 8 for evacuation
[2024-02-27T22:26:38.354+0000][7][gc,age      ] GC(492) Desired survivor size 41943040 bytes, new threshold 15 (max threshold 15)
[2024-02-27T22:26:38.357+0000][7][gc,phases   ] GC(492)   Pre Evacuate Collection Set: 0.1ms
[2024-02-27T22:26:38.357+0000][7][gc,phases   ] GC(492)   Merge Heap Roots: 0.1ms
[2024-02-27T22:26:38.357+0000][7][gc,phases   ] GC(492)   Evacuate Collection Set: 2.2ms
[2024-02-27T22:26:38.357+0000][7][gc,phases   ] GC(492)   Post Evacuate Collection Set: 0.9ms
[2024-02-27T22:26:38.357+0000][7][gc,phases   ] GC(492)   Other: 0.1ms
[2024-02-27T22:26:38.357+0000][7][gc,age      ] GC(492) Age table with threshold 15 (max threshold 15)
[2024-02-27T22:26:38.357+0000][7][gc,age      ] GC(492) - age   1:    1420880 bytes,    1420880 total
[2024-02-27T22:26:38.357+0000][7][gc,age      ] GC(492) - age   2:       6016 bytes,    1426896 total
[2024-02-27T22:26:38.357+0000][7][gc,age      ] GC(492) - age   3:      12608 bytes,    1439504 total
[2024-02-27T22:26:38.357+0000][7][gc,age      ] GC(492) - age   4:     154088 bytes,    1593592 total
[2024-02-27T22:26:38.357+0000][7][gc,age      ] GC(492) - age   5:      14656 bytes,    1608248 total
[2024-02-27T22:26:38.357+0000][7][gc,age      ] GC(492) - age   6:      41712 bytes,    1649960 total
[2024-02-27T22:26:38.357+0000][7][gc,age      ] GC(492) - age   7:     169184 bytes,    1819144 total
[2024-02-27T22:26:38.357+0000][7][gc,age      ] GC(492) - age   8:       2544 bytes,    1821688 total
[2024-02-27T22:26:38.357+0000][7][gc,age      ] GC(492) - age   9:     593552 bytes,    2415240 total
[2024-02-27T22:26:38.357+0000][7][gc,age      ] GC(492) - age  11:      93632 bytes,    2508872 total
[2024-02-27T22:26:38.357+0000][7][gc,age      ] GC(492) - age  12:        184 bytes,    2509056 total
[2024-02-27T22:26:38.357+0000][7][gc,age      ] GC(492) - age  13:         24 bytes,    2509080 total
[2024-02-27T22:26:38.357+0000][7][gc,age      ] GC(492) - age  14:       5184 bytes,    2514264 total
[2024-02-27T22:26:38.357+0000][7][gc,age      ] GC(492) - age  15:        176 bytes,    2514440 total
[2024-02-27T22:26:38.357+0000][7][gc,heap     ] GC(492) Eden regions: 152->0(152)
[2024-02-27T22:26:38.357+0000][7][gc,heap     ] GC(492) Survivor regions: 1->1(20)
[2024-02-27T22:26:38.357+0000][7][gc,heap     ] GC(492) Old regions: 27->27
[2024-02-27T22:26:38.357+0000][7][gc,heap     ] GC(492) Archive regions: 2->2
[2024-02-27T22:26:38.357+0000][7][gc,heap     ] GC(492) Humongous regions: 0->0
[2024-02-27T22:26:38.357+0000][7][gc,metaspace] GC(492) Metaspace: 129146K(132736K)->129146K(132736K) NonClass: 112297K(114176K)->112297K(114176K) Class: 16849K(18560K)->16849K(18560K)
[2024-02-27T22:26:38.357+0000][7][gc          ] GC(492) Pause Young (Normal) (G1 Evacuation Pause) 719M->111M(1024M) 3.652ms
[2024-02-27T22:26:38.357+0000][7][gc,cpu      ] GC(492) User=0.02s Sys=0.01s Real=0.00s
[2024-02-27T22:26:38.357+0000][7][safepoint   ] Safepoint "G1CollectForAllocation", Time since last: 46963282702 ns, Reaching safepoint: 61568 ns, At safepoint: 3752157 ns, Total: 3813725 ns
[2024-02-27T22:28:57.468+0000][7][gc,start    ] GC(493) Pause Young (Normal) (G1 Evacuation Pause)
[2024-02-27T22:28:57.468+0000][7][gc,task     ] GC(493) Using 8 workers of 8 for evacuation
[2024-02-27T22:28:57.468+0000][7][gc,age      ] GC(493) Desired survivor size 41943040 bytes, new threshold 15 (max threshold 15)
[2024-02-27T22:28:57.470+0000][7][gc,phases   ] GC(493)   Pre Evacuate Collection Set: 0.1ms
[2024-02-27T22:28:57.470+0000][7][gc,phases   ] GC(493)   Merge Heap Roots: 0.1ms
[2024-02-27T22:28:57.470+0000][7][gc,phases   ] GC(493)   Evacuate Collection Set: 1.2ms
[2024-02-27T22:28:57.470+0000][7][gc,phases   ] GC(493)   Post Evacuate Collection Set: 0.7ms
[2024-02-27T22:28:57.470+0000][7][gc,phases   ] GC(493)   Other: 0.1ms
[2024-02-27T22:28:57.470+0000][7][gc,age      ] GC(493) Age table with threshold 15 (max threshold 15)
[2024-02-27T22:28:57.470+0000][7][gc,age      ] GC(493) - age   1:    1693416 bytes,    1693416 total
[2024-02-27T22:28:57.470+0000][7][gc,age      ] GC(493) - age   2:     107960 bytes,    1801376 total
[2024-02-27T22:28:57.470+0000][7][gc,age      ] GC(493) - age   3:       2984 bytes,    1804360 total
[2024-02-27T22:28:57.470+0000][7][gc,age      ] GC(493) - age   4:      12096 bytes,    1816456 total
[2024-02-27T22:28:57.470+0000][7][gc,age      ] GC(493) - age   5:     153840 bytes,    1970296 total
[2024-02-27T22:28:57.470+0000][7][gc,age      ] GC(493) - age   6:      14656 bytes,    1984952 total
[2024-02-27T22:28:57.470+0000][7][gc,age      ] GC(493) - age   7:      41528 bytes,    2026480 total
[2024-02-27T22:28:57.470+0000][7][gc,age      ] GC(493) - age   8:     169184 bytes,    2195664 total
[2024-02-27T22:28:57.470+0000][7][gc,age      ] GC(493) - age   9:       2544 bytes,    2198208 total
[2024-02-27T22:28:57.470+0000][7][gc,age      ] GC(493) - age  10:     593552 bytes,    2791760 total
[2024-02-27T22:28:57.470+0000][7][gc,age      ] GC(493) - age  12:      93632 bytes,    2885392 total
[2024-02-27T22:28:57.471+0000][7][gc,age      ] GC(493) - age  13:        184 bytes,    2885576 total
[2024-02-27T22:28:57.471+0000][7][gc,age      ] GC(493) - age  14:         24 bytes,    2885600 total
[2024-02-27T22:28:57.471+0000][7][gc,age      ] GC(493) - age  15:       5184 bytes,    2890784 total
[2024-02-27T22:28:57.471+0000][7][gc,heap     ] GC(493) Eden regions: 152->0(152)
[2024-02-27T22:28:57.471+0000][7][gc,heap     ] GC(493) Survivor regions: 1->1(20)
[2024-02-27T22:28:57.471+0000][7][gc,heap     ] GC(493) Old regions: 27->27
[2024-02-27T22:28:57.471+0000][7][gc,heap     ] GC(493) Archive regions: 2->2
[2024-02-27T22:28:57.471+0000][7][gc,heap     ] GC(493) Humongous regions: 0->0
[2024-02-27T22:28:57.471+0000][7][gc,metaspace] GC(493) Metaspace: 129146K(132736K)->129146K(132736K) NonClass: 112297K(114176K)->112297K(114176K) Class: 16849K(18560K)->16849K(18560K)
[2024-02-27T22:28:57.471+0000][7][gc          ] GC(493) Pause Young (Normal) (G1 Evacuation Pause) 719M->111M(1024M) 2.325ms
[2024-02-27T22:28:57.471+0000][7][gc,cpu      ] GC(493) User=0.01s Sys=0.00s Real=0.00s
[2024-02-27T22:28:57.471+0000][7][safepoint   ] Safepoint "G1CollectForAllocation", Time since last: 139110890820 ns, Reaching safepoint: 29476 ns, At safepoint: 2394550 ns, Total: 2424026 ns
[2024-02-27T22:31:33.028+0000][7][gc,start    ] GC(494) Pause Young (Normal) (G1 Evacuation Pause)
[2024-02-27T22:31:33.029+0000][7][gc,task     ] GC(494) Using 8 workers of 8 for evacuation
[2024-02-27T22:31:33.029+0000][7][gc,age      ] GC(494) Desired survivor size 41943040 bytes, new threshold 15 (max threshold 15)
[2024-02-27T22:31:33.030+0000][7][gc,phases   ] GC(494)   Pre Evacuate Collection Set: 0.1ms
[2024-02-27T22:31:33.030+0000][7][gc,phases   ] GC(494)   Merge Heap Roots: 0.0ms
[2024-02-27T22:31:33.030+0000][7][gc,phases   ] GC(494)   Evacuate Collection Set: 1.2ms
[2024-02-27T22:31:33.030+0000][7][gc,phases   ] GC(494)   Post Evacuate Collection Set: 0.5ms
[2024-02-27T22:31:33.030+0000][7][gc,phases   ] GC(494)   Other: 0.1ms
[2024-02-27T22:31:33.030+0000][7][gc,age      ] GC(494) Age table with threshold 15 (max threshold 15)
[2024-02-27T22:31:33.030+0000][7][gc,age      ] GC(494) - age   1:    2002296 bytes,    2002296 total
[2024-02-27T22:31:33.030+0000][7][gc,age      ] GC(494) - age   2:       3704 bytes,    2006000 total
[2024-02-27T22:31:33.031+0000][7][gc,age      ] GC(494) - age   3:      22000 bytes,    2028000 total
[2024-02-27T22:31:33.031+0000][7][gc,age      ] GC(494) - age   4:       2448 bytes,    2030448 total
[2024-02-27T22:31:33.031+0000][7][gc,age      ] GC(494) - age   5:       8544 bytes,    2038992 total
[2024-02-27T22:31:33.031+0000][7][gc,age      ] GC(494) - age   6:     139856 bytes,    2178848 total
[2024-02-27T22:31:33.031+0000][7][gc,age      ] GC(494) - age   7:        232 bytes,    2179080 total
[2024-02-27T22:31:33.031+0000][7][gc,age      ] GC(494) - age   8:         88 bytes,    2179168 total
[2024-02-27T22:31:33.031+0000][7][gc,age      ] GC(494) - age   9:       3840 bytes,    2183008 total
[2024-02-27T22:31:33.031+0000][7][gc,age      ] GC(494) - age  10:       2544 bytes,    2185552 total
[2024-02-27T22:31:33.031+0000][7][gc,age      ] GC(494) - age  11:     588632 bytes,    2774184 total
[2024-02-27T22:31:33.031+0000][7][gc,age      ] GC(494) - age  13:      93632 bytes,    2867816 total
[2024-02-27T22:31:33.031+0000][7][gc,age      ] GC(494) - age  14:        184 bytes,    2868000 total
[2024-02-27T22:31:33.031+0000][7][gc,age      ] GC(494) - age  15:         24 bytes,    2868024 total
[2024-02-27T22:31:33.031+0000][7][gc,heap     ] GC(494) Eden regions: 152->0(152)
[2024-02-27T22:31:33.031+0000][7][gc,heap     ] GC(494) Survivor regions: 1->1(20)
[2024-02-27T22:31:33.031+0000][7][gc,heap     ] GC(494) Old regions: 27->27
[2024-02-27T22:31:33.031+0000][7][gc,heap     ] GC(494) Archive regions: 2->2
[2024-02-27T22:31:33.031+0000][7][gc,heap     ] GC(494) Humongous regions: 0->0
[2024-02-27T22:31:33.031+0000][7][gc,metaspace] GC(494) Metaspace: 129146K(132736K)->129146K(132736K) NonClass: 112297K(114176K)->112297K(114176K) Class: 16849K(18560K)->16849K(18560K)
[2024-02-27T22:31:33.031+0000][7][gc          ] GC(494) Pause Young (Normal) (G1 Evacuation Pause) 719M->111M(1024M) 2.103ms
[2024-02-27T22:31:33.031+0000][7][gc,cpu      ] GC(494) User=0.01s Sys=0.00s Real=0.00s
[2024-02-27T22:31:33.031+0000][7][safepoint   ] Safepoint "G1CollectForAllocation", Time since last: 155557842060 ns, Reaching safepoint: 33885 ns, At safepoint: 2173601 ns, Total: 2207486 ns
[2024-02-27T22:33:15.044+0000][7][safepoint   ] Safepoint "Cleanup", Time since last: 102012820175 ns, Reaching safepoint: 109796 ns, At safepoint: 7978 ns, Total: 117774 ns
[2024-02-27T22:33:59.360+0000][7][gc,start    ] GC(495) Pause Young (Normal) (G1 Evacuation Pause)
[2024-02-27T22:33:59.360+0000][7][gc,task     ] GC(495) Using 8 workers of 8 for evacuation
[2024-02-27T22:33:59.360+0000][7][gc,age      ] GC(495) Desired survivor size 41943040 bytes, new threshold 15 (max threshold 15)
[2024-02-27T22:33:59.363+0000][7][gc,phases   ] GC(495)   Pre Evacuate Collection Set: 0.2ms
[2024-02-27T22:33:59.363+0000][7][gc,phases   ] GC(495)   Merge Heap Roots: 0.1ms
[2024-02-27T22:33:59.363+0000][7][gc,phases   ] GC(495)   Evacuate Collection Set: 1.5ms
[2024-02-27T22:33:59.363+0000][7][gc,phases   ] GC(495)   Post Evacuate Collection Set: 0.8ms
[2024-02-27T22:33:59.363+0000][7][gc,phases   ] GC(495)   Other: 0.1ms
[2024-02-27T22:33:59.363+0000][7][gc,age      ] GC(495) Age table with threshold 15 (max threshold 15)
[2024-02-27T22:33:59.363+0000][7][gc,age      ] GC(495) - age   1:     593640 bytes,     593640 total
[2024-02-27T22:33:59.363+0000][7][gc,age      ] GC(495) - age   2:     152688 bytes,     746328 total
[2024-02-27T22:33:59.363+0000][7][gc,age      ] GC(495) - age   3:        696 bytes,     747024 total
[2024-02-27T22:33:59.363+0000][7][gc,age      ] GC(495) - age   4:      21296 bytes,     768320 total
[2024-02-27T22:33:59.363+0000][7][gc,age      ] GC(495) - age   5:       2320 bytes,     770640 total
[2024-02-27T22:33:59.363+0000][7][gc,age      ] GC(495) - age   6:       8544 bytes,     779184 total
[2024-02-27T22:33:59.363+0000][7][gc,age      ] GC(495) - age   7:     139744 bytes,     918928 total
[2024-02-27T22:33:59.363+0000][7][gc,age      ] GC(495) - age   8:        232 bytes,     919160 total
[2024-02-27T22:33:59.363+0000][7][gc,age      ] GC(495) - age   9:         24 bytes,     919184 total
[2024-02-27T22:33:59.363+0000][7][gc,age      ] GC(495) - age  10:       3744 bytes,     922928 total
[2024-02-27T22:33:59.363+0000][7][gc,age      ] GC(495) - age  11:       2544 bytes,     925472 total
[2024-02-27T22:33:59.363+0000][7][gc,age      ] GC(495) - age  12:     588632 bytes,    1514104 total
[2024-02-27T22:33:59.363+0000][7][gc,age      ] GC(495) - age  14:      93632 bytes,    1607736 total
[2024-02-27T22:33:59.363+0000][7][gc,age      ] GC(495) - age  15:        184 bytes,    1607920 total
[2024-02-27T22:33:59.363+0000][7][gc,heap     ] GC(495) Eden regions: 152->0(152)
[2024-02-27T22:33:59.363+0000][7][gc,heap     ] GC(495) Survivor regions: 1->1(20)
[2024-02-27T22:33:59.363+0000][7][gc,heap     ] GC(495) Old regions: 27->27
[2024-02-27T22:33:59.363+0000][7][gc,heap     ] GC(495) Archive regions: 2->2
[2024-02-27T22:33:59.363+0000][7][gc,heap     ] GC(495) Humongous regions: 0->0
[2024-02-27T22:33:59.363+0000][7][gc,metaspace] GC(495) Metaspace: 129397K(133056K)->129397K(133056K) NonClass: 112498K(114432K)->112498K(114432K) Class: 16898K(18624K)->16898K(18624K)
[2024-02-27T22:33:59.363+0000][7][gc          ] GC(495) Pause Young (Normal) (G1 Evacuation Pause) 719M->110M(1024M) 3.009ms
[2024-02-27T22:33:59.363+0000][7][gc,cpu      ] GC(495) User=0.01s Sys=0.00s Real=0.00s
[2024-02-27T22:33:59.363+0000][7][safepoint   ] Safepoint "G1CollectForAllocation", Time since last: 44316607715 ns, Reaching safepoint: 61659 ns, At safepoint: 3131683 ns, Total: 3193342 ns
[2024-02-27T22:36:44.400+0000][7][gc,start    ] GC(496) Pause Young (Normal) (G1 Evacuation Pause)
[2024-02-27T22:36:44.400+0000][7][gc,task     ] GC(496) Using 8 workers of 8 for evacuation
[2024-02-27T22:36:44.400+0000][7][gc,age      ] GC(496) Desired survivor size 41943040 bytes, new threshold 15 (max threshold 15)
[2024-02-27T22:36:44.402+0000][7][gc,phases   ] GC(496)   Pre Evacuate Collection Set: 0.1ms
[2024-02-27T22:36:44.402+0000][7][gc,phases   ] GC(496)   Merge Heap Roots: 0.1ms
[2024-02-27T22:36:44.402+0000][7][gc,phases   ] GC(496)   Evacuate Collection Set: 1.1ms
[2024-02-27T22:36:44.402+0000][7][gc,phases   ] GC(496)   Post Evacuate Collection Set: 0.6ms
[2024-02-27T22:36:44.402+0000][7][gc,phases   ] GC(496)   Other: 0.1ms
[2024-02-27T22:36:44.402+0000][7][gc,age      ] GC(496) Age table with threshold 15 (max threshold 15)
[2024-02-27T22:36:44.402+0000][7][gc,age      ] GC(496) - age   1:     537792 bytes,     537792 total
[2024-02-27T22:36:44.402+0000][7][gc,age      ] GC(496) - age   2:     135408 bytes,     673200 total
[2024-02-27T22:36:44.402+0000][7][gc,age      ] GC(496) - age   3:     149800 bytes,     823000 total
[2024-02-27T22:36:44.402+0000][7][gc,age      ] GC(496) - age   4:        376 bytes,     823376 total
[2024-02-27T22:36:44.402+0000][7][gc,age      ] GC(496) - age   5:      20416 bytes,     843792 total
[2024-02-27T22:36:44.402+0000][7][gc,age      ] GC(496) - age   6:       2128 bytes,     845920 total
[2024-02-27T22:36:44.402+0000][7][gc,age      ] GC(496) - age   7:       8544 bytes,     854464 total
[2024-02-27T22:36:44.402+0000][7][gc,age      ] GC(496) - age   8:     139744 bytes,     994208 total
[2024-02-27T22:36:44.402+0000][7][gc,age      ] GC(496) - age   9:        200 bytes,     994408 total
[2024-02-27T22:36:44.402+0000][7][gc,age      ] GC(496) - age  10:         24 bytes,     994432 total
[2024-02-27T22:36:44.402+0000][7][gc,age      ] GC(496) - age  11:       3680 bytes,     998112 total
[2024-02-27T22:36:44.402+0000][7][gc,age      ] GC(496) - age  12:       2360 bytes,    1000472 total
[2024-02-27T22:36:44.402+0000][7][gc,age      ] GC(496) - age  13:     588632 bytes,    1589104 total
[2024-02-27T22:36:44.402+0000][7][gc,age      ] GC(496) - age  15:      93632 bytes,    1682736 total
[2024-02-27T22:36:44.402+0000][7][gc,heap     ] GC(496) Eden regions: 152->0(152)
[2024-02-27T22:36:44.402+0000][7][gc,heap     ] GC(496) Survivor regions: 1->1(20)
[2024-02-27T22:36:44.402+0000][7][gc,heap     ] GC(496) Old regions: 27->27
[2024-02-27T22:36:44.402+0000][7][gc,heap     ] GC(496) Archive regions: 2->2
[2024-02-27T22:36:44.402+0000][7][gc,heap     ] GC(496) Humongous regions: 0->0
[2024-02-27T22:36:44.402+0000][7][gc,metaspace] GC(496) Metaspace: 129397K(133056K)->129397K(133056K) NonClass: 112498K(114432K)->112498K(114432K) Class: 16898K(18624K)->16898K(18624K)
[2024-02-27T22:36:44.402+0000][7][gc          ] GC(496) Pause Young (Normal) (G1 Evacuation Pause) 718M->110M(1024M) 2.278ms
[2024-02-27T22:36:44.402+0000][7][gc,cpu      ] GC(496) User=0.01s Sys=0.00s Real=0.00s
[2024-02-27T22:36:44.402+0000][7][safepoint   ] Safepoint "G1CollectForAllocation", Time since last: 165036303954 ns, Reaching safepoint: 47533 ns, At safepoint: 2368418 ns, Total: 2415951 ns
[2024-02-27T22:39:08.389+0000][7][gc,start    ] GC(497) Pause Young (Normal) (G1 Evacuation Pause)
[2024-02-27T22:39:08.389+0000][7][gc,task     ] GC(497) Using 8 workers of 8 for evacuation
[2024-02-27T22:39:08.389+0000][7][gc,age      ] GC(497) Desired survivor size 41943040 bytes, new threshold 15 (max threshold 15)
[2024-02-27T22:39:08.391+0000][7][gc,phases   ] GC(497)   Pre Evacuate Collection Set: 0.1ms
[2024-02-27T22:39:08.392+0000][7][gc,phases   ] GC(497)   Merge Heap Roots: 0.1ms
[2024-02-27T22:39:08.392+0000][7][gc,phases   ] GC(497)   Evacuate Collection Set: 1.8ms
[2024-02-27T22:39:08.392+0000][7][gc,phases   ] GC(497)   Post Evacuate Collection Set: 0.7ms
[2024-02-27T22:39:08.392+0000][7][gc,phases   ] GC(497)   Other: 0.1ms
[2024-02-27T22:39:08.392+0000][7][gc,age      ] GC(497) Age table with threshold 15 (max threshold 15)
[2024-02-27T22:39:08.392+0000][7][gc,age      ] GC(497) - age   1:    1150112 bytes,    1150112 total
[2024-02-27T22:39:08.392+0000][7][gc,age      ] GC(497) - age   2:      26344 bytes,    1176456 total
[2024-02-27T22:39:08.392+0000][7][gc,age      ] GC(497) - age   3:     133496 bytes,    1309952 total
[2024-02-27T22:39:08.392+0000][7][gc,age      ] GC(497) - age   4:     149480 bytes,    1459432 total
[2024-02-27T22:39:08.392+0000][7][gc,age      ] GC(497) - age   5:        248 bytes,    1459680 total
[2024-02-27T22:39:08.392+0000][7][gc,age      ] GC(497) - age   6:      20056 bytes,    1479736 total
[2024-02-27T22:39:08.392+0000][7][gc,age      ] GC(497) - age   7:       2128 bytes,    1481864 total
[2024-02-27T22:39:08.392+0000][7][gc,age      ] GC(497) - age   8:       8544 bytes,    1490408 total
[2024-02-27T22:39:08.392+0000][7][gc,age      ] GC(497) - age   9:     139744 bytes,    1630152 total
[2024-02-27T22:39:08.392+0000][7][gc,age      ] GC(497) - age  10:        200 bytes,    1630352 total
[2024-02-27T22:39:08.392+0000][7][gc,age      ] GC(497) - age  11:         24 bytes,    1630376 total
[2024-02-27T22:39:08.392+0000][7][gc,age      ] GC(497) - age  12:       3680 bytes,    1634056 total
[2024-02-27T22:39:08.392+0000][7][gc,age      ] GC(497) - age  13:       2360 bytes,    1636416 total
[2024-02-27T22:39:08.392+0000][7][gc,age      ] GC(497) - age  14:     588632 bytes,    2225048 total
[2024-02-27T22:39:08.392+0000][7][gc,heap     ] GC(497) Eden regions: 152->0(152)
[2024-02-27T22:39:08.392+0000][7][gc,heap     ] GC(497) Survivor regions: 1->1(20)
[2024-02-27T22:39:08.392+0000][7][gc,heap     ] GC(497) Old regions: 27->27
[2024-02-27T22:39:08.392+0000][7][gc,heap     ] GC(497) Archive regions: 2->2
[2024-02-27T22:39:08.392+0000][7][gc,heap     ] GC(497) Humongous regions: 0->0
[2024-02-27T22:39:08.392+0000][7][gc,metaspace] GC(497) Metaspace: 129397K(133056K)->129397K(133056K) NonClass: 112498K(114432K)->112498K(114432K) Class: 16898K(18624K)->16898K(18624K)
[2024-02-27T22:39:08.392+0000][7][gc          ] GC(497) Pause Young (Normal) (G1 Evacuation Pause) 718M->111M(1024M) 3.159ms
[2024-02-27T22:39:08.392+0000][7][gc,cpu      ] GC(497) User=0.01s Sys=0.00s Real=0.00s
[2024-02-27T22:39:08.392+0000][7][safepoint   ] Safepoint "G1CollectForAllocation", Time since last: 143986361098 ns, Reaching safepoint: 75463 ns, At safepoint: 3260871 ns, Total: 3336334 ns
[2024-02-27T22:41:09.042+0000][7][gc,start    ] GC(498) Pause Young (Normal) (G1 Evacuation Pause)
[2024-02-27T22:41:09.042+0000][7][gc,task     ] GC(498) Using 8 workers of 8 for evacuation
[2024-02-27T22:41:09.042+0000][7][gc,age      ] GC(498) Desired survivor size 41943040 bytes, new threshold 15 (max threshold 15)
[2024-02-27T22:41:09.044+0000][7][gc,phases   ] GC(498)   Pre Evacuate Collection Set: 0.1ms
[2024-02-27T22:41:09.044+0000][7][gc,phases   ] GC(498)   Merge Heap Roots: 0.1ms
[2024-02-27T22:41:09.044+0000][7][gc,phases   ] GC(498)   Evacuate Collection Set: 1.2ms
[2024-02-27T22:41:09.044+0000][7][gc,phases   ] GC(498)   Post Evacuate Collection Set: 0.5ms
[2024-02-27T22:41:09.044+0000][7][gc,phases   ] GC(498)   Other: 0.1ms
[2024-02-27T22:41:09.044+0000][7][gc,age      ] GC(498) Age table with threshold 15 (max threshold 15)
[2024-02-27T22:41:09.044+0000][7][gc,age      ] GC(498) - age   1:    1695472 bytes,    1695472 total
[2024-02-27T22:41:09.044+0000][7][gc,age      ] GC(498) - age   2:      17056 bytes,    1712528 total
[2024-02-27T22:41:09.044+0000][7][gc,age      ] GC(498) - age   3:      21888 bytes,    1734416 total
[2024-02-27T22:41:09.044+0000][7][gc,age      ] GC(498) - age   4:     133112 bytes,    1867528 total
[2024-02-27T22:41:09.044+0000][7][gc,age      ] GC(498) - age   5:     145896 bytes,    2013424 total
[2024-02-27T22:41:09.044+0000][7][gc,age      ] GC(498) - age   6:        248 bytes,    2013672 total
[2024-02-27T22:41:09.044+0000][7][gc,age      ] GC(498) - age   7:       3768 bytes,    2017440 total
[2024-02-27T22:41:09.044+0000][7][gc,age      ] GC(498) - age   8:       2128 bytes,    2019568 total
[2024-02-27T22:41:09.044+0000][7][gc,age      ] GC(498) - age   9:       8544 bytes,    2028112 total
[2024-02-27T22:41:09.044+0000][7][gc,age      ] GC(498) - age  10:     139744 bytes,    2167856 total
[2024-02-27T22:41:09.044+0000][7][gc,age      ] GC(498) - age  11:        200 bytes,    2168056 total
[2024-02-27T22:41:09.044+0000][7][gc,age      ] GC(498) - age  12:         24 bytes,    2168080 total
[2024-02-27T22:41:09.044+0000][7][gc,age      ] GC(498) - age  13:       3680 bytes,    2171760 total
[2024-02-27T22:41:09.044+0000][7][gc,age      ] GC(498) - age  14:       2360 bytes,    2174120 total
[2024-02-27T22:41:09.044+0000][7][gc,age      ] GC(498) - age  15:     588632 bytes,    2762752 total
[2024-02-27T22:41:09.044+0000][7][gc,heap     ] GC(498) Eden regions: 152->0(152)
[2024-02-27T22:41:09.044+0000][7][gc,heap     ] GC(498) Survivor regions: 1->1(20)
[2024-02-27T22:41:09.044+0000][7][gc,heap     ] GC(498) Old regions: 27->27
[2024-02-27T22:41:09.044+0000][7][gc,heap     ] GC(498) Archive regions: 2->2
[2024-02-27T22:41:09.044+0000][7][gc,heap     ] GC(498) Humongous regions: 0->0
[2024-02-27T22:41:09.044+0000][7][gc,metaspace] GC(498) Metaspace: 129397K(133056K)->129397K(133056K) NonClass: 112498K(114432K)->112498K(114432K) Class: 16898K(18624K)->16898K(18624K)
[2024-02-27T22:41:09.044+0000][7][gc          ] GC(498) Pause Young (Normal) (G1 Evacuation Pause) 719M->111M(1024M) 2.173ms
[2024-02-27T22:41:09.044+0000][7][gc,cpu      ] GC(498) User=0.01s Sys=0.00s Real=0.00s
[2024-02-27T22:41:09.044+0000][7][safepoint   ] Safepoint "G1CollectForAllocation", Time since last: 120649898377 ns, Reaching safepoint: 34084 ns, At safepoint: 2241721 ns, Total: 2275805 ns
[2024-02-27T22:43:23.435+0000][7][gc,start    ] GC(499) Pause Young (Normal) (G1 Evacuation Pause)
[2024-02-27T22:43:23.435+0000][7][gc,task     ] GC(499) Using 8 workers of 8 for evacuation
[2024-02-27T22:43:23.435+0000][7][gc,age      ] GC(499) Desired survivor size 41943040 bytes, new threshold 15 (max threshold 15)
[2024-02-27T22:43:23.438+0000][7][gc,phases   ] GC(499)   Pre Evacuate Collection Set: 0.1ms
[2024-02-27T22:43:23.438+0000][7][gc,phases   ] GC(499)   Merge Heap Roots: 0.1ms
[2024-02-27T22:43:23.438+0000][7][gc,phases   ] GC(499)   Evacuate Collection Set: 1.3ms
[2024-02-27T22:43:23.438+0000][7][gc,phases   ] GC(499)   Post Evacuate Collection Set: 0.6ms
[2024-02-27T22:43:23.438+0000][7][gc,phases   ] GC(499)   Other: 0.1ms
[2024-02-27T22:43:23.438+0000][7][gc,age      ] GC(499) Age table with threshold 15 (max threshold 15)
[2024-02-27T22:43:23.438+0000][7][gc,age      ] GC(499) - age   1:     704536 bytes,     704536 total
[2024-02-27T22:43:23.438+0000][7][gc,age      ] GC(499) - age   2:       7752 bytes,     712288 total
[2024-02-27T22:43:23.438+0000][7][gc,age      ] GC(499) - age   3:      14936 bytes,     727224 total
[2024-02-27T22:43:23.438+0000][7][gc,age      ] GC(499) - age   4:      21440 bytes,     748664 total
[2024-02-27T22:43:23.438+0000][7][gc,age      ] GC(499) - age   5:     133112 bytes,     881776 total
[2024-02-27T22:43:23.438+0000][7][gc,age      ] GC(499) - age   6:     145896 bytes,    1027672 total
[2024-02-27T22:43:23.438+0000][7][gc,age      ] GC(499) - age   8:       3704 bytes,    1031376 total
[2024-02-27T22:43:23.438+0000][7][gc,age      ] GC(499) - age   9:       2128 bytes,    1033504 total
[2024-02-27T22:43:23.438+0000][7][gc,age      ] GC(499) - age  10:       8544 bytes,    1042048 total
[2024-02-27T22:43:23.438+0000][7][gc,age      ] GC(499) - age  11:     139744 bytes,    1181792 total
[2024-02-27T22:43:23.438+0000][7][gc,age      ] GC(499) - age  12:        200 bytes,    1181992 total
[2024-02-27T22:43:23.438+0000][7][gc,age      ] GC(499) - age  13:         24 bytes,    1182016 total
[2024-02-27T22:43:23.438+0000][7][gc,age      ] GC(499) - age  14:       3680 bytes,    1185696 total
[2024-02-27T22:43:23.438+0000][7][gc,age      ] GC(499) - age  15:       2360 bytes,    1188056 total
[2024-02-27T22:43:23.438+0000][7][gc,heap     ] GC(499) Eden regions: 152->0(152)
[2024-02-27T22:43:23.438+0000][7][gc,heap     ] GC(499) Survivor regions: 1->1(20)
[2024-02-27T22:43:23.438+0000][7][gc,heap     ] GC(499) Old regions: 27->27
[2024-02-27T22:43:23.438+0000][7][gc,heap     ] GC(499) Archive regions: 2->2
[2024-02-27T22:43:23.438+0000][7][gc,heap     ] GC(499) Humongous regions: 0->0
[2024-02-27T22:43:23.438+0000][7][gc,metaspace] GC(499) Metaspace: 129397K(133056K)->129397K(133056K) NonClass: 112498K(114432K)->112498K(114432K) Class: 16898K(18624K)->16898K(18624K)
[2024-02-27T22:43:23.438+0000][7][gc          ] GC(499) Pause Young (Normal) (G1 Evacuation Pause) 719M->110M(1024M) 2.476ms
[2024-02-27T22:43:23.438+0000][7][gc,cpu      ] GC(499) User=0.01s Sys=0.00s Real=0.00s
[2024-02-27T22:43:23.438+0000][7][safepoint   ] Safepoint "G1CollectForAllocation", Time since last: 134391259994 ns, Reaching safepoint: 62396 ns, At safepoint: 2563395 ns, Total: 2625791 ns
[2024-02-27T22:45:56.957+0000][7][gc,start    ] GC(500) Pause Young (Normal) (G1 Evacuation Pause)
[2024-02-27T22:45:56.957+0000][7][gc,task     ] GC(500) Using 8 workers of 8 for evacuation
[2024-02-27T22:45:56.957+0000][7][gc,age      ] GC(500) Desired survivor size 41943040 bytes, new threshold 15 (max threshold 15)
[2024-02-27T22:45:56.960+0000][7][gc,phases   ] GC(500)   Pre Evacuate Collection Set: 0.1ms
[2024-02-27T22:45:56.960+0000][7][gc,phases   ] GC(500)   Merge Heap Roots: 0.1ms
[2024-02-27T22:45:56.960+0000][7][gc,phases   ] GC(500)   Evacuate Collection Set: 1.7ms
[2024-02-27T22:45:56.960+0000][7][gc,phases   ] GC(500)   Post Evacuate Collection Set: 0.9ms
[2024-02-27T22:45:56.960+0000][7][gc,phases   ] GC(500)   Other: 0.1ms
[2024-02-27T22:45:56.960+0000][7][gc,age      ] GC(500) Age table with threshold 15 (max threshold 15)
[2024-02-27T22:45:56.960+0000][7][gc,age      ] GC(500) - age   1:    1136448 bytes,    1136448 total
[2024-02-27T22:45:56.960+0000][7][gc,age      ] GC(500) - age   2:       2976 bytes,    1139424 total
[2024-02-27T22:45:56.960+0000][7][gc,age      ] GC(500) - age   3:       4152 bytes,    1143576 total
[2024-02-27T22:45:56.960+0000][7][gc,age      ] GC(500) - age   4:      14232 bytes,    1157808 total
[2024-02-27T22:45:56.960+0000][7][gc,age      ] GC(500) - age   5:      20728 bytes,    1178536 total
[2024-02-27T22:45:56.960+0000][7][gc,age      ] GC(500) - age   6:     133112 bytes,    1311648 total
[2024-02-27T22:45:56.960+0000][7][gc,age      ] GC(500) - age   7:     145472 bytes,    1457120 total
[2024-02-27T22:45:56.960+0000][7][gc,age      ] GC(500) - age   9:       3672 bytes,    1460792 total
[2024-02-27T22:45:56.960+0000][7][gc,age      ] GC(500) - age  10:       2128 bytes,    1462920 total
[2024-02-27T22:45:56.960+0000][7][gc,age      ] GC(500) - age  11:       8544 bytes,    1471464 total
[2024-02-27T22:45:56.960+0000][7][gc,age      ] GC(500) - age  12:     139744 bytes,    1611208 total
[2024-02-27T22:45:56.960+0000][7][gc,age      ] GC(500) - age  13:        200 bytes,    1611408 total
[2024-02-27T22:45:56.960+0000][7][gc,age      ] GC(500) - age  14:         24 bytes,    1611432 total
[2024-02-27T22:45:56.960+0000][7][gc,age      ] GC(500) - age  15:       3680 bytes,    1615112 total
[2024-02-27T22:45:56.960+0000][7][gc,heap     ] GC(500) Eden regions: 152->0(152)
[2024-02-27T22:45:56.960+0000][7][gc,heap     ] GC(500) Survivor regions: 1->1(20)
[2024-02-27T22:45:56.960+0000][7][gc,heap     ] GC(500) Old regions: 27->27
[2024-02-27T22:45:56.960+0000][7][gc,heap     ] GC(500) Archive regions: 2->2
[2024-02-27T22:45:56.960+0000][7][gc,heap     ] GC(500) Humongous regions: 0->0
[2024-02-27T22:45:56.960+0000][7][gc,metaspace] GC(500) Metaspace: 129397K(133056K)->129397K(133056K) NonClass: 112498K(114432K)->112498K(114432K) Class: 16898K(18624K)->16898K(18624K)
[2024-02-27T22:45:56.960+0000][7][gc          ] GC(500) Pause Young (Normal) (G1 Evacuation Pause) 718M->111M(1024M) 3.343ms
[2024-02-27T22:45:56.960+0000][7][gc,cpu      ] GC(500) User=0.02s Sys=0.01s Real=0.00s
[2024-02-27T22:45:56.960+0000][7][safepoint   ] Safepoint "G1CollectForAllocation", Time since last: 153518627153 ns, Reaching safepoint: 86579 ns, At safepoint: 3475744 ns, Total: 3562323 ns
[2024-02-27T22:48:32.482+0000][7][gc,start    ] GC(501) Pause Young (Normal) (G1 Evacuation Pause)
[2024-02-27T22:48:32.482+0000][7][gc,task     ] GC(501) Using 8 workers of 8 for evacuation
[2024-02-27T22:48:32.482+0000][7][gc,age      ] GC(501) Desired survivor size 41943040 bytes, new threshold 15 (max threshold 15)
[2024-02-27T22:48:32.484+0000][7][gc,phases   ] GC(501)   Pre Evacuate Collection Set: 0.1ms
[2024-02-27T22:48:32.484+0000][7][gc,phases   ] GC(501)   Merge Heap Roots: 0.1ms
[2024-02-27T22:48:32.484+0000][7][gc,phases   ] GC(501)   Evacuate Collection Set: 1.2ms
[2024-02-27T22:48:32.484+0000][7][gc,phases   ] GC(501)   Post Evacuate Collection Set: 0.6ms
[2024-02-27T22:48:32.484+0000][7][gc,phases   ] GC(501)   Other: 0.1ms
[2024-02-27T22:48:32.484+0000][7][gc,age      ] GC(501) Age table with threshold 15 (max threshold 15)
[2024-02-27T22:48:32.484+0000][7][gc,age      ] GC(501) - age   1:     725864 bytes,     725864 total
[2024-02-27T22:48:32.484+0000][7][gc,age      ] GC(501) - age   2:       5024 bytes,     730888 total
[2024-02-27T22:48:32.484+0000][7][gc,age      ] GC(501) - age   3:        472 bytes,     731360 total
[2024-02-27T22:48:32.484+0000][7][gc,age      ] GC(501) - age   4:       3520 bytes,     734880 total
[2024-02-27T22:48:32.484+0000][7][gc,age      ] GC(501) - age   5:      14168 bytes,     749048 total
[2024-02-27T22:48:32.484+0000][7][gc,age      ] GC(501) - age   6:      20640 bytes,     769688 total
[2024-02-27T22:48:32.484+0000][7][gc,age      ] GC(501) - age   7:     133112 bytes,     902800 total
[2024-02-27T22:48:32.484+0000][7][gc,age      ] GC(501) - age   8:     145472 bytes,    1048272 total
[2024-02-27T22:48:32.484+0000][7][gc,age      ] GC(501) - age  10:       3672 bytes,    1051944 total
[2024-02-27T22:48:32.484+0000][7][gc,age      ] GC(501) - age  11:       2128 bytes,    1054072 total
[2024-02-27T22:48:32.484+0000][7][gc,age      ] GC(501) - age  12:       8544 bytes,    1062616 total
[2024-02-27T22:48:32.484+0000][7][gc,age      ] GC(501) - age  13:     139744 bytes,    1202360 total
[2024-02-27T22:48:32.484+0000][7][gc,age      ] GC(501) - age  14:        200 bytes,    1202560 total
[2024-02-27T22:48:32.484+0000][7][gc,age      ] GC(501) - age  15:         24 bytes,    1202584 total
[2024-02-27T22:48:32.484+0000][7][gc,heap     ] GC(501) Eden regions: 152->0(152)
[2024-02-27T22:48:32.484+0000][7][gc,heap     ] GC(501) Survivor regions: 1->1(20)
[2024-02-27T22:48:32.484+0000][7][gc,heap     ] GC(501) Old regions: 27->27
[2024-02-27T22:48:32.484+0000][7][gc,heap     ] GC(501) Archive regions: 2->2
[2024-02-27T22:48:32.484+0000][7][gc,heap     ] GC(501) Humongous regions: 0->0
[2024-02-27T22:48:32.484+0000][7][gc,metaspace] GC(501) Metaspace: 129397K(133056K)->129397K(133056K) NonClass: 112498K(114432K)->112498K(114432K) Class: 16898K(18624K)->16898K(18624K)
[2024-02-27T22:48:32.484+0000][7][gc          ] GC(501) Pause Young (Normal) (G1 Evacuation Pause) 719M->110M(1024M) 2.309ms
[2024-02-27T22:48:32.484+0000][7][gc,cpu      ] GC(501) User=0.01s Sys=0.00s Real=0.01s
[2024-02-27T22:48:32.484+0000][7][safepoint   ] Safepoint "G1CollectForAllocation", Time since last: 155521992662 ns, Reaching safepoint: 52986 ns, At safepoint: 2401496 ns, Total: 2454482 ns
[2024-02-27T22:51:05.943+0000][7][gc,start    ] GC(502) Pause Young (Normal) (G1 Evacuation Pause)
[2024-02-27T22:51:05.943+0000][7][gc,task     ] GC(502) Using 8 workers of 8 for evacuation
[2024-02-27T22:51:05.943+0000][7][gc,age      ] GC(502) Desired survivor size 41943040 bytes, new threshold 15 (max threshold 15)
[2024-02-27T22:51:05.946+0000][7][gc,phases   ] GC(502)   Pre Evacuate Collection Set: 0.1ms
[2024-02-27T22:51:05.946+0000][7][gc,phases   ] GC(502)   Merge Heap Roots: 0.1ms
[2024-02-27T22:51:05.946+0000][7][gc,phases   ] GC(502)   Evacuate Collection Set: 1.7ms
[2024-02-27T22:51:05.946+0000][7][gc,phases   ] GC(502)   Post Evacuate Collection Set: 1.1ms
[2024-02-27T22:51:05.946+0000][7][gc,phases   ] GC(502)   Other: 0.1ms
[2024-02-27T22:51:05.946+0000][7][gc,age      ] GC(502) Age table with threshold 15 (max threshold 15)
[2024-02-27T22:51:05.946+0000][7][gc,age      ] GC(502) - age   1:    1041672 bytes,    1041672 total
[2024-02-27T22:51:05.946+0000][7][gc,age      ] GC(502) - age   2:       3224 bytes,    1044896 total
[2024-02-27T22:51:05.946+0000][7][gc,age      ] GC(502) - age   3:       2688 bytes,    1047584 total
[2024-02-27T22:51:05.946+0000][7][gc,age      ] GC(502) - age   4:        312 bytes,    1047896 total
[2024-02-27T22:51:05.946+0000][7][gc,age      ] GC(502) - age   6:      14168 bytes,    1062064 total
[2024-02-27T22:51:05.946+0000][7][gc,age      ] GC(502) - age   7:      20456 bytes,    1082520 total
[2024-02-27T22:51:05.946+0000][7][gc,age      ] GC(502) - age   8:     132544 bytes,    1215064 total
[2024-02-27T22:51:05.946+0000][7][gc,age      ] GC(502) - age   9:     145088 bytes,    1360152 total
[2024-02-27T22:51:05.946+0000][7][gc,age      ] GC(502) - age  11:       3672 bytes,    1363824 total
[2024-02-27T22:51:05.946+0000][7][gc,age      ] GC(502) - age  12:       2128 bytes,    1365952 total
[2024-02-27T22:51:05.946+0000][7][gc,age      ] GC(502) - age  13:       8544 bytes,    1374496 total
[2024-02-27T22:51:05.946+0000][7][gc,age      ] GC(502) - age  14:     139744 bytes,    1514240 total
[2024-02-27T22:51:05.946+0000][7][gc,age      ] GC(502) - age  15:         16 bytes,    1514256 total
[2024-02-27T22:51:05.946+0000][7][gc,heap     ] GC(502) Eden regions: 152->0(152)
[2024-02-27T22:51:05.946+0000][7][gc,heap     ] GC(502) Survivor regions: 1->1(20)
[2024-02-27T22:51:05.946+0000][7][gc,heap     ] GC(502) Old regions: 27->27
[2024-02-27T22:51:05.947+0000][7][gc,heap     ] GC(502) Archive regions: 2->2
[2024-02-27T22:51:05.947+0000][7][gc,heap     ] GC(502) Humongous regions: 0->0
[2024-02-27T22:51:05.947+0000][7][gc,metaspace] GC(502) Metaspace: 129397K(133056K)->129397K(133056K) NonClass: 112498K(114432K)->112498K(114432K) Class: 16898K(18624K)->16898K(18624K)
[2024-02-27T22:51:05.947+0000][7][gc          ] GC(502) Pause Young (Normal) (G1 Evacuation Pause) 718M->111M(1024M) 3.428ms
[2024-02-27T22:51:05.947+0000][7][gc,cpu      ] GC(502) User=0.02s Sys=0.00s Real=0.01s
[2024-02-27T22:51:05.947+0000][7][safepoint   ] Safepoint "G1CollectForAllocation", Time since last: 153458504838 ns, Reaching safepoint: 88780 ns, At safepoint: 3531827 ns, Total: 3620607 ns
[2024-02-27T22:52:44.957+0000][7][safepoint   ] Safepoint "Cleanup", Time since last: 99010423743 ns, Reaching safepoint: 95428 ns, At safepoint: 10226 ns, Total: 105654 ns
[2024-02-27T22:53:45.422+0000][7][gc,start    ] GC(503) Pause Young (Normal) (G1 Evacuation Pause)
[2024-02-27T22:53:45.422+0000][7][gc,task     ] GC(503) Using 8 workers of 8 for evacuation
[2024-02-27T22:53:45.422+0000][7][gc,age      ] GC(503) Desired survivor size 41943040 bytes, new threshold 15 (max threshold 15)
[2024-02-27T22:53:45.426+0000][7][gc,phases   ] GC(503)   Pre Evacuate Collection Set: 0.3ms
[2024-02-27T22:53:45.426+0000][7][gc,phases   ] GC(503)   Merge Heap Roots: 0.1ms
[2024-02-27T22:53:45.426+0000][7][gc,phases   ] GC(503)   Evacuate Collection Set: 1.9ms
[2024-02-27T22:53:45.426+0000][7][gc,phases   ] GC(503)   Post Evacuate Collection Set: 1.2ms
[2024-02-27T22:53:45.426+0000][7][gc,phases   ] GC(503)   Other: 0.1ms
[2024-02-27T22:53:45.426+0000][7][gc,age      ] GC(503) Age table with threshold 15 (max threshold 15)
[2024-02-27T22:53:45.426+0000][7][gc,age      ] GC(503) - age   1:    1138984 bytes,    1138984 total
[2024-02-27T22:53:45.426+0000][7][gc,age      ] GC(503) - age   2:       7560 bytes,    1146544 total
[2024-02-27T22:53:45.426+0000][7][gc,age      ] GC(503) - age   3:        992 bytes,    1147536 total
[2024-02-27T22:53:45.426+0000][7][gc,age      ] GC(503) - age   4:       1816 bytes,    1149352 total
[2024-02-27T22:53:45.426+0000][7][gc,age      ] GC(503) - age   5:        248 bytes,    1149600 total
[2024-02-27T22:53:45.426+0000][7][gc,age      ] GC(503) - age   7:      14168 bytes,    1163768 total
[2024-02-27T22:53:45.426+0000][7][gc,age      ] GC(503) - age   8:      20456 bytes,    1184224 total
[2024-02-27T22:53:45.426+0000][7][gc,age      ] GC(503) - age   9:     132424 bytes,    1316648 total
[2024-02-27T22:53:45.426+0000][7][gc,age      ] GC(503) - age  10:     145088 bytes,    1461736 total
[2024-02-27T22:53:45.426+0000][7][gc,age      ] GC(503) - age  12:       3672 bytes,    1465408 total
[2024-02-27T22:53:45.426+0000][7][gc,age      ] GC(503) - age  13:       2128 bytes,    1467536 total
[2024-02-27T22:53:45.426+0000][7][gc,age      ] GC(503) - age  14:       8544 bytes,    1476080 total
[2024-02-27T22:53:45.426+0000][7][gc,age      ] GC(503) - age  15:     139744 bytes,    1615824 total
[2024-02-27T22:53:45.426+0000][7][gc,heap     ] GC(503) Eden regions: 152->0(152)
[2024-02-27T22:53:45.426+0000][7][gc,heap     ] GC(503) Survivor regions: 1->1(20)
[2024-02-27T22:53:45.426+0000][7][gc,heap     ] GC(503) Old regions: 27->27
[2024-02-27T22:53:45.426+0000][7][gc,heap     ] GC(503) Archive regions: 2->2
[2024-02-27T22:53:45.426+0000][7][gc,heap     ] GC(503) Humongous regions: 0->0
[2024-02-27T22:53:45.426+0000][7][gc,metaspace] GC(503) Metaspace: 129397K(133056K)->129397K(133056K) NonClass: 112498K(114432K)->112498K(114432K) Class: 16898K(18624K)->16898K(18624K)
[2024-02-27T22:53:45.426+0000][7][gc          ] GC(503) Pause Young (Normal) (G1 Evacuation Pause) 719M->111M(1024M) 4.031ms
[2024-02-27T22:53:45.426+0000][7][gc,cpu      ] GC(503) User=0.01s Sys=0.00s Real=0.01s
[2024-02-27T22:53:45.426+0000][7][safepoint   ] Safepoint "G1CollectForAllocation", Time since last: 60464955288 ns, Reaching safepoint: 71838 ns, At safepoint: 4147861 ns, Total: 4219699 ns
[2024-02-27T22:56:28.942+0000][7][gc,start    ] GC(504) Pause Young (Normal) (G1 Evacuation Pause)
[2024-02-27T22:56:28.942+0000][7][gc,task     ] GC(504) Using 8 workers of 8 for evacuation
[2024-02-27T22:56:28.942+0000][7][gc,age      ] GC(504) Desired survivor size 41943040 bytes, new threshold 15 (max threshold 15)
[2024-02-27T22:56:28.946+0000][7][gc,phases   ] GC(504)   Pre Evacuate Collection Set: 0.2ms
[2024-02-27T22:56:28.946+0000][7][gc,phases   ] GC(504)   Merge Heap Roots: 0.1ms
[2024-02-27T22:56:28.946+0000][7][gc,phases   ] GC(504)   Evacuate Collection Set: 2.1ms
[2024-02-27T22:56:28.946+0000][7][gc,phases   ] GC(504)   Post Evacuate Collection Set: 1.3ms
[2024-02-27T22:56:28.946+0000][7][gc,phases   ] GC(504)   Other: 0.2ms
[2024-02-27T22:56:28.946+0000][7][gc,age      ] GC(504) Age table with threshold 15 (max threshold 15)
[2024-02-27T22:56:28.946+0000][7][gc,age      ] GC(504) - age   1:     591600 bytes,     591600 total
[2024-02-27T22:56:28.946+0000][7][gc,age      ] GC(504) - age   2:      17192 bytes,     608792 total
[2024-02-27T22:56:28.946+0000][7][gc,age      ] GC(504) - age   3:       5304 bytes,     614096 total
[2024-02-27T22:56:28.946+0000][7][gc,age      ] GC(504) - age   4:        248 bytes,     614344 total
[2024-02-27T22:56:28.946+0000][7][gc,age      ] GC(504) - age   5:        608 bytes,     614952 total
[2024-02-27T22:56:28.946+0000][7][gc,age      ] GC(504) - age   6:        184 bytes,     615136 total
[2024-02-27T22:56:28.946+0000][7][gc,age      ] GC(504) - age   8:      14168 bytes,     629304 total
[2024-02-27T22:56:28.946+0000][7][gc,age      ] GC(504) - age   9:      20424 bytes,     649728 total
[2024-02-27T22:56:28.946+0000][7][gc,age      ] GC(504) - age  10:     132424 bytes,     782152 total
[2024-02-27T22:56:28.946+0000][7][gc,age      ] GC(504) - age  11:     145088 bytes,     927240 total
[2024-02-27T22:56:28.946+0000][7][gc,age      ] GC(504) - age  13:       3672 bytes,     930912 total
[2024-02-27T22:56:28.946+0000][7][gc,age      ] GC(504) - age  14:       2128 bytes,     933040 total
[2024-02-27T22:56:28.946+0000][7][gc,age      ] GC(504) - age  15:       8544 bytes,     941584 total
[2024-02-27T22:56:28.947+0000][7][gc,heap     ] GC(504) Eden regions: 152->0(152)
[2024-02-27T22:56:28.947+0000][7][gc,heap     ] GC(504) Survivor regions: 1->1(20)
[2024-02-27T22:56:28.947+0000][7][gc,heap     ] GC(504) Old regions: 27->27
[2024-02-27T22:56:28.947+0000][7][gc,heap     ] GC(504) Archive regions: 2->2
[2024-02-27T22:56:28.947+0000][7][gc,heap     ] GC(504) Humongous regions: 0->0
[2024-02-27T22:56:28.947+0000][7][gc,metaspace] GC(504) Metaspace: 129397K(133056K)->129397K(133056K) NonClass: 112498K(114432K)->112498K(114432K) Class: 16898K(18624K)->16898K(18624K)
[2024-02-27T22:56:28.947+0000][7][gc          ] GC(504) Pause Young (Normal) (G1 Evacuation Pause) 719M->110M(1024M) 4.256ms
[2024-02-27T22:56:28.947+0000][7][gc,cpu      ] GC(504) User=0.02s Sys=0.00s Real=0.01s
[2024-02-27T22:56:28.947+0000][7][safepoint   ] Safepoint "G1CollectForAllocation", Time since last: 163515894141 ns, Reaching safepoint: 60222 ns, At safepoint: 4369437 ns, Total: 4429659 ns
[2024-02-27T22:58:53.492+0000][7][gc,start    ] GC(505) Pause Young (Normal) (G1 Evacuation Pause)
[2024-02-27T22:58:53.492+0000][7][gc,task     ] GC(505) Using 8 workers of 8 for evacuation
[2024-02-27T22:58:53.492+0000][7][gc,age      ] GC(505) Desired survivor size 41943040 bytes, new threshold 15 (max threshold 15)
[2024-02-27T22:58:53.494+0000][7][gc,phases   ] GC(505)   Pre Evacuate Collection Set: 0.2ms
[2024-02-27T22:58:53.494+0000][7][gc,phases   ] GC(505)   Merge Heap Roots: 0.1ms
[2024-02-27T22:58:53.494+0000][7][gc,phases   ] GC(505)   Evacuate Collection Set: 1.6ms
[2024-02-27T22:58:53.494+0000][7][gc,phases   ] GC(505)   Post Evacuate Collection Set: 0.8ms
[2024-02-27T22:58:53.494+0000][7][gc,phases   ] GC(505)   Other: 0.1ms
[2024-02-27T22:58:53.494+0000][7][gc,age      ] GC(505) Age table with threshold 15 (max threshold 15)
[2024-02-27T22:58:53.494+0000][7][gc,age      ] GC(505) - age   1:    1158448 bytes,    1158448 total
[2024-02-27T22:58:53.494+0000][7][gc,age      ] GC(505) - age   2:       4200 bytes,    1162648 total
[2024-02-27T22:58:53.494+0000][7][gc,age      ] GC(505) - age   3:      15112 bytes,    1177760 total
[2024-02-27T22:58:53.494+0000][7][gc,age      ] GC(505) - age   4:       4224 bytes,    1181984 total
[2024-02-27T22:58:53.494+0000][7][gc,age      ] GC(505) - age   5:        184 bytes,    1182168 total
[2024-02-27T22:58:53.494+0000][7][gc,age      ] GC(505) - age   6:        608 bytes,    1182776 total
[2024-02-27T22:58:53.494+0000][7][gc,age      ] GC(505) - age   7:        184 bytes,    1182960 total
[2024-02-27T22:58:53.494+0000][7][gc,age      ] GC(505) - age   9:      14168 bytes,    1197128 total
[2024-02-27T22:58:53.494+0000][7][gc,age      ] GC(505) - age  10:      20424 bytes,    1217552 total
[2024-02-27T22:58:53.494+0000][7][gc,age      ] GC(505) - age  11:     132424 bytes,    1349976 total
[2024-02-27T22:58:53.494+0000][7][gc,age      ] GC(505) - age  12:     145088 bytes,    1495064 total
[2024-02-27T22:58:53.495+0000][7][gc,age      ] GC(505) - age  14:       3672 bytes,    1498736 total
[2024-02-27T22:58:53.495+0000][7][gc,age      ] GC(505) - age  15:       2128 bytes,    1500864 total
[2024-02-27T22:58:53.495+0000][7][gc,heap     ] GC(505) Eden regions: 152->0(152)
[2024-02-27T22:58:53.495+0000][7][gc,heap     ] GC(505) Survivor regions: 1->1(20)
[2024-02-27T22:58:53.495+0000][7][gc,heap     ] GC(505) Old regions: 27->27
[2024-02-27T22:58:53.495+0000][7][gc,heap     ] GC(505) Archive regions: 2->2
[2024-02-27T22:58:53.495+0000][7][gc,heap     ] GC(505) Humongous regions: 0->0
[2024-02-27T22:58:53.495+0000][7][gc,metaspace] GC(505) Metaspace: 129397K(133056K)->129397K(133056K) NonClass: 112498K(114432K)->112498K(114432K) Class: 16898K(18624K)->16898K(18624K)
[2024-02-27T22:58:53.495+0000][7][gc          ] GC(505) Pause Young (Normal) (G1 Evacuation Pause) 718M->111M(1024M) 3.029ms
[2024-02-27T22:58:53.495+0000][7][gc,cpu      ] GC(505) User=0.01s Sys=0.00s Real=0.01s
[2024-02-27T22:58:53.495+0000][7][safepoint   ] Safepoint "G1CollectForAllocation", Time since last: 144544820108 ns, Reaching safepoint: 46734 ns, At safepoint: 3128858 ns, Total: 3175592 ns
[2024-02-27T23:00:53.976+0000][7][gc,start    ] GC(506) Pause Young (Normal) (G1 Evacuation Pause)
[2024-02-27T23:00:53.976+0000][7][gc,task     ] GC(506) Using 8 workers of 8 for evacuation
[2024-02-27T23:00:53.976+0000][7][gc,age      ] GC(506) Desired survivor size 41943040 bytes, new threshold 15 (max threshold 15)
[2024-02-27T23:00:53.979+0000][7][gc,phases   ] GC(506)   Pre Evacuate Collection Set: 0.1ms
[2024-02-27T23:00:53.979+0000][7][gc,phases   ] GC(506)   Merge Heap Roots: 0.0ms
[2024-02-27T23:00:53.979+0000][7][gc,phases   ] GC(506)   Evacuate Collection Set: 1.5ms
[2024-02-27T23:00:53.979+0000][7][gc,phases   ] GC(506)   Post Evacuate Collection Set: 0.7ms
[2024-02-27T23:00:53.979+0000][7][gc,phases   ] GC(506)   Other: 0.1ms
[2024-02-27T23:00:53.979+0000][7][gc,age      ] GC(506) Age table with threshold 15 (max threshold 15)
[2024-02-27T23:00:53.979+0000][7][gc,age      ] GC(506) - age   1:    1742464 bytes,    1742464 total
[2024-02-27T23:00:53.979+0000][7][gc,age      ] GC(506) - age   2:       4176 bytes,    1746640 total
[2024-02-27T23:00:53.979+0000][7][gc,age      ] GC(506) - age   3:       1824 bytes,    1748464 total
[2024-02-27T23:00:53.979+0000][7][gc,age      ] GC(506) - age   4:      14536 bytes,    1763000 total
[2024-02-27T23:00:53.979+0000][7][gc,age      ] GC(506) - age   5:        640 bytes,    1763640 total
[2024-02-27T23:00:53.979+0000][7][gc,age      ] GC(506) - age   6:        184 bytes,    1763824 total
[2024-02-27T23:00:53.979+0000][7][gc,age      ] GC(506) - age   7:        216 bytes,    1764040 total
[2024-02-27T23:00:53.979+0000][7][gc,age      ] GC(506) - age   8:        184 bytes,    1764224 total
[2024-02-27T23:00:53.979+0000][7][gc,age      ] GC(506) - age  10:      14168 bytes,    1778392 total
[2024-02-27T23:00:53.979+0000][7][gc,age      ] GC(506) - age  11:      20400 bytes,    1798792 total
[2024-02-27T23:00:53.979+0000][7][gc,age      ] GC(506) - age  12:     132424 bytes,    1931216 total
[2024-02-27T23:00:53.979+0000][7][gc,age      ] GC(506) - age  13:     145088 bytes,    2076304 total
[2024-02-27T23:00:53.979+0000][7][gc,age      ] GC(506) - age  15:       3672 bytes,    2079976 total
[2024-02-27T23:00:53.979+0000][7][gc,heap     ] GC(506) Eden regions: 152->0(152)
[2024-02-27T23:00:53.979+0000][7][gc,heap     ] GC(506) Survivor regions: 1->1(20)
[2024-02-27T23:00:53.979+0000][7][gc,heap     ] GC(506) Old regions: 27->27
[2024-02-27T23:00:53.979+0000][7][gc,heap     ] GC(506) Archive regions: 2->2
[2024-02-27T23:00:53.979+0000][7][gc,heap     ] GC(506) Humongous regions: 0->0
[2024-02-27T23:00:53.979+0000][7][gc,metaspace] GC(506) Metaspace: 129397K(133056K)->129397K(133056K) NonClass: 112498K(114432K)->112498K(114432K) Class: 16898K(18624K)->16898K(18624K)
[2024-02-27T23:00:53.979+0000][7][gc          ] GC(506) Pause Young (Normal) (G1 Evacuation Pause) 719M->111M(1024M) 2.567ms
[2024-02-27T23:00:53.979+0000][7][gc,cpu      ] GC(506) User=0.01s Sys=0.00s Real=0.00s
[2024-02-27T23:00:53.979+0000][7][safepoint   ] Safepoint "G1CollectForAllocation", Time since last: 120481519851 ns, Reaching safepoint: 45421 ns, At safepoint: 2707244 ns, Total: 2752665 ns
[2024-02-27T23:03:02.439+0000][7][gc,start    ] GC(507) Pause Young (Normal) (G1 Evacuation Pause)
[2024-02-27T23:03:02.439+0000][7][gc,task     ] GC(507) Using 8 workers of 8 for evacuation
[2024-02-27T23:03:02.439+0000][7][gc,age      ] GC(507) Desired survivor size 41943040 bytes, new threshold 15 (max threshold 15)
[2024-02-27T23:03:02.442+0000][7][gc,phases   ] GC(507)   Pre Evacuate Collection Set: 0.1ms
[2024-02-27T23:03:02.442+0000][7][gc,phases   ] GC(507)   Merge Heap Roots: 0.1ms
[2024-02-27T23:03:02.442+0000][7][gc,phases   ] GC(507)   Evacuate Collection Set: 1.6ms
[2024-02-27T23:03:02.442+0000][7][gc,phases   ] GC(507)   Post Evacuate Collection Set: 1.0ms
[2024-02-27T23:03:02.442+0000][7][gc,phases   ] GC(507)   Other: 0.1ms
[2024-02-27T23:03:02.442+0000][7][gc,age      ] GC(507) Age table with threshold 15 (max threshold 15)
[2024-02-27T23:03:02.442+0000][7][gc,age      ] GC(507) - age   1:     831720 bytes,     831720 total
[2024-02-27T23:03:02.442+0000][7][gc,age      ] GC(507) - age   2:       7024 bytes,     838744 total
[2024-02-27T23:03:02.442+0000][7][gc,age      ] GC(507) - age   3:       1008 bytes,     839752 total
[2024-02-27T23:03:02.442+0000][7][gc,age      ] GC(507) - age   4:        992 bytes,     840744 total
[2024-02-27T23:03:02.442+0000][7][gc,age      ] GC(507) - age   5:        248 bytes,     840992 total
[2024-02-27T23:03:02.442+0000][7][gc,age      ] GC(507) - age   6:        576 bytes,     841568 total
[2024-02-27T23:03:02.442+0000][7][gc,age      ] GC(507) - age   7:        184 bytes,     841752 total
[2024-02-27T23:03:02.442+0000][7][gc,age      ] GC(507) - age   8:         32 bytes,     841784 total
[2024-02-27T23:03:02.442+0000][7][gc,age      ] GC(507) - age   9:        184 bytes,     841968 total
[2024-02-27T23:03:02.442+0000][7][gc,age      ] GC(507) - age  11:        184 bytes,     842152 total
[2024-02-27T23:03:02.442+0000][7][gc,age      ] GC(507) - age  13:      93400 bytes,     935552 total
[2024-02-27T23:03:02.442+0000][7][gc,age      ] GC(507) - age  14:      23720 bytes,     959272 total
[2024-02-27T23:03:02.442+0000][7][gc,heap     ] GC(507) Eden regions: 152->0(152)
[2024-02-27T23:03:02.442+0000][7][gc,heap     ] GC(507) Survivor regions: 1->1(20)
[2024-02-27T23:03:02.442+0000][7][gc,heap     ] GC(507) Old regions: 27->27
[2024-02-27T23:03:02.442+0000][7][gc,heap     ] GC(507) Archive regions: 2->2
[2024-02-27T23:03:02.442+0000][7][gc,heap     ] GC(507) Humongous regions: 0->0
[2024-02-27T23:03:02.442+0000][7][gc,metaspace] GC(507) Metaspace: 129397K(133056K)->129397K(133056K) NonClass: 112498K(114432K)->112498K(114432K) Class: 16898K(18624K)->16898K(18624K)
[2024-02-27T23:03:02.442+0000][7][gc          ] GC(507) Pause Young (Normal) (G1 Evacuation Pause) 719M->110M(1024M) 3.274ms
[2024-02-27T23:03:02.442+0000][7][gc,cpu      ] GC(507) User=0.01s Sys=0.00s Real=0.00s
[2024-02-27T23:03:02.442+0000][7][safepoint   ] Safepoint "G1CollectForAllocation", Time since last: 128459796601 ns, Reaching safepoint: 98025 ns, At safepoint: 3381693 ns, Total: 3479718 ns
[2024-02-27T23:05:11.528+0000][7][gc,start    ] GC(508) Pause Young (Normal) (G1 Evacuation Pause)
[2024-02-27T23:05:11.528+0000][7][gc,task     ] GC(508) Using 8 workers of 8 for evacuation
[2024-02-27T23:05:11.528+0000][7][gc,age      ] GC(508) Desired survivor size 41943040 bytes, new threshold 15 (max threshold 15)
[2024-02-27T23:05:11.531+0000][7][gc,phases   ] GC(508)   Pre Evacuate Collection Set: 0.1ms
[2024-02-27T23:05:11.531+0000][7][gc,phases   ] GC(508)   Merge Heap Roots: 0.1ms
[2024-02-27T23:05:11.531+0000][7][gc,phases   ] GC(508)   Evacuate Collection Set: 1.9ms
[2024-02-27T23:05:11.531+0000][7][gc,phases   ] GC(508)   Post Evacuate Collection Set: 0.9ms
[2024-02-27T23:05:11.531+0000][7][gc,phases   ] GC(508)   Other: 0.1ms
[2024-02-27T23:05:11.531+0000][7][gc,age      ] GC(508) Age table with threshold 15 (max threshold 15)
[2024-02-27T23:05:11.531+0000][7][gc,age      ] GC(508) - age   1:    1963296 bytes,    1963296 total
[2024-02-27T23:05:11.531+0000][7][gc,age      ] GC(508) - age   2:     228680 bytes,    2191976 total
[2024-02-27T23:05:11.531+0000][7][gc,age      ] GC(508) - age   3:       4648 bytes,    2196624 total
[2024-02-27T23:05:11.531+0000][7][gc,age      ] GC(508) - age   4:        376 bytes,    2197000 total
[2024-02-27T23:05:11.531+0000][7][gc,age      ] GC(508) - age   5:        992 bytes,    2197992 total
[2024-02-27T23:05:11.531+0000][7][gc,age      ] GC(508) - age   6:        248 bytes,    2198240 total
[2024-02-27T23:05:11.531+0000][7][gc,age      ] GC(508) - age   7:        384 bytes,    2198624 total
[2024-02-27T23:05:11.531+0000][7][gc,age      ] GC(508) - age   8:        184 bytes,    2198808 total
[2024-02-27T23:05:11.531+0000][7][gc,age      ] GC(508) - age   9:         32 bytes,    2198840 total
[2024-02-27T23:05:11.531+0000][7][gc,age      ] GC(508) - age  10:        184 bytes,    2199024 total
[2024-02-27T23:05:11.531+0000][7][gc,age      ] GC(508) - age  12:        184 bytes,    2199208 total
[2024-02-27T23:05:11.531+0000][7][gc,age      ] GC(508) - age  14:      93272 bytes,    2292480 total
[2024-02-27T23:05:11.531+0000][7][gc,age      ] GC(508) - age  15:      23656 bytes,    2316136 total
[2024-02-27T23:05:11.531+0000][7][gc,heap     ] GC(508) Eden regions: 152->0(152)
[2024-02-27T23:05:11.531+0000][7][gc,heap     ] GC(508) Survivor regions: 1->1(20)
[2024-02-27T23:05:11.531+0000][7][gc,heap     ] GC(508) Old regions: 27->27
[2024-02-27T23:05:11.531+0000][7][gc,heap     ] GC(508) Archive regions: 2->2
[2024-02-27T23:05:11.531+0000][7][gc,heap     ] GC(508) Humongous regions: 0->0
[2024-02-27T23:05:11.531+0000][7][gc,metaspace] GC(508) Metaspace: 129398K(133056K)->129398K(133056K) NonClass: 112499K(114432K)->112499K(114432K) Class: 16898K(18624K)->16898K(18624K)
[2024-02-27T23:05:11.531+0000][7][gc          ] GC(508) Pause Young (Normal) (G1 Evacuation Pause) 718M->112M(1024M) 3.473ms
[2024-02-27T23:05:11.531+0000][7][gc,cpu      ] GC(508) User=0.02s Sys=0.00s Real=0.00s
[2024-02-27T23:05:11.531+0000][7][safepoint   ] Safepoint "G1CollectForAllocation", Time since last: 129085426515 ns, Reaching safepoint: 116181 ns, At safepoint: 3572993 ns, Total: 3689174 ns
[2024-02-27T23:06:05.538+0000][7][safepoint   ] Safepoint "Cleanup", Time since last: 54006177495 ns, Reaching safepoint: 52708 ns, At safepoint: 4686 ns, Total: 57394 ns
[2024-02-27T23:07:30.440+0000][7][gc,start    ] GC(509) Pause Young (Normal) (G1 Evacuation Pause)
[2024-02-27T23:07:30.440+0000][7][gc,task     ] GC(509) Using 8 workers of 8 for evacuation
[2024-02-27T23:07:30.440+0000][7][gc,age      ] GC(509) Desired survivor size 41943040 bytes, new threshold 15 (max threshold 15)
[2024-02-27T23:07:30.442+0000][7][gc,phases   ] GC(509)   Pre Evacuate Collection Set: 0.1ms
[2024-02-27T23:07:30.442+0000][7][gc,phases   ] GC(509)   Merge Heap Roots: 0.0ms
[2024-02-27T23:07:30.442+0000][7][gc,phases   ] GC(509)   Evacuate Collection Set: 1.1ms
[2024-02-27T23:07:30.442+0000][7][gc,phases   ] GC(509)   Post Evacuate Collection Set: 0.6ms
[2024-02-27T23:07:30.442+0000][7][gc,phases   ] GC(509)   Other: 0.1ms
[2024-02-27T23:07:30.442+0000][7][gc,age      ] GC(509) Age table with threshold 15 (max threshold 15)
[2024-02-27T23:07:30.442+0000][7][gc,age      ] GC(509) - age   1:    1830736 bytes,    1830736 total
[2024-02-27T23:07:30.442+0000][7][gc,age      ] GC(509) - age   2:       3368 bytes,    1834104 total
[2024-02-27T23:07:30.442+0000][7][gc,age      ] GC(509) - age   3:      77168 bytes,    1911272 total
[2024-02-27T23:07:30.442+0000][7][gc,age      ] GC(509) - age   4:       4456 bytes,    1915728 total
[2024-02-27T23:07:30.442+0000][7][gc,age      ] GC(509) - age   5:        184 bytes,    1915912 total
[2024-02-27T23:07:30.442+0000][7][gc,age      ] GC(509) - age   6:        216 bytes,    1916128 total
[2024-02-27T23:07:30.442+0000][7][gc,age      ] GC(509) - age   7:        184 bytes,    1916312 total
[2024-02-27T23:07:30.442+0000][7][gc,age      ] GC(509) - age   8:        384 bytes,    1916696 total
[2024-02-27T23:07:30.442+0000][7][gc,age      ] GC(509) - age   9:        184 bytes,    1916880 total
[2024-02-27T23:07:30.442+0000][7][gc,age      ] GC(509) - age  11:        184 bytes,    1917064 total
[2024-02-27T23:07:30.442+0000][7][gc,age      ] GC(509) - age  15:      93272 bytes,    2010336 total
[2024-02-27T23:07:30.442+0000][7][gc,heap     ] GC(509) Eden regions: 152->0(152)
[2024-02-27T23:07:30.442+0000][7][gc,heap     ] GC(509) Survivor regions: 1->1(20)
[2024-02-27T23:07:30.442+0000][7][gc,heap     ] GC(509) Old regions: 27->27
[2024-02-27T23:07:30.442+0000][7][gc,heap     ] GC(509) Archive regions: 2->2
[2024-02-27T23:07:30.442+0000][7][gc,heap     ] GC(509) Humongous regions: 0->0
[2024-02-27T23:07:30.442+0000][7][gc,metaspace] GC(509) Metaspace: 129400K(133056K)->129400K(133056K) NonClass: 112502K(114432K)->112502K(114432K) Class: 16898K(18624K)->16898K(18624K)
[2024-02-27T23:07:30.442+0000][7][gc          ] GC(509) Pause Young (Normal) (G1 Evacuation Pause) 720M->111M(1024M) 2.024ms
[2024-02-27T23:07:30.442+0000][7][gc,cpu      ] GC(509) User=0.01s Sys=0.01s Real=0.00s
[2024-02-27T23:07:30.442+0000][7][safepoint   ] Safepoint "G1CollectForAllocation", Time since last: 84902730102 ns, Reaching safepoint: 40516 ns, At safepoint: 2104331 ns, Total: 2144847 ns
[2024-02-27T23:09:38.462+0000][7][gc,start    ] GC(510) Pause Young (Normal) (G1 Evacuation Pause)
[2024-02-27T23:09:38.462+0000][7][gc,task     ] GC(510) Using 8 workers of 8 for evacuation
[2024-02-27T23:09:38.462+0000][7][gc,age      ] GC(510) Desired survivor size 41943040 bytes, new threshold 15 (max threshold 15)
[2024-02-27T23:09:38.465+0000][7][gc,phases   ] GC(510)   Pre Evacuate Collection Set: 0.1ms
[2024-02-27T23:09:38.465+0000][7][gc,phases   ] GC(510)   Merge Heap Roots: 0.1ms
[2024-02-27T23:09:38.465+0000][7][gc,phases   ] GC(510)   Evacuate Collection Set: 1.8ms
[2024-02-27T23:09:38.465+0000][7][gc,phases   ] GC(510)   Post Evacuate Collection Set: 0.8ms
[2024-02-27T23:09:38.465+0000][7][gc,phases   ] GC(510)   Other: 0.1ms
[2024-02-27T23:09:38.465+0000][7][gc,age      ] GC(510) Age table with threshold 15 (max threshold 15)
[2024-02-27T23:09:38.465+0000][7][gc,age      ] GC(510) - age   1:     917064 bytes,     917064 total
[2024-02-27T23:09:38.465+0000][7][gc,age      ] GC(510) - age   2:     142448 bytes,    1059512 total
[2024-02-27T23:09:38.465+0000][7][gc,age      ] GC(510) - age   3:       1184 bytes,    1060696 total
[2024-02-27T23:09:38.465+0000][7][gc,age      ] GC(510) - age   4:      76248 bytes,    1136944 total
[2024-02-27T23:09:38.465+0000][7][gc,age      ] GC(510) - age   5:       4328 bytes,    1141272 total
[2024-02-27T23:09:38.465+0000][7][gc,age      ] GC(510) - age   6:        184 bytes,    1141456 total
[2024-02-27T23:09:38.465+0000][7][gc,age      ] GC(510) - age   7:        216 bytes,    1141672 total
[2024-02-27T23:09:38.465+0000][7][gc,age      ] GC(510) - age   8:        184 bytes,    1141856 total
[2024-02-27T23:09:38.465+0000][7][gc,age      ] GC(510) - age  10:        184 bytes,    1142040 total
[2024-02-27T23:09:38.465+0000][7][gc,age      ] GC(510) - age  12:        184 bytes,    1142224 total
[2024-02-27T23:09:38.465+0000][7][gc,heap     ] GC(510) Eden regions: 152->0(152)
[2024-02-27T23:09:38.465+0000][7][gc,heap     ] GC(510) Survivor regions: 1->1(20)
[2024-02-27T23:09:38.465+0000][7][gc,heap     ] GC(510) Old regions: 27->27
[2024-02-27T23:09:38.465+0000][7][gc,heap     ] GC(510) Archive regions: 2->2
[2024-02-27T23:09:38.465+0000][7][gc,heap     ] GC(510) Humongous regions: 0->0
[2024-02-27T23:09:38.465+0000][7][gc,metaspace] GC(510) Metaspace: 129400K(133056K)->129400K(133056K) NonClass: 112502K(114432K)->112502K(114432K) Class: 16898K(18624K)->16898K(18624K)
[2024-02-27T23:09:38.465+0000][7][gc          ] GC(510) Pause Young (Normal) (G1 Evacuation Pause) 719M->111M(1024M) 3.308ms
[2024-02-27T23:09:38.465+0000][7][gc,cpu      ] GC(510) User=0.01s Sys=0.01s Real=0.01s
[2024-02-27T23:09:38.465+0000][7][safepoint   ] Safepoint "G1CollectForAllocation", Time since last: 128019390851 ns, Reaching safepoint: 68432 ns, At safepoint: 3421157 ns, Total: 3489589 ns
[2024-02-27T23:12:08.496+0000][7][gc,start    ] GC(511) Pause Young (Normal) (G1 Evacuation Pause)
[2024-02-27T23:12:08.497+0000][7][gc,task     ] GC(511) Using 8 workers of 8 for evacuation
[2024-02-27T23:12:08.497+0000][7][gc,age      ] GC(511) Desired survivor size 41943040 bytes, new threshold 15 (max threshold 15)
[2024-02-27T23:12:08.499+0000][7][gc,phases   ] GC(511)   Pre Evacuate Collection Set: 0.1ms
[2024-02-27T23:12:08.499+0000][7][gc,phases   ] GC(511)   Merge Heap Roots: 0.1ms
[2024-02-27T23:12:08.499+0000][7][gc,phases   ] GC(511)   Evacuate Collection Set: 1.4ms
[2024-02-27T23:12:08.499+0000][7][gc,phases   ] GC(511)   Post Evacuate Collection Set: 0.7ms
[2024-02-27T23:12:08.499+0000][7][gc,phases   ] GC(511)   Other: 0.1ms
[2024-02-27T23:12:08.499+0000][7][gc,age      ] GC(511) Age table with threshold 15 (max threshold 15)
[2024-02-27T23:12:08.499+0000][7][gc,age      ] GC(511) - age   1:    1182592 bytes,    1182592 total
[2024-02-27T23:12:08.499+0000][7][gc,age      ] GC(511) - age   2:      46136 bytes,    1228728 total
[2024-02-27T23:12:08.499+0000][7][gc,age      ] GC(511) - age   3:     140680 bytes,    1369408 total
[2024-02-27T23:12:08.499+0000][7][gc,age      ] GC(511) - age   4:        800 bytes,    1370208 total
[2024-02-27T23:12:08.499+0000][7][gc,age      ] GC(511) - age   5:      76184 bytes,    1446392 total
[2024-02-27T23:12:08.499+0000][7][gc,age      ] GC(511) - age   6:        808 bytes,    1447200 total
[2024-02-27T23:12:08.499+0000][7][gc,age      ] GC(511) - age   8:        216 bytes,    1447416 total
[2024-02-27T23:12:08.499+0000][7][gc,age      ] GC(511) - age   9:        184 bytes,    1447600 total
[2024-02-27T23:12:08.499+0000][7][gc,age      ] GC(511) - age  11:        184 bytes,    1447784 total
[2024-02-27T23:12:08.499+0000][7][gc,age      ] GC(511) - age  13:        184 bytes,    1447968 total
[2024-02-27T23:12:08.499+0000][7][gc,heap     ] GC(511) Eden regions: 152->0(152)
[2024-02-27T23:12:08.499+0000][7][gc,heap     ] GC(511) Survivor regions: 1->1(20)
[2024-02-27T23:12:08.499+0000][7][gc,heap     ] GC(511) Old regions: 27->27
[2024-02-27T23:12:08.499+0000][7][gc,heap     ] GC(511) Archive regions: 2->2
[2024-02-27T23:12:08.499+0000][7][gc,heap     ] GC(511) Humongous regions: 0->0
[2024-02-27T23:12:08.499+0000][7][gc,metaspace] GC(511) Metaspace: 129400K(133056K)->129400K(133056K) NonClass: 112502K(114432K)->112502K(114432K) Class: 16898K(18624K)->16898K(18624K)
[2024-02-27T23:12:08.499+0000][7][gc          ] GC(511) Pause Young (Normal) (G1 Evacuation Pause) 719M->111M(1024M) 2.762ms
[2024-02-27T23:12:08.499+0000][7][gc,cpu      ] GC(511) User=0.01s Sys=0.00s Real=0.00s
[2024-02-27T23:12:08.499+0000][7][safepoint   ] Safepoint "G1CollectForAllocation", Time since last: 150031104543 ns, Reaching safepoint: 48258 ns, At safepoint: 2857575 ns, Total: 2905833 ns
[2024-02-27T23:14:11.609+0000][7][gc,start    ] GC(512) Pause Young (Normal) (G1 Evacuation Pause)
[2024-02-27T23:14:11.609+0000][7][gc,task     ] GC(512) Using 8 workers of 8 for evacuation
[2024-02-27T23:14:11.609+0000][7][gc,age      ] GC(512) Desired survivor size 41943040 bytes, new threshold 15 (max threshold 15)
[2024-02-27T23:14:11.611+0000][7][gc,phases   ] GC(512)   Pre Evacuate Collection Set: 0.1ms
[2024-02-27T23:14:11.611+0000][7][gc,phases   ] GC(512)   Merge Heap Roots: 0.1ms
[2024-02-27T23:14:11.611+0000][7][gc,phases   ] GC(512)   Evacuate Collection Set: 1.2ms
[2024-02-27T23:14:11.611+0000][7][gc,phases   ] GC(512)   Post Evacuate Collection Set: 0.7ms
[2024-02-27T23:14:11.611+0000][7][gc,phases   ] GC(512)   Other: 0.1ms
[2024-02-27T23:14:11.611+0000][7][gc,age      ] GC(512) Age table with threshold 15 (max threshold 15)
[2024-02-27T23:14:11.612+0000][7][gc,age      ] GC(512) - age   1:    1699888 bytes,    1699888 total
[2024-02-27T23:14:11.612+0000][7][gc,age      ] GC(512) - age   2:      39328 bytes,    1739216 total
[2024-02-27T23:14:11.612+0000][7][gc,age      ] GC(512) - age   3:      43056 bytes,    1782272 total
[2024-02-27T23:14:11.612+0000][7][gc,age      ] GC(512) - age   4:     140296 bytes,    1922568 total
[2024-02-27T23:14:11.612+0000][7][gc,age      ] GC(512) - age   5:        184 bytes,    1922752 total
[2024-02-27T23:14:11.612+0000][7][gc,age      ] GC(512) - age   6:      76184 bytes,    1998936 total
[2024-02-27T23:14:11.612+0000][7][gc,age      ] GC(512) - age   7:        808 bytes,    1999744 total
[2024-02-27T23:14:11.612+0000][7][gc,age      ] GC(512) - age   9:         32 bytes,    1999776 total
[2024-02-27T23:14:11.612+0000][7][gc,age      ] GC(512) - age  10:        184 bytes,    1999960 total
[2024-02-27T23:14:11.612+0000][7][gc,age      ] GC(512) - age  12:        184 bytes,    2000144 total
[2024-02-27T23:14:11.612+0000][7][gc,age      ] GC(512) - age  14:        184 bytes,    2000328 total
[2024-02-27T23:14:11.612+0000][7][gc,heap     ] GC(512) Eden regions: 152->0(152)
[2024-02-27T23:14:11.612+0000][7][gc,heap     ] GC(512) Survivor regions: 1->1(20)
[2024-02-27T23:14:11.612+0000][7][gc,heap     ] GC(512) Old regions: 27->27
[2024-02-27T23:14:11.612+0000][7][gc,heap     ] GC(512) Archive regions: 2->2
[2024-02-27T23:14:11.612+0000][7][gc,heap     ] GC(512) Humongous regions: 0->0
[2024-02-27T23:14:11.612+0000][7][gc,metaspace] GC(512) Metaspace: 129400K(133056K)->129400K(133056K) NonClass: 112502K(114432K)->112502K(114432K) Class: 16898K(18624K)->16898K(18624K)
[2024-02-27T23:14:11.612+0000][7][gc          ] GC(512) Pause Young (Normal) (G1 Evacuation Pause) 719M->111M(1024M) 2.475ms
[2024-02-27T23:14:11.612+0000][7][gc,cpu      ] GC(512) User=0.01s Sys=0.01s Real=0.00s
[2024-02-27T23:14:11.612+0000][7][safepoint   ] Safepoint "G1CollectForAllocation", Time since last: 123109776022 ns, Reaching safepoint: 44203 ns, At safepoint: 2582447 ns, Total: 2626650 ns
[2024-02-27T23:16:18.300+0000][7][gc,start    ] GC(513) Pause Young (Normal) (G1 Evacuation Pause)
[2024-02-27T23:16:18.300+0000][7][gc,task     ] GC(513) Using 8 workers of 8 for evacuation
[2024-02-27T23:16:18.300+0000][7][gc,age      ] GC(513) Desired survivor size 41943040 bytes, new threshold 15 (max threshold 15)
[2024-02-27T23:16:18.302+0000][7][gc,phases   ] GC(513)   Pre Evacuate Collection Set: 0.1ms
[2024-02-27T23:16:18.302+0000][7][gc,phases   ] GC(513)   Merge Heap Roots: 0.1ms
[2024-02-27T23:16:18.302+0000][7][gc,phases   ] GC(513)   Evacuate Collection Set: 1.1ms
[2024-02-27T23:16:18.302+0000][7][gc,phases   ] GC(513)   Post Evacuate Collection Set: 0.7ms
[2024-02-27T23:16:18.302+0000][7][gc,phases   ] GC(513)   Other: 0.1ms
[2024-02-27T23:16:18.302+0000][7][gc,age      ] GC(513) Age table with threshold 15 (max threshold 15)
[2024-02-27T23:16:18.302+0000][7][gc,age      ] GC(513) - age   1:     562192 bytes,     562192 total
[2024-02-27T23:16:18.302+0000][7][gc,age      ] GC(513) - age   2:       3912 bytes,     566104 total
[2024-02-27T23:16:18.302+0000][7][gc,age      ] GC(513) - age   3:      37560 bytes,     603664 total
[2024-02-27T23:16:18.302+0000][7][gc,age      ] GC(513) - age   4:      42864 bytes,     646528 total
[2024-02-27T23:16:18.302+0000][7][gc,age      ] GC(513) - age   5:     139424 bytes,     785952 total
[2024-02-27T23:16:18.302+0000][7][gc,age      ] GC(513) - age   6:        184 bytes,     786136 total
[2024-02-27T23:16:18.302+0000][7][gc,age      ] GC(513) - age   7:      76184 bytes,     862320 total
[2024-02-27T23:16:18.302+0000][7][gc,age      ] GC(513) - age   8:        416 bytes,     862736 total
[2024-02-27T23:16:18.302+0000][7][gc,age      ] GC(513) - age  11:        184 bytes,     862920 total
[2024-02-27T23:16:18.302+0000][7][gc,age      ] GC(513) - age  13:        184 bytes,     863104 total
[2024-02-27T23:16:18.302+0000][7][gc,age      ] GC(513) - age  15:        184 bytes,     863288 total
[2024-02-27T23:16:18.302+0000][7][gc,heap     ] GC(513) Eden regions: 152->0(152)
[2024-02-27T23:16:18.302+0000][7][gc,heap     ] GC(513) Survivor regions: 1->1(20)
[2024-02-27T23:16:18.302+0000][7][gc,heap     ] GC(513) Old regions: 27->27
[2024-02-27T23:16:18.302+0000][7][gc,heap     ] GC(513) Archive regions: 2->2
[2024-02-27T23:16:18.302+0000][7][gc,heap     ] GC(513) Humongous regions: 0->0
[2024-02-27T23:16:18.302+0000][7][gc,metaspace] GC(513) Metaspace: 129400K(133056K)->129400K(133056K) NonClass: 112502K(114432K)->112502K(114432K) Class: 16898K(18624K)->16898K(18624K)
[2024-02-27T23:16:18.302+0000][7][gc          ] GC(513) Pause Young (Normal) (G1 Evacuation Pause) 719M->110M(1024M) 2.411ms
[2024-02-27T23:16:18.302+0000][7][gc,cpu      ] GC(513) User=0.01s Sys=0.01s Real=0.00s
[2024-02-27T23:16:18.302+0000][7][safepoint   ] Safepoint "G1CollectForAllocation", Time since last: 126687808772 ns, Reaching safepoint: 161402 ns, At safepoint: 2512848 ns, Total: 2674250 ns
[2024-02-27T23:18:23.521+0000][7][gc,start    ] GC(514) Pause Young (Normal) (G1 Evacuation Pause)
[2024-02-27T23:18:23.521+0000][7][gc,task     ] GC(514) Using 8 workers of 8 for evacuation
[2024-02-27T23:18:23.521+0000][7][gc,age      ] GC(514) Desired survivor size 41943040 bytes, new threshold 15 (max threshold 15)
[2024-02-27T23:18:23.523+0000][7][gc,phases   ] GC(514)   Pre Evacuate Collection Set: 0.1ms
[2024-02-27T23:18:23.523+0000][7][gc,phases   ] GC(514)   Merge Heap Roots: 0.1ms
[2024-02-27T23:18:23.523+0000][7][gc,phases   ] GC(514)   Evacuate Collection Set: 1.4ms
[2024-02-27T23:18:23.523+0000][7][gc,phases   ] GC(514)   Post Evacuate Collection Set: 0.7ms
[2024-02-27T23:18:23.523+0000][7][gc,phases   ] GC(514)   Other: 0.1ms
[2024-02-27T23:18:23.523+0000][7][gc,age      ] GC(514) Age table with threshold 15 (max threshold 15)
[2024-02-27T23:18:23.523+0000][7][gc,age      ] GC(514) - age   1:    1414344 bytes,    1414344 total
[2024-02-27T23:18:23.523+0000][7][gc,age      ] GC(514) - age   2:       2704 bytes,    1417048 total
[2024-02-27T23:18:23.523+0000][7][gc,age      ] GC(514) - age   3:       1008 bytes,    1418056 total
[2024-02-27T23:18:23.523+0000][7][gc,age      ] GC(514) - age   4:      36176 bytes,    1454232 total
[2024-02-27T23:18:23.523+0000][7][gc,age      ] GC(514) - age   5:      42576 bytes,    1496808 total
[2024-02-27T23:18:23.523+0000][7][gc,age      ] GC(514) - age   6:     139304 bytes,    1636112 total
[2024-02-27T23:18:23.523+0000][7][gc,age      ] GC(514) - age   7:        184 bytes,    1636296 total
[2024-02-27T23:18:23.523+0000][7][gc,age      ] GC(514) - age   8:      76064 bytes,    1712360 total
[2024-02-27T23:18:23.523+0000][7][gc,age      ] GC(514) - age   9:        392 bytes,    1712752 total
[2024-02-27T23:18:23.523+0000][7][gc,age      ] GC(514) - age  12:        184 bytes,    1712936 total
[2024-02-27T23:18:23.523+0000][7][gc,heap     ] GC(514) Eden regions: 152->0(152)
[2024-02-27T23:18:23.523+0000][7][gc,heap     ] GC(514) Survivor regions: 1->1(20)
[2024-02-27T23:18:23.523+0000][7][gc,heap     ] GC(514) Old regions: 27->27
[2024-02-27T23:18:23.523+0000][7][gc,heap     ] GC(514) Archive regions: 2->2
[2024-02-27T23:18:23.523+0000][7][gc,heap     ] GC(514) Humongous regions: 0->0
[2024-02-27T23:18:23.523+0000][7][gc,metaspace] GC(514) Metaspace: 129400K(133056K)->129400K(133056K) NonClass: 112502K(114432K)->112502K(114432K) Class: 16898K(18624K)->16898K(18624K)
[2024-02-27T23:18:23.523+0000][7][gc          ] GC(514) Pause Young (Normal) (G1 Evacuation Pause) 718M->111M(1024M) 2.692ms
[2024-02-27T23:18:23.523+0000][7][gc,cpu      ] GC(514) User=0.02s Sys=0.00s Real=0.00s
[2024-02-27T23:18:23.523+0000][7][safepoint   ] Safepoint "G1CollectForAllocation", Time since last: 125218430741 ns, Reaching safepoint: 53918 ns, At safepoint: 2781944 ns, Total: 2835862 ns
[2024-02-27T23:20:41.541+0000][7][gc,start    ] GC(515) Pause Young (Normal) (G1 Evacuation Pause)
[2024-02-27T23:20:41.541+0000][7][gc,task     ] GC(515) Using 8 workers of 8 for evacuation
[2024-02-27T23:20:41.541+0000][7][gc,age      ] GC(515) Desired survivor size 41943040 bytes, new threshold 15 (max threshold 15)
[2024-02-27T23:20:41.544+0000][7][gc,phases   ] GC(515)   Pre Evacuate Collection Set: 0.1ms
[2024-02-27T23:20:41.544+0000][7][gc,phases   ] GC(515)   Merge Heap Roots: 0.1ms
[2024-02-27T23:20:41.544+0000][7][gc,phases   ] GC(515)   Evacuate Collection Set: 1.6ms
[2024-02-27T23:20:41.544+0000][7][gc,phases   ] GC(515)   Post Evacuate Collection Set: 0.7ms
[2024-02-27T23:20:41.544+0000][7][gc,phases   ] GC(515)   Other: 0.1ms
[2024-02-27T23:20:41.544+0000][7][gc,age      ] GC(515) Age table with threshold 15 (max threshold 15)
[2024-02-27T23:20:41.544+0000][7][gc,age      ] GC(515) - age   1:    1744768 bytes,    1744768 total
[2024-02-27T23:20:41.544+0000][7][gc,age      ] GC(515) - age   2:     167240 bytes,    1912008 total
[2024-02-27T23:20:41.544+0000][7][gc,age      ] GC(515) - age   3:       2064 bytes,    1914072 total
[2024-02-27T23:20:41.544+0000][7][gc,age      ] GC(515) - age   4:        880 bytes,    1914952 total
[2024-02-27T23:20:41.544+0000][7][gc,age      ] GC(515) - age   5:      35608 bytes,    1950560 total
[2024-02-27T23:20:41.544+0000][7][gc,age      ] GC(515) - age   6:      42384 bytes,    1992944 total
[2024-02-27T23:20:41.544+0000][7][gc,age      ] GC(515) - age   7:     139176 bytes,    2132120 total
[2024-02-27T23:20:41.544+0000][7][gc,age      ] GC(515) - age   8:        184 bytes,    2132304 total
[2024-02-27T23:20:41.544+0000][7][gc,age      ] GC(515) - age   9:      76064 bytes,    2208368 total
[2024-02-27T23:20:41.544+0000][7][gc,age      ] GC(515) - age  10:        392 bytes,    2208760 total
[2024-02-27T23:20:41.544+0000][7][gc,age      ] GC(515) - age  13:        184 bytes,    2208944 total
[2024-02-27T23:20:41.544+0000][7][gc,heap     ] GC(515) Eden regions: 152->0(152)
[2024-02-27T23:20:41.544+0000][7][gc,heap     ] GC(515) Survivor regions: 1->1(20)
[2024-02-27T23:20:41.544+0000][7][gc,heap     ] GC(515) Old regions: 27->27
[2024-02-27T23:20:41.544+0000][7][gc,heap     ] GC(515) Archive regions: 2->2
[2024-02-27T23:20:41.544+0000][7][gc,heap     ] GC(515) Humongous regions: 0->0
[2024-02-27T23:20:41.544+0000][7][gc,metaspace] GC(515) Metaspace: 129400K(133056K)->129400K(133056K) NonClass: 112502K(114432K)->112502K(114432K) Class: 16898K(18624K)->16898K(18624K)
[2024-02-27T23:20:41.544+0000][7][gc          ] GC(515) Pause Young (Normal) (G1 Evacuation Pause) 719M->112M(1024M) 2.834ms
[2024-02-27T23:20:41.544+0000][7][gc,cpu      ] GC(515) User=0.01s Sys=0.00s Real=0.00s
[2024-02-27T23:20:41.544+0000][7][safepoint   ] Safepoint "G1CollectForAllocation", Time since last: 138017427323 ns, Reaching safepoint: 111818 ns, At safepoint: 2927232 ns, Total: 3039050 ns
[2024-02-27T23:22:41.581+0000][7][gc,start    ] GC(516) Pause Young (Normal) (G1 Evacuation Pause)
[2024-02-27T23:22:41.581+0000][7][gc,task     ] GC(516) Using 8 workers of 8 for evacuation
[2024-02-27T23:22:41.581+0000][7][gc,age      ] GC(516) Desired survivor size 41943040 bytes, new threshold 15 (max threshold 15)
[2024-02-27T23:22:41.583+0000][7][gc,phases   ] GC(516)   Pre Evacuate Collection Set: 0.1ms
[2024-02-27T23:22:41.583+0000][7][gc,phases   ] GC(516)   Merge Heap Roots: 0.1ms
[2024-02-27T23:22:41.583+0000][7][gc,phases   ] GC(516)   Evacuate Collection Set: 0.9ms
[2024-02-27T23:22:41.583+0000][7][gc,phases   ] GC(516)   Post Evacuate Collection Set: 0.6ms
[2024-02-27T23:22:41.583+0000][7][gc,phases   ] GC(516)   Other: 0.1ms
[2024-02-27T23:22:41.583+0000][7][gc,age      ] GC(516) Age table with threshold 15 (max threshold 15)
[2024-02-27T23:22:41.583+0000][7][gc,age      ] GC(516) - age   1:     351992 bytes,     351992 total
[2024-02-27T23:22:41.583+0000][7][gc,age      ] GC(516) - age   2:       3224 bytes,     355216 total
[2024-02-27T23:22:41.583+0000][7][gc,age      ] GC(516) - age   3:     164400 bytes,     519616 total
[2024-02-27T23:22:41.583+0000][7][gc,age      ] GC(516) - age   4:       1680 bytes,     521296 total
[2024-02-27T23:22:41.583+0000][7][gc,age      ] GC(516) - age   5:        328 bytes,     521624 total
[2024-02-27T23:22:41.583+0000][7][gc,age      ] GC(516) - age   6:      31960 bytes,     553584 total
[2024-02-27T23:22:41.583+0000][7][gc,age      ] GC(516) - age   7:      42128 bytes,     595712 total
[2024-02-27T23:22:41.583+0000][7][gc,age      ] GC(516) - age   8:     139048 bytes,     734760 total
[2024-02-27T23:22:41.583+0000][7][gc,age      ] GC(516) - age   9:        184 bytes,     734944 total
[2024-02-27T23:22:41.583+0000][7][gc,age      ] GC(516) - age  10:      76064 bytes,     811008 total
[2024-02-27T23:22:41.583+0000][7][gc,age      ] GC(516) - age  11:        392 bytes,     811400 total
[2024-02-27T23:22:41.583+0000][7][gc,age      ] GC(516) - age  14:        184 bytes,     811584 total
[2024-02-27T23:22:41.583+0000][7][gc,heap     ] GC(516) Eden regions: 152->0(152)
[2024-02-27T23:22:41.583+0000][7][gc,heap     ] GC(516) Survivor regions: 1->1(20)
[2024-02-27T23:22:41.583+0000][7][gc,heap     ] GC(516) Old regions: 27->27
[2024-02-27T23:22:41.583+0000][7][gc,heap     ] GC(516) Archive regions: 2->2
[2024-02-27T23:22:41.583+0000][7][gc,heap     ] GC(516) Humongous regions: 0->0
[2024-02-27T23:22:41.583+0000][7][gc,metaspace] GC(516) Metaspace: 129400K(133056K)->129400K(133056K) NonClass: 112502K(114432K)->112502K(114432K) Class: 16898K(18624K)->16898K(18624K)
[2024-02-27T23:22:41.583+0000][7][gc          ] GC(516) Pause Young (Normal) (G1 Evacuation Pause) 720M->110M(1024M) 2.095ms
[2024-02-27T23:22:41.583+0000][7][gc,cpu      ] GC(516) User=0.01s Sys=0.00s Real=0.00s
[2024-02-27T23:22:41.583+0000][7][safepoint   ] Safepoint "G1CollectForAllocation", Time since last: 120036589210 ns, Reaching safepoint: 85183 ns, At safepoint: 2192525 ns, Total: 2277708 ns
[2024-02-27T23:24:50.514+0000][7][gc,start    ] GC(517) Pause Young (Normal) (G1 Evacuation Pause)
[2024-02-27T23:24:50.514+0000][7][gc,task     ] GC(517) Using 8 workers of 8 for evacuation
[2024-02-27T23:24:50.514+0000][7][gc,age      ] GC(517) Desired survivor size 41943040 bytes, new threshold 15 (max threshold 15)
[2024-02-27T23:24:50.517+0000][7][gc,phases   ] GC(517)   Pre Evacuate Collection Set: 0.2ms
[2024-02-27T23:24:50.517+0000][7][gc,phases   ] GC(517)   Merge Heap Roots: 0.1ms
[2024-02-27T23:24:50.517+0000][7][gc,phases   ] GC(517)   Evacuate Collection Set: 1.5ms
[2024-02-27T23:24:50.517+0000][7][gc,phases   ] GC(517)   Post Evacuate Collection Set: 0.7ms
[2024-02-27T23:24:50.517+0000][7][gc,phases   ] GC(517)   Other: 0.2ms
[2024-02-27T23:24:50.517+0000][7][gc,age      ] GC(517) Age table with threshold 15 (max threshold 15)
[2024-02-27T23:24:50.517+0000][7][gc,age      ] GC(517) - age   1:     879328 bytes,     879328 total
[2024-02-27T23:24:50.517+0000][7][gc,age      ] GC(517) - age   2:       5984 bytes,     885312 total
[2024-02-27T23:24:50.517+0000][7][gc,age      ] GC(517) - age   3:       1072 bytes,     886384 total
[2024-02-27T23:24:50.517+0000][7][gc,age      ] GC(517) - age   4:     163792 bytes,    1050176 total
[2024-02-27T23:24:50.517+0000][7][gc,age      ] GC(517) - age   5:       1616 bytes,    1051792 total
[2024-02-27T23:24:50.517+0000][7][gc,age      ] GC(517) - age   6:        200 bytes,    1051992 total
[2024-02-27T23:24:50.517+0000][7][gc,age      ] GC(517) - age   7:      31960 bytes,    1083952 total
[2024-02-27T23:24:50.517+0000][7][gc,age      ] GC(517) - age   8:      42128 bytes,    1126080 total
[2024-02-27T23:24:50.517+0000][7][gc,age      ] GC(517) - age   9:     139048 bytes,    1265128 total
[2024-02-27T23:24:50.517+0000][7][gc,age      ] GC(517) - age  10:        184 bytes,    1265312 total
[2024-02-27T23:24:50.517+0000][7][gc,age      ] GC(517) - age  11:      76064 bytes,    1341376 total
[2024-02-27T23:24:50.517+0000][7][gc,age      ] GC(517) - age  12:        392 bytes,    1341768 total
[2024-02-27T23:24:50.517+0000][7][gc,age      ] GC(517) - age  15:        184 bytes,    1341952 total
[2024-02-27T23:24:50.517+0000][7][gc,heap     ] GC(517) Eden regions: 152->0(152)
[2024-02-27T23:24:50.517+0000][7][gc,heap     ] GC(517) Survivor regions: 1->1(20)
[2024-02-27T23:24:50.517+0000][7][gc,heap     ] GC(517) Old regions: 27->27
[2024-02-27T23:24:50.517+0000][7][gc,heap     ] GC(517) Archive regions: 2->2
[2024-02-27T23:24:50.517+0000][7][gc,heap     ] GC(517) Humongous regions: 0->0
[2024-02-27T23:24:50.517+0000][7][gc,metaspace] GC(517) Metaspace: 129400K(133056K)->129400K(133056K) NonClass: 112502K(114432K)->112502K(114432K) Class: 16898K(18624K)->16898K(18624K)
[2024-02-27T23:24:50.517+0000][7][gc          ] GC(517) Pause Young (Normal) (G1 Evacuation Pause) 718M->111M(1024M) 3.057ms
[2024-02-27T23:24:50.517+0000][7][gc,cpu      ] GC(517) User=0.02s Sys=0.00s Real=0.00s
[2024-02-27T23:24:50.517+0000][7][safepoint   ] Safepoint "G1CollectForAllocation", Time since last: 128931399606 ns, Reaching safepoint: 83232 ns, At safepoint: 3189426 ns, Total: 3272658 ns
[2024-02-27T23:26:53.659+0000][7][gc,start    ] GC(518) Pause Young (Normal) (G1 Evacuation Pause)
[2024-02-27T23:26:53.659+0000][7][gc,task     ] GC(518) Using 8 workers of 8 for evacuation
[2024-02-27T23:26:53.659+0000][7][gc,age      ] GC(518) Desired survivor size 41943040 bytes, new threshold 15 (max threshold 15)
[2024-02-27T23:26:53.661+0000][7][gc,phases   ] GC(518)   Pre Evacuate Collection Set: 0.1ms
[2024-02-27T23:26:53.661+0000][7][gc,phases   ] GC(518)   Merge Heap Roots: 0.0ms
[2024-02-27T23:26:53.661+0000][7][gc,phases   ] GC(518)   Evacuate Collection Set: 1.1ms
[2024-02-27T23:26:53.661+0000][7][gc,phases   ] GC(518)   Post Evacuate Collection Set: 0.6ms
[2024-02-27T23:26:53.661+0000][7][gc,phases   ] GC(518)   Other: 0.1ms
[2024-02-27T23:26:53.661+0000][7][gc,age      ] GC(518) Age table with threshold 15 (max threshold 15)
[2024-02-27T23:26:53.661+0000][7][gc,age      ] GC(518) - age   1:    2067752 bytes,    2067752 total
[2024-02-27T23:26:53.661+0000][7][gc,age      ] GC(518) - age   2:       2840 bytes,    2070592 total
[2024-02-27T23:26:53.661+0000][7][gc,age      ] GC(518) - age   3:       4624 bytes,    2075216 total
[2024-02-27T23:26:53.661+0000][7][gc,age      ] GC(518) - age   4:        376 bytes,    2075592 total
[2024-02-27T23:26:53.661+0000][7][gc,age      ] GC(518) - age   5:     163600 bytes,    2239192 total
[2024-02-27T23:26:53.661+0000][7][gc,age      ] GC(518) - age   6:        424 bytes,    2239616 total
[2024-02-27T23:26:53.661+0000][7][gc,age      ] GC(518) - age   7:        200 bytes,    2239816 total
[2024-02-27T23:26:53.661+0000][7][gc,age      ] GC(518) - age   8:      31960 bytes,    2271776 total
[2024-02-27T23:26:53.661+0000][7][gc,age      ] GC(518) - age   9:      42128 bytes,    2313904 total
[2024-02-27T23:26:53.661+0000][7][gc,age      ] GC(518) - age  10:     139016 bytes,    2452920 total
[2024-02-27T23:26:53.661+0000][7][gc,age      ] GC(518) - age  12:      76064 bytes,    2528984 total
[2024-02-27T23:26:53.661+0000][7][gc,age      ] GC(518) - age  13:        392 bytes,    2529376 total
[2024-02-27T23:26:53.661+0000][7][gc,heap     ] GC(518) Eden regions: 152->0(152)
[2024-02-27T23:26:53.661+0000][7][gc,heap     ] GC(518) Survivor regions: 1->1(20)
[2024-02-27T23:26:53.661+0000][7][gc,heap     ] GC(518) Old regions: 27->27
[2024-02-27T23:26:53.661+0000][7][gc,heap     ] GC(518) Archive regions: 2->2
[2024-02-27T23:26:53.661+0000][7][gc,heap     ] GC(518) Humongous regions: 0->0
[2024-02-27T23:26:53.661+0000][7][gc,metaspace] GC(518) Metaspace: 129400K(133056K)->129400K(133056K) NonClass: 112502K(114432K)->112502K(114432K) Class: 16898K(18624K)->16898K(18624K)
[2024-02-27T23:26:53.661+0000][7][gc          ] GC(518) Pause Young (Normal) (G1 Evacuation Pause) 719M->112M(1024M) 2.049ms
[2024-02-27T23:26:53.661+0000][7][gc,cpu      ] GC(518) User=0.01s Sys=0.01s Real=0.00s
[2024-02-27T23:26:53.661+0000][7][safepoint   ] Safepoint "G1CollectForAllocation", Time since last: 123141128597 ns, Reaching safepoint: 43119 ns, At safepoint: 2117016 ns, Total: 2160135 ns
[2024-02-27T23:27:51.745+0000][7][safepoint   ] Safepoint "Cleanup", Time since last: 58083769608 ns, Reaching safepoint: 131326 ns, At safepoint: 10235 ns, Total: 141561 ns
[2024-02-27T23:29:32.570+0000][7][gc,start    ] GC(519) Pause Young (Normal) (G1 Evacuation Pause)
[2024-02-27T23:29:32.570+0000][7][gc,task     ] GC(519) Using 8 workers of 8 for evacuation
[2024-02-27T23:29:32.570+0000][7][gc,age      ] GC(519) Desired survivor size 41943040 bytes, new threshold 15 (max threshold 15)
[2024-02-27T23:29:32.572+0000][7][gc,phases   ] GC(519)   Pre Evacuate Collection Set: 0.1ms
[2024-02-27T23:29:32.572+0000][7][gc,phases   ] GC(519)   Merge Heap Roots: 0.1ms
[2024-02-27T23:29:32.572+0000][7][gc,phases   ] GC(519)   Evacuate Collection Set: 1.4ms
[2024-02-27T23:29:32.572+0000][7][gc,phases   ] GC(519)   Post Evacuate Collection Set: 0.7ms
[2024-02-27T23:29:32.572+0000][7][gc,phases   ] GC(519)   Other: 0.1ms
[2024-02-27T23:29:32.572+0000][7][gc,age      ] GC(519) Age table with threshold 15 (max threshold 15)
[2024-02-27T23:29:32.572+0000][7][gc,age      ] GC(519) - age   1:    1439064 bytes,    1439064 total
[2024-02-27T23:29:32.572+0000][7][gc,age      ] GC(519) - age   2:       5120 bytes,    1444184 total
[2024-02-27T23:29:32.572+0000][7][gc,age      ] GC(519) - age   3:       1080 bytes,    1445264 total
[2024-02-27T23:29:32.572+0000][7][gc,age      ] GC(519) - age   4:       3816 bytes,    1449080 total
[2024-02-27T23:29:32.572+0000][7][gc,age      ] GC(519) - age   5:        184 bytes,    1449264 total
[2024-02-27T23:29:32.572+0000][7][gc,age      ] GC(519) - age   6:     163352 bytes,    1612616 total
[2024-02-27T23:29:32.572+0000][7][gc,age      ] GC(519) - age   7:        424 bytes,    1613040 total
[2024-02-27T23:29:32.572+0000][7][gc,age      ] GC(519) - age   8:        200 bytes,    1613240 total
[2024-02-27T23:29:32.572+0000][7][gc,age      ] GC(519) - age   9:      31960 bytes,    1645200 total
[2024-02-27T23:29:32.572+0000][7][gc,age      ] GC(519) - age  10:      41744 bytes,    1686944 total
[2024-02-27T23:29:32.572+0000][7][gc,age      ] GC(519) - age  11:     139016 bytes,    1825960 total
[2024-02-27T23:29:32.572+0000][7][gc,age      ] GC(519) - age  13:      76064 bytes,    1902024 total
[2024-02-27T23:29:32.572+0000][7][gc,age      ] GC(519) - age  14:        392 bytes,    1902416 total
[2024-02-27T23:29:32.572+0000][7][gc,heap     ] GC(519) Eden regions: 152->0(152)
[2024-02-27T23:29:32.572+0000][7][gc,heap     ] GC(519) Survivor regions: 1->1(20)
[2024-02-27T23:29:32.572+0000][7][gc,heap     ] GC(519) Old regions: 27->27
[2024-02-27T23:29:32.572+0000][7][gc,heap     ] GC(519) Archive regions: 2->2
[2024-02-27T23:29:32.572+0000][7][gc,heap     ] GC(519) Humongous regions: 0->0
[2024-02-27T23:29:32.572+0000][7][gc,metaspace] GC(519) Metaspace: 129400K(133056K)->129400K(133056K) NonClass: 112502K(114432K)->112502K(114432K) Class: 16898K(18624K)->16898K(18624K)
[2024-02-27T23:29:32.573+0000][7][gc          ] GC(519) Pause Young (Normal) (G1 Evacuation Pause) 720M->111M(1024M) 2.651ms
[2024-02-27T23:29:32.573+0000][7][gc,cpu      ] GC(519) User=0.01s Sys=0.00s Real=0.01s
[2024-02-27T23:29:32.573+0000][7][safepoint   ] Safepoint "G1CollectForAllocation", Time since last: 100825076767 ns, Reaching safepoint: 75265 ns, At safepoint: 2741469 ns, Total: 2816734 ns
[2024-02-27T23:31:10.584+0000][7][safepoint   ] Safepoint "Cleanup", Time since last: 98011063961 ns, Reaching safepoint: 82459 ns, At safepoint: 39479 ns, Total: 121938 ns
[2024-02-27T23:31:53.875+0000][7][gc,start    ] GC(520) Pause Young (Normal) (G1 Evacuation Pause)
[2024-02-27T23:31:53.875+0000][7][gc,task     ] GC(520) Using 8 workers of 8 for evacuation
[2024-02-27T23:31:53.875+0000][7][gc,age      ] GC(520) Desired survivor size 41943040 bytes, new threshold 15 (max threshold 15)
[2024-02-27T23:31:53.877+0000][7][gc,phases   ] GC(520)   Pre Evacuate Collection Set: 0.1ms
[2024-02-27T23:31:53.877+0000][7][gc,phases   ] GC(520)   Merge Heap Roots: 0.1ms
[2024-02-27T23:31:53.877+0000][7][gc,phases   ] GC(520)   Evacuate Collection Set: 1.3ms
[2024-02-27T23:31:53.877+0000][7][gc,phases   ] GC(520)   Post Evacuate Collection Set: 0.6ms
[2024-02-27T23:31:53.877+0000][7][gc,phases   ] GC(520)   Other: 0.1ms
[2024-02-27T23:31:53.877+0000][7][gc,age      ] GC(520) Age table with threshold 15 (max threshold 15)
[2024-02-27T23:31:53.877+0000][7][gc,age      ] GC(520) - age   1:    1685968 bytes,    1685968 total
[2024-02-27T23:31:53.877+0000][7][gc,age      ] GC(520) - age   2:       4424 bytes,    1690392 total
[2024-02-27T23:31:53.877+0000][7][gc,age      ] GC(520) - age   3:       2088 bytes,    1692480 total
[2024-02-27T23:31:53.877+0000][7][gc,age      ] GC(520) - age   4:        376 bytes,    1692856 total
[2024-02-27T23:31:53.877+0000][7][gc,age      ] GC(520) - age   5:        296 bytes,    1693152 total
[2024-02-27T23:31:53.877+0000][7][gc,age      ] GC(520) - age   6:        184 bytes,    1693336 total
[2024-02-27T23:31:53.877+0000][7][gc,age      ] GC(520) - age   7:     163320 bytes,    1856656 total
[2024-02-27T23:31:53.877+0000][7][gc,age      ] GC(520) - age   8:         32 bytes,    1856688 total
[2024-02-27T23:31:53.877+0000][7][gc,age      ] GC(520) - age   9:        200 bytes,    1856888 total
[2024-02-27T23:31:53.877+0000][7][gc,age      ] GC(520) - age  10:      31960 bytes,    1888848 total
[2024-02-27T23:31:53.877+0000][7][gc,age      ] GC(520) - age  11:      41744 bytes,    1930592 total
[2024-02-27T23:31:53.877+0000][7][gc,age      ] GC(520) - age  12:     139016 bytes,    2069608 total
[2024-02-27T23:31:53.877+0000][7][gc,age      ] GC(520) - age  14:      76064 bytes,    2145672 total
[2024-02-27T23:31:53.877+0000][7][gc,age      ] GC(520) - age  15:        392 bytes,    2146064 total
[2024-02-27T23:31:53.877+0000][7][gc,heap     ] GC(520) Eden regions: 152->0(152)
[2024-02-27T23:31:53.877+0000][7][gc,heap     ] GC(520) Survivor regions: 1->1(20)
[2024-02-27T23:31:53.877+0000][7][gc,heap     ] GC(520) Old regions: 27->27
[2024-02-27T23:31:53.877+0000][7][gc,heap     ] GC(520) Archive regions: 2->2
[2024-02-27T23:31:53.877+0000][7][gc,heap     ] GC(520) Humongous regions: 0->0
[2024-02-27T23:31:53.877+0000][7][gc,metaspace] GC(520) Metaspace: 129402K(133056K)->129402K(133056K) NonClass: 112504K(114432K)->112504K(114432K) Class: 16898K(18624K)->16898K(18624K)
[2024-02-27T23:31:53.877+0000][7][gc          ] GC(520) Pause Young (Normal) (G1 Evacuation Pause) 719M->111M(1024M) 2.264ms
[2024-02-27T23:31:53.878+0000][7][gc,cpu      ] GC(520) User=0.01s Sys=0.00s Real=0.00s
[2024-02-27T23:31:53.878+0000][7][safepoint   ] Safepoint "G1CollectForAllocation", Time since last: 43291392131 ns, Reaching safepoint: 54603 ns, At safepoint: 2334957 ns, Total: 2389560 ns
[2024-02-27T23:33:59.736+0000][7][gc,start    ] GC(521) Pause Young (Normal) (G1 Evacuation Pause)
[2024-02-27T23:33:59.736+0000][7][gc,task     ] GC(521) Using 8 workers of 8 for evacuation
[2024-02-27T23:33:59.736+0000][7][gc,age      ] GC(521) Desired survivor size 41943040 bytes, new threshold 15 (max threshold 15)
[2024-02-27T23:33:59.738+0000][7][gc,phases   ] GC(521)   Pre Evacuate Collection Set: 0.1ms
[2024-02-27T23:33:59.738+0000][7][gc,phases   ] GC(521)   Merge Heap Roots: 0.1ms
[2024-02-27T23:33:59.738+0000][7][gc,phases   ] GC(521)   Evacuate Collection Set: 1.0ms
[2024-02-27T23:33:59.738+0000][7][gc,phases   ] GC(521)   Post Evacuate Collection Set: 0.5ms
[2024-02-27T23:33:59.738+0000][7][gc,phases   ] GC(521)   Other: 0.1ms
[2024-02-27T23:33:59.738+0000][7][gc,age      ] GC(521) Age table with threshold 15 (max threshold 15)
[2024-02-27T23:33:59.738+0000][7][gc,age      ] GC(521) - age   1:    2047112 bytes,    2047112 total
[2024-02-27T23:33:59.738+0000][7][gc,age      ] GC(521) - age   2:       7224 bytes,    2054336 total
[2024-02-27T23:33:59.738+0000][7][gc,age      ] GC(521) - age   3:       1808 bytes,    2056144 total
[2024-02-27T23:33:59.738+0000][7][gc,age      ] GC(521) - age   4:       1448 bytes,    2057592 total
[2024-02-27T23:33:59.738+0000][7][gc,age      ] GC(521) - age   5:        248 bytes,    2057840 total
[2024-02-27T23:33:59.738+0000][7][gc,age      ] GC(521) - age   7:        184 bytes,    2058024 total
[2024-02-27T23:33:59.738+0000][7][gc,age      ] GC(521) - age   8:     163320 bytes,    2221344 total
[2024-02-27T23:33:59.738+0000][7][gc,age      ] GC(521) - age   9:         32 bytes,    2221376 total
[2024-02-27T23:33:59.738+0000][7][gc,age      ] GC(521) - age  10:        200 bytes,    2221576 total
[2024-02-27T23:33:59.738+0000][7][gc,age      ] GC(521) - age  11:      31960 bytes,    2253536 total
[2024-02-27T23:33:59.738+0000][7][gc,age      ] GC(521) - age  12:      41560 bytes,    2295096 total
[2024-02-27T23:33:59.738+0000][7][gc,age      ] GC(521) - age  13:     139016 bytes,    2434112 total
[2024-02-27T23:33:59.738+0000][7][gc,age      ] GC(521) - age  15:      76064 bytes,    2510176 total
[2024-02-27T23:33:59.738+0000][7][gc,heap     ] GC(521) Eden regions: 152->0(152)
[2024-02-27T23:33:59.738+0000][7][gc,heap     ] GC(521) Survivor regions: 1->1(20)
[2024-02-27T23:33:59.738+0000][7][gc,heap     ] GC(521) Old regions: 27->27
[2024-02-27T23:33:59.738+0000][7][gc,heap     ] GC(521) Archive regions: 2->2
[2024-02-27T23:33:59.738+0000][7][gc,heap     ] GC(521) Humongous regions: 0->0
[2024-02-27T23:33:59.738+0000][7][gc,metaspace] GC(521) Metaspace: 129402K(133056K)->129402K(133056K) NonClass: 112504K(114432K)->112504K(114432K) Class: 16898K(18624K)->16898K(18624K)
[2024-02-27T23:33:59.738+0000][7][gc          ] GC(521) Pause Young (Normal) (G1 Evacuation Pause) 719M->112M(1024M) 1.858ms
[2024-02-27T23:33:59.738+0000][7][gc,cpu      ] GC(521) User=0.01s Sys=0.00s Real=0.00s
[2024-02-27T23:33:59.738+0000][7][safepoint   ] Safepoint "G1CollectForAllocation", Time since last: 125858772618 ns, Reaching safepoint: 44519 ns, At safepoint: 1935789 ns, Total: 1980308 ns
[2024-02-27T23:36:05.607+0000][7][gc,start    ] GC(522) Pause Young (Normal) (G1 Evacuation Pause)
[2024-02-27T23:36:05.607+0000][7][gc,task     ] GC(522) Using 8 workers of 8 for evacuation
[2024-02-27T23:36:05.607+0000][7][gc,age      ] GC(522) Desired survivor size 41943040 bytes, new threshold 15 (max threshold 15)
[2024-02-27T23:36:05.609+0000][7][gc,phases   ] GC(522)   Pre Evacuate Collection Set: 0.1ms
[2024-02-27T23:36:05.609+0000][7][gc,phases   ] GC(522)   Merge Heap Roots: 0.1ms
[2024-02-27T23:36:05.609+0000][7][gc,phases   ] GC(522)   Evacuate Collection Set: 1.2ms
[2024-02-27T23:36:05.609+0000][7][gc,phases   ] GC(522)   Post Evacuate Collection Set: 0.7ms
[2024-02-27T23:36:05.609+0000][7][gc,phases   ] GC(522)   Other: 0.1ms
[2024-02-27T23:36:05.609+0000][7][gc,age      ] GC(522) Age table with threshold 15 (max threshold 15)
[2024-02-27T23:36:05.609+0000][7][gc,age      ] GC(522) - age   1:    1086664 bytes,    1086664 total
[2024-02-27T23:36:05.609+0000][7][gc,age      ] GC(522) - age   2:       3648 bytes,    1090312 total
[2024-02-27T23:36:05.609+0000][7][gc,age      ] GC(522) - age   3:       4760 bytes,    1095072 total
[2024-02-27T23:36:05.609+0000][7][gc,age      ] GC(522) - age   4:       1232 bytes,    1096304 total
[2024-02-27T23:36:05.609+0000][7][gc,age      ] GC(522) - age   5:        696 bytes,    1097000 total
[2024-02-27T23:36:05.609+0000][7][gc,age      ] GC(522) - age   8:        184 bytes,    1097184 total
[2024-02-27T23:36:05.609+0000][7][gc,age      ] GC(522) - age   9:     163320 bytes,    1260504 total
[2024-02-27T23:36:05.609+0000][7][gc,age      ] GC(522) - age  11:        200 bytes,    1260704 total
[2024-02-27T23:36:05.609+0000][7][gc,age      ] GC(522) - age  12:      31960 bytes,    1292664 total
[2024-02-27T23:36:05.609+0000][7][gc,age      ] GC(522) - age  13:      41560 bytes,    1334224 total
[2024-02-27T23:36:05.609+0000][7][gc,age      ] GC(522) - age  14:     139016 bytes,    1473240 total
[2024-02-27T23:36:05.609+0000][7][gc,heap     ] GC(522) Eden regions: 152->0(152)
[2024-02-27T23:36:05.609+0000][7][gc,heap     ] GC(522) Survivor regions: 1->1(20)
[2024-02-27T23:36:05.609+0000][7][gc,heap     ] GC(522) Old regions: 27->27
[2024-02-27T23:36:05.609+0000][7][gc,heap     ] GC(522) Archive regions: 2->2
[2024-02-27T23:36:05.609+0000][7][gc,heap     ] GC(522) Humongous regions: 0->0
[2024-02-27T23:36:05.609+0000][7][gc,metaspace] GC(522) Metaspace: 129402K(133056K)->129402K(133056K) NonClass: 112504K(114432K)->112504K(114432K) Class: 16898K(18624K)->16898K(18624K)
[2024-02-27T23:36:05.609+0000][7][gc          ] GC(522) Pause Young (Normal) (G1 Evacuation Pause) 720M->111M(1024M) 2.344ms
[2024-02-27T23:36:05.609+0000][7][gc,cpu      ] GC(522) User=0.01s Sys=0.00s Real=0.00s
[2024-02-27T23:36:05.609+0000][7][safepoint   ] Safepoint "G1CollectForAllocation", Time since last: 125868277817 ns, Reaching safepoint: 33547 ns, At safepoint: 2429852 ns, Total: 2463399 ns
[2024-02-27T23:38:38.621+0000][7][gc,start    ] GC(523) Pause Young (Normal) (G1 Evacuation Pause)
[2024-02-27T23:38:38.621+0000][7][gc,task     ] GC(523) Using 8 workers of 8 for evacuation
[2024-02-27T23:38:38.621+0000][7][gc,age      ] GC(523) Desired survivor size 41943040 bytes, new threshold 15 (max threshold 15)
[2024-02-27T23:38:38.622+0000][7][gc,phases   ] GC(523)   Pre Evacuate Collection Set: 0.1ms
[2024-02-27T23:38:38.622+0000][7][gc,phases   ] GC(523)   Merge Heap Roots: 0.1ms
[2024-02-27T23:38:38.622+0000][7][gc,phases   ] GC(523)   Evacuate Collection Set: 0.9ms
[2024-02-27T23:38:38.622+0000][7][gc,phases   ] GC(523)   Post Evacuate Collection Set: 0.6ms
[2024-02-27T23:38:38.622+0000][7][gc,phases   ] GC(523)   Other: 0.1ms
[2024-02-27T23:38:38.622+0000][7][gc,age      ] GC(523) Age table with threshold 15 (max threshold 15)
[2024-02-27T23:38:38.622+0000][7][gc,age      ] GC(523) - age   1:     885976 bytes,     885976 total
[2024-02-27T23:38:38.622+0000][7][gc,age      ] GC(523) - age   2:       3048 bytes,     889024 total
[2024-02-27T23:38:38.622+0000][7][gc,age      ] GC(523) - age   3:        632 bytes,     889656 total
[2024-02-27T23:38:38.622+0000][7][gc,age      ] GC(523) - age   4:       4504 bytes,     894160 total
[2024-02-27T23:38:38.622+0000][7][gc,age      ] GC(523) - age   5:        888 bytes,     895048 total
[2024-02-27T23:38:38.622+0000][7][gc,age      ] GC(523) - age   6:        216 bytes,     895264 total
[2024-02-27T23:38:38.622+0000][7][gc,age      ] GC(523) - age   9:        184 bytes,     895448 total
[2024-02-27T23:38:38.622+0000][7][gc,age      ] GC(523) - age  10:     163224 bytes,    1058672 total
[2024-02-27T23:38:38.622+0000][7][gc,age      ] GC(523) - age  12:        200 bytes,    1058872 total
[2024-02-27T23:38:38.622+0000][7][gc,age      ] GC(523) - age  13:      31960 bytes,    1090832 total
[2024-02-27T23:38:38.622+0000][7][gc,age      ] GC(523) - age  14:      41560 bytes,    1132392 total
[2024-02-27T23:38:38.622+0000][7][gc,age      ] GC(523) - age  15:     139016 bytes,    1271408 total
[2024-02-27T23:38:38.622+0000][7][gc,heap     ] GC(523) Eden regions: 152->0(152)
[2024-02-27T23:38:38.622+0000][7][gc,heap     ] GC(523) Survivor regions: 1->1(20)
[2024-02-27T23:38:38.622+0000][7][gc,heap     ] GC(523) Old regions: 27->27
[2024-02-27T23:38:38.622+0000][7][gc,heap     ] GC(523) Archive regions: 2->2
[2024-02-27T23:38:38.622+0000][7][gc,heap     ] GC(523) Humongous regions: 0->0
[2024-02-27T23:38:38.622+0000][7][gc,metaspace] GC(523) Metaspace: 129402K(133056K)->129402K(133056K) NonClass: 112504K(114432K)->112504K(114432K) Class: 16898K(18624K)->16898K(18624K)
[2024-02-27T23:38:38.622+0000][7][gc          ] GC(523) Pause Young (Normal) (G1 Evacuation Pause) 719M->111M(1024M) 1.953ms
[2024-02-27T23:38:38.623+0000][7][gc,cpu      ] GC(523) User=0.00s Sys=0.01s Real=0.00s
[2024-02-27T23:38:38.623+0000][7][safepoint   ] Safepoint "G1CollectForAllocation", Time since last: 153011428638 ns, Reaching safepoint: 54762 ns, At safepoint: 2032372 ns, Total: 2087134 ns
[2024-02-27T23:40:44.614+0000][7][gc,start    ] GC(524) Pause Young (Normal) (G1 Evacuation Pause)
[2024-02-27T23:40:44.614+0000][7][gc,task     ] GC(524) Using 8 workers of 8 for evacuation
[2024-02-27T23:40:44.614+0000][7][gc,age      ] GC(524) Desired survivor size 41943040 bytes, new threshold 15 (max threshold 15)
[2024-02-27T23:40:44.617+0000][7][gc,phases   ] GC(524)   Pre Evacuate Collection Set: 0.1ms
[2024-02-27T23:40:44.617+0000][7][gc,phases   ] GC(524)   Merge Heap Roots: 0.1ms
[2024-02-27T23:40:44.617+0000][7][gc,phases   ] GC(524)   Evacuate Collection Set: 1.6ms
[2024-02-27T23:40:44.617+0000][7][gc,phases   ] GC(524)   Post Evacuate Collection Set: 0.8ms
[2024-02-27T23:40:44.617+0000][7][gc,phases   ] GC(524)   Other: 0.1ms
[2024-02-27T23:40:44.617+0000][7][gc,age      ] GC(524) Age table with threshold 15 (max threshold 15)
[2024-02-27T23:40:44.617+0000][7][gc,age      ] GC(524) - age   1:    1580000 bytes,    1580000 total
[2024-02-27T23:40:44.617+0000][7][gc,age      ] GC(524) - age   2:       5000 bytes,    1585000 total
[2024-02-27T23:40:44.617+0000][7][gc,age      ] GC(524) - age   3:       1576 bytes,    1586576 total
[2024-02-27T23:40:44.617+0000][7][gc,age      ] GC(524) - age   4:        376 bytes,    1586952 total
[2024-02-27T23:40:44.617+0000][7][gc,age      ] GC(524) - age   5:       4232 bytes,    1591184 total
[2024-02-27T23:40:44.617+0000][7][gc,age      ] GC(524) - age   6:        696 bytes,    1591880 total
[2024-02-27T23:40:44.617+0000][7][gc,age      ] GC(524) - age   7:        216 bytes,    1592096 total
[2024-02-27T23:40:44.617+0000][7][gc,age      ] GC(524) - age  10:        184 bytes,    1592280 total
[2024-02-27T23:40:44.617+0000][7][gc,age      ] GC(524) - age  11:     163224 bytes,    1755504 total
[2024-02-27T23:40:44.617+0000][7][gc,age      ] GC(524) - age  13:        200 bytes,    1755704 total
[2024-02-27T23:40:44.617+0000][7][gc,age      ] GC(524) - age  14:      31960 bytes,    1787664 total
[2024-02-27T23:40:44.617+0000][7][gc,age      ] GC(524) - age  15:      41560 bytes,    1829224 total
[2024-02-27T23:40:44.617+0000][7][gc,heap     ] GC(524) Eden regions: 152->0(152)
[2024-02-27T23:40:44.617+0000][7][gc,heap     ] GC(524) Survivor regions: 1->1(20)
[2024-02-27T23:40:44.617+0000][7][gc,heap     ] GC(524) Old regions: 27->27
[2024-02-27T23:40:44.617+0000][7][gc,heap     ] GC(524) Archive regions: 2->2
[2024-02-27T23:40:44.617+0000][7][gc,heap     ] GC(524) Humongous regions: 0->0
[2024-02-27T23:40:44.617+0000][7][gc,metaspace] GC(524) Metaspace: 129402K(133056K)->129402K(133056K) NonClass: 112504K(114432K)->112504K(114432K) Class: 16898K(18624K)->16898K(18624K)
[2024-02-27T23:40:44.617+0000][7][gc          ] GC(524) Pause Young (Normal) (G1 Evacuation Pause) 719M->111M(1024M) 2.891ms
[2024-02-27T23:40:44.617+0000][7][gc,cpu      ] GC(524) User=0.01s Sys=0.01s Real=0.00s
[2024-02-27T23:40:44.617+0000][7][safepoint   ] Safepoint "G1CollectForAllocation", Time since last: 125991823117 ns, Reaching safepoint: 33752 ns, At safepoint: 2981740 ns, Total: 3015492 ns
[2024-02-27T23:42:48.422+0000][7][gc,start    ] GC(525) Pause Young (Normal) (G1 Evacuation Pause)
[2024-02-27T23:42:48.422+0000][7][gc,task     ] GC(525) Using 8 workers of 8 for evacuation
[2024-02-27T23:42:48.422+0000][7][gc,age      ] GC(525) Desired survivor size 41943040 bytes, new threshold 15 (max threshold 15)
[2024-02-27T23:42:48.424+0000][7][gc,phases   ] GC(525)   Pre Evacuate Collection Set: 0.1ms
[2024-02-27T23:42:48.424+0000][7][gc,phases   ] GC(525)   Merge Heap Roots: 0.1ms
[2024-02-27T23:42:48.424+0000][7][gc,phases   ] GC(525)   Evacuate Collection Set: 0.9ms
[2024-02-27T23:42:48.424+0000][7][gc,phases   ] GC(525)   Post Evacuate Collection Set: 0.5ms
[2024-02-27T23:42:48.424+0000][7][gc,phases   ] GC(525)   Other: 0.1ms
[2024-02-27T23:42:48.424+0000][7][gc,age      ] GC(525) Age table with threshold 15 (max threshold 15)
[2024-02-27T23:42:48.424+0000][7][gc,age      ] GC(525) - age   1:    1736496 bytes,    1736496 total
[2024-02-27T23:42:48.424+0000][7][gc,age      ] GC(525) - age   2:       3128 bytes,    1739624 total
[2024-02-27T23:42:48.424+0000][7][gc,age      ] GC(525) - age   3:       1488 bytes,    1741112 total
[2024-02-27T23:42:48.424+0000][7][gc,age      ] GC(525) - age   4:       1320 bytes,    1742432 total
[2024-02-27T23:42:48.424+0000][7][gc,age      ] GC(525) - age   5:        184 bytes,    1742616 total
[2024-02-27T23:42:48.424+0000][7][gc,age      ] GC(525) - age   6:        480 bytes,    1743096 total
[2024-02-27T23:42:48.424+0000][7][gc,age      ] GC(525) - age   7:        568 bytes,    1743664 total
[2024-02-27T23:42:48.424+0000][7][gc,age      ] GC(525) - age   8:        216 bytes,    1743880 total
[2024-02-27T23:42:48.424+0000][7][gc,age      ] GC(525) - age  11:        184 bytes,    1744064 total
[2024-02-27T23:42:48.424+0000][7][gc,age      ] GC(525) - age  12:     163224 bytes,    1907288 total
[2024-02-27T23:42:48.424+0000][7][gc,age      ] GC(525) - age  14:        200 bytes,    1907488 total
[2024-02-27T23:42:48.424+0000][7][gc,age      ] GC(525) - age  15:      31960 bytes,    1939448 total
[2024-02-27T23:42:48.424+0000][7][gc,heap     ] GC(525) Eden regions: 152->0(152)
[2024-02-27T23:42:48.424+0000][7][gc,heap     ] GC(525) Survivor regions: 1->1(20)
[2024-02-27T23:42:48.424+0000][7][gc,heap     ] GC(525) Old regions: 27->27
[2024-02-27T23:42:48.424+0000][7][gc,heap     ] GC(525) Archive regions: 2->2
[2024-02-27T23:42:48.424+0000][7][gc,heap     ] GC(525) Humongous regions: 0->0
[2024-02-27T23:42:48.424+0000][7][gc,metaspace] GC(525) Metaspace: 129402K(133056K)->129402K(133056K) NonClass: 112504K(114432K)->112504K(114432K) Class: 16898K(18624K)->16898K(18624K)
[2024-02-27T23:42:48.424+0000][7][gc          ] GC(525) Pause Young (Normal) (G1 Evacuation Pause) 719M->112M(1024M) 1.778ms
[2024-02-27T23:42:48.424+0000][7][gc,cpu      ] GC(525) User=0.01s Sys=0.00s Real=0.00s
[2024-02-27T23:42:48.424+0000][7][safepoint   ] Safepoint "G1CollectForAllocation", Time since last: 123804741166 ns, Reaching safepoint: 50670 ns, At safepoint: 1843484 ns, Total: 1894154 ns
[2024-02-27T23:44:50.591+0000][7][gc,start    ] GC(526) Pause Young (Normal) (G1 Evacuation Pause)
[2024-02-27T23:44:50.591+0000][7][gc,task     ] GC(526) Using 8 workers of 8 for evacuation
[2024-02-27T23:44:50.591+0000][7][gc,age      ] GC(526) Desired survivor size 41943040 bytes, new threshold 15 (max threshold 15)
[2024-02-27T23:44:50.596+0000][7][gc,phases   ] GC(526)   Pre Evacuate Collection Set: 0.2ms
[2024-02-27T23:44:50.597+0000][7][gc,phases   ] GC(526)   Merge Heap Roots: 0.2ms
[2024-02-27T23:44:50.597+0000][7][gc,phases   ] GC(526)   Evacuate Collection Set: 4.1ms
[2024-02-27T23:44:50.597+0000][7][gc,phases   ] GC(526)   Post Evacuate Collection Set: 0.8ms
[2024-02-27T23:44:50.597+0000][7][gc,phases   ] GC(526)   Other: 0.1ms
[2024-02-27T23:44:50.597+0000][7][gc,age      ] GC(526) Age table with threshold 15 (max threshold 15)
[2024-02-27T23:44:50.597+0000][7][gc,age      ] GC(526) - age   1:     653008 bytes,     653008 total
[2024-02-27T23:44:50.597+0000][7][gc,age      ] GC(526) - age   2:       6328 bytes,     659336 total
[2024-02-27T23:44:50.597+0000][7][gc,age      ] GC(526) - age   3:       1120 bytes,     660456 total
[2024-02-27T23:44:50.597+0000][7][gc,age      ] GC(526) - age   4:        560 bytes,     661016 total
[2024-02-27T23:44:50.597+0000][7][gc,age      ] GC(526) - age   5:        992 bytes,     662008 total
[2024-02-27T23:44:50.597+0000][7][gc,age      ] GC(526) - age   6:        184 bytes,     662192 total
[2024-02-27T23:44:50.597+0000][7][gc,age      ] GC(526) - age   7:        416 bytes,     662608 total
[2024-02-27T23:44:50.597+0000][7][gc,age      ] GC(526) - age   8:        568 bytes,     663176 total
[2024-02-27T23:44:50.597+0000][7][gc,age      ] GC(526) - age   9:        216 bytes,     663392 total
[2024-02-27T23:44:50.597+0000][7][gc,age      ] GC(526) - age  12:        184 bytes,     663576 total
[2024-02-27T23:44:50.597+0000][7][gc,age      ] GC(526) - age  13:     163224 bytes,     826800 total
[2024-02-27T23:44:50.597+0000][7][gc,age      ] GC(526) - age  15:        200 bytes,     827000 total
[2024-02-27T23:44:50.597+0000][7][gc,heap     ] GC(526) Eden regions: 152->0(152)
[2024-02-27T23:44:50.597+0000][7][gc,heap     ] GC(526) Survivor regions: 1->1(20)
[2024-02-27T23:44:50.597+0000][7][gc,heap     ] GC(526) Old regions: 27->27
[2024-02-27T23:44:50.597+0000][7][gc,heap     ] GC(526) Archive regions: 2->2
[2024-02-27T23:44:50.597+0000][7][gc,heap     ] GC(526) Humongous regions: 0->0
[2024-02-27T23:44:50.597+0000][7][gc,metaspace] GC(526) Metaspace: 129402K(133056K)->129402K(133056K) NonClass: 112504K(114432K)->112504K(114432K) Class: 16898K(18624K)->16898K(18624K)
[2024-02-27T23:44:50.597+0000][7][gc          ] GC(526) Pause Young (Normal) (G1 Evacuation Pause) 720M->111M(1024M) 5.629ms
[2024-02-27T23:44:50.597+0000][7][gc,cpu      ] GC(526) User=0.01s Sys=0.00s Real=0.01s
[2024-02-27T23:44:50.597+0000][7][safepoint   ] Safepoint "G1CollectForAllocation", Time since last: 122166859838 ns, Reaching safepoint: 131031 ns, At safepoint: 5736572 ns, Total: 5867603 ns
[2024-02-27T23:47:00.379+0000][7][gc,start    ] GC(527) Pause Young (Normal) (G1 Evacuation Pause)
[2024-02-27T23:47:00.379+0000][7][gc,task     ] GC(527) Using 8 workers of 8 for evacuation
[2024-02-27T23:47:00.380+0000][7][gc,age      ] GC(527) Desired survivor size 41943040 bytes, new threshold 15 (max threshold 15)
[2024-02-27T23:47:00.382+0000][7][gc,phases   ] GC(527)   Pre Evacuate Collection Set: 0.1ms
[2024-02-27T23:47:00.382+0000][7][gc,phases   ] GC(527)   Merge Heap Roots: 0.1ms
[2024-02-27T23:47:00.382+0000][7][gc,phases   ] GC(527)   Evacuate Collection Set: 1.3ms
[2024-02-27T23:47:00.382+0000][7][gc,phases   ] GC(527)   Post Evacuate Collection Set: 0.9ms
[2024-02-27T23:47:00.382+0000][7][gc,phases   ] GC(527)   Other: 0.1ms
[2024-02-27T23:47:00.382+0000][7][gc,age      ] GC(527) Age table with threshold 15 (max threshold 15)
[2024-02-27T23:47:00.382+0000][7][gc,age      ] GC(527) - age   1:     971408 bytes,     971408 total
[2024-02-27T23:47:00.382+0000][7][gc,age      ] GC(527) - age   2:       3120 bytes,     974528 total
[2024-02-27T23:47:00.382+0000][7][gc,age      ] GC(527) - age   3:       4408 bytes,     978936 total
[2024-02-27T23:47:00.382+0000][7][gc,age      ] GC(527) - age   4:        544 bytes,     979480 total
[2024-02-27T23:47:00.382+0000][7][gc,age      ] GC(527) - age   5:        368 bytes,     979848 total
[2024-02-27T23:47:00.382+0000][7][gc,age      ] GC(527) - age   6:         32 bytes,     979880 total
[2024-02-27T23:47:00.382+0000][7][gc,age      ] GC(527) - age   7:        184 bytes,     980064 total
[2024-02-27T23:47:00.382+0000][7][gc,age      ] GC(527) - age   8:         24 bytes,     980088 total
[2024-02-27T23:47:00.382+0000][7][gc,age      ] GC(527) - age   9:        384 bytes,     980472 total
[2024-02-27T23:47:00.382+0000][7][gc,age      ] GC(527) - age  10:        184 bytes,     980656 total
[2024-02-27T23:47:00.382+0000][7][gc,age      ] GC(527) - age  13:        184 bytes,     980840 total
[2024-02-27T23:47:00.382+0000][7][gc,age      ] GC(527) - age  14:     163224 bytes,    1144064 total
[2024-02-27T23:47:00.382+0000][7][gc,heap     ] GC(527) Eden regions: 152->0(152)
[2024-02-27T23:47:00.382+0000][7][gc,heap     ] GC(527) Survivor regions: 1->1(20)
[2024-02-27T23:47:00.382+0000][7][gc,heap     ] GC(527) Old regions: 27->27
[2024-02-27T23:47:00.382+0000][7][gc,heap     ] GC(527) Archive regions: 2->2
[2024-02-27T23:47:00.382+0000][7][gc,heap     ] GC(527) Humongous regions: 0->0
[2024-02-27T23:47:00.382+0000][7][gc,metaspace] GC(527) Metaspace: 129405K(133056K)->129405K(133056K) NonClass: 112506K(114432K)->112506K(114432K) Class: 16898K(18624K)->16898K(18624K)
[2024-02-27T23:47:00.382+0000][7][gc          ] GC(527) Pause Young (Normal) (G1 Evacuation Pause) 719M->111M(1024M) 2.920ms
[2024-02-27T23:47:00.382+0000][7][gc,cpu      ] GC(527) User=0.01s Sys=0.00s Real=0.00s
[2024-02-27T23:47:00.382+0000][7][safepoint   ] Safepoint "G1CollectForAllocation", Time since last: 129782482104 ns, Reaching safepoint: 122746 ns, At safepoint: 3047883 ns, Total: 3170629 ns
[2024-02-27T23:49:02.684+0000][7][gc,start    ] GC(528) Pause Young (Normal) (G1 Evacuation Pause)
[2024-02-27T23:49:02.684+0000][7][gc,task     ] GC(528) Using 8 workers of 8 for evacuation
[2024-02-27T23:49:02.684+0000][7][gc,age      ] GC(528) Desired survivor size 41943040 bytes, new threshold 15 (max threshold 15)
[2024-02-27T23:49:02.686+0000][7][gc,phases   ] GC(528)   Pre Evacuate Collection Set: 0.1ms
[2024-02-27T23:49:02.686+0000][7][gc,phases   ] GC(528)   Merge Heap Roots: 0.0ms
[2024-02-27T23:49:02.686+0000][7][gc,phases   ] GC(528)   Evacuate Collection Set: 1.0ms
[2024-02-27T23:49:02.686+0000][7][gc,phases   ] GC(528)   Post Evacuate Collection Set: 0.6ms
[2024-02-27T23:49:02.686+0000][7][gc,phases   ] GC(528)   Other: 0.1ms
[2024-02-27T23:49:02.686+0000][7][gc,age      ] GC(528) Age table with threshold 15 (max threshold 15)
[2024-02-27T23:49:02.686+0000][7][gc,age      ] GC(528) - age   1:    2133832 bytes,    2133832 total
[2024-02-27T23:49:02.686+0000][7][gc,age      ] GC(528) - age   2:       4936 bytes,    2138768 total
[2024-02-27T23:49:02.686+0000][7][gc,age      ] GC(528) - age   3:        512 bytes,    2139280 total
[2024-02-27T23:49:02.686+0000][7][gc,age      ] GC(528) - age   4:       3896 bytes,    2143176 total
[2024-02-27T23:49:02.686+0000][7][gc,age      ] GC(528) - age   5:        480 bytes,    2143656 total
[2024-02-27T23:49:02.686+0000][7][gc,age      ] GC(528) - age   6:        368 bytes,    2144024 total
[2024-02-27T23:49:02.686+0000][7][gc,age      ] GC(528) - age   7:         32 bytes,    2144056 total
[2024-02-27T23:49:02.686+0000][7][gc,age      ] GC(528) - age   8:        184 bytes,    2144240 total
[2024-02-27T23:49:02.686+0000][7][gc,age      ] GC(528) - age   9:         24 bytes,    2144264 total
[2024-02-27T23:49:02.686+0000][7][gc,age      ] GC(528) - age  11:        184 bytes,    2144448 total
[2024-02-27T23:49:02.686+0000][7][gc,age      ] GC(528) - age  14:        184 bytes,    2144632 total
[2024-02-27T23:49:02.686+0000][7][gc,age      ] GC(528) - age  15:     163224 bytes,    2307856 total
[2024-02-27T23:49:02.686+0000][7][gc,heap     ] GC(528) Eden regions: 152->0(152)
[2024-02-27T23:49:02.686+0000][7][gc,heap     ] GC(528) Survivor regions: 1->1(20)
[2024-02-27T23:49:02.686+0000][7][gc,heap     ] GC(528) Old regions: 27->27
[2024-02-27T23:49:02.686+0000][7][gc,heap     ] GC(528) Archive regions: 2->2
[2024-02-27T23:49:02.686+0000][7][gc,heap     ] GC(528) Humongous regions: 0->0
[2024-02-27T23:49:02.686+0000][7][gc,metaspace] GC(528) Metaspace: 129405K(133056K)->129405K(133056K) NonClass: 112506K(114432K)->112506K(114432K) Class: 16898K(18624K)->16898K(18624K)
[2024-02-27T23:49:02.686+0000][7][gc          ] GC(528) Pause Young (Normal) (G1 Evacuation Pause) 719M->112M(1024M) 1.988ms
[2024-02-27T23:49:02.686+0000][7][gc,cpu      ] GC(528) User=0.00s Sys=0.01s Real=0.00s
[2024-02-27T23:49:02.686+0000][7][safepoint   ] Safepoint "G1CollectForAllocation", Time since last: 122301561988 ns, Reaching safepoint: 104913 ns, At safepoint: 2074122 ns, Total: 2179035 ns
[2024-02-27T23:51:44.641+0000][7][gc,start    ] GC(529) Pause Young (Normal) (G1 Evacuation Pause)
[2024-02-27T23:51:44.641+0000][7][gc,task     ] GC(529) Using 8 workers of 8 for evacuation
[2024-02-27T23:51:44.641+0000][7][gc,age      ] GC(529) Desired survivor size 41943040 bytes, new threshold 15 (max threshold 15)
[2024-02-27T23:51:44.643+0000][7][gc,phases   ] GC(529)   Pre Evacuate Collection Set: 0.1ms
[2024-02-27T23:51:44.643+0000][7][gc,phases   ] GC(529)   Merge Heap Roots: 0.1ms
[2024-02-27T23:51:44.643+0000][7][gc,phases   ] GC(529)   Evacuate Collection Set: 1.4ms
[2024-02-27T23:51:44.643+0000][7][gc,phases   ] GC(529)   Post Evacuate Collection Set: 0.7ms
[2024-02-27T23:51:44.643+0000][7][gc,phases   ] GC(529)   Other: 0.1ms
[2024-02-27T23:51:44.643+0000][7][gc,age      ] GC(529) Age table with threshold 15 (max threshold 15)
[2024-02-27T23:51:44.643+0000][7][gc,age      ] GC(529) - age   1:    1184816 bytes,    1184816 total
[2024-02-27T23:51:44.643+0000][7][gc,age      ] GC(529) - age   2:       4152 bytes,    1188968 total
[2024-02-27T23:51:44.643+0000][7][gc,age      ] GC(529) - age   3:       1552 bytes,    1190520 total
[2024-02-27T23:51:44.643+0000][7][gc,age      ] GC(529) - age   5:        184 bytes,    1190704 total
[2024-02-27T23:51:44.643+0000][7][gc,age      ] GC(529) - age   6:        184 bytes,    1190888 total
[2024-02-27T23:51:44.643+0000][7][gc,age      ] GC(529) - age   7:        272 bytes,    1191160 total
[2024-02-27T23:51:44.643+0000][7][gc,age      ] GC(529) - age   8:         32 bytes,    1191192 total
[2024-02-27T23:51:44.643+0000][7][gc,age      ] GC(529) - age   9:        184 bytes,    1191376 total
[2024-02-27T23:51:44.643+0000][7][gc,age      ] GC(529) - age  10:         24 bytes,    1191400 total
[2024-02-27T23:51:44.643+0000][7][gc,age      ] GC(529) - age  12:        184 bytes,    1191584 total
[2024-02-27T23:51:44.643+0000][7][gc,age      ] GC(529) - age  15:        184 bytes,    1191768 total
[2024-02-27T23:51:44.643+0000][7][gc,heap     ] GC(529) Eden regions: 152->0(152)
[2024-02-27T23:51:44.643+0000][7][gc,heap     ] GC(529) Survivor regions: 1->1(20)
[2024-02-27T23:51:44.643+0000][7][gc,heap     ] GC(529) Old regions: 27->27
[2024-02-27T23:51:44.643+0000][7][gc,heap     ] GC(529) Archive regions: 2->2
[2024-02-27T23:51:44.643+0000][7][gc,heap     ] GC(529) Humongous regions: 0->0
[2024-02-27T23:51:44.643+0000][7][gc,metaspace] GC(529) Metaspace: 129405K(133056K)->129405K(133056K) NonClass: 112506K(114432K)->112506K(114432K) Class: 16898K(18624K)->16898K(18624K)
[2024-02-27T23:51:44.643+0000][7][gc          ] GC(529) Pause Young (Normal) (G1 Evacuation Pause) 720M->111M(1024M) 2.633ms
[2024-02-27T23:51:44.643+0000][7][gc,cpu      ] GC(529) User=0.01s Sys=0.00s Real=0.00s
[2024-02-27T23:51:44.643+0000][7][safepoint   ] Safepoint "G1CollectForAllocation", Time since last: 161954368078 ns, Reaching safepoint: 80071 ns, At safepoint: 2727084 ns, Total: 2807155 ns
[2024-02-27T23:54:20.874+0000][7][gc,start    ] GC(530) Pause Young (Normal) (G1 Evacuation Pause)
[2024-02-27T23:54:20.874+0000][7][gc,task     ] GC(530) Using 8 workers of 8 for evacuation
[2024-02-27T23:54:20.874+0000][7][gc,age      ] GC(530) Desired survivor size 41943040 bytes, new threshold 15 (max threshold 15)
[2024-02-27T23:54:20.877+0000][7][gc,phases   ] GC(530)   Pre Evacuate Collection Set: 0.1ms
[2024-02-27T23:54:20.877+0000][7][gc,phases   ] GC(530)   Merge Heap Roots: 0.1ms
[2024-02-27T23:54:20.877+0000][7][gc,phases   ] GC(530)   Evacuate Collection Set: 1.7ms
[2024-02-27T23:54:20.877+0000][7][gc,phases   ] GC(530)   Post Evacuate Collection Set: 0.7ms
[2024-02-27T23:54:20.877+0000][7][gc,phases   ] GC(530)   Other: 0.1ms
[2024-02-27T23:54:20.877+0000][7][gc,age      ] GC(530) Age table with threshold 15 (max threshold 15)
[2024-02-27T23:54:20.877+0000][7][gc,age      ] GC(530) - age   1:     573088 bytes,     573088 total
[2024-02-27T23:54:20.877+0000][7][gc,age      ] GC(530) - age   2:       6600 bytes,     579688 total
[2024-02-27T23:54:20.877+0000][7][gc,age      ] GC(530) - age   3:        824 bytes,     580512 total
[2024-02-27T23:54:20.877+0000][7][gc,age      ] GC(530) - age   4:       1296 bytes,     581808 total
[2024-02-27T23:54:20.877+0000][7][gc,age      ] GC(530) - age   6:        184 bytes,     581992 total
[2024-02-27T23:54:20.877+0000][7][gc,age      ] GC(530) - age   7:        184 bytes,     582176 total
[2024-02-27T23:54:20.877+0000][7][gc,age      ] GC(530) - age   8:        272 bytes,     582448 total
[2024-02-27T23:54:20.877+0000][7][gc,age      ] GC(530) - age   9:         32 bytes,     582480 total
[2024-02-27T23:54:20.877+0000][7][gc,age      ] GC(530) - age  10:        184 bytes,     582664 total
[2024-02-27T23:54:20.877+0000][7][gc,age      ] GC(530) - age  11:         24 bytes,     582688 total
[2024-02-27T23:54:20.877+0000][7][gc,age      ] GC(530) - age  13:        184 bytes,     582872 total
[2024-02-27T23:54:20.877+0000][7][gc,heap     ] GC(530) Eden regions: 152->0(152)
[2024-02-27T23:54:20.877+0000][7][gc,heap     ] GC(530) Survivor regions: 1->1(20)
[2024-02-27T23:54:20.877+0000][7][gc,heap     ] GC(530) Old regions: 27->27
[2024-02-27T23:54:20.877+0000][7][gc,heap     ] GC(530) Archive regions: 2->2
[2024-02-27T23:54:20.877+0000][7][gc,heap     ] GC(530) Humongous regions: 0->0
[2024-02-27T23:54:20.877+0000][7][gc,metaspace] GC(530) Metaspace: 129405K(133056K)->129405K(133056K) NonClass: 112506K(114432K)->112506K(114432K) Class: 16898K(18624K)->16898K(18624K)
[2024-02-27T23:54:20.877+0000][7][gc          ] GC(530) Pause Young (Normal) (G1 Evacuation Pause) 719M->110M(1024M) 2.951ms
[2024-02-27T23:54:20.877+0000][7][gc,cpu      ] GC(530) User=0.01s Sys=0.00s Real=0.00s
[2024-02-27T23:54:20.877+0000][7][safepoint   ] Safepoint "G1CollectForAllocation", Time since last: 156230793861 ns, Reaching safepoint: 49559 ns, At safepoint: 3047838 ns, Total: 3097397 ns
[2024-02-27T23:56:35.711+0000][7][gc,start    ] GC(531) Pause Young (Normal) (G1 Evacuation Pause)
[2024-02-27T23:56:35.711+0000][7][gc,task     ] GC(531) Using 8 workers of 8 for evacuation
[2024-02-27T23:56:35.711+0000][7][gc,age      ] GC(531) Desired survivor size 41943040 bytes, new threshold 15 (max threshold 15)
[2024-02-27T23:56:35.713+0000][7][gc,phases   ] GC(531)   Pre Evacuate Collection Set: 0.1ms
[2024-02-27T23:56:35.713+0000][7][gc,phases   ] GC(531)   Merge Heap Roots: 0.1ms
[2024-02-27T23:56:35.713+0000][7][gc,phases   ] GC(531)   Evacuate Collection Set: 1.2ms
[2024-02-27T23:56:35.713+0000][7][gc,phases   ] GC(531)   Post Evacuate Collection Set: 0.8ms
[2024-02-27T23:56:35.713+0000][7][gc,phases   ] GC(531)   Other: 0.1ms
[2024-02-27T23:56:35.713+0000][7][gc,age      ] GC(531) Age table with threshold 15 (max threshold 15)
[2024-02-27T23:56:35.713+0000][7][gc,age      ] GC(531) - age   1:     794976 bytes,     794976 total
[2024-02-27T23:56:35.713+0000][7][gc,age      ] GC(531) - age   2:      12216 bytes,     807192 total
[2024-02-27T23:56:35.713+0000][7][gc,age      ] GC(531) - age   3:       4384 bytes,     811576 total
[2024-02-27T23:56:35.713+0000][7][gc,age      ] GC(531) - age   4:        632 bytes,     812208 total
[2024-02-27T23:56:35.713+0000][7][gc,age      ] GC(531) - age   5:        608 bytes,     812816 total
[2024-02-27T23:56:35.713+0000][7][gc,age      ] GC(531) - age   8:        184 bytes,     813000 total
[2024-02-27T23:56:35.713+0000][7][gc,age      ] GC(531) - age   9:        272 bytes,     813272 total
[2024-02-27T23:56:35.713+0000][7][gc,age      ] GC(531) - age  11:        184 bytes,     813456 total
[2024-02-27T23:56:35.713+0000][7][gc,age      ] GC(531) - age  12:         24 bytes,     813480 total
[2024-02-27T23:56:35.713+0000][7][gc,age      ] GC(531) - age  14:        184 bytes,     813664 total
[2024-02-27T23:56:35.713+0000][7][gc,heap     ] GC(531) Eden regions: 152->0(152)
[2024-02-27T23:56:35.713+0000][7][gc,heap     ] GC(531) Survivor regions: 1->1(20)
[2024-02-27T23:56:35.713+0000][7][gc,heap     ] GC(531) Old regions: 27->27
[2024-02-27T23:56:35.713+0000][7][gc,heap     ] GC(531) Archive regions: 2->2
[2024-02-27T23:56:35.713+0000][7][gc,heap     ] GC(531) Humongous regions: 0->0
[2024-02-27T23:56:35.713+0000][7][gc,metaspace] GC(531) Metaspace: 129405K(133056K)->129405K(133056K) NonClass: 112506K(114432K)->112506K(114432K) Class: 16898K(18624K)->16898K(18624K)
[2024-02-27T23:56:35.713+0000][7][gc          ] GC(531) Pause Young (Normal) (G1 Evacuation Pause) 718M->111M(1024M) 2.656ms
[2024-02-27T23:56:35.714+0000][7][gc,cpu      ] GC(531) User=0.01s Sys=0.00s Real=0.01s
[2024-02-27T23:56:35.714+0000][7][safepoint   ] Safepoint "G1CollectForAllocation", Time since last: 134833506088 ns, Reaching safepoint: 79952 ns, At safepoint: 2760565 ns, Total: 2840517 ns
[2024-02-27T23:58:41.623+0000][7][gc,start    ] GC(532) Pause Young (Normal) (G1 Evacuation Pause)
[2024-02-27T23:58:41.623+0000][7][gc,task     ] GC(532) Using 8 workers of 8 for evacuation
[2024-02-27T23:58:41.623+0000][7][gc,age      ] GC(532) Desired survivor size 41943040 bytes, new threshold 15 (max threshold 15)
[2024-02-27T23:58:41.626+0000][7][gc,phases   ] GC(532)   Pre Evacuate Collection Set: 0.1ms
[2024-02-27T23:58:41.626+0000][7][gc,phases   ] GC(532)   Merge Heap Roots: 0.1ms
[2024-02-27T23:58:41.626+0000][7][gc,phases   ] GC(532)   Evacuate Collection Set: 1.3ms
[2024-02-27T23:58:41.626+0000][7][gc,phases   ] GC(532)   Post Evacuate Collection Set: 0.7ms
[2024-02-27T23:58:41.626+0000][7][gc,phases   ] GC(532)   Other: 0.1ms
[2024-02-27T23:58:41.626+0000][7][gc,age      ] GC(532) Age table with threshold 15 (max threshold 15)
[2024-02-27T23:58:41.626+0000][7][gc,age      ] GC(532) - age   1:    1299408 bytes,    1299408 total
[2024-02-27T23:58:41.626+0000][7][gc,age      ] GC(532) - age   2:       3528 bytes,    1302936 total
[2024-02-27T23:58:41.626+0000][7][gc,age      ] GC(532) - age   3:       1432 bytes,    1304368 total
[2024-02-27T23:58:41.626+0000][7][gc,age      ] GC(532) - age   4:       4128 bytes,    1308496 total
[2024-02-27T23:58:41.626+0000][7][gc,age      ] GC(532) - age   5:        632 bytes,    1309128 total
[2024-02-27T23:58:41.626+0000][7][gc,age      ] GC(532) - age   6:        608 bytes,    1309736 total
[2024-02-27T23:58:41.626+0000][7][gc,age      ] GC(532) - age   9:        184 bytes,    1309920 total
[2024-02-27T23:58:41.626+0000][7][gc,age      ] GC(532) - age  10:         88 bytes,    1310008 total
[2024-02-27T23:58:41.626+0000][7][gc,age      ] GC(532) - age  12:        184 bytes,    1310192 total
[2024-02-27T23:58:41.626+0000][7][gc,age      ] GC(532) - age  13:         24 bytes,    1310216 total
[2024-02-27T23:58:41.626+0000][7][gc,age      ] GC(532) - age  15:        184 bytes,    1310400 total
[2024-02-27T23:58:41.626+0000][7][gc,heap     ] GC(532) Eden regions: 152->0(152)
[2024-02-27T23:58:41.626+0000][7][gc,heap     ] GC(532) Survivor regions: 1->1(20)
[2024-02-27T23:58:41.626+0000][7][gc,heap     ] GC(532) Old regions: 27->27
[2024-02-27T23:58:41.626+0000][7][gc,heap     ] GC(532) Archive regions: 2->2
[2024-02-27T23:58:41.626+0000][7][gc,heap     ] GC(532) Humongous regions: 0->0
[2024-02-27T23:58:41.626+0000][7][gc,metaspace] GC(532) Metaspace: 129405K(133056K)->129405K(133056K) NonClass: 112506K(114432K)->112506K(114432K) Class: 16898K(18624K)->16898K(18624K)
[2024-02-27T23:58:41.626+0000][7][gc          ] GC(532) Pause Young (Normal) (G1 Evacuation Pause) 719M->111M(1024M) 2.462ms
[2024-02-27T23:58:41.626+0000][7][gc,cpu      ] GC(532) User=0.01s Sys=0.00s Real=0.01s
[2024-02-27T23:58:41.626+0000][7][safepoint   ] Safepoint "G1CollectForAllocation", Time since last: 125909583646 ns, Reaching safepoint: 73013 ns, At safepoint: 2550612 ns, Total: 2623625 ns
[2024-02-28T00:00:03.636+0000][7][safepoint   ] Safepoint "Cleanup", Time since last: 82009689628 ns, Reaching safepoint: 126068 ns, At safepoint: 11786 ns, Total: 137854 ns
[2024-02-28T00:00:09.636+0000][7][safepoint   ] Safepoint "Cleanup", Time since last: 6000689866 ns, Reaching safepoint: 106242 ns, At safepoint: 6872 ns, Total: 113114 ns
[2024-02-28T00:00:53.651+0000][7][gc,start    ] GC(533) Pause Young (Normal) (G1 Evacuation Pause)
[2024-02-28T00:00:53.651+0000][7][gc,task     ] GC(533) Using 8 workers of 8 for evacuation
[2024-02-28T00:00:53.651+0000][7][gc,age      ] GC(533) Desired survivor size 41943040 bytes, new threshold 15 (max threshold 15)
[2024-02-28T00:00:53.653+0000][7][gc,phases   ] GC(533)   Pre Evacuate Collection Set: 0.1ms
[2024-02-28T00:00:53.653+0000][7][gc,phases   ] GC(533)   Merge Heap Roots: 0.1ms
[2024-02-28T00:00:53.653+0000][7][gc,phases   ] GC(533)   Evacuate Collection Set: 1.3ms
[2024-02-28T00:00:53.653+0000][7][gc,phases   ] GC(533)   Post Evacuate Collection Set: 0.7ms
[2024-02-28T00:00:53.653+0000][7][gc,phases   ] GC(533)   Other: 0.1ms
[2024-02-28T00:00:53.653+0000][7][gc,age      ] GC(533) Age table with threshold 15 (max threshold 15)
[2024-02-28T00:00:53.653+0000][7][gc,age      ] GC(533) - age   1:    1356384 bytes,    1356384 total
[2024-02-28T00:00:53.653+0000][7][gc,age      ] GC(533) - age   2:      10904 bytes,    1367288 total
[2024-02-28T00:00:53.653+0000][7][gc,age      ] GC(533) - age   3:       1736 bytes,    1369024 total
[2024-02-28T00:00:53.653+0000][7][gc,age      ] GC(533) - age   4:        344 bytes,    1369368 total
[2024-02-28T00:00:53.653+0000][7][gc,age      ] GC(533) - age   6:        632 bytes,    1370000 total
[2024-02-28T00:00:53.653+0000][7][gc,age      ] GC(533) - age   7:         32 bytes,    1370032 total
[2024-02-28T00:00:53.653+0000][7][gc,age      ] GC(533) - age  10:        184 bytes,    1370216 total
[2024-02-28T00:00:53.653+0000][7][gc,age      ] GC(533) - age  13:        184 bytes,    1370400 total
[2024-02-28T00:00:53.653+0000][7][gc,age      ] GC(533) - age  14:         24 bytes,    1370424 total
[2024-02-28T00:00:53.653+0000][7][gc,heap     ] GC(533) Eden regions: 152->0(152)
[2024-02-28T00:00:53.653+0000][7][gc,heap     ] GC(533) Survivor regions: 1->1(20)
[2024-02-28T00:00:53.653+0000][7][gc,heap     ] GC(533) Old regions: 27->27
[2024-02-28T00:00:53.653+0000][7][gc,heap     ] GC(533) Archive regions: 2->2
[2024-02-28T00:00:53.653+0000][7][gc,heap     ] GC(533) Humongous regions: 0->0
[2024-02-28T00:00:53.653+0000][7][gc,metaspace] GC(533) Metaspace: 129412K(133056K)->129412K(133056K) NonClass: 112513K(114432K)->112513K(114432K) Class: 16898K(18624K)->16898K(18624K)
[2024-02-28T00:00:53.653+0000][7][gc          ] GC(533) Pause Young (Normal) (G1 Evacuation Pause) 719M->111M(1024M) 2.535ms
[2024-02-28T00:00:53.653+0000][7][gc,cpu      ] GC(533) User=0.01s Sys=0.00s Real=0.01s
[2024-02-28T00:00:53.653+0000][7][safepoint   ] Safepoint "G1CollectForAllocation", Time since last: 44014247420 ns, Reaching safepoint: 69306 ns, At safepoint: 2625832 ns, Total: 2695138 ns
[2024-02-28T00:02:53.810+0000][7][gc,start    ] GC(534) Pause Young (Normal) (G1 Evacuation Pause)
[2024-02-28T00:02:53.810+0000][7][gc,task     ] GC(534) Using 8 workers of 8 for evacuation
[2024-02-28T00:02:53.810+0000][7][gc,age      ] GC(534) Desired survivor size 41943040 bytes, new threshold 15 (max threshold 15)
[2024-02-28T00:02:53.811+0000][7][gc,phases   ] GC(534)   Pre Evacuate Collection Set: 0.1ms
[2024-02-28T00:02:53.811+0000][7][gc,phases   ] GC(534)   Merge Heap Roots: 0.1ms
[2024-02-28T00:02:53.811+0000][7][gc,phases   ] GC(534)   Evacuate Collection Set: 1.0ms
[2024-02-28T00:02:53.811+0000][7][gc,phases   ] GC(534)   Post Evacuate Collection Set: 0.6ms
[2024-02-28T00:02:53.812+0000][7][gc,phases   ] GC(534)   Other: 0.1ms
[2024-02-28T00:02:53.812+0000][7][gc,age      ] GC(534) Age table with threshold 15 (max threshold 15)
[2024-02-28T00:02:53.812+0000][7][gc,age      ] GC(534) - age   1:    2220000 bytes,    2220000 total
[2024-02-28T00:02:53.812+0000][7][gc,age      ] GC(534) - age   2:      90728 bytes,    2310728 total
[2024-02-28T00:02:53.812+0000][7][gc,age      ] GC(534) - age   3:       8616 bytes,    2319344 total
[2024-02-28T00:02:53.812+0000][7][gc,age      ] GC(534) - age   4:       1056 bytes,    2320400 total
[2024-02-28T00:02:53.812+0000][7][gc,age      ] GC(534) - age   5:        248 bytes,    2320648 total
[2024-02-28T00:02:53.812+0000][7][gc,age      ] GC(534) - age   7:        448 bytes,    2321096 total
[2024-02-28T00:02:53.812+0000][7][gc,age      ] GC(534) - age   8:         32 bytes,    2321128 total
[2024-02-28T00:02:53.812+0000][7][gc,age      ] GC(534) - age  11:        184 bytes,    2321312 total
[2024-02-28T00:02:53.812+0000][7][gc,age      ] GC(534) - age  14:        184 bytes,    2321496 total
[2024-02-28T00:02:53.812+0000][7][gc,age      ] GC(534) - age  15:         24 bytes,    2321520 total
[2024-02-28T00:02:53.812+0000][7][gc,heap     ] GC(534) Eden regions: 152->0(152)
[2024-02-28T00:02:53.812+0000][7][gc,heap     ] GC(534) Survivor regions: 1->1(20)
[2024-02-28T00:02:53.812+0000][7][gc,heap     ] GC(534) Old regions: 27->27
[2024-02-28T00:02:53.812+0000][7][gc,heap     ] GC(534) Archive regions: 2->2
[2024-02-28T00:02:53.812+0000][7][gc,heap     ] GC(534) Humongous regions: 0->0
[2024-02-28T00:02:53.812+0000][7][gc,metaspace] GC(534) Metaspace: 129412K(133056K)->129412K(133056K) NonClass: 112513K(114432K)->112513K(114432K) Class: 16898K(18624K)->16898K(18624K)
[2024-02-28T00:02:53.812+0000][7][gc          ] GC(534) Pause Young (Normal) (G1 Evacuation Pause) 719M->112M(1024M) 1.945ms
[2024-02-28T00:02:53.812+0000][7][gc,cpu      ] GC(534) User=0.01s Sys=0.00s Real=0.00s
[2024-02-28T00:02:53.812+0000][7][safepoint   ] Safepoint "G1CollectForAllocation", Time since last: 120156247266 ns, Reaching safepoint: 37500 ns, At safepoint: 2012406 ns, Total: 2049906 ns
[2024-02-28T00:04:53.681+0000][7][gc,start    ] GC(535) Pause Young (Normal) (G1 Evacuation Pause)
[2024-02-28T00:04:53.681+0000][7][gc,task     ] GC(535) Using 8 workers of 8 for evacuation
[2024-02-28T00:04:53.681+0000][7][gc,age      ] GC(535) Desired survivor size 41943040 bytes, new threshold 15 (max threshold 15)
[2024-02-28T00:04:53.683+0000][7][gc,phases   ] GC(535)   Pre Evacuate Collection Set: 0.1ms
[2024-02-28T00:04:53.683+0000][7][gc,phases   ] GC(535)   Merge Heap Roots: 0.1ms
[2024-02-28T00:04:53.683+0000][7][gc,phases   ] GC(535)   Evacuate Collection Set: 0.9ms
[2024-02-28T00:04:53.683+0000][7][gc,phases   ] GC(535)   Post Evacuate Collection Set: 0.7ms
[2024-02-28T00:04:53.683+0000][7][gc,phases   ] GC(535)   Other: 0.1ms
[2024-02-28T00:04:53.683+0000][7][gc,age      ] GC(535) Age table with threshold 15 (max threshold 15)
[2024-02-28T00:04:53.683+0000][7][gc,age      ] GC(535) - age   1:     581752 bytes,     581752 total
[2024-02-28T00:04:53.683+0000][7][gc,age      ] GC(535) - age   2:     231240 bytes,     812992 total
[2024-02-28T00:04:53.683+0000][7][gc,age      ] GC(535) - age   3:      88552 bytes,     901544 total
[2024-02-28T00:04:53.683+0000][7][gc,age      ] GC(535) - age   4:       8264 bytes,     909808 total
[2024-02-28T00:04:53.683+0000][7][gc,age      ] GC(535) - age   5:        808 bytes,     910616 total
[2024-02-28T00:04:53.683+0000][7][gc,age      ] GC(535) - age   6:        248 bytes,     910864 total
[2024-02-28T00:04:53.683+0000][7][gc,age      ] GC(535) - age   8:        448 bytes,     911312 total
[2024-02-28T00:04:53.683+0000][7][gc,age      ] GC(535) - age   9:         32 bytes,     911344 total
[2024-02-28T00:04:53.683+0000][7][gc,age      ] GC(535) - age  12:        184 bytes,     911528 total
[2024-02-28T00:04:53.683+0000][7][gc,age      ] GC(535) - age  15:        184 bytes,     911712 total
[2024-02-28T00:04:53.683+0000][7][gc,heap     ] GC(535) Eden regions: 152->0(152)
[2024-02-28T00:04:53.683+0000][7][gc,heap     ] GC(535) Survivor regions: 1->1(20)
[2024-02-28T00:04:53.683+0000][7][gc,heap     ] GC(535) Old regions: 27->27
[2024-02-28T00:04:53.683+0000][7][gc,heap     ] GC(535) Archive regions: 2->2
[2024-02-28T00:04:53.683+0000][7][gc,heap     ] GC(535) Humongous regions: 0->0
[2024-02-28T00:04:53.683+0000][7][gc,metaspace] GC(535) Metaspace: 129412K(133056K)->129412K(133056K) NonClass: 112513K(114432K)->112513K(114432K) Class: 16898K(18624K)->16898K(18624K)
[2024-02-28T00:04:53.683+0000][7][gc          ] GC(535) Pause Young (Normal) (G1 Evacuation Pause) 720M->111M(1024M) 2.153ms
[2024-02-28T00:04:53.683+0000][7][gc,cpu      ] GC(535) User=0.00s Sys=0.00s Real=0.00s
[2024-02-28T00:04:53.683+0000][7][safepoint   ] Safepoint "G1CollectForAllocation", Time since last: 119869369483 ns, Reaching safepoint: 58052 ns, At safepoint: 2236425 ns, Total: 2294477 ns
[2024-02-28T00:06:14.692+0000][7][safepoint   ] Safepoint "Cleanup", Time since last: 81009107091 ns, Reaching safepoint: 74415 ns, At safepoint: 10062 ns, Total: 84477 ns
[2024-02-28T00:07:33.850+0000][7][gc,start    ] GC(536) Pause Young (Normal) (G1 Evacuation Pause)
[2024-02-28T00:07:33.850+0000][7][gc,task     ] GC(536) Using 8 workers of 8 for evacuation
[2024-02-28T00:07:33.850+0000][7][gc,age      ] GC(536) Desired survivor size 41943040 bytes, new threshold 15 (max threshold 15)
[2024-02-28T00:07:33.852+0000][7][gc,phases   ] GC(536)   Pre Evacuate Collection Set: 0.1ms
[2024-02-28T00:07:33.852+0000][7][gc,phases   ] GC(536)   Merge Heap Roots: 0.1ms
[2024-02-28T00:07:33.852+0000][7][gc,phases   ] GC(536)   Evacuate Collection Set: 1.1ms
[2024-02-28T00:07:33.852+0000][7][gc,phases   ] GC(536)   Post Evacuate Collection Set: 0.5ms
[2024-02-28T00:07:33.852+0000][7][gc,phases   ] GC(536)   Other: 0.1ms
[2024-02-28T00:07:33.852+0000][7][gc,age      ] GC(536) Age table with threshold 15 (max threshold 15)
[2024-02-28T00:07:33.852+0000][7][gc,age      ] GC(536) - age   1:    1821520 bytes,    1821520 total
[2024-02-28T00:07:33.852+0000][7][gc,age      ] GC(536) - age   2:       2920 bytes,    1824440 total
[2024-02-28T00:07:33.852+0000][7][gc,age      ] GC(536) - age   3:     104480 bytes,    1928920 total
[2024-02-28T00:07:33.852+0000][7][gc,age      ] GC(536) - age   4:      87888 bytes,    2016808 total
[2024-02-28T00:07:33.852+0000][7][gc,age      ] GC(536) - age   5:       8200 bytes,    2025008 total
[2024-02-28T00:07:33.852+0000][7][gc,age      ] GC(536) - age   6:         32 bytes,    2025040 total
[2024-02-28T00:07:33.852+0000][7][gc,age      ] GC(536) - age   7:        248 bytes,    2025288 total
[2024-02-28T00:07:33.852+0000][7][gc,age      ] GC(536) - age   9:         64 bytes,    2025352 total
[2024-02-28T00:07:33.852+0000][7][gc,age      ] GC(536) - age  13:        184 bytes,    2025536 total
[2024-02-28T00:07:33.852+0000][7][gc,heap     ] GC(536) Eden regions: 152->0(152)
[2024-02-28T00:07:33.852+0000][7][gc,heap     ] GC(536) Survivor regions: 1->1(20)
[2024-02-28T00:07:33.852+0000][7][gc,heap     ] GC(536) Old regions: 27->27
[2024-02-28T00:07:33.852+0000][7][gc,heap     ] GC(536) Archive regions: 2->2
[2024-02-28T00:07:33.852+0000][7][gc,heap     ] GC(536) Humongous regions: 0->0
[2024-02-28T00:07:33.852+0000][7][gc,metaspace] GC(536) Metaspace: 129412K(133056K)->129412K(133056K) NonClass: 112513K(114432K)->112513K(114432K) Class: 16898K(18624K)->16898K(18624K)
[2024-02-28T00:07:33.852+0000][7][gc          ] GC(536) Pause Young (Normal) (G1 Evacuation Pause) 719M->112M(1024M) 1.981ms
[2024-02-28T00:07:33.852+0000][7][gc,cpu      ] GC(536) User=0.01s Sys=0.00s Real=0.00s
[2024-02-28T00:07:33.852+0000][7][safepoint   ] Safepoint "G1CollectForAllocation", Time since last: 79157307264 ns, Reaching safepoint: 35804 ns, At safepoint: 2051102 ns, Total: 2086906 ns
[2024-02-28T00:09:35.682+0000][7][gc,start    ] GC(537) Pause Young (Normal) (G1 Evacuation Pause)
[2024-02-28T00:09:35.682+0000][7][gc,task     ] GC(537) Using 8 workers of 8 for evacuation
[2024-02-28T00:09:35.682+0000][7][gc,age      ] GC(537) Desired survivor size 41943040 bytes, new threshold 15 (max threshold 15)
[2024-02-28T00:09:35.684+0000][7][gc,phases   ] GC(537)   Pre Evacuate Collection Set: 0.1ms
[2024-02-28T00:09:35.684+0000][7][gc,phases   ] GC(537)   Merge Heap Roots: 0.1ms
[2024-02-28T00:09:35.684+0000][7][gc,phases   ] GC(537)   Evacuate Collection Set: 1.0ms
[2024-02-28T00:09:35.685+0000][7][gc,phases   ] GC(537)   Post Evacuate Collection Set: 0.7ms
[2024-02-28T00:09:35.685+0000][7][gc,phases   ] GC(537)   Other: 0.1ms
[2024-02-28T00:09:35.685+0000][7][gc,age      ] GC(537) Age table with threshold 15 (max threshold 15)
[2024-02-28T00:09:35.685+0000][7][gc,age      ] GC(537) - age   1:     602496 bytes,     602496 total
[2024-02-28T00:09:35.685+0000][7][gc,age      ] GC(537) - age   2:     151680 bytes,     754176 total
[2024-02-28T00:09:35.685+0000][7][gc,age      ] GC(537) - age   3:       1248 bytes,     755424 total
[2024-02-28T00:09:35.685+0000][7][gc,age      ] GC(537) - age   4:     103624 bytes,     859048 total
[2024-02-28T00:09:35.685+0000][7][gc,age      ] GC(537) - age   5:      87888 bytes,     946936 total
[2024-02-28T00:09:35.685+0000][7][gc,age      ] GC(537) - age   6:       8200 bytes,     955136 total
[2024-02-28T00:09:35.685+0000][7][gc,age      ] GC(537) - age   7:         32 bytes,     955168 total
[2024-02-28T00:09:35.685+0000][7][gc,age      ] GC(537) - age  14:        184 bytes,     955352 total
[2024-02-28T00:09:35.685+0000][7][gc,heap     ] GC(537) Eden regions: 152->0(152)
[2024-02-28T00:09:35.685+0000][7][gc,heap     ] GC(537) Survivor regions: 1->1(20)
[2024-02-28T00:09:35.685+0000][7][gc,heap     ] GC(537) Old regions: 27->27
[2024-02-28T00:09:35.685+0000][7][gc,heap     ] GC(537) Archive regions: 2->2
[2024-02-28T00:09:35.685+0000][7][gc,heap     ] GC(537) Humongous regions: 0->0
[2024-02-28T00:09:35.685+0000][7][gc,metaspace] GC(537) Metaspace: 129412K(133056K)->129412K(133056K) NonClass: 112513K(114432K)->112513K(114432K) Class: 16898K(18624K)->16898K(18624K)
[2024-02-28T00:09:35.685+0000][7][gc          ] GC(537) Pause Young (Normal) (G1 Evacuation Pause) 720M->111M(1024M) 2.270ms
[2024-02-28T00:09:35.685+0000][7][gc,cpu      ] GC(537) User=0.01s Sys=0.00s Real=0.01s
[2024-02-28T00:09:35.685+0000][7][safepoint   ] Safepoint "G1CollectForAllocation", Time since last: 121830407865 ns, Reaching safepoint: 44201 ns, At safepoint: 2377052 ns, Total: 2421253 ns
[2024-02-28T00:11:44.744+0000][7][gc,start    ] GC(538) Pause Young (Normal) (G1 Evacuation Pause)
[2024-02-28T00:11:44.744+0000][7][gc,task     ] GC(538) Using 8 workers of 8 for evacuation
[2024-02-28T00:11:44.745+0000][7][gc,age      ] GC(538) Desired survivor size 41943040 bytes, new threshold 15 (max threshold 15)
[2024-02-28T00:11:44.746+0000][7][gc,phases   ] GC(538)   Pre Evacuate Collection Set: 0.1ms
[2024-02-28T00:11:44.746+0000][7][gc,phases   ] GC(538)   Merge Heap Roots: 0.1ms
[2024-02-28T00:11:44.746+0000][7][gc,phases   ] GC(538)   Evacuate Collection Set: 1.0ms
[2024-02-28T00:11:44.746+0000][7][gc,phases   ] GC(538)   Post Evacuate Collection Set: 0.6ms
[2024-02-28T00:11:44.746+0000][7][gc,phases   ] GC(538)   Other: 0.1ms
[2024-02-28T00:11:44.746+0000][7][gc,age      ] GC(538) Age table with threshold 15 (max threshold 15)
[2024-02-28T00:11:44.746+0000][7][gc,age      ] GC(538) - age   1:     804792 bytes,     804792 total
[2024-02-28T00:11:44.746+0000][7][gc,age      ] GC(538) - age   2:      65832 bytes,     870624 total
[2024-02-28T00:11:44.746+0000][7][gc,age      ] GC(538) - age   3:     149000 bytes,    1019624 total
[2024-02-28T00:11:44.746+0000][7][gc,age      ] GC(538) - age   4:        568 bytes,    1020192 total
[2024-02-28T00:11:44.746+0000][7][gc,age      ] GC(538) - age   5:     103400 bytes,    1123592 total
[2024-02-28T00:11:44.746+0000][7][gc,age      ] GC(538) - age   6:      84432 bytes,    1208024 total
[2024-02-28T00:11:44.746+0000][7][gc,age      ] GC(538) - age   7:       8200 bytes,    1216224 total
[2024-02-28T00:11:44.746+0000][7][gc,age      ] GC(538) - age   8:         32 bytes,    1216256 total
[2024-02-28T00:11:44.746+0000][7][gc,age      ] GC(538) - age  15:        184 bytes,    1216440 total
[2024-02-28T00:11:44.746+0000][7][gc,heap     ] GC(538) Eden regions: 152->0(152)
[2024-02-28T00:11:44.746+0000][7][gc,heap     ] GC(538) Survivor regions: 1->1(20)
[2024-02-28T00:11:44.746+0000][7][gc,heap     ] GC(538) Old regions: 27->27
[2024-02-28T00:11:44.746+0000][7][gc,heap     ] GC(538) Archive regions: 2->2
[2024-02-28T00:11:44.746+0000][7][gc,heap     ] GC(538) Humongous regions: 0->0
[2024-02-28T00:11:44.746+0000][7][gc,metaspace] GC(538) Metaspace: 129412K(133056K)->129412K(133056K) NonClass: 112513K(114432K)->112513K(114432K) Class: 16898K(18624K)->16898K(18624K)
[2024-02-28T00:11:44.747+0000][7][gc          ] GC(538) Pause Young (Normal) (G1 Evacuation Pause) 719M->111M(1024M) 2.078ms
[2024-02-28T00:11:44.747+0000][7][gc,cpu      ] GC(538) User=0.01s Sys=0.00s Real=0.00s
[2024-02-28T00:11:44.747+0000][7][safepoint   ] Safepoint "G1CollectForAllocation", Time since last: 129059595879 ns, Reaching safepoint: 122064 ns, At safepoint: 2162557 ns, Total: 2284621 ns
[2024-02-28T00:13:47.680+0000][7][gc,start    ] GC(539) Pause Young (Normal) (G1 Evacuation Pause)
[2024-02-28T00:13:47.680+0000][7][gc,task     ] GC(539) Using 8 workers of 8 for evacuation
[2024-02-28T00:13:47.680+0000][7][gc,age      ] GC(539) Desired survivor size 41943040 bytes, new threshold 15 (max threshold 15)
[2024-02-28T00:13:47.682+0000][7][gc,phases   ] GC(539)   Pre Evacuate Collection Set: 0.1ms
[2024-02-28T00:13:47.682+0000][7][gc,phases   ] GC(539)   Merge Heap Roots: 0.1ms
[2024-02-28T00:13:47.682+0000][7][gc,phases   ] GC(539)   Evacuate Collection Set: 1.5ms
[2024-02-28T00:13:47.682+0000][7][gc,phases   ] GC(539)   Post Evacuate Collection Set: 0.8ms
[2024-02-28T00:13:47.682+0000][7][gc,phases   ] GC(539)   Other: 0.1ms
[2024-02-28T00:13:47.682+0000][7][gc,age      ] GC(539) Age table with threshold 15 (max threshold 15)
[2024-02-28T00:13:47.682+0000][7][gc,age      ] GC(539) - age   1:    1163568 bytes,    1163568 total
[2024-02-28T00:13:47.682+0000][7][gc,age      ] GC(539) - age   2:      33520 bytes,    1197088 total
[2024-02-28T00:13:47.682+0000][7][gc,age      ] GC(539) - age   3:      64328 bytes,    1261416 total
[2024-02-28T00:13:47.682+0000][7][gc,age      ] GC(539) - age   4:     148432 bytes,    1409848 total
[2024-02-28T00:13:47.682+0000][7][gc,age      ] GC(539) - age   5:        184 bytes,    1410032 total
[2024-02-28T00:13:47.683+0000][7][gc,age      ] GC(539) - age   6:     103272 bytes,    1513304 total
[2024-02-28T00:13:47.683+0000][7][gc,age      ] GC(539) - age   7:      84432 bytes,    1597736 total
[2024-02-28T00:13:47.683+0000][7][gc,age      ] GC(539) - age   8:       8200 bytes,    1605936 total
[2024-02-28T00:13:47.683+0000][7][gc,age      ] GC(539) - age   9:         32 bytes,    1605968 total
[2024-02-28T00:13:47.683+0000][7][gc,heap     ] GC(539) Eden regions: 152->0(152)
[2024-02-28T00:13:47.683+0000][7][gc,heap     ] GC(539) Survivor regions: 1->1(20)
[2024-02-28T00:13:47.683+0000][7][gc,heap     ] GC(539) Old regions: 27->27
[2024-02-28T00:13:47.683+0000][7][gc,heap     ] GC(539) Archive regions: 2->2
[2024-02-28T00:13:47.683+0000][7][gc,heap     ] GC(539) Humongous regions: 0->0
[2024-02-28T00:13:47.683+0000][7][gc,metaspace] GC(539) Metaspace: 129412K(133056K)->129412K(133056K) NonClass: 112513K(114432K)->112513K(114432K) Class: 16898K(18624K)->16898K(18624K)
[2024-02-28T00:13:47.683+0000][7][gc          ] GC(539) Pause Young (Normal) (G1 Evacuation Pause) 719M->111M(1024M) 2.964ms
[2024-02-28T00:13:47.683+0000][7][gc,cpu      ] GC(539) User=0.02s Sys=0.00s Real=0.00s
[2024-02-28T00:13:47.683+0000][7][safepoint   ] Safepoint "G1CollectForAllocation", Time since last: 122932961155 ns, Reaching safepoint: 55283 ns, At safepoint: 3069956 ns, Total: 3125239 ns
[2024-02-28T00:13:56.684+0000][7][safepoint   ] Safepoint "Cleanup", Time since last: 9001454208 ns, Reaching safepoint: 63612 ns, At safepoint: 39943 ns, Total: 103555 ns
[2024-02-28T00:15:53.931+0000][7][gc,start    ] GC(540) Pause Young (Normal) (G1 Evacuation Pause)
[2024-02-28T00:15:53.931+0000][7][gc,task     ] GC(540) Using 8 workers of 8 for evacuation
[2024-02-28T00:15:53.931+0000][7][gc,age      ] GC(540) Desired survivor size 41943040 bytes, new threshold 15 (max threshold 15)
[2024-02-28T00:15:53.934+0000][7][gc,phases   ] GC(540)   Pre Evacuate Collection Set: 0.1ms
[2024-02-28T00:15:53.934+0000][7][gc,phases   ] GC(540)   Merge Heap Roots: 0.1ms
[2024-02-28T00:15:53.934+0000][7][gc,phases   ] GC(540)   Evacuate Collection Set: 1.5ms
[2024-02-28T00:15:53.934+0000][7][gc,phases   ] GC(540)   Post Evacuate Collection Set: 0.8ms
[2024-02-28T00:15:53.934+0000][7][gc,phases   ] GC(540)   Other: 0.1ms
[2024-02-28T00:15:53.934+0000][7][gc,age      ] GC(540) Age table with threshold 15 (max threshold 15)
[2024-02-28T00:15:53.934+0000][7][gc,age      ] GC(540) - age   1:    1679976 bytes,    1679976 total
[2024-02-28T00:15:53.934+0000][7][gc,age      ] GC(540) - age   2:       3256 bytes,    1683232 total
[2024-02-28T00:15:53.934+0000][7][gc,age      ] GC(540) - age   3:      32440 bytes,    1715672 total
[2024-02-28T00:15:53.934+0000][7][gc,age      ] GC(540) - age   4:      64112 bytes,    1779784 total
[2024-02-28T00:15:53.934+0000][7][gc,age      ] GC(540) - age   5:     147680 bytes,    1927464 total
[2024-02-28T00:15:53.934+0000][7][gc,age      ] GC(540) - age   6:        184 bytes,    1927648 total
[2024-02-28T00:15:53.934+0000][7][gc,age      ] GC(540) - age   7:     103272 bytes,    2030920 total
[2024-02-28T00:15:53.934+0000][7][gc,age      ] GC(540) - age   8:      84040 bytes,    2114960 total
[2024-02-28T00:15:53.934+0000][7][gc,age      ] GC(540) - age   9:       8200 bytes,    2123160 total
[2024-02-28T00:15:53.934+0000][7][gc,heap     ] GC(540) Eden regions: 152->0(152)
[2024-02-28T00:15:53.934+0000][7][gc,heap     ] GC(540) Survivor regions: 1->1(20)
[2024-02-28T00:15:53.934+0000][7][gc,heap     ] GC(540) Old regions: 27->27
[2024-02-28T00:15:53.934+0000][7][gc,heap     ] GC(540) Archive regions: 2->2
[2024-02-28T00:15:53.934+0000][7][gc,heap     ] GC(540) Humongous regions: 0->0
[2024-02-28T00:15:53.934+0000][7][gc,metaspace] GC(540) Metaspace: 129412K(133056K)->129412K(133056K) NonClass: 112513K(114432K)->112513K(114432K) Class: 16898K(18624K)->16898K(18624K)
[2024-02-28T00:15:53.934+0000][7][gc          ] GC(540) Pause Young (Normal) (G1 Evacuation Pause) 719M->112M(1024M) 2.895ms
[2024-02-28T00:15:53.934+0000][7][gc,cpu      ] GC(540) User=0.02s Sys=0.00s Real=0.01s
[2024-02-28T00:15:53.934+0000][7][safepoint   ] Safepoint "G1CollectForAllocation", Time since last: 117246648155 ns, Reaching safepoint: 41607 ns, At safepoint: 2992666 ns, Total: 3034273 ns
[2024-02-28T00:17:48.504+0000][7][gc,start    ] GC(541) Pause Young (Normal) (G1 Evacuation Pause)
[2024-02-28T00:17:48.504+0000][7][gc,task     ] GC(541) Using 8 workers of 8 for evacuation
[2024-02-28T00:17:48.504+0000][7][gc,age      ] GC(541) Desired survivor size 41943040 bytes, new threshold 15 (max threshold 15)
[2024-02-28T00:17:48.506+0000][7][gc,phases   ] GC(541)   Pre Evacuate Collection Set: 0.1ms
[2024-02-28T00:17:48.506+0000][7][gc,phases   ] GC(541)   Merge Heap Roots: 0.0ms
[2024-02-28T00:17:48.506+0000][7][gc,phases   ] GC(541)   Evacuate Collection Set: 1.1ms
[2024-02-28T00:17:48.506+0000][7][gc,phases   ] GC(541)   Post Evacuate Collection Set: 0.6ms
[2024-02-28T00:17:48.506+0000][7][gc,phases   ] GC(541)   Other: 0.1ms
[2024-02-28T00:17:48.506+0000][7][gc,age      ] GC(541) Age table with threshold 15 (max threshold 15)
[2024-02-28T00:17:48.506+0000][7][gc,age      ] GC(541) - age   1:    1873760 bytes,    1873760 total
[2024-02-28T00:17:48.506+0000][7][gc,age      ] GC(541) - age   2:       4968 bytes,    1878728 total
[2024-02-28T00:17:48.506+0000][7][gc,age      ] GC(541) - age   3:       1424 bytes,    1880152 total
[2024-02-28T00:17:48.506+0000][7][gc,age      ] GC(541) - age   4:      31800 bytes,    1911952 total
[2024-02-28T00:17:48.506+0000][7][gc,age      ] GC(541) - age   5:      64048 bytes,    1976000 total
[2024-02-28T00:17:48.506+0000][7][gc,age      ] GC(541) - age   6:     147296 bytes,    2123296 total
[2024-02-28T00:17:48.506+0000][7][gc,age      ] GC(541) - age   7:        184 bytes,    2123480 total
[2024-02-28T00:17:48.506+0000][7][gc,age      ] GC(541) - age   8:     103272 bytes,    2226752 total
[2024-02-28T00:17:48.506+0000][7][gc,age      ] GC(541) - age   9:      34648 bytes,    2261400 total
[2024-02-28T00:17:48.506+0000][7][gc,age      ] GC(541) - age  10:       8200 bytes,    2269600 total
[2024-02-28T00:17:48.506+0000][7][gc,heap     ] GC(541) Eden regions: 152->0(152)
[2024-02-28T00:17:48.506+0000][7][gc,heap     ] GC(541) Survivor regions: 1->1(20)
[2024-02-28T00:17:48.506+0000][7][gc,heap     ] GC(541) Old regions: 27->27
[2024-02-28T00:17:48.506+0000][7][gc,heap     ] GC(541) Archive regions: 2->2
[2024-02-28T00:17:48.506+0000][7][gc,heap     ] GC(541) Humongous regions: 0->0
[2024-02-28T00:17:48.506+0000][7][gc,metaspace] GC(541) Metaspace: 129413K(133056K)->129413K(133056K) NonClass: 112514K(114432K)->112514K(114432K) Class: 16898K(18624K)->16898K(18624K)
[2024-02-28T00:17:48.506+0000][7][gc          ] GC(541) Pause Young (Normal) (G1 Evacuation Pause) 720M->112M(1024M) 2.013ms
[2024-02-28T00:17:48.506+0000][7][gc,cpu      ] GC(541) User=0.01s Sys=0.00s Real=0.01s
[2024-02-28T00:17:48.506+0000][7][safepoint   ] Safepoint "G1CollectForAllocation", Time since last: 114570061772 ns, Reaching safepoint: 39556 ns, At safepoint: 2079483 ns, Total: 2119039 ns
[2024-02-28T00:19:53.952+0000][7][gc,start    ] GC(542) Pause Young (Normal) (G1 Evacuation Pause)
[2024-02-28T00:19:53.952+0000][7][gc,task     ] GC(542) Using 8 workers of 8 for evacuation
[2024-02-28T00:19:53.952+0000][7][gc,age      ] GC(542) Desired survivor size 41943040 bytes, new threshold 15 (max threshold 15)
[2024-02-28T00:19:53.954+0000][7][gc,phases   ] GC(542)   Pre Evacuate Collection Set: 0.1ms
[2024-02-28T00:19:53.954+0000][7][gc,phases   ] GC(542)   Merge Heap Roots: 0.0ms
[2024-02-28T00:19:53.954+0000][7][gc,phases   ] GC(542)   Evacuate Collection Set: 1.1ms
[2024-02-28T00:19:53.954+0000][7][gc,phases   ] GC(542)   Post Evacuate Collection Set: 0.6ms
[2024-02-28T00:19:53.954+0000][7][gc,phases   ] GC(542)   Other: 0.1ms
[2024-02-28T00:19:53.954+0000][7][gc,age      ] GC(542) Age table with threshold 15 (max threshold 15)
[2024-02-28T00:19:53.954+0000][7][gc,age      ] GC(542) - age   1:    1950264 bytes,    1950264 total
[2024-02-28T00:19:53.954+0000][7][gc,age      ] GC(542) - age   2:     135800 bytes,    2086064 total
[2024-02-28T00:19:53.954+0000][7][gc,age      ] GC(542) - age   3:       2408 bytes,    2088472 total
[2024-02-28T00:19:53.954+0000][7][gc,age      ] GC(542) - age   4:        520 bytes,    2088992 total
[2024-02-28T00:19:53.954+0000][7][gc,age      ] GC(542) - age   5:      31392 bytes,    2120384 total
[2024-02-28T00:19:53.954+0000][7][gc,age      ] GC(542) - age   6:      63984 bytes,    2184368 total
[2024-02-28T00:19:53.954+0000][7][gc,age      ] GC(542) - age   7:     147296 bytes,    2331664 total
[2024-02-28T00:19:53.954+0000][7][gc,age      ] GC(542) - age   8:        184 bytes,    2331848 total
[2024-02-28T00:19:53.954+0000][7][gc,age      ] GC(542) - age   9:     103272 bytes,    2435120 total
[2024-02-28T00:19:53.954+0000][7][gc,age      ] GC(542) - age  10:      34648 bytes,    2469768 total
[2024-02-28T00:19:53.954+0000][7][gc,age      ] GC(542) - age  11:       8200 bytes,    2477968 total
[2024-02-28T00:19:53.954+0000][7][gc,heap     ] GC(542) Eden regions: 152->0(152)
[2024-02-28T00:19:53.954+0000][7][gc,heap     ] GC(542) Survivor regions: 1->1(20)
[2024-02-28T00:19:53.954+0000][7][gc,heap     ] GC(542) Old regions: 27->27
[2024-02-28T00:19:53.954+0000][7][gc,heap     ] GC(542) Archive regions: 2->2
[2024-02-28T00:19:53.954+0000][7][gc,heap     ] GC(542) Humongous regions: 0->0
[2024-02-28T00:19:53.954+0000][7][gc,metaspace] GC(542) Metaspace: 129413K(133056K)->129413K(133056K) NonClass: 112514K(114432K)->112514K(114432K) Class: 16898K(18624K)->16898K(18624K)
[2024-02-28T00:19:53.954+0000][7][gc          ] GC(542) Pause Young (Normal) (G1 Evacuation Pause) 720M->112M(1024M) 2.069ms
[2024-02-28T00:19:53.954+0000][7][gc,cpu      ] GC(542) User=0.01s Sys=0.00s Real=0.01s
[2024-02-28T00:19:53.954+0000][7][safepoint   ] Safepoint "G1CollectForAllocation", Time since last: 125445571570 ns, Reaching safepoint: 32015 ns, At safepoint: 2142720 ns, Total: 2174735 ns
[2024-02-28T00:21:56.784+0000][7][gc,start    ] GC(543) Pause Young (Normal) (G1 Evacuation Pause)
[2024-02-28T00:21:56.784+0000][7][gc,task     ] GC(543) Using 8 workers of 8 for evacuation
[2024-02-28T00:21:56.784+0000][7][gc,age      ] GC(543) Desired survivor size 41943040 bytes, new threshold 15 (max threshold 15)
[2024-02-28T00:21:56.786+0000][7][gc,phases   ] GC(543)   Pre Evacuate Collection Set: 0.1ms
[2024-02-28T00:21:56.786+0000][7][gc,phases   ] GC(543)   Merge Heap Roots: 0.1ms
[2024-02-28T00:21:56.786+0000][7][gc,phases   ] GC(543)   Evacuate Collection Set: 0.9ms
[2024-02-28T00:21:56.786+0000][7][gc,phases   ] GC(543)   Post Evacuate Collection Set: 0.7ms
[2024-02-28T00:21:56.786+0000][7][gc,phases   ] GC(543)   Other: 0.1ms
[2024-02-28T00:21:56.786+0000][7][gc,age      ] GC(543) Age table with threshold 15 (max threshold 15)
[2024-02-28T00:21:56.786+0000][7][gc,age      ] GC(543) - age   1:     686136 bytes,     686136 total
[2024-02-28T00:21:56.786+0000][7][gc,age      ] GC(543) - age   2:       3488 bytes,     689624 total
[2024-02-28T00:21:56.786+0000][7][gc,age      ] GC(543) - age   3:     133368 bytes,     822992 total
[2024-02-28T00:21:56.786+0000][7][gc,age      ] GC(543) - age   4:       1512 bytes,     824504 total
[2024-02-28T00:21:56.786+0000][7][gc,age      ] GC(543) - age   5:        200 bytes,     824704 total
[2024-02-28T00:21:56.786+0000][7][gc,age      ] GC(543) - age   6:      27936 bytes,     852640 total
[2024-02-28T00:21:56.786+0000][7][gc,age      ] GC(543) - age   7:      63984 bytes,     916624 total
[2024-02-28T00:21:56.786+0000][7][gc,age      ] GC(543) - age   8:     147296 bytes,    1063920 total
[2024-02-28T00:21:56.786+0000][7][gc,age      ] GC(543) - age   9:        184 bytes,    1064104 total
[2024-02-28T00:21:56.786+0000][7][gc,age      ] GC(543) - age  10:     103272 bytes,    1167376 total
[2024-02-28T00:21:56.786+0000][7][gc,age      ] GC(543) - age  11:      34648 bytes,    1202024 total
[2024-02-28T00:21:56.786+0000][7][gc,age      ] GC(543) - age  12:       8200 bytes,    1210224 total
[2024-02-28T00:21:56.786+0000][7][gc,heap     ] GC(543) Eden regions: 152->0(152)
[2024-02-28T00:21:56.786+0000][7][gc,heap     ] GC(543) Survivor regions: 1->1(20)
[2024-02-28T00:21:56.786+0000][7][gc,heap     ] GC(543) Old regions: 27->27
[2024-02-28T00:21:56.786+0000][7][gc,heap     ] GC(543) Archive regions: 2->2
[2024-02-28T00:21:56.786+0000][7][gc,heap     ] GC(543) Humongous regions: 0->0
[2024-02-28T00:21:56.786+0000][7][gc,metaspace] GC(543) Metaspace: 129413K(133056K)->129413K(133056K) NonClass: 112514K(114432K)->112514K(114432K) Class: 16898K(18624K)->16898K(18624K)
[2024-02-28T00:21:56.786+0000][7][gc          ] GC(543) Pause Young (Normal) (G1 Evacuation Pause) 720M->111M(1024M) 2.049ms
[2024-02-28T00:21:56.786+0000][7][gc,cpu      ] GC(543) User=0.01s Sys=0.00s Real=0.00s
[2024-02-28T00:21:56.786+0000][7][safepoint   ] Safepoint "G1CollectForAllocation", Time since last: 122830190171 ns, Reaching safepoint: 33924 ns, At safepoint: 2143117 ns, Total: 2177041 ns
[2024-02-28T00:24:00.032+0000][7][gc,start    ] GC(544) Pause Young (Normal) (G1 Evacuation Pause)
[2024-02-28T00:24:00.032+0000][7][gc,task     ] GC(544) Using 8 workers of 8 for evacuation
[2024-02-28T00:24:00.032+0000][7][gc,age      ] GC(544) Desired survivor size 41943040 bytes, new threshold 15 (max threshold 15)
[2024-02-28T00:24:00.035+0000][7][gc,phases   ] GC(544)   Pre Evacuate Collection Set: 0.2ms
[2024-02-28T00:24:00.035+0000][7][gc,phases   ] GC(544)   Merge Heap Roots: 0.1ms
[2024-02-28T00:24:00.035+0000][7][gc,phases   ] GC(544)   Evacuate Collection Set: 1.4ms
[2024-02-28T00:24:00.035+0000][7][gc,phases   ] GC(544)   Post Evacuate Collection Set: 0.9ms
[2024-02-28T00:24:00.035+0000][7][gc,phases   ] GC(544)   Other: 0.1ms
[2024-02-28T00:24:00.035+0000][7][gc,age      ] GC(544) Age table with threshold 15 (max threshold 15)
[2024-02-28T00:24:00.035+0000][7][gc,age      ] GC(544) - age   1:    1093536 bytes,    1093536 total
[2024-02-28T00:24:00.035+0000][7][gc,age      ] GC(544) - age   2:       6728 bytes,    1100264 total
[2024-02-28T00:24:00.035+0000][7][gc,age      ] GC(544) - age   3:       1432 bytes,    1101696 total
[2024-02-28T00:24:00.035+0000][7][gc,age      ] GC(544) - age   4:     132496 bytes,    1234192 total
[2024-02-28T00:24:00.035+0000][7][gc,age      ] GC(544) - age   5:       1136 bytes,    1235328 total
[2024-02-28T00:24:00.035+0000][7][gc,age      ] GC(544) - age   6:        200 bytes,    1235528 total
[2024-02-28T00:24:00.035+0000][7][gc,age      ] GC(544) - age   7:      27936 bytes,    1263464 total
[2024-02-28T00:24:00.035+0000][7][gc,age      ] GC(544) - age   8:      63984 bytes,    1327448 total
[2024-02-28T00:24:00.035+0000][7][gc,age      ] GC(544) - age   9:     147296 bytes,    1474744 total
[2024-02-28T00:24:00.035+0000][7][gc,age      ] GC(544) - age  10:        184 bytes,    1474928 total
[2024-02-28T00:24:00.035+0000][7][gc,age      ] GC(544) - age  11:     103272 bytes,    1578200 total
[2024-02-28T00:24:00.035+0000][7][gc,age      ] GC(544) - age  12:      34648 bytes,    1612848 total
[2024-02-28T00:24:00.035+0000][7][gc,age      ] GC(544) - age  13:       8200 bytes,    1621048 total
[2024-02-28T00:24:00.035+0000][7][gc,heap     ] GC(544) Eden regions: 152->0(152)
[2024-02-28T00:24:00.035+0000][7][gc,heap     ] GC(544) Survivor regions: 1->1(20)
[2024-02-28T00:24:00.035+0000][7][gc,heap     ] GC(544) Old regions: 27->27
[2024-02-28T00:24:00.035+0000][7][gc,heap     ] GC(544) Archive regions: 2->2
[2024-02-28T00:24:00.035+0000][7][gc,heap     ] GC(544) Humongous regions: 0->0
[2024-02-28T00:24:00.035+0000][7][gc,metaspace] GC(544) Metaspace: 129413K(133056K)->129413K(133056K) NonClass: 112514K(114432K)->112514K(114432K) Class: 16898K(18624K)->16898K(18624K)
[2024-02-28T00:24:00.035+0000][7][gc          ] GC(544) Pause Young (Normal) (G1 Evacuation Pause) 719M->111M(1024M) 3.041ms
[2024-02-28T00:24:00.035+0000][7][gc,cpu      ] GC(544) User=0.02s Sys=0.00s Real=0.01s
[2024-02-28T00:24:00.035+0000][7][safepoint   ] Safepoint "G1CollectForAllocation", Time since last: 123245514957 ns, Reaching safepoint: 94022 ns, At safepoint: 3148969 ns, Total: 3242991 ns
[2024-02-28T00:26:33.004+0000][7][gc,start    ] GC(545) Pause Young (Normal) (G1 Evacuation Pause)
[2024-02-28T00:26:33.004+0000][7][gc,task     ] GC(545) Using 8 workers of 8 for evacuation
[2024-02-28T00:26:33.004+0000][7][gc,age      ] GC(545) Desired survivor size 41943040 bytes, new threshold 15 (max threshold 15)
[2024-02-28T00:26:33.006+0000][7][gc,phases   ] GC(545)   Pre Evacuate Collection Set: 0.1ms
[2024-02-28T00:26:33.006+0000][7][gc,phases   ] GC(545)   Merge Heap Roots: 0.0ms
[2024-02-28T00:26:33.006+0000][7][gc,phases   ] GC(545)   Evacuate Collection Set: 1.0ms
[2024-02-28T00:26:33.006+0000][7][gc,phases   ] GC(545)   Post Evacuate Collection Set: 0.6ms
[2024-02-28T00:26:33.006+0000][7][gc,phases   ] GC(545)   Other: 0.1ms
[2024-02-28T00:26:33.006+0000][7][gc,age      ] GC(545) Age table with threshold 15 (max threshold 15)
[2024-02-28T00:26:33.006+0000][7][gc,age      ] GC(545) - age   1:    1945016 bytes,    1945016 total
[2024-02-28T00:26:33.006+0000][7][gc,age      ] GC(545) - age   2:       3776 bytes,    1948792 total
[2024-02-28T00:26:33.006+0000][7][gc,age      ] GC(545) - age   3:       4216 bytes,    1953008 total
[2024-02-28T00:26:33.006+0000][7][gc,age      ] GC(545) - age   4:        312 bytes,    1953320 total
[2024-02-28T00:26:33.006+0000][7][gc,age      ] GC(545) - age   5:     132304 bytes,    2085624 total
[2024-02-28T00:26:33.006+0000][7][gc,age      ] GC(545) - age   6:        392 bytes,    2086016 total
[2024-02-28T00:26:33.006+0000][7][gc,age      ] GC(545) - age   7:        200 bytes,    2086216 total
[2024-02-28T00:26:33.006+0000][7][gc,age      ] GC(545) - age   8:      27936 bytes,    2114152 total
[2024-02-28T00:26:33.006+0000][7][gc,age      ] GC(545) - age   9:      63984 bytes,    2178136 total
[2024-02-28T00:26:33.006+0000][7][gc,age      ] GC(545) - age  10:     146880 bytes,    2325016 total
[2024-02-28T00:26:33.006+0000][7][gc,age      ] GC(545) - age  11:        184 bytes,    2325200 total
[2024-02-28T00:26:33.006+0000][7][gc,age      ] GC(545) - age  12:     103272 bytes,    2428472 total
[2024-02-28T00:26:33.006+0000][7][gc,age      ] GC(545) - age  13:      34648 bytes,    2463120 total
[2024-02-28T00:26:33.006+0000][7][gc,age      ] GC(545) - age  14:       8200 bytes,    2471320 total
[2024-02-28T00:26:33.006+0000][7][gc,heap     ] GC(545) Eden regions: 152->0(152)
[2024-02-28T00:26:33.006+0000][7][gc,heap     ] GC(545) Survivor regions: 1->1(20)
[2024-02-28T00:26:33.006+0000][7][gc,heap     ] GC(545) Old regions: 27->27
[2024-02-28T00:26:33.006+0000][7][gc,heap     ] GC(545) Archive regions: 2->2
[2024-02-28T00:26:33.006+0000][7][gc,heap     ] GC(545) Humongous regions: 0->0
[2024-02-28T00:26:33.006+0000][7][gc,metaspace] GC(545) Metaspace: 129413K(133056K)->129413K(133056K) NonClass: 112514K(114432K)->112514K(114432K) Class: 16898K(18624K)->16898K(18624K)
[2024-02-28T00:26:33.006+0000][7][gc          ] GC(545) Pause Young (Normal) (G1 Evacuation Pause) 719M->112M(1024M) 1.986ms
[2024-02-28T00:26:33.006+0000][7][gc,cpu      ] GC(545) User=0.01s Sys=0.00s Real=0.01s
[2024-02-28T00:26:33.006+0000][7][safepoint   ] Safepoint "G1CollectForAllocation", Time since last: 152968789893 ns, Reaching safepoint: 35326 ns, At safepoint: 2056049 ns, Total: 2091375 ns
[2024-02-28T00:29:14.805+0000][7][gc,start    ] GC(546) Pause Young (Normal) (G1 Evacuation Pause)
[2024-02-28T00:29:14.805+0000][7][gc,task     ] GC(546) Using 8 workers of 8 for evacuation
[2024-02-28T00:29:14.805+0000][7][gc,age      ] GC(546) Desired survivor size 41943040 bytes, new threshold 15 (max threshold 15)
[2024-02-28T00:29:14.808+0000][7][gc,phases   ] GC(546)   Pre Evacuate Collection Set: 0.1ms
[2024-02-28T00:29:14.808+0000][7][gc,phases   ] GC(546)   Merge Heap Roots: 0.1ms
[2024-02-28T00:29:14.808+0000][7][gc,phases   ] GC(546)   Evacuate Collection Set: 1.4ms
[2024-02-28T00:29:14.808+0000][7][gc,phases   ] GC(546)   Post Evacuate Collection Set: 0.7ms
[2024-02-28T00:29:14.808+0000][7][gc,phases   ] GC(546)   Other: 0.1ms
[2024-02-28T00:29:14.808+0000][7][gc,age      ] GC(546) Age table with threshold 15 (max threshold 15)
[2024-02-28T00:29:14.808+0000][7][gc,age      ] GC(546) - age   1:    1750224 bytes,    1750224 total
[2024-02-28T00:29:14.808+0000][7][gc,age      ] GC(546) - age   2:       5520 bytes,    1755744 total
[2024-02-28T00:29:14.808+0000][7][gc,age      ] GC(546) - age   3:        696 bytes,    1756440 total
[2024-02-28T00:29:14.808+0000][7][gc,age      ] GC(546) - age   4:       3712 bytes,    1760152 total
[2024-02-28T00:29:14.808+0000][7][gc,age      ] GC(546) - age   5:        152 bytes,    1760304 total
[2024-02-28T00:29:14.808+0000][7][gc,age      ] GC(546) - age   6:     132248 bytes,    1892552 total
[2024-02-28T00:29:14.808+0000][7][gc,age      ] GC(546) - age   7:        392 bytes,    1892944 total
[2024-02-28T00:29:14.808+0000][7][gc,age      ] GC(546) - age   8:         16 bytes,    1892960 total
[2024-02-28T00:29:14.808+0000][7][gc,age      ] GC(546) - age   9:      27936 bytes,    1920896 total
[2024-02-28T00:29:14.808+0000][7][gc,age      ] GC(546) - age  10:      63984 bytes,    1984880 total
[2024-02-28T00:29:14.808+0000][7][gc,age      ] GC(546) - age  11:     146880 bytes,    2131760 total
[2024-02-28T00:29:14.808+0000][7][gc,age      ] GC(546) - age  12:        184 bytes,    2131944 total
[2024-02-28T00:29:14.808+0000][7][gc,age      ] GC(546) - age  13:     103272 bytes,    2235216 total
[2024-02-28T00:29:14.808+0000][7][gc,age      ] GC(546) - age  14:      34648 bytes,    2269864 total
[2024-02-28T00:29:14.808+0000][7][gc,age      ] GC(546) - age  15:       8200 bytes,    2278064 total
[2024-02-28T00:29:14.808+0000][7][gc,heap     ] GC(546) Eden regions: 152->0(152)
[2024-02-28T00:29:14.808+0000][7][gc,heap     ] GC(546) Survivor regions: 1->1(20)
[2024-02-28T00:29:14.808+0000][7][gc,heap     ] GC(546) Old regions: 27->27
[2024-02-28T00:29:14.808+0000][7][gc,heap     ] GC(546) Archive regions: 2->2
[2024-02-28T00:29:14.808+0000][7][gc,heap     ] GC(546) Humongous regions: 0->0
[2024-02-28T00:29:14.808+0000][7][gc,metaspace] GC(546) Metaspace: 129413K(133056K)->129413K(133056K) NonClass: 112514K(114432K)->112514K(114432K) Class: 16898K(18624K)->16898K(18624K)
[2024-02-28T00:29:14.808+0000][7][gc          ] GC(546) Pause Young (Normal) (G1 Evacuation Pause) 720M->112M(1024M) 2.632ms
[2024-02-28T00:29:14.808+0000][7][gc,cpu      ] GC(546) User=0.01s Sys=0.00s Real=0.00s
[2024-02-28T00:29:14.808+0000][7][safepoint   ] Safepoint "G1CollectForAllocation", Time since last: 161799393235 ns, Reaching safepoint: 54435 ns, At safepoint: 2713830 ns, Total: 2768265 ns
[2024-02-28T00:31:44.813+0000][7][gc,start    ] GC(547) Pause Young (Normal) (G1 Evacuation Pause)
[2024-02-28T00:31:44.813+0000][7][gc,task     ] GC(547) Using 8 workers of 8 for evacuation
[2024-02-28T00:31:44.813+0000][7][gc,age      ] GC(547) Desired survivor size 41943040 bytes, new threshold 15 (max threshold 15)
[2024-02-28T00:31:44.816+0000][7][gc,phases   ] GC(547)   Pre Evacuate Collection Set: 0.1ms
[2024-02-28T00:31:44.816+0000][7][gc,phases   ] GC(547)   Merge Heap Roots: 0.1ms
[2024-02-28T00:31:44.816+0000][7][gc,phases   ] GC(547)   Evacuate Collection Set: 1.3ms
[2024-02-28T00:31:44.816+0000][7][gc,phases   ] GC(547)   Post Evacuate Collection Set: 0.6ms
[2024-02-28T00:31:44.816+0000][7][gc,phases   ] GC(547)   Other: 0.1ms
[2024-02-28T00:31:44.816+0000][7][gc,age      ] GC(547) Age table with threshold 15 (max threshold 15)
[2024-02-28T00:31:44.816+0000][7][gc,age      ] GC(547) - age   1:    1179448 bytes,    1179448 total
[2024-02-28T00:31:44.816+0000][7][gc,age      ] GC(547) - age   2:       4960 bytes,    1184408 total
[2024-02-28T00:31:44.816+0000][7][gc,age      ] GC(547) - age   3:       1968 bytes,    1186376 total
[2024-02-28T00:31:44.816+0000][7][gc,age      ] GC(547) - age   4:        184 bytes,    1186560 total
[2024-02-28T00:31:44.816+0000][7][gc,age      ] GC(547) - age   6:         24 bytes,    1186584 total
[2024-02-28T00:31:44.816+0000][7][gc,age      ] GC(547) - age   7:     132248 bytes,    1318832 total
[2024-02-28T00:31:44.816+0000][7][gc,age      ] GC(547) - age   9:         16 bytes,    1318848 total
[2024-02-28T00:31:44.816+0000][7][gc,age      ] GC(547) - age  10:      27936 bytes,    1346784 total
[2024-02-28T00:31:44.816+0000][7][gc,age      ] GC(547) - age  11:      63984 bytes,    1410768 total
[2024-02-28T00:31:44.816+0000][7][gc,age      ] GC(547) - age  12:     146880 bytes,    1557648 total
[2024-02-28T00:31:44.816+0000][7][gc,age      ] GC(547) - age  13:        184 bytes,    1557832 total
[2024-02-28T00:31:44.816+0000][7][gc,age      ] GC(547) - age  14:     103272 bytes,    1661104 total
[2024-02-28T00:31:44.816+0000][7][gc,age      ] GC(547) - age  15:      34648 bytes,    1695752 total
[2024-02-28T00:31:44.816+0000][7][gc,heap     ] GC(547) Eden regions: 152->0(152)
[2024-02-28T00:31:44.816+0000][7][gc,heap     ] GC(547) Survivor regions: 1->1(20)
[2024-02-28T00:31:44.816+0000][7][gc,heap     ] GC(547) Old regions: 27->27
[2024-02-28T00:31:44.816+0000][7][gc,heap     ] GC(547) Archive regions: 2->2
[2024-02-28T00:31:44.816+0000][7][gc,heap     ] GC(547) Humongous regions: 0->0
[2024-02-28T00:31:44.816+0000][7][gc,metaspace] GC(547) Metaspace: 129413K(133056K)->129413K(133056K) NonClass: 112514K(114432K)->112514K(114432K) Class: 16898K(18624K)->16898K(18624K)
[2024-02-28T00:31:44.816+0000][7][gc          ] GC(547) Pause Young (Normal) (G1 Evacuation Pause) 720M->112M(1024M) 2.413ms
[2024-02-28T00:31:44.816+0000][7][gc,cpu      ] GC(547) User=0.01s Sys=0.01s Real=0.00s
[2024-02-28T00:31:44.816+0000][7][safepoint   ] Safepoint "G1CollectForAllocation", Time since last: 150005211693 ns, Reaching safepoint: 78370 ns, At safepoint: 2511349 ns, Total: 2589719 ns
[2024-02-28T00:33:47.830+0000][7][gc,start    ] GC(548) Pause Young (Normal) (G1 Evacuation Pause)
[2024-02-28T00:33:47.830+0000][7][gc,task     ] GC(548) Using 8 workers of 8 for evacuation
[2024-02-28T00:33:47.830+0000][7][gc,age      ] GC(548) Desired survivor size 41943040 bytes, new threshold 15 (max threshold 15)
[2024-02-28T00:33:47.833+0000][7][gc,phases   ] GC(548)   Pre Evacuate Collection Set: 0.1ms
[2024-02-28T00:33:47.833+0000][7][gc,phases   ] GC(548)   Merge Heap Roots: 0.1ms
[2024-02-28T00:33:47.833+0000][7][gc,phases   ] GC(548)   Evacuate Collection Set: 1.4ms
[2024-02-28T00:33:47.833+0000][7][gc,phases   ] GC(548)   Post Evacuate Collection Set: 0.7ms
[2024-02-28T00:33:47.833+0000][7][gc,phases   ] GC(548)   Other: 0.1ms
[2024-02-28T00:33:47.833+0000][7][gc,age      ] GC(548) Age table with threshold 15 (max threshold 15)
[2024-02-28T00:33:47.833+0000][7][gc,age      ] GC(548) - age   1:    1667592 bytes,    1667592 total
[2024-02-28T00:33:47.833+0000][7][gc,age      ] GC(548) - age   2:       6168 bytes,    1673760 total
[2024-02-28T00:33:47.833+0000][7][gc,age      ] GC(548) - age   3:       1952 bytes,    1675712 total
[2024-02-28T00:33:47.833+0000][7][gc,age      ] GC(548) - age   4:       1264 bytes,    1676976 total
[2024-02-28T00:33:47.833+0000][7][gc,age      ] GC(548) - age   5:        184 bytes,    1677160 total
[2024-02-28T00:33:47.833+0000][7][gc,age      ] GC(548) - age   7:         24 bytes,    1677184 total
[2024-02-28T00:33:47.833+0000][7][gc,age      ] GC(548) - age   8:     132248 bytes,    1809432 total
[2024-02-28T00:33:47.833+0000][7][gc,age      ] GC(548) - age  10:         16 bytes,    1809448 total
[2024-02-28T00:33:47.833+0000][7][gc,age      ] GC(548) - age  11:      27936 bytes,    1837384 total
[2024-02-28T00:33:47.833+0000][7][gc,age      ] GC(548) - age  12:      63984 bytes,    1901368 total
[2024-02-28T00:33:47.833+0000][7][gc,age      ] GC(548) - age  13:     146880 bytes,    2048248 total
[2024-02-28T00:33:47.833+0000][7][gc,age      ] GC(548) - age  14:        184 bytes,    2048432 total
[2024-02-28T00:33:47.833+0000][7][gc,age      ] GC(548) - age  15:     103272 bytes,    2151704 total
[2024-02-28T00:33:47.833+0000][7][gc,heap     ] GC(548) Eden regions: 152->0(152)
[2024-02-28T00:33:47.833+0000][7][gc,heap     ] GC(548) Survivor regions: 1->1(20)
[2024-02-28T00:33:47.833+0000][7][gc,heap     ] GC(548) Old regions: 27->27
[2024-02-28T00:33:47.833+0000][7][gc,heap     ] GC(548) Archive regions: 2->2
[2024-02-28T00:33:47.833+0000][7][gc,heap     ] GC(548) Humongous regions: 0->0
[2024-02-28T00:33:47.833+0000][7][gc,metaspace] GC(548) Metaspace: 129413K(133056K)->129413K(133056K) NonClass: 112514K(114432K)->112514K(114432K) Class: 16898K(18624K)->16898K(18624K)
[2024-02-28T00:33:47.833+0000][7][gc          ] GC(548) Pause Young (Normal) (G1 Evacuation Pause) 720M->112M(1024M) 2.558ms
[2024-02-28T00:33:47.833+0000][7][gc,cpu      ] GC(548) User=0.01s Sys=0.00s Real=0.01s
[2024-02-28T00:33:47.833+0000][7][safepoint   ] Safepoint "G1CollectForAllocation", Time since last: 123014320045 ns, Reaching safepoint: 74713 ns, At safepoint: 2642581 ns, Total: 2717294 ns
[2024-02-28T00:35:48.736+0000][7][gc,start    ] GC(549) Pause Young (Normal) (G1 Evacuation Pause)
[2024-02-28T00:35:48.737+0000][7][gc,task     ] GC(549) Using 8 workers of 8 for evacuation
[2024-02-28T00:35:48.737+0000][7][gc,age      ] GC(549) Desired survivor size 41943040 bytes, new threshold 15 (max threshold 15)
[2024-02-28T00:35:48.739+0000][7][gc,phases   ] GC(549)   Pre Evacuate Collection Set: 0.1ms
[2024-02-28T00:35:48.739+0000][7][gc,phases   ] GC(549)   Merge Heap Roots: 0.1ms
[2024-02-28T00:35:48.739+0000][7][gc,phases   ] GC(549)   Evacuate Collection Set: 1.3ms
[2024-02-28T00:35:48.739+0000][7][gc,phases   ] GC(549)   Post Evacuate Collection Set: 0.7ms
[2024-02-28T00:35:48.739+0000][7][gc,phases   ] GC(549)   Other: 0.1ms
[2024-02-28T00:35:48.739+0000][7][gc,age      ] GC(549) Age table with threshold 15 (max threshold 15)
[2024-02-28T00:35:48.739+0000][7][gc,age      ] GC(549) - age   1:    1704584 bytes,    1704584 total
[2024-02-28T00:35:48.739+0000][7][gc,age      ] GC(549) - age   2:       5192 bytes,    1709776 total
[2024-02-28T00:35:48.739+0000][7][gc,age      ] GC(549) - age   3:       4568 bytes,    1714344 total
[2024-02-28T00:35:48.739+0000][7][gc,age      ] GC(549) - age   4:        832 bytes,    1715176 total
[2024-02-28T00:35:48.739+0000][7][gc,age      ] GC(549) - age   5:        480 bytes,    1715656 total
[2024-02-28T00:35:48.739+0000][7][gc,age      ] GC(549) - age   6:        184 bytes,    1715840 total
[2024-02-28T00:35:48.739+0000][7][gc,age      ] GC(549) - age   8:         24 bytes,    1715864 total
[2024-02-28T00:35:48.739+0000][7][gc,age      ] GC(549) - age   9:     132248 bytes,    1848112 total
[2024-02-28T00:35:48.739+0000][7][gc,age      ] GC(549) - age  11:         16 bytes,    1848128 total
[2024-02-28T00:35:48.739+0000][7][gc,age      ] GC(549) - age  12:      27936 bytes,    1876064 total
[2024-02-28T00:35:48.739+0000][7][gc,age      ] GC(549) - age  13:      63984 bytes,    1940048 total
[2024-02-28T00:35:48.739+0000][7][gc,age      ] GC(549) - age  14:     146880 bytes,    2086928 total
[2024-02-28T00:35:48.739+0000][7][gc,age      ] GC(549) - age  15:        184 bytes,    2087112 total
[2024-02-28T00:35:48.739+0000][7][gc,heap     ] GC(549) Eden regions: 152->0(152)
[2024-02-28T00:35:48.739+0000][7][gc,heap     ] GC(549) Survivor regions: 1->1(20)
[2024-02-28T00:35:48.739+0000][7][gc,heap     ] GC(549) Old regions: 27->27
[2024-02-28T00:35:48.739+0000][7][gc,heap     ] GC(549) Archive regions: 2->2
[2024-02-28T00:35:48.739+0000][7][gc,heap     ] GC(549) Humongous regions: 0->0
[2024-02-28T00:35:48.739+0000][7][gc,metaspace] GC(549) Metaspace: 129413K(133056K)->129413K(133056K) NonClass: 112514K(114432K)->112514K(114432K) Class: 16898K(18624K)->16898K(18624K)
[2024-02-28T00:35:48.739+0000][7][gc          ] GC(549) Pause Young (Normal) (G1 Evacuation Pause) 720M->112M(1024M) 2.432ms
[2024-02-28T00:35:48.739+0000][7][gc,cpu      ] GC(549) User=0.01s Sys=0.00s Real=0.00s
[2024-02-28T00:35:48.739+0000][7][safepoint   ] Safepoint "G1CollectForAllocation", Time since last: 120903538141 ns, Reaching safepoint: 51040 ns, At safepoint: 2521852 ns, Total: 2572892 ns
[2024-02-28T00:37:45.401+0000][7][gc,start    ] GC(550) Pause Young (Normal) (G1 Evacuation Pause)
[2024-02-28T00:37:45.401+0000][7][gc,task     ] GC(550) Using 8 workers of 8 for evacuation
[2024-02-28T00:37:45.401+0000][7][gc,age      ] GC(550) Desired survivor size 41943040 bytes, new threshold 15 (max threshold 15)
[2024-02-28T00:37:45.403+0000][7][gc,phases   ] GC(550)   Pre Evacuate Collection Set: 0.1ms
[2024-02-28T00:37:45.403+0000][7][gc,phases   ] GC(550)   Merge Heap Roots: 0.1ms
[2024-02-28T00:37:45.403+0000][7][gc,phases   ] GC(550)   Evacuate Collection Set: 1.0ms
[2024-02-28T00:37:45.403+0000][7][gc,phases   ] GC(550)   Post Evacuate Collection Set: 0.6ms
[2024-02-28T00:37:45.403+0000][7][gc,phases   ] GC(550)   Other: 0.1ms
[2024-02-28T00:37:45.403+0000][7][gc,age      ] GC(550) Age table with threshold 15 (max threshold 15)
[2024-02-28T00:37:45.403+0000][7][gc,age      ] GC(550) - age   1:    1776912 bytes,    1776912 total
[2024-02-28T00:37:45.403+0000][7][gc,age      ] GC(550) - age   2:       3680 bytes,    1780592 total
[2024-02-28T00:37:45.403+0000][7][gc,age      ] GC(550) - age   3:       1824 bytes,    1782416 total
[2024-02-28T00:37:45.403+0000][7][gc,age      ] GC(550) - age   4:       4160 bytes,    1786576 total
[2024-02-28T00:37:45.403+0000][7][gc,age      ] GC(550) - age   5:        408 bytes,    1786984 total
[2024-02-28T00:37:45.403+0000][7][gc,age      ] GC(550) - age   6:        480 bytes,    1787464 total
[2024-02-28T00:37:45.403+0000][7][gc,age      ] GC(550) - age   7:        184 bytes,    1787648 total
[2024-02-28T00:37:45.403+0000][7][gc,age      ] GC(550) - age   9:         24 bytes,    1787672 total
[2024-02-28T00:37:45.403+0000][7][gc,age      ] GC(550) - age  10:     132248 bytes,    1919920 total
[2024-02-28T00:37:45.403+0000][7][gc,age      ] GC(550) - age  12:         16 bytes,    1919936 total
[2024-02-28T00:37:45.403+0000][7][gc,age      ] GC(550) - age  13:      27936 bytes,    1947872 total
[2024-02-28T00:37:45.403+0000][7][gc,age      ] GC(550) - age  14:      63984 bytes,    2011856 total
[2024-02-28T00:37:45.403+0000][7][gc,age      ] GC(550) - age  15:     146880 bytes,    2158736 total
[2024-02-28T00:37:45.403+0000][7][gc,heap     ] GC(550) Eden regions: 152->0(152)
[2024-02-28T00:37:45.403+0000][7][gc,heap     ] GC(550) Survivor regions: 1->1(20)
[2024-02-28T00:37:45.403+0000][7][gc,heap     ] GC(550) Old regions: 27->27
[2024-02-28T00:37:45.403+0000][7][gc,heap     ] GC(550) Archive regions: 2->2
[2024-02-28T00:37:45.403+0000][7][gc,heap     ] GC(550) Humongous regions: 0->0
[2024-02-28T00:37:45.403+0000][7][gc,metaspace] GC(550) Metaspace: 129413K(133056K)->129413K(133056K) NonClass: 112514K(114432K)->112514K(114432K) Class: 16898K(18624K)->16898K(18624K)
[2024-02-28T00:37:45.403+0000][7][gc          ] GC(550) Pause Young (Normal) (G1 Evacuation Pause) 720M->112M(1024M) 2.046ms
[2024-02-28T00:37:45.403+0000][7][gc,cpu      ] GC(550) User=0.01s Sys=0.00s Real=0.00s
[2024-02-28T00:37:45.403+0000][7][safepoint   ] Safepoint "G1CollectForAllocation", Time since last: 116661854318 ns, Reaching safepoint: 56062 ns, At safepoint: 2116589 ns, Total: 2172651 ns
[2024-02-28T00:39:48.058+0000][7][gc,start    ] GC(551) Pause Young (Normal) (G1 Evacuation Pause)
[2024-02-28T00:39:48.058+0000][7][gc,task     ] GC(551) Using 8 workers of 8 for evacuation
[2024-02-28T00:39:48.058+0000][7][gc,age      ] GC(551) Desired survivor size 41943040 bytes, new threshold 15 (max threshold 15)
[2024-02-28T00:39:48.060+0000][7][gc,phases   ] GC(551)   Pre Evacuate Collection Set: 0.1ms
[2024-02-28T00:39:48.060+0000][7][gc,phases   ] GC(551)   Merge Heap Roots: 0.0ms
[2024-02-28T00:39:48.060+0000][7][gc,phases   ] GC(551)   Evacuate Collection Set: 1.1ms
[2024-02-28T00:39:48.060+0000][7][gc,phases   ] GC(551)   Post Evacuate Collection Set: 0.5ms
[2024-02-28T00:39:48.060+0000][7][gc,phases   ] GC(551)   Other: 0.1ms
[2024-02-28T00:39:48.060+0000][7][gc,age      ] GC(551) Age table with threshold 15 (max threshold 15)
[2024-02-28T00:39:48.060+0000][7][gc,age      ] GC(551) - age   1:    2147632 bytes,    2147632 total
[2024-02-28T00:39:48.060+0000][7][gc,age      ] GC(551) - age   2:       3416 bytes,    2151048 total
[2024-02-28T00:39:48.060+0000][7][gc,age      ] GC(551) - age   3:       1736 bytes,    2152784 total
[2024-02-28T00:39:48.060+0000][7][gc,age      ] GC(551) - age   4:       1216 bytes,    2154000 total
[2024-02-28T00:39:48.060+0000][7][gc,age      ] GC(551) - age   5:       3912 bytes,    2157912 total
[2024-02-28T00:39:48.060+0000][7][gc,age      ] GC(551) - age   6:        280 bytes,    2158192 total
[2024-02-28T00:39:48.060+0000][7][gc,age      ] GC(551) - age   7:        416 bytes,    2158608 total
[2024-02-28T00:39:48.060+0000][7][gc,age      ] GC(551) - age   8:        184 bytes,    2158792 total
[2024-02-28T00:39:48.060+0000][7][gc,age      ] GC(551) - age  10:         24 bytes,    2158816 total
[2024-02-28T00:39:48.060+0000][7][gc,age      ] GC(551) - age  11:     132248 bytes,    2291064 total
[2024-02-28T00:39:48.060+0000][7][gc,age      ] GC(551) - age  13:         16 bytes,    2291080 total
[2024-02-28T00:39:48.060+0000][7][gc,age      ] GC(551) - age  14:      27936 bytes,    2319016 total
[2024-02-28T00:39:48.060+0000][7][gc,age      ] GC(551) - age  15:      63984 bytes,    2383000 total
[2024-02-28T00:39:48.060+0000][7][gc,heap     ] GC(551) Eden regions: 152->0(152)
[2024-02-28T00:39:48.060+0000][7][gc,heap     ] GC(551) Survivor regions: 1->1(20)
[2024-02-28T00:39:48.060+0000][7][gc,heap     ] GC(551) Old regions: 27->27
[2024-02-28T00:39:48.060+0000][7][gc,heap     ] GC(551) Archive regions: 2->2
[2024-02-28T00:39:48.060+0000][7][gc,heap     ] GC(551) Humongous regions: 0->0
[2024-02-28T00:39:48.060+0000][7][gc,metaspace] GC(551) Metaspace: 129413K(133056K)->129413K(133056K) NonClass: 112514K(114432K)->112514K(114432K) Class: 16898K(18624K)->16898K(18624K)
[2024-02-28T00:39:48.060+0000][7][gc          ] GC(551) Pause Young (Normal) (G1 Evacuation Pause) 720M->113M(1024M) 1.988ms
[2024-02-28T00:39:48.060+0000][7][gc,cpu      ] GC(551) User=0.01s Sys=0.01s Real=0.00s
[2024-02-28T00:39:48.060+0000][7][safepoint   ] Safepoint "G1CollectForAllocation", Time since last: 122655121832 ns, Reaching safepoint: 108517 ns, At safepoint: 2054546 ns, Total: 2163063 ns
[2024-02-28T00:41:56.821+0000][7][gc,start    ] GC(552) Pause Young (Normal) (G1 Evacuation Pause)
[2024-02-28T00:41:56.821+0000][7][gc,task     ] GC(552) Using 8 workers of 8 for evacuation
[2024-02-28T00:41:56.821+0000][7][gc,age      ] GC(552) Desired survivor size 41943040 bytes, new threshold 15 (max threshold 15)
[2024-02-28T00:41:56.823+0000][7][gc,phases   ] GC(552)   Pre Evacuate Collection Set: 0.1ms
[2024-02-28T00:41:56.823+0000][7][gc,phases   ] GC(552)   Merge Heap Roots: 0.1ms
[2024-02-28T00:41:56.823+0000][7][gc,phases   ] GC(552)   Evacuate Collection Set: 1.0ms
[2024-02-28T00:41:56.823+0000][7][gc,phases   ] GC(552)   Post Evacuate Collection Set: 0.7ms
[2024-02-28T00:41:56.823+0000][7][gc,phases   ] GC(552)   Other: 0.1ms
[2024-02-28T00:41:56.823+0000][7][gc,age      ] GC(552) Age table with threshold 15 (max threshold 15)
[2024-02-28T00:41:56.823+0000][7][gc,age      ] GC(552) - age   1:     479800 bytes,     479800 total
[2024-02-28T00:41:56.823+0000][7][gc,age      ] GC(552) - age   2:       2648 bytes,     482448 total
[2024-02-28T00:41:56.823+0000][7][gc,age      ] GC(552) - age   3:        928 bytes,     483376 total
[2024-02-28T00:41:56.823+0000][7][gc,age      ] GC(552) - age   4:        808 bytes,     484184 total
[2024-02-28T00:41:56.823+0000][7][gc,age      ] GC(552) - age   5:        312 bytes,     484496 total
[2024-02-28T00:41:56.823+0000][7][gc,age      ] GC(552) - age   6:        456 bytes,     484952 total
[2024-02-28T00:41:56.823+0000][7][gc,age      ] GC(552) - age   7:        280 bytes,     485232 total
[2024-02-28T00:41:56.823+0000][7][gc,age      ] GC(552) - age   8:        416 bytes,     485648 total
[2024-02-28T00:41:56.823+0000][7][gc,age      ] GC(552) - age   9:        184 bytes,     485832 total
[2024-02-28T00:41:56.823+0000][7][gc,age      ] GC(552) - age  12:     132248 bytes,     618080 total
[2024-02-28T00:41:56.823+0000][7][gc,age      ] GC(552) - age  14:         16 bytes,     618096 total
[2024-02-28T00:41:56.823+0000][7][gc,age      ] GC(552) - age  15:      27936 bytes,     646032 total
[2024-02-28T00:41:56.823+0000][7][gc,heap     ] GC(552) Eden regions: 152->0(152)
[2024-02-28T00:41:56.823+0000][7][gc,heap     ] GC(552) Survivor regions: 1->1(20)
[2024-02-28T00:41:56.823+0000][7][gc,heap     ] GC(552) Old regions: 27->27
[2024-02-28T00:41:56.823+0000][7][gc,heap     ] GC(552) Archive regions: 2->2
[2024-02-28T00:41:56.823+0000][7][gc,heap     ] GC(552) Humongous regions: 0->0
[2024-02-28T00:41:56.823+0000][7][gc,metaspace] GC(552) Metaspace: 129413K(133056K)->129413K(133056K) NonClass: 112514K(114432K)->112514K(114432K) Class: 16898K(18624K)->16898K(18624K)
[2024-02-28T00:41:56.823+0000][7][gc          ] GC(552) Pause Young (Normal) (G1 Evacuation Pause) 721M->111M(1024M) 2.325ms
[2024-02-28T00:41:56.823+0000][7][gc,cpu      ] GC(552) User=0.01s Sys=0.00s Real=0.00s
[2024-02-28T00:41:56.823+0000][7][safepoint   ] Safepoint "G1CollectForAllocation", Time since last: 128760285293 ns, Reaching safepoint: 44159 ns, At safepoint: 2414828 ns, Total: 2458987 ns
[2024-02-28T00:43:59.816+0000][7][gc,start    ] GC(553) Pause Young (Normal) (G1 Evacuation Pause)
[2024-02-28T00:43:59.816+0000][7][gc,task     ] GC(553) Using 8 workers of 8 for evacuation
[2024-02-28T00:43:59.816+0000][7][gc,age      ] GC(553) Desired survivor size 41943040 bytes, new threshold 15 (max threshold 15)
[2024-02-28T00:43:59.818+0000][7][gc,phases   ] GC(553)   Pre Evacuate Collection Set: 0.1ms
[2024-02-28T00:43:59.818+0000][7][gc,phases   ] GC(553)   Merge Heap Roots: 0.1ms
[2024-02-28T00:43:59.818+0000][7][gc,phases   ] GC(553)   Evacuate Collection Set: 0.9ms
[2024-02-28T00:43:59.818+0000][7][gc,phases   ] GC(553)   Post Evacuate Collection Set: 0.7ms
[2024-02-28T00:43:59.818+0000][7][gc,phases   ] GC(553)   Other: 0.1ms
[2024-02-28T00:43:59.818+0000][7][gc,age      ] GC(553) Age table with threshold 15 (max threshold 15)
[2024-02-28T00:43:59.818+0000][7][gc,age      ] GC(553) - age   1:     528248 bytes,     528248 total
[2024-02-28T00:43:59.818+0000][7][gc,age      ] GC(553) - age   2:       5872 bytes,     534120 total
[2024-02-28T00:43:59.818+0000][7][gc,age      ] GC(553) - age   3:        824 bytes,     534944 total
[2024-02-28T00:43:59.818+0000][7][gc,age      ] GC(553) - age   4:        672 bytes,     535616 total
[2024-02-28T00:43:59.818+0000][7][gc,age      ] GC(553) - age   5:        808 bytes,     536424 total
[2024-02-28T00:43:59.818+0000][7][gc,age      ] GC(553) - age   6:        248 bytes,     536672 total
[2024-02-28T00:43:59.818+0000][7][gc,age      ] GC(553) - age   7:        456 bytes,     537128 total
[2024-02-28T00:43:59.818+0000][7][gc,age      ] GC(553) - age   8:        280 bytes,     537408 total
[2024-02-28T00:43:59.818+0000][7][gc,age      ] GC(553) - age   9:        416 bytes,     537824 total
[2024-02-28T00:43:59.818+0000][7][gc,age      ] GC(553) - age  13:     132248 bytes,     670072 total
[2024-02-28T00:43:59.818+0000][7][gc,age      ] GC(553) - age  15:         16 bytes,     670088 total
[2024-02-28T00:43:59.818+0000][7][gc,heap     ] GC(553) Eden regions: 152->0(152)
[2024-02-28T00:43:59.818+0000][7][gc,heap     ] GC(553) Survivor regions: 1->1(20)
[2024-02-28T00:43:59.818+0000][7][gc,heap     ] GC(553) Old regions: 27->27
[2024-02-28T00:43:59.818+0000][7][gc,heap     ] GC(553) Archive regions: 2->2
[2024-02-28T00:43:59.818+0000][7][gc,heap     ] GC(553) Humongous regions: 0->0
[2024-02-28T00:43:59.818+0000][7][gc,metaspace] GC(553) Metaspace: 129413K(133056K)->129413K(133056K) NonClass: 112514K(114432K)->112514K(114432K) Class: 16898K(18624K)->16898K(18624K)
[2024-02-28T00:43:59.818+0000][7][gc          ] GC(553) Pause Young (Normal) (G1 Evacuation Pause) 719M->111M(1024M) 2.199ms
[2024-02-28T00:43:59.818+0000][7][gc,cpu      ] GC(553) User=0.01s Sys=0.00s Real=0.00s
[2024-02-28T00:43:59.818+0000][7][safepoint   ] Safepoint "G1CollectForAllocation", Time since last: 122992971754 ns, Reaching safepoint: 42253 ns, At safepoint: 2292661 ns, Total: 2334914 ns
[2024-02-28T00:45:59.896+0000][7][gc,start    ] GC(554) Pause Young (Normal) (G1 Evacuation Pause)
[2024-02-28T00:45:59.896+0000][7][gc,task     ] GC(554) Using 8 workers of 8 for evacuation
[2024-02-28T00:45:59.896+0000][7][gc,age      ] GC(554) Desired survivor size 41943040 bytes, new threshold 15 (max threshold 15)
[2024-02-28T00:45:59.898+0000][7][gc,phases   ] GC(554)   Pre Evacuate Collection Set: 0.1ms
[2024-02-28T00:45:59.898+0000][7][gc,phases   ] GC(554)   Merge Heap Roots: 0.1ms
[2024-02-28T00:45:59.898+0000][7][gc,phases   ] GC(554)   Evacuate Collection Set: 0.9ms
[2024-02-28T00:45:59.898+0000][7][gc,phases   ] GC(554)   Post Evacuate Collection Set: 0.6ms
[2024-02-28T00:45:59.898+0000][7][gc,phases   ] GC(554)   Other: 0.1ms
[2024-02-28T00:45:59.898+0000][7][gc,age      ] GC(554) Age table with threshold 15 (max threshold 15)
[2024-02-28T00:45:59.898+0000][7][gc,age      ] GC(554) - age   1:     789456 bytes,     789456 total
[2024-02-28T00:45:59.898+0000][7][gc,age      ] GC(554) - age   2:       3264 bytes,     792720 total
[2024-02-28T00:45:59.898+0000][7][gc,age      ] GC(554) - age   3:       4312 bytes,     797032 total
[2024-02-28T00:45:59.898+0000][7][gc,age      ] GC(554) - age   4:        568 bytes,     797600 total
[2024-02-28T00:45:59.898+0000][7][gc,age      ] GC(554) - age   5:        248 bytes,     797848 total
[2024-02-28T00:45:59.898+0000][7][gc,age      ] GC(554) - age   6:         32 bytes,     797880 total
[2024-02-28T00:45:59.898+0000][7][gc,age      ] GC(554) - age   7:        184 bytes,     798064 total
[2024-02-28T00:45:59.898+0000][7][gc,age      ] GC(554) - age   9:        280 bytes,     798344 total
[2024-02-28T00:45:59.898+0000][7][gc,age      ] GC(554) - age  14:     132064 bytes,     930408 total
[2024-02-28T00:45:59.898+0000][7][gc,heap     ] GC(554) Eden regions: 152->0(152)
[2024-02-28T00:45:59.898+0000][7][gc,heap     ] GC(554) Survivor regions: 1->1(20)
[2024-02-28T00:45:59.898+0000][7][gc,heap     ] GC(554) Old regions: 27->27
[2024-02-28T00:45:59.898+0000][7][gc,heap     ] GC(554) Archive regions: 2->2
[2024-02-28T00:45:59.898+0000][7][gc,heap     ] GC(554) Humongous regions: 0->0
[2024-02-28T00:45:59.898+0000][7][gc,metaspace] GC(554) Metaspace: 129413K(133056K)->129413K(133056K) NonClass: 112514K(114432K)->112514K(114432K) Class: 16898K(18624K)->16898K(18624K)
[2024-02-28T00:45:59.898+0000][7][gc          ] GC(554) Pause Young (Normal) (G1 Evacuation Pause) 719M->111M(1024M) 2.091ms
[2024-02-28T00:45:59.898+0000][7][gc,cpu      ] GC(554) User=0.01s Sys=0.00s Real=0.00s
